[0.008s][info][gc] Using Parallel
[0.013s][info][gc,init] Version: 17.0.12+7-adhoc..jdk17u (release)
[0.013s][info][gc,init] CPUs: 6 total, 6 available
[0.013s][info][gc,init] Memory: 15591M
[0.013s][info][gc,init] Large Page Support: Disabled
[0.013s][info][gc,init] NUMA Support: Disabled
[0.013s][info][gc,init] Compressed Oops: Enabled (32-bit)
[0.013s][info][gc,init] Alignments: Space 512K, Generation 512K, Heap 2M
[0.013s][info][gc,init] Heap Min Capacity: 2G
[0.013s][info][gc,init] Heap Initial Capacity: 2G
[0.013s][info][gc,init] Heap Max Capacity: 2G
[0.013s][info][gc,init] Pre-touch: Disabled
[0.013s][info][gc,init] Parallel Workers: 6
[0.021s][info][gc,metaspace] CDS archive(s) mapped at: [0x000001cf57000000-0x000001cf57bc0000-0x000001cf57bc0000), size 12320768, SharedBaseAddress: 0x000001cf57000000, ArchiveRelocationMode: 1.
[0.021s][info][gc,metaspace] Compressed class space mapped at: 0x000001cf58000000-0x000001cf98000000, reserved size: 1073741824
[0.021s][info][gc,metaspace] Narrow klass base: 0x000001cf57000000, Narrow klass shift: 0, Narrow klass range: 0x100000000
[1.601s][info][gc,start    ] GC(0) Pause Young (Metadata GC Threshold)
[1.609s][info][gc,heap     ] GC(0) PSYoungGen: 389273K(611840K)->10788K(611840K) Eden: 389273K(524800K)->0K(524800K) From: 0K(87040K)->10788K(87040K)
[1.609s][info][gc,heap     ] GC(0) ParOldGen: 0K(1398272K)->32K(1398272K)
[1.609s][info][gc,metaspace] GC(0) Metaspace: 21260K(21504K)->21260K(21504K) NonClass: 18578K(18688K)->18578K(18688K) Class: 2681K(2816K)->2681K(2816K)
[1.609s][info][gc          ] GC(0) Pause Young (Metadata GC Threshold) 380M->10M(1963M) 8.091ms
[1.609s][info][gc,cpu      ] GC(0) User=0.05s Sys=0.05s Real=0.02s
[1.609s][info][gc,start    ] GC(1) Pause Full (Metadata GC Threshold)
[1.609s][info][gc,phases,start] GC(1) Marking Phase
[1.615s][info][gc,phases      ] GC(1) Marking Phase 5.702ms
[1.615s][info][gc,phases,start] GC(1) Summary Phase
[1.615s][info][gc,phases      ] GC(1) Summary Phase 0.024ms
[1.615s][info][gc,phases,start] GC(1) Adjust Roots
[1.618s][info][gc,phases      ] GC(1) Adjust Roots 2.907ms
[1.618s][info][gc,phases,start] GC(1) Compaction Phase
[1.624s][info][gc,phases      ] GC(1) Compaction Phase 5.763ms
[1.624s][info][gc,phases,start] GC(1) Post Compact
[1.625s][info][gc,phases      ] GC(1) Post Compact 0.803ms
[1.625s][info][gc,heap        ] GC(1) PSYoungGen: 10788K(611840K)->0K(611840K) Eden: 0K(524800K)->0K(524800K) From: 10788K(87040K)->0K(87040K)
[1.625s][info][gc,heap        ] GC(1) ParOldGen: 32K(1398272K)->10645K(1398272K)
[1.625s][info][gc,metaspace   ] GC(1) Metaspace: 21260K(21504K)->21260K(21504K) NonClass: 18578K(18688K)->18578K(18688K) Class: 2681K(2816K)->2681K(2816K)
[1.625s][info][gc             ] GC(1) Pause Full (Metadata GC Threshold) 10M->10M(1963M) 15.460ms
[1.625s][info][gc,cpu         ] GC(1) User=0.09s Sys=0.00s Real=0.01s
[3.494s][info][gc,start       ] GC(2) Pause Young (Metadata GC Threshold)
[3.504s][info][gc,heap        ] GC(2) PSYoungGen: 332553K(611840K)->8856K(611840K) Eden: 332553K(524800K)->0K(524800K) From: 0K(87040K)->8856K(87040K)
[3.504s][info][gc,heap        ] GC(2) ParOldGen: 10645K(1398272K)->10653K(1398272K)
[3.504s][info][gc,metaspace   ] GC(2) Metaspace: 35473K(35840K)->35473K(35840K) NonClass: 30811K(30976K)->30811K(30976K) Class: 4662K(4864K)->4662K(4864K)
[3.504s][info][gc             ] GC(2) Pause Young (Metadata GC Threshold) 335M->19M(1963M) 10.094ms
[3.504s][info][gc,cpu         ] GC(2) User=0.09s Sys=0.00s Real=0.01s
[3.504s][info][gc,start       ] GC(3) Pause Full (Metadata GC Threshold)
[3.504s][info][gc,phases,start] GC(3) Marking Phase
[3.515s][info][gc,phases      ] GC(3) Marking Phase 11.540ms
[3.515s][info][gc,phases,start] GC(3) Summary Phase
[3.515s][info][gc,phases      ] GC(3) Summary Phase 0.012ms
[3.515s][info][gc,phases,start] GC(3) Adjust Roots
[3.521s][info][gc,phases      ] GC(3) Adjust Roots 5.054ms
[3.521s][info][gc,phases,start] GC(3) Compaction Phase
[3.534s][info][gc,phases      ] GC(3) Compaction Phase 13.491ms
[3.534s][info][gc,phases,start] GC(3) Post Compact
[3.535s][info][gc,phases      ] GC(3) Post Compact 0.849ms
[3.535s][info][gc,heap        ] GC(3) PSYoungGen: 8856K(611840K)->0K(611840K) Eden: 0K(524800K)->0K(524800K) From: 8856K(87040K)->0K(87040K)
[3.535s][info][gc,heap        ] GC(3) ParOldGen: 10653K(1398272K)->17964K(1398272K)
[3.535s][info][gc,metaspace   ] GC(3) Metaspace: 35473K(35840K)->35473K(35840K) NonClass: 30811K(30976K)->30811K(30976K) Class: 4662K(4864K)->4662K(4864K)
[3.535s][info][gc             ] GC(3) Pause Full (Metadata GC Threshold) 19M->17M(1963M) 31.348ms
[3.535s][info][gc,cpu         ] GC(3) User=0.11s Sys=0.03s Real=0.03s
[5.192s][info][gc,start       ] GC(4) Pause Young (Allocation Failure)
[5.204s][info][gc,heap        ] GC(4) PSYoungGen: 524800K(611840K)->21129K(611840K) Eden: 524800K(524800K)->0K(524800K) From: 0K(87040K)->21129K(87040K)
[5.204s][info][gc,heap        ] GC(4) ParOldGen: 17964K(1398272K)->17980K(1398272K)
[5.204s][info][gc,metaspace   ] GC(4) Metaspace: 43028K(43456K)->43028K(43456K) NonClass: 37505K(37696K)->37505K(37696K) Class: 5523K(5760K)->5523K(5760K)
[5.204s][info][gc             ] GC(4) Pause Young (Allocation Failure) 530M->38M(1963M) 12.395ms
[5.204s][info][gc,cpu         ] GC(4) User=0.09s Sys=0.00s Real=0.02s
[6.555s][info][gc,start       ] GC(5) Pause Young (Metadata GC Threshold)
[6.563s][info][gc,heap        ] GC(5) PSYoungGen: 286778K(611840K)->16884K(611840K) Eden: 265648K(524800K)->0K(524800K) From: 21129K(87040K)->16884K(87040K)
[6.563s][info][gc,heap        ] GC(5) ParOldGen: 17980K(1398272K)->17988K(1398272K)
[6.563s][info][gc,metaspace   ] GC(5) Metaspace: 59350K(59776K)->59350K(59776K) NonClass: 51299K(51520K)->51299K(51520K) Class: 8051K(8256K)->8051K(8256K)
[6.563s][info][gc             ] GC(5) Pause Young (Metadata GC Threshold) 297M->34M(1963M) 7.777ms
[6.563s][info][gc,cpu         ] GC(5) User=0.08s Sys=0.02s Real=0.01s
[6.563s][info][gc,start       ] GC(6) Pause Full (Metadata GC Threshold)
[6.563s][info][gc,phases,start] GC(6) Marking Phase
[6.578s][info][gc,phases      ] GC(6) Marking Phase 15.222ms
[6.579s][info][gc,phases,start] GC(6) Summary Phase
[6.579s][info][gc,phases      ] GC(6) Summary Phase 0.012ms
[6.579s][info][gc,phases,start] GC(6) Adjust Roots
[6.585s][info][gc,phases      ] GC(6) Adjust Roots 6.278ms
[6.585s][info][gc,phases,start] GC(6) Compaction Phase
[6.604s][info][gc,phases      ] GC(6) Compaction Phase 19.231ms
[6.604s][info][gc,phases,start] GC(6) Post Compact
[6.605s][info][gc,phases      ] GC(6) Post Compact 0.934ms
[6.605s][info][gc,heap        ] GC(6) PSYoungGen: 16884K(611840K)->0K(611840K) Eden: 0K(524800K)->0K(524800K) From: 16884K(87040K)->0K(87040K)
[6.605s][info][gc,heap        ] GC(6) ParOldGen: 17988K(1398272K)->34000K(1398272K)
[6.605s][info][gc,metaspace   ] GC(6) Metaspace: 59350K(59776K)->59350K(59776K) NonClass: 51299K(51520K)->51299K(51520K) Class: 8051K(8256K)->8051K(8256K)
[6.605s][info][gc             ] GC(6) Pause Full (Metadata GC Threshold) 34M->33M(1963M) 41.947ms
[6.605s][info][gc,cpu         ] GC(6) User=0.09s Sys=0.02s Real=0.04s
[7.978s][info][gc,start       ] GC(7) Pause Young (System.gc())
[7.982s][info][gc,heap        ] GC(7) PSYoungGen: 403982K(611840K)->6423K(611840K) Eden: 403982K(524800K)->0K(524800K) From: 0K(87040K)->6423K(87040K)
[7.982s][info][gc,heap        ] GC(7) ParOldGen: 34000K(1398272K)->34008K(1398272K)
[7.982s][info][gc,metaspace   ] GC(7) Metaspace: 67034K(67456K)->67034K(67456K) NonClass: 57949K(58176K)->57949K(58176K) Class: 9085K(9280K)->9085K(9280K)
[7.982s][info][gc             ] GC(7) Pause Young (System.gc()) 427M->39M(1963M) 4.746ms
[7.982s][info][gc,cpu         ] GC(7) User=0.09s Sys=0.00s Real=0.01s
[7.982s][info][gc,start       ] GC(8) Pause Full (System.gc())
[7.982s][info][gc,phases,start] GC(8) Marking Phase
[7.999s][info][gc,phases      ] GC(8) Marking Phase 16.704ms
[7.999s][info][gc,phases,start] GC(8) Summary Phase
[7.999s][info][gc,phases      ] GC(8) Summary Phase 0.011ms
[7.999s][info][gc,phases,start] GC(8) Adjust Roots
[8.007s][info][gc,phases      ] GC(8) Adjust Roots 7.401ms
[8.007s][info][gc,phases,start] GC(8) Compaction Phase
[8.029s][info][gc,phases      ] GC(8) Compaction Phase 21.878ms
[8.029s][info][gc,phases,start] GC(8) Post Compact
[8.029s][info][gc,phases      ] GC(8) Post Compact 0.621ms
[8.029s][info][gc,heap        ] GC(8) PSYoungGen: 6423K(611840K)->0K(611840K) Eden: 0K(524800K)->0K(524800K) From: 6423K(87040K)->0K(87040K)
[8.029s][info][gc,heap        ] GC(8) ParOldGen: 34008K(1398272K)->38203K(1398272K)
[8.029s][info][gc,metaspace   ] GC(8) Metaspace: 67034K(67456K)->67034K(67456K) NonClass: 57949K(58176K)->57949K(58176K) Class: 9085K(9280K)->9085K(9280K)
[8.029s][info][gc             ] GC(8) Pause Full (System.gc()) 39M->37M(1963M) 46.904ms
[8.029s][info][gc,cpu         ] GC(8) User=0.11s Sys=0.00s Real=0.04s
[9.468s][info][gc,start       ] GC(9) Pause Young (Allocation Failure)
[9.474s][info][gc,heap        ] GC(9) PSYoungGen: 524800K(611840K)->6248K(675328K) Eden: 524800K(524800K)->0K(588288K) From: 0K(87040K)->6248K(87040K)
[9.474s][info][gc,heap        ] GC(9) ParOldGen: 38203K(1398272K)->38227K(1398272K)
[9.474s][info][gc,metaspace   ] GC(9) Metaspace: 77759K(78336K)->77759K(78336K) NonClass: 67524K(67840K)->67524K(67840K) Class: 10234K(10496K)->10234K(10496K)
[9.474s][info][gc             ] GC(9) Pause Young (Allocation Failure) 549M->43M(2025M) 5.679ms
[9.474s][info][gc,cpu         ] GC(9) User=0.00s Sys=0.00s Real=0.01s
[10.643s][info][gc,start       ] GC(10) Pause Young (Allocation Failure)
[10.647s][info][gc,heap        ] GC(10) PSYoungGen: 594536K(675328K)->6281K(611840K) Eden: 588288K(588288K)->0K(588288K) From: 6248K(87040K)->6281K(23552K)
[10.647s][info][gc,heap        ] GC(10) ParOldGen: 38227K(1398272K)->38235K(1398272K)
[10.647s][info][gc,metaspace   ] GC(10) Metaspace: 79484K(80064K)->79484K(80064K) NonClass: 69247K(69568K)->69247K(69568K) Class: 10237K(10496K)->10237K(10496K)
[10.647s][info][gc             ] GC(10) Pause Young (Allocation Failure) 617M->43M(1963M) 4.415ms
[10.647s][info][gc,cpu         ] GC(10) User=0.00s Sys=0.00s Real=0.00s
[11.855s][info][gc,start       ] GC(11) Pause Young (Allocation Failure)
[11.859s][info][gc,heap        ] GC(11) PSYoungGen: 594569K(611840K)->6481K(676352K) Eden: 588288K(588288K)->0K(653312K) From: 6281K(23552K)->6481K(23040K)
[11.859s][info][gc,heap        ] GC(11) ParOldGen: 38235K(1398272K)->38243K(1398272K)
[11.859s][info][gc,metaspace   ] GC(11) Metaspace: 80220K(80896K)->80220K(80896K) NonClass: 69978K(70336K)->69978K(70336K) Class: 10242K(10560K)->10242K(10560K)
[11.859s][info][gc             ] GC(11) Pause Young (Allocation Failure) 617M->43M(2026M) 4.557ms
[11.859s][info][gc,cpu         ] GC(11) User=0.09s Sys=0.00s Real=0.01s
[13.337s][info][gc,start       ] GC(12) Pause Young (Allocation Failure)
[13.342s][info][gc,heap        ] GC(12) PSYoungGen: 659793K(676352K)->6625K(675840K) Eden: 653312K(653312K)->0K(653312K) From: 6481K(23040K)->6625K(22528K)
[13.343s][info][gc,heap        ] GC(12) ParOldGen: 38243K(1398272K)->38259K(1398272K)
[13.343s][info][gc,metaspace   ] GC(12) Metaspace: 80557K(81216K)->80557K(81216K) NonClass: 70313K(70656K)->70313K(70656K) Class: 10244K(10560K)->10244K(10560K)
[13.343s][info][gc             ] GC(12) Pause Young (Allocation Failure) 681M->43M(2025M) 5.829ms
[13.343s][info][gc,cpu         ] GC(12) User=0.08s Sys=0.00s Real=0.01s
[14.712s][info][gc,start       ] GC(13) Pause Young (Allocation Failure)
[14.716s][info][gc,heap        ] GC(13) PSYoungGen: 659937K(675840K)->971K(676864K) Eden: 653312K(653312K)->0K(654848K) From: 6625K(22528K)->971K(22016K)
[14.717s][info][gc,heap        ] GC(13) ParOldGen: 38259K(1398272K)->44159K(1398272K)
[14.717s][info][gc,metaspace   ] GC(13) Metaspace: 80744K(81408K)->80744K(81408K) NonClass: 70497K(70848K)->70497K(70848K) Class: 10247K(10560K)->10247K(10560K)
[14.717s][info][gc             ] GC(13) Pause Young (Allocation Failure) 681M->44M(2026M) 4.839ms
[14.717s][info][gc,cpu         ] GC(13) User=0.09s Sys=0.00s Real=0.00s
[15.986s][info][gc,start       ] GC(14) Pause Young (Allocation Failure)
[15.988s][info][gc,heap        ] GC(14) PSYoungGen: 655819K(676864K)->512K(655872K) Eden: 654848K(654848K)->0K(654848K) From: 971K(22016K)->512K(1024K)
[15.988s][info][gc,heap        ] GC(14) ParOldGen: 44159K(1398272K)->44431K(1398272K)
[15.988s][info][gc,metaspace   ] GC(14) Metaspace: 80955K(81600K)->80955K(81600K) NonClass: 70706K(71040K)->70706K(71040K) Class: 10248K(10560K)->10248K(10560K)
[15.988s][info][gc             ] GC(14) Pause Young (Allocation Failure) 683M->43M(2006M) 1.313ms
[15.988s][info][gc,cpu         ] GC(14) User=0.00s Sys=0.00s Real=0.00s
[17.568s][info][gc,start       ] GC(15) Pause Young (Allocation Failure)
[17.569s][info][gc,heap        ] GC(15) PSYoungGen: 655360K(655872K)->352K(676352K) Eden: 654848K(654848K)->0K(653824K) From: 512K(1024K)->352K(22528K)
[17.569s][info][gc,heap        ] GC(15) ParOldGen: 44431K(1398272K)->44763K(1398272K)
[17.569s][info][gc,metaspace   ] GC(15) Metaspace: 81030K(81664K)->81030K(81664K) NonClass: 70781K(71104K)->70781K(71104K) Class: 10249K(10560K)->10249K(10560K)
[17.569s][info][gc             ] GC(15) Pause Young (Allocation Failure) 683M->44M(2026M) 1.013ms
[17.569s][info][gc,cpu         ] GC(15) User=0.00s Sys=0.00s Real=0.00s
[18.934s][info][gc,start       ] GC(16) Pause Young (Allocation Failure)
[18.935s][info][gc,heap        ] GC(16) PSYoungGen: 654176K(676352K)->416K(676352K) Eden: 653824K(653824K)->0K(653824K) From: 352K(22528K)->416K(22528K)
[18.935s][info][gc,heap        ] GC(16) ParOldGen: 44763K(1398272K)->44867K(1398272K)
[18.935s][info][gc,metaspace   ] GC(16) Metaspace: 81128K(81792K)->81128K(81792K) NonClass: 70878K(71232K)->70878K(71232K) Class: 10250K(10560K)->10250K(10560K)
[18.935s][info][gc             ] GC(16) Pause Young (Allocation Failure) 682M->44M(2026M) 1.203ms
[18.935s][info][gc,cpu         ] GC(16) User=0.09s Sys=0.00s Real=0.00s
[20.088s][info][gc,start       ] GC(17) Pause Young (Allocation Failure)
[20.089s][info][gc,heap        ] GC(17) PSYoungGen: 654240K(676352K)->352K(677376K) Eden: 653824K(653824K)->0K(655360K) From: 416K(22528K)->352K(22016K)
[20.089s][info][gc,heap        ] GC(17) ParOldGen: 44867K(1398272K)->44963K(1398272K)
[20.089s][info][gc,metaspace   ] GC(17) Metaspace: 81180K(81856K)->81180K(81856K) NonClass: 70929K(71296K)->70929K(71296K) Class: 10250K(10560K)->10250K(10560K)
[20.089s][info][gc             ] GC(17) Pause Young (Allocation Failure) 682M->44M(2027M) 1.224ms
[20.089s][info][gc,cpu         ] GC(17) User=0.00s Sys=0.00s Real=0.00s
[21.333s][info][gc,start       ] GC(18) Pause Young (Allocation Failure)
[21.334s][info][gc,heap        ] GC(18) PSYoungGen: 655712K(677376K)->384K(676864K) Eden: 655360K(655360K)->0K(655360K) From: 352K(22016K)->384K(21504K)
[21.334s][info][gc,heap        ] GC(18) ParOldGen: 44963K(1398272K)->45095K(1398272K)
[21.334s][info][gc,metaspace   ] GC(18) Metaspace: 81227K(81856K)->81227K(81856K) NonClass: 70976K(71296K)->70976K(71296K) Class: 10251K(10560K)->10251K(10560K)
[21.334s][info][gc             ] GC(18) Pause Young (Allocation Failure) 684M->44M(2026M) 1.352ms
[21.334s][info][gc,cpu         ] GC(18) User=0.00s Sys=0.00s Real=0.00s
[22.675s][info][gc,start       ] GC(19) Pause Young (Allocation Failure)
[22.676s][info][gc,heap        ] GC(19) PSYoungGen: 655744K(676864K)->288K(678400K) Eden: 655360K(655360K)->0K(657408K) From: 384K(21504K)->288K(20992K)
[22.676s][info][gc,heap        ] GC(19) ParOldGen: 45095K(1398272K)->45199K(1398272K)
[22.676s][info][gc,metaspace   ] GC(19) Metaspace: 81300K(81920K)->81300K(81920K) NonClass: 71049K(71360K)->71049K(71360K) Class: 10251K(10560K)->10251K(10560K)
[22.676s][info][gc             ] GC(19) Pause Young (Allocation Failure) 684M->44M(2028M) 0.910ms
[22.676s][info][gc,cpu         ] GC(19) User=0.00s Sys=0.00s Real=0.00s
[24.171s][info][gc,start       ] GC(20) Pause Young (Allocation Failure)
[24.172s][info][gc,heap        ] GC(20) PSYoungGen: 657696K(678400K)->352K(677888K) Eden: 657408K(657408K)->0K(657408K) From: 288K(20992K)->352K(20480K)
[24.172s][info][gc,heap        ] GC(20) ParOldGen: 45199K(1398272K)->45279K(1398272K)
[24.172s][info][gc,metaspace   ] GC(20) Metaspace: 81329K(81984K)->81329K(81984K) NonClass: 71077K(71424K)->71077K(71424K) Class: 10251K(10560K)->10251K(10560K)
[24.172s][info][gc             ] GC(20) Pause Young (Allocation Failure) 686M->44M(2027M) 0.843ms
[24.172s][info][gc,cpu         ] GC(20) User=0.00s Sys=0.00s Real=0.00s
[25.588s][info][gc,start       ] GC(21) Pause Young (GCLocker Initiated GC)
[25.589s][info][gc,heap        ] GC(21) PSYoungGen: 657760K(677888K)->396K(679936K) Eden: 657408K(657408K)->0K(659968K) From: 352K(20480K)->396K(19968K)
[25.589s][info][gc,heap        ] GC(21) ParOldGen: 45482K(1398272K)->45610K(1398272K)
[25.589s][info][gc,metaspace   ] GC(21) Metaspace: 81361K(81984K)->81361K(81984K) NonClass: 71109K(71424K)->71109K(71424K) Class: 10251K(10560K)->10251K(10560K)
[25.589s][info][gc             ] GC(21) Pause Young (GCLocker Initiated GC) 686M->44M(2029M) 0.961ms
[25.589s][info][gc,cpu         ] GC(21) User=0.00s Sys=0.00s Real=0.00s
[27.132s][info][gc,start       ] GC(22) Pause Young (Allocation Failure)
[27.133s][info][gc,heap        ] GC(22) PSYoungGen: 660364K(679936K)->256K(678912K) Eden: 659968K(659968K)->0K(659968K) From: 396K(19968K)->256K(18944K)
[27.133s][info][gc,heap        ] GC(22) ParOldGen: 45612K(1398272K)->45684K(1398272K)
[27.133s][info][gc,metaspace   ] GC(22) Metaspace: 81496K(82112K)->81496K(82112K) NonClass: 71244K(71552K)->71244K(71552K) Class: 10252K(10560K)->10252K(10560K)
[27.133s][info][gc             ] GC(22) Pause Young (Allocation Failure) 689M->44M(2028M) 0.946ms
[27.133s][info][gc,cpu         ] GC(22) User=0.00s Sys=0.00s Real=0.00s
[28.654s][info][gc,start       ] GC(23) Pause Young (Allocation Failure)
[28.655s][info][gc,heap        ] GC(23) PSYoungGen: 660224K(678912K)->428K(681472K) Eden: 659968K(659968K)->0K(663040K) From: 256K(18944K)->428K(18432K)
[28.656s][info][gc,heap        ] GC(23) ParOldGen: 45684K(1398272K)->45748K(1398272K)
[28.656s][info][gc,metaspace   ] GC(23) Metaspace: 81520K(82176K)->81520K(82176K) NonClass: 71267K(71616K)->71267K(71616K) Class: 10252K(10560K)->10252K(10560K)
[28.656s][info][gc             ] GC(23) Pause Young (Allocation Failure) 689M->45M(2031M) 1.134ms
[28.656s][info][gc,cpu         ] GC(23) User=0.00s Sys=0.00s Real=0.00s
[30.189s][info][gc,start       ] GC(24) Pause Young (System.gc())
[30.189s][info][gc,heap        ] GC(24) PSYoungGen: 614625K(681472K)->192K(680448K) Eden: 614196K(663040K)->0K(663040K) From: 428K(18432K)->192K(17408K)
[30.189s][info][gc,heap        ] GC(24) ParOldGen: 45748K(1398272K)->45812K(1398272K)
[30.189s][info][gc,metaspace   ] GC(24) Metaspace: 81560K(82176K)->81560K(82176K) NonClass: 71306K(71616K)->71306K(71616K) Class: 10254K(10560K)->10254K(10560K)
[30.189s][info][gc             ] GC(24) Pause Young (System.gc()) 644M->44M(2030M) 0.728ms
[30.189s][info][gc,cpu         ] GC(24) User=0.00s Sys=0.00s Real=0.00s
[30.189s][info][gc,start       ] GC(25) Pause Full (System.gc())
[30.189s][info][gc,phases,start] GC(25) Marking Phase
[30.229s][info][gc,phases      ] GC(25) Marking Phase 40.109ms
[30.229s][info][gc,phases,start] GC(25) Summary Phase
[30.230s][info][gc,phases      ] GC(25) Summary Phase 0.011ms
[30.230s][info][gc,phases,start] GC(25) Adjust Roots
[30.244s][info][gc,phases      ] GC(25) Adjust Roots 14.497ms
[30.244s][info][gc,phases,start] GC(25) Compaction Phase
[30.267s][info][gc,phases      ] GC(25) Compaction Phase 23.212ms
[30.267s][info][gc,phases,start] GC(25) Post Compact
[30.268s][info][gc,phases      ] GC(25) Post Compact 0.640ms
[30.268s][info][gc,heap        ] GC(25) PSYoungGen: 192K(680448K)->0K(680448K) Eden: 0K(663040K)->0K(663040K) From: 192K(17408K)->0K(17408K)
[30.268s][info][gc,heap        ] GC(25) ParOldGen: 45812K(1398272K)->44354K(1398272K)
[30.268s][info][gc,metaspace   ] GC(25) Metaspace: 81560K(82176K)->81506K(82176K) NonClass: 71306K(71616K)->71265K(71616K) Class: 10254K(10560K)->10241K(10560K)
[30.268s][info][gc             ] GC(25) Pause Full (System.gc()) 44M->43M(2030M) 78.753ms
[30.268s][info][gc,cpu         ] GC(25) User=0.38s Sys=0.02s Real=0.08s
[31.695s][info][gc,start       ] GC(26) Pause Young (Allocation Failure)
[31.696s][info][gc,heap        ] GC(26) PSYoungGen: 663040K(680448K)->416K(683008K) Eden: 663040K(663040K)->0K(666624K) From: 0K(17408K)->416K(16384K)
[31.696s][info][gc,heap        ] GC(26) ParOldGen: 44354K(1398272K)->44362K(1398272K)
[31.696s][info][gc,metaspace   ] GC(26) Metaspace: 81511K(82176K)->81511K(82176K) NonClass: 71269K(71616K)->71269K(71616K) Class: 10241K(10560K)->10241K(10560K)
[31.696s][info][gc             ] GC(26) Pause Young (Allocation Failure) 690M->43M(2032M) 1.222ms
[31.696s][info][gc,cpu         ] GC(26) User=0.00s Sys=0.00s Real=0.00s
[33.222s][info][gc,start       ] GC(27) Pause Young (Allocation Failure)
[33.223s][info][gc,heap        ] GC(27) PSYoungGen: 667040K(683008K)->288K(682496K) Eden: 666624K(666624K)->0K(666624K) From: 416K(16384K)->288K(15872K)
[33.223s][info][gc,heap        ] GC(27) ParOldGen: 44362K(1398272K)->44514K(1398272K)
[33.223s][info][gc,metaspace   ] GC(27) Metaspace: 81516K(82176K)->81516K(82176K) NonClass: 71273K(71616K)->71273K(71616K) Class: 10243K(10560K)->10243K(10560K)
[33.223s][info][gc             ] GC(27) Pause Young (Allocation Failure) 694M->43M(2032M) 0.981ms
[33.223s][info][gc,cpu         ] GC(27) User=0.00s Sys=0.00s Real=0.00s
[34.703s][info][gc,start       ] GC(28) Pause Young (Allocation Failure)
[34.704s][info][gc,heap        ] GC(28) PSYoungGen: 666912K(682496K)->256K(685056K) Eden: 666624K(666624K)->0K(670208K) From: 288K(15872K)->256K(14848K)
[34.704s][info][gc,heap        ] GC(28) ParOldGen: 44514K(1398272K)->44594K(1398272K)
[34.704s][info][gc,metaspace   ] GC(28) Metaspace: 81516K(82176K)->81516K(82176K) NonClass: 71273K(71616K)->71273K(71616K) Class: 10243K(10560K)->10243K(10560K)
[34.704s][info][gc             ] GC(28) Pause Young (Allocation Failure) 694M->43M(2034M) 1.050ms
[34.704s][info][gc,cpu         ] GC(28) User=0.00s Sys=0.00s Real=0.00s
[36.209s][info][gc,start       ] GC(29) Pause Young (Allocation Failure)
[36.210s][info][gc,heap        ] GC(29) PSYoungGen: 670464K(685056K)->491K(684032K) Eden: 670208K(670208K)->0K(670208K) From: 256K(14848K)->491K(13824K)
[36.210s][info][gc,heap        ] GC(29) ParOldGen: 44594K(1398272K)->44722K(1398272K)
[36.210s][info][gc,metaspace   ] GC(29) Metaspace: 81518K(82176K)->81518K(82176K) NonClass: 71275K(71616K)->71275K(71616K) Class: 10243K(10560K)->10243K(10560K)
[36.210s][info][gc             ] GC(29) Pause Young (Allocation Failure) 698M->44M(2033M) 1.139ms
[36.210s][info][gc,cpu         ] GC(29) User=0.00s Sys=0.00s Real=0.00s
[37.795s][info][gc,start       ] GC(30) Pause Young (Allocation Failure)
[37.797s][info][gc,heap        ] GC(30) PSYoungGen: 670699K(684032K)->288K(686592K) Eden: 670208K(670208K)->0K(673280K) From: 491K(13824K)->288K(13312K)
[37.797s][info][gc,heap        ] GC(30) ParOldGen: 44722K(1398272K)->44794K(1398272K)
[37.797s][info][gc,metaspace   ] GC(30) Metaspace: 81552K(82176K)->81552K(82176K) NonClass: 71308K(71616K)->71308K(71616K) Class: 10244K(10560K)->10244K(10560K)
[37.797s][info][gc             ] GC(30) Pause Young (Allocation Failure) 698M->44M(2036M) 1.490ms
[37.797s][info][gc,cpu         ] GC(30) User=0.00s Sys=0.00s Real=0.00s
[39.402s][info][gc,start       ] GC(31) Pause Young (Allocation Failure)
[39.402s][info][gc,heap        ] GC(31) PSYoungGen: 673568K(686592K)->288K(685568K) Eden: 673280K(673280K)->0K(673280K) From: 288K(13312K)->288K(12288K)
[39.402s][info][gc,heap        ] GC(31) ParOldGen: 44794K(1398272K)->44858K(1398272K)
[39.403s][info][gc,metaspace   ] GC(31) Metaspace: 81555K(82176K)->81555K(82176K) NonClass: 71311K(71616K)->71311K(71616K) Class: 10244K(10560K)->10244K(10560K)
[39.403s][info][gc             ] GC(31) Pause Young (Allocation Failure) 701M->44M(2035M) 0.960ms
[39.403s][info][gc,cpu         ] GC(31) User=0.00s Sys=0.00s Real=0.01s
[40.870s][info][gc,start       ] GC(32) Pause Young (Allocation Failure)
[40.871s][info][gc,heap        ] GC(32) PSYoungGen: 673568K(685568K)->587K(688128K) Eden: 673280K(673280K)->0K(676352K) From: 288K(12288K)->587K(11776K)
[40.871s][info][gc,heap        ] GC(32) ParOldGen: 44858K(1398272K)->44938K(1398272K)
[40.871s][info][gc,metaspace   ] GC(32) Metaspace: 81562K(82176K)->81562K(82176K) NonClass: 71316K(71616K)->71316K(71616K) Class: 10245K(10560K)->10245K(10560K)
[40.871s][info][gc             ] GC(32) Pause Young (Allocation Failure) 701M->44M(2037M) 0.915ms
[40.871s][info][gc,cpu         ] GC(32) User=0.00s Sys=0.00s Real=0.00s
[42.204s][info][gc,start       ] GC(33) Pause Young (Allocation Failure)
[42.205s][info][gc,heap        ] GC(33) PSYoungGen: 676939K(688128K)->320K(687104K) Eden: 676352K(676352K)->0K(676352K) From: 587K(11776K)->320K(10752K)
[42.205s][info][gc,heap        ] GC(33) ParOldGen: 44938K(1398272K)->45026K(1398272K)
[42.205s][info][gc,metaspace   ] GC(33) Metaspace: 81579K(82176K)->81579K(82176K) NonClass: 71333K(71616K)->71333K(71616K) Class: 10245K(10560K)->10245K(10560K)
[42.205s][info][gc             ] GC(33) Pause Young (Allocation Failure) 704M->44M(2036M) 0.900ms
[42.205s][info][gc,cpu         ] GC(33) User=0.00s Sys=0.00s Real=0.00s
[43.521s][info][gc,start       ] GC(34) Pause Young (Allocation Failure)
[43.521s][info][gc,heap        ] GC(34) PSYoungGen: 676672K(687104K)->384K(689152K) Eden: 676352K(676352K)->0K(678912K) From: 320K(10752K)->384K(10240K)
[43.522s][info][gc,heap        ] GC(34) ParOldGen: 45026K(1398272K)->45090K(1398272K)
[43.522s][info][gc,metaspace   ] GC(34) Metaspace: 81594K(82176K)->81594K(82176K) NonClass: 71348K(71616K)->71348K(71616K) Class: 10246K(10560K)->10246K(10560K)
[43.522s][info][gc             ] GC(34) Pause Young (Allocation Failure) 704M->44M(2038M) 0.765ms
[43.522s][info][gc,cpu         ] GC(34) User=0.00s Sys=0.00s Real=0.00s
[44.972s][info][gc,start       ] GC(35) Pause Young (Allocation Failure)
[44.973s][info][gc,heap        ] GC(35) PSYoungGen: 679296K(689152K)->256K(688640K) Eden: 678912K(678912K)->0K(678912K) From: 384K(10240K)->256K(9728K)
[44.973s][info][gc,heap        ] GC(35) ParOldGen: 45090K(1398272K)->45218K(1398272K)
[44.973s][info][gc,metaspace   ] GC(35) Metaspace: 81638K(82304K)->81638K(82304K) NonClass: 71391K(71744K)->71391K(71744K) Class: 10246K(10560K)->10246K(10560K)
[44.973s][info][gc             ] GC(35) Pause Young (Allocation Failure) 707M->44M(2038M) 1.375ms
[44.973s][info][gc,cpu         ] GC(35) User=0.00s Sys=0.00s Real=0.00s
[46.535s][info][gc,start       ] GC(36) Pause Young (Allocation Failure)
[46.536s][info][gc,heap        ] GC(36) PSYoungGen: 679168K(688640K)->288K(690176K) Eden: 678912K(678912K)->0K(680960K) From: 256K(9728K)->288K(9216K)
[46.536s][info][gc,heap        ] GC(36) ParOldGen: 45218K(1398272K)->45282K(1398272K)
[46.536s][info][gc,metaspace   ] GC(36) Metaspace: 81690K(82304K)->81690K(82304K) NonClass: 71443K(71744K)->71443K(71744K) Class: 10246K(10560K)->10246K(10560K)
[46.536s][info][gc             ] GC(36) Pause Young (Allocation Failure) 707M->44M(2039M) 1.008ms
[46.536s][info][gc,cpu         ] GC(36) User=0.00s Sys=0.00s Real=0.00s
[48.076s][info][gc,start       ] GC(37) Pause Young (Allocation Failure)
[48.077s][info][gc,heap        ] GC(37) PSYoungGen: 681248K(690176K)->320K(689664K) Eden: 680960K(680960K)->0K(680960K) From: 288K(9216K)->320K(8704K)
[48.077s][info][gc,heap        ] GC(37) ParOldGen: 45282K(1398272K)->45362K(1398272K)
[48.077s][info][gc,metaspace   ] GC(37) Metaspace: 81694K(82304K)->81694K(82304K) NonClass: 71447K(71744K)->71447K(71744K) Class: 10246K(10560K)->10246K(10560K)
[48.077s][info][gc             ] GC(37) Pause Young (Allocation Failure) 709M->44M(2039M) 1.126ms
[48.077s][info][gc,cpu         ] GC(37) User=0.00s Sys=0.00s Real=0.00s
[49.619s][info][gc,start       ] GC(38) Pause Young (Allocation Failure)
[49.619s][info][gc,heap        ] GC(38) PSYoungGen: 681280K(689664K)->364K(691712K) Eden: 680960K(680960K)->0K(684032K) From: 320K(8704K)->364K(7680K)
[49.619s][info][gc,heap        ] GC(38) ParOldGen: 45362K(1398272K)->45434K(1398272K)
[49.619s][info][gc,metaspace   ] GC(38) Metaspace: 81695K(82304K)->81695K(82304K) NonClass: 71449K(71744K)->71449K(71744K) Class: 10246K(10560K)->10246K(10560K)
[49.619s][info][gc             ] GC(38) Pause Young (Allocation Failure) 709M->44M(2041M) 0.748ms
[49.619s][info][gc,cpu         ] GC(38) User=0.00s Sys=0.00s Real=0.00s
[51.300s][info][gc,start       ] GC(39) Pause Young (Allocation Failure)
[51.301s][info][gc,heap        ] GC(39) PSYoungGen: 684396K(691712K)->224K(691200K) Eden: 684032K(684032K)->0K(684032K) From: 364K(7680K)->224K(7168K)
[51.301s][info][gc,heap        ] GC(39) ParOldGen: 45434K(1398272K)->45498K(1398272K)
[51.301s][info][gc,metaspace   ] GC(39) Metaspace: 81695K(82304K)->81695K(82304K) NonClass: 71449K(71744K)->71449K(71744K) Class: 10246K(10560K)->10246K(10560K)
[51.301s][info][gc             ] GC(39) Pause Young (Allocation Failure) 712M->44M(2040M) 0.949ms
[51.301s][info][gc,cpu         ] GC(39) User=0.00s Sys=0.00s Real=0.00s
[52.543s][info][gc,start       ] GC(40) Pause Young (System.gc())
[52.544s][info][gc,heap        ] GC(40) PSYoungGen: 478331K(691200K)->160K(692224K) Eden: 478107K(684032K)->0K(685056K) From: 224K(7168K)->160K(7168K)
[52.544s][info][gc,heap        ] GC(40) ParOldGen: 45498K(1398272K)->45554K(1398272K)
[52.544s][info][gc,metaspace   ] GC(40) Metaspace: 81697K(82304K)->81697K(82304K) NonClass: 71450K(71744K)->71450K(71744K) Class: 10246K(10560K)->10246K(10560K)
[52.544s][info][gc             ] GC(40) Pause Young (System.gc()) 511M->44M(2041M) 1.003ms
[52.544s][info][gc,cpu         ] GC(40) User=0.05s Sys=0.00s Real=0.00s
[52.544s][info][gc,start       ] GC(41) Pause Full (System.gc())
[52.544s][info][gc,phases,start] GC(41) Marking Phase
[52.572s][info][gc,phases      ] GC(41) Marking Phase 27.858ms
[52.572s][info][gc,phases,start] GC(41) Summary Phase
[52.572s][info][gc,phases      ] GC(41) Summary Phase 0.010ms
[52.572s][info][gc,phases,start] GC(41) Adjust Roots
[52.585s][info][gc,phases      ] GC(41) Adjust Roots 12.871ms
[52.585s][info][gc,phases,start] GC(41) Compaction Phase
[52.599s][info][gc,phases      ] GC(41) Compaction Phase 14.054ms
[52.599s][info][gc,phases,start] GC(41) Post Compact
[52.600s][info][gc,phases      ] GC(41) Post Compact 0.407ms
[52.600s][info][gc,heap        ] GC(41) PSYoungGen: 160K(692224K)->0K(692224K) Eden: 0K(685056K)->0K(685056K) From: 160K(7168K)->0K(7168K)
[52.600s][info][gc,heap        ] GC(41) ParOldGen: 45554K(1398272K)->44388K(1398272K)
[52.600s][info][gc,metaspace   ] GC(41) Metaspace: 81697K(82304K)->81697K(82304K) NonClass: 71450K(71744K)->71450K(71744K) Class: 10246K(10560K)->10246K(10560K)
[52.600s][info][gc             ] GC(41) Pause Full (System.gc()) 44M->43M(2041M) 55.492ms
[52.600s][info][gc,cpu         ] GC(41) User=0.11s Sys=0.02s Real=0.06s
[54.104s][info][gc,start       ] GC(42) Pause Young (Allocation Failure)
[54.105s][info][gc,heap        ] GC(42) PSYoungGen: 685056K(692224K)->480K(691712K) Eden: 685056K(685056K)->0K(685056K) From: 0K(7168K)->480K(6656K)
[54.105s][info][gc,heap        ] GC(42) ParOldGen: 44388K(1398272K)->44388K(1398272K)
[54.105s][info][gc,metaspace   ] GC(42) Metaspace: 81702K(82304K)->81702K(82304K) NonClass: 71455K(71744K)->71455K(71744K) Class: 10247K(10560K)->10247K(10560K)
[54.105s][info][gc             ] GC(42) Pause Young (Allocation Failure) 712M->43M(2041M) 0.899ms
[54.105s][info][gc,cpu         ] GC(42) User=0.00s Sys=0.00s Real=0.00s
[55.648s][info][gc,start       ] GC(43) Pause Young (Allocation Failure)
[55.649s][info][gc,heap        ] GC(43) PSYoungGen: 685536K(691712K)->288K(693248K) Eden: 685056K(685056K)->0K(687104K) From: 480K(6656K)->288K(6144K)
[55.649s][info][gc,heap        ] GC(43) ParOldGen: 44388K(1398272K)->44604K(1398272K)
[55.649s][info][gc,metaspace   ] GC(43) Metaspace: 81710K(82304K)->81710K(82304K) NonClass: 71461K(71744K)->71461K(71744K) Class: 10249K(10560K)->10249K(10560K)
[55.649s][info][gc             ] GC(43) Pause Young (Allocation Failure) 712M->43M(2042M) 0.757ms
[55.649s][info][gc,cpu         ] GC(43) User=0.00s Sys=0.00s Real=0.00s
[57.318s][info][gc,start       ] GC(44) Pause Young (GCLocker Initiated GC)
[57.319s][info][gc,heap        ] GC(44) PSYoungGen: 687392K(693248K)->418K(692736K) Eden: 687104K(687104K)->0K(687104K) From: 288K(6144K)->418K(5632K)
[57.319s][info][gc,heap        ] GC(44) ParOldGen: 44737K(1398272K)->44817K(1398272K)
[57.319s][info][gc,metaspace   ] GC(44) Metaspace: 81710K(82304K)->81710K(82304K) NonClass: 71461K(71744K)->71461K(71744K) Class: 10249K(10560K)->10249K(10560K)
[57.319s][info][gc             ] GC(44) Pause Young (GCLocker Initiated GC) 714M->44M(2042M) 0.756ms
[57.319s][info][gc,cpu         ] GC(44) User=0.00s Sys=0.00s Real=0.00s
[58.892s][info][gc,start       ] GC(45) Pause Young (Allocation Failure)
[58.892s][info][gc,heap        ] GC(45) PSYoungGen: 687522K(692736K)->396K(694272K) Eden: 687104K(687104K)->0K(689152K) From: 418K(5632K)->396K(5120K)
[58.892s][info][gc,heap        ] GC(45) ParOldGen: 45023K(1398272K)->45103K(1398272K)
[58.892s][info][gc,metaspace   ] GC(45) Metaspace: 81716K(82304K)->81716K(82304K) NonClass: 71467K(71744K)->71467K(71744K) Class: 10249K(10560K)->10249K(10560K)
[58.892s][info][gc             ] GC(45) Pause Young (Allocation Failure) 715M->44M(2043M) 0.805ms
[58.893s][info][gc,cpu         ] GC(45) User=0.00s Sys=0.00s Real=0.00s
[60.471s][info][gc,start       ] GC(46) Pause Young (Allocation Failure)
[60.472s][info][gc,heap        ] GC(46) PSYoungGen: 689548K(694272K)->428K(693760K) Eden: 689152K(689152K)->0K(689152K) From: 396K(5120K)->428K(4608K)
[60.472s][info][gc,heap        ] GC(46) ParOldGen: 45103K(1398272K)->45183K(1398272K)
[60.472s][info][gc,metaspace   ] GC(46) Metaspace: 81719K(82304K)->81719K(82304K) NonClass: 71470K(71744K)->71470K(71744K) Class: 10249K(10560K)->10249K(10560K)
[60.472s][info][gc             ] GC(46) Pause Young (Allocation Failure) 717M->44M(2043M) 0.679ms
[60.472s][info][gc,cpu         ] GC(46) User=0.00s Sys=0.00s Real=0.00s
[62.182s][info][gc,start       ] GC(47) Pause Young (GCLocker Initiated GC)
[62.183s][info][gc,heap        ] GC(47) PSYoungGen: 689580K(693760K)->384K(694784K) Eden: 689152K(689152K)->0K(690176K) From: 428K(4608K)->384K(4608K)
[62.183s][info][gc,heap        ] GC(47) ParOldGen: 45186K(1398272K)->45266K(1398272K)
[62.183s][info][gc,metaspace   ] GC(47) Metaspace: 81756K(82368K)->81756K(82368K) NonClass: 71507K(71808K)->71507K(71808K) Class: 10249K(10560K)->10249K(10560K)
[62.183s][info][gc             ] GC(47) Pause Young (GCLocker Initiated GC) 717M->44M(2044M) 1.014ms
[62.183s][info][gc,cpu         ] GC(47) User=0.00s Sys=0.00s Real=0.00s
[63.656s][info][gc,start       ] GC(48) Pause Young (Allocation Failure)
[63.657s][info][gc,heap        ] GC(48) PSYoungGen: 690560K(694784K)->320K(694272K) Eden: 690176K(690176K)->0K(690176K) From: 384K(4608K)->320K(4096K)
[63.657s][info][gc,heap        ] GC(48) ParOldGen: 45267K(1398272K)->45347K(1398272K)
[63.657s][info][gc,metaspace   ] GC(48) Metaspace: 81775K(82368K)->81775K(82368K) NonClass: 71525K(71808K)->71525K(71808K) Class: 10249K(10560K)->10249K(10560K)
[63.657s][info][gc             ] GC(48) Pause Young (Allocation Failure) 718M->44M(2043M) 0.829ms
[63.657s][info][gc,cpu         ] GC(48) User=0.00s Sys=0.00s Real=0.00s
[65.004s][info][gc,start       ] GC(49) Pause Young (Allocation Failure)
[65.005s][info][gc,heap        ] GC(49) PSYoungGen: 690496K(694272K)->352K(695296K) Eden: 690176K(690176K)->0K(691200K) From: 320K(4096K)->352K(4096K)
[65.005s][info][gc,heap        ] GC(49) ParOldGen: 45347K(1398272K)->45467K(1398272K)
[65.005s][info][gc,metaspace   ] GC(49) Metaspace: 81790K(82368K)->81790K(82368K) NonClass: 71540K(71808K)->71540K(71808K) Class: 10249K(10560K)->10249K(10560K)
[65.005s][info][gc             ] GC(49) Pause Young (Allocation Failure) 718M->44M(2044M) 1.089ms
[65.005s][info][gc,cpu         ] GC(49) User=0.00s Sys=0.00s Real=0.00s
[66.454s][info][gc,start       ] GC(50) Pause Young (Allocation Failure)
[66.455s][info][gc,heap        ] GC(50) PSYoungGen: 691552K(695296K)->523K(694784K) Eden: 691200K(691200K)->0K(691200K) From: 352K(4096K)->523K(3584K)
[66.455s][info][gc,heap        ] GC(50) ParOldGen: 45467K(1398272K)->45539K(1398272K)
[66.455s][info][gc,metaspace   ] GC(50) Metaspace: 81792K(82368K)->81792K(82368K) NonClass: 71541K(71808K)->71541K(71808K) Class: 10250K(10560K)->10250K(10560K)
[66.455s][info][gc             ] GC(50) Pause Young (Allocation Failure) 719M->44M(2044M) 0.715ms
[66.455s][info][gc,cpu         ] GC(50) User=0.00s Sys=0.00s Real=0.00s
[67.958s][info][gc,start       ] GC(51) Pause Young (Allocation Failure)
[67.959s][info][gc,heap        ] GC(51) PSYoungGen: 691723K(694784K)->396K(695808K) Eden: 691200K(691200K)->0K(692224K) From: 523K(3584K)->396K(3584K)
[67.959s][info][gc,heap        ] GC(51) ParOldGen: 45539K(1398272K)->45611K(1398272K)
[67.959s][info][gc,metaspace   ] GC(51) Metaspace: 81793K(82368K)->81793K(82368K) NonClass: 71542K(71808K)->71542K(71808K) Class: 10250K(10560K)->10250K(10560K)
[67.959s][info][gc             ] GC(51) Pause Young (Allocation Failure) 719M->44M(2045M) 1.053ms
[67.959s][info][gc,cpu         ] GC(51) User=0.00s Sys=0.00s Real=0.00s
[69.366s][info][gc,start       ] GC(52) Pause Young (Allocation Failure)
[69.367s][info][gc,heap        ] GC(52) PSYoungGen: 692620K(695808K)->288K(695296K) Eden: 692224K(692224K)->0K(692224K) From: 396K(3584K)->288K(3072K)
[69.367s][info][gc,heap        ] GC(52) ParOldGen: 45611K(1398272K)->45667K(1398272K)
[69.367s][info][gc,metaspace   ] GC(52) Metaspace: 81796K(82368K)->81796K(82368K) NonClass: 71545K(71808K)->71545K(71808K) Class: 10250K(10560K)->10250K(10560K)
[69.367s][info][gc             ] GC(52) Pause Young (Allocation Failure) 720M->44M(2044M) 1.030ms
[69.367s][info][gc,cpu         ] GC(52) User=0.00s Sys=0.00s Real=0.00s
[70.927s][info][gc,start       ] GC(53) Pause Young (Allocation Failure)
[70.927s][info][gc,heap        ] GC(53) PSYoungGen: 692512K(695296K)->428K(696320K) Eden: 692224K(692224K)->0K(693248K) From: 288K(3072K)->428K(3072K)
[70.927s][info][gc,heap        ] GC(53) ParOldGen: 45667K(1398272K)->45731K(1398272K)
[70.927s][info][gc,metaspace   ] GC(53) Metaspace: 81796K(82368K)->81796K(82368K) NonClass: 71545K(71808K)->71545K(71808K) Class: 10250K(10560K)->10250K(10560K)
[70.927s][info][gc             ] GC(53) Pause Young (Allocation Failure) 720M->45M(2045M) 0.724ms
[70.927s][info][gc,cpu         ] GC(53) User=0.00s Sys=0.00s Real=0.00s
[72.540s][info][gc,start       ] GC(54) Pause Young (Allocation Failure)
[72.541s][info][gc,heap        ] GC(54) PSYoungGen: 693676K(696320K)->354K(695808K) Eden: 693248K(693248K)->0K(693248K) From: 428K(3072K)->354K(2560K)
[72.541s][info][gc,heap        ] GC(54) ParOldGen: 45731K(1398272K)->45787K(1398272K)
[72.541s][info][gc,metaspace   ] GC(54) Metaspace: 81797K(82368K)->81797K(82368K) NonClass: 71546K(71808K)->71546K(71808K) Class: 10250K(10560K)->10250K(10560K)
[72.541s][info][gc             ] GC(54) Pause Young (Allocation Failure) 722M->45M(2045M) 0.988ms
[72.541s][info][gc,cpu         ] GC(54) User=0.00s Sys=0.00s Real=0.00s
[74.184s][info][gc,start       ] GC(55) Pause Young (Allocation Failure)
[74.185s][info][gc,heap        ] GC(55) PSYoungGen: 693602K(695808K)->352K(696320K) Eden: 693248K(693248K)->0K(693760K) From: 354K(2560K)->352K(2560K)
[74.185s][info][gc,heap        ] GC(55) ParOldGen: 45787K(1398272K)->45851K(1398272K)
[74.185s][info][gc,metaspace   ] GC(55) Metaspace: 81804K(82432K)->81804K(82432K) NonClass: 71552K(71872K)->71552K(71872K) Class: 10252K(10560K)->10252K(10560K)
[74.185s][info][gc             ] GC(55) Pause Young (Allocation Failure) 722M->45M(2045M) 1.387ms
[74.185s][info][gc,cpu         ] GC(55) User=0.08s Sys=0.00s Real=0.00s
[74.816s][info][gc,start       ] GC(56) Pause Young (System.gc())
[74.816s][info][gc,heap        ] GC(56) PSYoungGen: 252939K(696320K)->160K(696320K) Eden: 252587K(693760K)->0K(693760K) From: 352K(2560K)->160K(2560K)
[74.816s][info][gc,heap        ] GC(56) ParOldGen: 45851K(1398272K)->45971K(1398272K)
[74.816s][info][gc,metaspace   ] GC(56) Metaspace: 81805K(82432K)->81805K(82432K) NonClass: 71553K(71872K)->71553K(71872K) Class: 10252K(10560K)->10252K(10560K)
[74.817s][info][gc             ] GC(56) Pause Young (System.gc()) 291M->45M(2045M) 0.913ms
[74.817s][info][gc,cpu         ] GC(56) User=0.00s Sys=0.00s Real=0.00s
[74.817s][info][gc,start       ] GC(57) Pause Full (System.gc())
[74.817s][info][gc,phases,start] GC(57) Marking Phase
[74.846s][info][gc,phases      ] GC(57) Marking Phase 29.689ms
[74.846s][info][gc,phases,start] GC(57) Summary Phase
[74.846s][info][gc,phases      ] GC(57) Summary Phase 0.010ms
[74.846s][info][gc,phases,start] GC(57) Adjust Roots
[74.858s][info][gc,phases      ] GC(57) Adjust Roots 11.397ms
[74.858s][info][gc,phases,start] GC(57) Compaction Phase
[74.867s][info][gc,phases      ] GC(57) Compaction Phase 9.265ms
[74.867s][info][gc,phases,start] GC(57) Post Compact
[74.868s][info][gc,phases      ] GC(57) Post Compact 0.416ms
[74.868s][info][gc,heap        ] GC(57) PSYoungGen: 160K(696320K)->0K(696320K) Eden: 0K(693760K)->0K(693760K) From: 160K(2560K)->0K(2560K)
[74.868s][info][gc,heap        ] GC(57) ParOldGen: 45971K(1398272K)->44416K(1398272K)
[74.868s][info][gc,metaspace   ] GC(57) Metaspace: 81805K(82432K)->81805K(82432K) NonClass: 71553K(71872K)->71553K(71872K) Class: 10252K(10560K)->10252K(10560K)
[74.868s][info][gc             ] GC(57) Pause Full (System.gc()) 45M->43M(2045M) 51.058ms
[74.868s][info][gc,cpu         ] GC(57) User=0.12s Sys=0.00s Real=0.06s
[76.323s][info][gc,start       ] GC(58) Pause Young (Allocation Failure)
[76.324s][info][gc,heap        ] GC(58) PSYoungGen: 693760K(696320K)->352K(696832K) Eden: 693760K(693760K)->0K(694272K) From: 0K(2560K)->352K(2560K)
[76.324s][info][gc,heap        ] GC(58) ParOldGen: 44416K(1398272K)->44424K(1398272K)
[76.324s][info][gc,metaspace   ] GC(58) Metaspace: 81813K(82496K)->81813K(82496K) NonClass: 71561K(71936K)->71561K(71936K) Class: 10252K(10560K)->10252K(10560K)
[76.324s][info][gc             ] GC(58) Pause Young (Allocation Failure) 720M->43M(2046M) 0.805ms
[76.324s][info][gc,cpu         ] GC(58) User=0.00s Sys=0.00s Real=0.00s
[77.899s][info][gc,start       ] GC(59) Pause Young (Allocation Failure)
[77.901s][info][gc,heap        ] GC(59) PSYoungGen: 694624K(696832K)->288K(696320K) Eden: 694272K(694272K)->0K(694272K) From: 352K(2560K)->288K(2048K)
[77.901s][info][gc,heap        ] GC(59) ParOldGen: 44424K(1398272K)->44576K(1398272K)
[77.901s][info][gc,metaspace   ] GC(59) Metaspace: 81836K(82496K)->81836K(82496K) NonClass: 71584K(71936K)->71584K(71936K) Class: 10252K(10560K)->10252K(10560K)
[77.901s][info][gc             ] GC(59) Pause Young (Allocation Failure) 721M->43M(2045M) 1.360ms
[77.901s][info][gc,cpu         ] GC(59) User=0.00s Sys=0.00s Real=0.00s
[79.558s][info][gc,start       ] GC(60) Pause Young (Allocation Failure)
[79.559s][info][gc,heap        ] GC(60) PSYoungGen: 694560K(696320K)->288K(696832K) Eden: 694272K(694272K)->0K(694784K) From: 288K(2048K)->288K(2048K)
[79.559s][info][gc,heap        ] GC(60) ParOldGen: 44576K(1398272K)->44648K(1398272K)
[79.559s][info][gc,metaspace   ] GC(60) Metaspace: 81855K(82496K)->81855K(82496K) NonClass: 71603K(71936K)->71603K(71936K) Class: 10252K(10560K)->10252K(10560K)
[79.559s][info][gc             ] GC(60) Pause Young (Allocation Failure) 721M->43M(2046M) 1.110ms
[79.559s][info][gc,cpu         ] GC(60) User=0.00s Sys=0.00s Real=0.00s
[81.187s][info][gc,start       ] GC(61) Pause Young (Allocation Failure)
[81.188s][info][gc,heap        ] GC(61) PSYoungGen: 695072K(696832K)->320K(696832K) Eden: 694784K(694784K)->0K(694784K) From: 288K(2048K)->320K(2048K)
[81.188s][info][gc,heap        ] GC(61) ParOldGen: 44648K(1398272K)->44720K(1398272K)
[81.188s][info][gc,metaspace   ] GC(61) Metaspace: 81868K(82496K)->81868K(82496K) NonClass: 71616K(71936K)->71616K(71936K) Class: 10252K(10560K)->10252K(10560K)
[81.188s][info][gc             ] GC(61) Pause Young (Allocation Failure) 722M->43M(2046M) 0.915ms
[81.188s][info][gc,cpu         ] GC(61) User=0.00s Sys=0.00s Real=0.00s
[82.766s][info][gc,start       ] GC(62) Pause Young (GCLocker Initiated GC)
[82.767s][info][gc,heap        ] GC(62) PSYoungGen: 695104K(696832K)->523K(697344K) Eden: 694784K(694784K)->0K(695296K) From: 320K(2048K)->523K(2048K)
[82.767s][info][gc,heap        ] GC(62) ParOldGen: 44721K(1398272K)->44817K(1398272K)
[82.767s][info][gc,metaspace   ] GC(62) Metaspace: 81875K(82496K)->81875K(82496K) NonClass: 71623K(71936K)->71623K(71936K) Class: 10252K(10560K)->10252K(10560K)
[82.767s][info][gc             ] GC(62) Pause Young (GCLocker Initiated GC) 722M->44M(2046M) 1.006ms
[82.767s][info][gc,cpu         ] GC(62) User=0.00s Sys=0.00s Real=0.00s
[84.397s][info][gc,start       ] GC(63) Pause Young (Allocation Failure)
[84.398s][info][gc,heap        ] GC(63) PSYoungGen: 695819K(697344K)->384K(696832K) Eden: 695296K(695296K)->0K(695296K) From: 523K(2048K)->384K(1536K)
[84.398s][info][gc,heap        ] GC(63) ParOldGen: 44820K(1398272K)->44892K(1398272K)
[84.398s][info][gc,metaspace   ] GC(63) Metaspace: 81882K(82496K)->81882K(82496K) NonClass: 71630K(71936K)->71630K(71936K) Class: 10252K(10560K)->10252K(10560K)
[84.398s][info][gc             ] GC(63) Pause Young (Allocation Failure) 723M->44M(2046M) 0.992ms
[84.398s][info][gc,cpu         ] GC(63) User=0.00s Sys=0.00s Real=0.00s
[85.846s][info][gc,start       ] GC(64) Pause Young (Allocation Failure)
[85.847s][info][gc,heap        ] GC(64) PSYoungGen: 695680K(696832K)->352K(697344K) Eden: 695296K(695296K)->0K(695808K) From: 384K(1536K)->352K(1536K)
[85.847s][info][gc,heap        ] GC(64) ParOldGen: 44892K(1398272K)->45012K(1398272K)
[85.847s][info][gc,metaspace   ] GC(64) Metaspace: 81883K(82496K)->81883K(82496K) NonClass: 71631K(71936K)->71631K(71936K) Class: 10252K(10560K)->10252K(10560K)
[85.847s][info][gc             ] GC(64) Pause Young (Allocation Failure) 723M->44M(2046M) 1.019ms
[85.847s][info][gc,cpu         ] GC(64) User=0.00s Sys=0.00s Real=0.00s
[87.213s][info][gc,start       ] GC(65) Pause Young (Allocation Failure)
[87.214s][info][gc,heap        ] GC(65) PSYoungGen: 696160K(697344K)->523K(697344K) Eden: 695808K(695808K)->0K(695808K) From: 352K(1536K)->523K(1536K)
[87.214s][info][gc,heap        ] GC(65) ParOldGen: 45012K(1398272K)->45084K(1398272K)
[87.214s][info][gc,metaspace   ] GC(65) Metaspace: 81894K(82496K)->81894K(82496K) NonClass: 71642K(71936K)->71642K(71936K) Class: 10252K(10560K)->10252K(10560K)
[87.214s][info][gc             ] GC(65) Pause Young (Allocation Failure) 723M->44M(2046M) 0.740ms
[87.214s][info][gc,cpu         ] GC(65) User=0.00s Sys=0.00s Real=0.00s
[88.666s][info][gc,start       ] GC(66) Pause Young (Allocation Failure)
[88.666s][info][gc,heap        ] GC(66) PSYoungGen: 696331K(697344K)->256K(697344K) Eden: 695808K(695808K)->0K(695808K) From: 523K(1536K)->256K(1536K)
[88.666s][info][gc,heap        ] GC(66) ParOldGen: 45084K(1398272K)->45156K(1398272K)
[88.666s][info][gc,metaspace   ] GC(66) Metaspace: 81897K(82496K)->81897K(82496K) NonClass: 71644K(71936K)->71644K(71936K) Class: 10252K(10560K)->10252K(10560K)
[88.667s][info][gc             ] GC(66) Pause Young (Allocation Failure) 724M->44M(2046M) 0.918ms
[88.667s][info][gc,cpu         ] GC(66) User=0.00s Sys=0.00s Real=0.00s
[90.278s][info][gc,start       ] GC(67) Pause Young (Allocation Failure)
[90.279s][info][gc,heap        ] GC(67) PSYoungGen: 696064K(697344K)->256K(697344K) Eden: 695808K(695808K)->0K(695808K) From: 256K(1536K)->256K(1536K)
[90.279s][info][gc,heap        ] GC(67) ParOldGen: 45156K(1398272K)->45220K(1398272K)
[90.279s][info][gc,metaspace   ] GC(67) Metaspace: 81900K(82496K)->81900K(82496K) NonClass: 71647K(71936K)->71647K(71936K) Class: 10252K(10560K)->10252K(10560K)
[90.279s][info][gc             ] GC(67) Pause Young (Allocation Failure) 723M->44M(2046M) 1.241ms
[90.279s][info][gc,cpu         ] GC(67) User=0.08s Sys=0.00s Real=0.00s
[91.749s][info][gc,start       ] GC(68) Pause Young (Allocation Failure)
[91.750s][info][gc,heap        ] GC(68) PSYoungGen: 696064K(697344K)->352K(697344K) Eden: 695808K(695808K)->0K(695808K) From: 256K(1536K)->352K(1536K)
[91.750s][info][gc,heap        ] GC(68) ParOldGen: 45220K(1398272K)->45284K(1398272K)
[91.750s][info][gc,metaspace   ] GC(68) Metaspace: 81903K(82496K)->81903K(82496K) NonClass: 71650K(71936K)->71650K(71936K) Class: 10252K(10560K)->10252K(10560K)
[91.750s][info][gc             ] GC(68) Pause Young (Allocation Failure) 723M->44M(2046M) 1.012ms
[91.750s][info][gc,cpu         ] GC(68) User=0.00s Sys=0.00s Real=0.00s
[93.328s][info][gc,start       ] GC(69) Pause Young (Allocation Failure)
[93.329s][info][gc,heap        ] GC(69) PSYoungGen: 696160K(697344K)->288K(697344K) Eden: 695808K(695808K)->0K(695808K) From: 352K(1536K)->288K(1536K)
[93.329s][info][gc,heap        ] GC(69) ParOldGen: 45284K(1398272K)->45340K(1398272K)
[93.329s][info][gc,metaspace   ] GC(69) Metaspace: 81903K(82496K)->81903K(82496K) NonClass: 71650K(71936K)->71650K(71936K) Class: 10252K(10560K)->10252K(10560K)
[93.329s][info][gc             ] GC(69) Pause Young (Allocation Failure) 724M->44M(2046M) 1.169ms
[93.329s][info][gc,cpu         ] GC(69) User=0.00s Sys=0.00s Real=0.00s
[95.070s][info][gc,start       ] GC(70) Pause Young (Allocation Failure)
[95.071s][info][gc,heap        ] GC(70) PSYoungGen: 696096K(697344K)->384K(697856K) Eden: 695808K(695808K)->0K(696320K) From: 288K(1536K)->384K(1536K)
[95.071s][info][gc,heap        ] GC(70) ParOldGen: 45340K(1398272K)->45404K(1398272K)
[95.071s][info][gc,metaspace   ] GC(70) Metaspace: 81907K(82496K)->81907K(82496K) NonClass: 71654K(71936K)->71654K(71936K) Class: 10252K(10560K)->10252K(10560K)
[95.071s][info][gc             ] GC(70) Pause Young (Allocation Failure) 724M->44M(2047M) 0.927ms
[95.071s][info][gc,cpu         ] GC(70) User=0.00s Sys=0.00s Real=0.00s
[96.775s][info][gc,start       ] GC(71) Pause Young (Allocation Failure)
[96.776s][info][gc,heap        ] GC(71) PSYoungGen: 696704K(697856K)->354K(697344K) Eden: 696320K(696320K)->0K(696320K) From: 384K(1536K)->354K(1024K)
[96.776s][info][gc,heap        ] GC(71) ParOldGen: 45612K(1398272K)->45732K(1398272K)
[96.776s][info][gc,metaspace   ] GC(71) Metaspace: 81907K(82496K)->81907K(82496K) NonClass: 71654K(71936K)->71654K(71936K) Class: 10252K(10560K)->10252K(10560K)
[96.776s][info][gc             ] GC(71) Pause Young (Allocation Failure) 724M->45M(2046M) 1.042ms
[96.776s][info][gc,cpu         ] GC(71) User=0.00s Sys=0.00s Real=0.00s
[97.203s][info][gc,start       ] GC(72) Pause Young (System.gc())
[97.204s][info][gc,heap        ] GC(72) PSYoungGen: 172019K(697344K)->192K(697856K) Eden: 171665K(696320K)->0K(696832K) From: 354K(1024K)->192K(1024K)
[97.204s][info][gc,heap        ] GC(72) ParOldGen: 45732K(1398272K)->45796K(1398272K)
[97.204s][info][gc,metaspace   ] GC(72) Metaspace: 81918K(82496K)->81918K(82496K) NonClass: 71666K(71936K)->71666K(71936K) Class: 10252K(10560K)->10252K(10560K)
[97.204s][info][gc             ] GC(72) Pause Young (System.gc()) 212M->44M(2047M) 1.309ms
[97.204s][info][gc,cpu         ] GC(72) User=0.00s Sys=0.00s Real=0.00s
[97.204s][info][gc,start       ] GC(73) Pause Full (System.gc())
[97.204s][info][gc,phases,start] GC(73) Marking Phase
[97.234s][info][gc,phases      ] GC(73) Marking Phase 29.920ms
[97.234s][info][gc,phases,start] GC(73) Summary Phase
[97.234s][info][gc,phases      ] GC(73) Summary Phase 0.011ms
[97.234s][info][gc,phases,start] GC(73) Adjust Roots
[97.245s][info][gc,phases      ] GC(73) Adjust Roots 11.436ms
[97.246s][info][gc,phases,start] GC(73) Compaction Phase
[97.254s][info][gc,phases      ] GC(73) Compaction Phase 8.759ms
[97.254s][info][gc,phases,start] GC(73) Post Compact
[97.255s][info][gc,phases      ] GC(73) Post Compact 0.406ms
[97.255s][info][gc,heap        ] GC(73) PSYoungGen: 192K(697856K)->0K(697856K) Eden: 0K(696832K)->0K(696832K) From: 192K(1024K)->0K(1024K)
[97.255s][info][gc,heap        ] GC(73) ParOldGen: 45796K(1398272K)->44427K(1398272K)
[97.255s][info][gc,metaspace   ] GC(73) Metaspace: 81918K(82496K)->81918K(82496K) NonClass: 71666K(71936K)->71666K(71936K) Class: 10252K(10560K)->10252K(10560K)
[97.255s][info][gc             ] GC(73) Pause Full (System.gc()) 44M->43M(2047M) 50.831ms
[97.255s][info][gc,cpu         ] GC(73) User=0.12s Sys=0.00s Real=0.06s
[98.715s][info][gc,start       ] GC(74) Pause Young (Allocation Failure)
[98.716s][info][gc,heap        ] GC(74) PSYoungGen: 696832K(697856K)->416K(697856K) Eden: 696832K(696832K)->0K(696832K) From: 0K(1024K)->416K(1024K)
[98.716s][info][gc,heap        ] GC(74) ParOldGen: 44427K(1398272K)->44427K(1398272K)
[98.716s][info][gc,metaspace   ] GC(74) Metaspace: 81918K(82496K)->81918K(82496K) NonClass: 71666K(71936K)->71666K(71936K) Class: 10252K(10560K)->10252K(10560K)
[98.716s][info][gc             ] GC(74) Pause Young (Allocation Failure) 723M->43M(2047M) 1.066ms
[98.716s][info][gc,cpu         ] GC(74) User=0.09s Sys=0.00s Real=0.00s
[100.301s][info][gc,start       ] GC(75) Pause Young (Allocation Failure)
[100.302s][info][gc,heap        ] GC(75) PSYoungGen: 697248K(697856K)->320K(697856K) Eden: 696832K(696832K)->0K(696832K) From: 416K(1024K)->320K(1024K)
[100.302s][info][gc,heap        ] GC(75) ParOldGen: 44427K(1398272K)->44571K(1398272K)
[100.302s][info][gc,metaspace   ] GC(75) Metaspace: 81918K(82496K)->81918K(82496K) NonClass: 71666K(71936K)->71666K(71936K) Class: 10252K(10560K)->10252K(10560K)
[100.302s][info][gc             ] GC(75) Pause Young (Allocation Failure) 724M->43M(2047M) 0.939ms
[100.302s][info][gc,cpu         ] GC(75) User=0.00s Sys=0.00s Real=0.00s
[101.924s][info][gc,start       ] GC(76) Pause Young (Allocation Failure)
[101.925s][info][gc,heap        ] GC(76) PSYoungGen: 697152K(697856K)->256K(697856K) Eden: 696832K(696832K)->0K(696832K) From: 320K(1024K)->256K(1024K)
[101.925s][info][gc,heap        ] GC(76) ParOldGen: 44571K(1398272K)->44659K(1398272K)
[101.925s][info][gc,metaspace   ] GC(76) Metaspace: 81923K(82560K)->81923K(82560K) NonClass: 71670K(72000K)->71670K(72000K) Class: 10252K(10560K)->10252K(10560K)
[101.925s][info][gc             ] GC(76) Pause Young (Allocation Failure) 724M->43M(2047M) 0.874ms
[101.925s][info][gc,cpu         ] GC(76) User=0.00s Sys=0.00s Real=0.00s
[103.596s][info][gc,start       ] GC(77) Pause Young (Allocation Failure)
[103.597s][info][gc,heap        ] GC(77) PSYoungGen: 697088K(697856K)->256K(697856K) Eden: 696832K(696832K)->0K(696832K) From: 256K(1024K)->256K(1024K)
[103.597s][info][gc,heap        ] GC(77) ParOldGen: 44659K(1398272K)->44747K(1398272K)
[103.597s][info][gc,metaspace   ] GC(77) Metaspace: 81932K(82560K)->81932K(82560K) NonClass: 71680K(72000K)->71680K(72000K) Class: 10252K(10560K)->10252K(10560K)
[103.597s][info][gc             ] GC(77) Pause Young (Allocation Failure) 724M->43M(2047M) 1.140ms
[103.597s][info][gc,cpu         ] GC(77) User=0.00s Sys=0.00s Real=0.00s
[105.204s][info][gc,start       ] GC(78) Pause Young (Allocation Failure)
[105.204s][info][gc,heap        ] GC(78) PSYoungGen: 697088K(697856K)->555K(697856K) Eden: 696832K(696832K)->0K(696832K) From: 256K(1024K)->555K(1024K)
[105.204s][info][gc,heap        ] GC(78) ParOldGen: 44747K(1398272K)->44827K(1398272K)
[105.204s][info][gc,metaspace   ] GC(78) Metaspace: 81932K(82560K)->81932K(82560K) NonClass: 71680K(72000K)->71680K(72000K) Class: 10252K(10560K)->10252K(10560K)
[105.205s][info][gc             ] GC(78) Pause Young (Allocation Failure) 724M->44M(2047M) 0.925ms
[105.205s][info][gc,cpu         ] GC(78) User=0.00s Sys=0.00s Real=0.00s
[106.890s][info][gc,start       ] GC(79) Pause Young (GCLocker Initiated GC)
[106.890s][info][gc,heap        ] GC(79) PSYoungGen: 697387K(697856K)->386K(697856K) Eden: 696832K(696832K)->0K(696832K) From: 555K(1024K)->386K(1024K)
[106.890s][info][gc,heap        ] GC(79) ParOldGen: 45030K(1398272K)->45158K(1398272K)
[106.890s][info][gc,metaspace   ] GC(79) Metaspace: 81932K(82560K)->81932K(82560K) NonClass: 71680K(72000K)->71680K(72000K) Class: 10252K(10560K)->10252K(10560K)
[106.890s][info][gc             ] GC(79) Pause Young (GCLocker Initiated GC) 725M->44M(2047M) 0.726ms
[106.890s][info][gc,cpu         ] GC(79) User=0.00s Sys=0.00s Real=0.00s
[108.387s][info][gc,start       ] GC(80) Pause Young (Allocation Failure)
[108.389s][info][gc,heap        ] GC(80) PSYoungGen: 697218K(697856K)->224K(697856K) Eden: 696832K(696832K)->0K(696832K) From: 386K(1024K)->224K(1024K)
[108.389s][info][gc,heap        ] GC(80) ParOldGen: 45162K(1398272K)->45226K(1398272K)
[108.389s][info][gc,metaspace   ] GC(80) Metaspace: 81933K(82560K)->81933K(82560K) NonClass: 71680K(72000K)->71680K(72000K) Class: 10252K(10560K)->10252K(10560K)
[108.389s][info][gc             ] GC(80) Pause Young (Allocation Failure) 724M->44M(2047M) 1.413ms
[108.389s][info][gc,cpu         ] GC(80) User=0.02s Sys=0.00s Real=0.00s
[109.792s][info][gc,start       ] GC(81) Pause Young (Allocation Failure)
[109.794s][info][gc,heap        ] GC(81) PSYoungGen: 697056K(697856K)->224K(697856K) Eden: 696832K(696832K)->0K(696832K) From: 224K(1024K)->224K(1024K)
[109.794s][info][gc,heap        ] GC(81) ParOldGen: 45226K(1398272K)->45298K(1398272K)
[109.794s][info][gc,metaspace   ] GC(81) Metaspace: 81984K(82624K)->81984K(82624K) NonClass: 71732K(72064K)->71732K(72064K) Class: 10252K(10560K)->10252K(10560K)
[109.794s][info][gc             ] GC(81) Pause Young (Allocation Failure) 724M->44M(2047M) 1.312ms
[109.794s][info][gc,cpu         ] GC(81) User=0.00s Sys=0.00s Real=0.00s
[111.208s][info][gc,start       ] GC(82) Pause Young (GCLocker Initiated GC)
[111.209s][info][gc,heap        ] GC(82) PSYoungGen: 697056K(697856K)->418K(697856K) Eden: 696832K(696832K)->0K(696832K) From: 224K(1024K)->418K(1024K)
[111.209s][info][gc,heap        ] GC(82) ParOldGen: 45374K(1398272K)->45438K(1398272K)
[111.209s][info][gc,metaspace   ] GC(82) Metaspace: 82020K(82624K)->82020K(82624K) NonClass: 71767K(72064K)->71767K(72064K) Class: 10252K(10560K)->10252K(10560K)
[111.209s][info][gc             ] GC(82) Pause Young (GCLocker Initiated GC) 725M->44M(2047M) 0.820ms
[111.209s][info][gc,cpu         ] GC(82) User=0.00s Sys=0.00s Real=0.00s
[112.769s][info][gc,start       ] GC(83) Pause Young (Allocation Failure)
[112.770s][info][gc,heap        ] GC(83) PSYoungGen: 697250K(697856K)->256K(697856K) Eden: 696832K(696832K)->0K(696832K) From: 418K(1024K)->256K(1024K)
[112.770s][info][gc,heap        ] GC(83) ParOldGen: 45508K(1398272K)->45580K(1398272K)
[112.770s][info][gc,metaspace   ] GC(83) Metaspace: 82025K(82688K)->82025K(82688K) NonClass: 71772K(72128K)->71772K(72128K) Class: 10252K(10560K)->10252K(10560K)
[112.770s][info][gc             ] GC(83) Pause Young (Allocation Failure) 725M->44M(2047M) 0.985ms
[112.770s][info][gc,cpu         ] GC(83) User=0.00s Sys=0.00s Real=0.00s
[114.242s][info][gc,start       ] GC(84) Pause Young (Allocation Failure)
[114.243s][info][gc,heap        ] GC(84) PSYoungGen: 697088K(697856K)->320K(697856K) Eden: 696832K(696832K)->0K(696832K) From: 256K(1024K)->320K(1024K)
[114.243s][info][gc,heap        ] GC(84) ParOldGen: 45580K(1398272K)->45628K(1398272K)
[114.243s][info][gc,metaspace   ] GC(84) Metaspace: 82025K(82688K)->82025K(82688K) NonClass: 71772K(72128K)->71772K(72128K) Class: 10252K(10560K)->10252K(10560K)
[114.243s][info][gc             ] GC(84) Pause Young (Allocation Failure) 725M->44M(2047M) 1.057ms
[114.243s][info][gc,cpu         ] GC(84) User=0.00s Sys=0.00s Real=0.00s
[115.857s][info][gc,start       ] GC(85) Pause Young (Allocation Failure)
[115.858s][info][gc,heap        ] GC(85) PSYoungGen: 697152K(697856K)->352K(697856K) Eden: 696832K(696832K)->0K(696832K) From: 320K(1024K)->352K(1024K)
[115.858s][info][gc,heap        ] GC(85) ParOldGen: 45628K(1398272K)->45732K(1398272K)
[115.858s][info][gc,metaspace   ] GC(85) Metaspace: 82025K(82688K)->82025K(82688K) NonClass: 71772K(72128K)->71772K(72128K) Class: 10252K(10560K)->10252K(10560K)
[115.858s][info][gc             ] GC(85) Pause Young (Allocation Failure) 725M->45M(2047M) 1.028ms
[115.858s][info][gc,cpu         ] GC(85) User=0.00s Sys=0.00s Real=0.00s
[117.505s][info][gc,start       ] GC(86) Pause Young (GCLocker Initiated GC)
[117.506s][info][gc,heap        ] GC(86) PSYoungGen: 697184K(697856K)->523K(697856K) Eden: 696832K(696832K)->0K(696832K) From: 352K(1024K)->523K(1024K)
[117.506s][info][gc,heap        ] GC(86) ParOldGen: 45733K(1398272K)->45789K(1398272K)
[117.506s][info][gc,metaspace   ] GC(86) Metaspace: 82025K(82688K)->82025K(82688K) NonClass: 71772K(72128K)->71772K(72128K) Class: 10252K(10560K)->10252K(10560K)
[117.506s][info][gc             ] GC(86) Pause Young (GCLocker Initiated GC) 725M->45M(2047M) 0.670ms
[117.506s][info][gc,cpu         ] GC(86) User=0.00s Sys=0.00s Real=0.00s
[119.204s][info][gc,start       ] GC(87) Pause Young (Allocation Failure)
[119.206s][info][gc,heap        ] GC(87) PSYoungGen: 697355K(697856K)->256K(697856K) Eden: 696832K(696832K)->0K(696832K) From: 523K(1024K)->256K(1024K)
[119.206s][info][gc,heap        ] GC(87) ParOldGen: 45791K(1398272K)->45863K(1398272K)
[119.206s][info][gc,metaspace   ] GC(87) Metaspace: 82025K(82688K)->82025K(82688K) NonClass: 71772K(72128K)->71772K(72128K) Class: 10252K(10560K)->10252K(10560K)
[119.206s][info][gc             ] GC(87) Pause Young (Allocation Failure) 725M->45M(2047M) 1.258ms
[119.206s][info][gc,cpu         ] GC(87) User=0.00s Sys=0.00s Real=0.00s
[119.569s][info][gc,start       ] GC(88) Pause Young (System.gc())
[119.570s][info][gc,heap        ] GC(88) PSYoungGen: 145417K(697856K)->192K(697856K) Eden: 145161K(696832K)->0K(696832K) From: 256K(1024K)->192K(1024K)
[119.570s][info][gc,heap        ] GC(88) ParOldGen: 45863K(1398272K)->45943K(1398272K)
[119.570s][info][gc,metaspace   ] GC(88) Metaspace: 82030K(82688K)->82030K(82688K) NonClass: 71777K(72128K)->71777K(72128K) Class: 10252K(10560K)->10252K(10560K)
[119.570s][info][gc             ] GC(88) Pause Young (System.gc()) 186M->45M(2047M) 1.022ms
[119.570s][info][gc,cpu         ] GC(88) User=0.00s Sys=0.00s Real=0.00s
[119.570s][info][gc,start       ] GC(89) Pause Full (System.gc())
[119.570s][info][gc,phases,start] GC(89) Marking Phase
[119.600s][info][gc,phases      ] GC(89) Marking Phase 29.390ms
[119.600s][info][gc,phases,start] GC(89) Summary Phase
[119.600s][info][gc,phases      ] GC(89) Summary Phase 0.010ms
[119.600s][info][gc,phases,start] GC(89) Adjust Roots
[119.611s][info][gc,phases      ] GC(89) Adjust Roots 11.457ms
[119.611s][info][gc,phases,start] GC(89) Compaction Phase
[119.619s][info][gc,phases      ] GC(89) Compaction Phase 7.735ms
[119.619s][info][gc,phases,start] GC(89) Post Compact
[119.620s][info][gc,phases      ] GC(89) Post Compact 0.387ms
[119.620s][info][gc,heap        ] GC(89) PSYoungGen: 192K(697856K)->0K(697856K) Eden: 0K(696832K)->0K(696832K) From: 192K(1024K)->0K(1024K)
[119.620s][info][gc,heap        ] GC(89) ParOldGen: 45943K(1398272K)->44429K(1398272K)
[119.620s][info][gc,metaspace   ] GC(89) Metaspace: 82030K(82688K)->82030K(82688K) NonClass: 71777K(72128K)->71777K(72128K) Class: 10252K(10560K)->10252K(10560K)
[119.620s][info][gc             ] GC(89) Pause Full (System.gc()) 45M->43M(2047M) 49.322ms
[119.620s][info][gc,cpu         ] GC(89) User=0.12s Sys=0.00s Real=0.06s
[121.139s][info][gc,start       ] GC(90) Pause Young (Allocation Failure)
[121.140s][info][gc,heap        ] GC(90) PSYoungGen: 696832K(697856K)->352K(697856K) Eden: 696832K(696832K)->0K(696832K) From: 0K(1024K)->352K(1024K)
[121.140s][info][gc,heap        ] GC(90) ParOldGen: 44429K(1398272K)->44429K(1398272K)
[121.140s][info][gc,metaspace   ] GC(90) Metaspace: 82030K(82688K)->82030K(82688K) NonClass: 71778K(72128K)->71778K(72128K) Class: 10252K(10560K)->10252K(10560K)
[121.140s][info][gc             ] GC(90) Pause Young (Allocation Failure) 723M->43M(2047M) 0.926ms
[121.140s][info][gc,cpu         ] GC(90) User=0.00s Sys=0.00s Real=0.00s
[122.757s][info][gc,start       ] GC(91) Pause Young (Allocation Failure)
[122.758s][info][gc,heap        ] GC(91) PSYoungGen: 697184K(697856K)->352K(697856K) Eden: 696832K(696832K)->0K(696832K) From: 352K(1024K)->352K(1024K)
[122.758s][info][gc,heap        ] GC(91) ParOldGen: 44429K(1398272K)->44581K(1398272K)
[122.758s][info][gc,metaspace   ] GC(91) Metaspace: 82035K(82688K)->82035K(82688K) NonClass: 71782K(72128K)->71782K(72128K) Class: 10252K(10560K)->10252K(10560K)
[122.758s][info][gc             ] GC(91) Pause Young (Allocation Failure) 724M->43M(2047M) 0.933ms
[122.758s][info][gc,cpu         ] GC(91) User=0.00s Sys=0.00s Real=0.00s
[124.465s][info][gc,start       ] GC(92) Pause Young (Allocation Failure)
[124.466s][info][gc,heap        ] GC(92) PSYoungGen: 697184K(697856K)->416K(697856K) Eden: 696832K(696832K)->0K(696832K) From: 352K(1024K)->416K(1024K)
[124.466s][info][gc,heap        ] GC(92) ParOldGen: 44581K(1398272K)->44693K(1398272K)
[124.466s][info][gc,metaspace   ] GC(92) Metaspace: 82039K(82688K)->82039K(82688K) NonClass: 71787K(72128K)->71787K(72128K) Class: 10252K(10560K)->10252K(10560K)
[124.467s][info][gc             ] GC(92) Pause Young (Allocation Failure) 724M->44M(2047M) 1.068ms
[124.467s][info][gc,cpu         ] GC(92) User=0.03s Sys=0.00s Real=0.00s
[126.078s][info][gc,start       ] GC(93) Pause Young (GCLocker Initiated GC)
[126.079s][info][gc,heap        ] GC(93) PSYoungGen: 697248K(697856K)->320K(697856K) Eden: 696832K(696832K)->0K(696832K) From: 416K(1024K)->320K(1024K)
[126.079s][info][gc,heap        ] GC(93) ParOldGen: 44693K(1398272K)->44821K(1398272K)
[126.079s][info][gc,metaspace   ] GC(93) Metaspace: 82044K(82688K)->82044K(82688K) NonClass: 71791K(72128K)->71791K(72128K) Class: 10252K(10560K)->10252K(10560K)
[126.079s][info][gc             ] GC(93) Pause Young (GCLocker Initiated GC) 724M->44M(2047M) 1.076ms
[126.079s][info][gc,cpu         ] GC(93) User=0.00s Sys=0.00s Real=0.00s
[127.631s][info][gc,start       ] GC(94) Pause Young (Allocation Failure)
[127.632s][info][gc,heap        ] GC(94) PSYoungGen: 697152K(697856K)->320K(697856K) Eden: 696832K(696832K)->0K(696832K) From: 320K(1024K)->320K(1024K)
[127.632s][info][gc,heap        ] GC(94) ParOldGen: 44825K(1398272K)->44905K(1398272K)
[127.632s][info][gc,metaspace   ] GC(94) Metaspace: 82044K(82688K)->82044K(82688K) NonClass: 71791K(72128K)->71791K(72128K) Class: 10252K(10560K)->10252K(10560K)
[127.632s][info][gc             ] GC(94) Pause Young (Allocation Failure) 724M->44M(2047M) 0.986ms
[127.632s][info][gc,cpu         ] GC(94) User=0.00s Sys=0.00s Real=0.00s
[129.243s][info][gc,start       ] GC(95) Pause Young (Allocation Failure)
[129.244s][info][gc,heap        ] GC(95) PSYoungGen: 697152K(697856K)->288K(697856K) Eden: 696832K(696832K)->0K(696832K) From: 320K(1024K)->288K(1024K)
[129.244s][info][gc,heap        ] GC(95) ParOldGen: 44905K(1398272K)->44969K(1398272K)
[129.244s][info][gc,metaspace   ] GC(95) Metaspace: 82044K(82688K)->82044K(82688K) NonClass: 71791K(72128K)->71791K(72128K) Class: 10252K(10560K)->10252K(10560K)
[129.244s][info][gc             ] GC(95) Pause Young (Allocation Failure) 724M->44M(2047M) 1.009ms
[129.244s][info][gc,cpu         ] GC(95) User=0.00s Sys=0.00s Real=0.00s
[130.751s][info][gc,start       ] GC(96) Pause Young (Allocation Failure)
[130.751s][info][gc,heap        ] GC(96) PSYoungGen: 697120K(697856K)->320K(697856K) Eden: 696832K(696832K)->0K(696832K) From: 288K(1024K)->320K(1024K)
[130.752s][info][gc,heap        ] GC(96) ParOldGen: 44969K(1398272K)->45041K(1398272K)
[130.752s][info][gc,metaspace   ] GC(96) Metaspace: 82047K(82688K)->82047K(82688K) NonClass: 71794K(72128K)->71794K(72128K) Class: 10252K(10560K)->10252K(10560K)
[130.752s][info][gc             ] GC(96) Pause Young (Allocation Failure) 724M->44M(2047M) 0.883ms
[130.752s][info][gc,cpu         ] GC(96) User=0.00s Sys=0.00s Real=0.00s
[132.145s][info][gc,start       ] GC(97) Pause Young (Allocation Failure)
[132.146s][info][gc,heap        ] GC(97) PSYoungGen: 697152K(697856K)->491K(697856K) Eden: 696832K(696832K)->0K(696832K) From: 320K(1024K)->491K(1024K)
[132.146s][info][gc,heap        ] GC(97) ParOldGen: 45041K(1398272K)->45105K(1398272K)
[132.146s][info][gc,metaspace   ] GC(97) Metaspace: 82047K(82688K)->82047K(82688K) NonClass: 71794K(72128K)->71794K(72128K) Class: 10252K(10560K)->10252K(10560K)
[132.146s][info][gc             ] GC(97) Pause Young (Allocation Failure) 724M->44M(2047M) 1.139ms
[132.146s][info][gc,cpu         ] GC(97) User=0.00s Sys=0.00s Real=0.00s
[133.531s][info][gc,start       ] GC(98) Pause Young (Allocation Failure)
[133.532s][info][gc,heap        ] GC(98) PSYoungGen: 697323K(697856K)->256K(697856K) Eden: 696832K(696832K)->0K(696832K) From: 491K(1024K)->256K(1024K)
[133.532s][info][gc,heap        ] GC(98) ParOldGen: 45105K(1398272K)->45177K(1398272K)
[133.532s][info][gc,metaspace   ] GC(98) Metaspace: 82048K(82688K)->82048K(82688K) NonClass: 71796K(72128K)->71796K(72128K) Class: 10252K(10560K)->10252K(10560K)
[133.532s][info][gc             ] GC(98) Pause Young (Allocation Failure) 725M->44M(2047M) 0.916ms
[133.532s][info][gc,cpu         ] GC(98) User=0.00s Sys=0.00s Real=0.00s
[135.070s][info][gc,start       ] GC(99) Pause Young (Allocation Failure)
[135.070s][info][gc,heap        ] GC(99) PSYoungGen: 697088K(697856K)->352K(697856K) Eden: 696832K(696832K)->0K(696832K) From: 256K(1024K)->352K(1024K)
[135.070s][info][gc,heap        ] GC(99) ParOldGen: 45177K(1398272K)->45241K(1398272K)
[135.070s][info][gc,metaspace   ] GC(99) Metaspace: 82049K(82688K)->82049K(82688K) NonClass: 71796K(72128K)->71796K(72128K) Class: 10252K(10560K)->10252K(10560K)
[135.070s][info][gc             ] GC(99) Pause Young (Allocation Failure) 724M->44M(2047M) 0.813ms
[135.070s][info][gc,cpu         ] GC(99) User=0.00s Sys=0.00s Real=0.00s
[136.499s][info][gc,start       ] GC(100) Pause Young (Allocation Failure)
[136.500s][info][gc,heap        ] GC(100) PSYoungGen: 697184K(697856K)->356K(697856K) Eden: 696832K(696832K)->0K(696832K) From: 352K(1024K)->356K(1024K)
[136.500s][info][gc,heap        ] GC(100) ParOldGen: 45241K(1398272K)->45361K(1398272K)
[136.500s][info][gc,metaspace   ] GC(100) Metaspace: 82049K(82688K)->82049K(82688K) NonClass: 71796K(72128K)->71796K(72128K) Class: 10252K(10560K)->10252K(10560K)
[136.500s][info][gc             ] GC(100) Pause Young (Allocation Failure) 725M->44M(2047M) 0.916ms
[136.500s][info][gc,cpu         ] GC(100) User=0.00s Sys=0.00s Real=0.00s
[138.064s][info][gc,start       ] GC(101) Pause Young (Allocation Failure)
[138.065s][info][gc,heap        ] GC(101) PSYoungGen: 697188K(697856K)->288K(697856K) Eden: 696832K(696832K)->0K(696832K) From: 356K(1024K)->288K(1024K)
[138.065s][info][gc,heap        ] GC(101) ParOldGen: 45361K(1398272K)->45409K(1398272K)
[138.065s][info][gc,metaspace   ] GC(101) Metaspace: 82049K(82688K)->82049K(82688K) NonClass: 71796K(72128K)->71796K(72128K) Class: 10252K(10560K)->10252K(10560K)
[138.065s][info][gc             ] GC(101) Pause Young (Allocation Failure) 725M->44M(2047M) 0.930ms
[138.065s][info][gc,cpu         ] GC(101) User=0.00s Sys=0.00s Real=0.00s
[139.734s][info][gc,start       ] GC(102) Pause Young (Allocation Failure)
[139.735s][info][gc,heap        ] GC(102) PSYoungGen: 697120K(697856K)->320K(698368K) Eden: 696832K(696832K)->0K(697344K) From: 288K(1024K)->320K(1024K)
[139.735s][info][gc,heap        ] GC(102) ParOldGen: 45409K(1398272K)->45473K(1398272K)
[139.735s][info][gc,metaspace   ] GC(102) Metaspace: 82049K(82688K)->82049K(82688K) NonClass: 71796K(72128K)->71796K(72128K) Class: 10252K(10560K)->10252K(10560K)
[139.735s][info][gc             ] GC(102) Pause Young (Allocation Failure) 725M->44M(2047M) 0.908ms
[139.735s][info][gc,cpu         ] GC(102) User=0.00s Sys=0.00s Real=0.00s
[141.443s][info][gc,start       ] GC(103) Pause Young (Allocation Failure)
[141.444s][info][gc,heap        ] GC(103) PSYoungGen: 697664K(698368K)->352K(697856K) Eden: 697344K(697344K)->0K(697344K) From: 320K(1024K)->352K(512K)
[141.444s][info][gc,heap        ] GC(103) ParOldGen: 45473K(1398272K)->45537K(1398272K)
[141.444s][info][gc,metaspace   ] GC(103) Metaspace: 82052K(82688K)->82052K(82688K) NonClass: 71799K(72128K)->71799K(72128K) Class: 10252K(10560K)->10252K(10560K)
[141.444s][info][gc             ] GC(103) Pause Young (Allocation Failure) 725M->44M(2047M) 0.982ms
[141.444s][info][gc,cpu         ] GC(103) User=0.00s Sys=0.00s Real=0.00s
[141.780s][info][gc,start       ] GC(104) Pause Young (System.gc())
[141.781s][info][gc,heap        ] GC(104) PSYoungGen: 140743K(697856K)->192K(698368K) Eden: 140391K(697344K)->0K(697856K) From: 352K(512K)->192K(512K)
[141.781s][info][gc,heap        ] GC(104) ParOldGen: 45537K(1398272K)->45617K(1398272K)
[141.781s][info][gc,metaspace   ] GC(104) Metaspace: 82052K(82688K)->82052K(82688K) NonClass: 71799K(72128K)->71799K(72128K) Class: 10252K(10560K)->10252K(10560K)
[141.781s][info][gc             ] GC(104) Pause Young (System.gc()) 181M->44M(2047M) 0.942ms
[141.781s][info][gc,cpu         ] GC(104) User=0.00s Sys=0.00s Real=0.00s
[141.781s][info][gc,start       ] GC(105) Pause Full (System.gc())
[141.781s][info][gc,phases,start] GC(105) Marking Phase
[141.810s][info][gc,phases      ] GC(105) Marking Phase 28.707ms
[141.810s][info][gc,phases,start] GC(105) Summary Phase
[141.810s][info][gc,phases      ] GC(105) Summary Phase 0.010ms
[141.810s][info][gc,phases,start] GC(105) Adjust Roots
[141.822s][info][gc,phases      ] GC(105) Adjust Roots 11.398ms
[141.822s][info][gc,phases,start] GC(105) Compaction Phase
[141.830s][info][gc,phases      ] GC(105) Compaction Phase 8.500ms
[141.830s][info][gc,phases,start] GC(105) Post Compact
[141.830s][info][gc,phases      ] GC(105) Post Compact 0.287ms
[141.831s][info][gc,heap        ] GC(105) PSYoungGen: 192K(698368K)->0K(698368K) Eden: 0K(697856K)->0K(697856K) From: 192K(512K)->0K(512K)
[141.831s][info][gc,heap        ] GC(105) ParOldGen: 45617K(1398272K)->44434K(1398272K)
[141.831s][info][gc,metaspace   ] GC(105) Metaspace: 82052K(82688K)->82052K(82688K) NonClass: 71799K(72128K)->71799K(72128K) Class: 10252K(10560K)->10252K(10560K)
[141.831s][info][gc             ] GC(105) Pause Full (System.gc()) 44M->43M(2047M) 49.199ms
[141.831s][info][gc,cpu         ] GC(105) User=0.12s Sys=0.00s Real=0.05s
[143.326s][info][gc,start       ] GC(106) Pause Young (Allocation Failure)
[143.327s][info][gc,heap        ] GC(106) PSYoungGen: 697856K(698368K)->416K(698368K) Eden: 697856K(697856K)->0K(697856K) From: 0K(512K)->416K(512K)
[143.327s][info][gc,heap        ] GC(106) ParOldGen: 44434K(1398272K)->44434K(1398272K)
[143.327s][info][gc,metaspace   ] GC(106) Metaspace: 82055K(82688K)->82055K(82688K) NonClass: 71803K(72128K)->71803K(72128K) Class: 10252K(10560K)->10252K(10560K)
[143.328s][info][gc             ] GC(106) Pause Young (Allocation Failure) 724M->43M(2047M) 1.141ms
[143.328s][info][gc,cpu         ] GC(106) User=0.00s Sys=0.00s Real=0.00s
[144.926s][info][gc,start       ] GC(107) Pause Young (Allocation Failure)
[144.927s][info][gc,heap        ] GC(107) PSYoungGen: 698272K(698368K)->448K(697344K) Eden: 697856K(697856K)->0K(696832K) From: 416K(512K)->448K(512K)
[144.927s][info][gc,heap        ] GC(107) ParOldGen: 44434K(1398272K)->44586K(1398272K)
[144.927s][info][gc,metaspace   ] GC(107) Metaspace: 82100K(82688K)->82100K(82688K) NonClass: 71847K(72128K)->71847K(72128K) Class: 10252K(10560K)->10252K(10560K)
[144.927s][info][gc             ] GC(107) Pause Young (Allocation Failure) 725M->43M(2046M) 0.989ms
[144.927s][info][gc,cpu         ] GC(107) User=0.00s Sys=0.00s Real=0.00s
[146.561s][info][gc,start       ] GC(108) Pause Young (Allocation Failure)
[146.562s][info][gc,heap        ] GC(108) PSYoungGen: 697280K(697344K)->320K(697856K) Eden: 696832K(696832K)->0K(696832K) From: 448K(512K)->320K(1024K)
[146.562s][info][gc,heap        ] GC(108) ParOldGen: 44586K(1398272K)->44762K(1398272K)
[146.562s][info][gc,metaspace   ] GC(108) Metaspace: 82115K(82688K)->82115K(82688K) NonClass: 71862K(72128K)->71862K(72128K) Class: 10252K(10560K)->10252K(10560K)
[146.562s][info][gc             ] GC(108) Pause Young (Allocation Failure) 724M->44M(2047M) 1.053ms
[146.562s][info][gc,cpu         ] GC(108) User=0.00s Sys=0.00s Real=0.00s
[148.169s][info][gc,start       ] GC(109) Pause Young (Allocation Failure)
[148.170s][info][gc,heap        ] GC(109) PSYoungGen: 697152K(697856K)->555K(697856K) Eden: 696832K(696832K)->0K(696832K) From: 320K(1024K)->555K(1024K)
[148.170s][info][gc,heap        ] GC(109) ParOldGen: 44762K(1398272K)->44842K(1398272K)
[148.170s][info][gc,metaspace   ] GC(109) Metaspace: 82116K(82688K)->82116K(82688K) NonClass: 71864K(72128K)->71864K(72128K) Class: 10252K(10560K)->10252K(10560K)
[148.170s][info][gc             ] GC(109) Pause Young (Allocation Failure) 724M->44M(2047M) 1.138ms
[148.170s][info][gc,cpu         ] GC(109) User=0.02s Sys=0.00s Real=0.00s
[149.761s][info][gc,start       ] GC(110) Pause Young (Allocation Failure)
[149.762s][info][gc,heap        ] GC(110) PSYoungGen: 697387K(697856K)->288K(697856K) Eden: 696832K(696832K)->0K(696832K) From: 555K(1024K)->288K(1024K)
[149.762s][info][gc,heap        ] GC(110) ParOldGen: 44842K(1398272K)->44914K(1398272K)
[149.762s][info][gc,metaspace   ] GC(110) Metaspace: 82117K(82688K)->82117K(82688K) NonClass: 71864K(72128K)->71864K(72128K) Class: 10253K(10560K)->10253K(10560K)
[149.762s][info][gc             ] GC(110) Pause Young (Allocation Failure) 724M->44M(2047M) 0.995ms
[149.762s][info][gc,cpu         ] GC(110) User=0.00s Sys=0.00s Real=0.00s
[151.403s][info][gc,start       ] GC(111) Pause Young (Allocation Failure)
[151.404s][info][gc,heap        ] GC(111) PSYoungGen: 697120K(697856K)->352K(697856K) Eden: 696832K(696832K)->0K(696832K) From: 288K(1024K)->352K(1024K)
[151.404s][info][gc,heap        ] GC(111) ParOldGen: 44914K(1398272K)->44978K(1398272K)
[151.404s][info][gc,metaspace   ] GC(111) Metaspace: 82117K(82688K)->82117K(82688K) NonClass: 71864K(72128K)->71864K(72128K) Class: 10253K(10560K)->10253K(10560K)
[151.404s][info][gc             ] GC(111) Pause Young (Allocation Failure) 724M->44M(2047M) 1.180ms
[151.404s][info][gc,cpu         ] GC(111) User=0.05s Sys=0.00s Real=0.00s
[152.879s][info][gc,start       ] GC(112) Pause Young (Allocation Failure)
[152.880s][info][gc,heap        ] GC(112) PSYoungGen: 697184K(697856K)->256K(697856K) Eden: 696832K(696832K)->0K(696832K) From: 352K(1024K)->256K(1024K)
[152.880s][info][gc,heap        ] GC(112) ParOldGen: 44978K(1398272K)->45050K(1398272K)
[152.880s][info][gc,metaspace   ] GC(112) Metaspace: 82118K(82688K)->82118K(82688K) NonClass: 71865K(72128K)->71865K(72128K) Class: 10253K(10560K)->10253K(10560K)
[152.880s][info][gc             ] GC(112) Pause Young (Allocation Failure) 724M->44M(2047M) 1.026ms
[152.880s][info][gc,cpu         ] GC(112) User=0.00s Sys=0.00s Real=0.00s
[154.261s][info][gc,start       ] GC(113) Pause Young (Allocation Failure)
[154.262s][info][gc,heap        ] GC(113) PSYoungGen: 697088K(697856K)->621K(697856K) Eden: 696832K(696832K)->0K(696832K) From: 256K(1024K)->621K(1024K)
[154.262s][info][gc,heap        ] GC(113) ParOldGen: 45050K(1398272K)->45114K(1398272K)
[154.262s][info][gc,metaspace   ] GC(113) Metaspace: 82120K(82688K)->82120K(82688K) NonClass: 71867K(72128K)->71867K(72128K) Class: 10253K(10560K)->10253K(10560K)
[154.262s][info][gc             ] GC(113) Pause Young (Allocation Failure) 724M->44M(2047M) 1.160ms
[154.262s][info][gc,cpu         ] GC(113) User=0.00s Sys=0.00s Real=0.00s
[155.655s][info][gc,start       ] GC(114) Pause Young (Allocation Failure)
[155.656s][info][gc,heap        ] GC(114) PSYoungGen: 697453K(697856K)->332K(697856K) Eden: 696832K(696832K)->0K(696832K) From: 621K(1024K)->332K(1024K)
[155.656s][info][gc,heap        ] GC(114) ParOldGen: 45114K(1398272K)->45242K(1398272K)
[155.656s][info][gc,metaspace   ] GC(114) Metaspace: 82120K(82688K)->82120K(82688K) NonClass: 71867K(72128K)->71867K(72128K) Class: 10253K(10560K)->10253K(10560K)
[155.656s][info][gc             ] GC(114) Pause Young (Allocation Failure) 725M->44M(2047M) 0.893ms
[155.656s][info][gc,cpu         ] GC(114) User=0.00s Sys=0.00s Real=0.00s
[157.187s][info][gc,start       ] GC(115) Pause Young (Allocation Failure)
[157.188s][info][gc,heap        ] GC(115) PSYoungGen: 697164K(697856K)->386K(697856K) Eden: 696832K(696832K)->0K(696832K) From: 332K(1024K)->386K(1024K)
[157.188s][info][gc,heap        ] GC(115) ParOldGen: 45242K(1398272K)->45306K(1398272K)
[157.188s][info][gc,metaspace   ] GC(115) Metaspace: 82120K(82688K)->82120K(82688K) NonClass: 71867K(72128K)->71867K(72128K) Class: 10253K(10560K)->10253K(10560K)
[157.188s][info][gc             ] GC(115) Pause Young (Allocation Failure) 725M->44M(2047M) 0.997ms
[157.188s][info][gc,cpu         ] GC(115) User=0.00s Sys=0.00s Real=0.00s
[158.631s][info][gc,start       ] GC(116) Pause Young (Allocation Failure)
[158.632s][info][gc,heap        ] GC(116) PSYoungGen: 697218K(697856K)->320K(697856K) Eden: 696832K(696832K)->0K(696832K) From: 386K(1024K)->320K(1024K)
[158.632s][info][gc,heap        ] GC(116) ParOldGen: 45306K(1398272K)->45370K(1398272K)
[158.632s][info][gc,metaspace   ] GC(116) Metaspace: 82120K(82688K)->82120K(82688K) NonClass: 71867K(72128K)->71867K(72128K) Class: 10253K(10560K)->10253K(10560K)
[158.632s][info][gc             ] GC(116) Pause Young (Allocation Failure) 725M->44M(2047M) 1.002ms
[158.632s][info][gc,cpu         ] GC(116) User=0.00s Sys=0.00s Real=0.00s
[160.199s][info][gc,start       ] GC(117) Pause Young (Allocation Failure)
[160.200s][info][gc,heap        ] GC(117) PSYoungGen: 697152K(697856K)->320K(697856K) Eden: 696832K(696832K)->0K(696832K) From: 320K(1024K)->320K(1024K)
[160.200s][info][gc,heap        ] GC(117) ParOldGen: 45370K(1398272K)->45434K(1398272K)
[160.200s][info][gc,metaspace   ] GC(117) Metaspace: 82120K(82688K)->82120K(82688K) NonClass: 71867K(72128K)->71867K(72128K) Class: 10253K(10560K)->10253K(10560K)
[160.200s][info][gc             ] GC(117) Pause Young (Allocation Failure) 725M->44M(2047M) 0.981ms
[160.200s][info][gc,cpu         ] GC(117) User=0.00s Sys=0.00s Real=0.00s
[161.823s][info][gc,start       ] GC(118) Pause Young (Allocation Failure)
[161.823s][info][gc,heap        ] GC(118) PSYoungGen: 697152K(697856K)->320K(697856K) Eden: 696832K(696832K)->0K(696832K) From: 320K(1024K)->320K(1024K)
[161.824s][info][gc,heap        ] GC(118) ParOldGen: 45434K(1398272K)->45498K(1398272K)
[161.824s][info][gc,metaspace   ] GC(118) Metaspace: 82120K(82688K)->82120K(82688K) NonClass: 71867K(72128K)->71867K(72128K) Class: 10253K(10560K)->10253K(10560K)
[161.824s][info][gc             ] GC(118) Pause Young (Allocation Failure) 725M->44M(2047M) 0.720ms
[161.824s][info][gc,cpu         ] GC(118) User=0.00s Sys=0.00s Real=0.00s
[163.536s][info][gc,start       ] GC(119) Pause Young (Allocation Failure)
[163.537s][info][gc,heap        ] GC(119) PSYoungGen: 697152K(697856K)->396K(697856K) Eden: 696832K(696832K)->0K(696832K) From: 320K(1024K)->396K(1024K)
[163.537s][info][gc,heap        ] GC(119) ParOldGen: 45502K(1398272K)->45566K(1398272K)
[163.537s][info][gc,metaspace   ] GC(119) Metaspace: 82120K(82688K)->82120K(82688K) NonClass: 71867K(72128K)->71867K(72128K) Class: 10253K(10560K)->10253K(10560K)
[163.537s][info][gc             ] GC(119) Pause Young (Allocation Failure) 725M->44M(2047M) 1.033ms
[163.537s][info][gc,cpu         ] GC(119) User=0.00s Sys=0.00s Real=0.00s
[163.834s][info][gc,start       ] GC(120) Pause Young (System.gc())
[163.835s][info][gc,heap        ] GC(120) PSYoungGen: 137515K(697856K)->224K(697856K) Eden: 137119K(696832K)->0K(696832K) From: 396K(1024K)->224K(1024K)
[163.835s][info][gc,heap        ] GC(120) ParOldGen: 45566K(1398272K)->45638K(1398272K)
[163.835s][info][gc,metaspace   ] GC(120) Metaspace: 82120K(82688K)->82120K(82688K) NonClass: 71867K(72128K)->71867K(72128K) Class: 10253K(10560K)->10253K(10560K)
[163.835s][info][gc             ] GC(120) Pause Young (System.gc()) 178M->44M(2047M) 0.679ms
[163.835s][info][gc,cpu         ] GC(120) User=0.00s Sys=0.00s Real=0.00s
[163.835s][info][gc,start       ] GC(121) Pause Full (System.gc())
[163.835s][info][gc,phases,start] GC(121) Marking Phase
[163.863s][info][gc,phases      ] GC(121) Marking Phase 27.905ms
[163.863s][info][gc,phases,start] GC(121) Summary Phase
[163.863s][info][gc,phases      ] GC(121) Summary Phase 0.010ms
[163.863s][info][gc,phases,start] GC(121) Adjust Roots
[163.874s][info][gc,phases      ] GC(121) Adjust Roots 11.065ms
[163.874s][info][gc,phases,start] GC(121) Compaction Phase
[163.881s][info][gc,phases      ] GC(121) Compaction Phase 6.726ms
[163.881s][info][gc,phases,start] GC(121) Post Compact
[163.881s][info][gc,phases      ] GC(121) Post Compact 0.417ms
[163.881s][info][gc,heap        ] GC(121) PSYoungGen: 224K(697856K)->0K(697856K) Eden: 0K(696832K)->0K(696832K) From: 224K(1024K)->0K(1024K)
[163.881s][info][gc,heap        ] GC(121) ParOldGen: 45638K(1398272K)->44437K(1398272K)
[163.881s][info][gc,metaspace   ] GC(121) Metaspace: 82120K(82688K)->82120K(82688K) NonClass: 71867K(72128K)->71867K(72128K) Class: 10253K(10560K)->10253K(10560K)
[163.881s][info][gc             ] GC(121) Pause Full (System.gc()) 44M->43M(2047M) 46.434ms
[163.881s][info][gc,cpu         ] GC(121) User=0.12s Sys=0.00s Real=0.06s
[165.380s][info][gc,start       ] GC(122) Pause Young (Allocation Failure)
[165.381s][info][gc,heap        ] GC(122) PSYoungGen: 696832K(697856K)->448K(697856K) Eden: 696832K(696832K)->0K(696832K) From: 0K(1024K)->448K(1024K)
[165.381s][info][gc,heap        ] GC(122) ParOldGen: 44437K(1398272K)->44437K(1398272K)
[165.381s][info][gc,metaspace   ] GC(122) Metaspace: 82120K(82688K)->82120K(82688K) NonClass: 71867K(72128K)->71867K(72128K) Class: 10253K(10560K)->10253K(10560K)
[165.381s][info][gc             ] GC(122) Pause Young (Allocation Failure) 723M->43M(2047M) 1.150ms
[165.381s][info][gc,cpu         ] GC(122) User=0.00s Sys=0.00s Real=0.00s
[167.001s][info][gc,start       ] GC(123) Pause Young (Allocation Failure)
[167.002s][info][gc,heap        ] GC(123) PSYoungGen: 697280K(697856K)->418K(697856K) Eden: 696832K(696832K)->0K(696832K) From: 448K(1024K)->418K(1024K)
[167.002s][info][gc,heap        ] GC(123) ParOldGen: 44437K(1398272K)->44621K(1398272K)
[167.002s][info][gc,metaspace   ] GC(123) Metaspace: 82126K(82688K)->82126K(82688K) NonClass: 71873K(72128K)->71873K(72128K) Class: 10253K(10560K)->10253K(10560K)
[167.002s][info][gc             ] GC(123) Pause Young (Allocation Failure) 724M->43M(2047M) 1.025ms
[167.002s][info][gc,cpu         ] GC(123) User=0.00s Sys=0.00s Real=0.00s
[168.656s][info][gc,start       ] GC(124) Pause Young (Allocation Failure)
[168.657s][info][gc,heap        ] GC(124) PSYoungGen: 697250K(697856K)->288K(697856K) Eden: 696832K(696832K)->0K(696832K) From: 418K(1024K)->288K(1024K)
[168.657s][info][gc,heap        ] GC(124) ParOldGen: 44621K(1398272K)->44717K(1398272K)
[168.657s][info][gc,metaspace   ] GC(124) Metaspace: 82126K(82688K)->82126K(82688K) NonClass: 71873K(72128K)->71873K(72128K) Class: 10253K(10560K)->10253K(10560K)
[168.657s][info][gc             ] GC(124) Pause Young (Allocation Failure) 724M->43M(2047M) 0.879ms
[168.657s][info][gc,cpu         ] GC(124) User=0.00s Sys=0.00s Real=0.00s
[170.249s][info][gc,start       ] GC(125) Pause Young (GCLocker Initiated GC)
[170.250s][info][gc,heap        ] GC(125) PSYoungGen: 697120K(697856K)->396K(697856K) Eden: 696832K(696832K)->0K(696832K) From: 288K(1024K)->396K(1024K)
[170.250s][info][gc,heap        ] GC(125) ParOldGen: 44794K(1398272K)->44858K(1398272K)
[170.250s][info][gc,metaspace   ] GC(125) Metaspace: 82126K(82688K)->82126K(82688K) NonClass: 71873K(72128K)->71873K(72128K) Class: 10253K(10560K)->10253K(10560K)
[170.250s][info][gc             ] GC(125) Pause Young (GCLocker Initiated GC) 724M->44M(2047M) 0.986ms
[170.250s][info][gc,cpu         ] GC(125) User=0.00s Sys=0.00s Real=0.00s
[171.816s][info][gc,start       ] GC(126) Pause Young (Allocation Failure)
[171.817s][info][gc,heap        ] GC(126) PSYoungGen: 697228K(697856K)->288K(697856K) Eden: 696832K(696832K)->0K(696832K) From: 396K(1024K)->288K(1024K)
[171.817s][info][gc,heap        ] GC(126) ParOldGen: 45063K(1398272K)->45143K(1398272K)
[171.817s][info][gc,metaspace   ] GC(126) Metaspace: 82129K(82752K)->82129K(82752K) NonClass: 71876K(72192K)->71876K(72192K) Class: 10253K(10560K)->10253K(10560K)
[171.817s][info][gc             ] GC(126) Pause Young (Allocation Failure) 724M->44M(2047M) 0.928ms
[171.817s][info][gc,cpu         ] GC(126) User=0.00s Sys=0.00s Real=0.00s
[173.511s][info][gc,start       ] GC(127) Pause Young (Allocation Failure)
[173.511s][info][gc,heap        ] GC(127) PSYoungGen: 697120K(697856K)->256K(697856K) Eden: 696832K(696832K)->0K(696832K) From: 288K(1024K)->256K(1024K)
[173.511s][info][gc,heap        ] GC(127) ParOldGen: 45143K(1398272K)->45223K(1398272K)
[173.511s][info][gc,metaspace   ] GC(127) Metaspace: 82132K(82752K)->82132K(82752K) NonClass: 71879K(72192K)->71879K(72192K) Class: 10253K(10560K)->10253K(10560K)
[173.512s][info][gc             ] GC(127) Pause Young (Allocation Failure) 724M->44M(2047M) 0.975ms
[173.512s][info][gc,cpu         ] GC(127) User=0.00s Sys=0.00s Real=0.00s
[174.995s][info][gc,start       ] GC(128) Pause Young (Allocation Failure)
[174.996s][info][gc,heap        ] GC(128) PSYoungGen: 697088K(697856K)->587K(697856K) Eden: 696832K(696832K)->0K(696832K) From: 256K(1024K)->587K(1024K)
[174.996s][info][gc,heap        ] GC(128) ParOldGen: 45223K(1398272K)->45295K(1398272K)
[174.996s][info][gc,metaspace   ] GC(128) Metaspace: 82137K(82752K)->82137K(82752K) NonClass: 71883K(72192K)->71883K(72192K) Class: 10253K(10560K)->10253K(10560K)
[174.996s][info][gc             ] GC(128) Pause Young (Allocation Failure) 724M->44M(2047M) 0.729ms
[174.996s][info][gc,cpu         ] GC(128) User=0.00s Sys=0.00s Real=0.00s
[176.367s][info][gc,start       ] GC(129) Pause Young (Allocation Failure)
[176.368s][info][gc,heap        ] GC(129) PSYoungGen: 697419K(697856K)->396K(697856K) Eden: 696832K(696832K)->0K(696832K) From: 587K(1024K)->396K(1024K)
[176.368s][info][gc,heap        ] GC(129) ParOldGen: 45295K(1398272K)->45407K(1398272K)
[176.368s][info][gc,metaspace   ] GC(129) Metaspace: 82137K(82752K)->82137K(82752K) NonClass: 71883K(72192K)->71883K(72192K) Class: 10253K(10560K)->10253K(10560K)
[176.368s][info][gc             ] GC(129) Pause Young (Allocation Failure) 725M->44M(2047M) 1.009ms
[176.368s][info][gc,cpu         ] GC(129) User=0.00s Sys=0.00s Real=0.00s
[177.794s][info][gc,start       ] GC(130) Pause Young (Allocation Failure)
[177.795s][info][gc,heap        ] GC(130) PSYoungGen: 697228K(697856K)->256K(697856K) Eden: 696832K(696832K)->0K(696832K) From: 396K(1024K)->256K(1024K)
[177.795s][info][gc,heap        ] GC(130) ParOldGen: 45407K(1398272K)->45471K(1398272K)
[177.795s][info][gc,metaspace   ] GC(130) Metaspace: 82142K(82752K)->82142K(82752K) NonClass: 71889K(72192K)->71889K(72192K) Class: 10253K(10560K)->10253K(10560K)
[177.795s][info][gc             ] GC(130) Pause Young (Allocation Failure) 725M->44M(2047M) 0.917ms
[177.795s][info][gc,cpu         ] GC(130) User=0.00s Sys=0.00s Real=0.00s
[179.370s][info][gc,start       ] GC(131) Pause Young (Allocation Failure)
[179.371s][info][gc,heap        ] GC(131) PSYoungGen: 697088K(697856K)->256K(697856K) Eden: 696832K(696832K)->0K(696832K) From: 256K(1024K)->256K(1024K)
[179.371s][info][gc,heap        ] GC(131) ParOldGen: 45471K(1398272K)->45535K(1398272K)
[179.371s][info][gc,metaspace   ] GC(131) Metaspace: 82142K(82752K)->82142K(82752K) NonClass: 71889K(72192K)->71889K(72192K) Class: 10253K(10560K)->10253K(10560K)
[179.371s][info][gc             ] GC(131) Pause Young (Allocation Failure) 725M->44M(2047M) 1.048ms
[179.371s][info][gc,cpu         ] GC(131) User=0.00s Sys=0.00s Real=0.00s
[180.789s][info][gc,start       ] GC(132) Pause Young (Allocation Failure)
[180.789s][info][gc,heap        ] GC(132) PSYoungGen: 697088K(697856K)->288K(697856K) Eden: 696832K(696832K)->0K(696832K) From: 256K(1024K)->288K(1024K)
[180.789s][info][gc,heap        ] GC(132) ParOldGen: 45535K(1398272K)->45599K(1398272K)
[180.789s][info][gc,metaspace   ] GC(132) Metaspace: 82143K(82752K)->82143K(82752K) NonClass: 71890K(72192K)->71890K(72192K) Class: 10253K(10560K)->10253K(10560K)
[180.789s][info][gc             ] GC(132) Pause Young (Allocation Failure) 725M->44M(2047M) 0.661ms
[180.789s][info][gc,cpu         ] GC(132) User=0.00s Sys=0.00s Real=0.00s
[182.389s][info][gc,start       ] GC(133) Pause Young (Allocation Failure)
[182.390s][info][gc,heap        ] GC(133) PSYoungGen: 697120K(697856K)->396K(697856K) Eden: 696832K(696832K)->0K(696832K) From: 288K(1024K)->396K(1024K)
[182.390s][info][gc,heap        ] GC(133) ParOldGen: 45599K(1398272K)->45663K(1398272K)
[182.390s][info][gc,metaspace   ] GC(133) Metaspace: 82146K(82752K)->82146K(82752K) NonClass: 71892K(72192K)->71892K(72192K) Class: 10253K(10560K)->10253K(10560K)
[182.390s][info][gc             ] GC(133) Pause Young (Allocation Failure) 725M->44M(2047M) 0.971ms
[182.390s][info][gc,cpu         ] GC(133) User=0.00s Sys=0.00s Real=0.00s
[184.087s][info][gc,start       ] GC(134) Pause Young (Allocation Failure)
[184.088s][info][gc,heap        ] GC(134) PSYoungGen: 697228K(697856K)->352K(697856K) Eden: 696832K(696832K)->0K(696832K) From: 396K(1024K)->352K(1024K)
[184.088s][info][gc,heap        ] GC(134) ParOldGen: 45663K(1398272K)->45735K(1398272K)
[184.088s][info][gc,metaspace   ] GC(134) Metaspace: 82147K(82752K)->82147K(82752K) NonClass: 71893K(72192K)->71893K(72192K) Class: 10254K(10560K)->10254K(10560K)
[184.088s][info][gc             ] GC(134) Pause Young (Allocation Failure) 725M->45M(2047M) 1.049ms
[184.088s][info][gc,cpu         ] GC(134) User=0.00s Sys=0.00s Real=0.00s
[185.789s][info][gc,start       ] GC(135) Pause Young (Allocation Failure)
[185.790s][info][gc,heap        ] GC(135) PSYoungGen: 697184K(697856K)->288K(697856K) Eden: 696832K(696832K)->0K(696832K) From: 352K(1024K)->288K(1024K)
[185.790s][info][gc,heap        ] GC(135) ParOldGen: 45735K(1398272K)->45863K(1398272K)
[185.790s][info][gc,metaspace   ] GC(135) Metaspace: 82147K(82752K)->82147K(82752K) NonClass: 71893K(72192K)->71893K(72192K) Class: 10254K(10560K)->10254K(10560K)
[185.790s][info][gc             ] GC(135) Pause Young (Allocation Failure) 725M->45M(2047M) 1.067ms
[185.790s][info][gc,cpu         ] GC(135) User=0.00s Sys=0.00s Real=0.00s
[186.127s][info][gc,start       ] GC(136) Pause Young (System.gc())
[186.127s][info][gc,heap        ] GC(136) PSYoungGen: 151005K(697856K)->192K(697856K) Eden: 150717K(696832K)->0K(696832K) From: 288K(1024K)->192K(1024K)
[186.127s][info][gc,heap        ] GC(136) ParOldGen: 45863K(1398272K)->45927K(1398272K)
[186.127s][info][gc,metaspace   ] GC(136) Metaspace: 82148K(82752K)->82148K(82752K) NonClass: 71894K(72192K)->71894K(72192K) Class: 10254K(10560K)->10254K(10560K)
[186.127s][info][gc             ] GC(136) Pause Young (System.gc()) 192M->45M(2047M) 0.786ms
[186.127s][info][gc,cpu         ] GC(136) User=0.00s Sys=0.00s Real=0.00s
[186.128s][info][gc,start       ] GC(137) Pause Full (System.gc())
[186.128s][info][gc,phases,start] GC(137) Marking Phase
[186.157s][info][gc,phases      ] GC(137) Marking Phase 29.255ms
[186.157s][info][gc,phases,start] GC(137) Summary Phase
[186.157s][info][gc,phases      ] GC(137) Summary Phase 0.011ms
[186.157s][info][gc,phases,start] GC(137) Adjust Roots
[186.168s][info][gc,phases      ] GC(137) Adjust Roots 11.047ms
[186.168s][info][gc,phases,start] GC(137) Compaction Phase
[186.175s][info][gc,phases      ] GC(137) Compaction Phase 7.087ms
[186.175s][info][gc,phases,start] GC(137) Post Compact
[186.176s][info][gc,phases      ] GC(137) Post Compact 0.430ms
[186.176s][info][gc,heap        ] GC(137) PSYoungGen: 192K(697856K)->0K(697856K) Eden: 0K(696832K)->0K(696832K) From: 192K(1024K)->0K(1024K)
[186.176s][info][gc,heap        ] GC(137) ParOldGen: 45927K(1398272K)->44441K(1398272K)
[186.176s][info][gc,metaspace   ] GC(137) Metaspace: 82148K(82752K)->82148K(82752K) NonClass: 71894K(72192K)->71894K(72192K) Class: 10254K(10560K)->10254K(10560K)
[186.176s][info][gc             ] GC(137) Pause Full (System.gc()) 45M->43M(2047M) 48.105ms
[186.176s][info][gc,cpu         ] GC(137) User=0.20s Sys=0.00s Real=0.05s
[187.660s][info][gc,start       ] GC(138) Pause Young (Allocation Failure)
[187.661s][info][gc,heap        ] GC(138) PSYoungGen: 696832K(697856K)->448K(697856K) Eden: 696832K(696832K)->0K(696832K) From: 0K(1024K)->448K(1024K)
[187.661s][info][gc,heap        ] GC(138) ParOldGen: 44441K(1398272K)->44441K(1398272K)
[187.661s][info][gc,metaspace   ] GC(138) Metaspace: 82148K(82752K)->82148K(82752K) NonClass: 71894K(72192K)->71894K(72192K) Class: 10254K(10560K)->10254K(10560K)
[187.661s][info][gc             ] GC(138) Pause Young (Allocation Failure) 723M->43M(2047M) 0.769ms
[187.661s][info][gc,cpu         ] GC(138) User=0.00s Sys=0.00s Real=0.00s
[189.267s][info][gc,start       ] GC(139) Pause Young (Allocation Failure)
[189.268s][info][gc,heap        ] GC(139) PSYoungGen: 697280K(697856K)->320K(697856K) Eden: 696832K(696832K)->0K(696832K) From: 448K(1024K)->320K(1024K)
[189.268s][info][gc,heap        ] GC(139) ParOldGen: 44441K(1398272K)->44625K(1398272K)
[189.268s][info][gc,metaspace   ] GC(139) Metaspace: 82148K(82752K)->82148K(82752K) NonClass: 71894K(72192K)->71894K(72192K) Class: 10254K(10560K)->10254K(10560K)
[189.268s][info][gc             ] GC(139) Pause Young (Allocation Failure) 724M->43M(2047M) 0.858ms
[189.268s][info][gc,cpu         ] GC(139) User=0.00s Sys=0.00s Real=0.00s
[190.952s][info][gc,start       ] GC(140) Pause Young (Allocation Failure)
[190.953s][info][gc,heap        ] GC(140) PSYoungGen: 697152K(697856K)->320K(697856K) Eden: 696832K(696832K)->0K(696832K) From: 320K(1024K)->320K(1024K)
[190.953s][info][gc,heap        ] GC(140) ParOldGen: 44625K(1398272K)->44697K(1398272K)
[190.953s][info][gc,metaspace   ] GC(140) Metaspace: 82148K(82752K)->82148K(82752K) NonClass: 71894K(72192K)->71894K(72192K) Class: 10254K(10560K)->10254K(10560K)
[190.953s][info][gc             ] GC(140) Pause Young (Allocation Failure) 724M->43M(2047M) 1.020ms
[190.953s][info][gc,cpu         ] GC(140) User=0.00s Sys=0.00s Real=0.00s
[192.566s][info][gc,start       ] GC(141) Pause Young (Allocation Failure)
[192.567s][info][gc,heap        ] GC(141) PSYoungGen: 697152K(697856K)->288K(697856K) Eden: 696832K(696832K)->0K(696832K) From: 320K(1024K)->288K(1024K)
[192.567s][info][gc,heap        ] GC(141) ParOldGen: 44697K(1398272K)->44777K(1398272K)
[192.567s][info][gc,metaspace   ] GC(141) Metaspace: 82151K(82752K)->82151K(82752K) NonClass: 71897K(72192K)->71897K(72192K) Class: 10254K(10560K)->10254K(10560K)
[192.567s][info][gc             ] GC(141) Pause Young (Allocation Failure) 724M->44M(2047M) 1.129ms
[192.567s][info][gc,cpu         ] GC(141) User=0.00s Sys=0.00s Real=0.00s
[194.227s][info][gc,start       ] GC(142) Pause Young (Allocation Failure)
[194.227s][info][gc,heap        ] GC(142) PSYoungGen: 697120K(697856K)->587K(697856K) Eden: 696832K(696832K)->0K(696832K) From: 288K(1024K)->587K(1024K)
[194.228s][info][gc,heap        ] GC(142) ParOldGen: 44777K(1398272K)->44849K(1398272K)
[194.228s][info][gc,metaspace   ] GC(142) Metaspace: 82151K(82752K)->82151K(82752K) NonClass: 71897K(72192K)->71897K(72192K) Class: 10254K(10560K)->10254K(10560K)
[194.228s][info][gc             ] GC(142) Pause Young (Allocation Failure) 724M->44M(2047M) 1.006ms
[194.228s][info][gc,cpu         ] GC(142) User=0.00s Sys=0.00s Real=0.00s
[195.918s][info][gc,start       ] GC(143) Pause Young (Allocation Failure)
[195.919s][info][gc,heap        ] GC(143) PSYoungGen: 697419K(697856K)->256K(697856K) Eden: 696832K(696832K)->0K(696832K) From: 587K(1024K)->256K(1024K)
[195.919s][info][gc,heap        ] GC(143) ParOldGen: 44849K(1398272K)->44953K(1398272K)
[195.919s][info][gc,metaspace   ] GC(143) Metaspace: 82154K(82752K)->82154K(82752K) NonClass: 71900K(72192K)->71900K(72192K) Class: 10254K(10560K)->10254K(10560K)
[195.919s][info][gc             ] GC(143) Pause Young (Allocation Failure) 724M->44M(2047M) 0.815ms
[195.919s][info][gc,cpu         ] GC(143) User=0.02s Sys=0.00s Real=0.00s
[197.448s][info][gc,start       ] GC(144) Pause Young (Allocation Failure)
[197.449s][info][gc,heap        ] GC(144) PSYoungGen: 697088K(697856K)->758K(697856K) Eden: 696832K(696832K)->0K(696832K) From: 256K(1024K)->758K(1024K)
[197.449s][info][gc,heap        ] GC(144) ParOldGen: 44953K(1398272K)->45025K(1398272K)
[197.449s][info][gc,metaspace   ] GC(144) Metaspace: 82154K(82752K)->82154K(82752K) NonClass: 71900K(72192K)->71900K(72192K) Class: 10254K(10560K)->10254K(10560K)
[197.449s][info][gc             ] GC(144) Pause Young (Allocation Failure) 724M->44M(2047M) 1.262ms
[197.449s][info][gc,cpu         ] GC(144) User=0.00s Sys=0.00s Real=0.00s
[198.850s][info][gc,start       ] GC(145) Pause Young (Allocation Failure)
[198.851s][info][gc,heap        ] GC(145) PSYoungGen: 697590K(697856K)->460K(697856K) Eden: 696832K(696832K)->0K(696832K) From: 758K(1024K)->460K(1024K)
[198.851s][info][gc,heap        ] GC(145) ParOldGen: 45228K(1398272K)->45284K(1398272K)
[198.851s][info][gc,metaspace   ] GC(145) Metaspace: 82155K(82752K)->82155K(82752K) NonClass: 71900K(72192K)->71900K(72192K) Class: 10254K(10560K)->10254K(10560K)
[198.851s][info][gc             ] GC(145) Pause Young (Allocation Failure) 725M->44M(2047M) 1.071ms
[198.851s][info][gc,cpu         ] GC(145) User=0.00s Sys=0.00s Real=0.00s
[200.210s][info][gc,start       ] GC(146) Pause Young (Allocation Failure)
[200.214s][info][gc,heap        ] GC(146) PSYoungGen: 697292K(697856K)->396K(697856K) Eden: 696832K(696832K)->0K(696832K) From: 460K(1024K)->396K(1024K)
[200.214s][info][gc,heap        ] GC(146) ParOldGen: 45360K(1398272K)->45432K(1398272K)
[200.214s][info][gc,metaspace   ] GC(146) Metaspace: 82155K(82752K)->82155K(82752K) NonClass: 71900K(72192K)->71900K(72192K) Class: 10254K(10560K)->10254K(10560K)
[200.214s][info][gc             ] GC(146) Pause Young (Allocation Failure) 725M->44M(2047M) 4.632ms
[200.214s][info][gc,cpu         ] GC(146) User=0.00s Sys=0.00s Real=0.00s
[201.733s][info][gc,start       ] GC(147) Pause Young (Allocation Failure)
[201.734s][info][gc,heap        ] GC(147) PSYoungGen: 697228K(697856K)->256K(697856K) Eden: 696832K(696832K)->0K(696832K) From: 396K(1024K)->256K(1024K)
[201.734s][info][gc,heap        ] GC(147) ParOldGen: 45432K(1398272K)->45512K(1398272K)
[201.734s][info][gc,metaspace   ] GC(147) Metaspace: 82155K(82752K)->82155K(82752K) NonClass: 71900K(72192K)->71900K(72192K) Class: 10254K(10560K)->10254K(10560K)
[201.734s][info][gc             ] GC(147) Pause Young (Allocation Failure) 725M->44M(2047M) 0.979ms
[201.734s][info][gc,cpu         ] GC(147) User=0.00s Sys=0.00s Real=0.00s
[203.216s][info][gc,start       ] GC(148) Pause Young (GCLocker Initiated GC)
[203.217s][info][gc,heap        ] GC(148) PSYoungGen: 697088K(697856K)->396K(697856K) Eden: 696832K(696832K)->0K(696832K) From: 256K(1024K)->396K(1024K)
[203.217s][info][gc,heap        ] GC(148) ParOldGen: 45578K(1398272K)->45650K(1398272K)
[203.217s][info][gc,metaspace   ] GC(148) Metaspace: 82155K(82752K)->82155K(82752K) NonClass: 71900K(72192K)->71900K(72192K) Class: 10254K(10560K)->10254K(10560K)
[203.217s][info][gc             ] GC(148) Pause Young (GCLocker Initiated GC) 725M->44M(2047M) 0.938ms
[203.217s][info][gc,cpu         ] GC(148) User=0.02s Sys=0.00s Real=0.00s
[204.832s][info][gc,start       ] GC(149) Pause Young (Allocation Failure)
[204.833s][info][gc,heap        ] GC(149) PSYoungGen: 697228K(697856K)->352K(697856K) Eden: 696832K(696832K)->0K(696832K) From: 396K(1024K)->352K(1024K)
[204.833s][info][gc,heap        ] GC(149) ParOldGen: 45662K(1398272K)->45718K(1398272K)
[204.833s][info][gc,metaspace   ] GC(149) Metaspace: 82158K(82752K)->82158K(82752K) NonClass: 71903K(72192K)->71903K(72192K) Class: 10254K(10560K)->10254K(10560K)
[204.833s][info][gc             ] GC(149) Pause Young (Allocation Failure) 725M->44M(2047M) 1.025ms
[204.833s][info][gc,cpu         ] GC(149) User=0.00s Sys=0.00s Real=0.00s
[206.565s][info][gc,start       ] GC(150) Pause Young (Allocation Failure)
[206.565s][info][gc,heap        ] GC(150) PSYoungGen: 697184K(697856K)->320K(697856K) Eden: 696832K(696832K)->0K(696832K) From: 352K(1024K)->320K(1024K)
[206.566s][info][gc,heap        ] GC(150) ParOldGen: 45718K(1398272K)->45846K(1398272K)
[206.566s][info][gc,metaspace   ] GC(150) Metaspace: 82166K(82752K)->82166K(82752K) NonClass: 71912K(72192K)->71912K(72192K) Class: 10254K(10560K)->10254K(10560K)
[206.566s][info][gc             ] GC(150) Pause Young (Allocation Failure) 725M->45M(2047M) 0.667ms
[206.566s][info][gc,cpu         ] GC(150) User=0.00s Sys=0.00s Real=0.00s
[208.341s][info][gc,start       ] GC(151) Pause Young (GCLocker Initiated GC)
[208.342s][info][gc,heap        ] GC(151) PSYoungGen: 697152K(697856K)->450K(697856K) Eden: 696832K(696832K)->0K(696832K) From: 320K(1024K)->450K(1024K)
[208.342s][info][gc,heap        ] GC(151) ParOldGen: 46049K(1398272K)->46113K(1398272K)
[208.342s][info][gc,metaspace   ] GC(151) Metaspace: 82166K(82752K)->82166K(82752K) NonClass: 71912K(72192K)->71912K(72192K) Class: 10254K(10560K)->10254K(10560K)
[208.342s][info][gc             ] GC(151) Pause Young (GCLocker Initiated GC) 725M->45M(2047M) 1.069ms
[208.342s][info][gc,cpu         ] GC(151) User=0.00s Sys=0.00s Real=0.00s
[208.659s][info][gc,start       ] GC(152) Pause Young (System.gc())
[208.660s][info][gc,heap        ] GC(152) PSYoungGen: 141577K(697856K)->192K(697856K) Eden: 141127K(696832K)->0K(696832K) From: 450K(1024K)->192K(1024K)
[208.660s][info][gc,heap        ] GC(152) ParOldGen: 46113K(1398272K)->46201K(1398272K)
[208.660s][info][gc,metaspace   ] GC(152) Metaspace: 82166K(82752K)->82166K(82752K) NonClass: 71912K(72192K)->71912K(72192K) Class: 10254K(10560K)->10254K(10560K)
[208.660s][info][gc             ] GC(152) Pause Young (System.gc()) 183M->45M(2047M) 1.079ms
[208.660s][info][gc,cpu         ] GC(152) User=0.00s Sys=0.00s Real=0.00s
[208.660s][info][gc,start       ] GC(153) Pause Full (System.gc())
[208.660s][info][gc,phases,start] GC(153) Marking Phase
[208.689s][info][gc,phases      ] GC(153) Marking Phase 28.542ms
[208.689s][info][gc,phases,start] GC(153) Summary Phase
[208.689s][info][gc,phases      ] GC(153) Summary Phase 0.010ms
[208.689s][info][gc,phases,start] GC(153) Adjust Roots
[208.701s][info][gc,phases      ] GC(153) Adjust Roots 11.706ms
[208.701s][info][gc,phases,start] GC(153) Compaction Phase
[208.709s][info][gc,phases      ] GC(153) Compaction Phase 7.816ms
[208.709s][info][gc,phases,start] GC(153) Post Compact
[208.709s][info][gc,phases      ] GC(153) Post Compact 0.432ms
[208.709s][info][gc,heap        ] GC(153) PSYoungGen: 192K(697856K)->0K(697856K) Eden: 0K(696832K)->0K(696832K) From: 192K(1024K)->0K(1024K)
[208.709s][info][gc,heap        ] GC(153) ParOldGen: 46201K(1398272K)->44447K(1398272K)
[208.709s][info][gc,metaspace   ] GC(153) Metaspace: 82166K(82752K)->82166K(82752K) NonClass: 71912K(72192K)->71912K(72192K) Class: 10254K(10560K)->10254K(10560K)
[208.709s][info][gc             ] GC(153) Pause Full (System.gc()) 45M->43M(2047M) 48.809ms
[208.709s][info][gc,cpu         ] GC(153) User=0.12s Sys=0.00s Real=0.06s
[210.222s][info][gc,start       ] GC(154) Pause Young (Allocation Failure)
[210.222s][info][gc,heap        ] GC(154) PSYoungGen: 696832K(697856K)->448K(697856K) Eden: 696832K(696832K)->0K(696832K) From: 0K(1024K)->448K(1024K)
[210.222s][info][gc,heap        ] GC(154) ParOldGen: 44452K(1398272K)->44452K(1398272K)
[210.222s][info][gc,metaspace   ] GC(154) Metaspace: 82167K(82752K)->82167K(82752K) NonClass: 71913K(72192K)->71913K(72192K) Class: 10254K(10560K)->10254K(10560K)
[210.222s][info][gc             ] GC(154) Pause Young (Allocation Failure) 723M->43M(2047M) 0.718ms
[210.223s][info][gc,cpu         ] GC(154) User=0.00s Sys=0.00s Real=0.00s
[211.856s][info][gc,start       ] GC(155) Pause Young (Allocation Failure)
[211.857s][info][gc,heap        ] GC(155) PSYoungGen: 697280K(697856K)->428K(697856K) Eden: 696832K(696832K)->0K(696832K) From: 448K(1024K)->428K(1024K)
[211.857s][info][gc,heap        ] GC(155) ParOldGen: 44452K(1398272K)->44620K(1398272K)
[211.857s][info][gc,metaspace   ] GC(155) Metaspace: 82167K(82752K)->82167K(82752K) NonClass: 71913K(72192K)->71913K(72192K) Class: 10254K(10560K)->10254K(10560K)
[211.857s][info][gc             ] GC(155) Pause Young (Allocation Failure) 724M->43M(2047M) 1.057ms
[211.857s][info][gc,cpu         ] GC(155) User=0.09s Sys=0.00s Real=0.00s
[213.584s][info][gc,start       ] GC(156) Pause Young (Allocation Failure)
[213.584s][info][gc,heap        ] GC(156) PSYoungGen: 697260K(697856K)->288K(697856K) Eden: 696832K(696832K)->0K(696832K) From: 428K(1024K)->288K(1024K)
[213.585s][info][gc,heap        ] GC(156) ParOldGen: 44620K(1398272K)->44700K(1398272K)
[213.585s][info][gc,metaspace   ] GC(156) Metaspace: 82167K(82752K)->82167K(82752K) NonClass: 71913K(72192K)->71913K(72192K) Class: 10254K(10560K)->10254K(10560K)
[213.585s][info][gc             ] GC(156) Pause Young (Allocation Failure) 724M->43M(2047M) 1.017ms
[213.585s][info][gc,cpu         ] GC(156) User=0.00s Sys=0.00s Real=0.00s
[215.175s][info][gc,start       ] GC(157) Pause Young (Allocation Failure)
[215.176s][info][gc,heap        ] GC(157) PSYoungGen: 697120K(697856K)->352K(697856K) Eden: 696832K(696832K)->0K(696832K) From: 288K(1024K)->352K(1024K)
[215.177s][info][gc,heap        ] GC(157) ParOldGen: 44700K(1398272K)->44764K(1398272K)
[215.177s][info][gc,metaspace   ] GC(157) Metaspace: 82167K(82752K)->82167K(82752K) NonClass: 71913K(72192K)->71913K(72192K) Class: 10254K(10560K)->10254K(10560K)
[215.177s][info][gc             ] GC(157) Pause Young (Allocation Failure) 724M->44M(2047M) 1.213ms
[215.177s][info][gc,cpu         ] GC(157) User=0.00s Sys=0.00s Real=0.00s
[216.780s][info][gc,start       ] GC(158) Pause Young (Allocation Failure)
[216.781s][info][gc,heap        ] GC(158) PSYoungGen: 697184K(697856K)->320K(697856K) Eden: 696832K(696832K)->0K(696832K) From: 352K(1024K)->320K(1024K)
[216.781s][info][gc,heap        ] GC(158) ParOldGen: 44764K(1398272K)->44884K(1398272K)
[216.781s][info][gc,metaspace   ] GC(158) Metaspace: 82167K(82752K)->82167K(82752K) NonClass: 71913K(72192K)->71913K(72192K) Class: 10254K(10560K)->10254K(10560K)
[216.781s][info][gc             ] GC(158) Pause Young (Allocation Failure) 724M->44M(2047M) 1.111ms
[216.781s][info][gc,cpu         ] GC(158) User=0.00s Sys=0.00s Real=0.00s
[218.452s][info][gc,start       ] GC(159) Pause Young (GCLocker Initiated GC)
[218.453s][info][gc,heap        ] GC(159) PSYoungGen: 697152K(697856K)->320K(697856K) Eden: 696832K(696832K)->0K(696832K) From: 320K(1024K)->320K(1024K)
[218.453s][info][gc,heap        ] GC(159) ParOldGen: 44950K(1398272K)->45014K(1398272K)
[218.453s][info][gc,metaspace   ] GC(159) Metaspace: 82167K(82752K)->82167K(82752K) NonClass: 71913K(72192K)->71913K(72192K) Class: 10254K(10560K)->10254K(10560K)
[218.453s][info][gc             ] GC(159) Pause Young (GCLocker Initiated GC) 724M->44M(2047M) 0.713ms
[218.453s][info][gc,cpu         ] GC(159) User=0.00s Sys=0.00s Real=0.00s
[219.930s][info][gc,start       ] GC(160) Pause Young (Allocation Failure)
[219.931s][info][gc,heap        ] GC(160) PSYoungGen: 697152K(697856K)->320K(697856K) Eden: 696832K(696832K)->0K(696832K) From: 320K(1024K)->320K(1024K)
[219.931s][info][gc,heap        ] GC(160) ParOldGen: 45017K(1398272K)->45089K(1398272K)
[219.931s][info][gc,metaspace   ] GC(160) Metaspace: 82167K(82752K)->82167K(82752K) NonClass: 71913K(72192K)->71913K(72192K) Class: 10254K(10560K)->10254K(10560K)
[219.931s][info][gc             ] GC(160) Pause Young (Allocation Failure) 724M->44M(2047M) 0.964ms
[219.931s][info][gc,cpu         ] GC(160) User=0.00s Sys=0.00s Real=0.00s
[221.374s][info][gc,start       ] GC(161) Pause Young (Allocation Failure)
[221.375s][info][gc,heap        ] GC(161) PSYoungGen: 697152K(697856K)->320K(697856K) Eden: 696832K(696832K)->0K(696832K) From: 320K(1024K)->320K(1024K)
[221.375s][info][gc,heap        ] GC(161) ParOldGen: 45089K(1398272K)->45153K(1398272K)
[221.375s][info][gc,metaspace   ] GC(161) Metaspace: 82168K(82752K)->82168K(82752K) NonClass: 71914K(72192K)->71914K(72192K) Class: 10254K(10560K)->10254K(10560K)
[221.375s][info][gc             ] GC(161) Pause Young (Allocation Failure) 724M->44M(2047M) 0.913ms
[221.375s][info][gc,cpu         ] GC(161) User=0.00s Sys=0.00s Real=0.00s
[222.801s][info][gc,start       ] GC(162) Pause Young (Allocation Failure)
[222.802s][info][gc,heap        ] GC(162) PSYoungGen: 697152K(697856K)->320K(697856K) Eden: 696832K(696832K)->0K(696832K) From: 320K(1024K)->320K(1024K)
[222.802s][info][gc,heap        ] GC(162) ParOldGen: 45153K(1398272K)->45233K(1398272K)
[222.802s][info][gc,metaspace   ] GC(162) Metaspace: 82168K(82752K)->82168K(82752K) NonClass: 71914K(72192K)->71914K(72192K) Class: 10254K(10560K)->10254K(10560K)
[222.802s][info][gc             ] GC(162) Pause Young (Allocation Failure) 724M->44M(2047M) 0.988ms
[222.802s][info][gc,cpu         ] GC(162) User=0.00s Sys=0.00s Real=0.00s
[224.382s][info][gc,start       ] GC(163) Pause Young (Allocation Failure)
[224.383s][info][gc,heap        ] GC(163) PSYoungGen: 697152K(697856K)->428K(697856K) Eden: 696832K(696832K)->0K(696832K) From: 320K(1024K)->428K(1024K)
[224.383s][info][gc,heap        ] GC(163) ParOldGen: 45233K(1398272K)->45305K(1398272K)
[224.383s][info][gc,metaspace   ] GC(163) Metaspace: 82170K(82752K)->82170K(82752K) NonClass: 71915K(72192K)->71915K(72192K) Class: 10254K(10560K)->10254K(10560K)
[224.383s][info][gc             ] GC(163) Pause Young (Allocation Failure) 724M->44M(2047M) 0.933ms
[224.383s][info][gc,cpu         ] GC(163) User=0.00s Sys=0.00s Real=0.00s
[225.813s][info][gc,start       ] GC(164) Pause Young (Allocation Failure)
[225.814s][info][gc,heap        ] GC(164) PSYoungGen: 697260K(697856K)->256K(697856K) Eden: 696832K(696832K)->0K(696832K) From: 428K(1024K)->256K(1024K)
[225.814s][info][gc,heap        ] GC(164) ParOldGen: 45305K(1398272K)->45433K(1398272K)
[225.814s][info][gc,metaspace   ] GC(164) Metaspace: 82170K(82752K)->82170K(82752K) NonClass: 71915K(72192K)->71915K(72192K) Class: 10254K(10560K)->10254K(10560K)
[225.814s][info][gc             ] GC(164) Pause Young (Allocation Failure) 725M->44M(2047M) 0.990ms
[225.814s][info][gc,cpu         ] GC(164) User=0.00s Sys=0.00s Real=0.00s
[227.396s][info][gc,start       ] GC(165) Pause Young (Allocation Failure)
[227.397s][info][gc,heap        ] GC(165) PSYoungGen: 697088K(697856K)->224K(697856K) Eden: 696832K(696832K)->0K(696832K) From: 256K(1024K)->224K(1024K)
[227.397s][info][gc,heap        ] GC(165) ParOldGen: 45433K(1398272K)->45497K(1398272K)
[227.397s][info][gc,metaspace   ] GC(165) Metaspace: 82170K(82752K)->82170K(82752K) NonClass: 71915K(72192K)->71915K(72192K) Class: 10254K(10560K)->10254K(10560K)
[227.397s][info][gc             ] GC(165) Pause Young (Allocation Failure) 725M->44M(2047M) 1.140ms
[227.397s][info][gc,cpu         ] GC(165) User=0.00s Sys=0.00s Real=0.00s
[229.066s][info][gc,start       ] GC(166) Pause Young (GCLocker Initiated GC)
[229.067s][info][gc,heap        ] GC(166) PSYoungGen: 697056K(697856K)->288K(697856K) Eden: 696832K(696832K)->0K(696832K) From: 224K(1024K)->288K(1024K)
[229.067s][info][gc,heap        ] GC(166) ParOldGen: 45563K(1398272K)->45627K(1398272K)
[229.067s][info][gc,metaspace   ] GC(166) Metaspace: 82171K(82752K)->82171K(82752K) NonClass: 71916K(72192K)->71916K(72192K) Class: 10254K(10560K)->10254K(10560K)
[229.067s][info][gc             ] GC(166) Pause Young (GCLocker Initiated GC) 725M->44M(2047M) 0.959ms
[229.067s][info][gc,cpu         ] GC(166) User=0.00s Sys=0.00s Real=0.00s
[230.806s][info][gc,start       ] GC(167) Pause Young (Allocation Failure)
[230.807s][info][gc,heap        ] GC(167) PSYoungGen: 697120K(697856K)->224K(697856K) Eden: 696832K(696832K)->0K(696832K) From: 288K(1024K)->224K(1024K)
[230.807s][info][gc,heap        ] GC(167) ParOldGen: 45847K(1398272K)->45919K(1398272K)
[230.807s][info][gc,metaspace   ] GC(167) Metaspace: 82171K(82752K)->82171K(82752K) NonClass: 71917K(72192K)->71917K(72192K) Class: 10254K(10560K)->10254K(10560K)
[230.807s][info][gc             ] GC(167) Pause Young (Allocation Failure) 725M->45M(2047M) 0.961ms
[230.807s][info][gc,cpu         ] GC(167) User=0.00s Sys=0.00s Real=0.00s
[231.234s][info][gc,heap,exit   ] Heap
[231.234s][info][gc,heap,exit   ]  PSYoungGen      total 697856K, used 155313K [0x00000000d5580000, 0x0000000100000000, 0x0000000100000000)
[231.234s][info][gc,heap,exit   ]   eden space 696832K, 22% used [0x00000000d5580000,0x00000000decf4620,0x00000000ffe00000)
[231.234s][info][gc,heap,exit   ]   from space 1024K, 21% used [0x00000000ffe00000,0x00000000ffe38000,0x00000000fff00000)
[231.234s][info][gc,heap,exit   ]   to   space 1024K, 0% used [0x00000000fff00000,0x00000000fff00000,0x0000000100000000)
[231.234s][info][gc,heap,exit   ]  ParOldGen       total 1398272K, used 45919K [0x0000000080000000, 0x00000000d5580000, 0x00000000d5580000)
[231.234s][info][gc,heap,exit   ]   object space 1398272K, 3% used [0x0000000080000000,0x0000000082cd7f10,0x00000000d5580000)
[231.234s][info][gc,heap,exit   ]  Metaspace       used 82322K, committed 82944K, reserved 1179648K
[231.234s][info][gc,heap,exit   ]   class space    used 10284K, committed 10624K, reserved 1048576K
