[0.012s][info][gc] Using Serial
[0.012s][info][gc,heap,coops] Heap address: 0x0000000080000000, size: 2048 MB, Compressed Oops mode: 32-bit
[2.723s][info][gc,start     ] GC(0) Pause Full (Metadata GC Threshold)
[2.723s][info][gc,phases,start] GC(0) Phase 1: Mark live objects
[2.730s][info][gc,phases      ] GC(0) Phase 1: Mark live objects 6.662ms
[2.730s][info][gc,phases,start] GC(0) Phase 2: Compute new object addresses
[2.733s][info][gc,phases      ] GC(0) Phase 2: Compute new object addresses 3.531ms
[2.737s][info][gc,phases,start] GC(0) Phase 3: Adjust pointers
[2.741s][info][gc,phases      ] GC(0) Phase 3: Adjust pointers 4.679ms
[2.741s][info][gc,phases,start] GC(0) Phase 4: Move objects
[2.744s][info][gc,phases      ] GC(0) Phase 4: Move objects 2.855ms
[2.745s][info][gc,heap        ] GC(0) DefNew: 67160K->0K(629120K)
[2.745s][info][gc,heap        ] GC(0) Tenured: 0K->4737K(1398144K)
[2.745s][info][gc,metaspace   ] GC(0) Metaspace: 20778K(21296K)->20778K(21296K) NonClass: 18299K(18608K)->18299K(18608K) Class: 2478K(2688K)->2478K(2688K)
[2.745s][info][gc             ] GC(0) Pause Full (Metadata GC Threshold) 65M->4M(1979M) 21.860ms
[2.745s][info][gc,cpu         ] GC(0) User=0.00s Sys=0.02s Real=0.02s
[13.760s][info][gc,start       ] GC(1) Pause Full (Metadata GC Threshold)
[13.760s][info][gc,phases,start] GC(1) Phase 1: Mark live objects
[13.789s][info][gc,phases      ] GC(1) Phase 1: Mark live objects 29.371ms
[13.789s][info][gc,phases,start] GC(1) Phase 2: Compute new object addresses
[13.807s][info][gc,phases      ] GC(1) Phase 2: Compute new object addresses 17.854ms
[13.807s][info][gc,phases,start] GC(1) Phase 3: Adjust pointers
[13.822s][info][gc,phases      ] GC(1) Phase 3: Adjust pointers 14.768ms
[13.822s][info][gc,phases,start] GC(1) Phase 4: Move objects
[13.834s][info][gc,phases      ] GC(1) Phase 4: Move objects 12.109ms
[13.835s][info][gc,heap        ] GC(1) DefNew: 89622K->0K(629120K)
[13.835s][info][gc,heap        ] GC(1) Tenured: 4737K->20055K(1398144K)
[13.835s][info][gc,metaspace   ] GC(1) Metaspace: 34477K(35376K)->34477K(35376K) NonClass: 30209K(30640K)->30209K(30640K) Class: 4267K(4736K)->4267K(4736K)
[13.835s][info][gc             ] GC(1) Pause Full (Metadata GC Threshold) 92M->19M(1979M) 75.154ms
[13.835s][info][gc,cpu         ] GC(1) User=0.06s Sys=0.02s Real=0.08s
[16.012s][info][gc,start       ] GC(2) Pause Full (Metadata GC Threshold)
[16.013s][info][gc,phases,start] GC(2) Phase 1: Mark live objects
[16.045s][info][gc,phases      ] GC(2) Phase 1: Mark live objects 32.269ms
[16.045s][info][gc,phases,start] GC(2) Phase 2: Compute new object addresses
[16.062s][info][gc,phases      ] GC(2) Phase 2: Compute new object addresses 16.497ms
[16.062s][info][gc,phases,start] GC(2) Phase 3: Adjust pointers
[16.078s][info][gc,phases      ] GC(2) Phase 3: Adjust pointers 16.235ms
[16.078s][info][gc,phases,start] GC(2) Phase 4: Move objects
[16.083s][info][gc,phases      ] GC(2) Phase 4: Move objects 5.134ms
[16.084s][info][gc,heap        ] GC(2) DefNew: 313241K->0K(629120K)
[16.084s][info][gc,heap        ] GC(2) Tenured: 20055K->25938K(1398144K)
[16.084s][info][gc,metaspace   ] GC(2) Metaspace: 57258K(58960K)->57258K(58960K) NonClass: 50075K(50864K)->50075K(50864K) Class: 7182K(8096K)->7182K(8096K)
[16.084s][info][gc             ] GC(2) Pause Full (Metadata GC Threshold) 325M->25M(1979M) 71.922ms
[16.084s][info][gc,cpu         ] GC(2) User=0.06s Sys=0.02s Real=0.08s
[17.196s][info][gc,start       ] GC(3) Pause Young (Allocation Failure)
[17.410s][info][gc,heap        ] GC(3) DefNew: 559232K->69887K(629120K)
[17.410s][info][gc,heap        ] GC(3) Tenured: 25938K->56833K(1398144K)
[17.410s][info][gc,metaspace   ] GC(3) Metaspace: 58228K(60240K)->58228K(60240K) NonClass: 50856K(51888K)->50856K(51888K) Class: 7372K(8352K)->7372K(8352K)
[17.410s][info][gc             ] GC(3) Pause Young (Allocation Failure) 571M->123M(1979M) 214.402ms
[17.410s][info][gc,cpu         ] GC(3) User=0.14s Sys=0.02s Real=0.22s
[18.231s][info][gc,start       ] GC(4) Pause Full (System.gc())
[18.232s][info][gc,phases,start] GC(4) Phase 1: Mark live objects
[18.264s][info][gc,phases      ] GC(4) Phase 1: Mark live objects 32.043ms
[18.264s][info][gc,phases,start] GC(4) Phase 2: Compute new object addresses
[18.296s][info][gc,phases      ] GC(4) Phase 2: Compute new object addresses 32.425ms
[18.296s][info][gc,phases,start] GC(4) Phase 3: Adjust pointers
[18.313s][info][gc,phases      ] GC(4) Phase 3: Adjust pointers 17.224ms
[18.313s][info][gc,phases,start] GC(4) Phase 4: Move objects
[18.321s][info][gc,phases      ] GC(4) Phase 4: Move objects 7.994ms
[18.322s][info][gc,heap        ] GC(4) DefNew: 132954K->0K(629120K)
[18.322s][info][gc,heap        ] GC(4) Tenured: 56833K->26598K(1398144K)
[18.322s][info][gc,metaspace   ] GC(4) Metaspace: 64732K(67152K)->64732K(67152K) NonClass: 56353K(57520K)->56353K(57520K) Class: 8379K(9632K)->8379K(9632K)
[18.322s][info][gc             ] GC(4) Pause Full (System.gc()) 185M->25M(1979M) 90.894ms
[18.322s][info][gc,cpu         ] GC(4) User=0.06s Sys=0.00s Real=0.09s
[19.583s][info][gc,start       ] GC(5) Pause Young (Allocation Failure)
[19.729s][info][gc,heap        ] GC(5) DefNew: 559232K->42951K(629120K)
[19.730s][info][gc,heap        ] GC(5) Tenured: 26598K->26598K(1398144K)
[19.730s][info][gc,metaspace   ] GC(5) Metaspace: 71242K(74576K)->71242K(74576K) NonClass: 61928K(63664K)->61928K(63664K) Class: 9313K(10912K)->9313K(10912K)
[19.730s][info][gc             ] GC(5) Pause Young (Allocation Failure) 572M->67M(1979M) 146.203ms
[19.730s][info][gc,cpu         ] GC(5) User=0.14s Sys=0.00s Real=0.16s
[20.409s][info][gc,start       ] GC(6) Pause Young (Allocation Failure)
[20.572s][info][gc,heap        ] GC(6) DefNew: 602183K->41434K(629120K)
[20.573s][info][gc,heap        ] GC(6) Tenured: 26598K->67245K(1398144K)
[20.573s][info][gc,metaspace   ] GC(6) Metaspace: 73690K(77264K)->73690K(77264K) NonClass: 63936K(65712K)->63936K(65712K) Class: 9754K(11552K)->9754K(11552K)
[20.573s][info][gc             ] GC(6) Pause Young (Allocation Failure) 614M->106M(1979M) 163.465ms
[20.573s][info][gc,cpu         ] GC(6) User=0.16s Sys=0.00s Real=0.16s
[20.960s][info][gc,start       ] GC(7) Pause Young (Allocation Failure)
[21.097s][info][gc,heap        ] GC(7) DefNew: 600666K->32880K(629120K)
[21.097s][info][gc,heap        ] GC(7) Tenured: 67245K->108409K(1398144K)
[21.097s][info][gc,metaspace   ] GC(7) Metaspace: 73706K(77264K)->73706K(77264K) NonClass: 63952K(65712K)->63952K(65712K) Class: 9754K(11552K)->9754K(11552K)
[21.097s][info][gc             ] GC(7) Pause Young (Allocation Failure) 652M->137M(1979M) 136.554ms
[21.097s][info][gc,cpu         ] GC(7) User=0.11s Sys=0.03s Real=0.14s
[21.259s][info][gc,start       ] GC(8) Pause Young (Allocation Failure)
[21.349s][info][gc,heap        ] GC(8) DefNew: 592112K->59515K(629120K)
[21.349s][info][gc,heap        ] GC(8) Tenured: 108409K->108409K(1398144K)
[21.349s][info][gc,metaspace   ] GC(8) Metaspace: 73706K(77264K)->73706K(77264K) NonClass: 63952K(65712K)->63952K(65712K) Class: 9754K(11552K)->9754K(11552K)
[21.349s][info][gc             ] GC(8) Pause Young (Allocation Failure) 684M->163M(1979M) 90.603ms
[21.349s][info][gc,cpu         ] GC(8) User=0.08s Sys=0.02s Real=0.09s
[21.550s][info][gc,start       ] GC(9) Pause Young (Allocation Failure)
[21.630s][info][gc,heap        ] GC(9) DefNew: 618747K->41398K(629120K)
[21.630s][info][gc,heap        ] GC(9) Tenured: 108409K->139241K(1398144K)
[21.630s][info][gc,metaspace   ] GC(9) Metaspace: 73780K(77520K)->73780K(77520K) NonClass: 64013K(65968K)->64013K(65968K) Class: 9766K(11552K)->9766K(11552K)
[21.630s][info][gc             ] GC(9) Pause Young (Allocation Failure) 710M->176M(1979M) 80.792ms
[21.630s][info][gc,cpu         ] GC(9) User=0.08s Sys=0.02s Real=0.09s
[21.816s][info][gc,start       ] GC(10) Pause Young (Allocation Failure)
[21.851s][info][gc,heap        ] GC(10) DefNew: 600630K->12715K(629120K)
[21.851s][info][gc,heap        ] GC(10) Tenured: 139241K->167924K(1398144K)
[21.851s][info][gc,metaspace   ] GC(10) Metaspace: 73780K(77520K)->73780K(77520K) NonClass: 64013K(65968K)->64013K(65968K) Class: 9766K(11552K)->9766K(11552K)
[21.852s][info][gc             ] GC(10) Pause Young (Allocation Failure) 722M->176M(1979M) 35.876ms
[21.852s][info][gc,cpu         ] GC(10) User=0.00s Sys=0.00s Real=0.05s
[22.034s][info][gc,start       ] GC(11) Pause Young (Allocation Failure)
[22.043s][info][gc,heap        ] GC(11) DefNew: 571947K->12715K(629120K)
[22.043s][info][gc,heap        ] GC(11) Tenured: 167924K->167924K(1398144K)
[22.043s][info][gc,metaspace   ] GC(11) Metaspace: 73780K(77520K)->73780K(77520K) NonClass: 64013K(65968K)->64013K(65968K) Class: 9766K(11552K)->9766K(11552K)
[22.043s][info][gc             ] GC(11) Pause Young (Allocation Failure) 722M->176M(1979M) 9.237ms
[22.043s][info][gc,cpu         ] GC(11) User=0.00s Sys=0.00s Real=0.00s
[22.379s][info][gc,start       ] GC(12) Pause Young (Allocation Failure)
[22.390s][info][gc,heap        ] GC(12) DefNew: 571947K->12955K(629120K)
[22.391s][info][gc,heap        ] GC(12) Tenured: 167924K->167924K(1398144K)
[22.391s][info][gc,metaspace   ] GC(12) Metaspace: 74221K(77904K)->74221K(77904K) NonClass: 64357K(66224K)->64357K(66224K) Class: 9864K(11680K)->9864K(11680K)
[22.391s][info][gc             ] GC(12) Pause Young (Allocation Failure) 722M->176M(1979M) 11.298ms
[22.391s][info][gc,cpu         ] GC(12) User=0.02s Sys=0.00s Real=0.02s
[22.521s][info][gc,start       ] GC(13) Pause Full (System.gc())
[22.521s][info][gc,phases,start] GC(13) Phase 1: Mark live objects
[22.619s][info][gc,phases      ] GC(13) Phase 1: Mark live objects 97.479ms
[22.619s][info][gc,phases,start] GC(13) Phase 2: Compute new object addresses
[22.664s][info][gc,phases      ] GC(13) Phase 2: Compute new object addresses 44.781ms
[22.664s][info][gc,phases,start] GC(13) Phase 3: Adjust pointers
[22.716s][info][gc,phases      ] GC(13) Phase 3: Adjust pointers 51.808ms
[22.716s][info][gc,phases,start] GC(13) Phase 4: Move objects
[22.722s][info][gc,phases      ] GC(13) Phase 4: Move objects 6.065ms
[22.722s][info][gc,heap        ] GC(13) DefNew: 40125K->0K(629120K)
[22.722s][info][gc,heap        ] GC(13) Tenured: 167924K->181061K(1398144K)
[22.722s][info][gc,metaspace   ] GC(13) Metaspace: 75972K(80080K)->75972K(80080K) NonClass: 65842K(68016K)->65842K(68016K) Class: 10130K(12064K)->10130K(12064K)
[22.722s][info][gc             ] GC(13) Pause Full (System.gc()) 203M->176M(1979M) 201.506ms
[22.722s][info][gc,cpu         ] GC(13) User=0.14s Sys=0.00s Real=0.20s
[23.081s][info][gc,start       ] GC(14) Pause Young (Allocation Failure)
[23.083s][info][gc,heap        ] GC(14) DefNew: 559232K->381K(629120K)
[23.083s][info][gc,heap        ] GC(14) Tenured: 181061K->181061K(1398144K)
[23.083s][info][gc,metaspace   ] GC(14) Metaspace: 76154K(80080K)->76154K(80080K) NonClass: 66008K(68016K)->66008K(68016K) Class: 10145K(12064K)->10145K(12064K)
[23.083s][info][gc             ] GC(14) Pause Young (Allocation Failure) 722M->177M(1979M) 2.205ms
[23.083s][info][gc,cpu         ] GC(14) User=0.00s Sys=0.00s Real=0.00s
[23.328s][info][gc,start       ] GC(15) Pause Young (Allocation Failure)
[23.330s][info][gc,heap        ] GC(15) DefNew: 559613K->372K(629120K)
[23.330s][info][gc,heap        ] GC(15) Tenured: 181061K->181061K(1398144K)
[23.330s][info][gc,metaspace   ] GC(15) Metaspace: 76160K(80080K)->76160K(80080K) NonClass: 66014K(68016K)->66014K(68016K) Class: 10145K(12064K)->10145K(12064K)
[23.330s][info][gc             ] GC(15) Pause Young (Allocation Failure) 723M->177M(1979M) 1.600ms
[23.330s][info][gc,cpu         ] GC(15) User=0.00s Sys=0.00s Real=0.00s
[23.549s][info][gc,start       ] GC(16) Pause Young (Allocation Failure)
[23.550s][info][gc,heap        ] GC(16) DefNew: 559604K->372K(629120K)
[23.550s][info][gc,heap        ] GC(16) Tenured: 181061K->181061K(1398144K)
[23.550s][info][gc,metaspace   ] GC(16) Metaspace: 76160K(80080K)->76160K(80080K) NonClass: 66014K(68016K)->66014K(68016K) Class: 10145K(12064K)->10145K(12064K)
[23.550s][info][gc             ] GC(16) Pause Young (Allocation Failure) 723M->177M(1979M) 1.497ms
[23.550s][info][gc,cpu         ] GC(16) User=0.00s Sys=0.00s Real=0.00s
[23.756s][info][gc,start       ] GC(17) Pause Young (Allocation Failure)
[23.758s][info][gc,heap        ] GC(17) DefNew: 559604K->372K(629120K)
[23.758s][info][gc,heap        ] GC(17) Tenured: 181061K->181061K(1398144K)
[23.758s][info][gc,metaspace   ] GC(17) Metaspace: 76160K(80080K)->76160K(80080K) NonClass: 66014K(68016K)->66014K(68016K) Class: 10145K(12064K)->10145K(12064K)
[23.758s][info][gc             ] GC(17) Pause Young (Allocation Failure) 723M->177M(1979M) 1.566ms
[23.758s][info][gc,cpu         ] GC(17) User=0.00s Sys=0.00s Real=0.00s
[23.909s][info][gc,start       ] GC(18) Pause Full (System.gc())
[23.910s][info][gc,phases,start] GC(18) Phase 1: Mark live objects
[24.006s][info][gc,phases      ] GC(18) Phase 1: Mark live objects 96.036ms
[24.006s][info][gc,phases,start] GC(18) Phase 2: Compute new object addresses
[24.090s][info][gc,phases      ] GC(18) Phase 2: Compute new object addresses 83.463ms
[24.090s][info][gc,phases,start] GC(18) Phase 3: Adjust pointers
[24.140s][info][gc,phases      ] GC(18) Phase 3: Adjust pointers 50.378ms
[24.140s][info][gc,phases,start] GC(18) Phase 4: Move objects
[24.140s][info][gc,phases      ] GC(18) Phase 4: Move objects 0.112ms
[24.141s][info][gc,heap        ] GC(18) DefNew: 272462K->0K(629120K)
[24.141s][info][gc,heap        ] GC(18) Tenured: 181061K->181244K(1398144K)
[24.141s][info][gc,metaspace   ] GC(18) Metaspace: 76220K(80080K)->76220K(80080K) NonClass: 66072K(68016K)->66072K(68016K) Class: 10148K(12064K)->10148K(12064K)
[24.141s][info][gc             ] GC(18) Pause Full (System.gc()) 442M->176M(1979M) 231.268ms
[24.141s][info][gc,cpu         ] GC(18) User=0.20s Sys=0.00s Real=0.23s
[24.650s][info][gc,start       ] GC(19) Pause Young (Allocation Failure)
[24.652s][info][gc,heap        ] GC(19) DefNew: 559232K->305K(629120K)
[24.652s][info][gc,heap        ] GC(19) Tenured: 181244K->181244K(1398144K)
[24.652s][info][gc,metaspace   ] GC(19) Metaspace: 76316K(80336K)->76316K(80336K) NonClass: 66167K(68272K)->66167K(68272K) Class: 10149K(12064K)->10149K(12064K)
[24.652s][info][gc             ] GC(19) Pause Young (Allocation Failure) 723M->177M(1979M) 2.227ms
[24.652s][info][gc,cpu         ] GC(19) User=0.05s Sys=0.00s Real=0.00s
[24.857s][info][gc,start       ] GC(20) Pause Young (Allocation Failure)
[24.858s][info][gc,heap        ] GC(20) DefNew: 559537K->300K(629120K)
[24.858s][info][gc,heap        ] GC(20) Tenured: 181244K->181244K(1398144K)
[24.858s][info][gc,metaspace   ] GC(20) Metaspace: 76324K(80336K)->76324K(80336K) NonClass: 66175K(68272K)->66175K(68272K) Class: 10149K(12064K)->10149K(12064K)
[24.858s][info][gc             ] GC(20) Pause Young (Allocation Failure) 723M->177M(1979M) 1.364ms
[24.858s][info][gc,cpu         ] GC(20) User=0.00s Sys=0.00s Real=0.00s
[25.063s][info][gc,start       ] GC(21) Pause Young (Allocation Failure)
[25.065s][info][gc,heap        ] GC(21) DefNew: 559532K->300K(629120K)
[25.065s][info][gc,heap        ] GC(21) Tenured: 181244K->181244K(1398144K)
[25.065s][info][gc,metaspace   ] GC(21) Metaspace: 76324K(80336K)->76324K(80336K) NonClass: 66175K(68272K)->66175K(68272K) Class: 10149K(12064K)->10149K(12064K)
[25.065s][info][gc             ] GC(21) Pause Young (Allocation Failure) 723M->177M(1979M) 1.684ms
[25.065s][info][gc,cpu         ] GC(21) User=0.00s Sys=0.00s Real=0.00s
[25.263s][info][gc,start       ] GC(22) Pause Young (Allocation Failure)
[25.264s][info][gc,heap        ] GC(22) DefNew: 559532K->300K(629120K)
[25.264s][info][gc,heap        ] GC(22) Tenured: 181244K->181244K(1398144K)
[25.264s][info][gc,metaspace   ] GC(22) Metaspace: 76324K(80336K)->76324K(80336K) NonClass: 66175K(68272K)->66175K(68272K) Class: 10149K(12064K)->10149K(12064K)
[25.264s][info][gc             ] GC(22) Pause Young (Allocation Failure) 723M->177M(1979M) 1.288ms
[25.264s][info][gc,cpu         ] GC(22) User=0.00s Sys=0.00s Real=0.00s
[25.384s][info][gc,start       ] GC(23) Pause Full (System.gc())
[25.385s][info][gc,phases,start] GC(23) Phase 1: Mark live objects
[25.474s][info][gc,phases      ] GC(23) Phase 1: Mark live objects 88.513ms
[25.474s][info][gc,phases,start] GC(23) Phase 2: Compute new object addresses
[25.558s][info][gc,phases      ] GC(23) Phase 2: Compute new object addresses 84.416ms
[25.558s][info][gc,phases,start] GC(23) Phase 3: Adjust pointers
[25.610s][info][gc,phases      ] GC(23) Phase 3: Adjust pointers 51.669ms
[25.610s][info][gc,phases,start] GC(23) Phase 4: Move objects
[25.610s][info][gc,phases      ] GC(23) Phase 4: Move objects 0.071ms
[25.610s][info][gc,heap        ] GC(23) DefNew: 261259K->0K(629120K)
[25.610s][info][gc,heap        ] GC(23) Tenured: 181244K->181354K(1398144K)
[25.610s][info][gc,metaspace   ] GC(23) Metaspace: 76378K(80336K)->76378K(80336K) NonClass: 66228K(68272K)->66228K(68272K) Class: 10150K(12064K)->10150K(12064K)
[25.610s][info][gc             ] GC(23) Pause Full (System.gc()) 432M->177M(1979M) 226.929ms
[25.610s][info][gc,cpu         ] GC(23) User=0.19s Sys=0.02s Real=0.22s
[25.866s][info][gc,start       ] GC(24) Pause Young (Allocation Failure)
[25.867s][info][gc,heap        ] GC(24) DefNew: 559232K->309K(629120K)
[25.867s][info][gc,heap        ] GC(24) Tenured: 181354K->181354K(1398144K)
[25.867s][info][gc,metaspace   ] GC(24) Metaspace: 76464K(80336K)->76464K(80336K) NonClass: 66311K(68272K)->66311K(68272K) Class: 10153K(12064K)->10153K(12064K)
[25.867s][info][gc             ] GC(24) Pause Young (Allocation Failure) 723M->177M(1979M) 1.523ms
[25.867s][info][gc,cpu         ] GC(24) User=0.00s Sys=0.00s Real=0.00s
[26.063s][info][gc,start       ] GC(25) Pause Young (Allocation Failure)
[26.064s][info][gc,heap        ] GC(25) DefNew: 559541K->304K(629120K)
[26.064s][info][gc,heap        ] GC(25) Tenured: 181354K->181354K(1398144K)
[26.064s][info][gc,metaspace   ] GC(25) Metaspace: 76469K(80336K)->76469K(80336K) NonClass: 66315K(68272K)->66315K(68272K) Class: 10153K(12064K)->10153K(12064K)
[26.064s][info][gc             ] GC(25) Pause Young (Allocation Failure) 723M->177M(1979M) 1.391ms
[26.064s][info][gc,cpu         ] GC(25) User=0.00s Sys=0.00s Real=0.00s
[26.250s][info][gc,start       ] GC(26) Pause Young (Allocation Failure)
[26.252s][info][gc,heap        ] GC(26) DefNew: 559536K->304K(629120K)
[26.252s][info][gc,heap        ] GC(26) Tenured: 181354K->181354K(1398144K)
[26.252s][info][gc,metaspace   ] GC(26) Metaspace: 76469K(80336K)->76469K(80336K) NonClass: 66315K(68272K)->66315K(68272K) Class: 10153K(12064K)->10153K(12064K)
[26.252s][info][gc             ] GC(26) Pause Young (Allocation Failure) 723M->177M(1979M) 1.424ms
[26.252s][info][gc,cpu         ] GC(26) User=0.00s Sys=0.00s Real=0.00s
[26.446s][info][gc,start       ] GC(27) Pause Young (Allocation Failure)
[26.448s][info][gc,heap        ] GC(27) DefNew: 559536K->304K(629120K)
[26.448s][info][gc,heap        ] GC(27) Tenured: 181354K->181354K(1398144K)
[26.448s][info][gc,metaspace   ] GC(27) Metaspace: 76469K(80336K)->76469K(80336K) NonClass: 66315K(68272K)->66315K(68272K) Class: 10153K(12064K)->10153K(12064K)
[26.448s][info][gc             ] GC(27) Pause Young (Allocation Failure) 723M->177M(1979M) 2.095ms
[26.448s][info][gc,cpu         ] GC(27) User=0.00s Sys=0.00s Real=0.00s
[26.578s][info][gc,start       ] GC(28) Pause Full (System.gc())
[26.579s][info][gc,phases,start] GC(28) Phase 1: Mark live objects
[26.672s][info][gc,phases      ] GC(28) Phase 1: Mark live objects 92.826ms
[26.672s][info][gc,phases,start] GC(28) Phase 2: Compute new object addresses
[26.756s][info][gc,phases      ] GC(28) Phase 2: Compute new object addresses 84.037ms
[26.756s][info][gc,phases,start] GC(28) Phase 3: Adjust pointers
[26.810s][info][gc,phases      ] GC(28) Phase 3: Adjust pointers 53.529ms
[26.810s][info][gc,phases,start] GC(28) Phase 4: Move objects
[26.852s][info][gc,phases      ] GC(28) Phase 4: Move objects 41.655ms
[26.852s][info][gc,heap        ] GC(28) DefNew: 254163K->0K(629120K)
[26.852s][info][gc,heap        ] GC(28) Tenured: 181354K->176766K(1398144K)
[26.852s][info][gc,metaspace   ] GC(28) Metaspace: 76514K(80336K)->76514K(80336K) NonClass: 66360K(68272K)->66360K(68272K) Class: 10154K(12064K)->10154K(12064K)
[26.852s][info][gc             ] GC(28) Pause Full (System.gc()) 425M->172M(1979M) 273.892ms
[26.852s][info][gc,cpu         ] GC(28) User=0.25s Sys=0.00s Real=0.27s
[27.112s][info][gc,start       ] GC(29) Pause Young (Allocation Failure)
[27.114s][info][gc,heap        ] GC(29) DefNew: 559232K->303K(629120K)
[27.114s][info][gc,heap        ] GC(29) Tenured: 176766K->176766K(1398144K)
[27.114s][info][gc,metaspace   ] GC(29) Metaspace: 76585K(80592K)->76585K(80592K) NonClass: 66431K(68528K)->66431K(68528K) Class: 10154K(12064K)->10154K(12064K)
[27.114s][info][gc             ] GC(29) Pause Young (Allocation Failure) 718M->172M(1979M) 1.814ms
[27.114s][info][gc,cpu         ] GC(29) User=0.00s Sys=0.00s Real=0.00s
[27.318s][info][gc,start       ] GC(30) Pause Young (Allocation Failure)
[27.321s][info][gc,heap        ] GC(30) DefNew: 559535K->298K(629120K)
[27.321s][info][gc,heap        ] GC(30) Tenured: 176766K->176766K(1398144K)
[27.321s][info][gc,metaspace   ] GC(30) Metaspace: 76586K(80592K)->76586K(80592K) NonClass: 66432K(68528K)->66432K(68528K) Class: 10154K(12064K)->10154K(12064K)
[27.321s][info][gc             ] GC(30) Pause Young (Allocation Failure) 719M->172M(1979M) 2.229ms
[27.321s][info][gc,cpu         ] GC(30) User=0.00s Sys=0.00s Real=0.00s
[27.557s][info][gc,start       ] GC(31) Pause Young (Allocation Failure)
[27.559s][info][gc,heap        ] GC(31) DefNew: 559530K->298K(629120K)
[27.559s][info][gc,heap        ] GC(31) Tenured: 176766K->176766K(1398144K)
[27.559s][info][gc,metaspace   ] GC(31) Metaspace: 76586K(80592K)->76586K(80592K) NonClass: 66432K(68528K)->66432K(68528K) Class: 10154K(12064K)->10154K(12064K)
[27.559s][info][gc             ] GC(31) Pause Young (Allocation Failure) 719M->172M(1979M) 2.137ms
[27.559s][info][gc,cpu         ] GC(31) User=0.00s Sys=0.00s Real=0.00s
[27.761s][info][gc,start       ] GC(32) Pause Young (Allocation Failure)
[27.762s][info][gc,heap        ] GC(32) DefNew: 559530K->298K(629120K)
[27.762s][info][gc,heap        ] GC(32) Tenured: 176766K->176766K(1398144K)
[27.762s][info][gc,metaspace   ] GC(32) Metaspace: 76586K(80592K)->76586K(80592K) NonClass: 66432K(68528K)->66432K(68528K) Class: 10154K(12064K)->10154K(12064K)
[27.762s][info][gc             ] GC(32) Pause Young (Allocation Failure) 719M->172M(1979M) 1.497ms
[27.762s][info][gc,cpu         ] GC(32) User=0.00s Sys=0.00s Real=0.00s
[27.894s][info][gc,start       ] GC(33) Pause Full (System.gc())
[27.895s][info][gc,phases,start] GC(33) Phase 1: Mark live objects
[27.983s][info][gc,phases      ] GC(33) Phase 1: Mark live objects 88.079ms
[27.983s][info][gc,phases,start] GC(33) Phase 2: Compute new object addresses
[28.067s][info][gc,phases      ] GC(33) Phase 2: Compute new object addresses 83.244ms
[28.067s][info][gc,phases,start] GC(33) Phase 3: Adjust pointers
[28.118s][info][gc,phases      ] GC(33) Phase 3: Adjust pointers 51.477ms
[28.118s][info][gc,phases,start] GC(33) Phase 4: Move objects
[28.118s][info][gc,phases      ] GC(33) Phase 4: Move objects 0.035ms
[28.119s][info][gc,heap        ] GC(33) DefNew: 248019K->0K(629120K)
[28.119s][info][gc,heap        ] GC(33) Tenured: 176766K->176868K(1398144K)
[28.119s][info][gc,metaspace   ] GC(33) Metaspace: 76631K(80592K)->76631K(80592K) NonClass: 66477K(68528K)->66477K(68528K) Class: 10154K(12064K)->10154K(12064K)
[28.119s][info][gc             ] GC(33) Pause Full (System.gc()) 414M->172M(1979M) 224.563ms
[28.119s][info][gc,cpu         ] GC(33) User=0.14s Sys=0.00s Real=0.22s
[28.405s][info][gc,start       ] GC(34) Pause Young (Allocation Failure)
[28.407s][info][gc,heap        ] GC(34) DefNew: 559232K->309K(629120K)
[28.407s][info][gc,heap        ] GC(34) Tenured: 176868K->176868K(1398144K)
[28.407s][info][gc,metaspace   ] GC(34) Metaspace: 76704K(80592K)->76704K(80592K) NonClass: 66546K(68528K)->66546K(68528K) Class: 10157K(12064K)->10157K(12064K)
[28.407s][info][gc             ] GC(34) Pause Young (Allocation Failure) 718M->173M(1979M) 1.729ms
[28.407s][info][gc,cpu         ] GC(34) User=0.00s Sys=0.00s Real=0.00s
[28.622s][info][gc,start       ] GC(35) Pause Young (Allocation Failure)
[28.623s][info][gc,heap        ] GC(35) DefNew: 559541K->303K(629120K)
[28.623s][info][gc,heap        ] GC(35) Tenured: 176868K->176868K(1398144K)
[28.623s][info][gc,metaspace   ] GC(35) Metaspace: 76704K(80592K)->76704K(80592K) NonClass: 66546K(68528K)->66546K(68528K) Class: 10157K(12064K)->10157K(12064K)
[28.623s][info][gc             ] GC(35) Pause Young (Allocation Failure) 719M->173M(1979M) 1.450ms
[28.623s][info][gc,cpu         ] GC(35) User=0.00s Sys=0.00s Real=0.00s
[28.848s][info][gc,start       ] GC(36) Pause Young (Allocation Failure)
[28.849s][info][gc,heap        ] GC(36) DefNew: 559535K->304K(629120K)
[28.849s][info][gc,heap        ] GC(36) Tenured: 176868K->176868K(1398144K)
[28.849s][info][gc,metaspace   ] GC(36) Metaspace: 76704K(80592K)->76704K(80592K) NonClass: 66546K(68528K)->66546K(68528K) Class: 10157K(12064K)->10157K(12064K)
[28.849s][info][gc             ] GC(36) Pause Young (Allocation Failure) 719M->173M(1979M) 1.452ms
[28.849s][info][gc,cpu         ] GC(36) User=0.00s Sys=0.00s Real=0.00s
[29.039s][info][gc,start       ] GC(37) Pause Young (Allocation Failure)
[29.041s][info][gc,heap        ] GC(37) DefNew: 559536K->304K(629120K)
[29.041s][info][gc,heap        ] GC(37) Tenured: 176868K->176868K(1398144K)
[29.041s][info][gc,metaspace   ] GC(37) Metaspace: 76704K(80592K)->76704K(80592K) NonClass: 66546K(68528K)->66546K(68528K) Class: 10157K(12064K)->10157K(12064K)
[29.041s][info][gc             ] GC(37) Pause Young (Allocation Failure) 719M->173M(1979M) 1.427ms
[29.041s][info][gc,cpu         ] GC(37) User=0.00s Sys=0.00s Real=0.00s
[29.195s][info][gc,start       ] GC(38) Pause Full (System.gc())
[29.196s][info][gc,phases,start] GC(38) Phase 1: Mark live objects
[29.285s][info][gc,phases      ] GC(38) Phase 1: Mark live objects 88.361ms
[29.285s][info][gc,phases,start] GC(38) Phase 2: Compute new object addresses
[29.366s][info][gc,phases      ] GC(38) Phase 2: Compute new object addresses 81.669ms
[29.366s][info][gc,phases,start] GC(38) Phase 3: Adjust pointers
[29.418s][info][gc,phases      ] GC(38) Phase 3: Adjust pointers 51.678ms
[29.418s][info][gc,phases,start] GC(38) Phase 4: Move objects
[29.418s][info][gc,phases      ] GC(38) Phase 4: Move objects 0.040ms
[29.419s][info][gc,heap        ] GC(38) DefNew: 262856K->0K(629120K)
[29.419s][info][gc,heap        ] GC(38) Tenured: 176868K->176976K(1398144K)
[29.419s][info][gc,metaspace   ] GC(38) Metaspace: 76740K(80848K)->76740K(80848K) NonClass: 66582K(68784K)->66582K(68784K) Class: 10157K(12064K)->10157K(12064K)
[29.419s][info][gc             ] GC(38) Pause Full (System.gc()) 429M->172M(1979M) 223.670ms
[29.419s][info][gc,cpu         ] GC(38) User=0.23s Sys=0.00s Real=0.24s
[29.656s][info][gc,start       ] GC(39) Pause Young (Allocation Failure)
[29.658s][info][gc,heap        ] GC(39) DefNew: 559232K->302K(629120K)
[29.658s][info][gc,heap        ] GC(39) Tenured: 176976K->176976K(1398144K)
[29.658s][info][gc,metaspace   ] GC(39) Metaspace: 76807K(80848K)->76807K(80848K) NonClass: 66649K(68784K)->66649K(68784K) Class: 10158K(12064K)->10158K(12064K)
[29.658s][info][gc             ] GC(39) Pause Young (Allocation Failure) 718M->173M(1979M) 2.235ms
[29.658s][info][gc,cpu         ] GC(39) User=0.00s Sys=0.00s Real=0.00s
[29.882s][info][gc,start       ] GC(40) Pause Young (Allocation Failure)
[29.884s][info][gc,heap        ] GC(40) DefNew: 559534K->296K(629120K)
[29.884s][info][gc,heap        ] GC(40) Tenured: 176976K->176976K(1398144K)
[29.884s][info][gc,metaspace   ] GC(40) Metaspace: 76811K(80848K)->76811K(80848K) NonClass: 66653K(68784K)->66653K(68784K) Class: 10158K(12064K)->10158K(12064K)
[29.884s][info][gc             ] GC(40) Pause Young (Allocation Failure) 719M->173M(1979M) 2.206ms
[29.884s][info][gc,cpu         ] GC(40) User=0.00s Sys=0.00s Real=0.00s
[30.075s][info][gc,start       ] GC(41) Pause Young (Allocation Failure)
[30.076s][info][gc,heap        ] GC(41) DefNew: 559528K->296K(629120K)
[30.076s][info][gc,heap        ] GC(41) Tenured: 176976K->176976K(1398144K)
[30.076s][info][gc,metaspace   ] GC(41) Metaspace: 76811K(80848K)->76811K(80848K) NonClass: 66653K(68784K)->66653K(68784K) Class: 10158K(12064K)->10158K(12064K)
[30.076s][info][gc             ] GC(41) Pause Young (Allocation Failure) 719M->173M(1979M) 1.454ms
[30.076s][info][gc,cpu         ] GC(41) User=0.00s Sys=0.00s Real=0.02s
[30.263s][info][gc,start       ] GC(42) Pause Young (Allocation Failure)
[30.264s][info][gc,heap        ] GC(42) DefNew: 559528K->296K(629120K)
[30.264s][info][gc,heap        ] GC(42) Tenured: 176976K->176976K(1398144K)
[30.264s][info][gc,metaspace   ] GC(42) Metaspace: 76811K(80848K)->76811K(80848K) NonClass: 66653K(68784K)->66653K(68784K) Class: 10158K(12064K)->10158K(12064K)
[30.264s][info][gc             ] GC(42) Pause Young (Allocation Failure) 719M->173M(1979M) 1.401ms
[30.264s][info][gc,cpu         ] GC(42) User=0.00s Sys=0.00s Real=0.02s
[30.368s][info][gc,start       ] GC(43) Pause Full (System.gc())
[30.370s][info][gc,phases,start] GC(43) Phase 1: Mark live objects
[30.464s][info][gc,phases      ] GC(43) Phase 1: Mark live objects 93.812ms
[30.464s][info][gc,phases,start] GC(43) Phase 2: Compute new object addresses
[30.541s][info][gc,phases      ] GC(43) Phase 2: Compute new object addresses 77.219ms
[30.541s][info][gc,phases,start] GC(43) Phase 3: Adjust pointers
[30.593s][info][gc,phases      ] GC(43) Phase 3: Adjust pointers 52.566ms
[30.594s][info][gc,phases,start] GC(43) Phase 4: Move objects
[30.594s][info][gc,phases      ] GC(43) Phase 4: Move objects 0.036ms
[30.594s][info][gc,heap        ] GC(43) DefNew: 244828K->0K(629120K)
[30.594s][info][gc,heap        ] GC(43) Tenured: 176976K->177077K(1398144K)
[30.594s][info][gc,metaspace   ] GC(43) Metaspace: 76848K(80848K)->76848K(80848K) NonClass: 66690K(68784K)->66690K(68784K) Class: 10158K(12064K)->10158K(12064K)
[30.594s][info][gc             ] GC(43) Pause Full (System.gc()) 411M->172M(1979M) 225.792ms
[30.594s][info][gc,cpu         ] GC(43) User=0.19s Sys=0.02s Real=0.23s
[30.848s][info][gc,start       ] GC(44) Pause Young (Allocation Failure)
[30.850s][info][gc,heap        ] GC(44) DefNew: 559232K->302K(629120K)
[30.850s][info][gc,heap        ] GC(44) Tenured: 177077K->177077K(1398144K)
[30.850s][info][gc,metaspace   ] GC(44) Metaspace: 76904K(80848K)->76904K(80848K) NonClass: 66745K(68784K)->66745K(68784K) Class: 10158K(12064K)->10158K(12064K)
[30.850s][info][gc             ] GC(44) Pause Young (Allocation Failure) 719M->173M(1979M) 2.217ms
[30.850s][info][gc,cpu         ] GC(44) User=0.00s Sys=0.00s Real=0.00s
[31.070s][info][gc,start       ] GC(45) Pause Young (Allocation Failure)
[31.072s][info][gc,heap        ] GC(45) DefNew: 559534K->296K(629120K)
[31.072s][info][gc,heap        ] GC(45) Tenured: 177077K->177077K(1398144K)
[31.072s][info][gc,metaspace   ] GC(45) Metaspace: 76904K(80848K)->76904K(80848K) NonClass: 66745K(68784K)->66745K(68784K) Class: 10158K(12064K)->10158K(12064K)
[31.072s][info][gc             ] GC(45) Pause Young (Allocation Failure) 719M->173M(1979M) 2.224ms
[31.072s][info][gc,cpu         ] GC(45) User=0.00s Sys=0.00s Real=0.00s
[31.264s][info][gc,start       ] GC(46) Pause Young (Allocation Failure)
[31.266s][info][gc,heap        ] GC(46) DefNew: 559528K->296K(629120K)
[31.266s][info][gc,heap        ] GC(46) Tenured: 177077K->177077K(1398144K)
[31.266s][info][gc,metaspace   ] GC(46) Metaspace: 76904K(80848K)->76904K(80848K) NonClass: 66745K(68784K)->66745K(68784K) Class: 10158K(12064K)->10158K(12064K)
[31.266s][info][gc             ] GC(46) Pause Young (Allocation Failure) 719M->173M(1979M) 1.488ms
[31.266s][info][gc,cpu         ] GC(46) User=0.00s Sys=0.00s Real=0.00s
[31.459s][info][gc,start       ] GC(47) Pause Young (Allocation Failure)
[31.460s][info][gc,heap        ] GC(47) DefNew: 559528K->296K(629120K)
[31.460s][info][gc,heap        ] GC(47) Tenured: 177077K->177077K(1398144K)
[31.460s][info][gc,metaspace   ] GC(47) Metaspace: 76904K(80848K)->76904K(80848K) NonClass: 66745K(68784K)->66745K(68784K) Class: 10158K(12064K)->10158K(12064K)
[31.460s][info][gc             ] GC(47) Pause Young (Allocation Failure) 719M->173M(1979M) 1.473ms
[31.460s][info][gc,cpu         ] GC(47) User=0.00s Sys=0.00s Real=0.00s
[31.571s][info][gc,start       ] GC(48) Pause Full (System.gc())
[31.572s][info][gc,phases,start] GC(48) Phase 1: Mark live objects
[31.662s][info][gc,phases      ] GC(48) Phase 1: Mark live objects 89.748ms
[31.662s][info][gc,phases,start] GC(48) Phase 2: Compute new object addresses
[31.746s][info][gc,phases      ] GC(48) Phase 2: Compute new object addresses 84.408ms
[31.747s][info][gc,phases,start] GC(48) Phase 3: Adjust pointers
[31.803s][info][gc,phases      ] GC(48) Phase 3: Adjust pointers 56.308ms
[31.803s][info][gc,phases,start] GC(48) Phase 4: Move objects
[31.836s][info][gc,phases      ] GC(48) Phase 4: Move objects 32.579ms
[31.836s][info][gc,heap        ] GC(48) DefNew: 240616K->0K(629120K)
[31.836s][info][gc,heap        ] GC(48) Tenured: 177077K->176978K(1398144K)
[31.836s][info][gc,metaspace   ] GC(48) Metaspace: 76926K(80848K)->76926K(80848K) NonClass: 66767K(68784K)->66767K(68784K) Class: 10159K(12064K)->10159K(12064K)
[31.836s][info][gc             ] GC(48) Pause Full (System.gc()) 407M->172M(1979M) 265.379ms
[31.836s][info][gc,cpu         ] GC(48) User=0.23s Sys=0.00s Real=0.27s
[32.063s][info][gc,start       ] GC(49) Pause Young (Allocation Failure)
[32.066s][info][gc,heap        ] GC(49) DefNew: 559232K->302K(629120K)
[32.066s][info][gc,heap        ] GC(49) Tenured: 176978K->176978K(1398144K)
[32.066s][info][gc,metaspace   ] GC(49) Metaspace: 76955K(80848K)->76955K(80848K) NonClass: 66795K(68784K)->66795K(68784K) Class: 10159K(12064K)->10159K(12064K)
[32.066s][info][gc             ] GC(49) Pause Young (Allocation Failure) 718M->173M(1979M) 2.375ms
[32.066s][info][gc,cpu         ] GC(49) User=0.00s Sys=0.00s Real=0.00s
[32.288s][info][gc,start       ] GC(50) Pause Young (Allocation Failure)
[32.290s][info][gc,heap        ] GC(50) DefNew: 559534K->298K(629120K)
[32.290s][info][gc,heap        ] GC(50) Tenured: 176978K->176978K(1398144K)
[32.290s][info][gc,metaspace   ] GC(50) Metaspace: 76955K(80848K)->76955K(80848K) NonClass: 66796K(68784K)->66796K(68784K) Class: 10159K(12064K)->10159K(12064K)
[32.290s][info][gc             ] GC(50) Pause Young (Allocation Failure) 719M->173M(1979M) 1.541ms
[32.290s][info][gc,cpu         ] GC(50) User=0.00s Sys=0.00s Real=0.00s
[32.479s][info][gc,start       ] GC(51) Pause Young (Allocation Failure)
[32.481s][info][gc,heap        ] GC(51) DefNew: 559530K->298K(629120K)
[32.481s][info][gc,heap        ] GC(51) Tenured: 176978K->176978K(1398144K)
[32.481s][info][gc,metaspace   ] GC(51) Metaspace: 76955K(80848K)->76955K(80848K) NonClass: 66796K(68784K)->66796K(68784K) Class: 10159K(12064K)->10159K(12064K)
[32.481s][info][gc             ] GC(51) Pause Young (Allocation Failure) 719M->173M(1979M) 2.186ms
[32.481s][info][gc,cpu         ] GC(51) User=0.00s Sys=0.00s Real=0.00s
[32.667s][info][gc,start       ] GC(52) Pause Young (Allocation Failure)
[32.668s][info][gc,heap        ] GC(52) DefNew: 559530K->298K(629120K)
[32.668s][info][gc,heap        ] GC(52) Tenured: 176978K->176978K(1398144K)
[32.668s][info][gc,metaspace   ] GC(52) Metaspace: 76955K(80848K)->76955K(80848K) NonClass: 66796K(68784K)->66796K(68784K) Class: 10159K(12064K)->10159K(12064K)
[32.668s][info][gc             ] GC(52) Pause Young (Allocation Failure) 719M->173M(1979M) 1.508ms
[32.668s][info][gc,cpu         ] GC(52) User=0.00s Sys=0.00s Real=0.02s
[32.811s][info][gc,start       ] GC(53) Pause Full (System.gc())
[32.813s][info][gc,phases,start] GC(53) Phase 1: Mark live objects
[32.901s][info][gc,phases      ] GC(53) Phase 1: Mark live objects 88.386ms
[32.901s][info][gc,phases,start] GC(53) Phase 2: Compute new object addresses
[32.979s][info][gc,phases      ] GC(53) Phase 2: Compute new object addresses 77.858ms
[32.979s][info][gc,phases,start] GC(53) Phase 3: Adjust pointers
[33.031s][info][gc,phases      ] GC(53) Phase 3: Adjust pointers 52.213ms
[33.031s][info][gc,phases,start] GC(53) Phase 4: Move objects
[33.031s][info][gc,phases      ] GC(53) Phase 4: Move objects 0.034ms
[33.032s][info][gc,heap        ] GC(53) DefNew: 244030K->0K(629120K)
[33.032s][info][gc,heap        ] GC(53) Tenured: 176978K->177080K(1398144K)
[33.032s][info][gc,metaspace   ] GC(53) Metaspace: 76972K(80848K)->76972K(80848K) NonClass: 66813K(68784K)->66813K(68784K) Class: 10159K(12064K)->10159K(12064K)
[33.032s][info][gc             ] GC(53) Pause Full (System.gc()) 411M->172M(1979M) 220.602ms
[33.032s][info][gc,cpu         ] GC(53) User=0.22s Sys=0.00s Real=0.22s
[33.227s][info][gc,start       ] GC(54) Pause Young (Allocation Failure)
[33.229s][info][gc,heap        ] GC(54) DefNew: 559232K->294K(629120K)
[33.229s][info][gc,heap        ] GC(54) Tenured: 177080K->177080K(1398144K)
[33.229s][info][gc,metaspace   ] GC(54) Metaspace: 77008K(81104K)->77008K(81104K) NonClass: 66848K(69040K)->66848K(69040K) Class: 10159K(12064K)->10159K(12064K)
[33.229s][info][gc             ] GC(54) Pause Young (Allocation Failure) 719M->173M(1979M) 1.708ms
[33.229s][info][gc,cpu         ] GC(54) User=0.00s Sys=0.00s Real=0.00s
[33.406s][info][gc,start       ] GC(55) Pause Young (Allocation Failure)
[33.407s][info][gc,heap        ] GC(55) DefNew: 559526K->286K(629120K)
[33.407s][info][gc,heap        ] GC(55) Tenured: 177080K->177080K(1398144K)
[33.407s][info][gc,metaspace   ] GC(55) Metaspace: 77010K(81104K)->77010K(81104K) NonClass: 66850K(69040K)->66850K(69040K) Class: 10159K(12064K)->10159K(12064K)
[33.407s][info][gc             ] GC(55) Pause Young (Allocation Failure) 719M->173M(1979M) 1.557ms
[33.407s][info][gc,cpu         ] GC(55) User=0.00s Sys=0.00s Real=0.00s
[33.577s][info][gc,start       ] GC(56) Pause Young (Allocation Failure)
[33.579s][info][gc,heap        ] GC(56) DefNew: 559518K->286K(629120K)
[33.579s][info][gc,heap        ] GC(56) Tenured: 177080K->177080K(1398144K)
[33.579s][info][gc,metaspace   ] GC(56) Metaspace: 77010K(81104K)->77010K(81104K) NonClass: 66850K(69040K)->66850K(69040K) Class: 10159K(12064K)->10159K(12064K)
[33.579s][info][gc             ] GC(56) Pause Young (Allocation Failure) 719M->173M(1979M) 1.589ms
[33.579s][info][gc,cpu         ] GC(56) User=0.00s Sys=0.00s Real=0.02s
[33.762s][info][gc,start       ] GC(57) Pause Young (Allocation Failure)
[33.765s][info][gc,heap        ] GC(57) DefNew: 559518K->286K(629120K)
[33.765s][info][gc,heap        ] GC(57) Tenured: 177080K->177080K(1398144K)
[33.765s][info][gc,metaspace   ] GC(57) Metaspace: 77010K(81104K)->77010K(81104K) NonClass: 66850K(69040K)->66850K(69040K) Class: 10159K(12064K)->10159K(12064K)
[33.765s][info][gc             ] GC(57) Pause Young (Allocation Failure) 719M->173M(1979M) 2.795ms
[33.765s][info][gc,cpu         ] GC(57) User=0.00s Sys=0.00s Real=0.00s
[33.827s][info][gc,start       ] GC(58) Pause Full (System.gc())
[33.828s][info][gc,phases,start] GC(58) Phase 1: Mark live objects
[33.918s][info][gc,phases      ] GC(58) Phase 1: Mark live objects 89.534ms
[33.918s][info][gc,phases,start] GC(58) Phase 2: Compute new object addresses
[33.978s][info][gc,phases      ] GC(58) Phase 2: Compute new object addresses 59.699ms
[33.978s][info][gc,phases,start] GC(58) Phase 3: Adjust pointers
[34.031s][info][gc,phases      ] GC(58) Phase 3: Adjust pointers 53.591ms
[34.031s][info][gc,phases,start] GC(58) Phase 4: Move objects
[34.031s][info][gc,phases      ] GC(58) Phase 4: Move objects 0.033ms
[34.032s][info][gc,heap        ] GC(58) DefNew: 122719K->0K(629120K)
[34.032s][info][gc,heap        ] GC(58) Tenured: 177080K->177170K(1398144K)
[34.032s][info][gc,metaspace   ] GC(58) Metaspace: 77051K(81104K)->77051K(81104K) NonClass: 66891K(69040K)->66891K(69040K) Class: 10159K(12064K)->10159K(12064K)
[34.032s][info][gc             ] GC(58) Pause Full (System.gc()) 292M->173M(1979M) 205.371ms
[34.032s][info][gc,cpu         ] GC(58) User=0.20s Sys=0.00s Real=0.20s
[34.233s][info][gc,start       ] GC(59) Pause Young (Allocation Failure)
[34.236s][info][gc,heap        ] GC(59) DefNew: 559232K->294K(629120K)
[34.236s][info][gc,heap        ] GC(59) Tenured: 177170K->177170K(1398144K)
[34.236s][info][gc,metaspace   ] GC(59) Metaspace: 77076K(81104K)->77076K(81104K) NonClass: 66917K(69040K)->66917K(69040K) Class: 10159K(12064K)->10159K(12064K)
[34.236s][info][gc             ] GC(59) Pause Young (Allocation Failure) 719M->173M(1979M) 2.627ms
[34.236s][info][gc,cpu         ] GC(59) User=0.00s Sys=0.00s Real=0.00s
[34.415s][info][gc,start       ] GC(60) Pause Young (Allocation Failure)
[34.417s][info][gc,heap        ] GC(60) DefNew: 559526K->286K(629120K)
[34.417s][info][gc,heap        ] GC(60) Tenured: 177170K->177170K(1398144K)
[34.417s][info][gc,metaspace   ] GC(60) Metaspace: 77079K(81104K)->77079K(81104K) NonClass: 66919K(69040K)->66919K(69040K) Class: 10159K(12064K)->10159K(12064K)
[34.417s][info][gc             ] GC(60) Pause Young (Allocation Failure) 719M->173M(1979M) 2.394ms
[34.418s][info][gc,cpu         ] GC(60) User=0.00s Sys=0.00s Real=0.00s
[34.580s][info][gc,start       ] GC(61) Pause Young (Allocation Failure)
[34.581s][info][gc,heap        ] GC(61) DefNew: 559518K->286K(629120K)
[34.581s][info][gc,heap        ] GC(61) Tenured: 177170K->177170K(1398144K)
[34.581s][info][gc,metaspace   ] GC(61) Metaspace: 77079K(81104K)->77079K(81104K) NonClass: 66919K(69040K)->66919K(69040K) Class: 10159K(12064K)->10159K(12064K)
[34.581s][info][gc             ] GC(61) Pause Young (Allocation Failure) 719M->173M(1979M) 1.504ms
[34.581s][info][gc,cpu         ] GC(61) User=0.00s Sys=0.00s Real=0.00s
[34.757s][info][gc,start       ] GC(62) Pause Young (Allocation Failure)
[34.759s][info][gc,heap        ] GC(62) DefNew: 559518K->286K(629120K)
[34.759s][info][gc,heap        ] GC(62) Tenured: 177170K->177170K(1398144K)
[34.759s][info][gc,metaspace   ] GC(62) Metaspace: 77079K(81104K)->77079K(81104K) NonClass: 66919K(69040K)->66919K(69040K) Class: 10159K(12064K)->10159K(12064K)
[34.759s][info][gc             ] GC(62) Pause Young (Allocation Failure) 719M->173M(1979M) 1.539ms
[34.759s][info][gc,cpu         ] GC(62) User=0.00s Sys=0.00s Real=0.00s
[34.821s][info][gc,start       ] GC(63) Pause Full (System.gc())
[34.823s][info][gc,phases,start] GC(63) Phase 1: Mark live objects
[34.911s][info][gc,phases      ] GC(63) Phase 1: Mark live objects 88.333ms
[34.911s][info][gc,phases,start] GC(63) Phase 2: Compute new object addresses
[34.969s][info][gc,phases      ] GC(63) Phase 2: Compute new object addresses 57.471ms
[34.969s][info][gc,phases,start] GC(63) Phase 3: Adjust pointers
[35.021s][info][gc,phases      ] GC(63) Phase 3: Adjust pointers 51.875ms
[35.021s][info][gc,phases,start] GC(63) Phase 4: Move objects
[35.021s][info][gc,phases      ] GC(63) Phase 4: Move objects 0.032ms
[35.021s][info][gc,heap        ] GC(63) DefNew: 122582K->0K(629120K)
[35.021s][info][gc,heap        ] GC(63) Tenured: 177170K->177261K(1398144K)
[35.021s][info][gc,metaspace   ] GC(63) Metaspace: 77090K(81104K)->77090K(81104K) NonClass: 66931K(69040K)->66931K(69040K) Class: 10159K(12064K)->10159K(12064K)
[35.021s][info][gc             ] GC(63) Pause Full (System.gc()) 292M->173M(1979M) 200.028ms
[35.021s][info][gc,cpu         ] GC(63) User=0.20s Sys=0.00s Real=0.20s
[35.239s][info][gc,start       ] GC(64) Pause Young (Allocation Failure)
[35.242s][info][gc,heap        ] GC(64) DefNew: 559232K->373K(629120K)
[35.242s][info][gc,heap        ] GC(64) Tenured: 177261K->177261K(1398144K)
[35.242s][info][gc,metaspace   ] GC(64) Metaspace: 77429K(81488K)->77429K(81488K) NonClass: 67200K(69296K)->67200K(69296K) Class: 10228K(12192K)->10228K(12192K)
[35.242s][info][gc             ] GC(64) Pause Young (Allocation Failure) 719M->173M(1979M) 2.356ms
[35.242s][info][gc,cpu         ] GC(64) User=0.00s Sys=0.00s Real=0.01s
[35.430s][info][gc,start       ] GC(65) Pause Young (Allocation Failure)
[35.432s][info][gc,heap        ] GC(65) DefNew: 559605K->354K(629120K)
[35.432s][info][gc,heap        ] GC(65) Tenured: 177261K->177261K(1398144K)
[35.432s][info][gc,metaspace   ] GC(65) Metaspace: 77429K(81488K)->77429K(81488K) NonClass: 67200K(69296K)->67200K(69296K) Class: 10228K(12192K)->10228K(12192K)
[35.432s][info][gc             ] GC(65) Pause Young (Allocation Failure) 719M->173M(1979M) 2.743ms
[35.432s][info][gc,cpu         ] GC(65) User=0.00s Sys=0.00s Real=0.00s
[35.603s][info][gc,start       ] GC(66) Pause Young (Allocation Failure)
[35.606s][info][gc,heap        ] GC(66) DefNew: 559586K->354K(629120K)
[35.606s][info][gc,heap        ] GC(66) Tenured: 177261K->177261K(1398144K)
[35.606s][info][gc,metaspace   ] GC(66) Metaspace: 77429K(81488K)->77429K(81488K) NonClass: 67200K(69296K)->67200K(69296K) Class: 10228K(12192K)->10228K(12192K)
[35.606s][info][gc             ] GC(66) Pause Young (Allocation Failure) 719M->173M(1979M) 2.249ms
[35.606s][info][gc,cpu         ] GC(66) User=0.00s Sys=0.00s Real=0.00s
[35.788s][info][gc,start       ] GC(67) Pause Young (Allocation Failure)
[35.791s][info][gc,heap        ] GC(67) DefNew: 559586K->354K(629120K)
[35.791s][info][gc,heap        ] GC(67) Tenured: 177261K->177261K(1398144K)
[35.791s][info][gc,metaspace   ] GC(67) Metaspace: 77429K(81488K)->77429K(81488K) NonClass: 67200K(69296K)->67200K(69296K) Class: 10228K(12192K)->10228K(12192K)
[35.791s][info][gc             ] GC(67) Pause Young (Allocation Failure) 719M->173M(1979M) 2.703ms
[35.791s][info][gc,cpu         ] GC(67) User=0.00s Sys=0.00s Real=0.02s
[35.852s][info][gc,start       ] GC(68) Pause Full (System.gc())
[35.853s][info][gc,phases,start] GC(68) Phase 1: Mark live objects
[35.953s][info][gc,phases      ] GC(68) Phase 1: Mark live objects 99.972ms
[35.953s][info][gc,phases,start] GC(68) Phase 2: Compute new object addresses
[36.013s][info][gc,phases      ] GC(68) Phase 2: Compute new object addresses 59.533ms
[36.013s][info][gc,phases,start] GC(68) Phase 3: Adjust pointers
[36.066s][info][gc,phases      ] GC(68) Phase 3: Adjust pointers 53.140ms
[36.066s][info][gc,phases,start] GC(68) Phase 4: Move objects
[36.103s][info][gc,phases      ] GC(68) Phase 4: Move objects 36.616ms
[36.103s][info][gc,heap        ] GC(68) DefNew: 127884K->0K(629120K)
[36.104s][info][gc,heap        ] GC(68) Tenured: 177261K->177192K(1398144K)
[36.104s][info][gc,metaspace   ] GC(68) Metaspace: 77460K(81488K)->77460K(81488K) NonClass: 67230K(69296K)->67230K(69296K) Class: 10229K(12192K)->10229K(12192K)
[36.104s][info][gc             ] GC(68) Pause Full (System.gc()) 297M->173M(1979M) 251.762ms
[36.104s][info][gc,cpu         ] GC(68) User=0.23s Sys=0.00s Real=0.25s
[36.322s][info][gc,start       ] GC(69) Pause Young (Allocation Failure)
[36.324s][info][gc,heap        ] GC(69) DefNew: 559232K->294K(629120K)
[36.324s][info][gc,heap        ] GC(69) Tenured: 177192K->177192K(1398144K)
[36.324s][info][gc,metaspace   ] GC(69) Metaspace: 77499K(81488K)->77499K(81488K) NonClass: 67269K(69296K)->67269K(69296K) Class: 10229K(12192K)->10229K(12192K)
[36.324s][info][gc             ] GC(69) Pause Young (Allocation Failure) 719M->173M(1979M) 2.526ms
[36.324s][info][gc,cpu         ] GC(69) User=0.00s Sys=0.00s Real=0.00s
[36.491s][info][gc,start       ] GC(70) Pause Young (Allocation Failure)
[36.493s][info][gc,heap        ] GC(70) DefNew: 559526K->287K(629120K)
[36.493s][info][gc,heap        ] GC(70) Tenured: 177192K->177192K(1398144K)
[36.493s][info][gc,metaspace   ] GC(70) Metaspace: 77499K(81488K)->77499K(81488K) NonClass: 67269K(69296K)->67269K(69296K) Class: 10229K(12192K)->10229K(12192K)
[36.493s][info][gc             ] GC(70) Pause Young (Allocation Failure) 719M->173M(1979M) 1.609ms
[36.493s][info][gc,cpu         ] GC(70) User=0.00s Sys=0.00s Real=0.00s
[36.661s][info][gc,start       ] GC(71) Pause Young (Allocation Failure)
[36.663s][info][gc,heap        ] GC(71) DefNew: 559519K->287K(629120K)
[36.663s][info][gc,heap        ] GC(71) Tenured: 177192K->177192K(1398144K)
[36.663s][info][gc,metaspace   ] GC(71) Metaspace: 77499K(81488K)->77499K(81488K) NonClass: 67269K(69296K)->67269K(69296K) Class: 10229K(12192K)->10229K(12192K)
[36.663s][info][gc             ] GC(71) Pause Young (Allocation Failure) 719M->173M(1979M) 1.589ms
[36.663s][info][gc,cpu         ] GC(71) User=0.00s Sys=0.00s Real=0.00s
[36.855s][info][gc,start       ] GC(72) Pause Young (Allocation Failure)
[36.857s][info][gc,heap        ] GC(72) DefNew: 559519K->287K(629120K)
[36.857s][info][gc,heap        ] GC(72) Tenured: 177192K->177192K(1398144K)
[36.857s][info][gc,metaspace   ] GC(72) Metaspace: 77499K(81488K)->77499K(81488K) NonClass: 67269K(69296K)->67269K(69296K) Class: 10229K(12192K)->10229K(12192K)
[36.857s][info][gc             ] GC(72) Pause Young (Allocation Failure) 719M->173M(1979M) 2.359ms
[36.857s][info][gc,cpu         ] GC(72) User=0.00s Sys=0.00s Real=0.00s
[36.911s][info][gc,start       ] GC(73) Pause Full (System.gc())
[36.913s][info][gc,phases,start] GC(73) Phase 1: Mark live objects
[37.003s][info][gc,phases      ] GC(73) Phase 1: Mark live objects 90.161ms
[37.003s][info][gc,phases,start] GC(73) Phase 2: Compute new object addresses
[37.061s][info][gc,phases      ] GC(73) Phase 2: Compute new object addresses 57.946ms
[37.061s][info][gc,phases,start] GC(73) Phase 3: Adjust pointers
[37.113s][info][gc,phases      ] GC(73) Phase 3: Adjust pointers 52.668ms
[37.114s][info][gc,phases,start] GC(73) Phase 4: Move objects
[37.114s][info][gc,phases      ] GC(73) Phase 4: Move objects 0.032ms
[37.114s][info][gc,heap        ] GC(73) DefNew: 118808K->0K(629120K)
[37.114s][info][gc,heap        ] GC(73) Tenured: 177192K->177283K(1398144K)
[37.114s][info][gc,metaspace   ] GC(73) Metaspace: 77522K(81488K)->77522K(81488K) NonClass: 67292K(69296K)->67292K(69296K) Class: 10229K(12192K)->10229K(12192K)
[37.114s][info][gc             ] GC(73) Pause Full (System.gc()) 289M->173M(1979M) 203.461ms
[37.114s][info][gc,cpu         ] GC(73) User=0.19s Sys=0.00s Real=0.21s
[37.333s][info][gc,start       ] GC(74) Pause Young (Allocation Failure)
[37.335s][info][gc,heap        ] GC(74) DefNew: 559232K->291K(629120K)
[37.335s][info][gc,heap        ] GC(74) Tenured: 177283K->177283K(1398144K)
[37.335s][info][gc,metaspace   ] GC(74) Metaspace: 77579K(81744K)->77579K(81744K) NonClass: 67349K(69552K)->67349K(69552K) Class: 10230K(12192K)->10230K(12192K)
[37.335s][info][gc             ] GC(74) Pause Young (Allocation Failure) 719M->173M(1979M) 1.794ms
[37.335s][info][gc,cpu         ] GC(74) User=0.00s Sys=0.00s Real=0.00s
[37.516s][info][gc,start       ] GC(75) Pause Young (Allocation Failure)
[37.519s][info][gc,heap        ] GC(75) DefNew: 559523K->281K(629120K)
[37.519s][info][gc,heap        ] GC(75) Tenured: 177283K->177283K(1398144K)
[37.519s][info][gc,metaspace   ] GC(75) Metaspace: 77579K(81744K)->77579K(81744K) NonClass: 67349K(69552K)->67349K(69552K) Class: 10230K(12192K)->10230K(12192K)
[37.519s][info][gc             ] GC(75) Pause Young (Allocation Failure) 719M->173M(1979M) 2.932ms
[37.519s][info][gc,cpu         ] GC(75) User=0.02s Sys=0.00s Real=0.02s
[37.682s][info][gc,start       ] GC(76) Pause Young (Allocation Failure)
[37.685s][info][gc,heap        ] GC(76) DefNew: 559513K->282K(629120K)
[37.685s][info][gc,heap        ] GC(76) Tenured: 177283K->177283K(1398144K)
[37.685s][info][gc,metaspace   ] GC(76) Metaspace: 77579K(81744K)->77579K(81744K) NonClass: 67349K(69552K)->67349K(69552K) Class: 10230K(12192K)->10230K(12192K)
[37.685s][info][gc             ] GC(76) Pause Young (Allocation Failure) 719M->173M(1979M) 2.346ms
[37.685s][info][gc,cpu         ] GC(76) User=0.00s Sys=0.00s Real=0.00s
[37.855s][info][gc,start       ] GC(77) Pause Young (Allocation Failure)
[37.858s][info][gc,heap        ] GC(77) DefNew: 559514K->282K(629120K)
[37.858s][info][gc,heap        ] GC(77) Tenured: 177283K->177283K(1398144K)
[37.858s][info][gc,metaspace   ] GC(77) Metaspace: 77579K(81744K)->77579K(81744K) NonClass: 67349K(69552K)->67349K(69552K) Class: 10230K(12192K)->10230K(12192K)
[37.858s][info][gc             ] GC(77) Pause Young (Allocation Failure) 719M->173M(1979M) 2.762ms
[37.858s][info][gc,cpu         ] GC(77) User=0.00s Sys=0.00s Real=0.00s
[37.916s][info][gc,start       ] GC(78) Pause Full (System.gc())
[37.917s][info][gc,phases,start] GC(78) Phase 1: Mark live objects
[38.008s][info][gc,phases      ] GC(78) Phase 1: Mark live objects 90.680ms
[38.008s][info][gc,phases,start] GC(78) Phase 2: Compute new object addresses
[38.066s][info][gc,phases      ] GC(78) Phase 2: Compute new object addresses 57.855ms
[38.066s][info][gc,phases,start] GC(78) Phase 3: Adjust pointers
[38.120s][info][gc,phases      ] GC(78) Phase 3: Adjust pointers 53.520ms
[38.120s][info][gc,phases,start] GC(78) Phase 4: Move objects
[38.120s][info][gc,phases      ] GC(78) Phase 4: Move objects 0.033ms
[38.120s][info][gc,heap        ] GC(78) DefNew: 118950K->0K(629120K)
[38.120s][info][gc,heap        ] GC(78) Tenured: 177283K->177368K(1398144K)
[38.120s][info][gc,metaspace   ] GC(78) Metaspace: 77616K(81744K)->77616K(81744K) NonClass: 67385K(69552K)->67385K(69552K) Class: 10230K(12192K)->10230K(12192K)
[38.120s][info][gc             ] GC(78) Pause Full (System.gc()) 289M->173M(1979M) 204.590ms
[38.120s][info][gc,cpu         ] GC(78) User=0.20s Sys=0.00s Real=0.20s
[38.328s][info][gc,start       ] GC(79) Pause Young (Allocation Failure)
[38.330s][info][gc,heap        ] GC(79) DefNew: 559232K->289K(629120K)
[38.330s][info][gc,heap        ] GC(79) Tenured: 177368K->177368K(1398144K)
[38.330s][info][gc,metaspace   ] GC(79) Metaspace: 77643K(81744K)->77643K(81744K) NonClass: 67413K(69552K)->67413K(69552K) Class: 10230K(12192K)->10230K(12192K)
[38.330s][info][gc             ] GC(79) Pause Young (Allocation Failure) 719M->173M(1979M) 1.713ms
[38.330s][info][gc,cpu         ] GC(79) User=0.00s Sys=0.00s Real=0.00s
[38.498s][info][gc,start       ] GC(80) Pause Young (Allocation Failure)
[38.500s][info][gc,heap        ] GC(80) DefNew: 559521K->280K(629120K)
[38.500s][info][gc,heap        ] GC(80) Tenured: 177368K->177368K(1398144K)
[38.500s][info][gc,metaspace   ] GC(80) Metaspace: 77649K(81744K)->77649K(81744K) NonClass: 67419K(69552K)->67419K(69552K) Class: 10230K(12192K)->10230K(12192K)
[38.500s][info][gc             ] GC(80) Pause Young (Allocation Failure) 719M->173M(1979M) 2.412ms
[38.500s][info][gc,cpu         ] GC(80) User=0.00s Sys=0.00s Real=0.00s
[38.673s][info][gc,start       ] GC(81) Pause Young (Allocation Failure)
[38.675s][info][gc,heap        ] GC(81) DefNew: 559512K->280K(629120K)
[38.675s][info][gc,heap        ] GC(81) Tenured: 177368K->177368K(1398144K)
[38.675s][info][gc,metaspace   ] GC(81) Metaspace: 77649K(81744K)->77649K(81744K) NonClass: 67419K(69552K)->67419K(69552K) Class: 10230K(12192K)->10230K(12192K)
[38.675s][info][gc             ] GC(81) Pause Young (Allocation Failure) 719M->173M(1979M) 2.370ms
[38.675s][info][gc,cpu         ] GC(81) User=0.00s Sys=0.00s Real=0.00s
[38.867s][info][gc,start       ] GC(82) Pause Young (Allocation Failure)
[38.868s][info][gc,heap        ] GC(82) DefNew: 559512K->280K(629120K)
[38.869s][info][gc,heap        ] GC(82) Tenured: 177368K->177368K(1398144K)
[38.869s][info][gc,metaspace   ] GC(82) Metaspace: 77649K(81744K)->77649K(81744K) NonClass: 67419K(69552K)->67419K(69552K) Class: 10230K(12192K)->10230K(12192K)
[38.869s][info][gc             ] GC(82) Pause Young (Allocation Failure) 719M->173M(1979M) 1.783ms
[38.869s][info][gc,cpu         ] GC(82) User=0.00s Sys=0.00s Real=0.00s
[38.931s][info][gc,start       ] GC(83) Pause Full (System.gc())
[38.933s][info][gc,phases,start] GC(83) Phase 1: Mark live objects
[39.022s][info][gc,phases      ] GC(83) Phase 1: Mark live objects 88.863ms
[39.022s][info][gc,phases,start] GC(83) Phase 2: Compute new object addresses
[39.080s][info][gc,phases      ] GC(83) Phase 2: Compute new object addresses 58.872ms
[39.081s][info][gc,phases,start] GC(83) Phase 3: Adjust pointers
[39.132s][info][gc,phases      ] GC(83) Phase 3: Adjust pointers 51.727ms
[39.132s][info][gc,phases,start] GC(83) Phase 4: Move objects
[39.132s][info][gc,phases      ] GC(83) Phase 4: Move objects 0.029ms
[39.133s][info][gc,heap        ] GC(83) DefNew: 116395K->0K(629120K)
[39.133s][info][gc,heap        ] GC(83) Tenured: 177368K->177451K(1398144K)
[39.133s][info][gc,metaspace   ] GC(83) Metaspace: 77673K(81744K)->77673K(81744K) NonClass: 67443K(69552K)->67443K(69552K) Class: 10230K(12192K)->10230K(12192K)
[39.133s][info][gc             ] GC(83) Pause Full (System.gc()) 286M->173M(1979M) 202.125ms
[39.133s][info][gc,cpu         ] GC(83) User=0.17s Sys=0.02s Real=0.20s
[39.332s][info][gc,start       ] GC(84) Pause Young (Allocation Failure)
[39.334s][info][gc,heap        ] GC(84) DefNew: 559232K->290K(629120K)
[39.334s][info][gc,heap        ] GC(84) Tenured: 177451K->177451K(1398144K)
[39.334s][info][gc,metaspace   ] GC(84) Metaspace: 77714K(81744K)->77714K(81744K) NonClass: 67483K(69552K)->67483K(69552K) Class: 10230K(12192K)->10230K(12192K)
[39.334s][info][gc             ] GC(84) Pause Young (Allocation Failure) 719M->173M(1979M) 2.471ms
[39.334s][info][gc,cpu         ] GC(84) User=0.02s Sys=0.00s Real=0.00s
[39.517s][info][gc,start       ] GC(85) Pause Young (Allocation Failure)
[39.519s][info][gc,heap        ] GC(85) DefNew: 559522K->280K(629120K)
[39.519s][info][gc,heap        ] GC(85) Tenured: 177451K->177451K(1398144K)
[39.519s][info][gc,metaspace   ] GC(85) Metaspace: 77714K(81744K)->77714K(81744K) NonClass: 67484K(69552K)->67484K(69552K) Class: 10230K(12192K)->10230K(12192K)
[39.519s][info][gc             ] GC(85) Pause Young (Allocation Failure) 719M->173M(1979M) 1.937ms
[39.519s][info][gc,cpu         ] GC(85) User=0.00s Sys=0.00s Real=0.00s
[39.682s][info][gc,start       ] GC(86) Pause Young (Allocation Failure)
[39.684s][info][gc,heap        ] GC(86) DefNew: 559512K->280K(629120K)
[39.684s][info][gc,heap        ] GC(86) Tenured: 177451K->177451K(1398144K)
[39.684s][info][gc,metaspace   ] GC(86) Metaspace: 77714K(81744K)->77714K(81744K) NonClass: 67484K(69552K)->67484K(69552K) Class: 10230K(12192K)->10230K(12192K)
[39.684s][info][gc             ] GC(86) Pause Young (Allocation Failure) 719M->173M(1979M) 2.393ms
[39.684s][info][gc,cpu         ] GC(86) User=0.00s Sys=0.00s Real=0.00s
[39.859s][info][gc,start       ] GC(87) Pause Young (Allocation Failure)
[39.860s][info][gc,heap        ] GC(87) DefNew: 559512K->280K(629120K)
[39.860s][info][gc,heap        ] GC(87) Tenured: 177451K->177451K(1398144K)
[39.860s][info][gc,metaspace   ] GC(87) Metaspace: 77714K(81744K)->77714K(81744K) NonClass: 67484K(69552K)->67484K(69552K) Class: 10230K(12192K)->10230K(12192K)
[39.860s][info][gc             ] GC(87) Pause Young (Allocation Failure) 719M->173M(1979M) 1.547ms
[39.860s][info][gc,cpu         ] GC(87) User=0.00s Sys=0.00s Real=0.00s
[39.918s][info][gc,start       ] GC(88) Pause Full (System.gc())
[39.920s][info][gc,phases,start] GC(88) Phase 1: Mark live objects
[40.009s][info][gc,phases      ] GC(88) Phase 1: Mark live objects 88.879ms
[40.009s][info][gc,phases,start] GC(88) Phase 2: Compute new object addresses
[40.066s][info][gc,phases      ] GC(88) Phase 2: Compute new object addresses 57.297ms
[40.066s][info][gc,phases,start] GC(88) Phase 3: Adjust pointers
[40.120s][info][gc,phases      ] GC(88) Phase 3: Adjust pointers 53.926ms
[40.120s][info][gc,phases,start] GC(88) Phase 4: Move objects
[40.157s][info][gc,phases      ] GC(88) Phase 4: Move objects 36.355ms
[40.157s][info][gc,heap        ] GC(88) DefNew: 112983K->0K(629120K)
[40.157s][info][gc,heap        ] GC(88) Tenured: 177451K->177331K(1398144K)
[40.157s][info][gc,metaspace   ] GC(88) Metaspace: 77742K(81744K)->77742K(81744K) NonClass: 67512K(69552K)->67512K(69552K) Class: 10230K(12192K)->10230K(12192K)
[40.157s][info][gc             ] GC(88) Pause Full (System.gc()) 283M->173M(1979M) 238.973ms
[40.157s][info][gc,cpu         ] GC(88) User=0.25s Sys=0.00s Real=0.25s
[40.363s][info][gc,start       ] GC(89) Pause Young (Allocation Failure)
[40.365s][info][gc,heap        ] GC(89) DefNew: 559232K->290K(629120K)
[40.365s][info][gc,heap        ] GC(89) Tenured: 177331K->177331K(1398144K)
[40.365s][info][gc,metaspace   ] GC(89) Metaspace: 77768K(81744K)->77768K(81744K) NonClass: 67538K(69552K)->67538K(69552K) Class: 10230K(12192K)->10230K(12192K)
[40.365s][info][gc             ] GC(89) Pause Young (Allocation Failure) 719M->173M(1979M) 1.962ms
[40.365s][info][gc,cpu         ] GC(89) User=0.00s Sys=0.02s Real=0.00s
[40.531s][info][gc,start       ] GC(90) Pause Young (Allocation Failure)
[40.534s][info][gc,heap        ] GC(90) DefNew: 559522K->281K(629120K)
[40.534s][info][gc,heap        ] GC(90) Tenured: 177331K->177331K(1398144K)
[40.534s][info][gc,metaspace   ] GC(90) Metaspace: 77770K(81744K)->77770K(81744K) NonClass: 67540K(69552K)->67540K(69552K) Class: 10230K(12192K)->10230K(12192K)
[40.534s][info][gc             ] GC(90) Pause Young (Allocation Failure) 719M->173M(1979M) 2.675ms
[40.534s][info][gc,cpu         ] GC(90) User=0.00s Sys=0.00s Real=0.00s
[40.707s][info][gc,start       ] GC(91) Pause Young (Allocation Failure)
[40.709s][info][gc,heap        ] GC(91) DefNew: 559513K->281K(629120K)
[40.709s][info][gc,heap        ] GC(91) Tenured: 177331K->177331K(1398144K)
[40.709s][info][gc,metaspace   ] GC(91) Metaspace: 77770K(81744K)->77770K(81744K) NonClass: 67540K(69552K)->67540K(69552K) Class: 10230K(12192K)->10230K(12192K)
[40.709s][info][gc             ] GC(91) Pause Young (Allocation Failure) 719M->173M(1979M) 1.770ms
[40.709s][info][gc,cpu         ] GC(91) User=0.00s Sys=0.00s Real=0.00s
[40.891s][info][gc,start       ] GC(92) Pause Young (Allocation Failure)
[40.893s][info][gc,heap        ] GC(92) DefNew: 559513K->281K(629120K)
[40.893s][info][gc,heap        ] GC(92) Tenured: 177331K->177331K(1398144K)
[40.893s][info][gc,metaspace   ] GC(92) Metaspace: 77770K(81744K)->77770K(81744K) NonClass: 67540K(69552K)->67540K(69552K) Class: 10230K(12192K)->10230K(12192K)
[40.893s][info][gc             ] GC(92) Pause Young (Allocation Failure) 719M->173M(1979M) 2.184ms
[40.893s][info][gc,cpu         ] GC(92) User=0.00s Sys=0.00s Real=0.00s
[40.959s][info][gc,start       ] GC(93) Pause Full (System.gc())
[40.963s][info][gc,phases,start] GC(93) Phase 1: Mark live objects
[41.056s][info][gc,phases      ] GC(93) Phase 1: Mark live objects 92.990ms
[41.056s][info][gc,phases,start] GC(93) Phase 2: Compute new object addresses
[41.115s][info][gc,phases      ] GC(93) Phase 2: Compute new object addresses 58.485ms
[41.115s][info][gc,phases,start] GC(93) Phase 3: Adjust pointers
[41.168s][info][gc,phases      ] GC(93) Phase 3: Adjust pointers 52.873ms
[41.168s][info][gc,phases,start] GC(93) Phase 4: Move objects
[41.168s][info][gc,phases      ] GC(93) Phase 4: Move objects 0.031ms
[41.168s][info][gc,heap        ] GC(93) DefNew: 117178K->0K(629120K)
[41.168s][info][gc,heap        ] GC(93) Tenured: 177331K->177416K(1398144K)
[41.168s][info][gc,metaspace   ] GC(93) Metaspace: 77793K(81744K)->77793K(81744K) NonClass: 67563K(69552K)->67563K(69552K) Class: 10230K(12192K)->10230K(12192K)
[41.168s][info][gc             ] GC(93) Pause Full (System.gc()) 287M->173M(1979M) 209.261ms
[41.168s][info][gc,cpu         ] GC(93) User=0.17s Sys=0.00s Real=0.21s
[41.395s][info][gc,start       ] GC(94) Pause Young (Allocation Failure)
[41.397s][info][gc,heap        ] GC(94) DefNew: 559232K->290K(629120K)
[41.397s][info][gc,heap        ] GC(94) Tenured: 177416K->177416K(1398144K)
[41.397s][info][gc,metaspace   ] GC(94) Metaspace: 77838K(81744K)->77838K(81744K) NonClass: 67608K(69552K)->67608K(69552K) Class: 10230K(12192K)->10230K(12192K)
[41.397s][info][gc             ] GC(94) Pause Young (Allocation Failure) 719M->173M(1979M) 1.785ms
[41.397s][info][gc,cpu         ] GC(94) User=0.00s Sys=0.00s Real=0.02s
[41.563s][info][gc,start       ] GC(95) Pause Young (Allocation Failure)
[41.565s][info][gc,heap        ] GC(95) DefNew: 559522K->280K(629120K)
[41.565s][info][gc,heap        ] GC(95) Tenured: 177416K->177416K(1398144K)
[41.565s][info][gc,metaspace   ] GC(95) Metaspace: 77838K(81744K)->77838K(81744K) NonClass: 67608K(69552K)->67608K(69552K) Class: 10230K(12192K)->10230K(12192K)
[41.565s][info][gc             ] GC(95) Pause Young (Allocation Failure) 719M->173M(1979M) 2.378ms
[41.565s][info][gc,cpu         ] GC(95) User=0.00s Sys=0.00s Real=0.00s
[41.745s][info][gc,start       ] GC(96) Pause Young (Allocation Failure)
[41.747s][info][gc,heap        ] GC(96) DefNew: 559512K->280K(629120K)
[41.747s][info][gc,heap        ] GC(96) Tenured: 177416K->177416K(1398144K)
[41.747s][info][gc,metaspace   ] GC(96) Metaspace: 77838K(81744K)->77838K(81744K) NonClass: 67608K(69552K)->67608K(69552K) Class: 10230K(12192K)->10230K(12192K)
[41.747s][info][gc             ] GC(96) Pause Young (Allocation Failure) 719M->173M(1979M) 1.675ms
[41.747s][info][gc,cpu         ] GC(96) User=0.00s Sys=0.00s Real=0.00s
[41.916s][info][gc,start       ] GC(97) Pause Young (Allocation Failure)
[41.918s][info][gc,heap        ] GC(97) DefNew: 559512K->280K(629120K)
[41.918s][info][gc,heap        ] GC(97) Tenured: 177416K->177416K(1398144K)
[41.918s][info][gc,metaspace   ] GC(97) Metaspace: 77838K(81744K)->77838K(81744K) NonClass: 67608K(69552K)->67608K(69552K) Class: 10230K(12192K)->10230K(12192K)
[41.918s][info][gc             ] GC(97) Pause Young (Allocation Failure) 719M->173M(1979M) 2.117ms
[41.918s][info][gc,cpu         ] GC(97) User=0.00s Sys=0.00s Real=0.00s
[41.973s][info][gc,start       ] GC(98) Pause Full (System.gc())
[41.975s][info][gc,phases,start] GC(98) Phase 1: Mark live objects
[42.067s][info][gc,phases      ] GC(98) Phase 1: Mark live objects 91.530ms
[42.067s][info][gc,phases,start] GC(98) Phase 2: Compute new object addresses
[42.126s][info][gc,phases      ] GC(98) Phase 2: Compute new object addresses 58.924ms
[42.126s][info][gc,phases,start] GC(98) Phase 3: Adjust pointers
[42.179s][info][gc,phases      ] GC(98) Phase 3: Adjust pointers 53.315ms
[42.179s][info][gc,phases,start] GC(98) Phase 4: Move objects
[42.179s][info][gc,phases      ] GC(98) Phase 4: Move objects 0.032ms
[42.179s][info][gc,heap        ] GC(98) DefNew: 116208K->0K(629120K)
[42.179s][info][gc,heap        ] GC(98) Tenured: 177416K->177500K(1398144K)
[42.179s][info][gc,metaspace   ] GC(98) Metaspace: 77853K(82000K)->77853K(82000K) NonClass: 67623K(69808K)->67623K(69808K) Class: 10230K(12192K)->10230K(12192K)
[42.179s][info][gc             ] GC(98) Pause Full (System.gc()) 286M->173M(1979M) 206.298ms
[42.179s][info][gc,cpu         ] GC(98) User=0.20s Sys=0.00s Real=0.20s
[42.397s][info][gc,start       ] GC(99) Pause Young (Allocation Failure)
[42.399s][info][gc,heap        ] GC(99) DefNew: 559232K->289K(629120K)
[42.399s][info][gc,heap        ] GC(99) Tenured: 177500K->177500K(1398144K)
[42.399s][info][gc,metaspace   ] GC(99) Metaspace: 77868K(82000K)->77868K(82000K) NonClass: 67638K(69808K)->67638K(69808K) Class: 10230K(12192K)->10230K(12192K)
[42.399s][info][gc             ] GC(99) Pause Young (Allocation Failure) 719M->173M(1979M) 1.826ms
[42.399s][info][gc,cpu         ] GC(99) User=0.00s Sys=0.00s Real=0.00s
[42.611s][info][gc,start       ] GC(100) Pause Young (Allocation Failure)
[42.613s][info][gc,heap        ] GC(100) DefNew: 559521K->280K(629120K)
[42.613s][info][gc,heap        ] GC(100) Tenured: 177500K->177500K(1398144K)
[42.613s][info][gc,metaspace   ] GC(100) Metaspace: 77868K(82000K)->77868K(82000K) NonClass: 67638K(69808K)->67638K(69808K) Class: 10230K(12192K)->10230K(12192K)
[42.613s][info][gc             ] GC(100) Pause Young (Allocation Failure) 719M->173M(1979M) 1.883ms
[42.613s][info][gc,cpu         ] GC(100) User=0.00s Sys=0.00s Real=0.00s
[42.811s][info][gc,start       ] GC(101) Pause Young (Allocation Failure)
[42.813s][info][gc,heap        ] GC(101) DefNew: 559512K->280K(629120K)
[42.813s][info][gc,heap        ] GC(101) Tenured: 177500K->177500K(1398144K)
[42.813s][info][gc,metaspace   ] GC(101) Metaspace: 77868K(82000K)->77868K(82000K) NonClass: 67638K(69808K)->67638K(69808K) Class: 10230K(12192K)->10230K(12192K)
[42.813s][info][gc             ] GC(101) Pause Young (Allocation Failure) 719M->173M(1979M) 1.566ms
[42.813s][info][gc,cpu         ] GC(101) User=0.00s Sys=0.00s Real=0.00s
[42.980s][info][gc,start       ] GC(102) Pause Young (Allocation Failure)
[42.982s][info][gc,heap        ] GC(102) DefNew: 559512K->280K(629120K)
[42.982s][info][gc,heap        ] GC(102) Tenured: 177500K->177500K(1398144K)
[42.982s][info][gc,metaspace   ] GC(102) Metaspace: 77868K(82000K)->77868K(82000K) NonClass: 67638K(69808K)->67638K(69808K) Class: 10230K(12192K)->10230K(12192K)
[42.982s][info][gc             ] GC(102) Pause Young (Allocation Failure) 719M->173M(1979M) 1.567ms
[42.982s][info][gc,cpu         ] GC(102) User=0.00s Sys=0.00s Real=0.00s
[43.045s][info][gc,start       ] GC(103) Pause Full (System.gc())
[43.047s][info][gc,phases,start] GC(103) Phase 1: Mark live objects
[43.135s][info][gc,phases      ] GC(103) Phase 1: Mark live objects 88.603ms
[43.135s][info][gc,phases,start] GC(103) Phase 2: Compute new object addresses
[43.192s][info][gc,phases      ] GC(103) Phase 2: Compute new object addresses 56.865ms
[43.192s][info][gc,phases,start] GC(103) Phase 3: Adjust pointers
[43.247s][info][gc,phases      ] GC(103) Phase 3: Adjust pointers 54.617ms
[43.247s][info][gc,phases,start] GC(103) Phase 4: Move objects
[43.247s][info][gc,phases      ] GC(103) Phase 4: Move objects 0.032ms
[43.247s][info][gc,heap        ] GC(103) DefNew: 112947K->0K(629120K)
[43.247s][info][gc,heap        ] GC(103) Tenured: 177500K->177583K(1398144K)
[43.247s][info][gc,metaspace   ] GC(103) Metaspace: 77876K(82000K)->77876K(82000K) NonClass: 67646K(69808K)->67646K(69808K) Class: 10230K(12192K)->10230K(12192K)
[43.247s][info][gc             ] GC(103) Pause Full (System.gc()) 283M->173M(1979M) 202.479ms
[43.247s][info][gc,cpu         ] GC(103) User=0.19s Sys=0.00s Real=0.20s
[43.455s][info][gc,start       ] GC(104) Pause Young (Allocation Failure)
[43.457s][info][gc,heap        ] GC(104) DefNew: 559232K->290K(629120K)
[43.457s][info][gc,heap        ] GC(104) Tenured: 177583K->177583K(1398144K)
[43.457s][info][gc,metaspace   ] GC(104) Metaspace: 77913K(82000K)->77913K(82000K) NonClass: 67683K(69808K)->67683K(69808K) Class: 10230K(12192K)->10230K(12192K)
[43.457s][info][gc             ] GC(104) Pause Young (Allocation Failure) 719M->173M(1979M) 2.264ms
[43.457s][info][gc,cpu         ] GC(104) User=0.00s Sys=0.00s Real=0.00s
[43.627s][info][gc,start       ] GC(105) Pause Young (Allocation Failure)
[43.629s][info][gc,heap        ] GC(105) DefNew: 559522K->281K(629120K)
[43.629s][info][gc,heap        ] GC(105) Tenured: 177583K->177583K(1398144K)
[43.629s][info][gc,metaspace   ] GC(105) Metaspace: 77913K(82000K)->77913K(82000K) NonClass: 67683K(69808K)->67683K(69808K) Class: 10230K(12192K)->10230K(12192K)
[43.629s][info][gc             ] GC(105) Pause Young (Allocation Failure) 719M->173M(1979M) 1.630ms
[43.629s][info][gc,cpu         ] GC(105) User=0.00s Sys=0.00s Real=0.00s
[43.803s][info][gc,start       ] GC(106) Pause Young (Allocation Failure)
[43.805s][info][gc,heap        ] GC(106) DefNew: 559513K->281K(629120K)
[43.805s][info][gc,heap        ] GC(106) Tenured: 177583K->177583K(1398144K)
[43.805s][info][gc,metaspace   ] GC(106) Metaspace: 77913K(82000K)->77913K(82000K) NonClass: 67683K(69808K)->67683K(69808K) Class: 10230K(12192K)->10230K(12192K)
[43.805s][info][gc             ] GC(106) Pause Young (Allocation Failure) 719M->173M(1979M) 1.563ms
[43.805s][info][gc,cpu         ] GC(106) User=0.00s Sys=0.00s Real=0.00s
[43.984s][info][gc,start       ] GC(107) Pause Young (Allocation Failure)
[43.986s][info][gc,heap        ] GC(107) DefNew: 559513K->281K(629120K)
[43.986s][info][gc,heap        ] GC(107) Tenured: 177583K->177583K(1398144K)
[43.987s][info][gc,metaspace   ] GC(107) Metaspace: 77913K(82000K)->77913K(82000K) NonClass: 67683K(69808K)->67683K(69808K) Class: 10230K(12192K)->10230K(12192K)
[43.987s][info][gc             ] GC(107) Pause Young (Allocation Failure) 719M->173M(1979M) 2.457ms
[43.987s][info][gc,cpu         ] GC(107) User=0.00s Sys=0.00s Real=0.00s
[44.044s][info][gc,start       ] GC(108) Pause Full (System.gc())
[44.046s][info][gc,phases,start] GC(108) Phase 1: Mark live objects
[44.135s][info][gc,phases      ] GC(108) Phase 1: Mark live objects 89.140ms
[44.135s][info][gc,phases,start] GC(108) Phase 2: Compute new object addresses
[44.192s][info][gc,phases      ] GC(108) Phase 2: Compute new object addresses 56.866ms
[44.192s][info][gc,phases,start] GC(108) Phase 3: Adjust pointers
[44.248s][info][gc,phases      ] GC(108) Phase 3: Adjust pointers 55.598ms
[44.248s][info][gc,phases,start] GC(108) Phase 4: Move objects
[44.251s][info][gc,phases      ] GC(108) Phase 4: Move objects 3.039ms
[44.252s][info][gc,heap        ] GC(108) DefNew: 110764K->0K(629120K)
[44.252s][info][gc,heap        ] GC(108) Tenured: 177583K->177461K(1398144K)
[44.252s][info][gc,metaspace   ] GC(108) Metaspace: 77933K(82000K)->77933K(82000K) NonClass: 67702K(69808K)->67702K(69808K) Class: 10230K(12192K)->10230K(12192K)
[44.252s][info][gc             ] GC(108) Pause Full (System.gc()) 281M->173M(1979M) 207.778ms
[44.252s][info][gc,cpu         ] GC(108) User=0.17s Sys=0.00s Real=0.21s
[44.449s][info][gc,start       ] GC(109) Pause Young (Allocation Failure)
[44.451s][info][gc,heap        ] GC(109) DefNew: 559232K->291K(629120K)
[44.451s][info][gc,heap        ] GC(109) Tenured: 177461K->177461K(1398144K)
[44.451s][info][gc,metaspace   ] GC(109) Metaspace: 77965K(82000K)->77965K(82000K) NonClass: 67735K(69808K)->67735K(69808K) Class: 10230K(12192K)->10230K(12192K)
[44.451s][info][gc             ] GC(109) Pause Young (Allocation Failure) 719M->173M(1979M) 2.169ms
[44.451s][info][gc,cpu         ] GC(109) User=0.00s Sys=0.00s Real=0.00s
[44.617s][info][gc,start       ] GC(110) Pause Young (Allocation Failure)
[44.619s][info][gc,heap        ] GC(110) DefNew: 559523K->281K(629120K)
[44.619s][info][gc,heap        ] GC(110) Tenured: 177461K->177461K(1398144K)
[44.619s][info][gc,metaspace   ] GC(110) Metaspace: 77967K(82000K)->77967K(82000K) NonClass: 67736K(69808K)->67736K(69808K) Class: 10230K(12192K)->10230K(12192K)
[44.619s][info][gc             ] GC(110) Pause Young (Allocation Failure) 719M->173M(1979M) 2.407ms
[44.619s][info][gc,cpu         ] GC(110) User=0.00s Sys=0.00s Real=0.00s
[44.802s][info][gc,start       ] GC(111) Pause Young (Allocation Failure)
[44.804s][info][gc,heap        ] GC(111) DefNew: 559513K->281K(629120K)
[44.804s][info][gc,heap        ] GC(111) Tenured: 177461K->177461K(1398144K)
[44.804s][info][gc,metaspace   ] GC(111) Metaspace: 77967K(82000K)->77967K(82000K) NonClass: 67736K(69808K)->67736K(69808K) Class: 10230K(12192K)->10230K(12192K)
[44.804s][info][gc             ] GC(111) Pause Young (Allocation Failure) 719M->173M(1979M) 2.407ms
[44.804s][info][gc,cpu         ] GC(111) User=0.02s Sys=0.00s Real=0.02s
[44.966s][info][gc,start       ] GC(112) Pause Young (Allocation Failure)
[44.967s][info][gc,heap        ] GC(112) DefNew: 559513K->282K(629120K)
[44.967s][info][gc,heap        ] GC(112) Tenured: 177461K->177461K(1398144K)
[44.967s][info][gc,metaspace   ] GC(112) Metaspace: 77968K(82000K)->77968K(82000K) NonClass: 67738K(69808K)->67738K(69808K) Class: 10230K(12192K)->10230K(12192K)
[44.967s][info][gc             ] GC(112) Pause Young (Allocation Failure) 719M->173M(1979M) 1.586ms
[44.967s][info][gc,cpu         ] GC(112) User=0.00s Sys=0.00s Real=0.00s
[45.023s][info][gc,start       ] GC(113) Pause Full (System.gc())
[45.025s][info][gc,phases,start] GC(113) Phase 1: Mark live objects
[45.116s][info][gc,phases      ] GC(113) Phase 1: Mark live objects 90.852ms
[45.116s][info][gc,phases,start] GC(113) Phase 2: Compute new object addresses
[45.175s][info][gc,phases      ] GC(113) Phase 2: Compute new object addresses 58.532ms
[45.175s][info][gc,phases,start] GC(113) Phase 3: Adjust pointers
[45.229s][info][gc,phases      ] GC(113) Phase 3: Adjust pointers 54.042ms
[45.229s][info][gc,phases,start] GC(113) Phase 4: Move objects
[45.229s][info][gc,phases      ] GC(113) Phase 4: Move objects 0.030ms
[45.229s][info][gc,heap        ] GC(113) DefNew: 113028K->0K(629120K)
[45.229s][info][gc,heap        ] GC(113) Tenured: 177461K->177546K(1398144K)
[45.229s][info][gc,metaspace   ] GC(113) Metaspace: 77995K(82000K)->77995K(82000K) NonClass: 67764K(69808K)->67764K(69808K) Class: 10230K(12192K)->10230K(12192K)
[45.229s][info][gc             ] GC(113) Pause Full (System.gc()) 283M->173M(1979M) 205.956ms
[45.229s][info][gc,cpu         ] GC(113) User=0.22s Sys=0.00s Real=0.22s
[45.418s][info][gc,start       ] GC(114) Pause Young (Allocation Failure)
[45.420s][info][gc,heap        ] GC(114) DefNew: 559232K->297K(629120K)
[45.420s][info][gc,heap        ] GC(114) Tenured: 177546K->177546K(1398144K)
[45.420s][info][gc,metaspace   ] GC(114) Metaspace: 78017K(82000K)->78017K(82000K) NonClass: 67787K(69808K)->67787K(69808K) Class: 10230K(12192K)->10230K(12192K)
[45.420s][info][gc             ] GC(114) Pause Young (Allocation Failure) 719M->173M(1979M) 1.738ms
[45.420s][info][gc,cpu         ] GC(114) User=0.00s Sys=0.00s Real=0.00s
[45.584s][info][gc,start       ] GC(115) Pause Young (Allocation Failure)
[45.586s][info][gc,heap        ] GC(115) DefNew: 559529K->288K(629120K)
[45.586s][info][gc,heap        ] GC(115) Tenured: 177546K->177546K(1398144K)
[45.586s][info][gc,metaspace   ] GC(115) Metaspace: 78020K(82000K)->78020K(82000K) NonClass: 67789K(69808K)->67789K(69808K) Class: 10230K(12192K)->10230K(12192K)
[45.586s][info][gc             ] GC(115) Pause Young (Allocation Failure) 719M->173M(1979M) 1.600ms
[45.586s][info][gc,cpu         ] GC(115) User=0.00s Sys=0.00s Real=0.00s
[45.769s][info][gc,start       ] GC(116) Pause Young (Allocation Failure)
[45.771s][info][gc,heap        ] GC(116) DefNew: 559520K->288K(629120K)
[45.771s][info][gc,heap        ] GC(116) Tenured: 177546K->177546K(1398144K)
[45.771s][info][gc,metaspace   ] GC(116) Metaspace: 78020K(82000K)->78020K(82000K) NonClass: 67789K(69808K)->67789K(69808K) Class: 10230K(12192K)->10230K(12192K)
[45.771s][info][gc             ] GC(116) Pause Young (Allocation Failure) 719M->173M(1979M) 2.645ms
[45.771s][info][gc,cpu         ] GC(116) User=0.00s Sys=0.00s Real=0.00s
[45.947s][info][gc,start       ] GC(117) Pause Young (Allocation Failure)
[45.948s][info][gc,heap        ] GC(117) DefNew: 559520K->288K(629120K)
[45.948s][info][gc,heap        ] GC(117) Tenured: 177546K->177546K(1398144K)
[45.948s][info][gc,metaspace   ] GC(117) Metaspace: 78020K(82000K)->78020K(82000K) NonClass: 67789K(69808K)->67789K(69808K) Class: 10230K(12192K)->10230K(12192K)
[45.948s][info][gc             ] GC(117) Pause Young (Allocation Failure) 719M->173M(1979M) 1.540ms
[45.948s][info][gc,cpu         ] GC(117) User=0.00s Sys=0.00s Real=0.00s
[46.007s][info][gc,start       ] GC(118) Pause Full (System.gc())
[46.012s][info][gc,phases,start] GC(118) Phase 1: Mark live objects
[46.099s][info][gc,phases      ] GC(118) Phase 1: Mark live objects 87.609ms
[46.100s][info][gc,phases,start] GC(118) Phase 2: Compute new object addresses
[46.157s][info][gc,phases      ] GC(118) Phase 2: Compute new object addresses 57.956ms
[46.158s][info][gc,phases,start] GC(118) Phase 3: Adjust pointers
[46.212s][info][gc,phases      ] GC(118) Phase 3: Adjust pointers 54.403ms
[46.212s][info][gc,phases,start] GC(118) Phase 4: Move objects
[46.212s][info][gc,phases      ] GC(118) Phase 4: Move objects 0.031ms
[46.212s][info][gc,heap        ] GC(118) DefNew: 117191K->0K(629120K)
[46.212s][info][gc,heap        ] GC(118) Tenured: 177546K->177630K(1398144K)
[46.212s][info][gc,metaspace   ] GC(118) Metaspace: 78034K(82000K)->78034K(82000K) NonClass: 67804K(69808K)->67804K(69808K) Class: 10230K(12192K)->10230K(12192K)
[46.212s][info][gc             ] GC(118) Pause Full (System.gc()) 287M->173M(1979M) 204.955ms
[46.212s][info][gc,cpu         ] GC(118) User=0.19s Sys=0.00s Real=0.20s
[46.409s][info][gc,start       ] GC(119) Pause Young (Allocation Failure)
[46.411s][info][gc,heap        ] GC(119) DefNew: 559232K->290K(629120K)
[46.411s][info][gc,heap        ] GC(119) Tenured: 177630K->177630K(1398144K)
[46.411s][info][gc,metaspace   ] GC(119) Metaspace: 78072K(82000K)->78072K(82000K) NonClass: 67842K(69808K)->67842K(69808K) Class: 10230K(12192K)->10230K(12192K)
[46.411s][info][gc             ] GC(119) Pause Young (Allocation Failure) 719M->173M(1979M) 1.727ms
[46.411s][info][gc,cpu         ] GC(119) User=0.00s Sys=0.00s Real=0.00s
[46.588s][info][gc,start       ] GC(120) Pause Young (Allocation Failure)
[46.591s][info][gc,heap        ] GC(120) DefNew: 559522K->281K(629120K)
[46.591s][info][gc,heap        ] GC(120) Tenured: 177630K->177630K(1398144K)
[46.591s][info][gc,metaspace   ] GC(120) Metaspace: 78072K(82000K)->78072K(82000K) NonClass: 67842K(69808K)->67842K(69808K) Class: 10230K(12192K)->10230K(12192K)
[46.591s][info][gc             ] GC(120) Pause Young (Allocation Failure) 719M->173M(1979M) 2.450ms
[46.591s][info][gc,cpu         ] GC(120) User=0.00s Sys=0.00s Real=0.00s
[46.760s][info][gc,start       ] GC(121) Pause Young (Allocation Failure)
[46.761s][info][gc,heap        ] GC(121) DefNew: 559513K->281K(629120K)
[46.761s][info][gc,heap        ] GC(121) Tenured: 177630K->177630K(1398144K)
[46.761s][info][gc,metaspace   ] GC(121) Metaspace: 78072K(82000K)->78072K(82000K) NonClass: 67842K(69808K)->67842K(69808K) Class: 10230K(12192K)->10230K(12192K)
[46.761s][info][gc             ] GC(121) Pause Young (Allocation Failure) 719M->173M(1979M) 1.609ms
[46.761s][info][gc,cpu         ] GC(121) User=0.00s Sys=0.00s Real=0.00s
[46.948s][info][gc,start       ] GC(122) Pause Young (Allocation Failure)
[46.950s][info][gc,heap        ] GC(122) DefNew: 559513K->281K(629120K)
[46.950s][info][gc,heap        ] GC(122) Tenured: 177630K->177630K(1398144K)
[46.950s][info][gc,metaspace   ] GC(122) Metaspace: 78072K(82000K)->78072K(82000K) NonClass: 67842K(69808K)->67842K(69808K) Class: 10230K(12192K)->10230K(12192K)
[46.950s][info][gc             ] GC(122) Pause Young (Allocation Failure) 719M->173M(1979M) 2.521ms
[46.950s][info][gc,cpu         ] GC(122) User=0.00s Sys=0.00s Real=0.00s
[47.005s][info][gc,start       ] GC(123) Pause Full (System.gc())
[47.007s][info][gc,phases,start] GC(123) Phase 1: Mark live objects
[47.099s][info][gc,phases      ] GC(123) Phase 1: Mark live objects 92.462ms
[47.100s][info][gc,phases,start] GC(123) Phase 2: Compute new object addresses
[47.157s][info][gc,phases      ] GC(123) Phase 2: Compute new object addresses 57.930ms
[47.157s][info][gc,phases,start] GC(123) Phase 3: Adjust pointers
[47.211s][info][gc,phases      ] GC(123) Phase 3: Adjust pointers 53.879ms
[47.211s][info][gc,phases,start] GC(123) Phase 4: Move objects
[47.211s][info][gc,phases      ] GC(123) Phase 4: Move objects 0.031ms
[47.212s][info][gc,heap        ] GC(123) DefNew: 116976K->0K(629120K)
[47.212s][info][gc,heap        ] GC(123) Tenured: 177630K->177714K(1398144K)
[47.212s][info][gc,metaspace   ] GC(123) Metaspace: 78093K(82000K)->78093K(82000K) NonClass: 67862K(69808K)->67862K(69808K) Class: 10230K(12192K)->10230K(12192K)
[47.212s][info][gc             ] GC(123) Pause Full (System.gc()) 287M->173M(1979M) 206.575ms
[47.212s][info][gc,cpu         ] GC(123) User=0.17s Sys=0.00s Real=0.20s
[47.406s][info][gc,start       ] GC(124) Pause Young (Allocation Failure)
[47.408s][info][gc,heap        ] GC(124) DefNew: 559232K->290K(629120K)
[47.408s][info][gc,heap        ] GC(124) Tenured: 177714K->177714K(1398144K)
[47.408s][info][gc,metaspace   ] GC(124) Metaspace: 78131K(82256K)->78131K(82256K) NonClass: 67901K(70064K)->67901K(70064K) Class: 10230K(12192K)->10230K(12192K)
[47.408s][info][gc             ] GC(124) Pause Young (Allocation Failure) 719M->173M(1979M) 1.750ms
[47.408s][info][gc,cpu         ] GC(124) User=0.00s Sys=0.00s Real=0.00s
[47.594s][info][gc,start       ] GC(125) Pause Young (Allocation Failure)
[47.595s][info][gc,heap        ] GC(125) DefNew: 559522K->281K(629120K)
[47.595s][info][gc,heap        ] GC(125) Tenured: 177714K->177714K(1398144K)
[47.595s][info][gc,metaspace   ] GC(125) Metaspace: 78131K(82256K)->78131K(82256K) NonClass: 67901K(70064K)->67901K(70064K) Class: 10230K(12192K)->10230K(12192K)
[47.595s][info][gc             ] GC(125) Pause Young (Allocation Failure) 719M->173M(1979M) 1.889ms
[47.595s][info][gc,cpu         ] GC(125) User=0.00s Sys=0.00s Real=0.00s
[47.790s][info][gc,start       ] GC(126) Pause Young (Allocation Failure)
[47.791s][info][gc,heap        ] GC(126) DefNew: 559513K->281K(629120K)
[47.791s][info][gc,heap        ] GC(126) Tenured: 177714K->177714K(1398144K)
[47.791s][info][gc,metaspace   ] GC(126) Metaspace: 78131K(82256K)->78131K(82256K) NonClass: 67901K(70064K)->67901K(70064K) Class: 10230K(12192K)->10230K(12192K)
[47.791s][info][gc             ] GC(126) Pause Young (Allocation Failure) 719M->173M(1979M) 1.565ms
[47.791s][info][gc,cpu         ] GC(126) User=0.00s Sys=0.00s Real=0.00s
[47.987s][info][gc,start       ] GC(127) Pause Young (Allocation Failure)
[47.988s][info][gc,heap        ] GC(127) DefNew: 559513K->281K(629120K)
[47.988s][info][gc,heap        ] GC(127) Tenured: 177714K->177714K(1398144K)
[47.988s][info][gc,metaspace   ] GC(127) Metaspace: 78131K(82256K)->78131K(82256K) NonClass: 67901K(70064K)->67901K(70064K) Class: 10230K(12192K)->10230K(12192K)
[47.988s][info][gc             ] GC(127) Pause Young (Allocation Failure) 719M->173M(1979M) 1.555ms
[47.988s][info][gc,cpu         ] GC(127) User=0.00s Sys=0.00s Real=0.00s
[48.051s][info][gc,start       ] GC(128) Pause Full (System.gc())
[48.053s][info][gc,phases,start] GC(128) Phase 1: Mark live objects
[48.144s][info][gc,phases      ] GC(128) Phase 1: Mark live objects 90.985ms
[48.144s][info][gc,phases,start] GC(128) Phase 2: Compute new object addresses
[48.204s][info][gc,phases      ] GC(128) Phase 2: Compute new object addresses 59.776ms
[48.204s][info][gc,phases,start] GC(128) Phase 3: Adjust pointers
[48.261s][info][gc,phases      ] GC(128) Phase 3: Adjust pointers 56.925ms
[48.261s][info][gc,phases,start] GC(128) Phase 4: Move objects
[48.296s][info][gc,phases      ] GC(128) Phase 4: Move objects 35.370ms
[48.297s][info][gc,heap        ] GC(128) DefNew: 111675K->0K(629120K)
[48.297s][info][gc,heap        ] GC(128) Tenured: 177714K->177586K(1398144K)
[48.297s][info][gc,metaspace   ] GC(128) Metaspace: 78145K(82256K)->78145K(82256K) NonClass: 67915K(70064K)->67915K(70064K) Class: 10230K(12192K)->10230K(12192K)
[48.297s][info][gc             ] GC(128) Pause Full (System.gc()) 282M->173M(1979M) 245.767ms
[48.297s][info][gc,cpu         ] GC(128) User=0.23s Sys=0.00s Real=0.25s
[48.493s][info][gc,start       ] GC(129) Pause Young (Allocation Failure)
[48.495s][info][gc,heap        ] GC(129) DefNew: 559232K->292K(629120K)
[48.495s][info][gc,heap        ] GC(129) Tenured: 177586K->177586K(1398144K)
[48.495s][info][gc,metaspace   ] GC(129) Metaspace: 78158K(82256K)->78158K(82256K) NonClass: 67928K(70064K)->67928K(70064K) Class: 10230K(12192K)->10230K(12192K)
[48.495s][info][gc             ] GC(129) Pause Young (Allocation Failure) 719M->173M(1979M) 1.780ms
[48.495s][info][gc,cpu         ] GC(129) User=0.00s Sys=0.00s Real=0.01s
[48.674s][info][gc,start       ] GC(130) Pause Young (Allocation Failure)
[48.675s][info][gc,heap        ] GC(130) DefNew: 559524K->283K(629120K)
[48.675s][info][gc,heap        ] GC(130) Tenured: 177586K->177586K(1398144K)
[48.675s][info][gc,metaspace   ] GC(130) Metaspace: 78158K(82256K)->78158K(82256K) NonClass: 67928K(70064K)->67928K(70064K) Class: 10230K(12192K)->10230K(12192K)
[48.675s][info][gc             ] GC(130) Pause Young (Allocation Failure) 719M->173M(1979M) 1.639ms
[48.676s][info][gc,cpu         ] GC(130) User=0.00s Sys=0.00s Real=0.00s
[48.864s][info][gc,start       ] GC(131) Pause Young (Allocation Failure)
[48.866s][info][gc,heap        ] GC(131) DefNew: 559515K->283K(629120K)
[48.866s][info][gc,heap        ] GC(131) Tenured: 177586K->177586K(1398144K)
[48.866s][info][gc,metaspace   ] GC(131) Metaspace: 78158K(82256K)->78158K(82256K) NonClass: 67928K(70064K)->67928K(70064K) Class: 10230K(12192K)->10230K(12192K)
[48.866s][info][gc             ] GC(131) Pause Young (Allocation Failure) 719M->173M(1979M) 1.578ms
[48.866s][info][gc,cpu         ] GC(131) User=0.00s Sys=0.00s Real=0.00s
[49.064s][info][gc,start       ] GC(132) Pause Young (Allocation Failure)
[49.065s][info][gc,heap        ] GC(132) DefNew: 559515K->283K(629120K)
[49.065s][info][gc,heap        ] GC(132) Tenured: 177586K->177586K(1398144K)
[49.065s][info][gc,metaspace   ] GC(132) Metaspace: 78158K(82256K)->78158K(82256K) NonClass: 67928K(70064K)->67928K(70064K) Class: 10230K(12192K)->10230K(12192K)
[49.065s][info][gc             ] GC(132) Pause Young (Allocation Failure) 719M->173M(1979M) 1.565ms
[49.065s][info][gc,cpu         ] GC(132) User=0.00s Sys=0.00s Real=0.01s
[49.115s][info][gc,start       ] GC(133) Pause Full (System.gc())
[49.116s][info][gc,phases,start] GC(133) Phase 1: Mark live objects
[49.206s][info][gc,phases      ] GC(133) Phase 1: Mark live objects 89.333ms
[49.206s][info][gc,phases,start] GC(133) Phase 2: Compute new object addresses
[49.264s][info][gc,phases      ] GC(133) Phase 2: Compute new object addresses 58.089ms
[49.264s][info][gc,phases,start] GC(133) Phase 3: Adjust pointers
[49.319s][info][gc,phases      ] GC(133) Phase 3: Adjust pointers 54.853ms
[49.319s][info][gc,phases,start] GC(133) Phase 4: Move objects
[49.319s][info][gc,phases      ] GC(133) Phase 4: Move objects 0.033ms
[49.319s][info][gc,heap        ] GC(133) DefNew: 107338K->0K(629120K)
[49.319s][info][gc,heap        ] GC(133) Tenured: 177586K->177673K(1398144K)
[49.319s][info][gc,metaspace   ] GC(133) Metaspace: 78189K(82256K)->78189K(82256K) NonClass: 67959K(70064K)->67959K(70064K) Class: 10230K(12192K)->10230K(12192K)
[49.319s][info][gc             ] GC(133) Pause Full (System.gc()) 278M->173M(1979M) 204.817ms
[49.319s][info][gc,cpu         ] GC(133) User=0.17s Sys=0.00s Real=0.20s
[49.510s][info][gc,start       ] GC(134) Pause Young (Allocation Failure)
[49.513s][info][gc,heap        ] GC(134) DefNew: 559232K->290K(629120K)
[49.513s][info][gc,heap        ] GC(134) Tenured: 177673K->177673K(1398144K)
[49.513s][info][gc,metaspace   ] GC(134) Metaspace: 78215K(82256K)->78215K(82256K) NonClass: 67985K(70064K)->67985K(70064K) Class: 10230K(12192K)->10230K(12192K)
[49.513s][info][gc             ] GC(134) Pause Young (Allocation Failure) 719M->173M(1979M) 2.618ms
[49.513s][info][gc,cpu         ] GC(134) User=0.00s Sys=0.00s Real=0.00s
[49.685s][info][gc,start       ] GC(135) Pause Young (Allocation Failure)
[49.686s][info][gc,heap        ] GC(135) DefNew: 559522K->281K(629120K)
[49.686s][info][gc,heap        ] GC(135) Tenured: 177673K->177673K(1398144K)
[49.686s][info][gc,metaspace   ] GC(135) Metaspace: 78215K(82256K)->78215K(82256K) NonClass: 67985K(70064K)->67985K(70064K) Class: 10230K(12192K)->10230K(12192K)
[49.686s][info][gc             ] GC(135) Pause Young (Allocation Failure) 719M->173M(1979M) 1.613ms
[49.686s][info][gc,cpu         ] GC(135) User=0.00s Sys=0.00s Real=0.01s
[49.903s][info][gc,start       ] GC(136) Pause Young (Allocation Failure)
[49.904s][info][gc,heap        ] GC(136) DefNew: 559513K->281K(629120K)
[49.904s][info][gc,heap        ] GC(136) Tenured: 177673K->177673K(1398144K)
[49.904s][info][gc,metaspace   ] GC(136) Metaspace: 78215K(82256K)->78215K(82256K) NonClass: 67985K(70064K)->67985K(70064K) Class: 10230K(12192K)->10230K(12192K)
[49.905s][info][gc             ] GC(136) Pause Young (Allocation Failure) 719M->173M(1979M) 1.561ms
[49.905s][info][gc,cpu         ] GC(136) User=0.00s Sys=0.00s Real=0.00s
[50.095s][info][gc,start       ] GC(137) Pause Young (Allocation Failure)
[50.096s][info][gc,heap        ] GC(137) DefNew: 559513K->281K(629120K)
[50.096s][info][gc,heap        ] GC(137) Tenured: 177673K->177673K(1398144K)
[50.096s][info][gc,metaspace   ] GC(137) Metaspace: 78215K(82256K)->78215K(82256K) NonClass: 67985K(70064K)->67985K(70064K) Class: 10230K(12192K)->10230K(12192K)
[50.097s][info][gc             ] GC(137) Pause Young (Allocation Failure) 719M->173M(1979M) 1.672ms
[50.097s][info][gc,cpu         ] GC(137) User=0.00s Sys=0.00s Real=0.01s
[50.150s][info][gc,start       ] GC(138) Pause Full (System.gc())
[50.151s][info][gc,phases,start] GC(138) Phase 1: Mark live objects
[50.240s][info][gc,phases      ] GC(138) Phase 1: Mark live objects 89.031ms
[50.240s][info][gc,phases,start] GC(138) Phase 2: Compute new object addresses
[50.297s][info][gc,phases      ] GC(138) Phase 2: Compute new object addresses 56.523ms
[50.297s][info][gc,phases,start] GC(138) Phase 3: Adjust pointers
[50.353s][info][gc,phases      ] GC(138) Phase 3: Adjust pointers 55.694ms
[50.353s][info][gc,phases,start] GC(138) Phase 4: Move objects
[50.353s][info][gc,phases      ] GC(138) Phase 4: Move objects 0.031ms
[50.353s][info][gc,heap        ] GC(138) DefNew: 113723K->0K(629120K)
[50.353s][info][gc,heap        ] GC(138) Tenured: 177673K->177757K(1398144K)
[50.353s][info][gc,metaspace   ] GC(138) Metaspace: 78241K(82256K)->78241K(82256K) NonClass: 68011K(70064K)->68011K(70064K) Class: 10230K(12192K)->10230K(12192K)
[50.353s][info][gc             ] GC(138) Pause Full (System.gc()) 284M->173M(1979M) 203.536ms
[50.353s][info][gc,cpu         ] GC(138) User=0.19s Sys=0.00s Real=0.20s
[50.556s][info][gc,start       ] GC(139) Pause Young (Allocation Failure)
[50.558s][info][gc,heap        ] GC(139) DefNew: 559232K->290K(629120K)
[50.558s][info][gc,heap        ] GC(139) Tenured: 177757K->177757K(1398144K)
[50.558s][info][gc,metaspace   ] GC(139) Metaspace: 78250K(82256K)->78250K(82256K) NonClass: 68020K(70064K)->68020K(70064K) Class: 10230K(12192K)->10230K(12192K)
[50.558s][info][gc             ] GC(139) Pause Young (Allocation Failure) 719M->173M(1979M) 2.246ms
[50.558s][info][gc,cpu         ] GC(139) User=0.00s Sys=0.00s Real=0.00s
[50.770s][info][gc,start       ] GC(140) Pause Young (Allocation Failure)
[50.772s][info][gc,heap        ] GC(140) DefNew: 559522K->280K(629120K)
[50.772s][info][gc,heap        ] GC(140) Tenured: 177757K->177757K(1398144K)
[50.772s][info][gc,metaspace   ] GC(140) Metaspace: 78250K(82256K)->78250K(82256K) NonClass: 68020K(70064K)->68020K(70064K) Class: 10230K(12192K)->10230K(12192K)
[50.772s][info][gc             ] GC(140) Pause Young (Allocation Failure) 720M->173M(1979M) 2.075ms
[50.772s][info][gc,cpu         ] GC(140) User=0.00s Sys=0.00s Real=0.02s
[50.935s][info][gc,start       ] GC(141) Pause Young (Allocation Failure)
[50.936s][info][gc,heap        ] GC(141) DefNew: 559512K->280K(629120K)
[50.937s][info][gc,heap        ] GC(141) Tenured: 177757K->177757K(1398144K)
[50.937s][info][gc,metaspace   ] GC(141) Metaspace: 78250K(82256K)->78250K(82256K) NonClass: 68020K(70064K)->68020K(70064K) Class: 10230K(12192K)->10230K(12192K)
[50.937s][info][gc             ] GC(141) Pause Young (Allocation Failure) 719M->173M(1979M) 1.544ms
[50.937s][info][gc,cpu         ] GC(141) User=0.00s Sys=0.00s Real=0.00s
[51.110s][info][gc,start       ] GC(142) Pause Young (Allocation Failure)
[51.111s][info][gc,heap        ] GC(142) DefNew: 559512K->280K(629120K)
[51.111s][info][gc,heap        ] GC(142) Tenured: 177757K->177757K(1398144K)
[51.111s][info][gc,metaspace   ] GC(142) Metaspace: 78250K(82256K)->78250K(82256K) NonClass: 68020K(70064K)->68020K(70064K) Class: 10230K(12192K)->10230K(12192K)
[51.111s][info][gc             ] GC(142) Pause Young (Allocation Failure) 719M->173M(1979M) 1.579ms
[51.111s][info][gc,cpu         ] GC(142) User=0.00s Sys=0.00s Real=0.00s
[51.167s][info][gc,start       ] GC(143) Pause Full (System.gc())
[51.171s][info][gc,phases,start] GC(143) Phase 1: Mark live objects
[51.262s][info][gc,phases      ] GC(143) Phase 1: Mark live objects 90.673ms
[51.262s][info][gc,phases,start] GC(143) Phase 2: Compute new object addresses
[51.319s][info][gc,phases      ] GC(143) Phase 2: Compute new object addresses 56.414ms
[51.319s][info][gc,phases,start] GC(143) Phase 3: Adjust pointers
[51.373s][info][gc,phases      ] GC(143) Phase 3: Adjust pointers 54.086ms
[51.373s][info][gc,phases,start] GC(143) Phase 4: Move objects
[51.373s][info][gc,phases      ] GC(143) Phase 4: Move objects 0.031ms
[51.373s][info][gc,heap        ] GC(143) DefNew: 107068K->0K(629120K)
[51.373s][info][gc,heap        ] GC(143) Tenured: 177757K->177841K(1398144K)
[51.373s][info][gc,metaspace   ] GC(143) Metaspace: 78259K(82256K)->78259K(82256K) NonClass: 68029K(70064K)->68029K(70064K) Class: 10230K(12192K)->10230K(12192K)
[51.373s][info][gc             ] GC(143) Pause Full (System.gc()) 278M->173M(1979M) 206.042ms
[51.373s][info][gc,cpu         ] GC(143) User=0.19s Sys=0.00s Real=0.21s
[51.561s][info][gc,start       ] GC(144) Pause Young (Allocation Failure)
[51.564s][info][gc,heap        ] GC(144) DefNew: 559232K->291K(629120K)
[51.564s][info][gc,heap        ] GC(144) Tenured: 177841K->177841K(1398144K)
[51.564s][info][gc,metaspace   ] GC(144) Metaspace: 78280K(82256K)->78280K(82256K) NonClass: 68050K(70064K)->68050K(70064K) Class: 10230K(12192K)->10230K(12192K)
[51.564s][info][gc             ] GC(144) Pause Young (Allocation Failure) 719M->173M(1979M) 2.414ms
[51.564s][info][gc,cpu         ] GC(144) User=0.00s Sys=0.00s Real=0.00s
[51.733s][info][gc,start       ] GC(145) Pause Young (Allocation Failure)
[51.735s][info][gc,heap        ] GC(145) DefNew: 559523K->281K(629120K)
[51.735s][info][gc,heap        ] GC(145) Tenured: 177841K->177841K(1398144K)
[51.735s][info][gc,metaspace   ] GC(145) Metaspace: 78281K(82256K)->78281K(82256K) NonClass: 68051K(70064K)->68051K(70064K) Class: 10230K(12192K)->10230K(12192K)
[51.735s][info][gc             ] GC(145) Pause Young (Allocation Failure) 720M->173M(1979M) 1.770ms
[51.735s][info][gc,cpu         ] GC(145) User=0.00s Sys=0.00s Real=0.00s
[51.911s][info][gc,start       ] GC(146) Pause Young (Allocation Failure)
[51.912s][info][gc,heap        ] GC(146) DefNew: 559513K->281K(629120K)
[51.912s][info][gc,heap        ] GC(146) Tenured: 177841K->177841K(1398144K)
[51.912s][info][gc,metaspace   ] GC(146) Metaspace: 78281K(82256K)->78281K(82256K) NonClass: 68051K(70064K)->68051K(70064K) Class: 10230K(12192K)->10230K(12192K)
[51.912s][info][gc             ] GC(146) Pause Young (Allocation Failure) 720M->173M(1979M) 1.535ms
[51.912s][info][gc,cpu         ] GC(146) User=0.00s Sys=0.00s Real=0.00s
[52.075s][info][gc,start       ] GC(147) Pause Young (Allocation Failure)
[52.077s][info][gc,heap        ] GC(147) DefNew: 559513K->281K(629120K)
[52.077s][info][gc,heap        ] GC(147) Tenured: 177841K->177841K(1398144K)
[52.077s][info][gc,metaspace   ] GC(147) Metaspace: 78281K(82256K)->78281K(82256K) NonClass: 68051K(70064K)->68051K(70064K) Class: 10230K(12192K)->10230K(12192K)
[52.077s][info][gc             ] GC(147) Pause Young (Allocation Failure) 720M->173M(1979M) 1.595ms
[52.077s][info][gc,cpu         ] GC(147) User=0.00s Sys=0.00s Real=0.00s
[52.131s][info][gc,start       ] GC(148) Pause Full (System.gc())
[52.133s][info][gc,phases,start] GC(148) Phase 1: Mark live objects
[52.223s][info][gc,phases      ] GC(148) Phase 1: Mark live objects 89.867ms
[52.223s][info][gc,phases,start] GC(148) Phase 2: Compute new object addresses
[52.280s][info][gc,phases      ] GC(148) Phase 2: Compute new object addresses 57.777ms
[52.280s][info][gc,phases,start] GC(148) Phase 3: Adjust pointers
[52.335s][info][gc,phases      ] GC(148) Phase 3: Adjust pointers 54.566ms
[52.335s][info][gc,phases,start] GC(148) Phase 4: Move objects
[52.335s][info][gc,phases      ] GC(148) Phase 4: Move objects 0.151ms
[52.336s][info][gc,heap        ] GC(148) DefNew: 110620K->0K(629120K)
[52.336s][info][gc,heap        ] GC(148) Tenured: 177841K->177722K(1398144K)
[52.336s][info][gc,metaspace   ] GC(148) Metaspace: 78290K(82256K)->78290K(82256K) NonClass: 68060K(70064K)->68060K(70064K) Class: 10230K(12192K)->10230K(12192K)
[52.336s][info][gc             ] GC(148) Pause Full (System.gc()) 281M->173M(1979M) 204.589ms
[52.336s][info][gc,cpu         ] GC(148) User=0.20s Sys=0.00s Real=0.20s
[52.532s][info][gc,start       ] GC(149) Pause Young (Allocation Failure)
[52.534s][info][gc,heap        ] GC(149) DefNew: 559232K->293K(629120K)
[52.534s][info][gc,heap        ] GC(149) Tenured: 177722K->177722K(1398144K)
[52.534s][info][gc,metaspace   ] GC(149) Metaspace: 78313K(82512K)->78313K(82512K) NonClass: 68083K(70320K)->68083K(70320K) Class: 10230K(12192K)->10230K(12192K)
[52.534s][info][gc             ] GC(149) Pause Young (Allocation Failure) 719M->173M(1979M) 1.800ms
[52.534s][info][gc,cpu         ] GC(149) User=0.00s Sys=0.00s Real=0.00s
[52.714s][info][gc,start       ] GC(150) Pause Young (Allocation Failure)
[52.716s][info][gc,heap        ] GC(150) DefNew: 559525K->284K(629120K)
[52.716s][info][gc,heap        ] GC(150) Tenured: 177722K->177722K(1398144K)
[52.716s][info][gc,metaspace   ] GC(150) Metaspace: 78314K(82512K)->78314K(82512K) NonClass: 68083K(70320K)->68083K(70320K) Class: 10230K(12192K)->10230K(12192K)
[52.716s][info][gc             ] GC(150) Pause Young (Allocation Failure) 719M->173M(1979M) 2.550ms
[52.716s][info][gc,cpu         ] GC(150) User=0.00s Sys=0.00s Real=0.00s
[52.882s][info][gc,start       ] GC(151) Pause Young (Allocation Failure)
[52.885s][info][gc,heap        ] GC(151) DefNew: 559516K->284K(629120K)
[52.885s][info][gc,heap        ] GC(151) Tenured: 177722K->177722K(1398144K)
[52.885s][info][gc,metaspace   ] GC(151) Metaspace: 78314K(82512K)->78314K(82512K) NonClass: 68083K(70320K)->68083K(70320K) Class: 10230K(12192K)->10230K(12192K)
[52.885s][info][gc             ] GC(151) Pause Young (Allocation Failure) 719M->173M(1979M) 2.546ms
[52.885s][info][gc,cpu         ] GC(151) User=0.00s Sys=0.00s Real=0.00s
[53.057s][info][gc,start       ] GC(152) Pause Young (Allocation Failure)
[53.059s][info][gc,heap        ] GC(152) DefNew: 559516K->284K(629120K)
[53.059s][info][gc,heap        ] GC(152) Tenured: 177722K->177722K(1398144K)
[53.059s][info][gc,metaspace   ] GC(152) Metaspace: 78314K(82512K)->78314K(82512K) NonClass: 68083K(70320K)->68083K(70320K) Class: 10230K(12192K)->10230K(12192K)
[53.059s][info][gc             ] GC(152) Pause Young (Allocation Failure) 719M->173M(1979M) 1.914ms
[53.059s][info][gc,cpu         ] GC(152) User=0.00s Sys=0.00s Real=0.00s
[53.109s][info][gc,start       ] GC(153) Pause Full (System.gc())
[53.111s][info][gc,phases,start] GC(153) Phase 1: Mark live objects
[53.202s][info][gc,phases      ] GC(153) Phase 1: Mark live objects 90.456ms
[53.202s][info][gc,phases,start] GC(153) Phase 2: Compute new object addresses
[53.260s][info][gc,phases      ] GC(153) Phase 2: Compute new object addresses 58.617ms
[53.260s][info][gc,phases,start] GC(153) Phase 3: Adjust pointers
[53.316s][info][gc,phases      ] GC(153) Phase 3: Adjust pointers 55.993ms
[53.316s][info][gc,phases,start] GC(153) Phase 4: Move objects
[53.316s][info][gc,phases      ] GC(153) Phase 4: Move objects 0.032ms
[53.317s][info][gc,heap        ] GC(153) DefNew: 112701K->0K(629120K)
[53.317s][info][gc,heap        ] GC(153) Tenured: 177722K->177809K(1398144K)
[53.317s][info][gc,metaspace   ] GC(153) Metaspace: 78323K(82512K)->78323K(82512K) NonClass: 68093K(70320K)->68093K(70320K) Class: 10230K(12192K)->10230K(12192K)
[53.317s][info][gc             ] GC(153) Pause Full (System.gc()) 283M->173M(1979M) 208.194ms
[53.317s][info][gc,cpu         ] GC(153) User=0.20s Sys=0.00s Real=0.22s
[53.509s][info][gc,start       ] GC(154) Pause Young (Allocation Failure)
[53.510s][info][gc,heap        ] GC(154) DefNew: 559232K->289K(629120K)
[53.510s][info][gc,heap        ] GC(154) Tenured: 177809K->177809K(1398144K)
[53.510s][info][gc,metaspace   ] GC(154) Metaspace: 78329K(82512K)->78329K(82512K) NonClass: 68099K(70320K)->68099K(70320K) Class: 10230K(12192K)->10230K(12192K)
[53.510s][info][gc             ] GC(154) Pause Young (Allocation Failure) 719M->173M(1979M) 1.698ms
[53.510s][info][gc,cpu         ] GC(154) User=0.00s Sys=0.00s Real=0.00s
[53.681s][info][gc,start       ] GC(155) Pause Young (Allocation Failure)
[53.682s][info][gc,heap        ] GC(155) DefNew: 559521K->279K(629120K)
[53.682s][info][gc,heap        ] GC(155) Tenured: 177809K->177809K(1398144K)
[53.682s][info][gc,metaspace   ] GC(155) Metaspace: 78329K(82512K)->78329K(82512K) NonClass: 68099K(70320K)->68099K(70320K) Class: 10230K(12192K)->10230K(12192K)
[53.682s][info][gc             ] GC(155) Pause Young (Allocation Failure) 720M->173M(1979M) 1.571ms
[53.682s][info][gc,cpu         ] GC(155) User=0.00s Sys=0.00s Real=0.00s
[53.856s][info][gc,start       ] GC(156) Pause Young (Allocation Failure)
[53.858s][info][gc,heap        ] GC(156) DefNew: 559511K->279K(629120K)
[53.858s][info][gc,heap        ] GC(156) Tenured: 177809K->177809K(1398144K)
[53.858s][info][gc,metaspace   ] GC(156) Metaspace: 78329K(82512K)->78329K(82512K) NonClass: 68099K(70320K)->68099K(70320K) Class: 10230K(12192K)->10230K(12192K)
[53.858s][info][gc             ] GC(156) Pause Young (Allocation Failure) 720M->173M(1979M) 1.599ms
[53.858s][info][gc,cpu         ] GC(156) User=0.00s Sys=0.00s Real=0.00s
[54.036s][info][gc,start       ] GC(157) Pause Young (Allocation Failure)
[54.039s][info][gc,heap        ] GC(157) DefNew: 559511K->279K(629120K)
[54.039s][info][gc,heap        ] GC(157) Tenured: 177809K->177809K(1398144K)
[54.039s][info][gc,metaspace   ] GC(157) Metaspace: 78329K(82512K)->78329K(82512K) NonClass: 68099K(70320K)->68099K(70320K) Class: 10230K(12192K)->10230K(12192K)
[54.039s][info][gc             ] GC(157) Pause Young (Allocation Failure) 720M->173M(1979M) 2.581ms
[54.039s][info][gc,cpu         ] GC(157) User=0.02s Sys=0.00s Real=0.01s
[54.094s][info][gc,start       ] GC(158) Pause Full (System.gc())
[54.096s][info][gc,phases,start] GC(158) Phase 1: Mark live objects
[54.186s][info][gc,phases      ] GC(158) Phase 1: Mark live objects 90.033ms
[54.186s][info][gc,phases,start] GC(158) Phase 2: Compute new object addresses
[54.243s][info][gc,phases      ] GC(158) Phase 2: Compute new object addresses 56.746ms
[54.243s][info][gc,phases,start] GC(158) Phase 3: Adjust pointers
[54.298s][info][gc,phases      ] GC(158) Phase 3: Adjust pointers 55.084ms
[54.298s][info][gc,phases,start] GC(158) Phase 4: Move objects
[54.298s][info][gc,phases      ] GC(158) Phase 4: Move objects 0.030ms
[54.298s][info][gc,heap        ] GC(158) DefNew: 111461K->0K(629120K)
[54.298s][info][gc,heap        ] GC(158) Tenured: 177809K->177890K(1398144K)
[54.298s][info][gc,metaspace   ] GC(158) Metaspace: 78361K(82512K)->78361K(82512K) NonClass: 68131K(70320K)->68131K(70320K) Class: 10230K(12192K)->10230K(12192K)
[54.298s][info][gc             ] GC(158) Pause Full (System.gc()) 282M->173M(1979M) 204.234ms
[54.298s][info][gc,cpu         ] GC(158) User=0.12s Sys=0.00s Real=0.20s
[54.492s][info][gc,start       ] GC(159) Pause Young (Allocation Failure)
[54.494s][info][gc,heap        ] GC(159) DefNew: 559232K->289K(629120K)
[54.494s][info][gc,heap        ] GC(159) Tenured: 177890K->177890K(1398144K)
[54.494s][info][gc,metaspace   ] GC(159) Metaspace: 78370K(82512K)->78370K(82512K) NonClass: 68140K(70320K)->68140K(70320K) Class: 10230K(12192K)->10230K(12192K)
[54.494s][info][gc             ] GC(159) Pause Young (Allocation Failure) 719M->174M(1979M) 2.352ms
[54.495s][info][gc,cpu         ] GC(159) User=0.00s Sys=0.00s Real=0.00s
[54.671s][info][gc,start       ] GC(160) Pause Young (Allocation Failure)
[54.673s][info][gc,heap        ] GC(160) DefNew: 559521K->280K(629120K)
[54.673s][info][gc,heap        ] GC(160) Tenured: 177890K->177890K(1398144K)
[54.673s][info][gc,metaspace   ] GC(160) Metaspace: 78370K(82512K)->78370K(82512K) NonClass: 68140K(70320K)->68140K(70320K) Class: 10230K(12192K)->10230K(12192K)
[54.673s][info][gc             ] GC(160) Pause Young (Allocation Failure) 720M->173M(1979M) 1.617ms
[54.673s][info][gc,cpu         ] GC(160) User=0.00s Sys=0.00s Real=0.00s
[54.864s][info][gc,start       ] GC(161) Pause Young (Allocation Failure)
[54.865s][info][gc,heap        ] GC(161) DefNew: 559512K->282K(629120K)
[54.865s][info][gc,heap        ] GC(161) Tenured: 177890K->177890K(1398144K)
[54.865s][info][gc,metaspace   ] GC(161) Metaspace: 78375K(82512K)->78375K(82512K) NonClass: 68144K(70320K)->68144K(70320K) Class: 10230K(12192K)->10230K(12192K)
[54.865s][info][gc             ] GC(161) Pause Young (Allocation Failure) 720M->173M(1979M) 1.604ms
[54.865s][info][gc,cpu         ] GC(161) User=0.00s Sys=0.00s Real=0.00s
[55.029s][info][gc,start       ] GC(162) Pause Young (Allocation Failure)
[55.031s][info][gc,heap        ] GC(162) DefNew: 559514K->282K(629120K)
[55.031s][info][gc,heap        ] GC(162) Tenured: 177890K->177890K(1398144K)
[55.031s][info][gc,metaspace   ] GC(162) Metaspace: 78375K(82512K)->78375K(82512K) NonClass: 68144K(70320K)->68144K(70320K) Class: 10230K(12192K)->10230K(12192K)
[55.031s][info][gc             ] GC(162) Pause Young (Allocation Failure) 720M->173M(1979M) 1.682ms
[55.031s][info][gc,cpu         ] GC(162) User=0.00s Sys=0.00s Real=0.00s
[55.091s][info][gc,start       ] GC(163) Pause Full (System.gc())
[55.093s][info][gc,phases,start] GC(163) Phase 1: Mark live objects
[55.182s][info][gc,phases      ] GC(163) Phase 1: Mark live objects 89.266ms
[55.182s][info][gc,phases,start] GC(163) Phase 2: Compute new object addresses
[55.242s][info][gc,phases      ] GC(163) Phase 2: Compute new object addresses 59.703ms
[55.242s][info][gc,phases,start] GC(163) Phase 3: Adjust pointers
[55.297s][info][gc,phases      ] GC(163) Phase 3: Adjust pointers 54.927ms
[55.297s][info][gc,phases,start] GC(163) Phase 4: Move objects
[55.297s][info][gc,phases      ] GC(163) Phase 4: Move objects 0.032ms
[55.297s][info][gc,heap        ] GC(163) DefNew: 111539K->0K(629120K)
[55.297s][info][gc,heap        ] GC(163) Tenured: 177890K->177976K(1398144K)
[55.297s][info][gc,metaspace   ] GC(163) Metaspace: 78376K(82512K)->78376K(82512K) NonClass: 68145K(70320K)->68145K(70320K) Class: 10230K(12192K)->10230K(12192K)
[55.297s][info][gc             ] GC(163) Pause Full (System.gc()) 282M->173M(1979M) 206.237ms
[55.297s][info][gc,cpu         ] GC(163) User=0.16s Sys=0.00s Real=0.20s
[55.494s][info][gc,start       ] GC(164) Pause Young (Allocation Failure)
[55.496s][info][gc,heap        ] GC(164) DefNew: 559232K->299K(629120K)
[55.496s][info][gc,heap        ] GC(164) Tenured: 177976K->177976K(1398144K)
[55.496s][info][gc,metaspace   ] GC(164) Metaspace: 78413K(82512K)->78413K(82512K) NonClass: 68182K(70320K)->68182K(70320K) Class: 10230K(12192K)->10230K(12192K)
[55.496s][info][gc             ] GC(164) Pause Young (Allocation Failure) 719M->174M(1979M) 1.972ms
[55.496s][info][gc,cpu         ] GC(164) User=0.00s Sys=0.00s Real=0.00s
[55.663s][info][gc,start       ] GC(165) Pause Young (Allocation Failure)
[55.664s][info][gc,heap        ] GC(165) DefNew: 559531K->289K(629120K)
[55.664s][info][gc,heap        ] GC(165) Tenured: 177976K->177976K(1398144K)
[55.664s][info][gc,metaspace   ] GC(165) Metaspace: 78464K(82512K)->78464K(82512K) NonClass: 68233K(70320K)->68233K(70320K) Class: 10230K(12192K)->10230K(12192K)
[55.664s][info][gc             ] GC(165) Pause Young (Allocation Failure) 720M->174M(1979M) 1.609ms
[55.664s][info][gc,cpu         ] GC(165) User=0.00s Sys=0.00s Real=0.00s
[55.862s][info][gc,start       ] GC(166) Pause Young (Allocation Failure)
[55.865s][info][gc,heap        ] GC(166) DefNew: 559521K->289K(629120K)
[55.865s][info][gc,heap        ] GC(166) Tenured: 177976K->177976K(1398144K)
[55.865s][info][gc,metaspace   ] GC(166) Metaspace: 78464K(82512K)->78464K(82512K) NonClass: 68233K(70320K)->68233K(70320K) Class: 10230K(12192K)->10230K(12192K)
[55.865s][info][gc             ] GC(166) Pause Young (Allocation Failure) 720M->174M(1979M) 2.490ms
[55.865s][info][gc,cpu         ] GC(166) User=0.00s Sys=0.00s Real=0.00s
[56.026s][info][gc,start       ] GC(167) Pause Young (Allocation Failure)
[56.027s][info][gc,heap        ] GC(167) DefNew: 559521K->289K(629120K)
[56.028s][info][gc,heap        ] GC(167) Tenured: 177976K->177976K(1398144K)
[56.028s][info][gc,metaspace   ] GC(167) Metaspace: 78464K(82512K)->78464K(82512K) NonClass: 68233K(70320K)->68233K(70320K) Class: 10230K(12192K)->10230K(12192K)
[56.028s][info][gc             ] GC(167) Pause Young (Allocation Failure) 720M->174M(1979M) 2.011ms
[56.028s][info][gc,cpu         ] GC(167) User=0.00s Sys=0.00s Real=0.00s
[56.080s][info][gc,start       ] GC(168) Pause Full (System.gc())
[56.084s][info][gc,phases,start] GC(168) Phase 1: Mark live objects
[56.173s][info][gc,phases      ] GC(168) Phase 1: Mark live objects 89.457ms
[56.173s][info][gc,phases,start] GC(168) Phase 2: Compute new object addresses
[56.231s][info][gc,phases      ] GC(168) Phase 2: Compute new object addresses 57.571ms
[56.231s][info][gc,phases,start] GC(168) Phase 3: Adjust pointers
[56.287s][info][gc,phases      ] GC(168) Phase 3: Adjust pointers 56.587ms
[56.288s][info][gc,phases,start] GC(168) Phase 4: Move objects
[56.323s][info][gc,phases      ] GC(168) Phase 4: Move objects 35.258ms
[56.323s][info][gc,heap        ] GC(168) DefNew: 110796K->0K(629120K)
[56.323s][info][gc,heap        ] GC(168) Tenured: 177976K->177848K(1398144K)
[56.324s][info][gc,metaspace   ] GC(168) Metaspace: 78486K(82512K)->78486K(82512K) NonClass: 68255K(70320K)->68255K(70320K) Class: 10231K(12192K)->10231K(12192K)
[56.324s][info][gc             ] GC(168) Pause Full (System.gc()) 282M->173M(1979M) 243.396ms
[56.324s][info][gc,cpu         ] GC(168) User=0.23s Sys=0.00s Real=0.24s
[56.521s][info][gc,start       ] GC(169) Pause Young (Allocation Failure)
[56.523s][info][gc,heap        ] GC(169) DefNew: 559232K->291K(629120K)
[56.523s][info][gc,heap        ] GC(169) Tenured: 177848K->177848K(1398144K)
[56.523s][info][gc,metaspace   ] GC(169) Metaspace: 78510K(82512K)->78510K(82512K) NonClass: 68277K(70320K)->68277K(70320K) Class: 10233K(12192K)->10233K(12192K)
[56.523s][info][gc             ] GC(169) Pause Young (Allocation Failure) 719M->173M(1979M) 2.006ms
[56.523s][info][gc,cpu         ] GC(169) User=0.00s Sys=0.00s Real=0.00s
[56.691s][info][gc,start       ] GC(170) Pause Young (Allocation Failure)
[56.693s][info][gc,heap        ] GC(170) DefNew: 559523K->282K(629120K)
[56.693s][info][gc,heap        ] GC(170) Tenured: 177848K->177848K(1398144K)
[56.693s][info][gc,metaspace   ] GC(170) Metaspace: 78510K(82512K)->78510K(82512K) NonClass: 68277K(70320K)->68277K(70320K) Class: 10233K(12192K)->10233K(12192K)
[56.693s][info][gc             ] GC(170) Pause Young (Allocation Failure) 720M->173M(1979M) 2.756ms
[56.694s][info][gc,cpu         ] GC(170) User=0.00s Sys=0.00s Real=0.00s
[56.871s][info][gc,start       ] GC(171) Pause Young (Allocation Failure)
[56.872s][info][gc,heap        ] GC(171) DefNew: 559514K->282K(629120K)
[56.872s][info][gc,heap        ] GC(171) Tenured: 177848K->177848K(1398144K)
[56.872s][info][gc,metaspace   ] GC(171) Metaspace: 78510K(82512K)->78510K(82512K) NonClass: 68277K(70320K)->68277K(70320K) Class: 10233K(12192K)->10233K(12192K)
[56.872s][info][gc             ] GC(171) Pause Young (Allocation Failure) 720M->173M(1979M) 1.859ms
[56.872s][info][gc,cpu         ] GC(171) User=0.00s Sys=0.00s Real=0.00s
[57.041s][info][gc,start       ] GC(172) Pause Young (Allocation Failure)
[57.044s][info][gc,heap        ] GC(172) DefNew: 559514K->282K(629120K)
[57.044s][info][gc,heap        ] GC(172) Tenured: 177848K->177848K(1398144K)
[57.044s][info][gc,metaspace   ] GC(172) Metaspace: 78510K(82512K)->78510K(82512K) NonClass: 68277K(70320K)->68277K(70320K) Class: 10233K(12192K)->10233K(12192K)
[57.044s][info][gc             ] GC(172) Pause Young (Allocation Failure) 720M->173M(1979M) 2.506ms
[57.044s][info][gc,cpu         ] GC(172) User=0.00s Sys=0.00s Real=0.00s
[57.095s][info][gc,start       ] GC(173) Pause Full (System.gc())
[57.096s][info][gc,phases,start] GC(173) Phase 1: Mark live objects
[57.198s][info][gc,phases      ] GC(173) Phase 1: Mark live objects 102.214ms
[57.199s][info][gc,phases,start] GC(173) Phase 2: Compute new object addresses
[57.254s][info][gc,phases      ] GC(173) Phase 2: Compute new object addresses 55.515ms
[57.254s][info][gc,phases,start] GC(173) Phase 3: Adjust pointers
[57.309s][info][gc,phases      ] GC(173) Phase 3: Adjust pointers 55.043ms
[57.309s][info][gc,phases,start] GC(173) Phase 4: Move objects
[57.309s][info][gc,phases      ] GC(173) Phase 4: Move objects 0.031ms
[57.310s][info][gc,heap        ] GC(173) DefNew: 106630K->0K(629120K)
[57.310s][info][gc,heap        ] GC(173) Tenured: 177848K->177933K(1398144K)
[57.310s][info][gc,metaspace   ] GC(173) Metaspace: 78523K(82512K)->78523K(82512K) NonClass: 68290K(70320K)->68290K(70320K) Class: 10233K(12192K)->10233K(12192K)
[57.310s][info][gc             ] GC(173) Pause Full (System.gc()) 277M->173M(1979M) 215.041ms
[57.310s][info][gc,cpu         ] GC(173) User=0.20s Sys=0.00s Real=0.21s
[57.503s][info][gc,start       ] GC(174) Pause Young (Allocation Failure)
[57.505s][info][gc,heap        ] GC(174) DefNew: 559232K->289K(629120K)
[57.505s][info][gc,heap        ] GC(174) Tenured: 177933K->177933K(1398144K)
[57.505s][info][gc,metaspace   ] GC(174) Metaspace: 78525K(82512K)->78525K(82512K) NonClass: 68292K(70320K)->68292K(70320K) Class: 10232K(12192K)->10232K(12192K)
[57.505s][info][gc             ] GC(174) Pause Young (Allocation Failure) 719M->174M(1979M) 2.321ms
[57.505s][info][gc,cpu         ] GC(174) User=0.00s Sys=0.00s Real=0.00s
[57.673s][info][gc,start       ] GC(175) Pause Young (Allocation Failure)
[57.675s][info][gc,heap        ] GC(175) DefNew: 559521K->280K(629120K)
[57.675s][info][gc,heap        ] GC(175) Tenured: 177933K->177933K(1398144K)
[57.675s][info][gc,metaspace   ] GC(175) Metaspace: 78525K(82512K)->78525K(82512K) NonClass: 68292K(70320K)->68292K(70320K) Class: 10232K(12192K)->10232K(12192K)
[57.675s][info][gc             ] GC(175) Pause Young (Allocation Failure) 720M->174M(1979M) 1.612ms
[57.675s][info][gc,cpu         ] GC(175) User=0.00s Sys=0.00s Real=0.00s
[57.856s][info][gc,start       ] GC(176) Pause Young (Allocation Failure)
[57.858s][info][gc,heap        ] GC(176) DefNew: 559512K->280K(629120K)
[57.858s][info][gc,heap        ] GC(176) Tenured: 177933K->177933K(1398144K)
[57.858s][info][gc,metaspace   ] GC(176) Metaspace: 78525K(82512K)->78525K(82512K) NonClass: 68292K(70320K)->68292K(70320K) Class: 10232K(12192K)->10232K(12192K)
[57.858s][info][gc             ] GC(176) Pause Young (Allocation Failure) 720M->174M(1979M) 1.596ms
[57.858s][info][gc,cpu         ] GC(176) User=0.00s Sys=0.00s Real=0.00s
[58.029s][info][gc,start       ] GC(177) Pause Young (Allocation Failure)
[58.030s][info][gc,heap        ] GC(177) DefNew: 559512K->280K(629120K)
[58.030s][info][gc,heap        ] GC(177) Tenured: 177933K->177933K(1398144K)
[58.030s][info][gc,metaspace   ] GC(177) Metaspace: 78525K(82512K)->78525K(82512K) NonClass: 68292K(70320K)->68292K(70320K) Class: 10232K(12192K)->10232K(12192K)
[58.030s][info][gc             ] GC(177) Pause Young (Allocation Failure) 720M->174M(1979M) 1.573ms
[58.030s][info][gc,cpu         ] GC(177) User=0.00s Sys=0.00s Real=0.00s
[58.086s][info][gc,start       ] GC(178) Pause Full (System.gc())
[58.088s][info][gc,phases,start] GC(178) Phase 1: Mark live objects
[58.178s][info][gc,phases      ] GC(178) Phase 1: Mark live objects 90.055ms
[58.178s][info][gc,phases,start] GC(178) Phase 2: Compute new object addresses
[58.235s][info][gc,phases      ] GC(178) Phase 2: Compute new object addresses 56.890ms
[58.235s][info][gc,phases,start] GC(178) Phase 3: Adjust pointers
[58.290s][info][gc,phases      ] GC(178) Phase 3: Adjust pointers 55.031ms
[58.290s][info][gc,phases,start] GC(178) Phase 4: Move objects
[58.290s][info][gc,phases      ] GC(178) Phase 4: Move objects 0.031ms
[58.290s][info][gc,heap        ] GC(178) DefNew: 110812K->0K(629120K)
[58.290s][info][gc,heap        ] GC(178) Tenured: 177933K->178015K(1398144K)
[58.290s][info][gc,metaspace   ] GC(178) Metaspace: 78531K(82512K)->78531K(82512K) NonClass: 68298K(70320K)->68298K(70320K) Class: 10232K(12192K)->10232K(12192K)
[58.290s][info][gc             ] GC(178) Pause Full (System.gc()) 281M->173M(1979M) 204.252ms
[58.290s][info][gc,cpu         ] GC(178) User=0.19s Sys=0.00s Real=0.20s
[58.482s][info][gc,start       ] GC(179) Pause Young (Allocation Failure)
[58.484s][info][gc,heap        ] GC(179) DefNew: 559232K->290K(629120K)
[58.484s][info][gc,heap        ] GC(179) Tenured: 178015K->178015K(1398144K)
[58.484s][info][gc,metaspace   ] GC(179) Metaspace: 78568K(82512K)->78568K(82512K) NonClass: 68335K(70320K)->68335K(70320K) Class: 10232K(12192K)->10232K(12192K)
[58.484s][info][gc             ] GC(179) Pause Young (Allocation Failure) 719M->174M(1979M) 1.736ms
[58.484s][info][gc,cpu         ] GC(179) User=0.00s Sys=0.00s Real=0.00s
[58.648s][info][gc,start       ] GC(180) Pause Young (Allocation Failure)
[58.649s][info][gc,heap        ] GC(180) DefNew: 559522K->280K(629120K)
[58.649s][info][gc,heap        ] GC(180) Tenured: 178015K->178015K(1398144K)
[58.649s][info][gc,metaspace   ] GC(180) Metaspace: 78568K(82512K)->78568K(82512K) NonClass: 68335K(70320K)->68335K(70320K) Class: 10232K(12192K)->10232K(12192K)
[58.649s][info][gc             ] GC(180) Pause Young (Allocation Failure) 720M->174M(1979M) 1.582ms
[58.649s][info][gc,cpu         ] GC(180) User=0.00s Sys=0.00s Real=0.00s
[58.833s][info][gc,start       ] GC(181) Pause Young (Allocation Failure)
[58.836s][info][gc,heap        ] GC(181) DefNew: 559512K->280K(629120K)
[58.836s][info][gc,heap        ] GC(181) Tenured: 178015K->178015K(1398144K)
[58.836s][info][gc,metaspace   ] GC(181) Metaspace: 78568K(82512K)->78568K(82512K) NonClass: 68335K(70320K)->68335K(70320K) Class: 10232K(12192K)->10232K(12192K)
[58.836s][info][gc             ] GC(181) Pause Young (Allocation Failure) 720M->174M(1979M) 2.569ms
[58.836s][info][gc,cpu         ] GC(181) User=0.00s Sys=0.00s Real=0.00s
[59.004s][info][gc,start       ] GC(182) Pause Young (Allocation Failure)
[59.006s][info][gc,heap        ] GC(182) DefNew: 559512K->280K(629120K)
[59.006s][info][gc,heap        ] GC(182) Tenured: 178015K->178015K(1398144K)
[59.006s][info][gc,metaspace   ] GC(182) Metaspace: 78568K(82512K)->78568K(82512K) NonClass: 68335K(70320K)->68335K(70320K) Class: 10232K(12192K)->10232K(12192K)
[59.006s][info][gc             ] GC(182) Pause Young (Allocation Failure) 720M->174M(1979M) 1.540ms
[59.006s][info][gc,cpu         ] GC(182) User=0.00s Sys=0.00s Real=0.00s
[59.061s][info][gc,start       ] GC(183) Pause Full (System.gc())
[59.063s][info][gc,phases,start] GC(183) Phase 1: Mark live objects
[59.155s][info][gc,phases      ] GC(183) Phase 1: Mark live objects 92.572ms
[59.155s][info][gc,phases,start] GC(183) Phase 2: Compute new object addresses
[59.212s][info][gc,phases      ] GC(183) Phase 2: Compute new object addresses 56.679ms
[59.212s][info][gc,phases,start] GC(183) Phase 3: Adjust pointers
[59.268s][info][gc,phases      ] GC(183) Phase 3: Adjust pointers 55.836ms
[59.268s][info][gc,phases,start] GC(183) Phase 4: Move objects
[59.268s][info][gc,phases      ] GC(183) Phase 4: Move objects 0.030ms
[59.268s][info][gc,heap        ] GC(183) DefNew: 110745K->0K(629120K)
[59.268s][info][gc,heap        ] GC(183) Tenured: 178015K->178098K(1398144K)
[59.268s][info][gc,metaspace   ] GC(183) Metaspace: 78576K(82768K)->78576K(82768K) NonClass: 68343K(70576K)->68343K(70576K) Class: 10232K(12192K)->10232K(12192K)
[59.268s][info][gc             ] GC(183) Pause Full (System.gc()) 281M->173M(1979M) 207.346ms
[59.268s][info][gc,cpu         ] GC(183) User=0.17s Sys=0.00s Real=0.20s
[59.458s][info][gc,start       ] GC(184) Pause Young (Allocation Failure)
[59.460s][info][gc,heap        ] GC(184) DefNew: 559232K->290K(629120K)
[59.460s][info][gc,heap        ] GC(184) Tenured: 178098K->178098K(1398144K)
[59.460s][info][gc,metaspace   ] GC(184) Metaspace: 78580K(82768K)->78580K(82768K) NonClass: 68347K(70576K)->68347K(70576K) Class: 10232K(12192K)->10232K(12192K)
[59.460s][info][gc             ] GC(184) Pause Young (Allocation Failure) 720M->174M(1979M) 1.744ms
[59.460s][info][gc,cpu         ] GC(184) User=0.00s Sys=0.00s Real=0.00s
[59.626s][info][gc,start       ] GC(185) Pause Young (Allocation Failure)
[59.629s][info][gc,heap        ] GC(185) DefNew: 559522K->280K(629120K)
[59.629s][info][gc,heap        ] GC(185) Tenured: 178098K->178098K(1398144K)
[59.629s][info][gc,metaspace   ] GC(185) Metaspace: 78580K(82768K)->78580K(82768K) NonClass: 68347K(70576K)->68347K(70576K) Class: 10232K(12192K)->10232K(12192K)
[59.629s][info][gc             ] GC(185) Pause Young (Allocation Failure) 720M->174M(1979M) 2.345ms
[59.629s][info][gc,cpu         ] GC(185) User=0.00s Sys=0.00s Real=0.00s
[59.806s][info][gc,start       ] GC(186) Pause Young (Allocation Failure)
[59.808s][info][gc,heap        ] GC(186) DefNew: 559512K->280K(629120K)
[59.808s][info][gc,heap        ] GC(186) Tenured: 178098K->178098K(1398144K)
[59.808s][info][gc,metaspace   ] GC(186) Metaspace: 78580K(82768K)->78580K(82768K) NonClass: 68347K(70576K)->68347K(70576K) Class: 10232K(12192K)->10232K(12192K)
[59.808s][info][gc             ] GC(186) Pause Young (Allocation Failure) 720M->174M(1979M) 2.364ms
[59.809s][info][gc,cpu         ] GC(186) User=0.00s Sys=0.00s Real=0.00s
[59.980s][info][gc,start       ] GC(187) Pause Young (Allocation Failure)
[59.982s][info][gc,heap        ] GC(187) DefNew: 559512K->280K(629120K)
[59.982s][info][gc,heap        ] GC(187) Tenured: 178098K->178098K(1398144K)
[59.982s][info][gc,metaspace   ] GC(187) Metaspace: 78580K(82768K)->78580K(82768K) NonClass: 68347K(70576K)->68347K(70576K) Class: 10232K(12192K)->10232K(12192K)
[59.982s][info][gc             ] GC(187) Pause Young (Allocation Failure) 720M->174M(1979M) 1.495ms
[59.982s][info][gc,cpu         ] GC(187) User=0.00s Sys=0.00s Real=0.00s
[60.034s][info][gc,start       ] GC(188) Pause Full (System.gc())
[60.036s][info][gc,phases,start] GC(188) Phase 1: Mark live objects
[60.125s][info][gc,phases      ] GC(188) Phase 1: Mark live objects 89.897ms
[60.125s][info][gc,phases,start] GC(188) Phase 2: Compute new object addresses
[60.183s][info][gc,phases      ] GC(188) Phase 2: Compute new object addresses 57.134ms
[60.183s][info][gc,phases,start] GC(188) Phase 3: Adjust pointers
[60.238s][info][gc,phases      ] GC(188) Phase 3: Adjust pointers 54.966ms
[60.238s][info][gc,phases,start] GC(188) Phase 4: Move objects
[60.238s][info][gc,phases      ] GC(188) Phase 4: Move objects 0.159ms
[60.238s][info][gc,heap        ] GC(188) DefNew: 111053K->0K(629120K)
[60.238s][info][gc,heap        ] GC(188) Tenured: 178098K->177977K(1398144K)
[60.238s][info][gc,metaspace   ] GC(188) Metaspace: 78587K(82768K)->78587K(82768K) NonClass: 68354K(70576K)->68354K(70576K) Class: 10232K(12192K)->10232K(12192K)
[60.238s][info][gc             ] GC(188) Pause Full (System.gc()) 282M->173M(1979M) 204.635ms
[60.238s][info][gc,cpu         ] GC(188) User=0.16s Sys=0.00s Real=0.20s
[60.432s][info][gc,start       ] GC(189) Pause Young (Allocation Failure)
[60.433s][info][gc,heap        ] GC(189) DefNew: 559232K->291K(629120K)
[60.433s][info][gc,heap        ] GC(189) Tenured: 177977K->177977K(1398144K)
[60.433s][info][gc,metaspace   ] GC(189) Metaspace: 78617K(82768K)->78617K(82768K) NonClass: 68384K(70576K)->68384K(70576K) Class: 10232K(12192K)->10232K(12192K)
[60.433s][info][gc             ] GC(189) Pause Young (Allocation Failure) 719M->174M(1979M) 1.800ms
[60.433s][info][gc,cpu         ] GC(189) User=0.00s Sys=0.00s Real=0.00s
[60.607s][info][gc,start       ] GC(190) Pause Young (Allocation Failure)
[60.610s][info][gc,heap        ] GC(190) DefNew: 559523K->281K(629120K)
[60.610s][info][gc,heap        ] GC(190) Tenured: 177977K->177977K(1398144K)
[60.610s][info][gc,metaspace   ] GC(190) Metaspace: 78617K(82768K)->78617K(82768K) NonClass: 68384K(70576K)->68384K(70576K) Class: 10232K(12192K)->10232K(12192K)
[60.610s][info][gc             ] GC(190) Pause Young (Allocation Failure) 720M->174M(1979M) 2.576ms
[60.610s][info][gc,cpu         ] GC(190) User=0.00s Sys=0.00s Real=0.00s
[60.801s][info][gc,start       ] GC(191) Pause Young (Allocation Failure)
[60.803s][info][gc,heap        ] GC(191) DefNew: 559513K->281K(629120K)
[60.803s][info][gc,heap        ] GC(191) Tenured: 177977K->177977K(1398144K)
[60.803s][info][gc,metaspace   ] GC(191) Metaspace: 78617K(82768K)->78617K(82768K) NonClass: 68384K(70576K)->68384K(70576K) Class: 10232K(12192K)->10232K(12192K)
[60.803s][info][gc             ] GC(191) Pause Young (Allocation Failure) 720M->174M(1979M) 2.261ms
[60.804s][info][gc,cpu         ] GC(191) User=0.00s Sys=0.00s Real=0.00s
[60.976s][info][gc,start       ] GC(192) Pause Young (Allocation Failure)
[60.978s][info][gc,heap        ] GC(192) DefNew: 559513K->281K(629120K)
[60.978s][info][gc,heap        ] GC(192) Tenured: 177977K->177977K(1398144K)
[60.978s][info][gc,metaspace   ] GC(192) Metaspace: 78617K(82768K)->78617K(82768K) NonClass: 68384K(70576K)->68384K(70576K) Class: 10232K(12192K)->10232K(12192K)
[60.978s][info][gc             ] GC(192) Pause Young (Allocation Failure) 720M->174M(1979M) 2.053ms
[60.978s][info][gc,cpu         ] GC(192) User=0.00s Sys=0.00s Real=0.00s
[61.038s][info][gc,start       ] GC(193) Pause Full (System.gc())
[61.043s][info][gc,phases,start] GC(193) Phase 1: Mark live objects
[61.133s][info][gc,phases      ] GC(193) Phase 1: Mark live objects 90.671ms
[61.133s][info][gc,phases,start] GC(193) Phase 2: Compute new object addresses
[61.191s][info][gc,phases      ] GC(193) Phase 2: Compute new object addresses 57.550ms
[61.191s][info][gc,phases,start] GC(193) Phase 3: Adjust pointers
[61.246s][info][gc,phases      ] GC(193) Phase 3: Adjust pointers 55.045ms
[61.246s][info][gc,phases,start] GC(193) Phase 4: Move objects
[61.246s][info][gc,phases      ] GC(193) Phase 4: Move objects 0.030ms
[61.247s][info][gc,heap        ] GC(193) DefNew: 113536K->0K(629120K)
[61.247s][info][gc,heap        ] GC(193) Tenured: 177977K->178061K(1398144K)
[61.247s][info][gc,metaspace   ] GC(193) Metaspace: 78649K(82768K)->78649K(82768K) NonClass: 68416K(70576K)->68416K(70576K) Class: 10232K(12192K)->10232K(12192K)
[61.247s][info][gc             ] GC(193) Pause Full (System.gc()) 284M->173M(1979M) 208.669ms
[61.247s][info][gc,cpu         ] GC(193) User=0.20s Sys=0.00s Real=0.20s
[61.435s][info][gc,start       ] GC(194) Pause Young (Allocation Failure)
[61.437s][info][gc,heap        ] GC(194) DefNew: 559232K->290K(629120K)
[61.437s][info][gc,heap        ] GC(194) Tenured: 178061K->178061K(1398144K)
[61.437s][info][gc,metaspace   ] GC(194) Metaspace: 78656K(82768K)->78656K(82768K) NonClass: 68423K(70576K)->68423K(70576K) Class: 10232K(12192K)->10232K(12192K)
[61.437s][info][gc             ] GC(194) Pause Young (Allocation Failure) 720M->174M(1979M) 1.710ms
[61.437s][info][gc,cpu         ] GC(194) User=0.00s Sys=0.00s Real=0.00s
[61.597s][info][gc,start       ] GC(195) Pause Young (Allocation Failure)
[61.599s][info][gc,heap        ] GC(195) DefNew: 559522K->280K(629120K)
[61.599s][info][gc,heap        ] GC(195) Tenured: 178061K->178061K(1398144K)
[61.599s][info][gc,metaspace   ] GC(195) Metaspace: 78656K(82768K)->78656K(82768K) NonClass: 68423K(70576K)->68423K(70576K) Class: 10232K(12192K)->10232K(12192K)
[61.599s][info][gc             ] GC(195) Pause Young (Allocation Failure) 720M->174M(1979M) 1.558ms
[61.599s][info][gc,cpu         ] GC(195) User=0.00s Sys=0.00s Real=0.00s
[61.787s][info][gc,start       ] GC(196) Pause Young (Allocation Failure)
[61.790s][info][gc,heap        ] GC(196) DefNew: 559512K->280K(629120K)
[61.790s][info][gc,heap        ] GC(196) Tenured: 178061K->178061K(1398144K)
[61.790s][info][gc,metaspace   ] GC(196) Metaspace: 78656K(82768K)->78656K(82768K) NonClass: 68423K(70576K)->68423K(70576K) Class: 10232K(12192K)->10232K(12192K)
[61.790s][info][gc             ] GC(196) Pause Young (Allocation Failure) 720M->174M(1979M) 3.044ms
[61.790s][info][gc,cpu         ] GC(196) User=0.02s Sys=0.00s Real=0.02s
[61.959s][info][gc,start       ] GC(197) Pause Young (Allocation Failure)
[61.961s][info][gc,heap        ] GC(197) DefNew: 559512K->280K(629120K)
[61.961s][info][gc,heap        ] GC(197) Tenured: 178061K->178061K(1398144K)
[61.961s][info][gc,metaspace   ] GC(197) Metaspace: 78656K(82768K)->78656K(82768K) NonClass: 68423K(70576K)->68423K(70576K) Class: 10232K(12192K)->10232K(12192K)
[61.961s][info][gc             ] GC(197) Pause Young (Allocation Failure) 720M->174M(1979M) 1.867ms
[61.961s][info][gc,cpu         ] GC(197) User=0.00s Sys=0.00s Real=0.00s
[62.053s][info][gc,start       ] GC(198) Pause Full (System.gc())
[62.055s][info][gc,phases,start] GC(198) Phase 1: Mark live objects
[62.145s][info][gc,phases      ] GC(198) Phase 1: Mark live objects 90.318ms
[62.145s][info][gc,phases,start] GC(198) Phase 2: Compute new object addresses
[62.202s][info][gc,phases      ] GC(198) Phase 2: Compute new object addresses 57.284ms
[62.203s][info][gc,phases,start] GC(198) Phase 3: Adjust pointers
[62.258s][info][gc,phases      ] GC(198) Phase 3: Adjust pointers 55.658ms
[62.258s][info][gc,phases,start] GC(198) Phase 4: Move objects
[62.258s][info][gc,phases      ] GC(198) Phase 4: Move objects 0.036ms
[62.259s][info][gc,heap        ] GC(198) DefNew: 104549K->0K(629120K)
[62.259s][info][gc,heap        ] GC(198) Tenured: 178061K->178143K(1398144K)
[62.259s][info][gc,metaspace   ] GC(198) Metaspace: 78689K(82768K)->78689K(82768K) NonClass: 68456K(70576K)->68456K(70576K) Class: 10232K(12192K)->10232K(12192K)
[62.259s][info][gc             ] GC(198) Pause Full (System.gc()) 275M->173M(1979M) 205.668ms
[62.259s][info][gc,cpu         ] GC(198) User=0.20s Sys=0.00s Real=0.20s
[62.455s][info][gc,start       ] GC(199) Pause Young (Allocation Failure)
[62.457s][info][gc,heap        ] GC(199) DefNew: 559232K->291K(629120K)
[62.457s][info][gc,heap        ] GC(199) Tenured: 178143K->178143K(1398144K)
[62.457s][info][gc,metaspace   ] GC(199) Metaspace: 78712K(82768K)->78712K(82768K) NonClass: 68479K(70576K)->68479K(70576K) Class: 10232K(12192K)->10232K(12192K)
[62.457s][info][gc             ] GC(199) Pause Young (Allocation Failure) 720M->174M(1979M) 1.723ms
[62.457s][info][gc,cpu         ] GC(199) User=0.00s Sys=0.00s Real=0.00s
[62.617s][info][gc,start       ] GC(200) Pause Young (Allocation Failure)
[62.619s][info][gc,heap        ] GC(200) DefNew: 559523K->282K(629120K)
[62.619s][info][gc,heap        ] GC(200) Tenured: 178143K->178143K(1398144K)
[62.619s][info][gc,metaspace   ] GC(200) Metaspace: 78712K(82768K)->78712K(82768K) NonClass: 68479K(70576K)->68479K(70576K) Class: 10232K(12192K)->10232K(12192K)
[62.619s][info][gc             ] GC(200) Pause Young (Allocation Failure) 720M->174M(1979M) 2.254ms
[62.619s][info][gc,cpu         ] GC(200) User=0.00s Sys=0.00s Real=0.00s
[62.799s][info][gc,start       ] GC(201) Pause Young (Allocation Failure)
[62.800s][info][gc,heap        ] GC(201) DefNew: 559514K->282K(629120K)
[62.800s][info][gc,heap        ] GC(201) Tenured: 178143K->178143K(1398144K)
[62.800s][info][gc,metaspace   ] GC(201) Metaspace: 78712K(82768K)->78712K(82768K) NonClass: 68479K(70576K)->68479K(70576K) Class: 10232K(12192K)->10232K(12192K)
[62.801s][info][gc             ] GC(201) Pause Young (Allocation Failure) 720M->174M(1979M) 1.544ms
[62.801s][info][gc,cpu         ] GC(201) User=0.00s Sys=0.00s Real=0.00s
[62.964s][info][gc,start       ] GC(202) Pause Young (Allocation Failure)
[62.966s][info][gc,heap        ] GC(202) DefNew: 559514K->282K(629120K)
[62.966s][info][gc,heap        ] GC(202) Tenured: 178143K->178143K(1398144K)
[62.966s][info][gc,metaspace   ] GC(202) Metaspace: 78712K(82768K)->78712K(82768K) NonClass: 68479K(70576K)->68479K(70576K) Class: 10232K(12192K)->10232K(12192K)
[62.966s][info][gc             ] GC(202) Pause Young (Allocation Failure) 720M->174M(1979M) 2.109ms
[62.966s][info][gc,cpu         ] GC(202) User=0.00s Sys=0.00s Real=0.00s
[63.014s][info][gc,start       ] GC(203) Pause Full (System.gc())
[63.016s][info][gc,phases,start] GC(203) Phase 1: Mark live objects
[63.107s][info][gc,phases      ] GC(203) Phase 1: Mark live objects 91.091ms
[63.107s][info][gc,phases,start] GC(203) Phase 2: Compute new object addresses
[63.163s][info][gc,phases      ] GC(203) Phase 2: Compute new object addresses 55.816ms
[63.163s][info][gc,phases,start] GC(203) Phase 3: Adjust pointers
[63.218s][info][gc,phases      ] GC(203) Phase 3: Adjust pointers 55.390ms
[63.218s][info][gc,phases,start] GC(203) Phase 4: Move objects
[63.218s][info][gc,phases      ] GC(203) Phase 4: Move objects 0.029ms
[63.218s][info][gc,heap        ] GC(203) DefNew: 105459K->0K(629120K)
[63.218s][info][gc,heap        ] GC(203) Tenured: 178143K->178228K(1398144K)
[63.218s][info][gc,metaspace   ] GC(203) Metaspace: 78772K(82768K)->78772K(82768K) NonClass: 68540K(70576K)->68540K(70576K) Class: 10232K(12192K)->10232K(12192K)
[63.218s][info][gc             ] GC(203) Pause Full (System.gc()) 276M->174M(1979M) 204.831ms
[63.219s][info][gc,cpu         ] GC(203) User=0.17s Sys=0.00s Real=0.20s
[63.427s][info][gc,start       ] GC(204) Pause Young (Allocation Failure)
[63.429s][info][gc,heap        ] GC(204) DefNew: 559232K->293K(629120K)
[63.429s][info][gc,heap        ] GC(204) Tenured: 178228K->178228K(1398144K)
[63.429s][info][gc,metaspace   ] GC(204) Metaspace: 78786K(82768K)->78786K(82768K) NonClass: 68553K(70576K)->68553K(70576K) Class: 10232K(12192K)->10232K(12192K)
[63.429s][info][gc             ] GC(204) Pause Young (Allocation Failure) 720M->174M(1979M) 2.198ms
[63.429s][info][gc,cpu         ] GC(204) User=0.00s Sys=0.00s Real=0.00s
[63.594s][info][gc,start       ] GC(205) Pause Young (Allocation Failure)
[63.596s][info][gc,heap        ] GC(205) DefNew: 559525K->283K(629120K)
[63.596s][info][gc,heap        ] GC(205) Tenured: 178228K->178228K(1398144K)
[63.596s][info][gc,metaspace   ] GC(205) Metaspace: 78786K(82768K)->78786K(82768K) NonClass: 68553K(70576K)->68553K(70576K) Class: 10232K(12192K)->10232K(12192K)
[63.596s][info][gc             ] GC(205) Pause Young (Allocation Failure) 720M->174M(1979M) 1.585ms
[63.596s][info][gc,cpu         ] GC(205) User=0.00s Sys=0.00s Real=0.00s
[63.773s][info][gc,start       ] GC(206) Pause Young (Allocation Failure)
[63.775s][info][gc,heap        ] GC(206) DefNew: 559515K->283K(629120K)
[63.775s][info][gc,heap        ] GC(206) Tenured: 178228K->178228K(1398144K)
[63.775s][info][gc,metaspace   ] GC(206) Metaspace: 78786K(82768K)->78786K(82768K) NonClass: 68553K(70576K)->68553K(70576K) Class: 10232K(12192K)->10232K(12192K)
[63.775s][info][gc             ] GC(206) Pause Young (Allocation Failure) 720M->174M(1979M) 1.605ms
[63.775s][info][gc,cpu         ] GC(206) User=0.00s Sys=0.00s Real=0.00s
[63.938s][info][gc,start       ] GC(207) Pause Young (Allocation Failure)
[63.939s][info][gc,heap        ] GC(207) DefNew: 559515K->283K(629120K)
[63.939s][info][gc,heap        ] GC(207) Tenured: 178228K->178228K(1398144K)
[63.939s][info][gc,metaspace   ] GC(207) Metaspace: 78786K(82768K)->78786K(82768K) NonClass: 68553K(70576K)->68553K(70576K) Class: 10232K(12192K)->10232K(12192K)
[63.939s][info][gc             ] GC(207) Pause Young (Allocation Failure) 720M->174M(1979M) 1.558ms
[63.940s][info][gc,cpu         ] GC(207) User=0.00s Sys=0.00s Real=0.00s
[63.994s][info][gc,start       ] GC(208) Pause Full (System.gc())
[63.996s][info][gc,phases,start] GC(208) Phase 1: Mark live objects
[64.087s][info][gc,phases      ] GC(208) Phase 1: Mark live objects 91.535ms
[64.088s][info][gc,phases,start] GC(208) Phase 2: Compute new object addresses
[64.146s][info][gc,phases      ] GC(208) Phase 2: Compute new object addresses 58.329ms
[64.146s][info][gc,phases,start] GC(208) Phase 3: Adjust pointers
[64.205s][info][gc,phases      ] GC(208) Phase 3: Adjust pointers 59.353ms
[64.205s][info][gc,phases,start] GC(208) Phase 4: Move objects
[64.242s][info][gc,phases      ] GC(208) Phase 4: Move objects 36.626ms
[64.243s][info][gc,heap        ] GC(208) DefNew: 113012K->0K(629120K)
[64.243s][info][gc,heap        ] GC(208) Tenured: 178228K->178096K(1398144K)
[64.243s][info][gc,metaspace   ] GC(208) Metaspace: 78788K(82768K)->78788K(82768K) NonClass: 68556K(70576K)->68556K(70576K) Class: 10232K(12192K)->10232K(12192K)
[64.243s][info][gc             ] GC(208) Pause Full (System.gc()) 284M->173M(1979M) 248.423ms
[64.243s][info][gc,cpu         ] GC(208) User=0.19s Sys=0.02s Real=0.25s
[64.434s][info][gc,start       ] GC(209) Pause Young (Allocation Failure)
[64.436s][info][gc,heap        ] GC(209) DefNew: 559232K->292K(629120K)
[64.436s][info][gc,heap        ] GC(209) Tenured: 178096K->178096K(1398144K)
[64.436s][info][gc,metaspace   ] GC(209) Metaspace: 78797K(82768K)->78797K(82768K) NonClass: 68565K(70576K)->68565K(70576K) Class: 10232K(12192K)->10232K(12192K)
[64.436s][info][gc             ] GC(209) Pause Young (Allocation Failure) 720M->174M(1979M) 2.753ms
[64.436s][info][gc,cpu         ] GC(209) User=0.00s Sys=0.00s Real=0.00s
[64.628s][info][gc,start       ] GC(210) Pause Young (Allocation Failure)
[64.630s][info][gc,heap        ] GC(210) DefNew: 559524K->283K(629120K)
[64.630s][info][gc,heap        ] GC(210) Tenured: 178096K->178096K(1398144K)
[64.630s][info][gc,metaspace   ] GC(210) Metaspace: 78804K(82768K)->78804K(82768K) NonClass: 68571K(70576K)->68571K(70576K) Class: 10232K(12192K)->10232K(12192K)
[64.630s][info][gc             ] GC(210) Pause Young (Allocation Failure) 720M->174M(1979M) 1.647ms
[64.630s][info][gc,cpu         ] GC(210) User=0.00s Sys=0.00s Real=0.00s
[64.800s][info][gc,start       ] GC(211) Pause Young (Allocation Failure)
[64.802s][info][gc,heap        ] GC(211) DefNew: 559515K->283K(629120K)
[64.802s][info][gc,heap        ] GC(211) Tenured: 178096K->178096K(1398144K)
[64.802s][info][gc,metaspace   ] GC(211) Metaspace: 78804K(82768K)->78804K(82768K) NonClass: 68571K(70576K)->68571K(70576K) Class: 10232K(12192K)->10232K(12192K)
[64.802s][info][gc             ] GC(211) Pause Young (Allocation Failure) 720M->174M(1979M) 1.663ms
[64.802s][info][gc,cpu         ] GC(211) User=0.00s Sys=0.00s Real=0.00s
[64.976s][info][gc,start       ] GC(212) Pause Young (Allocation Failure)
[64.978s][info][gc,heap        ] GC(212) DefNew: 559515K->284K(629120K)
[64.978s][info][gc,heap        ] GC(212) Tenured: 178096K->178096K(1398144K)
[64.978s][info][gc,metaspace   ] GC(212) Metaspace: 78805K(82768K)->78805K(82768K) NonClass: 68572K(70576K)->68572K(70576K) Class: 10232K(12192K)->10232K(12192K)
[64.978s][info][gc             ] GC(212) Pause Young (Allocation Failure) 720M->174M(1979M) 1.604ms
[64.978s][info][gc,cpu         ] GC(212) User=0.00s Sys=0.00s Real=0.00s
[65.034s][info][gc,start       ] GC(213) Pause Full (System.gc())
[65.036s][info][gc,phases,start] GC(213) Phase 1: Mark live objects
[65.126s][info][gc,phases      ] GC(213) Phase 1: Mark live objects 90.110ms
[65.126s][info][gc,phases,start] GC(213) Phase 2: Compute new object addresses
[65.183s][info][gc,phases      ] GC(213) Phase 2: Compute new object addresses 57.055ms
[65.183s][info][gc,phases,start] GC(213) Phase 3: Adjust pointers
[65.241s][info][gc,phases      ] GC(213) Phase 3: Adjust pointers 57.638ms
[65.241s][info][gc,phases,start] GC(213) Phase 4: Move objects
[65.241s][info][gc,phases      ] GC(213) Phase 4: Move objects 0.036ms
[65.241s][info][gc,heap        ] GC(213) DefNew: 104949K->0K(629120K)
[65.241s][info][gc,heap        ] GC(213) Tenured: 178096K->178179K(1398144K)
[65.241s][info][gc,metaspace   ] GC(213) Metaspace: 78806K(82768K)->78806K(82768K) NonClass: 68574K(70576K)->68574K(70576K) Class: 10232K(12192K)->10232K(12192K)
[65.241s][info][gc             ] GC(213) Pause Full (System.gc()) 276M->174M(1979M) 207.104ms
[65.241s][info][gc,cpu         ] GC(213) User=0.19s Sys=0.00s Real=0.19s
[65.430s][info][gc,start       ] GC(214) Pause Young (Allocation Failure)
[65.432s][info][gc,heap        ] GC(214) DefNew: 559232K->301K(629120K)
[65.432s][info][gc,heap        ] GC(214) Tenured: 178179K->178179K(1398144K)
[65.432s][info][gc,metaspace   ] GC(214) Metaspace: 78816K(82768K)->78816K(82768K) NonClass: 68583K(70576K)->68583K(70576K) Class: 10233K(12192K)->10233K(12192K)
[65.432s][info][gc             ] GC(214) Pause Young (Allocation Failure) 720M->174M(1979M) 1.960ms
[65.432s][info][gc,cpu         ] GC(214) User=0.00s Sys=0.00s Real=0.00s
[65.597s][info][gc,start       ] GC(215) Pause Young (Allocation Failure)
[65.598s][info][gc,heap        ] GC(215) DefNew: 559533K->291K(629120K)
[65.598s][info][gc,heap        ] GC(215) Tenured: 178179K->178179K(1398144K)
[65.598s][info][gc,metaspace   ] GC(215) Metaspace: 78818K(82768K)->78818K(82768K) NonClass: 68584K(70576K)->68584K(70576K) Class: 10233K(12192K)->10233K(12192K)
[65.598s][info][gc             ] GC(215) Pause Young (Allocation Failure) 720M->174M(1979M) 1.687ms
[65.598s][info][gc,cpu         ] GC(215) User=0.00s Sys=0.00s Real=0.00s
[65.777s][info][gc,start       ] GC(216) Pause Young (Allocation Failure)
[65.778s][info][gc,heap        ] GC(216) DefNew: 559523K->291K(629120K)
[65.779s][info][gc,heap        ] GC(216) Tenured: 178179K->178179K(1398144K)
[65.779s][info][gc,metaspace   ] GC(216) Metaspace: 78818K(82768K)->78818K(82768K) NonClass: 68584K(70576K)->68584K(70576K) Class: 10233K(12192K)->10233K(12192K)
[65.779s][info][gc             ] GC(216) Pause Young (Allocation Failure) 720M->174M(1979M) 1.764ms
[65.779s][info][gc,cpu         ] GC(216) User=0.00s Sys=0.00s Real=0.00s
[65.950s][info][gc,start       ] GC(217) Pause Young (Allocation Failure)
[65.952s][info][gc,heap        ] GC(217) DefNew: 559523K->291K(629120K)
[65.952s][info][gc,heap        ] GC(217) Tenured: 178179K->178179K(1398144K)
[65.952s][info][gc,metaspace   ] GC(217) Metaspace: 78818K(82768K)->78818K(82768K) NonClass: 68584K(70576K)->68584K(70576K) Class: 10233K(12192K)->10233K(12192K)
[65.952s][info][gc             ] GC(217) Pause Young (Allocation Failure) 720M->174M(1979M) 1.662ms
[65.952s][info][gc,cpu         ] GC(217) User=0.00s Sys=0.00s Real=0.02s
[66.005s][info][gc,start       ] GC(218) Pause Full (System.gc())
[66.008s][info][gc,phases,start] GC(218) Phase 1: Mark live objects
[66.100s][info][gc,phases      ] GC(218) Phase 1: Mark live objects 91.293ms
[66.129s][info][gc,phases,start] GC(218) Phase 2: Compute new object addresses
[66.187s][info][gc,phases      ] GC(218) Phase 2: Compute new object addresses 57.481ms
[66.187s][info][gc,phases,start] GC(218) Phase 3: Adjust pointers
[66.244s][info][gc,phases      ] GC(218) Phase 3: Adjust pointers 56.937ms
[66.244s][info][gc,phases,start] GC(218) Phase 4: Move objects
[66.244s][info][gc,phases      ] GC(218) Phase 4: Move objects 0.040ms
[66.244s][info][gc,heap        ] GC(218) DefNew: 111470K->0K(629120K)
[66.244s][info][gc,heap        ] GC(218) Tenured: 178179K->178275K(1398144K)
[66.244s][info][gc,metaspace   ] GC(218) Metaspace: 78845K(83024K)->78845K(83024K) NonClass: 68612K(70832K)->68612K(70832K) Class: 10233K(12192K)->10233K(12192K)
[66.244s][info][gc             ] GC(218) Pause Full (System.gc()) 282M->174M(1979M) 239.497ms
[66.244s][info][gc,cpu         ] GC(218) User=0.20s Sys=0.00s Real=0.23s
[66.438s][info][gc,start       ] GC(219) Pause Young (Allocation Failure)
[66.439s][info][gc,heap        ] GC(219) DefNew: 559232K->293K(629120K)
[66.440s][info][gc,heap        ] GC(219) Tenured: 178275K->178275K(1398144K)
[66.440s][info][gc,metaspace   ] GC(219) Metaspace: 78889K(83024K)->78889K(83024K) NonClass: 68653K(70832K)->68653K(70832K) Class: 10235K(12192K)->10235K(12192K)
[66.440s][info][gc             ] GC(219) Pause Young (Allocation Failure) 720M->174M(1979M) 1.797ms
[66.440s][info][gc,cpu         ] GC(219) User=0.00s Sys=0.00s Real=0.02s
[66.614s][info][gc,start       ] GC(220) Pause Young (Allocation Failure)
[66.616s][info][gc,heap        ] GC(220) DefNew: 559525K->284K(629120K)
[66.616s][info][gc,heap        ] GC(220) Tenured: 178275K->178275K(1398144K)
[66.616s][info][gc,metaspace   ] GC(220) Metaspace: 78893K(83024K)->78893K(83024K) NonClass: 68657K(70832K)->68657K(70832K) Class: 10235K(12192K)->10235K(12192K)
[66.616s][info][gc             ] GC(220) Pause Young (Allocation Failure) 720M->174M(1979M) 1.609ms
[66.616s][info][gc,cpu         ] GC(220) User=0.00s Sys=0.00s Real=0.00s
[66.796s][info][gc,start       ] GC(221) Pause Young (Allocation Failure)
[66.798s][info][gc,heap        ] GC(221) DefNew: 559516K->284K(629120K)
[66.798s][info][gc,heap        ] GC(221) Tenured: 178275K->178275K(1398144K)
[66.798s][info][gc,metaspace   ] GC(221) Metaspace: 78893K(83024K)->78893K(83024K) NonClass: 68657K(70832K)->68657K(70832K) Class: 10235K(12192K)->10235K(12192K)
[66.798s][info][gc             ] GC(221) Pause Young (Allocation Failure) 720M->174M(1979M) 1.885ms
[66.798s][info][gc,cpu         ] GC(221) User=0.00s Sys=0.00s Real=0.00s
[66.992s][info][gc,start       ] GC(222) Pause Young (Allocation Failure)
[66.994s][info][gc,heap        ] GC(222) DefNew: 559516K->284K(629120K)
[66.994s][info][gc,heap        ] GC(222) Tenured: 178275K->178275K(1398144K)
[66.994s][info][gc,metaspace   ] GC(222) Metaspace: 78893K(83024K)->78893K(83024K) NonClass: 68657K(70832K)->68657K(70832K) Class: 10235K(12192K)->10235K(12192K)
[66.994s][info][gc             ] GC(222) Pause Young (Allocation Failure) 720M->174M(1979M) 1.870ms
[66.994s][info][gc,cpu         ] GC(222) User=0.00s Sys=0.00s Real=0.00s
[67.046s][info][gc,start       ] GC(223) Pause Full (System.gc())
[67.047s][info][gc,phases,start] GC(223) Phase 1: Mark live objects
[67.151s][info][gc,phases      ] GC(223) Phase 1: Mark live objects 104.163ms
[67.151s][info][gc,phases,start] GC(223) Phase 2: Compute new object addresses
[67.210s][info][gc,phases      ] GC(223) Phase 2: Compute new object addresses 58.487ms
[67.210s][info][gc,phases,start] GC(223) Phase 3: Adjust pointers
[67.266s][info][gc,phases      ] GC(223) Phase 3: Adjust pointers 56.331ms
[67.266s][info][gc,phases,start] GC(223) Phase 4: Move objects
[67.266s][info][gc,phases      ] GC(223) Phase 4: Move objects 0.033ms
[67.267s][info][gc,heap        ] GC(223) DefNew: 117008K->0K(629120K)
[67.267s][info][gc,heap        ] GC(223) Tenured: 178275K->178359K(1398144K)
[67.267s][info][gc,metaspace   ] GC(223) Metaspace: 78974K(83024K)->78974K(83024K) NonClass: 68737K(70832K)->68737K(70832K) Class: 10236K(12192K)->10236K(12192K)
[67.267s][info][gc             ] GC(223) Pause Full (System.gc()) 288M->174M(1979M) 221.381ms
[67.267s][info][gc,cpu         ] GC(223) User=0.22s Sys=0.00s Real=0.22s
[67.461s][info][gc,start       ] GC(224) Pause Young (Allocation Failure)
[67.471s][info][gc,heap        ] GC(224) DefNew: 559232K->292K(629120K)
[67.471s][info][gc,heap        ] GC(224) Tenured: 178359K->178359K(1398144K)
[67.471s][info][gc,metaspace   ] GC(224) Metaspace: 78983K(83024K)->78983K(83024K) NonClass: 68746K(70832K)->68746K(70832K) Class: 10236K(12192K)->10236K(12192K)
[67.471s][info][gc             ] GC(224) Pause Young (Allocation Failure) 720M->174M(1979M) 10.389ms
[67.471s][info][gc,cpu         ] GC(224) User=0.00s Sys=0.00s Real=0.01s
[67.650s][info][gc,start       ] GC(225) Pause Young (Allocation Failure)
[67.652s][info][gc,heap        ] GC(225) DefNew: 559524K->283K(629120K)
[67.652s][info][gc,heap        ] GC(225) Tenured: 178359K->178359K(1398144K)
[67.652s][info][gc,metaspace   ] GC(225) Metaspace: 78983K(83024K)->78983K(83024K) NonClass: 68746K(70832K)->68746K(70832K) Class: 10236K(12192K)->10236K(12192K)
[67.652s][info][gc             ] GC(225) Pause Young (Allocation Failure) 720M->174M(1979M) 2.261ms
[67.652s][info][gc,cpu         ] GC(225) User=0.00s Sys=0.00s Real=0.00s
[67.822s][info][gc,start       ] GC(226) Pause Young (Allocation Failure)
[67.824s][info][gc,heap        ] GC(226) DefNew: 559515K->283K(629120K)
[67.824s][info][gc,heap        ] GC(226) Tenured: 178359K->178359K(1398144K)
[67.824s][info][gc,metaspace   ] GC(226) Metaspace: 78983K(83024K)->78983K(83024K) NonClass: 68746K(70832K)->68746K(70832K) Class: 10236K(12192K)->10236K(12192K)
[67.824s][info][gc             ] GC(226) Pause Young (Allocation Failure) 720M->174M(1979M) 1.973ms
[67.824s][info][gc,cpu         ] GC(226) User=0.00s Sys=0.00s Real=0.00s
[67.986s][info][gc,start       ] GC(227) Pause Young (Allocation Failure)
[67.989s][info][gc,heap        ] GC(227) DefNew: 559515K->283K(629120K)
[67.989s][info][gc,heap        ] GC(227) Tenured: 178359K->178359K(1398144K)
[67.989s][info][gc,metaspace   ] GC(227) Metaspace: 78983K(83024K)->78983K(83024K) NonClass: 68746K(70832K)->68746K(70832K) Class: 10236K(12192K)->10236K(12192K)
[67.989s][info][gc             ] GC(227) Pause Young (Allocation Failure) 720M->174M(1979M) 2.199ms
[67.989s][info][gc,cpu         ] GC(227) User=0.00s Sys=0.00s Real=0.00s
[68.047s][info][gc,start       ] GC(228) Pause Full (System.gc())
[68.049s][info][gc,phases,start] GC(228) Phase 1: Mark live objects
[68.154s][info][gc,phases      ] GC(228) Phase 1: Mark live objects 105.323ms
[68.154s][info][gc,phases,start] GC(228) Phase 2: Compute new object addresses
[68.211s][info][gc,phases      ] GC(228) Phase 2: Compute new object addresses 56.680ms
[68.211s][info][gc,phases,start] GC(228) Phase 3: Adjust pointers
[68.268s][info][gc,phases      ] GC(228) Phase 3: Adjust pointers 57.253ms
[68.268s][info][gc,phases,start] GC(228) Phase 4: Move objects
[68.305s][info][gc,phases      ] GC(228) Phase 4: Move objects 36.299ms
[68.305s][info][gc,heap        ] GC(228) DefNew: 111683K->0K(629120K)
[68.305s][info][gc,heap        ] GC(228) Tenured: 178359K->178172K(1398144K)
[68.305s][info][gc,metaspace   ] GC(228) Metaspace: 78994K(83024K)->78994K(83024K) NonClass: 68757K(70832K)->68757K(70832K) Class: 10236K(12192K)->10236K(12192K)
[68.305s][info][gc             ] GC(228) Pause Full (System.gc()) 283M->173M(1979M) 258.524ms
[68.305s][info][gc,cpu         ] GC(228) User=0.27s Sys=0.00s Real=0.25s
[68.501s][info][gc,start       ] GC(229) Pause Young (Allocation Failure)
[68.503s][info][gc,heap        ] GC(229) DefNew: 559232K->292K(629120K)
[68.503s][info][gc,heap        ] GC(229) Tenured: 178172K->178172K(1398144K)
[68.503s][info][gc,metaspace   ] GC(229) Metaspace: 78995K(83024K)->78995K(83024K) NonClass: 68759K(70832K)->68759K(70832K) Class: 10235K(12192K)->10235K(12192K)
[68.503s][info][gc             ] GC(229) Pause Young (Allocation Failure) 720M->174M(1979M) 1.794ms
[68.503s][info][gc,cpu         ] GC(229) User=0.00s Sys=0.00s Real=0.00s
[68.686s][info][gc,start       ] GC(230) Pause Young (Allocation Failure)
[68.688s][info][gc,heap        ] GC(230) DefNew: 559524K->283K(629120K)
[68.688s][info][gc,heap        ] GC(230) Tenured: 178172K->178172K(1398144K)
[68.688s][info][gc,metaspace   ] GC(230) Metaspace: 78995K(83024K)->78995K(83024K) NonClass: 68759K(70832K)->68759K(70832K) Class: 10235K(12192K)->10235K(12192K)
[68.688s][info][gc             ] GC(230) Pause Young (Allocation Failure) 720M->174M(1979M) 2.050ms
[68.688s][info][gc,cpu         ] GC(230) User=0.00s Sys=0.00s Real=0.00s
[68.859s][info][gc,start       ] GC(231) Pause Young (Allocation Failure)
[68.861s][info][gc,heap        ] GC(231) DefNew: 559515K->283K(629120K)
[68.861s][info][gc,heap        ] GC(231) Tenured: 178172K->178172K(1398144K)
[68.861s][info][gc,metaspace   ] GC(231) Metaspace: 78995K(83024K)->78995K(83024K) NonClass: 68759K(70832K)->68759K(70832K) Class: 10235K(12192K)->10235K(12192K)
[68.861s][info][gc             ] GC(231) Pause Young (Allocation Failure) 720M->174M(1979M) 1.621ms
[68.861s][info][gc,cpu         ] GC(231) User=0.00s Sys=0.00s Real=0.00s
[69.044s][info][gc,start       ] GC(232) Pause Young (Allocation Failure)
[69.046s][info][gc,heap        ] GC(232) DefNew: 559515K->283K(629120K)
[69.046s][info][gc,heap        ] GC(232) Tenured: 178172K->178172K(1398144K)
[69.046s][info][gc,metaspace   ] GC(232) Metaspace: 78995K(83024K)->78995K(83024K) NonClass: 68759K(70832K)->68759K(70832K) Class: 10235K(12192K)->10235K(12192K)
[69.046s][info][gc             ] GC(232) Pause Young (Allocation Failure) 720M->174M(1979M) 2.387ms
[69.046s][info][gc,cpu         ] GC(232) User=0.00s Sys=0.00s Real=0.00s
[69.107s][info][gc,start       ] GC(233) Pause Full (System.gc())
[69.109s][info][gc,phases,start] GC(233) Phase 1: Mark live objects
[69.200s][info][gc,phases      ] GC(233) Phase 1: Mark live objects 91.343ms
[69.200s][info][gc,phases,start] GC(233) Phase 2: Compute new object addresses
[69.260s][info][gc,phases      ] GC(233) Phase 2: Compute new object addresses 59.580ms
[69.260s][info][gc,phases,start] GC(233) Phase 3: Adjust pointers
[69.316s][info][gc,phases      ] GC(233) Phase 3: Adjust pointers 55.671ms
[69.316s][info][gc,phases,start] GC(233) Phase 4: Move objects
[69.316s][info][gc,phases      ] GC(233) Phase 4: Move objects 0.032ms
[69.316s][info][gc,heap        ] GC(233) DefNew: 111856K->0K(629120K)
[69.316s][info][gc,heap        ] GC(233) Tenured: 178172K->178254K(1398144K)
[69.316s][info][gc,metaspace   ] GC(233) Metaspace: 79003K(83024K)->79003K(83024K) NonClass: 68767K(70832K)->68767K(70832K) Class: 10235K(12192K)->10235K(12192K)
[69.316s][info][gc             ] GC(233) Pause Full (System.gc()) 283M->174M(1979M) 208.940ms
[69.316s][info][gc,cpu         ] GC(233) User=0.17s Sys=0.00s Real=0.20s
[69.504s][info][gc,start       ] GC(234) Pause Young (Allocation Failure)
[69.506s][info][gc,heap        ] GC(234) DefNew: 559232K->292K(629120K)
[69.506s][info][gc,heap        ] GC(234) Tenured: 178254K->178254K(1398144K)
[69.506s][info][gc,metaspace   ] GC(234) Metaspace: 79005K(83024K)->79005K(83024K) NonClass: 68769K(70832K)->68769K(70832K) Class: 10235K(12192K)->10235K(12192K)
[69.506s][info][gc             ] GC(234) Pause Young (Allocation Failure) 720M->174M(1979M) 1.842ms
[69.506s][info][gc,cpu         ] GC(234) User=0.00s Sys=0.00s Real=0.00s
[69.680s][info][gc,start       ] GC(235) Pause Young (Allocation Failure)
[69.681s][info][gc,heap        ] GC(235) DefNew: 559524K->282K(629120K)
[69.681s][info][gc,heap        ] GC(235) Tenured: 178254K->178254K(1398144K)
[69.681s][info][gc,metaspace   ] GC(235) Metaspace: 79005K(83024K)->79005K(83024K) NonClass: 68769K(70832K)->68769K(70832K) Class: 10235K(12192K)->10235K(12192K)
[69.681s][info][gc             ] GC(235) Pause Young (Allocation Failure) 720M->174M(1979M) 1.883ms
[69.681s][info][gc,cpu         ] GC(235) User=0.00s Sys=0.00s Real=0.00s
[69.868s][info][gc,start       ] GC(236) Pause Young (Allocation Failure)
[69.869s][info][gc,heap        ] GC(236) DefNew: 559514K->282K(629120K)
[69.869s][info][gc,heap        ] GC(236) Tenured: 178254K->178254K(1398144K)
[69.869s][info][gc,metaspace   ] GC(236) Metaspace: 79005K(83024K)->79005K(83024K) NonClass: 68769K(70832K)->68769K(70832K) Class: 10235K(12192K)->10235K(12192K)
[69.869s][info][gc             ] GC(236) Pause Young (Allocation Failure) 720M->174M(1979M) 1.613ms
[69.869s][info][gc,cpu         ] GC(236) User=0.00s Sys=0.00s Real=0.00s
[70.036s][info][gc,start       ] GC(237) Pause Young (Allocation Failure)
[70.038s][info][gc,heap        ] GC(237) DefNew: 559514K->282K(629120K)
[70.038s][info][gc,heap        ] GC(237) Tenured: 178254K->178254K(1398144K)
[70.038s][info][gc,metaspace   ] GC(237) Metaspace: 79005K(83024K)->79005K(83024K) NonClass: 68769K(70832K)->68769K(70832K) Class: 10235K(12192K)->10235K(12192K)
[70.038s][info][gc             ] GC(237) Pause Young (Allocation Failure) 720M->174M(1979M) 2.022ms
[70.039s][info][gc,cpu         ] GC(237) User=0.00s Sys=0.00s Real=0.00s
[70.091s][info][gc,start       ] GC(238) Pause Full (System.gc())
[70.092s][info][gc,phases,start] GC(238) Phase 1: Mark live objects
[70.184s][info][gc,phases      ] GC(238) Phase 1: Mark live objects 91.248ms
[70.211s][info][gc,phases,start] GC(238) Phase 2: Compute new object addresses
[70.271s][info][gc,phases      ] GC(238) Phase 2: Compute new object addresses 59.881ms
[70.271s][info][gc,phases,start] GC(238) Phase 3: Adjust pointers
[70.328s][info][gc,phases      ] GC(238) Phase 3: Adjust pointers 56.596ms
[70.328s][info][gc,phases,start] GC(238) Phase 4: Move objects
[70.328s][info][gc,phases      ] GC(238) Phase 4: Move objects 0.031ms
[70.328s][info][gc,heap        ] GC(238) DefNew: 111577K->0K(629120K)
[70.328s][info][gc,heap        ] GC(238) Tenured: 178254K->178337K(1398144K)
[70.328s][info][gc,metaspace   ] GC(238) Metaspace: 79012K(83024K)->79012K(83024K) NonClass: 68776K(70832K)->68776K(70832K) Class: 10235K(12192K)->10235K(12192K)
[70.328s][info][gc             ] GC(238) Pause Full (System.gc()) 283M->174M(1979M) 237.862ms
[70.329s][info][gc,cpu         ] GC(238) User=0.17s Sys=0.00s Real=0.24s
[70.534s][info][gc,start       ] GC(239) Pause Young (Allocation Failure)
[70.536s][info][gc,heap        ] GC(239) DefNew: 559232K->293K(629120K)
[70.536s][info][gc,heap        ] GC(239) Tenured: 178337K->178337K(1398144K)
[70.536s][info][gc,metaspace   ] GC(239) Metaspace: 79063K(83024K)->79063K(83024K) NonClass: 68827K(70832K)->68827K(70832K) Class: 10235K(12192K)->10235K(12192K)
[70.536s][info][gc             ] GC(239) Pause Young (Allocation Failure) 720M->174M(1979M) 2.102ms
[70.536s][info][gc,cpu         ] GC(239) User=0.00s Sys=0.00s Real=0.02s
[70.721s][info][gc,start       ] GC(240) Pause Young (Allocation Failure)
[70.722s][info][gc,heap        ] GC(240) DefNew: 559525K->283K(629120K)
[70.722s][info][gc,heap        ] GC(240) Tenured: 178337K->178337K(1398144K)
[70.722s][info][gc,metaspace   ] GC(240) Metaspace: 79063K(83024K)->79063K(83024K) NonClass: 68827K(70832K)->68827K(70832K) Class: 10235K(12192K)->10235K(12192K)
[70.722s][info][gc             ] GC(240) Pause Young (Allocation Failure) 720M->174M(1979M) 1.703ms
[70.722s][info][gc,cpu         ] GC(240) User=0.00s Sys=0.00s Real=0.00s
[70.926s][info][gc,start       ] GC(241) Pause Young (Allocation Failure)
[70.928s][info][gc,heap        ] GC(241) DefNew: 559515K->283K(629120K)
[70.928s][info][gc,heap        ] GC(241) Tenured: 178337K->178337K(1398144K)
[70.928s][info][gc,metaspace   ] GC(241) Metaspace: 79063K(83024K)->79063K(83024K) NonClass: 68827K(70832K)->68827K(70832K) Class: 10235K(12192K)->10235K(12192K)
[70.928s][info][gc             ] GC(241) Pause Young (Allocation Failure) 720M->174M(1979M) 2.177ms
[70.928s][info][gc,cpu         ] GC(241) User=0.00s Sys=0.00s Real=0.01s
[71.101s][info][gc,start       ] GC(242) Pause Young (Allocation Failure)
[71.104s][info][gc,heap        ] GC(242) DefNew: 559515K->283K(629120K)
[71.104s][info][gc,heap        ] GC(242) Tenured: 178337K->178337K(1398144K)
[71.104s][info][gc,metaspace   ] GC(242) Metaspace: 79063K(83024K)->79063K(83024K) NonClass: 68827K(70832K)->68827K(70832K) Class: 10235K(12192K)->10235K(12192K)
[71.104s][info][gc             ] GC(242) Pause Young (Allocation Failure) 720M->174M(1979M) 2.415ms
[71.104s][info][gc,cpu         ] GC(242) User=0.00s Sys=0.00s Real=0.00s
[71.159s][info][gc,start       ] GC(243) Pause Full (System.gc())
[71.162s][info][gc,phases,start] GC(243) Phase 1: Mark live objects
[71.252s][info][gc,phases      ] GC(243) Phase 1: Mark live objects 90.177ms
[71.252s][info][gc,phases,start] GC(243) Phase 2: Compute new object addresses
[71.309s][info][gc,phases      ] GC(243) Phase 2: Compute new object addresses 57.156ms
[71.309s][info][gc,phases,start] GC(243) Phase 3: Adjust pointers
[71.365s][info][gc,phases      ] GC(243) Phase 3: Adjust pointers 56.426ms
[71.366s][info][gc,phases,start] GC(243) Phase 4: Move objects
[71.366s][info][gc,phases      ] GC(243) Phase 4: Move objects 0.032ms
[71.366s][info][gc,heap        ] GC(243) DefNew: 110515K->0K(629120K)
[71.366s][info][gc,heap        ] GC(243) Tenured: 178337K->178421K(1398144K)
[71.366s][info][gc,metaspace   ] GC(243) Metaspace: 79065K(83024K)->79065K(83024K) NonClass: 68829K(70832K)->68829K(70832K) Class: 10235K(12192K)->10235K(12192K)
[71.366s][info][gc             ] GC(243) Pause Full (System.gc()) 282M->174M(1979M) 207.166ms
[71.366s][info][gc,cpu         ] GC(243) User=0.20s Sys=0.00s Real=0.19s
[71.561s][info][gc,start       ] GC(244) Pause Young (Allocation Failure)
[71.581s][info][gc,heap        ] GC(244) DefNew: 559232K->292K(629120K)
[71.581s][info][gc,heap        ] GC(244) Tenured: 178421K->178421K(1398144K)
[71.581s][info][gc,metaspace   ] GC(244) Metaspace: 79071K(83024K)->79071K(83024K) NonClass: 68835K(70832K)->68835K(70832K) Class: 10235K(12192K)->10235K(12192K)
[71.581s][info][gc             ] GC(244) Pause Young (Allocation Failure) 720M->174M(1979M) 19.952ms
[71.581s][info][gc,cpu         ] GC(244) User=0.00s Sys=0.00s Real=0.02s
[71.762s][info][gc,start       ] GC(245) Pause Young (Allocation Failure)
[71.764s][info][gc,heap        ] GC(245) DefNew: 559524K->283K(629120K)
[71.764s][info][gc,heap        ] GC(245) Tenured: 178421K->178421K(1398144K)
[71.764s][info][gc,metaspace   ] GC(245) Metaspace: 79071K(83024K)->79071K(83024K) NonClass: 68835K(70832K)->68835K(70832K) Class: 10235K(12192K)->10235K(12192K)
[71.764s][info][gc             ] GC(245) Pause Young (Allocation Failure) 720M->174M(1979M) 1.673ms
[71.764s][info][gc,cpu         ] GC(245) User=0.00s Sys=0.00s Real=0.00s
[71.930s][info][gc,start       ] GC(246) Pause Young (Allocation Failure)
[71.932s][info][gc,heap        ] GC(246) DefNew: 559515K->283K(629120K)
[71.932s][info][gc,heap        ] GC(246) Tenured: 178421K->178421K(1398144K)
[71.932s][info][gc,metaspace   ] GC(246) Metaspace: 79071K(83024K)->79071K(83024K) NonClass: 68835K(70832K)->68835K(70832K) Class: 10235K(12192K)->10235K(12192K)
[71.932s][info][gc             ] GC(246) Pause Young (Allocation Failure) 720M->174M(1979M) 1.563ms
[71.932s][info][gc,cpu         ] GC(246) User=0.00s Sys=0.00s Real=0.00s
[72.096s][info][gc,start       ] GC(247) Pause Young (Allocation Failure)
[72.098s][info][gc,heap        ] GC(247) DefNew: 559515K->283K(629120K)
[72.098s][info][gc,heap        ] GC(247) Tenured: 178421K->178421K(1398144K)
[72.098s][info][gc,metaspace   ] GC(247) Metaspace: 79071K(83024K)->79071K(83024K) NonClass: 68835K(70832K)->68835K(70832K) Class: 10235K(12192K)->10235K(12192K)
[72.098s][info][gc             ] GC(247) Pause Young (Allocation Failure) 720M->174M(1979M) 1.951ms
[72.098s][info][gc,cpu         ] GC(247) User=0.00s Sys=0.00s Real=0.00s
[72.153s][info][gc,start       ] GC(248) Pause Full (System.gc())
[72.156s][info][gc,phases,start] GC(248) Phase 1: Mark live objects
[72.245s][info][gc,phases      ] GC(248) Phase 1: Mark live objects 89.052ms
[72.245s][info][gc,phases,start] GC(248) Phase 2: Compute new object addresses
[72.302s][info][gc,phases      ] GC(248) Phase 2: Compute new object addresses 57.177ms
[72.302s][info][gc,phases,start] GC(248) Phase 3: Adjust pointers
[72.360s][info][gc,phases      ] GC(248) Phase 3: Adjust pointers 58.236ms
[72.360s][info][gc,phases,start] GC(248) Phase 4: Move objects
[72.394s][info][gc,phases      ] GC(248) Phase 4: Move objects 34.064ms
[72.395s][info][gc,heap        ] GC(248) DefNew: 110716K->0K(629120K)
[72.395s][info][gc,heap        ] GC(248) Tenured: 178421K->178245K(1398144K)
[72.395s][info][gc,metaspace   ] GC(248) Metaspace: 79097K(83280K)->79097K(83280K) NonClass: 68861K(71088K)->68861K(71088K) Class: 10235K(12192K)->10235K(12192K)
[72.395s][info][gc             ] GC(248) Pause Full (System.gc()) 282M->174M(1979M) 241.502ms
[72.395s][info][gc,cpu         ] GC(248) User=0.22s Sys=0.00s Real=0.26s
[72.585s][info][gc,start       ] GC(249) Pause Young (Allocation Failure)
[72.588s][info][gc,heap        ] GC(249) DefNew: 559232K->293K(629120K)
[72.588s][info][gc,heap        ] GC(249) Tenured: 178245K->178245K(1398144K)
[72.588s][info][gc,metaspace   ] GC(249) Metaspace: 79130K(83280K)->79130K(83280K) NonClass: 68894K(71088K)->68894K(71088K) Class: 10235K(12192K)->10235K(12192K)
[72.588s][info][gc             ] GC(249) Pause Young (Allocation Failure) 720M->174M(1979M) 2.583ms
[72.588s][info][gc,cpu         ] GC(249) User=0.00s Sys=0.00s Real=0.00s
[72.762s][info][gc,start       ] GC(250) Pause Young (Allocation Failure)
[72.765s][info][gc,heap        ] GC(250) DefNew: 559525K->283K(629120K)
[72.765s][info][gc,heap        ] GC(250) Tenured: 178245K->178245K(1398144K)
[72.765s][info][gc,metaspace   ] GC(250) Metaspace: 79130K(83280K)->79130K(83280K) NonClass: 68894K(71088K)->68894K(71088K) Class: 10235K(12192K)->10235K(12192K)
[72.765s][info][gc             ] GC(250) Pause Young (Allocation Failure) 720M->174M(1979M) 2.697ms
[72.765s][info][gc,cpu         ] GC(250) User=0.00s Sys=0.00s Real=0.00s
[72.934s][info][gc,start       ] GC(251) Pause Young (Allocation Failure)
[72.946s][info][gc,heap        ] GC(251) DefNew: 559515K->283K(629120K)
[72.946s][info][gc,heap        ] GC(251) Tenured: 178245K->178245K(1398144K)
[72.946s][info][gc,metaspace   ] GC(251) Metaspace: 79130K(83280K)->79130K(83280K) NonClass: 68894K(71088K)->68894K(71088K) Class: 10235K(12192K)->10235K(12192K)
[72.946s][info][gc             ] GC(251) Pause Young (Allocation Failure) 720M->174M(1979M) 12.919ms
[72.947s][info][gc,cpu         ] GC(251) User=0.00s Sys=0.00s Real=0.01s
[73.115s][info][gc,start       ] GC(252) Pause Young (Allocation Failure)
[73.117s][info][gc,heap        ] GC(252) DefNew: 559515K->283K(629120K)
[73.117s][info][gc,heap        ] GC(252) Tenured: 178245K->178245K(1398144K)
[73.117s][info][gc,metaspace   ] GC(252) Metaspace: 79130K(83280K)->79130K(83280K) NonClass: 68894K(71088K)->68894K(71088K) Class: 10235K(12192K)->10235K(12192K)
[73.117s][info][gc             ] GC(252) Pause Young (Allocation Failure) 720M->174M(1979M) 1.616ms
[73.117s][info][gc,cpu         ] GC(252) User=0.00s Sys=0.00s Real=0.00s
[73.172s][info][gc,start       ] GC(253) Pause Full (System.gc())
[73.174s][info][gc,phases,start] GC(253) Phase 1: Mark live objects
[73.266s][info][gc,phases      ] GC(253) Phase 1: Mark live objects 91.868ms
[73.266s][info][gc,phases,start] GC(253) Phase 2: Compute new object addresses
[73.322s][info][gc,phases      ] GC(253) Phase 2: Compute new object addresses 56.213ms
[73.322s][info][gc,phases,start] GC(253) Phase 3: Adjust pointers
[73.379s][info][gc,phases      ] GC(253) Phase 3: Adjust pointers 56.575ms
[73.379s][info][gc,phases,start] GC(253) Phase 4: Move objects
[73.379s][info][gc,phases      ] GC(253) Phase 4: Move objects 0.032ms
[73.379s][info][gc,heap        ] GC(253) DefNew: 104978K->0K(629120K)
[73.379s][info][gc,heap        ] GC(253) Tenured: 178245K->178328K(1398144K)
[73.379s][info][gc,metaspace   ] GC(253) Metaspace: 79136K(83280K)->79136K(83280K) NonClass: 68900K(71088K)->68900K(71088K) Class: 10235K(12192K)->10235K(12192K)
[73.379s][info][gc             ] GC(253) Pause Full (System.gc()) 276M->174M(1979M) 207.167ms
[73.379s][info][gc,cpu         ] GC(253) User=0.16s Sys=0.03s Real=0.22s
[73.565s][info][gc,start       ] GC(254) Pause Young (Allocation Failure)
[73.567s][info][gc,heap        ] GC(254) DefNew: 559232K->291K(629120K)
[73.567s][info][gc,heap        ] GC(254) Tenured: 178328K->178328K(1398144K)
[73.567s][info][gc,metaspace   ] GC(254) Metaspace: 79141K(83280K)->79141K(83280K) NonClass: 68905K(71088K)->68905K(71088K) Class: 10235K(12192K)->10235K(12192K)
[73.567s][info][gc             ] GC(254) Pause Young (Allocation Failure) 720M->174M(1979M) 2.266ms
[73.567s][info][gc,cpu         ] GC(254) User=0.02s Sys=0.00s Real=0.02s
[73.739s][info][gc,start       ] GC(255) Pause Young (Allocation Failure)
[73.741s][info][gc,heap        ] GC(255) DefNew: 559523K->282K(629120K)
[73.741s][info][gc,heap        ] GC(255) Tenured: 178328K->178328K(1398144K)
[73.741s][info][gc,metaspace   ] GC(255) Metaspace: 79141K(83280K)->79141K(83280K) NonClass: 68905K(71088K)->68905K(71088K) Class: 10235K(12192K)->10235K(12192K)
[73.741s][info][gc             ] GC(255) Pause Young (Allocation Failure) 720M->174M(1979M) 2.350ms
[73.741s][info][gc,cpu         ] GC(255) User=0.00s Sys=0.00s Real=0.00s
[73.922s][info][gc,start       ] GC(256) Pause Young (Allocation Failure)
[73.924s][info][gc,heap        ] GC(256) DefNew: 559514K->282K(629120K)
[73.924s][info][gc,heap        ] GC(256) Tenured: 178328K->178328K(1398144K)
[73.924s][info][gc,metaspace   ] GC(256) Metaspace: 79141K(83280K)->79141K(83280K) NonClass: 68905K(71088K)->68905K(71088K) Class: 10235K(12192K)->10235K(12192K)
[73.924s][info][gc             ] GC(256) Pause Young (Allocation Failure) 720M->174M(1979M) 1.579ms
[73.924s][info][gc,cpu         ] GC(256) User=0.00s Sys=0.00s Real=0.00s
[74.090s][info][gc,start       ] GC(257) Pause Young (Allocation Failure)
[74.091s][info][gc,heap        ] GC(257) DefNew: 559514K->282K(629120K)
[74.091s][info][gc,heap        ] GC(257) Tenured: 178328K->178328K(1398144K)
[74.091s][info][gc,metaspace   ] GC(257) Metaspace: 79141K(83280K)->79141K(83280K) NonClass: 68905K(71088K)->68905K(71088K) Class: 10235K(12192K)->10235K(12192K)
[74.091s][info][gc             ] GC(257) Pause Young (Allocation Failure) 720M->174M(1979M) 1.617ms
[74.092s][info][gc,cpu         ] GC(257) User=0.00s Sys=0.00s Real=0.00s
[74.150s][info][gc,start       ] GC(258) Pause Full (System.gc())
[74.152s][info][gc,phases,start] GC(258) Phase 1: Mark live objects
[74.244s][info][gc,phases      ] GC(258) Phase 1: Mark live objects 92.675ms
[74.244s][info][gc,phases,start] GC(258) Phase 2: Compute new object addresses
[74.301s][info][gc,phases      ] GC(258) Phase 2: Compute new object addresses 56.667ms
[74.310s][info][gc,phases,start] GC(258) Phase 3: Adjust pointers
[74.366s][info][gc,phases      ] GC(258) Phase 3: Adjust pointers 56.921ms
[74.367s][info][gc,phases,start] GC(258) Phase 4: Move objects
[74.367s][info][gc,phases      ] GC(258) Phase 4: Move objects 0.142ms
[74.367s][info][gc,heap        ] GC(258) DefNew: 107047K->0K(629120K)
[74.367s][info][gc,heap        ] GC(258) Tenured: 178328K->178410K(1398144K)
[74.367s][info][gc,metaspace   ] GC(258) Metaspace: 79149K(83280K)->79149K(83280K) NonClass: 68913K(71088K)->68913K(71088K) Class: 10235K(12192K)->10235K(12192K)
[74.367s][info][gc             ] GC(258) Pause Full (System.gc()) 278M->174M(1979M) 217.611ms
[74.367s][info][gc,cpu         ] GC(258) User=0.19s Sys=0.00s Real=0.22s
[74.560s][info][gc,start       ] GC(259) Pause Young (Allocation Failure)
[74.562s][info][gc,heap        ] GC(259) DefNew: 559232K->292K(629120K)
[74.562s][info][gc,heap        ] GC(259) Tenured: 178410K->178410K(1398144K)
[74.562s][info][gc,metaspace   ] GC(259) Metaspace: 79166K(83280K)->79166K(83280K) NonClass: 68930K(71088K)->68930K(71088K) Class: 10235K(12192K)->10235K(12192K)
[74.562s][info][gc             ] GC(259) Pause Young (Allocation Failure) 720M->174M(1979M) 2.220ms
[74.562s][info][gc,cpu         ] GC(259) User=0.00s Sys=0.00s Real=0.00s
[74.739s][info][gc,start       ] GC(260) Pause Young (Allocation Failure)
[74.741s][info][gc,heap        ] GC(260) DefNew: 559524K->282K(629120K)
[74.741s][info][gc,heap        ] GC(260) Tenured: 178410K->178410K(1398144K)
[74.741s][info][gc,metaspace   ] GC(260) Metaspace: 79166K(83280K)->79166K(83280K) NonClass: 68930K(71088K)->68930K(71088K) Class: 10235K(12192K)->10235K(12192K)
[74.741s][info][gc             ] GC(260) Pause Young (Allocation Failure) 720M->174M(1979M) 2.022ms
[74.741s][info][gc,cpu         ] GC(260) User=0.00s Sys=0.00s Real=0.00s
[74.939s][info][gc,start       ] GC(261) Pause Young (Allocation Failure)
[74.941s][info][gc,heap        ] GC(261) DefNew: 559514K->284K(629120K)
[74.941s][info][gc,heap        ] GC(261) Tenured: 178410K->178410K(1398144K)
[74.941s][info][gc,metaspace   ] GC(261) Metaspace: 79167K(83280K)->79167K(83280K) NonClass: 68931K(71088K)->68931K(71088K) Class: 10235K(12192K)->10235K(12192K)
[74.941s][info][gc             ] GC(261) Pause Young (Allocation Failure) 720M->174M(1979M) 1.714ms
[74.941s][info][gc,cpu         ] GC(261) User=0.00s Sys=0.00s Real=0.00s
[75.098s][info][gc,start       ] GC(262) Pause Young (Allocation Failure)
[75.100s][info][gc,heap        ] GC(262) DefNew: 559516K->284K(629120K)
[75.100s][info][gc,heap        ] GC(262) Tenured: 178410K->178410K(1398144K)
[75.100s][info][gc,metaspace   ] GC(262) Metaspace: 79167K(83280K)->79167K(83280K) NonClass: 68931K(71088K)->68931K(71088K) Class: 10235K(12192K)->10235K(12192K)
[75.100s][info][gc             ] GC(262) Pause Young (Allocation Failure) 720M->174M(1979M) 2.316ms
[75.100s][info][gc,cpu         ] GC(262) User=0.00s Sys=0.00s Real=0.00s
[75.150s][info][gc,start       ] GC(263) Pause Full (System.gc())
[75.152s][info][gc,phases,start] GC(263) Phase 1: Mark live objects
[75.240s][info][gc,phases      ] GC(263) Phase 1: Mark live objects 88.795ms
[75.240s][info][gc,phases,start] GC(263) Phase 2: Compute new object addresses
[75.297s][info][gc,phases      ] GC(263) Phase 2: Compute new object addresses 56.028ms
[75.297s][info][gc,phases,start] GC(263) Phase 3: Adjust pointers
[75.354s][info][gc,phases      ] GC(263) Phase 3: Adjust pointers 57.310ms
[75.354s][info][gc,phases,start] GC(263) Phase 4: Move objects
[75.354s][info][gc,phases      ] GC(263) Phase 4: Move objects 0.031ms
[75.355s][info][gc,heap        ] GC(263) DefNew: 112340K->0K(629120K)
[75.355s][info][gc,heap        ] GC(263) Tenured: 178410K->178494K(1398144K)
[75.355s][info][gc,metaspace   ] GC(263) Metaspace: 79193K(83280K)->79193K(83280K) NonClass: 68957K(71088K)->68957K(71088K) Class: 10235K(12192K)->10235K(12192K)
[75.355s][info][gc             ] GC(263) Pause Full (System.gc()) 283M->174M(1979M) 204.633ms
[75.355s][info][gc,cpu         ] GC(263) User=0.17s Sys=0.00s Real=0.22s
[75.546s][info][gc,start       ] GC(264) Pause Young (Allocation Failure)
[75.549s][info][gc,heap        ] GC(264) DefNew: 559232K->293K(629120K)
[75.549s][info][gc,heap        ] GC(264) Tenured: 178494K->178494K(1398144K)
[75.549s][info][gc,metaspace   ] GC(264) Metaspace: 79235K(83280K)->79235K(83280K) NonClass: 68999K(71088K)->68999K(71088K) Class: 10236K(12192K)->10236K(12192K)
[75.549s][info][gc             ] GC(264) Pause Young (Allocation Failure) 720M->174M(1979M) 2.227ms
[75.549s][info][gc,cpu         ] GC(264) User=0.00s Sys=0.00s Real=0.00s
[75.719s][info][gc,start       ] GC(265) Pause Young (Allocation Failure)
[75.721s][info][gc,heap        ] GC(265) DefNew: 559525K->283K(629120K)
[75.721s][info][gc,heap        ] GC(265) Tenured: 178494K->178494K(1398144K)
[75.721s][info][gc,metaspace   ] GC(265) Metaspace: 79238K(83280K)->79238K(83280K) NonClass: 69001K(71088K)->69001K(71088K) Class: 10236K(12192K)->10236K(12192K)
[75.721s][info][gc             ] GC(265) Pause Young (Allocation Failure) 720M->174M(1979M) 2.339ms
[75.721s][info][gc,cpu         ] GC(265) User=0.00s Sys=0.00s Real=0.00s
[75.895s][info][gc,start       ] GC(266) Pause Young (Allocation Failure)
[75.897s][info][gc,heap        ] GC(266) DefNew: 559515K->283K(629120K)
[75.897s][info][gc,heap        ] GC(266) Tenured: 178494K->178494K(1398144K)
[75.897s][info][gc,metaspace   ] GC(266) Metaspace: 79238K(83280K)->79238K(83280K) NonClass: 69001K(71088K)->69001K(71088K) Class: 10236K(12192K)->10236K(12192K)
[75.897s][info][gc             ] GC(266) Pause Young (Allocation Failure) 720M->174M(1979M) 1.629ms
[75.897s][info][gc,cpu         ] GC(266) User=0.00s Sys=0.00s Real=0.00s
[76.062s][info][gc,start       ] GC(267) Pause Young (Allocation Failure)
[76.064s][info][gc,heap        ] GC(267) DefNew: 559515K->283K(629120K)
[76.064s][info][gc,heap        ] GC(267) Tenured: 178494K->178494K(1398144K)
[76.064s][info][gc,metaspace   ] GC(267) Metaspace: 79238K(83280K)->79238K(83280K) NonClass: 69001K(71088K)->69001K(71088K) Class: 10236K(12192K)->10236K(12192K)
[76.064s][info][gc             ] GC(267) Pause Young (Allocation Failure) 720M->174M(1979M) 1.689ms
[76.064s][info][gc,cpu         ] GC(267) User=0.00s Sys=0.00s Real=0.00s
[76.113s][info][gc,start       ] GC(268) Pause Full (System.gc())
[76.116s][info][gc,phases,start] GC(268) Phase 1: Mark live objects
[76.204s][info][gc,phases      ] GC(268) Phase 1: Mark live objects 88.652ms
[76.204s][info][gc,phases,start] GC(268) Phase 2: Compute new object addresses
[76.261s][info][gc,phases      ] GC(268) Phase 2: Compute new object addresses 57.038ms
[76.261s][info][gc,phases,start] GC(268) Phase 3: Adjust pointers
[76.316s][info][gc,phases      ] GC(268) Phase 3: Adjust pointers 55.039ms
[76.317s][info][gc,phases,start] GC(268) Phase 4: Move objects
[76.352s][info][gc,phases      ] GC(268) Phase 4: Move objects 35.127ms
[76.352s][info][gc,heap        ] GC(268) DefNew: 116630K->0K(629120K)
[76.352s][info][gc,heap        ] GC(268) Tenured: 178494K->178307K(1398144K)
[76.352s][info][gc,metaspace   ] GC(268) Metaspace: 79269K(83280K)->79269K(83280K) NonClass: 69033K(71088K)->69033K(71088K) Class: 10236K(12192K)->10236K(12192K)
[76.352s][info][gc             ] GC(268) Pause Full (System.gc()) 288M->174M(1979M) 239.756ms
[76.352s][info][gc,cpu         ] GC(268) User=0.12s Sys=0.00s Real=0.24s
[76.523s][info][gc,start       ] GC(269) Pause Young (Allocation Failure)
[76.525s][info][gc,heap        ] GC(269) DefNew: 559232K->292K(629120K)
[76.525s][info][gc,heap        ] GC(269) Tenured: 178307K->178307K(1398144K)
[76.525s][info][gc,metaspace   ] GC(269) Metaspace: 79293K(83536K)->79293K(83536K) NonClass: 69057K(71344K)->69057K(71344K) Class: 10236K(12192K)->10236K(12192K)
[76.525s][info][gc             ] GC(269) Pause Young (Allocation Failure) 720M->174M(1979M) 2.268ms
[76.525s][info][gc,cpu         ] GC(269) User=0.00s Sys=0.00s Real=0.00s
[76.674s][info][gc,start       ] GC(270) Pause Young (Allocation Failure)
[76.676s][info][gc,heap        ] GC(270) DefNew: 559524K->282K(629120K)
[76.676s][info][gc,heap        ] GC(270) Tenured: 178307K->178307K(1398144K)
[76.676s][info][gc,metaspace   ] GC(270) Metaspace: 79293K(83536K)->79293K(83536K) NonClass: 69057K(71344K)->69057K(71344K) Class: 10236K(12192K)->10236K(12192K)
[76.676s][info][gc             ] GC(270) Pause Young (Allocation Failure) 720M->174M(1979M) 1.747ms
[76.676s][info][gc,cpu         ] GC(270) User=0.02s Sys=0.00s Real=0.00s
[76.860s][info][gc,start       ] GC(271) Pause Young (Allocation Failure)
[76.862s][info][gc,heap        ] GC(271) DefNew: 559514K->282K(629120K)
[76.862s][info][gc,heap        ] GC(271) Tenured: 178307K->178307K(1398144K)
[76.862s][info][gc,metaspace   ] GC(271) Metaspace: 79293K(83536K)->79293K(83536K) NonClass: 69057K(71344K)->69057K(71344K) Class: 10236K(12192K)->10236K(12192K)
[76.862s][info][gc             ] GC(271) Pause Young (Allocation Failure) 720M->174M(1979M) 1.750ms
[76.862s][info][gc,cpu         ] GC(271) User=0.00s Sys=0.00s Real=0.02s
[77.045s][info][gc,start       ] GC(272) Pause Young (Allocation Failure)
[77.047s][info][gc,heap        ] GC(272) DefNew: 559514K->282K(629120K)
[77.047s][info][gc,heap        ] GC(272) Tenured: 178307K->178307K(1398144K)
[77.047s][info][gc,metaspace   ] GC(272) Metaspace: 79293K(83536K)->79293K(83536K) NonClass: 69057K(71344K)->69057K(71344K) Class: 10236K(12192K)->10236K(12192K)
[77.047s][info][gc             ] GC(272) Pause Young (Allocation Failure) 720M->174M(1979M) 1.619ms
[77.047s][info][gc,cpu         ] GC(272) User=0.00s Sys=0.00s Real=0.00s
[77.101s][info][gc,start       ] GC(273) Pause Full (System.gc())
[77.103s][info][gc,phases,start] GC(273) Phase 1: Mark live objects
[77.194s][info][gc,phases      ] GC(273) Phase 1: Mark live objects 91.663ms
[77.195s][info][gc,phases,start] GC(273) Phase 2: Compute new object addresses
[77.251s][info][gc,phases      ] GC(273) Phase 2: Compute new object addresses 56.458ms
[77.251s][info][gc,phases,start] GC(273) Phase 3: Adjust pointers
[77.306s][info][gc,phases      ] GC(273) Phase 3: Adjust pointers 55.132ms
[77.306s][info][gc,phases,start] GC(273) Phase 4: Move objects
[77.306s][info][gc,phases      ] GC(273) Phase 4: Move objects 0.030ms
[77.307s][info][gc,heap        ] GC(273) DefNew: 106048K->0K(629120K)
[77.307s][info][gc,heap        ] GC(273) Tenured: 178307K->178390K(1398144K)
[77.307s][info][gc,metaspace   ] GC(273) Metaspace: 79314K(83536K)->79314K(83536K) NonClass: 69077K(71344K)->69077K(71344K) Class: 10236K(12192K)->10236K(12192K)
[77.307s][info][gc             ] GC(273) Pause Full (System.gc()) 277M->174M(1979M) 205.774ms
[77.307s][info][gc,cpu         ] GC(273) User=0.19s Sys=0.00s Real=0.21s
[77.493s][info][gc,start       ] GC(274) Pause Young (Allocation Failure)
[77.495s][info][gc,heap        ] GC(274) DefNew: 559232K->292K(629120K)
[77.495s][info][gc,heap        ] GC(274) Tenured: 178390K->178390K(1398144K)
[77.495s][info][gc,metaspace   ] GC(274) Metaspace: 79330K(83536K)->79330K(83536K) NonClass: 69094K(71344K)->69094K(71344K) Class: 10236K(12192K)->10236K(12192K)
[77.495s][info][gc             ] GC(274) Pause Young (Allocation Failure) 720M->174M(1979M) 2.151ms
[77.495s][info][gc,cpu         ] GC(274) User=0.00s Sys=0.00s Real=0.00s
[77.662s][info][gc,start       ] GC(275) Pause Young (Allocation Failure)
[77.664s][info][gc,heap        ] GC(275) DefNew: 559524K->282K(629120K)
[77.664s][info][gc,heap        ] GC(275) Tenured: 178390K->178390K(1398144K)
[77.664s][info][gc,metaspace   ] GC(275) Metaspace: 79330K(83536K)->79330K(83536K) NonClass: 69094K(71344K)->69094K(71344K) Class: 10236K(12192K)->10236K(12192K)
[77.664s][info][gc             ] GC(275) Pause Young (Allocation Failure) 720M->174M(1979M) 1.676ms
[77.664s][info][gc,cpu         ] GC(275) User=0.00s Sys=0.00s Real=0.00s
[77.858s][info][gc,start       ] GC(276) Pause Young (Allocation Failure)
[77.860s][info][gc,heap        ] GC(276) DefNew: 559514K->282K(629120K)
[77.860s][info][gc,heap        ] GC(276) Tenured: 178390K->178390K(1398144K)
[77.860s][info][gc,metaspace   ] GC(276) Metaspace: 79330K(83536K)->79330K(83536K) NonClass: 69094K(71344K)->69094K(71344K) Class: 10236K(12192K)->10236K(12192K)
[77.860s][info][gc             ] GC(276) Pause Young (Allocation Failure) 720M->174M(1979M) 2.023ms
[77.860s][info][gc,cpu         ] GC(276) User=0.00s Sys=0.00s Real=0.00s
[78.046s][info][gc,start       ] GC(277) Pause Young (Allocation Failure)
[78.047s][info][gc,heap        ] GC(277) DefNew: 559514K->282K(629120K)
[78.047s][info][gc,heap        ] GC(277) Tenured: 178390K->178390K(1398144K)
[78.047s][info][gc,metaspace   ] GC(277) Metaspace: 79330K(83536K)->79330K(83536K) NonClass: 69094K(71344K)->69094K(71344K) Class: 10236K(12192K)->10236K(12192K)
[78.047s][info][gc             ] GC(277) Pause Young (Allocation Failure) 720M->174M(1979M) 1.622ms
[78.048s][info][gc,cpu         ] GC(277) User=0.00s Sys=0.00s Real=0.00s
[78.108s][info][gc,start       ] GC(278) Pause Full (System.gc())
[78.110s][info][gc,phases,start] GC(278) Phase 1: Mark live objects
[78.201s][info][gc,phases      ] GC(278) Phase 1: Mark live objects 90.952ms
[78.201s][info][gc,phases,start] GC(278) Phase 2: Compute new object addresses
[78.256s][info][gc,phases      ] GC(278) Phase 2: Compute new object addresses 55.292ms
[78.256s][info][gc,phases,start] GC(278) Phase 3: Adjust pointers
[78.311s][info][gc,phases      ] GC(278) Phase 3: Adjust pointers 54.771ms
[78.311s][info][gc,phases,start] GC(278) Phase 4: Move objects
[78.311s][info][gc,phases      ] GC(278) Phase 4: Move objects 0.030ms
[78.311s][info][gc,heap        ] GC(278) DefNew: 116024K->0K(629120K)
[78.311s][info][gc,heap        ] GC(278) Tenured: 178390K->178472K(1398144K)
[78.311s][info][gc,metaspace   ] GC(278) Metaspace: 79344K(83536K)->79344K(83536K) NonClass: 69108K(71344K)->69108K(71344K) Class: 10236K(12192K)->10236K(12192K)
[78.311s][info][gc             ] GC(278) Pause Full (System.gc()) 287M->174M(1979M) 203.288ms
[78.311s][info][gc,cpu         ] GC(278) User=0.20s Sys=0.00s Real=0.20s
[78.501s][info][gc,start       ] GC(279) Pause Young (Allocation Failure)
[78.504s][info][gc,heap        ] GC(279) DefNew: 559232K->292K(629120K)
[78.504s][info][gc,heap        ] GC(279) Tenured: 178472K->178472K(1398144K)
[78.504s][info][gc,metaspace   ] GC(279) Metaspace: 79358K(83536K)->79358K(83536K) NonClass: 69122K(71344K)->69122K(71344K) Class: 10236K(12192K)->10236K(12192K)
[78.504s][info][gc             ] GC(279) Pause Young (Allocation Failure) 720M->174M(1979M) 2.644ms
[78.504s][info][gc,cpu         ] GC(279) User=0.00s Sys=0.00s Real=0.00s
[78.688s][info][gc,start       ] GC(280) Pause Young (Allocation Failure)
[78.689s][info][gc,heap        ] GC(280) DefNew: 559524K->283K(629120K)
[78.689s][info][gc,heap        ] GC(280) Tenured: 178472K->178472K(1398144K)
[78.689s][info][gc,metaspace   ] GC(280) Metaspace: 79358K(83536K)->79358K(83536K) NonClass: 69122K(71344K)->69122K(71344K) Class: 10236K(12192K)->10236K(12192K)
[78.689s][info][gc             ] GC(280) Pause Young (Allocation Failure) 720M->174M(1979M) 1.703ms
[78.689s][info][gc,cpu         ] GC(280) User=0.00s Sys=0.00s Real=0.00s
[78.932s][info][gc,start       ] GC(281) Pause Young (Allocation Failure)
[78.934s][info][gc,heap        ] GC(281) DefNew: 559515K->283K(629120K)
[78.934s][info][gc,heap        ] GC(281) Tenured: 178472K->178472K(1398144K)
[78.934s][info][gc,metaspace   ] GC(281) Metaspace: 79358K(83536K)->79358K(83536K) NonClass: 69122K(71344K)->69122K(71344K) Class: 10236K(12192K)->10236K(12192K)
[78.934s][info][gc             ] GC(281) Pause Young (Allocation Failure) 720M->174M(1979M) 2.022ms
[78.934s][info][gc,cpu         ] GC(281) User=0.00s Sys=0.00s Real=0.02s
[79.162s][info][gc,start       ] GC(282) Pause Young (Allocation Failure)
[79.164s][info][gc,heap        ] GC(282) DefNew: 559515K->283K(629120K)
[79.164s][info][gc,heap        ] GC(282) Tenured: 178472K->178472K(1398144K)
[79.164s][info][gc,metaspace   ] GC(282) Metaspace: 79358K(83536K)->79358K(83536K) NonClass: 69122K(71344K)->69122K(71344K) Class: 10236K(12192K)->10236K(12192K)
[79.164s][info][gc             ] GC(282) Pause Young (Allocation Failure) 720M->174M(1979M) 2.068ms
[79.164s][info][gc,cpu         ] GC(282) User=0.00s Sys=0.00s Real=0.00s
[79.213s][info][gc,start       ] GC(283) Pause Full (System.gc())
[79.215s][info][gc,phases,start] GC(283) Phase 1: Mark live objects
[79.307s][info][gc,phases      ] GC(283) Phase 1: Mark live objects 91.106ms
[79.307s][info][gc,phases,start] GC(283) Phase 2: Compute new object addresses
[79.362s][info][gc,phases      ] GC(283) Phase 2: Compute new object addresses 55.557ms
[79.362s][info][gc,phases,start] GC(283) Phase 3: Adjust pointers
[79.418s][info][gc,phases      ] GC(283) Phase 3: Adjust pointers 55.883ms
[79.418s][info][gc,phases,start] GC(283) Phase 4: Move objects
[79.418s][info][gc,phases      ] GC(283) Phase 4: Move objects 0.031ms
[79.418s][info][gc,heap        ] GC(283) DefNew: 112659K->0K(629120K)
[79.419s][info][gc,heap        ] GC(283) Tenured: 178472K->178556K(1398144K)
[79.419s][info][gc,metaspace   ] GC(283) Metaspace: 79365K(83536K)->79365K(83536K) NonClass: 69129K(71344K)->69129K(71344K) Class: 10236K(12192K)->10236K(12192K)
[79.419s][info][gc             ] GC(283) Pause Full (System.gc()) 284M->174M(1979M) 205.151ms
[79.419s][info][gc,cpu         ] GC(283) User=0.20s Sys=0.00s Real=0.20s
[79.612s][info][gc,start       ] GC(284) Pause Young (Allocation Failure)
[79.614s][info][gc,heap        ] GC(284) DefNew: 559232K->292K(629120K)
[79.614s][info][gc,heap        ] GC(284) Tenured: 178556K->178556K(1398144K)
[79.614s][info][gc,metaspace   ] GC(284) Metaspace: 79380K(83536K)->79380K(83536K) NonClass: 69144K(71344K)->69144K(71344K) Class: 10236K(12192K)->10236K(12192K)
[79.614s][info][gc             ] GC(284) Pause Young (Allocation Failure) 720M->174M(1979M) 1.825ms
[79.614s][info][gc,cpu         ] GC(284) User=0.00s Sys=0.00s Real=0.00s
[79.801s][info][gc,start       ] GC(285) Pause Young (Allocation Failure)
[79.803s][info][gc,heap        ] GC(285) DefNew: 559524K->282K(629120K)
[79.803s][info][gc,heap        ] GC(285) Tenured: 178556K->178556K(1398144K)
[79.803s][info][gc,metaspace   ] GC(285) Metaspace: 79380K(83536K)->79380K(83536K) NonClass: 69144K(71344K)->69144K(71344K) Class: 10236K(12192K)->10236K(12192K)
[79.803s][info][gc             ] GC(285) Pause Young (Allocation Failure) 720M->174M(1979M) 2.142ms
[79.803s][info][gc,cpu         ] GC(285) User=0.00s Sys=0.00s Real=0.00s
[80.011s][info][gc,start       ] GC(286) Pause Young (Allocation Failure)
[80.013s][info][gc,heap        ] GC(286) DefNew: 559514K->282K(629120K)
[80.013s][info][gc,heap        ] GC(286) Tenured: 178556K->178556K(1398144K)
[80.013s][info][gc,metaspace   ] GC(286) Metaspace: 79380K(83536K)->79380K(83536K) NonClass: 69144K(71344K)->69144K(71344K) Class: 10236K(12192K)->10236K(12192K)
[80.013s][info][gc             ] GC(286) Pause Young (Allocation Failure) 720M->174M(1979M) 1.581ms
[80.013s][info][gc,cpu         ] GC(286) User=0.00s Sys=0.00s Real=0.00s
[80.190s][info][gc,start       ] GC(287) Pause Young (Allocation Failure)
[80.191s][info][gc,heap        ] GC(287) DefNew: 559514K->282K(629120K)
[80.191s][info][gc,heap        ] GC(287) Tenured: 178556K->178556K(1398144K)
[80.191s][info][gc,metaspace   ] GC(287) Metaspace: 79380K(83536K)->79380K(83536K) NonClass: 69144K(71344K)->69144K(71344K) Class: 10236K(12192K)->10236K(12192K)
[80.191s][info][gc             ] GC(287) Pause Young (Allocation Failure) 720M->174M(1979M) 1.591ms
[80.191s][info][gc,cpu         ] GC(287) User=0.00s Sys=0.00s Real=0.00s
[80.249s][info][gc,start       ] GC(288) Pause Full (System.gc())
[80.251s][info][gc,phases,start] GC(288) Phase 1: Mark live objects
[80.344s][info][gc,phases      ] GC(288) Phase 1: Mark live objects 93.076ms
[80.344s][info][gc,phases,start] GC(288) Phase 2: Compute new object addresses
[80.400s][info][gc,phases      ] GC(288) Phase 2: Compute new object addresses 55.681ms
[80.400s][info][gc,phases,start] GC(288) Phase 3: Adjust pointers
[80.456s][info][gc,phases      ] GC(288) Phase 3: Adjust pointers 55.937ms
[80.456s][info][gc,phases,start] GC(288) Phase 4: Move objects
[80.491s][info][gc,phases      ] GC(288) Phase 4: Move objects 34.903ms
[80.491s][info][gc,heap        ] GC(288) DefNew: 110193K->0K(629120K)
[80.491s][info][gc,heap        ] GC(288) Tenured: 178556K->178379K(1398144K)
[80.491s][info][gc,metaspace   ] GC(288) Metaspace: 79386K(83536K)->79386K(83536K) NonClass: 69150K(71344K)->69150K(71344K) Class: 10236K(12192K)->10236K(12192K)
[80.491s][info][gc             ] GC(288) Pause Full (System.gc()) 281M->174M(1979M) 242.417ms
[80.491s][info][gc,cpu         ] GC(288) User=0.23s Sys=0.00s Real=0.25s
[80.684s][info][gc,start       ] GC(289) Pause Young (Allocation Failure)
[80.686s][info][gc,heap        ] GC(289) DefNew: 559232K->292K(629120K)
[80.686s][info][gc,heap        ] GC(289) Tenured: 178379K->178379K(1398144K)
[80.686s][info][gc,metaspace   ] GC(289) Metaspace: 79394K(83536K)->79394K(83536K) NonClass: 69158K(71344K)->69158K(71344K) Class: 10236K(12192K)->10236K(12192K)
[80.686s][info][gc             ] GC(289) Pause Young (Allocation Failure) 720M->174M(1979M) 2.581ms
[80.686s][info][gc,cpu         ] GC(289) User=0.00s Sys=0.00s Real=0.00s
[80.881s][info][gc,start       ] GC(290) Pause Young (Allocation Failure)
[80.883s][info][gc,heap        ] GC(290) DefNew: 559524K->283K(629120K)
[80.883s][info][gc,heap        ] GC(290) Tenured: 178379K->178379K(1398144K)
[80.883s][info][gc,metaspace   ] GC(290) Metaspace: 79394K(83536K)->79394K(83536K) NonClass: 69158K(71344K)->69158K(71344K) Class: 10236K(12192K)->10236K(12192K)
[80.883s][info][gc             ] GC(290) Pause Young (Allocation Failure) 720M->174M(1979M) 1.789ms
[80.883s][info][gc,cpu         ] GC(290) User=0.00s Sys=0.00s Real=0.00s
[81.090s][info][gc,start       ] GC(291) Pause Young (Allocation Failure)
[81.103s][info][gc,heap        ] GC(291) DefNew: 559515K->283K(629120K)
[81.103s][info][gc,heap        ] GC(291) Tenured: 178379K->178379K(1398144K)
[81.103s][info][gc,metaspace   ] GC(291) Metaspace: 79394K(83536K)->79394K(83536K) NonClass: 69158K(71344K)->69158K(71344K) Class: 10236K(12192K)->10236K(12192K)
[81.103s][info][gc             ] GC(291) Pause Young (Allocation Failure) 720M->174M(1979M) 12.824ms
[81.103s][info][gc,cpu         ] GC(291) User=0.00s Sys=0.00s Real=0.01s
[81.274s][info][gc,start       ] GC(292) Pause Young (Allocation Failure)
[81.275s][info][gc,heap        ] GC(292) DefNew: 559515K->283K(629120K)
[81.275s][info][gc,heap        ] GC(292) Tenured: 178379K->178379K(1398144K)
[81.275s][info][gc,metaspace   ] GC(292) Metaspace: 79394K(83536K)->79394K(83536K) NonClass: 69158K(71344K)->69158K(71344K) Class: 10236K(12192K)->10236K(12192K)
[81.276s][info][gc             ] GC(292) Pause Young (Allocation Failure) 720M->174M(1979M) 1.597ms
[81.276s][info][gc,cpu         ] GC(292) User=0.00s Sys=0.00s Real=0.00s
[81.332s][info][gc,start       ] GC(293) Pause Full (System.gc())
[81.335s][info][gc,phases,start] GC(293) Phase 1: Mark live objects
[81.427s][info][gc,phases      ] GC(293) Phase 1: Mark live objects 91.713ms
[81.427s][info][gc,phases,start] GC(293) Phase 2: Compute new object addresses
[81.484s][info][gc,phases      ] GC(293) Phase 2: Compute new object addresses 57.128ms
[81.484s][info][gc,phases,start] GC(293) Phase 3: Adjust pointers
[81.540s][info][gc,phases      ] GC(293) Phase 3: Adjust pointers 55.750ms
[81.540s][info][gc,phases,start] GC(293) Phase 4: Move objects
[81.540s][info][gc,phases      ] GC(293) Phase 4: Move objects 0.032ms
[81.541s][info][gc,heap        ] GC(293) DefNew: 107755K->0K(629120K)
[81.541s][info][gc,heap        ] GC(293) Tenured: 178379K->178462K(1398144K)
[81.541s][info][gc,metaspace   ] GC(293) Metaspace: 79395K(83536K)->79395K(83536K) NonClass: 69159K(71344K)->69159K(71344K) Class: 10236K(12192K)->10236K(12192K)
[81.541s][info][gc             ] GC(293) Pause Full (System.gc()) 279M->174M(1979M) 208.729ms
[81.541s][info][gc,cpu         ] GC(293) User=0.17s Sys=0.00s Real=0.22s
[81.733s][info][gc,start       ] GC(294) Pause Young (Allocation Failure)
[81.735s][info][gc,heap        ] GC(294) DefNew: 559232K->292K(629120K)
[81.735s][info][gc,heap        ] GC(294) Tenured: 178462K->178462K(1398144K)
[81.735s][info][gc,metaspace   ] GC(294) Metaspace: 79398K(83536K)->79398K(83536K) NonClass: 69161K(71344K)->69161K(71344K) Class: 10236K(12192K)->10236K(12192K)
[81.735s][info][gc             ] GC(294) Pause Young (Allocation Failure) 720M->174M(1979M) 2.009ms
[81.735s][info][gc,cpu         ] GC(294) User=0.00s Sys=0.00s Real=0.00s
[81.913s][info][gc,start       ] GC(295) Pause Young (Allocation Failure)
[81.916s][info][gc,heap        ] GC(295) DefNew: 559524K->282K(629120K)
[81.916s][info][gc,heap        ] GC(295) Tenured: 178462K->178462K(1398144K)
[81.916s][info][gc,metaspace   ] GC(295) Metaspace: 79398K(83536K)->79398K(83536K) NonClass: 69161K(71344K)->69161K(71344K) Class: 10236K(12192K)->10236K(12192K)
[81.916s][info][gc             ] GC(295) Pause Young (Allocation Failure) 720M->174M(1979M) 2.745ms
[81.916s][info][gc,cpu         ] GC(295) User=0.00s Sys=0.00s Real=0.00s
[82.091s][info][gc,start       ] GC(296) Pause Young (Allocation Failure)
[82.093s][info][gc,heap        ] GC(296) DefNew: 559514K->282K(629120K)
[82.093s][info][gc,heap        ] GC(296) Tenured: 178462K->178462K(1398144K)
[82.093s][info][gc,metaspace   ] GC(296) Metaspace: 79398K(83536K)->79398K(83536K) NonClass: 69161K(71344K)->69161K(71344K) Class: 10236K(12192K)->10236K(12192K)
[82.093s][info][gc             ] GC(296) Pause Young (Allocation Failure) 720M->174M(1979M) 1.531ms
[82.093s][info][gc,cpu         ] GC(296) User=0.00s Sys=0.00s Real=0.00s
[82.262s][info][gc,start       ] GC(297) Pause Young (Allocation Failure)
[82.264s][info][gc,heap        ] GC(297) DefNew: 559514K->282K(629120K)
[82.264s][info][gc,heap        ] GC(297) Tenured: 178462K->178462K(1398144K)
[82.264s][info][gc,metaspace   ] GC(297) Metaspace: 79398K(83536K)->79398K(83536K) NonClass: 69161K(71344K)->69161K(71344K) Class: 10236K(12192K)->10236K(12192K)
[82.264s][info][gc             ] GC(297) Pause Young (Allocation Failure) 720M->174M(1979M) 1.713ms
[82.264s][info][gc,cpu         ] GC(297) User=0.00s Sys=0.00s Real=0.00s
[82.314s][info][gc,start       ] GC(298) Pause Full (System.gc())
[82.317s][info][gc,phases,start] GC(298) Phase 1: Mark live objects
[82.408s][info][gc,phases      ] GC(298) Phase 1: Mark live objects 91.391ms
[82.408s][info][gc,phases,start] GC(298) Phase 2: Compute new object addresses
[82.465s][info][gc,phases      ] GC(298) Phase 2: Compute new object addresses 56.636ms
[82.487s][info][gc,phases,start] GC(298) Phase 3: Adjust pointers
[82.543s][info][gc,phases      ] GC(298) Phase 3: Adjust pointers 56.143ms
[82.543s][info][gc,phases,start] GC(298) Phase 4: Move objects
[82.543s][info][gc,phases      ] GC(298) Phase 4: Move objects 0.030ms
[82.544s][info][gc,heap        ] GC(298) DefNew: 105264K->0K(629120K)
[82.544s][info][gc,heap        ] GC(298) Tenured: 178462K->178544K(1398144K)
[82.544s][info][gc,metaspace   ] GC(298) Metaspace: 79398K(83536K)->79398K(83536K) NonClass: 69161K(71344K)->69161K(71344K) Class: 10236K(12192K)->10236K(12192K)
[82.544s][info][gc             ] GC(298) Pause Full (System.gc()) 277M->174M(1979M) 229.143ms
[82.544s][info][gc,cpu         ] GC(298) User=0.20s Sys=0.00s Real=0.24s
[82.733s][info][gc,start       ] GC(299) Pause Young (Allocation Failure)
[82.736s][info][gc,heap        ] GC(299) DefNew: 559232K->292K(629120K)
[82.736s][info][gc,heap        ] GC(299) Tenured: 178544K->178544K(1398144K)
[82.736s][info][gc,metaspace   ] GC(299) Metaspace: 79405K(83536K)->79405K(83536K) NonClass: 69168K(71344K)->69168K(71344K) Class: 10236K(12192K)->10236K(12192K)
[82.736s][info][gc             ] GC(299) Pause Young (Allocation Failure) 720M->174M(1979M) 2.673ms
[82.736s][info][gc,cpu         ] GC(299) User=0.00s Sys=0.00s Real=0.00s
[82.913s][info][gc,start       ] GC(300) Pause Young (Allocation Failure)
[82.914s][info][gc,heap        ] GC(300) DefNew: 559524K->283K(629120K)
[82.914s][info][gc,heap        ] GC(300) Tenured: 178544K->178544K(1398144K)
[82.914s][info][gc,metaspace   ] GC(300) Metaspace: 79405K(83536K)->79405K(83536K) NonClass: 69168K(71344K)->69168K(71344K) Class: 10236K(12192K)->10236K(12192K)
[82.914s][info][gc             ] GC(300) Pause Young (Allocation Failure) 720M->174M(1979M) 1.613ms
[82.914s][info][gc,cpu         ] GC(300) User=0.00s Sys=0.00s Real=0.00s
[83.083s][info][gc,start       ] GC(301) Pause Young (Allocation Failure)
[83.084s][info][gc,heap        ] GC(301) DefNew: 559515K->283K(629120K)
[83.084s][info][gc,heap        ] GC(301) Tenured: 178544K->178544K(1398144K)
[83.084s][info][gc,metaspace   ] GC(301) Metaspace: 79405K(83536K)->79405K(83536K) NonClass: 69168K(71344K)->69168K(71344K) Class: 10236K(12192K)->10236K(12192K)
[83.084s][info][gc             ] GC(301) Pause Young (Allocation Failure) 720M->174M(1979M) 1.630ms
[83.084s][info][gc,cpu         ] GC(301) User=0.00s Sys=0.00s Real=0.00s
[83.255s][info][gc,start       ] GC(302) Pause Young (Allocation Failure)
[83.257s][info][gc,heap        ] GC(302) DefNew: 559515K->283K(629120K)
[83.257s][info][gc,heap        ] GC(302) Tenured: 178544K->178544K(1398144K)
[83.257s][info][gc,metaspace   ] GC(302) Metaspace: 79405K(83536K)->79405K(83536K) NonClass: 69168K(71344K)->69168K(71344K) Class: 10236K(12192K)->10236K(12192K)
[83.257s][info][gc             ] GC(302) Pause Young (Allocation Failure) 720M->174M(1979M) 1.668ms
[83.257s][info][gc,cpu         ] GC(302) User=0.00s Sys=0.00s Real=0.00s
[83.313s][info][gc,start       ] GC(303) Pause Full (System.gc())
[83.315s][info][gc,phases,start] GC(303) Phase 1: Mark live objects
[83.415s][info][gc,phases      ] GC(303) Phase 1: Mark live objects 100.165ms
[83.415s][info][gc,phases,start] GC(303) Phase 2: Compute new object addresses
[83.478s][info][gc,phases      ] GC(303) Phase 2: Compute new object addresses 63.445ms
[83.478s][info][gc,phases,start] GC(303) Phase 3: Adjust pointers
[83.536s][info][gc,phases      ] GC(303) Phase 3: Adjust pointers 57.222ms
[83.536s][info][gc,phases,start] GC(303) Phase 4: Move objects
[83.536s][info][gc,phases      ] GC(303) Phase 4: Move objects 0.032ms
[83.536s][info][gc,heap        ] GC(303) DefNew: 111870K->0K(629120K)
[83.536s][info][gc,heap        ] GC(303) Tenured: 178544K->178628K(1398144K)
[83.536s][info][gc,metaspace   ] GC(303) Metaspace: 79412K(83536K)->79412K(83536K) NonClass: 69176K(71344K)->69176K(71344K) Class: 10236K(12192K)->10236K(12192K)
[83.536s][info][gc             ] GC(303) Pause Full (System.gc()) 283M->174M(1979M) 223.734ms
[83.536s][info][gc,cpu         ] GC(303) User=0.22s Sys=0.00s Real=0.23s
[83.731s][info][gc,start       ] GC(304) Pause Young (Allocation Failure)
[83.733s][info][gc,heap        ] GC(304) DefNew: 559232K->292K(629120K)
[83.733s][info][gc,heap        ] GC(304) Tenured: 178628K->178628K(1398144K)
[83.733s][info][gc,metaspace   ] GC(304) Metaspace: 79412K(83536K)->79412K(83536K) NonClass: 69176K(71344K)->69176K(71344K) Class: 10236K(12192K)->10236K(12192K)
[83.733s][info][gc             ] GC(304) Pause Young (Allocation Failure) 720M->174M(1979M) 1.872ms
[83.733s][info][gc,cpu         ] GC(304) User=0.00s Sys=0.00s Real=0.00s
[83.927s][info][gc,start       ] GC(305) Pause Young (Allocation Failure)
[83.928s][info][gc,heap        ] GC(305) DefNew: 559524K->283K(629120K)
[83.928s][info][gc,heap        ] GC(305) Tenured: 178628K->178628K(1398144K)
[83.928s][info][gc,metaspace   ] GC(305) Metaspace: 79412K(83536K)->79412K(83536K) NonClass: 69176K(71344K)->69176K(71344K) Class: 10236K(12192K)->10236K(12192K)
[83.928s][info][gc             ] GC(305) Pause Young (Allocation Failure) 720M->174M(1979M) 1.643ms
[83.928s][info][gc,cpu         ] GC(305) User=0.00s Sys=0.00s Real=0.00s
[84.093s][info][gc,start       ] GC(306) Pause Young (Allocation Failure)
[84.095s][info][gc,heap        ] GC(306) DefNew: 559515K->283K(629120K)
[84.095s][info][gc,heap        ] GC(306) Tenured: 178628K->178628K(1398144K)
[84.095s][info][gc,metaspace   ] GC(306) Metaspace: 79412K(83536K)->79412K(83536K) NonClass: 69176K(71344K)->69176K(71344K) Class: 10236K(12192K)->10236K(12192K)
[84.095s][info][gc             ] GC(306) Pause Young (Allocation Failure) 720M->174M(1979M) 1.614ms
[84.095s][info][gc,cpu         ] GC(306) User=0.00s Sys=0.00s Real=0.00s
[84.258s][info][gc,start       ] GC(307) Pause Young (Allocation Failure)
[84.260s][info][gc,heap        ] GC(307) DefNew: 559515K->283K(629120K)
[84.260s][info][gc,heap        ] GC(307) Tenured: 178628K->178628K(1398144K)
[84.260s][info][gc,metaspace   ] GC(307) Metaspace: 79412K(83536K)->79412K(83536K) NonClass: 69176K(71344K)->69176K(71344K) Class: 10236K(12192K)->10236K(12192K)
[84.260s][info][gc             ] GC(307) Pause Young (Allocation Failure) 720M->174M(1979M) 2.199ms
[84.260s][info][gc,cpu         ] GC(307) User=0.00s Sys=0.00s Real=0.00s
[84.309s][info][gc,start       ] GC(308) Pause Full (System.gc())
[84.311s][info][gc,phases,start] GC(308) Phase 1: Mark live objects
[84.404s][info][gc,phases      ] GC(308) Phase 1: Mark live objects 92.636ms
[84.404s][info][gc,phases,start] GC(308) Phase 2: Compute new object addresses
[84.460s][info][gc,phases      ] GC(308) Phase 2: Compute new object addresses 56.670ms
[84.460s][info][gc,phases,start] GC(308) Phase 3: Adjust pointers
[84.517s][info][gc,phases      ] GC(308) Phase 3: Adjust pointers 56.283ms
[84.517s][info][gc,phases,start] GC(308) Phase 4: Move objects
[84.552s][info][gc,phases      ] GC(308) Phase 4: Move objects 34.895ms
[84.552s][info][gc,heap        ] GC(308) DefNew: 117133K->0K(629120K)
[84.552s][info][gc,heap        ] GC(308) Tenured: 178628K->178416K(1398144K)
[84.552s][info][gc,metaspace   ] GC(308) Metaspace: 79413K(83536K)->79413K(83536K) NonClass: 69177K(71344K)->69177K(71344K) Class: 10236K(12192K)->10236K(12192K)
[84.552s][info][gc             ] GC(308) Pause Full (System.gc()) 288M->174M(1979M) 243.077ms
[84.552s][info][gc,cpu         ] GC(308) User=0.23s Sys=0.00s Real=0.24s
[84.742s][info][gc,start       ] GC(309) Pause Young (Allocation Failure)
[84.744s][info][gc,heap        ] GC(309) DefNew: 559232K->293K(629120K)
[84.744s][info][gc,heap        ] GC(309) Tenured: 178416K->178416K(1398144K)
[84.744s][info][gc,metaspace   ] GC(309) Metaspace: 79414K(83536K)->79414K(83536K) NonClass: 69178K(71344K)->69178K(71344K) Class: 10236K(12192K)->10236K(12192K)
[84.744s][info][gc             ] GC(309) Pause Young (Allocation Failure) 720M->174M(1979M) 1.988ms
[84.744s][info][gc,cpu         ] GC(309) User=0.00s Sys=0.00s Real=0.00s
[84.917s][info][gc,start       ] GC(310) Pause Young (Allocation Failure)
[84.919s][info][gc,heap        ] GC(310) DefNew: 559525K->286K(629120K)
[84.919s][info][gc,heap        ] GC(310) Tenured: 178416K->178416K(1398144K)
[84.919s][info][gc,metaspace   ] GC(310) Metaspace: 79414K(83536K)->79414K(83536K) NonClass: 69178K(71344K)->69178K(71344K) Class: 10236K(12192K)->10236K(12192K)
[84.919s][info][gc             ] GC(310) Pause Young (Allocation Failure) 720M->174M(1979M) 1.596ms
[84.919s][info][gc,cpu         ] GC(310) User=0.00s Sys=0.00s Real=0.00s
[85.083s][info][gc,start       ] GC(311) Pause Young (Allocation Failure)
[85.084s][info][gc,heap        ] GC(311) DefNew: 559518K->286K(629120K)
[85.084s][info][gc,heap        ] GC(311) Tenured: 178416K->178416K(1398144K)
[85.084s][info][gc,metaspace   ] GC(311) Metaspace: 79414K(83536K)->79414K(83536K) NonClass: 69178K(71344K)->69178K(71344K) Class: 10236K(12192K)->10236K(12192K)
[85.084s][info][gc             ] GC(311) Pause Young (Allocation Failure) 720M->174M(1979M) 1.618ms
[85.084s][info][gc,cpu         ] GC(311) User=0.00s Sys=0.00s Real=0.00s
[85.257s][info][gc,start       ] GC(312) Pause Young (Allocation Failure)
[85.259s][info][gc,heap        ] GC(312) DefNew: 559518K->306K(629120K)
[85.259s][info][gc,heap        ] GC(312) Tenured: 178416K->178416K(1398144K)
[85.259s][info][gc,metaspace   ] GC(312) Metaspace: 79414K(83536K)->79414K(83536K) NonClass: 69178K(71344K)->69178K(71344K) Class: 10236K(12192K)->10236K(12192K)
[85.259s][info][gc             ] GC(312) Pause Young (Allocation Failure) 720M->174M(1979M) 1.690ms
[85.259s][info][gc,cpu         ] GC(312) User=0.00s Sys=0.00s Real=0.00s
[85.313s][info][gc,start       ] GC(313) Pause Full (System.gc())
[85.314s][info][gc,phases,start] GC(313) Phase 1: Mark live objects
[85.406s][info][gc,phases      ] GC(313) Phase 1: Mark live objects 91.249ms
[85.406s][info][gc,phases,start] GC(313) Phase 2: Compute new object addresses
[85.463s][info][gc,phases      ] GC(313) Phase 2: Compute new object addresses 57.747ms
[85.464s][info][gc,phases,start] GC(313) Phase 3: Adjust pointers
[85.519s][info][gc,phases      ] GC(313) Phase 3: Adjust pointers 55.611ms
[85.519s][info][gc,phases,start] GC(313) Phase 4: Move objects
[85.519s][info][gc,phases      ] GC(313) Phase 4: Move objects 0.031ms
[85.520s][info][gc,heap        ] GC(313) DefNew: 121386K->0K(629120K)
[85.520s][info][gc,heap        ] GC(313) Tenured: 178416K->178503K(1398144K)
[85.520s][info][gc,metaspace   ] GC(313) Metaspace: 79417K(83536K)->79417K(83536K) NonClass: 69180K(71344K)->69180K(71344K) Class: 10236K(12192K)->10236K(12192K)
[85.520s][info][gc             ] GC(313) Pause Full (System.gc()) 292M->174M(1979M) 207.064ms
[85.520s][info][gc,cpu         ] GC(313) User=0.20s Sys=0.00s Real=0.20s
[85.715s][info][gc,start       ] GC(314) Pause Young (Allocation Failure)
[85.717s][info][gc,heap        ] GC(314) DefNew: 559232K->291K(629120K)
[85.717s][info][gc,heap        ] GC(314) Tenured: 178503K->178503K(1398144K)
[85.717s][info][gc,metaspace   ] GC(314) Metaspace: 79432K(83536K)->79432K(83536K) NonClass: 69196K(71344K)->69196K(71344K) Class: 10236K(12192K)->10236K(12192K)
[85.717s][info][gc             ] GC(314) Pause Young (Allocation Failure) 720M->174M(1979M) 1.909ms
[85.717s][info][gc,cpu         ] GC(314) User=0.00s Sys=0.00s Real=0.02s
[85.891s][info][gc,start       ] GC(315) Pause Young (Allocation Failure)
[85.892s][info][gc,heap        ] GC(315) DefNew: 559523K->282K(629120K)
[85.892s][info][gc,heap        ] GC(315) Tenured: 178503K->178503K(1398144K)
[85.892s][info][gc,metaspace   ] GC(315) Metaspace: 79432K(83536K)->79432K(83536K) NonClass: 69196K(71344K)->69196K(71344K) Class: 10236K(12192K)->10236K(12192K)
[85.892s][info][gc             ] GC(315) Pause Young (Allocation Failure) 720M->174M(1979M) 1.623ms
[85.892s][info][gc,cpu         ] GC(315) User=0.00s Sys=0.00s Real=0.00s
[86.079s][info][gc,start       ] GC(316) Pause Young (Allocation Failure)
[86.080s][info][gc,heap        ] GC(316) DefNew: 559514K->282K(629120K)
[86.081s][info][gc,heap        ] GC(316) Tenured: 178503K->178503K(1398144K)
[86.081s][info][gc,metaspace   ] GC(316) Metaspace: 79432K(83536K)->79432K(83536K) NonClass: 69196K(71344K)->69196K(71344K) Class: 10236K(12192K)->10236K(12192K)
[86.081s][info][gc             ] GC(316) Pause Young (Allocation Failure) 720M->174M(1979M) 1.566ms
[86.081s][info][gc,cpu         ] GC(316) User=0.00s Sys=0.00s Real=0.00s
[86.258s][info][gc,start       ] GC(317) Pause Young (Allocation Failure)
[86.261s][info][gc,heap        ] GC(317) DefNew: 559514K->282K(629120K)
[86.261s][info][gc,heap        ] GC(317) Tenured: 178503K->178503K(1398144K)
[86.261s][info][gc,metaspace   ] GC(317) Metaspace: 79432K(83536K)->79432K(83536K) NonClass: 69196K(71344K)->69196K(71344K) Class: 10236K(12192K)->10236K(12192K)
[86.261s][info][gc             ] GC(317) Pause Young (Allocation Failure) 720M->174M(1979M) 2.796ms
[86.261s][info][gc,cpu         ] GC(317) User=0.00s Sys=0.00s Real=0.00s
[86.308s][info][gc,start       ] GC(318) Pause Full (System.gc())
[86.312s][info][gc,phases,start] GC(318) Phase 1: Mark live objects
[86.403s][info][gc,phases      ] GC(318) Phase 1: Mark live objects 91.016ms
[86.403s][info][gc,phases,start] GC(318) Phase 2: Compute new object addresses
[86.460s][info][gc,phases      ] GC(318) Phase 2: Compute new object addresses 56.874ms
[86.460s][info][gc,phases,start] GC(318) Phase 3: Adjust pointers
[86.516s][info][gc,phases      ] GC(318) Phase 3: Adjust pointers 55.919ms
[86.516s][info][gc,phases,start] GC(318) Phase 4: Move objects
[86.516s][info][gc,phases      ] GC(318) Phase 4: Move objects 0.030ms
[86.516s][info][gc,heap        ] GC(318) DefNew: 110481K->0K(629120K)
[86.516s][info][gc,heap        ] GC(318) Tenured: 178503K->178584K(1398144K)
[86.516s][info][gc,metaspace   ] GC(318) Metaspace: 79434K(83536K)->79434K(83536K) NonClass: 69198K(71344K)->69198K(71344K) Class: 10236K(12192K)->10236K(12192K)
[86.517s][info][gc             ] GC(318) Pause Full (System.gc()) 282M->174M(1979M) 208.249ms
[86.517s][info][gc,cpu         ] GC(318) User=0.19s Sys=0.00s Real=0.21s
[86.707s][info][gc,start       ] GC(319) Pause Young (Allocation Failure)
[86.709s][info][gc,heap        ] GC(319) DefNew: 559232K->292K(629120K)
[86.709s][info][gc,heap        ] GC(319) Tenured: 178584K->178584K(1398144K)
[86.709s][info][gc,metaspace   ] GC(319) Metaspace: 79435K(83536K)->79435K(83536K) NonClass: 69199K(71344K)->69199K(71344K) Class: 10236K(12192K)->10236K(12192K)
[86.709s][info][gc             ] GC(319) Pause Young (Allocation Failure) 720M->174M(1979M) 1.795ms
[86.709s][info][gc,cpu         ] GC(319) User=0.00s Sys=0.00s Real=0.00s
[86.891s][info][gc,start       ] GC(320) Pause Young (Allocation Failure)
[86.893s][info][gc,heap        ] GC(320) DefNew: 559524K->282K(629120K)
[86.893s][info][gc,heap        ] GC(320) Tenured: 178584K->178584K(1398144K)
[86.893s][info][gc,metaspace   ] GC(320) Metaspace: 79435K(83536K)->79435K(83536K) NonClass: 69199K(71344K)->69199K(71344K) Class: 10236K(12192K)->10236K(12192K)
[86.893s][info][gc             ] GC(320) Pause Young (Allocation Failure) 720M->174M(1979M) 1.760ms
[86.893s][info][gc,cpu         ] GC(320) User=0.02s Sys=0.00s Real=0.02s
[87.054s][info][gc,start       ] GC(321) Pause Young (Allocation Failure)
[87.056s][info][gc,heap        ] GC(321) DefNew: 559514K->282K(629120K)
[87.056s][info][gc,heap        ] GC(321) Tenured: 178584K->178584K(1398144K)
[87.056s][info][gc,metaspace   ] GC(321) Metaspace: 79435K(83536K)->79435K(83536K) NonClass: 69199K(71344K)->69199K(71344K) Class: 10236K(12192K)->10236K(12192K)
[87.056s][info][gc             ] GC(321) Pause Young (Allocation Failure) 720M->174M(1979M) 2.356ms
[87.056s][info][gc,cpu         ] GC(321) User=0.00s Sys=0.00s Real=0.00s
[87.217s][info][gc,start       ] GC(322) Pause Young (Allocation Failure)
[87.218s][info][gc,heap        ] GC(322) DefNew: 559514K->282K(629120K)
[87.218s][info][gc,heap        ] GC(322) Tenured: 178584K->178584K(1398144K)
[87.218s][info][gc,metaspace   ] GC(322) Metaspace: 79435K(83536K)->79435K(83536K) NonClass: 69199K(71344K)->69199K(71344K) Class: 10236K(12192K)->10236K(12192K)
[87.218s][info][gc             ] GC(322) Pause Young (Allocation Failure) 720M->174M(1979M) 1.611ms
[87.218s][info][gc,cpu         ] GC(322) User=0.00s Sys=0.00s Real=0.00s
[87.273s][info][gc,start       ] GC(323) Pause Full (System.gc())
[87.274s][info][gc,phases,start] GC(323) Phase 1: Mark live objects
[87.365s][info][gc,phases      ] GC(323) Phase 1: Mark live objects 90.379ms
[87.365s][info][gc,phases,start] GC(323) Phase 2: Compute new object addresses
[87.423s][info][gc,phases      ] GC(323) Phase 2: Compute new object addresses 57.963ms
[87.423s][info][gc,phases,start] GC(323) Phase 3: Adjust pointers
[87.479s][info][gc,phases      ] GC(323) Phase 3: Adjust pointers 56.375ms
[87.479s][info][gc,phases,start] GC(323) Phase 4: Move objects
[87.479s][info][gc,phases      ] GC(323) Phase 4: Move objects 0.030ms
[87.479s][info][gc,heap        ] GC(323) DefNew: 110505K->0K(629120K)
[87.480s][info][gc,heap        ] GC(323) Tenured: 178584K->178666K(1398144K)
[87.480s][info][gc,metaspace   ] GC(323) Metaspace: 79449K(83536K)->79449K(83536K) NonClass: 69212K(71344K)->69212K(71344K) Class: 10236K(12192K)->10236K(12192K)
[87.480s][info][gc             ] GC(323) Pause Full (System.gc()) 282M->174M(1979M) 207.000ms
[87.480s][info][gc,cpu         ] GC(323) User=0.17s Sys=0.00s Real=0.20s
[87.671s][info][gc,start       ] GC(324) Pause Young (Allocation Failure)
[87.674s][info][gc,heap        ] GC(324) DefNew: 559232K->296K(629120K)
[87.674s][info][gc,heap        ] GC(324) Tenured: 178666K->178666K(1398144K)
[87.674s][info][gc,metaspace   ] GC(324) Metaspace: 79483K(83536K)->79483K(83536K) NonClass: 69246K(71344K)->69246K(71344K) Class: 10236K(12192K)->10236K(12192K)
[87.674s][info][gc             ] GC(324) Pause Young (Allocation Failure) 720M->174M(1979M) 2.546ms
[87.674s][info][gc,cpu         ] GC(324) User=0.00s Sys=0.00s Real=0.00s
[87.847s][info][gc,start       ] GC(325) Pause Young (Allocation Failure)
[87.849s][info][gc,heap        ] GC(325) DefNew: 559528K->286K(629120K)
[87.849s][info][gc,heap        ] GC(325) Tenured: 178666K->178666K(1398144K)
[87.849s][info][gc,metaspace   ] GC(325) Metaspace: 79492K(83536K)->79492K(83536K) NonClass: 69255K(71344K)->69255K(71344K) Class: 10236K(12192K)->10236K(12192K)
[87.849s][info][gc             ] GC(325) Pause Young (Allocation Failure) 720M->174M(1979M) 1.683ms
[87.849s][info][gc,cpu         ] GC(325) User=0.00s Sys=0.00s Real=0.02s
[88.023s][info][gc,start       ] GC(326) Pause Young (Allocation Failure)
[88.026s][info][gc,heap        ] GC(326) DefNew: 559518K->286K(629120K)
[88.026s][info][gc,heap        ] GC(326) Tenured: 178666K->178666K(1398144K)
[88.026s][info][gc,metaspace   ] GC(326) Metaspace: 79492K(83536K)->79492K(83536K) NonClass: 69255K(71344K)->69255K(71344K) Class: 10236K(12192K)->10236K(12192K)
[88.026s][info][gc             ] GC(326) Pause Young (Allocation Failure) 720M->174M(1979M) 2.113ms
[88.026s][info][gc,cpu         ] GC(326) User=0.00s Sys=0.00s Real=0.00s
[88.198s][info][gc,start       ] GC(327) Pause Young (Allocation Failure)
[88.200s][info][gc,heap        ] GC(327) DefNew: 559518K->286K(629120K)
[88.200s][info][gc,heap        ] GC(327) Tenured: 178666K->178666K(1398144K)
[88.200s][info][gc,metaspace   ] GC(327) Metaspace: 79492K(83536K)->79492K(83536K) NonClass: 69255K(71344K)->69255K(71344K) Class: 10236K(12192K)->10236K(12192K)
[88.200s][info][gc             ] GC(327) Pause Young (Allocation Failure) 720M->174M(1979M) 2.623ms
[88.200s][info][gc,cpu         ] GC(327) User=0.00s Sys=0.00s Real=0.00s
[88.255s][info][gc,start       ] GC(328) Pause Full (System.gc())
[88.257s][info][gc,phases,start] GC(328) Phase 1: Mark live objects
[88.351s][info][gc,phases      ] GC(328) Phase 1: Mark live objects 94.027ms
[88.351s][info][gc,phases,start] GC(328) Phase 2: Compute new object addresses
[88.408s][info][gc,phases      ] GC(328) Phase 2: Compute new object addresses 57.329ms
[88.408s][info][gc,phases,start] GC(328) Phase 3: Adjust pointers
[88.465s][info][gc,phases      ] GC(328) Phase 3: Adjust pointers 56.668ms
[88.465s][info][gc,phases,start] GC(328) Phase 4: Move objects
[88.500s][info][gc,phases      ] GC(328) Phase 4: Move objects 34.951ms
[88.501s][info][gc,heap        ] GC(328) DefNew: 106871K->0K(629120K)
[88.501s][info][gc,heap        ] GC(328) Tenured: 178666K->178485K(1398144K)
[88.501s][info][gc,metaspace   ] GC(328) Metaspace: 79554K(83536K)->79554K(83536K) NonClass: 69316K(71344K)->69316K(71344K) Class: 10237K(12192K)->10237K(12192K)
[88.501s][info][gc             ] GC(328) Pause Full (System.gc()) 278M->174M(1979M) 245.594ms
[88.501s][info][gc,cpu         ] GC(328) User=0.25s Sys=0.00s Real=0.24s
[88.691s][info][gc,start       ] GC(329) Pause Young (Allocation Failure)
[88.693s][info][gc,heap        ] GC(329) DefNew: 559232K->294K(629120K)
[88.693s][info][gc,heap        ] GC(329) Tenured: 178485K->178485K(1398144K)
[88.693s][info][gc,metaspace   ] GC(329) Metaspace: 79582K(83536K)->79582K(83536K) NonClass: 69343K(71344K)->69343K(71344K) Class: 10239K(12192K)->10239K(12192K)
[88.693s][info][gc             ] GC(329) Pause Young (Allocation Failure) 720M->174M(1979M) 1.782ms
[88.693s][info][gc,cpu         ] GC(329) User=0.00s Sys=0.00s Real=0.00s
[88.887s][info][gc,start       ] GC(330) Pause Young (Allocation Failure)
[88.889s][info][gc,heap        ] GC(330) DefNew: 559526K->285K(629120K)
[88.889s][info][gc,heap        ] GC(330) Tenured: 178485K->178485K(1398144K)
[88.889s][info][gc,metaspace   ] GC(330) Metaspace: 79583K(83536K)->79583K(83536K) NonClass: 69343K(71344K)->69343K(71344K) Class: 10239K(12192K)->10239K(12192K)
[88.889s][info][gc             ] GC(330) Pause Young (Allocation Failure) 720M->174M(1979M) 1.631ms
[88.889s][info][gc,cpu         ] GC(330) User=0.00s Sys=0.00s Real=0.00s
[89.054s][info][gc,start       ] GC(331) Pause Young (Allocation Failure)
[89.057s][info][gc,heap        ] GC(331) DefNew: 559517K->285K(629120K)
[89.057s][info][gc,heap        ] GC(331) Tenured: 178485K->178485K(1398144K)
[89.057s][info][gc,metaspace   ] GC(331) Metaspace: 79583K(83536K)->79583K(83536K) NonClass: 69343K(71344K)->69343K(71344K) Class: 10239K(12192K)->10239K(12192K)
[89.057s][info][gc             ] GC(331) Pause Young (Allocation Failure) 720M->174M(1979M) 2.576ms
[89.057s][info][gc,cpu         ] GC(331) User=0.00s Sys=0.00s Real=0.00s
[89.228s][info][gc,start       ] GC(332) Pause Young (Allocation Failure)
[89.230s][info][gc,heap        ] GC(332) DefNew: 559517K->285K(629120K)
[89.230s][info][gc,heap        ] GC(332) Tenured: 178485K->178485K(1398144K)
[89.230s][info][gc,metaspace   ] GC(332) Metaspace: 79583K(83536K)->79583K(83536K) NonClass: 69343K(71344K)->69343K(71344K) Class: 10239K(12192K)->10239K(12192K)
[89.230s][info][gc             ] GC(332) Pause Young (Allocation Failure) 720M->174M(1979M) 2.109ms
[89.230s][info][gc,cpu         ] GC(332) User=0.00s Sys=0.00s Real=0.02s
[89.282s][info][gc,start       ] GC(333) Pause Full (System.gc())
[89.301s][info][gc,phases,start] GC(333) Phase 1: Mark live objects
[89.406s][info][gc,phases      ] GC(333) Phase 1: Mark live objects 105.165ms
[89.406s][info][gc,phases,start] GC(333) Phase 2: Compute new object addresses
[89.463s][info][gc,phases      ] GC(333) Phase 2: Compute new object addresses 56.905ms
[89.463s][info][gc,phases,start] GC(333) Phase 3: Adjust pointers
[89.519s][info][gc,phases      ] GC(333) Phase 3: Adjust pointers 55.297ms
[89.519s][info][gc,phases,start] GC(333) Phase 4: Move objects
[89.519s][info][gc,phases      ] GC(333) Phase 4: Move objects 0.032ms
[89.519s][info][gc,heap        ] GC(333) DefNew: 105238K->0K(629120K)
[89.519s][info][gc,heap        ] GC(333) Tenured: 178485K->178570K(1398144K)
[89.519s][info][gc,metaspace   ] GC(333) Metaspace: 79633K(83792K)->79633K(83792K) NonClass: 69391K(71600K)->69391K(71600K) Class: 10242K(12192K)->10242K(12192K)
[89.519s][info][gc             ] GC(333) Pause Full (System.gc()) 277M->174M(1979M) 237.541ms
[89.519s][info][gc,cpu         ] GC(333) User=0.20s Sys=0.00s Real=0.23s
[89.713s][info][gc,start       ] GC(334) Pause Young (Allocation Failure)
[89.714s][info][gc,heap        ] GC(334) DefNew: 559232K->295K(629120K)
[89.714s][info][gc,heap        ] GC(334) Tenured: 178570K->178570K(1398144K)
[89.714s][info][gc,metaspace   ] GC(334) Metaspace: 79638K(83792K)->79638K(83792K) NonClass: 69397K(71600K)->69397K(71600K) Class: 10241K(12192K)->10241K(12192K)
[89.714s][info][gc             ] GC(334) Pause Young (Allocation Failure) 720M->174M(1979M) 1.843ms
[89.714s][info][gc,cpu         ] GC(334) User=0.00s Sys=0.00s Real=0.00s
[89.886s][info][gc,start       ] GC(335) Pause Young (Allocation Failure)
[89.888s][info][gc,heap        ] GC(335) DefNew: 559527K->285K(629120K)
[89.888s][info][gc,heap        ] GC(335) Tenured: 178570K->178570K(1398144K)
[89.888s][info][gc,metaspace   ] GC(335) Metaspace: 79638K(83792K)->79638K(83792K) NonClass: 69397K(71600K)->69397K(71600K) Class: 10241K(12192K)->10241K(12192K)
[89.888s][info][gc             ] GC(335) Pause Young (Allocation Failure) 720M->174M(1979M) 1.625ms
[89.888s][info][gc,cpu         ] GC(335) User=0.00s Sys=0.00s Real=0.00s
[90.071s][info][gc,start       ] GC(336) Pause Young (Allocation Failure)
[90.072s][info][gc,heap        ] GC(336) DefNew: 559517K->285K(629120K)
[90.072s][info][gc,heap        ] GC(336) Tenured: 178570K->178570K(1398144K)
[90.072s][info][gc,metaspace   ] GC(336) Metaspace: 79638K(83792K)->79638K(83792K) NonClass: 69397K(71600K)->69397K(71600K) Class: 10241K(12192K)->10241K(12192K)
[90.072s][info][gc             ] GC(336) Pause Young (Allocation Failure) 720M->174M(1979M) 1.672ms
[90.072s][info][gc,cpu         ] GC(336) User=0.00s Sys=0.00s Real=0.00s
[90.256s][info][gc,start       ] GC(337) Pause Young (Allocation Failure)
[90.257s][info][gc,heap        ] GC(337) DefNew: 559517K->285K(629120K)
[90.257s][info][gc,heap        ] GC(337) Tenured: 178570K->178570K(1398144K)
[90.257s][info][gc,metaspace   ] GC(337) Metaspace: 79638K(83792K)->79638K(83792K) NonClass: 69397K(71600K)->69397K(71600K) Class: 10241K(12192K)->10241K(12192K)
[90.257s][info][gc             ] GC(337) Pause Young (Allocation Failure) 720M->174M(1979M) 1.622ms
[90.257s][info][gc,cpu         ] GC(337) User=0.00s Sys=0.00s Real=0.00s
[90.303s][info][gc,start       ] GC(338) Pause Full (System.gc())
[90.304s][info][gc,phases,start] GC(338) Phase 1: Mark live objects
[90.395s][info][gc,phases      ] GC(338) Phase 1: Mark live objects 90.694ms
[90.395s][info][gc,phases,start] GC(338) Phase 2: Compute new object addresses
[90.452s][info][gc,phases      ] GC(338) Phase 2: Compute new object addresses 56.720ms
[90.452s][info][gc,phases,start] GC(338) Phase 3: Adjust pointers
[90.508s][info][gc,phases      ] GC(338) Phase 3: Adjust pointers 55.715ms
[90.508s][info][gc,phases,start] GC(338) Phase 4: Move objects
[90.508s][info][gc,phases      ] GC(338) Phase 4: Move objects 0.030ms
[90.508s][info][gc,heap        ] GC(338) DefNew: 111638K->0K(629120K)
[90.508s][info][gc,heap        ] GC(338) Tenured: 178570K->178654K(1398144K)
[90.508s][info][gc,metaspace   ] GC(338) Metaspace: 79644K(83792K)->79644K(83792K) NonClass: 69403K(71600K)->69403K(71600K) Class: 10241K(12192K)->10241K(12192K)
[90.508s][info][gc             ] GC(338) Pause Full (System.gc()) 283M->174M(1979M) 205.418ms
[90.508s][info][gc,cpu         ] GC(338) User=0.16s Sys=0.00s Real=0.20s
[90.702s][info][gc,start       ] GC(339) Pause Young (Allocation Failure)
[90.703s][info][gc,heap        ] GC(339) DefNew: 559232K->291K(629120K)
[90.704s][info][gc,heap        ] GC(339) Tenured: 178654K->178654K(1398144K)
[90.704s][info][gc,metaspace   ] GC(339) Metaspace: 79651K(83792K)->79651K(83792K) NonClass: 69410K(71600K)->69410K(71600K) Class: 10241K(12192K)->10241K(12192K)
[90.704s][info][gc             ] GC(339) Pause Young (Allocation Failure) 720M->174M(1979M) 1.799ms
[90.704s][info][gc,cpu         ] GC(339) User=0.00s Sys=0.00s Real=0.00s
[90.897s][info][gc,start       ] GC(340) Pause Young (Allocation Failure)
[90.899s][info][gc,heap        ] GC(340) DefNew: 559523K->283K(629120K)
[90.899s][info][gc,heap        ] GC(340) Tenured: 178654K->178654K(1398144K)
[90.899s][info][gc,metaspace   ] GC(340) Metaspace: 79651K(83792K)->79651K(83792K) NonClass: 69410K(71600K)->69410K(71600K) Class: 10241K(12192K)->10241K(12192K)
[90.899s][info][gc             ] GC(340) Pause Young (Allocation Failure) 720M->174M(1979M) 1.626ms
[90.899s][info][gc,cpu         ] GC(340) User=0.00s Sys=0.00s Real=0.00s
[91.097s][info][gc,start       ] GC(341) Pause Young (Allocation Failure)
[91.098s][info][gc,heap        ] GC(341) DefNew: 559515K->283K(629120K)
[91.098s][info][gc,heap        ] GC(341) Tenured: 178654K->178654K(1398144K)
[91.098s][info][gc,metaspace   ] GC(341) Metaspace: 79651K(83792K)->79651K(83792K) NonClass: 69410K(71600K)->69410K(71600K) Class: 10241K(12192K)->10241K(12192K)
[91.098s][info][gc             ] GC(341) Pause Young (Allocation Failure) 720M->174M(1979M) 1.621ms
[91.098s][info][gc,cpu         ] GC(341) User=0.00s Sys=0.00s Real=0.00s
[91.281s][info][gc,start       ] GC(342) Pause Young (Allocation Failure)
[91.283s][info][gc,heap        ] GC(342) DefNew: 559515K->283K(629120K)
[91.283s][info][gc,heap        ] GC(342) Tenured: 178654K->178654K(1398144K)
[91.283s][info][gc,metaspace   ] GC(342) Metaspace: 79651K(83792K)->79651K(83792K) NonClass: 69410K(71600K)->69410K(71600K) Class: 10241K(12192K)->10241K(12192K)
[91.283s][info][gc             ] GC(342) Pause Young (Allocation Failure) 720M->174M(1979M) 1.590ms
[91.283s][info][gc,cpu         ] GC(342) User=0.00s Sys=0.00s Real=0.00s
[91.342s][info][gc,start       ] GC(343) Pause Full (System.gc())
[91.345s][info][gc,phases,start] GC(343) Phase 1: Mark live objects
[91.438s][info][gc,phases      ] GC(343) Phase 1: Mark live objects 92.501ms
[91.438s][info][gc,phases,start] GC(343) Phase 2: Compute new object addresses
[91.498s][info][gc,phases      ] GC(343) Phase 2: Compute new object addresses 59.572ms
[91.498s][info][gc,phases,start] GC(343) Phase 3: Adjust pointers
[91.556s][info][gc,phases      ] GC(343) Phase 3: Adjust pointers 58.038ms
[91.556s][info][gc,phases,start] GC(343) Phase 4: Move objects
[91.556s][info][gc,phases      ] GC(343) Phase 4: Move objects 0.036ms
[91.556s][info][gc,heap        ] GC(343) DefNew: 116442K->0K(629120K)
[91.556s][info][gc,heap        ] GC(343) Tenured: 178654K->178737K(1398144K)
[91.556s][info][gc,metaspace   ] GC(343) Metaspace: 79658K(83792K)->79658K(83792K) NonClass: 69417K(71600K)->69417K(71600K) Class: 10241K(12192K)->10241K(12192K)
[91.556s][info][gc             ] GC(343) Pause Full (System.gc()) 288M->174M(1979M) 214.508ms
[91.556s][info][gc,cpu         ] GC(343) User=0.19s Sys=0.00s Real=0.22s
[91.744s][info][gc,start       ] GC(344) Pause Young (Allocation Failure)
[91.746s][info][gc,heap        ] GC(344) DefNew: 559232K->292K(629120K)
[91.746s][info][gc,heap        ] GC(344) Tenured: 178737K->178737K(1398144K)
[91.746s][info][gc,metaspace   ] GC(344) Metaspace: 79661K(83792K)->79661K(83792K) NonClass: 69420K(71600K)->69420K(71600K) Class: 10241K(12192K)->10241K(12192K)
[91.746s][info][gc             ] GC(344) Pause Young (Allocation Failure) 720M->174M(1979M) 1.880ms
[91.746s][info][gc,cpu         ] GC(344) User=0.00s Sys=0.00s Real=0.00s
[91.915s][info][gc,start       ] GC(345) Pause Young (Allocation Failure)
[91.917s][info][gc,heap        ] GC(345) DefNew: 559524K->282K(629120K)
[91.917s][info][gc,heap        ] GC(345) Tenured: 178737K->178737K(1398144K)
[91.917s][info][gc,metaspace   ] GC(345) Metaspace: 79661K(83792K)->79661K(83792K) NonClass: 69420K(71600K)->69420K(71600K) Class: 10241K(12192K)->10241K(12192K)
[91.917s][info][gc             ] GC(345) Pause Young (Allocation Failure) 720M->174M(1979M) 1.688ms
[91.917s][info][gc,cpu         ] GC(345) User=0.00s Sys=0.00s Real=0.00s
[92.090s][info][gc,start       ] GC(346) Pause Young (Allocation Failure)
[92.092s][info][gc,heap        ] GC(346) DefNew: 559514K->282K(629120K)
[92.092s][info][gc,heap        ] GC(346) Tenured: 178737K->178737K(1398144K)
[92.092s][info][gc,metaspace   ] GC(346) Metaspace: 79661K(83792K)->79661K(83792K) NonClass: 69420K(71600K)->69420K(71600K) Class: 10241K(12192K)->10241K(12192K)
[92.092s][info][gc             ] GC(346) Pause Young (Allocation Failure) 720M->174M(1979M) 1.656ms
[92.092s][info][gc,cpu         ] GC(346) User=0.00s Sys=0.00s Real=0.00s
[92.262s][info][gc,start       ] GC(347) Pause Young (Allocation Failure)
[92.264s][info][gc,heap        ] GC(347) DefNew: 559514K->282K(629120K)
[92.264s][info][gc,heap        ] GC(347) Tenured: 178737K->178737K(1398144K)
[92.264s][info][gc,metaspace   ] GC(347) Metaspace: 79661K(83792K)->79661K(83792K) NonClass: 69420K(71600K)->69420K(71600K) Class: 10241K(12192K)->10241K(12192K)
[92.264s][info][gc             ] GC(347) Pause Young (Allocation Failure) 720M->174M(1979M) 1.641ms
[92.264s][info][gc,cpu         ] GC(347) User=0.00s Sys=0.00s Real=0.00s
[92.317s][info][gc,start       ] GC(348) Pause Full (System.gc())
[92.319s][info][gc,phases,start] GC(348) Phase 1: Mark live objects
[92.411s][info][gc,phases      ] GC(348) Phase 1: Mark live objects 91.882ms
[92.411s][info][gc,phases,start] GC(348) Phase 2: Compute new object addresses
[92.470s][info][gc,phases      ] GC(348) Phase 2: Compute new object addresses 58.270ms
[92.470s][info][gc,phases,start] GC(348) Phase 3: Adjust pointers
[92.526s][info][gc,phases      ] GC(348) Phase 3: Adjust pointers 56.722ms
[92.526s][info][gc,phases,start] GC(348) Phase 4: Move objects
[92.563s][info][gc,phases      ] GC(348) Phase 4: Move objects 36.442ms
[92.564s][info][gc,heap        ] GC(348) DefNew: 111388K->0K(629120K)
[92.564s][info][gc,heap        ] GC(348) Tenured: 178737K->178558K(1398144K)
[92.564s][info][gc,metaspace   ] GC(348) Metaspace: 79690K(83792K)->79690K(83792K) NonClass: 69449K(71600K)->69449K(71600K) Class: 10241K(12192K)->10241K(12192K)
[92.564s][info][gc             ] GC(348) Pause Full (System.gc()) 283M->174M(1979M) 246.792ms
[92.564s][info][gc,cpu         ] GC(348) User=0.25s Sys=0.00s Real=0.25s
[92.760s][info][gc,start       ] GC(349) Pause Young (Allocation Failure)
[92.762s][info][gc,heap        ] GC(349) DefNew: 559232K->293K(629120K)
[92.762s][info][gc,heap        ] GC(349) Tenured: 178558K->178558K(1398144K)
[92.762s][info][gc,metaspace   ] GC(349) Metaspace: 79712K(83792K)->79712K(83792K) NonClass: 69471K(71600K)->69471K(71600K) Class: 10241K(12192K)->10241K(12192K)
[92.762s][info][gc             ] GC(349) Pause Young (Allocation Failure) 720M->174M(1979M) 2.466ms
[92.763s][info][gc,cpu         ] GC(349) User=0.00s Sys=0.00s Real=0.00s
[92.925s][info][gc,start       ] GC(350) Pause Young (Allocation Failure)
[92.927s][info][gc,heap        ] GC(350) DefNew: 559525K->283K(629120K)
[92.927s][info][gc,heap        ] GC(350) Tenured: 178558K->178558K(1398144K)
[92.927s][info][gc,metaspace   ] GC(350) Metaspace: 79712K(83792K)->79712K(83792K) NonClass: 69471K(71600K)->69471K(71600K) Class: 10241K(12192K)->10241K(12192K)
[92.927s][info][gc             ] GC(350) Pause Young (Allocation Failure) 720M->174M(1979M) 1.651ms
[92.927s][info][gc,cpu         ] GC(350) User=0.00s Sys=0.00s Real=0.00s
[93.093s][info][gc,start       ] GC(351) Pause Young (Allocation Failure)
[93.095s][info][gc,heap        ] GC(351) DefNew: 559515K->283K(629120K)
[93.095s][info][gc,heap        ] GC(351) Tenured: 178558K->178558K(1398144K)
[93.095s][info][gc,metaspace   ] GC(351) Metaspace: 79712K(83792K)->79712K(83792K) NonClass: 69471K(71600K)->69471K(71600K) Class: 10241K(12192K)->10241K(12192K)
[93.095s][info][gc             ] GC(351) Pause Young (Allocation Failure) 720M->174M(1979M) 1.649ms
[93.095s][info][gc,cpu         ] GC(351) User=0.00s Sys=0.00s Real=0.00s
[93.269s][info][gc,start       ] GC(352) Pause Young (Allocation Failure)
[93.271s][info][gc,heap        ] GC(352) DefNew: 559515K->283K(629120K)
[93.271s][info][gc,heap        ] GC(352) Tenured: 178558K->178558K(1398144K)
[93.271s][info][gc,metaspace   ] GC(352) Metaspace: 79712K(83792K)->79712K(83792K) NonClass: 69471K(71600K)->69471K(71600K) Class: 10241K(12192K)->10241K(12192K)
[93.271s][info][gc             ] GC(352) Pause Young (Allocation Failure) 720M->174M(1979M) 1.673ms
[93.271s][info][gc,cpu         ] GC(352) User=0.00s Sys=0.00s Real=0.00s
[93.320s][info][gc,start       ] GC(353) Pause Full (System.gc())
[93.322s][info][gc,phases,start] GC(353) Phase 1: Mark live objects
[93.414s][info][gc,phases      ] GC(353) Phase 1: Mark live objects 91.443ms
[93.414s][info][gc,phases,start] GC(353) Phase 2: Compute new object addresses
[93.471s][info][gc,phases      ] GC(353) Phase 2: Compute new object addresses 56.706ms
[93.471s][info][gc,phases,start] GC(353) Phase 3: Adjust pointers
[93.527s][info][gc,phases      ] GC(353) Phase 3: Adjust pointers 56.793ms
[93.528s][info][gc,phases,start] GC(353) Phase 4: Move objects
[93.528s][info][gc,phases      ] GC(353) Phase 4: Move objects 0.031ms
[93.528s][info][gc,heap        ] GC(353) DefNew: 105217K->0K(629120K)
[93.528s][info][gc,heap        ] GC(353) Tenured: 178558K->178641K(1398144K)
[93.528s][info][gc,metaspace   ] GC(353) Metaspace: 79713K(83792K)->79713K(83792K) NonClass: 69472K(71600K)->69472K(71600K) Class: 10241K(12192K)->10241K(12192K)
[93.528s][info][gc             ] GC(353) Pause Full (System.gc()) 277M->174M(1979M) 207.562ms
[93.528s][info][gc,cpu         ] GC(353) User=0.20s Sys=0.00s Real=0.20s
[93.717s][info][gc,start       ] GC(354) Pause Young (Allocation Failure)
[93.719s][info][gc,heap        ] GC(354) DefNew: 559232K->293K(629120K)
[93.719s][info][gc,heap        ] GC(354) Tenured: 178641K->178641K(1398144K)
[93.719s][info][gc,metaspace   ] GC(354) Metaspace: 79714K(83792K)->79714K(83792K) NonClass: 69473K(71600K)->69473K(71600K) Class: 10241K(12192K)->10241K(12192K)
[93.719s][info][gc             ] GC(354) Pause Young (Allocation Failure) 720M->174M(1979M) 1.846ms
[93.719s][info][gc,cpu         ] GC(354) User=0.00s Sys=0.00s Real=0.02s
[93.892s][info][gc,start       ] GC(355) Pause Young (Allocation Failure)
[93.893s][info][gc,heap        ] GC(355) DefNew: 559525K->284K(629120K)
[93.893s][info][gc,heap        ] GC(355) Tenured: 178641K->178641K(1398144K)
[93.893s][info][gc,metaspace   ] GC(355) Metaspace: 79714K(83792K)->79714K(83792K) NonClass: 69473K(71600K)->69473K(71600K) Class: 10241K(12192K)->10241K(12192K)
[93.893s][info][gc             ] GC(355) Pause Young (Allocation Failure) 720M->174M(1979M) 1.691ms
[93.893s][info][gc,cpu         ] GC(355) User=0.00s Sys=0.00s Real=0.00s
[94.078s][info][gc,start       ] GC(356) Pause Young (Allocation Failure)
[94.080s][info][gc,heap        ] GC(356) DefNew: 559516K->284K(629120K)
[94.080s][info][gc,heap        ] GC(356) Tenured: 178641K->178641K(1398144K)
[94.080s][info][gc,metaspace   ] GC(356) Metaspace: 79714K(83792K)->79714K(83792K) NonClass: 69473K(71600K)->69473K(71600K) Class: 10241K(12192K)->10241K(12192K)
[94.080s][info][gc             ] GC(356) Pause Young (Allocation Failure) 720M->174M(1979M) 1.891ms
[94.080s][info][gc,cpu         ] GC(356) User=0.00s Sys=0.00s Real=0.01s
[94.275s][info][gc,start       ] GC(357) Pause Young (Allocation Failure)
[94.277s][info][gc,heap        ] GC(357) DefNew: 559516K->284K(629120K)
[94.277s][info][gc,heap        ] GC(357) Tenured: 178641K->178641K(1398144K)
[94.277s][info][gc,metaspace   ] GC(357) Metaspace: 79714K(83792K)->79714K(83792K) NonClass: 69473K(71600K)->69473K(71600K) Class: 10241K(12192K)->10241K(12192K)
[94.277s][info][gc             ] GC(357) Pause Young (Allocation Failure) 720M->174M(1979M) 1.621ms
[94.277s][info][gc,cpu         ] GC(357) User=0.00s Sys=0.00s Real=0.00s
[94.331s][info][gc,start       ] GC(358) Pause Full (System.gc())
[94.333s][info][gc,phases,start] GC(358) Phase 1: Mark live objects
[94.425s][info][gc,phases      ] GC(358) Phase 1: Mark live objects 92.633ms
[94.425s][info][gc,phases,start] GC(358) Phase 2: Compute new object addresses
[94.483s][info][gc,phases      ] GC(358) Phase 2: Compute new object addresses 57.339ms
[94.483s][info][gc,phases,start] GC(358) Phase 3: Adjust pointers
[94.538s][info][gc,phases      ] GC(358) Phase 3: Adjust pointers 55.407ms
[94.538s][info][gc,phases,start] GC(358) Phase 4: Move objects
[94.538s][info][gc,phases      ] GC(358) Phase 4: Move objects 0.030ms
[94.538s][info][gc,heap        ] GC(358) DefNew: 110720K->0K(629120K)
[94.538s][info][gc,heap        ] GC(358) Tenured: 178641K->178725K(1398144K)
[94.538s][info][gc,metaspace   ] GC(358) Metaspace: 79719K(83792K)->79719K(83792K) NonClass: 69478K(71600K)->69478K(71600K) Class: 10241K(12192K)->10241K(12192K)
[94.539s][info][gc             ] GC(358) Pause Full (System.gc()) 282M->174M(1979M) 207.617ms
[94.539s][info][gc,cpu         ] GC(358) User=0.20s Sys=0.00s Real=0.20s
[94.723s][info][gc,start       ] GC(359) Pause Young (Allocation Failure)
[94.725s][info][gc,heap        ] GC(359) DefNew: 559232K->292K(629120K)
[94.725s][info][gc,heap        ] GC(359) Tenured: 178725K->178725K(1398144K)
[94.725s][info][gc,metaspace   ] GC(359) Metaspace: 79719K(83792K)->79719K(83792K) NonClass: 69478K(71600K)->69478K(71600K) Class: 10241K(12192K)->10241K(12192K)
[94.725s][info][gc             ] GC(359) Pause Young (Allocation Failure) 720M->174M(1979M) 1.970ms
[94.725s][info][gc,cpu         ] GC(359) User=0.00s Sys=0.00s Real=0.00s
[94.903s][info][gc,start       ] GC(360) Pause Young (Allocation Failure)
[94.904s][info][gc,heap        ] GC(360) DefNew: 559524K->283K(629120K)
[94.904s][info][gc,heap        ] GC(360) Tenured: 178725K->178725K(1398144K)
[94.904s][info][gc,metaspace   ] GC(360) Metaspace: 79719K(83792K)->79719K(83792K) NonClass: 69478K(71600K)->69478K(71600K) Class: 10241K(12192K)->10241K(12192K)
[94.904s][info][gc             ] GC(360) Pause Young (Allocation Failure) 720M->174M(1979M) 1.630ms
[94.904s][info][gc,cpu         ] GC(360) User=0.00s Sys=0.00s Real=0.00s
[95.073s][info][gc,start       ] GC(361) Pause Young (Allocation Failure)
[95.075s][info][gc,heap        ] GC(361) DefNew: 559515K->284K(629120K)
[95.075s][info][gc,heap        ] GC(361) Tenured: 178725K->178725K(1398144K)
[95.075s][info][gc,metaspace   ] GC(361) Metaspace: 79719K(83792K)->79719K(83792K) NonClass: 69478K(71600K)->69478K(71600K) Class: 10241K(12192K)->10241K(12192K)
[95.075s][info][gc             ] GC(361) Pause Young (Allocation Failure) 720M->174M(1979M) 1.568ms
[95.075s][info][gc,cpu         ] GC(361) User=0.00s Sys=0.00s Real=0.00s
[95.246s][info][gc,start       ] GC(362) Pause Young (Allocation Failure)
[95.248s][info][gc,heap        ] GC(362) DefNew: 559516K->304K(629120K)
[95.248s][info][gc,heap        ] GC(362) Tenured: 178725K->178725K(1398144K)
[95.248s][info][gc,metaspace   ] GC(362) Metaspace: 79720K(83792K)->79720K(83792K) NonClass: 69479K(71600K)->69479K(71600K) Class: 10241K(12192K)->10241K(12192K)
[95.248s][info][gc             ] GC(362) Pause Young (Allocation Failure) 720M->174M(1979M) 1.711ms
[95.248s][info][gc,cpu         ] GC(362) User=0.00s Sys=0.00s Real=0.00s
[95.298s][info][gc,start       ] GC(363) Pause Full (System.gc())
[95.300s][info][gc,phases,start] GC(363) Phase 1: Mark live objects
[95.394s][info][gc,phases      ] GC(363) Phase 1: Mark live objects 93.702ms
[95.394s][info][gc,phases,start] GC(363) Phase 2: Compute new object addresses
[95.453s][info][gc,phases      ] GC(363) Phase 2: Compute new object addresses 58.845ms
[95.453s][info][gc,phases,start] GC(363) Phase 3: Adjust pointers
[95.510s][info][gc,phases      ] GC(363) Phase 3: Adjust pointers 57.382ms
[95.510s][info][gc,phases,start] GC(363) Phase 4: Move objects
[95.510s][info][gc,phases      ] GC(363) Phase 4: Move objects 0.031ms
[95.511s][info][gc,heap        ] GC(363) DefNew: 112510K->0K(629120K)
[95.511s][info][gc,heap        ] GC(363) Tenured: 178725K->178808K(1398144K)
[95.511s][info][gc,metaspace   ] GC(363) Metaspace: 79726K(83792K)->79726K(83792K) NonClass: 69485K(71600K)->69485K(71600K) Class: 10241K(12192K)->10241K(12192K)
[95.511s][info][gc             ] GC(363) Pause Full (System.gc()) 284M->174M(1979M) 212.211ms
[95.511s][info][gc,cpu         ] GC(363) User=0.22s Sys=0.00s Real=0.22s
[95.701s][info][gc,start       ] GC(364) Pause Young (Allocation Failure)
[95.704s][info][gc,heap        ] GC(364) DefNew: 559232K->291K(629120K)
[95.704s][info][gc,heap        ] GC(364) Tenured: 178808K->178808K(1398144K)
[95.704s][info][gc,metaspace   ] GC(364) Metaspace: 79729K(83792K)->79729K(83792K) NonClass: 69488K(71600K)->69488K(71600K) Class: 10241K(12192K)->10241K(12192K)
[95.704s][info][gc             ] GC(364) Pause Young (Allocation Failure) 720M->174M(1979M) 2.376ms
[95.704s][info][gc,cpu         ] GC(364) User=0.00s Sys=0.00s Real=0.00s
[95.897s][info][gc,start       ] GC(365) Pause Young (Allocation Failure)
[95.900s][info][gc,heap        ] GC(365) DefNew: 559523K->282K(629120K)
[95.900s][info][gc,heap        ] GC(365) Tenured: 178808K->178808K(1398144K)
[95.900s][info][gc,metaspace   ] GC(365) Metaspace: 79729K(83792K)->79729K(83792K) NonClass: 69488K(71600K)->69488K(71600K) Class: 10241K(12192K)->10241K(12192K)
[95.900s][info][gc             ] GC(365) Pause Young (Allocation Failure) 721M->174M(1979M) 2.301ms
[95.900s][info][gc,cpu         ] GC(365) User=0.02s Sys=0.00s Real=0.02s
[96.080s][info][gc,start       ] GC(366) Pause Young (Allocation Failure)
[96.082s][info][gc,heap        ] GC(366) DefNew: 559514K->282K(629120K)
[96.082s][info][gc,heap        ] GC(366) Tenured: 178808K->178808K(1398144K)
[96.082s][info][gc,metaspace   ] GC(366) Metaspace: 79729K(83792K)->79729K(83792K) NonClass: 69488K(71600K)->69488K(71600K) Class: 10241K(12192K)->10241K(12192K)
[96.082s][info][gc             ] GC(366) Pause Young (Allocation Failure) 721M->174M(1979M) 1.552ms
[96.082s][info][gc,cpu         ] GC(366) User=0.00s Sys=0.00s Real=0.00s
[96.266s][info][gc,start       ] GC(367) Pause Young (Allocation Failure)
[96.267s][info][gc,heap        ] GC(367) DefNew: 559514K->282K(629120K)
[96.267s][info][gc,heap        ] GC(367) Tenured: 178808K->178808K(1398144K)
[96.267s][info][gc,metaspace   ] GC(367) Metaspace: 79729K(83792K)->79729K(83792K) NonClass: 69488K(71600K)->69488K(71600K) Class: 10241K(12192K)->10241K(12192K)
[96.267s][info][gc             ] GC(367) Pause Young (Allocation Failure) 721M->174M(1979M) 1.584ms
[96.268s][info][gc,cpu         ] GC(367) User=0.00s Sys=0.00s Real=0.01s
[96.319s][info][gc,start       ] GC(368) Pause Full (System.gc())
[96.322s][info][gc,phases,start] GC(368) Phase 1: Mark live objects
[96.415s][info][gc,phases      ] GC(368) Phase 1: Mark live objects 93.159ms
[96.415s][info][gc,phases,start] GC(368) Phase 2: Compute new object addresses
[96.472s][info][gc,phases      ] GC(368) Phase 2: Compute new object addresses 56.485ms
[96.472s][info][gc,phases,start] GC(368) Phase 3: Adjust pointers
[96.529s][info][gc,phases      ] GC(368) Phase 3: Adjust pointers 57.106ms
[96.529s][info][gc,phases,start] GC(368) Phase 4: Move objects
[96.564s][info][gc,phases      ] GC(368) Phase 4: Move objects 34.638ms
[96.564s][info][gc,heap        ] GC(368) DefNew: 102797K->0K(629120K)
[96.564s][info][gc,heap        ] GC(368) Tenured: 178808K->178624K(1398144K)
[96.564s][info][gc,metaspace   ] GC(368) Metaspace: 79729K(83792K)->79729K(83792K) NonClass: 69488K(71600K)->69488K(71600K) Class: 10241K(12192K)->10241K(12192K)
[96.564s][info][gc             ] GC(368) Pause Full (System.gc()) 275M->174M(1979M) 245.416ms
[96.564s][info][gc,cpu         ] GC(368) User=0.25s Sys=0.00s Real=0.25s
[96.758s][info][gc,start       ] GC(369) Pause Young (Allocation Failure)
[96.760s][info][gc,heap        ] GC(369) DefNew: 559232K->291K(629120K)
[96.760s][info][gc,heap        ] GC(369) Tenured: 178624K->178624K(1398144K)
[96.760s][info][gc,metaspace   ] GC(369) Metaspace: 79733K(83792K)->79733K(83792K) NonClass: 69492K(71600K)->69492K(71600K) Class: 10241K(12192K)->10241K(12192K)
[96.760s][info][gc             ] GC(369) Pause Young (Allocation Failure) 720M->174M(1979M) 1.862ms
[96.760s][info][gc,cpu         ] GC(369) User=0.00s Sys=0.00s Real=0.00s
[96.949s][info][gc,start       ] GC(370) Pause Young (Allocation Failure)
[96.951s][info][gc,heap        ] GC(370) DefNew: 559523K->282K(629120K)
[96.951s][info][gc,heap        ] GC(370) Tenured: 178624K->178624K(1398144K)
[96.951s][info][gc,metaspace   ] GC(370) Metaspace: 79733K(83792K)->79733K(83792K) NonClass: 69492K(71600K)->69492K(71600K) Class: 10241K(12192K)->10241K(12192K)
[96.951s][info][gc             ] GC(370) Pause Young (Allocation Failure) 720M->174M(1979M) 1.623ms
[96.951s][info][gc,cpu         ] GC(370) User=0.00s Sys=0.00s Real=0.02s
[97.114s][info][gc,start       ] GC(371) Pause Young (Allocation Failure)
[97.115s][info][gc,heap        ] GC(371) DefNew: 559514K->282K(629120K)
[97.115s][info][gc,heap        ] GC(371) Tenured: 178624K->178624K(1398144K)
[97.115s][info][gc,metaspace   ] GC(371) Metaspace: 79733K(83792K)->79733K(83792K) NonClass: 69492K(71600K)->69492K(71600K) Class: 10241K(12192K)->10241K(12192K)
[97.115s][info][gc             ] GC(371) Pause Young (Allocation Failure) 720M->174M(1979M) 1.581ms
[97.115s][info][gc,cpu         ] GC(371) User=0.00s Sys=0.00s Real=0.00s
[97.290s][info][gc,start       ] GC(372) Pause Young (Allocation Failure)
[97.292s][info][gc,heap        ] GC(372) DefNew: 559514K->282K(629120K)
[97.292s][info][gc,heap        ] GC(372) Tenured: 178624K->178624K(1398144K)
[97.292s][info][gc,metaspace   ] GC(372) Metaspace: 79733K(83792K)->79733K(83792K) NonClass: 69492K(71600K)->69492K(71600K) Class: 10241K(12192K)->10241K(12192K)
[97.292s][info][gc             ] GC(372) Pause Young (Allocation Failure) 720M->174M(1979M) 1.661ms
[97.292s][info][gc,cpu         ] GC(372) User=0.00s Sys=0.00s Real=0.00s
[97.343s][info][gc,start       ] GC(373) Pause Full (System.gc())
[97.345s][info][gc,phases,start] GC(373) Phase 1: Mark live objects
[97.436s][info][gc,phases      ] GC(373) Phase 1: Mark live objects 91.696ms
[97.436s][info][gc,phases,start] GC(373) Phase 2: Compute new object addresses
[97.495s][info][gc,phases      ] GC(373) Phase 2: Compute new object addresses 58.153ms
[97.495s][info][gc,phases,start] GC(373) Phase 3: Adjust pointers
[97.550s][info][gc,phases      ] GC(373) Phase 3: Adjust pointers 55.465ms
[97.550s][info][gc,phases,start] GC(373) Phase 4: Move objects
[97.550s][info][gc,phases      ] GC(373) Phase 4: Move objects 0.030ms
[97.550s][info][gc,heap        ] GC(373) DefNew: 101115K->0K(629120K)
[97.551s][info][gc,heap        ] GC(373) Tenured: 178624K->178706K(1398144K)
[97.551s][info][gc,metaspace   ] GC(373) Metaspace: 79735K(83792K)->79735K(83792K) NonClass: 69494K(71600K)->69494K(71600K) Class: 10241K(12192K)->10241K(12192K)
[97.551s][info][gc             ] GC(373) Pause Full (System.gc()) 273M->174M(1979M) 207.624ms
[97.551s][info][gc,cpu         ] GC(373) User=0.19s Sys=0.00s Real=0.20s
[97.736s][info][gc,start       ] GC(374) Pause Young (Allocation Failure)
[97.738s][info][gc,heap        ] GC(374) DefNew: 559232K->291K(629120K)
[97.738s][info][gc,heap        ] GC(374) Tenured: 178706K->178706K(1398144K)
[97.738s][info][gc,metaspace   ] GC(374) Metaspace: 79736K(83792K)->79736K(83792K) NonClass: 69495K(71600K)->69495K(71600K) Class: 10241K(12192K)->10241K(12192K)
[97.738s][info][gc             ] GC(374) Pause Young (Allocation Failure) 720M->174M(1979M) 2.161ms
[97.738s][info][gc,cpu         ] GC(374) User=0.00s Sys=0.00s Real=0.00s
[97.907s][info][gc,start       ] GC(375) Pause Young (Allocation Failure)
[97.909s][info][gc,heap        ] GC(375) DefNew: 559523K->282K(629120K)
[97.909s][info][gc,heap        ] GC(375) Tenured: 178706K->178706K(1398144K)
[97.909s][info][gc,metaspace   ] GC(375) Metaspace: 79736K(83792K)->79736K(83792K) NonClass: 69495K(71600K)->69495K(71600K) Class: 10241K(12192K)->10241K(12192K)
[97.909s][info][gc             ] GC(375) Pause Young (Allocation Failure) 720M->174M(1979M) 1.982ms
[97.909s][info][gc,cpu         ] GC(375) User=0.00s Sys=0.00s Real=0.02s
[98.074s][info][gc,start       ] GC(376) Pause Young (Allocation Failure)
[98.076s][info][gc,heap        ] GC(376) DefNew: 559514K->282K(629120K)
[98.076s][info][gc,heap        ] GC(376) Tenured: 178706K->178706K(1398144K)
[98.076s][info][gc,metaspace   ] GC(376) Metaspace: 79736K(83792K)->79736K(83792K) NonClass: 69495K(71600K)->69495K(71600K) Class: 10241K(12192K)->10241K(12192K)
[98.076s][info][gc             ] GC(376) Pause Young (Allocation Failure) 720M->174M(1979M) 2.594ms
[98.076s][info][gc,cpu         ] GC(376) User=0.00s Sys=0.00s Real=0.00s
[98.244s][info][gc,start       ] GC(377) Pause Young (Allocation Failure)
[98.245s][info][gc,heap        ] GC(377) DefNew: 559514K->282K(629120K)
[98.245s][info][gc,heap        ] GC(377) Tenured: 178706K->178706K(1398144K)
[98.245s][info][gc,metaspace   ] GC(377) Metaspace: 79736K(83792K)->79736K(83792K) NonClass: 69495K(71600K)->69495K(71600K) Class: 10241K(12192K)->10241K(12192K)
[98.245s][info][gc             ] GC(377) Pause Young (Allocation Failure) 720M->174M(1979M) 1.712ms
[98.245s][info][gc,cpu         ] GC(377) User=0.00s Sys=0.00s Real=0.00s
[98.292s][info][gc,start       ] GC(378) Pause Full (System.gc())
[98.293s][info][gc,phases,start] GC(378) Phase 1: Mark live objects
[98.386s][info][gc,phases      ] GC(378) Phase 1: Mark live objects 92.318ms
[98.386s][info][gc,phases,start] GC(378) Phase 2: Compute new object addresses
[98.441s][info][gc,phases      ] GC(378) Phase 2: Compute new object addresses 55.564ms
[98.441s][info][gc,phases,start] GC(378) Phase 3: Adjust pointers
[98.497s][info][gc,phases      ] GC(378) Phase 3: Adjust pointers 55.507ms
[98.497s][info][gc,phases,start] GC(378) Phase 4: Move objects
[98.497s][info][gc,phases      ] GC(378) Phase 4: Move objects 0.030ms
[98.497s][info][gc,heap        ] GC(378) DefNew: 105622K->0K(629120K)
[98.497s][info][gc,heap        ] GC(378) Tenured: 178706K->178788K(1398144K)
[98.497s][info][gc,metaspace   ] GC(378) Metaspace: 79738K(83792K)->79738K(83792K) NonClass: 69497K(71600K)->69497K(71600K) Class: 10241K(12192K)->10241K(12192K)
[98.497s][info][gc             ] GC(378) Pause Full (System.gc()) 277M->174M(1979M) 205.606ms
[98.497s][info][gc,cpu         ] GC(378) User=0.20s Sys=0.00s Real=0.20s
[98.684s][info][gc,start       ] GC(379) Pause Young (Allocation Failure)
[98.686s][info][gc,heap        ] GC(379) DefNew: 559232K->292K(629120K)
[98.686s][info][gc,heap        ] GC(379) Tenured: 178788K->178788K(1398144K)
[98.686s][info][gc,metaspace   ] GC(379) Metaspace: 79749K(83792K)->79749K(83792K) NonClass: 69508K(71600K)->69508K(71600K) Class: 10241K(12192K)->10241K(12192K)
[98.686s][info][gc             ] GC(379) Pause Young (Allocation Failure) 720M->174M(1979M) 1.805ms
[98.686s][info][gc,cpu         ] GC(379) User=0.00s Sys=0.00s Real=0.00s
[98.866s][info][gc,start       ] GC(380) Pause Young (Allocation Failure)
[98.867s][info][gc,heap        ] GC(380) DefNew: 559524K->282K(629120K)
[98.867s][info][gc,heap        ] GC(380) Tenured: 178788K->178788K(1398144K)
[98.867s][info][gc,metaspace   ] GC(380) Metaspace: 79749K(83792K)->79749K(83792K) NonClass: 69508K(71600K)->69508K(71600K) Class: 10241K(12192K)->10241K(12192K)
[98.867s][info][gc             ] GC(380) Pause Young (Allocation Failure) 721M->174M(1979M) 1.829ms
[98.868s][info][gc,cpu         ] GC(380) User=0.00s Sys=0.00s Real=0.00s
[99.065s][info][gc,start       ] GC(381) Pause Young (Allocation Failure)
[99.066s][info][gc,heap        ] GC(381) DefNew: 559514K->282K(629120K)
[99.066s][info][gc,heap        ] GC(381) Tenured: 178788K->178788K(1398144K)
[99.066s][info][gc,metaspace   ] GC(381) Metaspace: 79749K(83792K)->79749K(83792K) NonClass: 69508K(71600K)->69508K(71600K) Class: 10241K(12192K)->10241K(12192K)
[99.067s][info][gc             ] GC(381) Pause Young (Allocation Failure) 720M->174M(1979M) 1.623ms
[99.067s][info][gc,cpu         ] GC(381) User=0.00s Sys=0.00s Real=0.00s
[99.232s][info][gc,start       ] GC(382) Pause Young (Allocation Failure)
[99.233s][info][gc,heap        ] GC(382) DefNew: 559514K->282K(629120K)
[99.233s][info][gc,heap        ] GC(382) Tenured: 178788K->178788K(1398144K)
[99.233s][info][gc,metaspace   ] GC(382) Metaspace: 79749K(83792K)->79749K(83792K) NonClass: 69508K(71600K)->69508K(71600K) Class: 10241K(12192K)->10241K(12192K)
[99.233s][info][gc             ] GC(382) Pause Young (Allocation Failure) 720M->174M(1979M) 1.713ms
[99.233s][info][gc,cpu         ] GC(382) User=0.00s Sys=0.00s Real=0.00s
[99.281s][info][gc,start       ] GC(383) Pause Full (System.gc())
[99.283s][info][gc,phases,start] GC(383) Phase 1: Mark live objects
[99.375s][info][gc,phases      ] GC(383) Phase 1: Mark live objects 92.340ms
[99.375s][info][gc,phases,start] GC(383) Phase 2: Compute new object addresses
[99.432s][info][gc,phases      ] GC(383) Phase 2: Compute new object addresses 57.225ms
[99.432s][info][gc,phases,start] GC(383) Phase 3: Adjust pointers
[99.488s][info][gc,phases      ] GC(383) Phase 3: Adjust pointers 55.594ms
[99.488s][info][gc,phases,start] GC(383) Phase 4: Move objects
[99.488s][info][gc,phases      ] GC(383) Phase 4: Move objects 0.032ms
[99.488s][info][gc,heap        ] GC(383) DefNew: 116104K->0K(629120K)
[99.488s][info][gc,heap        ] GC(383) Tenured: 178788K->178869K(1398144K)
[99.488s][info][gc,metaspace   ] GC(383) Metaspace: 79751K(83792K)->79751K(83792K) NonClass: 69510K(71600K)->69510K(71600K) Class: 10241K(12192K)->10241K(12192K)
[99.488s][info][gc             ] GC(383) Pause Full (System.gc()) 287M->174M(1979M) 207.619ms
[99.488s][info][gc,cpu         ] GC(383) User=0.16s Sys=0.00s Real=0.20s
[99.683s][info][gc,start       ] GC(384) Pause Young (Allocation Failure)
[99.685s][info][gc,heap        ] GC(384) DefNew: 559232K->291K(629120K)
[99.685s][info][gc,heap        ] GC(384) Tenured: 178869K->178869K(1398144K)
[99.685s][info][gc,metaspace   ] GC(384) Metaspace: 79756K(83792K)->79756K(83792K) NonClass: 69515K(71600K)->69515K(71600K) Class: 10241K(12192K)->10241K(12192K)
[99.685s][info][gc             ] GC(384) Pause Young (Allocation Failure) 720M->174M(1979M) 1.871ms
[99.685s][info][gc,cpu         ] GC(384) User=0.00s Sys=0.00s Real=0.00s
[99.898s][info][gc,start       ] GC(385) Pause Young (Allocation Failure)
[99.901s][info][gc,heap        ] GC(385) DefNew: 559523K->281K(629120K)
[99.901s][info][gc,heap        ] GC(385) Tenured: 178869K->178869K(1398144K)
[99.901s][info][gc,metaspace   ] GC(385) Metaspace: 79756K(83792K)->79756K(83792K) NonClass: 69515K(71600K)->69515K(71600K) Class: 10241K(12192K)->10241K(12192K)
[99.901s][info][gc             ] GC(385) Pause Young (Allocation Failure) 721M->174M(1979M) 2.715ms
[99.901s][info][gc,cpu         ] GC(385) User=0.00s Sys=0.00s Real=0.00s
[100.081s][info][gc,start       ] GC(386) Pause Young (Allocation Failure)
[100.082s][info][gc,heap        ] GC(386) DefNew: 559513K->282K(629120K)
[100.082s][info][gc,heap        ] GC(386) Tenured: 178869K->178869K(1398144K)
[100.083s][info][gc,metaspace   ] GC(386) Metaspace: 79756K(83792K)->79756K(83792K) NonClass: 69515K(71600K)->69515K(71600K) Class: 10241K(12192K)->10241K(12192K)
[100.083s][info][gc             ] GC(386) Pause Young (Allocation Failure) 721M->174M(1979M) 1.597ms
[100.083s][info][gc,cpu         ] GC(386) User=0.00s Sys=0.00s Real=0.00s
[100.253s][info][gc,start       ] GC(387) Pause Young (Allocation Failure)
[100.256s][info][gc,heap        ] GC(387) DefNew: 559514K->281K(629120K)
[100.256s][info][gc,heap        ] GC(387) Tenured: 178869K->178869K(1398144K)
[100.256s][info][gc,metaspace   ] GC(387) Metaspace: 79756K(83792K)->79756K(83792K) NonClass: 69515K(71600K)->69515K(71600K) Class: 10241K(12192K)->10241K(12192K)
[100.256s][info][gc             ] GC(387) Pause Young (Allocation Failure) 721M->174M(1979M) 2.524ms
[100.256s][info][gc,cpu         ] GC(387) User=0.00s Sys=0.00s Real=0.00s
[100.310s][info][gc,start       ] GC(388) Pause Full (System.gc())
[100.312s][info][gc,phases,start] GC(388) Phase 1: Mark live objects
[100.405s][info][gc,phases      ] GC(388) Phase 1: Mark live objects 93.358ms
[100.405s][info][gc,phases,start] GC(388) Phase 2: Compute new object addresses
[100.463s][info][gc,phases      ] GC(388) Phase 2: Compute new object addresses 57.620ms
[100.463s][info][gc,phases,start] GC(388) Phase 3: Adjust pointers
[100.520s][info][gc,phases      ] GC(388) Phase 3: Adjust pointers 57.331ms
[100.520s][info][gc,phases,start] GC(388) Phase 4: Move objects
[100.556s][info][gc,phases      ] GC(388) Phase 4: Move objects 35.838ms
[100.557s][info][gc,heap        ] GC(388) DefNew: 110147K->0K(629120K)
[100.557s][info][gc,heap        ] GC(388) Tenured: 178869K->178698K(1398144K)
[100.557s][info][gc,metaspace   ] GC(388) Metaspace: 79756K(83792K)->79756K(83792K) NonClass: 69515K(71600K)->69515K(71600K) Class: 10241K(12192K)->10241K(12192K)
[100.557s][info][gc             ] GC(388) Pause Full (System.gc()) 282M->174M(1979M) 246.743ms
[100.557s][info][gc,cpu         ] GC(388) User=0.23s Sys=0.00s Real=0.24s
[100.750s][info][gc,start       ] GC(389) Pause Young (Allocation Failure)
[100.753s][info][gc,heap        ] GC(389) DefNew: 559232K->291K(629120K)
[100.753s][info][gc,heap        ] GC(389) Tenured: 178698K->178698K(1398144K)
[100.753s][info][gc,metaspace   ] GC(389) Metaspace: 79776K(83792K)->79776K(83792K) NonClass: 69535K(71600K)->69535K(71600K) Class: 10241K(12192K)->10241K(12192K)
[100.753s][info][gc             ] GC(389) Pause Young (Allocation Failure) 720M->174M(1979M) 2.692ms
[100.753s][info][gc,cpu         ] GC(389) User=0.00s Sys=0.00s Real=0.02s
[100.962s][info][gc,start       ] GC(390) Pause Young (Allocation Failure)
[100.963s][info][gc,heap        ] GC(390) DefNew: 559523K->281K(629120K)
[100.963s][info][gc,heap        ] GC(390) Tenured: 178698K->178698K(1398144K)
[100.963s][info][gc,metaspace   ] GC(390) Metaspace: 79776K(83792K)->79776K(83792K) NonClass: 69535K(71600K)->69535K(71600K) Class: 10241K(12192K)->10241K(12192K)
[100.963s][info][gc             ] GC(390) Pause Young (Allocation Failure) 720M->174M(1979M) 1.580ms
[100.963s][info][gc,cpu         ] GC(390) User=0.00s Sys=0.00s Real=0.00s
[101.131s][info][gc,start       ] GC(391) Pause Young (Allocation Failure)
[101.133s][info][gc,heap        ] GC(391) DefNew: 559513K->281K(629120K)
[101.133s][info][gc,heap        ] GC(391) Tenured: 178698K->178698K(1398144K)
[101.133s][info][gc,metaspace   ] GC(391) Metaspace: 79776K(83792K)->79776K(83792K) NonClass: 69535K(71600K)->69535K(71600K) Class: 10241K(12192K)->10241K(12192K)
[101.133s][info][gc             ] GC(391) Pause Young (Allocation Failure) 720M->174M(1979M) 2.445ms
[101.133s][info][gc,cpu         ] GC(391) User=0.00s Sys=0.00s Real=0.00s
[101.303s][info][gc,start       ] GC(392) Pause Young (Allocation Failure)
[101.305s][info][gc,heap        ] GC(392) DefNew: 559513K->281K(629120K)
[101.305s][info][gc,heap        ] GC(392) Tenured: 178698K->178698K(1398144K)
[101.305s][info][gc,metaspace   ] GC(392) Metaspace: 79776K(83792K)->79776K(83792K) NonClass: 69535K(71600K)->69535K(71600K) Class: 10241K(12192K)->10241K(12192K)
[101.305s][info][gc             ] GC(392) Pause Young (Allocation Failure) 720M->174M(1979M) 1.944ms
[101.305s][info][gc,cpu         ] GC(392) User=0.00s Sys=0.00s Real=0.00s
[101.363s][info][gc,start       ] GC(393) Pause Full (System.gc())
[101.367s][info][gc,phases,start] GC(393) Phase 1: Mark live objects
[101.457s][info][gc,phases      ] GC(393) Phase 1: Mark live objects 90.728ms
[101.458s][info][gc,phases,start] GC(393) Phase 2: Compute new object addresses
[101.513s][info][gc,phases      ] GC(393) Phase 2: Compute new object addresses 55.713ms
[101.513s][info][gc,phases,start] GC(393) Phase 3: Adjust pointers
[101.570s][info][gc,phases      ] GC(393) Phase 3: Adjust pointers 56.929ms
[101.574s][info][gc,phases,start] GC(393) Phase 4: Move objects
[101.575s][info][gc,phases      ] GC(393) Phase 4: Move objects 0.297ms
[101.575s][info][gc,heap        ] GC(393) DefNew: 111314K->0K(629120K)
[101.575s][info][gc,heap        ] GC(393) Tenured: 178698K->178783K(1398144K)
[101.575s][info][gc,metaspace   ] GC(393) Metaspace: 79799K(83792K)->79799K(83792K) NonClass: 69558K(71600K)->69558K(71600K) Class: 10241K(12192K)->10241K(12192K)
[101.575s][info][gc             ] GC(393) Pause Full (System.gc()) 283M->174M(1979M) 212.676ms
[101.575s][info][gc,cpu         ] GC(393) User=0.20s Sys=0.00s Real=0.23s
[101.768s][info][gc,start       ] GC(394) Pause Young (Allocation Failure)
[101.770s][info][gc,heap        ] GC(394) DefNew: 559232K->291K(629120K)
[101.770s][info][gc,heap        ] GC(394) Tenured: 178783K->178783K(1398144K)
[101.770s][info][gc,metaspace   ] GC(394) Metaspace: 79815K(83792K)->79815K(83792K) NonClass: 69574K(71600K)->69574K(71600K) Class: 10241K(12192K)->10241K(12192K)
[101.770s][info][gc             ] GC(394) Pause Young (Allocation Failure) 720M->174M(1979M) 1.976ms
[101.770s][info][gc,cpu         ] GC(394) User=0.00s Sys=0.00s Real=0.00s
[101.932s][info][gc,start       ] GC(395) Pause Young (Allocation Failure)
[101.933s][info][gc,heap        ] GC(395) DefNew: 559523K->281K(629120K)
[101.933s][info][gc,heap        ] GC(395) Tenured: 178783K->178783K(1398144K)
[101.933s][info][gc,metaspace   ] GC(395) Metaspace: 79815K(83792K)->79815K(83792K) NonClass: 69574K(71600K)->69574K(71600K) Class: 10241K(12192K)->10241K(12192K)
[101.933s][info][gc             ] GC(395) Pause Young (Allocation Failure) 721M->174M(1979M) 1.624ms
[101.933s][info][gc,cpu         ] GC(395) User=0.00s Sys=0.00s Real=0.00s
[102.097s][info][gc,start       ] GC(396) Pause Young (Allocation Failure)
[102.099s][info][gc,heap        ] GC(396) DefNew: 559513K->281K(629120K)
[102.099s][info][gc,heap        ] GC(396) Tenured: 178783K->178783K(1398144K)
[102.099s][info][gc,metaspace   ] GC(396) Metaspace: 79815K(83792K)->79815K(83792K) NonClass: 69574K(71600K)->69574K(71600K) Class: 10241K(12192K)->10241K(12192K)
[102.099s][info][gc             ] GC(396) Pause Young (Allocation Failure) 720M->174M(1979M) 1.557ms
[102.099s][info][gc,cpu         ] GC(396) User=0.00s Sys=0.00s Real=0.00s
[102.292s][info][gc,start       ] GC(397) Pause Young (Allocation Failure)
[102.294s][info][gc,heap        ] GC(397) DefNew: 559513K->281K(629120K)
[102.294s][info][gc,heap        ] GC(397) Tenured: 178783K->178783K(1398144K)
[102.294s][info][gc,metaspace   ] GC(397) Metaspace: 79815K(83792K)->79815K(83792K) NonClass: 69574K(71600K)->69574K(71600K) Class: 10241K(12192K)->10241K(12192K)
[102.294s][info][gc             ] GC(397) Pause Young (Allocation Failure) 720M->174M(1979M) 1.653ms
[102.294s][info][gc,cpu         ] GC(397) User=0.00s Sys=0.00s Real=0.00s
[102.346s][info][gc,start       ] GC(398) Pause Full (System.gc())
[102.347s][info][gc,phases,start] GC(398) Phase 1: Mark live objects
[102.438s][info][gc,phases      ] GC(398) Phase 1: Mark live objects 90.899ms
[102.438s][info][gc,phases,start] GC(398) Phase 2: Compute new object addresses
[102.495s][info][gc,phases      ] GC(398) Phase 2: Compute new object addresses 56.790ms
[102.495s][info][gc,phases,start] GC(398) Phase 3: Adjust pointers
[102.551s][info][gc,phases      ] GC(398) Phase 3: Adjust pointers 56.008ms
[102.551s][info][gc,phases,start] GC(398) Phase 4: Move objects
[102.551s][info][gc,phases      ] GC(398) Phase 4: Move objects 0.030ms
[102.551s][info][gc,heap        ] GC(398) DefNew: 116913K->0K(629120K)
[102.551s][info][gc,heap        ] GC(398) Tenured: 178783K->178864K(1398144K)
[102.551s][info][gc,metaspace   ] GC(398) Metaspace: 79838K(83792K)->79838K(83792K) NonClass: 69597K(71600K)->69597K(71600K) Class: 10241K(12192K)->10241K(12192K)
[102.552s][info][gc             ] GC(398) Pause Full (System.gc()) 288M->174M(1979M) 205.966ms
[102.552s][info][gc,cpu         ] GC(398) User=0.17s Sys=0.00s Real=0.21s
[102.741s][info][gc,start       ] GC(399) Pause Young (Allocation Failure)
[102.743s][info][gc,heap        ] GC(399) DefNew: 559232K->291K(629120K)
[102.743s][info][gc,heap        ] GC(399) Tenured: 178864K->178864K(1398144K)
[102.743s][info][gc,metaspace   ] GC(399) Metaspace: 79864K(84048K)->79864K(84048K) NonClass: 69623K(71856K)->69623K(71856K) Class: 10241K(12192K)->10241K(12192K)
[102.743s][info][gc             ] GC(399) Pause Young (Allocation Failure) 720M->174M(1979M) 2.073ms
[102.743s][info][gc,cpu         ] GC(399) User=0.00s Sys=0.00s Real=0.00s
[102.912s][info][gc,start       ] GC(400) Pause Young (Allocation Failure)
[102.941s][info][gc,heap        ] GC(400) DefNew: 559523K->281K(629120K)
[102.941s][info][gc,heap        ] GC(400) Tenured: 178864K->178864K(1398144K)
[102.941s][info][gc,metaspace   ] GC(400) Metaspace: 79864K(84048K)->79864K(84048K) NonClass: 69623K(71856K)->69623K(71856K) Class: 10241K(12192K)->10241K(12192K)
[102.941s][info][gc             ] GC(400) Pause Young (Allocation Failure) 721M->174M(1979M) 29.503ms
[102.941s][info][gc,cpu         ] GC(400) User=0.00s Sys=0.00s Real=0.03s
[103.112s][info][gc,start       ] GC(401) Pause Young (Allocation Failure)
[103.113s][info][gc,heap        ] GC(401) DefNew: 559513K->281K(629120K)
[103.113s][info][gc,heap        ] GC(401) Tenured: 178864K->178864K(1398144K)
[103.113s][info][gc,metaspace   ] GC(401) Metaspace: 79864K(84048K)->79864K(84048K) NonClass: 69623K(71856K)->69623K(71856K) Class: 10241K(12192K)->10241K(12192K)
[103.113s][info][gc             ] GC(401) Pause Young (Allocation Failure) 721M->174M(1979M) 1.557ms
[103.113s][info][gc,cpu         ] GC(401) User=0.00s Sys=0.00s Real=0.00s
[103.276s][info][gc,start       ] GC(402) Pause Young (Allocation Failure)
[103.278s][info][gc,heap        ] GC(402) DefNew: 559513K->281K(629120K)
[103.278s][info][gc,heap        ] GC(402) Tenured: 178864K->178864K(1398144K)
[103.278s][info][gc,metaspace   ] GC(402) Metaspace: 79864K(84048K)->79864K(84048K) NonClass: 69623K(71856K)->69623K(71856K) Class: 10241K(12192K)->10241K(12192K)
[103.278s][info][gc             ] GC(402) Pause Young (Allocation Failure) 721M->174M(1979M) 1.548ms
[103.278s][info][gc,cpu         ] GC(402) User=0.00s Sys=0.00s Real=0.02s
[103.323s][info][gc,start       ] GC(403) Pause Full (System.gc())
[103.324s][info][gc,phases,start] GC(403) Phase 1: Mark live objects
[103.416s][info][gc,phases      ] GC(403) Phase 1: Mark live objects 91.488ms
[103.416s][info][gc,phases,start] GC(403) Phase 2: Compute new object addresses
[103.472s][info][gc,phases      ] GC(403) Phase 2: Compute new object addresses 56.335ms
[103.472s][info][gc,phases,start] GC(403) Phase 3: Adjust pointers
[103.529s][info][gc,phases      ] GC(403) Phase 3: Adjust pointers 56.972ms
[103.529s][info][gc,phases,start] GC(403) Phase 4: Move objects
[103.529s][info][gc,phases      ] GC(403) Phase 4: Move objects 0.029ms
[103.530s][info][gc,heap        ] GC(403) DefNew: 106105K->0K(629120K)
[103.530s][info][gc,heap        ] GC(403) Tenured: 178864K->178945K(1398144K)
[103.530s][info][gc,metaspace   ] GC(403) Metaspace: 79873K(84048K)->79873K(84048K) NonClass: 69632K(71856K)->69632K(71856K) Class: 10241K(12192K)->10241K(12192K)
[103.530s][info][gc             ] GC(403) Pause Full (System.gc()) 278M->174M(1979M) 207.067ms
[103.530s][info][gc,cpu         ] GC(403) User=0.20s Sys=0.00s Real=0.22s
[103.717s][info][gc,start       ] GC(404) Pause Young (Allocation Failure)
[103.719s][info][gc,heap        ] GC(404) DefNew: 559232K->290K(629120K)
[103.719s][info][gc,heap        ] GC(404) Tenured: 178945K->178945K(1398144K)
[103.719s][info][gc,metaspace   ] GC(404) Metaspace: 79875K(84048K)->79875K(84048K) NonClass: 69634K(71856K)->69634K(71856K) Class: 10241K(12192K)->10241K(12192K)
[103.719s][info][gc             ] GC(404) Pause Young (Allocation Failure) 720M->175M(1979M) 1.825ms
[103.719s][info][gc,cpu         ] GC(404) User=0.00s Sys=0.00s Real=0.01s
[103.910s][info][gc,start       ] GC(405) Pause Young (Allocation Failure)
[103.912s][info][gc,heap        ] GC(405) DefNew: 559522K->280K(629120K)
[103.912s][info][gc,heap        ] GC(405) Tenured: 178945K->178945K(1398144K)
[103.912s][info][gc,metaspace   ] GC(405) Metaspace: 79875K(84048K)->79875K(84048K) NonClass: 69634K(71856K)->69634K(71856K) Class: 10241K(12192K)->10241K(12192K)
[103.912s][info][gc             ] GC(405) Pause Young (Allocation Failure) 721M->175M(1979M) 1.599ms
[103.912s][info][gc,cpu         ] GC(405) User=0.00s Sys=0.00s Real=0.00s
[104.081s][info][gc,start       ] GC(406) Pause Young (Allocation Failure)
[104.082s][info][gc,heap        ] GC(406) DefNew: 559512K->280K(629120K)
[104.082s][info][gc,heap        ] GC(406) Tenured: 178945K->178945K(1398144K)
[104.082s][info][gc,metaspace   ] GC(406) Metaspace: 79875K(84048K)->79875K(84048K) NonClass: 69634K(71856K)->69634K(71856K) Class: 10241K(12192K)->10241K(12192K)
[104.082s][info][gc             ] GC(406) Pause Young (Allocation Failure) 721M->175M(1979M) 1.589ms
[104.083s][info][gc,cpu         ] GC(406) User=0.00s Sys=0.00s Real=0.00s
[104.249s][info][gc,start       ] GC(407) Pause Young (Allocation Failure)
[104.252s][info][gc,heap        ] GC(407) DefNew: 559512K->280K(629120K)
[104.288s][info][gc,heap        ] GC(407) Tenured: 178945K->178945K(1398144K)
[104.288s][info][gc,metaspace   ] GC(407) Metaspace: 79875K(84048K)->79875K(84048K) NonClass: 69634K(71856K)->69634K(71856K) Class: 10241K(12192K)->10241K(12192K)
[104.288s][info][gc             ] GC(407) Pause Young (Allocation Failure) 721M->175M(1979M) 39.535ms
[104.288s][info][gc,cpu         ] GC(407) User=0.02s Sys=0.00s Real=0.05s
[104.332s][info][gc,start       ] GC(408) Pause Full (System.gc())
[104.334s][info][gc,phases,start] GC(408) Phase 1: Mark live objects
[104.426s][info][gc,phases      ] GC(408) Phase 1: Mark live objects 92.562ms
[104.426s][info][gc,phases,start] GC(408) Phase 2: Compute new object addresses
[104.485s][info][gc,phases      ] GC(408) Phase 2: Compute new object addresses 58.952ms
[104.486s][info][gc,phases,start] GC(408) Phase 3: Adjust pointers
[104.544s][info][gc,phases      ] GC(408) Phase 3: Adjust pointers 58.708ms
[104.544s][info][gc,phases,start] GC(408) Phase 4: Move objects
[104.579s][info][gc,phases      ] GC(408) Phase 4: Move objects 34.726ms
[104.580s][info][gc,heap        ] GC(408) DefNew: 110651K->0K(629120K)
[104.580s][info][gc,heap        ] GC(408) Tenured: 178945K->178770K(1398144K)
[104.580s][info][gc,metaspace   ] GC(408) Metaspace: 79878K(84048K)->79878K(84048K) NonClass: 69637K(71856K)->69637K(71856K) Class: 10241K(12192K)->10241K(12192K)
[104.580s][info][gc             ] GC(408) Pause Full (System.gc()) 282M->174M(1979M) 247.591ms
[104.580s][info][gc,cpu         ] GC(408) User=0.20s Sys=0.00s Real=0.24s
[104.773s][info][gc,start       ] GC(409) Pause Young (Allocation Failure)
[104.775s][info][gc,heap        ] GC(409) DefNew: 559232K->291K(629120K)
[104.775s][info][gc,heap        ] GC(409) Tenured: 178770K->178770K(1398144K)
[104.775s][info][gc,metaspace   ] GC(409) Metaspace: 79882K(84048K)->79882K(84048K) NonClass: 69641K(71856K)->69641K(71856K) Class: 10241K(12192K)->10241K(12192K)
[104.775s][info][gc             ] GC(409) Pause Young (Allocation Failure) 720M->174M(1979M) 2.534ms
[104.775s][info][gc,cpu         ] GC(409) User=0.00s Sys=0.00s Real=0.00s
[104.938s][info][gc,start       ] GC(410) Pause Young (Allocation Failure)
[104.940s][info][gc,heap        ] GC(410) DefNew: 559523K->283K(629120K)
[104.940s][info][gc,heap        ] GC(410) Tenured: 178770K->178770K(1398144K)
[104.940s][info][gc,metaspace   ] GC(410) Metaspace: 79882K(84048K)->79882K(84048K) NonClass: 69641K(71856K)->69641K(71856K) Class: 10241K(12192K)->10241K(12192K)
[104.940s][info][gc             ] GC(410) Pause Young (Allocation Failure) 720M->174M(1979M) 1.671ms
[104.940s][info][gc,cpu         ] GC(410) User=0.00s Sys=0.00s Real=0.00s
[105.117s][info][gc,start       ] GC(411) Pause Young (Allocation Failure)
[105.119s][info][gc,heap        ] GC(411) DefNew: 559515K->303K(629120K)
[105.119s][info][gc,heap        ] GC(411) Tenured: 178770K->178770K(1398144K)
[105.119s][info][gc,metaspace   ] GC(411) Metaspace: 79888K(84048K)->79888K(84048K) NonClass: 69647K(71856K)->69647K(71856K) Class: 10241K(12192K)->10241K(12192K)
[105.119s][info][gc             ] GC(411) Pause Young (Allocation Failure) 720M->174M(1979M) 1.681ms
[105.119s][info][gc,cpu         ] GC(411) User=0.00s Sys=0.00s Real=0.00s
[105.291s][info][gc,start       ] GC(412) Pause Young (Allocation Failure)
[105.293s][info][gc,heap        ] GC(412) DefNew: 559535K->303K(629120K)
[105.293s][info][gc,heap        ] GC(412) Tenured: 178770K->178770K(1398144K)
[105.293s][info][gc,metaspace   ] GC(412) Metaspace: 79888K(84048K)->79888K(84048K) NonClass: 69647K(71856K)->69647K(71856K) Class: 10241K(12192K)->10241K(12192K)
[105.293s][info][gc             ] GC(412) Pause Young (Allocation Failure) 721M->174M(1979M) 1.769ms
[105.293s][info][gc,cpu         ] GC(412) User=0.00s Sys=0.00s Real=0.00s
[105.350s][info][gc,start       ] GC(413) Pause Full (System.gc())
[105.351s][info][gc,phases,start] GC(413) Phase 1: Mark live objects
[105.442s][info][gc,phases      ] GC(413) Phase 1: Mark live objects 90.456ms
[105.442s][info][gc,phases,start] GC(413) Phase 2: Compute new object addresses
[105.498s][info][gc,phases      ] GC(413) Phase 2: Compute new object addresses 56.107ms
[105.498s][info][gc,phases,start] GC(413) Phase 3: Adjust pointers
[105.554s][info][gc,phases      ] GC(413) Phase 3: Adjust pointers 56.256ms
[105.554s][info][gc,phases,start] GC(413) Phase 4: Move objects
[105.554s][info][gc,phases      ] GC(413) Phase 4: Move objects 0.029ms
[105.555s][info][gc,heap        ] GC(413) DefNew: 106168K->0K(629120K)
[105.555s][info][gc,heap        ] GC(413) Tenured: 178770K->178852K(1398144K)
[105.555s][info][gc,metaspace   ] GC(413) Metaspace: 79888K(84048K)->79888K(84048K) NonClass: 69647K(71856K)->69647K(71856K) Class: 10241K(12192K)->10241K(12192K)
[105.555s][info][gc             ] GC(413) Pause Full (System.gc()) 278M->174M(1979M) 205.101ms
[105.555s][info][gc,cpu         ] GC(413) User=0.20s Sys=0.00s Real=0.22s
[105.748s][info][gc,start       ] GC(414) Pause Young (Allocation Failure)
[105.750s][info][gc,heap        ] GC(414) DefNew: 559232K->290K(629120K)
[105.750s][info][gc,heap        ] GC(414) Tenured: 178852K->178852K(1398144K)
[105.750s][info][gc,metaspace   ] GC(414) Metaspace: 79890K(84048K)->79890K(84048K) NonClass: 69649K(71856K)->69649K(71856K) Class: 10241K(12192K)->10241K(12192K)
[105.750s][info][gc             ] GC(414) Pause Young (Allocation Failure) 720M->174M(1979M) 2.207ms
[105.750s][info][gc,cpu         ] GC(414) User=0.00s Sys=0.00s Real=0.00s
[105.918s][info][gc,start       ] GC(415) Pause Young (Allocation Failure)
[105.919s][info][gc,heap        ] GC(415) DefNew: 559522K->281K(629120K)
[105.919s][info][gc,heap        ] GC(415) Tenured: 178852K->178852K(1398144K)
[105.919s][info][gc,metaspace   ] GC(415) Metaspace: 79890K(84048K)->79890K(84048K) NonClass: 69649K(71856K)->69649K(71856K) Class: 10241K(12192K)->10241K(12192K)
[105.919s][info][gc             ] GC(415) Pause Young (Allocation Failure) 721M->174M(1979M) 1.665ms
[105.920s][info][gc,cpu         ] GC(415) User=0.00s Sys=0.00s Real=0.00s
[106.105s][info][gc,start       ] GC(416) Pause Young (Allocation Failure)
[106.107s][info][gc,heap        ] GC(416) DefNew: 559513K->281K(629120K)
[106.107s][info][gc,heap        ] GC(416) Tenured: 178852K->178852K(1398144K)
[106.107s][info][gc,metaspace   ] GC(416) Metaspace: 79890K(84048K)->79890K(84048K) NonClass: 69649K(71856K)->69649K(71856K) Class: 10241K(12192K)->10241K(12192K)
[106.107s][info][gc             ] GC(416) Pause Young (Allocation Failure) 721M->174M(1979M) 1.556ms
[106.107s][info][gc,cpu         ] GC(416) User=0.00s Sys=0.00s Real=0.00s
[106.283s][info][gc,start       ] GC(417) Pause Young (Allocation Failure)
[106.284s][info][gc,heap        ] GC(417) DefNew: 559513K->281K(629120K)
[106.284s][info][gc,heap        ] GC(417) Tenured: 178852K->178852K(1398144K)
[106.284s][info][gc,metaspace   ] GC(417) Metaspace: 79890K(84048K)->79890K(84048K) NonClass: 69649K(71856K)->69649K(71856K) Class: 10241K(12192K)->10241K(12192K)
[106.284s][info][gc             ] GC(417) Pause Young (Allocation Failure) 721M->174M(1979M) 1.597ms
[106.284s][info][gc,cpu         ] GC(417) User=0.00s Sys=0.00s Real=0.00s
[106.334s][info][gc,start       ] GC(418) Pause Full (System.gc())
[106.336s][info][gc,phases,start] GC(418) Phase 1: Mark live objects
[106.428s][info][gc,phases      ] GC(418) Phase 1: Mark live objects 92.580ms
[106.428s][info][gc,phases,start] GC(418) Phase 2: Compute new object addresses
[106.485s][info][gc,phases      ] GC(418) Phase 2: Compute new object addresses 56.730ms
[106.485s][info][gc,phases,start] GC(418) Phase 3: Adjust pointers
[106.541s][info][gc,phases      ] GC(418) Phase 3: Adjust pointers 55.582ms
[106.541s][info][gc,phases,start] GC(418) Phase 4: Move objects
[106.541s][info][gc,phases      ] GC(418) Phase 4: Move objects 0.032ms
[106.541s][info][gc,heap        ] GC(418) DefNew: 106028K->0K(629120K)
[106.541s][info][gc,heap        ] GC(418) Tenured: 178852K->178932K(1398144K)
[106.541s][info][gc,metaspace   ] GC(418) Metaspace: 79890K(84048K)->79890K(84048K) NonClass: 69649K(71856K)->69649K(71856K) Class: 10241K(12192K)->10241K(12192K)
[106.541s][info][gc             ] GC(418) Pause Full (System.gc()) 278M->174M(1979M) 207.109ms
[106.541s][info][gc,cpu         ] GC(418) User=0.17s Sys=0.00s Real=0.21s
[106.729s][info][gc,start       ] GC(419) Pause Young (Allocation Failure)
[106.730s][info][gc,heap        ] GC(419) DefNew: 559232K->291K(629120K)
[106.730s][info][gc,heap        ] GC(419) Tenured: 178932K->178932K(1398144K)
[106.730s][info][gc,metaspace   ] GC(419) Metaspace: 79890K(84048K)->79890K(84048K) NonClass: 69649K(71856K)->69649K(71856K) Class: 10241K(12192K)->10241K(12192K)
[106.730s][info][gc             ] GC(419) Pause Young (Allocation Failure) 720M->175M(1979M) 1.854ms
[106.730s][info][gc,cpu         ] GC(419) User=0.00s Sys=0.00s Real=0.00s
[106.904s][info][gc,start       ] GC(420) Pause Young (Allocation Failure)
[106.906s][info][gc,heap        ] GC(420) DefNew: 559523K->281K(629120K)
[106.906s][info][gc,heap        ] GC(420) Tenured: 178932K->178932K(1398144K)
[106.906s][info][gc,metaspace   ] GC(420) Metaspace: 79890K(84048K)->79890K(84048K) NonClass: 69649K(71856K)->69649K(71856K) Class: 10241K(12192K)->10241K(12192K)
[106.906s][info][gc             ] GC(420) Pause Young (Allocation Failure) 721M->175M(1979M) 2.370ms
[106.906s][info][gc,cpu         ] GC(420) User=0.02s Sys=0.00s Real=0.02s
[107.093s][info][gc,start       ] GC(421) Pause Young (Allocation Failure)
[107.095s][info][gc,heap        ] GC(421) DefNew: 559513K->281K(629120K)
[107.095s][info][gc,heap        ] GC(421) Tenured: 178932K->178932K(1398144K)
[107.095s][info][gc,metaspace   ] GC(421) Metaspace: 79890K(84048K)->79890K(84048K) NonClass: 69649K(71856K)->69649K(71856K) Class: 10241K(12192K)->10241K(12192K)
[107.095s][info][gc             ] GC(421) Pause Young (Allocation Failure) 721M->175M(1979M) 1.718ms
[107.095s][info][gc,cpu         ] GC(421) User=0.00s Sys=0.00s Real=0.00s
[107.265s][info][gc,start       ] GC(422) Pause Young (Allocation Failure)
[107.266s][info][gc,heap        ] GC(422) DefNew: 559513K->281K(629120K)
[107.266s][info][gc,heap        ] GC(422) Tenured: 178932K->178932K(1398144K)
[107.266s][info][gc,metaspace   ] GC(422) Metaspace: 79890K(84048K)->79890K(84048K) NonClass: 69649K(71856K)->69649K(71856K) Class: 10241K(12192K)->10241K(12192K)
[107.266s][info][gc             ] GC(422) Pause Young (Allocation Failure) 721M->175M(1979M) 1.631ms
[107.266s][info][gc,cpu         ] GC(422) User=0.00s Sys=0.00s Real=0.02s
[107.313s][info][gc,start       ] GC(423) Pause Full (System.gc())
[107.315s][info][gc,phases,start] GC(423) Phase 1: Mark live objects
[107.408s][info][gc,phases      ] GC(423) Phase 1: Mark live objects 92.773ms
[107.408s][info][gc,phases,start] GC(423) Phase 2: Compute new object addresses
[107.465s][info][gc,phases      ] GC(423) Phase 2: Compute new object addresses 57.130ms
[107.465s][info][gc,phases,start] GC(423) Phase 3: Adjust pointers
[107.521s][info][gc,phases      ] GC(423) Phase 3: Adjust pointers 56.201ms
[107.521s][info][gc,phases,start] GC(423) Phase 4: Move objects
[107.521s][info][gc,phases      ] GC(423) Phase 4: Move objects 0.030ms
[107.522s][info][gc,heap        ] GC(423) DefNew: 110666K->0K(629120K)
[107.522s][info][gc,heap        ] GC(423) Tenured: 178932K->179013K(1398144K)
[107.522s][info][gc,metaspace   ] GC(423) Metaspace: 79893K(84048K)->79893K(84048K) NonClass: 69652K(71856K)->69652K(71856K) Class: 10241K(12192K)->10241K(12192K)
[107.522s][info][gc             ] GC(423) Pause Full (System.gc()) 282M->174M(1979M) 208.553ms
[107.522s][info][gc,cpu         ] GC(423) User=0.20s Sys=0.00s Real=0.20s
[107.728s][info][gc,start       ] GC(424) Pause Young (Allocation Failure)
[107.730s][info][gc,heap        ] GC(424) DefNew: 559232K->291K(629120K)
[107.730s][info][gc,heap        ] GC(424) Tenured: 179013K->179013K(1398144K)
[107.730s][info][gc,metaspace   ] GC(424) Metaspace: 79894K(84048K)->79894K(84048K) NonClass: 69653K(71856K)->69653K(71856K) Class: 10241K(12192K)->10241K(12192K)
[107.730s][info][gc             ] GC(424) Pause Young (Allocation Failure) 720M->175M(1979M) 1.884ms
[107.730s][info][gc,cpu         ] GC(424) User=0.00s Sys=0.00s Real=0.00s
[107.914s][info][gc,start       ] GC(425) Pause Young (Allocation Failure)
[107.915s][info][gc,heap        ] GC(425) DefNew: 559523K->281K(629120K)
[107.915s][info][gc,heap        ] GC(425) Tenured: 179013K->179013K(1398144K)
[107.915s][info][gc,metaspace   ] GC(425) Metaspace: 79894K(84048K)->79894K(84048K) NonClass: 69653K(71856K)->69653K(71856K) Class: 10241K(12192K)->10241K(12192K)
[107.915s][info][gc             ] GC(425) Pause Young (Allocation Failure) 721M->175M(1979M) 1.631ms
[107.915s][info][gc,cpu         ] GC(425) User=0.00s Sys=0.00s Real=0.00s
[108.098s][info][gc,start       ] GC(426) Pause Young (Allocation Failure)
[108.099s][info][gc,heap        ] GC(426) DefNew: 559513K->281K(629120K)
[108.100s][info][gc,heap        ] GC(426) Tenured: 179013K->179013K(1398144K)
[108.100s][info][gc,metaspace   ] GC(426) Metaspace: 79894K(84048K)->79894K(84048K) NonClass: 69653K(71856K)->69653K(71856K) Class: 10241K(12192K)->10241K(12192K)
[108.100s][info][gc             ] GC(426) Pause Young (Allocation Failure) 721M->175M(1979M) 1.613ms
[108.100s][info][gc,cpu         ] GC(426) User=0.00s Sys=0.00s Real=0.00s
[108.265s][info][gc,start       ] GC(427) Pause Young (Allocation Failure)
[108.267s][info][gc,heap        ] GC(427) DefNew: 559513K->281K(629120K)
[108.267s][info][gc,heap        ] GC(427) Tenured: 179013K->179013K(1398144K)
[108.267s][info][gc,metaspace   ] GC(427) Metaspace: 79894K(84048K)->79894K(84048K) NonClass: 69653K(71856K)->69653K(71856K) Class: 10241K(12192K)->10241K(12192K)
[108.267s][info][gc             ] GC(427) Pause Young (Allocation Failure) 721M->175M(1979M) 2.379ms
[108.267s][info][gc,cpu         ] GC(427) User=0.00s Sys=0.00s Real=0.00s
[108.315s][info][gc,start       ] GC(428) Pause Full (System.gc())
[108.317s][info][gc,phases,start] GC(428) Phase 1: Mark live objects
[108.408s][info][gc,phases      ] GC(428) Phase 1: Mark live objects 91.088ms
[108.408s][info][gc,phases,start] GC(428) Phase 2: Compute new object addresses
[108.465s][info][gc,phases      ] GC(428) Phase 2: Compute new object addresses 56.740ms
[108.465s][info][gc,phases,start] GC(428) Phase 3: Adjust pointers
[108.522s][info][gc,phases      ] GC(428) Phase 3: Adjust pointers 57.194ms
[108.522s][info][gc,phases,start] GC(428) Phase 4: Move objects
[108.556s][info][gc,phases      ] GC(428) Phase 4: Move objects 34.432ms
[108.557s][info][gc,heap        ] GC(428) DefNew: 106123K->0K(629120K)
[108.557s][info][gc,heap        ] GC(428) Tenured: 179013K->178832K(1398144K)
[108.557s][info][gc,metaspace   ] GC(428) Metaspace: 79896K(84048K)->79896K(84048K) NonClass: 69655K(71856K)->69655K(71856K) Class: 10241K(12192K)->10241K(12192K)
[108.557s][info][gc             ] GC(428) Pause Full (System.gc()) 278M->174M(1979M) 241.897ms
[108.557s][info][gc,cpu         ] GC(428) User=0.20s Sys=0.00s Real=0.25s
[108.742s][info][gc,start       ] GC(429) Pause Young (Allocation Failure)
[108.744s][info][gc,heap        ] GC(429) DefNew: 559232K->290K(629120K)
[108.744s][info][gc,heap        ] GC(429) Tenured: 178832K->178832K(1398144K)
[108.744s][info][gc,metaspace   ] GC(429) Metaspace: 79915K(84048K)->79915K(84048K) NonClass: 69674K(71856K)->69674K(71856K) Class: 10241K(12192K)->10241K(12192K)
[108.744s][info][gc             ] GC(429) Pause Young (Allocation Failure) 720M->174M(1979M) 2.154ms
[108.744s][info][gc,cpu         ] GC(429) User=0.00s Sys=0.00s Real=0.00s
[108.932s][info][gc,start       ] GC(430) Pause Young (Allocation Failure)
[108.934s][info][gc,heap        ] GC(430) DefNew: 559522K->281K(629120K)
[108.934s][info][gc,heap        ] GC(430) Tenured: 178832K->178832K(1398144K)
[108.934s][info][gc,metaspace   ] GC(430) Metaspace: 79915K(84048K)->79915K(84048K) NonClass: 69674K(71856K)->69674K(71856K) Class: 10241K(12192K)->10241K(12192K)
[108.934s][info][gc             ] GC(430) Pause Young (Allocation Failure) 721M->174M(1979M) 1.616ms
[108.934s][info][gc,cpu         ] GC(430) User=0.00s Sys=0.00s Real=0.00s
[109.105s][info][gc,start       ] GC(431) Pause Young (Allocation Failure)
[109.107s][info][gc,heap        ] GC(431) DefNew: 559513K->281K(629120K)
[109.107s][info][gc,heap        ] GC(431) Tenured: 178832K->178832K(1398144K)
[109.107s][info][gc,metaspace   ] GC(431) Metaspace: 79915K(84048K)->79915K(84048K) NonClass: 69674K(71856K)->69674K(71856K) Class: 10241K(12192K)->10241K(12192K)
[109.107s][info][gc             ] GC(431) Pause Young (Allocation Failure) 721M->174M(1979M) 1.632ms
[109.107s][info][gc,cpu         ] GC(431) User=0.00s Sys=0.00s Real=0.00s
[109.298s][info][gc,start       ] GC(432) Pause Young (Allocation Failure)
[109.300s][info][gc,heap        ] GC(432) DefNew: 559513K->281K(629120K)
[109.300s][info][gc,heap        ] GC(432) Tenured: 178832K->178832K(1398144K)
[109.300s][info][gc,metaspace   ] GC(432) Metaspace: 79915K(84048K)->79915K(84048K) NonClass: 69674K(71856K)->69674K(71856K) Class: 10241K(12192K)->10241K(12192K)
[109.300s][info][gc             ] GC(432) Pause Young (Allocation Failure) 721M->174M(1979M) 1.679ms
[109.300s][info][gc,cpu         ] GC(432) User=0.00s Sys=0.00s Real=0.00s
[109.347s][info][gc,start       ] GC(433) Pause Full (System.gc())
[109.348s][info][gc,phases,start] GC(433) Phase 1: Mark live objects
[109.441s][info][gc,phases      ] GC(433) Phase 1: Mark live objects 92.363ms
[109.441s][info][gc,phases,start] GC(433) Phase 2: Compute new object addresses
[109.498s][info][gc,phases      ] GC(433) Phase 2: Compute new object addresses 57.498ms
[109.498s][info][gc,phases,start] GC(433) Phase 3: Adjust pointers
[109.555s][info][gc,phases      ] GC(433) Phase 3: Adjust pointers 56.278ms
[109.555s][info][gc,phases,start] GC(433) Phase 4: Move objects
[109.555s][info][gc,phases      ] GC(433) Phase 4: Move objects 0.030ms
[109.555s][info][gc,heap        ] GC(433) DefNew: 110615K->0K(629120K)
[109.555s][info][gc,heap        ] GC(433) Tenured: 178832K->178912K(1398144K)
[109.555s][info][gc,metaspace   ] GC(433) Metaspace: 79946K(84048K)->79946K(84048K) NonClass: 69705K(71856K)->69705K(71856K) Class: 10241K(12192K)->10241K(12192K)
[109.555s][info][gc             ] GC(433) Pause Full (System.gc()) 282M->174M(1979M) 208.500ms
[109.555s][info][gc,cpu         ] GC(433) User=0.20s Sys=0.00s Real=0.20s
[109.751s][info][gc,start       ] GC(434) Pause Young (Allocation Failure)
[109.754s][info][gc,heap        ] GC(434) DefNew: 559232K->293K(629120K)
[109.754s][info][gc,heap        ] GC(434) Tenured: 178912K->178912K(1398144K)
[109.754s][info][gc,metaspace   ] GC(434) Metaspace: 79984K(84048K)->79984K(84048K) NonClass: 69743K(71856K)->69743K(71856K) Class: 10241K(12192K)->10241K(12192K)
[109.754s][info][gc             ] GC(434) Pause Young (Allocation Failure) 720M->175M(1979M) 3.195ms
[109.754s][info][gc,cpu         ] GC(434) User=0.00s Sys=0.00s Real=0.00s
[109.926s][info][gc,start       ] GC(435) Pause Young (Allocation Failure)
[109.927s][info][gc,heap        ] GC(435) DefNew: 559525K->283K(629120K)
[109.928s][info][gc,heap        ] GC(435) Tenured: 178912K->178912K(1398144K)
[109.928s][info][gc,metaspace   ] GC(435) Metaspace: 79996K(84048K)->79996K(84048K) NonClass: 69755K(71856K)->69755K(71856K) Class: 10241K(12192K)->10241K(12192K)
[109.928s][info][gc             ] GC(435) Pause Young (Allocation Failure) 721M->174M(1979M) 1.632ms
[109.928s][info][gc,cpu         ] GC(435) User=0.00s Sys=0.00s Real=0.00s
[110.112s][info][gc,start       ] GC(436) Pause Young (Allocation Failure)
[110.114s][info][gc,heap        ] GC(436) DefNew: 559515K->283K(629120K)
[110.114s][info][gc,heap        ] GC(436) Tenured: 178912K->178912K(1398144K)
[110.114s][info][gc,metaspace   ] GC(436) Metaspace: 79996K(84048K)->79996K(84048K) NonClass: 69755K(71856K)->69755K(71856K) Class: 10241K(12192K)->10241K(12192K)
[110.114s][info][gc             ] GC(436) Pause Young (Allocation Failure) 721M->174M(1979M) 1.610ms
[110.114s][info][gc,cpu         ] GC(436) User=0.00s Sys=0.00s Real=0.00s
[110.284s][info][gc,start       ] GC(437) Pause Young (Allocation Failure)
[110.286s][info][gc,heap        ] GC(437) DefNew: 559515K->283K(629120K)
[110.286s][info][gc,heap        ] GC(437) Tenured: 178912K->178912K(1398144K)
[110.286s][info][gc,metaspace   ] GC(437) Metaspace: 79996K(84048K)->79996K(84048K) NonClass: 69755K(71856K)->69755K(71856K) Class: 10241K(12192K)->10241K(12192K)
[110.286s][info][gc             ] GC(437) Pause Young (Allocation Failure) 721M->174M(1979M) 1.610ms
[110.286s][info][gc,cpu         ] GC(437) User=0.00s Sys=0.00s Real=0.00s
[110.340s][info][gc,start       ] GC(438) Pause Full (System.gc())
[110.342s][info][gc,phases,start] GC(438) Phase 1: Mark live objects
[110.433s][info][gc,phases      ] GC(438) Phase 1: Mark live objects 91.471ms
[110.433s][info][gc,phases,start] GC(438) Phase 2: Compute new object addresses
[110.490s][info][gc,phases      ] GC(438) Phase 2: Compute new object addresses 56.967ms
[110.490s][info][gc,phases,start] GC(438) Phase 3: Adjust pointers
[110.547s][info][gc,phases      ] GC(438) Phase 3: Adjust pointers 56.162ms
[110.547s][info][gc,phases,start] GC(438) Phase 4: Move objects
[110.547s][info][gc,phases      ] GC(438) Phase 4: Move objects 0.029ms
[110.547s][info][gc,heap        ] GC(438) DefNew: 110604K->0K(629120K)
[110.547s][info][gc,heap        ] GC(438) Tenured: 178912K->178994K(1398144K)
[110.547s][info][gc,metaspace   ] GC(438) Metaspace: 80000K(84048K)->80000K(84048K) NonClass: 69759K(71856K)->69759K(71856K) Class: 10241K(12192K)->10241K(12192K)
[110.547s][info][gc             ] GC(438) Pause Full (System.gc()) 282M->174M(1979M) 206.883ms
[110.547s][info][gc,cpu         ] GC(438) User=0.19s Sys=0.00s Real=0.21s
[110.734s][info][gc,start       ] GC(439) Pause Young (Allocation Failure)
[110.736s][info][gc,heap        ] GC(439) DefNew: 559232K->292K(629120K)
[110.736s][info][gc,heap        ] GC(439) Tenured: 178994K->178994K(1398144K)
[110.736s][info][gc,metaspace   ] GC(439) Metaspace: 80013K(84048K)->80013K(84048K) NonClass: 69772K(71856K)->69772K(71856K) Class: 10241K(12192K)->10241K(12192K)
[110.736s][info][gc             ] GC(439) Pause Young (Allocation Failure) 720M->175M(1979M) 1.934ms
[110.736s][info][gc,cpu         ] GC(439) User=0.00s Sys=0.00s Real=0.02s
[110.905s][info][gc,start       ] GC(440) Pause Young (Allocation Failure)
[110.906s][info][gc,heap        ] GC(440) DefNew: 559524K->282K(629120K)
[110.906s][info][gc,heap        ] GC(440) Tenured: 178994K->178994K(1398144K)
[110.906s][info][gc,metaspace   ] GC(440) Metaspace: 80013K(84048K)->80013K(84048K) NonClass: 69772K(71856K)->69772K(71856K) Class: 10241K(12192K)->10241K(12192K)
[110.906s][info][gc             ] GC(440) Pause Young (Allocation Failure) 721M->175M(1979M) 1.629ms
[110.906s][info][gc,cpu         ] GC(440) User=0.00s Sys=0.00s Real=0.00s
[111.074s][info][gc,start       ] GC(441) Pause Young (Allocation Failure)
[111.075s][info][gc,heap        ] GC(441) DefNew: 559514K->282K(629120K)
[111.075s][info][gc,heap        ] GC(441) Tenured: 178994K->178994K(1398144K)
[111.075s][info][gc,metaspace   ] GC(441) Metaspace: 80013K(84048K)->80013K(84048K) NonClass: 69772K(71856K)->69772K(71856K) Class: 10241K(12192K)->10241K(12192K)
[111.075s][info][gc             ] GC(441) Pause Young (Allocation Failure) 721M->175M(1979M) 1.569ms
[111.075s][info][gc,cpu         ] GC(441) User=0.00s Sys=0.00s Real=0.00s
[111.265s][info][gc,start       ] GC(442) Pause Young (Allocation Failure)
[111.266s][info][gc,heap        ] GC(442) DefNew: 559514K->282K(629120K)
[111.266s][info][gc,heap        ] GC(442) Tenured: 178994K->178994K(1398144K)
[111.266s][info][gc,metaspace   ] GC(442) Metaspace: 80013K(84048K)->80013K(84048K) NonClass: 69772K(71856K)->69772K(71856K) Class: 10241K(12192K)->10241K(12192K)
[111.266s][info][gc             ] GC(442) Pause Young (Allocation Failure) 721M->175M(1979M) 1.583ms
[111.266s][info][gc,cpu         ] GC(442) User=0.00s Sys=0.00s Real=0.00s
[111.325s][info][gc,start       ] GC(443) Pause Full (System.gc())
[111.326s][info][gc,phases,start] GC(443) Phase 1: Mark live objects
[111.419s][info][gc,phases      ] GC(443) Phase 1: Mark live objects 92.362ms
[111.419s][info][gc,phases,start] GC(443) Phase 2: Compute new object addresses
[111.477s][info][gc,phases      ] GC(443) Phase 2: Compute new object addresses 57.817ms
[111.477s][info][gc,phases,start] GC(443) Phase 3: Adjust pointers
[111.534s][info][gc,phases      ] GC(443) Phase 3: Adjust pointers 56.968ms
[111.534s][info][gc,phases,start] GC(443) Phase 4: Move objects
[111.534s][info][gc,phases      ] GC(443) Phase 4: Move objects 0.029ms
[111.534s][info][gc,heap        ] GC(443) DefNew: 111605K->0K(629120K)
[111.534s][info][gc,heap        ] GC(443) Tenured: 178994K->179076K(1398144K)
[111.534s][info][gc,metaspace   ] GC(443) Metaspace: 80014K(84048K)->80014K(84048K) NonClass: 69773K(71856K)->69773K(71856K) Class: 10241K(12192K)->10241K(12192K)
[111.534s][info][gc             ] GC(443) Pause Full (System.gc()) 283M->174M(1979M) 209.520ms
[111.534s][info][gc,cpu         ] GC(443) User=0.20s Sys=0.00s Real=0.21s
[111.725s][info][gc,start       ] GC(444) Pause Young (Allocation Failure)
[111.727s][info][gc,heap        ] GC(444) DefNew: 559232K->289K(629120K)
[111.727s][info][gc,heap        ] GC(444) Tenured: 179076K->179076K(1398144K)
[111.727s][info][gc,metaspace   ] GC(444) Metaspace: 80016K(84048K)->80016K(84048K) NonClass: 69775K(71856K)->69775K(71856K) Class: 10241K(12192K)->10241K(12192K)
[111.727s][info][gc             ] GC(444) Pause Young (Allocation Failure) 721M->175M(1979M) 2.070ms
[111.727s][info][gc,cpu         ] GC(444) User=0.00s Sys=0.00s Real=0.00s
[111.920s][info][gc,start       ] GC(445) Pause Young (Allocation Failure)
[111.922s][info][gc,heap        ] GC(445) DefNew: 559521K->280K(629120K)
[111.922s][info][gc,heap        ] GC(445) Tenured: 179076K->179076K(1398144K)
[111.922s][info][gc,metaspace   ] GC(445) Metaspace: 80016K(84048K)->80016K(84048K) NonClass: 69775K(71856K)->69775K(71856K) Class: 10241K(12192K)->10241K(12192K)
[111.922s][info][gc             ] GC(445) Pause Young (Allocation Failure) 721M->175M(1979M) 1.723ms
[111.922s][info][gc,cpu         ] GC(445) User=0.00s Sys=0.00s Real=0.00s
[112.092s][info][gc,start       ] GC(446) Pause Young (Allocation Failure)
[112.094s][info][gc,heap        ] GC(446) DefNew: 559512K->280K(629120K)
[112.094s][info][gc,heap        ] GC(446) Tenured: 179076K->179076K(1398144K)
[112.094s][info][gc,metaspace   ] GC(446) Metaspace: 80016K(84048K)->80016K(84048K) NonClass: 69775K(71856K)->69775K(71856K) Class: 10241K(12192K)->10241K(12192K)
[112.094s][info][gc             ] GC(446) Pause Young (Allocation Failure) 721M->175M(1979M) 1.547ms
[112.094s][info][gc,cpu         ] GC(446) User=0.00s Sys=0.00s Real=0.00s
[112.257s][info][gc,start       ] GC(447) Pause Young (Allocation Failure)
[112.259s][info][gc,heap        ] GC(447) DefNew: 559512K->280K(629120K)
[112.259s][info][gc,heap        ] GC(447) Tenured: 179076K->179076K(1398144K)
[112.259s][info][gc,metaspace   ] GC(447) Metaspace: 80016K(84048K)->80016K(84048K) NonClass: 69775K(71856K)->69775K(71856K) Class: 10241K(12192K)->10241K(12192K)
[112.259s][info][gc             ] GC(447) Pause Young (Allocation Failure) 721M->175M(1979M) 2.607ms
[112.259s][info][gc,cpu         ] GC(447) User=0.00s Sys=0.00s Real=0.02s
[112.300s][info][gc,start       ] GC(448) Pause Full (System.gc())
[112.303s][info][gc,phases,start] GC(448) Phase 1: Mark live objects
[112.396s][info][gc,phases      ] GC(448) Phase 1: Mark live objects 93.135ms
[112.396s][info][gc,phases,start] GC(448) Phase 2: Compute new object addresses
[112.455s][info][gc,phases      ] GC(448) Phase 2: Compute new object addresses 59.066ms
[112.468s][info][gc,phases,start] GC(448) Phase 3: Adjust pointers
[112.524s][info][gc,phases      ] GC(448) Phase 3: Adjust pointers 56.045ms
[112.524s][info][gc,phases,start] GC(448) Phase 4: Move objects
[112.549s][info][gc,phases      ] GC(448) Phase 4: Move objects 25.315ms
[112.550s][info][gc,heap        ] GC(448) DefNew: 105526K->0K(629120K)
[112.550s][info][gc,heap        ] GC(448) Tenured: 179076K->178902K(1398144K)
[112.550s][info][gc,metaspace   ] GC(448) Metaspace: 80016K(84048K)->80016K(84048K) NonClass: 69775K(71856K)->69775K(71856K) Class: 10241K(12192K)->10241K(12192K)
[112.550s][info][gc             ] GC(448) Pause Full (System.gc()) 277M->174M(1979M) 249.769ms
[112.550s][info][gc,cpu         ] GC(448) User=0.20s Sys=0.00s Real=0.24s
[112.733s][info][gc,start       ] GC(449) Pause Young (Allocation Failure)
[112.735s][info][gc,heap        ] GC(449) DefNew: 559232K->291K(629120K)
[112.735s][info][gc,heap        ] GC(449) Tenured: 178902K->178902K(1398144K)
[112.735s][info][gc,metaspace   ] GC(449) Metaspace: 80016K(84048K)->80016K(84048K) NonClass: 69775K(71856K)->69775K(71856K) Class: 10241K(12192K)->10241K(12192K)
[112.735s][info][gc             ] GC(449) Pause Young (Allocation Failure) 720M->174M(1979M) 2.013ms
[112.735s][info][gc,cpu         ] GC(449) User=0.00s Sys=0.00s Real=0.00s
[112.921s][info][gc,start       ] GC(450) Pause Young (Allocation Failure)
[112.922s][info][gc,heap        ] GC(450) DefNew: 559523K->282K(629120K)
[112.922s][info][gc,heap        ] GC(450) Tenured: 178902K->178902K(1398144K)
[112.922s][info][gc,metaspace   ] GC(450) Metaspace: 80016K(84048K)->80016K(84048K) NonClass: 69775K(71856K)->69775K(71856K) Class: 10241K(12192K)->10241K(12192K)
[112.922s][info][gc             ] GC(450) Pause Young (Allocation Failure) 721M->174M(1979M) 1.699ms
[112.922s][info][gc,cpu         ] GC(450) User=0.00s Sys=0.00s Real=0.00s
[113.100s][info][gc,start       ] GC(451) Pause Young (Allocation Failure)
[113.103s][info][gc,heap        ] GC(451) DefNew: 559514K->282K(629120K)
[113.103s][info][gc,heap        ] GC(451) Tenured: 178902K->178902K(1398144K)
[113.103s][info][gc,metaspace   ] GC(451) Metaspace: 80016K(84048K)->80016K(84048K) NonClass: 69775K(71856K)->69775K(71856K) Class: 10241K(12192K)->10241K(12192K)
[113.103s][info][gc             ] GC(451) Pause Young (Allocation Failure) 721M->174M(1979M) 2.393ms
[113.103s][info][gc,cpu         ] GC(451) User=0.00s Sys=0.00s Real=0.00s
[113.265s][info][gc,start       ] GC(452) Pause Young (Allocation Failure)
[113.267s][info][gc,heap        ] GC(452) DefNew: 559514K->282K(629120K)
[113.267s][info][gc,heap        ] GC(452) Tenured: 178902K->178902K(1398144K)
[113.267s][info][gc,metaspace   ] GC(452) Metaspace: 80016K(84048K)->80016K(84048K) NonClass: 69775K(71856K)->69775K(71856K) Class: 10241K(12192K)->10241K(12192K)
[113.267s][info][gc             ] GC(452) Pause Young (Allocation Failure) 721M->174M(1979M) 1.624ms
[113.267s][info][gc,cpu         ] GC(452) User=0.00s Sys=0.00s Real=0.00s
[113.320s][info][gc,start       ] GC(453) Pause Full (System.gc())
[113.321s][info][gc,phases,start] GC(453) Phase 1: Mark live objects
[113.412s][info][gc,phases      ] GC(453) Phase 1: Mark live objects 91.154ms
[113.413s][info][gc,phases,start] GC(453) Phase 2: Compute new object addresses
[113.469s][info][gc,phases      ] GC(453) Phase 2: Compute new object addresses 56.904ms
[113.469s][info][gc,phases,start] GC(453) Phase 3: Adjust pointers
[113.526s][info][gc,phases      ] GC(453) Phase 3: Adjust pointers 56.301ms
[113.526s][info][gc,phases,start] GC(453) Phase 4: Move objects
[113.526s][info][gc,phases      ] GC(453) Phase 4: Move objects 0.033ms
[113.526s][info][gc,heap        ] GC(453) DefNew: 110709K->0K(629120K)
[113.526s][info][gc,heap        ] GC(453) Tenured: 178902K->178995K(1398144K)
[113.526s][info][gc,metaspace   ] GC(453) Metaspace: 80018K(84048K)->80018K(84048K) NonClass: 69777K(71856K)->69777K(71856K) Class: 10241K(12192K)->10241K(12192K)
[113.526s][info][gc             ] GC(453) Pause Full (System.gc()) 282M->174M(1979M) 206.807ms
[113.526s][info][gc,cpu         ] GC(453) User=0.19s Sys=0.00s Real=0.20s
[113.719s][info][gc,start       ] GC(454) Pause Young (Allocation Failure)
[113.721s][info][gc,heap        ] GC(454) DefNew: 559232K->292K(629120K)
[113.721s][info][gc,heap        ] GC(454) Tenured: 178995K->178995K(1398144K)
[113.721s][info][gc,metaspace   ] GC(454) Metaspace: 80023K(84048K)->80023K(84048K) NonClass: 69782K(71856K)->69782K(71856K) Class: 10241K(12192K)->10241K(12192K)
[113.721s][info][gc             ] GC(454) Pause Young (Allocation Failure) 720M->175M(1979M) 1.848ms
[113.721s][info][gc,cpu         ] GC(454) User=0.00s Sys=0.00s Real=0.00s
[113.902s][info][gc,start       ] GC(455) Pause Young (Allocation Failure)
[113.903s][info][gc,heap        ] GC(455) DefNew: 559524K->282K(629120K)
[113.903s][info][gc,heap        ] GC(455) Tenured: 178995K->178995K(1398144K)
[113.903s][info][gc,metaspace   ] GC(455) Metaspace: 80023K(84048K)->80023K(84048K) NonClass: 69782K(71856K)->69782K(71856K) Class: 10241K(12192K)->10241K(12192K)
[113.903s][info][gc             ] GC(455) Pause Young (Allocation Failure) 721M->175M(1979M) 1.640ms
[113.903s][info][gc,cpu         ] GC(455) User=0.00s Sys=0.00s Real=0.00s
[114.079s][info][gc,start       ] GC(456) Pause Young (Allocation Failure)
[114.081s][info][gc,heap        ] GC(456) DefNew: 559514K->282K(629120K)
[114.081s][info][gc,heap        ] GC(456) Tenured: 178995K->178995K(1398144K)
[114.081s][info][gc,metaspace   ] GC(456) Metaspace: 80023K(84048K)->80023K(84048K) NonClass: 69782K(71856K)->69782K(71856K) Class: 10241K(12192K)->10241K(12192K)
[114.081s][info][gc             ] GC(456) Pause Young (Allocation Failure) 721M->175M(1979M) 2.137ms
[114.081s][info][gc,cpu         ] GC(456) User=0.00s Sys=0.00s Real=0.00s
[114.255s][info][gc,start       ] GC(457) Pause Young (Allocation Failure)
[114.256s][info][gc,heap        ] GC(457) DefNew: 559514K->282K(629120K)
[114.256s][info][gc,heap        ] GC(457) Tenured: 178995K->178995K(1398144K)
[114.256s][info][gc,metaspace   ] GC(457) Metaspace: 80023K(84048K)->80023K(84048K) NonClass: 69782K(71856K)->69782K(71856K) Class: 10241K(12192K)->10241K(12192K)
[114.256s][info][gc             ] GC(457) Pause Young (Allocation Failure) 721M->175M(1979M) 1.565ms
[114.256s][info][gc,cpu         ] GC(457) User=0.00s Sys=0.00s Real=0.00s
[114.305s][info][gc,start       ] GC(458) Pause Full (System.gc())
[114.307s][info][gc,phases,start] GC(458) Phase 1: Mark live objects
[114.399s][info][gc,phases      ] GC(458) Phase 1: Mark live objects 92.504ms
[114.399s][info][gc,phases,start] GC(458) Phase 2: Compute new object addresses
[114.457s][info][gc,phases      ] GC(458) Phase 2: Compute new object addresses 57.261ms
[114.457s][info][gc,phases,start] GC(458) Phase 3: Adjust pointers
[114.514s][info][gc,phases      ] GC(458) Phase 3: Adjust pointers 57.541ms
[114.514s][info][gc,phases,start] GC(458) Phase 4: Move objects
[114.514s][info][gc,phases      ] GC(458) Phase 4: Move objects 0.031ms
[114.515s][info][gc,heap        ] GC(458) DefNew: 117341K->0K(629120K)
[114.515s][info][gc,heap        ] GC(458) Tenured: 178995K->179076K(1398144K)
[114.515s][info][gc,metaspace   ] GC(458) Metaspace: 80023K(84048K)->80023K(84048K) NonClass: 69782K(71856K)->69782K(71856K) Class: 10241K(12192K)->10241K(12192K)
[114.515s][info][gc             ] GC(458) Pause Full (System.gc()) 289M->174M(1979M) 209.631ms
[114.515s][info][gc,cpu         ] GC(458) User=0.19s Sys=0.00s Real=0.20s
[114.702s][info][gc,start       ] GC(459) Pause Young (Allocation Failure)
[114.704s][info][gc,heap        ] GC(459) DefNew: 559232K->291K(629120K)
[114.704s][info][gc,heap        ] GC(459) Tenured: 179076K->179076K(1398144K)
[114.704s][info][gc,metaspace   ] GC(459) Metaspace: 80030K(84048K)->80030K(84048K) NonClass: 69789K(71856K)->69789K(71856K) Class: 10241K(12192K)->10241K(12192K)
[114.704s][info][gc             ] GC(459) Pause Young (Allocation Failure) 721M->175M(1979M) 1.815ms
[114.704s][info][gc,cpu         ] GC(459) User=0.00s Sys=0.00s Real=0.00s
[114.909s][info][gc,start       ] GC(460) Pause Young (Allocation Failure)
[114.910s][info][gc,heap        ] GC(460) DefNew: 559523K->282K(629120K)
[114.911s][info][gc,heap        ] GC(460) Tenured: 179076K->179076K(1398144K)
[114.911s][info][gc,metaspace   ] GC(460) Metaspace: 80030K(84048K)->80030K(84048K) NonClass: 69789K(71856K)->69789K(71856K) Class: 10241K(12192K)->10241K(12192K)
[114.911s][info][gc             ] GC(460) Pause Young (Allocation Failure) 721M->175M(1979M) 1.614ms
[114.911s][info][gc,cpu         ] GC(460) User=0.00s Sys=0.00s Real=0.00s
[115.084s][info][gc,start       ] GC(461) Pause Young (Allocation Failure)
[115.085s][info][gc,heap        ] GC(461) DefNew: 559514K->282K(629120K)
[115.085s][info][gc,heap        ] GC(461) Tenured: 179076K->179076K(1398144K)
[115.085s][info][gc,metaspace   ] GC(461) Metaspace: 80030K(84048K)->80030K(84048K) NonClass: 69789K(71856K)->69789K(71856K) Class: 10241K(12192K)->10241K(12192K)
[115.085s][info][gc             ] GC(461) Pause Young (Allocation Failure) 721M->175M(1979M) 1.701ms
[115.085s][info][gc,cpu         ] GC(461) User=0.00s Sys=0.00s Real=0.02s
[115.265s][info][gc,start       ] GC(462) Pause Young (Allocation Failure)
[115.266s][info][gc,heap        ] GC(462) DefNew: 559514K->303K(629120K)
[115.266s][info][gc,heap        ] GC(462) Tenured: 179076K->179076K(1398144K)
[115.266s][info][gc,metaspace   ] GC(462) Metaspace: 80040K(84048K)->80040K(84048K) NonClass: 69799K(71856K)->69799K(71856K) Class: 10241K(12192K)->10241K(12192K)
[115.266s][info][gc             ] GC(462) Pause Young (Allocation Failure) 721M->175M(1979M) 1.739ms
[115.266s][info][gc,cpu         ] GC(462) User=0.00s Sys=0.00s Real=0.00s
[115.318s][info][gc,start       ] GC(463) Pause Full (System.gc())
[115.320s][info][gc,phases,start] GC(463) Phase 1: Mark live objects
[115.410s][info][gc,phases      ] GC(463) Phase 1: Mark live objects 90.066ms
[115.410s][info][gc,phases,start] GC(463) Phase 2: Compute new object addresses
[115.467s][info][gc,phases      ] GC(463) Phase 2: Compute new object addresses 56.939ms
[115.467s][info][gc,phases,start] GC(463) Phase 3: Adjust pointers
[115.523s][info][gc,phases      ] GC(463) Phase 3: Adjust pointers 56.370ms
[115.523s][info][gc,phases,start] GC(463) Phase 4: Move objects
[115.523s][info][gc,phases      ] GC(463) Phase 4: Move objects 0.031ms
[115.524s][info][gc,heap        ] GC(463) DefNew: 106705K->0K(629120K)
[115.524s][info][gc,heap        ] GC(463) Tenured: 179076K->179158K(1398144K)
[115.524s][info][gc,metaspace   ] GC(463) Metaspace: 80040K(84048K)->80040K(84048K) NonClass: 69799K(71856K)->69799K(71856K) Class: 10241K(12192K)->10241K(12192K)
[115.524s][info][gc             ] GC(463) Pause Full (System.gc()) 279M->174M(1979M) 205.657ms
[115.524s][info][gc,cpu         ] GC(463) User=0.20s Sys=0.00s Real=0.22s
[115.707s][info][gc,start       ] GC(464) Pause Young (Allocation Failure)
[115.709s][info][gc,heap        ] GC(464) DefNew: 559232K->291K(629120K)
[115.709s][info][gc,heap        ] GC(464) Tenured: 179158K->179158K(1398144K)
[115.709s][info][gc,metaspace   ] GC(464) Metaspace: 80042K(84048K)->80042K(84048K) NonClass: 69801K(71856K)->69801K(71856K) Class: 10241K(12192K)->10241K(12192K)
[115.709s][info][gc             ] GC(464) Pause Young (Allocation Failure) 721M->175M(1979M) 1.775ms
[115.709s][info][gc,cpu         ] GC(464) User=0.00s Sys=0.00s Real=0.00s
[115.879s][info][gc,start       ] GC(465) Pause Young (Allocation Failure)
[115.881s][info][gc,heap        ] GC(465) DefNew: 559523K->281K(629120K)
[115.881s][info][gc,heap        ] GC(465) Tenured: 179158K->179158K(1398144K)
[115.881s][info][gc,metaspace   ] GC(465) Metaspace: 80042K(84048K)->80042K(84048K) NonClass: 69801K(71856K)->69801K(71856K) Class: 10241K(12192K)->10241K(12192K)
[115.881s][info][gc             ] GC(465) Pause Young (Allocation Failure) 721M->175M(1979M) 2.419ms
[115.881s][info][gc,cpu         ] GC(465) User=0.00s Sys=0.00s Real=0.00s
[116.048s][info][gc,start       ] GC(466) Pause Young (Allocation Failure)
[116.050s][info][gc,heap        ] GC(466) DefNew: 559513K->281K(629120K)
[116.050s][info][gc,heap        ] GC(466) Tenured: 179158K->179158K(1398144K)
[116.050s][info][gc,metaspace   ] GC(466) Metaspace: 80042K(84048K)->80042K(84048K) NonClass: 69801K(71856K)->69801K(71856K) Class: 10241K(12192K)->10241K(12192K)
[116.050s][info][gc             ] GC(466) Pause Young (Allocation Failure) 721M->175M(1979M) 2.588ms
[116.050s][info][gc,cpu         ] GC(466) User=0.00s Sys=0.00s Real=0.00s
[116.229s][info][gc,start       ] GC(467) Pause Young (Allocation Failure)
[116.231s][info][gc,heap        ] GC(467) DefNew: 559513K->281K(629120K)
[116.231s][info][gc,heap        ] GC(467) Tenured: 179158K->179158K(1398144K)
[116.231s][info][gc,metaspace   ] GC(467) Metaspace: 80042K(84048K)->80042K(84048K) NonClass: 69801K(71856K)->69801K(71856K) Class: 10241K(12192K)->10241K(12192K)
[116.231s][info][gc             ] GC(467) Pause Young (Allocation Failure) 721M->175M(1979M) 1.675ms
[116.231s][info][gc,cpu         ] GC(467) User=0.00s Sys=0.00s Real=0.00s
[116.281s][info][gc,start       ] GC(468) Pause Full (System.gc())
[116.282s][info][gc,phases,start] GC(468) Phase 1: Mark live objects
[116.375s][info][gc,phases      ] GC(468) Phase 1: Mark live objects 92.765ms
[116.375s][info][gc,phases,start] GC(468) Phase 2: Compute new object addresses
[116.432s][info][gc,phases      ] GC(468) Phase 2: Compute new object addresses 56.339ms
[116.432s][info][gc,phases,start] GC(468) Phase 3: Adjust pointers
[116.490s][info][gc,phases      ] GC(468) Phase 3: Adjust pointers 58.850ms
[116.490s][info][gc,phases,start] GC(468) Phase 4: Move objects
[116.516s][info][gc,phases      ] GC(468) Phase 4: Move objects 25.290ms
[116.516s][info][gc,heap        ] GC(468) DefNew: 112499K->0K(629120K)
[116.516s][info][gc,heap        ] GC(468) Tenured: 179158K->178974K(1398144K)
[116.516s][info][gc,metaspace   ] GC(468) Metaspace: 80043K(84048K)->80043K(84048K) NonClass: 69802K(71856K)->69802K(71856K) Class: 10241K(12192K)->10241K(12192K)
[116.517s][info][gc             ] GC(468) Pause Full (System.gc()) 284M->174M(1979M) 235.760ms
[116.517s][info][gc,cpu         ] GC(468) User=0.22s Sys=0.00s Real=0.24s
[116.703s][info][gc,start       ] GC(469) Pause Young (Allocation Failure)
[116.705s][info][gc,heap        ] GC(469) DefNew: 559232K->291K(629120K)
[116.705s][info][gc,heap        ] GC(469) Tenured: 178974K->178974K(1398144K)
[116.705s][info][gc,metaspace   ] GC(469) Metaspace: 80043K(84048K)->80043K(84048K) NonClass: 69802K(71856K)->69802K(71856K) Class: 10241K(12192K)->10241K(12192K)
[116.705s][info][gc             ] GC(469) Pause Young (Allocation Failure) 720M->175M(1979M) 1.820ms
[116.705s][info][gc,cpu         ] GC(469) User=0.00s Sys=0.00s Real=0.00s
[116.888s][info][gc,start       ] GC(470) Pause Young (Allocation Failure)
[116.891s][info][gc,heap        ] GC(470) DefNew: 559523K->282K(629120K)
[116.891s][info][gc,heap        ] GC(470) Tenured: 178974K->178974K(1398144K)
[116.891s][info][gc,metaspace   ] GC(470) Metaspace: 80043K(84048K)->80043K(84048K) NonClass: 69802K(71856K)->69802K(71856K) Class: 10241K(12192K)->10241K(12192K)
[116.891s][info][gc             ] GC(470) Pause Young (Allocation Failure) 721M->175M(1979M) 2.385ms
[116.891s][info][gc,cpu         ] GC(470) User=0.00s Sys=0.00s Real=0.00s
[117.053s][info][gc,start       ] GC(471) Pause Young (Allocation Failure)
[117.055s][info][gc,heap        ] GC(471) DefNew: 559514K->282K(629120K)
[117.056s][info][gc,heap        ] GC(471) Tenured: 178974K->178974K(1398144K)
[117.056s][info][gc,metaspace   ] GC(471) Metaspace: 80043K(84048K)->80043K(84048K) NonClass: 69802K(71856K)->69802K(71856K) Class: 10241K(12192K)->10241K(12192K)
[117.056s][info][gc             ] GC(471) Pause Young (Allocation Failure) 721M->175M(1979M) 2.801ms
[117.056s][info][gc,cpu         ] GC(471) User=0.00s Sys=0.00s Real=0.00s
[117.233s][info][gc,start       ] GC(472) Pause Young (Allocation Failure)
[117.235s][info][gc,heap        ] GC(472) DefNew: 559514K->282K(629120K)
[117.235s][info][gc,heap        ] GC(472) Tenured: 178974K->178974K(1398144K)
[117.235s][info][gc,metaspace   ] GC(472) Metaspace: 80043K(84048K)->80043K(84048K) NonClass: 69802K(71856K)->69802K(71856K) Class: 10241K(12192K)->10241K(12192K)
[117.235s][info][gc             ] GC(472) Pause Young (Allocation Failure) 721M->175M(1979M) 2.489ms
[117.235s][info][gc,cpu         ] GC(472) User=0.00s Sys=0.00s Real=0.02s
[117.285s][info][gc,start       ] GC(473) Pause Full (System.gc())
[117.288s][info][gc,phases,start] GC(473) Phase 1: Mark live objects
[117.380s][info][gc,phases      ] GC(473) Phase 1: Mark live objects 92.084ms
[117.380s][info][gc,phases,start] GC(473) Phase 2: Compute new object addresses
[117.437s][info][gc,phases      ] GC(473) Phase 2: Compute new object addresses 57.032ms
[117.437s][info][gc,phases,start] GC(473) Phase 3: Adjust pointers
[117.494s][info][gc,phases      ] GC(473) Phase 3: Adjust pointers 57.092ms
[117.494s][info][gc,phases,start] GC(473) Phase 4: Move objects
[117.494s][info][gc,phases      ] GC(473) Phase 4: Move objects 0.030ms
[117.495s][info][gc,heap        ] GC(473) DefNew: 112648K->0K(629120K)
[117.495s][info][gc,heap        ] GC(473) Tenured: 178974K->179055K(1398144K)
[117.495s][info][gc,metaspace   ] GC(473) Metaspace: 80043K(84048K)->80043K(84048K) NonClass: 69802K(71856K)->69802K(71856K) Class: 10241K(12192K)->10241K(12192K)
[117.495s][info][gc             ] GC(473) Pause Full (System.gc()) 284M->174M(1979M) 210.011ms
[117.495s][info][gc,cpu         ] GC(473) User=0.20s Sys=0.00s Real=0.20s
[117.682s][info][gc,start       ] GC(474) Pause Young (Allocation Failure)
[117.684s][info][gc,heap        ] GC(474) DefNew: 559232K->290K(629120K)
[117.684s][info][gc,heap        ] GC(474) Tenured: 179055K->179055K(1398144K)
[117.684s][info][gc,metaspace   ] GC(474) Metaspace: 80043K(84048K)->80043K(84048K) NonClass: 69802K(71856K)->69802K(71856K) Class: 10241K(12192K)->10241K(12192K)
[117.684s][info][gc             ] GC(474) Pause Young (Allocation Failure) 720M->175M(1979M) 2.439ms
[117.684s][info][gc,cpu         ] GC(474) User=0.00s Sys=0.00s Real=0.00s
[117.855s][info][gc,start       ] GC(475) Pause Young (Allocation Failure)
[117.857s][info][gc,heap        ] GC(475) DefNew: 559522K->281K(629120K)
[117.857s][info][gc,heap        ] GC(475) Tenured: 179055K->179055K(1398144K)
[117.857s][info][gc,metaspace   ] GC(475) Metaspace: 80043K(84048K)->80043K(84048K) NonClass: 69802K(71856K)->69802K(71856K) Class: 10241K(12192K)->10241K(12192K)
[117.857s][info][gc             ] GC(475) Pause Young (Allocation Failure) 721M->175M(1979M) 1.978ms
[117.857s][info][gc,cpu         ] GC(475) User=0.00s Sys=0.00s Real=0.00s
[118.042s][info][gc,start       ] GC(476) Pause Young (Allocation Failure)
[118.043s][info][gc,heap        ] GC(476) DefNew: 559513K->281K(629120K)
[118.043s][info][gc,heap        ] GC(476) Tenured: 179055K->179055K(1398144K)
[118.043s][info][gc,metaspace   ] GC(476) Metaspace: 80043K(84048K)->80043K(84048K) NonClass: 69802K(71856K)->69802K(71856K) Class: 10241K(12192K)->10241K(12192K)
[118.043s][info][gc             ] GC(476) Pause Young (Allocation Failure) 721M->175M(1979M) 1.585ms
[118.043s][info][gc,cpu         ] GC(476) User=0.00s Sys=0.00s Real=0.00s
[118.222s][info][gc,start       ] GC(477) Pause Young (Allocation Failure)
[118.225s][info][gc,heap        ] GC(477) DefNew: 559513K->281K(629120K)
[118.225s][info][gc,heap        ] GC(477) Tenured: 179055K->179055K(1398144K)
[118.225s][info][gc,metaspace   ] GC(477) Metaspace: 80043K(84048K)->80043K(84048K) NonClass: 69802K(71856K)->69802K(71856K) Class: 10241K(12192K)->10241K(12192K)
[118.225s][info][gc             ] GC(477) Pause Young (Allocation Failure) 721M->175M(1979M) 2.846ms
[118.225s][info][gc,cpu         ] GC(477) User=0.02s Sys=0.00s Real=0.02s
[118.280s][info][gc,start       ] GC(478) Pause Full (System.gc())
[118.282s][info][gc,phases,start] GC(478) Phase 1: Mark live objects
[118.373s][info][gc,phases      ] GC(478) Phase 1: Mark live objects 91.770ms
[118.373s][info][gc,phases,start] GC(478) Phase 2: Compute new object addresses
[118.432s][info][gc,phases      ] GC(478) Phase 2: Compute new object addresses 58.538ms
[118.432s][info][gc,phases,start] GC(478) Phase 3: Adjust pointers
[118.489s][info][gc,phases      ] GC(478) Phase 3: Adjust pointers 56.765ms
[118.489s][info][gc,phases,start] GC(478) Phase 4: Move objects
[118.489s][info][gc,phases      ] GC(478) Phase 4: Move objects 0.030ms
[118.489s][info][gc,heap        ] GC(478) DefNew: 110562K->0K(629120K)
[118.489s][info][gc,heap        ] GC(478) Tenured: 179055K->179140K(1398144K)
[118.489s][info][gc,metaspace   ] GC(478) Metaspace: 80047K(84304K)->80047K(84304K) NonClass: 69806K(72112K)->69806K(72112K) Class: 10241K(12192K)->10241K(12192K)
[118.489s][info][gc             ] GC(478) Pause Full (System.gc()) 282M->174M(1979M) 209.401ms
[118.489s][info][gc,cpu         ] GC(478) User=0.16s Sys=0.00s Real=0.20s
[118.672s][info][gc,start       ] GC(479) Pause Young (Allocation Failure)
[118.673s][info][gc,heap        ] GC(479) DefNew: 559232K->290K(629120K)
[118.673s][info][gc,heap        ] GC(479) Tenured: 179140K->179140K(1398144K)
[118.673s][info][gc,metaspace   ] GC(479) Metaspace: 80047K(84304K)->80047K(84304K) NonClass: 69806K(72112K)->69806K(72112K) Class: 10241K(12192K)->10241K(12192K)
[118.674s][info][gc             ] GC(479) Pause Young (Allocation Failure) 721M->175M(1979M) 1.826ms
[118.674s][info][gc,cpu         ] GC(479) User=0.00s Sys=0.00s Real=0.00s
[118.842s][info][gc,start       ] GC(480) Pause Young (Allocation Failure)
[118.844s][info][gc,heap        ] GC(480) DefNew: 559522K->281K(629120K)
[118.844s][info][gc,heap        ] GC(480) Tenured: 179140K->179140K(1398144K)
[118.844s][info][gc,metaspace   ] GC(480) Metaspace: 80047K(84304K)->80047K(84304K) NonClass: 69806K(72112K)->69806K(72112K) Class: 10241K(12192K)->10241K(12192K)
[118.844s][info][gc             ] GC(480) Pause Young (Allocation Failure) 721M->175M(1979M) 1.617ms
[118.844s][info][gc,cpu         ] GC(480) User=0.00s Sys=0.00s Real=0.00s
[119.048s][info][gc,start       ] GC(481) Pause Young (Allocation Failure)
[119.050s][info][gc,heap        ] GC(481) DefNew: 559513K->281K(629120K)
[119.050s][info][gc,heap        ] GC(481) Tenured: 179140K->179140K(1398144K)
[119.050s][info][gc,metaspace   ] GC(481) Metaspace: 80047K(84304K)->80047K(84304K) NonClass: 69806K(72112K)->69806K(72112K) Class: 10241K(12192K)->10241K(12192K)
[119.050s][info][gc             ] GC(481) Pause Young (Allocation Failure) 721M->175M(1979M) 1.595ms
[119.050s][info][gc,cpu         ] GC(481) User=0.00s Sys=0.00s Real=0.00s
[119.214s][info][gc,start       ] GC(482) Pause Young (Allocation Failure)
[119.216s][info][gc,heap        ] GC(482) DefNew: 559513K->281K(629120K)
[119.216s][info][gc,heap        ] GC(482) Tenured: 179140K->179140K(1398144K)
[119.216s][info][gc,metaspace   ] GC(482) Metaspace: 80047K(84304K)->80047K(84304K) NonClass: 69806K(72112K)->69806K(72112K) Class: 10241K(12192K)->10241K(12192K)
[119.216s][info][gc             ] GC(482) Pause Young (Allocation Failure) 721M->175M(1979M) 1.580ms
[119.216s][info][gc,cpu         ] GC(482) User=0.00s Sys=0.00s Real=0.00s
[119.309s][info][gc,start       ] GC(483) Pause Full (System.gc())
[119.310s][info][gc,phases,start] GC(483) Phase 1: Mark live objects
[119.403s][info][gc,phases      ] GC(483) Phase 1: Mark live objects 92.370ms
[119.403s][info][gc,phases,start] GC(483) Phase 2: Compute new object addresses
[119.462s][info][gc,phases      ] GC(483) Phase 2: Compute new object addresses 59.558ms
[119.462s][info][gc,phases,start] GC(483) Phase 3: Adjust pointers
[119.521s][info][gc,phases      ] GC(483) Phase 3: Adjust pointers 58.526ms
[119.521s][info][gc,phases,start] GC(483) Phase 4: Move objects
[119.521s][info][gc,phases      ] GC(483) Phase 4: Move objects 0.032ms
[119.521s][info][gc,heap        ] GC(483) DefNew: 107087K->0K(629120K)
[119.521s][info][gc,heap        ] GC(483) Tenured: 179140K->179220K(1398144K)
[119.521s][info][gc,metaspace   ] GC(483) Metaspace: 80049K(84304K)->80049K(84304K) NonClass: 69808K(72112K)->69808K(72112K) Class: 10241K(12192K)->10241K(12192K)
[119.521s][info][gc             ] GC(483) Pause Full (System.gc()) 279M->175M(1979M) 212.749ms
[119.521s][info][gc,cpu         ] GC(483) User=0.11s Sys=0.02s Real=0.20s
[119.709s][info][gc,start       ] GC(484) Pause Young (Allocation Failure)
[119.711s][info][gc,heap        ] GC(484) DefNew: 559232K->292K(629120K)
[119.712s][info][gc,heap        ] GC(484) Tenured: 179220K->179220K(1398144K)
[119.712s][info][gc,metaspace   ] GC(484) Metaspace: 80068K(84304K)->80068K(84304K) NonClass: 69827K(72112K)->69827K(72112K) Class: 10241K(12192K)->10241K(12192K)
[119.712s][info][gc             ] GC(484) Pause Young (Allocation Failure) 721M->175M(1979M) 2.083ms
[119.712s][info][gc,cpu         ] GC(484) User=0.00s Sys=0.00s Real=0.00s
[119.893s][info][gc,start       ] GC(485) Pause Young (Allocation Failure)
[119.895s][info][gc,heap        ] GC(485) DefNew: 559524K->282K(629120K)
[119.895s][info][gc,heap        ] GC(485) Tenured: 179220K->179220K(1398144K)
[119.895s][info][gc,metaspace   ] GC(485) Metaspace: 80068K(84304K)->80068K(84304K) NonClass: 69827K(72112K)->69827K(72112K) Class: 10241K(12192K)->10241K(12192K)
[119.895s][info][gc             ] GC(485) Pause Young (Allocation Failure) 721M->175M(1979M) 1.617ms
[119.895s][info][gc,cpu         ] GC(485) User=0.00s Sys=0.00s Real=0.00s
[120.088s][info][gc,start       ] GC(486) Pause Young (Allocation Failure)
[120.090s][info][gc,heap        ] GC(486) DefNew: 559514K->282K(629120K)
[120.090s][info][gc,heap        ] GC(486) Tenured: 179220K->179220K(1398144K)
[120.090s][info][gc,metaspace   ] GC(486) Metaspace: 80068K(84304K)->80068K(84304K) NonClass: 69827K(72112K)->69827K(72112K) Class: 10241K(12192K)->10241K(12192K)
[120.090s][info][gc             ] GC(486) Pause Young (Allocation Failure) 721M->175M(1979M) 1.616ms
[120.090s][info][gc,cpu         ] GC(486) User=0.00s Sys=0.00s Real=0.02s
[120.265s][info][gc,start       ] GC(487) Pause Young (Allocation Failure)
[120.267s][info][gc,heap        ] GC(487) DefNew: 559514K->282K(629120K)
[120.267s][info][gc,heap        ] GC(487) Tenured: 179220K->179220K(1398144K)
[120.267s][info][gc,metaspace   ] GC(487) Metaspace: 80068K(84304K)->80068K(84304K) NonClass: 69827K(72112K)->69827K(72112K) Class: 10241K(12192K)->10241K(12192K)
[120.267s][info][gc             ] GC(487) Pause Young (Allocation Failure) 721M->175M(1979M) 2.035ms
[120.267s][info][gc,cpu         ] GC(487) User=0.00s Sys=0.00s Real=0.00s
[120.316s][info][gc,start       ] GC(488) Pause Full (System.gc())
[120.317s][info][gc,phases,start] GC(488) Phase 1: Mark live objects
[120.409s][info][gc,phases      ] GC(488) Phase 1: Mark live objects 91.901ms
[120.409s][info][gc,phases,start] GC(488) Phase 2: Compute new object addresses
[120.466s][info][gc,phases      ] GC(488) Phase 2: Compute new object addresses 56.265ms
[120.466s][info][gc,phases,start] GC(488) Phase 3: Adjust pointers
[120.525s][info][gc,phases      ] GC(488) Phase 3: Adjust pointers 58.796ms
[120.525s][info][gc,phases,start] GC(488) Phase 4: Move objects
[120.550s][info][gc,phases      ] GC(488) Phase 4: Move objects 25.023ms
[120.550s][info][gc,heap        ] GC(488) DefNew: 105205K->0K(629120K)
[120.550s][info][gc,heap        ] GC(488) Tenured: 179220K->179048K(1398144K)
[120.550s][info][gc,metaspace   ] GC(488) Metaspace: 80111K(84304K)->80111K(84304K) NonClass: 69870K(72112K)->69870K(72112K) Class: 10241K(12192K)->10241K(12192K)
[120.550s][info][gc             ] GC(488) Pause Full (System.gc()) 277M->174M(1979M) 234.610ms
[120.550s][info][gc,cpu         ] GC(488) User=0.22s Sys=0.00s Real=0.23s
[120.737s][info][gc,start       ] GC(489) Pause Young (Allocation Failure)
[120.739s][info][gc,heap        ] GC(489) DefNew: 559232K->290K(629120K)
[120.739s][info][gc,heap        ] GC(489) Tenured: 179048K->179048K(1398144K)
[120.739s][info][gc,metaspace   ] GC(489) Metaspace: 80130K(84304K)->80130K(84304K) NonClass: 69889K(72112K)->69889K(72112K) Class: 10241K(12192K)->10241K(12192K)
[120.739s][info][gc             ] GC(489) Pause Young (Allocation Failure) 720M->175M(1979M) 1.970ms
[120.739s][info][gc,cpu         ] GC(489) User=0.00s Sys=0.00s Real=0.00s
[120.908s][info][gc,start       ] GC(490) Pause Young (Allocation Failure)
[120.910s][info][gc,heap        ] GC(490) DefNew: 559522K->280K(629120K)
[120.910s][info][gc,heap        ] GC(490) Tenured: 179048K->179048K(1398144K)
[120.910s][info][gc,metaspace   ] GC(490) Metaspace: 80130K(84304K)->80130K(84304K) NonClass: 69889K(72112K)->69889K(72112K) Class: 10241K(12192K)->10241K(12192K)
[120.910s][info][gc             ] GC(490) Pause Young (Allocation Failure) 721M->175M(1979M) 1.582ms
[120.910s][info][gc,cpu         ] GC(490) User=0.00s Sys=0.00s Real=0.00s
[121.072s][info][gc,start       ] GC(491) Pause Young (Allocation Failure)
[121.073s][info][gc,heap        ] GC(491) DefNew: 559512K->280K(629120K)
[121.073s][info][gc,heap        ] GC(491) Tenured: 179048K->179048K(1398144K)
[121.073s][info][gc,metaspace   ] GC(491) Metaspace: 80130K(84304K)->80130K(84304K) NonClass: 69889K(72112K)->69889K(72112K) Class: 10241K(12192K)->10241K(12192K)
[121.073s][info][gc             ] GC(491) Pause Young (Allocation Failure) 721M->175M(1979M) 1.558ms
[121.073s][info][gc,cpu         ] GC(491) User=0.00s Sys=0.00s Real=0.00s
[121.237s][info][gc,start       ] GC(492) Pause Young (Allocation Failure)
[121.239s][info][gc,heap        ] GC(492) DefNew: 559512K->280K(629120K)
[121.239s][info][gc,heap        ] GC(492) Tenured: 179048K->179048K(1398144K)
[121.239s][info][gc,metaspace   ] GC(492) Metaspace: 80130K(84304K)->80130K(84304K) NonClass: 69889K(72112K)->69889K(72112K) Class: 10241K(12192K)->10241K(12192K)
[121.239s][info][gc             ] GC(492) Pause Young (Allocation Failure) 721M->175M(1979M) 1.628ms
[121.239s][info][gc,cpu         ] GC(492) User=0.00s Sys=0.00s Real=0.00s
[121.285s][info][gc,start       ] GC(493) Pause Full (System.gc())
[121.286s][info][gc,phases,start] GC(493) Phase 1: Mark live objects
[121.378s][info][gc,phases      ] GC(493) Phase 1: Mark live objects 92.026ms
[121.378s][info][gc,phases,start] GC(493) Phase 2: Compute new object addresses
[121.435s][info][gc,phases      ] GC(493) Phase 2: Compute new object addresses 56.406ms
[121.435s][info][gc,phases,start] GC(493) Phase 3: Adjust pointers
[121.492s][info][gc,phases      ] GC(493) Phase 3: Adjust pointers 57.223ms
[121.492s][info][gc,phases,start] GC(493) Phase 4: Move objects
[121.492s][info][gc,phases      ] GC(493) Phase 4: Move objects 0.030ms
[121.492s][info][gc,heap        ] GC(493) DefNew: 111807K->0K(629120K)
[121.492s][info][gc,heap        ] GC(493) Tenured: 179048K->179128K(1398144K)
[121.492s][info][gc,metaspace   ] GC(493) Metaspace: 80145K(84304K)->80145K(84304K) NonClass: 69904K(72112K)->69904K(72112K) Class: 10241K(12192K)->10241K(12192K)
[121.492s][info][gc             ] GC(493) Pause Full (System.gc()) 284M->174M(1979M) 207.933ms
[121.492s][info][gc,cpu         ] GC(493) User=0.16s Sys=0.00s Real=0.20s
[121.678s][info][gc,start       ] GC(494) Pause Young (Allocation Failure)
[121.680s][info][gc,heap        ] GC(494) DefNew: 559232K->290K(629120K)
[121.680s][info][gc,heap        ] GC(494) Tenured: 179128K->179128K(1398144K)
[121.680s][info][gc,metaspace   ] GC(494) Metaspace: 80152K(84304K)->80152K(84304K) NonClass: 69911K(72112K)->69911K(72112K) Class: 10241K(12192K)->10241K(12192K)
[121.680s][info][gc             ] GC(494) Pause Young (Allocation Failure) 721M->175M(1979M) 1.781ms
[121.680s][info][gc,cpu         ] GC(494) User=0.00s Sys=0.00s Real=0.00s
[121.861s][info][gc,start       ] GC(495) Pause Young (Allocation Failure)
[121.862s][info][gc,heap        ] GC(495) DefNew: 559522K->280K(629120K)
[121.862s][info][gc,heap        ] GC(495) Tenured: 179128K->179128K(1398144K)
[121.862s][info][gc,metaspace   ] GC(495) Metaspace: 80152K(84304K)->80152K(84304K) NonClass: 69911K(72112K)->69911K(72112K) Class: 10241K(12192K)->10241K(12192K)
[121.862s][info][gc             ] GC(495) Pause Young (Allocation Failure) 721M->175M(1979M) 1.584ms
[121.862s][info][gc,cpu         ] GC(495) User=0.00s Sys=0.00s Real=0.00s
[122.058s][info][gc,start       ] GC(496) Pause Young (Allocation Failure)
[122.060s][info][gc,heap        ] GC(496) DefNew: 559512K->280K(629120K)
[122.060s][info][gc,heap        ] GC(496) Tenured: 179128K->179128K(1398144K)
[122.060s][info][gc,metaspace   ] GC(496) Metaspace: 80152K(84304K)->80152K(84304K) NonClass: 69911K(72112K)->69911K(72112K) Class: 10241K(12192K)->10241K(12192K)
[122.060s][info][gc             ] GC(496) Pause Young (Allocation Failure) 721M->175M(1979M) 2.541ms
[122.060s][info][gc,cpu         ] GC(496) User=0.00s Sys=0.00s Real=0.00s
[122.240s][info][gc,start       ] GC(497) Pause Young (Allocation Failure)
[122.242s][info][gc,heap        ] GC(497) DefNew: 559512K->280K(629120K)
[122.242s][info][gc,heap        ] GC(497) Tenured: 179128K->179128K(1398144K)
[122.242s][info][gc,metaspace   ] GC(497) Metaspace: 80152K(84304K)->80152K(84304K) NonClass: 69911K(72112K)->69911K(72112K) Class: 10241K(12192K)->10241K(12192K)
[122.242s][info][gc             ] GC(497) Pause Young (Allocation Failure) 721M->175M(1979M) 1.721ms
[122.242s][info][gc,cpu         ] GC(497) User=0.00s Sys=0.00s Real=0.00s
[122.293s][info][gc,start       ] GC(498) Pause Full (System.gc())
[122.297s][info][gc,phases,start] GC(498) Phase 1: Mark live objects
[122.390s][info][gc,phases      ] GC(498) Phase 1: Mark live objects 93.650ms
[122.390s][info][gc,phases,start] GC(498) Phase 2: Compute new object addresses
[122.447s][info][gc,phases      ] GC(498) Phase 2: Compute new object addresses 56.870ms
[122.447s][info][gc,phases,start] GC(498) Phase 3: Adjust pointers
[122.504s][info][gc,phases      ] GC(498) Phase 3: Adjust pointers 56.671ms
[122.504s][info][gc,phases,start] GC(498) Phase 4: Move objects
[122.504s][info][gc,phases      ] GC(498) Phase 4: Move objects 0.032ms
[122.505s][info][gc,heap        ] GC(498) DefNew: 112414K->0K(629120K)
[122.505s][info][gc,heap        ] GC(498) Tenured: 179128K->179207K(1398144K)
[122.505s][info][gc,metaspace   ] GC(498) Metaspace: 80162K(84304K)->80162K(84304K) NonClass: 69920K(72112K)->69920K(72112K) Class: 10241K(12192K)->10241K(12192K)
[122.505s][info][gc             ] GC(498) Pause Full (System.gc()) 284M->175M(1979M) 211.337ms
[122.505s][info][gc,cpu         ] GC(498) User=0.20s Sys=0.00s Real=0.20s
[122.688s][info][gc,start       ] GC(499) Pause Young (Allocation Failure)
[122.690s][info][gc,heap        ] GC(499) DefNew: 559232K->291K(629120K)
[122.690s][info][gc,heap        ] GC(499) Tenured: 179207K->179207K(1398144K)
[122.690s][info][gc,metaspace   ] GC(499) Metaspace: 80163K(84304K)->80163K(84304K) NonClass: 69922K(72112K)->69922K(72112K) Class: 10241K(12192K)->10241K(12192K)
[122.690s][info][gc             ] GC(499) Pause Young (Allocation Failure) 721M->175M(1979M) 1.839ms
[122.690s][info][gc,cpu         ] GC(499) User=0.00s Sys=0.00s Real=0.00s
[122.864s][info][gc,start       ] GC(500) Pause Young (Allocation Failure)
[122.865s][info][gc,heap        ] GC(500) DefNew: 559523K->282K(629120K)
[122.865s][info][gc,heap        ] GC(500) Tenured: 179207K->179207K(1398144K)
[122.865s][info][gc,metaspace   ] GC(500) Metaspace: 80163K(84304K)->80163K(84304K) NonClass: 69922K(72112K)->69922K(72112K) Class: 10241K(12192K)->10241K(12192K)
[122.865s][info][gc             ] GC(500) Pause Young (Allocation Failure) 721M->175M(1979M) 1.658ms
[122.865s][info][gc,cpu         ] GC(500) User=0.00s Sys=0.00s Real=0.00s
[123.039s][info][gc,start       ] GC(501) Pause Young (Allocation Failure)
[123.040s][info][gc,heap        ] GC(501) DefNew: 559514K->282K(629120K)
[123.040s][info][gc,heap        ] GC(501) Tenured: 179207K->179207K(1398144K)
[123.040s][info][gc,metaspace   ] GC(501) Metaspace: 80163K(84304K)->80163K(84304K) NonClass: 69922K(72112K)->69922K(72112K) Class: 10241K(12192K)->10241K(12192K)
[123.040s][info][gc             ] GC(501) Pause Young (Allocation Failure) 721M->175M(1979M) 1.585ms
[123.040s][info][gc,cpu         ] GC(501) User=0.00s Sys=0.00s Real=0.00s
[123.203s][info][gc,start       ] GC(502) Pause Young (Allocation Failure)
[123.204s][info][gc,heap        ] GC(502) DefNew: 559514K->282K(629120K)
[123.204s][info][gc,heap        ] GC(502) Tenured: 179207K->179207K(1398144K)
[123.204s][info][gc,metaspace   ] GC(502) Metaspace: 80163K(84304K)->80163K(84304K) NonClass: 69922K(72112K)->69922K(72112K) Class: 10241K(12192K)->10241K(12192K)
[123.204s][info][gc             ] GC(502) Pause Young (Allocation Failure) 721M->175M(1979M) 1.775ms
[123.204s][info][gc,cpu         ] GC(502) User=0.00s Sys=0.00s Real=0.00s
[123.253s][info][gc,start       ] GC(503) Pause Full (System.gc())
[123.255s][info][gc,phases,start] GC(503) Phase 1: Mark live objects
[123.349s][info][gc,phases      ] GC(503) Phase 1: Mark live objects 94.420ms
[123.377s][info][gc,phases,start] GC(503) Phase 2: Compute new object addresses
[123.435s][info][gc,phases      ] GC(503) Phase 2: Compute new object addresses 58.511ms
[123.435s][info][gc,phases,start] GC(503) Phase 3: Adjust pointers
[123.492s][info][gc,phases      ] GC(503) Phase 3: Adjust pointers 57.204ms
[123.492s][info][gc,phases,start] GC(503) Phase 4: Move objects
[123.492s][info][gc,phases      ] GC(503) Phase 4: Move objects 0.029ms
[123.493s][info][gc,heap        ] GC(503) DefNew: 104957K->0K(629120K)
[123.493s][info][gc,heap        ] GC(503) Tenured: 179207K->179288K(1398144K)
[123.493s][info][gc,metaspace   ] GC(503) Metaspace: 80172K(84304K)->80172K(84304K) NonClass: 69931K(72112K)->69931K(72112K) Class: 10241K(12192K)->10241K(12192K)
[123.493s][info][gc             ] GC(503) Pause Full (System.gc()) 277M->175M(1979M) 239.837ms
[123.493s][info][gc,cpu         ] GC(503) User=0.20s Sys=0.00s Real=0.24s
[123.680s][info][gc,start       ] GC(504) Pause Young (Allocation Failure)
[123.682s][info][gc,heap        ] GC(504) DefNew: 559232K->290K(629120K)
[123.682s][info][gc,heap        ] GC(504) Tenured: 179288K->179288K(1398144K)
[123.682s][info][gc,metaspace   ] GC(504) Metaspace: 80172K(84304K)->80172K(84304K) NonClass: 69931K(72112K)->69931K(72112K) Class: 10241K(12192K)->10241K(12192K)
[123.682s][info][gc             ] GC(504) Pause Young (Allocation Failure) 721M->175M(1979M) 1.745ms
[123.682s][info][gc,cpu         ] GC(504) User=0.00s Sys=0.00s Real=0.00s
[123.856s][info][gc,start       ] GC(505) Pause Young (Allocation Failure)
[123.859s][info][gc,heap        ] GC(505) DefNew: 559522K->280K(629120K)
[123.859s][info][gc,heap        ] GC(505) Tenured: 179288K->179288K(1398144K)
[123.859s][info][gc,metaspace   ] GC(505) Metaspace: 80172K(84304K)->80172K(84304K) NonClass: 69931K(72112K)->69931K(72112K) Class: 10241K(12192K)->10241K(12192K)
[123.859s][info][gc             ] GC(505) Pause Young (Allocation Failure) 721M->175M(1979M) 2.419ms
[123.859s][info][gc,cpu         ] GC(505) User=0.00s Sys=0.00s Real=0.00s
[124.030s][info][gc,start       ] GC(506) Pause Young (Allocation Failure)
[124.031s][info][gc,heap        ] GC(506) DefNew: 559512K->280K(629120K)
[124.031s][info][gc,heap        ] GC(506) Tenured: 179288K->179288K(1398144K)
[124.031s][info][gc,metaspace   ] GC(506) Metaspace: 80172K(84304K)->80172K(84304K) NonClass: 69931K(72112K)->69931K(72112K) Class: 10241K(12192K)->10241K(12192K)
[124.031s][info][gc             ] GC(506) Pause Young (Allocation Failure) 721M->175M(1979M) 1.596ms
[124.031s][info][gc,cpu         ] GC(506) User=0.00s Sys=0.00s Real=0.00s
[124.199s][info][gc,start       ] GC(507) Pause Young (Allocation Failure)
[124.201s][info][gc,heap        ] GC(507) DefNew: 559512K->280K(629120K)
[124.201s][info][gc,heap        ] GC(507) Tenured: 179288K->179288K(1398144K)
[124.201s][info][gc,metaspace   ] GC(507) Metaspace: 80172K(84304K)->80172K(84304K) NonClass: 69931K(72112K)->69931K(72112K) Class: 10241K(12192K)->10241K(12192K)
[124.201s][info][gc             ] GC(507) Pause Young (Allocation Failure) 721M->175M(1979M) 1.590ms
[124.201s][info][gc,cpu         ] GC(507) User=0.00s Sys=0.00s Real=0.00s
[124.426s][info][gc,heap,exit   ] Heap
[124.426s][info][gc,heap,exit   ]  def new generation   total 629120K, used 187858K [0x0000000080000000, 0x00000000aaaa0000, 0x00000000aaaa0000)
[124.426s][info][gc,heap,exit   ]   eden space 559232K,  33% used [0x0000000080000000, 0x000000008b72e7b8, 0x00000000a2220000)
[124.426s][info][gc,heap,exit   ]   from space 69888K,   0% used [0x00000000a6660000, 0x00000000a66a6228, 0x00000000aaaa0000)
[124.426s][info][gc,heap,exit   ]   to   space 69888K,   0% used [0x00000000a2220000, 0x00000000a2220000, 0x00000000a6660000)
[124.426s][info][gc,heap,exit   ]  tenured generation   total 1398144K, used 179288K [0x00000000aaaa0000, 0x0000000100000000, 0x0000000100000000)
[124.426s][info][gc,heap,exit   ]    the space 1398144K,  12% used [0x00000000aaaa0000, 0x00000000b59b6088, 0x00000000b59b6200, 0x0000000100000000)
[124.426s][info][gc,heap,exit   ]  Metaspace       used 80700K, capacity 84821K, committed 85072K, reserved 1122304K
[124.426s][info][gc,heap,exit   ]   class space    used 10355K, capacity 12341K, committed 12448K, reserved 1048576K
