OpenJDK 64-Bit Server VM (25.422-b05) for windows-amd64 JRE (1.8.0_422-422-b05), built on Jul 18 2024 05:34:18 by "Administrator" with MS VC++ 16.10 / 16.11 (VS2019)
Memory: 4k page, physical 15965620k(10878716k free), swap 19635636k(12721344k free)
CommandLine flags: -XX:InitialHeapSize=629145600 -XX:MaxHeapSize=629145600 -XX:+PrintGC -XX:+PrintGCApplicationConcurrentTime -XX:+PrintGCApplicationStoppedTime -XX:+PrintGCDateStamps -XX:+PrintGCDetails -XX:+PrintGCTimeStamps -XX:+UnlockExperimentalVMOptions -XX:+UseCompressedClassPointers -XX:+UseCompressedOops -XX:-UseLargePagesIndividualAllocation -XX:+UseSerialGC 
2024-10-02T10:44:55.098+0300: 0.065: Application time: 0.0184862 seconds
2024-10-02T10:44:55.098+0300: 0.065: Total time for which application threads were stopped: 0.0000835 seconds, Stopping threads took: 0.0000304 seconds
2024-10-02T10:44:55.289+0300: 0.254: Application time: 0.1887843 seconds
2024-10-02T10:44:55.289+0300: 0.254: [Full GC (System.gc()) 2024-10-02T10:44:55.289+0300: 0.254: [Tenured: 0K->3705K(409600K), 0.0129548 secs] 19721K->3705K(593920K), [Metaspace: 7074K->7074K(1056768K)], 0.0131451 secs] [Times: user=0.00 sys=0.00, real=0.01 secs] 
2024-10-02T10:44:55.302+0300: 0.267: Total time for which application threads were stopped: 0.0133327 seconds, Stopping threads took: 0.0000411 seconds
2024-10-02T10:44:55.302+0300: 0.267: Application time: 0.0001330 seconds
2024-10-02T10:44:55.302+0300: 0.267: [Full GC (System.gc()) 2024-10-02T10:44:55.302+0300: 0.267: [Tenured: 3705K->3705K(409600K), 0.0077605 secs] 3705K->3705K(593920K), [Metaspace: 7074K->7074K(1056768K)], 0.0078498 secs] [Times: user=0.00 sys=0.00, real=0.00 secs] 
2024-10-02T10:44:55.302+0300: 0.275: Total time for which application threads were stopped: 0.0079544 seconds, Stopping threads took: 0.0000272 seconds
2024-10-02T10:44:55.317+0300: 0.291: Application time: 0.0162231 seconds
2024-10-02T10:44:55.349+0300: 0.310: [GC (Allocation Failure) 2024-10-02T10:44:55.349+0300: 0.310: [DefNew: 148549K->203K(184320K), 0.0462211 secs] 152254K->134980K(593920K), 0.0463179 secs] [Times: user=0.00 sys=0.00, real=0.05 secs] 
2024-10-02T10:44:55.396+0300: 0.357: Total time for which application threads were stopped: 0.0653182 seconds, Stopping threads took: 0.0188858 seconds
2024-10-02T10:44:56.401+0300: 1.361: Application time: 1.0044063 seconds
2024-10-02T10:44:56.401+0300: 1.361: Total time for which application threads were stopped: 0.0002926 seconds, Stopping threads took: 0.0002171 seconds
2024-10-02T10:44:59.134+0300: 4.094: Application time: 2.7330362 seconds
2024-10-02T10:44:59.134+0300: 4.095: Total time for which application threads were stopped: 0.0004552 seconds, Stopping threads took: 0.0003195 seconds
2024-10-02T10:45:00.940+0300: 5.907: Application time: 1.8122408 seconds
2024-10-02T10:45:00.940+0300: 5.908: [GC (Allocation Failure) 2024-10-02T10:45:00.940+0300: 5.908: [DefNew: 139275K->188K(184320K), 0.0240201 secs] 274052K->200501K(593920K), 0.0241406 secs] [Times: user=0.05 sys=0.00, real=0.02 secs] 
2024-10-02T10:45:00.958+0300: 5.932: Total time for which application threads were stopped: 0.0246493 seconds, Stopping threads took: 0.0003431 seconds
2024-10-02T10:45:04.237+0300: 9.202: Application time: 3.2698104 seconds
2024-10-02T10:45:04.237+0300: 9.202: [GC (Allocation Failure) 2024-10-02T10:45:04.237+0300: 9.202: [DefNew: 133926K->186K(184320K), 0.0454162 secs] 334240K->331571K(593920K), 0.0455069 secs] [Times: user=0.02 sys=0.03, real=0.05 secs] 
2024-10-02T10:45:04.284+0300: 9.248: Total time for which application threads were stopped: 0.0458600 seconds, Stopping threads took: 0.0002419 seconds
2024-10-02T10:45:11.208+0300: 16.172: Application time: 6.9242494 seconds
2024-10-02T10:45:11.208+0300: 16.172: [GC (Allocation Failure) 2024-10-02T10:45:11.208+0300: 16.172: [DefNew: 135321K->135321K(184320K), 0.0000179 secs]2024-10-02T10:45:11.208+0300: 16.172: [Tenured: 331385K->266036K(409600K), 0.0124931 secs] 466706K->266036K(593920K), [Metaspace: 7118K->7118K(1056768K)], 0.0125967 secs] [Times: user=0.00 sys=0.00, real=0.02 secs] 
2024-10-02T10:45:11.224+0300: 16.185: Total time for which application threads were stopped: 0.0129641 seconds, Stopping threads took: 0.0001818 seconds
2024-10-02T10:45:19.906+0300: 24.872: Application time: 8.6869881 seconds
2024-10-02T10:45:19.906+0300: 24.872: [GC (Allocation Failure) 2024-10-02T10:45:19.906+0300: 24.872: [DefNew: 134825K->143K(184320K), 0.0006872 secs] 400862K->266180K(593920K), 0.0007577 secs] [Times: user=0.00 sys=0.00, real=0.01 secs] 
2024-10-02T10:45:19.912+0300: 24.873: Total time for which application threads were stopped: 0.0010422 seconds, Stopping threads took: 0.0001776 seconds
2024-10-02T10:45:23.563+0300: 28.525: Application time: 3.6526173 seconds
2024-10-02T10:45:23.563+0300: 28.526: [GC (Allocation Failure) 2024-10-02T10:45:23.563+0300: 28.526: [DefNew: 132488K->143K(184320K), 0.0262064 secs] 398524K->397252K(593920K), 0.0263104 secs] [Times: user=0.00 sys=0.00, real=0.02 secs] 
2024-10-02T10:45:23.579+0300: 28.552: Total time for which application threads were stopped: 0.0266120 seconds, Stopping threads took: 0.0001790 seconds
2024-10-02T10:45:26.557+0300: 31.521: Application time: 2.9687264 seconds
2024-10-02T10:45:26.557+0300: 31.521: Total time for which application threads were stopped: 0.0002594 seconds, Stopping threads took: 0.0002004 seconds
2024-10-02T10:45:26.557+0300: 31.521: Application time: 0.0002770 seconds
2024-10-02T10:45:26.563+0300: 31.525: [GC (Allocation Failure) 2024-10-02T10:45:26.563+0300: 31.526: [DefNew: 139500K->139500K(184320K), 0.0000119 secs]2024-10-02T10:45:26.563+0300: 31.526: [Tenured: 397108K->101209K(409600K), 0.0165339 secs] 536609K->101209K(593920K), [Metaspace: 7146K->7146K(1056768K)], 0.0166252 secs] [Times: user=0.02 sys=0.00, real=0.02 secs] 
2024-10-02T10:45:26.579+0300: 31.542: Total time for which application threads were stopped: 0.0208678 seconds, Stopping threads took: 0.0041584 seconds
2024-10-02T10:45:29.062+0300: 34.023: Application time: 2.4807395 seconds
2024-10-02T10:45:29.062+0300: 34.023: [GC (Allocation Failure) 2024-10-02T10:45:29.062+0300: 34.023: [DefNew: 132301K->29K(184320K), 0.0127218 secs] 233511K->232310K(593920K), 0.0128103 secs] [Times: user=0.00 sys=0.00, real=0.01 secs] 
2024-10-02T10:45:29.073+0300: 34.036: Total time for which application threads were stopped: 0.0133336 seconds, Stopping threads took: 0.0003830 seconds
2024-10-02T10:45:32.026+0300: 36.986: Application time: 2.9496991 seconds
2024-10-02T10:45:32.026+0300: 36.986: [GC (Allocation Failure) 2024-10-02T10:45:32.026+0300: 36.986: [DefNew: 133100K->29K(184320K), 0.0130495 secs] 365382K->363382K(593920K), 0.0131258 secs] [Times: user=0.00 sys=0.00, real=0.00 secs] 
2024-10-02T10:45:32.026+0300: 37.000: Total time for which application threads were stopped: 0.0136161 seconds, Stopping threads took: 0.0003543 seconds
2024-10-02T10:45:33.030+0300: 37.990: Application time: 0.9907341 seconds
2024-10-02T10:45:33.030+0300: 37.991: Total time for which application threads were stopped: 0.0002565 seconds, Stopping threads took: 0.0001928 seconds
2024-10-02T10:45:36.043+0300: 41.003: Application time: 3.0125672 seconds
2024-10-02T10:45:36.043+0300: 41.003: Total time for which application threads were stopped: 0.0002973 seconds, Stopping threads took: 0.0002250 seconds
2024-10-02T10:45:39.827+0300: 44.793: Application time: 3.7891383 seconds
2024-10-02T10:45:39.827+0300: 44.793: [GC (Allocation Failure) 2024-10-02T10:45:39.827+0300: 44.793: [DefNew: 134561K->134561K(184320K), 0.0000156 secs]2024-10-02T10:45:39.827+0300: 44.793: [Tenured: 363353K->297991K(409600K), 0.0170945 secs] 497915K->297991K(593920K), [Metaspace: 7150K->7150K(1056768K)], 0.0171998 secs] [Times: user=0.03 sys=0.00, real=0.02 secs] 
2024-10-02T10:45:39.849+0300: 44.810: Total time for which application threads were stopped: 0.0176717 seconds, Stopping threads took: 0.0003623 seconds
2024-10-02T10:45:45.665+0300: 50.634: Application time: 5.8237025 seconds
2024-10-02T10:45:45.665+0300: 50.634: [GC (Allocation Failure) 2024-10-02T10:45:45.665+0300: 50.634: [DefNew: 135276K->135276K(184320K), 0.0000410 secs]2024-10-02T10:45:45.665+0300: 50.634: [Tenured: 297991K->298105K(409600K), 0.0157122 secs] 433267K->298105K(593920K), [Metaspace: 7150K->7150K(1056768K)], 0.0158900 secs] [Times: user=0.01 sys=0.00, real=0.02 secs] 
2024-10-02T10:45:45.680+0300: 50.650: Total time for which application threads were stopped: 0.0162652 seconds, Stopping threads took: 0.0002348 seconds
2024-10-02T10:45:51.536+0300: 56.504: Application time: 5.8537409 seconds
2024-10-02T10:45:51.536+0300: 56.504: [GC (Allocation Failure) 2024-10-02T10:45:51.536+0300: 56.504: [DefNew: 134364K->134364K(184320K), 0.0000151 secs]2024-10-02T10:45:51.536+0300: 56.504: [Tenured: 298105K->265395K(409600K), 0.0125307 secs] 432470K->265395K(593920K), [Metaspace: 7150K->7150K(1056768K)], 0.0126303 secs] [Times: user=0.02 sys=0.00, real=0.02 secs] 
2024-10-02T10:45:51.551+0300: 56.517: Total time for which application threads were stopped: 0.0130501 seconds, Stopping threads took: 0.0002866 seconds
2024-10-02T10:45:56.511+0300: 61.476: Application time: 4.9589105 seconds
2024-10-02T10:45:56.511+0300: 61.476: [GC (Allocation Failure) 2024-10-02T10:45:56.511+0300: 61.476: [DefNew: 134333K->86K(184320K), 0.0102348 secs] 399728K->363785K(593920K), 0.0103000 secs] [Times: user=0.03 sys=0.00, real=0.01 secs] 
2024-10-02T10:45:56.521+0300: 61.487: Total time for which application threads were stopped: 0.0106405 seconds, Stopping threads took: 0.0002208 seconds
2024-10-02T10:46:01.489+0300: 66.452: Application time: 4.9652309 seconds
2024-10-02T10:46:01.489+0300: 66.452: [GC (Allocation Failure) 2024-10-02T10:46:01.489+0300: 66.452: [DefNew: 135185K->135185K(184320K), 0.0000157 secs]2024-10-02T10:46:01.489+0300: 66.452: [Tenured: 363699K->297849K(409600K), 0.0343194 secs] 498885K->297849K(593920K), [Metaspace: 7154K->7154K(1056768K)], 0.0344283 secs] [Times: user=0.02 sys=0.00, real=0.03 secs] 
2024-10-02T10:46:01.520+0300: 66.487: Total time for which application threads were stopped: 0.0348148 seconds, Stopping threads took: 0.0002545 seconds
2024-10-02T10:46:09.260+0300: 74.225: Application time: 7.7385457 seconds
2024-10-02T10:46:09.260+0300: 74.225: [GC (Allocation Failure) 2024-10-02T10:46:09.260+0300: 74.225: [DefNew: 134390K->134390K(184320K), 0.0000145 secs]2024-10-02T10:46:09.260+0300: 74.225: [Tenured: 297849K->232371K(409600K), 0.0103610 secs] 432240K->232371K(593920K), [Metaspace: 7155K->7155K(1056768K)], 0.0104650 secs] [Times: user=0.00 sys=0.00, real=0.02 secs] 
2024-10-02T10:46:09.276+0300: 74.236: Total time for which application threads were stopped: 0.0107698 seconds, Stopping threads took: 0.0001862 seconds
2024-10-02T10:46:12.524+0300: 77.490: Application time: 3.2539550 seconds
2024-10-02T10:46:12.524+0300: 77.490: [GC (Allocation Failure) 2024-10-02T10:46:12.524+0300: 77.490: [DefNew: 132657K->0K(184320K), 0.0124642 secs] 365028K->363443K(593920K), 0.0125475 secs] [Times: user=0.01 sys=0.00, real=0.02 secs] 
2024-10-02T10:46:12.540+0300: 77.503: Total time for which application threads were stopped: 0.0128461 seconds, Stopping threads took: 0.0001630 seconds
2024-10-02T10:46:19.838+0300: 84.809: Application time: 7.3058695 seconds
2024-10-02T10:46:19.838+0300: 84.809: [GC (Allocation Failure) 2024-10-02T10:46:19.838+0300: 84.809: [DefNew: 134081K->134081K(184320K), 0.0000170 secs]2024-10-02T10:46:19.838+0300: 84.809: [Tenured: 363443K->298050K(409600K), 0.0167615 secs] 497524K->298050K(593920K), [Metaspace: 7157K->7157K(1056768K)], 0.0168691 secs] [Times: user=0.01 sys=0.00, real=0.02 secs] 
2024-10-02T10:46:19.854+0300: 84.826: Total time for which application threads were stopped: 0.0171983 seconds, Stopping threads took: 0.0002313 seconds
2024-10-02T10:46:26.055+0300: 91.021: Application time: 6.1952885 seconds
2024-10-02T10:46:26.055+0300: 91.021: [GC (Allocation Failure) 2024-10-02T10:46:26.055+0300: 91.021: [DefNew: 134989K->134989K(184320K), 0.0000143 secs]2024-10-02T10:46:26.055+0300: 91.021: [Tenured: 298050K->232657K(409600K), 0.0093623 secs] 433040K->232657K(593920K), [Metaspace: 7157K->7157K(1056768K)], 0.0094524 secs] [Times: user=0.00 sys=0.00, real=0.00 secs] 
2024-10-02T10:46:26.055+0300: 91.031: Total time for which application threads were stopped: 0.0097184 seconds, Stopping threads took: 0.0001492 seconds
2024-10-02T10:46:29.431+0300: 94.406: Application time: 3.3754255 seconds
2024-10-02T10:46:29.446+0300: 94.407: [GC (Allocation Failure) 2024-10-02T10:46:29.446+0300: 94.407: [DefNew: 133025K->28K(184320K), 0.0125424 secs] 365683K->363758K(593920K), 0.0126298 secs] [Times: user=0.02 sys=0.00, real=0.00 secs] 
2024-10-02T10:46:29.446+0300: 94.419: Total time for which application threads were stopped: 0.0129697 seconds, Stopping threads took: 0.0002026 seconds
2024-10-02T10:46:36.998+0300: 101.959: Application time: 7.5398819 seconds
2024-10-02T10:46:37.014+0300: 101.974: [GC (Allocation Failure) 2024-10-02T10:46:37.014+0300: 101.974: [DefNew: 134092K->134092K(184320K), 0.0000325 secs]2024-10-02T10:46:37.014+0300: 101.974: [Tenured: 363729K->265083K(409600K), 0.0128689 secs] 497822K->265083K(593920K), [Metaspace: 7163K->7163K(1056768K)], 0.0130424 secs] [Times: user=0.00 sys=0.00, real=0.00 secs] 
2024-10-02T10:46:37.014+0300: 101.987: Total time for which application threads were stopped: 0.0282721 seconds, Stopping threads took: 0.0150307 seconds
2024-10-02T10:46:41.849+0300: 106.819: Application time: 4.8311342 seconds
2024-10-02T10:46:41.849+0300: 106.819: [GC (Allocation Failure) 2024-10-02T10:46:41.849+0300: 106.819: [DefNew: 134699K->86K(184320K), 0.0103462 secs] 399782K->363473K(593920K), 0.0104474 secs] [Times: user=0.02 sys=0.00, real=0.02 secs] 
2024-10-02T10:46:41.864+0300: 106.829: Total time for which application threads were stopped: 0.0108826 seconds, Stopping threads took: 0.0003006 seconds
2024-10-02T10:46:48.489+0300: 113.450: Application time: 6.6210129 seconds
2024-10-02T10:46:48.489+0300: 113.451: [GC (Allocation Failure) 2024-10-02T10:46:48.489+0300: 113.451: [DefNew: 134077K->134077K(184320K), 0.0000169 secs]2024-10-02T10:46:48.489+0300: 113.451: [Tenured: 363387K->265198K(409600K), 0.0123677 secs] 497465K->265198K(593920K), [Metaspace: 7163K->7163K(1056768K)], 0.0124690 secs] [Times: user=0.00 sys=0.00, real=0.00 secs] 
2024-10-02T10:46:48.489+0300: 113.463: Total time for which application threads were stopped: 0.0128488 seconds, Stopping threads took: 0.0002595 seconds
2024-10-02T10:46:53.229+0300: 118.194: Application time: 4.7306061 seconds
2024-10-02T10:46:53.245+0300: 118.206: [GC (Allocation Failure) 2024-10-02T10:46:53.245+0300: 118.206: [DefNew: 134374K->86K(184320K), 0.0100280 secs] 399572K->363588K(593920K), 0.0101305 secs] [Times: user=0.00 sys=0.00, real=0.00 secs] 
2024-10-02T10:46:53.245+0300: 118.216: Total time for which application threads were stopped: 0.0220958 seconds, Stopping threads took: 0.0118198 seconds
2024-10-02T10:46:58.128+0300: 123.103: Application time: 4.8870814 seconds
2024-10-02T10:46:58.128+0300: 123.103: [GC (Allocation Failure) 2024-10-02T10:46:58.128+0300: 123.103: [DefNew: 133496K->133496K(184320K), 0.0000150 secs]2024-10-02T10:46:58.128+0300: 123.103: [Tenured: 363502K->298052K(409600K), 0.0153484 secs] 496999K->298052K(593920K), [Metaspace: 7164K->7164K(1056768K)], 0.0154497 secs] [Times: user=0.03 sys=0.00, real=0.02 secs] 
2024-10-02T10:46:58.150+0300: 123.119: Total time for which application threads were stopped: 0.0157969 seconds, Stopping threads took: 0.0002564 seconds
2024-10-02T10:47:05.805+0300: 130.777: Application time: 7.6584547 seconds
2024-10-02T10:47:05.805+0300: 130.778: [GC (Allocation Failure) 2024-10-02T10:47:05.805+0300: 130.778: [DefNew: 134933K->134933K(184320K), 0.0000232 secs]2024-10-02T10:47:05.805+0300: 130.778: [Tenured: 298052K->232573K(409600K), 0.0117655 secs] 432986K->232573K(593920K), [Metaspace: 7167K->7167K(1056768K)], 0.0118988 secs] [Times: user=0.02 sys=0.00, real=0.01 secs] 
2024-10-02T10:47:05.820+0300: 130.790: Total time for which application threads were stopped: 0.0123516 seconds, Stopping threads took: 0.0003021 seconds
2024-10-02T10:47:09.352+0300: 134.326: Application time: 3.5362300 seconds
2024-10-02T10:47:09.352+0300: 134.326: [GC (Allocation Failure) 2024-10-02T10:47:09.352+0300: 134.327: [DefNew: 132673K->0K(184320K), 0.0141290 secs] 365247K->363646K(593920K), 0.0142911 secs] [Times: user=0.02 sys=0.00, real=0.02 secs] 
2024-10-02T10:47:09.375+0300: 134.341: Total time for which application threads were stopped: 0.0147809 seconds, Stopping threads took: 0.0003625 seconds
2024-10-02T10:47:16.667+0300: 141.642: Application time: 7.3010069 seconds
2024-10-02T10:47:16.667+0300: 141.642: [GC (Allocation Failure) 2024-10-02T10:47:16.667+0300: 141.642: [DefNew: 134145K->134145K(184320K), 0.0000248 secs]2024-10-02T10:47:16.667+0300: 141.642: [Tenured: 363646K->297853K(409600K), 0.0156252 secs] 497791K->297853K(593920K), [Metaspace: 7167K->7167K(1056768K)], 0.0157767 secs] [Times: user=0.02 sys=0.00, real=0.02 secs] 
2024-10-02T10:47:16.691+0300: 141.658: Total time for which application threads were stopped: 0.0161403 seconds, Stopping threads took: 0.0002305 seconds
2024-10-02T10:47:22.066+0300: 147.030: Application time: 5.3724510 seconds
2024-10-02T10:47:22.066+0300: 147.031: [GC (Allocation Failure) 2024-10-02T10:47:22.066+0300: 147.031: [DefNew: 135723K->135723K(184320K), 0.0000167 secs]2024-10-02T10:47:22.066+0300: 147.031: [Tenured: 297853K->265200K(409600K), 0.0128971 secs] 433576K->265200K(593920K), [Metaspace: 7170K->7170K(1056768K)], 0.0130109 secs] [Times: user=0.01 sys=0.00, real=0.02 secs] 
2024-10-02T10:47:22.082+0300: 147.044: Total time for which application threads were stopped: 0.0133892 seconds, Stopping threads took: 0.0002639 seconds
2024-10-02T10:47:27.104+0300: 152.070: Application time: 5.0265170 seconds
2024-10-02T10:47:27.104+0300: 152.071: [GC (Allocation Failure) 2024-10-02T10:47:27.104+0300: 152.071: [DefNew: 134203K->86K(184320K), 0.0099126 secs] 399403K->363590K(593920K), 0.0099959 secs] [Times: user=0.02 sys=0.00, real=0.02 secs] 
2024-10-02T10:47:27.120+0300: 152.081: Total time for which application threads were stopped: 0.0103708 seconds, Stopping threads took: 0.0002688 seconds
2024-10-02T10:47:33.115+0300: 158.083: Application time: 6.0027134 seconds
2024-10-02T10:47:33.115+0300: 158.084: [GC (Allocation Failure) 2024-10-02T10:47:33.115+0300: 158.084: [DefNew: 134036K->134036K(184320K), 0.0000155 secs]2024-10-02T10:47:33.115+0300: 158.084: [Tenured: 363504K->297997K(409600K), 0.0154635 secs] 497540K->297997K(593920K), [Metaspace: 7174K->7174K(1056768K)], 0.0155624 secs] [Times: user=0.00 sys=0.00, real=0.02 secs] 
2024-10-02T10:47:33.131+0300: 158.099: Total time for which application threads were stopped: 0.0159040 seconds, Stopping threads took: 0.0002401 seconds
2024-10-02T10:47:38.390+0300: 163.358: Application time: 5.2589417 seconds
2024-10-02T10:47:38.390+0300: 163.358: [GC (Allocation Failure) 2024-10-02T10:47:38.390+0300: 163.358: [DefNew: 134348K->134348K(184320K), 0.0000164 secs]2024-10-02T10:47:38.390+0300: 163.358: [Tenured: 297997K->298025K(409600K), 0.0154284 secs] 432345K->298025K(593920K), [Metaspace: 7174K->7174K(1056768K)], 0.0155468 secs] [Times: user=0.02 sys=0.00, real=0.02 secs] 
2024-10-02T10:47:38.406+0300: 163.374: Total time for which application threads were stopped: 0.0157968 seconds, Stopping threads took: 0.0001068 seconds
2024-10-02T10:47:45.534+0300: 170.498: Application time: 7.1242015 seconds
2024-10-02T10:47:45.534+0300: 170.499: [GC (Allocation Failure) 2024-10-02T10:47:45.534+0300: 170.499: [DefNew: 134323K->134323K(184320K), 0.0000149 secs]2024-10-02T10:47:45.534+0300: 170.499: [Tenured: 298025K->232319K(409600K), 0.0097224 secs] 432349K->232319K(593920K), [Metaspace: 7174K->7174K(1056768K)], 0.0098290 secs] [Times: user=0.00 sys=0.00, real=0.00 secs] 
2024-10-02T10:47:45.534+0300: 170.508: Total time for which application threads were stopped: 0.0102070 seconds, Stopping threads took: 0.0002481 seconds
2024-10-02T10:47:49.098+0300: 174.065: Application time: 3.5563178 seconds
2024-10-02T10:47:49.098+0300: 174.065: [GC (Allocation Failure) 2024-10-02T10:47:49.098+0300: 174.065: [DefNew: 132609K->0K(184320K), 0.0126292 secs] 364929K->363391K(593920K), 0.0127062 secs] [Times: user=0.02 sys=0.00, real=0.01 secs] 
2024-10-02T10:47:49.113+0300: 174.078: Total time for which application threads were stopped: 0.0130879 seconds, Stopping threads took: 0.0002740 seconds
2024-10-02T10:47:55.815+0300: 180.775: Application time: 6.6972551 seconds
2024-10-02T10:47:55.815+0300: 180.775: [GC (Allocation Failure) 2024-10-02T10:47:55.815+0300: 180.775: [DefNew: 134504K->134504K(184320K), 0.0000185 secs]2024-10-02T10:47:55.815+0300: 180.775: [Tenured: 363391K->297998K(409600K), 0.0159987 secs] 497895K->297998K(593920K), [Metaspace: 7176K->7176K(1056768K)], 0.0161085 secs] [Times: user=0.00 sys=0.00, real=0.01 secs] 
2024-10-02T10:47:55.830+0300: 180.792: Total time for which application threads were stopped: 0.0165006 seconds, Stopping threads took: 0.0002909 seconds
2024-10-02T10:48:00.854+0300: 185.815: Application time: 5.0230378 seconds
2024-10-02T10:48:00.854+0300: 185.815: Total time for which application threads were stopped: 0.0003450 seconds, Stopping threads took: 0.0002810 seconds
2024-10-02T10:48:02.754+0300: 187.721: Application time: 1.9064658 seconds
2024-10-02T10:48:02.754+0300: 187.722: [GC (Allocation Failure) 2024-10-02T10:48:02.754+0300: 187.722: [DefNew: 134966K->134966K(184320K), 0.0000185 secs]2024-10-02T10:48:02.754+0300: 187.722: [Tenured: 297998K->232605K(409600K), 0.0098049 secs] 432965K->232605K(593920K), [Metaspace: 7191K->7191K(1056768K)], 0.0099224 secs] [Times: user=0.02 sys=0.00, real=0.02 secs] 
2024-10-02T10:48:02.769+0300: 187.732: Total time for which application threads were stopped: 0.0102395 seconds, Stopping threads took: 0.0001957 seconds
2024-10-02T10:48:05.422+0300: 190.397: Application time: 2.6651491 seconds
2024-10-02T10:48:05.422+0300: 190.397: [GC (Allocation Failure) 2024-10-02T10:48:05.422+0300: 190.397: [DefNew: 132350K->0K(184320K), 0.0126618 secs] 364956K->363678K(593920K), 0.0127946 secs] [Times: user=0.01 sys=0.00, real=0.02 secs] 
2024-10-02T10:48:05.438+0300: 190.410: Total time for which application threads were stopped: 0.0131458 seconds, Stopping threads took: 0.0001852 seconds
2024-10-02T10:48:06.441+0300: 191.402: Application time: 0.9916704 seconds
2024-10-02T10:48:06.441+0300: 191.402: Total time for which application threads were stopped: 0.0004412 seconds, Stopping threads took: 0.0003637 seconds
2024-10-02T10:48:13.097+0300: 198.061: Application time: 6.6584898 seconds
2024-10-02T10:48:13.097+0300: 198.061: [GC (Allocation Failure) 2024-10-02T10:48:13.097+0300: 198.061: [DefNew: 134287K->134287K(184320K), 0.0000132 secs]2024-10-02T10:48:13.097+0300: 198.061: [Tenured: 363678K->298285K(409600K), 0.0169038 secs] 497965K->298285K(593920K), [Metaspace: 7191K->7191K(1056768K)], 0.0170123 secs] [Times: user=0.01 sys=0.00, real=0.02 secs] 
2024-10-02T10:48:13.114+0300: 198.078: Total time for which application threads were stopped: 0.0174222 seconds, Stopping threads took: 0.0003053 seconds
2024-10-02T10:48:18.684+0300: 203.654: Application time: 5.5763570 seconds
2024-10-02T10:48:18.684+0300: 203.655: [GC (Allocation Failure) 2024-10-02T10:48:18.684+0300: 203.655: [DefNew: 135120K->135120K(184320K), 0.0000182 secs]2024-10-02T10:48:18.684+0300: 203.655: [Tenured: 298285K->265089K(409600K), 0.0133153 secs] 433406K->265089K(593920K), [Metaspace: 7191K->7191K(1056768K)], 0.0134433 secs] [Times: user=0.00 sys=0.00, real=0.02 secs] 
2024-10-02T10:48:18.700+0300: 203.668: Total time for which application threads were stopped: 0.0137808 seconds, Stopping threads took: 0.0002027 seconds
2024-10-02T10:48:24.901+0300: 209.866: Application time: 6.1976354 seconds
2024-10-02T10:48:24.901+0300: 209.866: [GC (Allocation Failure) 2024-10-02T10:48:24.901+0300: 209.866: [DefNew: 134264K->114K(184320K), 0.0075392 secs] 399353K->330740K(593920K), 0.0076212 secs] [Times: user=0.00 sys=0.00, real=0.00 secs] 
2024-10-02T10:48:24.901+0300: 209.874: Total time for which application threads were stopped: 0.0079225 seconds, Stopping threads took: 0.0001959 seconds
2024-10-02T10:48:30.723+0300: 215.689: Application time: 5.8151815 seconds
2024-10-02T10:48:30.723+0300: 215.689: [GC (Allocation Failure) 2024-10-02T10:48:30.723+0300: 215.689: [DefNew: 133538K->133538K(184320K), 0.0000177 secs]2024-10-02T10:48:30.723+0300: 215.689: [Tenured: 330625K->297943K(409600K), 0.0162800 secs] 464164K->297943K(593920K), [Metaspace: 7191K->7191K(1056768K)], 0.0163887 secs] [Times: user=0.02 sys=0.00, real=0.02 secs] 
2024-10-02T10:48:30.739+0300: 215.706: Total time for which application threads were stopped: 0.0167422 seconds, Stopping threads took: 0.0002527 seconds
2024-10-02T10:48:35.826+0300: 220.790: Application time: 5.0844631 seconds
2024-10-02T10:48:35.826+0300: 220.791: [GC (Allocation Failure) 2024-10-02T10:48:35.826+0300: 220.791: [DefNew: 134013K->134013K(184320K), 0.0000217 secs]2024-10-02T10:48:35.826+0300: 220.791: [Tenured: 297943K->297943K(409600K), 0.0155628 secs] 431957K->297943K(593920K), [Metaspace: 7191K->7191K(1056768K)], 0.0156925 secs] [Times: user=0.02 sys=0.00, real=0.02 secs] 
2024-10-02T10:48:35.841+0300: 220.806: Total time for which application threads were stopped: 0.0161024 seconds, Stopping threads took: 0.0002757 seconds
2024-10-02T10:48:42.497+0300: 227.465: Application time: 6.6592046 seconds
2024-10-02T10:48:42.497+0300: 227.466: [GC (Allocation Failure) 2024-10-02T10:48:42.497+0300: 227.466: [DefNew: 134388K->134388K(184320K), 0.0000163 secs]2024-10-02T10:48:42.497+0300: 227.466: [Tenured: 297943K->265262K(409600K), 0.0128340 secs] 432332K->265262K(593920K), [Metaspace: 7191K->7191K(1056768K)], 0.0129379 secs] [Times: user=0.02 sys=0.00, real=0.02 secs] 
2024-10-02T10:48:42.513+0300: 227.479: Total time for which application threads were stopped: 0.0132991 seconds, Stopping threads took: 0.0002502 seconds
2024-10-02T10:48:47.050+0300: 232.020: Application time: 4.5409204 seconds
2024-10-02T10:48:47.050+0300: 232.020: [GC (Allocation Failure) 2024-10-02T10:48:47.050+0300: 232.020: [DefNew: 134349K->86K(184320K), 0.0097745 secs] 399611K->363652K(593920K), 0.0098483 secs] [Times: user=0.01 sys=0.00, real=0.02 secs] 
2024-10-02T10:48:47.066+0300: 232.030: Total time for which application threads were stopped: 0.0102033 seconds, Stopping threads took: 0.0002501 seconds
2024-10-02T10:48:52.293+0300: 237.259: Application time: 5.2293055 seconds
2024-10-02T10:48:52.293+0300: 237.260: [GC (Allocation Failure) 2024-10-02T10:48:52.293+0300: 237.260: [DefNew: 134130K->134130K(184320K), 0.0000166 secs]2024-10-02T10:48:52.293+0300: 237.260: [Tenured: 363566K->297859K(409600K), 0.0169757 secs] 497696K->297859K(593920K), [Metaspace: 7192K->7192K(1056768K)], 0.0170920 secs] [Times: user=0.02 sys=0.00, real=0.01 secs] 
2024-10-02T10:48:52.306+0300: 237.277: Total time for which application threads were stopped: 0.0175272 seconds, Stopping threads took: 0.0002755 seconds
2024-10-02T10:48:59.607+0300: 244.579: Application time: 7.3025565 seconds
2024-10-02T10:48:59.607+0300: 244.580: [GC (Allocation Failure) 2024-10-02T10:48:59.607+0300: 244.580: [DefNew: 134408K->134408K(184320K), 0.0000167 secs]2024-10-02T10:48:59.607+0300: 244.580: [Tenured: 297859K->232380K(409600K), 0.0104395 secs] 432267K->232380K(593920K), [Metaspace: 7192K->7192K(1056768K)], 0.0105646 secs] [Times: user=0.02 sys=0.00, real=0.01 secs] 
2024-10-02T10:48:59.620+0300: 244.590: Total time for which application threads were stopped: 0.0109420 seconds, Stopping threads took: 0.0002369 seconds
2024-10-02T10:49:03.591+0300: 248.564: Application time: 3.9735359 seconds
2024-10-02T10:49:03.591+0300: 248.564: [GC (Allocation Failure) 2024-10-02T10:49:03.591+0300: 248.564: [DefNew: 133528K->28K(184320K), 0.0131184 secs] 365909K->363481K(593920K), 0.0131980 secs] [Times: user=0.00 sys=0.00, real=0.02 secs] 
2024-10-02T10:49:03.616+0300: 248.577: Total time for which application threads were stopped: 0.0135530 seconds, Stopping threads took: 0.0002484 seconds
2024-10-02T10:49:09.068+0300: 254.029: Application time: 5.4512773 seconds
2024-10-02T10:49:09.068+0300: 254.029: [GC (Allocation Failure) 2024-10-02T10:49:09.068+0300: 254.029: [DefNew: 133814K->133814K(184320K), 0.0000184 secs]2024-10-02T10:49:09.068+0300: 254.029: [Tenured: 363452K->298059K(409600K), 0.0153578 secs] 497267K->298059K(593920K), [Metaspace: 7192K->7192K(1056768K)], 0.0154619 secs] [Times: user=0.00 sys=0.00, real=0.02 secs] 
2024-10-02T10:49:09.084+0300: 254.044: Total time for which application threads were stopped: 0.0158077 seconds, Stopping threads took: 0.0002547 seconds
2024-10-02T10:49:15.770+0300: 260.731: Application time: 6.6868670 seconds
2024-10-02T10:49:15.770+0300: 260.732: [GC (Allocation Failure) 2024-10-02T10:49:15.770+0300: 260.732: [DefNew: 134522K->134522K(184320K), 0.0000147 secs]2024-10-02T10:49:15.770+0300: 260.732: [Tenured: 298059K->265349K(409600K), 0.0124133 secs] 432582K->265349K(593920K), [Metaspace: 7193K->7193K(1056768K)], 0.0125072 secs] [Times: user=0.00 sys=0.00, real=0.00 secs] 
2024-10-02T10:49:15.770+0300: 260.744: Total time for which application threads were stopped: 0.0128235 seconds, Stopping threads took: 0.0002220 seconds
2024-10-02T10:49:18.784+0300: 263.744: Application time: 3.0001285 seconds
2024-10-02T10:49:18.784+0300: 263.745: Total time for which application threads were stopped: 0.0003940 seconds, Stopping threads took: 0.0003179 seconds
2024-10-02T10:49:22.693+0300: 267.660: Application time: 3.9158157 seconds
2024-10-02T10:49:22.693+0300: 267.661: [GC (Allocation Failure) 2024-10-02T10:49:22.693+0300: 267.661: [DefNew: 134156K->116K(184320K), 0.0077469 secs] 399505K->331001K(593920K), 0.0078232 secs] [Times: user=0.01 sys=0.00, real=0.01 secs] 
2024-10-02T10:49:22.708+0300: 267.668: Total time for which application threads were stopped: 0.0080393 seconds, Stopping threads took: 0.0001011 seconds
2024-10-02T10:49:23.713+0300: 268.673: Application time: 1.0045871 seconds
2024-10-02T10:49:23.713+0300: 268.673: Total time for which application threads were stopped: 0.0002868 seconds, Stopping threads took: 0.0002169 seconds
2024-10-02T10:49:27.198+0300: 272.164: Application time: 3.4906486 seconds
2024-10-02T10:49:27.198+0300: 272.164: [GC (Allocation Failure) 2024-10-02T10:49:27.198+0300: 272.164: [DefNew: 134329K->134329K(184320K), 0.0000229 secs]2024-10-02T10:49:27.198+0300: 272.164: [Tenured: 330885K->297862K(409600K), 0.0164240 secs] 465214K->297862K(593920K), [Metaspace: 7193K->7193K(1056768K)], 0.0165397 secs] [Times: user=0.02 sys=0.00, real=0.02 secs] 
2024-10-02T10:49:27.214+0300: 272.181: Total time for which application threads were stopped: 0.0169068 seconds, Stopping threads took: 0.0002124 seconds
2024-10-02T10:49:32.252+0300: 277.220: Application time: 5.0395286 seconds
2024-10-02T10:49:32.252+0300: 277.221: [GC (Allocation Failure) 2024-10-02T10:49:32.252+0300: 277.221: [DefNew: 134046K->134046K(184320K), 0.0000177 secs]2024-10-02T10:49:32.252+0300: 277.221: [Tenured: 297862K->297863K(409600K), 0.0167197 secs] 431909K->297863K(593920K), [Metaspace: 7194K->7194K(1056768K)], 0.0168354 secs] [Times: user=0.00 sys=0.00, real=0.02 secs] 
2024-10-02T10:49:32.268+0300: 277.238: Total time for which application threads were stopped: 0.0171561 seconds, Stopping threads took: 0.0002057 seconds
2024-10-02T10:49:33.273+0300: 278.233: Application time: 0.9955016 seconds
2024-10-02T10:49:33.273+0300: 278.233: Total time for which application threads were stopped: 0.0003156 seconds, Stopping threads took: 0.0002531 seconds
2024-10-02T10:49:35.281+0300: 280.241: Application time: 2.0077810 seconds
2024-10-02T10:49:35.281+0300: 280.241: Total time for which application threads were stopped: 0.0002353 seconds, Stopping threads took: 0.0001757 seconds
2024-10-02T10:49:36.287+0300: 281.247: Application time: 1.0057538 seconds
2024-10-02T10:49:36.287+0300: 281.247: Total time for which application threads were stopped: 0.0001157 seconds, Stopping threads took: 0.0000830 seconds
2024-10-02T10:49:37.198+0300: 282.168: Application time: 0.9210109 seconds
2024-10-02T10:49:37.198+0300: 282.169: Total time for which application threads were stopped: 0.0002523 seconds, Stopping threads took: 0.0002181 seconds
2024-10-02T10:49:37.198+0300: 282.169: Application time: 0.0001254 seconds
2024-10-02T10:49:37.198+0300: 282.171: [GC (Allocation Failure) 2024-10-02T10:49:37.198+0300: 282.171: [DefNew: 136758K->136758K(184320K), 0.0000159 secs]2024-10-02T10:49:37.198+0300: 282.171: [Tenured: 297863K->35618K(409600K), 0.0108835 secs] 434621K->35618K(593920K), [Metaspace: 7279K->7279K(1056768K)], 0.0110910 secs] [Times: user=0.00 sys=0.00, real=0.02 secs] 
2024-10-02T10:49:37.213+0300: 282.182: Total time for which application threads were stopped: 0.0128994 seconds, Stopping threads took: 0.0017149 seconds
2024-10-02T10:49:37.213+0300: 282.183: Application time: 0.0009902 seconds
2024-10-02T10:49:37.245+0300: 282.205: [GC (Allocation Failure) 2024-10-02T10:49:37.245+0300: 282.205: [DefNew: 133649K->110K(184320K), 0.0136418 secs] 169267K->166800K(593920K), 0.0137580 secs] [Times: user=0.00 sys=0.00, real=0.00 secs] 
2024-10-02T10:49:37.245+0300: 282.219: Total time for which application threads were stopped: 0.0364703 seconds, Stopping threads took: 0.0225658 seconds
2024-10-02T10:49:42.615+0300: 287.579: Application time: 5.3596348 seconds
2024-10-02T10:49:42.615+0300: 287.579: [GC (Allocation Failure) 2024-10-02T10:49:42.615+0300: 287.579: [DefNew: 134090K->123K(184320K), 0.0097546 secs] 300780K->265117K(593920K), 0.0098404 secs] [Times: user=0.00 sys=0.00, real=0.00 secs] 
2024-10-02T10:49:42.615+0300: 287.589: Total time for which application threads were stopped: 0.0103375 seconds, Stopping threads took: 0.0003826 seconds
2024-10-02T10:49:52.630+0300: 297.598: Application time: 10.0086413 seconds
2024-10-02T10:49:52.630+0300: 297.598: [GC (Allocation Failure) 2024-10-02T10:49:52.630+0300: 297.598: [DefNew: 133928K->182K(184320K), 0.0005647 secs] 398922K->265176K(593920K), 0.0006163 secs] [Times: user=0.00 sys=0.00, real=0.00 secs] 
2024-10-02T10:49:52.630+0300: 297.599: Total time for which application threads were stopped: 0.0010106 seconds, Stopping threads took: 0.0003207 seconds
2024-10-02T10:49:52.959+0300: 297.921: Application time: 0.3224810 seconds
2024-10-02T10:49:52.959+0300: 297.922: [GC (Allocation Failure) 2024-10-02T10:49:52.959+0300: 297.922: [DefNew: 132403K->182K(184320K), 0.0137188 secs] 397397K->396248K(593920K), 0.0137955 secs] [Times: user=0.02 sys=0.00, real=0.02 secs] 
2024-10-02T10:49:52.975+0300: 297.935: Total time for which application threads were stopped: 0.0141857 seconds, Stopping threads took: 0.0002908 seconds
2024-10-02T10:50:03.065+0300: 308.041: Application time: 10.1051490 seconds
2024-10-02T10:50:03.081+0300: 308.041: [GC (Allocation Failure) 2024-10-02T10:50:03.081+0300: 308.041: [DefNew: 133476K->133476K(184320K), 0.0000144 secs]2024-10-02T10:50:03.081+0300: 308.041: [Tenured: 396066K->265168K(409600K), 0.0128421 secs] 529543K->265168K(593920K), [Metaspace: 7279K->7279K(1056768K)], 0.0129339 secs] [Times: user=0.00 sys=0.00, real=0.00 secs] 
2024-10-02T10:50:03.081+0300: 308.054: Total time for which application threads were stopped: 0.0137722 seconds, Stopping threads took: 0.0007438 seconds
2024-10-02T10:50:11.604+0300: 316.578: Application time: 8.5239470 seconds
2024-10-02T10:50:11.604+0300: 316.579: [GC (Allocation Failure) 2024-10-02T10:50:11.604+0300: 316.579: [DefNew: 134208K->172K(184320K), 0.0006103 secs] 399377K->265340K(593920K), 0.0006730 secs] [Times: user=0.00 sys=0.00, real=0.00 secs] 
2024-10-02T10:50:11.604+0300: 316.579: Total time for which application threads were stopped: 0.0010413 seconds, Stopping threads took: 0.0002568 seconds
2024-10-02T10:50:13.314+0300: 318.289: Application time: 1.7091970 seconds
2024-10-02T10:50:13.314+0300: 318.289: [GC (Allocation Failure) 2024-10-02T10:50:13.314+0300: 318.289: [DefNew: 132822K->172K(184320K), 0.0143881 secs] 397991K->396412K(593920K), 0.0144795 secs] [Times: user=0.02 sys=0.00, real=0.02 secs] 
2024-10-02T10:50:13.330+0300: 318.303: Total time for which application threads were stopped: 0.0148090 seconds, Stopping threads took: 0.0001993 seconds
2024-10-02T10:50:22.168+0300: 327.136: Application time: 8.8330235 seconds
2024-10-02T10:50:22.168+0300: 327.137: [GC (Allocation Failure) 2024-10-02T10:50:22.168+0300: 327.137: [DefNew: 133579K->133579K(184320K), 0.0000200 secs]2024-10-02T10:50:22.168+0300: 327.137: [Tenured: 396240K->265103K(409600K), 0.0308344 secs] 529820K->265103K(593920K), [Metaspace: 7279K->7279K(1056768K)], 0.0309501 secs] [Times: user=0.03 sys=0.00, real=0.03 secs] 
2024-10-02T10:50:22.200+0300: 327.168: Total time for which application threads were stopped: 0.0313275 seconds, Stopping threads took: 0.0002580 seconds
2024-10-02T10:50:28.792+0300: 333.752: Application time: 6.5847373 seconds
2024-10-02T10:50:28.792+0300: 333.753: [GC (Allocation Failure) 2024-10-02T10:50:28.792+0300: 333.753: [DefNew: 134562K->172K(184320K), 0.0005783 secs] 399665K->265276K(593920K), 0.0006335 secs] [Times: user=0.00 sys=0.00, real=0.00 secs] 
2024-10-02T10:50:28.792+0300: 333.754: Total time for which application threads were stopped: 0.0010855 seconds, Stopping threads took: 0.0003516 seconds
2024-10-02T10:50:31.336+0300: 336.307: Application time: 2.5529833 seconds
2024-10-02T10:50:31.336+0300: 336.307: [GC (Allocation Failure) 2024-10-02T10:50:31.336+0300: 336.307: [DefNew: 132812K->172K(184320K), 0.0135601 secs] 397915K->396348K(593920K), 0.0136207 secs] [Times: user=0.02 sys=0.00, real=0.02 secs] 
2024-10-02T10:50:31.352+0300: 336.321: Total time for which application threads were stopped: 0.0140380 seconds, Stopping threads took: 0.0003007 seconds
2024-10-02T10:50:38.054+0300: 343.023: Application time: 6.7024562 seconds
2024-10-02T10:50:38.054+0300: 343.023: [GC (Allocation Failure) 2024-10-02T10:50:38.054+0300: 343.023: [DefNew: 133532K->133532K(184320K), 0.0000143 secs]2024-10-02T10:50:38.054+0300: 343.024: [Tenured: 396175K->265247K(409600K), 0.0139249 secs] 529708K->265247K(593920K), [Metaspace: 7279K->7279K(1056768K)], 0.0140282 secs] [Times: user=0.00 sys=0.00, real=0.02 secs] 
2024-10-02T10:50:38.077+0300: 343.038: Total time for which application threads were stopped: 0.0144569 seconds, Stopping threads took: 0.0003125 seconds
2024-10-02T10:50:44.583+0300: 349.545: Application time: 6.5073548 seconds
2024-10-02T10:50:44.583+0300: 349.545: [GC (Allocation Failure) 2024-10-02T10:50:44.583+0300: 349.545: [DefNew: 134440K->172K(184320K), 0.0006465 secs] 399688K->265420K(593920K), 0.0007122 secs] [Times: user=0.00 sys=0.00, real=0.00 secs] 
2024-10-02T10:50:44.583+0300: 349.546: Total time for which application threads were stopped: 0.0010596 seconds, Stopping threads took: 0.0002602 seconds
2024-10-02T10:50:47.362+0300: 352.324: Application time: 2.7781781 seconds
2024-10-02T10:50:47.362+0300: 352.324: [GC (Allocation Failure) 2024-10-02T10:50:47.362+0300: 352.325: [DefNew: 132809K->172K(184320K), 0.0128242 secs] 398057K->396492K(593920K), 0.0129039 secs] [Times: user=0.02 sys=0.00, real=0.00 secs] 
2024-10-02T10:50:47.362+0300: 352.337: Total time for which application threads were stopped: 0.0132927 seconds, Stopping threads took: 0.0002893 seconds
2024-10-02T10:50:53.765+0300: 358.727: Application time: 6.3895983 seconds
2024-10-02T10:50:53.765+0300: 358.727: [GC (Allocation Failure) 2024-10-02T10:50:53.765+0300: 358.727: [DefNew: 133611K->133611K(184320K), 0.0000165 secs]2024-10-02T10:50:53.765+0300: 358.727: [Tenured: 396319K->265391K(409600K), 0.0127127 secs] 529930K->265391K(593920K), [Metaspace: 7282K->7282K(1056768K)], 0.0128417 secs] [Times: user=0.00 sys=0.00, real=0.00 secs] 
2024-10-02T10:50:53.765+0300: 358.740: Total time for which application threads were stopped: 0.0131593 seconds, Stopping threads took: 0.0002096 seconds
2024-10-02T10:50:56.779+0300: 361.740: Application time: 2.9994777 seconds
2024-10-02T10:50:56.779+0300: 361.740: Total time for which application threads were stopped: 0.0003710 seconds, Stopping threads took: 0.0002985 seconds
2024-10-02T10:51:00.389+0300: 365.359: Application time: 3.6194023 seconds
2024-10-02T10:51:00.389+0300: 365.360: [GC (Allocation Failure) 2024-10-02T10:51:00.389+0300: 365.360: [DefNew: 134300K->172K(184320K), 0.0007664 secs] 399691K->265563K(593920K), 0.0008333 secs] [Times: user=0.00 sys=0.00, real=0.00 secs] 
2024-10-02T10:51:00.389+0300: 365.361: Total time for which application threads were stopped: 0.0012290 seconds, Stopping threads took: 0.0002501 seconds
2024-10-02T10:51:03.391+0300: 368.356: Application time: 2.9951348 seconds
2024-10-02T10:51:03.391+0300: 368.356: [GC (Allocation Failure) 2024-10-02T10:51:03.391+0300: 368.356: [DefNew: 132808K->172K(184320K), 0.0126658 secs] 398200K->396635K(593920K), 0.0127546 secs] [Times: user=0.02 sys=0.00, real=0.01 secs] 
2024-10-02T10:51:03.403+0300: 368.369: Total time for which application threads were stopped: 0.0131466 seconds, Stopping threads took: 0.0002606 seconds
2024-10-02T10:51:08.429+0300: 373.389: Application time: 5.0201339 seconds
2024-10-02T10:51:08.429+0300: 373.389: Total time for which application threads were stopped: 0.0003285 seconds, Stopping threads took: 0.0002548 seconds
2024-10-02T10:51:09.700+0300: 374.672: Application time: 1.2828496 seconds
2024-10-02T10:51:09.700+0300: 374.673: [GC (Allocation Failure) 2024-10-02T10:51:09.700+0300: 374.673: [DefNew: 133644K->133644K(184320K), 0.0000150 secs]2024-10-02T10:51:09.700+0300: 374.673: [Tenured: 396463K->265535K(409600K), 0.0110799 secs] 530107K->265535K(593920K), [Metaspace: 7296K->7296K(1056768K)], 0.0111832 secs] [Times: user=0.00 sys=0.00, real=0.02 secs] 
2024-10-02T10:51:09.716+0300: 374.684: Total time for which application threads were stopped: 0.0115579 seconds, Stopping threads took: 0.0002605 seconds
2024-10-02T10:51:12.730+0300: 377.690: Application time: 3.0059252 seconds
2024-10-02T10:51:12.730+0300: 377.690: Total time for which application threads were stopped: 0.0003532 seconds, Stopping threads took: 0.0002896 seconds
2024-10-02T10:51:16.231+0300: 381.192: Application time: 3.5019897 seconds
2024-10-02T10:51:16.231+0300: 381.192: [GC (Allocation Failure) 2024-10-02T10:51:16.231+0300: 381.192: [DefNew: 134321K->172K(184320K), 0.0006836 secs] 399856K->265707K(593920K), 0.0007483 secs] [Times: user=0.00 sys=0.00, real=0.00 secs] 
2024-10-02T10:51:16.231+0300: 381.193: Total time for which application threads were stopped: 0.0010718 seconds, Stopping threads took: 0.0002191 seconds
2024-10-02T10:51:19.324+0300: 384.285: Application time: 3.0919560 seconds
2024-10-02T10:51:19.324+0300: 384.285: [GC (Allocation Failure) 2024-10-02T10:51:19.324+0300: 384.286: [DefNew: 132808K->172K(184320K), 0.0130580 secs] 398343K->396779K(593920K), 0.0131810 secs] [Times: user=0.01 sys=0.00, real=0.00 secs] 
2024-10-02T10:51:19.324+0300: 384.299: Total time for which application threads were stopped: 0.0134795 seconds, Stopping threads took: 0.0001695 seconds
2024-10-02T10:51:25.476+0300: 390.446: Application time: 6.1473889 seconds
2024-10-02T10:51:25.476+0300: 390.446: [GC (Allocation Failure) 2024-10-02T10:51:25.476+0300: 390.446: [DefNew: 133657K->133657K(184320K), 0.0000151 secs]2024-10-02T10:51:25.476+0300: 390.446: [Tenured: 396607K->263988K(409600K), 0.0289972 secs] 530265K->263988K(593920K), [Metaspace: 7297K->7297K(1056768K)], 0.0290999 secs] [Times: user=0.03 sys=0.00, real=0.03 secs] 
2024-10-02T10:51:25.507+0300: 390.476: Total time for which application threads were stopped: 0.0294717 seconds, Stopping threads took: 0.0002451 seconds
2024-10-02T10:51:33.008+0300: 397.970: Application time: 7.4948919 seconds
2024-10-02T10:51:33.011+0300: 397.971: [GC (Allocation Failure) 2024-10-02T10:51:33.011+0300: 397.971: [DefNew: 134330K->143K(184320K), 0.0044538 secs] 398318K->296899K(593920K), 0.0045281 secs] [Times: user=0.00 sys=0.00, real=0.00 secs] 
2024-10-02T10:51:33.015+0300: 397.975: Total time for which application threads were stopped: 0.0049145 seconds, Stopping threads took: 0.0002377 seconds
2024-10-02T10:51:37.094+0300: 402.058: Application time: 4.0825758 seconds
2024-10-02T10:51:37.094+0300: 402.058: [GC (Allocation Failure) 2024-10-02T10:51:37.094+0300: 402.058: [DefNew: 133260K->133260K(184320K), 0.0000145 secs]2024-10-02T10:51:37.094+0300: 402.058: [Tenured: 296756K->329667K(409600K), 0.0168985 secs] 430016K->329667K(593920K), [Metaspace: 7297K->7297K(1056768K)], 0.0170283 secs] [Times: user=0.01 sys=0.00, real=0.01 secs] 
2024-10-02T10:51:37.109+0300: 402.075: Total time for which application threads were stopped: 0.0173550 seconds, Stopping threads took: 0.0002188 seconds
2024-10-02T10:51:43.546+0300: 408.515: Application time: 6.4398540 seconds
2024-10-02T10:51:43.546+0300: 408.515: [GC (Allocation Failure) 2024-10-02T10:51:43.546+0300: 408.516: [DefNew: 133604K->133604K(184320K), 0.0000171 secs]2024-10-02T10:51:43.546+0300: 408.516: [Tenured: 329667K->264131K(409600K), 0.0119619 secs] 463272K->264131K(593920K), [Metaspace: 7298K->7298K(1056768K)], 0.0120651 secs] [Times: user=0.02 sys=0.00, real=0.02 secs] 
2024-10-02T10:51:43.562+0300: 408.528: Total time for which application threads were stopped: 0.0124314 seconds, Stopping threads took: 0.0002283 seconds
2024-10-02T10:51:51.144+0300: 416.116: Application time: 7.5888734 seconds
2024-10-02T10:51:51.144+0300: 416.117: [GC (Allocation Failure) 2024-10-02T10:51:51.144+0300: 416.117: [DefNew: 134406K->143K(184320K), 0.0041904 secs] 398538K->297043K(593920K), 0.0043064 secs] [Times: user=0.02 sys=0.00, real=0.02 secs] 
2024-10-02T10:51:51.160+0300: 416.121: Total time for which application threads were stopped: 0.0046652 seconds, Stopping threads took: 0.0002303 seconds
2024-10-02T10:51:55.649+0300: 420.619: Application time: 4.4976677 seconds
2024-10-02T10:51:55.665+0300: 420.625: [GC (Allocation Failure) 2024-10-02T10:51:55.665+0300: 420.625: [DefNew: 133310K->133310K(184320K), 0.0000210 secs]2024-10-02T10:51:55.665+0300: 420.625: [Tenured: 296900K->297043K(409600K), 0.0141187 secs] 430210K->297043K(593920K), [Metaspace: 7298K->7298K(1056768K)], 0.0142332 secs] [Times: user=0.00 sys=0.00, real=0.00 secs] 
2024-10-02T10:51:55.665+0300: 420.639: Total time for which application threads were stopped: 0.0203974 seconds, Stopping threads took: 0.0060497 seconds
2024-10-02T10:52:01.723+0300: 426.694: Application time: 6.0546237 seconds
2024-10-02T10:52:01.723+0300: 426.694: [GC (Allocation Failure) 2024-10-02T10:52:01.723+0300: 426.694: [DefNew: 133636K->133636K(184320K), 0.0000154 secs]2024-10-02T10:52:01.723+0300: 426.694: [Tenured: 297043K->263990K(409600K), 0.0113696 secs] 430679K->263990K(593920K), [Metaspace: 7298K->7298K(1056768K)], 0.0114708 secs] [Times: user=0.02 sys=0.00, real=0.02 secs] 
2024-10-02T10:52:01.739+0300: 426.706: Total time for which application threads were stopped: 0.0118694 seconds, Stopping threads took: 0.0002814 seconds
2024-10-02T10:52:09.226+0300: 434.193: Application time: 7.4872719 seconds
2024-10-02T10:52:09.226+0300: 434.193: [GC (Allocation Failure) 2024-10-02T10:52:09.226+0300: 434.193: [DefNew: 134426K->114K(184320K), 0.0071130 secs] 398417K->329641K(593920K), 0.0071983 secs] [Times: user=0.00 sys=0.00, real=0.00 secs] 
2024-10-02T10:52:09.226+0300: 434.201: Total time for which application threads were stopped: 0.0076690 seconds, Stopping threads took: 0.0003525 seconds
2024-10-02T10:52:14.389+0300: 439.361: Application time: 5.1608748 seconds
2024-10-02T10:52:14.389+0300: 439.362: [GC (Allocation Failure) 2024-10-02T10:52:14.389+0300: 439.362: [DefNew: 133930K->133930K(184320K), 0.0000219 secs]2024-10-02T10:52:14.389+0300: 439.362: [Tenured: 329526K->296873K(409600K), 0.0140093 secs] 463456K->296873K(593920K), [Metaspace: 7298K->7298K(1056768K)], 0.0141591 secs] [Times: user=0.01 sys=0.00, real=0.02 secs] 
2024-10-02T10:52:14.405+0300: 439.376: Total time for which application threads were stopped: 0.0145275 seconds, Stopping threads took: 0.0002321 seconds
2024-10-02T10:52:19.803+0300: 444.764: Application time: 5.3881899 seconds
2024-10-02T10:52:19.803+0300: 444.765: [GC (Allocation Failure) 2024-10-02T10:52:19.803+0300: 444.765: [DefNew: 133981K->133981K(184320K), 0.0000151 secs]2024-10-02T10:52:19.803+0300: 444.765: [Tenured: 296873K->296873K(409600K), 0.0138194 secs] 430854K->296873K(593920K), [Metaspace: 7298K->7298K(1056768K)], 0.0139141 secs] [Times: user=0.00 sys=0.00, real=0.00 secs] 
2024-10-02T10:52:19.803+0300: 444.779: Total time for which application threads were stopped: 0.0143429 seconds, Stopping threads took: 0.0003177 seconds
2024-10-02T10:52:27.339+0300: 452.303: Application time: 7.5243385 seconds
2024-10-02T10:52:27.339+0300: 452.303: [GC (Allocation Failure) 2024-10-02T10:52:27.339+0300: 452.303: [DefNew: 134367K->134367K(184320K), 0.0000203 secs]2024-10-02T10:52:27.339+0300: 452.303: [Tenured: 296873K->296930K(409600K), 0.0146310 secs] 431241K->296930K(593920K), [Metaspace: 7298K->7298K(1056768K)], 0.0147505 secs] [Times: user=0.02 sys=0.00, real=0.02 secs] 
2024-10-02T10:52:27.356+0300: 452.318: Total time for which application threads were stopped: 0.0150746 seconds, Stopping threads took: 0.0002144 seconds
2024-10-02T10:52:33.053+0300: 458.014: Application time: 5.6962279 seconds
2024-10-02T10:52:33.053+0300: 458.014: [GC (Allocation Failure) 2024-10-02T10:52:33.053+0300: 458.015: [DefNew: 134335K->134335K(184320K), 0.0000192 secs]2024-10-02T10:52:33.053+0300: 458.015: [Tenured: 296930K->263991K(409600K), 0.0109616 secs] 431266K->263991K(593920K), [Metaspace: 7298K->7298K(1056768K)], 0.0110845 secs] [Times: user=0.00 sys=0.00, real=0.01 secs] 
2024-10-02T10:52:33.064+0300: 458.026: Total time for which application threads were stopped: 0.0113414 seconds, Stopping threads took: 0.0001578 seconds
2024-10-02T10:52:37.715+0300: 462.679: Application time: 4.6534704 seconds
2024-10-02T10:52:37.715+0300: 462.679: [GC (Allocation Failure) 2024-10-02T10:52:37.715+0300: 462.679: [DefNew: 133782K->57K(184320K), 0.0129260 secs] 397774K->395121K(593920K), 0.0130035 secs] [Times: user=0.01 sys=0.00, real=0.02 secs] 
2024-10-02T10:52:37.731+0300: 462.692: Total time for which application threads were stopped: 0.0133718 seconds, Stopping threads took: 0.0002592 seconds
2024-10-02T10:52:45.297+0300: 470.267: Application time: 7.5741538 seconds
2024-10-02T10:52:45.297+0300: 470.267: [GC (Allocation Failure) 2024-10-02T10:52:45.297+0300: 470.267: [DefNew: 133988K->133988K(184320K), 0.0000154 secs]2024-10-02T10:52:45.297+0300: 470.267: [Tenured: 395063K->296845K(409600K), 0.0153758 secs] 529052K->296845K(593920K), [Metaspace: 7298K->7298K(1056768K)], 0.0154809 secs] [Times: user=0.02 sys=0.00, real=0.02 secs] 
2024-10-02T10:52:45.313+0300: 470.282: Total time for which application threads were stopped: 0.0158019 seconds, Stopping threads took: 0.0002213 seconds
2024-10-02T10:52:52.016+0300: 476.984: Application time: 6.7016086 seconds
2024-10-02T10:52:52.016+0300: 476.984: [GC (Allocation Failure) 2024-10-02T10:52:52.016+0300: 476.984: [DefNew: 134615K->134615K(184320K), 0.0000176 secs]2024-10-02T10:52:52.016+0300: 476.984: [Tenured: 296845K->231396K(409600K), 0.0092809 secs] 431461K->231396K(593920K), [Metaspace: 7298K->7298K(1056768K)], 0.0094245 secs] [Times: user=0.02 sys=0.00, real=0.02 secs] 
2024-10-02T10:52:52.032+0300: 476.994: Total time for which application threads were stopped: 0.0097248 seconds, Stopping threads took: 0.0001850 seconds
2024-10-02T10:52:55.925+0300: 480.887: Application time: 3.8934014 seconds
2024-10-02T10:52:55.925+0300: 480.887: [GC (Allocation Failure) 2024-10-02T10:52:55.925+0300: 480.887: [DefNew: 133391K->28K(184320K), 0.0131468 secs] 364787K->362496K(593920K), 0.0132143 secs] [Times: user=0.00 sys=0.00, real=0.00 secs] 
2024-10-02T10:52:55.925+0300: 480.901: Total time for which application threads were stopped: 0.0135228 seconds, Stopping threads took: 0.0001870 seconds
2024-10-02T10:53:03.081+0300: 488.050: Application time: 7.1497003 seconds
2024-10-02T10:53:03.081+0300: 488.051: [GC (Allocation Failure) 2024-10-02T10:53:03.081+0300: 488.051: [DefNew: 133717K->133717K(184320K), 0.0000483 secs]2024-10-02T10:53:03.091+0300: 488.051: [Tenured: 362468K->297075K(409600K), 0.0143046 secs] 496185K->297075K(593920K), [Metaspace: 7298K->7298K(1056768K)], 0.0144461 secs] [Times: user=0.02 sys=0.01, real=0.02 secs] 
2024-10-02T10:53:03.101+0300: 488.065: Total time for which application threads were stopped: 0.0148165 seconds, Stopping threads took: 0.0002651 seconds
2024-10-02T10:53:10.694+0300: 495.668: Application time: 7.6030112 seconds
2024-10-02T10:53:10.694+0300: 495.669: [GC (Allocation Failure) 2024-10-02T10:53:10.694+0300: 495.669: [DefNew: 134460K->134460K(184320K), 0.0000275 secs]2024-10-02T10:53:10.694+0300: 495.669: [Tenured: 297075K->231225K(409600K), 0.0084469 secs] 431535K->231225K(593920K), [Metaspace: 7298K->7298K(1056768K)], 0.0085814 secs] [Times: user=0.00 sys=0.00, real=0.02 secs] 
2024-10-02T10:53:10.709+0300: 495.677: Total time for which application threads were stopped: 0.0089679 seconds, Stopping threads took: 0.0002627 seconds
2024-10-02T10:53:13.974+0300: 498.944: Application time: 3.2671199 seconds
2024-10-02T10:53:13.974+0300: 498.945: [GC (Allocation Failure) 2024-10-02T10:53:13.974+0300: 498.945: [DefNew: 132625K->0K(184320K), 0.0126777 secs] 363850K->362297K(593920K), 0.0127578 secs] [Times: user=0.01 sys=0.00, real=0.02 secs] 
2024-10-02T10:53:13.990+0300: 498.957: Total time for which application threads were stopped: 0.0130989 seconds, Stopping threads took: 0.0001814 seconds
2024-10-02T10:53:21.336+0300: 506.302: Application time: 7.3442119 seconds
2024-10-02T10:53:21.336+0300: 506.302: [GC (Allocation Failure) 2024-10-02T10:53:21.336+0300: 506.302: [DefNew: 133858K->133858K(184320K), 0.0000160 secs]2024-10-02T10:53:21.336+0300: 506.302: [Tenured: 362297K->296904K(409600K), 0.0151514 secs] 496155K->296904K(593920K), [Metaspace: 7298K->7298K(1056768K)], 0.0152550 secs] [Times: user=0.02 sys=0.00, real=0.02 secs] 
2024-10-02T10:53:21.352+0300: 506.317: Total time for which application threads were stopped: 0.0155344 seconds, Stopping threads took: 0.0001790 seconds
2024-10-02T10:53:29.358+0300: 514.322: Application time: 8.0044979 seconds
2024-10-02T10:53:29.358+0300: 514.322: [GC (Allocation Failure) 2024-10-02T10:53:29.358+0300: 514.322: [DefNew: 134848K->134848K(184320K), 0.0000191 secs]2024-10-02T10:53:29.358+0300: 514.322: [Tenured: 296904K->231511K(409600K), 0.0087083 secs] 431753K->231511K(593920K), [Metaspace: 7298K->7298K(1056768K)], 0.0088285 secs] [Times: user=0.03 sys=0.00, real=0.01 secs] 
2024-10-02T10:53:29.370+0300: 514.331: Total time for which application threads were stopped: 0.0091547 seconds, Stopping threads took: 0.0001886 seconds
2024-10-02T10:53:32.216+0300: 517.187: Application time: 2.8557282 seconds
2024-10-02T10:53:32.216+0300: 517.187: [GC (Allocation Failure) 2024-10-02T10:53:32.216+0300: 517.187: [DefNew: 132629K->0K(184320K), 0.0137086 secs] 364141K->362584K(593920K), 0.0138027 secs] [Times: user=0.03 sys=0.00, real=0.02 secs] 
2024-10-02T10:53:32.240+0300: 517.201: Total time for which application threads were stopped: 0.0142145 seconds, Stopping threads took: 0.0002661 seconds
2024-10-02T10:53:39.686+0300: 524.651: Application time: 7.4500499 seconds
2024-10-02T10:53:39.686+0300: 524.651: [GC (Allocation Failure) 2024-10-02T10:53:39.686+0300: 524.651: [DefNew: 133828K->133828K(184320K), 0.0000181 secs]2024-10-02T10:53:39.686+0300: 524.651: [Tenured: 362584K->297191K(409600K), 0.0147268 secs] 496412K->297191K(593920K), [Metaspace: 7298K->7298K(1056768K)], 0.0148522 secs] [Times: user=0.00 sys=0.00, real=0.02 secs] 
2024-10-02T10:53:39.705+0300: 524.666: Total time for which application threads were stopped: 0.0152717 seconds, Stopping threads took: 0.0002903 seconds
2024-10-02T10:53:47.722+0300: 532.684: Application time: 8.0177516 seconds
2024-10-02T10:53:47.722+0300: 532.684: [GC (Allocation Failure) 2024-10-02T10:53:47.722+0300: 532.684: [DefNew: 134829K->134829K(184320K), 0.0000136 secs]2024-10-02T10:53:47.722+0300: 532.684: [Tenured: 297191K->198430K(409600K), 0.0222560 secs] 432020K->198430K(593920K), [Metaspace: 7298K->7298K(1056768K)], 0.0223497 secs] [Times: user=0.00 sys=0.00, real=0.02 secs] 
2024-10-02T10:53:47.738+0300: 532.706: Total time for which application threads were stopped: 0.0225879 seconds, Stopping threads took: 0.0001152 seconds
2024-10-02T10:53:52.384+0300: 537.349: Application time: 4.6424139 seconds
2024-10-02T10:53:52.384+0300: 537.349: Total time for which application threads were stopped: 0.0004446 seconds, Stopping threads took: 0.0004152 seconds
2024-10-02T10:53:52.384+0300: 537.349: Application time: 0.0001441 seconds
2024-10-02T10:53:52.384+0300: 537.350: [GC (Allocation Failure) 2024-10-02T10:53:52.384+0300: 537.350: [DefNew: 137496K->119K(184320K), 0.0005548 secs] 335926K->198549K(593920K), 0.0006287 secs] [Times: user=0.00 sys=0.00, real=0.00 secs] 
2024-10-02T10:53:52.384+0300: 537.350: Total time for which application threads were stopped: 0.0007901 seconds, Stopping threads took: 0.0000846 seconds
2024-10-02T10:53:52.384+0300: 537.351: Application time: 0.0002813 seconds
2024-10-02T10:53:52.384+0300: 537.355: [GC (Allocation Failure) 2024-10-02T10:53:52.384+0300: 537.355: [DefNew: 131846K->148K(184320K), 0.0139986 secs] 330276K->329650K(593920K), 0.0140584 secs] [Times: user=0.00 sys=0.00, real=0.01 secs] 
2024-10-02T10:53:52.399+0300: 537.369: Total time for which application threads were stopped: 0.0184216 seconds, Stopping threads took: 0.0042807 seconds
2024-10-02T10:53:57.423+0300: 542.383: Application time: 5.0144890 seconds
2024-10-02T10:53:57.423+0300: 542.384: Total time for which application threads were stopped: 0.0003942 seconds, Stopping threads took: 0.0002972 seconds
2024-10-02T10:53:57.879+0300: 542.851: Application time: 0.4673677 seconds
2024-10-02T10:53:57.879+0300: 542.852: [GC (Allocation Failure) 2024-10-02T10:53:57.879+0300: 542.852: [DefNew: 133693K->133693K(184320K), 0.0000158 secs]2024-10-02T10:53:57.879+0300: 542.852: [Tenured: 329502K->198462K(409600K), 0.0228743 secs] 463195K->198462K(593920K), [Metaspace: 7301K->7301K(1056768K)], 0.0229787 secs] [Times: user=0.03 sys=0.00, real=0.03 secs] 
2024-10-02T10:53:57.910+0300: 542.875: Total time for which application threads were stopped: 0.0233620 seconds, Stopping threads took: 0.0002733 seconds
2024-10-02T10:54:01.270+0300: 546.241: Application time: 3.3660924 seconds
2024-10-02T10:54:01.270+0300: 546.241: [GC (Allocation Failure) 2024-10-02T10:54:01.270+0300: 546.241: [DefNew: 131822K->0K(184320K), 0.0128417 secs] 330284K->329534K(593920K), 0.0129200 secs] [Times: user=0.02 sys=0.00, real=0.02 secs] 
2024-10-02T10:54:01.286+0300: 546.254: Total time for which application threads were stopped: 0.0132332 seconds, Stopping threads took: 0.0002057 seconds
2024-10-02T10:54:06.309+0300: 551.269: Application time: 5.0153682 seconds
2024-10-02T10:54:06.309+0300: 551.270: Total time for which application threads were stopped: 0.0003612 seconds, Stopping threads took: 0.0002837 seconds
2024-10-02T10:54:08.051+0300: 553.021: Application time: 1.7514657 seconds
2024-10-02T10:54:08.051+0300: 553.021: [GC (Allocation Failure) 2024-10-02T10:54:08.051+0300: 553.022: [DefNew: 133605K->133605K(184320K), 0.0000230 secs]2024-10-02T10:54:08.051+0300: 553.022: [Tenured: 329534K->264073K(409600K), 0.0118864 secs] 463140K->264073K(593920K), [Metaspace: 7303K->7303K(1056768K)], 0.0120288 secs] [Times: user=0.03 sys=0.00, real=0.02 secs] 
2024-10-02T10:54:08.067+0300: 553.034: Total time for which application threads were stopped: 0.0124491 seconds, Stopping threads took: 0.0002860 seconds
2024-10-02T10:54:13.092+0300: 558.052: Application time: 5.0183353 seconds
2024-10-02T10:54:13.092+0300: 558.052: Total time for which application threads were stopped: 0.0003533 seconds, Stopping threads took: 0.0002521 seconds
2024-10-02T10:54:14.097+0300: 559.058: Application time: 1.0054350 seconds
2024-10-02T10:54:14.097+0300: 559.058: Total time for which application threads were stopped: 0.0003641 seconds, Stopping threads took: 0.0003021 seconds
2024-10-02T10:54:16.075+0300: 561.036: Application time: 1.9781461 seconds
2024-10-02T10:54:16.075+0300: 561.037: [GC (Allocation Failure) 2024-10-02T10:54:16.075+0300: 561.037: [DefNew: 134487K->172K(184320K), 0.0006617 secs] 398560K->264246K(593920K), 0.0007273 secs] [Times: user=0.00 sys=0.00, real=0.00 secs] 
2024-10-02T10:54:16.075+0300: 561.037: Total time for which application threads were stopped: 0.0011077 seconds, Stopping threads took: 0.0002886 seconds
2024-10-02T10:54:18.052+0300: 563.022: Application time: 1.9844873 seconds
2024-10-02T10:54:18.052+0300: 563.022: [GC (Allocation Failure) 2024-10-02T10:54:18.052+0300: 563.022: [DefNew: 132852K->172K(184320K), 0.0146225 secs] 396926K->395318K(593920K), 0.0147033 secs] [Times: user=0.02 sys=0.00, real=0.02 secs] 
2024-10-02T10:54:18.068+0300: 563.037: Total time for which application threads were stopped: 0.0150772 seconds, Stopping threads took: 0.0002392 seconds
2024-10-02T10:54:23.092+0300: 568.052: Application time: 5.0149659 seconds
2024-10-02T10:54:23.092+0300: 568.052: Total time for which application threads were stopped: 0.0004339 seconds, Stopping threads took: 0.0003609 seconds
2024-10-02T10:54:24.097+0300: 569.057: Application time: 1.0045268 seconds
2024-10-02T10:54:24.097+0300: 569.057: Total time for which application threads were stopped: 0.0004372 seconds, Stopping threads took: 0.0003679 seconds
2024-10-02T10:54:26.232+0300: 571.205: Application time: 2.1478977 seconds
2024-10-02T10:54:26.232+0300: 571.206: [GC (Allocation Failure) 2024-10-02T10:54:26.232+0300: 571.206: [DefNew: 133697K->133697K(184320K), 0.0000183 secs]2024-10-02T10:54:26.232+0300: 571.206: [Tenured: 395145K->264216K(409600K), 0.0112252 secs] 528843K->264216K(593920K), [Metaspace: 7325K->7325K(1056768K)], 0.0113375 secs] [Times: user=0.02 sys=0.00, real=0.02 secs] 
2024-10-02T10:54:26.248+0300: 571.217: Total time for which application threads were stopped: 0.0118057 seconds, Stopping threads took: 0.0003368 seconds
2024-10-02T10:54:32.901+0300: 577.868: Application time: 6.6509794 seconds
2024-10-02T10:54:32.901+0300: 577.868: [GC (Allocation Failure) 2024-10-02T10:54:32.901+0300: 577.868: [DefNew: 134355K->114K(184320K), 0.0071695 secs] 398572K->329867K(593920K), 0.0072542 secs] [Times: user=0.00 sys=0.00, real=0.00 secs] 
2024-10-02T10:54:32.901+0300: 577.876: Total time for which application threads were stopped: 0.0077087 seconds, Stopping threads took: 0.0003102 seconds
2024-10-02T10:54:37.909+0300: 582.877: Application time: 5.0016216 seconds
2024-10-02T10:54:37.909+0300: 582.878: [GC (Allocation Failure) 2024-10-02T10:54:37.909+0300: 582.878: [DefNew: 133883K->133883K(184320K), 0.0000164 secs]2024-10-02T10:54:37.909+0300: 582.878: [Tenured: 329752K->296764K(409600K), 0.0319984 secs] 463636K->296764K(593920K), [Metaspace: 7325K->7325K(1056768K)], 0.0321124 secs] [Times: user=0.03 sys=0.00, real=0.03 secs] 
2024-10-02T10:54:37.941+0300: 582.910: Total time for which application threads were stopped: 0.0324781 seconds, Stopping threads took: 0.0002154 seconds
2024-10-02T10:54:45.460+0300: 590.427: Application time: 7.5174279 seconds
2024-10-02T10:54:45.460+0300: 590.428: [GC (Allocation Failure) 2024-10-02T10:54:45.460+0300: 590.428: [DefNew: 133951K->133951K(184320K), 0.0000157 secs]2024-10-02T10:54:45.460+0300: 590.428: [Tenured: 296764K->231257K(409600K), 0.0082566 secs] 430716K->231257K(593920K), [Metaspace: 7325K->7325K(1056768K)], 0.0083543 secs] [Times: user=0.02 sys=0.00, real=0.01 secs] 
2024-10-02T10:54:45.475+0300: 590.436: Total time for which application threads were stopped: 0.0087709 seconds, Stopping threads took: 0.0002757 seconds
2024-10-02T10:54:48.756+0300: 593.723: Application time: 3.2874587 seconds
2024-10-02T10:54:48.756+0300: 593.724: [GC (Allocation Failure) 2024-10-02T10:54:48.756+0300: 593.724: [DefNew: 133356K->28K(184320K), 0.0126665 secs] 364614K->362358K(593920K), 0.0127412 secs] [Times: user=0.00 sys=0.00, real=0.01 secs] 
2024-10-02T10:54:48.771+0300: 593.737: Total time for which application threads were stopped: 0.0130959 seconds, Stopping threads took: 0.0002406 seconds
2024-10-02T10:54:56.304+0300: 601.266: Application time: 7.5292082 seconds
2024-10-02T10:54:56.304+0300: 601.266: [GC (Allocation Failure) 2024-10-02T10:54:56.304+0300: 601.266: [DefNew: 133862K->133862K(184320K), 0.0000220 secs]2024-10-02T10:54:56.304+0300: 601.266: [Tenured: 362329K->296936K(409600K), 0.0143176 secs] 496191K->296936K(593920K), [Metaspace: 7325K->7325K(1056768K)], 0.0145316 secs] [Times: user=0.00 sys=0.00, real=0.02 secs] 
2024-10-02T10:54:56.319+0300: 601.281: Total time for which application threads were stopped: 0.0148782 seconds, Stopping threads took: 0.0002304 seconds
2024-10-02T10:55:04.262+0300: 609.235: Application time: 7.9540603 seconds
2024-10-02T10:55:04.262+0300: 609.235: [GC (Allocation Failure) 2024-10-02T10:55:04.262+0300: 609.235: [DefNew: 134552K->134552K(184320K), 0.0000155 secs]2024-10-02T10:55:04.262+0300: 609.235: [Tenured: 296936K->231514K(409600K), 0.0085286 secs] 431488K->231514K(593920K), [Metaspace: 7325K->7325K(1056768K)], 0.0086301 secs] [Times: user=0.00 sys=0.00, real=0.02 secs] 
2024-10-02T10:55:04.278+0300: 609.244: Total time for which application threads were stopped: 0.0090575 seconds, Stopping threads took: 0.0003010 seconds
2024-10-02T10:55:05.848+0300: 610.822: Application time: 1.5782971 seconds
2024-10-02T10:55:05.848+0300: 610.822: [GC (Allocation Failure) 2024-10-02T10:55:05.848+0300: 610.822: [DefNew: 132608K->0K(184320K), 0.0128014 secs] 364122K->362586K(593920K), 0.0128757 secs] [Times: user=0.02 sys=0.00, real=0.02 secs] 
2024-10-02T10:55:05.864+0300: 610.835: Total time for which application threads were stopped: 0.0132653 seconds, Stopping threads took: 0.0002727 seconds
2024-10-02T10:55:14.246+0300: 619.217: Application time: 8.3818918 seconds
2024-10-02T10:55:14.246+0300: 619.218: [GC (Allocation Failure) 2024-10-02T10:55:14.246+0300: 619.218: [DefNew: 133923K->133923K(184320K), 0.0000175 secs]2024-10-02T10:55:14.246+0300: 619.218: [Tenured: 362586K->296766K(409600K), 0.0335516 secs] 496509K->296766K(593920K), [Metaspace: 7325K->7325K(1056768K)], 0.0336916 secs] [Times: user=0.03 sys=0.00, real=0.03 secs] 
2024-10-02T10:55:14.277+0300: 619.251: Total time for which application threads were stopped: 0.0340773 seconds, Stopping threads took: 0.0002196 seconds
2024-10-02T10:55:20.683+0300: 625.651: Application time: 6.3991869 seconds
2024-10-02T10:55:20.683+0300: 625.651: [GC (Allocation Failure) 2024-10-02T10:55:20.683+0300: 625.651: [DefNew: 134889K->134889K(184320K), 0.0000162 secs]2024-10-02T10:55:20.683+0300: 625.651: [Tenured: 296766K->231372K(409600K), 0.0089156 secs] 431656K->231372K(593920K), [Metaspace: 7325K->7325K(1056768K)], 0.0090360 secs] [Times: user=0.00 sys=0.00, real=0.02 secs] 
2024-10-02T10:55:20.699+0300: 625.660: Total time for which application threads were stopped: 0.0093955 seconds, Stopping threads took: 0.0002246 seconds
2024-10-02T10:55:24.952+0300: 629.917: Application time: 4.2566501 seconds
2024-10-02T10:55:24.952+0300: 629.917: [GC (Allocation Failure) 2024-10-02T10:55:24.952+0300: 629.917: [DefNew: 133260K->28K(184320K), 0.0127246 secs] 364633K->362473K(593920K), 0.0127998 secs] [Times: user=0.00 sys=0.00, real=0.02 secs] 
2024-10-02T10:55:24.968+0300: 629.930: Total time for which application threads were stopped: 0.0130711 seconds, Stopping threads took: 0.0001686 seconds
2024-10-02T10:55:33.096+0300: 638.060: Application time: 8.1304243 seconds
2024-10-02T10:55:33.096+0300: 638.060: [GC (Allocation Failure) 2024-10-02T10:55:33.096+0300: 638.060: [DefNew: 133662K->133662K(184320K), 0.0000238 secs]2024-10-02T10:55:33.096+0300: 638.060: [Tenured: 362444K->264283K(409600K), 0.0111049 secs] 496106K->264283K(593920K), [Metaspace: 7325K->7325K(1056768K)], 0.0112441 secs] [Times: user=0.00 sys=0.00, real=0.00 secs] 
2024-10-02T10:55:33.096+0300: 638.072: Total time for which application threads were stopped: 0.0115375 seconds, Stopping threads took: 0.0001931 seconds
2024-10-02T10:55:38.968+0300: 643.930: Application time: 5.8579625 seconds
2024-10-02T10:55:38.968+0300: 643.930: [GC (Allocation Failure) 2024-10-02T10:55:38.968+0300: 643.930: [DefNew: 134425K->142K(184320K), 0.0038568 secs] 398708K->297194K(593920K), 0.0039290 secs] [Times: user=0.00 sys=0.00, real=0.00 secs] 
2024-10-02T10:55:38.968+0300: 643.934: Total time for which application threads were stopped: 0.0043081 seconds, Stopping threads took: 0.0002718 seconds
2024-10-02T10:55:43.425+0300: 648.391: Application time: 4.4573178 seconds
2024-10-02T10:55:43.425+0300: 648.392: [GC (Allocation Failure) 2024-10-02T10:55:43.425+0300: 648.392: [DefNew: 133229K->133229K(184320K), 0.0000228 secs]2024-10-02T10:55:43.425+0300: 648.392: [Tenured: 297051K->329961K(409600K), 0.0168922 secs] 430281K->329961K(593920K), [Metaspace: 7325K->7325K(1056768K)], 0.0170566 secs] [Times: user=0.01 sys=0.00, real=0.02 secs] 
2024-10-02T10:55:43.441+0300: 648.409: Total time for which application threads were stopped: 0.0173991 seconds, Stopping threads took: 0.0001853 seconds
2024-10-02T10:55:51.320+0300: 656.291: Application time: 7.8824637 seconds
2024-10-02T10:55:51.320+0300: 656.292: [GC (Allocation Failure) 2024-10-02T10:55:51.320+0300: 656.292: [DefNew: 133676K->133676K(184320K), 0.0000157 secs]2024-10-02T10:55:51.320+0300: 656.292: [Tenured: 329961K->264000K(409600K), 0.0122187 secs] 463638K->264000K(593920K), [Metaspace: 7325K->7325K(1056768K)], 0.0123213 secs] [Times: user=0.00 sys=0.00, real=0.02 secs] 
2024-10-02T10:55:51.336+0300: 656.304: Total time for which application threads were stopped: 0.0127728 seconds, Stopping threads took: 0.0003299 seconds
2024-10-02T10:55:57.019+0300: 661.991: Application time: 5.6876411 seconds
2024-10-02T10:55:57.019+0300: 661.992: [GC (Allocation Failure) 2024-10-02T10:55:57.019+0300: 661.992: [DefNew: 134452K->142K(184320K), 0.0041034 secs] 398452K->296910K(593920K), 0.0041817 secs] [Times: user=0.00 sys=0.00, real=0.02 secs] 
2024-10-02T10:55:57.035+0300: 661.996: Total time for which application threads were stopped: 0.0046144 seconds, Stopping threads took: 0.0003256 seconds
2024-10-02T10:56:01.334+0300: 666.302: Application time: 4.3061389 seconds
2024-10-02T10:56:01.334+0300: 666.303: [GC (Allocation Failure) 2024-10-02T10:56:01.334+0300: 666.303: [DefNew: 133225K->133225K(184320K), 0.0000166 secs]2024-10-02T10:56:01.334+0300: 666.303: [Tenured: 296768K->329650K(409600K), 0.0185163 secs] 429993K->329650K(593920K), [Metaspace: 7325K->7325K(1056768K)], 0.0186196 secs] [Times: user=0.00 sys=0.00, real=0.02 secs] 
2024-10-02T10:56:01.350+0300: 666.321: Total time for which application threads were stopped: 0.0190279 seconds, Stopping threads took: 0.0002874 seconds
2024-10-02T10:56:09.449+0300: 674.424: Application time: 8.1023237 seconds
2024-10-02T10:56:09.449+0300: 674.424: [GC (Allocation Failure) 2024-10-02T10:56:09.449+0300: 674.424: [DefNew: 133695K->133695K(184320K), 0.0000171 secs]2024-10-02T10:56:09.449+0300: 674.424: [Tenured: 329650K->264114K(409600K), 0.0110614 secs] 463345K->264114K(593920K), [Metaspace: 7325K->7325K(1056768K)], 0.0111951 secs] [Times: user=0.00 sys=0.00, real=0.02 secs] 
2024-10-02T10:56:09.465+0300: 674.435: Total time for which application threads were stopped: 0.0115696 seconds, Stopping threads took: 0.0002389 seconds
2024-10-02T10:56:14.945+0300: 679.920: Application time: 5.4844384 seconds
2024-10-02T10:56:14.945+0300: 679.920: [GC (Allocation Failure) 2024-10-02T10:56:14.945+0300: 679.920: [DefNew: 134464K->114K(184320K), 0.0068990 secs] 398578K->329764K(593920K), 0.0069730 secs] [Times: user=0.01 sys=0.00, real=0.02 secs] 
2024-10-02T10:56:14.960+0300: 679.927: Total time for which application threads were stopped: 0.0073242 seconds, Stopping threads took: 0.0002183 seconds
2024-10-02T10:56:20.328+0300: 685.291: Application time: 5.3636144 seconds
2024-10-02T10:56:20.328+0300: 685.291: [GC (Allocation Failure) 2024-10-02T10:56:20.328+0300: 685.291: [DefNew: 133954K->133954K(184320K), 0.0000177 secs]2024-10-02T10:56:20.328+0300: 685.291: [Tenured: 329650K->264228K(409600K), 0.0117159 secs] 463604K->264228K(593920K), [Metaspace: 7325K->7325K(1056768K)], 0.0118146 secs] [Times: user=0.01 sys=0.00, real=0.01 secs] 
2024-10-02T10:56:20.335+0300: 685.303: Total time for which application threads were stopped: 0.0121429 seconds, Stopping threads took: 0.0002174 seconds
2024-10-02T10:56:23.360+0300: 688.321: Application time: 3.0178792 seconds
2024-10-02T10:56:23.360+0300: 688.321: Total time for which application threads were stopped: 0.0003918 seconds, Stopping threads took: 0.0003319 seconds
2024-10-02T10:56:27.569+0300: 692.544: Application time: 4.2226302 seconds
2024-10-02T10:56:27.600+0300: 692.560: [GC (Allocation Failure) 2024-10-02T10:56:27.600+0300: 692.560: [DefNew: 133997K->142K(184320K), 0.0037086 secs] 398225K->297139K(593920K), 0.0038165 secs] [Times: user=0.00 sys=0.00, real=0.00 secs] 
2024-10-02T10:56:27.603+0300: 692.564: Total time for which application threads were stopped: 0.0205776 seconds, Stopping threads took: 0.0166221 seconds
2024-10-02T10:56:31.447+0300: 696.422: Application time: 3.8573947 seconds
2024-10-02T10:56:31.447+0300: 696.422: [GC (Allocation Failure) 2024-10-02T10:56:31.447+0300: 696.422: [DefNew: 133699K->133699K(184320K), 0.0000210 secs]2024-10-02T10:56:31.447+0300: 696.422: [Tenured: 296996K->329537K(409600K), 0.0177184 secs] 430696K->329537K(593920K), [Metaspace: 7325K->7325K(1056768K)], 0.0178419 secs] [Times: user=0.02 sys=0.00, real=0.03 secs] 
2024-10-02T10:56:31.478+0300: 696.440: Total time for which application threads were stopped: 0.0181498 seconds, Stopping threads took: 0.0001624 seconds
2024-10-02T10:56:39.216+0300: 704.185: Application time: 7.7455683 seconds
2024-10-02T10:56:39.216+0300: 704.186: [GC (Allocation Failure) 2024-10-02T10:56:39.216+0300: 704.186: [DefNew: 134075K->134075K(184320K), 0.0000196 secs]2024-10-02T10:56:39.216+0300: 704.186: [Tenured: 329537K->264002K(409600K), 0.0120858 secs] 463612K->264002K(593920K), [Metaspace: 7325K->7325K(1056768K)], 0.0121998 secs] [Times: user=0.00 sys=0.00, real=0.02 secs] 
2024-10-02T10:56:39.237+0300: 704.198: Total time for which application threads were stopped: 0.0127545 seconds, Stopping threads took: 0.0003950 seconds
2024-10-02T10:56:45.683+0300: 710.659: Application time: 6.4605504 seconds
2024-10-02T10:56:45.699+0300: 710.659: [GC (Allocation Failure) 2024-10-02T10:56:45.699+0300: 710.659: [DefNew: 134706K->142K(184320K), 0.0040273 secs] 398708K->296913K(593920K), 0.0041083 secs] [Times: user=0.00 sys=0.00, real=0.00 secs] 
2024-10-02T10:56:45.699+0300: 710.663: Total time for which application threads were stopped: 0.0045369 seconds, Stopping threads took: 0.0002898 seconds
2024-10-02T10:56:49.389+0300: 714.363: Application time: 3.6998594 seconds
2024-10-02T10:56:49.389+0300: 714.363: [GC (Allocation Failure) 2024-10-02T10:56:49.389+0300: 714.364: [DefNew: 133318K->133318K(184320K), 0.0000210 secs]2024-10-02T10:56:49.389+0300: 714.364: [Tenured: 296770K->329680K(409600K), 0.0172591 secs] 430089K->329680K(593920K), [Metaspace: 7325K->7325K(1056768K)], 0.0174014 secs] [Times: user=0.02 sys=0.00, real=0.03 secs] 
2024-10-02T10:56:49.420+0300: 714.381: Total time for which application threads were stopped: 0.0178160 seconds, Stopping threads took: 0.0002501 seconds
2024-10-02T10:56:57.083+0300: 722.052: Application time: 7.6706696 seconds
2024-10-02T10:56:57.083+0300: 722.052: [GC (Allocation Failure) 2024-10-02T10:56:57.083+0300: 722.052: [DefNew: 133826K->133826K(184320K), 0.0000258 secs]2024-10-02T10:56:57.083+0300: 722.052: [Tenured: 329680K->264145K(409600K), 0.0120076 secs] 463507K->264145K(593920K), [Metaspace: 7325K->7325K(1056768K)], 0.0121335 secs] [Times: user=0.02 sys=0.00, real=0.02 secs] 
2024-10-02T10:56:57.099+0300: 722.064: Total time for which application threads were stopped: 0.0124277 seconds, Stopping threads took: 0.0001606 seconds
2024-10-02T10:57:03.316+0300: 728.286: Application time: 6.2220927 seconds
2024-10-02T10:57:03.316+0300: 728.286: [GC (Allocation Failure) 2024-10-02T10:57:03.316+0300: 728.286: [DefNew: 134548K->114K(184320K), 0.0071495 secs] 398693K->329795K(593920K), 0.0072200 secs] [Times: user=0.00 sys=0.00, real=0.02 secs] 
2024-10-02T10:57:03.331+0300: 728.294: Total time for which application threads were stopped: 0.0075720 seconds, Stopping threads took: 0.0002316 seconds
2024-10-02T10:57:08.150+0300: 733.113: Application time: 4.8192623 seconds
2024-10-02T10:57:08.150+0300: 733.113: [GC (Allocation Failure) 2024-10-02T10:57:08.150+0300: 733.113: [DefNew: 134008K->134008K(184320K), 0.0000187 secs]2024-10-02T10:57:08.150+0300: 733.113: [Tenured: 329681K->296771K(409600K), 0.0140841 secs] 463689K->296771K(593920K), [Metaspace: 7325K->7325K(1056768K)], 0.0141953 secs] [Times: user=0.02 sys=0.00, real=0.02 secs] 
2024-10-02T10:57:08.166+0300: 733.128: Total time for which application threads were stopped: 0.0145866 seconds, Stopping threads took: 0.0002464 seconds
2024-10-02T10:57:16.078+0300: 741.046: Application time: 7.9184446 seconds
2024-10-02T10:57:16.078+0300: 741.046: [GC (Allocation Failure) 2024-10-02T10:57:16.078+0300: 741.046: [DefNew: 134031K->134031K(184320K), 0.0000206 secs]2024-10-02T10:57:16.078+0300: 741.046: [Tenured: 296771K->231236K(409600K), 0.0082664 secs] 430803K->231236K(593920K), [Metaspace: 7325K->7325K(1056768K)], 0.0084065 secs] [Times: user=0.02 sys=0.00, real=0.01 secs] 
2024-10-02T10:57:16.093+0300: 741.055: Total time for which application threads were stopped: 0.0087445 seconds, Stopping threads took: 0.0002240 seconds
2024-10-02T10:57:19.091+0300: 744.058: Application time: 3.0028252 seconds
2024-10-02T10:57:19.091+0300: 744.058: [GC (Allocation Failure) 2024-10-02T10:57:19.102+0300: 744.064: [DefNew: 133420K->28K(184320K), 0.0133914 secs] 364656K->362336K(593920K), 0.0192127 secs] [Times: user=0.00 sys=0.00, real=0.02 secs] 
2024-10-02T10:57:19.107+0300: 744.077: Total time for which application threads were stopped: 0.0195559 seconds, Stopping threads took: 0.0002125 seconds
2024-10-02T10:57:26.766+0300: 751.727: Application time: 7.6494877 seconds
2024-10-02T10:57:26.766+0300: 751.727: [GC (Allocation Failure) 2024-10-02T10:57:26.766+0300: 751.727: [DefNew: 133890K->133890K(184320K), 0.0000164 secs]2024-10-02T10:57:26.766+0300: 751.727: [Tenured: 362308K->296914K(409600K), 0.0142622 secs] 496198K->296914K(593920K), [Metaspace: 7325K->7325K(1056768K)], 0.0143591 secs] [Times: user=0.01 sys=0.00, real=0.00 secs] 
2024-10-02T10:57:26.766+0300: 751.741: Total time for which application threads were stopped: 0.0145965 seconds, Stopping threads took: 0.0001323 seconds
2024-10-02T10:57:34.819+0300: 759.779: Application time: 8.0380749 seconds
2024-10-02T10:57:34.819+0300: 759.780: [GC (Allocation Failure) 2024-10-02T10:57:34.819+0300: 759.780: [DefNew: 134623K->134623K(184320K), 0.0000158 secs]2024-10-02T10:57:34.819+0300: 759.780: [Tenured: 296914K->231435K(409600K), 0.0087526 secs] 431537K->231435K(593920K), [Metaspace: 7325K->7325K(1056768K)], 0.0088603 secs] [Times: user=0.00 sys=0.00, real=0.01 secs] 
2024-10-02T10:57:34.827+0300: 759.788: Total time for which application threads were stopped: 0.0091859 seconds, Stopping threads took: 0.0002154 seconds
2024-10-02T10:57:36.624+0300: 761.586: Application time: 1.7976931 seconds
2024-10-02T10:57:36.624+0300: 761.586: [GC (Allocation Failure) 2024-10-02T10:57:36.624+0300: 761.587: [DefNew: 133361K->28K(184320K), 0.0126469 secs] 364797K->362536K(593920K), 0.0127215 secs] [Times: user=0.00 sys=0.00, real=0.00 secs] 
2024-10-02T10:57:36.624+0300: 761.599: Total time for which application threads were stopped: 0.0130639 seconds, Stopping threads took: 0.0002202 seconds
2024-10-02T10:57:44.661+0300: 769.629: Application time: 8.0301691 seconds
2024-10-02T10:57:44.661+0300: 769.630: [GC (Allocation Failure) 2024-10-02T10:57:44.661+0300: 769.630: [DefNew: 133698K->133698K(184320K), 0.0000145 secs]2024-10-02T10:57:44.661+0300: 769.630: [Tenured: 362507K->296773K(409600K), 0.0142730 secs] 496206K->296773K(593920K), [Metaspace: 7325K->7325K(1056768K)], 0.0143698 secs] [Times: user=0.02 sys=0.00, real=0.02 secs] 
2024-10-02T10:57:44.677+0300: 769.644: Total time for which application threads were stopped: 0.0147371 seconds, Stopping threads took: 0.0002540 seconds
2024-10-02T10:57:51.037+0300: 776.007: Application time: 6.3625013 seconds
2024-10-02T10:57:51.037+0300: 776.007: [GC (Allocation Failure) 2024-10-02T10:57:51.037+0300: 776.007: [DefNew: 134448K->134448K(184320K), 0.0000140 secs]2024-10-02T10:57:51.037+0300: 776.007: [Tenured: 296773K->231294K(409600K), 0.0082764 secs] 431221K->231294K(593920K), [Metaspace: 7325K->7325K(1056768K)], 0.0083714 secs] [Times: user=0.00 sys=0.00, real=0.01 secs] 
2024-10-02T10:57:51.050+0300: 776.015: Total time for which application threads were stopped: 0.0087388 seconds, Stopping threads took: 0.0002409 seconds
2024-10-02T10:57:55.304+0300: 780.272: Application time: 4.2570794 seconds
2024-10-02T10:57:55.304+0300: 780.273: [GC (Allocation Failure) 2024-10-02T10:57:55.304+0300: 780.273: [DefNew: 133751K->57K(184320K), 0.0100523 secs] 365046K->329655K(593920K), 0.0101346 secs] [Times: user=0.00 sys=0.00, real=0.02 secs] 
2024-10-02T10:57:55.320+0300: 780.283: Total time for which application threads were stopped: 0.0105496 seconds, Stopping threads took: 0.0002768 seconds
2024-10-02T10:58:02.934+0300: 787.909: Application time: 7.6257428 seconds
2024-10-02T10:58:02.934+0300: 787.909: [GC (Allocation Failure) 2024-10-02T10:58:02.934+0300: 787.909: [DefNew: 133793K->133793K(184320K), 0.0000211 secs]2024-10-02T10:58:02.934+0300: 787.909: [Tenured: 329598K->132847K(409600K), 0.0145398 secs] 463391K->132847K(593920K), [Metaspace: 7325K->7325K(1056768K)], 0.0146566 secs] [Times: user=0.03 sys=0.00, real=0.03 secs] 
2024-10-02T10:58:02.962+0300: 787.924: Total time for which application threads were stopped: 0.0149015 seconds, Stopping threads took: 0.0001288 seconds
2024-10-02T10:58:06.201+0300: 791.176: Application time: 3.2526786 seconds
2024-10-02T10:58:06.201+0300: 791.177: Total time for which application threads were stopped: 0.0003230 seconds, Stopping threads took: 0.0003004 seconds
2024-10-02T10:58:06.217+0300: 791.177: Application time: 0.0001849 seconds
2024-10-02T10:58:06.217+0300: 791.180: [GC (Allocation Failure) 2024-10-02T10:58:06.217+0300: 791.180: [DefNew: 136678K->147K(184320K), 0.0067406 secs] 269526K->198531K(593920K), 0.0068048 secs] [Times: user=0.00 sys=0.00, real=0.00 secs] 
2024-10-02T10:58:06.217+0300: 791.187: Total time for which application threads were stopped: 0.0098828 seconds, Stopping threads took: 0.0030029 seconds
2024-10-02T10:58:08.776+0300: 793.746: Application time: 2.5595229 seconds
2024-10-02T10:58:08.776+0300: 793.747: [GC (Allocation Failure) 2024-10-02T10:58:08.776+0300: 793.747: [DefNew: 134299K->176K(184320K), 0.0127876 secs] 332682K->329631K(593920K), 0.0128705 secs] [Times: user=0.02 sys=0.00, real=0.02 secs] 
2024-10-02T10:58:08.792+0300: 793.760: Total time for which application threads were stopped: 0.0133447 seconds, Stopping threads took: 0.0003643 seconds
2024-10-02T10:58:10.659+0300: 795.633: Application time: 1.8735068 seconds
2024-10-02T10:58:10.659+0300: 795.633: [GC (Allocation Failure) 2024-10-02T10:58:10.659+0300: 795.633: [DefNew: 132962K->132962K(184320K), 0.0000152 secs]2024-10-02T10:58:10.659+0300: 795.634: [Tenured: 329455K->329541K(409600K), 0.0345535 secs] 462418K->329541K(593920K), [Metaspace: 7326K->7326K(1056768K)], 0.0346561 secs] [Times: user=0.05 sys=0.00, real=0.05 secs] 
2024-10-02T10:58:10.707+0300: 795.668: Total time for which application threads were stopped: 0.0349978 seconds, Stopping threads took: 0.0002371 seconds
2024-10-02T10:58:18.798+0300: 803.762: Application time: 8.0943087 seconds
2024-10-02T10:58:18.798+0300: 803.763: [GC (Allocation Failure) 2024-10-02T10:58:18.798+0300: 803.763: [DefNew: 133617K->133617K(184320K), 0.0000152 secs]2024-10-02T10:58:18.798+0300: 803.763: [Tenured: 329541K->264006K(409600K), 0.0114068 secs] 463158K->264006K(593920K), [Metaspace: 7326K->7326K(1056768K)], 0.0115265 secs] [Times: user=0.02 sys=0.00, real=0.01 secs] 
2024-10-02T10:58:18.807+0300: 803.774: Total time for which application threads were stopped: 0.0119322 seconds, Stopping threads took: 0.0002668 seconds
2024-10-02T10:58:27.753+0300: 812.727: Application time: 8.9527245 seconds
2024-10-02T10:58:27.753+0300: 812.727: [GC (Allocation Failure) 2024-10-02T10:58:27.753+0300: 812.728: [DefNew: 134413K->171K(184320K), 0.0006214 secs] 398420K->264178K(593920K), 0.0006924 secs] [Times: user=0.00 sys=0.00, real=0.00 secs] 
2024-10-02T10:58:27.753+0300: 812.728: Total time for which application threads were stopped: 0.0010720 seconds, Stopping threads took: 0.0002425 seconds
2024-10-02T10:58:28.680+0300: 813.647: Application time: 0.9188154 seconds
2024-10-02T10:58:28.680+0300: 813.647: [GC (Allocation Failure) 2024-10-02T10:58:28.680+0300: 813.647: [DefNew: 132583K->171K(184320K), 0.0124081 secs] 396590K->395250K(593920K), 0.0124847 secs] [Times: user=0.00 sys=0.00, real=0.02 secs] 
2024-10-02T10:58:28.696+0300: 813.660: Total time for which application threads were stopped: 0.0128839 seconds, Stopping threads took: 0.0002900 seconds
2024-10-02T10:58:37.516+0300: 822.484: Application time: 8.8240417 seconds
2024-10-02T10:58:37.532+0300: 822.492: [GC (Allocation Failure) 2024-10-02T10:58:37.532+0300: 822.492: [DefNew: 133795K->133795K(184320K), 0.0000156 secs]2024-10-02T10:58:37.532+0300: 822.492: [Tenured: 395079K->264149K(409600K), 0.0118395 secs] 528874K->264149K(593920K), [Metaspace: 7326K->7326K(1056768K)], 0.0119301 secs] [Times: user=0.00 sys=0.00, real=0.01 secs] 
2024-10-02T10:58:37.540+0300: 822.504: Total time for which application threads were stopped: 0.0198106 seconds, Stopping threads took: 0.0077809 seconds
2024-10-02T10:58:45.507+0300: 830.480: Application time: 7.9762771 seconds
2024-10-02T10:58:45.507+0300: 830.480: [GC (Allocation Failure) 2024-10-02T10:58:45.507+0300: 830.480: [DefNew: 134418K->171K(184320K), 0.0006227 secs] 398568K->264321K(593920K), 0.0006894 secs] [Times: user=0.00 sys=0.00, real=0.00 secs] 
2024-10-02T10:58:45.507+0300: 830.481: Total time for which application threads were stopped: 0.0010490 seconds, Stopping threads took: 0.0002537 seconds
2024-10-02T10:58:48.395+0300: 833.370: Application time: 2.8885412 seconds
2024-10-02T10:58:48.395+0300: 833.370: [GC (Allocation Failure) 2024-10-02T10:58:48.395+0300: 833.370: [DefNew: 132744K->171K(184320K), 0.0137700 secs] 396894K->395393K(593920K), 0.0138773 secs] [Times: user=0.01 sys=0.00, real=0.02 secs] 
2024-10-02T10:58:48.410+0300: 833.384: Total time for which application threads were stopped: 0.0142641 seconds, Stopping threads took: 0.0002398 seconds
2024-10-02T10:58:56.054+0300: 841.016: Application time: 7.6317566 seconds
2024-10-02T10:58:56.054+0300: 841.016: [GC (Allocation Failure) 2024-10-02T10:58:56.054+0300: 841.016: [DefNew: 133741K->133741K(184320K), 0.0000171 secs]2024-10-02T10:58:56.054+0300: 841.016: [Tenured: 395221K->264292K(409600K), 0.0121057 secs] 528963K->264292K(593920K), [Metaspace: 7326K->7326K(1056768K)], 0.0122117 secs] [Times: user=0.00 sys=0.00, real=0.00 secs] 
2024-10-02T10:58:56.054+0300: 841.028: Total time for which application threads were stopped: 0.0125224 seconds, Stopping threads took: 0.0001976 seconds
2024-10-02T10:59:03.651+0300: 848.622: Application time: 7.5936613 seconds
2024-10-02T10:59:03.651+0300: 848.622: [GC (Allocation Failure) 2024-10-02T10:59:03.651+0300: 848.622: [DefNew: 134384K->171K(184320K), 0.0008664 secs] 398676K->264464K(593920K), 0.0009924 secs] [Times: user=0.00 sys=0.00, real=0.00 secs] 
2024-10-02T10:59:03.651+0300: 848.623: Total time for which application threads were stopped: 0.0014984 seconds, Stopping threads took: 0.0003421 seconds
2024-10-02T10:59:06.900+0300: 851.862: Application time: 3.2386853 seconds
2024-10-02T10:59:06.900+0300: 851.862: [GC (Allocation Failure) 2024-10-02T10:59:06.900+0300: 851.862: [DefNew: 132789K->171K(184320K), 0.0133792 secs] 397082K->395536K(593920K), 0.0134512 secs] [Times: user=0.00 sys=0.00, real=0.00 secs] 
2024-10-02T10:59:06.904+0300: 851.876: Total time for which application threads were stopped: 0.0137393 seconds, Stopping threads took: 0.0001917 seconds
2024-10-02T10:59:14.954+0300: 859.923: Application time: 8.0469912 seconds
2024-10-02T10:59:14.954+0300: 859.923: [GC (Allocation Failure) 2024-10-02T10:59:14.954+0300: 859.923: [DefNew: 133703K->133703K(184320K), 0.0000151 secs]2024-10-02T10:59:14.954+0300: 859.923: [Tenured: 395364K->264435K(409600K), 0.0113948 secs] 529068K->264435K(593920K), [Metaspace: 7326K->7326K(1056768K)], 0.0115234 secs] [Times: user=0.01 sys=0.00, real=0.02 secs] 
2024-10-02T10:59:14.970+0300: 859.935: Total time for which application threads were stopped: 0.0119342 seconds, Stopping threads took: 0.0001758 seconds
2024-10-02T10:59:21.673+0300: 866.645: Application time: 6.7105786 seconds
2024-10-02T10:59:21.673+0300: 866.646: [GC (Allocation Failure) 2024-10-02T10:59:21.673+0300: 866.646: [DefNew: 134360K->142K(184320K), 0.0038638 secs] 398795K->297346K(593920K), 0.0039341 secs] [Times: user=0.00 sys=0.00, real=0.02 secs] 
2024-10-02T10:59:21.689+0300: 866.650: Total time for which application threads were stopped: 0.0042857 seconds, Stopping threads took: 0.0002432 seconds
2024-10-02T10:59:25.596+0300: 870.564: Application time: 3.9145171 seconds
2024-10-02T10:59:25.596+0300: 870.564: [GC (Allocation Failure) 2024-10-02T10:59:25.596+0300: 870.564: [DefNew: 133229K->133229K(184320K), 0.0000149 secs]2024-10-02T10:59:25.596+0300: 870.564: [Tenured: 297203K->329545K(409600K), 0.0169209 secs] 430432K->329545K(593920K), [Metaspace: 7326K->7326K(1056768K)], 0.0170166 secs] [Times: user=0.02 sys=0.00, real=0.02 secs] 
2024-10-02T10:59:25.612+0300: 870.581: Total time for which application threads were stopped: 0.0173589 seconds, Stopping threads took: 0.0002314 seconds
2024-10-02T10:59:33.414+0300: 878.383: Application time: 7.8015364 seconds
2024-10-02T10:59:33.414+0300: 878.383: [GC (Allocation Failure) 2024-10-02T10:59:33.414+0300: 878.383: [DefNew: 133634K->133634K(184320K), 0.0000208 secs]2024-10-02T10:59:33.414+0300: 878.383: [Tenured: 329545K->264010K(409600K), 0.0114550 secs] 463180K->264010K(593920K), [Metaspace: 7326K->7326K(1056768K)], 0.0115929 secs] [Times: user=0.01 sys=0.00, real=0.02 secs] 
2024-10-02T10:59:33.430+0300: 878.395: Total time for which application threads were stopped: 0.0118840 seconds, Stopping threads took: 0.0001379 seconds
2024-10-02T10:59:39.738+0300: 884.711: Application time: 6.3157651 seconds
2024-10-02T10:59:39.738+0300: 884.711: [GC (Allocation Failure) 2024-10-02T10:59:39.738+0300: 884.711: [DefNew: 134425K->114K(184320K), 0.0069559 secs] 398435K->329660K(593920K), 0.0070298 secs] [Times: user=0.00 sys=0.00, real=0.02 secs] 
2024-10-02T10:59:39.753+0300: 884.718: Total time for which application threads were stopped: 0.0074001 seconds, Stopping threads took: 0.0002458 seconds
2024-10-02T10:59:44.871+0300: 889.843: Application time: 5.1245617 seconds
2024-10-02T10:59:44.883+0300: 889.843: [GC (Allocation Failure) 2024-10-02T10:59:44.883+0300: 889.843: [DefNew: 133929K->133929K(184320K), 0.0000152 secs]2024-10-02T10:59:44.883+0300: 889.843: [Tenured: 329546K->296920K(409600K), 0.0147587 secs] 463475K->296920K(593920K), [Metaspace: 7326K->7326K(1056768K)], 0.0148566 secs] [Times: user=0.02 sys=0.00, real=0.00 secs] 
2024-10-02T10:59:44.887+0300: 889.858: Total time for which application threads were stopped: 0.0152155 seconds, Stopping threads took: 0.0002470 seconds
2024-10-02T10:59:51.447+0300: 896.415: Application time: 6.5573190 seconds
2024-10-02T10:59:51.447+0300: 896.416: [GC (Allocation Failure) 2024-10-02T10:59:51.447+0300: 896.416: [DefNew: 133981K->133981K(184320K), 0.0000155 secs]2024-10-02T10:59:51.447+0300: 896.416: [Tenured: 296920K->264181K(409600K), 0.0112975 secs] 430901K->264181K(593920K), [Metaspace: 7326K->7326K(1056768K)], 0.0114086 secs] [Times: user=0.02 sys=0.00, real=0.01 secs] 
2024-10-02T10:59:51.462+0300: 896.427: Total time for which application threads were stopped: 0.0118414 seconds, Stopping threads took: 0.0002945 seconds
2024-10-02T10:59:57.849+0300: 902.823: Application time: 6.3960363 seconds
2024-10-02T10:59:57.849+0300: 902.823: [GC (Allocation Failure) 2024-10-02T10:59:57.849+0300: 902.823: [DefNew: 134367K->85K(184320K), 0.0101229 secs] 398549K->362571K(593920K), 0.0102065 secs] [Times: user=0.00 sys=0.00, real=0.02 secs] 
2024-10-02T10:59:57.864+0300: 902.834: Total time for which application threads were stopped: 0.0106047 seconds, Stopping threads took: 0.0002739 seconds
2024-10-02T11:00:03.736+0300: 908.699: Application time: 5.8656715 seconds
2024-10-02T11:00:03.736+0300: 908.700: [GC (Allocation Failure) 2024-10-02T11:00:03.736+0300: 908.700: [DefNew: 134142K->134142K(184320K), 0.0000195 secs]2024-10-02T11:00:03.736+0300: 908.700: [Tenured: 362485K->264011K(409600K), 0.0113183 secs] 496627K->264011K(593920K), [Metaspace: 7326K->7326K(1056768K)], 0.0114258 secs] [Times: user=0.00 sys=0.00, real=0.00 secs] 
2024-10-02T11:00:03.736+0300: 908.711: Total time for which application threads were stopped: 0.0117918 seconds, Stopping threads took: 0.0002424 seconds
2024-10-02T11:00:09.512+0300: 914.484: Application time: 5.7724824 seconds
2024-10-02T11:00:09.512+0300: 914.484: [GC (Allocation Failure) 2024-10-02T11:00:09.512+0300: 914.484: [DefNew: 134415K->114K(184320K), 0.0069820 secs] 398427K->329661K(593920K), 0.0070625 secs] [Times: user=0.00 sys=0.00, real=0.01 secs] 
2024-10-02T11:00:09.527+0300: 914.491: Total time for which application threads were stopped: 0.0074388 seconds, Stopping threads took: 0.0002428 seconds
2024-10-02T11:00:15.980+0300: 920.956: Application time: 6.4647326 seconds
2024-10-02T11:00:15.996+0300: 920.956: [GC (Allocation Failure) 2024-10-02T11:00:15.996+0300: 920.956: [DefNew: 134201K->134201K(184320K), 0.0000302 secs]2024-10-02T11:00:15.996+0300: 920.956: [Tenured: 329547K->296865K(409600K), 0.0154476 secs] 463749K->296865K(593920K), [Metaspace: 7326K->7326K(1056768K)], 0.0156265 secs] [Times: user=0.00 sys=0.00, real=0.01 secs] 
2024-10-02T11:00:16.011+0300: 920.972: Total time for which application threads were stopped: 0.0160379 seconds, Stopping threads took: 0.0002747 seconds
2024-10-02T11:00:22.338+0300: 927.304: Application time: 6.3323662 seconds
2024-10-02T11:00:22.338+0300: 927.305: [GC (Allocation Failure) 2024-10-02T11:00:22.338+0300: 927.305: [DefNew: 134155K->134155K(184320K), 0.0000166 secs]2024-10-02T11:00:22.338+0300: 927.305: [Tenured: 296865K->264097K(409600K), 0.0112416 secs] 431021K->264097K(593920K), [Metaspace: 7326K->7326K(1056768K)], 0.0113467 secs] [Times: user=0.00 sys=0.00, real=0.02 secs] 
2024-10-02T11:00:22.356+0300: 927.316: Total time for which application threads were stopped: 0.0118490 seconds, Stopping threads took: 0.0003779 seconds
2024-10-02T11:00:28.239+0300: 933.207: Application time: 5.8914058 seconds
2024-10-02T11:00:28.239+0300: 933.208: [GC (Allocation Failure) 2024-10-02T11:00:28.239+0300: 933.208: [DefNew: 134479K->114K(184320K), 0.0076246 secs] 398577K->329748K(593920K), 0.0077192 secs] [Times: user=0.00 sys=0.00, real=0.01 secs] 
2024-10-02T11:00:28.254+0300: 933.216: Total time for which application threads were stopped: 0.0081888 seconds, Stopping threads took: 0.0003338 seconds
2024-10-02T11:00:34.001+0300: 938.968: Application time: 5.7520155 seconds
2024-10-02T11:00:34.001+0300: 938.968: [GC (Allocation Failure) 2024-10-02T11:00:34.001+0300: 938.968: [DefNew: 134242K->134242K(184320K), 0.0000230 secs]2024-10-02T11:00:34.001+0300: 938.968: [Tenured: 329633K->296979K(409600K), 0.0158511 secs] 463876K->296979K(593920K), [Metaspace: 7326K->7326K(1056768K)], 0.0159877 secs] [Times: user=0.00 sys=0.00, real=0.02 secs] 
2024-10-02T11:00:34.016+0300: 938.984: Total time for which application threads were stopped: 0.0162688 seconds, Stopping threads took: 0.0001763 seconds
2024-10-02T11:00:41.395+0300: 946.362: Application time: 7.3782754 seconds
2024-10-02T11:00:41.395+0300: 946.363: [GC (Allocation Failure) 2024-10-02T11:00:41.395+0300: 946.363: [DefNew: 134182K->134182K(184320K), 0.0000196 secs]2024-10-02T11:00:41.395+0300: 946.363: [Tenured: 296979K->264013K(409600K), 0.0119933 secs] 431162K->264013K(593920K), [Metaspace: 7326K->7326K(1056768K)], 0.0121091 secs] [Times: user=0.02 sys=0.00, real=0.02 secs] 
2024-10-02T11:00:41.414+0300: 946.375: Total time for which application threads were stopped: 0.0124238 seconds, Stopping threads took: 0.0001881 seconds
2024-10-02T11:00:46.496+0300: 951.463: Application time: 5.0886282 seconds
2024-10-02T11:00:46.496+0300: 951.464: [GC (Allocation Failure) 2024-10-02T11:00:46.496+0300: 951.464: [DefNew: 134496K->85K(184320K), 0.0109793 secs] 398509K->362403K(593920K), 0.0110756 secs] [Times: user=0.02 sys=0.00, real=0.02 secs] 
2024-10-02T11:00:46.513+0300: 951.475: Total time for which application threads were stopped: 0.0114267 seconds, Stopping threads took: 0.0002169 seconds
2024-10-02T11:00:52.147+0300: 957.117: Application time: 5.6420096 seconds
2024-10-02T11:00:52.147+0300: 957.117: [GC (Allocation Failure) 2024-10-02T11:00:52.147+0300: 957.117: [DefNew: 134224K->134224K(184320K), 0.0000191 secs]2024-10-02T11:00:52.147+0300: 957.117: [Tenured: 362317K->296867K(409600K), 0.0155296 secs] 496542K->296867K(593920K), [Metaspace: 7326K->7326K(1056768K)], 0.0156365 secs] [Times: user=0.00 sys=0.00, real=0.02 secs] 
2024-10-02T11:00:52.172+0300: 957.133: Total time for which application threads were stopped: 0.0161142 seconds, Stopping threads took: 0.0003440 seconds
2024-10-02T11:01:00.623+0300: 965.584: Application time: 8.4510485 seconds
2024-10-02T11:01:00.623+0300: 965.584: [GC (Allocation Failure) 2024-10-02T11:01:00.623+0300: 965.584: [DefNew: 134468K->134468K(184320K), 0.0000173 secs]2024-10-02T11:01:00.623+0300: 965.584: [Tenured: 296867K->231388K(409600K), 0.0098694 secs] 431335K->231388K(593920K), [Metaspace: 7326K->7326K(1056768K)], 0.0099796 secs] [Times: user=0.00 sys=0.00, real=0.00 secs] 
2024-10-02T11:01:00.623+0300: 965.594: Total time for which application threads were stopped: 0.0103268 seconds, Stopping threads took: 0.0002213 seconds
2024-10-02T11:01:04.627+0300: 969.589: Application time: 3.9946928 seconds
2024-10-02T11:01:04.627+0300: 969.589: [GC (Allocation Failure) 2024-10-02T11:01:04.627+0300: 969.589: [DefNew: 133436K->28K(184320K), 0.0141143 secs] 364824K->362489K(593920K), 0.0141934 secs] [Times: user=0.01 sys=0.00, real=0.02 secs] 
2024-10-02T11:01:04.643+0300: 969.603: Total time for which application threads were stopped: 0.0145413 seconds, Stopping threads took: 0.0002425 seconds
2024-10-02T11:01:10.531+0300: 975.501: Application time: 5.8976002 seconds
2024-10-02T11:01:10.531+0300: 975.501: [GC (Allocation Failure) 2024-10-02T11:01:10.531+0300: 975.502: [DefNew: 133885K->133885K(184320K), 0.0000225 secs]2024-10-02T11:01:10.531+0300: 975.502: [Tenured: 362460K->297066K(409600K), 0.0155568 secs] 496346K->297066K(593920K), [Metaspace: 7326K->7326K(1056768K)], 0.0156794 secs] [Times: user=0.02 sys=0.00, real=0.02 secs] 
2024-10-02T11:01:10.546+0300: 975.517: Total time for which application threads were stopped: 0.0160885 seconds, Stopping threads took: 0.0002404 seconds
2024-10-02T11:01:19.082+0300: 984.044: Application time: 8.5264812 seconds
2024-10-02T11:01:19.082+0300: 984.044: [GC (Allocation Failure) 2024-10-02T11:01:19.082+0300: 984.044: [DefNew: 134567K->134567K(184320K), 0.0000156 secs]2024-10-02T11:01:19.082+0300: 984.044: [Tenured: 297066K->231247K(409600K), 0.0090418 secs] 431634K->231247K(593920K), [Metaspace: 7326K->7326K(1056768K)], 0.0091452 secs] [Times: user=0.02 sys=0.00, real=0.00 secs] 
2024-10-02T11:01:19.085+0300: 984.053: Total time for which application threads were stopped: 0.0096425 seconds, Stopping threads took: 0.0003437 seconds
2024-10-02T11:01:22.992+0300: 987.964: Application time: 3.9103199 seconds
2024-10-02T11:01:22.992+0300: 987.964: [GC (Allocation Failure) 2024-10-02T11:01:22.992+0300: 987.964: [DefNew: 132640K->0K(184320K), 0.0139671 secs] 363887K->362319K(593920K), 0.0140546 secs] [Times: user=0.01 sys=0.00, real=0.02 secs] 
2024-10-02T11:01:23.008+0300: 987.978: Total time for which application threads were stopped: 0.0143804 seconds, Stopping threads took: 0.0001613 seconds
2024-10-02T11:01:28.987+0300: 993.962: Application time: 5.9838701 seconds
2024-10-02T11:01:29.002+0300: 993.962: [GC (Allocation Failure) 2024-10-02T11:01:29.002+0300: 993.962: [DefNew: 133922K->133922K(184320K), 0.0000180 secs]2024-10-02T11:01:29.002+0300: 993.962: [Tenured: 362319K->296925K(409600K), 0.0152692 secs] 496241K->296925K(593920K), [Metaspace: 7326K->7326K(1056768K)], 0.0153856 secs] [Times: user=0.02 sys=0.00, real=0.01 secs] 
2024-10-02T11:01:29.014+0300: 993.978: Total time for which application threads were stopped: 0.0157627 seconds, Stopping threads took: 0.0002148 seconds
2024-10-02T11:01:37.292+0300: 1002.258: Application time: 8.2804229 seconds
2024-10-02T11:01:37.292+0300: 1002.259: [GC (Allocation Failure) 2024-10-02T11:01:37.292+0300: 1002.259: [DefNew: 134888K->134888K(184320K), 0.0000155 secs]2024-10-02T11:01:37.292+0300: 1002.259: [Tenured: 296925K->231532K(409600K), 0.0083539 secs] 431814K->231532K(593920K), [Metaspace: 7326K->7326K(1056768K)], 0.0084902 secs] [Times: user=0.00 sys=0.00, real=0.00 secs] 
2024-10-02T11:01:37.292+0300: 1002.267: Total time for which application threads were stopped: 0.0089208 seconds, Stopping threads took: 0.0002694 seconds
2024-10-02T11:01:41.091+0300: 1006.061: Application time: 3.7941153 seconds
2024-10-02T11:01:41.091+0300: 1006.061: [GC (Allocation Failure) 2024-10-02T11:01:41.091+0300: 1006.062: [DefNew: 132477K->0K(184320K), 0.0132325 secs] 364009K->362604K(593920K), 0.0133524 secs] [Times: user=0.00 sys=0.00, real=0.01 secs] 
2024-10-02T11:01:41.106+0300: 1006.075: Total time for which application threads were stopped: 0.0136636 seconds, Stopping threads took: 0.0002043 seconds
2024-10-02T11:01:47.543+0300: 1012.507: Application time: 6.4320716 seconds
2024-10-02T11:01:47.543+0300: 1012.507: [GC (Allocation Failure) 2024-10-02T11:01:47.543+0300: 1012.507: [DefNew: 133908K->133908K(184320K), 0.0000204 secs]2024-10-02T11:01:47.543+0300: 1012.507: [Tenured: 362604K->297210K(409600K), 0.0139620 secs] 496512K->297210K(593920K), [Metaspace: 7326K->7326K(1056768K)], 0.0140766 secs] [Times: user=0.00 sys=0.00, real=0.02 secs] 
2024-10-02T11:01:47.558+0300: 1012.521: Total time for which application threads were stopped: 0.0144850 seconds, Stopping threads took: 0.0002773 seconds
2024-10-02T11:01:56.003+0300: 1020.965: Application time: 8.4435311 seconds
2024-10-02T11:01:56.003+0300: 1020.966: [GC (Allocation Failure) 2024-10-02T11:01:56.003+0300: 1020.966: [DefNew: 134879K->134879K(184320K), 0.0000130 secs]2024-10-02T11:01:56.003+0300: 1020.966: [Tenured: 297210K->231248K(409600K), 0.0098375 secs] 432090K->231248K(593920K), [Metaspace: 7326K->7326K(1056768K)], 0.0099321 secs] [Times: user=0.00 sys=0.00, real=0.00 secs] 
2024-10-02T11:01:56.003+0300: 1020.975: Total time for which application threads were stopped: 0.0105696 seconds, Stopping threads took: 0.0005361 seconds
2024-10-02T11:01:59.032+0300: 1023.996: Application time: 3.0203612 seconds
2024-10-02T11:01:59.032+0300: 1023.996: [GC (Allocation Failure) 2024-10-02T11:01:59.032+0300: 1023.996: [DefNew: 132430K->0K(184320K), 0.0139900 secs] 363679K->362320K(593920K), 0.0140790 secs] [Times: user=0.02 sys=0.00, real=0.01 secs] 
2024-10-02T11:01:59.047+0300: 1024.010: Total time for which application threads were stopped: 0.0144129 seconds, Stopping threads took: 0.0002036 seconds
2024-10-02T11:02:06.379+0300: 1031.339: Application time: 7.3289449 seconds
2024-10-02T11:02:06.379+0300: 1031.340: [GC (Allocation Failure) 2024-10-02T11:02:06.379+0300: 1031.340: [DefNew: 133918K->133918K(184320K), 0.0000288 secs]2024-10-02T11:02:06.379+0300: 1031.340: [Tenured: 362320K->296927K(409600K), 0.0169483 secs] 496239K->296927K(593920K), [Metaspace: 7326K->7326K(1056768K)], 0.0170983 secs] [Times: user=0.03 sys=0.00, real=0.02 secs] 
2024-10-02T11:02:06.395+0300: 1031.357: Total time for which application threads were stopped: 0.0174357 seconds, Stopping threads took: 0.0001771 seconds
2024-10-02T11:02:13.852+0300: 1038.819: Application time: 7.4622520 seconds
2024-10-02T11:02:13.852+0300: 1038.819: [GC (Allocation Failure) 2024-10-02T11:02:13.852+0300: 1038.819: [DefNew: 134886K->134886K(184320K), 0.0000168 secs]2024-10-02T11:02:13.852+0300: 1038.819: [Tenured: 296927K->198452K(409600K), 0.0107837 secs] 431814K->198452K(593920K), [Metaspace: 7326K->7326K(1056768K)], 0.0109171 secs] [Times: user=0.01 sys=0.00, real=0.02 secs] 
2024-10-02T11:02:13.867+0300: 1038.830: Total time for which application threads were stopped: 0.0112075 seconds, Stopping threads took: 0.0001865 seconds
2024-10-02T11:02:19.549+0300: 1044.523: Application time: 5.6932732 seconds
2024-10-02T11:02:19.581+0300: 1044.541: Total time for which application threads were stopped: 0.0180183 seconds, Stopping threads took: 0.0179643 seconds
2024-10-02T11:02:19.581+0300: 1044.542: Application time: 0.0002322 seconds
2024-10-02T11:02:19.581+0300: 1044.542: [GC (Allocation Failure) 2024-10-02T11:02:19.581+0300: 1044.542: [DefNew: 136824K->90K(184320K), 0.0007329 secs] 335277K->198543K(593920K), 0.0008031 secs] [Times: user=0.00 sys=0.00, real=0.00 secs] 
2024-10-02T11:02:19.581+0300: 1044.543: Total time for which application threads were stopped: 0.0010226 seconds, Stopping threads took: 0.0001008 seconds
2024-10-02T11:02:19.597+0300: 1044.559: Application time: 0.0160376 seconds
2024-10-02T11:02:19.613+0300: 1044.573: [GC (Allocation Failure) 2024-10-02T11:02:19.613+0300: 1044.573: [DefNew: 133784K->147K(184320K), 0.0125860 secs] 332237K->329672K(593920K), 0.0126666 secs] [Times: user=0.00 sys=0.00, real=0.00 secs] 
2024-10-02T11:02:19.613+0300: 1044.586: Total time for which application threads were stopped: 0.0272984 seconds, Stopping threads took: 0.0145167 seconds
2024-10-02T11:02:24.167+0300: 1049.129: Application time: 4.5434838 seconds
2024-10-02T11:02:24.167+0300: 1049.130: [GC (Allocation Failure) 2024-10-02T11:02:24.167+0300: 1049.130: [DefNew: 133852K->133852K(184320K), 0.0000174 secs]2024-10-02T11:02:24.167+0300: 1049.130: [Tenured: 329524K->264016K(409600K), 0.0291076 secs] 463377K->264016K(593920K), [Metaspace: 7326K->7326K(1056768K)], 0.0292214 secs] [Times: user=0.00 sys=0.00, real=0.03 secs] 
2024-10-02T11:02:24.198+0300: 1049.159: Total time for which application threads were stopped: 0.0297379 seconds, Stopping threads took: 0.0004046 seconds
2024-10-02T11:02:29.729+0300: 1054.697: Application time: 5.5375822 seconds
2024-10-02T11:02:29.729+0300: 1054.697: [GC (Allocation Failure) 2024-10-02T11:02:29.729+0300: 1054.697: [DefNew: 133907K->172K(184320K), 0.0006897 secs] 397924K->264189K(593920K), 0.0007895 secs] [Times: user=0.00 sys=0.00, real=0.00 secs] 
2024-10-02T11:02:29.729+0300: 1054.698: Total time for which application threads were stopped: 0.0012748 seconds, Stopping threads took: 0.0003424 seconds
2024-10-02T11:02:34.576+0300: 1059.551: Application time: 4.8530808 seconds
2024-10-02T11:02:34.607+0300: 1059.567: [GC (Allocation Failure) 2024-10-02T11:02:34.607+0300: 1059.567: [DefNew: 132951K->172K(184320K), 0.0099601 secs] 396968K->362493K(593920K), 0.0100656 secs] [Times: user=0.00 sys=0.00, real=0.00 secs] 
2024-10-02T11:02:34.607+0300: 1059.577: Total time for which application threads were stopped: 0.0261034 seconds, Stopping threads took: 0.0158763 seconds
2024-10-02T11:02:42.423+0300: 1067.389: Application time: 7.8121754 seconds
2024-10-02T11:02:42.423+0300: 1067.390: [GC (Allocation Failure) 2024-10-02T11:02:42.423+0300: 1067.390: [DefNew: 133340K->133340K(184320K), 0.0000170 secs]2024-10-02T11:02:42.423+0300: 1067.390: [Tenured: 362320K->264018K(409600K), 0.0155037 secs] 495661K->264018K(593920K), [Metaspace: 7326K->7326K(1056768K)], 0.0156195 secs] [Times: user=0.00 sys=0.00, real=0.02 secs] 
2024-10-02T11:02:42.439+0300: 1067.405: Total time for which application threads were stopped: 0.0159580 seconds, Stopping threads took: 0.0002227 seconds
2024-10-02T11:02:47.775+0300: 1072.742: Application time: 5.3360798 seconds
2024-10-02T11:02:47.775+0300: 1072.742: [GC (Allocation Failure) 2024-10-02T11:02:47.775+0300: 1072.742: [DefNew: 133846K->114K(184320K), 0.0070177 secs] 397864K->329669K(593920K), 0.0071358 secs] [Times: user=0.00 sys=0.00, real=0.00 secs] 
2024-10-02T11:02:47.775+0300: 1072.749: Total time for which application threads were stopped: 0.0076331 seconds, Stopping threads took: 0.0003125 seconds
2024-10-02T11:02:53.361+0300: 1078.330: Application time: 5.5808822 seconds
2024-10-02T11:02:53.361+0300: 1078.330: [GC (Allocation Failure) 2024-10-02T11:02:53.361+0300: 1078.330: [DefNew: 133835K->133835K(184320K), 0.0000168 secs]2024-10-02T11:02:53.361+0300: 1078.331: [Tenured: 329554K->264104K(409600K), 0.0117157 secs] 463390K->264104K(593920K), [Metaspace: 7326K->7326K(1056768K)], 0.0118287 secs] [Times: user=0.00 sys=0.00, real=0.02 secs] 
2024-10-02T11:02:53.379+0300: 1078.342: Total time for which application threads were stopped: 0.0122447 seconds, Stopping threads took: 0.0003047 seconds
2024-10-02T11:03:00.895+0300: 1085.856: Application time: 7.5138756 seconds
2024-10-02T11:03:00.895+0300: 1085.856: [GC (Allocation Failure) 2024-10-02T11:03:00.895+0300: 1085.857: [DefNew: 133920K->142K(184320K), 0.0037044 secs] 398025K->297015K(593920K), 0.0037840 secs] [Times: user=0.00 sys=0.00, real=0.00 secs] 
2024-10-02T11:03:00.897+0300: 1085.860: Total time for which application threads were stopped: 0.0041174 seconds, Stopping threads took: 0.0002168 seconds
2024-10-02T11:03:04.115+0300: 1089.087: Application time: 3.2266602 seconds
2024-10-02T11:03:04.115+0300: 1089.087: [GC (Allocation Failure) 2024-10-02T11:03:04.115+0300: 1089.087: [DefNew: 133161K->133161K(184320K), 0.0000142 secs]2024-10-02T11:03:04.115+0300: 1089.087: [Tenured: 296872K->329698K(409600K), 0.0184200 secs] 430034K->329698K(593920K), [Metaspace: 7326K->7326K(1056768K)], 0.0185259 secs] [Times: user=0.02 sys=0.00, real=0.02 secs] 
2024-10-02T11:03:04.130+0300: 1089.106: Total time for which application threads were stopped: 0.0188566 seconds, Stopping threads took: 0.0002212 seconds
2024-10-02T11:03:11.868+0300: 1096.829: Application time: 7.7227137 seconds
2024-10-02T11:03:11.868+0300: 1096.829: [GC (Allocation Failure) 2024-10-02T11:03:11.868+0300: 1096.829: [DefNew: 133934K->133934K(184320K), 0.0000176 secs]2024-10-02T11:03:11.868+0300: 1096.829: [Tenured: 329698K->264162K(409600K), 0.0121011 secs] 463632K->264162K(593920K), [Metaspace: 7326K->7326K(1056768K)], 0.0121998 secs] [Times: user=0.00 sys=0.00, real=0.00 secs] 
2024-10-02T11:03:11.868+0300: 1096.841: Total time for which application threads were stopped: 0.0125602 seconds, Stopping threads took: 0.0002418 seconds
2024-10-02T11:03:19.123+0300: 1104.090: Application time: 7.2493083 seconds
2024-10-02T11:03:19.123+0300: 1104.091: [GC (Allocation Failure) 2024-10-02T11:03:19.123+0300: 1104.091: [DefNew: 134616K->142K(184320K), 0.0040491 secs] 398779K->297073K(593920K), 0.0041470 secs] [Times: user=0.02 sys=0.00, real=0.01 secs] 
2024-10-02T11:03:19.134+0300: 1104.095: Total time for which application threads were stopped: 0.0044365 seconds, Stopping threads took: 0.0001522 seconds
2024-10-02T11:03:22.441+0300: 1107.410: Application time: 3.3152912 seconds
2024-10-02T11:03:22.450+0300: 1107.410: [GC (Allocation Failure) 2024-10-02T11:03:22.450+0300: 1107.411: [DefNew: 133276K->133276K(184320K), 0.0000156 secs]2024-10-02T11:03:22.450+0300: 1107.411: [Tenured: 296930K->329556K(409600K), 0.0176925 secs] 430207K->329556K(593920K), [Metaspace: 7326K->7326K(1056768K)], 0.0178017 secs] [Times: user=0.02 sys=0.00, real=0.02 secs] 
2024-10-02T11:03:22.466+0300: 1107.428: Total time for which application threads were stopped: 0.0181499 seconds, Stopping threads took: 0.0002264 seconds
2024-10-02T11:03:29.992+0300: 1114.958: Application time: 7.5293870 seconds
2024-10-02T11:03:29.992+0300: 1114.958: [GC (Allocation Failure) 2024-10-02T11:03:29.992+0300: 1114.958: [DefNew: 133783K->133783K(184320K), 0.0000148 secs]2024-10-02T11:03:29.992+0300: 1114.958: [Tenured: 329556K->264021K(409600K), 0.0117015 secs] 463340K->264021K(593920K), [Metaspace: 7326K->7326K(1056768K)], 0.0118047 secs] [Times: user=0.00 sys=0.00, real=0.01 secs] 
2024-10-02T11:03:30.000+0300: 1114.970: Total time for which application threads were stopped: 0.0121770 seconds, Stopping threads took: 0.0002288 seconds
2024-10-02T11:03:36.028+0300: 1121.004: Application time: 6.0338575 seconds
2024-10-02T11:03:36.044+0300: 1121.004: [GC (Allocation Failure) 2024-10-02T11:03:36.044+0300: 1121.004: [DefNew: 134520K->114K(184320K), 0.0077881 secs] 398541K->329671K(593920K), 0.0078906 secs] [Times: user=0.00 sys=0.00, real=0.00 secs] 
2024-10-02T11:03:36.044+0300: 1121.012: Total time for which application threads were stopped: 0.0083963 seconds, Stopping threads took: 0.0003847 seconds
2024-10-02T11:03:41.507+0300: 1126.473: Application time: 5.4605959 seconds
2024-10-02T11:03:41.507+0300: 1126.473: [GC (Allocation Failure) 2024-10-02T11:03:41.507+0300: 1126.473: [DefNew: 133990K->133990K(184320K), 0.0000242 secs]2024-10-02T11:03:41.507+0300: 1126.473: [Tenured: 329557K->264163K(409600K), 0.0127529 secs] 463547K->264163K(593920K), [Metaspace: 7326K->7326K(1056768K)], 0.0129292 secs] [Times: user=0.01 sys=0.00, real=0.02 secs] 
2024-10-02T11:03:41.523+0300: 1126.486: Total time for which application threads were stopped: 0.0133052 seconds, Stopping threads took: 0.0002312 seconds
2024-10-02T11:03:49.324+0300: 1134.298: Application time: 7.8119836 seconds
2024-10-02T11:03:49.324+0300: 1134.298: [GC (Allocation Failure) 2024-10-02T11:03:49.324+0300: 1134.298: [DefNew: 134020K->142K(184320K), 0.0041032 secs] 398184K->297074K(593920K), 0.0041814 secs] [Times: user=0.00 sys=0.00, real=0.02 secs] 
2024-10-02T11:03:49.340+0300: 1134.303: Total time for which application threads were stopped: 0.0045170 seconds, Stopping threads took: 0.0002293 seconds
2024-10-02T11:03:52.384+0300: 1137.354: Application time: 3.0515149 seconds
2024-10-02T11:03:52.399+0300: 1137.360: [GC (Allocation Failure) 2024-10-02T11:03:52.399+0300: 1137.360: [DefNew: 133208K->133208K(184320K), 0.0000127 secs]2024-10-02T11:03:52.399+0300: 1137.360: [Tenured: 296931K->329757K(409600K), 0.0196018 secs] 430140K->329757K(593920K), [Metaspace: 7326K->7326K(1056768K)], 0.0196953 secs] [Times: user=0.00 sys=0.00, real=0.02 secs] 
2024-10-02T11:03:52.416+0300: 1137.380: Total time for which application threads were stopped: 0.0254481 seconds, Stopping threads took: 0.0056537 seconds
2024-10-02T11:03:59.967+0300: 1144.940: Application time: 7.5600568 seconds
2024-10-02T11:03:59.967+0300: 1144.940: [GC (Allocation Failure) 2024-10-02T11:03:59.967+0300: 1144.940: [DefNew: 133981K->133981K(184320K), 0.0000295 secs]2024-10-02T11:03:59.967+0300: 1144.940: [Tenured: 329757K->264022K(409600K), 0.0117560 secs] 463739K->264022K(593920K), [Metaspace: 7326K->7326K(1056768K)], 0.0119122 secs] [Times: user=0.00 sys=0.00, real=0.02 secs] 
2024-10-02T11:03:59.982+0300: 1144.952: Total time for which application threads were stopped: 0.0123545 seconds, Stopping threads took: 0.0002777 seconds
2024-10-02T11:04:05.005+0300: 1149.965: Application time: 5.0131487 seconds
2024-10-02T11:04:05.005+0300: 1149.965: Total time for which application threads were stopped: 0.0003566 seconds, Stopping threads took: 0.0002809 seconds
2024-10-02T11:04:07.014+0300: 1151.975: Application time: 2.0090843 seconds
2024-10-02T11:04:07.014+0300: 1151.975: Total time for which application threads were stopped: 0.0004971 seconds, Stopping threads took: 0.0004105 seconds
2024-10-02T11:04:07.536+0300: 1152.505: Application time: 0.5297420 seconds
2024-10-02T11:04:07.536+0300: 1152.505: [GC (Allocation Failure) 2024-10-02T11:04:07.536+0300: 1152.505: [DefNew: 134647K->142K(184320K), 0.0041289 secs] 398669K->296933K(593920K), 0.0042303 secs] [Times: user=0.00 sys=0.00, real=0.01 secs] 
2024-10-02T11:04:07.548+0300: 1152.509: Total time for which application threads were stopped: 0.0046212 seconds, Stopping threads took: 0.0002030 seconds
2024-10-02T11:04:11.471+0300: 1156.435: Application time: 3.9257494 seconds
2024-10-02T11:04:11.471+0300: 1156.435: [GC (Allocation Failure) 2024-10-02T11:04:11.471+0300: 1156.436: [DefNew: 133243K->133243K(184320K), 0.0000145 secs]2024-10-02T11:04:11.471+0300: 1156.436: [Tenured: 296790K->329701K(409600K), 0.0168930 secs] 430033K->329701K(593920K), [Metaspace: 7326K->7326K(1056768K)], 0.0170016 secs] [Times: user=0.02 sys=0.00, real=0.02 secs] 
2024-10-02T11:04:11.487+0300: 1156.453: Total time for which application threads were stopped: 0.0173362 seconds, Stopping threads took: 0.0002010 seconds
2024-10-02T11:04:18.460+0300: 1163.422: Application time: 6.9699501 seconds
2024-10-02T11:04:18.460+0300: 1163.423: [GC (Allocation Failure) 2024-10-02T11:04:18.460+0300: 1163.423: [DefNew: 133814K->133814K(184320K), 0.0000220 secs]2024-10-02T11:04:18.460+0300: 1163.423: [Tenured: 329701K->264165K(409600K), 0.0119064 secs] 463516K->264165K(593920K), [Metaspace: 7326K->7326K(1056768K)], 0.0120285 secs] [Times: user=0.00 sys=0.00, real=0.01 secs] 
2024-10-02T11:04:18.471+0300: 1163.435: Total time for which application threads were stopped: 0.0123475 seconds, Stopping threads took: 0.0001985 seconds
2024-10-02T11:04:24.349+0300: 1169.310: Application time: 5.8755770 seconds
2024-10-02T11:04:24.349+0300: 1169.311: [GC (Allocation Failure) 2024-10-02T11:04:24.349+0300: 1169.311: [DefNew: 134540K->114K(184320K), 0.0072787 secs] 398706K->329815K(593920K), 0.0073534 secs] [Times: user=0.02 sys=0.00, real=0.01 secs] 
2024-10-02T11:04:24.357+0300: 1169.318: Total time for which application threads were stopped: 0.0077077 seconds, Stopping threads took: 0.0002171 seconds
2024-10-02T11:04:29.727+0300: 1174.691: Application time: 5.3733289 seconds
2024-10-02T11:04:29.727+0300: 1174.692: [GC (Allocation Failure) 2024-10-02T11:04:29.727+0300: 1174.692: [DefNew: 134003K->134003K(184320K), 0.0000239 secs]2024-10-02T11:04:29.727+0300: 1174.692: [Tenured: 329701K->297076K(409600K), 0.0153685 secs] 463705K->297076K(593920K), [Metaspace: 7326K->7326K(1056768K)], 0.0155082 secs] [Times: user=0.00 sys=0.00, real=0.02 secs] 
2024-10-02T11:04:29.743+0300: 1174.707: Total time for which application threads were stopped: 0.0158832 seconds, Stopping threads took: 0.0002418 seconds
2024-10-02T11:04:37.294+0300: 1182.255: Application time: 7.5476267 seconds
2024-10-02T11:04:37.294+0300: 1182.255: [GC (Allocation Failure) 2024-10-02T11:04:37.294+0300: 1182.255: [DefNew: 134028K->134028K(184320K), 0.0000137 secs]2024-10-02T11:04:37.294+0300: 1182.255: [Tenured: 297076K->231256K(409600K), 0.0083023 secs] 431104K->231256K(593920K), [Metaspace: 7326K->7326K(1056768K)], 0.0083947 secs] [Times: user=0.00 sys=0.00, real=0.01 secs] 
2024-10-02T11:04:37.299+0300: 1182.264: Total time for which application threads were stopped: 0.0086508 seconds, Stopping threads took: 0.0001528 seconds
2024-10-02T11:04:40.528+0300: 1185.494: Application time: 3.2305558 seconds
2024-10-02T11:04:40.528+0300: 1185.495: [GC (Allocation Failure) 2024-10-02T11:04:40.528+0300: 1185.495: [DefNew: 132713K->0K(184320K), 0.0131125 secs] 363969K->362328K(593920K), 0.0131965 secs] [Times: user=0.00 sys=0.00, real=0.02 secs] 
2024-10-02T11:04:40.544+0300: 1185.508: Total time for which application threads were stopped: 0.0135809 seconds, Stopping threads took: 0.0002548 seconds
2024-10-02T11:04:47.874+0300: 1192.839: Application time: 7.3313438 seconds
2024-10-02T11:04:47.874+0300: 1192.839: [GC (Allocation Failure) 2024-10-02T11:04:47.874+0300: 1192.839: [DefNew: 134108K->134108K(184320K), 0.0000152 secs]2024-10-02T11:04:47.874+0300: 1192.840: [Tenured: 362328K->296934K(409600K), 0.0143197 secs] 496437K->296934K(593920K), [Metaspace: 7326K->7326K(1056768K)], 0.0144547 secs] [Times: user=0.02 sys=0.00, real=0.01 secs] 
2024-10-02T11:04:47.889+0300: 1192.854: Total time for which application threads were stopped: 0.0147886 seconds, Stopping threads took: 0.0001655 seconds
2024-10-02T11:04:55.772+0300: 1200.735: Application time: 7.8813798 seconds
2024-10-02T11:04:55.772+0300: 1200.736: [GC (Allocation Failure) 2024-10-02T11:04:55.772+0300: 1200.736: [DefNew: 135007K->135007K(184320K), 0.0000224 secs]2024-10-02T11:04:55.772+0300: 1200.736: [Tenured: 296934K->231541K(409600K), 0.0086637 secs] 431942K->231541K(593920K), [Metaspace: 7326K->7326K(1056768K)], 0.0088234 secs] [Times: user=0.00 sys=0.00, real=0.00 secs] 
2024-10-02T11:04:55.772+0300: 1200.744: Total time for which application threads were stopped: 0.0091332 seconds, Stopping threads took: 0.0001472 seconds
2024-10-02T11:04:58.865+0300: 1203.832: Application time: 3.0871090 seconds
2024-10-02T11:04:58.865+0300: 1203.832: [GC (Allocation Failure) 2024-10-02T11:04:58.865+0300: 1203.832: [DefNew: 132601K->0K(184320K), 0.0127261 secs] 364142K->362613K(593920K), 0.0128081 secs] [Times: user=0.00 sys=0.00, real=0.02 secs] 
2024-10-02T11:04:58.881+0300: 1203.845: Total time for which application threads were stopped: 0.0131640 seconds, Stopping threads took: 0.0002481 seconds
2024-10-02T11:05:06.059+0300: 1211.021: Application time: 7.1766020 seconds
2024-10-02T11:05:06.059+0300: 1211.022: [GC (Allocation Failure) 2024-10-02T11:05:06.059+0300: 1211.022: [DefNew: 133941K->133941K(184320K), 0.0000157 secs]2024-10-02T11:05:06.059+0300: 1211.022: [Tenured: 362613K->297219K(409600K), 0.0144249 secs] 496554K->297219K(593920K), [Metaspace: 7326K->7326K(1056768K)], 0.0145285 secs] [Times: user=0.00 sys=0.00, real=0.01 secs] 
2024-10-02T11:05:06.070+0300: 1211.036: Total time for which application threads were stopped: 0.0149438 seconds, Stopping threads took: 0.0002818 seconds
2024-10-02T11:05:13.839+0300: 1218.805: Application time: 7.7690117 seconds
2024-10-02T11:05:13.839+0300: 1218.806: [GC (Allocation Failure) 2024-10-02T11:05:13.839+0300: 1218.806: [DefNew: 134900K->134900K(184320K), 0.0000190 secs]2024-10-02T11:05:13.839+0300: 1218.806: [Tenured: 297219K->231258K(409600K), 0.0091065 secs] 432120K->231258K(593920K), [Metaspace: 7326K->7326K(1056768K)], 0.0092793 secs] [Times: user=0.02 sys=0.00, real=0.02 secs] 
2024-10-02T11:05:13.855+0300: 1218.815: Total time for which application threads were stopped: 0.0096711 seconds, Stopping threads took: 0.0002485 seconds
2024-10-02T11:05:16.741+0300: 1221.708: Application time: 2.8928956 seconds
2024-10-02T11:05:16.741+0300: 1221.708: [GC (Allocation Failure) 2024-10-02T11:05:16.741+0300: 1221.708: [DefNew: 133257K->28K(184320K), 0.0125986 secs] 364515K->362358K(593920K), 0.0126713 secs] [Times: user=0.00 sys=0.00, real=0.02 secs] 
2024-10-02T11:05:16.757+0300: 1221.721: Total time for which application threads were stopped: 0.0130442 seconds, Stopping threads took: 0.0002619 seconds
2024-10-02T11:05:24.356+0300: 1229.330: Application time: 7.6092113 seconds
2024-10-02T11:05:24.356+0300: 1229.330: [GC (Allocation Failure) 2024-10-02T11:05:24.356+0300: 1229.330: [DefNew: 133670K->133670K(184320K), 0.0000176 secs]2024-10-02T11:05:24.356+0300: 1229.330: [Tenured: 362330K->264168K(409600K), 0.0125876 secs] 496000K->264168K(593920K), [Metaspace: 7326K->7326K(1056768K)], 0.0126944 secs] [Times: user=0.01 sys=0.00, real=0.02 secs] 
2024-10-02T11:05:24.372+0300: 1229.343: Total time for which application threads were stopped: 0.0129825 seconds, Stopping threads took: 0.0001655 seconds
2024-10-02T11:05:32.515+0300: 1237.480: Application time: 8.1368123 seconds
2024-10-02T11:05:32.520+0300: 1237.480: [GC (Allocation Failure) 2024-10-02T11:05:32.520+0300: 1237.480: [DefNew: 134430K->171K(184320K), 0.0009946 secs] 398599K->264339K(593920K), 0.0010937 secs] [Times: user=0.00 sys=0.00, real=0.00 secs] 
2024-10-02T11:05:32.520+0300: 1237.482: Total time for which application threads were stopped: 0.0016691 seconds, Stopping threads took: 0.0004180 seconds
2024-10-02T11:05:34.826+0300: 1239.790: Application time: 2.3082145 seconds
2024-10-02T11:05:34.826+0300: 1239.790: [GC (Allocation Failure) 2024-10-02T11:05:34.826+0300: 1239.790: [DefNew: 132738K->171K(184320K), 0.0140121 secs] 396907K->395412K(593920K), 0.0140934 secs] [Times: user=0.00 sys=0.00, real=0.02 secs] 
2024-10-02T11:05:34.842+0300: 1239.804: Total time for which application threads were stopped: 0.0144278 seconds, Stopping threads took: 0.0002234 seconds
2024-10-02T11:05:43.054+0300: 1248.024: Application time: 8.2200403 seconds
2024-10-02T11:05:43.054+0300: 1248.025: [GC (Allocation Failure) 2024-10-02T11:05:43.054+0300: 1248.025: [DefNew: 133751K->133751K(184320K), 0.0000227 secs]2024-10-02T11:05:43.054+0300: 1248.025: [Tenured: 395240K->264311K(409600K), 0.0112848 secs] 528992K->264311K(593920K), [Metaspace: 7326K->7326K(1056768K)], 0.0114317 secs] [Times: user=0.00 sys=0.00, real=0.02 secs] 
2024-10-02T11:05:43.069+0300: 1248.036: Total time for which application threads were stopped: 0.0118090 seconds, Stopping threads took: 0.0002466 seconds
2024-10-02T11:05:51.326+0300: 1256.301: Application time: 8.2646382 seconds
2024-10-02T11:05:51.326+0300: 1256.301: [GC (Allocation Failure) 2024-10-02T11:05:51.326+0300: 1256.301: [DefNew: 134390K->171K(184320K), 0.0009745 secs] 398701K->264482K(593920K), 0.0011002 secs] [Times: user=0.00 sys=0.00, real=0.02 secs] 
2024-10-02T11:05:51.342+0300: 1256.302: Total time for which application threads were stopped: 0.0015020 seconds, Stopping threads took: 0.0002539 seconds
2024-10-02T11:05:52.880+0300: 1257.847: Application time: 1.5443682 seconds
2024-10-02T11:05:52.880+0300: 1257.847: [GC (Allocation Failure) 2024-10-02T11:05:52.880+0300: 1257.847: [DefNew: 132685K->171K(184320K), 0.0127412 secs] 396996K->395554K(593920K), 0.0128109 secs] [Times: user=0.02 sys=0.00, real=0.02 secs] 
2024-10-02T11:05:52.896+0300: 1257.860: Total time for which application threads were stopped: 0.0131374 seconds, Stopping threads took: 0.0002300 seconds
2024-10-02T11:06:00.822+0300: 1265.784: Application time: 7.9241121 seconds
2024-10-02T11:06:00.822+0300: 1265.784: [GC (Allocation Failure) 2024-10-02T11:06:00.822+0300: 1265.784: [DefNew: 133744K->133744K(184320K), 0.0000144 secs]2024-10-02T11:06:00.822+0300: 1265.784: [Tenured: 395383K->264454K(409600K), 0.0112249 secs] 529128K->264454K(593920K), [Metaspace: 7326K->7326K(1056768K)], 0.0113185 secs] [Times: user=0.00 sys=0.00, real=0.00 secs] 
2024-10-02T11:06:00.822+0300: 1265.796: Total time for which application threads were stopped: 0.0117164 seconds, Stopping threads took: 0.0002631 seconds
2024-10-02T11:06:07.933+0300: 1272.900: Application time: 7.1046339 seconds
2024-10-02T11:06:07.933+0300: 1272.901: [GC (Allocation Failure) 2024-10-02T11:06:07.933+0300: 1272.901: [DefNew: 134386K->171K(184320K), 0.0006077 secs] 398840K->264625K(593920K), 0.0006887 secs] [Times: user=0.00 sys=0.00, real=0.00 secs] 
2024-10-02T11:06:07.933+0300: 1272.901: Total time for which application threads were stopped: 0.0010234 seconds, Stopping threads took: 0.0001704 seconds
2024-10-02T11:06:11.042+0300: 1276.012: Application time: 3.1107478 seconds
2024-10-02T11:06:11.042+0300: 1276.012: [GC (Allocation Failure) 2024-10-02T11:06:11.042+0300: 1276.012: [DefNew: 132561K->171K(184320K), 0.0125349 secs] 397016K->395697K(593920K), 0.0125957 secs] [Times: user=0.02 sys=0.00, real=0.02 secs] 
2024-10-02T11:06:11.058+0300: 1276.025: Total time for which application threads were stopped: 0.0128602 seconds, Stopping threads took: 0.0001744 seconds
2024-10-02T11:06:19.615+0300: 1284.576: Application time: 8.5508199 seconds
2024-10-02T11:06:19.615+0300: 1284.576: [GC (Allocation Failure) 2024-10-02T11:06:19.615+0300: 1284.576: [DefNew: 133785K->133785K(184320K), 0.0000152 secs]2024-10-02T11:06:19.615+0300: 1284.576: [Tenured: 395526K->264029K(409600K), 0.0112475 secs] 529311K->264029K(593920K), [Metaspace: 7326K->7326K(1056768K)], 0.0113699 secs] [Times: user=0.00 sys=0.00, real=0.00 secs] 
2024-10-02T11:06:19.615+0300: 1284.587: Total time for which application threads were stopped: 0.0117376 seconds, Stopping threads took: 0.0002345 seconds
2024-10-02T11:06:23.947+0300: 1288.919: Application time: 4.3316480 seconds
2024-10-02T11:06:23.947+0300: 1288.919: [GC (Allocation Failure) 2024-10-02T11:06:23.947+0300: 1288.919: [DefNew: 133893K->57K(184320K), 0.0124886 secs] 397922K->395158K(593920K), 0.0125744 secs] [Times: user=0.00 sys=0.00, real=0.01 secs] 
2024-10-02T11:06:23.962+0300: 1288.932: Total time for which application threads were stopped: 0.0128488 seconds, Stopping threads took: 0.0001452 seconds
2024-10-02T11:06:29.036+0300: 1294.002: Application time: 5.0700292 seconds
2024-10-02T11:06:29.036+0300: 1294.002: [GC (Allocation Failure) 2024-10-02T11:06:29.036+0300: 1294.002: [DefNew: 133765K->133765K(184320K), 0.0000136 secs]2024-10-02T11:06:29.036+0300: 1294.002: [Tenured: 395101K->231203K(409600K), 0.0170585 secs] 528866K->231203K(593920K), [Metaspace: 7326K->7326K(1056768K)], 0.0171486 secs] [Times: user=0.02 sys=0.00, real=0.01 secs] 
2024-10-02T11:06:29.047+0300: 1294.019: Total time for which application threads were stopped: 0.0174146 seconds, Stopping threads took: 0.0001820 seconds
2024-10-02T11:06:32.390+0300: 1297.351: Application time: 3.3320087 seconds
2024-10-02T11:06:32.390+0300: 1297.352: Total time for which application threads were stopped: 0.0001870 seconds, Stopping threads took: 0.0000306 seconds
2024-10-02T11:06:32.484+0300: 1297.454: Application time: 0.1026917 seconds
2024-10-02T11:06:32.484+0300: 1297.455: Total time for which application threads were stopped: 0.0002780 seconds, Stopping threads took: 0.0000324 seconds
2024-10-02T11:06:32.531+0300: 1297.496: Application time: 0.0418252 seconds
2024-10-02T11:06:32.531+0300: 1297.496: Total time for which application threads were stopped: 0.0000974 seconds, Stopping threads took: 0.0000595 seconds
2024-10-02T11:06:32.658+0300: 1297.629: Application time: 0.1323422 seconds
2024-10-02T11:06:32.658+0300: 1297.629: Total time for which application threads were stopped: 0.0002096 seconds, Stopping threads took: 0.0000200 seconds
2024-10-02T11:06:32.674+0300: 1297.635: Application time: 0.0062634 seconds
2024-10-02T11:06:32.674+0300: 1297.635: Total time for which application threads were stopped: 0.0001565 seconds, Stopping threads took: 0.0000174 seconds
2024-10-02T11:06:32.674+0300: 1297.637: Application time: 0.0016651 seconds
2024-10-02T11:06:32.674+0300: 1297.637: Total time for which application threads were stopped: 0.0001132 seconds, Stopping threads took: 0.0000187 seconds
2024-10-02T11:06:32.957+0300: 1297.924: Application time: 0.2865470 seconds
2024-10-02T11:06:32.957+0300: 1297.924: Total time for which application threads were stopped: 0.0001107 seconds, Stopping threads took: 0.0000521 seconds
2024-10-02T11:06:33.192+0300: 1298.164: Application time: 0.2400712 seconds
2024-10-02T11:06:33.192+0300: 1298.164: Total time for which application threads were stopped: 0.0001359 seconds, Stopping threads took: 0.0000342 seconds
2024-10-02T11:06:33.207+0300: 1298.179: Application time: 0.0148888 seconds
2024-10-02T11:06:33.207+0300: 1298.179: Total time for which application threads were stopped: 0.0000953 seconds, Stopping threads took: 0.0000368 seconds
2024-10-02T11:06:33.665+0300: 1298.625: Application time: 0.4461696 seconds
2024-10-02T11:06:33.665+0300: 1298.625: Total time for which application threads were stopped: 0.0000916 seconds, Stopping threads took: 0.0000414 seconds
2024-10-02T11:06:33.665+0300: 1298.626: Application time: 0.0005442 seconds
2024-10-02T11:06:33.665+0300: 1298.626: Total time for which application threads were stopped: 0.0000453 seconds, Stopping threads took: 0.0000224 seconds
2024-10-02T11:06:33.665+0300: 1298.626: Application time: 0.0004212 seconds
2024-10-02T11:06:33.665+0300: 1298.626: Total time for which application threads were stopped: 0.0000415 seconds, Stopping threads took: 0.0000207 seconds
2024-10-02T11:06:33.665+0300: 1298.627: Application time: 0.0001793 seconds
2024-10-02T11:06:33.665+0300: 1298.627: Total time for which application threads were stopped: 0.0000519 seconds, Stopping threads took: 0.0000216 seconds
2024-10-02T11:06:33.665+0300: 1298.627: Application time: 0.0007888 seconds
2024-10-02T11:06:33.665+0300: 1298.628: Total time for which application threads were stopped: 0.0000448 seconds, Stopping threads took: 0.0000290 seconds
2024-10-02T11:06:33.665+0300: 1298.638: Application time: 0.0100746 seconds
2024-10-02T11:06:33.665+0300: 1298.638: Total time for which application threads were stopped: 0.0000601 seconds, Stopping threads took: 0.0000241 seconds
Heap
 def new generation   total 184320K, used 143257K [0x00000000da800000, 0x00000000e7000000, 0x00000000e7000000)
  eden space 163840K,  87% used [0x00000000da800000, 0x00000000e33e6488, 0x00000000e4800000)
  from space 20480K,   0% used [0x00000000e4800000, 0x00000000e4800000, 0x00000000e5c00000)
  to   space 20480K,   0% used [0x00000000e5c00000, 0x00000000e5c00000, 0x00000000e7000000)
 tenured generation   total 409600K, used 231203K [0x00000000e7000000, 0x0000000100000000, 0x0000000100000000)
   the space 409600K,  56% used [0x00000000e7000000, 0x00000000f51c8ef8, 0x00000000f51c9000, 0x0000000100000000)
 Metaspace       used 15866K, capacity 16054K, committed 16384K, reserved 1064960K
  class space    used 1643K, capacity 1711K, committed 1792K, reserved 1048576K
2024-10-02T11:06:33.775+0300: 1298.736: Application time: 0.0986322 seconds
