OpenJDK 64-Bit Server VM (25.422-b05) for windows-amd64 JRE (1.8.0_422-422-b05), built on Jul 18 2024 05:34:18 by "Administrator" with MS VC++ 16.10 / 16.11 (VS2019)
Memory: 4k page, physical 15965620k(11049384k free), swap 19635636k(12781896k free)
CommandLine flags: -XX:InitialHeapSize=2147483648 -XX:MaxHeapSize=2147483648 -XX:+PrintGC -XX:+PrintGCApplicationConcurrentTime -XX:+PrintGCApplicationStoppedTime -XX:+PrintGCDateStamps -XX:+PrintGCDetails -XX:+PrintGCTimeStamps -XX:+UnlockExperimentalVMOptions -XX:+UseCompressedClassPointers -XX:+UseCompressedOops -XX:-UseLargePagesIndividualAllocation -XX:+UseSerialGC 
2024-10-02T12:32:52.904+0300: 0.119: Application time: 0.0349952 seconds
2024-10-02T12:32:52.904+0300: 0.119: Total time for which application threads were stopped: 0.0000886 seconds, Stopping threads took: 0.0000196 seconds
2024-10-02T12:32:52.936+0300: 0.144: Application time: 0.0247629 seconds
2024-10-02T12:32:52.936+0300: 0.144: Total time for which application threads were stopped: 0.0000892 seconds, Stopping threads took: 0.0000330 seconds
2024-10-02T12:32:53.293+0300: 0.498: Application time: 0.3536670 seconds
2024-10-02T12:32:53.293+0300: 0.498: [Full GC (System.gc()) 2024-10-02T12:32:53.293+0300: 0.498: [Tenured: 0K->3705K(1398144K), 0.0127375 secs] 44738K->3705K(2027264K), [Metaspace: 7098K->7098K(1056768K)], 0.0129308 secs] [Times: user=0.00 sys=0.00, real=0.00 secs] 
2024-10-02T12:32:53.296+0300: 0.511: Total time for which application threads were stopped: 0.0131482 seconds, Stopping threads took: 0.0000385 seconds
2024-10-02T12:32:53.296+0300: 0.511: Application time: 0.0001230 seconds
2024-10-02T12:32:53.296+0300: 0.511: [Full GC (System.gc()) 2024-10-02T12:32:53.296+0300: 0.511: [Tenured: 3705K->3705K(1398144K), 0.0077666 secs] 3705K->3705K(2027264K), [Metaspace: 7098K->7098K(1056768K)], 0.0078314 secs] [Times: user=0.00 sys=0.00, real=0.02 secs] 
2024-10-02T12:32:53.312+0300: 0.519: Total time for which application threads were stopped: 0.0079629 seconds, Stopping threads took: 0.0000492 seconds
2024-10-02T12:32:54.317+0300: 1.521: Application time: 1.0023609 seconds
2024-10-02T12:32:54.317+0300: 1.522: Total time for which application threads were stopped: 0.0002880 seconds, Stopping threads took: 0.0002093 seconds
2024-10-02T12:32:56.925+0300: 4.130: Application time: 2.6082246 seconds
2024-10-02T12:32:56.925+0300: 4.133: Total time for which application threads were stopped: 0.0032396 seconds, Stopping threads took: 0.0031354 seconds
2024-10-02T12:33:03.121+0300: 10.328: Application time: 6.1946129 seconds
2024-10-02T12:33:03.130+0300: 10.335: [GC (Allocation Failure) 2024-10-02T12:33:03.130+0300: 10.335: [DefNew: 529589K->65744K(629120K), 0.0890216 secs] 533295K->266058K(2027264K), 0.0891129 secs] [Times: user=0.00 sys=0.06, real=0.08 secs] 
2024-10-02T12:33:03.209+0300: 10.424: Total time for which application threads were stopped: 0.0959948 seconds, Stopping threads took: 0.0067768 seconds
2024-10-02T12:33:21.880+0300: 29.095: Application time: 18.6711550 seconds
2024-10-02T12:33:21.880+0300: 29.095: Total time for which application threads were stopped: 0.0003455 seconds, Stopping threads took: 0.0003126 seconds
2024-10-02T12:33:21.880+0300: 29.095: Application time: 0.0002303 seconds
2024-10-02T12:33:21.895+0300: 29.103: [GC (Allocation Failure) 2024-10-02T12:33:21.895+0300: 29.103: [DefNew: 624703K->65670K(629120K), 0.0325675 secs] 825017K->298763K(2027264K), 0.0326617 secs] [Times: user=0.02 sys=0.02, real=0.03 secs] 
2024-10-02T12:33:21.926+0300: 29.136: Total time for which application threads were stopped: 0.0403574 seconds, Stopping threads took: 0.0075866 seconds
2024-10-02T12:33:39.039+0300: 46.252: Application time: 17.1166548 seconds
2024-10-02T12:33:39.055+0300: 46.259: [GC (Allocation Failure) 2024-10-02T12:33:39.055+0300: 46.259: [DefNew: 598788K->65709K(629120K), 0.0579341 secs] 831881K->462651K(2027264K), 0.0580165 secs] [Times: user=0.03 sys=0.02, real=0.05 secs] 
2024-10-02T12:33:39.104+0300: 46.317: Total time for which application threads were stopped: 0.0643619 seconds, Stopping threads took: 0.0062450 seconds
2024-10-02T12:34:04.495+0300: 71.699: Application time: 25.3820447 seconds
2024-10-02T12:34:04.495+0300: 71.699: [GC (Allocation Failure) 2024-10-02T12:34:04.495+0300: 71.699: [DefNew: 602326K->172K(629120K), 0.0109666 secs] 999267K->429884K(2027264K), 0.0111420 secs] [Times: user=0.03 sys=0.00, real=0.01 secs] 
2024-10-02T12:34:04.506+0300: 71.710: Total time for which application threads were stopped: 0.0114521 seconds, Stopping threads took: 0.0002067 seconds
2024-10-02T12:34:26.723+0300: 93.932: Application time: 22.2214452 seconds
2024-10-02T12:34:26.723+0300: 93.932: [GC (Allocation Failure) 2024-10-02T12:34:26.723+0300: 93.932: [DefNew: 534182K->65709K(629120K), 0.0072677 secs] 963893K->495421K(2027264K), 0.0073882 secs] [Times: user=0.00 sys=0.00, real=0.00 secs] 
2024-10-02T12:34:26.723+0300: 93.940: Total time for which application threads were stopped: 0.0077385 seconds, Stopping threads took: 0.0001996 seconds
2024-10-02T12:34:48.364+0300: 115.572: Application time: 21.6322591 seconds
2024-10-02T12:34:48.364+0300: 115.572: [GC (Allocation Failure) 2024-10-02T12:34:48.364+0300: 115.572: [DefNew: 599690K->65708K(629120K), 0.0287653 secs] 1029401K->560958K(2027264K), 0.0288446 secs] [Times: user=0.02 sys=0.03, real=0.03 secs] 
2024-10-02T12:34:48.396+0300: 115.601: Total time for which application threads were stopped: 0.0292535 seconds, Stopping threads took: 0.0002740 seconds
2024-10-02T12:35:12.705+0300: 139.909: Application time: 24.3080466 seconds
2024-10-02T12:35:12.705+0300: 139.910: [GC (Allocation Failure) 2024-10-02T12:35:12.705+0300: 139.910: [DefNew: 602991K->65708K(629120K), 0.0079448 secs] 1098241K->560959K(2027264K), 0.0080535 secs] [Times: user=0.00 sys=0.00, real=0.00 secs] 
2024-10-02T12:35:12.705+0300: 139.918: Total time for which application threads were stopped: 0.0084447 seconds, Stopping threads took: 0.0002399 seconds
2024-10-02T12:35:34.338+0300: 161.557: Application time: 21.6394652 seconds
2024-10-02T12:35:34.338+0300: 161.557: [GC (Allocation Failure) 2024-10-02T12:35:34.338+0300: 161.557: [DefNew: 601213K->65708K(629120K), 0.0078665 secs] 1096464K->560960K(2027264K), 0.0079747 secs] [Times: user=0.00 sys=0.00, real=0.02 secs] 
2024-10-02T12:35:34.354+0300: 161.565: Total time for which application threads were stopped: 0.0083296 seconds, Stopping threads took: 0.0002324 seconds
2024-10-02T12:35:57.465+0300: 184.669: Application time: 23.1040405 seconds
2024-10-02T12:35:57.465+0300: 184.670: Total time for which application threads were stopped: 0.0003880 seconds, Stopping threads took: 0.0003135 seconds
2024-10-02T12:35:58.125+0300: 185.334: Application time: 0.6640550 seconds
2024-10-02T12:35:58.125+0300: 185.334: [GC (Allocation Failure) 2024-10-02T12:35:58.125+0300: 185.334: [DefNew: 602187K->32940K(629120K), 0.0044041 secs] 1097439K->528194K(2027264K), 0.0044999 secs] [Times: user=0.00 sys=0.00, real=0.00 secs] 
2024-10-02T12:35:58.125+0300: 185.339: Total time for which application threads were stopped: 0.0048651 seconds, Stopping threads took: 0.0002268 seconds
2024-10-02T12:35:59.128+0300: 186.332: Application time: 0.9935466 seconds
2024-10-02T12:35:59.128+0300: 186.333: Total time for which application threads were stopped: 0.0004445 seconds, Stopping threads took: 0.0003288 seconds
2024-10-02T12:36:16.208+0300: 203.413: Application time: 17.0799215 seconds
2024-10-02T12:36:16.208+0300: 203.413: Total time for which application threads were stopped: 0.0003646 seconds, Stopping threads took: 0.0002871 seconds
2024-10-02T12:36:20.494+0300: 207.713: Application time: 4.2995248 seconds
2024-10-02T12:36:20.494+0300: 207.713: [GC (Allocation Failure) 2024-10-02T12:36:20.494+0300: 207.713: [DefNew: 567989K->65710K(629120K), 0.0086461 secs] 1063243K->560963K(2027264K), 0.0087528 secs] [Times: user=0.02 sys=0.00, real=0.02 secs] 
2024-10-02T12:36:20.510+0300: 207.722: Total time for which application threads were stopped: 0.0091328 seconds, Stopping threads took: 0.0002297 seconds
2024-10-02T12:36:41.891+0300: 229.107: Application time: 21.3856524 seconds
2024-10-02T12:36:41.891+0300: 229.108: [GC (Allocation Failure) 2024-10-02T12:36:41.891+0300: 229.108: [DefNew: 600598K->65708K(629120K), 0.0301505 secs] 1095852K->626500K(2027264K), 0.0302601 secs] [Times: user=0.01 sys=0.01, real=0.04 secs] 
2024-10-02T12:36:41.926+0300: 229.138: Total time for which application threads were stopped: 0.0306927 seconds, Stopping threads took: 0.0002659 seconds
2024-10-02T12:37:06.331+0300: 253.542: Application time: 24.4042706 seconds
2024-10-02T12:37:06.331+0300: 253.543: [GC (Allocation Failure) 2024-10-02T12:37:06.331+0300: 253.543: [DefNew: 600972K->65708K(629120K), 0.0076364 secs] 1161764K->626502K(2027264K), 0.0077470 secs] [Times: user=0.01 sys=0.00, real=0.01 secs] 
2024-10-02T12:37:06.346+0300: 253.550: Total time for which application threads were stopped: 0.0080996 seconds, Stopping threads took: 0.0002099 seconds
2024-10-02T12:37:12.373+0300: 259.577: Application time: 6.0268958 seconds
2024-10-02T12:37:12.373+0300: 259.578: Total time for which application threads were stopped: 0.0003325 seconds, Stopping threads took: 0.0002388 seconds
2024-10-02T12:37:15.387+0300: 262.591: Application time: 3.0136467 seconds
2024-10-02T12:37:15.403+0300: 262.607: Total time for which application threads were stopped: 0.0160418 seconds, Stopping threads took: 0.0159819 seconds
2024-10-02T12:37:16.408+0300: 263.612: Application time: 1.0043863 seconds
2024-10-02T12:37:16.408+0300: 263.612: Total time for which application threads were stopped: 0.0004674 seconds, Stopping threads took: 0.0003685 seconds
2024-10-02T12:37:24.445+0300: 271.649: Application time: 8.0370668 seconds
2024-10-02T12:37:24.445+0300: 271.650: Total time for which application threads were stopped: 0.0003205 seconds, Stopping threads took: 0.0002296 seconds
2024-10-02T12:37:27.335+0300: 274.545: Application time: 2.8949348 seconds
2024-10-02T12:37:27.335+0300: 274.545: Total time for which application threads were stopped: 0.0002775 seconds, Stopping threads took: 0.0002155 seconds
2024-10-02T12:37:27.948+0300: 275.158: Application time: 0.6130310 seconds
2024-10-02T12:37:27.948+0300: 275.158: [GC (Allocation Failure) 2024-10-02T12:37:27.948+0300: 275.158: [DefNew: 602451K->65681K(629120K), 0.0065841 secs] 1163244K->626476K(2027264K), 0.0066647 secs] [Times: user=0.00 sys=0.00, real=0.00 secs] 
2024-10-02T12:37:27.948+0300: 275.165: Total time for which application threads were stopped: 0.0069578 seconds, Stopping threads took: 0.0002064 seconds
2024-10-02T12:37:30.616+0300: 277.824: Application time: 2.6589722 seconds
2024-10-02T12:37:30.616+0300: 277.824: Total time for which application threads were stopped: 0.0001599 seconds, Stopping threads took: 0.0000998 seconds
2024-10-02T12:37:31.385+0300: 278.590: Application time: 0.7665083 seconds
2024-10-02T12:37:31.385+0300: 278.591: Total time for which application threads were stopped: 0.0001740 seconds, Stopping threads took: 0.0001313 seconds
2024-10-02T12:37:32.736+0300: 279.940: Application time: 1.3494295 seconds
2024-10-02T12:37:32.752+0300: 279.956: Total time for which application threads were stopped: 0.0159954 seconds, Stopping threads took: 0.0158924 seconds
2024-10-02T12:37:40.856+0300: 288.066: Application time: 8.1095277 seconds
2024-10-02T12:37:40.856+0300: 288.066: [GC (Allocation Failure) 2024-10-02T12:37:40.856+0300: 288.066: [DefNew: 611298K->65720K(629120K), 0.0678619 secs] 1172093K->823126K(2027264K), 0.0679457 secs] [Times: user=0.00 sys=0.06, real=0.06 secs] 
2024-10-02T12:37:40.919+0300: 288.134: Total time for which application threads were stopped: 0.0683676 seconds, Stopping threads took: 0.0003066 seconds
2024-10-02T12:38:05.063+0300: 312.279: Application time: 24.1445415 seconds
2024-10-02T12:38:05.063+0300: 312.279: [GC (Allocation Failure) 2024-10-02T12:38:05.063+0300: 312.279: [DefNew: 599967K->172K(629120K), 0.0111646 secs] 1357373K->790359K(2027264K), 0.0112506 secs] [Times: user=0.00 sys=0.00, real=0.02 secs] 
2024-10-02T12:38:05.079+0300: 312.290: Total time for which application threads were stopped: 0.0116542 seconds, Stopping threads took: 0.0002685 seconds
2024-10-02T12:38:25.095+0300: 332.309: Application time: 20.0183352 seconds
2024-10-02T12:38:25.111+0300: 332.315: [GC (Allocation Failure) 2024-10-02T12:38:25.111+0300: 332.315: [DefNew: 534059K->65709K(629120K), 0.0162764 secs] 1324246K->888664K(2027264K), 0.0163533 secs] [Times: user=0.00 sys=0.02, real=0.01 secs] 
2024-10-02T12:38:25.126+0300: 332.331: Total time for which application threads were stopped: 0.0226567 seconds, Stopping threads took: 0.0062108 seconds
2024-10-02T12:38:27.136+0300: 334.340: Application time: 2.0088257 seconds
2024-10-02T12:38:27.136+0300: 334.340: Total time for which application threads were stopped: 0.0003793 seconds, Stopping threads took: 0.0003086 seconds
2024-10-02T12:38:42.207+0300: 349.412: Application time: 15.0712589 seconds
2024-10-02T12:38:42.207+0300: 349.412: Total time for which application threads were stopped: 0.0004181 seconds, Stopping threads took: 0.0003325 seconds
2024-10-02T12:38:46.241+0300: 353.453: Application time: 4.0404169 seconds
2024-10-02T12:38:46.241+0300: 353.453: [GC (Allocation Failure) 2024-10-02T12:38:46.241+0300: 353.453: [DefNew: 600260K->65708K(629120K), 0.0165813 secs] 1423215K->921434K(2027264K), 0.0166573 secs] [Times: user=0.00 sys=0.02, real=0.02 secs] 
2024-10-02T12:38:46.257+0300: 353.470: Total time for which application threads were stopped: 0.0170042 seconds, Stopping threads took: 0.0001943 seconds
2024-10-02T12:38:53.302+0300: 360.506: Application time: 7.0364988 seconds
2024-10-02T12:38:53.302+0300: 360.506: Total time for which application threads were stopped: 0.0003679 seconds, Stopping threads took: 0.0002903 seconds
2024-10-02T12:38:58.337+0300: 365.541: Application time: 5.0349429 seconds
2024-10-02T12:38:58.337+0300: 365.542: Total time for which application threads were stopped: 0.0003845 seconds, Stopping threads took: 0.0002950 seconds
2024-10-02T12:39:10.219+0300: 377.438: Application time: 11.8959504 seconds
2024-10-02T12:39:10.219+0300: 377.438: [GC (Allocation Failure) 2024-10-02T12:39:10.219+0300: 377.438: [DefNew: 600812K->65708K(629120K), 0.0070764 secs] 1456537K->921435K(2027264K), 0.0072016 secs] [Times: user=0.02 sys=0.00, real=0.02 secs] 
2024-10-02T12:39:10.235+0300: 377.445: Total time for which application threads were stopped: 0.0075797 seconds, Stopping threads took: 0.0002303 seconds
2024-10-02T12:39:33.376+0300: 400.593: Application time: 23.1481553 seconds
2024-10-02T12:39:33.376+0300: 400.594: [GC (Allocation Failure) 2024-10-02T12:39:33.376+0300: 400.594: [DefNew: 600872K->172K(629120K), 0.0010870 secs] 1456598K->855900K(2027264K), 0.0011640 secs] [Times: user=0.00 sys=0.00, real=0.00 secs] 
2024-10-02T12:39:33.376+0300: 400.595: Total time for which application threads were stopped: 0.0015514 seconds, Stopping threads took: 0.0002589 seconds
2024-10-02T12:39:53.000+0300: 420.212: Application time: 19.6172956 seconds
2024-10-02T12:39:53.000+0300: 420.213: [GC (Allocation Failure) 2024-10-02T12:39:53.000+0300: 420.213: [DefNew: 535134K->65709K(629120K), 0.0295788 secs] 1390862K->986973K(2027264K), 0.0296534 secs] [Times: user=0.00 sys=0.03, real=0.03 secs] 
2024-10-02T12:39:53.031+0300: 420.242: Total time for which application threads were stopped: 0.0299263 seconds, Stopping threads took: 0.0001599 seconds
2024-10-02T12:40:16.422+0300: 443.642: Application time: 23.3996990 seconds
2024-10-02T12:40:16.438+0300: 443.642: [GC (Allocation Failure) 2024-10-02T12:40:16.438+0300: 443.642: [DefNew: 600303K->65708K(629120K), 0.0186918 secs] 1521567K->1019742K(2027264K), 0.0187896 secs] [Times: user=0.00 sys=0.00, real=0.02 secs] 
2024-10-02T12:40:16.454+0300: 443.661: Total time for which application threads were stopped: 0.0192438 seconds, Stopping threads took: 0.0002961 seconds
2024-10-02T12:40:37.994+0300: 465.202: Application time: 21.5408937 seconds
2024-10-02T12:40:37.994+0300: 465.202: [GC (Allocation Failure) 2024-10-02T12:40:37.994+0300: 465.202: [DefNew: 601501K->65708K(629120K), 0.0072474 secs] 1555535K->1019744K(2027264K), 0.0073294 secs] [Times: user=0.00 sys=0.00, real=0.00 secs] 
2024-10-02T12:40:37.994+0300: 465.210: Total time for which application threads were stopped: 0.0076548 seconds, Stopping threads took: 0.0002168 seconds
2024-10-02T12:41:01.399+0300: 488.603: Application time: 23.3936871 seconds
2024-10-02T12:41:01.399+0300: 488.604: [GC (Allocation Failure) 2024-10-02T12:41:01.399+0300: 488.604: [DefNew: 601075K->32940K(629120K), 0.0046716 secs] 1555111K->986977K(2027264K), 0.0048155 secs] [Times: user=0.00 sys=0.00, real=0.00 secs] 
2024-10-02T12:41:01.399+0300: 488.609: Total time for which application threads were stopped: 0.0051479 seconds, Stopping threads took: 0.0002069 seconds
2024-10-02T12:41:21.652+0300: 508.859: Application time: 20.2500204 seconds
2024-10-02T12:41:21.652+0300: 508.859: [GC (Allocation Failure) 2024-10-02T12:41:21.652+0300: 508.859: [DefNew: 568034K->65709K(629120K), 0.0282330 secs] 1522070K->1085282K(2027264K), 0.0283082 secs] [Times: user=0.00 sys=0.00, real=0.02 secs] 
2024-10-02T12:41:21.668+0300: 508.887: Total time for which application threads were stopped: 0.0285778 seconds, Stopping threads took: 0.0001677 seconds
2024-10-02T12:41:37.742+0300: 524.946: Application time: 16.0587187 seconds
2024-10-02T12:41:37.742+0300: 524.946: Total time for which application threads were stopped: 0.0004193 seconds, Stopping threads took: 0.0003104 seconds
2024-10-02T12:41:38.479+0300: 525.687: Application time: 0.7404504 seconds
2024-10-02T12:41:38.479+0300: 525.687: Total time for which application threads were stopped: 0.0002534 seconds, Stopping threads took: 0.0001708 seconds
2024-10-02T12:41:40.676+0300: 527.893: Application time: 2.2064600 seconds
2024-10-02T12:41:40.676+0300: 527.894: Total time for which application threads were stopped: 0.0001999 seconds, Stopping threads took: 0.0001466 seconds
2024-10-02T12:41:44.006+0300: 531.214: Application time: 3.3200784 seconds
2024-10-02T12:41:44.006+0300: 531.214: Total time for which application threads were stopped: 0.0004568 seconds, Stopping threads took: 0.0004167 seconds
2024-10-02T12:41:44.006+0300: 531.214: Application time: 0.0001586 seconds
2024-10-02T12:41:44.006+0300: 531.216: [GC (Allocation Failure) 2024-10-02T12:41:44.006+0300: 531.216: [DefNew: 607429K->32834K(629120K), 0.0040963 secs] 1627002K->1052409K(2027264K), 0.0041602 secs] [Times: user=0.00 sys=0.00, real=0.00 secs] 
2024-10-02T12:41:44.006+0300: 531.220: Total time for which application threads were stopped: 0.0053308 seconds, Stopping threads took: 0.0011029 seconds
2024-10-02T12:41:52.051+0300: 539.255: Application time: 8.0353594 seconds
2024-10-02T12:41:52.051+0300: 539.256: Total time for which application threads were stopped: 0.0004744 seconds, Stopping threads took: 0.0004092 seconds
2024-10-02T12:41:55.067+0300: 542.271: Application time: 3.0157993 seconds
2024-10-02T12:41:55.067+0300: 542.272: Total time for which application threads were stopped: 0.0004841 seconds, Stopping threads took: 0.0003530 seconds
2024-10-02T12:41:57.629+0300: 544.847: Application time: 2.5751590 seconds
2024-10-02T12:41:57.629+0300: 544.847: [GC (Allocation Failure) 2024-10-02T12:41:57.629+0300: 544.848: [DefNew: 566124K->65715K(629120K), 0.0572703 secs] 1585699K->1249130K(2027264K), 0.0573554 secs] [Times: user=0.00 sys=0.06, real=0.06 secs] 
2024-10-02T12:41:57.692+0300: 544.905: Total time for which application threads were stopped: 0.0577943 seconds, Stopping threads took: 0.0003056 seconds
2024-10-02T12:42:19.184+0300: 566.402: Application time: 21.4972867 seconds
2024-10-02T12:42:19.184+0300: 566.402: [GC (Allocation Failure) 2024-10-02T12:42:19.184+0300: 566.403: [DefNew: 599614K->65708K(629120K), 0.0279999 secs] 1783029K->1314667K(2027264K), 0.0281119 secs] [Times: user=0.00 sys=0.00, real=0.03 secs] 
2024-10-02T12:42:19.216+0300: 566.431: Total time for which application threads were stopped: 0.0284733 seconds, Stopping threads took: 0.0002346 seconds
2024-10-02T12:42:40.739+0300: 587.947: Application time: 21.5167954 seconds
2024-10-02T12:42:40.739+0300: 587.948: [GC (Allocation Failure) 2024-10-02T12:42:40.739+0300: 587.948: [DefNew: 599133K->599133K(629120K), 0.0000208 secs]2024-10-02T12:42:40.739+0300: 587.948: [Tenured: 1248959K->298847K(1398144K), 0.0373965 secs] 1848092K->298847K(2027264K), [Metaspace: 7354K->7354K(1056768K)], 0.0375349 secs] [Times: user=0.03 sys=0.00, real=0.03 secs] 
2024-10-02T12:42:40.770+0300: 587.985: Total time for which application threads were stopped: 0.0379639 seconds, Stopping threads took: 0.0002109 seconds
2024-10-02T12:43:05.652+0300: 612.863: Application time: 24.8773896 seconds
2024-10-02T12:43:05.652+0300: 612.863: [GC (Allocation Failure) 2024-10-02T12:43:05.652+0300: 612.863: [DefNew: 534323K->65709K(629120K), 0.0070505 secs] 833170K->364556K(2027264K), 0.0071299 secs] [Times: user=0.00 sys=0.00, real=0.00 secs] 
2024-10-02T12:43:05.652+0300: 612.870: Total time for which application threads were stopped: 0.0075043 seconds, Stopping threads took: 0.0002702 seconds
2024-10-02T12:43:28.132+0300: 635.337: Application time: 22.4664969 seconds
2024-10-02T12:43:28.133+0300: 635.337: [GC (Allocation Failure) 2024-10-02T12:43:28.133+0300: 635.337: [DefNew: 600610K->65708K(629120K), 0.0111366 secs] 899457K->397325K(2027264K), 0.0112891 secs] [Times: user=0.00 sys=0.00, real=0.01 secs] 
2024-10-02T12:43:28.141+0300: 635.349: Total time for which application threads were stopped: 0.0117594 seconds, Stopping threads took: 0.0002924 seconds
2024-10-02T12:43:46.233+0300: 653.438: Application time: 18.0891469 seconds
2024-10-02T12:43:46.233+0300: 653.438: Total time for which application threads were stopped: 0.0003627 seconds, Stopping threads took: 0.0002913 seconds
2024-10-02T12:43:54.321+0300: 661.537: Application time: 8.0985535 seconds
2024-10-02T12:43:54.321+0300: 661.537: [GC (Allocation Failure) 2024-10-02T12:43:54.321+0300: 661.537: [DefNew: 600502K->65708K(629120K), 0.0238405 secs] 932118K->397326K(2027264K), 0.0239469 secs] [Times: user=0.00 sys=0.00, real=0.03 secs] 
2024-10-02T12:43:54.349+0300: 661.561: Total time for which application threads were stopped: 0.0244123 seconds, Stopping threads took: 0.0003153 seconds
2024-10-02T12:44:16.372+0300: 683.578: Application time: 22.0166987 seconds
2024-10-02T12:44:16.372+0300: 683.578: [GC (Allocation Failure) 2024-10-02T12:44:16.372+0300: 683.578: [DefNew: 600911K->65708K(629120K), 0.0297048 secs] 932529K->430095K(2027264K), 0.0298408 secs] [Times: user=0.00 sys=0.00, real=0.02 secs] 
2024-10-02T12:44:16.390+0300: 683.608: Total time for which application threads were stopped: 0.0303145 seconds, Stopping threads took: 0.0002614 seconds
2024-10-02T12:44:42.244+0300: 709.462: Application time: 25.8543541 seconds
2024-10-02T12:44:42.244+0300: 709.463: [GC (Allocation Failure) 2024-10-02T12:44:42.244+0300: 709.463: [DefNew: 600696K->65708K(629120K), 0.0086421 secs] 965083K->430096K(2027264K), 0.0087681 secs] [Times: user=0.00 sys=0.00, real=0.02 secs] 
2024-10-02T12:44:42.260+0300: 709.472: Total time for which application threads were stopped: 0.0091925 seconds, Stopping threads took: 0.0002519 seconds
2024-10-02T12:45:05.006+0300: 732.216: Application time: 22.7441487 seconds
2024-10-02T12:45:05.006+0300: 732.216: [GC (Allocation Failure) 2024-10-02T12:45:05.006+0300: 732.216: [DefNew: 601214K->65707K(629120K), 0.0112323 secs] 965602K->462865K(2027264K), 0.0113300 secs] [Times: user=0.02 sys=0.00, real=0.02 secs] 
2024-10-02T12:45:05.022+0300: 732.227: Total time for which application threads were stopped: 0.0115932 seconds, Stopping threads took: 0.0001327 seconds
2024-10-02T12:45:29.305+0300: 756.519: Application time: 24.2918679 seconds
2024-10-02T12:45:29.305+0300: 756.520: [GC (Allocation Failure) 2024-10-02T12:45:29.305+0300: 756.520: [DefNew: 600774K->65707K(629120K), 0.0067910 secs] 997931K->462866K(2027264K), 0.0069115 secs] [Times: user=0.00 sys=0.00, real=0.02 secs] 
2024-10-02T12:45:29.321+0300: 756.527: Total time for which application threads were stopped: 0.0073229 seconds, Stopping threads took: 0.0002726 seconds
2024-10-02T12:45:53.517+0300: 780.727: Application time: 24.2004576 seconds
2024-10-02T12:45:53.517+0300: 780.727: [GC (Allocation Failure) 2024-10-02T12:45:53.517+0300: 780.727: [DefNew: 601086K->32911K(629120K), 0.0035247 secs] 998244K->430070K(2027264K), 0.0035908 secs] [Times: user=0.00 sys=0.00, real=0.00 secs] 
2024-10-02T12:45:53.517+0300: 780.731: Total time for which application threads were stopped: 0.0038417 seconds, Stopping threads took: 0.0001508 seconds
2024-10-02T12:45:59.374+0300: 786.591: Application time: 5.8605519 seconds
2024-10-02T12:45:59.374+0300: 786.592: Total time for which application threads were stopped: 0.0003552 seconds, Stopping threads took: 0.0003372 seconds
2024-10-02T12:46:07.228+0300: 794.435: Application time: 7.8430172 seconds
2024-10-02T12:46:07.228+0300: 794.435: [GC (Allocation Failure) 2024-10-02T12:46:07.228+0300: 794.435: [DefNew: 578048K->65713K(629120K), 0.0635925 secs] 975207K->659481K(2027264K), 0.0636744 secs] [Times: user=0.00 sys=0.05, real=0.06 secs] 
2024-10-02T12:46:07.288+0300: 794.499: Total time for which application threads were stopped: 0.0641011 seconds, Stopping threads took: 0.0003161 seconds
2024-10-02T12:46:29.272+0300: 816.480: Application time: 21.9813479 seconds
2024-10-02T12:46:29.272+0300: 816.481: [GC (Allocation Failure) 2024-10-02T12:46:29.272+0300: 816.481: [DefNew: 599628K->65707K(629120K), 0.0184403 secs] 1193395K->757787K(2027264K), 0.0185551 secs] [Times: user=0.00 sys=0.00, real=0.02 secs] 
2024-10-02T12:46:29.288+0300: 816.499: Total time for which application threads were stopped: 0.0190964 seconds, Stopping threads took: 0.0003852 seconds
2024-10-02T12:46:50.935+0300: 838.153: Application time: 21.6533440 seconds
2024-10-02T12:46:50.935+0300: 838.153: [GC (Allocation Failure) 2024-10-02T12:46:50.935+0300: 838.153: [DefNew: 599380K->32939K(629120K), 0.0044180 secs] 1291459K->725020K(2027264K), 0.0045753 secs] [Times: user=0.00 sys=0.00, real=0.02 secs] 
2024-10-02T12:46:50.950+0300: 838.158: Total time for which application threads were stopped: 0.0050863 seconds, Stopping threads took: 0.0003497 seconds
2024-10-02T12:47:13.437+0300: 860.649: Application time: 22.4913687 seconds
2024-10-02T12:47:13.437+0300: 860.650: [GC (Allocation Failure) 2024-10-02T12:47:13.437+0300: 860.650: [DefNew: 567422K->65708K(629120K), 0.0121846 secs] 1259502K->790557K(2027264K), 0.0122601 secs] [Times: user=0.01 sys=0.00, real=0.02 secs] 
2024-10-02T12:47:13.453+0300: 860.662: Total time for which application threads were stopped: 0.0126884 seconds, Stopping threads took: 0.0003021 seconds
2024-10-02T12:47:35.620+0300: 882.829: Application time: 22.1668875 seconds
2024-10-02T12:47:35.620+0300: 882.829: [GC (Allocation Failure) 2024-10-02T12:47:35.620+0300: 882.829: [DefNew: 599993K->65707K(629120K), 0.0081153 secs] 1324842K->790558K(2027264K), 0.0081950 secs] [Times: user=0.02 sys=0.00, real=0.00 secs] 
2024-10-02T12:47:35.620+0300: 882.837: Total time for which application threads were stopped: 0.0084902 seconds, Stopping threads took: 0.0001823 seconds
2024-10-02T12:47:57.130+0300: 904.341: Application time: 21.5036374 seconds
2024-10-02T12:47:57.130+0300: 904.341: [GC (Allocation Failure) 2024-10-02T12:47:57.130+0300: 904.341: [DefNew: 600823K->65707K(629120K), 0.0106947 secs] 1325674K->823327K(2027264K), 0.0107824 secs] [Times: user=0.02 sys=0.00, real=0.02 secs] 
2024-10-02T12:47:57.146+0300: 904.352: Total time for which application threads were stopped: 0.0111990 seconds, Stopping threads took: 0.0002580 seconds
2024-10-02T12:48:19.583+0300: 926.800: Application time: 22.4478644 seconds
2024-10-02T12:48:19.583+0300: 926.800: [GC (Allocation Failure) 2024-10-02T12:48:19.583+0300: 926.800: [DefNew: 600639K->65707K(629120K), 0.0080422 secs] 1358259K->823328K(2027264K), 0.0081239 secs] [Times: user=0.00 sys=0.00, real=0.02 secs] 
2024-10-02T12:48:19.598+0300: 926.809: Total time for which application threads were stopped: 0.0085777 seconds, Stopping threads took: 0.0003459 seconds
2024-10-02T12:48:41.952+0300: 949.164: Application time: 22.3550964 seconds
2024-10-02T12:48:41.952+0300: 949.164: [GC (Allocation Failure) 2024-10-02T12:48:41.952+0300: 949.164: [DefNew: 600999K->65707K(629120K), 0.0108884 secs] 1358620K->856097K(2027264K), 0.0110166 secs] [Times: user=0.00 sys=0.00, real=0.02 secs] 
2024-10-02T12:48:41.968+0300: 949.175: Total time for which application threads were stopped: 0.0113889 seconds, Stopping threads took: 0.0002357 seconds
2024-10-02T12:49:03.795+0300: 971.010: Application time: 21.8346649 seconds
2024-10-02T12:49:03.795+0300: 971.010: [GC (Allocation Failure) 2024-10-02T12:49:03.795+0300: 971.010: [DefNew: 600752K->32939K(629120K), 0.0040698 secs] 1391142K->823331K(2027264K), 0.0041421 secs] [Times: user=0.00 sys=0.00, real=0.00 secs] 
2024-10-02T12:49:03.795+0300: 971.014: Total time for which application threads were stopped: 0.0045441 seconds, Stopping threads took: 0.0002949 seconds
2024-10-02T12:49:24.990+0300: 992.197: Application time: 21.1828308 seconds
2024-10-02T12:49:24.990+0300: 992.197: [GC (Allocation Failure) 2024-10-02T12:49:24.990+0300: 992.197: [DefNew: 568304K->65708K(629120K), 0.0111625 secs] 1358695K->888868K(2027264K), 0.0112260 secs] [Times: user=0.00 sys=0.00, real=0.00 secs] 
2024-10-02T12:49:24.990+0300: 992.209: Total time for which application threads were stopped: 0.0115788 seconds, Stopping threads took: 0.0002473 seconds
2024-10-02T12:49:47.833+0300: 1015.050: Application time: 22.8413117 seconds
2024-10-02T12:49:47.833+0300: 1015.050: [GC (Allocation Failure) 2024-10-02T12:49:47.833+0300: 1015.050: [DefNew: 600561K->65707K(629120K), 0.0071037 secs] 1423720K->888869K(2027264K), 0.0071935 secs] [Times: user=0.00 sys=0.00, real=0.02 secs] 
2024-10-02T12:49:47.849+0300: 1015.057: Total time for which application threads were stopped: 0.0075310 seconds, Stopping threads took: 0.0002108 seconds
2024-10-02T12:50:08.732+0300: 1035.938: Application time: 20.8806428 seconds
2024-10-02T12:50:08.732+0300: 1035.938: [GC (Allocation Failure) 2024-10-02T12:50:08.732+0300: 1035.938: [DefNew: 601187K->65650K(629120K), 0.0100215 secs] 1424349K->921581K(2027264K), 0.0100813 secs] [Times: user=0.00 sys=0.00, real=0.00 secs] 
2024-10-02T12:50:08.732+0300: 1035.948: Total time for which application threads were stopped: 0.0103337 seconds, Stopping threads took: 0.0001625 seconds
2024-10-02T12:50:09.815+0300: 1037.026: Application time: 1.0777834 seconds
2024-10-02T12:50:09.815+0300: 1037.026: Total time for which application threads were stopped: 0.0001930 seconds, Stopping threads took: 0.0001405 seconds
2024-10-02T12:50:11.242+0300: 1038.452: Application time: 1.4251047 seconds
2024-10-02T12:50:11.242+0300: 1038.452: Total time for which application threads were stopped: 0.0001755 seconds, Stopping threads took: 0.0001299 seconds
2024-10-02T12:50:11.446+0300: 1038.657: Application time: 0.2051423 seconds
2024-10-02T12:50:11.446+0300: 1038.657: Total time for which application threads were stopped: 0.0001447 seconds, Stopping threads took: 0.0000782 seconds
2024-10-02T12:50:11.823+0300: 1039.031: Application time: 0.3738093 seconds
2024-10-02T12:50:11.823+0300: 1039.031: Total time for which application threads were stopped: 0.0004868 seconds, Stopping threads took: 0.0004694 seconds
2024-10-02T12:50:21.711+0300: 1048.916: Application time: 9.8849936 seconds
2024-10-02T12:50:21.719+0300: 1048.924: [GC (Allocation Failure) 2024-10-02T12:50:21.719+0300: 1048.924: [DefNew: 610402K->65713K(629120K), 0.0280992 secs] 1466333K->1151021K(2027264K), 0.0282028 secs] [Times: user=0.03 sys=0.00, real=0.03 secs] 
2024-10-02T12:50:21.745+0300: 1048.952: Total time for which application threads were stopped: 0.0355816 seconds, Stopping threads took: 0.0072314 seconds
2024-10-02T12:50:50.382+0300: 1077.597: Application time: 28.6451633 seconds
2024-10-02T12:50:50.382+0300: 1077.597: [GC (Allocation Failure) 2024-10-02T12:50:50.382+0300: 1077.597: [DefNew: 601758K->32939K(629120K), 0.0075577 secs] 1687066K->1151022K(2027264K), 0.0076252 secs] [Times: user=0.02 sys=0.00, real=0.02 secs] 
2024-10-02T12:50:50.398+0300: 1077.605: Total time for which application threads were stopped: 0.0080874 seconds, Stopping threads took: 0.0002607 seconds
2024-10-02T12:50:59.440+0300: 1086.644: Application time: 9.0388686 seconds
2024-10-02T12:50:59.440+0300: 1086.644: Total time for which application threads were stopped: 0.0003663 seconds, Stopping threads took: 0.0002368 seconds
2024-10-02T12:51:13.260+0300: 1100.471: Application time: 13.8267737 seconds
2024-10-02T12:51:13.260+0300: 1100.472: [GC (Allocation Failure) 2024-10-02T12:51:13.260+0300: 1100.472: [DefNew: 568224K->65708K(629120K), 0.0128075 secs] 1686307K->1249327K(2027264K), 0.0128851 secs] [Times: user=0.00 sys=0.00, real=0.01 secs] 
2024-10-02T12:51:13.269+0300: 1100.484: Total time for which application threads were stopped: 0.0132247 seconds, Stopping threads took: 0.0002137 seconds
2024-10-02T12:51:38.083+0300: 1125.300: Application time: 24.8160225 seconds
2024-10-02T12:51:38.083+0300: 1125.301: [GC (Allocation Failure) 2024-10-02T12:51:38.083+0300: 1125.301: [DefNew: 600510K->65707K(629120K), 0.0072471 secs] 1784129K->1249328K(2027264K), 0.0073208 secs] [Times: user=0.00 sys=0.00, real=0.02 secs] 
2024-10-02T12:51:38.099+0300: 1125.308: Total time for which application threads were stopped: 0.0077126 seconds, Stopping threads took: 0.0002848 seconds
2024-10-02T12:52:03.735+0300: 1150.952: Application time: 25.6435511 seconds
2024-10-02T12:52:03.735+0300: 1150.952: [GC (Allocation Failure) 2024-10-02T12:52:03.735+0300: 1150.952: [DefNew: 601394K->32939K(629120K), 0.0043304 secs] 1785015K->1216562K(2027264K), 0.0044144 secs] [Times: user=0.02 sys=0.00, real=0.02 secs] 
2024-10-02T12:52:03.752+0300: 1150.957: Total time for which application threads were stopped: 0.0047833 seconds, Stopping threads took: 0.0002351 seconds
2024-10-02T12:52:25.524+0300: 1172.732: Application time: 21.7754581 seconds
2024-10-02T12:52:25.524+0300: 1172.732: [GC (Allocation Failure) 2024-10-02T12:52:25.524+0300: 1172.732: [DefNew: 567999K->65708K(629120K), 0.0109670 secs] 1751622K->1282099K(2027264K), 0.0110795 secs] [Times: user=0.00 sys=0.00, real=0.02 secs] 
2024-10-02T12:52:25.539+0300: 1172.743: Total time for which application threads were stopped: 0.0114725 seconds, Stopping threads took: 0.0002409 seconds
2024-10-02T12:52:52.851+0300: 1200.060: Application time: 27.3169982 seconds
2024-10-02T12:52:52.851+0300: 1200.061: [GC (Allocation Failure) 2024-10-02T12:52:52.851+0300: 1200.061: [DefNew: 600604K->32939K(629120K), 0.0045354 secs] 1816994K->1249332K(2027264K), 0.0046188 secs] [Times: user=0.00 sys=0.00, real=0.00 secs] 
2024-10-02T12:52:52.851+0300: 1200.065: Total time for which application threads were stopped: 0.0049872 seconds, Stopping threads took: 0.0002194 seconds
2024-10-02T12:53:07.923+0300: 1215.127: Application time: 15.0616949 seconds
2024-10-02T12:53:07.923+0300: 1215.127: Total time for which application threads were stopped: 0.0003343 seconds, Stopping threads took: 0.0002489 seconds
2024-10-02T12:53:15.396+0300: 1222.607: Application time: 7.4799473 seconds
2024-10-02T12:53:15.411+0300: 1222.615: [GC (Allocation Failure) 2024-10-02T12:53:15.411+0300: 1222.615: [DefNew: 568447K->65708K(629120K), 0.0123090 secs] 1784840K->1314869K(2027264K), 0.0123784 secs] [Times: user=0.00 sys=0.00, real=0.00 secs] 
2024-10-02T12:53:15.411+0300: 1222.628: Total time for which application threads were stopped: 0.0203916 seconds, Stopping threads took: 0.0079120 seconds
2024-10-02T12:53:40.370+0300: 1247.581: Application time: 24.9531488 seconds
2024-10-02T12:53:40.370+0300: 1247.581: [GC (Allocation Failure) 2024-10-02T12:53:40.370+0300: 1247.581: [DefNew: 600653K->65707K(629120K), 0.0086512 secs] 1849814K->1314870K(2027264K), 0.0087413 secs] [Times: user=0.02 sys=0.00, real=0.02 secs] 
2024-10-02T12:53:40.386+0300: 1247.590: Total time for which application threads were stopped: 0.0091286 seconds, Stopping threads took: 0.0002387 seconds
2024-10-02T12:54:06.947+0300: 1274.156: Application time: 26.5660362 seconds
2024-10-02T12:54:06.947+0300: 1274.156: [GC (Allocation Failure) 2024-10-02T12:54:06.947+0300: 1274.157: [DefNew: 601486K->32939K(629120K), 0.0045420 secs] 1850649K->1282103K(2027264K), 0.0046600 secs] [Times: user=0.00 sys=0.00, real=0.01 secs] 
2024-10-02T12:54:06.954+0300: 1274.161: Total time for which application threads were stopped: 0.0049621 seconds, Stopping threads took: 0.0001513 seconds
2024-10-02T12:54:20.986+0300: 1288.198: Application time: 14.0372647 seconds
2024-10-02T12:54:20.986+0300: 1288.199: Total time for which application threads were stopped: 0.0002278 seconds, Stopping threads took: 0.0001709 seconds
2024-10-02T12:54:21.422+0300: 1288.634: Application time: 0.4355385 seconds
2024-10-02T12:54:21.422+0300: 1288.634: Total time for which application threads were stopped: 0.0001844 seconds, Stopping threads took: 0.0001274 seconds
2024-10-02T12:54:22.223+0300: 1289.428: Application time: 0.7940048 seconds
2024-10-02T12:54:22.223+0300: 1289.429: Total time for which application threads were stopped: 0.0001885 seconds, Stopping threads took: 0.0001308 seconds
2024-10-02T12:54:22.505+0300: 1289.719: Application time: 0.2905285 seconds
2024-10-02T12:54:22.505+0300: 1289.719: Total time for which application threads were stopped: 0.0001399 seconds, Stopping threads took: 0.0001081 seconds
2024-10-02T12:54:25.663+0300: 1292.867: Application time: 3.1481161 seconds
2024-10-02T12:54:25.663+0300: 1292.868: Total time for which application threads were stopped: 0.0002195 seconds, Stopping threads took: 0.0000409 seconds
2024-10-02T12:54:25.757+0300: 1292.967: Application time: 0.0991285 seconds
2024-10-02T12:54:25.757+0300: 1292.967: Total time for which application threads were stopped: 0.0002765 seconds, Stopping threads took: 0.0000313 seconds
2024-10-02T12:54:25.804+0300: 1293.009: Application time: 0.0422631 seconds
2024-10-02T12:54:25.804+0300: 1293.009: Total time for which application threads were stopped: 0.0001043 seconds, Stopping threads took: 0.0000628 seconds
2024-10-02T12:54:25.914+0300: 1293.120: Application time: 0.1102023 seconds
2024-10-02T12:54:25.914+0300: 1293.120: Total time for which application threads were stopped: 0.0002130 seconds, Stopping threads took: 0.0000210 seconds
2024-10-02T12:54:25.914+0300: 1293.126: Application time: 0.0062873 seconds
2024-10-02T12:54:25.914+0300: 1293.126: Total time for which application threads were stopped: 0.0001830 seconds, Stopping threads took: 0.0000429 seconds
2024-10-02T12:54:25.914+0300: 1293.128: Application time: 0.0017419 seconds
2024-10-02T12:54:25.914+0300: 1293.128: Total time for which application threads were stopped: 0.0001504 seconds, Stopping threads took: 0.0000204 seconds
2024-10-02T12:54:26.197+0300: 1293.417: Application time: 0.2887641 seconds
2024-10-02T12:54:26.213+0300: 1293.417: Total time for which application threads were stopped: 0.0001307 seconds, Stopping threads took: 0.0000839 seconds
2024-10-02T12:54:26.448+0300: 1293.655: Application time: 0.2381649 seconds
2024-10-02T12:54:26.448+0300: 1293.655: Total time for which application threads were stopped: 0.0002062 seconds, Stopping threads took: 0.0000537 seconds
2024-10-02T12:54:26.464+0300: 1293.677: Application time: 0.0220142 seconds
2024-10-02T12:54:26.464+0300: 1293.678: Total time for which application threads were stopped: 0.0000742 seconds, Stopping threads took: 0.0000301 seconds
2024-10-02T12:54:26.905+0300: 1294.109: Application time: 0.4315917 seconds
2024-10-02T12:54:26.905+0300: 1294.109: Total time for which application threads were stopped: 0.0001028 seconds, Stopping threads took: 0.0000522 seconds
2024-10-02T12:54:26.905+0300: 1294.110: Application time: 0.0005259 seconds
2024-10-02T12:54:26.905+0300: 1294.110: Total time for which application threads were stopped: 0.0000498 seconds, Stopping threads took: 0.0000280 seconds
2024-10-02T12:54:26.905+0300: 1294.110: Application time: 0.0003891 seconds
2024-10-02T12:54:26.905+0300: 1294.110: Total time for which application threads were stopped: 0.0000308 seconds, Stopping threads took: 0.0000161 seconds
2024-10-02T12:54:26.905+0300: 1294.110: Application time: 0.0001746 seconds
2024-10-02T12:54:26.905+0300: 1294.110: Total time for which application threads were stopped: 0.0000519 seconds, Stopping threads took: 0.0000268 seconds
2024-10-02T12:54:26.905+0300: 1294.111: Application time: 0.0006766 seconds
2024-10-02T12:54:26.905+0300: 1294.111: Total time for which application threads were stopped: 0.0001009 seconds, Stopping threads took: 0.0000794 seconds
2024-10-02T12:54:26.905+0300: 1294.123: Application time: 0.0116393 seconds
2024-10-02T12:54:26.905+0300: 1294.123: Total time for which application threads were stopped: 0.0000366 seconds, Stopping threads took: 0.0000176 seconds
Heap
 def new generation   total 629120K, used 585977K [0x0000000080000000, 0x00000000aaaa0000, 0x00000000aaaa0000)
  eden space 559232K,  98% used [0x0000000080000000, 0x00000000a1c13648, 0x00000000a2220000)
  from space 69888K,  47% used [0x00000000a6660000, 0x00000000a868aec8, 0x00000000aaaa0000)
  to   space 69888K,   0% used [0x00000000a2220000, 0x00000000a2220000, 0x00000000a6660000)
 tenured generation   total 1398144K, used 1249164K [0x00000000aaaa0000, 0x0000000100000000, 0x0000000100000000)
   the space 1398144K,  89% used [0x00000000aaaa0000, 0x00000000f6e830e0, 0x00000000f6e83200, 0x0000000100000000)
 Metaspace       used 15899K, capacity 16076K, committed 16384K, reserved 1064960K
  class space    used 1646K, capacity 1718K, committed 1792K, reserved 1048576K
2024-10-02T12:54:27.015+0300: 1294.220: Application time: 0.0966309 seconds
