[0.006s][info][gc] Min heap equals to max heap, disabling ShenandoahUncommit
[0.010s][info][gc] Heuristics ergonomically sets -XX:+ExplicitGCInvokesConcurrent
[0.010s][info][gc] Heuristics ergonomically sets -XX:+ShenandoahImplicitGCInvokesConcurrent
[0.010s][info][gc] Using Shenandoah
[0.027s][info][gc,ergo] Pacer for Idle. Initial: 163M, Alloc Tax Rate: 1.0x
[0.027s][info][gc,init] Version: 17.0.12+7-adhoc..jdk17u (release)
[0.027s][info][gc,init] CPUs: 6 total, 6 available
[0.027s][info][gc,init] Memory: 15591M
[0.027s][info][gc,init] Large Page Support: Disabled
[0.027s][info][gc,init] NUMA Support: Disabled
[0.027s][info][gc,init] Compressed Oops: Enabled (Zero based)
[0.027s][info][gc,init] Heap Min Capacity: 8G
[0.027s][info][gc,init] Heap Initial Capacity: 8G
[0.027s][info][gc,init] Heap Max Capacity: 8G
[0.027s][info][gc,init] Pre-touch: Disabled
[0.027s][info][gc,init] Mode: Snapshot-At-The-Beginning (SATB)
[0.027s][info][gc,init] Heuristics: Adaptive
[0.027s][info][gc,init] Heap Region Count: 2048
[0.027s][info][gc,init] Heap Region Size: 4M
[0.027s][info][gc,init] TLAB Size Max: 4M
[0.027s][info][gc,init] Humongous Object Threshold: 4M
[0.027s][info][gc,init] Parallel Workers: 3
[0.027s][info][gc,init] Concurrent Workers: 1
[0.036s][info][gc,metaspace] CDS archive(s) mapped at: [0x000002b4be000000-0x000002b4bebc0000-0x000002b4bebc0000), size 12320768, SharedBaseAddress: 0x000002b4be000000, ArchiveRelocationMode: 1.
[0.036s][info][gc,metaspace] Compressed class space mapped at: 0x000002b4bf000000-0x000002b4ff000000, reserved size: 1073741824
[0.036s][info][gc,metaspace] Narrow klass base: 0x000002b4be000000, Narrow klass shift: 0, Narrow klass range: 0x100000000
[1.244s][info][gc          ] Trigger: Explicit GC request (System.gc())
[1.244s][info][gc,ergo     ] Free: 7728M, Max: 4096K regular, 7728M humongous, Frag: 0% external, 0% internal; Reserve: 412M, Max: 4096K
[1.245s][info][gc,start    ] GC(0) Concurrent reset
[1.245s][info][gc,task     ] GC(0) Using 1 of 3 workers for concurrent reset
[1.245s][info][gc,ergo     ] GC(0) Pacer for Reset. Non-Taxable: 8192M
[1.245s][info][gc          ] GC(0) Concurrent reset 0.312ms
[1.245s][info][gc,start    ] GC(0) Pause Init Mark (unload classes)
[1.245s][info][gc,task     ] GC(0) Using 3 of 3 workers for init marking
[1.246s][info][gc,ref      ] GC(0) Clearing All SoftReferences
[1.246s][info][gc,ergo     ] GC(0) Pacer for Mark. Expected Live: 819M, Free: 7728M, Non-Taxable: 772M, Alloc Tax Rate: 0.1x
[1.246s][info][gc          ] GC(0) Pause Init Mark (unload classes) 0.336ms
[1.246s][info][gc,start    ] GC(0) Concurrent marking roots
[1.246s][info][gc,task     ] GC(0) Using 1 of 3 workers for concurrent marking roots
[1.246s][info][gc          ] GC(0) Concurrent marking roots 0.821ms
[1.247s][info][gc,start    ] GC(0) Concurrent marking (unload classes)
[1.247s][info][gc,task     ] GC(0) Using 1 of 3 workers for concurrent marking
[1.252s][info][gc          ] GC(0) Concurrent marking (unload classes) 5.265ms
[1.252s][info][gc,start    ] GC(0) Pause Final Mark (unload classes)
[1.252s][info][gc,task     ] GC(0) Using 3 of 3 workers for final marking
[1.252s][info][gc,ergo     ] GC(0) Adaptive CSet Selection. Target Free: 1160M, Actual Free: 8140M, Max CSet: 341M, Min Garbage: 0B
[1.252s][info][gc,ergo     ] GC(0) Collectable Garbage: 49508K (100%), Immediate: 0B (0%), CSet: 49508K (100%)
[1.252s][info][gc,ergo     ] GC(0) Pacer for Evacuation. Used CSet: 53248K, Free: 7728M, Non-Taxable: 772M, Alloc Tax Rate: 1.1x
[1.252s][info][gc          ] GC(0) Pause Final Mark (unload classes) 0.446ms
[1.252s][info][gc,start    ] GC(0) Concurrent thread roots
[1.252s][info][gc,task     ] GC(0) Using 1 of 3 workers for Concurrent thread roots
[1.253s][info][gc          ] GC(0) Concurrent thread roots 0.917ms
[1.253s][info][gc,start    ] GC(0) Concurrent weak references
[1.253s][info][gc,task     ] GC(0) Using 1 of 3 workers for concurrent weak references
[1.254s][info][gc,ref      ] GC(0) Encountered references: Soft: 277, Weak: 874, Final: 0, Phantom: 254
[1.254s][info][gc,ref      ] GC(0) Discovered  references: Soft: 232, Weak: 366, Final: 0, Phantom: 237
[1.254s][info][gc,ref      ] GC(0) Enqueued    references: Soft: 156, Weak: 193, Final: 0, Phantom: 213
[1.254s][info][gc          ] GC(0) Concurrent weak references 0.324ms
[1.254s][info][gc,start    ] GC(0) Concurrent weak roots
[1.254s][info][gc,task     ] GC(0) Using 1 of 3 workers for concurrent weak root
[1.254s][info][gc          ] GC(0) Concurrent weak roots 0.742ms
[1.254s][info][gc,start    ] GC(0) Concurrent cleanup
[1.254s][info][gc          ] GC(0) Concurrent cleanup 52M->52M(8192M) 0.026ms
[1.254s][info][gc,ergo     ] GC(0) Free: 7728M, Max: 4096K regular, 7728M humongous, Frag: 0% external, 0% internal; Reserve: 411M, Max: 4096K
[1.254s][info][gc,start    ] GC(0) Concurrent class unloading
[1.255s][info][gc,task     ] GC(0) Using 1 of 3 workers for concurrent class unloading
[1.258s][info][gc          ] GC(0) Concurrent class unloading 3.221ms
[1.258s][info][gc,start    ] GC(0) Concurrent strong roots
[1.258s][info][gc,task     ] GC(0) Using 1 of 3 workers for concurrent strong root
[1.258s][info][gc          ] GC(0) Concurrent strong roots 0.547ms
[1.258s][info][gc,start    ] GC(0) Concurrent evacuation
[1.258s][info][gc,task     ] GC(0) Using 1 of 3 workers for concurrent evacuation
[1.262s][info][gc          ] GC(0) Concurrent evacuation 3.973ms
[1.262s][info][gc,start    ] GC(0) Pause Init Update Refs
[1.263s][info][gc,ergo     ] GC(0) Pacer for Update Refs. Used: 61440K, Free: 7728M, Non-Taxable: 772M, Alloc Tax Rate: 1.1x
[1.263s][info][gc          ] GC(0) Pause Init Update Refs 0.097ms
[1.263s][info][gc,start    ] GC(0) Concurrent update references
[1.263s][info][gc,task     ] GC(0) Using 1 of 3 workers for concurrent reference update
[1.266s][info][gc          ] GC(0) Concurrent update references 3.202ms
[1.266s][info][gc,start    ] GC(0) Concurrent update thread roots
[1.267s][info][gc          ] GC(0) Concurrent update thread roots 1.035ms
[1.267s][info][gc,start    ] GC(0) Pause Final Update Refs
[1.267s][info][gc,task     ] GC(0) Using 3 of 3 workers for final reference update
[1.267s][info][gc          ] GC(0) Pause Final Update Refs 0.202ms
[1.267s][info][gc,start    ] GC(0) Concurrent cleanup
[1.267s][info][gc          ] GC(0) Concurrent cleanup 60M->8M(8192M) 0.037ms
[1.267s][info][gc,ergo     ] Free: 7772M, Max: 4096K regular, 7772M humongous, Frag: 0% external, 0% internal; Reserve: 412M, Max: 4096K
[1.267s][info][gc,stats    ] 
[1.267s][info][gc,stats    ] All times are wall-clock times, except per-root-class counters, that are sum over
[1.267s][info][gc,stats    ] all workers. Dividing the <total> over the root stage time estimates parallelism.
[1.267s][info][gc,stats    ] 
[1.267s][info][gc,stats    ] Concurrent Reset                    425 us
[1.267s][info][gc,stats    ] Pause Init Mark (G)                 706 us
[1.267s][info][gc,stats    ] Pause Init Mark (N)                 354 us
[1.267s][info][gc,stats    ]   Update Region States               89 us
[1.267s][info][gc,stats    ] Concurrent Mark Roots               839 us, parallelism: 0.84x
[1.267s][info][gc,stats    ]   CMR: <total>                      701 us
[1.267s][info][gc,stats    ]   CMR: Thread Roots                 494 us, workers (us): 494, ---, ---, 
[1.267s][info][gc,stats    ]   CMR: VM Strong Roots               51 us, workers (us):  51, ---, ---, 
[1.267s][info][gc,stats    ]   CMR: CLDG Roots                   157 us, workers (us): 157, ---, ---, 
[1.267s][info][gc,stats    ] Concurrent Marking                 5317 us
[1.267s][info][gc,stats    ] Pause Final Mark (G)                567 us
[1.267s][info][gc,stats    ] Pause Final Mark (N)                468 us
[1.267s][info][gc,stats    ]   Finish Mark                       123 us
[1.267s][info][gc,stats    ]   Update Region States               73 us
[1.268s][info][gc,stats    ]   Choose Collection Set              97 us
[1.268s][info][gc,stats    ]   Rebuild Free Set                   22 us
[1.268s][info][gc,stats    ] Concurrent Thread Roots             950 us, parallelism: 0.86x
[1.268s][info][gc,stats    ]   CTR: <total>                      816 us
[1.268s][info][gc,stats    ]   CTR: Thread Roots                 816 us, workers (us): 816, ---, ---, 
[1.268s][info][gc,stats    ] Concurrent Weak References          331 us, parallelism: 0.49x
[1.268s][info][gc,stats    ]   CWRF: <total>                     161 us
[1.268s][info][gc,stats    ]   CWRF: Weak References             161 us, workers (us): 161, ---, ---, 
[1.268s][info][gc,stats    ] Concurrent Weak Roots               767 us
[1.268s][info][gc,stats    ]   Roots                             670 us, parallelism: 0.89x
[1.268s][info][gc,stats    ]     CWR: <total>                    597 us
[1.268s][info][gc,stats    ]     CWR: Code Cache Roots           231 us, workers (us): 231, ---, ---, 
[1.268s][info][gc,stats    ]     CWR: VM Weak Roots              360 us, workers (us): 360, ---, ---, 
[1.268s][info][gc,stats    ]     CWR: CLDG Roots                   6 us, workers (us):   6, ---, ---, 
[1.268s][info][gc,stats    ]   Rendezvous                         55 us
[1.268s][info][gc,stats    ] Concurrent Cleanup                   34 us
[1.268s][info][gc,stats    ] Concurrent Class Unloading         3286 us
[1.268s][info][gc,stats    ]   Unlink Stale                     2936 us
[1.268s][info][gc,stats    ]     System Dictionary                61 us
[1.268s][info][gc,stats    ]     Weak Class Links               1365 us
[1.268s][info][gc,stats    ]     Code Roots                     1509 us
[1.268s][info][gc,stats    ]   Rendezvous                        102 us
[1.268s][info][gc,stats    ]   Purge Unlinked                    161 us
[1.268s][info][gc,stats    ]     Code Roots                      136 us
[1.268s][info][gc,stats    ]     CLDG                             23 us
[1.268s][info][gc,stats    ]     Exception Caches                  0 us
[1.268s][info][gc,stats    ] Concurrent Strong Roots             575 us, parallelism: 0.79x
[1.268s][info][gc,stats    ]   CSR: <total>                      456 us
[1.268s][info][gc,stats    ]   CSR: VM Strong Roots               23 us, workers (us):  23, ---, ---, 
[1.268s][info][gc,stats    ]   CSR: CLDG Roots                   433 us, workers (us): 433, ---, ---, 
[1.268s][info][gc,stats    ] Concurrent Evacuation              4022 us
[1.268s][info][gc,stats    ] Pause Init Update Refs (G)          224 us
[1.268s][info][gc,stats    ] Pause Init Update Refs (N)          114 us
[1.268s][info][gc,stats    ]   Manage GCLABs                       4 us
[1.268s][info][gc,stats    ] Concurrent Update Refs             3271 us
[1.268s][info][gc,stats    ] Concurrent Update Thread Roots     1079 us
[1.268s][info][gc,stats    ] Pause Final Update Refs (G)         322 us
[1.268s][info][gc,stats    ] Pause Final Update Refs (N)         230 us
[1.268s][info][gc,stats    ]   Update Region States               82 us
[1.268s][info][gc,stats    ]   Trash Collection Set                4 us
[1.268s][info][gc,stats    ]   Rebuild Free Set                   27 us
[1.268s][info][gc,stats    ] Concurrent Cleanup                   47 us
[1.268s][info][gc,stats    ] 
[1.268s][info][gc,stats    ] Allocation pacing accrued:
[1.268s][info][gc,stats    ]       0 of  1241 ms (  0.0%): <total>
[1.268s][info][gc,stats    ]       0 of  1241 ms (  0.0%): <average total>
[1.268s][info][gc,stats    ] 
[1.268s][info][gc,metaspace] Metaspace: 14385K(14592K)->14385K(14592K) NonClass: 12311K(12416K)->12310K(12416K) Class: 2074K(2176K)->2074K(2176K)
[1.268s][info][gc,ergo     ] Pacer for Idle. Initial: 163M, Alloc Tax Rate: 1.0x
[4.885s][info][gc          ] Trigger: Learning 2 of 5. Free (5724M) is below initial threshold (5734M)
[4.886s][info][gc,ergo     ] Free: 5724M, Max: 4096K regular, 5724M humongous, Frag: 0% external, 0% internal; Reserve: 412M, Max: 4096K
[4.886s][info][gc,start    ] GC(1) Concurrent reset
[4.886s][info][gc,task     ] GC(1) Using 1 of 3 workers for concurrent reset
[4.886s][info][gc,ergo     ] GC(1) Pacer for Reset. Non-Taxable: 8192M
[4.886s][info][gc          ] GC(1) Concurrent reset 0.460ms
[4.886s][info][gc,start    ] GC(1) Pause Init Mark (unload classes)
[4.886s][info][gc,task     ] GC(1) Using 3 of 3 workers for init marking
[4.887s][info][gc,ergo     ] GC(1) Pacer for Mark. Expected Live: 3739K, Free: 5724M, Non-Taxable: 572M, Alloc Tax Rate: 0.0x
[4.887s][info][gc          ] GC(1) Pause Init Mark (unload classes) 0.581ms
[4.917s][info][gc,start    ] GC(1) Concurrent marking roots
[4.917s][info][gc,task     ] GC(1) Using 1 of 3 workers for concurrent marking roots
[4.918s][info][gc          ] GC(1) Concurrent marking roots 0.841ms
[4.918s][info][gc,start    ] GC(1) Concurrent marking (unload classes)
[4.918s][info][gc,task     ] GC(1) Using 1 of 3 workers for concurrent marking
[4.948s][info][gc          ] GC(1) Concurrent marking (unload classes) 30.376ms
[4.948s][info][gc,start    ] GC(1) Pause Final Mark (unload classes)
[4.948s][info][gc,task     ] GC(1) Using 3 of 3 workers for final marking
[4.949s][info][gc,ergo     ] GC(1) Adaptive CSet Selection. Target Free: 1160M, Actual Free: 7700M, Max CSet: 341M, Min Garbage: 0B
[4.949s][info][gc,ergo     ] GC(1) Collectable Garbage: 2050M (99%), Immediate: 1776M (86%), CSet: 274M (13%)
[4.949s][info][gc,ergo     ] GC(1) Pacer for Evacuation. Used CSet: 276M, Free: 7288M, Non-Taxable: 728M, Alloc Tax Rate: 1.1x
[4.949s][info][gc          ] GC(1) Pause Final Mark (unload classes) 0.467ms
[4.949s][info][gc,start    ] GC(1) Concurrent thread roots
[4.949s][info][gc,task     ] GC(1) Using 1 of 3 workers for Concurrent thread roots
[4.949s][info][gc          ] GC(1) Concurrent thread roots 0.679ms
[4.949s][info][gc,start    ] GC(1) Concurrent weak references
[4.949s][info][gc,task     ] GC(1) Using 1 of 3 workers for concurrent weak references
[4.949s][info][gc,ref      ] GC(1) Encountered references: Soft: 178, Weak: 968, Final: 0, Phantom: 78
[4.950s][info][gc,ref      ] GC(1) Discovered  references: Soft: 0, Weak: 294, Final: 0, Phantom: 61
[4.950s][info][gc,ref      ] GC(1) Enqueued    references: Soft: 0, Weak: 94, Final: 0, Phantom: 37
[4.950s][info][gc          ] GC(1) Concurrent weak references 0.113ms
[4.950s][info][gc,start    ] GC(1) Concurrent weak roots
[4.950s][info][gc,task     ] GC(1) Using 1 of 3 workers for concurrent weak root
[4.963s][info][gc          ] GC(1) Concurrent weak roots 13.494ms
[4.963s][info][gc,start    ] GC(1) Concurrent cleanup
[4.963s][info][gc          ] GC(1) Concurrent cleanup 2315M->539M(8192M) 0.058ms
[4.963s][info][gc,ergo     ] GC(1) Free: 7240M, Max: 4096K regular, 5464M humongous, Frag: 25% external, 0% internal; Reserve: 411M, Max: 4096K
[4.963s][info][gc,start    ] GC(1) Concurrent class unloading
[4.963s][info][gc,task     ] GC(1) Using 1 of 3 workers for concurrent class unloading
[4.971s][info][gc          ] GC(1) Concurrent class unloading 7.610ms
[4.971s][info][gc,start    ] GC(1) Concurrent strong roots
[4.971s][info][gc,task     ] GC(1) Using 1 of 3 workers for concurrent strong root
[4.971s][info][gc          ] GC(1) Concurrent strong roots 0.204ms
[4.971s][info][gc,start    ] GC(1) Concurrent evacuation
[4.971s][info][gc,task     ] GC(1) Using 1 of 3 workers for concurrent evacuation
[4.975s][info][gc          ] GC(1) Concurrent evacuation 4.045ms
[4.975s][info][gc,start    ] GC(1) Pause Init Update Refs
[4.975s][info][gc,ergo     ] GC(1) Pacer for Update Refs. Used: 581M, Free: 7200M, Non-Taxable: 720M, Alloc Tax Rate: 1.1x
[4.975s][info][gc          ] GC(1) Pause Init Update Refs 0.061ms
[4.980s][info][gc,start    ] GC(1) Concurrent update references
[4.980s][info][gc,task     ] GC(1) Using 1 of 3 workers for concurrent reference update
[5.067s][info][gc          ] GC(1) Concurrent update references 87.723ms
[5.067s][info][gc,start    ] GC(1) Concurrent update thread roots
[5.068s][info][gc          ] GC(1) Concurrent update thread roots 0.834ms
[5.068s][info][gc,start    ] GC(1) Pause Final Update Refs
[5.068s][info][gc,task     ] GC(1) Using 3 of 3 workers for final reference update
[5.069s][info][gc          ] GC(1) Pause Final Update Refs 0.309ms
[5.071s][info][gc,start    ] GC(1) Concurrent cleanup
[5.071s][info][gc          ] GC(1) Concurrent cleanup 893M->625M(8192M) 0.057ms
[5.071s][info][gc,ergo     ] Free: 7154M, Max: 4096K regular, 5464M humongous, Frag: 24% external, 0% internal; Reserve: 412M, Max: 4096K
[5.071s][info][gc,stats    ] 
[5.071s][info][gc,stats    ] All times are wall-clock times, except per-root-class counters, that are sum over
[5.071s][info][gc,stats    ] all workers. Dividing the <total> over the root stage time estimates parallelism.
[5.071s][info][gc,stats    ] 
[5.071s][info][gc,stats    ] Concurrent Reset                    484 us
[5.071s][info][gc,stats    ] Pause Init Mark (G)               30621 us
[5.071s][info][gc,stats    ] Pause Init Mark (N)                 593 us
[5.071s][info][gc,stats    ]   Update Region States              464 us
[5.071s][info][gc,stats    ] Concurrent Mark Roots               873 us, parallelism: 0.80x
[5.071s][info][gc,stats    ]   CMR: <total>                      695 us
[5.071s][info][gc,stats    ]   CMR: Thread Roots                 627 us, workers (us): 627, ---, ---, 
[5.071s][info][gc,stats    ]   CMR: VM Strong Roots                9 us, workers (us):   9, ---, ---, 
[5.071s][info][gc,stats    ]   CMR: CLDG Roots                    58 us, workers (us):  58, ---, ---, 
[5.071s][info][gc,stats    ] Concurrent Marking                30479 us
[5.071s][info][gc,stats    ] Pause Final Mark (G)                645 us
[5.071s][info][gc,stats    ] Pause Final Mark (N)                479 us
[5.071s][info][gc,stats    ]   Finish Mark                       111 us
[5.071s][info][gc,stats    ]   Update Region States               82 us
[5.071s][info][gc,stats    ]   Choose Collection Set             194 us
[5.071s][info][gc,stats    ]   Rebuild Free Set                   15 us
[5.071s][info][gc,stats    ] Concurrent Thread Roots             699 us, parallelism: 0.91x
[5.071s][info][gc,stats    ]   CTR: <total>                      634 us
[5.071s][info][gc,stats    ]   CTR: Thread Roots                 634 us, workers (us): 634, ---, ---, 
[5.071s][info][gc,stats    ] Concurrent Weak References          121 us, parallelism: 0.37x
[5.071s][info][gc,stats    ]   CWRF: <total>                      45 us
[5.071s][info][gc,stats    ]   CWRF: Weak References              45 us, workers (us):  45, ---, ---, 
[5.071s][info][gc,stats    ] Concurrent Weak Roots             13573 us
[5.071s][info][gc,stats    ]   Roots                             997 us, parallelism: 0.96x
[5.071s][info][gc,stats    ]     CWR: <total>                    956 us
[5.071s][info][gc,stats    ]     CWR: Code Cache Roots           748 us, workers (us): 748, ---, ---, 
[5.071s][info][gc,stats    ]     CWR: VM Weak Roots              200 us, workers (us): 200, ---, ---, 
[5.071s][info][gc,stats    ]     CWR: CLDG Roots                   9 us, workers (us):   9, ---, ---, 
[5.071s][info][gc,stats    ]   Rendezvous                      12476 us
[5.071s][info][gc,stats    ] Concurrent Cleanup                   68 us
[5.071s][info][gc,stats    ] Concurrent Class Unloading         7670 us
[5.071s][info][gc,stats    ]   Unlink Stale                     5936 us
[5.071s][info][gc,stats    ]     System Dictionary               121 us
[5.071s][info][gc,stats    ]     Weak Class Links               2317 us
[5.071s][info][gc,stats    ]     Code Roots                     3496 us
[5.071s][info][gc,stats    ]   Rendezvous                       1384 us
[5.071s][info][gc,stats    ]   Purge Unlinked                    270 us
[5.071s][info][gc,stats    ]     Code Roots                      233 us
[5.071s][info][gc,stats    ]     CLDG                             37 us
[5.071s][info][gc,stats    ]     Exception Caches                  0 us
[5.071s][info][gc,stats    ] Concurrent Strong Roots             225 us, parallelism: 0.65x
[5.071s][info][gc,stats    ]   CSR: <total>                      145 us
[5.071s][info][gc,stats    ]   CSR: VM Strong Roots                5 us, workers (us):   5, ---, ---, 
[5.071s][info][gc,stats    ]   CSR: CLDG Roots                   140 us, workers (us): 140, ---, ---, 
[5.071s][info][gc,stats    ] Concurrent Evacuation              4112 us
[5.071s][info][gc,stats    ] Pause Init Update Refs (G)         4482 us
[5.071s][info][gc,stats    ] Pause Init Update Refs (N)           70 us
[5.071s][info][gc,stats    ]   Manage GCLABs                       3 us
[5.071s][info][gc,stats    ] Concurrent Update Refs            87804 us
[5.071s][info][gc,stats    ] Concurrent Update Thread Roots      852 us
[5.071s][info][gc,stats    ] Pause Final Update Refs (G)        2400 us
[5.071s][info][gc,stats    ] Pause Final Update Refs (N)         347 us
[5.071s][info][gc,stats    ]   Update Region States               62 us
[5.071s][info][gc,stats    ]   Trash Collection Set                9 us
[5.071s][info][gc,stats    ]   Rebuild Free Set                   28 us
[5.071s][info][gc,stats    ] Concurrent Cleanup                   68 us
[5.071s][info][gc,stats    ] 
[5.071s][info][gc,stats    ] Allocation pacing accrued:
[5.071s][info][gc,stats    ]       0 of  3803 ms (  0.0%): <total>
[5.071s][info][gc,stats    ]       0 of  3803 ms (  0.0%): <average total>
[5.071s][info][gc,stats    ] 
[5.071s][info][gc,metaspace] Metaspace: 16017K(16256K)->16008K(16256K) NonClass: 13727K(13888K)->13720K(13888K) Class: 2290K(2368K)->2287K(2368K)
[5.071s][info][gc,ergo     ] Pacer for Idle. Initial: 163M, Alloc Tax Rate: 1.0x
[8.457s][info][gc          ] Trigger: Learning 3 of 5. Free (5726M) is below initial threshold (5734M)
[8.457s][info][gc,ergo     ] Free: 5726M, Max: 4096K regular, 5464M humongous, Frag: 5% external, 0% internal; Reserve: 412M, Max: 4096K
[8.457s][info][gc,start    ] GC(2) Concurrent reset
[8.457s][info][gc,task     ] GC(2) Using 1 of 3 workers for concurrent reset
[8.457s][info][gc,ergo     ] GC(2) Pacer for Reset. Non-Taxable: 8192M
[8.458s][info][gc          ] GC(2) Concurrent reset 1.358ms
[8.459s][info][gc,start    ] GC(2) Pause Init Mark (unload classes)
[8.459s][info][gc,task     ] GC(2) Using 3 of 3 workers for init marking
[8.459s][info][gc,ergo     ] GC(2) Pacer for Mark. Expected Live: 4262K, Free: 5726M, Non-Taxable: 572M, Alloc Tax Rate: 0.0x
[8.459s][info][gc          ] GC(2) Pause Init Mark (unload classes) 0.172ms
[8.459s][info][gc,start    ] GC(2) Concurrent marking roots
[8.459s][info][gc,task     ] GC(2) Using 1 of 3 workers for concurrent marking roots
[8.460s][info][gc          ] GC(2) Concurrent marking roots 0.915ms
[8.460s][info][gc,start    ] GC(2) Concurrent marking (unload classes)
[8.460s][info][gc,task     ] GC(2) Using 1 of 3 workers for concurrent marking
[8.788s][info][gc          ] GC(2) Concurrent marking (unload classes) 328.610ms
[8.788s][info][gc,start    ] GC(2) Pause Final Mark (unload classes)
[8.789s][info][gc,task     ] GC(2) Using 3 of 3 workers for final marking
[8.789s][info][gc,ergo     ] GC(2) Adaptive CSet Selection. Target Free: 1160M, Actual Free: 7288M, Max CSet: 341M, Min Garbage: 0B
[8.789s][info][gc,ergo     ] GC(2) Collectable Garbage: 1893M (99%), Immediate: 1592M (84%), CSet: 301M (15%)
[8.789s][info][gc,ergo     ] GC(2) Pacer for Evacuation. Used CSet: 458M, Free: 6876M, Non-Taxable: 687M, Alloc Tax Rate: 1.1x
[8.789s][info][gc          ] GC(2) Pause Final Mark (unload classes) 0.442ms
[8.789s][info][gc,start    ] GC(2) Concurrent thread roots
[8.789s][info][gc,task     ] GC(2) Using 1 of 3 workers for Concurrent thread roots
[8.790s][info][gc          ] GC(2) Concurrent thread roots 0.675ms
[8.790s][info][gc,start    ] GC(2) Concurrent weak references
[8.790s][info][gc,task     ] GC(2) Using 1 of 3 workers for concurrent weak references
[8.790s][info][gc,ref      ] GC(2) Encountered references: Soft: 191, Weak: 1002, Final: 0, Phantom: 75
[8.790s][info][gc,ref      ] GC(2) Discovered  references: Soft: 0, Weak: 257, Final: 0, Phantom: 58
[8.790s][info][gc,ref      ] GC(2) Enqueued    references: Soft: 0, Weak: 50, Final: 0, Phantom: 34
[8.790s][info][gc          ] GC(2) Concurrent weak references 0.159ms
[8.790s][info][gc,start    ] GC(2) Concurrent weak roots
[8.790s][info][gc,task     ] GC(2) Using 1 of 3 workers for concurrent weak root
[8.791s][info][gc          ] GC(2) Concurrent weak roots 0.838ms
[8.791s][info][gc,start    ] GC(2) Concurrent cleanup
[8.791s][info][gc          ] GC(2) Concurrent cleanup 2498M->906M(8192M) 0.047ms
[8.791s][info][gc,ergo     ] GC(2) Free: 6872M, Max: 4096K regular, 5280M humongous, Frag: 24% external, 0% internal; Reserve: 411M, Max: 4096K
[8.791s][info][gc,start    ] GC(2) Concurrent class unloading
[8.791s][info][gc,task     ] GC(2) Using 1 of 3 workers for concurrent class unloading
[8.796s][info][gc          ] GC(2) Concurrent class unloading 4.717ms
[8.796s][info][gc,start    ] GC(2) Concurrent strong roots
[8.796s][info][gc,task     ] GC(2) Using 1 of 3 workers for concurrent strong root
[8.796s][info][gc          ] GC(2) Concurrent strong roots 0.161ms
[8.796s][info][gc,start    ] GC(2) Concurrent evacuation
[8.796s][info][gc,task     ] GC(2) Using 1 of 3 workers for concurrent evacuation
[8.977s][info][gc          ] GC(2) Concurrent evacuation 180.848ms
[8.977s][info][gc,start    ] GC(2) Pause Init Update Refs
[8.977s][info][gc,ergo     ] GC(2) Pacer for Update Refs. Used: 1256M, Free: 6685M, Non-Taxable: 668M, Alloc Tax Rate: 1.1x
[8.977s][info][gc          ] GC(2) Pause Init Update Refs 0.038ms
[8.977s][info][gc,start    ] GC(2) Concurrent update references
[8.977s][info][gc,task     ] GC(2) Using 1 of 3 workers for concurrent reference update
[9.461s][info][gc          ] GC(2) Concurrent update references 484.483ms
[9.461s][info][gc,start    ] GC(2) Concurrent update thread roots
[9.462s][info][gc          ] GC(2) Concurrent update thread roots 0.785ms
[9.462s][info][gc,start    ] GC(2) Pause Final Update Refs
[9.462s][info][gc,task     ] GC(2) Using 3 of 3 workers for final reference update
[9.463s][info][gc          ] GC(2) Pause Final Update Refs 0.203ms
[9.463s][info][gc,start    ] GC(2) Concurrent cleanup
[9.463s][info][gc          ] GC(2) Concurrent cleanup 1340M->882M(8192M) 0.034ms
[9.463s][info][gc,ergo     ] Free: 6897M, Max: 4096K regular, 5120M humongous, Frag: 26% external, 0% internal; Reserve: 412M, Max: 4096K
[9.463s][info][gc,stats    ] 
[9.463s][info][gc,stats    ] All times are wall-clock times, except per-root-class counters, that are sum over
[9.463s][info][gc,stats    ] all workers. Dividing the <total> over the root stage time estimates parallelism.
[9.463s][info][gc,stats    ] 
[9.463s][info][gc,stats    ] Concurrent Reset                   1396 us
[9.463s][info][gc,stats    ] Pause Init Mark (G)                 416 us
[9.463s][info][gc,stats    ] Pause Init Mark (N)                 181 us
[9.463s][info][gc,stats    ]   Update Region States               85 us
[9.463s][info][gc,stats    ] Concurrent Mark Roots               952 us, parallelism: 0.79x
[9.463s][info][gc,stats    ]   CMR: <total>                      753 us
[9.463s][info][gc,stats    ]   CMR: Thread Roots                 681 us, workers (us): 681, ---, ---, 
[9.463s][info][gc,stats    ]   CMR: VM Strong Roots                8 us, workers (us):   8, ---, ---, 
[9.463s][info][gc,stats    ]   CMR: CLDG Roots                    65 us, workers (us):  65, ---, ---, 
[9.463s][info][gc,stats    ] Concurrent Marking               328676 us
[9.463s][info][gc,stats    ] Pause Final Mark (G)                617 us
[9.463s][info][gc,stats    ] Pause Final Mark (N)                464 us
[9.463s][info][gc,stats    ]   Finish Mark                       125 us
[9.463s][info][gc,stats    ]   Update Region States               61 us
[9.463s][info][gc,stats    ]   Choose Collection Set             133 us
[9.463s][info][gc,stats    ]   Rebuild Free Set                   21 us
[9.463s][info][gc,stats    ] Concurrent Thread Roots             693 us, parallelism: 0.88x
[9.463s][info][gc,stats    ]   CTR: <total>                      610 us
[9.463s][info][gc,stats    ]   CTR: Thread Roots                 610 us, workers (us): 610, ---, ---, 
[9.463s][info][gc,stats    ] Concurrent Weak References          169 us, parallelism: 0.20x
[9.463s][info][gc,stats    ]   CWRF: <total>                      33 us
[9.463s][info][gc,stats    ]   CWRF: Weak References              33 us, workers (us):  33, ---, ---, 
[9.463s][info][gc,stats    ] Concurrent Weak Roots               878 us
[9.463s][info][gc,stats    ]   Roots                             753 us, parallelism: 0.93x
[9.463s][info][gc,stats    ]     CWR: <total>                    701 us
[9.463s][info][gc,stats    ]     CWR: Code Cache Roots           562 us, workers (us): 562, ---, ---, 
[9.463s][info][gc,stats    ]     CWR: VM Weak Roots              129 us, workers (us): 129, ---, ---, 
[9.463s][info][gc,stats    ]     CWR: CLDG Roots                  10 us, workers (us):  10, ---, ---, 
[9.463s][info][gc,stats    ]   Rendezvous                         68 us
[9.463s][info][gc,stats    ] Concurrent Cleanup                   56 us
[9.463s][info][gc,stats    ] Concurrent Class Unloading         4783 us
[9.463s][info][gc,stats    ]   Unlink Stale                     4337 us
[9.463s][info][gc,stats    ]     System Dictionary               137 us
[9.463s][info][gc,stats    ]     Weak Class Links               1842 us
[9.463s][info][gc,stats    ]     Code Roots                     2356 us
[9.463s][info][gc,stats    ]   Rendezvous                        113 us
[9.463s][info][gc,stats    ]   Purge Unlinked                    247 us
[9.463s][info][gc,stats    ]     Code Roots                      170 us
[9.463s][info][gc,stats    ]     CLDG                             76 us
[9.463s][info][gc,stats    ]     Exception Caches                  0 us
[9.463s][info][gc,stats    ] Concurrent Strong Roots             183 us, parallelism: 0.37x
[9.463s][info][gc,stats    ]   CSR: <total>                       68 us
[9.463s][info][gc,stats    ]   CSR: VM Strong Roots                4 us, workers (us):   4, ---, ---, 
[9.463s][info][gc,stats    ]   CSR: CLDG Roots                    64 us, workers (us):  64, ---, ---, 
[9.463s][info][gc,stats    ] Concurrent Evacuation            180911 us
[9.463s][info][gc,stats    ] Pause Init Update Refs (G)          162 us
[9.463s][info][gc,stats    ] Pause Init Update Refs (N)           46 us
[9.463s][info][gc,stats    ]   Manage GCLABs                       4 us
[9.463s][info][gc,stats    ] Concurrent Update Refs           484558 us
[9.463s][info][gc,stats    ] Concurrent Update Thread Roots      807 us
[9.463s][info][gc,stats    ] Pause Final Update Refs (G)         390 us
[9.463s][info][gc,stats    ] Pause Final Update Refs (N)         242 us
[9.463s][info][gc,stats    ]   Update Region States               89 us
[9.463s][info][gc,stats    ]   Trash Collection Set                7 us
[9.463s][info][gc,stats    ]   Rebuild Free Set                   25 us
[9.463s][info][gc,stats    ] Concurrent Cleanup                   44 us
[9.463s][info][gc,stats    ] 
[9.463s][info][gc,stats    ] Allocation pacing accrued:
[9.463s][info][gc,stats    ]       0 of  4392 ms (  0.0%): <total>
[9.463s][info][gc,stats    ]       0 of  4392 ms (  0.0%): <average total>
[9.463s][info][gc,stats    ] 
[9.463s][info][gc,metaspace] Metaspace: 16303K(16512K)->16297K(16512K) NonClass: 13963K(14080K)->13963K(14080K) Class: 2339K(2432K)->2334K(2432K)
[9.463s][info][gc,ergo     ] Pacer for Idle. Initial: 163M, Alloc Tax Rate: 1.0x
[10.800s][info][gc          ] Trigger: Explicit GC request (System.gc())
[10.800s][info][gc,ergo     ] Free: 6324M, Max: 4096K regular, 5120M humongous, Frag: 20% external, 0% internal; Reserve: 412M, Max: 4096K
[10.800s][info][gc,start    ] GC(3) Concurrent reset
[10.800s][info][gc,task     ] GC(3) Using 1 of 3 workers for concurrent reset
[10.800s][info][gc,ergo     ] GC(3) Pacer for Reset. Non-Taxable: 8192M
[10.802s][info][gc          ] GC(3) Concurrent reset 2.047ms
[10.802s][info][gc,start    ] GC(3) Pause Init Mark (unload classes)
[10.802s][info][gc,task     ] GC(3) Using 3 of 3 workers for init marking
[10.802s][info][gc,ref      ] GC(3) Clearing All SoftReferences
[10.802s][info][gc,ergo     ] GC(3) Pacer for Mark. Expected Live: 57333K, Free: 6324M, Non-Taxable: 632M, Alloc Tax Rate: 0.0x
[10.802s][info][gc          ] GC(3) Pause Init Mark (unload classes) 0.193ms
[10.802s][info][gc,start    ] GC(3) Concurrent marking roots
[10.802s][info][gc,task     ] GC(3) Using 1 of 3 workers for concurrent marking roots
[10.803s][info][gc          ] GC(3) Concurrent marking roots 0.644ms
[10.803s][info][gc,start    ] GC(3) Concurrent marking (unload classes)
[10.803s][info][gc,task     ] GC(3) Using 1 of 3 workers for concurrent marking
[10.807s][info][gc          ] GC(3) Concurrent marking (unload classes) 4.640ms
[10.808s][info][gc,start    ] GC(3) Pause Final Mark (unload classes)
[10.808s][info][gc,task     ] GC(3) Using 3 of 3 workers for final marking
[10.808s][info][gc,ergo     ] GC(3) Collectable Garbage: 1372M (94%), Immediate: 1372M (94%), CSet: 0B (0%)
[10.808s][info][gc          ] GC(3) Pause Final Mark (unload classes) 0.364ms
[10.808s][info][gc,start    ] GC(3) Concurrent weak references
[10.808s][info][gc,task     ] GC(3) Using 1 of 3 workers for concurrent weak references
[10.808s][info][gc,ref      ] GC(3) Encountered references: Soft: 199, Weak: 1013, Final: 0, Phantom: 56
[10.808s][info][gc,ref      ] GC(3) Discovered  references: Soft: 135, Weak: 241, Final: 0, Phantom: 39
[10.808s][info][gc,ref      ] GC(3) Enqueued    references: Soft: 31, Weak: 28, Final: 0, Phantom: 15
[10.808s][info][gc          ] GC(3) Concurrent weak references 0.094ms
[10.808s][info][gc,start    ] GC(3) Concurrent weak roots
[10.808s][info][gc,task     ] GC(3) Using 1 of 3 workers for concurrent weak root
[10.809s][info][gc          ] GC(3) Concurrent weak roots 0.782ms
[10.809s][info][gc,start    ] GC(3) Concurrent cleanup
[10.809s][info][gc          ] GC(3) Concurrent cleanup 1455M->83M(8192M) 0.042ms
[10.809s][info][gc,ergo     ] GC(3) Free: 7696M, Max: 4096K regular, 5260M humongous, Frag: 32% external, 0% internal; Reserve: 412M, Max: 4096K
[10.809s][info][gc,start    ] GC(3) Concurrent class unloading
[10.809s][info][gc,task     ] GC(3) Using 1 of 3 workers for concurrent class unloading
[10.815s][info][gc          ] GC(3) Concurrent class unloading 6.096ms
[10.815s][info][gc,start    ] GC(3) Pause Final Roots
[10.815s][info][gc          ] GC(3) Pause Final Roots 0.051ms
[10.815s][info][gc,ergo     ] Free: 7696M, Max: 4096K regular, 5260M humongous, Frag: 32% external, 0% internal; Reserve: 412M, Max: 4096K
[10.815s][info][gc,stats    ] 
[10.815s][info][gc,stats    ] All times are wall-clock times, except per-root-class counters, that are sum over
[10.815s][info][gc,stats    ] all workers. Dividing the <total> over the root stage time estimates parallelism.
[10.815s][info][gc,stats    ] 
[10.815s][info][gc,stats    ] Concurrent Reset                   2108 us
[10.815s][info][gc,stats    ] Pause Init Mark (G)                 316 us
[10.815s][info][gc,stats    ] Pause Init Mark (N)                 201 us
[10.815s][info][gc,stats    ]   Update Region States               67 us
[10.815s][info][gc,stats    ] Concurrent Mark Roots               682 us, parallelism: 0.73x
[10.816s][info][gc,stats    ]   CMR: <total>                      497 us
[10.816s][info][gc,stats    ]   CMR: Thread Roots                 444 us, workers (us): 444, ---, ---, 
[10.816s][info][gc,stats    ]   CMR: VM Strong Roots                9 us, workers (us):   9, ---, ---, 
[10.816s][info][gc,stats    ]   CMR: CLDG Roots                    44 us, workers (us):  44, ---, ---, 
[10.816s][info][gc,stats    ] Concurrent Marking                 4704 us
[10.816s][info][gc,stats    ] Pause Final Mark (G)                493 us
[10.816s][info][gc,stats    ] Pause Final Mark (N)                387 us
[10.816s][info][gc,stats    ]   Finish Mark                       110 us
[10.816s][info][gc,stats    ]   Update Region States               77 us
[10.816s][info][gc,stats    ]   Choose Collection Set              76 us
[10.816s][info][gc,stats    ]   Rebuild Free Set                   22 us
[10.816s][info][gc,stats    ] Concurrent Weak References          102 us, parallelism: 0.15x
[10.816s][info][gc,stats    ]   CWRF: <total>                      16 us
[10.816s][info][gc,stats    ]   CWRF: Weak References              16 us, workers (us):  16, ---, ---, 
[10.816s][info][gc,stats    ] Concurrent Weak Roots               818 us
[10.816s][info][gc,stats    ]   Roots                             693 us, parallelism: 0.93x
[10.816s][info][gc,stats    ]     CWR: <total>                    648 us
[10.816s][info][gc,stats    ]     CWR: Code Cache Roots           550 us, workers (us): 550, ---, ---, 
[10.816s][info][gc,stats    ]     CWR: VM Weak Roots               90 us, workers (us):  90, ---, ---, 
[10.816s][info][gc,stats    ]     CWR: CLDG Roots                   8 us, workers (us):   8, ---, ---, 
[10.816s][info][gc,stats    ]   Rendezvous                         71 us
[10.816s][info][gc,stats    ] Concurrent Cleanup                   51 us
[10.816s][info][gc,stats    ] Concurrent Class Unloading         6174 us
[10.816s][info][gc,stats    ]   Unlink Stale                     5601 us
[10.816s][info][gc,stats    ]     System Dictionary               117 us
[10.816s][info][gc,stats    ]     Weak Class Links               1851 us
[10.816s][info][gc,stats    ]     Code Roots                     3630 us
[10.816s][info][gc,stats    ]   Rendezvous                        123 us
[10.816s][info][gc,stats    ]   Purge Unlinked                    351 us
[10.816s][info][gc,stats    ]     Code Roots                      268 us
[10.816s][info][gc,stats    ]     CLDG                             82 us
[10.816s][info][gc,stats    ]     Exception Caches                  0 us
[10.816s][info][gc,stats    ] Pause Final Roots (G)               123 us
[10.816s][info][gc,stats    ] Pause Final Roots (N)                60 us
[10.816s][info][gc,stats    ] 
[10.816s][info][gc,stats    ] Allocation pacing accrued:
[10.816s][info][gc,stats    ]       0 of  1353 ms (  0.0%): <total>
[10.816s][info][gc,stats    ]       0 of  1353 ms (  0.0%): <average total>
[10.816s][info][gc,stats    ] 
[10.816s][info][gc,metaspace] Metaspace: 16389K(16640K)->16363K(16640K) NonClass: 14035K(14144K)->14015K(14144K) Class: 2354K(2496K)->2347K(2496K)
[10.816s][info][gc,ergo     ] Pacer for Idle. Initial: 163M, Alloc Tax Rate: 1.0x
[13.004s][info][gc          ] Trigger: Learning 2 of 5. Free (5648M) is below initial threshold (5734M)
[13.004s][info][gc,ergo     ] Free: 5648M, Max: 4096K regular, 5260M humongous, Frag: 7% external, 0% internal; Reserve: 412M, Max: 4096K
[13.004s][info][gc,start    ] GC(4) Concurrent reset
[13.004s][info][gc,task     ] GC(4) Using 1 of 3 workers for concurrent reset
[13.004s][info][gc,ergo     ] GC(4) Pacer for Reset. Non-Taxable: 8192M
[13.005s][info][gc          ] GC(4) Concurrent reset 1.058ms
[13.005s][info][gc,start    ] GC(4) Pause Init Mark (unload classes)
[13.005s][info][gc,task     ] GC(4) Using 3 of 3 workers for init marking
[13.005s][info][gc,ergo     ] GC(4) Pacer for Mark. Expected Live: 44051K, Free: 5644M, Non-Taxable: 564M, Alloc Tax Rate: 0.0x
[13.005s][info][gc          ] GC(4) Pause Init Mark (unload classes) 0.119ms
[13.020s][info][gc,start    ] GC(4) Concurrent marking roots
[13.020s][info][gc,task     ] GC(4) Using 1 of 3 workers for concurrent marking roots
[13.021s][info][gc          ] GC(4) Concurrent marking roots 0.845ms
[13.021s][info][gc,start    ] GC(4) Concurrent marking (unload classes)
[13.021s][info][gc,task     ] GC(4) Using 1 of 3 workers for concurrent marking
[13.035s][info][gc          ] GC(4) Concurrent marking (unload classes) 14.732ms
[13.035s][info][gc,start    ] GC(4) Pause Final Mark (unload classes)
[13.036s][info][gc,task     ] GC(4) Using 3 of 3 workers for final marking
[13.036s][info][gc,ergo     ] GC(4) Adaptive CSet Selection. Target Free: 1160M, Actual Free: 7784M, Max CSet: 341M, Min Garbage: 0B
[13.036s][info][gc,ergo     ] GC(4) Collectable Garbage: 2131M (99%), Immediate: 1880M (88%), CSet: 251M (11%)
[13.036s][info][gc,ergo     ] GC(4) Pacer for Evacuation. Used CSet: 252M, Free: 7372M, Non-Taxable: 737M, Alloc Tax Rate: 1.1x
[13.036s][info][gc          ] GC(4) Pause Final Mark (unload classes) 0.241ms
[13.036s][info][gc,start    ] GC(4) Concurrent thread roots
[13.036s][info][gc,task     ] GC(4) Using 1 of 3 workers for Concurrent thread roots
[13.036s][info][gc          ] GC(4) Concurrent thread roots 0.649ms
[13.036s][info][gc,start    ] GC(4) Concurrent weak references
[13.036s][info][gc,task     ] GC(4) Using 1 of 3 workers for concurrent weak references
[13.037s][info][gc,ref      ] GC(4) Encountered references: Soft: 173, Weak: 993, Final: 0, Phantom: 41
[13.037s][info][gc,ref      ] GC(4) Discovered  references: Soft: 0, Weak: 207, Final: 0, Phantom: 24
[13.037s][info][gc,ref      ] GC(4) Enqueued    references: Soft: 0, Weak: 5, Final: 0, Phantom: 0
[13.037s][info][gc          ] GC(4) Concurrent weak references 0.077ms
[13.037s][info][gc,start    ] GC(4) Concurrent weak roots
[13.037s][info][gc,task     ] GC(4) Using 1 of 3 workers for concurrent weak root
[13.051s][info][gc          ] GC(4) Concurrent weak roots 14.401ms
[13.051s][info][gc,start    ] GC(4) Concurrent cleanup
[13.051s][info][gc          ] GC(4) Concurrent cleanup 2356M->476M(8192M) 0.060ms
[13.051s][info][gc,ergo     ] GC(4) Free: 7300M, Max: 4096K regular, 5260M humongous, Frag: 28% external, 0% internal; Reserve: 411M, Max: 4096K
[13.051s][info][gc,start    ] GC(4) Concurrent class unloading
[13.051s][info][gc,task     ] GC(4) Using 1 of 3 workers for concurrent class unloading
[13.067s][info][gc          ] GC(4) Concurrent class unloading 15.736ms
[13.067s][info][gc,start    ] GC(4) Concurrent strong roots
[13.067s][info][gc,task     ] GC(4) Using 1 of 3 workers for concurrent strong root
[13.067s][info][gc          ] GC(4) Concurrent strong roots 0.135ms
[13.067s][info][gc,start    ] GC(4) Concurrent evacuation
[13.067s][info][gc,task     ] GC(4) Using 1 of 3 workers for concurrent evacuation
[13.069s][info][gc          ] GC(4) Concurrent evacuation 2.364ms
[13.070s][info][gc,start    ] GC(4) Pause Init Update Refs
[13.070s][info][gc,ergo     ] GC(4) Pacer for Update Refs. Used: 533M, Free: 7248M, Non-Taxable: 724M, Alloc Tax Rate: 1.1x
[13.070s][info][gc          ] GC(4) Pause Init Update Refs 0.060ms
[13.073s][info][gc,start    ] GC(4) Concurrent update references
[13.073s][info][gc,task     ] GC(4) Using 1 of 3 workers for concurrent reference update
[13.139s][info][gc          ] GC(4) Concurrent update references 65.435ms
[13.139s][info][gc,start    ] GC(4) Concurrent update thread roots
[13.139s][info][gc          ] GC(4) Concurrent update thread roots 0.662ms
[13.139s][info][gc,start    ] GC(4) Pause Final Update Refs
[13.140s][info][gc,task     ] GC(4) Using 3 of 3 workers for final reference update
[13.140s][info][gc          ] GC(4) Pause Final Update Refs 0.123ms
[13.161s][info][gc,start    ] GC(4) Concurrent cleanup
[13.161s][info][gc          ] GC(4) Concurrent cleanup 793M->597M(8192M) 0.144ms
[13.161s][info][gc,ergo     ] Free: 7182M, Max: 4096K regular, 5448M humongous, Frag: 25% external, 0% internal; Reserve: 412M, Max: 4096K
[13.161s][info][gc,stats    ] 
[13.161s][info][gc,stats    ] All times are wall-clock times, except per-root-class counters, that are sum over
[13.161s][info][gc,stats    ] all workers. Dividing the <total> over the root stage time estimates parallelism.
[13.161s][info][gc,stats    ] 
[13.161s][info][gc,stats    ] Concurrent Reset                   1114 us
[13.161s][info][gc,stats    ] Pause Init Mark (G)               14576 us
[13.161s][info][gc,stats    ] Pause Init Mark (N)                 129 us
[13.161s][info][gc,stats    ]   Update Region States               44 us
[13.161s][info][gc,stats    ] Concurrent Mark Roots               867 us, parallelism: 0.77x
[13.161s][info][gc,stats    ]   CMR: <total>                      666 us
[13.161s][info][gc,stats    ]   CMR: Thread Roots                 601 us, workers (us): 601, ---, ---, 
[13.161s][info][gc,stats    ]   CMR: VM Strong Roots                9 us, workers (us):   9, ---, ---, 
[13.161s][info][gc,stats    ]   CMR: CLDG Roots                    56 us, workers (us):  56, ---, ---, 
[13.161s][info][gc,stats    ] Concurrent Marking                14813 us
[13.161s][info][gc,stats    ] Pause Final Mark (G)                391 us
[13.161s][info][gc,stats    ] Pause Final Mark (N)                250 us
[13.161s][info][gc,stats    ]   Finish Mark                        55 us
[13.161s][info][gc,stats    ]   Update Region States               39 us
[13.161s][info][gc,stats    ]   Choose Collection Set              62 us
[13.161s][info][gc,stats    ]   Rebuild Free Set                    8 us
[13.161s][info][gc,stats    ] Concurrent Thread Roots             667 us, parallelism: 0.89x
[13.161s][info][gc,stats    ]   CTR: <total>                      594 us
[13.161s][info][gc,stats    ]   CTR: Thread Roots                 594 us, workers (us): 594, ---, ---, 
[13.161s][info][gc,stats    ] Concurrent Weak References           85 us, parallelism: 0.25x
[13.161s][info][gc,stats    ]   CWRF: <total>                      22 us
[13.161s][info][gc,stats    ]   CWRF: Weak References              22 us, workers (us):  22, ---, ---, 
[13.161s][info][gc,stats    ] Concurrent Weak Roots             14477 us
[13.161s][info][gc,stats    ]   Roots                             977 us, parallelism: 0.96x
[13.161s][info][gc,stats    ]     CWR: <total>                    940 us
[13.161s][info][gc,stats    ]     CWR: Code Cache Roots           754 us, workers (us): 754, ---, ---, 
[13.161s][info][gc,stats    ]     CWR: VM Weak Roots              176 us, workers (us): 176, ---, ---, 
[13.161s][info][gc,stats    ]     CWR: CLDG Roots                  10 us, workers (us):  10, ---, ---, 
[13.161s][info][gc,stats    ]   Rendezvous                      13401 us
[13.161s][info][gc,stats    ] Concurrent Cleanup                   69 us
[13.161s][info][gc,stats    ] Concurrent Class Unloading        15810 us
[13.161s][info][gc,stats    ]   Unlink Stale                     3134 us
[13.161s][info][gc,stats    ]     System Dictionary                15 us
[13.161s][info][gc,stats    ]     Weak Class Links                  1 us
[13.161s][info][gc,stats    ]     Code Roots                     3117 us
[13.161s][info][gc,stats    ]   Rendezvous                      12293 us
[13.161s][info][gc,stats    ]   Purge Unlinked                    285 us
[13.161s][info][gc,stats    ]     Code Roots                      278 us
[13.161s][info][gc,stats    ]     CLDG                              7 us
[13.161s][info][gc,stats    ]     Exception Caches                  1 us
[13.161s][info][gc,stats    ] Concurrent Strong Roots             148 us, parallelism: 0.49x
[13.161s][info][gc,stats    ]   CSR: <total>                       73 us
[13.161s][info][gc,stats    ]   CSR: VM Strong Roots                5 us, workers (us):   5, ---, ---, 
[13.161s][info][gc,stats    ]   CSR: CLDG Roots                    68 us, workers (us):  68, ---, ---, 
[13.161s][info][gc,stats    ] Concurrent Evacuation              2427 us
[13.161s][info][gc,stats    ] Pause Init Update Refs (G)         3728 us
[13.161s][info][gc,stats    ] Pause Init Update Refs (N)           70 us
[13.161s][info][gc,stats    ]   Manage GCLABs                       4 us
[13.161s][info][gc,stats    ] Concurrent Update Refs            65508 us
[13.161s][info][gc,stats    ] Concurrent Update Thread Roots      681 us
[13.161s][info][gc,stats    ] Pause Final Update Refs (G)       21235 us
[13.161s][info][gc,stats    ] Pause Final Update Refs (N)         133 us
[13.161s][info][gc,stats    ]   Update Region States               44 us
[13.161s][info][gc,stats    ]   Trash Collection Set                4 us
[13.161s][info][gc,stats    ]   Rebuild Free Set                   22 us
[13.161s][info][gc,stats    ] Concurrent Cleanup                  158 us
[13.161s][info][gc,stats    ] 
[13.161s][info][gc,stats    ] Allocation pacing accrued:
[13.161s][info][gc,stats    ]       0 of  2345 ms (  0.0%): <total>
[13.161s][info][gc,stats    ]       0 of  2345 ms (  0.0%): <average total>
[13.161s][info][gc,stats    ] 
[13.161s][info][gc,metaspace] Metaspace: 16368K(16640K)->16368K(16640K) NonClass: 14020K(14144K)->14020K(14144K) Class: 2348K(2496K)->2348K(2496K)
[13.161s][info][gc,ergo     ] Pacer for Idle. Initial: 163M, Alloc Tax Rate: 1.0x
[16.533s][info][gc          ] Trigger: Learning 3 of 5. Free (5714M) is below initial threshold (5734M)
[16.533s][info][gc,ergo     ] Free: 5714M, Max: 4096K regular, 5448M humongous, Frag: 5% external, 0% internal; Reserve: 412M, Max: 4096K
[16.533s][info][gc,start    ] GC(5) Concurrent reset
[16.533s][info][gc,task     ] GC(5) Using 1 of 3 workers for concurrent reset
[16.533s][info][gc,ergo     ] GC(5) Pacer for Reset. Non-Taxable: 8192M
[16.534s][info][gc          ] GC(5) Concurrent reset 1.329ms
[16.535s][info][gc,start    ] GC(5) Pause Init Mark (unload classes)
[16.535s][info][gc,task     ] GC(5) Using 3 of 3 workers for init marking
[16.535s][info][gc,ergo     ] GC(5) Pacer for Mark. Expected Live: 36134K, Free: 5710M, Non-Taxable: 571M, Alloc Tax Rate: 0.0x
[16.535s][info][gc          ] GC(5) Pause Init Mark (unload classes) 0.190ms
[16.535s][info][gc,start    ] GC(5) Concurrent marking roots
[16.535s][info][gc,task     ] GC(5) Using 1 of 3 workers for concurrent marking roots
[16.536s][info][gc          ] GC(5) Concurrent marking roots 1.192ms
[16.536s][info][gc,start    ] GC(5) Concurrent marking (unload classes)
[16.536s][info][gc,task     ] GC(5) Using 1 of 3 workers for concurrent marking
[16.968s][info][gc          ] GC(5) Concurrent marking (unload classes) 431.539ms
[16.968s][info][gc,start    ] GC(5) Pause Final Mark (unload classes)
[16.968s][info][gc,task     ] GC(5) Using 3 of 3 workers for final marking
[16.968s][info][gc,ergo     ] GC(5) Adaptive CSet Selection. Target Free: 1160M, Actual Free: 7164M, Max CSet: 341M, Min Garbage: 0B
[16.968s][info][gc,ergo     ] GC(5) Collectable Garbage: 1860M (99%), Immediate: 1560M (83%), CSet: 300M (16%)
[16.968s][info][gc,ergo     ] GC(5) Pacer for Evacuation. Used CSet: 505M, Free: 6752M, Non-Taxable: 675M, Alloc Tax Rate: 1.1x
[16.968s][info][gc          ] GC(5) Pause Final Mark (unload classes) 0.559ms
[16.968s][info][gc,start    ] GC(5) Concurrent thread roots
[16.968s][info][gc,task     ] GC(5) Using 1 of 3 workers for Concurrent thread roots
[16.969s][info][gc          ] GC(5) Concurrent thread roots 0.606ms
[16.969s][info][gc,start    ] GC(5) Concurrent weak references
[16.969s][info][gc,task     ] GC(5) Using 1 of 3 workers for concurrent weak references
[16.969s][info][gc,ref      ] GC(5) Encountered references: Soft: 173, Weak: 991, Final: 0, Phantom: 41
[16.969s][info][gc,ref      ] GC(5) Discovered  references: Soft: 0, Weak: 211, Final: 0, Phantom: 24
[16.969s][info][gc,ref      ] GC(5) Enqueued    references: Soft: 0, Weak: 6, Final: 0, Phantom: 0
[16.969s][info][gc          ] GC(5) Concurrent weak references 0.066ms
[16.969s][info][gc,start    ] GC(5) Concurrent weak roots
[16.969s][info][gc,task     ] GC(5) Using 1 of 3 workers for concurrent weak root
[16.970s][info][gc          ] GC(5) Concurrent weak roots 1.137ms
[16.970s][info][gc,start    ] GC(5) Concurrent cleanup
[16.970s][info][gc          ] GC(5) Concurrent cleanup 2590M->1030M(8192M) 0.033ms
[16.970s][info][gc,ergo     ] GC(5) Free: 6748M, Max: 4096K regular, 5188M humongous, Frag: 24% external, 0% internal; Reserve: 410M, Max: 4096K
[16.970s][info][gc,start    ] GC(5) Concurrent class unloading
[16.970s][info][gc,task     ] GC(5) Using 1 of 3 workers for concurrent class unloading
[16.973s][info][gc          ] GC(5) Concurrent class unloading 2.945ms
[16.973s][info][gc,start    ] GC(5) Concurrent strong roots
[16.973s][info][gc,task     ] GC(5) Using 1 of 3 workers for concurrent strong root
[16.973s][info][gc          ] GC(5) Concurrent strong roots 0.232ms
[16.973s][info][gc,start    ] GC(5) Concurrent evacuation
[16.973s][info][gc,task     ] GC(5) Using 1 of 3 workers for concurrent evacuation
[17.164s][info][gc          ] GC(5) Concurrent evacuation 190.977ms
[17.165s][info][gc,start    ] GC(5) Pause Init Update Refs
[17.165s][info][gc,ergo     ] GC(5) Pacer for Update Refs. Used: 1292M, Free: 6693M, Non-Taxable: 669M, Alloc Tax Rate: 1.1x
[17.165s][info][gc          ] GC(5) Pause Init Update Refs 0.120ms
[17.165s][info][gc,start    ] GC(5) Concurrent update references
[17.165s][info][gc,task     ] GC(5) Using 1 of 3 workers for concurrent reference update
[17.802s][info][gc          ] GC(5) Concurrent update references 637.018ms
[17.802s][info][gc,start    ] GC(5) Concurrent update thread roots
[17.803s][info][gc          ] GC(5) Concurrent update thread roots 1.126ms
[17.803s][info][gc,start    ] GC(5) Pause Final Update Refs
[17.803s][info][gc,task     ] GC(5) Using 3 of 3 workers for final reference update
[17.803s][info][gc          ] GC(5) Pause Final Update Refs 0.191ms
[17.803s][info][gc,start    ] GC(5) Concurrent cleanup
[17.803s][info][gc          ] GC(5) Concurrent cleanup 1580M->1074M(8192M) 0.042ms
[17.804s][info][gc,ergo     ] Free: 6705M, Max: 4096K regular, 4984M humongous, Frag: 26% external, 0% internal; Reserve: 412M, Max: 4096K
[17.804s][info][gc,stats    ] 
[17.804s][info][gc,stats    ] All times are wall-clock times, except per-root-class counters, that are sum over
[17.804s][info][gc,stats    ] all workers. Dividing the <total> over the root stage time estimates parallelism.
[17.804s][info][gc,stats    ] 
[17.804s][info][gc,stats    ] Concurrent Reset                   1396 us
[17.804s][info][gc,stats    ] Pause Init Mark (G)                 352 us
[17.804s][info][gc,stats    ] Pause Init Mark (N)                 207 us
[17.804s][info][gc,stats    ]   Update Region States               81 us
[17.804s][info][gc,stats    ] Concurrent Mark Roots              1202 us, parallelism: 0.92x
[17.804s][info][gc,stats    ]   CMR: <total>                     1102 us
[17.804s][info][gc,stats    ]   CMR: Thread Roots                1032 us, workers (us): 1032, ---, ---, 
[17.804s][info][gc,stats    ]   CMR: VM Strong Roots                7 us, workers (us):   7, ---, ---, 
[17.804s][info][gc,stats    ]   CMR: CLDG Roots                    64 us, workers (us):  64, ---, ---, 
[17.804s][info][gc,stats    ] Concurrent Marking               431592 us
[17.804s][info][gc,stats    ] Pause Final Mark (G)                720 us
[17.804s][info][gc,stats    ] Pause Final Mark (N)                581 us
[17.804s][info][gc,stats    ]   Finish Mark                       149 us
[17.804s][info][gc,stats    ]   Update Region States              123 us
[17.804s][info][gc,stats    ]   Choose Collection Set             139 us
[17.804s][info][gc,stats    ]   Rebuild Free Set                   20 us
[17.804s][info][gc,stats    ] Concurrent Thread Roots             615 us, parallelism: 0.92x
[17.804s][info][gc,stats    ]   CTR: <total>                      566 us
[17.804s][info][gc,stats    ]   CTR: Thread Roots                 566 us, workers (us): 566, ---, ---, 
[17.804s][info][gc,stats    ] Concurrent Weak References           73 us, parallelism: 0.19x
[17.804s][info][gc,stats    ]   CWRF: <total>                      14 us
[17.804s][info][gc,stats    ]   CWRF: Weak References              14 us, workers (us):  14, ---, ---, 
[17.804s][info][gc,stats    ] Concurrent Weak Roots              1147 us
[17.804s][info][gc,stats    ]   Roots                            1068 us, parallelism: 0.95x
[17.804s][info][gc,stats    ]     CWR: <total>                   1012 us
[17.804s][info][gc,stats    ]     CWR: Code Cache Roots           775 us, workers (us): 775, ---, ---, 
[17.804s][info][gc,stats    ]     CWR: VM Weak Roots              227 us, workers (us): 227, ---, ---, 
[17.804s][info][gc,stats    ]     CWR: CLDG Roots                  10 us, workers (us):  10, ---, ---, 
[17.804s][info][gc,stats    ]   Rendezvous                         55 us
[17.804s][info][gc,stats    ] Concurrent Cleanup                   41 us
[17.804s][info][gc,stats    ] Concurrent Class Unloading         2973 us
[17.804s][info][gc,stats    ]   Unlink Stale                     2700 us
[17.804s][info][gc,stats    ]     System Dictionary                10 us
[17.804s][info][gc,stats    ]     Weak Class Links                  0 us
[17.804s][info][gc,stats    ]     Code Roots                     2689 us
[17.804s][info][gc,stats    ]   Rendezvous                        125 us
[17.804s][info][gc,stats    ]   Purge Unlinked                    104 us
[17.804s][info][gc,stats    ]     Code Roots                       98 us
[17.804s][info][gc,stats    ]     CLDG                              5 us
[17.804s][info][gc,stats    ]     Exception Caches                  0 us
[17.804s][info][gc,stats    ] Concurrent Strong Roots             277 us, parallelism: 0.34x
[17.804s][info][gc,stats    ]   CSR: <total>                       94 us
[17.804s][info][gc,stats    ]   CSR: VM Strong Roots                7 us, workers (us):   7, ---, ---, 
[17.804s][info][gc,stats    ]   CSR: CLDG Roots                    87 us, workers (us):  87, ---, ---, 
[17.804s][info][gc,stats    ] Concurrent Evacuation            191058 us
[17.804s][info][gc,stats    ] Pause Init Update Refs (G)          328 us
[17.804s][info][gc,stats    ] Pause Init Update Refs (N)          142 us
[17.804s][info][gc,stats    ]   Manage GCLABs                       9 us
[17.804s][info][gc,stats    ] Concurrent Update Refs           637090 us
[17.804s][info][gc,stats    ] Concurrent Update Thread Roots     1143 us
[17.804s][info][gc,stats    ] Pause Final Update Refs (G)         342 us
[17.804s][info][gc,stats    ] Pause Final Update Refs (N)         228 us
[17.804s][info][gc,stats    ]   Update Region States               86 us
[17.804s][info][gc,stats    ]   Trash Collection Set                6 us
[17.804s][info][gc,stats    ]   Rebuild Free Set                   21 us
[17.804s][info][gc,stats    ] Concurrent Cleanup                   52 us
[17.804s][info][gc,stats    ] 
[17.804s][info][gc,stats    ] Allocation pacing accrued:
[17.804s][info][gc,stats    ]       0 of  4643 ms (  0.0%): <total>
[17.804s][info][gc,stats    ]       0 of  4643 ms (  0.0%): <average total>
[17.804s][info][gc,stats    ] 
[17.804s][info][gc,metaspace] Metaspace: 16375K(16640K)->16375K(16640K) NonClass: 14026K(14144K)->14026K(14144K) Class: 2348K(2496K)->2348K(2496K)
[17.804s][info][gc,ergo     ] Pacer for Idle. Initial: 163M, Alloc Tax Rate: 1.0x
[18.903s][info][gc          ] Trigger: Explicit GC request (System.gc())
[18.904s][info][gc,ergo     ] Free: 6385M, Max: 4096K regular, 4984M humongous, Frag: 22% external, 0% internal; Reserve: 412M, Max: 4096K
[18.904s][info][gc,start    ] GC(6) Concurrent reset
[18.904s][info][gc,task     ] GC(6) Using 1 of 3 workers for concurrent reset
[18.904s][info][gc,ergo     ] GC(6) Pacer for Reset. Non-Taxable: 8192M
[18.906s][info][gc          ] GC(6) Concurrent reset 2.295ms
[18.906s][info][gc,start    ] GC(6) Pause Init Mark (unload classes)
[18.906s][info][gc,task     ] GC(6) Using 3 of 3 workers for init marking
[18.906s][info][gc,ref      ] GC(6) Clearing All SoftReferences
[18.906s][info][gc,ergo     ] GC(6) Pacer for Mark. Expected Live: 78088K, Free: 6385M, Non-Taxable: 638M, Alloc Tax Rate: 0.0x
[18.906s][info][gc          ] GC(6) Pause Init Mark (unload classes) 0.148ms
[18.906s][info][gc,start    ] GC(6) Concurrent marking roots
[18.906s][info][gc,task     ] GC(6) Using 1 of 3 workers for concurrent marking roots
[18.907s][info][gc          ] GC(6) Concurrent marking roots 0.706ms
[18.907s][info][gc,start    ] GC(6) Concurrent marking (unload classes)
[18.907s][info][gc,task     ] GC(6) Using 1 of 3 workers for concurrent marking
[18.911s][info][gc          ] GC(6) Concurrent marking (unload classes) 4.425ms
[18.912s][info][gc,start    ] GC(6) Pause Final Mark (unload classes)
[18.912s][info][gc,task     ] GC(6) Using 3 of 3 workers for final marking
[18.912s][info][gc,ergo     ] GC(6) Collectable Garbage: 1358M (97%), Immediate: 1358M (97%), CSet: 0B (0%)
[18.912s][info][gc          ] GC(6) Pause Final Mark (unload classes) 0.299ms
[18.912s][info][gc,start    ] GC(6) Concurrent weak references
[18.912s][info][gc,task     ] GC(6) Using 1 of 3 workers for concurrent weak references
[18.912s][info][gc,ref      ] GC(6) Encountered references: Soft: 172, Weak: 988, Final: 0, Phantom: 41
[18.912s][info][gc,ref      ] GC(6) Discovered  references: Soft: 108, Weak: 218, Final: 0, Phantom: 24
[18.912s][info][gc,ref      ] GC(6) Enqueued    references: Soft: 4, Weak: 5, Final: 0, Phantom: 0
[18.912s][info][gc          ] GC(6) Concurrent weak references 0.245ms
[18.912s][info][gc,start    ] GC(6) Concurrent weak roots
[18.912s][info][gc,task     ] GC(6) Using 1 of 3 workers for concurrent weak root
[18.913s][info][gc          ] GC(6) Concurrent weak roots 1.095ms
[18.913s][info][gc,start    ] GC(6) Concurrent cleanup
[18.913s][info][gc          ] GC(6) Concurrent cleanup 1394M->36M(8192M) 0.044ms
[18.913s][info][gc,ergo     ] GC(6) Free: 7744M, Max: 4096K regular, 7104M humongous, Frag: 9% external, 0% internal; Reserve: 412M, Max: 4096K
[18.913s][info][gc,start    ] GC(6) Concurrent class unloading
[18.913s][info][gc,task     ] GC(6) Using 1 of 3 workers for concurrent class unloading
[18.920s][info][gc          ] GC(6) Concurrent class unloading 6.156ms
[18.920s][info][gc,start    ] GC(6) Pause Final Roots
[18.920s][info][gc          ] GC(6) Pause Final Roots 0.056ms
[18.920s][info][gc,ergo     ] Free: 7744M, Max: 4096K regular, 7104M humongous, Frag: 9% external, 0% internal; Reserve: 412M, Max: 4096K
[18.920s][info][gc,stats    ] 
[18.920s][info][gc,stats    ] All times are wall-clock times, except per-root-class counters, that are sum over
[18.920s][info][gc,stats    ] all workers. Dividing the <total> over the root stage time estimates parallelism.
[18.920s][info][gc,stats    ] 
[18.920s][info][gc,stats    ] Concurrent Reset                   2362 us
[18.920s][info][gc,stats    ] Pause Init Mark (G)                 241 us
[18.920s][info][gc,stats    ] Pause Init Mark (N)                 157 us
[18.920s][info][gc,stats    ]   Update Region States               65 us
[18.920s][info][gc,stats    ] Concurrent Mark Roots               735 us, parallelism: 0.80x
[18.920s][info][gc,stats    ]   CMR: <total>                      589 us
[18.920s][info][gc,stats    ]   CMR: Thread Roots                 517 us, workers (us): 517, ---, ---, 
[18.920s][info][gc,stats    ]   CMR: VM Strong Roots                7 us, workers (us):   7, ---, ---, 
[18.920s][info][gc,stats    ]   CMR: CLDG Roots                    65 us, workers (us):  65, ---, ---, 
[18.920s][info][gc,stats    ] Concurrent Marking                 4490 us
[18.920s][info][gc,stats    ] Pause Final Mark (G)                422 us
[18.920s][info][gc,stats    ] Pause Final Mark (N)                308 us
[18.920s][info][gc,stats    ]   Finish Mark                        96 us
[18.920s][info][gc,stats    ]   Update Region States               69 us
[18.920s][info][gc,stats    ]   Choose Collection Set              43 us
[18.920s][info][gc,stats    ]   Rebuild Free Set                    8 us
[18.920s][info][gc,stats    ] Concurrent Weak References          262 us, parallelism: 0.07x
[18.920s][info][gc,stats    ]   CWRF: <total>                      20 us
[18.920s][info][gc,stats    ]   CWRF: Weak References              20 us, workers (us):  20, ---, ---, 
[18.920s][info][gc,stats    ] Concurrent Weak Roots              1121 us
[18.920s][info][gc,stats    ]   Roots                             960 us, parallelism: 0.92x
[18.920s][info][gc,stats    ]     CWR: <total>                    879 us
[18.920s][info][gc,stats    ]     CWR: Code Cache Roots           690 us, workers (us): 690, ---, ---, 
[18.920s][info][gc,stats    ]     CWR: VM Weak Roots              180 us, workers (us): 180, ---, ---, 
[18.920s][info][gc,stats    ]     CWR: CLDG Roots                  10 us, workers (us):  10, ---, ---, 
[18.920s][info][gc,stats    ]   Rendezvous                        102 us
[18.920s][info][gc,stats    ] Concurrent Cleanup                   52 us
[18.920s][info][gc,stats    ] Concurrent Class Unloading         6208 us
[18.920s][info][gc,stats    ]   Unlink Stale                     5808 us
[18.920s][info][gc,stats    ]     System Dictionary                59 us
[18.920s][info][gc,stats    ]     Weak Class Links               1937 us
[18.920s][info][gc,stats    ]     Code Roots                     3810 us
[18.921s][info][gc,stats    ]   Rendezvous                         88 us
[18.921s][info][gc,stats    ]   Purge Unlinked                    240 us
[18.921s][info][gc,stats    ]     Code Roots                      200 us
[18.921s][info][gc,stats    ]     CLDG                             38 us
[18.921s][info][gc,stats    ]     Exception Caches                  0 us
[18.921s][info][gc,stats    ] Pause Final Roots (G)               182 us
[18.921s][info][gc,stats    ] Pause Final Roots (N)                75 us
[18.921s][info][gc,stats    ] 
[18.921s][info][gc,stats    ] Allocation pacing accrued:
[18.921s][info][gc,stats    ]       0 of  1117 ms (  0.0%): <total>
[18.921s][info][gc,stats    ]       0 of  1117 ms (  0.0%): <average total>
[18.921s][info][gc,stats    ] 
[18.921s][info][gc,metaspace] Metaspace: 16375K(16640K)->16371K(16704K) NonClass: 14027K(14144K)->14024K(14208K) Class: 2348K(2496K)->2347K(2496K)
[18.921s][info][gc,ergo     ] Pacer for Idle. Initial: 163M, Alloc Tax Rate: 1.0x
[20.649s][info][gc          ] Trigger: Average GC time (1356.54 ms) is above the time for instantaneous allocation rate (5421 MB/s) to deplete free headroom (6134M) (spike threshold = 1.80)
[20.650s][info][gc,ergo     ] Free: 6544M, Max: 4096K regular, 6544M humongous, Frag: 0% external, 0% internal; Reserve: 412M, Max: 4096K
[20.650s][info][gc,start    ] GC(7) Concurrent reset
[20.650s][info][gc,task     ] GC(7) Using 1 of 3 workers for concurrent reset
[20.650s][info][gc,ergo     ] GC(7) Pacer for Reset. Non-Taxable: 8192M
[20.650s][info][gc          ] GC(7) Concurrent reset 0.547ms
[20.650s][info][gc,start    ] GC(7) Pause Init Mark (unload classes)
[20.650s][info][gc,task     ] GC(7) Using 3 of 3 workers for init marking
[20.650s][info][gc,ergo     ] GC(7) Pacer for Mark. Expected Live: 77972K, Free: 6544M, Non-Taxable: 654M, Alloc Tax Rate: 0.0x
[20.650s][info][gc          ] GC(7) Pause Init Mark (unload classes) 0.124ms
[20.665s][info][gc,start    ] GC(7) Concurrent marking roots
[20.665s][info][gc,task     ] GC(7) Using 1 of 3 workers for concurrent marking roots
[20.666s][info][gc          ] GC(7) Concurrent marking roots 0.792ms
[20.666s][info][gc,start    ] GC(7) Concurrent marking (unload classes)
[20.666s][info][gc,task     ] GC(7) Using 1 of 3 workers for concurrent marking
[20.681s][info][gc          ] GC(7) Concurrent marking (unload classes) 14.826ms
[20.681s][info][gc,start    ] GC(7) Pause Final Mark (unload classes)
[20.681s][info][gc,task     ] GC(7) Using 3 of 3 workers for final marking
[20.681s][info][gc,ergo     ] GC(7) Adaptive CSet Selection. Target Free: 1160M, Actual Free: 7836M, Max CSet: 341M, Min Garbage: 0B
[20.681s][info][gc,ergo     ] GC(7) Collectable Garbage: 1231M (99%), Immediate: 1032M (83%), CSet: 199M (16%)
[20.681s][info][gc,ergo     ] GC(7) Pacer for Evacuation. Used CSet: 200M, Free: 7424M, Non-Taxable: 742M, Alloc Tax Rate: 1.1x
[20.681s][info][gc          ] GC(7) Pause Final Mark (unload classes) 0.225ms
[20.694s][info][gc,start    ] GC(7) Concurrent thread roots
[20.694s][info][gc,task     ] GC(7) Using 1 of 3 workers for Concurrent thread roots
[20.695s][info][gc          ] GC(7) Concurrent thread roots 0.748ms
[20.695s][info][gc,start    ] GC(7) Concurrent weak references
[20.695s][info][gc,task     ] GC(7) Using 1 of 3 workers for concurrent weak references
[20.695s][info][gc,ref      ] GC(7) Encountered references: Soft: 173, Weak: 995, Final: 0, Phantom: 41
[20.695s][info][gc,ref      ] GC(7) Discovered  references: Soft: 0, Weak: 206, Final: 0, Phantom: 24
[20.695s][info][gc,ref      ] GC(7) Enqueued    references: Soft: 0, Weak: 4, Final: 0, Phantom: 0
[20.695s][info][gc          ] GC(7) Concurrent weak references 0.103ms
[20.695s][info][gc,start    ] GC(7) Concurrent weak roots
[20.695s][info][gc,task     ] GC(7) Using 1 of 3 workers for concurrent weak root
[20.697s][info][gc          ] GC(7) Concurrent weak roots 1.620ms
[20.697s][info][gc,start    ] GC(7) Concurrent cleanup
[20.697s][info][gc          ] GC(7) Concurrent cleanup 1460M->428M(8192M) 0.049ms
[20.697s][info][gc,ergo     ] GC(7) Free: 7352M, Max: 4096K regular, 6320M humongous, Frag: 15% external, 0% internal; Reserve: 411M, Max: 4096K
[20.697s][info][gc,start    ] GC(7) Concurrent class unloading
[20.697s][info][gc,task     ] GC(7) Using 1 of 3 workers for concurrent class unloading
[20.713s][info][gc          ] GC(7) Concurrent class unloading 15.942ms
[20.713s][info][gc,start    ] GC(7) Concurrent strong roots
[20.713s][info][gc,task     ] GC(7) Using 1 of 3 workers for concurrent strong root
[20.713s][info][gc          ] GC(7) Concurrent strong roots 0.149ms
[20.713s][info][gc,start    ] GC(7) Concurrent evacuation
[20.713s][info][gc,task     ] GC(7) Using 1 of 3 workers for concurrent evacuation
[20.715s][info][gc          ] GC(7) Concurrent evacuation 2.282ms
[20.715s][info][gc,start    ] GC(7) Pause Init Update Refs
[20.715s][info][gc,ergo     ] GC(7) Pacer for Update Refs. Used: 493M, Free: 7288M, Non-Taxable: 728M, Alloc Tax Rate: 1.1x
[20.715s][info][gc          ] GC(7) Pause Init Update Refs 0.046ms
[20.728s][info][gc,start    ] GC(7) Concurrent update references
[20.728s][info][gc,task     ] GC(7) Using 1 of 3 workers for concurrent reference update
[20.792s][info][gc          ] GC(7) Concurrent update references 64.287ms
[20.792s][info][gc,start    ] GC(7) Concurrent update thread roots
[20.793s][info][gc          ] GC(7) Concurrent update thread roots 0.650ms
[20.793s][info][gc,start    ] GC(7) Pause Final Update Refs
[20.793s][info][gc,task     ] GC(7) Using 3 of 3 workers for final reference update
[20.793s][info][gc          ] GC(7) Pause Final Update Refs 0.089ms
[20.807s][info][gc,start    ] GC(7) Concurrent cleanup
[20.807s][info][gc          ] GC(7) Concurrent cleanup 765M->597M(8192M) 0.146ms
[20.807s][info][gc,ergo     ] Free: 7182M, Max: 4096K regular, 6332M humongous, Frag: 12% external, 0% internal; Reserve: 412M, Max: 4096K
[20.807s][info][gc,stats    ] 
[20.807s][info][gc,stats    ] All times are wall-clock times, except per-root-class counters, that are sum over
[20.807s][info][gc,stats    ] all workers. Dividing the <total> over the root stage time estimates parallelism.
[20.807s][info][gc,stats    ] 
[20.807s][info][gc,stats    ] Concurrent Reset                    572 us
[20.807s][info][gc,stats    ] Pause Init Mark (G)               15147 us
[20.807s][info][gc,stats    ] Pause Init Mark (N)                 133 us
[20.807s][info][gc,stats    ]   Update Region States               53 us
[20.807s][info][gc,stats    ] Concurrent Mark Roots               817 us, parallelism: 0.79x
[20.807s][info][gc,stats    ]   CMR: <total>                      647 us
[20.807s][info][gc,stats    ]   CMR: Thread Roots                 579 us, workers (us): 579, ---, ---, 
[20.807s][info][gc,stats    ]   CMR: VM Strong Roots                7 us, workers (us):   7, ---, ---, 
[20.807s][info][gc,stats    ]   CMR: CLDG Roots                    61 us, workers (us):  61, ---, ---, 
[20.807s][info][gc,stats    ] Concurrent Marking                14925 us
[20.807s][info][gc,stats    ] Pause Final Mark (G)              13185 us
[20.807s][info][gc,stats    ] Pause Final Mark (N)                235 us
[20.807s][info][gc,stats    ]   Finish Mark                        49 us
[20.807s][info][gc,stats    ]   Update Region States               37 us
[20.807s][info][gc,stats    ]   Choose Collection Set              64 us
[20.807s][info][gc,stats    ]   Rebuild Free Set                    8 us
[20.807s][info][gc,stats    ] Concurrent Thread Roots             766 us, parallelism: 0.79x
[20.807s][info][gc,stats    ]   CTR: <total>                      603 us
[20.807s][info][gc,stats    ]   CTR: Thread Roots                 603 us, workers (us): 603, ---, ---, 
[20.807s][info][gc,stats    ] Concurrent Weak References          110 us, parallelism: 0.21x
[20.807s][info][gc,stats    ]   CWRF: <total>                      24 us
[20.807s][info][gc,stats    ]   CWRF: Weak References              24 us, workers (us):  24, ---, ---, 
[20.807s][info][gc,stats    ] Concurrent Weak Roots              1659 us
[20.807s][info][gc,stats    ]   Roots                            1141 us, parallelism: 0.96x
[20.807s][info][gc,stats    ]     CWR: <total>                   1098 us
[20.807s][info][gc,stats    ]     CWR: Code Cache Roots           890 us, workers (us): 890, ---, ---, 
[20.807s][info][gc,stats    ]     CWR: VM Weak Roots              196 us, workers (us): 196, ---, ---, 
[20.807s][info][gc,stats    ]     CWR: CLDG Roots                  12 us, workers (us):  12, ---, ---, 
[20.807s][info][gc,stats    ]   Rendezvous                        461 us
[20.807s][info][gc,stats    ] Concurrent Cleanup                   58 us
[20.807s][info][gc,stats    ] Concurrent Class Unloading        16012 us
[20.807s][info][gc,stats    ]   Unlink Stale                     2970 us
[20.807s][info][gc,stats    ]     System Dictionary                12 us
[20.807s][info][gc,stats    ]     Weak Class Links                  1 us
[20.807s][info][gc,stats    ]     Code Roots                     2956 us
[20.807s][info][gc,stats    ]   Rendezvous                      12597 us
[20.807s][info][gc,stats    ]   Purge Unlinked                    352 us
[20.807s][info][gc,stats    ]     Code Roots                      342 us
[20.807s][info][gc,stats    ]     CLDG                             10 us
[20.807s][info][gc,stats    ]     Exception Caches                  0 us
[20.807s][info][gc,stats    ] Concurrent Strong Roots             160 us, parallelism: 0.60x
[20.807s][info][gc,stats    ]   CSR: <total>                       96 us
[20.807s][info][gc,stats    ]   CSR: VM Strong Roots                5 us, workers (us):   5, ---, ---, 
[20.807s][info][gc,stats    ]   CSR: CLDG Roots                    91 us, workers (us):  91, ---, ---, 
[20.807s][info][gc,stats    ] Concurrent Evacuation              2298 us
[20.807s][info][gc,stats    ] Pause Init Update Refs (G)        12723 us
[20.807s][info][gc,stats    ] Pause Init Update Refs (N)           53 us
[20.807s][info][gc,stats    ]   Manage GCLABs                       7 us
[20.807s][info][gc,stats    ] Concurrent Update Refs            64357 us
[20.807s][info][gc,stats    ] Concurrent Update Thread Roots      669 us
[20.807s][info][gc,stats    ] Pause Final Update Refs (G)       13724 us
[20.807s][info][gc,stats    ] Pause Final Update Refs (N)         126 us
[20.807s][info][gc,stats    ]   Update Region States               37 us
[20.807s][info][gc,stats    ]   Trash Collection Set                4 us
[20.807s][info][gc,stats    ]   Rebuild Free Set                   19 us
[20.807s][info][gc,stats    ] Concurrent Cleanup                  159 us
[20.807s][info][gc,stats    ] 
[20.807s][info][gc,stats    ] Allocation pacing accrued:
[20.807s][info][gc,stats    ]       0 of  1887 ms (  0.0%): <total>
[20.807s][info][gc,stats    ]       0 of  1887 ms (  0.0%): <average total>
[20.807s][info][gc,stats    ] 
[20.807s][info][gc,metaspace] Metaspace: 16380K(16704K)->16380K(16704K) NonClass: 14032K(14208K)->14032K(14208K) Class: 2348K(2496K)->2348K(2496K)
[20.807s][info][gc,ergo     ] Pacer for Idle. Initial: 163M, Alloc Tax Rate: 1.0x
[21.375s][info][gc          ] Trigger: Learning 3 of 5. Free (5722M) is below initial threshold (5734M)
[21.375s][info][gc,ergo     ] Free: 5722M, Max: 4096K regular, 5720M humongous, Frag: 0% external, 0% internal; Reserve: 412M, Max: 4096K
[21.375s][info][gc,start    ] GC(8) Concurrent reset
[21.375s][info][gc,task     ] GC(8) Using 1 of 3 workers for concurrent reset
[21.375s][info][gc,ergo     ] GC(8) Pacer for Reset. Non-Taxable: 8192M
[21.376s][info][gc          ] GC(8) Concurrent reset 0.895ms
[21.376s][info][gc,start    ] GC(8) Pause Init Mark (unload classes)
[21.376s][info][gc,task     ] GC(8) Using 3 of 3 workers for init marking
[21.376s][info][gc,ergo     ] GC(8) Pacer for Mark. Expected Live: 46168K, Free: 5718M, Non-Taxable: 571M, Alloc Tax Rate: 0.0x
[21.376s][info][gc          ] GC(8) Pause Init Mark (unload classes) 0.098ms
[21.376s][info][gc,start    ] GC(8) Concurrent marking roots
[21.376s][info][gc,task     ] GC(8) Using 1 of 3 workers for concurrent marking roots
[21.377s][info][gc          ] GC(8) Concurrent marking roots 0.503ms
[21.377s][info][gc,start    ] GC(8) Concurrent marking (unload classes)
[21.377s][info][gc,task     ] GC(8) Using 1 of 3 workers for concurrent marking
[21.781s][info][gc          ] GC(8) Concurrent marking (unload classes) 403.976ms
[21.781s][info][gc,start    ] GC(8) Pause Final Mark (unload classes)
[21.781s][info][gc,task     ] GC(8) Using 3 of 3 workers for final marking
[21.781s][info][gc,ergo     ] GC(8) Collectable Garbage: 1700M (92%), Immediate: 1700M (92%), CSet: 0B (0%)
[21.781s][info][gc          ] GC(8) Pause Final Mark (unload classes) 0.142ms
[21.781s][info][gc,start    ] GC(8) Concurrent weak references
[21.781s][info][gc,task     ] GC(8) Using 1 of 3 workers for concurrent weak references
[21.781s][info][gc,ref      ] GC(8) Encountered references: Soft: 173, Weak: 992, Final: 0, Phantom: 41
[21.781s][info][gc,ref      ] GC(8) Discovered  references: Soft: 0, Weak: 212, Final: 0, Phantom: 38
[21.781s][info][gc,ref      ] GC(8) Enqueued    references: Soft: 0, Weak: 2, Final: 0, Phantom: 0
[21.781s][info][gc          ] GC(8) Concurrent weak references 0.077ms
[21.781s][info][gc,start    ] GC(8) Concurrent weak roots
[21.781s][info][gc,task     ] GC(8) Using 1 of 3 workers for concurrent weak root
[21.782s][info][gc          ] GC(8) Concurrent weak roots 0.851ms
[21.782s][info][gc,start    ] GC(8) Concurrent cleanup
[21.782s][info][gc          ] GC(8) Concurrent cleanup 2389M->689M(8192M) 0.041ms
[21.782s][info][gc,ergo     ] GC(8) Free: 7090M, Max: 4096K regular, 5388M humongous, Frag: 24% external, 0% internal; Reserve: 412M, Max: 4096K
[21.782s][info][gc,start    ] GC(8) Concurrent class unloading
[21.782s][info][gc,task     ] GC(8) Using 1 of 3 workers for concurrent class unloading
[21.785s][info][gc          ] GC(8) Concurrent class unloading 2.632ms
[21.785s][info][gc,start    ] GC(8) Pause Final Roots
[21.785s][info][gc          ] GC(8) Pause Final Roots 0.045ms
[21.785s][info][gc,ergo     ] Free: 7090M, Max: 4096K regular, 5388M humongous, Frag: 24% external, 0% internal; Reserve: 412M, Max: 4096K
[21.785s][info][gc,stats    ] 
[21.785s][info][gc,stats    ] All times are wall-clock times, except per-root-class counters, that are sum over
[21.785s][info][gc,stats    ] all workers. Dividing the <total> over the root stage time estimates parallelism.
[21.785s][info][gc,stats    ] 
[21.785s][info][gc,stats    ] Concurrent Reset                    911 us
[21.785s][info][gc,stats    ] Pause Init Mark (G)                 173 us
[21.785s][info][gc,stats    ] Pause Init Mark (N)                 106 us
[21.785s][info][gc,stats    ]   Update Region States               25 us
[21.785s][info][gc,stats    ] Concurrent Mark Roots               516 us, parallelism: 0.85x
[21.785s][info][gc,stats    ]   CMR: <total>                      438 us
[21.785s][info][gc,stats    ]   CMR: Thread Roots                 385 us, workers (us): 385, ---, ---, 
[21.785s][info][gc,stats    ]   CMR: VM Strong Roots                6 us, workers (us):   6, ---, ---, 
[21.785s][info][gc,stats    ]   CMR: CLDG Roots                    48 us, workers (us):  48, ---, ---, 
[21.785s][info][gc,stats    ] Concurrent Marking               404027 us
[21.785s][info][gc,stats    ] Pause Final Mark (G)                202 us
[21.785s][info][gc,stats    ] Pause Final Mark (N)                151 us
[21.785s][info][gc,stats    ]   Finish Mark                        30 us
[21.785s][info][gc,stats    ]   Update Region States               26 us
[21.785s][info][gc,stats    ]   Choose Collection Set              27 us
[21.785s][info][gc,stats    ]   Rebuild Free Set                    7 us
[21.785s][info][gc,stats    ] Concurrent Weak References           85 us, parallelism: 0.10x
[21.785s][info][gc,stats    ]   CWRF: <total>                       8 us
[21.785s][info][gc,stats    ]   CWRF: Weak References               8 us, workers (us):   8, ---, ---, 
[21.785s][info][gc,stats    ] Concurrent Weak Roots               862 us
[21.785s][info][gc,stats    ]   Roots                             801 us, parallelism: 0.97x
[21.785s][info][gc,stats    ]     CWR: <total>                    778 us
[21.785s][info][gc,stats    ]     CWR: Code Cache Roots           659 us, workers (us): 659, ---, ---, 
[21.785s][info][gc,stats    ]     CWR: VM Weak Roots              112 us, workers (us): 112, ---, ---, 
[21.785s][info][gc,stats    ]     CWR: CLDG Roots                   8 us, workers (us):   8, ---, ---, 
[21.785s][info][gc,stats    ]   Rendezvous                         36 us
[21.786s][info][gc,stats    ] Concurrent Cleanup                   48 us
[21.786s][info][gc,stats    ] Concurrent Class Unloading         2664 us
[21.786s][info][gc,stats    ]   Unlink Stale                     2457 us
[21.786s][info][gc,stats    ]     System Dictionary                 9 us
[21.786s][info][gc,stats    ]     Weak Class Links                  0 us
[21.786s][info][gc,stats    ]     Code Roots                     2447 us
[21.786s][info][gc,stats    ]   Rendezvous                         67 us
[21.786s][info][gc,stats    ]   Purge Unlinked                     92 us
[21.786s][info][gc,stats    ]     Code Roots                       86 us
[21.786s][info][gc,stats    ]     CLDG                              5 us
[21.786s][info][gc,stats    ]     Exception Caches                  0 us
[21.786s][info][gc,stats    ] Pause Final Roots (G)               108 us
[21.786s][info][gc,stats    ] Pause Final Roots (N)                56 us
[21.786s][info][gc,stats    ] 
[21.786s][info][gc,stats    ] Allocation pacing accrued:
[21.786s][info][gc,stats    ]       0 of   978 ms (  0.0%): <total>
[21.786s][info][gc,stats    ]       0 of   978 ms (  0.0%): <average total>
[21.786s][info][gc,stats    ] 
[21.786s][info][gc,metaspace] Metaspace: 16381K(16704K)->16381K(16704K) NonClass: 14032K(14208K)->14032K(14208K) Class: 2348K(2496K)->2348K(2496K)
[21.786s][info][gc,ergo     ] Pacer for Idle. Initial: 163M, Alloc Tax Rate: 1.0x
[25.419s][info][gc          ] Trigger: Learning 4 of 5. Free (5722M) is below initial threshold (5734M)
[25.420s][info][gc,ergo     ] Free: 5722M, Max: 4096K regular, 5388M humongous, Frag: 6% external, 0% internal; Reserve: 412M, Max: 4096K
[25.420s][info][gc,start    ] GC(9) Concurrent reset
[25.420s][info][gc,task     ] GC(9) Using 1 of 3 workers for concurrent reset
[25.420s][info][gc,ergo     ] GC(9) Pacer for Reset. Non-Taxable: 8192M
[25.421s][info][gc          ] GC(9) Concurrent reset 1.679ms
[25.421s][info][gc,start    ] GC(9) Pause Init Mark (unload classes)
[25.421s][info][gc,task     ] GC(9) Using 3 of 3 workers for init marking
[25.422s][info][gc,ergo     ] GC(9) Pacer for Mark. Expected Live: 90316K, Free: 5722M, Non-Taxable: 572M, Alloc Tax Rate: 0.0x
[25.422s][info][gc          ] GC(9) Pause Init Mark (unload classes) 0.124ms
[25.422s][info][gc,start    ] GC(9) Concurrent marking roots
[25.422s][info][gc,task     ] GC(9) Using 1 of 3 workers for concurrent marking roots
[25.422s][info][gc          ] GC(9) Concurrent marking roots 0.717ms
[25.422s][info][gc,start    ] GC(9) Concurrent marking (unload classes)
[25.422s][info][gc,task     ] GC(9) Using 1 of 3 workers for concurrent marking
[26.237s][info][gc          ] GC(9) Concurrent marking (unload classes) 814.276ms
[26.237s][info][gc,start    ] GC(9) Pause Final Mark (unload classes)
[26.237s][info][gc,task     ] GC(9) Using 3 of 3 workers for final marking
[26.237s][info][gc,ergo     ] GC(9) Adaptive CSet Selection. Target Free: 1160M, Actual Free: 6564M, Max CSet: 341M, Min Garbage: 0B
[26.237s][info][gc,ergo     ] GC(9) Collectable Garbage: 1555M (94%), Immediate: 772M (47%), CSet: 783M (47%)
[26.237s][info][gc,ergo     ] GC(9) Pacer for Evacuation. Used CSet: 1123M, Free: 6154M, Non-Taxable: 615M, Alloc Tax Rate: 1.1x
[26.237s][info][gc          ] GC(9) Pause Final Mark (unload classes) 0.298ms
[26.237s][info][gc,start    ] GC(9) Concurrent thread roots
[26.237s][info][gc,task     ] GC(9) Using 1 of 3 workers for Concurrent thread roots
[26.238s][info][gc          ] GC(9) Concurrent thread roots 0.540ms
[26.238s][info][gc,start    ] GC(9) Concurrent weak references
[26.238s][info][gc,task     ] GC(9) Using 1 of 3 workers for concurrent weak references
[26.238s][info][gc,ref      ] GC(9) Encountered references: Soft: 173, Weak: 995, Final: 0, Phantom: 41
[26.238s][info][gc,ref      ] GC(9) Discovered  references: Soft: 0, Weak: 197, Final: 0, Phantom: 24
[26.238s][info][gc,ref      ] GC(9) Enqueued    references: Soft: 0, Weak: 1, Final: 0, Phantom: 0
[26.238s][info][gc          ] GC(9) Concurrent weak references 0.071ms
[26.238s][info][gc,start    ] GC(9) Concurrent weak roots
[26.238s][info][gc,task     ] GC(9) Using 1 of 3 workers for concurrent weak root
[26.239s][info][gc          ] GC(9) Concurrent weak roots 0.783ms
[26.239s][info][gc,start    ] GC(9) Concurrent cleanup
[26.239s][info][gc          ] GC(9) Concurrent cleanup 2397M->1625M(8192M) 0.033ms
[26.239s][info][gc,ergo     ] GC(9) Free: 6154M, Max: 4096K regular, 5380M humongous, Frag: 13% external, 0% internal; Reserve: 411M, Max: 4096K
[26.239s][info][gc,start    ] GC(9) Concurrent class unloading
[26.239s][info][gc,task     ] GC(9) Using 1 of 3 workers for concurrent class unloading
[26.242s][info][gc          ] GC(9) Concurrent class unloading 2.928ms
[26.242s][info][gc,start    ] GC(9) Concurrent strong roots
[26.242s][info][gc,task     ] GC(9) Using 1 of 3 workers for concurrent strong root
[26.242s][info][gc          ] GC(9) Concurrent strong roots 0.081ms
[26.242s][info][gc,start    ] GC(9) Concurrent evacuation
[26.242s][info][gc,task     ] GC(9) Using 1 of 3 workers for concurrent evacuation
[26.599s][info][gc          ] GC(9) Concurrent evacuation 357.581ms
[26.599s][info][gc,start    ] GC(9) Pause Init Update Refs
[26.599s][info][gc,ergo     ] GC(9) Pacer for Update Refs. Used: 2004M, Free: 6119M, Non-Taxable: 611M, Alloc Tax Rate: 1.1x
[26.599s][info][gc          ] GC(9) Pause Init Update Refs 0.082ms
[26.600s][info][gc,start    ] GC(9) Concurrent update references
[26.600s][info][gc,task     ] GC(9) Using 1 of 3 workers for concurrent reference update
[27.274s][info][gc          ] GC(9) Concurrent update references 674.347ms
[27.274s][info][gc,start    ] GC(9) Concurrent update thread roots
[27.275s][info][gc          ] GC(9) Concurrent update thread roots 1.141ms
[27.275s][info][gc,start    ] GC(9) Pause Final Update Refs
[27.275s][info][gc,task     ] GC(9) Using 3 of 3 workers for final reference update
[27.275s][info][gc          ] GC(9) Pause Final Update Refs 0.175ms
[27.275s][info][gc,start    ] GC(9) Concurrent cleanup
[27.275s][info][gc          ] GC(9) Concurrent cleanup 2017M->893M(8192M) 0.033ms
[27.275s][info][gc,ergo     ] Free: 6886M, Max: 4096K regular, 5036M humongous, Frag: 27% external, 0% internal; Reserve: 412M, Max: 4096K
[27.275s][info][gc,stats    ] 
[27.275s][info][gc,stats    ] All times are wall-clock times, except per-root-class counters, that are sum over
[27.275s][info][gc,stats    ] all workers. Dividing the <total> over the root stage time estimates parallelism.
[27.275s][info][gc,stats    ] 
[27.275s][info][gc,stats    ] Concurrent Reset                   1730 us
[27.275s][info][gc,stats    ] Pause Init Mark (G)                 269 us
[27.275s][info][gc,stats    ] Pause Init Mark (N)                 133 us
[27.275s][info][gc,stats    ]   Update Region States               41 us
[27.275s][info][gc,stats    ] Concurrent Mark Roots               735 us, parallelism: 0.85x
[27.275s][info][gc,stats    ]   CMR: <total>                      628 us
[27.275s][info][gc,stats    ]   CMR: Thread Roots                 585 us, workers (us): 585, ---, ---, 
[27.275s][info][gc,stats    ]   CMR: VM Strong Roots                4 us, workers (us):   4, ---, ---, 
[27.275s][info][gc,stats    ]   CMR: CLDG Roots                    39 us, workers (us):  39, ---, ---, 
[27.276s][info][gc,stats    ] Concurrent Marking               814351 us
[27.276s][info][gc,stats    ] Pause Final Mark (G)                429 us
[27.276s][info][gc,stats    ] Pause Final Mark (N)                307 us
[27.276s][info][gc,stats    ]   Finish Mark                       104 us
[27.276s][info][gc,stats    ]   Update Region States               42 us
[27.276s][info][gc,stats    ]   Choose Collection Set              91 us
[27.276s][info][gc,stats    ]   Rebuild Free Set                    8 us
[27.276s][info][gc,stats    ] Concurrent Thread Roots             550 us, parallelism: 0.90x
[27.276s][info][gc,stats    ]   CTR: <total>                      495 us
[27.276s][info][gc,stats    ]   CTR: Thread Roots                 495 us, workers (us): 495, ---, ---, 
[27.276s][info][gc,stats    ] Concurrent Weak References           78 us, parallelism: 0.17x
[27.276s][info][gc,stats    ]   CWRF: <total>                      13 us
[27.276s][info][gc,stats    ]   CWRF: Weak References              13 us, workers (us):  13, ---, ---, 
[27.276s][info][gc,stats    ] Concurrent Weak Roots               796 us
[27.276s][info][gc,stats    ]   Roots                             731 us, parallelism: 0.96x
[27.276s][info][gc,stats    ]     CWR: <total>                    704 us
[27.276s][info][gc,stats    ]     CWR: Code Cache Roots           569 us, workers (us): 569, ---, ---, 
[27.276s][info][gc,stats    ]     CWR: VM Weak Roots              127 us, workers (us): 127, ---, ---, 
[27.276s][info][gc,stats    ]     CWR: CLDG Roots                   8 us, workers (us):   8, ---, ---, 
[27.276s][info][gc,stats    ]   Rendezvous                         37 us
[27.276s][info][gc,stats    ] Concurrent Cleanup                   41 us
[27.276s][info][gc,stats    ] Concurrent Class Unloading         2975 us
[27.276s][info][gc,stats    ]   Unlink Stale                     2613 us
[27.276s][info][gc,stats    ]     System Dictionary                 8 us
[27.276s][info][gc,stats    ]     Weak Class Links                  0 us
[27.276s][info][gc,stats    ]     Code Roots                     2603 us
[27.276s][info][gc,stats    ]   Rendezvous                        145 us
[27.276s][info][gc,stats    ]   Purge Unlinked                    152 us
[27.276s][info][gc,stats    ]     Code Roots                      147 us
[27.276s][info][gc,stats    ]     CLDG                              4 us
[27.276s][info][gc,stats    ]     Exception Caches                  0 us
[27.276s][info][gc,stats    ] Concurrent Strong Roots              97 us, parallelism: 0.34x
[27.276s][info][gc,stats    ]   CSR: <total>                       33 us
[27.276s][info][gc,stats    ]   CSR: VM Strong Roots                3 us, workers (us):   3, ---, ---, 
[27.276s][info][gc,stats    ]   CSR: CLDG Roots                    30 us, workers (us):  30, ---, ---, 
[27.276s][info][gc,stats    ] Concurrent Evacuation            357645 us
[27.276s][info][gc,stats    ] Pause Init Update Refs (G)          204 us
[27.276s][info][gc,stats    ] Pause Init Update Refs (N)          100 us
[27.276s][info][gc,stats    ]   Manage GCLABs                       4 us
[27.276s][info][gc,stats    ] Concurrent Update Refs           674420 us
[27.276s][info][gc,stats    ] Concurrent Update Thread Roots     1159 us
[27.276s][info][gc,stats    ] Pause Final Update Refs (G)         247 us
[27.276s][info][gc,stats    ] Pause Final Update Refs (N)         196 us
[27.276s][info][gc,stats    ]   Update Region States               67 us
[27.276s][info][gc,stats    ]   Trash Collection Set                9 us
[27.276s][info][gc,stats    ]   Rebuild Free Set                   24 us
[27.276s][info][gc,stats    ] Concurrent Cleanup                   42 us
[27.276s][info][gc,stats    ] 
[27.276s][info][gc,stats    ] Allocation pacing accrued:
[27.276s][info][gc,stats    ]       0 of  5490 ms (  0.0%): <total>
[27.276s][info][gc,stats    ]       0 of  5490 ms (  0.0%): <average total>
[27.276s][info][gc,stats    ] 
[27.276s][info][gc,metaspace] Metaspace: 16381K(16704K)->16381K(16704K) NonClass: 14033K(14208K)->14033K(14208K) Class: 2348K(2496K)->2348K(2496K)
[27.276s][info][gc,ergo     ] Pacer for Idle. Initial: 163M, Alloc Tax Rate: 1.0x
[27.289s][info][gc          ] Trigger: Explicit GC request (System.gc())
[27.289s][info][gc,ergo     ] Free: 6886M, Max: 4096K regular, 5036M humongous, Frag: 27% external, 0% internal; Reserve: 412M, Max: 4096K
[27.289s][info][gc,start    ] GC(10) Concurrent reset
[27.289s][info][gc,task     ] GC(10) Using 1 of 3 workers for concurrent reset
[27.289s][info][gc,ergo     ] GC(10) Pacer for Reset. Non-Taxable: 8192M
[27.296s][info][gc          ] GC(10) Concurrent reset 6.299ms
[27.296s][info][gc,start    ] GC(10) Pause Init Mark (unload classes)
[27.296s][info][gc,task     ] GC(10) Using 3 of 3 workers for init marking
[27.296s][info][gc,ref      ] GC(10) Clearing All SoftReferences
[27.296s][info][gc,ergo     ] GC(10) Pacer for Mark. Expected Live: 170M, Free: 6886M, Non-Taxable: 688M, Alloc Tax Rate: 0.0x
[27.296s][info][gc          ] GC(10) Pause Init Mark (unload classes) 0.280ms
[27.296s][info][gc,start    ] GC(10) Concurrent marking roots
[27.296s][info][gc,task     ] GC(10) Using 1 of 3 workers for concurrent marking roots
[27.297s][info][gc          ] GC(10) Concurrent marking roots 0.579ms
[27.297s][info][gc,start    ] GC(10) Concurrent marking (unload classes)
[27.297s][info][gc,task     ] GC(10) Using 1 of 3 workers for concurrent marking
[27.301s][info][gc          ] GC(10) Concurrent marking (unload classes) 4.663ms
[27.301s][info][gc,start    ] GC(10) Pause Final Mark (unload classes)
[27.301s][info][gc,task     ] GC(10) Using 3 of 3 workers for final marking
[27.302s][info][gc,ergo     ] GC(10) Collectable Garbage: 875M (98%), Immediate: 875M (98%), CSet: 0B (0%)
[27.302s][info][gc          ] GC(10) Pause Final Mark (unload classes) 0.660ms
[27.302s][info][gc,start    ] GC(10) Concurrent weak references
[27.302s][info][gc,task     ] GC(10) Using 1 of 3 workers for concurrent weak references
[27.302s][info][gc,ref      ] GC(10) Encountered references: Soft: 172, Weak: 993, Final: 0, Phantom: 41
[27.302s][info][gc,ref      ] GC(10) Discovered  references: Soft: 108, Weak: 219, Final: 0, Phantom: 24
[27.302s][info][gc,ref      ] GC(10) Enqueued    references: Soft: 4, Weak: 6, Final: 0, Phantom: 0
[27.302s][info][gc          ] GC(10) Concurrent weak references 0.087ms
[27.302s][info][gc,start    ] GC(10) Concurrent weak roots
[27.302s][info][gc,task     ] GC(10) Using 1 of 3 workers for concurrent weak root
[27.303s][info][gc          ] GC(10) Concurrent weak roots 0.990ms
[27.303s][info][gc,start    ] GC(10) Concurrent cleanup
[27.303s][info][gc          ] GC(10) Concurrent cleanup 893M->17M(8192M) 0.032ms
[27.303s][info][gc,ergo     ] GC(10) Free: 7762M, Max: 4096K regular, 7712M humongous, Frag: 1% external, 0% internal; Reserve: 412M, Max: 4096K
[27.303s][info][gc,start    ] GC(10) Concurrent class unloading
[27.303s][info][gc,task     ] GC(10) Using 1 of 3 workers for concurrent class unloading
[27.309s][info][gc          ] GC(10) Concurrent class unloading 5.559ms
[27.309s][info][gc,start    ] GC(10) Pause Final Roots
[27.309s][info][gc          ] GC(10) Pause Final Roots 0.042ms
[27.309s][info][gc,ergo     ] Free: 7762M, Max: 4096K regular, 7712M humongous, Frag: 1% external, 0% internal; Reserve: 412M, Max: 4096K
[27.309s][info][gc,stats    ] 
[27.309s][info][gc,stats    ] All times are wall-clock times, except per-root-class counters, that are sum over
[27.309s][info][gc,stats    ] all workers. Dividing the <total> over the root stage time estimates parallelism.
[27.309s][info][gc,stats    ] 
[27.309s][info][gc,stats    ] Concurrent Reset                   6351 us
[27.309s][info][gc,stats    ] Pause Init Mark (G)                 348 us
[27.309s][info][gc,stats    ] Pause Init Mark (N)                 293 us
[27.309s][info][gc,stats    ]   Update Region States              127 us
[27.309s][info][gc,stats    ] Concurrent Mark Roots               588 us, parallelism: 0.87x
[27.309s][info][gc,stats    ]   CMR: <total>                      511 us
[27.309s][info][gc,stats    ]   CMR: Thread Roots                 469 us, workers (us): 469, ---, ---, 
[27.309s][info][gc,stats    ]   CMR: VM Strong Roots                4 us, workers (us):   4, ---, ---, 
[27.309s][info][gc,stats    ]   CMR: CLDG Roots                    38 us, workers (us):  38, ---, ---, 
[27.309s][info][gc,stats    ] Concurrent Marking                 4687 us
[27.309s][info][gc,stats    ] Pause Final Mark (G)                759 us
[27.309s][info][gc,stats    ] Pause Final Mark (N)                683 us
[27.309s][info][gc,stats    ]   Finish Mark                       363 us
[27.309s][info][gc,stats    ]   Update Region States              124 us
[27.309s][info][gc,stats    ]   Choose Collection Set              74 us
[27.309s][info][gc,stats    ]   Rebuild Free Set                   21 us
[27.309s][info][gc,stats    ] Concurrent Weak References           95 us, parallelism: 0.10x
[27.309s][info][gc,stats    ]   CWRF: <total>                      10 us
[27.309s][info][gc,stats    ]   CWRF: Weak References              10 us, workers (us):  10, ---, ---, 
[27.309s][info][gc,stats    ] Concurrent Weak Roots              1007 us
[27.309s][info][gc,stats    ]   Roots                             904 us, parallelism: 0.93x
[27.309s][info][gc,stats    ]     CWR: <total>                    844 us
[27.309s][info][gc,stats    ]     CWR: Code Cache Roots           633 us, workers (us): 633, ---, ---, 
[27.309s][info][gc,stats    ]     CWR: VM Weak Roots              204 us, workers (us): 204, ---, ---, 
[27.309s][info][gc,stats    ]     CWR: CLDG Roots                   8 us, workers (us):   8, ---, ---, 
[27.309s][info][gc,stats    ]   Rendezvous                         70 us
[27.309s][info][gc,stats    ] Concurrent Cleanup                   40 us
[27.309s][info][gc,stats    ] Concurrent Class Unloading         5610 us
[27.309s][info][gc,stats    ]   Unlink Stale                     5168 us
[27.309s][info][gc,stats    ]     System Dictionary                57 us
[27.309s][info][gc,stats    ]     Weak Class Links               1762 us
[27.309s][info][gc,stats    ]     Code Roots                     3348 us
[27.309s][info][gc,stats    ]   Rendezvous                         67 us
[27.309s][info][gc,stats    ]   Purge Unlinked                    305 us
[27.309s][info][gc,stats    ]     Code Roots                      267 us
[27.309s][info][gc,stats    ]     CLDG                             38 us
[27.309s][info][gc,stats    ]     Exception Caches                  0 us
[27.309s][info][gc,stats    ] Pause Final Roots (G)                95 us
[27.309s][info][gc,stats    ] Pause Final Roots (N)                51 us
[27.309s][info][gc,stats    ] 
[27.309s][info][gc,stats    ] Allocation pacing accrued:
[27.309s][info][gc,stats    ]       0 of    33 ms (  0.0%): <total>
[27.309s][info][gc,stats    ]       0 of    33 ms (  0.0%): <average total>
[27.309s][info][gc,stats    ] 
[27.309s][info][gc,metaspace] Metaspace: 16381K(16704K)->16377K(16704K) NonClass: 14033K(14208K)->14029K(14208K) Class: 2348K(2496K)->2347K(2496K)
[27.309s][info][gc,ergo     ] Pacer for Idle. Initial: 163M, Alloc Tax Rate: 1.0x
[29.020s][info][gc          ] Trigger: Average GC time (1951.84 ms) is above the time for instantaneous allocation rate (4911 MB/s) to deplete free headroom (6628M) (spike threshold = 1.80)
[29.020s][info][gc,ergo     ] Free: 7038M, Max: 4096K regular, 7036M humongous, Frag: 0% external, 0% internal; Reserve: 412M, Max: 4096K
[29.020s][info][gc,start    ] GC(11) Concurrent reset
[29.020s][info][gc,task     ] GC(11) Using 1 of 3 workers for concurrent reset
[29.020s][info][gc,ergo     ] GC(11) Pacer for Reset. Non-Taxable: 8192M
[29.021s][info][gc          ] GC(11) Concurrent reset 0.308ms
[29.021s][info][gc,start    ] GC(11) Pause Init Mark (unload classes)
[29.021s][info][gc,task     ] GC(11) Using 3 of 3 workers for init marking
[29.021s][info][gc,ergo     ] GC(11) Pacer for Mark. Expected Live: 130M, Free: 7038M, Non-Taxable: 703M, Alloc Tax Rate: 0.0x
[29.021s][info][gc          ] GC(11) Pause Init Mark (unload classes) 0.101ms
[29.052s][info][gc,start    ] GC(11) Concurrent marking roots
[29.052s][info][gc,task     ] GC(11) Using 1 of 3 workers for concurrent marking roots
[29.052s][info][gc          ] GC(11) Concurrent marking roots 0.790ms
[29.052s][info][gc,start    ] GC(11) Concurrent marking (unload classes)
[29.052s][info][gc,task     ] GC(11) Using 1 of 3 workers for concurrent marking
[29.067s][info][gc          ] GC(11) Concurrent marking (unload classes) 14.831ms
[29.067s][info][gc,start    ] GC(11) Pause Final Mark (unload classes)
[29.067s][info][gc,task     ] GC(11) Using 3 of 3 workers for final marking
[29.068s][info][gc,ergo     ] GC(11) Adaptive CSet Selection. Target Free: 1160M, Actual Free: 7804M, Max CSet: 341M, Min Garbage: 0B
[29.068s][info][gc,ergo     ] GC(11) Collectable Garbage: 737M (99%), Immediate: 580M (78%), CSet: 157M (21%)
[29.068s][info][gc,ergo     ] GC(11) Pacer for Evacuation. Used CSet: 157M, Free: 7392M, Non-Taxable: 739M, Alloc Tax Rate: 1.1x
[29.068s][info][gc          ] GC(11) Pause Final Mark (unload classes) 0.230ms
[29.083s][info][gc,start    ] GC(11) Concurrent thread roots
[29.083s][info][gc,task     ] GC(11) Using 1 of 3 workers for Concurrent thread roots
[29.083s][info][gc          ] GC(11) Concurrent thread roots 0.738ms
[29.083s][info][gc,start    ] GC(11) Concurrent weak references
[29.083s][info][gc,task     ] GC(11) Using 1 of 3 workers for concurrent weak references
[29.084s][info][gc,ref      ] GC(11) Encountered references: Soft: 173, Weak: 994, Final: 0, Phantom: 41
[29.084s][info][gc,ref      ] GC(11) Discovered  references: Soft: 0, Weak: 208, Final: 0, Phantom: 24
[29.084s][info][gc,ref      ] GC(11) Enqueued    references: Soft: 0, Weak: 6, Final: 0, Phantom: 0
[29.084s][info][gc          ] GC(11) Concurrent weak references 0.084ms
[29.084s][info][gc,start    ] GC(11) Concurrent weak roots
[29.084s][info][gc,task     ] GC(11) Using 1 of 3 workers for concurrent weak root
[29.098s][info][gc          ] GC(11) Concurrent weak roots 14.743ms
[29.098s][info][gc,start    ] GC(11) Concurrent cleanup
[29.098s][info][gc          ] GC(11) Concurrent cleanup 1086M->506M(8192M) 0.066ms
[29.098s][info][gc,ergo     ] GC(11) Free: 7272M, Max: 4096K regular, 6696M humongous, Frag: 8% external, 0% internal; Reserve: 411M, Max: 4096K
[29.098s][info][gc,start    ] GC(11) Concurrent class unloading
[29.099s][info][gc,task     ] GC(11) Using 1 of 3 workers for concurrent class unloading
[29.110s][info][gc          ] GC(11) Concurrent class unloading 11.037ms
[29.110s][info][gc,start    ] GC(11) Concurrent strong roots
[29.110s][info][gc,task     ] GC(11) Using 1 of 3 workers for concurrent strong root
[29.110s][info][gc          ] GC(11) Concurrent strong roots 0.141ms
[29.110s][info][gc,start    ] GC(11) Concurrent evacuation
[29.110s][info][gc,task     ] GC(11) Using 1 of 3 workers for concurrent evacuation
[29.111s][info][gc          ] GC(11) Concurrent evacuation 1.344ms
[29.111s][info][gc,start    ] GC(11) Pause Init Update Refs
[29.111s][info][gc,ergo     ] GC(11) Pacer for Update Refs. Used: 551M, Free: 7228M, Non-Taxable: 722M, Alloc Tax Rate: 1.1x
[29.111s][info][gc          ] GC(11) Pause Init Update Refs 0.056ms
[29.114s][info][gc,start    ] GC(11) Concurrent update references
[29.115s][info][gc,task     ] GC(11) Using 1 of 3 workers for concurrent reference update
[29.212s][info][gc          ] GC(11) Concurrent update references 97.653ms
[29.212s][info][gc,start    ] GC(11) Concurrent update thread roots
[29.228s][info][gc          ] GC(11) Concurrent update thread roots 15.393ms
[29.228s][info][gc,start    ] GC(11) Pause Final Update Refs
[29.228s][info][gc,task     ] GC(11) Using 3 of 3 workers for final reference update
[29.228s][info][gc          ] GC(11) Pause Final Update Refs 0.114ms
[29.243s][info][gc,start    ] GC(11) Concurrent cleanup
[29.243s][info][gc          ] GC(11) Concurrent cleanup 971M->865M(8192M) 0.171ms
[29.243s][info][gc,ergo     ] Free: 6914M, Max: 4096K regular, 6700M humongous, Frag: 4% external, 0% internal; Reserve: 412M, Max: 4096K
[29.244s][info][gc,stats    ] 
[29.244s][info][gc,stats    ] All times are wall-clock times, except per-root-class counters, that are sum over
[29.244s][info][gc,stats    ] all workers. Dividing the <total> over the root stage time estimates parallelism.
[29.244s][info][gc,stats    ] 
[29.244s][info][gc,stats    ] Concurrent Reset                    332 us
[29.244s][info][gc,stats    ] Pause Init Mark (G)               30971 us
[29.244s][info][gc,stats    ] Pause Init Mark (N)                 110 us
[29.244s][info][gc,stats    ]   Update Region States               30 us
[29.244s][info][gc,stats    ] Concurrent Mark Roots               808 us, parallelism: 0.77x
[29.244s][info][gc,stats    ]   CMR: <total>                      623 us
[29.244s][info][gc,stats    ]   CMR: Thread Roots                 565 us, workers (us): 565, ---, ---, 
[29.244s][info][gc,stats    ]   CMR: VM Strong Roots                7 us, workers (us):   7, ---, ---, 
[29.244s][info][gc,stats    ]   CMR: CLDG Roots                    51 us, workers (us):  51, ---, ---, 
[29.244s][info][gc,stats    ] Concurrent Marking                14918 us
[29.244s][info][gc,stats    ] Pause Final Mark (G)              15336 us
[29.244s][info][gc,stats    ] Pause Final Mark (N)                239 us
[29.244s][info][gc,stats    ]   Finish Mark                        66 us
[29.244s][info][gc,stats    ]   Update Region States               40 us
[29.244s][info][gc,stats    ]   Choose Collection Set              75 us
[29.244s][info][gc,stats    ]   Rebuild Free Set                    8 us
[29.244s][info][gc,stats    ] Concurrent Thread Roots             757 us, parallelism: 0.79x
[29.244s][info][gc,stats    ]   CTR: <total>                      601 us
[29.244s][info][gc,stats    ]   CTR: Thread Roots                 601 us, workers (us): 601, ---, ---, 
[29.244s][info][gc,stats    ] Concurrent Weak References           92 us, parallelism: 0.28x
[29.244s][info][gc,stats    ]   CWRF: <total>                      26 us
[29.244s][info][gc,stats    ]   CWRF: Weak References              26 us, workers (us):  26, ---, ---, 
[29.244s][info][gc,stats    ] Concurrent Weak Roots             14857 us
[29.244s][info][gc,stats    ]   Roots                            1148 us, parallelism: 0.96x
[29.244s][info][gc,stats    ]     CWR: <total>                   1102 us
[29.244s][info][gc,stats    ]     CWR: Code Cache Roots           872 us, workers (us): 872, ---, ---, 
[29.244s][info][gc,stats    ]     CWR: VM Weak Roots              219 us, workers (us): 219, ---, ---, 
[29.244s][info][gc,stats    ]     CWR: CLDG Roots                  11 us, workers (us):  11, ---, ---, 
[29.244s][info][gc,stats    ]   Rendezvous                      13570 us
[29.244s][info][gc,stats    ] Concurrent Cleanup                   75 us
[29.244s][info][gc,stats    ] Concurrent Class Unloading        11109 us
[29.244s][info][gc,stats    ]   Unlink Stale                     3230 us
[29.244s][info][gc,stats    ]     System Dictionary                24 us
[29.244s][info][gc,stats    ]     Weak Class Links                  1 us
[29.244s][info][gc,stats    ]     Code Roots                     3203 us
[29.244s][info][gc,stats    ]   Rendezvous                       7491 us
[29.244s][info][gc,stats    ]   Purge Unlinked                    292 us
[29.244s][info][gc,stats    ]     Code Roots                      283 us
[29.244s][info][gc,stats    ]     CLDG                              8 us
[29.244s][info][gc,stats    ]     Exception Caches                  0 us
[29.244s][info][gc,stats    ] Concurrent Strong Roots             153 us, parallelism: 0.55x
[29.244s][info][gc,stats    ]   CSR: <total>                       84 us
[29.244s][info][gc,stats    ]   CSR: VM Strong Roots                4 us, workers (us):   4, ---, ---, 
[29.244s][info][gc,stats    ]   CSR: CLDG Roots                    80 us, workers (us):  80, ---, ---, 
[29.244s][info][gc,stats    ] Concurrent Evacuation              1394 us
[29.244s][info][gc,stats    ] Pause Init Update Refs (G)         3287 us
[29.244s][info][gc,stats    ] Pause Init Update Refs (N)           65 us
[29.244s][info][gc,stats    ]   Manage GCLABs                       3 us
[29.244s][info][gc,stats    ] Concurrent Update Refs            97723 us
[29.244s][info][gc,stats    ] Concurrent Update Thread Roots    15507 us
[29.244s][info][gc,stats    ] Pause Final Update Refs (G)       15569 us
[29.244s][info][gc,stats    ] Pause Final Update Refs (N)         154 us
[29.244s][info][gc,stats    ]   Update Region States               65 us
[29.244s][info][gc,stats    ]   Trash Collection Set                4 us
[29.244s][info][gc,stats    ]   Rebuild Free Set                   13 us
[29.244s][info][gc,stats    ] Concurrent Cleanup                  185 us
[29.244s][info][gc,stats    ] 
[29.244s][info][gc,stats    ] Allocation pacing accrued:
[29.244s][info][gc,stats    ]       0 of  1935 ms (  0.0%): <total>
[29.244s][info][gc,stats    ]       0 of  1935 ms (  0.0%): <average total>
[29.244s][info][gc,stats    ] 
[29.244s][info][gc,metaspace] Metaspace: 16384K(16704K)->16384K(16704K) NonClass: 14035K(14208K)->14035K(14208K) Class: 2348K(2496K)->2348K(2496K)
[29.244s][info][gc,ergo     ] Pacer for Idle. Initial: 163M, Alloc Tax Rate: 1.0x
[29.369s][info][gc          ] Trigger: Average GC time (1421.26 ms) is above the time for average allocation rate (4270 MB/s) to deplete free headroom (5876M) (margin of error = 1.80)
[29.369s][info][gc,ergo     ] Free headroom: 6286M (free) - 409M (spike) - 0B (penalties) = 5876M
[29.369s][info][gc,ergo     ] Free: 6286M, Max: 4096K regular, 6284M humongous, Frag: 0% external, 0% internal; Reserve: 412M, Max: 4096K
[29.369s][info][gc,start    ] GC(12) Concurrent reset
[29.369s][info][gc,task     ] GC(12) Using 1 of 3 workers for concurrent reset
[29.369s][info][gc,ergo     ] GC(12) Pacer for Reset. Non-Taxable: 8192M
[29.370s][info][gc          ] GC(12) Concurrent reset 1.080ms
[29.370s][info][gc,start    ] GC(12) Pause Init Mark (unload classes)
[29.370s][info][gc,task     ] GC(12) Using 3 of 3 workers for init marking
[29.370s][info][gc,ergo     ] GC(12) Pacer for Mark. Expected Live: 130M, Free: 6278M, Non-Taxable: 627M, Alloc Tax Rate: 0.0x
[29.370s][info][gc          ] GC(12) Pause Init Mark (unload classes) 0.134ms
[29.385s][info][gc,start    ] GC(12) Concurrent marking roots
[29.385s][info][gc,task     ] GC(12) Using 1 of 3 workers for concurrent marking roots
[29.385s][info][gc          ] GC(12) Concurrent marking roots 0.812ms
[29.385s][info][gc,start    ] GC(12) Concurrent marking (unload classes)
[29.385s][info][gc,task     ] GC(12) Using 1 of 3 workers for concurrent marking
[29.401s][info][gc          ] GC(12) Concurrent marking (unload classes) 15.964ms
[29.402s][info][gc,start    ] GC(12) Pause Final Mark (unload classes)
[29.402s][info][gc,task     ] GC(12) Using 3 of 3 workers for final marking
[29.402s][info][gc,ergo     ] GC(12) Adaptive CSet Selection. Target Free: 1160M, Actual Free: 7848M, Max CSet: 341M, Min Garbage: 0B
[29.402s][info][gc,ergo     ] GC(12) Collectable Garbage: 1496M (99%), Immediate: 1312M (87%), CSet: 184M (12%)
[29.402s][info][gc,ergo     ] GC(12) Pacer for Evacuation. Used CSet: 185M, Free: 7436M, Non-Taxable: 743M, Alloc Tax Rate: 1.1x
[29.402s][info][gc          ] GC(12) Pause Final Mark (unload classes) 0.213ms
[29.403s][info][gc,start    ] GC(12) Concurrent thread roots
[29.403s][info][gc,task     ] GC(12) Using 1 of 3 workers for Concurrent thread roots
[29.403s][info][gc          ] GC(12) Concurrent thread roots 0.619ms
[29.403s][info][gc,start    ] GC(12) Concurrent weak references
[29.403s][info][gc,task     ] GC(12) Using 1 of 3 workers for concurrent weak references
[29.403s][info][gc,ref      ] GC(12) Encountered references: Soft: 173, Weak: 988, Final: 0, Phantom: 41
[29.403s][info][gc,ref      ] GC(12) Discovered  references: Soft: 0, Weak: 202, Final: 0, Phantom: 24
[29.403s][info][gc,ref      ] GC(12) Enqueued    references: Soft: 0, Weak: 0, Final: 0, Phantom: 0
[29.403s][info][gc          ] GC(12) Concurrent weak references 0.080ms
[29.403s][info][gc,start    ] GC(12) Concurrent weak roots
[29.403s][info][gc,task     ] GC(12) Using 1 of 3 workers for concurrent weak root
[29.405s][info][gc          ] GC(12) Concurrent weak roots 1.311ms
[29.405s][info][gc,start    ] GC(12) Concurrent cleanup
[29.405s][info][gc          ] GC(12) Concurrent cleanup 1678M->366M(8192M) 0.045ms
[29.405s][info][gc,ergo     ] GC(12) Free: 7412M, Max: 4096K regular, 6100M humongous, Frag: 18% external, 0% internal; Reserve: 411M, Max: 4096K
[29.405s][info][gc,start    ] GC(12) Concurrent class unloading
[29.405s][info][gc,task     ] GC(12) Using 1 of 3 workers for concurrent class unloading
[29.409s][info][gc          ] GC(12) Concurrent class unloading 4.213ms
[29.409s][info][gc,start    ] GC(12) Concurrent strong roots
[29.409s][info][gc,task     ] GC(12) Using 1 of 3 workers for concurrent strong root
[29.409s][info][gc          ] GC(12) Concurrent strong roots 0.099ms
[29.409s][info][gc,start    ] GC(12) Concurrent evacuation
[29.409s][info][gc,task     ] GC(12) Using 1 of 3 workers for concurrent evacuation
[29.411s][info][gc          ] GC(12) Concurrent evacuation 1.575ms
[29.411s][info][gc,start    ] GC(12) Pause Init Update Refs
[29.411s][info][gc,ergo     ] GC(12) Pacer for Update Refs. Used: 387M, Free: 7392M, Non-Taxable: 739M, Alloc Tax Rate: 1.1x
[29.411s][info][gc          ] GC(12) Pause Init Update Refs 0.045ms
[29.411s][info][gc,start    ] GC(12) Concurrent update references
[29.411s][info][gc,task     ] GC(12) Using 1 of 3 workers for concurrent reference update
[29.478s][info][gc          ] GC(12) Concurrent update references 66.325ms
[29.478s][info][gc,start    ] GC(12) Concurrent update thread roots
[29.479s][info][gc          ] GC(12) Concurrent update thread roots 0.718ms
[29.479s][info][gc,start    ] GC(12) Pause Final Update Refs
[29.479s][info][gc,task     ] GC(12) Using 3 of 3 workers for final reference update
[29.479s][info][gc          ] GC(12) Pause Final Update Refs 0.099ms
[29.494s][info][gc,start    ] GC(12) Concurrent cleanup
[29.494s][info][gc          ] GC(12) Concurrent cleanup 671M->493M(8192M) 0.165ms
[29.494s][info][gc,ergo     ] Free: 7286M, Max: 4096K regular, 6100M humongous, Frag: 17% external, 0% internal; Reserve: 412M, Max: 4096K
[29.494s][info][gc,stats    ] 
[29.494s][info][gc,stats    ] All times are wall-clock times, except per-root-class counters, that are sum over
[29.494s][info][gc,stats    ] all workers. Dividing the <total> over the root stage time estimates parallelism.
[29.494s][info][gc,stats    ] 
[29.494s][info][gc,stats    ] Concurrent Reset                   1154 us
[29.495s][info][gc,stats    ] Pause Init Mark (G)               14523 us
[29.495s][info][gc,stats    ] Pause Init Mark (N)                 143 us
[29.495s][info][gc,stats    ]   Update Region States               46 us
[29.495s][info][gc,stats    ] Concurrent Mark Roots               831 us, parallelism: 0.77x
[29.495s][info][gc,stats    ]   CMR: <total>                      643 us
[29.495s][info][gc,stats    ]   CMR: Thread Roots                 583 us, workers (us): 583, ---, ---, 
[29.495s][info][gc,stats    ]   CMR: VM Strong Roots                8 us, workers (us):   8, ---, ---, 
[29.495s][info][gc,stats    ]   CMR: CLDG Roots                    51 us, workers (us):  51, ---, ---, 
[29.495s][info][gc,stats    ] Concurrent Marking                16031 us
[29.495s][info][gc,stats    ] Pause Final Mark (G)               1106 us
[29.495s][info][gc,stats    ] Pause Final Mark (N)                224 us
[29.495s][info][gc,stats    ]   Finish Mark                        38 us
[29.495s][info][gc,stats    ]   Update Region States               44 us
[29.495s][info][gc,stats    ]   Choose Collection Set              77 us
[29.495s][info][gc,stats    ]   Rebuild Free Set                    9 us
[29.495s][info][gc,stats    ] Concurrent Thread Roots             643 us, parallelism: 0.86x
[29.495s][info][gc,stats    ]   CTR: <total>                      551 us
[29.495s][info][gc,stats    ]   CTR: Thread Roots                 551 us, workers (us): 551, ---, ---, 
[29.495s][info][gc,stats    ] Concurrent Weak References           87 us, parallelism: 0.23x
[29.495s][info][gc,stats    ]   CWRF: <total>                      20 us
[29.495s][info][gc,stats    ]   CWRF: Weak References              20 us, workers (us):  20, ---, ---, 
[29.495s][info][gc,stats    ] Concurrent Weak Roots              1341 us
[29.495s][info][gc,stats    ]   Roots                            1038 us, parallelism: 0.96x
[29.495s][info][gc,stats    ]     CWR: <total>                   1001 us
[29.495s][info][gc,stats    ]     CWR: Code Cache Roots           829 us, workers (us): 829, ---, ---, 
[29.495s][info][gc,stats    ]     CWR: VM Weak Roots              160 us, workers (us): 160, ---, ---, 
[29.495s][info][gc,stats    ]     CWR: CLDG Roots                  12 us, workers (us):  12, ---, ---, 
[29.495s][info][gc,stats    ]   Rendezvous                        256 us
[29.495s][info][gc,stats    ] Concurrent Cleanup                   54 us
[29.495s][info][gc,stats    ] Concurrent Class Unloading         4257 us
[29.495s][info][gc,stats    ]   Unlink Stale                     3119 us
[29.495s][info][gc,stats    ]     System Dictionary                10 us
[29.495s][info][gc,stats    ]     Weak Class Links                  0 us
[29.495s][info][gc,stats    ]     Code Roots                     3107 us
[29.495s][info][gc,stats    ]   Rendezvous                        867 us
[29.495s][info][gc,stats    ]   Purge Unlinked                    208 us
[29.495s][info][gc,stats    ]     Code Roots                      202 us
[29.495s][info][gc,stats    ]     CLDG                              6 us
[29.495s][info][gc,stats    ]     Exception Caches                  0 us
[29.495s][info][gc,stats    ] Concurrent Strong Roots             110 us, parallelism: 0.51x
[29.495s][info][gc,stats    ]   CSR: <total>                       56 us
[29.495s][info][gc,stats    ]   CSR: VM Strong Roots                4 us, workers (us):   4, ---, ---, 
[29.495s][info][gc,stats    ]   CSR: CLDG Roots                    53 us, workers (us):  53, ---, ---, 
[29.495s][info][gc,stats    ] Concurrent Evacuation              1590 us
[29.495s][info][gc,stats    ] Pause Init Update Refs (G)          732 us
[29.495s][info][gc,stats    ] Pause Init Update Refs (N)           54 us
[29.495s][info][gc,stats    ]   Manage GCLABs                       4 us
[29.495s][info][gc,stats    ] Concurrent Update Refs            66398 us
[29.495s][info][gc,stats    ] Concurrent Update Thread Roots      737 us
[29.495s][info][gc,stats    ] Pause Final Update Refs (G)       15685 us
[29.495s][info][gc,stats    ] Pause Final Update Refs (N)         138 us
[29.495s][info][gc,stats    ]   Update Region States               40 us
[29.495s][info][gc,stats    ]   Trash Collection Set                5 us
[29.495s][info][gc,stats    ]   Rebuild Free Set                   21 us
[29.495s][info][gc,stats    ] Concurrent Cleanup                  179 us
[29.495s][info][gc,stats    ] 
[29.495s][info][gc,stats    ] Allocation pacing accrued:
[29.495s][info][gc,stats    ]       0 of   251 ms (  0.0%): <total>
[29.495s][info][gc,stats    ]       0 of   251 ms (  0.0%): <average total>
[29.495s][info][gc,stats    ] 
[29.495s][info][gc,metaspace] Metaspace: 16384K(16704K)->16384K(16704K) NonClass: 14035K(14208K)->14035K(14208K) Class: 2348K(2496K)->2348K(2496K)
[29.495s][info][gc,ergo     ] Pacer for Idle. Initial: 163M, Alloc Tax Rate: 1.0x
[33.470s][info][gc          ] Trigger: Learning 4 of 5. Free (5730M) is below initial threshold (5734M)
[33.470s][info][gc,ergo     ] Free: 5730M, Max: 4096K regular, 5728M humongous, Frag: 0% external, 0% internal; Reserve: 412M, Max: 4096K
[33.470s][info][gc,start    ] GC(13) Concurrent reset
[33.470s][info][gc,task     ] GC(13) Using 1 of 3 workers for concurrent reset
[33.470s][info][gc,ergo     ] GC(13) Pacer for Reset. Non-Taxable: 8192M
[33.471s][info][gc          ] GC(13) Concurrent reset 0.983ms
[33.471s][info][gc,start    ] GC(13) Pause Init Mark (unload classes)
[33.471s][info][gc,task     ] GC(13) Using 3 of 3 workers for init marking
[33.471s][info][gc,ergo     ] GC(13) Pacer for Mark. Expected Live: 130M, Free: 5726M, Non-Taxable: 572M, Alloc Tax Rate: 0.0x
[33.471s][info][gc          ] GC(13) Pause Init Mark (unload classes) 0.181ms
[33.471s][info][gc,start    ] GC(13) Concurrent marking roots
[33.471s][info][gc,task     ] GC(13) Using 1 of 3 workers for concurrent marking roots
[33.472s][info][gc          ] GC(13) Concurrent marking roots 0.898ms
[33.472s][info][gc,start    ] GC(13) Concurrent marking (unload classes)
[33.472s][info][gc,task     ] GC(13) Using 1 of 3 workers for concurrent marking
[33.997s][info][gc          ] GC(13) Concurrent marking (unload classes) 524.927ms
[33.997s][info][gc,start    ] GC(13) Pause Final Mark (unload classes)
[33.997s][info][gc,task     ] GC(13) Using 3 of 3 workers for final marking
[33.997s][info][gc,ergo     ] GC(13) Adaptive CSet Selection. Target Free: 1160M, Actual Free: 7088M, Max CSet: 341M, Min Garbage: 0B
[33.997s][info][gc,ergo     ] GC(13) Collectable Garbage: 1794M (99%), Immediate: 1408M (78%), CSet: 386M (21%)
[33.998s][info][gc,ergo     ] GC(13) Pacer for Evacuation. Used CSet: 641M, Free: 6676M, Non-Taxable: 667M, Alloc Tax Rate: 1.1x
[33.998s][info][gc          ] GC(13) Pause Final Mark (unload classes) 0.316ms
[33.998s][info][gc,start    ] GC(13) Concurrent thread roots
[33.998s][info][gc,task     ] GC(13) Using 1 of 3 workers for Concurrent thread roots
[33.999s][info][gc          ] GC(13) Concurrent thread roots 1.154ms
[33.999s][info][gc,start    ] GC(13) Concurrent weak references
[33.999s][info][gc,task     ] GC(13) Using 1 of 3 workers for concurrent weak references
[33.999s][info][gc,ref      ] GC(13) Encountered references: Soft: 173, Weak: 991, Final: 0, Phantom: 41
[33.999s][info][gc,ref      ] GC(13) Discovered  references: Soft: 0, Weak: 200, Final: 0, Phantom: 24
[33.999s][info][gc,ref      ] GC(13) Enqueued    references: Soft: 0, Weak: 3, Final: 0, Phantom: 0
[33.999s][info][gc          ] GC(13) Concurrent weak references 0.200ms
[33.999s][info][gc,start    ] GC(13) Concurrent weak roots
[33.999s][info][gc,task     ] GC(13) Using 1 of 3 workers for concurrent weak root
[34.000s][info][gc          ] GC(13) Concurrent weak roots 1.052ms
[34.000s][info][gc,start    ] GC(13) Concurrent cleanup
[34.000s][info][gc          ] GC(13) Concurrent cleanup 2511M->1103M(8192M) 0.042ms
[34.000s][info][gc,ergo     ] GC(13) Free: 6676M, Max: 4096K regular, 5268M humongous, Frag: 22% external, 0% internal; Reserve: 409M, Max: 4096K
[34.000s][info][gc,start    ] GC(13) Concurrent class unloading
[34.000s][info][gc,task     ] GC(13) Using 1 of 3 workers for concurrent class unloading
[34.004s][info][gc          ] GC(13) Concurrent class unloading 3.341ms
[34.004s][info][gc,start    ] GC(13) Concurrent strong roots
[34.004s][info][gc,task     ] GC(13) Using 1 of 3 workers for concurrent strong root
[34.004s][info][gc          ] GC(13) Concurrent strong roots 0.150ms
[34.004s][info][gc,start    ] GC(13) Concurrent evacuation
[34.004s][info][gc,task     ] GC(13) Using 1 of 3 workers for concurrent evacuation
[34.212s][info][gc          ] GC(13) Concurrent evacuation 208.407ms
[34.212s][info][gc,start    ] GC(13) Pause Init Update Refs
[34.212s][info][gc,ergo     ] GC(13) Pacer for Update Refs. Used: 1413M, Free: 6628M, Non-Taxable: 662M, Alloc Tax Rate: 1.1x
[34.212s][info][gc          ] GC(13) Pause Init Update Refs 0.091ms
[34.213s][info][gc,start    ] GC(13) Concurrent update references
[34.213s][info][gc,task     ] GC(13) Using 1 of 3 workers for concurrent reference update
[34.880s][info][gc          ] GC(13) Concurrent update references 667.531ms
[34.880s][info][gc,start    ] GC(13) Concurrent update thread roots
[34.881s][info][gc          ] GC(13) Concurrent update thread roots 0.549ms
[34.881s][info][gc,start    ] GC(13) Pause Final Update Refs
[34.881s][info][gc,task     ] GC(13) Using 3 of 3 workers for final reference update
[34.881s][info][gc          ] GC(13) Pause Final Update Refs 0.110ms
[34.881s][info][gc,start    ] GC(13) Concurrent cleanup
[34.881s][info][gc          ] GC(13) Concurrent cleanup 1845M->1203M(8192M) 0.036ms
[34.881s][info][gc,ergo     ] Free: 6576M, Max: 4096K regular, 5008M humongous, Frag: 24% external, 0% internal; Reserve: 412M, Max: 4096K
[34.881s][info][gc,stats    ] 
[34.881s][info][gc,stats    ] All times are wall-clock times, except per-root-class counters, that are sum over
[34.881s][info][gc,stats    ] all workers. Dividing the <total> over the root stage time estimates parallelism.
[34.881s][info][gc,stats    ] 
[34.881s][info][gc,stats    ] Concurrent Reset                   1021 us
[34.881s][info][gc,stats    ] Pause Init Mark (G)                 403 us
[34.881s][info][gc,stats    ] Pause Init Mark (N)                 198 us
[34.881s][info][gc,stats    ]   Update Region States               73 us
[34.881s][info][gc,stats    ] Concurrent Mark Roots               934 us, parallelism: 0.79x
[34.881s][info][gc,stats    ]   CMR: <total>                      739 us
[34.881s][info][gc,stats    ]   CMR: Thread Roots                 666 us, workers (us): 666, ---, ---, 
[34.881s][info][gc,stats    ]   CMR: VM Strong Roots                8 us, workers (us):   8, ---, ---, 
[34.881s][info][gc,stats    ]   CMR: CLDG Roots                    65 us, workers (us):  65, ---, ---, 
[34.881s][info][gc,stats    ] Concurrent Marking               524992 us
[34.881s][info][gc,stats    ] Pause Final Mark (G)                441 us
[34.881s][info][gc,stats    ] Pause Final Mark (N)                333 us
[34.881s][info][gc,stats    ]   Finish Mark                        65 us
[34.881s][info][gc,stats    ]   Update Region States               45 us
[34.881s][info][gc,stats    ]   Choose Collection Set             109 us
[34.881s][info][gc,stats    ]   Rebuild Free Set                   16 us
[34.881s][info][gc,stats    ] Concurrent Thread Roots            1191 us, parallelism: 0.87x
[34.881s][info][gc,stats    ]   CTR: <total>                     1037 us
[34.881s][info][gc,stats    ]   CTR: Thread Roots                1037 us, workers (us): 1037, ---, ---, 
[34.881s][info][gc,stats    ] Concurrent Weak References          216 us, parallelism: 0.07x
[34.881s][info][gc,stats    ]   CWRF: <total>                      16 us
[34.881s][info][gc,stats    ]   CWRF: Weak References              16 us, workers (us):  16, ---, ---, 
[34.881s][info][gc,stats    ] Concurrent Weak Roots              1086 us
[34.881s][info][gc,stats    ]   Roots                             932 us, parallelism: 0.93x
[34.881s][info][gc,stats    ]     CWR: <total>                    867 us
[34.881s][info][gc,stats    ]     CWR: Code Cache Roots           685 us, workers (us): 685, ---, ---, 
[34.881s][info][gc,stats    ]     CWR: VM Weak Roots              173 us, workers (us): 173, ---, ---, 
[34.881s][info][gc,stats    ]     CWR: CLDG Roots                   9 us, workers (us):   9, ---, ---, 
[34.881s][info][gc,stats    ]   Rendezvous                         87 us
[34.881s][info][gc,stats    ] Concurrent Cleanup                   50 us
[34.881s][info][gc,stats    ] Concurrent Class Unloading         3402 us
[34.881s][info][gc,stats    ]   Unlink Stale                     2934 us
[34.881s][info][gc,stats    ]     System Dictionary                 9 us
[34.881s][info][gc,stats    ]     Weak Class Links                  0 us
[34.881s][info][gc,stats    ]     Code Roots                     2923 us
[34.881s][info][gc,stats    ]   Rendezvous                        160 us
[34.881s][info][gc,stats    ]   Purge Unlinked                    227 us
[34.881s][info][gc,stats    ]     Code Roots                      217 us
[34.881s][info][gc,stats    ]     CLDG                              9 us
[34.881s][info][gc,stats    ]     Exception Caches                  0 us
[34.881s][info][gc,stats    ] Concurrent Strong Roots             167 us, parallelism: 0.34x
[34.881s][info][gc,stats    ]   CSR: <total>                       57 us
[34.881s][info][gc,stats    ]   CSR: VM Strong Roots                5 us, workers (us):   5, ---, ---, 
[34.881s][info][gc,stats    ]   CSR: CLDG Roots                    52 us, workers (us):  52, ---, ---, 
[34.881s][info][gc,stats    ] Concurrent Evacuation            208477 us
[34.881s][info][gc,stats    ] Pause Init Update Refs (G)          288 us
[34.881s][info][gc,stats    ] Pause Init Update Refs (N)          114 us
[34.881s][info][gc,stats    ]   Manage GCLABs                       5 us
[34.881s][info][gc,stats    ] Concurrent Update Refs           667587 us
[34.882s][info][gc,stats    ] Concurrent Update Thread Roots      571 us
[34.882s][info][gc,stats    ] Pause Final Update Refs (G)         333 us
[34.882s][info][gc,stats    ] Pause Final Update Refs (N)         130 us
[34.882s][info][gc,stats    ]   Update Region States               35 us
[34.882s][info][gc,stats    ]   Trash Collection Set                6 us
[34.882s][info][gc,stats    ]   Rebuild Free Set                   18 us
[34.882s][info][gc,stats    ] Concurrent Cleanup                   46 us
[34.882s][info][gc,stats    ] 
[34.882s][info][gc,stats    ] Allocation pacing accrued:
[34.882s][info][gc,stats    ]       0 of  5387 ms (  0.0%): <total>
[34.882s][info][gc,stats    ]       0 of  5387 ms (  0.0%): <average total>
[34.882s][info][gc,stats    ] 
[34.882s][info][gc,metaspace] Metaspace: 16389K(16704K)->16389K(16704K) NonClass: 14041K(14208K)->14041K(14208K) Class: 2348K(2496K)->2348K(2496K)
[34.882s][info][gc,ergo     ] Pacer for Idle. Initial: 163M, Alloc Tax Rate: 1.0x
[35.725s][info][gc          ] Trigger: Explicit GC request (System.gc())
[35.725s][info][gc,ergo     ] Free: 6456M, Max: 4096K regular, 5008M humongous, Frag: 23% external, 0% internal; Reserve: 412M, Max: 4096K
[35.725s][info][gc,start    ] GC(14) Concurrent reset
[35.725s][info][gc,task     ] GC(14) Using 1 of 3 workers for concurrent reset
[35.725s][info][gc,ergo     ] GC(14) Pacer for Reset. Non-Taxable: 8192M
[35.727s][info][gc          ] GC(14) Concurrent reset 2.784ms
[35.728s][info][gc,start    ] GC(14) Pause Init Mark (unload classes)
[35.728s][info][gc,task     ] GC(14) Using 3 of 3 workers for init marking
[35.728s][info][gc,ref      ] GC(14) Clearing All SoftReferences
[35.728s][info][gc,ergo     ] GC(14) Pacer for Mark. Expected Live: 138M, Free: 6456M, Non-Taxable: 645M, Alloc Tax Rate: 0.0x
[35.728s][info][gc          ] GC(14) Pause Init Mark (unload classes) 0.149ms
[35.728s][info][gc,start    ] GC(14) Concurrent marking roots
[35.728s][info][gc,task     ] GC(14) Using 1 of 3 workers for concurrent marking roots
[35.728s][info][gc          ] GC(14) Concurrent marking roots 0.664ms
[35.728s][info][gc,start    ] GC(14) Concurrent marking (unload classes)
[35.728s][info][gc,task     ] GC(14) Using 1 of 3 workers for concurrent marking
[35.733s][info][gc          ] GC(14) Concurrent marking (unload classes) 4.384ms
[35.733s][info][gc,start    ] GC(14) Pause Final Mark (unload classes)
[35.733s][info][gc,task     ] GC(14) Using 3 of 3 workers for final marking
[35.733s][info][gc,ergo     ] GC(14) Collectable Garbage: 1279M (97%), Immediate: 1279M (97%), CSet: 0B (0%)
[35.733s][info][gc          ] GC(14) Pause Final Mark (unload classes) 0.259ms
[35.733s][info][gc,start    ] GC(14) Concurrent weak references
[35.733s][info][gc,task     ] GC(14) Using 1 of 3 workers for concurrent weak references
[35.733s][info][gc,ref      ] GC(14) Encountered references: Soft: 172, Weak: 989, Final: 0, Phantom: 41
[35.734s][info][gc,ref      ] GC(14) Discovered  references: Soft: 108, Weak: 219, Final: 0, Phantom: 39
[35.734s][info][gc,ref      ] GC(14) Enqueued    references: Soft: 4, Weak: 6, Final: 0, Phantom: 0
[35.734s][info][gc          ] GC(14) Concurrent weak references 0.418ms
[35.734s][info][gc,start    ] GC(14) Concurrent weak roots
[35.734s][info][gc,task     ] GC(14) Using 1 of 3 workers for concurrent weak root
[35.735s][info][gc          ] GC(14) Concurrent weak roots 0.891ms
[35.735s][info][gc,start    ] GC(14) Concurrent cleanup
[35.735s][info][gc          ] GC(14) Concurrent cleanup 1323M->43M(8192M) 0.029ms
[35.735s][info][gc,ergo     ] GC(14) Free: 7736M, Max: 4096K regular, 7148M humongous, Frag: 8% external, 0% internal; Reserve: 412M, Max: 4096K
[35.735s][info][gc,start    ] GC(14) Concurrent class unloading
[35.735s][info][gc,task     ] GC(14) Using 1 of 3 workers for concurrent class unloading
[35.740s][info][gc          ] GC(14) Concurrent class unloading 5.107ms
[35.740s][info][gc,start    ] GC(14) Pause Final Roots
[35.740s][info][gc          ] GC(14) Pause Final Roots 0.071ms
[35.740s][info][gc,ergo     ] Free: 7736M, Max: 4096K regular, 7148M humongous, Frag: 8% external, 0% internal; Reserve: 412M, Max: 4096K
[35.740s][info][gc,stats    ] 
[35.740s][info][gc,stats    ] All times are wall-clock times, except per-root-class counters, that are sum over
[35.740s][info][gc,stats    ] all workers. Dividing the <total> over the root stage time estimates parallelism.
[35.740s][info][gc,stats    ] 
[35.740s][info][gc,stats    ] Concurrent Reset                   2852 us
[35.740s][info][gc,stats    ] Pause Init Mark (G)                 255 us
[35.740s][info][gc,stats    ] Pause Init Mark (N)                 158 us
[35.740s][info][gc,stats    ]   Update Region States               67 us
[35.740s][info][gc,stats    ] Concurrent Mark Roots               684 us, parallelism: 0.80x
[35.740s][info][gc,stats    ]   CMR: <total>                      546 us
[35.740s][info][gc,stats    ]   CMR: Thread Roots                 504 us, workers (us): 504, ---, ---, 
[35.740s][info][gc,stats    ]   CMR: VM Strong Roots                5 us, workers (us):   5, ---, ---, 
[35.740s][info][gc,stats    ]   CMR: CLDG Roots                    37 us, workers (us):  37, ---, ---, 
[35.740s][info][gc,stats    ] Concurrent Marking                 4433 us
[35.740s][info][gc,stats    ] Pause Final Mark (G)                360 us
[35.740s][info][gc,stats    ] Pause Final Mark (N)                269 us
[35.740s][info][gc,stats    ]   Finish Mark                        97 us
[35.740s][info][gc,stats    ]   Update Region States               56 us
[35.740s][info][gc,stats    ]   Choose Collection Set              36 us
[35.740s][info][gc,stats    ]   Rebuild Free Set                    8 us
[35.740s][info][gc,stats    ] Concurrent Weak References          439 us, parallelism: 0.08x
[35.740s][info][gc,stats    ]   CWRF: <total>                      34 us
[35.740s][info][gc,stats    ]   CWRF: Weak References              34 us, workers (us):  34, ---, ---, 
[35.740s][info][gc,stats    ] Concurrent Weak Roots               909 us
[35.740s][info][gc,stats    ]   Roots                             792 us, parallelism: 0.93x
[35.740s][info][gc,stats    ]     CWR: <total>                    735 us
[35.740s][info][gc,stats    ]     CWR: Code Cache Roots           595 us, workers (us): 595, ---, ---, 
[35.740s][info][gc,stats    ]     CWR: VM Weak Roots              131 us, workers (us): 131, ---, ---, 
[35.740s][info][gc,stats    ]     CWR: CLDG Roots                   9 us, workers (us):   9, ---, ---, 
[35.740s][info][gc,stats    ]   Rendezvous                         58 us
[35.740s][info][gc,stats    ] Concurrent Cleanup                   38 us
[35.740s][info][gc,stats    ] Concurrent Class Unloading         5162 us
[35.740s][info][gc,stats    ]   Unlink Stale                     4748 us
[35.740s][info][gc,stats    ]     System Dictionary                59 us
[35.740s][info][gc,stats    ]     Weak Class Links               1872 us
[35.740s][info][gc,stats    ]     Code Roots                     2815 us
[35.740s][info][gc,stats    ]   Rendezvous                        110 us
[35.740s][info][gc,stats    ]   Purge Unlinked                    230 us
[35.740s][info][gc,stats    ]     Code Roots                      211 us
[35.740s][info][gc,stats    ]     CLDG                             19 us
[35.740s][info][gc,stats    ]     Exception Caches                  0 us
[35.740s][info][gc,stats    ] Pause Final Roots (G)               198 us
[35.740s][info][gc,stats    ] Pause Final Roots (N)                94 us
[35.740s][info][gc,stats    ] 
[35.740s][info][gc,stats    ] Allocation pacing accrued:
[35.740s][info][gc,stats    ]       0 of   859 ms (  0.0%): <total>
[35.740s][info][gc,stats    ]       0 of   859 ms (  0.0%): <average total>
[35.740s][info][gc,stats    ] 
[35.741s][info][gc,metaspace] Metaspace: 16390K(16704K)->16386K(16704K) NonClass: 14041K(14208K)->14038K(14208K) Class: 2348K(2496K)->2347K(2496K)
[35.741s][info][gc,ergo     ] Pacer for Idle. Initial: 163M, Alloc Tax Rate: 1.0x
[37.254s][info][gc          ] Trigger: Average GC time (1533.74 ms) is above the time for instantaneous allocation rate (4845 MB/s) to deplete free headroom (6734M) (spike threshold = 1.79)
[37.254s][info][gc,ergo     ] Free: 7144M, Max: 4096K regular, 7144M humongous, Frag: 0% external, 0% internal; Reserve: 412M, Max: 4096K
[37.254s][info][gc,start    ] GC(15) Concurrent reset
[37.254s][info][gc,task     ] GC(15) Using 1 of 3 workers for concurrent reset
[37.254s][info][gc,ergo     ] GC(15) Pacer for Reset. Non-Taxable: 8192M
[37.255s][info][gc          ] GC(15) Concurrent reset 0.518ms
[37.255s][info][gc,start    ] GC(15) Pause Init Mark (unload classes)
[37.255s][info][gc,task     ] GC(15) Using 3 of 3 workers for init marking
[37.255s][info][gc,ergo     ] GC(15) Pacer for Mark. Expected Live: 56558K, Free: 7140M, Non-Taxable: 714M, Alloc Tax Rate: 0.0x
[37.255s][info][gc          ] GC(15) Pause Init Mark (unload classes) 0.109ms
[37.301s][info][gc,start    ] GC(15) Concurrent marking roots
[37.301s][info][gc,task     ] GC(15) Using 1 of 3 workers for concurrent marking roots
[37.302s][info][gc          ] GC(15) Concurrent marking roots 0.855ms
[37.302s][info][gc,start    ] GC(15) Concurrent marking (unload classes)
[37.302s][info][gc,task     ] GC(15) Using 1 of 3 workers for concurrent marking
[37.317s][info][gc          ] GC(15) Concurrent marking (unload classes) 15.002ms
[37.317s][info][gc,start    ] GC(15) Pause Final Mark (unload classes)
[37.317s][info][gc,task     ] GC(15) Using 3 of 3 workers for final marking
[37.317s][info][gc,ergo     ] GC(15) Adaptive CSet Selection. Target Free: 1160M, Actual Free: 7700M, Max CSet: 341M, Min Garbage: 0B
[37.317s][info][gc,ergo     ] GC(15) Collectable Garbage: 634M (99%), Immediate: 424M (66%), CSet: 210M (33%)
[37.317s][info][gc,ergo     ] GC(15) Pacer for Evacuation. Used CSet: 212M, Free: 7288M, Non-Taxable: 728M, Alloc Tax Rate: 1.1x
[37.317s][info][gc          ] GC(15) Pause Final Mark (unload classes) 0.230ms
[37.321s][info][gc,start    ] GC(15) Concurrent thread roots
[37.321s][info][gc,task     ] GC(15) Using 1 of 3 workers for Concurrent thread roots
[37.322s][info][gc          ] GC(15) Concurrent thread roots 0.669ms
[37.322s][info][gc,start    ] GC(15) Concurrent weak references
[37.322s][info][gc,task     ] GC(15) Using 1 of 3 workers for concurrent weak references
[37.322s][info][gc,ref      ] GC(15) Encountered references: Soft: 173, Weak: 995, Final: 0, Phantom: 41
[37.322s][info][gc,ref      ] GC(15) Discovered  references: Soft: 0, Weak: 206, Final: 0, Phantom: 24
[37.322s][info][gc,ref      ] GC(15) Enqueued    references: Soft: 0, Weak: 4, Final: 0, Phantom: 0
[37.322s][info][gc          ] GC(15) Concurrent weak references 0.092ms
[37.322s][info][gc,start    ] GC(15) Concurrent weak roots
[37.322s][info][gc,task     ] GC(15) Using 1 of 3 workers for concurrent weak root
[37.333s][info][gc          ] GC(15) Concurrent weak roots 11.094ms
[37.333s][info][gc,start    ] GC(15) Concurrent cleanup
[37.333s][info][gc          ] GC(15) Concurrent cleanup 988M->564M(8192M) 0.048ms
[37.333s][info][gc,ergo     ] GC(15) Free: 7216M, Max: 4096K regular, 6792M humongous, Frag: 6% external, 0% internal; Reserve: 411M, Max: 4096K
[37.333s][info][gc,start    ] GC(15) Concurrent class unloading
[37.333s][info][gc,task     ] GC(15) Using 1 of 3 workers for concurrent class unloading
[37.349s][info][gc          ] GC(15) Concurrent class unloading 15.697ms
[37.349s][info][gc,start    ] GC(15) Concurrent strong roots
[37.349s][info][gc,task     ] GC(15) Using 1 of 3 workers for concurrent strong root
[37.349s][info][gc          ] GC(15) Concurrent strong roots 0.119ms
[37.349s][info][gc,start    ] GC(15) Concurrent evacuation
[37.349s][info][gc,task     ] GC(15) Using 1 of 3 workers for concurrent evacuation
[37.351s][info][gc          ] GC(15) Concurrent evacuation 1.893ms
[37.351s][info][gc,start    ] GC(15) Pause Init Update Refs
[37.351s][info][gc,ergo     ] GC(15) Pacer for Update Refs. Used: 622M, Free: 7160M, Non-Taxable: 716M, Alloc Tax Rate: 1.1x
[37.351s][info][gc          ] GC(15) Pause Init Update Refs 0.037ms
[37.395s][info][gc,start    ] GC(15) Concurrent update references
[37.395s][info][gc,task     ] GC(15) Using 1 of 3 workers for concurrent reference update
[37.518s][info][gc          ] GC(15) Concurrent update references 122.823ms
[37.518s][info][gc,start    ] GC(15) Concurrent update thread roots
[37.521s][info][gc          ] GC(15) Concurrent update thread roots 2.905ms
[37.521s][info][gc,start    ] GC(15) Pause Final Update Refs
[37.521s][info][gc,task     ] GC(15) Using 3 of 3 workers for final reference update
[37.521s][info][gc          ] GC(15) Pause Final Update Refs 0.115ms
[37.522s][info][gc,start    ] GC(15) Concurrent cleanup
[37.522s][info][gc          ] GC(15) Concurrent cleanup 1158M->950M(8192M) 0.045ms
[37.522s][info][gc,ergo     ] Free: 6829M, Max: 4096K regular, 6648M humongous, Frag: 3% external, 0% internal; Reserve: 412M, Max: 4096K
[37.522s][info][gc,stats    ] 
[37.522s][info][gc,stats    ] All times are wall-clock times, except per-root-class counters, that are sum over
[37.522s][info][gc,stats    ] all workers. Dividing the <total> over the root stage time estimates parallelism.
[37.522s][info][gc,stats    ] 
[37.522s][info][gc,stats    ] Concurrent Reset                    540 us
[37.523s][info][gc,stats    ] Pause Init Mark (G)               46134 us
[37.523s][info][gc,stats    ] Pause Init Mark (N)                 118 us
[37.523s][info][gc,stats    ]   Update Region States               30 us
[37.523s][info][gc,stats    ] Concurrent Mark Roots               881 us, parallelism: 0.76x
[37.523s][info][gc,stats    ]   CMR: <total>                      666 us
[37.523s][info][gc,stats    ]   CMR: Thread Roots                 590 us, workers (us): 590, ---, ---, 
[37.523s][info][gc,stats    ]   CMR: VM Strong Roots                9 us, workers (us):   9, ---, ---, 
[37.523s][info][gc,stats    ]   CMR: CLDG Roots                    66 us, workers (us):  66, ---, ---, 
[37.523s][info][gc,stats    ] Concurrent Marking                15090 us
[37.523s][info][gc,stats    ] Pause Final Mark (G)               4067 us
[37.523s][info][gc,stats    ] Pause Final Mark (N)                239 us
[37.523s][info][gc,stats    ]   Finish Mark                        56 us
[37.523s][info][gc,stats    ]   Update Region States               43 us
[37.523s][info][gc,stats    ]   Choose Collection Set              84 us
[37.523s][info][gc,stats    ]   Rebuild Free Set                    8 us
[37.523s][info][gc,stats    ] Concurrent Thread Roots             684 us, parallelism: 0.83x
[37.523s][info][gc,stats    ]   CTR: <total>                      565 us
[37.523s][info][gc,stats    ]   CTR: Thread Roots                 565 us, workers (us): 565, ---, ---, 
[37.523s][info][gc,stats    ] Concurrent Weak References          100 us, parallelism: 0.22x
[37.523s][info][gc,stats    ]   CWRF: <total>                      22 us
[37.523s][info][gc,stats    ]   CWRF: Weak References              22 us, workers (us):  22, ---, ---, 
[37.523s][info][gc,stats    ] Concurrent Weak Roots             11179 us
[37.523s][info][gc,stats    ]   Roots                            1162 us, parallelism: 0.97x
[37.523s][info][gc,stats    ]     CWR: <total>                   1123 us
[37.523s][info][gc,stats    ]     CWR: Code Cache Roots           887 us, workers (us): 887, ---, ---, 
[37.523s][info][gc,stats    ]     CWR: VM Weak Roots              224 us, workers (us): 224, ---, ---, 
[37.523s][info][gc,stats    ]     CWR: CLDG Roots                  11 us, workers (us):  11, ---, ---, 
[37.523s][info][gc,stats    ]   Rendezvous                       9902 us
[37.523s][info][gc,stats    ] Concurrent Cleanup                   58 us
[37.523s][info][gc,stats    ] Concurrent Class Unloading        15777 us
[37.523s][info][gc,stats    ]   Unlink Stale                     3196 us
[37.523s][info][gc,stats    ]     System Dictionary                14 us
[37.523s][info][gc,stats    ]     Weak Class Links                  0 us
[37.523s][info][gc,stats    ]     Code Roots                     3180 us
[37.523s][info][gc,stats    ]   Rendezvous                      12133 us
[37.523s][info][gc,stats    ]   Purge Unlinked                    345 us
[37.523s][info][gc,stats    ]     Code Roots                      299 us
[37.523s][info][gc,stats    ]     CLDG                             45 us
[37.523s][info][gc,stats    ]     Exception Caches                  0 us
[37.523s][info][gc,stats    ] Concurrent Strong Roots             130 us, parallelism: 0.57x
[37.523s][info][gc,stats    ]   CSR: <total>                       74 us
[37.523s][info][gc,stats    ]   CSR: VM Strong Roots                5 us, workers (us):   5, ---, ---, 
[37.523s][info][gc,stats    ]   CSR: CLDG Roots                    70 us, workers (us):  70, ---, ---, 
[37.523s][info][gc,stats    ] Concurrent Evacuation              1908 us
[37.523s][info][gc,stats    ] Pause Init Update Refs (G)        44559 us
[37.523s][info][gc,stats    ] Pause Init Update Refs (N)           45 us
[37.523s][info][gc,stats    ]   Manage GCLABs                       7 us
[37.523s][info][gc,stats    ] Concurrent Update Refs           122899 us
[37.523s][info][gc,stats    ] Concurrent Update Thread Roots     2949 us
[37.523s][info][gc,stats    ] Pause Final Update Refs (G)        1135 us
[37.523s][info][gc,stats    ] Pause Final Update Refs (N)         135 us
[37.523s][info][gc,stats    ]   Update Region States               40 us
[37.523s][info][gc,stats    ]   Trash Collection Set                4 us
[37.523s][info][gc,stats    ]   Rebuild Free Set                   18 us
[37.523s][info][gc,stats    ] Concurrent Cleanup                   55 us
[37.523s][info][gc,stats    ] 
[37.523s][info][gc,stats    ] Allocation pacing accrued:
[37.523s][info][gc,stats    ]       0 of  1782 ms (  0.0%): <total>
[37.523s][info][gc,stats    ]       0 of  1782 ms (  0.0%): <average total>
[37.523s][info][gc,stats    ] 
[37.523s][info][gc,metaspace] Metaspace: 16392K(16704K)->16392K(16704K) NonClass: 14044K(14208K)->14044K(14208K) Class: 2348K(2496K)->2348K(2496K)
[37.523s][info][gc,ergo     ] Pacer for Idle. Initial: 163M, Alloc Tax Rate: 1.0x
[37.757s][info][gc          ] Trigger: Learning 3 of 5. Free (5681M) is below initial threshold (5734M)
[37.757s][info][gc,ergo     ] Free: 5677M, Max: 4096K regular, 5676M humongous, Frag: 0% external, 0% internal; Reserve: 412M, Max: 4096K
[37.757s][info][gc,start    ] GC(16) Concurrent reset
[37.757s][info][gc,task     ] GC(16) Using 1 of 3 workers for concurrent reset
[37.757s][info][gc,ergo     ] GC(16) Pacer for Reset. Non-Taxable: 8192M
[37.759s][info][gc          ] GC(16) Concurrent reset 1.421ms
[37.759s][info][gc,start    ] GC(16) Pause Init Mark (unload classes)
[37.759s][info][gc,task     ] GC(16) Using 3 of 3 workers for init marking
[37.759s][info][gc,ergo     ] GC(16) Pacer for Mark. Expected Live: 56610K, Free: 5673M, Non-Taxable: 567M, Alloc Tax Rate: 0.0x
[37.759s][info][gc          ] GC(16) Pause Init Mark (unload classes) 0.122ms
[37.804s][info][gc,start    ] GC(16) Concurrent marking roots
[37.805s][info][gc,task     ] GC(16) Using 1 of 3 workers for concurrent marking roots
[37.805s][info][gc          ] GC(16) Concurrent marking roots 0.835ms
[37.805s][info][gc,start    ] GC(16) Concurrent marking (unload classes)
[37.805s][info][gc,task     ] GC(16) Using 1 of 3 workers for concurrent marking
[37.819s][info][gc          ] GC(16) Concurrent marking (unload classes) 13.241ms
[37.819s][info][gc,start    ] GC(16) Pause Final Mark (unload classes)
[37.819s][info][gc,task     ] GC(16) Using 3 of 3 workers for final marking
[37.819s][info][gc,ergo     ] GC(16) Collectable Garbage: 1988M (94%), Immediate: 1988M (94%), CSet: 0B (0%)
[37.819s][info][gc          ] GC(16) Pause Final Mark (unload classes) 0.197ms
[37.819s][info][gc,start    ] GC(16) Concurrent weak references
[37.819s][info][gc,task     ] GC(16) Using 1 of 3 workers for concurrent weak references
[37.819s][info][gc,ref      ] GC(16) Encountered references: Soft: 173, Weak: 991, Final: 0, Phantom: 41
[37.819s][info][gc,ref      ] GC(16) Discovered  references: Soft: 0, Weak: 201, Final: 0, Phantom: 24
[37.819s][info][gc,ref      ] GC(16) Enqueued    references: Soft: 0, Weak: 0, Final: 0, Phantom: 0
[37.819s][info][gc          ] GC(16) Concurrent weak references 0.084ms
[37.819s][info][gc,start    ] GC(16) Concurrent weak roots
[37.819s][info][gc,task     ] GC(16) Using 1 of 3 workers for concurrent weak root
[37.820s][info][gc          ] GC(16) Concurrent weak roots 1.335ms
[37.820s][info][gc,start    ] GC(16) Concurrent cleanup
[37.820s][info][gc          ] GC(16) Concurrent cleanup 2350M->362M(8192M) 0.051ms
[37.820s][info][gc,ergo     ] GC(16) Free: 7417M, Max: 4096K regular, 5428M humongous, Frag: 27% external, 0% internal; Reserve: 412M, Max: 4096K
[37.820s][info][gc,start    ] GC(16) Concurrent class unloading
[37.820s][info][gc,task     ] GC(16) Using 1 of 3 workers for concurrent class unloading
[37.824s][info][gc          ] GC(16) Concurrent class unloading 3.570ms
[37.824s][info][gc,start    ] GC(16) Pause Final Roots
[37.824s][info][gc          ] GC(16) Pause Final Roots 0.039ms
[37.824s][info][gc,ergo     ] Free: 7413M, Max: 4096K regular, 5428M humongous, Frag: 27% external, 0% internal; Reserve: 412M, Max: 4096K
[37.824s][info][gc,stats    ] 
[37.824s][info][gc,stats    ] All times are wall-clock times, except per-root-class counters, that are sum over
[37.824s][info][gc,stats    ] all workers. Dividing the <total> over the root stage time estimates parallelism.
[37.824s][info][gc,stats    ] 
[37.824s][info][gc,stats    ] Concurrent Reset                   1453 us
[37.824s][info][gc,stats    ] Pause Init Mark (G)               45496 us
[37.824s][info][gc,stats    ] Pause Init Mark (N)                 132 us
[37.824s][info][gc,stats    ]   Update Region States               35 us
[37.824s][info][gc,stats    ] Concurrent Mark Roots               861 us, parallelism: 0.71x
[37.824s][info][gc,stats    ]   CMR: <total>                      612 us
[37.824s][info][gc,stats    ]   CMR: Thread Roots                 548 us, workers (us): 548, ---, ---, 
[37.824s][info][gc,stats    ]   CMR: VM Strong Roots                8 us, workers (us):   8, ---, ---, 
[37.824s][info][gc,stats    ]   CMR: CLDG Roots                    56 us, workers (us):  56, ---, ---, 
[37.824s][info][gc,stats    ] Concurrent Marking                13311 us
[37.824s][info][gc,stats    ] Pause Final Mark (G)                251 us
[37.824s][info][gc,stats    ] Pause Final Mark (N)                207 us
[37.824s][info][gc,stats    ]   Finish Mark                        38 us
[37.824s][info][gc,stats    ]   Update Region States               43 us
[37.824s][info][gc,stats    ]   Choose Collection Set              55 us
[37.824s][info][gc,stats    ]   Rebuild Free Set                    8 us
[37.824s][info][gc,stats    ] Concurrent Weak References           91 us, parallelism: 0.14x
[37.824s][info][gc,stats    ]   CWRF: <total>                      13 us
[37.824s][info][gc,stats    ]   CWRF: Weak References              13 us, workers (us):  13, ---, ---, 
[37.824s][info][gc,stats    ] Concurrent Weak Roots              1367 us
[37.824s][info][gc,stats    ]   Roots                            1259 us, parallelism: 0.98x
[37.824s][info][gc,stats    ]     CWR: <total>                   1229 us
[37.824s][info][gc,stats    ]     CWR: Code Cache Roots          1028 us, workers (us): 1028, ---, ---, 
[37.824s][info][gc,stats    ]     CWR: VM Weak Roots              187 us, workers (us): 187, ---, ---, 
[37.824s][info][gc,stats    ]     CWR: CLDG Roots                  14 us, workers (us):  14, ---, ---, 
[37.824s][info][gc,stats    ]   Rendezvous                         59 us
[37.824s][info][gc,stats    ] Concurrent Cleanup                   59 us
[37.824s][info][gc,stats    ] Concurrent Class Unloading         3619 us
[37.824s][info][gc,stats    ]   Unlink Stale                     3325 us
[37.824s][info][gc,stats    ]     System Dictionary                10 us
[37.824s][info][gc,stats    ]     Weak Class Links                  1 us
[37.824s][info][gc,stats    ]     Code Roots                     3312 us
[37.824s][info][gc,stats    ]   Rendezvous                         46 us
[37.824s][info][gc,stats    ]   Purge Unlinked                    180 us
[37.824s][info][gc,stats    ]     Code Roots                      173 us
[37.824s][info][gc,stats    ]     CLDG                              6 us
[37.824s][info][gc,stats    ]     Exception Caches                  0 us
[37.824s][info][gc,stats    ] Pause Final Roots (G)               123 us
[37.824s][info][gc,stats    ] Pause Final Roots (N)                48 us
[37.824s][info][gc,stats    ] 
[37.824s][info][gc,stats    ] Allocation pacing accrued:
[37.824s][info][gc,stats    ]       0 of   302 ms (  0.0%): <total>
[37.824s][info][gc,stats    ]       0 of   302 ms (  0.0%): <average total>
[37.825s][info][gc,stats    ] 
[37.825s][info][gc,metaspace] Metaspace: 16392K(16704K)->16392K(16704K) NonClass: 14044K(14208K)->14044K(14208K) Class: 2348K(2496K)->2348K(2496K)
[37.825s][info][gc,ergo     ] Pacer for Idle. Initial: 163M, Alloc Tax Rate: 1.0x
[41.992s][info][gc          ] Trigger: Learning 4 of 5. Free (5713M) is below initial threshold (5734M)
[41.992s][info][gc,ergo     ] Free: 5713M, Max: 4096K regular, 5428M humongous, Frag: 5% external, 0% internal; Reserve: 412M, Max: 4096K
[41.992s][info][gc,start    ] GC(17) Concurrent reset
[41.992s][info][gc,task     ] GC(17) Using 1 of 3 workers for concurrent reset
[41.992s][info][gc,ergo     ] GC(17) Pacer for Reset. Non-Taxable: 8192M
[41.993s][info][gc          ] GC(17) Concurrent reset 0.992ms
[41.993s][info][gc,start    ] GC(17) Pause Init Mark (unload classes)
[41.993s][info][gc,task     ] GC(17) Using 3 of 3 workers for init marking
[41.993s][info][gc,ergo     ] GC(17) Pacer for Mark. Expected Live: 56601K, Free: 5713M, Non-Taxable: 571M, Alloc Tax Rate: 0.0x
[41.993s][info][gc          ] GC(17) Pause Init Mark (unload classes) 0.174ms
[41.994s][info][gc,start    ] GC(17) Concurrent marking roots
[41.994s][info][gc,task     ] GC(17) Using 1 of 3 workers for concurrent marking roots
[41.994s][info][gc          ] GC(17) Concurrent marking roots 0.775ms
[41.994s][info][gc,start    ] GC(17) Concurrent marking (unload classes)
[41.994s][info][gc,task     ] GC(17) Using 1 of 3 workers for concurrent marking
[42.780s][info][gc          ] GC(17) Concurrent marking (unload classes) 785.823ms
[42.780s][info][gc,start    ] GC(17) Pause Final Mark (unload classes)
[42.780s][info][gc,task     ] GC(17) Using 3 of 3 workers for final marking
[42.781s][info][gc,ergo     ] GC(17) Adaptive CSet Selection. Target Free: 1160M, Actual Free: 6732M, Max CSet: 341M, Min Garbage: 0B
[42.781s][info][gc,ergo     ] GC(17) Collectable Garbage: 1578M (95%), Immediate: 1056M (63%), CSet: 522M (31%)
[42.781s][info][gc,ergo     ] GC(17) Pacer for Evacuation. Used CSet: 862M, Free: 6320M, Non-Taxable: 632M, Alloc Tax Rate: 1.1x
[42.781s][info][gc          ] GC(17) Pause Final Mark (unload classes) 0.471ms
[42.781s][info][gc,start    ] GC(17) Concurrent thread roots
[42.781s][info][gc,task     ] GC(17) Using 1 of 3 workers for Concurrent thread roots
[42.782s][info][gc          ] GC(17) Concurrent thread roots 1.027ms
[42.782s][info][gc,start    ] GC(17) Concurrent weak references
[42.782s][info][gc,task     ] GC(17) Using 1 of 3 workers for concurrent weak references
[42.782s][info][gc,ref      ] GC(17) Encountered references: Soft: 173, Weak: 997, Final: 0, Phantom: 41
[42.782s][info][gc,ref      ] GC(17) Discovered  references: Soft: 0, Weak: 202, Final: 0, Phantom: 24
[42.782s][info][gc,ref      ] GC(17) Enqueued    references: Soft: 0, Weak: 5, Final: 0, Phantom: 0
[42.782s][info][gc          ] GC(17) Concurrent weak references 0.146ms
[42.782s][info][gc,start    ] GC(17) Concurrent weak roots
[42.782s][info][gc,task     ] GC(17) Using 1 of 3 workers for concurrent weak root
[42.783s][info][gc          ] GC(17) Concurrent weak roots 1.121ms
[42.783s][info][gc,start    ] GC(17) Concurrent cleanup
[42.783s][info][gc          ] GC(17) Concurrent cleanup 2519M->1463M(8192M) 0.039ms
[42.783s][info][gc,ergo     ] GC(17) Free: 6316M, Max: 4096K regular, 5260M humongous, Frag: 17% external, 0% internal; Reserve: 410M, Max: 4096K
[42.783s][info][gc,start    ] GC(17) Concurrent class unloading
[42.783s][info][gc,task     ] GC(17) Using 1 of 3 workers for concurrent class unloading
[42.786s][info][gc          ] GC(17) Concurrent class unloading 3.124ms
[42.786s][info][gc,start    ] GC(17) Concurrent strong roots
[42.787s][info][gc,task     ] GC(17) Using 1 of 3 workers for concurrent strong root
[42.787s][info][gc          ] GC(17) Concurrent strong roots 0.253ms
[42.787s][info][gc,start    ] GC(17) Concurrent evacuation
[42.787s][info][gc,task     ] GC(17) Using 1 of 3 workers for concurrent evacuation
[43.083s][info][gc          ] GC(17) Concurrent evacuation 296.273ms
[43.083s][info][gc,start    ] GC(17) Pause Init Update Refs
[43.083s][info][gc,ergo     ] GC(17) Pacer for Update Refs. Used: 1957M, Free: 6165M, Non-Taxable: 616M, Alloc Tax Rate: 1.1x
[43.083s][info][gc          ] GC(17) Pause Init Update Refs 0.065ms
[43.083s][info][gc,start    ] GC(17) Concurrent update references
[43.083s][info][gc,task     ] GC(17) Using 1 of 3 workers for concurrent reference update
[44.000s][info][gc          ] GC(17) Concurrent update references 916.143ms
[44.000s][info][gc,start    ] GC(17) Concurrent update thread roots
[44.001s][info][gc          ] GC(17) Concurrent update thread roots 1.042ms
[44.001s][info][gc,start    ] GC(17) Pause Final Update Refs
[44.001s][info][gc,task     ] GC(17) Using 3 of 3 workers for final reference update
[44.001s][info][gc          ] GC(17) Pause Final Update Refs 0.196ms
[44.001s][info][gc,start    ] GC(17) Concurrent cleanup
[44.001s][info][gc          ] GC(17) Concurrent cleanup 2038M->1175M(8192M) 0.037ms
[44.001s][info][gc,ergo     ] Free: 6604M, Max: 4096K regular, 4920M humongous, Frag: 26% external, 0% internal; Reserve: 412M, Max: 4096K
[44.001s][info][gc,stats    ] 
[44.001s][info][gc,stats    ] All times are wall-clock times, except per-root-class counters, that are sum over
[44.001s][info][gc,stats    ] all workers. Dividing the <total> over the root stage time estimates parallelism.
[44.001s][info][gc,stats    ] 
[44.001s][info][gc,stats    ] Concurrent Reset                   1069 us
[44.001s][info][gc,stats    ] Pause Init Mark (G)                 350 us
[44.001s][info][gc,stats    ] Pause Init Mark (N)                 191 us
[44.001s][info][gc,stats    ]   Update Region States               70 us
[44.001s][info][gc,stats    ] Concurrent Mark Roots               812 us, parallelism: 0.78x
[44.001s][info][gc,stats    ]   CMR: <total>                      631 us
[44.001s][info][gc,stats    ]   CMR: Thread Roots                 588 us, workers (us): 588, ---, ---, 
[44.001s][info][gc,stats    ]   CMR: VM Strong Roots                5 us, workers (us):   5, ---, ---, 
[44.001s][info][gc,stats    ]   CMR: CLDG Roots                    38 us, workers (us):  38, ---, ---, 
[44.001s][info][gc,stats    ] Concurrent Marking               785890 us
[44.001s][info][gc,stats    ] Pause Final Mark (G)                634 us
[44.001s][info][gc,stats    ] Pause Final Mark (N)                488 us
[44.001s][info][gc,stats    ]   Finish Mark                       134 us
[44.001s][info][gc,stats    ]   Update Region States               89 us
[44.001s][info][gc,stats    ]   Choose Collection Set             128 us
[44.001s][info][gc,stats    ]   Rebuild Free Set                   17 us
[44.001s][info][gc,stats    ] Concurrent Thread Roots            1044 us, parallelism: 0.87x
[44.001s][info][gc,stats    ]   CTR: <total>                      906 us
[44.001s][info][gc,stats    ]   CTR: Thread Roots                 906 us, workers (us): 906, ---, ---, 
[44.001s][info][gc,stats    ] Concurrent Weak References          153 us, parallelism: 0.16x
[44.001s][info][gc,stats    ]   CWRF: <total>                      24 us
[44.001s][info][gc,stats    ]   CWRF: Weak References              24 us, workers (us):  24, ---, ---, 
[44.001s][info][gc,stats    ] Concurrent Weak Roots              1148 us
[44.001s][info][gc,stats    ]   Roots                            1016 us, parallelism: 0.93x
[44.001s][info][gc,stats    ]     CWR: <total>                    942 us
[44.001s][info][gc,stats    ]     CWR: Code Cache Roots           637 us, workers (us): 637, ---, ---, 
[44.001s][info][gc,stats    ]     CWR: VM Weak Roots              295 us, workers (us): 295, ---, ---, 
[44.001s][info][gc,stats    ]     CWR: CLDG Roots                  10 us, workers (us):  10, ---, ---, 
[44.001s][info][gc,stats    ]   Rendezvous                         88 us
[44.001s][info][gc,stats    ] Concurrent Cleanup                   47 us
[44.001s][info][gc,stats    ] Concurrent Class Unloading         3172 us
[44.001s][info][gc,stats    ]   Unlink Stale                     2670 us
[44.001s][info][gc,stats    ]     System Dictionary                 9 us
[44.001s][info][gc,stats    ]     Weak Class Links                  0 us
[44.001s][info][gc,stats    ]     Code Roots                     2660 us
[44.001s][info][gc,stats    ]   Rendezvous                        140 us
[44.001s][info][gc,stats    ]   Purge Unlinked                    295 us
[44.001s][info][gc,stats    ]     Code Roots                      283 us
[44.001s][info][gc,stats    ]     CLDG                             11 us
[44.001s][info][gc,stats    ]     Exception Caches                  0 us
[44.001s][info][gc,stats    ] Concurrent Strong Roots             276 us, parallelism: 0.35x
[44.001s][info][gc,stats    ]   CSR: <total>                       97 us
[44.001s][info][gc,stats    ]   CSR: VM Strong Roots                8 us, workers (us):   8, ---, ---, 
[44.001s][info][gc,stats    ]   CSR: CLDG Roots                    89 us, workers (us):  89, ---, ---, 
[44.001s][info][gc,stats    ] Concurrent Evacuation            296379 us
[44.001s][info][gc,stats    ] Pause Init Update Refs (G)          211 us
[44.001s][info][gc,stats    ] Pause Init Update Refs (N)           75 us
[44.001s][info][gc,stats    ]   Manage GCLABs                       4 us
[44.001s][info][gc,stats    ] Concurrent Update Refs           916210 us
[44.001s][info][gc,stats    ] Concurrent Update Thread Roots     1071 us
[44.001s][info][gc,stats    ] Pause Final Update Refs (G)         295 us
[44.001s][info][gc,stats    ] Pause Final Update Refs (N)         216 us
[44.001s][info][gc,stats    ]   Update Region States               42 us
[44.001s][info][gc,stats    ]   Trash Collection Set               10 us
[44.001s][info][gc,stats    ]   Rebuild Free Set                   24 us
[44.001s][info][gc,stats    ] Concurrent Cleanup                   47 us
[44.001s][info][gc,stats    ] 
[44.001s][info][gc,stats    ] Allocation pacing accrued:
[44.001s][info][gc,stats    ]       0 of  6177 ms (  0.0%): <total>
[44.001s][info][gc,stats    ]       0 of  6177 ms (  0.0%): <average total>
[44.001s][info][gc,stats    ] 
[44.001s][info][gc,metaspace] Metaspace: 16394K(16704K)->16394K(16704K) NonClass: 14046K(14208K)->14046K(14208K) Class: 2348K(2496K)->2348K(2496K)
[44.001s][info][gc,ergo     ] Pacer for Idle. Initial: 163M, Alloc Tax Rate: 1.0x
[44.111s][info][gc          ] Trigger: Explicit GC request (System.gc())
[44.111s][info][gc,ergo     ] Free: 6592M, Max: 4096K regular, 4920M humongous, Frag: 26% external, 0% internal; Reserve: 412M, Max: 4096K
[44.111s][info][gc,start    ] GC(18) Concurrent reset
[44.111s][info][gc,task     ] GC(18) Using 1 of 3 workers for concurrent reset
[44.111s][info][gc,ergo     ] GC(18) Pacer for Reset. Non-Taxable: 8192M
[44.115s][info][gc          ] GC(18) Concurrent reset 3.930ms
[44.115s][info][gc,start    ] GC(18) Pause Init Mark (unload classes)
[44.115s][info][gc,task     ] GC(18) Using 3 of 3 workers for init marking
[44.115s][info][gc,ref      ] GC(18) Clearing All SoftReferences
[44.115s][info][gc,ergo     ] GC(18) Pacer for Mark. Expected Live: 135M, Free: 6592M, Non-Taxable: 659M, Alloc Tax Rate: 0.0x
[44.115s][info][gc          ] GC(18) Pause Init Mark (unload classes) 0.281ms
[44.115s][info][gc,start    ] GC(18) Concurrent marking roots
[44.115s][info][gc,task     ] GC(18) Using 1 of 3 workers for concurrent marking roots
[44.117s][info][gc          ] GC(18) Concurrent marking roots 1.203ms
[44.117s][info][gc,start    ] GC(18) Concurrent marking (unload classes)
[44.117s][info][gc,task     ] GC(18) Using 1 of 3 workers for concurrent marking
[44.121s][info][gc          ] GC(18) Concurrent marking (unload classes) 4.736ms
[44.121s][info][gc,start    ] GC(18) Pause Final Mark (unload classes)
[44.122s][info][gc,task     ] GC(18) Using 3 of 3 workers for final marking
[44.122s][info][gc,ergo     ] GC(18) Collectable Garbage: 1155M (97%), Immediate: 1155M (97%), CSet: 0B (0%)
[44.122s][info][gc          ] GC(18) Pause Final Mark (unload classes) 0.522ms
[44.122s][info][gc,start    ] GC(18) Concurrent weak references
[44.122s][info][gc,task     ] GC(18) Using 1 of 3 workers for concurrent weak references
[44.122s][info][gc,ref      ] GC(18) Encountered references: Soft: 172, Weak: 993, Final: 0, Phantom: 41
[44.122s][info][gc,ref      ] GC(18) Discovered  references: Soft: 108, Weak: 221, Final: 0, Phantom: 24
[44.122s][info][gc,ref      ] GC(18) Enqueued    references: Soft: 4, Weak: 8, Final: 0, Phantom: 0
[44.122s][info][gc          ] GC(18) Concurrent weak references 0.213ms
[44.122s][info][gc,start    ] GC(18) Concurrent weak roots
[44.122s][info][gc,task     ] GC(18) Using 1 of 3 workers for concurrent weak root
[44.123s][info][gc          ] GC(18) Concurrent weak roots 1.175ms
[44.123s][info][gc,start    ] GC(18) Concurrent cleanup
[44.124s][info][gc          ] GC(18) Concurrent cleanup 1187M->32M(8192M) 0.037ms
[44.124s][info][gc,ergo     ] GC(18) Free: 7748M, Max: 4096K regular, 7520M humongous, Frag: 3% external, 0% internal; Reserve: 412M, Max: 4096K
[44.124s][info][gc,start    ] GC(18) Concurrent class unloading
[44.124s][info][gc,task     ] GC(18) Using 1 of 3 workers for concurrent class unloading
[44.128s][info][gc          ] GC(18) Concurrent class unloading 4.798ms
[44.128s][info][gc,start    ] GC(18) Pause Final Roots
[44.128s][info][gc          ] GC(18) Pause Final Roots 0.025ms
[44.129s][info][gc,ergo     ] Free: 7748M, Max: 4096K regular, 7520M humongous, Frag: 3% external, 0% internal; Reserve: 412M, Max: 4096K
[44.129s][info][gc,stats    ] 
[44.129s][info][gc,stats    ] All times are wall-clock times, except per-root-class counters, that are sum over
[44.129s][info][gc,stats    ] all workers. Dividing the <total> over the root stage time estimates parallelism.
[44.129s][info][gc,stats    ] 
[44.129s][info][gc,stats    ] Concurrent Reset                   3999 us
[44.129s][info][gc,stats    ] Pause Init Mark (G)                 453 us
[44.129s][info][gc,stats    ] Pause Init Mark (N)                 303 us
[44.129s][info][gc,stats    ]   Update Region States              122 us
[44.129s][info][gc,stats    ] Concurrent Mark Roots              1259 us, parallelism: 0.82x
[44.129s][info][gc,stats    ]   CMR: <total>                     1029 us
[44.129s][info][gc,stats    ]   CMR: Thread Roots                 924 us, workers (us): 924, ---, ---, 
[44.129s][info][gc,stats    ]   CMR: VM Strong Roots               11 us, workers (us):  11, ---, ---, 
[44.129s][info][gc,stats    ]   CMR: CLDG Roots                    94 us, workers (us):  94, ---, ---, 
[44.129s][info][gc,stats    ] Concurrent Marking                 4816 us
[44.129s][info][gc,stats    ] Pause Final Mark (G)                619 us
[44.129s][info][gc,stats    ] Pause Final Mark (N)                532 us
[44.129s][info][gc,stats    ]   Finish Mark                       319 us
[44.129s][info][gc,stats    ]   Update Region States               87 us
[44.129s][info][gc,stats    ]   Choose Collection Set              42 us
[44.129s][info][gc,stats    ]   Rebuild Free Set                    8 us
[44.129s][info][gc,stats    ] Concurrent Weak References          234 us, parallelism: 0.05x
[44.129s][info][gc,stats    ]   CWRF: <total>                      12 us
[44.129s][info][gc,stats    ]   CWRF: Weak References              12 us, workers (us):  12, ---, ---, 
[44.129s][info][gc,stats    ] Concurrent Weak Roots              1201 us
[44.129s][info][gc,stats    ]   Roots                            1093 us, parallelism: 0.91x
[44.129s][info][gc,stats    ]     CWR: <total>                    998 us
[44.129s][info][gc,stats    ]     CWR: Code Cache Roots           714 us, workers (us): 714, ---, ---, 
[44.129s][info][gc,stats    ]     CWR: VM Weak Roots              273 us, workers (us): 273, ---, ---, 
[44.129s][info][gc,stats    ]     CWR: CLDG Roots                  10 us, workers (us):  10, ---, ---, 
[44.129s][info][gc,stats    ]   Rendezvous                         41 us
[44.129s][info][gc,stats    ] Concurrent Cleanup                   45 us
[44.129s][info][gc,stats    ] Concurrent Class Unloading         4857 us
[44.129s][info][gc,stats    ]   Unlink Stale                     4479 us
[44.129s][info][gc,stats    ]     System Dictionary                58 us
[44.129s][info][gc,stats    ]     Weak Class Links               1716 us
[44.129s][info][gc,stats    ]     Code Roots                     2704 us
[44.129s][info][gc,stats    ]   Rendezvous                         73 us
[44.129s][info][gc,stats    ]   Purge Unlinked                    226 us
[44.129s][info][gc,stats    ]     Code Roots                      199 us
[44.129s][info][gc,stats    ]     CLDG                             27 us
[44.129s][info][gc,stats    ]     Exception Caches                  0 us
[44.129s][info][gc,stats    ] Pause Final Roots (G)               106 us
[44.129s][info][gc,stats    ] Pause Final Roots (N)                33 us
[44.129s][info][gc,stats    ] 
[44.129s][info][gc,stats    ] Allocation pacing accrued:
[44.129s][info][gc,stats    ]       0 of   128 ms (  0.0%): <total>
[44.129s][info][gc,stats    ]       0 of   128 ms (  0.0%): <average total>
[44.129s][info][gc,stats    ] 
[44.129s][info][gc,metaspace] Metaspace: 16395K(16704K)->16391K(16704K) NonClass: 14046K(14208K)->14043K(14208K) Class: 2348K(2496K)->2347K(2496K)
[44.129s][info][gc,ergo     ] Pacer for Idle. Initial: 163M, Alloc Tax Rate: 1.0x
[45.768s][info][gc          ] Trigger: Average GC time (2103.20 ms) is above the time for instantaneous allocation rate (5390 MB/s) to deplete free headroom (6542M) (spike threshold = 1.78)
[45.768s][info][gc,ergo     ] Free: 6952M, Max: 4096K regular, 6952M humongous, Frag: 0% external, 0% internal; Reserve: 412M, Max: 4096K
[45.768s][info][gc,start    ] GC(19) Concurrent reset
[45.768s][info][gc,task     ] GC(19) Using 1 of 3 workers for concurrent reset
[45.768s][info][gc,ergo     ] GC(19) Pacer for Reset. Non-Taxable: 8192M
[45.769s][info][gc          ] GC(19) Concurrent reset 0.342ms
[45.769s][info][gc,start    ] GC(19) Pause Init Mark (unload classes)
[45.769s][info][gc,task     ] GC(19) Using 3 of 3 workers for init marking
[45.769s][info][gc,ergo     ] GC(19) Pacer for Mark. Expected Live: 86799K, Free: 6952M, Non-Taxable: 695M, Alloc Tax Rate: 0.0x
[45.769s][info][gc          ] GC(19) Pause Init Mark (unload classes) 0.105ms
[45.815s][info][gc,start    ] GC(19) Concurrent marking roots
[45.815s][info][gc,task     ] GC(19) Using 1 of 3 workers for concurrent marking roots
[45.816s][info][gc          ] GC(19) Concurrent marking roots 0.793ms
[45.816s][info][gc,start    ] GC(19) Concurrent marking (unload classes)
[45.816s][info][gc,task     ] GC(19) Using 1 of 3 workers for concurrent marking
[45.834s][info][gc          ] GC(19) Concurrent marking (unload classes) 17.989ms
[45.834s][info][gc,start    ] GC(19) Pause Final Mark (unload classes)
[45.834s][info][gc,task     ] GC(19) Using 3 of 3 workers for final marking
[45.835s][info][gc,ergo     ] GC(19) Adaptive CSet Selection. Target Free: 1160M, Actual Free: 7664M, Max CSet: 341M, Min Garbage: 0B
[45.835s][info][gc,ergo     ] GC(19) Collectable Garbage: 823M (99%), Immediate: 632M (76%), CSet: 191M (23%)
[45.835s][info][gc,ergo     ] GC(19) Pacer for Evacuation. Used CSet: 192M, Free: 7252M, Non-Taxable: 725M, Alloc Tax Rate: 1.1x
[45.835s][info][gc          ] GC(19) Pause Final Mark (unload classes) 0.273ms
[45.835s][info][gc,start    ] GC(19) Concurrent thread roots
[45.835s][info][gc,task     ] GC(19) Using 1 of 3 workers for Concurrent thread roots
[45.835s][info][gc          ] GC(19) Concurrent thread roots 0.593ms
[45.835s][info][gc,start    ] GC(19) Concurrent weak references
[45.835s][info][gc,task     ] GC(19) Using 1 of 3 workers for concurrent weak references
[45.835s][info][gc,ref      ] GC(19) Encountered references: Soft: 173, Weak: 993, Final: 0, Phantom: 41
[45.835s][info][gc,ref      ] GC(19) Discovered  references: Soft: 0, Weak: 207, Final: 0, Phantom: 24
[45.835s][info][gc,ref      ] GC(19) Enqueued    references: Soft: 0, Weak: 5, Final: 0, Phantom: 0
[45.835s][info][gc          ] GC(19) Concurrent weak references 0.078ms
[45.835s][info][gc,start    ] GC(19) Concurrent weak roots
[45.835s][info][gc,task     ] GC(19) Using 1 of 3 workers for concurrent weak root
[45.847s][info][gc          ] GC(19) Concurrent weak roots 11.700ms
[45.847s][info][gc,start    ] GC(19) Concurrent cleanup
[45.847s][info][gc          ] GC(19) Concurrent cleanup 1212M->580M(8192M) 0.047ms
[45.847s][info][gc,ergo     ] GC(19) Free: 7200M, Max: 4096K regular, 6568M humongous, Frag: 9% external, 0% internal; Reserve: 411M, Max: 4096K
[45.847s][info][gc,start    ] GC(19) Concurrent class unloading
[45.847s][info][gc,task     ] GC(19) Using 1 of 3 workers for concurrent class unloading
[45.863s][info][gc          ] GC(19) Concurrent class unloading 16.137ms
[45.863s][info][gc,start    ] GC(19) Concurrent strong roots
[45.863s][info][gc,task     ] GC(19) Using 1 of 3 workers for concurrent strong root
[45.864s][info][gc          ] GC(19) Concurrent strong roots 0.129ms
[45.864s][info][gc,start    ] GC(19) Concurrent evacuation
[45.864s][info][gc,task     ] GC(19) Using 1 of 3 workers for concurrent evacuation
[45.865s][info][gc          ] GC(19) Concurrent evacuation 1.469ms
[45.865s][info][gc,start    ] GC(19) Pause Init Update Refs
[45.865s][info][gc,ergo     ] GC(19) Pacer for Update Refs. Used: 645M, Free: 7136M, Non-Taxable: 713M, Alloc Tax Rate: 1.1x
[45.865s][info][gc          ] GC(19) Pause Init Update Refs 0.059ms
[45.878s][info][gc,start    ] GC(19) Concurrent update references
[45.878s][info][gc,task     ] GC(19) Using 1 of 3 workers for concurrent reference update
[46.022s][info][gc          ] GC(19) Concurrent update references 143.895ms
[46.022s][info][gc,start    ] GC(19) Concurrent update thread roots
[46.024s][info][gc          ] GC(19) Concurrent update thread roots 2.102ms
[46.024s][info][gc,start    ] GC(19) Pause Final Update Refs
[46.024s][info][gc,task     ] GC(19) Using 3 of 3 workers for final reference update
[46.024s][info][gc          ] GC(19) Pause Final Update Refs 0.114ms
[46.035s][info][gc,start    ] GC(19) Concurrent cleanup
[46.035s][info][gc          ] GC(19) Concurrent cleanup 1145M->1001M(8192M) 0.129ms
[46.035s][info][gc,ergo     ] Free: 6778M, Max: 4096K regular, 6576M humongous, Frag: 3% external, 0% internal; Reserve: 412M, Max: 4096K
[46.035s][info][gc,stats    ] 
[46.035s][info][gc,stats    ] All times are wall-clock times, except per-root-class counters, that are sum over
[46.035s][info][gc,stats    ] all workers. Dividing the <total> over the root stage time estimates parallelism.
[46.035s][info][gc,stats    ] 
[46.035s][info][gc,stats    ] Concurrent Reset                    373 us
[46.035s][info][gc,stats    ] Pause Init Mark (G)               46606 us
[46.035s][info][gc,stats    ] Pause Init Mark (N)                 115 us
[46.035s][info][gc,stats    ]   Update Region States               32 us
[46.035s][info][gc,stats    ] Concurrent Mark Roots               816 us, parallelism: 0.77x
[46.035s][info][gc,stats    ]   CMR: <total>                      626 us
[46.035s][info][gc,stats    ]   CMR: Thread Roots                 572 us, workers (us): 572, ---, ---, 
[46.035s][info][gc,stats    ]   CMR: VM Strong Roots                9 us, workers (us):   9, ---, ---, 
[46.035s][info][gc,stats    ]   CMR: CLDG Roots                    45 us, workers (us):  45, ---, ---, 
[46.035s][info][gc,stats    ] Concurrent Marking                18062 us
[46.035s][info][gc,stats    ] Pause Final Mark (G)                433 us
[46.035s][info][gc,stats    ] Pause Final Mark (N)                283 us
[46.035s][info][gc,stats    ]   Finish Mark                        69 us
[46.035s][info][gc,stats    ]   Update Region States               51 us
[46.035s][info][gc,stats    ]   Choose Collection Set              83 us
[46.035s][info][gc,stats    ]   Rebuild Free Set                    8 us
[46.035s][info][gc,stats    ] Concurrent Thread Roots             608 us, parallelism: 0.90x
[46.035s][info][gc,stats    ]   CTR: <total>                      546 us
[46.035s][info][gc,stats    ]   CTR: Thread Roots                 546 us, workers (us): 546, ---, ---, 
[46.035s][info][gc,stats    ] Concurrent Weak References           85 us, parallelism: 0.23x
[46.035s][info][gc,stats    ]   CWRF: <total>                      20 us
[46.035s][info][gc,stats    ]   CWRF: Weak References              20 us, workers (us):  20, ---, ---, 
[46.035s][info][gc,stats    ] Concurrent Weak Roots             11785 us
[46.035s][info][gc,stats    ]   Roots                            1139 us, parallelism: 0.97x
[46.035s][info][gc,stats    ]     CWR: <total>                   1100 us
[46.035s][info][gc,stats    ]     CWR: Code Cache Roots           859 us, workers (us): 859, ---, ---, 
[46.036s][info][gc,stats    ]     CWR: VM Weak Roots              228 us, workers (us): 228, ---, ---, 
[46.036s][info][gc,stats    ]     CWR: CLDG Roots                  14 us, workers (us):  14, ---, ---, 
[46.036s][info][gc,stats    ]   Rendezvous                      10538 us
[46.036s][info][gc,stats    ] Concurrent Cleanup                   56 us
[46.036s][info][gc,stats    ] Concurrent Class Unloading        16200 us
[46.036s][info][gc,stats    ]   Unlink Stale                     3322 us
[46.036s][info][gc,stats    ]     System Dictionary                15 us
[46.036s][info][gc,stats    ]     Weak Class Links                  0 us
[46.036s][info][gc,stats    ]     Code Roots                     3306 us
[46.036s][info][gc,stats    ]   Rendezvous                      12465 us
[46.036s][info][gc,stats    ]   Purge Unlinked                    326 us
[46.036s][info][gc,stats    ]     Code Roots                      318 us
[46.036s][info][gc,stats    ]     CLDG                              7 us
[46.036s][info][gc,stats    ]     Exception Caches                  0 us
[46.036s][info][gc,stats    ] Concurrent Strong Roots             140 us, parallelism: 0.59x
[46.036s][info][gc,stats    ]   CSR: <total>                       82 us
[46.036s][info][gc,stats    ]   CSR: VM Strong Roots                5 us, workers (us):   5, ---, ---, 
[46.036s][info][gc,stats    ]   CSR: CLDG Roots                    77 us, workers (us):  77, ---, ---, 
[46.036s][info][gc,stats    ] Concurrent Evacuation              1484 us
[46.036s][info][gc,stats    ] Pause Init Update Refs (G)        13154 us
[46.036s][info][gc,stats    ] Pause Init Update Refs (N)           68 us
[46.036s][info][gc,stats    ]   Manage GCLABs                       3 us
[46.036s][info][gc,stats    ] Concurrent Update Refs           143959 us
[46.036s][info][gc,stats    ] Concurrent Update Thread Roots     2139 us
[46.036s][info][gc,stats    ] Pause Final Update Refs (G)       10793 us
[46.036s][info][gc,stats    ] Pause Final Update Refs (N)         149 us
[46.036s][info][gc,stats    ]   Update Region States               47 us
[46.036s][info][gc,stats    ]   Trash Collection Set                3 us
[46.036s][info][gc,stats    ]   Rebuild Free Set                   14 us
[46.036s][info][gc,stats    ] Concurrent Cleanup                  142 us
[46.036s][info][gc,stats    ] 
[46.036s][info][gc,stats    ] Allocation pacing accrued:
[46.036s][info][gc,stats    ]       0 of  1906 ms (  0.0%): <total>
[46.036s][info][gc,stats    ]       0 of  1906 ms (  0.0%): <average total>
[46.036s][info][gc,stats    ] 
[46.036s][info][gc,metaspace] Metaspace: 16397K(16704K)->16397K(16704K) NonClass: 14049K(14208K)->14049K(14208K) Class: 2348K(2496K)->2348K(2496K)
[46.036s][info][gc,ergo     ] Pacer for Idle. Initial: 163M, Alloc Tax Rate: 1.0x
[46.160s][info][gc          ] Trigger: Average GC time (1536.16 ms) is above the time for average allocation rate (4484 MB/s) to deplete free headroom (5705M) (margin of error = 1.80)
[46.160s][info][gc,ergo     ] Free headroom: 6114M (free) - 409M (spike) - 0B (penalties) = 5705M
[46.160s][info][gc,ergo     ] Free: 6114M, Max: 4096K regular, 6112M humongous, Frag: 0% external, 0% internal; Reserve: 412M, Max: 4096K
[46.160s][info][gc,start    ] GC(20) Concurrent reset
[46.160s][info][gc,task     ] GC(20) Using 1 of 3 workers for concurrent reset
[46.160s][info][gc,ergo     ] GC(20) Pacer for Reset. Non-Taxable: 8192M
[46.162s][info][gc          ] GC(20) Concurrent reset 1.267ms
[46.162s][info][gc,start    ] GC(20) Pause Init Mark (unload classes)
[46.162s][info][gc,task     ] GC(20) Using 3 of 3 workers for init marking
[46.162s][info][gc,ergo     ] GC(20) Pacer for Mark. Expected Live: 86853K, Free: 6110M, Non-Taxable: 611M, Alloc Tax Rate: 0.0x
[46.162s][info][gc          ] GC(20) Pause Init Mark (unload classes) 0.158ms
[46.177s][info][gc,start    ] GC(20) Concurrent marking roots
[46.177s][info][gc,task     ] GC(20) Using 1 of 3 workers for concurrent marking roots
[46.178s][info][gc          ] GC(20) Concurrent marking roots 0.765ms
[46.178s][info][gc,start    ] GC(20) Concurrent marking (unload classes)
[46.178s][info][gc,task     ] GC(20) Using 1 of 3 workers for concurrent marking
[46.208s][info][gc          ] GC(20) Concurrent marking (unload classes) 30.244ms
[46.208s][info][gc,start    ] GC(20) Pause Final Mark (unload classes)
[46.208s][info][gc,task     ] GC(20) Using 3 of 3 workers for final marking
[46.209s][info][gc,ergo     ] GC(20) Collectable Garbage: 1540M (92%), Immediate: 1540M (92%), CSet: 0B (0%)
[46.209s][info][gc          ] GC(20) Pause Final Mark (unload classes) 0.209ms
[46.224s][info][gc,start    ] GC(20) Concurrent weak references
[46.224s][info][gc,task     ] GC(20) Using 1 of 3 workers for concurrent weak references
[46.224s][info][gc,ref      ] GC(20) Encountered references: Soft: 173, Weak: 988, Final: 0, Phantom: 41
[46.224s][info][gc,ref      ] GC(20) Discovered  references: Soft: 0, Weak: 202, Final: 0, Phantom: 24
[46.224s][info][gc,ref      ] GC(20) Enqueued    references: Soft: 0, Weak: 0, Final: 0, Phantom: 0
[46.224s][info][gc          ] GC(20) Concurrent weak references 0.167ms
[46.224s][info][gc,start    ] GC(20) Concurrent weak roots
[46.224s][info][gc,task     ] GC(20) Using 1 of 3 workers for concurrent weak root
[46.235s][info][gc          ] GC(20) Concurrent weak roots 11.096ms
[46.235s][info][gc,start    ] GC(20) Concurrent cleanup
[46.236s][info][gc          ] GC(20) Concurrent cleanup 2016M->480M(8192M) 0.090ms
[46.236s][info][gc,ergo     ] GC(20) Free: 7299M, Max: 4096K regular, 5760M humongous, Frag: 22% external, 0% internal; Reserve: 412M, Max: 4096K
[46.236s][info][gc,start    ] GC(20) Concurrent class unloading
[46.236s][info][gc,task     ] GC(20) Using 1 of 3 workers for concurrent class unloading
[46.240s][info][gc          ] GC(20) Concurrent class unloading 4.469ms
[46.240s][info][gc,start    ] GC(20) Pause Final Roots
[46.240s][info][gc          ] GC(20) Pause Final Roots 0.046ms
[46.243s][info][gc,ergo     ] Free: 7267M, Max: 4096K regular, 5760M humongous, Frag: 21% external, 0% internal; Reserve: 412M, Max: 4096K
[46.243s][info][gc,stats    ] 
[46.243s][info][gc,stats    ] All times are wall-clock times, except per-root-class counters, that are sum over
[46.243s][info][gc,stats    ] all workers. Dividing the <total> over the root stage time estimates parallelism.
[46.243s][info][gc,stats    ] 
[46.243s][info][gc,stats    ] Concurrent Reset                   1350 us
[46.243s][info][gc,stats    ] Pause Init Mark (G)               15658 us
[46.243s][info][gc,stats    ] Pause Init Mark (N)                 168 us
[46.243s][info][gc,stats    ]   Update Region States               53 us
[46.244s][info][gc,stats    ] Concurrent Mark Roots               786 us, parallelism: 0.76x
[46.244s][info][gc,stats    ]   CMR: <total>                      598 us
[46.244s][info][gc,stats    ]   CMR: Thread Roots                 540 us, workers (us): 540, ---, ---, 
[46.244s][info][gc,stats    ]   CMR: VM Strong Roots                8 us, workers (us):   8, ---, ---, 
[46.244s][info][gc,stats    ]   CMR: CLDG Roots                    50 us, workers (us):  50, ---, ---, 
[46.244s][info][gc,stats    ] Concurrent Marking                30333 us
[46.244s][info][gc,stats    ] Pause Final Mark (G)              15729 us
[46.244s][info][gc,stats    ] Pause Final Mark (N)                219 us
[46.244s][info][gc,stats    ]   Finish Mark                        58 us
[46.244s][info][gc,stats    ]   Update Region States               43 us
[46.244s][info][gc,stats    ]   Choose Collection Set              69 us
[46.244s][info][gc,stats    ]   Rebuild Free Set                    8 us
[46.244s][info][gc,stats    ] Concurrent Weak References          177 us, parallelism: 0.11x
[46.244s][info][gc,stats    ]   CWRF: <total>                      19 us
[46.244s][info][gc,stats    ]   CWRF: Weak References              19 us, workers (us):  19, ---, ---, 
[46.244s][info][gc,stats    ] Concurrent Weak Roots             11174 us
[46.244s][info][gc,stats    ]   Roots                            1342 us, parallelism: 0.97x
[46.244s][info][gc,stats    ]     CWR: <total>                   1297 us
[46.244s][info][gc,stats    ]     CWR: Code Cache Roots          1078 us, workers (us): 1078, ---, ---, 
[46.244s][info][gc,stats    ]     CWR: VM Weak Roots              204 us, workers (us): 204, ---, ---, 
[46.244s][info][gc,stats    ]     CWR: CLDG Roots                  15 us, workers (us):  15, ---, ---, 
[46.244s][info][gc,stats    ]   Rendezvous                       9719 us
[46.244s][info][gc,stats    ] Concurrent Cleanup                   99 us
[46.244s][info][gc,stats    ] Concurrent Class Unloading         4550 us
[46.244s][info][gc,stats    ]   Unlink Stale                     3783 us
[46.244s][info][gc,stats    ]     System Dictionary                18 us
[46.244s][info][gc,stats    ]     Weak Class Links                  1 us
[46.244s][info][gc,stats    ]     Code Roots                     3762 us
[46.244s][info][gc,stats    ]   Rendezvous                        408 us
[46.244s][info][gc,stats    ]   Purge Unlinked                    251 us
[46.244s][info][gc,stats    ]     Code Roots                      244 us
[46.244s][info][gc,stats    ]     CLDG                              7 us
[46.244s][info][gc,stats    ]     Exception Caches                  0 us
[46.244s][info][gc,stats    ] Pause Final Roots (G)              3179 us
[46.244s][info][gc,stats    ] Pause Final Roots (N)                57 us
[46.244s][info][gc,stats    ] 
[46.244s][info][gc,stats    ] Allocation pacing accrued:
[46.244s][info][gc,stats    ]       0 of   208 ms (  0.0%): <total>
[46.244s][info][gc,stats    ]       0 of   208 ms (  0.0%): <average total>
[46.244s][info][gc,stats    ] 
[46.244s][info][gc,metaspace] Metaspace: 16397K(16704K)->16397K(16704K) NonClass: 14049K(14208K)->14049K(14208K) Class: 2348K(2496K)->2348K(2496K)
[46.244s][info][gc,ergo     ] Pacer for Idle. Initial: 163M, Alloc Tax Rate: 1.0x
[49.898s][info][gc          ] Trigger: Learning 4 of 5. Free (5726M) is below initial threshold (5734M)
[49.898s][info][gc,ergo     ] Free: 5723M, Max: 4096K regular, 5720M humongous, Frag: 0% external, 0% internal; Reserve: 412M, Max: 4096K
[49.898s][info][gc,start    ] GC(21) Concurrent reset
[49.899s][info][gc,task     ] GC(21) Using 1 of 3 workers for concurrent reset
[49.899s][info][gc,ergo     ] GC(21) Pacer for Reset. Non-Taxable: 8192M
[49.899s][info][gc          ] GC(21) Concurrent reset 0.724ms
[49.899s][info][gc,start    ] GC(21) Pause Init Mark (unload classes)
[49.899s][info][gc,task     ] GC(21) Using 3 of 3 workers for init marking
[49.900s][info][gc,ergo     ] GC(21) Pacer for Mark. Expected Live: 86847K, Free: 5723M, Non-Taxable: 572M, Alloc Tax Rate: 0.0x
[49.900s][info][gc          ] GC(21) Pause Init Mark (unload classes) 0.189ms
[49.900s][info][gc,start    ] GC(21) Concurrent marking roots
[49.900s][info][gc,task     ] GC(21) Using 1 of 3 workers for concurrent marking roots
[49.900s][info][gc          ] GC(21) Concurrent marking roots 0.757ms
[49.900s][info][gc,start    ] GC(21) Concurrent marking (unload classes)
[49.900s][info][gc,task     ] GC(21) Using 1 of 3 workers for concurrent marking
[50.479s][info][gc          ] GC(21) Concurrent marking (unload classes) 578.382ms
[50.479s][info][gc,start    ] GC(21) Pause Final Mark (unload classes)
[50.479s][info][gc,task     ] GC(21) Using 3 of 3 workers for final marking
[50.479s][info][gc,ergo     ] GC(21) Adaptive CSet Selection. Target Free: 1160M, Actual Free: 7028M, Max CSet: 341M, Min Garbage: 0B
[50.479s][info][gc,ergo     ] GC(21) Collectable Garbage: 1753M (99%), Immediate: 1304M (74%), CSet: 449M (25%)
[50.479s][info][gc,ergo     ] GC(21) Pacer for Evacuation. Used CSet: 748M, Free: 6618M, Non-Taxable: 661M, Alloc Tax Rate: 1.1x
[50.479s][info][gc          ] GC(21) Pause Final Mark (unload classes) 0.392ms
[50.479s][info][gc,start    ] GC(21) Concurrent thread roots
[50.479s][info][gc,task     ] GC(21) Using 1 of 3 workers for Concurrent thread roots
[50.481s][info][gc          ] GC(21) Concurrent thread roots 1.198ms
[50.481s][info][gc,start    ] GC(21) Concurrent weak references
[50.481s][info][gc,task     ] GC(21) Using 1 of 3 workers for concurrent weak references
[50.481s][info][gc,ref      ] GC(21) Encountered references: Soft: 173, Weak: 991, Final: 0, Phantom: 41
[50.481s][info][gc,ref      ] GC(21) Discovered  references: Soft: 0, Weak: 200, Final: 0, Phantom: 24
[50.481s][info][gc,ref      ] GC(21) Enqueued    references: Soft: 0, Weak: 3, Final: 0, Phantom: 0
[50.481s][info][gc          ] GC(21) Concurrent weak references 0.173ms
[50.481s][info][gc,start    ] GC(21) Concurrent weak roots
[50.481s][info][gc,task     ] GC(21) Using 1 of 3 workers for concurrent weak root
[50.482s][info][gc          ] GC(21) Concurrent weak roots 0.966ms
[50.482s][info][gc,start    ] GC(21) Concurrent cleanup
[50.482s][info][gc          ] GC(21) Concurrent cleanup 2469M->1165M(8192M) 0.041ms
[50.482s][info][gc,ergo     ] GC(21) Free: 6615M, Max: 4096K regular, 5308M humongous, Frag: 20% external, 0% internal; Reserve: 410M, Max: 4096K
[50.482s][info][gc,start    ] GC(21) Concurrent class unloading
[50.482s][info][gc,task     ] GC(21) Using 1 of 3 workers for concurrent class unloading
[50.485s][info][gc          ] GC(21) Concurrent class unloading 3.088ms
[50.485s][info][gc,start    ] GC(21) Concurrent strong roots
[50.485s][info][gc,task     ] GC(21) Using 1 of 3 workers for concurrent strong root
[50.485s][info][gc          ] GC(21) Concurrent strong roots 0.133ms
[50.485s][info][gc,start    ] GC(21) Concurrent evacuation
[50.485s][info][gc,task     ] GC(21) Using 1 of 3 workers for concurrent evacuation
[50.757s][info][gc          ] GC(21) Concurrent evacuation 271.492ms
[50.757s][info][gc,start    ] GC(21) Pause Init Update Refs
[50.757s][info][gc,ergo     ] GC(21) Pacer for Update Refs. Used: 1588M, Free: 6495M, Non-Taxable: 649M, Alloc Tax Rate: 1.1x
[50.757s][info][gc          ] GC(21) Pause Init Update Refs 0.107ms
[50.757s][info][gc,start    ] GC(21) Concurrent update references
[50.757s][info][gc,task     ] GC(21) Using 1 of 3 workers for concurrent reference update
[51.475s][info][gc          ] GC(21) Concurrent update references 718.000ms
[51.477s][info][gc,start    ] GC(21) Concurrent update thread roots
[51.478s][info][gc          ] GC(21) Concurrent update thread roots 0.882ms
[51.478s][info][gc,start    ] GC(21) Pause Final Update Refs
[51.478s][info][gc,task     ] GC(21) Using 3 of 3 workers for final reference update
[51.478s][info][gc          ] GC(21) Pause Final Update Refs 0.177ms
[51.478s][info][gc,start    ] GC(21) Concurrent cleanup
[51.478s][info][gc          ] GC(21) Concurrent cleanup 1944M->1196M(8192M) 0.076ms
[51.479s][info][gc,ergo     ] Free: 6583M, Max: 4096K regular, 5004M humongous, Frag: 24% external, 0% internal; Reserve: 412M, Max: 4096K
[51.479s][info][gc,stats    ] 
[51.479s][info][gc,stats    ] All times are wall-clock times, except per-root-class counters, that are sum over
[51.479s][info][gc,stats    ] all workers. Dividing the <total> over the root stage time estimates parallelism.
[51.479s][info][gc,stats    ] 
[51.479s][info][gc,stats    ] Concurrent Reset                    786 us
[51.479s][info][gc,stats    ] Pause Init Mark (G)                 345 us
[51.479s][info][gc,stats    ] Pause Init Mark (N)                 198 us
[51.479s][info][gc,stats    ]   Update Region States               59 us
[51.479s][info][gc,stats    ] Concurrent Mark Roots               798 us, parallelism: 0.78x
[51.479s][info][gc,stats    ]   CMR: <total>                      625 us
[51.479s][info][gc,stats    ]   CMR: Thread Roots                 577 us, workers (us): 577, ---, ---, 
[51.479s][info][gc,stats    ]   CMR: VM Strong Roots                4 us, workers (us):   4, ---, ---, 
[51.479s][info][gc,stats    ]   CMR: CLDG Roots                    43 us, workers (us):  43, ---, ---, 
[51.479s][info][gc,stats    ] Concurrent Marking               578451 us
[51.479s][info][gc,stats    ] Pause Final Mark (G)                539 us
[51.479s][info][gc,stats    ] Pause Final Mark (N)                409 us
[51.479s][info][gc,stats    ]   Finish Mark                       111 us
[51.479s][info][gc,stats    ]   Update Region States               57 us
[51.479s][info][gc,stats    ]   Choose Collection Set             111 us
[51.479s][info][gc,stats    ]   Rebuild Free Set                   16 us
[51.479s][info][gc,stats    ] Concurrent Thread Roots            1221 us, parallelism: 0.89x
[51.479s][info][gc,stats    ]   CTR: <total>                     1090 us
[51.479s][info][gc,stats    ]   CTR: Thread Roots                1090 us, workers (us): 1090, ---, ---, 
[51.479s][info][gc,stats    ] Concurrent Weak References          189 us, parallelism: 0.06x
[51.479s][info][gc,stats    ]   CWRF: <total>                      11 us
[51.479s][info][gc,stats    ]   CWRF: Weak References              11 us, workers (us):  11, ---, ---, 
[51.479s][info][gc,stats    ] Concurrent Weak Roots               993 us
[51.479s][info][gc,stats    ]   Roots                             821 us, parallelism: 0.94x
[51.479s][info][gc,stats    ]     CWR: <total>                    773 us
[51.479s][info][gc,stats    ]     CWR: Code Cache Roots           600 us, workers (us): 600, ---, ---, 
[51.479s][info][gc,stats    ]     CWR: VM Weak Roots              164 us, workers (us): 164, ---, ---, 
[51.479s][info][gc,stats    ]     CWR: CLDG Roots                   8 us, workers (us):   8, ---, ---, 
[51.479s][info][gc,stats    ]   Rendezvous                        112 us
[51.479s][info][gc,stats    ] Concurrent Cleanup                   49 us
[51.479s][info][gc,stats    ] Concurrent Class Unloading         3154 us
[51.479s][info][gc,stats    ]   Unlink Stale                     2703 us
[51.479s][info][gc,stats    ]     System Dictionary                 8 us
[51.479s][info][gc,stats    ]     Weak Class Links                  0 us
[51.479s][info][gc,stats    ]     Code Roots                     2694 us
[51.479s][info][gc,stats    ]   Rendezvous                        144 us
[51.479s][info][gc,stats    ]   Purge Unlinked                    216 us
[51.479s][info][gc,stats    ]     Code Roots                      207 us
[51.479s][info][gc,stats    ]     CLDG                              8 us
[51.479s][info][gc,stats    ]     Exception Caches                  0 us
[51.479s][info][gc,stats    ] Concurrent Strong Roots             170 us, parallelism: 0.22x
[51.479s][info][gc,stats    ]   CSR: <total>                       37 us
[51.479s][info][gc,stats    ]   CSR: VM Strong Roots                3 us, workers (us):   3, ---, ---, 
[51.479s][info][gc,stats    ]   CSR: CLDG Roots                    34 us, workers (us):  34, ---, ---, 
[51.479s][info][gc,stats    ] Concurrent Evacuation            271564 us
[51.479s][info][gc,stats    ] Pause Init Update Refs (G)          342 us
[51.479s][info][gc,stats    ] Pause Init Update Refs (N)          128 us
[51.479s][info][gc,stats    ]   Manage GCLABs                       5 us
[51.479s][info][gc,stats    ] Concurrent Update Refs           720031 us
[51.479s][info][gc,stats    ] Concurrent Update Thread Roots      894 us
[51.479s][info][gc,stats    ] Pause Final Update Refs (G)         333 us
[51.479s][info][gc,stats    ] Pause Final Update Refs (N)         214 us
[51.479s][info][gc,stats    ]   Update Region States               78 us
[51.479s][info][gc,stats    ]   Trash Collection Set                8 us
[51.479s][info][gc,stats    ]   Rebuild Free Set                   21 us
[51.479s][info][gc,stats    ] Concurrent Cleanup                   96 us
[51.479s][info][gc,stats    ] 
[51.479s][info][gc,stats    ] Allocation pacing accrued:
[51.479s][info][gc,stats    ]       0 of  5236 ms (  0.0%): <total>
[51.479s][info][gc,stats    ]       0 of  5236 ms (  0.0%): <average total>
[51.479s][info][gc,stats    ] 
[51.479s][info][gc,metaspace] Metaspace: 16408K(16704K)->16408K(16704K) NonClass: 14060K(14208K)->14060K(14208K) Class: 2348K(2496K)->2348K(2496K)
[51.480s][info][gc,ergo     ] Pacer for Idle. Initial: 163M, Alloc Tax Rate: 1.0x
[52.151s][info][gc          ] Trigger: Explicit GC request (System.gc())
[52.151s][info][gc,ergo     ] Free: 6511M, Max: 4096K regular, 5004M humongous, Frag: 24% external, 0% internal; Reserve: 412M, Max: 4096K
[52.151s][info][gc,start    ] GC(22) Concurrent reset
[52.151s][info][gc,task     ] GC(22) Using 1 of 3 workers for concurrent reset
[52.151s][info][gc,ergo     ] GC(22) Pacer for Reset. Non-Taxable: 8192M
[52.154s][info][gc          ] GC(22) Concurrent reset 3.549ms
[52.154s][info][gc,start    ] GC(22) Pause Init Mark (unload classes)
[52.155s][info][gc,task     ] GC(22) Using 3 of 3 workers for init marking
[52.155s][info][gc,ref      ] GC(22) Clearing All SoftReferences
[52.155s][info][gc,ergo     ] GC(22) Pacer for Mark. Expected Live: 144M, Free: 6511M, Non-Taxable: 651M, Alloc Tax Rate: 0.0x
[52.155s][info][gc          ] GC(22) Pause Init Mark (unload classes) 0.258ms
[52.155s][info][gc,start    ] GC(22) Concurrent marking roots
[52.155s][info][gc,task     ] GC(22) Using 1 of 3 workers for concurrent marking roots
[52.156s][info][gc          ] GC(22) Concurrent marking roots 1.196ms
[52.156s][info][gc,start    ] GC(22) Concurrent marking (unload classes)
[52.156s][info][gc,task     ] GC(22) Using 1 of 3 workers for concurrent marking
[52.161s][info][gc          ] GC(22) Concurrent marking (unload classes) 5.140ms
[52.161s][info][gc,start    ] GC(22) Pause Final Mark (unload classes)
[52.161s][info][gc,task     ] GC(22) Using 3 of 3 workers for final marking
[52.161s][info][gc,ergo     ] GC(22) Collectable Garbage: 1247M (98%), Immediate: 1247M (98%), CSet: 0B (0%)
[52.161s][info][gc          ] GC(22) Pause Final Mark (unload classes) 0.222ms
[52.162s][info][gc,start    ] GC(22) Concurrent weak references
[52.162s][info][gc,task     ] GC(22) Using 1 of 3 workers for concurrent weak references
[52.162s][info][gc,ref      ] GC(22) Encountered references: Soft: 172, Weak: 989, Final: 0, Phantom: 41
[52.162s][info][gc,ref      ] GC(22) Discovered  references: Soft: 108, Weak: 219, Final: 0, Phantom: 24
[52.162s][info][gc,ref      ] GC(22) Enqueued    references: Soft: 4, Weak: 6, Final: 0, Phantom: 0
[52.162s][info][gc          ] GC(22) Concurrent weak references 0.179ms
[52.162s][info][gc,start    ] GC(22) Concurrent weak roots
[52.162s][info][gc,task     ] GC(22) Using 1 of 3 workers for concurrent weak root
[52.163s][info][gc          ] GC(22) Concurrent weak roots 1.037ms
[52.163s][info][gc,start    ] GC(22) Concurrent cleanup
[52.163s][info][gc          ] GC(22) Concurrent cleanup 1268M->20M(8192M) 0.049ms
[52.163s][info][gc,ergo     ] GC(22) Free: 7759M, Max: 4096K regular, 7220M humongous, Frag: 7% external, 0% internal; Reserve: 412M, Max: 4096K
[52.163s][info][gc,start    ] GC(22) Concurrent class unloading
[52.163s][info][gc,task     ] GC(22) Using 1 of 3 workers for concurrent class unloading
[52.168s][info][gc          ] GC(22) Concurrent class unloading 5.143ms
[52.168s][info][gc,start    ] GC(22) Pause Final Roots
[52.168s][info][gc          ] GC(22) Pause Final Roots 0.030ms
[52.168s][info][gc,ergo     ] Free: 7759M, Max: 4096K regular, 7220M humongous, Frag: 7% external, 0% internal; Reserve: 412M, Max: 4096K
[52.168s][info][gc,stats    ] 
[52.168s][info][gc,stats    ] All times are wall-clock times, except per-root-class counters, that are sum over
[52.168s][info][gc,stats    ] all workers. Dividing the <total> over the root stage time estimates parallelism.
[52.168s][info][gc,stats    ] 
[52.168s][info][gc,stats    ] Concurrent Reset                   3626 us
[52.168s][info][gc,stats    ] Pause Init Mark (G)                 425 us
[52.168s][info][gc,stats    ] Pause Init Mark (N)                 276 us
[52.168s][info][gc,stats    ]   Update Region States              107 us
[52.168s][info][gc,stats    ] Concurrent Mark Roots              1218 us, parallelism: 0.84x
[52.168s][info][gc,stats    ]   CMR: <total>                     1027 us
[52.168s][info][gc,stats    ]   CMR: Thread Roots                 947 us, workers (us): 947, ---, ---, 
[52.168s][info][gc,stats    ]   CMR: VM Strong Roots                6 us, workers (us):   6, ---, ---, 
[52.168s][info][gc,stats    ]   CMR: CLDG Roots                    74 us, workers (us):  74, ---, ---, 
[52.168s][info][gc,stats    ] Concurrent Marking                 5199 us
[52.169s][info][gc,stats    ] Pause Final Mark (G)                302 us
[52.169s][info][gc,stats    ] Pause Final Mark (N)                231 us
[52.169s][info][gc,stats    ]   Finish Mark                        91 us
[52.169s][info][gc,stats    ]   Update Region States               59 us
[52.169s][info][gc,stats    ]   Choose Collection Set              31 us
[52.169s][info][gc,stats    ]   Rebuild Free Set                    9 us
[52.169s][info][gc,stats    ] Concurrent Weak References          196 us, parallelism: 0.09x
[52.169s][info][gc,stats    ]   CWRF: <total>                      18 us
[52.169s][info][gc,stats    ]   CWRF: Weak References              18 us, workers (us):  18, ---, ---, 
[52.169s][info][gc,stats    ] Concurrent Weak Roots              1095 us
[52.169s][info][gc,stats    ]   Roots                             907 us, parallelism: 0.90x
[52.169s][info][gc,stats    ]     CWR: <total>                    818 us
[52.169s][info][gc,stats    ]     CWR: Code Cache Roots           651 us, workers (us): 651, ---, ---, 
[52.169s][info][gc,stats    ]     CWR: VM Weak Roots              158 us, workers (us): 158, ---, ---, 
[52.169s][info][gc,stats    ]     CWR: CLDG Roots                   9 us, workers (us):   9, ---, ---, 
[52.169s][info][gc,stats    ]   Rendezvous                         94 us
[52.169s][info][gc,stats    ] Concurrent Cleanup                   58 us
[52.169s][info][gc,stats    ] Concurrent Class Unloading         5209 us
[52.169s][info][gc,stats    ]   Unlink Stale                     4759 us
[52.169s][info][gc,stats    ]     System Dictionary                73 us
[52.169s][info][gc,stats    ]     Weak Class Links               1936 us
[52.169s][info][gc,stats    ]     Code Roots                     2749 us
[52.169s][info][gc,stats    ]   Rendezvous                        100 us
[52.169s][info][gc,stats    ]   Purge Unlinked                    264 us
[52.169s][info][gc,stats    ]     Code Roots                      237 us
[52.169s][info][gc,stats    ]     CLDG                             27 us
[52.169s][info][gc,stats    ]     Exception Caches                  0 us
[52.169s][info][gc,stats    ] Pause Final Roots (G)               112 us
[52.169s][info][gc,stats    ] Pause Final Roots (N)                39 us
[52.169s][info][gc,stats    ] 
[52.169s][info][gc,stats    ] Allocation pacing accrued:
[52.169s][info][gc,stats    ]       0 of   690 ms (  0.0%): <total>
[52.169s][info][gc,stats    ]       0 of   690 ms (  0.0%): <average total>
[52.169s][info][gc,stats    ] 
[52.169s][info][gc,metaspace] Metaspace: 16408K(16704K)->16404K(16704K) NonClass: 14060K(14208K)->14057K(14208K) Class: 2348K(2496K)->2347K(2496K)
[52.169s][info][gc,ergo     ] Pacer for Idle. Initial: 163M, Alloc Tax Rate: 1.0x
[54.113s][info][gc          ] Trigger: Average GC time (1710.45 ms) is above the time for instantaneous allocation rate (5505 MB/s) to deplete free headroom (6313M) (spike threshold = 1.77)
[54.113s][info][gc,ergo     ] Free: 6722M, Max: 4096K regular, 6720M humongous, Frag: 0% external, 0% internal; Reserve: 412M, Max: 4096K
[54.113s][info][gc,start    ] GC(23) Concurrent reset
[54.113s][info][gc,task     ] GC(23) Using 1 of 3 workers for concurrent reset
[54.113s][info][gc,ergo     ] GC(23) Pacer for Reset. Non-Taxable: 8192M
[54.113s][info][gc          ] GC(23) Concurrent reset 0.286ms
[54.113s][info][gc,start    ] GC(23) Pause Init Mark (unload classes)
[54.113s][info][gc,task     ] GC(23) Using 3 of 3 workers for init marking
[54.113s][info][gc,ergo     ] GC(23) Pacer for Mark. Expected Live: 65278K, Free: 6719M, Non-Taxable: 671M, Alloc Tax Rate: 0.0x
[54.113s][info][gc          ] GC(23) Pause Init Mark (unload classes) 0.107ms
[54.128s][info][gc,start    ] GC(23) Concurrent marking roots
[54.128s][info][gc,task     ] GC(23) Using 1 of 3 workers for concurrent marking roots
[54.129s][info][gc          ] GC(23) Concurrent marking roots 0.813ms
[54.129s][info][gc,start    ] GC(23) Concurrent marking (unload classes)
[54.129s][info][gc,task     ] GC(23) Using 1 of 3 workers for concurrent marking
[54.147s][info][gc          ] GC(23) Concurrent marking (unload classes) 17.731ms
[54.147s][info][gc,start    ] GC(23) Pause Final Mark (unload classes)
[54.147s][info][gc,task     ] GC(23) Using 3 of 3 workers for final marking
[54.147s][info][gc,ergo     ] GC(23) Adaptive CSet Selection. Target Free: 1160M, Actual Free: 7884M, Max CSet: 341M, Min Garbage: 0B
[54.147s][info][gc,ergo     ] GC(23) Collectable Garbage: 1055M (99%), Immediate: 924M (87%), CSet: 131M (12%)
[54.147s][info][gc,ergo     ] GC(23) Pacer for Evacuation. Used CSet: 132M, Free: 7474M, Non-Taxable: 747M, Alloc Tax Rate: 1.1x
[54.147s][info][gc          ] GC(23) Pause Final Mark (unload classes) 0.222ms
[54.174s][info][gc,start    ] GC(23) Concurrent thread roots
[54.174s][info][gc,task     ] GC(23) Using 1 of 3 workers for Concurrent thread roots
[54.174s][info][gc          ] GC(23) Concurrent thread roots 0.729ms
[54.174s][info][gc,start    ] GC(23) Concurrent weak references
[54.174s][info][gc,task     ] GC(23) Using 1 of 3 workers for concurrent weak references
[54.175s][info][gc,ref      ] GC(23) Encountered references: Soft: 173, Weak: 995, Final: 0, Phantom: 41
[54.175s][info][gc,ref      ] GC(23) Discovered  references: Soft: 0, Weak: 205, Final: 0, Phantom: 24
[54.175s][info][gc,ref      ] GC(23) Enqueued    references: Soft: 0, Weak: 4, Final: 0, Phantom: 0
[54.175s][info][gc          ] GC(23) Concurrent weak references 0.086ms
[54.175s][info][gc,start    ] GC(23) Concurrent weak roots
[54.175s][info][gc,task     ] GC(23) Using 1 of 3 workers for concurrent weak root
[54.191s][info][gc          ] GC(23) Concurrent weak roots 16.641ms
[54.191s][info][gc,start    ] GC(23) Concurrent cleanup
[54.191s][info][gc          ] GC(23) Concurrent cleanup 1393M->469M(8192M) 0.055ms
[54.191s][info][gc,ergo     ] GC(23) Free: 7310M, Max: 4096K regular, 6384M humongous, Frag: 13% external, 0% internal; Reserve: 411M, Max: 4096K
[54.191s][info][gc,start    ] GC(23) Concurrent class unloading
[54.191s][info][gc,task     ] GC(23) Using 1 of 3 workers for concurrent class unloading
[54.197s][info][gc          ] GC(23) Concurrent class unloading 5.980ms
[54.197s][info][gc,start    ] GC(23) Concurrent strong roots
[54.197s][info][gc,task     ] GC(23) Using 1 of 3 workers for concurrent strong root
[54.198s][info][gc          ] GC(23) Concurrent strong roots 0.100ms
[54.198s][info][gc,start    ] GC(23) Concurrent evacuation
[54.198s][info][gc,task     ] GC(23) Using 1 of 3 workers for concurrent evacuation
[54.199s][info][gc          ] GC(23) Concurrent evacuation 1.213ms
[54.199s][info][gc,start    ] GC(23) Pause Init Update Refs
[54.199s][info][gc,ergo     ] GC(23) Pacer for Update Refs. Used: 494M, Free: 7286M, Non-Taxable: 728M, Alloc Tax Rate: 1.1x
[54.199s][info][gc          ] GC(23) Pause Init Update Refs 0.043ms
[54.207s][info][gc,start    ] GC(23) Concurrent update references
[54.207s][info][gc,task     ] GC(23) Using 1 of 3 workers for concurrent reference update
[54.281s][info][gc          ] GC(23) Concurrent update references 74.195ms
[54.281s][info][gc,start    ] GC(23) Concurrent update thread roots
[54.286s][info][gc          ] GC(23) Concurrent update thread roots 4.471ms
[54.286s][info][gc,start    ] GC(23) Pause Final Update Refs
[54.286s][info][gc,task     ] GC(23) Using 3 of 3 workers for final reference update
[54.286s][info][gc          ] GC(23) Pause Final Update Refs 0.148ms
[54.301s][info][gc,start    ] GC(23) Concurrent cleanup
[54.302s][info][gc          ] GC(23) Concurrent cleanup 830M->730M(8192M) 0.167ms
[54.302s][info][gc,ergo     ] Free: 7049M, Max: 4096K regular, 6384M humongous, Frag: 10% external, 0% internal; Reserve: 412M, Max: 4096K
[54.302s][info][gc,stats    ] 
[54.302s][info][gc,stats    ] All times are wall-clock times, except per-root-class counters, that are sum over
[54.302s][info][gc,stats    ] all workers. Dividing the <total> over the root stage time estimates parallelism.
[54.302s][info][gc,stats    ] 
[54.302s][info][gc,stats    ] Concurrent Reset                    309 us
[54.302s][info][gc,stats    ] Pause Init Mark (G)               15144 us
[54.302s][info][gc,stats    ] Pause Init Mark (N)                 116 us
[54.302s][info][gc,stats    ]   Update Region States               39 us
[54.302s][info][gc,stats    ] Concurrent Mark Roots               837 us, parallelism: 0.78x
[54.302s][info][gc,stats    ]   CMR: <total>                      654 us
[54.302s][info][gc,stats    ]   CMR: Thread Roots                 594 us, workers (us): 594, ---, ---, 
[54.302s][info][gc,stats    ]   CMR: VM Strong Roots                7 us, workers (us):   7, ---, ---, 
[54.302s][info][gc,stats    ]   CMR: CLDG Roots                    52 us, workers (us):  52, ---, ---, 
[54.302s][info][gc,stats    ] Concurrent Marking                17800 us
[54.302s][info][gc,stats    ] Pause Final Mark (G)              26815 us
[54.302s][info][gc,stats    ] Pause Final Mark (N)                232 us
[54.302s][info][gc,stats    ]   Finish Mark                        51 us
[54.302s][info][gc,stats    ]   Update Region States               36 us
[54.302s][info][gc,stats    ]   Choose Collection Set              52 us
[54.302s][info][gc,stats    ]   Rebuild Free Set                    8 us
[54.302s][info][gc,stats    ] Concurrent Thread Roots             759 us, parallelism: 0.75x
[54.302s][info][gc,stats    ]   CTR: <total>                      566 us
[54.302s][info][gc,stats    ]   CTR: Thread Roots                 566 us, workers (us): 566, ---, ---, 
[54.302s][info][gc,stats    ] Concurrent Weak References           93 us, parallelism: 0.23x
[54.302s][info][gc,stats    ]   CWRF: <total>                      22 us
[54.302s][info][gc,stats    ]   CWRF: Weak References              22 us, workers (us):  22, ---, ---, 
[54.302s][info][gc,stats    ] Concurrent Weak Roots             16737 us
[54.302s][info][gc,stats    ]   Roots                            1306 us, parallelism: 0.97x
[54.302s][info][gc,stats    ]     CWR: <total>                   1265 us
[54.302s][info][gc,stats    ]     CWR: Code Cache Roots           997 us, workers (us): 997, ---, ---, 
[54.302s][info][gc,stats    ]     CWR: VM Weak Roots              257 us, workers (us): 257, ---, ---, 
[54.302s][info][gc,stats    ]     CWR: CLDG Roots                  12 us, workers (us):  12, ---, ---, 
[54.302s][info][gc,stats    ]   Rendezvous                      15315 us
[54.302s][info][gc,stats    ] Concurrent Cleanup                   64 us
[54.302s][info][gc,stats    ] Concurrent Class Unloading         6039 us
[54.302s][info][gc,stats    ]   Unlink Stale                     3438 us
[54.302s][info][gc,stats    ]     System Dictionary                23 us
[54.302s][info][gc,stats    ]     Weak Class Links                  0 us
[54.302s][info][gc,stats    ]     Code Roots                     3414 us
[54.302s][info][gc,stats    ]   Rendezvous                       2298 us
[54.302s][info][gc,stats    ]   Purge Unlinked                    222 us
[54.302s][info][gc,stats    ]     Code Roots                      216 us
[54.302s][info][gc,stats    ]     CLDG                              6 us
[54.302s][info][gc,stats    ]     Exception Caches                  0 us
[54.302s][info][gc,stats    ] Concurrent Strong Roots             111 us, parallelism: 0.40x
[54.302s][info][gc,stats    ]   CSR: <total>                       45 us
[54.302s][info][gc,stats    ]   CSR: VM Strong Roots                4 us, workers (us):   4, ---, ---, 
[54.302s][info][gc,stats    ]   CSR: CLDG Roots                    41 us, workers (us):  41, ---, ---, 
[54.302s][info][gc,stats    ] Concurrent Evacuation              1266 us
[54.302s][info][gc,stats    ] Pause Init Update Refs (G)         8035 us
[54.302s][info][gc,stats    ] Pause Init Update Refs (N)           51 us
[54.302s][info][gc,stats    ]   Manage GCLABs                       4 us
[54.302s][info][gc,stats    ] Concurrent Update Refs            74273 us
[54.302s][info][gc,stats    ] Concurrent Update Thread Roots     4544 us
[54.302s][info][gc,stats    ] Pause Final Update Refs (G)       15690 us
[54.302s][info][gc,stats    ] Pause Final Update Refs (N)         171 us
[54.302s][info][gc,stats    ]   Update Region States               71 us
[54.302s][info][gc,stats    ]   Trash Collection Set                4 us
[54.302s][info][gc,stats    ]   Rebuild Free Set                   20 us
[54.302s][info][gc,stats    ] Concurrent Cleanup                  180 us
[54.302s][info][gc,stats    ] 
[54.302s][info][gc,stats    ] Allocation pacing accrued:
[54.302s][info][gc,stats    ]       0 of  2133 ms (  0.0%): <total>
[54.302s][info][gc,stats    ]       0 of  2133 ms (  0.0%): <average total>
[54.302s][info][gc,stats    ] 
[54.302s][info][gc,metaspace] Metaspace: 16414K(16704K)->16414K(16704K) NonClass: 14066K(14208K)->14066K(14208K) Class: 2348K(2496K)->2348K(2496K)
[54.302s][info][gc,ergo     ] Pacer for Idle. Initial: 163M, Alloc Tax Rate: 1.0x
[54.537s][info][gc          ] Trigger: Average GC time (1242.03 ms) is above the time for average allocation rate (4829 MB/s) to deplete free headroom (5464M) (margin of error = 1.80)
[54.537s][info][gc,ergo     ] Free headroom: 5873M (free) - 409M (spike) - 0B (penalties) = 5464M
[54.537s][info][gc,ergo     ] Free: 5873M, Max: 4096K regular, 5868M humongous, Frag: 0% external, 0% internal; Reserve: 412M, Max: 4096K
[54.537s][info][gc,start    ] GC(24) Concurrent reset
[54.537s][info][gc,task     ] GC(24) Using 1 of 3 workers for concurrent reset
[54.537s][info][gc,ergo     ] GC(24) Pacer for Reset. Non-Taxable: 8192M
[54.537s][info][gc          ] GC(24) Concurrent reset 0.595ms
[54.538s][info][gc,start    ] GC(24) Pause Init Mark (unload classes)
[54.538s][info][gc,task     ] GC(24) Using 3 of 3 workers for init marking
[54.538s][info][gc,ergo     ] GC(24) Pacer for Mark. Expected Live: 65331K, Free: 5873M, Non-Taxable: 587M, Alloc Tax Rate: 0.0x
[54.538s][info][gc          ] GC(24) Pause Init Mark (unload classes) 0.104ms
[54.538s][info][gc,start    ] GC(24) Concurrent marking roots
[54.538s][info][gc,task     ] GC(24) Using 1 of 3 workers for concurrent marking roots
[54.538s][info][gc          ] GC(24) Concurrent marking roots 0.491ms
[54.538s][info][gc,start    ] GC(24) Concurrent marking (unload classes)
[54.538s][info][gc,task     ] GC(24) Using 1 of 3 workers for concurrent marking
[54.553s][info][gc          ] GC(24) Concurrent marking (unload classes) 14.270ms
[54.553s][info][gc,start    ] GC(24) Pause Final Mark (unload classes)
[54.553s][info][gc,task     ] GC(24) Using 3 of 3 workers for final marking
[54.553s][info][gc,ergo     ] GC(24) Collectable Garbage: 1868M (98%), Immediate: 1868M (98%), CSet: 0B (0%)
[54.553s][info][gc          ] GC(24) Pause Final Mark (unload classes) 0.163ms
[54.553s][info][gc,start    ] GC(24) Concurrent weak references
[54.553s][info][gc,task     ] GC(24) Using 1 of 3 workers for concurrent weak references
[54.553s][info][gc,ref      ] GC(24) Encountered references: Soft: 173, Weak: 992, Final: 0, Phantom: 41
[54.553s][info][gc,ref      ] GC(24) Discovered  references: Soft: 0, Weak: 212, Final: 0, Phantom: 38
[54.553s][info][gc,ref      ] GC(24) Enqueued    references: Soft: 0, Weak: 2, Final: 0, Phantom: 0
[54.553s][info][gc          ] GC(24) Concurrent weak references 0.086ms
[54.553s][info][gc,start    ] GC(24) Concurrent weak roots
[54.553s][info][gc,task     ] GC(24) Using 1 of 3 workers for concurrent weak root
[54.554s][info][gc          ] GC(24) Concurrent weak roots 1.015ms
[54.554s][info][gc,start    ] GC(24) Concurrent cleanup
[54.554s][info][gc          ] GC(24) Concurrent cleanup 1942M->74M(8192M) 0.049ms
[54.554s][info][gc,ergo     ] GC(24) Free: 7705M, Max: 4096K regular, 5832M humongous, Frag: 25% external, 0% internal; Reserve: 412M, Max: 4096K
[54.554s][info][gc,start    ] GC(24) Concurrent class unloading
[54.554s][info][gc,task     ] GC(24) Using 1 of 3 workers for concurrent class unloading
[54.557s][info][gc          ] GC(24) Concurrent class unloading 3.339ms
[54.557s][info][gc,start    ] GC(24) Pause Final Roots
[54.557s][info][gc          ] GC(24) Pause Final Roots 0.042ms
[54.558s][info][gc,ergo     ] Free: 7698M, Max: 4096K regular, 5832M humongous, Frag: 25% external, 0% internal; Reserve: 412M, Max: 4096K
[54.558s][info][gc,stats    ] 
[54.558s][info][gc,stats    ] All times are wall-clock times, except per-root-class counters, that are sum over
[54.558s][info][gc,stats    ] all workers. Dividing the <total> over the root stage time estimates parallelism.
[54.558s][info][gc,stats    ] 
[54.558s][info][gc,stats    ] Concurrent Reset                    616 us
[54.558s][info][gc,stats    ] Pause Init Mark (G)                 223 us
[54.558s][info][gc,stats    ] Pause Init Mark (N)                 113 us
[54.558s][info][gc,stats    ]   Update Region States               32 us
[54.558s][info][gc,stats    ] Concurrent Mark Roots               507 us, parallelism: 0.85x
[54.558s][info][gc,stats    ]   CMR: <total>                      431 us
[54.558s][info][gc,stats    ]   CMR: Thread Roots                 376 us, workers (us): 376, ---, ---, 
[54.558s][info][gc,stats    ]   CMR: VM Strong Roots                6 us, workers (us):   6, ---, ---, 
[54.558s][info][gc,stats    ]   CMR: CLDG Roots                    48 us, workers (us):  48, ---, ---, 
[54.558s][info][gc,stats    ] Concurrent Marking                14325 us
[54.558s][info][gc,stats    ] Pause Final Mark (G)                218 us
[54.558s][info][gc,stats    ] Pause Final Mark (N)                172 us
[54.558s][info][gc,stats    ]   Finish Mark                        42 us
[54.558s][info][gc,stats    ]   Update Region States               27 us
[54.558s][info][gc,stats    ]   Choose Collection Set              29 us
[54.558s][info][gc,stats    ]   Rebuild Free Set                    8 us
[54.558s][info][gc,stats    ] Concurrent Weak References           94 us, parallelism: 0.17x
[54.558s][info][gc,stats    ]   CWRF: <total>                      16 us
[54.558s][info][gc,stats    ]   CWRF: Weak References              16 us, workers (us):  16, ---, ---, 
[54.558s][info][gc,stats    ] Concurrent Weak Roots              1058 us
[54.558s][info][gc,stats    ]   Roots                             946 us, parallelism: 0.97x
[54.558s][info][gc,stats    ]     CWR: <total>                    914 us
[54.558s][info][gc,stats    ]     CWR: Code Cache Roots           711 us, workers (us): 711, ---, ---, 
[54.558s][info][gc,stats    ]     CWR: VM Weak Roots              193 us, workers (us): 193, ---, ---, 
[54.558s][info][gc,stats    ]     CWR: CLDG Roots                  10 us, workers (us):  10, ---, ---, 
[54.558s][info][gc,stats    ]   Rendezvous                         51 us
[54.558s][info][gc,stats    ] Concurrent Cleanup                   58 us
[54.558s][info][gc,stats    ] Concurrent Class Unloading         3396 us
[54.558s][info][gc,stats    ]   Unlink Stale                     3039 us
[54.558s][info][gc,stats    ]     System Dictionary                 9 us
[54.558s][info][gc,stats    ]     Weak Class Links                  0 us
[54.558s][info][gc,stats    ]     Code Roots                     3028 us
[54.558s][info][gc,stats    ]   Rendezvous                         76 us
[54.558s][info][gc,stats    ]   Purge Unlinked                    204 us
[54.558s][info][gc,stats    ]     Code Roots                      200 us
[54.558s][info][gc,stats    ]     CLDG                              4 us
[54.558s][info][gc,stats    ]     Exception Caches                  0 us
[54.558s][info][gc,stats    ] Pause Final Roots (G)               112 us
[54.558s][info][gc,stats    ] Pause Final Roots (N)                51 us
[54.558s][info][gc,stats    ] 
[54.558s][info][gc,stats    ] Allocation pacing accrued:
[54.558s][info][gc,stats    ]       0 of   256 ms (  0.0%): <total>
[54.558s][info][gc,stats    ]       0 of   256 ms (  0.0%): <average total>
[54.558s][info][gc,stats    ] 
[54.558s][info][gc,metaspace] Metaspace: 16414K(16704K)->16414K(16704K) NonClass: 14066K(14208K)->14066K(14208K) Class: 2348K(2496K)->2348K(2496K)
[54.558s][info][gc,ergo     ] Pacer for Idle. Initial: 163M, Alloc Tax Rate: 1.0x
[58.772s][info][gc          ] Trigger: Learning 4 of 5. Free (5733M) is below initial threshold (5734M)
[58.772s][info][gc,ergo     ] Free: 5733M, Max: 4096K regular, 5728M humongous, Frag: 0% external, 0% internal; Reserve: 412M, Max: 4096K
[58.772s][info][gc,start    ] GC(25) Concurrent reset
[58.772s][info][gc,task     ] GC(25) Using 1 of 3 workers for concurrent reset
[58.772s][info][gc,ergo     ] GC(25) Pacer for Reset. Non-Taxable: 8192M
[58.773s][info][gc          ] GC(25) Concurrent reset 0.431ms
[58.773s][info][gc,start    ] GC(25) Pause Init Mark (unload classes)
[58.773s][info][gc,task     ] GC(25) Using 3 of 3 workers for init marking
[58.773s][info][gc,ergo     ] GC(25) Pacer for Mark. Expected Live: 66473K, Free: 5733M, Non-Taxable: 573M, Alloc Tax Rate: 0.0x
[58.773s][info][gc          ] GC(25) Pause Init Mark (unload classes) 0.218ms
[58.773s][info][gc,start    ] GC(25) Concurrent marking roots
[58.773s][info][gc,task     ] GC(25) Using 1 of 3 workers for concurrent marking roots
[58.774s][info][gc          ] GC(25) Concurrent marking roots 0.997ms
[58.774s][info][gc,start    ] GC(25) Concurrent marking (unload classes)
[58.774s][info][gc,task     ] GC(25) Using 1 of 3 workers for concurrent marking
[59.586s][info][gc          ] GC(25) Concurrent marking (unload classes) 811.984ms
[59.586s][info][gc,start    ] GC(25) Pause Final Mark (unload classes)
[59.586s][info][gc,task     ] GC(25) Using 3 of 3 workers for final marking
[59.586s][info][gc,ergo     ] GC(25) Adaptive CSet Selection. Target Free: 1160M, Actual Free: 6548M, Max CSet: 341M, Min Garbage: 0B
[59.586s][info][gc,ergo     ] GC(25) Collectable Garbage: 1538M (94%), Immediate: 764M (47%), CSet: 774M (47%)
[59.587s][info][gc,ergo     ] GC(25) Pacer for Evacuation. Used CSet: 1116M, Free: 6141M, Non-Taxable: 614M, Alloc Tax Rate: 1.1x
[59.587s][info][gc          ] GC(25) Pause Final Mark (unload classes) 0.342ms
[59.587s][info][gc,start    ] GC(25) Concurrent thread roots
[59.587s][info][gc,task     ] GC(25) Using 1 of 3 workers for Concurrent thread roots
[59.587s][info][gc          ] GC(25) Concurrent thread roots 0.876ms
[59.587s][info][gc,start    ] GC(25) Concurrent weak references
[59.587s][info][gc,task     ] GC(25) Using 1 of 3 workers for concurrent weak references
[59.588s][info][gc,ref      ] GC(25) Encountered references: Soft: 173, Weak: 995, Final: 0, Phantom: 41
[59.588s][info][gc,ref      ] GC(25) Discovered  references: Soft: 0, Weak: 189, Final: 0, Phantom: 24
[59.588s][info][gc,ref      ] GC(25) Enqueued    references: Soft: 0, Weak: 1, Final: 0, Phantom: 0
[59.588s][info][gc          ] GC(25) Concurrent weak references 0.144ms
[59.588s][info][gc,start    ] GC(25) Concurrent weak roots
[59.588s][info][gc,task     ] GC(25) Using 1 of 3 workers for concurrent weak root
[59.589s][info][gc          ] GC(25) Concurrent weak roots 1.108ms
[59.589s][info][gc,start    ] GC(25) Concurrent cleanup
[59.589s][info][gc          ] GC(25) Concurrent cleanup 2402M->1638M(8192M) 0.031ms
[59.589s][info][gc,ergo     ] GC(25) Free: 6141M, Max: 4096K regular, 5372M humongous, Frag: 13% external, 0% internal; Reserve: 411M, Max: 4096K
[59.589s][info][gc,start    ] GC(25) Concurrent class unloading
[59.589s][info][gc,task     ] GC(25) Using 1 of 3 workers for concurrent class unloading
[59.592s][info][gc          ] GC(25) Concurrent class unloading 2.925ms
[59.592s][info][gc,start    ] GC(25) Concurrent strong roots
[59.592s][info][gc,task     ] GC(25) Using 1 of 3 workers for concurrent strong root
[59.592s][info][gc          ] GC(25) Concurrent strong roots 0.180ms
[59.592s][info][gc,start    ] GC(25) Concurrent evacuation
[59.592s][info][gc,task     ] GC(25) Using 1 of 3 workers for concurrent evacuation
[59.925s][info][gc          ] GC(25) Concurrent evacuation 332.858ms
[59.925s][info][gc,start    ] GC(25) Pause Init Update Refs
[59.925s][info][gc,ergo     ] GC(25) Pacer for Update Refs. Used: 2021M, Free: 6102M, Non-Taxable: 610M, Alloc Tax Rate: 1.1x
[59.925s][info][gc          ] GC(25) Pause Init Update Refs 0.059ms
[59.925s][info][gc,start    ] GC(25) Concurrent update references
[59.925s][info][gc,task     ] GC(25) Using 1 of 3 workers for concurrent reference update
[60.621s][info][gc          ] GC(25) Concurrent update references 696.287ms
[60.621s][info][gc,start    ] GC(25) Concurrent update thread roots
[60.623s][info][gc          ] GC(25) Concurrent update thread roots 1.205ms
[60.623s][info][gc,start    ] GC(25) Pause Final Update Refs
[60.623s][info][gc,task     ] GC(25) Using 3 of 3 workers for final reference update
[60.623s][info][gc          ] GC(25) Pause Final Update Refs 0.261ms
[60.623s][info][gc,start    ] GC(25) Concurrent cleanup
[60.623s][info][gc          ] GC(25) Concurrent cleanup 2037M->921M(8192M) 0.081ms
[60.623s][info][gc,ergo     ] Free: 6858M, Max: 4096K regular, 5028M humongous, Frag: 27% external, 0% internal; Reserve: 412M, Max: 4096K
[60.623s][info][gc,stats    ] 
[60.623s][info][gc,stats    ] All times are wall-clock times, except per-root-class counters, that are sum over
[60.623s][info][gc,stats    ] all workers. Dividing the <total> over the root stage time estimates parallelism.
[60.623s][info][gc,stats    ] 
[60.623s][info][gc,stats    ] Concurrent Reset                    484 us
[60.623s][info][gc,stats    ] Pause Init Mark (G)                 402 us
[60.623s][info][gc,stats    ] Pause Init Mark (N)                 241 us
[60.623s][info][gc,stats    ]   Update Region States               88 us
[60.623s][info][gc,stats    ] Concurrent Mark Roots              1015 us, parallelism: 0.84x
[60.623s][info][gc,stats    ]   CMR: <total>                      855 us
[60.623s][info][gc,stats    ]   CMR: Thread Roots                 784 us, workers (us): 784, ---, ---, 
[60.623s][info][gc,stats    ]   CMR: VM Strong Roots                6 us, workers (us):   6, ---, ---, 
[60.623s][info][gc,stats    ]   CMR: CLDG Roots                    64 us, workers (us):  64, ---, ---, 
[60.623s][info][gc,stats    ] Concurrent Marking               812049 us
[60.624s][info][gc,stats    ] Pause Final Mark (G)                457 us
[60.624s][info][gc,stats    ] Pause Final Mark (N)                358 us
[60.624s][info][gc,stats    ]   Finish Mark                        79 us
[60.624s][info][gc,stats    ]   Update Region States               40 us
[60.624s][info][gc,stats    ]   Choose Collection Set             110 us
[60.624s][info][gc,stats    ]   Rebuild Free Set                   17 us
[60.624s][info][gc,stats    ] Concurrent Thread Roots             887 us, parallelism: 0.93x
[60.624s][info][gc,stats    ]   CTR: <total>                      824 us
[60.624s][info][gc,stats    ]   CTR: Thread Roots                 824 us, workers (us): 824, ---, ---, 
[60.624s][info][gc,stats    ] Concurrent Weak References          152 us, parallelism: 0.09x
[60.624s][info][gc,stats    ]   CWRF: <total>                      13 us
[60.624s][info][gc,stats    ]   CWRF: Weak References              13 us, workers (us):  13, ---, ---, 
[60.624s][info][gc,stats    ] Concurrent Weak Roots              1129 us
[60.624s][info][gc,stats    ]   Roots                            1017 us, parallelism: 0.96x
[60.624s][info][gc,stats    ]     CWR: <total>                    976 us
[60.624s][info][gc,stats    ]     CWR: Code Cache Roots           646 us, workers (us): 646, ---, ---, 
[60.624s][info][gc,stats    ]     CWR: VM Weak Roots              320 us, workers (us): 320, ---, ---, 
[60.624s][info][gc,stats    ]     CWR: CLDG Roots                  10 us, workers (us):  10, ---, ---, 
[60.624s][info][gc,stats    ]   Rendezvous                         75 us
[60.624s][info][gc,stats    ] Concurrent Cleanup                   39 us
[60.624s][info][gc,stats    ] Concurrent Class Unloading         2989 us
[60.624s][info][gc,stats    ]   Unlink Stale                     2600 us
[60.624s][info][gc,stats    ]     System Dictionary                10 us
[60.624s][info][gc,stats    ]     Weak Class Links                  0 us
[60.624s][info][gc,stats    ]     Code Roots                     2589 us
[60.624s][info][gc,stats    ]   Rendezvous                        116 us
[60.624s][info][gc,stats    ]   Purge Unlinked                    189 us
[60.624s][info][gc,stats    ]     Code Roots                      181 us
[60.624s][info][gc,stats    ]     CLDG                              8 us
[60.624s][info][gc,stats    ]     Exception Caches                  0 us
[60.624s][info][gc,stats    ] Concurrent Strong Roots             217 us, parallelism: 0.25x
[60.624s][info][gc,stats    ]   CSR: <total>                       54 us
[60.624s][info][gc,stats    ]   CSR: VM Strong Roots                4 us, workers (us):   4, ---, ---, 
[60.624s][info][gc,stats    ]   CSR: CLDG Roots                    50 us, workers (us):  50, ---, ---, 
[60.624s][info][gc,stats    ] Concurrent Evacuation            332923 us
[60.624s][info][gc,stats    ] Pause Init Update Refs (G)          157 us
[60.624s][info][gc,stats    ] Pause Init Update Refs (N)           68 us
[60.624s][info][gc,stats    ]   Manage GCLABs                       3 us
[60.624s][info][gc,stats    ] Concurrent Update Refs           696352 us
[60.624s][info][gc,stats    ] Concurrent Update Thread Roots     1222 us
[60.624s][info][gc,stats    ] Pause Final Update Refs (G)         422 us
[60.624s][info][gc,stats    ] Pause Final Update Refs (N)         291 us
[60.624s][info][gc,stats    ]   Update Region States              123 us
[60.624s][info][gc,stats    ]   Trash Collection Set               13 us
[60.624s][info][gc,stats    ]   Rebuild Free Set                   29 us
[60.624s][info][gc,stats    ] Concurrent Cleanup                  101 us
[60.624s][info][gc,stats    ] 
[60.624s][info][gc,stats    ] Allocation pacing accrued:
[60.624s][info][gc,stats    ]       0 of  6066 ms (  0.0%): <total>
[60.624s][info][gc,stats    ]       0 of  6066 ms (  0.0%): <average total>
[60.624s][info][gc,stats    ] 
[60.624s][info][gc,metaspace] Metaspace: 16414K(16704K)->16416K(16704K) NonClass: 14066K(14208K)->14068K(14208K) Class: 2348K(2496K)->2348K(2496K)
[60.624s][info][gc,ergo     ] Pacer for Idle. Initial: 163M, Alloc Tax Rate: 1.0x
[60.639s][info][gc          ] Trigger: Explicit GC request (System.gc())
[60.639s][info][gc,ergo     ] Free: 6858M, Max: 4096K regular, 5028M humongous, Frag: 27% external, 0% internal; Reserve: 412M, Max: 4096K
[60.639s][info][gc,start    ] GC(26) Concurrent reset
[60.639s][info][gc,task     ] GC(26) Using 1 of 3 workers for concurrent reset
[60.639s][info][gc,ergo     ] GC(26) Pacer for Reset. Non-Taxable: 8192M
[60.645s][info][gc          ] GC(26) Concurrent reset 6.295ms
[60.645s][info][gc,start    ] GC(26) Pause Init Mark (unload classes)
[60.645s][info][gc,task     ] GC(26) Using 3 of 3 workers for init marking
[60.646s][info][gc,ref      ] GC(26) Clearing All SoftReferences
[60.646s][info][gc,ergo     ] GC(26) Pacer for Mark. Expected Live: 148M, Free: 6858M, Non-Taxable: 685M, Alloc Tax Rate: 0.0x
[60.646s][info][gc          ] GC(26) Pause Init Mark (unload classes) 0.282ms
[60.646s][info][gc,start    ] GC(26) Concurrent marking roots
[60.646s][info][gc,task     ] GC(26) Using 1 of 3 workers for concurrent marking roots
[60.647s][info][gc          ] GC(26) Concurrent marking roots 1.105ms
[60.647s][info][gc,start    ] GC(26) Concurrent marking (unload classes)
[60.647s][info][gc,task     ] GC(26) Using 1 of 3 workers for concurrent marking
[60.651s][info][gc          ] GC(26) Concurrent marking (unload classes) 4.535ms
[60.651s][info][gc,start    ] GC(26) Pause Final Mark (unload classes)
[60.652s][info][gc,task     ] GC(26) Using 3 of 3 workers for final marking
[60.652s][info][gc,ergo     ] GC(26) Collectable Garbage: 895M (97%), Immediate: 895M (97%), CSet: 0B (0%)
[60.652s][info][gc          ] GC(26) Pause Final Mark (unload classes) 0.462ms
[60.652s][info][gc,start    ] GC(26) Concurrent weak references
[60.652s][info][gc,task     ] GC(26) Using 1 of 3 workers for concurrent weak references
[60.652s][info][gc,ref      ] GC(26) Encountered references: Soft: 172, Weak: 993, Final: 0, Phantom: 41
[60.652s][info][gc,ref      ] GC(26) Discovered  references: Soft: 108, Weak: 219, Final: 0, Phantom: 24
[60.652s][info][gc,ref      ] GC(26) Enqueued    references: Soft: 4, Weak: 6, Final: 0, Phantom: 0
[60.652s][info][gc          ] GC(26) Concurrent weak references 0.173ms
[60.652s][info][gc,start    ] GC(26) Concurrent weak roots
[60.652s][info][gc,task     ] GC(26) Using 1 of 3 workers for concurrent weak root
[60.653s][info][gc          ] GC(26) Concurrent weak roots 0.826ms
[60.653s][info][gc,start    ] GC(26) Concurrent cleanup
[60.653s][info][gc          ] GC(26) Concurrent cleanup 921M->25M(8192M) 0.035ms
[60.653s][info][gc,ergo     ] GC(26) Free: 7754M, Max: 4096K regular, 5400M humongous, Frag: 31% external, 0% internal; Reserve: 412M, Max: 4096K
[60.653s][info][gc,start    ] GC(26) Concurrent class unloading
[60.653s][info][gc,task     ] GC(26) Using 1 of 3 workers for concurrent class unloading
[60.659s][info][gc          ] GC(26) Concurrent class unloading 5.681ms
[60.659s][info][gc,start    ] GC(26) Pause Final Roots
[60.659s][info][gc          ] GC(26) Pause Final Roots 0.053ms
[60.659s][info][gc,ergo     ] Free: 7754M, Max: 4096K regular, 5400M humongous, Frag: 31% external, 0% internal; Reserve: 412M, Max: 4096K
[60.659s][info][gc,stats    ] 
[60.659s][info][gc,stats    ] All times are wall-clock times, except per-root-class counters, that are sum over
[60.659s][info][gc,stats    ] all workers. Dividing the <total> over the root stage time estimates parallelism.
[60.659s][info][gc,stats    ] 
[60.659s][info][gc,stats    ] Concurrent Reset                   6351 us
[60.659s][info][gc,stats    ] Pause Init Mark (G)                 411 us
[60.659s][info][gc,stats    ] Pause Init Mark (N)                 302 us
[60.659s][info][gc,stats    ]   Update Region States              127 us
[60.659s][info][gc,stats    ] Concurrent Mark Roots              1127 us, parallelism: 0.88x
[60.659s][info][gc,stats    ]   CMR: <total>                      992 us
[60.659s][info][gc,stats    ]   CMR: Thread Roots                 923 us, workers (us): 923, ---, ---, 
[60.659s][info][gc,stats    ]   CMR: VM Strong Roots                6 us, workers (us):   6, ---, ---, 
[60.659s][info][gc,stats    ]   CMR: CLDG Roots                    64 us, workers (us):  64, ---, ---, 
[60.659s][info][gc,stats    ] Concurrent Marking                 4596 us
[60.659s][info][gc,stats    ] Pause Final Mark (G)                609 us
[60.659s][info][gc,stats    ] Pause Final Mark (N)                486 us
[60.659s][info][gc,stats    ]   Finish Mark                       163 us
[60.659s][info][gc,stats    ]   Update Region States              124 us
[60.659s][info][gc,stats    ]   Choose Collection Set              75 us
[60.659s][info][gc,stats    ]   Rebuild Free Set                   21 us
[60.659s][info][gc,stats    ] Concurrent Weak References          189 us, parallelism: 0.05x
[60.659s][info][gc,stats    ]   CWRF: <total>                      10 us
[60.659s][info][gc,stats    ]   CWRF: Weak References              10 us, workers (us):  10, ---, ---, 
[60.659s][info][gc,stats    ] Concurrent Weak Roots               853 us
[60.659s][info][gc,stats    ]   Roots                             729 us, parallelism: 0.92x
[60.659s][info][gc,stats    ]     CWR: <total>                    669 us
[60.660s][info][gc,stats    ]     CWR: Code Cache Roots           590 us, workers (us): 590, ---, ---, 
[60.660s][info][gc,stats    ]     CWR: VM Weak Roots               71 us, workers (us):  71, ---, ---, 
[60.660s][info][gc,stats    ]     CWR: CLDG Roots                   8 us, workers (us):   8, ---, ---, 
[60.660s][info][gc,stats    ]   Rendezvous                         64 us
[60.660s][info][gc,stats    ] Concurrent Cleanup                   43 us
[60.660s][info][gc,stats    ] Concurrent Class Unloading         5762 us
[60.660s][info][gc,stats    ]   Unlink Stale                     5218 us
[60.660s][info][gc,stats    ]     System Dictionary                58 us
[60.660s][info][gc,stats    ]     Weak Class Links               1768 us
[60.660s][info][gc,stats    ]     Code Roots                     3390 us
[60.660s][info][gc,stats    ]   Rendezvous                         91 us
[60.660s][info][gc,stats    ]   Purge Unlinked                    348 us
[60.660s][info][gc,stats    ]     Code Roots                      309 us
[60.660s][info][gc,stats    ]     CLDG                             38 us
[60.660s][info][gc,stats    ]     Exception Caches                  0 us
[60.660s][info][gc,stats    ] Pause Final Roots (G)               124 us
[60.660s][info][gc,stats    ] Pause Final Roots (N)                62 us
[60.660s][info][gc,stats    ] 
[60.660s][info][gc,stats    ] Allocation pacing accrued:
[60.660s][info][gc,stats    ]       0 of    35 ms (  0.0%): <total>
[60.660s][info][gc,stats    ]       0 of    35 ms (  0.0%): <average total>
[60.660s][info][gc,stats    ] 
[60.660s][info][gc,metaspace] Metaspace: 16416K(16704K)->16412K(16704K) NonClass: 14068K(14208K)->14065K(14208K) Class: 2348K(2496K)->2347K(2496K)
[60.660s][info][gc,ergo     ] Pacer for Idle. Initial: 163M, Alloc Tax Rate: 1.0x
[62.451s][info][gc          ] Trigger: Average GC time (1942.26 ms) is above the time for instantaneous allocation rate (5532 MB/s) to deplete free headroom (6472M) (spike threshold = 1.77)
[62.451s][info][gc,ergo     ] Free: 6882M, Max: 4096K regular, 5400M humongous, Frag: 22% external, 0% internal; Reserve: 412M, Max: 4096K
[62.451s][info][gc,start    ] GC(27) Concurrent reset
[62.451s][info][gc,task     ] GC(27) Using 1 of 3 workers for concurrent reset
[62.451s][info][gc,ergo     ] GC(27) Pacer for Reset. Non-Taxable: 8192M
[62.452s][info][gc          ] GC(27) Concurrent reset 0.365ms
[62.452s][info][gc,start    ] GC(27) Pause Init Mark (unload classes)
[62.452s][info][gc,task     ] GC(27) Using 3 of 3 workers for init marking
[62.452s][info][gc,ergo     ] GC(27) Pacer for Mark. Expected Live: 90765K, Free: 6882M, Non-Taxable: 688M, Alloc Tax Rate: 0.0x
[62.452s][info][gc          ] GC(27) Pause Init Mark (unload classes) 0.142ms
[62.499s][info][gc,start    ] GC(27) Concurrent marking roots
[62.499s][info][gc,task     ] GC(27) Using 1 of 3 workers for concurrent marking roots
[62.500s][info][gc          ] GC(27) Concurrent marking roots 0.834ms
[62.500s][info][gc,start    ] GC(27) Concurrent marking (unload classes)
[62.500s][info][gc,task     ] GC(27) Using 1 of 3 workers for concurrent marking
[62.515s][info][gc          ] GC(27) Concurrent marking (unload classes) 14.749ms
[62.515s][info][gc,start    ] GC(27) Pause Final Mark (unload classes)
[62.515s][info][gc,task     ] GC(27) Using 3 of 3 workers for final marking
[62.515s][info][gc,ergo     ] GC(27) Adaptive CSet Selection. Target Free: 1160M, Actual Free: 7700M, Max CSet: 341M, Min Garbage: 0B
[62.515s][info][gc,ergo     ] GC(27) Collectable Garbage: 892M (99%), Immediate: 736M (82%), CSet: 156M (17%)
[62.515s][info][gc,ergo     ] GC(27) Pacer for Evacuation. Used CSet: 157M, Free: 7290M, Non-Taxable: 729M, Alloc Tax Rate: 1.1x
[62.515s][info][gc          ] GC(27) Pause Final Mark (unload classes) 0.223ms
[62.515s][info][gc,start    ] GC(27) Concurrent thread roots
[62.515s][info][gc,task     ] GC(27) Using 1 of 3 workers for Concurrent thread roots
[62.516s][info][gc          ] GC(27) Concurrent thread roots 0.637ms
[62.516s][info][gc,start    ] GC(27) Concurrent weak references
[62.516s][info][gc,task     ] GC(27) Using 1 of 3 workers for concurrent weak references
[62.516s][info][gc,ref      ] GC(27) Encountered references: Soft: 173, Weak: 994, Final: 0, Phantom: 41
[62.516s][info][gc,ref      ] GC(27) Discovered  references: Soft: 0, Weak: 208, Final: 0, Phantom: 24
[62.516s][info][gc,ref      ] GC(27) Enqueued    references: Soft: 0, Weak: 6, Final: 0, Phantom: 0
[62.516s][info][gc          ] GC(27) Concurrent weak references 0.071ms
[62.516s][info][gc,start    ] GC(27) Concurrent weak roots
[62.516s][info][gc,task     ] GC(27) Using 1 of 3 workers for concurrent weak root
[62.530s][info][gc          ] GC(27) Concurrent weak roots 14.441ms
[62.530s][info][gc,start    ] GC(27) Concurrent cleanup
[62.530s][info][gc          ] GC(27) Concurrent cleanup 1294M->558M(8192M) 0.058ms
[62.530s][info][gc,ergo     ] GC(27) Free: 7218M, Max: 4096K regular, 5404M humongous, Frag: 26% external, 0% internal; Reserve: 411M, Max: 4096K
[62.530s][info][gc,start    ] GC(27) Concurrent class unloading
[62.530s][info][gc,task     ] GC(27) Using 1 of 3 workers for concurrent class unloading
[62.546s][info][gc          ] GC(27) Concurrent class unloading 15.597ms
[62.546s][info][gc,start    ] GC(27) Concurrent strong roots
[62.546s][info][gc,task     ] GC(27) Using 1 of 3 workers for concurrent strong root
[62.546s][info][gc          ] GC(27) Concurrent strong roots 0.109ms
[62.546s][info][gc,start    ] GC(27) Concurrent evacuation
[62.546s][info][gc,task     ] GC(27) Using 1 of 3 workers for concurrent evacuation
[62.547s][info][gc          ] GC(27) Concurrent evacuation 1.315ms
[62.548s][info][gc,start    ] GC(27) Pause Init Update Refs
[62.548s][info][gc,ergo     ] GC(27) Pacer for Update Refs. Used: 622M, Free: 7155M, Non-Taxable: 715M, Alloc Tax Rate: 1.1x
[62.548s][info][gc          ] GC(27) Pause Init Update Refs 0.057ms
[62.577s][info][gc,start    ] GC(27) Concurrent update references
[62.578s][info][gc,task     ] GC(27) Using 1 of 3 workers for concurrent reference update
[62.717s][info][gc          ] GC(27) Concurrent update references 139.911ms
[62.717s][info][gc,start    ] GC(27) Concurrent update thread roots
[62.718s][info][gc          ] GC(27) Concurrent update thread roots 0.703ms
[62.718s][info][gc,start    ] GC(27) Pause Final Update Refs
[62.718s][info][gc,task     ] GC(27) Using 3 of 3 workers for final reference update
[62.718s][info][gc          ] GC(27) Pause Final Update Refs 0.110ms
[62.734s][info][gc,start    ] GC(27) Concurrent cleanup
[62.734s][info][gc          ] GC(27) Concurrent cleanup 1186M->1093M(8192M) 0.120ms
[62.734s][info][gc,ergo     ] Free: 6686M, Max: 4096K regular, 6492M humongous, Frag: 3% external, 0% internal; Reserve: 412M, Max: 4096K
[62.734s][info][gc,stats    ] 
[62.734s][info][gc,stats    ] All times are wall-clock times, except per-root-class counters, that are sum over
[62.734s][info][gc,stats    ] all workers. Dividing the <total> over the root stage time estimates parallelism.
[62.734s][info][gc,stats    ] 
[62.734s][info][gc,stats    ] Concurrent Reset                    394 us
[62.734s][info][gc,stats    ] Pause Init Mark (G)               47044 us
[62.734s][info][gc,stats    ] Pause Init Mark (N)                 152 us
[62.734s][info][gc,stats    ]   Update Region States               33 us
[62.734s][info][gc,stats    ] Concurrent Mark Roots               853 us, parallelism: 0.77x
[62.734s][info][gc,stats    ]   CMR: <total>                      661 us
[62.734s][info][gc,stats    ]   CMR: Thread Roots                 605 us, workers (us): 605, ---, ---, 
[62.734s][info][gc,stats    ]   CMR: VM Strong Roots                8 us, workers (us):   8, ---, ---, 
[62.734s][info][gc,stats    ]   CMR: CLDG Roots                    47 us, workers (us):  47, ---, ---, 
[62.734s][info][gc,stats    ] Concurrent Marking                14830 us
[62.734s][info][gc,stats    ] Pause Final Mark (G)                387 us
[62.734s][info][gc,stats    ] Pause Final Mark (N)                232 us
[62.734s][info][gc,stats    ]   Finish Mark                        68 us
[62.734s][info][gc,stats    ]   Update Region States               32 us
[62.735s][info][gc,stats    ]   Choose Collection Set              53 us
[62.735s][info][gc,stats    ]   Rebuild Free Set                    8 us
[62.735s][info][gc,stats    ] Concurrent Thread Roots             656 us, parallelism: 0.91x
[62.735s][info][gc,stats    ]   CTR: <total>                      595 us
[62.735s][info][gc,stats    ]   CTR: Thread Roots                 595 us, workers (us): 595, ---, ---, 
[62.735s][info][gc,stats    ] Concurrent Weak References           78 us, parallelism: 0.22x
[62.735s][info][gc,stats    ]   CWRF: <total>                      17 us
[62.735s][info][gc,stats    ]   CWRF: Weak References              17 us, workers (us):  17, ---, ---, 
[62.735s][info][gc,stats    ] Concurrent Weak Roots             14527 us
[62.735s][info][gc,stats    ]   Roots                            1028 us, parallelism: 0.96x
[62.735s][info][gc,stats    ]     CWR: <total>                    990 us
[62.735s][info][gc,stats    ]     CWR: Code Cache Roots           833 us, workers (us): 833, ---, ---, 
[62.735s][info][gc,stats    ]     CWR: VM Weak Roots              147 us, workers (us): 147, ---, ---, 
[62.735s][info][gc,stats    ]     CWR: CLDG Roots                  11 us, workers (us):  11, ---, ---, 
[62.735s][info][gc,stats    ]   Rendezvous                      13391 us
[62.735s][info][gc,stats    ] Concurrent Cleanup                   68 us
[62.735s][info][gc,stats    ] Concurrent Class Unloading        15661 us
[62.735s][info][gc,stats    ]   Unlink Stale                     3380 us
[62.735s][info][gc,stats    ]     System Dictionary                17 us
[62.735s][info][gc,stats    ]     Weak Class Links                  0 us
[62.735s][info][gc,stats    ]     Code Roots                     3362 us
[62.735s][info][gc,stats    ]   Rendezvous                      11816 us
[62.735s][info][gc,stats    ]   Purge Unlinked                    374 us
[62.735s][info][gc,stats    ]     Code Roots                      364 us
[62.735s][info][gc,stats    ]     CLDG                              8 us
[62.735s][info][gc,stats    ]     Exception Caches                  0 us
[62.735s][info][gc,stats    ] Concurrent Strong Roots             127 us, parallelism: 0.41x
[62.735s][info][gc,stats    ]   CSR: <total>                       52 us
[62.735s][info][gc,stats    ]   CSR: VM Strong Roots                4 us, workers (us):   4, ---, ---, 
[62.735s][info][gc,stats    ]   CSR: CLDG Roots                    48 us, workers (us):  48, ---, ---, 
[62.735s][info][gc,stats    ] Concurrent Evacuation              1368 us
[62.735s][info][gc,stats    ] Pause Init Update Refs (G)        29955 us
[62.735s][info][gc,stats    ] Pause Init Update Refs (N)           66 us
[62.735s][info][gc,stats    ]   Manage GCLABs                       3 us
[62.735s][info][gc,stats    ] Concurrent Update Refs           139986 us
[62.735s][info][gc,stats    ] Concurrent Update Thread Roots      719 us
[62.735s][info][gc,stats    ] Pause Final Update Refs (G)       16043 us
[62.735s][info][gc,stats    ] Pause Final Update Refs (N)         131 us
[62.735s][info][gc,stats    ]   Update Region States               42 us
[62.735s][info][gc,stats    ]   Trash Collection Set                3 us
[62.735s][info][gc,stats    ]   Rebuild Free Set                   12 us
[62.735s][info][gc,stats    ] Concurrent Cleanup                  132 us
[62.735s][info][gc,stats    ] 
[62.735s][info][gc,stats    ] Allocation pacing accrued:
[62.735s][info][gc,stats    ]       0 of  2075 ms (  0.0%): <total>
[62.735s][info][gc,stats    ]       0 of  2075 ms (  0.0%): <average total>
[62.735s][info][gc,stats    ] 
[62.735s][info][gc,metaspace] Metaspace: 16416K(16704K)->16416K(16704K) NonClass: 14068K(14208K)->14068K(14208K) Class: 2348K(2496K)->2348K(2496K)
[62.735s][info][gc,ergo     ] Pacer for Idle. Initial: 163M, Alloc Tax Rate: 1.0x
[62.860s][info][gc          ] Trigger: Average GC time (1429.27 ms) is above the time for average allocation rate (4580 MB/s) to deplete free headroom (5596M) (margin of error = 1.79)
[62.860s][info][gc,ergo     ] Free headroom: 6005M (free) - 409M (spike) - 0B (penalties) = 5596M
[62.860s][info][gc,ergo     ] Free: 6005M, Max: 4096K regular, 6000M humongous, Frag: 0% external, 0% internal; Reserve: 412M, Max: 4096K
[62.860s][info][gc,start    ] GC(28) Concurrent reset
[62.860s][info][gc,task     ] GC(28) Using 1 of 3 workers for concurrent reset
[62.860s][info][gc,ergo     ] GC(28) Pacer for Reset. Non-Taxable: 8192M
[62.861s][info][gc          ] GC(28) Concurrent reset 1.117ms
[62.861s][info][gc,start    ] GC(28) Pause Init Mark (unload classes)
[62.861s][info][gc,task     ] GC(28) Using 3 of 3 workers for init marking
[62.862s][info][gc,ergo     ] GC(28) Pacer for Mark. Expected Live: 90818K, Free: 5997M, Non-Taxable: 599M, Alloc Tax Rate: 0.0x
[62.862s][info][gc          ] GC(28) Pause Init Mark (unload classes) 0.131ms
[62.892s][info][gc,start    ] GC(28) Concurrent marking roots
[62.892s][info][gc,task     ] GC(28) Using 1 of 3 workers for concurrent marking roots
[62.893s][info][gc          ] GC(28) Concurrent marking roots 0.815ms
[62.893s][info][gc,start    ] GC(28) Concurrent marking (unload classes)
[62.893s][info][gc,task     ] GC(28) Using 1 of 3 workers for concurrent marking
[62.907s][info][gc          ] GC(28) Concurrent marking (unload classes) 14.447ms
[62.907s][info][gc,start    ] GC(28) Pause Final Mark (unload classes)
[62.907s][info][gc,task     ] GC(28) Using 3 of 3 workers for final marking
[62.907s][info][gc,ergo     ] GC(28) Collectable Garbage: 1636M (92%), Immediate: 1636M (92%), CSet: 0B (0%)
[62.907s][info][gc          ] GC(28) Pause Final Mark (unload classes) 0.220ms
[62.934s][info][gc,start    ] GC(28) Concurrent weak references
[62.934s][info][gc,task     ] GC(28) Using 1 of 3 workers for concurrent weak references
[62.934s][info][gc,ref      ] GC(28) Encountered references: Soft: 173, Weak: 988, Final: 0, Phantom: 41
[62.934s][info][gc,ref      ] GC(28) Discovered  references: Soft: 0, Weak: 201, Final: 0, Phantom: 24
[62.934s][info][gc,ref      ] GC(28) Enqueued    references: Soft: 0, Weak: 0, Final: 0, Phantom: 0
[62.934s][info][gc          ] GC(28) Concurrent weak references 0.170ms
[62.934s][info][gc,start    ] GC(28) Concurrent weak roots
[62.934s][info][gc,task     ] GC(28) Using 1 of 3 workers for concurrent weak root
[62.936s][info][gc          ] GC(28) Concurrent weak roots 1.234ms
[62.936s][info][gc,start    ] GC(28) Concurrent cleanup
[62.936s][info][gc          ] GC(28) Concurrent cleanup 2082M->446M(8192M) 0.051ms
[62.936s][info][gc,ergo     ] GC(28) Free: 7333M, Max: 4096K regular, 5692M humongous, Frag: 23% external, 0% internal; Reserve: 412M, Max: 4096K
[62.936s][info][gc,start    ] GC(28) Concurrent class unloading
[62.936s][info][gc,task     ] GC(28) Using 1 of 3 workers for concurrent class unloading
[62.939s][info][gc          ] GC(28) Concurrent class unloading 3.292ms
[62.939s][info][gc,start    ] GC(28) Pause Final Roots
[62.939s][info][gc          ] GC(28) Pause Final Roots 0.041ms
[62.939s][info][gc,ergo     ] Free: 7330M, Max: 4096K regular, 5692M humongous, Frag: 23% external, 0% internal; Reserve: 412M, Max: 4096K
[62.939s][info][gc,stats    ] 
[62.939s][info][gc,stats    ] All times are wall-clock times, except per-root-class counters, that are sum over
[62.939s][info][gc,stats    ] all workers. Dividing the <total> over the root stage time estimates parallelism.
[62.939s][info][gc,stats    ] 
[62.939s][info][gc,stats    ] Concurrent Reset                   1194 us
[62.939s][info][gc,stats    ] Pause Init Mark (G)               30598 us
[62.939s][info][gc,stats    ] Pause Init Mark (N)                 142 us
[62.939s][info][gc,stats    ]   Update Region States               46 us
[62.939s][info][gc,stats    ] Concurrent Mark Roots               841 us, parallelism: 0.74x
[62.939s][info][gc,stats    ]   CMR: <total>                      620 us
[62.939s][info][gc,stats    ]   CMR: Thread Roots                 560 us, workers (us): 560, ---, ---, 
[62.939s][info][gc,stats    ]   CMR: VM Strong Roots                8 us, workers (us):   8, ---, ---, 
[62.939s][info][gc,stats    ]   CMR: CLDG Roots                    52 us, workers (us):  52, ---, ---, 
[62.939s][info][gc,stats    ] Concurrent Marking                14530 us
[62.939s][info][gc,stats    ] Pause Final Mark (G)              26988 us
[62.939s][info][gc,stats    ] Pause Final Mark (N)                230 us
[62.939s][info][gc,stats    ]   Finish Mark                        55 us
[62.939s][info][gc,stats    ]   Update Region States               35 us
[62.939s][info][gc,stats    ]   Choose Collection Set              58 us
[62.939s][info][gc,stats    ]   Rebuild Free Set                    8 us
[62.939s][info][gc,stats    ] Concurrent Weak References          180 us, parallelism: 0.10x
[62.939s][info][gc,stats    ]   CWRF: <total>                      18 us
[62.939s][info][gc,stats    ]   CWRF: Weak References              18 us, workers (us):  18, ---, ---, 
[62.939s][info][gc,stats    ] Concurrent Weak Roots              1258 us
[62.939s][info][gc,stats    ]   Roots                            1134 us, parallelism: 0.97x
[62.939s][info][gc,stats    ]     CWR: <total>                   1096 us
[62.939s][info][gc,stats    ]     CWR: Code Cache Roots           980 us, workers (us): 980, ---, ---, 
[62.940s][info][gc,stats    ]     CWR: VM Weak Roots              102 us, workers (us): 102, ---, ---, 
[62.940s][info][gc,stats    ]     CWR: CLDG Roots                  14 us, workers (us):  14, ---, ---, 
[62.940s][info][gc,stats    ]   Rendezvous                         83 us
[62.940s][info][gc,stats    ] Concurrent Cleanup                   60 us
[62.940s][info][gc,stats    ] Concurrent Class Unloading         3348 us
[62.940s][info][gc,stats    ]   Unlink Stale                     2959 us
[62.940s][info][gc,stats    ]     System Dictionary                11 us
[62.940s][info][gc,stats    ]     Weak Class Links                  0 us
[62.940s][info][gc,stats    ]     Code Roots                     2945 us
[62.940s][info][gc,stats    ]   Rendezvous                         63 us
[62.940s][info][gc,stats    ]   Purge Unlinked                    253 us
[62.940s][info][gc,stats    ]     Code Roots                      248 us
[62.940s][info][gc,stats    ]     CLDG                              4 us
[62.940s][info][gc,stats    ]     Exception Caches                  0 us
[62.940s][info][gc,stats    ] Pause Final Roots (G)               107 us
[62.940s][info][gc,stats    ] Pause Final Roots (N)                51 us
[62.940s][info][gc,stats    ] 
[62.940s][info][gc,stats    ] Allocation pacing accrued:
[62.940s][info][gc,stats    ]       0 of   205 ms (  0.0%): <total>
[62.940s][info][gc,stats    ]       0 of   205 ms (  0.0%): <average total>
[62.940s][info][gc,stats    ] 
[62.940s][info][gc,metaspace] Metaspace: 16416K(16704K)->16416K(16704K) NonClass: 14068K(14208K)->14068K(14208K) Class: 2348K(2496K)->2348K(2496K)
[62.940s][info][gc,ergo     ] Pacer for Idle. Initial: 163M, Alloc Tax Rate: 1.0x
[67.668s][info][gc          ] Trigger: Learning 4 of 5. Free (5722M) is below initial threshold (5734M)
[67.669s][info][gc,ergo     ] Free: 5722M, Max: 4096K regular, 5692M humongous, Frag: 1% external, 0% internal; Reserve: 412M, Max: 4096K
[67.669s][info][gc,start    ] GC(29) Concurrent reset
[67.669s][info][gc,task     ] GC(29) Using 1 of 3 workers for concurrent reset
[67.669s][info][gc,ergo     ] GC(29) Pacer for Reset. Non-Taxable: 8192M
[67.670s][info][gc          ] GC(29) Concurrent reset 0.930ms
[67.670s][info][gc,start    ] GC(29) Pause Init Mark (unload classes)
[67.670s][info][gc,task     ] GC(29) Using 3 of 3 workers for init marking
[67.670s][info][gc,ergo     ] GC(29) Pacer for Mark. Expected Live: 90814K, Free: 5721M, Non-Taxable: 572M, Alloc Tax Rate: 0.0x
[67.670s][info][gc          ] GC(29) Pause Init Mark (unload classes) 0.139ms
[67.670s][info][gc,start    ] GC(29) Concurrent marking roots
[67.670s][info][gc,task     ] GC(29) Using 1 of 3 workers for concurrent marking roots
[67.671s][info][gc          ] GC(29) Concurrent marking roots 0.735ms
[67.671s][info][gc,start    ] GC(29) Concurrent marking (unload classes)
[67.671s][info][gc,task     ] GC(29) Using 1 of 3 workers for concurrent marking
[68.405s][info][gc          ] GC(29) Concurrent marking (unload classes) 734.799ms
[68.406s][info][gc,start    ] GC(29) Pause Final Mark (unload classes)
[68.406s][info][gc,task     ] GC(29) Using 3 of 3 workers for final marking
[68.406s][info][gc,ergo     ] GC(29) Adaptive CSet Selection. Target Free: 1160M, Actual Free: 6824M, Max CSet: 341M, Min Garbage: 0B
[68.406s][info][gc,ergo     ] GC(29) Collectable Garbage: 1655M (98%), Immediate: 1148M (68%), CSet: 507M (30%)
[68.406s][info][gc,ergo     ] GC(29) Pacer for Evacuation. Used CSet: 848M, Free: 6417M, Non-Taxable: 641M, Alloc Tax Rate: 1.1x
[68.406s][info][gc          ] GC(29) Pause Final Mark (unload classes) 0.328ms
[68.406s][info][gc,start    ] GC(29) Concurrent thread roots
[68.406s][info][gc,task     ] GC(29) Using 1 of 3 workers for Concurrent thread roots
[68.407s][info][gc          ] GC(29) Concurrent thread roots 0.843ms
[68.407s][info][gc,start    ] GC(29) Concurrent weak references
[68.407s][info][gc,task     ] GC(29) Using 1 of 3 workers for concurrent weak references
[68.407s][info][gc,ref      ] GC(29) Encountered references: Soft: 173, Weak: 991, Final: 0, Phantom: 41
[68.407s][info][gc,ref      ] GC(29) Discovered  references: Soft: 0, Weak: 200, Final: 0, Phantom: 24
[68.407s][info][gc,ref      ] GC(29) Enqueued    references: Soft: 0, Weak: 3, Final: 0, Phantom: 0
[68.407s][info][gc          ] GC(29) Concurrent weak references 0.118ms
[68.407s][info][gc,start    ] GC(29) Concurrent weak roots
[68.407s][info][gc,task     ] GC(29) Using 1 of 3 workers for concurrent weak root
[68.408s][info][gc          ] GC(29) Concurrent weak roots 1.497ms
[68.408s][info][gc,start    ] GC(29) Concurrent cleanup
[68.408s][info][gc          ] GC(29) Concurrent cleanup 2515M->1367M(8192M) 0.030ms
[68.409s][info][gc,ergo     ] GC(29) Free: 6413M, Max: 4096K regular, 5260M humongous, Frag: 18% external, 0% internal; Reserve: 410M, Max: 4096K
[68.409s][info][gc,start    ] GC(29) Concurrent class unloading
[68.409s][info][gc,task     ] GC(29) Using 1 of 3 workers for concurrent class unloading
[68.412s][info][gc          ] GC(29) Concurrent class unloading 3.758ms
[68.412s][info][gc,start    ] GC(29) Concurrent strong roots
[68.412s][info][gc,task     ] GC(29) Using 1 of 3 workers for concurrent strong root
[68.412s][info][gc          ] GC(29) Concurrent strong roots 0.142ms
[68.412s][info][gc,start    ] GC(29) Concurrent evacuation
[68.412s][info][gc,task     ] GC(29) Using 1 of 3 workers for concurrent evacuation
[68.710s][info][gc          ] GC(29) Concurrent evacuation 297.831ms
[68.710s][info][gc,start    ] GC(29) Pause Init Update Refs
[68.710s][info][gc,ergo     ] GC(29) Pacer for Update Refs. Used: 1849M, Free: 6274M, Non-Taxable: 627M, Alloc Tax Rate: 1.1x
[68.710s][info][gc          ] GC(29) Pause Init Update Refs 0.039ms
[68.711s][info][gc,start    ] GC(29) Concurrent update references
[68.711s][info][gc,task     ] GC(29) Using 1 of 3 workers for concurrent reference update
[69.602s][info][gc          ] GC(29) Concurrent update references 891.659ms
[69.602s][info][gc,start    ] GC(29) Concurrent update thread roots
[69.603s][info][gc          ] GC(29) Concurrent update thread roots 0.534ms
[69.603s][info][gc,start    ] GC(29) Pause Final Update Refs
[69.603s][info][gc,task     ] GC(29) Using 3 of 3 workers for final reference update
[69.603s][info][gc          ] GC(29) Pause Final Update Refs 0.152ms
[69.603s][info][gc,start    ] GC(29) Concurrent cleanup
[69.603s][info][gc          ] GC(29) Concurrent cleanup 2013M->1165M(8192M) 0.039ms
[69.603s][info][gc,ergo     ] Free: 6614M, Max: 4096K regular, 4916M humongous, Frag: 26% external, 0% internal; Reserve: 412M, Max: 4096K
[69.603s][info][gc,stats    ] 
[69.603s][info][gc,stats    ] All times are wall-clock times, except per-root-class counters, that are sum over
[69.603s][info][gc,stats    ] all workers. Dividing the <total> over the root stage time estimates parallelism.
[69.603s][info][gc,stats    ] 
[69.603s][info][gc,stats    ] Concurrent Reset                    997 us
[69.603s][info][gc,stats    ] Pause Init Mark (G)                 318 us
[69.603s][info][gc,stats    ] Pause Init Mark (N)                 148 us
[69.603s][info][gc,stats    ]   Update Region States               66 us
[69.603s][info][gc,stats    ] Concurrent Mark Roots               752 us, parallelism: 0.81x
[69.603s][info][gc,stats    ]   CMR: <total>                      612 us
[69.603s][info][gc,stats    ]   CMR: Thread Roots                 565 us, workers (us): 565, ---, ---, 
[69.603s][info][gc,stats    ]   CMR: VM Strong Roots                4 us, workers (us):   4, ---, ---, 
[69.603s][info][gc,stats    ]   CMR: CLDG Roots                    43 us, workers (us):  43, ---, ---, 
[69.603s][info][gc,stats    ] Concurrent Marking               734855 us
[69.603s][info][gc,stats    ] Pause Final Mark (G)                440 us
[69.603s][info][gc,stats    ] Pause Final Mark (N)                336 us
[69.603s][info][gc,stats    ]   Finish Mark                       120 us
[69.603s][info][gc,stats    ]   Update Region States               66 us
[69.603s][info][gc,stats    ]   Choose Collection Set              68 us
[69.603s][info][gc,stats    ]   Rebuild Free Set                    8 us
[69.603s][info][gc,stats    ] Concurrent Thread Roots             854 us, parallelism: 0.89x
[69.603s][info][gc,stats    ]   CTR: <total>                      760 us
[69.603s][info][gc,stats    ]   CTR: Thread Roots                 760 us, workers (us): 760, ---, ---, 
[69.603s][info][gc,stats    ] Concurrent Weak References          125 us, parallelism: 0.15x
[69.603s][info][gc,stats    ]   CWRF: <total>                      18 us
[69.603s][info][gc,stats    ]   CWRF: Weak References              18 us, workers (us):  18, ---, ---, 
[69.603s][info][gc,stats    ] Concurrent Weak Roots              1508 us
[69.603s][info][gc,stats    ]   Roots                            1412 us, parallelism: 0.96x
[69.603s][info][gc,stats    ]     CWR: <total>                   1360 us
[69.603s][info][gc,stats    ]     CWR: Code Cache Roots          1175 us, workers (us): 1175, ---, ---, 
[69.603s][info][gc,stats    ]     CWR: VM Weak Roots              175 us, workers (us): 175, ---, ---, 
[69.603s][info][gc,stats    ]     CWR: CLDG Roots                  11 us, workers (us):  11, ---, ---, 
[69.603s][info][gc,stats    ]   Rendezvous                         70 us
[69.603s][info][gc,stats    ] Concurrent Cleanup                   38 us
[69.603s][info][gc,stats    ] Concurrent Class Unloading         3787 us
[69.603s][info][gc,stats    ]   Unlink Stale                     3470 us
[69.603s][info][gc,stats    ]     System Dictionary                10 us
[69.603s][info][gc,stats    ]     Weak Class Links                  0 us
[69.603s][info][gc,stats    ]     Code Roots                     3459 us
[69.603s][info][gc,stats    ]   Rendezvous                        144 us
[69.603s][info][gc,stats    ]   Purge Unlinked                    129 us
[69.603s][info][gc,stats    ]     Code Roots                      123 us
[69.603s][info][gc,stats    ]     CLDG                              5 us
[69.603s][info][gc,stats    ]     Exception Caches                  0 us
[69.603s][info][gc,stats    ] Concurrent Strong Roots             151 us, parallelism: 0.37x
[69.603s][info][gc,stats    ]   CSR: <total>                       56 us
[69.603s][info][gc,stats    ]   CSR: VM Strong Roots                5 us, workers (us):   5, ---, ---, 
[69.603s][info][gc,stats    ]   CSR: CLDG Roots                    51 us, workers (us):  51, ---, ---, 
[69.603s][info][gc,stats    ] Concurrent Evacuation            297922 us
[69.603s][info][gc,stats    ] Pause Init Update Refs (G)          157 us
[69.603s][info][gc,stats    ] Pause Init Update Refs (N)           47 us
[69.603s][info][gc,stats    ]   Manage GCLABs                       4 us
[69.603s][info][gc,stats    ] Concurrent Update Refs           891708 us
[69.603s][info][gc,stats    ] Concurrent Update Thread Roots      544 us
[69.603s][info][gc,stats    ] Pause Final Update Refs (G)         247 us
[69.603s][info][gc,stats    ] Pause Final Update Refs (N)         170 us
[69.603s][info][gc,stats    ]   Update Region States               72 us
[69.603s][info][gc,stats    ]   Trash Collection Set                6 us
[69.603s][info][gc,stats    ]   Rebuild Free Set                   19 us
[69.603s][info][gc,stats    ] Concurrent Cleanup                   49 us
[69.604s][info][gc,stats    ] 
[69.604s][info][gc,stats    ] Allocation pacing accrued:
[69.604s][info][gc,stats    ]       0 of  6664 ms (  0.0%): <total>
[69.604s][info][gc,stats    ]       0 of  6664 ms (  0.0%): <average total>
[69.604s][info][gc,stats    ] 
[69.604s][info][gc,metaspace] Metaspace: 16416K(16704K)->16417K(16704K) NonClass: 14068K(14208K)->14069K(14208K) Class: 2348K(2496K)->2348K(2496K)
[69.604s][info][gc,ergo     ] Pacer for Idle. Initial: 163M, Alloc Tax Rate: 1.0x
[69.836s][info][gc          ] Trigger: Explicit GC request (System.gc())
[69.836s][info][gc,ergo     ] Free: 6586M, Max: 4096K regular, 4916M humongous, Frag: 26% external, 0% internal; Reserve: 412M, Max: 4096K
[69.836s][info][gc,start    ] GC(30) Concurrent reset
[69.836s][info][gc,task     ] GC(30) Using 1 of 3 workers for concurrent reset
[69.836s][info][gc,ergo     ] GC(30) Pacer for Reset. Non-Taxable: 8192M
[69.840s][info][gc          ] GC(30) Concurrent reset 4.035ms
[69.840s][info][gc,start    ] GC(30) Pause Init Mark (unload classes)
[69.841s][info][gc,task     ] GC(30) Using 3 of 3 workers for init marking
[69.841s][info][gc,ref      ] GC(30) Clearing All SoftReferences
[69.841s][info][gc,ergo     ] GC(30) Pacer for Mark. Expected Live: 160M, Free: 6586M, Non-Taxable: 658M, Alloc Tax Rate: 0.0x
[69.841s][info][gc          ] GC(30) Pause Init Mark (unload classes) 0.299ms
[69.841s][info][gc,start    ] GC(30) Concurrent marking roots
[69.841s][info][gc,task     ] GC(30) Using 1 of 3 workers for concurrent marking roots
[69.842s][info][gc          ] GC(30) Concurrent marking roots 1.174ms
[69.842s][info][gc,start    ] GC(30) Concurrent marking (unload classes)
[69.842s][info][gc,task     ] GC(30) Using 1 of 3 workers for concurrent marking
[69.847s][info][gc          ] GC(30) Concurrent marking (unload classes) 4.710ms
[69.847s][info][gc,start    ] GC(30) Pause Final Mark (unload classes)
[69.847s][info][gc,task     ] GC(30) Using 3 of 3 workers for final marking
[69.847s][info][gc,ergo     ] GC(30) Collectable Garbage: 1168M (98%), Immediate: 1168M (98%), CSet: 0B (0%)
[69.847s][info][gc          ] GC(30) Pause Final Mark (unload classes) 0.223ms
[69.847s][info][gc,start    ] GC(30) Concurrent weak references
[69.847s][info][gc,task     ] GC(30) Using 1 of 3 workers for concurrent weak references
[69.847s][info][gc,ref      ] GC(30) Encountered references: Soft: 172, Weak: 989, Final: 0, Phantom: 41
[69.847s][info][gc,ref      ] GC(30) Discovered  references: Soft: 108, Weak: 219, Final: 0, Phantom: 24
[69.847s][info][gc,ref      ] GC(30) Enqueued    references: Soft: 4, Weak: 6, Final: 0, Phantom: 0
[69.847s][info][gc          ] GC(30) Concurrent weak references 0.176ms
[69.847s][info][gc,start    ] GC(30) Concurrent weak roots
[69.847s][info][gc,task     ] GC(30) Using 1 of 3 workers for concurrent weak root
[69.849s][info][gc          ] GC(30) Concurrent weak roots 1.302ms
[69.849s][info][gc,start    ] GC(30) Concurrent cleanup
[69.849s][info][gc          ] GC(30) Concurrent cleanup 1193M->25M(8192M) 0.039ms
[69.849s][info][gc,ergo     ] GC(30) Free: 7754M, Max: 4096K regular, 7432M humongous, Frag: 5% external, 0% internal; Reserve: 412M, Max: 4096K
[69.849s][info][gc,start    ] GC(30) Concurrent class unloading
[69.849s][info][gc,task     ] GC(30) Using 1 of 3 workers for concurrent class unloading
[69.854s][info][gc          ] GC(30) Concurrent class unloading 5.067ms
[69.854s][info][gc,start    ] GC(30) Pause Final Roots
[69.854s][info][gc          ] GC(30) Pause Final Roots 0.038ms
[69.854s][info][gc,ergo     ] Free: 7754M, Max: 4096K regular, 7432M humongous, Frag: 5% external, 0% internal; Reserve: 412M, Max: 4096K
[69.854s][info][gc,stats    ] 
[69.854s][info][gc,stats    ] All times are wall-clock times, except per-root-class counters, that are sum over
[69.854s][info][gc,stats    ] all workers. Dividing the <total> over the root stage time estimates parallelism.
[69.854s][info][gc,stats    ] 
[69.854s][info][gc,stats    ] Concurrent Reset                   4089 us
[69.854s][info][gc,stats    ] Pause Init Mark (G)                 441 us
[69.854s][info][gc,stats    ] Pause Init Mark (N)                 321 us
[69.854s][info][gc,stats    ]   Update Region States              128 us
[69.854s][info][gc,stats    ] Concurrent Mark Roots              1193 us, parallelism: 0.89x
[69.854s][info][gc,stats    ]   CMR: <total>                     1061 us
[69.854s][info][gc,stats    ]   CMR: Thread Roots                 989 us, workers (us): 989, ---, ---, 
[69.854s][info][gc,stats    ]   CMR: VM Strong Roots                6 us, workers (us):   6, ---, ---, 
[69.854s][info][gc,stats    ]   CMR: CLDG Roots                    65 us, workers (us):  65, ---, ---, 
[69.854s][info][gc,stats    ] Concurrent Marking                 4771 us
[69.854s][info][gc,stats    ] Pause Final Mark (G)                300 us
[69.854s][info][gc,stats    ] Pause Final Mark (N)                232 us
[69.854s][info][gc,stats    ]   Finish Mark                        84 us
[69.854s][info][gc,stats    ]   Update Region States               65 us
[69.854s][info][gc,stats    ]   Choose Collection Set              36 us
[69.854s][info][gc,stats    ]   Rebuild Free Set                    8 us
[69.854s][info][gc,stats    ] Concurrent Weak References          193 us, parallelism: 0.08x
[69.854s][info][gc,stats    ]   CWRF: <total>                      16 us
[69.854s][info][gc,stats    ]   CWRF: Weak References              16 us, workers (us):  16, ---, ---, 
[69.854s][info][gc,stats    ] Concurrent Weak Roots              1345 us
[69.854s][info][gc,stats    ]   Roots                            1201 us, parallelism: 0.94x
[69.854s][info][gc,stats    ]     CWR: <total>                   1135 us
[69.854s][info][gc,stats    ]     CWR: Code Cache Roots           925 us, workers (us): 925, ---, ---, 
[69.854s][info][gc,stats    ]     CWR: VM Weak Roots              195 us, workers (us): 195, ---, ---, 
[69.854s][info][gc,stats    ]     CWR: CLDG Roots                  15 us, workers (us):  15, ---, ---, 
[69.854s][info][gc,stats    ]   Rendezvous                         68 us
[69.854s][info][gc,stats    ] Concurrent Cleanup                   47 us
[69.854s][info][gc,stats    ] Concurrent Class Unloading         5130 us
[69.854s][info][gc,stats    ]   Unlink Stale                     4815 us
[69.854s][info][gc,stats    ]     System Dictionary                64 us
[69.854s][info][gc,stats    ]     Weak Class Links               2027 us
[69.854s][info][gc,stats    ]     Code Roots                     2723 us
[69.854s][info][gc,stats    ]   Rendezvous                         55 us
[69.854s][info][gc,stats    ]   Purge Unlinked                    177 us
[69.854s][info][gc,stats    ]     Code Roots                      149 us
[69.854s][info][gc,stats    ]     CLDG                             27 us
[69.854s][info][gc,stats    ]     Exception Caches                  0 us
[69.854s][info][gc,stats    ] Pause Final Roots (G)               101 us
[69.854s][info][gc,stats    ] Pause Final Roots (N)                48 us
[69.854s][info][gc,stats    ] 
[69.854s][info][gc,stats    ] Allocation pacing accrued:
[69.854s][info][gc,stats    ]       0 of   251 ms (  0.0%): <total>
[69.854s][info][gc,stats    ]       0 of   251 ms (  0.0%): <average total>
[69.854s][info][gc,stats    ] 
[69.855s][info][gc,metaspace] Metaspace: 16418K(16704K)->16415K(16704K) NonClass: 14070K(14208K)->14067K(14208K) Class: 2348K(2496K)->2347K(2496K)
[69.855s][info][gc,ergo     ] Pacer for Idle. Initial: 163M, Alloc Tax Rate: 1.0x
[71.456s][info][gc          ] Trigger: Average GC time (2040.72 ms) is above the time for instantaneous allocation rate (4304 MB/s) to deplete free headroom (6808M) (spike threshold = 1.76)
[71.456s][info][gc,ergo     ] Free: 7214M, Max: 4096K regular, 7208M humongous, Frag: 0% external, 0% internal; Reserve: 412M, Max: 4096K
[71.456s][info][gc,start    ] GC(31) Concurrent reset
[71.456s][info][gc,task     ] GC(31) Using 1 of 3 workers for concurrent reset
[71.456s][info][gc,ergo     ] GC(31) Pacer for Reset. Non-Taxable: 8192M
[71.456s][info][gc          ] GC(31) Concurrent reset 0.430ms
[71.457s][info][gc,start    ] GC(31) Pause Init Mark (unload classes)
[71.457s][info][gc,task     ] GC(31) Using 3 of 3 workers for init marking
[71.457s][info][gc,ergo     ] GC(31) Pacer for Mark. Expected Live: 79297K, Free: 7213M, Non-Taxable: 721M, Alloc Tax Rate: 0.0x
[71.457s][info][gc          ] GC(31) Pause Init Mark (unload classes) 0.119ms
[71.475s][info][gc,start    ] GC(31) Concurrent marking roots
[71.475s][info][gc,task     ] GC(31) Using 1 of 3 workers for concurrent marking roots
[71.475s][info][gc          ] GC(31) Concurrent marking roots 0.791ms
[71.475s][info][gc,start    ] GC(31) Concurrent marking (unload classes)
[71.475s][info][gc,task     ] GC(31) Using 1 of 3 workers for concurrent marking
[71.503s][info][gc          ] GC(31) Concurrent marking (unload classes) 28.005ms
[71.504s][info][gc,start    ] GC(31) Pause Final Mark (unload classes)
[71.504s][info][gc,task     ] GC(31) Using 3 of 3 workers for final marking
[71.504s][info][gc,ergo     ] GC(31) Adaptive CSet Selection. Target Free: 1160M, Actual Free: 7780M, Max CSet: 341M, Min Garbage: 0B
[71.504s][info][gc,ergo     ] GC(31) Collectable Garbage: 560M (99%), Immediate: 400M (71%), CSet: 160M (28%)
[71.504s][info][gc,ergo     ] GC(31) Pacer for Evacuation. Used CSet: 161M, Free: 7370M, Non-Taxable: 737M, Alloc Tax Rate: 1.1x
[71.504s][info][gc          ] GC(31) Pause Final Mark (unload classes) 0.257ms
[71.519s][info][gc,start    ] GC(31) Concurrent thread roots
[71.519s][info][gc,task     ] GC(31) Using 1 of 3 workers for Concurrent thread roots
[71.520s][info][gc          ] GC(31) Concurrent thread roots 0.736ms
[71.520s][info][gc,start    ] GC(31) Concurrent weak references
[71.520s][info][gc,task     ] GC(31) Using 1 of 3 workers for concurrent weak references
[71.520s][info][gc,ref      ] GC(31) Encountered references: Soft: 173, Weak: 995, Final: 0, Phantom: 41
[71.520s][info][gc,ref      ] GC(31) Discovered  references: Soft: 0, Weak: 205, Final: 0, Phantom: 24
[71.520s][info][gc,ref      ] GC(31) Enqueued    references: Soft: 0, Weak: 4, Final: 0, Phantom: 0
[71.520s][info][gc          ] GC(31) Concurrent weak references 0.105ms
[71.520s][info][gc,start    ] GC(31) Concurrent weak roots
[71.520s][info][gc,task     ] GC(31) Using 1 of 3 workers for concurrent weak root
[71.534s][info][gc          ] GC(31) Concurrent weak roots 14.517ms
[71.535s][info][gc,start    ] GC(31) Concurrent cleanup
[71.535s][info][gc          ] GC(31) Concurrent cleanup 926M->526M(8192M) 0.060ms
[71.535s][info][gc,ergo     ] GC(31) Free: 7250M, Max: 4096K regular, 6848M humongous, Frag: 6% external, 0% internal; Reserve: 411M, Max: 4096K
[71.535s][info][gc,start    ] GC(31) Concurrent class unloading
[71.535s][info][gc,task     ] GC(31) Using 1 of 3 workers for concurrent class unloading
[71.551s][info][gc          ] GC(31) Concurrent class unloading 15.974ms
[71.551s][info][gc,start    ] GC(31) Concurrent strong roots
[71.551s][info][gc,task     ] GC(31) Using 1 of 3 workers for concurrent strong root
[71.551s][info][gc          ] GC(31) Concurrent strong roots 0.116ms
[71.551s][info][gc,start    ] GC(31) Concurrent evacuation
[71.551s][info][gc,task     ] GC(31) Using 1 of 3 workers for concurrent evacuation
[71.552s][info][gc          ] GC(31) Concurrent evacuation 1.030ms
[71.552s][info][gc,start    ] GC(31) Pause Init Update Refs
[71.552s][info][gc,ergo     ] GC(31) Pacer for Update Refs. Used: 594M, Free: 7182M, Non-Taxable: 718M, Alloc Tax Rate: 1.1x
[71.552s][info][gc          ] GC(31) Pause Init Update Refs 0.089ms
[71.582s][info][gc,start    ] GC(31) Concurrent update references
[71.582s][info][gc,task     ] GC(31) Using 1 of 3 workers for concurrent reference update
[71.690s][info][gc          ] GC(31) Concurrent update references 107.886ms
[71.690s][info][gc,start    ] GC(31) Concurrent update thread roots
[71.692s][info][gc          ] GC(31) Concurrent update thread roots 1.535ms
[71.692s][info][gc,start    ] GC(31) Pause Final Update Refs
[71.692s][info][gc,task     ] GC(31) Using 3 of 3 workers for final reference update
[71.692s][info][gc          ] GC(31) Pause Final Update Refs 0.095ms
[71.723s][info][gc,start    ] GC(31) Concurrent cleanup
[71.723s][info][gc          ] GC(31) Concurrent cleanup 1078M->1073M(8192M) 0.121ms
[71.723s][info][gc,ergo     ] Free: 6706M, Max: 4096K regular, 6700M humongous, Frag: 0% external, 0% internal; Reserve: 412M, Max: 4096K
[71.723s][info][gc,stats    ] 
[71.723s][info][gc,stats    ] All times are wall-clock times, except per-root-class counters, that are sum over
[71.723s][info][gc,stats    ] all workers. Dividing the <total> over the root stage time estimates parallelism.
[71.723s][info][gc,stats    ] 
[71.723s][info][gc,stats    ] Concurrent Reset                    451 us
[71.723s][info][gc,stats    ] Pause Init Mark (G)               18237 us
[71.723s][info][gc,stats    ] Pause Init Mark (N)                 131 us
[71.723s][info][gc,stats    ]   Update Region States               32 us
[71.723s][info][gc,stats    ] Concurrent Mark Roots               820 us, parallelism: 0.76x
[71.723s][info][gc,stats    ]   CMR: <total>                      627 us
[71.723s][info][gc,stats    ]   CMR: Thread Roots                 565 us, workers (us): 565, ---, ---, 
[71.723s][info][gc,stats    ]   CMR: VM Strong Roots                8 us, workers (us):   8, ---, ---, 
[71.724s][info][gc,stats    ]   CMR: CLDG Roots                    55 us, workers (us):  55, ---, ---, 
[71.724s][info][gc,stats    ] Concurrent Marking                28091 us
[71.724s][info][gc,stats    ] Pause Final Mark (G)              15483 us
[71.724s][info][gc,stats    ] Pause Final Mark (N)                267 us
[71.724s][info][gc,stats    ]   Finish Mark                        61 us
[71.724s][info][gc,stats    ]   Update Region States               50 us
[71.724s][info][gc,stats    ]   Choose Collection Set              88 us
[71.724s][info][gc,stats    ]   Rebuild Free Set                    8 us
[71.724s][info][gc,stats    ] Concurrent Thread Roots             759 us, parallelism: 0.80x
[71.724s][info][gc,stats    ]   CTR: <total>                      604 us
[71.724s][info][gc,stats    ]   CTR: Thread Roots                 604 us, workers (us): 604, ---, ---, 
[71.724s][info][gc,stats    ] Concurrent Weak References          113 us, parallelism: 0.20x
[71.724s][info][gc,stats    ]   CWRF: <total>                      23 us
[71.724s][info][gc,stats    ]   CWRF: Weak References              23 us, workers (us):  23, ---, ---, 
[71.724s][info][gc,stats    ] Concurrent Weak Roots             14619 us
[71.724s][info][gc,stats    ]   Roots                            1128 us, parallelism: 0.96x
[71.724s][info][gc,stats    ]     CWR: <total>                   1087 us
[71.724s][info][gc,stats    ]     CWR: Code Cache Roots           908 us, workers (us): 908, ---, ---, 
[71.724s][info][gc,stats    ]     CWR: VM Weak Roots              168 us, workers (us): 168, ---, ---, 
[71.724s][info][gc,stats    ]     CWR: CLDG Roots                  11 us, workers (us):  11, ---, ---, 
[71.724s][info][gc,stats    ]   Rendezvous                      13368 us
[71.724s][info][gc,stats    ] Concurrent Cleanup                   69 us
[71.724s][info][gc,stats    ] Concurrent Class Unloading        16062 us
[71.724s][info][gc,stats    ]   Unlink Stale                     3393 us
[71.724s][info][gc,stats    ]     System Dictionary                21 us
[71.724s][info][gc,stats    ]     Weak Class Links                  1 us
[71.724s][info][gc,stats    ]     Code Roots                     3369 us
[71.724s][info][gc,stats    ]   Rendezvous                      12255 us
[71.724s][info][gc,stats    ]   Purge Unlinked                    294 us
[71.724s][info][gc,stats    ]     Code Roots                      285 us
[71.724s][info][gc,stats    ]     CLDG                              8 us
[71.724s][info][gc,stats    ]     Exception Caches                  0 us
[71.724s][info][gc,stats    ] Concurrent Strong Roots             136 us, parallelism: 0.39x
[71.724s][info][gc,stats    ]   CSR: <total>                       53 us
[71.724s][info][gc,stats    ]   CSR: VM Strong Roots                3 us, workers (us):   3, ---, ---, 
[71.724s][info][gc,stats    ]   CSR: CLDG Roots                    50 us, workers (us):  50, ---, ---, 
[71.724s][info][gc,stats    ] Concurrent Evacuation              1103 us
[71.724s][info][gc,stats    ] Pause Init Update Refs (G)        30066 us
[71.724s][info][gc,stats    ] Pause Init Update Refs (N)           98 us
[71.724s][info][gc,stats    ]   Manage GCLABs                       5 us
[71.724s][info][gc,stats    ] Concurrent Update Refs           107969 us
[71.724s][info][gc,stats    ] Concurrent Update Thread Roots     1575 us
[71.724s][info][gc,stats    ] Pause Final Update Refs (G)       31647 us
[71.724s][info][gc,stats    ] Pause Final Update Refs (N)         133 us
[71.724s][info][gc,stats    ]   Update Region States               46 us
[71.724s][info][gc,stats    ]   Trash Collection Set                3 us
[71.724s][info][gc,stats    ]   Rebuild Free Set                   12 us
[71.724s][info][gc,stats    ] Concurrent Cleanup                  134 us
[71.724s][info][gc,stats    ] 
[71.724s][info][gc,stats    ] Allocation pacing accrued:
[71.724s][info][gc,stats    ]       0 of  1869 ms (  0.0%): <total>
[71.724s][info][gc,stats    ]       0 of  1869 ms (  0.0%): <average total>
[71.724s][info][gc,stats    ] 
[71.724s][info][gc,metaspace] Metaspace: 16420K(16704K)->16420K(16704K) NonClass: 14072K(14208K)->14072K(14208K) Class: 2348K(2496K)->2348K(2496K)
[71.724s][info][gc,ergo     ] Pacer for Idle. Initial: 163M, Alloc Tax Rate: 1.0x
[71.848s][info][gc          ] Trigger: Average GC time (1492.71 ms) is above the time for average allocation rate (4395 MB/s) to deplete free headroom (5613M) (margin of error = 1.79)
[71.848s][info][gc,ergo     ] Free headroom: 6022M (free) - 409M (spike) - 0B (penalties) = 5613M
[71.849s][info][gc,ergo     ] Free: 6022M, Max: 4096K regular, 6016M humongous, Frag: 0% external, 0% internal; Reserve: 412M, Max: 4096K
[71.849s][info][gc,start    ] GC(32) Concurrent reset
[71.849s][info][gc,task     ] GC(32) Using 1 of 3 workers for concurrent reset
[71.849s][info][gc,ergo     ] GC(32) Pacer for Reset. Non-Taxable: 8192M
[71.850s][info][gc          ] GC(32) Concurrent reset 1.093ms
[71.850s][info][gc,start    ] GC(32) Pause Init Mark (unload classes)
[71.850s][info][gc,task     ] GC(32) Using 3 of 3 workers for init marking
[71.850s][info][gc,ergo     ] GC(32) Pacer for Mark. Expected Live: 79347K, Free: 6022M, Non-Taxable: 602M, Alloc Tax Rate: 0.0x
[71.850s][info][gc          ] GC(32) Pause Init Mark (unload classes) 0.196ms
[71.864s][info][gc,start    ] GC(32) Concurrent marking roots
[71.864s][info][gc,task     ] GC(32) Using 1 of 3 workers for concurrent marking roots
[71.865s][info][gc          ] GC(32) Concurrent marking roots 0.856ms
[71.865s][info][gc,start    ] GC(32) Concurrent marking (unload classes)
[71.865s][info][gc,task     ] GC(32) Using 1 of 3 workers for concurrent marking
[71.876s][info][gc          ] GC(32) Concurrent marking (unload classes) 10.626ms
[71.876s][info][gc,start    ] GC(32) Pause Final Mark (unload classes)
[71.876s][info][gc,task     ] GC(32) Using 3 of 3 workers for final marking
[71.876s][info][gc,ergo     ] GC(32) Adaptive CSet Selection. Target Free: 1160M, Actual Free: 7852M, Max CSet: 341M, Min Garbage: 0B
[71.876s][info][gc,ergo     ] GC(32) Collectable Garbage: 1751M (99%), Immediate: 1552M (88%), CSet: 199M (11%)
[71.876s][info][gc,ergo     ] GC(32) Pacer for Evacuation. Used CSet: 200M, Free: 7446M, Non-Taxable: 744M, Alloc Tax Rate: 1.1x
[71.876s][info][gc          ] GC(32) Pause Final Mark (unload classes) 0.238ms
[71.876s][info][gc,start    ] GC(32) Concurrent thread roots
[71.876s][info][gc,task     ] GC(32) Using 1 of 3 workers for Concurrent thread roots
[71.877s][info][gc          ] GC(32) Concurrent thread roots 0.621ms
[71.877s][info][gc,start    ] GC(32) Concurrent weak references
[71.877s][info][gc,task     ] GC(32) Using 1 of 3 workers for concurrent weak references
[71.877s][info][gc,ref      ] GC(32) Encountered references: Soft: 173, Weak: 991, Final: 0, Phantom: 41
[71.877s][info][gc,ref      ] GC(32) Discovered  references: Soft: 0, Weak: 201, Final: 0, Phantom: 24
[71.877s][info][gc,ref      ] GC(32) Enqueued    references: Soft: 0, Weak: 0, Final: 0, Phantom: 0
[71.877s][info][gc          ] GC(32) Concurrent weak references 0.070ms
[71.877s][info][gc,start    ] GC(32) Concurrent weak roots
[71.877s][info][gc,task     ] GC(32) Using 1 of 3 workers for concurrent weak root
[71.880s][info][gc          ] GC(32) Concurrent weak roots 3.468ms
[71.880s][info][gc,start    ] GC(32) Concurrent cleanup
[71.880s][info][gc          ] GC(32) Concurrent cleanup 1909M->357M(8192M) 0.055ms
[71.880s][info][gc,ergo     ] GC(32) Free: 7422M, Max: 4096K regular, 5864M humongous, Frag: 21% external, 0% internal; Reserve: 411M, Max: 4096K
[71.880s][info][gc,start    ] GC(32) Concurrent class unloading
[71.880s][info][gc,task     ] GC(32) Using 1 of 3 workers for concurrent class unloading
[71.896s][info][gc          ] GC(32) Concurrent class unloading 15.935ms
[71.896s][info][gc,start    ] GC(32) Concurrent strong roots
[71.896s][info][gc,task     ] GC(32) Using 1 of 3 workers for concurrent strong root
[71.896s][info][gc          ] GC(32) Concurrent strong roots 0.103ms
[71.896s][info][gc,start    ] GC(32) Concurrent evacuation
[71.896s][info][gc,task     ] GC(32) Using 1 of 3 workers for concurrent evacuation
[71.898s][info][gc          ] GC(32) Concurrent evacuation 1.187ms
[71.898s][info][gc,start    ] GC(32) Pause Init Update Refs
[71.898s][info][gc,ergo     ] GC(32) Pacer for Update Refs. Used: 425M, Free: 7354M, Non-Taxable: 735M, Alloc Tax Rate: 1.1x
[71.898s][info][gc          ] GC(32) Pause Init Update Refs 0.067ms
[71.916s][info][gc,start    ] GC(32) Concurrent update references
[71.916s][info][gc,task     ] GC(32) Using 1 of 3 workers for concurrent reference update
[71.972s][info][gc          ] GC(32) Concurrent update references 55.939ms
[71.972s][info][gc,start    ] GC(32) Concurrent update thread roots
[71.973s][info][gc          ] GC(32) Concurrent update thread roots 0.745ms
[71.973s][info][gc,start    ] GC(32) Pause Final Update Refs
[71.973s][info][gc,task     ] GC(32) Using 3 of 3 workers for final reference update
[71.973s][info][gc          ] GC(32) Pause Final Update Refs 0.087ms
[71.974s][info][gc,start    ] GC(32) Concurrent cleanup
[71.974s][info][gc          ] GC(32) Concurrent cleanup 649M->449M(8192M) 0.040ms
[71.974s][info][gc,ergo     ] Free: 7330M, Max: 4096K regular, 5860M humongous, Frag: 20% external, 0% internal; Reserve: 412M, Max: 4096K
[71.974s][info][gc,stats    ] 
[71.974s][info][gc,stats    ] All times are wall-clock times, except per-root-class counters, that are sum over
[71.974s][info][gc,stats    ] all workers. Dividing the <total> over the root stage time estimates parallelism.
[71.974s][info][gc,stats    ] 
[71.974s][info][gc,stats    ] Concurrent Reset                   1186 us
[71.974s][info][gc,stats    ] Pause Init Mark (G)               14245 us
[71.974s][info][gc,stats    ] Pause Init Mark (N)                 207 us
[71.974s][info][gc,stats    ]   Update Region States               92 us
[71.974s][info][gc,stats    ] Concurrent Mark Roots               878 us, parallelism: 0.77x
[71.974s][info][gc,stats    ]   CMR: <total>                      675 us
[71.974s][info][gc,stats    ]   CMR: Thread Roots                 612 us, workers (us): 612, ---, ---, 
[71.974s][info][gc,stats    ]   CMR: VM Strong Roots                9 us, workers (us):   9, ---, ---, 
[71.974s][info][gc,stats    ]   CMR: CLDG Roots                    54 us, workers (us):  54, ---, ---, 
[71.974s][info][gc,stats    ] Concurrent Marking                10698 us
[71.974s][info][gc,stats    ] Pause Final Mark (G)                406 us
[71.974s][info][gc,stats    ] Pause Final Mark (N)                247 us
[71.974s][info][gc,stats    ]   Finish Mark                        46 us
[71.974s][info][gc,stats    ]   Update Region States               40 us
[71.974s][info][gc,stats    ]   Choose Collection Set              89 us
[71.974s][info][gc,stats    ]   Rebuild Free Set                    8 us
[71.974s][info][gc,stats    ] Concurrent Thread Roots             636 us, parallelism: 0.90x
[71.974s][info][gc,stats    ]   CTR: <total>                      573 us
[71.974s][info][gc,stats    ]   CTR: Thread Roots                 573 us, workers (us): 573, ---, ---, 
[71.974s][info][gc,stats    ] Concurrent Weak References           77 us, parallelism: 0.21x
[71.974s][info][gc,stats    ]   CWRF: <total>                      16 us
[71.974s][info][gc,stats    ]   CWRF: Weak References              16 us, workers (us):  16, ---, ---, 
[71.974s][info][gc,stats    ] Concurrent Weak Roots              3534 us
[71.974s][info][gc,stats    ]   Roots                            1037 us, parallelism: 0.97x
[71.974s][info][gc,stats    ]     CWR: <total>                   1003 us
[71.974s][info][gc,stats    ]     CWR: Code Cache Roots           875 us, workers (us): 875, ---, ---, 
[71.974s][info][gc,stats    ]     CWR: VM Weak Roots              117 us, workers (us): 117, ---, ---, 
[71.974s][info][gc,stats    ]     CWR: CLDG Roots                  12 us, workers (us):  12, ---, ---, 
[71.974s][info][gc,stats    ]   Rendezvous                       2412 us
[71.974s][info][gc,stats    ] Concurrent Cleanup                   64 us
[71.974s][info][gc,stats    ] Concurrent Class Unloading        16000 us
[71.974s][info][gc,stats    ]   Unlink Stale                     3283 us
[71.974s][info][gc,stats    ]     System Dictionary                13 us
[71.974s][info][gc,stats    ]     Weak Class Links                  0 us
[71.974s][info][gc,stats    ]     Code Roots                     3270 us
[71.974s][info][gc,stats    ]   Rendezvous                      12259 us
[71.974s][info][gc,stats    ]   Purge Unlinked                    371 us
[71.974s][info][gc,stats    ]     Code Roots                      362 us
[71.974s][info][gc,stats    ]     CLDG                              8 us
[71.974s][info][gc,stats    ]     Exception Caches                  1 us
[71.974s][info][gc,stats    ] Concurrent Strong Roots             119 us, parallelism: 0.44x
[71.974s][info][gc,stats    ]   CSR: <total>                       52 us
[71.974s][info][gc,stats    ]   CSR: VM Strong Roots                4 us, workers (us):   4, ---, ---, 
[71.974s][info][gc,stats    ]   CSR: CLDG Roots                    48 us, workers (us):  48, ---, ---, 
[71.974s][info][gc,stats    ] Concurrent Evacuation              1219 us
[71.974s][info][gc,stats    ] Pause Init Update Refs (G)        18324 us
[71.974s][info][gc,stats    ] Pause Init Update Refs (N)           76 us
[71.974s][info][gc,stats    ]   Manage GCLABs                       3 us
[71.974s][info][gc,stats    ] Concurrent Update Refs            56016 us
[71.974s][info][gc,stats    ] Concurrent Update Thread Roots      766 us
[71.974s][info][gc,stats    ] Pause Final Update Refs (G)        1172 us
[71.974s][info][gc,stats    ] Pause Final Update Refs (N)         127 us
[71.974s][info][gc,stats    ]   Update Region States               40 us
[71.974s][info][gc,stats    ]   Trash Collection Set                4 us
[71.974s][info][gc,stats    ]   Rebuild Free Set                   20 us
[71.974s][info][gc,stats    ] Concurrent Cleanup                   49 us
[71.974s][info][gc,stats    ] 
[71.974s][info][gc,stats    ] Allocation pacing accrued:
[71.974s][info][gc,stats    ]       0 of   251 ms (  0.0%): <total>
[71.974s][info][gc,stats    ]       0 of   251 ms (  0.0%): <average total>
[71.974s][info][gc,stats    ] 
[71.974s][info][gc,metaspace] Metaspace: 16420K(16704K)->16420K(16704K) NonClass: 14072K(14208K)->14072K(14208K) Class: 2348K(2496K)->2348K(2496K)
[71.974s][info][gc,ergo     ] Pacer for Idle. Initial: 163M, Alloc Tax Rate: 1.0x
[75.986s][info][gc          ] Trigger: Learning 4 of 5. Free (5726M) is below initial threshold (5734M)
[75.986s][info][gc,ergo     ] Free: 5726M, Max: 4096K regular, 5716M humongous, Frag: 0% external, 0% internal; Reserve: 412M, Max: 4096K
[75.986s][info][gc,start    ] GC(33) Concurrent reset
[75.986s][info][gc,task     ] GC(33) Using 1 of 3 workers for concurrent reset
[75.986s][info][gc,ergo     ] GC(33) Pacer for Reset. Non-Taxable: 8192M
[75.987s][info][gc          ] GC(33) Concurrent reset 1.242ms
[75.987s][info][gc,start    ] GC(33) Pause Init Mark (unload classes)
[75.988s][info][gc,task     ] GC(33) Using 3 of 3 workers for init marking
[75.988s][info][gc,ergo     ] GC(33) Pacer for Mark. Expected Live: 79346K, Free: 5722M, Non-Taxable: 572M, Alloc Tax Rate: 0.0x
[75.988s][info][gc          ] GC(33) Pause Init Mark (unload classes) 0.171ms
[75.988s][info][gc,start    ] GC(33) Concurrent marking roots
[75.988s][info][gc,task     ] GC(33) Using 1 of 3 workers for concurrent marking roots
[75.989s][info][gc          ] GC(33) Concurrent marking roots 0.883ms
[75.989s][info][gc,start    ] GC(33) Concurrent marking (unload classes)
[75.989s][info][gc,task     ] GC(33) Using 1 of 3 workers for concurrent marking
[76.556s][info][gc          ] GC(33) Concurrent marking (unload classes) 567.097ms
[76.556s][info][gc,start    ] GC(33) Pause Final Mark (unload classes)
[76.556s][info][gc,task     ] GC(33) Using 3 of 3 workers for final marking
[76.556s][info][gc,ergo     ] GC(33) Adaptive CSet Selection. Target Free: 1160M, Actual Free: 7044M, Max CSet: 341M, Min Garbage: 0B
[76.556s][info][gc,ergo     ] GC(33) Collectable Garbage: 1771M (99%), Immediate: 1344M (75%), CSet: 427M (24%)
[76.556s][info][gc,ergo     ] GC(33) Pacer for Evacuation. Used CSet: 708M, Free: 6643M, Non-Taxable: 664M, Alloc Tax Rate: 1.1x
[76.556s][info][gc          ] GC(33) Pause Final Mark (unload classes) 0.450ms
[76.556s][info][gc,start    ] GC(33) Concurrent thread roots
[76.556s][info][gc,task     ] GC(33) Using 1 of 3 workers for Concurrent thread roots
[76.557s][info][gc          ] GC(33) Concurrent thread roots 1.075ms
[76.558s][info][gc,start    ] GC(33) Concurrent weak references
[76.558s][info][gc,task     ] GC(33) Using 1 of 3 workers for concurrent weak references
[76.558s][info][gc,ref      ] GC(33) Encountered references: Soft: 173, Weak: 997, Final: 0, Phantom: 41
[76.558s][info][gc,ref      ] GC(33) Discovered  references: Soft: 0, Weak: 202, Final: 0, Phantom: 24
[76.558s][info][gc,ref      ] GC(33) Enqueued    references: Soft: 0, Weak: 5, Final: 0, Phantom: 0
[76.558s][info][gc          ] GC(33) Concurrent weak references 0.150ms
[76.558s][info][gc,start    ] GC(33) Concurrent weak roots
[76.558s][info][gc,task     ] GC(33) Using 1 of 3 workers for concurrent weak root
[76.559s][info][gc          ] GC(33) Concurrent weak roots 0.891ms
[76.559s][info][gc,start    ] GC(33) Concurrent cleanup
[76.559s][info][gc          ] GC(33) Concurrent cleanup 2482M->1138M(8192M) 0.041ms
[76.559s][info][gc,ergo     ] GC(33) Free: 6642M, Max: 4096K regular, 5292M humongous, Frag: 21% external, 0% internal; Reserve: 411M, Max: 4096K
[76.559s][info][gc,start    ] GC(33) Concurrent class unloading
[76.559s][info][gc,task     ] GC(33) Using 1 of 3 workers for concurrent class unloading
[76.562s][info][gc          ] GC(33) Concurrent class unloading 3.040ms
[76.562s][info][gc,start    ] GC(33) Concurrent strong roots
[76.562s][info][gc,task     ] GC(33) Using 1 of 3 workers for concurrent strong root
[76.562s][info][gc          ] GC(33) Concurrent strong roots 0.208ms
[76.562s][info][gc,start    ] GC(33) Concurrent evacuation
[76.562s][info][gc,task     ] GC(33) Using 1 of 3 workers for concurrent evacuation
[76.821s][info][gc          ] GC(33) Concurrent evacuation 258.469ms
[76.821s][info][gc,start    ] GC(33) Pause Init Update Refs
[76.821s][info][gc,ergo     ] GC(33) Pacer for Update Refs. Used: 1533M, Free: 6530M, Non-Taxable: 653M, Alloc Tax Rate: 1.1x
[76.821s][info][gc          ] GC(33) Pause Init Update Refs 0.076ms
[76.821s][info][gc,start    ] GC(33) Concurrent update references
[76.821s][info][gc,task     ] GC(33) Using 1 of 3 workers for concurrent reference update
[77.511s][info][gc          ] GC(33) Concurrent update references 690.626ms
[77.511s][info][gc,start    ] GC(33) Concurrent update thread roots
[77.512s][info][gc          ] GC(33) Concurrent update thread roots 0.555ms
[77.512s][info][gc,start    ] GC(33) Pause Final Update Refs
[77.512s][info][gc,task     ] GC(33) Using 3 of 3 workers for final reference update
[77.512s][info][gc          ] GC(33) Pause Final Update Refs 0.101ms
[77.512s][info][gc,start    ] GC(33) Concurrent cleanup
[77.512s][info][gc          ] GC(33) Concurrent cleanup 1913M->1205M(8192M) 0.048ms
[77.512s][info][gc,ergo     ] Free: 6574M, Max: 4096K regular, 5008M humongous, Frag: 24% external, 0% internal; Reserve: 412M, Max: 4096K
[77.512s][info][gc,stats    ] 
[77.512s][info][gc,stats    ] All times are wall-clock times, except per-root-class counters, that are sum over
[77.512s][info][gc,stats    ] all workers. Dividing the <total> over the root stage time estimates parallelism.
[77.512s][info][gc,stats    ] 
[77.512s][info][gc,stats    ] Concurrent Reset                   1308 us
[77.512s][info][gc,stats    ] Pause Init Mark (G)                 318 us
[77.512s][info][gc,stats    ] Pause Init Mark (N)                 193 us
[77.512s][info][gc,stats    ]   Update Region States               64 us
[77.512s][info][gc,stats    ] Concurrent Mark Roots               894 us, parallelism: 0.89x
[77.512s][info][gc,stats    ]   CMR: <total>                      794 us
[77.512s][info][gc,stats    ]   CMR: Thread Roots                 722 us, workers (us): 722, ---, ---, 
[77.512s][info][gc,stats    ]   CMR: VM Strong Roots                6 us, workers (us):   6, ---, ---, 
[77.512s][info][gc,stats    ]   CMR: CLDG Roots                    65 us, workers (us):  65, ---, ---, 
[77.512s][info][gc,stats    ] Concurrent Marking               567164 us
[77.512s][info][gc,stats    ] Pause Final Mark (G)                639 us
[77.512s][info][gc,stats    ] Pause Final Mark (N)                467 us
[77.512s][info][gc,stats    ]   Finish Mark                       133 us
[77.512s][info][gc,stats    ]   Update Region States               91 us
[77.512s][info][gc,stats    ]   Choose Collection Set             113 us
[77.512s][info][gc,stats    ]   Rebuild Free Set                   16 us
[77.512s][info][gc,stats    ] Concurrent Thread Roots            1116 us, parallelism: 0.83x
[77.512s][info][gc,stats    ]   CTR: <total>                      929 us
[77.512s][info][gc,stats    ]   CTR: Thread Roots                 929 us, workers (us): 929, ---, ---, 
[77.512s][info][gc,stats    ] Concurrent Weak References          165 us, parallelism: 0.07x
[77.513s][info][gc,stats    ]   CWRF: <total>                      12 us
[77.513s][info][gc,stats    ]   CWRF: Weak References              12 us, workers (us):  12, ---, ---, 
[77.513s][info][gc,stats    ] Concurrent Weak Roots               913 us
[77.513s][info][gc,stats    ]   Roots                             789 us, parallelism: 0.93x
[77.513s][info][gc,stats    ]     CWR: <total>                    735 us
[77.513s][info][gc,stats    ]     CWR: Code Cache Roots           612 us, workers (us): 612, ---, ---, 
[77.513s][info][gc,stats    ]     CWR: VM Weak Roots              115 us, workers (us): 115, ---, ---, 
[77.513s][info][gc,stats    ]     CWR: CLDG Roots                   8 us, workers (us):   8, ---, ---, 
[77.513s][info][gc,stats    ]   Rendezvous                         71 us
[77.513s][info][gc,stats    ] Concurrent Cleanup                   49 us
[77.513s][info][gc,stats    ] Concurrent Class Unloading         3105 us
[77.513s][info][gc,stats    ]   Unlink Stale                     2701 us
[77.513s][info][gc,stats    ]     System Dictionary                10 us
[77.513s][info][gc,stats    ]     Weak Class Links                  0 us
[77.513s][info][gc,stats    ]     Code Roots                     2688 us
[77.513s][info][gc,stats    ]   Rendezvous                        125 us
[77.513s][info][gc,stats    ]   Purge Unlinked                    194 us
[77.513s][info][gc,stats    ]     Code Roots                      185 us
[77.513s][info][gc,stats    ]     CLDG                              8 us
[77.513s][info][gc,stats    ]     Exception Caches                  0 us
[77.513s][info][gc,stats    ] Concurrent Strong Roots             245 us, parallelism: 0.28x
[77.513s][info][gc,stats    ]   CSR: <total>                       68 us
[77.513s][info][gc,stats    ]   CSR: VM Strong Roots                7 us, workers (us):   7, ---, ---, 
[77.513s][info][gc,stats    ]   CSR: CLDG Roots                    61 us, workers (us):  61, ---, ---, 
[77.513s][info][gc,stats    ] Concurrent Evacuation            258541 us
[77.513s][info][gc,stats    ] Pause Init Update Refs (G)          218 us
[77.513s][info][gc,stats    ] Pause Init Update Refs (N)           84 us
[77.513s][info][gc,stats    ]   Manage GCLABs                       4 us
[77.513s][info][gc,stats    ] Concurrent Update Refs           690695 us
[77.513s][info][gc,stats    ] Concurrent Update Thread Roots      574 us
[77.513s][info][gc,stats    ] Pause Final Update Refs (G)         188 us
[77.513s][info][gc,stats    ] Pause Final Update Refs (N)         111 us
[77.513s][info][gc,stats    ]   Update Region States               38 us
[77.513s][info][gc,stats    ]   Trash Collection Set                3 us
[77.513s][info][gc,stats    ]   Rebuild Free Set                    9 us
[77.513s][info][gc,stats    ] Concurrent Cleanup                   62 us
[77.513s][info][gc,stats    ] 
[77.513s][info][gc,stats    ] Allocation pacing accrued:
[77.513s][info][gc,stats    ]       0 of  5538 ms (  0.0%): <total>
[77.513s][info][gc,stats    ]       0 of  5538 ms (  0.0%): <average total>
[77.513s][info][gc,stats    ] 
[77.513s][info][gc,metaspace] Metaspace: 16420K(16704K)->16420K(16704K) NonClass: 14072K(14208K)->14072K(14208K) Class: 2348K(2496K)->2348K(2496K)
[77.513s][info][gc,ergo     ] Pacer for Idle. Initial: 163M, Alloc Tax Rate: 1.0x
[78.248s][info][gc          ] Trigger: Explicit GC request (System.gc())
[78.248s][info][gc,ergo     ] Free: 6498M, Max: 4096K regular, 5008M humongous, Frag: 23% external, 0% internal; Reserve: 412M, Max: 4096K
[78.248s][info][gc,start    ] GC(34) Concurrent reset
[78.248s][info][gc,task     ] GC(34) Using 1 of 3 workers for concurrent reset
[78.248s][info][gc,ergo     ] GC(34) Pacer for Reset. Non-Taxable: 8192M
[78.251s][info][gc          ] GC(34) Concurrent reset 3.419ms
[78.251s][info][gc,start    ] GC(34) Pause Init Mark (unload classes)
[78.251s][info][gc,task     ] GC(34) Using 3 of 3 workers for init marking
[78.251s][info][gc,ref      ] GC(34) Clearing All SoftReferences
[78.252s][info][gc,ergo     ] GC(34) Pacer for Mark. Expected Live: 133M, Free: 6498M, Non-Taxable: 649M, Alloc Tax Rate: 0.0x
[78.252s][info][gc          ] GC(34) Pause Init Mark (unload classes) 0.157ms
[78.252s][info][gc,start    ] GC(34) Concurrent marking roots
[78.252s][info][gc,task     ] GC(34) Using 1 of 3 workers for concurrent marking roots
[78.253s][info][gc          ] GC(34) Concurrent marking roots 1.038ms
[78.253s][info][gc,start    ] GC(34) Concurrent marking (unload classes)
[78.253s][info][gc,task     ] GC(34) Using 1 of 3 workers for concurrent marking
[78.258s][info][gc          ] GC(34) Concurrent marking (unload classes) 4.997ms
[78.258s][info][gc,start    ] GC(34) Pause Final Mark (unload classes)
[78.258s][info][gc,task     ] GC(34) Using 3 of 3 workers for final marking
[78.258s][info][gc,ergo     ] GC(34) Collectable Garbage: 1256M (98%), Immediate: 1256M (98%), CSet: 0B (0%)
[78.258s][info][gc          ] GC(34) Pause Final Mark (unload classes) 0.451ms
[78.258s][info][gc,start    ] GC(34) Concurrent weak references
[78.258s][info][gc,task     ] GC(34) Using 1 of 3 workers for concurrent weak references
[78.258s][info][gc,ref      ] GC(34) Encountered references: Soft: 172, Weak: 993, Final: 0, Phantom: 41
[78.258s][info][gc,ref      ] GC(34) Discovered  references: Soft: 108, Weak: 221, Final: 0, Phantom: 24
[78.258s][info][gc,ref      ] GC(34) Enqueued    references: Soft: 4, Weak: 8, Final: 0, Phantom: 0
[78.258s][info][gc          ] GC(34) Concurrent weak references 0.166ms
[78.258s][info][gc,start    ] GC(34) Concurrent weak roots
[78.258s][info][gc,task     ] GC(34) Using 1 of 3 workers for concurrent weak root
[78.260s][info][gc          ] GC(34) Concurrent weak roots 1.058ms
[78.260s][info][gc,start    ] GC(34) Concurrent cleanup
[78.260s][info][gc          ] GC(34) Concurrent cleanup 1281M->25M(8192M) 0.043ms
[78.260s][info][gc,ergo     ] GC(34) Free: 7754M, Max: 4096K regular, 7192M humongous, Frag: 8% external, 0% internal; Reserve: 412M, Max: 4096K
[78.260s][info][gc,start    ] GC(34) Concurrent class unloading
[78.260s][info][gc,task     ] GC(34) Using 1 of 3 workers for concurrent class unloading
[78.265s][info][gc          ] GC(34) Concurrent class unloading 5.802ms
[78.266s][info][gc,start    ] GC(34) Pause Final Roots
[78.266s][info][gc          ] GC(34) Pause Final Roots 0.053ms
[78.266s][info][gc,ergo     ] Free: 7754M, Max: 4096K regular, 7192M humongous, Frag: 8% external, 0% internal; Reserve: 412M, Max: 4096K
[78.266s][info][gc,stats    ] 
[78.266s][info][gc,stats    ] All times are wall-clock times, except per-root-class counters, that are sum over
[78.266s][info][gc,stats    ] all workers. Dividing the <total> over the root stage time estimates parallelism.
[78.266s][info][gc,stats    ] 
[78.266s][info][gc,stats    ] Concurrent Reset                   3469 us
[78.266s][info][gc,stats    ] Pause Init Mark (G)                 261 us
[78.266s][info][gc,stats    ] Pause Init Mark (N)                 165 us
[78.266s][info][gc,stats    ]   Update Region States               68 us
[78.266s][info][gc,stats    ] Concurrent Mark Roots              1076 us, parallelism: 0.88x
[78.266s][info][gc,stats    ]   CMR: <total>                      945 us
[78.266s][info][gc,stats    ]   CMR: Thread Roots                 899 us, workers (us): 899, ---, ---, 
[78.266s][info][gc,stats    ]   CMR: VM Strong Roots                5 us, workers (us):   5, ---, ---, 
[78.266s][info][gc,stats    ]   CMR: CLDG Roots                    40 us, workers (us):  40, ---, ---, 
[78.266s][info][gc,stats    ] Concurrent Marking                 5047 us
[78.266s][info][gc,stats    ] Pause Final Mark (G)                573 us
[78.266s][info][gc,stats    ] Pause Final Mark (N)                475 us
[78.266s][info][gc,stats    ]   Finish Mark                       154 us
[78.266s][info][gc,stats    ]   Update Region States              118 us
[78.266s][info][gc,stats    ]   Choose Collection Set              79 us
[78.266s][info][gc,stats    ]   Rebuild Free Set                   21 us
[78.266s][info][gc,stats    ] Concurrent Weak References          174 us, parallelism: 0.13x
[78.266s][info][gc,stats    ]   CWRF: <total>                      23 us
[78.266s][info][gc,stats    ]   CWRF: Weak References              23 us, workers (us):  23, ---, ---, 
[78.266s][info][gc,stats    ] Concurrent Weak Roots              1113 us
[78.266s][info][gc,stats    ]   Roots                             970 us, parallelism: 0.91x
[78.266s][info][gc,stats    ]     CWR: <total>                    878 us
[78.266s][info][gc,stats    ]     CWR: Code Cache Roots           700 us, workers (us): 700, ---, ---, 
[78.266s][info][gc,stats    ]     CWR: VM Weak Roots              168 us, workers (us): 168, ---, ---, 
[78.266s][info][gc,stats    ]     CWR: CLDG Roots                  10 us, workers (us):  10, ---, ---, 
[78.266s][info][gc,stats    ]   Rendezvous                         68 us
[78.266s][info][gc,stats    ] Concurrent Cleanup                   52 us
[78.266s][info][gc,stats    ] Concurrent Class Unloading         5881 us
[78.266s][info][gc,stats    ]   Unlink Stale                     5341 us
[78.266s][info][gc,stats    ]     System Dictionary                73 us
[78.266s][info][gc,stats    ]     Weak Class Links               1986 us
[78.266s][info][gc,stats    ]     Code Roots                     3280 us
[78.266s][info][gc,stats    ]   Rendezvous                         85 us
[78.266s][info][gc,stats    ]   Purge Unlinked                    349 us
[78.266s][info][gc,stats    ]     Code Roots                      312 us
[78.266s][info][gc,stats    ]     CLDG                             36 us
[78.266s][info][gc,stats    ]     Exception Caches                  0 us
[78.266s][info][gc,stats    ] Pause Final Roots (G)               123 us
[78.266s][info][gc,stats    ] Pause Final Roots (N)                62 us
[78.266s][info][gc,stats    ] 
[78.266s][info][gc,stats    ] Allocation pacing accrued:
[78.266s][info][gc,stats    ]       0 of   753 ms (  0.0%): <total>
[78.266s][info][gc,stats    ]       0 of   753 ms (  0.0%): <average total>
[78.266s][info][gc,stats    ] 
[78.266s][info][gc,metaspace] Metaspace: 16421K(16704K)->16417K(16704K) NonClass: 14073K(14208K)->14070K(14208K) Class: 2348K(2496K)->2347K(2496K)
[78.266s][info][gc,ergo     ] Pacer for Idle. Initial: 163M, Alloc Tax Rate: 1.0x
[79.771s][info][gc          ] Trigger: Average GC time (1646.34 ms) is above the time for instantaneous allocation rate (5613 MB/s) to deplete free headroom (6596M) (spike threshold = 1.75)
[79.771s][info][gc,ergo     ] Free: 7006M, Max: 4096K regular, 7000M humongous, Frag: 0% external, 0% internal; Reserve: 412M, Max: 4096K
[79.771s][info][gc,start    ] GC(35) Concurrent reset
[79.771s][info][gc,task     ] GC(35) Using 1 of 3 workers for concurrent reset
[79.771s][info][gc,ergo     ] GC(35) Pacer for Reset. Non-Taxable: 8192M
[79.772s][info][gc          ] GC(35) Concurrent reset 0.351ms
[79.772s][info][gc,start    ] GC(35) Pause Init Mark (unload classes)
[79.772s][info][gc,task     ] GC(35) Using 3 of 3 workers for init marking
[79.772s][info][gc,ergo     ] GC(35) Pacer for Mark. Expected Live: 61788K, Free: 7006M, Non-Taxable: 700M, Alloc Tax Rate: 0.0x
[79.772s][info][gc          ] GC(35) Pause Init Mark (unload classes) 0.087ms
[79.819s][info][gc,start    ] GC(35) Concurrent marking roots
[79.819s][info][gc,task     ] GC(35) Using 1 of 3 workers for concurrent marking roots
[79.820s][info][gc          ] GC(35) Concurrent marking roots 0.815ms
[79.820s][info][gc,start    ] GC(35) Concurrent marking (unload classes)
[79.820s][info][gc,task     ] GC(35) Using 1 of 3 workers for concurrent marking
[79.850s][info][gc          ] GC(35) Concurrent marking (unload classes) 30.408ms
[79.850s][info][gc,start    ] GC(35) Pause Final Mark (unload classes)
[79.850s][info][gc,task     ] GC(35) Using 3 of 3 workers for final marking
[79.850s][info][gc,ergo     ] GC(35) Adaptive CSet Selection. Target Free: 1160M, Actual Free: 7600M, Max CSet: 341M, Min Garbage: 0B
[79.850s][info][gc,ergo     ] GC(35) Collectable Garbage: 767M (99%), Immediate: 592M (76%), CSet: 175M (22%)
[79.850s][info][gc,ergo     ] GC(35) Pacer for Evacuation. Used CSet: 176M, Free: 7194M, Non-Taxable: 719M, Alloc Tax Rate: 1.1x
[79.850s][info][gc          ] GC(35) Pause Final Mark (unload classes) 0.211ms
[79.850s][info][gc,start    ] GC(35) Concurrent thread roots
[79.850s][info][gc,task     ] GC(35) Using 1 of 3 workers for Concurrent thread roots
[79.851s][info][gc          ] GC(35) Concurrent thread roots 0.626ms
[79.851s][info][gc,start    ] GC(35) Concurrent weak references
[79.851s][info][gc,task     ] GC(35) Using 1 of 3 workers for concurrent weak references
[79.851s][info][gc,ref      ] GC(35) Encountered references: Soft: 173, Weak: 993, Final: 0, Phantom: 41
[79.851s][info][gc,ref      ] GC(35) Discovered  references: Soft: 0, Weak: 206, Final: 0, Phantom: 24
[79.851s][info][gc,ref      ] GC(35) Enqueued    references: Soft: 0, Weak: 5, Final: 0, Phantom: 0
[79.851s][info][gc          ] GC(35) Concurrent weak references 0.072ms
[79.851s][info][gc,start    ] GC(35) Concurrent weak roots
[79.851s][info][gc,task     ] GC(35) Using 1 of 3 workers for concurrent weak root
[79.865s][info][gc          ] GC(35) Concurrent weak roots 14.158ms
[79.865s][info][gc,start    ] GC(35) Concurrent cleanup
[79.865s][info][gc          ] GC(35) Concurrent cleanup 1249M->657M(8192M) 0.057ms
[79.865s][info][gc,ergo     ] GC(35) Free: 7122M, Max: 4096K regular, 6528M humongous, Frag: 9% external, 0% internal; Reserve: 411M, Max: 4096K
[79.865s][info][gc,start    ] GC(35) Concurrent class unloading
[79.866s][info][gc,task     ] GC(35) Using 1 of 3 workers for concurrent class unloading
[79.881s][info][gc          ] GC(35) Concurrent class unloading 15.887ms
[79.881s][info][gc,start    ] GC(35) Concurrent strong roots
[79.881s][info][gc,task     ] GC(35) Using 1 of 3 workers for concurrent strong root
[79.882s][info][gc          ] GC(35) Concurrent strong roots 0.109ms
[79.882s][info][gc,start    ] GC(35) Concurrent evacuation
[79.882s][info][gc,task     ] GC(35) Using 1 of 3 workers for concurrent evacuation
[79.883s][info][gc          ] GC(35) Concurrent evacuation 1.101ms
[79.883s][info][gc,start    ] GC(35) Pause Init Update Refs
[79.883s][info][gc,ergo     ] GC(35) Pacer for Update Refs. Used: 717M, Free: 7062M, Non-Taxable: 706M, Alloc Tax Rate: 1.1x
[79.883s][info][gc          ] GC(35) Pause Init Update Refs 0.069ms
[79.897s][info][gc,start    ] GC(35) Concurrent update references
[79.897s][info][gc,task     ] GC(35) Using 1 of 3 workers for concurrent reference update
[80.072s][info][gc          ] GC(35) Concurrent update references 175.220ms
[80.072s][info][gc,start    ] GC(35) Concurrent update thread roots
[80.074s][info][gc          ] GC(35) Concurrent update thread roots 1.538ms
[80.074s][info][gc,start    ] GC(35) Pause Final Update Refs
[80.074s][info][gc,task     ] GC(35) Using 3 of 3 workers for final reference update
[80.074s][info][gc          ] GC(35) Pause Final Update Refs 0.092ms
[80.102s][info][gc,start    ] GC(35) Concurrent cleanup
[80.102s][info][gc          ] GC(35) Concurrent cleanup 1321M->1281M(8192M) 0.129ms
[80.102s][info][gc,ergo     ] Free: 6498M, Max: 4096K regular, 6448M humongous, Frag: 1% external, 0% internal; Reserve: 412M, Max: 4096K
[80.102s][info][gc,stats    ] 
[80.102s][info][gc,stats    ] All times are wall-clock times, except per-root-class counters, that are sum over
[80.102s][info][gc,stats    ] all workers. Dividing the <total> over the root stage time estimates parallelism.
[80.102s][info][gc,stats    ] 
[80.102s][info][gc,stats    ] Concurrent Reset                    375 us
[80.102s][info][gc,stats    ] Pause Init Mark (G)               47085 us
[80.102s][info][gc,stats    ] Pause Init Mark (N)                  97 us
[80.102s][info][gc,stats    ]   Update Region States               20 us
[80.102s][info][gc,stats    ] Concurrent Mark Roots               834 us, parallelism: 0.77x
[80.102s][info][gc,stats    ]   CMR: <total>                      642 us
[80.102s][info][gc,stats    ]   CMR: Thread Roots                 583 us, workers (us): 583, ---, ---, 
[80.102s][info][gc,stats    ]   CMR: VM Strong Roots                7 us, workers (us):   7, ---, ---, 
[80.102s][info][gc,stats    ]   CMR: CLDG Roots                    52 us, workers (us):  52, ---, ---, 
[80.102s][info][gc,stats    ] Concurrent Marking                30497 us
[80.102s][info][gc,stats    ] Pause Final Mark (G)                396 us
[80.102s][info][gc,stats    ] Pause Final Mark (N)                220 us
[80.102s][info][gc,stats    ]   Finish Mark                        55 us
[80.102s][info][gc,stats    ]   Update Region States               38 us
[80.102s][info][gc,stats    ]   Choose Collection Set              74 us
[80.102s][info][gc,stats    ]   Rebuild Free Set                    8 us
[80.102s][info][gc,stats    ] Concurrent Thread Roots             640 us, parallelism: 0.89x
[80.102s][info][gc,stats    ]   CTR: <total>                      570 us
[80.102s][info][gc,stats    ]   CTR: Thread Roots                 570 us, workers (us): 570, ---, ---, 
[80.102s][info][gc,stats    ] Concurrent Weak References           80 us, parallelism: 0.23x
[80.102s][info][gc,stats    ]   CWRF: <total>                      18 us
[80.102s][info][gc,stats    ]   CWRF: Weak References              18 us, workers (us):  18, ---, ---, 
[80.102s][info][gc,stats    ] Concurrent Weak Roots             14258 us
[80.102s][info][gc,stats    ]   Roots                            1111 us, parallelism: 0.97x
[80.102s][info][gc,stats    ]     CWR: <total>                   1073 us
[80.102s][info][gc,stats    ]     CWR: Code Cache Roots           880 us, workers (us): 880, ---, ---, 
[80.102s][info][gc,stats    ]     CWR: VM Weak Roots              182 us, workers (us): 182, ---, ---, 
[80.102s][info][gc,stats    ]     CWR: CLDG Roots                  11 us, workers (us):  11, ---, ---, 
[80.102s][info][gc,stats    ]   Rendezvous                      13026 us
[80.102s][info][gc,stats    ] Concurrent Cleanup                   67 us
[80.102s][info][gc,stats    ] Concurrent Class Unloading        15951 us
[80.102s][info][gc,stats    ]   Unlink Stale                     3534 us
[80.102s][info][gc,stats    ]     System Dictionary                23 us
[80.102s][info][gc,stats    ]     Weak Class Links                  0 us
[80.102s][info][gc,stats    ]     Code Roots                     3509 us
[80.102s][info][gc,stats    ]   Rendezvous                      11989 us
[80.102s][info][gc,stats    ]   Purge Unlinked                    340 us
[80.102s][info][gc,stats    ]     Code Roots                      330 us
[80.102s][info][gc,stats    ]     CLDG                              9 us
[80.102s][info][gc,stats    ]     Exception Caches                  0 us
[80.102s][info][gc,stats    ] Concurrent Strong Roots             127 us, parallelism: 0.42x
[80.102s][info][gc,stats    ]   CSR: <total>                       53 us
[80.102s][info][gc,stats    ]   CSR: VM Strong Roots                4 us, workers (us):   4, ---, ---, 
[80.102s][info][gc,stats    ]   CSR: CLDG Roots                    49 us, workers (us):  49, ---, ---, 
[80.102s][info][gc,stats    ] Concurrent Evacuation              1154 us
[80.102s][info][gc,stats    ] Pause Init Update Refs (G)        14424 us
[80.102s][info][gc,stats    ] Pause Init Update Refs (N)           78 us
[80.102s][info][gc,stats    ]   Manage GCLABs                       3 us
[80.102s][info][gc,stats    ] Concurrent Update Refs           175299 us
[80.102s][info][gc,stats    ] Concurrent Update Thread Roots     1571 us
[80.102s][info][gc,stats    ] Pause Final Update Refs (G)       27617 us
[80.102s][info][gc,stats    ] Pause Final Update Refs (N)         133 us
[80.102s][info][gc,stats    ]   Update Region States               41 us
[80.102s][info][gc,stats    ]   Trash Collection Set                4 us
[80.102s][info][gc,stats    ]   Rebuild Free Set                   19 us
[80.102s][info][gc,stats    ] Concurrent Cleanup                  141 us
[80.102s][info][gc,stats    ] 
[80.102s][info][gc,stats    ] Allocation pacing accrued:
[80.102s][info][gc,stats    ]       0 of  1836 ms (  0.0%): <total>
[80.102s][info][gc,stats    ]       0 of  1836 ms (  0.0%): <average total>
[80.102s][info][gc,stats    ] 
[80.102s][info][gc,metaspace] Metaspace: 16428K(16704K)->16428K(16704K) NonClass: 14080K(14208K)->14080K(14208K) Class: 2348K(2496K)->2348K(2496K)
[80.102s][info][gc,ergo     ] Pacer for Idle. Initial: 163M, Alloc Tax Rate: 1.0x
[80.227s][info][gc          ] Trigger: Average GC time (1242.31 ms) is above the time for average allocation rate (4537 MB/s) to deplete free headroom (5408M) (margin of error = 1.79)
[80.227s][info][gc,ergo     ] Free headroom: 5817M (free) - 409M (spike) - 0B (penalties) = 5408M
[80.227s][info][gc,ergo     ] Free: 5814M, Max: 4096K regular, 5800M humongous, Frag: 0% external, 0% internal; Reserve: 412M, Max: 4096K
[80.227s][info][gc,start    ] GC(36) Concurrent reset
[80.227s][info][gc,task     ] GC(36) Using 1 of 3 workers for concurrent reset
[80.227s][info][gc,ergo     ] GC(36) Pacer for Reset. Non-Taxable: 8192M
[80.228s][info][gc          ] GC(36) Concurrent reset 1.198ms
[80.228s][info][gc,start    ] GC(36) Pause Init Mark (unload classes)
[80.228s][info][gc,task     ] GC(36) Using 3 of 3 workers for init marking
[80.229s][info][gc,ergo     ] GC(36) Pacer for Mark. Expected Live: 61840K, Free: 5810M, Non-Taxable: 581M, Alloc Tax Rate: 0.0x
[80.229s][info][gc          ] GC(36) Pause Init Mark (unload classes) 0.122ms
[80.243s][info][gc,start    ] GC(36) Concurrent marking roots
[80.243s][info][gc,task     ] GC(36) Using 1 of 3 workers for concurrent marking roots
[80.244s][info][gc          ] GC(36) Concurrent marking roots 0.818ms
[80.244s][info][gc,start    ] GC(36) Concurrent marking (unload classes)
[80.244s][info][gc,task     ] GC(36) Using 1 of 3 workers for concurrent marking
[80.258s][info][gc          ] GC(36) Concurrent marking (unload classes) 14.764ms
[80.259s][info][gc,start    ] GC(36) Pause Final Mark (unload classes)
[80.259s][info][gc,task     ] GC(36) Using 3 of 3 workers for final marking
[80.259s][info][gc,ergo     ] GC(36) Collectable Garbage: 1880M (95%), Immediate: 1880M (95%), CSet: 0B (0%)
[80.259s][info][gc          ] GC(36) Pause Final Mark (unload classes) 0.248ms
[80.272s][info][gc,start    ] GC(36) Concurrent weak references
[80.272s][info][gc,task     ] GC(36) Using 1 of 3 workers for concurrent weak references
[80.272s][info][gc,ref      ] GC(36) Encountered references: Soft: 173, Weak: 988, Final: 0, Phantom: 41
[80.272s][info][gc,ref      ] GC(36) Discovered  references: Soft: 0, Weak: 201, Final: 0, Phantom: 24
[80.272s][info][gc,ref      ] GC(36) Enqueued    references: Soft: 0, Weak: 0, Final: 0, Phantom: 0
[80.272s][info][gc          ] GC(36) Concurrent weak references 0.170ms
[80.272s][info][gc,start    ] GC(36) Concurrent weak roots
[80.272s][info][gc,task     ] GC(36) Using 1 of 3 workers for concurrent weak root
[80.277s][info][gc          ] GC(36) Concurrent weak roots 4.970ms
[80.278s][info][gc,start    ] GC(36) Concurrent cleanup
[80.278s][info][gc          ] GC(36) Concurrent cleanup 2197M->317M(8192M) 0.097ms
[80.278s][info][gc,ergo     ] GC(36) Free: 7462M, Max: 4096K regular, 5568M humongous, Frag: 26% external, 0% internal; Reserve: 412M, Max: 4096K
[80.278s][info][gc,start    ] GC(36) Concurrent class unloading
[80.278s][info][gc,task     ] GC(36) Using 1 of 3 workers for concurrent class unloading
[80.281s][info][gc          ] GC(36) Concurrent class unloading 3.354ms
[80.281s][info][gc,start    ] GC(36) Pause Final Roots
[80.281s][info][gc          ] GC(36) Pause Final Roots 0.023ms
[80.281s][info][gc,ergo     ] Free: 7455M, Max: 4096K regular, 5568M humongous, Frag: 26% external, 0% internal; Reserve: 412M, Max: 4096K
[80.281s][info][gc,stats    ] 
[80.281s][info][gc,stats    ] All times are wall-clock times, except per-root-class counters, that are sum over
[80.281s][info][gc,stats    ] all workers. Dividing the <total> over the root stage time estimates parallelism.
[80.281s][info][gc,stats    ] 
[80.281s][info][gc,stats    ] Concurrent Reset                   1223 us
[80.281s][info][gc,stats    ] Pause Init Mark (G)               14516 us
[80.281s][info][gc,stats    ] Pause Init Mark (N)                 132 us
[80.281s][info][gc,stats    ]   Update Region States               45 us
[80.281s][info][gc,stats    ] Concurrent Mark Roots               846 us, parallelism: 0.76x
[80.281s][info][gc,stats    ]   CMR: <total>                      641 us
[80.281s][info][gc,stats    ]   CMR: Thread Roots                 583 us, workers (us): 583, ---, ---, 
[80.281s][info][gc,stats    ]   CMR: VM Strong Roots                7 us, workers (us):   7, ---, ---, 
[80.281s][info][gc,stats    ]   CMR: CLDG Roots                    50 us, workers (us):  50, ---, ---, 
[80.281s][info][gc,stats    ] Concurrent Marking                14860 us
[80.281s][info][gc,stats    ] Pause Final Mark (G)              13755 us
[80.281s][info][gc,stats    ] Pause Final Mark (N)                258 us
[80.281s][info][gc,stats    ]   Finish Mark                        65 us
[80.281s][info][gc,stats    ]   Update Region States               48 us
[80.281s][info][gc,stats    ]   Choose Collection Set              54 us
[80.281s][info][gc,stats    ]   Rebuild Free Set                    8 us
[80.281s][info][gc,stats    ] Concurrent Weak References          180 us, parallelism: 0.12x
[80.281s][info][gc,stats    ]   CWRF: <total>                      22 us
[80.281s][info][gc,stats    ]   CWRF: Weak References              22 us, workers (us):  22, ---, ---, 
[80.281s][info][gc,stats    ] Concurrent Weak Roots              5059 us
[80.281s][info][gc,stats    ]   Roots                            1418 us, parallelism: 0.97x
[80.281s][info][gc,stats    ]     CWR: <total>                   1372 us
[80.281s][info][gc,stats    ]     CWR: Code Cache Roots          1189 us, workers (us): 1189, ---, ---, 
[80.281s][info][gc,stats    ]     CWR: VM Weak Roots              168 us, workers (us): 168, ---, ---, 
[80.281s][info][gc,stats    ]     CWR: CLDG Roots                  15 us, workers (us):  15, ---, ---, 
[80.281s][info][gc,stats    ]   Rendezvous                       3529 us
[80.281s][info][gc,stats    ] Concurrent Cleanup                  107 us
[80.281s][info][gc,stats    ] Concurrent Class Unloading         3404 us
[80.281s][info][gc,stats    ]   Unlink Stale                     3047 us
[80.281s][info][gc,stats    ]     System Dictionary                16 us
[80.281s][info][gc,stats    ]     Weak Class Links                  0 us
[80.281s][info][gc,stats    ]     Code Roots                     3029 us
[80.281s][info][gc,stats    ]   Rendezvous                         51 us
[80.281s][info][gc,stats    ]   Purge Unlinked                    235 us
[80.281s][info][gc,stats    ]     Code Roots                      231 us
[80.281s][info][gc,stats    ]     CLDG                              4 us
[80.281s][info][gc,stats    ]     Exception Caches                  0 us
[80.281s][info][gc,stats    ] Pause Final Roots (G)                78 us
[80.281s][info][gc,stats    ] Pause Final Roots (N)                32 us
[80.281s][info][gc,stats    ] 
[80.281s][info][gc,stats    ] Allocation pacing accrued:
[80.282s][info][gc,stats    ]       0 of   179 ms (  0.0%): <total>
[80.282s][info][gc,stats    ]       0 of   179 ms (  0.0%): <average total>
[80.282s][info][gc,stats    ] 
[80.282s][info][gc,metaspace] Metaspace: 16428K(16704K)->16429K(16704K) NonClass: 14080K(14208K)->14080K(14208K) Class: 2348K(2496K)->2348K(2496K)
[80.282s][info][gc,ergo     ] Pacer for Idle. Initial: 163M, Alloc Tax Rate: 1.0x
[84.237s][info][gc          ] Trigger: Learning 4 of 5. Free (5727M) is below initial threshold (5734M)
[84.238s][info][gc,ergo     ] Free: 5727M, Max: 4096K regular, 5568M humongous, Frag: 3% external, 0% internal; Reserve: 412M, Max: 4096K
[84.238s][info][gc,start    ] GC(37) Concurrent reset
[84.238s][info][gc,task     ] GC(37) Using 1 of 3 workers for concurrent reset
[84.238s][info][gc,ergo     ] GC(37) Pacer for Reset. Non-Taxable: 8192M
[84.238s][info][gc          ] GC(37) Concurrent reset 0.735ms
[84.238s][info][gc,start    ] GC(37) Pause Init Mark (unload classes)
[84.239s][info][gc,task     ] GC(37) Using 3 of 3 workers for init marking
[84.239s][info][gc,ergo     ] GC(37) Pacer for Mark. Expected Live: 61834K, Free: 5727M, Non-Taxable: 572M, Alloc Tax Rate: 0.0x
[84.239s][info][gc          ] GC(37) Pause Init Mark (unload classes) 0.158ms
[84.239s][info][gc,start    ] GC(37) Concurrent marking roots
[84.239s][info][gc,task     ] GC(37) Using 1 of 3 workers for concurrent marking roots
[84.239s][info][gc          ] GC(37) Concurrent marking roots 0.708ms
[84.239s][info][gc,start    ] GC(37) Concurrent marking (unload classes)
[84.239s][info][gc,task     ] GC(37) Using 1 of 3 workers for concurrent marking
[85.037s][info][gc          ] GC(37) Concurrent marking (unload classes) 797.543ms
[85.037s][info][gc,start    ] GC(37) Pause Final Mark (unload classes)
[85.037s][info][gc,task     ] GC(37) Using 3 of 3 workers for final marking
[85.037s][info][gc,ergo     ] GC(37) Adaptive CSet Selection. Target Free: 1160M, Actual Free: 6704M, Max CSet: 341M, Min Garbage: 0B
[85.037s][info][gc,ergo     ] GC(37) Collectable Garbage: 1540M (94%), Immediate: 1016M (62%), CSet: 524M (32%)
[85.037s][info][gc,ergo     ] GC(37) Pacer for Evacuation. Used CSet: 864M, Free: 6306M, Non-Taxable: 630M, Alloc Tax Rate: 1.1x
[85.037s][info][gc          ] GC(37) Pause Final Mark (unload classes) 0.321ms
[85.037s][info][gc,start    ] GC(37) Concurrent thread roots
[85.038s][info][gc,task     ] GC(37) Using 1 of 3 workers for Concurrent thread roots
[85.038s][info][gc          ] GC(37) Concurrent thread roots 0.592ms
[85.038s][info][gc,start    ] GC(37) Concurrent weak references
[85.038s][info][gc,task     ] GC(37) Using 1 of 3 workers for concurrent weak references
[85.038s][info][gc,ref      ] GC(37) Encountered references: Soft: 173, Weak: 992, Final: 0, Phantom: 41
[85.038s][info][gc,ref      ] GC(37) Discovered  references: Soft: 0, Weak: 206, Final: 0, Phantom: 24
[85.038s][info][gc,ref      ] GC(37) Enqueued    references: Soft: 0, Weak: 3, Final: 0, Phantom: 0
[85.038s][info][gc          ] GC(37) Concurrent weak references 0.083ms
[85.038s][info][gc,start    ] GC(37) Concurrent weak roots
[85.038s][info][gc,task     ] GC(37) Using 1 of 3 workers for concurrent weak root
[85.039s][info][gc          ] GC(37) Concurrent weak roots 0.917ms
[85.039s][info][gc,start    ] GC(37) Concurrent cleanup
[85.039s][info][gc          ] GC(37) Concurrent cleanup 2490M->1477M(8192M) 0.038ms
[85.039s][info][gc,ergo     ] GC(37) Free: 6302M, Max: 4096K regular, 5276M humongous, Frag: 17% external, 0% internal; Reserve: 411M, Max: 4096K
[85.039s][info][gc,start    ] GC(37) Concurrent class unloading
[85.039s][info][gc,task     ] GC(37) Using 1 of 3 workers for concurrent class unloading
[85.042s][info][gc          ] GC(37) Concurrent class unloading 3.000ms
[85.042s][info][gc,start    ] GC(37) Concurrent strong roots
[85.042s][info][gc,task     ] GC(37) Using 1 of 3 workers for concurrent strong root
[85.042s][info][gc          ] GC(37) Concurrent strong roots 0.097ms
[85.042s][info][gc,start    ] GC(37) Concurrent evacuation
[85.042s][info][gc,task     ] GC(37) Using 1 of 3 workers for concurrent evacuation
[85.334s][info][gc          ] GC(37) Concurrent evacuation 291.870ms
[85.334s][info][gc,start    ] GC(37) Pause Init Update Refs
[85.334s][info][gc,ergo     ] GC(37) Pacer for Update Refs. Used: 1965M, Free: 6158M, Non-Taxable: 615M, Alloc Tax Rate: 1.1x
[85.334s][info][gc          ] GC(37) Pause Init Update Refs 0.084ms
[85.335s][info][gc,start    ] GC(37) Concurrent update references
[85.335s][info][gc,task     ] GC(37) Using 1 of 3 workers for concurrent reference update
[86.264s][info][gc          ] GC(37) Concurrent update references 929.311ms
[86.264s][info][gc,start    ] GC(37) Concurrent update thread roots
[86.264s][info][gc          ] GC(37) Concurrent update thread roots 0.549ms
[86.265s][info][gc,start    ] GC(37) Pause Final Update Refs
[86.265s][info][gc,task     ] GC(37) Using 3 of 3 workers for final reference update
[86.265s][info][gc          ] GC(37) Pause Final Update Refs 0.169ms
[86.265s][info][gc,start    ] GC(37) Concurrent cleanup
[86.265s][info][gc          ] GC(37) Concurrent cleanup 2041M->1177M(8192M) 0.047ms
[86.265s][info][gc,ergo     ] Free: 6602M, Max: 4096K regular, 4932M humongous, Frag: 26% external, 0% internal; Reserve: 412M, Max: 4096K
[86.265s][info][gc,stats    ] 
[86.265s][info][gc,stats    ] All times are wall-clock times, except per-root-class counters, that are sum over
[86.265s][info][gc,stats    ] all workers. Dividing the <total> over the root stage time estimates parallelism.
[86.265s][info][gc,stats    ] 
[86.265s][info][gc,stats    ] Concurrent Reset                    804 us
[86.265s][info][gc,stats    ] Pause Init Mark (G)                 317 us
[86.265s][info][gc,stats    ] Pause Init Mark (N)                 175 us
[86.265s][info][gc,stats    ]   Update Region States               52 us
[86.265s][info][gc,stats    ] Concurrent Mark Roots               728 us, parallelism: 0.84x
[86.265s][info][gc,stats    ]   CMR: <total>                      613 us
[86.265s][info][gc,stats    ]   CMR: Thread Roots                 574 us, workers (us): 574, ---, ---, 
[86.265s][info][gc,stats    ]   CMR: VM Strong Roots                5 us, workers (us):   5, ---, ---, 
[86.265s][info][gc,stats    ]   CMR: CLDG Roots                    35 us, workers (us):  35, ---, ---, 
[86.265s][info][gc,stats    ] Concurrent Marking               797610 us
[86.265s][info][gc,stats    ] Pause Final Mark (G)                458 us
[86.265s][info][gc,stats    ] Pause Final Mark (N)                329 us
[86.265s][info][gc,stats    ]   Finish Mark                       106 us
[86.265s][info][gc,stats    ]   Update Region States               57 us
[86.265s][info][gc,stats    ]   Choose Collection Set              63 us
[86.265s][info][gc,stats    ]   Rebuild Free Set                    8 us
[86.265s][info][gc,stats    ] Concurrent Thread Roots             610 us, parallelism: 0.87x
[86.265s][info][gc,stats    ]   CTR: <total>                      530 us
[86.265s][info][gc,stats    ]   CTR: Thread Roots                 530 us, workers (us): 530, ---, ---, 
[86.265s][info][gc,stats    ] Concurrent Weak References           90 us, parallelism: 0.15x
[86.265s][info][gc,stats    ]   CWRF: <total>                      14 us
[86.265s][info][gc,stats    ]   CWRF: Weak References              14 us, workers (us):  14, ---, ---, 
[86.265s][info][gc,stats    ] Concurrent Weak Roots               943 us
[86.265s][info][gc,stats    ]   Roots                             846 us, parallelism: 0.96x
[86.265s][info][gc,stats    ]     CWR: <total>                    811 us
[86.265s][info][gc,stats    ]     CWR: Code Cache Roots           675 us, workers (us): 675, ---, ---, 
[86.265s][info][gc,stats    ]     CWR: VM Weak Roots              127 us, workers (us): 127, ---, ---, 
[86.265s][info][gc,stats    ]     CWR: CLDG Roots                   9 us, workers (us):   9, ---, ---, 
[86.265s][info][gc,stats    ]   Rendezvous                         55 us
[86.265s][info][gc,stats    ] Concurrent Cleanup                   46 us
[86.265s][info][gc,stats    ] Concurrent Class Unloading         3037 us
[86.265s][info][gc,stats    ]   Unlink Stale                     2713 us
[86.265s][info][gc,stats    ]     System Dictionary                 8 us
[86.265s][info][gc,stats    ]     Weak Class Links                  0 us
[86.265s][info][gc,stats    ]     Code Roots                     2703 us
[86.265s][info][gc,stats    ]   Rendezvous                         98 us
[86.265s][info][gc,stats    ]   Purge Unlinked                    172 us
[86.265s][info][gc,stats    ]     Code Roots                      163 us
[86.265s][info][gc,stats    ]     CLDG                              8 us
[86.265s][info][gc,stats    ]     Exception Caches                  0 us
[86.265s][info][gc,stats    ] Concurrent Strong Roots             117 us, parallelism: 0.29x
[86.265s][info][gc,stats    ]   CSR: <total>                       34 us
[86.265s][info][gc,stats    ]   CSR: VM Strong Roots                3 us, workers (us):   3, ---, ---, 
[86.265s][info][gc,stats    ]   CSR: CLDG Roots                    31 us, workers (us):  31, ---, ---, 
[86.265s][info][gc,stats    ] Concurrent Evacuation            291941 us
[86.265s][info][gc,stats    ] Pause Init Update Refs (G)          247 us
[86.265s][info][gc,stats    ] Pause Init Update Refs (N)          101 us
[86.265s][info][gc,stats    ]   Manage GCLABs                       4 us
[86.265s][info][gc,stats    ] Concurrent Update Refs           929376 us
[86.265s][info][gc,stats    ] Concurrent Update Thread Roots      591 us
[86.265s][info][gc,stats    ] Pause Final Update Refs (G)         389 us
[86.265s][info][gc,stats    ] Pause Final Update Refs (N)         206 us
[86.265s][info][gc,stats    ]   Update Region States               80 us
[86.265s][info][gc,stats    ]   Trash Collection Set                6 us
[86.265s][info][gc,stats    ]   Rebuild Free Set                   21 us
[86.265s][info][gc,stats    ] Concurrent Cleanup                   57 us
[86.265s][info][gc,stats    ] 
[86.265s][info][gc,stats    ] Allocation pacing accrued:
[86.265s][info][gc,stats    ]       0 of  5984 ms (  0.0%): <total>
[86.265s][info][gc,stats    ]       0 of  5984 ms (  0.0%): <average total>
[86.265s][info][gc,stats    ] 
[86.265s][info][gc,metaspace] Metaspace: 16429K(16704K)->16429K(16704K) NonClass: 14080K(14208K)->14080K(14208K) Class: 2348K(2496K)->2348K(2496K)
[86.265s][info][gc,ergo     ] Pacer for Idle. Initial: 163M, Alloc Tax Rate: 1.0x
[86.295s][info][gc          ] Trigger: Explicit GC request (System.gc())
[86.295s][info][gc,ergo     ] Free: 6599M, Max: 4096K regular, 4932M humongous, Frag: 26% external, 0% internal; Reserve: 412M, Max: 4096K
[86.295s][info][gc,start    ] GC(38) Concurrent reset
[86.295s][info][gc,task     ] GC(38) Using 1 of 3 workers for concurrent reset
[86.295s][info][gc,ergo     ] GC(38) Pacer for Reset. Non-Taxable: 8192M
[86.299s][info][gc          ] GC(38) Concurrent reset 4.385ms
[86.299s][info][gc,start    ] GC(38) Pause Init Mark (unload classes)
[86.299s][info][gc,task     ] GC(38) Using 3 of 3 workers for init marking
[86.299s][info][gc,ref      ] GC(38) Clearing All SoftReferences
[86.299s][info][gc,ergo     ] GC(38) Pacer for Mark. Expected Live: 143M, Free: 6599M, Non-Taxable: 659M, Alloc Tax Rate: 0.0x
[86.299s][info][gc          ] GC(38) Pause Init Mark (unload classes) 0.143ms
[86.299s][info][gc,start    ] GC(38) Concurrent marking roots
[86.299s][info][gc,task     ] GC(38) Using 1 of 3 workers for concurrent marking roots
[86.300s][info][gc          ] GC(38) Concurrent marking roots 0.565ms
[86.300s][info][gc,start    ] GC(38) Concurrent marking (unload classes)
[86.300s][info][gc,task     ] GC(38) Using 1 of 3 workers for concurrent marking
[86.305s][info][gc          ] GC(38) Concurrent marking (unload classes) 4.799ms
[86.305s][info][gc,start    ] GC(38) Pause Final Mark (unload classes)
[86.305s][info][gc,task     ] GC(38) Using 3 of 3 workers for final marking
[86.305s][info][gc,ergo     ] GC(38) Collectable Garbage: 1159M (98%), Immediate: 1159M (98%), CSet: 0B (0%)
[86.305s][info][gc          ] GC(38) Pause Final Mark (unload classes) 0.316ms
[86.305s][info][gc,start    ] GC(38) Concurrent weak references
[86.305s][info][gc,task     ] GC(38) Using 1 of 3 workers for concurrent weak references
[86.305s][info][gc,ref      ] GC(38) Encountered references: Soft: 172, Weak: 989, Final: 0, Phantom: 41
[86.305s][info][gc,ref      ] GC(38) Discovered  references: Soft: 108, Weak: 219, Final: 0, Phantom: 24
[86.305s][info][gc,ref      ] GC(38) Enqueued    references: Soft: 4, Weak: 6, Final: 0, Phantom: 0
[86.305s][info][gc          ] GC(38) Concurrent weak references 0.111ms
[86.305s][info][gc,start    ] GC(38) Concurrent weak roots
[86.305s][info][gc,task     ] GC(38) Using 1 of 3 workers for concurrent weak root
[86.306s][info][gc          ] GC(38) Concurrent weak roots 0.871ms
[86.306s][info][gc,start    ] GC(38) Concurrent cleanup
[86.306s][info][gc          ] GC(38) Concurrent cleanup 1180M->21M(8192M) 0.041ms
[86.306s][info][gc,ergo     ] GC(38) Free: 7758M, Max: 4096K regular, 7608M humongous, Frag: 2% external, 0% internal; Reserve: 412M, Max: 4096K
[86.306s][info][gc,start    ] GC(38) Concurrent class unloading
[86.306s][info][gc,task     ] GC(38) Using 1 of 3 workers for concurrent class unloading
[86.312s][info][gc          ] GC(38) Concurrent class unloading 5.780ms
[86.312s][info][gc,start    ] GC(38) Pause Final Roots
[86.312s][info][gc          ] GC(38) Pause Final Roots 0.038ms
[86.312s][info][gc,ergo     ] Free: 7758M, Max: 4096K regular, 7608M humongous, Frag: 2% external, 0% internal; Reserve: 412M, Max: 4096K
[86.312s][info][gc,stats    ] 
[86.312s][info][gc,stats    ] All times are wall-clock times, except per-root-class counters, that are sum over
[86.312s][info][gc,stats    ] all workers. Dividing the <total> over the root stage time estimates parallelism.
[86.312s][info][gc,stats    ] 
[86.312s][info][gc,stats    ] Concurrent Reset                   4446 us
[86.312s][info][gc,stats    ] Pause Init Mark (G)                 243 us
[86.312s][info][gc,stats    ] Pause Init Mark (N)                 152 us
[86.312s][info][gc,stats    ]   Update Region States               68 us
[86.312s][info][gc,stats    ] Concurrent Mark Roots               575 us, parallelism: 0.86x
[86.312s][info][gc,stats    ]   CMR: <total>                      495 us
[86.312s][info][gc,stats    ]   CMR: Thread Roots                 446 us, workers (us): 446, ---, ---, 
[86.312s][info][gc,stats    ]   CMR: VM Strong Roots                5 us, workers (us):   5, ---, ---, 
[86.312s][info][gc,stats    ]   CMR: CLDG Roots                    44 us, workers (us):  44, ---, ---, 
[86.312s][info][gc,stats    ] Concurrent Marking                 4823 us
[86.312s][info][gc,stats    ] Pause Final Mark (G)                404 us
[86.312s][info][gc,stats    ] Pause Final Mark (N)                341 us
[86.312s][info][gc,stats    ]   Finish Mark                        87 us
[86.312s][info][gc,stats    ]   Update Region States               53 us
[86.312s][info][gc,stats    ]   Choose Collection Set              76 us
[86.312s][info][gc,stats    ]   Rebuild Free Set                   21 us
[86.312s][info][gc,stats    ] Concurrent Weak References          118 us, parallelism: 0.09x
[86.312s][info][gc,stats    ]   CWRF: <total>                      11 us
[86.312s][info][gc,stats    ]   CWRF: Weak References              11 us, workers (us):  11, ---, ---, 
[86.312s][info][gc,stats    ] Concurrent Weak Roots               883 us
[86.312s][info][gc,stats    ]   Roots                             763 us, parallelism: 0.95x
[86.312s][info][gc,stats    ]     CWR: <total>                    725 us
[86.312s][info][gc,stats    ]     CWR: Code Cache Roots           596 us, workers (us): 596, ---, ---, 
[86.312s][info][gc,stats    ]     CWR: VM Weak Roots              121 us, workers (us): 121, ---, ---, 
[86.312s][info][gc,stats    ]     CWR: CLDG Roots                   7 us, workers (us):   7, ---, ---, 
[86.312s][info][gc,stats    ]   Rendezvous                         93 us
[86.312s][info][gc,stats    ] Concurrent Cleanup                   49 us
[86.312s][info][gc,stats    ] Concurrent Class Unloading         5817 us
[86.312s][info][gc,stats    ]   Unlink Stale                     5490 us
[86.312s][info][gc,stats    ]     System Dictionary                62 us
[86.312s][info][gc,stats    ]     Weak Class Links               1729 us
[86.312s][info][gc,stats    ]     Code Roots                     3698 us
[86.312s][info][gc,stats    ]   Rendezvous                         49 us
[86.312s][info][gc,stats    ]   Purge Unlinked                    225 us
[86.312s][info][gc,stats    ]     Code Roots                      207 us
[86.312s][info][gc,stats    ]     CLDG                             17 us
[86.312s][info][gc,stats    ]     Exception Caches                  0 us
[86.312s][info][gc,stats    ] Pause Final Roots (G)                94 us
[86.312s][info][gc,stats    ] Pause Final Roots (N)                47 us
[86.313s][info][gc,stats    ] 
[86.313s][info][gc,stats    ] Allocation pacing accrued:
[86.313s][info][gc,stats    ]       0 of    47 ms (  0.0%): <total>
[86.313s][info][gc,stats    ]       0 of    47 ms (  0.0%): <average total>
[86.313s][info][gc,stats    ] 
[86.313s][info][gc,metaspace] Metaspace: 16429K(16704K)->16425K(16704K) NonClass: 14080K(14208K)->14077K(14208K) Class: 2348K(2496K)->2347K(2496K)
[86.313s][info][gc,ergo     ] Pacer for Idle. Initial: 163M, Alloc Tax Rate: 1.0x
[87.943s][info][gc          ] Trigger: Average GC time (2112.07 ms) is above the time for instantaneous allocation rate (5467 MB/s) to deplete free headroom (6660M) (spike threshold = 1.74)
[87.943s][info][gc,ergo     ] Free: 7069M, Max: 4096K regular, 7056M humongous, Frag: 0% external, 0% internal; Reserve: 412M, Max: 4096K
[87.943s][info][gc,start    ] GC(39) Concurrent reset
[87.943s][info][gc,task     ] GC(39) Using 1 of 3 workers for concurrent reset
[87.943s][info][gc,ergo     ] GC(39) Pacer for Reset. Non-Taxable: 8192M
[87.943s][info][gc          ] GC(39) Concurrent reset 0.259ms
[87.944s][info][gc,start    ] GC(39) Pause Init Mark (unload classes)
[87.944s][info][gc,task     ] GC(39) Using 3 of 3 workers for init marking
[87.944s][info][gc,ergo     ] GC(39) Pacer for Mark. Expected Live: 89561K, Free: 7066M, Non-Taxable: 706M, Alloc Tax Rate: 0.0x
[87.944s][info][gc          ] GC(39) Pause Init Mark (unload classes) 0.135ms
[87.975s][info][gc,start    ] GC(39) Concurrent marking roots
[87.975s][info][gc,task     ] GC(39) Using 1 of 3 workers for concurrent marking roots
[87.975s][info][gc          ] GC(39) Concurrent marking roots 0.802ms
[87.975s][info][gc,start    ] GC(39) Concurrent marking (unload classes)
[87.975s][info][gc,task     ] GC(39) Using 1 of 3 workers for concurrent marking
[87.990s][info][gc          ] GC(39) Concurrent marking (unload classes) 14.533ms
[87.990s][info][gc,start    ] GC(39) Pause Final Mark (unload classes)
[87.990s][info][gc,task     ] GC(39) Using 3 of 3 workers for final marking
[87.990s][info][gc,ergo     ] GC(39) Adaptive CSet Selection. Target Free: 1160M, Actual Free: 7796M, Max CSet: 341M, Min Garbage: 0B
[87.990s][info][gc,ergo     ] GC(39) Collectable Garbage: 707M (99%), Immediate: 552M (77%), CSet: 155M (21%)
[87.990s][info][gc,ergo     ] GC(39) Pacer for Evacuation. Used CSet: 156M, Free: 7397M, Non-Taxable: 739M, Alloc Tax Rate: 1.1x
[87.990s][info][gc          ] GC(39) Pause Final Mark (unload classes) 0.248ms
[88.006s][info][gc,start    ] GC(39) Concurrent thread roots
[88.006s][info][gc,task     ] GC(39) Using 1 of 3 workers for Concurrent thread roots
[88.007s][info][gc          ] GC(39) Concurrent thread roots 0.700ms
[88.007s][info][gc,start    ] GC(39) Concurrent weak references
[88.007s][info][gc,task     ] GC(39) Using 1 of 3 workers for concurrent weak references
[88.007s][info][gc,ref      ] GC(39) Encountered references: Soft: 173, Weak: 995, Final: 0, Phantom: 41
[88.007s][info][gc,ref      ] GC(39) Discovered  references: Soft: 0, Weak: 206, Final: 0, Phantom: 24
[88.007s][info][gc,ref      ] GC(39) Enqueued    references: Soft: 0, Weak: 4, Final: 0, Phantom: 0
[88.007s][info][gc          ] GC(39) Concurrent weak references 0.089ms
[88.007s][info][gc,start    ] GC(39) Concurrent weak roots
[88.007s][info][gc,task     ] GC(39) Using 1 of 3 workers for concurrent weak root
[88.013s][info][gc          ] GC(39) Concurrent weak roots 6.480ms
[88.013s][info][gc,start    ] GC(39) Concurrent cleanup
[88.013s][info][gc          ] GC(39) Concurrent cleanup 1022M->470M(8192M) 0.056ms
[88.013s][info][gc,ergo     ] GC(39) Free: 7309M, Max: 4096K regular, 6744M humongous, Frag: 8% external, 0% internal; Reserve: 411M, Max: 4096K
[88.013s][info][gc,start    ] GC(39) Concurrent class unloading
[88.013s][info][gc,task     ] GC(39) Using 1 of 3 workers for concurrent class unloading
[88.022s][info][gc          ] GC(39) Concurrent class unloading 8.491ms
[88.022s][info][gc,start    ] GC(39) Concurrent strong roots
[88.022s][info][gc,task     ] GC(39) Using 1 of 3 workers for concurrent strong root
[88.022s][info][gc          ] GC(39) Concurrent strong roots 0.095ms
[88.022s][info][gc,start    ] GC(39) Concurrent evacuation
[88.022s][info][gc,task     ] GC(39) Using 1 of 3 workers for concurrent evacuation
[88.023s][info][gc          ] GC(39) Concurrent evacuation 1.340ms
[88.024s][info][gc,start    ] GC(39) Pause Init Update Refs
[88.024s][info][gc,ergo     ] GC(39) Pacer for Update Refs. Used: 506M, Free: 7274M, Non-Taxable: 727M, Alloc Tax Rate: 1.1x
[88.024s][info][gc          ] GC(39) Pause Init Update Refs 0.044ms
[88.037s][info][gc,start    ] GC(39) Concurrent update references
[88.037s][info][gc,task     ] GC(39) Using 1 of 3 workers for concurrent reference update
[88.133s][info][gc          ] GC(39) Concurrent update references 95.889ms
[88.133s][info][gc,start    ] GC(39) Concurrent update thread roots
[88.137s][info][gc          ] GC(39) Concurrent update thread roots 3.450ms
[88.137s][info][gc,start    ] GC(39) Pause Final Update Refs
[88.137s][info][gc,task     ] GC(39) Using 3 of 3 workers for final reference update
[88.137s][info][gc          ] GC(39) Pause Final Update Refs 0.104ms
[88.152s][info][gc,start    ] GC(39) Concurrent cleanup
[88.153s][info][gc          ] GC(39) Concurrent cleanup 918M->818M(8192M) 0.157ms
[88.153s][info][gc,ergo     ] Free: 6961M, Max: 4096K regular, 6744M humongous, Frag: 3% external, 0% internal; Reserve: 412M, Max: 4096K
[88.153s][info][gc,stats    ] 
[88.153s][info][gc,stats    ] All times are wall-clock times, except per-root-class counters, that are sum over
[88.153s][info][gc,stats    ] all workers. Dividing the <total> over the root stage time estimates parallelism.
[88.153s][info][gc,stats    ] 
[88.153s][info][gc,stats    ] Concurrent Reset                    285 us
[88.153s][info][gc,stats    ] Pause Init Mark (G)               31086 us
[88.153s][info][gc,stats    ] Pause Init Mark (N)                 145 us
[88.153s][info][gc,stats    ]   Update Region States               60 us
[88.153s][info][gc,stats    ] Concurrent Mark Roots               829 us, parallelism: 0.76x
[88.153s][info][gc,stats    ]   CMR: <total>                      633 us
[88.153s][info][gc,stats    ]   CMR: Thread Roots                 578 us, workers (us): 578, ---, ---, 
[88.153s][info][gc,stats    ]   CMR: VM Strong Roots                9 us, workers (us):   9, ---, ---, 
[88.153s][info][gc,stats    ]   CMR: CLDG Roots                    46 us, workers (us):  46, ---, ---, 
[88.153s][info][gc,stats    ] Concurrent Marking                14621 us
[88.153s][info][gc,stats    ] Pause Final Mark (G)              16070 us
[88.153s][info][gc,stats    ] Pause Final Mark (N)                258 us
[88.153s][info][gc,stats    ]   Finish Mark                        58 us
[88.153s][info][gc,stats    ]   Update Region States               47 us
[88.153s][info][gc,stats    ]   Choose Collection Set              88 us
[88.153s][info][gc,stats    ]   Rebuild Free Set                    8 us
[88.153s][info][gc,stats    ] Concurrent Thread Roots             716 us, parallelism: 0.80x
[88.153s][info][gc,stats    ]   CTR: <total>                      570 us
[88.153s][info][gc,stats    ]   CTR: Thread Roots                 570 us, workers (us): 570, ---, ---, 
[88.153s][info][gc,stats    ] Concurrent Weak References           97 us, parallelism: 0.24x
[88.153s][info][gc,stats    ]   CWRF: <total>                      23 us
[88.153s][info][gc,stats    ]   CWRF: Weak References              23 us, workers (us):  23, ---, ---, 
[88.153s][info][gc,stats    ] Concurrent Weak Roots              6571 us
[88.153s][info][gc,stats    ]   Roots                            1221 us, parallelism: 0.97x
[88.153s][info][gc,stats    ]     CWR: <total>                   1184 us
[88.153s][info][gc,stats    ]     CWR: Code Cache Roots           958 us, workers (us): 958, ---, ---, 
[88.153s][info][gc,stats    ]     CWR: VM Weak Roots              214 us, workers (us): 214, ---, ---, 
[88.153s][info][gc,stats    ]     CWR: CLDG Roots                  12 us, workers (us):  12, ---, ---, 
[88.153s][info][gc,stats    ]   Rendezvous                       5233 us
[88.153s][info][gc,stats    ] Concurrent Cleanup                   65 us
[88.153s][info][gc,stats    ] Concurrent Class Unloading         8560 us
[88.153s][info][gc,stats    ]   Unlink Stale                     3672 us
[88.153s][info][gc,stats    ]     System Dictionary                18 us
[88.153s][info][gc,stats    ]     Weak Class Links                  0 us
[88.153s][info][gc,stats    ]     Code Roots                     3652 us
[88.153s][info][gc,stats    ]   Rendezvous                       4510 us
[88.153s][info][gc,stats    ]   Purge Unlinked                    285 us
[88.153s][info][gc,stats    ]     Code Roots                      276 us
[88.153s][info][gc,stats    ]     CLDG                              9 us
[88.153s][info][gc,stats    ]     Exception Caches                  0 us
[88.153s][info][gc,stats    ] Concurrent Strong Roots             106 us, parallelism: 0.45x
[88.153s][info][gc,stats    ]   CSR: <total>                       48 us
[88.153s][info][gc,stats    ]   CSR: VM Strong Roots                3 us, workers (us):   3, ---, ---, 
[88.153s][info][gc,stats    ]   CSR: CLDG Roots                    45 us, workers (us):  45, ---, ---, 
[88.153s][info][gc,stats    ] Concurrent Evacuation              1354 us
[88.153s][info][gc,stats    ] Pause Init Update Refs (G)        13917 us
[88.153s][info][gc,stats    ] Pause Init Update Refs (N)           52 us
[88.153s][info][gc,stats    ]   Manage GCLABs                       4 us
[88.153s][info][gc,stats    ] Concurrent Update Refs            95970 us
[88.153s][info][gc,stats    ] Concurrent Update Thread Roots     3504 us
[88.153s][info][gc,stats    ] Pause Final Update Refs (G)       15470 us
[88.153s][info][gc,stats    ] Pause Final Update Refs (N)         143 us
[88.153s][info][gc,stats    ]   Update Region States               56 us
[88.153s][info][gc,stats    ]   Trash Collection Set                3 us
[88.153s][info][gc,stats    ]   Rebuild Free Set                   16 us
[88.153s][info][gc,stats    ] Concurrent Cleanup                  174 us
[88.153s][info][gc,stats    ] 
[88.153s][info][gc,stats    ] Allocation pacing accrued:
[88.153s][info][gc,stats    ]       0 of  1841 ms (  0.0%): <total>
[88.153s][info][gc,stats    ]       0 of  1841 ms (  0.0%): <average total>
[88.153s][info][gc,stats    ] 
[88.153s][info][gc,metaspace] Metaspace: 16430K(16704K)->16430K(16704K) NonClass: 14082K(14208K)->14082K(14208K) Class: 2348K(2496K)->2348K(2496K)
[88.153s][info][gc,ergo     ] Pacer for Idle. Initial: 163M, Alloc Tax Rate: 1.0x
[88.278s][info][gc          ] Trigger: Average GC time (1526.49 ms) is above the time for average allocation rate (4511 MB/s) to deplete free headroom (5867M) (margin of error = 1.78)
[88.278s][info][gc,ergo     ] Free headroom: 6276M (free) - 409M (spike) - 0B (penalties) = 5867M
[88.278s][info][gc,ergo     ] Free: 6272M, Max: 4096K regular, 6256M humongous, Frag: 0% external, 0% internal; Reserve: 412M, Max: 4096K
[88.278s][info][gc,start    ] GC(40) Concurrent reset
[88.278s][info][gc,task     ] GC(40) Using 1 of 3 workers for concurrent reset
[88.278s][info][gc,ergo     ] GC(40) Pacer for Reset. Non-Taxable: 8192M
[88.279s][info][gc          ] GC(40) Concurrent reset 1.100ms
[88.279s][info][gc,start    ] GC(40) Pause Init Mark (unload classes)
[88.279s][info][gc,task     ] GC(40) Using 3 of 3 workers for init marking
[88.279s][info][gc,ergo     ] GC(40) Pacer for Mark. Expected Live: 89614K, Free: 6264M, Non-Taxable: 626M, Alloc Tax Rate: 0.0x
[88.279s][info][gc          ] GC(40) Pause Init Mark (unload classes) 0.135ms
[88.294s][info][gc,start    ] GC(40) Concurrent marking roots
[88.294s][info][gc,task     ] GC(40) Using 1 of 3 workers for concurrent marking roots
[88.295s][info][gc          ] GC(40) Concurrent marking roots 0.811ms
[88.295s][info][gc,start    ] GC(40) Concurrent marking (unload classes)
[88.295s][info][gc,task     ] GC(40) Using 1 of 3 workers for concurrent marking
[88.305s][info][gc          ] GC(40) Concurrent marking (unload classes) 10.393ms
[88.305s][info][gc,start    ] GC(40) Pause Final Mark (unload classes)
[88.305s][info][gc,task     ] GC(40) Using 3 of 3 workers for final marking
[88.305s][info][gc,ergo     ] GC(40) Adaptive CSet Selection. Target Free: 1160M, Actual Free: 7872M, Max CSet: 341M, Min Garbage: 0B
[88.305s][info][gc,ergo     ] GC(40) Collectable Garbage: 1507M (99%), Immediate: 1348M (89%), CSet: 159M (10%)
[88.305s][info][gc,ergo     ] GC(40) Pacer for Evacuation. Used CSet: 160M, Free: 7477M, Non-Taxable: 747M, Alloc Tax Rate: 1.1x
[88.305s][info][gc          ] GC(40) Pause Final Mark (unload classes) 0.228ms
[88.305s][info][gc,start    ] GC(40) Concurrent thread roots
[88.305s][info][gc,task     ] GC(40) Using 1 of 3 workers for Concurrent thread roots
[88.306s][info][gc          ] GC(40) Concurrent thread roots 0.603ms
[88.306s][info][gc,start    ] GC(40) Concurrent weak references
[88.306s][info][gc,task     ] GC(40) Using 1 of 3 workers for concurrent weak references
[88.306s][info][gc,ref      ] GC(40) Encountered references: Soft: 173, Weak: 991, Final: 0, Phantom: 41
[88.306s][info][gc,ref      ] GC(40) Discovered  references: Soft: 0, Weak: 202, Final: 0, Phantom: 24
[88.306s][info][gc,ref      ] GC(40) Enqueued    references: Soft: 0, Weak: 0, Final: 0, Phantom: 0
[88.306s][info][gc          ] GC(40) Concurrent weak references 0.079ms
[88.306s][info][gc,start    ] GC(40) Concurrent weak roots
[88.306s][info][gc,task     ] GC(40) Using 1 of 3 workers for concurrent weak root
[88.310s][info][gc          ] GC(40) Concurrent weak roots 3.529ms
[88.310s][info][gc,start    ] GC(40) Concurrent cleanup
[88.310s][info][gc          ] GC(40) Concurrent cleanup 1675M->327M(8192M) 0.051ms
[88.310s][info][gc,ergo     ] GC(40) Free: 7453M, Max: 4096K regular, 6088M humongous, Frag: 19% external, 0% internal; Reserve: 411M, Max: 4096K
[88.310s][info][gc,start    ] GC(40) Concurrent class unloading
[88.310s][info][gc,task     ] GC(40) Using 1 of 3 workers for concurrent class unloading
[88.326s][info][gc          ] GC(40) Concurrent class unloading 15.975ms
[88.326s][info][gc,start    ] GC(40) Concurrent strong roots
[88.326s][info][gc,task     ] GC(40) Using 1 of 3 workers for concurrent strong root
[88.326s][info][gc          ] GC(40) Concurrent strong roots 0.097ms
[88.326s][info][gc,start    ] GC(40) Concurrent evacuation
[88.326s][info][gc,task     ] GC(40) Using 1 of 3 workers for concurrent evacuation
[88.327s][info][gc          ] GC(40) Concurrent evacuation 1.021ms
[88.327s][info][gc,start    ] GC(40) Pause Init Update Refs
[88.327s][info][gc,ergo     ] GC(40) Pacer for Update Refs. Used: 395M, Free: 7385M, Non-Taxable: 738M, Alloc Tax Rate: 1.1x
[88.327s][info][gc          ] GC(40) Pause Init Update Refs 0.031ms
[88.341s][info][gc,start    ] GC(40) Concurrent update references
[88.341s][info][gc,task     ] GC(40) Using 1 of 3 workers for concurrent reference update
[88.399s][info][gc          ] GC(40) Concurrent update references 58.362ms
[88.399s][info][gc,start    ] GC(40) Concurrent update thread roots
[88.400s][info][gc          ] GC(40) Concurrent update thread roots 0.706ms
[88.400s][info][gc,start    ] GC(40) Pause Final Update Refs
[88.400s][info][gc,task     ] GC(40) Using 3 of 3 workers for final reference update
[88.400s][info][gc          ] GC(40) Pause Final Update Refs 0.111ms
[88.419s][info][gc,start    ] GC(40) Concurrent cleanup
[88.420s][info][gc          ] GC(40) Concurrent cleanup 719M->571M(8192M) 0.175ms
[88.420s][info][gc,ergo     ] Free: 7208M, Max: 4096K regular, 6084M humongous, Frag: 16% external, 0% internal; Reserve: 412M, Max: 4096K
[88.420s][info][gc,stats    ] 
[88.420s][info][gc,stats    ] All times are wall-clock times, except per-root-class counters, that are sum over
[88.420s][info][gc,stats    ] all workers. Dividing the <total> over the root stage time estimates parallelism.
[88.420s][info][gc,stats    ] 
[88.420s][info][gc,stats    ] Concurrent Reset                   1124 us
[88.420s][info][gc,stats    ] Pause Init Mark (G)               14595 us
[88.420s][info][gc,stats    ] Pause Init Mark (N)                 146 us
[88.420s][info][gc,stats    ]   Update Region States               54 us
[88.420s][info][gc,stats    ] Concurrent Mark Roots               835 us, parallelism: 0.77x
[88.420s][info][gc,stats    ]   CMR: <total>                      640 us
[88.420s][info][gc,stats    ]   CMR: Thread Roots                 583 us, workers (us): 583, ---, ---, 
[88.420s][info][gc,stats    ]   CMR: VM Strong Roots                8 us, workers (us):   8, ---, ---, 
[88.420s][info][gc,stats    ]   CMR: CLDG Roots                    49 us, workers (us):  49, ---, ---, 
[88.420s][info][gc,stats    ] Concurrent Marking                10466 us
[88.420s][info][gc,stats    ] Pause Final Mark (G)                350 us
[88.420s][info][gc,stats    ] Pause Final Mark (N)                237 us
[88.420s][info][gc,stats    ]   Finish Mark                        45 us
[88.420s][info][gc,stats    ]   Update Region States               45 us
[88.420s][info][gc,stats    ]   Choose Collection Set              61 us
[88.420s][info][gc,stats    ]   Rebuild Free Set                    8 us
[88.420s][info][gc,stats    ] Concurrent Thread Roots             624 us, parallelism: 0.88x
[88.420s][info][gc,stats    ]   CTR: <total>                      546 us
[88.420s][info][gc,stats    ]   CTR: Thread Roots                 546 us, workers (us): 546, ---, ---, 
[88.420s][info][gc,stats    ] Concurrent Weak References           86 us, parallelism: 0.23x
[88.420s][info][gc,stats    ]   CWRF: <total>                      19 us
[88.420s][info][gc,stats    ]   CWRF: Weak References              19 us, workers (us):  19, ---, ---, 
[88.420s][info][gc,stats    ] Concurrent Weak Roots              3589 us
[88.420s][info][gc,stats    ]   Roots                            1078 us, parallelism: 0.97x
[88.420s][info][gc,stats    ]     CWR: <total>                   1043 us
[88.420s][info][gc,stats    ]     CWR: Code Cache Roots           883 us, workers (us): 883, ---, ---, 
[88.420s][info][gc,stats    ]     CWR: VM Weak Roots              150 us, workers (us): 150, ---, ---, 
[88.420s][info][gc,stats    ]     CWR: CLDG Roots                  11 us, workers (us):  11, ---, ---, 
[88.420s][info][gc,stats    ]   Rendezvous                       2431 us
[88.420s][info][gc,stats    ] Concurrent Cleanup                   61 us
[88.420s][info][gc,stats    ] Concurrent Class Unloading        16041 us
[88.420s][info][gc,stats    ]   Unlink Stale                     3352 us
[88.420s][info][gc,stats    ]     System Dictionary                12 us
[88.420s][info][gc,stats    ]     Weak Class Links                  0 us
[88.420s][info][gc,stats    ]     Code Roots                     3338 us
[88.420s][info][gc,stats    ]   Rendezvous                      12286 us
[88.420s][info][gc,stats    ]   Purge Unlinked                    315 us
[88.420s][info][gc,stats    ]     Code Roots                      304 us
[88.420s][info][gc,stats    ]     CLDG                             10 us
[88.420s][info][gc,stats    ]     Exception Caches                  0 us
[88.420s][info][gc,stats    ] Concurrent Strong Roots             109 us, parallelism: 0.46x
[88.420s][info][gc,stats    ]   CSR: <total>                       50 us
[88.420s][info][gc,stats    ]   CSR: VM Strong Roots                4 us, workers (us):   4, ---, ---, 
[88.420s][info][gc,stats    ]   CSR: CLDG Roots                    46 us, workers (us):  46, ---, ---, 
[88.420s][info][gc,stats    ] Concurrent Evacuation              1035 us
[88.420s][info][gc,stats    ] Pause Init Update Refs (G)        13881 us
[88.420s][info][gc,stats    ] Pause Init Update Refs (N)           39 us
[88.420s][info][gc,stats    ]   Manage GCLABs                       3 us
[88.420s][info][gc,stats    ] Concurrent Update Refs            58439 us
[88.420s][info][gc,stats    ] Concurrent Update Thread Roots      727 us
[88.420s][info][gc,stats    ] Pause Final Update Refs (G)       19404 us
[88.420s][info][gc,stats    ] Pause Final Update Refs (N)         133 us
[88.420s][info][gc,stats    ]   Update Region States               39 us
[88.420s][info][gc,stats    ]   Trash Collection Set                4 us
[88.420s][info][gc,stats    ]   Rebuild Free Set                   14 us
[88.420s][info][gc,stats    ] Concurrent Cleanup                  188 us
[88.420s][info][gc,stats    ] 
[88.420s][info][gc,stats    ] Allocation pacing accrued:
[88.420s][info][gc,stats    ]       0 of   267 ms (  0.0%): <total>
[88.420s][info][gc,stats    ]       0 of   267 ms (  0.0%): <average total>
[88.420s][info][gc,stats    ] 
[88.420s][info][gc,metaspace] Metaspace: 16430K(16704K)->16430K(16704K) NonClass: 14082K(14208K)->14082K(14208K) Class: 2348K(2496K)->2348K(2496K)
[88.420s][info][gc,ergo     ] Pacer for Idle. Initial: 163M, Alloc Tax Rate: 1.0x
[92.420s][info][gc          ] Trigger: Learning 4 of 5. Free (5720M) is below initial threshold (5734M)
[92.420s][info][gc,ergo     ] Free: 5720M, Max: 4096K regular, 5700M humongous, Frag: 0% external, 0% internal; Reserve: 412M, Max: 4096K
[92.420s][info][gc,start    ] GC(41) Concurrent reset
[92.420s][info][gc,task     ] GC(41) Using 1 of 3 workers for concurrent reset
[92.420s][info][gc,ergo     ] GC(41) Pacer for Reset. Non-Taxable: 8192M
[92.421s][info][gc          ] GC(41) Concurrent reset 0.978ms
[92.422s][info][gc,start    ] GC(41) Pause Init Mark (unload classes)
[92.422s][info][gc,task     ] GC(41) Using 3 of 3 workers for init marking
[92.422s][info][gc,ergo     ] GC(41) Pacer for Mark. Expected Live: 89614K, Free: 5720M, Non-Taxable: 572M, Alloc Tax Rate: 0.0x
[92.422s][info][gc          ] GC(41) Pause Init Mark (unload classes) 0.205ms
[92.422s][info][gc,start    ] GC(41) Concurrent marking roots
[92.422s][info][gc,task     ] GC(41) Using 1 of 3 workers for concurrent marking roots
[92.423s][info][gc          ] GC(41) Concurrent marking roots 0.774ms
[92.423s][info][gc,start    ] GC(41) Concurrent marking (unload classes)
[92.423s][info][gc,task     ] GC(41) Using 1 of 3 workers for concurrent marking
[92.912s][info][gc          ] GC(41) Concurrent marking (unload classes) 489.505ms
[92.912s][info][gc,start    ] GC(41) Pause Final Mark (unload classes)
[92.912s][info][gc,task     ] GC(41) Using 3 of 3 workers for final marking
[92.912s][info][gc,ergo     ] GC(41) Adaptive CSet Selection. Target Free: 1160M, Actual Free: 7072M, Max CSet: 341M, Min Garbage: 0B
[92.912s][info][gc,ergo     ] GC(41) Collectable Garbage: 1812M (99%), Immediate: 1448M (79%), CSet: 364M (20%)
[92.912s][info][gc,ergo     ] GC(41) Pacer for Evacuation. Used CSet: 605M, Free: 6678M, Non-Taxable: 667M, Alloc Tax Rate: 1.1x
[92.912s][info][gc          ] GC(41) Pause Final Mark (unload classes) 0.254ms
[92.913s][info][gc,start    ] GC(41) Concurrent thread roots
[92.913s][info][gc,task     ] GC(41) Using 1 of 3 workers for Concurrent thread roots
[92.913s][info][gc          ] GC(41) Concurrent thread roots 0.622ms
[92.913s][info][gc,start    ] GC(41) Concurrent weak references
[92.913s][info][gc,task     ] GC(41) Using 1 of 3 workers for concurrent weak references
[92.913s][info][gc,ref      ] GC(41) Encountered references: Soft: 173, Weak: 997, Final: 0, Phantom: 41
[92.913s][info][gc,ref      ] GC(41) Discovered  references: Soft: 0, Weak: 202, Final: 0, Phantom: 24
[92.913s][info][gc,ref      ] GC(41) Enqueued    references: Soft: 0, Weak: 5, Final: 0, Phantom: 0
[92.913s][info][gc          ] GC(41) Concurrent weak references 0.113ms
[92.913s][info][gc,start    ] GC(41) Concurrent weak roots
[92.913s][info][gc,task     ] GC(41) Using 1 of 3 workers for concurrent weak root
[92.914s][info][gc          ] GC(41) Concurrent weak roots 1.078ms
[92.914s][info][gc,start    ] GC(41) Concurrent cleanup
[92.914s][info][gc          ] GC(41) Concurrent cleanup 2548M->1100M(8192M) 0.056ms
[92.914s][info][gc,ergo     ] GC(41) Free: 6678M, Max: 4096K regular, 5216M humongous, Frag: 22% external, 0% internal; Reserve: 409M, Max: 4096K
[92.915s][info][gc,start    ] GC(41) Concurrent class unloading
[92.915s][info][gc,task     ] GC(41) Using 1 of 3 workers for concurrent class unloading
[92.918s][info][gc          ] GC(41) Concurrent class unloading 3.509ms
[92.918s][info][gc,start    ] GC(41) Concurrent strong roots
[92.918s][info][gc,task     ] GC(41) Using 1 of 3 workers for concurrent strong root
[92.918s][info][gc          ] GC(41) Concurrent strong roots 0.156ms
[92.918s][info][gc,start    ] GC(41) Concurrent evacuation
[92.918s][info][gc,task     ] GC(41) Using 1 of 3 workers for concurrent evacuation
[93.127s][info][gc          ] GC(41) Concurrent evacuation 208.305ms
[93.127s][info][gc,start    ] GC(41) Pause Init Update Refs
[93.127s][info][gc,ergo     ] GC(41) Pacer for Update Refs. Used: 1354M, Free: 6666M, Non-Taxable: 666M, Alloc Tax Rate: 1.1x
[93.127s][info][gc          ] GC(41) Pause Init Update Refs 0.084ms
[93.127s][info][gc,start    ] GC(41) Concurrent update references
[93.127s][info][gc,task     ] GC(41) Using 1 of 3 workers for concurrent reference update
[93.791s][info][gc          ] GC(41) Concurrent update references 664.107ms
[93.791s][info][gc,start    ] GC(41) Concurrent update thread roots
[93.792s][info][gc          ] GC(41) Concurrent update thread roots 1.113ms
[93.792s][info][gc,start    ] GC(41) Pause Final Update Refs
[93.792s][info][gc,task     ] GC(41) Using 3 of 3 workers for final reference update
[93.792s][info][gc          ] GC(41) Pause Final Update Refs 0.196ms
[93.793s][info][gc,start    ] GC(41) Concurrent cleanup
[93.793s][info][gc          ] GC(41) Concurrent cleanup 1762M->1157M(8192M) 0.071ms
[93.793s][info][gc,ergo     ] Free: 6622M, Max: 4096K regular, 4976M humongous, Frag: 25% external, 0% internal; Reserve: 412M, Max: 4096K
[93.793s][info][gc,stats    ] 
[93.793s][info][gc,stats    ] All times are wall-clock times, except per-root-class counters, that are sum over
[93.793s][info][gc,stats    ] all workers. Dividing the <total> over the root stage time estimates parallelism.
[93.793s][info][gc,stats    ] 
[93.793s][info][gc,stats    ] Concurrent Reset                   1037 us
[93.793s][info][gc,stats    ] Pause Init Mark (G)                 365 us
[93.793s][info][gc,stats    ] Pause Init Mark (N)                 229 us
[93.793s][info][gc,stats    ]   Update Region States               94 us
[93.793s][info][gc,stats    ] Concurrent Mark Roots               791 us, parallelism: 0.80x
[93.793s][info][gc,stats    ]   CMR: <total>                      637 us
[93.793s][info][gc,stats    ]   CMR: Thread Roots                 562 us, workers (us): 562, ---, ---, 
[93.793s][info][gc,stats    ]   CMR: VM Strong Roots                7 us, workers (us):   7, ---, ---, 
[93.793s][info][gc,stats    ]   CMR: CLDG Roots                    68 us, workers (us):  68, ---, ---, 
[93.793s][info][gc,stats    ] Concurrent Marking               489564 us
[93.793s][info][gc,stats    ] Pause Final Mark (G)                342 us
[93.793s][info][gc,stats    ] Pause Final Mark (N)                263 us
[93.793s][info][gc,stats    ]   Finish Mark                        66 us
[93.793s][info][gc,stats    ]   Update Region States               43 us
[93.793s][info][gc,stats    ]   Choose Collection Set              90 us
[93.793s][info][gc,stats    ]   Rebuild Free Set                    8 us
[93.793s][info][gc,stats    ] Concurrent Thread Roots             641 us, parallelism: 0.88x
[93.793s][info][gc,stats    ]   CTR: <total>                      564 us
[93.793s][info][gc,stats    ]   CTR: Thread Roots                 564 us, workers (us): 564, ---, ---, 
[93.793s][info][gc,stats    ] Concurrent Weak References          120 us, parallelism: 0.12x
[93.793s][info][gc,stats    ]   CWRF: <total>                      14 us
[93.793s][info][gc,stats    ]   CWRF: Weak References              14 us, workers (us):  14, ---, ---, 
[93.793s][info][gc,stats    ] Concurrent Weak Roots              1123 us
[93.793s][info][gc,stats    ]   Roots                             970 us, parallelism: 0.95x
[93.793s][info][gc,stats    ]     CWR: <total>                    917 us
[93.793s][info][gc,stats    ]     CWR: Code Cache Roots           758 us, workers (us): 758, ---, ---, 
[93.793s][info][gc,stats    ]     CWR: VM Weak Roots              150 us, workers (us): 150, ---, ---, 
[93.793s][info][gc,stats    ]     CWR: CLDG Roots                   9 us, workers (us):   9, ---, ---, 
[93.793s][info][gc,stats    ]   Rendezvous                         90 us
[93.793s][info][gc,stats    ] Concurrent Cleanup                   65 us
[93.793s][info][gc,stats    ] Concurrent Class Unloading         3565 us
[93.793s][info][gc,stats    ]   Unlink Stale                     3141 us
[93.793s][info][gc,stats    ]     System Dictionary                11 us
[93.793s][info][gc,stats    ]     Weak Class Links                  0 us
[93.793s][info][gc,stats    ]     Code Roots                     3128 us
[93.793s][info][gc,stats    ]   Rendezvous                        127 us
[93.793s][info][gc,stats    ]   Purge Unlinked                    222 us
[93.793s][info][gc,stats    ]     Code Roots                      216 us
[93.793s][info][gc,stats    ]     CLDG                              5 us
[93.793s][info][gc,stats    ]     Exception Caches                  0 us
[93.793s][info][gc,stats    ] Concurrent Strong Roots             179 us, parallelism: 0.32x
[93.793s][info][gc,stats    ]   CSR: <total>                       58 us
[93.793s][info][gc,stats    ]   CSR: VM Strong Roots                5 us, workers (us):   5, ---, ---, 
[93.793s][info][gc,stats    ]   CSR: CLDG Roots                    52 us, workers (us):  52, ---, ---, 
[93.793s][info][gc,stats    ] Concurrent Evacuation            208373 us
[93.793s][info][gc,stats    ] Pause Init Update Refs (G)          266 us
[93.793s][info][gc,stats    ] Pause Init Update Refs (N)          101 us
[93.793s][info][gc,stats    ]   Manage GCLABs                       4 us
[93.793s][info][gc,stats    ] Concurrent Update Refs           664176 us
[93.793s][info][gc,stats    ] Concurrent Update Thread Roots     1131 us
[93.793s][info][gc,stats    ] Pause Final Update Refs (G)         340 us
[93.793s][info][gc,stats    ] Pause Final Update Refs (N)         233 us
[93.793s][info][gc,stats    ]   Update Region States               90 us
[93.793s][info][gc,stats    ]   Trash Collection Set                7 us
[93.793s][info][gc,stats    ]   Rebuild Free Set                   20 us
[93.793s][info][gc,stats    ] Concurrent Cleanup                   97 us
[93.793s][info][gc,stats    ] 
[93.793s][info][gc,stats    ] Allocation pacing accrued:
[93.793s][info][gc,stats    ]       0 of  5373 ms (  0.0%): <total>
[93.793s][info][gc,stats    ]       0 of  5373 ms (  0.0%): <average total>
[93.793s][info][gc,stats    ] 
[93.793s][info][gc,metaspace] Metaspace: 16431K(16704K)->16431K(16704K) NonClass: 14082K(14208K)->14082K(14208K) Class: 2348K(2496K)->2348K(2496K)
[93.793s][info][gc,ergo     ] Pacer for Idle. Initial: 163M, Alloc Tax Rate: 1.0x
[94.698s][info][gc          ] Trigger: Explicit GC request (System.gc())
[94.698s][info][gc,ergo     ] Free: 6430M, Max: 4096K regular, 4976M humongous, Frag: 23% external, 0% internal; Reserve: 412M, Max: 4096K
[94.699s][info][gc,start    ] GC(42) Concurrent reset
[94.699s][info][gc,task     ] GC(42) Using 1 of 3 workers for concurrent reset
[94.699s][info][gc,ergo     ] GC(42) Pacer for Reset. Non-Taxable: 8192M
[94.701s][info][gc          ] GC(42) Concurrent reset 2.652ms
[94.701s][info][gc,start    ] GC(42) Pause Init Mark (unload classes)
[94.701s][info][gc,task     ] GC(42) Using 3 of 3 workers for init marking
[94.701s][info][gc,ref      ] GC(42) Clearing All SoftReferences
[94.701s][info][gc,ergo     ] GC(42) Pacer for Mark. Expected Live: 135M, Free: 6430M, Non-Taxable: 643M, Alloc Tax Rate: 0.0x
[94.701s][info][gc          ] GC(42) Pause Init Mark (unload classes) 0.152ms
[94.701s][info][gc,start    ] GC(42) Concurrent marking roots
[94.701s][info][gc,task     ] GC(42) Using 1 of 3 workers for concurrent marking roots
[94.702s][info][gc          ] GC(42) Concurrent marking roots 0.704ms
[94.702s][info][gc,start    ] GC(42) Concurrent marking (unload classes)
[94.702s][info][gc,task     ] GC(42) Using 1 of 3 workers for concurrent marking
[94.708s][info][gc          ] GC(42) Concurrent marking (unload classes) 5.880ms
[94.708s][info][gc,start    ] GC(42) Pause Final Mark (unload classes)
[94.708s][info][gc,task     ] GC(42) Using 3 of 3 workers for final marking
[94.709s][info][gc,ergo     ] GC(42) Collectable Garbage: 1315M (97%), Immediate: 1315M (97%), CSet: 0B (0%)
[94.709s][info][gc          ] GC(42) Pause Final Mark (unload classes) 0.444ms
[94.709s][info][gc,start    ] GC(42) Concurrent weak references
[94.709s][info][gc,task     ] GC(42) Using 1 of 3 workers for concurrent weak references
[94.709s][info][gc,ref      ] GC(42) Encountered references: Soft: 172, Weak: 993, Final: 0, Phantom: 41
[94.709s][info][gc,ref      ] GC(42) Discovered  references: Soft: 108, Weak: 221, Final: 0, Phantom: 24
[94.709s][info][gc,ref      ] GC(42) Enqueued    references: Soft: 4, Weak: 8, Final: 0, Phantom: 0
[94.709s][info][gc          ] GC(42) Concurrent weak references 0.138ms
[94.709s][info][gc,start    ] GC(42) Concurrent weak roots
[94.709s][info][gc,task     ] GC(42) Using 1 of 3 workers for concurrent weak root
[94.710s][info][gc          ] GC(42) Concurrent weak roots 0.942ms
[94.710s][info][gc,start    ] GC(42) Concurrent cleanup
[94.710s][info][gc          ] GC(42) Concurrent cleanup 1349M->33M(8192M) 0.043ms
[94.710s][info][gc,ergo     ] GC(42) Free: 7746M, Max: 4096K regular, 7136M humongous, Frag: 8% external, 0% internal; Reserve: 412M, Max: 4096K
[94.710s][info][gc,start    ] GC(42) Concurrent class unloading
[94.710s][info][gc,task     ] GC(42) Using 1 of 3 workers for concurrent class unloading
[94.716s][info][gc          ] GC(42) Concurrent class unloading 6.308ms
[94.716s][info][gc,start    ] GC(42) Pause Final Roots
[94.716s][info][gc          ] GC(42) Pause Final Roots 0.053ms
[94.717s][info][gc,ergo     ] Free: 7746M, Max: 4096K regular, 7136M humongous, Frag: 8% external, 0% internal; Reserve: 412M, Max: 4096K
[94.717s][info][gc,stats    ] 
[94.717s][info][gc,stats    ] All times are wall-clock times, except per-root-class counters, that are sum over
[94.717s][info][gc,stats    ] all workers. Dividing the <total> over the root stage time estimates parallelism.
[94.717s][info][gc,stats    ] 
[94.717s][info][gc,stats    ] Concurrent Reset                   2698 us
[94.717s][info][gc,stats    ] Pause Init Mark (G)                 257 us
[94.717s][info][gc,stats    ] Pause Init Mark (N)                 161 us
[94.717s][info][gc,stats    ]   Update Region States               67 us
[94.717s][info][gc,stats    ] Concurrent Mark Roots               753 us, parallelism: 0.71x
[94.717s][info][gc,stats    ]   CMR: <total>                      537 us
[94.717s][info][gc,stats    ]   CMR: Thread Roots                 487 us, workers (us): 487, ---, ---, 
[94.717s][info][gc,stats    ]   CMR: VM Strong Roots                4 us, workers (us):   4, ---, ---, 
[94.717s][info][gc,stats    ]   CMR: CLDG Roots                    46 us, workers (us):  46, ---, ---, 
[94.717s][info][gc,stats    ] Concurrent Marking                 5945 us
[94.717s][info][gc,stats    ] Pause Final Mark (G)                569 us
[94.717s][info][gc,stats    ] Pause Final Mark (N)                469 us
[94.717s][info][gc,stats    ]   Finish Mark                       152 us
[94.717s][info][gc,stats    ]   Update Region States              117 us
[94.717s][info][gc,stats    ]   Choose Collection Set              75 us
[94.717s][info][gc,stats    ]   Rebuild Free Set                   21 us
[94.717s][info][gc,stats    ] Concurrent Weak References          147 us, parallelism: 0.11x
[94.717s][info][gc,stats    ]   CWRF: <total>                      16 us
[94.717s][info][gc,stats    ]   CWRF: Weak References              16 us, workers (us):  16, ---, ---, 
[94.717s][info][gc,stats    ] Concurrent Weak Roots               990 us
[94.717s][info][gc,stats    ]   Roots                             878 us, parallelism: 0.91x
[94.717s][info][gc,stats    ]     CWR: <total>                    796 us
[94.717s][info][gc,stats    ]     CWR: Code Cache Roots           647 us, workers (us): 647, ---, ---, 
[94.717s][info][gc,stats    ]     CWR: VM Weak Roots              139 us, workers (us): 139, ---, ---, 
[94.717s][info][gc,stats    ]     CWR: CLDG Roots                  10 us, workers (us):  10, ---, ---, 
[94.717s][info][gc,stats    ]   Rendezvous                         45 us
[94.717s][info][gc,stats    ] Concurrent Cleanup                   52 us
[94.717s][info][gc,stats    ] Concurrent Class Unloading         6386 us
[94.717s][info][gc,stats    ]   Unlink Stale                     5851 us
[94.717s][info][gc,stats    ]     System Dictionary                65 us
[94.717s][info][gc,stats    ]     Weak Class Links               1869 us
[94.717s][info][gc,stats    ]     Code Roots                     3916 us
[94.717s][info][gc,stats    ]   Rendezvous                         88 us
[94.717s][info][gc,stats    ]   Purge Unlinked                    343 us
[94.717s][info][gc,stats    ]     Code Roots                      304 us
[94.717s][info][gc,stats    ]     CLDG                             38 us
[94.717s][info][gc,stats    ]     Exception Caches                  1 us
[94.717s][info][gc,stats    ] Pause Final Roots (G)               121 us
[94.717s][info][gc,stats    ] Pause Final Roots (N)                62 us
[94.717s][info][gc,stats    ] 
[94.717s][info][gc,stats    ] Allocation pacing accrued:
[94.717s][info][gc,stats    ]       0 of   924 ms (  0.0%): <total>
[94.717s][info][gc,stats    ]       0 of   924 ms (  0.0%): <average total>
[94.717s][info][gc,stats    ] 
[94.717s][info][gc,metaspace] Metaspace: 16437K(16704K)->16433K(16704K) NonClass: 14088K(14208K)->14085K(14208K) Class: 2348K(2496K)->2347K(2496K)
[94.717s][info][gc,ergo     ] Pacer for Idle. Initial: 163M, Alloc Tax Rate: 1.0x
[96.408s][info][gc          ] Trigger: Average GC time (1498.69 ms) is above the time for instantaneous allocation rate (5537 MB/s) to deplete free headroom (6564M) (spike threshold = 1.74)
[96.409s][info][gc,ergo     ] Free: 6973M, Max: 4096K regular, 6960M humongous, Frag: 0% external, 0% internal; Reserve: 412M, Max: 4096K
[96.409s][info][gc,start    ] GC(43) Concurrent reset
[96.409s][info][gc,task     ] GC(43) Using 1 of 3 workers for concurrent reset
[96.409s][info][gc,ergo     ] GC(43) Pacer for Reset. Non-Taxable: 8192M
[96.409s][info][gc          ] GC(43) Concurrent reset 0.409ms
[96.409s][info][gc,start    ] GC(43) Pause Init Mark (unload classes)
[96.409s][info][gc,task     ] GC(43) Using 3 of 3 workers for init marking
[96.409s][info][gc,ergo     ] GC(43) Pacer for Mark. Expected Live: 53525K, Free: 6973M, Non-Taxable: 697M, Alloc Tax Rate: 0.0x
[96.409s][info][gc          ] GC(43) Pause Init Mark (unload classes) 0.113ms
[96.445s][info][gc,start    ] GC(43) Concurrent marking roots
[96.445s][info][gc,task     ] GC(43) Using 1 of 3 workers for concurrent marking roots
[96.446s][info][gc          ] GC(43) Concurrent marking roots 0.878ms
[96.446s][info][gc,start    ] GC(43) Concurrent marking (unload classes)
[96.446s][info][gc,task     ] GC(43) Using 1 of 3 workers for concurrent marking
[96.455s][info][gc          ] GC(43) Concurrent marking (unload classes) 9.331ms
[96.456s][info][gc,start    ] GC(43) Pause Final Mark (unload classes)
[96.456s][info][gc,task     ] GC(43) Using 3 of 3 workers for final marking
[96.456s][info][gc,ergo     ] GC(43) Adaptive CSet Selection. Target Free: 1160M, Actual Free: 7764M, Max CSet: 341M, Min Garbage: 0B
[96.456s][info][gc,ergo     ] GC(43) Collectable Garbage: 799M (99%), Immediate: 608M (75%), CSet: 191M (23%)
[96.456s][info][gc,ergo     ] GC(43) Pacer for Evacuation. Used CSet: 192M, Free: 7365M, Non-Taxable: 736M, Alloc Tax Rate: 1.1x
[96.456s][info][gc          ] GC(43) Pause Final Mark (unload classes) 0.227ms
[96.471s][info][gc,start    ] GC(43) Concurrent thread roots
[96.471s][info][gc,task     ] GC(43) Using 1 of 3 workers for Concurrent thread roots
[96.472s][info][gc          ] GC(43) Concurrent thread roots 0.718ms
[96.472s][info][gc,start    ] GC(43) Concurrent weak references
[96.472s][info][gc,task     ] GC(43) Using 1 of 3 workers for concurrent weak references
[96.472s][info][gc,ref      ] GC(43) Encountered references: Soft: 173, Weak: 993, Final: 0, Phantom: 41
[96.472s][info][gc,ref      ] GC(43) Discovered  references: Soft: 0, Weak: 207, Final: 0, Phantom: 24
[96.472s][info][gc,ref      ] GC(43) Enqueued    references: Soft: 0, Weak: 5, Final: 0, Phantom: 0
[96.472s][info][gc          ] GC(43) Concurrent weak references 0.088ms
[96.472s][info][gc,start    ] GC(43) Concurrent weak roots
[96.472s][info][gc,task     ] GC(43) Using 1 of 3 workers for concurrent weak root
[96.487s][info][gc          ] GC(43) Concurrent weak roots 14.808ms
[96.487s][info][gc,start    ] GC(43) Concurrent cleanup
[96.487s][info][gc          ] GC(43) Concurrent cleanup 1155M->547M(8192M) 0.053ms
[96.487s][info][gc,ergo     ] GC(43) Free: 7234M, Max: 4096K regular, 6616M humongous, Frag: 9% external, 0% internal; Reserve: 410M, Max: 4096K
[96.487s][info][gc,start    ] GC(43) Concurrent class unloading
[96.487s][info][gc,task     ] GC(43) Using 1 of 3 workers for concurrent class unloading
[96.503s][info][gc          ] GC(43) Concurrent class unloading 15.751ms
[96.503s][info][gc,start    ] GC(43) Concurrent strong roots
[96.503s][info][gc,task     ] GC(43) Using 1 of 3 workers for concurrent strong root
[96.503s][info][gc          ] GC(43) Concurrent strong roots 0.098ms
[96.503s][info][gc,start    ] GC(43) Concurrent evacuation
[96.503s][info][gc,task     ] GC(43) Using 1 of 3 workers for concurrent evacuation
[96.504s][info][gc          ] GC(43) Concurrent evacuation 1.238ms
[96.504s][info][gc,start    ] GC(43) Pause Init Update Refs
[96.504s][info][gc,ergo     ] GC(43) Pacer for Update Refs. Used: 603M, Free: 7178M, Non-Taxable: 717M, Alloc Tax Rate: 1.1x
[96.504s][info][gc          ] GC(43) Pause Init Update Refs 0.028ms
[96.518s][info][gc,start    ] GC(43) Concurrent update references
[96.518s][info][gc,task     ] GC(43) Using 1 of 3 workers for concurrent reference update
[96.611s][info][gc          ] GC(43) Concurrent update references 93.507ms
[96.611s][info][gc,start    ] GC(43) Concurrent update thread roots
[96.612s][info][gc          ] GC(43) Concurrent update thread roots 0.703ms
[96.612s][info][gc,start    ] GC(43) Pause Final Update Refs
[96.612s][info][gc,task     ] GC(43) Using 3 of 3 workers for final reference update
[96.612s][info][gc          ] GC(43) Pause Final Update Refs 0.075ms
[96.623s][info][gc,start    ] GC(43) Concurrent cleanup
[96.623s][info][gc          ] GC(43) Concurrent cleanup 987M->843M(8192M) 0.123ms
[96.623s][info][gc,ergo     ] Free: 6936M, Max: 4096K regular, 6620M humongous, Frag: 5% external, 0% internal; Reserve: 412M, Max: 4096K
[96.623s][info][gc,stats    ] 
[96.623s][info][gc,stats    ] All times are wall-clock times, except per-root-class counters, that are sum over
[96.623s][info][gc,stats    ] all workers. Dividing the <total> over the root stage time estimates parallelism.
[96.623s][info][gc,stats    ] 
[96.623s][info][gc,stats    ] Concurrent Reset                    434 us
[96.623s][info][gc,stats    ] Pause Init Mark (G)               36122 us
[96.623s][info][gc,stats    ] Pause Init Mark (N)                 124 us
[96.623s][info][gc,stats    ]   Update Region States               32 us
[96.623s][info][gc,stats    ] Concurrent Mark Roots               910 us, parallelism: 0.73x
[96.623s][info][gc,stats    ]   CMR: <total>                      667 us
[96.623s][info][gc,stats    ]   CMR: Thread Roots                 600 us, workers (us): 600, ---, ---, 
[96.623s][info][gc,stats    ]   CMR: VM Strong Roots                7 us, workers (us):   7, ---, ---, 
[96.623s][info][gc,stats    ]   CMR: CLDG Roots                    60 us, workers (us):  60, ---, ---, 
[96.623s][info][gc,stats    ] Concurrent Marking                 9430 us
[96.623s][info][gc,stats    ] Pause Final Mark (G)              15795 us
[96.623s][info][gc,stats    ] Pause Final Mark (N)                236 us
[96.623s][info][gc,stats    ]   Finish Mark                        42 us
[96.623s][info][gc,stats    ]   Update Region States               46 us
[96.623s][info][gc,stats    ]   Choose Collection Set              65 us
[96.623s][info][gc,stats    ]   Rebuild Free Set                    9 us
[96.623s][info][gc,stats    ] Concurrent Thread Roots             736 us, parallelism: 0.79x
[96.623s][info][gc,stats    ]   CTR: <total>                      579 us
[96.623s][info][gc,stats    ]   CTR: Thread Roots                 579 us, workers (us): 579, ---, ---, 
[96.623s][info][gc,stats    ] Concurrent Weak References           95 us, parallelism: 0.23x
[96.623s][info][gc,stats    ]   CWRF: <total>                      22 us
[96.624s][info][gc,stats    ]   CWRF: Weak References              22 us, workers (us):  22, ---, ---, 
[96.624s][info][gc,stats    ] Concurrent Weak Roots             14897 us
[96.624s][info][gc,stats    ]   Roots                            1227 us, parallelism: 0.97x
[96.624s][info][gc,stats    ]     CWR: <total>                   1187 us
[96.624s][info][gc,stats    ]     CWR: Code Cache Roots           954 us, workers (us): 954, ---, ---, 
[96.624s][info][gc,stats    ]     CWR: VM Weak Roots              221 us, workers (us): 221, ---, ---, 
[96.624s][info][gc,stats    ]     CWR: CLDG Roots                  12 us, workers (us):  12, ---, ---, 
[96.624s][info][gc,stats    ]   Rendezvous                      13558 us
[96.624s][info][gc,stats    ] Concurrent Cleanup                   62 us
[96.624s][info][gc,stats    ] Concurrent Class Unloading        15819 us
[96.624s][info][gc,stats    ]   Unlink Stale                     3483 us
[96.624s][info][gc,stats    ]     System Dictionary                15 us
[96.624s][info][gc,stats    ]     Weak Class Links                  0 us
[96.624s][info][gc,stats    ]     Code Roots                     3466 us
[96.624s][info][gc,stats    ]   Rendezvous                      11928 us
[96.624s][info][gc,stats    ]   Purge Unlinked                    318 us
[96.624s][info][gc,stats    ]     Code Roots                      307 us
[96.624s][info][gc,stats    ]     CLDG                             10 us
[96.624s][info][gc,stats    ]     Exception Caches                  0 us
[96.624s][info][gc,stats    ] Concurrent Strong Roots             116 us, parallelism: 0.43x
[96.624s][info][gc,stats    ]   CSR: <total>                       50 us
[96.624s][info][gc,stats    ]   CSR: VM Strong Roots                4 us, workers (us):   4, ---, ---, 
[96.624s][info][gc,stats    ]   CSR: CLDG Roots                    46 us, workers (us):  46, ---, ---, 
[96.624s][info][gc,stats    ] Concurrent Evacuation              1252 us
[96.624s][info][gc,stats    ] Pause Init Update Refs (G)        13249 us
[96.624s][info][gc,stats    ] Pause Init Update Refs (N)           36 us
[96.624s][info][gc,stats    ]   Manage GCLABs                       4 us
[96.624s][info][gc,stats    ] Concurrent Update Refs            93587 us
[96.624s][info][gc,stats    ] Concurrent Update Thread Roots      719 us
[96.624s][info][gc,stats    ] Pause Final Update Refs (G)       11219 us
[96.624s][info][gc,stats    ] Pause Final Update Refs (N)          94 us
[96.624s][info][gc,stats    ]   Update Region States               43 us
[96.624s][info][gc,stats    ]   Trash Collection Set                2 us
[96.624s][info][gc,stats    ]   Rebuild Free Set                    9 us
[96.624s][info][gc,stats    ] Concurrent Cleanup                  136 us
[96.624s][info][gc,stats    ] 
[96.624s][info][gc,stats    ] Allocation pacing accrued:
[96.624s][info][gc,stats    ]       0 of  1907 ms (  0.0%): <total>
[96.624s][info][gc,stats    ]       0 of  1907 ms (  0.0%): <average total>
[96.624s][info][gc,stats    ] 
[96.624s][info][gc,metaspace] Metaspace: 16438K(16704K)->16438K(16704K) NonClass: 14090K(14208K)->14090K(14208K) Class: 2348K(2496K)->2348K(2496K)
[96.624s][info][gc,ergo     ] Pacer for Idle. Initial: 163M, Alloc Tax Rate: 1.0x
[96.738s][info][gc          ] Trigger: Average GC time (1101.63 ms) is above the time for instantaneous allocation rate (5499 MB/s) to deplete free headroom (5898M) (spike threshold = 1.74)
[96.738s][info][gc,ergo     ] Free: 6308M, Max: 4096K regular, 6292M humongous, Frag: 0% external, 0% internal; Reserve: 412M, Max: 4096K
[96.738s][info][gc,start    ] GC(44) Concurrent reset
[96.738s][info][gc,task     ] GC(44) Using 1 of 3 workers for concurrent reset
[96.738s][info][gc,ergo     ] GC(44) Pacer for Reset. Non-Taxable: 8192M
[96.740s][info][gc          ] GC(44) Concurrent reset 1.332ms
[96.740s][info][gc,start    ] GC(44) Pause Init Mark (unload classes)
[96.740s][info][gc,task     ] GC(44) Using 3 of 3 workers for init marking
[96.740s][info][gc,ergo     ] GC(44) Pacer for Mark. Expected Live: 53603K, Free: 6300M, Non-Taxable: 630M, Alloc Tax Rate: 0.0x
[96.740s][info][gc          ] GC(44) Pause Init Mark (unload classes) 0.127ms
[96.754s][info][gc,start    ] GC(44) Concurrent marking roots
[96.754s][info][gc,task     ] GC(44) Using 1 of 3 workers for concurrent marking roots
[96.755s][info][gc          ] GC(44) Concurrent marking roots 0.882ms
[96.755s][info][gc,start    ] GC(44) Concurrent marking (unload classes)
[96.755s][info][gc,task     ] GC(44) Using 1 of 3 workers for concurrent marking
[96.770s][info][gc          ] GC(44) Concurrent marking (unload classes) 14.947ms
[96.770s][info][gc,start    ] GC(44) Pause Final Mark (unload classes)
[96.770s][info][gc,task     ] GC(44) Using 3 of 3 workers for final marking
[96.770s][info][gc,ergo     ] GC(44) Adaptive CSet Selection. Target Free: 1160M, Actual Free: 7832M, Max CSet: 341M, Min Garbage: 0B
[96.770s][info][gc,ergo     ] GC(44) Collectable Garbage: 1472M (99%), Immediate: 1292M (87%), CSet: 180M (12%)
[96.770s][info][gc,ergo     ] GC(44) Pacer for Evacuation. Used CSet: 181M, Free: 7434M, Non-Taxable: 743M, Alloc Tax Rate: 1.1x
[96.770s][info][gc          ] GC(44) Pause Final Mark (unload classes) 0.247ms
[96.785s][info][gc,start    ] GC(44) Concurrent thread roots
[96.785s][info][gc,task     ] GC(44) Using 1 of 3 workers for Concurrent thread roots
[96.786s][info][gc          ] GC(44) Concurrent thread roots 0.710ms
[96.786s][info][gc,start    ] GC(44) Concurrent weak references
[96.786s][info][gc,task     ] GC(44) Using 1 of 3 workers for concurrent weak references
[96.786s][info][gc,ref      ] GC(44) Encountered references: Soft: 173, Weak: 988, Final: 0, Phantom: 41
[96.786s][info][gc,ref      ] GC(44) Discovered  references: Soft: 0, Weak: 202, Final: 0, Phantom: 24
[96.786s][info][gc,ref      ] GC(44) Enqueued    references: Soft: 0, Weak: 0, Final: 0, Phantom: 0
[96.786s][info][gc          ] GC(44) Concurrent weak references 0.077ms
[96.786s][info][gc,start    ] GC(44) Concurrent weak roots
[96.786s][info][gc,task     ] GC(44) Using 1 of 3 workers for concurrent weak root
[96.790s][info][gc          ] GC(44) Concurrent weak roots 3.559ms
[96.790s][info][gc,start    ] GC(44) Concurrent cleanup
[96.790s][info][gc          ] GC(44) Concurrent cleanup 1713M->421M(8192M) 0.049ms
[96.790s][info][gc,ergo     ] GC(44) Free: 7357M, Max: 4096K regular, 6052M humongous, Frag: 18% external, 0% internal; Reserve: 410M, Max: 4096K
[96.790s][info][gc,start    ] GC(44) Concurrent class unloading
[96.790s][info][gc,task     ] GC(44) Using 1 of 3 workers for concurrent class unloading
[96.801s][info][gc          ] GC(44) Concurrent class unloading 11.396ms
[96.801s][info][gc,start    ] GC(44) Concurrent strong roots
[96.801s][info][gc,task     ] GC(44) Using 1 of 3 workers for concurrent strong root
[96.801s][info][gc          ] GC(44) Concurrent strong roots 0.100ms
[96.801s][info][gc,start    ] GC(44) Concurrent evacuation
[96.801s][info][gc,task     ] GC(44) Using 1 of 3 workers for concurrent evacuation
[96.803s][info][gc          ] GC(44) Concurrent evacuation 1.321ms
[96.803s][info][gc,start    ] GC(44) Pause Init Update Refs
[96.803s][info][gc,ergo     ] GC(44) Pacer for Update Refs. Used: 477M, Free: 7301M, Non-Taxable: 730M, Alloc Tax Rate: 1.1x
[96.803s][info][gc          ] GC(44) Pause Init Update Refs 0.033ms
[96.816s][info][gc,start    ] GC(44) Concurrent update references
[96.816s][info][gc,task     ] GC(44) Using 1 of 3 workers for concurrent reference update
[96.883s][info][gc          ] GC(44) Concurrent update references 67.121ms
[96.884s][info][gc,start    ] GC(44) Concurrent update thread roots
[96.895s][info][gc          ] GC(44) Concurrent update thread roots 11.576ms
[96.895s][info][gc,start    ] GC(44) Pause Final Update Refs
[96.895s][info][gc,task     ] GC(44) Using 3 of 3 workers for final reference update
[96.895s][info][gc          ] GC(44) Pause Final Update Refs 0.121ms
[96.911s][info][gc,start    ] GC(44) Concurrent cleanup
[96.911s][info][gc          ] GC(44) Concurrent cleanup 857M->683M(8192M) 0.167ms
[96.911s][info][gc,ergo     ] Free: 7096M, Max: 4096K regular, 6052M humongous, Frag: 15% external, 0% internal; Reserve: 412M, Max: 4096K
[96.911s][info][gc,stats    ] 
[96.911s][info][gc,stats    ] All times are wall-clock times, except per-root-class counters, that are sum over
[96.911s][info][gc,stats    ] all workers. Dividing the <total> over the root stage time estimates parallelism.
[96.911s][info][gc,stats    ] 
[96.911s][info][gc,stats    ] Concurrent Reset                   1410 us
[96.911s][info][gc,stats    ] Pause Init Mark (G)               14066 us
[96.911s][info][gc,stats    ] Pause Init Mark (N)                 137 us
[96.911s][info][gc,stats    ]   Update Region States               32 us
[96.911s][info][gc,stats    ] Concurrent Mark Roots               909 us, parallelism: 0.74x
[96.911s][info][gc,stats    ]   CMR: <total>                      674 us
[96.911s][info][gc,stats    ]   CMR: Thread Roots                 607 us, workers (us): 607, ---, ---, 
[96.911s][info][gc,stats    ]   CMR: VM Strong Roots                8 us, workers (us):   8, ---, ---, 
[96.911s][info][gc,stats    ]   CMR: CLDG Roots                    59 us, workers (us):  59, ---, ---, 
[96.911s][info][gc,stats    ] Concurrent Marking                15030 us
[96.911s][info][gc,stats    ] Pause Final Mark (G)              15527 us
[96.911s][info][gc,stats    ] Pause Final Mark (N)                257 us
[96.911s][info][gc,stats    ]   Finish Mark                        48 us
[96.911s][info][gc,stats    ]   Update Region States               49 us
[96.911s][info][gc,stats    ]   Choose Collection Set              84 us
[96.911s][info][gc,stats    ]   Rebuild Free Set                    8 us
[96.911s][info][gc,stats    ] Concurrent Thread Roots             728 us, parallelism: 0.79x
[96.911s][info][gc,stats    ]   CTR: <total>                      572 us
[96.911s][info][gc,stats    ]   CTR: Thread Roots                 572 us, workers (us): 572, ---, ---, 
[96.911s][info][gc,stats    ] Concurrent Weak References           84 us, parallelism: 0.21x
[96.911s][info][gc,stats    ]   CWRF: <total>                      18 us
[96.911s][info][gc,stats    ]   CWRF: Weak References              18 us, workers (us):  18, ---, ---, 
[96.911s][info][gc,stats    ] Concurrent Weak Roots              3622 us
[96.911s][info][gc,stats    ]   Roots                            1171 us, parallelism: 0.96x
[96.911s][info][gc,stats    ]     CWR: <total>                   1130 us
[96.911s][info][gc,stats    ]     CWR: Code Cache Roots           951 us, workers (us): 951, ---, ---, 
[96.911s][info][gc,stats    ]     CWR: VM Weak Roots              167 us, workers (us): 167, ---, ---, 
[96.911s][info][gc,stats    ]     CWR: CLDG Roots                  11 us, workers (us):  11, ---, ---, 
[96.911s][info][gc,stats    ]   Rendezvous                       2365 us
[96.911s][info][gc,stats    ] Concurrent Cleanup                   59 us
[96.911s][info][gc,stats    ] Concurrent Class Unloading        11463 us
[96.911s][info][gc,stats    ]   Unlink Stale                     3338 us
[96.911s][info][gc,stats    ]     System Dictionary                16 us
[96.911s][info][gc,stats    ]     Weak Class Links                  0 us
[96.911s][info][gc,stats    ]     Code Roots                     3320 us
[96.911s][info][gc,stats    ]   Rendezvous                       7723 us
[96.911s][info][gc,stats    ]   Purge Unlinked                    312 us
[96.911s][info][gc,stats    ]     Code Roots                      303 us
[96.911s][info][gc,stats    ]     CLDG                              9 us
[96.911s][info][gc,stats    ]     Exception Caches                  0 us
[96.911s][info][gc,stats    ] Concurrent Strong Roots             111 us, parallelism: 0.46x
[96.911s][info][gc,stats    ]   CSR: <total>                       51 us
[96.911s][info][gc,stats    ]   CSR: VM Strong Roots                4 us, workers (us):   4, ---, ---, 
[96.911s][info][gc,stats    ]   CSR: CLDG Roots                    47 us, workers (us):  47, ---, ---, 
[96.911s][info][gc,stats    ] Concurrent Evacuation              1335 us
[96.911s][info][gc,stats    ] Pause Init Update Refs (G)        13648 us
[96.911s][info][gc,stats    ] Pause Init Update Refs (N)           40 us
[96.911s][info][gc,stats    ]   Manage GCLABs                       4 us
[96.911s][info][gc,stats    ] Concurrent Update Refs            67194 us
[96.911s][info][gc,stats    ] Concurrent Update Thread Roots    11664 us
[96.911s][info][gc,stats    ] Pause Final Update Refs (G)       15405 us
[96.911s][info][gc,stats    ] Pause Final Update Refs (N)         160 us
[96.911s][info][gc,stats    ]   Update Region States               59 us
[96.911s][info][gc,stats    ]   Trash Collection Set                3 us
[96.911s][info][gc,stats    ]   Rebuild Free Set                    9 us
[96.911s][info][gc,stats    ] Concurrent Cleanup                  181 us
[96.911s][info][gc,stats    ] 
[96.911s][info][gc,stats    ] Allocation pacing accrued:
[96.911s][info][gc,stats    ]       0 of   288 ms (  0.0%): <total>
[96.911s][info][gc,stats    ]       0 of   288 ms (  0.0%): <average total>
[96.911s][info][gc,stats    ] 
[96.911s][info][gc,metaspace] Metaspace: 16438K(16704K)->16438K(16704K) NonClass: 14090K(14208K)->14090K(14208K) Class: 2348K(2496K)->2348K(2496K)
[96.911s][info][gc,ergo     ] Pacer for Idle. Initial: 163M, Alloc Tax Rate: 1.0x
[100.646s][info][gc          ] Trigger: Learning 4 of 5. Free (5724M) is below initial threshold (5734M)
[100.646s][info][gc,ergo     ] Free: 5724M, Max: 4096K regular, 5708M humongous, Frag: 0% external, 0% internal; Reserve: 412M, Max: 4096K
[100.646s][info][gc,start    ] GC(45) Concurrent reset
[100.646s][info][gc,task     ] GC(45) Using 1 of 3 workers for concurrent reset
[100.646s][info][gc,ergo     ] GC(45) Pacer for Reset. Non-Taxable: 8192M
[100.647s][info][gc          ] GC(45) Concurrent reset 0.956ms
[100.647s][info][gc,start    ] GC(45) Pause Init Mark (unload classes)
[100.647s][info][gc,task     ] GC(45) Using 3 of 3 workers for init marking
[100.648s][info][gc,ergo     ] GC(45) Pacer for Mark. Expected Live: 53628K, Free: 5724M, Non-Taxable: 572M, Alloc Tax Rate: 0.0x
[100.648s][info][gc          ] GC(45) Pause Init Mark (unload classes) 0.106ms
[100.648s][info][gc,start    ] GC(45) Concurrent marking roots
[100.648s][info][gc,task     ] GC(45) Using 1 of 3 workers for concurrent marking roots
[100.648s][info][gc          ] GC(45) Concurrent marking roots 0.751ms
[100.648s][info][gc,start    ] GC(45) Concurrent marking (unload classes)
[100.648s][info][gc,task     ] GC(45) Using 1 of 3 workers for concurrent marking
[101.169s][info][gc          ] GC(45) Concurrent marking (unload classes) 520.472ms
[101.169s][info][gc,start    ] GC(45) Pause Final Mark (unload classes)
[101.169s][info][gc,task     ] GC(45) Using 3 of 3 workers for final marking
[101.169s][info][gc,ergo     ] GC(45) Adaptive CSet Selection. Target Free: 1160M, Actual Free: 7080M, Max CSet: 341M, Min Garbage: 0B
[101.169s][info][gc,ergo     ] GC(45) Collectable Garbage: 1795M (99%), Immediate: 1420M (79%), CSet: 375M (20%)
[101.169s][info][gc,ergo     ] GC(45) Pacer for Evacuation. Used CSet: 630M, Free: 6682M, Non-Taxable: 668M, Alloc Tax Rate: 1.1x
[101.169s][info][gc          ] GC(45) Pause Final Mark (unload classes) 0.259ms
[101.169s][info][gc,start    ] GC(45) Concurrent thread roots
[101.169s][info][gc,task     ] GC(45) Using 1 of 3 workers for Concurrent thread roots
[101.170s][info][gc          ] GC(45) Concurrent thread roots 0.948ms
[101.170s][info][gc,start    ] GC(45) Concurrent weak references
[101.170s][info][gc,task     ] GC(45) Using 1 of 3 workers for concurrent weak references
[101.170s][info][gc,ref      ] GC(45) Encountered references: Soft: 173, Weak: 991, Final: 0, Phantom: 41
[101.170s][info][gc,ref      ] GC(45) Discovered  references: Soft: 0, Weak: 200, Final: 0, Phantom: 24
[101.170s][info][gc,ref      ] GC(45) Enqueued    references: Soft: 0, Weak: 3, Final: 0, Phantom: 0
[101.170s][info][gc          ] GC(45) Concurrent weak references 0.074ms
[101.170s][info][gc,start    ] GC(45) Concurrent weak roots
[101.170s][info][gc,task     ] GC(45) Using 1 of 3 workers for concurrent weak root
[101.171s][info][gc          ] GC(45) Concurrent weak roots 1.128ms
[101.171s][info][gc,start    ] GC(45) Concurrent cleanup
[101.172s][info][gc          ] GC(45) Concurrent cleanup 2516M->1096M(8192M) 0.041ms
[101.172s][info][gc,ergo     ] GC(45) Free: 6682M, Max: 4096K regular, 5248M humongous, Frag: 22% external, 0% internal; Reserve: 410M, Max: 4096K
[101.172s][info][gc,start    ] GC(45) Concurrent class unloading
[101.172s][info][gc,task     ] GC(45) Using 1 of 3 workers for concurrent class unloading
[101.175s][info][gc          ] GC(45) Concurrent class unloading 3.166ms
[101.175s][info][gc,start    ] GC(45) Concurrent strong roots
[101.175s][info][gc,task     ] GC(45) Using 1 of 3 workers for concurrent strong root
[101.175s][info][gc          ] GC(45) Concurrent strong roots 0.110ms
[101.175s][info][gc,start    ] GC(45) Concurrent evacuation
[101.175s][info][gc,task     ] GC(45) Using 1 of 3 workers for concurrent evacuation
[101.369s][info][gc          ] GC(45) Concurrent evacuation 194.304ms
[101.369s][info][gc,start    ] GC(45) Pause Init Update Refs
[101.369s][info][gc,ergo     ] GC(45) Pacer for Update Refs. Used: 1374M, Free: 6663M, Non-Taxable: 666M, Alloc Tax Rate: 1.1x
[101.369s][info][gc          ] GC(45) Pause Init Update Refs 0.084ms
[101.370s][info][gc,start    ] GC(45) Concurrent update references
[101.370s][info][gc,task     ] GC(45) Using 1 of 3 workers for concurrent reference update
[102.037s][info][gc          ] GC(45) Concurrent update references 667.142ms
[102.037s][info][gc,start    ] GC(45) Concurrent update thread roots
[102.038s][info][gc          ] GC(45) Concurrent update thread roots 1.056ms
[102.038s][info][gc,start    ] GC(45) Pause Final Update Refs
[102.038s][info][gc,task     ] GC(45) Using 3 of 3 workers for final reference update
[102.038s][info][gc          ] GC(45) Pause Final Update Refs 0.142ms
[102.038s][info][gc,start    ] GC(45) Concurrent cleanup
[102.038s][info][gc          ] GC(45) Concurrent cleanup 1814M->1184M(8192M) 0.074ms
[102.038s][info][gc,ergo     ] Free: 6595M, Max: 4096K regular, 4992M humongous, Frag: 25% external, 0% internal; Reserve: 412M, Max: 4096K
[102.038s][info][gc,stats    ] 
[102.038s][info][gc,stats    ] All times are wall-clock times, except per-root-class counters, that are sum over
[102.038s][info][gc,stats    ] all workers. Dividing the <total> over the root stage time estimates parallelism.
[102.038s][info][gc,stats    ] 
[102.038s][info][gc,stats    ] Concurrent Reset                   1002 us
[102.038s][info][gc,stats    ] Pause Init Mark (G)                 197 us
[102.038s][info][gc,stats    ] Pause Init Mark (N)                 115 us
[102.038s][info][gc,stats    ]   Update Region States               55 us
[102.038s][info][gc,stats    ] Concurrent Mark Roots               772 us, parallelism: 0.86x
[102.038s][info][gc,stats    ]   CMR: <total>                      665 us
[102.038s][info][gc,stats    ]   CMR: Thread Roots                 620 us, workers (us): 620, ---, ---, 
[102.038s][info][gc,stats    ]   CMR: VM Strong Roots                5 us, workers (us):   5, ---, ---, 
[102.038s][info][gc,stats    ]   CMR: CLDG Roots                    39 us, workers (us):  39, ---, ---, 
[102.038s][info][gc,stats    ] Concurrent Marking               520542 us
[102.038s][info][gc,stats    ] Pause Final Mark (G)                368 us
[102.038s][info][gc,stats    ] Pause Final Mark (N)                267 us
[102.038s][info][gc,stats    ]   Finish Mark                        93 us
[102.038s][info][gc,stats    ]   Update Region States               43 us
[102.038s][info][gc,stats    ]   Choose Collection Set              47 us
[102.038s][info][gc,stats    ]   Rebuild Free Set                    7 us
[102.039s][info][gc,stats    ] Concurrent Thread Roots             962 us, parallelism: 0.86x
[102.039s][info][gc,stats    ]   CTR: <total>                      832 us
[102.039s][info][gc,stats    ]   CTR: Thread Roots                 832 us, workers (us): 832, ---, ---, 
[102.039s][info][gc,stats    ] Concurrent Weak References           82 us, parallelism: 0.17x
[102.039s][info][gc,stats    ]   CWRF: <total>                      14 us
[102.039s][info][gc,stats    ]   CWRF: Weak References              14 us, workers (us):  14, ---, ---, 
[102.039s][info][gc,stats    ] Concurrent Weak Roots              1147 us
[102.039s][info][gc,stats    ]   Roots                            1052 us, parallelism: 0.94x
[102.039s][info][gc,stats    ]     CWR: <total>                    987 us
[102.039s][info][gc,stats    ]     CWR: Code Cache Roots           702 us, workers (us): 702, ---, ---, 
[102.039s][info][gc,stats    ]     CWR: VM Weak Roots              273 us, workers (us): 273, ---, ---, 
[102.039s][info][gc,stats    ]     CWR: CLDG Roots                  11 us, workers (us):  11, ---, ---, 
[102.039s][info][gc,stats    ]   Rendezvous                         61 us
[102.039s][info][gc,stats    ] Concurrent Cleanup                   49 us
[102.039s][info][gc,stats    ] Concurrent Class Unloading         3209 us
[102.039s][info][gc,stats    ]   Unlink Stale                     2836 us
[102.039s][info][gc,stats    ]     System Dictionary                10 us
[102.039s][info][gc,stats    ]     Weak Class Links                  0 us
[102.039s][info][gc,stats    ]     Code Roots                     2824 us
[102.039s][info][gc,stats    ]   Rendezvous                         94 us
[102.039s][info][gc,stats    ]   Purge Unlinked                    212 us
[102.039s][info][gc,stats    ]     Code Roots                      206 us
[102.039s][info][gc,stats    ]     CLDG                              5 us
[102.039s][info][gc,stats    ]     Exception Caches                  0 us
[102.039s][info][gc,stats    ] Concurrent Strong Roots             128 us, parallelism: 0.27x
[102.039s][info][gc,stats    ]   CSR: <total>                       34 us
[102.039s][info][gc,stats    ]   CSR: VM Strong Roots                3 us, workers (us):   3, ---, ---, 
[102.039s][info][gc,stats    ]   CSR: CLDG Roots                    32 us, workers (us):  32, ---, ---, 
[102.039s][info][gc,stats    ] Concurrent Evacuation            194372 us
[102.039s][info][gc,stats    ] Pause Init Update Refs (G)          230 us
[102.039s][info][gc,stats    ] Pause Init Update Refs (N)          101 us
[102.039s][info][gc,stats    ]   Manage GCLABs                       5 us
[102.039s][info][gc,stats    ] Concurrent Update Refs           667216 us
[102.039s][info][gc,stats    ] Concurrent Update Thread Roots     1076 us
[102.039s][info][gc,stats    ] Pause Final Update Refs (G)         272 us
[102.039s][info][gc,stats    ] Pause Final Update Refs (N)         160 us
[102.039s][info][gc,stats    ]   Update Region States               78 us
[102.039s][info][gc,stats    ]   Trash Collection Set                3 us
[102.039s][info][gc,stats    ]   Rebuild Free Set                    9 us
[102.039s][info][gc,stats    ] Concurrent Cleanup                   95 us
[102.039s][info][gc,stats    ] 
[102.039s][info][gc,stats    ] Allocation pacing accrued:
[102.039s][info][gc,stats    ]       0 of  5128 ms (  0.0%): <total>
[102.039s][info][gc,stats    ]       0 of  5128 ms (  0.0%): <average total>
[102.039s][info][gc,stats    ] 
[102.039s][info][gc,metaspace] Metaspace: 16438K(16704K)->16438K(16704K) NonClass: 14090K(14208K)->14090K(14208K) Class: 2348K(2496K)->2348K(2496K)
[102.039s][info][gc,ergo     ] Pacer for Idle. Initial: 163M, Alloc Tax Rate: 1.0x
[102.890s][info][gc          ] Trigger: Explicit GC request (System.gc())
[102.890s][info][gc,ergo     ] Free: 6447M, Max: 4096K regular, 4992M humongous, Frag: 23% external, 0% internal; Reserve: 412M, Max: 4096K
[102.890s][info][gc,start    ] GC(46) Concurrent reset
[102.890s][info][gc,task     ] GC(46) Using 1 of 3 workers for concurrent reset
[102.890s][info][gc,ergo     ] GC(46) Pacer for Reset. Non-Taxable: 8192M
[102.893s][info][gc          ] GC(46) Concurrent reset 2.759ms
[102.893s][info][gc,start    ] GC(46) Pause Init Mark (unload classes)
[102.893s][info][gc,task     ] GC(46) Using 3 of 3 workers for init marking
[102.893s][info][gc,ref      ] GC(46) Clearing All SoftReferences
[102.893s][info][gc,ergo     ] GC(46) Pacer for Mark. Expected Live: 103M, Free: 6447M, Non-Taxable: 644M, Alloc Tax Rate: 0.0x
[102.893s][info][gc          ] GC(46) Pause Init Mark (unload classes) 0.134ms
[102.893s][info][gc,start    ] GC(46) Concurrent marking roots
[102.893s][info][gc,task     ] GC(46) Using 1 of 3 workers for concurrent marking roots
[102.893s][info][gc          ] GC(46) Concurrent marking roots 0.620ms
[102.893s][info][gc,start    ] GC(46) Concurrent marking (unload classes)
[102.893s][info][gc,task     ] GC(46) Using 1 of 3 workers for concurrent marking
[102.898s][info][gc          ] GC(46) Concurrent marking (unload classes) 4.930ms
[102.899s][info][gc,start    ] GC(46) Pause Final Mark (unload classes)
[102.899s][info][gc,task     ] GC(46) Using 3 of 3 workers for final marking
[102.899s][info][gc,ergo     ] GC(46) Collectable Garbage: 1307M (98%), Immediate: 1307M (98%), CSet: 0B (0%)
[102.899s][info][gc          ] GC(46) Pause Final Mark (unload classes) 0.460ms
[102.899s][info][gc,start    ] GC(46) Concurrent weak references
[102.899s][info][gc,task     ] GC(46) Using 1 of 3 workers for concurrent weak references
[102.899s][info][gc,ref      ] GC(46) Encountered references: Soft: 172, Weak: 989, Final: 0, Phantom: 41
[102.899s][info][gc,ref      ] GC(46) Discovered  references: Soft: 108, Weak: 219, Final: 0, Phantom: 24
[102.899s][info][gc,ref      ] GC(46) Enqueued    references: Soft: 4, Weak: 6, Final: 0, Phantom: 0
[102.899s][info][gc          ] GC(46) Concurrent weak references 0.174ms
[102.899s][info][gc,start    ] GC(46) Concurrent weak roots
[102.899s][info][gc,task     ] GC(46) Using 1 of 3 workers for concurrent weak root
[102.900s][info][gc          ] GC(46) Concurrent weak roots 0.917ms
[102.900s][info][gc,start    ] GC(46) Concurrent cleanup
[102.900s][info][gc          ] GC(46) Concurrent cleanup 1332M->25M(8192M) 0.040ms
[102.900s][info][gc,ergo     ] GC(46) Free: 7754M, Max: 4096K regular, 7144M humongous, Frag: 8% external, 0% internal; Reserve: 412M, Max: 4096K
[102.900s][info][gc,start    ] GC(46) Concurrent class unloading
[102.900s][info][gc,task     ] GC(46) Using 1 of 3 workers for concurrent class unloading
[102.907s][info][gc          ] GC(46) Concurrent class unloading 6.563ms
[102.907s][info][gc,start    ] GC(46) Pause Final Roots
[102.907s][info][gc          ] GC(46) Pause Final Roots 0.020ms
[102.907s][info][gc,ergo     ] Free: 7754M, Max: 4096K regular, 7144M humongous, Frag: 8% external, 0% internal; Reserve: 412M, Max: 4096K
[102.907s][info][gc,stats    ] 
[102.907s][info][gc,stats    ] All times are wall-clock times, except per-root-class counters, that are sum over
[102.907s][info][gc,stats    ] all workers. Dividing the <total> over the root stage time estimates parallelism.
[102.907s][info][gc,stats    ] 
[102.907s][info][gc,stats    ] Concurrent Reset                   2804 us
[102.907s][info][gc,stats    ] Pause Init Mark (G)                 219 us
[102.907s][info][gc,stats    ] Pause Init Mark (N)                 143 us
[102.907s][info][gc,stats    ]   Update Region States               67 us
[102.907s][info][gc,stats    ] Concurrent Mark Roots               648 us, parallelism: 0.81x
[102.907s][info][gc,stats    ]   CMR: <total>                      524 us
[102.907s][info][gc,stats    ]   CMR: Thread Roots                 482 us, workers (us): 482, ---, ---, 
[102.907s][info][gc,stats    ]   CMR: VM Strong Roots                4 us, workers (us):   4, ---, ---, 
[102.907s][info][gc,stats    ]   CMR: CLDG Roots                    38 us, workers (us):  38, ---, ---, 
[102.907s][info][gc,stats    ] Concurrent Marking                 4990 us
[102.907s][info][gc,stats    ] Pause Final Mark (G)                608 us
[102.907s][info][gc,stats    ] Pause Final Mark (N)                484 us
[102.907s][info][gc,stats    ]   Finish Mark                       160 us
[102.907s][info][gc,stats    ]   Update Region States              124 us
[102.907s][info][gc,stats    ]   Choose Collection Set              75 us
[102.907s][info][gc,stats    ]   Rebuild Free Set                   21 us
[102.907s][info][gc,stats    ] Concurrent Weak References          191 us, parallelism: 0.06x
[102.907s][info][gc,stats    ]   CWRF: <total>                      10 us
[102.907s][info][gc,stats    ]   CWRF: Weak References              10 us, workers (us):  10, ---, ---, 
[102.907s][info][gc,stats    ] Concurrent Weak Roots               945 us
[102.907s][info][gc,stats    ]   Roots                             824 us, parallelism: 0.93x
[102.907s][info][gc,stats    ]     CWR: <total>                    763 us
[102.907s][info][gc,stats    ]     CWR: Code Cache Roots           602 us, workers (us): 602, ---, ---, 
[102.907s][info][gc,stats    ]     CWR: VM Weak Roots              153 us, workers (us): 153, ---, ---, 
[102.907s][info][gc,stats    ]     CWR: CLDG Roots                   8 us, workers (us):   8, ---, ---, 
[102.907s][info][gc,stats    ]   Rendezvous                         60 us
[102.907s][info][gc,stats    ] Concurrent Cleanup                   48 us
[102.907s][info][gc,stats    ] Concurrent Class Unloading         6612 us
[102.907s][info][gc,stats    ]   Unlink Stale                     6170 us
[102.907s][info][gc,stats    ]     System Dictionary                59 us
[102.907s][info][gc,stats    ]     Weak Class Links               1777 us
[102.907s][info][gc,stats    ]     Code Roots                     4332 us
[102.907s][info][gc,stats    ]   Rendezvous                         85 us
[102.907s][info][gc,stats    ]   Purge Unlinked                    290 us
[102.907s][info][gc,stats    ]     Code Roots                      269 us
[102.907s][info][gc,stats    ]     CLDG                             21 us
[102.907s][info][gc,stats    ]     Exception Caches                  0 us
[102.907s][info][gc,stats    ] Pause Final Roots (G)                92 us
[102.907s][info][gc,stats    ] Pause Final Roots (N)                29 us
[102.907s][info][gc,stats    ] 
[102.907s][info][gc,stats    ] Allocation pacing accrued:
[102.907s][info][gc,stats    ]       0 of   868 ms (  0.0%): <total>
[102.907s][info][gc,stats    ]       0 of   868 ms (  0.0%): <average total>
[102.907s][info][gc,stats    ] 
[102.907s][info][gc,metaspace] Metaspace: 16438K(16704K)->16434K(16704K) NonClass: 14090K(14208K)->14087K(14208K) Class: 2348K(2496K)->2347K(2496K)
[102.907s][info][gc,ergo     ] Pacer for Idle. Initial: 163M, Alloc Tax Rate: 1.0x
[104.743s][info][gc          ] Trigger: Average GC time (1471.54 ms) is above the time for instantaneous allocation rate (5644 MB/s) to deplete free headroom (6240M) (spike threshold = 1.74)
[104.743s][info][gc,ergo     ] Free: 6650M, Max: 4096K regular, 6636M humongous, Frag: 0% external, 0% internal; Reserve: 412M, Max: 4096K
[104.743s][info][gc,start    ] GC(47) Concurrent reset
[104.743s][info][gc,task     ] GC(47) Using 1 of 3 workers for concurrent reset
[104.743s][info][gc,ergo     ] GC(47) Pacer for Reset. Non-Taxable: 8192M
[104.744s][info][gc          ] GC(47) Concurrent reset 0.377ms
[104.744s][info][gc,start    ] GC(47) Pause Init Mark (unload classes)
[104.744s][info][gc,task     ] GC(47) Using 3 of 3 workers for init marking
[104.744s][info][gc,ergo     ] GC(47) Pacer for Mark. Expected Live: 56546K, Free: 6649M, Non-Taxable: 664M, Alloc Tax Rate: 0.0x
[104.744s][info][gc          ] GC(47) Pause Init Mark (unload classes) 0.101ms
[104.759s][info][gc,start    ] GC(47) Concurrent marking roots
[104.759s][info][gc,task     ] GC(47) Using 1 of 3 workers for concurrent marking roots
[104.760s][info][gc          ] GC(47) Concurrent marking roots 0.828ms
[104.760s][info][gc,start    ] GC(47) Concurrent marking (unload classes)
[104.760s][info][gc,task     ] GC(47) Using 1 of 3 workers for concurrent marking
[104.775s][info][gc          ] GC(47) Concurrent marking (unload classes) 14.514ms
[104.775s][info][gc,start    ] GC(47) Pause Final Mark (unload classes)
[104.775s][info][gc,task     ] GC(47) Using 3 of 3 workers for final marking
[104.775s][info][gc,ergo     ] GC(47) Adaptive CSet Selection. Target Free: 1160M, Actual Free: 7856M, Max CSet: 341M, Min Garbage: 0B
[104.775s][info][gc,ergo     ] GC(47) Collectable Garbage: 1123M (99%), Immediate: 968M (85%), CSet: 155M (13%)
[104.775s][info][gc,ergo     ] GC(47) Pacer for Evacuation. Used CSet: 156M, Free: 7457M, Non-Taxable: 745M, Alloc Tax Rate: 1.1x
[104.775s][info][gc          ] GC(47) Pause Final Mark (unload classes) 0.250ms
[104.775s][info][gc,start    ] GC(47) Concurrent thread roots
[104.775s][info][gc,task     ] GC(47) Using 1 of 3 workers for Concurrent thread roots
[104.776s][info][gc          ] GC(47) Concurrent thread roots 0.711ms
[104.776s][info][gc,start    ] GC(47) Concurrent weak references
[104.776s][info][gc,task     ] GC(47) Using 1 of 3 workers for concurrent weak references
[104.776s][info][gc,ref      ] GC(47) Encountered references: Soft: 173, Weak: 995, Final: 0, Phantom: 41
[104.776s][info][gc,ref      ] GC(47) Discovered  references: Soft: 0, Weak: 206, Final: 0, Phantom: 24
[104.776s][info][gc,ref      ] GC(47) Enqueued    references: Soft: 0, Weak: 4, Final: 0, Phantom: 0
[104.776s][info][gc          ] GC(47) Concurrent weak references 0.087ms
[104.776s][info][gc,start    ] GC(47) Concurrent weak roots
[104.776s][info][gc,task     ] GC(47) Using 1 of 3 workers for concurrent weak root
[104.790s][info][gc          ] GC(47) Concurrent weak roots 14.502ms
[104.791s][info][gc,start    ] GC(47) Concurrent cleanup
[104.791s][info][gc          ] GC(47) Concurrent cleanup 1363M->395M(8192M) 0.067ms
[104.791s][info][gc,ergo     ] GC(47) Free: 7386M, Max: 4096K regular, 6404M humongous, Frag: 14% external, 0% internal; Reserve: 410M, Max: 4096K
[104.791s][info][gc,start    ] GC(47) Concurrent class unloading
[104.791s][info][gc,task     ] GC(47) Using 1 of 3 workers for concurrent class unloading
[104.806s][info][gc          ] GC(47) Concurrent class unloading 15.571ms
[104.806s][info][gc,start    ] GC(47) Concurrent strong roots
[104.806s][info][gc,task     ] GC(47) Using 1 of 3 workers for concurrent strong root
[104.806s][info][gc          ] GC(47) Concurrent strong roots 0.104ms
[104.806s][info][gc,start    ] GC(47) Concurrent evacuation
[104.806s][info][gc,task     ] GC(47) Using 1 of 3 workers for concurrent evacuation
[104.807s][info][gc          ] GC(47) Concurrent evacuation 1.071ms
[104.808s][info][gc,start    ] GC(47) Pause Init Update Refs
[104.808s][info][gc,ergo     ] GC(47) Pacer for Update Refs. Used: 455M, Free: 7326M, Non-Taxable: 732M, Alloc Tax Rate: 1.1x
[104.808s][info][gc          ] GC(47) Pause Init Update Refs 0.056ms
[104.822s][info][gc,start    ] GC(47) Concurrent update references
[104.822s][info][gc,task     ] GC(47) Using 1 of 3 workers for concurrent reference update
[104.891s][info][gc          ] GC(47) Concurrent update references 69.515ms
[104.891s][info][gc,start    ] GC(47) Concurrent update thread roots
[104.892s][info][gc          ] GC(47) Concurrent update thread roots 0.686ms
[104.892s][info][gc,start    ] GC(47) Pause Final Update Refs
[104.892s][info][gc,task     ] GC(47) Using 3 of 3 workers for final reference update
[104.892s][info][gc          ] GC(47) Pause Final Update Refs 0.103ms
[104.900s][info][gc,start    ] GC(47) Concurrent cleanup
[104.901s][info][gc          ] GC(47) Concurrent cleanup 759M->635M(8192M) 0.144ms
[104.901s][info][gc,ergo     ] Free: 7144M, Max: 4096K regular, 6408M humongous, Frag: 11% external, 0% internal; Reserve: 412M, Max: 4096K
[104.901s][info][gc,stats    ] 
[104.901s][info][gc,stats    ] All times are wall-clock times, except per-root-class counters, that are sum over
[104.901s][info][gc,stats    ] all workers. Dividing the <total> over the root stage time estimates parallelism.
[104.901s][info][gc,stats    ] 
[104.901s][info][gc,stats    ] Concurrent Reset                    399 us
[104.901s][info][gc,stats    ] Pause Init Mark (G)               15383 us
[104.901s][info][gc,stats    ] Pause Init Mark (N)                 111 us
[104.901s][info][gc,stats    ]   Update Region States               26 us
[104.901s][info][gc,stats    ] Concurrent Mark Roots               849 us, parallelism: 0.77x
[104.901s][info][gc,stats    ]   CMR: <total>                      652 us
[104.901s][info][gc,stats    ]   CMR: Thread Roots                 591 us, workers (us): 591, ---, ---, 
[104.901s][info][gc,stats    ]   CMR: VM Strong Roots                8 us, workers (us):   8, ---, ---, 
[104.901s][info][gc,stats    ]   CMR: CLDG Roots                    53 us, workers (us):  53, ---, ---, 
[104.901s][info][gc,stats    ] Concurrent Marking                14620 us
[104.901s][info][gc,stats    ] Pause Final Mark (G)                414 us
[104.901s][info][gc,stats    ] Pause Final Mark (N)                265 us
[104.901s][info][gc,stats    ]   Finish Mark                        71 us
[104.901s][info][gc,stats    ]   Update Region States               43 us
[104.901s][info][gc,stats    ]   Choose Collection Set              83 us
[104.901s][info][gc,stats    ]   Rebuild Free Set                    8 us
[104.901s][info][gc,stats    ] Concurrent Thread Roots             734 us, parallelism: 0.89x
[104.901s][info][gc,stats    ]   CTR: <total>                      655 us
[104.901s][info][gc,stats    ]   CTR: Thread Roots                 655 us, workers (us): 655, ---, ---, 
[104.901s][info][gc,stats    ] Concurrent Weak References           95 us, parallelism: 0.19x
[104.901s][info][gc,stats    ]   CWRF: <total>                      18 us
[104.901s][info][gc,stats    ]   CWRF: Weak References              18 us, workers (us):  18, ---, ---, 
[104.901s][info][gc,stats    ] Concurrent Weak Roots             14586 us
[104.901s][info][gc,stats    ]   Roots                            1178 us, parallelism: 0.97x
[104.901s][info][gc,stats    ]     CWR: <total>                   1138 us
[104.901s][info][gc,stats    ]     CWR: Code Cache Roots           900 us, workers (us): 900, ---, ---, 
[104.901s][info][gc,stats    ]     CWR: VM Weak Roots              227 us, workers (us): 227, ---, ---, 
[104.901s][info][gc,stats    ]     CWR: CLDG Roots                  11 us, workers (us):  11, ---, ---, 
[104.901s][info][gc,stats    ]   Rendezvous                      13300 us
[104.901s][info][gc,stats    ] Concurrent Cleanup                   77 us
[104.901s][info][gc,stats    ] Concurrent Class Unloading        15634 us
[104.901s][info][gc,stats    ]   Unlink Stale                     3487 us
[104.901s][info][gc,stats    ]     System Dictionary                15 us
[104.901s][info][gc,stats    ]     Weak Class Links                  1 us
[104.901s][info][gc,stats    ]     Code Roots                     3469 us
[104.901s][info][gc,stats    ]   Rendezvous                      11684 us
[104.901s][info][gc,stats    ]   Purge Unlinked                    377 us
[104.901s][info][gc,stats    ]     Code Roots                      370 us
[104.901s][info][gc,stats    ]     CLDG                              6 us
[104.901s][info][gc,stats    ]     Exception Caches                  1 us
[104.901s][info][gc,stats    ] Concurrent Strong Roots             114 us, parallelism: 0.46x
[104.901s][info][gc,stats    ]   CSR: <total>                       53 us
[104.901s][info][gc,stats    ]   CSR: VM Strong Roots                4 us, workers (us):   4, ---, ---, 
[104.901s][info][gc,stats    ]   CSR: CLDG Roots                    49 us, workers (us):  49, ---, ---, 
[104.901s][info][gc,stats    ] Concurrent Evacuation              1119 us
[104.901s][info][gc,stats    ] Pause Init Update Refs (G)        14189 us
[104.901s][info][gc,stats    ] Pause Init Update Refs (N)           65 us
[104.901s][info][gc,stats    ]   Manage GCLABs                       3 us
[104.901s][info][gc,stats    ] Concurrent Update Refs            69593 us
[104.901s][info][gc,stats    ] Concurrent Update Thread Roots      705 us
[104.901s][info][gc,stats    ] Pause Final Update Refs (G)        8390 us
[104.901s][info][gc,stats    ] Pause Final Update Refs (N)         123 us
[104.901s][info][gc,stats    ]   Update Region States               36 us
[104.901s][info][gc,stats    ]   Trash Collection Set                2 us
[104.901s][info][gc,stats    ]   Rebuild Free Set                   13 us
[104.901s][info][gc,stats    ] Concurrent Cleanup                  157 us
[104.901s][info][gc,stats    ] 
[104.901s][info][gc,stats    ] Allocation pacing accrued:
[104.901s][info][gc,stats    ]       0 of  1994 ms (  0.0%): <total>
[104.901s][info][gc,stats    ]       0 of  1994 ms (  0.0%): <average total>
[104.901s][info][gc,stats    ] 
[104.901s][info][gc,metaspace] Metaspace: 16443K(16704K)->16443K(16704K) NonClass: 14095K(14208K)->14095K(14208K) Class: 2348K(2496K)->2348K(2496K)
[104.901s][info][gc,ergo     ] Pacer for Idle. Initial: 163M, Alloc Tax Rate: 1.0x
[105.360s][info][gc          ] Trigger: Learning 3 of 5. Free (5724M) is below initial threshold (5734M)
[105.360s][info][gc,ergo     ] Free: 5724M, Max: 4096K regular, 5708M humongous, Frag: 0% external, 0% internal; Reserve: 412M, Max: 4096K
[105.360s][info][gc,start    ] GC(48) Concurrent reset
[105.360s][info][gc,task     ] GC(48) Using 1 of 3 workers for concurrent reset
[105.360s][info][gc,ergo     ] GC(48) Pacer for Reset. Non-Taxable: 8192M
[105.361s][info][gc          ] GC(48) Concurrent reset 0.748ms
[105.361s][info][gc,start    ] GC(48) Pause Init Mark (unload classes)
[105.361s][info][gc,task     ] GC(48) Using 3 of 3 workers for init marking
[105.361s][info][gc,ergo     ] GC(48) Pacer for Mark. Expected Live: 56598K, Free: 5720M, Non-Taxable: 572M, Alloc Tax Rate: 0.0x
[105.361s][info][gc          ] GC(48) Pause Init Mark (unload classes) 0.103ms
[105.361s][info][gc,start    ] GC(48) Concurrent marking roots
[105.361s][info][gc,task     ] GC(48) Using 1 of 3 workers for concurrent marking roots
[105.361s][info][gc          ] GC(48) Concurrent marking roots 0.491ms
[105.361s][info][gc,start    ] GC(48) Concurrent marking (unload classes)
[105.361s][info][gc,task     ] GC(48) Using 1 of 3 workers for concurrent marking
[105.652s][info][gc          ] GC(48) Concurrent marking (unload classes) 290.782ms
[105.652s][info][gc,start    ] GC(48) Pause Final Mark (unload classes)
[105.652s][info][gc,task     ] GC(48) Using 3 of 3 workers for final marking
[105.652s][info][gc,ergo     ] GC(48) Collectable Garbage: 1788M (94%), Immediate: 1788M (94%), CSet: 0B (0%)
[105.652s][info][gc          ] GC(48) Pause Final Mark (unload classes) 0.142ms
[105.652s][info][gc,start    ] GC(48) Concurrent weak references
[105.653s][info][gc,task     ] GC(48) Using 1 of 3 workers for concurrent weak references
[105.653s][info][gc,ref      ] GC(48) Encountered references: Soft: 173, Weak: 992, Final: 0, Phantom: 41
[105.653s][info][gc,ref      ] GC(48) Discovered  references: Soft: 0, Weak: 212, Final: 0, Phantom: 38
[105.653s][info][gc,ref      ] GC(48) Enqueued    references: Soft: 0, Weak: 2, Final: 0, Phantom: 0
[105.653s][info][gc          ] GC(48) Concurrent weak references 0.091ms
[105.653s][info][gc,start    ] GC(48) Concurrent weak roots
[105.653s][info][gc,task     ] GC(48) Using 1 of 3 workers for concurrent weak root
[105.653s][info][gc          ] GC(48) Concurrent weak roots 0.904ms
[105.654s][info][gc,start    ] GC(48) Concurrent cleanup
[105.654s][info][gc          ] GC(48) Concurrent cleanup 2307M->519M(8192M) 0.040ms
[105.654s][info][gc,ergo     ] GC(48) Free: 7260M, Max: 4096K regular, 5456M humongous, Frag: 25% external, 0% internal; Reserve: 412M, Max: 4096K
[105.654s][info][gc,start    ] GC(48) Concurrent class unloading
[105.654s][info][gc,task     ] GC(48) Using 1 of 3 workers for concurrent class unloading
[105.656s][info][gc          ] GC(48) Concurrent class unloading 2.822ms
[105.656s][info][gc,start    ] GC(48) Pause Final Roots
[105.656s][info][gc          ] GC(48) Pause Final Roots 0.033ms
[105.657s][info][gc,ergo     ] Free: 7256M, Max: 4096K regular, 5456M humongous, Frag: 25% external, 0% internal; Reserve: 412M, Max: 4096K
[105.657s][info][gc,stats    ] 
[105.657s][info][gc,stats    ] All times are wall-clock times, except per-root-class counters, that are sum over
[105.657s][info][gc,stats    ] all workers. Dividing the <total> over the root stage time estimates parallelism.
[105.657s][info][gc,stats    ] 
[105.657s][info][gc,stats    ] Concurrent Reset                    787 us
[105.657s][info][gc,stats    ] Pause Init Mark (G)                 210 us
[105.657s][info][gc,stats    ] Pause Init Mark (N)                 112 us
[105.657s][info][gc,stats    ]   Update Region States               26 us
[105.657s][info][gc,stats    ] Concurrent Mark Roots               504 us, parallelism: 0.83x
[105.657s][info][gc,stats    ]   CMR: <total>                      416 us
[105.657s][info][gc,stats    ]   CMR: Thread Roots                 364 us, workers (us): 364, ---, ---, 
[105.657s][info][gc,stats    ]   CMR: VM Strong Roots                7 us, workers (us):   7, ---, ---, 
[105.657s][info][gc,stats    ]   CMR: CLDG Roots                    45 us, workers (us):  45, ---, ---, 
[105.657s][info][gc,stats    ] Concurrent Marking               290834 us
[105.657s][info][gc,stats    ] Pause Final Mark (G)                200 us
[105.657s][info][gc,stats    ] Pause Final Mark (N)                151 us
[105.657s][info][gc,stats    ]   Finish Mark                        32 us
[105.657s][info][gc,stats    ]   Update Region States               28 us
[105.657s][info][gc,stats    ]   Choose Collection Set              25 us
[105.657s][info][gc,stats    ]   Rebuild Free Set                    7 us
[105.657s][info][gc,stats    ] Concurrent Weak References           99 us, parallelism: 0.14x
[105.657s][info][gc,stats    ]   CWRF: <total>                      14 us
[105.657s][info][gc,stats    ]   CWRF: Weak References              14 us, workers (us):  14, ---, ---, 
[105.657s][info][gc,stats    ] Concurrent Weak Roots               917 us
[105.657s][info][gc,stats    ]   Roots                             853 us, parallelism: 0.98x
[105.657s][info][gc,stats    ]     CWR: <total>                    834 us
[105.657s][info][gc,stats    ]     CWR: Code Cache Roots           659 us, workers (us): 659, ---, ---, 
[105.657s][info][gc,stats    ]     CWR: VM Weak Roots              166 us, workers (us): 166, ---, ---, 
[105.657s][info][gc,stats    ]     CWR: CLDG Roots                  10 us, workers (us):  10, ---, ---, 
[105.657s][info][gc,stats    ]   Rendezvous                         35 us
[105.657s][info][gc,stats    ] Concurrent Cleanup                   48 us
[105.657s][info][gc,stats    ] Concurrent Class Unloading         2859 us
[105.657s][info][gc,stats    ]   Unlink Stale                     2654 us
[105.657s][info][gc,stats    ]     System Dictionary                 9 us
[105.657s][info][gc,stats    ]     Weak Class Links                  0 us
[105.657s][info][gc,stats    ]     Code Roots                     2643 us
[105.657s][info][gc,stats    ]   Rendezvous                         45 us
[105.657s][info][gc,stats    ]   Purge Unlinked                    107 us
[105.657s][info][gc,stats    ]     Code Roots                      102 us
[105.657s][info][gc,stats    ]     CLDG                              4 us
[105.657s][info][gc,stats    ]     Exception Caches                  0 us
[105.657s][info][gc,stats    ] Pause Final Roots (G)                94 us
[105.657s][info][gc,stats    ] Pause Final Roots (N)                42 us
[105.657s][info][gc,stats    ] 
[105.657s][info][gc,stats    ] Allocation pacing accrued:
[105.657s][info][gc,stats    ]       0 of   756 ms (  0.0%): <total>
[105.657s][info][gc,stats    ]       0 of   756 ms (  0.0%): <average total>
[105.657s][info][gc,stats    ] 
[105.657s][info][gc,metaspace] Metaspace: 16443K(16704K)->16443K(16704K) NonClass: 14095K(14208K)->14095K(14208K) Class: 2348K(2496K)->2348K(2496K)
[105.657s][info][gc,ergo     ] Pacer for Idle. Initial: 163M, Alloc Tax Rate: 1.0x
[109.814s][info][gc          ] Trigger: Learning 4 of 5. Free (5728M) is below initial threshold (5734M)
[109.814s][info][gc,ergo     ] Free: 5728M, Max: 4096K regular, 5456M humongous, Frag: 5% external, 0% internal; Reserve: 412M, Max: 4096K
[109.814s][info][gc,start    ] GC(49) Concurrent reset
[109.814s][info][gc,task     ] GC(49) Using 1 of 3 workers for concurrent reset
[109.814s][info][gc,ergo     ] GC(49) Pacer for Reset. Non-Taxable: 8192M
[109.815s][info][gc          ] GC(49) Concurrent reset 1.271ms
[109.815s][info][gc,start    ] GC(49) Pause Init Mark (unload classes)
[109.815s][info][gc,task     ] GC(49) Using 3 of 3 workers for init marking
[109.816s][info][gc,ergo     ] GC(49) Pacer for Mark. Expected Live: 88414K, Free: 5728M, Non-Taxable: 572M, Alloc Tax Rate: 0.0x
[109.816s][info][gc          ] GC(49) Pause Init Mark (unload classes) 0.204ms
[109.816s][info][gc,start    ] GC(49) Concurrent marking roots
[109.816s][info][gc,task     ] GC(49) Using 1 of 3 workers for concurrent marking roots
[109.816s][info][gc          ] GC(49) Concurrent marking roots 0.786ms
[109.817s][info][gc,start    ] GC(49) Concurrent marking (unload classes)
[109.817s][info][gc,task     ] GC(49) Using 1 of 3 workers for concurrent marking
[110.634s][info][gc          ] GC(49) Concurrent marking (unload classes) 817.323ms
[110.634s][info][gc,start    ] GC(49) Pause Final Mark (unload classes)
[110.634s][info][gc,task     ] GC(49) Using 3 of 3 workers for final marking
[110.634s][info][gc,ergo     ] GC(49) Adaptive CSet Selection. Target Free: 1160M, Actual Free: 6536M, Max CSet: 341M, Min Garbage: 0B
[110.634s][info][gc,ergo     ] GC(49) Collectable Garbage: 1544M (94%), Immediate: 768M (47%), CSet: 776M (47%)
[110.634s][info][gc,ergo     ] GC(49) Pacer for Evacuation. Used CSet: 1116M, Free: 6140M, Non-Taxable: 614M, Alloc Tax Rate: 1.1x
[110.634s][info][gc          ] GC(49) Pause Final Mark (unload classes) 0.365ms
[110.634s][info][gc,start    ] GC(49) Concurrent thread roots
[110.634s][info][gc,task     ] GC(49) Using 1 of 3 workers for Concurrent thread roots
[110.635s][info][gc          ] GC(49) Concurrent thread roots 0.553ms
[110.635s][info][gc,start    ] GC(49) Concurrent weak references
[110.635s][info][gc,task     ] GC(49) Using 1 of 3 workers for concurrent weak references
[110.635s][info][gc,ref      ] GC(49) Encountered references: Soft: 173, Weak: 995, Final: 0, Phantom: 41
[110.635s][info][gc,ref      ] GC(49) Discovered  references: Soft: 0, Weak: 197, Final: 0, Phantom: 24
[110.635s][info][gc,ref      ] GC(49) Enqueued    references: Soft: 0, Weak: 1, Final: 0, Phantom: 0
[110.635s][info][gc          ] GC(49) Concurrent weak references 0.101ms
[110.635s][info][gc,start    ] GC(49) Concurrent weak roots
[110.635s][info][gc,task     ] GC(49) Using 1 of 3 workers for concurrent weak root
[110.636s][info][gc          ] GC(49) Concurrent weak roots 1.043ms
[110.636s][info][gc,start    ] GC(49) Concurrent cleanup
[110.636s][info][gc          ] GC(49) Concurrent cleanup 2407M->1639M(8192M) 0.034ms
[110.636s][info][gc,ergo     ] GC(49) Free: 6140M, Max: 4096K regular, 5356M humongous, Frag: 13% external, 0% internal; Reserve: 411M, Max: 4096K
[110.636s][info][gc,start    ] GC(49) Concurrent class unloading
[110.636s][info][gc,task     ] GC(49) Using 1 of 3 workers for concurrent class unloading
[110.639s][info][gc          ] GC(49) Concurrent class unloading 2.843ms
[110.639s][info][gc,start    ] GC(49) Concurrent strong roots
[110.639s][info][gc,task     ] GC(49) Using 1 of 3 workers for concurrent strong root
[110.639s][info][gc          ] GC(49) Concurrent strong roots 0.144ms
[110.639s][info][gc,start    ] GC(49) Concurrent evacuation
[110.639s][info][gc,task     ] GC(49) Using 1 of 3 workers for concurrent evacuation
[110.973s][info][gc          ] GC(49) Concurrent evacuation 333.493ms
[110.973s][info][gc,start    ] GC(49) Pause Init Update Refs
[110.973s][info][gc,ergo     ] GC(49) Pacer for Update Refs. Used: 2018M, Free: 6101M, Non-Taxable: 610M, Alloc Tax Rate: 1.1x
[110.973s][info][gc          ] GC(49) Pause Init Update Refs 0.135ms
[110.973s][info][gc,start    ] GC(49) Concurrent update references
[110.973s][info][gc,task     ] GC(49) Using 1 of 3 workers for concurrent reference update
[111.655s][info][gc          ] GC(49) Concurrent update references 681.507ms
[111.655s][info][gc,start    ] GC(49) Concurrent update thread roots
[111.656s][info][gc          ] GC(49) Concurrent update thread roots 1.027ms
[111.656s][info][gc,start    ] GC(49) Pause Final Update Refs
[111.656s][info][gc,task     ] GC(49) Using 3 of 3 workers for final reference update
[111.656s][info][gc          ] GC(49) Pause Final Update Refs 0.215ms
[111.656s][info][gc,start    ] GC(49) Concurrent cleanup
[111.656s][info][gc          ] GC(49) Concurrent cleanup 2030M->914M(8192M) 0.041ms
[111.656s][info][gc,ergo     ] Free: 6865M, Max: 4096K regular, 5016M humongous, Frag: 27% external, 0% internal; Reserve: 412M, Max: 4096K
[111.656s][info][gc,stats    ] 
[111.656s][info][gc,stats    ] All times are wall-clock times, except per-root-class counters, that are sum over
[111.656s][info][gc,stats    ] all workers. Dividing the <total> over the root stage time estimates parallelism.
[111.656s][info][gc,stats    ] 
[111.656s][info][gc,stats    ] Concurrent Reset                   1308 us
[111.656s][info][gc,stats    ] Pause Init Mark (G)                 428 us
[111.656s][info][gc,stats    ] Pause Init Mark (N)                 221 us
[111.656s][info][gc,stats    ]   Update Region States               81 us
[111.656s][info][gc,stats    ] Concurrent Mark Roots               823 us, parallelism: 0.76x
[111.656s][info][gc,stats    ]   CMR: <total>                      627 us
[111.656s][info][gc,stats    ]   CMR: Thread Roots                 573 us, workers (us): 573, ---, ---, 
[111.656s][info][gc,stats    ]   CMR: VM Strong Roots                7 us, workers (us):   7, ---, ---, 
[111.656s][info][gc,stats    ]   CMR: CLDG Roots                    46 us, workers (us):  46, ---, ---, 
[111.656s][info][gc,stats    ] Concurrent Marking               817394 us
[111.656s][info][gc,stats    ] Pause Final Mark (G)                509 us
[111.656s][info][gc,stats    ] Pause Final Mark (N)                382 us
[111.656s][info][gc,stats    ]   Finish Mark                        73 us
[111.656s][info][gc,stats    ]   Update Region States               42 us
[111.656s][info][gc,stats    ]   Choose Collection Set             133 us
[111.656s][info][gc,stats    ]   Rebuild Free Set                   16 us
[111.656s][info][gc,stats    ] Concurrent Thread Roots             573 us, parallelism: 0.85x
[111.656s][info][gc,stats    ]   CTR: <total>                      488 us
[111.656s][info][gc,stats    ]   CTR: Thread Roots                 488 us, workers (us): 488, ---, ---, 
[111.656s][info][gc,stats    ] Concurrent Weak References          108 us, parallelism: 0.12x
[111.656s][info][gc,stats    ]   CWRF: <total>                      13 us
[111.656s][info][gc,stats    ]   CWRF: Weak References              13 us, workers (us):  13, ---, ---, 
[111.656s][info][gc,stats    ] Concurrent Weak Roots              1073 us
[111.656s][info][gc,stats    ]   Roots                             970 us, parallelism: 0.91x
[111.656s][info][gc,stats    ]     CWR: <total>                    887 us
[111.656s][info][gc,stats    ]     CWR: Code Cache Roots           604 us, workers (us): 604, ---, ---, 
[111.657s][info][gc,stats    ]     CWR: VM Weak Roots              274 us, workers (us): 274, ---, ---, 
[111.657s][info][gc,stats    ]     CWR: CLDG Roots                   9 us, workers (us):   9, ---, ---, 
[111.657s][info][gc,stats    ]   Rendezvous                         56 us
[111.657s][info][gc,stats    ] Concurrent Cleanup                   43 us
[111.657s][info][gc,stats    ] Concurrent Class Unloading         2903 us
[111.657s][info][gc,stats    ]   Unlink Stale                     2621 us
[111.657s][info][gc,stats    ]     System Dictionary                 9 us
[111.657s][info][gc,stats    ]     Weak Class Links                  0 us
[111.657s][info][gc,stats    ]     Code Roots                     2610 us
[111.657s][info][gc,stats    ]   Rendezvous                         25 us
[111.657s][info][gc,stats    ]   Purge Unlinked                    178 us
[111.657s][info][gc,stats    ]     Code Roots                      168 us
[111.657s][info][gc,stats    ]     CLDG                              9 us
[111.657s][info][gc,stats    ]     Exception Caches                  0 us
[111.657s][info][gc,stats    ] Concurrent Strong Roots             181 us, parallelism: 0.19x
[111.657s][info][gc,stats    ]   CSR: <total>                       35 us
[111.657s][info][gc,stats    ]   CSR: VM Strong Roots                2 us, workers (us):   2, ---, ---, 
[111.657s][info][gc,stats    ]   CSR: CLDG Roots                    33 us, workers (us):  33, ---, ---, 
[111.657s][info][gc,stats    ] Concurrent Evacuation            333565 us
[111.657s][info][gc,stats    ] Pause Init Update Refs (G)          336 us
[111.657s][info][gc,stats    ] Pause Init Update Refs (N)          144 us
[111.657s][info][gc,stats    ]   Manage GCLABs                       3 us
[111.657s][info][gc,stats    ] Concurrent Update Refs           681579 us
[111.657s][info][gc,stats    ] Concurrent Update Thread Roots     1044 us
[111.657s][info][gc,stats    ] Pause Final Update Refs (G)         318 us
[111.657s][info][gc,stats    ] Pause Final Update Refs (N)         257 us
[111.657s][info][gc,stats    ]   Update Region States               96 us
[111.657s][info][gc,stats    ]   Trash Collection Set               10 us
[111.657s][info][gc,stats    ]   Rebuild Free Set                   23 us
[111.657s][info][gc,stats    ] Concurrent Cleanup                   51 us
[111.657s][info][gc,stats    ] 
[111.657s][info][gc,stats    ] Allocation pacing accrued:
[111.657s][info][gc,stats    ]       0 of  6000 ms (  0.0%): <total>
[111.657s][info][gc,stats    ]       0 of  6000 ms (  0.0%): <average total>
[111.657s][info][gc,stats    ] 
[111.657s][info][gc,metaspace] Metaspace: 16443K(16704K)->16445K(16704K) NonClass: 14095K(14208K)->14096K(14208K) Class: 2348K(2496K)->2348K(2496K)
[111.657s][info][gc,ergo     ] Pacer for Idle. Initial: 163M, Alloc Tax Rate: 1.0x
[111.666s][info][gc          ] Trigger: Explicit GC request (System.gc())
[111.666s][info][gc,ergo     ] Free: 6865M, Max: 4096K regular, 5016M humongous, Frag: 27% external, 0% internal; Reserve: 412M, Max: 4096K
[111.666s][info][gc,start    ] GC(50) Concurrent reset
[111.666s][info][gc,task     ] GC(50) Using 1 of 3 workers for concurrent reset
[111.666s][info][gc,ergo     ] GC(50) Pacer for Reset. Non-Taxable: 8192M
[111.671s][info][gc          ] GC(50) Concurrent reset 4.917ms
[111.671s][info][gc,start    ] GC(50) Pause Init Mark (unload classes)
[111.671s][info][gc,task     ] GC(50) Using 3 of 3 workers for init marking
[111.672s][info][gc,ref      ] GC(50) Clearing All SoftReferences
[111.672s][info][gc,ergo     ] GC(50) Pacer for Mark. Expected Live: 169M, Free: 6865M, Non-Taxable: 686M, Alloc Tax Rate: 0.0x
[111.672s][info][gc          ] GC(50) Pause Init Mark (unload classes) 0.205ms
[111.672s][info][gc,start    ] GC(50) Concurrent marking roots
[111.672s][info][gc,task     ] GC(50) Using 1 of 3 workers for concurrent marking roots
[111.672s][info][gc          ] GC(50) Concurrent marking roots 0.681ms
[111.672s][info][gc,start    ] GC(50) Concurrent marking (unload classes)
[111.672s][info][gc,task     ] GC(50) Using 1 of 3 workers for concurrent marking
[111.677s][info][gc          ] GC(50) Concurrent marking (unload classes) 4.788ms
[111.677s][info][gc,start    ] GC(50) Pause Final Mark (unload classes)
[111.677s][info][gc,task     ] GC(50) Using 3 of 3 workers for final marking
[111.678s][info][gc,ergo     ] GC(50) Collectable Garbage: 892M (97%), Immediate: 892M (97%), CSet: 0B (0%)
[111.678s][info][gc          ] GC(50) Pause Final Mark (unload classes) 0.300ms
[111.678s][info][gc,start    ] GC(50) Concurrent weak references
[111.678s][info][gc,task     ] GC(50) Using 1 of 3 workers for concurrent weak references
[111.678s][info][gc,ref      ] GC(50) Encountered references: Soft: 172, Weak: 993, Final: 0, Phantom: 41
[111.678s][info][gc,ref      ] GC(50) Discovered  references: Soft: 108, Weak: 219, Final: 0, Phantom: 24
[111.678s][info][gc,ref      ] GC(50) Enqueued    references: Soft: 4, Weak: 6, Final: 0, Phantom: 0
[111.678s][info][gc          ] GC(50) Concurrent weak references 0.277ms
[111.678s][info][gc,start    ] GC(50) Concurrent weak roots
[111.678s][info][gc,task     ] GC(50) Using 1 of 3 workers for concurrent weak root
[111.680s][info][gc          ] GC(50) Concurrent weak roots 1.749ms
[111.680s][info][gc,start    ] GC(50) Concurrent cleanup
[111.680s][info][gc          ] GC(50) Concurrent cleanup 914M->22M(8192M) 0.057ms
[111.680s][info][gc,ergo     ] GC(50) Free: 7757M, Max: 4096K regular, 7696M humongous, Frag: 1% external, 0% internal; Reserve: 412M, Max: 4096K
[111.680s][info][gc,start    ] GC(50) Concurrent class unloading
[111.680s][info][gc,task     ] GC(50) Using 1 of 3 workers for concurrent class unloading
[111.685s][info][gc          ] GC(50) Concurrent class unloading 5.362ms
[111.685s][info][gc,start    ] GC(50) Pause Final Roots
[111.685s][info][gc          ] GC(50) Pause Final Roots 0.053ms
[111.686s][info][gc,ergo     ] Free: 7757M, Max: 4096K regular, 7696M humongous, Frag: 1% external, 0% internal; Reserve: 412M, Max: 4096K
[111.686s][info][gc,stats    ] 
[111.686s][info][gc,stats    ] All times are wall-clock times, except per-root-class counters, that are sum over
[111.686s][info][gc,stats    ] all workers. Dividing the <total> over the root stage time estimates parallelism.
[111.686s][info][gc,stats    ] 
[111.686s][info][gc,stats    ] Concurrent Reset                   4977 us
[111.686s][info][gc,stats    ] Pause Init Mark (G)                 326 us
[111.686s][info][gc,stats    ] Pause Init Mark (N)                 222 us
[111.686s][info][gc,stats    ]   Update Region States               86 us
[111.686s][info][gc,stats    ] Concurrent Mark Roots               700 us, parallelism: 0.77x
[111.686s][info][gc,stats    ]   CMR: <total>                      541 us
[111.686s][info][gc,stats    ]   CMR: Thread Roots                 496 us, workers (us): 496, ---, ---, 
[111.686s][info][gc,stats    ]   CMR: VM Strong Roots                4 us, workers (us):   4, ---, ---, 
[111.686s][info][gc,stats    ]   CMR: CLDG Roots                    41 us, workers (us):  41, ---, ---, 
[111.686s][info][gc,stats    ] Concurrent Marking                 4836 us
[111.686s][info][gc,stats    ] Pause Final Mark (G)                456 us
[111.686s][info][gc,stats    ] Pause Final Mark (N)                310 us
[111.686s][info][gc,stats    ]   Finish Mark                       117 us
[111.686s][info][gc,stats    ]   Update Region States               79 us
[111.686s][info][gc,stats    ]   Choose Collection Set              32 us
[111.686s][info][gc,stats    ]   Rebuild Free Set                    8 us
[111.686s][info][gc,stats    ] Concurrent Weak References          298 us, parallelism: 0.04x
[111.686s][info][gc,stats    ]   CWRF: <total>                      10 us
[111.686s][info][gc,stats    ]   CWRF: Weak References              10 us, workers (us):  10, ---, ---, 
[111.686s][info][gc,stats    ] Concurrent Weak Roots              1797 us
[111.686s][info][gc,stats    ]   Roots                            1648 us, parallelism: 0.73x
[111.686s][info][gc,stats    ]     CWR: <total>                   1196 us
[111.686s][info][gc,stats    ]     CWR: Code Cache Roots           813 us, workers (us): 813, ---, ---, 
[111.686s][info][gc,stats    ]     CWR: VM Weak Roots              377 us, workers (us): 377, ---, ---, 
[111.686s][info][gc,stats    ]     CWR: CLDG Roots                   7 us, workers (us):   7, ---, ---, 
[111.686s][info][gc,stats    ]   Rendezvous                         50 us
[111.686s][info][gc,stats    ] Concurrent Cleanup                   75 us
[111.686s][info][gc,stats    ] Concurrent Class Unloading         5427 us
[111.686s][info][gc,stats    ]   Unlink Stale                     4940 us
[111.686s][info][gc,stats    ]     System Dictionary                85 us
[111.686s][info][gc,stats    ]     Weak Class Links               1877 us
[111.686s][info][gc,stats    ]     Code Roots                     2977 us
[111.686s][info][gc,stats    ]   Rendezvous                        103 us
[111.686s][info][gc,stats    ]   Purge Unlinked                    283 us
[111.686s][info][gc,stats    ]     Code Roots                      256 us
[111.686s][info][gc,stats    ]     CLDG                             26 us
[111.686s][info][gc,stats    ]     Exception Caches                  0 us
[111.686s][info][gc,stats    ] Pause Final Roots (G)               183 us
[111.686s][info][gc,stats    ] Pause Final Roots (N)                76 us
[111.686s][info][gc,stats    ] 
[111.686s][info][gc,stats    ] Allocation pacing accrued:
[111.686s][info][gc,stats    ]       0 of    29 ms (  0.0%): <total>
[111.686s][info][gc,stats    ]       0 of    29 ms (  0.0%): <average total>
[111.686s][info][gc,stats    ] 
[111.686s][info][gc,metaspace] Metaspace: 16445K(16704K)->16441K(16704K) NonClass: 14096K(14208K)->14093K(14208K) Class: 2348K(2496K)->2347K(2496K)
[111.686s][info][gc,ergo     ] Pacer for Idle. Initial: 163M, Alloc Tax Rate: 1.0x
[113.196s][info][gc          ] Trigger: Average GC time (1920.86 ms) is above the time for instantaneous allocation rate (5359 MB/s) to deplete free headroom (6678M) (spike threshold = 1.74)
[113.196s][info][gc,ergo     ] Free: 7088M, Max: 4096K regular, 7072M humongous, Frag: 0% external, 0% internal; Reserve: 412M, Max: 4096K
[113.196s][info][gc,start    ] GC(51) Concurrent reset
[113.196s][info][gc,task     ] GC(51) Using 1 of 3 workers for concurrent reset
[113.196s][info][gc,ergo     ] GC(51) Pacer for Reset. Non-Taxable: 8192M
[113.197s][info][gc          ] GC(51) Concurrent reset 0.350ms
[113.197s][info][gc,start    ] GC(51) Pause Init Mark (unload classes)
[113.197s][info][gc,task     ] GC(51) Using 3 of 3 workers for init marking
[113.197s][info][gc,ergo     ] GC(51) Pacer for Mark. Expected Live: 118M, Free: 7084M, Non-Taxable: 708M, Alloc Tax Rate: 0.0x
[113.197s][info][gc          ] GC(51) Pause Init Mark (unload classes) 0.124ms
[113.197s][info][gc,start    ] GC(51) Concurrent marking roots
[113.197s][info][gc,task     ] GC(51) Using 1 of 3 workers for concurrent marking roots
[113.198s][info][gc          ] GC(51) Concurrent marking roots 0.642ms
[113.198s][info][gc,start    ] GC(51) Concurrent marking (unload classes)
[113.198s][info][gc,task     ] GC(51) Using 1 of 3 workers for concurrent marking
[113.227s][info][gc          ] GC(51) Concurrent marking (unload classes) 28.760ms
[113.227s][info][gc,start    ] GC(51) Pause Final Mark (unload classes)
[113.227s][info][gc,task     ] GC(51) Using 3 of 3 workers for final marking
[113.227s][info][gc,ergo     ] GC(51) Adaptive CSet Selection. Target Free: 1160M, Actual Free: 7884M, Max CSet: 341M, Min Garbage: 0B
[113.227s][info][gc,ergo     ] GC(51) Collectable Garbage: 689M (99%), Immediate: 568M (82%), CSet: 121M (17%)
[113.227s][info][gc,ergo     ] GC(51) Pacer for Evacuation. Used CSet: 121M, Free: 7485M, Non-Taxable: 748M, Alloc Tax Rate: 1.1x
[113.227s][info][gc          ] GC(51) Pause Final Mark (unload classes) 0.290ms
[113.243s][info][gc,start    ] GC(51) Concurrent thread roots
[113.243s][info][gc,task     ] GC(51) Using 1 of 3 workers for Concurrent thread roots
[113.244s][info][gc          ] GC(51) Concurrent thread roots 0.692ms
[113.244s][info][gc,start    ] GC(51) Concurrent weak references
[113.244s][info][gc,task     ] GC(51) Using 1 of 3 workers for concurrent weak references
[113.244s][info][gc,ref      ] GC(51) Encountered references: Soft: 173, Weak: 994, Final: 0, Phantom: 41
[113.244s][info][gc,ref      ] GC(51) Discovered  references: Soft: 0, Weak: 208, Final: 0, Phantom: 24
[113.244s][info][gc,ref      ] GC(51) Enqueued    references: Soft: 0, Weak: 6, Final: 0, Phantom: 0
[113.244s][info][gc          ] GC(51) Concurrent weak references 0.080ms
[113.244s][info][gc,start    ] GC(51) Concurrent weak roots
[113.244s][info][gc,task     ] GC(51) Using 1 of 3 workers for concurrent weak root
[113.259s][info][gc          ] GC(51) Concurrent weak roots 15.026ms
[113.259s][info][gc,start    ] GC(51) Concurrent cleanup
[113.259s][info][gc          ] GC(51) Concurrent cleanup 984M->416M(8192M) 0.054ms
[113.259s][info][gc,ergo     ] GC(51) Free: 7362M, Max: 4096K regular, 6784M humongous, Frag: 8% external, 0% internal; Reserve: 410M, Max: 4096K
[113.259s][info][gc,start    ] GC(51) Concurrent class unloading
[113.259s][info][gc,task     ] GC(51) Using 1 of 3 workers for concurrent class unloading
[113.275s][info][gc          ] GC(51) Concurrent class unloading 16.013ms
[113.275s][info][gc,start    ] GC(51) Concurrent strong roots
[113.275s][info][gc,task     ] GC(51) Using 1 of 3 workers for concurrent strong root
[113.276s][info][gc          ] GC(51) Concurrent strong roots 0.114ms
[113.276s][info][gc,start    ] GC(51) Concurrent evacuation
[113.276s][info][gc,task     ] GC(51) Using 1 of 3 workers for concurrent evacuation
[113.276s][info][gc          ] GC(51) Concurrent evacuation 0.872ms
[113.277s][info][gc,start    ] GC(51) Pause Init Update Refs
[113.277s][info][gc,ergo     ] GC(51) Pacer for Update Refs. Used: 480M, Free: 7298M, Non-Taxable: 729M, Alloc Tax Rate: 1.1x
[113.277s][info][gc          ] GC(51) Pause Init Update Refs 0.061ms
[113.277s][info][gc,start    ] GC(51) Concurrent update references
[113.277s][info][gc,task     ] GC(51) Using 1 of 3 workers for concurrent reference update
[113.348s][info][gc          ] GC(51) Concurrent update references 70.709ms
[113.348s][info][gc,start    ] GC(51) Concurrent update thread roots
[113.349s][info][gc          ] GC(51) Concurrent update thread roots 0.648ms
[113.349s][info][gc,start    ] GC(51) Pause Final Update Refs
[113.349s][info][gc,task     ] GC(51) Using 3 of 3 workers for final reference update
[113.349s][info][gc          ] GC(51) Pause Final Update Refs 0.107ms
[113.354s][info][gc,start    ] GC(51) Concurrent cleanup
[113.354s][info][gc          ] GC(51) Concurrent cleanup 720M->627M(8192M) 0.102ms
[113.354s][info][gc,ergo     ] Free: 7152M, Max: 4096K regular, 6788M humongous, Frag: 5% external, 0% internal; Reserve: 412M, Max: 4096K
[113.354s][info][gc,stats    ] 
[113.354s][info][gc,stats    ] All times are wall-clock times, except per-root-class counters, that are sum over
[113.354s][info][gc,stats    ] all workers. Dividing the <total> over the root stage time estimates parallelism.
[113.354s][info][gc,stats    ] 
[113.354s][info][gc,stats    ] Concurrent Reset                    373 us
[113.354s][info][gc,stats    ] Pause Init Mark (G)                 482 us
[113.354s][info][gc,stats    ] Pause Init Mark (N)                 135 us
[113.354s][info][gc,stats    ]   Update Region States               31 us
[113.354s][info][gc,stats    ] Concurrent Mark Roots               660 us, parallelism: 0.87x
[113.354s][info][gc,stats    ]   CMR: <total>                      572 us
[113.354s][info][gc,stats    ]   CMR: Thread Roots                 529 us, workers (us): 529, ---, ---, 
[113.354s][info][gc,stats    ]   CMR: VM Strong Roots                5 us, workers (us):   5, ---, ---, 
[113.354s][info][gc,stats    ]   CMR: CLDG Roots                    38 us, workers (us):  38, ---, ---, 
[113.354s][info][gc,stats    ] Concurrent Marking                28849 us
[113.354s][info][gc,stats    ] Pause Final Mark (G)              16637 us
[113.354s][info][gc,stats    ] Pause Final Mark (N)                299 us
[113.354s][info][gc,stats    ]   Finish Mark                        70 us
[113.354s][info][gc,stats    ]   Update Region States               88 us
[113.354s][info][gc,stats    ]   Choose Collection Set              71 us
[113.354s][info][gc,stats    ]   Rebuild Free Set                    8 us
[113.354s][info][gc,stats    ] Concurrent Thread Roots             715 us, parallelism: 0.79x
[113.354s][info][gc,stats    ]   CTR: <total>                      564 us
[113.354s][info][gc,stats    ]   CTR: Thread Roots                 564 us, workers (us): 564, ---, ---, 
[113.354s][info][gc,stats    ] Concurrent Weak References           87 us, parallelism: 0.24x
[113.354s][info][gc,stats    ]   CWRF: <total>                      20 us
[113.354s][info][gc,stats    ]   CWRF: Weak References              20 us, workers (us):  20, ---, ---, 
[113.354s][info][gc,stats    ] Concurrent Weak Roots             15120 us
[113.354s][info][gc,stats    ]   Roots                            1200 us, parallelism: 0.96x
[113.354s][info][gc,stats    ]     CWR: <total>                   1155 us
[113.354s][info][gc,stats    ]     CWR: Code Cache Roots           911 us, workers (us): 911, ---, ---, 
[113.354s][info][gc,stats    ]     CWR: VM Weak Roots              234 us, workers (us): 234, ---, ---, 
[113.354s][info][gc,stats    ]     CWR: CLDG Roots                  10 us, workers (us):  10, ---, ---, 
[113.354s][info][gc,stats    ]   Rendezvous                      13806 us
[113.354s][info][gc,stats    ] Concurrent Cleanup                   63 us
[113.354s][info][gc,stats    ] Concurrent Class Unloading        16081 us
[113.354s][info][gc,stats    ]   Unlink Stale                     3761 us
[113.354s][info][gc,stats    ]     System Dictionary                20 us
[113.354s][info][gc,stats    ]     Weak Class Links                  0 us
[113.354s][info][gc,stats    ]     Code Roots                     3739 us
[113.354s][info][gc,stats    ]   Rendezvous                      11885 us
[113.354s][info][gc,stats    ]   Purge Unlinked                    322 us
[113.354s][info][gc,stats    ]     Code Roots                      310 us
[113.354s][info][gc,stats    ]     CLDG                             11 us
[113.354s][info][gc,stats    ]     Exception Caches                  0 us
[113.354s][info][gc,stats    ] Concurrent Strong Roots             125 us, parallelism: 0.45x
[113.354s][info][gc,stats    ]   CSR: <total>                       56 us
[113.354s][info][gc,stats    ]   CSR: VM Strong Roots                4 us, workers (us):   4, ---, ---, 
[113.354s][info][gc,stats    ]   CSR: CLDG Roots                    51 us, workers (us):  51, ---, ---, 
[113.354s][info][gc,stats    ] Concurrent Evacuation               912 us
[113.354s][info][gc,stats    ] Pause Init Update Refs (G)          668 us
[113.354s][info][gc,stats    ] Pause Init Update Refs (N)           72 us
[113.354s][info][gc,stats    ]   Manage GCLABs                       3 us
[113.354s][info][gc,stats    ] Concurrent Update Refs            70781 us
[113.354s][info][gc,stats    ] Concurrent Update Thread Roots      667 us
[113.354s][info][gc,stats    ] Pause Final Update Refs (G)        4898 us
[113.354s][info][gc,stats    ] Pause Final Update Refs (N)         118 us
[113.354s][info][gc,stats    ]   Update Region States               41 us
[113.354s][info][gc,stats    ]   Trash Collection Set                3 us
[113.354s][info][gc,stats    ]   Rebuild Free Set                   13 us
[113.354s][info][gc,stats    ] Concurrent Cleanup                  115 us
[113.354s][info][gc,stats    ] 
[113.354s][info][gc,stats    ] Allocation pacing accrued:
[113.354s][info][gc,stats    ]       0 of  1668 ms (  0.0%): <total>
[113.354s][info][gc,stats    ]       0 of  1668 ms (  0.0%): <average total>
[113.354s][info][gc,stats    ] 
[113.354s][info][gc,metaspace] Metaspace: 16459K(16768K)->16459K(16768K) NonClass: 14110K(14272K)->14110K(14272K) Class: 2348K(2496K)->2348K(2496K)
[113.354s][info][gc,ergo     ] Pacer for Idle. Initial: 163M, Alloc Tax Rate: 1.0x
[113.479s][info][gc          ] Trigger: Average GC time (1383.17 ms) is above the time for average allocation rate (4517 MB/s) to deplete free headroom (6062M) (margin of error = 1.78)
[113.479s][info][gc,ergo     ] Free headroom: 6472M (free) - 409M (spike) - 0B (penalties) = 6062M
[113.479s][info][gc,ergo     ] Free: 6472M, Max: 4096K regular, 6456M humongous, Frag: 0% external, 0% internal; Reserve: 412M, Max: 4096K
[113.479s][info][gc,start    ] GC(52) Concurrent reset
[113.479s][info][gc,task     ] GC(52) Using 1 of 3 workers for concurrent reset
[113.479s][info][gc,ergo     ] GC(52) Pacer for Reset. Non-Taxable: 8192M
[113.480s][info][gc          ] GC(52) Concurrent reset 0.881ms
[113.480s][info][gc,start    ] GC(52) Pause Init Mark (unload classes)
[113.480s][info][gc,task     ] GC(52) Using 3 of 3 workers for init marking
[113.480s][info][gc,ergo     ] GC(52) Pacer for Mark. Expected Live: 118M, Free: 6464M, Non-Taxable: 646M, Alloc Tax Rate: 0.0x
[113.480s][info][gc          ] GC(52) Pause Init Mark (unload classes) 0.136ms
[113.505s][info][gc,start    ] GC(52) Concurrent marking roots
[113.505s][info][gc,task     ] GC(52) Using 1 of 3 workers for concurrent marking roots
[113.506s][info][gc          ] GC(52) Concurrent marking roots 0.767ms
[113.506s][info][gc,start    ] GC(52) Concurrent marking (unload classes)
[113.506s][info][gc,task     ] GC(52) Using 1 of 3 workers for concurrent marking
[113.526s][info][gc          ] GC(52) Concurrent marking (unload classes) 20.248ms
[113.526s][info][gc,start    ] GC(52) Pause Final Mark (unload classes)
[113.526s][info][gc,task     ] GC(52) Using 3 of 3 workers for final marking
[113.526s][info][gc,ergo     ] GC(52) Adaptive CSet Selection. Target Free: 1160M, Actual Free: 7808M, Max CSet: 341M, Min Garbage: 0B
[113.526s][info][gc,ergo     ] GC(52) Collectable Garbage: 1309M (99%), Immediate: 1160M (88%), CSet: 149M (11%)
[113.526s][info][gc,ergo     ] GC(52) Pacer for Evacuation. Used CSet: 149M, Free: 7410M, Non-Taxable: 741M, Alloc Tax Rate: 1.1x
[113.526s][info][gc          ] GC(52) Pause Final Mark (unload classes) 0.234ms
[113.542s][info][gc,start    ] GC(52) Concurrent thread roots
[113.542s][info][gc,task     ] GC(52) Using 1 of 3 workers for Concurrent thread roots
[113.542s][info][gc          ] GC(52) Concurrent thread roots 0.646ms
[113.542s][info][gc,start    ] GC(52) Concurrent weak references
[113.542s][info][gc,task     ] GC(52) Using 1 of 3 workers for concurrent weak references
[113.542s][info][gc,ref      ] GC(52) Encountered references: Soft: 173, Weak: 988, Final: 0, Phantom: 41
[113.542s][info][gc,ref      ] GC(52) Discovered  references: Soft: 0, Weak: 201, Final: 0, Phantom: 24
[113.542s][info][gc,ref      ] GC(52) Enqueued    references: Soft: 0, Weak: 0, Final: 0, Phantom: 0
[113.542s][info][gc          ] GC(52) Concurrent weak references 0.078ms
[113.542s][info][gc,start    ] GC(52) Concurrent weak roots
[113.542s][info][gc,task     ] GC(52) Using 1 of 3 workers for concurrent weak root
[113.546s][info][gc          ] GC(52) Concurrent weak roots 3.438ms
[113.546s][info][gc,start    ] GC(52) Concurrent cleanup
[113.546s][info][gc          ] GC(52) Concurrent cleanup 1600M->440M(8192M) 0.047ms
[113.546s][info][gc,ergo     ] GC(52) Free: 7338M, Max: 4096K regular, 6164M humongous, Frag: 16% external, 0% internal; Reserve: 410M, Max: 4096K
[113.546s][info][gc,start    ] GC(52) Concurrent class unloading
[113.546s][info][gc,task     ] GC(52) Using 1 of 3 workers for concurrent class unloading
[113.558s][info][gc          ] GC(52) Concurrent class unloading 12.067ms
[113.558s][info][gc,start    ] GC(52) Concurrent strong roots
[113.558s][info][gc,task     ] GC(52) Using 1 of 3 workers for concurrent strong root
[113.558s][info][gc          ] GC(52) Concurrent strong roots 0.096ms
[113.558s][info][gc,start    ] GC(52) Concurrent evacuation
[113.558s][info][gc,task     ] GC(52) Using 1 of 3 workers for concurrent evacuation
[113.559s][info][gc          ] GC(52) Concurrent evacuation 1.013ms
[113.559s][info][gc,start    ] GC(52) Pause Init Update Refs
[113.559s][info][gc,ergo     ] GC(52) Pacer for Update Refs. Used: 492M, Free: 7286M, Non-Taxable: 728M, Alloc Tax Rate: 1.1x
[113.559s][info][gc          ] GC(52) Pause Init Update Refs 0.027ms
[113.559s][info][gc,start    ] GC(52) Concurrent update references
[113.559s][info][gc,task     ] GC(52) Using 1 of 3 workers for concurrent reference update
[113.653s][info][gc          ] GC(52) Concurrent update references 93.065ms
[113.653s][info][gc,start    ] GC(52) Concurrent update thread roots
[113.653s][info][gc          ] GC(52) Concurrent update thread roots 0.628ms
[113.653s][info][gc,start    ] GC(52) Pause Final Update Refs
[113.653s][info][gc,task     ] GC(52) Using 3 of 3 workers for final reference update
[113.653s][info][gc          ] GC(52) Pause Final Update Refs 0.082ms
[113.668s][info][gc,start    ] GC(52) Concurrent cleanup
[113.668s][info][gc          ] GC(52) Concurrent cleanup 836M->715M(8192M) 0.135ms
[113.668s][info][gc,ergo     ] Free: 7064M, Max: 4096K regular, 6164M humongous, Frag: 13% external, 0% internal; Reserve: 412M, Max: 4096K
[113.668s][info][gc,stats    ] 
[113.668s][info][gc,stats    ] All times are wall-clock times, except per-root-class counters, that are sum over
[113.668s][info][gc,stats    ] all workers. Dividing the <total> over the root stage time estimates parallelism.
[113.668s][info][gc,stats    ] 
[113.668s][info][gc,stats    ] Concurrent Reset                    944 us
[113.668s][info][gc,stats    ] Pause Init Mark (G)               25067 us
[113.668s][info][gc,stats    ] Pause Init Mark (N)                 152 us
[113.668s][info][gc,stats    ]   Update Region States               46 us
[113.668s][info][gc,stats    ] Concurrent Mark Roots               785 us, parallelism: 0.73x
[113.668s][info][gc,stats    ]   CMR: <total>                      575 us
[113.668s][info][gc,stats    ]   CMR: Thread Roots                 513 us, workers (us): 513, ---, ---, 
[113.668s][info][gc,stats    ]   CMR: VM Strong Roots                9 us, workers (us):   9, ---, ---, 
[113.668s][info][gc,stats    ]   CMR: CLDG Roots                    53 us, workers (us):  53, ---, ---, 
[113.668s][info][gc,stats    ] Concurrent Marking                20344 us
[113.668s][info][gc,stats    ] Pause Final Mark (G)              15469 us
[113.668s][info][gc,stats    ] Pause Final Mark (N)                243 us
[113.668s][info][gc,stats    ]   Finish Mark                        53 us
[113.668s][info][gc,stats    ]   Update Region States               51 us
[113.668s][info][gc,stats    ]   Choose Collection Set              86 us
[113.668s][info][gc,stats    ]   Rebuild Free Set                    8 us
[113.668s][info][gc,stats    ] Concurrent Thread Roots             663 us, parallelism: 0.80x
[113.668s][info][gc,stats    ]   CTR: <total>                      528 us
[113.668s][info][gc,stats    ]   CTR: Thread Roots                 528 us, workers (us): 528, ---, ---, 
[113.668s][info][gc,stats    ] Concurrent Weak References           85 us, parallelism: 0.22x
[113.668s][info][gc,stats    ]   CWRF: <total>                      19 us
[113.668s][info][gc,stats    ]   CWRF: Weak References              19 us, workers (us):  19, ---, ---, 
[113.668s][info][gc,stats    ] Concurrent Weak Roots              3500 us
[113.668s][info][gc,stats    ]   Roots                            1221 us, parallelism: 0.97x
[113.668s][info][gc,stats    ]     CWR: <total>                   1180 us
[113.668s][info][gc,stats    ]     CWR: Code Cache Roots           968 us, workers (us): 968, ---, ---, 
[113.668s][info][gc,stats    ]     CWR: VM Weak Roots              199 us, workers (us): 199, ---, ---, 
[113.668s][info][gc,stats    ]     CWR: CLDG Roots                  12 us, workers (us):  12, ---, ---, 
[113.668s][info][gc,stats    ]   Rendezvous                       2196 us
[113.668s][info][gc,stats    ] Concurrent Cleanup                   57 us
[113.668s][info][gc,stats    ] Concurrent Class Unloading        12134 us
[113.668s][info][gc,stats    ]   Unlink Stale                     3391 us
[113.668s][info][gc,stats    ]     System Dictionary                11 us
[113.668s][info][gc,stats    ]     Weak Class Links                  0 us
[113.668s][info][gc,stats    ]     Code Roots                     3379 us
[113.668s][info][gc,stats    ]   Rendezvous                       8336 us
[113.668s][info][gc,stats    ]   Purge Unlinked                    315 us
[113.668s][info][gc,stats    ]     Code Roots                      305 us
[113.668s][info][gc,stats    ]     CLDG                              9 us
[113.668s][info][gc,stats    ]     Exception Caches                  0 us
[113.668s][info][gc,stats    ] Concurrent Strong Roots             107 us, parallelism: 0.48x
[113.668s][info][gc,stats    ]   CSR: <total>                       51 us
[113.668s][info][gc,stats    ]   CSR: VM Strong Roots                4 us, workers (us):   4, ---, ---, 
[113.668s][info][gc,stats    ]   CSR: CLDG Roots                    47 us, workers (us):  47, ---, ---, 
[113.668s][info][gc,stats    ] Concurrent Evacuation              1026 us
[113.668s][info][gc,stats    ] Pause Init Update Refs (G)          272 us
[113.668s][info][gc,stats    ] Pause Init Update Refs (N)           35 us
[113.668s][info][gc,stats    ]   Manage GCLABs                       3 us
[113.668s][info][gc,stats    ] Concurrent Update Refs            93130 us
[113.668s][info][gc,stats    ] Concurrent Update Thread Roots      650 us
[113.668s][info][gc,stats    ] Pause Final Update Refs (G)       14298 us
[113.668s][info][gc,stats    ] Pause Final Update Refs (N)         119 us
[113.668s][info][gc,stats    ]   Update Region States               33 us
[113.668s][info][gc,stats    ]   Trash Collection Set                4 us
[113.668s][info][gc,stats    ]   Rebuild Free Set                   17 us
[113.668s][info][gc,stats    ] Concurrent Cleanup                  158 us
[113.668s][info][gc,stats    ] 
[113.668s][info][gc,stats    ] Allocation pacing accrued:
[113.668s][info][gc,stats    ]       0 of   314 ms (  0.0%): <total>
[113.668s][info][gc,stats    ]       0 of   314 ms (  0.0%): <average total>
[113.668s][info][gc,stats    ] 
[113.668s][info][gc,metaspace] Metaspace: 16459K(16768K)->16459K(16768K) NonClass: 14110K(14272K)->14110K(14272K) Class: 2348K(2496K)->2348K(2496K)
[113.668s][info][gc,ergo     ] Pacer for Idle. Initial: 163M, Alloc Tax Rate: 1.0x
[117.667s][info][gc          ] Trigger: Learning 4 of 5. Free (5708M) is below initial threshold (5734M)
[117.667s][info][gc,ergo     ] Free: 5708M, Max: 4096K regular, 5692M humongous, Frag: 0% external, 0% internal; Reserve: 412M, Max: 4096K
[117.667s][info][gc,start    ] GC(53) Concurrent reset
[117.667s][info][gc,task     ] GC(53) Using 1 of 3 workers for concurrent reset
[117.667s][info][gc,ergo     ] GC(53) Pacer for Reset. Non-Taxable: 8192M
[117.668s][info][gc          ] GC(53) Concurrent reset 0.842ms
[117.668s][info][gc,start    ] GC(53) Pause Init Mark (unload classes)
[117.668s][info][gc,task     ] GC(53) Using 3 of 3 workers for init marking
[117.668s][info][gc,ergo     ] GC(53) Pacer for Mark. Expected Live: 118M, Free: 5708M, Non-Taxable: 570M, Alloc Tax Rate: 0.0x
[117.668s][info][gc          ] GC(53) Pause Init Mark (unload classes) 0.188ms
[117.668s][info][gc,start    ] GC(53) Concurrent marking roots
[117.668s][info][gc,task     ] GC(53) Using 1 of 3 workers for concurrent marking roots
[117.669s][info][gc          ] GC(53) Concurrent marking roots 0.958ms
[117.669s][info][gc,start    ] GC(53) Concurrent marking (unload classes)
[117.669s][info][gc,task     ] GC(53) Using 1 of 3 workers for concurrent marking
[117.993s][info][gc          ] GC(53) Concurrent marking (unload classes) 323.816ms
[117.993s][info][gc,start    ] GC(53) Pause Final Mark (unload classes)
[117.993s][info][gc,task     ] GC(53) Using 3 of 3 workers for final marking
[117.994s][info][gc,ergo     ] GC(53) Adaptive CSet Selection. Target Free: 1160M, Actual Free: 7324M, Max CSet: 341M, Min Garbage: 0B
[117.994s][info][gc,ergo     ] GC(53) Collectable Garbage: 1910M (99%), Immediate: 1676M (87%), CSet: 234M (12%)
[117.994s][info][gc,ergo     ] GC(53) Pacer for Evacuation. Used CSet: 389M, Free: 6926M, Non-Taxable: 692M, Alloc Tax Rate: 1.1x
[117.994s][info][gc          ] GC(53) Pause Final Mark (unload classes) 0.242ms
[117.994s][info][gc,start    ] GC(53) Concurrent thread roots
[117.994s][info][gc,task     ] GC(53) Using 1 of 3 workers for Concurrent thread roots
[117.994s][info][gc          ] GC(53) Concurrent thread roots 0.660ms
[117.994s][info][gc,start    ] GC(53) Concurrent weak references
[117.994s][info][gc,task     ] GC(53) Using 1 of 3 workers for concurrent weak references
[117.994s][info][gc,ref      ] GC(53) Encountered references: Soft: 173, Weak: 991, Final: 0, Phantom: 41
[117.994s][info][gc,ref      ] GC(53) Discovered  references: Soft: 0, Weak: 213, Final: 0, Phantom: 24
[117.994s][info][gc,ref      ] GC(53) Enqueued    references: Soft: 0, Weak: 6, Final: 0, Phantom: 0
[117.994s][info][gc          ] GC(53) Concurrent weak references 0.145ms
[117.994s][info][gc,start    ] GC(53) Concurrent weak roots
[117.994s][info][gc,task     ] GC(53) Using 1 of 3 workers for concurrent weak root
[117.995s][info][gc          ] GC(53) Concurrent weak roots 0.960ms
[117.995s][info][gc,start    ] GC(53) Concurrent cleanup
[117.995s][info][gc          ] GC(53) Concurrent cleanup 2531M->855M(8192M) 0.041ms
[117.996s][info][gc,ergo     ] GC(53) Free: 6922M, Max: 4096K regular, 5232M humongous, Frag: 25% external, 0% internal; Reserve: 411M, Max: 4096K
[117.996s][info][gc,start    ] GC(53) Concurrent class unloading
[117.996s][info][gc,task     ] GC(53) Using 1 of 3 workers for concurrent class unloading
[117.999s][info][gc          ] GC(53) Concurrent class unloading 3.490ms
[117.999s][info][gc,start    ] GC(53) Concurrent strong roots
[117.999s][info][gc,task     ] GC(53) Using 1 of 3 workers for concurrent strong root
[117.999s][info][gc          ] GC(53) Concurrent strong roots 0.138ms
[117.999s][info][gc,start    ] GC(53) Concurrent evacuation
[117.999s][info][gc,task     ] GC(53) Using 1 of 3 workers for concurrent evacuation
[118.138s][info][gc          ] GC(53) Concurrent evacuation 138.402ms
[118.138s][info][gc,start    ] GC(53) Pause Init Update Refs
[118.138s][info][gc,ergo     ] GC(53) Pacer for Update Refs. Used: 1146M, Free: 6786M, Non-Taxable: 678M, Alloc Tax Rate: 1.1x
[118.138s][info][gc          ] GC(53) Pause Init Update Refs 0.092ms
[118.138s][info][gc,start    ] GC(53) Concurrent update references
[118.138s][info][gc,task     ] GC(53) Using 1 of 3 workers for concurrent reference update
[118.606s][info][gc          ] GC(53) Concurrent update references 468.289ms
[118.606s][info][gc,start    ] GC(53) Concurrent update thread roots
[118.607s][info][gc          ] GC(53) Concurrent update thread roots 0.803ms
[118.607s][info][gc,start    ] GC(53) Pause Final Update Refs
[118.607s][info][gc,task     ] GC(53) Using 3 of 3 workers for final reference update
[118.607s][info][gc          ] GC(53) Pause Final Update Refs 0.130ms
[118.607s][info][gc,start    ] GC(53) Concurrent cleanup
[118.607s][info][gc          ] GC(53) Concurrent cleanup 1269M->880M(8192M) 0.024ms
[118.607s][info][gc,ergo     ] Free: 6899M, Max: 4096K regular, 5080M humongous, Frag: 27% external, 0% internal; Reserve: 412M, Max: 4096K
[118.607s][info][gc,stats    ] 
[118.607s][info][gc,stats    ] All times are wall-clock times, except per-root-class counters, that are sum over
[118.607s][info][gc,stats    ] all workers. Dividing the <total> over the root stage time estimates parallelism.
[118.607s][info][gc,stats    ] 
[118.607s][info][gc,stats    ] Concurrent Reset                    891 us
[118.607s][info][gc,stats    ] Pause Init Mark (G)                 365 us
[118.607s][info][gc,stats    ] Pause Init Mark (N)                 204 us
[118.607s][info][gc,stats    ]   Update Region States               78 us
[118.607s][info][gc,stats    ] Concurrent Mark Roots               976 us, parallelism: 0.84x
[118.607s][info][gc,stats    ]   CMR: <total>                      824 us
[118.607s][info][gc,stats    ]   CMR: Thread Roots                 749 us, workers (us): 749, ---, ---, 
[118.607s][info][gc,stats    ]   CMR: VM Strong Roots                6 us, workers (us):   6, ---, ---, 
[118.608s][info][gc,stats    ]   CMR: CLDG Roots                    68 us, workers (us):  68, ---, ---, 
[118.608s][info][gc,stats    ] Concurrent Marking               323884 us
[118.608s][info][gc,stats    ] Pause Final Mark (G)                361 us
[118.608s][info][gc,stats    ] Pause Final Mark (N)                250 us
[118.608s][info][gc,stats    ]   Finish Mark                        78 us
[118.608s][info][gc,stats    ]   Update Region States               42 us
[118.608s][info][gc,stats    ]   Choose Collection Set              53 us
[118.608s][info][gc,stats    ]   Rebuild Free Set                    8 us
[118.608s][info][gc,stats    ] Concurrent Thread Roots             678 us, parallelism: 0.83x
[118.608s][info][gc,stats    ]   CTR: <total>                      561 us
[118.608s][info][gc,stats    ]   CTR: Thread Roots                 561 us, workers (us): 561, ---, ---, 
[118.608s][info][gc,stats    ] Concurrent Weak References          156 us, parallelism: 0.12x
[118.608s][info][gc,stats    ]   CWRF: <total>                      19 us
[118.608s][info][gc,stats    ]   CWRF: Weak References              19 us, workers (us):  19, ---, ---, 
[118.608s][info][gc,stats    ] Concurrent Weak Roots               977 us
[118.608s][info][gc,stats    ]   Roots                             883 us, parallelism: 0.95x
[118.608s][info][gc,stats    ]     CWR: <total>                    843 us
[118.608s][info][gc,stats    ]     CWR: Code Cache Roots           636 us, workers (us): 636, ---, ---, 
[118.608s][info][gc,stats    ]     CWR: VM Weak Roots              198 us, workers (us): 198, ---, ---, 
[118.608s][info][gc,stats    ]     CWR: CLDG Roots                   8 us, workers (us):   8, ---, ---, 
[118.608s][info][gc,stats    ]   Rendezvous                         61 us
[118.608s][info][gc,stats    ] Concurrent Cleanup                   49 us
[118.608s][info][gc,stats    ] Concurrent Class Unloading         3553 us
[118.608s][info][gc,stats    ]   Unlink Stale                     3245 us
[118.608s][info][gc,stats    ]     System Dictionary                10 us
[118.608s][info][gc,stats    ]     Weak Class Links                  0 us
[118.608s][info][gc,stats    ]     Code Roots                     3234 us
[118.608s][info][gc,stats    ]   Rendezvous                         64 us
[118.608s][info][gc,stats    ]   Purge Unlinked                    162 us
[118.608s][info][gc,stats    ]     Code Roots                      153 us
[118.608s][info][gc,stats    ]     CLDG                              8 us
[118.608s][info][gc,stats    ]     Exception Caches                  0 us
[118.608s][info][gc,stats    ] Concurrent Strong Roots             175 us, parallelism: 0.23x
[118.608s][info][gc,stats    ]   CSR: <total>                       40 us
[118.608s][info][gc,stats    ]   CSR: VM Strong Roots                3 us, workers (us):   3, ---, ---, 
[118.608s][info][gc,stats    ]   CSR: CLDG Roots                    37 us, workers (us):  37, ---, ---, 
[118.608s][info][gc,stats    ] Concurrent Evacuation            138479 us
[118.608s][info][gc,stats    ] Pause Init Update Refs (G)          242 us
[118.608s][info][gc,stats    ] Pause Init Update Refs (N)          110 us
[118.608s][info][gc,stats    ]   Manage GCLABs                       4 us
[118.608s][info][gc,stats    ] Concurrent Update Refs           468355 us
[118.608s][info][gc,stats    ] Concurrent Update Thread Roots      821 us
[118.608s][info][gc,stats    ] Pause Final Update Refs (G)         208 us
[118.608s][info][gc,stats    ] Pause Final Update Refs (N)         141 us
[118.608s][info][gc,stats    ]   Update Region States               54 us
[118.608s][info][gc,stats    ]   Trash Collection Set                4 us
[118.608s][info][gc,stats    ]   Rebuild Free Set                   17 us
[118.608s][info][gc,stats    ] Concurrent Cleanup                   33 us
[118.608s][info][gc,stats    ] 
[118.608s][info][gc,stats    ] Allocation pacing accrued:
[118.608s][info][gc,stats    ]       0 of  4940 ms (  0.0%): <total>
[118.608s][info][gc,stats    ]       0 of  4940 ms (  0.0%): <average total>
[118.608s][info][gc,stats    ] 
[118.608s][info][gc,metaspace] Metaspace: 16459K(16768K)->16459K(16768K) NonClass: 14110K(14272K)->14110K(14272K) Class: 2348K(2496K)->2348K(2496K)
[118.608s][info][gc,ergo     ] Pacer for Idle. Initial: 163M, Alloc Tax Rate: 1.0x
[119.958s][info][gc          ] Trigger: Explicit GC request (System.gc())
[119.959s][info][gc,ergo     ] Free: 6314M, Max: 4096K regular, 5080M humongous, Frag: 20% external, 0% internal; Reserve: 412M, Max: 4096K
[119.959s][info][gc,start    ] GC(54) Concurrent reset
[119.959s][info][gc,task     ] GC(54) Using 1 of 3 workers for concurrent reset
[119.959s][info][gc,ergo     ] GC(54) Pacer for Reset. Non-Taxable: 8192M
[119.961s][info][gc          ] GC(54) Concurrent reset 2.452ms
[119.961s][info][gc,start    ] GC(54) Pause Init Mark (unload classes)
[119.961s][info][gc,task     ] GC(54) Using 3 of 3 workers for init marking
[119.961s][info][gc,ref      ] GC(54) Clearing All SoftReferences
[119.961s][info][gc,ergo     ] GC(54) Pacer for Mark. Expected Live: 118M, Free: 6314M, Non-Taxable: 631M, Alloc Tax Rate: 0.0x
[119.961s][info][gc          ] GC(54) Pause Init Mark (unload classes) 0.196ms
[119.961s][info][gc,start    ] GC(54) Concurrent marking roots
[119.962s][info][gc,task     ] GC(54) Using 1 of 3 workers for concurrent marking roots
[119.962s][info][gc          ] GC(54) Concurrent marking roots 0.682ms
[119.962s][info][gc,start    ] GC(54) Concurrent marking (unload classes)
[119.962s][info][gc,task     ] GC(54) Using 1 of 3 workers for concurrent marking
[119.968s][info][gc          ] GC(54) Concurrent marking (unload classes) 5.514ms
[119.968s][info][gc,start    ] GC(54) Pause Final Mark (unload classes)
[119.968s][info][gc,task     ] GC(54) Using 3 of 3 workers for final marking
[119.968s][info][gc,ergo     ] GC(54) Collectable Garbage: 1439M (98%), Immediate: 1439M (98%), CSet: 0B (0%)
[119.968s][info][gc          ] GC(54) Pause Final Mark (unload classes) 0.460ms
[119.968s][info][gc,start    ] GC(54) Concurrent weak references
[119.968s][info][gc,task     ] GC(54) Using 1 of 3 workers for concurrent weak references
[119.968s][info][gc,ref      ] GC(54) Encountered references: Soft: 172, Weak: 988, Final: 0, Phantom: 41
[119.968s][info][gc,ref      ] GC(54) Discovered  references: Soft: 108, Weak: 218, Final: 0, Phantom: 24
[119.969s][info][gc,ref      ] GC(54) Enqueued    references: Soft: 4, Weak: 5, Final: 0, Phantom: 0
[119.969s][info][gc          ] GC(54) Concurrent weak references 0.171ms
[119.969s][info][gc,start    ] GC(54) Concurrent weak roots
[119.969s][info][gc,task     ] GC(54) Using 1 of 3 workers for concurrent weak root
[119.970s][info][gc          ] GC(54) Concurrent weak roots 0.956ms
[119.970s][info][gc,start    ] GC(54) Concurrent cleanup
[119.970s][info][gc          ] GC(54) Concurrent cleanup 1465M->25M(8192M) 0.042ms
[119.970s][info][gc,ergo     ] GC(54) Free: 7754M, Max: 4096K regular, 6908M humongous, Frag: 11% external, 0% internal; Reserve: 412M, Max: 4096K
[119.970s][info][gc,start    ] GC(54) Concurrent class unloading
[119.970s][info][gc,task     ] GC(54) Using 1 of 3 workers for concurrent class unloading
[119.976s][info][gc          ] GC(54) Concurrent class unloading 6.229ms
[119.976s][info][gc,start    ] GC(54) Pause Final Roots
[119.976s][info][gc          ] GC(54) Pause Final Roots 0.047ms
[119.976s][info][gc,ergo     ] Free: 7754M, Max: 4096K regular, 6908M humongous, Frag: 11% external, 0% internal; Reserve: 412M, Max: 4096K
[119.976s][info][gc,stats    ] 
[119.976s][info][gc,stats    ] All times are wall-clock times, except per-root-class counters, that are sum over
[119.976s][info][gc,stats    ] all workers. Dividing the <total> over the root stage time estimates parallelism.
[119.976s][info][gc,stats    ] 
[119.976s][info][gc,stats    ] Concurrent Reset                   2537 us
[119.976s][info][gc,stats    ] Pause Init Mark (G)                 334 us
[119.976s][info][gc,stats    ] Pause Init Mark (N)                 205 us
[119.976s][info][gc,stats    ]   Update Region States              100 us
[119.976s][info][gc,stats    ] Concurrent Mark Roots               700 us, parallelism: 0.76x
[119.976s][info][gc,stats    ]   CMR: <total>                      533 us
[119.976s][info][gc,stats    ]   CMR: Thread Roots                 484 us, workers (us): 484, ---, ---, 
[119.976s][info][gc,stats    ]   CMR: VM Strong Roots                5 us, workers (us):   5, ---, ---, 
[119.976s][info][gc,stats    ]   CMR: CLDG Roots                    44 us, workers (us):  44, ---, ---, 
[119.976s][info][gc,stats    ] Concurrent Marking                 5576 us
[119.976s][info][gc,stats    ] Pause Final Mark (G)                604 us
[119.977s][info][gc,stats    ] Pause Final Mark (N)                485 us
[119.977s][info][gc,stats    ]   Finish Mark                       159 us
[119.977s][info][gc,stats    ]   Update Region States              124 us
[119.977s][info][gc,stats    ]   Choose Collection Set              77 us
[119.977s][info][gc,stats    ]   Rebuild Free Set                   21 us
[119.977s][info][gc,stats    ] Concurrent Weak References          187 us, parallelism: 0.06x
[119.977s][info][gc,stats    ]   CWRF: <total>                      11 us
[119.977s][info][gc,stats    ]   CWRF: Weak References              11 us, workers (us):  11, ---, ---, 
[119.977s][info][gc,stats    ] Concurrent Weak Roots               986 us
[119.977s][info][gc,stats    ]   Roots                             859 us, parallelism: 0.93x
[119.977s][info][gc,stats    ]     CWR: <total>                    798 us
[119.977s][info][gc,stats    ]     CWR: Code Cache Roots           601 us, workers (us): 601, ---, ---, 
[119.977s][info][gc,stats    ]     CWR: VM Weak Roots              190 us, workers (us): 190, ---, ---, 
[119.977s][info][gc,stats    ]     CWR: CLDG Roots                   7 us, workers (us):   7, ---, ---, 
[119.977s][info][gc,stats    ]   Rendezvous                         63 us
[119.977s][info][gc,stats    ] Concurrent Cleanup                   50 us
[119.977s][info][gc,stats    ] Concurrent Class Unloading         6293 us
[119.977s][info][gc,stats    ]   Unlink Stale                     5838 us
[119.977s][info][gc,stats    ]     System Dictionary                58 us
[119.977s][info][gc,stats    ]     Weak Class Links               1793 us
[119.977s][info][gc,stats    ]     Code Roots                     3985 us
[119.977s][info][gc,stats    ]   Rendezvous                        111 us
[119.977s][info][gc,stats    ]   Purge Unlinked                    260 us
[119.977s][info][gc,stats    ]     Code Roots                      231 us
[119.977s][info][gc,stats    ]     CLDG                             28 us
[119.977s][info][gc,stats    ]     Exception Caches                  0 us
[119.977s][info][gc,stats    ] Pause Final Roots (G)               275 us
[119.977s][info][gc,stats    ] Pause Final Roots (N)                57 us
[119.977s][info][gc,stats    ] 
[119.977s][info][gc,stats    ] Allocation pacing accrued:
[119.977s][info][gc,stats    ]       0 of  1369 ms (  0.0%): <total>
[119.977s][info][gc,stats    ]       0 of  1369 ms (  0.0%): <average total>
[119.977s][info][gc,stats    ] 
[119.977s][info][gc,metaspace] Metaspace: 16461K(16768K)->16458K(16768K) NonClass: 14113K(14272K)->14111K(14272K) Class: 2348K(2496K)->2347K(2496K)
[119.977s][info][gc,ergo     ] Pacer for Idle. Initial: 163M, Alloc Tax Rate: 1.0x
[121.685s][info][gc          ] Trigger: Average GC time (1079.31 ms) is above the time for instantaneous allocation rate (5462 MB/s) to deplete free headroom (5708M) (spike threshold = 1.74)
[121.685s][info][gc,ergo     ] Free: 6117M, Max: 4096K regular, 6104M humongous, Frag: 0% external, 0% internal; Reserve: 412M, Max: 4096K
[121.685s][info][gc,start    ] GC(55) Concurrent reset
[121.685s][info][gc,task     ] GC(55) Using 1 of 3 workers for concurrent reset
[121.685s][info][gc,ergo     ] GC(55) Pacer for Reset. Non-Taxable: 8192M
[121.685s][info][gc          ] GC(55) Concurrent reset 0.387ms
[121.686s][info][gc,start    ] GC(55) Pause Init Mark (unload classes)
[121.686s][info][gc,task     ] GC(55) Using 3 of 3 workers for init marking
[121.686s][info][gc,ergo     ] GC(55) Pacer for Mark. Expected Live: 36030K, Free: 6113M, Non-Taxable: 611M, Alloc Tax Rate: 0.0x
[121.686s][info][gc          ] GC(55) Pause Init Mark (unload classes) 0.098ms
[121.701s][info][gc,start    ] GC(55) Concurrent marking roots
[121.701s][info][gc,task     ] GC(55) Using 1 of 3 workers for concurrent marking roots
[121.702s][info][gc          ] GC(55) Concurrent marking roots 0.808ms
[121.702s][info][gc,start    ] GC(55) Concurrent marking (unload classes)
[121.702s][info][gc,task     ] GC(55) Using 1 of 3 workers for concurrent marking
[121.716s][info][gc          ] GC(55) Concurrent marking (unload classes) 14.643ms
[121.716s][info][gc,start    ] GC(55) Pause Final Mark (unload classes)
[121.716s][info][gc,task     ] GC(55) Using 3 of 3 workers for final marking
[121.717s][info][gc,ergo     ] GC(55) Adaptive CSet Selection. Target Free: 1160M, Actual Free: 7864M, Max CSet: 341M, Min Garbage: 0B
[121.717s][info][gc,ergo     ] GC(55) Collectable Garbage: 1659M (99%), Immediate: 1500M (90%), CSet: 159M (9%)
[121.717s][info][gc,ergo     ] GC(55) Pacer for Evacuation. Used CSet: 160M, Free: 7465M, Non-Taxable: 746M, Alloc Tax Rate: 1.1x
[121.717s][info][gc          ] GC(55) Pause Final Mark (unload classes) 0.257ms
[121.732s][info][gc,start    ] GC(55) Concurrent thread roots
[121.732s][info][gc,task     ] GC(55) Using 1 of 3 workers for Concurrent thread roots
[121.733s][info][gc          ] GC(55) Concurrent thread roots 0.729ms
[121.733s][info][gc,start    ] GC(55) Concurrent weak references
[121.733s][info][gc,task     ] GC(55) Using 1 of 3 workers for concurrent weak references
[121.733s][info][gc,ref      ] GC(55) Encountered references: Soft: 173, Weak: 995, Final: 0, Phantom: 41
[121.733s][info][gc,ref      ] GC(55) Discovered  references: Soft: 0, Weak: 206, Final: 0, Phantom: 24
[121.733s][info][gc,ref      ] GC(55) Enqueued    references: Soft: 0, Weak: 4, Final: 0, Phantom: 0
[121.733s][info][gc          ] GC(55) Concurrent weak references 0.081ms
[121.733s][info][gc,start    ] GC(55) Concurrent weak roots
[121.733s][info][gc,task     ] GC(55) Using 1 of 3 workers for concurrent weak root
[121.748s][info][gc          ] GC(55) Concurrent weak roots 15.007ms
[121.748s][info][gc,start    ] GC(55) Concurrent cleanup
[121.748s][info][gc          ] GC(55) Concurrent cleanup 1931M->431M(8192M) 0.058ms
[121.748s][info][gc,ergo     ] GC(55) Free: 7350M, Max: 4096K regular, 5836M humongous, Frag: 21% external, 0% internal; Reserve: 410M, Max: 4096K
[121.748s][info][gc,start    ] GC(55) Concurrent class unloading
[121.748s][info][gc,task     ] GC(55) Using 1 of 3 workers for concurrent class unloading
[121.764s][info][gc          ] GC(55) Concurrent class unloading 15.895ms
[121.764s][info][gc,start    ] GC(55) Concurrent strong roots
[121.764s][info][gc,task     ] GC(55) Using 1 of 3 workers for concurrent strong root
[121.764s][info][gc          ] GC(55) Concurrent strong roots 0.108ms
[121.764s][info][gc,start    ] GC(55) Concurrent evacuation
[121.764s][info][gc,task     ] GC(55) Using 1 of 3 workers for concurrent evacuation
[121.765s][info][gc          ] GC(55) Concurrent evacuation 1.078ms
[121.765s][info][gc,start    ] GC(55) Pause Init Update Refs
[121.765s][info][gc,ergo     ] GC(55) Pacer for Update Refs. Used: 491M, Free: 7290M, Non-Taxable: 729M, Alloc Tax Rate: 1.1x
[121.765s][info][gc          ] GC(55) Pause Init Update Refs 0.053ms
[121.779s][info][gc,start    ] GC(55) Concurrent update references
[121.779s][info][gc,task     ] GC(55) Using 1 of 3 workers for concurrent reference update
[121.842s][info][gc          ] GC(55) Concurrent update references 62.950ms
[121.842s][info][gc,start    ] GC(55) Concurrent update thread roots
[121.843s][info][gc          ] GC(55) Concurrent update thread roots 0.626ms
[121.843s][info][gc,start    ] GC(55) Pause Final Update Refs
[121.843s][info][gc,task     ] GC(55) Using 3 of 3 workers for final reference update
[121.843s][info][gc          ] GC(55) Pause Final Update Refs 0.102ms
[121.858s][info][gc,start    ] GC(55) Concurrent cleanup
[121.858s][info][gc          ] GC(55) Concurrent cleanup 799M->667M(8192M) 0.142ms
[121.858s][info][gc,ergo     ] Free: 7112M, Max: 4096K regular, 5840M humongous, Frag: 18% external, 0% internal; Reserve: 412M, Max: 4096K
[121.858s][info][gc,stats    ] 
[121.858s][info][gc,stats    ] All times are wall-clock times, except per-root-class counters, that are sum over
[121.858s][info][gc,stats    ] all workers. Dividing the <total> over the root stage time estimates parallelism.
[121.858s][info][gc,stats    ] 
[121.858s][info][gc,stats    ] Concurrent Reset                    412 us
[121.858s][info][gc,stats    ] Pause Init Mark (G)               15293 us
[121.858s][info][gc,stats    ] Pause Init Mark (N)                 108 us
[121.858s][info][gc,stats    ]   Update Region States               32 us
[121.858s][info][gc,stats    ] Concurrent Mark Roots               828 us, parallelism: 0.79x
[121.858s][info][gc,stats    ]   CMR: <total>                      651 us
[121.858s][info][gc,stats    ]   CMR: Thread Roots                 577 us, workers (us): 577, ---, ---, 
[121.858s][info][gc,stats    ]   CMR: VM Strong Roots                8 us, workers (us):   8, ---, ---, 
[121.858s][info][gc,stats    ]   CMR: CLDG Roots                    66 us, workers (us):  66, ---, ---, 
[121.858s][info][gc,stats    ] Concurrent Marking                14745 us
[121.858s][info][gc,stats    ] Pause Final Mark (G)              15458 us
[121.858s][info][gc,stats    ] Pause Final Mark (N)                266 us
[121.858s][info][gc,stats    ]   Finish Mark                        50 us
[121.858s][info][gc,stats    ]   Update Region States               55 us
[121.858s][info][gc,stats    ]   Choose Collection Set              85 us
[121.858s][info][gc,stats    ]   Rebuild Free Set                    8 us
[121.858s][info][gc,stats    ] Concurrent Thread Roots             755 us, parallelism: 0.79x
[121.858s][info][gc,stats    ]   CTR: <total>                      594 us
[121.858s][info][gc,stats    ]   CTR: Thread Roots                 594 us, workers (us): 594, ---, ---, 
[121.858s][info][gc,stats    ] Concurrent Weak References           88 us, parallelism: 0.24x
[121.858s][info][gc,stats    ]   CWRF: <total>                      21 us
[121.858s][info][gc,stats    ]   CWRF: Weak References              21 us, workers (us):  21, ---, ---, 
[121.858s][info][gc,stats    ] Concurrent Weak Roots             15105 us
[121.858s][info][gc,stats    ]   Roots                            1113 us, parallelism: 0.96x
[121.858s][info][gc,stats    ]     CWR: <total>                   1069 us
[121.858s][info][gc,stats    ]     CWR: Code Cache Roots           908 us, workers (us): 908, ---, ---, 
[121.858s][info][gc,stats    ]     CWR: VM Weak Roots              150 us, workers (us): 150, ---, ---, 
[121.858s][info][gc,stats    ]     CWR: CLDG Roots                  11 us, workers (us):  11, ---, ---, 
[121.858s][info][gc,stats    ]   Rendezvous                      13869 us
[121.858s][info][gc,stats    ] Concurrent Cleanup                   67 us
[121.858s][info][gc,stats    ] Concurrent Class Unloading        15959 us
[121.858s][info][gc,stats    ]   Unlink Stale                     3522 us
[121.858s][info][gc,stats    ]     System Dictionary                17 us
[121.858s][info][gc,stats    ]     Weak Class Links                  0 us
[121.858s][info][gc,stats    ]     Code Roots                     3503 us
[121.858s][info][gc,stats    ]   Rendezvous                      12032 us
[121.858s][info][gc,stats    ]   Purge Unlinked                    318 us
[121.858s][info][gc,stats    ]     Code Roots                      312 us
[121.858s][info][gc,stats    ]     CLDG                              6 us
[121.858s][info][gc,stats    ]     Exception Caches                  0 us
[121.858s][info][gc,stats    ] Concurrent Strong Roots             119 us, parallelism: 0.44x
[121.858s][info][gc,stats    ]   CSR: <total>                       52 us
[121.858s][info][gc,stats    ]   CSR: VM Strong Roots                3 us, workers (us):   3, ---, ---, 
[121.858s][info][gc,stats    ]   CSR: CLDG Roots                    49 us, workers (us):  49, ---, ---, 
[121.858s][info][gc,stats    ] Concurrent Evacuation              1121 us
[121.858s][info][gc,stats    ] Pause Init Update Refs (G)        14076 us
[121.858s][info][gc,stats    ] Pause Init Update Refs (N)           63 us
[121.858s][info][gc,stats    ]   Manage GCLABs                       3 us
[121.858s][info][gc,stats    ] Concurrent Update Refs            63020 us
[121.858s][info][gc,stats    ] Concurrent Update Thread Roots      643 us
[121.858s][info][gc,stats    ] Pause Final Update Refs (G)       14732 us
[121.858s][info][gc,stats    ] Pause Final Update Refs (N)         113 us
[121.858s][info][gc,stats    ]   Update Region States               37 us
[121.858s][info][gc,stats    ]   Trash Collection Set                4 us
[121.858s][info][gc,stats    ]   Rebuild Free Set                   14 us
[121.858s][info][gc,stats    ] Concurrent Cleanup                  155 us
[121.858s][info][gc,stats    ] 
[121.858s][info][gc,stats    ] Allocation pacing accrued:
[121.858s][info][gc,stats    ]       0 of  1881 ms (  0.0%): <total>
[121.858s][info][gc,stats    ]       0 of  1881 ms (  0.0%): <average total>
[121.858s][info][gc,stats    ] 
[121.858s][info][gc,metaspace] Metaspace: 16471K(16768K)->16471K(16768K) NonClass: 14123K(14272K)->14123K(14272K) Class: 2348K(2496K)->2348K(2496K)
[121.858s][info][gc,ergo     ] Pacer for Idle. Initial: 163M, Alloc Tax Rate: 1.0x
[125.275s][info][gc          ] Trigger: Learning 3 of 5. Free (5724M) is below initial threshold (5734M)
[125.275s][info][gc,ergo     ] Free: 5724M, Max: 4096K regular, 5708M humongous, Frag: 0% external, 0% internal; Reserve: 412M, Max: 4096K
[125.275s][info][gc,start    ] GC(56) Concurrent reset
[125.275s][info][gc,task     ] GC(56) Using 1 of 3 workers for concurrent reset
[125.275s][info][gc,ergo     ] GC(56) Pacer for Reset. Non-Taxable: 8192M
[125.276s][info][gc          ] GC(56) Concurrent reset 1.084ms
[125.276s][info][gc,start    ] GC(56) Pause Init Mark (unload classes)
[125.276s][info][gc,task     ] GC(56) Using 3 of 3 workers for init marking
[125.276s][info][gc,ergo     ] GC(56) Pacer for Mark. Expected Live: 36079K, Free: 5724M, Non-Taxable: 572M, Alloc Tax Rate: 0.0x
[125.276s][info][gc          ] GC(56) Pause Init Mark (unload classes) 0.121ms
[125.276s][info][gc,start    ] GC(56) Concurrent marking roots
[125.276s][info][gc,task     ] GC(56) Using 1 of 3 workers for concurrent marking roots
[125.277s][info][gc          ] GC(56) Concurrent marking roots 0.773ms
[125.277s][info][gc,start    ] GC(56) Concurrent marking (unload classes)
[125.277s][info][gc,task     ] GC(56) Using 1 of 3 workers for concurrent marking
[125.304s][info][gc          ] GC(56) Concurrent marking (unload classes) 27.262ms
[125.304s][info][gc,start    ] GC(56) Pause Final Mark (unload classes)
[125.304s][info][gc,task     ] GC(56) Using 3 of 3 workers for final marking
[125.305s][info][gc,ergo     ] GC(56) Collectable Garbage: 1996M (97%), Immediate: 1996M (97%), CSet: 0B (0%)
[125.305s][info][gc          ] GC(56) Pause Final Mark (unload classes) 0.277ms
[125.305s][info][gc,start    ] GC(56) Concurrent weak references
[125.305s][info][gc,task     ] GC(56) Using 1 of 3 workers for concurrent weak references
[125.305s][info][gc,ref      ] GC(56) Encountered references: Soft: 173, Weak: 997, Final: 0, Phantom: 41
[125.305s][info][gc,ref      ] GC(56) Discovered  references: Soft: 0, Weak: 215, Final: 0, Phantom: 24
[125.305s][info][gc,ref      ] GC(56) Enqueued    references: Soft: 0, Weak: 5, Final: 0, Phantom: 0
[125.305s][info][gc          ] GC(56) Concurrent weak references 0.300ms
[125.305s][info][gc,start    ] GC(56) Concurrent weak roots
[125.305s][info][gc,task     ] GC(56) Using 1 of 3 workers for concurrent weak root
[125.306s][info][gc          ] GC(56) Concurrent weak roots 0.979ms
[125.306s][info][gc,start    ] GC(56) Concurrent cleanup
[125.306s][info][gc          ] GC(56) Concurrent cleanup 2103M->107M(8192M) 0.042ms
[125.306s][info][gc,ergo     ] GC(56) Free: 7672M, Max: 4096K regular, 5660M humongous, Frag: 27% external, 0% internal; Reserve: 412M, Max: 4096K
[125.306s][info][gc,start    ] GC(56) Concurrent class unloading
[125.306s][info][gc,task     ] GC(56) Using 1 of 3 workers for concurrent class unloading
[125.310s][info][gc          ] GC(56) Concurrent class unloading 3.730ms
[125.310s][info][gc,start    ] GC(56) Pause Final Roots
[125.310s][info][gc          ] GC(56) Pause Final Roots 0.065ms
[125.310s][info][gc,ergo     ] Free: 7664M, Max: 4096K regular, 5660M humongous, Frag: 26% external, 0% internal; Reserve: 412M, Max: 4096K
[125.310s][info][gc,stats    ] 
[125.310s][info][gc,stats    ] All times are wall-clock times, except per-root-class counters, that are sum over
[125.310s][info][gc,stats    ] all workers. Dividing the <total> over the root stage time estimates parallelism.
[125.310s][info][gc,stats    ] 
[125.310s][info][gc,stats    ] Concurrent Reset                   1160 us
[125.310s][info][gc,stats    ] Pause Init Mark (G)                 264 us
[125.310s][info][gc,stats    ] Pause Init Mark (N)                 130 us
[125.310s][info][gc,stats    ]   Update Region States               58 us
[125.310s][info][gc,stats    ] Concurrent Mark Roots               795 us, parallelism: 0.82x
[125.310s][info][gc,stats    ]   CMR: <total>                      650 us
[125.310s][info][gc,stats    ]   CMR: Thread Roots                 607 us, workers (us): 607, ---, ---, 
[125.310s][info][gc,stats    ]   CMR: VM Strong Roots                4 us, workers (us):   4, ---, ---, 
[125.310s][info][gc,stats    ]   CMR: CLDG Roots                    38 us, workers (us):  38, ---, ---, 
[125.310s][info][gc,stats    ] Concurrent Marking                27342 us
[125.310s][info][gc,stats    ] Pause Final Mark (G)                400 us
[125.310s][info][gc,stats    ] Pause Final Mark (N)                287 us
[125.310s][info][gc,stats    ]   Finish Mark                       105 us
[125.310s][info][gc,stats    ]   Update Region States               65 us
[125.310s][info][gc,stats    ]   Choose Collection Set              35 us
[125.310s][info][gc,stats    ]   Rebuild Free Set                    8 us
[125.310s][info][gc,stats    ] Concurrent Weak References          308 us, parallelism: 0.07x
[125.310s][info][gc,stats    ]   CWRF: <total>                      21 us
[125.310s][info][gc,stats    ]   CWRF: Weak References              21 us, workers (us):  21, ---, ---, 
[125.310s][info][gc,stats    ] Concurrent Weak Roots               996 us
[125.310s][info][gc,stats    ]   Roots                             892 us, parallelism: 0.94x
[125.310s][info][gc,stats    ]     CWR: <total>                    840 us
[125.310s][info][gc,stats    ]     CWR: Code Cache Roots           736 us, workers (us): 736, ---, ---, 
[125.311s][info][gc,stats    ]     CWR: VM Weak Roots               95 us, workers (us):  95, ---, ---, 
[125.311s][info][gc,stats    ]     CWR: CLDG Roots                   9 us, workers (us):   9, ---, ---, 
[125.311s][info][gc,stats    ]   Rendezvous                         71 us
[125.311s][info][gc,stats    ] Concurrent Cleanup                   50 us
[125.311s][info][gc,stats    ] Concurrent Class Unloading         3794 us
[125.311s][info][gc,stats    ]   Unlink Stale                     3430 us
[125.311s][info][gc,stats    ]     System Dictionary                13 us
[125.311s][info][gc,stats    ]     Weak Class Links                  1 us
[125.311s][info][gc,stats    ]     Code Roots                     3415 us
[125.311s][info][gc,stats    ]   Rendezvous                        114 us
[125.311s][info][gc,stats    ]   Purge Unlinked                    165 us
[125.311s][info][gc,stats    ]     Code Roots                      156 us
[125.311s][info][gc,stats    ]     CLDG                              9 us
[125.311s][info][gc,stats    ]     Exception Caches                  0 us
[125.311s][info][gc,stats    ] Pause Final Roots (G)               197 us
[125.311s][info][gc,stats    ] Pause Final Roots (N)                88 us
[125.311s][info][gc,stats    ] 
[125.311s][info][gc,stats    ] Allocation pacing accrued:
[125.311s][info][gc,stats    ]       0 of  3453 ms (  0.0%): <total>
[125.311s][info][gc,stats    ]       0 of  3453 ms (  0.0%): <average total>
[125.311s][info][gc,stats    ] 
[125.311s][info][gc,metaspace] Metaspace: 16471K(16768K)->16471K(16768K) NonClass: 14123K(14272K)->14123K(14272K) Class: 2348K(2496K)->2348K(2496K)
[125.311s][info][gc,ergo     ] Pacer for Idle. Initial: 163M, Alloc Tax Rate: 1.0x
[127.582s][info][gc          ] Trigger: Explicit GC request (System.gc())
[127.582s][info][gc,ergo     ] Free: 6080M, Max: 4096K regular, 5660M humongous, Frag: 7% external, 0% internal; Reserve: 412M, Max: 4096K
[127.582s][info][gc,start    ] GC(57) Concurrent reset
[127.582s][info][gc,task     ] GC(57) Using 1 of 3 workers for concurrent reset
[127.582s][info][gc,ergo     ] GC(57) Pacer for Reset. Non-Taxable: 8192M
[127.583s][info][gc          ] GC(57) Concurrent reset 0.428ms
[127.583s][info][gc,start    ] GC(57) Pause Init Mark (unload classes)
[127.583s][info][gc,task     ] GC(57) Using 3 of 3 workers for init marking
[127.583s][info][gc,ref      ] GC(57) Clearing All SoftReferences
[127.583s][info][gc,ergo     ] GC(57) Pacer for Mark. Expected Live: 38472K, Free: 6080M, Non-Taxable: 608M, Alloc Tax Rate: 0.0x
[127.583s][info][gc          ] GC(57) Pause Init Mark (unload classes) 0.158ms
[127.583s][info][gc,start    ] GC(57) Concurrent marking roots
[127.583s][info][gc,task     ] GC(57) Using 1 of 3 workers for concurrent marking roots
[127.584s][info][gc          ] GC(57) Concurrent marking roots 0.629ms
[127.584s][info][gc,start    ] GC(57) Concurrent marking (unload classes)
[127.584s][info][gc,task     ] GC(57) Using 1 of 3 workers for concurrent marking
[127.588s][info][gc          ] GC(57) Concurrent marking (unload classes) 4.496ms
[127.588s][info][gc,start    ] GC(57) Pause Final Mark (unload classes)
[127.588s][info][gc,task     ] GC(57) Using 3 of 3 workers for final marking
[127.588s][info][gc,ergo     ] GC(57) Collectable Garbage: 1667M (98%), Immediate: 1667M (98%), CSet: 0B (0%)
[127.588s][info][gc          ] GC(57) Pause Final Mark (unload classes) 0.172ms
[127.589s][info][gc,start    ] GC(57) Concurrent weak references
[127.589s][info][gc,task     ] GC(57) Using 1 of 3 workers for concurrent weak references
[127.589s][info][gc,ref      ] GC(57) Encountered references: Soft: 172, Weak: 993, Final: 0, Phantom: 41
[127.589s][info][gc,ref      ] GC(57) Discovered  references: Soft: 108, Weak: 221, Final: 0, Phantom: 24
[127.589s][info][gc,ref      ] GC(57) Enqueued    references: Soft: 4, Weak: 8, Final: 0, Phantom: 0
[127.589s][info][gc          ] GC(57) Concurrent weak references 0.160ms
[127.589s][info][gc,start    ] GC(57) Concurrent weak roots
[127.589s][info][gc,task     ] GC(57) Using 1 of 3 workers for concurrent weak root
[127.590s][info][gc          ] GC(57) Concurrent weak roots 0.837ms
[127.590s][info][gc,start    ] GC(57) Concurrent cleanup
[127.590s][info][gc          ] GC(57) Concurrent cleanup 1698M->31M(8192M) 0.043ms
[127.590s][info][gc,ergo     ] GC(57) Free: 7748M, Max: 4096K regular, 5776M humongous, Frag: 26% external, 0% internal; Reserve: 412M, Max: 4096K
[127.590s][info][gc,start    ] GC(57) Concurrent class unloading
[127.590s][info][gc,task     ] GC(57) Using 1 of 3 workers for concurrent class unloading
[127.595s][info][gc          ] GC(57) Concurrent class unloading 4.996ms
[127.595s][info][gc,start    ] GC(57) Pause Final Roots
[127.595s][info][gc          ] GC(57) Pause Final Roots 0.034ms
[127.595s][info][gc,ergo     ] Free: 7748M, Max: 4096K regular, 5776M humongous, Frag: 26% external, 0% internal; Reserve: 412M, Max: 4096K
[127.595s][info][gc,stats    ] 
[127.595s][info][gc,stats    ] All times are wall-clock times, except per-root-class counters, that are sum over
[127.595s][info][gc,stats    ] all workers. Dividing the <total> over the root stage time estimates parallelism.
[127.595s][info][gc,stats    ] 
[127.595s][info][gc,stats    ] Concurrent Reset                    515 us
[127.595s][info][gc,stats    ] Pause Init Mark (G)                 262 us
[127.595s][info][gc,stats    ] Pause Init Mark (N)                 166 us
[127.595s][info][gc,stats    ]   Update Region States               87 us
[127.595s][info][gc,stats    ] Concurrent Mark Roots               649 us, parallelism: 0.80x
[127.595s][info][gc,stats    ]   CMR: <total>                      517 us
[127.595s][info][gc,stats    ]   CMR: Thread Roots                 472 us, workers (us): 472, ---, ---, 
[127.595s][info][gc,stats    ]   CMR: VM Strong Roots                4 us, workers (us):   4, ---, ---, 
[127.595s][info][gc,stats    ]   CMR: CLDG Roots                    40 us, workers (us):  40, ---, ---, 
[127.595s][info][gc,stats    ] Concurrent Marking                 4560 us
[127.595s][info][gc,stats    ] Pause Final Mark (G)                232 us
[127.595s][info][gc,stats    ] Pause Final Mark (N)                180 us
[127.595s][info][gc,stats    ]   Finish Mark                        71 us
[127.595s][info][gc,stats    ]   Update Region States               33 us
[127.595s][info][gc,stats    ]   Choose Collection Set              29 us
[127.595s][info][gc,stats    ]   Rebuild Free Set                    8 us
[127.595s][info][gc,stats    ] Concurrent Weak References          176 us, parallelism: 0.09x
[127.595s][info][gc,stats    ]   CWRF: <total>                      17 us
[127.595s][info][gc,stats    ]   CWRF: Weak References              17 us, workers (us):  17, ---, ---, 
[127.595s][info][gc,stats    ] Concurrent Weak Roots               865 us
[127.595s][info][gc,stats    ]   Roots                             768 us, parallelism: 0.92x
[127.595s][info][gc,stats    ]     CWR: <total>                    709 us
[127.595s][info][gc,stats    ]     CWR: Code Cache Roots           610 us, workers (us): 610, ---, ---, 
[127.595s][info][gc,stats    ]     CWR: VM Weak Roots               91 us, workers (us):  91, ---, ---, 
[127.595s][info][gc,stats    ]     CWR: CLDG Roots                   9 us, workers (us):   9, ---, ---, 
[127.595s][info][gc,stats    ]   Rendezvous                         38 us
[127.595s][info][gc,stats    ] Concurrent Cleanup                   51 us
[127.595s][info][gc,stats    ] Concurrent Class Unloading         5060 us
[127.595s][info][gc,stats    ]   Unlink Stale                     4641 us
[127.595s][info][gc,stats    ]     System Dictionary                60 us
[127.595s][info][gc,stats    ]     Weak Class Links               1750 us
[127.595s][info][gc,stats    ]     Code Roots                     2830 us
[127.595s][info][gc,stats    ]   Rendezvous                         55 us
[127.595s][info][gc,stats    ]   Purge Unlinked                    280 us
[127.595s][info][gc,stats    ]     Code Roots                      252 us
[127.595s][info][gc,stats    ]     CLDG                             27 us
[127.595s][info][gc,stats    ]     Exception Caches                  0 us
[127.595s][info][gc,stats    ] Pause Final Roots (G)               122 us
[127.595s][info][gc,stats    ] Pause Final Roots (N)                54 us
[127.595s][info][gc,stats    ] 
[127.595s][info][gc,stats    ] Allocation pacing accrued:
[127.595s][info][gc,stats    ]       0 of  2285 ms (  0.0%): <total>
[127.595s][info][gc,stats    ]       0 of  2285 ms (  0.0%): <average total>
[127.595s][info][gc,stats    ] 
[127.595s][info][gc,metaspace] Metaspace: 16473K(16768K)->16469K(16768K) NonClass: 14124K(14272K)->14121K(14272K) Class: 2348K(2496K)->2347K(2496K)
[127.595s][info][gc,ergo     ] Pacer for Idle. Initial: 163M, Alloc Tax Rate: 1.0x
[129.379s][info][gc          ] Trigger: Learning 2 of 5. Free (5692M) is below initial threshold (5734M)
[129.380s][info][gc,ergo     ] Free: 5692M, Max: 4096K regular, 5676M humongous, Frag: 0% external, 0% internal; Reserve: 412M, Max: 4096K
[129.380s][info][gc,start    ] GC(58) Concurrent reset
[129.380s][info][gc,task     ] GC(58) Using 1 of 3 workers for concurrent reset
[129.380s][info][gc,ergo     ] GC(58) Pacer for Reset. Non-Taxable: 8192M
[129.380s][info][gc          ] GC(58) Concurrent reset 0.358ms
[129.380s][info][gc,start    ] GC(58) Pause Init Mark (unload classes)
[129.380s][info][gc,task     ] GC(58) Using 3 of 3 workers for init marking
[129.380s][info][gc,ergo     ] GC(58) Pacer for Mark. Expected Live: 38422K, Free: 5692M, Non-Taxable: 569M, Alloc Tax Rate: 0.0x
[129.380s][info][gc          ] GC(58) Pause Init Mark (unload classes) 0.117ms
[129.411s][info][gc,start    ] GC(58) Concurrent marking roots
[129.411s][info][gc,task     ] GC(58) Using 1 of 3 workers for concurrent marking roots
[129.412s][info][gc          ] GC(58) Concurrent marking roots 0.832ms
[129.412s][info][gc,start    ] GC(58) Concurrent marking (unload classes)
[129.412s][info][gc,task     ] GC(58) Using 1 of 3 workers for concurrent marking
[129.427s][info][gc          ] GC(58) Concurrent marking (unload classes) 14.595ms
[129.427s][info][gc,start    ] GC(58) Pause Final Mark (unload classes)
[129.427s][info][gc,task     ] GC(58) Using 3 of 3 workers for final marking
[129.427s][info][gc,ergo     ] GC(58) Adaptive CSet Selection. Target Free: 1160M, Actual Free: 7736M, Max CSet: 341M, Min Garbage: 0B
[129.427s][info][gc,ergo     ] GC(58) Collectable Garbage: 2080M (99%), Immediate: 1880M (90%), CSet: 200M (9%)
[129.427s][info][gc,ergo     ] GC(58) Pacer for Evacuation. Used CSet: 201M, Free: 7337M, Non-Taxable: 733M, Alloc Tax Rate: 1.1x
[129.427s][info][gc          ] GC(58) Pause Final Mark (unload classes) 0.265ms
[129.427s][info][gc,start    ] GC(58) Concurrent thread roots
[129.427s][info][gc,task     ] GC(58) Using 1 of 3 workers for Concurrent thread roots
[129.428s][info][gc          ] GC(58) Concurrent thread roots 0.650ms
[129.428s][info][gc,start    ] GC(58) Concurrent weak references
[129.428s][info][gc,task     ] GC(58) Using 1 of 3 workers for concurrent weak references
[129.428s][info][gc,ref      ] GC(58) Encountered references: Soft: 173, Weak: 993, Final: 0, Phantom: 41
[129.428s][info][gc,ref      ] GC(58) Discovered  references: Soft: 0, Weak: 206, Final: 0, Phantom: 24
[129.428s][info][gc,ref      ] GC(58) Enqueued    references: Soft: 0, Weak: 5, Final: 0, Phantom: 0
[129.428s][info][gc          ] GC(58) Concurrent weak references 0.085ms
[129.428s][info][gc,start    ] GC(58) Concurrent weak roots
[129.428s][info][gc,task     ] GC(58) Using 1 of 3 workers for concurrent weak root
[129.442s][info][gc          ] GC(58) Concurrent weak roots 14.485ms
[129.442s][info][gc,start    ] GC(58) Concurrent cleanup
[129.442s][info][gc          ] GC(58) Concurrent cleanup 2392M->512M(8192M) 0.060ms
[129.442s][info][gc,ergo     ] GC(58) Free: 7266M, Max: 4096K regular, 5372M humongous, Frag: 26% external, 0% internal; Reserve: 410M, Max: 4096K
[129.442s][info][gc,start    ] GC(58) Concurrent class unloading
[129.442s][info][gc,task     ] GC(58) Using 1 of 3 workers for concurrent class unloading
[129.447s][info][gc          ] GC(58) Concurrent class unloading 5.013ms
[129.448s][info][gc,start    ] GC(58) Concurrent strong roots
[129.448s][info][gc,task     ] GC(58) Using 1 of 3 workers for concurrent strong root
[129.448s][info][gc          ] GC(58) Concurrent strong roots 0.097ms
[129.448s][info][gc,start    ] GC(58) Concurrent evacuation
[129.448s][info][gc,task     ] GC(58) Using 1 of 3 workers for concurrent evacuation
[129.449s][info][gc          ] GC(58) Concurrent evacuation 1.195ms
[129.449s][info][gc,start    ] GC(58) Pause Init Update Refs
[129.449s][info][gc,ergo     ] GC(58) Pacer for Update Refs. Used: 528M, Free: 7250M, Non-Taxable: 725M, Alloc Tax Rate: 1.1x
[129.449s][info][gc          ] GC(58) Pause Init Update Refs 0.045ms
[129.470s][info][gc,start    ] GC(58) Concurrent update references
[129.470s][info][gc,task     ] GC(58) Using 1 of 3 workers for concurrent reference update
[129.575s][info][gc          ] GC(58) Concurrent update references 104.915ms
[129.575s][info][gc,start    ] GC(58) Concurrent update thread roots
[129.584s][info][gc          ] GC(58) Concurrent update thread roots 8.574ms
[129.584s][info][gc,start    ] GC(58) Pause Final Update Refs
[129.584s][info][gc,task     ] GC(58) Using 3 of 3 workers for final reference update
[129.584s][info][gc          ] GC(58) Pause Final Update Refs 0.122ms
[129.597s][info][gc,start    ] GC(58) Concurrent cleanup
[129.597s][info][gc          ] GC(58) Concurrent cleanup 1028M->847M(8192M) 0.133ms
[129.597s][info][gc,ergo     ] Free: 6932M, Max: 4096K regular, 5372M humongous, Frag: 23% external, 0% internal; Reserve: 412M, Max: 4096K
[129.597s][info][gc,stats    ] 
[129.597s][info][gc,stats    ] All times are wall-clock times, except per-root-class counters, that are sum over
[129.597s][info][gc,stats    ] all workers. Dividing the <total> over the root stage time estimates parallelism.
[129.597s][info][gc,stats    ] 
[129.597s][info][gc,stats    ] Concurrent Reset                    381 us
[129.597s][info][gc,stats    ] Pause Init Mark (G)               31056 us
[129.597s][info][gc,stats    ] Pause Init Mark (N)                 127 us
[129.597s][info][gc,stats    ]   Update Region States               36 us
[129.597s][info][gc,stats    ] Concurrent Mark Roots               857 us, parallelism: 0.75x
[129.597s][info][gc,stats    ]   CMR: <total>                      646 us
[129.597s][info][gc,stats    ]   CMR: Thread Roots                 585 us, workers (us): 585, ---, ---, 
[129.597s][info][gc,stats    ]   CMR: VM Strong Roots                8 us, workers (us):   8, ---, ---, 
[129.597s][info][gc,stats    ]   CMR: CLDG Roots                    53 us, workers (us):  53, ---, ---, 
[129.597s][info][gc,stats    ] Concurrent Marking                14684 us
[129.597s][info][gc,stats    ] Pause Final Mark (G)                454 us
[129.597s][info][gc,stats    ] Pause Final Mark (N)                274 us
[129.597s][info][gc,stats    ]   Finish Mark                        68 us
[129.597s][info][gc,stats    ]   Update Region States               43 us
[129.597s][info][gc,stats    ]   Choose Collection Set              97 us
[129.597s][info][gc,stats    ]   Rebuild Free Set                    8 us
[129.597s][info][gc,stats    ] Concurrent Thread Roots             665 us, parallelism: 0.91x
[129.597s][info][gc,stats    ]   CTR: <total>                      608 us
[129.597s][info][gc,stats    ]   CTR: Thread Roots                 608 us, workers (us): 608, ---, ---, 
[129.597s][info][gc,stats    ] Concurrent Weak References           93 us, parallelism: 0.25x
[129.597s][info][gc,stats    ]   CWRF: <total>                      23 us
[129.597s][info][gc,stats    ]   CWRF: Weak References              23 us, workers (us):  23, ---, ---, 
[129.597s][info][gc,stats    ] Concurrent Weak Roots             14567 us
[129.597s][info][gc,stats    ]   Roots                            1101 us, parallelism: 0.96x
[129.597s][info][gc,stats    ]     CWR: <total>                   1060 us
[129.597s][info][gc,stats    ]     CWR: Code Cache Roots           874 us, workers (us): 874, ---, ---, 
[129.597s][info][gc,stats    ]     CWR: VM Weak Roots              176 us, workers (us): 176, ---, ---, 
[129.597s][info][gc,stats    ]     CWR: CLDG Roots                  10 us, workers (us):  10, ---, ---, 
[129.597s][info][gc,stats    ]   Rendezvous                      13362 us
[129.597s][info][gc,stats    ] Concurrent Cleanup                   69 us
[129.597s][info][gc,stats    ] Concurrent Class Unloading         5075 us
[129.597s][info][gc,stats    ]   Unlink Stale                     3515 us
[129.597s][info][gc,stats    ]     System Dictionary                14 us
[129.597s][info][gc,stats    ]     Weak Class Links                  0 us
[129.597s][info][gc,stats    ]     Code Roots                     3499 us
[129.597s][info][gc,stats    ]   Rendezvous                       1237 us
[129.597s][info][gc,stats    ]   Purge Unlinked                    238 us
[129.597s][info][gc,stats    ]     Code Roots                      232 us
[129.597s][info][gc,stats    ]     CLDG                              6 us
[129.597s][info][gc,stats    ]     Exception Caches                  0 us
[129.597s][info][gc,stats    ] Concurrent Strong Roots             107 us, parallelism: 0.41x
[129.597s][info][gc,stats    ]   CSR: <total>                       44 us
[129.597s][info][gc,stats    ]   CSR: VM Strong Roots                3 us, workers (us):   3, ---, ---, 
[129.597s][info][gc,stats    ]   CSR: CLDG Roots                    41 us, workers (us):  41, ---, ---, 
[129.597s][info][gc,stats    ] Concurrent Evacuation              1247 us
[129.597s][info][gc,stats    ] Pause Init Update Refs (G)        21276 us
[129.597s][info][gc,stats    ] Pause Init Update Refs (N)           54 us
[129.597s][info][gc,stats    ]   Manage GCLABs                       4 us
[129.597s][info][gc,stats    ] Concurrent Update Refs           104997 us
[129.597s][info][gc,stats    ] Concurrent Update Thread Roots     8657 us
[129.597s][info][gc,stats    ] Pause Final Update Refs (G)       13079 us
[129.597s][info][gc,stats    ] Pause Final Update Refs (N)         163 us
[129.597s][info][gc,stats    ]   Update Region States               56 us
[129.598s][info][gc,stats    ]   Trash Collection Set                4 us
[129.598s][info][gc,stats    ]   Rebuild Free Set                   16 us
[129.598s][info][gc,stats    ] Concurrent Cleanup                  160 us
[129.598s][info][gc,stats    ] 
[129.598s][info][gc,stats    ] Allocation pacing accrued:
[129.598s][info][gc,stats    ]       0 of  2002 ms (  0.0%): <total>
[129.598s][info][gc,stats    ]       0 of  2002 ms (  0.0%): <average total>
[129.598s][info][gc,stats    ] 
[129.598s][info][gc,metaspace] Metaspace: 16473K(16768K)->16473K(16768K) NonClass: 14124K(14272K)->14124K(14272K) Class: 2348K(2496K)->2348K(2496K)
[129.598s][info][gc,ergo     ] Pacer for Idle. Initial: 163M, Alloc Tax Rate: 1.0x
[133.311s][info][gc          ] Trigger: Learning 3 of 5. Free (5728M) is below initial threshold (5734M)
[133.311s][info][gc,ergo     ] Free: 5728M, Max: 4096K regular, 5372M humongous, Frag: 6% external, 0% internal; Reserve: 412M, Max: 4096K
[133.311s][info][gc,start    ] GC(59) Concurrent reset
[133.311s][info][gc,task     ] GC(59) Using 1 of 3 workers for concurrent reset
[133.311s][info][gc,ergo     ] GC(59) Pacer for Reset. Non-Taxable: 8192M
[133.312s][info][gc          ] GC(59) Concurrent reset 1.094ms
[133.312s][info][gc,start    ] GC(59) Pause Init Mark (unload classes)
[133.312s][info][gc,task     ] GC(59) Using 3 of 3 workers for init marking
[133.313s][info][gc,ergo     ] GC(59) Pacer for Mark. Expected Live: 6884K, Free: 5724M, Non-Taxable: 572M, Alloc Tax Rate: 0.0x
[133.313s][info][gc          ] GC(59) Pause Init Mark (unload classes) 0.139ms
[133.313s][info][gc,start    ] GC(59) Concurrent marking roots
[133.313s][info][gc,task     ] GC(59) Using 1 of 3 workers for concurrent marking roots
[133.313s][info][gc          ] GC(59) Concurrent marking roots 0.809ms
[133.313s][info][gc,start    ] GC(59) Concurrent marking (unload classes)
[133.313s][info][gc,task     ] GC(59) Using 1 of 3 workers for concurrent marking
[133.710s][info][gc          ] GC(59) Concurrent marking (unload classes) 396.975ms
[133.711s][info][gc,start    ] GC(59) Pause Final Mark (unload classes)
[133.711s][info][gc,task     ] GC(59) Using 3 of 3 workers for final marking
[133.711s][info][gc,ergo     ] GC(59) Adaptive CSet Selection. Target Free: 1160M, Actual Free: 7152M, Max CSet: 341M, Min Garbage: 0B
[133.711s][info][gc,ergo     ] GC(59) Collectable Garbage: 1862M (99%), Immediate: 1576M (84%), CSet: 286M (15%)
[133.711s][info][gc,ergo     ] GC(59) Pacer for Evacuation. Used CSet: 473M, Free: 6754M, Non-Taxable: 675M, Alloc Tax Rate: 1.1x
[133.711s][info][gc          ] GC(59) Pause Final Mark (unload classes) 0.239ms
[133.711s][info][gc,start    ] GC(59) Concurrent thread roots
[133.711s][info][gc,task     ] GC(59) Using 1 of 3 workers for Concurrent thread roots
[133.712s][info][gc          ] GC(59) Concurrent thread roots 0.686ms
[133.712s][info][gc,start    ] GC(59) Concurrent weak references
[133.712s][info][gc,task     ] GC(59) Using 1 of 3 workers for concurrent weak references
[133.712s][info][gc,ref      ] GC(59) Encountered references: Soft: 173, Weak: 991, Final: 0, Phantom: 41
[133.712s][info][gc,ref      ] GC(59) Discovered  references: Soft: 0, Weak: 213, Final: 0, Phantom: 24
[133.712s][info][gc,ref      ] GC(59) Enqueued    references: Soft: 0, Weak: 6, Final: 0, Phantom: 0
[133.712s][info][gc          ] GC(59) Concurrent weak references 0.147ms
[133.712s][info][gc,start    ] GC(59) Concurrent weak roots
[133.712s][info][gc,task     ] GC(59) Using 1 of 3 workers for concurrent weak root
[133.713s][info][gc          ] GC(59) Concurrent weak roots 1.043ms
[133.713s][info][gc,start    ] GC(59) Concurrent cleanup
[133.713s][info][gc          ] GC(59) Concurrent cleanup 2603M->1027M(8192M) 0.045ms
[133.713s][info][gc,ergo     ] GC(59) Free: 6750M, Max: 4096K regular, 5160M humongous, Frag: 24% external, 0% internal; Reserve: 411M, Max: 4096K
[133.713s][info][gc,start    ] GC(59) Concurrent class unloading
[133.713s][info][gc,task     ] GC(59) Using 1 of 3 workers for concurrent class unloading
[133.716s][info][gc          ] GC(59) Concurrent class unloading 3.501ms
[133.716s][info][gc,start    ] GC(59) Concurrent strong roots
[133.716s][info][gc,task     ] GC(59) Using 1 of 3 workers for concurrent strong root
[133.717s][info][gc          ] GC(59) Concurrent strong roots 0.188ms
[133.717s][info][gc,start    ] GC(59) Concurrent evacuation
[133.717s][info][gc,task     ] GC(59) Using 1 of 3 workers for concurrent evacuation
[133.879s][info][gc          ] GC(59) Concurrent evacuation 162.787ms
[133.880s][info][gc,start    ] GC(59) Pause Init Update Refs
[133.880s][info][gc,ergo     ] GC(59) Pacer for Update Refs. Used: 1274M, Free: 6694M, Non-Taxable: 669M, Alloc Tax Rate: 1.1x
[133.880s][info][gc          ] GC(59) Pause Init Update Refs 0.085ms
[133.880s][info][gc,start    ] GC(59) Concurrent update references
[133.880s][info][gc,task     ] GC(59) Using 1 of 3 workers for concurrent reference update
[134.481s][info][gc          ] GC(59) Concurrent update references 601.347ms
[134.481s][info][gc,start    ] GC(59) Concurrent update thread roots
[134.483s][info][gc          ] GC(59) Concurrent update thread roots 1.376ms
[134.483s][info][gc,start    ] GC(59) Pause Final Update Refs
[134.483s][info][gc,task     ] GC(59) Using 3 of 3 workers for final reference update
[134.483s][info][gc          ] GC(59) Pause Final Update Refs 0.223ms
[134.483s][info][gc,start    ] GC(59) Concurrent cleanup
[134.483s][info][gc          ] GC(59) Concurrent cleanup 1526M->1052M(8192M) 0.027ms
[134.483s][info][gc,ergo     ] Free: 6727M, Max: 4096K regular, 4972M humongous, Frag: 26% external, 0% internal; Reserve: 412M, Max: 4096K
[134.483s][info][gc,stats    ] 
[134.483s][info][gc,stats    ] All times are wall-clock times, except per-root-class counters, that are sum over
[134.483s][info][gc,stats    ] all workers. Dividing the <total> over the root stage time estimates parallelism.
[134.483s][info][gc,stats    ] 
[134.483s][info][gc,stats    ] Concurrent Reset                   1143 us
[134.483s][info][gc,stats    ] Pause Init Mark (G)                 321 us
[134.483s][info][gc,stats    ] Pause Init Mark (N)                 147 us
[134.483s][info][gc,stats    ]   Update Region States               62 us
[134.483s][info][gc,stats    ] Concurrent Mark Roots               827 us, parallelism: 0.83x
[134.483s][info][gc,stats    ]   CMR: <total>                      687 us
[134.483s][info][gc,stats    ]   CMR: Thread Roots                 641 us, workers (us): 641, ---, ---, 
[134.483s][info][gc,stats    ]   CMR: VM Strong Roots                5 us, workers (us):   5, ---, ---, 
[134.483s][info][gc,stats    ]   CMR: CLDG Roots                    41 us, workers (us):  41, ---, ---, 
[134.483s][info][gc,stats    ] Concurrent Marking               397024 us
[134.483s][info][gc,stats    ] Pause Final Mark (G)                365 us
[134.483s][info][gc,stats    ] Pause Final Mark (N)                247 us
[134.483s][info][gc,stats    ]   Finish Mark                        72 us
[134.483s][info][gc,stats    ]   Update Region States               51 us
[134.483s][info][gc,stats    ]   Choose Collection Set              68 us
[134.483s][info][gc,stats    ]   Rebuild Free Set                    7 us
[134.483s][info][gc,stats    ] Concurrent Thread Roots             706 us, parallelism: 0.79x
[134.483s][info][gc,stats    ]   CTR: <total>                      554 us
[134.483s][info][gc,stats    ]   CTR: Thread Roots                 554 us, workers (us): 554, ---, ---, 
[134.483s][info][gc,stats    ] Concurrent Weak References          154 us, parallelism: 0.13x
[134.483s][info][gc,stats    ]   CWRF: <total>                      19 us
[134.483s][info][gc,stats    ]   CWRF: Weak References              19 us, workers (us):  19, ---, ---, 
[134.483s][info][gc,stats    ] Concurrent Weak Roots              1085 us
[134.483s][info][gc,stats    ]   Roots                             969 us, parallelism: 0.91x
[134.483s][info][gc,stats    ]     CWR: <total>                    886 us
[134.483s][info][gc,stats    ]     CWR: Code Cache Roots           672 us, workers (us): 672, ---, ---, 
[134.483s][info][gc,stats    ]     CWR: VM Weak Roots              204 us, workers (us): 204, ---, ---, 
[134.483s][info][gc,stats    ]     CWR: CLDG Roots                  10 us, workers (us):  10, ---, ---, 
[134.483s][info][gc,stats    ]   Rendezvous                         56 us
[134.483s][info][gc,stats    ] Concurrent Cleanup                   54 us
[134.483s][info][gc,stats    ] Concurrent Class Unloading         3562 us
[134.483s][info][gc,stats    ]   Unlink Stale                     3161 us
[134.483s][info][gc,stats    ]     System Dictionary                10 us
[134.483s][info][gc,stats    ]     Weak Class Links                  0 us
[134.483s][info][gc,stats    ]     Code Roots                     3149 us
[134.483s][info][gc,stats    ]   Rendezvous                         67 us
[134.483s][info][gc,stats    ]   Purge Unlinked                    253 us
[134.483s][info][gc,stats    ]     Code Roots                      243 us
[134.483s][info][gc,stats    ]     CLDG                              9 us
[134.483s][info][gc,stats    ]     Exception Caches                  0 us
[134.483s][info][gc,stats    ] Concurrent Strong Roots             225 us, parallelism: 0.24x
[134.483s][info][gc,stats    ]   CSR: <total>                       53 us
[134.483s][info][gc,stats    ]   CSR: VM Strong Roots                4 us, workers (us):   4, ---, ---, 
[134.483s][info][gc,stats    ]   CSR: CLDG Roots                    49 us, workers (us):  49, ---, ---, 
[134.483s][info][gc,stats    ] Concurrent Evacuation            162858 us
[134.483s][info][gc,stats    ] Pause Init Update Refs (G)          245 us
[134.483s][info][gc,stats    ] Pause Init Update Refs (N)          102 us
[134.483s][info][gc,stats    ]   Manage GCLABs                       4 us
[134.483s][info][gc,stats    ] Concurrent Update Refs           601415 us
[134.483s][info][gc,stats    ] Concurrent Update Thread Roots     1404 us
[134.483s][info][gc,stats    ] Pause Final Update Refs (G)         348 us
[134.483s][info][gc,stats    ] Pause Final Update Refs (N)         251 us
[134.483s][info][gc,stats    ]   Update Region States               84 us
[134.483s][info][gc,stats    ]   Trash Collection Set                8 us
[134.483s][info][gc,stats    ]   Rebuild Free Set                   36 us
[134.483s][info][gc,stats    ] Concurrent Cleanup                   36 us
[134.483s][info][gc,stats    ] 
[134.483s][info][gc,stats    ] Allocation pacing accrued:
[134.483s][info][gc,stats    ]       0 of  4886 ms (  0.0%): <total>
[134.483s][info][gc,stats    ]       0 of  4886 ms (  0.0%): <average total>
[134.483s][info][gc,stats    ] 
[134.483s][info][gc,metaspace] Metaspace: 16473K(16768K)->16473K(16768K) NonClass: 14124K(14272K)->14124K(14272K) Class: 2348K(2496K)->2348K(2496K)
[134.483s][info][gc,ergo     ] Pacer for Idle. Initial: 163M, Alloc Tax Rate: 1.0x
[135.605s][info][gc          ] Trigger: Explicit GC request (System.gc())
[135.606s][info][gc,ergo     ] Free: 6358M, Max: 4096K regular, 4972M humongous, Frag: 22% external, 0% internal; Reserve: 412M, Max: 4096K
[135.606s][info][gc,start    ] GC(60) Concurrent reset
[135.606s][info][gc,task     ] GC(60) Using 1 of 3 workers for concurrent reset
[135.606s][info][gc,ergo     ] GC(60) Pacer for Reset. Non-Taxable: 8192M
[135.608s][info][gc          ] GC(60) Concurrent reset 2.121ms
[135.608s][info][gc,start    ] GC(60) Pause Init Mark (unload classes)
[135.608s][info][gc,task     ] GC(60) Using 3 of 3 workers for init marking
[135.608s][info][gc,ref      ] GC(60) Clearing All SoftReferences
[135.608s][info][gc,ergo     ] GC(60) Pacer for Mark. Expected Live: 45109K, Free: 6358M, Non-Taxable: 635M, Alloc Tax Rate: 0.0x
[135.608s][info][gc          ] GC(60) Pause Init Mark (unload classes) 0.258ms
[135.608s][info][gc,start    ] GC(60) Concurrent marking roots
[135.608s][info][gc,task     ] GC(60) Using 1 of 3 workers for concurrent marking roots
[135.609s][info][gc          ] GC(60) Concurrent marking roots 0.623ms
[135.609s][info][gc,start    ] GC(60) Concurrent marking (unload classes)
[135.609s][info][gc,task     ] GC(60) Using 1 of 3 workers for concurrent marking
[135.614s][info][gc          ] GC(60) Concurrent marking (unload classes) 4.788ms
[135.614s][info][gc,start    ] GC(60) Pause Final Mark (unload classes)
[135.614s][info][gc,task     ] GC(60) Using 3 of 3 workers for final marking
[135.614s][info][gc,ergo     ] GC(60) Collectable Garbage: 1391M (98%), Immediate: 1391M (98%), CSet: 0B (0%)
[135.614s][info][gc          ] GC(60) Pause Final Mark (unload classes) 0.274ms
[135.614s][info][gc,start    ] GC(60) Concurrent weak references
[135.614s][info][gc,task     ] GC(60) Using 1 of 3 workers for concurrent weak references
[135.614s][info][gc,ref      ] GC(60) Encountered references: Soft: 172, Weak: 988, Final: 0, Phantom: 41
[135.614s][info][gc,ref      ] GC(60) Discovered  references: Soft: 108, Weak: 218, Final: 0, Phantom: 24
[135.614s][info][gc,ref      ] GC(60) Enqueued    references: Soft: 4, Weak: 5, Final: 0, Phantom: 0
[135.614s][info][gc          ] GC(60) Concurrent weak references 0.229ms
[135.614s][info][gc,start    ] GC(60) Concurrent weak roots
[135.614s][info][gc,task     ] GC(60) Using 1 of 3 workers for concurrent weak root
[135.615s][info][gc          ] GC(60) Concurrent weak roots 0.850ms
[135.615s][info][gc,start    ] GC(60) Concurrent cleanup
[135.615s][info][gc          ] GC(60) Concurrent cleanup 1421M->29M(8192M) 0.034ms
[135.615s][info][gc,ergo     ] GC(60) Free: 7750M, Max: 4096K regular, 7076M humongous, Frag: 9% external, 0% internal; Reserve: 412M, Max: 4096K
[135.615s][info][gc,start    ] GC(60) Concurrent class unloading
[135.615s][info][gc,task     ] GC(60) Using 1 of 3 workers for concurrent class unloading
[135.620s][info][gc          ] GC(60) Concurrent class unloading 4.953ms
[135.620s][info][gc,start    ] GC(60) Pause Final Roots
[135.620s][info][gc          ] GC(60) Pause Final Roots 0.063ms
[135.620s][info][gc,ergo     ] Free: 7750M, Max: 4096K regular, 7076M humongous, Frag: 9% external, 0% internal; Reserve: 412M, Max: 4096K
[135.621s][info][gc,stats    ] 
[135.621s][info][gc,stats    ] All times are wall-clock times, except per-root-class counters, that are sum over
[135.621s][info][gc,stats    ] all workers. Dividing the <total> over the root stage time estimates parallelism.
[135.621s][info][gc,stats    ] 
[135.621s][info][gc,stats    ] Concurrent Reset                   2218 us
[135.621s][info][gc,stats    ] Pause Init Mark (G)                 353 us
[135.621s][info][gc,stats    ] Pause Init Mark (N)                 280 us
[135.621s][info][gc,stats    ]   Update Region States              121 us
[135.621s][info][gc,stats    ] Concurrent Mark Roots               647 us, parallelism: 0.81x
[135.621s][info][gc,stats    ]   CMR: <total>                      523 us
[135.621s][info][gc,stats    ]   CMR: Thread Roots                 483 us, workers (us): 483, ---, ---, 
[135.621s][info][gc,stats    ]   CMR: VM Strong Roots                3 us, workers (us):   3, ---, ---, 
[135.621s][info][gc,stats    ]   CMR: CLDG Roots                    36 us, workers (us):  36, ---, ---, 
[135.621s][info][gc,stats    ] Concurrent Marking                 4816 us
[135.621s][info][gc,stats    ] Pause Final Mark (G)                477 us
[135.621s][info][gc,stats    ] Pause Final Mark (N)                284 us
[135.621s][info][gc,stats    ]   Finish Mark                       107 us
[135.621s][info][gc,stats    ]   Update Region States               64 us
[135.621s][info][gc,stats    ]   Choose Collection Set              38 us
[135.621s][info][gc,stats    ]   Rebuild Free Set                    8 us
[135.621s][info][gc,stats    ] Concurrent Weak References          248 us, parallelism: 0.12x
[135.621s][info][gc,stats    ]   CWRF: <total>                      30 us
[135.621s][info][gc,stats    ]   CWRF: Weak References              30 us, workers (us):  30, ---, ---, 
[135.621s][info][gc,stats    ] Concurrent Weak Roots               860 us
[135.621s][info][gc,stats    ]   Roots                             773 us, parallelism: 0.95x
[135.621s][info][gc,stats    ]     CWR: <total>                    734 us
[135.621s][info][gc,stats    ]     CWR: Code Cache Roots           617 us, workers (us): 617, ---, ---, 
[135.621s][info][gc,stats    ]     CWR: VM Weak Roots              109 us, workers (us): 109, ---, ---, 
[135.621s][info][gc,stats    ]     CWR: CLDG Roots                   8 us, workers (us):   8, ---, ---, 
[135.621s][info][gc,stats    ]   Rendezvous                         39 us
[135.621s][info][gc,stats    ] Concurrent Cleanup                   42 us
[135.621s][info][gc,stats    ] Concurrent Class Unloading         5001 us
[135.621s][info][gc,stats    ]   Unlink Stale                     4686 us
[135.621s][info][gc,stats    ]     System Dictionary                59 us
[135.621s][info][gc,stats    ]     Weak Class Links               1749 us
[135.621s][info][gc,stats    ]     Code Roots                     2876 us
[135.621s][info][gc,stats    ]   Rendezvous                        101 us
[135.621s][info][gc,stats    ]   Purge Unlinked                    149 us
[135.621s][info][gc,stats    ]     Code Roots                      126 us
[135.621s][info][gc,stats    ]     CLDG                             22 us
[135.621s][info][gc,stats    ]     Exception Caches                  0 us
[135.621s][info][gc,stats    ] Pause Final Roots (G)               189 us
[135.621s][info][gc,stats    ] Pause Final Roots (N)                86 us
[135.621s][info][gc,stats    ] 
[135.621s][info][gc,stats    ] Allocation pacing accrued:
[135.621s][info][gc,stats    ]       0 of  1138 ms (  0.0%): <total>
[135.621s][info][gc,stats    ]       0 of  1138 ms (  0.0%): <average total>
[135.621s][info][gc,stats    ] 
[135.621s][info][gc,metaspace] Metaspace: 16474K(16768K)->16470K(16768K) NonClass: 14126K(14272K)->14122K(14272K) Class: 2348K(2496K)->2347K(2496K)
[135.621s][info][gc,ergo     ] Pacer for Idle. Initial: 163M, Alloc Tax Rate: 1.0x
[137.253s][info][gc          ] Trigger: Average GC time (1210.28 ms) is above the time for instantaneous allocation rate (5506 MB/s) to deplete free headroom (6544M) (spike threshold = 1.74)
[137.253s][info][gc,ergo     ] Free: 6953M, Max: 4096K regular, 6940M humongous, Frag: 0% external, 0% internal; Reserve: 412M, Max: 4096K
[137.253s][info][gc,start    ] GC(61) Concurrent reset
[137.253s][info][gc,task     ] GC(61) Using 1 of 3 workers for concurrent reset
[137.253s][info][gc,ergo     ] GC(61) Pacer for Reset. Non-Taxable: 8192M
[137.253s][info][gc          ] GC(61) Concurrent reset 0.430ms
[137.253s][info][gc,start    ] GC(61) Pause Init Mark (unload classes)
[137.253s][info][gc,task     ] GC(61) Using 3 of 3 workers for init marking
[137.253s][info][gc,ergo     ] GC(61) Pacer for Mark. Expected Live: 45060K, Free: 6950M, Non-Taxable: 695M, Alloc Tax Rate: 0.0x
[137.253s][info][gc          ] GC(61) Pause Init Mark (unload classes) 0.113ms
[137.285s][info][gc,start    ] GC(61) Concurrent marking roots
[137.285s][info][gc,task     ] GC(61) Using 1 of 3 workers for concurrent marking roots
[137.285s][info][gc          ] GC(61) Concurrent marking roots 0.794ms
[137.285s][info][gc,start    ] GC(61) Concurrent marking (unload classes)
[137.285s][info][gc,task     ] GC(61) Using 1 of 3 workers for concurrent marking
[137.300s][info][gc          ] GC(61) Concurrent marking (unload classes) 14.684ms
[137.300s][info][gc,start    ] GC(61) Pause Final Mark (unload classes)
[137.300s][info][gc,task     ] GC(61) Using 3 of 3 workers for final marking
[137.300s][info][gc,ergo     ] GC(61) Adaptive CSet Selection. Target Free: 1160M, Actual Free: 7796M, Max CSet: 341M, Min Garbage: 0B
[137.300s][info][gc,ergo     ] GC(61) Collectable Garbage: 822M (99%), Immediate: 676M (81%), CSet: 146M (17%)
[137.301s][info][gc,ergo     ] GC(61) Pacer for Evacuation. Used CSet: 148M, Free: 7397M, Non-Taxable: 739M, Alloc Tax Rate: 1.1x
[137.301s][info][gc          ] GC(61) Pause Final Mark (unload classes) 0.244ms
[137.316s][info][gc,start    ] GC(61) Concurrent thread roots
[137.316s][info][gc,task     ] GC(61) Using 1 of 3 workers for Concurrent thread roots
[137.317s][info][gc          ] GC(61) Concurrent thread roots 0.718ms
[137.317s][info][gc,start    ] GC(61) Concurrent weak references
[137.317s][info][gc,task     ] GC(61) Using 1 of 3 workers for concurrent weak references
[137.317s][info][gc,ref      ] GC(61) Encountered references: Soft: 173, Weak: 995, Final: 0, Phantom: 41
[137.317s][info][gc,ref      ] GC(61) Discovered  references: Soft: 0, Weak: 205, Final: 0, Phantom: 24
[137.317s][info][gc,ref      ] GC(61) Enqueued    references: Soft: 0, Weak: 4, Final: 0, Phantom: 0
[137.317s][info][gc          ] GC(61) Concurrent weak references 0.087ms
[137.317s][info][gc,start    ] GC(61) Concurrent weak roots
[137.317s][info][gc,task     ] GC(61) Using 1 of 3 workers for concurrent weak root
[137.331s][info][gc          ] GC(61) Concurrent weak roots 14.582ms
[137.331s][info][gc,start    ] GC(61) Concurrent cleanup
[137.331s][info][gc          ] GC(61) Concurrent cleanup 1183M->507M(8192M) 0.054ms
[137.331s][info][gc,ergo     ] GC(61) Free: 7274M, Max: 4096K regular, 6584M humongous, Frag: 10% external, 0% internal; Reserve: 410M, Max: 4096K
[137.331s][info][gc,start    ] GC(61) Concurrent class unloading
[137.331s][info][gc,task     ] GC(61) Using 1 of 3 workers for concurrent class unloading
[137.347s][info][gc          ] GC(61) Concurrent class unloading 15.970ms
[137.347s][info][gc,start    ] GC(61) Concurrent strong roots
[137.347s][info][gc,task     ] GC(61) Using 1 of 3 workers for concurrent strong root
[137.348s][info][gc          ] GC(61) Concurrent strong roots 0.100ms
[137.348s][info][gc,start    ] GC(61) Concurrent evacuation
[137.348s][info][gc,task     ] GC(61) Using 1 of 3 workers for concurrent evacuation
[137.349s][info][gc          ] GC(61) Concurrent evacuation 1.345ms
[137.349s][info][gc,start    ] GC(61) Pause Init Update Refs
[137.349s][info][gc,ergo     ] GC(61) Pacer for Update Refs. Used: 572M, Free: 7210M, Non-Taxable: 721M, Alloc Tax Rate: 1.1x
[137.349s][info][gc          ] GC(61) Pause Init Update Refs 0.037ms
[137.378s][info][gc,start    ] GC(61) Concurrent update references
[137.379s][info][gc,task     ] GC(61) Using 1 of 3 workers for concurrent reference update
[137.480s][info][gc          ] GC(61) Concurrent update references 101.369ms
[137.480s][info][gc,start    ] GC(61) Concurrent update thread roots
[137.482s][info][gc          ] GC(61) Concurrent update thread roots 2.350ms
[137.482s][info][gc,start    ] GC(61) Pause Final Update Refs
[137.482s][info][gc,task     ] GC(61) Using 3 of 3 workers for final reference update
[137.482s][info][gc          ] GC(61) Pause Final Update Refs 0.107ms
[137.488s][info][gc,start    ] GC(61) Concurrent cleanup
[137.489s][info][gc          ] GC(61) Concurrent cleanup 1020M->904M(8192M) 0.141ms
[137.489s][info][gc,ergo     ] Free: 6875M, Max: 4096K regular, 6588M humongous, Frag: 4% external, 0% internal; Reserve: 412M, Max: 4096K
[137.489s][info][gc,stats    ] 
[137.489s][info][gc,stats    ] All times are wall-clock times, except per-root-class counters, that are sum over
[137.489s][info][gc,stats    ] all workers. Dividing the <total> over the root stage time estimates parallelism.
[137.489s][info][gc,stats    ] 
[137.489s][info][gc,stats    ] Concurrent Reset                    454 us
[137.489s][info][gc,stats    ] Pause Init Mark (G)               31380 us
[137.489s][info][gc,stats    ] Pause Init Mark (N)                 124 us
[137.489s][info][gc,stats    ]   Update Region States               42 us
[137.489s][info][gc,stats    ] Concurrent Mark Roots               820 us, parallelism: 0.75x
[137.489s][info][gc,stats    ]   CMR: <total>                      612 us
[137.489s][info][gc,stats    ]   CMR: Thread Roots                 558 us, workers (us): 558, ---, ---, 
[137.489s][info][gc,stats    ]   CMR: VM Strong Roots                9 us, workers (us):   9, ---, ---, 
[137.489s][info][gc,stats    ]   CMR: CLDG Roots                    46 us, workers (us):  46, ---, ---, 
[137.489s][info][gc,stats    ] Concurrent Marking                14775 us
[137.489s][info][gc,stats    ] Pause Final Mark (G)              15686 us
[137.489s][info][gc,stats    ] Pause Final Mark (N)                253 us
[137.489s][info][gc,stats    ]   Finish Mark                        57 us
[137.489s][info][gc,stats    ]   Update Region States               45 us
[137.489s][info][gc,stats    ]   Choose Collection Set              79 us
[137.489s][info][gc,stats    ]   Rebuild Free Set                    8 us
[137.489s][info][gc,stats    ] Concurrent Thread Roots             738 us, parallelism: 0.79x
[137.489s][info][gc,stats    ]   CTR: <total>                      584 us
[137.489s][info][gc,stats    ]   CTR: Thread Roots                 584 us, workers (us): 584, ---, ---, 
[137.489s][info][gc,stats    ] Concurrent Weak References           94 us, parallelism: 0.23x
[137.489s][info][gc,stats    ]   CWRF: <total>                      22 us
[137.489s][info][gc,stats    ]   CWRF: Weak References              22 us, workers (us):  22, ---, ---, 
[137.489s][info][gc,stats    ] Concurrent Weak Roots             14683 us
[137.489s][info][gc,stats    ]   Roots                            1203 us, parallelism: 0.97x
[137.489s][info][gc,stats    ]     CWR: <total>                   1161 us
[137.489s][info][gc,stats    ]     CWR: Code Cache Roots           962 us, workers (us): 962, ---, ---, 
[137.489s][info][gc,stats    ]     CWR: VM Weak Roots              188 us, workers (us): 188, ---, ---, 
[137.489s][info][gc,stats    ]     CWR: CLDG Roots                  11 us, workers (us):  11, ---, ---, 
[137.489s][info][gc,stats    ]   Rendezvous                      13355 us
[137.489s][info][gc,stats    ] Concurrent Cleanup                   63 us
[137.489s][info][gc,stats    ] Concurrent Class Unloading        16038 us
[137.489s][info][gc,stats    ]   Unlink Stale                     3497 us
[137.489s][info][gc,stats    ]     System Dictionary                20 us
[137.489s][info][gc,stats    ]     Weak Class Links                  1 us
[137.489s][info][gc,stats    ]     Code Roots                     3475 us
[137.489s][info][gc,stats    ]   Rendezvous                      12123 us
[137.489s][info][gc,stats    ]   Purge Unlinked                    324 us
[137.489s][info][gc,stats    ]     Code Roots                      314 us
[137.489s][info][gc,stats    ]     CLDG                              9 us
[137.489s][info][gc,stats    ]     Exception Caches                  0 us
[137.489s][info][gc,stats    ] Concurrent Strong Roots             110 us, parallelism: 0.49x
[137.489s][info][gc,stats    ]   CSR: <total>                       54 us
[137.489s][info][gc,stats    ]   CSR: VM Strong Roots                4 us, workers (us):   4, ---, ---, 
[137.489s][info][gc,stats    ]   CSR: CLDG Roots                    50 us, workers (us):  50, ---, ---, 
[137.489s][info][gc,stats    ] Concurrent Evacuation              1358 us
[137.489s][info][gc,stats    ] Pause Init Update Refs (G)        29474 us
[137.489s][info][gc,stats    ] Pause Init Update Refs (N)           45 us
[137.489s][info][gc,stats    ]   Manage GCLABs                       7 us
[137.489s][info][gc,stats    ] Concurrent Update Refs           101443 us
[137.489s][info][gc,stats    ] Concurrent Update Thread Roots     2385 us
[137.489s][info][gc,stats    ] Pause Final Update Refs (G)        6105 us
[137.489s][info][gc,stats    ] Pause Final Update Refs (N)         128 us
[137.489s][info][gc,stats    ]   Update Region States               37 us
[137.489s][info][gc,stats    ]   Trash Collection Set                3 us
[137.489s][info][gc,stats    ]   Rebuild Free Set                   13 us
[137.489s][info][gc,stats    ] Concurrent Cleanup                  156 us
[137.489s][info][gc,stats    ] 
[137.489s][info][gc,stats    ] Allocation pacing accrued:
[137.489s][info][gc,stats    ]       0 of  1868 ms (  0.0%): <total>
[137.489s][info][gc,stats    ]       0 of  1868 ms (  0.0%): <average total>
[137.489s][info][gc,stats    ] 
[137.489s][info][gc,metaspace] Metaspace: 16474K(16768K)->16474K(16768K) NonClass: 14126K(14272K)->14126K(14272K) Class: 2348K(2496K)->2348K(2496K)
[137.489s][info][gc,ergo     ] Pacer for Idle. Initial: 163M, Alloc Tax Rate: 1.0x
[137.708s][info][gc          ] Trigger: Learning 3 of 5. Free (5691M) is below initial threshold (5734M)
[137.708s][info][gc,ergo     ] Free: 5691M, Max: 4096K regular, 5676M humongous, Frag: 0% external, 0% internal; Reserve: 412M, Max: 4096K
[137.708s][info][gc,start    ] GC(62) Concurrent reset
[137.708s][info][gc,task     ] GC(62) Using 1 of 3 workers for concurrent reset
[137.708s][info][gc,ergo     ] GC(62) Pacer for Reset. Non-Taxable: 8192M
[137.709s][info][gc          ] GC(62) Concurrent reset 1.029ms
[137.709s][info][gc,start    ] GC(62) Pause Init Mark (unload classes)
[137.709s][info][gc,task     ] GC(62) Using 3 of 3 workers for init marking
[137.709s][info][gc,ergo     ] GC(62) Pacer for Mark. Expected Live: 42668K, Free: 5691M, Non-Taxable: 569M, Alloc Tax Rate: 0.0x
[137.709s][info][gc          ] GC(62) Pause Init Mark (unload classes) 0.118ms
[137.720s][info][gc,start    ] GC(62) Concurrent marking roots
[137.720s][info][gc,task     ] GC(62) Using 1 of 3 workers for concurrent marking roots
[137.721s][info][gc          ] GC(62) Concurrent marking roots 0.658ms
[137.721s][info][gc,start    ] GC(62) Concurrent marking (unload classes)
[137.721s][info][gc,task     ] GC(62) Using 1 of 3 workers for concurrent marking
[137.727s][info][gc          ] GC(62) Concurrent marking (unload classes) 5.685ms
[137.727s][info][gc,start    ] GC(62) Pause Final Mark (unload classes)
[137.727s][info][gc,task     ] GC(62) Using 3 of 3 workers for final marking
[137.727s][info][gc,ergo     ] GC(62) Collectable Garbage: 2000M (95%), Immediate: 2000M (95%), CSet: 0B (0%)
[137.727s][info][gc          ] GC(62) Pause Final Mark (unload classes) 0.163ms
[137.727s][info][gc,start    ] GC(62) Concurrent weak references
[137.727s][info][gc,task     ] GC(62) Using 1 of 3 workers for concurrent weak references
[137.727s][info][gc,ref      ] GC(62) Encountered references: Soft: 173, Weak: 989, Final: 0, Phantom: 41
[137.727s][info][gc,ref      ] GC(62) Discovered  references: Soft: 0, Weak: 201, Final: 0, Phantom: 24
[137.727s][info][gc,ref      ] GC(62) Enqueued    references: Soft: 0, Weak: 0, Final: 0, Phantom: 0
[137.727s][info][gc          ] GC(62) Concurrent weak references 0.074ms
[137.727s][info][gc,start    ] GC(62) Concurrent weak roots
[137.727s][info][gc,task     ] GC(62) Using 1 of 3 workers for concurrent weak root
[137.728s][info][gc          ] GC(62) Concurrent weak roots 1.003ms
[137.728s][info][gc,start    ] GC(62) Concurrent cleanup
[137.728s][info][gc          ] GC(62) Concurrent cleanup 2156M->156M(8192M) 0.052ms
[137.728s][info][gc,ergo     ] GC(62) Free: 7623M, Max: 4096K regular, 5608M humongous, Frag: 27% external, 0% internal; Reserve: 412M, Max: 4096K
[137.728s][info][gc,start    ] GC(62) Concurrent class unloading
[137.728s][info][gc,task     ] GC(62) Using 1 of 3 workers for concurrent class unloading
[137.732s][info][gc          ] GC(62) Concurrent class unloading 3.532ms
[137.732s][info][gc,start    ] GC(62) Pause Final Roots
[137.732s][info][gc          ] GC(62) Pause Final Roots 0.028ms
[137.732s][info][gc,ergo     ] Free: 7620M, Max: 4096K regular, 5608M humongous, Frag: 27% external, 0% internal; Reserve: 412M, Max: 4096K
[137.732s][info][gc,stats    ] 
[137.732s][info][gc,stats    ] All times are wall-clock times, except per-root-class counters, that are sum over
[137.732s][info][gc,stats    ] all workers. Dividing the <total> over the root stage time estimates parallelism.
[137.732s][info][gc,stats    ] 
[137.732s][info][gc,stats    ] Concurrent Reset                   1100 us
[137.732s][info][gc,stats    ] Pause Init Mark (G)               11027 us
[137.732s][info][gc,stats    ] Pause Init Mark (N)                 128 us
[137.732s][info][gc,stats    ]   Update Region States               43 us
[137.732s][info][gc,stats    ] Concurrent Mark Roots               669 us, parallelism: 0.76x
[137.732s][info][gc,stats    ]   CMR: <total>                      507 us
[137.732s][info][gc,stats    ]   CMR: Thread Roots                 454 us, workers (us): 454, ---, ---, 
[137.732s][info][gc,stats    ]   CMR: VM Strong Roots                7 us, workers (us):   7, ---, ---, 
[137.732s][info][gc,stats    ]   CMR: CLDG Roots                    46 us, workers (us):  46, ---, ---, 
[137.732s][info][gc,stats    ] Concurrent Marking                 5747 us
[137.732s][info][gc,stats    ] Pause Final Mark (G)                267 us
[137.732s][info][gc,stats    ] Pause Final Mark (N)                173 us
[137.732s][info][gc,stats    ]   Finish Mark                        33 us
[137.732s][info][gc,stats    ]   Update Region States               31 us
[137.732s][info][gc,stats    ]   Choose Collection Set              41 us
[137.732s][info][gc,stats    ]   Rebuild Free Set                    8 us
[137.732s][info][gc,stats    ] Concurrent Weak References           81 us, parallelism: 0.16x
[137.732s][info][gc,stats    ]   CWRF: <total>                      13 us
[137.732s][info][gc,stats    ]   CWRF: Weak References              13 us, workers (us):  13, ---, ---, 
[137.732s][info][gc,stats    ] Concurrent Weak Roots              1042 us
[137.732s][info][gc,stats    ]   Roots                             942 us, parallelism: 0.97x
[137.732s][info][gc,stats    ]     CWR: <total>                    910 us
[137.732s][info][gc,stats    ]     CWR: Code Cache Roots           778 us, workers (us): 778, ---, ---, 
[137.732s][info][gc,stats    ]     CWR: VM Weak Roots              122 us, workers (us): 122, ---, ---, 
[137.732s][info][gc,stats    ]     CWR: CLDG Roots                  10 us, workers (us):  10, ---, ---, 
[137.732s][info][gc,stats    ]   Rendezvous                         44 us
[137.732s][info][gc,stats    ] Concurrent Cleanup                   60 us
[137.732s][info][gc,stats    ] Concurrent Class Unloading         3590 us
[137.732s][info][gc,stats    ]   Unlink Stale                     3263 us
[137.732s][info][gc,stats    ]     System Dictionary                11 us
[137.732s][info][gc,stats    ]     Weak Class Links                  0 us
[137.732s][info][gc,stats    ]     Code Roots                     3251 us
[137.732s][info][gc,stats    ]   Rendezvous                         57 us
[137.732s][info][gc,stats    ]   Purge Unlinked                    192 us
[137.732s][info][gc,stats    ]     Code Roots                      188 us
[137.732s][info][gc,stats    ]     CLDG                              3 us
[137.732s][info][gc,stats    ]     Exception Caches                  0 us
[137.732s][info][gc,stats    ] Pause Final Roots (G)               101 us
[137.732s][info][gc,stats    ] Pause Final Roots (N)                42 us
[137.732s][info][gc,stats    ] 
[137.732s][info][gc,stats    ] Allocation pacing accrued:
[137.732s][info][gc,stats    ]       0 of   243 ms (  0.0%): <total>
[137.732s][info][gc,stats    ]       0 of   243 ms (  0.0%): <average total>
[137.732s][info][gc,stats    ] 
[137.732s][info][gc,metaspace] Metaspace: 16474K(16768K)->16474K(16768K) NonClass: 14126K(14272K)->14126K(14272K) Class: 2348K(2496K)->2348K(2496K)
[137.732s][info][gc,ergo     ] Pacer for Idle. Initial: 163M, Alloc Tax Rate: 1.0x
[141.857s][info][gc          ] Trigger: Learning 4 of 5. Free (5720M) is below initial threshold (5734M)
[141.857s][info][gc,ergo     ] Free: 5720M, Max: 4096K regular, 5608M humongous, Frag: 2% external, 0% internal; Reserve: 412M, Max: 4096K
[141.857s][info][gc,start    ] GC(63) Concurrent reset
[141.857s][info][gc,task     ] GC(63) Using 1 of 3 workers for concurrent reset
[141.857s][info][gc,ergo     ] GC(63) Pacer for Reset. Non-Taxable: 8192M
[141.858s][info][gc          ] GC(63) Concurrent reset 0.676ms
[141.858s][info][gc,start    ] GC(63) Pause Init Mark (unload classes)
[141.858s][info][gc,task     ] GC(63) Using 3 of 3 workers for init marking
[141.858s][info][gc,ergo     ] GC(63) Pacer for Mark. Expected Live: 42704K, Free: 5720M, Non-Taxable: 572M, Alloc Tax Rate: 0.0x
[141.858s][info][gc          ] GC(63) Pause Init Mark (unload classes) 0.211ms
[141.858s][info][gc,start    ] GC(63) Concurrent marking roots
[141.858s][info][gc,task     ] GC(63) Using 1 of 3 workers for concurrent marking roots
[141.859s][info][gc          ] GC(63) Concurrent marking roots 0.766ms
[141.859s][info][gc,start    ] GC(63) Concurrent marking (unload classes)
[141.859s][info][gc,task     ] GC(63) Using 1 of 3 workers for concurrent marking
[142.737s][info][gc          ] GC(63) Concurrent marking (unload classes) 877.734ms
[142.737s][info][gc,start    ] GC(63) Pause Final Mark (unload classes)
[142.737s][info][gc,task     ] GC(63) Using 3 of 3 workers for final marking
[142.737s][info][gc,ergo     ] GC(63) Adaptive CSet Selection. Target Free: 1160M, Actual Free: 6540M, Max CSet: 341M, Min Garbage: 0B
[142.737s][info][gc,ergo     ] GC(63) Collectable Garbage: 1522M (93%), Immediate: 852M (52%), CSet: 670M (41%)
[142.737s][info][gc,ergo     ] GC(63) Pacer for Evacuation. Used CSet: 1012M, Free: 6143M, Non-Taxable: 614M, Alloc Tax Rate: 1.1x
[142.738s][info][gc          ] GC(63) Pause Final Mark (unload classes) 0.403ms
[142.738s][info][gc,start    ] GC(63) Concurrent thread roots
[142.738s][info][gc,task     ] GC(63) Using 1 of 3 workers for Concurrent thread roots
[142.738s][info][gc          ] GC(63) Concurrent thread roots 0.584ms
[142.738s][info][gc,start    ] GC(63) Concurrent weak references
[142.738s][info][gc,task     ] GC(63) Using 1 of 3 workers for concurrent weak references
[142.738s][info][gc,ref      ] GC(63) Encountered references: Soft: 173, Weak: 997, Final: 0, Phantom: 41
[142.738s][info][gc,ref      ] GC(63) Discovered  references: Soft: 0, Weak: 199, Final: 0, Phantom: 24
[142.738s][info][gc,ref      ] GC(63) Enqueued    references: Soft: 0, Weak: 3, Final: 0, Phantom: 0
[142.738s][info][gc          ] GC(63) Concurrent weak references 0.096ms
[142.738s][info][gc,start    ] GC(63) Concurrent weak roots
[142.738s][info][gc,task     ] GC(63) Using 1 of 3 workers for concurrent weak root
[142.739s][info][gc          ] GC(63) Concurrent weak roots 0.872ms
[142.739s][info][gc,start    ] GC(63) Concurrent cleanup
[142.739s][info][gc          ] GC(63) Concurrent cleanup 2491M->1639M(8192M) 0.035ms
[142.739s][info][gc,ergo     ] GC(63) Free: 6140M, Max: 4096K regular, 5272M humongous, Frag: 14% external, 0% internal; Reserve: 411M, Max: 4096K
[142.739s][info][gc,start    ] GC(63) Concurrent class unloading
[142.739s][info][gc,task     ] GC(63) Using 1 of 3 workers for concurrent class unloading
[142.742s][info][gc          ] GC(63) Concurrent class unloading 3.021ms
[142.742s][info][gc,start    ] GC(63) Concurrent strong roots
[142.742s][info][gc,task     ] GC(63) Using 1 of 3 workers for concurrent strong root
[142.742s][info][gc          ] GC(63) Concurrent strong roots 0.107ms
[142.742s][info][gc,start    ] GC(63) Concurrent evacuation
[142.742s][info][gc,task     ] GC(63) Using 1 of 3 workers for concurrent evacuation
[143.070s][info][gc          ] GC(63) Concurrent evacuation 327.609ms
[143.070s][info][gc,start    ] GC(63) Pause Init Update Refs
[143.070s][info][gc,ergo     ] GC(63) Pacer for Update Refs. Used: 2022M, Free: 6101M, Non-Taxable: 610M, Alloc Tax Rate: 1.1x
[143.070s][info][gc          ] GC(63) Pause Init Update Refs 0.094ms
[143.070s][info][gc,start    ] GC(63) Concurrent update references
[143.070s][info][gc,task     ] GC(63) Using 1 of 3 workers for concurrent reference update
[143.876s][info][gc          ] GC(63) Concurrent update references 805.726ms
[143.876s][info][gc,start    ] GC(63) Concurrent update thread roots
[143.877s][info][gc          ] GC(63) Concurrent update thread roots 1.272ms
[143.878s][info][gc,start    ] GC(63) Pause Final Update Refs
[143.878s][info][gc,task     ] GC(63) Using 3 of 3 workers for final reference update
[143.878s][info][gc          ] GC(63) Pause Final Update Refs 0.264ms
[143.878s][info][gc,start    ] GC(63) Concurrent cleanup
[143.878s][info][gc          ] GC(63) Concurrent cleanup 2039M->1027M(8192M) 0.046ms
[143.878s][info][gc,ergo     ] Free: 6752M, Max: 4096K regular, 4928M humongous, Frag: 27% external, 0% internal; Reserve: 412M, Max: 4096K
[143.878s][info][gc,stats    ] 
[143.878s][info][gc,stats    ] All times are wall-clock times, except per-root-class counters, that are sum over
[143.878s][info][gc,stats    ] all workers. Dividing the <total> over the root stage time estimates parallelism.
[143.878s][info][gc,stats    ] 
[143.878s][info][gc,stats    ] Concurrent Reset                    715 us
[143.878s][info][gc,stats    ] Pause Init Mark (G)                 390 us
[143.878s][info][gc,stats    ] Pause Init Mark (N)                 230 us
[143.878s][info][gc,stats    ]   Update Region States               89 us
[143.878s][info][gc,stats    ] Concurrent Mark Roots               784 us, parallelism: 0.82x
[143.878s][info][gc,stats    ]   CMR: <total>                      645 us
[143.878s][info][gc,stats    ]   CMR: Thread Roots                 603 us, workers (us): 603, ---, ---, 
[143.878s][info][gc,stats    ]   CMR: VM Strong Roots                4 us, workers (us):   4, ---, ---, 
[143.878s][info][gc,stats    ]   CMR: CLDG Roots                    38 us, workers (us):  38, ---, ---, 
[143.878s][info][gc,stats    ] Concurrent Marking               877800 us
[143.878s][info][gc,stats    ] Pause Final Mark (G)                551 us
[143.878s][info][gc,stats    ] Pause Final Mark (N)                421 us
[143.878s][info][gc,stats    ]   Finish Mark                       107 us
[143.878s][info][gc,stats    ]   Update Region States               55 us
[143.878s][info][gc,stats    ]   Choose Collection Set             129 us
[143.878s][info][gc,stats    ]   Rebuild Free Set                   16 us
[143.878s][info][gc,stats    ] Concurrent Thread Roots             605 us, parallelism: 0.81x
[143.878s][info][gc,stats    ]   CTR: <total>                      489 us
[143.878s][info][gc,stats    ]   CTR: Thread Roots                 489 us, workers (us): 489, ---, ---, 
[143.878s][info][gc,stats    ] Concurrent Weak References          104 us, parallelism: 0.14x
[143.878s][info][gc,stats    ]   CWRF: <total>                      14 us
[143.878s][info][gc,stats    ]   CWRF: Weak References              14 us, workers (us):  14, ---, ---, 
[143.878s][info][gc,stats    ] Concurrent Weak Roots               889 us
[143.878s][info][gc,stats    ]   Roots                             813 us, parallelism: 0.94x
[143.878s][info][gc,stats    ]     CWR: <total>                    763 us
[143.878s][info][gc,stats    ]     CWR: Code Cache Roots           624 us, workers (us): 624, ---, ---, 
[143.878s][info][gc,stats    ]     CWR: VM Weak Roots              130 us, workers (us): 130, ---, ---, 
[143.878s][info][gc,stats    ]     CWR: CLDG Roots                   9 us, workers (us):   9, ---, ---, 
[143.878s][info][gc,stats    ]   Rendezvous                         43 us
[143.878s][info][gc,stats    ] Concurrent Cleanup                   43 us
[143.878s][info][gc,stats    ] Concurrent Class Unloading         3051 us
[143.878s][info][gc,stats    ]   Unlink Stale                     2746 us
[143.878s][info][gc,stats    ]     System Dictionary                10 us
[143.879s][info][gc,stats    ]     Weak Class Links                  0 us
[143.879s][info][gc,stats    ]     Code Roots                     2735 us
[143.879s][info][gc,stats    ]   Rendezvous                         72 us
[143.879s][info][gc,stats    ]   Purge Unlinked                    186 us
[143.879s][info][gc,stats    ]     Code Roots                      181 us
[143.879s][info][gc,stats    ]     CLDG                              5 us
[143.879s][info][gc,stats    ]     Exception Caches                  0 us
[143.879s][info][gc,stats    ] Concurrent Strong Roots             126 us, parallelism: 0.27x
[143.879s][info][gc,stats    ]   CSR: <total>                       34 us
[143.879s][info][gc,stats    ]   CSR: VM Strong Roots                3 us, workers (us):   3, ---, ---, 
[143.879s][info][gc,stats    ]   CSR: CLDG Roots                    31 us, workers (us):  31, ---, ---, 
[143.879s][info][gc,stats    ] Concurrent Evacuation            327673 us
[143.879s][info][gc,stats    ] Pause Init Update Refs (G)          270 us
[143.879s][info][gc,stats    ] Pause Init Update Refs (N)          111 us
[143.879s][info][gc,stats    ]   Manage GCLABs                       3 us
[143.879s][info][gc,stats    ] Concurrent Update Refs           805792 us
[143.879s][info][gc,stats    ] Concurrent Update Thread Roots     1289 us
[143.879s][info][gc,stats    ] Pause Final Update Refs (G)         397 us
[143.879s][info][gc,stats    ] Pause Final Update Refs (N)         313 us
[143.879s][info][gc,stats    ]   Update Region States              122 us
[143.879s][info][gc,stats    ]   Trash Collection Set               13 us
[143.879s][info][gc,stats    ]   Rebuild Free Set                   31 us
[143.879s][info][gc,stats    ] Concurrent Cleanup                   56 us
[143.879s][info][gc,stats    ] 
[143.879s][info][gc,stats    ] Allocation pacing accrued:
[143.879s][info][gc,stats    ]       0 of  6147 ms (  0.0%): <total>
[143.879s][info][gc,stats    ]       0 of  6147 ms (  0.0%): <average total>
[143.879s][info][gc,stats    ] 
[143.879s][info][gc,metaspace] Metaspace: 16474K(16768K)->16475K(16768K) NonClass: 14126K(14272K)->14127K(14272K) Class: 2348K(2496K)->2348K(2496K)
[143.879s][info][gc,ergo     ] Pacer for Idle. Initial: 163M, Alloc Tax Rate: 1.0x
[143.882s][info][gc          ] Trigger: Explicit GC request (System.gc())
[143.882s][info][gc,ergo     ] Free: 6752M, Max: 4096K regular, 4928M humongous, Frag: 27% external, 0% internal; Reserve: 412M, Max: 4096K
[143.882s][info][gc,start    ] GC(64) Concurrent reset
[143.882s][info][gc,task     ] GC(64) Using 1 of 3 workers for concurrent reset
[143.882s][info][gc,ergo     ] GC(64) Pacer for Reset. Non-Taxable: 8192M
[143.886s][info][gc          ] GC(64) Concurrent reset 4.496ms
[143.886s][info][gc,start    ] GC(64) Pause Init Mark (unload classes)
[143.886s][info][gc,task     ] GC(64) Using 3 of 3 workers for init marking
[143.887s][info][gc,ref      ] GC(64) Clearing All SoftReferences
[143.887s][info][gc,ergo     ] GC(64) Pacer for Mark. Expected Live: 127M, Free: 6752M, Non-Taxable: 675M, Alloc Tax Rate: 0.0x
[143.887s][info][gc          ] GC(64) Pause Init Mark (unload classes) 0.223ms
[143.887s][info][gc,start    ] GC(64) Concurrent marking roots
[143.887s][info][gc,task     ] GC(64) Using 1 of 3 workers for concurrent marking roots
[143.887s][info][gc          ] GC(64) Concurrent marking roots 0.626ms
[143.887s][info][gc,start    ] GC(64) Concurrent marking (unload classes)
[143.887s][info][gc,task     ] GC(64) Using 1 of 3 workers for concurrent marking
[143.892s][info][gc          ] GC(64) Concurrent marking (unload classes) 4.426ms
[143.892s][info][gc,start    ] GC(64) Pause Final Mark (unload classes)
[143.892s][info][gc,task     ] GC(64) Using 3 of 3 workers for final marking
[143.892s][info][gc,ergo     ] GC(64) Collectable Garbage: 1007M (98%), Immediate: 1007M (98%), CSet: 0B (0%)
[143.892s][info][gc          ] GC(64) Pause Final Mark (unload classes) 0.455ms
[143.892s][info][gc,start    ] GC(64) Concurrent weak references
[143.893s][info][gc,task     ] GC(64) Using 1 of 3 workers for concurrent weak references
[143.893s][info][gc,ref      ] GC(64) Encountered references: Soft: 172, Weak: 993, Final: 0, Phantom: 41
[143.893s][info][gc,ref      ] GC(64) Discovered  references: Soft: 108, Weak: 219, Final: 0, Phantom: 24
[143.893s][info][gc,ref      ] GC(64) Enqueued    references: Soft: 4, Weak: 6, Final: 0, Phantom: 0
[143.893s][info][gc          ] GC(64) Concurrent weak references 0.224ms
[143.893s][info][gc,start    ] GC(64) Concurrent weak roots
[143.893s][info][gc,task     ] GC(64) Using 1 of 3 workers for concurrent weak root
[143.894s][info][gc          ] GC(64) Concurrent weak roots 0.877ms
[143.894s][info][gc,start    ] GC(64) Concurrent cleanup
[143.894s][info][gc          ] GC(64) Concurrent cleanup 1027M->20M(8192M) 0.035ms
[143.894s][info][gc,ergo     ] GC(64) Free: 7759M, Max: 4096K regular, 7692M humongous, Frag: 1% external, 0% internal; Reserve: 412M, Max: 4096K
[143.894s][info][gc,start    ] GC(64) Concurrent class unloading
[143.894s][info][gc,task     ] GC(64) Using 1 of 3 workers for concurrent class unloading
[143.900s][info][gc          ] GC(64) Concurrent class unloading 6.247ms
[143.900s][info][gc,start    ] GC(64) Pause Final Roots
[143.900s][info][gc          ] GC(64) Pause Final Roots 0.055ms
[143.900s][info][gc,ergo     ] Free: 7759M, Max: 4096K regular, 7692M humongous, Frag: 1% external, 0% internal; Reserve: 412M, Max: 4096K
[143.900s][info][gc,stats    ] 
[143.900s][info][gc,stats    ] All times are wall-clock times, except per-root-class counters, that are sum over
[143.900s][info][gc,stats    ] all workers. Dividing the <total> over the root stage time estimates parallelism.
[143.900s][info][gc,stats    ] 
[143.900s][info][gc,stats    ] Concurrent Reset                   4565 us
[143.900s][info][gc,stats    ] Pause Init Mark (G)                 355 us
[143.900s][info][gc,stats    ] Pause Init Mark (N)                 244 us
[143.900s][info][gc,stats    ]   Update Region States               90 us
[143.900s][info][gc,stats    ] Concurrent Mark Roots               644 us, parallelism: 0.80x
[143.900s][info][gc,stats    ]   CMR: <total>                      515 us
[143.900s][info][gc,stats    ]   CMR: Thread Roots                 469 us, workers (us): 469, ---, ---, 
[143.900s][info][gc,stats    ]   CMR: VM Strong Roots                5 us, workers (us):   5, ---, ---, 
[143.900s][info][gc,stats    ]   CMR: CLDG Roots                    41 us, workers (us):  41, ---, ---, 
[143.900s][info][gc,stats    ] Concurrent Marking                 4483 us
[143.900s][info][gc,stats    ] Pause Final Mark (G)                714 us
[143.901s][info][gc,stats    ] Pause Final Mark (N)                571 us
[143.901s][info][gc,stats    ]   Finish Mark                       155 us
[143.901s][info][gc,stats    ]   Update Region States              123 us
[143.901s][info][gc,stats    ]   Choose Collection Set              76 us
[143.901s][info][gc,stats    ]   Rebuild Free Set                   21 us
[143.901s][info][gc,stats    ] Concurrent Weak References          241 us, parallelism: 0.07x
[143.901s][info][gc,stats    ]   CWRF: <total>                      16 us
[143.901s][info][gc,stats    ]   CWRF: Weak References              16 us, workers (us):  16, ---, ---, 
[143.901s][info][gc,stats    ] Concurrent Weak Roots               905 us
[143.901s][info][gc,stats    ]   Roots                             788 us, parallelism: 0.94x
[143.901s][info][gc,stats    ]     CWR: <total>                    740 us
[143.901s][info][gc,stats    ]     CWR: Code Cache Roots           613 us, workers (us): 613, ---, ---, 
[143.901s][info][gc,stats    ]     CWR: VM Weak Roots              119 us, workers (us): 119, ---, ---, 
[143.901s][info][gc,stats    ]     CWR: CLDG Roots                   7 us, workers (us):   7, ---, ---, 
[143.901s][info][gc,stats    ]   Rendezvous                         56 us
[143.901s][info][gc,stats    ] Concurrent Cleanup                   43 us
[143.901s][info][gc,stats    ] Concurrent Class Unloading         6307 us
[143.901s][info][gc,stats    ]   Unlink Stale                     5915 us
[143.901s][info][gc,stats    ]     System Dictionary                59 us
[143.901s][info][gc,stats    ]     Weak Class Links               1751 us
[143.901s][info][gc,stats    ]     Code Roots                     4104 us
[143.901s][info][gc,stats    ]   Rendezvous                        101 us
[143.901s][info][gc,stats    ]   Purge Unlinked                    211 us
[143.901s][info][gc,stats    ]     Code Roots                      185 us
[143.901s][info][gc,stats    ]     CLDG                             26 us
[143.901s][info][gc,stats    ]     Exception Caches                  0 us
[143.901s][info][gc,stats    ] Pause Final Roots (G)               123 us
[143.901s][info][gc,stats    ] Pause Final Roots (N)                64 us
[143.901s][info][gc,stats    ] 
[143.901s][info][gc,stats    ] Allocation pacing accrued:
[143.901s][info][gc,stats    ]       0 of    22 ms (  0.0%): <total>
[143.901s][info][gc,stats    ]       0 of    22 ms (  0.0%): <average total>
[143.901s][info][gc,stats    ] 
[143.901s][info][gc,metaspace] Metaspace: 16475K(16768K)->16471K(16768K) NonClass: 14127K(14272K)->14123K(14272K) Class: 2348K(2496K)->2347K(2496K)
[143.901s][info][gc,ergo     ] Pacer for Idle. Initial: 163M, Alloc Tax Rate: 1.0x
[145.400s][info][gc          ] Trigger: Average GC time (2085.01 ms) is above the time for instantaneous allocation rate (4829 MB/s) to deplete free headroom (6754M) (spike threshold = 1.73)
[145.400s][info][gc,ergo     ] Free: 7163M, Max: 4096K regular, 7148M humongous, Frag: 0% external, 0% internal; Reserve: 412M, Max: 4096K
[145.400s][info][gc,start    ] GC(65) Concurrent reset
[145.400s][info][gc,task     ] GC(65) Using 1 of 3 workers for concurrent reset
[145.400s][info][gc,ergo     ] GC(65) Pacer for Reset. Non-Taxable: 8192M
[145.400s][info][gc          ] GC(65) Concurrent reset 0.331ms
[145.400s][info][gc,start    ] GC(65) Pause Init Mark (unload classes)
[145.400s][info][gc,task     ] GC(65) Using 3 of 3 workers for init marking
[145.400s][info][gc,ergo     ] GC(65) Pacer for Mark. Expected Live: 92600K, Free: 7163M, Non-Taxable: 716M, Alloc Tax Rate: 0.0x
[145.400s][info][gc          ] GC(65) Pause Init Mark (unload classes) 0.123ms
[145.401s][info][gc,start    ] GC(65) Concurrent marking roots
[145.401s][info][gc,task     ] GC(65) Using 1 of 3 workers for concurrent marking roots
[145.401s][info][gc          ] GC(65) Concurrent marking roots 0.652ms
[145.401s][info][gc,start    ] GC(65) Concurrent marking (unload classes)
[145.401s][info][gc,task     ] GC(65) Using 1 of 3 workers for concurrent marking
[145.431s][info][gc          ] GC(65) Concurrent marking (unload classes) 30.023ms
[145.432s][info][gc,start    ] GC(65) Pause Final Mark (unload classes)
[145.432s][info][gc,task     ] GC(65) Using 3 of 3 workers for final marking
[145.432s][info][gc,ergo     ] GC(65) Adaptive CSet Selection. Target Free: 1160M, Actual Free: 7840M, Max CSet: 341M, Min Garbage: 0B
[145.432s][info][gc,ergo     ] GC(65) Collectable Garbage: 610M (99%), Immediate: 444M (72%), CSet: 166M (27%)
[145.432s][info][gc,ergo     ] GC(65) Pacer for Evacuation. Used CSet: 166M, Free: 7441M, Non-Taxable: 744M, Alloc Tax Rate: 1.1x
[145.432s][info][gc          ] GC(65) Pause Final Mark (unload classes) 0.210ms
[145.463s][info][gc,start    ] GC(65) Concurrent thread roots
[145.463s][info][gc,task     ] GC(65) Using 1 of 3 workers for Concurrent thread roots
[145.463s][info][gc          ] GC(65) Concurrent thread roots 0.696ms
[145.463s][info][gc,start    ] GC(65) Concurrent weak references
[145.463s][info][gc,task     ] GC(65) Using 1 of 3 workers for concurrent weak references
[145.463s][info][gc,ref      ] GC(65) Encountered references: Soft: 173, Weak: 994, Final: 0, Phantom: 41
[145.463s][info][gc,ref      ] GC(65) Discovered  references: Soft: 0, Weak: 208, Final: 0, Phantom: 24
[145.463s][info][gc,ref      ] GC(65) Enqueued    references: Soft: 0, Weak: 6, Final: 0, Phantom: 0
[145.463s][info][gc          ] GC(65) Concurrent weak references 0.092ms
[145.464s][info][gc,start    ] GC(65) Concurrent weak roots
[145.464s][info][gc,task     ] GC(65) Using 1 of 3 workers for concurrent weak root
[145.467s][info][gc          ] GC(65) Concurrent weak roots 3.843ms
[145.467s][info][gc,start    ] GC(65) Concurrent cleanup
[145.467s][info][gc          ] GC(65) Concurrent cleanup 905M->465M(8192M) 0.043ms
[145.467s][info][gc,ergo     ] GC(65) Free: 7314M, Max: 4096K regular, 6864M humongous, Frag: 6% external, 0% internal; Reserve: 410M, Max: 4096K
[145.467s][info][gc,start    ] GC(65) Concurrent class unloading
[145.467s][info][gc,task     ] GC(65) Using 1 of 3 workers for concurrent class unloading
[145.478s][info][gc          ] GC(65) Concurrent class unloading 10.864ms
[145.478s][info][gc,start    ] GC(65) Concurrent strong roots
[145.478s][info][gc,task     ] GC(65) Using 1 of 3 workers for concurrent strong root
[145.479s][info][gc          ] GC(65) Concurrent strong roots 0.108ms
[145.479s][info][gc,start    ] GC(65) Concurrent evacuation
[145.479s][info][gc,task     ] GC(65) Using 1 of 3 workers for concurrent evacuation
[145.480s][info][gc          ] GC(65) Concurrent evacuation 1.067ms
[145.480s][info][gc,start    ] GC(65) Pause Init Update Refs
[145.480s][info][gc,ergo     ] GC(65) Pacer for Update Refs. Used: 510M, Free: 7270M, Non-Taxable: 727M, Alloc Tax Rate: 1.1x
[145.480s][info][gc          ] GC(65) Pause Init Update Refs 0.068ms
[145.494s][info][gc,start    ] GC(65) Concurrent update references
[145.494s][info][gc,task     ] GC(65) Using 1 of 3 workers for concurrent reference update
[145.566s][info][gc          ] GC(65) Concurrent update references 71.929ms
[145.566s][info][gc,start    ] GC(65) Concurrent update thread roots
[145.566s][info][gc          ] GC(65) Concurrent update thread roots 0.697ms
[145.566s][info][gc,start    ] GC(65) Pause Final Update Refs
[145.566s][info][gc,task     ] GC(65) Using 3 of 3 workers for final reference update
[145.566s][info][gc          ] GC(65) Pause Final Update Refs 0.106ms
[145.572s][info][gc,start    ] GC(65) Concurrent cleanup
[145.573s][info][gc          ] GC(65) Concurrent cleanup 809M->671M(8192M) 0.129ms
[145.573s][info][gc,ergo     ] Free: 7108M, Max: 4096K regular, 6868M humongous, Frag: 4% external, 0% internal; Reserve: 412M, Max: 4096K
[145.573s][info][gc,stats    ] 
[145.573s][info][gc,stats    ] All times are wall-clock times, except per-root-class counters, that are sum over
[145.573s][info][gc,stats    ] all workers. Dividing the <total> over the root stage time estimates parallelism.
[145.573s][info][gc,stats    ] 
[145.573s][info][gc,stats    ] Concurrent Reset                    355 us
[145.573s][info][gc,stats    ] Pause Init Mark (G)                 381 us
[145.573s][info][gc,stats    ] Pause Init Mark (N)                 132 us
[145.573s][info][gc,stats    ]   Update Region States               39 us
[145.573s][info][gc,stats    ] Concurrent Mark Roots               669 us, parallelism: 0.88x
[145.573s][info][gc,stats    ]   CMR: <total>                      585 us
[145.573s][info][gc,stats    ]   CMR: Thread Roots                 532 us, workers (us): 532, ---, ---, 
[145.573s][info][gc,stats    ]   CMR: VM Strong Roots                8 us, workers (us):   8, ---, ---, 
[145.573s][info][gc,stats    ]   CMR: CLDG Roots                    45 us, workers (us):  45, ---, ---, 
[145.573s][info][gc,stats    ] Concurrent Marking                30135 us
[145.573s][info][gc,stats    ] Pause Final Mark (G)              31246 us
[145.573s][info][gc,stats    ] Pause Final Mark (N)                220 us
[145.573s][info][gc,stats    ]   Finish Mark                        47 us
[145.573s][info][gc,stats    ]   Update Region States               41 us
[145.573s][info][gc,stats    ]   Choose Collection Set              75 us
[145.573s][info][gc,stats    ]   Rebuild Free Set                    8 us
[145.573s][info][gc,stats    ] Concurrent Thread Roots             718 us, parallelism: 0.81x
[145.573s][info][gc,stats    ]   CTR: <total>                      579 us
[145.573s][info][gc,stats    ]   CTR: Thread Roots                 579 us, workers (us): 579, ---, ---, 
[145.573s][info][gc,stats    ] Concurrent Weak References           99 us, parallelism: 0.23x
[145.573s][info][gc,stats    ]   CWRF: <total>                      23 us
[145.573s][info][gc,stats    ]   CWRF: Weak References              23 us, workers (us):  23, ---, ---, 
[145.573s][info][gc,stats    ] Concurrent Weak Roots              3879 us
[145.573s][info][gc,stats    ]   Roots                            1201 us, parallelism: 0.96x
[145.573s][info][gc,stats    ]     CWR: <total>                   1152 us
[145.573s][info][gc,stats    ]     CWR: Code Cache Roots           936 us, workers (us): 936, ---, ---, 
[145.573s][info][gc,stats    ]     CWR: VM Weak Roots              205 us, workers (us): 205, ---, ---, 
[145.573s][info][gc,stats    ]     CWR: CLDG Roots                  11 us, workers (us):  11, ---, ---, 
[145.573s][info][gc,stats    ]   Rendezvous                       2626 us
[145.573s][info][gc,stats    ] Concurrent Cleanup                   52 us
[145.573s][info][gc,stats    ] Concurrent Class Unloading        10934 us
[145.573s][info][gc,stats    ]   Unlink Stale                     3377 us
[145.573s][info][gc,stats    ]     System Dictionary                12 us
[145.573s][info][gc,stats    ]     Weak Class Links                  0 us
[145.573s][info][gc,stats    ]     Code Roots                     3363 us
[145.573s][info][gc,stats    ]   Rendezvous                       7102 us
[145.573s][info][gc,stats    ]   Purge Unlinked                    360 us
[145.573s][info][gc,stats    ]     Code Roots                      347 us
[145.573s][info][gc,stats    ]     CLDG                             12 us
[145.573s][info][gc,stats    ]     Exception Caches                  0 us
[145.573s][info][gc,stats    ] Concurrent Strong Roots             120 us, parallelism: 0.43x
[145.573s][info][gc,stats    ]   CSR: <total>                       52 us
[145.573s][info][gc,stats    ]   CSR: VM Strong Roots                5 us, workers (us):   5, ---, ---, 
[145.573s][info][gc,stats    ]   CSR: CLDG Roots                    47 us, workers (us):  47, ---, ---, 
[145.573s][info][gc,stats    ] Concurrent Evacuation              1113 us
[145.573s][info][gc,stats    ] Pause Init Update Refs (G)        13989 us
[145.573s][info][gc,stats    ] Pause Init Update Refs (N)           77 us
[145.573s][info][gc,stats    ]   Manage GCLABs                       3 us
[145.573s][info][gc,stats    ] Concurrent Update Refs            72004 us
[145.573s][info][gc,stats    ] Concurrent Update Thread Roots      714 us
[145.573s][info][gc,stats    ] Pause Final Update Refs (G)        6068 us
[145.573s][info][gc,stats    ] Pause Final Update Refs (N)         116 us
[145.573s][info][gc,stats    ]   Update Region States               37 us
[145.573s][info][gc,stats    ]   Trash Collection Set                3 us
[145.573s][info][gc,stats    ]   Rebuild Free Set                   13 us
[145.573s][info][gc,stats    ] Concurrent Cleanup                  142 us
[145.573s][info][gc,stats    ] 
[145.573s][info][gc,stats    ] Allocation pacing accrued:
[145.573s][info][gc,stats    ]       0 of  1672 ms (  0.0%): <total>
[145.573s][info][gc,stats    ]       0 of  1672 ms (  0.0%): <average total>
[145.573s][info][gc,stats    ] 
[145.573s][info][gc,metaspace] Metaspace: 16475K(16768K)->16475K(16768K) NonClass: 14127K(14272K)->14127K(14272K) Class: 2348K(2496K)->2348K(2496K)
[145.573s][info][gc,ergo     ] Pacer for Idle. Initial: 163M, Alloc Tax Rate: 1.0x
[145.698s][info][gc          ] Trigger: Average GC time (1497.80 ms) is above the time for average allocation rate (4438 MB/s) to deplete free headroom (6006M) (margin of error = 1.78)
[145.698s][info][gc,ergo     ] Free headroom: 6416M (free) - 409M (spike) - 0B (penalties) = 6006M
[145.698s][info][gc,ergo     ] Free: 6416M, Max: 4096K regular, 6400M humongous, Frag: 0% external, 0% internal; Reserve: 412M, Max: 4096K
[145.698s][info][gc,start    ] GC(66) Concurrent reset
[145.698s][info][gc,task     ] GC(66) Using 1 of 3 workers for concurrent reset
[145.698s][info][gc,ergo     ] GC(66) Pacer for Reset. Non-Taxable: 8192M
[145.699s][info][gc          ] GC(66) Concurrent reset 1.132ms
[145.700s][info][gc,start    ] GC(66) Pause Init Mark (unload classes)
[145.700s][info][gc,task     ] GC(66) Using 3 of 3 workers for init marking
[145.700s][info][gc,ergo     ] GC(66) Pacer for Mark. Expected Live: 92651K, Free: 6416M, Non-Taxable: 641M, Alloc Tax Rate: 0.0x
[145.700s][info][gc          ] GC(66) Pause Init Mark (unload classes) 0.123ms
[145.714s][info][gc,start    ] GC(66) Concurrent marking roots
[145.714s][info][gc,task     ] GC(66) Using 1 of 3 workers for concurrent marking roots
[145.715s][info][gc          ] GC(66) Concurrent marking roots 0.825ms
[145.715s][info][gc,start    ] GC(66) Concurrent marking (unload classes)
[145.715s][info][gc,task     ] GC(66) Using 1 of 3 workers for concurrent marking
[145.730s][info][gc          ] GC(66) Concurrent marking (unload classes) 14.924ms
[145.730s][info][gc,start    ] GC(66) Pause Final Mark (unload classes)
[145.730s][info][gc,task     ] GC(66) Using 3 of 3 workers for final marking
[145.730s][info][gc,ergo     ] GC(66) Adaptive CSet Selection. Target Free: 1160M, Actual Free: 7840M, Max CSet: 341M, Min Garbage: 0B
[145.730s][info][gc,ergo     ] GC(66) Collectable Garbage: 1356M (99%), Immediate: 1184M (87%), CSet: 172M (12%)
[145.730s][info][gc,ergo     ] GC(66) Pacer for Evacuation. Used CSet: 173M, Free: 7442M, Non-Taxable: 744M, Alloc Tax Rate: 1.1x
[145.730s][info][gc          ] GC(66) Pause Final Mark (unload classes) 0.249ms
[145.745s][info][gc,start    ] GC(66) Concurrent thread roots
[145.745s][info][gc,task     ] GC(66) Using 1 of 3 workers for Concurrent thread roots
[145.746s][info][gc          ] GC(66) Concurrent thread roots 0.675ms
[145.746s][info][gc,start    ] GC(66) Concurrent weak references
[145.746s][info][gc,task     ] GC(66) Using 1 of 3 workers for concurrent weak references
[145.746s][info][gc,ref      ] GC(66) Encountered references: Soft: 173, Weak: 988, Final: 0, Phantom: 41
[145.746s][info][gc,ref      ] GC(66) Discovered  references: Soft: 0, Weak: 202, Final: 0, Phantom: 24
[145.746s][info][gc,ref      ] GC(66) Enqueued    references: Soft: 0, Weak: 0, Final: 0, Phantom: 0
[145.746s][info][gc          ] GC(66) Concurrent weak references 0.072ms
[145.746s][info][gc,start    ] GC(66) Concurrent weak roots
[145.746s][info][gc,task     ] GC(66) Using 1 of 3 workers for concurrent weak root
[145.761s][info][gc          ] GC(66) Concurrent weak roots 14.874ms
[145.761s][info][gc,start    ] GC(66) Concurrent cleanup
[145.761s][info][gc          ] GC(66) Concurrent cleanup 1640M->456M(8192M) 0.051ms
[145.761s][info][gc,ergo     ] GC(66) Free: 7322M, Max: 4096K regular, 6124M humongous, Frag: 17% external, 0% internal; Reserve: 410M, Max: 4096K
[145.761s][info][gc,start    ] GC(66) Concurrent class unloading
[145.761s][info][gc,task     ] GC(66) Using 1 of 3 workers for concurrent class unloading
[145.777s][info][gc          ] GC(66) Concurrent class unloading 16.175ms
[145.777s][info][gc,start    ] GC(66) Concurrent strong roots
[145.777s][info][gc,task     ] GC(66) Using 1 of 3 workers for concurrent strong root
[145.777s][info][gc          ] GC(66) Concurrent strong roots 0.110ms
[145.777s][info][gc,start    ] GC(66) Concurrent evacuation
[145.777s][info][gc,task     ] GC(66) Using 1 of 3 workers for concurrent evacuation
[145.779s][info][gc          ] GC(66) Concurrent evacuation 1.258ms
[145.779s][info][gc,start    ] GC(66) Pause Init Update Refs
[145.779s][info][gc,ergo     ] GC(66) Pacer for Update Refs. Used: 525M, Free: 7254M, Non-Taxable: 725M, Alloc Tax Rate: 1.1x
[145.779s][info][gc          ] GC(66) Pause Init Update Refs 0.061ms
[145.808s][info][gc,start    ] GC(66) Concurrent update references
[145.808s][info][gc,task     ] GC(66) Using 1 of 3 workers for concurrent reference update
[145.875s][info][gc          ] GC(66) Concurrent update references 66.789ms
[145.875s][info][gc,start    ] GC(66) Concurrent update thread roots
[145.876s][info][gc          ] GC(66) Concurrent update thread roots 0.689ms
[145.876s][info][gc,start    ] GC(66) Pause Final Update Refs
[145.876s][info][gc,task     ] GC(66) Using 3 of 3 workers for final reference update
[145.876s][info][gc          ] GC(66) Pause Final Update Refs 0.085ms
[145.902s][info][gc,start    ] GC(66) Concurrent cleanup
[145.902s][info][gc          ] GC(66) Concurrent cleanup 941M->799M(8192M) 0.154ms
[145.902s][info][gc,ergo     ] Free: 6980M, Max: 4096K regular, 6124M humongous, Frag: 13% external, 0% internal; Reserve: 412M, Max: 4096K
[145.902s][info][gc,stats    ] 
[145.902s][info][gc,stats    ] All times are wall-clock times, except per-root-class counters, that are sum over
[145.902s][info][gc,stats    ] all workers. Dividing the <total> over the root stage time estimates parallelism.
[145.902s][info][gc,stats    ] 
[145.902s][info][gc,stats    ] Concurrent Reset                   1211 us
[145.902s][info][gc,stats    ] Pause Init Mark (G)               14461 us
[145.902s][info][gc,stats    ] Pause Init Mark (N)                 132 us
[145.902s][info][gc,stats    ]   Update Region States               40 us
[145.902s][info][gc,stats    ] Concurrent Mark Roots               848 us, parallelism: 0.77x
[145.902s][info][gc,stats    ]   CMR: <total>                      657 us
[145.902s][info][gc,stats    ]   CMR: Thread Roots                 581 us, workers (us): 581, ---, ---, 
[145.902s][info][gc,stats    ]   CMR: VM Strong Roots                9 us, workers (us):   9, ---, ---, 
[145.902s][info][gc,stats    ]   CMR: CLDG Roots                    66 us, workers (us):  66, ---, ---, 
[145.902s][info][gc,stats    ] Concurrent Marking                15015 us
[145.902s][info][gc,stats    ] Pause Final Mark (G)              15488 us
[145.902s][info][gc,stats    ] Pause Final Mark (N)                258 us
[145.902s][info][gc,stats    ]   Finish Mark                        70 us
[145.902s][info][gc,stats    ]   Update Region States               55 us
[145.902s][info][gc,stats    ]   Choose Collection Set              73 us
[145.902s][info][gc,stats    ]   Rebuild Free Set                    8 us
[145.902s][info][gc,stats    ] Concurrent Thread Roots             693 us, parallelism: 0.79x
[145.902s][info][gc,stats    ]   CTR: <total>                      548 us
[145.902s][info][gc,stats    ]   CTR: Thread Roots                 548 us, workers (us): 548, ---, ---, 
[145.902s][info][gc,stats    ] Concurrent Weak References           79 us, parallelism: 0.23x
[145.902s][info][gc,stats    ]   CWRF: <total>                      18 us
[145.902s][info][gc,stats    ]   CWRF: Weak References              18 us, workers (us):  18, ---, ---, 
[145.902s][info][gc,stats    ] Concurrent Weak Roots             14958 us
[145.902s][info][gc,stats    ]   Roots                            1132 us, parallelism: 0.96x
[145.902s][info][gc,stats    ]     CWR: <total>                   1088 us
[145.902s][info][gc,stats    ]     CWR: Code Cache Roots           921 us, workers (us): 921, ---, ---, 
[145.903s][info][gc,stats    ]     CWR: VM Weak Roots              155 us, workers (us): 155, ---, ---, 
[145.903s][info][gc,stats    ]     CWR: CLDG Roots                  12 us, workers (us):  12, ---, ---, 
[145.903s][info][gc,stats    ]   Rendezvous                      13719 us
[145.903s][info][gc,stats    ] Concurrent Cleanup                   60 us
[145.903s][info][gc,stats    ] Concurrent Class Unloading        16238 us
[145.903s][info][gc,stats    ]   Unlink Stale                     3568 us
[145.903s][info][gc,stats    ]     System Dictionary                15 us
[145.903s][info][gc,stats    ]     Weak Class Links                  0 us
[145.903s][info][gc,stats    ]     Code Roots                     3550 us
[145.903s][info][gc,stats    ]   Rendezvous                      12259 us
[145.903s][info][gc,stats    ]   Purge Unlinked                    323 us
[145.903s][info][gc,stats    ]     Code Roots                      313 us
[145.903s][info][gc,stats    ]     CLDG                              9 us
[145.903s][info][gc,stats    ]     Exception Caches                  0 us
[145.903s][info][gc,stats    ] Concurrent Strong Roots             121 us, parallelism: 0.42x
[145.903s][info][gc,stats    ]   CSR: <total>                       51 us
[145.903s][info][gc,stats    ]   CSR: VM Strong Roots                5 us, workers (us):   5, ---, ---, 
[145.903s][info][gc,stats    ]   CSR: CLDG Roots                    47 us, workers (us):  47, ---, ---, 
[145.903s][info][gc,stats    ] Concurrent Evacuation              1312 us
[145.903s][info][gc,stats    ] Pause Init Update Refs (G)        29384 us
[145.903s][info][gc,stats    ] Pause Init Update Refs (N)           75 us
[145.903s][info][gc,stats    ]   Manage GCLABs                       3 us
[145.903s][info][gc,stats    ] Concurrent Update Refs            66860 us
[145.903s][info][gc,stats    ] Concurrent Update Thread Roots      710 us
[145.903s][info][gc,stats    ] Pause Final Update Refs (G)       26383 us
[145.903s][info][gc,stats    ] Pause Final Update Refs (N)         123 us
[145.903s][info][gc,stats    ]   Update Region States               34 us
[145.903s][info][gc,stats    ]   Trash Collection Set                4 us
[145.903s][info][gc,stats    ]   Rebuild Free Set                   12 us
[145.903s][info][gc,stats    ] Concurrent Cleanup                  168 us
[145.903s][info][gc,stats    ] 
[145.903s][info][gc,stats    ] Allocation pacing accrued:
[145.903s][info][gc,stats    ]       0 of   330 ms (  0.0%): <total>
[145.903s][info][gc,stats    ]       0 of   330 ms (  0.0%): <average total>
[145.903s][info][gc,stats    ] 
[145.903s][info][gc,metaspace] Metaspace: 16475K(16768K)->16475K(16768K) NonClass: 14127K(14272K)->14127K(14272K) Class: 2348K(2496K)->2348K(2496K)
[145.903s][info][gc,ergo     ] Pacer for Idle. Initial: 163M, Alloc Tax Rate: 1.0x
[149.838s][info][gc          ] Trigger: Learning 4 of 5. Free (5732M) is below initial threshold (5734M)
[149.838s][info][gc,ergo     ] Free: 5728M, Max: 4096K regular, 5712M humongous, Frag: 0% external, 0% internal; Reserve: 412M, Max: 4096K
[149.838s][info][gc,start    ] GC(67) Concurrent reset
[149.839s][info][gc,task     ] GC(67) Using 1 of 3 workers for concurrent reset
[149.839s][info][gc,ergo     ] GC(67) Pacer for Reset. Non-Taxable: 8192M
[149.840s][info][gc          ] GC(67) Concurrent reset 1.060ms
[149.840s][info][gc,start    ] GC(67) Pause Init Mark (unload classes)
[149.840s][info][gc,task     ] GC(67) Using 3 of 3 workers for init marking
[149.840s][info][gc,ergo     ] GC(67) Pacer for Mark. Expected Live: 92651K, Free: 5728M, Non-Taxable: 572M, Alloc Tax Rate: 0.0x
[149.840s][info][gc          ] GC(67) Pause Init Mark (unload classes) 0.180ms
[149.840s][info][gc,start    ] GC(67) Concurrent marking roots
[149.840s][info][gc,task     ] GC(67) Using 1 of 3 workers for concurrent marking roots
[149.841s][info][gc          ] GC(67) Concurrent marking roots 0.893ms
[149.841s][info][gc,start    ] GC(67) Concurrent marking (unload classes)
[149.841s][info][gc,task     ] GC(67) Using 1 of 3 workers for concurrent marking
[150.126s][info][gc          ] GC(67) Concurrent marking (unload classes) 285.163ms
[150.126s][info][gc,start    ] GC(67) Pause Final Mark (unload classes)
[150.126s][info][gc,task     ] GC(67) Using 3 of 3 workers for final marking
[150.126s][info][gc,ergo     ] GC(67) Adaptive CSet Selection. Target Free: 1160M, Actual Free: 7428M, Max CSet: 341M, Min Garbage: 0B
[150.126s][info][gc,ergo     ] GC(67) Collectable Garbage: 1911M (99%), Immediate: 1704M (89%), CSet: 207M (10%)
[150.127s][info][gc,ergo     ] GC(67) Pacer for Evacuation. Used CSet: 341M, Free: 7030M, Non-Taxable: 703M, Alloc Tax Rate: 1.1x
[150.127s][info][gc          ] GC(67) Pause Final Mark (unload classes) 0.314ms
[150.127s][info][gc,start    ] GC(67) Concurrent thread roots
[150.127s][info][gc,task     ] GC(67) Using 1 of 3 workers for Concurrent thread roots
[150.128s][info][gc          ] GC(67) Concurrent thread roots 1.358ms
[150.128s][info][gc,start    ] GC(67) Concurrent weak references
[150.128s][info][gc,task     ] GC(67) Using 1 of 3 workers for concurrent weak references
[150.128s][info][gc,ref      ] GC(67) Encountered references: Soft: 173, Weak: 991, Final: 0, Phantom: 41
[150.128s][info][gc,ref      ] GC(67) Discovered  references: Soft: 0, Weak: 213, Final: 0, Phantom: 24
[150.128s][info][gc,ref      ] GC(67) Enqueued    references: Soft: 0, Weak: 6, Final: 0, Phantom: 0
[150.128s][info][gc          ] GC(67) Concurrent weak references 0.125ms
[150.128s][info][gc,start    ] GC(67) Concurrent weak roots
[150.128s][info][gc,task     ] GC(67) Using 1 of 3 workers for concurrent weak root
[150.129s][info][gc          ] GC(67) Concurrent weak roots 0.951ms
[150.129s][info][gc,start    ] GC(67) Concurrent cleanup
[150.129s][info][gc          ] GC(67) Concurrent cleanup 2455M->751M(8192M) 0.046ms
[150.129s][info][gc,ergo     ] GC(67) Free: 7026M, Max: 4096K regular, 5308M humongous, Frag: 25% external, 0% internal; Reserve: 411M, Max: 4096K
[150.129s][info][gc,start    ] GC(67) Concurrent class unloading
[150.129s][info][gc,task     ] GC(67) Using 1 of 3 workers for concurrent class unloading
[150.132s][info][gc          ] GC(67) Concurrent class unloading 3.110ms
[150.132s][info][gc,start    ] GC(67) Concurrent strong roots
[150.132s][info][gc,task     ] GC(67) Using 1 of 3 workers for concurrent strong root
[150.133s][info][gc          ] GC(67) Concurrent strong roots 0.145ms
[150.133s][info][gc,start    ] GC(67) Concurrent evacuation
[150.133s][info][gc,task     ] GC(67) Using 1 of 3 workers for concurrent evacuation
[150.253s][info][gc          ] GC(67) Concurrent evacuation 120.934ms
[150.254s][info][gc,start    ] GC(67) Pause Init Update Refs
[150.254s][info][gc,ergo     ] GC(67) Pacer for Update Refs. Used: 1011M, Free: 6902M, Non-Taxable: 690M, Alloc Tax Rate: 1.1x
[150.254s][info][gc          ] GC(67) Pause Init Update Refs 0.105ms
[150.254s][info][gc,start    ] GC(67) Concurrent update references
[150.254s][info][gc,task     ] GC(67) Using 1 of 3 workers for concurrent reference update
[150.677s][info][gc          ] GC(67) Concurrent update references 423.512ms
[150.677s][info][gc,start    ] GC(67) Concurrent update thread roots
[150.678s][info][gc          ] GC(67) Concurrent update thread roots 0.631ms
[150.678s][info][gc,start    ] GC(67) Pause Final Update Refs
[150.678s][info][gc,task     ] GC(67) Using 3 of 3 workers for final reference update
[150.678s][info][gc          ] GC(67) Pause Final Update Refs 0.125ms
[150.678s][info][gc,start    ] GC(67) Concurrent cleanup
[150.678s][info][gc          ] GC(67) Concurrent cleanup 1238M->896M(8192M) 0.064ms
[150.678s][info][gc,ergo     ] Free: 6883M, Max: 4096K regular, 5176M humongous, Frag: 25% external, 0% internal; Reserve: 412M, Max: 4096K
[150.678s][info][gc,stats    ] 
[150.679s][info][gc,stats    ] All times are wall-clock times, except per-root-class counters, that are sum over
[150.679s][info][gc,stats    ] all workers. Dividing the <total> over the root stage time estimates parallelism.
[150.679s][info][gc,stats    ] 
[150.679s][info][gc,stats    ] Concurrent Reset                   1126 us
[150.679s][info][gc,stats    ] Pause Init Mark (G)                 359 us
[150.679s][info][gc,stats    ] Pause Init Mark (N)                 196 us
[150.679s][info][gc,stats    ]   Update Region States               70 us
[150.679s][info][gc,stats    ] Concurrent Mark Roots               911 us, parallelism: 0.86x
[150.679s][info][gc,stats    ]   CMR: <total>                      787 us
[150.679s][info][gc,stats    ]   CMR: Thread Roots                 716 us, workers (us): 716, ---, ---, 
[150.679s][info][gc,stats    ]   CMR: VM Strong Roots                7 us, workers (us):   7, ---, ---, 
[150.679s][info][gc,stats    ]   CMR: CLDG Roots                    65 us, workers (us):  65, ---, ---, 
[150.679s][info][gc,stats    ] Concurrent Marking               285246 us
[150.679s][info][gc,stats    ] Pause Final Mark (G)                490 us
[150.679s][info][gc,stats    ] Pause Final Mark (N)                327 us
[150.679s][info][gc,stats    ]   Finish Mark                        93 us
[150.679s][info][gc,stats    ]   Update Region States               54 us
[150.679s][info][gc,stats    ]   Choose Collection Set              65 us
[150.679s][info][gc,stats    ]   Rebuild Free Set                    7 us
[150.679s][info][gc,stats    ] Concurrent Thread Roots            1382 us, parallelism: 0.86x
[150.679s][info][gc,stats    ]   CTR: <total>                     1189 us
[150.679s][info][gc,stats    ]   CTR: Thread Roots                1189 us, workers (us): 1189, ---, ---, 
[150.679s][info][gc,stats    ] Concurrent Weak References          141 us, parallelism: 0.08x
[150.679s][info][gc,stats    ]   CWRF: <total>                      11 us
[150.679s][info][gc,stats    ]   CWRF: Weak References              11 us, workers (us):  11, ---, ---, 
[150.679s][info][gc,stats    ] Concurrent Weak Roots               978 us
[150.679s][info][gc,stats    ]   Roots                             854 us, parallelism: 0.92x
[150.679s][info][gc,stats    ]     CWR: <total>                    790 us
[150.679s][info][gc,stats    ]     CWR: Code Cache Roots           634 us, workers (us): 634, ---, ---, 
[150.679s][info][gc,stats    ]     CWR: VM Weak Roots              147 us, workers (us): 147, ---, ---, 
[150.679s][info][gc,stats    ]     CWR: CLDG Roots                   9 us, workers (us):   9, ---, ---, 
[150.679s][info][gc,stats    ]   Rendezvous                         64 us
[150.679s][info][gc,stats    ] Concurrent Cleanup                   54 us
[150.679s][info][gc,stats    ] Concurrent Class Unloading         3172 us
[150.679s][info][gc,stats    ]   Unlink Stale                     2819 us
[150.679s][info][gc,stats    ]     System Dictionary                 9 us
[150.679s][info][gc,stats    ]     Weak Class Links                  0 us
[150.679s][info][gc,stats    ]     Code Roots                     2808 us
[150.679s][info][gc,stats    ]   Rendezvous                         48 us
[150.679s][info][gc,stats    ]   Purge Unlinked                    224 us
[150.679s][info][gc,stats    ]     Code Roots                      214 us
[150.679s][info][gc,stats    ]     CLDG                              9 us
[150.679s][info][gc,stats    ]     Exception Caches                  0 us
[150.679s][info][gc,stats    ] Concurrent Strong Roots             182 us, parallelism: 0.20x
[150.679s][info][gc,stats    ]   CSR: <total>                       37 us
[150.679s][info][gc,stats    ]   CSR: VM Strong Roots                3 us, workers (us):   3, ---, ---, 
[150.679s][info][gc,stats    ]   CSR: CLDG Roots                    34 us, workers (us):  34, ---, ---, 
[150.679s][info][gc,stats    ] Concurrent Evacuation            121007 us
[150.679s][info][gc,stats    ] Pause Init Update Refs (G)          265 us
[150.679s][info][gc,stats    ] Pause Init Update Refs (N)          126 us
[150.679s][info][gc,stats    ]   Manage GCLABs                       5 us
[150.679s][info][gc,stats    ] Concurrent Update Refs           423590 us
[150.679s][info][gc,stats    ] Concurrent Update Thread Roots      680 us
[150.679s][info][gc,stats    ] Pause Final Update Refs (G)         239 us
[150.679s][info][gc,stats    ] Pause Final Update Refs (N)         135 us
[150.679s][info][gc,stats    ]   Update Region States               56 us
[150.679s][info][gc,stats    ]   Trash Collection Set                2 us
[150.679s][info][gc,stats    ]   Rebuild Free Set                   14 us
[150.679s][info][gc,stats    ] Concurrent Cleanup                   84 us
[150.679s][info][gc,stats    ] 
[150.679s][info][gc,stats    ] Allocation pacing accrued:
[150.679s][info][gc,stats    ]       0 of  4777 ms (  0.0%): <total>
[150.679s][info][gc,stats    ]       0 of  4777 ms (  0.0%): <average total>
[150.679s][info][gc,stats    ] 
[150.679s][info][gc,metaspace] Metaspace: 16475K(16768K)->16475K(16768K) NonClass: 14127K(14272K)->14127K(14272K) Class: 2348K(2496K)->2348K(2496K)
[150.679s][info][gc,ergo     ] Pacer for Idle. Initial: 163M, Alloc Tax Rate: 1.0x
[152.117s][info][gc          ] Trigger: Explicit GC request (System.gc())
[152.117s][info][gc,ergo     ] Free: 6282M, Max: 4096K regular, 5176M humongous, Frag: 18% external, 0% internal; Reserve: 412M, Max: 4096K
[152.117s][info][gc,start    ] GC(68) Concurrent reset
[152.117s][info][gc,task     ] GC(68) Using 1 of 3 workers for concurrent reset
[152.117s][info][gc,ergo     ] GC(68) Pacer for Reset. Non-Taxable: 8192M
[152.119s][info][gc          ] GC(68) Concurrent reset 2.343ms
[152.119s][info][gc,start    ] GC(68) Pause Init Mark (unload classes)
[152.119s][info][gc,task     ] GC(68) Using 3 of 3 workers for init marking
[152.120s][info][gc,ref      ] GC(68) Clearing All SoftReferences
[152.120s][info][gc,ergo     ] GC(68) Pacer for Mark. Expected Live: 117M, Free: 6282M, Non-Taxable: 628M, Alloc Tax Rate: 0.0x
[152.120s][info][gc          ] GC(68) Pause Init Mark (unload classes) 0.177ms
[152.120s][info][gc,start    ] GC(68) Concurrent marking roots
[152.120s][info][gc,task     ] GC(68) Using 1 of 3 workers for concurrent marking roots
[152.121s][info][gc          ] GC(68) Concurrent marking roots 0.906ms
[152.121s][info][gc,start    ] GC(68) Concurrent marking (unload classes)
[152.121s][info][gc,task     ] GC(68) Using 1 of 3 workers for concurrent marking
[152.126s][info][gc          ] GC(68) Concurrent marking (unload classes) 5.073ms
[152.126s][info][gc,start    ] GC(68) Pause Final Mark (unload classes)
[152.126s][info][gc,task     ] GC(68) Using 3 of 3 workers for final marking
[152.126s][info][gc,ergo     ] GC(68) Collectable Garbage: 1471M (98%), Immediate: 1471M (98%), CSet: 0B (0%)
[152.126s][info][gc          ] GC(68) Pause Final Mark (unload classes) 0.461ms
[152.126s][info][gc,start    ] GC(68) Concurrent weak references
[152.126s][info][gc,task     ] GC(68) Using 1 of 3 workers for concurrent weak references
[152.126s][info][gc,ref      ] GC(68) Encountered references: Soft: 172, Weak: 988, Final: 0, Phantom: 41
[152.126s][info][gc,ref      ] GC(68) Discovered  references: Soft: 108, Weak: 218, Final: 0, Phantom: 24
[152.126s][info][gc,ref      ] GC(68) Enqueued    references: Soft: 4, Weak: 5, Final: 0, Phantom: 0
[152.127s][info][gc          ] GC(68) Concurrent weak references 0.176ms
[152.127s][info][gc,start    ] GC(68) Concurrent weak roots
[152.127s][info][gc,task     ] GC(68) Using 1 of 3 workers for concurrent weak root
[152.127s][info][gc          ] GC(68) Concurrent weak roots 0.913ms
[152.127s][info][gc,start    ] GC(68) Concurrent cleanup
[152.128s][info][gc          ] GC(68) Concurrent cleanup 1497M->25M(8192M) 0.041ms
[152.128s][info][gc,ergo     ] GC(68) Free: 7754M, Max: 4096K regular, 6800M humongous, Frag: 13% external, 0% internal; Reserve: 412M, Max: 4096K
[152.128s][info][gc,start    ] GC(68) Concurrent class unloading
[152.128s][info][gc,task     ] GC(68) Using 1 of 3 workers for concurrent class unloading
[152.134s][info][gc          ] GC(68) Concurrent class unloading 6.088ms
[152.134s][info][gc,start    ] GC(68) Pause Final Roots
[152.134s][info][gc          ] GC(68) Pause Final Roots 0.038ms
[152.134s][info][gc,ergo     ] Free: 7754M, Max: 4096K regular, 6800M humongous, Frag: 13% external, 0% internal; Reserve: 412M, Max: 4096K
[152.134s][info][gc,stats    ] 
[152.134s][info][gc,stats    ] All times are wall-clock times, except per-root-class counters, that are sum over
[152.134s][info][gc,stats    ] all workers. Dividing the <total> over the root stage time estimates parallelism.
[152.134s][info][gc,stats    ] 
[152.134s][info][gc,stats    ] Concurrent Reset                   2406 us
[152.134s][info][gc,stats    ] Pause Init Mark (G)                 280 us
[152.134s][info][gc,stats    ] Pause Init Mark (N)                 185 us
[152.134s][info][gc,stats    ]   Update Region States               87 us
[152.134s][info][gc,stats    ] Concurrent Mark Roots               928 us, parallelism: 0.84x
[152.134s][info][gc,stats    ]   CMR: <total>                      781 us
[152.134s][info][gc,stats    ]   CMR: Thread Roots                 740 us, workers (us): 740, ---, ---, 
[152.134s][info][gc,stats    ]   CMR: VM Strong Roots                5 us, workers (us):   5, ---, ---, 
[152.134s][info][gc,stats    ]   CMR: CLDG Roots                    37 us, workers (us):  37, ---, ---, 
[152.134s][info][gc,stats    ] Concurrent Marking                 5134 us
[152.134s][info][gc,stats    ] Pause Final Mark (G)                609 us
[152.134s][info][gc,stats    ] Pause Final Mark (N)                485 us
[152.134s][info][gc,stats    ]   Finish Mark                       160 us
[152.134s][info][gc,stats    ]   Update Region States              124 us
[152.134s][info][gc,stats    ]   Choose Collection Set              77 us
[152.134s][info][gc,stats    ]   Rebuild Free Set                   21 us
[152.134s][info][gc,stats    ] Concurrent Weak References          192 us, parallelism: 0.06x
[152.134s][info][gc,stats    ]   CWRF: <total>                      11 us
[152.134s][info][gc,stats    ]   CWRF: Weak References              11 us, workers (us):  11, ---, ---, 
[152.134s][info][gc,stats    ] Concurrent Weak Roots               941 us
[152.134s][info][gc,stats    ]   Roots                             821 us, parallelism: 0.93x
[152.134s][info][gc,stats    ]     CWR: <total>                    760 us
[152.134s][info][gc,stats    ]     CWR: Code Cache Roots           611 us, workers (us): 611, ---, ---, 
[152.134s][info][gc,stats    ]     CWR: VM Weak Roots              141 us, workers (us): 141, ---, ---, 
[152.134s][info][gc,stats    ]     CWR: CLDG Roots                   8 us, workers (us):   8, ---, ---, 
[152.134s][info][gc,stats    ]   Rendezvous                         60 us
[152.134s][info][gc,stats    ] Concurrent Cleanup                   49 us
[152.134s][info][gc,stats    ] Concurrent Class Unloading         6133 us
[152.134s][info][gc,stats    ]   Unlink Stale                     5625 us
[152.134s][info][gc,stats    ]     System Dictionary                61 us
[152.134s][info][gc,stats    ]     Weak Class Links               1802 us
[152.134s][info][gc,stats    ]     Code Roots                     3760 us
[152.134s][info][gc,stats    ]   Rendezvous                        134 us
[152.134s][info][gc,stats    ]   Purge Unlinked                    311 us
[152.134s][info][gc,stats    ]     Code Roots                      285 us
[152.134s][info][gc,stats    ]     CLDG                             25 us
[152.134s][info][gc,stats    ]     Exception Caches                  0 us
[152.134s][info][gc,stats    ] Pause Final Roots (G)               106 us
[152.134s][info][gc,stats    ] Pause Final Roots (N)                48 us
[152.134s][info][gc,stats    ] 
[152.134s][info][gc,stats    ] Allocation pacing accrued:
[152.134s][info][gc,stats    ]       0 of  1455 ms (  0.0%): <total>
[152.134s][info][gc,stats    ]       0 of  1455 ms (  0.0%): <average total>
[152.134s][info][gc,stats    ] 
[152.134s][info][gc,metaspace] Metaspace: 16476K(16768K)->16472K(16768K) NonClass: 14128K(14272K)->14124K(14272K) Class: 2348K(2496K)->2347K(2496K)
[152.134s][info][gc,ergo     ] Pacer for Idle. Initial: 163M, Alloc Tax Rate: 1.0x
[153.937s][info][gc          ] Trigger: Learning 2 of 5. Free (5670M) is below initial threshold (5734M)
[153.937s][info][gc,ergo     ] Free: 5670M, Max: 4096K regular, 5656M humongous, Frag: 0% external, 0% internal; Reserve: 412M, Max: 4096K
[153.937s][info][gc,start    ] GC(69) Concurrent reset
[153.937s][info][gc,task     ] GC(69) Using 1 of 3 workers for concurrent reset
[153.937s][info][gc,ergo     ] GC(69) Pacer for Reset. Non-Taxable: 8192M
[153.937s][info][gc          ] GC(69) Concurrent reset 0.243ms
[153.937s][info][gc,start    ] GC(69) Pause Init Mark (unload classes)
[153.937s][info][gc,task     ] GC(69) Using 3 of 3 workers for init marking
[153.937s][info][gc,ergo     ] GC(69) Pacer for Mark. Expected Live: 31856K, Free: 5670M, Non-Taxable: 567M, Alloc Tax Rate: 0.0x
[153.937s][info][gc          ] GC(69) Pause Init Mark (unload classes) 0.117ms
[153.947s][info][gc,start    ] GC(69) Concurrent marking roots
[153.947s][info][gc,task     ] GC(69) Using 1 of 3 workers for concurrent marking roots
[153.948s][info][gc          ] GC(69) Concurrent marking roots 0.974ms
[153.948s][info][gc,start    ] GC(69) Concurrent marking (unload classes)
[153.948s][info][gc,task     ] GC(69) Using 1 of 3 workers for concurrent marking
[153.962s][info][gc          ] GC(69) Concurrent marking (unload classes) 13.655ms
[153.962s][info][gc,start    ] GC(69) Pause Final Mark (unload classes)
[153.962s][info][gc,task     ] GC(69) Using 3 of 3 workers for final marking
[153.962s][info][gc,ergo     ] GC(69) Adaptive CSet Selection. Target Free: 1160M, Actual Free: 7856M, Max CSet: 341M, Min Garbage: 0B
[153.962s][info][gc,ergo     ] GC(69) Collectable Garbage: 2103M (99%), Immediate: 1904M (90%), CSet: 199M (9%)
[153.962s][info][gc,ergo     ] GC(69) Pacer for Evacuation. Used CSet: 200M, Free: 7457M, Non-Taxable: 745M, Alloc Tax Rate: 1.1x
[153.962s][info][gc          ] GC(69) Pause Final Mark (unload classes) 0.236ms
[153.968s][info][gc,start    ] GC(69) Concurrent thread roots
[153.968s][info][gc,task     ] GC(69) Using 1 of 3 workers for Concurrent thread roots
[153.969s][info][gc          ] GC(69) Concurrent thread roots 0.689ms
[153.969s][info][gc,start    ] GC(69) Concurrent weak references
[153.969s][info][gc,task     ] GC(69) Using 1 of 3 workers for concurrent weak references
[153.969s][info][gc,ref      ] GC(69) Encountered references: Soft: 173, Weak: 995, Final: 0, Phantom: 41
[153.969s][info][gc,ref      ] GC(69) Discovered  references: Soft: 0, Weak: 206, Final: 0, Phantom: 24
[153.969s][info][gc,ref      ] GC(69) Enqueued    references: Soft: 0, Weak: 4, Final: 0, Phantom: 0
[153.969s][info][gc          ] GC(69) Concurrent weak references 0.077ms
[153.969s][info][gc,start    ] GC(69) Concurrent weak roots
[153.969s][info][gc,task     ] GC(69) Using 1 of 3 workers for concurrent weak root
[153.977s][info][gc          ] GC(69) Concurrent weak roots 8.523ms
[153.977s][info][gc,start    ] GC(69) Concurrent cleanup
[153.977s][info][gc          ] GC(69) Concurrent cleanup 2294M->390M(8192M) 0.062ms
[153.977s][info][gc,ergo     ] GC(69) Free: 7390M, Max: 4096K regular, 5472M humongous, Frag: 26% external, 0% internal; Reserve: 411M, Max: 4096K
[153.977s][info][gc,start    ] GC(69) Concurrent class unloading
[153.977s][info][gc,task     ] GC(69) Using 1 of 3 workers for concurrent class unloading
[153.984s][info][gc          ] GC(69) Concurrent class unloading 6.500ms
[153.984s][info][gc,start    ] GC(69) Concurrent strong roots
[153.984s][info][gc,task     ] GC(69) Using 1 of 3 workers for concurrent strong root
[153.984s][info][gc          ] GC(69) Concurrent strong roots 0.097ms
[153.984s][info][gc,start    ] GC(69) Concurrent evacuation
[153.984s][info][gc,task     ] GC(69) Using 1 of 3 workers for concurrent evacuation
[153.986s][info][gc          ] GC(69) Concurrent evacuation 1.420ms
[153.986s][info][gc,start    ] GC(69) Pause Init Update Refs
[153.986s][info][gc,ergo     ] GC(69) Pacer for Update Refs. Used: 411M, Free: 7370M, Non-Taxable: 737M, Alloc Tax Rate: 1.1x
[153.986s][info][gc          ] GC(69) Pause Init Update Refs 0.067ms
[153.994s][info][gc,start    ] GC(69) Concurrent update references
[153.994s][info][gc,task     ] GC(69) Using 1 of 3 workers for concurrent reference update
[154.045s][info][gc          ] GC(69) Concurrent update references 51.348ms
[154.045s][info][gc,start    ] GC(69) Concurrent update thread roots
[154.046s][info][gc          ] GC(69) Concurrent update thread roots 0.649ms
[154.046s][info][gc,start    ] GC(69) Pause Final Update Refs
[154.046s][info][gc,task     ] GC(69) Using 3 of 3 workers for final reference update
[154.046s][info][gc          ] GC(69) Pause Final Update Refs 0.116ms
[154.078s][info][gc,start    ] GC(69) Concurrent cleanup
[154.078s][info][gc          ] GC(69) Concurrent cleanup 743M->571M(8192M) 0.160ms
[154.078s][info][gc,ergo     ] Free: 7208M, Max: 4096K regular, 5476M humongous, Frag: 24% external, 0% internal; Reserve: 412M, Max: 4096K
[154.078s][info][gc,stats    ] 
[154.078s][info][gc,stats    ] All times are wall-clock times, except per-root-class counters, that are sum over
[154.078s][info][gc,stats    ] all workers. Dividing the <total> over the root stage time estimates parallelism.
[154.078s][info][gc,stats    ] 
[154.078s][info][gc,stats    ] Concurrent Reset                    265 us
[154.078s][info][gc,stats    ] Pause Init Mark (G)               10257 us
[154.078s][info][gc,stats    ] Pause Init Mark (N)                 128 us
[154.078s][info][gc,stats    ]   Update Region States               31 us
[154.078s][info][gc,stats    ] Concurrent Mark Roots              1003 us, parallelism: 0.79x
[154.078s][info][gc,stats    ]   CMR: <total>                      788 us
[154.078s][info][gc,stats    ]   CMR: Thread Roots                 719 us, workers (us): 719, ---, ---, 
[154.078s][info][gc,stats    ]   CMR: VM Strong Roots                8 us, workers (us):   8, ---, ---, 
[154.078s][info][gc,stats    ]   CMR: CLDG Roots                    61 us, workers (us):  61, ---, ---, 
[154.078s][info][gc,stats    ] Concurrent Marking                13734 us
[154.078s][info][gc,stats    ] Pause Final Mark (G)               5909 us
[154.078s][info][gc,stats    ] Pause Final Mark (N)                246 us
[154.078s][info][gc,stats    ]   Finish Mark                        39 us
[154.078s][info][gc,stats    ]   Update Region States               57 us
[154.078s][info][gc,stats    ]   Choose Collection Set              76 us
[154.078s][info][gc,stats    ]   Rebuild Free Set                    8 us
[154.078s][info][gc,stats    ] Concurrent Thread Roots             714 us, parallelism: 0.81x
[154.078s][info][gc,stats    ]   CTR: <total>                      578 us
[154.078s][info][gc,stats    ]   CTR: Thread Roots                 578 us, workers (us): 578, ---, ---, 
[154.078s][info][gc,stats    ] Concurrent Weak References           84 us, parallelism: 0.24x
[154.078s][info][gc,stats    ]   CWRF: <total>                      20 us
[154.078s][info][gc,stats    ]   CWRF: Weak References              20 us, workers (us):  20, ---, ---, 
[154.078s][info][gc,stats    ] Concurrent Weak Roots              8599 us
[154.078s][info][gc,stats    ]   Roots                            1203 us, parallelism: 0.96x
[154.078s][info][gc,stats    ]     CWR: <total>                   1154 us
[154.078s][info][gc,stats    ]     CWR: Code Cache Roots           920 us, workers (us): 920, ---, ---, 
[154.078s][info][gc,stats    ]     CWR: VM Weak Roots              222 us, workers (us): 222, ---, ---, 
[154.078s][info][gc,stats    ]     CWR: CLDG Roots                  12 us, workers (us):  12, ---, ---, 
[154.078s][info][gc,stats    ]   Rendezvous                       7294 us
[154.078s][info][gc,stats    ] Concurrent Cleanup                   71 us
[154.078s][info][gc,stats    ] Concurrent Class Unloading         6558 us
[154.078s][info][gc,stats    ]   Unlink Stale                     3712 us
[154.078s][info][gc,stats    ]     System Dictionary                16 us
[154.078s][info][gc,stats    ]     Weak Class Links                  0 us
[154.078s][info][gc,stats    ]     Code Roots                     3693 us
[154.078s][info][gc,stats    ]   Rendezvous                       2550 us
[154.078s][info][gc,stats    ]   Purge Unlinked                    216 us
[154.078s][info][gc,stats    ]     Code Roots                      210 us
[154.078s][info][gc,stats    ]     CLDG                              6 us
[154.078s][info][gc,stats    ]     Exception Caches                  0 us
[154.078s][info][gc,stats    ] Concurrent Strong Roots             109 us, parallelism: 0.43x
[154.078s][info][gc,stats    ]   CSR: <total>                       46 us
[154.078s][info][gc,stats    ]   CSR: VM Strong Roots                4 us, workers (us):   4, ---, ---, 
[154.078s][info][gc,stats    ]   CSR: CLDG Roots                    42 us, workers (us):  42, ---, ---, 
[154.078s][info][gc,stats    ] Concurrent Evacuation              1478 us
[154.078s][info][gc,stats    ] Pause Init Update Refs (G)         8310 us
[154.079s][info][gc,stats    ] Pause Init Update Refs (N)           76 us
[154.079s][info][gc,stats    ]   Manage GCLABs                       4 us
[154.079s][info][gc,stats    ] Concurrent Update Refs            51418 us
[154.079s][info][gc,stats    ] Concurrent Update Thread Roots      665 us
[154.079s][info][gc,stats    ] Pause Final Update Refs (G)       31893 us
[154.079s][info][gc,stats    ] Pause Final Update Refs (N)         141 us
[154.079s][info][gc,stats    ]   Update Region States               39 us
[154.079s][info][gc,stats    ]   Trash Collection Set                4 us
[154.079s][info][gc,stats    ]   Rebuild Free Set                   18 us
[154.079s][info][gc,stats    ] Concurrent Cleanup                  176 us
[154.079s][info][gc,stats    ] 
[154.079s][info][gc,stats    ] Allocation pacing accrued:
[154.079s][info][gc,stats    ]       0 of  1944 ms (  0.0%): <total>
[154.079s][info][gc,stats    ]       0 of  1944 ms (  0.0%): <average total>
[154.079s][info][gc,stats    ] 
[154.079s][info][gc,metaspace] Metaspace: 16476K(16768K)->16476K(16768K) NonClass: 14128K(14272K)->14128K(14272K) Class: 2348K(2496K)->2348K(2496K)
[154.079s][info][gc,ergo     ] Pacer for Idle. Initial: 163M, Alloc Tax Rate: 1.0x
[158.237s][info][gc          ] Trigger: Learning 3 of 5. Free (5724M) is below initial threshold (5734M)
[158.237s][info][gc,ergo     ] Free: 5724M, Max: 4096K regular, 5476M humongous, Frag: 5% external, 0% internal; Reserve: 412M, Max: 4096K
[158.237s][info][gc,start    ] GC(70) Concurrent reset
[158.237s][info][gc,task     ] GC(70) Using 1 of 3 workers for concurrent reset
[158.237s][info][gc,ergo     ] GC(70) Pacer for Reset. Non-Taxable: 8192M
[158.238s][info][gc          ] GC(70) Concurrent reset 1.096ms
[158.238s][info][gc,start    ] GC(70) Pause Init Mark (unload classes)
[158.238s][info][gc,task     ] GC(70) Using 3 of 3 workers for init marking
[158.239s][info][gc,ergo     ] GC(70) Pacer for Mark. Expected Live: 31906K, Free: 5724M, Non-Taxable: 572M, Alloc Tax Rate: 0.0x
[158.239s][info][gc          ] GC(70) Pause Init Mark (unload classes) 0.180ms
[158.239s][info][gc,start    ] GC(70) Concurrent marking roots
[158.239s][info][gc,task     ] GC(70) Using 1 of 3 workers for concurrent marking roots
[158.239s][info][gc          ] GC(70) Concurrent marking roots 0.737ms
[158.239s][info][gc,start    ] GC(70) Concurrent marking (unload classes)
[158.239s][info][gc,task     ] GC(70) Using 1 of 3 workers for concurrent marking
[158.652s][info][gc          ] GC(70) Concurrent marking (unload classes) 412.967ms
[158.653s][info][gc,start    ] GC(70) Pause Final Mark (unload classes)
[158.653s][info][gc,task     ] GC(70) Using 3 of 3 workers for final marking
[158.653s][info][gc,ergo     ] GC(70) Adaptive CSet Selection. Target Free: 1160M, Actual Free: 7128M, Max CSet: 341M, Min Garbage: 0B
[158.653s][info][gc,ergo     ] GC(70) Collectable Garbage: 1852M (99%), Immediate: 1548M (83%), CSet: 304M (16%)
[158.653s][info][gc,ergo     ] GC(70) Pacer for Evacuation. Used CSet: 501M, Free: 6730M, Non-Taxable: 673M, Alloc Tax Rate: 1.1x
[158.653s][info][gc          ] GC(70) Pause Final Mark (unload classes) 0.256ms
[158.653s][info][gc,start    ] GC(70) Concurrent thread roots
[158.653s][info][gc,task     ] GC(70) Using 1 of 3 workers for Concurrent thread roots
[158.654s][info][gc          ] GC(70) Concurrent thread roots 0.680ms
[158.654s][info][gc,start    ] GC(70) Concurrent weak references
[158.654s][info][gc,task     ] GC(70) Using 1 of 3 workers for concurrent weak references
[158.654s][info][gc,ref      ] GC(70) Encountered references: Soft: 173, Weak: 997, Final: 0, Phantom: 41
[158.654s][info][gc,ref      ] GC(70) Discovered  references: Soft: 0, Weak: 211, Final: 0, Phantom: 24
[158.654s][info][gc,ref      ] GC(70) Enqueued    references: Soft: 0, Weak: 5, Final: 0, Phantom: 0
[158.654s][info][gc          ] GC(70) Concurrent weak references 0.121ms
[158.654s][info][gc,start    ] GC(70) Concurrent weak roots
[158.654s][info][gc,task     ] GC(70) Using 1 of 3 workers for concurrent weak root
[158.655s][info][gc          ] GC(70) Concurrent weak roots 1.210ms
[158.655s][info][gc,start    ] GC(70) Concurrent cleanup
[158.655s][info][gc          ] GC(70) Concurrent cleanup 2600M->1052M(8192M) 0.046ms
[158.655s][info][gc,ergo     ] GC(70) Free: 6726M, Max: 4096K regular, 5164M humongous, Frag: 24% external, 0% internal; Reserve: 410M, Max: 4096K
[158.655s][info][gc,start    ] GC(70) Concurrent class unloading
[158.655s][info][gc,task     ] GC(70) Using 1 of 3 workers for concurrent class unloading
[158.658s][info][gc          ] GC(70) Concurrent class unloading 3.293ms
[158.658s][info][gc,start    ] GC(70) Concurrent strong roots
[158.658s][info][gc,task     ] GC(70) Using 1 of 3 workers for concurrent strong root
[158.659s][info][gc          ] GC(70) Concurrent strong roots 0.148ms
[158.659s][info][gc,start    ] GC(70) Concurrent evacuation
[158.659s][info][gc,task     ] GC(70) Using 1 of 3 workers for concurrent evacuation
[158.829s][info][gc          ] GC(70) Concurrent evacuation 170.034ms
[158.829s][info][gc,start    ] GC(70) Pause Init Update Refs
[158.829s][info][gc,ergo     ] GC(70) Pacer for Update Refs. Used: 1297M, Free: 6679M, Non-Taxable: 667M, Alloc Tax Rate: 1.1x
[158.829s][info][gc          ] GC(70) Pause Init Update Refs 0.085ms
[158.829s][info][gc,start    ] GC(70) Concurrent update references
[158.829s][info][gc,task     ] GC(70) Using 1 of 3 workers for concurrent reference update
[159.477s][info][gc          ] GC(70) Concurrent update references 647.922ms
[159.477s][info][gc,start    ] GC(70) Concurrent update thread roots
[159.479s][info][gc          ] GC(70) Concurrent update thread roots 1.645ms
[159.479s][info][gc,start    ] GC(70) Pause Final Update Refs
[159.479s][info][gc,task     ] GC(70) Using 3 of 3 workers for final reference update
[159.479s][info][gc          ] GC(70) Pause Final Update Refs 0.221ms
[159.479s][info][gc,start    ] GC(70) Concurrent cleanup
[159.479s][info][gc          ] GC(70) Concurrent cleanup 1626M->1124M(8192M) 0.039ms
[159.479s][info][gc,ergo     ] Free: 6655M, Max: 4096K regular, 4968M humongous, Frag: 26% external, 0% internal; Reserve: 412M, Max: 4096K
[159.479s][info][gc,stats    ] 
[159.479s][info][gc,stats    ] All times are wall-clock times, except per-root-class counters, that are sum over
[159.479s][info][gc,stats    ] all workers. Dividing the <total> over the root stage time estimates parallelism.
[159.479s][info][gc,stats    ] 
[159.479s][info][gc,stats    ] Concurrent Reset                   1134 us
[159.479s][info][gc,stats    ] Pause Init Mark (G)                 349 us
[159.479s][info][gc,stats    ] Pause Init Mark (N)                 198 us
[159.479s][info][gc,stats    ]   Update Region States               69 us
[159.479s][info][gc,stats    ] Concurrent Mark Roots               755 us, parallelism: 0.81x
[159.479s][info][gc,stats    ]   CMR: <total>                      612 us
[159.479s][info][gc,stats    ]   CMR: Thread Roots                 569 us, workers (us): 569, ---, ---, 
[159.479s][info][gc,stats    ]   CMR: VM Strong Roots                4 us, workers (us):   4, ---, ---, 
[159.479s][info][gc,stats    ]   CMR: CLDG Roots                    40 us, workers (us):  40, ---, ---, 
[159.479s][info][gc,stats    ] Concurrent Marking               413052 us
[159.479s][info][gc,stats    ] Pause Final Mark (G)                386 us
[159.479s][info][gc,stats    ] Pause Final Mark (N)                265 us
[159.479s][info][gc,stats    ]   Finish Mark                        58 us
[159.479s][info][gc,stats    ]   Update Region States               35 us
[159.479s][info][gc,stats    ]   Choose Collection Set              51 us
[159.479s][info][gc,stats    ]   Rebuild Free Set                    8 us
[159.479s][info][gc,stats    ] Concurrent Thread Roots             727 us, parallelism: 0.72x
[159.479s][info][gc,stats    ]   CTR: <total>                      526 us
[159.479s][info][gc,stats    ]   CTR: Thread Roots                 526 us, workers (us): 526, ---, ---, 
[159.479s][info][gc,stats    ] Concurrent Weak References          129 us, parallelism: 0.15x
[159.479s][info][gc,stats    ]   CWRF: <total>                      19 us
[159.479s][info][gc,stats    ]   CWRF: Weak References              19 us, workers (us):  19, ---, ---, 
[159.479s][info][gc,stats    ] Concurrent Weak Roots              1246 us
[159.479s][info][gc,stats    ]   Roots                            1119 us, parallelism: 0.92x
[159.479s][info][gc,stats    ]     CWR: <total>                   1034 us
[159.479s][info][gc,stats    ]     CWR: Code Cache Roots           746 us, workers (us): 746, ---, ---, 
[159.480s][info][gc,stats    ]     CWR: VM Weak Roots              277 us, workers (us): 277, ---, ---, 
[159.480s][info][gc,stats    ]     CWR: CLDG Roots                  11 us, workers (us):  11, ---, ---, 
[159.480s][info][gc,stats    ]   Rendezvous                         72 us
[159.480s][info][gc,stats    ] Concurrent Cleanup                   54 us
[159.480s][info][gc,stats    ] Concurrent Class Unloading         3356 us
[159.480s][info][gc,stats    ]   Unlink Stale                     2985 us
[159.480s][info][gc,stats    ]     System Dictionary                 9 us
[159.480s][info][gc,stats    ]     Weak Class Links                  0 us
[159.480s][info][gc,stats    ]     Code Roots                     2974 us
[159.480s][info][gc,stats    ]   Rendezvous                         53 us
[159.480s][info][gc,stats    ]   Purge Unlinked                    235 us
[159.480s][info][gc,stats    ]     Code Roots                      226 us
[159.480s][info][gc,stats    ]     CLDG                              8 us
[159.480s][info][gc,stats    ]     Exception Caches                  0 us
[159.480s][info][gc,stats    ] Concurrent Strong Roots             186 us, parallelism: 0.20x
[159.480s][info][gc,stats    ]   CSR: <total>                       38 us
[159.480s][info][gc,stats    ]   CSR: VM Strong Roots                3 us, workers (us):   3, ---, ---, 
[159.480s][info][gc,stats    ]   CSR: CLDG Roots                    35 us, workers (us):  35, ---, ---, 
[159.480s][info][gc,stats    ] Concurrent Evacuation            170101 us
[159.480s][info][gc,stats    ] Pause Init Update Refs (G)          279 us
[159.480s][info][gc,stats    ] Pause Init Update Refs (N)          104 us
[159.480s][info][gc,stats    ]   Manage GCLABs                       4 us
[159.480s][info][gc,stats    ] Concurrent Update Refs           647993 us
[159.480s][info][gc,stats    ] Concurrent Update Thread Roots     1700 us
[159.480s][info][gc,stats    ] Pause Final Update Refs (G)         364 us
[159.480s][info][gc,stats    ] Pause Final Update Refs (N)         249 us
[159.480s][info][gc,stats    ]   Update Region States               81 us
[159.480s][info][gc,stats    ]   Trash Collection Set                9 us
[159.480s][info][gc,stats    ]   Rebuild Free Set                   35 us
[159.480s][info][gc,stats    ] Concurrent Cleanup                   48 us
[159.480s][info][gc,stats    ] 
[159.480s][info][gc,stats    ] Allocation pacing accrued:
[159.480s][info][gc,stats    ]       0 of  5401 ms (  0.0%): <total>
[159.480s][info][gc,stats    ]       0 of  5401 ms (  0.0%): <average total>
[159.480s][info][gc,stats    ] 
[159.480s][info][gc,metaspace] Metaspace: 16477K(16768K)->16477K(16768K) NonClass: 14129K(14272K)->14129K(14272K) Class: 2348K(2496K)->2348K(2496K)
[159.480s][info][gc,ergo     ] Pacer for Idle. Initial: 163M, Alloc Tax Rate: 1.0x
[160.514s][info][gc          ] Trigger: Explicit GC request (System.gc())
[160.514s][info][gc,ergo     ] Free: 6374M, Max: 4096K regular, 4968M humongous, Frag: 22% external, 0% internal; Reserve: 412M, Max: 4096K
[160.514s][info][gc,start    ] GC(71) Concurrent reset
[160.514s][info][gc,task     ] GC(71) Using 1 of 3 workers for concurrent reset
[160.514s][info][gc,ergo     ] GC(71) Pacer for Reset. Non-Taxable: 8192M
[160.516s][info][gc          ] GC(71) Concurrent reset 2.204ms
[160.516s][info][gc,start    ] GC(71) Pause Init Mark (unload classes)
[160.517s][info][gc,task     ] GC(71) Using 3 of 3 workers for init marking
[160.517s][info][gc,ref      ] GC(71) Clearing All SoftReferences
[160.517s][info][gc,ergo     ] GC(71) Pacer for Mark. Expected Live: 72110K, Free: 6374M, Non-Taxable: 637M, Alloc Tax Rate: 0.0x
[160.517s][info][gc          ] GC(71) Pause Init Mark (unload classes) 0.123ms
[160.517s][info][gc,start    ] GC(71) Concurrent marking roots
[160.517s][info][gc,task     ] GC(71) Using 1 of 3 workers for concurrent marking roots
[160.517s][info][gc          ] GC(71) Concurrent marking roots 0.630ms
[160.517s][info][gc,start    ] GC(71) Concurrent marking (unload classes)
[160.517s][info][gc,task     ] GC(71) Using 1 of 3 workers for concurrent marking
[160.522s][info][gc          ] GC(71) Concurrent marking (unload classes) 4.408ms
[160.522s][info][gc,start    ] GC(71) Pause Final Mark (unload classes)
[160.522s][info][gc,task     ] GC(71) Using 3 of 3 workers for final marking
[160.522s][info][gc,ergo     ] GC(71) Collectable Garbage: 1375M (98%), Immediate: 1375M (98%), CSet: 0B (0%)
[160.522s][info][gc          ] GC(71) Pause Final Mark (unload classes) 0.476ms
[160.522s][info][gc,start    ] GC(71) Concurrent weak references
[160.522s][info][gc,task     ] GC(71) Using 1 of 3 workers for concurrent weak references
[160.522s][info][gc,ref      ] GC(71) Encountered references: Soft: 172, Weak: 993, Final: 0, Phantom: 41
[160.522s][info][gc,ref      ] GC(71) Discovered  references: Soft: 108, Weak: 221, Final: 0, Phantom: 24
[160.522s][info][gc,ref      ] GC(71) Enqueued    references: Soft: 4, Weak: 8, Final: 0, Phantom: 0
[160.522s][info][gc          ] GC(71) Concurrent weak references 0.164ms
[160.522s][info][gc,start    ] GC(71) Concurrent weak roots
[160.522s][info][gc,task     ] GC(71) Using 1 of 3 workers for concurrent weak root
[160.524s][info][gc          ] GC(71) Concurrent weak roots 1.311ms
[160.524s][info][gc,start    ] GC(71) Concurrent cleanup
[160.524s][info][gc          ] GC(71) Concurrent cleanup 1405M->29M(8192M) 0.042ms
[160.524s][info][gc,ergo     ] GC(71) Free: 7750M, Max: 4096K regular, 7096M humongous, Frag: 9% external, 0% internal; Reserve: 412M, Max: 4096K
[160.524s][info][gc,start    ] GC(71) Concurrent class unloading
[160.524s][info][gc,task     ] GC(71) Using 1 of 3 workers for concurrent class unloading
[160.529s][info][gc          ] GC(71) Concurrent class unloading 5.332ms
[160.529s][info][gc,start    ] GC(71) Pause Final Roots
[160.529s][info][gc          ] GC(71) Pause Final Roots 0.035ms
[160.529s][info][gc,ergo     ] Free: 7750M, Max: 4096K regular, 7096M humongous, Frag: 9% external, 0% internal; Reserve: 412M, Max: 4096K
[160.529s][info][gc,stats    ] 
[160.529s][info][gc,stats    ] All times are wall-clock times, except per-root-class counters, that are sum over
[160.529s][info][gc,stats    ] all workers. Dividing the <total> over the root stage time estimates parallelism.
[160.529s][info][gc,stats    ] 
[160.529s][info][gc,stats    ] Concurrent Reset                   2266 us
[160.529s][info][gc,stats    ] Pause Init Mark (G)                 189 us
[160.529s][info][gc,stats    ] Pause Init Mark (N)                 131 us
[160.529s][info][gc,stats    ]   Update Region States               59 us
[160.529s][info][gc,stats    ] Concurrent Mark Roots               639 us, parallelism: 0.76x
[160.529s][info][gc,stats    ]   CMR: <total>                      483 us
[160.529s][info][gc,stats    ]   CMR: Thread Roots                 440 us, workers (us): 440, ---, ---, 
[160.529s][info][gc,stats    ]   CMR: VM Strong Roots                5 us, workers (us):   5, ---, ---, 
[160.529s][info][gc,stats    ]   CMR: CLDG Roots                    39 us, workers (us):  39, ---, ---, 
[160.529s][info][gc,stats    ] Concurrent Marking                 4432 us
[160.529s][info][gc,stats    ] Pause Final Mark (G)                565 us
[160.529s][info][gc,stats    ] Pause Final Mark (N)                501 us
[160.530s][info][gc,stats    ]   Finish Mark                       119 us
[160.530s][info][gc,stats    ]   Update Region States               68 us
[160.530s][info][gc,stats    ]   Choose Collection Set              72 us
[160.530s][info][gc,stats    ]   Rebuild Free Set                   21 us
[160.530s][info][gc,stats    ] Concurrent Weak References          171 us, parallelism: 0.11x
[160.530s][info][gc,stats    ]   CWRF: <total>                      19 us
[160.530s][info][gc,stats    ]   CWRF: Weak References              19 us, workers (us):  19, ---, ---, 
[160.530s][info][gc,stats    ] Concurrent Weak Roots              1353 us
[160.530s][info][gc,stats    ]   Roots                            1217 us, parallelism: 0.91x
[160.530s][info][gc,stats    ]     CWR: <total>                   1112 us
[160.530s][info][gc,stats    ]     CWR: Code Cache Roots           779 us, workers (us): 779, ---, ---, 
[160.530s][info][gc,stats    ]     CWR: VM Weak Roots              322 us, workers (us): 322, ---, ---, 
[160.530s][info][gc,stats    ]     CWR: CLDG Roots                  11 us, workers (us):  11, ---, ---, 
[160.530s][info][gc,stats    ]   Rendezvous                         76 us
[160.530s][info][gc,stats    ] Concurrent Cleanup                   50 us
[160.530s][info][gc,stats    ] Concurrent Class Unloading         5384 us
[160.530s][info][gc,stats    ]   Unlink Stale                     5049 us
[160.530s][info][gc,stats    ]     System Dictionary                66 us
[160.530s][info][gc,stats    ]     Weak Class Links               1884 us
[160.530s][info][gc,stats    ]     Code Roots                     3097 us
[160.530s][info][gc,stats    ]   Rendezvous                         78 us
[160.530s][info][gc,stats    ]   Purge Unlinked                    186 us
[160.530s][info][gc,stats    ]     Code Roots                      169 us
[160.530s][info][gc,stats    ]     CLDG                             17 us
[160.530s][info][gc,stats    ]     Exception Caches                  0 us
[160.530s][info][gc,stats    ] Pause Final Roots (G)                91 us
[160.530s][info][gc,stats    ] Pause Final Roots (N)                44 us
[160.530s][info][gc,stats    ] 
[160.530s][info][gc,stats    ] Allocation pacing accrued:
[160.530s][info][gc,stats    ]       0 of  1050 ms (  0.0%): <total>
[160.530s][info][gc,stats    ]       0 of  1050 ms (  0.0%): <average total>
[160.530s][info][gc,stats    ] 
[160.530s][info][gc,metaspace] Metaspace: 16489K(16768K)->16485K(16768K) NonClass: 14141K(14272K)->14137K(14272K) Class: 2348K(2496K)->2347K(2496K)
[160.530s][info][gc,ergo     ] Pacer for Idle. Initial: 163M, Alloc Tax Rate: 1.0x
[162.223s][info][gc          ] Trigger: Average GC time (1318.63 ms) is above the time for instantaneous allocation rate (5594 MB/s) to deplete free headroom (6404M) (spike threshold = 1.73)
[162.223s][info][gc,ergo     ] Free: 6813M, Max: 4096K regular, 6800M humongous, Frag: 0% external, 0% internal; Reserve: 412M, Max: 4096K
[162.223s][info][gc,start    ] GC(72) Concurrent reset
[162.223s][info][gc,task     ] GC(72) Using 1 of 3 workers for concurrent reset
[162.223s][info][gc,ergo     ] GC(72) Pacer for Reset. Non-Taxable: 8192M
[162.223s][info][gc          ] GC(72) Concurrent reset 0.416ms
[162.223s][info][gc,start    ] GC(72) Pause Init Mark (unload classes)
[162.223s][info][gc,task     ] GC(72) Using 3 of 3 workers for init marking
[162.223s][info][gc,ergo     ] GC(72) Pacer for Mark. Expected Live: 72057K, Free: 6813M, Non-Taxable: 681M, Alloc Tax Rate: 0.0x
[162.223s][info][gc          ] GC(72) Pause Init Mark (unload classes) 0.101ms
[162.223s][info][gc,start    ] GC(72) Concurrent marking roots
[162.223s][info][gc,task     ] GC(72) Using 1 of 3 workers for concurrent marking roots
[162.224s][info][gc          ] GC(72) Concurrent marking roots 0.669ms
[162.224s][info][gc,start    ] GC(72) Concurrent marking (unload classes)
[162.224s][info][gc,task     ] GC(72) Using 1 of 3 workers for concurrent marking
[162.254s][info][gc          ] GC(72) Concurrent marking (unload classes) 30.082ms
[162.254s][info][gc,start    ] GC(72) Pause Final Mark (unload classes)
[162.254s][info][gc,task     ] GC(72) Using 3 of 3 workers for final marking
[162.255s][info][gc,ergo     ] GC(72) Adaptive CSet Selection. Target Free: 1160M, Actual Free: 7812M, Max CSet: 341M, Min Garbage: 0B
[162.255s][info][gc,ergo     ] GC(72) Collectable Garbage: 959M (99%), Immediate: 764M (79%), CSet: 195M (20%)
[162.255s][info][gc,ergo     ] GC(72) Pacer for Evacuation. Used CSet: 196M, Free: 7413M, Non-Taxable: 741M, Alloc Tax Rate: 1.1x
[162.255s][info][gc          ] GC(72) Pause Final Mark (unload classes) 0.265ms
[162.301s][info][gc,start    ] GC(72) Concurrent thread roots
[162.301s][info][gc,task     ] GC(72) Using 1 of 3 workers for Concurrent thread roots
[162.302s][info][gc          ] GC(72) Concurrent thread roots 0.744ms
[162.302s][info][gc,start    ] GC(72) Concurrent weak references
[162.302s][info][gc,task     ] GC(72) Using 1 of 3 workers for concurrent weak references
[162.302s][info][gc,ref      ] GC(72) Encountered references: Soft: 173, Weak: 993, Final: 0, Phantom: 41
[162.302s][info][gc,ref      ] GC(72) Discovered  references: Soft: 0, Weak: 206, Final: 0, Phantom: 24
[162.302s][info][gc,ref      ] GC(72) Enqueued    references: Soft: 0, Weak: 5, Final: 0, Phantom: 0
[162.302s][info][gc          ] GC(72) Concurrent weak references 0.088ms
[162.302s][info][gc,start    ] GC(72) Concurrent weak roots
[162.302s][info][gc,task     ] GC(72) Using 1 of 3 workers for concurrent weak root
[162.317s][info][gc          ] GC(72) Concurrent weak roots 14.949ms
[162.317s][info][gc,start    ] GC(72) Concurrent cleanup
[162.317s][info][gc          ] GC(72) Concurrent cleanup 1351M->587M(8192M) 0.051ms
[162.317s][info][gc,ergo     ] GC(72) Free: 7194M, Max: 4096K regular, 6416M humongous, Frag: 11% external, 0% internal; Reserve: 410M, Max: 4096K
[162.317s][info][gc,start    ] GC(72) Concurrent class unloading
[162.317s][info][gc,task     ] GC(72) Using 1 of 3 workers for concurrent class unloading
[162.322s][info][gc          ] GC(72) Concurrent class unloading 5.245ms
[162.322s][info][gc,start    ] GC(72) Concurrent strong roots
[162.322s][info][gc,task     ] GC(72) Using 1 of 3 workers for concurrent strong root
[162.322s][info][gc          ] GC(72) Concurrent strong roots 0.087ms
[162.322s][info][gc,start    ] GC(72) Concurrent evacuation
[162.322s][info][gc,task     ] GC(72) Using 1 of 3 workers for concurrent evacuation
[162.323s][info][gc          ] GC(72) Concurrent evacuation 1.154ms
[162.323s][info][gc,start    ] GC(72) Pause Init Update Refs
[162.323s][info][gc,ergo     ] GC(72) Pacer for Update Refs. Used: 607M, Free: 7174M, Non-Taxable: 717M, Alloc Tax Rate: 1.1x
[162.323s][info][gc          ] GC(72) Pause Init Update Refs 0.049ms
[162.332s][info][gc,start    ] GC(72) Concurrent update references
[162.333s][info][gc,task     ] GC(72) Using 1 of 3 workers for concurrent reference update
[162.404s][info][gc          ] GC(72) Concurrent update references 71.206ms
[162.404s][info][gc,start    ] GC(72) Concurrent update thread roots
[162.404s][info][gc          ] GC(72) Concurrent update thread roots 0.652ms
[162.404s][info][gc,start    ] GC(72) Pause Final Update Refs
[162.405s][info][gc,task     ] GC(72) Using 3 of 3 workers for final reference update
[162.405s][info][gc          ] GC(72) Pause Final Update Refs 0.101ms
[162.420s][info][gc,start    ] GC(72) Concurrent cleanup
[162.420s][info][gc          ] GC(72) Concurrent cleanup 923M->755M(8192M) 0.133ms
[162.420s][info][gc,ergo     ] Free: 7024M, Max: 4096K regular, 6420M humongous, Frag: 9% external, 0% internal; Reserve: 412M, Max: 4096K
[162.420s][info][gc,stats    ] 
[162.420s][info][gc,stats    ] All times are wall-clock times, except per-root-class counters, that are sum over
[162.420s][info][gc,stats    ] all workers. Dividing the <total> over the root stage time estimates parallelism.
[162.420s][info][gc,stats    ] 
[162.420s][info][gc,stats    ] Concurrent Reset                    439 us
[162.420s][info][gc,stats    ] Pause Init Mark (G)                 286 us
[162.420s][info][gc,stats    ] Pause Init Mark (N)                 111 us
[162.420s][info][gc,stats    ]   Update Region States               32 us
[162.420s][info][gc,stats    ] Concurrent Mark Roots               688 us, parallelism: 0.86x
[162.420s][info][gc,stats    ]   CMR: <total>                      593 us
[162.420s][info][gc,stats    ]   CMR: Thread Roots                 539 us, workers (us): 539, ---, ---, 
[162.420s][info][gc,stats    ]   CMR: VM Strong Roots                6 us, workers (us):   6, ---, ---, 
[162.420s][info][gc,stats    ]   CMR: CLDG Roots                    48 us, workers (us):  48, ---, ---, 
[162.420s][info][gc,stats    ] Concurrent Marking                30170 us
[162.420s][info][gc,stats    ] Pause Final Mark (G)              46572 us
[162.420s][info][gc,stats    ] Pause Final Mark (N)                275 us
[162.420s][info][gc,stats    ]   Finish Mark                        75 us
[162.420s][info][gc,stats    ]   Update Region States               49 us
[162.420s][info][gc,stats    ]   Choose Collection Set              93 us
[162.420s][info][gc,stats    ]   Rebuild Free Set                    8 us
[162.420s][info][gc,stats    ] Concurrent Thread Roots             766 us, parallelism: 0.78x
[162.420s][info][gc,stats    ]   CTR: <total>                      600 us
[162.420s][info][gc,stats    ]   CTR: Thread Roots                 600 us, workers (us): 600, ---, ---, 
[162.420s][info][gc,stats    ] Concurrent Weak References           95 us, parallelism: 0.23x
[162.420s][info][gc,stats    ]   CWRF: <total>                      22 us
[162.420s][info][gc,stats    ]   CWRF: Weak References              22 us, workers (us):  22, ---, ---, 
[162.420s][info][gc,stats    ] Concurrent Weak Roots             15027 us
[162.420s][info][gc,stats    ]   Roots                            1243 us, parallelism: 0.97x
[162.420s][info][gc,stats    ]     CWR: <total>                   1200 us
[162.420s][info][gc,stats    ]     CWR: Code Cache Roots           949 us, workers (us): 949, ---, ---, 
[162.420s][info][gc,stats    ]     CWR: VM Weak Roots              240 us, workers (us): 240, ---, ---, 
[162.420s][info][gc,stats    ]     CWR: CLDG Roots                  11 us, workers (us):  11, ---, ---, 
[162.420s][info][gc,stats    ]   Rendezvous                      13685 us
[162.420s][info][gc,stats    ] Concurrent Cleanup                   60 us
[162.420s][info][gc,stats    ] Concurrent Class Unloading         5305 us
[162.420s][info][gc,stats    ]   Unlink Stale                     3705 us
[162.420s][info][gc,stats    ]     System Dictionary                14 us
[162.420s][info][gc,stats    ]     Weak Class Links                  0 us
[162.420s][info][gc,stats    ]     Code Roots                     3689 us
[162.420s][info][gc,stats    ]   Rendezvous                       1266 us
[162.420s][info][gc,stats    ]   Purge Unlinked                    253 us
[162.420s][info][gc,stats    ]     Code Roots                      242 us
[162.420s][info][gc,stats    ]     CLDG                             10 us
[162.420s][info][gc,stats    ]     Exception Caches                  0 us
[162.420s][info][gc,stats    ] Concurrent Strong Roots              98 us, parallelism: 0.43x
[162.420s][info][gc,stats    ]   CSR: <total>                       43 us
[162.420s][info][gc,stats    ]   CSR: VM Strong Roots                2 us, workers (us):   2, ---, ---, 
[162.420s][info][gc,stats    ]   CSR: CLDG Roots                    40 us, workers (us):  40, ---, ---, 
[162.420s][info][gc,stats    ] Concurrent Evacuation              1168 us
[162.420s][info][gc,stats    ] Pause Init Update Refs (G)         9090 us
[162.420s][info][gc,stats    ] Pause Init Update Refs (N)           58 us
[162.420s][info][gc,stats    ]   Manage GCLABs                       5 us
[162.420s][info][gc,stats    ] Concurrent Update Refs            71288 us
[162.420s][info][gc,stats    ] Concurrent Update Thread Roots      674 us
[162.420s][info][gc,stats    ] Pause Final Update Refs (G)       15315 us
[162.420s][info][gc,stats    ] Pause Final Update Refs (N)         142 us
[162.420s][info][gc,stats    ]   Update Region States               46 us
[162.420s][info][gc,stats    ]   Trash Collection Set                4 us
[162.420s][info][gc,stats    ]   Rebuild Free Set                   14 us
[162.420s][info][gc,stats    ] Concurrent Cleanup                  146 us
[162.420s][info][gc,stats    ] 
[162.420s][info][gc,stats    ] Allocation pacing accrued:
[162.420s][info][gc,stats    ]       0 of  1891 ms (  0.0%): <total>
[162.420s][info][gc,stats    ]       0 of  1891 ms (  0.0%): <average total>
[162.420s][info][gc,stats    ] 
[162.420s][info][gc,metaspace] Metaspace: 16492K(16768K)->16492K(16768K) NonClass: 14143K(14272K)->14143K(14272K) Class: 2348K(2496K)->2348K(2496K)
[162.420s][info][gc,ergo     ] Pacer for Idle. Initial: 163M, Alloc Tax Rate: 1.0x
[162.702s][info][gc          ] Trigger: Learning 3 of 5. Free (5724M) is below initial threshold (5734M)
[162.702s][info][gc,ergo     ] Free: 5724M, Max: 4096K regular, 5708M humongous, Frag: 0% external, 0% internal; Reserve: 412M, Max: 4096K
[162.702s][info][gc,start    ] GC(73) Concurrent reset
[162.702s][info][gc,task     ] GC(73) Using 1 of 3 workers for concurrent reset
[162.702s][info][gc,ergo     ] GC(73) Pacer for Reset. Non-Taxable: 8192M
[162.703s][info][gc          ] GC(73) Concurrent reset 0.948ms
[162.703s][info][gc,start    ] GC(73) Pause Init Mark (unload classes)
[162.704s][info][gc,task     ] GC(73) Using 3 of 3 workers for init marking
[162.704s][info][gc,ergo     ] GC(73) Pacer for Mark. Expected Live: 44693K, Free: 5724M, Non-Taxable: 572M, Alloc Tax Rate: 0.0x
[162.704s][info][gc          ] GC(73) Pause Init Mark (unload classes) 0.110ms
[162.704s][info][gc,start    ] GC(73) Concurrent marking roots
[162.704s][info][gc,task     ] GC(73) Using 1 of 3 workers for concurrent marking roots
[162.704s][info][gc          ] GC(73) Concurrent marking roots 0.521ms
[162.704s][info][gc,start    ] GC(73) Concurrent marking (unload classes)
[162.704s][info][gc,task     ] GC(73) Using 1 of 3 workers for concurrent marking
[162.787s][info][gc          ] GC(73) Concurrent marking (unload classes) 82.802ms
[162.787s][info][gc,start    ] GC(73) Pause Final Mark (unload classes)
[162.787s][info][gc,task     ] GC(73) Using 3 of 3 workers for final marking
[162.787s][info][gc,ergo     ] GC(73) Collectable Garbage: 1964M (97%), Immediate: 1964M (97%), CSet: 0B (0%)
[162.787s][info][gc          ] GC(73) Pause Final Mark (unload classes) 0.152ms
[162.787s][info][gc,start    ] GC(73) Concurrent weak references
[162.787s][info][gc,task     ] GC(73) Using 1 of 3 workers for concurrent weak references
[162.787s][info][gc,ref      ] GC(73) Encountered references: Soft: 173, Weak: 990, Final: 0, Phantom: 41
[162.787s][info][gc,ref      ] GC(73) Discovered  references: Soft: 0, Weak: 210, Final: 0, Phantom: 38
[162.787s][info][gc,ref      ] GC(73) Enqueued    references: Soft: 0, Weak: 0, Final: 0, Phantom: 0
[162.787s][info][gc          ] GC(73) Concurrent weak references 0.065ms
[162.787s][info][gc,start    ] GC(73) Concurrent weak roots
[162.787s][info][gc,task     ] GC(73) Using 1 of 3 workers for concurrent weak root
[162.788s][info][gc          ] GC(73) Concurrent weak roots 0.928ms
[162.788s][info][gc,start    ] GC(73) Concurrent cleanup
[162.788s][info][gc          ] GC(73) Concurrent cleanup 2147M->183M(8192M) 0.046ms
[162.788s][info][gc,ergo     ] GC(73) Free: 7596M, Max: 4096K regular, 5616M humongous, Frag: 26% external, 0% internal; Reserve: 412M, Max: 4096K
[162.788s][info][gc,start    ] GC(73) Concurrent class unloading
[162.788s][info][gc,task     ] GC(73) Using 1 of 3 workers for concurrent class unloading
[162.791s][info][gc          ] GC(73) Concurrent class unloading 2.971ms
[162.791s][info][gc,start    ] GC(73) Pause Final Roots
[162.791s][info][gc          ] GC(73) Pause Final Roots 0.023ms
[162.791s][info][gc,ergo     ] Free: 7593M, Max: 4096K regular, 5616M humongous, Frag: 26% external, 0% internal; Reserve: 412M, Max: 4096K
[162.791s][info][gc,stats    ] 
[162.791s][info][gc,stats    ] All times are wall-clock times, except per-root-class counters, that are sum over
[162.791s][info][gc,stats    ] all workers. Dividing the <total> over the root stage time estimates parallelism.
[162.791s][info][gc,stats    ] 
[162.791s][info][gc,stats    ] Concurrent Reset                    971 us
[162.791s][info][gc,stats    ] Pause Init Mark (G)                 193 us
[162.791s][info][gc,stats    ] Pause Init Mark (N)                 119 us
[162.792s][info][gc,stats    ]   Update Region States               24 us
[162.792s][info][gc,stats    ] Concurrent Mark Roots               539 us, parallelism: 0.86x
[162.792s][info][gc,stats    ]   CMR: <total>                      462 us
[162.792s][info][gc,stats    ]   CMR: Thread Roots                 404 us, workers (us): 404, ---, ---, 
[162.792s][info][gc,stats    ]   CMR: VM Strong Roots                7 us, workers (us):   7, ---, ---, 
[162.792s][info][gc,stats    ]   CMR: CLDG Roots                    52 us, workers (us):  52, ---, ---, 
[162.792s][info][gc,stats    ] Concurrent Marking                82851 us
[162.792s][info][gc,stats    ] Pause Final Mark (G)                211 us
[162.792s][info][gc,stats    ] Pause Final Mark (N)                162 us
[162.792s][info][gc,stats    ]   Finish Mark                        28 us
[162.792s][info][gc,stats    ]   Update Region States               29 us
[162.792s][info][gc,stats    ]   Choose Collection Set              36 us
[162.792s][info][gc,stats    ]   Rebuild Free Set                    8 us
[162.792s][info][gc,stats    ] Concurrent Weak References           72 us, parallelism: 0.11x
[162.792s][info][gc,stats    ]   CWRF: <total>                       8 us
[162.792s][info][gc,stats    ]   CWRF: Weak References               8 us, workers (us):   8, ---, ---, 
[162.792s][info][gc,stats    ] Concurrent Weak Roots               948 us
[162.792s][info][gc,stats    ]   Roots                             877 us, parallelism: 0.97x
[162.792s][info][gc,stats    ]     CWR: <total>                    854 us
[162.792s][info][gc,stats    ]     CWR: Code Cache Roots           686 us, workers (us): 686, ---, ---, 
[162.792s][info][gc,stats    ]     CWR: VM Weak Roots              160 us, workers (us): 160, ---, ---, 
[162.792s][info][gc,stats    ]     CWR: CLDG Roots                   7 us, workers (us):   7, ---, ---, 
[162.792s][info][gc,stats    ]   Rendezvous                         37 us
[162.792s][info][gc,stats    ] Concurrent Cleanup                   55 us
[162.792s][info][gc,stats    ] Concurrent Class Unloading         3006 us
[162.792s][info][gc,stats    ]   Unlink Stale                     2741 us
[162.792s][info][gc,stats    ]     System Dictionary                 8 us
[162.792s][info][gc,stats    ]     Weak Class Links                  0 us
[162.792s][info][gc,stats    ]     Code Roots                     2732 us
[162.792s][info][gc,stats    ]   Rendezvous                         49 us
[162.792s][info][gc,stats    ]   Purge Unlinked                    158 us
[162.792s][info][gc,stats    ]     Code Roots                      154 us
[162.792s][info][gc,stats    ]     CLDG                              4 us
[162.792s][info][gc,stats    ]     Exception Caches                  0 us
[162.792s][info][gc,stats    ] Pause Final Roots (G)                83 us
[162.792s][info][gc,stats    ] Pause Final Roots (N)                32 us
[162.792s][info][gc,stats    ] 
[162.792s][info][gc,stats    ] Allocation pacing accrued:
[162.792s][info][gc,stats    ]       0 of   371 ms (  0.0%): <total>
[162.792s][info][gc,stats    ]       0 of   371 ms (  0.0%): <average total>
[162.792s][info][gc,stats    ] 
[162.792s][info][gc,metaspace] Metaspace: 16492K(16768K)->16492K(16768K) NonClass: 14143K(14272K)->14143K(14272K) Class: 2348K(2496K)->2348K(2496K)
[162.792s][info][gc,ergo     ] Pacer for Idle. Initial: 163M, Alloc Tax Rate: 1.0x
[167.488s][info][gc          ] Trigger: Learning 4 of 5. Free (5733M) is below initial threshold (5734M)
[167.488s][info][gc,ergo     ] Free: 5733M, Max: 4096K regular, 5616M humongous, Frag: 2% external, 0% internal; Reserve: 412M, Max: 4096K
[167.488s][info][gc,start    ] GC(74) Concurrent reset
[167.488s][info][gc,task     ] GC(74) Using 1 of 3 workers for concurrent reset
[167.488s][info][gc,ergo     ] GC(74) Pacer for Reset. Non-Taxable: 8192M
[167.489s][info][gc          ] GC(74) Concurrent reset 0.613ms
[167.489s][info][gc,start    ] GC(74) Pause Init Mark (unload classes)
[167.489s][info][gc,task     ] GC(74) Using 3 of 3 workers for init marking
[167.489s][info][gc,ergo     ] GC(74) Pacer for Mark. Expected Live: 53737K, Free: 5733M, Non-Taxable: 573M, Alloc Tax Rate: 0.0x
[167.489s][info][gc          ] GC(74) Pause Init Mark (unload classes) 0.219ms
[167.490s][info][gc,start    ] GC(74) Concurrent marking roots
[167.490s][info][gc,task     ] GC(74) Using 1 of 3 workers for concurrent marking roots
[167.490s][info][gc          ] GC(74) Concurrent marking roots 0.814ms
[167.490s][info][gc,start    ] GC(74) Concurrent marking (unload classes)
[167.490s][info][gc,task     ] GC(74) Using 1 of 3 workers for concurrent marking
[168.296s][info][gc          ] GC(74) Concurrent marking (unload classes) 805.415ms
[168.296s][info][gc,start    ] GC(74) Pause Final Mark (unload classes)
[168.296s][info][gc,task     ] GC(74) Using 3 of 3 workers for final marking
[168.296s][info][gc,ergo     ] GC(74) Adaptive CSet Selection. Target Free: 1160M, Actual Free: 6536M, Max CSet: 341M, Min Garbage: 0B
[168.296s][info][gc,ergo     ] GC(74) Collectable Garbage: 1539M (94%), Immediate: 760M (46%), CSet: 779M (47%)
[168.296s][info][gc,ergo     ] GC(74) Pacer for Evacuation. Used CSet: 1120M, Free: 6140M, Non-Taxable: 614M, Alloc Tax Rate: 1.1x
[168.296s][info][gc          ] GC(74) Pause Final Mark (unload classes) 0.234ms
[168.296s][info][gc,start    ] GC(74) Concurrent thread roots
[168.296s][info][gc,task     ] GC(74) Using 1 of 3 workers for Concurrent thread roots
[168.297s][info][gc          ] GC(74) Concurrent thread roots 1.074ms
[168.297s][info][gc,start    ] GC(74) Concurrent weak references
[168.297s][info][gc,task     ] GC(74) Using 1 of 3 workers for concurrent weak references
[168.297s][info][gc,ref      ] GC(74) Encountered references: Soft: 173, Weak: 991, Final: 0, Phantom: 41
[168.297s][info][gc,ref      ] GC(74) Discovered  references: Soft: 0, Weak: 196, Final: 0, Phantom: 24
[168.297s][info][gc,ref      ] GC(74) Enqueued    references: Soft: 0, Weak: 1, Final: 0, Phantom: 0
[168.297s][info][gc          ] GC(74) Concurrent weak references 0.123ms
[168.297s][info][gc,start    ] GC(74) Concurrent weak roots
[168.297s][info][gc,task     ] GC(74) Using 1 of 3 workers for concurrent weak root
[168.298s][info][gc          ] GC(74) Concurrent weak roots 0.919ms
[168.298s][info][gc,start    ] GC(74) Concurrent cleanup
[168.298s][info][gc          ] GC(74) Concurrent cleanup 2402M->1642M(8192M) 0.031ms
[168.298s][info][gc,ergo     ] GC(74) Free: 6137M, Max: 4096K regular, 5360M humongous, Frag: 13% external, 0% internal; Reserve: 411M, Max: 4096K
[168.298s][info][gc,start    ] GC(74) Concurrent class unloading
[168.298s][info][gc,task     ] GC(74) Using 1 of 3 workers for concurrent class unloading
[168.301s][info][gc          ] GC(74) Concurrent class unloading 2.971ms
[168.301s][info][gc,start    ] GC(74) Concurrent strong roots
[168.302s][info][gc,task     ] GC(74) Using 1 of 3 workers for concurrent strong root
[168.302s][info][gc          ] GC(74) Concurrent strong roots 0.106ms
[168.302s][info][gc,start    ] GC(74) Concurrent evacuation
[168.302s][info][gc,task     ] GC(74) Using 1 of 3 workers for concurrent evacuation
[168.631s][info][gc          ] GC(74) Concurrent evacuation 329.829ms
[168.632s][info][gc,start    ] GC(74) Pause Init Update Refs
[168.632s][info][gc,ergo     ] GC(74) Pacer for Update Refs. Used: 2025M, Free: 6098M, Non-Taxable: 609M, Alloc Tax Rate: 1.1x
[168.632s][info][gc          ] GC(74) Pause Init Update Refs 0.082ms
[168.632s][info][gc,start    ] GC(74) Concurrent update references
[168.632s][info][gc,task     ] GC(74) Using 1 of 3 workers for concurrent reference update
[169.301s][info][gc          ] GC(74) Concurrent update references 669.398ms
[169.301s][info][gc,start    ] GC(74) Concurrent update thread roots
[169.302s][info][gc          ] GC(74) Concurrent update thread roots 1.301ms
[169.303s][info][gc,start    ] GC(74) Pause Final Update Refs
[169.303s][info][gc,task     ] GC(74) Using 3 of 3 workers for final reference update
[169.303s][info][gc          ] GC(74) Pause Final Update Refs 0.227ms
[169.303s][info][gc,start    ] GC(74) Concurrent cleanup
[169.303s][info][gc          ] GC(74) Concurrent cleanup 2038M->918M(8192M) 0.048ms
[169.303s][info][gc,ergo     ] Free: 6861M, Max: 4096K regular, 5016M humongous, Frag: 27% external, 0% internal; Reserve: 412M, Max: 4096K
[169.303s][info][gc,stats    ] 
[169.303s][info][gc,stats    ] All times are wall-clock times, except per-root-class counters, that are sum over
[169.303s][info][gc,stats    ] all workers. Dividing the <total> over the root stage time estimates parallelism.
[169.303s][info][gc,stats    ] 
[169.303s][info][gc,stats    ] Concurrent Reset                    669 us
[169.303s][info][gc,stats    ] Pause Init Mark (G)                 421 us
[169.303s][info][gc,stats    ] Pause Init Mark (N)                 237 us
[169.303s][info][gc,stats    ]   Update Region States               99 us
[169.303s][info][gc,stats    ] Concurrent Mark Roots               850 us, parallelism: 0.77x
[169.303s][info][gc,stats    ]   CMR: <total>                      652 us
[169.303s][info][gc,stats    ]   CMR: Thread Roots                 579 us, workers (us): 579, ---, ---, 
[169.303s][info][gc,stats    ]   CMR: VM Strong Roots                7 us, workers (us):   7, ---, ---, 
[169.303s][info][gc,stats    ]   CMR: CLDG Roots                    65 us, workers (us):  65, ---, ---, 
[169.303s][info][gc,stats    ] Concurrent Marking               805478 us
[169.303s][info][gc,stats    ] Pause Final Mark (G)                361 us
[169.303s][info][gc,stats    ] Pause Final Mark (N)                242 us
[169.303s][info][gc,stats    ]   Finish Mark                        75 us
[169.303s][info][gc,stats    ]   Update Region States               33 us
[169.303s][info][gc,stats    ]   Choose Collection Set              55 us
[169.303s][info][gc,stats    ]   Rebuild Free Set                    7 us
[169.303s][info][gc,stats    ] Concurrent Thread Roots            1111 us, parallelism: 0.83x
[169.303s][info][gc,stats    ]   CTR: <total>                      924 us
[169.303s][info][gc,stats    ]   CTR: Thread Roots                 924 us, workers (us): 924, ---, ---, 
[169.303s][info][gc,stats    ] Concurrent Weak References          131 us, parallelism: 0.09x
[169.303s][info][gc,stats    ]   CWRF: <total>                      12 us
[169.303s][info][gc,stats    ]   CWRF: Weak References              12 us, workers (us):  12, ---, ---, 
[169.303s][info][gc,stats    ] Concurrent Weak Roots               937 us
[169.303s][info][gc,stats    ]   Roots                             856 us, parallelism: 0.96x
[169.303s][info][gc,stats    ]     CWR: <total>                    818 us
[169.303s][info][gc,stats    ]     CWR: Code Cache Roots           635 us, workers (us): 635, ---, ---, 
[169.303s][info][gc,stats    ]     CWR: VM Weak Roots              174 us, workers (us): 174, ---, ---, 
[169.303s][info][gc,stats    ]     CWR: CLDG Roots                   8 us, workers (us):   8, ---, ---, 
[169.303s][info][gc,stats    ]   Rendezvous                         48 us
[169.303s][info][gc,stats    ] Concurrent Cleanup                   39 us
[169.303s][info][gc,stats    ] Concurrent Class Unloading         3017 us
[169.303s][info][gc,stats    ]   Unlink Stale                     2739 us
[169.303s][info][gc,stats    ]     System Dictionary                10 us
[169.303s][info][gc,stats    ]     Weak Class Links                  0 us
[169.303s][info][gc,stats    ]     Code Roots                     2727 us
[169.303s][info][gc,stats    ]   Rendezvous                         86 us
[169.303s][info][gc,stats    ]   Purge Unlinked                    129 us
[169.303s][info][gc,stats    ]     Code Roots                      125 us
[169.303s][info][gc,stats    ]     CLDG                              3 us
[169.303s][info][gc,stats    ]     Exception Caches                  0 us
[169.303s][info][gc,stats    ] Concurrent Strong Roots             115 us, parallelism: 0.46x
[169.303s][info][gc,stats    ]   CSR: <total>                       53 us
[169.303s][info][gc,stats    ]   CSR: VM Strong Roots                4 us, workers (us):   4, ---, ---, 
[169.303s][info][gc,stats    ]   CSR: CLDG Roots                    48 us, workers (us):  48, ---, ---, 
[169.303s][info][gc,stats    ] Concurrent Evacuation            329887 us
[169.303s][info][gc,stats    ] Pause Init Update Refs (G)          234 us
[169.303s][info][gc,stats    ] Pause Init Update Refs (N)           99 us
[169.303s][info][gc,stats    ]   Manage GCLABs                       3 us
[169.303s][info][gc,stats    ] Concurrent Update Refs           669464 us
[169.303s][info][gc,stats    ] Concurrent Update Thread Roots     1318 us
[169.303s][info][gc,stats    ] Pause Final Update Refs (G)         331 us
[169.303s][info][gc,stats    ] Pause Final Update Refs (N)         255 us
[169.303s][info][gc,stats    ]   Update Region States               84 us
[169.303s][info][gc,stats    ]   Trash Collection Set               13 us
[169.303s][info][gc,stats    ]   Rebuild Free Set                   34 us
[169.303s][info][gc,stats    ] Concurrent Cleanup                   57 us
[169.303s][info][gc,stats    ] 
[169.303s][info][gc,stats    ] Allocation pacing accrued:
[169.303s][info][gc,stats    ]       0 of  6512 ms (  0.0%): <total>
[169.303s][info][gc,stats    ]       0 of  6512 ms (  0.0%): <average total>
[169.303s][info][gc,stats    ] 
[169.303s][info][gc,metaspace] Metaspace: 16492K(16768K)->16492K(16768K) NonClass: 14143K(14272K)->14144K(14272K) Class: 2348K(2496K)->2348K(2496K)
[169.303s][info][gc,ergo     ] Pacer for Idle. Initial: 163M, Alloc Tax Rate: 1.0x
[169.310s][info][gc          ] Trigger: Explicit GC request (System.gc())
[169.310s][info][gc,ergo     ] Free: 6861M, Max: 4096K regular, 5016M humongous, Frag: 27% external, 0% internal; Reserve: 412M, Max: 4096K
[169.310s][info][gc,start    ] GC(75) Concurrent reset
[169.310s][info][gc,task     ] GC(75) Using 1 of 3 workers for concurrent reset
[169.310s][info][gc,ergo     ] GC(75) Pacer for Reset. Non-Taxable: 8192M
[169.315s][info][gc          ] GC(75) Concurrent reset 4.814ms
[169.315s][info][gc,start    ] GC(75) Pause Init Mark (unload classes)
[169.315s][info][gc,task     ] GC(75) Using 3 of 3 workers for init marking
[169.315s][info][gc,ref      ] GC(75) Clearing All SoftReferences
[169.315s][info][gc,ergo     ] GC(75) Pacer for Mark. Expected Live: 135M, Free: 6861M, Non-Taxable: 686M, Alloc Tax Rate: 0.0x
[169.315s][info][gc          ] GC(75) Pause Init Mark (unload classes) 0.275ms
[169.315s][info][gc,start    ] GC(75) Concurrent marking roots
[169.315s][info][gc,task     ] GC(75) Using 1 of 3 workers for concurrent marking roots
[169.316s][info][gc          ] GC(75) Concurrent marking roots 0.618ms
[169.316s][info][gc,start    ] GC(75) Concurrent marking (unload classes)
[169.316s][info][gc,task     ] GC(75) Using 1 of 3 workers for concurrent marking
[169.320s][info][gc          ] GC(75) Concurrent marking (unload classes) 4.384ms
[169.320s][info][gc,start    ] GC(75) Pause Final Mark (unload classes)
[169.320s][info][gc,task     ] GC(75) Using 3 of 3 workers for final marking
[169.321s][info][gc,ergo     ] GC(75) Collectable Garbage: 891M (97%), Immediate: 891M (97%), CSet: 0B (0%)
[169.321s][info][gc          ] GC(75) Pause Final Mark (unload classes) 0.466ms
[169.321s][info][gc,start    ] GC(75) Concurrent weak references
[169.321s][info][gc,task     ] GC(75) Using 1 of 3 workers for concurrent weak references
[169.321s][info][gc,ref      ] GC(75) Encountered references: Soft: 172, Weak: 989, Final: 0, Phantom: 41
[169.321s][info][gc,ref      ] GC(75) Discovered  references: Soft: 108, Weak: 219, Final: 0, Phantom: 24
[169.321s][info][gc,ref      ] GC(75) Enqueued    references: Soft: 4, Weak: 6, Final: 0, Phantom: 0
[169.321s][info][gc          ] GC(75) Concurrent weak references 0.223ms
[169.321s][info][gc,start    ] GC(75) Concurrent weak roots
[169.321s][info][gc,task     ] GC(75) Using 1 of 3 workers for concurrent weak root
[169.322s][info][gc          ] GC(75) Concurrent weak roots 0.939ms
[169.322s][info][gc,start    ] GC(75) Concurrent cleanup
[169.322s][info][gc          ] GC(75) Concurrent cleanup 918M->27M(8192M) 0.034ms
[169.322s][info][gc,ergo     ] GC(75) Free: 7752M, Max: 4096K regular, 5408M humongous, Frag: 31% external, 0% internal; Reserve: 412M, Max: 4096K
[169.322s][info][gc,start    ] GC(75) Concurrent class unloading
[169.322s][info][gc,task     ] GC(75) Using 1 of 3 workers for concurrent class unloading
[169.328s][info][gc          ] GC(75) Concurrent class unloading 6.471ms
[169.329s][info][gc,start    ] GC(75) Pause Final Roots
[169.329s][info][gc          ] GC(75) Pause Final Roots 0.056ms
[169.329s][info][gc,ergo     ] Free: 7752M, Max: 4096K regular, 5408M humongous, Frag: 31% external, 0% internal; Reserve: 412M, Max: 4096K
[169.329s][info][gc,stats    ] 
[169.329s][info][gc,stats    ] All times are wall-clock times, except per-root-class counters, that are sum over
[169.329s][info][gc,stats    ] all workers. Dividing the <total> over the root stage time estimates parallelism.
[169.329s][info][gc,stats    ] 
[169.329s][info][gc,stats    ] Concurrent Reset                   4883 us
[169.329s][info][gc,stats    ] Pause Init Mark (G)                 408 us
[169.329s][info][gc,stats    ] Pause Init Mark (N)                 296 us
[169.329s][info][gc,stats    ]   Update Region States              144 us
[169.329s][info][gc,stats    ] Concurrent Mark Roots               636 us, parallelism: 0.80x
[169.329s][info][gc,stats    ]   CMR: <total>                      506 us
[169.329s][info][gc,stats    ]   CMR: Thread Roots                 463 us, workers (us): 463, ---, ---, 
[169.329s][info][gc,stats    ]   CMR: VM Strong Roots                5 us, workers (us):   5, ---, ---, 
[169.329s][info][gc,stats    ]   CMR: CLDG Roots                    38 us, workers (us):  38, ---, ---, 
[169.329s][info][gc,stats    ] Concurrent Marking                 4443 us
[169.329s][info][gc,stats    ] Pause Final Mark (G)                632 us
[169.329s][info][gc,stats    ] Pause Final Mark (N)                490 us
[169.329s][info][gc,stats    ]   Finish Mark                       156 us
[169.329s][info][gc,stats    ]   Update Region States              122 us
[169.329s][info][gc,stats    ]   Choose Collection Set              76 us
[169.329s][info][gc,stats    ]   Rebuild Free Set                   21 us
[169.329s][info][gc,stats    ] Concurrent Weak References          240 us, parallelism: 0.07x
[169.329s][info][gc,stats    ]   CWRF: <total>                      16 us
[169.329s][info][gc,stats    ]   CWRF: Weak References              16 us, workers (us):  16, ---, ---, 
[169.329s][info][gc,stats    ] Concurrent Weak Roots               966 us
[169.329s][info][gc,stats    ]   Roots                             838 us, parallelism: 0.94x
[169.329s][info][gc,stats    ]     CWR: <total>                    790 us
[169.329s][info][gc,stats    ]     CWR: Code Cache Roots           617 us, workers (us): 617, ---, ---, 
[169.329s][info][gc,stats    ]     CWR: VM Weak Roots              165 us, workers (us): 165, ---, ---, 
[169.329s][info][gc,stats    ]     CWR: CLDG Roots                   8 us, workers (us):   8, ---, ---, 
[169.329s][info][gc,stats    ]   Rendezvous                         67 us
[169.329s][info][gc,stats    ] Concurrent Cleanup                   43 us
[169.329s][info][gc,stats    ] Concurrent Class Unloading         6533 us
[169.329s][info][gc,stats    ]   Unlink Stale                     6052 us
[169.329s][info][gc,stats    ]     System Dictionary                59 us
[169.329s][info][gc,stats    ]     Weak Class Links               1756 us
[169.329s][info][gc,stats    ]     Code Roots                     4235 us
[169.329s][info][gc,stats    ]   Rendezvous                        194 us
[169.329s][info][gc,stats    ]   Purge Unlinked                    206 us
[169.329s][info][gc,stats    ]     Code Roots                      179 us
[169.329s][info][gc,stats    ]     CLDG                             26 us
[169.329s][info][gc,stats    ]     Exception Caches                  0 us
[169.329s][info][gc,stats    ] Pause Final Roots (G)               147 us
[169.329s][info][gc,stats    ] Pause Final Roots (N)                65 us
[169.329s][info][gc,stats    ] 
[169.329s][info][gc,stats    ] Allocation pacing accrued:
[169.329s][info][gc,stats    ]       0 of    26 ms (  0.0%): <total>
[169.329s][info][gc,stats    ]       0 of    26 ms (  0.0%): <average total>
[169.329s][info][gc,stats    ] 
[169.329s][info][gc,metaspace] Metaspace: 16492K(16768K)->16488K(16768K) NonClass: 14144K(14272K)->14140K(14272K) Class: 2348K(2496K)->2347K(2496K)
[169.329s][info][gc,ergo     ] Pacer for Idle. Initial: 163M, Alloc Tax Rate: 1.0x
[170.831s][info][gc          ] Trigger: Average GC time (1885.07 ms) is above the time for instantaneous allocation rate (5570 MB/s) to deplete free headroom (6447M) (spike threshold = 1.73)
[170.831s][info][gc,ergo     ] Free: 6856M, Max: 4096K regular, 5408M humongous, Frag: 21% external, 0% internal; Reserve: 412M, Max: 4096K
[170.831s][info][gc,start    ] GC(76) Concurrent reset
[170.831s][info][gc,task     ] GC(76) Using 1 of 3 workers for concurrent reset
[170.831s][info][gc,ergo     ] GC(76) Pacer for Reset. Non-Taxable: 8192M
[170.831s][info][gc          ] GC(76) Concurrent reset 0.363ms
[170.831s][info][gc,start    ] GC(76) Pause Init Mark (unload classes)
[170.832s][info][gc,task     ] GC(76) Using 3 of 3 workers for init marking
[170.832s][info][gc,ergo     ] GC(76) Pacer for Mark. Expected Live: 98346K, Free: 6856M, Non-Taxable: 685M, Alloc Tax Rate: 0.0x
[170.832s][info][gc          ] GC(76) Pause Init Mark (unload classes) 0.101ms
[170.878s][info][gc,start    ] GC(76) Concurrent marking roots
[170.878s][info][gc,task     ] GC(76) Using 1 of 3 workers for concurrent marking roots
[170.879s][info][gc          ] GC(76) Concurrent marking roots 0.786ms
[170.879s][info][gc,start    ] GC(76) Concurrent marking (unload classes)
[170.879s][info][gc,task     ] GC(76) Using 1 of 3 workers for concurrent marking
[170.894s][info][gc          ] GC(76) Concurrent marking (unload classes) 14.811ms
[170.894s][info][gc,start    ] GC(76) Pause Final Mark (unload classes)
[170.894s][info][gc,task     ] GC(76) Using 3 of 3 workers for final marking
[170.894s][info][gc,ergo     ] GC(76) Adaptive CSet Selection. Target Free: 1160M, Actual Free: 7704M, Max CSet: 341M, Min Garbage: 0B
[170.894s][info][gc,ergo     ] GC(76) Collectable Garbage: 916M (99%), Immediate: 744M (80%), CSet: 172M (18%)
[170.894s][info][gc,ergo     ] GC(76) Pacer for Evacuation. Used CSet: 173M, Free: 7305M, Non-Taxable: 730M, Alloc Tax Rate: 1.1x
[170.894s][info][gc          ] GC(76) Pause Final Mark (unload classes) 0.225ms
[170.912s][info][gc,start    ] GC(76) Concurrent thread roots
[170.913s][info][gc,task     ] GC(76) Using 1 of 3 workers for Concurrent thread roots
[170.913s][info][gc          ] GC(76) Concurrent thread roots 0.661ms
[170.913s][info][gc,start    ] GC(76) Concurrent weak references
[170.913s][info][gc,task     ] GC(76) Using 1 of 3 workers for concurrent weak references
[170.913s][info][gc,ref      ] GC(76) Encountered references: Soft: 173, Weak: 995, Final: 0, Phantom: 41
[170.913s][info][gc,ref      ] GC(76) Discovered  references: Soft: 0, Weak: 205, Final: 0, Phantom: 24
[170.913s][info][gc,ref      ] GC(76) Enqueued    references: Soft: 0, Weak: 4, Final: 0, Phantom: 0
[170.913s][info][gc          ] GC(76) Concurrent weak references 0.097ms
[170.913s][info][gc,start    ] GC(76) Concurrent weak roots
[170.913s][info][gc,task     ] GC(76) Using 1 of 3 workers for concurrent weak root
[170.941s][info][gc          ] GC(76) Concurrent weak roots 27.857ms
[170.941s][info][gc,start    ] GC(76) Concurrent cleanup
[170.941s][info][gc          ] GC(76) Concurrent cleanup 1384M->640M(8192M) 0.052ms
[170.941s][info][gc,ergo     ] GC(76) Free: 7138M, Max: 4096K regular, 6116M humongous, Frag: 15% external, 0% internal; Reserve: 410M, Max: 4096K
[170.941s][info][gc,start    ] GC(76) Concurrent class unloading
[170.941s][info][gc,task     ] GC(76) Using 1 of 3 workers for concurrent class unloading
[170.957s][info][gc          ] GC(76) Concurrent class unloading 15.944ms
[170.957s][info][gc,start    ] GC(76) Concurrent strong roots
[170.957s][info][gc,task     ] GC(76) Using 1 of 3 workers for concurrent strong root
[170.957s][info][gc          ] GC(76) Concurrent strong roots 0.101ms
[170.957s][info][gc,start    ] GC(76) Concurrent evacuation
[170.957s][info][gc,task     ] GC(76) Using 1 of 3 workers for concurrent evacuation
[170.959s][info][gc          ] GC(76) Concurrent evacuation 1.296ms
[170.959s][info][gc,start    ] GC(76) Pause Init Update Refs
[170.959s][info][gc,ergo     ] GC(76) Pacer for Update Refs. Used: 701M, Free: 7078M, Non-Taxable: 707M, Alloc Tax Rate: 1.1x
[170.959s][info][gc          ] GC(76) Pause Init Update Refs 0.138ms
[170.980s][info][gc,start    ] GC(76) Concurrent update references
[170.980s][info][gc,task     ] GC(76) Using 1 of 3 workers for concurrent reference update
[171.109s][info][gc          ] GC(76) Concurrent update references 128.631ms
[171.109s][info][gc,start    ] GC(76) Concurrent update thread roots
[171.110s][info][gc          ] GC(76) Concurrent update thread roots 0.637ms
[171.110s][info][gc,start    ] GC(76) Pause Final Update Refs
[171.110s][info][gc,task     ] GC(76) Using 3 of 3 workers for final reference update
[171.110s][info][gc          ] GC(76) Pause Final Update Refs 0.116ms
[171.114s][info][gc,start    ] GC(76) Concurrent cleanup
[171.114s][info][gc          ] GC(76) Concurrent cleanup 1205M->1051M(8192M) 0.106ms
[171.114s][info][gc,ergo     ] Free: 6728M, Max: 4096K regular, 6396M humongous, Frag: 5% external, 0% internal; Reserve: 412M, Max: 4096K
[171.114s][info][gc,stats    ] 
[171.114s][info][gc,stats    ] All times are wall-clock times, except per-root-class counters, that are sum over
[171.114s][info][gc,stats    ] all workers. Dividing the <total> over the root stage time estimates parallelism.
[171.114s][info][gc,stats    ] 
[171.114s][info][gc,stats    ] Concurrent Reset                    387 us
[171.114s][info][gc,stats    ] Pause Init Mark (G)               47027 us
[171.114s][info][gc,stats    ] Pause Init Mark (N)                 109 us
[171.114s][info][gc,stats    ]   Update Region States               36 us
[171.114s][info][gc,stats    ] Concurrent Mark Roots               811 us, parallelism: 0.77x
[171.114s][info][gc,stats    ]   CMR: <total>                      620 us
[171.114s][info][gc,stats    ]   CMR: Thread Roots                 565 us, workers (us): 565, ---, ---, 
[171.114s][info][gc,stats    ]   CMR: VM Strong Roots                8 us, workers (us):   8, ---, ---, 
[171.114s][info][gc,stats    ]   CMR: CLDG Roots                    47 us, workers (us):  47, ---, ---, 
[171.114s][info][gc,stats    ] Concurrent Marking                14904 us
[171.114s][info][gc,stats    ] Pause Final Mark (G)              18326 us
[171.114s][info][gc,stats    ] Pause Final Mark (N)                234 us
[171.114s][info][gc,stats    ]   Finish Mark                        41 us
[171.114s][info][gc,stats    ]   Update Region States               41 us
[171.114s][info][gc,stats    ]   Choose Collection Set              63 us
[171.114s][info][gc,stats    ]   Rebuild Free Set                    8 us
[171.114s][info][gc,stats    ] Concurrent Thread Roots             680 us, parallelism: 0.81x
[171.114s][info][gc,stats    ]   CTR: <total>                      552 us
[171.114s][info][gc,stats    ]   CTR: Thread Roots                 552 us, workers (us): 552, ---, ---, 
[171.114s][info][gc,stats    ] Concurrent Weak References          105 us, parallelism: 0.20x
[171.114s][info][gc,stats    ]   CWRF: <total>                      20 us
[171.114s][info][gc,stats    ]   CWRF: Weak References              20 us, workers (us):  20, ---, ---, 
[171.114s][info][gc,stats    ] Concurrent Weak Roots             27947 us
[171.114s][info][gc,stats    ]   Roots                            1102 us, parallelism: 0.96x
[171.114s][info][gc,stats    ]     CWR: <total>                   1057 us
[171.114s][info][gc,stats    ]     CWR: Code Cache Roots           811 us, workers (us): 811, ---, ---, 
[171.114s][info][gc,stats    ]     CWR: VM Weak Roots              235 us, workers (us): 235, ---, ---, 
[171.114s][info][gc,stats    ]     CWR: CLDG Roots                  11 us, workers (us):  11, ---, ---, 
[171.114s][info][gc,stats    ]   Rendezvous                      26733 us
[171.114s][info][gc,stats    ] Concurrent Cleanup                   62 us
[171.114s][info][gc,stats    ] Concurrent Class Unloading        16014 us
[171.114s][info][gc,stats    ]   Unlink Stale                     3649 us
[171.114s][info][gc,stats    ]     System Dictionary                17 us
[171.114s][info][gc,stats    ]     Weak Class Links                  0 us
[171.114s][info][gc,stats    ]     Code Roots                     3629 us
[171.114s][info][gc,stats    ]   Rendezvous                      11862 us
[171.114s][info][gc,stats    ]   Purge Unlinked                    409 us
[171.114s][info][gc,stats    ]     Code Roots                      399 us
[171.114s][info][gc,stats    ]     CLDG                              8 us
[171.114s][info][gc,stats    ]     Exception Caches                  0 us
[171.114s][info][gc,stats    ] Concurrent Strong Roots             120 us, parallelism: 0.39x
[171.114s][info][gc,stats    ]   CSR: <total>                       47 us
[171.114s][info][gc,stats    ]   CSR: VM Strong Roots                2 us, workers (us):   2, ---, ---, 
[171.114s][info][gc,stats    ]   CSR: CLDG Roots                    45 us, workers (us):  45, ---, ---, 
[171.114s][info][gc,stats    ] Concurrent Evacuation              1313 us
[171.114s][info][gc,stats    ] Pause Init Update Refs (G)        21648 us
[171.114s][info][gc,stats    ] Pause Init Update Refs (N)          178 us
[171.114s][info][gc,stats    ]   Manage GCLABs                       4 us
[171.114s][info][gc,stats    ] Concurrent Update Refs           128718 us
[171.114s][info][gc,stats    ] Concurrent Update Thread Roots      656 us
[171.114s][info][gc,stats    ] Pause Final Update Refs (G)        3940 us
[171.114s][info][gc,stats    ] Pause Final Update Refs (N)         155 us
[171.114s][info][gc,stats    ]   Update Region States               54 us
[171.114s][info][gc,stats    ]   Trash Collection Set                3 us
[171.114s][info][gc,stats    ]   Rebuild Free Set                   16 us
[171.114s][info][gc,stats    ] Concurrent Cleanup                  118 us
[171.114s][info][gc,stats    ] 
[171.114s][info][gc,stats    ] Allocation pacing accrued:
[171.114s][info][gc,stats    ]       0 of  1785 ms (  0.0%): <total>
[171.114s][info][gc,stats    ]       0 of  1785 ms (  0.0%): <average total>
[171.114s][info][gc,stats    ] 
[171.114s][info][gc,metaspace] Metaspace: 16492K(16768K)->16492K(16768K) NonClass: 14144K(14272K)->14144K(14272K) Class: 2348K(2496K)->2348K(2496K)
[171.114s][info][gc,ergo     ] Pacer for Idle. Initial: 163M, Alloc Tax Rate: 1.0x
[171.239s][info][gc          ] Trigger: Average GC time (1389.67 ms) is above the time for average allocation rate (4634 MB/s) to deplete free headroom (5630M) (margin of error = 1.79)
[171.240s][info][gc,ergo     ] Free headroom: 6039M (free) - 409M (spike) - 0B (penalties) = 5630M
[171.240s][info][gc,ergo     ] Free: 6039M, Max: 4096K regular, 6024M humongous, Frag: 0% external, 0% internal; Reserve: 412M, Max: 4096K
[171.240s][info][gc,start    ] GC(77) Concurrent reset
[171.240s][info][gc,task     ] GC(77) Using 1 of 3 workers for concurrent reset
[171.240s][info][gc,ergo     ] GC(77) Pacer for Reset. Non-Taxable: 8192M
[171.241s][info][gc          ] GC(77) Concurrent reset 1.250ms
[171.241s][info][gc,start    ] GC(77) Pause Init Mark (unload classes)
[171.241s][info][gc,task     ] GC(77) Using 3 of 3 workers for init marking
[171.241s][info][gc,ergo     ] GC(77) Pacer for Mark. Expected Live: 98398K, Free: 6035M, Non-Taxable: 603M, Alloc Tax Rate: 0.0x
[171.241s][info][gc          ] GC(77) Pause Init Mark (unload classes) 0.160ms
[171.244s][info][gc,start    ] GC(77) Concurrent marking roots
[171.244s][info][gc,task     ] GC(77) Using 1 of 3 workers for concurrent marking roots
[171.245s][info][gc          ] GC(77) Concurrent marking roots 0.785ms
[171.245s][info][gc,start    ] GC(77) Concurrent marking (unload classes)
[171.245s][info][gc,task     ] GC(77) Using 1 of 3 workers for concurrent marking
[171.271s][info][gc          ] GC(77) Concurrent marking (unload classes) 25.972ms
[171.271s][info][gc,start    ] GC(77) Pause Final Mark (unload classes)
[171.271s][info][gc,task     ] GC(77) Using 3 of 3 workers for final marking
[171.271s][info][gc,ergo     ] GC(77) Collectable Garbage: 1596M (91%), Immediate: 1596M (91%), CSet: 0B (0%)
[171.274s][info][gc          ] GC(77) Pause Final Mark (unload classes) 2.377ms
[171.287s][info][gc,start    ] GC(77) Concurrent weak references
[171.287s][info][gc,task     ] GC(77) Using 1 of 3 workers for concurrent weak references
[171.287s][info][gc,ref      ] GC(77) Encountered references: Soft: 173, Weak: 991, Final: 0, Phantom: 41
[171.287s][info][gc,ref      ] GC(77) Discovered  references: Soft: 0, Weak: 202, Final: 0, Phantom: 24
[171.287s][info][gc,ref      ] GC(77) Enqueued    references: Soft: 0, Weak: 0, Final: 0, Phantom: 0
[171.287s][info][gc          ] GC(77) Concurrent weak references 0.189ms
[171.287s][info][gc,start    ] GC(77) Concurrent weak roots
[171.287s][info][gc,task     ] GC(77) Using 1 of 3 workers for concurrent weak root
[171.302s][info][gc          ] GC(77) Concurrent weak roots 15.406ms
[171.302s][info][gc,start    ] GC(77) Concurrent cleanup
[171.303s][info][gc          ] GC(77) Concurrent cleanup 2031M->439M(8192M) 0.063ms
[171.303s][info][gc,ergo     ] GC(77) Free: 7340M, Max: 4096K regular, 5732M humongous, Frag: 22% external, 0% internal; Reserve: 412M, Max: 4096K
[171.303s][info][gc,start    ] GC(77) Concurrent class unloading
[171.303s][info][gc,task     ] GC(77) Using 1 of 3 workers for concurrent class unloading
[171.307s][info][gc          ] GC(77) Concurrent class unloading 4.146ms
[171.307s][info][gc,start    ] GC(77) Pause Final Roots
[171.307s][info][gc          ] GC(77) Pause Final Roots 0.038ms
[171.307s][info][gc,ergo     ] Free: 7332M, Max: 4096K regular, 5732M humongous, Frag: 22% external, 0% internal; Reserve: 412M, Max: 4096K
[171.307s][info][gc,stats    ] 
[171.307s][info][gc,stats    ] All times are wall-clock times, except per-root-class counters, that are sum over
[171.307s][info][gc,stats    ] all workers. Dividing the <total> over the root stage time estimates parallelism.
[171.307s][info][gc,stats    ] 
[171.307s][info][gc,stats    ] Concurrent Reset                   1273 us
[171.307s][info][gc,stats    ] Pause Init Mark (G)                3394 us
[171.307s][info][gc,stats    ] Pause Init Mark (N)                 171 us
[171.307s][info][gc,stats    ]   Update Region States               68 us
[171.307s][info][gc,stats    ] Concurrent Mark Roots               812 us, parallelism: 0.79x
[171.307s][info][gc,stats    ]   CMR: <total>                      643 us
[171.307s][info][gc,stats    ]   CMR: Thread Roots                 584 us, workers (us): 584, ---, ---, 
[171.307s][info][gc,stats    ]   CMR: VM Strong Roots                7 us, workers (us):   7, ---, ---, 
[171.307s][info][gc,stats    ]   CMR: CLDG Roots                    52 us, workers (us):  52, ---, ---, 
[171.307s][info][gc,stats    ] Concurrent Marking                26062 us
[171.307s][info][gc,stats    ] Pause Final Mark (G)              15544 us
[171.307s][info][gc,stats    ] Pause Final Mark (N)               2407 us
[171.307s][info][gc,stats    ]   Finish Mark                        53 us
[171.307s][info][gc,stats    ]   Update Region States               43 us
[171.307s][info][gc,stats    ]   Choose Collection Set            2229 us
[171.307s][info][gc,stats    ]   Rebuild Free Set                    9 us
[171.307s][info][gc,stats    ] Concurrent Weak References          199 us, parallelism: 0.11x
[171.307s][info][gc,stats    ]   CWRF: <total>                      22 us
[171.307s][info][gc,stats    ]   CWRF: Weak References              22 us, workers (us):  22, ---, ---, 
[171.307s][info][gc,stats    ] Concurrent Weak Roots             15501 us
[171.307s][info][gc,stats    ]   Roots                            1480 us, parallelism: 0.97x
[171.307s][info][gc,stats    ]     CWR: <total>                   1437 us
[171.307s][info][gc,stats    ]     CWR: Code Cache Roots          1171 us, workers (us): 1171, ---, ---, 
[171.307s][info][gc,stats    ]     CWR: VM Weak Roots              252 us, workers (us): 252, ---, ---, 
[171.307s][info][gc,stats    ]     CWR: CLDG Roots                  15 us, workers (us):  15, ---, ---, 
[171.307s][info][gc,stats    ]   Rendezvous                      13903 us
[171.307s][info][gc,stats    ] Concurrent Cleanup                   73 us
[171.307s][info][gc,stats    ] Concurrent Class Unloading         4200 us
[171.307s][info][gc,stats    ]   Unlink Stale                     3841 us
[171.307s][info][gc,stats    ]     System Dictionary                16 us
[171.307s][info][gc,stats    ]     Weak Class Links                  1 us
[171.307s][info][gc,stats    ]     Code Roots                     3823 us
[171.307s][info][gc,stats    ]   Rendezvous                         72 us
[171.307s][info][gc,stats    ]   Purge Unlinked                    214 us
[171.307s][info][gc,stats    ]     Code Roots                      208 us
[171.307s][info][gc,stats    ]     CLDG                              5 us
[171.307s][info][gc,stats    ]     Exception Caches                  0 us
[171.307s][info][gc,stats    ] Pause Final Roots (G)                95 us
[171.307s][info][gc,stats    ] Pause Final Roots (N)                48 us
[171.307s][info][gc,stats    ] 
[171.307s][info][gc,stats    ] Allocation pacing accrued:
[171.307s][info][gc,stats    ]       0 of   193 ms (  0.0%): <total>
[171.307s][info][gc,stats    ]       0 of   193 ms (  0.0%): <average total>
[171.307s][info][gc,stats    ] 
[171.307s][info][gc,metaspace] Metaspace: 16492K(16768K)->16492K(16768K) NonClass: 14144K(14272K)->14144K(14272K) Class: 2348K(2496K)->2348K(2496K)
[171.307s][info][gc,ergo     ] Pacer for Idle. Initial: 163M, Alloc Tax Rate: 1.0x
[174.933s][info][gc          ] Trigger: Learning 4 of 5. Free (5732M) is below initial threshold (5734M)
[174.933s][info][gc,ergo     ] Free: 5732M, Max: 4096K regular, 5716M humongous, Frag: 0% external, 0% internal; Reserve: 412M, Max: 4096K
[174.933s][info][gc,start    ] GC(78) Concurrent reset
[174.933s][info][gc,task     ] GC(78) Using 1 of 3 workers for concurrent reset
[174.933s][info][gc,ergo     ] GC(78) Pacer for Reset. Non-Taxable: 8192M
[174.934s][info][gc          ] GC(78) Concurrent reset 0.840ms
[174.934s][info][gc,start    ] GC(78) Pause Init Mark (unload classes)
[174.934s][info][gc,task     ] GC(78) Using 3 of 3 workers for init marking
[174.934s][info][gc,ergo     ] GC(78) Pacer for Mark. Expected Live: 98388K, Free: 5728M, Non-Taxable: 572M, Alloc Tax Rate: 0.0x
[174.934s][info][gc          ] GC(78) Pause Init Mark (unload classes) 0.149ms
[174.934s][info][gc,start    ] GC(78) Concurrent marking roots
[174.934s][info][gc,task     ] GC(78) Using 1 of 3 workers for concurrent marking roots
[174.935s][info][gc          ] GC(78) Concurrent marking roots 0.666ms
[174.935s][info][gc,start    ] GC(78) Concurrent marking (unload classes)
[174.935s][info][gc,task     ] GC(78) Using 1 of 3 workers for concurrent marking
[175.652s][info][gc          ] GC(78) Concurrent marking (unload classes) 716.975ms
[175.652s][info][gc,start    ] GC(78) Pause Final Mark (unload classes)
[175.652s][info][gc,task     ] GC(78) Using 3 of 3 workers for final marking
[175.652s][info][gc,ergo     ] GC(78) Adaptive CSet Selection. Target Free: 1160M, Actual Free: 6848M, Max CSet: 341M, Min Garbage: 0B
[175.652s][info][gc,ergo     ] GC(78) Collectable Garbage: 1656M (98%), Immediate: 1144M (67%), CSet: 512M (30%)
[175.652s][info][gc,ergo     ] GC(78) Pacer for Evacuation. Used CSet: 852M, Free: 6451M, Non-Taxable: 645M, Alloc Tax Rate: 1.1x
[175.652s][info][gc          ] GC(78) Pause Final Mark (unload classes) 0.447ms
[175.652s][info][gc,start    ] GC(78) Concurrent thread roots
[175.652s][info][gc,task     ] GC(78) Using 1 of 3 workers for Concurrent thread roots
[175.653s][info][gc          ] GC(78) Concurrent thread roots 0.587ms
[175.653s][info][gc,start    ] GC(78) Concurrent weak references
[175.653s][info][gc,task     ] GC(78) Using 1 of 3 workers for concurrent weak references
[175.653s][info][gc,ref      ] GC(78) Encountered references: Soft: 173, Weak: 997, Final: 0, Phantom: 41
[175.653s][info][gc,ref      ] GC(78) Discovered  references: Soft: 0, Weak: 202, Final: 0, Phantom: 24
[175.653s][info][gc,ref      ] GC(78) Enqueued    references: Soft: 0, Weak: 5, Final: 0, Phantom: 0
[175.653s][info][gc          ] GC(78) Concurrent weak references 0.085ms
[175.653s][info][gc,start    ] GC(78) Concurrent weak roots
[175.653s][info][gc,task     ] GC(78) Using 1 of 3 workers for concurrent weak root
[175.654s][info][gc          ] GC(78) Concurrent weak roots 0.928ms
[175.654s][info][gc,start    ] GC(78) Concurrent cleanup
[175.654s][info][gc          ] GC(78) Concurrent cleanup 2475M->1331M(8192M) 0.038ms
[175.654s][info][gc,ergo     ] GC(78) Free: 6448M, Max: 4096K regular, 5288M humongous, Frag: 18% external, 0% internal; Reserve: 411M, Max: 4096K
[175.654s][info][gc,start    ] GC(78) Concurrent class unloading
[175.654s][info][gc,task     ] GC(78) Using 1 of 3 workers for concurrent class unloading
[175.657s][info][gc          ] GC(78) Concurrent class unloading 3.308ms
[175.657s][info][gc,start    ] GC(78) Concurrent strong roots
[175.657s][info][gc,task     ] GC(78) Using 1 of 3 workers for concurrent strong root
[175.657s][info][gc          ] GC(78) Concurrent strong roots 0.092ms
[175.657s][info][gc,start    ] GC(78) Concurrent evacuation
[175.657s][info][gc,task     ] GC(78) Using 1 of 3 workers for concurrent evacuation
[175.966s][info][gc          ] GC(78) Concurrent evacuation 308.474ms
[175.966s][info][gc,start    ] GC(78) Pause Init Update Refs
[175.966s][info][gc,ergo     ] GC(78) Pacer for Update Refs. Used: 1815M, Free: 6308M, Non-Taxable: 630M, Alloc Tax Rate: 1.1x
[175.966s][info][gc          ] GC(78) Pause Init Update Refs 0.089ms
[175.966s][info][gc,start    ] GC(78) Concurrent update references
[175.966s][info][gc,task     ] GC(78) Using 1 of 3 workers for concurrent reference update
[176.809s][info][gc          ] GC(78) Concurrent update references 842.689ms
[176.809s][info][gc,start    ] GC(78) Concurrent update thread roots
[176.810s][info][gc          ] GC(78) Concurrent update thread roots 1.086ms
[176.810s][info][gc,start    ] GC(78) Pause Final Update Refs
[176.810s][info][gc,task     ] GC(78) Using 3 of 3 workers for final reference update
[176.810s][info][gc          ] GC(78) Pause Final Update Refs 0.205ms
[176.810s][info][gc,start    ] GC(78) Concurrent cleanup
[176.810s][info][gc          ] GC(78) Concurrent cleanup 2015M->1163M(8192M) 0.030ms
[176.811s][info][gc,ergo     ] Free: 6616M, Max: 4096K regular, 4944M humongous, Frag: 26% external, 0% internal; Reserve: 412M, Max: 4096K
[176.811s][info][gc,stats    ] 
[176.811s][info][gc,stats    ] All times are wall-clock times, except per-root-class counters, that are sum over
[176.811s][info][gc,stats    ] all workers. Dividing the <total> over the root stage time estimates parallelism.
[176.811s][info][gc,stats    ] 
[176.811s][info][gc,stats    ] Concurrent Reset                    892 us
[176.811s][info][gc,stats    ] Pause Init Mark (G)                 280 us
[176.811s][info][gc,stats    ] Pause Init Mark (N)                 161 us
[176.811s][info][gc,stats    ]   Update Region States               71 us
[176.811s][info][gc,stats    ] Concurrent Mark Roots               684 us, parallelism: 0.84x
[176.811s][info][gc,stats    ]   CMR: <total>                      578 us
[176.811s][info][gc,stats    ]   CMR: Thread Roots                 533 us, workers (us): 533, ---, ---, 
[176.811s][info][gc,stats    ]   CMR: VM Strong Roots                5 us, workers (us):   5, ---, ---, 
[176.811s][info][gc,stats    ]   CMR: CLDG Roots                    40 us, workers (us):  40, ---, ---, 
[176.811s][info][gc,stats    ] Concurrent Marking               717032 us
[176.811s][info][gc,stats    ] Pause Final Mark (G)                667 us
[176.811s][info][gc,stats    ] Pause Final Mark (N)                468 us
[176.811s][info][gc,stats    ]   Finish Mark                       103 us
[176.811s][info][gc,stats    ]   Update Region States               30 us
[176.811s][info][gc,stats    ]   Choose Collection Set             161 us
[176.811s][info][gc,stats    ]   Rebuild Free Set                   21 us
[176.811s][info][gc,stats    ] Concurrent Thread Roots             603 us, parallelism: 0.89x
[176.811s][info][gc,stats    ]   CTR: <total>                      540 us
[176.811s][info][gc,stats    ]   CTR: Thread Roots                 540 us, workers (us): 540, ---, ---, 
[176.811s][info][gc,stats    ] Concurrent Weak References           93 us, parallelism: 0.15x
[176.811s][info][gc,stats    ]   CWRF: <total>                      14 us
[176.811s][info][gc,stats    ]   CWRF: Weak References              14 us, workers (us):  14, ---, ---, 
[176.811s][info][gc,stats    ] Concurrent Weak Roots               942 us
[176.811s][info][gc,stats    ]   Roots                             858 us, parallelism: 0.97x
[176.811s][info][gc,stats    ]     CWR: <total>                    829 us
[176.811s][info][gc,stats    ]     CWR: Code Cache Roots           640 us, workers (us): 640, ---, ---, 
[176.811s][info][gc,stats    ]     CWR: VM Weak Roots              180 us, workers (us): 180, ---, ---, 
[176.811s][info][gc,stats    ]     CWR: CLDG Roots                   8 us, workers (us):   8, ---, ---, 
[176.811s][info][gc,stats    ]   Rendezvous                         55 us
[176.811s][info][gc,stats    ] Concurrent Cleanup                   46 us
[176.811s][info][gc,stats    ] Concurrent Class Unloading         3351 us
[176.811s][info][gc,stats    ]   Unlink Stale                     3001 us
[176.811s][info][gc,stats    ]     System Dictionary                 8 us
[176.811s][info][gc,stats    ]     Weak Class Links                  0 us
[176.811s][info][gc,stats    ]     Code Roots                     2991 us
[176.811s][info][gc,stats    ]   Rendezvous                        109 us
[176.811s][info][gc,stats    ]   Purge Unlinked                    181 us
[176.811s][info][gc,stats    ]     Code Roots                      175 us
[176.811s][info][gc,stats    ]     CLDG                              5 us
[176.811s][info][gc,stats    ]     Exception Caches                  0 us
[176.811s][info][gc,stats    ] Concurrent Strong Roots             110 us, parallelism: 0.30x
[176.811s][info][gc,stats    ]   CSR: <total>                       32 us
[176.811s][info][gc,stats    ]   CSR: VM Strong Roots                3 us, workers (us):   3, ---, ---, 
[176.811s][info][gc,stats    ]   CSR: CLDG Roots                    30 us, workers (us):  30, ---, ---, 
[176.811s][info][gc,stats    ] Concurrent Evacuation            308573 us
[176.811s][info][gc,stats    ] Pause Init Update Refs (G)          246 us
[176.811s][info][gc,stats    ] Pause Init Update Refs (N)          106 us
[176.811s][info][gc,stats    ]   Manage GCLABs                       5 us
[176.811s][info][gc,stats    ] Concurrent Update Refs           842756 us
[176.811s][info][gc,stats    ] Concurrent Update Thread Roots     1104 us
[176.811s][info][gc,stats    ] Pause Final Update Refs (G)         342 us
[176.811s][info][gc,stats    ] Pause Final Update Refs (N)         242 us
[176.811s][info][gc,stats    ]   Update Region States               92 us
[176.811s][info][gc,stats    ]   Trash Collection Set               10 us
[176.811s][info][gc,stats    ]   Rebuild Free Set                   24 us
[176.811s][info][gc,stats    ] Concurrent Cleanup                   93 us
[176.811s][info][gc,stats    ] 
[176.811s][info][gc,stats    ] Allocation pacing accrued:
[176.811s][info][gc,stats    ]       0 of  5504 ms (  0.0%): <total>
[176.811s][info][gc,stats    ]       0 of  5504 ms (  0.0%): <average total>
[176.811s][info][gc,stats    ] 
[176.811s][info][gc,metaspace] Metaspace: 16513K(16768K)->16513K(16768K) NonClass: 14164K(14272K)->14164K(14272K) Class: 2348K(2496K)->2348K(2496K)
[176.811s][info][gc,ergo     ] Pacer for Idle. Initial: 163M, Alloc Tax Rate: 1.0x
[177.098s][info][gc          ] Trigger: Explicit GC request (System.gc())
[177.098s][info][gc,ergo     ] Free: 6580M, Max: 4096K regular, 4944M humongous, Frag: 25% external, 0% internal; Reserve: 412M, Max: 4096K
[177.098s][info][gc,start    ] GC(79) Concurrent reset
[177.098s][info][gc,task     ] GC(79) Using 1 of 3 workers for concurrent reset
[177.098s][info][gc,ergo     ] GC(79) Pacer for Reset. Non-Taxable: 8192M
[177.102s][info][gc          ] GC(79) Concurrent reset 4.187ms
[177.102s][info][gc,start    ] GC(79) Pause Init Mark (unload classes)
[177.102s][info][gc,task     ] GC(79) Using 3 of 3 workers for init marking
[177.102s][info][gc,ref      ] GC(79) Clearing All SoftReferences
[177.102s][info][gc,ergo     ] GC(79) Pacer for Mark. Expected Live: 159M, Free: 6580M, Non-Taxable: 658M, Alloc Tax Rate: 0.0x
[177.102s][info][gc          ] GC(79) Pause Init Mark (unload classes) 0.217ms
[177.102s][info][gc,start    ] GC(79) Concurrent marking roots
[177.102s][info][gc,task     ] GC(79) Using 1 of 3 workers for concurrent marking roots
[177.103s][info][gc          ] GC(79) Concurrent marking roots 0.649ms
[177.103s][info][gc,start    ] GC(79) Concurrent marking (unload classes)
[177.103s][info][gc,task     ] GC(79) Using 1 of 3 workers for concurrent marking
[177.108s][info][gc          ] GC(79) Concurrent marking (unload classes) 4.746ms
[177.108s][info][gc,start    ] GC(79) Pause Final Mark (unload classes)
[177.108s][info][gc,task     ] GC(79) Using 3 of 3 workers for final marking
[177.108s][info][gc,ergo     ] GC(79) Collectable Garbage: 1175M (98%), Immediate: 1175M (98%), CSet: 0B (0%)
[177.108s][info][gc          ] GC(79) Pause Final Mark (unload classes) 0.270ms
[177.108s][info][gc,start    ] GC(79) Concurrent weak references
[177.108s][info][gc,task     ] GC(79) Using 1 of 3 workers for concurrent weak references
[177.108s][info][gc,ref      ] GC(79) Encountered references: Soft: 172, Weak: 993, Final: 0, Phantom: 41
[177.108s][info][gc,ref      ] GC(79) Discovered  references: Soft: 108, Weak: 221, Final: 0, Phantom: 24
[177.108s][info][gc,ref      ] GC(79) Enqueued    references: Soft: 4, Weak: 8, Final: 0, Phantom: 0
[177.109s][info][gc          ] GC(79) Concurrent weak references 0.328ms
[177.109s][info][gc,start    ] GC(79) Concurrent weak roots
[177.109s][info][gc,task     ] GC(79) Using 1 of 3 workers for concurrent weak root
[177.110s][info][gc          ] GC(79) Concurrent weak roots 1.166ms
[177.110s][info][gc,start    ] GC(79) Concurrent cleanup
[177.110s][info][gc          ] GC(79) Concurrent cleanup 1199M->23M(8192M) 0.037ms
[177.110s][info][gc,ergo     ] GC(79) Free: 7756M, Max: 4096K regular, 7376M humongous, Frag: 5% external, 0% internal; Reserve: 412M, Max: 4096K
[177.110s][info][gc,start    ] GC(79) Concurrent class unloading
[177.110s][info][gc,task     ] GC(79) Using 1 of 3 workers for concurrent class unloading
[177.115s][info][gc          ] GC(79) Concurrent class unloading 5.614ms
[177.116s][info][gc,start    ] GC(79) Pause Final Roots
[177.116s][info][gc          ] GC(79) Pause Final Roots 0.041ms
[177.116s][info][gc,ergo     ] Free: 7756M, Max: 4096K regular, 7376M humongous, Frag: 5% external, 0% internal; Reserve: 412M, Max: 4096K
[177.116s][info][gc,stats    ] 
[177.116s][info][gc,stats    ] All times are wall-clock times, except per-root-class counters, that are sum over
[177.116s][info][gc,stats    ] all workers. Dividing the <total> over the root stage time estimates parallelism.
[177.116s][info][gc,stats    ] 
[177.116s][info][gc,stats    ] Concurrent Reset                   4258 us
[177.116s][info][gc,stats    ] Pause Init Mark (G)                 397 us
[177.116s][info][gc,stats    ] Pause Init Mark (N)                 238 us
[177.116s][info][gc,stats    ]   Update Region States               75 us
[177.116s][info][gc,stats    ] Concurrent Mark Roots               670 us, parallelism: 0.78x
[177.116s][info][gc,stats    ]   CMR: <total>                      521 us
[177.116s][info][gc,stats    ]   CMR: Thread Roots                 464 us, workers (us): 464, ---, ---, 
[177.116s][info][gc,stats    ]   CMR: VM Strong Roots                4 us, workers (us):   4, ---, ---, 
[177.116s][info][gc,stats    ]   CMR: CLDG Roots                    52 us, workers (us):  52, ---, ---, 
[177.116s][info][gc,stats    ] Concurrent Marking                 4795 us
[177.116s][info][gc,stats    ] Pause Final Mark (G)                370 us
[177.116s][info][gc,stats    ] Pause Final Mark (N)                279 us
[177.116s][info][gc,stats    ]   Finish Mark                       101 us
[177.116s][info][gc,stats    ]   Update Region States               62 us
[177.116s][info][gc,stats    ]   Choose Collection Set              38 us
[177.116s][info][gc,stats    ]   Rebuild Free Set                    8 us
[177.116s][info][gc,stats    ] Concurrent Weak References          349 us, parallelism: 0.09x
[177.116s][info][gc,stats    ]   CWRF: <total>                      30 us
[177.116s][info][gc,stats    ]   CWRF: Weak References              30 us, workers (us):  30, ---, ---, 
[177.116s][info][gc,stats    ] Concurrent Weak Roots              1192 us
[177.116s][info][gc,stats    ]   Roots                            1058 us, parallelism: 0.89x
[177.116s][info][gc,stats    ]     CWR: <total>                    945 us
[177.116s][info][gc,stats    ]     CWR: Code Cache Roots           753 us, workers (us): 753, ---, ---, 
[177.116s][info][gc,stats    ]     CWR: VM Weak Roots              182 us, workers (us): 182, ---, ---, 
[177.116s][info][gc,stats    ]     CWR: CLDG Roots                  10 us, workers (us):  10, ---, ---, 
[177.116s][info][gc,stats    ]   Rendezvous                         72 us
[177.116s][info][gc,stats    ] Concurrent Cleanup                   51 us
[177.116s][info][gc,stats    ] Concurrent Class Unloading         5676 us
[177.116s][info][gc,stats    ]   Unlink Stale                     5352 us
[177.116s][info][gc,stats    ]     System Dictionary                64 us
[177.116s][info][gc,stats    ]     Weak Class Links               1874 us
[177.116s][info][gc,stats    ]     Code Roots                     3413 us
[177.116s][info][gc,stats    ]   Rendezvous                         61 us
[177.116s][info][gc,stats    ]   Purge Unlinked                    181 us
[177.116s][info][gc,stats    ]     Code Roots                      153 us
[177.116s][info][gc,stats    ]     CLDG                             27 us
[177.116s][info][gc,stats    ]     Exception Caches                  0 us
[177.116s][info][gc,stats    ] Pause Final Roots (G)               129 us
[177.116s][info][gc,stats    ] Pause Final Roots (N)                50 us
[177.116s][info][gc,stats    ] 
[177.116s][info][gc,stats    ] Allocation pacing accrued:
[177.116s][info][gc,stats    ]       0 of   305 ms (  0.0%): <total>
[177.116s][info][gc,stats    ]       0 of   305 ms (  0.0%): <average total>
[177.116s][info][gc,stats    ] 
[177.116s][info][gc,metaspace] Metaspace: 16513K(16768K)->16516K(16768K) NonClass: 14165K(14272K)->14168K(14272K) Class: 2348K(2496K)->2347K(2496K)
[177.116s][info][gc,ergo     ] Pacer for Idle. Initial: 163M, Alloc Tax Rate: 1.0x
[178.622s][info][gc          ] Trigger: Average GC time (1979.47 ms) is above the time for average allocation rate (3425 MB/s) to deplete free headroom (6422M) (margin of error = 1.79)
[178.622s][info][gc,ergo     ] Free headroom: 6831M (free) - 409M (spike) - 0B (penalties) = 6422M
[178.622s][info][gc,ergo     ] Free: 6828M, Max: 4096K regular, 6812M humongous, Frag: 0% external, 0% internal; Reserve: 412M, Max: 4096K
[178.622s][info][gc,start    ] GC(80) Concurrent reset
[178.622s][info][gc,task     ] GC(80) Using 1 of 3 workers for concurrent reset
[178.622s][info][gc,ergo     ] GC(80) Pacer for Reset. Non-Taxable: 8192M
[178.623s][info][gc          ] GC(80) Concurrent reset 0.323ms
[178.623s][info][gc,start    ] GC(80) Pause Init Mark (unload classes)
[178.623s][info][gc,task     ] GC(80) Using 3 of 3 workers for init marking
[178.623s][info][gc,ergo     ] GC(80) Pacer for Mark. Expected Live: 78425K, Free: 6827M, Non-Taxable: 682M, Alloc Tax Rate: 0.0x
[178.623s][info][gc          ] GC(80) Pause Init Mark (unload classes) 0.101ms
[178.654s][info][gc,start    ] GC(80) Concurrent marking roots
[178.654s][info][gc,task     ] GC(80) Using 1 of 3 workers for concurrent marking roots
[178.655s][info][gc          ] GC(80) Concurrent marking roots 0.802ms
[178.655s][info][gc,start    ] GC(80) Concurrent marking (unload classes)
[178.655s][info][gc,task     ] GC(80) Using 1 of 3 workers for concurrent marking
[178.670s][info][gc          ] GC(80) Concurrent marking (unload classes) 14.845ms
[178.670s][info][gc,start    ] GC(80) Pause Final Mark (unload classes)
[178.670s][info][gc,task     ] GC(80) Using 3 of 3 workers for final marking
[178.670s][info][gc,ergo     ] GC(80) Adaptive CSet Selection. Target Free: 1160M, Actual Free: 7764M, Max CSet: 341M, Min Garbage: 0B
[178.670s][info][gc,ergo     ] GC(80) Collectable Garbage: 945M (99%), Immediate: 760M (80%), CSet: 185M (19%)
[178.670s][info][gc,ergo     ] GC(80) Pacer for Evacuation. Used CSet: 186M, Free: 7365M, Non-Taxable: 736M, Alloc Tax Rate: 1.1x
[178.670s][info][gc          ] GC(80) Pause Final Mark (unload classes) 0.233ms
[178.686s][info][gc,start    ] GC(80) Concurrent thread roots
[178.686s][info][gc,task     ] GC(80) Using 1 of 3 workers for Concurrent thread roots
[178.687s][info][gc          ] GC(80) Concurrent thread roots 0.730ms
[178.687s][info][gc,start    ] GC(80) Concurrent weak references
[178.687s][info][gc,task     ] GC(80) Using 1 of 3 workers for concurrent weak references
[178.687s][info][gc,ref      ] GC(80) Encountered references: Soft: 173, Weak: 993, Final: 0, Phantom: 41
[178.687s][info][gc,ref      ] GC(80) Discovered  references: Soft: 0, Weak: 207, Final: 0, Phantom: 24
[178.687s][info][gc,ref      ] GC(80) Enqueued    references: Soft: 0, Weak: 5, Final: 0, Phantom: 0
[178.687s][info][gc          ] GC(80) Concurrent weak references 0.093ms
[178.687s][info][gc,start    ] GC(80) Concurrent weak roots
[178.687s][info][gc,task     ] GC(80) Using 1 of 3 workers for concurrent weak root
[178.701s][info][gc          ] GC(80) Concurrent weak roots 14.379ms
[178.701s][info][gc,start    ] GC(80) Concurrent cleanup
[178.701s][info][gc          ] GC(80) Concurrent cleanup 1297M->537M(8192M) 0.052ms
[178.701s][info][gc,ergo     ] GC(80) Free: 7241M, Max: 4096K regular, 6468M humongous, Frag: 11% external, 0% internal; Reserve: 410M, Max: 4096K
[178.701s][info][gc,start    ] GC(80) Concurrent class unloading
[178.701s][info][gc,task     ] GC(80) Using 1 of 3 workers for concurrent class unloading
[178.717s][info][gc          ] GC(80) Concurrent class unloading 15.622ms
[178.717s][info][gc,start    ] GC(80) Concurrent strong roots
[178.717s][info][gc,task     ] GC(80) Using 1 of 3 workers for concurrent strong root
[178.717s][info][gc          ] GC(80) Concurrent strong roots 0.101ms
[178.717s][info][gc,start    ] GC(80) Concurrent evacuation
[178.717s][info][gc,task     ] GC(80) Using 1 of 3 workers for concurrent evacuation
[178.718s][info][gc          ] GC(80) Concurrent evacuation 1.151ms
[178.718s][info][gc,start    ] GC(80) Pause Init Update Refs
[178.718s][info][gc,ergo     ] GC(80) Pacer for Update Refs. Used: 602M, Free: 7178M, Non-Taxable: 717M, Alloc Tax Rate: 1.1x
[178.718s][info][gc          ] GC(80) Pause Init Update Refs 0.073ms
[178.732s][info][gc,start    ] GC(80) Concurrent update references
[178.732s][info][gc,task     ] GC(80) Using 1 of 3 workers for concurrent reference update
[178.829s][info][gc          ] GC(80) Concurrent update references 96.704ms
[178.829s][info][gc,start    ] GC(80) Concurrent update thread roots
[178.830s][info][gc          ] GC(80) Concurrent update thread roots 0.623ms
[178.830s][info][gc,start    ] GC(80) Pause Final Update Refs
[178.830s][info][gc,task     ] GC(80) Using 3 of 3 workers for final reference update
[178.830s][info][gc          ] GC(80) Pause Final Update Refs 0.104ms
[178.842s][info][gc,start    ] GC(80) Concurrent cleanup
[178.842s][info][gc          ] GC(80) Concurrent cleanup 986M->859M(8192M) 0.117ms
[178.842s][info][gc,ergo     ] Free: 6920M, Max: 4096K regular, 6472M humongous, Frag: 7% external, 0% internal; Reserve: 412M, Max: 4096K
[178.842s][info][gc,stats    ] 
[178.842s][info][gc,stats    ] All times are wall-clock times, except per-root-class counters, that are sum over
[178.842s][info][gc,stats    ] all workers. Dividing the <total> over the root stage time estimates parallelism.
[178.842s][info][gc,stats    ] 
[178.842s][info][gc,stats    ] Concurrent Reset                    346 us
[178.842s][info][gc,stats    ] Pause Init Mark (G)               31403 us
[178.842s][info][gc,stats    ] Pause Init Mark (N)                 111 us
[178.842s][info][gc,stats    ]   Update Region States               33 us
[178.842s][info][gc,stats    ] Concurrent Mark Roots               828 us, parallelism: 0.76x
[178.842s][info][gc,stats    ]   CMR: <total>                      626 us
[178.843s][info][gc,stats    ]   CMR: Thread Roots                 561 us, workers (us): 561, ---, ---, 
[178.843s][info][gc,stats    ]   CMR: VM Strong Roots                7 us, workers (us):   7, ---, ---, 
[178.843s][info][gc,stats    ]   CMR: CLDG Roots                    58 us, workers (us):  58, ---, ---, 
[178.843s][info][gc,stats    ] Concurrent Marking                14943 us
[178.843s][info][gc,stats    ] Pause Final Mark (G)              15925 us
[178.843s][info][gc,stats    ] Pause Final Mark (N)                242 us
[178.843s][info][gc,stats    ]   Finish Mark                        55 us
[178.843s][info][gc,stats    ]   Update Region States               40 us
[178.843s][info][gc,stats    ]   Choose Collection Set              62 us
[178.843s][info][gc,stats    ]   Rebuild Free Set                    8 us
[178.843s][info][gc,stats    ] Concurrent Thread Roots             745 us, parallelism: 0.80x
[178.843s][info][gc,stats    ]   CTR: <total>                      595 us
[178.843s][info][gc,stats    ]   CTR: Thread Roots                 595 us, workers (us): 595, ---, ---, 
[178.843s][info][gc,stats    ] Concurrent Weak References          101 us, parallelism: 0.23x
[178.843s][info][gc,stats    ]   CWRF: <total>                      23 us
[178.843s][info][gc,stats    ]   CWRF: Weak References              23 us, workers (us):  23, ---, ---, 
[178.843s][info][gc,stats    ] Concurrent Weak Roots             14470 us
[178.843s][info][gc,stats    ]   Roots                            1333 us, parallelism: 0.97x
[178.843s][info][gc,stats    ]     CWR: <total>                   1293 us
[178.843s][info][gc,stats    ]     CWR: Code Cache Roots          1010 us, workers (us): 1010, ---, ---, 
[178.843s][info][gc,stats    ]     CWR: VM Weak Roots              272 us, workers (us): 272, ---, ---, 
[178.843s][info][gc,stats    ]     CWR: CLDG Roots                  11 us, workers (us):  11, ---, ---, 
[178.843s][info][gc,stats    ]   Rendezvous                      13025 us
[178.843s][info][gc,stats    ] Concurrent Cleanup                   61 us
[178.843s][info][gc,stats    ] Concurrent Class Unloading        15692 us
[178.843s][info][gc,stats    ]   Unlink Stale                     3704 us
[178.843s][info][gc,stats    ]     System Dictionary                16 us
[178.843s][info][gc,stats    ]     Weak Class Links                  0 us
[178.843s][info][gc,stats    ]     Code Roots                     3686 us
[178.843s][info][gc,stats    ]   Rendezvous                      11490 us
[178.843s][info][gc,stats    ]   Purge Unlinked                    396 us
[178.843s][info][gc,stats    ]     Code Roots                      383 us
[178.843s][info][gc,stats    ]     CLDG                             12 us
[178.843s][info][gc,stats    ]     Exception Caches                  0 us
[178.843s][info][gc,stats    ] Concurrent Strong Roots             113 us, parallelism: 0.46x
[178.843s][info][gc,stats    ]   CSR: <total>                       52 us
[178.843s][info][gc,stats    ]   CSR: VM Strong Roots                4 us, workers (us):   4, ---, ---, 
[178.843s][info][gc,stats    ]   CSR: CLDG Roots                    48 us, workers (us):  48, ---, ---, 
[178.843s][info][gc,stats    ] Concurrent Evacuation              1164 us
[178.843s][info][gc,stats    ] Pause Init Update Refs (G)        14096 us
[178.843s][info][gc,stats    ] Pause Init Update Refs (N)           82 us
[178.843s][info][gc,stats    ]   Manage GCLABs                       3 us
[178.843s][info][gc,stats    ] Concurrent Update Refs            96771 us
[178.843s][info][gc,stats    ] Concurrent Update Thread Roots      638 us
[178.843s][info][gc,stats    ] Pause Final Update Refs (G)       12452 us
[178.843s][info][gc,stats    ] Pause Final Update Refs (N)         114 us
[178.843s][info][gc,stats    ]   Update Region States               37 us
[178.843s][info][gc,stats    ]   Trash Collection Set                3 us
[178.843s][info][gc,stats    ]   Rebuild Free Set                   14 us
[178.843s][info][gc,stats    ] Concurrent Cleanup                  130 us
[178.843s][info][gc,stats    ] 
[178.843s][info][gc,stats    ] Allocation pacing accrued:
[178.843s][info][gc,stats    ]       0 of  1727 ms (  0.0%): <total>
[178.843s][info][gc,stats    ]       0 of  1727 ms (  0.0%): <average total>
[178.843s][info][gc,stats    ] 
[178.843s][info][gc,metaspace] Metaspace: 16523K(16768K)->16523K(16768K) NonClass: 14175K(14272K)->14175K(14272K) Class: 2348K(2496K)->2348K(2496K)
[178.843s][info][gc,ergo     ] Pacer for Idle. Initial: 163M, Alloc Tax Rate: 1.0x
[178.967s][info][gc          ] Trigger: Average GC time (1441.28 ms) is above the time for average allocation rate (4470 MB/s) to deplete free headroom (5870M) (margin of error = 1.79)
[178.968s][info][gc,ergo     ] Free headroom: 6280M (free) - 409M (spike) - 0B (penalties) = 5870M
[178.968s][info][gc,ergo     ] Free: 6280M, Max: 4096K regular, 6264M humongous, Frag: 0% external, 0% internal; Reserve: 412M, Max: 4096K
[178.968s][info][gc,start    ] GC(81) Concurrent reset
[178.968s][info][gc,task     ] GC(81) Using 1 of 3 workers for concurrent reset
[178.968s][info][gc,ergo     ] GC(81) Pacer for Reset. Non-Taxable: 8192M
[178.969s][info][gc          ] GC(81) Concurrent reset 1.274ms
[178.969s][info][gc,start    ] GC(81) Pause Init Mark (unload classes)
[178.969s][info][gc,task     ] GC(81) Using 3 of 3 workers for init marking
[178.969s][info][gc,ergo     ] GC(81) Pacer for Mark. Expected Live: 78477K, Free: 6272M, Non-Taxable: 627M, Alloc Tax Rate: 0.0x
[178.969s][info][gc          ] GC(81) Pause Init Mark (unload classes) 0.240ms
[178.984s][info][gc,start    ] GC(81) Concurrent marking roots
[178.984s][info][gc,task     ] GC(81) Using 1 of 3 workers for concurrent marking roots
[178.985s][info][gc          ] GC(81) Concurrent marking roots 0.776ms
[178.985s][info][gc,start    ] GC(81) Concurrent marking (unload classes)
[178.985s][info][gc,task     ] GC(81) Using 1 of 3 workers for concurrent marking
[179.005s][info][gc          ] GC(81) Concurrent marking (unload classes) 20.339ms
[179.005s][info][gc,start    ] GC(81) Pause Final Mark (unload classes)
[179.005s][info][gc,task     ] GC(81) Using 3 of 3 workers for final marking
[179.005s][info][gc,ergo     ] GC(81) Adaptive CSet Selection. Target Free: 1160M, Actual Free: 7828M, Max CSet: 341M, Min Garbage: 0B
[179.005s][info][gc,ergo     ] GC(81) Collectable Garbage: 1501M (99%), Immediate: 1336M (88%), CSet: 165M (10%)
[179.005s][info][gc,ergo     ] GC(81) Pacer for Evacuation. Used CSet: 166M, Free: 7430M, Non-Taxable: 743M, Alloc Tax Rate: 1.1x
[179.005s][info][gc          ] GC(81) Pause Final Mark (unload classes) 0.238ms
[179.015s][info][gc,start    ] GC(81) Concurrent thread roots
[179.015s][info][gc,task     ] GC(81) Using 1 of 3 workers for Concurrent thread roots
[179.016s][info][gc          ] GC(81) Concurrent thread roots 0.691ms
[179.016s][info][gc,start    ] GC(81) Concurrent weak references
[179.016s][info][gc,task     ] GC(81) Using 1 of 3 workers for concurrent weak references
[179.016s][info][gc,ref      ] GC(81) Encountered references: Soft: 173, Weak: 988, Final: 0, Phantom: 41
[179.016s][info][gc,ref      ] GC(81) Discovered  references: Soft: 0, Weak: 202, Final: 0, Phantom: 24
[179.016s][info][gc,ref      ] GC(81) Enqueued    references: Soft: 0, Weak: 0, Final: 0, Phantom: 0
[179.016s][info][gc          ] GC(81) Concurrent weak references 0.079ms
[179.016s][info][gc,start    ] GC(81) Concurrent weak roots
[179.016s][info][gc,task     ] GC(81) Using 1 of 3 workers for concurrent weak root
[179.030s][info][gc          ] GC(81) Concurrent weak roots 14.653ms
[179.031s][info][gc,start    ] GC(81) Concurrent cleanup
[179.031s][info][gc          ] GC(81) Concurrent cleanup 1781M->445M(8192M) 0.064ms
[179.031s][info][gc,ergo     ] GC(81) Free: 7334M, Max: 4096K regular, 5984M humongous, Frag: 19% external, 0% internal; Reserve: 410M, Max: 4096K
[179.031s][info][gc,start    ] GC(81) Concurrent class unloading
[179.031s][info][gc,task     ] GC(81) Using 1 of 3 workers for concurrent class unloading
[179.046s][info][gc          ] GC(81) Concurrent class unloading 15.812ms
[179.047s][info][gc,start    ] GC(81) Concurrent strong roots
[179.047s][info][gc,task     ] GC(81) Using 1 of 3 workers for concurrent strong root
[179.047s][info][gc          ] GC(81) Concurrent strong roots 0.099ms
[179.047s][info][gc,start    ] GC(81) Concurrent evacuation
[179.047s][info][gc,task     ] GC(81) Using 1 of 3 workers for concurrent evacuation
[179.048s][info][gc          ] GC(81) Concurrent evacuation 1.172ms
[179.048s][info][gc,start    ] GC(81) Pause Init Update Refs
[179.048s][info][gc,ergo     ] GC(81) Pacer for Update Refs. Used: 509M, Free: 7270M, Non-Taxable: 727M, Alloc Tax Rate: 1.1x
[179.048s][info][gc          ] GC(81) Pause Init Update Refs 0.038ms
[179.094s][info][gc,start    ] GC(81) Concurrent update references
[179.094s][info][gc,task     ] GC(81) Using 1 of 3 workers for concurrent reference update
[179.166s][info][gc          ] GC(81) Concurrent update references 72.351ms
[179.166s][info][gc,start    ] GC(81) Concurrent update thread roots
[179.166s][info][gc          ] GC(81) Concurrent update thread roots 0.315ms
[179.166s][info][gc,start    ] GC(81) Pause Final Update Refs
[179.166s][info][gc,task     ] GC(81) Using 3 of 3 workers for final reference update
[179.167s][info][gc          ] GC(81) Pause Final Update Refs 0.106ms
[179.167s][info][gc,start    ] GC(81) Concurrent cleanup
[179.167s][info][gc          ] GC(81) Concurrent cleanup 745M->579M(8192M) 0.029ms
[179.167s][info][gc,ergo     ] Free: 7200M, Max: 4096K regular, 5984M humongous, Frag: 17% external, 0% internal; Reserve: 412M, Max: 4096K
[179.167s][info][gc,stats    ] 
[179.167s][info][gc,stats    ] All times are wall-clock times, except per-root-class counters, that are sum over
[179.167s][info][gc,stats    ] all workers. Dividing the <total> over the root stage time estimates parallelism.
[179.167s][info][gc,stats    ] 
[179.167s][info][gc,stats    ] Concurrent Reset                   1337 us
[179.167s][info][gc,stats    ] Pause Init Mark (G)               14857 us
[179.167s][info][gc,stats    ] Pause Init Mark (N)                 258 us
[179.167s][info][gc,stats    ]   Update Region States               75 us
[179.167s][info][gc,stats    ] Concurrent Mark Roots               802 us, parallelism: 0.78x
[179.167s][info][gc,stats    ]   CMR: <total>                      622 us
[179.167s][info][gc,stats    ]   CMR: Thread Roots                 564 us, workers (us): 564, ---, ---, 
[179.167s][info][gc,stats    ]   CMR: VM Strong Roots                8 us, workers (us):   8, ---, ---, 
[179.167s][info][gc,stats    ]   CMR: CLDG Roots                    50 us, workers (us):  50, ---, ---, 
[179.167s][info][gc,stats    ] Concurrent Marking                20425 us
[179.167s][info][gc,stats    ] Pause Final Mark (G)               9924 us
[179.167s][info][gc,stats    ] Pause Final Mark (N)                247 us
[179.167s][info][gc,stats    ]   Finish Mark                        58 us
[179.167s][info][gc,stats    ]   Update Region States               52 us
[179.167s][info][gc,stats    ]   Choose Collection Set              83 us
[179.167s][info][gc,stats    ]   Rebuild Free Set                    8 us
[179.167s][info][gc,stats    ] Concurrent Thread Roots             710 us, parallelism: 0.80x
[179.167s][info][gc,stats    ]   CTR: <total>                      566 us
[179.167s][info][gc,stats    ]   CTR: Thread Roots                 566 us, workers (us): 566, ---, ---, 
[179.167s][info][gc,stats    ] Concurrent Weak References           86 us, parallelism: 0.23x
[179.167s][info][gc,stats    ]   CWRF: <total>                      20 us
[179.167s][info][gc,stats    ]   CWRF: Weak References              20 us, workers (us):  20, ---, ---, 
[179.167s][info][gc,stats    ] Concurrent Weak Roots             14755 us
[179.167s][info][gc,stats    ]   Roots                            1256 us, parallelism: 0.97x
[179.167s][info][gc,stats    ]     CWR: <total>                   1216 us
[179.167s][info][gc,stats    ]     CWR: Code Cache Roots           985 us, workers (us): 985, ---, ---, 
[179.167s][info][gc,stats    ]     CWR: VM Weak Roots              218 us, workers (us): 218, ---, ---, 
[179.167s][info][gc,stats    ]     CWR: CLDG Roots                  12 us, workers (us):  12, ---, ---, 
[179.167s][info][gc,stats    ]   Rendezvous                      13375 us
[179.167s][info][gc,stats    ] Concurrent Cleanup                   73 us
[179.167s][info][gc,stats    ] Concurrent Class Unloading        15878 us
[179.167s][info][gc,stats    ]   Unlink Stale                     3679 us
[179.167s][info][gc,stats    ]     System Dictionary                21 us
[179.167s][info][gc,stats    ]     Weak Class Links                  1 us
[179.167s][info][gc,stats    ]     Code Roots                     3655 us
[179.167s][info][gc,stats    ]   Rendezvous                      11715 us
[179.167s][info][gc,stats    ]   Purge Unlinked                    394 us
[179.167s][info][gc,stats    ]     Code Roots                      380 us
[179.167s][info][gc,stats    ]     CLDG                             13 us
[179.167s][info][gc,stats    ]     Exception Caches                  0 us
[179.167s][info][gc,stats    ] Concurrent Strong Roots             110 us, parallelism: 0.45x
[179.167s][info][gc,stats    ]   CSR: <total>                       50 us
[179.167s][info][gc,stats    ]   CSR: VM Strong Roots                4 us, workers (us):   4, ---, ---, 
[179.167s][info][gc,stats    ]   CSR: CLDG Roots                    46 us, workers (us):  46, ---, ---, 
[179.167s][info][gc,stats    ] Concurrent Evacuation              1187 us
[179.167s][info][gc,stats    ] Pause Init Update Refs (G)        45820 us
[179.167s][info][gc,stats    ] Pause Init Update Refs (N)           46 us
[179.167s][info][gc,stats    ]   Manage GCLABs                       9 us
[179.167s][info][gc,stats    ] Concurrent Update Refs            72405 us
[179.167s][info][gc,stats    ] Concurrent Update Thread Roots      325 us
[179.167s][info][gc,stats    ] Pause Final Update Refs (G)         175 us
[179.167s][info][gc,stats    ] Pause Final Update Refs (N)         117 us
[179.167s][info][gc,stats    ]   Update Region States               36 us
[179.167s][info][gc,stats    ]   Trash Collection Set                3 us
[179.167s][info][gc,stats    ]   Rebuild Free Set                   14 us
[179.167s][info][gc,stats    ] Concurrent Cleanup                   37 us
[179.167s][info][gc,stats    ] 
[179.167s][info][gc,stats    ] Allocation pacing accrued:
[179.167s][info][gc,stats    ]       0 of   324 ms (  0.0%): <total>
[179.167s][info][gc,stats    ]       0 of   324 ms (  0.0%): <average total>
[179.167s][info][gc,stats    ] 
[179.167s][info][gc,metaspace] Metaspace: 16523K(16768K)->16526K(16768K) NonClass: 14175K(14272K)->14178K(14272K) Class: 2348K(2496K)->2348K(2496K)
[179.167s][info][gc,ergo     ] Pacer for Idle. Initial: 163M, Alloc Tax Rate: 1.0x
[182.961s][info][gc          ] Trigger: Learning 4 of 5. Free (5712M) is below initial threshold (5734M)
[182.962s][info][gc,ergo     ] Free: 5712M, Max: 4096K regular, 5696M humongous, Frag: 0% external, 0% internal; Reserve: 412M, Max: 4096K
[182.962s][info][gc,start    ] GC(82) Concurrent reset
[182.962s][info][gc,task     ] GC(82) Using 1 of 3 workers for concurrent reset
[182.962s][info][gc,ergo     ] GC(82) Pacer for Reset. Non-Taxable: 8192M
[182.963s][info][gc          ] GC(82) Concurrent reset 1.106ms
[182.963s][info][gc,start    ] GC(82) Pause Init Mark (unload classes)
[182.963s][info][gc,task     ] GC(82) Using 3 of 3 workers for init marking
[182.963s][info][gc,ergo     ] GC(82) Pacer for Mark. Expected Live: 78474K, Free: 5712M, Non-Taxable: 571M, Alloc Tax Rate: 0.0x
[182.963s][info][gc          ] GC(82) Pause Init Mark (unload classes) 0.124ms
[182.963s][info][gc,start    ] GC(82) Concurrent marking roots
[182.963s][info][gc,task     ] GC(82) Using 1 of 3 workers for concurrent marking roots
[182.964s][info][gc          ] GC(82) Concurrent marking roots 0.700ms
[182.964s][info][gc,start    ] GC(82) Concurrent marking (unload classes)
[182.964s][info][gc,task     ] GC(82) Using 1 of 3 workers for concurrent marking
[183.645s][info][gc          ] GC(82) Concurrent marking (unload classes) 681.303ms
[183.645s][info][gc,start    ] GC(82) Pause Final Mark (unload classes)
[183.645s][info][gc,task     ] GC(82) Using 3 of 3 workers for final marking
[183.646s][info][gc,ergo     ] GC(82) Adaptive CSet Selection. Target Free: 1160M, Actual Free: 6891M, Max CSet: 341M, Min Garbage: 0B
[183.646s][info][gc,ergo     ] GC(82) Collectable Garbage: 1724M (99%), Immediate: 1219M (70%), CSet: 504M (29%)
[183.646s][info][gc,ergo     ] GC(82) Pacer for Evacuation. Used CSet: 841M, Free: 6494M, Non-Taxable: 649M, Alloc Tax Rate: 1.1x
[183.646s][info][gc          ] GC(82) Pause Final Mark (unload classes) 0.466ms
[183.646s][info][gc,start    ] GC(82) Concurrent thread roots
[183.646s][info][gc,task     ] GC(82) Using 1 of 3 workers for Concurrent thread roots
[183.647s][info][gc          ] GC(82) Concurrent thread roots 1.283ms
[183.647s][info][gc,start    ] GC(82) Concurrent weak references
[183.647s][info][gc,task     ] GC(82) Using 1 of 3 workers for concurrent weak references
[183.647s][info][gc,ref      ] GC(82) Encountered references: Soft: 173, Weak: 991, Final: 0, Phantom: 41
[183.647s][info][gc,ref      ] GC(82) Discovered  references: Soft: 0, Weak: 200, Final: 0, Phantom: 24
[183.647s][info][gc,ref      ] GC(82) Enqueued    references: Soft: 0, Weak: 3, Final: 0, Phantom: 0
[183.647s][info][gc          ] GC(82) Concurrent weak references 0.151ms
[183.647s][info][gc,start    ] GC(82) Concurrent weak roots
[183.647s][info][gc,task     ] GC(82) Using 1 of 3 workers for concurrent weak root
[183.648s][info][gc          ] GC(82) Concurrent weak roots 0.950ms
[183.648s][info][gc,start    ] GC(82) Concurrent cleanup
[183.648s][info][gc          ] GC(82) Concurrent cleanup 2504M->1284M(8192M) 0.041ms
[183.648s][info][gc,ergo     ] GC(82) Free: 6493M, Max: 4096K regular, 5260M humongous, Frag: 19% external, 0% internal; Reserve: 410M, Max: 4096K
[183.648s][info][gc,start    ] GC(82) Concurrent class unloading
[183.648s][info][gc,task     ] GC(82) Using 1 of 3 workers for concurrent class unloading
[183.652s][info][gc          ] GC(82) Concurrent class unloading 3.451ms
[183.652s][info][gc,start    ] GC(82) Concurrent strong roots
[183.652s][info][gc,task     ] GC(82) Using 1 of 3 workers for concurrent strong root
[183.652s][info][gc          ] GC(82) Concurrent strong roots 0.147ms
[183.652s][info][gc,start    ] GC(82) Concurrent evacuation
[183.652s][info][gc,task     ] GC(82) Using 1 of 3 workers for concurrent evacuation
[183.957s][info][gc          ] GC(82) Concurrent evacuation 304.570ms
[183.957s][info][gc,start    ] GC(82) Pause Init Update Refs
[183.957s][info][gc,ergo     ] GC(82) Pacer for Update Refs. Used: 1763M, Free: 6354M, Non-Taxable: 635M, Alloc Tax Rate: 1.1x
[183.957s][info][gc          ] GC(82) Pause Init Update Refs 0.057ms
[183.957s][info][gc,start    ] GC(82) Concurrent update references
[183.957s][info][gc,task     ] GC(82) Using 1 of 3 workers for concurrent reference update
[184.801s][info][gc          ] GC(82) Concurrent update references 844.054ms
[184.801s][info][gc,start    ] GC(82) Concurrent update thread roots
[184.802s][info][gc          ] GC(82) Concurrent update thread roots 1.061ms
[184.802s][info][gc,start    ] GC(82) Pause Final Update Refs
[184.802s][info][gc,task     ] GC(82) Using 3 of 3 workers for final reference update
[184.802s][info][gc          ] GC(82) Pause Final Update Refs 0.206ms
[184.802s][info][gc,start    ] GC(82) Concurrent cleanup
[184.803s][info][gc          ] GC(82) Concurrent cleanup 2003M->1162M(8192M) 0.043ms
[184.803s][info][gc,ergo     ] Free: 6617M, Max: 4096K regular, 4924M humongous, Frag: 26% external, 0% internal; Reserve: 412M, Max: 4096K
[184.803s][info][gc,stats    ] 
[184.803s][info][gc,stats    ] All times are wall-clock times, except per-root-class counters, that are sum over
[184.803s][info][gc,stats    ] all workers. Dividing the <total> over the root stage time estimates parallelism.
[184.803s][info][gc,stats    ] 
[184.803s][info][gc,stats    ] Concurrent Reset                   1180 us
[184.803s][info][gc,stats    ] Pause Init Mark (G)                 281 us
[184.803s][info][gc,stats    ] Pause Init Mark (N)                 132 us
[184.803s][info][gc,stats    ]   Update Region States               70 us
[184.803s][info][gc,stats    ] Concurrent Mark Roots               718 us, parallelism: 0.81x
[184.803s][info][gc,stats    ]   CMR: <total>                      579 us
[184.803s][info][gc,stats    ]   CMR: Thread Roots                 530 us, workers (us): 530, ---, ---, 
[184.803s][info][gc,stats    ]   CMR: VM Strong Roots                4 us, workers (us):   4, ---, ---, 
[184.803s][info][gc,stats    ]   CMR: CLDG Roots                    45 us, workers (us):  45, ---, ---, 
[184.803s][info][gc,stats    ] Concurrent Marking               681374 us
[184.803s][info][gc,stats    ] Pause Final Mark (G)                676 us
[184.803s][info][gc,stats    ] Pause Final Mark (N)                484 us
[184.803s][info][gc,stats    ]   Finish Mark                       124 us
[184.803s][info][gc,stats    ]   Update Region States              106 us
[184.803s][info][gc,stats    ]   Choose Collection Set             115 us
[184.803s][info][gc,stats    ]   Rebuild Free Set                   16 us
[184.803s][info][gc,stats    ] Concurrent Thread Roots            1320 us, parallelism: 0.84x
[184.803s][info][gc,stats    ]   CTR: <total>                     1103 us
[184.803s][info][gc,stats    ]   CTR: Thread Roots                1103 us, workers (us): 1103, ---, ---, 
[184.803s][info][gc,stats    ] Concurrent Weak References          173 us, parallelism: 0.08x
[184.803s][info][gc,stats    ]   CWRF: <total>                      14 us
[184.803s][info][gc,stats    ]   CWRF: Weak References              14 us, workers (us):  14, ---, ---, 
[184.803s][info][gc,stats    ] Concurrent Weak Roots               985 us
[184.803s][info][gc,stats    ]   Roots                             812 us, parallelism: 0.92x
[184.803s][info][gc,stats    ]     CWR: <total>                    746 us
[184.803s][info][gc,stats    ]     CWR: Code Cache Roots           660 us, workers (us): 660, ---, ---, 
[184.803s][info][gc,stats    ]     CWR: VM Weak Roots               77 us, workers (us):  77, ---, ---, 
[184.803s][info][gc,stats    ]     CWR: CLDG Roots                   9 us, workers (us):   9, ---, ---, 
[184.803s][info][gc,stats    ]   Rendezvous                        101 us
[184.803s][info][gc,stats    ] Concurrent Cleanup                   50 us
[184.803s][info][gc,stats    ] Concurrent Class Unloading         3514 us
[184.803s][info][gc,stats    ]   Unlink Stale                     3035 us
[184.803s][info][gc,stats    ]     System Dictionary                 9 us
[184.803s][info][gc,stats    ]     Weak Class Links                  0 us
[184.803s][info][gc,stats    ]     Code Roots                     3024 us
[184.803s][info][gc,stats    ]   Rendezvous                        141 us
[184.803s][info][gc,stats    ]   Purge Unlinked                    255 us
[184.803s][info][gc,stats    ]     Code Roots                      244 us
[184.803s][info][gc,stats    ]     CLDG                              9 us
[184.803s][info][gc,stats    ]     Exception Caches                  0 us
[184.803s][info][gc,stats    ] Concurrent Strong Roots             206 us, parallelism: 0.18x
[184.803s][info][gc,stats    ]   CSR: <total>                       38 us
[184.803s][info][gc,stats    ]   CSR: VM Strong Roots                3 us, workers (us):   3, ---, ---, 
[184.803s][info][gc,stats    ]   CSR: CLDG Roots                    35 us, workers (us):  35, ---, ---, 
[184.803s][info][gc,stats    ] Concurrent Evacuation            304646 us
[184.803s][info][gc,stats    ] Pause Init Update Refs (G)          198 us
[184.803s][info][gc,stats    ] Pause Init Update Refs (N)           66 us
[184.803s][info][gc,stats    ]   Manage GCLABs                       3 us
[184.803s][info][gc,stats    ] Concurrent Update Refs           844104 us
[184.803s][info][gc,stats    ] Concurrent Update Thread Roots     1081 us
[184.803s][info][gc,stats    ] Pause Final Update Refs (G)         357 us
[184.803s][info][gc,stats    ] Pause Final Update Refs (N)         234 us
[184.803s][info][gc,stats    ]   Update Region States               69 us
[184.803s][info][gc,stats    ]   Trash Collection Set               11 us
[184.803s][info][gc,stats    ]   Rebuild Free Set                   27 us
[184.803s][info][gc,stats    ] Concurrent Cleanup                   51 us
[184.803s][info][gc,stats    ] 
[184.803s][info][gc,stats    ] Allocation pacing accrued:
[184.803s][info][gc,stats    ]       0 of  5636 ms (  0.0%): <total>
[184.803s][info][gc,stats    ]       0 of  5636 ms (  0.0%): <average total>
[184.803s][info][gc,stats    ] 
[184.803s][info][gc,metaspace] Metaspace: 16526K(16768K)->16526K(16768K) NonClass: 14178K(14272K)->14178K(14272K) Class: 2348K(2496K)->2348K(2496K)
[184.803s][info][gc,ergo     ] Pacer for Idle. Initial: 163M, Alloc Tax Rate: 1.0x
[185.144s][info][gc          ] Trigger: Explicit GC request (System.gc())
[185.144s][info][gc,ergo     ] Free: 6574M, Max: 4096K regular, 4924M humongous, Frag: 25% external, 0% internal; Reserve: 412M, Max: 4096K
[185.144s][info][gc,start    ] GC(83) Concurrent reset
[185.144s][info][gc,task     ] GC(83) Using 1 of 3 workers for concurrent reset
[185.144s][info][gc,ergo     ] GC(83) Pacer for Reset. Non-Taxable: 8192M
[185.147s][info][gc          ] GC(83) Concurrent reset 3.420ms
[185.148s][info][gc,start    ] GC(83) Pause Init Mark (unload classes)
[185.148s][info][gc,task     ] GC(83) Using 3 of 3 workers for init marking
[185.148s][info][gc,ref      ] GC(83) Clearing All SoftReferences
[185.148s][info][gc,ergo     ] GC(83) Pacer for Mark. Expected Live: 143M, Free: 6574M, Non-Taxable: 657M, Alloc Tax Rate: 0.0x
[185.148s][info][gc          ] GC(83) Pause Init Mark (unload classes) 0.218ms
[185.148s][info][gc,start    ] GC(83) Concurrent marking roots
[185.148s][info][gc,task     ] GC(83) Using 1 of 3 workers for concurrent marking roots
[185.149s][info][gc          ] GC(83) Concurrent marking roots 1.095ms
[185.149s][info][gc,start    ] GC(83) Concurrent marking (unload classes)
[185.149s][info][gc,task     ] GC(83) Using 1 of 3 workers for concurrent marking
[185.154s][info][gc          ] GC(83) Concurrent marking (unload classes) 4.569ms
[185.154s][info][gc,start    ] GC(83) Pause Final Mark (unload classes)
[185.154s][info][gc,task     ] GC(83) Using 3 of 3 workers for final marking
[185.154s][info][gc,ergo     ] GC(83) Collectable Garbage: 1180M (98%), Immediate: 1180M (98%), CSet: 0B (0%)
[185.154s][info][gc          ] GC(83) Pause Final Mark (unload classes) 0.281ms
[185.154s][info][gc,start    ] GC(83) Concurrent weak references
[185.154s][info][gc,task     ] GC(83) Using 1 of 3 workers for concurrent weak references
[185.154s][info][gc,ref      ] GC(83) Encountered references: Soft: 172, Weak: 989, Final: 0, Phantom: 41
[185.154s][info][gc,ref      ] GC(83) Discovered  references: Soft: 108, Weak: 219, Final: 0, Phantom: 24
[185.154s][info][gc,ref      ] GC(83) Enqueued    references: Soft: 4, Weak: 6, Final: 0, Phantom: 0
[185.154s][info][gc          ] GC(83) Concurrent weak references 0.221ms
[185.154s][info][gc,start    ] GC(83) Concurrent weak roots
[185.154s][info][gc,task     ] GC(83) Using 1 of 3 workers for concurrent weak root
[185.155s][info][gc          ] GC(83) Concurrent weak roots 0.916ms
[185.155s][info][gc,start    ] GC(83) Concurrent cleanup
[185.155s][info][gc          ] GC(83) Concurrent cleanup 1205M->25M(8192M) 0.040ms
[185.155s][info][gc,ergo     ] GC(83) Free: 7754M, Max: 4096K regular, 7328M humongous, Frag: 6% external, 0% internal; Reserve: 412M, Max: 4096K
[185.155s][info][gc,start    ] GC(83) Concurrent class unloading
[185.155s][info][gc,task     ] GC(83) Using 1 of 3 workers for concurrent class unloading
[185.161s][info][gc          ] GC(83) Concurrent class unloading 5.524ms
[185.161s][info][gc,start    ] GC(83) Pause Final Roots
[185.161s][info][gc          ] GC(83) Pause Final Roots 0.034ms
[185.161s][info][gc,ergo     ] Free: 7754M, Max: 4096K regular, 7328M humongous, Frag: 6% external, 0% internal; Reserve: 412M, Max: 4096K
[185.161s][info][gc,stats    ] 
[185.161s][info][gc,stats    ] All times are wall-clock times, except per-root-class counters, that are sum over
[185.161s][info][gc,stats    ] all workers. Dividing the <total> over the root stage time estimates parallelism.
[185.161s][info][gc,stats    ] 
[185.161s][info][gc,stats    ] Concurrent Reset                   3478 us
[185.161s][info][gc,stats    ] Pause Init Mark (G)                 420 us
[185.161s][info][gc,stats    ] Pause Init Mark (N)                 239 us
[185.161s][info][gc,stats    ]   Update Region States               84 us
[185.161s][info][gc,stats    ] Concurrent Mark Roots              1116 us, parallelism: 0.88x
[185.161s][info][gc,stats    ]   CMR: <total>                      980 us
[185.161s][info][gc,stats    ]   CMR: Thread Roots                 911 us, workers (us): 911, ---, ---, 
[185.161s][info][gc,stats    ]   CMR: VM Strong Roots                6 us, workers (us):   6, ---, ---, 
[185.161s][info][gc,stats    ]   CMR: CLDG Roots                    64 us, workers (us):  64, ---, ---, 
[185.161s][info][gc,stats    ] Concurrent Marking                 4629 us
[185.161s][info][gc,stats    ] Pause Final Mark (G)                394 us
[185.161s][info][gc,stats    ] Pause Final Mark (N)                291 us
[185.161s][info][gc,stats    ]   Finish Mark                        99 us
[185.161s][info][gc,stats    ]   Update Region States               70 us
[185.161s][info][gc,stats    ]   Choose Collection Set              40 us
[185.161s][info][gc,stats    ]   Rebuild Free Set                    8 us
[185.161s][info][gc,stats    ] Concurrent Weak References          229 us, parallelism: 0.10x
[185.161s][info][gc,stats    ]   CWRF: <total>                      22 us
[185.161s][info][gc,stats    ]   CWRF: Weak References              22 us, workers (us):  22, ---, ---, 
[185.161s][info][gc,stats    ] Concurrent Weak Roots               949 us
[185.161s][info][gc,stats    ]   Roots                             822 us, parallelism: 0.93x
[185.161s][info][gc,stats    ]     CWR: <total>                    762 us
[185.161s][info][gc,stats    ]     CWR: Code Cache Roots           680 us, workers (us): 680, ---, ---, 
[185.161s][info][gc,stats    ]     CWR: VM Weak Roots               73 us, workers (us):  73, ---, ---, 
[185.161s][info][gc,stats    ]     CWR: CLDG Roots                   9 us, workers (us):   9, ---, ---, 
[185.161s][info][gc,stats    ]   Rendezvous                         77 us
[185.161s][info][gc,stats    ] Concurrent Cleanup                   48 us
[185.161s][info][gc,stats    ] Concurrent Class Unloading         5570 us
[185.161s][info][gc,stats    ]   Unlink Stale                     5262 us
[185.161s][info][gc,stats    ]     System Dictionary                71 us
[185.161s][info][gc,stats    ]     Weak Class Links               2109 us
[185.161s][info][gc,stats    ]     Code Roots                     3080 us
[185.161s][info][gc,stats    ]   Rendezvous                         56 us
[185.161s][info][gc,stats    ]   Purge Unlinked                    187 us
[185.161s][info][gc,stats    ]     Code Roots                      168 us
[185.161s][info][gc,stats    ]     CLDG                             19 us
[185.161s][info][gc,stats    ]     Exception Caches                  0 us
[185.161s][info][gc,stats    ] Pause Final Roots (G)               106 us
[185.161s][info][gc,stats    ] Pause Final Roots (N)                43 us
[185.161s][info][gc,stats    ] 
[185.161s][info][gc,stats    ] Allocation pacing accrued:
[185.161s][info][gc,stats    ]       0 of   358 ms (  0.0%): <total>
[185.161s][info][gc,stats    ]       0 of   358 ms (  0.0%): <average total>
[185.162s][info][gc,stats    ] 
[185.162s][info][gc,metaspace] Metaspace: 16526K(16768K)->16522K(16768K) NonClass: 14178K(14272K)->14174K(14272K) Class: 2348K(2496K)->2347K(2496K)
[185.162s][info][gc,ergo     ] Pacer for Idle. Initial: 163M, Alloc Tax Rate: 1.0x
[186.659s][info][gc          ] Trigger: Average GC time (1954.71 ms) is above the time for average allocation rate (3369 MB/s) to deplete free headroom (6456M) (margin of error = 1.79)
[186.659s][info][gc,ergo     ] Free headroom: 6866M (free) - 409M (spike) - 0B (penalties) = 6456M
[186.659s][info][gc,ergo     ] Free: 6866M, Max: 4096K regular, 6852M humongous, Frag: 0% external, 0% internal; Reserve: 412M, Max: 4096K
[186.659s][info][gc,start    ] GC(84) Concurrent reset
[186.659s][info][gc,task     ] GC(84) Using 1 of 3 workers for concurrent reset
[186.659s][info][gc,ergo     ] GC(84) Pacer for Reset. Non-Taxable: 8192M
[186.660s][info][gc          ] GC(84) Concurrent reset 0.325ms
[186.660s][info][gc,start    ] GC(84) Pause Init Mark (unload classes)
[186.660s][info][gc,task     ] GC(84) Using 3 of 3 workers for init marking
[186.660s][info][gc,ergo     ] GC(84) Pacer for Mark. Expected Live: 73386K, Free: 6865M, Non-Taxable: 686M, Alloc Tax Rate: 0.0x
[186.660s][info][gc          ] GC(84) Pause Init Mark (unload classes) 0.115ms
[186.662s][info][gc,start    ] GC(84) Concurrent marking roots
[186.662s][info][gc,task     ] GC(84) Using 1 of 3 workers for concurrent marking roots
[186.663s][info][gc          ] GC(84) Concurrent marking roots 0.705ms
[186.663s][info][gc,start    ] GC(84) Concurrent marking (unload classes)
[186.663s][info][gc,task     ] GC(84) Using 1 of 3 workers for concurrent marking
[186.685s][info][gc          ] GC(84) Concurrent marking (unload classes) 21.889ms
[186.685s][info][gc,start    ] GC(84) Pause Final Mark (unload classes)
[186.685s][info][gc,task     ] GC(84) Using 3 of 3 workers for final marking
[186.685s][info][gc,ergo     ] GC(84) Adaptive CSet Selection. Target Free: 1160M, Actual Free: 7868M, Max CSet: 341M, Min Garbage: 0B
[186.685s][info][gc,ergo     ] GC(84) Collectable Garbage: 907M (99%), Immediate: 744M (81%), CSet: 163M (17%)
[186.685s][info][gc,ergo     ] GC(84) Pacer for Evacuation. Used CSet: 164M, Free: 7469M, Non-Taxable: 746M, Alloc Tax Rate: 1.1x
[186.685s][info][gc          ] GC(84) Pause Final Mark (unload classes) 0.258ms
[186.691s][info][gc,start    ] GC(84) Concurrent thread roots
[186.691s][info][gc,task     ] GC(84) Using 1 of 3 workers for Concurrent thread roots
[186.692s][info][gc          ] GC(84) Concurrent thread roots 0.686ms
[186.692s][info][gc,start    ] GC(84) Concurrent weak references
[186.692s][info][gc,task     ] GC(84) Using 1 of 3 workers for concurrent weak references
[186.692s][info][gc,ref      ] GC(84) Encountered references: Soft: 173, Weak: 995, Final: 0, Phantom: 41
[186.692s][info][gc,ref      ] GC(84) Discovered  references: Soft: 0, Weak: 205, Final: 0, Phantom: 24
[186.692s][info][gc,ref      ] GC(84) Enqueued    references: Soft: 0, Weak: 4, Final: 0, Phantom: 0
[186.692s][info][gc          ] GC(84) Concurrent weak references 0.080ms
[186.692s][info][gc,start    ] GC(84) Concurrent weak roots
[186.692s][info][gc,task     ] GC(84) Using 1 of 3 workers for concurrent weak root
[186.701s][info][gc          ] GC(84) Concurrent weak roots 9.390ms
[186.701s][info][gc,start    ] GC(84) Concurrent cleanup
[186.701s][info][gc          ] GC(84) Concurrent cleanup 1127M->383M(8192M) 0.074ms
[186.701s][info][gc,ergo     ] GC(84) Free: 7398M, Max: 4096K regular, 6640M humongous, Frag: 11% external, 0% internal; Reserve: 410M, Max: 4096K
[186.701s][info][gc,start    ] GC(84) Concurrent class unloading
[186.701s][info][gc,task     ] GC(84) Using 1 of 3 workers for concurrent class unloading
[186.707s][info][gc          ] GC(84) Concurrent class unloading 5.393ms
[186.707s][info][gc,start    ] GC(84) Concurrent strong roots
[186.707s][info][gc,task     ] GC(84) Using 1 of 3 workers for concurrent strong root
[186.707s][info][gc          ] GC(84) Concurrent strong roots 0.100ms
[186.707s][info][gc,start    ] GC(84) Concurrent evacuation
[186.707s][info][gc,task     ] GC(84) Using 1 of 3 workers for concurrent evacuation
[186.708s][info][gc          ] GC(84) Concurrent evacuation 0.975ms
[186.708s][info][gc,start    ] GC(84) Pause Init Update Refs
[186.708s][info][gc,ergo     ] GC(84) Pacer for Update Refs. Used: 403M, Free: 7378M, Non-Taxable: 737M, Alloc Tax Rate: 1.1x
[186.708s][info][gc          ] GC(84) Pause Init Update Refs 0.088ms
[186.708s][info][gc,start    ] GC(84) Concurrent update references
[186.708s][info][gc,task     ] GC(84) Using 1 of 3 workers for concurrent reference update
[186.766s][info][gc          ] GC(84) Concurrent update references 57.545ms
[186.766s][info][gc,start    ] GC(84) Concurrent update thread roots
[186.767s][info][gc          ] GC(84) Concurrent update thread roots 0.697ms
[186.767s][info][gc,start    ] GC(84) Pause Final Update Refs
[186.767s][info][gc,task     ] GC(84) Using 3 of 3 workers for final reference update
[186.767s][info][gc          ] GC(84) Pause Final Update Refs 0.123ms
[186.785s][info][gc,start    ] GC(84) Concurrent cleanup
[186.785s][info][gc          ] GC(84) Concurrent cleanup 655M->515M(8192M) 0.169ms
[186.785s][info][gc,ergo     ] Free: 7264M, Max: 4096K regular, 6644M humongous, Frag: 9% external, 0% internal; Reserve: 412M, Max: 4096K
[186.785s][info][gc,stats    ] 
[186.785s][info][gc,stats    ] All times are wall-clock times, except per-root-class counters, that are sum over
[186.785s][info][gc,stats    ] all workers. Dividing the <total> over the root stage time estimates parallelism.
[186.785s][info][gc,stats    ] 
[186.785s][info][gc,stats    ] Concurrent Reset                    349 us
[186.785s][info][gc,stats    ] Pause Init Mark (G)                2349 us
[186.785s][info][gc,stats    ] Pause Init Mark (N)                 125 us
[186.785s][info][gc,stats    ]   Update Region States               28 us
[186.785s][info][gc,stats    ] Concurrent Mark Roots               720 us, parallelism: 0.83x
[186.785s][info][gc,stats    ]   CMR: <total>                      601 us
[186.785s][info][gc,stats    ]   CMR: Thread Roots                 546 us, workers (us): 546, ---, ---, 
[186.785s][info][gc,stats    ]   CMR: VM Strong Roots                6 us, workers (us):   6, ---, ---, 
[186.785s][info][gc,stats    ]   CMR: CLDG Roots                    49 us, workers (us):  49, ---, ---, 
[186.785s][info][gc,stats    ] Concurrent Marking                22008 us
[186.785s][info][gc,stats    ] Pause Final Mark (G)               6291 us
[186.785s][info][gc,stats    ] Pause Final Mark (N)                267 us
[186.785s][info][gc,stats    ]   Finish Mark                        67 us
[186.785s][info][gc,stats    ]   Update Region States               58 us
[186.785s][info][gc,stats    ]   Choose Collection Set              83 us
[186.785s][info][gc,stats    ]   Rebuild Free Set                    8 us
[186.785s][info][gc,stats    ] Concurrent Thread Roots             704 us, parallelism: 0.80x
[186.785s][info][gc,stats    ]   CTR: <total>                      561 us
[186.785s][info][gc,stats    ]   CTR: Thread Roots                 561 us, workers (us): 561, ---, ---, 
[186.785s][info][gc,stats    ] Concurrent Weak References           88 us, parallelism: 0.24x
[186.785s][info][gc,stats    ]   CWRF: <total>                      21 us
[186.785s][info][gc,stats    ]   CWRF: Weak References              21 us, workers (us):  21, ---, ---, 
[186.785s][info][gc,stats    ] Concurrent Weak Roots              9510 us
[186.785s][info][gc,stats    ]   Roots                            1173 us, parallelism: 0.96x
[186.785s][info][gc,stats    ]     CWR: <total>                   1128 us
[186.785s][info][gc,stats    ]     CWR: Code Cache Roots           965 us, workers (us): 965, ---, ---, 
[186.785s][info][gc,stats    ]     CWR: VM Weak Roots              153 us, workers (us): 153, ---, ---, 
[186.785s][info][gc,stats    ]     CWR: CLDG Roots                  11 us, workers (us):  11, ---, ---, 
[186.785s][info][gc,stats    ]   Rendezvous                       8187 us
[186.785s][info][gc,stats    ] Concurrent Cleanup                   84 us
[186.785s][info][gc,stats    ] Concurrent Class Unloading         5456 us
[186.785s][info][gc,stats    ]   Unlink Stale                     3702 us
[186.785s][info][gc,stats    ]     System Dictionary                34 us
[186.785s][info][gc,stats    ]     Weak Class Links                  0 us
[186.785s][info][gc,stats    ]     Code Roots                     3664 us
[186.785s][info][gc,stats    ]   Rendezvous                       1383 us
[186.785s][info][gc,stats    ]   Purge Unlinked                    279 us
[186.785s][info][gc,stats    ]     Code Roots                      272 us
[186.785s][info][gc,stats    ]     CLDG                              7 us
[186.785s][info][gc,stats    ]     Exception Caches                  0 us
[186.785s][info][gc,stats    ] Concurrent Strong Roots             110 us, parallelism: 0.40x
[186.785s][info][gc,stats    ]   CSR: <total>                       44 us
[186.785s][info][gc,stats    ]   CSR: VM Strong Roots                4 us, workers (us):   4, ---, ---, 
[186.785s][info][gc,stats    ]   CSR: CLDG Roots                    40 us, workers (us):  40, ---, ---, 
[186.785s][info][gc,stats    ] Concurrent Evacuation              1039 us
[186.785s][info][gc,stats    ] Pause Init Update Refs (G)          193 us
[186.785s][info][gc,stats    ] Pause Init Update Refs (N)           97 us
[186.785s][info][gc,stats    ]   Manage GCLABs                       5 us
[186.785s][info][gc,stats    ] Concurrent Update Refs            57619 us
[186.785s][info][gc,stats    ] Concurrent Update Thread Roots      718 us
[186.785s][info][gc,stats    ] Pause Final Update Refs (G)       17945 us
[186.785s][info][gc,stats    ] Pause Final Update Refs (N)         142 us
[186.785s][info][gc,stats    ]   Update Region States               37 us
[186.785s][info][gc,stats    ]   Trash Collection Set                4 us
[186.785s][info][gc,stats    ]   Rebuild Free Set                   13 us
[186.785s][info][gc,stats    ] Concurrent Cleanup                  184 us
[186.785s][info][gc,stats    ] 
[186.785s][info][gc,stats    ] Allocation pacing accrued:
[186.785s][info][gc,stats    ]       0 of  1624 ms (  0.0%): <total>
[186.785s][info][gc,stats    ]       0 of  1624 ms (  0.0%): <average total>
[186.785s][info][gc,stats    ] 
[186.785s][info][gc,metaspace] Metaspace: 16528K(16768K)->16528K(16768K) NonClass: 14180K(14272K)->14180K(14272K) Class: 2348K(2496K)->2348K(2496K)
[186.785s][info][gc,ergo     ] Pacer for Idle. Initial: 163M, Alloc Tax Rate: 1.0x
[186.911s][info][gc          ] Trigger: Average GC time (1400.02 ms) is above the time for average allocation rate (4651 MB/s) to deplete free headroom (6178M) (margin of error = 1.79)
[186.911s][info][gc,ergo     ] Free headroom: 6588M (free) - 409M (spike) - 0B (penalties) = 6178M
[186.911s][info][gc,ergo     ] Free: 6588M, Max: 4096K regular, 6572M humongous, Frag: 0% external, 0% internal; Reserve: 412M, Max: 4096K
[186.911s][info][gc,start    ] GC(85) Concurrent reset
[186.911s][info][gc,task     ] GC(85) Using 1 of 3 workers for concurrent reset
[186.911s][info][gc,ergo     ] GC(85) Pacer for Reset. Non-Taxable: 8192M
[186.912s][info][gc          ] GC(85) Concurrent reset 1.139ms
[186.912s][info][gc,start    ] GC(85) Pause Init Mark (unload classes)
[186.912s][info][gc,task     ] GC(85) Using 3 of 3 workers for init marking
[186.912s][info][gc,ergo     ] GC(85) Pacer for Mark. Expected Live: 73439K, Free: 6584M, Non-Taxable: 658M, Alloc Tax Rate: 0.0x
[186.912s][info][gc          ] GC(85) Pause Init Mark (unload classes) 0.119ms
[186.918s][info][gc,start    ] GC(85) Concurrent marking roots
[186.918s][info][gc,task     ] GC(85) Using 1 of 3 workers for concurrent marking roots
[186.918s][info][gc          ] GC(85) Concurrent marking roots 0.781ms
[186.918s][info][gc,start    ] GC(85) Concurrent marking (unload classes)
[186.918s][info][gc,task     ] GC(85) Using 1 of 3 workers for concurrent marking
[186.934s][info][gc          ] GC(85) Concurrent marking (unload classes) 15.922ms
[186.935s][info][gc,start    ] GC(85) Pause Final Mark (unload classes)
[186.935s][info][gc,task     ] GC(85) Using 3 of 3 workers for final marking
[186.935s][info][gc,ergo     ] GC(85) Adaptive CSet Selection. Target Free: 1160M, Actual Free: 7900M, Max CSet: 341M, Min Garbage: 0B
[186.935s][info][gc,ergo     ] GC(85) Collectable Garbage: 1189M (99%), Immediate: 1028M (86%), CSet: 161M (13%)
[186.935s][info][gc,ergo     ] GC(85) Pacer for Evacuation. Used CSet: 161M, Free: 7501M, Non-Taxable: 750M, Alloc Tax Rate: 1.1x
[186.935s][info][gc          ] GC(85) Pause Final Mark (unload classes) 0.300ms
[186.945s][info][gc,start    ] GC(85) Concurrent thread roots
[186.945s][info][gc,task     ] GC(85) Using 1 of 3 workers for Concurrent thread roots
[186.945s][info][gc          ] GC(85) Concurrent thread roots 0.686ms
[186.945s][info][gc,start    ] GC(85) Concurrent weak references
[186.945s][info][gc,task     ] GC(85) Using 1 of 3 workers for concurrent weak references
[186.945s][info][gc,ref      ] GC(85) Encountered references: Soft: 173, Weak: 991, Final: 0, Phantom: 41
[186.945s][info][gc,ref      ] GC(85) Discovered  references: Soft: 0, Weak: 202, Final: 0, Phantom: 24
[186.945s][info][gc,ref      ] GC(85) Enqueued    references: Soft: 0, Weak: 0, Final: 0, Phantom: 0
[186.945s][info][gc          ] GC(85) Concurrent weak references 0.083ms
[186.945s][info][gc,start    ] GC(85) Concurrent weak roots
[186.945s][info][gc,task     ] GC(85) Using 1 of 3 workers for concurrent weak root
[186.951s][info][gc          ] GC(85) Concurrent weak roots 5.583ms
[186.951s][info][gc,start    ] GC(85) Concurrent cleanup
[186.951s][info][gc          ] GC(85) Concurrent cleanup 1368M->340M(8192M) 0.052ms
[186.951s][info][gc,ergo     ] GC(85) Free: 7438M, Max: 4096K regular, 6396M humongous, Frag: 14% external, 0% internal; Reserve: 411M, Max: 4096K
[186.951s][info][gc,start    ] GC(85) Concurrent class unloading
[186.951s][info][gc,task     ] GC(85) Using 1 of 3 workers for concurrent class unloading
[186.958s][info][gc          ] GC(85) Concurrent class unloading 6.575ms
[186.958s][info][gc,start    ] GC(85) Concurrent strong roots
[186.958s][info][gc,task     ] GC(85) Using 1 of 3 workers for concurrent strong root
[186.958s][info][gc          ] GC(85) Concurrent strong roots 0.087ms
[186.958s][info][gc,start    ] GC(85) Concurrent evacuation
[186.958s][info][gc,task     ] GC(85) Using 1 of 3 workers for concurrent evacuation
[186.959s][info][gc          ] GC(85) Concurrent evacuation 1.115ms
[186.959s][info][gc,start    ] GC(85) Pause Init Update Refs
[186.959s][info][gc,ergo     ] GC(85) Pacer for Update Refs. Used: 364M, Free: 7414M, Non-Taxable: 741M, Alloc Tax Rate: 1.1x
[186.959s][info][gc          ] GC(85) Pause Init Update Refs 0.044ms
[186.968s][info][gc,start    ] GC(85) Concurrent update references
[186.968s][info][gc,task     ] GC(85) Using 1 of 3 workers for concurrent reference update
[187.017s][info][gc          ] GC(85) Concurrent update references 49.227ms
[187.017s][info][gc,start    ] GC(85) Concurrent update thread roots
[187.020s][info][gc          ] GC(85) Concurrent update thread roots 3.465ms
[187.021s][info][gc,start    ] GC(85) Pause Final Update Refs
[187.021s][info][gc,task     ] GC(85) Using 3 of 3 workers for final reference update
[187.021s][info][gc          ] GC(85) Pause Final Update Refs 0.126ms
[187.034s][info][gc,start    ] GC(85) Concurrent cleanup
[187.034s][info][gc          ] GC(85) Concurrent cleanup 600M->462M(8192M) 0.193ms
[187.034s][info][gc,ergo     ] Free: 7313M, Max: 4096K regular, 6396M humongous, Frag: 13% external, 0% internal; Reserve: 412M, Max: 4096K
[187.035s][info][gc,stats    ] 
[187.035s][info][gc,stats    ] All times are wall-clock times, except per-root-class counters, that are sum over
[187.035s][info][gc,stats    ] all workers. Dividing the <total> over the root stage time estimates parallelism.
[187.035s][info][gc,stats    ] 
[187.035s][info][gc,stats    ] Concurrent Reset                   1231 us
[187.035s][info][gc,stats    ] Pause Init Mark (G)                5707 us
[187.035s][info][gc,stats    ] Pause Init Mark (N)                 129 us
[187.035s][info][gc,stats    ]   Update Region States               24 us
[187.035s][info][gc,stats    ] Concurrent Mark Roots               801 us, parallelism: 0.76x
[187.035s][info][gc,stats    ]   CMR: <total>                      607 us
[187.035s][info][gc,stats    ]   CMR: Thread Roots                 557 us, workers (us): 557, ---, ---, 
[187.035s][info][gc,stats    ]   CMR: VM Strong Roots                6 us, workers (us):   6, ---, ---, 
[187.035s][info][gc,stats    ]   CMR: CLDG Roots                    44 us, workers (us):  44, ---, ---, 
[187.035s][info][gc,stats    ] Concurrent Marking                16035 us
[187.035s][info][gc,stats    ] Pause Final Mark (G)              10108 us
[187.035s][info][gc,stats    ] Pause Final Mark (N)                310 us
[187.035s][info][gc,stats    ]   Finish Mark                        56 us
[187.035s][info][gc,stats    ]   Update Region States               56 us
[187.035s][info][gc,stats    ]   Choose Collection Set              88 us
[187.035s][info][gc,stats    ]   Rebuild Free Set                    8 us
[187.035s][info][gc,stats    ] Concurrent Thread Roots             707 us, parallelism: 0.81x
[187.035s][info][gc,stats    ]   CTR: <total>                      571 us
[187.035s][info][gc,stats    ]   CTR: Thread Roots                 571 us, workers (us): 571, ---, ---, 
[187.035s][info][gc,stats    ] Concurrent Weak References           91 us, parallelism: 0.20x
[187.035s][info][gc,stats    ]   CWRF: <total>                      18 us
[187.035s][info][gc,stats    ]   CWRF: Weak References              18 us, workers (us):  18, ---, ---, 
[187.035s][info][gc,stats    ] Concurrent Weak Roots              5696 us
[187.035s][info][gc,stats    ]   Roots                            1019 us, parallelism: 0.96x
[187.035s][info][gc,stats    ]     CWR: <total>                    977 us
[187.035s][info][gc,stats    ]     CWR: Code Cache Roots           866 us, workers (us): 866, ---, ---, 
[187.035s][info][gc,stats    ]     CWR: VM Weak Roots              100 us, workers (us): 100, ---, ---, 
[187.035s][info][gc,stats    ]     CWR: CLDG Roots                  11 us, workers (us):  11, ---, ---, 
[187.035s][info][gc,stats    ]   Rendezvous                       4441 us
[187.035s][info][gc,stats    ] Concurrent Cleanup                   61 us
[187.035s][info][gc,stats    ] Concurrent Class Unloading         6632 us
[187.035s][info][gc,stats    ]   Unlink Stale                     3940 us
[187.035s][info][gc,stats    ]     System Dictionary                17 us
[187.035s][info][gc,stats    ]     Weak Class Links                  0 us
[187.035s][info][gc,stats    ]     Code Roots                     3922 us
[187.035s][info][gc,stats    ]   Rendezvous                       2362 us
[187.035s][info][gc,stats    ]   Purge Unlinked                    252 us
[187.035s][info][gc,stats    ]     Code Roots                      244 us
[187.035s][info][gc,stats    ]     CLDG                              8 us
[187.035s][info][gc,stats    ]     Exception Caches                  0 us
[187.035s][info][gc,stats    ] Concurrent Strong Roots              98 us, parallelism: 0.42x
[187.035s][info][gc,stats    ]   CSR: <total>                       41 us
[187.035s][info][gc,stats    ]   CSR: VM Strong Roots                3 us, workers (us):   3, ---, ---, 
[187.035s][info][gc,stats    ]   CSR: CLDG Roots                    38 us, workers (us):  38, ---, ---, 
[187.035s][info][gc,stats    ] Concurrent Evacuation              1129 us
[187.035s][info][gc,stats    ] Pause Init Update Refs (G)         8588 us
[187.035s][info][gc,stats    ] Pause Init Update Refs (N)           54 us
[187.035s][info][gc,stats    ]   Manage GCLABs                       5 us
[187.035s][info][gc,stats    ] Concurrent Update Refs            49306 us
[187.035s][info][gc,stats    ] Concurrent Update Thread Roots     3530 us
[187.035s][info][gc,stats    ] Pause Final Update Refs (G)       13758 us
[187.035s][info][gc,stats    ] Pause Final Update Refs (N)         146 us
[187.035s][info][gc,stats    ]   Update Region States               51 us
[187.035s][info][gc,stats    ]   Trash Collection Set                4 us
[187.035s][info][gc,stats    ]   Rebuild Free Set                   16 us
[187.035s][info][gc,stats    ] Concurrent Cleanup                  206 us
[187.035s][info][gc,stats    ] 
[187.035s][info][gc,stats    ] Allocation pacing accrued:
[187.035s][info][gc,stats    ]       0 of   250 ms (  0.0%): <total>
[187.035s][info][gc,stats    ]       0 of   250 ms (  0.0%): <average total>
[187.035s][info][gc,stats    ] 
[187.035s][info][gc,metaspace] Metaspace: 16528K(16768K)->16528K(16768K) NonClass: 14180K(14272K)->14180K(14272K) Class: 2348K(2496K)->2348K(2496K)
[187.035s][info][gc,ergo     ] Pacer for Idle. Initial: 163M, Alloc Tax Rate: 1.0x
[190.399s][info][gc          ] Trigger: Learning 4 of 5. Free (5713M) is below initial threshold (5734M)
[190.399s][info][gc,ergo     ] Free: 5713M, Max: 4096K regular, 5696M humongous, Frag: 0% external, 0% internal; Reserve: 412M, Max: 4096K
[190.399s][info][gc,start    ] GC(86) Concurrent reset
[190.399s][info][gc,task     ] GC(86) Using 1 of 3 workers for concurrent reset
[190.399s][info][gc,ergo     ] GC(86) Pacer for Reset. Non-Taxable: 8192M
[190.400s][info][gc          ] GC(86) Concurrent reset 0.816ms
[190.400s][info][gc,start    ] GC(86) Pause Init Mark (unload classes)
[190.400s][info][gc,task     ] GC(86) Using 3 of 3 workers for init marking
[190.400s][info][gc,ergo     ] GC(86) Pacer for Mark. Expected Live: 73439K, Free: 5709M, Non-Taxable: 570M, Alloc Tax Rate: 0.0x
[190.400s][info][gc          ] GC(86) Pause Init Mark (unload classes) 0.186ms
[190.400s][info][gc,start    ] GC(86) Concurrent marking roots
[190.400s][info][gc,task     ] GC(86) Using 1 of 3 workers for concurrent marking roots
[190.401s][info][gc          ] GC(86) Concurrent marking roots 0.769ms
[190.401s][info][gc,start    ] GC(86) Concurrent marking (unload classes)
[190.401s][info][gc,task     ] GC(86) Using 1 of 3 workers for concurrent marking
[190.803s][info][gc          ] GC(86) Concurrent marking (unload classes) 402.133ms
[190.803s][info][gc,start    ] GC(86) Pause Final Mark (unload classes)
[190.803s][info][gc,task     ] GC(86) Using 3 of 3 workers for final marking
[190.803s][info][gc,ergo     ] GC(86) Adaptive CSet Selection. Target Free: 1160M, Actual Free: 7144M, Max CSet: 341M, Min Garbage: 0B
[190.803s][info][gc,ergo     ] GC(86) Collectable Garbage: 1873M (99%), Immediate: 1584M (84%), CSet: 289M (15%)
[190.803s][info][gc,ergo     ] GC(86) Pacer for Evacuation. Used CSet: 480M, Free: 6750M, Non-Taxable: 675M, Alloc Tax Rate: 1.1x
[190.803s][info][gc          ] GC(86) Pause Final Mark (unload classes) 0.238ms
[190.803s][info][gc,start    ] GC(86) Concurrent thread roots
[190.803s][info][gc,task     ] GC(86) Using 1 of 3 workers for Concurrent thread roots
[190.804s][info][gc          ] GC(86) Concurrent thread roots 0.646ms
[190.804s][info][gc,start    ] GC(86) Concurrent weak references
[190.804s][info][gc,task     ] GC(86) Using 1 of 3 workers for concurrent weak references
[190.804s][info][gc,ref      ] GC(86) Encountered references: Soft: 173, Weak: 997, Final: 0, Phantom: 41
[190.804s][info][gc,ref      ] GC(86) Discovered  references: Soft: 0, Weak: 213, Final: 0, Phantom: 24
[190.804s][info][gc,ref      ] GC(86) Enqueued    references: Soft: 0, Weak: 5, Final: 0, Phantom: 0
[190.804s][info][gc          ] GC(86) Concurrent weak references 0.163ms
[190.804s][info][gc,start    ] GC(86) Concurrent weak roots
[190.804s][info][gc,task     ] GC(86) Using 1 of 3 workers for concurrent weak root
[190.805s][info][gc          ] GC(86) Concurrent weak roots 0.914ms
[190.805s][info][gc,start    ] GC(86) Concurrent cleanup
[190.805s][info][gc          ] GC(86) Concurrent cleanup 2614M->1030M(8192M) 0.034ms
[190.805s][info][gc,ergo     ] GC(86) Free: 6750M, Max: 4096K regular, 5148M humongous, Frag: 24% external, 0% internal; Reserve: 410M, Max: 4096K
[190.805s][info][gc,start    ] GC(86) Concurrent class unloading
[190.805s][info][gc,task     ] GC(86) Using 1 of 3 workers for concurrent class unloading
[190.809s][info][gc          ] GC(86) Concurrent class unloading 3.637ms
[190.809s][info][gc,start    ] GC(86) Concurrent strong roots
[190.809s][info][gc,task     ] GC(86) Using 1 of 3 workers for concurrent strong root
[190.809s][info][gc          ] GC(86) Concurrent strong roots 0.168ms
[190.809s][info][gc,start    ] GC(86) Concurrent evacuation
[190.809s][info][gc,task     ] GC(86) Using 1 of 3 workers for concurrent evacuation
[190.979s][info][gc          ] GC(86) Concurrent evacuation 169.949ms
[190.979s][info][gc,start    ] GC(86) Pause Init Update Refs
[190.979s][info][gc,ergo     ] GC(86) Pacer for Update Refs. Used: 1287M, Free: 6687M, Non-Taxable: 668M, Alloc Tax Rate: 1.1x
[190.979s][info][gc          ] GC(86) Pause Init Update Refs 0.062ms
[190.979s][info][gc,start    ] GC(86) Concurrent update references
[190.979s][info][gc,task     ] GC(86) Using 1 of 3 workers for concurrent reference update
[191.596s][info][gc          ] GC(86) Concurrent update references 617.188ms
[191.597s][info][gc,start    ] GC(86) Concurrent update thread roots
[191.598s][info][gc          ] GC(86) Concurrent update thread roots 1.039ms
[191.598s][info][gc,start    ] GC(86) Pause Final Update Refs
[191.598s][info][gc,task     ] GC(86) Using 3 of 3 workers for final reference update
[191.598s][info][gc          ] GC(86) Pause Final Update Refs 0.139ms
[191.598s][info][gc,start    ] GC(86) Concurrent cleanup
[191.598s][info][gc          ] GC(86) Concurrent cleanup 1544M->1064M(8192M) 0.035ms
[191.598s][info][gc,ergo     ] Free: 6715M, Max: 4096K regular, 4952M humongous, Frag: 27% external, 0% internal; Reserve: 412M, Max: 4096K
[191.598s][info][gc,stats    ] 
[191.598s][info][gc,stats    ] All times are wall-clock times, except per-root-class counters, that are sum over
[191.598s][info][gc,stats    ] all workers. Dividing the <total> over the root stage time estimates parallelism.
[191.598s][info][gc,stats    ] 
[191.598s][info][gc,stats    ] Concurrent Reset                    840 us
[191.598s][info][gc,stats    ] Pause Init Mark (G)                 327 us
[191.598s][info][gc,stats    ] Pause Init Mark (N)                 203 us
[191.598s][info][gc,stats    ]   Update Region States               67 us
[191.598s][info][gc,stats    ] Concurrent Mark Roots               805 us, parallelism: 0.80x
[191.598s][info][gc,stats    ]   CMR: <total>                      645 us
[191.598s][info][gc,stats    ]   CMR: Thread Roots                 574 us, workers (us): 574, ---, ---, 
[191.598s][info][gc,stats    ]   CMR: VM Strong Roots                7 us, workers (us):   7, ---, ---, 
[191.598s][info][gc,stats    ]   CMR: CLDG Roots                    64 us, workers (us):  64, ---, ---, 
[191.598s][info][gc,stats    ] Concurrent Marking               402201 us
[191.598s][info][gc,stats    ] Pause Final Mark (G)                333 us
[191.598s][info][gc,stats    ] Pause Final Mark (N)                246 us
[191.598s][info][gc,stats    ]   Finish Mark                        63 us
[191.598s][info][gc,stats    ]   Update Region States               50 us
[191.598s][info][gc,stats    ]   Choose Collection Set              54 us
[191.598s][info][gc,stats    ]   Rebuild Free Set                    7 us
[191.598s][info][gc,stats    ] Concurrent Thread Roots             666 us, parallelism: 0.85x
[191.598s][info][gc,stats    ]   CTR: <total>                      568 us
[191.598s][info][gc,stats    ]   CTR: Thread Roots                 568 us, workers (us): 568, ---, ---, 
[191.598s][info][gc,stats    ] Concurrent Weak References          170 us, parallelism: 0.11x
[191.598s][info][gc,stats    ]   CWRF: <total>                      19 us
[191.598s][info][gc,stats    ]   CWRF: Weak References              19 us, workers (us):  19, ---, ---, 
[191.598s][info][gc,stats    ] Concurrent Weak Roots               932 us
[191.598s][info][gc,stats    ]   Roots                             833 us, parallelism: 0.93x
[191.598s][info][gc,stats    ]     CWR: <total>                    777 us
[191.598s][info][gc,stats    ]     CWR: Code Cache Roots           672 us, workers (us): 672, ---, ---, 
[191.598s][info][gc,stats    ]     CWR: VM Weak Roots               96 us, workers (us):  96, ---, ---, 
[191.598s][info][gc,stats    ]     CWR: CLDG Roots                   9 us, workers (us):   9, ---, ---, 
[191.598s][info][gc,stats    ]   Rendezvous                         66 us
[191.598s][info][gc,stats    ] Concurrent Cleanup                   42 us
[191.598s][info][gc,stats    ] Concurrent Class Unloading         3698 us
[191.598s][info][gc,stats    ]   Unlink Stale                     3307 us
[191.598s][info][gc,stats    ]     System Dictionary                10 us
[191.598s][info][gc,stats    ]     Weak Class Links                  0 us
[191.598s][info][gc,stats    ]     Code Roots                     3295 us
[191.598s][info][gc,stats    ]   Rendezvous                        151 us
[191.598s][info][gc,stats    ]   Purge Unlinked                    161 us
[191.598s][info][gc,stats    ]     Code Roots                      151 us
[191.598s][info][gc,stats    ]     CLDG                              9 us
[191.598s][info][gc,stats    ]     Exception Caches                  0 us
[191.598s][info][gc,stats    ] Concurrent Strong Roots             186 us, parallelism: 0.31x
[191.598s][info][gc,stats    ]   CSR: <total>                       58 us
[191.598s][info][gc,stats    ]   CSR: VM Strong Roots                6 us, workers (us):   6, ---, ---, 
[191.598s][info][gc,stats    ]   CSR: CLDG Roots                    52 us, workers (us):  52, ---, ---, 
[191.598s][info][gc,stats    ] Concurrent Evacuation            170046 us
[191.598s][info][gc,stats    ] Pause Init Update Refs (G)          201 us
[191.598s][info][gc,stats    ] Pause Init Update Refs (N)           71 us
[191.598s][info][gc,stats    ]   Manage GCLABs                       4 us
[191.598s][info][gc,stats    ] Concurrent Update Refs           617239 us
[191.598s][info][gc,stats    ] Concurrent Update Thread Roots     1057 us
[191.598s][info][gc,stats    ] Pause Final Update Refs (G)         241 us
[191.598s][info][gc,stats    ] Pause Final Update Refs (N)         157 us
[191.598s][info][gc,stats    ]   Update Region States               58 us
[191.598s][info][gc,stats    ]   Trash Collection Set                4 us
[191.598s][info][gc,stats    ]   Rebuild Free Set                   18 us
[191.598s][info][gc,stats    ] Concurrent Cleanup                   44 us
[191.598s][info][gc,stats    ] 
[191.598s][info][gc,stats    ] Allocation pacing accrued:
[191.598s][info][gc,stats    ]       0 of  4563 ms (  0.0%): <total>
[191.598s][info][gc,stats    ]       0 of  4563 ms (  0.0%): <average total>
[191.598s][info][gc,stats    ] 
[191.598s][info][gc,metaspace] Metaspace: 16529K(16768K)->16529K(16768K) NonClass: 14181K(14272K)->14181K(14272K) Class: 2348K(2496K)->2348K(2496K)
[191.598s][info][gc,ergo     ] Pacer for Idle. Initial: 163M, Alloc Tax Rate: 1.0x
[192.707s][info][gc          ] Trigger: Explicit GC request (System.gc())
[192.708s][info][gc,ergo     ] Free: 6362M, Max: 4096K regular, 4952M humongous, Frag: 22% external, 0% internal; Reserve: 412M, Max: 4096K
[192.708s][info][gc,start    ] GC(87) Concurrent reset
[192.708s][info][gc,task     ] GC(87) Using 1 of 3 workers for concurrent reset
[192.708s][info][gc,ergo     ] GC(87) Pacer for Reset. Non-Taxable: 8192M
[192.710s][info][gc          ] GC(87) Concurrent reset 1.967ms
[192.710s][info][gc,start    ] GC(87) Pause Init Mark (unload classes)
[192.710s][info][gc,task     ] GC(87) Using 3 of 3 workers for init marking
[192.710s][info][gc,ref      ] GC(87) Clearing All SoftReferences
[192.710s][info][gc,ergo     ] GC(87) Pacer for Mark. Expected Live: 109M, Free: 6362M, Non-Taxable: 636M, Alloc Tax Rate: 0.0x
[192.710s][info][gc          ] GC(87) Pause Init Mark (unload classes) 0.179ms
[192.710s][info][gc,start    ] GC(87) Concurrent marking roots
[192.710s][info][gc,task     ] GC(87) Using 1 of 3 workers for concurrent marking roots
[192.711s][info][gc          ] GC(87) Concurrent marking roots 1.160ms
[192.711s][info][gc,start    ] GC(87) Concurrent marking (unload classes)
[192.711s][info][gc,task     ] GC(87) Using 1 of 3 workers for concurrent marking
[192.716s][info][gc          ] GC(87) Concurrent marking (unload classes) 4.959ms
[192.716s][info][gc,start    ] GC(87) Pause Final Mark (unload classes)
[192.716s][info][gc,task     ] GC(87) Using 3 of 3 workers for final marking
[192.716s][info][gc,ergo     ] GC(87) Collectable Garbage: 1394M (98%), Immediate: 1394M (98%), CSet: 0B (0%)
[192.716s][info][gc          ] GC(87) Pause Final Mark (unload classes) 0.197ms
[192.716s][info][gc,start    ] GC(87) Concurrent weak references
[192.716s][info][gc,task     ] GC(87) Using 1 of 3 workers for concurrent weak references
[192.716s][info][gc,ref      ] GC(87) Encountered references: Soft: 172, Weak: 993, Final: 0, Phantom: 41
[192.717s][info][gc,ref      ] GC(87) Discovered  references: Soft: 108, Weak: 221, Final: 0, Phantom: 24
[192.717s][info][gc,ref      ] GC(87) Enqueued    references: Soft: 4, Weak: 8, Final: 0, Phantom: 0
[192.717s][info][gc          ] GC(87) Concurrent weak references 0.182ms
[192.717s][info][gc,start    ] GC(87) Concurrent weak roots
[192.717s][info][gc,task     ] GC(87) Using 1 of 3 workers for concurrent weak root
[192.718s][info][gc          ] GC(87) Concurrent weak roots 1.028ms
[192.718s][info][gc,start    ] GC(87) Concurrent cleanup
[192.718s][info][gc          ] GC(87) Concurrent cleanup 1417M->22M(8192M) 0.047ms
[192.718s][info][gc,ergo     ] GC(87) Free: 7757M, Max: 4096K regular, 7080M humongous, Frag: 9% external, 0% internal; Reserve: 412M, Max: 4096K
[192.718s][info][gc,start    ] GC(87) Concurrent class unloading
[192.718s][info][gc,task     ] GC(87) Using 1 of 3 workers for concurrent class unloading
[192.723s][info][gc          ] GC(87) Concurrent class unloading 5.568ms
[192.723s][info][gc,start    ] GC(87) Pause Final Roots
[192.723s][info][gc          ] GC(87) Pause Final Roots 0.059ms
[192.724s][info][gc,ergo     ] Free: 7757M, Max: 4096K regular, 7080M humongous, Frag: 9% external, 0% internal; Reserve: 412M, Max: 4096K
[192.724s][info][gc,stats    ] 
[192.724s][info][gc,stats    ] All times are wall-clock times, except per-root-class counters, that are sum over
[192.724s][info][gc,stats    ] all workers. Dividing the <total> over the root stage time estimates parallelism.
[192.724s][info][gc,stats    ] 
[192.724s][info][gc,stats    ] Concurrent Reset                   2016 us
[192.724s][info][gc,stats    ] Pause Init Mark (G)                 274 us
[192.724s][info][gc,stats    ] Pause Init Mark (N)                 197 us
[192.724s][info][gc,stats    ]   Update Region States               63 us
[192.724s][info][gc,stats    ] Concurrent Mark Roots              1177 us, parallelism: 0.89x
[192.724s][info][gc,stats    ]   CMR: <total>                     1047 us
[192.724s][info][gc,stats    ]   CMR: Thread Roots                 973 us, workers (us): 973, ---, ---, 
[192.724s][info][gc,stats    ]   CMR: VM Strong Roots                7 us, workers (us):   7, ---, ---, 
[192.724s][info][gc,stats    ]   CMR: CLDG Roots                    68 us, workers (us):  68, ---, ---, 
[192.724s][info][gc,stats    ] Concurrent Marking                 5020 us
[192.724s][info][gc,stats    ] Pause Final Mark (G)                271 us
[192.724s][info][gc,stats    ] Pause Final Mark (N)                206 us
[192.724s][info][gc,stats    ]   Finish Mark                        77 us
[192.724s][info][gc,stats    ]   Update Region States               48 us
[192.724s][info][gc,stats    ]   Choose Collection Set              31 us
[192.724s][info][gc,stats    ]   Rebuild Free Set                    9 us
[192.724s][info][gc,stats    ] Concurrent Weak References          199 us, parallelism: 0.12x
[192.724s][info][gc,stats    ]   CWRF: <total>                      25 us
[192.724s][info][gc,stats    ]   CWRF: Weak References              25 us, workers (us):  25, ---, ---, 
[192.724s][info][gc,stats    ] Concurrent Weak Roots              1060 us
[192.724s][info][gc,stats    ]   Roots                             885 us, parallelism: 0.92x
[192.724s][info][gc,stats    ]     CWR: <total>                    813 us
[192.724s][info][gc,stats    ]     CWR: Code Cache Roots           707 us, workers (us): 707, ---, ---, 
[192.724s][info][gc,stats    ]     CWR: VM Weak Roots               96 us, workers (us):  96, ---, ---, 
[192.724s][info][gc,stats    ]     CWR: CLDG Roots                  10 us, workers (us):  10, ---, ---, 
[192.724s][info][gc,stats    ]   Rendezvous                         94 us
[192.724s][info][gc,stats    ] Concurrent Cleanup                   55 us
[192.724s][info][gc,stats    ] Concurrent Class Unloading         5629 us
[192.724s][info][gc,stats    ]   Unlink Stale                     5091 us
[192.724s][info][gc,stats    ]     System Dictionary                60 us
[192.724s][info][gc,stats    ]     Weak Class Links               1777 us
[192.724s][info][gc,stats    ]     Code Roots                     3252 us
[192.724s][info][gc,stats    ]   Rendezvous                         76 us
[192.724s][info][gc,stats    ]   Purge Unlinked                    381 us
[192.724s][info][gc,stats    ]     Code Roots                      350 us
[192.724s][info][gc,stats    ]     CLDG                             30 us
[192.724s][info][gc,stats    ]     Exception Caches                  0 us
[192.724s][info][gc,stats    ] Pause Final Roots (G)               206 us
[192.724s][info][gc,stats    ] Pause Final Roots (N)                83 us
[192.724s][info][gc,stats    ] 
[192.724s][info][gc,stats    ] Allocation pacing accrued:
[192.724s][info][gc,stats    ]       0 of  1126 ms (  0.0%): <total>
[192.724s][info][gc,stats    ]       0 of  1126 ms (  0.0%): <average total>
[192.724s][info][gc,stats    ] 
[192.724s][info][gc,metaspace] Metaspace: 16531K(16768K)->16526K(16768K) NonClass: 14182K(14272K)->14179K(14272K) Class: 2348K(2496K)->2347K(2496K)
[192.724s][info][gc,ergo     ] Pacer for Idle. Initial: 163M, Alloc Tax Rate: 1.0x
[194.328s][info][gc          ] Trigger: Average GC time (1324.65 ms) is above the time for instantaneous allocation rate (5462 MB/s) to deplete free headroom (6588M) (spike threshold = 1.72)
[194.328s][info][gc,ergo     ] Free: 6997M, Max: 4096K regular, 6980M humongous, Frag: 0% external, 0% internal; Reserve: 412M, Max: 4096K
[194.328s][info][gc,start    ] GC(88) Concurrent reset
[194.328s][info][gc,task     ] GC(88) Using 1 of 3 workers for concurrent reset
[194.328s][info][gc,ergo     ] GC(88) Pacer for Reset. Non-Taxable: 8192M
[194.329s][info][gc          ] GC(88) Concurrent reset 0.308ms
[194.329s][info][gc,start    ] GC(88) Pause Init Mark (unload classes)
[194.329s][info][gc,task     ] GC(88) Using 3 of 3 workers for init marking
[194.329s][info][gc,ergo     ] GC(88) Pacer for Mark. Expected Live: 43417K, Free: 6997M, Non-Taxable: 699M, Alloc Tax Rate: 0.0x
[194.329s][info][gc          ] GC(88) Pause Init Mark (unload classes) 0.121ms
[194.359s][info][gc,start    ] GC(88) Concurrent marking roots
[194.359s][info][gc,task     ] GC(88) Using 1 of 3 workers for concurrent marking roots
[194.360s][info][gc          ] GC(88) Concurrent marking roots 0.791ms
[194.360s][info][gc,start    ] GC(88) Concurrent marking (unload classes)
[194.360s][info][gc,task     ] GC(88) Using 1 of 3 workers for concurrent marking
[194.375s][info][gc          ] GC(88) Concurrent marking (unload classes) 14.946ms
[194.375s][info][gc,start    ] GC(88) Pause Final Mark (unload classes)
[194.375s][info][gc,task     ] GC(88) Using 3 of 3 workers for final marking
[194.376s][info][gc,ergo     ] GC(88) Adaptive CSet Selection. Target Free: 1160M, Actual Free: 7744M, Max CSet: 341M, Min Garbage: 0B
[194.376s][info][gc,ergo     ] GC(88) Collectable Garbage: 775M (99%), Immediate: 584M (75%), CSet: 191M (24%)
[194.376s][info][gc,ergo     ] GC(88) Pacer for Evacuation. Used CSet: 192M, Free: 7349M, Non-Taxable: 734M, Alloc Tax Rate: 1.1x
[194.376s][info][gc          ] GC(88) Pause Final Mark (unload classes) 0.334ms
[194.391s][info][gc,start    ] GC(88) Concurrent thread roots
[194.391s][info][gc,task     ] GC(88) Using 1 of 3 workers for Concurrent thread roots
[194.392s][info][gc          ] GC(88) Concurrent thread roots 0.755ms
[194.392s][info][gc,start    ] GC(88) Concurrent weak references
[194.392s][info][gc,task     ] GC(88) Using 1 of 3 workers for concurrent weak references
[194.392s][info][gc,ref      ] GC(88) Encountered references: Soft: 173, Weak: 993, Final: 0, Phantom: 41
[194.392s][info][gc,ref      ] GC(88) Discovered  references: Soft: 0, Weak: 207, Final: 0, Phantom: 24
[194.392s][info][gc,ref      ] GC(88) Enqueued    references: Soft: 0, Weak: 5, Final: 0, Phantom: 0
[194.392s][info][gc          ] GC(88) Concurrent weak references 0.111ms
[194.392s][info][gc,start    ] GC(88) Concurrent weak roots
[194.392s][info][gc,task     ] GC(88) Using 1 of 3 workers for concurrent weak root
[194.407s][info][gc          ] GC(88) Concurrent weak roots 14.543ms
[194.407s][info][gc,start    ] GC(88) Concurrent cleanup
[194.407s][info][gc          ] GC(88) Concurrent cleanup 1138M->554M(8192M) 0.051ms
[194.407s][info][gc,ergo     ] GC(88) Free: 7225M, Max: 4096K regular, 6624M humongous, Frag: 9% external, 0% internal; Reserve: 411M, Max: 4096K
[194.407s][info][gc,start    ] GC(88) Concurrent class unloading
[194.407s][info][gc,task     ] GC(88) Using 1 of 3 workers for concurrent class unloading
[194.423s][info][gc          ] GC(88) Concurrent class unloading 16.029ms
[194.423s][info][gc,start    ] GC(88) Concurrent strong roots
[194.423s][info][gc,task     ] GC(88) Using 1 of 3 workers for concurrent strong root
[194.423s][info][gc          ] GC(88) Concurrent strong roots 0.103ms
[194.423s][info][gc,start    ] GC(88) Concurrent evacuation
[194.423s][info][gc,task     ] GC(88) Using 1 of 3 workers for concurrent evacuation
[194.425s][info][gc          ] GC(88) Concurrent evacuation 1.517ms
[194.425s][info][gc,start    ] GC(88) Pause Init Update Refs
[194.425s][info][gc,ergo     ] GC(88) Pacer for Update Refs. Used: 619M, Free: 7161M, Non-Taxable: 716M, Alloc Tax Rate: 1.1x
[194.425s][info][gc          ] GC(88) Pause Init Update Refs 0.075ms
[194.438s][info][gc,start    ] GC(88) Concurrent update references
[194.438s][info][gc,task     ] GC(88) Using 1 of 3 workers for concurrent reference update
[194.543s][info][gc          ] GC(88) Concurrent update references 104.833ms
[194.543s][info][gc,start    ] GC(88) Concurrent update thread roots
[194.544s][info][gc          ] GC(88) Concurrent update thread roots 0.667ms
[194.544s][info][gc,start    ] GC(88) Pause Final Update Refs
[194.544s][info][gc,task     ] GC(88) Using 3 of 3 workers for final reference update
[194.544s][info][gc          ] GC(88) Pause Final Update Refs 0.082ms
[194.548s][info][gc,start    ] GC(88) Concurrent cleanup
[194.548s][info][gc          ] GC(88) Concurrent cleanup 1011M->843M(8192M) 0.104ms
[194.548s][info][gc,ergo     ] Free: 6936M, Max: 4096K regular, 6624M humongous, Frag: 5% external, 0% internal; Reserve: 412M, Max: 4096K
[194.548s][info][gc,stats    ] 
[194.548s][info][gc,stats    ] All times are wall-clock times, except per-root-class counters, that are sum over
[194.548s][info][gc,stats    ] all workers. Dividing the <total> over the root stage time estimates parallelism.
[194.548s][info][gc,stats    ] 
[194.548s][info][gc,stats    ] Concurrent Reset                    325 us
[194.548s][info][gc,stats    ] Pause Init Mark (G)               30865 us
[194.548s][info][gc,stats    ] Pause Init Mark (N)                 130 us
[194.548s][info][gc,stats    ]   Update Region States               33 us
[194.548s][info][gc,stats    ] Concurrent Mark Roots               812 us, parallelism: 0.78x
[194.548s][info][gc,stats    ]   CMR: <total>                      629 us
[194.548s][info][gc,stats    ]   CMR: Thread Roots                 563 us, workers (us): 563, ---, ---, 
[194.548s][info][gc,stats    ]   CMR: VM Strong Roots               11 us, workers (us):  11, ---, ---, 
[194.548s][info][gc,stats    ]   CMR: CLDG Roots                    56 us, workers (us):  56, ---, ---, 
[194.548s][info][gc,stats    ] Concurrent Marking                15031 us
[194.548s][info][gc,stats    ] Pause Final Mark (G)              15953 us
[194.548s][info][gc,stats    ] Pause Final Mark (N)                343 us
[194.548s][info][gc,stats    ]   Finish Mark                        71 us
[194.548s][info][gc,stats    ]   Update Region States               64 us
[194.548s][info][gc,stats    ]   Choose Collection Set              90 us
[194.548s][info][gc,stats    ]   Rebuild Free Set                    8 us
[194.548s][info][gc,stats    ] Concurrent Thread Roots             773 us, parallelism: 0.79x
[194.548s][info][gc,stats    ]   CTR: <total>                      611 us
[194.548s][info][gc,stats    ]   CTR: Thread Roots                 611 us, workers (us): 611, ---, ---, 
[194.548s][info][gc,stats    ] Concurrent Weak References          118 us, parallelism: 0.22x
[194.548s][info][gc,stats    ]   CWRF: <total>                      26 us
[194.548s][info][gc,stats    ]   CWRF: Weak References              26 us, workers (us):  26, ---, ---, 
[194.548s][info][gc,stats    ] Concurrent Weak Roots             14645 us
[194.548s][info][gc,stats    ]   Roots                            1211 us, parallelism: 0.96x
[194.548s][info][gc,stats    ]     CWR: <total>                   1164 us
[194.548s][info][gc,stats    ]     CWR: Code Cache Roots           964 us, workers (us): 964, ---, ---, 
[194.548s][info][gc,stats    ]     CWR: VM Weak Roots              188 us, workers (us): 188, ---, ---, 
[194.548s][info][gc,stats    ]     CWR: CLDG Roots                  12 us, workers (us):  12, ---, ---, 
[194.548s][info][gc,stats    ]   Rendezvous                      13306 us
[194.548s][info][gc,stats    ] Concurrent Cleanup                   60 us
[194.548s][info][gc,stats    ] Concurrent Class Unloading        16098 us
[194.548s][info][gc,stats    ]   Unlink Stale                     3751 us
[194.548s][info][gc,stats    ]     System Dictionary                21 us
[194.548s][info][gc,stats    ]     Weak Class Links                  1 us
[194.548s][info][gc,stats    ]     Code Roots                     3728 us
[194.548s][info][gc,stats    ]   Rendezvous                      11898 us
[194.548s][info][gc,stats    ]   Purge Unlinked                    352 us
[194.548s][info][gc,stats    ]     Code Roots                      343 us
[194.548s][info][gc,stats    ]     CLDG                              8 us
[194.548s][info][gc,stats    ]     Exception Caches                  0 us
[194.548s][info][gc,stats    ] Concurrent Strong Roots             113 us, parallelism: 0.44x
[194.548s][info][gc,stats    ]   CSR: <total>                       50 us
[194.548s][info][gc,stats    ]   CSR: VM Strong Roots                3 us, workers (us):   3, ---, ---, 
[194.548s][info][gc,stats    ]   CSR: CLDG Roots                    47 us, workers (us):  47, ---, ---, 
[194.548s][info][gc,stats    ] Concurrent Evacuation              1537 us
[194.548s][info][gc,stats    ] Pause Init Update Refs (G)        13474 us
[194.548s][info][gc,stats    ] Pause Init Update Refs (N)           85 us
[194.548s][info][gc,stats    ]   Manage GCLABs                       7 us
[194.548s][info][gc,stats    ] Concurrent Update Refs           104914 us
[194.548s][info][gc,stats    ] Concurrent Update Thread Roots      687 us
[194.548s][info][gc,stats    ] Pause Final Update Refs (G)        4216 us
[194.548s][info][gc,stats    ] Pause Final Update Refs (N)         122 us
[194.548s][info][gc,stats    ]   Update Region States               36 us
[194.548s][info][gc,stats    ]   Trash Collection Set                3 us
[194.548s][info][gc,stats    ]   Rebuild Free Set                   19 us
[194.548s][info][gc,stats    ] Concurrent Cleanup                  117 us
[194.548s][info][gc,stats    ] 
[194.548s][info][gc,stats    ] Allocation pacing accrued:
[194.548s][info][gc,stats    ]       0 of  1825 ms (  0.0%): <total>
[194.548s][info][gc,stats    ]       0 of  1825 ms (  0.0%): <average total>
[194.548s][info][gc,stats    ] 
[194.549s][info][gc,metaspace] Metaspace: 16532K(16768K)->16532K(16768K) NonClass: 14183K(14272K)->14183K(14272K) Class: 2348K(2496K)->2348K(2496K)
[194.549s][info][gc,ergo     ] Pacer for Idle. Initial: 163M, Alloc Tax Rate: 1.0x
[194.783s][info][gc          ] Trigger: Learning 3 of 5. Free (5656M) is below initial threshold (5734M)
[194.784s][info][gc,ergo     ] Free: 5656M, Max: 4096K regular, 5636M humongous, Frag: 0% external, 0% internal; Reserve: 412M, Max: 4096K
[194.784s][info][gc,start    ] GC(89) Concurrent reset
[194.784s][info][gc,task     ] GC(89) Using 1 of 3 workers for concurrent reset
[194.784s][info][gc,ergo     ] GC(89) Pacer for Reset. Non-Taxable: 8192M
[194.785s][info][gc          ] GC(89) Concurrent reset 1.278ms
[194.785s][info][gc,start    ] GC(89) Pause Init Mark (unload classes)
[194.785s][info][gc,task     ] GC(89) Using 3 of 3 workers for init marking
[194.785s][info][gc,ergo     ] GC(89) Pacer for Mark. Expected Live: 43468K, Free: 5648M, Non-Taxable: 564M, Alloc Tax Rate: 0.0x
[194.785s][info][gc          ] GC(89) Pause Init Mark (unload classes) 0.121ms
[194.794s][info][gc,start    ] GC(89) Concurrent marking roots
[194.794s][info][gc,task     ] GC(89) Using 1 of 3 workers for concurrent marking roots
[194.795s][info][gc          ] GC(89) Concurrent marking roots 0.577ms
[194.795s][info][gc,start    ] GC(89) Concurrent marking (unload classes)
[194.795s][info][gc,task     ] GC(89) Using 1 of 3 workers for concurrent marking
[194.801s][info][gc          ] GC(89) Concurrent marking (unload classes) 5.950ms
[194.801s][info][gc,start    ] GC(89) Pause Final Mark (unload classes)
[194.801s][info][gc,task     ] GC(89) Using 3 of 3 workers for final marking
[194.801s][info][gc,ergo     ] GC(89) Collectable Garbage: 1996M (93%), Immediate: 1996M (93%), CSet: 0B (0%)
[194.801s][info][gc          ] GC(89) Pause Final Mark (unload classes) 0.151ms
[194.801s][info][gc,start    ] GC(89) Concurrent weak references
[194.801s][info][gc,task     ] GC(89) Using 1 of 3 workers for concurrent weak references
[194.801s][info][gc,ref      ] GC(89) Encountered references: Soft: 173, Weak: 987, Final: 0, Phantom: 41
[194.801s][info][gc,ref      ] GC(89) Discovered  references: Soft: 0, Weak: 201, Final: 0, Phantom: 24
[194.801s][info][gc,ref      ] GC(89) Enqueued    references: Soft: 0, Weak: 0, Final: 0, Phantom: 0
[194.801s][info][gc          ] GC(89) Concurrent weak references 0.081ms
[194.801s][info][gc,start    ] GC(89) Concurrent weak roots
[194.801s][info][gc,task     ] GC(89) Using 1 of 3 workers for concurrent weak root
[194.802s][info][gc          ] GC(89) Concurrent weak roots 1.015ms
[194.802s][info][gc,start    ] GC(89) Concurrent cleanup
[194.802s][info][gc          ] GC(89) Concurrent cleanup 2191M->195M(8192M) 0.051ms
[194.802s][info][gc,ergo     ] GC(89) Free: 7584M, Max: 4096K regular, 5568M humongous, Frag: 27% external, 0% internal; Reserve: 412M, Max: 4096K
[194.802s][info][gc,start    ] GC(89) Concurrent class unloading
[194.802s][info][gc,task     ] GC(89) Using 1 of 3 workers for concurrent class unloading
[194.806s][info][gc          ] GC(89) Concurrent class unloading 3.733ms
[194.806s][info][gc,start    ] GC(89) Pause Final Roots
[194.806s][info][gc          ] GC(89) Pause Final Roots 0.045ms
[194.806s][info][gc,ergo     ] Free: 7580M, Max: 4096K regular, 5568M humongous, Frag: 27% external, 0% internal; Reserve: 412M, Max: 4096K
[194.806s][info][gc,stats    ] 
[194.806s][info][gc,stats    ] All times are wall-clock times, except per-root-class counters, that are sum over
[194.806s][info][gc,stats    ] all workers. Dividing the <total> over the root stage time estimates parallelism.
[194.806s][info][gc,stats    ] 
[194.806s][info][gc,stats    ] Concurrent Reset                   1300 us
[194.806s][info][gc,stats    ] Pause Init Mark (G)                9332 us
[194.806s][info][gc,stats    ] Pause Init Mark (N)                 131 us
[194.806s][info][gc,stats    ]   Update Region States               42 us
[194.806s][info][gc,stats    ] Concurrent Mark Roots               589 us, parallelism: 0.74x
[194.806s][info][gc,stats    ]   CMR: <total>                      436 us
[194.806s][info][gc,stats    ]   CMR: Thread Roots                 390 us, workers (us): 390, ---, ---, 
[194.806s][info][gc,stats    ]   CMR: VM Strong Roots                6 us, workers (us):   6, ---, ---, 
[194.806s][info][gc,stats    ]   CMR: CLDG Roots                    41 us, workers (us):  41, ---, ---, 
[194.806s][info][gc,stats    ] Concurrent Marking                 6003 us
[194.806s][info][gc,stats    ] Pause Final Mark (G)                214 us
[194.806s][info][gc,stats    ] Pause Final Mark (N)                160 us
[194.806s][info][gc,stats    ]   Finish Mark                        27 us
[194.806s][info][gc,stats    ]   Update Region States               29 us
[194.806s][info][gc,stats    ]   Choose Collection Set              38 us
[194.806s][info][gc,stats    ]   Rebuild Free Set                    8 us
[194.806s][info][gc,stats    ] Concurrent Weak References           89 us, parallelism: 0.12x
[194.806s][info][gc,stats    ]   CWRF: <total>                      11 us
[194.806s][info][gc,stats    ]   CWRF: Weak References              11 us, workers (us):  11, ---, ---, 
[194.806s][info][gc,stats    ] Concurrent Weak Roots              1052 us
[194.806s][info][gc,stats    ]   Roots                             950 us, parallelism: 0.97x
[194.806s][info][gc,stats    ]     CWR: <total>                    922 us
[194.806s][info][gc,stats    ]     CWR: Code Cache Roots           807 us, workers (us): 807, ---, ---, 
[194.806s][info][gc,stats    ]     CWR: VM Weak Roots              106 us, workers (us): 106, ---, ---, 
[194.806s][info][gc,stats    ]     CWR: CLDG Roots                   9 us, workers (us):   9, ---, ---, 
[194.806s][info][gc,stats    ]   Rendezvous                         49 us
[194.806s][info][gc,stats    ] Concurrent Cleanup                   59 us
[194.806s][info][gc,stats    ] Concurrent Class Unloading         3788 us
[194.806s][info][gc,stats    ]   Unlink Stale                     3421 us
[194.806s][info][gc,stats    ]     System Dictionary                10 us
[194.806s][info][gc,stats    ]     Weak Class Links                  0 us
[194.806s][info][gc,stats    ]     Code Roots                     3408 us
[194.806s][info][gc,stats    ]   Rendezvous                         74 us
[194.806s][info][gc,stats    ]   Purge Unlinked                    219 us
[194.806s][info][gc,stats    ]     Code Roots                      214 us
[194.806s][info][gc,stats    ]     CLDG                              5 us
[194.806s][info][gc,stats    ]     Exception Caches                  0 us
[194.806s][info][gc,stats    ] Pause Final Roots (G)               108 us
[194.806s][info][gc,stats    ] Pause Final Roots (N)                54 us
[194.806s][info][gc,stats    ] 
[194.806s][info][gc,stats    ] Allocation pacing accrued:
[194.806s][info][gc,stats    ]       0 of   258 ms (  0.0%): <total>
[194.807s][info][gc,stats    ]       0 of   258 ms (  0.0%): <average total>
[194.807s][info][gc,stats    ] 
[194.807s][info][gc,metaspace] Metaspace: 16532K(16768K)->16532K(16768K) NonClass: 14183K(14272K)->14183K(14272K) Class: 2348K(2496K)->2348K(2496K)
[194.807s][info][gc,ergo     ] Pacer for Idle. Initial: 163M, Alloc Tax Rate: 1.0x
[198.932s][info][gc          ] Trigger: Learning 4 of 5. Free (5732M) is below initial threshold (5734M)
[198.932s][info][gc,ergo     ] Free: 5732M, Max: 4096K regular, 5568M humongous, Frag: 3% external, 0% internal; Reserve: 412M, Max: 4096K
[198.932s][info][gc,start    ] GC(90) Concurrent reset
[198.932s][info][gc,task     ] GC(90) Using 1 of 3 workers for concurrent reset
[198.932s][info][gc,ergo     ] GC(90) Pacer for Reset. Non-Taxable: 8192M
[198.933s][info][gc          ] GC(90) Concurrent reset 1.152ms
[198.933s][info][gc,start    ] GC(90) Pause Init Mark (unload classes)
[198.933s][info][gc,task     ] GC(90) Using 3 of 3 workers for init marking
[198.933s][info][gc,ergo     ] GC(90) Pacer for Mark. Expected Live: 43452K, Free: 5732M, Non-Taxable: 573M, Alloc Tax Rate: 0.0x
[198.933s][info][gc          ] GC(90) Pause Init Mark (unload classes) 0.159ms
[198.933s][info][gc,start    ] GC(90) Concurrent marking roots
[198.933s][info][gc,task     ] GC(90) Using 1 of 3 workers for concurrent marking roots
[198.934s][info][gc          ] GC(90) Concurrent marking roots 0.824ms
[198.934s][info][gc,start    ] GC(90) Concurrent marking (unload classes)
[198.934s][info][gc,task     ] GC(90) Using 1 of 3 workers for concurrent marking
[199.850s][info][gc          ] GC(90) Concurrent marking (unload classes) 916.203ms
[199.850s][info][gc,start    ] GC(90) Pause Final Mark (unload classes)
[199.850s][info][gc,task     ] GC(90) Using 3 of 3 workers for final marking
[199.851s][info][gc,ergo     ] GC(90) Adaptive CSet Selection. Target Free: 1160M, Actual Free: 6528M, Max CSet: 341M, Min Garbage: 0B
[199.851s][info][gc,ergo     ] GC(90) Collectable Garbage: 1490M (93%), Immediate: 900M (56%), CSet: 590M (36%)
[199.851s][info][gc,ergo     ] GC(90) Pacer for Evacuation. Used CSet: 932M, Free: 6136M, Non-Taxable: 613M, Alloc Tax Rate: 1.1x
[199.851s][info][gc          ] GC(90) Pause Final Mark (unload classes) 0.458ms
[199.851s][info][gc,start    ] GC(90) Concurrent thread roots
[199.851s][info][gc,task     ] GC(90) Using 1 of 3 workers for Concurrent thread roots
[199.852s][info][gc          ] GC(90) Concurrent thread roots 0.770ms
[199.852s][info][gc,start    ] GC(90) Concurrent weak references
[199.852s][info][gc,task     ] GC(90) Using 1 of 3 workers for concurrent weak references
[199.852s][info][gc,ref      ] GC(90) Encountered references: Soft: 173, Weak: 991, Final: 0, Phantom: 41
[199.852s][info][gc,ref      ] GC(90) Discovered  references: Soft: 0, Weak: 196, Final: 0, Phantom: 24
[199.852s][info][gc,ref      ] GC(90) Enqueued    references: Soft: 0, Weak: 1, Final: 0, Phantom: 0
[199.852s][info][gc          ] GC(90) Concurrent weak references 0.120ms
[199.852s][info][gc,start    ] GC(90) Concurrent weak roots
[199.852s][info][gc,task     ] GC(90) Using 1 of 3 workers for concurrent weak root
[199.853s][info][gc          ] GC(90) Concurrent weak roots 1.064ms
[199.853s][info][gc,start    ] GC(90) Concurrent cleanup
[199.853s][info][gc          ] GC(90) Concurrent cleanup 2547M->1647M(8192M) 0.035ms
[199.853s][info][gc,ergo     ] GC(90) Free: 6132M, Max: 4096K regular, 5212M humongous, Frag: 15% external, 0% internal; Reserve: 411M, Max: 4096K
[199.853s][info][gc,start    ] GC(90) Concurrent class unloading
[199.853s][info][gc,task     ] GC(90) Using 1 of 3 workers for concurrent class unloading
[199.856s][info][gc          ] GC(90) Concurrent class unloading 3.092ms
[199.856s][info][gc,start    ] GC(90) Concurrent strong roots
[199.856s][info][gc,task     ] GC(90) Using 1 of 3 workers for concurrent strong root
[199.856s][info][gc          ] GC(90) Concurrent strong roots 0.180ms
[199.856s][info][gc,start    ] GC(90) Concurrent evacuation
[199.856s][info][gc,task     ] GC(90) Using 1 of 3 workers for concurrent evacuation
[200.178s][info][gc          ] GC(90) Concurrent evacuation 321.743ms
[200.178s][info][gc,start    ] GC(90) Pause Init Update Refs
[200.178s][info][gc,ergo     ] GC(90) Pacer for Update Refs. Used: 2026M, Free: 6097M, Non-Taxable: 609M, Alloc Tax Rate: 1.1x
[200.178s][info][gc          ] GC(90) Pause Init Update Refs 0.065ms
[200.178s][info][gc,start    ] GC(90) Concurrent update references
[200.179s][info][gc,task     ] GC(90) Using 1 of 3 workers for concurrent reference update
[201.058s][info][gc          ] GC(90) Concurrent update references 879.029ms
[201.058s][info][gc,start    ] GC(90) Concurrent update thread roots
[201.058s][info][gc          ] GC(90) Concurrent update thread roots 0.771ms
[201.058s][info][gc,start    ] GC(90) Pause Final Update Refs
[201.058s][info][gc,task     ] GC(90) Using 3 of 3 workers for final reference update
[201.059s][info][gc          ] GC(90) Pause Final Update Refs 0.145ms
[201.059s][info][gc,start    ] GC(90) Concurrent cleanup
[201.059s][info][gc          ] GC(90) Concurrent cleanup 2050M->1118M(8192M) 0.040ms
[201.059s][info][gc,ergo     ] Free: 6661M, Max: 4096K regular, 4868M humongous, Frag: 27% external, 0% internal; Reserve: 412M, Max: 4096K
[201.059s][info][gc,stats    ] 
[201.059s][info][gc,stats    ] All times are wall-clock times, except per-root-class counters, that are sum over
[201.059s][info][gc,stats    ] all workers. Dividing the <total> over the root stage time estimates parallelism.
[201.059s][info][gc,stats    ] 
[201.059s][info][gc,stats    ] Concurrent Reset                   1216 us
[201.059s][info][gc,stats    ] Pause Init Mark (G)                 293 us
[201.059s][info][gc,stats    ] Pause Init Mark (N)                 176 us
[201.059s][info][gc,stats    ]   Update Region States               63 us
[201.059s][info][gc,stats    ] Concurrent Mark Roots               842 us, parallelism: 0.88x
[201.059s][info][gc,stats    ]   CMR: <total>                      743 us
[201.059s][info][gc,stats    ]   CMR: Thread Roots                 667 us, workers (us): 667, ---, ---, 
[201.059s][info][gc,stats    ]   CMR: VM Strong Roots                6 us, workers (us):   6, ---, ---, 
[201.059s][info][gc,stats    ]   CMR: CLDG Roots                    70 us, workers (us):  70, ---, ---, 
[201.059s][info][gc,stats    ] Concurrent Marking               916267 us
[201.059s][info][gc,stats    ] Pause Final Mark (G)                646 us
[201.059s][info][gc,stats    ] Pause Final Mark (N)                479 us
[201.059s][info][gc,stats    ]   Finish Mark                       115 us
[201.059s][info][gc,stats    ]   Update Region States               88 us
[201.059s][info][gc,stats    ]   Choose Collection Set             131 us
[201.059s][info][gc,stats    ]   Rebuild Free Set                   17 us
[201.059s][info][gc,stats    ] Concurrent Thread Roots             807 us, parallelism: 0.77x
[201.059s][info][gc,stats    ]   CTR: <total>                      624 us
[201.059s][info][gc,stats    ]   CTR: Thread Roots                 624 us, workers (us): 624, ---, ---, 
[201.059s][info][gc,stats    ] Concurrent Weak References          127 us, parallelism: 0.11x
[201.059s][info][gc,stats    ]   CWRF: <total>                      13 us
[201.059s][info][gc,stats    ]   CWRF: Weak References              13 us, workers (us):  13, ---, ---, 
[201.059s][info][gc,stats    ] Concurrent Weak Roots              1092 us
[201.059s][info][gc,stats    ]   Roots                             978 us, parallelism: 0.93x
[201.059s][info][gc,stats    ]     CWR: <total>                    905 us
[201.059s][info][gc,stats    ]     CWR: Code Cache Roots           692 us, workers (us): 692, ---, ---, 
[201.059s][info][gc,stats    ]     CWR: VM Weak Roots              203 us, workers (us): 203, ---, ---, 
[201.059s][info][gc,stats    ]     CWR: CLDG Roots                  10 us, workers (us):  10, ---, ---, 
[201.059s][info][gc,stats    ]   Rendezvous                         68 us
[201.059s][info][gc,stats    ] Concurrent Cleanup                   44 us
[201.059s][info][gc,stats    ] Concurrent Class Unloading         3152 us
[201.059s][info][gc,stats    ]   Unlink Stale                     2799 us
[201.059s][info][gc,stats    ]     System Dictionary                10 us
[201.059s][info][gc,stats    ]     Weak Class Links                  0 us
[201.059s][info][gc,stats    ]     Code Roots                     2788 us
[201.059s][info][gc,stats    ]   Rendezvous                        109 us
[201.059s][info][gc,stats    ]   Purge Unlinked                    164 us
[201.059s][info][gc,stats    ]     Code Roots                      155 us
[201.059s][info][gc,stats    ]     CLDG                              8 us
[201.059s][info][gc,stats    ]     Exception Caches                  0 us
[201.059s][info][gc,stats    ] Concurrent Strong Roots             217 us, parallelism: 0.25x
[201.059s][info][gc,stats    ]   CSR: <total>                       55 us
[201.059s][info][gc,stats    ]   CSR: VM Strong Roots                4 us, workers (us):   4, ---, ---, 
[201.059s][info][gc,stats    ]   CSR: CLDG Roots                    50 us, workers (us):  50, ---, ---, 
[201.059s][info][gc,stats    ] Concurrent Evacuation            321823 us
[201.059s][info][gc,stats    ] Pause Init Update Refs (G)          218 us
[201.059s][info][gc,stats    ] Pause Init Update Refs (N)           73 us
[201.059s][info][gc,stats    ]   Manage GCLABs                       3 us
[201.059s][info][gc,stats    ] Concurrent Update Refs           879095 us
[201.059s][info][gc,stats    ] Concurrent Update Thread Roots      789 us
[201.059s][info][gc,stats    ] Pause Final Update Refs (G)         223 us
[201.059s][info][gc,stats    ] Pause Final Update Refs (N)         163 us
[201.059s][info][gc,stats    ]   Update Region States               68 us
[201.059s][info][gc,stats    ]   Trash Collection Set                7 us
[201.059s][info][gc,stats    ]   Rebuild Free Set                   20 us
[201.059s][info][gc,stats    ] Concurrent Cleanup                   49 us
[201.059s][info][gc,stats    ] 
[201.059s][info][gc,stats    ] Allocation pacing accrued:
[201.059s][info][gc,stats    ]       0 of  6253 ms (  0.0%): <total>
[201.059s][info][gc,stats    ]       0 of  6253 ms (  0.0%): <average total>
[201.059s][info][gc,stats    ] 
[201.059s][info][gc,metaspace] Metaspace: 16537K(16832K)->16537K(16832K) NonClass: 14189K(14336K)->14189K(14336K) Class: 2348K(2496K)->2348K(2496K)
[201.059s][info][gc,ergo     ] Pacer for Idle. Initial: 163M, Alloc Tax Rate: 1.0x
[201.067s][info][gc          ] Trigger: Explicit GC request (System.gc())
[201.067s][info][gc,ergo     ] Free: 6661M, Max: 4096K regular, 4868M humongous, Frag: 27% external, 0% internal; Reserve: 412M, Max: 4096K
[201.067s][info][gc,start    ] GC(91) Concurrent reset
[201.067s][info][gc,task     ] GC(91) Using 1 of 3 workers for concurrent reset
[201.067s][info][gc,ergo     ] GC(91) Pacer for Reset. Non-Taxable: 8192M
[201.071s][info][gc          ] GC(91) Concurrent reset 4.606ms
[201.071s][info][gc,start    ] GC(91) Pause Init Mark (unload classes)
[201.071s][info][gc,task     ] GC(91) Using 3 of 3 workers for init marking
[201.072s][info][gc,ref      ] GC(91) Clearing All SoftReferences
[201.072s][info][gc,ergo     ] GC(91) Pacer for Mark. Expected Live: 130M, Free: 6661M, Non-Taxable: 666M, Alloc Tax Rate: 0.0x
[201.072s][info][gc          ] GC(91) Pause Init Mark (unload classes) 0.219ms
[201.072s][info][gc,start    ] GC(91) Concurrent marking roots
[201.072s][info][gc,task     ] GC(91) Using 1 of 3 workers for concurrent marking roots
[201.072s][info][gc          ] GC(91) Concurrent marking roots 0.629ms
[201.072s][info][gc,start    ] GC(91) Concurrent marking (unload classes)
[201.072s][info][gc,task     ] GC(91) Using 1 of 3 workers for concurrent marking
[201.077s][info][gc          ] GC(91) Concurrent marking (unload classes) 4.408ms
[201.077s][info][gc,start    ] GC(91) Pause Final Mark (unload classes)
[201.077s][info][gc,task     ] GC(91) Using 3 of 3 workers for final marking
[201.077s][info][gc,ergo     ] GC(91) Collectable Garbage: 1087M (97%), Immediate: 1087M (97%), CSet: 0B (0%)
[201.077s][info][gc          ] GC(91) Pause Final Mark (unload classes) 0.454ms
[201.077s][info][gc,start    ] GC(91) Concurrent weak references
[201.077s][info][gc,task     ] GC(91) Using 1 of 3 workers for concurrent weak references
[201.078s][info][gc,ref      ] GC(91) Encountered references: Soft: 172, Weak: 989, Final: 0, Phantom: 41
[201.078s][info][gc,ref      ] GC(91) Discovered  references: Soft: 108, Weak: 219, Final: 0, Phantom: 24
[201.078s][info][gc,ref      ] GC(91) Enqueued    references: Soft: 4, Weak: 6, Final: 0, Phantom: 0
[201.078s][info][gc          ] GC(91) Concurrent weak references 0.221ms
[201.078s][info][gc,start    ] GC(91) Concurrent weak roots
[201.078s][info][gc,task     ] GC(91) Using 1 of 3 workers for concurrent weak root
[201.079s][info][gc          ] GC(91) Concurrent weak roots 0.902ms
[201.079s][info][gc,start    ] GC(91) Concurrent cleanup
[201.079s][info][gc          ] GC(91) Concurrent cleanup 1118M->31M(8192M) 0.036ms
[201.079s][info][gc,ergo     ] GC(91) Free: 7748M, Max: 4096K regular, 5248M humongous, Frag: 33% external, 0% internal; Reserve: 412M, Max: 4096K
[201.079s][info][gc,start    ] GC(91) Concurrent class unloading
[201.079s][info][gc,task     ] GC(91) Using 1 of 3 workers for concurrent class unloading
[201.085s][info][gc          ] GC(91) Concurrent class unloading 6.643ms
[201.085s][info][gc,start    ] GC(91) Pause Final Roots
[201.086s][info][gc          ] GC(91) Pause Final Roots 0.052ms
[201.086s][info][gc,ergo     ] Free: 7748M, Max: 4096K regular, 5248M humongous, Frag: 33% external, 0% internal; Reserve: 412M, Max: 4096K
[201.086s][info][gc,stats    ] 
[201.086s][info][gc,stats    ] All times are wall-clock times, except per-root-class counters, that are sum over
[201.086s][info][gc,stats    ] all workers. Dividing the <total> over the root stage time estimates parallelism.
[201.086s][info][gc,stats    ] 
[201.086s][info][gc,stats    ] Concurrent Reset                   4675 us
[201.086s][info][gc,stats    ] Pause Init Mark (G)                 347 us
[201.086s][info][gc,stats    ] Pause Init Mark (N)                 239 us
[201.086s][info][gc,stats    ]   Update Region States               85 us
[201.086s][info][gc,stats    ] Concurrent Mark Roots               647 us, parallelism: 0.80x
[201.086s][info][gc,stats    ]   CMR: <total>                      519 us
[201.086s][info][gc,stats    ]   CMR: Thread Roots                 472 us, workers (us): 472, ---, ---, 
[201.086s][info][gc,stats    ]   CMR: VM Strong Roots                5 us, workers (us):   5, ---, ---, 
[201.086s][info][gc,stats    ]   CMR: CLDG Roots                    41 us, workers (us):  41, ---, ---, 
[201.086s][info][gc,stats    ] Concurrent Marking                 4466 us
[201.086s][info][gc,stats    ] Pause Final Mark (G)                621 us
[201.086s][info][gc,stats    ] Pause Final Mark (N)                479 us
[201.086s][info][gc,stats    ]   Finish Mark                       156 us
[201.086s][info][gc,stats    ]   Update Region States              123 us
[201.086s][info][gc,stats    ]   Choose Collection Set              75 us
[201.086s][info][gc,stats    ]   Rebuild Free Set                   21 us
[201.086s][info][gc,stats    ] Concurrent Weak References          238 us, parallelism: 0.07x
[201.086s][info][gc,stats    ]   CWRF: <total>                      16 us
[201.086s][info][gc,stats    ]   CWRF: Weak References              16 us, workers (us):  16, ---, ---, 
[201.086s][info][gc,stats    ] Concurrent Weak Roots               930 us
[201.086s][info][gc,stats    ]   Roots                             801 us, parallelism: 0.94x
[201.086s][info][gc,stats    ]     CWR: <total>                    752 us
[201.086s][info][gc,stats    ]     CWR: Code Cache Roots           639 us, workers (us): 639, ---, ---, 
[201.086s][info][gc,stats    ]     CWR: VM Weak Roots              106 us, workers (us): 106, ---, ---, 
[201.086s][info][gc,stats    ]     CWR: CLDG Roots                   7 us, workers (us):   7, ---, ---, 
[201.086s][info][gc,stats    ]   Rendezvous                         67 us
[201.086s][info][gc,stats    ] Concurrent Cleanup                   45 us
[201.086s][info][gc,stats    ] Concurrent Class Unloading         6721 us
[201.086s][info][gc,stats    ]   Unlink Stale                     6097 us
[201.086s][info][gc,stats    ]     System Dictionary                59 us
[201.086s][info][gc,stats    ]     Weak Class Links               1779 us
[201.086s][info][gc,stats    ]     Code Roots                     4257 us
[201.086s][info][gc,stats    ]   Rendezvous                        206 us
[201.086s][info][gc,stats    ]   Purge Unlinked                    320 us
[201.086s][info][gc,stats    ]     Code Roots                      285 us
[201.086s][info][gc,stats    ]     CLDG                             34 us
[201.086s][info][gc,stats    ]     Exception Caches                  0 us
[201.086s][info][gc,stats    ] Pause Final Roots (G)               124 us
[201.086s][info][gc,stats    ] Pause Final Roots (N)                62 us
[201.086s][info][gc,stats    ] 
[201.086s][info][gc,stats    ] Allocation pacing accrued:
[201.086s][info][gc,stats    ]       0 of    27 ms (  0.0%): <total>
[201.086s][info][gc,stats    ]       0 of    27 ms (  0.0%): <average total>
[201.086s][info][gc,stats    ] 
[201.086s][info][gc,metaspace] Metaspace: 16537K(16832K)->16533K(16832K) NonClass: 14189K(14336K)->14186K(14336K) Class: 2348K(2496K)->2347K(2496K)
[201.086s][info][gc,ergo     ] Pacer for Idle. Initial: 163M, Alloc Tax Rate: 1.0x
[202.589s][info][gc          ] Trigger: Average GC time (2207.75 ms) is above the time for average allocation rate (3349 MB/s) to deplete free headroom (6438M) (margin of error = 1.79)
[202.589s][info][gc,ergo     ] Free headroom: 6848M (free) - 409M (spike) - 0B (penalties) = 6438M
[202.589s][info][gc,ergo     ] Free: 6848M, Max: 4096K regular, 5248M humongous, Frag: 24% external, 0% internal; Reserve: 412M, Max: 4096K
[202.589s][info][gc,start    ] GC(92) Concurrent reset
[202.589s][info][gc,task     ] GC(92) Using 1 of 3 workers for concurrent reset
[202.589s][info][gc,ergo     ] GC(92) Pacer for Reset. Non-Taxable: 8192M
[202.590s][info][gc          ] GC(92) Concurrent reset 0.419ms
[202.590s][info][gc,start    ] GC(92) Pause Init Mark (unload classes)
[202.590s][info][gc,task     ] GC(92) Using 3 of 3 workers for init marking
[202.590s][info][gc,ergo     ] GC(92) Pacer for Mark. Expected Live: 94841K, Free: 6844M, Non-Taxable: 684M, Alloc Tax Rate: 0.0x
[202.590s][info][gc          ] GC(92) Pause Init Mark (unload classes) 0.098ms
[202.605s][info][gc,start    ] GC(92) Concurrent marking roots
[202.605s][info][gc,task     ] GC(92) Using 1 of 3 workers for concurrent marking roots
[202.606s][info][gc          ] GC(92) Concurrent marking roots 0.792ms
[202.606s][info][gc,start    ] GC(92) Concurrent marking (unload classes)
[202.606s][info][gc,task     ] GC(92) Using 1 of 3 workers for concurrent marking
[202.621s][info][gc          ] GC(92) Concurrent marking (unload classes) 14.747ms
[202.621s][info][gc,start    ] GC(92) Pause Final Mark (unload classes)
[202.621s][info][gc,task     ] GC(92) Using 3 of 3 workers for final marking
[202.621s][info][gc,ergo     ] GC(92) Adaptive CSet Selection. Target Free: 1160M, Actual Free: 7836M, Max CSet: 341M, Min Garbage: 0B
[202.621s][info][gc,ergo     ] GC(92) Collectable Garbage: 928M (99%), Immediate: 760M (81%), CSet: 168M (18%)
[202.621s][info][gc,ergo     ] GC(92) Pacer for Evacuation. Used CSet: 169M, Free: 7441M, Non-Taxable: 744M, Alloc Tax Rate: 1.1x
[202.621s][info][gc          ] GC(92) Pause Final Mark (unload classes) 0.271ms
[202.621s][info][gc,start    ] GC(92) Concurrent thread roots
[202.621s][info][gc,task     ] GC(92) Using 1 of 3 workers for Concurrent thread roots
[202.622s][info][gc          ] GC(92) Concurrent thread roots 0.560ms
[202.622s][info][gc,start    ] GC(92) Concurrent weak references
[202.622s][info][gc,task     ] GC(92) Using 1 of 3 workers for concurrent weak references
[202.622s][info][gc,ref      ] GC(92) Encountered references: Soft: 173, Weak: 995, Final: 0, Phantom: 41
[202.622s][info][gc,ref      ] GC(92) Discovered  references: Soft: 0, Weak: 206, Final: 0, Phantom: 24
[202.622s][info][gc,ref      ] GC(92) Enqueued    references: Soft: 0, Weak: 4, Final: 0, Phantom: 0
[202.622s][info][gc          ] GC(92) Concurrent weak references 0.072ms
[202.622s][info][gc,start    ] GC(92) Concurrent weak roots
[202.622s][info][gc,task     ] GC(92) Using 1 of 3 workers for concurrent weak root
[202.637s][info][gc          ] GC(92) Concurrent weak roots 14.665ms
[202.637s][info][gc,start    ] GC(92) Concurrent cleanup
[202.637s][info][gc          ] GC(92) Concurrent cleanup 1167M->407M(8192M) 0.053ms
[202.637s][info][gc,ergo     ] GC(92) Free: 7369M, Max: 4096K regular, 5916M humongous, Frag: 20% external, 0% internal; Reserve: 411M, Max: 4096K
[202.637s][info][gc,start    ] GC(92) Concurrent class unloading
[202.637s][info][gc,task     ] GC(92) Using 1 of 3 workers for concurrent class unloading
[202.653s][info][gc          ] GC(92) Concurrent class unloading 15.628ms
[202.653s][info][gc,start    ] GC(92) Concurrent strong roots
[202.655s][info][gc,task     ] GC(92) Using 1 of 3 workers for concurrent strong root
[202.655s][info][gc          ] GC(92) Concurrent strong roots 2.480ms
[202.655s][info][gc,start    ] GC(92) Concurrent evacuation
[202.655s][info][gc,task     ] GC(92) Using 1 of 3 workers for concurrent evacuation
[202.656s][info][gc          ] GC(92) Concurrent evacuation 1.402ms
[202.657s][info][gc,start    ] GC(92) Pause Init Update Refs
[202.657s][info][gc,ergo     ] GC(92) Pacer for Update Refs. Used: 472M, Free: 7305M, Non-Taxable: 730M, Alloc Tax Rate: 1.1x
[202.657s][info][gc          ] GC(92) Pause Init Update Refs 0.027ms
[202.668s][info][gc,start    ] GC(92) Concurrent update references
[202.668s][info][gc,task     ] GC(92) Using 1 of 3 workers for concurrent reference update
[202.737s][info][gc          ] GC(92) Concurrent update references 68.814ms
[202.737s][info][gc,start    ] GC(92) Concurrent update thread roots
[202.746s][info][gc          ] GC(92) Concurrent update thread roots 9.734ms
[202.747s][info][gc,start    ] GC(92) Pause Final Update Refs
[202.747s][info][gc,task     ] GC(92) Using 3 of 3 workers for final reference update
[202.747s][info][gc          ] GC(92) Pause Final Update Refs 0.122ms
[202.762s][info][gc,start    ] GC(92) Concurrent cleanup
[202.762s][info][gc          ] GC(92) Concurrent cleanup 832M->703M(8192M) 0.158ms
[202.762s][info][gc,ergo     ] Free: 7076M, Max: 4096K regular, 6608M humongous, Frag: 7% external, 0% internal; Reserve: 412M, Max: 4096K
[202.762s][info][gc,stats    ] 
[202.762s][info][gc,stats    ] All times are wall-clock times, except per-root-class counters, that are sum over
[202.762s][info][gc,stats    ] all workers. Dividing the <total> over the root stage time estimates parallelism.
[202.762s][info][gc,stats    ] 
[202.762s][info][gc,stats    ] Concurrent Reset                    442 us
[202.762s][info][gc,stats    ] Pause Init Mark (G)               15573 us
[202.762s][info][gc,stats    ] Pause Init Mark (N)                 108 us
[202.762s][info][gc,stats    ]   Update Region States               31 us
[202.762s][info][gc,stats    ] Concurrent Mark Roots               813 us, parallelism: 0.76x
[202.762s][info][gc,stats    ]   CMR: <total>                      616 us
[202.762s][info][gc,stats    ]   CMR: Thread Roots                 530 us, workers (us): 530, ---, ---, 
[202.762s][info][gc,stats    ]   CMR: VM Strong Roots                9 us, workers (us):   9, ---, ---, 
[202.762s][info][gc,stats    ]   CMR: CLDG Roots                    77 us, workers (us):  77, ---, ---, 
[202.762s][info][gc,stats    ] Concurrent Marking                14839 us
[202.762s][info][gc,stats    ] Pause Final Mark (G)                457 us
[202.762s][info][gc,stats    ] Pause Final Mark (N)                281 us
[202.762s][info][gc,stats    ]   Finish Mark                        85 us
[202.762s][info][gc,stats    ]   Update Region States               50 us
[202.762s][info][gc,stats    ]   Choose Collection Set              82 us
[202.762s][info][gc,stats    ]   Rebuild Free Set                    9 us
[202.762s][info][gc,stats    ] Concurrent Thread Roots             574 us, parallelism: 0.88x
[202.762s][info][gc,stats    ]   CTR: <total>                      505 us
[202.762s][info][gc,stats    ]   CTR: Thread Roots                 505 us, workers (us): 505, ---, ---, 
[202.762s][info][gc,stats    ] Concurrent Weak References           80 us, parallelism: 0.24x
[202.762s][info][gc,stats    ]   CWRF: <total>                      19 us
[202.762s][info][gc,stats    ]   CWRF: Weak References              19 us, workers (us):  19, ---, ---, 
[202.762s][info][gc,stats    ] Concurrent Weak Roots             14751 us
[202.763s][info][gc,stats    ]   Roots                            1146 us, parallelism: 0.97x
[202.763s][info][gc,stats    ]     CWR: <total>                   1107 us
[202.763s][info][gc,stats    ]     CWR: Code Cache Roots           922 us, workers (us): 922, ---, ---, 
[202.763s][info][gc,stats    ]     CWR: VM Weak Roots              174 us, workers (us): 174, ---, ---, 
[202.763s][info][gc,stats    ]     CWR: CLDG Roots                  11 us, workers (us):  11, ---, ---, 
[202.763s][info][gc,stats    ]   Rendezvous                      13496 us
[202.763s][info][gc,stats    ] Concurrent Cleanup                   62 us
[202.763s][info][gc,stats    ] Concurrent Class Unloading        15713 us
[202.763s][info][gc,stats    ]   Unlink Stale                     3788 us
[202.763s][info][gc,stats    ]     System Dictionary                15 us
[202.763s][info][gc,stats    ]     Weak Class Links                  0 us
[202.763s][info][gc,stats    ]     Code Roots                     3771 us
[202.763s][info][gc,stats    ]   Rendezvous                      11482 us
[202.763s][info][gc,stats    ]   Purge Unlinked                    336 us
[202.763s][info][gc,stats    ]     Code Roots                      326 us
[202.763s][info][gc,stats    ]     CLDG                              9 us
[202.763s][info][gc,stats    ]     Exception Caches                  0 us
[202.763s][info][gc,stats    ] Concurrent Strong Roots            2492 us, parallelism: 0.02x
[202.763s][info][gc,stats    ]   CSR: <total>                       47 us
[202.763s][info][gc,stats    ]   CSR: VM Strong Roots                5 us, workers (us):   5, ---, ---, 
[202.763s][info][gc,stats    ]   CSR: CLDG Roots                    43 us, workers (us):  43, ---, ---, 
[202.763s][info][gc,stats    ] Concurrent Evacuation              1449 us
[202.763s][info][gc,stats    ] Pause Init Update Refs (G)        11192 us
[202.763s][info][gc,stats    ] Pause Init Update Refs (N)           35 us
[202.763s][info][gc,stats    ]   Manage GCLABs                       3 us
[202.763s][info][gc,stats    ] Concurrent Update Refs            68886 us
[202.763s][info][gc,stats    ] Concurrent Update Thread Roots     9853 us
[202.763s][info][gc,stats    ] Pause Final Update Refs (G)       15588 us
[202.763s][info][gc,stats    ] Pause Final Update Refs (N)         162 us
[202.763s][info][gc,stats    ]   Update Region States               74 us
[202.763s][info][gc,stats    ]   Trash Collection Set                4 us
[202.763s][info][gc,stats    ]   Rebuild Free Set                   17 us
[202.763s][info][gc,stats    ] Concurrent Cleanup                  175 us
[202.763s][info][gc,stats    ] 
[202.763s][info][gc,stats    ] Allocation pacing accrued:
[202.763s][info][gc,stats    ]       0 of  1677 ms (  0.0%): <total>
[202.763s][info][gc,stats    ]       0 of  1677 ms (  0.0%): <average total>
[202.763s][info][gc,stats    ] 
[202.763s][info][gc,metaspace] Metaspace: 16537K(16832K)->16537K(16832K) NonClass: 14189K(14336K)->14189K(14336K) Class: 2348K(2496K)->2348K(2496K)
[202.763s][info][gc,ergo     ] Pacer for Idle. Initial: 163M, Alloc Tax Rate: 1.0x
[202.778s][info][gc          ] Trigger: Average GC time (1587.42 ms) is above the time for instantaneous allocation rate (4183 MB/s) to deplete free headroom (6578M) (spike threshold = 1.71)
[202.778s][info][gc,ergo     ] Free: 6988M, Max: 4096K regular, 6608M humongous, Frag: 6% external, 0% internal; Reserve: 412M, Max: 4096K
[202.778s][info][gc,start    ] GC(93) Concurrent reset
[202.778s][info][gc,task     ] GC(93) Using 1 of 3 workers for concurrent reset
[202.778s][info][gc,ergo     ] GC(93) Pacer for Reset. Non-Taxable: 8192M
[202.779s][info][gc          ] GC(93) Concurrent reset 1.157ms
[202.779s][info][gc,start    ] GC(93) Pause Init Mark (unload classes)
[202.779s][info][gc,task     ] GC(93) Using 3 of 3 workers for init marking
[202.779s][info][gc,ergo     ] GC(93) Pacer for Mark. Expected Live: 94891K, Free: 6984M, Non-Taxable: 698M, Alloc Tax Rate: 0.0x
[202.779s][info][gc          ] GC(93) Pause Init Mark (unload classes) 0.114ms
[202.825s][info][gc,start    ] GC(93) Concurrent marking roots
[202.825s][info][gc,task     ] GC(93) Using 1 of 3 workers for concurrent marking roots
[202.826s][info][gc          ] GC(93) Concurrent marking roots 0.726ms
[202.826s][info][gc,start    ] GC(93) Concurrent marking (unload classes)
[202.826s][info][gc,task     ] GC(93) Using 1 of 3 workers for concurrent marking
[202.856s][info][gc          ] GC(93) Concurrent marking (unload classes) 30.463ms
[202.856s][info][gc,start    ] GC(93) Pause Final Mark (unload classes)
[202.856s][info][gc,task     ] GC(93) Using 3 of 3 workers for final marking
[202.857s][info][gc,ergo     ] GC(93) Adaptive CSet Selection. Target Free: 1160M, Actual Free: 7608M, Max CSet: 341M, Min Garbage: 0B
[202.857s][info][gc,ergo     ] GC(93) Collectable Garbage: 787M (99%), Immediate: 596M (75%), CSet: 191M (24%)
[202.857s][info][gc,ergo     ] GC(93) Pacer for Evacuation. Used CSet: 192M, Free: 7216M, Non-Taxable: 721M, Alloc Tax Rate: 1.1x
[202.857s][info][gc          ] GC(93) Pause Final Mark (unload classes) 0.248ms
[202.857s][info][gc,start    ] GC(93) Concurrent thread roots
[202.857s][info][gc,task     ] GC(93) Using 1 of 3 workers for Concurrent thread roots
[202.857s][info][gc          ] GC(93) Concurrent thread roots 0.563ms
[202.857s][info][gc,start    ] GC(93) Concurrent weak references
[202.857s][info][gc,task     ] GC(93) Using 1 of 3 workers for concurrent weak references
[202.857s][info][gc,ref      ] GC(93) Encountered references: Soft: 173, Weak: 991, Final: 0, Phantom: 41
[202.857s][info][gc,ref      ] GC(93) Discovered  references: Soft: 0, Weak: 202, Final: 0, Phantom: 24
[202.857s][info][gc,ref      ] GC(93) Enqueued    references: Soft: 0, Weak: 0, Final: 0, Phantom: 0
[202.857s][info][gc          ] GC(93) Concurrent weak references 0.073ms
[202.857s][info][gc,start    ] GC(93) Concurrent weak roots
[202.857s][info][gc,task     ] GC(93) Using 1 of 3 workers for concurrent weak root
[202.872s][info][gc          ] GC(93) Concurrent weak roots 14.440ms
[202.872s][info][gc,start    ] GC(93) Concurrent cleanup
[202.872s][info][gc          ] GC(93) Concurrent cleanup 1231M->635M(8192M) 0.048ms
[202.872s][info][gc,ergo     ] GC(93) Free: 7144M, Max: 4096K regular, 6528M humongous, Frag: 9% external, 0% internal; Reserve: 411M, Max: 4096K
[202.872s][info][gc,start    ] GC(93) Concurrent class unloading
[202.872s][info][gc,task     ] GC(93) Using 1 of 3 workers for concurrent class unloading
[202.888s][info][gc          ] GC(93) Concurrent class unloading 16.016ms
[202.888s][info][gc,start    ] GC(93) Concurrent strong roots
[202.888s][info][gc,task     ] GC(93) Using 1 of 3 workers for concurrent strong root
[202.888s][info][gc          ] GC(93) Concurrent strong roots 0.097ms
[202.888s][info][gc,start    ] GC(93) Concurrent evacuation
[202.888s][info][gc,task     ] GC(93) Using 1 of 3 workers for concurrent evacuation
[202.890s][info][gc          ] GC(93) Concurrent evacuation 1.310ms
[202.890s][info][gc,start    ] GC(93) Pause Init Update Refs
[202.890s][info][gc,ergo     ] GC(93) Pacer for Update Refs. Used: 700M, Free: 7080M, Non-Taxable: 708M, Alloc Tax Rate: 1.1x
[202.890s][info][gc          ] GC(93) Pause Init Update Refs 0.034ms
[202.892s][info][gc,start    ] GC(93) Concurrent update references
[202.892s][info][gc,task     ] GC(93) Using 1 of 3 workers for concurrent reference update
[203.051s][info][gc          ] GC(93) Concurrent update references 159.108ms
[203.051s][info][gc,start    ] GC(93) Concurrent update thread roots
[203.060s][info][gc          ] GC(93) Concurrent update thread roots 9.263ms
[203.060s][info][gc,start    ] GC(93) Pause Final Update Refs
[203.060s][info][gc,task     ] GC(93) Using 3 of 3 workers for final reference update
[203.061s][info][gc          ] GC(93) Pause Final Update Refs 0.109ms
[203.076s][info][gc,start    ] GC(93) Concurrent cleanup
[203.076s][info][gc          ] GC(93) Concurrent cleanup 1235M->1123M(8192M) 0.135ms
[203.076s][info][gc,ergo     ] Free: 6656M, Max: 4096K regular, 6520M humongous, Frag: 2% external, 0% internal; Reserve: 412M, Max: 4096K
[203.076s][info][gc,stats    ] 
[203.076s][info][gc,stats    ] All times are wall-clock times, except per-root-class counters, that are sum over
[203.076s][info][gc,stats    ] all workers. Dividing the <total> over the root stage time estimates parallelism.
[203.076s][info][gc,stats    ] 
[203.076s][info][gc,stats    ] Concurrent Reset                   1178 us
[203.076s][info][gc,stats    ] Pause Init Mark (G)               46043 us
[203.076s][info][gc,stats    ] Pause Init Mark (N)                 125 us
[203.076s][info][gc,stats    ]   Update Region States               29 us
[203.076s][info][gc,stats    ] Concurrent Mark Roots               744 us, parallelism: 0.73x
[203.076s][info][gc,stats    ]   CMR: <total>                      543 us
[203.076s][info][gc,stats    ]   CMR: Thread Roots                 486 us, workers (us): 486, ---, ---, 
[203.076s][info][gc,stats    ]   CMR: VM Strong Roots                9 us, workers (us):   9, ---, ---, 
[203.076s][info][gc,stats    ]   CMR: CLDG Roots                    48 us, workers (us):  48, ---, ---, 
[203.076s][info][gc,stats    ] Concurrent Marking                30549 us
[203.076s][info][gc,stats    ] Pause Final Mark (G)                412 us
[203.076s][info][gc,stats    ] Pause Final Mark (N)                258 us
[203.076s][info][gc,stats    ]   Finish Mark                        54 us
[203.076s][info][gc,stats    ]   Update Region States               51 us
[203.076s][info][gc,stats    ]   Choose Collection Set              90 us
[203.076s][info][gc,stats    ]   Rebuild Free Set                    8 us
[203.076s][info][gc,stats    ] Concurrent Thread Roots             585 us, parallelism: 0.85x
[203.076s][info][gc,stats    ]   CTR: <total>                      499 us
[203.077s][info][gc,stats    ]   CTR: Thread Roots                 499 us, workers (us): 499, ---, ---, 
[203.077s][info][gc,stats    ] Concurrent Weak References           80 us, parallelism: 0.21x
[203.077s][info][gc,stats    ]   CWRF: <total>                      17 us
[203.077s][info][gc,stats    ]   CWRF: Weak References              17 us, workers (us):  17, ---, ---, 
[203.077s][info][gc,stats    ] Concurrent Weak Roots             14550 us
[203.077s][info][gc,stats    ]   Roots                            1137 us, parallelism: 0.97x
[203.077s][info][gc,stats    ]     CWR: <total>                   1098 us
[203.077s][info][gc,stats    ]     CWR: Code Cache Roots           953 us, workers (us): 953, ---, ---, 
[203.077s][info][gc,stats    ]     CWR: VM Weak Roots              134 us, workers (us): 134, ---, ---, 
[203.077s][info][gc,stats    ]     CWR: CLDG Roots                  11 us, workers (us):  11, ---, ---, 
[203.077s][info][gc,stats    ]   Rendezvous                      13282 us
[203.077s][info][gc,stats    ] Concurrent Cleanup                   58 us
[203.077s][info][gc,stats    ] Concurrent Class Unloading        16083 us
[203.077s][info][gc,stats    ]   Unlink Stale                     3785 us
[203.077s][info][gc,stats    ]     System Dictionary                20 us
[203.077s][info][gc,stats    ]     Weak Class Links                  0 us
[203.077s][info][gc,stats    ]     Code Roots                     3763 us
[203.077s][info][gc,stats    ]   Rendezvous                      11872 us
[203.077s][info][gc,stats    ]   Purge Unlinked                    334 us
[203.077s][info][gc,stats    ]     Code Roots                      324 us
[203.077s][info][gc,stats    ]     CLDG                              9 us
[203.077s][info][gc,stats    ]     Exception Caches                  0 us
[203.077s][info][gc,stats    ] Concurrent Strong Roots             108 us, parallelism: 0.45x
[203.077s][info][gc,stats    ]   CSR: <total>                       48 us
[203.077s][info][gc,stats    ]   CSR: VM Strong Roots                3 us, workers (us):   3, ---, ---, 
[203.077s][info][gc,stats    ]   CSR: CLDG Roots                    45 us, workers (us):  45, ---, ---, 
[203.077s][info][gc,stats    ] Concurrent Evacuation              1324 us
[203.077s][info][gc,stats    ] Pause Init Update Refs (G)         2303 us
[203.077s][info][gc,stats    ] Pause Init Update Refs (N)           42 us
[203.077s][info][gc,stats    ]   Manage GCLABs                       6 us
[203.077s][info][gc,stats    ] Concurrent Update Refs           159173 us
[203.077s][info][gc,stats    ] Concurrent Update Thread Roots     9350 us
[203.077s][info][gc,stats    ] Pause Final Update Refs (G)       15762 us
[203.077s][info][gc,stats    ] Pause Final Update Refs (N)         150 us
[203.077s][info][gc,stats    ]   Update Region States               54 us
[203.077s][info][gc,stats    ]   Trash Collection Set                2 us
[203.077s][info][gc,stats    ]   Rebuild Free Set                   12 us
[203.077s][info][gc,stats    ] Concurrent Cleanup                  148 us
[203.077s][info][gc,stats    ] 
[203.077s][info][gc,stats    ] Allocation pacing accrued:
[203.077s][info][gc,stats    ]       0 of   314 ms (  0.0%): <total>
[203.077s][info][gc,stats    ]       0 of   314 ms (  0.0%): <average total>
[203.077s][info][gc,stats    ] 
[203.077s][info][gc,metaspace] Metaspace: 16537K(16832K)->16537K(16832K) NonClass: 14189K(14336K)->14189K(14336K) Class: 2348K(2496K)->2348K(2496K)
[203.077s][info][gc,ergo     ] Pacer for Idle. Initial: 163M, Alloc Tax Rate: 1.0x
[206.693s][info][gc          ] Trigger: Learning 4 of 5. Free (5727M) is below initial threshold (5734M)
[206.693s][info][gc,ergo     ] Free: 5727M, Max: 4096K regular, 5704M humongous, Frag: 0% external, 0% internal; Reserve: 412M, Max: 4096K
[206.693s][info][gc,start    ] GC(94) Concurrent reset
[206.693s][info][gc,task     ] GC(94) Using 1 of 3 workers for concurrent reset
[206.693s][info][gc,ergo     ] GC(94) Pacer for Reset. Non-Taxable: 8192M
[206.694s][info][gc          ] GC(94) Concurrent reset 0.993ms
[206.694s][info][gc,start    ] GC(94) Pause Init Mark (unload classes)
[206.694s][info][gc,task     ] GC(94) Using 3 of 3 workers for init marking
[206.694s][info][gc,ergo     ] GC(94) Pacer for Mark. Expected Live: 94893K, Free: 5727M, Non-Taxable: 572M, Alloc Tax Rate: 0.0x
[206.694s][info][gc          ] GC(94) Pause Init Mark (unload classes) 0.195ms
[206.694s][info][gc,start    ] GC(94) Concurrent marking roots
[206.694s][info][gc,task     ] GC(94) Using 1 of 3 workers for concurrent marking roots
[206.695s][info][gc          ] GC(94) Concurrent marking roots 0.717ms
[206.695s][info][gc,start    ] GC(94) Concurrent marking (unload classes)
[206.695s][info][gc,task     ] GC(94) Using 1 of 3 workers for concurrent marking
[206.744s][info][gc          ] GC(94) Concurrent marking (unload classes) 48.492ms
[206.745s][info][gc,start    ] GC(94) Pause Final Mark (unload classes)
[206.745s][info][gc,task     ] GC(94) Using 3 of 3 workers for final marking
[206.745s][info][gc,ergo     ] GC(94) Collectable Garbage: 1968M (97%), Immediate: 1968M (97%), CSet: 0B (0%)
[206.745s][info][gc          ] GC(94) Pause Final Mark (unload classes) 0.283ms
[206.745s][info][gc,start    ] GC(94) Concurrent weak references
[206.745s][info][gc,task     ] GC(94) Using 1 of 3 workers for concurrent weak references
[206.745s][info][gc,ref      ] GC(94) Encountered references: Soft: 173, Weak: 997, Final: 0, Phantom: 41
[206.745s][info][gc,ref      ] GC(94) Discovered  references: Soft: 0, Weak: 214, Final: 0, Phantom: 24
[206.745s][info][gc,ref      ] GC(94) Enqueued    references: Soft: 0, Weak: 5, Final: 0, Phantom: 0
[206.745s][info][gc          ] GC(94) Concurrent weak references 0.171ms
[206.745s][info][gc,start    ] GC(94) Concurrent weak roots
[206.745s][info][gc,task     ] GC(94) Using 1 of 3 workers for concurrent weak root
[206.746s][info][gc          ] GC(94) Concurrent weak roots 1.025ms
[206.746s][info][gc,start    ] GC(94) Concurrent cleanup
[206.746s][info][gc          ] GC(94) Concurrent cleanup 2131M->163M(8192M) 0.049ms
[206.746s][info][gc,ergo     ] GC(94) Free: 7616M, Max: 4096K regular, 5628M humongous, Frag: 26% external, 0% internal; Reserve: 412M, Max: 4096K
[206.746s][info][gc,start    ] GC(94) Concurrent class unloading
[206.746s][info][gc,task     ] GC(94) Using 1 of 3 workers for concurrent class unloading
[206.750s][info][gc          ] GC(94) Concurrent class unloading 3.484ms
[206.750s][info][gc,start    ] GC(94) Pause Final Roots
[206.750s][info][gc          ] GC(94) Pause Final Roots 0.041ms
[206.750s][info][gc,ergo     ] Free: 7613M, Max: 4096K regular, 5628M humongous, Frag: 26% external, 0% internal; Reserve: 412M, Max: 4096K
[206.750s][info][gc,stats    ] 
[206.750s][info][gc,stats    ] All times are wall-clock times, except per-root-class counters, that are sum over
[206.750s][info][gc,stats    ] all workers. Dividing the <total> over the root stage time estimates parallelism.
[206.750s][info][gc,stats    ] 
[206.750s][info][gc,stats    ] Concurrent Reset                   1053 us
[206.750s][info][gc,stats    ] Pause Init Mark (G)                 376 us
[206.750s][info][gc,stats    ] Pause Init Mark (N)                 214 us
[206.750s][info][gc,stats    ]   Update Region States               91 us
[206.750s][info][gc,stats    ] Concurrent Mark Roots               735 us, parallelism: 0.83x
[206.750s][info][gc,stats    ]   CMR: <total>                      609 us
[206.750s][info][gc,stats    ]   CMR: Thread Roots                 564 us, workers (us): 564, ---, ---, 
[206.750s][info][gc,stats    ]   CMR: VM Strong Roots                6 us, workers (us):   6, ---, ---, 
[206.750s][info][gc,stats    ]   CMR: CLDG Roots                    39 us, workers (us):  39, ---, ---, 
[206.750s][info][gc,stats    ] Concurrent Marking                49673 us
[206.750s][info][gc,stats    ] Pause Final Mark (G)                408 us
[206.750s][info][gc,stats    ] Pause Final Mark (N)                292 us
[206.750s][info][gc,stats    ]   Finish Mark                       110 us
[206.750s][info][gc,stats    ]   Update Region States               66 us
[206.750s][info][gc,stats    ]   Choose Collection Set              42 us
[206.751s][info][gc,stats    ]   Rebuild Free Set                    8 us
[206.751s][info][gc,stats    ] Concurrent Weak References          187 us, parallelism: 0.05x
[206.751s][info][gc,stats    ]   CWRF: <total>                      10 us
[206.751s][info][gc,stats    ]   CWRF: Weak References              10 us, workers (us):  10, ---, ---, 
[206.751s][info][gc,stats    ] Concurrent Weak Roots              1059 us
[206.751s][info][gc,stats    ]   Roots                             882 us, parallelism: 0.92x
[206.751s][info][gc,stats    ]     CWR: <total>                    810 us
[206.751s][info][gc,stats    ]     CWR: Code Cache Roots           679 us, workers (us): 679, ---, ---, 
[206.751s][info][gc,stats    ]     CWR: VM Weak Roots              123 us, workers (us): 123, ---, ---, 
[206.751s][info][gc,stats    ]     CWR: CLDG Roots                   9 us, workers (us):   9, ---, ---, 
[206.751s][info][gc,stats    ]   Rendezvous                        110 us
[206.751s][info][gc,stats    ] Concurrent Cleanup                   58 us
[206.751s][info][gc,stats    ] Concurrent Class Unloading         3535 us
[206.751s][info][gc,stats    ]   Unlink Stale                     3055 us
[206.751s][info][gc,stats    ]     System Dictionary                 9 us
[206.751s][info][gc,stats    ]     Weak Class Links                  0 us
[206.751s][info][gc,stats    ]     Code Roots                     3045 us
[206.751s][info][gc,stats    ]   Rendezvous                        153 us
[206.751s][info][gc,stats    ]   Purge Unlinked                    256 us
[206.751s][info][gc,stats    ]     Code Roots                      246 us
[206.751s][info][gc,stats    ]     CLDG                              9 us
[206.751s][info][gc,stats    ]     Exception Caches                  0 us
[206.751s][info][gc,stats    ] Pause Final Roots (G)               146 us
[206.751s][info][gc,stats    ] Pause Final Roots (N)                51 us
[206.751s][info][gc,stats    ] 
[206.751s][info][gc,stats    ] Allocation pacing accrued:
[206.751s][info][gc,stats    ]       0 of  3674 ms (  0.0%): <total>
[206.751s][info][gc,stats    ]       0 of  3674 ms (  0.0%): <average total>
[206.751s][info][gc,stats    ] 
[206.751s][info][gc,metaspace] Metaspace: 16540K(16832K)->16540K(16832K) NonClass: 14191K(14336K)->14191K(14336K) Class: 2348K(2496K)->2348K(2496K)
[206.751s][info][gc,ergo     ] Pacer for Idle. Initial: 163M, Alloc Tax Rate: 1.0x
[209.005s][info][gc          ] Trigger: Explicit GC request (System.gc())
[209.005s][info][gc,ergo     ] Free: 6085M, Max: 4096K regular, 5628M humongous, Frag: 8% external, 0% internal; Reserve: 412M, Max: 4096K
[209.005s][info][gc,start    ] GC(95) Concurrent reset
[209.005s][info][gc,task     ] GC(95) Using 1 of 3 workers for concurrent reset
[209.005s][info][gc,ergo     ] GC(95) Pacer for Reset. Non-Taxable: 8192M
[209.006s][info][gc          ] GC(95) Concurrent reset 0.541ms
[209.006s][info][gc,start    ] GC(95) Pause Init Mark (unload classes)
[209.006s][info][gc,task     ] GC(95) Using 3 of 3 workers for init marking
[209.006s][info][gc,ref      ] GC(95) Clearing All SoftReferences
[209.006s][info][gc,ergo     ] GC(95) Pacer for Mark. Expected Live: 99490K, Free: 6085M, Non-Taxable: 608M, Alloc Tax Rate: 0.0x
[209.006s][info][gc          ] GC(95) Pause Init Mark (unload classes) 0.151ms
[209.006s][info][gc,start    ] GC(95) Concurrent marking roots
[209.006s][info][gc,task     ] GC(95) Using 1 of 3 workers for concurrent marking roots
[209.007s][info][gc          ] GC(95) Concurrent marking roots 0.660ms
[209.007s][info][gc,start    ] GC(95) Concurrent marking (unload classes)
[209.007s][info][gc,task     ] GC(95) Using 1 of 3 workers for concurrent marking
[209.011s][info][gc          ] GC(95) Concurrent marking (unload classes) 4.634ms
[209.011s][info][gc,start    ] GC(95) Pause Final Mark (unload classes)
[209.012s][info][gc,task     ] GC(95) Using 3 of 3 workers for final marking
[209.012s][info][gc,ergo     ] GC(95) Collectable Garbage: 1667M (98%), Immediate: 1667M (98%), CSet: 0B (0%)
[209.012s][info][gc          ] GC(95) Pause Final Mark (unload classes) 0.366ms
[209.012s][info][gc,start    ] GC(95) Concurrent weak references
[209.012s][info][gc,task     ] GC(95) Using 1 of 3 workers for concurrent weak references
[209.012s][info][gc,ref      ] GC(95) Encountered references: Soft: 172, Weak: 993, Final: 0, Phantom: 41
[209.012s][info][gc,ref      ] GC(95) Discovered  references: Soft: 108, Weak: 221, Final: 0, Phantom: 24
[209.012s][info][gc,ref      ] GC(95) Enqueued    references: Soft: 4, Weak: 8, Final: 0, Phantom: 0
[209.012s][info][gc          ] GC(95) Concurrent weak references 0.269ms
[209.012s][info][gc,start    ] GC(95) Concurrent weak roots
[209.012s][info][gc,task     ] GC(95) Using 1 of 3 workers for concurrent weak root
[209.013s][info][gc          ] GC(95) Concurrent weak roots 0.955ms
[209.013s][info][gc,start    ] GC(95) Concurrent cleanup
[209.013s][info][gc          ] GC(95) Concurrent cleanup 1694M->27M(8192M) 0.049ms
[209.013s][info][gc,ergo     ] GC(95) Free: 7752M, Max: 4096K regular, 5800M humongous, Frag: 25% external, 0% internal; Reserve: 412M, Max: 4096K
[209.013s][info][gc,start    ] GC(95) Concurrent class unloading
[209.013s][info][gc,task     ] GC(95) Using 1 of 3 workers for concurrent class unloading
[209.019s][info][gc          ] GC(95) Concurrent class unloading 5.354ms
[209.019s][info][gc,start    ] GC(95) Pause Final Roots
[209.019s][info][gc          ] GC(95) Pause Final Roots 0.021ms
[209.019s][info][gc,ergo     ] Free: 7752M, Max: 4096K regular, 5800M humongous, Frag: 25% external, 0% internal; Reserve: 412M, Max: 4096K
[209.019s][info][gc,stats    ] 
[209.019s][info][gc,stats    ] All times are wall-clock times, except per-root-class counters, that are sum over
[209.019s][info][gc,stats    ] all workers. Dividing the <total> over the root stage time estimates parallelism.
[209.019s][info][gc,stats    ] 
[209.019s][info][gc,stats    ] Concurrent Reset                    612 us
[209.019s][info][gc,stats    ] Pause Init Mark (G)                 259 us
[209.019s][info][gc,stats    ] Pause Init Mark (N)                 162 us
[209.019s][info][gc,stats    ]   Update Region States               85 us
[209.019s][info][gc,stats    ] Concurrent Mark Roots               678 us, parallelism: 0.75x
[209.019s][info][gc,stats    ]   CMR: <total>                      511 us
[209.019s][info][gc,stats    ]   CMR: Thread Roots                 462 us, workers (us): 462, ---, ---, 
[209.019s][info][gc,stats    ]   CMR: VM Strong Roots                5 us, workers (us):   5, ---, ---, 
[209.019s][info][gc,stats    ]   CMR: CLDG Roots                    43 us, workers (us):  43, ---, ---, 
[209.019s][info][gc,stats    ] Concurrent Marking                 4692 us
[209.019s][info][gc,stats    ] Pause Final Mark (G)                513 us
[209.019s][info][gc,stats    ] Pause Final Mark (N)                391 us
[209.019s][info][gc,stats    ]   Finish Mark                       120 us
[209.019s][info][gc,stats    ]   Update Region States               72 us
[209.019s][info][gc,stats    ]   Choose Collection Set              74 us
[209.019s][info][gc,stats    ]   Rebuild Free Set                   21 us
[209.019s][info][gc,stats    ] Concurrent Weak References          285 us, parallelism: 0.10x
[209.019s][info][gc,stats    ]   CWRF: <total>                      28 us
[209.019s][info][gc,stats    ]   CWRF: Weak References              28 us, workers (us):  28, ---, ---, 
[209.019s][info][gc,stats    ] Concurrent Weak Roots               985 us
[209.019s][info][gc,stats    ]   Roots                             837 us, parallelism: 0.92x
[209.019s][info][gc,stats    ]     CWR: <total>                    772 us
[209.019s][info][gc,stats    ]     CWR: Code Cache Roots           640 us, workers (us): 640, ---, ---, 
[209.019s][info][gc,stats    ]     CWR: VM Weak Roots              123 us, workers (us): 123, ---, ---, 
[209.019s][info][gc,stats    ]     CWR: CLDG Roots                   9 us, workers (us):   9, ---, ---, 
[209.019s][info][gc,stats    ]   Rendezvous                         84 us
[209.019s][info][gc,stats    ] Concurrent Cleanup                   57 us
[209.019s][info][gc,stats    ] Concurrent Class Unloading         5415 us
[209.019s][info][gc,stats    ]   Unlink Stale                     4966 us
[209.019s][info][gc,stats    ]     System Dictionary                61 us
[209.019s][info][gc,stats    ]     Weak Class Links               1790 us
[209.019s][info][gc,stats    ]     Code Roots                     3113 us
[209.019s][info][gc,stats    ]   Rendezvous                        126 us
[209.019s][info][gc,stats    ]   Purge Unlinked                    242 us
[209.019s][info][gc,stats    ]     Code Roots                      214 us
[209.019s][info][gc,stats    ]     CLDG                             28 us
[209.019s][info][gc,stats    ]     Exception Caches                  0 us
[209.019s][info][gc,stats    ] Pause Final Roots (G)               100 us
[209.019s][info][gc,stats    ] Pause Final Roots (N)                29 us
[209.019s][info][gc,stats    ] 
[209.019s][info][gc,stats    ] Allocation pacing accrued:
[209.019s][info][gc,stats    ]       0 of  2269 ms (  0.0%): <total>
[209.019s][info][gc,stats    ]       0 of  2269 ms (  0.0%): <average total>
[209.019s][info][gc,stats    ] 
[209.019s][info][gc,metaspace] Metaspace: 16540K(16832K)->16536K(16832K) NonClass: 14191K(14336K)->14188K(14336K) Class: 2348K(2496K)->2347K(2496K)
[209.019s][info][gc,ergo     ] Pacer for Idle. Initial: 163M, Alloc Tax Rate: 1.0x
[210.756s][info][gc          ] Trigger: Learning 2 of 5. Free (5668M) is below initial threshold (5734M)
[210.757s][info][gc,ergo     ] Free: 5668M, Max: 4096K regular, 5648M humongous, Frag: 0% external, 0% internal; Reserve: 412M, Max: 4096K
[210.757s][info][gc,start    ] GC(96) Concurrent reset
[210.757s][info][gc,task     ] GC(96) Using 1 of 3 workers for concurrent reset
[210.757s][info][gc,ergo     ] GC(96) Pacer for Reset. Non-Taxable: 8192M
[210.757s][info][gc          ] GC(96) Concurrent reset 0.346ms
[210.757s][info][gc,start    ] GC(96) Pause Init Mark (unload classes)
[210.757s][info][gc,task     ] GC(96) Using 3 of 3 workers for init marking
[210.757s][info][gc,ergo     ] GC(96) Pacer for Mark. Expected Live: 9078K, Free: 5664M, Non-Taxable: 566M, Alloc Tax Rate: 0.0x
[210.757s][info][gc          ] GC(96) Pause Init Mark (unload classes) 0.100ms
[210.772s][info][gc,start    ] GC(96) Concurrent marking roots
[210.772s][info][gc,task     ] GC(96) Using 1 of 3 workers for concurrent marking roots
[210.773s][info][gc          ] GC(96) Concurrent marking roots 0.741ms
[210.773s][info][gc,start    ] GC(96) Concurrent marking (unload classes)
[210.773s][info][gc,task     ] GC(96) Using 1 of 3 workers for concurrent marking
[210.788s][info][gc          ] GC(96) Concurrent marking (unload classes) 14.618ms
[210.788s][info][gc,start    ] GC(96) Pause Final Mark (unload classes)
[210.788s][info][gc,task     ] GC(96) Using 3 of 3 workers for final marking
[210.788s][info][gc,ergo     ] GC(96) Collectable Garbage: 1932M (91%), Immediate: 1932M (91%), CSet: 0B (0%)
[210.788s][info][gc          ] GC(96) Pause Final Mark (unload classes) 0.219ms
[210.803s][info][gc,start    ] GC(96) Concurrent weak references
[210.804s][info][gc,task     ] GC(96) Using 1 of 3 workers for concurrent weak references
[210.804s][info][gc,ref      ] GC(96) Encountered references: Soft: 173, Weak: 993, Final: 0, Phantom: 41
[210.804s][info][gc,ref      ] GC(96) Discovered  references: Soft: 0, Weak: 207, Final: 0, Phantom: 24
[210.804s][info][gc,ref      ] GC(96) Enqueued    references: Soft: 0, Weak: 5, Final: 0, Phantom: 0
[210.804s][info][gc          ] GC(96) Concurrent weak references 0.217ms
[210.804s][info][gc,start    ] GC(96) Concurrent weak roots
[210.804s][info][gc,task     ] GC(96) Using 1 of 3 workers for concurrent weak root
[210.819s][info][gc          ] GC(96) Concurrent weak roots 15.838ms
[210.820s][info][gc,start    ] GC(96) Concurrent cleanup
[210.820s][info][gc          ] GC(96) Concurrent cleanup 2439M->507M(8192M) 0.099ms
[210.820s][info][gc,ergo     ] GC(96) Free: 7272M, Max: 4096K regular, 5320M humongous, Frag: 27% external, 0% internal; Reserve: 412M, Max: 4096K
[210.820s][info][gc,start    ] GC(96) Concurrent class unloading
[210.820s][info][gc,task     ] GC(96) Using 1 of 3 workers for concurrent class unloading
[210.836s][info][gc          ] GC(96) Concurrent class unloading 16.100ms
[210.838s][info][gc,start    ] GC(96) Pause Final Roots
[210.838s][info][gc          ] GC(96) Pause Final Roots 0.019ms
[210.866s][info][gc,ergo     ] Free: 7048M, Max: 4096K regular, 5320M humongous, Frag: 25% external, 0% internal; Reserve: 412M, Max: 4096K
[210.867s][info][gc,stats    ] 
[210.867s][info][gc,stats    ] All times are wall-clock times, except per-root-class counters, that are sum over
[210.867s][info][gc,stats    ] all workers. Dividing the <total> over the root stage time estimates parallelism.
[210.867s][info][gc,stats    ] 
[210.867s][info][gc,stats    ] Concurrent Reset                    369 us
[210.867s][info][gc,stats    ] Pause Init Mark (G)               15367 us
[210.867s][info][gc,stats    ] Pause Init Mark (N)                 110 us
[210.867s][info][gc,stats    ]   Update Region States               32 us
[210.867s][info][gc,stats    ] Concurrent Mark Roots               764 us, parallelism: 0.74x
[210.867s][info][gc,stats    ]   CMR: <total>                      566 us
[210.867s][info][gc,stats    ]   CMR: Thread Roots                 511 us, workers (us): 511, ---, ---, 
[210.867s][info][gc,stats    ]   CMR: VM Strong Roots                8 us, workers (us):   8, ---, ---, 
[210.867s][info][gc,stats    ]   CMR: CLDG Roots                    47 us, workers (us):  47, ---, ---, 
[210.867s][info][gc,stats    ] Concurrent Marking                14731 us
[210.867s][info][gc,stats    ] Pause Final Mark (G)              15509 us
[210.867s][info][gc,stats    ] Pause Final Mark (N)                235 us
[210.867s][info][gc,stats    ]   Finish Mark                        67 us
[210.867s][info][gc,stats    ]   Update Region States               44 us
[210.867s][info][gc,stats    ]   Choose Collection Set              65 us
[210.867s][info][gc,stats    ]   Rebuild Free Set                    8 us
[210.867s][info][gc,stats    ] Concurrent Weak References          229 us, parallelism: 0.13x
[210.867s][info][gc,stats    ]   CWRF: <total>                      31 us
[210.867s][info][gc,stats    ]   CWRF: Weak References              31 us, workers (us):  31, ---, ---, 
[210.867s][info][gc,stats    ] Concurrent Weak Roots             15941 us
[210.867s][info][gc,stats    ]   Roots                            1571 us, parallelism: 0.97x
[210.867s][info][gc,stats    ]     CWR: <total>                   1518 us
[210.867s][info][gc,stats    ]     CWR: Code Cache Roots          1229 us, workers (us): 1229, ---, ---, 
[210.867s][info][gc,stats    ]     CWR: VM Weak Roots              275 us, workers (us): 275, ---, ---, 
[210.867s][info][gc,stats    ]     CWR: CLDG Roots                  14 us, workers (us):  14, ---, ---, 
[210.867s][info][gc,stats    ]   Rendezvous                      14239 us
[210.867s][info][gc,stats    ] Concurrent Cleanup                  109 us
[210.867s][info][gc,stats    ] Concurrent Class Unloading        18291 us
[210.867s][info][gc,stats    ]   Unlink Stale                     4310 us
[210.867s][info][gc,stats    ]     System Dictionary                19 us
[210.867s][info][gc,stats    ]     Weak Class Links                  0 us
[210.867s][info][gc,stats    ]     Code Roots                     4289 us
[210.867s][info][gc,stats    ]   Rendezvous                      11339 us
[210.867s][info][gc,stats    ]   Purge Unlinked                    424 us
[210.867s][info][gc,stats    ]     Code Roots                      415 us
[210.867s][info][gc,stats    ]     CLDG                              8 us
[210.867s][info][gc,stats    ]     Exception Caches                  0 us
[210.867s][info][gc,stats    ] Pause Final Roots (G)             28406 us
[210.867s][info][gc,stats    ] Pause Final Roots (N)                28 us
[210.867s][info][gc,stats    ] 
[210.867s][info][gc,stats    ] Allocation pacing accrued:
[210.867s][info][gc,stats    ]       0 of  1847 ms (  0.0%): <total>
[210.867s][info][gc,stats    ]       0 of  1847 ms (  0.0%): <average total>
[210.867s][info][gc,stats    ] 
[210.867s][info][gc,metaspace] Metaspace: 16542K(16832K)->16542K(16832K) NonClass: 14194K(14336K)->14194K(14336K) Class: 2348K(2496K)->2348K(2496K)
[210.867s][info][gc,ergo     ] Pacer for Idle. Initial: 163M, Alloc Tax Rate: 1.0x
[214.200s][info][gc          ] Trigger: Learning 3 of 5. Free (5728M) is below initial threshold (5734M)
[214.200s][info][gc,ergo     ] Free: 5728M, Max: 4096K regular, 5320M humongous, Frag: 7% external, 0% internal; Reserve: 412M, Max: 4096K
[214.200s][info][gc,start    ] GC(97) Concurrent reset
[214.200s][info][gc,task     ] GC(97) Using 1 of 3 workers for concurrent reset
[214.200s][info][gc,ergo     ] GC(97) Pacer for Reset. Non-Taxable: 8192M
[214.201s][info][gc          ] GC(97) Concurrent reset 1.093ms
[214.201s][info][gc,start    ] GC(97) Pause Init Mark (unload classes)
[214.201s][info][gc,task     ] GC(97) Using 3 of 3 workers for init marking
[214.201s][info][gc,ergo     ] GC(97) Pacer for Mark. Expected Live: 9128K, Free: 5728M, Non-Taxable: 572M, Alloc Tax Rate: 0.0x
[214.201s][info][gc          ] GC(97) Pause Init Mark (unload classes) 0.172ms
[214.202s][info][gc,start    ] GC(97) Concurrent marking roots
[214.202s][info][gc,task     ] GC(97) Using 1 of 3 workers for concurrent marking roots
[214.202s][info][gc          ] GC(97) Concurrent marking roots 0.621ms
[214.202s][info][gc,start    ] GC(97) Concurrent marking (unload classes)
[214.202s][info][gc,task     ] GC(97) Using 1 of 3 workers for concurrent marking
[214.473s][info][gc          ] GC(97) Concurrent marking (unload classes) 271.178ms
[214.473s][info][gc,start    ] GC(97) Pause Final Mark (unload classes)
[214.474s][info][gc,task     ] GC(97) Using 3 of 3 workers for final marking
[214.474s][info][gc,ergo     ] GC(97) Adaptive CSet Selection. Target Free: 1160M, Actual Free: 7443M, Max CSet: 341M, Min Garbage: 0B
[214.474s][info][gc,ergo     ] GC(97) Collectable Garbage: 1916M (99%), Immediate: 1707M (89%), CSet: 208M (10%)
[214.474s][info][gc,ergo     ] GC(97) Pacer for Evacuation. Used CSet: 337M, Free: 7049M, Non-Taxable: 704M, Alloc Tax Rate: 1.1x
[214.474s][info][gc          ] GC(97) Pause Final Mark (unload classes) 0.561ms
[214.474s][info][gc,start    ] GC(97) Concurrent thread roots
[214.474s][info][gc,task     ] GC(97) Using 1 of 3 workers for Concurrent thread roots
[214.475s][info][gc          ] GC(97) Concurrent thread roots 0.579ms
[214.475s][info][gc,start    ] GC(97) Concurrent weak references
[214.475s][info][gc,task     ] GC(97) Using 1 of 3 workers for concurrent weak references
[214.475s][info][gc,ref      ] GC(97) Encountered references: Soft: 173, Weak: 991, Final: 0, Phantom: 41
[214.475s][info][gc,ref      ] GC(97) Discovered  references: Soft: 0, Weak: 213, Final: 0, Phantom: 24
[214.475s][info][gc,ref      ] GC(97) Enqueued    references: Soft: 0, Weak: 6, Final: 0, Phantom: 0
[214.475s][info][gc          ] GC(97) Concurrent weak references 0.073ms
[214.475s][info][gc,start    ] GC(97) Concurrent weak roots
[214.475s][info][gc,task     ] GC(97) Using 1 of 3 workers for concurrent weak root
[214.476s][info][gc          ] GC(97) Concurrent weak roots 0.964ms
[214.476s][info][gc,start    ] GC(97) Concurrent cleanup
[214.476s][info][gc          ] GC(97) Concurrent cleanup 2439M->731M(8192M) 0.038ms
[214.476s][info][gc,ergo     ] GC(97) Free: 7045M, Max: 4096K regular, 5684M humongous, Frag: 20% external, 0% internal; Reserve: 411M, Max: 4096K
[214.476s][info][gc,start    ] GC(97) Concurrent class unloading
[214.476s][info][gc,task     ] GC(97) Using 1 of 3 workers for concurrent class unloading
[214.479s][info][gc          ] GC(97) Concurrent class unloading 3.336ms
[214.479s][info][gc,start    ] GC(97) Concurrent strong roots
[214.479s][info][gc,task     ] GC(97) Using 1 of 3 workers for concurrent strong root
[214.479s][info][gc          ] GC(97) Concurrent strong roots 0.186ms
[214.480s][info][gc,start    ] GC(97) Concurrent evacuation
[214.480s][info][gc,task     ] GC(97) Using 1 of 3 workers for concurrent evacuation
[214.594s][info][gc          ] GC(97) Concurrent evacuation 114.853ms
[214.595s][info][gc,start    ] GC(97) Pause Init Update Refs
[214.595s][info][gc,ergo     ] GC(97) Pacer for Update Refs. Used: 983M, Free: 6925M, Non-Taxable: 692M, Alloc Tax Rate: 1.1x
[214.595s][info][gc          ] GC(97) Pause Init Update Refs 0.054ms
[214.595s][info][gc,start    ] GC(97) Concurrent update references
[214.595s][info][gc,task     ] GC(97) Using 1 of 3 workers for concurrent reference update
[214.993s][info][gc          ] GC(97) Concurrent update references 398.633ms
[214.993s][info][gc,start    ] GC(97) Concurrent update thread roots
[214.994s][info][gc          ] GC(97) Concurrent update thread roots 0.543ms
[214.994s][info][gc,start    ] GC(97) Pause Final Update Refs
[214.994s][info][gc,task     ] GC(97) Using 3 of 3 workers for final reference update
[214.994s][info][gc          ] GC(97) Pause Final Update Refs 0.132ms
[214.994s][info][gc,start    ] GC(97) Concurrent cleanup
[214.994s][info][gc          ] GC(97) Concurrent cleanup 1239M->902M(8192M) 0.066ms
[214.994s][info][gc,ergo     ] Free: 6877M, Max: 4096K regular, 5556M humongous, Frag: 20% external, 0% internal; Reserve: 412M, Max: 4096K
[214.994s][info][gc,stats    ] 
[214.994s][info][gc,stats    ] All times are wall-clock times, except per-root-class counters, that are sum over
[214.994s][info][gc,stats    ] all workers. Dividing the <total> over the root stage time estimates parallelism.
[214.994s][info][gc,stats    ] 
[214.994s][info][gc,stats    ] Concurrent Reset                   1160 us
[214.994s][info][gc,stats    ] Pause Init Mark (G)                 327 us
[214.994s][info][gc,stats    ] Pause Init Mark (N)                 181 us
[214.994s][info][gc,stats    ]   Update Region States               73 us
[214.994s][info][gc,stats    ] Concurrent Mark Roots               638 us, parallelism: 0.83x
[214.994s][info][gc,stats    ]   CMR: <total>                      532 us
[214.994s][info][gc,stats    ]   CMR: Thread Roots                 487 us, workers (us): 487, ---, ---, 
[214.994s][info][gc,stats    ]   CMR: VM Strong Roots                6 us, workers (us):   6, ---, ---, 
[214.994s][info][gc,stats    ]   CMR: CLDG Roots                    39 us, workers (us):  39, ---, ---, 
[214.995s][info][gc,stats    ] Concurrent Marking               271246 us
[214.995s][info][gc,stats    ] Pause Final Mark (G)                750 us
[214.995s][info][gc,stats    ] Pause Final Mark (N)                582 us
[214.995s][info][gc,stats    ]   Finish Mark                       165 us
[214.995s][info][gc,stats    ]   Update Region States              123 us
[214.995s][info][gc,stats    ]   Choose Collection Set             128 us
[214.995s][info][gc,stats    ]   Rebuild Free Set                   22 us
[214.995s][info][gc,stats    ] Concurrent Thread Roots             597 us, parallelism: 0.87x
[214.995s][info][gc,stats    ]   CTR: <total>                      517 us
[214.995s][info][gc,stats    ]   CTR: Thread Roots                 517 us, workers (us): 517, ---, ---, 
[214.995s][info][gc,stats    ] Concurrent Weak References           84 us, parallelism: 0.10x
[214.995s][info][gc,stats    ]   CWRF: <total>                       9 us
[214.995s][info][gc,stats    ]   CWRF: Weak References               9 us, workers (us):   9, ---, ---, 
[214.995s][info][gc,stats    ] Concurrent Weak Roots               981 us
[214.995s][info][gc,stats    ]   Roots                             885 us, parallelism: 0.94x
[214.995s][info][gc,stats    ]     CWR: <total>                    829 us
[214.995s][info][gc,stats    ]     CWR: Code Cache Roots           674 us, workers (us): 674, ---, ---, 
[214.995s][info][gc,stats    ]     CWR: VM Weak Roots              147 us, workers (us): 147, ---, ---, 
[214.995s][info][gc,stats    ]     CWR: CLDG Roots                   8 us, workers (us):   8, ---, ---, 
[214.995s][info][gc,stats    ]   Rendezvous                         64 us
[214.995s][info][gc,stats    ] Concurrent Cleanup                   47 us
[214.995s][info][gc,stats    ] Concurrent Class Unloading         3400 us
[214.995s][info][gc,stats    ]   Unlink Stale                     3025 us
[214.995s][info][gc,stats    ]     System Dictionary                10 us
[214.995s][info][gc,stats    ]     Weak Class Links                  0 us
[214.995s][info][gc,stats    ]     Code Roots                     3014 us
[214.995s][info][gc,stats    ]   Rendezvous                        131 us
[214.995s][info][gc,stats    ]   Purge Unlinked                    161 us
[214.995s][info][gc,stats    ]     Code Roots                      151 us
[214.995s][info][gc,stats    ]     CLDG                              9 us
[214.995s][info][gc,stats    ]     Exception Caches                  0 us
[214.995s][info][gc,stats    ] Concurrent Strong Roots             223 us, parallelism: 0.26x
[214.995s][info][gc,stats    ]   CSR: <total>                       58 us
[214.995s][info][gc,stats    ]   CSR: VM Strong Roots                4 us, workers (us):   4, ---, ---, 
[214.995s][info][gc,stats    ]   CSR: CLDG Roots                    54 us, workers (us):  54, ---, ---, 
[214.995s][info][gc,stats    ] Concurrent Evacuation            114922 us
[214.995s][info][gc,stats    ] Pause Init Update Refs (G)          191 us
[214.995s][info][gc,stats    ] Pause Init Update Refs (N)           62 us
[214.995s][info][gc,stats    ]   Manage GCLABs                       2 us
[214.995s][info][gc,stats    ] Concurrent Update Refs           398721 us
[214.995s][info][gc,stats    ] Concurrent Update Thread Roots      561 us
[214.995s][info][gc,stats    ] Pause Final Update Refs (G)         253 us
[214.995s][info][gc,stats    ] Pause Final Update Refs (N)         172 us
[214.995s][info][gc,stats    ]   Update Region States               50 us
[214.995s][info][gc,stats    ]   Trash Collection Set                7 us
[214.995s][info][gc,stats    ]   Rebuild Free Set                   21 us
[214.995s][info][gc,stats    ] Concurrent Cleanup                   86 us
[214.995s][info][gc,stats    ] 
[214.995s][info][gc,stats    ] Allocation pacing accrued:
[214.995s][info][gc,stats    ]       0 of  4128 ms (  0.0%): <total>
[214.995s][info][gc,stats    ]       0 of  4128 ms (  0.0%): <average total>
[214.995s][info][gc,stats    ] 
[214.995s][info][gc,metaspace] Metaspace: 16545K(16832K)->16545K(16832K) NonClass: 14196K(14336K)->14196K(14336K) Class: 2348K(2496K)->2348K(2496K)
[214.995s][info][gc,ergo     ] Pacer for Idle. Initial: 163M, Alloc Tax Rate: 1.0x
[216.462s][info][gc          ] Trigger: Explicit GC request (System.gc())
[216.462s][info][gc,ergo     ] Free: 6273M, Max: 4096K regular, 5556M humongous, Frag: 12% external, 0% internal; Reserve: 412M, Max: 4096K
[216.462s][info][gc,start    ] GC(98) Concurrent reset
[216.462s][info][gc,task     ] GC(98) Using 1 of 3 workers for concurrent reset
[216.462s][info][gc,ergo     ] GC(98) Pacer for Reset. Non-Taxable: 8192M
[216.464s][info][gc          ] GC(98) Concurrent reset 1.617ms
[216.464s][info][gc,start    ] GC(98) Pause Init Mark (unload classes)
[216.464s][info][gc,task     ] GC(98) Using 3 of 3 workers for init marking
[216.464s][info][gc,ref      ] GC(98) Clearing All SoftReferences
[216.464s][info][gc,ergo     ] GC(98) Pacer for Mark. Expected Live: 35413K, Free: 6273M, Non-Taxable: 627M, Alloc Tax Rate: 0.0x
[216.464s][info][gc          ] GC(98) Pause Init Mark (unload classes) 0.185ms
[216.464s][info][gc,start    ] GC(98) Concurrent marking roots
[216.464s][info][gc,task     ] GC(98) Using 1 of 3 workers for concurrent marking roots
[216.465s][info][gc          ] GC(98) Concurrent marking roots 0.696ms
[216.465s][info][gc,start    ] GC(98) Concurrent marking (unload classes)
[216.465s][info][gc,task     ] GC(98) Using 1 of 3 workers for concurrent marking
[216.470s][info][gc          ] GC(98) Concurrent marking (unload classes) 4.694ms
[216.470s][info][gc,start    ] GC(98) Pause Final Mark (unload classes)
[216.470s][info][gc,task     ] GC(98) Using 3 of 3 workers for final marking
[216.470s][info][gc,ergo     ] GC(98) Collectable Garbage: 1475M (98%), Immediate: 1475M (98%), CSet: 0B (0%)
[216.470s][info][gc          ] GC(98) Pause Final Mark (unload classes) 0.434ms
[216.470s][info][gc,start    ] GC(98) Concurrent weak references
[216.470s][info][gc,task     ] GC(98) Using 1 of 3 workers for concurrent weak references
[216.470s][info][gc,ref      ] GC(98) Encountered references: Soft: 172, Weak: 988, Final: 0, Phantom: 41
[216.470s][info][gc,ref      ] GC(98) Discovered  references: Soft: 108, Weak: 218, Final: 0, Phantom: 24
[216.470s][info][gc,ref      ] GC(98) Enqueued    references: Soft: 4, Weak: 5, Final: 0, Phantom: 0
[216.470s][info][gc          ] GC(98) Concurrent weak references 0.175ms
[216.470s][info][gc,start    ] GC(98) Concurrent weak roots
[216.470s][info][gc,task     ] GC(98) Using 1 of 3 workers for concurrent weak root
[216.471s][info][gc          ] GC(98) Concurrent weak roots 0.960ms
[216.471s][info][gc,start    ] GC(98) Concurrent cleanup
[216.471s][info][gc          ] GC(98) Concurrent cleanup 1506M->30M(8192M) 0.041ms
[216.471s][info][gc,ergo     ] GC(98) Free: 7749M, Max: 4096K regular, 6768M humongous, Frag: 13% external, 0% internal; Reserve: 412M, Max: 4096K
[216.471s][info][gc,start    ] GC(98) Concurrent class unloading
[216.471s][info][gc,task     ] GC(98) Using 1 of 3 workers for concurrent class unloading
[216.478s][info][gc          ] GC(98) Concurrent class unloading 6.780ms
[216.478s][info][gc,start    ] GC(98) Pause Final Roots
[216.478s][info][gc          ] GC(98) Pause Final Roots 0.052ms
[216.478s][info][gc,ergo     ] Free: 7745M, Max: 4096K regular, 6768M humongous, Frag: 13% external, 0% internal; Reserve: 412M, Max: 4096K
[216.479s][info][gc,stats    ] 
[216.479s][info][gc,stats    ] All times are wall-clock times, except per-root-class counters, that are sum over
[216.479s][info][gc,stats    ] all workers. Dividing the <total> over the root stage time estimates parallelism.
[216.479s][info][gc,stats    ] 
[216.479s][info][gc,stats    ] Concurrent Reset                   1674 us
[216.479s][info][gc,stats    ] Pause Init Mark (G)                 312 us
[216.479s][info][gc,stats    ] Pause Init Mark (N)                 194 us
[216.479s][info][gc,stats    ]   Update Region States               89 us
[216.479s][info][gc,stats    ] Concurrent Mark Roots               719 us, parallelism: 0.77x
[216.479s][info][gc,stats    ]   CMR: <total>                      550 us
[216.479s][info][gc,stats    ]   CMR: Thread Roots                 484 us, workers (us): 484, ---, ---, 
[216.479s][info][gc,stats    ]   CMR: VM Strong Roots                8 us, workers (us):   8, ---, ---, 
[216.479s][info][gc,stats    ]   CMR: CLDG Roots                    58 us, workers (us):  58, ---, ---, 
[216.479s][info][gc,stats    ] Concurrent Marking                 4768 us
[216.479s][info][gc,stats    ] Pause Final Mark (G)                581 us
[216.479s][info][gc,stats    ] Pause Final Mark (N)                459 us
[216.479s][info][gc,stats    ]   Finish Mark                       158 us
[216.479s][info][gc,stats    ]   Update Region States               93 us
[216.479s][info][gc,stats    ]   Choose Collection Set              81 us
[216.479s][info][gc,stats    ]   Rebuild Free Set                   22 us
[216.479s][info][gc,stats    ] Concurrent Weak References          191 us, parallelism: 0.06x
[216.479s][info][gc,stats    ]   CWRF: <total>                      11 us
[216.479s][info][gc,stats    ]   CWRF: Weak References              11 us, workers (us):  11, ---, ---, 
[216.479s][info][gc,stats    ] Concurrent Weak Roots               989 us
[216.479s][info][gc,stats    ]   Roots                             856 us, parallelism: 0.92x
[216.479s][info][gc,stats    ]     CWR: <total>                    790 us
[216.479s][info][gc,stats    ]     CWR: Code Cache Roots           644 us, workers (us): 644, ---, ---, 
[216.479s][info][gc,stats    ]     CWR: VM Weak Roots              138 us, workers (us): 138, ---, ---, 
[216.479s][info][gc,stats    ]     CWR: CLDG Roots                   8 us, workers (us):   8, ---, ---, 
[216.479s][info][gc,stats    ]   Rendezvous                         72 us
[216.479s][info][gc,stats    ] Concurrent Cleanup                   50 us
[216.479s][info][gc,stats    ] Concurrent Class Unloading         6858 us
[216.479s][info][gc,stats    ]   Unlink Stale                     6294 us
[216.479s][info][gc,stats    ]     System Dictionary                59 us
[216.479s][info][gc,stats    ]     Weak Class Links               1794 us
[216.479s][info][gc,stats    ]     Code Roots                     4439 us
[216.479s][info][gc,stats    ]   Rendezvous                         83 us
[216.479s][info][gc,stats    ]   Purge Unlinked                    382 us
[216.479s][info][gc,stats    ]     Code Roots                      344 us
[216.479s][info][gc,stats    ]     CLDG                             37 us
[216.479s][info][gc,stats    ]     Exception Caches                  0 us
[216.479s][info][gc,stats    ] Pause Final Roots (G)               125 us
[216.479s][info][gc,stats    ] Pause Final Roots (N)                61 us
[216.479s][info][gc,stats    ] 
[216.479s][info][gc,stats    ] Allocation pacing accrued:
[216.479s][info][gc,stats    ]       0 of  1484 ms (  0.0%): <total>
[216.479s][info][gc,stats    ]       0 of  1484 ms (  0.0%): <average total>
[216.479s][info][gc,stats    ] 
[216.479s][info][gc,metaspace] Metaspace: 16546K(16832K)->16542K(16832K) NonClass: 14198K(14336K)->14194K(14336K) Class: 2348K(2496K)->2347K(2496K)
[216.479s][info][gc,ergo     ] Pacer for Idle. Initial: 163M, Alloc Tax Rate: 1.0x
[218.283s][info][gc          ] Trigger: Learning 2 of 5. Free (5677M) is below initial threshold (5734M)
[218.283s][info][gc,ergo     ] Free: 5677M, Max: 4096K regular, 5660M humongous, Frag: 0% external, 0% internal; Reserve: 412M, Max: 4096K
[218.283s][info][gc,start    ] GC(99) Concurrent reset
[218.283s][info][gc,task     ] GC(99) Using 1 of 3 workers for concurrent reset
[218.283s][info][gc,ergo     ] GC(99) Pacer for Reset. Non-Taxable: 8192M
[218.284s][info][gc          ] GC(99) Concurrent reset 0.375ms
[218.284s][info][gc,start    ] GC(99) Pause Init Mark (unload classes)
[218.284s][info][gc,task     ] GC(99) Using 3 of 3 workers for init marking
[218.284s][info][gc,ergo     ] GC(99) Pacer for Mark. Expected Live: 35361K, Free: 5673M, Non-Taxable: 567M, Alloc Tax Rate: 0.0x
[218.284s][info][gc          ] GC(99) Pause Init Mark (unload classes) 0.147ms
[218.315s][info][gc,start    ] GC(99) Concurrent marking roots
[218.315s][info][gc,task     ] GC(99) Using 1 of 3 workers for concurrent marking roots
[218.315s][info][gc          ] GC(99) Concurrent marking roots 0.732ms
[218.315s][info][gc,start    ] GC(99) Concurrent marking (unload classes)
[218.315s][info][gc,task     ] GC(99) Using 1 of 3 workers for concurrent marking
[218.324s][info][gc          ] GC(99) Concurrent marking (unload classes) 8.102ms
[218.324s][info][gc,start    ] GC(99) Pause Final Mark (unload classes)
[218.324s][info][gc,task     ] GC(99) Using 3 of 3 workers for final marking
[218.324s][info][gc,ergo     ] GC(99) Adaptive CSet Selection. Target Free: 1160M, Actual Free: 7776M, Max CSet: 341M, Min Garbage: 0B
[218.324s][info][gc,ergo     ] GC(99) Collectable Garbage: 2099M (99%), Immediate: 1884M (89%), CSet: 215M (10%)
[218.324s][info][gc,ergo     ] GC(99) Pacer for Evacuation. Used CSet: 216M, Free: 7381M, Non-Taxable: 738M, Alloc Tax Rate: 1.1x
[218.324s][info][gc          ] GC(99) Pause Final Mark (unload classes) 0.213ms
[218.331s][info][gc,start    ] GC(99) Concurrent thread roots
[218.331s][info][gc,task     ] GC(99) Using 1 of 3 workers for Concurrent thread roots
[218.331s][info][gc          ] GC(99) Concurrent thread roots 0.656ms
[218.331s][info][gc,start    ] GC(99) Concurrent weak references
[218.331s][info][gc,task     ] GC(99) Using 1 of 3 workers for concurrent weak references
[218.331s][info][gc,ref      ] GC(99) Encountered references: Soft: 173, Weak: 995, Final: 0, Phantom: 41
[218.331s][info][gc,ref      ] GC(99) Discovered  references: Soft: 0, Weak: 206, Final: 0, Phantom: 24
[218.331s][info][gc,ref      ] GC(99) Enqueued    references: Soft: 0, Weak: 4, Final: 0, Phantom: 0
[218.331s][info][gc          ] GC(99) Concurrent weak references 0.081ms
[218.331s][info][gc,start    ] GC(99) Concurrent weak roots
[218.331s][info][gc,task     ] GC(99) Using 1 of 3 workers for concurrent weak root
[218.346s][info][gc          ] GC(99) Concurrent weak roots 14.683ms
[218.346s][info][gc,start    ] GC(99) Concurrent cleanup
[218.346s][info][gc          ] GC(99) Concurrent cleanup 2378M->494M(8192M) 0.066ms
[218.346s][info][gc,ergo     ] GC(99) Free: 7285M, Max: 4096K regular, 5384M humongous, Frag: 26% external, 0% internal; Reserve: 411M, Max: 4096K
[218.346s][info][gc,start    ] GC(99) Concurrent class unloading
[218.346s][info][gc,task     ] GC(99) Using 1 of 3 workers for concurrent class unloading
[218.362s][info][gc          ] GC(99) Concurrent class unloading 15.994ms
[218.362s][info][gc,start    ] GC(99) Concurrent strong roots
[218.362s][info][gc,task     ] GC(99) Using 1 of 3 workers for concurrent strong root
[218.363s][info][gc          ] GC(99) Concurrent strong roots 0.111ms
[218.363s][info][gc,start    ] GC(99) Concurrent evacuation
[218.363s][info][gc,task     ] GC(99) Using 1 of 3 workers for concurrent evacuation
[218.364s][info][gc          ] GC(99) Concurrent evacuation 1.521ms
[218.364s][info][gc,start    ] GC(99) Pause Init Update Refs
[218.364s][info][gc,ergo     ] GC(99) Pacer for Update Refs. Used: 559M, Free: 7221M, Non-Taxable: 722M, Alloc Tax Rate: 1.1x
[218.364s][info][gc          ] GC(99) Pause Init Update Refs 0.062ms
[218.403s][info][gc,start    ] GC(99) Concurrent update references
[218.403s][info][gc,task     ] GC(99) Using 1 of 3 workers for concurrent reference update
[218.481s][info][gc          ] GC(99) Concurrent update references 78.261ms
[218.481s][info][gc,start    ] GC(99) Concurrent update thread roots
[218.497s][info][gc          ] GC(99) Concurrent update thread roots 15.955ms
[218.497s][info][gc,start    ] GC(99) Pause Final Update Refs
[218.497s][info][gc,task     ] GC(99) Using 3 of 3 workers for final reference update
[218.497s][info][gc          ] GC(99) Pause Final Update Refs 0.185ms
[218.497s][info][gc,start    ] GC(99) Concurrent cleanup
[218.498s][info][gc          ] GC(99) Concurrent cleanup 999M->783M(8192M) 0.032ms
[218.498s][info][gc,ergo     ] Free: 6996M, Max: 4096K regular, 5388M humongous, Frag: 23% external, 0% internal; Reserve: 412M, Max: 4096K
[218.498s][info][gc,stats    ] 
[218.498s][info][gc,stats    ] All times are wall-clock times, except per-root-class counters, that are sum over
[218.498s][info][gc,stats    ] all workers. Dividing the <total> over the root stage time estimates parallelism.
[218.498s][info][gc,stats    ] 
[218.498s][info][gc,stats    ] Concurrent Reset                    401 us
[218.498s][info][gc,stats    ] Pause Init Mark (G)               30997 us
[218.498s][info][gc,stats    ] Pause Init Mark (N)                 158 us
[218.498s][info][gc,stats    ]   Update Region States               34 us
[218.498s][info][gc,stats    ] Concurrent Mark Roots               758 us, parallelism: 0.75x
[218.498s][info][gc,stats    ]   CMR: <total>                      565 us
[218.498s][info][gc,stats    ]   CMR: Thread Roots                 505 us, workers (us): 505, ---, ---, 
[218.498s][info][gc,stats    ]   CMR: VM Strong Roots                8 us, workers (us):   8, ---, ---, 
[218.498s][info][gc,stats    ]   CMR: CLDG Roots                    52 us, workers (us):  52, ---, ---, 
[218.498s][info][gc,stats    ] Concurrent Marking                 8182 us
[218.498s][info][gc,stats    ] Pause Final Mark (G)               7027 us
[218.498s][info][gc,stats    ] Pause Final Mark (N)                222 us
[218.498s][info][gc,stats    ]   Finish Mark                        42 us
[218.498s][info][gc,stats    ]   Update Region States               43 us
[218.498s][info][gc,stats    ]   Choose Collection Set              78 us
[218.498s][info][gc,stats    ]   Rebuild Free Set                    8 us
[218.498s][info][gc,stats    ] Concurrent Thread Roots             676 us, parallelism: 0.78x
[218.498s][info][gc,stats    ]   CTR: <total>                      526 us
[218.498s][info][gc,stats    ]   CTR: Thread Roots                 526 us, workers (us): 526, ---, ---, 
[218.498s][info][gc,stats    ] Concurrent Weak References           88 us, parallelism: 0.23x
[218.498s][info][gc,stats    ]   CWRF: <total>                      20 us
[218.498s][info][gc,stats    ]   CWRF: Weak References              20 us, workers (us):  20, ---, ---, 
[218.498s][info][gc,stats    ] Concurrent Weak Roots             14781 us
[218.498s][info][gc,stats    ]   Roots                            1277 us, parallelism: 0.96x
[218.498s][info][gc,stats    ]     CWR: <total>                   1231 us
[218.498s][info][gc,stats    ]     CWR: Code Cache Roots          1001 us, workers (us): 1001, ---, ---, 
[218.498s][info][gc,stats    ]     CWR: VM Weak Roots              219 us, workers (us): 219, ---, ---, 
[218.498s][info][gc,stats    ]     CWR: CLDG Roots                  11 us, workers (us):  11, ---, ---, 
[218.498s][info][gc,stats    ]   Rendezvous                      13383 us
[218.498s][info][gc,stats    ] Concurrent Cleanup                   76 us
[218.498s][info][gc,stats    ] Concurrent Class Unloading        16064 us
[218.498s][info][gc,stats    ]   Unlink Stale                     3813 us
[218.498s][info][gc,stats    ]     System Dictionary                21 us
[218.498s][info][gc,stats    ]     Weak Class Links                  0 us
[218.498s][info][gc,stats    ]     Code Roots                     3789 us
[218.498s][info][gc,stats    ]   Rendezvous                      11801 us
[218.498s][info][gc,stats    ]   Purge Unlinked                    357 us
[218.498s][info][gc,stats    ]     Code Roots                      350 us
[218.498s][info][gc,stats    ]     CLDG                              6 us
[218.498s][info][gc,stats    ]     Exception Caches                  1 us
[218.498s][info][gc,stats    ] Concurrent Strong Roots             122 us, parallelism: 0.45x
[218.498s][info][gc,stats    ]   CSR: <total>                       55 us
[218.498s][info][gc,stats    ]   CSR: VM Strong Roots                6 us, workers (us):   6, ---, ---, 
[218.498s][info][gc,stats    ]   CSR: CLDG Roots                    49 us, workers (us):  49, ---, ---, 
[218.498s][info][gc,stats    ] Concurrent Evacuation              1577 us
[218.498s][info][gc,stats    ] Pause Init Update Refs (G)        38596 us
[218.498s][info][gc,stats    ] Pause Init Update Refs (N)           71 us
[218.498s][info][gc,stats    ]   Manage GCLABs                       4 us
[218.498s][info][gc,stats    ] Concurrent Update Refs            78348 us
[218.498s][info][gc,stats    ] Concurrent Update Thread Roots    16042 us
[218.498s][info][gc,stats    ] Pause Final Update Refs (G)         364 us
[218.498s][info][gc,stats    ] Pause Final Update Refs (N)         203 us
[218.498s][info][gc,stats    ]   Update Region States               86 us
[218.498s][info][gc,stats    ]   Trash Collection Set                6 us
[218.498s][info][gc,stats    ]   Rebuild Free Set                   19 us
[218.498s][info][gc,stats    ] Concurrent Cleanup                   42 us
[218.498s][info][gc,stats    ] 
[218.498s][info][gc,stats    ] Allocation pacing accrued:
[218.498s][info][gc,stats    ]       0 of  2019 ms (  0.0%): <total>
[218.498s][info][gc,stats    ]       0 of  2019 ms (  0.0%): <average total>
[218.498s][info][gc,stats    ] 
[218.498s][info][gc,metaspace] Metaspace: 16546K(16832K)->16546K(16832K) NonClass: 14198K(14336K)->14198K(14336K) Class: 2348K(2496K)->2348K(2496K)
[218.498s][info][gc,ergo     ] Pacer for Idle. Initial: 163M, Alloc Tax Rate: 1.0x
[221.801s][info][gc          ] Trigger: Learning 3 of 5. Free (5708M) is below initial threshold (5734M)
[221.802s][info][gc,ergo     ] Free: 5708M, Max: 4096K regular, 5388M humongous, Frag: 6% external, 0% internal; Reserve: 412M, Max: 4096K
[221.802s][info][gc,start    ] GC(100) Concurrent reset
[221.802s][info][gc,task     ] GC(100) Using 1 of 3 workers for concurrent reset
[221.802s][info][gc,ergo     ] GC(100) Pacer for Reset. Non-Taxable: 8192M
[221.803s][info][gc          ] GC(100) Concurrent reset 1.168ms
[221.803s][info][gc,start    ] GC(100) Pause Init Mark (unload classes)
[221.803s][info][gc,task     ] GC(100) Using 3 of 3 workers for init marking
[221.803s][info][gc,ergo     ] GC(100) Pacer for Mark. Expected Live: 30774K, Free: 5708M, Non-Taxable: 570M, Alloc Tax Rate: 0.0x
[221.803s][info][gc          ] GC(100) Pause Init Mark (unload classes) 0.098ms
[221.803s][info][gc,start    ] GC(100) Concurrent marking roots
[221.803s][info][gc,task     ] GC(100) Using 1 of 3 workers for concurrent marking roots
[221.804s][info][gc          ] GC(100) Concurrent marking roots 0.687ms
[221.804s][info][gc,start    ] GC(100) Concurrent marking (unload classes)
[221.804s][info][gc,task     ] GC(100) Using 1 of 3 workers for concurrent marking
[222.225s][info][gc          ] GC(100) Concurrent marking (unload classes) 420.750ms
[222.225s][info][gc,start    ] GC(100) Pause Final Mark (unload classes)
[222.225s][info][gc,task     ] GC(100) Using 3 of 3 workers for final marking
[222.225s][info][gc,ergo     ] GC(100) Adaptive CSet Selection. Target Free: 1160M, Actual Free: 7120M, Max CSet: 341M, Min Garbage: 0B
[222.225s][info][gc,ergo     ] GC(100) Collectable Garbage: 1862M (99%), Immediate: 1560M (83%), CSet: 302M (16%)
[222.225s][info][gc,ergo     ] GC(100) Pacer for Evacuation. Used CSet: 505M, Free: 6725M, Non-Taxable: 672M, Alloc Tax Rate: 1.1x
[222.225s][info][gc          ] GC(100) Pause Final Mark (unload classes) 0.422ms
[222.225s][info][gc,start    ] GC(100) Concurrent thread roots
[222.225s][info][gc,task     ] GC(100) Using 1 of 3 workers for Concurrent thread roots
[222.226s][info][gc          ] GC(100) Concurrent thread roots 1.094ms
[222.226s][info][gc,start    ] GC(100) Concurrent weak references
[222.226s][info][gc,task     ] GC(100) Using 1 of 3 workers for concurrent weak references
[222.226s][info][gc,ref      ] GC(100) Encountered references: Soft: 173, Weak: 997, Final: 0, Phantom: 41
[222.226s][info][gc,ref      ] GC(100) Discovered  references: Soft: 0, Weak: 211, Final: 0, Phantom: 24
[222.227s][info][gc,ref      ] GC(100) Enqueued    references: Soft: 0, Weak: 5, Final: 0, Phantom: 0
[222.227s][info][gc          ] GC(100) Concurrent weak references 0.116ms
[222.227s][info][gc,start    ] GC(100) Concurrent weak roots
[222.227s][info][gc,task     ] GC(100) Using 1 of 3 workers for concurrent weak root
[222.228s][info][gc          ] GC(100) Concurrent weak roots 1.057ms
[222.228s][info][gc,start    ] GC(100) Concurrent cleanup
[222.228s][info][gc          ] GC(100) Concurrent cleanup 2612M->1052M(8192M) 0.044ms
[222.228s][info][gc,ergo     ] GC(100) Free: 6725M, Max: 4096K regular, 5148M humongous, Frag: 24% external, 0% internal; Reserve: 410M, Max: 4096K
[222.228s][info][gc,start    ] GC(100) Concurrent class unloading
[222.228s][info][gc,task     ] GC(100) Using 1 of 3 workers for concurrent class unloading
[222.232s][info][gc          ] GC(100) Concurrent class unloading 3.914ms
[222.232s][info][gc,start    ] GC(100) Concurrent strong roots
[222.232s][info][gc,task     ] GC(100) Using 1 of 3 workers for concurrent strong root
[222.232s][info][gc          ] GC(100) Concurrent strong roots 0.147ms
[222.232s][info][gc,start    ] GC(100) Concurrent evacuation
[222.232s][info][gc,task     ] GC(100) Using 1 of 3 workers for concurrent evacuation
[222.407s][info][gc          ] GC(100) Concurrent evacuation 175.137ms
[222.407s][info][gc,start    ] GC(100) Pause Init Update Refs
[222.407s][info][gc,ergo     ] GC(100) Pacer for Update Refs. Used: 1295M, Free: 6685M, Non-Taxable: 668M, Alloc Tax Rate: 1.1x
[222.407s][info][gc          ] GC(100) Pause Init Update Refs 0.084ms
[222.407s][info][gc,start    ] GC(100) Concurrent update references
[222.407s][info][gc,task     ] GC(100) Using 1 of 3 workers for concurrent reference update
[223.068s][info][gc          ] GC(100) Concurrent update references 660.766ms
[223.068s][info][gc,start    ] GC(100) Concurrent update thread roots
[223.069s][info][gc          ] GC(100) Concurrent update thread roots 1.057ms
[223.069s][info][gc,start    ] GC(100) Pause Final Update Refs
[223.069s][info][gc,task     ] GC(100) Using 3 of 3 workers for final reference update
[223.069s][info][gc          ] GC(100) Pause Final Update Refs 0.103ms
[223.069s][info][gc,start    ] GC(100) Concurrent cleanup
[223.069s][info][gc          ] GC(100) Concurrent cleanup 1615M->1110M(8192M) 0.047ms
[223.070s][info][gc,ergo     ] Free: 6669M, Max: 4096K regular, 4948M humongous, Frag: 26% external, 0% internal; Reserve: 412M, Max: 4096K
[223.070s][info][gc,stats    ] 
[223.070s][info][gc,stats    ] All times are wall-clock times, except per-root-class counters, that are sum over
[223.070s][info][gc,stats    ] all workers. Dividing the <total> over the root stage time estimates parallelism.
[223.070s][info][gc,stats    ] 
[223.070s][info][gc,stats    ] Concurrent Reset                   1252 us
[223.070s][info][gc,stats    ] Pause Init Mark (G)                 301 us
[223.070s][info][gc,stats    ] Pause Init Mark (N)                 108 us
[223.070s][info][gc,stats    ]   Update Region States               22 us
[223.070s][info][gc,stats    ] Concurrent Mark Roots               708 us, parallelism: 0.84x
[223.070s][info][gc,stats    ]   CMR: <total>                      592 us
[223.070s][info][gc,stats    ]   CMR: Thread Roots                 551 us, workers (us): 551, ---, ---, 
[223.070s][info][gc,stats    ]   CMR: VM Strong Roots                5 us, workers (us):   5, ---, ---, 
[223.070s][info][gc,stats    ]   CMR: CLDG Roots                    36 us, workers (us):  36, ---, ---, 
[223.070s][info][gc,stats    ] Concurrent Marking               420818 us
[223.070s][info][gc,stats    ] Pause Final Mark (G)                572 us
[223.070s][info][gc,stats    ] Pause Final Mark (N)                439 us
[223.070s][info][gc,stats    ]   Finish Mark                       112 us
[223.070s][info][gc,stats    ]   Update Region States               88 us
[223.070s][info][gc,stats    ]   Choose Collection Set             109 us
[223.070s][info][gc,stats    ]   Rebuild Free Set                   16 us
[223.070s][info][gc,stats    ] Concurrent Thread Roots            1118 us, parallelism: 0.89x
[223.070s][info][gc,stats    ]   CTR: <total>                     1000 us
[223.070s][info][gc,stats    ]   CTR: Thread Roots                1000 us, workers (us): 1000, ---, ---, 
[223.070s][info][gc,stats    ] Concurrent Weak References          124 us, parallelism: 0.22x
[223.070s][info][gc,stats    ]   CWRF: <total>                      27 us
[223.070s][info][gc,stats    ]   CWRF: Weak References              27 us, workers (us):  27, ---, ---, 
[223.070s][info][gc,stats    ] Concurrent Weak Roots              1084 us
[223.070s][info][gc,stats    ]   Roots                             960 us, parallelism: 0.94x
[223.070s][info][gc,stats    ]     CWR: <total>                    898 us
[223.070s][info][gc,stats    ]     CWR: Code Cache Roots           716 us, workers (us): 716, ---, ---, 
[223.070s][info][gc,stats    ]     CWR: VM Weak Roots              173 us, workers (us): 173, ---, ---, 
[223.070s][info][gc,stats    ]     CWR: CLDG Roots                   9 us, workers (us):   9, ---, ---, 
[223.070s][info][gc,stats    ]   Rendezvous                         80 us
[223.070s][info][gc,stats    ] Concurrent Cleanup                   57 us
[223.070s][info][gc,stats    ] Concurrent Class Unloading         3967 us
[223.070s][info][gc,stats    ]   Unlink Stale                     3504 us
[223.070s][info][gc,stats    ]     System Dictionary                 9 us
[223.070s][info][gc,stats    ]     Weak Class Links                  0 us
[223.070s][info][gc,stats    ]     Code Roots                     3492 us
[223.070s][info][gc,stats    ]   Rendezvous                        150 us
[223.070s][info][gc,stats    ]   Purge Unlinked                    242 us
[223.070s][info][gc,stats    ]     Code Roots                      233 us
[223.070s][info][gc,stats    ]     CLDG                              8 us
[223.070s][info][gc,stats    ]     Exception Caches                  0 us
[223.070s][info][gc,stats    ] Concurrent Strong Roots             183 us, parallelism: 0.21x
[223.070s][info][gc,stats    ]   CSR: <total>                       38 us
[223.070s][info][gc,stats    ]   CSR: VM Strong Roots                3 us, workers (us):   3, ---, ---, 
[223.070s][info][gc,stats    ]   CSR: CLDG Roots                    35 us, workers (us):  35, ---, ---, 
[223.070s][info][gc,stats    ] Concurrent Evacuation            175205 us
[223.070s][info][gc,stats    ] Pause Init Update Refs (G)          277 us
[223.070s][info][gc,stats    ] Pause Init Update Refs (N)          101 us
[223.070s][info][gc,stats    ]   Manage GCLABs                       4 us
[223.070s][info][gc,stats    ] Concurrent Update Refs           660852 us
[223.070s][info][gc,stats    ] Concurrent Update Thread Roots     1074 us
[223.070s][info][gc,stats    ] Pause Final Update Refs (G)         189 us
[223.070s][info][gc,stats    ] Pause Final Update Refs (N)         119 us
[223.070s][info][gc,stats    ]   Update Region States               37 us
[223.070s][info][gc,stats    ]   Trash Collection Set                4 us
[223.070s][info][gc,stats    ]   Rebuild Free Set                   10 us
[223.070s][info][gc,stats    ] Concurrent Cleanup                   65 us
[223.070s][info][gc,stats    ] 
[223.070s][info][gc,stats    ] Allocation pacing accrued:
[223.070s][info][gc,stats    ]       0 of  4572 ms (  0.0%): <total>
[223.070s][info][gc,stats    ]       0 of  4572 ms (  0.0%): <average total>
[223.070s][info][gc,stats    ] 
[223.071s][info][gc,metaspace] Metaspace: 16546K(16832K)->16546K(16832K) NonClass: 14198K(14336K)->14198K(14336K) Class: 2348K(2496K)->2348K(2496K)
[223.071s][info][gc,ergo     ] Pacer for Idle. Initial: 163M, Alloc Tax Rate: 1.0x
[224.097s][info][gc          ] Trigger: Explicit GC request (System.gc())
[224.097s][info][gc,ergo     ] Free: 6377M, Max: 4096K regular, 4948M humongous, Frag: 23% external, 0% internal; Reserve: 412M, Max: 4096K
[224.097s][info][gc,start    ] GC(101) Concurrent reset
[224.097s][info][gc,task     ] GC(101) Using 1 of 3 workers for concurrent reset
[224.097s][info][gc,ergo     ] GC(101) Pacer for Reset. Non-Taxable: 8192M
[224.100s][info][gc          ] GC(101) Concurrent reset 2.767ms
[224.100s][info][gc,start    ] GC(101) Pause Init Mark (unload classes)
[224.100s][info][gc,task     ] GC(101) Using 3 of 3 workers for init marking
[224.100s][info][gc,ref      ] GC(101) Clearing All SoftReferences
[224.100s][info][gc,ergo     ] GC(101) Pacer for Mark. Expected Live: 72070K, Free: 6377M, Non-Taxable: 637M, Alloc Tax Rate: 0.0x
[224.100s][info][gc          ] GC(101) Pause Init Mark (unload classes) 0.137ms
[224.100s][info][gc,start    ] GC(101) Concurrent marking roots
[224.100s][info][gc,task     ] GC(101) Using 1 of 3 workers for concurrent marking roots
[224.101s][info][gc          ] GC(101) Concurrent marking roots 1.145ms
[224.101s][info][gc,start    ] GC(101) Concurrent marking (unload classes)
[224.102s][info][gc,task     ] GC(101) Using 1 of 3 workers for concurrent marking
[224.107s][info][gc          ] GC(101) Concurrent marking (unload classes) 5.499ms
[224.107s][info][gc,start    ] GC(101) Pause Final Mark (unload classes)
[224.107s][info][gc,task     ] GC(101) Using 3 of 3 workers for final marking
[224.107s][info][gc,ergo     ] GC(101) Collectable Garbage: 1372M (98%), Immediate: 1372M (98%), CSet: 0B (0%)
[224.107s][info][gc          ] GC(101) Pause Final Mark (unload classes) 0.367ms
[224.108s][info][gc,start    ] GC(101) Concurrent weak references
[224.108s][info][gc,task     ] GC(101) Using 1 of 3 workers for concurrent weak references
[224.108s][info][gc,ref      ] GC(101) Encountered references: Soft: 172, Weak: 993, Final: 0, Phantom: 41
[224.108s][info][gc,ref      ] GC(101) Discovered  references: Soft: 108, Weak: 221, Final: 0, Phantom: 24
[224.108s][info][gc,ref      ] GC(101) Enqueued    references: Soft: 4, Weak: 8, Final: 0, Phantom: 0
[224.108s][info][gc          ] GC(101) Concurrent weak references 0.187ms
[224.108s][info][gc,start    ] GC(101) Concurrent weak roots
[224.108s][info][gc,task     ] GC(101) Using 1 of 3 workers for concurrent weak root
[224.109s][info][gc          ] GC(101) Concurrent weak roots 1.107ms
[224.109s][info][gc,start    ] GC(101) Concurrent cleanup
[224.109s][info][gc          ] GC(101) Concurrent cleanup 1402M->30M(8192M) 0.063ms
[224.109s][info][gc,ergo     ] GC(101) Free: 7749M, Max: 4096K regular, 7092M humongous, Frag: 9% external, 0% internal; Reserve: 412M, Max: 4096K
[224.109s][info][gc,start    ] GC(101) Concurrent class unloading
[224.109s][info][gc,task     ] GC(101) Using 1 of 3 workers for concurrent class unloading
[224.114s][info][gc          ] GC(101) Concurrent class unloading 5.344ms
[224.114s][info][gc,start    ] GC(101) Pause Final Roots
[224.115s][info][gc          ] GC(101) Pause Final Roots 0.034ms
[224.115s][info][gc,ergo     ] Free: 7749M, Max: 4096K regular, 7092M humongous, Frag: 9% external, 0% internal; Reserve: 412M, Max: 4096K
[224.115s][info][gc,stats    ] 
[224.115s][info][gc,stats    ] All times are wall-clock times, except per-root-class counters, that are sum over
[224.115s][info][gc,stats    ] all workers. Dividing the <total> over the root stage time estimates parallelism.
[224.115s][info][gc,stats    ] 
[224.115s][info][gc,stats    ] Concurrent Reset                   2825 us
[224.115s][info][gc,stats    ] Pause Init Mark (G)                 234 us
[224.115s][info][gc,stats    ] Pause Init Mark (N)                 148 us
[224.115s][info][gc,stats    ]   Update Region States               70 us
[224.115s][info][gc,stats    ] Concurrent Mark Roots              1162 us, parallelism: 0.87x
[224.115s][info][gc,stats    ]   CMR: <total>                     1012 us
[224.115s][info][gc,stats    ]   CMR: Thread Roots                 965 us, workers (us): 965, ---, ---, 
[224.115s][info][gc,stats    ]   CMR: VM Strong Roots                5 us, workers (us):   5, ---, ---, 
[224.115s][info][gc,stats    ]   CMR: CLDG Roots                    42 us, workers (us):  42, ---, ---, 
[224.115s][info][gc,stats    ] Concurrent Marking                 5566 us
[224.115s][info][gc,stats    ] Pause Final Mark (G)                505 us
[224.115s][info][gc,stats    ] Pause Final Mark (N)                391 us
[224.115s][info][gc,stats    ]   Finish Mark                       120 us
[224.115s][info][gc,stats    ]   Update Region States               73 us
[224.115s][info][gc,stats    ]   Choose Collection Set              73 us
[224.115s][info][gc,stats    ]   Rebuild Free Set                   21 us
[224.115s][info][gc,stats    ] Concurrent Weak References          194 us, parallelism: 0.16x
[224.115s][info][gc,stats    ]   CWRF: <total>                      32 us
[224.115s][info][gc,stats    ]   CWRF: Weak References              32 us, workers (us):  32, ---, ---, 
[224.115s][info][gc,stats    ] Concurrent Weak Roots              1215 us
[224.115s][info][gc,stats    ]   Roots                            1013 us, parallelism: 0.88x
[224.115s][info][gc,stats    ]     CWR: <total>                    895 us
[224.115s][info][gc,stats    ]     CWR: Code Cache Roots           735 us, workers (us): 735, ---, ---, 
[224.115s][info][gc,stats    ]     CWR: VM Weak Roots              150 us, workers (us): 150, ---, ---, 
[224.115s][info][gc,stats    ]     CWR: CLDG Roots                  10 us, workers (us):  10, ---, ---, 
[224.115s][info][gc,stats    ]   Rendezvous                         67 us
[224.115s][info][gc,stats    ] Concurrent Cleanup                   72 us
[224.115s][info][gc,stats    ] Concurrent Class Unloading         5393 us
[224.115s][info][gc,stats    ]   Unlink Stale                     5024 us
[224.115s][info][gc,stats    ]     System Dictionary                94 us
[224.115s][info][gc,stats    ]     Weak Class Links               1840 us
[224.115s][info][gc,stats    ]     Code Roots                     3089 us
[224.115s][info][gc,stats    ]   Rendezvous                         64 us
[224.115s][info][gc,stats    ]   Purge Unlinked                    236 us
[224.115s][info][gc,stats    ]     Code Roots                      217 us
[224.115s][info][gc,stats    ]     CLDG                             20 us
[224.115s][info][gc,stats    ]     Exception Caches                  0 us
[224.115s][info][gc,stats    ] Pause Final Roots (G)                73 us
[224.115s][info][gc,stats    ] Pause Final Roots (N)                43 us
[224.115s][info][gc,stats    ] 
[224.115s][info][gc,stats    ] Allocation pacing accrued:
[224.115s][info][gc,stats    ]       0 of  1044 ms (  0.0%): <total>
[224.115s][info][gc,stats    ]       0 of  1044 ms (  0.0%): <average total>
[224.115s][info][gc,stats    ] 
[224.115s][info][gc,metaspace] Metaspace: 16546K(16832K)->16542K(16832K) NonClass: 14198K(14336K)->14194K(14336K) Class: 2348K(2496K)->2347K(2496K)
[224.115s][info][gc,ergo     ] Pacer for Idle. Initial: 163M, Alloc Tax Rate: 1.0x
[225.631s][info][gc          ] Trigger: Average GC time (1338.96 ms) is above the time for instantaneous allocation rate (5543 MB/s) to deplete free headroom (6344M) (spike threshold = 1.70)
[225.631s][info][gc,ergo     ] Free: 6753M, Max: 4096K regular, 6736M humongous, Frag: 0% external, 0% internal; Reserve: 412M, Max: 4096K
[225.631s][info][gc,start    ] GC(102) Concurrent reset
[225.632s][info][gc,task     ] GC(102) Using 1 of 3 workers for concurrent reset
[225.632s][info][gc,ergo     ] GC(102) Pacer for Reset. Non-Taxable: 8192M
[225.632s][info][gc          ] GC(102) Concurrent reset 0.403ms
[225.632s][info][gc,start    ] GC(102) Pause Init Mark (unload classes)
[225.632s][info][gc,task     ] GC(102) Using 3 of 3 workers for init marking
[225.632s][info][gc,ergo     ] GC(102) Pacer for Mark. Expected Live: 72019K, Free: 6753M, Non-Taxable: 675M, Alloc Tax Rate: 0.0x
[225.632s][info][gc          ] GC(102) Pause Init Mark (unload classes) 0.101ms
[225.647s][info][gc,start    ] GC(102) Concurrent marking roots
[225.647s][info][gc,task     ] GC(102) Using 1 of 3 workers for concurrent marking roots
[225.648s][info][gc          ] GC(102) Concurrent marking roots 0.740ms
[225.648s][info][gc,start    ] GC(102) Concurrent marking (unload classes)
[225.648s][info][gc,task     ] GC(102) Using 1 of 3 workers for concurrent marking
[225.679s][info][gc          ] GC(102) Concurrent marking (unload classes) 30.588ms
[225.679s][info][gc,start    ] GC(102) Pause Final Mark (unload classes)
[225.679s][info][gc,task     ] GC(102) Using 3 of 3 workers for final marking
[225.679s][info][gc,ergo     ] GC(102) Adaptive CSet Selection. Target Free: 1160M, Actual Free: 7708M, Max CSet: 341M, Min Garbage: 0B
[225.679s][info][gc,ergo     ] GC(102) Collectable Garbage: 1019M (99%), Immediate: 800M (78%), CSet: 219M (21%)
[225.679s][info][gc,ergo     ] GC(102) Pacer for Evacuation. Used CSet: 220M, Free: 7313M, Non-Taxable: 731M, Alloc Tax Rate: 1.1x
[225.679s][info][gc          ] GC(102) Pause Final Mark (unload classes) 0.221ms
[225.679s][info][gc,start    ] GC(102) Concurrent thread roots
[225.679s][info][gc,task     ] GC(102) Using 1 of 3 workers for Concurrent thread roots
[225.680s][info][gc          ] GC(102) Concurrent thread roots 0.597ms
[225.680s][info][gc,start    ] GC(102) Concurrent weak references
[225.680s][info][gc,task     ] GC(102) Using 1 of 3 workers for concurrent weak references
[225.680s][info][gc,ref      ] GC(102) Encountered references: Soft: 173, Weak: 993, Final: 0, Phantom: 41
[225.680s][info][gc,ref      ] GC(102) Discovered  references: Soft: 0, Weak: 206, Final: 0, Phantom: 24
[225.680s][info][gc,ref      ] GC(102) Enqueued    references: Soft: 0, Weak: 5, Final: 0, Phantom: 0
[225.680s][info][gc          ] GC(102) Concurrent weak references 0.072ms
[225.680s][info][gc,start    ] GC(102) Concurrent weak roots
[225.680s][info][gc,task     ] GC(102) Using 1 of 3 workers for concurrent weak root
[225.694s][info][gc          ] GC(102) Concurrent weak roots 14.381ms
[225.694s][info][gc,start    ] GC(102) Concurrent cleanup
[225.694s][info][gc          ] GC(102) Concurrent cleanup 1338M->538M(8192M) 0.054ms
[225.694s][info][gc,ergo     ] GC(102) Free: 7241M, Max: 4096K regular, 6424M humongous, Frag: 12% external, 0% internal; Reserve: 411M, Max: 4096K
[225.694s][info][gc,start    ] GC(102) Concurrent class unloading
[225.694s][info][gc,task     ] GC(102) Using 1 of 3 workers for concurrent class unloading
[225.710s][info][gc          ] GC(102) Concurrent class unloading 15.596ms
[225.710s][info][gc,start    ] GC(102) Concurrent strong roots
[225.710s][info][gc,task     ] GC(102) Using 1 of 3 workers for concurrent strong root
[225.710s][info][gc          ] GC(102) Concurrent strong roots 0.114ms
[225.710s][info][gc,start    ] GC(102) Concurrent evacuation
[225.710s][info][gc,task     ] GC(102) Using 1 of 3 workers for concurrent evacuation
[225.711s][info][gc          ] GC(102) Concurrent evacuation 1.314ms
[225.712s][info][gc,start    ] GC(102) Pause Init Update Refs
[225.712s][info][gc,ergo     ] GC(102) Pacer for Update Refs. Used: 598M, Free: 7181M, Non-Taxable: 718M, Alloc Tax Rate: 1.1x
[225.712s][info][gc          ] GC(102) Pause Init Update Refs 0.060ms
[225.725s][info][gc,start    ] GC(102) Concurrent update references
[225.725s][info][gc,task     ] GC(102) Using 1 of 3 workers for concurrent reference update
[225.831s][info][gc          ] GC(102) Concurrent update references 105.618ms
[225.831s][info][gc,start    ] GC(102) Concurrent update thread roots
[225.834s][info][gc          ] GC(102) Concurrent update thread roots 2.843ms
[225.834s][info][gc,start    ] GC(102) Pause Final Update Refs
[225.834s][info][gc,task     ] GC(102) Using 3 of 3 workers for final reference update
[225.834s][info][gc          ] GC(102) Pause Final Update Refs 0.087ms
[225.851s][info][gc,start    ] GC(102) Concurrent cleanup
[225.851s][info][gc          ] GC(102) Concurrent cleanup 1054M->882M(8192M) 0.130ms
[225.851s][info][gc,ergo     ] Free: 6897M, Max: 4096K regular, 6432M humongous, Frag: 7% external, 0% internal; Reserve: 412M, Max: 4096K
[225.852s][info][gc,stats    ] 
[225.852s][info][gc,stats    ] All times are wall-clock times, except per-root-class counters, that are sum over
[225.852s][info][gc,stats    ] all workers. Dividing the <total> over the root stage time estimates parallelism.
[225.852s][info][gc,stats    ] 
[225.852s][info][gc,stats    ] Concurrent Reset                    426 us
[225.852s][info][gc,stats    ] Pause Init Mark (G)               15244 us
[225.852s][info][gc,stats    ] Pause Init Mark (N)                 111 us
[225.852s][info][gc,stats    ]   Update Region States               32 us
[225.852s][info][gc,stats    ] Concurrent Mark Roots               757 us, parallelism: 0.76x
[225.852s][info][gc,stats    ]   CMR: <total>                      572 us
[225.852s][info][gc,stats    ]   CMR: Thread Roots                 516 us, workers (us): 516, ---, ---, 
[225.852s][info][gc,stats    ]   CMR: VM Strong Roots                9 us, workers (us):   9, ---, ---, 
[225.852s][info][gc,stats    ]   CMR: CLDG Roots                    46 us, workers (us):  46, ---, ---, 
[225.852s][info][gc,stats    ] Concurrent Marking                30688 us
[225.852s][info][gc,stats    ] Pause Final Mark (G)                415 us
[225.852s][info][gc,stats    ] Pause Final Mark (N)                230 us
[225.852s][info][gc,stats    ]   Finish Mark                        56 us
[225.852s][info][gc,stats    ]   Update Region States               39 us
[225.852s][info][gc,stats    ]   Choose Collection Set              81 us
[225.852s][info][gc,stats    ]   Rebuild Free Set                    8 us
[225.852s][info][gc,stats    ] Concurrent Thread Roots             615 us, parallelism: 0.90x
[225.852s][info][gc,stats    ]   CTR: <total>                      553 us
[225.852s][info][gc,stats    ]   CTR: Thread Roots                 553 us, workers (us): 553, ---, ---, 
[225.852s][info][gc,stats    ] Concurrent Weak References           79 us, parallelism: 0.22x
[225.852s][info][gc,stats    ]   CWRF: <total>                      18 us
[225.852s][info][gc,stats    ]   CWRF: Weak References              18 us, workers (us):  18, ---, ---, 
[225.852s][info][gc,stats    ] Concurrent Weak Roots             14462 us
[225.852s][info][gc,stats    ]   Roots                            1216 us, parallelism: 0.97x
[225.852s][info][gc,stats    ]     CWR: <total>                   1176 us
[225.852s][info][gc,stats    ]     CWR: Code Cache Roots           935 us, workers (us): 935, ---, ---, 
[225.852s][info][gc,stats    ]     CWR: VM Weak Roots              230 us, workers (us): 230, ---, ---, 
[225.852s][info][gc,stats    ]     CWR: CLDG Roots                  11 us, workers (us):  11, ---, ---, 
[225.852s][info][gc,stats    ]   Rendezvous                      13142 us
[225.852s][info][gc,stats    ] Concurrent Cleanup                   64 us
[225.852s][info][gc,stats    ] Concurrent Class Unloading        15662 us
[225.852s][info][gc,stats    ]   Unlink Stale                     3833 us
[225.852s][info][gc,stats    ]     System Dictionary                15 us
[225.852s][info][gc,stats    ]     Weak Class Links                  0 us
[225.852s][info][gc,stats    ]     Code Roots                     3815 us
[225.852s][info][gc,stats    ]   Rendezvous                      11354 us
[225.852s][info][gc,stats    ]   Purge Unlinked                    387 us
[225.852s][info][gc,stats    ]     Code Roots                      374 us
[225.852s][info][gc,stats    ]     CLDG                             12 us
[225.852s][info][gc,stats    ]     Exception Caches                  0 us
[225.852s][info][gc,stats    ] Concurrent Strong Roots             134 us, parallelism: 0.39x
[225.852s][info][gc,stats    ]   CSR: <total>                       53 us
[225.852s][info][gc,stats    ]   CSR: VM Strong Roots                5 us, workers (us):   5, ---, ---, 
[225.852s][info][gc,stats    ]   CSR: CLDG Roots                    48 us, workers (us):  48, ---, ---, 
[225.852s][info][gc,stats    ] Concurrent Evacuation              1371 us
[225.852s][info][gc,stats    ] Pause Init Update Refs (G)        13730 us
[225.852s][info][gc,stats    ] Pause Init Update Refs (N)           70 us
[225.852s][info][gc,stats    ]   Manage GCLABs                       4 us
[225.852s][info][gc,stats    ] Concurrent Update Refs           105692 us
[225.852s][info][gc,stats    ] Concurrent Update Thread Roots     2883 us
[225.852s][info][gc,stats    ] Pause Final Update Refs (G)       17538 us
[225.852s][info][gc,stats    ] Pause Final Update Refs (N)         126 us
[225.852s][info][gc,stats    ]   Update Region States               40 us
[225.852s][info][gc,stats    ]   Trash Collection Set                4 us
[225.852s][info][gc,stats    ]   Rebuild Free Set                   18 us
[225.852s][info][gc,stats    ] Concurrent Cleanup                  144 us
[225.852s][info][gc,stats    ] 
[225.852s][info][gc,stats    ] Allocation pacing accrued:
[225.852s][info][gc,stats    ]       0 of  1737 ms (  0.0%): <total>
[225.852s][info][gc,stats    ]       0 of  1737 ms (  0.0%): <average total>
[225.852s][info][gc,stats    ] 
[225.852s][info][gc,metaspace] Metaspace: 16546K(16832K)->16546K(16832K) NonClass: 14198K(14336K)->14198K(14336K) Class: 2348K(2496K)->2348K(2496K)
[225.852s][info][gc,ergo     ] Pacer for Idle. Initial: 163M, Alloc Tax Rate: 1.0x
[226.167s][info][gc          ] Trigger: Learning 3 of 5. Free (5720M) is below initial threshold (5734M)
[226.167s][info][gc,ergo     ] Free: 5720M, Max: 4096K regular, 5700M humongous, Frag: 0% external, 0% internal; Reserve: 412M, Max: 4096K
[226.167s][info][gc,start    ] GC(103) Concurrent reset
[226.167s][info][gc,task     ] GC(103) Using 1 of 3 workers for concurrent reset
[226.167s][info][gc,ergo     ] GC(103) Pacer for Reset. Non-Taxable: 8192M
[226.168s][info][gc          ] GC(103) Concurrent reset 1.092ms
[226.168s][info][gc,start    ] GC(103) Pause Init Mark (unload classes)
[226.168s][info][gc,task     ] GC(103) Using 3 of 3 workers for init marking
[226.168s][info][gc,ergo     ] GC(103) Pacer for Mark. Expected Live: 45737K, Free: 5720M, Non-Taxable: 572M, Alloc Tax Rate: 0.0x
[226.168s][info][gc          ] GC(103) Pause Init Mark (unload classes) 0.110ms
[226.168s][info][gc,start    ] GC(103) Concurrent marking roots
[226.168s][info][gc,task     ] GC(103) Using 1 of 3 workers for concurrent marking roots
[226.169s][info][gc          ] GC(103) Concurrent marking roots 0.527ms
[226.169s][info][gc,start    ] GC(103) Concurrent marking (unload classes)
[226.169s][info][gc,task     ] GC(103) Using 1 of 3 workers for concurrent marking
[226.320s][info][gc          ] GC(103) Concurrent marking (unload classes) 151.021ms
[226.320s][info][gc,start    ] GC(103) Pause Final Mark (unload classes)
[226.320s][info][gc,task     ] GC(103) Using 3 of 3 workers for final marking
[226.320s][info][gc,ergo     ] GC(103) Collectable Garbage: 1908M (96%), Immediate: 1908M (96%), CSet: 0B (0%)
[226.320s][info][gc          ] GC(103) Pause Final Mark (unload classes) 0.150ms
[226.320s][info][gc,start    ] GC(103) Concurrent weak references
[226.320s][info][gc,task     ] GC(103) Using 1 of 3 workers for concurrent weak references
[226.320s][info][gc,ref      ] GC(103) Encountered references: Soft: 173, Weak: 990, Final: 0, Phantom: 41
[226.320s][info][gc,ref      ] GC(103) Discovered  references: Soft: 0, Weak: 210, Final: 0, Phantom: 38
[226.320s][info][gc,ref      ] GC(103) Enqueued    references: Soft: 0, Weak: 0, Final: 0, Phantom: 0
[226.320s][info][gc          ] GC(103) Concurrent weak references 0.086ms
[226.320s][info][gc,start    ] GC(103) Concurrent weak roots
[226.320s][info][gc,task     ] GC(103) Using 1 of 3 workers for concurrent weak root
[226.321s][info][gc          ] GC(103) Concurrent weak roots 0.991ms
[226.321s][info][gc,start    ] GC(103) Concurrent cleanup
[226.321s][info][gc          ] GC(103) Concurrent cleanup 2199M->291M(8192M) 0.048ms
[226.321s][info][gc,ergo     ] GC(103) Free: 7488M, Max: 4096K regular, 5560M humongous, Frag: 26% external, 0% internal; Reserve: 412M, Max: 4096K
[226.321s][info][gc,start    ] GC(103) Concurrent class unloading
[226.321s][info][gc,task     ] GC(103) Using 1 of 3 workers for concurrent class unloading
[226.325s][info][gc          ] GC(103) Concurrent class unloading 3.225ms
[226.325s][info][gc,start    ] GC(103) Pause Final Roots
[226.325s][info][gc          ] GC(103) Pause Final Roots 0.020ms
[226.325s][info][gc,ergo     ] Free: 7485M, Max: 4096K regular, 5560M humongous, Frag: 26% external, 0% internal; Reserve: 412M, Max: 4096K
[226.325s][info][gc,stats    ] 
[226.325s][info][gc,stats    ] All times are wall-clock times, except per-root-class counters, that are sum over
[226.325s][info][gc,stats    ] all workers. Dividing the <total> over the root stage time estimates parallelism.
[226.325s][info][gc,stats    ] 
[226.325s][info][gc,stats    ] Concurrent Reset                   1114 us
[226.325s][info][gc,stats    ] Pause Init Mark (G)                 238 us
[226.325s][info][gc,stats    ] Pause Init Mark (N)                 119 us
[226.325s][info][gc,stats    ]   Update Region States               24 us
[226.325s][info][gc,stats    ] Concurrent Mark Roots               539 us, parallelism: 0.86x
[226.325s][info][gc,stats    ]   CMR: <total>                      464 us
[226.325s][info][gc,stats    ]   CMR: Thread Roots                 406 us, workers (us): 406, ---, ---, 
[226.325s][info][gc,stats    ]   CMR: VM Strong Roots                8 us, workers (us):   8, ---, ---, 
[226.325s][info][gc,stats    ]   CMR: CLDG Roots                    50 us, workers (us):  50, ---, ---, 
[226.325s][info][gc,stats    ] Concurrent Marking               151080 us
[226.325s][info][gc,stats    ] Pause Final Mark (G)                217 us
[226.325s][info][gc,stats    ] Pause Final Mark (N)                160 us
[226.325s][info][gc,stats    ]   Finish Mark                        30 us
[226.325s][info][gc,stats    ]   Update Region States               31 us
[226.325s][info][gc,stats    ]   Choose Collection Set              30 us
[226.325s][info][gc,stats    ]   Rebuild Free Set                    8 us
[226.325s][info][gc,stats    ] Concurrent Weak References           93 us, parallelism: 0.15x
[226.325s][info][gc,stats    ]   CWRF: <total>                      14 us
[226.325s][info][gc,stats    ]   CWRF: Weak References              14 us, workers (us):  14, ---, ---, 
[226.325s][info][gc,stats    ] Concurrent Weak Roots              1023 us
[226.325s][info][gc,stats    ]   Roots                             934 us, parallelism: 0.97x
[226.325s][info][gc,stats    ]     CWR: <total>                    902 us
[226.325s][info][gc,stats    ]     CWR: Code Cache Roots           730 us, workers (us): 730, ---, ---, 
[226.325s][info][gc,stats    ]     CWR: VM Weak Roots              163 us, workers (us): 163, ---, ---, 
[226.325s][info][gc,stats    ]     CWR: CLDG Roots                   9 us, workers (us):   9, ---, ---, 
[226.325s][info][gc,stats    ]   Rendezvous                         40 us
[226.325s][info][gc,stats    ] Concurrent Cleanup                   57 us
[226.325s][info][gc,stats    ] Concurrent Class Unloading         3277 us
[226.325s][info][gc,stats    ]   Unlink Stale                     2999 us
[226.325s][info][gc,stats    ]     System Dictionary                 9 us
[226.325s][info][gc,stats    ]     Weak Class Links                  0 us
[226.325s][info][gc,stats    ]     Code Roots                     2989 us
[226.325s][info][gc,stats    ]   Rendezvous                         61 us
[226.325s][info][gc,stats    ]   Purge Unlinked                    148 us
[226.325s][info][gc,stats    ]     Code Roots                      144 us
[226.325s][info][gc,stats    ]     CLDG                              3 us
[226.325s][info][gc,stats    ]     Exception Caches                  0 us
[226.325s][info][gc,stats    ] Pause Final Roots (G)                80 us
[226.325s][info][gc,stats    ] Pause Final Roots (N)                29 us
[226.325s][info][gc,stats    ] 
[226.325s][info][gc,stats    ] Allocation pacing accrued:
[226.325s][info][gc,stats    ]       0 of   473 ms (  0.0%): <total>
[226.325s][info][gc,stats    ]       0 of   473 ms (  0.0%): <average total>
[226.325s][info][gc,stats    ] 
[226.325s][info][gc,metaspace] Metaspace: 16546K(16832K)->16546K(16832K) NonClass: 14198K(14336K)->14198K(14336K) Class: 2348K(2496K)->2348K(2496K)
[226.325s][info][gc,ergo     ] Pacer for Idle. Initial: 163M, Alloc Tax Rate: 1.0x
[230.440s][info][gc          ] Trigger: Learning 4 of 5. Free (5733M) is below initial threshold (5734M)
[230.440s][info][gc,ergo     ] Free: 5733M, Max: 4096K regular, 5560M humongous, Frag: 3% external, 0% internal; Reserve: 412M, Max: 4096K
[230.440s][info][gc,start    ] GC(104) Concurrent reset
[230.440s][info][gc,task     ] GC(104) Using 1 of 3 workers for concurrent reset
[230.440s][info][gc,ergo     ] GC(104) Pacer for Reset. Non-Taxable: 8192M
[230.441s][info][gc          ] GC(104) Concurrent reset 0.879ms
[230.441s][info][gc,start    ] GC(104) Pause Init Mark (unload classes)
[230.441s][info][gc,task     ] GC(104) Using 3 of 3 workers for init marking
[230.441s][info][gc,ergo     ] GC(104) Pacer for Mark. Expected Live: 62174K, Free: 5733M, Non-Taxable: 573M, Alloc Tax Rate: 0.0x
[230.441s][info][gc          ] GC(104) Pause Init Mark (unload classes) 0.185ms
[230.441s][info][gc,start    ] GC(104) Concurrent marking roots
[230.441s][info][gc,task     ] GC(104) Using 1 of 3 workers for concurrent marking roots
[230.442s][info][gc          ] GC(104) Concurrent marking roots 0.619ms
[230.442s][info][gc,start    ] GC(104) Concurrent marking (unload classes)
[230.442s][info][gc,task     ] GC(104) Using 1 of 3 workers for concurrent marking
[231.250s][info][gc          ] GC(104) Concurrent marking (unload classes) 808.244ms
[231.250s][info][gc,start    ] GC(104) Pause Final Mark (unload classes)
[231.250s][info][gc,task     ] GC(104) Using 3 of 3 workers for final marking
[231.250s][info][gc,ergo     ] GC(104) Adaptive CSet Selection. Target Free: 1160M, Actual Free: 6536M, Max CSet: 341M, Min Garbage: 0B
[231.250s][info][gc,ergo     ] GC(104) Collectable Garbage: 1538M (94%), Immediate: 764M (47%), CSet: 774M (47%)
[231.250s][info][gc,ergo     ] GC(104) Pacer for Evacuation. Used CSet: 1115M, Free: 6144M, Non-Taxable: 614M, Alloc Tax Rate: 1.1x
[231.250s][info][gc          ] GC(104) Pause Final Mark (unload classes) 0.331ms
[231.250s][info][gc,start    ] GC(104) Concurrent thread roots
[231.250s][info][gc,task     ] GC(104) Using 1 of 3 workers for Concurrent thread roots
[231.251s][info][gc          ] GC(104) Concurrent thread roots 0.520ms
[231.251s][info][gc,start    ] GC(104) Concurrent weak references
[231.251s][info][gc,task     ] GC(104) Using 1 of 3 workers for concurrent weak references
[231.251s][info][gc,ref      ] GC(104) Encountered references: Soft: 173, Weak: 991, Final: 0, Phantom: 41
[231.251s][info][gc,ref      ] GC(104) Discovered  references: Soft: 0, Weak: 196, Final: 0, Phantom: 24
[231.251s][info][gc,ref      ] GC(104) Enqueued    references: Soft: 0, Weak: 1, Final: 0, Phantom: 0
[231.251s][info][gc          ] GC(104) Concurrent weak references 0.101ms
[231.251s][info][gc,start    ] GC(104) Concurrent weak roots
[231.251s][info][gc,task     ] GC(104) Using 1 of 3 workers for concurrent weak root
[231.252s][info][gc          ] GC(104) Concurrent weak roots 0.956ms
[231.252s][info][gc,start    ] GC(104) Concurrent cleanup
[231.252s][info][gc          ] GC(104) Concurrent cleanup 2399M->1635M(8192M) 0.034ms
[231.252s][info][gc,ergo     ] GC(104) Free: 6144M, Max: 4096K regular, 5360M humongous, Frag: 13% external, 0% internal; Reserve: 411M, Max: 4096K
[231.252s][info][gc,start    ] GC(104) Concurrent class unloading
[231.252s][info][gc,task     ] GC(104) Using 1 of 3 workers for concurrent class unloading
[231.255s][info][gc          ] GC(104) Concurrent class unloading 3.143ms
[231.255s][info][gc,start    ] GC(104) Concurrent strong roots
[231.255s][info][gc,task     ] GC(104) Using 1 of 3 workers for concurrent strong root
[231.255s][info][gc          ] GC(104) Concurrent strong roots 0.120ms
[231.255s][info][gc,start    ] GC(104) Concurrent evacuation
[231.255s][info][gc,task     ] GC(104) Using 1 of 3 workers for concurrent evacuation
[231.584s][info][gc          ] GC(104) Concurrent evacuation 328.729ms
[231.584s][info][gc,start    ] GC(104) Pause Init Update Refs
[231.584s][info][gc,ergo     ] GC(104) Pacer for Update Refs. Used: 2018M, Free: 6105M, Non-Taxable: 610M, Alloc Tax Rate: 1.1x
[231.584s][info][gc          ] GC(104) Pause Init Update Refs 0.074ms
[231.584s][info][gc,start    ] GC(104) Concurrent update references
[231.585s][info][gc,task     ] GC(104) Using 1 of 3 workers for concurrent reference update
[232.274s][info][gc          ] GC(104) Concurrent update references 689.769ms
[232.274s][info][gc,start    ] GC(104) Concurrent update thread roots
[232.275s][info][gc          ] GC(104) Concurrent update thread roots 0.580ms
[232.275s][info][gc,start    ] GC(104) Pause Final Update Refs
[232.275s][info][gc,task     ] GC(104) Using 3 of 3 workers for final reference update
[232.275s][info][gc          ] GC(104) Pause Final Update Refs 0.326ms
[232.275s][info][gc,start    ] GC(104) Concurrent cleanup
[232.275s][info][gc          ] GC(104) Concurrent cleanup 2034M->918M(8192M) 0.103ms
[232.276s][info][gc,ergo     ] Free: 6861M, Max: 4096K regular, 5016M humongous, Frag: 27% external, 0% internal; Reserve: 412M, Max: 4096K
[232.276s][info][gc,stats    ] 
[232.276s][info][gc,stats    ] All times are wall-clock times, except per-root-class counters, that are sum over
[232.276s][info][gc,stats    ] all workers. Dividing the <total> over the root stage time estimates parallelism.
[232.276s][info][gc,stats    ] 
[232.276s][info][gc,stats    ] Concurrent Reset                    944 us
[232.276s][info][gc,stats    ] Pause Init Mark (G)                 326 us
[232.276s][info][gc,stats    ] Pause Init Mark (N)                 204 us
[232.276s][info][gc,stats    ]   Update Region States               87 us
[232.276s][info][gc,stats    ] Concurrent Mark Roots               638 us, parallelism: 0.83x
[232.276s][info][gc,stats    ]   CMR: <total>                      528 us
[232.276s][info][gc,stats    ]   CMR: Thread Roots                 487 us, workers (us): 487, ---, ---, 
[232.276s][info][gc,stats    ]   CMR: VM Strong Roots                5 us, workers (us):   5, ---, ---, 
[232.276s][info][gc,stats    ]   CMR: CLDG Roots                    36 us, workers (us):  36, ---, ---, 
[232.276s][info][gc,stats    ] Concurrent Marking               808313 us
[232.276s][info][gc,stats    ] Pause Final Mark (G)                475 us
[232.276s][info][gc,stats    ] Pause Final Mark (N)                339 us
[232.276s][info][gc,stats    ]   Finish Mark                       106 us
[232.276s][info][gc,stats    ]   Update Region States               57 us
[232.276s][info][gc,stats    ]   Choose Collection Set              71 us
[232.276s][info][gc,stats    ]   Rebuild Free Set                    8 us
[232.276s][info][gc,stats    ] Concurrent Thread Roots             539 us, parallelism: 0.84x
[232.276s][info][gc,stats    ]   CTR: <total>                      454 us
[232.276s][info][gc,stats    ]   CTR: Thread Roots                 454 us, workers (us): 454, ---, ---, 
[232.276s][info][gc,stats    ] Concurrent Weak References          109 us, parallelism: 0.12x
[232.276s][info][gc,stats    ]   CWRF: <total>                      13 us
[232.276s][info][gc,stats    ]   CWRF: Weak References              13 us, workers (us):  13, ---, ---, 
[232.276s][info][gc,stats    ] Concurrent Weak Roots               986 us
[232.276s][info][gc,stats    ]   Roots                             884 us, parallelism: 0.95x
[232.276s][info][gc,stats    ]     CWR: <total>                    838 us
[232.276s][info][gc,stats    ]     CWR: Code Cache Roots           662 us, workers (us): 662, ---, ---, 
[232.276s][info][gc,stats    ]     CWR: VM Weak Roots              168 us, workers (us): 168, ---, ---, 
[232.276s][info][gc,stats    ]     CWR: CLDG Roots                   9 us, workers (us):   9, ---, ---, 
[232.276s][info][gc,stats    ]   Rendezvous                         55 us
[232.276s][info][gc,stats    ] Concurrent Cleanup                   42 us
[232.276s][info][gc,stats    ] Concurrent Class Unloading         3179 us
[232.276s][info][gc,stats    ]   Unlink Stale                     2853 us
[232.276s][info][gc,stats    ]     System Dictionary                 8 us
[232.276s][info][gc,stats    ]     Weak Class Links                  0 us
[232.276s][info][gc,stats    ]     Code Roots                     2844 us
[232.276s][info][gc,stats    ]   Rendezvous                         90 us
[232.276s][info][gc,stats    ]   Purge Unlinked                    181 us
[232.276s][info][gc,stats    ]     Code Roots                      172 us
[232.276s][info][gc,stats    ]     CLDG                              8 us
[232.276s][info][gc,stats    ]     Exception Caches                  0 us
[232.276s][info][gc,stats    ] Concurrent Strong Roots             156 us, parallelism: 0.21x
[232.276s][info][gc,stats    ]   CSR: <total>                       33 us
[232.276s][info][gc,stats    ]   CSR: VM Strong Roots                2 us, workers (us):   2, ---, ---, 
[232.276s][info][gc,stats    ]   CSR: CLDG Roots                    30 us, workers (us):  30, ---, ---, 
[232.276s][info][gc,stats    ] Concurrent Evacuation            328811 us
[232.276s][info][gc,stats    ] Pause Init Update Refs (G)          221 us
[232.276s][info][gc,stats    ] Pause Init Update Refs (N)           83 us
[232.276s][info][gc,stats    ]   Manage GCLABs                       4 us
[232.276s][info][gc,stats    ] Concurrent Update Refs           689852 us
[232.276s][info][gc,stats    ] Concurrent Update Thread Roots      629 us
[232.276s][info][gc,stats    ] Pause Final Update Refs (G)         414 us
[232.276s][info][gc,stats    ] Pause Final Update Refs (N)         337 us
[232.276s][info][gc,stats    ]   Update Region States              233 us
[232.276s][info][gc,stats    ]   Trash Collection Set                8 us
[232.276s][info][gc,stats    ]   Rebuild Free Set                   21 us
[232.276s][info][gc,stats    ] Concurrent Cleanup                  130 us
[232.276s][info][gc,stats    ] 
[232.276s][info][gc,stats    ] Allocation pacing accrued:
[232.276s][info][gc,stats    ]       0 of  5951 ms (  0.0%): <total>
[232.276s][info][gc,stats    ]       0 of  5951 ms (  0.0%): <average total>
[232.276s][info][gc,stats    ] 
[232.276s][info][gc,metaspace] Metaspace: 16546K(16832K)->16546K(16832K) NonClass: 14198K(14336K)->14198K(14336K) Class: 2348K(2496K)->2348K(2496K)
[232.276s][info][gc,ergo     ] Pacer for Idle. Initial: 163M, Alloc Tax Rate: 1.0x
[232.291s][info][gc          ] Trigger: Explicit GC request (System.gc())
[232.292s][info][gc,ergo     ] Free: 6861M, Max: 4096K regular, 5016M humongous, Frag: 27% external, 0% internal; Reserve: 412M, Max: 4096K
[232.292s][info][gc,start    ] GC(105) Concurrent reset
[232.292s][info][gc,task     ] GC(105) Using 1 of 3 workers for concurrent reset
[232.292s][info][gc,ergo     ] GC(105) Pacer for Reset. Non-Taxable: 8192M
[232.298s][info][gc          ] GC(105) Concurrent reset 6.043ms
[232.298s][info][gc,start    ] GC(105) Pause Init Mark (unload classes)
[232.298s][info][gc,task     ] GC(105) Using 3 of 3 workers for init marking
[232.298s][info][gc,ref      ] GC(105) Clearing All SoftReferences
[232.298s][info][gc,ergo     ] GC(105) Pacer for Mark. Expected Live: 143M, Free: 6861M, Non-Taxable: 686M, Alloc Tax Rate: 0.0x
[232.298s][info][gc          ] GC(105) Pause Init Mark (unload classes) 0.256ms
[232.298s][info][gc,start    ] GC(105) Concurrent marking roots
[232.298s][info][gc,task     ] GC(105) Using 1 of 3 workers for concurrent marking roots
[232.299s][info][gc          ] GC(105) Concurrent marking roots 1.149ms
[232.299s][info][gc,start    ] GC(105) Concurrent marking (unload classes)
[232.299s][info][gc,task     ] GC(105) Using 1 of 3 workers for concurrent marking
[232.304s][info][gc          ] GC(105) Concurrent marking (unload classes) 4.513ms
[232.304s][info][gc,start    ] GC(105) Pause Final Mark (unload classes)
[232.304s][info][gc,task     ] GC(105) Using 3 of 3 workers for final marking
[232.304s][info][gc,ergo     ] GC(105) Collectable Garbage: 888M (97%), Immediate: 888M (97%), CSet: 0B (0%)
[232.304s][info][gc          ] GC(105) Pause Final Mark (unload classes) 0.290ms
[232.304s][info][gc,start    ] GC(105) Concurrent weak references
[232.304s][info][gc,task     ] GC(105) Using 1 of 3 workers for concurrent weak references
[232.304s][info][gc,ref      ] GC(105) Encountered references: Soft: 172, Weak: 989, Final: 0, Phantom: 41
[232.304s][info][gc,ref      ] GC(105) Discovered  references: Soft: 108, Weak: 219, Final: 0, Phantom: 24
[232.304s][info][gc,ref      ] GC(105) Enqueued    references: Soft: 4, Weak: 6, Final: 0, Phantom: 0
[232.304s][info][gc          ] GC(105) Concurrent weak references 0.235ms
[232.304s][info][gc,start    ] GC(105) Concurrent weak roots
[232.304s][info][gc,task     ] GC(105) Using 1 of 3 workers for concurrent weak root
[232.305s][info][gc          ] GC(105) Concurrent weak roots 0.976ms
[232.305s][info][gc,start    ] GC(105) Concurrent cleanup
[232.305s][info][gc          ] GC(105) Concurrent cleanup 918M->30M(8192M) 0.037ms
[232.306s][info][gc,ergo     ] GC(105) Free: 7749M, Max: 4096K regular, 5392M humongous, Frag: 31% external, 0% internal; Reserve: 412M, Max: 4096K
[232.306s][info][gc,start    ] GC(105) Concurrent class unloading
[232.306s][info][gc,task     ] GC(105) Using 1 of 3 workers for concurrent class unloading
[232.312s][info][gc          ] GC(105) Concurrent class unloading 6.383ms
[232.312s][info][gc,start    ] GC(105) Pause Final Roots
[232.312s][info][gc          ] GC(105) Pause Final Roots 0.053ms
[232.312s][info][gc,ergo     ] Free: 7749M, Max: 4096K regular, 5392M humongous, Frag: 31% external, 0% internal; Reserve: 412M, Max: 4096K
[232.312s][info][gc,stats    ] 
[232.312s][info][gc,stats    ] All times are wall-clock times, except per-root-class counters, that are sum over
[232.312s][info][gc,stats    ] all workers. Dividing the <total> over the root stage time estimates parallelism.
[232.312s][info][gc,stats    ] 
[232.312s][info][gc,stats    ] Concurrent Reset                   6095 us
[232.312s][info][gc,stats    ] Pause Init Mark (G)                 339 us
[232.312s][info][gc,stats    ] Pause Init Mark (N)                 276 us
[232.312s][info][gc,stats    ]   Update Region States               78 us
[232.312s][info][gc,stats    ] Concurrent Mark Roots              1173 us, parallelism: 0.88x
[232.312s][info][gc,stats    ]   CMR: <total>                     1035 us
[232.312s][info][gc,stats    ]   CMR: Thread Roots                 962 us, workers (us): 962, ---, ---, 
[232.312s][info][gc,stats    ]   CMR: VM Strong Roots                6 us, workers (us):   6, ---, ---, 
[232.312s][info][gc,stats    ]   CMR: CLDG Roots                    67 us, workers (us):  67, ---, ---, 
[232.313s][info][gc,stats    ] Concurrent Marking                 4573 us
[232.313s][info][gc,stats    ] Pause Final Mark (G)                406 us
[232.313s][info][gc,stats    ] Pause Final Mark (N)                310 us
[232.313s][info][gc,stats    ]   Finish Mark                       108 us
[232.313s][info][gc,stats    ]   Update Region States               54 us
[232.313s][info][gc,stats    ]   Choose Collection Set              52 us
[232.313s][info][gc,stats    ]   Rebuild Free Set                   21 us
[232.313s][info][gc,stats    ] Concurrent Weak References          251 us, parallelism: 0.07x
[232.313s][info][gc,stats    ]   CWRF: <total>                      18 us
[232.313s][info][gc,stats    ]   CWRF: Weak References              18 us, workers (us):  18, ---, ---, 
[232.313s][info][gc,stats    ] Concurrent Weak Roots              1007 us
[232.313s][info][gc,stats    ]   Roots                             889 us, parallelism: 0.92x
[232.313s][info][gc,stats    ]     CWR: <total>                    821 us
[232.313s][info][gc,stats    ]     CWR: Code Cache Roots           645 us, workers (us): 645, ---, ---, 
[232.313s][info][gc,stats    ]     CWR: VM Weak Roots              168 us, workers (us): 168, ---, ---, 
[232.313s][info][gc,stats    ]     CWR: CLDG Roots                   8 us, workers (us):   8, ---, ---, 
[232.313s][info][gc,stats    ]   Rendezvous                         53 us
[232.313s][info][gc,stats    ] Concurrent Cleanup                   47 us
[232.313s][info][gc,stats    ] Concurrent Class Unloading         6462 us
[232.313s][info][gc,stats    ]   Unlink Stale                     5852 us
[232.313s][info][gc,stats    ]     System Dictionary                59 us
[232.313s][info][gc,stats    ]     Weak Class Links               1919 us
[232.313s][info][gc,stats    ]     Code Roots                     3872 us
[232.313s][info][gc,stats    ]   Rendezvous                        139 us
[232.313s][info][gc,stats    ]   Purge Unlinked                    370 us
[232.313s][info][gc,stats    ]     Code Roots                      334 us
[232.313s][info][gc,stats    ]     CLDG                             36 us
[232.313s][info][gc,stats    ]     Exception Caches                  0 us
[232.313s][info][gc,stats    ] Pause Final Roots (G)               174 us
[232.313s][info][gc,stats    ] Pause Final Roots (N)                62 us
[232.313s][info][gc,stats    ] 
[232.313s][info][gc,stats    ] Allocation pacing accrued:
[232.313s][info][gc,stats    ]       0 of    37 ms (  0.0%): <total>
[232.313s][info][gc,stats    ]       0 of    37 ms (  0.0%): <average total>
[232.313s][info][gc,stats    ] 
[232.313s][info][gc,metaspace] Metaspace: 16546K(16832K)->16543K(16832K) NonClass: 14198K(14336K)->14195K(14336K) Class: 2348K(2496K)->2347K(2496K)
[232.313s][info][gc,ergo     ] Pacer for Idle. Initial: 163M, Alloc Tax Rate: 1.0x
[234.106s][info][gc          ] Trigger: Average GC time (1917.70 ms) is above the time for average allocation rate (3464 MB/s) to deplete free headroom (6391M) (margin of error = 1.80)
[234.106s][info][gc,ergo     ] Free headroom: 6801M (free) - 409M (spike) - 0B (penalties) = 6391M
[234.106s][info][gc,ergo     ] Free: 6800M, Max: 4096K regular, 5392M humongous, Frag: 21% external, 0% internal; Reserve: 412M, Max: 4096K
[234.106s][info][gc,start    ] GC(106) Concurrent reset
[234.106s][info][gc,task     ] GC(106) Using 1 of 3 workers for concurrent reset
[234.106s][info][gc,ergo     ] GC(106) Pacer for Reset. Non-Taxable: 8192M
[234.106s][info][gc          ] GC(106) Concurrent reset 0.405ms
[234.106s][info][gc,start    ] GC(106) Pause Init Mark (unload classes)
[234.106s][info][gc,task     ] GC(106) Using 3 of 3 workers for init marking
[234.106s][info][gc,ergo     ] GC(106) Pacer for Mark. Expected Live: 103M, Free: 6800M, Non-Taxable: 680M, Alloc Tax Rate: 0.0x
[234.106s][info][gc          ] GC(106) Pause Init Mark (unload classes) 0.102ms
[234.130s][info][gc,start    ] GC(106) Concurrent marking roots
[234.130s][info][gc,task     ] GC(106) Using 1 of 3 workers for concurrent marking roots
[234.131s][info][gc          ] GC(106) Concurrent marking roots 0.761ms
[234.131s][info][gc,start    ] GC(106) Concurrent marking (unload classes)
[234.131s][info][gc,task     ] GC(106) Using 1 of 3 workers for concurrent marking
[234.143s][info][gc          ] GC(106) Concurrent marking (unload classes) 12.479ms
[234.143s][info][gc,start    ] GC(106) Pause Final Mark (unload classes)
[234.144s][info][gc,task     ] GC(106) Using 3 of 3 workers for final marking
[234.144s][info][gc,ergo     ] GC(106) Adaptive CSet Selection. Target Free: 1160M, Actual Free: 7796M, Max CSet: 341M, Min Garbage: 0B
[234.144s][info][gc,ergo     ] GC(106) Collectable Garbage: 971M (99%), Immediate: 788M (80%), CSet: 183M (18%)
[234.144s][info][gc,ergo     ] GC(106) Pacer for Evacuation. Used CSet: 184M, Free: 7404M, Non-Taxable: 740M, Alloc Tax Rate: 1.1x
[234.144s][info][gc          ] GC(106) Pause Final Mark (unload classes) 0.278ms
[234.169s][info][gc,start    ] GC(106) Concurrent thread roots
[234.169s][info][gc,task     ] GC(106) Using 1 of 3 workers for Concurrent thread roots
[234.169s][info][gc          ] GC(106) Concurrent thread roots 0.641ms
[234.169s][info][gc,start    ] GC(106) Concurrent weak references
[234.169s][info][gc,task     ] GC(106) Using 1 of 3 workers for concurrent weak references
[234.169s][info][gc,ref      ] GC(106) Encountered references: Soft: 173, Weak: 995, Final: 0, Phantom: 41
[234.169s][info][gc,ref      ] GC(106) Discovered  references: Soft: 0, Weak: 206, Final: 0, Phantom: 24
[234.169s][info][gc,ref      ] GC(106) Enqueued    references: Soft: 0, Weak: 4, Final: 0, Phantom: 0
[234.169s][info][gc          ] GC(106) Concurrent weak references 0.096ms
[234.169s][info][gc,start    ] GC(106) Concurrent weak roots
[234.169s][info][gc,task     ] GC(106) Using 1 of 3 workers for concurrent weak root
[234.172s][info][gc          ] GC(106) Concurrent weak roots 2.578ms
[234.172s][info][gc,start    ] GC(106) Concurrent cleanup
[234.172s][info][gc          ] GC(106) Concurrent cleanup 1267M->479M(8192M) 0.046ms
[234.172s][info][gc,ergo     ] GC(106) Free: 7300M, Max: 4096K regular, 6500M humongous, Frag: 11% external, 0% internal; Reserve: 411M, Max: 4096K
[234.172s][info][gc,start    ] GC(106) Concurrent class unloading
[234.172s][info][gc,task     ] GC(106) Using 1 of 3 workers for concurrent class unloading
[234.185s][info][gc          ] GC(106) Concurrent class unloading 12.526ms
[234.185s][info][gc,start    ] GC(106) Concurrent strong roots
[234.185s][info][gc,task     ] GC(106) Using 1 of 3 workers for concurrent strong root
[234.185s][info][gc          ] GC(106) Concurrent strong roots 0.094ms
[234.185s][info][gc,start    ] GC(106) Concurrent evacuation
[234.185s][info][gc,task     ] GC(106) Using 1 of 3 workers for concurrent evacuation
[234.186s][info][gc          ] GC(106) Concurrent evacuation 1.179ms
[234.186s][info][gc,start    ] GC(106) Pause Init Update Refs
[234.186s][info][gc,ergo     ] GC(106) Pacer for Update Refs. Used: 531M, Free: 7248M, Non-Taxable: 724M, Alloc Tax Rate: 1.1x
[234.186s][info][gc          ] GC(106) Pause Init Update Refs 0.034ms
[234.216s][info][gc,start    ] GC(106) Concurrent update references
[234.216s][info][gc,task     ] GC(106) Using 1 of 3 workers for concurrent reference update
[234.297s][info][gc          ] GC(106) Concurrent update references 81.613ms
[234.297s][info][gc,start    ] GC(106) Concurrent update thread roots
[234.298s][info][gc          ] GC(106) Concurrent update thread roots 0.554ms
[234.298s][info][gc,start    ] GC(106) Pause Final Update Refs
[234.298s][info][gc,task     ] GC(106) Using 3 of 3 workers for final reference update
[234.298s][info][gc          ] GC(106) Pause Final Update Refs 0.079ms
[234.326s][info][gc,start    ] GC(106) Concurrent cleanup
[234.326s][info][gc          ] GC(106) Concurrent cleanup 991M->847M(8192M) 0.157ms
[234.326s][info][gc,ergo     ] Free: 6932M, Max: 4096K regular, 6504M humongous, Frag: 6% external, 0% internal; Reserve: 412M, Max: 4096K
[234.326s][info][gc,stats    ] 
[234.326s][info][gc,stats    ] All times are wall-clock times, except per-root-class counters, that are sum over
[234.326s][info][gc,stats    ] all workers. Dividing the <total> over the root stage time estimates parallelism.
[234.326s][info][gc,stats    ] 
[234.326s][info][gc,stats    ] Concurrent Reset                    430 us
[234.326s][info][gc,stats    ] Pause Init Mark (G)               23871 us
[234.326s][info][gc,stats    ] Pause Init Mark (N)                 112 us
[234.326s][info][gc,stats    ]   Update Region States               33 us
[234.326s][info][gc,stats    ] Concurrent Mark Roots               781 us, parallelism: 0.75x
[234.326s][info][gc,stats    ]   CMR: <total>                      587 us
[234.326s][info][gc,stats    ]   CMR: Thread Roots                 530 us, workers (us): 530, ---, ---, 
[234.326s][info][gc,stats    ]   CMR: VM Strong Roots                8 us, workers (us):   8, ---, ---, 
[234.326s][info][gc,stats    ]   CMR: CLDG Roots                    48 us, workers (us):  48, ---, ---, 
[234.326s][info][gc,stats    ] Concurrent Marking                12562 us
[234.326s][info][gc,stats    ] Pause Final Mark (G)              25305 us
[234.326s][info][gc,stats    ] Pause Final Mark (N)                288 us
[234.326s][info][gc,stats    ]   Finish Mark                        59 us
[234.326s][info][gc,stats    ]   Update Region States               49 us
[234.326s][info][gc,stats    ]   Choose Collection Set              92 us
[234.326s][info][gc,stats    ]   Rebuild Free Set                    8 us
[234.326s][info][gc,stats    ] Concurrent Thread Roots             656 us, parallelism: 0.79x
[234.326s][info][gc,stats    ]   CTR: <total>                      520 us
[234.326s][info][gc,stats    ]   CTR: Thread Roots                 520 us, workers (us): 520, ---, ---, 
[234.326s][info][gc,stats    ] Concurrent Weak References          109 us, parallelism: 0.20x
[234.326s][info][gc,stats    ]   CWRF: <total>                      22 us
[234.326s][info][gc,stats    ]   CWRF: Weak References              22 us, workers (us):  22, ---, ---, 
[234.326s][info][gc,stats    ] Concurrent Weak Roots              2635 us
[234.326s][info][gc,stats    ]   Roots                            1318 us, parallelism: 0.97x
[234.326s][info][gc,stats    ]     CWR: <total>                   1280 us
[234.326s][info][gc,stats    ]     CWR: Code Cache Roots           996 us, workers (us): 996, ---, ---, 
[234.326s][info][gc,stats    ]     CWR: VM Weak Roots              272 us, workers (us): 272, ---, ---, 
[234.326s][info][gc,stats    ]     CWR: CLDG Roots                  11 us, workers (us):  11, ---, ---, 
[234.326s][info][gc,stats    ]   Rendezvous                       1240 us
[234.326s][info][gc,stats    ] Concurrent Cleanup                   56 us
[234.326s][info][gc,stats    ] Concurrent Class Unloading        12590 us
[234.326s][info][gc,stats    ]   Unlink Stale                     3626 us
[234.326s][info][gc,stats    ]     System Dictionary                11 us
[234.326s][info][gc,stats    ]     Weak Class Links                  1 us
[234.326s][info][gc,stats    ]     Code Roots                     3613 us
[234.326s][info][gc,stats    ]   Rendezvous                       8538 us
[234.326s][info][gc,stats    ]   Purge Unlinked                    339 us
[234.326s][info][gc,stats    ]     Code Roots                      327 us
[234.326s][info][gc,stats    ]     CLDG                             10 us
[234.326s][info][gc,stats    ]     Exception Caches                  0 us
[234.326s][info][gc,stats    ] Concurrent Strong Roots             105 us, parallelism: 0.46x
[234.326s][info][gc,stats    ]   CSR: <total>                       49 us
[234.326s][info][gc,stats    ]   CSR: VM Strong Roots                3 us, workers (us):   3, ---, ---, 
[234.326s][info][gc,stats    ]   CSR: CLDG Roots                    46 us, workers (us):  46, ---, ---, 
[234.326s][info][gc,stats    ] Concurrent Evacuation              1192 us
[234.326s][info][gc,stats    ] Pause Init Update Refs (G)        29739 us
[234.326s][info][gc,stats    ] Pause Init Update Refs (N)           42 us
[234.326s][info][gc,stats    ]   Manage GCLABs                       5 us
[234.326s][info][gc,stats    ] Concurrent Update Refs            81684 us
[234.326s][info][gc,stats    ] Concurrent Update Thread Roots      569 us
[234.326s][info][gc,stats    ] Pause Final Update Refs (G)       27464 us
[234.326s][info][gc,stats    ] Pause Final Update Refs (N)         117 us
[234.326s][info][gc,stats    ]   Update Region States               37 us
[234.326s][info][gc,stats    ]   Trash Collection Set                4 us
[234.326s][info][gc,stats    ]   Rebuild Free Set                   13 us
[234.326s][info][gc,stats    ] Concurrent Cleanup                  170 us
[234.326s][info][gc,stats    ] 
[234.326s][info][gc,stats    ] Allocation pacing accrued:
[234.326s][info][gc,stats    ]       0 of  2013 ms (  0.0%): <total>
[234.326s][info][gc,stats    ]       0 of  2013 ms (  0.0%): <average total>
[234.326s][info][gc,stats    ] 
[234.326s][info][gc,metaspace] Metaspace: 16551K(16832K)->16551K(16832K) NonClass: 14203K(14336K)->14203K(14336K) Class: 2348K(2496K)->2348K(2496K)
[234.326s][info][gc,ergo     ] Pacer for Idle. Initial: 163M, Alloc Tax Rate: 1.0x
[234.451s][info][gc          ] Trigger: Average GC time (1398.49 ms) is above the time for average allocation rate (4650 MB/s) to deplete free headroom (5842M) (margin of error = 1.80)
[234.451s][info][gc,ergo     ] Free headroom: 6252M (free) - 409M (spike) - 0B (penalties) = 5842M
[234.451s][info][gc,ergo     ] Free: 6252M, Max: 4096K regular, 6228M humongous, Frag: 0% external, 0% internal; Reserve: 412M, Max: 4096K
[234.451s][info][gc,start    ] GC(107) Concurrent reset
[234.451s][info][gc,task     ] GC(107) Using 1 of 3 workers for concurrent reset
[234.451s][info][gc,ergo     ] GC(107) Pacer for Reset. Non-Taxable: 8192M
[234.453s][info][gc          ] GC(107) Concurrent reset 1.219ms
[234.453s][info][gc,start    ] GC(107) Pause Init Mark (unload classes)
[234.453s][info][gc,task     ] GC(107) Using 3 of 3 workers for init marking
[234.453s][info][gc,ergo     ] GC(107) Pacer for Mark. Expected Live: 103M, Free: 6252M, Non-Taxable: 625M, Alloc Tax Rate: 0.0x
[234.453s][info][gc          ] GC(107) Pause Init Mark (unload classes) 0.210ms
[234.474s][info][gc,start    ] GC(107) Concurrent marking roots
[234.474s][info][gc,task     ] GC(107) Using 1 of 3 workers for concurrent marking roots
[234.474s][info][gc          ] GC(107) Concurrent marking roots 0.689ms
[234.474s][info][gc,start    ] GC(107) Concurrent marking (unload classes)
[234.474s][info][gc,task     ] GC(107) Using 1 of 3 workers for concurrent marking
[234.498s][info][gc          ] GC(107) Concurrent marking (unload classes) 24.114ms
[234.499s][info][gc,start    ] GC(107) Pause Final Mark (unload classes)
[234.499s][info][gc,task     ] GC(107) Using 3 of 3 workers for final marking
[234.499s][info][gc,ergo     ] GC(107) Adaptive CSet Selection. Target Free: 1160M, Actual Free: 7780M, Max CSet: 341M, Min Garbage: 0B
[234.499s][info][gc,ergo     ] GC(107) Collectable Garbage: 1519M (99%), Immediate: 1356M (89%), CSet: 163M (10%)
[234.499s][info][gc,ergo     ] GC(107) Pacer for Evacuation. Used CSet: 164M, Free: 7392M, Non-Taxable: 739M, Alloc Tax Rate: 1.1x
[234.499s][info][gc          ] GC(107) Pause Final Mark (unload classes) 0.250ms
[234.514s][info][gc,start    ] GC(107) Concurrent thread roots
[234.514s][info][gc,task     ] GC(107) Using 1 of 3 workers for Concurrent thread roots
[234.514s][info][gc          ] GC(107) Concurrent thread roots 0.691ms
[234.514s][info][gc,start    ] GC(107) Concurrent weak references
[234.514s][info][gc,task     ] GC(107) Using 1 of 3 workers for concurrent weak references
[234.514s][info][gc,ref      ] GC(107) Encountered references: Soft: 173, Weak: 991, Final: 0, Phantom: 41
[234.514s][info][gc,ref      ] GC(107) Discovered  references: Soft: 0, Weak: 202, Final: 0, Phantom: 24
[234.514s][info][gc,ref      ] GC(107) Enqueued    references: Soft: 0, Weak: 0, Final: 0, Phantom: 0
[234.515s][info][gc          ] GC(107) Concurrent weak references 0.073ms
[234.515s][info][gc,start    ] GC(107) Concurrent weak roots
[234.515s][info][gc,task     ] GC(107) Using 1 of 3 workers for concurrent weak root
[234.530s][info][gc          ] GC(107) Concurrent weak roots 15.038ms
[234.530s][info][gc,start    ] GC(107) Concurrent cleanup
[234.530s][info][gc          ] GC(107) Concurrent cleanup 1867M->511M(8192M) 0.077ms
[234.530s][info][gc,ergo     ] GC(107) Free: 7268M, Max: 4096K regular, 5888M humongous, Frag: 19% external, 0% internal; Reserve: 411M, Max: 4096K
[234.530s][info][gc,start    ] GC(107) Concurrent class unloading
[234.530s][info][gc,task     ] GC(107) Using 1 of 3 workers for concurrent class unloading
[234.545s][info][gc          ] GC(107) Concurrent class unloading 14.936ms
[234.545s][info][gc,start    ] GC(107) Concurrent strong roots
[234.545s][info][gc,task     ] GC(107) Using 1 of 3 workers for concurrent strong root
[234.545s][info][gc          ] GC(107) Concurrent strong roots 0.110ms
[234.545s][info][gc,start    ] GC(107) Concurrent evacuation
[234.545s][info][gc,task     ] GC(107) Using 1 of 3 workers for concurrent evacuation
[234.546s][info][gc          ] GC(107) Concurrent evacuation 1.175ms
[234.546s][info][gc,start    ] GC(107) Pause Init Update Refs
[234.546s][info][gc,ergo     ] GC(107) Pacer for Update Refs. Used: 571M, Free: 7208M, Non-Taxable: 720M, Alloc Tax Rate: 1.1x
[234.546s][info][gc          ] GC(107) Pause Init Update Refs 0.028ms
[234.546s][info][gc,start    ] GC(107) Concurrent update references
[234.546s][info][gc,task     ] GC(107) Using 1 of 3 workers for concurrent reference update
[234.636s][info][gc          ] GC(107) Concurrent update references 89.752ms
[234.636s][info][gc,start    ] GC(107) Concurrent update thread roots
[234.637s][info][gc          ] GC(107) Concurrent update thread roots 0.290ms
[234.637s][info][gc,start    ] GC(107) Pause Final Update Refs
[234.637s][info][gc,task     ] GC(107) Using 3 of 3 workers for final reference update
[234.637s][info][gc          ] GC(107) Pause Final Update Refs 0.085ms
[234.637s][info][gc,start    ] GC(107) Concurrent cleanup
[234.637s][info][gc          ] GC(107) Concurrent cleanup 695M->531M(8192M) 0.021ms
[234.637s][info][gc,ergo     ] Free: 7248M, Max: 4096K regular, 5884M humongous, Frag: 19% external, 0% internal; Reserve: 412M, Max: 4096K
[234.637s][info][gc,stats    ] 
[234.637s][info][gc,stats    ] All times are wall-clock times, except per-root-class counters, that are sum over
[234.637s][info][gc,stats    ] all workers. Dividing the <total> over the root stage time estimates parallelism.
[234.637s][info][gc,stats    ] 
[234.637s][info][gc,stats    ] Concurrent Reset                   1302 us
[234.637s][info][gc,stats    ] Pause Init Mark (G)               20831 us
[234.637s][info][gc,stats    ] Pause Init Mark (N)                 222 us
[234.637s][info][gc,stats    ]   Update Region States               35 us
[234.637s][info][gc,stats    ] Concurrent Mark Roots               711 us, parallelism: 0.75x
[234.637s][info][gc,stats    ]   CMR: <total>                      531 us
[234.637s][info][gc,stats    ]   CMR: Thread Roots                 481 us, workers (us): 481, ---, ---, 
[234.637s][info][gc,stats    ]   CMR: VM Strong Roots                7 us, workers (us):   7, ---, ---, 
[234.637s][info][gc,stats    ]   CMR: CLDG Roots                    43 us, workers (us):  43, ---, ---, 
[234.637s][info][gc,stats    ] Concurrent Marking                24204 us
[234.637s][info][gc,stats    ] Pause Final Mark (G)              15301 us
[234.637s][info][gc,stats    ] Pause Final Mark (N)                259 us
[234.637s][info][gc,stats    ]   Finish Mark                        66 us
[234.637s][info][gc,stats    ]   Update Region States               49 us
[234.637s][info][gc,stats    ]   Choose Collection Set              78 us
[234.637s][info][gc,stats    ]   Rebuild Free Set                    8 us
[234.637s][info][gc,stats    ] Concurrent Thread Roots             710 us, parallelism: 0.75x
[234.637s][info][gc,stats    ]   CTR: <total>                      533 us
[234.637s][info][gc,stats    ]   CTR: Thread Roots                 533 us, workers (us): 533, ---, ---, 
[234.637s][info][gc,stats    ] Concurrent Weak References           81 us, parallelism: 0.23x
[234.637s][info][gc,stats    ]   CWRF: <total>                      19 us
[234.637s][info][gc,stats    ]   CWRF: Weak References              19 us, workers (us):  19, ---, ---, 
[234.637s][info][gc,stats    ] Concurrent Weak Roots             15127 us
[234.637s][info][gc,stats    ]   Roots                            1266 us, parallelism: 0.96x
[234.637s][info][gc,stats    ]     CWR: <total>                   1220 us
[234.637s][info][gc,stats    ]     CWR: Code Cache Roots          1004 us, workers (us): 1004, ---, ---, 
[234.637s][info][gc,stats    ]     CWR: VM Weak Roots              205 us, workers (us): 205, ---, ---, 
[234.637s][info][gc,stats    ]     CWR: CLDG Roots                  11 us, workers (us):  11, ---, ---, 
[234.637s][info][gc,stats    ]   Rendezvous                      13748 us
[234.637s][info][gc,stats    ] Concurrent Cleanup                   87 us
[234.637s][info][gc,stats    ] Concurrent Class Unloading        15006 us
[234.637s][info][gc,stats    ]   Unlink Stale                     3789 us
[234.637s][info][gc,stats    ]     System Dictionary                16 us
[234.637s][info][gc,stats    ]     Weak Class Links                  0 us
[234.637s][info][gc,stats    ]     Code Roots                     3771 us
[234.637s][info][gc,stats    ]   Rendezvous                      10794 us
[234.637s][info][gc,stats    ]   Purge Unlinked                    331 us
[234.637s][info][gc,stats    ]     Code Roots                      318 us
[234.637s][info][gc,stats    ]     CLDG                             12 us
[234.637s][info][gc,stats    ]     Exception Caches                  0 us
[234.637s][info][gc,stats    ] Concurrent Strong Roots             122 us, parallelism: 0.42x
[234.637s][info][gc,stats    ]   CSR: <total>                       51 us
[234.637s][info][gc,stats    ]   CSR: VM Strong Roots                3 us, workers (us):   3, ---, ---, 
[234.637s][info][gc,stats    ]   CSR: CLDG Roots                    48 us, workers (us):  48, ---, ---, 
[234.637s][info][gc,stats    ] Concurrent Evacuation              1228 us
[234.637s][info][gc,stats    ] Pause Init Update Refs (G)          337 us
[234.637s][info][gc,stats    ] Pause Init Update Refs (N)           41 us
[234.637s][info][gc,stats    ]   Manage GCLABs                       4 us
[234.637s][info][gc,stats    ] Concurrent Update Refs            89809 us
[234.637s][info][gc,stats    ] Concurrent Update Thread Roots      299 us
[234.637s][info][gc,stats    ] Pause Final Update Refs (G)         190 us
[234.637s][info][gc,stats    ] Pause Final Update Refs (N)         124 us
[234.637s][info][gc,stats    ]   Update Region States               33 us
[234.637s][info][gc,stats    ]   Trash Collection Set                4 us
[234.637s][info][gc,stats    ]   Rebuild Free Set                   18 us
[234.637s][info][gc,stats    ] Concurrent Cleanup                   30 us
[234.637s][info][gc,stats    ] 
[234.637s][info][gc,stats    ] Allocation pacing accrued:
[234.637s][info][gc,stats    ]       0 of   311 ms (  0.0%): <total>
[234.637s][info][gc,stats    ]       0 of   311 ms (  0.0%): <average total>
[234.637s][info][gc,stats    ] 
[234.637s][info][gc,metaspace] Metaspace: 16551K(16832K)->16551K(16832K) NonClass: 14203K(14336K)->14203K(14336K) Class: 2348K(2496K)->2348K(2496K)
[234.637s][info][gc,ergo     ] Pacer for Idle. Initial: 163M, Alloc Tax Rate: 1.0x
[239.114s][info][gc          ] Trigger: Learning 4 of 5. Free (5715M) is below initial threshold (5734M)
[239.114s][info][gc,ergo     ] Free: 5715M, Max: 4096K regular, 5688M humongous, Frag: 0% external, 0% internal; Reserve: 412M, Max: 4096K
[239.114s][info][gc,start    ] GC(108) Concurrent reset
[239.114s][info][gc,task     ] GC(108) Using 1 of 3 workers for concurrent reset
[239.114s][info][gc,ergo     ] GC(108) Pacer for Reset. Non-Taxable: 8192M
[239.115s][info][gc          ] GC(108) Concurrent reset 0.836ms
[239.115s][info][gc,start    ] GC(108) Pause Init Mark (unload classes)
[239.115s][info][gc,task     ] GC(108) Using 3 of 3 workers for init marking
[239.116s][info][gc,ergo     ] GC(108) Pacer for Mark. Expected Live: 103M, Free: 5711M, Non-Taxable: 571M, Alloc Tax Rate: 0.0x
[239.116s][info][gc          ] GC(108) Pause Init Mark (unload classes) 0.188ms
[239.116s][info][gc,start    ] GC(108) Concurrent marking roots
[239.116s][info][gc,task     ] GC(108) Using 1 of 3 workers for concurrent marking roots
[239.117s][info][gc          ] GC(108) Concurrent marking roots 1.120ms
[239.117s][info][gc,start    ] GC(108) Concurrent marking (unload classes)
[239.117s][info][gc,task     ] GC(108) Using 1 of 3 workers for concurrent marking
[239.818s][info][gc          ] GC(108) Concurrent marking (unload classes) 701.487ms
[239.818s][info][gc,start    ] GC(108) Pause Final Mark (unload classes)
[239.819s][info][gc,task     ] GC(108) Using 3 of 3 workers for final marking
[239.819s][info][gc,ergo     ] GC(108) Adaptive CSet Selection. Target Free: 1160M, Actual Free: 6852M, Max CSet: 341M, Min Garbage: 0B
[239.819s][info][gc,ergo     ] GC(108) Collectable Garbage: 1699M (99%), Immediate: 1184M (69%), CSet: 514M (30%)
[239.819s][info][gc,ergo     ] GC(108) Pacer for Evacuation. Used CSet: 856M, Free: 6468M, Non-Taxable: 646M, Alloc Tax Rate: 1.1x
[239.819s][info][gc          ] GC(108) Pause Final Mark (unload classes) 0.277ms
[239.819s][info][gc,start    ] GC(108) Concurrent thread roots
[239.819s][info][gc,task     ] GC(108) Using 1 of 3 workers for Concurrent thread roots
[239.820s][info][gc          ] GC(108) Concurrent thread roots 0.689ms
[239.820s][info][gc,start    ] GC(108) Concurrent weak references
[239.820s][info][gc,task     ] GC(108) Using 1 of 3 workers for concurrent weak references
[239.820s][info][gc,ref      ] GC(108) Encountered references: Soft: 173, Weak: 997, Final: 0, Phantom: 41
[239.820s][info][gc,ref      ] GC(108) Discovered  references: Soft: 0, Weak: 202, Final: 0, Phantom: 24
[239.820s][info][gc,ref      ] GC(108) Enqueued    references: Soft: 0, Weak: 5, Final: 0, Phantom: 0
[239.820s][info][gc          ] GC(108) Concurrent weak references 0.117ms
[239.820s][info][gc,start    ] GC(108) Concurrent weak roots
[239.820s][info][gc,task     ] GC(108) Using 1 of 3 workers for concurrent weak root
[239.821s][info][gc          ] GC(108) Concurrent weak roots 1.072ms
[239.821s][info][gc,start    ] GC(108) Concurrent cleanup
[239.821s][info][gc          ] GC(108) Concurrent cleanup 2500M->1316M(8192M) 0.031ms
[239.821s][info][gc,ergo     ] GC(108) Free: 6464M, Max: 4096K regular, 5256M humongous, Frag: 19% external, 0% internal; Reserve: 411M, Max: 4096K
[239.821s][info][gc,start    ] GC(108) Concurrent class unloading
[239.821s][info][gc,task     ] GC(108) Using 1 of 3 workers for concurrent class unloading
[239.825s][info][gc          ] GC(108) Concurrent class unloading 4.036ms
[239.825s][info][gc,start    ] GC(108) Concurrent strong roots
[239.825s][info][gc,task     ] GC(108) Using 1 of 3 workers for concurrent strong root
[239.825s][info][gc          ] GC(108) Concurrent strong roots 0.140ms
[239.825s][info][gc,start    ] GC(108) Concurrent evacuation
[239.825s][info][gc,task     ] GC(108) Using 1 of 3 workers for concurrent evacuation
[240.136s][info][gc          ] GC(108) Concurrent evacuation 310.780ms
[240.136s][info][gc,start    ] GC(108) Pause Init Update Refs
[240.136s][info][gc,ergo     ] GC(108) Pacer for Update Refs. Used: 1807M, Free: 6316M, Non-Taxable: 631M, Alloc Tax Rate: 1.1x
[240.136s][info][gc          ] GC(108) Pause Init Update Refs 0.067ms
[240.136s][info][gc,start    ] GC(108) Concurrent update references
[240.136s][info][gc,task     ] GC(108) Using 1 of 3 workers for concurrent reference update
[240.985s][info][gc          ] GC(108) Concurrent update references 849.080ms
[240.985s][info][gc,start    ] GC(108) Concurrent update thread roots
[240.986s][info][gc          ] GC(108) Concurrent update thread roots 0.483ms
[240.986s][info][gc,start    ] GC(108) Pause Final Update Refs
[240.986s][info][gc,task     ] GC(108) Using 3 of 3 workers for final reference update
[240.986s][info][gc          ] GC(108) Pause Final Update Refs 0.108ms
[240.986s][info][gc,start    ] GC(108) Concurrent cleanup
[240.986s][info][gc          ] GC(108) Concurrent cleanup 2023M->1167M(8192M) 0.047ms
[240.986s][info][gc,ergo     ] Free: 6612M, Max: 4096K regular, 4912M humongous, Frag: 26% external, 0% internal; Reserve: 412M, Max: 4096K
[240.986s][info][gc,stats    ] 
[240.986s][info][gc,stats    ] All times are wall-clock times, except per-root-class counters, that are sum over
[240.986s][info][gc,stats    ] all workers. Dividing the <total> over the root stage time estimates parallelism.
[240.986s][info][gc,stats    ] 
[240.986s][info][gc,stats    ] Concurrent Reset                    859 us
[240.986s][info][gc,stats    ] Pause Init Mark (G)                 391 us
[240.986s][info][gc,stats    ] Pause Init Mark (N)                 205 us
[240.986s][info][gc,stats    ]   Update Region States               78 us
[240.986s][info][gc,stats    ] Concurrent Mark Roots              1156 us, parallelism: 0.83x
[240.986s][info][gc,stats    ]   CMR: <total>                      965 us
[240.986s][info][gc,stats    ]   CMR: Thread Roots                 891 us, workers (us): 891, ---, ---, 
[240.986s][info][gc,stats    ]   CMR: VM Strong Roots                7 us, workers (us):   7, ---, ---, 
[240.986s][info][gc,stats    ]   CMR: CLDG Roots                    67 us, workers (us):  67, ---, ---, 
[240.986s][info][gc,stats    ] Concurrent Marking               701563 us
[240.986s][info][gc,stats    ] Pause Final Mark (G)                417 us
[240.986s][info][gc,stats    ] Pause Final Mark (N)                288 us
[240.986s][info][gc,stats    ]   Finish Mark                        79 us
[240.986s][info][gc,stats    ]   Update Region States               42 us
[240.986s][info][gc,stats    ]   Choose Collection Set              63 us
[240.986s][info][gc,stats    ]   Rebuild Free Set                   13 us
[240.986s][info][gc,stats    ] Concurrent Thread Roots             728 us, parallelism: 0.75x
[240.986s][info][gc,stats    ]   CTR: <total>                      549 us
[240.986s][info][gc,stats    ]   CTR: Thread Roots                 549 us, workers (us): 549, ---, ---, 
[240.986s][info][gc,stats    ] Concurrent Weak References          125 us, parallelism: 0.10x
[240.986s][info][gc,stats    ]   CWRF: <total>                      12 us
[240.986s][info][gc,stats    ]   CWRF: Weak References              12 us, workers (us):  12, ---, ---, 
[240.986s][info][gc,stats    ] Concurrent Weak Roots              1089 us
[240.986s][info][gc,stats    ]   Roots                             969 us, parallelism: 0.95x
[240.986s][info][gc,stats    ]     CWR: <total>                    916 us
[240.986s][info][gc,stats    ]     CWR: Code Cache Roots           717 us, workers (us): 717, ---, ---, 
[240.986s][info][gc,stats    ]     CWR: VM Weak Roots              191 us, workers (us): 191, ---, ---, 
[240.986s][info][gc,stats    ]     CWR: CLDG Roots                   8 us, workers (us):   8, ---, ---, 
[240.986s][info][gc,stats    ]   Rendezvous                         87 us
[240.986s][info][gc,stats    ] Concurrent Cleanup                   40 us
[240.986s][info][gc,stats    ] Concurrent Class Unloading         4101 us
[240.986s][info][gc,stats    ]   Unlink Stale                     3681 us
[240.986s][info][gc,stats    ]     System Dictionary                10 us
[240.986s][info][gc,stats    ]     Weak Class Links                  0 us
[240.986s][info][gc,stats    ]     Code Roots                     3669 us
[240.986s][info][gc,stats    ]   Rendezvous                        159 us
[240.986s][info][gc,stats    ]   Purge Unlinked                    178 us
[240.986s][info][gc,stats    ]     Code Roots                      167 us
[240.986s][info][gc,stats    ]     CLDG                              9 us
[240.986s][info][gc,stats    ]     Exception Caches                  0 us
[240.986s][info][gc,stats    ] Concurrent Strong Roots             158 us, parallelism: 0.26x
[240.986s][info][gc,stats    ]   CSR: <total>                       41 us
[240.986s][info][gc,stats    ]   CSR: VM Strong Roots                5 us, workers (us):   5, ---, ---, 
[240.986s][info][gc,stats    ]   CSR: CLDG Roots                    36 us, workers (us):  36, ---, ---, 
[240.986s][info][gc,stats    ] Concurrent Evacuation            310847 us
[240.986s][info][gc,stats    ] Pause Init Update Refs (G)          258 us
[240.986s][info][gc,stats    ] Pause Init Update Refs (N)           76 us
[240.986s][info][gc,stats    ]   Manage GCLABs                       4 us
[240.986s][info][gc,stats    ] Concurrent Update Refs           849152 us
[240.986s][info][gc,stats    ] Concurrent Update Thread Roots      504 us
[240.986s][info][gc,stats    ] Pause Final Update Refs (G)         184 us
[240.986s][info][gc,stats    ] Pause Final Update Refs (N)         119 us
[240.986s][info][gc,stats    ]   Update Region States               38 us
[240.987s][info][gc,stats    ]   Trash Collection Set                3 us
[240.987s][info][gc,stats    ]   Rebuild Free Set                   14 us
[240.987s][info][gc,stats    ] Concurrent Cleanup                   56 us
[240.987s][info][gc,stats    ] 
[240.987s][info][gc,stats    ] Allocation pacing accrued:
[240.987s][info][gc,stats    ]       0 of  6349 ms (  0.0%): <total>
[240.987s][info][gc,stats    ]       0 of  6349 ms (  0.0%): <average total>
[240.987s][info][gc,stats    ] 
[240.987s][info][gc,metaspace] Metaspace: 16551K(16832K)->16551K(16832K) NonClass: 14203K(14336K)->14203K(14336K) Class: 2348K(2496K)->2348K(2496K)
[240.987s][info][gc,ergo     ] Pacer for Idle. Initial: 163M, Alloc Tax Rate: 1.0x
[241.279s][info][gc          ] Trigger: Explicit GC request (System.gc())
[241.279s][info][gc,ergo     ] Free: 6580M, Max: 4096K regular, 4912M humongous, Frag: 26% external, 0% internal; Reserve: 412M, Max: 4096K
[241.279s][info][gc,start    ] GC(109) Concurrent reset
[241.279s][info][gc,task     ] GC(109) Using 1 of 3 workers for concurrent reset
[241.279s][info][gc,ergo     ] GC(109) Pacer for Reset. Non-Taxable: 8192M
[241.283s][info][gc          ] GC(109) Concurrent reset 3.938ms
[241.283s][info][gc,start    ] GC(109) Pause Init Mark (unload classes)
[241.283s][info][gc,task     ] GC(109) Using 3 of 3 workers for init marking
[241.283s][info][gc,ref      ] GC(109) Clearing All SoftReferences
[241.283s][info][gc,ergo     ] GC(109) Pacer for Mark. Expected Live: 157M, Free: 6580M, Non-Taxable: 658M, Alloc Tax Rate: 0.0x
[241.283s][info][gc          ] GC(109) Pause Init Mark (unload classes) 0.166ms
[241.283s][info][gc,start    ] GC(109) Concurrent marking roots
[241.283s][info][gc,task     ] GC(109) Using 1 of 3 workers for concurrent marking roots
[241.284s][info][gc          ] GC(109) Concurrent marking roots 1.125ms
[241.284s][info][gc,start    ] GC(109) Concurrent marking (unload classes)
[241.284s][info][gc,task     ] GC(109) Using 1 of 3 workers for concurrent marking
[241.289s][info][gc          ] GC(109) Concurrent marking (unload classes) 4.710ms
[241.289s][info][gc,start    ] GC(109) Pause Final Mark (unload classes)
[241.289s][info][gc,task     ] GC(109) Using 3 of 3 workers for final marking
[241.289s][info][gc,ergo     ] GC(109) Collectable Garbage: 1172M (98%), Immediate: 1172M (98%), CSet: 0B (0%)
[241.289s][info][gc          ] GC(109) Pause Final Mark (unload classes) 0.303ms
[241.289s][info][gc,start    ] GC(109) Concurrent weak references
[241.289s][info][gc,task     ] GC(109) Using 1 of 3 workers for concurrent weak references
[241.289s][info][gc,ref      ] GC(109) Encountered references: Soft: 172, Weak: 993, Final: 0, Phantom: 41
[241.289s][info][gc,ref      ] GC(109) Discovered  references: Soft: 108, Weak: 221, Final: 0, Phantom: 24
[241.289s][info][gc,ref      ] GC(109) Enqueued    references: Soft: 4, Weak: 8, Final: 0, Phantom: 0
[241.289s][info][gc          ] GC(109) Concurrent weak references 0.178ms
[241.289s][info][gc,start    ] GC(109) Concurrent weak roots
[241.290s][info][gc,task     ] GC(109) Using 1 of 3 workers for concurrent weak root
[241.290s][info][gc          ] GC(109) Concurrent weak roots 0.878ms
[241.290s][info][gc,start    ] GC(109) Concurrent cleanup
[241.290s][info][gc          ] GC(109) Concurrent cleanup 1199M->27M(8192M) 0.038ms
[241.290s][info][gc,ergo     ] GC(109) Free: 7752M, Max: 4096K regular, 7344M humongous, Frag: 5% external, 0% internal; Reserve: 412M, Max: 4096K
[241.290s][info][gc,start    ] GC(109) Concurrent class unloading
[241.290s][info][gc,task     ] GC(109) Using 1 of 3 workers for concurrent class unloading
[241.297s][info][gc          ] GC(109) Concurrent class unloading 6.736ms
[241.297s][info][gc,start    ] GC(109) Pause Final Roots
[241.297s][info][gc          ] GC(109) Pause Final Roots 0.050ms
[241.297s][info][gc,ergo     ] Free: 7752M, Max: 4096K regular, 7344M humongous, Frag: 5% external, 0% internal; Reserve: 412M, Max: 4096K
[241.297s][info][gc,stats    ] 
[241.298s][info][gc,stats    ] All times are wall-clock times, except per-root-class counters, that are sum over
[241.298s][info][gc,stats    ] all workers. Dividing the <total> over the root stage time estimates parallelism.
[241.298s][info][gc,stats    ] 
[241.298s][info][gc,stats    ] Concurrent Reset                   4014 us
[241.298s][info][gc,stats    ] Pause Init Mark (G)                 279 us
[241.298s][info][gc,stats    ] Pause Init Mark (N)                 176 us
[241.298s][info][gc,stats    ]   Update Region States               76 us
[241.298s][info][gc,stats    ] Concurrent Mark Roots              1148 us, parallelism: 0.84x
[241.298s][info][gc,stats    ]   CMR: <total>                      966 us
[241.298s][info][gc,stats    ]   CMR: Thread Roots                 893 us, workers (us): 893, ---, ---, 
[241.298s][info][gc,stats    ]   CMR: VM Strong Roots                7 us, workers (us):   7, ---, ---, 
[241.298s][info][gc,stats    ]   CMR: CLDG Roots                    66 us, workers (us):  66, ---, ---, 
[241.298s][info][gc,stats    ] Concurrent Marking                 4774 us
[241.298s][info][gc,stats    ] Pause Final Mark (G)                396 us
[241.298s][info][gc,stats    ] Pause Final Mark (N)                324 us
[241.298s][info][gc,stats    ]   Finish Mark                       114 us
[241.298s][info][gc,stats    ]   Update Region States               52 us
[241.298s][info][gc,stats    ]   Choose Collection Set              61 us
[241.298s][info][gc,stats    ]   Rebuild Free Set                   21 us
[241.298s][info][gc,stats    ] Concurrent Weak References          194 us, parallelism: 0.06x
[241.298s][info][gc,stats    ]   CWRF: <total>                      11 us
[241.298s][info][gc,stats    ]   CWRF: Weak References              11 us, workers (us):  11, ---, ---, 
[241.298s][info][gc,stats    ] Concurrent Weak Roots               908 us
[241.298s][info][gc,stats    ]   Roots                             792 us, parallelism: 0.92x
[241.298s][info][gc,stats    ]     CWR: <total>                    729 us
[241.298s][info][gc,stats    ]     CWR: Code Cache Roots           646 us, workers (us): 646, ---, ---, 
[241.298s][info][gc,stats    ]     CWR: VM Weak Roots               75 us, workers (us):  75, ---, ---, 
[241.298s][info][gc,stats    ]     CWR: CLDG Roots                   8 us, workers (us):   8, ---, ---, 
[241.298s][info][gc,stats    ]   Rendezvous                         52 us
[241.298s][info][gc,stats    ] Concurrent Cleanup                   46 us
[241.298s][info][gc,stats    ] Concurrent Class Unloading         6814 us
[241.298s][info][gc,stats    ]   Unlink Stale                     6222 us
[241.298s][info][gc,stats    ]     System Dictionary                59 us
[241.298s][info][gc,stats    ]     Weak Class Links               2270 us
[241.298s][info][gc,stats    ]     Code Roots                     3891 us
[241.298s][info][gc,stats    ]   Rendezvous                         67 us
[241.298s][info][gc,stats    ]   Purge Unlinked                    426 us
[241.298s][info][gc,stats    ]     Code Roots                      389 us
[241.298s][info][gc,stats    ]     CLDG                             36 us
[241.298s][info][gc,stats    ]     Exception Caches                  0 us
[241.298s][info][gc,stats    ] Pause Final Roots (G)               101 us
[241.298s][info][gc,stats    ] Pause Final Roots (N)                59 us
[241.298s][info][gc,stats    ] 
[241.298s][info][gc,stats    ] Allocation pacing accrued:
[241.298s][info][gc,stats    ]       0 of   312 ms (  0.0%): <total>
[241.298s][info][gc,stats    ]       0 of   312 ms (  0.0%): <average total>
[241.298s][info][gc,stats    ] 
[241.298s][info][gc,metaspace] Metaspace: 16551K(16832K)->16549K(16832K) NonClass: 14203K(14336K)->14202K(14336K) Class: 2348K(2496K)->2347K(2496K)
[241.298s][info][gc,ergo     ] Pacer for Idle. Initial: 163M, Alloc Tax Rate: 1.0x
[243.036s][info][gc          ] Trigger: Average GC time (1989.38 ms) is above the time for instantaneous allocation rate (4995 MB/s) to deplete free headroom (6694M) (spike threshold = 1.69)
[243.037s][info][gc,ergo     ] Free: 7104M, Max: 4096K regular, 7080M humongous, Frag: 0% external, 0% internal; Reserve: 412M, Max: 4096K
[243.037s][info][gc,start    ] GC(110) Concurrent reset
[243.037s][info][gc,task     ] GC(110) Using 1 of 3 workers for concurrent reset
[243.037s][info][gc,ergo     ] GC(110) Pacer for Reset. Non-Taxable: 8192M
[243.037s][info][gc          ] GC(110) Concurrent reset 0.401ms
[243.037s][info][gc,start    ] GC(110) Pause Init Mark (unload classes)
[243.037s][info][gc,task     ] GC(110) Using 3 of 3 workers for init marking
[243.037s][info][gc,ergo     ] GC(110) Pacer for Mark. Expected Live: 76170K, Free: 7100M, Non-Taxable: 710M, Alloc Tax Rate: 0.0x
[243.037s][info][gc          ] GC(110) Pause Init Mark (unload classes) 0.168ms
[243.039s][info][gc,start    ] GC(110) Concurrent marking roots
[243.039s][info][gc,task     ] GC(110) Using 1 of 3 workers for concurrent marking roots
[243.040s][info][gc          ] GC(110) Concurrent marking roots 0.633ms
[243.040s][info][gc,start    ] GC(110) Concurrent marking (unload classes)
[243.040s][info][gc,task     ] GC(110) Using 1 of 3 workers for concurrent marking
[243.057s][info][gc          ] GC(110) Concurrent marking (unload classes) 17.015ms
[243.057s][info][gc,start    ] GC(110) Pause Final Mark (unload classes)
[243.057s][info][gc,task     ] GC(110) Using 3 of 3 workers for final marking
[243.057s][info][gc,ergo     ] GC(110) Adaptive CSet Selection. Target Free: 1160M, Actual Free: 7888M, Max CSet: 341M, Min Garbage: 0B
[243.057s][info][gc,ergo     ] GC(110) Collectable Garbage: 672M (99%), Immediate: 512M (75%), CSet: 159M (23%)
[243.057s][info][gc,ergo     ] GC(110) Pacer for Evacuation. Used CSet: 160M, Free: 7500M, Non-Taxable: 750M, Alloc Tax Rate: 1.1x
[243.057s][info][gc          ] GC(110) Pause Final Mark (unload classes) 0.225ms
[243.057s][info][gc,start    ] GC(110) Concurrent thread roots
[243.057s][info][gc,task     ] GC(110) Using 1 of 3 workers for Concurrent thread roots
[243.058s][info][gc          ] GC(110) Concurrent thread roots 0.584ms
[243.058s][info][gc,start    ] GC(110) Concurrent weak references
[243.058s][info][gc,task     ] GC(110) Using 1 of 3 workers for concurrent weak references
[243.058s][info][gc,ref      ] GC(110) Encountered references: Soft: 173, Weak: 993, Final: 0, Phantom: 41
[243.058s][info][gc,ref      ] GC(110) Discovered  references: Soft: 0, Weak: 206, Final: 0, Phantom: 24
[243.058s][info][gc,ref      ] GC(110) Enqueued    references: Soft: 0, Weak: 5, Final: 0, Phantom: 0
[243.058s][info][gc          ] GC(110) Concurrent weak references 0.077ms
[243.058s][info][gc,start    ] GC(110) Concurrent weak roots
[243.058s][info][gc,task     ] GC(110) Using 1 of 3 workers for concurrent weak root
[243.068s][info][gc          ] GC(110) Concurrent weak roots 10.197ms
[243.068s][info][gc,start    ] GC(110) Concurrent cleanup
[243.068s][info][gc          ] GC(110) Concurrent cleanup 839M->327M(8192M) 0.047ms
[243.068s][info][gc,ergo     ] GC(110) Free: 7452M, Max: 4096K regular, 6920M humongous, Frag: 7% external, 0% internal; Reserve: 411M, Max: 4096K
[243.069s][info][gc,start    ] GC(110) Concurrent class unloading
[243.069s][info][gc,task     ] GC(110) Using 1 of 3 workers for concurrent class unloading
[243.084s][info][gc          ] GC(110) Concurrent class unloading 15.694ms
[243.084s][info][gc,start    ] GC(110) Concurrent strong roots
[243.084s][info][gc,task     ] GC(110) Using 1 of 3 workers for concurrent strong root
[243.084s][info][gc          ] GC(110) Concurrent strong roots 0.111ms
[243.084s][info][gc,start    ] GC(110) Concurrent evacuation
[243.084s][info][gc,task     ] GC(110) Using 1 of 3 workers for concurrent evacuation
[243.085s][info][gc          ] GC(110) Concurrent evacuation 1.060ms
[243.086s][info][gc,start    ] GC(110) Pause Init Update Refs
[243.086s][info][gc,ergo     ] GC(110) Pacer for Update Refs. Used: 395M, Free: 7384M, Non-Taxable: 738M, Alloc Tax Rate: 1.1x
[243.086s][info][gc          ] GC(110) Pause Init Update Refs 0.048ms
[243.115s][info][gc,start    ] GC(110) Concurrent update references
[243.115s][info][gc,task     ] GC(110) Using 1 of 3 workers for concurrent reference update
[243.161s][info][gc          ] GC(110) Concurrent update references 45.602ms
[243.161s][info][gc,start    ] GC(110) Concurrent update thread roots
[243.162s][info][gc          ] GC(110) Concurrent update thread roots 0.602ms
[243.162s][info][gc,start    ] GC(110) Pause Final Update Refs
[243.162s][info][gc,task     ] GC(110) Using 3 of 3 workers for final reference update
[243.162s][info][gc          ] GC(110) Pause Final Update Refs 0.093ms
[243.178s][info][gc,start    ] GC(110) Concurrent cleanup
[243.178s][info][gc          ] GC(110) Concurrent cleanup 691M->571M(8192M) 0.125ms
[243.178s][info][gc,ergo     ] Free: 7208M, Max: 4096K regular, 6920M humongous, Frag: 4% external, 0% internal; Reserve: 412M, Max: 4096K
[243.178s][info][gc,stats    ] 
[243.178s][info][gc,stats    ] All times are wall-clock times, except per-root-class counters, that are sum over
[243.178s][info][gc,stats    ] all workers. Dividing the <total> over the root stage time estimates parallelism.
[243.178s][info][gc,stats    ] 
[243.178s][info][gc,stats    ] Concurrent Reset                    428 us
[243.178s][info][gc,stats    ] Pause Init Mark (G)                2305 us
[243.178s][info][gc,stats    ] Pause Init Mark (N)                 178 us
[243.178s][info][gc,stats    ]   Update Region States               42 us
[243.178s][info][gc,stats    ] Concurrent Mark Roots               655 us, parallelism: 0.83x
[243.178s][info][gc,stats    ]   CMR: <total>                      542 us
[243.178s][info][gc,stats    ]   CMR: Thread Roots                 486 us, workers (us): 486, ---, ---, 
[243.178s][info][gc,stats    ]   CMR: VM Strong Roots                6 us, workers (us):   6, ---, ---, 
[243.178s][info][gc,stats    ]   CMR: CLDG Roots                    50 us, workers (us):  50, ---, ---, 
[243.178s][info][gc,stats    ] Concurrent Marking                17087 us
[243.179s][info][gc,stats    ] Pause Final Mark (G)                391 us
[243.179s][info][gc,stats    ] Pause Final Mark (N)                234 us
[243.179s][info][gc,stats    ]   Finish Mark                        58 us
[243.179s][info][gc,stats    ]   Update Region States               44 us
[243.179s][info][gc,stats    ]   Choose Collection Set              78 us
[243.179s][info][gc,stats    ]   Rebuild Free Set                    8 us
[243.179s][info][gc,stats    ] Concurrent Thread Roots             600 us, parallelism: 0.88x
[243.179s][info][gc,stats    ]   CTR: <total>                      530 us
[243.179s][info][gc,stats    ]   CTR: Thread Roots                 530 us, workers (us): 530, ---, ---, 
[243.179s][info][gc,stats    ] Concurrent Weak References           85 us, parallelism: 0.22x
[243.179s][info][gc,stats    ]   CWRF: <total>                      19 us
[243.179s][info][gc,stats    ]   CWRF: Weak References              19 us, workers (us):  19, ---, ---, 
[243.179s][info][gc,stats    ] Concurrent Weak Roots             10280 us
[243.179s][info][gc,stats    ]   Roots                            1155 us, parallelism: 0.97x
[243.179s][info][gc,stats    ]     CWR: <total>                   1118 us
[243.179s][info][gc,stats    ]     CWR: Code Cache Roots           960 us, workers (us): 960, ---, ---, 
[243.179s][info][gc,stats    ]     CWR: VM Weak Roots              146 us, workers (us): 146, ---, ---, 
[243.179s][info][gc,stats    ]     CWR: CLDG Roots                  11 us, workers (us):  11, ---, ---, 
[243.179s][info][gc,stats    ]   Rendezvous                       9022 us
[243.179s][info][gc,stats    ] Concurrent Cleanup                   56 us
[243.179s][info][gc,stats    ] Concurrent Class Unloading        15758 us
[243.179s][info][gc,stats    ]   Unlink Stale                     3792 us
[243.179s][info][gc,stats    ]     System Dictionary                14 us
[243.179s][info][gc,stats    ]     Weak Class Links                  0 us
[243.179s][info][gc,stats    ]     Code Roots                     3776 us
[243.179s][info][gc,stats    ]   Rendezvous                      11493 us
[243.179s][info][gc,stats    ]   Purge Unlinked                    384 us
[243.179s][info][gc,stats    ]     Code Roots                      375 us
[243.179s][info][gc,stats    ]     CLDG                              7 us
[243.179s][info][gc,stats    ]     Exception Caches                  1 us
[243.179s][info][gc,stats    ] Concurrent Strong Roots             122 us, parallelism: 0.45x
[243.179s][info][gc,stats    ]   CSR: <total>                       54 us
[243.179s][info][gc,stats    ]   CSR: VM Strong Roots                3 us, workers (us):   3, ---, ---, 
[243.179s][info][gc,stats    ]   CSR: CLDG Roots                    51 us, workers (us):  51, ---, ---, 
[243.179s][info][gc,stats    ] Concurrent Evacuation              1109 us
[243.179s][info][gc,stats    ] Pause Init Update Refs (G)        29764 us
[243.179s][info][gc,stats    ] Pause Init Update Refs (N)           57 us
[243.179s][info][gc,stats    ]   Manage GCLABs                       4 us
[243.179s][info][gc,stats    ] Concurrent Update Refs            45694 us
[243.179s][info][gc,stats    ] Concurrent Update Thread Roots      619 us
[243.179s][info][gc,stats    ] Pause Final Update Refs (G)       16623 us
[243.179s][info][gc,stats    ] Pause Final Update Refs (N)         132 us
[243.179s][info][gc,stats    ]   Update Region States               45 us
[243.179s][info][gc,stats    ]   Trash Collection Set                2 us
[243.179s][info][gc,stats    ]   Rebuild Free Set                   13 us
[243.179s][info][gc,stats    ] Concurrent Cleanup                  139 us
[243.179s][info][gc,stats    ] 
[243.179s][info][gc,stats    ] Allocation pacing accrued:
[243.179s][info][gc,stats    ]       0 of  1881 ms (  0.0%): <total>
[243.179s][info][gc,stats    ]       0 of  1881 ms (  0.0%): <average total>
[243.179s][info][gc,stats    ] 
[243.179s][info][gc,metaspace] Metaspace: 16554K(16832K)->16554K(16832K) NonClass: 14206K(14336K)->14206K(14336K) Class: 2348K(2496K)->2348K(2496K)
[243.179s][info][gc,ergo     ] Pacer for Idle. Initial: 163M, Alloc Tax Rate: 1.0x
[243.304s][info][gc          ] Trigger: Average GC time (1427.89 ms) is above the time for average allocation rate (4439 MB/s) to deplete free headroom (6134M) (margin of error = 1.80)
[243.304s][info][gc,ergo     ] Free headroom: 6544M (free) - 409M (spike) - 0B (penalties) = 6134M
[243.304s][info][gc,ergo     ] Free: 6544M, Max: 4096K regular, 6516M humongous, Frag: 0% external, 0% internal; Reserve: 412M, Max: 4096K
[243.304s][info][gc,start    ] GC(111) Concurrent reset
[243.304s][info][gc,task     ] GC(111) Using 1 of 3 workers for concurrent reset
[243.304s][info][gc,ergo     ] GC(111) Pacer for Reset. Non-Taxable: 8192M
[243.305s][info][gc          ] GC(111) Concurrent reset 1.117ms
[243.306s][info][gc,start    ] GC(111) Pause Init Mark (unload classes)
[243.306s][info][gc,task     ] GC(111) Using 3 of 3 workers for init marking
[243.306s][info][gc,ergo     ] GC(111) Pacer for Mark. Expected Live: 76222K, Free: 6536M, Non-Taxable: 653M, Alloc Tax Rate: 0.0x
[243.306s][info][gc          ] GC(111) Pause Init Mark (unload classes) 0.121ms
[243.308s][info][gc,start    ] GC(111) Concurrent marking roots
[243.308s][info][gc,task     ] GC(111) Using 1 of 3 workers for concurrent marking roots
[243.308s][info][gc          ] GC(111) Concurrent marking roots 0.703ms
[243.308s][info][gc,start    ] GC(111) Concurrent marking (unload classes)
[243.308s][info][gc,task     ] GC(111) Using 1 of 3 workers for concurrent marking
[243.335s][info][gc          ] GC(111) Concurrent marking (unload classes) 27.151ms
[243.336s][info][gc,start    ] GC(111) Pause Final Mark (unload classes)
[243.336s][info][gc,task     ] GC(111) Using 3 of 3 workers for final marking
[243.336s][info][gc,ergo     ] GC(111) Adaptive CSet Selection. Target Free: 1160M, Actual Free: 7856M, Max CSet: 341M, Min Garbage: 0B
[243.336s][info][gc,ergo     ] GC(111) Collectable Garbage: 1235M (99%), Immediate: 1088M (87%), CSet: 147M (11%)
[243.336s][info][gc,ergo     ] GC(111) Pacer for Evacuation. Used CSet: 148M, Free: 7472M, Non-Taxable: 747M, Alloc Tax Rate: 1.1x
[243.336s][info][gc          ] GC(111) Pause Final Mark (unload classes) 0.278ms
[243.336s][info][gc,start    ] GC(111) Concurrent thread roots
[243.336s][info][gc,task     ] GC(111) Using 1 of 3 workers for Concurrent thread roots
[243.337s][info][gc          ] GC(111) Concurrent thread roots 0.535ms
[243.337s][info][gc,start    ] GC(111) Concurrent weak references
[243.337s][info][gc,task     ] GC(111) Using 1 of 3 workers for concurrent weak references
[243.337s][info][gc,ref      ] GC(111) Encountered references: Soft: 173, Weak: 988, Final: 0, Phantom: 41
[243.337s][info][gc,ref      ] GC(111) Discovered  references: Soft: 0, Weak: 200, Final: 0, Phantom: 24
[243.337s][info][gc,ref      ] GC(111) Enqueued    references: Soft: 0, Weak: 0, Final: 0, Phantom: 0
[243.337s][info][gc          ] GC(111) Concurrent weak references 0.073ms
[243.337s][info][gc,start    ] GC(111) Concurrent weak roots
[243.337s][info][gc,task     ] GC(111) Using 1 of 3 workers for concurrent weak root
[243.351s][info][gc          ] GC(111) Concurrent weak roots 14.584ms
[243.351s][info][gc,start    ] GC(111) Concurrent cleanup
[243.351s][info][gc          ] GC(111) Concurrent cleanup 1467M->379M(8192M) 0.056ms
[243.351s][info][gc,ergo     ] GC(111) Free: 7400M, Max: 4096K regular, 6284M humongous, Frag: 15% external, 0% internal; Reserve: 411M, Max: 4096K
[243.351s][info][gc,start    ] GC(111) Concurrent class unloading
[243.351s][info][gc,task     ] GC(111) Using 1 of 3 workers for concurrent class unloading
[243.358s][info][gc          ] GC(111) Concurrent class unloading 6.276ms
[243.358s][info][gc,start    ] GC(111) Concurrent strong roots
[243.358s][info][gc,task     ] GC(111) Using 1 of 3 workers for concurrent strong root
[243.358s][info][gc          ] GC(111) Concurrent strong roots 0.097ms
[243.358s][info][gc,start    ] GC(111) Concurrent evacuation
[243.358s][info][gc,task     ] GC(111) Using 1 of 3 workers for concurrent evacuation
[243.359s][info][gc          ] GC(111) Concurrent evacuation 0.992ms
[243.359s][info][gc,start    ] GC(111) Pause Init Update Refs
[243.359s][info][gc,ergo     ] GC(111) Pacer for Update Refs. Used: 399M, Free: 7380M, Non-Taxable: 738M, Alloc Tax Rate: 1.1x
[243.359s][info][gc          ] GC(111) Pause Init Update Refs 0.065ms
[243.367s][info][gc,start    ] GC(111) Concurrent update references
[243.367s][info][gc,task     ] GC(111) Using 1 of 3 workers for concurrent reference update
[243.434s][info][gc          ] GC(111) Concurrent update references 66.454ms
[243.434s][info][gc,start    ] GC(111) Concurrent update thread roots
[243.445s][info][gc          ] GC(111) Concurrent update thread roots 11.426ms
[243.445s][info][gc,start    ] GC(111) Pause Final Update Refs
[243.445s][info][gc,task     ] GC(111) Using 3 of 3 workers for final reference update
[243.446s][info][gc          ] GC(111) Pause Final Update Refs 0.191ms
[243.446s][info][gc,start    ] GC(111) Concurrent cleanup
[243.446s][info][gc          ] GC(111) Concurrent cleanup 699M->555M(8192M) 0.030ms
[243.446s][info][gc,ergo     ] Free: 7224M, Max: 4096K regular, 6280M humongous, Frag: 13% external, 0% internal; Reserve: 412M, Max: 4096K
[243.446s][info][gc,stats    ] 
[243.446s][info][gc,stats    ] All times are wall-clock times, except per-root-class counters, that are sum over
[243.446s][info][gc,stats    ] all workers. Dividing the <total> over the root stage time estimates parallelism.
[243.446s][info][gc,stats    ] 
[243.446s][info][gc,stats    ] Concurrent Reset                   1193 us
[243.446s][info][gc,stats    ] Pause Init Mark (G)                2104 us
[243.446s][info][gc,stats    ] Pause Init Mark (N)                 131 us
[243.446s][info][gc,stats    ]   Update Region States               47 us
[243.446s][info][gc,stats    ] Concurrent Mark Roots               725 us, parallelism: 0.82x
[243.446s][info][gc,stats    ]   CMR: <total>                      592 us
[243.446s][info][gc,stats    ]   CMR: Thread Roots                 523 us, workers (us): 523, ---, ---, 
[243.446s][info][gc,stats    ]   CMR: VM Strong Roots                9 us, workers (us):   9, ---, ---, 
[243.446s][info][gc,stats    ]   CMR: CLDG Roots                    60 us, workers (us):  60, ---, ---, 
[243.446s][info][gc,stats    ] Concurrent Marking                27253 us
[243.446s][info][gc,stats    ] Pause Final Mark (G)                494 us
[243.446s][info][gc,stats    ] Pause Final Mark (N)                294 us
[243.446s][info][gc,stats    ]   Finish Mark                        64 us
[243.446s][info][gc,stats    ]   Update Region States               67 us
[243.446s][info][gc,stats    ]   Choose Collection Set              67 us
[243.446s][info][gc,stats    ]   Rebuild Free Set                    8 us
[243.446s][info][gc,stats    ] Concurrent Thread Roots             554 us, parallelism: 0.86x
[243.446s][info][gc,stats    ]   CTR: <total>                      478 us
[243.446s][info][gc,stats    ]   CTR: Thread Roots                 478 us, workers (us): 478, ---, ---, 
[243.446s][info][gc,stats    ] Concurrent Weak References           81 us, parallelism: 0.19x
[243.446s][info][gc,stats    ]   CWRF: <total>                      15 us
[243.446s][info][gc,stats    ]   CWRF: Weak References              15 us, workers (us):  15, ---, ---, 
[243.446s][info][gc,stats    ] Concurrent Weak Roots             14667 us
[243.446s][info][gc,stats    ]   Roots                            1047 us, parallelism: 0.96x
[243.446s][info][gc,stats    ]     CWR: <total>                   1001 us
[243.446s][info][gc,stats    ]     CWR: Code Cache Roots           891 us, workers (us): 891, ---, ---, 
[243.446s][info][gc,stats    ]     CWR: VM Weak Roots              100 us, workers (us): 100, ---, ---, 
[243.446s][info][gc,stats    ]     CWR: CLDG Roots                   9 us, workers (us):   9, ---, ---, 
[243.446s][info][gc,stats    ]   Rendezvous                      13513 us
[243.446s][info][gc,stats    ] Concurrent Cleanup                   65 us
[243.446s][info][gc,stats    ] Concurrent Class Unloading         6343 us
[243.446s][info][gc,stats    ]   Unlink Stale                     3848 us
[243.446s][info][gc,stats    ]     System Dictionary                16 us
[243.446s][info][gc,stats    ]     Weak Class Links                  0 us
[243.446s][info][gc,stats    ]     Code Roots                     3829 us
[243.446s][info][gc,stats    ]   Rendezvous                       2146 us
[243.446s][info][gc,stats    ]   Purge Unlinked                    260 us
[243.446s][info][gc,stats    ]     Code Roots                      254 us
[243.446s][info][gc,stats    ]     CLDG                              5 us
[243.446s][info][gc,stats    ]     Exception Caches                  0 us
[243.446s][info][gc,stats    ] Concurrent Strong Roots             108 us, parallelism: 0.41x
[243.446s][info][gc,stats    ]   CSR: <total>                       44 us
[243.446s][info][gc,stats    ]   CSR: VM Strong Roots                3 us, workers (us):   3, ---, ---, 
[243.446s][info][gc,stats    ]   CSR: CLDG Roots                    41 us, workers (us):  41, ---, ---, 
[243.446s][info][gc,stats    ] Concurrent Evacuation              1035 us
[243.446s][info][gc,stats    ] Pause Init Update Refs (G)         8367 us
[243.446s][info][gc,stats    ] Pause Init Update Refs (N)           74 us
[243.446s][info][gc,stats    ]   Manage GCLABs                       3 us
[243.446s][info][gc,stats    ] Concurrent Update Refs            66528 us
[243.446s][info][gc,stats    ] Concurrent Update Thread Roots    11529 us
[243.446s][info][gc,stats    ] Pause Final Update Refs (G)         463 us
[243.446s][info][gc,stats    ] Pause Final Update Refs (N)         237 us
[243.446s][info][gc,stats    ]   Update Region States               92 us
[243.446s][info][gc,stats    ]   Trash Collection Set                8 us
[243.446s][info][gc,stats    ]   Rebuild Free Set                   37 us
[243.446s][info][gc,stats    ] Concurrent Cleanup                   41 us
[243.446s][info][gc,stats    ] 
[243.446s][info][gc,stats    ] Allocation pacing accrued:
[243.446s][info][gc,stats    ]       0 of   267 ms (  0.0%): <total>
[243.446s][info][gc,stats    ]       0 of   267 ms (  0.0%): <average total>
[243.446s][info][gc,stats    ] 
[243.446s][info][gc,metaspace] Metaspace: 16554K(16832K)->16554K(16832K) NonClass: 14206K(14336K)->14206K(14336K) Class: 2348K(2496K)->2348K(2496K)
[243.446s][info][gc,ergo     ] Pacer for Idle. Initial: 163M, Alloc Tax Rate: 1.0x
[246.614s][info][gc          ] Trigger: Learning 4 of 5. Free (5727M) is below initial threshold (5734M)
[246.614s][info][gc,ergo     ] Free: 5727M, Max: 4096K regular, 5696M humongous, Frag: 0% external, 0% internal; Reserve: 412M, Max: 4096K
[246.614s][info][gc,start    ] GC(112) Concurrent reset
[246.614s][info][gc,task     ] GC(112) Using 1 of 3 workers for concurrent reset
[246.614s][info][gc,ergo     ] GC(112) Pacer for Reset. Non-Taxable: 8192M
[246.615s][info][gc          ] GC(112) Concurrent reset 0.904ms
[246.615s][info][gc,start    ] GC(112) Pause Init Mark (unload classes)
[246.615s][info][gc,task     ] GC(112) Using 3 of 3 workers for init marking
[246.615s][info][gc,ergo     ] GC(112) Pacer for Mark. Expected Live: 76216K, Free: 5727M, Non-Taxable: 572M, Alloc Tax Rate: 0.0x
[246.615s][info][gc          ] GC(112) Pause Init Mark (unload classes) 0.192ms
[246.615s][info][gc,start    ] GC(112) Concurrent marking roots
[246.615s][info][gc,task     ] GC(112) Using 1 of 3 workers for concurrent marking roots
[246.616s][info][gc          ] GC(112) Concurrent marking roots 0.694ms
[246.616s][info][gc,start    ] GC(112) Concurrent marking (unload classes)
[246.616s][info][gc,task     ] GC(112) Using 1 of 3 workers for concurrent marking
[246.825s][info][gc          ] GC(112) Concurrent marking (unload classes) 208.359ms
[246.825s][info][gc,start    ] GC(112) Pause Final Mark (unload classes)
[246.825s][info][gc,task     ] GC(112) Using 3 of 3 workers for final marking
[246.825s][info][gc,ergo     ] GC(112) Collectable Garbage: 1792M (92%), Immediate: 1792M (92%), CSet: 0B (0%)
[246.825s][info][gc          ] GC(112) Pause Final Mark (unload classes) 0.376ms
[246.825s][info][gc,start    ] GC(112) Concurrent weak references
[246.825s][info][gc,task     ] GC(112) Using 1 of 3 workers for concurrent weak references
[246.825s][info][gc,ref      ] GC(112) Encountered references: Soft: 173, Weak: 991, Final: 0, Phantom: 41
[246.825s][info][gc,ref      ] GC(112) Discovered  references: Soft: 0, Weak: 213, Final: 0, Phantom: 24
[246.825s][info][gc,ref      ] GC(112) Enqueued    references: Soft: 0, Weak: 6, Final: 0, Phantom: 0
[246.825s][info][gc          ] GC(112) Concurrent weak references 0.232ms
[246.825s][info][gc,start    ] GC(112) Concurrent weak roots
[246.825s][info][gc,task     ] GC(112) Using 1 of 3 workers for concurrent weak root
[246.827s][info][gc          ] GC(112) Concurrent weak roots 1.241ms
[246.827s][info][gc,start    ] GC(112) Concurrent cleanup
[246.827s][info][gc          ] GC(112) Concurrent cleanup 2359M->567M(8192M) 0.078ms
[246.827s][info][gc,ergo     ] GC(112) Free: 7212M, Max: 4096K regular, 5392M humongous, Frag: 25% external, 0% internal; Reserve: 412M, Max: 4096K
[246.827s][info][gc,start    ] GC(112) Concurrent class unloading
[246.827s][info][gc,task     ] GC(112) Using 1 of 3 workers for concurrent class unloading
[246.831s][info][gc          ] GC(112) Concurrent class unloading 3.821ms
[246.831s][info][gc,start    ] GC(112) Pause Final Roots
[246.831s][info][gc          ] GC(112) Pause Final Roots 0.045ms
[246.831s][info][gc,ergo     ] Free: 7208M, Max: 4096K regular, 5392M humongous, Frag: 25% external, 0% internal; Reserve: 412M, Max: 4096K
[246.831s][info][gc,stats    ] 
[246.831s][info][gc,stats    ] All times are wall-clock times, except per-root-class counters, that are sum over
[246.831s][info][gc,stats    ] all workers. Dividing the <total> over the root stage time estimates parallelism.
[246.831s][info][gc,stats    ] 
[246.831s][info][gc,stats    ] Concurrent Reset                    942 us
[246.831s][info][gc,stats    ] Pause Init Mark (G)                 367 us
[246.831s][info][gc,stats    ] Pause Init Mark (N)                 210 us
[246.831s][info][gc,stats    ]   Update Region States               90 us
[246.831s][info][gc,stats    ] Concurrent Mark Roots               731 us, parallelism: 0.76x
[246.831s][info][gc,stats    ]   CMR: <total>                      555 us
[246.831s][info][gc,stats    ]   CMR: Thread Roots                 513 us, workers (us): 513, ---, ---, 
[246.831s][info][gc,stats    ]   CMR: VM Strong Roots                4 us, workers (us):   4, ---, ---, 
[246.831s][info][gc,stats    ]   CMR: CLDG Roots                    37 us, workers (us):  37, ---, ---, 
[246.831s][info][gc,stats    ] Concurrent Marking               208425 us
[246.831s][info][gc,stats    ] Pause Final Mark (G)                521 us
[246.831s][info][gc,stats    ] Pause Final Mark (N)                395 us
[246.831s][info][gc,stats    ]   Finish Mark                       116 us
[246.831s][info][gc,stats    ]   Update Region States              103 us
[246.831s][info][gc,stats    ]   Choose Collection Set              59 us
[246.831s][info][gc,stats    ]   Rebuild Free Set                   16 us
[246.831s][info][gc,stats    ] Concurrent Weak References          249 us, parallelism: 0.05x
[246.831s][info][gc,stats    ]   CWRF: <total>                      11 us
[246.831s][info][gc,stats    ]   CWRF: Weak References              11 us, workers (us):  11, ---, ---, 
[246.831s][info][gc,stats    ] Concurrent Weak Roots              1287 us
[246.831s][info][gc,stats    ]   Roots                            1108 us, parallelism: 0.93x
[246.831s][info][gc,stats    ]     CWR: <total>                   1027 us
[246.831s][info][gc,stats    ]     CWR: Code Cache Roots           850 us, workers (us): 850, ---, ---, 
[246.831s][info][gc,stats    ]     CWR: VM Weak Roots              167 us, workers (us): 167, ---, ---, 
[246.831s][info][gc,stats    ]     CWR: CLDG Roots                  10 us, workers (us):  10, ---, ---, 
[246.831s][info][gc,stats    ]   Rendezvous                         97 us
[246.831s][info][gc,stats    ] Concurrent Cleanup                   95 us
[246.831s][info][gc,stats    ] Concurrent Class Unloading         3860 us
[246.831s][info][gc,stats    ]   Unlink Stale                     3339 us
[246.831s][info][gc,stats    ]     System Dictionary                10 us
[246.831s][info][gc,stats    ]     Weak Class Links                  0 us
[246.831s][info][gc,stats    ]     Code Roots                     3327 us
[246.831s][info][gc,stats    ]   Rendezvous                        130 us
[246.831s][info][gc,stats    ]   Purge Unlinked                    317 us
[246.831s][info][gc,stats    ]     Code Roots                      302 us
[246.831s][info][gc,stats    ]     CLDG                             14 us
[246.831s][info][gc,stats    ]     Exception Caches                  0 us
[246.831s][info][gc,stats    ] Pause Final Roots (G)               130 us
[246.831s][info][gc,stats    ] Pause Final Roots (N)                55 us
[246.831s][info][gc,stats    ] 
[246.831s][info][gc,stats    ] Allocation pacing accrued:
[246.831s][info][gc,stats    ]       0 of  3385 ms (  0.0%): <total>
[246.831s][info][gc,stats    ]       0 of  3385 ms (  0.0%): <average total>
[246.831s][info][gc,stats    ] 
[246.831s][info][gc,metaspace] Metaspace: 16554K(16832K)->16554K(16832K) NonClass: 14206K(14336K)->14206K(14336K) Class: 2348K(2496K)->2348K(2496K)
[246.831s][info][gc,ergo     ] Pacer for Idle. Initial: 163M, Alloc Tax Rate: 1.0x
[248.824s][info][gc          ] Trigger: Explicit GC request (System.gc())
[248.824s][info][gc,ergo     ] Free: 6088M, Max: 4096K regular, 5392M humongous, Frag: 12% external, 0% internal; Reserve: 412M, Max: 4096K
[248.824s][info][gc,start    ] GC(113) Concurrent reset
[248.824s][info][gc,task     ] GC(113) Using 1 of 3 workers for concurrent reset
[248.824s][info][gc,ergo     ] GC(113) Pacer for Reset. Non-Taxable: 8192M
[248.826s][info][gc          ] GC(113) Concurrent reset 1.355ms
[248.826s][info][gc,start    ] GC(113) Pause Init Mark (unload classes)
[248.826s][info][gc,task     ] GC(113) Using 3 of 3 workers for init marking
[248.826s][info][gc,ref      ] GC(113) Clearing All SoftReferences
[248.826s][info][gc,ergo     ] GC(113) Pacer for Mark. Expected Live: 96852K, Free: 6088M, Non-Taxable: 608M, Alloc Tax Rate: 0.0x
[248.826s][info][gc          ] GC(113) Pause Init Mark (unload classes) 0.141ms
[248.826s][info][gc,start    ] GC(113) Concurrent marking roots
[248.826s][info][gc,task     ] GC(113) Using 1 of 3 workers for concurrent marking roots
[248.827s][info][gc          ] GC(113) Concurrent marking roots 0.733ms
[248.827s][info][gc,start    ] GC(113) Concurrent marking (unload classes)
[248.827s][info][gc,task     ] GC(113) Using 1 of 3 workers for concurrent marking
[248.831s][info][gc          ] GC(113) Concurrent marking (unload classes) 4.415ms
[248.831s][info][gc,start    ] GC(113) Pause Final Mark (unload classes)
[248.831s][info][gc,task     ] GC(113) Using 3 of 3 workers for final marking
[248.831s][info][gc,ergo     ] GC(113) Collectable Garbage: 1663M (98%), Immediate: 1663M (98%), CSet: 0B (0%)
[248.831s][info][gc          ] GC(113) Pause Final Mark (unload classes) 0.434ms
[248.832s][info][gc,start    ] GC(113) Concurrent weak references
[248.832s][info][gc,task     ] GC(113) Using 1 of 3 workers for concurrent weak references
[248.832s][info][gc,ref      ] GC(113) Encountered references: Soft: 172, Weak: 988, Final: 0, Phantom: 41
[248.832s][info][gc,ref      ] GC(113) Discovered  references: Soft: 108, Weak: 218, Final: 0, Phantom: 24
[248.832s][info][gc,ref      ] GC(113) Enqueued    references: Soft: 4, Weak: 5, Final: 0, Phantom: 0
[248.832s][info][gc          ] GC(113) Concurrent weak references 0.273ms
[248.832s][info][gc,start    ] GC(113) Concurrent weak roots
[248.832s][info][gc,task     ] GC(113) Using 1 of 3 workers for concurrent weak root
[248.833s][info][gc          ] GC(113) Concurrent weak roots 1.183ms
[248.833s][info][gc,start    ] GC(113) Concurrent cleanup
[248.833s][info][gc          ] GC(113) Concurrent cleanup 1690M->27M(8192M) 0.042ms
[248.833s][info][gc,ergo     ] GC(113) Free: 7752M, Max: 4096K regular, 5984M humongous, Frag: 23% external, 0% internal; Reserve: 412M, Max: 4096K
[248.833s][info][gc,start    ] GC(113) Concurrent class unloading
[248.833s][info][gc,task     ] GC(113) Using 1 of 3 workers for concurrent class unloading
[248.839s][info][gc          ] GC(113) Concurrent class unloading 6.257ms
[248.840s][info][gc,start    ] GC(113) Pause Final Roots
[248.840s][info][gc          ] GC(113) Pause Final Roots 0.056ms
[248.840s][info][gc,ergo     ] Free: 7752M, Max: 4096K regular, 5984M humongous, Frag: 23% external, 0% internal; Reserve: 412M, Max: 4096K
[248.840s][info][gc,stats    ] 
[248.840s][info][gc,stats    ] All times are wall-clock times, except per-root-class counters, that are sum over
[248.840s][info][gc,stats    ] all workers. Dividing the <total> over the root stage time estimates parallelism.
[248.840s][info][gc,stats    ] 
[248.840s][info][gc,stats    ] Concurrent Reset                   1400 us
[248.840s][info][gc,stats    ] Pause Init Mark (G)                 226 us
[248.840s][info][gc,stats    ] Pause Init Mark (N)                 149 us
[248.840s][info][gc,stats    ]   Update Region States               68 us
[248.840s][info][gc,stats    ] Concurrent Mark Roots               769 us, parallelism: 0.77x
[248.840s][info][gc,stats    ]   CMR: <total>                      589 us
[248.840s][info][gc,stats    ]   CMR: Thread Roots                 539 us, workers (us): 539, ---, ---, 
[248.840s][info][gc,stats    ]   CMR: VM Strong Roots                4 us, workers (us):   4, ---, ---, 
[248.840s][info][gc,stats    ]   CMR: CLDG Roots                    45 us, workers (us):  45, ---, ---, 
[248.840s][info][gc,stats    ] Concurrent Marking                 4463 us
[248.840s][info][gc,stats    ] Pause Final Mark (G)                538 us
[248.840s][info][gc,stats    ] Pause Final Mark (N)                444 us
[248.840s][info][gc,stats    ]   Finish Mark                       261 us
[248.840s][info][gc,stats    ]   Update Region States               60 us
[248.840s][info][gc,stats    ]   Choose Collection Set              42 us
[248.840s][info][gc,stats    ]   Rebuild Free Set                    7 us
[248.840s][info][gc,stats    ] Concurrent Weak References          281 us, parallelism: 0.11x
[248.840s][info][gc,stats    ]   CWRF: <total>                      30 us
[248.840s][info][gc,stats    ]   CWRF: Weak References              30 us, workers (us):  30, ---, ---, 
[248.840s][info][gc,stats    ] Concurrent Weak Roots              1211 us
[248.840s][info][gc,stats    ]   Roots                            1108 us, parallelism: 0.93x
[248.840s][info][gc,stats    ]     CWR: <total>                   1032 us
[248.840s][info][gc,stats    ]     CWR: Code Cache Roots           865 us, workers (us): 865, ---, ---, 
[248.840s][info][gc,stats    ]     CWR: VM Weak Roots              161 us, workers (us): 161, ---, ---, 
[248.840s][info][gc,stats    ]     CWR: CLDG Roots                   6 us, workers (us):   6, ---, ---, 
[248.840s][info][gc,stats    ]   Rendezvous                         57 us
[248.840s][info][gc,stats    ] Concurrent Cleanup                   50 us
[248.840s][info][gc,stats    ] Concurrent Class Unloading         6318 us
[248.840s][info][gc,stats    ]   Unlink Stale                     5802 us
[248.840s][info][gc,stats    ]     System Dictionary                56 us
[248.840s][info][gc,stats    ]     Weak Class Links               1811 us
[248.840s][info][gc,stats    ]     Code Roots                     3931 us
[248.840s][info][gc,stats    ]   Rendezvous                        172 us
[248.840s][info][gc,stats    ]   Purge Unlinked                    263 us
[248.840s][info][gc,stats    ]     Code Roots                      222 us
[248.840s][info][gc,stats    ]     CLDG                             40 us
[248.840s][info][gc,stats    ]     Exception Caches                  0 us
[248.840s][info][gc,stats    ] Pause Final Roots (G)               175 us
[248.840s][info][gc,stats    ] Pause Final Roots (N)                75 us
[248.840s][info][gc,stats    ] 
[248.840s][info][gc,stats    ] Allocation pacing accrued:
[248.840s][info][gc,stats    ]       0 of  2009 ms (  0.0%): <total>
[248.840s][info][gc,stats    ]       0 of  2009 ms (  0.0%): <average total>
[248.840s][info][gc,stats    ] 
[248.840s][info][gc,metaspace] Metaspace: 16560K(16832K)->16556K(16832K) NonClass: 14212K(14336K)->14208K(14336K) Class: 2348K(2496K)->2347K(2496K)
[248.840s][info][gc,ergo     ] Pacer for Idle. Initial: 163M, Alloc Tax Rate: 1.0x
[250.799s][info][gc          ] Trigger: Learning 2 of 5. Free (5660M) is below initial threshold (5734M)
[250.799s][info][gc,ergo     ] Free: 5660M, Max: 4096K regular, 5632M humongous, Frag: 0% external, 0% internal; Reserve: 412M, Max: 4096K
[250.799s][info][gc,start    ] GC(114) Concurrent reset
[250.799s][info][gc,task     ] GC(114) Using 1 of 3 workers for concurrent reset
[250.799s][info][gc,ergo     ] GC(114) Pacer for Reset. Non-Taxable: 8192M
[250.800s][info][gc          ] GC(114) Concurrent reset 0.476ms
[250.800s][info][gc,start    ] GC(114) Pause Init Mark (unload classes)
[250.800s][info][gc,task     ] GC(114) Using 3 of 3 workers for init marking
[250.800s][info][gc,ergo     ] GC(114) Pacer for Mark. Expected Live: 25122K, Free: 5660M, Non-Taxable: 566M, Alloc Tax Rate: 0.0x
[250.800s][info][gc          ] GC(114) Pause Init Mark (unload classes) 0.117ms
[250.815s][info][gc,start    ] GC(114) Concurrent marking roots
[250.815s][info][gc,task     ] GC(114) Using 1 of 3 workers for concurrent marking roots
[250.816s][info][gc          ] GC(114) Concurrent marking roots 0.742ms
[250.816s][info][gc,start    ] GC(114) Concurrent marking (unload classes)
[250.816s][info][gc,task     ] GC(114) Using 1 of 3 workers for concurrent marking
[250.830s][info][gc          ] GC(114) Concurrent marking (unload classes) 14.623ms
[250.831s][info][gc,start    ] GC(114) Pause Final Mark (unload classes)
[250.831s][info][gc,task     ] GC(114) Using 3 of 3 workers for final marking
[250.831s][info][gc,ergo     ] GC(114) Adaptive CSet Selection. Target Free: 1160M, Actual Free: 7804M, Max CSet: 341M, Min Garbage: 0B
[250.831s][info][gc,ergo     ] GC(114) Collectable Garbage: 2111M (99%), Immediate: 1920M (90%), CSet: 191M (9%)
[250.831s][info][gc,ergo     ] GC(114) Pacer for Evacuation. Used CSet: 192M, Free: 7420M, Non-Taxable: 742M, Alloc Tax Rate: 1.1x
[250.831s][info][gc          ] GC(114) Pause Final Mark (unload classes) 0.514ms
[250.846s][info][gc,start    ] GC(114) Concurrent thread roots
[250.846s][info][gc,task     ] GC(114) Using 1 of 3 workers for Concurrent thread roots
[250.847s][info][gc          ] GC(114) Concurrent thread roots 0.607ms
[250.847s][info][gc,start    ] GC(114) Concurrent weak references
[250.847s][info][gc,task     ] GC(114) Using 1 of 3 workers for concurrent weak references
[250.847s][info][gc,ref      ] GC(114) Encountered references: Soft: 173, Weak: 995, Final: 0, Phantom: 41
[250.847s][info][gc,ref      ] GC(114) Discovered  references: Soft: 0, Weak: 206, Final: 0, Phantom: 24
[250.847s][info][gc,ref      ] GC(114) Enqueued    references: Soft: 0, Weak: 4, Final: 0, Phantom: 0
[250.847s][info][gc          ] GC(114) Concurrent weak references 0.078ms
[250.847s][info][gc,start    ] GC(114) Concurrent weak roots
[250.847s][info][gc,task     ] GC(114) Using 1 of 3 workers for concurrent weak root
[250.850s][info][gc          ] GC(114) Concurrent weak roots 2.799ms
[250.850s][info][gc,start    ] GC(114) Concurrent cleanup
[250.850s][info][gc          ] GC(114) Concurrent cleanup 2347M->427M(8192M) 0.057ms
[250.850s][info][gc,ergo     ] GC(114) Free: 7352M, Max: 4096K regular, 5412M humongous, Frag: 27% external, 0% internal; Reserve: 411M, Max: 4096K
[250.850s][info][gc,start    ] GC(114) Concurrent class unloading
[250.850s][info][gc,task     ] GC(114) Using 1 of 3 workers for concurrent class unloading
[250.862s][info][gc          ] GC(114) Concurrent class unloading 12.296ms
[250.862s][info][gc,start    ] GC(114) Concurrent strong roots
[250.862s][info][gc,task     ] GC(114) Using 1 of 3 workers for concurrent strong root
[250.862s][info][gc          ] GC(114) Concurrent strong roots 0.108ms
[250.862s][info][gc,start    ] GC(114) Concurrent evacuation
[250.862s][info][gc,task     ] GC(114) Using 1 of 3 workers for concurrent evacuation
[250.864s][info][gc          ] GC(114) Concurrent evacuation 1.362ms
[250.864s][info][gc,start    ] GC(114) Pause Init Update Refs
[250.864s][info][gc,ergo     ] GC(114) Pacer for Update Refs. Used: 480M, Free: 7300M, Non-Taxable: 730M, Alloc Tax Rate: 1.1x
[250.864s][info][gc          ] GC(114) Pause Init Update Refs 0.058ms
[250.868s][info][gc,start    ] GC(114) Concurrent update references
[250.868s][info][gc,task     ] GC(114) Using 1 of 3 workers for concurrent reference update
[250.937s][info][gc          ] GC(114) Concurrent update references 68.913ms
[250.937s][info][gc,start    ] GC(114) Concurrent update thread roots
[250.956s][info][gc          ] GC(114) Concurrent update thread roots 18.726ms
[250.956s][info][gc,start    ] GC(114) Pause Final Update Refs
[250.956s][info][gc,task     ] GC(114) Using 3 of 3 workers for final reference update
[250.956s][info][gc          ] GC(114) Pause Final Update Refs 0.135ms
[250.959s][info][gc,start    ] GC(114) Concurrent cleanup
[250.959s][info][gc          ] GC(114) Concurrent cleanup 780M->608M(8192M) 0.127ms
[250.959s][info][gc,ergo     ] Free: 7171M, Max: 4096K regular, 5408M humongous, Frag: 25% external, 0% internal; Reserve: 412M, Max: 4096K
[250.959s][info][gc,stats    ] 
[250.959s][info][gc,stats    ] All times are wall-clock times, except per-root-class counters, that are sum over
[250.959s][info][gc,stats    ] all workers. Dividing the <total> over the root stage time estimates parallelism.
[250.959s][info][gc,stats    ] 
[250.959s][info][gc,stats    ] Concurrent Reset                    501 us
[250.959s][info][gc,stats    ] Pause Init Mark (G)               15233 us
[250.959s][info][gc,stats    ] Pause Init Mark (N)                 128 us
[250.959s][info][gc,stats    ]   Update Region States               37 us
[250.959s][info][gc,stats    ] Concurrent Mark Roots               767 us, parallelism: 0.75x
[250.959s][info][gc,stats    ]   CMR: <total>                      572 us
[250.959s][info][gc,stats    ]   CMR: Thread Roots                 518 us, workers (us): 518, ---, ---, 
[250.959s][info][gc,stats    ]   CMR: VM Strong Roots                8 us, workers (us):   8, ---, ---, 
[250.959s][info][gc,stats    ]   CMR: CLDG Roots                    46 us, workers (us):  46, ---, ---, 
[250.959s][info][gc,stats    ] Concurrent Marking                14708 us
[250.959s][info][gc,stats    ] Pause Final Mark (G)              15643 us
[250.959s][info][gc,stats    ] Pause Final Mark (N)                524 us
[250.959s][info][gc,stats    ]   Finish Mark                        58 us
[250.959s][info][gc,stats    ]   Update Region States               50 us
[250.959s][info][gc,stats    ]   Choose Collection Set              60 us
[250.959s][info][gc,stats    ]   Rebuild Free Set                    8 us
[250.959s][info][gc,stats    ] Concurrent Thread Roots             627 us, parallelism: 0.76x
[250.959s][info][gc,stats    ]   CTR: <total>                      474 us
[250.959s][info][gc,stats    ]   CTR: Thread Roots                 474 us, workers (us): 474, ---, ---, 
[250.959s][info][gc,stats    ] Concurrent Weak References           86 us, parallelism: 0.24x
[250.959s][info][gc,stats    ]   CWRF: <total>                      20 us
[250.959s][info][gc,stats    ]   CWRF: Weak References              20 us, workers (us):  20, ---, ---, 
[250.959s][info][gc,stats    ] Concurrent Weak Roots              2824 us
[250.959s][info][gc,stats    ]   Roots                            1205 us, parallelism: 0.96x
[250.959s][info][gc,stats    ]     CWR: <total>                   1159 us
[250.959s][info][gc,stats    ]     CWR: Code Cache Roots           980 us, workers (us): 980, ---, ---, 
[250.959s][info][gc,stats    ]     CWR: VM Weak Roots              168 us, workers (us): 168, ---, ---, 
[250.959s][info][gc,stats    ]     CWR: CLDG Roots                  11 us, workers (us):  11, ---, ---, 
[250.959s][info][gc,stats    ]   Rendezvous                       1578 us
[250.959s][info][gc,stats    ] Concurrent Cleanup                   66 us
[250.959s][info][gc,stats    ] Concurrent Class Unloading        12359 us
[250.959s][info][gc,stats    ]   Unlink Stale                     3612 us
[250.959s][info][gc,stats    ]     System Dictionary                13 us
[250.959s][info][gc,stats    ]     Weak Class Links                  0 us
[250.959s][info][gc,stats    ]     Code Roots                     3598 us
[250.959s][info][gc,stats    ]   Rendezvous                       8270 us
[250.959s][info][gc,stats    ]   Purge Unlinked                    390 us
[250.959s][info][gc,stats    ]     Code Roots                      376 us
[250.959s][info][gc,stats    ]     CLDG                             13 us
[250.959s][info][gc,stats    ]     Exception Caches                  0 us
[250.959s][info][gc,stats    ] Concurrent Strong Roots             118 us, parallelism: 0.43x
[250.959s][info][gc,stats    ]   CSR: <total>                       51 us
[250.959s][info][gc,stats    ]   CSR: VM Strong Roots                4 us, workers (us):   4, ---, ---, 
[250.959s][info][gc,stats    ]   CSR: CLDG Roots                    47 us, workers (us):  47, ---, ---, 
[250.959s][info][gc,stats    ] Concurrent Evacuation              1415 us
[250.960s][info][gc,stats    ] Pause Init Update Refs (G)         4397 us
[250.960s][info][gc,stats    ] Pause Init Update Refs (N)           66 us
[250.960s][info][gc,stats    ]   Manage GCLABs                       3 us
[250.960s][info][gc,stats    ] Concurrent Update Refs            69000 us
[250.960s][info][gc,stats    ] Concurrent Update Thread Roots    18803 us
[250.960s][info][gc,stats    ] Pause Final Update Refs (G)        3198 us
[250.960s][info][gc,stats    ] Pause Final Update Refs (N)         155 us
[250.960s][info][gc,stats    ]   Update Region States               61 us
[250.960s][info][gc,stats    ]   Trash Collection Set                3 us
[250.960s][info][gc,stats    ]   Rebuild Free Set                    9 us
[250.960s][info][gc,stats    ] Concurrent Cleanup                  139 us
[250.960s][info][gc,stats    ] 
[250.960s][info][gc,stats    ] Allocation pacing accrued:
[250.960s][info][gc,stats    ]       0 of  2120 ms (  0.0%): <total>
[250.960s][info][gc,stats    ]       0 of  2120 ms (  0.0%): <average total>
[250.960s][info][gc,stats    ] 
[250.960s][info][gc,metaspace] Metaspace: 16560K(16832K)->16560K(16832K) NonClass: 14212K(14336K)->14212K(14336K) Class: 2348K(2496K)->2348K(2496K)
[250.960s][info][gc,ergo     ] Pacer for Idle. Initial: 163M, Alloc Tax Rate: 1.0x
[254.617s][info][gc          ] Trigger: Learning 3 of 5. Free (5719M) is below initial threshold (5734M)
[254.617s][info][gc,ergo     ] Free: 5719M, Max: 4096K regular, 5408M humongous, Frag: 6% external, 0% internal; Reserve: 412M, Max: 4096K
[254.617s][info][gc,start    ] GC(115) Concurrent reset
[254.617s][info][gc,task     ] GC(115) Using 1 of 3 workers for concurrent reset
[254.617s][info][gc,ergo     ] GC(115) Pacer for Reset. Non-Taxable: 8192M
[254.618s][info][gc          ] GC(115) Concurrent reset 0.994ms
[254.618s][info][gc,start    ] GC(115) Pause Init Mark (unload classes)
[254.618s][info][gc,task     ] GC(115) Using 3 of 3 workers for init marking
[254.618s][info][gc,ergo     ] GC(115) Pacer for Mark. Expected Live: 25177K, Free: 5715M, Non-Taxable: 571M, Alloc Tax Rate: 0.0x
[254.618s][info][gc          ] GC(115) Pause Init Mark (unload classes) 0.159ms
[254.619s][info][gc,start    ] GC(115) Concurrent marking roots
[254.619s][info][gc,task     ] GC(115) Using 1 of 3 workers for concurrent marking roots
[254.619s][info][gc          ] GC(115) Concurrent marking roots 0.748ms
[254.619s][info][gc,start    ] GC(115) Concurrent marking (unload classes)
[254.619s][info][gc,task     ] GC(115) Using 1 of 3 workers for concurrent marking
[255.044s][info][gc          ] GC(115) Concurrent marking (unload classes) 425.204ms
[255.045s][info][gc,start    ] GC(115) Pause Final Mark (unload classes)
[255.045s][info][gc,task     ] GC(115) Using 3 of 3 workers for final marking
[255.045s][info][gc,ergo     ] GC(115) Adaptive CSet Selection. Target Free: 1160M, Actual Free: 7100M, Max CSet: 341M, Min Garbage: 0B
[255.045s][info][gc,ergo     ] GC(115) Collectable Garbage: 1853M (99%), Immediate: 1540M (82%), CSet: 313M (16%)
[255.045s][info][gc,ergo     ] GC(115) Pacer for Evacuation. Used CSet: 517M, Free: 6709M, Non-Taxable: 670M, Alloc Tax Rate: 1.1x
[255.045s][info][gc          ] GC(115) Pause Final Mark (unload classes) 0.570ms
[255.045s][info][gc,start    ] GC(115) Concurrent thread roots
[255.045s][info][gc,task     ] GC(115) Using 1 of 3 workers for Concurrent thread roots
[255.046s][info][gc          ] GC(115) Concurrent thread roots 0.604ms
[255.046s][info][gc,start    ] GC(115) Concurrent weak references
[255.046s][info][gc,task     ] GC(115) Using 1 of 3 workers for concurrent weak references
[255.046s][info][gc,ref      ] GC(115) Encountered references: Soft: 173, Weak: 997, Final: 0, Phantom: 41
[255.046s][info][gc,ref      ] GC(115) Discovered  references: Soft: 0, Weak: 211, Final: 0, Phantom: 24
[255.046s][info][gc,ref      ] GC(115) Enqueued    references: Soft: 0, Weak: 5, Final: 0, Phantom: 0
[255.046s][info][gc          ] GC(115) Concurrent weak references 0.136ms
[255.046s][info][gc,start    ] GC(115) Concurrent weak roots
[255.046s][info][gc,task     ] GC(115) Using 1 of 3 workers for concurrent weak root
[255.047s][info][gc          ] GC(115) Concurrent weak roots 1.176ms
[255.047s][info][gc,start    ] GC(115) Concurrent cleanup
[255.047s][info][gc          ] GC(115) Concurrent cleanup 2611M->1071M(8192M) 0.046ms
[255.047s][info][gc,ergo     ] GC(115) Free: 6705M, Max: 4096K regular, 5144M humongous, Frag: 24% external, 0% internal; Reserve: 411M, Max: 4096K
[255.047s][info][gc,start    ] GC(115) Concurrent class unloading
[255.047s][info][gc,task     ] GC(115) Using 1 of 3 workers for concurrent class unloading
[255.051s][info][gc          ] GC(115) Concurrent class unloading 3.717ms
[255.051s][info][gc,start    ] GC(115) Concurrent strong roots
[255.051s][info][gc,task     ] GC(115) Using 1 of 3 workers for concurrent strong root
[255.051s][info][gc          ] GC(115) Concurrent strong roots 0.177ms
[255.051s][info][gc,start    ] GC(115) Concurrent evacuation
[255.051s][info][gc,task     ] GC(115) Using 1 of 3 workers for concurrent evacuation
[255.228s][info][gc          ] GC(115) Concurrent evacuation 176.562ms
[255.228s][info][gc,start    ] GC(115) Pause Init Update Refs
[255.228s][info][gc,ergo     ] GC(115) Pacer for Update Refs. Used: 1310M, Free: 6673M, Non-Taxable: 667M, Alloc Tax Rate: 1.1x
[255.228s][info][gc          ] GC(115) Pause Init Update Refs 0.103ms
[255.228s][info][gc,start    ] GC(115) Concurrent update references
[255.228s][info][gc,task     ] GC(115) Using 1 of 3 workers for concurrent reference update
[255.904s][info][gc          ] GC(115) Concurrent update references 675.848ms
[255.904s][info][gc,start    ] GC(115) Concurrent update thread roots
[255.905s][info][gc          ] GC(115) Concurrent update thread roots 1.198ms
[255.905s][info][gc,start    ] GC(115) Pause Final Update Refs
[255.906s][info][gc,task     ] GC(115) Using 3 of 3 workers for final reference update
[255.906s][info][gc          ] GC(115) Pause Final Update Refs 0.162ms
[255.906s][info][gc,start    ] GC(115) Concurrent cleanup
[255.906s][info][gc          ] GC(115) Concurrent cleanup 1650M->1133M(8192M) 0.027ms
[255.906s][info][gc,ergo     ] Free: 6646M, Max: 4096K regular, 4940M humongous, Frag: 26% external, 0% internal; Reserve: 412M, Max: 4096K
[255.906s][info][gc,stats    ] 
[255.906s][info][gc,stats    ] All times are wall-clock times, except per-root-class counters, that are sum over
[255.906s][info][gc,stats    ] all workers. Dividing the <total> over the root stage time estimates parallelism.
[255.906s][info][gc,stats    ] 
[255.906s][info][gc,stats    ] Concurrent Reset                   1041 us
[255.906s][info][gc,stats    ] Pause Init Mark (G)                 302 us
[255.906s][info][gc,stats    ] Pause Init Mark (N)                 175 us
[255.906s][info][gc,stats    ]   Update Region States               74 us
[255.906s][info][gc,stats    ] Concurrent Mark Roots               769 us, parallelism: 0.83x
[255.906s][info][gc,stats    ]   CMR: <total>                      642 us
[255.906s][info][gc,stats    ]   CMR: Thread Roots                 574 us, workers (us): 574, ---, ---, 
[255.906s][info][gc,stats    ]   CMR: VM Strong Roots                5 us, workers (us):   5, ---, ---, 
[255.906s][info][gc,stats    ]   CMR: CLDG Roots                    62 us, workers (us):  62, ---, ---, 
[255.906s][info][gc,stats    ] Concurrent Marking               425260 us
[255.906s][info][gc,stats    ] Pause Final Mark (G)                751 us
[255.906s][info][gc,stats    ] Pause Final Mark (N)                592 us
[255.906s][info][gc,stats    ]   Finish Mark                       158 us
[255.906s][info][gc,stats    ]   Update Region States              125 us
[255.906s][info][gc,stats    ]   Choose Collection Set             141 us
[255.906s][info][gc,stats    ]   Rebuild Free Set                   21 us
[255.906s][info][gc,stats    ] Concurrent Thread Roots             645 us, parallelism: 0.76x
[255.906s][info][gc,stats    ]   CTR: <total>                      490 us
[255.906s][info][gc,stats    ]   CTR: Thread Roots                 490 us, workers (us): 490, ---, ---, 
[255.906s][info][gc,stats    ] Concurrent Weak References          152 us, parallelism: 0.08x
[255.906s][info][gc,stats    ]   CWRF: <total>                      13 us
[255.906s][info][gc,stats    ]   CWRF: Weak References              13 us, workers (us):  13, ---, ---, 
[255.906s][info][gc,stats    ] Concurrent Weak Roots              1207 us
[255.906s][info][gc,stats    ]   Roots                            1089 us, parallelism: 0.94x
[255.906s][info][gc,stats    ]     CWR: <total>                   1025 us
[255.906s][info][gc,stats    ]     CWR: Code Cache Roots           745 us, workers (us): 745, ---, ---, 
[255.906s][info][gc,stats    ]     CWR: VM Weak Roots              269 us, workers (us): 269, ---, ---, 
[255.906s][info][gc,stats    ]     CWR: CLDG Roots                  11 us, workers (us):  11, ---, ---, 
[255.906s][info][gc,stats    ]   Rendezvous                         55 us
[255.906s][info][gc,stats    ] Concurrent Cleanup                   55 us
[255.906s][info][gc,stats    ] Concurrent Class Unloading         3749 us
[255.906s][info][gc,stats    ]   Unlink Stale                     3411 us
[255.906s][info][gc,stats    ]     System Dictionary                11 us
[255.906s][info][gc,stats    ]     Weak Class Links                  0 us
[255.906s][info][gc,stats    ]     Code Roots                     3399 us
[255.906s][info][gc,stats    ]   Rendezvous                        101 us
[255.906s][info][gc,stats    ]   Purge Unlinked                    188 us
[255.906s][info][gc,stats    ]     Code Roots                      182 us
[255.906s][info][gc,stats    ]     CLDG                              5 us
[255.906s][info][gc,stats    ]     Exception Caches                  0 us
[255.906s][info][gc,stats    ] Concurrent Strong Roots             195 us, parallelism: 0.35x
[255.906s][info][gc,stats    ]   CSR: <total>                       68 us
[255.906s][info][gc,stats    ]   CSR: VM Strong Roots                6 us, workers (us):   6, ---, ---, 
[255.906s][info][gc,stats    ]   CSR: CLDG Roots                    63 us, workers (us):  63, ---, ---, 
[255.906s][info][gc,stats    ] Concurrent Evacuation            176634 us
[255.906s][info][gc,stats    ] Pause Init Update Refs (G)          296 us
[255.906s][info][gc,stats    ] Pause Init Update Refs (N)          124 us
[255.906s][info][gc,stats    ]   Manage GCLABs                       5 us
[255.906s][info][gc,stats    ] Concurrent Update Refs           675917 us
[255.906s][info][gc,stats    ] Concurrent Update Thread Roots     1222 us
[255.906s][info][gc,stats    ] Pause Final Update Refs (G)         277 us
[255.906s][info][gc,stats    ] Pause Final Update Refs (N)         183 us
[255.906s][info][gc,stats    ]   Update Region States               52 us
[255.906s][info][gc,stats    ]   Trash Collection Set                8 us
[255.906s][info][gc,stats    ]   Rebuild Free Set                   24 us
[255.906s][info][gc,stats    ] Concurrent Cleanup                   36 us
[255.906s][info][gc,stats    ] 
[255.906s][info][gc,stats    ] Allocation pacing accrued:
[255.906s][info][gc,stats    ]       0 of  4947 ms (  0.0%): <total>
[255.906s][info][gc,stats    ]       0 of  4947 ms (  0.0%): <average total>
[255.906s][info][gc,stats    ] 
[255.906s][info][gc,metaspace] Metaspace: 16560K(16832K)->16560K(16832K) NonClass: 14212K(14336K)->14212K(14336K) Class: 2348K(2496K)->2348K(2496K)
[255.906s][info][gc,ergo     ] Pacer for Idle. Initial: 163M, Alloc Tax Rate: 1.0x
[256.891s][info][gc          ] Trigger: Explicit GC request (System.gc())
[256.891s][info][gc,ergo     ] Free: 6381M, Max: 4096K regular, 4940M humongous, Frag: 23% external, 0% internal; Reserve: 412M, Max: 4096K
[256.891s][info][gc,start    ] GC(116) Concurrent reset
[256.892s][info][gc,task     ] GC(116) Using 1 of 3 workers for concurrent reset
[256.892s][info][gc,ergo     ] GC(116) Pacer for Reset. Non-Taxable: 8192M
[256.894s][info][gc          ] GC(116) Concurrent reset 2.292ms
[256.894s][info][gc,start    ] GC(116) Pause Init Mark (unload classes)
[256.894s][info][gc,task     ] GC(116) Using 3 of 3 workers for init marking
[256.894s][info][gc,ref      ] GC(116) Clearing All SoftReferences
[256.894s][info][gc,ergo     ] GC(116) Pacer for Mark. Expected Live: 66744K, Free: 6381M, Non-Taxable: 638M, Alloc Tax Rate: 0.0x
[256.894s][info][gc          ] GC(116) Pause Init Mark (unload classes) 0.135ms
[256.894s][info][gc,start    ] GC(116) Concurrent marking roots
[256.894s][info][gc,task     ] GC(116) Using 1 of 3 workers for concurrent marking roots
[256.895s][info][gc          ] GC(116) Concurrent marking roots 0.650ms
[256.895s][info][gc,start    ] GC(116) Concurrent marking (unload classes)
[256.895s][info][gc,task     ] GC(116) Using 1 of 3 workers for concurrent marking
[256.900s][info][gc          ] GC(116) Concurrent marking (unload classes) 4.889ms
[256.900s][info][gc,start    ] GC(116) Pause Final Mark (unload classes)
[256.900s][info][gc,task     ] GC(116) Using 3 of 3 workers for final marking
[256.900s][info][gc,ergo     ] GC(116) Collectable Garbage: 1367M (98%), Immediate: 1367M (98%), CSet: 0B (0%)
[256.900s][info][gc          ] GC(116) Pause Final Mark (unload classes) 0.385ms
[256.900s][info][gc,start    ] GC(116) Concurrent weak references
[256.900s][info][gc,task     ] GC(116) Using 1 of 3 workers for concurrent weak references
[256.900s][info][gc,ref      ] GC(116) Encountered references: Soft: 172, Weak: 993, Final: 0, Phantom: 41
[256.900s][info][gc,ref      ] GC(116) Discovered  references: Soft: 108, Weak: 221, Final: 0, Phantom: 24
[256.900s][info][gc,ref      ] GC(116) Enqueued    references: Soft: 4, Weak: 8, Final: 0, Phantom: 0
[256.900s][info][gc          ] GC(116) Concurrent weak references 0.128ms
[256.900s][info][gc,start    ] GC(116) Concurrent weak roots
[256.900s][info][gc,task     ] GC(116) Using 1 of 3 workers for concurrent weak root
[256.901s][info][gc          ] GC(116) Concurrent weak roots 0.895ms
[256.901s][info][gc,start    ] GC(116) Concurrent cleanup
[256.901s][info][gc          ] GC(116) Concurrent cleanup 1398M->30M(8192M) 0.031ms
[256.901s][info][gc,ergo     ] GC(116) Free: 7749M, Max: 4096K regular, 7108M humongous, Frag: 9% external, 0% internal; Reserve: 412M, Max: 4096K
[256.901s][info][gc,start    ] GC(116) Concurrent class unloading
[256.901s][info][gc,task     ] GC(116) Using 1 of 3 workers for concurrent class unloading
[256.907s][info][gc          ] GC(116) Concurrent class unloading 5.732ms
[256.907s][info][gc,start    ] GC(116) Pause Final Roots
[256.907s][info][gc          ] GC(116) Pause Final Roots 0.025ms
[256.907s][info][gc,ergo     ] Free: 7749M, Max: 4096K regular, 7108M humongous, Frag: 9% external, 0% internal; Reserve: 412M, Max: 4096K
[256.907s][info][gc,stats    ] 
[256.907s][info][gc,stats    ] All times are wall-clock times, except per-root-class counters, that are sum over
[256.907s][info][gc,stats    ] all workers. Dividing the <total> over the root stage time estimates parallelism.
[256.907s][info][gc,stats    ] 
[256.907s][info][gc,stats    ] Concurrent Reset                   2385 us
[256.907s][info][gc,stats    ] Pause Init Mark (G)                 228 us
[256.907s][info][gc,stats    ] Pause Init Mark (N)                 143 us
[256.907s][info][gc,stats    ]   Update Region States               63 us
[256.907s][info][gc,stats    ] Concurrent Mark Roots               696 us, parallelism: 0.74x
[256.908s][info][gc,stats    ]   CMR: <total>                      512 us
[256.908s][info][gc,stats    ]   CMR: Thread Roots                 463 us, workers (us): 463, ---, ---, 
[256.908s][info][gc,stats    ]   CMR: VM Strong Roots                7 us, workers (us):   7, ---, ---, 
[256.908s][info][gc,stats    ]   CMR: CLDG Roots                    42 us, workers (us):  42, ---, ---, 
[256.908s][info][gc,stats    ] Concurrent Marking                 4946 us
[256.908s][info][gc,stats    ] Pause Final Mark (G)                499 us
[256.908s][info][gc,stats    ] Pause Final Mark (N)                412 us
[256.908s][info][gc,stats    ]   Finish Mark                       160 us
[256.908s][info][gc,stats    ]   Update Region States               45 us
[256.908s][info][gc,stats    ]   Choose Collection Set              92 us
[256.908s][info][gc,stats    ]   Rebuild Free Set                   21 us
[256.908s][info][gc,stats    ] Concurrent Weak References          136 us, parallelism: 0.13x
[256.908s][info][gc,stats    ]   CWRF: <total>                      18 us
[256.908s][info][gc,stats    ]   CWRF: Weak References              18 us, workers (us):  18, ---, ---, 
[256.908s][info][gc,stats    ] Concurrent Weak Roots               917 us
[256.908s][info][gc,stats    ]   Roots                             824 us, parallelism: 0.94x
[256.908s][info][gc,stats    ]     CWR: <total>                    776 us
[256.908s][info][gc,stats    ]     CWR: Code Cache Roots           660 us, workers (us): 660, ---, ---, 
[256.908s][info][gc,stats    ]     CWR: VM Weak Roots              106 us, workers (us): 106, ---, ---, 
[256.908s][info][gc,stats    ]     CWR: CLDG Roots                   9 us, workers (us):   9, ---, ---, 
[256.908s][info][gc,stats    ]   Rendezvous                         55 us
[256.908s][info][gc,stats    ] Concurrent Cleanup                   40 us
[256.908s][info][gc,stats    ] Concurrent Class Unloading         5794 us
[256.908s][info][gc,stats    ]   Unlink Stale                     5227 us
[256.908s][info][gc,stats    ]     System Dictionary                61 us
[256.908s][info][gc,stats    ]     Weak Class Links               1791 us
[256.908s][info][gc,stats    ]     Code Roots                     3374 us
[256.908s][info][gc,stats    ]   Rendezvous                        139 us
[256.908s][info][gc,stats    ]   Purge Unlinked                    345 us
[256.908s][info][gc,stats    ]     Code Roots                      319 us
[256.908s][info][gc,stats    ]     CLDG                             25 us
[256.908s][info][gc,stats    ]     Exception Caches                  0 us
[256.908s][info][gc,stats    ] Pause Final Roots (G)               112 us
[256.908s][info][gc,stats    ] Pause Final Roots (N)                34 us
[256.908s][info][gc,stats    ] 
[256.908s][info][gc,stats    ] Allocation pacing accrued:
[256.908s][info][gc,stats    ]       0 of  1002 ms (  0.0%): <total>
[256.908s][info][gc,stats    ]       0 of  1002 ms (  0.0%): <average total>
[256.908s][info][gc,stats    ] 
[256.908s][info][gc,metaspace] Metaspace: 16561K(16832K)->16557K(16832K) NonClass: 14212K(14336K)->14209K(14336K) Class: 2348K(2496K)->2347K(2496K)
[256.908s][info][gc,ergo     ] Pacer for Idle. Initial: 163M, Alloc Tax Rate: 1.0x
[258.414s][info][gc          ] Trigger: Average GC time (1344.25 ms) is above the time for instantaneous allocation rate (5552 MB/s) to deplete free headroom (6370M) (spike threshold = 1.69)
[258.415s][info][gc,ergo     ] Free: 6780M, Max: 4096K regular, 6760M humongous, Frag: 0% external, 0% internal; Reserve: 412M, Max: 4096K
[258.415s][info][gc,start    ] GC(117) Concurrent reset
[258.415s][info][gc,task     ] GC(117) Using 1 of 3 workers for concurrent reset
[258.415s][info][gc,ergo     ] GC(117) Pacer for Reset. Non-Taxable: 8192M
[258.415s][info][gc          ] GC(117) Concurrent reset 0.381ms
[258.415s][info][gc,start    ] GC(117) Pause Init Mark (unload classes)
[258.415s][info][gc,task     ] GC(117) Using 3 of 3 workers for init marking
[258.415s][info][gc,ergo     ] GC(117) Pacer for Mark. Expected Live: 66698K, Free: 6780M, Non-Taxable: 678M, Alloc Tax Rate: 0.0x
[258.415s][info][gc          ] GC(117) Pause Init Mark (unload classes) 0.107ms
[258.430s][info][gc,start    ] GC(117) Concurrent marking roots
[258.430s][info][gc,task     ] GC(117) Using 1 of 3 workers for concurrent marking roots
[258.431s][info][gc          ] GC(117) Concurrent marking roots 0.721ms
[258.431s][info][gc,start    ] GC(117) Concurrent marking (unload classes)
[258.431s][info][gc,task     ] GC(117) Using 1 of 3 workers for concurrent marking
[258.446s][info][gc          ] GC(117) Concurrent marking (unload classes) 14.811ms
[258.446s][info][gc,start    ] GC(117) Pause Final Mark (unload classes)
[258.446s][info][gc,task     ] GC(117) Using 3 of 3 workers for final marking
[258.446s][info][gc,ergo     ] GC(117) Adaptive CSet Selection. Target Free: 1160M, Actual Free: 7796M, Max CSet: 341M, Min Garbage: 0B
[258.446s][info][gc,ergo     ] GC(117) Collectable Garbage: 991M (99%), Immediate: 784M (78%), CSet: 207M (20%)
[258.446s][info][gc,ergo     ] GC(117) Pacer for Evacuation. Used CSet: 208M, Free: 7404M, Non-Taxable: 740M, Alloc Tax Rate: 1.1x
[258.446s][info][gc          ] GC(117) Pause Final Mark (unload classes) 0.229ms
[258.462s][info][gc,start    ] GC(117) Concurrent thread roots
[258.462s][info][gc,task     ] GC(117) Using 1 of 3 workers for Concurrent thread roots
[258.462s][info][gc          ] GC(117) Concurrent thread roots 0.714ms
[258.462s][info][gc,start    ] GC(117) Concurrent weak references
[258.462s][info][gc,task     ] GC(117) Using 1 of 3 workers for concurrent weak references
[258.462s][info][gc,ref      ] GC(117) Encountered references: Soft: 173, Weak: 993, Final: 0, Phantom: 41
[258.462s][info][gc,ref      ] GC(117) Discovered  references: Soft: 0, Weak: 207, Final: 0, Phantom: 24
[258.462s][info][gc,ref      ] GC(117) Enqueued    references: Soft: 0, Weak: 5, Final: 0, Phantom: 0
[258.462s][info][gc          ] GC(117) Concurrent weak references 0.085ms
[258.462s][info][gc,start    ] GC(117) Concurrent weak roots
[258.462s][info][gc,task     ] GC(117) Using 1 of 3 workers for concurrent weak root
[258.477s][info][gc          ] GC(117) Concurrent weak roots 14.936ms
[258.477s][info][gc,start    ] GC(117) Concurrent cleanup
[258.477s][info][gc          ] GC(117) Concurrent cleanup 1283M->499M(8192M) 0.055ms
[258.477s][info][gc,ergo     ] GC(117) Free: 7280M, Max: 4096K regular, 6476M humongous, Frag: 11% external, 0% internal; Reserve: 411M, Max: 4096K
[258.477s][info][gc,start    ] GC(117) Concurrent class unloading
[258.477s][info][gc,task     ] GC(117) Using 1 of 3 workers for concurrent class unloading
[258.483s][info][gc          ] GC(117) Concurrent class unloading 5.247ms
[258.483s][info][gc,start    ] GC(117) Concurrent strong roots
[258.483s][info][gc,task     ] GC(117) Using 1 of 3 workers for concurrent strong root
[258.483s][info][gc          ] GC(117) Concurrent strong roots 0.089ms
[258.483s][info][gc,start    ] GC(117) Concurrent evacuation
[258.483s][info][gc,task     ] GC(117) Using 1 of 3 workers for concurrent evacuation
[258.484s][info][gc          ] GC(117) Concurrent evacuation 1.246ms
[258.484s][info][gc,start    ] GC(117) Pause Init Update Refs
[258.484s][info][gc,ergo     ] GC(117) Pacer for Update Refs. Used: 527M, Free: 7252M, Non-Taxable: 725M, Alloc Tax Rate: 1.1x
[258.484s][info][gc          ] GC(117) Pause Init Update Refs 0.038ms
[258.525s][info][gc,start    ] GC(117) Concurrent update references
[258.525s][info][gc,task     ] GC(117) Using 1 of 3 workers for concurrent reference update
[258.595s][info][gc          ] GC(117) Concurrent update references 69.916ms
[258.595s][info][gc,start    ] GC(117) Concurrent update thread roots
[258.597s][info][gc          ] GC(117) Concurrent update thread roots 2.839ms
[258.598s][info][gc,start    ] GC(117) Pause Final Update Refs
[258.598s][info][gc,task     ] GC(117) Using 3 of 3 workers for final reference update
[258.598s][info][gc          ] GC(117) Pause Final Update Refs 0.093ms
[258.603s][info][gc,start    ] GC(117) Concurrent cleanup
[258.603s][info][gc          ] GC(117) Concurrent cleanup 907M->727M(8192M) 0.146ms
[258.603s][info][gc,ergo     ] Free: 7052M, Max: 4096K regular, 6480M humongous, Frag: 8% external, 0% internal; Reserve: 412M, Max: 4096K
[258.603s][info][gc,stats    ] 
[258.603s][info][gc,stats    ] All times are wall-clock times, except per-root-class counters, that are sum over
[258.603s][info][gc,stats    ] all workers. Dividing the <total> over the root stage time estimates parallelism.
[258.603s][info][gc,stats    ] 
[258.603s][info][gc,stats    ] Concurrent Reset                    404 us
[258.603s][info][gc,stats    ] Pause Init Mark (G)               15262 us
[258.603s][info][gc,stats    ] Pause Init Mark (N)                 117 us
[258.603s][info][gc,stats    ]   Update Region States               38 us
[258.603s][info][gc,stats    ] Concurrent Mark Roots               744 us, parallelism: 0.76x
[258.603s][info][gc,stats    ]   CMR: <total>                      564 us
[258.603s][info][gc,stats    ]   CMR: Thread Roots                 512 us, workers (us): 512, ---, ---, 
[258.603s][info][gc,stats    ]   CMR: VM Strong Roots                7 us, workers (us):   7, ---, ---, 
[258.603s][info][gc,stats    ]   CMR: CLDG Roots                    46 us, workers (us):  46, ---, ---, 
[258.603s][info][gc,stats    ] Concurrent Marking                14914 us
[258.603s][info][gc,stats    ] Pause Final Mark (G)              15504 us
[258.603s][info][gc,stats    ] Pause Final Mark (N)                238 us
[258.603s][info][gc,stats    ]   Finish Mark                        46 us
[258.603s][info][gc,stats    ]   Update Region States               41 us
[258.603s][info][gc,stats    ]   Choose Collection Set              94 us
[258.603s][info][gc,stats    ]   Rebuild Free Set                    8 us
[258.603s][info][gc,stats    ] Concurrent Thread Roots             734 us, parallelism: 0.77x
[258.603s][info][gc,stats    ]   CTR: <total>                      567 us
[258.603s][info][gc,stats    ]   CTR: Thread Roots                 567 us, workers (us): 567, ---, ---, 
[258.603s][info][gc,stats    ] Concurrent Weak References           92 us, parallelism: 0.23x
[258.603s][info][gc,stats    ]   CWRF: <total>                      21 us
[258.603s][info][gc,stats    ]   CWRF: Weak References              21 us, workers (us):  21, ---, ---, 
[258.603s][info][gc,stats    ] Concurrent Weak Roots             15027 us
[258.603s][info][gc,stats    ]   Roots                            1247 us, parallelism: 0.97x
[258.603s][info][gc,stats    ]     CWR: <total>                   1209 us
[258.603s][info][gc,stats    ]     CWR: Code Cache Roots          1012 us, workers (us): 1012, ---, ---, 
[258.603s][info][gc,stats    ]     CWR: VM Weak Roots              187 us, workers (us): 187, ---, ---, 
[258.603s][info][gc,stats    ]     CWR: CLDG Roots                  10 us, workers (us):  10, ---, ---, 
[258.603s][info][gc,stats    ]   Rendezvous                      13666 us
[258.603s][info][gc,stats    ] Concurrent Cleanup                   65 us
[258.603s][info][gc,stats    ] Concurrent Class Unloading         5304 us
[258.603s][info][gc,stats    ]   Unlink Stale                     3793 us
[258.603s][info][gc,stats    ]     System Dictionary                15 us
[258.603s][info][gc,stats    ]     Weak Class Links                  0 us
[258.603s][info][gc,stats    ]     Code Roots                     3776 us
[258.603s][info][gc,stats    ]   Rendezvous                       1176 us
[258.603s][info][gc,stats    ]   Purge Unlinked                    255 us
[258.603s][info][gc,stats    ]     Code Roots                      246 us
[258.603s][info][gc,stats    ]     CLDG                              9 us
[258.603s][info][gc,stats    ]     Exception Caches                  0 us
[258.603s][info][gc,stats    ] Concurrent Strong Roots              99 us, parallelism: 0.45x
[258.603s][info][gc,stats    ]   CSR: <total>                       45 us
[258.603s][info][gc,stats    ]   CSR: VM Strong Roots                3 us, workers (us):   3, ---, ---, 
[258.603s][info][gc,stats    ]   CSR: CLDG Roots                    42 us, workers (us):  42, ---, ---, 
[258.603s][info][gc,stats    ] Concurrent Evacuation              1259 us
[258.603s][info][gc,stats    ] Pause Init Update Refs (G)        40543 us
[258.604s][info][gc,stats    ] Pause Init Update Refs (N)           46 us
[258.604s][info][gc,stats    ]   Manage GCLABs                       4 us
[258.604s][info][gc,stats    ] Concurrent Update Refs            69985 us
[258.604s][info][gc,stats    ] Concurrent Update Thread Roots     2875 us
[258.604s][info][gc,stats    ] Pause Final Update Refs (G)        5401 us
[258.604s][info][gc,stats    ] Pause Final Update Refs (N)         132 us
[258.604s][info][gc,stats    ]   Update Region States               38 us
[258.604s][info][gc,stats    ]   Trash Collection Set                4 us
[258.604s][info][gc,stats    ]   Rebuild Free Set                   18 us
[258.604s][info][gc,stats    ] Concurrent Cleanup                  159 us
[258.604s][info][gc,stats    ] 
[258.604s][info][gc,stats    ] Allocation pacing accrued:
[258.604s][info][gc,stats    ]       0 of  1696 ms (  0.0%): <total>
[258.604s][info][gc,stats    ]       0 of  1696 ms (  0.0%): <average total>
[258.604s][info][gc,stats    ] 
[258.604s][info][gc,metaspace] Metaspace: 16561K(16832K)->16561K(16832K) NonClass: 14212K(14336K)->14212K(14336K) Class: 2348K(2496K)->2348K(2496K)
[258.604s][info][gc,ergo     ] Pacer for Idle. Initial: 163M, Alloc Tax Rate: 1.0x
[258.917s][info][gc          ] Trigger: Learning 3 of 5. Free (5728M) is below initial threshold (5734M)
[258.918s][info][gc,ergo     ] Free: 5728M, Max: 4096K regular, 5704M humongous, Frag: 0% external, 0% internal; Reserve: 412M, Max: 4096K
[258.918s][info][gc,start    ] GC(118) Concurrent reset
[258.918s][info][gc,task     ] GC(118) Using 1 of 3 workers for concurrent reset
[258.918s][info][gc,ergo     ] GC(118) Pacer for Reset. Non-Taxable: 8192M
[258.919s][info][gc          ] GC(118) Concurrent reset 0.996ms
[258.919s][info][gc,start    ] GC(118) Pause Init Mark (unload classes)
[258.919s][info][gc,task     ] GC(118) Using 3 of 3 workers for init marking
[258.919s][info][gc,ergo     ] GC(118) Pacer for Mark. Expected Live: 46066K, Free: 5728M, Non-Taxable: 572M, Alloc Tax Rate: 0.0x
[258.919s][info][gc          ] GC(118) Pause Init Mark (unload classes) 0.114ms
[258.919s][info][gc,start    ] GC(118) Concurrent marking roots
[258.919s][info][gc,task     ] GC(118) Using 1 of 3 workers for concurrent marking roots
[258.919s][info][gc          ] GC(118) Concurrent marking roots 0.503ms
[258.919s][info][gc,start    ] GC(118) Concurrent marking (unload classes)
[258.919s][info][gc,task     ] GC(118) Using 1 of 3 workers for concurrent marking
[259.039s][info][gc          ] GC(118) Concurrent marking (unload classes) 119.956ms
[259.039s][info][gc,start    ] GC(118) Pause Final Mark (unload classes)
[259.040s][info][gc,task     ] GC(118) Using 3 of 3 workers for final marking
[259.040s][info][gc,ergo     ] GC(118) Collectable Garbage: 1928M (97%), Immediate: 1928M (97%), CSet: 0B (0%)
[259.040s][info][gc          ] GC(118) Pause Final Mark (unload classes) 0.164ms
[259.040s][info][gc,start    ] GC(118) Concurrent weak references
[259.040s][info][gc,task     ] GC(118) Using 1 of 3 workers for concurrent weak references
[259.040s][info][gc,ref      ] GC(118) Encountered references: Soft: 173, Weak: 990, Final: 0, Phantom: 41
[259.040s][info][gc,ref      ] GC(118) Discovered  references: Soft: 0, Weak: 210, Final: 0, Phantom: 38
[259.040s][info][gc,ref      ] GC(118) Enqueued    references: Soft: 0, Weak: 0, Final: 0, Phantom: 0
[259.040s][info][gc          ] GC(118) Concurrent weak references 0.081ms
[259.040s][info][gc,start    ] GC(118) Concurrent weak roots
[259.040s][info][gc,task     ] GC(118) Using 1 of 3 workers for concurrent weak root
[259.041s][info][gc          ] GC(118) Concurrent weak roots 0.950ms
[259.041s][info][gc,start    ] GC(118) Concurrent cleanup
[259.041s][info][gc          ] GC(118) Concurrent cleanup 2167M->239M(8192M) 0.048ms
[259.041s][info][gc,ergo     ] GC(118) Free: 7540M, Max: 4096K regular, 5588M humongous, Frag: 26% external, 0% internal; Reserve: 412M, Max: 4096K
[259.041s][info][gc,start    ] GC(118) Concurrent class unloading
[259.041s][info][gc,task     ] GC(118) Using 1 of 3 workers for concurrent class unloading
[259.044s][info][gc          ] GC(118) Concurrent class unloading 3.237ms
[259.044s][info][gc,start    ] GC(118) Pause Final Roots
[259.044s][info][gc          ] GC(118) Pause Final Roots 0.040ms
[259.044s][info][gc,ergo     ] Free: 7536M, Max: 4096K regular, 5588M humongous, Frag: 26% external, 0% internal; Reserve: 412M, Max: 4096K
[259.044s][info][gc,stats    ] 
[259.044s][info][gc,stats    ] All times are wall-clock times, except per-root-class counters, that are sum over
[259.044s][info][gc,stats    ] all workers. Dividing the <total> over the root stage time estimates parallelism.
[259.044s][info][gc,stats    ] 
[259.044s][info][gc,stats    ] Concurrent Reset                   1076 us
[259.044s][info][gc,stats    ] Pause Init Mark (G)                 232 us
[259.044s][info][gc,stats    ] Pause Init Mark (N)                 124 us
[259.044s][info][gc,stats    ]   Update Region States               32 us
[259.044s][info][gc,stats    ] Concurrent Mark Roots               529 us, parallelism: 0.84x
[259.044s][info][gc,stats    ]   CMR: <total>                      443 us
[259.044s][info][gc,stats    ]   CMR: Thread Roots                 396 us, workers (us): 396, ---, ---, 
[259.044s][info][gc,stats    ]   CMR: VM Strong Roots                6 us, workers (us):   6, ---, ---, 
[259.044s][info][gc,stats    ]   CMR: CLDG Roots                    41 us, workers (us):  41, ---, ---, 
[259.044s][info][gc,stats    ] Concurrent Marking               120017 us
[259.044s][info][gc,stats    ] Pause Final Mark (G)                248 us
[259.044s][info][gc,stats    ] Pause Final Mark (N)                174 us
[259.044s][info][gc,stats    ]   Finish Mark                        37 us
[259.044s][info][gc,stats    ]   Update Region States               25 us
[259.044s][info][gc,stats    ]   Choose Collection Set              40 us
[259.044s][info][gc,stats    ]   Rebuild Free Set                    8 us
[259.044s][info][gc,stats    ] Concurrent Weak References           89 us, parallelism: 0.11x
[259.044s][info][gc,stats    ]   CWRF: <total>                      10 us
[259.044s][info][gc,stats    ]   CWRF: Weak References              10 us, workers (us):  10, ---, ---, 
[259.044s][info][gc,stats    ] Concurrent Weak Roots               986 us
[259.044s][info][gc,stats    ]   Roots                             890 us, parallelism: 0.97x
[259.044s][info][gc,stats    ]     CWR: <total>                    861 us
[259.044s][info][gc,stats    ]     CWR: Code Cache Roots           733 us, workers (us): 733, ---, ---, 
[259.044s][info][gc,stats    ]     CWR: VM Weak Roots              119 us, workers (us): 119, ---, ---, 
[259.044s][info][gc,stats    ]     CWR: CLDG Roots                   9 us, workers (us):   9, ---, ---, 
[259.044s][info][gc,stats    ]   Rendezvous                         41 us
[259.044s][info][gc,stats    ] Concurrent Cleanup                   56 us
[259.044s][info][gc,stats    ] Concurrent Class Unloading         3290 us
[259.044s][info][gc,stats    ]   Unlink Stale                     2998 us
[259.045s][info][gc,stats    ]     System Dictionary                 8 us
[259.045s][info][gc,stats    ]     Weak Class Links                  0 us
[259.045s][info][gc,stats    ]     Code Roots                     2988 us
[259.045s][info][gc,stats    ]   Rendezvous                         44 us
[259.045s][info][gc,stats    ]   Purge Unlinked                    176 us
[259.045s][info][gc,stats    ]     Code Roots                      172 us
[259.045s][info][gc,stats    ]     CLDG                              3 us
[259.045s][info][gc,stats    ]     Exception Caches                  0 us
[259.045s][info][gc,stats    ] Pause Final Roots (G)                96 us
[259.045s][info][gc,stats    ] Pause Final Roots (N)                49 us
[259.045s][info][gc,stats    ] 
[259.045s][info][gc,stats    ] Allocation pacing accrued:
[259.045s][info][gc,stats    ]       0 of   441 ms (  0.0%): <total>
[259.045s][info][gc,stats    ]       0 of   441 ms (  0.0%): <average total>
[259.045s][info][gc,stats    ] 
[259.045s][info][gc,metaspace] Metaspace: 16561K(16832K)->16561K(16832K) NonClass: 14212K(14336K)->14212K(14336K) Class: 2348K(2496K)->2348K(2496K)
[259.045s][info][gc,ergo     ] Pacer for Idle. Initial: 163M, Alloc Tax Rate: 1.0x
[264.135s][info][gc          ] Trigger: Learning 4 of 5. Free (5733M) is below initial threshold (5734M)
[264.135s][info][gc,ergo     ] Free: 5733M, Max: 4096K regular, 5588M humongous, Frag: 3% external, 0% internal; Reserve: 412M, Max: 4096K
[264.135s][info][gc,start    ] GC(119) Concurrent reset
[264.135s][info][gc,task     ] GC(119) Using 1 of 3 workers for concurrent reset
[264.135s][info][gc,ergo     ] GC(119) Pacer for Reset. Non-Taxable: 8192M
[264.136s][info][gc          ] GC(119) Concurrent reset 0.831ms
[264.136s][info][gc,start    ] GC(119) Pause Init Mark (unload classes)
[264.136s][info][gc,task     ] GC(119) Using 3 of 3 workers for init marking
[264.136s][info][gc,ergo     ] GC(119) Pacer for Mark. Expected Live: 59003K, Free: 5733M, Non-Taxable: 573M, Alloc Tax Rate: 0.0x
[264.136s][info][gc          ] GC(119) Pause Init Mark (unload classes) 0.213ms
[264.137s][info][gc,start    ] GC(119) Concurrent marking roots
[264.137s][info][gc,task     ] GC(119) Using 1 of 3 workers for concurrent marking roots
[264.137s][info][gc          ] GC(119) Concurrent marking roots 0.930ms
[264.137s][info][gc,start    ] GC(119) Concurrent marking (unload classes)
[264.138s][info][gc,task     ] GC(119) Using 1 of 3 workers for concurrent marking
[264.943s][info][gc          ] GC(119) Concurrent marking (unload classes) 805.574ms
[264.943s][info][gc,start    ] GC(119) Pause Final Mark (unload classes)
[264.943s][info][gc,task     ] GC(119) Using 3 of 3 workers for final marking
[264.943s][info][gc,ergo     ] GC(119) Adaptive CSet Selection. Target Free: 1160M, Actual Free: 6544M, Max CSet: 341M, Min Garbage: 0B
[264.943s][info][gc,ergo     ] GC(119) Collectable Garbage: 1543M (94%), Immediate: 764M (46%), CSet: 779M (47%)
[264.943s][info][gc,ergo     ] GC(119) Pacer for Evacuation. Used CSet: 1120M, Free: 6156M, Non-Taxable: 615M, Alloc Tax Rate: 1.1x
[264.943s][info][gc          ] GC(119) Pause Final Mark (unload classes) 0.240ms
[264.943s][info][gc,start    ] GC(119) Concurrent thread roots
[264.943s][info][gc,task     ] GC(119) Using 1 of 3 workers for Concurrent thread roots
[264.944s][info][gc          ] GC(119) Concurrent thread roots 0.498ms
[264.944s][info][gc,start    ] GC(119) Concurrent weak references
[264.944s][info][gc,task     ] GC(119) Using 1 of 3 workers for concurrent weak references
[264.944s][info][gc,ref      ] GC(119) Encountered references: Soft: 173, Weak: 991, Final: 0, Phantom: 41
[264.944s][info][gc,ref      ] GC(119) Discovered  references: Soft: 0, Weak: 196, Final: 0, Phantom: 24
[264.944s][info][gc,ref      ] GC(119) Enqueued    references: Soft: 0, Weak: 1, Final: 0, Phantom: 0
[264.944s][info][gc          ] GC(119) Concurrent weak references 0.067ms
[264.944s][info][gc,start    ] GC(119) Concurrent weak roots
[264.944s][info][gc,task     ] GC(119) Using 1 of 3 workers for concurrent weak root
[264.945s][info][gc          ] GC(119) Concurrent weak roots 1.239ms
[264.945s][info][gc,start    ] GC(119) Concurrent cleanup
[264.945s][info][gc          ] GC(119) Concurrent cleanup 2387M->1623M(8192M) 0.023ms
[264.945s][info][gc,ergo     ] GC(119) Free: 6156M, Max: 4096K regular, 5368M humongous, Frag: 13% external, 0% internal; Reserve: 411M, Max: 4096K
[264.945s][info][gc,start    ] GC(119) Concurrent class unloading
[264.945s][info][gc,task     ] GC(119) Using 1 of 3 workers for concurrent class unloading
[264.948s][info][gc          ] GC(119) Concurrent class unloading 3.074ms
[264.948s][info][gc,start    ] GC(119) Concurrent strong roots
[264.948s][info][gc,task     ] GC(119) Using 1 of 3 workers for concurrent strong root
[264.949s][info][gc          ] GC(119) Concurrent strong roots 0.116ms
[264.949s][info][gc,start    ] GC(119) Concurrent evacuation
[264.949s][info][gc,task     ] GC(119) Using 1 of 3 workers for concurrent evacuation
[265.282s][info][gc          ] GC(119) Concurrent evacuation 333.648ms
[265.282s][info][gc,start    ] GC(119) Pause Init Update Refs
[265.282s][info][gc,ergo     ] GC(119) Pacer for Update Refs. Used: 2002M, Free: 6121M, Non-Taxable: 612M, Alloc Tax Rate: 1.1x
[265.282s][info][gc          ] GC(119) Pause Init Update Refs 0.083ms
[265.283s][info][gc,start    ] GC(119) Concurrent update references
[265.283s][info][gc,task     ] GC(119) Using 1 of 3 workers for concurrent reference update
[265.950s][info][gc          ] GC(119) Concurrent update references 667.828ms
[265.950s][info][gc,start    ] GC(119) Concurrent update thread roots
[265.952s][info][gc          ] GC(119) Concurrent update thread roots 1.411ms
[265.952s][info][gc,start    ] GC(119) Pause Final Update Refs
[265.952s][info][gc,task     ] GC(119) Using 3 of 3 workers for final reference update
[265.952s][info][gc          ] GC(119) Pause Final Update Refs 0.292ms
[265.952s][info][gc,start    ] GC(119) Concurrent cleanup
[265.953s][info][gc          ] GC(119) Concurrent cleanup 2015M->895M(8192M) 0.110ms
[265.953s][info][gc,ergo     ] Free: 6884M, Max: 4096K regular, 5024M humongous, Frag: 27% external, 0% internal; Reserve: 412M, Max: 4096K
[265.953s][info][gc,stats    ] 
[265.953s][info][gc,stats    ] All times are wall-clock times, except per-root-class counters, that are sum over
[265.953s][info][gc,stats    ] all workers. Dividing the <total> over the root stage time estimates parallelism.
[265.953s][info][gc,stats    ] 
[265.953s][info][gc,stats    ] Concurrent Reset                    904 us
[265.953s][info][gc,stats    ] Pause Init Mark (G)                 451 us
[265.953s][info][gc,stats    ] Pause Init Mark (N)                 232 us
[265.953s][info][gc,stats    ]   Update Region States              106 us
[265.953s][info][gc,stats    ] Concurrent Mark Roots               948 us, parallelism: 0.81x
[265.953s][info][gc,stats    ]   CMR: <total>                      768 us
[265.953s][info][gc,stats    ]   CMR: Thread Roots                 687 us, workers (us): 687, ---, ---, 
[265.953s][info][gc,stats    ]   CMR: VM Strong Roots                8 us, workers (us):   8, ---, ---, 
[265.953s][info][gc,stats    ]   CMR: CLDG Roots                    73 us, workers (us):  73, ---, ---, 
[265.953s][info][gc,stats    ] Concurrent Marking               805621 us
[265.953s][info][gc,stats    ] Pause Final Mark (G)                332 us
[265.953s][info][gc,stats    ] Pause Final Mark (N)                248 us
[265.953s][info][gc,stats    ]   Finish Mark                        68 us
[265.953s][info][gc,stats    ]   Update Region States               31 us
[265.953s][info][gc,stats    ]   Choose Collection Set              73 us
[265.953s][info][gc,stats    ]   Rebuild Free Set                    7 us
[265.953s][info][gc,stats    ] Concurrent Thread Roots             507 us, parallelism: 0.89x
[265.953s][info][gc,stats    ]   CTR: <total>                      451 us
[265.953s][info][gc,stats    ]   CTR: Thread Roots                 451 us, workers (us): 451, ---, ---, 
[265.953s][info][gc,stats    ] Concurrent Weak References           74 us, parallelism: 0.15x
[265.953s][info][gc,stats    ]   CWRF: <total>                      11 us
[265.953s][info][gc,stats    ]   CWRF: Weak References              11 us, workers (us):  11, ---, ---, 
[265.953s][info][gc,stats    ] Concurrent Weak Roots              1248 us
[265.953s][info][gc,stats    ]   Roots                            1182 us, parallelism: 0.97x
[265.953s][info][gc,stats    ]     CWR: <total>                   1147 us
[265.953s][info][gc,stats    ]     CWR: Code Cache Roots           849 us, workers (us): 849, ---, ---, 
[265.953s][info][gc,stats    ]     CWR: VM Weak Roots              286 us, workers (us): 286, ---, ---, 
[265.953s][info][gc,stats    ]     CWR: CLDG Roots                  12 us, workers (us):  12, ---, ---, 
[265.953s][info][gc,stats    ]   Rendezvous                         43 us
[265.953s][info][gc,stats    ] Concurrent Cleanup                   31 us
[265.953s][info][gc,stats    ] Concurrent Class Unloading         3101 us
[265.953s][info][gc,stats    ]   Unlink Stale                     2882 us
[265.953s][info][gc,stats    ]     System Dictionary                10 us
[265.953s][info][gc,stats    ]     Weak Class Links                  0 us
[265.953s][info][gc,stats    ]     Code Roots                     2871 us
[265.953s][info][gc,stats    ]   Rendezvous                         49 us
[265.953s][info][gc,stats    ]   Purge Unlinked                    127 us
[265.953s][info][gc,stats    ]     Code Roots                      122 us
[265.953s][info][gc,stats    ]     CLDG                              5 us
[265.953s][info][gc,stats    ]     Exception Caches                  0 us
[265.953s][info][gc,stats    ] Concurrent Strong Roots             134 us, parallelism: 0.40x
[265.953s][info][gc,stats    ]   CSR: <total>                       54 us
[265.953s][info][gc,stats    ]   CSR: VM Strong Roots                4 us, workers (us):   4, ---, ---, 
[265.953s][info][gc,stats    ]   CSR: CLDG Roots                    50 us, workers (us):  50, ---, ---, 
[265.953s][info][gc,stats    ] Concurrent Evacuation            333715 us
[265.953s][info][gc,stats    ] Pause Init Update Refs (G)          272 us
[265.953s][info][gc,stats    ] Pause Init Update Refs (N)          101 us
[265.953s][info][gc,stats    ]   Manage GCLABs                       3 us
[265.953s][info][gc,stats    ] Concurrent Update Refs           667903 us
[265.953s][info][gc,stats    ] Concurrent Update Thread Roots     1460 us
[265.953s][info][gc,stats    ] Pause Final Update Refs (G)         547 us
[265.953s][info][gc,stats    ] Pause Final Update Refs (N)         342 us
[265.953s][info][gc,stats    ]   Update Region States              138 us
[265.953s][info][gc,stats    ]   Trash Collection Set               11 us
[265.953s][info][gc,stats    ]   Rebuild Free Set                   34 us
[265.953s][info][gc,stats    ] Concurrent Cleanup                  136 us
[265.953s][info][gc,stats    ] 
[265.953s][info][gc,stats    ] Allocation pacing accrued:
[265.953s][info][gc,stats    ]       0 of  6909 ms (  0.0%): <total>
[265.953s][info][gc,stats    ]       0 of  6909 ms (  0.0%): <average total>
[265.953s][info][gc,stats    ] 
[265.953s][info][gc,metaspace] Metaspace: 16561K(16832K)->16562K(16832K) NonClass: 14213K(14336K)->14214K(14336K) Class: 2348K(2496K)->2348K(2496K)
[265.953s][info][gc,ergo     ] Pacer for Idle. Initial: 163M, Alloc Tax Rate: 1.0x
[265.956s][info][gc          ] Trigger: Explicit GC request (System.gc())
[265.956s][info][gc,ergo     ] Free: 6884M, Max: 4096K regular, 5024M humongous, Frag: 27% external, 0% internal; Reserve: 412M, Max: 4096K
[265.956s][info][gc,start    ] GC(120) Concurrent reset
[265.956s][info][gc,task     ] GC(120) Using 1 of 3 workers for concurrent reset
[265.956s][info][gc,ergo     ] GC(120) Pacer for Reset. Non-Taxable: 8192M
[265.961s][info][gc          ] GC(120) Concurrent reset 4.853ms
[265.961s][info][gc,start    ] GC(120) Pause Init Mark (unload classes)
[265.962s][info][gc,task     ] GC(120) Using 3 of 3 workers for init marking
[265.962s][info][gc,ref      ] GC(120) Clearing All SoftReferences
[265.962s][info][gc,ergo     ] GC(120) Pacer for Mark. Expected Live: 140M, Free: 6884M, Non-Taxable: 688M, Alloc Tax Rate: 0.0x
[265.962s][info][gc          ] GC(120) Pause Init Mark (unload classes) 0.295ms
[265.962s][info][gc,start    ] GC(120) Concurrent marking roots
[265.962s][info][gc,task     ] GC(120) Using 1 of 3 workers for concurrent marking roots
[265.963s][info][gc          ] GC(120) Concurrent marking roots 1.096ms
[265.963s][info][gc,start    ] GC(120) Concurrent marking (unload classes)
[265.963s][info][gc,task     ] GC(120) Using 1 of 3 workers for concurrent marking
[265.968s][info][gc          ] GC(120) Concurrent marking (unload classes) 4.803ms
[265.968s][info][gc,start    ] GC(120) Pause Final Mark (unload classes)
[265.968s][info][gc,task     ] GC(120) Using 3 of 3 workers for final marking
[265.968s][info][gc,ergo     ] GC(120) Collectable Garbage: 868M (97%), Immediate: 868M (97%), CSet: 0B (0%)
[265.968s][info][gc          ] GC(120) Pause Final Mark (unload classes) 0.453ms
[265.968s][info][gc,start    ] GC(120) Concurrent weak references
[265.968s][info][gc,task     ] GC(120) Using 1 of 3 workers for concurrent weak references
[265.969s][info][gc,ref      ] GC(120) Encountered references: Soft: 172, Weak: 989, Final: 0, Phantom: 41
[265.969s][info][gc,ref      ] GC(120) Discovered  references: Soft: 108, Weak: 219, Final: 0, Phantom: 24
[265.969s][info][gc,ref      ] GC(120) Enqueued    references: Soft: 4, Weak: 6, Final: 0, Phantom: 0
[265.969s][info][gc          ] GC(120) Concurrent weak references 0.174ms
[265.969s][info][gc,start    ] GC(120) Concurrent weak roots
[265.969s][info][gc,task     ] GC(120) Using 1 of 3 workers for concurrent weak root
[265.970s][info][gc          ] GC(120) Concurrent weak roots 0.967ms
[265.970s][info][gc,start    ] GC(120) Concurrent cleanup
[265.970s][info][gc          ] GC(120) Concurrent cleanup 895M->27M(8192M) 0.034ms
[265.970s][info][gc,ergo     ] GC(120) Free: 7752M, Max: 4096K regular, 5400M humongous, Frag: 31% external, 0% internal; Reserve: 412M, Max: 4096K
[265.970s][info][gc,start    ] GC(120) Concurrent class unloading
[265.970s][info][gc,task     ] GC(120) Using 1 of 3 workers for concurrent class unloading
[265.976s][info][gc          ] GC(120) Concurrent class unloading 6.415ms
[265.976s][info][gc,start    ] GC(120) Pause Final Roots
[265.976s][info][gc          ] GC(120) Pause Final Roots 0.043ms
[265.976s][info][gc,ergo     ] Free: 7752M, Max: 4096K regular, 5400M humongous, Frag: 31% external, 0% internal; Reserve: 412M, Max: 4096K
[265.976s][info][gc,stats    ] 
[265.976s][info][gc,stats    ] All times are wall-clock times, except per-root-class counters, that are sum over
[265.976s][info][gc,stats    ] all workers. Dividing the <total> over the root stage time estimates parallelism.
[265.976s][info][gc,stats    ] 
[265.976s][info][gc,stats    ] Concurrent Reset                   4919 us
[265.976s][info][gc,stats    ] Pause Init Mark (G)                 450 us
[265.977s][info][gc,stats    ] Pause Init Mark (N)                 317 us
[265.977s][info][gc,stats    ]   Update Region States              130 us
[265.977s][info][gc,stats    ] Concurrent Mark Roots              1119 us, parallelism: 0.88x
[265.977s][info][gc,stats    ]   CMR: <total>                      981 us
[265.977s][info][gc,stats    ]   CMR: Thread Roots                 911 us, workers (us): 911, ---, ---, 
[265.977s][info][gc,stats    ]   CMR: VM Strong Roots                6 us, workers (us):   6, ---, ---, 
[265.977s][info][gc,stats    ]   CMR: CLDG Roots                    64 us, workers (us):  64, ---, ---, 
[265.977s][info][gc,stats    ] Concurrent Marking                 4864 us
[265.977s][info][gc,stats    ] Pause Final Mark (G)                629 us
[265.977s][info][gc,stats    ] Pause Final Mark (N)                478 us
[265.977s][info][gc,stats    ]   Finish Mark                       152 us
[265.977s][info][gc,stats    ]   Update Region States              123 us
[265.977s][info][gc,stats    ]   Choose Collection Set              76 us
[265.977s][info][gc,stats    ]   Rebuild Free Set                   21 us
[265.977s][info][gc,stats    ] Concurrent Weak References          190 us, parallelism: 0.09x
[265.977s][info][gc,stats    ]   CWRF: <total>                      16 us
[265.977s][info][gc,stats    ]   CWRF: Weak References              16 us, workers (us):  16, ---, ---, 
[265.977s][info][gc,stats    ] Concurrent Weak Roots               998 us
[265.977s][info][gc,stats    ]   Roots                             849 us, parallelism: 0.93x
[265.977s][info][gc,stats    ]     CWR: <total>                    786 us
[265.977s][info][gc,stats    ]     CWR: Code Cache Roots           656 us, workers (us): 656, ---, ---, 
[265.977s][info][gc,stats    ]     CWR: VM Weak Roots              122 us, workers (us): 122, ---, ---, 
[265.977s][info][gc,stats    ]     CWR: CLDG Roots                   8 us, workers (us):   8, ---, ---, 
[265.977s][info][gc,stats    ]   Rendezvous                         84 us
[265.977s][info][gc,stats    ] Concurrent Cleanup                   42 us
[265.977s][info][gc,stats    ] Concurrent Class Unloading         6480 us
[265.977s][info][gc,stats    ]   Unlink Stale                     5816 us
[265.977s][info][gc,stats    ]     System Dictionary                60 us
[265.977s][info][gc,stats    ]     Weak Class Links               1813 us
[265.977s][info][gc,stats    ]     Code Roots                     3941 us
[265.977s][info][gc,stats    ]   Rendezvous                        203 us
[265.977s][info][gc,stats    ]   Purge Unlinked                    376 us
[265.977s][info][gc,stats    ]     Code Roots                      339 us
[265.977s][info][gc,stats    ]     CLDG                             35 us
[265.977s][info][gc,stats    ]     Exception Caches                  0 us
[265.977s][info][gc,stats    ] Pause Final Roots (G)               131 us
[265.977s][info][gc,stats    ] Pause Final Roots (N)                52 us
[265.977s][info][gc,stats    ] 
[265.977s][info][gc,stats    ] Allocation pacing accrued:
[265.977s][info][gc,stats    ]       0 of    24 ms (  0.0%): <total>
[265.977s][info][gc,stats    ]       0 of    24 ms (  0.0%): <average total>
[265.977s][info][gc,stats    ] 
[265.977s][info][gc,metaspace] Metaspace: 16562K(16832K)->16558K(16832K) NonClass: 14214K(14336K)->14211K(14336K) Class: 2348K(2496K)->2347K(2496K)
[265.977s][info][gc,ergo     ] Pacer for Idle. Initial: 163M, Alloc Tax Rate: 1.0x
[267.471s][info][gc          ] Trigger: Average GC time (1903.25 ms) is above the time for instantaneous allocation rate (5388 MB/s) to deplete free headroom (6683M) (spike threshold = 1.69)
[267.471s][info][gc,ergo     ] Free: 7092M, Max: 4096K regular, 5400M humongous, Frag: 24% external, 0% internal; Reserve: 412M, Max: 4096K
[267.471s][info][gc,start    ] GC(121) Concurrent reset
[267.471s][info][gc,task     ] GC(121) Using 1 of 3 workers for concurrent reset
[267.471s][info][gc,ergo     ] GC(121) Pacer for Reset. Non-Taxable: 8192M
[267.471s][info][gc          ] GC(121) Concurrent reset 0.382ms
[267.471s][info][gc,start    ] GC(121) Pause Init Mark (unload classes)
[267.471s][info][gc,task     ] GC(121) Using 3 of 3 workers for init marking
[267.471s][info][gc,ergo     ] GC(121) Pacer for Mark. Expected Live: 101948K, Free: 7092M, Non-Taxable: 709M, Alloc Tax Rate: 0.0x
[267.471s][info][gc          ] GC(121) Pause Init Mark (unload classes) 0.100ms
[267.487s][info][gc,start    ] GC(121) Concurrent marking roots
[267.487s][info][gc,task     ] GC(121) Using 1 of 3 workers for concurrent marking roots
[267.487s][info][gc          ] GC(121) Concurrent marking roots 0.716ms
[267.487s][info][gc,start    ] GC(121) Concurrent marking (unload classes)
[267.487s][info][gc,task     ] GC(121) Using 1 of 3 workers for concurrent marking
[267.503s][info][gc          ] GC(121) Concurrent marking (unload classes) 15.082ms
[267.503s][info][gc,start    ] GC(121) Pause Final Mark (unload classes)
[267.503s][info][gc,task     ] GC(121) Using 3 of 3 workers for final marking
[267.503s][info][gc,ergo     ] GC(121) Adaptive CSet Selection. Target Free: 1160M, Actual Free: 7844M, Max CSet: 341M, Min Garbage: 0B
[267.503s][info][gc,ergo     ] GC(121) Collectable Garbage: 679M (99%), Immediate: 524M (76%), CSet: 155M (22%)
[267.503s][info][gc,ergo     ] GC(121) Pacer for Evacuation. Used CSet: 156M, Free: 7456M, Non-Taxable: 745M, Alloc Tax Rate: 1.1x
[267.503s][info][gc          ] GC(121) Pause Final Mark (unload classes) 0.229ms
[267.518s][info][gc,start    ] GC(121) Concurrent thread roots
[267.518s][info][gc,task     ] GC(121) Using 1 of 3 workers for Concurrent thread roots
[267.519s][info][gc          ] GC(121) Concurrent thread roots 0.667ms
[267.519s][info][gc,start    ] GC(121) Concurrent weak references
[267.519s][info][gc,task     ] GC(121) Using 1 of 3 workers for concurrent weak references
[267.519s][info][gc,ref      ] GC(121) Encountered references: Soft: 173, Weak: 995, Final: 0, Phantom: 41
[267.519s][info][gc,ref      ] GC(121) Discovered  references: Soft: 0, Weak: 206, Final: 0, Phantom: 24
[267.519s][info][gc,ref      ] GC(121) Enqueued    references: Soft: 0, Weak: 4, Final: 0, Phantom: 0
[267.519s][info][gc          ] GC(121) Concurrent weak references 0.087ms
[267.519s][info][gc,start    ] GC(121) Concurrent weak roots
[267.519s][info][gc,task     ] GC(121) Using 1 of 3 workers for concurrent weak root
[267.534s][info][gc          ] GC(121) Concurrent weak roots 14.842ms
[267.534s][info][gc,start    ] GC(121) Concurrent cleanup
[267.534s][info][gc          ] GC(121) Concurrent cleanup 967M->443M(8192M) 0.066ms
[267.534s][info][gc,ergo     ] GC(121) Free: 7336M, Max: 4096K regular, 6796M humongous, Frag: 8% external, 0% internal; Reserve: 411M, Max: 4096K
[267.534s][info][gc,start    ] GC(121) Concurrent class unloading
[267.534s][info][gc,task     ] GC(121) Using 1 of 3 workers for concurrent class unloading
[267.550s][info][gc          ] GC(121) Concurrent class unloading 15.625ms
[267.550s][info][gc,start    ] GC(121) Concurrent strong roots
[267.550s][info][gc,task     ] GC(121) Using 1 of 3 workers for concurrent strong root
[267.550s][info][gc          ] GC(121) Concurrent strong roots 0.103ms
[267.550s][info][gc,start    ] GC(121) Concurrent evacuation
[267.550s][info][gc,task     ] GC(121) Using 1 of 3 workers for concurrent evacuation
[267.551s][info][gc          ] GC(121) Concurrent evacuation 1.282ms
[267.551s][info][gc,start    ] GC(121) Pause Init Update Refs
[267.551s][info][gc,ergo     ] GC(121) Pacer for Update Refs. Used: 512M, Free: 7268M, Non-Taxable: 726M, Alloc Tax Rate: 1.1x
[267.551s][info][gc          ] GC(121) Pause Init Update Refs 0.037ms
[267.565s][info][gc,start    ] GC(121) Concurrent update references
[267.565s][info][gc,task     ] GC(121) Using 1 of 3 workers for concurrent reference update
[267.632s][info][gc          ] GC(121) Concurrent update references 67.020ms
[267.632s][info][gc,start    ] GC(121) Concurrent update thread roots
[267.633s][info][gc          ] GC(121) Concurrent update thread roots 0.572ms
[267.633s][info][gc,start    ] GC(121) Pause Final Update Refs
[267.633s][info][gc,task     ] GC(121) Using 3 of 3 workers for final reference update
[267.633s][info][gc          ] GC(121) Pause Final Update Refs 0.106ms
[267.675s][info][gc,start    ] GC(121) Concurrent cleanup
[267.675s][info][gc          ] GC(121) Concurrent cleanup 916M->844M(8192M) 0.162ms
[267.675s][info][gc,ergo     ] Free: 6935M, Max: 4096K regular, 6800M humongous, Frag: 2% external, 0% internal; Reserve: 412M, Max: 4096K
[267.675s][info][gc,stats    ] 
[267.675s][info][gc,stats    ] All times are wall-clock times, except per-root-class counters, that are sum over
[267.675s][info][gc,stats    ] all workers. Dividing the <total> over the root stage time estimates parallelism.
[267.675s][info][gc,stats    ] 
[267.676s][info][gc,stats    ] Concurrent Reset                    406 us
[267.676s][info][gc,stats    ] Pause Init Mark (G)               15473 us
[267.676s][info][gc,stats    ] Pause Init Mark (N)                 109 us
[267.676s][info][gc,stats    ]   Update Region States               35 us
[267.676s][info][gc,stats    ] Concurrent Mark Roots               734 us, parallelism: 0.77x
[267.676s][info][gc,stats    ]   CMR: <total>                      565 us
[267.676s][info][gc,stats    ]   CMR: Thread Roots                 504 us, workers (us): 504, ---, ---, 
[267.676s][info][gc,stats    ]   CMR: VM Strong Roots                7 us, workers (us):   7, ---, ---, 
[267.676s][info][gc,stats    ]   CMR: CLDG Roots                    54 us, workers (us):  54, ---, ---, 
[267.676s][info][gc,stats    ] Concurrent Marking                15161 us
[267.676s][info][gc,stats    ] Pause Final Mark (G)              15662 us
[267.676s][info][gc,stats    ] Pause Final Mark (N)                237 us
[267.676s][info][gc,stats    ]   Finish Mark                        46 us
[267.676s][info][gc,stats    ]   Update Region States               42 us
[267.676s][info][gc,stats    ]   Choose Collection Set              82 us
[267.676s][info][gc,stats    ]   Rebuild Free Set                    8 us
[267.676s][info][gc,stats    ] Concurrent Thread Roots             686 us, parallelism: 0.77x
[267.676s][info][gc,stats    ]   CTR: <total>                      526 us
[267.676s][info][gc,stats    ]   CTR: Thread Roots                 526 us, workers (us): 526, ---, ---, 
[267.676s][info][gc,stats    ] Concurrent Weak References           94 us, parallelism: 0.22x
[267.676s][info][gc,stats    ]   CWRF: <total>                      21 us
[267.676s][info][gc,stats    ]   CWRF: Weak References              21 us, workers (us):  21, ---, ---, 
[267.676s][info][gc,stats    ] Concurrent Weak Roots             14924 us
[267.676s][info][gc,stats    ]   Roots                            1278 us, parallelism: 0.97x
[267.676s][info][gc,stats    ]     CWR: <total>                   1237 us
[267.676s][info][gc,stats    ]     CWR: Code Cache Roots          1009 us, workers (us): 1009, ---, ---, 
[267.676s][info][gc,stats    ]     CWR: VM Weak Roots              216 us, workers (us): 216, ---, ---, 
[267.676s][info][gc,stats    ]     CWR: CLDG Roots                  12 us, workers (us):  12, ---, ---, 
[267.676s][info][gc,stats    ]   Rendezvous                      13464 us
[267.676s][info][gc,stats    ] Concurrent Cleanup                   76 us
[267.676s][info][gc,stats    ] Concurrent Class Unloading        15696 us
[267.676s][info][gc,stats    ]   Unlink Stale                     3831 us
[267.676s][info][gc,stats    ]     System Dictionary                17 us
[267.676s][info][gc,stats    ]     Weak Class Links                  0 us
[267.676s][info][gc,stats    ]     Code Roots                     3813 us
[267.676s][info][gc,stats    ]   Rendezvous                      11375 us
[267.676s][info][gc,stats    ]   Purge Unlinked                    392 us
[267.676s][info][gc,stats    ]     Code Roots                      377 us
[267.676s][info][gc,stats    ]     CLDG                             14 us
[267.676s][info][gc,stats    ]     Exception Caches                  1 us
[267.676s][info][gc,stats    ] Concurrent Strong Roots             114 us, parallelism: 0.45x
[267.676s][info][gc,stats    ]   CSR: <total>                       52 us
[267.676s][info][gc,stats    ]   CSR: VM Strong Roots                5 us, workers (us):   5, ---, ---, 
[267.676s][info][gc,stats    ]   CSR: CLDG Roots                    47 us, workers (us):  47, ---, ---, 
[267.676s][info][gc,stats    ] Concurrent Evacuation              1301 us
[267.676s][info][gc,stats    ] Pause Init Update Refs (G)        14105 us
[267.676s][info][gc,stats    ] Pause Init Update Refs (N)           45 us
[267.676s][info][gc,stats    ]   Manage GCLABs                       8 us
[267.676s][info][gc,stats    ] Concurrent Update Refs            67094 us
[267.676s][info][gc,stats    ] Concurrent Update Thread Roots      592 us
[267.676s][info][gc,stats    ] Pause Final Update Refs (G)       42273 us
[267.676s][info][gc,stats    ] Pause Final Update Refs (N)         126 us
[267.676s][info][gc,stats    ]   Update Region States               38 us
[267.676s][info][gc,stats    ]   Trash Collection Set                3 us
[267.676s][info][gc,stats    ]   Rebuild Free Set                   13 us
[267.676s][info][gc,stats    ] Concurrent Cleanup                  176 us
[267.676s][info][gc,stats    ] 
[267.676s][info][gc,stats    ] Allocation pacing accrued:
[267.676s][info][gc,stats    ]       0 of  1699 ms (  0.0%): <total>
[267.676s][info][gc,stats    ]       0 of  1699 ms (  0.0%): <average total>
[267.676s][info][gc,stats    ] 
[267.676s][info][gc,metaspace] Metaspace: 16562K(16832K)->16562K(16832K) NonClass: 14214K(14336K)->14214K(14336K) Class: 2348K(2496K)->2348K(2496K)
[267.676s][info][gc,ergo     ] Pacer for Idle. Initial: 163M, Alloc Tax Rate: 1.0x
[267.801s][info][gc          ] Trigger: Average GC time (1380.61 ms) is above the time for average allocation rate (4509 MB/s) to deplete free headroom (5845M) (margin of error = 1.80)
[267.801s][info][gc,ergo     ] Free headroom: 6255M (free) - 409M (spike) - 0B (penalties) = 5845M
[267.801s][info][gc,ergo     ] Free: 6255M, Max: 4096K regular, 6228M humongous, Frag: 0% external, 0% internal; Reserve: 412M, Max: 4096K
[267.801s][info][gc,start    ] GC(122) Concurrent reset
[267.801s][info][gc,task     ] GC(122) Using 1 of 3 workers for concurrent reset
[267.801s][info][gc,ergo     ] GC(122) Pacer for Reset. Non-Taxable: 8192M
[267.802s][info][gc          ] GC(122) Concurrent reset 1.134ms
[267.803s][info][gc,start    ] GC(122) Pause Init Mark (unload classes)
[267.803s][info][gc,task     ] GC(122) Using 3 of 3 workers for init marking
[267.803s][info][gc,ergo     ] GC(122) Pacer for Mark. Expected Live: 101999K, Free: 6251M, Non-Taxable: 625M, Alloc Tax Rate: 0.0x
[267.803s][info][gc          ] GC(122) Pause Init Mark (unload classes) 0.124ms
[267.817s][info][gc,start    ] GC(122) Concurrent marking roots
[267.817s][info][gc,task     ] GC(122) Using 1 of 3 workers for concurrent marking roots
[267.818s][info][gc          ] GC(122) Concurrent marking roots 0.747ms
[267.818s][info][gc,start    ] GC(122) Concurrent marking (unload classes)
[267.818s][info][gc,task     ] GC(122) Using 1 of 3 workers for concurrent marking
[267.848s][info][gc          ] GC(122) Concurrent marking (unload classes) 30.468ms
[267.848s][info][gc,start    ] GC(122) Pause Final Mark (unload classes)
[267.848s][info][gc,task     ] GC(122) Using 3 of 3 workers for final marking
[267.849s][info][gc,ergo     ] GC(122) Adaptive CSet Selection. Target Free: 1160M, Actual Free: 7736M, Max CSet: 341M, Min Garbage: 0B
[267.849s][info][gc,ergo     ] GC(122) Collectable Garbage: 1519M (99%), Immediate: 1332M (87%), CSet: 187M (12%)
[267.849s][info][gc,ergo     ] GC(122) Pacer for Evacuation. Used CSet: 188M, Free: 7351M, Non-Taxable: 735M, Alloc Tax Rate: 1.1x
[267.849s][info][gc          ] GC(122) Pause Final Mark (unload classes) 0.216ms
[267.864s][info][gc,start    ] GC(122) Concurrent thread roots
[267.864s][info][gc,task     ] GC(122) Using 1 of 3 workers for Concurrent thread roots
[267.864s][info][gc          ] GC(122) Concurrent thread roots 0.700ms
[267.864s][info][gc,start    ] GC(122) Concurrent weak references
[267.864s][info][gc,task     ] GC(122) Using 1 of 3 workers for concurrent weak references
[267.864s][info][gc,ref      ] GC(122) Encountered references: Soft: 173, Weak: 991, Final: 0, Phantom: 41
[267.864s][info][gc,ref      ] GC(122) Discovered  references: Soft: 0, Weak: 201, Final: 0, Phantom: 24
[267.864s][info][gc,ref      ] GC(122) Enqueued    references: Soft: 0, Weak: 0, Final: 0, Phantom: 0
[267.864s][info][gc          ] GC(122) Concurrent weak references 0.073ms
[267.864s][info][gc,start    ] GC(122) Concurrent weak roots
[267.864s][info][gc,task     ] GC(122) Using 1 of 3 workers for concurrent weak root
[267.879s][info][gc          ] GC(122) Concurrent weak roots 14.859ms
[267.879s][info][gc,start    ] GC(122) Concurrent cleanup
[267.880s][info][gc          ] GC(122) Concurrent cleanup 1880M->548M(8192M) 0.094ms
[267.880s][info][gc,ergo     ] GC(122) Free: 7231M, Max: 4096K regular, 5872M humongous, Frag: 19% external, 0% internal; Reserve: 411M, Max: 4096K
[267.880s][info][gc,start    ] GC(122) Concurrent class unloading
[267.880s][info][gc,task     ] GC(122) Using 1 of 3 workers for concurrent class unloading
[267.896s][info][gc          ] GC(122) Concurrent class unloading 15.949ms
[267.896s][info][gc,start    ] GC(122) Concurrent strong roots
[267.896s][info][gc,task     ] GC(122) Using 1 of 3 workers for concurrent strong root
[267.896s][info][gc          ] GC(122) Concurrent strong roots 0.103ms
[267.896s][info][gc,start    ] GC(122) Concurrent evacuation
[267.896s][info][gc,task     ] GC(122) Using 1 of 3 workers for concurrent evacuation
[267.897s][info][gc          ] GC(122) Concurrent evacuation 1.103ms
[267.897s][info][gc,start    ] GC(122) Pause Init Update Refs
[267.897s][info][gc,ergo     ] GC(122) Pacer for Update Refs. Used: 624M, Free: 7155M, Non-Taxable: 715M, Alloc Tax Rate: 1.1x
[267.897s][info][gc          ] GC(122) Pause Init Update Refs 0.067ms
[267.927s][info][gc,start    ] GC(122) Concurrent update references
[267.927s][info][gc,task     ] GC(122) Using 1 of 3 workers for concurrent reference update
[268.028s][info][gc          ] GC(122) Concurrent update references 100.746ms
[268.028s][info][gc,start    ] GC(122) Concurrent update thread roots
[268.028s][info][gc          ] GC(122) Concurrent update thread roots 0.311ms
[268.028s][info][gc,start    ] GC(122) Pause Final Update Refs
[268.028s][info][gc,task     ] GC(122) Using 3 of 3 workers for final reference update
[268.028s][info][gc          ] GC(122) Pause Final Update Refs 0.103ms
[268.028s][info][gc,start    ] GC(122) Concurrent cleanup
[268.028s][info][gc          ] GC(122) Concurrent cleanup 988M->800M(8192M) 0.023ms
[268.028s][info][gc,ergo     ] Free: 6979M, Max: 4096K regular, 5868M humongous, Frag: 16% external, 0% internal; Reserve: 412M, Max: 4096K
[268.028s][info][gc,stats    ] 
[268.028s][info][gc,stats    ] All times are wall-clock times, except per-root-class counters, that are sum over
[268.028s][info][gc,stats    ] all workers. Dividing the <total> over the root stage time estimates parallelism.
[268.028s][info][gc,stats    ] 
[268.028s][info][gc,stats    ] Concurrent Reset                   1208 us
[268.028s][info][gc,stats    ] Pause Init Mark (G)               14634 us
[268.028s][info][gc,stats    ] Pause Init Mark (N)                 134 us
[268.028s][info][gc,stats    ]   Update Region States               51 us
[268.028s][info][gc,stats    ] Concurrent Mark Roots               769 us, parallelism: 0.74x
[268.028s][info][gc,stats    ]   CMR: <total>                      570 us
[268.028s][info][gc,stats    ]   CMR: Thread Roots                 518 us, workers (us): 518, ---, ---, 
[268.028s][info][gc,stats    ]   CMR: VM Strong Roots                7 us, workers (us):   7, ---, ---, 
[268.028s][info][gc,stats    ]   CMR: CLDG Roots                    45 us, workers (us):  45, ---, ---, 
[268.028s][info][gc,stats    ] Concurrent Marking                30554 us
[268.028s][info][gc,stats    ] Pause Final Mark (G)              15327 us
[268.028s][info][gc,stats    ] Pause Final Mark (N)                225 us
[268.028s][info][gc,stats    ]   Finish Mark                        55 us
[268.028s][info][gc,stats    ]   Update Region States               40 us
[268.028s][info][gc,stats    ]   Choose Collection Set              76 us
[268.028s][info][gc,stats    ]   Rebuild Free Set                    8 us
[268.028s][info][gc,stats    ] Concurrent Thread Roots             720 us, parallelism: 0.75x
[268.028s][info][gc,stats    ]   CTR: <total>                      543 us
[268.028s][info][gc,stats    ]   CTR: Thread Roots                 543 us, workers (us): 543, ---, ---, 
[268.028s][info][gc,stats    ] Concurrent Weak References           80 us, parallelism: 0.22x
[268.028s][info][gc,stats    ]   CWRF: <total>                      17 us
[268.028s][info][gc,stats    ]   CWRF: Weak References              17 us, workers (us):  17, ---, ---, 
[268.028s][info][gc,stats    ] Concurrent Weak Roots             14955 us
[268.028s][info][gc,stats    ]   Roots                            1240 us, parallelism: 0.96x
[268.028s][info][gc,stats    ]     CWR: <total>                   1189 us
[268.028s][info][gc,stats    ]     CWR: Code Cache Roots          1020 us, workers (us): 1020, ---, ---, 
[268.029s][info][gc,stats    ]     CWR: VM Weak Roots              157 us, workers (us): 157, ---, ---, 
[268.029s][info][gc,stats    ]     CWR: CLDG Roots                  12 us, workers (us):  12, ---, ---, 
[268.029s][info][gc,stats    ]   Rendezvous                      13588 us
[268.029s][info][gc,stats    ] Concurrent Cleanup                  103 us
[268.029s][info][gc,stats    ] Concurrent Class Unloading        16018 us
[268.029s][info][gc,stats    ]   Unlink Stale                     3799 us
[268.029s][info][gc,stats    ]     System Dictionary                16 us
[268.029s][info][gc,stats    ]     Weak Class Links                  0 us
[268.029s][info][gc,stats    ]     Code Roots                     3781 us
[268.029s][info][gc,stats    ]   Rendezvous                      11795 us
[268.029s][info][gc,stats    ]   Purge Unlinked                    331 us
[268.029s][info][gc,stats    ]     Code Roots                      323 us
[268.029s][info][gc,stats    ]     CLDG                              8 us
[268.029s][info][gc,stats    ]     Exception Caches                  0 us
[268.029s][info][gc,stats    ] Concurrent Strong Roots             114 us, parallelism: 0.40x
[268.029s][info][gc,stats    ]   CSR: <total>                       46 us
[268.029s][info][gc,stats    ]   CSR: VM Strong Roots                3 us, workers (us):   3, ---, ---, 
[268.029s][info][gc,stats    ]   CSR: CLDG Roots                    43 us, workers (us):  43, ---, ---, 
[268.029s][info][gc,stats    ] Concurrent Evacuation              1151 us
[268.029s][info][gc,stats    ] Pause Init Update Refs (G)        30034 us
[268.029s][info][gc,stats    ] Pause Init Update Refs (N)           75 us
[268.029s][info][gc,stats    ]   Manage GCLABs                       4 us
[268.029s][info][gc,stats    ] Concurrent Update Refs           100813 us
[268.029s][info][gc,stats    ] Concurrent Update Thread Roots      322 us
[268.029s][info][gc,stats    ] Pause Final Update Refs (G)         223 us
[268.029s][info][gc,stats    ] Pause Final Update Refs (N)         151 us
[268.029s][info][gc,stats    ]   Update Region States               38 us
[268.029s][info][gc,stats    ]   Trash Collection Set                5 us
[268.029s][info][gc,stats    ]   Rebuild Free Set                   26 us
[268.029s][info][gc,stats    ] Concurrent Cleanup                   32 us
[268.029s][info][gc,stats    ] 
[268.029s][info][gc,stats    ] Allocation pacing accrued:
[268.029s][info][gc,stats    ]       0 of   353 ms (  0.0%): <total>
[268.029s][info][gc,stats    ]       0 of   353 ms (  0.0%): <average total>
[268.029s][info][gc,stats    ] 
[268.029s][info][gc,metaspace] Metaspace: 16562K(16832K)->16562K(16832K) NonClass: 14214K(14336K)->14214K(14336K) Class: 2348K(2496K)->2348K(2496K)
[268.029s][info][gc,ergo     ] Pacer for Idle. Initial: 163M, Alloc Tax Rate: 1.0x
[272.224s][info][gc          ] Trigger: Learning 4 of 5. Free (5715M) is below initial threshold (5734M)
[272.224s][info][gc,ergo     ] Free: 5715M, Max: 4096K regular, 5684M humongous, Frag: 0% external, 0% internal; Reserve: 412M, Max: 4096K
[272.224s][info][gc,start    ] GC(123) Concurrent reset
[272.224s][info][gc,task     ] GC(123) Using 1 of 3 workers for concurrent reset
[272.225s][info][gc,ergo     ] GC(123) Pacer for Reset. Non-Taxable: 8192M
[272.225s][info][gc          ] GC(123) Concurrent reset 0.947ms
[272.226s][info][gc,start    ] GC(123) Pause Init Mark (unload classes)
[272.226s][info][gc,task     ] GC(123) Using 3 of 3 workers for init marking
[272.226s][info][gc,ergo     ] GC(123) Pacer for Mark. Expected Live: 102003K, Free: 5715M, Non-Taxable: 571M, Alloc Tax Rate: 0.0x
[272.226s][info][gc          ] GC(123) Pause Init Mark (unload classes) 0.183ms
[272.226s][info][gc,start    ] GC(123) Concurrent marking roots
[272.226s][info][gc,task     ] GC(123) Using 1 of 3 workers for concurrent marking roots
[272.227s][info][gc          ] GC(123) Concurrent marking roots 1.475ms
[272.227s][info][gc,start    ] GC(123) Concurrent marking (unload classes)
[272.227s][info][gc,task     ] GC(123) Using 1 of 3 workers for concurrent marking
[272.704s][info][gc          ] GC(123) Concurrent marking (unload classes) 476.835ms
[272.704s][info][gc,start    ] GC(123) Pause Final Mark (unload classes)
[272.704s][info][gc,task     ] GC(123) Using 3 of 3 workers for final marking
[272.705s][info][gc,ergo     ] GC(123) Adaptive CSet Selection. Target Free: 1160M, Actual Free: 7064M, Max CSet: 341M, Min Garbage: 0B
[272.705s][info][gc,ergo     ] GC(123) Collectable Garbage: 1825M (99%), Immediate: 1476M (80%), CSet: 349M (19%)
[272.705s][info][gc,ergo     ] GC(123) Pacer for Evacuation. Used CSet: 581M, Free: 6681M, Non-Taxable: 668M, Alloc Tax Rate: 1.1x
[272.705s][info][gc          ] GC(123) Pause Final Mark (unload classes) 0.480ms
[272.705s][info][gc,start    ] GC(123) Concurrent thread roots
[272.705s][info][gc,task     ] GC(123) Using 1 of 3 workers for Concurrent thread roots
[272.705s][info][gc          ] GC(123) Concurrent thread roots 0.614ms
[272.706s][info][gc,start    ] GC(123) Concurrent weak references
[272.706s][info][gc,task     ] GC(123) Using 1 of 3 workers for concurrent weak references
[272.706s][info][gc,ref      ] GC(123) Encountered references: Soft: 173, Weak: 997, Final: 0, Phantom: 41
[272.706s][info][gc,ref      ] GC(123) Discovered  references: Soft: 0, Weak: 202, Final: 0, Phantom: 24
[272.706s][info][gc,ref      ] GC(123) Enqueued    references: Soft: 0, Weak: 5, Final: 0, Phantom: 0
[272.706s][info][gc          ] GC(123) Concurrent weak references 0.136ms
[272.706s][info][gc,start    ] GC(123) Concurrent weak roots
[272.706s][info][gc,task     ] GC(123) Using 1 of 3 workers for concurrent weak root
[272.707s][info][gc          ] GC(123) Concurrent weak roots 1.266ms
[272.707s][info][gc,start    ] GC(123) Concurrent cleanup
[272.707s][info][gc          ] GC(123) Concurrent cleanup 2574M->1098M(8192M) 0.041ms
[272.707s][info][gc,ergo     ] GC(123) Free: 6680M, Max: 4096K regular, 5180M humongous, Frag: 23% external, 0% internal; Reserve: 409M, Max: 4096K
[272.707s][info][gc,start    ] GC(123) Concurrent class unloading
[272.707s][info][gc,task     ] GC(123) Using 1 of 3 workers for concurrent class unloading
[272.711s][info][gc          ] GC(123) Concurrent class unloading 3.525ms
[272.711s][info][gc,start    ] GC(123) Concurrent strong roots
[272.711s][info][gc,task     ] GC(123) Using 1 of 3 workers for concurrent strong root
[272.711s][info][gc          ] GC(123) Concurrent strong roots 0.110ms
[272.711s][info][gc,start    ] GC(123) Concurrent evacuation
[272.711s][info][gc,task     ] GC(123) Using 1 of 3 workers for concurrent evacuation
[272.897s][info][gc          ] GC(123) Concurrent evacuation 186.499ms
[272.897s][info][gc,start    ] GC(123) Pause Init Update Refs
[272.897s][info][gc,ergo     ] GC(123) Pacer for Update Refs. Used: 1347M, Free: 6665M, Non-Taxable: 666M, Alloc Tax Rate: 1.1x
[272.897s][info][gc          ] GC(123) Pause Init Update Refs 0.084ms
[272.898s][info][gc,start    ] GC(123) Concurrent update references
[272.898s][info][gc,task     ] GC(123) Using 1 of 3 workers for concurrent reference update
[273.561s][info][gc          ] GC(123) Concurrent update references 663.247ms
[273.561s][info][gc,start    ] GC(123) Concurrent update thread roots
[273.561s][info][gc          ] GC(123) Concurrent update thread roots 0.515ms
[273.561s][info][gc,start    ] GC(123) Pause Final Update Refs
[273.562s][info][gc,task     ] GC(123) Using 3 of 3 workers for final reference update
[273.562s][info][gc          ] GC(123) Pause Final Update Refs 0.255ms
[273.562s][info][gc,start    ] GC(123) Concurrent cleanup
[273.562s][info][gc          ] GC(123) Concurrent cleanup 1743M->1162M(8192M) 0.029ms
[273.562s][info][gc,ergo     ] Free: 6617M, Max: 4096K regular, 4948M humongous, Frag: 25% external, 0% internal; Reserve: 412M, Max: 4096K
[273.562s][info][gc,stats    ] 
[273.562s][info][gc,stats    ] All times are wall-clock times, except per-root-class counters, that are sum over
[273.562s][info][gc,stats    ] all workers. Dividing the <total> over the root stage time estimates parallelism.
[273.562s][info][gc,stats    ] 
[273.562s][info][gc,stats    ] Concurrent Reset                    972 us
[273.562s][info][gc,stats    ] Pause Init Mark (G)                 345 us
[273.562s][info][gc,stats    ] Pause Init Mark (N)                 201 us
[273.562s][info][gc,stats    ]   Update Region States               74 us
[273.562s][info][gc,stats    ] Concurrent Mark Roots              1525 us, parallelism: 0.87x
[273.562s][info][gc,stats    ]   CMR: <total>                     1334 us
[273.562s][info][gc,stats    ]   CMR: Thread Roots                1257 us, workers (us): 1257, ---, ---, 
[273.562s][info][gc,stats    ]   CMR: VM Strong Roots                7 us, workers (us):   7, ---, ---, 
[273.562s][info][gc,stats    ]   CMR: CLDG Roots                    70 us, workers (us):  70, ---, ---, 
[273.562s][info][gc,stats    ] Concurrent Marking               476919 us
[273.562s][info][gc,stats    ] Pause Final Mark (G)                643 us
[273.562s][info][gc,stats    ] Pause Final Mark (N)                497 us
[273.562s][info][gc,stats    ]   Finish Mark                       134 us
[273.562s][info][gc,stats    ]   Update Region States              103 us
[273.562s][info][gc,stats    ]   Choose Collection Set             116 us
[273.562s][info][gc,stats    ]   Rebuild Free Set                   16 us
[273.562s][info][gc,stats    ] Concurrent Thread Roots             651 us, parallelism: 0.76x
[273.562s][info][gc,stats    ]   CTR: <total>                      493 us
[273.562s][info][gc,stats    ]   CTR: Thread Roots                 493 us, workers (us): 493, ---, ---, 
[273.562s][info][gc,stats    ] Concurrent Weak References          143 us, parallelism: 0.11x
[273.562s][info][gc,stats    ]   CWRF: <total>                      16 us
[273.562s][info][gc,stats    ]   CWRF: Weak References              16 us, workers (us):  16, ---, ---, 
[273.562s][info][gc,stats    ] Concurrent Weak Roots              1287 us
[273.562s][info][gc,stats    ]   Roots                            1188 us, parallelism: 0.95x
[273.562s][info][gc,stats    ]     CWR: <total>                   1130 us
[273.562s][info][gc,stats    ]     CWR: Code Cache Roots           869 us, workers (us): 869, ---, ---, 
[273.562s][info][gc,stats    ]     CWR: VM Weak Roots              251 us, workers (us): 251, ---, ---, 
[273.562s][info][gc,stats    ]     CWR: CLDG Roots                  11 us, workers (us):  11, ---, ---, 
[273.562s][info][gc,stats    ]   Rendezvous                         62 us
[273.562s][info][gc,stats    ] Concurrent Cleanup                   49 us
[273.562s][info][gc,stats    ] Concurrent Class Unloading         3558 us
[273.562s][info][gc,stats    ]   Unlink Stale                     3172 us
[273.562s][info][gc,stats    ]     System Dictionary                 9 us
[273.562s][info][gc,stats    ]     Weak Class Links                  0 us
[273.562s][info][gc,stats    ]     Code Roots                     3162 us
[273.562s][info][gc,stats    ]   Rendezvous                        113 us
[273.562s][info][gc,stats    ]   Purge Unlinked                    223 us
[273.562s][info][gc,stats    ]     Code Roots                      217 us
[273.562s][info][gc,stats    ]     CLDG                              6 us
[273.562s][info][gc,stats    ]     Exception Caches                  0 us
[273.562s][info][gc,stats    ] Concurrent Strong Roots             129 us, parallelism: 0.29x
[273.562s][info][gc,stats    ]   CSR: <total>                       38 us
[273.562s][info][gc,stats    ]   CSR: VM Strong Roots                4 us, workers (us):   4, ---, ---, 
[273.562s][info][gc,stats    ]   CSR: CLDG Roots                    34 us, workers (us):  34, ---, ---, 
[273.562s][info][gc,stats    ] Concurrent Evacuation            186570 us
[273.562s][info][gc,stats    ] Pause Init Update Refs (G)          271 us
[273.562s][info][gc,stats    ] Pause Init Update Refs (N)          102 us
[273.562s][info][gc,stats    ]   Manage GCLABs                       4 us
[273.562s][info][gc,stats    ] Concurrent Update Refs           663313 us
[273.562s][info][gc,stats    ] Concurrent Update Thread Roots      534 us
[273.562s][info][gc,stats    ] Pause Final Update Refs (G)         426 us
[273.562s][info][gc,stats    ] Pause Final Update Refs (N)         305 us
[273.562s][info][gc,stats    ]   Update Region States              126 us
[273.562s][info][gc,stats    ]   Trash Collection Set               11 us
[273.562s][info][gc,stats    ]   Rebuild Free Set                   30 us
[273.562s][info][gc,stats    ] Concurrent Cleanup                   38 us
[273.562s][info][gc,stats    ] 
[273.562s][info][gc,stats    ] Allocation pacing accrued:
[273.562s][info][gc,stats    ]       0 of  5534 ms (  0.0%): <total>
[273.562s][info][gc,stats    ]       0 of  5534 ms (  0.0%): <average total>
[273.562s][info][gc,stats    ] 
[273.562s][info][gc,metaspace] Metaspace: 16562K(16832K)->16562K(16832K) NonClass: 14214K(14336K)->14214K(14336K) Class: 2348K(2496K)->2348K(2496K)
[273.562s][info][gc,ergo     ] Pacer for Idle. Initial: 163M, Alloc Tax Rate: 1.0x
[274.454s][info][gc          ] Trigger: Explicit GC request (System.gc())
[274.454s][info][gc,ergo     ] Free: 6421M, Max: 4096K regular, 4948M humongous, Frag: 23% external, 0% internal; Reserve: 412M, Max: 4096K
[274.454s][info][gc,start    ] GC(124) Concurrent reset
[274.454s][info][gc,task     ] GC(124) Using 1 of 3 workers for concurrent reset
[274.454s][info][gc,ergo     ] GC(124) Pacer for Reset. Non-Taxable: 8192M
[274.457s][info][gc          ] GC(124) Concurrent reset 3.058ms
[274.457s][info][gc,start    ] GC(124) Pause Init Mark (unload classes)
[274.457s][info][gc,task     ] GC(124) Using 3 of 3 workers for init marking
[274.457s][info][gc,ref      ] GC(124) Clearing All SoftReferences
[274.457s][info][gc,ergo     ] GC(124) Pacer for Mark. Expected Live: 133M, Free: 6421M, Non-Taxable: 642M, Alloc Tax Rate: 0.0x
[274.457s][info][gc          ] GC(124) Pause Init Mark (unload classes) 0.128ms
[274.457s][info][gc,start    ] GC(124) Concurrent marking roots
[274.457s][info][gc,task     ] GC(124) Using 1 of 3 workers for concurrent marking roots
[274.458s][info][gc          ] GC(124) Concurrent marking roots 1.100ms
[274.458s][info][gc,start    ] GC(124) Concurrent marking (unload classes)
[274.458s][info][gc,task     ] GC(124) Using 1 of 3 workers for concurrent marking
[274.464s][info][gc          ] GC(124) Concurrent marking (unload classes) 5.072ms
[274.464s][info][gc,start    ] GC(124) Pause Final Mark (unload classes)
[274.464s][info][gc,task     ] GC(124) Using 3 of 3 workers for final marking
[274.464s][info][gc,ergo     ] GC(124) Collectable Garbage: 1327M (98%), Immediate: 1327M (98%), CSet: 0B (0%)
[274.464s][info][gc          ] GC(124) Pause Final Mark (unload classes) 0.264ms
[274.464s][info][gc,start    ] GC(124) Concurrent weak references
[274.464s][info][gc,task     ] GC(124) Using 1 of 3 workers for concurrent weak references
[274.464s][info][gc,ref      ] GC(124) Encountered references: Soft: 172, Weak: 993, Final: 0, Phantom: 41
[274.464s][info][gc,ref      ] GC(124) Discovered  references: Soft: 108, Weak: 221, Final: 0, Phantom: 24
[274.464s][info][gc,ref      ] GC(124) Enqueued    references: Soft: 4, Weak: 8, Final: 0, Phantom: 0
[274.464s][info][gc          ] GC(124) Concurrent weak references 0.211ms
[274.464s][info][gc,start    ] GC(124) Concurrent weak roots
[274.464s][info][gc,task     ] GC(124) Using 1 of 3 workers for concurrent weak root
[274.466s][info][gc          ] GC(124) Concurrent weak roots 1.403ms
[274.466s][info][gc,start    ] GC(124) Concurrent cleanup
[274.466s][info][gc          ] GC(124) Concurrent cleanup 1358M->31M(8192M) 0.042ms
[274.466s][info][gc,ergo     ] GC(124) Free: 7748M, Max: 4096K regular, 7128M humongous, Frag: 8% external, 0% internal; Reserve: 412M, Max: 4096K
[274.466s][info][gc,start    ] GC(124) Concurrent class unloading
[274.466s][info][gc,task     ] GC(124) Using 1 of 3 workers for concurrent class unloading
[274.471s][info][gc          ] GC(124) Concurrent class unloading 5.573ms
[274.471s][info][gc,start    ] GC(124) Pause Final Roots
[274.471s][info][gc          ] GC(124) Pause Final Roots 0.035ms
[274.471s][info][gc,ergo     ] Free: 7748M, Max: 4096K regular, 7128M humongous, Frag: 8% external, 0% internal; Reserve: 412M, Max: 4096K
[274.472s][info][gc,stats    ] 
[274.472s][info][gc,stats    ] All times are wall-clock times, except per-root-class counters, that are sum over
[274.472s][info][gc,stats    ] all workers. Dividing the <total> over the root stage time estimates parallelism.
[274.472s][info][gc,stats    ] 
[274.472s][info][gc,stats    ] Concurrent Reset                   3105 us
[274.472s][info][gc,stats    ] Pause Init Mark (G)                 211 us
[274.472s][info][gc,stats    ] Pause Init Mark (N)                 137 us
[274.472s][info][gc,stats    ]   Update Region States               65 us
[274.472s][info][gc,stats    ] Concurrent Mark Roots              1124 us, parallelism: 0.88x
[274.472s][info][gc,stats    ]   CMR: <total>                      990 us
[274.472s][info][gc,stats    ]   CMR: Thread Roots                 920 us, workers (us): 920, ---, ---, 
[274.472s][info][gc,stats    ]   CMR: VM Strong Roots                6 us, workers (us):   6, ---, ---, 
[274.472s][info][gc,stats    ]   CMR: CLDG Roots                    64 us, workers (us):  64, ---, ---, 
[274.472s][info][gc,stats    ] Concurrent Marking                 5121 us
[274.472s][info][gc,stats    ] Pause Final Mark (G)                365 us
[274.472s][info][gc,stats    ] Pause Final Mark (N)                273 us
[274.472s][info][gc,stats    ]   Finish Mark                       110 us
[274.472s][info][gc,stats    ]   Update Region States               46 us
[274.472s][info][gc,stats    ]   Choose Collection Set              40 us
[274.472s][info][gc,stats    ]   Rebuild Free Set                    8 us
[274.472s][info][gc,stats    ] Concurrent Weak References          232 us, parallelism: 0.05x
[274.472s][info][gc,stats    ]   CWRF: <total>                      11 us
[274.472s][info][gc,stats    ]   CWRF: Weak References              11 us, workers (us):  11, ---, ---, 
[274.472s][info][gc,stats    ] Concurrent Weak Roots              1447 us
[274.472s][info][gc,stats    ]   Roots                            1304 us, parallelism: 0.90x
[274.472s][info][gc,stats    ]     CWR: <total>                   1179 us
[274.472s][info][gc,stats    ]     CWR: Code Cache Roots           909 us, workers (us): 909, ---, ---, 
[274.472s][info][gc,stats    ]     CWR: VM Weak Roots              262 us, workers (us): 262, ---, ---, 
[274.472s][info][gc,stats    ]     CWR: CLDG Roots                   8 us, workers (us):   8, ---, ---, 
[274.472s][info][gc,stats    ]   Rendezvous                         58 us
[274.472s][info][gc,stats    ] Concurrent Cleanup                   50 us
[274.472s][info][gc,stats    ] Concurrent Class Unloading         5637 us
[274.472s][info][gc,stats    ]   Unlink Stale                     5280 us
[274.472s][info][gc,stats    ]     System Dictionary                66 us
[274.472s][info][gc,stats    ]     Weak Class Links               1908 us
[274.472s][info][gc,stats    ]     Code Roots                     3305 us
[274.472s][info][gc,stats    ]   Rendezvous                         56 us
[274.472s][info][gc,stats    ]   Purge Unlinked                    216 us
[274.472s][info][gc,stats    ]     Code Roots                      189 us
[274.472s][info][gc,stats    ]     CLDG                             26 us
[274.472s][info][gc,stats    ]     Exception Caches                  0 us
[274.472s][info][gc,stats    ] Pause Final Roots (G)               122 us
[274.472s][info][gc,stats    ] Pause Final Roots (N)                44 us
[274.472s][info][gc,stats    ] 
[274.472s][info][gc,stats    ] Allocation pacing accrued:
[274.472s][info][gc,stats    ]       0 of   910 ms (  0.0%): <total>
[274.472s][info][gc,stats    ]       0 of   910 ms (  0.0%): <average total>
[274.472s][info][gc,stats    ] 
[274.472s][info][gc,metaspace] Metaspace: 16562K(16832K)->16558K(16832K) NonClass: 14214K(14336K)->14211K(14336K) Class: 2348K(2496K)->2347K(2496K)
[274.472s][info][gc,ergo     ] Pacer for Idle. Initial: 163M, Alloc Tax Rate: 1.0x
[276.197s][info][gc          ] Trigger: Average GC time (1467.28 ms) is above the time for instantaneous allocation rate (5396 MB/s) to deplete free headroom (6482M) (spike threshold = 1.68)
[276.197s][info][gc,ergo     ] Free: 6892M, Max: 4096K regular, 6868M humongous, Frag: 0% external, 0% internal; Reserve: 412M, Max: 4096K
[276.197s][info][gc,start    ] GC(125) Concurrent reset
[276.197s][info][gc,task     ] GC(125) Using 1 of 3 workers for concurrent reset
[276.197s][info][gc,ergo     ] GC(125) Pacer for Reset. Non-Taxable: 8192M
[276.197s][info][gc          ] GC(125) Concurrent reset 0.391ms
[276.197s][info][gc,start    ] GC(125) Pause Init Mark (unload classes)
[276.197s][info][gc,task     ] GC(125) Using 3 of 3 workers for init marking
[276.198s][info][gc,ergo     ] GC(125) Pacer for Mark. Expected Live: 51838K, Free: 6888M, Non-Taxable: 688M, Alloc Tax Rate: 0.0x
[276.198s][info][gc          ] GC(125) Pause Init Mark (unload classes) 0.152ms
[276.211s][info][gc,start    ] GC(125) Concurrent marking roots
[276.211s][info][gc,task     ] GC(125) Using 1 of 3 workers for concurrent marking roots
[276.212s][info][gc          ] GC(125) Concurrent marking roots 0.748ms
[276.212s][info][gc,start    ] GC(125) Concurrent marking (unload classes)
[276.212s][info][gc,task     ] GC(125) Using 1 of 3 workers for concurrent marking
[276.260s][info][gc          ] GC(125) Concurrent marking (unload classes) 47.696ms
[276.260s][info][gc,start    ] GC(125) Pause Final Mark (unload classes)
[276.260s][info][gc,task     ] GC(125) Using 3 of 3 workers for final marking
[276.260s][info][gc,ergo     ] GC(125) Adaptive CSet Selection. Target Free: 1160M, Actual Free: 7684M, Max CSet: 341M, Min Garbage: 0B
[276.260s][info][gc,ergo     ] GC(125) Collectable Garbage: 883M (99%), Immediate: 700M (78%), CSet: 183M (20%)
[276.260s][info][gc,ergo     ] GC(125) Pacer for Evacuation. Used CSet: 184M, Free: 7296M, Non-Taxable: 729M, Alloc Tax Rate: 1.1x
[276.260s][info][gc          ] GC(125) Pause Final Mark (unload classes) 0.291ms
[276.265s][info][gc,start    ] GC(125) Concurrent thread roots
[276.265s][info][gc,task     ] GC(125) Using 1 of 3 workers for Concurrent thread roots
[276.266s][info][gc          ] GC(125) Concurrent thread roots 0.660ms
[276.266s][info][gc,start    ] GC(125) Concurrent weak references
[276.266s][info][gc,task     ] GC(125) Using 1 of 3 workers for concurrent weak references
[276.266s][info][gc,ref      ] GC(125) Encountered references: Soft: 173, Weak: 993, Final: 0, Phantom: 41
[276.266s][info][gc,ref      ] GC(125) Discovered  references: Soft: 0, Weak: 207, Final: 0, Phantom: 24
[276.266s][info][gc,ref      ] GC(125) Enqueued    references: Soft: 0, Weak: 5, Final: 0, Phantom: 0
[276.266s][info][gc          ] GC(125) Concurrent weak references 0.102ms
[276.266s][info][gc,start    ] GC(125) Concurrent weak roots
[276.266s][info][gc,task     ] GC(125) Using 1 of 3 workers for concurrent weak root
[276.276s][info][gc          ] GC(125) Concurrent weak roots 9.563ms
[276.276s][info][gc,start    ] GC(125) Concurrent cleanup
[276.276s][info][gc          ] GC(125) Concurrent cleanup 1251M->551M(8192M) 0.053ms
[276.276s][info][gc,ergo     ] GC(125) Free: 7228M, Max: 4096K regular, 6508M humongous, Frag: 10% external, 0% internal; Reserve: 411M, Max: 4096K
[276.276s][info][gc,start    ] GC(125) Concurrent class unloading
[276.276s][info][gc,task     ] GC(125) Using 1 of 3 workers for concurrent class unloading
[276.291s][info][gc          ] GC(125) Concurrent class unloading 15.830ms
[276.292s][info][gc,start    ] GC(125) Concurrent strong roots
[276.292s][info][gc,task     ] GC(125) Using 1 of 3 workers for concurrent strong root
[276.292s][info][gc          ] GC(125) Concurrent strong roots 0.096ms
[276.292s][info][gc,start    ] GC(125) Concurrent evacuation
[276.292s][info][gc,task     ] GC(125) Using 1 of 3 workers for concurrent evacuation
[276.293s][info][gc          ] GC(125) Concurrent evacuation 1.543ms
[276.293s][info][gc,start    ] GC(125) Pause Init Update Refs
[276.293s][info][gc,ergo     ] GC(125) Pacer for Update Refs. Used: 620M, Free: 7160M, Non-Taxable: 716M, Alloc Tax Rate: 1.1x
[276.293s][info][gc          ] GC(125) Pause Init Update Refs 0.067ms
[276.307s][info][gc,start    ] GC(125) Concurrent update references
[276.307s][info][gc,task     ] GC(125) Using 1 of 3 workers for concurrent reference update
[276.440s][info][gc          ] GC(125) Concurrent update references 133.080ms
[276.440s][info][gc,start    ] GC(125) Concurrent update thread roots
[276.441s][info][gc          ] GC(125) Concurrent update thread roots 0.605ms
[276.441s][info][gc,start    ] GC(125) Pause Final Update Refs
[276.441s][info][gc,task     ] GC(125) Using 3 of 3 workers for final reference update
[276.441s][info][gc          ] GC(125) Pause Final Update Refs 0.170ms
[276.448s][info][gc,start    ] GC(125) Concurrent cleanup
[276.448s][info][gc          ] GC(125) Concurrent cleanup 1104M->968M(8192M) 0.150ms
[276.449s][info][gc,ergo     ] Free: 6811M, Max: 4096K regular, 6512M humongous, Frag: 5% external, 0% internal; Reserve: 412M, Max: 4096K
[276.449s][info][gc,stats    ] 
[276.449s][info][gc,stats    ] All times are wall-clock times, except per-root-class counters, that are sum over
[276.449s][info][gc,stats    ] all workers. Dividing the <total> over the root stage time estimates parallelism.
[276.449s][info][gc,stats    ] 
[276.449s][info][gc,stats    ] Concurrent Reset                    421 us
[276.449s][info][gc,stats    ] Pause Init Mark (G)               13978 us
[276.449s][info][gc,stats    ] Pause Init Mark (N)                 165 us
[276.449s][info][gc,stats    ]   Update Region States               54 us
[276.449s][info][gc,stats    ] Concurrent Mark Roots               765 us, parallelism: 0.76x
[276.449s][info][gc,stats    ]   CMR: <total>                      581 us
[276.449s][info][gc,stats    ]   CMR: Thread Roots                 529 us, workers (us): 529, ---, ---, 
[276.449s][info][gc,stats    ]   CMR: VM Strong Roots                6 us, workers (us):   6, ---, ---, 
[276.449s][info][gc,stats    ]   CMR: CLDG Roots                    46 us, workers (us):  46, ---, ---, 
[276.449s][info][gc,stats    ] Concurrent Marking                47792 us
[276.449s][info][gc,stats    ] Pause Final Mark (G)               5354 us
[276.449s][info][gc,stats    ] Pause Final Mark (N)                301 us
[276.449s][info][gc,stats    ]   Finish Mark                        54 us
[276.449s][info][gc,stats    ]   Update Region States               83 us
[276.449s][info][gc,stats    ]   Choose Collection Set             100 us
[276.449s][info][gc,stats    ]   Rebuild Free Set                    9 us
[276.449s][info][gc,stats    ] Concurrent Thread Roots             677 us, parallelism: 0.79x
[276.449s][info][gc,stats    ]   CTR: <total>                      536 us
[276.449s][info][gc,stats    ]   CTR: Thread Roots                 536 us, workers (us): 536, ---, ---, 
[276.449s][info][gc,stats    ] Concurrent Weak References          109 us, parallelism: 0.24x
[276.449s][info][gc,stats    ]   CWRF: <total>                      27 us
[276.449s][info][gc,stats    ]   CWRF: Weak References              27 us, workers (us):  27, ---, ---, 
[276.449s][info][gc,stats    ] Concurrent Weak Roots              9644 us
[276.449s][info][gc,stats    ]   Roots                            1378 us, parallelism: 0.97x
[276.449s][info][gc,stats    ]     CWR: <total>                   1333 us
[276.449s][info][gc,stats    ]     CWR: Code Cache Roots          1051 us, workers (us): 1051, ---, ---, 
[276.449s][info][gc,stats    ]     CWR: VM Weak Roots              268 us, workers (us): 268, ---, ---, 
[276.449s][info][gc,stats    ]     CWR: CLDG Roots                  13 us, workers (us):  13, ---, ---, 
[276.449s][info][gc,stats    ]   Rendezvous                       8163 us
[276.449s][info][gc,stats    ] Concurrent Cleanup                   63 us
[276.449s][info][gc,stats    ] Concurrent Class Unloading        15896 us
[276.449s][info][gc,stats    ]   Unlink Stale                     3784 us
[276.449s][info][gc,stats    ]     System Dictionary                14 us
[276.449s][info][gc,stats    ]     Weak Class Links                  0 us
[276.449s][info][gc,stats    ]     Code Roots                     3767 us
[276.449s][info][gc,stats    ]   Rendezvous                      11672 us
[276.449s][info][gc,stats    ]   Purge Unlinked                    346 us
[276.449s][info][gc,stats    ]     Code Roots                      335 us
[276.449s][info][gc,stats    ]     CLDG                             10 us
[276.449s][info][gc,stats    ]     Exception Caches                  0 us
[276.449s][info][gc,stats    ] Concurrent Strong Roots             106 us, parallelism: 0.45x
[276.449s][info][gc,stats    ]   CSR: <total>                       48 us
[276.449s][info][gc,stats    ]   CSR: VM Strong Roots                3 us, workers (us):   3, ---, ---, 
[276.449s][info][gc,stats    ]   CSR: CLDG Roots                    45 us, workers (us):  45, ---, ---, 
[276.449s][info][gc,stats    ] Concurrent Evacuation              1598 us
[276.449s][info][gc,stats    ] Pause Init Update Refs (G)        13505 us
[276.449s][info][gc,stats    ] Pause Init Update Refs (N)          106 us
[276.449s][info][gc,stats    ]   Manage GCLABs                       4 us
[276.449s][info][gc,stats    ] Concurrent Update Refs           133158 us
[276.449s][info][gc,stats    ] Concurrent Update Thread Roots      623 us
[276.449s][info][gc,stats    ] Pause Final Update Refs (G)        7793 us
[276.449s][info][gc,stats    ] Pause Final Update Refs (N)         189 us
[276.449s][info][gc,stats    ]   Update Region States               44 us
[276.449s][info][gc,stats    ]   Trash Collection Set                3 us
[276.449s][info][gc,stats    ]   Rebuild Free Set                   12 us
[276.449s][info][gc,stats    ] Concurrent Cleanup                  164 us
[276.449s][info][gc,stats    ] 
[276.449s][info][gc,stats    ] Allocation pacing accrued:
[276.449s][info][gc,stats    ]       0 of  1977 ms (  0.0%): <total>
[276.449s][info][gc,stats    ]       0 of  1977 ms (  0.0%): <average total>
[276.449s][info][gc,stats    ] 
[276.449s][info][gc,metaspace] Metaspace: 16562K(16832K)->16562K(16832K) NonClass: 14214K(14336K)->14214K(14336K) Class: 2348K(2496K)->2348K(2496K)
[276.449s][info][gc,ergo     ] Pacer for Idle. Initial: 163M, Alloc Tax Rate: 1.0x
[276.574s][info][gc          ] Trigger: Average GC time (1091.96 ms) is above the time for instantaneous allocation rate (5337 MB/s) to deplete free headroom (5729M) (spike threshold = 1.67)
[276.574s][info][gc,ergo     ] Free: 6135M, Max: 4096K regular, 6108M humongous, Frag: 0% external, 0% internal; Reserve: 412M, Max: 4096K
[276.574s][info][gc,start    ] GC(126) Concurrent reset
[276.574s][info][gc,task     ] GC(126) Using 1 of 3 workers for concurrent reset
[276.574s][info][gc,ergo     ] GC(126) Pacer for Reset. Non-Taxable: 8192M
[276.575s][info][gc          ] GC(126) Concurrent reset 1.228ms
[276.576s][info][gc,start    ] GC(126) Pause Init Mark (unload classes)
[276.576s][info][gc,task     ] GC(126) Using 3 of 3 workers for init marking
[276.576s][info][gc,ergo     ] GC(126) Pacer for Mark. Expected Live: 51891K, Free: 6131M, Non-Taxable: 613M, Alloc Tax Rate: 0.0x
[276.576s][info][gc          ] GC(126) Pause Init Mark (unload classes) 0.148ms
[276.590s][info][gc,start    ] GC(126) Concurrent marking roots
[276.590s][info][gc,task     ] GC(126) Using 1 of 3 workers for concurrent marking roots
[276.590s][info][gc          ] GC(126) Concurrent marking roots 0.709ms
[276.590s][info][gc,start    ] GC(126) Concurrent marking (unload classes)
[276.590s][info][gc,task     ] GC(126) Using 1 of 3 workers for concurrent marking
[276.605s][info][gc          ] GC(126) Concurrent marking (unload classes) 15.138ms
[276.606s][info][gc,start    ] GC(126) Pause Final Mark (unload classes)
[276.606s][info][gc,task     ] GC(126) Using 3 of 3 workers for final marking
[276.606s][info][gc,ergo     ] GC(126) Adaptive CSet Selection. Target Free: 1160M, Actual Free: 7848M, Max CSet: 341M, Min Garbage: 0B
[276.606s][info][gc,ergo     ] GC(126) Collectable Garbage: 1639M (99%), Immediate: 1476M (89%), CSet: 163M (9%)
[276.606s][info][gc,ergo     ] GC(126) Pacer for Evacuation. Used CSet: 164M, Free: 7463M, Non-Taxable: 746M, Alloc Tax Rate: 1.1x
[276.606s][info][gc          ] GC(126) Pause Final Mark (unload classes) 0.253ms
[276.607s][info][gc,start    ] GC(126) Concurrent thread roots
[276.607s][info][gc,task     ] GC(126) Using 1 of 3 workers for Concurrent thread roots
[276.607s][info][gc          ] GC(126) Concurrent thread roots 0.548ms
[276.607s][info][gc,start    ] GC(126) Concurrent weak references
[276.607s][info][gc,task     ] GC(126) Using 1 of 3 workers for concurrent weak references
[276.607s][info][gc,ref      ] GC(126) Encountered references: Soft: 173, Weak: 988, Final: 0, Phantom: 41
[276.607s][info][gc,ref      ] GC(126) Discovered  references: Soft: 0, Weak: 201, Final: 0, Phantom: 24
[276.607s][info][gc,ref      ] GC(126) Enqueued    references: Soft: 0, Weak: 0, Final: 0, Phantom: 0
[276.607s][info][gc          ] GC(126) Concurrent weak references 0.069ms
[276.607s][info][gc,start    ] GC(126) Concurrent weak roots
[276.607s][info][gc,task     ] GC(126) Using 1 of 3 workers for concurrent weak root
[276.611s][info][gc          ] GC(126) Concurrent weak roots 3.298ms
[276.611s][info][gc,start    ] GC(126) Concurrent cleanup
[276.611s][info][gc          ] GC(126) Concurrent cleanup 1816M->340M(8192M) 0.054ms
[276.611s][info][gc,ergo     ] GC(126) Free: 7439M, Max: 4096K regular, 5936M humongous, Frag: 20% external, 0% internal; Reserve: 411M, Max: 4096K
[276.611s][info][gc,start    ] GC(126) Concurrent class unloading
[276.611s][info][gc,task     ] GC(126) Using 1 of 3 workers for concurrent class unloading
[276.653s][info][gc          ] GC(126) Concurrent class unloading 42.147ms
[276.653s][info][gc,start    ] GC(126) Concurrent strong roots
[276.653s][info][gc,task     ] GC(126) Using 1 of 3 workers for concurrent strong root
[276.653s][info][gc          ] GC(126) Concurrent strong roots 0.102ms
[276.653s][info][gc,start    ] GC(126) Concurrent evacuation
[276.653s][info][gc,task     ] GC(126) Using 1 of 3 workers for concurrent evacuation
[276.654s][info][gc          ] GC(126) Concurrent evacuation 0.994ms
[276.654s][info][gc,start    ] GC(126) Pause Init Update Refs
[276.654s][info][gc,ergo     ] GC(126) Pacer for Update Refs. Used: 480M, Free: 7299M, Non-Taxable: 729M, Alloc Tax Rate: 1.1x
[276.654s][info][gc          ] GC(126) Pause Init Update Refs 0.057ms
[276.668s][info][gc,start    ] GC(126) Concurrent update references
[276.669s][info][gc,task     ] GC(126) Using 1 of 3 workers for concurrent reference update
[276.729s][info][gc          ] GC(126) Concurrent update references 60.406ms
[276.729s][info][gc,start    ] GC(126) Concurrent update thread roots
[276.729s][info][gc          ] GC(126) Concurrent update thread roots 0.300ms
[276.729s][info][gc,start    ] GC(126) Pause Final Update Refs
[276.729s][info][gc,task     ] GC(126) Using 3 of 3 workers for final reference update
[276.729s][info][gc          ] GC(126) Pause Final Update Refs 0.103ms
[276.729s][info][gc,start    ] GC(126) Concurrent cleanup
[276.729s][info][gc          ] GC(126) Concurrent cleanup 648M->484M(8192M) 0.027ms
[276.729s][info][gc,ergo     ] Free: 7295M, Max: 4096K regular, 5932M humongous, Frag: 19% external, 0% internal; Reserve: 412M, Max: 4096K
[276.729s][info][gc,stats    ] 
[276.729s][info][gc,stats    ] All times are wall-clock times, except per-root-class counters, that are sum over
[276.729s][info][gc,stats    ] all workers. Dividing the <total> over the root stage time estimates parallelism.
[276.729s][info][gc,stats    ] 
[276.729s][info][gc,stats    ] Concurrent Reset                   1310 us
[276.729s][info][gc,stats    ] Pause Init Mark (G)               14142 us
[276.729s][info][gc,stats    ] Pause Init Mark (N)                 158 us
[276.730s][info][gc,stats    ]   Update Region States               46 us
[276.730s][info][gc,stats    ] Concurrent Mark Roots               737 us, parallelism: 0.75x
[276.730s][info][gc,stats    ]   CMR: <total>                      554 us
[276.730s][info][gc,stats    ]   CMR: Thread Roots                 499 us, workers (us): 499, ---, ---, 
[276.730s][info][gc,stats    ]   CMR: VM Strong Roots                7 us, workers (us):   7, ---, ---, 
[276.730s][info][gc,stats    ]   CMR: CLDG Roots                    49 us, workers (us):  49, ---, ---, 
[276.730s][info][gc,stats    ] Concurrent Marking                15232 us
[276.730s][info][gc,stats    ] Pause Final Mark (G)               1131 us
[276.730s][info][gc,stats    ] Pause Final Mark (N)                263 us
[276.730s][info][gc,stats    ]   Finish Mark                        56 us
[276.730s][info][gc,stats    ]   Update Region States               51 us
[276.730s][info][gc,stats    ]   Choose Collection Set              88 us
[276.730s][info][gc,stats    ]   Rebuild Free Set                    8 us
[276.730s][info][gc,stats    ] Concurrent Thread Roots             570 us, parallelism: 0.84x
[276.730s][info][gc,stats    ]   CTR: <total>                      477 us
[276.730s][info][gc,stats    ]   CTR: Thread Roots                 477 us, workers (us): 477, ---, ---, 
[276.730s][info][gc,stats    ] Concurrent Weak References           76 us, parallelism: 0.20x
[276.730s][info][gc,stats    ]   CWRF: <total>                      15 us
[276.730s][info][gc,stats    ]   CWRF: Weak References              15 us, workers (us):  15, ---, ---, 
[276.730s][info][gc,stats    ] Concurrent Weak Roots              3341 us
[276.730s][info][gc,stats    ]   Roots                            1164 us, parallelism: 0.96x
[276.730s][info][gc,stats    ]     CWR: <total>                   1118 us
[276.730s][info][gc,stats    ]     CWR: Code Cache Roots           940 us, workers (us): 940, ---, ---, 
[276.730s][info][gc,stats    ]     CWR: VM Weak Roots              168 us, workers (us): 168, ---, ---, 
[276.730s][info][gc,stats    ]     CWR: CLDG Roots                  11 us, workers (us):  11, ---, ---, 
[276.730s][info][gc,stats    ]   Rendezvous                       2118 us
[276.730s][info][gc,stats    ] Concurrent Cleanup                   64 us
[276.730s][info][gc,stats    ] Concurrent Class Unloading        42213 us
[276.730s][info][gc,stats    ]   Unlink Stale                     3642 us
[276.730s][info][gc,stats    ]     System Dictionary                14 us
[276.730s][info][gc,stats    ]     Weak Class Links                  0 us
[276.730s][info][gc,stats    ]     Code Roots                     3626 us
[276.730s][info][gc,stats    ]   Rendezvous                      38118 us
[276.730s][info][gc,stats    ]   Purge Unlinked                    365 us
[276.730s][info][gc,stats    ]     Code Roots                      354 us
[276.730s][info][gc,stats    ]     CLDG                             10 us
[276.730s][info][gc,stats    ]     Exception Caches                  0 us
[276.730s][info][gc,stats    ] Concurrent Strong Roots             121 us, parallelism: 0.38x
[276.730s][info][gc,stats    ]   CSR: <total>                       46 us
[276.730s][info][gc,stats    ]   CSR: VM Strong Roots                4 us, workers (us):   4, ---, ---, 
[276.730s][info][gc,stats    ]   CSR: CLDG Roots                    42 us, workers (us):  42, ---, ---, 
[276.730s][info][gc,stats    ] Concurrent Evacuation              1042 us
[276.730s][info][gc,stats    ] Pause Init Update Refs (G)        14318 us
[276.730s][info][gc,stats    ] Pause Init Update Refs (N)           66 us
[276.730s][info][gc,stats    ]   Manage GCLABs                       3 us
[276.730s][info][gc,stats    ] Concurrent Update Refs            60464 us
[276.730s][info][gc,stats    ] Concurrent Update Thread Roots      310 us
[276.730s][info][gc,stats    ] Pause Final Update Refs (G)         174 us
[276.730s][info][gc,stats    ] Pause Final Update Refs (N)         113 us
[276.730s][info][gc,stats    ]   Update Region States               35 us
[276.730s][info][gc,stats    ]   Trash Collection Set                3 us
[276.730s][info][gc,stats    ]   Rebuild Free Set                   14 us
[276.730s][info][gc,stats    ] Concurrent Cleanup                   36 us
[276.730s][info][gc,stats    ] 
[276.730s][info][gc,stats    ] Allocation pacing accrued:
[276.730s][info][gc,stats    ]       0 of   281 ms (  0.0%): <total>
[276.730s][info][gc,stats    ]       0 of   281 ms (  0.0%): <average total>
[276.730s][info][gc,stats    ] 
[276.730s][info][gc,metaspace] Metaspace: 16562K(16832K)->16562K(16832K) NonClass: 14214K(14336K)->14214K(14336K) Class: 2348K(2496K)->2348K(2496K)
[276.730s][info][gc,ergo     ] Pacer for Idle. Initial: 163M, Alloc Tax Rate: 1.0x
[280.629s][info][gc          ] Trigger: Learning 4 of 5. Free (5715M) is below initial threshold (5734M)
[280.629s][info][gc,ergo     ] Free: 5715M, Max: 4096K regular, 5684M humongous, Frag: 0% external, 0% internal; Reserve: 412M, Max: 4096K
[280.629s][info][gc,start    ] GC(127) Concurrent reset
[280.629s][info][gc,task     ] GC(127) Using 1 of 3 workers for concurrent reset
[280.629s][info][gc,ergo     ] GC(127) Pacer for Reset. Non-Taxable: 8192M
[280.630s][info][gc          ] GC(127) Concurrent reset 0.918ms
[280.630s][info][gc,start    ] GC(127) Pause Init Mark (unload classes)
[280.630s][info][gc,task     ] GC(127) Using 3 of 3 workers for init marking
[280.630s][info][gc,ergo     ] GC(127) Pacer for Mark. Expected Live: 51892K, Free: 5711M, Non-Taxable: 571M, Alloc Tax Rate: 0.0x
[280.630s][info][gc          ] GC(127) Pause Init Mark (unload classes) 0.195ms
[280.630s][info][gc,start    ] GC(127) Concurrent marking roots
[280.630s][info][gc,task     ] GC(127) Using 1 of 3 workers for concurrent marking roots
[280.632s][info][gc          ] GC(127) Concurrent marking roots 1.184ms
[280.632s][info][gc,start    ] GC(127) Concurrent marking (unload classes)
[280.632s][info][gc,task     ] GC(127) Using 1 of 3 workers for concurrent marking
[281.360s][info][gc          ] GC(127) Concurrent marking (unload classes) 728.728ms
[281.360s][info][gc,start    ] GC(127) Pause Final Mark (unload classes)
[281.360s][info][gc,task     ] GC(127) Using 3 of 3 workers for final marking
[281.361s][info][gc,ergo     ] GC(127) Adaptive CSet Selection. Target Free: 1160M, Actual Free: 6800M, Max CSet: 341M, Min Garbage: 0B
[281.361s][info][gc,ergo     ] GC(127) Collectable Garbage: 1667M (98%), Immediate: 1152M (67%), CSet: 514M (30%)
[281.361s][info][gc,ergo     ] GC(127) Pacer for Evacuation. Used CSet: 856M, Free: 6419M, Non-Taxable: 641M, Alloc Tax Rate: 1.1x
[281.361s][info][gc          ] GC(127) Pause Final Mark (unload classes) 0.434ms
[281.361s][info][gc,start    ] GC(127) Concurrent thread roots
[281.361s][info][gc,task     ] GC(127) Using 1 of 3 workers for Concurrent thread roots
[281.362s][info][gc          ] GC(127) Concurrent thread roots 0.617ms
[281.362s][info][gc,start    ] GC(127) Concurrent weak references
[281.362s][info][gc,task     ] GC(127) Using 1 of 3 workers for concurrent weak references
[281.362s][info][gc,ref      ] GC(127) Encountered references: Soft: 173, Weak: 991, Final: 0, Phantom: 41
[281.362s][info][gc,ref      ] GC(127) Discovered  references: Soft: 0, Weak: 200, Final: 0, Phantom: 24
[281.362s][info][gc,ref      ] GC(127) Enqueued    references: Soft: 0, Weak: 3, Final: 0, Phantom: 0
[281.362s][info][gc          ] GC(127) Concurrent weak references 0.132ms
[281.362s][info][gc,start    ] GC(127) Concurrent weak roots
[281.362s][info][gc,task     ] GC(127) Using 1 of 3 workers for concurrent weak root
[281.363s][info][gc          ] GC(127) Concurrent weak roots 1.238ms
[281.363s][info][gc,start    ] GC(127) Concurrent cleanup
[281.363s][info][gc          ] GC(127) Concurrent cleanup 2516M->1364M(8192M) 0.040ms
[281.363s][info][gc,ergo     ] GC(127) Free: 6415M, Max: 4096K regular, 5236M humongous, Frag: 19% external, 0% internal; Reserve: 411M, Max: 4096K
[281.363s][info][gc,start    ] GC(127) Concurrent class unloading
[281.363s][info][gc,task     ] GC(127) Using 1 of 3 workers for concurrent class unloading
[281.367s][info][gc          ] GC(127) Concurrent class unloading 3.596ms
[281.367s][info][gc,start    ] GC(127) Concurrent strong roots
[281.367s][info][gc,task     ] GC(127) Using 1 of 3 workers for concurrent strong root
[281.367s][info][gc          ] GC(127) Concurrent strong roots 0.144ms
[281.367s][info][gc,start    ] GC(127) Concurrent evacuation
[281.367s][info][gc,task     ] GC(127) Using 1 of 3 workers for concurrent evacuation
[281.669s][info][gc          ] GC(127) Concurrent evacuation 302.040ms
[281.669s][info][gc,start    ] GC(127) Pause Init Update Refs
[281.669s][info][gc,ergo     ] GC(127) Pacer for Update Refs. Used: 1848M, Free: 6275M, Non-Taxable: 627M, Alloc Tax Rate: 1.1x
[281.669s][info][gc          ] GC(127) Pause Init Update Refs 0.073ms
[281.669s][info][gc,start    ] GC(127) Concurrent update references
[281.669s][info][gc,task     ] GC(127) Using 1 of 3 workers for concurrent reference update
[282.563s][info][gc          ] GC(127) Concurrent update references 893.390ms
[282.563s][info][gc,start    ] GC(127) Concurrent update thread roots
[282.564s][info][gc          ] GC(127) Concurrent update thread roots 0.952ms
[282.564s][info][gc,start    ] GC(127) Pause Final Update Refs
[282.564s][info][gc,task     ] GC(127) Using 3 of 3 workers for final reference update
[282.564s][info][gc          ] GC(127) Pause Final Update Refs 0.195ms
[282.564s][info][gc,start    ] GC(127) Concurrent cleanup
[282.564s][info][gc          ] GC(127) Concurrent cleanup 2027M->1171M(8192M) 0.076ms
[282.564s][info][gc,ergo     ] Free: 6608M, Max: 4096K regular, 4892M humongous, Frag: 26% external, 0% internal; Reserve: 412M, Max: 4096K
[282.564s][info][gc,stats    ] 
[282.564s][info][gc,stats    ] All times are wall-clock times, except per-root-class counters, that are sum over
[282.564s][info][gc,stats    ] all workers. Dividing the <total> over the root stage time estimates parallelism.
[282.564s][info][gc,stats    ] 
[282.564s][info][gc,stats    ] Concurrent Reset                    960 us
[282.564s][info][gc,stats    ] Pause Init Mark (G)                 386 us
[282.564s][info][gc,stats    ] Pause Init Mark (N)                 213 us
[282.564s][info][gc,stats    ]   Update Region States               90 us
[282.564s][info][gc,stats    ] Concurrent Mark Roots              1206 us, parallelism: 0.84x
[282.564s][info][gc,stats    ]   CMR: <total>                     1008 us
[282.564s][info][gc,stats    ]   CMR: Thread Roots                 915 us, workers (us): 915, ---, ---, 
[282.564s][info][gc,stats    ]   CMR: VM Strong Roots                9 us, workers (us):   9, ---, ---, 
[282.564s][info][gc,stats    ]   CMR: CLDG Roots                    84 us, workers (us):  84, ---, ---, 
[282.564s][info][gc,stats    ] Concurrent Marking               728794 us
[282.564s][info][gc,stats    ] Pause Final Mark (G)                599 us
[282.564s][info][gc,stats    ] Pause Final Mark (N)                451 us
[282.564s][info][gc,stats    ]   Finish Mark                       120 us
[282.564s][info][gc,stats    ]   Update Region States               88 us
[282.565s][info][gc,stats    ]   Choose Collection Set             111 us
[282.565s][info][gc,stats    ]   Rebuild Free Set                   16 us
[282.565s][info][gc,stats    ] Concurrent Thread Roots             654 us, parallelism: 0.75x
[282.565s][info][gc,stats    ]   CTR: <total>                      493 us
[282.565s][info][gc,stats    ]   CTR: Thread Roots                 493 us, workers (us): 493, ---, ---, 
[282.565s][info][gc,stats    ] Concurrent Weak References          140 us, parallelism: 0.09x
[282.565s][info][gc,stats    ]   CWRF: <total>                      13 us
[282.565s][info][gc,stats    ]   CWRF: Weak References              13 us, workers (us):  13, ---, ---, 
[282.565s][info][gc,stats    ] Concurrent Weak Roots              1270 us
[282.565s][info][gc,stats    ]   Roots                            1146 us, parallelism: 0.93x
[282.565s][info][gc,stats    ]     CWR: <total>                   1071 us
[282.565s][info][gc,stats    ]     CWR: Code Cache Roots           784 us, workers (us): 784, ---, ---, 
[282.565s][info][gc,stats    ]     CWR: VM Weak Roots              276 us, workers (us): 276, ---, ---, 
[282.565s][info][gc,stats    ]     CWR: CLDG Roots                  11 us, workers (us):  11, ---, ---, 
[282.565s][info][gc,stats    ]   Rendezvous                         74 us
[282.565s][info][gc,stats    ] Concurrent Cleanup                   48 us
[282.565s][info][gc,stats    ] Concurrent Class Unloading         3659 us
[282.565s][info][gc,stats    ]   Unlink Stale                     3169 us
[282.565s][info][gc,stats    ]     System Dictionary                 9 us
[282.565s][info][gc,stats    ]     Weak Class Links                  0 us
[282.565s][info][gc,stats    ]     Code Roots                     3158 us
[282.565s][info][gc,stats    ]   Rendezvous                        160 us
[282.565s][info][gc,stats    ]   Purge Unlinked                    247 us
[282.565s][info][gc,stats    ]     Code Roots                      237 us
[282.565s][info][gc,stats    ]     CLDG                              9 us
[282.565s][info][gc,stats    ]     Exception Caches                  0 us
[282.565s][info][gc,stats    ] Concurrent Strong Roots             181 us, parallelism: 0.21x
[282.565s][info][gc,stats    ]   CSR: <total>                       38 us
[282.565s][info][gc,stats    ]   CSR: VM Strong Roots                3 us, workers (us):   3, ---, ---, 
[282.565s][info][gc,stats    ]   CSR: CLDG Roots                    35 us, workers (us):  35, ---, ---, 
[282.565s][info][gc,stats    ] Concurrent Evacuation            302156 us
[282.565s][info][gc,stats    ] Pause Init Update Refs (G)          265 us
[282.565s][info][gc,stats    ] Pause Init Update Refs (N)           81 us
[282.565s][info][gc,stats    ]   Manage GCLABs                       4 us
[282.565s][info][gc,stats    ] Concurrent Update Refs           893459 us
[282.565s][info][gc,stats    ] Concurrent Update Thread Roots      971 us
[282.565s][info][gc,stats    ] Pause Final Update Refs (G)         337 us
[282.565s][info][gc,stats    ] Pause Final Update Refs (N)         232 us
[282.565s][info][gc,stats    ]   Update Region States               89 us
[282.565s][info][gc,stats    ]   Trash Collection Set                7 us
[282.565s][info][gc,stats    ]   Rebuild Free Set                   21 us
[282.565s][info][gc,stats    ] Concurrent Cleanup                   96 us
[282.565s][info][gc,stats    ] 
[282.565s][info][gc,stats    ] Allocation pacing accrued:
[282.565s][info][gc,stats    ]       0 of  5835 ms (  0.0%): <total>
[282.565s][info][gc,stats    ]       0 of  5835 ms (  0.0%): <average total>
[282.565s][info][gc,stats    ] 
[282.565s][info][gc,metaspace] Metaspace: 16562K(16832K)->16562K(16832K) NonClass: 14214K(14336K)->14214K(14336K) Class: 2348K(2496K)->2348K(2496K)
[282.565s][info][gc,ergo     ] Pacer for Idle. Initial: 163M, Alloc Tax Rate: 1.0x
[282.782s][info][gc          ] Trigger: Explicit GC request (System.gc())
[282.782s][info][gc,ergo     ] Free: 6584M, Max: 4096K regular, 4892M humongous, Frag: 26% external, 0% internal; Reserve: 412M, Max: 4096K
[282.782s][info][gc,start    ] GC(128) Concurrent reset
[282.782s][info][gc,task     ] GC(128) Using 1 of 3 workers for concurrent reset
[282.782s][info][gc,ergo     ] GC(128) Pacer for Reset. Non-Taxable: 8192M
[282.786s][info][gc          ] GC(128) Concurrent reset 4.328ms
[282.786s][info][gc,start    ] GC(128) Pause Init Mark (unload classes)
[282.787s][info][gc,task     ] GC(128) Using 3 of 3 workers for init marking
[282.787s][info][gc,ref      ] GC(128) Clearing All SoftReferences
[282.787s][info][gc,ergo     ] GC(128) Pacer for Mark. Expected Live: 123M, Free: 6584M, Non-Taxable: 658M, Alloc Tax Rate: 0.0x
[282.787s][info][gc          ] GC(128) Pause Init Mark (unload classes) 0.219ms
[282.787s][info][gc,start    ] GC(128) Concurrent marking roots
[282.787s][info][gc,task     ] GC(128) Using 1 of 3 workers for concurrent marking roots
[282.787s][info][gc          ] GC(128) Concurrent marking roots 0.663ms
[282.787s][info][gc,start    ] GC(128) Concurrent marking (unload classes)
[282.787s][info][gc,task     ] GC(128) Using 1 of 3 workers for concurrent marking
[282.793s][info][gc          ] GC(128) Concurrent marking (unload classes) 5.208ms
[282.793s][info][gc,start    ] GC(128) Pause Final Mark (unload classes)
[282.793s][info][gc,task     ] GC(128) Using 3 of 3 workers for final marking
[282.793s][info][gc,ergo     ] GC(128) Collectable Garbage: 1171M (98%), Immediate: 1171M (98%), CSet: 0B (0%)
[282.793s][info][gc          ] GC(128) Pause Final Mark (unload classes) 0.245ms
[282.793s][info][gc,start    ] GC(128) Concurrent weak references
[282.793s][info][gc,task     ] GC(128) Using 1 of 3 workers for concurrent weak references
[282.793s][info][gc,ref      ] GC(128) Encountered references: Soft: 172, Weak: 989, Final: 0, Phantom: 41
[282.793s][info][gc,ref      ] GC(128) Discovered  references: Soft: 108, Weak: 219, Final: 0, Phantom: 24
[282.793s][info][gc,ref      ] GC(128) Enqueued    references: Soft: 4, Weak: 6, Final: 0, Phantom: 0
[282.793s][info][gc          ] GC(128) Concurrent weak references 0.249ms
[282.793s][info][gc,start    ] GC(128) Concurrent weak roots
[282.793s][info][gc,task     ] GC(128) Using 1 of 3 workers for concurrent weak root
[282.794s][info][gc          ] GC(128) Concurrent weak roots 1.057ms
[282.794s][info][gc,start    ] GC(128) Concurrent cleanup
[282.794s][info][gc          ] GC(128) Concurrent cleanup 1195M->24M(8192M) 0.037ms
[282.794s][info][gc,ergo     ] GC(128) Free: 7755M, Max: 4096K regular, 7396M humongous, Frag: 5% external, 0% internal; Reserve: 412M, Max: 4096K
[282.794s][info][gc,start    ] GC(128) Concurrent class unloading
[282.794s][info][gc,task     ] GC(128) Using 1 of 3 workers for concurrent class unloading
[282.800s][info][gc          ] GC(128) Concurrent class unloading 5.670ms
[282.800s][info][gc,start    ] GC(128) Pause Final Roots
[282.800s][info][gc          ] GC(128) Pause Final Roots 0.069ms
[282.800s][info][gc,ergo     ] Free: 7755M, Max: 4096K regular, 7396M humongous, Frag: 5% external, 0% internal; Reserve: 412M, Max: 4096K
[282.801s][info][gc,stats    ] 
[282.801s][info][gc,stats    ] All times are wall-clock times, except per-root-class counters, that are sum over
[282.801s][info][gc,stats    ] all workers. Dividing the <total> over the root stage time estimates parallelism.
[282.801s][info][gc,stats    ] 
[282.801s][info][gc,stats    ] Concurrent Reset                   4396 us
[282.801s][info][gc,stats    ] Pause Init Mark (G)                 370 us
[282.801s][info][gc,stats    ] Pause Init Mark (N)                 240 us
[282.801s][info][gc,stats    ]   Update Region States               84 us
[282.801s][info][gc,stats    ] Concurrent Mark Roots               691 us, parallelism: 0.75x
[282.801s][info][gc,stats    ]   CMR: <total>                      516 us
[282.801s][info][gc,stats    ]   CMR: Thread Roots                 470 us, workers (us): 470, ---, ---, 
[282.801s][info][gc,stats    ]   CMR: VM Strong Roots                4 us, workers (us):   4, ---, ---, 
[282.801s][info][gc,stats    ]   CMR: CLDG Roots                    42 us, workers (us):  42, ---, ---, 
[282.801s][info][gc,stats    ] Concurrent Marking                 5269 us
[282.801s][info][gc,stats    ] Pause Final Mark (G)                330 us
[282.801s][info][gc,stats    ] Pause Final Mark (N)                258 us
[282.801s][info][gc,stats    ]   Finish Mark                        87 us
[282.801s][info][gc,stats    ]   Update Region States               59 us
[282.801s][info][gc,stats    ]   Choose Collection Set              37 us
[282.801s][info][gc,stats    ]   Rebuild Free Set                    8 us
[282.801s][info][gc,stats    ] Concurrent Weak References          266 us, parallelism: 0.09x
[282.801s][info][gc,stats    ]   CWRF: <total>                      23 us
[282.801s][info][gc,stats    ]   CWRF: Weak References              23 us, workers (us):  23, ---, ---, 
[282.801s][info][gc,stats    ] Concurrent Weak Roots              1088 us
[282.801s][info][gc,stats    ]   Roots                             907 us, parallelism: 0.93x
[282.801s][info][gc,stats    ]     CWR: <total>                    846 us
[282.801s][info][gc,stats    ]     CWR: Code Cache Roots           681 us, workers (us): 681, ---, ---, 
[282.801s][info][gc,stats    ]     CWR: VM Weak Roots              156 us, workers (us): 156, ---, ---, 
[282.801s][info][gc,stats    ]     CWR: CLDG Roots                   8 us, workers (us):   8, ---, ---, 
[282.801s][info][gc,stats    ]   Rendezvous                        117 us
[282.801s][info][gc,stats    ] Concurrent Cleanup                   46 us
[282.801s][info][gc,stats    ] Concurrent Class Unloading         5733 us
[282.801s][info][gc,stats    ]   Unlink Stale                     5266 us
[282.801s][info][gc,stats    ]     System Dictionary                74 us
[282.801s][info][gc,stats    ]     Weak Class Links               2036 us
[282.801s][info][gc,stats    ]     Code Roots                     3155 us
[282.801s][info][gc,stats    ]   Rendezvous                        183 us
[282.801s][info][gc,stats    ]   Purge Unlinked                    200 us
[282.801s][info][gc,stats    ]     Code Roots                      173 us
[282.801s][info][gc,stats    ]     CLDG                             27 us
[282.801s][info][gc,stats    ]     Exception Caches                  0 us
[282.801s][info][gc,stats    ] Pause Final Roots (G)               222 us
[282.801s][info][gc,stats    ] Pause Final Roots (N)                93 us
[282.801s][info][gc,stats    ] 
[282.801s][info][gc,stats    ] Allocation pacing accrued:
[282.801s][info][gc,stats    ]       0 of   236 ms (  0.0%): <total>
[282.801s][info][gc,stats    ]       0 of   236 ms (  0.0%): <average total>
[282.801s][info][gc,stats    ] 
[282.801s][info][gc,metaspace] Metaspace: 16562K(16832K)->16558K(16832K) NonClass: 14214K(14336K)->14211K(14336K) Class: 2348K(2496K)->2347K(2496K)
[282.801s][info][gc,ergo     ] Pacer for Idle. Initial: 163M, Alloc Tax Rate: 1.0x
[284.314s][info][gc          ] Trigger: Average GC time (2034.91 ms) is above the time for average allocation rate (3551 MB/s) to deplete free headroom (6345M) (margin of error = 1.81)
[284.314s][info][gc,ergo     ] Free headroom: 6755M (free) - 409M (spike) - 0B (penalties) = 6345M
[284.314s][info][gc,ergo     ] Free: 6751M, Max: 4096K regular, 6724M humongous, Frag: 0% external, 0% internal; Reserve: 412M, Max: 4096K
[284.314s][info][gc,start    ] GC(129) Concurrent reset
[284.314s][info][gc,task     ] GC(129) Using 1 of 3 workers for concurrent reset
[284.314s][info][gc,ergo     ] GC(129) Pacer for Reset. Non-Taxable: 8192M
[284.314s][info][gc          ] GC(129) Concurrent reset 0.340ms
[284.315s][info][gc,start    ] GC(129) Pause Init Mark (unload classes)
[284.315s][info][gc,task     ] GC(129) Using 3 of 3 workers for init marking
[284.315s][info][gc,ergo     ] GC(129) Pacer for Mark. Expected Live: 79156K, Free: 6751M, Non-Taxable: 675M, Alloc Tax Rate: 0.0x
[284.315s][info][gc          ] GC(129) Pause Init Mark (unload classes) 0.102ms
[284.330s][info][gc,start    ] GC(129) Concurrent marking roots
[284.330s][info][gc,task     ] GC(129) Using 1 of 3 workers for concurrent marking roots
[284.331s][info][gc          ] GC(129) Concurrent marking roots 0.777ms
[284.331s][info][gc,start    ] GC(129) Concurrent marking (unload classes)
[284.331s][info][gc,task     ] GC(129) Using 1 of 3 workers for concurrent marking
[284.346s][info][gc          ] GC(129) Concurrent marking (unload classes) 15.116ms
[284.346s][info][gc,start    ] GC(129) Pause Final Mark (unload classes)
[284.346s][info][gc,task     ] GC(129) Using 3 of 3 workers for final marking
[284.346s][info][gc,ergo     ] GC(129) Adaptive CSet Selection. Target Free: 1160M, Actual Free: 7821M, Max CSet: 341M, Min Garbage: 0B
[284.346s][info][gc,ergo     ] GC(129) Collectable Garbage: 1020M (99%), Immediate: 837M (81%), CSet: 183M (17%)
[284.346s][info][gc,ergo     ] GC(129) Pacer for Evacuation. Used CSet: 184M, Free: 7436M, Non-Taxable: 743M, Alloc Tax Rate: 1.1x
[284.346s][info][gc          ] GC(129) Pause Final Mark (unload classes) 0.243ms
[284.362s][info][gc,start    ] GC(129) Concurrent thread roots
[284.362s][info][gc,task     ] GC(129) Using 1 of 3 workers for Concurrent thread roots
[284.363s][info][gc          ] GC(129) Concurrent thread roots 0.598ms
[284.363s][info][gc,start    ] GC(129) Concurrent weak references
[284.363s][info][gc,task     ] GC(129) Using 1 of 3 workers for concurrent weak references
[284.363s][info][gc,ref      ] GC(129) Encountered references: Soft: 173, Weak: 995, Final: 0, Phantom: 41
[284.363s][info][gc,ref      ] GC(129) Discovered  references: Soft: 0, Weak: 206, Final: 0, Phantom: 24
[284.363s][info][gc,ref      ] GC(129) Enqueued    references: Soft: 0, Weak: 4, Final: 0, Phantom: 0
[284.363s][info][gc          ] GC(129) Concurrent weak references 0.099ms
[284.363s][info][gc,start    ] GC(129) Concurrent weak roots
[284.363s][info][gc,task     ] GC(129) Using 1 of 3 workers for concurrent weak root
[284.377s][info][gc          ] GC(129) Concurrent weak roots 13.561ms
[284.377s][info][gc,start    ] GC(129) Concurrent cleanup
[284.377s][info][gc          ] GC(129) Concurrent cleanup 1292M->455M(8192M) 0.049ms
[284.377s][info][gc,ergo     ] GC(129) Free: 7324M, Max: 4096K regular, 6464M humongous, Frag: 12% external, 0% internal; Reserve: 411M, Max: 4096K
[284.377s][info][gc,start    ] GC(129) Concurrent class unloading
[284.377s][info][gc,task     ] GC(129) Using 1 of 3 workers for concurrent class unloading
[284.389s][info][gc          ] GC(129) Concurrent class unloading 11.855ms
[284.389s][info][gc,start    ] GC(129) Concurrent strong roots
[284.389s][info][gc,task     ] GC(129) Using 1 of 3 workers for concurrent strong root
[284.389s][info][gc          ] GC(129) Concurrent strong roots 0.099ms
[284.389s][info][gc,start    ] GC(129) Concurrent evacuation
[284.389s][info][gc,task     ] GC(129) Using 1 of 3 workers for concurrent evacuation
[284.390s][info][gc          ] GC(129) Concurrent evacuation 1.339ms
[284.390s][info][gc,start    ] GC(129) Pause Init Update Refs
[284.390s][info][gc,ergo     ] GC(129) Pacer for Update Refs. Used: 515M, Free: 7264M, Non-Taxable: 726M, Alloc Tax Rate: 1.1x
[284.390s][info][gc          ] GC(129) Pause Init Update Refs 0.032ms
[284.404s][info][gc,start    ] GC(129) Concurrent update references
[284.404s][info][gc,task     ] GC(129) Using 1 of 3 workers for concurrent reference update
[284.469s][info][gc          ] GC(129) Concurrent update references 65.011ms
[284.469s][info][gc,start    ] GC(129) Concurrent update thread roots
[284.470s][info][gc          ] GC(129) Concurrent update thread roots 0.563ms
[284.470s][info][gc,start    ] GC(129) Pause Final Update Refs
[284.470s][info][gc,task     ] GC(129) Using 3 of 3 workers for final reference update
[284.470s][info][gc          ] GC(129) Pause Final Update Refs 0.092ms
[284.501s][info][gc,start    ] GC(129) Concurrent cleanup
[284.501s][info][gc          ] GC(129) Concurrent cleanup 879M->739M(8192M) 0.175ms
[284.501s][info][gc,ergo     ] Free: 7040M, Max: 4096K regular, 6464M humongous, Frag: 8% external, 0% internal; Reserve: 412M, Max: 4096K
[284.501s][info][gc,stats    ] 
[284.501s][info][gc,stats    ] All times are wall-clock times, except per-root-class counters, that are sum over
[284.501s][info][gc,stats    ] all workers. Dividing the <total> over the root stage time estimates parallelism.
[284.501s][info][gc,stats    ] 
[284.501s][info][gc,stats    ] Concurrent Reset                    362 us
[284.501s][info][gc,stats    ] Pause Init Mark (G)               15543 us
[284.501s][info][gc,stats    ] Pause Init Mark (N)                 113 us
[284.501s][info][gc,stats    ]   Update Region States               25 us
[284.501s][info][gc,stats    ] Concurrent Mark Roots               796 us, parallelism: 0.76x
[284.501s][info][gc,stats    ]   CMR: <total>                      608 us
[284.501s][info][gc,stats    ]   CMR: Thread Roots                 540 us, workers (us): 540, ---, ---, 
[284.501s][info][gc,stats    ]   CMR: VM Strong Roots                9 us, workers (us):   9, ---, ---, 
[284.501s][info][gc,stats    ]   CMR: CLDG Roots                    60 us, workers (us):  60, ---, ---, 
[284.501s][info][gc,stats    ] Concurrent Marking                15208 us
[284.501s][info][gc,stats    ] Pause Final Mark (G)              16363 us
[284.501s][info][gc,stats    ] Pause Final Mark (N)                252 us
[284.501s][info][gc,stats    ]   Finish Mark                        56 us
[284.501s][info][gc,stats    ]   Update Region States               50 us
[284.501s][info][gc,stats    ]   Choose Collection Set              90 us
[284.501s][info][gc,stats    ]   Rebuild Free Set                    8 us
[284.501s][info][gc,stats    ] Concurrent Thread Roots             616 us, parallelism: 0.79x
[284.501s][info][gc,stats    ]   CTR: <total>                      488 us
[284.501s][info][gc,stats    ]   CTR: Thread Roots                 488 us, workers (us): 488, ---, ---, 
[284.501s][info][gc,stats    ] Concurrent Weak References          106 us, parallelism: 0.19x
[284.501s][info][gc,stats    ]   CWRF: <total>                      20 us
[284.501s][info][gc,stats    ]   CWRF: Weak References              20 us, workers (us):  20, ---, ---, 
[284.501s][info][gc,stats    ] Concurrent Weak Roots             13642 us
[284.501s][info][gc,stats    ]   Roots                            1323 us, parallelism: 0.97x
[284.501s][info][gc,stats    ]     CWR: <total>                   1284 us
[284.501s][info][gc,stats    ]     CWR: Code Cache Roots          1021 us, workers (us): 1021, ---, ---, 
[284.501s][info][gc,stats    ]     CWR: VM Weak Roots              250 us, workers (us): 250, ---, ---, 
[284.501s][info][gc,stats    ]     CWR: CLDG Roots                  13 us, workers (us):  13, ---, ---, 
[284.501s][info][gc,stats    ]   Rendezvous                      12215 us
[284.501s][info][gc,stats    ] Concurrent Cleanup                   58 us
[284.501s][info][gc,stats    ] Concurrent Class Unloading        11927 us
[284.501s][info][gc,stats    ]   Unlink Stale                     3863 us
[284.501s][info][gc,stats    ]     System Dictionary                14 us
[284.501s][info][gc,stats    ]     Weak Class Links                  0 us
[284.501s][info][gc,stats    ]     Code Roots                     3847 us
[284.501s][info][gc,stats    ]   Rendezvous                       7595 us
[284.501s][info][gc,stats    ]   Purge Unlinked                    374 us
[284.501s][info][gc,stats    ]     Code Roots                      362 us
[284.501s][info][gc,stats    ]     CLDG                             12 us
[284.501s][info][gc,stats    ]     Exception Caches                  0 us
[284.501s][info][gc,stats    ] Concurrent Strong Roots             110 us, parallelism: 0.44x
[284.501s][info][gc,stats    ]   CSR: <total>                       49 us
[284.501s][info][gc,stats    ]   CSR: VM Strong Roots                4 us, workers (us):   4, ---, ---, 
[284.501s][info][gc,stats    ]   CSR: CLDG Roots                    45 us, workers (us):  45, ---, ---, 
[284.501s][info][gc,stats    ] Concurrent Evacuation              1351 us
[284.501s][info][gc,stats    ] Pause Init Update Refs (G)        13981 us
[284.501s][info][gc,stats    ] Pause Init Update Refs (N)           39 us
[284.501s][info][gc,stats    ]   Manage GCLABs                       4 us
[284.501s][info][gc,stats    ] Concurrent Update Refs            65082 us
[284.501s][info][gc,stats    ] Concurrent Update Thread Roots      582 us
[284.501s][info][gc,stats    ] Pause Final Update Refs (G)       30897 us
[284.501s][info][gc,stats    ] Pause Final Update Refs (N)         130 us
[284.501s][info][gc,stats    ]   Update Region States               38 us
[284.501s][info][gc,stats    ]   Trash Collection Set                4 us
[284.501s][info][gc,stats    ]   Rebuild Free Set                   19 us
[284.501s][info][gc,stats    ] Concurrent Cleanup                  186 us
[284.501s][info][gc,stats    ] 
[284.501s][info][gc,stats    ] Allocation pacing accrued:
[284.501s][info][gc,stats    ]       0 of  1701 ms (  0.0%): <total>
[284.501s][info][gc,stats    ]       0 of  1701 ms (  0.0%): <average total>
[284.501s][info][gc,stats    ] 
[284.501s][info][gc,metaspace] Metaspace: 16562K(16832K)->16562K(16832K) NonClass: 14214K(14336K)->14214K(14336K) Class: 2348K(2496K)->2348K(2496K)
[284.501s][info][gc,ergo     ] Pacer for Idle. Initial: 163M, Alloc Tax Rate: 1.0x
[284.624s][info][gc          ] Trigger: Average GC time (1469.14 ms) is above the time for average allocation rate (4747 MB/s) to deplete free headroom (5950M) (margin of error = 1.81)
[284.624s][info][gc,ergo     ] Free headroom: 6360M (free) - 409M (spike) - 0B (penalties) = 5950M
[284.624s][info][gc,ergo     ] Free: 6360M, Max: 4096K regular, 6332M humongous, Frag: 0% external, 0% internal; Reserve: 412M, Max: 4096K
[284.624s][info][gc,start    ] GC(130) Concurrent reset
[284.624s][info][gc,task     ] GC(130) Using 1 of 3 workers for concurrent reset
[284.624s][info][gc,ergo     ] GC(130) Pacer for Reset. Non-Taxable: 8192M
[284.625s][info][gc          ] GC(130) Concurrent reset 1.209ms
[284.625s][info][gc,start    ] GC(130) Pause Init Mark (unload classes)
[284.625s][info][gc,task     ] GC(130) Using 3 of 3 workers for init marking
[284.626s][info][gc,ergo     ] GC(130) Pacer for Mark. Expected Live: 79208K, Free: 6352M, Non-Taxable: 635M, Alloc Tax Rate: 0.0x
[284.626s][info][gc          ] GC(130) Pause Init Mark (unload classes) 0.122ms
[284.627s][info][gc,start    ] GC(130) Concurrent marking roots
[284.627s][info][gc,task     ] GC(130) Using 1 of 3 workers for concurrent marking roots
[284.627s][info][gc          ] GC(130) Concurrent marking roots 0.615ms
[284.627s][info][gc,start    ] GC(130) Concurrent marking (unload classes)
[284.627s][info][gc,task     ] GC(130) Using 1 of 3 workers for concurrent marking
[284.656s][info][gc          ] GC(130) Concurrent marking (unload classes) 28.417ms
[284.656s][info][gc,start    ] GC(130) Pause Final Mark (unload classes)
[284.656s][info][gc,task     ] GC(130) Using 3 of 3 workers for final marking
[284.656s][info][gc,ergo     ] GC(130) Adaptive CSet Selection. Target Free: 1160M, Actual Free: 7804M, Max CSet: 341M, Min Garbage: 0B
[284.656s][info][gc,ergo     ] GC(130) Collectable Garbage: 1419M (99%), Immediate: 1224M (85%), CSet: 195M (13%)
[284.656s][info][gc,ergo     ] GC(130) Pacer for Evacuation. Used CSet: 196M, Free: 7420M, Non-Taxable: 742M, Alloc Tax Rate: 1.1x
[284.656s][info][gc          ] GC(130) Pause Final Mark (unload classes) 0.227ms
[284.671s][info][gc,start    ] GC(130) Concurrent thread roots
[284.672s][info][gc,task     ] GC(130) Using 1 of 3 workers for Concurrent thread roots
[284.672s][info][gc          ] GC(130) Concurrent thread roots 0.660ms
[284.672s][info][gc,start    ] GC(130) Concurrent weak references
[284.672s][info][gc,task     ] GC(130) Using 1 of 3 workers for concurrent weak references
[284.672s][info][gc,ref      ] GC(130) Encountered references: Soft: 173, Weak: 991, Final: 0, Phantom: 41
[284.672s][info][gc,ref      ] GC(130) Discovered  references: Soft: 0, Weak: 202, Final: 0, Phantom: 24
[284.672s][info][gc,ref      ] GC(130) Enqueued    references: Soft: 0, Weak: 0, Final: 0, Phantom: 0
[284.672s][info][gc          ] GC(130) Concurrent weak references 0.082ms
[284.672s][info][gc,start    ] GC(130) Concurrent weak roots
[284.672s][info][gc,task     ] GC(130) Using 1 of 3 workers for concurrent weak root
[284.687s][info][gc          ] GC(130) Concurrent weak roots 14.850ms
[284.687s][info][gc,start    ] GC(130) Concurrent cleanup
[284.687s][info][gc          ] GC(130) Concurrent cleanup 1707M->483M(8192M) 0.056ms
[284.687s][info][gc,ergo     ] GC(130) Free: 7296M, Max: 4096K regular, 6044M humongous, Frag: 17% external, 0% internal; Reserve: 411M, Max: 4096K
[284.687s][info][gc,start    ] GC(130) Concurrent class unloading
[284.687s][info][gc,task     ] GC(130) Using 1 of 3 workers for concurrent class unloading
[284.703s][info][gc          ] GC(130) Concurrent class unloading 15.804ms
[284.703s][info][gc,start    ] GC(130) Concurrent strong roots
[284.703s][info][gc,task     ] GC(130) Using 1 of 3 workers for concurrent strong root
[284.703s][info][gc          ] GC(130) Concurrent strong roots 0.101ms
[284.703s][info][gc,start    ] GC(130) Concurrent evacuation
[284.703s][info][gc,task     ] GC(130) Using 1 of 3 workers for concurrent evacuation
[284.705s][info][gc          ] GC(130) Concurrent evacuation 1.266ms
[284.705s][info][gc,start    ] GC(130) Pause Init Update Refs
[284.705s][info][gc,ergo     ] GC(130) Pacer for Update Refs. Used: 548M, Free: 7232M, Non-Taxable: 723M, Alloc Tax Rate: 1.1x
[284.705s][info][gc          ] GC(130) Pause Init Update Refs 0.061ms
[284.718s][info][gc,start    ] GC(130) Concurrent update references
[284.718s][info][gc,task     ] GC(130) Using 1 of 3 workers for concurrent reference update
[284.784s][info][gc          ] GC(130) Concurrent update references 65.895ms
[284.784s][info][gc,start    ] GC(130) Concurrent update thread roots
[284.784s][info][gc          ] GC(130) Concurrent update thread roots 0.286ms
[284.784s][info][gc,start    ] GC(130) Pause Final Update Refs
[284.784s][info][gc,task     ] GC(130) Using 3 of 3 workers for final reference update
[284.785s][info][gc          ] GC(130) Pause Final Update Refs 0.097ms
[284.785s][info][gc,start    ] GC(130) Concurrent cleanup
[284.785s][info][gc          ] GC(130) Concurrent cleanup 756M->560M(8192M) 0.035ms
[284.785s][info][gc,ergo     ] Free: 7219M, Max: 4096K regular, 6040M humongous, Frag: 16% external, 0% internal; Reserve: 412M, Max: 4096K
[284.785s][info][gc,stats    ] 
[284.785s][info][gc,stats    ] All times are wall-clock times, except per-root-class counters, that are sum over
[284.785s][info][gc,stats    ] all workers. Dividing the <total> over the root stage time estimates parallelism.
[284.785s][info][gc,stats    ] 
[284.785s][info][gc,stats    ] Concurrent Reset                   1232 us
[284.785s][info][gc,stats    ] Pause Init Mark (G)                1502 us
[284.785s][info][gc,stats    ] Pause Init Mark (N)                 132 us
[284.785s][info][gc,stats    ]   Update Region States               42 us
[284.785s][info][gc,stats    ] Concurrent Mark Roots               632 us, parallelism: 0.85x
[284.785s][info][gc,stats    ]   CMR: <total>                      538 us
[284.785s][info][gc,stats    ]   CMR: Thread Roots                 483 us, workers (us): 483, ---, ---, 
[284.785s][info][gc,stats    ]   CMR: VM Strong Roots                6 us, workers (us):   6, ---, ---, 
[284.785s][info][gc,stats    ]   CMR: CLDG Roots                    50 us, workers (us):  50, ---, ---, 
[284.785s][info][gc,stats    ] Concurrent Marking                28511 us
[284.785s][info][gc,stats    ] Pause Final Mark (G)              15514 us
[284.785s][info][gc,stats    ] Pause Final Mark (N)                236 us
[284.785s][info][gc,stats    ]   Finish Mark                        56 us
[284.785s][info][gc,stats    ]   Update Region States               39 us
[284.785s][info][gc,stats    ]   Choose Collection Set              53 us
[284.785s][info][gc,stats    ]   Rebuild Free Set                    8 us
[284.785s][info][gc,stats    ] Concurrent Thread Roots             679 us, parallelism: 0.77x
[284.785s][info][gc,stats    ]   CTR: <total>                      524 us
[284.785s][info][gc,stats    ]   CTR: Thread Roots                 524 us, workers (us): 524, ---, ---, 
[284.785s][info][gc,stats    ] Concurrent Weak References           90 us, parallelism: 0.19x
[284.785s][info][gc,stats    ]   CWRF: <total>                      17 us
[284.785s][info][gc,stats    ]   CWRF: Weak References              17 us, workers (us):  17, ---, ---, 
[284.785s][info][gc,stats    ] Concurrent Weak Roots             14935 us
[284.785s][info][gc,stats    ]   Roots                            1315 us, parallelism: 0.97x
[284.785s][info][gc,stats    ]     CWR: <total>                   1274 us
[284.785s][info][gc,stats    ]     CWR: Code Cache Roots          1065 us, workers (us): 1065, ---, ---, 
[284.785s][info][gc,stats    ]     CWR: VM Weak Roots              198 us, workers (us): 198, ---, ---, 
[284.785s][info][gc,stats    ]     CWR: CLDG Roots                  12 us, workers (us):  12, ---, ---, 
[284.785s][info][gc,stats    ]   Rendezvous                      13511 us
[284.785s][info][gc,stats    ] Concurrent Cleanup                   65 us
[284.785s][info][gc,stats    ] Concurrent Class Unloading        15874 us
[284.785s][info][gc,stats    ]   Unlink Stale                     3810 us
[284.785s][info][gc,stats    ]     System Dictionary                15 us
[284.785s][info][gc,stats    ]     Weak Class Links                  0 us
[284.785s][info][gc,stats    ]     Code Roots                     3792 us
[284.785s][info][gc,stats    ]   Rendezvous                      11633 us
[284.785s][info][gc,stats    ]   Purge Unlinked                    331 us
[284.785s][info][gc,stats    ]     Code Roots                      321 us
[284.785s][info][gc,stats    ]     CLDG                              8 us
[284.785s][info][gc,stats    ]     Exception Caches                  0 us
[284.785s][info][gc,stats    ] Concurrent Strong Roots             111 us, parallelism: 0.46x
[284.785s][info][gc,stats    ]   CSR: <total>                       51 us
[284.785s][info][gc,stats    ]   CSR: VM Strong Roots                4 us, workers (us):   4, ---, ---, 
[284.785s][info][gc,stats    ]   CSR: CLDG Roots                    48 us, workers (us):  48, ---, ---, 
[284.785s][info][gc,stats    ] Concurrent Evacuation              1326 us
[284.785s][info][gc,stats    ] Pause Init Update Refs (G)        13566 us
[284.785s][info][gc,stats    ] Pause Init Update Refs (N)           70 us
[284.785s][info][gc,stats    ]   Manage GCLABs                       3 us
[284.785s][info][gc,stats    ] Concurrent Update Refs            65951 us
[284.785s][info][gc,stats    ] Concurrent Update Thread Roots      296 us
[284.785s][info][gc,stats    ] Pause Final Update Refs (G)         185 us
[284.785s][info][gc,stats    ] Pause Final Update Refs (N)         117 us
[284.785s][info][gc,stats    ]   Update Region States               31 us
[284.785s][info][gc,stats    ]   Trash Collection Set                3 us
[284.785s][info][gc,stats    ]   Rebuild Free Set                   13 us
[284.785s][info][gc,stats    ] Concurrent Cleanup                   44 us
[284.785s][info][gc,stats    ] 
[284.785s][info][gc,stats    ] Allocation pacing accrued:
[284.785s][info][gc,stats    ]       0 of   284 ms (  0.0%): <total>
[284.785s][info][gc,stats    ]       0 of   284 ms (  0.0%): <average total>
[284.785s][info][gc,stats    ] 
[284.785s][info][gc,metaspace] Metaspace: 16562K(16832K)->16562K(16832K) NonClass: 14214K(14336K)->14214K(14336K) Class: 2348K(2496K)->2348K(2496K)
[284.785s][info][gc,ergo     ] Pacer for Idle. Initial: 163M, Alloc Tax Rate: 1.0x
[289.077s][info][gc          ] Trigger: Learning 4 of 5. Free (5711M) is below initial threshold (5734M)
[289.078s][info][gc,ergo     ] Free: 5711M, Max: 4096K regular, 5680M humongous, Frag: 0% external, 0% internal; Reserve: 412M, Max: 4096K
[289.078s][info][gc,start    ] GC(131) Concurrent reset
[289.078s][info][gc,task     ] GC(131) Using 1 of 3 workers for concurrent reset
[289.078s][info][gc,ergo     ] GC(131) Pacer for Reset. Non-Taxable: 8192M
[289.079s][info][gc          ] GC(131) Concurrent reset 1.083ms
[289.079s][info][gc,start    ] GC(131) Pause Init Mark (unload classes)
[289.079s][info][gc,task     ] GC(131) Using 3 of 3 workers for init marking
[289.079s][info][gc,ergo     ] GC(131) Pacer for Mark. Expected Live: 79202K, Free: 5707M, Non-Taxable: 570M, Alloc Tax Rate: 0.0x
[289.079s][info][gc          ] GC(131) Pause Init Mark (unload classes) 0.152ms
[289.079s][info][gc,start    ] GC(131) Concurrent marking roots
[289.079s][info][gc,task     ] GC(131) Using 1 of 3 workers for concurrent marking roots
[289.080s][info][gc          ] GC(131) Concurrent marking roots 0.811ms
[289.080s][info][gc,start    ] GC(131) Concurrent marking (unload classes)
[289.080s][info][gc,task     ] GC(131) Using 1 of 3 workers for concurrent marking
[289.730s][info][gc          ] GC(131) Concurrent marking (unload classes) 649.828ms
[289.730s][info][gc,start    ] GC(131) Pause Final Mark (unload classes)
[289.730s][info][gc,task     ] GC(131) Using 3 of 3 workers for final marking
[289.730s][info][gc,ergo     ] GC(131) Adaptive CSet Selection. Target Free: 1160M, Actual Free: 6904M, Max CSet: 341M, Min Garbage: 0B
[289.731s][info][gc,ergo     ] GC(131) Collectable Garbage: 1734M (99%), Immediate: 1236M (71%), CSet: 498M (28%)
[289.731s][info][gc,ergo     ] GC(131) Pacer for Evacuation. Used CSet: 828M, Free: 6524M, Non-Taxable: 652M, Alloc Tax Rate: 1.1x
[289.731s][info][gc          ] GC(131) Pause Final Mark (unload classes) 0.591ms
[289.731s][info][gc,start    ] GC(131) Concurrent thread roots
[289.731s][info][gc,task     ] GC(131) Using 1 of 3 workers for Concurrent thread roots
[289.732s][info][gc          ] GC(131) Concurrent thread roots 1.043ms
[289.732s][info][gc,start    ] GC(131) Concurrent weak references
[289.732s][info][gc,task     ] GC(131) Using 1 of 3 workers for concurrent weak references
[289.732s][info][gc,ref      ] GC(131) Encountered references: Soft: 173, Weak: 997, Final: 0, Phantom: 41
[289.732s][info][gc,ref      ] GC(131) Discovered  references: Soft: 0, Weak: 202, Final: 0, Phantom: 24
[289.732s][info][gc,ref      ] GC(131) Enqueued    references: Soft: 0, Weak: 5, Final: 0, Phantom: 0
[289.732s][info][gc          ] GC(131) Concurrent weak references 0.087ms
[289.732s][info][gc,start    ] GC(131) Concurrent weak roots
[289.732s][info][gc,task     ] GC(131) Using 1 of 3 workers for concurrent weak root
[289.733s][info][gc          ] GC(131) Concurrent weak roots 1.050ms
[289.733s][info][gc,start    ] GC(131) Concurrent cleanup
[289.733s][info][gc          ] GC(131) Concurrent cleanup 2492M->1256M(8192M) 0.042ms
[289.733s][info][gc,ergo     ] GC(131) Free: 6524M, Max: 4096K regular, 5260M humongous, Frag: 20% external, 0% internal; Reserve: 410M, Max: 4096K
[289.733s][info][gc,start    ] GC(131) Concurrent class unloading
[289.733s][info][gc,task     ] GC(131) Using 1 of 3 workers for concurrent class unloading
[289.737s][info][gc          ] GC(131) Concurrent class unloading 3.735ms
[289.737s][info][gc,start    ] GC(131) Concurrent strong roots
[289.737s][info][gc,task     ] GC(131) Using 1 of 3 workers for concurrent strong root
[289.737s][info][gc          ] GC(131) Concurrent strong roots 0.195ms
[289.737s][info][gc,start    ] GC(131) Concurrent evacuation
[289.737s][info][gc,task     ] GC(131) Using 1 of 3 workers for concurrent evacuation
[290.044s][info][gc          ] GC(131) Concurrent evacuation 306.958ms
[290.044s][info][gc,start    ] GC(131) Pause Init Update Refs
[290.044s][info][gc,ergo     ] GC(131) Pacer for Update Refs. Used: 1731M, Free: 6384M, Non-Taxable: 638M, Alloc Tax Rate: 1.1x
[290.044s][info][gc          ] GC(131) Pause Init Update Refs 0.058ms
[290.044s][info][gc,start    ] GC(131) Concurrent update references
[290.044s][info][gc,task     ] GC(131) Using 1 of 3 workers for concurrent reference update
[290.837s][info][gc          ] GC(131) Concurrent update references 792.794ms
[290.837s][info][gc,start    ] GC(131) Concurrent update thread roots
[290.838s][info][gc          ] GC(131) Concurrent update thread roots 0.481ms
[290.838s][info][gc,start    ] GC(131) Pause Final Update Refs
[290.838s][info][gc,task     ] GC(131) Using 3 of 3 workers for final reference update
[290.838s][info][gc          ] GC(131) Pause Final Update Refs 0.122ms
[290.838s][info][gc,start    ] GC(131) Concurrent cleanup
[290.838s][info][gc          ] GC(131) Concurrent cleanup 1995M->1167M(8192M) 0.045ms
[290.838s][info][gc,ergo     ] Free: 6612M, Max: 4096K regular, 4924M humongous, Frag: 26% external, 0% internal; Reserve: 412M, Max: 4096K
[290.838s][info][gc,stats    ] 
[290.838s][info][gc,stats    ] All times are wall-clock times, except per-root-class counters, that are sum over
[290.838s][info][gc,stats    ] all workers. Dividing the <total> over the root stage time estimates parallelism.
[290.838s][info][gc,stats    ] 
[290.838s][info][gc,stats    ] Concurrent Reset                   1142 us
[290.838s][info][gc,stats    ] Pause Init Mark (G)                 354 us
[290.838s][info][gc,stats    ] Pause Init Mark (N)                 169 us
[290.838s][info][gc,stats    ]   Update Region States               67 us
[290.838s][info][gc,stats    ] Concurrent Mark Roots               830 us, parallelism: 0.84x
[290.838s][info][gc,stats    ]   CMR: <total>                      701 us
[290.838s][info][gc,stats    ]   CMR: Thread Roots                 624 us, workers (us): 624, ---, ---, 
[290.838s][info][gc,stats    ]   CMR: VM Strong Roots                7 us, workers (us):   7, ---, ---, 
[290.838s][info][gc,stats    ]   CMR: CLDG Roots                    70 us, workers (us):  70, ---, ---, 
[290.838s][info][gc,stats    ] Concurrent Marking               649895 us
[290.838s][info][gc,stats    ] Pause Final Mark (G)                778 us
[290.838s][info][gc,stats    ] Pause Final Mark (N)                613 us
[290.838s][info][gc,stats    ]   Finish Mark                       158 us
[290.838s][info][gc,stats    ]   Update Region States              123 us
[290.838s][info][gc,stats    ]   Choose Collection Set             164 us
[290.838s][info][gc,stats    ]   Rebuild Free Set                   20 us
[290.838s][info][gc,stats    ] Concurrent Thread Roots            1053 us, parallelism: 0.93x
[290.838s][info][gc,stats    ]   CTR: <total>                      979 us
[290.838s][info][gc,stats    ]   CTR: Thread Roots                 979 us, workers (us): 979, ---, ---, 
[290.838s][info][gc,stats    ] Concurrent Weak References           95 us, parallelism: 0.19x
[290.838s][info][gc,stats    ]   CWRF: <total>                      18 us
[290.838s][info][gc,stats    ]   CWRF: Weak References              18 us, workers (us):  18, ---, ---, 
[290.838s][info][gc,stats    ] Concurrent Weak Roots              1074 us
[290.838s][info][gc,stats    ]   Roots                             950 us, parallelism: 0.94x
[290.838s][info][gc,stats    ]     CWR: <total>                    892 us
[290.838s][info][gc,stats    ]     CWR: Code Cache Roots           705 us, workers (us): 705, ---, ---, 
[290.838s][info][gc,stats    ]     CWR: VM Weak Roots              178 us, workers (us): 178, ---, ---, 
[290.838s][info][gc,stats    ]     CWR: CLDG Roots                   9 us, workers (us):   9, ---, ---, 
[290.838s][info][gc,stats    ]   Rendezvous                         85 us
[290.838s][info][gc,stats    ] Concurrent Cleanup                   50 us
[290.838s][info][gc,stats    ] Concurrent Class Unloading         3789 us
[290.838s][info][gc,stats    ]   Unlink Stale                     3414 us
[290.838s][info][gc,stats    ]     System Dictionary                11 us
[290.838s][info][gc,stats    ]     Weak Class Links                  0 us
[290.838s][info][gc,stats    ]     Code Roots                     3402 us
[290.838s][info][gc,stats    ]   Rendezvous                         82 us
[290.838s][info][gc,stats    ]   Purge Unlinked                    222 us
[290.838s][info][gc,stats    ]     Code Roots                      215 us
[290.838s][info][gc,stats    ]     CLDG                              5 us
[290.838s][info][gc,stats    ]     Exception Caches                  0 us
[290.838s][info][gc,stats    ] Concurrent Strong Roots             234 us, parallelism: 0.30x
[290.838s][info][gc,stats    ]   CSR: <total>                       71 us
[290.838s][info][gc,stats    ]   CSR: VM Strong Roots                7 us, workers (us):   7, ---, ---, 
[290.838s][info][gc,stats    ]   CSR: CLDG Roots                    64 us, workers (us):  64, ---, ---, 
[290.838s][info][gc,stats    ] Concurrent Evacuation            307058 us
[290.838s][info][gc,stats    ] Pause Init Update Refs (G)          176 us
[290.838s][info][gc,stats    ] Pause Init Update Refs (N)           67 us
[290.838s][info][gc,stats    ]   Manage GCLABs                       3 us
[290.838s][info][gc,stats    ] Concurrent Update Refs           792859 us
[290.838s][info][gc,stats    ] Concurrent Update Thread Roots      502 us
[290.838s][info][gc,stats    ] Pause Final Update Refs (G)         222 us
[290.838s][info][gc,stats    ] Pause Final Update Refs (N)         133 us
[290.838s][info][gc,stats    ]   Update Region States               49 us
[290.838s][info][gc,stats    ]   Trash Collection Set                6 us
[290.838s][info][gc,stats    ]   Rebuild Free Set                   18 us
[290.838s][info][gc,stats    ] Concurrent Cleanup                   54 us
[290.838s][info][gc,stats    ] 
[290.838s][info][gc,stats    ] Allocation pacing accrued:
[290.838s][info][gc,stats    ]       0 of  6053 ms (  0.0%): <total>
[290.838s][info][gc,stats    ]       0 of  6053 ms (  0.0%): <average total>
[290.838s][info][gc,stats    ] 
[290.838s][info][gc,metaspace] Metaspace: 16562K(16832K)->16562K(16832K) NonClass: 14214K(14336K)->14214K(14336K) Class: 2348K(2496K)->2348K(2496K)
[290.838s][info][gc,ergo     ] Pacer for Idle. Initial: 163M, Alloc Tax Rate: 1.0x
[291.292s][info][gc          ] Trigger: Explicit GC request (System.gc())
[291.292s][info][gc,ergo     ] Free: 6560M, Max: 4096K regular, 4924M humongous, Frag: 25% external, 0% internal; Reserve: 412M, Max: 4096K
[291.292s][info][gc,start    ] GC(132) Concurrent reset
[291.292s][info][gc,task     ] GC(132) Using 1 of 3 workers for concurrent reset
[291.292s][info][gc,ergo     ] GC(132) Pacer for Reset. Non-Taxable: 8192M
[291.296s][info][gc          ] GC(132) Concurrent reset 3.777ms
[291.296s][info][gc,start    ] GC(132) Pause Init Mark (unload classes)
[291.296s][info][gc,task     ] GC(132) Using 3 of 3 workers for init marking
[291.296s][info][gc,ref      ] GC(132) Clearing All SoftReferences
[291.296s][info][gc,ergo     ] GC(132) Pacer for Mark. Expected Live: 143M, Free: 6560M, Non-Taxable: 656M, Alloc Tax Rate: 0.0x
[291.296s][info][gc          ] GC(132) Pause Init Mark (unload classes) 0.165ms
[291.296s][info][gc,start    ] GC(132) Concurrent marking roots
[291.296s][info][gc,task     ] GC(132) Using 1 of 3 workers for concurrent marking roots
[291.297s][info][gc          ] GC(132) Concurrent marking roots 0.993ms
[291.297s][info][gc,start    ] GC(132) Concurrent marking (unload classes)
[291.297s][info][gc,task     ] GC(132) Using 1 of 3 workers for concurrent marking
[291.302s][info][gc          ] GC(132) Concurrent marking (unload classes) 5.346ms
[291.303s][info][gc,start    ] GC(132) Pause Final Mark (unload classes)
[291.303s][info][gc,task     ] GC(132) Using 3 of 3 workers for final marking
[291.303s][info][gc,ergo     ] GC(132) Collectable Garbage: 1192M (98%), Immediate: 1192M (98%), CSet: 0B (0%)
[291.303s][info][gc          ] GC(132) Pause Final Mark (unload classes) 0.243ms
[291.303s][info][gc,start    ] GC(132) Concurrent weak references
[291.303s][info][gc,task     ] GC(132) Using 1 of 3 workers for concurrent weak references
[291.303s][info][gc,ref      ] GC(132) Encountered references: Soft: 172, Weak: 993, Final: 0, Phantom: 41
[291.303s][info][gc,ref      ] GC(132) Discovered  references: Soft: 108, Weak: 221, Final: 0, Phantom: 24
[291.303s][info][gc,ref      ] GC(132) Enqueued    references: Soft: 4, Weak: 8, Final: 0, Phantom: 0
[291.303s][info][gc          ] GC(132) Concurrent weak references 0.169ms
[291.303s][info][gc,start    ] GC(132) Concurrent weak roots
[291.303s][info][gc,task     ] GC(132) Using 1 of 3 workers for concurrent weak root
[291.304s][info][gc          ] GC(132) Concurrent weak roots 1.151ms
[291.304s][info][gc,start    ] GC(132) Concurrent cleanup
[291.304s][info][gc          ] GC(132) Concurrent cleanup 1219M->27M(8192M) 0.038ms
[291.304s][info][gc,ergo     ] GC(132) Free: 7752M, Max: 4096K regular, 7280M humongous, Frag: 6% external, 0% internal; Reserve: 412M, Max: 4096K
[291.304s][info][gc,start    ] GC(132) Concurrent class unloading
[291.304s][info][gc,task     ] GC(132) Using 1 of 3 workers for concurrent class unloading
[291.310s][info][gc          ] GC(132) Concurrent class unloading 5.750ms
[291.310s][info][gc,start    ] GC(132) Pause Final Roots
[291.310s][info][gc          ] GC(132) Pause Final Roots 0.070ms
[291.310s][info][gc,ergo     ] Free: 7752M, Max: 4096K regular, 7280M humongous, Frag: 6% external, 0% internal; Reserve: 412M, Max: 4096K
[291.310s][info][gc,stats    ] 
[291.310s][info][gc,stats    ] All times are wall-clock times, except per-root-class counters, that are sum over
[291.310s][info][gc,stats    ] all workers. Dividing the <total> over the root stage time estimates parallelism.
[291.311s][info][gc,stats    ] 
[291.311s][info][gc,stats    ] Concurrent Reset                   3840 us
[291.311s][info][gc,stats    ] Pause Init Mark (G)                 307 us
[291.311s][info][gc,stats    ] Pause Init Mark (N)                 182 us
[291.311s][info][gc,stats    ]   Update Region States               65 us
[291.311s][info][gc,stats    ] Concurrent Mark Roots              1010 us, parallelism: 0.82x
[291.311s][info][gc,stats    ]   CMR: <total>                      832 us
[291.311s][info][gc,stats    ]   CMR: Thread Roots                 752 us, workers (us): 752, ---, ---, 
[291.311s][info][gc,stats    ]   CMR: VM Strong Roots                6 us, workers (us):   6, ---, ---, 
[291.311s][info][gc,stats    ]   CMR: CLDG Roots                    73 us, workers (us):  73, ---, ---, 
[291.311s][info][gc,stats    ] Concurrent Marking                 5406 us
[291.311s][info][gc,stats    ] Pause Final Mark (G)                351 us
[291.311s][info][gc,stats    ] Pause Final Mark (N)                260 us
[291.311s][info][gc,stats    ]   Finish Mark                        77 us
[291.311s][info][gc,stats    ]   Update Region States               45 us
[291.311s][info][gc,stats    ]   Choose Collection Set              44 us
[291.311s][info][gc,stats    ]   Rebuild Free Set                   17 us
[291.311s][info][gc,stats    ] Concurrent Weak References          177 us, parallelism: 0.10x
[291.311s][info][gc,stats    ]   CWRF: <total>                      18 us
[291.311s][info][gc,stats    ]   CWRF: Weak References              18 us, workers (us):  18, ---, ---, 
[291.311s][info][gc,stats    ] Concurrent Weak Roots              1184 us
[291.311s][info][gc,stats    ]   Roots                            1061 us, parallelism: 0.94x
[291.311s][info][gc,stats    ]     CWR: <total>                    995 us
[291.311s][info][gc,stats    ]     CWR: Code Cache Roots           820 us, workers (us): 820, ---, ---, 
[291.311s][info][gc,stats    ]     CWR: VM Weak Roots              169 us, workers (us): 169, ---, ---, 
[291.311s][info][gc,stats    ]     CWR: CLDG Roots                   6 us, workers (us):   6, ---, ---, 
[291.311s][info][gc,stats    ]   Rendezvous                         73 us
[291.311s][info][gc,stats    ] Concurrent Cleanup                   47 us
[291.311s][info][gc,stats    ] Concurrent Class Unloading         5815 us
[291.311s][info][gc,stats    ]   Unlink Stale                     5345 us
[291.311s][info][gc,stats    ]     System Dictionary                66 us
[291.311s][info][gc,stats    ]     Weak Class Links               2127 us
[291.311s][info][gc,stats    ]     Code Roots                     3150 us
[291.311s][info][gc,stats    ]   Rendezvous                        183 us
[291.311s][info][gc,stats    ]   Purge Unlinked                    201 us
[291.311s][info][gc,stats    ]     Code Roots                      175 us
[291.311s][info][gc,stats    ]     CLDG                             26 us
[291.311s][info][gc,stats    ]     Exception Caches                  0 us
[291.311s][info][gc,stats    ] Pause Final Roots (G)               196 us
[291.311s][info][gc,stats    ] Pause Final Roots (N)                86 us
[291.311s][info][gc,stats    ] 
[291.311s][info][gc,stats    ] Allocation pacing accrued:
[291.311s][info][gc,stats    ]       0 of   473 ms (  0.0%): <total>
[291.311s][info][gc,stats    ]       0 of   473 ms (  0.0%): <average total>
[291.311s][info][gc,stats    ] 
[291.311s][info][gc,metaspace] Metaspace: 16562K(16832K)->16558K(16832K) NonClass: 14214K(14336K)->14211K(14336K) Class: 2348K(2496K)->2347K(2496K)
[291.311s][info][gc,ergo     ] Pacer for Idle. Initial: 163M, Alloc Tax Rate: 1.0x
[292.999s][info][gc          ] Trigger: Average GC time (1889.53 ms) is above the time for instantaneous allocation rate (5244 MB/s) to deplete free headroom (6607M) (spike threshold = 1.67)
[292.999s][info][gc,ergo     ] Free: 7016M, Max: 4096K regular, 6988M humongous, Frag: 0% external, 0% internal; Reserve: 412M, Max: 4096K
[292.999s][info][gc,start    ] GC(133) Concurrent reset
[292.999s][info][gc,task     ] GC(133) Using 1 of 3 workers for concurrent reset
[292.999s][info][gc,ergo     ] GC(133) Pacer for Reset. Non-Taxable: 8192M
[293.000s][info][gc          ] GC(133) Concurrent reset 0.309ms
[293.000s][info][gc,start    ] GC(133) Pause Init Mark (unload classes)
[293.000s][info][gc,task     ] GC(133) Using 3 of 3 workers for init marking
[293.000s][info][gc,ergo     ] GC(133) Pacer for Mark. Expected Live: 71975K, Free: 7016M, Non-Taxable: 701M, Alloc Tax Rate: 0.0x
[293.000s][info][gc          ] GC(133) Pause Init Mark (unload classes) 0.120ms
[293.024s][info][gc,start    ] GC(133) Concurrent marking roots
[293.024s][info][gc,task     ] GC(133) Using 1 of 3 workers for concurrent marking roots
[293.025s][info][gc          ] GC(133) Concurrent marking roots 0.776ms
[293.025s][info][gc,start    ] GC(133) Concurrent marking (unload classes)
[293.025s][info][gc,task     ] GC(133) Using 1 of 3 workers for concurrent marking
[293.047s][info][gc          ] GC(133) Concurrent marking (unload classes) 21.809ms
[293.047s][info][gc,start    ] GC(133) Pause Final Mark (unload classes)
[293.047s][info][gc,task     ] GC(133) Using 3 of 3 workers for final marking
[293.047s][info][gc,ergo     ] GC(133) Adaptive CSet Selection. Target Free: 1160M, Actual Free: 7780M, Max CSet: 341M, Min Garbage: 0B
[293.047s][info][gc,ergo     ] GC(133) Collectable Garbage: 755M (99%), Immediate: 604M (79%), CSet: 151M (19%)
[293.047s][info][gc,ergo     ] GC(133) Pacer for Evacuation. Used CSet: 152M, Free: 7396M, Non-Taxable: 739M, Alloc Tax Rate: 1.1x
[293.047s][info][gc          ] GC(133) Pause Final Mark (unload classes) 0.243ms
[293.066s][info][gc,start    ] GC(133) Concurrent thread roots
[293.066s][info][gc,task     ] GC(133) Using 1 of 3 workers for Concurrent thread roots
[293.067s][info][gc          ] GC(133) Concurrent thread roots 0.616ms
[293.067s][info][gc,start    ] GC(133) Concurrent weak references
[293.067s][info][gc,task     ] GC(133) Using 1 of 3 workers for concurrent weak references
[293.067s][info][gc,ref      ] GC(133) Encountered references: Soft: 173, Weak: 993, Final: 0, Phantom: 41
[293.067s][info][gc,ref      ] GC(133) Discovered  references: Soft: 0, Weak: 207, Final: 0, Phantom: 24
[293.067s][info][gc,ref      ] GC(133) Enqueued    references: Soft: 0, Weak: 5, Final: 0, Phantom: 0
[293.067s][info][gc          ] GC(133) Concurrent weak references 0.077ms
[293.067s][info][gc,start    ] GC(133) Concurrent weak roots
[293.067s][info][gc,task     ] GC(133) Using 1 of 3 workers for concurrent weak root
[293.078s][info][gc          ] GC(133) Concurrent weak roots 11.302ms
[293.078s][info][gc,start    ] GC(133) Concurrent cleanup
[293.078s][info][gc          ] GC(133) Concurrent cleanup 1099M->495M(8192M) 0.049ms
[293.078s][info][gc,ergo     ] GC(133) Free: 7284M, Max: 4096K regular, 6660M humongous, Frag: 9% external, 0% internal; Reserve: 411M, Max: 4096K
[293.078s][info][gc,start    ] GC(133) Concurrent class unloading
[293.078s][info][gc,task     ] GC(133) Using 1 of 3 workers for concurrent class unloading
[293.094s][info][gc          ] GC(133) Concurrent class unloading 15.846ms
[293.094s][info][gc,start    ] GC(133) Concurrent strong roots
[293.094s][info][gc,task     ] GC(133) Using 1 of 3 workers for concurrent strong root
[293.094s][info][gc          ] GC(133) Concurrent strong roots 0.109ms
[293.094s][info][gc,start    ] GC(133) Concurrent evacuation
[293.094s][info][gc,task     ] GC(133) Using 1 of 3 workers for concurrent evacuation
[293.096s][info][gc          ] GC(133) Concurrent evacuation 1.333ms
[293.096s][info][gc,start    ] GC(133) Pause Init Update Refs
[293.096s][info][gc,ergo     ] GC(133) Pacer for Update Refs. Used: 564M, Free: 7216M, Non-Taxable: 721M, Alloc Tax Rate: 1.1x
[293.096s][info][gc          ] GC(133) Pause Init Update Refs 0.030ms
[293.109s][info][gc,start    ] GC(133) Concurrent update references
[293.109s][info][gc,task     ] GC(133) Using 1 of 3 workers for concurrent reference update
[293.207s][info][gc          ] GC(133) Concurrent update references 98.217ms
[293.208s][info][gc,start    ] GC(133) Concurrent update thread roots
[293.208s][info][gc          ] GC(133) Concurrent update thread roots 0.763ms
[293.208s][info][gc,start    ] GC(133) Pause Final Update Refs
[293.208s][info][gc,task     ] GC(133) Using 3 of 3 workers for final reference update
[293.209s][info][gc          ] GC(133) Pause Final Update Refs 0.123ms
[293.219s][info][gc,start    ] GC(133) Concurrent cleanup
[293.219s][info][gc          ] GC(133) Concurrent cleanup 948M->852M(8192M) 0.161ms
[293.219s][info][gc,ergo     ] Free: 6927M, Max: 4096K regular, 6656M humongous, Frag: 4% external, 0% internal; Reserve: 412M, Max: 4096K
[293.219s][info][gc,stats    ] 
[293.219s][info][gc,stats    ] All times are wall-clock times, except per-root-class counters, that are sum over
[293.219s][info][gc,stats    ] all workers. Dividing the <total> over the root stage time estimates parallelism.
[293.219s][info][gc,stats    ] 
[293.219s][info][gc,stats    ] Concurrent Reset                    330 us
[293.219s][info][gc,stats    ] Pause Init Mark (G)               24134 us
[293.219s][info][gc,stats    ] Pause Init Mark (N)                 129 us
[293.219s][info][gc,stats    ]   Update Region States               35 us
[293.219s][info][gc,stats    ] Concurrent Mark Roots               796 us, parallelism: 0.76x
[293.219s][info][gc,stats    ]   CMR: <total>                      607 us
[293.219s][info][gc,stats    ]   CMR: Thread Roots                 535 us, workers (us): 535, ---, ---, 
[293.219s][info][gc,stats    ]   CMR: VM Strong Roots                7 us, workers (us):   7, ---, ---, 
[293.219s][info][gc,stats    ]   CMR: CLDG Roots                    65 us, workers (us):  65, ---, ---, 
[293.219s][info][gc,stats    ] Concurrent Marking                21909 us
[293.219s][info][gc,stats    ] Pause Final Mark (G)              19437 us
[293.219s][info][gc,stats    ] Pause Final Mark (N)                253 us
[293.219s][info][gc,stats    ]   Finish Mark                        52 us
[293.219s][info][gc,stats    ]   Update Region States               50 us
[293.219s][info][gc,stats    ]   Choose Collection Set              78 us
[293.219s][info][gc,stats    ]   Rebuild Free Set                    8 us
[293.219s][info][gc,stats    ] Concurrent Thread Roots             636 us, parallelism: 0.79x
[293.219s][info][gc,stats    ]   CTR: <total>                      504 us
[293.219s][info][gc,stats    ]   CTR: Thread Roots                 504 us, workers (us): 504, ---, ---, 
[293.219s][info][gc,stats    ] Concurrent Weak References           85 us, parallelism: 0.22x
[293.219s][info][gc,stats    ]   CWRF: <total>                      19 us
[293.219s][info][gc,stats    ]   CWRF: Weak References              19 us, workers (us):  19, ---, ---, 
[293.220s][info][gc,stats    ] Concurrent Weak Roots             11386 us
[293.220s][info][gc,stats    ]   Roots                            1399 us, parallelism: 0.95x
[293.220s][info][gc,stats    ]     CWR: <total>                   1334 us
[293.220s][info][gc,stats    ]     CWR: Code Cache Roots          1034 us, workers (us): 1034, ---, ---, 
[293.220s][info][gc,stats    ]     CWR: VM Weak Roots              289 us, workers (us): 289, ---, ---, 
[293.220s][info][gc,stats    ]     CWR: CLDG Roots                  12 us, workers (us):  12, ---, ---, 
[293.220s][info][gc,stats    ]   Rendezvous                       9881 us
[293.220s][info][gc,stats    ] Concurrent Cleanup                   58 us
[293.220s][info][gc,stats    ] Concurrent Class Unloading        15910 us
[293.220s][info][gc,stats    ]   Unlink Stale                     3801 us
[293.220s][info][gc,stats    ]     System Dictionary                15 us
[293.220s][info][gc,stats    ]     Weak Class Links                  0 us
[293.220s][info][gc,stats    ]     Code Roots                     3783 us
[293.220s][info][gc,stats    ]   Rendezvous                      11656 us
[293.220s][info][gc,stats    ]   Purge Unlinked                    365 us
[293.220s][info][gc,stats    ]     Code Roots                      356 us
[293.220s][info][gc,stats    ]     CLDG                              8 us
[293.220s][info][gc,stats    ]     Exception Caches                  0 us
[293.220s][info][gc,stats    ] Concurrent Strong Roots             120 us, parallelism: 0.44x
[293.220s][info][gc,stats    ]   CSR: <total>                       53 us
[293.220s][info][gc,stats    ]   CSR: VM Strong Roots                4 us, workers (us):   4, ---, ---, 
[293.220s][info][gc,stats    ]   CSR: CLDG Roots                    49 us, workers (us):  49, ---, ---, 
[293.220s][info][gc,stats    ] Concurrent Evacuation              1386 us
[293.220s][info][gc,stats    ] Pause Init Update Refs (G)        13585 us
[293.220s][info][gc,stats    ] Pause Init Update Refs (N)           44 us
[293.220s][info][gc,stats    ]   Manage GCLABs                       4 us
[293.220s][info][gc,stats    ] Concurrent Update Refs            98290 us
[293.220s][info][gc,stats    ] Concurrent Update Thread Roots      790 us
[293.220s][info][gc,stats    ] Pause Final Update Refs (G)       10726 us
[293.220s][info][gc,stats    ] Pause Final Update Refs (N)         135 us
[293.220s][info][gc,stats    ]   Update Region States               45 us
[293.220s][info][gc,stats    ]   Trash Collection Set                4 us
[293.220s][info][gc,stats    ]   Rebuild Free Set                   20 us
[293.220s][info][gc,stats    ] Concurrent Cleanup                  178 us
[293.220s][info][gc,stats    ] 
[293.220s][info][gc,stats    ] Allocation pacing accrued:
[293.220s][info][gc,stats    ]       0 of  1909 ms (  0.0%): <total>
[293.220s][info][gc,stats    ]       0 of  1909 ms (  0.0%): <average total>
[293.220s][info][gc,stats    ] 
[293.220s][info][gc,metaspace] Metaspace: 16562K(16832K)->16562K(16832K) NonClass: 14214K(14336K)->14214K(14336K) Class: 2348K(2496K)->2348K(2496K)
[293.220s][info][gc,ergo     ] Pacer for Idle. Initial: 163M, Alloc Tax Rate: 1.0x
[293.345s][info][gc          ] Trigger: Average GC time (1375.49 ms) is above the time for average allocation rate (4555 MB/s) to deplete free headroom (5825M) (margin of error = 1.81)
[293.345s][info][gc,ergo     ] Free headroom: 6235M (free) - 409M (spike) - 0B (penalties) = 5825M
[293.345s][info][gc,ergo     ] Free: 6235M, Max: 4096K regular, 6204M humongous, Frag: 0% external, 0% internal; Reserve: 412M, Max: 4096K
[293.345s][info][gc,start    ] GC(134) Concurrent reset
[293.345s][info][gc,task     ] GC(134) Using 1 of 3 workers for concurrent reset
[293.345s][info][gc,ergo     ] GC(134) Pacer for Reset. Non-Taxable: 8192M
[293.346s][info][gc          ] GC(134) Concurrent reset 1.103ms
[293.346s][info][gc,start    ] GC(134) Pause Init Mark (unload classes)
[293.346s][info][gc,task     ] GC(134) Using 3 of 3 workers for init marking
[293.346s][info][gc,ergo     ] GC(134) Pacer for Mark. Expected Live: 72027K, Free: 6231M, Non-Taxable: 623M, Alloc Tax Rate: 0.0x
[293.346s][info][gc          ] GC(134) Pause Init Mark (unload classes) 0.143ms
[293.361s][info][gc,start    ] GC(134) Concurrent marking roots
[293.361s][info][gc,task     ] GC(134) Using 1 of 3 workers for concurrent marking roots
[293.361s][info][gc          ] GC(134) Concurrent marking roots 0.704ms
[293.361s][info][gc,start    ] GC(134) Concurrent marking (unload classes)
[293.362s][info][gc,task     ] GC(134) Using 1 of 3 workers for concurrent marking
[293.392s][info][gc          ] GC(134) Concurrent marking (unload classes) 30.534ms
[293.392s][info][gc,start    ] GC(134) Pause Final Mark (unload classes)
[293.392s][info][gc,task     ] GC(134) Using 3 of 3 workers for final marking
[293.392s][info][gc,ergo     ] GC(134) Adaptive CSet Selection. Target Free: 1160M, Actual Free: 7756M, Max CSet: 341M, Min Garbage: 0B
[293.392s][info][gc,ergo     ] GC(134) Collectable Garbage: 1539M (99%), Immediate: 1368M (88%), CSet: 171M (11%)
[293.393s][info][gc,ergo     ] GC(134) Pacer for Evacuation. Used CSet: 172M, Free: 7375M, Non-Taxable: 737M, Alloc Tax Rate: 1.1x
[293.393s][info][gc          ] GC(134) Pause Final Mark (unload classes) 0.249ms
[293.407s][info][gc,start    ] GC(134) Concurrent thread roots
[293.408s][info][gc,task     ] GC(134) Using 1 of 3 workers for Concurrent thread roots
[293.408s][info][gc          ] GC(134) Concurrent thread roots 0.696ms
[293.408s][info][gc,start    ] GC(134) Concurrent weak references
[293.408s][info][gc,task     ] GC(134) Using 1 of 3 workers for concurrent weak references
[293.408s][info][gc,ref      ] GC(134) Encountered references: Soft: 173, Weak: 988, Final: 0, Phantom: 41
[293.408s][info][gc,ref      ] GC(134) Discovered  references: Soft: 0, Weak: 202, Final: 0, Phantom: 24
[293.408s][info][gc,ref      ] GC(134) Enqueued    references: Soft: 0, Weak: 0, Final: 0, Phantom: 0
[293.408s][info][gc          ] GC(134) Concurrent weak references 0.091ms
[293.408s][info][gc,start    ] GC(134) Concurrent weak roots
[293.408s][info][gc,task     ] GC(134) Using 1 of 3 workers for concurrent weak root
[293.423s][info][gc          ] GC(134) Concurrent weak roots 15.012ms
[293.423s][info][gc,start    ] GC(134) Concurrent cleanup
[293.423s][info][gc          ] GC(134) Concurrent cleanup 1892M->524M(8192M) 0.082ms
[293.423s][info][gc,ergo     ] GC(134) Free: 7255M, Max: 4096K regular, 5856M humongous, Frag: 19% external, 0% internal; Reserve: 411M, Max: 4096K
[293.423s][info][gc,start    ] GC(134) Concurrent class unloading
[293.423s][info][gc,task     ] GC(134) Using 1 of 3 workers for concurrent class unloading
[293.439s][info][gc          ] GC(134) Concurrent class unloading 15.791ms
[293.439s][info][gc,start    ] GC(134) Concurrent strong roots
[293.439s][info][gc,task     ] GC(134) Using 1 of 3 workers for concurrent strong root
[293.439s][info][gc          ] GC(134) Concurrent strong roots 0.096ms
[293.439s][info][gc,start    ] GC(134) Concurrent evacuation
[293.439s][info][gc,task     ] GC(134) Using 1 of 3 workers for concurrent evacuation
[293.441s][info][gc          ] GC(134) Concurrent evacuation 1.213ms
[293.441s][info][gc,start    ] GC(134) Pause Init Update Refs
[293.441s][info][gc,ergo     ] GC(134) Pacer for Update Refs. Used: 593M, Free: 7187M, Non-Taxable: 718M, Alloc Tax Rate: 1.1x
[293.441s][info][gc          ] GC(134) Pause Init Update Refs 0.077ms
[293.471s][info][gc,start    ] GC(134) Concurrent update references
[293.471s][info][gc,task     ] GC(134) Using 1 of 3 workers for concurrent reference update
[293.566s][info][gc          ] GC(134) Concurrent update references 95.438ms
[293.566s][info][gc,start    ] GC(134) Concurrent update thread roots
[293.566s][info][gc          ] GC(134) Concurrent update thread roots 0.315ms
[293.567s][info][gc,start    ] GC(134) Pause Final Update Refs
[293.567s][info][gc,task     ] GC(134) Using 3 of 3 workers for final reference update
[293.567s][info][gc          ] GC(134) Pause Final Update Refs 0.083ms
[293.567s][info][gc,start    ] GC(134) Concurrent cleanup
[293.567s][info][gc          ] GC(134) Concurrent cleanup 889M->717M(8192M) 0.035ms
[293.567s][info][gc,ergo     ] Free: 7062M, Max: 4096K regular, 5852M humongous, Frag: 17% external, 0% internal; Reserve: 412M, Max: 4096K
[293.567s][info][gc,stats    ] 
[293.567s][info][gc,stats    ] All times are wall-clock times, except per-root-class counters, that are sum over
[293.567s][info][gc,stats    ] all workers. Dividing the <total> over the root stage time estimates parallelism.
[293.567s][info][gc,stats    ] 
[293.567s][info][gc,stats    ] Concurrent Reset                   1127 us
[293.567s][info][gc,stats    ] Pause Init Mark (G)               14683 us
[293.567s][info][gc,stats    ] Pause Init Mark (N)                 154 us
[293.567s][info][gc,stats    ]   Update Region States               48 us
[293.567s][info][gc,stats    ] Concurrent Mark Roots               731 us, parallelism: 0.77x
[293.567s][info][gc,stats    ]   CMR: <total>                      564 us
[293.567s][info][gc,stats    ]   CMR: Thread Roots                 510 us, workers (us): 510, ---, ---, 
[293.567s][info][gc,stats    ]   CMR: VM Strong Roots                8 us, workers (us):   8, ---, ---, 
[293.567s][info][gc,stats    ]   CMR: CLDG Roots                    46 us, workers (us):  46, ---, ---, 
[293.567s][info][gc,stats    ] Concurrent Marking                30631 us
[293.567s][info][gc,stats    ] Pause Final Mark (G)              15317 us
[293.567s][info][gc,stats    ] Pause Final Mark (N)                257 us
[293.567s][info][gc,stats    ]   Finish Mark                        44 us
[293.567s][info][gc,stats    ]   Update Region States               43 us
[293.567s][info][gc,stats    ]   Choose Collection Set              68 us
[293.567s][info][gc,stats    ]   Rebuild Free Set                    8 us
[293.567s][info][gc,stats    ] Concurrent Thread Roots             714 us, parallelism: 0.74x
[293.567s][info][gc,stats    ]   CTR: <total>                      531 us
[293.567s][info][gc,stats    ]   CTR: Thread Roots                 531 us, workers (us): 531, ---, ---, 
[293.567s][info][gc,stats    ] Concurrent Weak References           99 us, parallelism: 0.17x
[293.567s][info][gc,stats    ]   CWRF: <total>                      17 us
[293.567s][info][gc,stats    ]   CWRF: Weak References              17 us, workers (us):  17, ---, ---, 
[293.567s][info][gc,stats    ] Concurrent Weak Roots             15093 us
[293.567s][info][gc,stats    ]   Roots                            1274 us, parallelism: 0.97x
[293.567s][info][gc,stats    ]     CWR: <total>                   1234 us
[293.567s][info][gc,stats    ]     CWR: Code Cache Roots          1020 us, workers (us): 1020, ---, ---, 
[293.567s][info][gc,stats    ]     CWR: VM Weak Roots              203 us, workers (us): 203, ---, ---, 
[293.567s][info][gc,stats    ]     CWR: CLDG Roots                  11 us, workers (us):  11, ---, ---, 
[293.567s][info][gc,stats    ]   Rendezvous                      13716 us
[293.567s][info][gc,stats    ] Concurrent Cleanup                   92 us
[293.567s][info][gc,stats    ] Concurrent Class Unloading        15862 us
[293.567s][info][gc,stats    ]   Unlink Stale                     3848 us
[293.567s][info][gc,stats    ]     System Dictionary                15 us
[293.567s][info][gc,stats    ]     Weak Class Links                  0 us
[293.567s][info][gc,stats    ]     Code Roots                     3830 us
[293.567s][info][gc,stats    ]   Rendezvous                      11571 us
[293.567s][info][gc,stats    ]   Purge Unlinked                    343 us
[293.567s][info][gc,stats    ]     Code Roots                      332 us
[293.567s][info][gc,stats    ]     CLDG                             10 us
[293.567s][info][gc,stats    ]     Exception Caches                  0 us
[293.567s][info][gc,stats    ] Concurrent Strong Roots             106 us, parallelism: 0.46x
[293.567s][info][gc,stats    ]   CSR: <total>                       49 us
[293.567s][info][gc,stats    ]   CSR: VM Strong Roots                4 us, workers (us):   4, ---, ---, 
[293.567s][info][gc,stats    ]   CSR: CLDG Roots                    44 us, workers (us):  44, ---, ---, 
[293.567s][info][gc,stats    ] Concurrent Evacuation              1263 us
[293.567s][info][gc,stats    ] Pause Init Update Refs (G)        29901 us
[293.567s][info][gc,stats    ] Pause Init Update Refs (N)         2399 us
[293.567s][info][gc,stats    ]   Manage GCLABs                       6 us
[293.567s][info][gc,stats    ] Concurrent Update Refs            95500 us
[293.567s][info][gc,stats    ] Concurrent Update Thread Roots      357 us
[293.567s][info][gc,stats    ] Pause Final Update Refs (G)         147 us
[293.567s][info][gc,stats    ] Pause Final Update Refs (N)          93 us
[293.567s][info][gc,stats    ]   Update Region States               35 us
[293.567s][info][gc,stats    ]   Trash Collection Set                3 us
[293.567s][info][gc,stats    ]   Rebuild Free Set                   14 us
[293.567s][info][gc,stats    ] Concurrent Cleanup                   44 us
[293.567s][info][gc,stats    ] 
[293.567s][info][gc,stats    ] Allocation pacing accrued:
[293.567s][info][gc,stats    ]       0 of   347 ms (  0.0%): <total>
[293.567s][info][gc,stats    ]       0 of   347 ms (  0.0%): <average total>
[293.567s][info][gc,stats    ] 
[293.567s][info][gc,metaspace] Metaspace: 16562K(16832K)->16562K(16832K) NonClass: 14214K(14336K)->14214K(14336K) Class: 2348K(2496K)->2348K(2496K)
[293.567s][info][gc,ergo     ] Pacer for Idle. Initial: 163M, Alloc Tax Rate: 1.0x
[297.176s][info][gc          ] Trigger: Learning 4 of 5. Free (5710M) is below initial threshold (5734M)
[297.176s][info][gc,ergo     ] Free: 5710M, Max: 4096K regular, 5676M humongous, Frag: 0% external, 0% internal; Reserve: 412M, Max: 4096K
[297.176s][info][gc,start    ] GC(135) Concurrent reset
[297.176s][info][gc,task     ] GC(135) Using 1 of 3 workers for concurrent reset
[297.176s][info][gc,ergo     ] GC(135) Pacer for Reset. Non-Taxable: 8192M
[297.177s][info][gc          ] GC(135) Concurrent reset 1.069ms
[297.177s][info][gc,start    ] GC(135) Pause Init Mark (unload classes)
[297.177s][info][gc,task     ] GC(135) Using 3 of 3 workers for init marking
[297.177s][info][gc,ergo     ] GC(135) Pacer for Mark. Expected Live: 72023K, Free: 5710M, Non-Taxable: 571M, Alloc Tax Rate: 0.0x
[297.177s][info][gc          ] GC(135) Pause Init Mark (unload classes) 0.153ms
[297.177s][info][gc,start    ] GC(135) Concurrent marking roots
[297.177s][info][gc,task     ] GC(135) Using 1 of 3 workers for concurrent marking roots
[297.178s][info][gc          ] GC(135) Concurrent marking roots 0.676ms
[297.178s][info][gc,start    ] GC(135) Concurrent marking (unload classes)
[297.178s][info][gc,task     ] GC(135) Using 1 of 3 workers for concurrent marking
[297.737s][info][gc          ] GC(135) Concurrent marking (unload classes) 559.159ms
[297.737s][info][gc,start    ] GC(135) Pause Final Mark (unload classes)
[297.737s][info][gc,task     ] GC(135) Using 3 of 3 workers for final marking
[297.737s][info][gc,ergo     ] GC(135) Adaptive CSet Selection. Target Free: 1160M, Actual Free: 7036M, Max CSet: 341M, Min Garbage: 0B
[297.737s][info][gc,ergo     ] GC(135) Collectable Garbage: 1783M (99%), Immediate: 1380M (77%), CSet: 403M (22%)
[297.737s][info][gc,ergo     ] GC(135) Pacer for Evacuation. Used CSet: 680M, Free: 6660M, Non-Taxable: 666M, Alloc Tax Rate: 1.1x
[297.737s][info][gc          ] GC(135) Pause Final Mark (unload classes) 0.255ms
[297.737s][info][gc,start    ] GC(135) Concurrent thread roots
[297.737s][info][gc,task     ] GC(135) Using 1 of 3 workers for Concurrent thread roots
[297.738s][info][gc          ] GC(135) Concurrent thread roots 0.559ms
[297.738s][info][gc,start    ] GC(135) Concurrent weak references
[297.738s][info][gc,task     ] GC(135) Using 1 of 3 workers for concurrent weak references
[297.738s][info][gc,ref      ] GC(135) Encountered references: Soft: 173, Weak: 991, Final: 0, Phantom: 41
[297.738s][info][gc,ref      ] GC(135) Discovered  references: Soft: 0, Weak: 200, Final: 0, Phantom: 24
[297.738s][info][gc,ref      ] GC(135) Enqueued    references: Soft: 0, Weak: 3, Final: 0, Phantom: 0
[297.738s][info][gc          ] GC(135) Concurrent weak references 0.091ms
[297.738s][info][gc,start    ] GC(135) Concurrent weak roots
[297.738s][info][gc,task     ] GC(135) Using 1 of 3 workers for concurrent weak root
[297.739s][info][gc          ] GC(135) Concurrent weak roots 1.007ms
[297.739s][info][gc,start    ] GC(135) Concurrent cleanup
[297.739s][info][gc          ] GC(135) Concurrent cleanup 2501M->1120M(8192M) 0.041ms
[297.739s][info][gc,ergo     ] GC(135) Free: 6659M, Max: 4096K regular, 5248M humongous, Frag: 21% external, 0% internal; Reserve: 411M, Max: 4096K
[297.739s][info][gc,start    ] GC(135) Concurrent class unloading
[297.739s][info][gc,task     ] GC(135) Using 1 of 3 workers for concurrent class unloading
[297.743s][info][gc          ] GC(135) Concurrent class unloading 3.461ms
[297.743s][info][gc,start    ] GC(135) Concurrent strong roots
[297.743s][info][gc,task     ] GC(135) Using 1 of 3 workers for concurrent strong root
[297.743s][info][gc          ] GC(135) Concurrent strong roots 0.143ms
[297.743s][info][gc,start    ] GC(135) Concurrent evacuation
[297.743s][info][gc,task     ] GC(135) Using 1 of 3 workers for concurrent evacuation
[298.000s][info][gc          ] GC(135) Concurrent evacuation 257.059ms
[298.000s][info][gc,start    ] GC(135) Pause Init Update Refs
[298.000s][info][gc,ergo     ] GC(135) Pacer for Update Refs. Used: 1515M, Free: 6544M, Non-Taxable: 654M, Alloc Tax Rate: 1.1x
[298.000s][info][gc          ] GC(135) Pause Init Update Refs 0.055ms
[298.000s][info][gc,start    ] GC(135) Concurrent update references
[298.000s][info][gc,task     ] GC(135) Using 1 of 3 workers for concurrent reference update
[298.684s][info][gc          ] GC(135) Concurrent update references 683.413ms
[298.684s][info][gc,start    ] GC(135) Concurrent update thread roots
[298.684s][info][gc          ] GC(135) Concurrent update thread roots 0.545ms
[298.684s][info][gc,start    ] GC(135) Pause Final Update Refs
[298.684s][info][gc,task     ] GC(135) Using 3 of 3 workers for final reference update
[298.684s][info][gc          ] GC(135) Pause Final Update Refs 0.118ms
[298.684s][info][gc,start    ] GC(135) Concurrent cleanup
[298.685s][info][gc          ] GC(135) Concurrent cleanup 1903M->1223M(8192M) 0.076ms
[298.685s][info][gc,ergo     ] Free: 6556M, Max: 4096K regular, 4968M humongous, Frag: 24% external, 0% internal; Reserve: 412M, Max: 4096K
[298.685s][info][gc,stats    ] 
[298.685s][info][gc,stats    ] All times are wall-clock times, except per-root-class counters, that are sum over
[298.685s][info][gc,stats    ] all workers. Dividing the <total> over the root stage time estimates parallelism.
[298.685s][info][gc,stats    ] 
[298.685s][info][gc,stats    ] Concurrent Reset                   1110 us
[298.685s][info][gc,stats    ] Pause Init Mark (G)                 325 us
[298.685s][info][gc,stats    ] Pause Init Mark (N)                 170 us
[298.685s][info][gc,stats    ]   Update Region States               68 us
[298.685s][info][gc,stats    ] Concurrent Mark Roots               694 us, parallelism: 0.78x
[298.685s][info][gc,stats    ]   CMR: <total>                      539 us
[298.685s][info][gc,stats    ]   CMR: Thread Roots                 483 us, workers (us): 483, ---, ---, 
[298.685s][info][gc,stats    ]   CMR: VM Strong Roots                7 us, workers (us):   7, ---, ---, 
[298.685s][info][gc,stats    ]   CMR: CLDG Roots                    50 us, workers (us):  50, ---, ---, 
[298.685s][info][gc,stats    ] Concurrent Marking               559213 us
[298.685s][info][gc,stats    ] Pause Final Mark (G)                365 us
[298.685s][info][gc,stats    ] Pause Final Mark (N)                263 us
[298.685s][info][gc,stats    ]   Finish Mark                        83 us
[298.685s][info][gc,stats    ]   Update Region States               41 us
[298.685s][info][gc,stats    ]   Choose Collection Set              64 us
[298.685s][info][gc,stats    ]   Rebuild Free Set                    7 us
[298.685s][info][gc,stats    ] Concurrent Thread Roots             577 us, parallelism: 0.84x
[298.685s][info][gc,stats    ]   CTR: <total>                      484 us
[298.685s][info][gc,stats    ]   CTR: Thread Roots                 484 us, workers (us): 484, ---, ---, 
[298.685s][info][gc,stats    ] Concurrent Weak References           98 us, parallelism: 0.10x
[298.685s][info][gc,stats    ]   CWRF: <total>                      10 us
[298.685s][info][gc,stats    ]   CWRF: Weak References              10 us, workers (us):  10, ---, ---, 
[298.685s][info][gc,stats    ] Concurrent Weak Roots              1039 us
[298.685s][info][gc,stats    ]   Roots                             937 us, parallelism: 0.94x
[298.685s][info][gc,stats    ]     CWR: <total>                    878 us
[298.685s][info][gc,stats    ]     CWR: Code Cache Roots           679 us, workers (us): 679, ---, ---, 
[298.685s][info][gc,stats    ]     CWR: VM Weak Roots              190 us, workers (us): 190, ---, ---, 
[298.685s][info][gc,stats    ]     CWR: CLDG Roots                   9 us, workers (us):   9, ---, ---, 
[298.685s][info][gc,stats    ]   Rendezvous                         52 us
[298.685s][info][gc,stats    ] Concurrent Cleanup                   50 us
[298.685s][info][gc,stats    ] Concurrent Class Unloading         3529 us
[298.685s][info][gc,stats    ]   Unlink Stale                     3145 us
[298.685s][info][gc,stats    ]     System Dictionary                 9 us
[298.685s][info][gc,stats    ]     Weak Class Links                  0 us
[298.685s][info][gc,stats    ]     Code Roots                     3134 us
[298.685s][info][gc,stats    ]   Rendezvous                         49 us
[298.685s][info][gc,stats    ]   Purge Unlinked                    241 us
[298.685s][info][gc,stats    ]     Code Roots                      231 us
[298.685s][info][gc,stats    ]     CLDG                              9 us
[298.685s][info][gc,stats    ]     Exception Caches                  0 us
[298.685s][info][gc,stats    ] Concurrent Strong Roots             179 us, parallelism: 0.21x
[298.685s][info][gc,stats    ]   CSR: <total>                       37 us
[298.685s][info][gc,stats    ]   CSR: VM Strong Roots                3 us, workers (us):   3, ---, ---, 
[298.685s][info][gc,stats    ]   CSR: CLDG Roots                    34 us, workers (us):  34, ---, ---, 
[298.685s][info][gc,stats    ] Concurrent Evacuation            257115 us
[298.685s][info][gc,stats    ] Pause Init Update Refs (G)          163 us
[298.685s][info][gc,stats    ] Pause Init Update Refs (N)           64 us
[298.685s][info][gc,stats    ]   Manage GCLABs                       3 us
[298.685s][info][gc,stats    ] Concurrent Update Refs           683493 us
[298.685s][info][gc,stats    ] Concurrent Update Thread Roots      568 us
[298.685s][info][gc,stats    ] Pause Final Update Refs (G)         222 us
[298.685s][info][gc,stats    ] Pause Final Update Refs (N)         128 us
[298.685s][info][gc,stats    ]   Update Region States               54 us
[298.685s][info][gc,stats    ]   Trash Collection Set                3 us
[298.685s][info][gc,stats    ]   Rebuild Free Set                    9 us
[298.685s][info][gc,stats    ] Concurrent Cleanup                   96 us
[298.685s][info][gc,stats    ] 
[298.685s][info][gc,stats    ] Allocation pacing accrued:
[298.686s][info][gc,stats    ]       0 of  5118 ms (  0.0%): <total>
[298.686s][info][gc,stats    ]       0 of  5118 ms (  0.0%): <average total>
[298.686s][info][gc,stats    ] 
[298.686s][info][gc,metaspace] Metaspace: 16562K(16832K)->16562K(16832K) NonClass: 14214K(14336K)->14214K(14336K) Class: 2348K(2496K)->2348K(2496K)
[298.686s][info][gc,ergo     ] Pacer for Idle. Initial: 163M, Alloc Tax Rate: 1.0x
[299.385s][info][gc          ] Trigger: Explicit GC request (System.gc())
[299.385s][info][gc,ergo     ] Free: 6480M, Max: 4096K regular, 4968M humongous, Frag: 23% external, 0% internal; Reserve: 412M, Max: 4096K
[299.385s][info][gc,start    ] GC(136) Concurrent reset
[299.385s][info][gc,task     ] GC(136) Using 1 of 3 workers for concurrent reset
[299.385s][info][gc,ergo     ] GC(136) Pacer for Reset. Non-Taxable: 8192M
[299.388s][info][gc          ] GC(136) Concurrent reset 3.001ms
[299.388s][info][gc,start    ] GC(136) Pause Init Mark (unload classes)
[299.388s][info][gc,task     ] GC(136) Using 3 of 3 workers for init marking
[299.389s][info][gc,ref      ] GC(136) Clearing All SoftReferences
[299.389s][info][gc,ergo     ] GC(136) Pacer for Mark. Expected Live: 125M, Free: 6480M, Non-Taxable: 648M, Alloc Tax Rate: 0.0x
[299.389s][info][gc          ] GC(136) Pause Init Mark (unload classes) 0.111ms
[299.389s][info][gc,start    ] GC(136) Concurrent marking roots
[299.389s][info][gc,task     ] GC(136) Using 1 of 3 workers for concurrent marking roots
[299.390s][info][gc          ] GC(136) Concurrent marking roots 1.362ms
[299.390s][info][gc,start    ] GC(136) Concurrent marking (unload classes)
[299.390s][info][gc,task     ] GC(136) Using 1 of 3 workers for concurrent marking
[299.395s][info][gc          ] GC(136) Concurrent marking (unload classes) 5.069ms
[299.395s][info][gc,start    ] GC(136) Pause Final Mark (unload classes)
[299.395s][info][gc,task     ] GC(136) Using 3 of 3 workers for final marking
[299.396s][info][gc,ergo     ] GC(136) Collectable Garbage: 1275M (98%), Immediate: 1275M (98%), CSet: 0B (0%)
[299.396s][info][gc          ] GC(136) Pause Final Mark (unload classes) 0.368ms
[299.396s][info][gc,start    ] GC(136) Concurrent weak references
[299.396s][info][gc,task     ] GC(136) Using 1 of 3 workers for concurrent weak references
[299.396s][info][gc,ref      ] GC(136) Encountered references: Soft: 172, Weak: 989, Final: 0, Phantom: 41
[299.396s][info][gc,ref      ] GC(136) Discovered  references: Soft: 108, Weak: 219, Final: 0, Phantom: 24
[299.396s][info][gc,ref      ] GC(136) Enqueued    references: Soft: 4, Weak: 6, Final: 0, Phantom: 0
[299.396s][info][gc          ] GC(136) Concurrent weak references 0.191ms
[299.396s][info][gc,start    ] GC(136) Concurrent weak roots
[299.396s][info][gc,task     ] GC(136) Using 1 of 3 workers for concurrent weak root
[299.397s][info][gc          ] GC(136) Concurrent weak roots 1.065ms
[299.397s][info][gc,start    ] GC(136) Concurrent cleanup
[299.397s][info][gc          ] GC(136) Concurrent cleanup 1299M->24M(8192M) 0.043ms
[299.397s][info][gc,ergo     ] GC(136) Free: 7755M, Max: 4096K regular, 7160M humongous, Frag: 8% external, 0% internal; Reserve: 412M, Max: 4096K
[299.397s][info][gc,start    ] GC(136) Concurrent class unloading
[299.397s][info][gc,task     ] GC(136) Using 1 of 3 workers for concurrent class unloading
[299.404s][info][gc          ] GC(136) Concurrent class unloading 6.543ms
[299.404s][info][gc,start    ] GC(136) Pause Final Roots
[299.404s][info][gc          ] GC(136) Pause Final Roots 0.035ms
[299.404s][info][gc,ergo     ] Free: 7755M, Max: 4096K regular, 7160M humongous, Frag: 8% external, 0% internal; Reserve: 412M, Max: 4096K
[299.404s][info][gc,stats    ] 
[299.404s][info][gc,stats    ] All times are wall-clock times, except per-root-class counters, that are sum over
[299.404s][info][gc,stats    ] all workers. Dividing the <total> over the root stage time estimates parallelism.
[299.404s][info][gc,stats    ] 
[299.404s][info][gc,stats    ] Concurrent Reset                   3045 us
[299.404s][info][gc,stats    ] Pause Init Mark (G)                 196 us
[299.404s][info][gc,stats    ] Pause Init Mark (N)                 119 us
[299.404s][info][gc,stats    ]   Update Region States               50 us
[299.404s][info][gc,stats    ] Concurrent Mark Roots              1397 us, parallelism: 0.87x
[299.404s][info][gc,stats    ]   CMR: <total>                     1215 us
[299.404s][info][gc,stats    ]   CMR: Thread Roots                1118 us, workers (us): 1118, ---, ---, 
[299.404s][info][gc,stats    ]   CMR: VM Strong Roots                9 us, workers (us):   9, ---, ---, 
[299.404s][info][gc,stats    ]   CMR: CLDG Roots                    88 us, workers (us):  88, ---, ---, 
[299.404s][info][gc,stats    ] Concurrent Marking                 5134 us
[299.404s][info][gc,stats    ] Pause Final Mark (G)                505 us
[299.404s][info][gc,stats    ] Pause Final Mark (N)                393 us
[299.404s][info][gc,stats    ]   Finish Mark                        94 us
[299.404s][info][gc,stats    ]   Update Region States               96 us
[299.404s][info][gc,stats    ]   Choose Collection Set              75 us
[299.404s][info][gc,stats    ]   Rebuild Free Set                   21 us
[299.404s][info][gc,stats    ] Concurrent Weak References          199 us, parallelism: 0.15x
[299.404s][info][gc,stats    ]   CWRF: <total>                      30 us
[299.404s][info][gc,stats    ]   CWRF: Weak References              30 us, workers (us):  30, ---, ---, 
[299.404s][info][gc,stats    ] Concurrent Weak Roots              1110 us
[299.404s][info][gc,stats    ]   Roots                             990 us, parallelism: 0.90x
[299.404s][info][gc,stats    ]     CWR: <total>                    895 us
[299.404s][info][gc,stats    ]     CWR: Code Cache Roots           701 us, workers (us): 701, ---, ---, 
[299.404s][info][gc,stats    ]     CWR: VM Weak Roots              184 us, workers (us): 184, ---, ---, 
[299.404s][info][gc,stats    ]     CWR: CLDG Roots                  10 us, workers (us):  10, ---, ---, 
[299.404s][info][gc,stats    ]   Rendezvous                         56 us
[299.404s][info][gc,stats    ] Concurrent Cleanup                   52 us
[299.404s][info][gc,stats    ] Concurrent Class Unloading         6606 us
[299.404s][info][gc,stats    ]   Unlink Stale                     6241 us
[299.404s][info][gc,stats    ]     System Dictionary                64 us
[299.404s][info][gc,stats    ]     Weak Class Links               2180 us
[299.404s][info][gc,stats    ]     Code Roots                     3995 us
[299.404s][info][gc,stats    ]   Rendezvous                         60 us
[299.404s][info][gc,stats    ]   Purge Unlinked                    221 us
[299.404s][info][gc,stats    ]     Code Roots                      194 us
[299.404s][info][gc,stats    ]     CLDG                             26 us
[299.404s][info][gc,stats    ]     Exception Caches                  0 us
[299.404s][info][gc,stats    ] Pause Final Roots (G)               120 us
[299.404s][info][gc,stats    ] Pause Final Roots (N)                45 us
[299.404s][info][gc,stats    ] 
[299.404s][info][gc,stats    ] Allocation pacing accrued:
[299.405s][info][gc,stats    ]       0 of   719 ms (  0.0%): <total>
[299.405s][info][gc,stats    ]       0 of   719 ms (  0.0%): <average total>
[299.405s][info][gc,stats    ] 
[299.405s][info][gc,metaspace] Metaspace: 16563K(16832K)->16559K(16832K) NonClass: 14214K(14336K)->14211K(14336K) Class: 2348K(2496K)->2347K(2496K)
[299.405s][info][gc,ergo     ] Pacer for Idle. Initial: 163M, Alloc Tax Rate: 1.0x
[300.913s][info][gc          ] Trigger: Average GC time (1633.21 ms) is above the time for instantaneous allocation rate (5558 MB/s) to deplete free headroom (6417M) (spike threshold = 1.67)
[300.913s][info][gc,ergo     ] Free: 6827M, Max: 4096K regular, 6796M humongous, Frag: 0% external, 0% internal; Reserve: 412M, Max: 4096K
[300.913s][info][gc,start    ] GC(137) Concurrent reset
[300.913s][info][gc,task     ] GC(137) Using 1 of 3 workers for concurrent reset
[300.913s][info][gc,ergo     ] GC(137) Pacer for Reset. Non-Taxable: 8192M
[300.913s][info][gc          ] GC(137) Concurrent reset 0.305ms
[300.913s][info][gc,start    ] GC(137) Pause Init Mark (unload classes)
[300.913s][info][gc,task     ] GC(137) Using 3 of 3 workers for init marking
[300.913s][info][gc,ergo     ] GC(137) Pacer for Mark. Expected Live: 61066K, Free: 6823M, Non-Taxable: 682M, Alloc Tax Rate: 0.0x
[300.913s][info][gc          ] GC(137) Pause Init Mark (unload classes) 0.078ms
[300.929s][info][gc,start    ] GC(137) Concurrent marking roots
[300.929s][info][gc,task     ] GC(137) Using 1 of 3 workers for concurrent marking roots
[300.929s][info][gc          ] GC(137) Concurrent marking roots 0.731ms
[300.929s][info][gc,start    ] GC(137) Concurrent marking (unload classes)
[300.929s][info][gc,task     ] GC(137) Using 1 of 3 workers for concurrent marking
[300.945s][info][gc          ] GC(137) Concurrent marking (unload classes) 15.377ms
[300.945s][info][gc,start    ] GC(137) Pause Final Mark (unload classes)
[300.945s][info][gc,task     ] GC(137) Using 3 of 3 workers for final marking
[300.945s][info][gc,ergo     ] GC(137) Adaptive CSet Selection. Target Free: 1160M, Actual Free: 7825M, Max CSet: 341M, Min Garbage: 0B
[300.945s][info][gc,ergo     ] GC(137) Collectable Garbage: 948M (99%), Immediate: 769M (80%), CSet: 179M (18%)
[300.945s][info][gc,ergo     ] GC(137) Pacer for Evacuation. Used CSet: 180M, Free: 7444M, Non-Taxable: 744M, Alloc Tax Rate: 1.1x
[300.945s][info][gc          ] GC(137) Pause Final Mark (unload classes) 0.237ms
[300.954s][info][gc,start    ] GC(137) Concurrent thread roots
[300.954s][info][gc,task     ] GC(137) Using 1 of 3 workers for Concurrent thread roots
[300.955s][info][gc          ] GC(137) Concurrent thread roots 0.642ms
[300.955s][info][gc,start    ] GC(137) Concurrent weak references
[300.955s][info][gc,task     ] GC(137) Using 1 of 3 workers for concurrent weak references
[300.955s][info][gc,ref      ] GC(137) Encountered references: Soft: 173, Weak: 995, Final: 0, Phantom: 41
[300.955s][info][gc,ref      ] GC(137) Discovered  references: Soft: 0, Weak: 206, Final: 0, Phantom: 24
[300.955s][info][gc,ref      ] GC(137) Enqueued    references: Soft: 0, Weak: 4, Final: 0, Phantom: 0
[300.955s][info][gc          ] GC(137) Concurrent weak references 0.082ms
[300.955s][info][gc,start    ] GC(137) Concurrent weak roots
[300.955s][info][gc,task     ] GC(137) Using 1 of 3 workers for concurrent weak root
[300.960s][info][gc          ] GC(137) Concurrent weak roots 5.195ms
[300.960s][info][gc,start    ] GC(137) Concurrent cleanup
[300.960s][info][gc          ] GC(137) Concurrent cleanup 1176M->407M(8192M) 0.046ms
[300.960s][info][gc,ergo     ] GC(137) Free: 7372M, Max: 4096K regular, 6580M humongous, Frag: 11% external, 0% internal; Reserve: 411M, Max: 4096K
[300.960s][info][gc,start    ] GC(137) Concurrent class unloading
[300.960s][info][gc,task     ] GC(137) Using 1 of 3 workers for concurrent class unloading
[300.976s][info][gc          ] GC(137) Concurrent class unloading 15.988ms
[300.976s][info][gc,start    ] GC(137) Concurrent strong roots
[300.976s][info][gc,task     ] GC(137) Using 1 of 3 workers for concurrent strong root
[300.976s][info][gc          ] GC(137) Concurrent strong roots 0.120ms
[300.976s][info][gc,start    ] GC(137) Concurrent evacuation
[300.976s][info][gc,task     ] GC(137) Using 1 of 3 workers for concurrent evacuation
[300.978s][info][gc          ] GC(137) Concurrent evacuation 1.487ms
[300.978s][info][gc,start    ] GC(137) Pause Init Update Refs
[300.978s][info][gc,ergo     ] GC(137) Pacer for Update Refs. Used: 464M, Free: 7316M, Non-Taxable: 731M, Alloc Tax Rate: 1.1x
[300.978s][info][gc          ] GC(137) Pause Init Update Refs 0.040ms
[300.996s][info][gc,start    ] GC(137) Concurrent update references
[300.996s][info][gc,task     ] GC(137) Using 1 of 3 workers for concurrent reference update
[301.063s][info][gc          ] GC(137) Concurrent update references 66.589ms
[301.063s][info][gc,start    ] GC(137) Concurrent update thread roots
[301.070s][info][gc          ] GC(137) Concurrent update thread roots 7.258ms
[301.070s][info][gc,start    ] GC(137) Pause Final Update Refs
[301.070s][info][gc,task     ] GC(137) Using 3 of 3 workers for final reference update
[301.070s][info][gc          ] GC(137) Pause Final Update Refs 0.095ms
[301.086s][info][gc,start    ] GC(137) Concurrent cleanup
[301.086s][info][gc          ] GC(137) Concurrent cleanup 804M->656M(8192M) 0.142ms
[301.086s][info][gc,ergo     ] Free: 7123M, Max: 4096K regular, 6576M humongous, Frag: 8% external, 0% internal; Reserve: 412M, Max: 4096K
[301.086s][info][gc,stats    ] 
[301.086s][info][gc,stats    ] All times are wall-clock times, except per-root-class counters, that are sum over
[301.086s][info][gc,stats    ] all workers. Dividing the <total> over the root stage time estimates parallelism.
[301.086s][info][gc,stats    ] 
[301.086s][info][gc,stats    ] Concurrent Reset                    328 us
[301.086s][info][gc,stats    ] Pause Init Mark (G)               15455 us
[301.086s][info][gc,stats    ] Pause Init Mark (N)                  89 us
[301.086s][info][gc,stats    ]   Update Region States               34 us
[301.086s][info][gc,stats    ] Concurrent Mark Roots               752 us, parallelism: 0.78x
[301.086s][info][gc,stats    ]   CMR: <total>                      583 us
[301.086s][info][gc,stats    ]   CMR: Thread Roots                 527 us, workers (us): 527, ---, ---, 
[301.086s][info][gc,stats    ]   CMR: VM Strong Roots                8 us, workers (us):   8, ---, ---, 
[301.086s][info][gc,stats    ]   CMR: CLDG Roots                    48 us, workers (us):  48, ---, ---, 
[301.086s][info][gc,stats    ] Concurrent Marking                15437 us
[301.086s][info][gc,stats    ] Pause Final Mark (G)               9201 us
[301.086s][info][gc,stats    ] Pause Final Mark (N)                249 us
[301.086s][info][gc,stats    ]   Finish Mark                        38 us
[301.086s][info][gc,stats    ]   Update Region States               36 us
[301.086s][info][gc,stats    ]   Choose Collection Set              71 us
[301.086s][info][gc,stats    ]   Rebuild Free Set                    8 us
[301.086s][info][gc,stats    ] Concurrent Thread Roots             664 us, parallelism: 0.77x
[301.086s][info][gc,stats    ]   CTR: <total>                      512 us
[301.086s][info][gc,stats    ]   CTR: Thread Roots                 512 us, workers (us): 512, ---, ---, 
[301.086s][info][gc,stats    ] Concurrent Weak References           90 us, parallelism: 0.24x
[301.086s][info][gc,stats    ]   CWRF: <total>                      21 us
[301.086s][info][gc,stats    ]   CWRF: Weak References              21 us, workers (us):  21, ---, ---, 
[301.086s][info][gc,stats    ] Concurrent Weak Roots              5240 us
[301.086s][info][gc,stats    ]   Roots                            1234 us, parallelism: 0.96x
[301.086s][info][gc,stats    ]     CWR: <total>                   1182 us
[301.086s][info][gc,stats    ]     CWR: Code Cache Roots          1078 us, workers (us): 1078, ---, ---, 
[301.086s][info][gc,stats    ]     CWR: VM Weak Roots               92 us, workers (us):  92, ---, ---, 
[301.086s][info][gc,stats    ]     CWR: CLDG Roots                  12 us, workers (us):  12, ---, ---, 
[301.086s][info][gc,stats    ]   Rendezvous                       3943 us
[301.086s][info][gc,stats    ] Concurrent Cleanup                   55 us
[301.086s][info][gc,stats    ] Concurrent Class Unloading        16070 us
[301.086s][info][gc,stats    ]   Unlink Stale                     3832 us
[301.086s][info][gc,stats    ]     System Dictionary                15 us
[301.086s][info][gc,stats    ]     Weak Class Links                  0 us
[301.086s][info][gc,stats    ]     Code Roots                     3816 us
[301.086s][info][gc,stats    ]   Rendezvous                      11747 us
[301.086s][info][gc,stats    ]   Purge Unlinked                    387 us
[301.086s][info][gc,stats    ]     Code Roots                      378 us
[301.086s][info][gc,stats    ]     CLDG                              8 us
[301.086s][info][gc,stats    ]     Exception Caches                  1 us
[301.086s][info][gc,stats    ] Concurrent Strong Roots             139 us, parallelism: 0.43x
[301.086s][info][gc,stats    ]   CSR: <total>                       60 us
[301.086s][info][gc,stats    ]   CSR: VM Strong Roots                4 us, workers (us):   4, ---, ---, 
[301.086s][info][gc,stats    ]   CSR: CLDG Roots                    56 us, workers (us):  56, ---, ---, 
[301.086s][info][gc,stats    ] Concurrent Evacuation              1538 us
[301.086s][info][gc,stats    ] Pause Init Update Refs (G)        18258 us
[301.086s][info][gc,stats    ] Pause Init Update Refs (N)           49 us
[301.086s][info][gc,stats    ]   Manage GCLABs                       5 us
[301.086s][info][gc,stats    ] Concurrent Update Refs            66661 us
[301.086s][info][gc,stats    ] Concurrent Update Thread Roots     7337 us
[301.086s][info][gc,stats    ] Pause Final Update Refs (G)       15636 us
[301.086s][info][gc,stats    ] Pause Final Update Refs (N)         136 us
[301.086s][info][gc,stats    ]   Update Region States               51 us
[301.086s][info][gc,stats    ]   Trash Collection Set                3 us
[301.086s][info][gc,stats    ]   Rebuild Free Set                   16 us
[301.086s][info][gc,stats    ] Concurrent Cleanup                  155 us
[301.086s][info][gc,stats    ] 
[301.086s][info][gc,stats    ] Allocation pacing accrued:
[301.086s][info][gc,stats    ]       0 of  1682 ms (  0.0%): <total>
[301.086s][info][gc,stats    ]       0 of  1682 ms (  0.0%): <average total>
[301.086s][info][gc,stats    ] 
[301.086s][info][gc,metaspace] Metaspace: 16563K(16832K)->16563K(16832K) NonClass: 14215K(14336K)->14215K(14336K) Class: 2348K(2496K)->2348K(2496K)
[301.087s][info][gc,ergo     ] Pacer for Idle. Initial: 163M, Alloc Tax Rate: 1.0x
[301.211s][info][gc          ] Trigger: Average GC time (1185.89 ms) is above the time for instantaneous allocation rate (5535 MB/s) to deplete free headroom (6021M) (spike threshold = 1.67)
[301.211s][info][gc,ergo     ] Free: 6431M, Max: 4096K regular, 6400M humongous, Frag: 0% external, 0% internal; Reserve: 412M, Max: 4096K
[301.211s][info][gc,start    ] GC(138) Concurrent reset
[301.211s][info][gc,task     ] GC(138) Using 1 of 3 workers for concurrent reset
[301.211s][info][gc,ergo     ] GC(138) Pacer for Reset. Non-Taxable: 8192M
[301.212s][info][gc          ] GC(138) Concurrent reset 1.214ms
[301.213s][info][gc,start    ] GC(138) Pause Init Mark (unload classes)
[301.213s][info][gc,task     ] GC(138) Using 3 of 3 workers for init marking
[301.213s][info][gc,ergo     ] GC(138) Pacer for Mark. Expected Live: 61117K, Free: 6427M, Non-Taxable: 642M, Alloc Tax Rate: 0.0x
[301.213s][info][gc          ] GC(138) Pause Init Mark (unload classes) 0.130ms
[301.242s][info][gc,start    ] GC(138) Concurrent marking roots
[301.243s][info][gc,task     ] GC(138) Using 1 of 3 workers for concurrent marking roots
[301.243s][info][gc          ] GC(138) Concurrent marking roots 0.776ms
[301.243s][info][gc,start    ] GC(138) Concurrent marking (unload classes)
[301.243s][info][gc,task     ] GC(138) Using 1 of 3 workers for concurrent marking
[301.259s][info][gc          ] GC(138) Concurrent marking (unload classes) 15.334ms
[301.259s][info][gc,start    ] GC(138) Pause Final Mark (unload classes)
[301.259s][info][gc,task     ] GC(138) Using 3 of 3 workers for final marking
[301.259s][info][gc,ergo     ] GC(138) Adaptive CSet Selection. Target Free: 1160M, Actual Free: 7776M, Max CSet: 341M, Min Garbage: 0B
[301.259s][info][gc,ergo     ] GC(138) Collectable Garbage: 1343M (99%), Immediate: 1176M (87%), CSet: 167M (12%)
[301.259s][info][gc,ergo     ] GC(138) Pacer for Evacuation. Used CSet: 168M, Free: 7395M, Non-Taxable: 739M, Alloc Tax Rate: 1.1x
[301.259s][info][gc          ] GC(138) Pause Final Mark (unload classes) 0.222ms
[301.262s][info][gc,start    ] GC(138) Concurrent thread roots
[301.262s][info][gc,task     ] GC(138) Using 1 of 3 workers for Concurrent thread roots
[301.262s][info][gc          ] GC(138) Concurrent thread roots 0.616ms
[301.262s][info][gc,start    ] GC(138) Concurrent weak references
[301.262s][info][gc,task     ] GC(138) Using 1 of 3 workers for concurrent weak references
[301.262s][info][gc,ref      ] GC(138) Encountered references: Soft: 173, Weak: 991, Final: 0, Phantom: 41
[301.262s][info][gc,ref      ] GC(138) Discovered  references: Soft: 0, Weak: 202, Final: 0, Phantom: 24
[301.262s][info][gc,ref      ] GC(138) Enqueued    references: Soft: 0, Weak: 0, Final: 0, Phantom: 0
[301.262s][info][gc          ] GC(138) Concurrent weak references 0.075ms
[301.262s][info][gc,start    ] GC(138) Concurrent weak roots
[301.262s][info][gc,task     ] GC(138) Using 1 of 3 workers for concurrent weak root
[301.274s][info][gc          ] GC(138) Concurrent weak roots 11.846ms
[301.274s][info][gc,start    ] GC(138) Concurrent cleanup
[301.274s][info][gc          ] GC(138) Concurrent cleanup 1628M->452M(8192M) 0.072ms
[301.274s][info][gc,ergo     ] GC(138) Free: 7327M, Max: 4096K regular, 6120M humongous, Frag: 17% external, 0% internal; Reserve: 411M, Max: 4096K
[301.274s][info][gc,start    ] GC(138) Concurrent class unloading
[301.275s][info][gc,task     ] GC(138) Using 1 of 3 workers for concurrent class unloading
[301.290s][info][gc          ] GC(138) Concurrent class unloading 15.785ms
[301.290s][info][gc,start    ] GC(138) Concurrent strong roots
[301.290s][info][gc,task     ] GC(138) Using 1 of 3 workers for concurrent strong root
[301.290s][info][gc          ] GC(138) Concurrent strong roots 0.119ms
[301.290s][info][gc,start    ] GC(138) Concurrent evacuation
[301.291s][info][gc,task     ] GC(138) Using 1 of 3 workers for concurrent evacuation
[301.292s][info][gc          ] GC(138) Concurrent evacuation 1.030ms
[301.292s][info][gc,start    ] GC(138) Pause Init Update Refs
[301.292s][info][gc,ergo     ] GC(138) Pacer for Update Refs. Used: 508M, Free: 7271M, Non-Taxable: 727M, Alloc Tax Rate: 1.1x
[301.292s][info][gc          ] GC(138) Pause Init Update Refs 0.064ms
[301.309s][info][gc,start    ] GC(138) Concurrent update references
[301.309s][info][gc,task     ] GC(138) Using 1 of 3 workers for concurrent reference update
[301.400s][info][gc          ] GC(138) Concurrent update references 90.552ms
[301.400s][info][gc,start    ] GC(138) Concurrent update thread roots
[301.400s][info][gc          ] GC(138) Concurrent update thread roots 0.308ms
[301.400s][info][gc,start    ] GC(138) Pause Final Update Refs
[301.400s][info][gc,task     ] GC(138) Using 3 of 3 workers for final reference update
[301.400s][info][gc          ] GC(138) Pause Final Update Refs 0.083ms
[301.400s][info][gc,start    ] GC(138) Concurrent cleanup
[301.400s][info][gc          ] GC(138) Concurrent cleanup 856M->688M(8192M) 0.036ms
[301.400s][info][gc,ergo     ] Free: 7091M, Max: 4096K regular, 6116M humongous, Frag: 14% external, 0% internal; Reserve: 412M, Max: 4096K
[301.400s][info][gc,stats    ] 
[301.400s][info][gc,stats    ] All times are wall-clock times, except per-root-class counters, that are sum over
[301.400s][info][gc,stats    ] all workers. Dividing the <total> over the root stage time estimates parallelism.
[301.400s][info][gc,stats    ] 
[301.400s][info][gc,stats    ] Concurrent Reset                   1237 us
[301.400s][info][gc,stats    ] Pause Init Mark (G)               29927 us
[301.400s][info][gc,stats    ] Pause Init Mark (N)                 141 us
[301.400s][info][gc,stats    ]   Update Region States               34 us
[301.400s][info][gc,stats    ] Concurrent Mark Roots               798 us, parallelism: 0.77x
[301.400s][info][gc,stats    ]   CMR: <total>                      611 us
[301.400s][info][gc,stats    ]   CMR: Thread Roots                 540 us, workers (us): 540, ---, ---, 
[301.400s][info][gc,stats    ]   CMR: VM Strong Roots               10 us, workers (us):  10, ---, ---, 
[301.400s][info][gc,stats    ]   CMR: CLDG Roots                    61 us, workers (us):  61, ---, ---, 
[301.400s][info][gc,stats    ] Concurrent Marking                15426 us
[301.400s][info][gc,stats    ] Pause Final Mark (G)               3057 us
[301.400s][info][gc,stats    ] Pause Final Mark (N)                231 us
[301.400s][info][gc,stats    ]   Finish Mark                        55 us
[301.400s][info][gc,stats    ]   Update Region States               33 us
[301.400s][info][gc,stats    ]   Choose Collection Set              55 us
[301.400s][info][gc,stats    ]   Rebuild Free Set                    8 us
[301.400s][info][gc,stats    ] Concurrent Thread Roots             633 us, parallelism: 0.81x
[301.400s][info][gc,stats    ]   CTR: <total>                      515 us
[301.400s][info][gc,stats    ]   CTR: Thread Roots                 515 us, workers (us): 515, ---, ---, 
[301.400s][info][gc,stats    ] Concurrent Weak References           82 us, parallelism: 0.25x
[301.400s][info][gc,stats    ]   CWRF: <total>                      20 us
[301.400s][info][gc,stats    ]   CWRF: Weak References              20 us, workers (us):  20, ---, ---, 
[301.400s][info][gc,stats    ] Concurrent Weak Roots             11944 us
[301.400s][info][gc,stats    ]   Roots                            1271 us, parallelism: 0.96x
[301.400s][info][gc,stats    ]     CWR: <total>                   1226 us
[301.400s][info][gc,stats    ]     CWR: Code Cache Roots           958 us, workers (us): 958, ---, ---, 
[301.400s][info][gc,stats    ]     CWR: VM Weak Roots               88 us, workers (us):  88, ---, ---, 
[301.400s][info][gc,stats    ]     CWR: CLDG Roots                 180 us, workers (us): 180, ---, ---, 
[301.400s][info][gc,stats    ]   Rendezvous                      10550 us
[301.400s][info][gc,stats    ] Concurrent Cleanup                   83 us
[301.400s][info][gc,stats    ] Concurrent Class Unloading        15863 us
[301.400s][info][gc,stats    ]   Unlink Stale                     3804 us
[301.400s][info][gc,stats    ]     System Dictionary                15 us
[301.400s][info][gc,stats    ]     Weak Class Links                  0 us
[301.400s][info][gc,stats    ]     Code Roots                     3787 us
[301.400s][info][gc,stats    ]   Rendezvous                      11609 us
[301.400s][info][gc,stats    ]   Purge Unlinked                    348 us
[301.400s][info][gc,stats    ]     Code Roots                      338 us
[301.400s][info][gc,stats    ]     CLDG                              8 us
[301.400s][info][gc,stats    ]     Exception Caches                  0 us
[301.400s][info][gc,stats    ] Concurrent Strong Roots             129 us, parallelism: 0.38x
[301.400s][info][gc,stats    ]   CSR: <total>                       49 us
[301.400s][info][gc,stats    ]   CSR: VM Strong Roots                3 us, workers (us):   3, ---, ---, 
[301.400s][info][gc,stats    ]   CSR: CLDG Roots                    46 us, workers (us):  46, ---, ---, 
[301.400s][info][gc,stats    ] Concurrent Evacuation              1077 us
[301.400s][info][gc,stats    ] Pause Init Update Refs (G)        17398 us
[301.400s][info][gc,stats    ] Pause Init Update Refs (N)           73 us
[301.401s][info][gc,stats    ]   Manage GCLABs                       3 us
[301.401s][info][gc,stats    ] Concurrent Update Refs            90609 us
[301.401s][info][gc,stats    ] Concurrent Update Thread Roots      350 us
[301.401s][info][gc,stats    ] Pause Final Update Refs (G)         144 us
[301.401s][info][gc,stats    ] Pause Final Update Refs (N)          93 us
[301.401s][info][gc,stats    ]   Update Region States               36 us
[301.401s][info][gc,stats    ]   Trash Collection Set                3 us
[301.401s][info][gc,stats    ]   Rebuild Free Set                   14 us
[301.401s][info][gc,stats    ] Concurrent Cleanup                   46 us
[301.401s][info][gc,stats    ] 
[301.401s][info][gc,stats    ] Allocation pacing accrued:
[301.401s][info][gc,stats    ]       0 of   314 ms (  0.0%): <total>
[301.401s][info][gc,stats    ]       0 of   314 ms (  0.0%): <average total>
[301.401s][info][gc,stats    ] 
[301.401s][info][gc,metaspace] Metaspace: 16563K(16832K)->16563K(16832K) NonClass: 14215K(14336K)->14215K(14336K) Class: 2348K(2496K)->2348K(2496K)
[301.401s][info][gc,ergo     ] Pacer for Idle. Initial: 163M, Alloc Tax Rate: 1.0x
[305.412s][info][gc          ] Trigger: Learning 4 of 5. Free (5719M) is below initial threshold (5734M)
[305.412s][info][gc,ergo     ] Free: 5719M, Max: 4096K regular, 5684M humongous, Frag: 0% external, 0% internal; Reserve: 412M, Max: 4096K
[305.412s][info][gc,start    ] GC(139) Concurrent reset
[305.412s][info][gc,task     ] GC(139) Using 1 of 3 workers for concurrent reset
[305.412s][info][gc,ergo     ] GC(139) Pacer for Reset. Non-Taxable: 8192M
[305.413s][info][gc          ] GC(139) Concurrent reset 0.912ms
[305.413s][info][gc,start    ] GC(139) Pause Init Mark (unload classes)
[305.413s][info][gc,task     ] GC(139) Using 3 of 3 workers for init marking
[305.413s][info][gc,ergo     ] GC(139) Pacer for Mark. Expected Live: 61114K, Free: 5715M, Non-Taxable: 571M, Alloc Tax Rate: 0.0x
[305.413s][info][gc          ] GC(139) Pause Init Mark (unload classes) 0.128ms
[305.413s][info][gc,start    ] GC(139) Concurrent marking roots
[305.413s][info][gc,task     ] GC(139) Using 1 of 3 workers for concurrent marking roots
[305.414s][info][gc          ] GC(139) Concurrent marking roots 0.658ms
[305.414s][info][gc,start    ] GC(139) Concurrent marking (unload classes)
[305.414s][info][gc,task     ] GC(139) Using 1 of 3 workers for concurrent marking
[305.976s][info][gc          ] GC(139) Concurrent marking (unload classes) 562.735ms
[305.977s][info][gc,start    ] GC(139) Pause Final Mark (unload classes)
[305.977s][info][gc,task     ] GC(139) Using 3 of 3 workers for final marking
[305.977s][info][gc,ergo     ] GC(139) Adaptive CSet Selection. Target Free: 1160M, Actual Free: 7036M, Max CSet: 341M, Min Garbage: 0B
[305.977s][info][gc,ergo     ] GC(139) Collectable Garbage: 1783M (99%), Immediate: 1368M (76%), CSet: 414M (23%)
[305.977s][info][gc,ergo     ] GC(139) Pacer for Evacuation. Used CSet: 688M, Free: 6660M, Non-Taxable: 666M, Alloc Tax Rate: 1.1x
[305.977s][info][gc          ] GC(139) Pause Final Mark (unload classes) 0.303ms
[305.977s][info][gc,start    ] GC(139) Concurrent thread roots
[305.977s][info][gc,task     ] GC(139) Using 1 of 3 workers for Concurrent thread roots
[305.977s][info][gc          ] GC(139) Concurrent thread roots 0.566ms
[305.978s][info][gc,start    ] GC(139) Concurrent weak references
[305.978s][info][gc,task     ] GC(139) Using 1 of 3 workers for concurrent weak references
[305.978s][info][gc,ref      ] GC(139) Encountered references: Soft: 173, Weak: 997, Final: 0, Phantom: 41
[305.978s][info][gc,ref      ] GC(139) Discovered  references: Soft: 0, Weak: 202, Final: 0, Phantom: 24
[305.978s][info][gc,ref      ] GC(139) Enqueued    references: Soft: 0, Weak: 5, Final: 0, Phantom: 0
[305.978s][info][gc          ] GC(139) Concurrent weak references 0.128ms
[305.978s][info][gc,start    ] GC(139) Concurrent weak roots
[305.978s][info][gc,task     ] GC(139) Using 1 of 3 workers for concurrent weak root
[305.979s][info][gc          ] GC(139) Concurrent weak roots 0.943ms
[305.979s][info][gc,start    ] GC(139) Concurrent cleanup
[305.979s][info][gc          ] GC(139) Concurrent cleanup 2489M->1120M(8192M) 0.034ms
[305.979s][info][gc,ergo     ] GC(139) Free: 6659M, Max: 4096K regular, 5260M humongous, Frag: 21% external, 0% internal; Reserve: 411M, Max: 4096K
[305.979s][info][gc,start    ] GC(139) Concurrent class unloading
[305.979s][info][gc,task     ] GC(139) Using 1 of 3 workers for concurrent class unloading
[305.983s][info][gc          ] GC(139) Concurrent class unloading 3.922ms
[305.983s][info][gc,start    ] GC(139) Concurrent strong roots
[305.983s][info][gc,task     ] GC(139) Using 1 of 3 workers for concurrent strong root
[305.983s][info][gc          ] GC(139) Concurrent strong roots 0.181ms
[305.983s][info][gc,start    ] GC(139) Concurrent evacuation
[305.983s][info][gc,task     ] GC(139) Using 1 of 3 workers for concurrent evacuation
[306.234s][info][gc          ] GC(139) Concurrent evacuation 251.011ms
[306.234s][info][gc,start    ] GC(139) Pause Init Update Refs
[306.234s][info][gc,ergo     ] GC(139) Pacer for Update Refs. Used: 1507M, Free: 6548M, Non-Taxable: 654M, Alloc Tax Rate: 1.1x
[306.234s][info][gc          ] GC(139) Pause Init Update Refs 0.088ms
[306.234s][info][gc,start    ] GC(139) Concurrent update references
[306.234s][info][gc,task     ] GC(139) Using 1 of 3 workers for concurrent reference update
[306.899s][info][gc          ] GC(139) Concurrent update references 664.987ms
[306.899s][info][gc,start    ] GC(139) Concurrent update thread roots
[306.900s][info][gc          ] GC(139) Concurrent update thread roots 0.519ms
[306.900s][info][gc,start    ] GC(139) Pause Final Update Refs
[306.900s][info][gc,task     ] GC(139) Using 3 of 3 workers for final reference update
[306.900s][info][gc          ] GC(139) Pause Final Update Refs 0.113ms
[306.900s][info][gc,start    ] GC(139) Concurrent cleanup
[306.900s][info][gc          ] GC(139) Concurrent cleanup 1911M->1223M(8192M) 0.051ms
[306.900s][info][gc,ergo     ] Free: 6556M, Max: 4096K regular, 4984M humongous, Frag: 24% external, 0% internal; Reserve: 412M, Max: 4096K
[306.900s][info][gc,stats    ] 
[306.900s][info][gc,stats    ] All times are wall-clock times, except per-root-class counters, that are sum over
[306.900s][info][gc,stats    ] all workers. Dividing the <total> over the root stage time estimates parallelism.
[306.900s][info][gc,stats    ] 
[306.900s][info][gc,stats    ] Concurrent Reset                    980 us
[306.900s][info][gc,stats    ] Pause Init Mark (G)                 273 us
[306.900s][info][gc,stats    ] Pause Init Mark (N)                 138 us
[306.900s][info][gc,stats    ]   Update Region States               54 us
[306.900s][info][gc,stats    ] Concurrent Mark Roots               696 us, parallelism: 0.80x
[306.900s][info][gc,stats    ]   CMR: <total>                      558 us
[306.900s][info][gc,stats    ]   CMR: Thread Roots                 510 us, workers (us): 510, ---, ---, 
[306.900s][info][gc,stats    ]   CMR: VM Strong Roots                6 us, workers (us):   6, ---, ---, 
[306.900s][info][gc,stats    ]   CMR: CLDG Roots                    42 us, workers (us):  42, ---, ---, 
[306.900s][info][gc,stats    ] Concurrent Marking               562803 us
[306.900s][info][gc,stats    ] Pause Final Mark (G)                451 us
[306.900s][info][gc,stats    ] Pause Final Mark (N)                311 us
[306.900s][info][gc,stats    ]   Finish Mark                        80 us
[306.900s][info][gc,stats    ]   Update Region States               62 us
[306.900s][info][gc,stats    ]   Choose Collection Set              67 us
[306.900s][info][gc,stats    ]   Rebuild Free Set                    7 us
[306.900s][info][gc,stats    ] Concurrent Thread Roots             584 us, parallelism: 0.86x
[306.900s][info][gc,stats    ]   CTR: <total>                      500 us
[306.900s][info][gc,stats    ]   CTR: Thread Roots                 500 us, workers (us): 500, ---, ---, 
[306.900s][info][gc,stats    ] Concurrent Weak References          135 us, parallelism: 0.10x
[306.900s][info][gc,stats    ]   CWRF: <total>                      13 us
[306.900s][info][gc,stats    ]   CWRF: Weak References              13 us, workers (us):  13, ---, ---, 
[306.900s][info][gc,stats    ] Concurrent Weak Roots               960 us
[306.900s][info][gc,stats    ]   Roots                             862 us, parallelism: 0.93x
[306.900s][info][gc,stats    ]     CWR: <total>                    806 us
[306.900s][info][gc,stats    ]     CWR: Code Cache Roots           710 us, workers (us): 710, ---, ---, 
[306.900s][info][gc,stats    ]     CWR: VM Weak Roots               88 us, workers (us):  88, ---, ---, 
[306.900s][info][gc,stats    ]     CWR: CLDG Roots                   8 us, workers (us):   8, ---, ---, 
[306.900s][info][gc,stats    ]   Rendezvous                         65 us
[306.900s][info][gc,stats    ] Concurrent Cleanup                   42 us
[306.900s][info][gc,stats    ] Concurrent Class Unloading         3984 us
[306.900s][info][gc,stats    ]   Unlink Stale                     3568 us
[306.900s][info][gc,stats    ]     System Dictionary                10 us
[306.900s][info][gc,stats    ]     Weak Class Links                  0 us
[306.900s][info][gc,stats    ]     Code Roots                     3556 us
[306.900s][info][gc,stats    ]   Rendezvous                        157 us
[306.900s][info][gc,stats    ]   Purge Unlinked                    178 us
[306.900s][info][gc,stats    ]     Code Roots                      168 us
[306.900s][info][gc,stats    ]     CLDG                              9 us
[306.900s][info][gc,stats    ]     Exception Caches                  0 us
[306.900s][info][gc,stats    ] Concurrent Strong Roots             218 us, parallelism: 0.25x
[306.900s][info][gc,stats    ]   CSR: <total>                       55 us
[306.900s][info][gc,stats    ]   CSR: VM Strong Roots                5 us, workers (us):   5, ---, ---, 
[306.900s][info][gc,stats    ]   CSR: CLDG Roots                    50 us, workers (us):  50, ---, ---, 
[306.900s][info][gc,stats    ] Concurrent Evacuation            251082 us
[306.900s][info][gc,stats    ] Pause Init Update Refs (G)          268 us
[306.900s][info][gc,stats    ] Pause Init Update Refs (N)          105 us
[306.900s][info][gc,stats    ]   Manage GCLABs                       4 us
[306.900s][info][gc,stats    ] Concurrent Update Refs           665053 us
[306.900s][info][gc,stats    ] Concurrent Update Thread Roots      558 us
[306.901s][info][gc,stats    ] Pause Final Update Refs (G)         220 us
[306.901s][info][gc,stats    ] Pause Final Update Refs (N)         124 us
[306.901s][info][gc,stats    ]   Update Region States               50 us
[306.901s][info][gc,stats    ]   Trash Collection Set                3 us
[306.901s][info][gc,stats    ]   Rebuild Free Set                    9 us
[306.901s][info][gc,stats    ] Concurrent Cleanup                   60 us
[306.901s][info][gc,stats    ] 
[306.901s][info][gc,stats    ] Allocation pacing accrued:
[306.901s][info][gc,stats    ]       0 of  5500 ms (  0.0%): <total>
[306.901s][info][gc,stats    ]       0 of  5500 ms (  0.0%): <average total>
[306.901s][info][gc,stats    ] 
[306.901s][info][gc,metaspace] Metaspace: 16563K(16832K)->16563K(16832K) NonClass: 14215K(14336K)->14215K(14336K) Class: 2348K(2496K)->2348K(2496K)
[306.901s][info][gc,ergo     ] Pacer for Idle. Initial: 163M, Alloc Tax Rate: 1.0x
[307.635s][info][gc          ] Trigger: Explicit GC request (System.gc())
[307.635s][info][gc,ergo     ] Free: 6480M, Max: 4096K regular, 4984M humongous, Frag: 23% external, 0% internal; Reserve: 412M, Max: 4096K
[307.635s][info][gc,start    ] GC(140) Concurrent reset
[307.635s][info][gc,task     ] GC(140) Using 1 of 3 workers for concurrent reset
[307.636s][info][gc,ergo     ] GC(140) Pacer for Reset. Non-Taxable: 8192M
[307.638s][info][gc          ] GC(140) Concurrent reset 2.973ms
[307.639s][info][gc,start    ] GC(140) Pause Init Mark (unload classes)
[307.639s][info][gc,task     ] GC(140) Using 3 of 3 workers for init marking
[307.639s][info][gc,ref      ] GC(140) Clearing All SoftReferences
[307.639s][info][gc,ergo     ] GC(140) Pacer for Mark. Expected Live: 114M, Free: 6480M, Non-Taxable: 648M, Alloc Tax Rate: 0.0x
[307.639s][info][gc          ] GC(140) Pause Init Mark (unload classes) 0.111ms
[307.639s][info][gc,start    ] GC(140) Concurrent marking roots
[307.639s][info][gc,task     ] GC(140) Using 1 of 3 workers for concurrent marking roots
[307.639s][info][gc          ] GC(140) Concurrent marking roots 0.645ms
[307.639s][info][gc,start    ] GC(140) Concurrent marking (unload classes)
[307.639s][info][gc,task     ] GC(140) Using 1 of 3 workers for concurrent marking
[307.644s][info][gc          ] GC(140) Concurrent marking (unload classes) 4.550ms
[307.644s][info][gc,start    ] GC(140) Pause Final Mark (unload classes)
[307.644s][info][gc,task     ] GC(140) Using 3 of 3 workers for final marking
[307.644s][info][gc,ergo     ] GC(140) Collectable Garbage: 1271M (98%), Immediate: 1271M (98%), CSet: 0B (0%)
[307.644s][info][gc          ] GC(140) Pause Final Mark (unload classes) 0.164ms
[307.644s][info][gc,start    ] GC(140) Concurrent weak references
[307.644s][info][gc,task     ] GC(140) Using 1 of 3 workers for concurrent weak references
[307.644s][info][gc,ref      ] GC(140) Encountered references: Soft: 172, Weak: 993, Final: 0, Phantom: 41
[307.644s][info][gc,ref      ] GC(140) Discovered  references: Soft: 108, Weak: 221, Final: 0, Phantom: 24
[307.644s][info][gc,ref      ] GC(140) Enqueued    references: Soft: 4, Weak: 8, Final: 0, Phantom: 0
[307.644s][info][gc          ] GC(140) Concurrent weak references 0.175ms
[307.644s][info][gc,start    ] GC(140) Concurrent weak roots
[307.644s][info][gc,task     ] GC(140) Using 1 of 3 workers for concurrent weak root
[307.645s][info][gc          ] GC(140) Concurrent weak roots 0.901ms
[307.645s][info][gc,start    ] GC(140) Concurrent cleanup
[307.645s][info][gc          ] GC(140) Concurrent cleanup 1299M->28M(8192M) 0.045ms
[307.645s][info][gc,ergo     ] GC(140) Free: 7751M, Max: 4096K regular, 7140M humongous, Frag: 8% external, 0% internal; Reserve: 412M, Max: 4096K
[307.645s][info][gc,start    ] GC(140) Concurrent class unloading
[307.645s][info][gc,task     ] GC(140) Using 1 of 3 workers for concurrent class unloading
[307.652s][info][gc          ] GC(140) Concurrent class unloading 6.051ms
[307.652s][info][gc,start    ] GC(140) Pause Final Roots
[307.652s][info][gc          ] GC(140) Pause Final Roots 0.051ms
[307.652s][info][gc,ergo     ] Free: 7751M, Max: 4096K regular, 7140M humongous, Frag: 8% external, 0% internal; Reserve: 412M, Max: 4096K
[307.652s][info][gc,stats    ] 
[307.652s][info][gc,stats    ] All times are wall-clock times, except per-root-class counters, that are sum over
[307.652s][info][gc,stats    ] all workers. Dividing the <total> over the root stage time estimates parallelism.
[307.652s][info][gc,stats    ] 
[307.652s][info][gc,stats    ] Concurrent Reset                   3028 us
[307.652s][info][gc,stats    ] Pause Init Mark (G)                 199 us
[307.652s][info][gc,stats    ] Pause Init Mark (N)                 120 us
[307.652s][info][gc,stats    ]   Update Region States               38 us
[307.652s][info][gc,stats    ] Concurrent Mark Roots               687 us, parallelism: 0.73x
[307.652s][info][gc,stats    ]   CMR: <total>                      499 us
[307.652s][info][gc,stats    ]   CMR: Thread Roots                 455 us, workers (us): 455, ---, ---, 
[307.652s][info][gc,stats    ]   CMR: VM Strong Roots                4 us, workers (us):   4, ---, ---, 
[307.652s][info][gc,stats    ]   CMR: CLDG Roots                    40 us, workers (us):  40, ---, ---, 
[307.652s][info][gc,stats    ] Concurrent Marking                 4611 us
[307.652s][info][gc,stats    ] Pause Final Mark (G)                229 us
[307.652s][info][gc,stats    ] Pause Final Mark (N)                172 us
[307.652s][info][gc,stats    ]   Finish Mark                        68 us
[307.652s][info][gc,stats    ]   Update Region States               34 us
[307.652s][info][gc,stats    ]   Choose Collection Set              25 us
[307.652s][info][gc,stats    ]   Rebuild Free Set                    7 us
[307.652s][info][gc,stats    ] Concurrent Weak References          191 us, parallelism: 0.06x
[307.652s][info][gc,stats    ]   CWRF: <total>                      12 us
[307.652s][info][gc,stats    ]   CWRF: Weak References              12 us, workers (us):  12, ---, ---, 
[307.652s][info][gc,stats    ] Concurrent Weak Roots               930 us
[307.652s][info][gc,stats    ]   Roots                             807 us, parallelism: 0.92x
[307.652s][info][gc,stats    ]     CWR: <total>                    744 us
[307.652s][info][gc,stats    ]     CWR: Code Cache Roots           661 us, workers (us): 661, ---, ---, 
[307.652s][info][gc,stats    ]     CWR: VM Weak Roots               76 us, workers (us):  76, ---, ---, 
[307.652s][info][gc,stats    ]     CWR: CLDG Roots                   8 us, workers (us):   8, ---, ---, 
[307.652s][info][gc,stats    ]   Rendezvous                         61 us
[307.652s][info][gc,stats    ] Concurrent Cleanup                   54 us
[307.652s][info][gc,stats    ] Concurrent Class Unloading         6139 us
[307.652s][info][gc,stats    ]   Unlink Stale                     5734 us
[307.652s][info][gc,stats    ]     System Dictionary                62 us
[307.652s][info][gc,stats    ]     Weak Class Links               1792 us
[307.652s][info][gc,stats    ]     Code Roots                     3878 us
[307.652s][info][gc,stats    ]   Rendezvous                         65 us
[307.652s][info][gc,stats    ]   Purge Unlinked                    230 us
[307.652s][info][gc,stats    ]     Code Roots                      185 us
[307.652s][info][gc,stats    ]     CLDG                             44 us
[307.652s][info][gc,stats    ]     Exception Caches                  0 us
[307.652s][info][gc,stats    ] Pause Final Roots (G)               102 us
[307.652s][info][gc,stats    ] Pause Final Roots (N)                60 us
[307.652s][info][gc,stats    ] 
[307.652s][info][gc,stats    ] Allocation pacing accrued:
[307.652s][info][gc,stats    ]       0 of   752 ms (  0.0%): <total>
[307.652s][info][gc,stats    ]       0 of   752 ms (  0.0%): <average total>
[307.652s][info][gc,stats    ] 
[307.652s][info][gc,metaspace] Metaspace: 16563K(16832K)->16559K(16832K) NonClass: 14215K(14336K)->14211K(14336K) Class: 2348K(2496K)->2347K(2496K)
[307.652s][info][gc,ergo     ] Pacer for Idle. Initial: 163M, Alloc Tax Rate: 1.0x
[309.168s][info][gc          ] Trigger: Average GC time (1593.57 ms) is above the time for instantaneous allocation rate (5574 MB/s) to deplete free headroom (6357M) (spike threshold = 1.67)
[309.168s][info][gc,ergo     ] Free: 6767M, Max: 4096K regular, 6736M humongous, Frag: 0% external, 0% internal; Reserve: 412M, Max: 4096K
[309.168s][info][gc,start    ] GC(141) Concurrent reset
[309.168s][info][gc,task     ] GC(141) Using 1 of 3 workers for concurrent reset
[309.168s][info][gc,ergo     ] GC(141) Pacer for Reset. Non-Taxable: 8192M
[309.168s][info][gc          ] GC(141) Concurrent reset 0.384ms
[309.169s][info][gc,start    ] GC(141) Pause Init Mark (unload classes)
[309.169s][info][gc,task     ] GC(141) Using 3 of 3 workers for init marking
[309.169s][info][gc,ergo     ] GC(141) Pacer for Mark. Expected Live: 60366K, Free: 6767M, Non-Taxable: 676M, Alloc Tax Rate: 0.0x
[309.169s][info][gc          ] GC(141) Pause Init Mark (unload classes) 0.097ms
[309.200s][info][gc,start    ] GC(141) Concurrent marking roots
[309.200s][info][gc,task     ] GC(141) Using 1 of 3 workers for concurrent marking roots
[309.200s][info][gc          ] GC(141) Concurrent marking roots 0.779ms
[309.200s][info][gc,start    ] GC(141) Concurrent marking (unload classes)
[309.200s][info][gc,task     ] GC(141) Using 1 of 3 workers for concurrent marking
[309.215s][info][gc          ] GC(141) Concurrent marking (unload classes) 14.999ms
[309.216s][info][gc,start    ] GC(141) Pause Final Mark (unload classes)
[309.216s][info][gc,task     ] GC(141) Using 3 of 3 workers for final marking
[309.216s][info][gc,ergo     ] GC(141) Adaptive CSet Selection. Target Free: 1160M, Actual Free: 7705M, Max CSet: 341M, Min Garbage: 0B
[309.216s][info][gc,ergo     ] GC(141) Collectable Garbage: 1004M (99%), Immediate: 789M (78%), CSet: 215M (21%)
[309.216s][info][gc,ergo     ] GC(141) Pacer for Evacuation. Used CSet: 216M, Free: 7324M, Non-Taxable: 732M, Alloc Tax Rate: 1.1x
[309.216s][info][gc          ] GC(141) Pause Final Mark (unload classes) 0.225ms
[309.233s][info][gc,start    ] GC(141) Concurrent thread roots
[309.233s][info][gc,task     ] GC(141) Using 1 of 3 workers for Concurrent thread roots
[309.233s][info][gc          ] GC(141) Concurrent thread roots 0.643ms
[309.233s][info][gc,start    ] GC(141) Concurrent weak references
[309.233s][info][gc,task     ] GC(141) Using 1 of 3 workers for concurrent weak references
[309.233s][info][gc,ref      ] GC(141) Encountered references: Soft: 173, Weak: 993, Final: 0, Phantom: 41
[309.233s][info][gc,ref      ] GC(141) Discovered  references: Soft: 0, Weak: 206, Final: 0, Phantom: 24
[309.233s][info][gc,ref      ] GC(141) Enqueued    references: Soft: 0, Weak: 5, Final: 0, Phantom: 0
[309.233s][info][gc          ] GC(141) Concurrent weak references 0.084ms
[309.233s][info][gc,start    ] GC(141) Concurrent weak roots
[309.233s][info][gc,task     ] GC(141) Using 1 of 3 workers for concurrent weak root
[309.246s][info][gc          ] GC(141) Concurrent weak roots 12.876ms
[309.246s][info][gc,start    ] GC(141) Concurrent cleanup
[309.246s][info][gc          ] GC(141) Concurrent cleanup 1356M->567M(8192M) 0.066ms
[309.246s][info][gc,ergo     ] GC(141) Free: 7212M, Max: 4096K regular, 6400M humongous, Frag: 11% external, 0% internal; Reserve: 411M, Max: 4096K
[309.246s][info][gc,start    ] GC(141) Concurrent class unloading
[309.246s][info][gc,task     ] GC(141) Using 1 of 3 workers for concurrent class unloading
[309.262s][info][gc          ] GC(141) Concurrent class unloading 15.641ms
[309.262s][info][gc,start    ] GC(141) Concurrent strong roots
[309.262s][info][gc,task     ] GC(141) Using 1 of 3 workers for concurrent strong root
[309.262s][info][gc          ] GC(141) Concurrent strong roots 0.106ms
[309.262s][info][gc,start    ] GC(141) Concurrent evacuation
[309.262s][info][gc,task     ] GC(141) Using 1 of 3 workers for concurrent evacuation
[309.264s][info][gc          ] GC(141) Concurrent evacuation 1.456ms
[309.264s][info][gc,start    ] GC(141) Pause Init Update Refs
[309.264s][info][gc,ergo     ] GC(141) Pacer for Update Refs. Used: 631M, Free: 7148M, Non-Taxable: 714M, Alloc Tax Rate: 1.1x
[309.264s][info][gc          ] GC(141) Pause Init Update Refs 0.069ms
[309.266s][info][gc,start    ] GC(141) Concurrent update references
[309.266s][info][gc,task     ] GC(141) Using 1 of 3 workers for concurrent reference update
[309.373s][info][gc          ] GC(141) Concurrent update references 106.719ms
[309.373s][info][gc,start    ] GC(141) Concurrent update thread roots
[309.373s][info][gc          ] GC(141) Concurrent update thread roots 0.590ms
[309.373s][info][gc,start    ] GC(141) Pause Final Update Refs
[309.373s][info][gc,task     ] GC(141) Using 3 of 3 workers for final reference update
[309.373s][info][gc          ] GC(141) Pause Final Update Refs 0.123ms
[309.387s][info][gc,start    ] GC(141) Concurrent cleanup
[309.387s][info][gc          ] GC(141) Concurrent cleanup 1011M->843M(8192M) 0.140ms
[309.387s][info][gc,ergo     ] Free: 6936M, Max: 4096K regular, 6400M humongous, Frag: 8% external, 0% internal; Reserve: 412M, Max: 4096K
[309.387s][info][gc,stats    ] 
[309.387s][info][gc,stats    ] All times are wall-clock times, except per-root-class counters, that are sum over
[309.387s][info][gc,stats    ] all workers. Dividing the <total> over the root stage time estimates parallelism.
[309.387s][info][gc,stats    ] 
[309.387s][info][gc,stats    ] Concurrent Reset                    409 us
[309.387s][info][gc,stats    ] Pause Init Mark (G)               31161 us
[309.387s][info][gc,stats    ] Pause Init Mark (N)                 107 us
[309.387s][info][gc,stats    ]   Update Region States               28 us
[309.387s][info][gc,stats    ] Concurrent Mark Roots               811 us, parallelism: 0.73x
[309.387s][info][gc,stats    ]   CMR: <total>                      593 us
[309.387s][info][gc,stats    ]   CMR: Thread Roots                 519 us, workers (us): 519, ---, ---, 
[309.387s][info][gc,stats    ]   CMR: VM Strong Roots                8 us, workers (us):   8, ---, ---, 
[309.387s][info][gc,stats    ]   CMR: CLDG Roots                    66 us, workers (us):  66, ---, ---, 
[309.387s][info][gc,stats    ] Concurrent Marking                15084 us
[309.387s][info][gc,stats    ] Pause Final Mark (G)              17003 us
[309.387s][info][gc,stats    ] Pause Final Mark (N)                234 us
[309.387s][info][gc,stats    ]   Finish Mark                        57 us
[309.387s][info][gc,stats    ]   Update Region States               36 us
[309.387s][info][gc,stats    ]   Choose Collection Set              47 us
[309.387s][info][gc,stats    ]   Rebuild Free Set                    9 us
[309.387s][info][gc,stats    ] Concurrent Thread Roots             663 us, parallelism: 0.82x
[309.387s][info][gc,stats    ]   CTR: <total>                      542 us
[309.387s][info][gc,stats    ]   CTR: Thread Roots                 542 us, workers (us): 542, ---, ---, 
[309.387s][info][gc,stats    ] Concurrent Weak References           92 us, parallelism: 0.24x
[309.387s][info][gc,stats    ]   CWRF: <total>                      22 us
[309.387s][info][gc,stats    ]   CWRF: Weak References              22 us, workers (us):  22, ---, ---, 
[309.387s][info][gc,stats    ] Concurrent Weak Roots             12959 us
[309.387s][info][gc,stats    ]   Roots                            1217 us, parallelism: 0.96x
[309.387s][info][gc,stats    ]     CWR: <total>                   1170 us
[309.387s][info][gc,stats    ]     CWR: Code Cache Roots          1001 us, workers (us): 1001, ---, ---, 
[309.387s][info][gc,stats    ]     CWR: VM Weak Roots              158 us, workers (us): 158, ---, ---, 
[309.387s][info][gc,stats    ]     CWR: CLDG Roots                  11 us, workers (us):  11, ---, ---, 
[309.387s][info][gc,stats    ]   Rendezvous                      11638 us
[309.388s][info][gc,stats    ] Concurrent Cleanup                   75 us
[309.388s][info][gc,stats    ] Concurrent Class Unloading        15707 us
[309.388s][info][gc,stats    ]   Unlink Stale                     3900 us
[309.388s][info][gc,stats    ]     System Dictionary                15 us
[309.388s][info][gc,stats    ]     Weak Class Links                  0 us
[309.388s][info][gc,stats    ]     Code Roots                     3884 us
[309.388s][info][gc,stats    ]   Rendezvous                      11364 us
[309.388s][info][gc,stats    ]   Purge Unlinked                    353 us
[309.388s][info][gc,stats    ]     Code Roots                      342 us
[309.388s][info][gc,stats    ]     CLDG                             10 us
[309.388s][info][gc,stats    ]     Exception Caches                  0 us
[309.388s][info][gc,stats    ] Concurrent Strong Roots             117 us, parallelism: 0.42x
[309.388s][info][gc,stats    ]   CSR: <total>                       49 us
[309.388s][info][gc,stats    ]   CSR: VM Strong Roots                4 us, workers (us):   4, ---, ---, 
[309.388s][info][gc,stats    ]   CSR: CLDG Roots                    44 us, workers (us):  44, ---, ---, 
[309.388s][info][gc,stats    ] Concurrent Evacuation              1512 us
[309.388s][info][gc,stats    ] Pause Init Update Refs (G)         2084 us
[309.388s][info][gc,stats    ] Pause Init Update Refs (N)           78 us
[309.388s][info][gc,stats    ]   Manage GCLABs                       6 us
[309.388s][info][gc,stats    ] Concurrent Update Refs           106790 us
[309.388s][info][gc,stats    ] Concurrent Update Thread Roots      612 us
[309.388s][info][gc,stats    ] Pause Final Update Refs (G)       13831 us
[309.388s][info][gc,stats    ] Pause Final Update Refs (N)         134 us
[309.388s][info][gc,stats    ]   Update Region States               49 us
[309.388s][info][gc,stats    ]   Trash Collection Set                3 us
[309.388s][info][gc,stats    ]   Rebuild Free Set                   15 us
[309.388s][info][gc,stats    ] Concurrent Cleanup                  153 us
[309.388s][info][gc,stats    ] 
[309.388s][info][gc,stats    ] Allocation pacing accrued:
[309.388s][info][gc,stats    ]       0 of  1736 ms (  0.0%): <total>
[309.388s][info][gc,stats    ]       0 of  1736 ms (  0.0%): <average total>
[309.388s][info][gc,stats    ] 
[309.388s][info][gc,metaspace] Metaspace: 16566K(16832K)->16566K(16832K) NonClass: 14217K(14336K)->14217K(14336K) Class: 2348K(2496K)->2348K(2496K)
[309.388s][info][gc,ergo     ] Pacer for Idle. Initial: 163M, Alloc Tax Rate: 1.0x
[309.513s][info][gc          ] Trigger: Average GC time (1169.54 ms) is above the time for instantaneous allocation rate (5498 MB/s) to deplete free headroom (5842M) (spike threshold = 1.67)
[309.513s][info][gc,ergo     ] Free: 6252M, Max: 4096K regular, 6220M humongous, Frag: 0% external, 0% internal; Reserve: 412M, Max: 4096K
[309.513s][info][gc,start    ] GC(142) Concurrent reset
[309.513s][info][gc,task     ] GC(142) Using 1 of 3 workers for concurrent reset
[309.513s][info][gc,ergo     ] GC(142) Pacer for Reset. Non-Taxable: 8192M
[309.514s][info][gc          ] GC(142) Concurrent reset 1.446ms
[309.514s][info][gc,start    ] GC(142) Pause Init Mark (unload classes)
[309.514s][info][gc,task     ] GC(142) Using 3 of 3 workers for init marking
[309.515s][info][gc,ergo     ] GC(142) Pacer for Mark. Expected Live: 60420K, Free: 6244M, Non-Taxable: 624M, Alloc Tax Rate: 0.0x
[309.515s][info][gc          ] GC(142) Pause Init Mark (unload classes) 0.148ms
[309.515s][info][gc,start    ] GC(142) Concurrent marking roots
[309.515s][info][gc,task     ] GC(142) Using 1 of 3 workers for concurrent marking roots
[309.515s][info][gc          ] GC(142) Concurrent marking roots 0.615ms
[309.515s][info][gc,start    ] GC(142) Concurrent marking (unload classes)
[309.515s][info][gc,task     ] GC(142) Using 1 of 3 workers for concurrent marking
[309.531s][info][gc          ] GC(142) Concurrent marking (unload classes) 15.929ms
[309.531s][info][gc,start    ] GC(142) Pause Final Mark (unload classes)
[309.531s][info][gc,task     ] GC(142) Using 3 of 3 workers for final marking
[309.532s][info][gc,ergo     ] GC(142) Adaptive CSet Selection. Target Free: 1160M, Actual Free: 7888M, Max CSet: 341M, Min Garbage: 0B
[309.532s][info][gc,ergo     ] GC(142) Collectable Garbage: 1527M (99%), Immediate: 1356M (88%), CSet: 171M (11%)
[309.532s][info][gc,ergo     ] GC(142) Pacer for Evacuation. Used CSet: 172M, Free: 7508M, Non-Taxable: 750M, Alloc Tax Rate: 1.1x
[309.532s][info][gc          ] GC(142) Pause Final Mark (unload classes) 0.222ms
[309.544s][info][gc,start    ] GC(142) Concurrent thread roots
[309.544s][info][gc,task     ] GC(142) Using 1 of 3 workers for Concurrent thread roots
[309.545s][info][gc          ] GC(142) Concurrent thread roots 0.623ms
[309.545s][info][gc,start    ] GC(142) Concurrent weak references
[309.545s][info][gc,task     ] GC(142) Using 1 of 3 workers for concurrent weak references
[309.545s][info][gc,ref      ] GC(142) Encountered references: Soft: 173, Weak: 988, Final: 0, Phantom: 41
[309.545s][info][gc,ref      ] GC(142) Discovered  references: Soft: 0, Weak: 202, Final: 0, Phantom: 24
[309.545s][info][gc,ref      ] GC(142) Enqueued    references: Soft: 0, Weak: 0, Final: 0, Phantom: 0
[309.545s][info][gc          ] GC(142) Concurrent weak references 0.071ms
[309.545s][info][gc,start    ] GC(142) Concurrent weak roots
[309.545s][info][gc,task     ] GC(142) Using 1 of 3 workers for concurrent weak root
[309.553s][info][gc          ] GC(142) Concurrent weak roots 8.633ms
[309.553s][info][gc,start    ] GC(142) Concurrent cleanup
[309.554s][info][gc          ] GC(142) Concurrent cleanup 1724M->368M(8192M) 0.052ms
[309.554s][info][gc,ergo     ] GC(142) Free: 7411M, Max: 4096K regular, 6024M humongous, Frag: 19% external, 0% internal; Reserve: 411M, Max: 4096K
[309.554s][info][gc,start    ] GC(142) Concurrent class unloading
[309.554s][info][gc,task     ] GC(142) Using 1 of 3 workers for concurrent class unloading
[309.560s][info][gc          ] GC(142) Concurrent class unloading 6.280ms
[309.560s][info][gc,start    ] GC(142) Concurrent strong roots
[309.560s][info][gc,task     ] GC(142) Using 1 of 3 workers for concurrent strong root
[309.560s][info][gc          ] GC(142) Concurrent strong roots 0.102ms
[309.560s][info][gc,start    ] GC(142) Concurrent evacuation
[309.560s][info][gc,task     ] GC(142) Using 1 of 3 workers for concurrent evacuation
[309.561s][info][gc          ] GC(142) Concurrent evacuation 1.140ms
[309.561s][info][gc,start    ] GC(142) Pause Init Update Refs
[309.561s][info][gc,ergo     ] GC(142) Pacer for Update Refs. Used: 388M, Free: 7392M, Non-Taxable: 739M, Alloc Tax Rate: 1.1x
[309.561s][info][gc          ] GC(142) Pause Init Update Refs 0.065ms
[309.570s][info][gc,start    ] GC(142) Concurrent update references
[309.570s][info][gc,task     ] GC(142) Using 1 of 3 workers for concurrent reference update
[309.607s][info][gc          ] GC(142) Concurrent update references 37.484ms
[309.607s][info][gc,start    ] GC(142) Concurrent update thread roots
[309.608s][info][gc          ] GC(142) Concurrent update thread roots 0.543ms
[309.608s][info][gc,start    ] GC(142) Pause Final Update Refs
[309.608s][info][gc,task     ] GC(142) Using 3 of 3 workers for final reference update
[309.608s][info][gc          ] GC(142) Pause Final Update Refs 0.104ms
[309.622s][info][gc,start    ] GC(142) Concurrent cleanup
[309.622s][info][gc          ] GC(142) Concurrent cleanup 604M->436M(8192M) 0.136ms
[309.622s][info][gc,ergo     ] Free: 7343M, Max: 4096K regular, 6020M humongous, Frag: 18% external, 0% internal; Reserve: 412M, Max: 4096K
[309.622s][info][gc,stats    ] 
[309.622s][info][gc,stats    ] All times are wall-clock times, except per-root-class counters, that are sum over
[309.622s][info][gc,stats    ] all workers. Dividing the <total> over the root stage time estimates parallelism.
[309.622s][info][gc,stats    ] 
[309.622s][info][gc,stats    ] Concurrent Reset                   1535 us
[309.622s][info][gc,stats    ] Pause Init Mark (G)                 414 us
[309.622s][info][gc,stats    ] Pause Init Mark (N)                 158 us
[309.622s][info][gc,stats    ]   Update Region States               50 us
[309.622s][info][gc,stats    ] Concurrent Mark Roots               633 us, parallelism: 0.86x
[309.622s][info][gc,stats    ]   CMR: <total>                      546 us
[309.622s][info][gc,stats    ]   CMR: Thread Roots                 491 us, workers (us): 491, ---, ---, 
[309.622s][info][gc,stats    ]   CMR: VM Strong Roots                6 us, workers (us):   6, ---, ---, 
[309.622s][info][gc,stats    ]   CMR: CLDG Roots                    49 us, workers (us):  49, ---, ---, 
[309.622s][info][gc,stats    ] Concurrent Marking                16000 us
[309.622s][info][gc,stats    ] Pause Final Mark (G)              12726 us
[309.622s][info][gc,stats    ] Pause Final Mark (N)                232 us
[309.622s][info][gc,stats    ]   Finish Mark                        56 us
[309.622s][info][gc,stats    ]   Update Region States               36 us
[309.622s][info][gc,stats    ]   Choose Collection Set              74 us
[309.622s][info][gc,stats    ]   Rebuild Free Set                    8 us
[309.622s][info][gc,stats    ] Concurrent Thread Roots             643 us, parallelism: 0.75x
[309.622s][info][gc,stats    ]   CTR: <total>                      483 us
[309.622s][info][gc,stats    ]   CTR: Thread Roots                 483 us, workers (us): 483, ---, ---, 
[309.622s][info][gc,stats    ] Concurrent Weak References           78 us, parallelism: 0.22x
[309.622s][info][gc,stats    ]   CWRF: <total>                      17 us
[309.622s][info][gc,stats    ]   CWRF: Weak References              17 us, workers (us):  17, ---, ---, 
[309.622s][info][gc,stats    ] Concurrent Weak Roots              8706 us
[309.622s][info][gc,stats    ]   Roots                            1200 us, parallelism: 0.96x
[309.622s][info][gc,stats    ]     CWR: <total>                   1149 us
[309.622s][info][gc,stats    ]     CWR: Code Cache Roots          1016 us, workers (us): 1016, ---, ---, 
[309.622s][info][gc,stats    ]     CWR: VM Weak Roots              122 us, workers (us): 122, ---, ---, 
[309.622s][info][gc,stats    ]     CWR: CLDG Roots                  11 us, workers (us):  11, ---, ---, 
[309.622s][info][gc,stats    ]   Rendezvous                       7411 us
[309.622s][info][gc,stats    ] Concurrent Cleanup                   61 us
[309.622s][info][gc,stats    ] Concurrent Class Unloading         6341 us
[309.622s][info][gc,stats    ]   Unlink Stale                     3831 us
[309.622s][info][gc,stats    ]     System Dictionary                16 us
[309.622s][info][gc,stats    ]     Weak Class Links                  0 us
[309.622s][info][gc,stats    ]     Code Roots                     3813 us
[309.622s][info][gc,stats    ]   Rendezvous                       2145 us
[309.622s][info][gc,stats    ]   Purge Unlinked                    284 us
[309.622s][info][gc,stats    ]     Code Roots                      277 us
[309.622s][info][gc,stats    ]     CLDG                              5 us
[309.622s][info][gc,stats    ]     Exception Caches                  0 us
[309.623s][info][gc,stats    ] Concurrent Strong Roots             112 us, parallelism: 0.44x
[309.623s][info][gc,stats    ]   CSR: <total>                       50 us
[309.623s][info][gc,stats    ]   CSR: VM Strong Roots                3 us, workers (us):   3, ---, ---, 
[309.623s][info][gc,stats    ]   CSR: CLDG Roots                    46 us, workers (us):  46, ---, ---, 
[309.623s][info][gc,stats    ] Concurrent Evacuation              1194 us
[309.623s][info][gc,stats    ] Pause Init Update Refs (G)         8694 us
[309.623s][info][gc,stats    ] Pause Init Update Refs (N)           74 us
[309.623s][info][gc,stats    ]   Manage GCLABs                       4 us
[309.623s][info][gc,stats    ] Concurrent Update Refs            37548 us
[309.623s][info][gc,stats    ] Concurrent Update Thread Roots      560 us
[309.623s][info][gc,stats    ] Pause Final Update Refs (G)       13944 us
[309.623s][info][gc,stats    ] Pause Final Update Refs (N)         115 us
[309.623s][info][gc,stats    ]   Update Region States               37 us
[309.623s][info][gc,stats    ]   Trash Collection Set                3 us
[309.623s][info][gc,stats    ]   Rebuild Free Set                   14 us
[309.623s][info][gc,stats    ] Concurrent Cleanup                  149 us
[309.623s][info][gc,stats    ] 
[309.623s][info][gc,stats    ] Allocation pacing accrued:
[309.623s][info][gc,stats    ]       0 of   235 ms (  0.0%): <total>
[309.623s][info][gc,stats    ]       0 of   235 ms (  0.0%): <average total>
[309.623s][info][gc,stats    ] 
[309.623s][info][gc,metaspace] Metaspace: 16566K(16832K)->16566K(16832K) NonClass: 14217K(14336K)->14217K(14336K) Class: 2348K(2496K)->2348K(2496K)
[309.623s][info][gc,ergo     ] Pacer for Idle. Initial: 163M, Alloc Tax Rate: 1.0x
[313.674s][info][gc          ] Trigger: Learning 4 of 5. Free (5723M) is below initial threshold (5734M)
[313.674s][info][gc,ergo     ] Free: 5723M, Max: 4096K regular, 5688M humongous, Frag: 0% external, 0% internal; Reserve: 412M, Max: 4096K
[313.675s][info][gc,start    ] GC(143) Concurrent reset
[313.675s][info][gc,task     ] GC(143) Using 1 of 3 workers for concurrent reset
[313.675s][info][gc,ergo     ] GC(143) Pacer for Reset. Non-Taxable: 8192M
[313.675s][info][gc          ] GC(143) Concurrent reset 0.942ms
[313.676s][info][gc,start    ] GC(143) Pause Init Mark (unload classes)
[313.676s][info][gc,task     ] GC(143) Using 3 of 3 workers for init marking
[313.676s][info][gc,ergo     ] GC(143) Pacer for Mark. Expected Live: 60416K, Free: 5723M, Non-Taxable: 572M, Alloc Tax Rate: 0.0x
[313.676s][info][gc          ] GC(143) Pause Init Mark (unload classes) 0.155ms
[313.676s][info][gc,start    ] GC(143) Concurrent marking roots
[313.676s][info][gc,task     ] GC(143) Using 1 of 3 workers for concurrent marking roots
[313.677s][info][gc          ] GC(143) Concurrent marking roots 0.854ms
[313.677s][info][gc,start    ] GC(143) Concurrent marking (unload classes)
[313.677s][info][gc,task     ] GC(143) Using 1 of 3 workers for concurrent marking
[314.420s][info][gc          ] GC(143) Concurrent marking (unload classes) 743.288ms
[314.420s][info][gc,start    ] GC(143) Pause Final Mark (unload classes)
[314.420s][info][gc,task     ] GC(143) Using 3 of 3 workers for final marking
[314.420s][info][gc,ergo     ] GC(143) Adaptive CSet Selection. Target Free: 1160M, Actual Free: 6792M, Max CSet: 341M, Min Garbage: 0B
[314.420s][info][gc,ergo     ] GC(143) Collectable Garbage: 1647M (97%), Immediate: 1132M (67%), CSet: 514M (30%)
[314.420s][info][gc,ergo     ] GC(143) Pacer for Evacuation. Used CSet: 856M, Free: 6416M, Non-Taxable: 641M, Alloc Tax Rate: 1.1x
[314.420s][info][gc          ] GC(143) Pause Final Mark (unload classes) 0.397ms
[314.421s][info][gc,start    ] GC(143) Concurrent thread roots
[314.421s][info][gc,task     ] GC(143) Using 1 of 3 workers for Concurrent thread roots
[314.421s][info][gc          ] GC(143) Concurrent thread roots 0.592ms
[314.421s][info][gc,start    ] GC(143) Concurrent weak references
[314.421s][info][gc,task     ] GC(143) Using 1 of 3 workers for concurrent weak references
[314.421s][info][gc,ref      ] GC(143) Encountered references: Soft: 173, Weak: 991, Final: 0, Phantom: 41
[314.421s][info][gc,ref      ] GC(143) Discovered  references: Soft: 0, Weak: 200, Final: 0, Phantom: 24
[314.421s][info][gc,ref      ] GC(143) Enqueued    references: Soft: 0, Weak: 3, Final: 0, Phantom: 0
[314.421s][info][gc          ] GC(143) Concurrent weak references 0.137ms
[314.421s][info][gc,start    ] GC(143) Concurrent weak roots
[314.421s][info][gc,task     ] GC(143) Using 1 of 3 workers for concurrent weak root
[314.422s][info][gc          ] GC(143) Concurrent weak roots 1.076ms
[314.422s][info][gc,start    ] GC(143) Concurrent cleanup
[314.422s][info][gc          ] GC(143) Concurrent cleanup 2497M->1364M(8192M) 0.033ms
[314.422s][info][gc,ergo     ] GC(143) Free: 6415M, Max: 4096K regular, 5252M humongous, Frag: 18% external, 0% internal; Reserve: 411M, Max: 4096K
[314.423s][info][gc,start    ] GC(143) Concurrent class unloading
[314.423s][info][gc,task     ] GC(143) Using 1 of 3 workers for concurrent class unloading
[314.427s][info][gc          ] GC(143) Concurrent class unloading 4.122ms
[314.427s][info][gc,start    ] GC(143) Concurrent strong roots
[314.427s][info][gc,task     ] GC(143) Using 1 of 3 workers for concurrent strong root
[314.427s][info][gc          ] GC(143) Concurrent strong roots 0.184ms
[314.427s][info][gc,start    ] GC(143) Concurrent evacuation
[314.427s][info][gc,task     ] GC(143) Using 1 of 3 workers for concurrent evacuation
[314.727s][info][gc          ] GC(143) Concurrent evacuation 300.179ms
[314.727s][info][gc,start    ] GC(143) Pause Init Update Refs
[314.727s][info][gc,ergo     ] GC(143) Pacer for Update Refs. Used: 1859M, Free: 6268M, Non-Taxable: 626M, Alloc Tax Rate: 1.1x
[314.727s][info][gc          ] GC(143) Pause Init Update Refs 0.068ms
[314.727s][info][gc,start    ] GC(143) Concurrent update references
[314.727s][info][gc,task     ] GC(143) Using 1 of 3 workers for concurrent reference update
[315.607s][info][gc          ] GC(143) Concurrent update references 879.566ms
[315.607s][info][gc,start    ] GC(143) Concurrent update thread roots
[315.608s][info][gc          ] GC(143) Concurrent update thread roots 0.984ms
[315.608s][info][gc,start    ] GC(143) Pause Final Update Refs
[315.608s][info][gc,task     ] GC(143) Using 3 of 3 workers for final reference update
[315.608s][info][gc          ] GC(143) Pause Final Update Refs 0.133ms
[315.608s][info][gc,start    ] GC(143) Concurrent cleanup
[315.608s][info][gc          ] GC(143) Concurrent cleanup 2031M->1175M(8192M) 0.039ms
[315.608s][info][gc,ergo     ] Free: 6604M, Max: 4096K regular, 4904M humongous, Frag: 26% external, 0% internal; Reserve: 412M, Max: 4096K
[315.608s][info][gc,stats    ] 
[315.608s][info][gc,stats    ] All times are wall-clock times, except per-root-class counters, that are sum over
[315.608s][info][gc,stats    ] all workers. Dividing the <total> over the root stage time estimates parallelism.
[315.608s][info][gc,stats    ] 
[315.608s][info][gc,stats    ] Concurrent Reset                   1001 us
[315.608s][info][gc,stats    ] Pause Init Mark (G)                 291 us
[315.608s][info][gc,stats    ] Pause Init Mark (N)                 171 us
[315.608s][info][gc,stats    ]   Update Region States               70 us
[315.608s][info][gc,stats    ] Concurrent Mark Roots               863 us, parallelism: 0.88x
[315.608s][info][gc,stats    ]   CMR: <total>                      761 us
[315.608s][info][gc,stats    ]   CMR: Thread Roots                 690 us, workers (us): 690, ---, ---, 
[315.608s][info][gc,stats    ]   CMR: VM Strong Roots                6 us, workers (us):   6, ---, ---, 
[315.608s][info][gc,stats    ]   CMR: CLDG Roots                    65 us, workers (us):  65, ---, ---, 
[315.608s][info][gc,stats    ] Concurrent Marking               743361 us
[315.609s][info][gc,stats    ] Pause Final Mark (G)                577 us
[315.609s][info][gc,stats    ] Pause Final Mark (N)                414 us
[315.609s][info][gc,stats    ]   Finish Mark                        91 us
[315.609s][info][gc,stats    ]   Update Region States               73 us
[315.609s][info][gc,stats    ]   Choose Collection Set             118 us
[315.609s][info][gc,stats    ]   Rebuild Free Set                   16 us
[315.609s][info][gc,stats    ] Concurrent Thread Roots             610 us, parallelism: 0.82x
[315.609s][info][gc,stats    ]   CTR: <total>                      498 us
[315.609s][info][gc,stats    ]   CTR: Thread Roots                 498 us, workers (us): 498, ---, ---, 
[315.609s][info][gc,stats    ] Concurrent Weak References          144 us, parallelism: 0.12x
[315.609s][info][gc,stats    ]   CWRF: <total>                      18 us
[315.609s][info][gc,stats    ]   CWRF: Weak References              18 us, workers (us):  18, ---, ---, 
[315.609s][info][gc,stats    ] Concurrent Weak Roots              1093 us
[315.609s][info][gc,stats    ]   Roots                             995 us, parallelism: 0.93x
[315.609s][info][gc,stats    ]     CWR: <total>                    920 us
[315.609s][info][gc,stats    ]     CWR: Code Cache Roots           729 us, workers (us): 729, ---, ---, 
[315.609s][info][gc,stats    ]     CWR: VM Weak Roots              181 us, workers (us): 181, ---, ---, 
[315.609s][info][gc,stats    ]     CWR: CLDG Roots                  10 us, workers (us):  10, ---, ---, 
[315.609s][info][gc,stats    ]   Rendezvous                         65 us
[315.609s][info][gc,stats    ] Concurrent Cleanup                   41 us
[315.609s][info][gc,stats    ] Concurrent Class Unloading         4187 us
[315.609s][info][gc,stats    ]   Unlink Stale                     3781 us
[315.609s][info][gc,stats    ]     System Dictionary                10 us
[315.609s][info][gc,stats    ]     Weak Class Links                  0 us
[315.609s][info][gc,stats    ]     Code Roots                     3769 us
[315.609s][info][gc,stats    ]   Rendezvous                        146 us
[315.609s][info][gc,stats    ]   Purge Unlinked                    176 us
[315.609s][info][gc,stats    ]     Code Roots                      166 us
[315.609s][info][gc,stats    ]     CLDG                              9 us
[315.609s][info][gc,stats    ]     Exception Caches                  0 us
[315.609s][info][gc,stats    ] Concurrent Strong Roots             221 us, parallelism: 0.25x
[315.609s][info][gc,stats    ]   CSR: <total>                       55 us
[315.609s][info][gc,stats    ]   CSR: VM Strong Roots                5 us, workers (us):   5, ---, ---, 
[315.609s][info][gc,stats    ]   CSR: CLDG Roots                    50 us, workers (us):  50, ---, ---, 
[315.609s][info][gc,stats    ] Concurrent Evacuation            300293 us
[315.609s][info][gc,stats    ] Pause Init Update Refs (G)          218 us
[315.609s][info][gc,stats    ] Pause Init Update Refs (N)           85 us
[315.609s][info][gc,stats    ]   Manage GCLABs                       4 us
[315.609s][info][gc,stats    ] Concurrent Update Refs           879636 us
[315.609s][info][gc,stats    ] Concurrent Update Thread Roots     1015 us
[315.609s][info][gc,stats    ] Pause Final Update Refs (G)         238 us
[315.609s][info][gc,stats    ] Pause Final Update Refs (N)         144 us
[315.609s][info][gc,stats    ]   Update Region States               53 us
[315.609s][info][gc,stats    ]   Trash Collection Set                6 us
[315.609s][info][gc,stats    ]   Rebuild Free Set                   20 us
[315.609s][info][gc,stats    ] Concurrent Cleanup                   48 us
[315.609s][info][gc,stats    ] 
[315.609s][info][gc,stats    ] Allocation pacing accrued:
[315.609s][info][gc,stats    ]       0 of  5986 ms (  0.0%): <total>
[315.609s][info][gc,stats    ]       0 of  5986 ms (  0.0%): <average total>
[315.609s][info][gc,stats    ] 
[315.609s][info][gc,metaspace] Metaspace: 16566K(16832K)->16566K(16832K) NonClass: 14217K(14336K)->14217K(14336K) Class: 2348K(2496K)->2348K(2496K)
[315.609s][info][gc,ergo     ] Pacer for Idle. Initial: 163M, Alloc Tax Rate: 1.0x
[315.812s][info][gc          ] Trigger: Explicit GC request (System.gc())
[315.812s][info][gc,ergo     ] Free: 6580M, Max: 4096K regular, 4904M humongous, Frag: 26% external, 0% internal; Reserve: 412M, Max: 4096K
[315.812s][info][gc,start    ] GC(144) Concurrent reset
[315.812s][info][gc,task     ] GC(144) Using 1 of 3 workers for concurrent reset
[315.812s][info][gc,ergo     ] GC(144) Pacer for Reset. Non-Taxable: 8192M
[315.816s][info][gc          ] GC(144) Concurrent reset 3.915ms
[315.816s][info][gc,start    ] GC(144) Pause Init Mark (unload classes)
[315.816s][info][gc,task     ] GC(144) Using 3 of 3 workers for init marking
[315.816s][info][gc,ref      ] GC(144) Clearing All SoftReferences
[315.816s][info][gc,ergo     ] GC(144) Pacer for Mark. Expected Live: 132M, Free: 6580M, Non-Taxable: 658M, Alloc Tax Rate: 0.0x
[315.816s][info][gc          ] GC(144) Pause Init Mark (unload classes) 0.150ms
[315.816s][info][gc,start    ] GC(144) Concurrent marking roots
[315.816s][info][gc,task     ] GC(144) Using 1 of 3 workers for concurrent marking roots
[315.817s][info][gc          ] GC(144) Concurrent marking roots 0.599ms
[315.817s][info][gc,start    ] GC(144) Concurrent marking (unload classes)
[315.817s][info][gc,task     ] GC(144) Using 1 of 3 workers for concurrent marking
[315.821s][info][gc          ] GC(144) Concurrent marking (unload classes) 4.337ms
[315.822s][info][gc,start    ] GC(144) Pause Final Mark (unload classes)
[315.822s][info][gc,task     ] GC(144) Using 3 of 3 workers for final marking
[315.822s][info][gc,ergo     ] GC(144) Collectable Garbage: 1172M (98%), Immediate: 1172M (98%), CSet: 0B (0%)
[315.822s][info][gc          ] GC(144) Pause Final Mark (unload classes) 0.413ms
[315.822s][info][gc,start    ] GC(144) Concurrent weak references
[315.822s][info][gc,task     ] GC(144) Using 1 of 3 workers for concurrent weak references
[315.822s][info][gc,ref      ] GC(144) Encountered references: Soft: 172, Weak: 989, Final: 0, Phantom: 41
[315.822s][info][gc,ref      ] GC(144) Discovered  references: Soft: 108, Weak: 219, Final: 0, Phantom: 24
[315.822s][info][gc,ref      ] GC(144) Enqueued    references: Soft: 4, Weak: 6, Final: 0, Phantom: 0
[315.822s][info][gc          ] GC(144) Concurrent weak references 0.177ms
[315.822s][info][gc,start    ] GC(144) Concurrent weak roots
[315.822s][info][gc,task     ] GC(144) Using 1 of 3 workers for concurrent weak root
[315.823s][info][gc          ] GC(144) Concurrent weak roots 0.938ms
[315.823s][info][gc,start    ] GC(144) Concurrent cleanup
[315.823s][info][gc          ] GC(144) Concurrent cleanup 1199M->27M(8192M) 0.038ms
[315.823s][info][gc,ergo     ] GC(144) Free: 7752M, Max: 4096K regular, 7388M humongous, Frag: 5% external, 0% internal; Reserve: 412M, Max: 4096K
[315.823s][info][gc,start    ] GC(144) Concurrent class unloading
[315.823s][info][gc,task     ] GC(144) Using 1 of 3 workers for concurrent class unloading
[315.830s][info][gc          ] GC(144) Concurrent class unloading 6.513ms
[315.830s][info][gc,start    ] GC(144) Pause Final Roots
[315.830s][info][gc          ] GC(144) Pause Final Roots 0.056ms
[315.830s][info][gc,ergo     ] Free: 7752M, Max: 4096K regular, 7388M humongous, Frag: 5% external, 0% internal; Reserve: 412M, Max: 4096K
[315.830s][info][gc,stats    ] 
[315.830s][info][gc,stats    ] All times are wall-clock times, except per-root-class counters, that are sum over
[315.830s][info][gc,stats    ] all workers. Dividing the <total> over the root stage time estimates parallelism.
[315.830s][info][gc,stats    ] 
[315.830s][info][gc,stats    ] Concurrent Reset                   3978 us
[315.830s][info][gc,stats    ] Pause Init Mark (G)                 244 us
[315.830s][info][gc,stats    ] Pause Init Mark (N)                 158 us
[315.830s][info][gc,stats    ]   Update Region States               67 us
[315.830s][info][gc,stats    ] Concurrent Mark Roots               624 us, parallelism: 0.80x
[315.830s][info][gc,stats    ]   CMR: <total>                      500 us
[315.830s][info][gc,stats    ]   CMR: Thread Roots                 460 us, workers (us): 460, ---, ---, 
[315.830s][info][gc,stats    ]   CMR: VM Strong Roots                4 us, workers (us):   4, ---, ---, 
[315.830s][info][gc,stats    ]   CMR: CLDG Roots                    36 us, workers (us):  36, ---, ---, 
[315.830s][info][gc,stats    ] Concurrent Marking                 4400 us
[315.830s][info][gc,stats    ] Pause Final Mark (G)                552 us
[315.830s][info][gc,stats    ] Pause Final Mark (N)                438 us
[315.830s][info][gc,stats    ]   Finish Mark                       149 us
[315.830s][info][gc,stats    ]   Update Region States               87 us
[315.830s][info][gc,stats    ]   Choose Collection Set              76 us
[315.830s][info][gc,stats    ]   Rebuild Free Set                   21 us
[315.830s][info][gc,stats    ] Concurrent Weak References          194 us, parallelism: 0.06x
[315.830s][info][gc,stats    ]   CWRF: <total>                      11 us
[315.830s][info][gc,stats    ]   CWRF: Weak References              11 us, workers (us):  11, ---, ---, 
[315.830s][info][gc,stats    ] Concurrent Weak Roots               967 us
[315.831s][info][gc,stats    ]   Roots                             825 us, parallelism: 0.92x
[315.831s][info][gc,stats    ]     CWR: <total>                    759 us
[315.831s][info][gc,stats    ]     CWR: Code Cache Roots           658 us, workers (us): 658, ---, ---, 
[315.831s][info][gc,stats    ]     CWR: VM Weak Roots               93 us, workers (us):  93, ---, ---, 
[315.831s][info][gc,stats    ]     CWR: CLDG Roots                   8 us, workers (us):   8, ---, ---, 
[315.831s][info][gc,stats    ]   Rendezvous                         80 us
[315.831s][info][gc,stats    ] Concurrent Cleanup                   46 us
[315.831s][info][gc,stats    ] Concurrent Class Unloading         6591 us
[315.831s][info][gc,stats    ]   Unlink Stale                     6157 us
[315.831s][info][gc,stats    ]     System Dictionary                59 us
[315.831s][info][gc,stats    ]     Weak Class Links               1797 us
[315.831s][info][gc,stats    ]     Code Roots                     4299 us
[315.831s][info][gc,stats    ]   Rendezvous                         83 us
[315.831s][info][gc,stats    ]   Purge Unlinked                    253 us
[315.831s][info][gc,stats    ]     Code Roots                      225 us
[315.831s][info][gc,stats    ]     CLDG                             27 us
[315.831s][info][gc,stats    ]     Exception Caches                  0 us
[315.831s][info][gc,stats    ] Pause Final Roots (G)               157 us
[315.831s][info][gc,stats    ] Pause Final Roots (N)                66 us
[315.831s][info][gc,stats    ] 
[315.831s][info][gc,stats    ] Allocation pacing accrued:
[315.831s][info][gc,stats    ]       0 of   222 ms (  0.0%): <total>
[315.831s][info][gc,stats    ]       0 of   222 ms (  0.0%): <average total>
[315.831s][info][gc,stats    ] 
[315.831s][info][gc,metaspace] Metaspace: 16566K(16832K)->16563K(16832K) NonClass: 14217K(14336K)->14215K(14336K) Class: 2348K(2496K)->2347K(2496K)
[315.831s][info][gc,ergo     ] Pacer for Idle. Initial: 163M, Alloc Tax Rate: 1.0x
[317.657s][info][gc          ] Trigger: Average GC time (2038.38 ms) is above the time for instantaneous allocation rate (4457 MB/s) to deplete free headroom (6790M) (spike threshold = 1.67)
[317.657s][info][gc,ergo     ] Free: 7199M, Max: 4096K regular, 7168M humongous, Frag: 0% external, 0% internal; Reserve: 412M, Max: 4096K
[317.657s][info][gc,start    ] GC(145) Concurrent reset
[317.657s][info][gc,task     ] GC(145) Using 1 of 3 workers for concurrent reset
[317.657s][info][gc,ergo     ] GC(145) Pacer for Reset. Non-Taxable: 8192M
[317.658s][info][gc          ] GC(145) Concurrent reset 0.331ms
[317.658s][info][gc,start    ] GC(145) Pause Init Mark (unload classes)
[317.658s][info][gc,task     ] GC(145) Using 3 of 3 workers for init marking
[317.658s][info][gc,ergo     ] GC(145) Pacer for Mark. Expected Live: 79890K, Free: 7199M, Non-Taxable: 719M, Alloc Tax Rate: 0.0x
[317.658s][info][gc          ] GC(145) Pause Init Mark (unload classes) 0.109ms
[317.685s][info][gc,start    ] GC(145) Concurrent marking roots
[317.685s][info][gc,task     ] GC(145) Using 1 of 3 workers for concurrent marking roots
[317.686s][info][gc          ] GC(145) Concurrent marking roots 0.748ms
[317.686s][info][gc,start    ] GC(145) Concurrent marking (unload classes)
[317.686s][info][gc,task     ] GC(145) Using 1 of 3 workers for concurrent marking
[317.705s][info][gc          ] GC(145) Concurrent marking (unload classes) 18.676ms
[317.705s][info][gc,start    ] GC(145) Pause Final Mark (unload classes)
[317.705s][info][gc,task     ] GC(145) Using 3 of 3 workers for final marking
[317.705s][info][gc,ergo     ] GC(145) Adaptive CSet Selection. Target Free: 1160M, Actual Free: 7756M, Max CSet: 341M, Min Garbage: 0B
[317.705s][info][gc,ergo     ] GC(145) Collectable Garbage: 572M (99%), Immediate: 408M (70%), CSet: 163M (28%)
[317.705s][info][gc,ergo     ] GC(145) Pacer for Evacuation. Used CSet: 164M, Free: 7376M, Non-Taxable: 737M, Alloc Tax Rate: 1.1x
[317.705s][info][gc          ] GC(145) Pause Final Mark (unload classes) 0.237ms
[317.720s][info][gc,start    ] GC(145) Concurrent thread roots
[317.720s][info][gc,task     ] GC(145) Using 1 of 3 workers for Concurrent thread roots
[317.721s][info][gc          ] GC(145) Concurrent thread roots 0.665ms
[317.721s][info][gc,start    ] GC(145) Concurrent weak references
[317.721s][info][gc,task     ] GC(145) Using 1 of 3 workers for concurrent weak references
[317.721s][info][gc,ref      ] GC(145) Encountered references: Soft: 173, Weak: 995, Final: 0, Phantom: 41
[317.721s][info][gc,ref      ] GC(145) Discovered  references: Soft: 0, Weak: 206, Final: 0, Phantom: 24
[317.721s][info][gc,ref      ] GC(145) Enqueued    references: Soft: 0, Weak: 4, Final: 0, Phantom: 0
[317.721s][info][gc          ] GC(145) Concurrent weak references 0.088ms
[317.721s][info][gc,start    ] GC(145) Concurrent weak roots
[317.721s][info][gc,task     ] GC(145) Using 1 of 3 workers for concurrent weak root
[317.736s][info][gc          ] GC(145) Concurrent weak roots 14.755ms
[317.736s][info][gc,start    ] GC(145) Concurrent cleanup
[317.736s][info][gc          ] GC(145) Concurrent cleanup 932M->523M(8192M) 0.068ms
[317.736s][info][gc,ergo     ] GC(145) Free: 7256M, Max: 4096K regular, 6824M humongous, Frag: 6% external, 0% internal; Reserve: 411M, Max: 4096K
[317.736s][info][gc,start    ] GC(145) Concurrent class unloading
[317.736s][info][gc,task     ] GC(145) Using 1 of 3 workers for concurrent class unloading
[317.752s][info][gc          ] GC(145) Concurrent class unloading 15.873ms
[317.752s][info][gc,start    ] GC(145) Concurrent strong roots
[317.752s][info][gc,task     ] GC(145) Using 1 of 3 workers for concurrent strong root
[317.752s][info][gc          ] GC(145) Concurrent strong roots 0.101ms
[317.752s][info][gc,start    ] GC(145) Concurrent evacuation
[317.752s][info][gc,task     ] GC(145) Using 1 of 3 workers for concurrent evacuation
[317.753s][info][gc          ] GC(145) Concurrent evacuation 1.064ms
[317.753s][info][gc,start    ] GC(145) Pause Init Update Refs
[317.753s][info][gc,ergo     ] GC(145) Pacer for Update Refs. Used: 591M, Free: 7188M, Non-Taxable: 718M, Alloc Tax Rate: 1.1x
[317.753s][info][gc          ] GC(145) Pause Init Update Refs 0.034ms
[317.785s][info][gc,start    ] GC(145) Concurrent update references
[317.786s][info][gc,task     ] GC(145) Using 1 of 3 workers for concurrent reference update
[317.888s][info][gc          ] GC(145) Concurrent update references 102.854ms
[317.888s][info][gc,start    ] GC(145) Concurrent update thread roots
[317.889s][info][gc          ] GC(145) Concurrent update thread roots 0.586ms
[317.889s][info][gc,start    ] GC(145) Pause Final Update Refs
[317.889s][info][gc,task     ] GC(145) Using 3 of 3 workers for final reference update
[317.889s][info][gc          ] GC(145) Pause Final Update Refs 0.109ms
[317.893s][info][gc,start    ] GC(145) Concurrent cleanup
[317.893s][info][gc          ] GC(145) Concurrent cleanup 1039M->895M(8192M) 0.094ms
[317.893s][info][gc,ergo     ] Free: 6884M, Max: 4096K regular, 6708M humongous, Frag: 3% external, 0% internal; Reserve: 412M, Max: 4096K
[317.893s][info][gc,stats    ] 
[317.893s][info][gc,stats    ] All times are wall-clock times, except per-root-class counters, that are sum over
[317.893s][info][gc,stats    ] all workers. Dividing the <total> over the root stage time estimates parallelism.
[317.893s][info][gc,stats    ] 
[317.893s][info][gc,stats    ] Concurrent Reset                    355 us
[317.893s][info][gc,stats    ] Pause Init Mark (G)               27582 us
[317.893s][info][gc,stats    ] Pause Init Mark (N)                 118 us
[317.893s][info][gc,stats    ]   Update Region States               31 us
[317.893s][info][gc,stats    ] Concurrent Mark Roots               771 us, parallelism: 0.75x
[317.893s][info][gc,stats    ]   CMR: <total>                      575 us
[317.893s][info][gc,stats    ]   CMR: Thread Roots                 523 us, workers (us): 523, ---, ---, 
[317.893s][info][gc,stats    ]   CMR: VM Strong Roots                7 us, workers (us):   7, ---, ---, 
[317.893s][info][gc,stats    ]   CMR: CLDG Roots                    45 us, workers (us):  45, ---, ---, 
[317.893s][info][gc,stats    ] Concurrent Marking                18756 us
[317.893s][info][gc,stats    ] Pause Final Mark (G)              15506 us
[317.893s][info][gc,stats    ] Pause Final Mark (N)                246 us
[317.893s][info][gc,stats    ]   Finish Mark                        55 us
[317.893s][info][gc,stats    ]   Update Region States               40 us
[317.893s][info][gc,stats    ]   Choose Collection Set              70 us
[317.893s][info][gc,stats    ]   Rebuild Free Set                    8 us
[317.893s][info][gc,stats    ] Concurrent Thread Roots             685 us, parallelism: 0.77x
[317.893s][info][gc,stats    ]   CTR: <total>                      528 us
[317.893s][info][gc,stats    ]   CTR: Thread Roots                 528 us, workers (us): 528, ---, ---, 
[317.893s][info][gc,stats    ] Concurrent Weak References           96 us, parallelism: 0.23x
[317.893s][info][gc,stats    ]   CWRF: <total>                      22 us
[317.893s][info][gc,stats    ]   CWRF: Weak References              22 us, workers (us):  22, ---, ---, 
[317.893s][info][gc,stats    ] Concurrent Weak Roots             14834 us
[317.893s][info][gc,stats    ]   Roots                            1268 us, parallelism: 0.97x
[317.893s][info][gc,stats    ]     CWR: <total>                   1228 us
[317.893s][info][gc,stats    ]     CWR: Code Cache Roots          1037 us, workers (us): 1037, ---, ---, 
[317.893s][info][gc,stats    ]     CWR: VM Weak Roots              181 us, workers (us): 181, ---, ---, 
[317.893s][info][gc,stats    ]     CWR: CLDG Roots                  11 us, workers (us):  11, ---, ---, 
[317.893s][info][gc,stats    ]   Rendezvous                      13456 us
[317.893s][info][gc,stats    ] Concurrent Cleanup                   77 us
[317.893s][info][gc,stats    ] Concurrent Class Unloading        15940 us
[317.893s][info][gc,stats    ]   Unlink Stale                     3881 us
[317.893s][info][gc,stats    ]     System Dictionary                16 us
[317.893s][info][gc,stats    ]     Weak Class Links                  0 us
[317.893s][info][gc,stats    ]     Code Roots                     3864 us
[317.893s][info][gc,stats    ]   Rendezvous                      11625 us
[317.893s][info][gc,stats    ]   Purge Unlinked                    344 us
[317.893s][info][gc,stats    ]     Code Roots                      335 us
[317.893s][info][gc,stats    ]     CLDG                              8 us
[317.893s][info][gc,stats    ]     Exception Caches                  0 us
[317.893s][info][gc,stats    ] Concurrent Strong Roots             111 us, parallelism: 0.47x
[317.893s][info][gc,stats    ]   CSR: <total>                       52 us
[317.893s][info][gc,stats    ]   CSR: VM Strong Roots                4 us, workers (us):   4, ---, ---, 
[317.893s][info][gc,stats    ]   CSR: CLDG Roots                    49 us, workers (us):  49, ---, ---, 
[317.893s][info][gc,stats    ] Concurrent Evacuation              1077 us
[317.893s][info][gc,stats    ] Pause Init Update Refs (G)        32319 us
[317.893s][info][gc,stats    ] Pause Init Update Refs (N)           41 us
[317.893s][info][gc,stats    ]   Manage GCLABs                       5 us
[317.893s][info][gc,stats    ] Concurrent Update Refs           102927 us
[317.893s][info][gc,stats    ] Concurrent Update Thread Roots      602 us
[317.893s][info][gc,stats    ] Pause Final Update Refs (G)        3821 us
[317.893s][info][gc,stats    ] Pause Final Update Refs (N)         131 us
[317.893s][info][gc,stats    ]   Update Region States               40 us
[317.893s][info][gc,stats    ]   Trash Collection Set                3 us
[317.893s][info][gc,stats    ]   Rebuild Free Set                   14 us
[317.893s][info][gc,stats    ] Concurrent Cleanup                  105 us
[317.893s][info][gc,stats    ] 
[317.893s][info][gc,stats    ] Allocation pacing accrued:
[317.893s][info][gc,stats    ]       0 of  2063 ms (  0.0%): <total>
[317.893s][info][gc,stats    ]       0 of  2063 ms (  0.0%): <average total>
[317.893s][info][gc,stats    ] 
[317.893s][info][gc,metaspace] Metaspace: 16568K(16832K)->16568K(16832K) NonClass: 14219K(14336K)->14219K(14336K) Class: 2348K(2496K)->2348K(2496K)
[317.893s][info][gc,ergo     ] Pacer for Idle. Initial: 163M, Alloc Tax Rate: 1.0x
[318.018s][info][gc          ] Trigger: Average GC time (1482.96 ms) is above the time for average allocation rate (4247 MB/s) to deplete free headroom (5806M) (margin of error = 1.81)
[318.018s][info][gc,ergo     ] Free headroom: 6216M (free) - 409M (spike) - 0B (penalties) = 5806M
[318.018s][info][gc,ergo     ] Free: 6212M, Max: 4096K regular, 6176M humongous, Frag: 0% external, 0% internal; Reserve: 412M, Max: 4096K
[318.018s][info][gc,start    ] GC(146) Concurrent reset
[318.018s][info][gc,task     ] GC(146) Using 1 of 3 workers for concurrent reset
[318.018s][info][gc,ergo     ] GC(146) Pacer for Reset. Non-Taxable: 8192M
[318.019s][info][gc          ] GC(146) Concurrent reset 1.042ms
[318.020s][info][gc,start    ] GC(146) Pause Init Mark (unload classes)
[318.020s][info][gc,task     ] GC(146) Using 3 of 3 workers for init marking
[318.020s][info][gc,ergo     ] GC(146) Pacer for Mark. Expected Live: 79941K, Free: 6204M, Non-Taxable: 620M, Alloc Tax Rate: 0.0x
[318.020s][info][gc          ] GC(146) Pause Init Mark (unload classes) 0.116ms
[318.049s][info][gc,start    ] GC(146) Concurrent marking roots
[318.049s][info][gc,task     ] GC(146) Using 1 of 3 workers for concurrent marking roots
[318.049s][info][gc          ] GC(146) Concurrent marking roots 0.740ms
[318.049s][info][gc,start    ] GC(146) Concurrent marking (unload classes)
[318.049s][info][gc,task     ] GC(146) Using 1 of 3 workers for concurrent marking
[318.066s][info][gc          ] GC(146) Concurrent marking (unload classes) 16.843ms
[318.066s][info][gc,start    ] GC(146) Pause Final Mark (unload classes)
[318.066s][info][gc,task     ] GC(146) Using 3 of 3 workers for final marking
[318.066s][info][gc,ergo     ] GC(146) Adaptive CSet Selection. Target Free: 1160M, Actual Free: 7796M, Max CSet: 341M, Min Garbage: 0B
[318.067s][info][gc,ergo     ] GC(146) Collectable Garbage: 1567M (99%), Immediate: 1424M (90%), CSet: 143M (9%)
[318.067s][info][gc,ergo     ] GC(146) Pacer for Evacuation. Used CSet: 144M, Free: 7420M, Non-Taxable: 742M, Alloc Tax Rate: 1.1x
[318.067s][info][gc          ] GC(146) Pause Final Mark (unload classes) 0.211ms
[318.097s][info][gc,start    ] GC(146) Concurrent thread roots
[318.097s][info][gc,task     ] GC(146) Using 1 of 3 workers for Concurrent thread roots
[318.098s][info][gc          ] GC(146) Concurrent thread roots 0.685ms
[318.098s][info][gc,start    ] GC(146) Concurrent weak references
[318.098s][info][gc,task     ] GC(146) Using 1 of 3 workers for concurrent weak references
[318.098s][info][gc,ref      ] GC(146) Encountered references: Soft: 173, Weak: 991, Final: 0, Phantom: 41
[318.098s][info][gc,ref      ] GC(146) Discovered  references: Soft: 0, Weak: 202, Final: 0, Phantom: 24
[318.098s][info][gc,ref      ] GC(146) Enqueued    references: Soft: 0, Weak: 0, Final: 0, Phantom: 0
[318.098s][info][gc          ] GC(146) Concurrent weak references 0.072ms
[318.098s][info][gc,start    ] GC(146) Concurrent weak roots
[318.098s][info][gc,task     ] GC(146) Using 1 of 3 workers for concurrent weak root
[318.113s][info][gc          ] GC(146) Concurrent weak roots 15.122ms
[318.113s][info][gc,start    ] GC(146) Concurrent cleanup
[318.113s][info][gc          ] GC(146) Concurrent cleanup 1955M->531M(8192M) 0.084ms
[318.113s][info][gc,ergo     ] GC(146) Free: 7248M, Max: 4096K regular, 5788M humongous, Frag: 20% external, 0% internal; Reserve: 411M, Max: 4096K
[318.113s][info][gc,start    ] GC(146) Concurrent class unloading
[318.113s][info][gc,task     ] GC(146) Using 1 of 3 workers for concurrent class unloading
[318.129s][info][gc          ] GC(146) Concurrent class unloading 16.165ms
[318.129s][info][gc,start    ] GC(146) Concurrent strong roots
[318.129s][info][gc,task     ] GC(146) Using 1 of 3 workers for concurrent strong root
[318.129s][info][gc          ] GC(146) Concurrent strong roots 0.110ms
[318.129s][info][gc,start    ] GC(146) Concurrent evacuation
[318.129s][info][gc,task     ] GC(146) Using 1 of 3 workers for concurrent evacuation
[318.131s][info][gc          ] GC(146) Concurrent evacuation 1.102ms
[318.131s][info][gc,start    ] GC(146) Pause Init Update Refs
[318.131s][info][gc,ergo     ] GC(146) Pacer for Update Refs. Used: 600M, Free: 7180M, Non-Taxable: 718M, Alloc Tax Rate: 1.1x
[318.131s][info][gc          ] GC(146) Pause Init Update Refs 0.064ms
[318.144s][info][gc,start    ] GC(146) Concurrent update references
[318.144s][info][gc,task     ] GC(146) Using 1 of 3 workers for concurrent reference update
[318.234s][info][gc          ] GC(146) Concurrent update references 90.042ms
[318.234s][info][gc,start    ] GC(146) Concurrent update thread roots
[318.239s][info][gc          ] GC(146) Concurrent update thread roots 4.104ms
[318.239s][info][gc,start    ] GC(146) Pause Final Update Refs
[318.239s][info][gc,task     ] GC(146) Using 3 of 3 workers for final reference update
[318.239s][info][gc          ] GC(146) Pause Final Update Refs 0.146ms
[318.242s][info][gc,start    ] GC(146) Concurrent cleanup
[318.242s][info][gc          ] GC(146) Concurrent cleanup 960M->824M(8192M) 0.128ms
[318.242s][info][gc,ergo     ] Free: 6955M, Max: 4096K regular, 5784M humongous, Frag: 17% external, 0% internal; Reserve: 412M, Max: 4096K
[318.242s][info][gc,stats    ] 
[318.242s][info][gc,stats    ] All times are wall-clock times, except per-root-class counters, that are sum over
[318.242s][info][gc,stats    ] all workers. Dividing the <total> over the root stage time estimates parallelism.
[318.242s][info][gc,stats    ] 
[318.242s][info][gc,stats    ] Concurrent Reset                   1099 us
[318.242s][info][gc,stats    ] Pause Init Mark (G)               29111 us
[318.242s][info][gc,stats    ] Pause Init Mark (N)                 127 us
[318.242s][info][gc,stats    ]   Update Region States               29 us
[318.242s][info][gc,stats    ] Concurrent Mark Roots               766 us, parallelism: 0.76x
[318.242s][info][gc,stats    ]   CMR: <total>                      578 us
[318.242s][info][gc,stats    ]   CMR: Thread Roots                 525 us, workers (us): 525, ---, ---, 
[318.242s][info][gc,stats    ]   CMR: VM Strong Roots                7 us, workers (us):   7, ---, ---, 
[318.242s][info][gc,stats    ]   CMR: CLDG Roots                    47 us, workers (us):  47, ---, ---, 
[318.242s][info][gc,stats    ] Concurrent Marking                16913 us
[318.242s][info][gc,stats    ] Pause Final Mark (G)              30578 us
[318.242s][info][gc,stats    ] Pause Final Mark (N)                220 us
[318.242s][info][gc,stats    ]   Finish Mark                        43 us
[318.242s][info][gc,stats    ]   Update Region States               37 us
[318.242s][info][gc,stats    ]   Choose Collection Set              83 us
[318.242s][info][gc,stats    ]   Rebuild Free Set                    8 us
[318.242s][info][gc,stats    ] Concurrent Thread Roots             706 us, parallelism: 0.75x
[318.242s][info][gc,stats    ]   CTR: <total>                      529 us
[318.242s][info][gc,stats    ]   CTR: Thread Roots                 529 us, workers (us): 529, ---, ---, 
[318.242s][info][gc,stats    ] Concurrent Weak References           79 us, parallelism: 0.22x
[318.242s][info][gc,stats    ]   CWRF: <total>                      17 us
[318.242s][info][gc,stats    ]   CWRF: Weak References              17 us, workers (us):  17, ---, ---, 
[318.242s][info][gc,stats    ] Concurrent Weak Roots             15270 us
[318.242s][info][gc,stats    ]   Roots                            1174 us, parallelism: 0.96x
[318.242s][info][gc,stats    ]     CWR: <total>                   1129 us
[318.242s][info][gc,stats    ]     CWR: Code Cache Roots           996 us, workers (us): 996, ---, ---, 
[318.242s][info][gc,stats    ]     CWR: VM Weak Roots              121 us, workers (us): 121, ---, ---, 
[318.242s][info][gc,stats    ]     CWR: CLDG Roots                  12 us, workers (us):  12, ---, ---, 
[318.242s][info][gc,stats    ]   Rendezvous                      13922 us
[318.242s][info][gc,stats    ] Concurrent Cleanup                   94 us
[318.242s][info][gc,stats    ] Concurrent Class Unloading        16236 us
[318.242s][info][gc,stats    ]   Unlink Stale                     3991 us
[318.242s][info][gc,stats    ]     System Dictionary                18 us
[318.242s][info][gc,stats    ]     Weak Class Links                  0 us
[318.242s][info][gc,stats    ]     Code Roots                     3971 us
[318.242s][info][gc,stats    ]   Rendezvous                      11780 us
[318.242s][info][gc,stats    ]   Purge Unlinked                    359 us
[318.242s][info][gc,stats    ]     Code Roots                      345 us
[318.242s][info][gc,stats    ]     CLDG                             13 us
[318.242s][info][gc,stats    ]     Exception Caches                  0 us
[318.242s][info][gc,stats    ] Concurrent Strong Roots             122 us, parallelism: 0.44x
[318.242s][info][gc,stats    ]   CSR: <total>                       53 us
[318.242s][info][gc,stats    ]   CSR: VM Strong Roots                4 us, workers (us):   4, ---, ---, 
[318.242s][info][gc,stats    ]   CSR: CLDG Roots                    49 us, workers (us):  49, ---, ---, 
[318.242s][info][gc,stats    ] Concurrent Evacuation              1150 us
[318.242s][info][gc,stats    ] Pause Init Update Refs (G)        13819 us
[318.242s][info][gc,stats    ] Pause Init Update Refs (N)           74 us
[318.242s][info][gc,stats    ]   Manage GCLABs                       3 us
[318.242s][info][gc,stats    ] Concurrent Update Refs            90120 us
[318.242s][info][gc,stats    ] Concurrent Update Thread Roots     4177 us
[318.242s][info][gc,stats    ] Pause Final Update Refs (G)        3063 us
[318.242s][info][gc,stats    ] Pause Final Update Refs (N)         157 us
[318.242s][info][gc,stats    ]   Update Region States               67 us
[318.242s][info][gc,stats    ]   Trash Collection Set                2 us
[318.242s][info][gc,stats    ]   Rebuild Free Set                   13 us
[318.242s][info][gc,stats    ] Concurrent Cleanup                  140 us
[318.242s][info][gc,stats    ] 
[318.242s][info][gc,stats    ] Allocation pacing accrued:
[318.242s][info][gc,stats    ]       0 of   349 ms (  0.0%): <total>
[318.242s][info][gc,stats    ]       0 of   349 ms (  0.0%): <average total>
[318.242s][info][gc,stats    ] 
[318.242s][info][gc,metaspace] Metaspace: 16568K(16832K)->16568K(16832K) NonClass: 14219K(14336K)->14219K(14336K) Class: 2348K(2496K)->2348K(2496K)
[318.242s][info][gc,ergo     ] Pacer for Idle. Initial: 163M, Alloc Tax Rate: 1.0x
[321.883s][info][gc          ] Trigger: Learning 4 of 5. Free (5727M) is below initial threshold (5734M)
[321.883s][info][gc,ergo     ] Free: 5723M, Max: 4096K regular, 5684M humongous, Frag: 0% external, 0% internal; Reserve: 412M, Max: 4096K
[321.883s][info][gc,start    ] GC(147) Concurrent reset
[321.883s][info][gc,task     ] GC(147) Using 1 of 3 workers for concurrent reset
[321.883s][info][gc,ergo     ] GC(147) Pacer for Reset. Non-Taxable: 8192M
[321.884s][info][gc          ] GC(147) Concurrent reset 0.807ms
[321.884s][info][gc,start    ] GC(147) Pause Init Mark (unload classes)
[321.884s][info][gc,task     ] GC(147) Using 3 of 3 workers for init marking
[321.884s][info][gc,ergo     ] GC(147) Pacer for Mark. Expected Live: 79939K, Free: 5723M, Non-Taxable: 572M, Alloc Tax Rate: 0.0x
[321.884s][info][gc          ] GC(147) Pause Init Mark (unload classes) 0.224ms
[321.884s][info][gc,start    ] GC(147) Concurrent marking roots
[321.884s][info][gc,task     ] GC(147) Using 1 of 3 workers for concurrent marking roots
[321.885s][info][gc          ] GC(147) Concurrent marking roots 1.013ms
[321.885s][info][gc,start    ] GC(147) Concurrent marking (unload classes)
[321.885s][info][gc,task     ] GC(147) Using 1 of 3 workers for concurrent marking
[322.307s][info][gc          ] GC(147) Concurrent marking (unload classes) 421.082ms
[322.307s][info][gc,start    ] GC(147) Pause Final Mark (unload classes)
[322.307s][info][gc,task     ] GC(147) Using 3 of 3 workers for final marking
[322.307s][info][gc,ergo     ] GC(147) Adaptive CSet Selection. Target Free: 1160M, Actual Free: 7088M, Max CSet: 341M, Min Garbage: 0B
[322.307s][info][gc,ergo     ] GC(147) Collectable Garbage: 1845M (99%), Immediate: 1536M (83%), CSet: 308M (16%)
[322.307s][info][gc,ergo     ] GC(147) Pacer for Evacuation. Used CSet: 512M, Free: 6716M, Non-Taxable: 671M, Alloc Tax Rate: 1.1x
[322.307s][info][gc          ] GC(147) Pause Final Mark (unload classes) 0.404ms
[322.307s][info][gc,start    ] GC(147) Concurrent thread roots
[322.307s][info][gc,task     ] GC(147) Using 1 of 3 workers for Concurrent thread roots
[322.308s][info][gc          ] GC(147) Concurrent thread roots 1.041ms
[322.308s][info][gc,start    ] GC(147) Concurrent weak references
[322.308s][info][gc,task     ] GC(147) Using 1 of 3 workers for concurrent weak references
[322.308s][info][gc,ref      ] GC(147) Encountered references: Soft: 173, Weak: 997, Final: 0, Phantom: 41
[322.308s][info][gc,ref      ] GC(147) Discovered  references: Soft: 0, Weak: 211, Final: 0, Phantom: 24
[322.308s][info][gc,ref      ] GC(147) Enqueued    references: Soft: 0, Weak: 5, Final: 0, Phantom: 0
[322.308s][info][gc          ] GC(147) Concurrent weak references 0.083ms
[322.308s][info][gc,start    ] GC(147) Concurrent weak roots
[322.308s][info][gc,task     ] GC(147) Using 1 of 3 workers for concurrent weak root
[322.309s][info][gc          ] GC(147) Concurrent weak roots 1.083ms
[322.309s][info][gc,start    ] GC(147) Concurrent cleanup
[322.309s][info][gc          ] GC(147) Concurrent cleanup 2604M->1068M(8192M) 0.045ms
[322.309s][info][gc,ergo     ] GC(147) Free: 6712M, Max: 4096K regular, 5140M humongous, Frag: 24% external, 0% internal; Reserve: 410M, Max: 4096K
[322.309s][info][gc,start    ] GC(147) Concurrent class unloading
[322.309s][info][gc,task     ] GC(147) Using 1 of 3 workers for concurrent class unloading
[322.313s][info][gc          ] GC(147) Concurrent class unloading 3.396ms
[322.313s][info][gc,start    ] GC(147) Concurrent strong roots
[322.313s][info][gc,task     ] GC(147) Using 1 of 3 workers for concurrent strong root
[322.313s][info][gc          ] GC(147) Concurrent strong roots 0.176ms
[322.313s][info][gc,start    ] GC(147) Concurrent evacuation
[322.313s][info][gc,task     ] GC(147) Using 1 of 3 workers for concurrent evacuation
[322.491s][info][gc          ] GC(147) Concurrent evacuation 177.866ms
[322.491s][info][gc,start    ] GC(147) Pause Init Update Refs
[322.491s][info][gc,ergo     ] GC(147) Pacer for Update Refs. Used: 1306M, Free: 6677M, Non-Taxable: 667M, Alloc Tax Rate: 1.1x
[322.491s][info][gc          ] GC(147) Pause Init Update Refs 0.039ms
[322.491s][info][gc,start    ] GC(147) Concurrent update references
[322.491s][info][gc,task     ] GC(147) Using 1 of 3 workers for concurrent reference update
[323.152s][info][gc          ] GC(147) Concurrent update references 660.550ms
[323.152s][info][gc,start    ] GC(147) Concurrent update thread roots
[323.153s][info][gc          ] GC(147) Concurrent update thread roots 1.022ms
[323.153s][info][gc,start    ] GC(147) Pause Final Update Refs
[323.153s][info][gc,task     ] GC(147) Using 3 of 3 workers for final reference update
[323.153s][info][gc          ] GC(147) Pause Final Update Refs 0.204ms
[323.153s][info][gc,start    ] GC(147) Concurrent cleanup
[323.153s][info][gc          ] GC(147) Concurrent cleanup 1634M->1122M(8192M) 0.041ms
[323.153s][info][gc,ergo     ] Free: 6657M, Max: 4096K regular, 4936M humongous, Frag: 26% external, 0% internal; Reserve: 412M, Max: 4096K
[323.153s][info][gc,stats    ] 
[323.153s][info][gc,stats    ] All times are wall-clock times, except per-root-class counters, that are sum over
[323.153s][info][gc,stats    ] all workers. Dividing the <total> over the root stage time estimates parallelism.
[323.153s][info][gc,stats    ] 
[323.153s][info][gc,stats    ] Concurrent Reset                    860 us
[323.153s][info][gc,stats    ] Pause Init Mark (G)                 420 us
[323.153s][info][gc,stats    ] Pause Init Mark (N)                 251 us
[323.153s][info][gc,stats    ]   Update Region States              101 us
[323.153s][info][gc,stats    ] Concurrent Mark Roots              1034 us, parallelism: 0.87x
[323.153s][info][gc,stats    ]   CMR: <total>                      903 us
[323.153s][info][gc,stats    ]   CMR: Thread Roots                 831 us, workers (us): 831, ---, ---, 
[323.153s][info][gc,stats    ]   CMR: VM Strong Roots                6 us, workers (us):   6, ---, ---, 
[323.153s][info][gc,stats    ]   CMR: CLDG Roots                    66 us, workers (us):  66, ---, ---, 
[323.153s][info][gc,stats    ] Concurrent Marking               421144 us
[323.153s][info][gc,stats    ] Pause Final Mark (G)                514 us
[323.153s][info][gc,stats    ] Pause Final Mark (N)                422 us
[323.153s][info][gc,stats    ]   Finish Mark                       111 us
[323.153s][info][gc,stats    ]   Update Region States               60 us
[323.153s][info][gc,stats    ]   Choose Collection Set             113 us
[323.153s][info][gc,stats    ]   Rebuild Free Set                   16 us
[323.153s][info][gc,stats    ] Concurrent Thread Roots            1051 us, parallelism: 0.92x
[323.153s][info][gc,stats    ]   CTR: <total>                      969 us
[323.153s][info][gc,stats    ]   CTR: Thread Roots                 969 us, workers (us): 969, ---, ---, 
[323.153s][info][gc,stats    ] Concurrent Weak References           90 us, parallelism: 0.19x
[323.153s][info][gc,stats    ]   CWRF: <total>                      17 us
[323.153s][info][gc,stats    ]   CWRF: Weak References              17 us, workers (us):  17, ---, ---, 
[323.153s][info][gc,stats    ] Concurrent Weak Roots              1093 us
[323.153s][info][gc,stats    ]   Roots                             973 us, parallelism: 0.88x
[323.153s][info][gc,stats    ]     CWR: <total>                    860 us
[323.153s][info][gc,stats    ]     CWR: Code Cache Roots           734 us, workers (us): 734, ---, ---, 
[323.154s][info][gc,stats    ]     CWR: VM Weak Roots              116 us, workers (us): 116, ---, ---, 
[323.154s][info][gc,stats    ]     CWR: CLDG Roots                  10 us, workers (us):  10, ---, ---, 
[323.154s][info][gc,stats    ]   Rendezvous                         96 us
[323.154s][info][gc,stats    ] Concurrent Cleanup                   53 us
[323.154s][info][gc,stats    ] Concurrent Class Unloading         3425 us
[323.154s][info][gc,stats    ]   Unlink Stale                     3090 us
[323.154s][info][gc,stats    ]     System Dictionary                12 us
[323.154s][info][gc,stats    ]     Weak Class Links                  0 us
[323.154s][info][gc,stats    ]     Code Roots                     3077 us
[323.154s][info][gc,stats    ]   Rendezvous                         99 us
[323.154s][info][gc,stats    ]   Purge Unlinked                    190 us
[323.154s][info][gc,stats    ]     Code Roots                      184 us
[323.154s][info][gc,stats    ]     CLDG                              5 us
[323.154s][info][gc,stats    ]     Exception Caches                  0 us
[323.154s][info][gc,stats    ] Concurrent Strong Roots             194 us, parallelism: 0.35x
[323.154s][info][gc,stats    ]   CSR: <total>                       68 us
[323.154s][info][gc,stats    ]   CSR: VM Strong Roots                6 us, workers (us):   6, ---, ---, 
[323.154s][info][gc,stats    ]   CSR: CLDG Roots                    63 us, workers (us):  63, ---, ---, 
[323.154s][info][gc,stats    ] Concurrent Evacuation            177941 us
[323.154s][info][gc,stats    ] Pause Init Update Refs (G)          225 us
[323.154s][info][gc,stats    ] Pause Init Update Refs (N)           48 us
[323.154s][info][gc,stats    ]   Manage GCLABs                       4 us
[323.154s][info][gc,stats    ] Concurrent Update Refs           660617 us
[323.154s][info][gc,stats    ] Concurrent Update Thread Roots     1040 us
[323.154s][info][gc,stats    ] Pause Final Update Refs (G)         353 us
[323.154s][info][gc,stats    ] Pause Final Update Refs (N)         242 us
[323.154s][info][gc,stats    ]   Update Region States               98 us
[323.154s][info][gc,stats    ]   Trash Collection Set                6 us
[323.154s][info][gc,stats    ]   Rebuild Free Set                   21 us
[323.154s][info][gc,stats    ] Concurrent Cleanup                   56 us
[323.154s][info][gc,stats    ] 
[323.154s][info][gc,stats    ] Allocation pacing accrued:
[323.154s][info][gc,stats    ]       0 of  4911 ms (  0.0%): <total>
[323.154s][info][gc,stats    ]       0 of  4911 ms (  0.0%): <average total>
[323.154s][info][gc,stats    ] 
[323.154s][info][gc,metaspace] Metaspace: 16569K(16832K)->16569K(16832K) NonClass: 14220K(14336K)->14220K(14336K) Class: 2348K(2496K)->2348K(2496K)
[323.154s][info][gc,ergo     ] Pacer for Idle. Initial: 163M, Alloc Tax Rate: 1.0x
[324.160s][info][gc          ] Trigger: Explicit GC request (System.gc())
[324.160s][info][gc,ergo     ] Free: 6376M, Max: 4096K regular, 4936M humongous, Frag: 23% external, 0% internal; Reserve: 412M, Max: 4096K
[324.160s][info][gc,start    ] GC(148) Concurrent reset
[324.160s][info][gc,task     ] GC(148) Using 1 of 3 workers for concurrent reset
[324.160s][info][gc,ergo     ] GC(148) Pacer for Reset. Non-Taxable: 8192M
[324.163s][info][gc          ] GC(148) Concurrent reset 2.667ms
[324.163s][info][gc,start    ] GC(148) Pause Init Mark (unload classes)
[324.163s][info][gc,task     ] GC(148) Using 3 of 3 workers for init marking
[324.163s][info][gc,ref      ] GC(148) Clearing All SoftReferences
[324.163s][info][gc,ergo     ] GC(148) Pacer for Mark. Expected Live: 118M, Free: 6376M, Non-Taxable: 637M, Alloc Tax Rate: 0.0x
[324.163s][info][gc          ] GC(148) Pause Init Mark (unload classes) 0.181ms
[324.164s][info][gc,start    ] GC(148) Concurrent marking roots
[324.164s][info][gc,task     ] GC(148) Using 1 of 3 workers for concurrent marking roots
[324.165s][info][gc          ] GC(148) Concurrent marking roots 1.132ms
[324.165s][info][gc,start    ] GC(148) Concurrent marking (unload classes)
[324.165s][info][gc,task     ] GC(148) Using 1 of 3 workers for concurrent marking
[324.170s][info][gc          ] GC(148) Concurrent marking (unload classes) 5.093ms
[324.170s][info][gc,start    ] GC(148) Pause Final Mark (unload classes)
[324.170s][info][gc,task     ] GC(148) Using 3 of 3 workers for final marking
[324.170s][info][gc,ergo     ] GC(148) Collectable Garbage: 1371M (98%), Immediate: 1371M (98%), CSet: 0B (0%)
[324.170s][info][gc          ] GC(148) Pause Final Mark (unload classes) 0.312ms
[324.170s][info][gc,start    ] GC(148) Concurrent weak references
[324.170s][info][gc,task     ] GC(148) Using 1 of 3 workers for concurrent weak references
[324.170s][info][gc,ref      ] GC(148) Encountered references: Soft: 172, Weak: 993, Final: 0, Phantom: 41
[324.170s][info][gc,ref      ] GC(148) Discovered  references: Soft: 108, Weak: 221, Final: 0, Phantom: 24
[324.171s][info][gc,ref      ] GC(148) Enqueued    references: Soft: 4, Weak: 8, Final: 0, Phantom: 0
[324.171s][info][gc          ] GC(148) Concurrent weak references 0.270ms
[324.171s][info][gc,start    ] GC(148) Concurrent weak roots
[324.171s][info][gc,task     ] GC(148) Using 1 of 3 workers for concurrent weak root
[324.172s][info][gc          ] GC(148) Concurrent weak roots 0.987ms
[324.172s][info][gc,start    ] GC(148) Concurrent cleanup
[324.172s][info][gc          ] GC(148) Concurrent cleanup 1403M->31M(8192M) 0.046ms
[324.172s][info][gc,ergo     ] GC(148) Free: 7748M, Max: 4096K regular, 7084M humongous, Frag: 9% external, 0% internal; Reserve: 412M, Max: 4096K
[324.172s][info][gc,start    ] GC(148) Concurrent class unloading
[324.172s][info][gc,task     ] GC(148) Using 1 of 3 workers for concurrent class unloading
[324.177s][info][gc          ] GC(148) Concurrent class unloading 5.458ms
[324.177s][info][gc,start    ] GC(148) Pause Final Roots
[324.177s][info][gc          ] GC(148) Pause Final Roots 0.043ms
[324.177s][info][gc,ergo     ] Free: 7748M, Max: 4096K regular, 7084M humongous, Frag: 9% external, 0% internal; Reserve: 412M, Max: 4096K
[324.177s][info][gc,stats    ] 
[324.177s][info][gc,stats    ] All times are wall-clock times, except per-root-class counters, that are sum over
[324.177s][info][gc,stats    ] all workers. Dividing the <total> over the root stage time estimates parallelism.
[324.177s][info][gc,stats    ] 
[324.177s][info][gc,stats    ] Concurrent Reset                   2746 us
[324.177s][info][gc,stats    ] Pause Init Mark (G)                 311 us
[324.177s][info][gc,stats    ] Pause Init Mark (N)                 190 us
[324.177s][info][gc,stats    ]   Update Region States               86 us
[324.177s][info][gc,stats    ] Concurrent Mark Roots              1150 us, parallelism: 0.85x
[324.177s][info][gc,stats    ]   CMR: <total>                      980 us
[324.177s][info][gc,stats    ]   CMR: Thread Roots                 932 us, workers (us): 932, ---, ---, 
[324.177s][info][gc,stats    ]   CMR: VM Strong Roots                4 us, workers (us):   4, ---, ---, 
[324.177s][info][gc,stats    ]   CMR: CLDG Roots                    43 us, workers (us):  43, ---, ---, 
[324.177s][info][gc,stats    ] Concurrent Marking                 5156 us
[324.177s][info][gc,stats    ] Pause Final Mark (G)                454 us
[324.177s][info][gc,stats    ] Pause Final Mark (N)                334 us
[324.177s][info][gc,stats    ]   Finish Mark                        93 us
[324.177s][info][gc,stats    ]   Update Region States               65 us
[324.177s][info][gc,stats    ]   Choose Collection Set              54 us
[324.178s][info][gc,stats    ]   Rebuild Free Set                   21 us
[324.178s][info][gc,stats    ] Concurrent Weak References          286 us, parallelism: 0.10x
[324.178s][info][gc,stats    ]   CWRF: <total>                      29 us
[324.178s][info][gc,stats    ]   CWRF: Weak References              29 us, workers (us):  29, ---, ---, 
[324.178s][info][gc,stats    ] Concurrent Weak Roots              1018 us
[324.178s][info][gc,stats    ]   Roots                             846 us, parallelism: 0.92x
[324.178s][info][gc,stats    ]     CWR: <total>                    780 us
[324.178s][info][gc,stats    ]     CWR: Code Cache Roots           662 us, workers (us): 662, ---, ---, 
[324.178s][info][gc,stats    ]     CWR: VM Weak Roots              109 us, workers (us): 109, ---, ---, 
[324.178s][info][gc,stats    ]     CWR: CLDG Roots                   9 us, workers (us):   9, ---, ---, 
[324.178s][info][gc,stats    ]   Rendezvous                        107 us
[324.178s][info][gc,stats    ] Concurrent Cleanup                   60 us
[324.178s][info][gc,stats    ] Concurrent Class Unloading         5508 us
[324.178s][info][gc,stats    ]   Unlink Stale                     5088 us
[324.178s][info][gc,stats    ]     System Dictionary                60 us
[324.178s][info][gc,stats    ]     Weak Class Links               1791 us
[324.178s][info][gc,stats    ]     Code Roots                     3236 us
[324.178s][info][gc,stats    ]   Rendezvous                         90 us
[324.178s][info][gc,stats    ]   Purge Unlinked                    260 us
[324.178s][info][gc,stats    ]     Code Roots                      234 us
[324.178s][info][gc,stats    ]     CLDG                             26 us
[324.178s][info][gc,stats    ]     Exception Caches                  0 us
[324.178s][info][gc,stats    ] Pause Final Roots (G)               143 us
[324.178s][info][gc,stats    ] Pause Final Roots (N)                62 us
[324.178s][info][gc,stats    ] 
[324.178s][info][gc,stats    ] Allocation pacing accrued:
[324.178s][info][gc,stats    ]       0 of  1024 ms (  0.0%): <total>
[324.178s][info][gc,stats    ]       0 of  1024 ms (  0.0%): <average total>
[324.178s][info][gc,stats    ] 
[324.178s][info][gc,metaspace] Metaspace: 16569K(16832K)->16565K(16832K) NonClass: 14221K(14336K)->14217K(14336K) Class: 2348K(2496K)->2347K(2496K)
[324.178s][info][gc,ergo     ] Pacer for Idle. Initial: 163M, Alloc Tax Rate: 1.0x
[325.773s][info][gc          ] Trigger: Average GC time (1414.61 ms) is above the time for instantaneous allocation rate (5610 MB/s) to deplete free headroom (6502M) (spike threshold = 1.67)
[325.773s][info][gc,ergo     ] Free: 6912M, Max: 4096K regular, 6876M humongous, Frag: 0% external, 0% internal; Reserve: 412M, Max: 4096K
[325.773s][info][gc,start    ] GC(149) Concurrent reset
[325.773s][info][gc,task     ] GC(149) Using 1 of 3 workers for concurrent reset
[325.773s][info][gc,ergo     ] GC(149) Pacer for Reset. Non-Taxable: 8192M
[325.773s][info][gc          ] GC(149) Concurrent reset 0.385ms
[325.773s][info][gc,start    ] GC(149) Pause Init Mark (unload classes)
[325.773s][info][gc,task     ] GC(149) Using 3 of 3 workers for init marking
[325.774s][info][gc,ergo     ] GC(149) Pacer for Mark. Expected Live: 46004K, Free: 6912M, Non-Taxable: 691M, Alloc Tax Rate: 0.0x
[325.774s][info][gc          ] GC(149) Pause Init Mark (unload classes) 0.108ms
[325.798s][info][gc,start    ] GC(149) Concurrent marking roots
[325.799s][info][gc,task     ] GC(149) Using 1 of 3 workers for concurrent marking roots
[325.799s][info][gc          ] GC(149) Concurrent marking roots 0.750ms
[325.799s][info][gc,start    ] GC(149) Concurrent marking (unload classes)
[325.799s][info][gc,task     ] GC(149) Using 1 of 3 workers for concurrent marking
[325.820s][info][gc          ] GC(149) Concurrent marking (unload classes) 21.158ms
[325.821s][info][gc,start    ] GC(149) Pause Final Mark (unload classes)
[325.821s][info][gc,task     ] GC(149) Using 3 of 3 workers for final marking
[325.821s][info][gc,ergo     ] GC(149) Adaptive CSet Selection. Target Free: 1160M, Actual Free: 7732M, Max CSet: 341M, Min Garbage: 0B
[325.821s][info][gc,ergo     ] GC(149) Collectable Garbage: 860M (99%), Immediate: 676M (78%), CSet: 183M (21%)
[325.821s][info][gc,ergo     ] GC(149) Pacer for Evacuation. Used CSet: 184M, Free: 7356M, Non-Taxable: 735M, Alloc Tax Rate: 1.1x
[325.821s][info][gc          ] GC(149) Pause Final Mark (unload classes) 0.243ms
[325.821s][info][gc,start    ] GC(149) Concurrent thread roots
[325.821s][info][gc,task     ] GC(149) Using 1 of 3 workers for Concurrent thread roots
[325.821s][info][gc          ] GC(149) Concurrent thread roots 0.551ms
[325.821s][info][gc,start    ] GC(149) Concurrent weak references
[325.821s][info][gc,task     ] GC(149) Using 1 of 3 workers for concurrent weak references
[325.822s][info][gc,ref      ] GC(149) Encountered references: Soft: 173, Weak: 993, Final: 0, Phantom: 41
[325.822s][info][gc,ref      ] GC(149) Discovered  references: Soft: 0, Weak: 207, Final: 0, Phantom: 24
[325.822s][info][gc,ref      ] GC(149) Enqueued    references: Soft: 0, Weak: 5, Final: 0, Phantom: 0
[325.822s][info][gc          ] GC(149) Concurrent weak references 0.077ms
[325.822s][info][gc,start    ] GC(149) Concurrent weak roots
[325.822s][info][gc,task     ] GC(149) Using 1 of 3 workers for concurrent weak root
[325.836s][info][gc          ] GC(149) Concurrent weak roots 14.490ms
[325.836s][info][gc,start    ] GC(149) Concurrent cleanup
[325.836s][info][gc          ] GC(149) Concurrent cleanup 1171M->495M(8192M) 0.053ms
[325.836s][info][gc,ergo     ] GC(149) Free: 7284M, Max: 4096K regular, 6580M humongous, Frag: 10% external, 0% internal; Reserve: 411M, Max: 4096K
[325.836s][info][gc,start    ] GC(149) Concurrent class unloading
[325.836s][info][gc,task     ] GC(149) Using 1 of 3 workers for concurrent class unloading
[325.852s][info][gc          ] GC(149) Concurrent class unloading 15.822ms
[325.852s][info][gc,start    ] GC(149) Concurrent strong roots
[325.852s][info][gc,task     ] GC(149) Using 1 of 3 workers for concurrent strong root
[325.852s][info][gc          ] GC(149) Concurrent strong roots 0.106ms
[325.852s][info][gc,start    ] GC(149) Concurrent evacuation
[325.852s][info][gc,task     ] GC(149) Using 1 of 3 workers for concurrent evacuation
[325.853s][info][gc          ] GC(149) Concurrent evacuation 1.190ms
[325.854s][info][gc,start    ] GC(149) Pause Init Update Refs
[325.854s][info][gc,ergo     ] GC(149) Pacer for Update Refs. Used: 555M, Free: 7224M, Non-Taxable: 722M, Alloc Tax Rate: 1.1x
[325.854s][info][gc          ] GC(149) Pause Init Update Refs 0.044ms
[325.867s][info][gc,start    ] GC(149) Concurrent update references
[325.867s][info][gc,task     ] GC(149) Using 1 of 3 workers for concurrent reference update
[325.969s][info][gc          ] GC(149) Concurrent update references 102.349ms
[325.969s][info][gc,start    ] GC(149) Concurrent update thread roots
[326.009s][info][gc          ] GC(149) Concurrent update thread roots 39.014ms
[326.009s][info][gc,start    ] GC(149) Pause Final Update Refs
[326.009s][info][gc,task     ] GC(149) Using 3 of 3 workers for final reference update
[326.009s][info][gc          ] GC(149) Pause Final Update Refs 0.098ms
[326.024s][info][gc,start    ] GC(149) Concurrent cleanup
[326.024s][info][gc          ] GC(149) Concurrent cleanup 1079M->971M(8192M) 0.133ms
[326.024s][info][gc,ergo     ] Free: 6808M, Max: 4096K regular, 6580M humongous, Frag: 3% external, 0% internal; Reserve: 412M, Max: 4096K
[326.024s][info][gc,stats    ] 
[326.024s][info][gc,stats    ] All times are wall-clock times, except per-root-class counters, that are sum over
[326.024s][info][gc,stats    ] all workers. Dividing the <total> over the root stage time estimates parallelism.
[326.024s][info][gc,stats    ] 
[326.024s][info][gc,stats    ] Concurrent Reset                    409 us
[326.024s][info][gc,stats    ] Pause Init Mark (G)               25137 us
[326.024s][info][gc,stats    ] Pause Init Mark (N)                 118 us
[326.024s][info][gc,stats    ]   Update Region States               32 us
[326.024s][info][gc,stats    ] Concurrent Mark Roots               775 us, parallelism: 0.76x
[326.024s][info][gc,stats    ]   CMR: <total>                      587 us
[326.024s][info][gc,stats    ]   CMR: Thread Roots                 528 us, workers (us): 528, ---, ---, 
[326.024s][info][gc,stats    ]   CMR: VM Strong Roots                9 us, workers (us):   9, ---, ---, 
[326.024s][info][gc,stats    ]   CMR: CLDG Roots                    50 us, workers (us):  50, ---, ---, 
[326.024s][info][gc,stats    ] Concurrent Marking                21244 us
[326.024s][info][gc,stats    ] Pause Final Mark (G)                392 us
[326.024s][info][gc,stats    ] Pause Final Mark (N)                251 us
[326.024s][info][gc,stats    ]   Finish Mark                        57 us
[326.024s][info][gc,stats    ]   Update Region States               54 us
[326.024s][info][gc,stats    ]   Choose Collection Set              89 us
[326.024s][info][gc,stats    ]   Rebuild Free Set                    8 us
[326.025s][info][gc,stats    ] Concurrent Thread Roots             566 us, parallelism: 0.90x
[326.025s][info][gc,stats    ]   CTR: <total>                      508 us
[326.025s][info][gc,stats    ]   CTR: Thread Roots                 508 us, workers (us): 508, ---, ---, 
[326.025s][info][gc,stats    ] Concurrent Weak References           85 us, parallelism: 0.23x
[326.025s][info][gc,stats    ]   CWRF: <total>                      20 us
[326.025s][info][gc,stats    ]   CWRF: Weak References              20 us, workers (us):  20, ---, ---, 
[326.025s][info][gc,stats    ] Concurrent Weak Roots             14576 us
[326.025s][info][gc,stats    ]   Roots                            1216 us, parallelism: 0.97x
[326.025s][info][gc,stats    ]     CWR: <total>                   1178 us
[326.025s][info][gc,stats    ]     CWR: Code Cache Roots           983 us, workers (us): 983, ---, ---, 
[326.025s][info][gc,stats    ]     CWR: VM Weak Roots              183 us, workers (us): 183, ---, ---, 
[326.025s][info][gc,stats    ]     CWR: CLDG Roots                  12 us, workers (us):  12, ---, ---, 
[326.025s][info][gc,stats    ]   Rendezvous                      13252 us
[326.025s][info][gc,stats    ] Concurrent Cleanup                   62 us
[326.025s][info][gc,stats    ] Concurrent Class Unloading        15894 us
[326.025s][info][gc,stats    ]   Unlink Stale                     3837 us
[326.025s][info][gc,stats    ]     System Dictionary                14 us
[326.025s][info][gc,stats    ]     Weak Class Links                  0 us
[326.025s][info][gc,stats    ]     Code Roots                     3821 us
[326.025s][info][gc,stats    ]   Rendezvous                      11590 us
[326.025s][info][gc,stats    ]   Purge Unlinked                    372 us
[326.025s][info][gc,stats    ]     Code Roots                      362 us
[326.025s][info][gc,stats    ]     CLDG                              9 us
[326.025s][info][gc,stats    ]     Exception Caches                  0 us
[326.025s][info][gc,stats    ] Concurrent Strong Roots             116 us, parallelism: 0.46x
[326.025s][info][gc,stats    ]   CSR: <total>                       53 us
[326.025s][info][gc,stats    ]   CSR: VM Strong Roots                4 us, workers (us):   4, ---, ---, 
[326.025s][info][gc,stats    ]   CSR: CLDG Roots                    49 us, workers (us):  49, ---, ---, 
[326.025s][info][gc,stats    ] Concurrent Evacuation              1203 us
[326.025s][info][gc,stats    ] Pause Init Update Refs (G)        13631 us
[326.025s][info][gc,stats    ] Pause Init Update Refs (N)           52 us
[326.025s][info][gc,stats    ]   Manage GCLABs                       5 us
[326.025s][info][gc,stats    ] Concurrent Update Refs           102425 us
[326.025s][info][gc,stats    ] Concurrent Update Thread Roots    39094 us
[326.025s][info][gc,stats    ] Pause Final Update Refs (G)       15572 us
[326.025s][info][gc,stats    ] Pause Final Update Refs (N)         138 us
[326.025s][info][gc,stats    ]   Update Region States               49 us
[326.025s][info][gc,stats    ]   Trash Collection Set                3 us
[326.025s][info][gc,stats    ]   Rebuild Free Set                    9 us
[326.025s][info][gc,stats    ] Concurrent Cleanup                  146 us
[326.025s][info][gc,stats    ] 
[326.025s][info][gc,stats    ] Allocation pacing accrued:
[326.025s][info][gc,stats    ]       0 of  1847 ms (  0.0%): <total>
[326.025s][info][gc,stats    ]       0 of  1847 ms (  0.0%): <average total>
[326.025s][info][gc,stats    ] 
[326.025s][info][gc,metaspace] Metaspace: 16572K(16832K)->16572K(16832K) NonClass: 14223K(14336K)->14223K(14336K) Class: 2348K(2496K)->2348K(2496K)
[326.025s][info][gc,ergo     ] Pacer for Idle. Initial: 163M, Alloc Tax Rate: 1.0x
[326.150s][info][gc          ] Trigger: Average GC time (1055.58 ms) is above the time for instantaneous allocation rate (5426 MB/s) to deplete free headroom (5722M) (spike threshold = 1.66)
[326.150s][info][gc,ergo     ] Free: 6132M, Max: 4096K regular, 6096M humongous, Frag: 0% external, 0% internal; Reserve: 412M, Max: 4096K
[326.150s][info][gc,start    ] GC(150) Concurrent reset
[326.150s][info][gc,task     ] GC(150) Using 1 of 3 workers for concurrent reset
[326.150s][info][gc,ergo     ] GC(150) Pacer for Reset. Non-Taxable: 8192M
[326.151s][info][gc          ] GC(150) Concurrent reset 1.241ms
[326.151s][info][gc,start    ] GC(150) Pause Init Mark (unload classes)
[326.151s][info][gc,task     ] GC(150) Using 3 of 3 workers for init marking
[326.152s][info][gc,ergo     ] GC(150) Pacer for Mark. Expected Live: 46053K, Free: 6124M, Non-Taxable: 612M, Alloc Tax Rate: 0.0x
[326.152s][info][gc          ] GC(150) Pause Init Mark (unload classes) 0.224ms
[326.166s][info][gc,start    ] GC(150) Concurrent marking roots
[326.166s][info][gc,task     ] GC(150) Using 1 of 3 workers for concurrent marking roots
[326.166s][info][gc          ] GC(150) Concurrent marking roots 0.755ms
[326.166s][info][gc,start    ] GC(150) Concurrent marking (unload classes)
[326.166s][info][gc,task     ] GC(150) Using 1 of 3 workers for concurrent marking
[326.197s][info][gc          ] GC(150) Concurrent marking (unload classes) 30.280ms
[326.197s][info][gc,start    ] GC(150) Pause Final Mark (unload classes)
[326.197s][info][gc,task     ] GC(150) Using 3 of 3 workers for final marking
[326.197s][info][gc,ergo     ] GC(150) Adaptive CSet Selection. Target Free: 1160M, Actual Free: 7724M, Max CSet: 341M, Min Garbage: 0B
[326.197s][info][gc,ergo     ] GC(150) Collectable Garbage: 1647M (99%), Immediate: 1440M (87%), CSet: 207M (12%)
[326.197s][info][gc,ergo     ] GC(150) Pacer for Evacuation. Used CSet: 208M, Free: 7348M, Non-Taxable: 734M, Alloc Tax Rate: 1.1x
[326.197s][info][gc          ] GC(150) Pause Final Mark (unload classes) 0.266ms
[326.197s][info][gc,start    ] GC(150) Concurrent thread roots
[326.197s][info][gc,task     ] GC(150) Using 1 of 3 workers for Concurrent thread roots
[326.198s][info][gc          ] GC(150) Concurrent thread roots 0.542ms
[326.198s][info][gc,start    ] GC(150) Concurrent weak references
[326.198s][info][gc,task     ] GC(150) Using 1 of 3 workers for concurrent weak references
[326.198s][info][gc,ref      ] GC(150) Encountered references: Soft: 173, Weak: 988, Final: 0, Phantom: 41
[326.198s][info][gc,ref      ] GC(150) Discovered  references: Soft: 0, Weak: 201, Final: 0, Phantom: 24
[326.198s][info][gc,ref      ] GC(150) Enqueued    references: Soft: 0, Weak: 0, Final: 0, Phantom: 0
[326.198s][info][gc          ] GC(150) Concurrent weak references 0.065ms
[326.198s][info][gc,start    ] GC(150) Concurrent weak roots
[326.198s][info][gc,task     ] GC(150) Using 1 of 3 workers for concurrent weak root
[326.199s][info][gc          ] GC(150) Concurrent weak roots 1.653ms
[326.200s][info][gc,start    ] GC(150) Concurrent cleanup
[326.200s][info][gc          ] GC(150) Concurrent cleanup 1895M->455M(8192M) 0.052ms
[326.200s][info][gc,ergo     ] GC(150) Free: 7324M, Max: 4096K regular, 5848M humongous, Frag: 20% external, 0% internal; Reserve: 411M, Max: 4096K
[326.200s][info][gc,start    ] GC(150) Concurrent class unloading
[326.200s][info][gc,task     ] GC(150) Using 1 of 3 workers for concurrent class unloading
[326.213s][info][gc          ] GC(150) Concurrent class unloading 13.631ms
[326.213s][info][gc,start    ] GC(150) Concurrent strong roots
[326.213s][info][gc,task     ] GC(150) Using 1 of 3 workers for concurrent strong root
[326.213s][info][gc          ] GC(150) Concurrent strong roots 0.108ms
[326.213s][info][gc,start    ] GC(150) Concurrent evacuation
[326.213s][info][gc,task     ] GC(150) Using 1 of 3 workers for concurrent evacuation
[326.215s][info][gc          ] GC(150) Concurrent evacuation 1.359ms
[326.215s][info][gc,start    ] GC(150) Pause Init Update Refs
[326.215s][info][gc,ergo     ] GC(150) Pacer for Update Refs. Used: 504M, Free: 7276M, Non-Taxable: 727M, Alloc Tax Rate: 1.1x
[326.215s][info][gc          ] GC(150) Pause Init Update Refs 0.065ms
[326.229s][info][gc,start    ] GC(150) Concurrent update references
[326.229s][info][gc,task     ] GC(150) Using 1 of 3 workers for concurrent reference update
[326.319s][info][gc          ] GC(150) Concurrent update references 90.542ms
[326.319s][info][gc,start    ] GC(150) Concurrent update thread roots
[326.319s][info][gc          ] GC(150) Concurrent update thread roots 0.289ms
[326.319s][info][gc,start    ] GC(150) Pause Final Update Refs
[326.319s][info][gc,task     ] GC(150) Using 3 of 3 workers for final reference update
[326.320s][info][gc          ] GC(150) Pause Final Update Refs 0.100ms
[326.320s][info][gc,start    ] GC(150) Concurrent cleanup
[326.320s][info][gc          ] GC(150) Concurrent cleanup 728M->520M(8192M) 0.030ms
[326.320s][info][gc,ergo     ] Free: 7259M, Max: 4096K regular, 5844M humongous, Frag: 20% external, 0% internal; Reserve: 412M, Max: 4096K
[326.320s][info][gc,stats    ] 
[326.320s][info][gc,stats    ] All times are wall-clock times, except per-root-class counters, that are sum over
[326.320s][info][gc,stats    ] all workers. Dividing the <total> over the root stage time estimates parallelism.
[326.320s][info][gc,stats    ] 
[326.320s][info][gc,stats    ] Concurrent Reset                   1322 us
[326.320s][info][gc,stats    ] Pause Init Mark (G)               14364 us
[326.320s][info][gc,stats    ] Pause Init Mark (N)                 235 us
[326.320s][info][gc,stats    ]   Update Region States               43 us
[326.320s][info][gc,stats    ] Concurrent Mark Roots               790 us, parallelism: 0.76x
[326.320s][info][gc,stats    ]   CMR: <total>                      597 us
[326.320s][info][gc,stats    ]   CMR: Thread Roots                 523 us, workers (us): 523, ---, ---, 
[326.320s][info][gc,stats    ]   CMR: VM Strong Roots                8 us, workers (us):   8, ---, ---, 
[326.320s][info][gc,stats    ]   CMR: CLDG Roots                    66 us, workers (us):  66, ---, ---, 
[326.320s][info][gc,stats    ] Concurrent Marking                30386 us
[326.320s][info][gc,stats    ] Pause Final Mark (G)                460 us
[326.320s][info][gc,stats    ] Pause Final Mark (N)                274 us
[326.320s][info][gc,stats    ]   Finish Mark                        67 us
[326.320s][info][gc,stats    ]   Update Region States               44 us
[326.320s][info][gc,stats    ]   Choose Collection Set              78 us
[326.320s][info][gc,stats    ]   Rebuild Free Set                    8 us
[326.320s][info][gc,stats    ] Concurrent Thread Roots             557 us, parallelism: 0.87x
[326.320s][info][gc,stats    ]   CTR: <total>                      487 us
[326.320s][info][gc,stats    ]   CTR: Thread Roots                 487 us, workers (us): 487, ---, ---, 
[326.320s][info][gc,stats    ] Concurrent Weak References           72 us, parallelism: 0.23x
[326.320s][info][gc,stats    ]   CWRF: <total>                      17 us
[326.320s][info][gc,stats    ]   CWRF: Weak References              17 us, workers (us):  17, ---, ---, 
[326.320s][info][gc,stats    ] Concurrent Weak Roots              1671 us
[326.320s][info][gc,stats    ]   Roots                            1136 us, parallelism: 0.97x
[326.320s][info][gc,stats    ]     CWR: <total>                   1097 us
[326.320s][info][gc,stats    ]     CWR: Code Cache Roots           951 us, workers (us): 951, ---, ---, 
[326.320s][info][gc,stats    ]     CWR: VM Weak Roots              136 us, workers (us): 136, ---, ---, 
[326.320s][info][gc,stats    ]     CWR: CLDG Roots                  10 us, workers (us):  10, ---, ---, 
[326.320s][info][gc,stats    ]   Rendezvous                        502 us
[326.320s][info][gc,stats    ] Concurrent Cleanup                   60 us
[326.320s][info][gc,stats    ] Concurrent Class Unloading        13697 us
[326.320s][info][gc,stats    ]   Unlink Stale                     3554 us
[326.320s][info][gc,stats    ]     System Dictionary                11 us
[326.320s][info][gc,stats    ]     Weak Class Links                  0 us
[326.320s][info][gc,stats    ]     Code Roots                     3541 us
[326.320s][info][gc,stats    ]   Rendezvous                       9714 us
[326.320s][info][gc,stats    ]   Purge Unlinked                    342 us
[326.320s][info][gc,stats    ]     Code Roots                      332 us
[326.320s][info][gc,stats    ]     CLDG                              9 us
[326.320s][info][gc,stats    ]     Exception Caches                  0 us
[326.320s][info][gc,stats    ] Concurrent Strong Roots             120 us, parallelism: 0.43x
[326.320s][info][gc,stats    ]   CSR: <total>                       51 us
[326.320s][info][gc,stats    ]   CSR: VM Strong Roots                4 us, workers (us):   4, ---, ---, 
[326.320s][info][gc,stats    ]   CSR: CLDG Roots                    47 us, workers (us):  47, ---, ---, 
[326.320s][info][gc,stats    ] Concurrent Evacuation              1412 us
[326.320s][info][gc,stats    ] Pause Init Update Refs (G)        13705 us
[326.320s][info][gc,stats    ] Pause Init Update Refs (N)           74 us
[326.320s][info][gc,stats    ]   Manage GCLABs                       3 us
[326.320s][info][gc,stats    ] Concurrent Update Refs            90599 us
[326.320s][info][gc,stats    ] Concurrent Update Thread Roots      298 us
[326.320s][info][gc,stats    ] Pause Final Update Refs (G)         158 us
[326.320s][info][gc,stats    ] Pause Final Update Refs (N)         110 us
[326.320s][info][gc,stats    ]   Update Region States               33 us
[326.320s][info][gc,stats    ]   Trash Collection Set                4 us
[326.320s][info][gc,stats    ]   Rebuild Free Set                   17 us
[326.320s][info][gc,stats    ] Concurrent Cleanup                   39 us
[326.320s][info][gc,stats    ] 
[326.320s][info][gc,stats    ] Allocation pacing accrued:
[326.320s][info][gc,stats    ]       0 of   295 ms (  0.0%): <total>
[326.320s][info][gc,stats    ]       0 of   295 ms (  0.0%): <average total>
[326.320s][info][gc,stats    ] 
[326.320s][info][gc,metaspace] Metaspace: 16572K(16832K)->16572K(16832K) NonClass: 14223K(14336K)->14223K(14336K) Class: 2348K(2496K)->2348K(2496K)
[326.320s][info][gc,ergo     ] Pacer for Idle. Initial: 163M, Alloc Tax Rate: 1.0x
[330.206s][info][gc          ] Trigger: Learning 4 of 5. Free (5715M) is below initial threshold (5734M)
[330.206s][info][gc,ergo     ] Free: 5715M, Max: 4096K regular, 5676M humongous, Frag: 0% external, 0% internal; Reserve: 412M, Max: 4096K
[330.206s][info][gc,start    ] GC(151) Concurrent reset
[330.206s][info][gc,task     ] GC(151) Using 1 of 3 workers for concurrent reset
[330.206s][info][gc,ergo     ] GC(151) Pacer for Reset. Non-Taxable: 8192M
[330.207s][info][gc          ] GC(151) Concurrent reset 1.098ms
[330.207s][info][gc,start    ] GC(151) Pause Init Mark (unload classes)
[330.207s][info][gc,task     ] GC(151) Using 3 of 3 workers for init marking
[330.207s][info][gc,ergo     ] GC(151) Pacer for Mark. Expected Live: 46051K, Free: 5711M, Non-Taxable: 571M, Alloc Tax Rate: 0.0x
[330.207s][info][gc          ] GC(151) Pause Init Mark (unload classes) 0.176ms
[330.207s][info][gc,start    ] GC(151) Concurrent marking roots
[330.207s][info][gc,task     ] GC(151) Using 1 of 3 workers for concurrent marking roots
[330.208s][info][gc          ] GC(151) Concurrent marking roots 0.649ms
[330.208s][info][gc,start    ] GC(151) Concurrent marking (unload classes)
[330.208s][info][gc,task     ] GC(151) Using 1 of 3 workers for concurrent marking
[330.899s][info][gc          ] GC(151) Concurrent marking (unload classes) 690.751ms
[330.899s][info][gc,start    ] GC(151) Pause Final Mark (unload classes)
[330.899s][info][gc,task     ] GC(151) Using 3 of 3 workers for final marking
[330.899s][info][gc,ergo     ] GC(151) Adaptive CSet Selection. Target Free: 1160M, Actual Free: 6836M, Max CSet: 341M, Min Garbage: 0B
[330.899s][info][gc,ergo     ] GC(151) Collectable Garbage: 1688M (98%), Immediate: 1172M (68%), CSet: 515M (30%)
[330.899s][info][gc,ergo     ] GC(151) Pacer for Evacuation. Used CSet: 856M, Free: 6464M, Non-Taxable: 646M, Alloc Tax Rate: 1.1x
[330.899s][info][gc          ] GC(151) Pause Final Mark (unload classes) 0.454ms
[330.899s][info][gc,start    ] GC(151) Concurrent thread roots
[330.899s][info][gc,task     ] GC(151) Using 1 of 3 workers for Concurrent thread roots
[330.901s][info][gc          ] GC(151) Concurrent thread roots 1.089ms
[330.901s][info][gc,start    ] GC(151) Concurrent weak references
[330.901s][info][gc,task     ] GC(151) Using 1 of 3 workers for concurrent weak references
[330.901s][info][gc,ref      ] GC(151) Encountered references: Soft: 173, Weak: 991, Final: 0, Phantom: 41
[330.901s][info][gc,ref      ] GC(151) Discovered  references: Soft: 0, Weak: 200, Final: 0, Phantom: 24
[330.901s][info][gc,ref      ] GC(151) Enqueued    references: Soft: 0, Weak: 3, Final: 0, Phantom: 0
[330.901s][info][gc          ] GC(151) Concurrent weak references 0.071ms
[330.901s][info][gc,start    ] GC(151) Concurrent weak roots
[330.901s][info][gc,task     ] GC(151) Using 1 of 3 workers for concurrent weak root
[330.902s][info][gc          ] GC(151) Concurrent weak roots 1.086ms
[330.902s][info][gc,start    ] GC(151) Concurrent cleanup
[330.902s][info][gc          ] GC(151) Concurrent cleanup 2492M->1320M(8192M) 0.029ms
[330.902s][info][gc,ergo     ] GC(151) Free: 6460M, Max: 4096K regular, 5252M humongous, Frag: 19% external, 0% internal; Reserve: 410M, Max: 4096K
[330.902s][info][gc,start    ] GC(151) Concurrent class unloading
[330.902s][info][gc,task     ] GC(151) Using 1 of 3 workers for concurrent class unloading
[330.906s][info][gc          ] GC(151) Concurrent class unloading 4.068ms
[330.906s][info][gc,start    ] GC(151) Concurrent strong roots
[330.906s][info][gc,task     ] GC(151) Using 1 of 3 workers for concurrent strong root
[330.906s][info][gc          ] GC(151) Concurrent strong roots 0.185ms
[330.906s][info][gc,start    ] GC(151) Concurrent evacuation
[330.906s][info][gc,task     ] GC(151) Using 1 of 3 workers for concurrent evacuation
[331.213s][info][gc          ] GC(151) Concurrent evacuation 306.523ms
[331.213s][info][gc,start    ] GC(151) Pause Init Update Refs
[331.213s][info][gc,ergo     ] GC(151) Pacer for Update Refs. Used: 1799M, Free: 6324M, Non-Taxable: 632M, Alloc Tax Rate: 1.1x
[331.213s][info][gc          ] GC(151) Pause Init Update Refs 0.111ms
[331.213s][info][gc,start    ] GC(151) Concurrent update references
[331.213s][info][gc,task     ] GC(151) Using 1 of 3 workers for concurrent reference update
[332.067s][info][gc          ] GC(151) Concurrent update references 854.124ms
[332.067s][info][gc,start    ] GC(151) Concurrent update thread roots
[332.068s][info][gc          ] GC(151) Concurrent update thread roots 1.051ms
[332.068s][info][gc,start    ] GC(151) Pause Final Update Refs
[332.068s][info][gc,task     ] GC(151) Using 3 of 3 workers for final reference update
[332.069s][info][gc          ] GC(151) Pause Final Update Refs 0.201ms
[332.069s][info][gc,start    ] GC(151) Concurrent cleanup
[332.069s][info][gc          ] GC(151) Concurrent cleanup 2014M->1158M(8192M) 0.080ms
[332.069s][info][gc,ergo     ] Free: 6621M, Max: 4096K regular, 4908M humongous, Frag: 26% external, 0% internal; Reserve: 412M, Max: 4096K
[332.069s][info][gc,stats    ] 
[332.069s][info][gc,stats    ] All times are wall-clock times, except per-root-class counters, that are sum over
[332.069s][info][gc,stats    ] all workers. Dividing the <total> over the root stage time estimates parallelism.
[332.069s][info][gc,stats    ] 
[332.069s][info][gc,stats    ] Concurrent Reset                   1164 us
[332.069s][info][gc,stats    ] Pause Init Mark (G)                 356 us
[332.069s][info][gc,stats    ] Pause Init Mark (N)                 193 us
[332.069s][info][gc,stats    ]   Update Region States               68 us
[332.069s][info][gc,stats    ] Concurrent Mark Roots               658 us, parallelism: 0.84x
[332.069s][info][gc,stats    ]   CMR: <total>                      552 us
[332.069s][info][gc,stats    ]   CMR: Thread Roots                 495 us, workers (us): 495, ---, ---, 
[332.069s][info][gc,stats    ]   CMR: VM Strong Roots                7 us, workers (us):   7, ---, ---, 
[332.069s][info][gc,stats    ]   CMR: CLDG Roots                    49 us, workers (us):  49, ---, ---, 
[332.069s][info][gc,stats    ] Concurrent Marking               690821 us
[332.069s][info][gc,stats    ] Pause Final Mark (G)                603 us
[332.069s][info][gc,stats    ] Pause Final Mark (N)                471 us
[332.069s][info][gc,stats    ]   Finish Mark                       126 us
[332.069s][info][gc,stats    ]   Update Region States               91 us
[332.069s][info][gc,stats    ]   Choose Collection Set             121 us
[332.069s][info][gc,stats    ]   Rebuild Free Set                   16 us
[332.069s][info][gc,stats    ] Concurrent Thread Roots            1113 us, parallelism: 0.89x
[332.069s][info][gc,stats    ]   CTR: <total>                      989 us
[332.069s][info][gc,stats    ]   CTR: Thread Roots                 989 us, workers (us): 989, ---, ---, 
[332.069s][info][gc,stats    ] Concurrent Weak References           78 us, parallelism: 0.15x
[332.069s][info][gc,stats    ]   CWRF: <total>                      12 us
[332.069s][info][gc,stats    ]   CWRF: Weak References              12 us, workers (us):  12, ---, ---, 
[332.069s][info][gc,stats    ] Concurrent Weak Roots              1105 us
[332.069s][info][gc,stats    ]   Roots                             969 us, parallelism: 0.90x
[332.069s][info][gc,stats    ]     CWR: <total>                    877 us
[332.069s][info][gc,stats    ]     CWR: Code Cache Roots           732 us, workers (us): 732, ---, ---, 
[332.069s][info][gc,stats    ]     CWR: VM Weak Roots              136 us, workers (us): 136, ---, ---, 
[332.069s][info][gc,stats    ]     CWR: CLDG Roots                   9 us, workers (us):   9, ---, ---, 
[332.069s][info][gc,stats    ]   Rendezvous                         92 us
[332.069s][info][gc,stats    ] Concurrent Cleanup                   38 us
[332.069s][info][gc,stats    ] Concurrent Class Unloading         4130 us
[332.069s][info][gc,stats    ]   Unlink Stale                     3715 us
[332.069s][info][gc,stats    ]     System Dictionary                10 us
[332.069s][info][gc,stats    ]     Weak Class Links                  0 us
[332.069s][info][gc,stats    ]     Code Roots                     3704 us
[332.069s][info][gc,stats    ]   Rendezvous                        164 us
[332.069s][info][gc,stats    ]   Purge Unlinked                    170 us
[332.069s][info][gc,stats    ]     Code Roots                      159 us
[332.069s][info][gc,stats    ]     CLDG                             10 us
[332.069s][info][gc,stats    ]     Exception Caches                  0 us
[332.069s][info][gc,stats    ] Concurrent Strong Roots             221 us, parallelism: 0.26x
[332.069s][info][gc,stats    ]   CSR: <total>                       57 us
[332.070s][info][gc,stats    ]   CSR: VM Strong Roots                5 us, workers (us):   5, ---, ---, 
[332.070s][info][gc,stats    ]   CSR: CLDG Roots                    52 us, workers (us):  52, ---, ---, 
[332.070s][info][gc,stats    ] Concurrent Evacuation            306601 us
[332.070s][info][gc,stats    ] Pause Init Update Refs (G)          330 us
[332.070s][info][gc,stats    ] Pause Init Update Refs (N)          133 us
[332.070s][info][gc,stats    ]   Manage GCLABs                       5 us
[332.070s][info][gc,stats    ] Concurrent Update Refs           854192 us
[332.070s][info][gc,stats    ] Concurrent Update Thread Roots     1069 us
[332.070s][info][gc,stats    ] Pause Final Update Refs (G)         363 us
[332.070s][info][gc,stats    ] Pause Final Update Refs (N)         239 us
[332.070s][info][gc,stats    ]   Update Region States               97 us
[332.070s][info][gc,stats    ]   Trash Collection Set                7 us
[332.070s][info][gc,stats    ]   Rebuild Free Set                   19 us
[332.070s][info][gc,stats    ] Concurrent Cleanup                  100 us
[332.070s][info][gc,stats    ] 
[332.070s][info][gc,stats    ] Allocation pacing accrued:
[332.070s][info][gc,stats    ]       0 of  5750 ms (  0.0%): <total>
[332.070s][info][gc,stats    ]       0 of  5750 ms (  0.0%): <average total>
[332.070s][info][gc,stats    ] 
[332.070s][info][gc,metaspace] Metaspace: 16572K(16832K)->16572K(16832K) NonClass: 14223K(14336K)->14223K(14336K) Class: 2348K(2496K)->2348K(2496K)
[332.070s][info][gc,ergo     ] Pacer for Idle. Initial: 163M, Alloc Tax Rate: 1.0x
[332.405s][info][gc          ] Trigger: Explicit GC request (System.gc())
[332.406s][info][gc,ergo     ] Free: 6581M, Max: 4096K regular, 4908M humongous, Frag: 25% external, 0% internal; Reserve: 412M, Max: 4096K
[332.406s][info][gc,start    ] GC(152) Concurrent reset
[332.406s][info][gc,task     ] GC(152) Using 1 of 3 workers for concurrent reset
[332.406s][info][gc,ergo     ] GC(152) Pacer for Reset. Non-Taxable: 8192M
[332.410s][info][gc          ] GC(152) Concurrent reset 3.951ms
[332.410s][info][gc,start    ] GC(152) Pause Init Mark (unload classes)
[332.410s][info][gc,task     ] GC(152) Using 3 of 3 workers for init marking
[332.410s][info][gc,ref      ] GC(152) Clearing All SoftReferences
[332.410s][info][gc,ergo     ] GC(152) Pacer for Mark. Expected Live: 115M, Free: 6581M, Non-Taxable: 658M, Alloc Tax Rate: 0.0x
[332.410s][info][gc          ] GC(152) Pause Init Mark (unload classes) 0.176ms
[332.410s][info][gc,start    ] GC(152) Concurrent marking roots
[332.410s][info][gc,task     ] GC(152) Using 1 of 3 workers for concurrent marking roots
[332.411s][info][gc          ] GC(152) Concurrent marking roots 1.083ms
[332.411s][info][gc,start    ] GC(152) Concurrent marking (unload classes)
[332.411s][info][gc,task     ] GC(152) Using 1 of 3 workers for concurrent marking
[332.415s][info][gc          ] GC(152) Concurrent marking (unload classes) 4.332ms
[332.415s][info][gc,start    ] GC(152) Pause Final Mark (unload classes)
[332.415s][info][gc,task     ] GC(152) Using 3 of 3 workers for final marking
[332.416s][info][gc,ergo     ] GC(152) Collectable Garbage: 1171M (98%), Immediate: 1171M (98%), CSet: 0B (0%)
[332.416s][info][gc          ] GC(152) Pause Final Mark (unload classes) 0.518ms
[332.416s][info][gc,start    ] GC(152) Concurrent weak references
[332.416s][info][gc,task     ] GC(152) Using 1 of 3 workers for concurrent weak references
[332.416s][info][gc,ref      ] GC(152) Encountered references: Soft: 172, Weak: 989, Final: 0, Phantom: 41
[332.416s][info][gc,ref      ] GC(152) Discovered  references: Soft: 108, Weak: 219, Final: 0, Phantom: 24
[332.416s][info][gc,ref      ] GC(152) Enqueued    references: Soft: 4, Weak: 6, Final: 0, Phantom: 0
[332.416s][info][gc          ] GC(152) Concurrent weak references 0.164ms
[332.416s][info][gc,start    ] GC(152) Concurrent weak roots
[332.416s][info][gc,task     ] GC(152) Using 1 of 3 workers for concurrent weak root
[332.417s][info][gc          ] GC(152) Concurrent weak roots 1.210ms
[332.417s][info][gc,start    ] GC(152) Concurrent cleanup
[332.417s][info][gc          ] GC(152) Concurrent cleanup 1198M->27M(8192M) 0.032ms
[332.417s][info][gc,ergo     ] GC(152) Free: 7752M, Max: 4096K regular, 7336M humongous, Frag: 5% external, 0% internal; Reserve: 412M, Max: 4096K
[332.417s][info][gc,start    ] GC(152) Concurrent class unloading
[332.417s][info][gc,task     ] GC(152) Using 1 of 3 workers for concurrent class unloading
[332.424s][info][gc          ] GC(152) Concurrent class unloading 6.579ms
[332.424s][info][gc,start    ] GC(152) Pause Final Roots
[332.424s][info][gc          ] GC(152) Pause Final Roots 0.053ms
[332.424s][info][gc,ergo     ] Free: 7749M, Max: 4096K regular, 7336M humongous, Frag: 5% external, 0% internal; Reserve: 412M, Max: 4096K
[332.424s][info][gc,stats    ] 
[332.424s][info][gc,stats    ] All times are wall-clock times, except per-root-class counters, that are sum over
[332.424s][info][gc,stats    ] all workers. Dividing the <total> over the root stage time estimates parallelism.
[332.424s][info][gc,stats    ] 
[332.424s][info][gc,stats    ] Concurrent Reset                   4019 us
[332.424s][info][gc,stats    ] Pause Init Mark (G)                 285 us
[332.424s][info][gc,stats    ] Pause Init Mark (N)                 185 us
[332.424s][info][gc,stats    ]   Update Region States               70 us
[332.424s][info][gc,stats    ] Concurrent Mark Roots              1092 us, parallelism: 0.91x
[332.424s][info][gc,stats    ]   CMR: <total>                      996 us
[332.424s][info][gc,stats    ]   CMR: Thread Roots                 926 us, workers (us): 926, ---, ---, 
[332.424s][info][gc,stats    ]   CMR: VM Strong Roots                6 us, workers (us):   6, ---, ---, 
[332.424s][info][gc,stats    ]   CMR: CLDG Roots                    64 us, workers (us):  64, ---, ---, 
[332.424s][info][gc,stats    ] Concurrent Marking                 4356 us
[332.425s][info][gc,stats    ] Pause Final Mark (G)                583 us
[332.425s][info][gc,stats    ] Pause Final Mark (N)                528 us
[332.425s][info][gc,stats    ]   Finish Mark                       349 us
[332.425s][info][gc,stats    ]   Update Region States               61 us
[332.425s][info][gc,stats    ]   Choose Collection Set              39 us
[332.425s][info][gc,stats    ]   Rebuild Free Set                    8 us
[332.425s][info][gc,stats    ] Concurrent Weak References          173 us, parallelism: 0.13x
[332.425s][info][gc,stats    ]   CWRF: <total>                      22 us
[332.425s][info][gc,stats    ]   CWRF: Weak References              22 us, workers (us):  22, ---, ---, 
[332.425s][info][gc,stats    ] Concurrent Weak Roots              1221 us
[332.425s][info][gc,stats    ]   Roots                            1155 us, parallelism: 0.95x
[332.425s][info][gc,stats    ]     CWR: <total>                   1097 us
[332.425s][info][gc,stats    ]     CWR: Code Cache Roots           874 us, workers (us): 874, ---, ---, 
[332.425s][info][gc,stats    ]     CWR: VM Weak Roots              217 us, workers (us): 217, ---, ---, 
[332.425s][info][gc,stats    ]     CWR: CLDG Roots                   6 us, workers (us):   6, ---, ---, 
[332.425s][info][gc,stats    ]   Rendezvous                         40 us
[332.425s][info][gc,stats    ] Concurrent Cleanup                   40 us
[332.425s][info][gc,stats    ] Concurrent Class Unloading         6645 us
[332.425s][info][gc,stats    ]   Unlink Stale                     6026 us
[332.425s][info][gc,stats    ]     System Dictionary                57 us
[332.425s][info][gc,stats    ]     Weak Class Links               2102 us
[332.425s][info][gc,stats    ]     Code Roots                     3865 us
[332.425s][info][gc,stats    ]   Rendezvous                        211 us
[332.425s][info][gc,stats    ]   Purge Unlinked                    324 us
[332.425s][info][gc,stats    ]     Code Roots                      292 us
[332.425s][info][gc,stats    ]     CLDG                             31 us
[332.425s][info][gc,stats    ]     Exception Caches                  0 us
[332.425s][info][gc,stats    ] Pause Final Roots (G)               115 us
[332.425s][info][gc,stats    ] Pause Final Roots (N)                62 us
[332.425s][info][gc,stats    ] 
[332.425s][info][gc,stats    ] Allocation pacing accrued:
[332.425s][info][gc,stats    ]       0 of   355 ms (  0.0%): <total>
[332.425s][info][gc,stats    ]       0 of   355 ms (  0.0%): <average total>
[332.425s][info][gc,stats    ] 
[332.425s][info][gc,metaspace] Metaspace: 16572K(16832K)->16568K(16832K) NonClass: 14223K(14336K)->14220K(14336K) Class: 2348K(2496K)->2347K(2496K)
[332.425s][info][gc,ergo     ] Pacer for Idle. Initial: 163M, Alloc Tax Rate: 1.0x
[334.051s][info][gc          ] Trigger: Average GC time (1959.49 ms) is above the time for instantaneous allocation rate (5250 MB/s) to deplete free headroom (6598M) (spike threshold = 1.66)
[334.051s][info][gc,ergo     ] Free: 7008M, Max: 4096K regular, 6972M humongous, Frag: 0% external, 0% internal; Reserve: 412M, Max: 4096K
[334.051s][info][gc,start    ] GC(153) Concurrent reset
[334.051s][info][gc,task     ] GC(153) Using 1 of 3 workers for concurrent reset
[334.051s][info][gc,ergo     ] GC(153) Pacer for Reset. Non-Taxable: 8192M
[334.051s][info][gc          ] GC(153) Concurrent reset 0.397ms
[334.051s][info][gc,start    ] GC(153) Pause Init Mark (unload classes)
[334.051s][info][gc,task     ] GC(153) Using 3 of 3 workers for init marking
[334.051s][info][gc,ergo     ] GC(153) Pacer for Mark. Expected Live: 77125K, Free: 7008M, Non-Taxable: 700M, Alloc Tax Rate: 0.0x
[334.051s][info][gc          ] GC(153) Pause Init Mark (unload classes) 0.123ms
[334.067s][info][gc,start    ] GC(153) Concurrent marking roots
[334.067s][info][gc,task     ] GC(153) Using 1 of 3 workers for concurrent marking roots
[334.067s][info][gc          ] GC(153) Concurrent marking roots 0.759ms
[334.067s][info][gc,start    ] GC(153) Concurrent marking (unload classes)
[334.067s][info][gc,task     ] GC(153) Using 1 of 3 workers for concurrent marking
[334.082s][info][gc          ] GC(153) Concurrent marking (unload classes) 14.708ms
[334.082s][info][gc,start    ] GC(153) Pause Final Mark (unload classes)
[334.082s][info][gc,task     ] GC(153) Using 3 of 3 workers for final marking
[334.083s][info][gc,ergo     ] GC(153) Adaptive CSet Selection. Target Free: 1160M, Actual Free: 7812M, Max CSet: 341M, Min Garbage: 0B
[334.083s][info][gc,ergo     ] GC(153) Collectable Garbage: 763M (99%), Immediate: 588M (76%), CSet: 175M (22%)
[334.083s][info][gc,ergo     ] GC(153) Pacer for Evacuation. Used CSet: 176M, Free: 7436M, Non-Taxable: 743M, Alloc Tax Rate: 1.1x
[334.083s][info][gc          ] GC(153) Pause Final Mark (unload classes) 0.226ms
[334.112s][info][gc,start    ] GC(153) Concurrent thread roots
[334.112s][info][gc,task     ] GC(153) Using 1 of 3 workers for Concurrent thread roots
[334.113s][info][gc          ] GC(153) Concurrent thread roots 0.642ms
[334.113s][info][gc,start    ] GC(153) Concurrent weak references
[334.113s][info][gc,task     ] GC(153) Using 1 of 3 workers for concurrent weak references
[334.113s][info][gc,ref      ] GC(153) Encountered references: Soft: 173, Weak: 995, Final: 0, Phantom: 41
[334.113s][info][gc,ref      ] GC(153) Discovered  references: Soft: 0, Weak: 205, Final: 0, Phantom: 24
[334.113s][info][gc,ref      ] GC(153) Enqueued    references: Soft: 0, Weak: 4, Final: 0, Phantom: 0
[334.113s][info][gc          ] GC(153) Concurrent weak references 0.083ms
[334.113s][info][gc,start    ] GC(153) Concurrent weak roots
[334.113s][info][gc,task     ] GC(153) Using 1 of 3 workers for concurrent weak root
[334.130s][info][gc          ] GC(153) Concurrent weak roots 16.636ms
[334.130s][info][gc,start    ] GC(153) Concurrent cleanup
[334.130s][info][gc          ] GC(153) Concurrent cleanup 1107M->519M(8192M) 0.052ms
[334.130s][info][gc,ergo     ] GC(153) Free: 7260M, Max: 4096K regular, 6640M humongous, Frag: 9% external, 0% internal; Reserve: 411M, Max: 4096K
[334.130s][info][gc,start    ] GC(153) Concurrent class unloading
[334.130s][info][gc,task     ] GC(153) Using 1 of 3 workers for concurrent class unloading
[334.145s][info][gc          ] GC(153) Concurrent class unloading 15.803ms
[334.146s][info][gc,start    ] GC(153) Concurrent strong roots
[334.146s][info][gc,task     ] GC(153) Using 1 of 3 workers for concurrent strong root
[334.146s][info][gc          ] GC(153) Concurrent strong roots 0.107ms
[334.146s][info][gc,start    ] GC(153) Concurrent evacuation
[334.146s][info][gc,task     ] GC(153) Using 1 of 3 workers for concurrent evacuation
[334.147s][info][gc          ] GC(153) Concurrent evacuation 1.135ms
[334.147s][info][gc,start    ] GC(153) Pause Init Update Refs
[334.147s][info][gc,ergo     ] GC(153) Pacer for Update Refs. Used: 587M, Free: 7192M, Non-Taxable: 719M, Alloc Tax Rate: 1.1x
[334.147s][info][gc          ] GC(153) Pause Init Update Refs 0.064ms
[334.161s][info][gc,start    ] GC(153) Concurrent update references
[334.161s][info][gc,task     ] GC(153) Using 1 of 3 workers for concurrent reference update
[334.230s][info][gc          ] GC(153) Concurrent update references 69.410ms
[334.230s][info][gc,start    ] GC(153) Concurrent update thread roots
[334.234s][info][gc          ] GC(153) Concurrent update thread roots 3.314ms
[334.234s][info][gc,start    ] GC(153) Pause Final Update Refs
[334.234s][info][gc,task     ] GC(153) Using 3 of 3 workers for final reference update
[334.234s][info][gc          ] GC(153) Pause Final Update Refs 0.092ms
[334.239s][info][gc,start    ] GC(153) Concurrent cleanup
[334.239s][info][gc          ] GC(153) Concurrent cleanup 887M->743M(8192M) 0.114ms
[334.239s][info][gc,ergo     ] Free: 7036M, Max: 4096K regular, 6636M humongous, Frag: 6% external, 0% internal; Reserve: 412M, Max: 4096K
[334.239s][info][gc,stats    ] 
[334.239s][info][gc,stats    ] All times are wall-clock times, except per-root-class counters, that are sum over
[334.239s][info][gc,stats    ] all workers. Dividing the <total> over the root stage time estimates parallelism.
[334.240s][info][gc,stats    ] 
[334.240s][info][gc,stats    ] Concurrent Reset                    429 us
[334.240s][info][gc,stats    ] Pause Init Mark (G)               15411 us
[334.240s][info][gc,stats    ] Pause Init Mark (N)                 134 us
[334.240s][info][gc,stats    ]   Update Region States               33 us
[334.240s][info][gc,stats    ] Concurrent Mark Roots               786 us, parallelism: 0.75x
[334.240s][info][gc,stats    ]   CMR: <total>                      588 us
[334.240s][info][gc,stats    ]   CMR: Thread Roots                 526 us, workers (us): 526, ---, ---, 
[334.240s][info][gc,stats    ]   CMR: VM Strong Roots                9 us, workers (us):   9, ---, ---, 
[334.240s][info][gc,stats    ]   CMR: CLDG Roots                    52 us, workers (us):  52, ---, ---, 
[334.240s][info][gc,stats    ] Concurrent Marking                14802 us
[334.240s][info][gc,stats    ] Pause Final Mark (G)              29828 us
[334.240s][info][gc,stats    ] Pause Final Mark (N)                236 us
[334.240s][info][gc,stats    ]   Finish Mark                        55 us
[334.240s][info][gc,stats    ]   Update Region States               37 us
[334.240s][info][gc,stats    ]   Choose Collection Set              46 us
[334.240s][info][gc,stats    ]   Rebuild Free Set                    8 us
[334.240s][info][gc,stats    ] Concurrent Thread Roots             666 us, parallelism: 0.76x
[334.240s][info][gc,stats    ]   CTR: <total>                      504 us
[334.240s][info][gc,stats    ]   CTR: Thread Roots                 504 us, workers (us): 504, ---, ---, 
[334.240s][info][gc,stats    ] Concurrent Weak References           90 us, parallelism: 0.25x
[334.240s][info][gc,stats    ]   CWRF: <total>                      22 us
[334.240s][info][gc,stats    ]   CWRF: Weak References              22 us, workers (us):  22, ---, ---, 
[334.240s][info][gc,stats    ] Concurrent Weak Roots             16726 us
[334.240s][info][gc,stats    ]   Roots                            1367 us, parallelism: 0.96x
[334.240s][info][gc,stats    ]     CWR: <total>                   1319 us
[334.240s][info][gc,stats    ]     CWR: Code Cache Roots          1099 us, workers (us): 1099, ---, ---, 
[334.240s][info][gc,stats    ]     CWR: VM Weak Roots              208 us, workers (us): 208, ---, ---, 
[334.240s][info][gc,stats    ]     CWR: CLDG Roots                  12 us, workers (us):  12, ---, ---, 
[334.240s][info][gc,stats    ]   Rendezvous                      15245 us
[334.240s][info][gc,stats    ] Concurrent Cleanup                   60 us
[334.240s][info][gc,stats    ] Concurrent Class Unloading        15874 us
[334.240s][info][gc,stats    ]   Unlink Stale                     3908 us
[334.240s][info][gc,stats    ]     System Dictionary                15 us
[334.240s][info][gc,stats    ]     Weak Class Links                  0 us
[334.240s][info][gc,stats    ]     Code Roots                     3890 us
[334.240s][info][gc,stats    ]   Rendezvous                      11526 us
[334.240s][info][gc,stats    ]   Purge Unlinked                    346 us
[334.240s][info][gc,stats    ]     Code Roots                      337 us
[334.240s][info][gc,stats    ]     CLDG                              9 us
[334.240s][info][gc,stats    ]     Exception Caches                  0 us
[334.240s][info][gc,stats    ] Concurrent Strong Roots             119 us, parallelism: 0.41x
[334.240s][info][gc,stats    ]   CSR: <total>                       49 us
[334.240s][info][gc,stats    ]   CSR: VM Strong Roots                5 us, workers (us):   5, ---, ---, 
[334.240s][info][gc,stats    ]   CSR: CLDG Roots                    44 us, workers (us):  44, ---, ---, 
[334.240s][info][gc,stats    ] Concurrent Evacuation              1189 us
[334.240s][info][gc,stats    ] Pause Init Update Refs (G)        13888 us
[334.240s][info][gc,stats    ] Pause Init Update Refs (N)           74 us
[334.240s][info][gc,stats    ]   Manage GCLABs                       4 us
[334.240s][info][gc,stats    ] Concurrent Update Refs            69488 us
[334.240s][info][gc,stats    ] Concurrent Update Thread Roots     3363 us
[334.240s][info][gc,stats    ] Pause Final Update Refs (G)        5699 us
[334.240s][info][gc,stats    ] Pause Final Update Refs (N)         132 us
[334.240s][info][gc,stats    ]   Update Region States               44 us
[334.240s][info][gc,stats    ]   Trash Collection Set                3 us
[334.240s][info][gc,stats    ]   Rebuild Free Set                   18 us
[334.240s][info][gc,stats    ] Concurrent Cleanup                  126 us
[334.240s][info][gc,stats    ] 
[334.240s][info][gc,stats    ] Allocation pacing accrued:
[334.240s][info][gc,stats    ]       0 of  1815 ms (  0.0%): <total>
[334.240s][info][gc,stats    ]       0 of  1815 ms (  0.0%): <average total>
[334.240s][info][gc,stats    ] 
[334.240s][info][gc,metaspace] Metaspace: 16572K(16832K)->16572K(16832K) NonClass: 14223K(14336K)->14223K(14336K) Class: 2348K(2496K)->2348K(2496K)
[334.240s][info][gc,ergo     ] Pacer for Idle. Initial: 163M, Alloc Tax Rate: 1.0x
[334.364s][info][gc          ] Trigger: Average GC time (1417.00 ms) is above the time for average allocation rate (4502 MB/s) to deplete free headroom (5954M) (margin of error = 1.81)
[334.364s][info][gc,ergo     ] Free headroom: 6363M (free) - 409M (spike) - 0B (penalties) = 5954M
[334.364s][info][gc,ergo     ] Free: 6363M, Max: 4096K regular, 6320M humongous, Frag: 0% external, 0% internal; Reserve: 412M, Max: 4096K
[334.364s][info][gc,start    ] GC(154) Concurrent reset
[334.364s][info][gc,task     ] GC(154) Using 1 of 3 workers for concurrent reset
[334.364s][info][gc,ergo     ] GC(154) Pacer for Reset. Non-Taxable: 8192M
[334.365s][info][gc          ] GC(154) Concurrent reset 1.193ms
[334.365s][info][gc,start    ] GC(154) Pause Init Mark (unload classes)
[334.365s][info][gc,task     ] GC(154) Using 3 of 3 workers for init marking
[334.365s][info][gc,ergo     ] GC(154) Pacer for Mark. Expected Live: 77177K, Free: 6351M, Non-Taxable: 635M, Alloc Tax Rate: 0.0x
[334.365s][info][gc          ] GC(154) Pause Init Mark (unload classes) 0.143ms
[334.380s][info][gc,start    ] GC(154) Concurrent marking roots
[334.380s][info][gc,task     ] GC(154) Using 1 of 3 workers for concurrent marking roots
[334.380s][info][gc          ] GC(154) Concurrent marking roots 0.719ms
[334.380s][info][gc,start    ] GC(154) Concurrent marking (unload classes)
[334.380s][info][gc,task     ] GC(154) Using 1 of 3 workers for concurrent marking
[334.411s][info][gc          ] GC(154) Concurrent marking (unload classes) 30.510ms
[334.411s][info][gc,start    ] GC(154) Pause Final Mark (unload classes)
[334.411s][info][gc,task     ] GC(154) Using 3 of 3 workers for final marking
[334.411s][info][gc,ergo     ] GC(154) Adaptive CSet Selection. Target Free: 1160M, Actual Free: 7744M, Max CSet: 341M, Min Garbage: 0B
[334.411s][info][gc,ergo     ] GC(154) Collectable Garbage: 1419M (99%), Immediate: 1260M (88%), CSet: 159M (11%)
[334.411s][info][gc,ergo     ] GC(154) Pacer for Evacuation. Used CSet: 160M, Free: 7376M, Non-Taxable: 737M, Alloc Tax Rate: 1.1x
[334.411s][info][gc          ] GC(154) Pause Final Mark (unload classes) 0.241ms
[334.413s][info][gc,start    ] GC(154) Concurrent thread roots
[334.413s][info][gc,task     ] GC(154) Using 1 of 3 workers for Concurrent thread roots
[334.413s][info][gc          ] GC(154) Concurrent thread roots 0.571ms
[334.413s][info][gc,start    ] GC(154) Concurrent weak references
[334.413s][info][gc,task     ] GC(154) Using 1 of 3 workers for concurrent weak references
[334.413s][info][gc,ref      ] GC(154) Encountered references: Soft: 173, Weak: 991, Final: 0, Phantom: 41
[334.413s][info][gc,ref      ] GC(154) Discovered  references: Soft: 0, Weak: 201, Final: 0, Phantom: 24
[334.413s][info][gc,ref      ] GC(154) Enqueued    references: Soft: 0, Weak: 0, Final: 0, Phantom: 0
[334.413s][info][gc          ] GC(154) Concurrent weak references 0.078ms
[334.413s][info][gc,start    ] GC(154) Concurrent weak roots
[334.413s][info][gc,task     ] GC(154) Using 1 of 3 workers for concurrent weak root
[334.427s][info][gc          ] GC(154) Concurrent weak roots 13.715ms
[334.427s][info][gc,start    ] GC(154) Concurrent cleanup
[334.427s][info][gc          ] GC(154) Concurrent cleanup 1736M->476M(8192M) 0.060ms
[334.427s][info][gc,ergo     ] GC(154) Free: 7303M, Max: 4096K regular, 6000M humongous, Frag: 18% external, 0% internal; Reserve: 411M, Max: 4096K
[334.427s][info][gc,start    ] GC(154) Concurrent class unloading
[334.427s][info][gc,task     ] GC(154) Using 1 of 3 workers for concurrent class unloading
[334.443s][info][gc          ] GC(154) Concurrent class unloading 15.662ms
[334.443s][info][gc,start    ] GC(154) Concurrent strong roots
[334.443s][info][gc,task     ] GC(154) Using 1 of 3 workers for concurrent strong root
[334.443s][info][gc          ] GC(154) Concurrent strong roots 0.096ms
[334.443s][info][gc,start    ] GC(154) Concurrent evacuation
[334.443s][info][gc,task     ] GC(154) Using 1 of 3 workers for concurrent evacuation
[334.444s][info][gc          ] GC(154) Concurrent evacuation 1.145ms
[334.444s][info][gc,start    ] GC(154) Pause Init Update Refs
[334.444s][info][gc,ergo     ] GC(154) Pacer for Update Refs. Used: 540M, Free: 7240M, Non-Taxable: 724M, Alloc Tax Rate: 1.1x
[334.444s][info][gc          ] GC(154) Pause Init Update Refs 0.028ms
[334.471s][info][gc,start    ] GC(154) Concurrent update references
[334.471s][info][gc,task     ] GC(154) Using 1 of 3 workers for concurrent reference update
[334.573s][info][gc          ] GC(154) Concurrent update references 102.099ms
[334.574s][info][gc,start    ] GC(154) Concurrent update thread roots
[334.574s][info][gc          ] GC(154) Concurrent update thread roots 0.371ms
[334.574s][info][gc,start    ] GC(154) Pause Final Update Refs
[334.574s][info][gc,task     ] GC(154) Using 3 of 3 workers for final reference update
[334.574s][info][gc          ] GC(154) Pause Final Update Refs 0.123ms
[334.574s][info][gc,start    ] GC(154) Concurrent cleanup
[334.574s][info][gc          ] GC(154) Concurrent cleanup 956M->796M(8192M) 0.029ms
[334.574s][info][gc,ergo     ] Free: 6983M, Max: 4096K regular, 5996M humongous, Frag: 14% external, 0% internal; Reserve: 412M, Max: 4096K
[334.574s][info][gc,stats    ] 
[334.574s][info][gc,stats    ] All times are wall-clock times, except per-root-class counters, that are sum over
[334.574s][info][gc,stats    ] all workers. Dividing the <total> over the root stage time estimates parallelism.
[334.574s][info][gc,stats    ] 
[334.574s][info][gc,stats    ] Concurrent Reset                   1218 us
[334.574s][info][gc,stats    ] Pause Init Mark (G)               14469 us
[334.574s][info][gc,stats    ] Pause Init Mark (N)                 151 us
[334.574s][info][gc,stats    ]   Update Region States               54 us
[334.574s][info][gc,stats    ] Concurrent Mark Roots               742 us, parallelism: 0.75x
[334.574s][info][gc,stats    ]   CMR: <total>                      554 us
[334.574s][info][gc,stats    ]   CMR: Thread Roots                 500 us, workers (us): 500, ---, ---, 
[334.574s][info][gc,stats    ]   CMR: VM Strong Roots                8 us, workers (us):   8, ---, ---, 
[334.574s][info][gc,stats    ]   CMR: CLDG Roots                    46 us, workers (us):  46, ---, ---, 
[334.574s][info][gc,stats    ] Concurrent Marking                30597 us
[334.574s][info][gc,stats    ] Pause Final Mark (G)               1569 us
[334.574s][info][gc,stats    ] Pause Final Mark (N)                251 us
[334.574s][info][gc,stats    ]   Finish Mark                        53 us
[334.574s][info][gc,stats    ]   Update Region States               50 us
[334.574s][info][gc,stats    ]   Choose Collection Set              85 us
[334.574s][info][gc,stats    ]   Rebuild Free Set                    9 us
[334.574s][info][gc,stats    ] Concurrent Thread Roots             588 us, parallelism: 0.86x
[334.574s][info][gc,stats    ]   CTR: <total>                      503 us
[334.574s][info][gc,stats    ]   CTR: Thread Roots                 503 us, workers (us): 503, ---, ---, 
[334.574s][info][gc,stats    ] Concurrent Weak References           86 us, parallelism: 0.20x
[334.574s][info][gc,stats    ]   CWRF: <total>                      17 us
[334.574s][info][gc,stats    ]   CWRF: Weak References              17 us, workers (us):  17, ---, ---, 
[334.574s][info][gc,stats    ] Concurrent Weak Roots             13801 us
[334.574s][info][gc,stats    ]   Roots                            1184 us, parallelism: 0.97x
[334.574s][info][gc,stats    ]     CWR: <total>                   1144 us
[334.574s][info][gc,stats    ]     CWR: Code Cache Roots           971 us, workers (us): 971, ---, ---, 
[334.574s][info][gc,stats    ]     CWR: VM Weak Roots              162 us, workers (us): 162, ---, ---, 
[334.574s][info][gc,stats    ]     CWR: CLDG Roots                  11 us, workers (us):  11, ---, ---, 
[334.574s][info][gc,stats    ]   Rendezvous                      12500 us
[334.574s][info][gc,stats    ] Concurrent Cleanup                   69 us
[334.574s][info][gc,stats    ] Concurrent Class Unloading        15759 us
[334.575s][info][gc,stats    ]   Unlink Stale                     3925 us
[334.575s][info][gc,stats    ]     System Dictionary                16 us
[334.575s][info][gc,stats    ]     Weak Class Links                  0 us
[334.575s][info][gc,stats    ]     Code Roots                     3908 us
[334.575s][info][gc,stats    ]   Rendezvous                      11308 us
[334.575s][info][gc,stats    ]   Purge Unlinked                    402 us
[334.575s][info][gc,stats    ]     Code Roots                      392 us
[334.575s][info][gc,stats    ]     CLDG                              9 us
[334.575s][info][gc,stats    ]     Exception Caches                  0 us
[334.575s][info][gc,stats    ] Concurrent Strong Roots             107 us, parallelism: 0.45x
[334.575s][info][gc,stats    ]   CSR: <total>                       48 us
[334.575s][info][gc,stats    ]   CSR: VM Strong Roots                3 us, workers (us):   3, ---, ---, 
[334.575s][info][gc,stats    ]   CSR: CLDG Roots                    45 us, workers (us):  45, ---, ---, 
[334.575s][info][gc,stats    ] Concurrent Evacuation              1195 us
[334.575s][info][gc,stats    ] Pause Init Update Refs (G)        27158 us
[334.575s][info][gc,stats    ] Pause Init Update Refs (N)           35 us
[334.575s][info][gc,stats    ]   Manage GCLABs                       3 us
[334.575s][info][gc,stats    ] Concurrent Update Refs           102179 us
[334.575s][info][gc,stats    ] Concurrent Update Thread Roots      387 us
[334.575s][info][gc,stats    ] Pause Final Update Refs (G)         218 us
[334.575s][info][gc,stats    ] Pause Final Update Refs (N)         142 us
[334.575s][info][gc,stats    ]   Update Region States               50 us
[334.575s][info][gc,stats    ]   Trash Collection Set                4 us
[334.575s][info][gc,stats    ]   Rebuild Free Set                   19 us
[334.575s][info][gc,stats    ] Concurrent Cleanup                   39 us
[334.575s][info][gc,stats    ] 
[334.575s][info][gc,stats    ] Allocation pacing accrued:
[334.575s][info][gc,stats    ]       0 of   335 ms (  0.0%): <total>
[334.575s][info][gc,stats    ]       0 of   335 ms (  0.0%): <average total>
[334.575s][info][gc,stats    ] 
[334.575s][info][gc,metaspace] Metaspace: 16572K(16832K)->16572K(16832K) NonClass: 14223K(14336K)->14223K(14336K) Class: 2348K(2496K)->2348K(2496K)
[334.575s][info][gc,ergo     ] Pacer for Idle. Initial: 163M, Alloc Tax Rate: 1.0x
[338.355s][info][gc          ] Trigger: Learning 4 of 5. Free (5711M) is below initial threshold (5734M)
[338.355s][info][gc,ergo     ] Free: 5711M, Max: 4096K regular, 5664M humongous, Frag: 0% external, 0% internal; Reserve: 412M, Max: 4096K
[338.355s][info][gc,start    ] GC(155) Concurrent reset
[338.355s][info][gc,task     ] GC(155) Using 1 of 3 workers for concurrent reset
[338.355s][info][gc,ergo     ] GC(155) Pacer for Reset. Non-Taxable: 8192M
[338.356s][info][gc          ] GC(155) Concurrent reset 0.985ms
[338.357s][info][gc,start    ] GC(155) Pause Init Mark (unload classes)
[338.357s][info][gc,task     ] GC(155) Using 3 of 3 workers for init marking
[338.357s][info][gc,ergo     ] GC(155) Pacer for Mark. Expected Live: 77179K, Free: 5707M, Non-Taxable: 570M, Alloc Tax Rate: 0.0x
[338.357s][info][gc          ] GC(155) Pause Init Mark (unload classes) 0.182ms
[338.357s][info][gc,start    ] GC(155) Concurrent marking roots
[338.357s][info][gc,task     ] GC(155) Using 1 of 3 workers for concurrent marking roots
[338.358s][info][gc          ] GC(155) Concurrent marking roots 1.180ms
[338.358s][info][gc,start    ] GC(155) Concurrent marking (unload classes)
[338.358s][info][gc,task     ] GC(155) Using 1 of 3 workers for concurrent marking
[338.830s][info][gc          ] GC(155) Concurrent marking (unload classes) 472.066ms
[338.830s][info][gc,start    ] GC(155) Pause Final Mark (unload classes)
[338.830s][info][gc,task     ] GC(155) Using 3 of 3 workers for final marking
[338.830s][info][gc,ergo     ] GC(155) Adaptive CSet Selection. Target Free: 1160M, Actual Free: 7044M, Max CSet: 341M, Min Garbage: 0B
[338.830s][info][gc,ergo     ] GC(155) Collectable Garbage: 1836M (99%), Immediate: 1488M (80%), CSet: 347M (18%)
[338.830s][info][gc,ergo     ] GC(155) Pacer for Evacuation. Used CSet: 576M, Free: 6680M, Non-Taxable: 668M, Alloc Tax Rate: 1.1x
[338.830s][info][gc          ] GC(155) Pause Final Mark (unload classes) 0.257ms
[338.831s][info][gc,start    ] GC(155) Concurrent thread roots
[338.831s][info][gc,task     ] GC(155) Using 1 of 3 workers for Concurrent thread roots
[338.831s][info][gc          ] GC(155) Concurrent thread roots 0.589ms
[338.831s][info][gc,start    ] GC(155) Concurrent weak references
[338.831s][info][gc,task     ] GC(155) Using 1 of 3 workers for concurrent weak references
[338.831s][info][gc,ref      ] GC(155) Encountered references: Soft: 173, Weak: 997, Final: 0, Phantom: 41
[338.831s][info][gc,ref      ] GC(155) Discovered  references: Soft: 0, Weak: 212, Final: 0, Phantom: 24
[338.831s][info][gc,ref      ] GC(155) Enqueued    references: Soft: 0, Weak: 5, Final: 0, Phantom: 0
[338.831s][info][gc          ] GC(155) Concurrent weak references 0.140ms
[338.831s][info][gc,start    ] GC(155) Concurrent weak roots
[338.831s][info][gc,task     ] GC(155) Using 1 of 3 workers for concurrent weak root
[338.832s][info][gc          ] GC(155) Concurrent weak roots 1.202ms
[338.833s][info][gc,start    ] GC(155) Concurrent cleanup
[338.833s][info][gc          ] GC(155) Concurrent cleanup 2588M->1100M(8192M) 0.043ms
[338.833s][info][gc,ergo     ] GC(155) Free: 6680M, Max: 4096K regular, 5148M humongous, Frag: 23% external, 0% internal; Reserve: 410M, Max: 4096K
[338.833s][info][gc,start    ] GC(155) Concurrent class unloading
[338.833s][info][gc,task     ] GC(155) Using 1 of 3 workers for concurrent class unloading
[338.836s][info][gc          ] GC(155) Concurrent class unloading 3.594ms
[338.836s][info][gc,start    ] GC(155) Concurrent strong roots
[338.836s][info][gc,task     ] GC(155) Using 1 of 3 workers for concurrent strong root
[338.836s][info][gc          ] GC(155) Concurrent strong roots 0.197ms
[338.836s][info][gc,start    ] GC(155) Concurrent evacuation
[338.836s][info][gc,task     ] GC(155) Using 1 of 3 workers for concurrent evacuation
[339.008s][info][gc          ] GC(155) Concurrent evacuation 171.719ms
[339.008s][info][gc,start    ] GC(155) Pause Init Update Refs
[339.008s][info][gc,ergo     ] GC(155) Pacer for Update Refs. Used: 1338M, Free: 6673M, Non-Taxable: 667M, Alloc Tax Rate: 1.1x
[339.008s][info][gc          ] GC(155) Pause Init Update Refs 0.086ms
[339.009s][info][gc,start    ] GC(155) Concurrent update references
[339.009s][info][gc,task     ] GC(155) Using 1 of 3 workers for concurrent reference update
[339.669s][info][gc          ] GC(155) Concurrent update references 660.533ms
[339.669s][info][gc,start    ] GC(155) Concurrent update thread roots
[339.670s][info][gc          ] GC(155) Concurrent update thread roots 1.079ms
[339.670s][info][gc,start    ] GC(155) Pause Final Update Refs
[339.670s][info][gc,task     ] GC(155) Using 3 of 3 workers for final reference update
[339.671s][info][gc          ] GC(155) Pause Final Update Refs 0.185ms
[339.671s][info][gc,start    ] GC(155) Concurrent cleanup
[339.671s][info][gc          ] GC(155) Concurrent cleanup 1710M->1134M(8192M) 0.071ms
[339.671s][info][gc,ergo     ] Free: 6645M, Max: 4096K regular, 4916M humongous, Frag: 26% external, 0% internal; Reserve: 412M, Max: 4096K
[339.671s][info][gc,stats    ] 
[339.671s][info][gc,stats    ] All times are wall-clock times, except per-root-class counters, that are sum over
[339.671s][info][gc,stats    ] all workers. Dividing the <total> over the root stage time estimates parallelism.
[339.671s][info][gc,stats    ] 
[339.671s][info][gc,stats    ] Concurrent Reset                   1044 us
[339.671s][info][gc,stats    ] Pause Init Mark (G)                 323 us
[339.671s][info][gc,stats    ] Pause Init Mark (N)                 199 us
[339.671s][info][gc,stats    ]   Update Region States               73 us
[339.671s][info][gc,stats    ] Concurrent Mark Roots              1197 us, parallelism: 0.89x
[339.671s][info][gc,stats    ]   CMR: <total>                     1071 us
[339.671s][info][gc,stats    ]   CMR: Thread Roots                 997 us, workers (us): 997, ---, ---, 
[339.671s][info][gc,stats    ]   CMR: VM Strong Roots                6 us, workers (us):   6, ---, ---, 
[339.671s][info][gc,stats    ]   CMR: CLDG Roots                    68 us, workers (us):  68, ---, ---, 
[339.671s][info][gc,stats    ] Concurrent Marking               472144 us
[339.671s][info][gc,stats    ] Pause Final Mark (G)                351 us
[339.671s][info][gc,stats    ] Pause Final Mark (N)                265 us
[339.671s][info][gc,stats    ]   Finish Mark                        59 us
[339.671s][info][gc,stats    ]   Update Region States               55 us
[339.671s][info][gc,stats    ]   Choose Collection Set              91 us
[339.671s][info][gc,stats    ]   Rebuild Free Set                    8 us
[339.671s][info][gc,stats    ] Concurrent Thread Roots             626 us, parallelism: 0.77x
[339.671s][info][gc,stats    ]   CTR: <total>                      482 us
[339.671s][info][gc,stats    ]   CTR: Thread Roots                 482 us, workers (us): 482, ---, ---, 
[339.671s][info][gc,stats    ] Concurrent Weak References          147 us, parallelism: 0.13x
[339.671s][info][gc,stats    ]   CWRF: <total>                      20 us
[339.671s][info][gc,stats    ]   CWRF: Weak References              20 us, workers (us):  20, ---, ---, 
[339.671s][info][gc,stats    ] Concurrent Weak Roots              1235 us
[339.671s][info][gc,stats    ]   Roots                            1123 us, parallelism: 0.93x
[339.671s][info][gc,stats    ]     CWR: <total>                   1043 us
[339.671s][info][gc,stats    ]     CWR: Code Cache Roots           777 us, workers (us): 777, ---, ---, 
[339.671s][info][gc,stats    ]     CWR: VM Weak Roots              255 us, workers (us): 255, ---, ---, 
[339.671s][info][gc,stats    ]     CWR: CLDG Roots                  11 us, workers (us):  11, ---, ---, 
[339.671s][info][gc,stats    ]   Rendezvous                         63 us
[339.671s][info][gc,stats    ] Concurrent Cleanup                   52 us
[339.671s][info][gc,stats    ] Concurrent Class Unloading         3643 us
[339.671s][info][gc,stats    ]   Unlink Stale                     3140 us
[339.671s][info][gc,stats    ]     System Dictionary                10 us
[339.671s][info][gc,stats    ]     Weak Class Links                  0 us
[339.671s][info][gc,stats    ]     Code Roots                     3129 us
[339.671s][info][gc,stats    ]   Rendezvous                        116 us
[339.671s][info][gc,stats    ]   Purge Unlinked                    319 us
[339.671s][info][gc,stats    ]     Code Roots                      304 us
[339.671s][info][gc,stats    ]     CLDG                             14 us
[339.671s][info][gc,stats    ]     Exception Caches                  0 us
[339.671s][info][gc,stats    ] Concurrent Strong Roots             245 us, parallelism: 0.27x
[339.671s][info][gc,stats    ]   CSR: <total>                       66 us
[339.671s][info][gc,stats    ]   CSR: VM Strong Roots                7 us, workers (us):   7, ---, ---, 
[339.671s][info][gc,stats    ]   CSR: CLDG Roots                    59 us, workers (us):  59, ---, ---, 
[339.671s][info][gc,stats    ] Concurrent Evacuation            171828 us
[339.671s][info][gc,stats    ] Pause Init Update Refs (G)          204 us
[339.672s][info][gc,stats    ] Pause Init Update Refs (N)          104 us
[339.672s][info][gc,stats    ]   Manage GCLABs                       4 us
[339.672s][info][gc,stats    ] Concurrent Update Refs           660604 us
[339.672s][info][gc,stats    ] Concurrent Update Thread Roots     1120 us
[339.672s][info][gc,stats    ] Pause Final Update Refs (G)         378 us
[339.672s][info][gc,stats    ] Pause Final Update Refs (N)         206 us
[339.672s][info][gc,stats    ]   Update Region States               67 us
[339.672s][info][gc,stats    ]   Trash Collection Set                7 us
[339.672s][info][gc,stats    ]   Rebuild Free Set                   22 us
[339.672s][info][gc,stats    ] Concurrent Cleanup                   91 us
[339.672s][info][gc,stats    ] 
[339.672s][info][gc,stats    ] Allocation pacing accrued:
[339.672s][info][gc,stats    ]       0 of  5097 ms (  0.0%): <total>
[339.672s][info][gc,stats    ]       0 of  5097 ms (  0.0%): <average total>
[339.672s][info][gc,stats    ] 
[339.672s][info][gc,metaspace] Metaspace: 16572K(16832K)->16572K(16832K) NonClass: 14223K(14336K)->14223K(14336K) Class: 2348K(2496K)->2348K(2496K)
[339.672s][info][gc,ergo     ] Pacer for Idle. Initial: 163M, Alloc Tax Rate: 1.0x
[340.616s][info][gc          ] Trigger: Explicit GC request (System.gc())
[340.616s][info][gc,ergo     ] Free: 6413M, Max: 4096K regular, 4916M humongous, Frag: 23% external, 0% internal; Reserve: 412M, Max: 4096K
[340.616s][info][gc,start    ] GC(156) Concurrent reset
[340.616s][info][gc,task     ] GC(156) Using 1 of 3 workers for concurrent reset
[340.616s][info][gc,ergo     ] GC(156) Pacer for Reset. Non-Taxable: 8192M
[340.619s][info][gc          ] GC(156) Concurrent reset 2.379ms
[340.619s][info][gc,start    ] GC(156) Pause Init Mark (unload classes)
[340.619s][info][gc,task     ] GC(156) Using 3 of 3 workers for init marking
[340.619s][info][gc,ref      ] GC(156) Clearing All SoftReferences
[340.619s][info][gc,ergo     ] GC(156) Pacer for Mark. Expected Live: 120M, Free: 6413M, Non-Taxable: 641M, Alloc Tax Rate: 0.0x
[340.619s][info][gc          ] GC(156) Pause Init Mark (unload classes) 0.135ms
[340.619s][info][gc,start    ] GC(156) Concurrent marking roots
[340.619s][info][gc,task     ] GC(156) Using 1 of 3 workers for concurrent marking roots
[340.620s][info][gc          ] GC(156) Concurrent marking roots 1.111ms
[340.620s][info][gc,start    ] GC(156) Concurrent marking (unload classes)
[340.620s][info][gc,task     ] GC(156) Using 1 of 3 workers for concurrent marking
[340.625s][info][gc          ] GC(156) Concurrent marking (unload classes) 4.657ms
[340.625s][info][gc,start    ] GC(156) Pause Final Mark (unload classes)
[340.625s][info][gc,task     ] GC(156) Using 3 of 3 workers for final marking
[340.625s][info][gc,ergo     ] GC(156) Collectable Garbage: 1334M (97%), Immediate: 1334M (97%), CSet: 0B (0%)
[340.625s][info][gc          ] GC(156) Pause Final Mark (unload classes) 0.333ms
[340.625s][info][gc,start    ] GC(156) Concurrent weak references
[340.625s][info][gc,task     ] GC(156) Using 1 of 3 workers for concurrent weak references
[340.625s][info][gc,ref      ] GC(156) Encountered references: Soft: 172, Weak: 993, Final: 0, Phantom: 41
[340.625s][info][gc,ref      ] GC(156) Discovered  references: Soft: 108, Weak: 221, Final: 0, Phantom: 24
[340.625s][info][gc,ref      ] GC(156) Enqueued    references: Soft: 4, Weak: 8, Final: 0, Phantom: 0
[340.625s][info][gc          ] GC(156) Concurrent weak references 0.225ms
[340.625s][info][gc,start    ] GC(156) Concurrent weak roots
[340.625s][info][gc,task     ] GC(156) Using 1 of 3 workers for concurrent weak root
[340.626s][info][gc          ] GC(156) Concurrent weak roots 0.961ms
[340.626s][info][gc,start    ] GC(156) Concurrent cleanup
[340.626s][info][gc          ] GC(156) Concurrent cleanup 1366M->32M(8192M) 0.029ms
[340.626s][info][gc,ergo     ] GC(156) Free: 7747M, Max: 4096K regular, 7112M humongous, Frag: 8% external, 0% internal; Reserve: 412M, Max: 4096K
[340.626s][info][gc,start    ] GC(156) Concurrent class unloading
[340.626s][info][gc,task     ] GC(156) Using 1 of 3 workers for concurrent class unloading
[340.632s][info][gc          ] GC(156) Concurrent class unloading 5.736ms
[340.632s][info][gc,start    ] GC(156) Pause Final Roots
[340.632s][info][gc          ] GC(156) Pause Final Roots 0.075ms
[340.632s][info][gc,ergo     ] Free: 7747M, Max: 4096K regular, 7112M humongous, Frag: 8% external, 0% internal; Reserve: 412M, Max: 4096K
[340.632s][info][gc,stats    ] 
[340.632s][info][gc,stats    ] All times are wall-clock times, except per-root-class counters, that are sum over
[340.632s][info][gc,stats    ] all workers. Dividing the <total> over the root stage time estimates parallelism.
[340.632s][info][gc,stats    ] 
[340.632s][info][gc,stats    ] Concurrent Reset                   2426 us
[340.632s][info][gc,stats    ] Pause Init Mark (G)                 197 us
[340.632s][info][gc,stats    ] Pause Init Mark (N)                 144 us
[340.632s][info][gc,stats    ]   Update Region States               72 us
[340.632s][info][gc,stats    ] Concurrent Mark Roots              1119 us, parallelism: 0.91x
[340.632s][info][gc,stats    ]   CMR: <total>                     1023 us
[340.632s][info][gc,stats    ]   CMR: Thread Roots                 951 us, workers (us): 951, ---, ---, 
[340.632s][info][gc,stats    ]   CMR: VM Strong Roots                6 us, workers (us):   6, ---, ---, 
[340.632s][info][gc,stats    ]   CMR: CLDG Roots                    66 us, workers (us):  66, ---, ---, 
[340.632s][info][gc,stats    ] Concurrent Marking                 4682 us
[340.632s][info][gc,stats    ] Pause Final Mark (G)                395 us
[340.632s][info][gc,stats    ] Pause Final Mark (N)                343 us
[340.632s][info][gc,stats    ]   Finish Mark                       136 us
[340.632s][info][gc,stats    ]   Update Region States               86 us
[340.632s][info][gc,stats    ]   Choose Collection Set              38 us
[340.632s][info][gc,stats    ]   Rebuild Free Set                    8 us
[340.632s][info][gc,stats    ] Concurrent Weak References          252 us, parallelism: 0.12x
[340.632s][info][gc,stats    ]   CWRF: <total>                      30 us
[340.632s][info][gc,stats    ]   CWRF: Weak References              30 us, workers (us):  30, ---, ---, 
[340.632s][info][gc,stats    ] Concurrent Weak Roots               970 us
[340.633s][info][gc,stats    ]   Roots                             864 us, parallelism: 0.95x
[340.633s][info][gc,stats    ]     CWR: <total>                    819 us
[340.633s][info][gc,stats    ]     CWR: Code Cache Roots           668 us, workers (us): 668, ---, ---, 
[340.633s][info][gc,stats    ]     CWR: VM Weak Roots              142 us, workers (us): 142, ---, ---, 
[340.633s][info][gc,stats    ]     CWR: CLDG Roots                   8 us, workers (us):   8, ---, ---, 
[340.633s][info][gc,stats    ]   Rendezvous                         54 us
[340.633s][info][gc,stats    ] Concurrent Cleanup                   37 us
[340.633s][info][gc,stats    ] Concurrent Class Unloading         5775 us
[340.633s][info][gc,stats    ]   Unlink Stale                     5373 us
[340.633s][info][gc,stats    ]     System Dictionary                66 us
[340.633s][info][gc,stats    ]     Weak Class Links               1912 us
[340.633s][info][gc,stats    ]     Code Roots                     3395 us
[340.633s][info][gc,stats    ]   Rendezvous                        106 us
[340.633s][info][gc,stats    ]   Purge Unlinked                    241 us
[340.633s][info][gc,stats    ]     Code Roots                      220 us
[340.633s][info][gc,stats    ]     CLDG                             20 us
[340.633s][info][gc,stats    ]     Exception Caches                  0 us
[340.633s][info][gc,stats    ] Pause Final Roots (G)               174 us
[340.633s][info][gc,stats    ] Pause Final Roots (N)                99 us
[340.633s][info][gc,stats    ] 
[340.633s][info][gc,stats    ] Allocation pacing accrued:
[340.633s][info][gc,stats    ]       0 of   961 ms (  0.0%): <total>
[340.633s][info][gc,stats    ]       0 of   961 ms (  0.0%): <average total>
[340.633s][info][gc,stats    ] 
[340.633s][info][gc,metaspace] Metaspace: 16572K(16832K)->16568K(16832K) NonClass: 14223K(14336K)->14220K(14336K) Class: 2348K(2496K)->2347K(2496K)
[340.633s][info][gc,ergo     ] Pacer for Idle. Initial: 163M, Alloc Tax Rate: 1.0x
[342.148s][info][gc          ] Trigger: Average GC time (1449.21 ms) is above the time for instantaneous allocation rate (5502 MB/s) to deplete free headroom (6566M) (spike threshold = 1.66)
[342.149s][info][gc,ergo     ] Free: 6975M, Max: 4096K regular, 6932M humongous, Frag: 0% external, 0% internal; Reserve: 412M, Max: 4096K
[342.149s][info][gc,start    ] GC(157) Concurrent reset
[342.149s][info][gc,task     ] GC(157) Using 1 of 3 workers for concurrent reset
[342.149s][info][gc,ergo     ] GC(157) Pacer for Reset. Non-Taxable: 8192M
[342.149s][info][gc          ] GC(157) Concurrent reset 0.410ms
[342.149s][info][gc,start    ] GC(157) Pause Init Mark (unload classes)
[342.149s][info][gc,task     ] GC(157) Using 3 of 3 workers for init marking
[342.149s][info][gc,ergo     ] GC(157) Pacer for Mark. Expected Live: 51192K, Free: 6972M, Non-Taxable: 697M, Alloc Tax Rate: 0.0x
[342.149s][info][gc          ] GC(157) Pause Init Mark (unload classes) 0.098ms
[342.158s][info][gc,start    ] GC(157) Concurrent marking roots
[342.158s][info][gc,task     ] GC(157) Using 1 of 3 workers for concurrent marking roots
[342.159s][info][gc          ] GC(157) Concurrent marking roots 0.754ms
[342.159s][info][gc,start    ] GC(157) Concurrent marking (unload classes)
[342.159s][info][gc,task     ] GC(157) Using 1 of 3 workers for concurrent marking
[342.180s][info][gc          ] GC(157) Concurrent marking (unload classes) 21.188ms
[342.180s][info][gc,start    ] GC(157) Pause Final Mark (unload classes)
[342.180s][info][gc,task     ] GC(157) Using 3 of 3 workers for final marking
[342.180s][info][gc,ergo     ] GC(157) Adaptive CSet Selection. Target Free: 1160M, Actual Free: 7780M, Max CSet: 341M, Min Garbage: 0B
[342.180s][info][gc,ergo     ] GC(157) Collectable Garbage: 799M (99%), Immediate: 604M (75%), CSet: 195M (24%)
[342.181s][info][gc,ergo     ] GC(157) Pacer for Evacuation. Used CSet: 196M, Free: 7412M, Non-Taxable: 741M, Alloc Tax Rate: 1.1x
[342.181s][info][gc          ] GC(157) Pause Final Mark (unload classes) 0.269ms
[342.196s][info][gc,start    ] GC(157) Concurrent thread roots
[342.196s][info][gc,task     ] GC(157) Using 1 of 3 workers for Concurrent thread roots
[342.196s][info][gc          ] GC(157) Concurrent thread roots 0.663ms
[342.197s][info][gc,start    ] GC(157) Concurrent weak references
[342.197s][info][gc,task     ] GC(157) Using 1 of 3 workers for concurrent weak references
[342.197s][info][gc,ref      ] GC(157) Encountered references: Soft: 173, Weak: 993, Final: 0, Phantom: 41
[342.197s][info][gc,ref      ] GC(157) Discovered  references: Soft: 0, Weak: 207, Final: 0, Phantom: 24
[342.197s][info][gc,ref      ] GC(157) Enqueued    references: Soft: 0, Weak: 5, Final: 0, Phantom: 0
[342.197s][info][gc          ] GC(157) Concurrent weak references 0.095ms
[342.197s][info][gc,start    ] GC(157) Concurrent weak roots
[342.197s][info][gc,task     ] GC(157) Using 1 of 3 workers for concurrent weak root
[342.199s][info][gc          ] GC(157) Concurrent weak roots 2.601ms
[342.199s][info][gc,start    ] GC(157) Concurrent cleanup
[342.199s][info][gc          ] GC(157) Concurrent cleanup 1048M->444M(8192M) 0.052ms
[342.199s][info][gc,ergo     ] GC(157) Free: 7336M, Max: 4096K regular, 6696M humongous, Frag: 9% external, 0% internal; Reserve: 411M, Max: 4096K
[342.199s][info][gc,start    ] GC(157) Concurrent class unloading
[342.199s][info][gc,task     ] GC(157) Using 1 of 3 workers for concurrent class unloading
[342.212s][info][gc          ] GC(157) Concurrent class unloading 12.314ms
[342.212s][info][gc,start    ] GC(157) Concurrent strong roots
[342.212s][info][gc,task     ] GC(157) Using 1 of 3 workers for concurrent strong root
[342.212s][info][gc          ] GC(157) Concurrent strong roots 0.103ms
[342.212s][info][gc,start    ] GC(157) Concurrent evacuation
[342.212s][info][gc,task     ] GC(157) Using 1 of 3 workers for concurrent evacuation
[342.213s][info][gc          ] GC(157) Concurrent evacuation 1.550ms
[342.214s][info][gc,start    ] GC(157) Pause Init Update Refs
[342.214s][info][gc,ergo     ] GC(157) Pacer for Update Refs. Used: 504M, Free: 7276M, Non-Taxable: 727M, Alloc Tax Rate: 1.1x
[342.214s][info][gc          ] GC(157) Pause Init Update Refs 0.048ms
[342.246s][info][gc,start    ] GC(157) Concurrent update references
[342.246s][info][gc,task     ] GC(157) Using 1 of 3 workers for concurrent reference update
[342.316s][info][gc          ] GC(157) Concurrent update references 69.875ms
[342.316s][info][gc,start    ] GC(157) Concurrent update thread roots
[342.321s][info][gc          ] GC(157) Concurrent update thread roots 5.130ms
[342.321s][info][gc,start    ] GC(157) Pause Final Update Refs
[342.321s][info][gc,task     ] GC(157) Using 3 of 3 workers for final reference update
[342.322s][info][gc          ] GC(157) Pause Final Update Refs 0.152ms
[342.325s][info][gc,start    ] GC(157) Concurrent cleanup
[342.325s][info][gc          ] GC(157) Concurrent cleanup 864M->688M(8192M) 0.090ms
[342.325s][info][gc,ergo     ] Free: 7091M, Max: 4096K regular, 6696M humongous, Frag: 5% external, 0% internal; Reserve: 412M, Max: 4096K
[342.325s][info][gc,stats    ] 
[342.325s][info][gc,stats    ] All times are wall-clock times, except per-root-class counters, that are sum over
[342.325s][info][gc,stats    ] all workers. Dividing the <total> over the root stage time estimates parallelism.
[342.325s][info][gc,stats    ] 
[342.325s][info][gc,stats    ] Concurrent Reset                    434 us
[342.325s][info][gc,stats    ] Pause Init Mark (G)                9099 us
[342.325s][info][gc,stats    ] Pause Init Mark (N)                 106 us
[342.325s][info][gc,stats    ]   Update Region States               32 us
[342.325s][info][gc,stats    ] Concurrent Mark Roots               776 us, parallelism: 0.75x
[342.325s][info][gc,stats    ]   CMR: <total>                      580 us
[342.325s][info][gc,stats    ]   CMR: Thread Roots                 523 us, workers (us): 523, ---, ---, 
[342.325s][info][gc,stats    ]   CMR: VM Strong Roots                7 us, workers (us):   7, ---, ---, 
[342.325s][info][gc,stats    ]   CMR: CLDG Roots                    49 us, workers (us):  49, ---, ---, 
[342.325s][info][gc,stats    ] Concurrent Marking                21288 us
[342.325s][info][gc,stats    ] Pause Final Mark (G)              15687 us
[342.325s][info][gc,stats    ] Pause Final Mark (N)                278 us
[342.325s][info][gc,stats    ]   Finish Mark                        48 us
[342.325s][info][gc,stats    ]   Update Region States               69 us
[342.325s][info][gc,stats    ]   Choose Collection Set              66 us
[342.325s][info][gc,stats    ]   Rebuild Free Set                    8 us
[342.325s][info][gc,stats    ] Concurrent Thread Roots             682 us, parallelism: 0.77x
[342.325s][info][gc,stats    ]   CTR: <total>                      525 us
[342.325s][info][gc,stats    ]   CTR: Thread Roots                 525 us, workers (us): 525, ---, ---, 
[342.325s][info][gc,stats    ] Concurrent Weak References          103 us, parallelism: 0.23x
[342.325s][info][gc,stats    ]   CWRF: <total>                      24 us
[342.325s][info][gc,stats    ]   CWRF: Weak References              24 us, workers (us):  24, ---, ---, 
[342.325s][info][gc,stats    ] Concurrent Weak Roots              2672 us
[342.325s][info][gc,stats    ]   Roots                            1321 us, parallelism: 0.97x
[342.325s][info][gc,stats    ]     CWR: <total>                   1277 us
[342.325s][info][gc,stats    ]     CWR: Code Cache Roots          1024 us, workers (us): 1024, ---, ---, 
[342.325s][info][gc,stats    ]     CWR: VM Weak Roots              242 us, workers (us): 242, ---, ---, 
[342.325s][info][gc,stats    ]     CWR: CLDG Roots                  11 us, workers (us):  11, ---, ---, 
[342.325s][info][gc,stats    ]   Rendezvous                       1261 us
[342.325s][info][gc,stats    ] Concurrent Cleanup                   77 us
[342.325s][info][gc,stats    ] Concurrent Class Unloading        12387 us
[342.325s][info][gc,stats    ]   Unlink Stale                     3662 us
[342.325s][info][gc,stats    ]     System Dictionary                13 us
[342.325s][info][gc,stats    ]     Weak Class Links                  0 us
[342.325s][info][gc,stats    ]     Code Roots                     3648 us
[342.325s][info][gc,stats    ]   Rendezvous                       8309 us
[342.325s][info][gc,stats    ]   Purge Unlinked                    317 us
[342.325s][info][gc,stats    ]     Code Roots                      310 us
[342.325s][info][gc,stats    ]     CLDG                              6 us
[342.325s][info][gc,stats    ]     Exception Caches                  0 us
[342.325s][info][gc,stats    ] Concurrent Strong Roots             113 us, parallelism: 0.46x
[342.325s][info][gc,stats    ]   CSR: <total>                       52 us
[342.325s][info][gc,stats    ]   CSR: VM Strong Roots                4 us, workers (us):   4, ---, ---, 
[342.325s][info][gc,stats    ]   CSR: CLDG Roots                    48 us, workers (us):  48, ---, ---, 
[342.325s][info][gc,stats    ] Concurrent Evacuation              1606 us
[342.325s][info][gc,stats    ] Pause Init Update Refs (G)        32608 us
[342.325s][info][gc,stats    ] Pause Init Update Refs (N)           57 us
[342.325s][info][gc,stats    ]   Manage GCLABs                       4 us
[342.325s][info][gc,stats    ] Concurrent Update Refs            69956 us
[342.325s][info][gc,stats    ] Concurrent Update Thread Roots     5205 us
[342.326s][info][gc,stats    ] Pause Final Update Refs (G)        3680 us
[342.326s][info][gc,stats    ] Pause Final Update Refs (N)         164 us
[342.326s][info][gc,stats    ]   Update Region States               64 us
[342.326s][info][gc,stats    ]   Trash Collection Set                4 us
[342.326s][info][gc,stats    ]   Rebuild Free Set                   20 us
[342.326s][info][gc,stats    ] Concurrent Cleanup                  102 us
[342.326s][info][gc,stats    ] 
[342.326s][info][gc,stats    ] Allocation pacing accrued:
[342.326s][info][gc,stats    ]       0 of  1693 ms (  0.0%): <total>
[342.326s][info][gc,stats    ]       0 of  1693 ms (  0.0%): <average total>
[342.326s][info][gc,stats    ] 
[342.326s][info][gc,metaspace] Metaspace: 16584K(16832K)->16584K(16832K) NonClass: 14236K(14336K)->14236K(14336K) Class: 2348K(2496K)->2348K(2496K)
[342.326s][info][gc,ergo     ] Pacer for Idle. Initial: 163M, Alloc Tax Rate: 1.0x
[342.557s][info][gc          ] Trigger: Average GC time (1057.81 ms) is above the time for instantaneous allocation rate (5475 MB/s) to deplete free headroom (5413M) (spike threshold = 1.66)
[342.557s][info][gc,ergo     ] Free: 5823M, Max: 4096K regular, 5780M humongous, Frag: 0% external, 0% internal; Reserve: 412M, Max: 4096K
[342.557s][info][gc,start    ] GC(158) Concurrent reset
[342.557s][info][gc,task     ] GC(158) Using 1 of 3 workers for concurrent reset
[342.557s][info][gc,ergo     ] GC(158) Pacer for Reset. Non-Taxable: 8192M
[342.558s][info][gc          ] GC(158) Concurrent reset 1.264ms
[342.558s][info][gc,start    ] GC(158) Pause Init Mark (unload classes)
[342.558s][info][gc,task     ] GC(158) Using 3 of 3 workers for init marking
[342.559s][info][gc,ergo     ] GC(158) Pacer for Mark. Expected Live: 51245K, Free: 5815M, Non-Taxable: 581M, Alloc Tax Rate: 0.0x
[342.559s][info][gc          ] GC(158) Pause Init Mark (unload classes) 0.145ms
[342.575s][info][gc,start    ] GC(158) Concurrent marking roots
[342.575s][info][gc,task     ] GC(158) Using 1 of 3 workers for concurrent marking roots
[342.575s][info][gc          ] GC(158) Concurrent marking roots 0.720ms
[342.576s][info][gc,start    ] GC(158) Concurrent marking (unload classes)
[342.576s][info][gc,task     ] GC(158) Using 1 of 3 workers for concurrent marking
[342.590s][info][gc          ] GC(158) Concurrent marking (unload classes) 14.877ms
[342.591s][info][gc,start    ] GC(158) Pause Final Mark (unload classes)
[342.591s][info][gc,task     ] GC(158) Using 3 of 3 workers for final marking
[342.591s][info][gc,ergo     ] GC(158) Collectable Garbage: 1800M (91%), Immediate: 1800M (91%), CSet: 0B (0%)
[342.591s][info][gc          ] GC(158) Pause Final Mark (unload classes) 0.209ms
[342.604s][info][gc,start    ] GC(158) Concurrent weak references
[342.604s][info][gc,task     ] GC(158) Using 1 of 3 workers for concurrent weak references
[342.604s][info][gc,ref      ] GC(158) Encountered references: Soft: 173, Weak: 988, Final: 0, Phantom: 41
[342.604s][info][gc,ref      ] GC(158) Discovered  references: Soft: 0, Weak: 202, Final: 0, Phantom: 24
[342.604s][info][gc,ref      ] GC(158) Enqueued    references: Soft: 0, Weak: 0, Final: 0, Phantom: 0
[342.604s][info][gc          ] GC(158) Concurrent weak references 0.178ms
[342.604s][info][gc,start    ] GC(158) Concurrent weak roots
[342.604s][info][gc,task     ] GC(158) Using 1 of 3 workers for concurrent weak root
[342.606s][info][gc          ] GC(158) Concurrent weak roots 1.540ms
[342.606s][info][gc,start    ] GC(158) Concurrent cleanup
[342.606s][info][gc          ] GC(158) Concurrent cleanup 2184M->384M(8192M) 0.054ms
[342.606s][info][gc,ergo     ] GC(158) Free: 7395M, Max: 4096K regular, 5552M humongous, Frag: 25% external, 0% internal; Reserve: 412M, Max: 4096K
[342.606s][info][gc,start    ] GC(158) Concurrent class unloading
[342.606s][info][gc,task     ] GC(158) Using 1 of 3 workers for concurrent class unloading
[342.609s][info][gc          ] GC(158) Concurrent class unloading 3.330ms
[342.609s][info][gc,start    ] GC(158) Pause Final Roots
[342.609s][info][gc          ] GC(158) Pause Final Roots 0.042ms
[342.609s][info][gc,ergo     ] Free: 7391M, Max: 4096K regular, 5552M humongous, Frag: 25% external, 0% internal; Reserve: 412M, Max: 4096K
[342.609s][info][gc,stats    ] 
[342.609s][info][gc,stats    ] All times are wall-clock times, except per-root-class counters, that are sum over
[342.609s][info][gc,stats    ] all workers. Dividing the <total> over the root stage time estimates parallelism.
[342.609s][info][gc,stats    ] 
[342.609s][info][gc,stats    ] Concurrent Reset                   1297 us
[342.609s][info][gc,stats    ] Pause Init Mark (G)               16530 us
[342.609s][info][gc,stats    ] Pause Init Mark (N)                 155 us
[342.609s][info][gc,stats    ]   Update Region States               44 us
[342.609s][info][gc,stats    ] Concurrent Mark Roots               741 us, parallelism: 0.77x
[342.609s][info][gc,stats    ]   CMR: <total>                      571 us
[342.609s][info][gc,stats    ]   CMR: Thread Roots                 517 us, workers (us): 517, ---, ---, 
[342.609s][info][gc,stats    ]   CMR: VM Strong Roots                8 us, workers (us):   8, ---, ---, 
[342.609s][info][gc,stats    ]   CMR: CLDG Roots                    45 us, workers (us):  45, ---, ---, 
[342.609s][info][gc,stats    ] Concurrent Marking                14947 us
[342.609s][info][gc,stats    ] Pause Final Mark (G)              13385 us
[342.609s][info][gc,stats    ] Pause Final Mark (N)                219 us
[342.609s][info][gc,stats    ]   Finish Mark                        49 us
[342.609s][info][gc,stats    ]   Update Region States               37 us
[342.609s][info][gc,stats    ]   Choose Collection Set              54 us
[342.609s][info][gc,stats    ]   Rebuild Free Set                    8 us
[342.609s][info][gc,stats    ] Concurrent Weak References          188 us, parallelism: 0.11x
[342.609s][info][gc,stats    ]   CWRF: <total>                      20 us
[342.609s][info][gc,stats    ]   CWRF: Weak References              20 us, workers (us):  20, ---, ---, 
[342.609s][info][gc,stats    ] Concurrent Weak Roots              1586 us
[342.609s][info][gc,stats    ]   Roots                            1463 us, parallelism: 0.97x
[342.609s][info][gc,stats    ]     CWR: <total>                   1425 us
[342.609s][info][gc,stats    ]     CWR: Code Cache Roots          1208 us, workers (us): 1208, ---, ---, 
[342.609s][info][gc,stats    ]     CWR: VM Weak Roots              203 us, workers (us): 203, ---, ---, 
[342.609s][info][gc,stats    ]     CWR: CLDG Roots                  13 us, workers (us):  13, ---, ---, 
[342.609s][info][gc,stats    ]   Rendezvous                         60 us
[342.609s][info][gc,stats    ] Concurrent Cleanup                   62 us
[342.609s][info][gc,stats    ] Concurrent Class Unloading         3384 us
[342.609s][info][gc,stats    ]   Unlink Stale                     3051 us
[342.610s][info][gc,stats    ]     System Dictionary                11 us
[342.610s][info][gc,stats    ]     Weak Class Links                  0 us
[342.610s][info][gc,stats    ]     Code Roots                     3038 us
[342.610s][info][gc,stats    ]   Rendezvous                         50 us
[342.610s][info][gc,stats    ]   Purge Unlinked                    210 us
[342.610s][info][gc,stats    ]     Code Roots                      205 us
[342.610s][info][gc,stats    ]     CLDG                              4 us
[342.610s][info][gc,stats    ]     Exception Caches                  0 us
[342.610s][info][gc,stats    ] Pause Final Roots (G)                99 us
[342.610s][info][gc,stats    ] Pause Final Roots (N)                52 us
[342.610s][info][gc,stats    ] 
[342.610s][info][gc,stats    ] Allocation pacing accrued:
[342.610s][info][gc,stats    ]       0 of   284 ms (  0.0%): <total>
[342.610s][info][gc,stats    ]       0 of   284 ms (  0.0%): <average total>
[342.610s][info][gc,stats    ] 
[342.610s][info][gc,metaspace] Metaspace: 16584K(16832K)->16584K(16832K) NonClass: 14236K(14336K)->14236K(14336K) Class: 2348K(2496K)->2348K(2496K)
[342.610s][info][gc,ergo     ] Pacer for Idle. Initial: 163M, Alloc Tax Rate: 1.0x
[346.359s][info][gc          ] Trigger: Learning 4 of 5. Free (5731M) is below initial threshold (5734M)
[346.359s][info][gc,ergo     ] Free: 5731M, Max: 4096K regular, 5552M humongous, Frag: 3% external, 0% internal; Reserve: 412M, Max: 4096K
[346.359s][info][gc,start    ] GC(159) Concurrent reset
[346.359s][info][gc,task     ] GC(159) Using 1 of 3 workers for concurrent reset
[346.359s][info][gc,ergo     ] GC(159) Pacer for Reset. Non-Taxable: 8192M
[346.360s][info][gc          ] GC(159) Concurrent reset 0.844ms
[346.360s][info][gc,start    ] GC(159) Pause Init Mark (unload classes)
[346.360s][info][gc,task     ] GC(159) Using 3 of 3 workers for init marking
[346.360s][info][gc,ergo     ] GC(159) Pacer for Mark. Expected Live: 51235K, Free: 5731M, Non-Taxable: 573M, Alloc Tax Rate: 0.0x
[346.360s][info][gc          ] GC(159) Pause Init Mark (unload classes) 0.152ms
[346.360s][info][gc,start    ] GC(159) Concurrent marking roots
[346.360s][info][gc,task     ] GC(159) Using 1 of 3 workers for concurrent marking roots
[346.361s][info][gc          ] GC(159) Concurrent marking roots 0.724ms
[346.361s][info][gc,start    ] GC(159) Concurrent marking (unload classes)
[346.361s][info][gc,task     ] GC(159) Using 1 of 3 workers for concurrent marking
[347.102s][info][gc          ] GC(159) Concurrent marking (unload classes) 740.968ms
[347.102s][info][gc,start    ] GC(159) Pause Final Mark (unload classes)
[347.102s][info][gc,task     ] GC(159) Using 3 of 3 workers for final marking
[347.103s][info][gc,ergo     ] GC(159) Adaptive CSet Selection. Target Free: 1160M, Actual Free: 6768M, Max CSet: 341M, Min Garbage: 0B
[347.103s][info][gc,ergo     ] GC(159) Collectable Garbage: 1595M (96%), Immediate: 1088M (65%), CSet: 507M (30%)
[347.103s][info][gc,ergo     ] GC(159) Pacer for Evacuation. Used CSet: 847M, Free: 6399M, Non-Taxable: 639M, Alloc Tax Rate: 1.1x
[347.103s][info][gc          ] GC(159) Pause Final Mark (unload classes) 0.460ms
[347.103s][info][gc,start    ] GC(159) Concurrent thread roots
[347.103s][info][gc,task     ] GC(159) Using 1 of 3 workers for Concurrent thread roots
[347.104s][info][gc          ] GC(159) Concurrent thread roots 1.081ms
[347.104s][info][gc,start    ] GC(159) Concurrent weak references
[347.104s][info][gc,task     ] GC(159) Using 1 of 3 workers for concurrent weak references
[347.104s][info][gc,ref      ] GC(159) Encountered references: Soft: 173, Weak: 991, Final: 0, Phantom: 41
[347.104s][info][gc,ref      ] GC(159) Discovered  references: Soft: 0, Weak: 200, Final: 0, Phantom: 24
[347.104s][info][gc,ref      ] GC(159) Enqueued    references: Soft: 0, Weak: 3, Final: 0, Phantom: 0
[347.104s][info][gc          ] GC(159) Concurrent weak references 0.140ms
[347.104s][info][gc,start    ] GC(159) Concurrent weak roots
[347.104s][info][gc,task     ] GC(159) Using 1 of 3 workers for concurrent weak root
[347.105s][info][gc          ] GC(159) Concurrent weak roots 1.064ms
[347.105s][info][gc,start    ] GC(159) Concurrent cleanup
[347.105s][info][gc          ] GC(159) Concurrent cleanup 2472M->1384M(8192M) 0.039ms
[347.105s][info][gc,ergo     ] GC(159) Free: 6395M, Max: 4096K regular, 5264M humongous, Frag: 18% external, 0% internal; Reserve: 410M, Max: 4096K
[347.105s][info][gc,start    ] GC(159) Concurrent class unloading
[347.105s][info][gc,task     ] GC(159) Using 1 of 3 workers for concurrent class unloading
[347.109s][info][gc          ] GC(159) Concurrent class unloading 4.061ms
[347.109s][info][gc,start    ] GC(159) Concurrent strong roots
[347.109s][info][gc,task     ] GC(159) Using 1 of 3 workers for concurrent strong root
[347.110s][info][gc          ] GC(159) Concurrent strong roots 0.203ms
[347.110s][info][gc,start    ] GC(159) Concurrent evacuation
[347.110s][info][gc,task     ] GC(159) Using 1 of 3 workers for concurrent evacuation
[347.411s][info][gc          ] GC(159) Concurrent evacuation 300.947ms
[347.411s][info][gc,start    ] GC(159) Pause Init Update Refs
[347.411s][info][gc,ergo     ] GC(159) Pacer for Update Refs. Used: 1867M, Free: 6259M, Non-Taxable: 625M, Alloc Tax Rate: 1.1x
[347.411s][info][gc          ] GC(159) Pause Init Update Refs 0.089ms
[347.411s][info][gc,start    ] GC(159) Concurrent update references
[347.411s][info][gc,task     ] GC(159) Using 1 of 3 workers for concurrent reference update
[348.285s][info][gc          ] GC(159) Concurrent update references 873.811ms
[348.285s][info][gc,start    ] GC(159) Concurrent update thread roots
[348.286s][info][gc          ] GC(159) Concurrent update thread roots 0.914ms
[348.286s][info][gc,start    ] GC(159) Pause Final Update Refs
[348.286s][info][gc,task     ] GC(159) Using 3 of 3 workers for final reference update
[348.286s][info][gc          ] GC(159) Pause Final Update Refs 0.160ms
[348.286s][info][gc,start    ] GC(159) Concurrent cleanup
[348.286s][info][gc          ] GC(159) Concurrent cleanup 2027M->1179M(8192M) 0.030ms
[348.286s][info][gc,ergo     ] Free: 6600M, Max: 4096K regular, 4916M humongous, Frag: 26% external, 0% internal; Reserve: 412M, Max: 4096K
[348.286s][info][gc,stats    ] 
[348.286s][info][gc,stats    ] All times are wall-clock times, except per-root-class counters, that are sum over
[348.286s][info][gc,stats    ] all workers. Dividing the <total> over the root stage time estimates parallelism.
[348.286s][info][gc,stats    ] 
[348.286s][info][gc,stats    ] Concurrent Reset                    901 us
[348.286s][info][gc,stats    ] Pause Init Mark (G)                 331 us
[348.286s][info][gc,stats    ] Pause Init Mark (N)                 169 us
[348.286s][info][gc,stats    ]   Update Region States               67 us
[348.286s][info][gc,stats    ] Concurrent Mark Roots               761 us, parallelism: 0.77x
[348.286s][info][gc,stats    ]   CMR: <total>                      584 us
[348.286s][info][gc,stats    ]   CMR: Thread Roots                 543 us, workers (us): 543, ---, ---, 
[348.286s][info][gc,stats    ]   CMR: VM Strong Roots                4 us, workers (us):   4, ---, ---, 
[348.286s][info][gc,stats    ]   CMR: CLDG Roots                    37 us, workers (us):  37, ---, ---, 
[348.286s][info][gc,stats    ] Concurrent Marking               741040 us
[348.286s][info][gc,stats    ] Pause Final Mark (G)                642 us
[348.286s][info][gc,stats    ] Pause Final Mark (N)                477 us
[348.286s][info][gc,stats    ]   Finish Mark                       127 us
[348.286s][info][gc,stats    ]   Update Region States               91 us
[348.286s][info][gc,stats    ]   Choose Collection Set             125 us
[348.286s][info][gc,stats    ]   Rebuild Free Set                   17 us
[348.286s][info][gc,stats    ] Concurrent Thread Roots            1098 us, parallelism: 0.87x
[348.286s][info][gc,stats    ]   CTR: <total>                      953 us
[348.286s][info][gc,stats    ]   CTR: Thread Roots                 953 us, workers (us): 953, ---, ---, 
[348.286s][info][gc,stats    ] Concurrent Weak References          147 us, parallelism: 0.13x
[348.286s][info][gc,stats    ]   CWRF: <total>                      19 us
[348.286s][info][gc,stats    ]   CWRF: Weak References              19 us, workers (us):  19, ---, ---, 
[348.286s][info][gc,stats    ] Concurrent Weak Roots              1096 us
[348.286s][info][gc,stats    ]   Roots                             964 us, parallelism: 0.92x
[348.286s][info][gc,stats    ]     CWR: <total>                    883 us
[348.286s][info][gc,stats    ]     CWR: Code Cache Roots           705 us, workers (us): 705, ---, ---, 
[348.286s][info][gc,stats    ]     CWR: VM Weak Roots              169 us, workers (us): 169, ---, ---, 
[348.286s][info][gc,stats    ]     CWR: CLDG Roots                   9 us, workers (us):   9, ---, ---, 
[348.286s][info][gc,stats    ]   Rendezvous                         81 us
[348.286s][info][gc,stats    ] Concurrent Cleanup                   47 us
[348.286s][info][gc,stats    ] Concurrent Class Unloading         4110 us
[348.286s][info][gc,stats    ]   Unlink Stale                     3602 us
[348.286s][info][gc,stats    ]     System Dictionary                10 us
[348.286s][info][gc,stats    ]     Weak Class Links                  0 us
[348.286s][info][gc,stats    ]     Code Roots                     3591 us
[348.286s][info][gc,stats    ]   Rendezvous                        118 us
[348.286s][info][gc,stats    ]   Purge Unlinked                    322 us
[348.286s][info][gc,stats    ]     Code Roots                      308 us
[348.286s][info][gc,stats    ]     CLDG                             13 us
[348.286s][info][gc,stats    ]     Exception Caches                  0 us
[348.286s][info][gc,stats    ] Concurrent Strong Roots             251 us, parallelism: 0.26x
[348.286s][info][gc,stats    ]   CSR: <total>                       66 us
[348.286s][info][gc,stats    ]   CSR: VM Strong Roots                6 us, workers (us):   6, ---, ---, 
[348.286s][info][gc,stats    ]   CSR: CLDG Roots                    60 us, workers (us):  60, ---, ---, 
[348.286s][info][gc,stats    ] Concurrent Evacuation            301101 us
[348.286s][info][gc,stats    ] Pause Init Update Refs (G)          236 us
[348.286s][info][gc,stats    ] Pause Init Update Refs (N)          111 us
[348.286s][info][gc,stats    ]   Manage GCLABs                       6 us
[348.286s][info][gc,stats    ] Concurrent Update Refs           873880 us
[348.286s][info][gc,stats    ] Concurrent Update Thread Roots      935 us
[348.287s][info][gc,stats    ] Pause Final Update Refs (G)         263 us
[348.287s][info][gc,stats    ] Pause Final Update Refs (N)         182 us
[348.287s][info][gc,stats    ]   Update Region States               49 us
[348.287s][info][gc,stats    ]   Trash Collection Set                9 us
[348.287s][info][gc,stats    ]   Rebuild Free Set                   25 us
[348.287s][info][gc,stats    ] Concurrent Cleanup                   39 us
[348.287s][info][gc,stats    ] 
[348.287s][info][gc,stats    ] Allocation pacing accrued:
[348.287s][info][gc,stats    ]       0 of  5677 ms (  0.0%): <total>
[348.287s][info][gc,stats    ]       0 of  5677 ms (  0.0%): <average total>
[348.287s][info][gc,stats    ] 
[348.287s][info][gc,metaspace] Metaspace: 16584K(16832K)->16584K(16832K) NonClass: 14236K(14336K)->14236K(14336K) Class: 2348K(2496K)->2348K(2496K)
[348.287s][info][gc,ergo     ] Pacer for Idle. Initial: 163M, Alloc Tax Rate: 1.0x
[348.479s][info][gc          ] Trigger: Explicit GC request (System.gc())
[348.479s][info][gc,ergo     ] Free: 6580M, Max: 4096K regular, 4916M humongous, Frag: 25% external, 0% internal; Reserve: 412M, Max: 4096K
[348.479s][info][gc,start    ] GC(160) Concurrent reset
[348.479s][info][gc,task     ] GC(160) Using 1 of 3 workers for concurrent reset
[348.479s][info][gc,ergo     ] GC(160) Pacer for Reset. Non-Taxable: 8192M
[348.483s][info][gc          ] GC(160) Concurrent reset 4.253ms
[348.483s][info][gc,start    ] GC(160) Pause Init Mark (unload classes)
[348.483s][info][gc,task     ] GC(160) Using 3 of 3 workers for init marking
[348.483s][info][gc,ref      ] GC(160) Clearing All SoftReferences
[348.483s][info][gc,ergo     ] GC(160) Pacer for Mark. Expected Live: 127M, Free: 6580M, Non-Taxable: 658M, Alloc Tax Rate: 0.0x
[348.483s][info][gc          ] GC(160) Pause Init Mark (unload classes) 0.222ms
[348.483s][info][gc,start    ] GC(160) Concurrent marking roots
[348.483s][info][gc,task     ] GC(160) Using 1 of 3 workers for concurrent marking roots
[348.485s][info][gc          ] GC(160) Concurrent marking roots 1.130ms
[348.485s][info][gc,start    ] GC(160) Concurrent marking (unload classes)
[348.485s][info][gc,task     ] GC(160) Using 1 of 3 workers for concurrent marking
[348.489s][info][gc          ] GC(160) Concurrent marking (unload classes) 4.577ms
[348.489s][info][gc,start    ] GC(160) Pause Final Mark (unload classes)
[348.489s][info][gc,task     ] GC(160) Using 3 of 3 workers for final marking
[348.490s][info][gc,ergo     ] GC(160) Collectable Garbage: 1174M (98%), Immediate: 1174M (98%), CSet: 0B (0%)
[348.490s][info][gc          ] GC(160) Pause Final Mark (unload classes) 0.414ms
[348.490s][info][gc,start    ] GC(160) Concurrent weak references
[348.490s][info][gc,task     ] GC(160) Using 1 of 3 workers for concurrent weak references
[348.490s][info][gc,ref      ] GC(160) Encountered references: Soft: 172, Weak: 989, Final: 0, Phantom: 41
[348.490s][info][gc,ref      ] GC(160) Discovered  references: Soft: 108, Weak: 219, Final: 0, Phantom: 24
[348.490s][info][gc,ref      ] GC(160) Enqueued    references: Soft: 4, Weak: 6, Final: 0, Phantom: 0
[348.490s][info][gc          ] GC(160) Concurrent weak references 0.206ms
[348.490s][info][gc,start    ] GC(160) Concurrent weak roots
[348.490s][info][gc,task     ] GC(160) Using 1 of 3 workers for concurrent weak root
[348.491s][info][gc          ] GC(160) Concurrent weak roots 1.043ms
[348.491s][info][gc,start    ] GC(160) Concurrent cleanup
[348.491s][info][gc          ] GC(160) Concurrent cleanup 1199M->25M(8192M) 0.043ms
[348.491s][info][gc,ergo     ] GC(160) Free: 7754M, Max: 4096K regular, 7480M humongous, Frag: 4% external, 0% internal; Reserve: 412M, Max: 4096K
[348.491s][info][gc,start    ] GC(160) Concurrent class unloading
[348.491s][info][gc,task     ] GC(160) Using 1 of 3 workers for concurrent class unloading
[348.497s][info][gc          ] GC(160) Concurrent class unloading 6.293ms
[348.498s][info][gc,start    ] GC(160) Pause Final Roots
[348.498s][info][gc          ] GC(160) Pause Final Roots 0.051ms
[348.498s][info][gc,ergo     ] Free: 7754M, Max: 4096K regular, 7480M humongous, Frag: 4% external, 0% internal; Reserve: 412M, Max: 4096K
[348.498s][info][gc,stats    ] 
[348.498s][info][gc,stats    ] All times are wall-clock times, except per-root-class counters, that are sum over
[348.498s][info][gc,stats    ] all workers. Dividing the <total> over the root stage time estimates parallelism.
[348.498s][info][gc,stats    ] 
[348.498s][info][gc,stats    ] Concurrent Reset                   4307 us
[348.498s][info][gc,stats    ] Pause Init Mark (G)                 361 us
[348.498s][info][gc,stats    ] Pause Init Mark (N)                 243 us
[348.498s][info][gc,stats    ]   Update Region States               88 us
[348.498s][info][gc,stats    ] Concurrent Mark Roots              1154 us, parallelism: 0.88x
[348.498s][info][gc,stats    ]   CMR: <total>                     1015 us
[348.498s][info][gc,stats    ]   CMR: Thread Roots                 945 us, workers (us): 945, ---, ---, 
[348.498s][info][gc,stats    ]   CMR: VM Strong Roots                6 us, workers (us):   6, ---, ---, 
[348.498s][info][gc,stats    ]   CMR: CLDG Roots                    65 us, workers (us):  65, ---, ---, 
[348.498s][info][gc,stats    ] Concurrent Marking                 4645 us
[348.498s][info][gc,stats    ] Pause Final Mark (G)                551 us
[348.498s][info][gc,stats    ] Pause Final Mark (N)                439 us
[348.498s][info][gc,stats    ]   Finish Mark                       150 us
[348.498s][info][gc,stats    ]   Update Region States               89 us
[348.498s][info][gc,stats    ]   Choose Collection Set              74 us
[348.498s][info][gc,stats    ]   Rebuild Free Set                   22 us
[348.498s][info][gc,stats    ] Concurrent Weak References          215 us, parallelism: 0.10x
[348.498s][info][gc,stats    ]   CWRF: <total>                      21 us
[348.498s][info][gc,stats    ]   CWRF: Weak References              21 us, workers (us):  21, ---, ---, 
[348.498s][info][gc,stats    ] Concurrent Weak Roots              1092 us
[348.498s][info][gc,stats    ]   Roots                             969 us, parallelism: 0.90x
[348.498s][info][gc,stats    ]     CWR: <total>                    876 us
[348.498s][info][gc,stats    ]     CWR: Code Cache Roots           713 us, workers (us): 713, ---, ---, 
[348.498s][info][gc,stats    ]     CWR: VM Weak Roots              154 us, workers (us): 154, ---, ---, 
[348.498s][info][gc,stats    ]     CWR: CLDG Roots                   9 us, workers (us):   9, ---, ---, 
[348.498s][info][gc,stats    ]   Rendezvous                         55 us
[348.498s][info][gc,stats    ] Concurrent Cleanup                   51 us
[348.498s][info][gc,stats    ] Concurrent Class Unloading         6371 us
[348.498s][info][gc,stats    ]   Unlink Stale                     5770 us
[348.498s][info][gc,stats    ]     System Dictionary                68 us
[348.498s][info][gc,stats    ]     Weak Class Links               2099 us
[348.498s][info][gc,stats    ]     Code Roots                     3601 us
[348.498s][info][gc,stats    ]   Rendezvous                        126 us
[348.498s][info][gc,stats    ]   Purge Unlinked                    376 us
[348.498s][info][gc,stats    ]     Code Roots                      339 us
[348.498s][info][gc,stats    ]     CLDG                             35 us
[348.498s][info][gc,stats    ]     Exception Caches                  0 us
[348.498s][info][gc,stats    ] Pause Final Roots (G)               173 us
[348.498s][info][gc,stats    ] Pause Final Roots (N)                61 us
[348.498s][info][gc,stats    ] 
[348.498s][info][gc,stats    ] Allocation pacing accrued:
[348.498s][info][gc,stats    ]       0 of   212 ms (  0.0%): <total>
[348.498s][info][gc,stats    ]       0 of   212 ms (  0.0%): <average total>
[348.498s][info][gc,stats    ] 
[348.498s][info][gc,metaspace] Metaspace: 16584K(16832K)->16581K(16832K) NonClass: 14236K(14336K)->14233K(14336K) Class: 2348K(2496K)->2347K(2496K)
[348.498s][info][gc,ergo     ] Pacer for Idle. Initial: 163M, Alloc Tax Rate: 1.0x
[350.514s][info][gc          ] Trigger: Average GC time (2024.02 ms) is above the time for instantaneous allocation rate (5636 MB/s) to deplete free headroom (6525M) (spike threshold = 1.67)
[350.514s][info][gc,ergo     ] Free: 6935M, Max: 4096K regular, 6892M humongous, Frag: 0% external, 0% internal; Reserve: 412M, Max: 4096K
[350.514s][info][gc,start    ] GC(161) Concurrent reset
[350.514s][info][gc,task     ] GC(161) Using 1 of 3 workers for concurrent reset
[350.514s][info][gc,ergo     ] GC(161) Pacer for Reset. Non-Taxable: 8192M
[350.514s][info][gc          ] GC(161) Concurrent reset 0.307ms
[350.514s][info][gc,start    ] GC(161) Pause Init Mark (unload classes)
[350.514s][info][gc,task     ] GC(161) Using 3 of 3 workers for init marking
[350.514s][info][gc,ergo     ] GC(161) Pacer for Mark. Expected Live: 83586K, Free: 6934M, Non-Taxable: 693M, Alloc Tax Rate: 0.0x
[350.514s][info][gc          ] GC(161) Pause Init Mark (unload classes) 0.105ms
[350.529s][info][gc,start    ] GC(161) Concurrent marking roots
[350.529s][info][gc,task     ] GC(161) Using 1 of 3 workers for concurrent marking roots
[350.530s][info][gc          ] GC(161) Concurrent marking roots 0.727ms
[350.530s][info][gc,start    ] GC(161) Concurrent marking (unload classes)
[350.530s][info][gc,task     ] GC(161) Using 1 of 3 workers for concurrent marking
[350.545s][info][gc          ] GC(161) Concurrent marking (unload classes) 15.342ms
[350.546s][info][gc,start    ] GC(161) Pause Final Mark (unload classes)
[350.546s][info][gc,task     ] GC(161) Using 3 of 3 workers for final marking
[350.546s][info][gc,ergo     ] GC(161) Adaptive CSet Selection. Target Free: 1160M, Actual Free: 7800M, Max CSet: 341M, Min Garbage: 0B
[350.546s][info][gc,ergo     ] GC(161) Collectable Garbage: 836M (99%), Immediate: 648M (77%), CSet: 188M (22%)
[350.546s][info][gc,ergo     ] GC(161) Pacer for Evacuation. Used CSet: 189M, Free: 7428M, Non-Taxable: 742M, Alloc Tax Rate: 1.1x
[350.546s][info][gc          ] GC(161) Pause Final Mark (unload classes) 0.237ms
[350.546s][info][gc,start    ] GC(161) Concurrent thread roots
[350.546s][info][gc,task     ] GC(161) Using 1 of 3 workers for Concurrent thread roots
[350.546s][info][gc          ] GC(161) Concurrent thread roots 0.545ms
[350.546s][info][gc,start    ] GC(161) Concurrent weak references
[350.546s][info][gc,task     ] GC(161) Using 1 of 3 workers for concurrent weak references
[350.546s][info][gc,ref      ] GC(161) Encountered references: Soft: 173, Weak: 995, Final: 0, Phantom: 41
[350.547s][info][gc,ref      ] GC(161) Discovered  references: Soft: 0, Weak: 206, Final: 0, Phantom: 24
[350.547s][info][gc,ref      ] GC(161) Enqueued    references: Soft: 0, Weak: 4, Final: 0, Phantom: 0
[350.547s][info][gc          ] GC(161) Concurrent weak references 0.073ms
[350.547s][info][gc,start    ] GC(161) Concurrent weak roots
[350.547s][info][gc,task     ] GC(161) Using 1 of 3 workers for concurrent weak root
[350.561s][info][gc          ] GC(161) Concurrent weak roots 14.603ms
[350.561s][info][gc,start    ] GC(161) Concurrent cleanup
[350.561s][info][gc          ] GC(161) Concurrent cleanup 1068M->420M(8192M) 0.055ms
[350.561s][info][gc,ergo     ] GC(161) Free: 7356M, Max: 4096K regular, 6668M humongous, Frag: 9% external, 0% internal; Reserve: 411M, Max: 4096K
[350.561s][info][gc,start    ] GC(161) Concurrent class unloading
[350.561s][info][gc,task     ] GC(161) Using 1 of 3 workers for concurrent class unloading
[350.577s][info][gc          ] GC(161) Concurrent class unloading 15.809ms
[350.577s][info][gc,start    ] GC(161) Concurrent strong roots
[350.577s][info][gc,task     ] GC(161) Using 1 of 3 workers for concurrent strong root
[350.577s][info][gc          ] GC(161) Concurrent strong roots 0.114ms
[350.577s][info][gc,start    ] GC(161) Concurrent evacuation
[350.577s][info][gc,task     ] GC(161) Using 1 of 3 workers for concurrent evacuation
[350.579s][info][gc          ] GC(161) Concurrent evacuation 1.194ms
[350.579s][info][gc,start    ] GC(161) Pause Init Update Refs
[350.579s][info][gc,ergo     ] GC(161) Pacer for Update Refs. Used: 488M, Free: 7288M, Non-Taxable: 728M, Alloc Tax Rate: 1.1x
[350.579s][info][gc          ] GC(161) Pause Init Update Refs 0.044ms
[350.592s][info][gc,start    ] GC(161) Concurrent update references
[350.592s][info][gc,task     ] GC(161) Using 1 of 3 workers for concurrent reference update
[350.660s][info][gc          ] GC(161) Concurrent update references 68.271ms
[350.661s][info][gc,start    ] GC(161) Concurrent update thread roots
[350.661s][info][gc          ] GC(161) Concurrent update thread roots 0.593ms
[350.661s][info][gc,start    ] GC(161) Pause Final Update Refs
[350.661s][info][gc,task     ] GC(161) Using 3 of 3 workers for final reference update
[350.661s][info][gc          ] GC(161) Pause Final Update Refs 0.171ms
[350.661s][info][gc,start    ] GC(161) Concurrent cleanup
[350.661s][info][gc          ] GC(161) Concurrent cleanup 764M->575M(8192M) 0.025ms
[350.662s][info][gc,ergo     ] Free: 7204M, Max: 4096K regular, 6672M humongous, Frag: 7% external, 0% internal; Reserve: 412M, Max: 4096K
[350.662s][info][gc,stats    ] 
[350.662s][info][gc,stats    ] All times are wall-clock times, except per-root-class counters, that are sum over
[350.662s][info][gc,stats    ] all workers. Dividing the <total> over the root stage time estimates parallelism.
[350.662s][info][gc,stats    ] 
[350.662s][info][gc,stats    ] Concurrent Reset                    332 us
[350.662s][info][gc,stats    ] Pause Init Mark (G)               15185 us
[350.662s][info][gc,stats    ] Pause Init Mark (N)                 115 us
[350.662s][info][gc,stats    ]   Update Region States               29 us
[350.662s][info][gc,stats    ] Concurrent Mark Roots               750 us, parallelism: 0.74x
[350.662s][info][gc,stats    ]   CMR: <total>                      558 us
[350.662s][info][gc,stats    ]   CMR: Thread Roots                 504 us, workers (us): 504, ---, ---, 
[350.662s][info][gc,stats    ]   CMR: VM Strong Roots                9 us, workers (us):   9, ---, ---, 
[350.662s][info][gc,stats    ]   CMR: CLDG Roots                    45 us, workers (us):  45, ---, ---, 
[350.662s][info][gc,stats    ] Concurrent Marking                15426 us
[350.662s][info][gc,stats    ] Pause Final Mark (G)                371 us
[350.662s][info][gc,stats    ] Pause Final Mark (N)                247 us
[350.662s][info][gc,stats    ]   Finish Mark                        59 us
[350.662s][info][gc,stats    ]   Update Region States               43 us
[350.662s][info][gc,stats    ]   Choose Collection Set              81 us
[350.662s][info][gc,stats    ]   Rebuild Free Set                    8 us
[350.662s][info][gc,stats    ] Concurrent Thread Roots             561 us, parallelism: 0.88x
[350.662s][info][gc,stats    ]   CTR: <total>                      492 us
[350.662s][info][gc,stats    ]   CTR: Thread Roots                 492 us, workers (us): 492, ---, ---, 
[350.662s][info][gc,stats    ] Concurrent Weak References           81 us, parallelism: 0.23x
[350.662s][info][gc,stats    ]   CWRF: <total>                      19 us
[350.662s][info][gc,stats    ]   CWRF: Weak References              19 us, workers (us):  19, ---, ---, 
[350.662s][info][gc,stats    ] Concurrent Weak Roots             14691 us
[350.662s][info][gc,stats    ]   Roots                            1279 us, parallelism: 0.96x
[350.662s][info][gc,stats    ]     CWR: <total>                   1231 us
[350.662s][info][gc,stats    ]     CWR: Code Cache Roots           975 us, workers (us): 975, ---, ---, 
[350.662s][info][gc,stats    ]     CWR: VM Weak Roots              244 us, workers (us): 244, ---, ---, 
[350.662s][info][gc,stats    ]     CWR: CLDG Roots                  11 us, workers (us):  11, ---, ---, 
[350.662s][info][gc,stats    ]   Rendezvous                      13301 us
[350.662s][info][gc,stats    ] Concurrent Cleanup                   64 us
[350.662s][info][gc,stats    ] Concurrent Class Unloading        15879 us
[350.662s][info][gc,stats    ]   Unlink Stale                     3920 us
[350.662s][info][gc,stats    ]     System Dictionary                17 us
[350.662s][info][gc,stats    ]     Weak Class Links                  0 us
[350.662s][info][gc,stats    ]     Code Roots                     3902 us
[350.662s][info][gc,stats    ]   Rendezvous                      11506 us
[350.662s][info][gc,stats    ]   Purge Unlinked                    358 us
[350.662s][info][gc,stats    ]     Code Roots                      346 us
[350.662s][info][gc,stats    ]     CLDG                             11 us
[350.662s][info][gc,stats    ]     Exception Caches                  0 us
[350.662s][info][gc,stats    ] Concurrent Strong Roots             125 us, parallelism: 0.43x
[350.662s][info][gc,stats    ]   CSR: <total>                       53 us
[350.662s][info][gc,stats    ]   CSR: VM Strong Roots                4 us, workers (us):   4, ---, ---, 
[350.662s][info][gc,stats    ]   CSR: CLDG Roots                    49 us, workers (us):  49, ---, ---, 
[350.662s][info][gc,stats    ] Concurrent Evacuation              1246 us
[350.662s][info][gc,stats    ] Pause Init Update Refs (G)        13584 us
[350.662s][info][gc,stats    ] Pause Init Update Refs (N)           57 us
[350.662s][info][gc,stats    ]   Manage GCLABs                       3 us
[350.662s][info][gc,stats    ] Concurrent Update Refs            68345 us
[350.662s][info][gc,stats    ] Concurrent Update Thread Roots      611 us
[350.662s][info][gc,stats    ] Pause Final Update Refs (G)         348 us
[350.662s][info][gc,stats    ] Pause Final Update Refs (N)         190 us
[350.662s][info][gc,stats    ]   Update Region States               42 us
[350.662s][info][gc,stats    ]   Trash Collection Set                3 us
[350.662s][info][gc,stats    ]   Rebuild Free Set                    9 us
[350.662s][info][gc,stats    ] Concurrent Cleanup                   35 us
[350.662s][info][gc,stats    ] 
[350.662s][info][gc,stats    ] Allocation pacing accrued:
[350.662s][info][gc,stats    ]       0 of  2164 ms (  0.0%): <total>
[350.662s][info][gc,stats    ]       0 of  2164 ms (  0.0%): <average total>
[350.662s][info][gc,stats    ] 
[350.662s][info][gc,metaspace] Metaspace: 16590K(16832K)->16590K(16832K) NonClass: 14241K(14336K)->14241K(14336K) Class: 2348K(2496K)->2348K(2496K)
[350.662s][info][gc,ergo     ] Pacer for Idle. Initial: 163M, Alloc Tax Rate: 1.0x
[350.781s][info][gc          ] Trigger: Average GC time (1451.06 ms) is above the time for average allocation rate (4607 MB/s) to deplete free headroom (6142M) (margin of error = 1.81)
[350.781s][info][gc,ergo     ] Free headroom: 6551M (free) - 409M (spike) - 0B (penalties) = 6142M
[350.781s][info][gc,ergo     ] Free: 6551M, Max: 4096K regular, 6508M humongous, Frag: 0% external, 0% internal; Reserve: 412M, Max: 4096K
[350.781s][info][gc,start    ] GC(162) Concurrent reset
[350.781s][info][gc,task     ] GC(162) Using 1 of 3 workers for concurrent reset
[350.781s][info][gc,ergo     ] GC(162) Pacer for Reset. Non-Taxable: 8192M
[350.782s][info][gc          ] GC(162) Concurrent reset 1.292ms
[350.782s][info][gc,start    ] GC(162) Pause Init Mark (unload classes)
[350.782s][info][gc,task     ] GC(162) Using 3 of 3 workers for init marking
[350.782s][info][gc,ergo     ] GC(162) Pacer for Mark. Expected Live: 83640K, Free: 6543M, Non-Taxable: 654M, Alloc Tax Rate: 0.0x
[350.782s][info][gc          ] GC(162) Pause Init Mark (unload classes) 0.140ms
[350.796s][info][gc,start    ] GC(162) Concurrent marking roots
[350.797s][info][gc,task     ] GC(162) Using 1 of 3 workers for concurrent marking roots
[350.797s][info][gc          ] GC(162) Concurrent marking roots 0.743ms
[350.797s][info][gc,start    ] GC(162) Concurrent marking (unload classes)
[350.797s][info][gc,task     ] GC(162) Using 1 of 3 workers for concurrent marking
[350.812s][info][gc          ] GC(162) Concurrent marking (unload classes) 14.848ms
[350.812s][info][gc,start    ] GC(162) Pause Final Mark (unload classes)
[350.812s][info][gc,task     ] GC(162) Using 3 of 3 workers for final marking
[350.812s][info][gc,ergo     ] GC(162) Adaptive CSet Selection. Target Free: 1160M, Actual Free: 7772M, Max CSet: 341M, Min Garbage: 0B
[350.812s][info][gc,ergo     ] GC(162) Collectable Garbage: 1227M (99%), Immediate: 1020M (82%), CSet: 207M (16%)
[350.813s][info][gc,ergo     ] GC(162) Pacer for Evacuation. Used CSet: 208M, Free: 7403M, Non-Taxable: 740M, Alloc Tax Rate: 1.1x
[350.813s][info][gc          ] GC(162) Pause Final Mark (unload classes) 0.255ms
[350.828s][info][gc,start    ] GC(162) Concurrent thread roots
[350.828s][info][gc,task     ] GC(162) Using 1 of 3 workers for Concurrent thread roots
[350.828s][info][gc          ] GC(162) Concurrent thread roots 0.653ms
[350.828s][info][gc,start    ] GC(162) Concurrent weak references
[350.828s][info][gc,task     ] GC(162) Using 1 of 3 workers for concurrent weak references
[350.828s][info][gc,ref      ] GC(162) Encountered references: Soft: 173, Weak: 991, Final: 0, Phantom: 41
[350.828s][info][gc,ref      ] GC(162) Discovered  references: Soft: 0, Weak: 202, Final: 0, Phantom: 24
[350.828s][info][gc,ref      ] GC(162) Enqueued    references: Soft: 0, Weak: 0, Final: 0, Phantom: 0
[350.828s][info][gc          ] GC(162) Concurrent weak references 0.071ms
[350.828s][info][gc,start    ] GC(162) Concurrent weak roots
[350.828s][info][gc,task     ] GC(162) Using 1 of 3 workers for concurrent weak root
[350.841s][info][gc          ] GC(162) Concurrent weak roots 12.042ms
[350.841s][info][gc,start    ] GC(162) Concurrent cleanup
[350.841s][info][gc          ] GC(162) Concurrent cleanup 1516M->496M(8192M) 0.056ms
[350.841s][info][gc,ergo     ] GC(162) Free: 7283M, Max: 4096K regular, 6220M humongous, Frag: 15% external, 0% internal; Reserve: 411M, Max: 4096K
[350.841s][info][gc,start    ] GC(162) Concurrent class unloading
[350.841s][info][gc,task     ] GC(162) Using 1 of 3 workers for concurrent class unloading
[350.860s][info][gc          ] GC(162) Concurrent class unloading 19.093ms
[350.860s][info][gc,start    ] GC(162) Concurrent strong roots
[350.860s][info][gc,task     ] GC(162) Using 1 of 3 workers for concurrent strong root
[350.860s][info][gc          ] GC(162) Concurrent strong roots 0.117ms
[350.860s][info][gc,start    ] GC(162) Concurrent evacuation
[350.860s][info][gc,task     ] GC(162) Using 1 of 3 workers for concurrent evacuation
[350.861s][info][gc          ] GC(162) Concurrent evacuation 1.346ms
[350.861s][info][gc,start    ] GC(162) Pause Init Update Refs
[350.862s][info][gc,ergo     ] GC(162) Pacer for Update Refs. Used: 572M, Free: 7208M, Non-Taxable: 720M, Alloc Tax Rate: 1.1x
[350.862s][info][gc          ] GC(162) Pause Init Update Refs 0.070ms
[350.894s][info][gc,start    ] GC(162) Concurrent update references
[350.894s][info][gc,task     ] GC(162) Using 1 of 3 workers for concurrent reference update
[350.961s][info][gc          ] GC(162) Concurrent update references 67.545ms
[350.961s][info][gc,start    ] GC(162) Concurrent update thread roots
[350.985s][info][gc          ] GC(162) Concurrent update thread roots 23.481ms
[350.985s][info][gc,start    ] GC(162) Pause Final Update Refs
[350.985s][info][gc,task     ] GC(162) Using 3 of 3 workers for final reference update
[350.985s][info][gc          ] GC(162) Pause Final Update Refs 0.143ms
[350.988s][info][gc,start    ] GC(162) Concurrent cleanup
[350.989s][info][gc          ] GC(162) Concurrent cleanup 984M->788M(8192M) 0.115ms
[350.989s][info][gc,ergo     ] Free: 6991M, Max: 4096K regular, 6216M humongous, Frag: 11% external, 0% internal; Reserve: 412M, Max: 4096K
[350.989s][info][gc,stats    ] 
[350.989s][info][gc,stats    ] All times are wall-clock times, except per-root-class counters, that are sum over
[350.989s][info][gc,stats    ] all workers. Dividing the <total> over the root stage time estimates parallelism.
[350.989s][info][gc,stats    ] 
[350.989s][info][gc,stats    ] Concurrent Reset                   1317 us
[350.989s][info][gc,stats    ] Pause Init Mark (G)               14404 us
[350.989s][info][gc,stats    ] Pause Init Mark (N)                 150 us
[350.989s][info][gc,stats    ]   Update Region States               52 us
[350.989s][info][gc,stats    ] Concurrent Mark Roots               766 us, parallelism: 0.75x
[350.989s][info][gc,stats    ]   CMR: <total>                      577 us
[350.989s][info][gc,stats    ]   CMR: Thread Roots                 523 us, workers (us): 523, ---, ---, 
[350.989s][info][gc,stats    ]   CMR: VM Strong Roots                8 us, workers (us):   8, ---, ---, 
[350.989s][info][gc,stats    ]   CMR: CLDG Roots                    45 us, workers (us):  45, ---, ---, 
[350.989s][info][gc,stats    ] Concurrent Marking                14942 us
[350.989s][info][gc,stats    ] Pause Final Mark (G)              15532 us
[350.989s][info][gc,stats    ] Pause Final Mark (N)                264 us
[350.989s][info][gc,stats    ]   Finish Mark                        59 us
[350.989s][info][gc,stats    ]   Update Region States               42 us
[350.989s][info][gc,stats    ]   Choose Collection Set              96 us
[350.989s][info][gc,stats    ]   Rebuild Free Set                    8 us
[350.989s][info][gc,stats    ] Concurrent Thread Roots             673 us, parallelism: 0.77x
[350.989s][info][gc,stats    ]   CTR: <total>                      517 us
[350.989s][info][gc,stats    ]   CTR: Thread Roots                 517 us, workers (us): 517, ---, ---, 
[350.989s][info][gc,stats    ] Concurrent Weak References           78 us, parallelism: 0.21x
[350.989s][info][gc,stats    ]   CWRF: <total>                      17 us
[350.989s][info][gc,stats    ]   CWRF: Weak References              17 us, workers (us):  17, ---, ---, 
[350.989s][info][gc,stats    ] Concurrent Weak Roots             12114 us
[350.989s][info][gc,stats    ]   Roots                            1310 us, parallelism: 0.96x
[350.989s][info][gc,stats    ]     CWR: <total>                   1255 us
[350.989s][info][gc,stats    ]     CWR: Code Cache Roots          1044 us, workers (us): 1044, ---, ---, 
[350.989s][info][gc,stats    ]     CWR: VM Weak Roots              200 us, workers (us): 200, ---, ---, 
[350.989s][info][gc,stats    ]     CWR: CLDG Roots                  12 us, workers (us):  12, ---, ---, 
[350.989s][info][gc,stats    ]   Rendezvous                      10713 us
[350.989s][info][gc,stats    ] Concurrent Cleanup                   65 us
[350.989s][info][gc,stats    ] Concurrent Class Unloading        19170 us
[350.989s][info][gc,stats    ]   Unlink Stale                     4088 us
[350.989s][info][gc,stats    ]     System Dictionary                14 us
[350.989s][info][gc,stats    ]     Weak Class Links                  0 us
[350.989s][info][gc,stats    ]     Code Roots                     4072 us
[350.989s][info][gc,stats    ]   Rendezvous                      14629 us
[350.989s][info][gc,stats    ]   Purge Unlinked                    351 us
[350.989s][info][gc,stats    ]     Code Roots                      343 us
[350.989s][info][gc,stats    ]     CLDG                              7 us
[350.989s][info][gc,stats    ]     Exception Caches                  0 us
[350.989s][info][gc,stats    ] Concurrent Strong Roots             129 us, parallelism: 0.44x
[350.989s][info][gc,stats    ]   CSR: <total>                       57 us
[350.989s][info][gc,stats    ]   CSR: VM Strong Roots                4 us, workers (us):   4, ---, ---, 
[350.989s][info][gc,stats    ]   CSR: CLDG Roots                    52 us, workers (us):  52, ---, ---, 
[350.989s][info][gc,stats    ] Concurrent Evacuation              1402 us
[350.989s][info][gc,stats    ] Pause Init Update Refs (G)        32202 us
[350.989s][info][gc,stats    ] Pause Init Update Refs (N)           80 us
[350.989s][info][gc,stats    ]   Manage GCLABs                       4 us
[350.989s][info][gc,stats    ] Concurrent Update Refs            67624 us
[350.989s][info][gc,stats    ] Concurrent Update Thread Roots    23573 us
[350.989s][info][gc,stats    ] Pause Final Update Refs (G)        3681 us
[350.989s][info][gc,stats    ] Pause Final Update Refs (N)         154 us
[350.989s][info][gc,stats    ]   Update Region States               87 us
[350.989s][info][gc,stats    ]   Trash Collection Set                3 us
[350.989s][info][gc,stats    ]   Rebuild Free Set                    9 us
[350.989s][info][gc,stats    ] Concurrent Cleanup                  129 us
[350.989s][info][gc,stats    ] 
[350.989s][info][gc,stats    ] Allocation pacing accrued:
[350.989s][info][gc,stats    ]       0 of   327 ms (  0.0%): <total>
[350.989s][info][gc,stats    ]       0 of   327 ms (  0.0%): <average total>
[350.989s][info][gc,stats    ] 
[350.989s][info][gc,metaspace] Metaspace: 16590K(16832K)->16590K(16832K) NonClass: 14241K(14336K)->14241K(14336K) Class: 2348K(2496K)->2348K(2496K)
[350.989s][info][gc,ergo     ] Pacer for Idle. Initial: 163M, Alloc Tax Rate: 1.0x
[355.030s][info][gc          ] Trigger: Learning 4 of 5. Free (5719M) is below initial threshold (5734M)
[355.030s][info][gc,ergo     ] Free: 5719M, Max: 4096K regular, 5672M humongous, Frag: 0% external, 0% internal; Reserve: 412M, Max: 4096K
[355.030s][info][gc,start    ] GC(163) Concurrent reset
[355.030s][info][gc,task     ] GC(163) Using 1 of 3 workers for concurrent reset
[355.030s][info][gc,ergo     ] GC(163) Pacer for Reset. Non-Taxable: 8192M
[355.031s][info][gc          ] GC(163) Concurrent reset 1.015ms
[355.032s][info][gc,start    ] GC(163) Pause Init Mark (unload classes)
[355.032s][info][gc,task     ] GC(163) Using 3 of 3 workers for init marking
[355.032s][info][gc,ergo     ] GC(163) Pacer for Mark. Expected Live: 83642K, Free: 5719M, Non-Taxable: 571M, Alloc Tax Rate: 0.0x
[355.032s][info][gc          ] GC(163) Pause Init Mark (unload classes) 0.193ms
[355.032s][info][gc,start    ] GC(163) Concurrent marking roots
[355.032s][info][gc,task     ] GC(163) Using 1 of 3 workers for concurrent marking roots
[355.033s][info][gc          ] GC(163) Concurrent marking roots 0.995ms
[355.033s][info][gc,start    ] GC(163) Concurrent marking (unload classes)
[355.033s][info][gc,task     ] GC(163) Using 1 of 3 workers for concurrent marking
[355.419s][info][gc          ] GC(163) Concurrent marking (unload classes) 386.320ms
[355.419s][info][gc,start    ] GC(163) Pause Final Mark (unload classes)
[355.419s][info][gc,task     ] GC(163) Using 3 of 3 workers for final marking
[355.420s][info][gc,ergo     ] GC(163) Adaptive CSet Selection. Target Free: 1160M, Actual Free: 7148M, Max CSet: 341M, Min Garbage: 0B
[355.420s][info][gc,ergo     ] GC(163) Collectable Garbage: 1870M (99%), Immediate: 1596M (85%), CSet: 273M (14%)
[355.420s][info][gc,ergo     ] GC(163) Pacer for Evacuation. Used CSet: 455M, Free: 6784M, Non-Taxable: 678M, Alloc Tax Rate: 1.1x
[355.420s][info][gc          ] GC(163) Pause Final Mark (unload classes) 0.556ms
[355.420s][info][gc,start    ] GC(163) Concurrent thread roots
[355.420s][info][gc,task     ] GC(163) Using 1 of 3 workers for Concurrent thread roots
[355.420s][info][gc          ] GC(163) Concurrent thread roots 0.538ms
[355.420s][info][gc,start    ] GC(163) Concurrent weak references
[355.420s][info][gc,task     ] GC(163) Using 1 of 3 workers for concurrent weak references
[355.421s][info][gc,ref      ] GC(163) Encountered references: Soft: 173, Weak: 997, Final: 0, Phantom: 41
[355.421s][info][gc,ref      ] GC(163) Discovered  references: Soft: 0, Weak: 213, Final: 0, Phantom: 24
[355.421s][info][gc,ref      ] GC(163) Enqueued    references: Soft: 0, Weak: 5, Final: 0, Phantom: 0
[355.421s][info][gc          ] GC(163) Concurrent weak references 0.060ms
[355.421s][info][gc,start    ] GC(163) Concurrent weak roots
[355.421s][info][gc,task     ] GC(163) Using 1 of 3 workers for concurrent weak root
[355.422s][info][gc          ] GC(163) Concurrent weak roots 1.178ms
[355.422s][info][gc,start    ] GC(163) Concurrent cleanup
[355.422s][info][gc          ] GC(163) Concurrent cleanup 2596M->999M(8192M) 0.039ms
[355.422s][info][gc,ergo     ] GC(163) Free: 6780M, Max: 4096K regular, 5140M humongous, Frag: 24% external, 0% internal; Reserve: 411M, Max: 4096K
[355.422s][info][gc,start    ] GC(163) Concurrent class unloading
[355.422s][info][gc,task     ] GC(163) Using 1 of 3 workers for concurrent class unloading
[355.425s][info][gc          ] GC(163) Concurrent class unloading 3.318ms
[355.425s][info][gc,start    ] GC(163) Concurrent strong roots
[355.425s][info][gc,task     ] GC(163) Using 1 of 3 workers for concurrent strong root
[355.425s][info][gc          ] GC(163) Concurrent strong roots 0.180ms
[355.425s][info][gc,start    ] GC(163) Concurrent evacuation
[355.425s][info][gc,task     ] GC(163) Using 1 of 3 workers for concurrent evacuation
[355.584s][info][gc          ] GC(163) Concurrent evacuation 159.049ms
[355.585s][info][gc,start    ] GC(163) Pause Init Update Refs
[355.585s][info][gc,ergo     ] GC(163) Pacer for Update Refs. Used: 1242M, Free: 6724M, Non-Taxable: 672M, Alloc Tax Rate: 1.1x
[355.585s][info][gc          ] GC(163) Pause Init Update Refs 0.065ms
[355.585s][info][gc,start    ] GC(163) Concurrent update references
[355.585s][info][gc,task     ] GC(163) Using 1 of 3 workers for concurrent reference update
[356.200s][info][gc          ] GC(163) Concurrent update references 614.977ms
[356.200s][info][gc,start    ] GC(163) Concurrent update thread roots
[356.201s][info][gc          ] GC(163) Concurrent update thread roots 0.977ms
[356.201s][info][gc,start    ] GC(163) Pause Final Update Refs
[356.201s][info][gc,task     ] GC(163) Using 3 of 3 workers for final reference update
[356.201s][info][gc          ] GC(163) Pause Final Update Refs 0.138ms
[356.201s][info][gc,start    ] GC(163) Concurrent cleanup
[356.201s][info][gc          ] GC(163) Concurrent cleanup 1466M->1010M(8192M) 0.029ms
[356.201s][info][gc,ergo     ] Free: 6769M, Max: 4096K regular, 4952M humongous, Frag: 27% external, 0% internal; Reserve: 412M, Max: 4096K
[356.201s][info][gc,stats    ] 
[356.201s][info][gc,stats    ] All times are wall-clock times, except per-root-class counters, that are sum over
[356.201s][info][gc,stats    ] all workers. Dividing the <total> over the root stage time estimates parallelism.
[356.201s][info][gc,stats    ] 
[356.201s][info][gc,stats    ] Concurrent Reset                   1040 us
[356.201s][info][gc,stats    ] Pause Init Mark (G)                 374 us
[356.201s][info][gc,stats    ] Pause Init Mark (N)                 210 us
[356.201s][info][gc,stats    ]   Update Region States               72 us
[356.201s][info][gc,stats    ] Concurrent Mark Roots              1014 us, parallelism: 0.85x
[356.201s][info][gc,stats    ]   CMR: <total>                      859 us
[356.201s][info][gc,stats    ]   CMR: Thread Roots                 782 us, workers (us): 782, ---, ---, 
[356.201s][info][gc,stats    ]   CMR: VM Strong Roots                7 us, workers (us):   7, ---, ---, 
[356.201s][info][gc,stats    ]   CMR: CLDG Roots                    70 us, workers (us):  70, ---, ---, 
[356.201s][info][gc,stats    ] Concurrent Marking               386373 us
[356.201s][info][gc,stats    ] Pause Final Mark (G)                732 us
[356.201s][info][gc,stats    ] Pause Final Mark (N)                578 us
[356.201s][info][gc,stats    ]   Finish Mark                       147 us
[356.201s][info][gc,stats    ]   Update Region States              123 us
[356.201s][info][gc,stats    ]   Choose Collection Set             140 us
[356.201s][info][gc,stats    ]   Rebuild Free Set                   21 us
[356.201s][info][gc,stats    ] Concurrent Thread Roots             546 us, parallelism: 0.91x
[356.201s][info][gc,stats    ]   CTR: <total>                      499 us
[356.201s][info][gc,stats    ]   CTR: Thread Roots                 499 us, workers (us): 499, ---, ---, 
[356.201s][info][gc,stats    ] Concurrent Weak References           67 us, parallelism: 0.12x
[356.201s][info][gc,stats    ]   CWRF: <total>                       8 us
[356.201s][info][gc,stats    ]   CWRF: Weak References               8 us, workers (us):   8, ---, ---, 
[356.201s][info][gc,stats    ] Concurrent Weak Roots              1188 us
[356.201s][info][gc,stats    ]   Roots                            1116 us, parallelism: 0.95x
[356.201s][info][gc,stats    ]     CWR: <total>                   1060 us
[356.201s][info][gc,stats    ]     CWR: Code Cache Roots           740 us, workers (us): 740, ---, ---, 
[356.201s][info][gc,stats    ]     CWR: VM Weak Roots              309 us, workers (us): 309, ---, ---, 
[356.201s][info][gc,stats    ]     CWR: CLDG Roots                  11 us, workers (us):  11, ---, ---, 
[356.201s][info][gc,stats    ]   Rendezvous                         48 us
[356.201s][info][gc,stats    ] Concurrent Cleanup                   47 us
[356.201s][info][gc,stats    ] Concurrent Class Unloading         3365 us
[356.201s][info][gc,stats    ]   Unlink Stale                     3045 us
[356.201s][info][gc,stats    ]     System Dictionary                10 us
[356.201s][info][gc,stats    ]     Weak Class Links                  0 us
[356.201s][info][gc,stats    ]     Code Roots                     3034 us
[356.201s][info][gc,stats    ]   Rendezvous                         98 us
[356.201s][info][gc,stats    ]   Purge Unlinked                    151 us
[356.201s][info][gc,stats    ]     Code Roots                      146 us
[356.201s][info][gc,stats    ]     CLDG                              5 us
[356.201s][info][gc,stats    ]     Exception Caches                  0 us
[356.201s][info][gc,stats    ] Concurrent Strong Roots             198 us, parallelism: 0.35x
[356.201s][info][gc,stats    ]   CSR: <total>                       69 us
[356.201s][info][gc,stats    ]   CSR: VM Strong Roots                6 us, workers (us):   6, ---, ---, 
[356.201s][info][gc,stats    ]   CSR: CLDG Roots                    62 us, workers (us):  62, ---, ---, 
[356.201s][info][gc,stats    ] Concurrent Evacuation            159120 us
[356.201s][info][gc,stats    ] Pause Init Update Refs (G)          269 us
[356.201s][info][gc,stats    ] Pause Init Update Refs (N)           73 us
[356.201s][info][gc,stats    ]   Manage GCLABs                       3 us
[356.201s][info][gc,stats    ] Concurrent Update Refs           615050 us
[356.201s][info][gc,stats    ] Concurrent Update Thread Roots      988 us
[356.201s][info][gc,stats    ] Pause Final Update Refs (G)         243 us
[356.201s][info][gc,stats    ] Pause Final Update Refs (N)         156 us
[356.201s][info][gc,stats    ]   Update Region States               68 us
[356.202s][info][gc,stats    ]   Trash Collection Set                4 us
[356.202s][info][gc,stats    ]   Rebuild Free Set                   13 us
[356.202s][info][gc,stats    ] Concurrent Cleanup                   38 us
[356.202s][info][gc,stats    ] 
[356.202s][info][gc,stats    ] Allocation pacing accrued:
[356.202s][info][gc,stats    ]       0 of  5212 ms (  0.0%): <total>
[356.202s][info][gc,stats    ]       0 of  5212 ms (  0.0%): <average total>
[356.202s][info][gc,stats    ] 
[356.202s][info][gc,metaspace] Metaspace: 16590K(16832K)->16590K(16832K) NonClass: 14241K(14336K)->14241K(14336K) Class: 2348K(2496K)->2348K(2496K)
[356.202s][info][gc,ergo     ] Pacer for Idle. Initial: 163M, Alloc Tax Rate: 1.0x
[357.386s][info][gc          ] Trigger: Explicit GC request (System.gc())
[357.386s][info][gc,ergo     ] Free: 6344M, Max: 4096K regular, 4952M humongous, Frag: 22% external, 0% internal; Reserve: 412M, Max: 4096K
[357.386s][info][gc,start    ] GC(164) Concurrent reset
[357.386s][info][gc,task     ] GC(164) Using 1 of 3 workers for concurrent reset
[357.386s][info][gc,ergo     ] GC(164) Pacer for Reset. Non-Taxable: 8192M
[357.388s][info][gc          ] GC(164) Concurrent reset 2.069ms
[357.388s][info][gc,start    ] GC(164) Pause Init Mark (unload classes)
[357.388s][info][gc,task     ] GC(164) Using 3 of 3 workers for init marking
[357.388s][info][gc,ref      ] GC(164) Clearing All SoftReferences
[357.388s][info][gc,ergo     ] GC(164) Pacer for Mark. Expected Live: 118M, Free: 6344M, Non-Taxable: 634M, Alloc Tax Rate: 0.0x
[357.389s][info][gc          ] GC(164) Pause Init Mark (unload classes) 0.125ms
[357.389s][info][gc,start    ] GC(164) Concurrent marking roots
[357.389s][info][gc,task     ] GC(164) Using 1 of 3 workers for concurrent marking roots
[357.389s][info][gc          ] GC(164) Concurrent marking roots 0.630ms
[357.389s][info][gc,start    ] GC(164) Concurrent marking (unload classes)
[357.389s][info][gc,task     ] GC(164) Using 1 of 3 workers for concurrent marking
[357.394s][info][gc          ] GC(164) Concurrent marking (unload classes) 4.887ms
[357.394s][info][gc,start    ] GC(164) Pause Final Mark (unload classes)
[357.394s][info][gc,task     ] GC(164) Using 3 of 3 workers for final marking
[357.395s][info][gc,ergo     ] GC(164) Collectable Garbage: 1406M (98%), Immediate: 1406M (98%), CSet: 0B (0%)
[357.395s][info][gc          ] GC(164) Pause Final Mark (unload classes) 0.398ms
[357.395s][info][gc,start    ] GC(164) Concurrent weak references
[357.395s][info][gc,task     ] GC(164) Using 1 of 3 workers for concurrent weak references
[357.395s][info][gc,ref      ] GC(164) Encountered references: Soft: 172, Weak: 993, Final: 0, Phantom: 41
[357.395s][info][gc,ref      ] GC(164) Discovered  references: Soft: 108, Weak: 221, Final: 0, Phantom: 24
[357.395s][info][gc,ref      ] GC(164) Enqueued    references: Soft: 4, Weak: 8, Final: 0, Phantom: 0
[357.395s][info][gc          ] GC(164) Concurrent weak references 0.179ms
[357.395s][info][gc,start    ] GC(164) Concurrent weak roots
[357.395s][info][gc,task     ] GC(164) Using 1 of 3 workers for concurrent weak root
[357.396s][info][gc          ] GC(164) Concurrent weak roots 1.025ms
[357.396s][info][gc,start    ] GC(164) Concurrent cleanup
[357.396s][info][gc          ] GC(164) Concurrent cleanup 1435M->28M(8192M) 0.041ms
[357.396s][info][gc,ergo     ] GC(164) Free: 7751M, Max: 4096K regular, 7036M humongous, Frag: 9% external, 0% internal; Reserve: 412M, Max: 4096K
[357.396s][info][gc,start    ] GC(164) Concurrent class unloading
[357.396s][info][gc,task     ] GC(164) Using 1 of 3 workers for concurrent class unloading
[357.403s][info][gc          ] GC(164) Concurrent class unloading 6.799ms
[357.403s][info][gc,start    ] GC(164) Pause Final Roots
[357.403s][info][gc          ] GC(164) Pause Final Roots 0.039ms
[357.403s][info][gc,ergo     ] Free: 7751M, Max: 4096K regular, 7036M humongous, Frag: 9% external, 0% internal; Reserve: 412M, Max: 4096K
[357.403s][info][gc,stats    ] 
[357.403s][info][gc,stats    ] All times are wall-clock times, except per-root-class counters, that are sum over
[357.403s][info][gc,stats    ] all workers. Dividing the <total> over the root stage time estimates parallelism.
[357.403s][info][gc,stats    ] 
[357.403s][info][gc,stats    ] Concurrent Reset                   2121 us
[357.403s][info][gc,stats    ] Pause Init Mark (G)                 211 us
[357.403s][info][gc,stats    ] Pause Init Mark (N)                 135 us
[357.403s][info][gc,stats    ]   Update Region States               62 us
[357.403s][info][gc,stats    ] Concurrent Mark Roots               660 us, parallelism: 0.80x
[357.403s][info][gc,stats    ]   CMR: <total>                      526 us
[357.403s][info][gc,stats    ]   CMR: Thread Roots                 486 us, workers (us): 486, ---, ---, 
[357.403s][info][gc,stats    ]   CMR: VM Strong Roots                4 us, workers (us):   4, ---, ---, 
[357.403s][info][gc,stats    ]   CMR: CLDG Roots                    37 us, workers (us):  37, ---, ---, 
[357.403s][info][gc,stats    ] Concurrent Marking                 4947 us
[357.403s][info][gc,stats    ] Pause Final Mark (G)                537 us
[357.403s][info][gc,stats    ] Pause Final Mark (N)                422 us
[357.403s][info][gc,stats    ]   Finish Mark                       142 us
[357.403s][info][gc,stats    ]   Update Region States               76 us
[357.403s][info][gc,stats    ]   Choose Collection Set              79 us
[357.403s][info][gc,stats    ]   Rebuild Free Set                   21 us
[357.403s][info][gc,stats    ] Concurrent Weak References          195 us, parallelism: 0.06x
[357.403s][info][gc,stats    ]   CWRF: <total>                      12 us
[357.403s][info][gc,stats    ]   CWRF: Weak References              12 us, workers (us):  12, ---, ---, 
[357.403s][info][gc,stats    ] Concurrent Weak Roots              1056 us
[357.403s][info][gc,stats    ]   Roots                             911 us, parallelism: 0.93x
[357.403s][info][gc,stats    ]     CWR: <total>                    846 us
[357.403s][info][gc,stats    ]     CWR: Code Cache Roots           667 us, workers (us): 667, ---, ---, 
[357.403s][info][gc,stats    ]     CWR: VM Weak Roots              172 us, workers (us): 172, ---, ---, 
[357.403s][info][gc,stats    ]     CWR: CLDG Roots                   8 us, workers (us):   8, ---, ---, 
[357.403s][info][gc,stats    ]   Rendezvous                         81 us
[357.403s][info][gc,stats    ] Concurrent Cleanup                   49 us
[357.403s][info][gc,stats    ] Concurrent Class Unloading         6859 us
[357.403s][info][gc,stats    ]   Unlink Stale                     6267 us
[357.403s][info][gc,stats    ]     System Dictionary                60 us
[357.403s][info][gc,stats    ]     Weak Class Links               2044 us
[357.403s][info][gc,stats    ]     Code Roots                     4161 us
[357.403s][info][gc,stats    ]   Rendezvous                        110 us
[357.403s][info][gc,stats    ]   Purge Unlinked                    404 us
[357.403s][info][gc,stats    ]     Code Roots                      379 us
[357.403s][info][gc,stats    ]     CLDG                             25 us
[357.403s][info][gc,stats    ]     Exception Caches                  0 us
[357.403s][info][gc,stats    ] Pause Final Roots (G)               107 us
[357.403s][info][gc,stats    ] Pause Final Roots (N)                48 us
[357.403s][info][gc,stats    ] 
[357.403s][info][gc,stats    ] Allocation pacing accrued:
[357.403s][info][gc,stats    ]       0 of  1202 ms (  0.0%): <total>
[357.403s][info][gc,stats    ]       0 of  1202 ms (  0.0%): <average total>
[357.403s][info][gc,stats    ] 
[357.403s][info][gc,metaspace] Metaspace: 16590K(16832K)->16586K(16832K) NonClass: 14241K(14336K)->14238K(14336K) Class: 2348K(2496K)->2347K(2496K)
[357.403s][info][gc,ergo     ] Pacer for Idle. Initial: 163M, Alloc Tax Rate: 1.0x
[358.915s][info][gc          ] Trigger: Average GC time (1316.14 ms) is above the time for instantaneous allocation rate (5614 MB/s) to deplete free headroom (6362M) (spike threshold = 1.67)
[358.916s][info][gc,ergo     ] Free: 6771M, Max: 4096K regular, 6728M humongous, Frag: 0% external, 0% internal; Reserve: 412M, Max: 4096K
[358.916s][info][gc,start    ] GC(165) Concurrent reset
[358.916s][info][gc,task     ] GC(165) Using 1 of 3 workers for concurrent reset
[358.916s][info][gc,ergo     ] GC(165) Pacer for Reset. Non-Taxable: 8192M
[358.916s][info][gc          ] GC(165) Concurrent reset 0.343ms
[358.916s][info][gc,start    ] GC(165) Pause Init Mark (unload classes)
[358.916s][info][gc,task     ] GC(165) Using 3 of 3 workers for init marking
[358.916s][info][gc,ergo     ] GC(165) Pacer for Mark. Expected Live: 41746K, Free: 6771M, Non-Taxable: 677M, Alloc Tax Rate: 0.0x
[358.916s][info][gc          ] GC(165) Pause Init Mark (unload classes) 0.107ms
[358.947s][info][gc,start    ] GC(165) Concurrent marking roots
[358.947s][info][gc,task     ] GC(165) Using 1 of 3 workers for concurrent marking roots
[358.948s][info][gc          ] GC(165) Concurrent marking roots 0.772ms
[358.948s][info][gc,start    ] GC(165) Concurrent marking (unload classes)
[358.948s][info][gc,task     ] GC(165) Using 1 of 3 workers for concurrent marking
[358.963s][info][gc          ] GC(165) Concurrent marking (unload classes) 15.373ms
[358.963s][info][gc,start    ] GC(165) Pause Final Mark (unload classes)
[358.963s][info][gc,task     ] GC(165) Using 3 of 3 workers for final marking
[358.963s][info][gc,ergo     ] GC(165) Adaptive CSet Selection. Target Free: 1160M, Actual Free: 7672M, Max CSet: 341M, Min Garbage: 0B
[358.963s][info][gc,ergo     ] GC(165) Collectable Garbage: 999M (99%), Immediate: 764M (76%), CSet: 235M (23%)
[358.964s][info][gc,ergo     ] GC(165) Pacer for Evacuation. Used CSet: 236M, Free: 7303M, Non-Taxable: 730M, Alloc Tax Rate: 1.1x
[358.964s][info][gc          ] GC(165) Pause Final Mark (unload classes) 0.216ms
[358.979s][info][gc,start    ] GC(165) Concurrent thread roots
[358.979s][info][gc,task     ] GC(165) Using 1 of 3 workers for Concurrent thread roots
[358.979s][info][gc          ] GC(165) Concurrent thread roots 0.682ms
[358.979s][info][gc,start    ] GC(165) Concurrent weak references
[358.979s][info][gc,task     ] GC(165) Using 1 of 3 workers for concurrent weak references
[358.979s][info][gc,ref      ] GC(165) Encountered references: Soft: 173, Weak: 993, Final: 0, Phantom: 41
[358.979s][info][gc,ref      ] GC(165) Discovered  references: Soft: 0, Weak: 207, Final: 0, Phantom: 24
[358.979s][info][gc,ref      ] GC(165) Enqueued    references: Soft: 0, Weak: 5, Final: 0, Phantom: 0
[358.979s][info][gc          ] GC(165) Concurrent weak references 0.080ms
[358.979s][info][gc,start    ] GC(165) Concurrent weak roots
[358.979s][info][gc,task     ] GC(165) Using 1 of 3 workers for concurrent weak root
[358.994s][info][gc          ] GC(165) Concurrent weak roots 14.741ms
[358.994s][info][gc,start    ] GC(165) Concurrent cleanup
[358.994s][info][gc          ] GC(165) Concurrent cleanup 1360M->596M(8192M) 0.063ms
[358.994s][info][gc,ergo     ] GC(165) Free: 7183M, Max: 4096K regular, 6376M humongous, Frag: 11% external, 0% internal; Reserve: 411M, Max: 4096K
[358.994s][info][gc,start    ] GC(165) Concurrent class unloading
[358.994s][info][gc,task     ] GC(165) Using 1 of 3 workers for concurrent class unloading
[359.010s][info][gc          ] GC(165) Concurrent class unloading 15.678ms
[359.010s][info][gc,start    ] GC(165) Concurrent strong roots
[359.010s][info][gc,task     ] GC(165) Using 1 of 3 workers for concurrent strong root
[359.010s][info][gc          ] GC(165) Concurrent strong roots 0.102ms
[359.010s][info][gc,start    ] GC(165) Concurrent evacuation
[359.010s][info][gc,task     ] GC(165) Using 1 of 3 workers for concurrent evacuation
[359.011s][info][gc          ] GC(165) Concurrent evacuation 1.276ms
[359.012s][info][gc,start    ] GC(165) Pause Init Update Refs
[359.012s][info][gc,ergo     ] GC(165) Pacer for Update Refs. Used: 648M, Free: 7131M, Non-Taxable: 713M, Alloc Tax Rate: 1.1x
[359.012s][info][gc          ] GC(165) Pause Init Update Refs 0.067ms
[359.026s][info][gc,start    ] GC(165) Concurrent update references
[359.026s][info][gc,task     ] GC(165) Using 1 of 3 workers for concurrent reference update
[359.129s][info][gc          ] GC(165) Concurrent update references 102.853ms
[359.129s][info][gc,start    ] GC(165) Concurrent update thread roots
[359.130s][info][gc          ] GC(165) Concurrent update thread roots 0.609ms
[359.130s][info][gc,start    ] GC(165) Pause Final Update Refs
[359.130s][info][gc,task     ] GC(165) Using 3 of 3 workers for final reference update
[359.130s][info][gc          ] GC(165) Pause Final Update Refs 0.153ms
[359.135s][info][gc,start    ] GC(165) Concurrent cleanup
[359.136s][info][gc          ] GC(165) Concurrent cleanup 1040M->832M(8192M) 0.132ms
[359.136s][info][gc,ergo     ] Free: 6947M, Max: 4096K regular, 6380M humongous, Frag: 8% external, 0% internal; Reserve: 412M, Max: 4096K
[359.136s][info][gc,stats    ] 
[359.136s][info][gc,stats    ] All times are wall-clock times, except per-root-class counters, that are sum over
[359.136s][info][gc,stats    ] all workers. Dividing the <total> over the root stage time estimates parallelism.
[359.136s][info][gc,stats    ] 
[359.136s][info][gc,stats    ] Concurrent Reset                    367 us
[359.136s][info][gc,stats    ] Pause Init Mark (G)               30997 us
[359.136s][info][gc,stats    ] Pause Init Mark (N)                 118 us
[359.136s][info][gc,stats    ]   Update Region States               31 us
[359.136s][info][gc,stats    ] Concurrent Mark Roots               795 us, parallelism: 0.77x
[359.136s][info][gc,stats    ]   CMR: <total>                      611 us
[359.136s][info][gc,stats    ]   CMR: Thread Roots                 523 us, workers (us): 523, ---, ---, 
[359.136s][info][gc,stats    ]   CMR: VM Strong Roots               10 us, workers (us):  10, ---, ---, 
[359.136s][info][gc,stats    ]   CMR: CLDG Roots                    79 us, workers (us):  79, ---, ---, 
[359.136s][info][gc,stats    ] Concurrent Marking                15498 us
[359.136s][info][gc,stats    ] Pause Final Mark (G)              15351 us
[359.136s][info][gc,stats    ] Pause Final Mark (N)                229 us
[359.136s][info][gc,stats    ]   Finish Mark                        52 us
[359.136s][info][gc,stats    ]   Update Region States               34 us
[359.136s][info][gc,stats    ]   Choose Collection Set              54 us
[359.136s][info][gc,stats    ]   Rebuild Free Set                    8 us
[359.136s][info][gc,stats    ] Concurrent Thread Roots             702 us, parallelism: 0.78x
[359.136s][info][gc,stats    ]   CTR: <total>                      550 us
[359.136s][info][gc,stats    ]   CTR: Thread Roots                 550 us, workers (us): 550, ---, ---, 
[359.136s][info][gc,stats    ] Concurrent Weak References           88 us, parallelism: 0.24x
[359.136s][info][gc,stats    ]   CWRF: <total>                      22 us
[359.136s][info][gc,stats    ]   CWRF: Weak References              22 us, workers (us):  22, ---, ---, 
[359.136s][info][gc,stats    ] Concurrent Weak Roots             14843 us
[359.136s][info][gc,stats    ]   Roots                            1369 us, parallelism: 0.97x
[359.136s][info][gc,stats    ]     CWR: <total>                   1323 us
[359.136s][info][gc,stats    ]     CWR: Code Cache Roots          1046 us, workers (us): 1046, ---, ---, 
[359.136s][info][gc,stats    ]     CWR: VM Weak Roots              265 us, workers (us): 265, ---, ---, 
[359.136s][info][gc,stats    ]     CWR: CLDG Roots                  12 us, workers (us):  12, ---, ---, 
[359.136s][info][gc,stats    ]   Rendezvous                      13344 us
[359.136s][info][gc,stats    ] Concurrent Cleanup                   74 us
[359.136s][info][gc,stats    ] Concurrent Class Unloading        15740 us
[359.136s][info][gc,stats    ]   Unlink Stale                     3875 us
[359.136s][info][gc,stats    ]     System Dictionary                21 us
[359.136s][info][gc,stats    ]     Weak Class Links                  0 us
[359.136s][info][gc,stats    ]     Code Roots                     3851 us
[359.136s][info][gc,stats    ]   Rendezvous                      11450 us
[359.136s][info][gc,stats    ]   Purge Unlinked                    327 us
[359.136s][info][gc,stats    ]     Code Roots                      316 us
[359.136s][info][gc,stats    ]     CLDG                             10 us
[359.136s][info][gc,stats    ]     Exception Caches                  0 us
[359.136s][info][gc,stats    ] Concurrent Strong Roots             113 us, parallelism: 0.42x
[359.136s][info][gc,stats    ]   CSR: <total>                       47 us
[359.136s][info][gc,stats    ]   CSR: VM Strong Roots                3 us, workers (us):   3, ---, ---, 
[359.136s][info][gc,stats    ]   CSR: CLDG Roots                    44 us, workers (us):  44, ---, ---, 
[359.136s][info][gc,stats    ] Concurrent Evacuation              1335 us
[359.136s][info][gc,stats    ] Pause Init Update Refs (G)        14522 us
[359.136s][info][gc,stats    ] Pause Init Update Refs (N)           77 us
[359.136s][info][gc,stats    ]   Manage GCLABs                       6 us
[359.136s][info][gc,stats    ] Concurrent Update Refs           102927 us
[359.136s][info][gc,stats    ] Concurrent Update Thread Roots      627 us
[359.136s][info][gc,stats    ] Pause Final Update Refs (G)        5799 us
[359.136s][info][gc,stats    ] Pause Final Update Refs (N)         190 us
[359.136s][info][gc,stats    ]   Update Region States               40 us
[359.136s][info][gc,stats    ]   Trash Collection Set                4 us
[359.136s][info][gc,stats    ]   Rebuild Free Set                   16 us
[359.136s][info][gc,stats    ] Concurrent Cleanup                  145 us
[359.136s][info][gc,stats    ] 
[359.136s][info][gc,stats    ] Allocation pacing accrued:
[359.136s][info][gc,stats    ]       0 of  1733 ms (  0.0%): <total>
[359.136s][info][gc,stats    ]       0 of  1733 ms (  0.0%): <average total>
[359.136s][info][gc,stats    ] 
[359.136s][info][gc,metaspace] Metaspace: 16590K(16832K)->16590K(16832K) NonClass: 14241K(14336K)->14241K(14336K) Class: 2348K(2496K)->2348K(2496K)
[359.136s][info][gc,ergo     ] Pacer for Idle. Initial: 163M, Alloc Tax Rate: 1.0x
[359.433s][info][gc          ] Trigger: Learning 3 of 5. Free (5727M) is below initial threshold (5734M)
[359.433s][info][gc,ergo     ] Free: 5727M, Max: 4096K regular, 5680M humongous, Frag: 0% external, 0% internal; Reserve: 412M, Max: 4096K
[359.433s][info][gc,start    ] GC(166) Concurrent reset
[359.433s][info][gc,task     ] GC(166) Using 1 of 3 workers for concurrent reset
[359.433s][info][gc,ergo     ] GC(166) Pacer for Reset. Non-Taxable: 8192M
[359.434s][info][gc          ] GC(166) Concurrent reset 1.052ms
[359.434s][info][gc,start    ] GC(166) Pause Init Mark (unload classes)
[359.434s][info][gc,task     ] GC(166) Using 3 of 3 workers for init marking
[359.434s][info][gc,ergo     ] GC(166) Pacer for Mark. Expected Live: 41797K, Free: 5727M, Non-Taxable: 572M, Alloc Tax Rate: 0.0x
[359.434s][info][gc          ] GC(166) Pause Init Mark (unload classes) 0.097ms
[359.434s][info][gc,start    ] GC(166) Concurrent marking roots
[359.434s][info][gc,task     ] GC(166) Using 1 of 3 workers for concurrent marking roots
[359.435s][info][gc          ] GC(166) Concurrent marking roots 0.505ms
[359.435s][info][gc,start    ] GC(166) Concurrent marking (unload classes)
[359.435s][info][gc,task     ] GC(166) Using 1 of 3 workers for concurrent marking
[359.561s][info][gc          ] GC(166) Concurrent marking (unload classes) 125.708ms
[359.561s][info][gc,start    ] GC(166) Pause Final Mark (unload classes)
[359.561s][info][gc,task     ] GC(166) Using 3 of 3 workers for final marking
[359.561s][info][gc,ergo     ] GC(166) Collectable Garbage: 1920M (96%), Immediate: 1920M (96%), CSet: 0B (0%)
[359.561s][info][gc          ] GC(166) Pause Final Mark (unload classes) 0.148ms
[359.561s][info][gc,start    ] GC(166) Concurrent weak references
[359.561s][info][gc,task     ] GC(166) Using 1 of 3 workers for concurrent weak references
[359.561s][info][gc,ref      ] GC(166) Encountered references: Soft: 173, Weak: 990, Final: 0, Phantom: 41
[359.561s][info][gc,ref      ] GC(166) Discovered  references: Soft: 0, Weak: 210, Final: 0, Phantom: 38
[359.561s][info][gc,ref      ] GC(166) Enqueued    references: Soft: 0, Weak: 0, Final: 0, Phantom: 0
[359.561s][info][gc          ] GC(166) Concurrent weak references 0.083ms
[359.561s][info][gc,start    ] GC(166) Concurrent weak roots
[359.561s][info][gc,task     ] GC(166) Using 1 of 3 workers for concurrent weak root
[359.562s][info][gc          ] GC(166) Concurrent weak roots 0.974ms
[359.562s][info][gc,start    ] GC(166) Concurrent cleanup
[359.562s][info][gc          ] GC(166) Concurrent cleanup 2184M->264M(8192M) 0.047ms
[359.562s][info][gc,ergo     ] GC(166) Free: 7515M, Max: 4096K regular, 5548M humongous, Frag: 26% external, 0% internal; Reserve: 412M, Max: 4096K
[359.562s][info][gc,start    ] GC(166) Concurrent class unloading
[359.562s][info][gc,task     ] GC(166) Using 1 of 3 workers for concurrent class unloading
[359.565s][info][gc          ] GC(166) Concurrent class unloading 3.223ms
[359.565s][info][gc,start    ] GC(166) Pause Final Roots
[359.565s][info][gc          ] GC(166) Pause Final Roots 0.038ms
[359.565s][info][gc,ergo     ] Free: 7511M, Max: 4096K regular, 5548M humongous, Frag: 26% external, 0% internal; Reserve: 412M, Max: 4096K
[359.565s][info][gc,stats    ] 
[359.565s][info][gc,stats    ] All times are wall-clock times, except per-root-class counters, that are sum over
[359.565s][info][gc,stats    ] all workers. Dividing the <total> over the root stage time estimates parallelism.
[359.565s][info][gc,stats    ] 
[359.565s][info][gc,stats    ] Concurrent Reset                   1113 us
[359.565s][info][gc,stats    ] Pause Init Mark (G)                 200 us
[359.565s][info][gc,stats    ] Pause Init Mark (N)                 106 us
[359.565s][info][gc,stats    ]   Update Region States               29 us
[359.565s][info][gc,stats    ] Concurrent Mark Roots               520 us, parallelism: 0.84x
[359.565s][info][gc,stats    ]   CMR: <total>                      434 us
[359.565s][info][gc,stats    ]   CMR: Thread Roots                 380 us, workers (us): 380, ---, ---, 
[359.565s][info][gc,stats    ]   CMR: VM Strong Roots                6 us, workers (us):   6, ---, ---, 
[359.565s][info][gc,stats    ]   CMR: CLDG Roots                    49 us, workers (us):  49, ---, ---, 
[359.566s][info][gc,stats    ] Concurrent Marking               125753 us
[359.566s][info][gc,stats    ] Pause Final Mark (G)                194 us
[359.566s][info][gc,stats    ] Pause Final Mark (N)                157 us
[359.566s][info][gc,stats    ]   Finish Mark                        31 us
[359.566s][info][gc,stats    ]   Update Region States               25 us
[359.566s][info][gc,stats    ]   Choose Collection Set              34 us
[359.566s][info][gc,stats    ]   Rebuild Free Set                    7 us
[359.566s][info][gc,stats    ] Concurrent Weak References           91 us, parallelism: 0.10x
[359.566s][info][gc,stats    ]   CWRF: <total>                       9 us
[359.566s][info][gc,stats    ]   CWRF: Weak References               9 us, workers (us):   9, ---, ---, 
[359.566s][info][gc,stats    ] Concurrent Weak Roots               997 us
[359.566s][info][gc,stats    ]   Roots                             929 us, parallelism: 0.98x
[359.566s][info][gc,stats    ]     CWR: <total>                    909 us
[359.566s][info][gc,stats    ]     CWR: Code Cache Roots           726 us, workers (us): 726, ---, ---, 
[359.566s][info][gc,stats    ]     CWR: VM Weak Roots              175 us, workers (us): 175, ---, ---, 
[359.566s][info][gc,stats    ]     CWR: CLDG Roots                   8 us, workers (us):   8, ---, ---, 
[359.566s][info][gc,stats    ]   Rendezvous                         27 us
[359.566s][info][gc,stats    ] Concurrent Cleanup                   55 us
[359.566s][info][gc,stats    ] Concurrent Class Unloading         3265 us
[359.566s][info][gc,stats    ]   Unlink Stale                     2993 us
[359.566s][info][gc,stats    ]     System Dictionary                 8 us
[359.566s][info][gc,stats    ]     Weak Class Links                  0 us
[359.566s][info][gc,stats    ]     Code Roots                     2984 us
[359.566s][info][gc,stats    ]   Rendezvous                         35 us
[359.566s][info][gc,stats    ]   Purge Unlinked                    175 us
[359.566s][info][gc,stats    ]     Code Roots                      171 us
[359.566s][info][gc,stats    ]     CLDG                              4 us
[359.566s][info][gc,stats    ]     Exception Caches                  0 us
[359.566s][info][gc,stats    ] Pause Final Roots (G)                99 us
[359.566s][info][gc,stats    ] Pause Final Roots (N)                48 us
[359.566s][info][gc,stats    ] 
[359.566s][info][gc,stats    ] Allocation pacing accrued:
[359.566s][info][gc,stats    ]       0 of   430 ms (  0.0%): <total>
[359.566s][info][gc,stats    ]       0 of   430 ms (  0.0%): <average total>
[359.566s][info][gc,stats    ] 
[359.566s][info][gc,metaspace] Metaspace: 16590K(16832K)->16590K(16832K) NonClass: 14241K(14336K)->14241K(14336K) Class: 2348K(2496K)->2348K(2496K)
[359.566s][info][gc,ergo     ] Pacer for Idle. Initial: 163M, Alloc Tax Rate: 1.0x
[363.836s][info][gc          ] Trigger: Learning 4 of 5. Free (5731M) is below initial threshold (5734M)
[363.836s][info][gc,ergo     ] Free: 5731M, Max: 4096K regular, 5548M humongous, Frag: 3% external, 0% internal; Reserve: 412M, Max: 4096K
[363.836s][info][gc,start    ] GC(167) Concurrent reset
[363.836s][info][gc,task     ] GC(167) Using 1 of 3 workers for concurrent reset
[363.836s][info][gc,ergo     ] GC(167) Pacer for Reset. Non-Taxable: 8192M
[363.837s][info][gc          ] GC(167) Concurrent reset 0.808ms
[363.837s][info][gc,start    ] GC(167) Pause Init Mark (unload classes)
[363.837s][info][gc,task     ] GC(167) Using 3 of 3 workers for init marking
[363.838s][info][gc,ergo     ] GC(167) Pacer for Mark. Expected Live: 55316K, Free: 5731M, Non-Taxable: 573M, Alloc Tax Rate: 0.0x
[363.838s][info][gc          ] GC(167) Pause Init Mark (unload classes) 0.212ms
[363.838s][info][gc,start    ] GC(167) Concurrent marking roots
[363.838s][info][gc,task     ] GC(167) Using 1 of 3 workers for concurrent marking roots
[363.838s][info][gc          ] GC(167) Concurrent marking roots 0.679ms
[363.838s][info][gc,start    ] GC(167) Concurrent marking (unload classes)
[363.838s][info][gc,task     ] GC(167) Using 1 of 3 workers for concurrent marking
[364.646s][info][gc          ] GC(167) Concurrent marking (unload classes) 807.400ms
[364.646s][info][gc,start    ] GC(167) Pause Final Mark (unload classes)
[364.646s][info][gc,task     ] GC(167) Using 3 of 3 workers for final marking
[364.646s][info][gc,ergo     ] GC(167) Adaptive CSet Selection. Target Free: 1160M, Actual Free: 6520M, Max CSet: 341M, Min Garbage: 0B
[364.646s][info][gc,ergo     ] GC(167) Collectable Garbage: 1540M (94%), Immediate: 772M (47%), CSet: 768M (47%)
[364.646s][info][gc,ergo     ] GC(167) Pacer for Evacuation. Used CSet: 1108M, Free: 6155M, Non-Taxable: 615M, Alloc Tax Rate: 1.1x
[364.646s][info][gc          ] GC(167) Pause Final Mark (unload classes) 0.266ms
[364.646s][info][gc,start    ] GC(167) Concurrent thread roots
[364.646s][info][gc,task     ] GC(167) Using 1 of 3 workers for Concurrent thread roots
[364.647s][info][gc          ] GC(167) Concurrent thread roots 0.536ms
[364.647s][info][gc,start    ] GC(167) Concurrent weak references
[364.647s][info][gc,task     ] GC(167) Using 1 of 3 workers for concurrent weak references
[364.647s][info][gc,ref      ] GC(167) Encountered references: Soft: 173, Weak: 991, Final: 0, Phantom: 41
[364.647s][info][gc,ref      ] GC(167) Discovered  references: Soft: 0, Weak: 196, Final: 0, Phantom: 24
[364.647s][info][gc,ref      ] GC(167) Enqueued    references: Soft: 0, Weak: 1, Final: 0, Phantom: 0
[364.647s][info][gc          ] GC(167) Concurrent weak references 0.133ms
[364.647s][info][gc,start    ] GC(167) Concurrent weak roots
[364.647s][info][gc,task     ] GC(167) Using 1 of 3 workers for concurrent weak root
[364.648s][info][gc          ] GC(167) Concurrent weak roots 1.000ms
[364.648s][info][gc,start    ] GC(167) Concurrent cleanup
[364.648s][info][gc          ] GC(167) Concurrent cleanup 2396M->1624M(8192M) 0.034ms
[364.648s][info][gc,ergo     ] GC(167) Free: 6155M, Max: 4096K regular, 5336M humongous, Frag: 13% external, 0% internal; Reserve: 411M, Max: 4096K
[364.648s][info][gc,start    ] GC(167) Concurrent class unloading
[364.648s][info][gc,task     ] GC(167) Using 1 of 3 workers for concurrent class unloading
[364.651s][info][gc          ] GC(167) Concurrent class unloading 3.284ms
[364.651s][info][gc,start    ] GC(167) Concurrent strong roots
[364.651s][info][gc,task     ] GC(167) Using 1 of 3 workers for concurrent strong root
[364.651s][info][gc          ] GC(167) Concurrent strong roots 0.141ms
[364.651s][info][gc,start    ] GC(167) Concurrent evacuation
[364.652s][info][gc,task     ] GC(167) Using 1 of 3 workers for concurrent evacuation
[364.974s][info][gc          ] GC(167) Concurrent evacuation 322.579ms
[364.974s][info][gc,start    ] GC(167) Pause Init Update Refs
[364.974s][info][gc,ergo     ] GC(167) Pacer for Update Refs. Used: 2003M, Free: 6116M, Non-Taxable: 611M, Alloc Tax Rate: 1.1x
[364.974s][info][gc          ] GC(167) Pause Init Update Refs 0.042ms
[364.974s][info][gc,start    ] GC(167) Concurrent update references
[364.974s][info][gc,task     ] GC(167) Using 1 of 3 workers for concurrent reference update
[365.645s][info][gc          ] GC(167) Concurrent update references 670.613ms
[365.645s][info][gc,start    ] GC(167) Concurrent update thread roots
[365.646s][info][gc          ] GC(167) Concurrent update thread roots 0.821ms
[365.646s][info][gc,start    ] GC(167) Pause Final Update Refs
[365.646s][info][gc,task     ] GC(167) Using 3 of 3 workers for final reference update
[365.646s][info][gc          ] GC(167) Pause Final Update Refs 0.228ms
[365.646s][info][gc,start    ] GC(167) Concurrent cleanup
[365.646s][info][gc          ] GC(167) Concurrent cleanup 2019M->911M(8192M) 0.076ms
[365.646s][info][gc,ergo     ] Free: 6868M, Max: 4096K regular, 4996M humongous, Frag: 27% external, 0% internal; Reserve: 412M, Max: 4096K
[365.646s][info][gc,stats    ] 
[365.646s][info][gc,stats    ] All times are wall-clock times, except per-root-class counters, that are sum over
[365.646s][info][gc,stats    ] all workers. Dividing the <total> over the root stage time estimates parallelism.
[365.646s][info][gc,stats    ] 
[365.646s][info][gc,stats    ] Concurrent Reset                    865 us
[365.646s][info][gc,stats    ] Pause Init Mark (G)                 399 us
[365.646s][info][gc,stats    ] Pause Init Mark (N)                 231 us
[365.646s][info][gc,stats    ]   Update Region States               90 us
[365.646s][info][gc,stats    ] Concurrent Mark Roots               699 us, parallelism: 0.79x
[365.646s][info][gc,stats    ]   CMR: <total>                      551 us
[365.646s][info][gc,stats    ]   CMR: Thread Roots                 502 us, workers (us): 502, ---, ---, 
[365.646s][info][gc,stats    ]   CMR: VM Strong Roots                8 us, workers (us):   8, ---, ---, 
[365.646s][info][gc,stats    ]   CMR: CLDG Roots                    42 us, workers (us):  42, ---, ---, 
[365.646s][info][gc,stats    ] Concurrent Marking               807471 us
[365.646s][info][gc,stats    ] Pause Final Mark (G)                364 us
[365.646s][info][gc,stats    ] Pause Final Mark (N)                274 us
[365.646s][info][gc,stats    ]   Finish Mark                        67 us
[365.646s][info][gc,stats    ]   Update Region States               39 us
[365.646s][info][gc,stats    ]   Choose Collection Set              65 us
[365.646s][info][gc,stats    ]   Rebuild Free Set                    8 us
[365.646s][info][gc,stats    ] Concurrent Thread Roots             554 us, parallelism: 0.79x
[365.646s][info][gc,stats    ]   CTR: <total>                      440 us
[365.646s][info][gc,stats    ]   CTR: Thread Roots                 440 us, workers (us): 440, ---, ---, 
[365.646s][info][gc,stats    ] Concurrent Weak References          140 us, parallelism: 0.12x
[365.646s][info][gc,stats    ]   CWRF: <total>                      17 us
[365.646s][info][gc,stats    ]   CWRF: Weak References              17 us, workers (us):  17, ---, ---, 
[365.646s][info][gc,stats    ] Concurrent Weak Roots              1031 us
[365.646s][info][gc,stats    ]   Roots                             917 us, parallelism: 0.92x
[365.646s][info][gc,stats    ]     CWR: <total>                    841 us
[365.647s][info][gc,stats    ]     CWR: Code Cache Roots           686 us, workers (us): 686, ---, ---, 
[365.647s][info][gc,stats    ]     CWR: VM Weak Roots              144 us, workers (us): 144, ---, ---, 
[365.647s][info][gc,stats    ]     CWR: CLDG Roots                  11 us, workers (us):  11, ---, ---, 
[365.647s][info][gc,stats    ]   Rendezvous                         66 us
[365.647s][info][gc,stats    ] Concurrent Cleanup                   42 us
[365.647s][info][gc,stats    ] Concurrent Class Unloading         3346 us
[365.647s][info][gc,stats    ]   Unlink Stale                     2921 us
[365.647s][info][gc,stats    ]     System Dictionary                 9 us
[365.647s][info][gc,stats    ]     Weak Class Links                  0 us
[365.647s][info][gc,stats    ]     Code Roots                     2911 us
[365.647s][info][gc,stats    ]   Rendezvous                        111 us
[365.647s][info][gc,stats    ]   Purge Unlinked                    232 us
[365.647s][info][gc,stats    ]     Code Roots                      222 us
[365.647s][info][gc,stats    ]     CLDG                              9 us
[365.647s][info][gc,stats    ]     Exception Caches                  0 us
[365.647s][info][gc,stats    ] Concurrent Strong Roots             178 us, parallelism: 0.20x
[365.647s][info][gc,stats    ]   CSR: <total>                       36 us
[365.647s][info][gc,stats    ]   CSR: VM Strong Roots                2 us, workers (us):   2, ---, ---, 
[365.647s][info][gc,stats    ]   CSR: CLDG Roots                    34 us, workers (us):  34, ---, ---, 
[365.647s][info][gc,stats    ] Concurrent Evacuation            322641 us
[365.647s][info][gc,stats    ] Pause Init Update Refs (G)          119 us
[365.647s][info][gc,stats    ] Pause Init Update Refs (N)           50 us
[365.647s][info][gc,stats    ]   Manage GCLABs                       3 us
[365.647s][info][gc,stats    ] Concurrent Update Refs           670676 us
[365.647s][info][gc,stats    ] Concurrent Update Thread Roots      877 us
[365.647s][info][gc,stats    ] Pause Final Update Refs (G)         388 us
[365.647s][info][gc,stats    ] Pause Final Update Refs (N)         266 us
[365.647s][info][gc,stats    ]   Update Region States              108 us
[365.647s][info][gc,stats    ]   Trash Collection Set                7 us
[365.647s][info][gc,stats    ]   Rebuild Free Set                   18 us
[365.647s][info][gc,stats    ] Concurrent Cleanup                   85 us
[365.647s][info][gc,stats    ] 
[365.647s][info][gc,stats    ] Allocation pacing accrued:
[365.647s][info][gc,stats    ]       0 of  6081 ms (  0.0%): <total>
[365.647s][info][gc,stats    ]       0 of  6081 ms (  0.0%): <average total>
[365.647s][info][gc,stats    ] 
[365.647s][info][gc,metaspace] Metaspace: 16590K(16832K)->16590K(16832K) NonClass: 14241K(14336K)->14241K(14336K) Class: 2348K(2496K)->2348K(2496K)
[365.647s][info][gc,ergo     ] Pacer for Idle. Initial: 163M, Alloc Tax Rate: 1.0x
[365.658s][info][gc          ] Trigger: Explicit GC request (System.gc())
[365.658s][info][gc,ergo     ] Free: 6868M, Max: 4096K regular, 4996M humongous, Frag: 27% external, 0% internal; Reserve: 412M, Max: 4096K
[365.658s][info][gc,start    ] GC(168) Concurrent reset
[365.658s][info][gc,task     ] GC(168) Using 1 of 3 workers for concurrent reset
[365.658s][info][gc,ergo     ] GC(168) Pacer for Reset. Non-Taxable: 8192M
[365.664s][info][gc          ] GC(168) Concurrent reset 5.753ms
[365.664s][info][gc,start    ] GC(168) Pause Init Mark (unload classes)
[365.664s][info][gc,task     ] GC(168) Using 3 of 3 workers for init marking
[365.664s][info][gc,ref      ] GC(168) Clearing All SoftReferences
[365.664s][info][gc,ergo     ] GC(168) Pacer for Mark. Expected Live: 137M, Free: 6868M, Non-Taxable: 686M, Alloc Tax Rate: 0.0x
[365.664s][info][gc          ] GC(168) Pause Init Mark (unload classes) 0.184ms
[365.664s][info][gc,start    ] GC(168) Concurrent marking roots
[365.665s][info][gc,task     ] GC(168) Using 1 of 3 workers for concurrent marking roots
[365.666s][info][gc          ] GC(168) Concurrent marking roots 1.310ms
[365.666s][info][gc,start    ] GC(168) Concurrent marking (unload classes)
[365.666s][info][gc,task     ] GC(168) Using 1 of 3 workers for concurrent marking
[365.670s][info][gc          ] GC(168) Concurrent marking (unload classes) 4.683ms
[365.671s][info][gc,start    ] GC(168) Pause Final Mark (unload classes)
[365.671s][info][gc,task     ] GC(168) Using 3 of 3 workers for final marking
[365.671s][info][gc,ergo     ] GC(168) Collectable Garbage: 880M (96%), Immediate: 880M (96%), CSet: 0B (0%)
[365.671s][info][gc          ] GC(168) Pause Final Mark (unload classes) 0.367ms
[365.671s][info][gc,start    ] GC(168) Concurrent weak references
[365.671s][info][gc,task     ] GC(168) Using 1 of 3 workers for concurrent weak references
[365.671s][info][gc,ref      ] GC(168) Encountered references: Soft: 172, Weak: 989, Final: 0, Phantom: 41
[365.671s][info][gc,ref      ] GC(168) Discovered  references: Soft: 108, Weak: 219, Final: 0, Phantom: 24
[365.671s][info][gc,ref      ] GC(168) Enqueued    references: Soft: 4, Weak: 6, Final: 0, Phantom: 0
[365.671s][info][gc          ] GC(168) Concurrent weak references 0.214ms
[365.671s][info][gc,start    ] GC(168) Concurrent weak roots
[365.671s][info][gc,task     ] GC(168) Using 1 of 3 workers for concurrent weak root
[365.672s][info][gc          ] GC(168) Concurrent weak roots 0.940ms
[365.672s][info][gc,start    ] GC(168) Concurrent cleanup
[365.672s][info][gc          ] GC(168) Concurrent cleanup 911M->31M(8192M) 0.038ms
[365.672s][info][gc,ergo     ] GC(168) Free: 7748M, Max: 4096K regular, 5368M humongous, Frag: 31% external, 0% internal; Reserve: 412M, Max: 4096K
[365.672s][info][gc,start    ] GC(168) Concurrent class unloading
[365.672s][info][gc,task     ] GC(168) Using 1 of 3 workers for concurrent class unloading
[365.678s][info][gc          ] GC(168) Concurrent class unloading 6.126ms
[365.679s][info][gc,start    ] GC(168) Pause Final Roots
[365.679s][info][gc          ] GC(168) Pause Final Roots 0.062ms
[365.679s][info][gc,ergo     ] Free: 7748M, Max: 4096K regular, 5368M humongous, Frag: 31% external, 0% internal; Reserve: 412M, Max: 4096K
[365.679s][info][gc,stats    ] 
[365.679s][info][gc,stats    ] All times are wall-clock times, except per-root-class counters, that are sum over
[365.679s][info][gc,stats    ] all workers. Dividing the <total> over the root stage time estimates parallelism.
[365.679s][info][gc,stats    ] 
[365.679s][info][gc,stats    ] Concurrent Reset                   5802 us
[365.679s][info][gc,stats    ] Pause Init Mark (G)                 313 us
[365.679s][info][gc,stats    ] Pause Init Mark (N)                 192 us
[365.679s][info][gc,stats    ]   Update Region States               82 us
[365.679s][info][gc,stats    ] Concurrent Mark Roots              1333 us, parallelism: 0.83x
[365.679s][info][gc,stats    ]   CMR: <total>                     1101 us
[365.679s][info][gc,stats    ]   CMR: Thread Roots                1011 us, workers (us): 1011, ---, ---, 
[365.679s][info][gc,stats    ]   CMR: VM Strong Roots                9 us, workers (us):   9, ---, ---, 
[365.679s][info][gc,stats    ]   CMR: CLDG Roots                    81 us, workers (us):  81, ---, ---, 
[365.679s][info][gc,stats    ] Concurrent Marking                 4749 us
[365.679s][info][gc,stats    ] Pause Final Mark (G)                541 us
[365.679s][info][gc,stats    ] Pause Final Mark (N)                391 us
[365.679s][info][gc,stats    ]   Finish Mark                       122 us
[365.679s][info][gc,stats    ]   Update Region States               72 us
[365.679s][info][gc,stats    ]   Choose Collection Set              72 us
[365.679s][info][gc,stats    ]   Rebuild Free Set                   22 us
[365.679s][info][gc,stats    ] Concurrent Weak References          225 us, parallelism: 0.13x
[365.679s][info][gc,stats    ]   CWRF: <total>                      29 us
[365.679s][info][gc,stats    ]   CWRF: Weak References              29 us, workers (us):  29, ---, ---, 
[365.679s][info][gc,stats    ] Concurrent Weak Roots               974 us
[365.679s][info][gc,stats    ]   Roots                             809 us, parallelism: 0.92x
[365.679s][info][gc,stats    ]     CWR: <total>                    743 us
[365.679s][info][gc,stats    ]     CWR: Code Cache Roots           662 us, workers (us): 662, ---, ---, 
[365.679s][info][gc,stats    ]     CWR: VM Weak Roots               74 us, workers (us):  74, ---, ---, 
[365.679s][info][gc,stats    ]     CWR: CLDG Roots                   8 us, workers (us):   8, ---, ---, 
[365.679s][info][gc,stats    ]   Rendezvous                        113 us
[365.679s][info][gc,stats    ] Concurrent Cleanup                   46 us
[365.679s][info][gc,stats    ] Concurrent Class Unloading         6191 us
[365.679s][info][gc,stats    ]   Unlink Stale                     5589 us
[365.679s][info][gc,stats    ]     System Dictionary                60 us
[365.679s][info][gc,stats    ]     Weak Class Links               2353 us
[365.679s][info][gc,stats    ]     Code Roots                     3174 us
[365.679s][info][gc,stats    ]   Rendezvous                        188 us
[365.679s][info][gc,stats    ]   Purge Unlinked                    329 us
[365.679s][info][gc,stats    ]     Code Roots                      288 us
[365.679s][info][gc,stats    ]     CLDG                             40 us
[365.679s][info][gc,stats    ]     Exception Caches                  0 us
[365.679s][info][gc,stats    ] Pause Final Roots (G)               226 us
[365.679s][info][gc,stats    ] Pause Final Roots (N)                98 us
[365.679s][info][gc,stats    ] 
[365.679s][info][gc,stats    ] Allocation pacing accrued:
[365.679s][info][gc,stats    ]       0 of    33 ms (  0.0%): <total>
[365.679s][info][gc,stats    ]       0 of    33 ms (  0.0%): <average total>
[365.679s][info][gc,stats    ] 
[365.679s][info][gc,metaspace] Metaspace: 16590K(16832K)->16586K(16832K) NonClass: 14241K(14336K)->14239K(14336K) Class: 2348K(2496K)->2347K(2496K)
[365.679s][info][gc,ergo     ] Pacer for Idle. Initial: 163M, Alloc Tax Rate: 1.0x
[367.164s][info][gc          ] Trigger: Average GC time (1899.97 ms) is above the time for instantaneous allocation rate (5644 MB/s) to deplete free headroom (6493M) (spike threshold = 1.66)
[367.164s][info][gc,ergo     ] Free: 6903M, Max: 4096K regular, 5368M humongous, Frag: 22% external, 0% internal; Reserve: 412M, Max: 4096K
[367.164s][info][gc,start    ] GC(169) Concurrent reset
[367.164s][info][gc,task     ] GC(169) Using 1 of 3 workers for concurrent reset
[367.164s][info][gc,ergo     ] GC(169) Pacer for Reset. Non-Taxable: 8192M
[367.164s][info][gc          ] GC(169) Concurrent reset 0.438ms
[367.165s][info][gc,start    ] GC(169) Pause Init Mark (unload classes)
[367.165s][info][gc,task     ] GC(169) Using 3 of 3 workers for init marking
[367.165s][info][gc,ergo     ] GC(169) Pacer for Mark. Expected Live: 100M, Free: 6899M, Non-Taxable: 689M, Alloc Tax Rate: 0.0x
[367.165s][info][gc          ] GC(169) Pause Init Mark (unload classes) 0.117ms
[367.167s][info][gc,start    ] GC(169) Concurrent marking roots
[367.167s][info][gc,task     ] GC(169) Using 1 of 3 workers for concurrent marking roots
[367.167s][info][gc          ] GC(169) Concurrent marking roots 0.644ms
[367.167s][info][gc,start    ] GC(169) Concurrent marking (unload classes)
[367.167s][info][gc,task     ] GC(169) Using 1 of 3 workers for concurrent marking
[367.190s][info][gc          ] GC(169) Concurrent marking (unload classes) 22.815ms
[367.191s][info][gc,start    ] GC(169) Pause Final Mark (unload classes)
[367.191s][info][gc,task     ] GC(169) Using 3 of 3 workers for final marking
[367.191s][info][gc,ergo     ] GC(169) Adaptive CSet Selection. Target Free: 1160M, Actual Free: 7832M, Max CSet: 341M, Min Garbage: 0B
[367.191s][info][gc,ergo     ] GC(169) Collectable Garbage: 871M (99%), Immediate: 704M (80%), CSet: 167M (19%)
[367.191s][info][gc,ergo     ] GC(169) Pacer for Evacuation. Used CSet: 168M, Free: 7467M, Non-Taxable: 746M, Alloc Tax Rate: 1.1x
[367.191s][info][gc          ] GC(169) Pause Final Mark (unload classes) 0.224ms
[367.211s][info][gc,start    ] GC(169) Concurrent thread roots
[367.212s][info][gc,task     ] GC(169) Using 1 of 3 workers for Concurrent thread roots
[367.212s][info][gc          ] GC(169) Concurrent thread roots 0.670ms
[367.212s][info][gc,start    ] GC(169) Concurrent weak references
[367.212s][info][gc,task     ] GC(169) Using 1 of 3 workers for concurrent weak references
[367.212s][info][gc,ref      ] GC(169) Encountered references: Soft: 173, Weak: 995, Final: 0, Phantom: 41
[367.212s][info][gc,ref      ] GC(169) Discovered  references: Soft: 0, Weak: 206, Final: 0, Phantom: 24
[367.212s][info][gc,ref      ] GC(169) Enqueued    references: Soft: 0, Weak: 4, Final: 0, Phantom: 0
[367.212s][info][gc          ] GC(169) Concurrent weak references 0.088ms
[367.212s][info][gc,start    ] GC(169) Concurrent weak roots
[367.212s][info][gc,task     ] GC(169) Using 1 of 3 workers for concurrent weak root
[367.224s][info][gc          ] GC(169) Concurrent weak roots 11.739ms
[367.224s][info][gc,start    ] GC(169) Concurrent cleanup
[367.224s][info][gc          ] GC(169) Concurrent cleanup 1160M->456M(8192M) 0.064ms
[367.224s][info][gc,ergo     ] GC(169) Free: 7323M, Max: 4096K regular, 6584M humongous, Frag: 10% external, 0% internal; Reserve: 411M, Max: 4096K
[367.224s][info][gc,start    ] GC(169) Concurrent class unloading
[367.224s][info][gc,task     ] GC(169) Using 1 of 3 workers for concurrent class unloading
[367.241s][info][gc          ] GC(169) Concurrent class unloading 16.871ms
[367.241s][info][gc,start    ] GC(169) Concurrent strong roots
[367.241s][info][gc,task     ] GC(169) Using 1 of 3 workers for concurrent strong root
[367.241s][info][gc          ] GC(169) Concurrent strong roots 0.099ms
[367.241s][info][gc,start    ] GC(169) Concurrent evacuation
[367.241s][info][gc,task     ] GC(169) Using 1 of 3 workers for concurrent evacuation
[367.243s][info][gc          ] GC(169) Concurrent evacuation 1.447ms
[367.243s][info][gc,start    ] GC(169) Pause Init Update Refs
[367.243s][info][gc,ergo     ] GC(169) Pacer for Update Refs. Used: 525M, Free: 7256M, Non-Taxable: 725M, Alloc Tax Rate: 1.1x
[367.243s][info][gc          ] GC(169) Pause Init Update Refs 0.064ms
[367.258s][info][gc,start    ] GC(169) Concurrent update references
[367.258s][info][gc,task     ] GC(169) Using 1 of 3 workers for concurrent reference update
[367.318s][info][gc          ] GC(169) Concurrent update references 59.488ms
[367.318s][info][gc,start    ] GC(169) Concurrent update thread roots
[367.321s][info][gc          ] GC(169) Concurrent update thread roots 3.343ms
[367.321s][info][gc,start    ] GC(169) Pause Final Update Refs
[367.321s][info][gc,task     ] GC(169) Using 3 of 3 workers for final reference update
[367.321s][info][gc          ] GC(169) Pause Final Update Refs 0.095ms
[367.337s][info][gc,start    ] GC(169) Concurrent cleanup
[367.337s][info][gc          ] GC(169) Concurrent cleanup 821M->689M(8192M) 0.107ms
[367.337s][info][gc,ergo     ] Free: 7090M, Max: 4096K regular, 6588M humongous, Frag: 7% external, 0% internal; Reserve: 412M, Max: 4096K
[367.337s][info][gc,stats    ] 
[367.337s][info][gc,stats    ] All times are wall-clock times, except per-root-class counters, that are sum over
[367.337s][info][gc,stats    ] all workers. Dividing the <total> over the root stage time estimates parallelism.
[367.337s][info][gc,stats    ] 
[367.337s][info][gc,stats    ] Concurrent Reset                    465 us
[367.337s][info][gc,stats    ] Pause Init Mark (G)                2296 us
[367.337s][info][gc,stats    ] Pause Init Mark (N)                 127 us
[367.337s][info][gc,stats    ]   Update Region States               35 us
[367.337s][info][gc,stats    ] Concurrent Mark Roots               663 us, parallelism: 0.84x
[367.337s][info][gc,stats    ]   CMR: <total>                      554 us
[367.337s][info][gc,stats    ]   CMR: Thread Roots                 503 us, workers (us): 503, ---, ---, 
[367.337s][info][gc,stats    ]   CMR: VM Strong Roots                6 us, workers (us):   6, ---, ---, 
[367.337s][info][gc,stats    ]   CMR: CLDG Roots                    45 us, workers (us):  45, ---, ---, 
[367.337s][info][gc,stats    ] Concurrent Marking                22909 us
[367.337s][info][gc,stats    ] Pause Final Mark (G)              21098 us
[367.337s][info][gc,stats    ] Pause Final Mark (N)                234 us
[367.337s][info][gc,stats    ]   Finish Mark                        44 us
[367.337s][info][gc,stats    ]   Update Region States               44 us
[367.337s][info][gc,stats    ]   Choose Collection Set              88 us
[367.337s][info][gc,stats    ]   Rebuild Free Set                    8 us
[367.337s][info][gc,stats    ] Concurrent Thread Roots             687 us, parallelism: 0.77x
[367.337s][info][gc,stats    ]   CTR: <total>                      529 us
[367.337s][info][gc,stats    ]   CTR: Thread Roots                 529 us, workers (us): 529, ---, ---, 
[367.337s][info][gc,stats    ] Concurrent Weak References           95 us, parallelism: 0.21x
[367.337s][info][gc,stats    ]   CWRF: <total>                      20 us
[367.337s][info][gc,stats    ]   CWRF: Weak References              20 us, workers (us):  20, ---, ---, 
[367.337s][info][gc,stats    ] Concurrent Weak Roots             11815 us
[367.337s][info][gc,stats    ]   Roots                            1254 us, parallelism: 0.97x
[367.337s][info][gc,stats    ]     CWR: <total>                   1216 us
[367.337s][info][gc,stats    ]     CWR: Code Cache Roots          1048 us, workers (us): 1048, ---, ---, 
[367.337s][info][gc,stats    ]     CWR: VM Weak Roots              155 us, workers (us): 155, ---, ---, 
[367.337s][info][gc,stats    ]     CWR: CLDG Roots                  12 us, workers (us):  12, ---, ---, 
[367.337s][info][gc,stats    ]   Rendezvous                      10463 us
[367.337s][info][gc,stats    ] Concurrent Cleanup                   74 us
[367.337s][info][gc,stats    ] Concurrent Class Unloading        16943 us
[367.337s][info][gc,stats    ]   Unlink Stale                     3972 us
[367.337s][info][gc,stats    ]     System Dictionary                16 us
[367.337s][info][gc,stats    ]     Weak Class Links                  0 us
[367.337s][info][gc,stats    ]     Code Roots                     3954 us
[367.337s][info][gc,stats    ]   Rendezvous                      12532 us
[367.337s][info][gc,stats    ]   Purge Unlinked                    345 us
[367.337s][info][gc,stats    ]     Code Roots                      334 us
[367.337s][info][gc,stats    ]     CLDG                             11 us
[367.337s][info][gc,stats    ]     Exception Caches                  0 us
[367.337s][info][gc,stats    ] Concurrent Strong Roots             111 us, parallelism: 0.45x
[367.337s][info][gc,stats    ]   CSR: <total>                       50 us
[367.337s][info][gc,stats    ]   CSR: VM Strong Roots                4 us, workers (us):   4, ---, ---, 
[367.337s][info][gc,stats    ]   CSR: CLDG Roots                    46 us, workers (us):  46, ---, ---, 
[367.337s][info][gc,stats    ] Concurrent Evacuation              1462 us
[367.337s][info][gc,stats    ] Pause Init Update Refs (G)        15559 us
[367.337s][info][gc,stats    ] Pause Init Update Refs (N)           73 us
[367.337s][info][gc,stats    ]   Manage GCLABs                       5 us
[367.337s][info][gc,stats    ] Concurrent Update Refs            59565 us
[367.337s][info][gc,stats    ] Concurrent Update Thread Roots     3396 us
[367.337s][info][gc,stats    ] Pause Final Update Refs (G)       15710 us
[367.337s][info][gc,stats    ] Pause Final Update Refs (N)         134 us
[367.337s][info][gc,stats    ]   Update Region States               45 us
[367.337s][info][gc,stats    ]   Trash Collection Set                4 us
[367.337s][info][gc,stats    ]   Rebuild Free Set                   20 us
[367.338s][info][gc,stats    ] Concurrent Cleanup                  122 us
[367.338s][info][gc,stats    ] 
[367.338s][info][gc,stats    ] Allocation pacing accrued:
[367.338s][info][gc,stats    ]       0 of  1658 ms (  0.0%): <total>
[367.338s][info][gc,stats    ]       0 of  1658 ms (  0.0%): <average total>
[367.338s][info][gc,stats    ] 
[367.338s][info][gc,metaspace] Metaspace: 16591K(16832K)->16591K(16832K) NonClass: 14243K(14336K)->14243K(14336K) Class: 2348K(2496K)->2348K(2496K)
[367.338s][info][gc,ergo     ] Pacer for Idle. Initial: 163M, Alloc Tax Rate: 1.0x
[367.462s][info][gc          ] Trigger: Average GC time (1371.26 ms) is above the time for average allocation rate (4625 MB/s) to deplete free headroom (6005M) (margin of error = 1.81)
[367.463s][info][gc,ergo     ] Free headroom: 6414M (free) - 409M (spike) - 0B (penalties) = 6005M
[367.463s][info][gc,ergo     ] Free: 6414M, Max: 4096K regular, 6368M humongous, Frag: 0% external, 0% internal; Reserve: 412M, Max: 4096K
[367.463s][info][gc,start    ] GC(170) Concurrent reset
[367.463s][info][gc,task     ] GC(170) Using 1 of 3 workers for concurrent reset
[367.463s][info][gc,ergo     ] GC(170) Pacer for Reset. Non-Taxable: 8192M
[367.464s][info][gc          ] GC(170) Concurrent reset 1.164ms
[367.464s][info][gc,start    ] GC(170) Pause Init Mark (unload classes)
[367.464s][info][gc,task     ] GC(170) Using 3 of 3 workers for init marking
[367.464s][info][gc,ergo     ] GC(170) Pacer for Mark. Expected Live: 100M, Free: 6414M, Non-Taxable: 641M, Alloc Tax Rate: 0.0x
[367.464s][info][gc          ] GC(170) Pause Init Mark (unload classes) 0.138ms
[367.467s][info][gc,start    ] GC(170) Concurrent marking roots
[367.467s][info][gc,task     ] GC(170) Using 1 of 3 workers for concurrent marking roots
[367.468s][info][gc          ] GC(170) Concurrent marking roots 0.697ms
[367.468s][info][gc,start    ] GC(170) Concurrent marking (unload classes)
[367.468s][info][gc,task     ] GC(170) Using 1 of 3 workers for concurrent marking
[367.494s][info][gc          ] GC(170) Concurrent marking (unload classes) 26.278ms
[367.495s][info][gc,start    ] GC(170) Pause Final Mark (unload classes)
[367.495s][info][gc,task     ] GC(170) Using 3 of 3 workers for final marking
[367.495s][info][gc,ergo     ] GC(170) Adaptive CSet Selection. Target Free: 1160M, Actual Free: 7792M, Max CSet: 341M, Min Garbage: 0B
[367.495s][info][gc,ergo     ] GC(170) Collectable Garbage: 1356M (99%), Immediate: 1172M (86%), CSet: 184M (13%)
[367.495s][info][gc,ergo     ] GC(170) Pacer for Evacuation. Used CSet: 185M, Free: 7424M, Non-Taxable: 742M, Alloc Tax Rate: 1.1x
[367.495s][info][gc          ] GC(170) Pause Final Mark (unload classes) 0.208ms
[367.495s][info][gc,start    ] GC(170) Concurrent thread roots
[367.495s][info][gc,task     ] GC(170) Using 1 of 3 workers for Concurrent thread roots
[367.496s][info][gc          ] GC(170) Concurrent thread roots 0.535ms
[367.496s][info][gc,start    ] GC(170) Concurrent weak references
[367.496s][info][gc,task     ] GC(170) Using 1 of 3 workers for concurrent weak references
[367.496s][info][gc,ref      ] GC(170) Encountered references: Soft: 173, Weak: 991, Final: 0, Phantom: 41
[367.496s][info][gc,ref      ] GC(170) Discovered  references: Soft: 0, Weak: 202, Final: 0, Phantom: 24
[367.496s][info][gc,ref      ] GC(170) Enqueued    references: Soft: 0, Weak: 0, Final: 0, Phantom: 0
[367.496s][info][gc          ] GC(170) Concurrent weak references 0.066ms
[367.496s][info][gc,start    ] GC(170) Concurrent weak roots
[367.496s][info][gc,task     ] GC(170) Using 1 of 3 workers for concurrent weak root
[367.510s][info][gc          ] GC(170) Concurrent weak roots 14.278ms
[367.510s][info][gc,start    ] GC(170) Concurrent cleanup
[367.510s][info][gc          ] GC(170) Concurrent cleanup 1597M->425M(8192M) 0.057ms
[367.510s][info][gc,ergo     ] GC(170) Free: 7351M, Max: 4096K regular, 6136M humongous, Frag: 17% external, 0% internal; Reserve: 411M, Max: 4096K
[367.510s][info][gc,start    ] GC(170) Concurrent class unloading
[367.510s][info][gc,task     ] GC(170) Using 1 of 3 workers for concurrent class unloading
[367.526s][info][gc          ] GC(170) Concurrent class unloading 15.971ms
[367.526s][info][gc,start    ] GC(170) Concurrent strong roots
[367.526s][info][gc,task     ] GC(170) Using 1 of 3 workers for concurrent strong root
[367.526s][info][gc          ] GC(170) Concurrent strong roots 0.105ms
[367.526s][info][gc,start    ] GC(170) Concurrent evacuation
[367.526s][info][gc,task     ] GC(170) Using 1 of 3 workers for concurrent evacuation
[367.528s][info][gc          ] GC(170) Concurrent evacuation 1.272ms
[367.528s][info][gc,start    ] GC(170) Pause Init Update Refs
[367.528s][info][gc,ergo     ] GC(170) Pacer for Update Refs. Used: 485M, Free: 7292M, Non-Taxable: 729M, Alloc Tax Rate: 1.1x
[367.528s][info][gc          ] GC(170) Pause Init Update Refs 0.058ms
[367.541s][info][gc,start    ] GC(170) Concurrent update references
[367.541s][info][gc,task     ] GC(170) Using 1 of 3 workers for concurrent reference update
[367.611s][info][gc          ] GC(170) Concurrent update references 69.993ms
[367.611s][info][gc,start    ] GC(170) Concurrent update thread roots
[367.612s][info][gc          ] GC(170) Concurrent update thread roots 0.572ms
[367.612s][info][gc,start    ] GC(170) Pause Final Update Refs
[367.612s][info][gc,task     ] GC(170) Using 3 of 3 workers for final reference update
[367.612s][info][gc          ] GC(170) Pause Final Update Refs 0.111ms
[367.620s][info][gc,start    ] GC(170) Concurrent cleanup
[367.620s][info][gc          ] GC(170) Concurrent cleanup 801M->620M(8192M) 0.132ms
[367.620s][info][gc,ergo     ] Free: 7159M, Max: 4096K regular, 6136M humongous, Frag: 14% external, 0% internal; Reserve: 412M, Max: 4096K
[367.620s][info][gc,stats    ] 
[367.620s][info][gc,stats    ] All times are wall-clock times, except per-root-class counters, that are sum over
[367.620s][info][gc,stats    ] all workers. Dividing the <total> over the root stage time estimates parallelism.
[367.620s][info][gc,stats    ] 
[367.620s][info][gc,stats    ] Concurrent Reset                   1202 us
[367.620s][info][gc,stats    ] Pause Init Mark (G)                3589 us
[367.620s][info][gc,stats    ] Pause Init Mark (N)                 148 us
[367.620s][info][gc,stats    ]   Update Region States               51 us
[367.620s][info][gc,stats    ] Concurrent Mark Roots               717 us, parallelism: 0.80x
[367.620s][info][gc,stats    ]   CMR: <total>                      576 us
[367.620s][info][gc,stats    ]   CMR: Thread Roots                 525 us, workers (us): 525, ---, ---, 
[367.620s][info][gc,stats    ]   CMR: VM Strong Roots                7 us, workers (us):   7, ---, ---, 
[367.620s][info][gc,stats    ]   CMR: CLDG Roots                    45 us, workers (us):  45, ---, ---, 
[367.620s][info][gc,stats    ] Concurrent Marking                26361 us
[367.620s][info][gc,stats    ] Pause Final Mark (G)                447 us
[367.620s][info][gc,stats    ] Pause Final Mark (N)                216 us
[367.620s][info][gc,stats    ]   Finish Mark                        54 us
[367.620s][info][gc,stats    ]   Update Region States               37 us
[367.620s][info][gc,stats    ]   Choose Collection Set              47 us
[367.620s][info][gc,stats    ]   Rebuild Free Set                    8 us
[367.620s][info][gc,stats    ] Concurrent Thread Roots             551 us, parallelism: 0.89x
[367.620s][info][gc,stats    ]   CTR: <total>                      490 us
[367.620s][info][gc,stats    ]   CTR: Thread Roots                 490 us, workers (us): 490, ---, ---, 
[367.620s][info][gc,stats    ] Concurrent Weak References           73 us, parallelism: 0.24x
[367.620s][info][gc,stats    ]   CWRF: <total>                      17 us
[367.620s][info][gc,stats    ]   CWRF: Weak References              17 us, workers (us):  17, ---, ---, 
[367.620s][info][gc,stats    ] Concurrent Weak Roots             14381 us
[367.620s][info][gc,stats    ]   Roots                            1090 us, parallelism: 0.96x
[367.620s][info][gc,stats    ]     CWR: <total>                   1051 us
[367.620s][info][gc,stats    ]     CWR: Code Cache Roots           935 us, workers (us): 935, ---, ---, 
[367.620s][info][gc,stats    ]     CWR: VM Weak Roots              105 us, workers (us): 105, ---, ---, 
[367.620s][info][gc,stats    ]     CWR: CLDG Roots                  10 us, workers (us):  10, ---, ---, 
[367.620s][info][gc,stats    ]   Rendezvous                      13160 us
[367.620s][info][gc,stats    ] Concurrent Cleanup                   67 us
[367.620s][info][gc,stats    ] Concurrent Class Unloading        16041 us
[367.620s][info][gc,stats    ]   Unlink Stale                     3911 us
[367.620s][info][gc,stats    ]     System Dictionary                16 us
[367.620s][info][gc,stats    ]     Weak Class Links                  0 us
[367.620s][info][gc,stats    ]     Code Roots                     3893 us
[367.620s][info][gc,stats    ]   Rendezvous                      11682 us
[367.620s][info][gc,stats    ]   Purge Unlinked                    351 us
[367.620s][info][gc,stats    ]     Code Roots                      341 us
[367.620s][info][gc,stats    ]     CLDG                              9 us
[367.620s][info][gc,stats    ]     Exception Caches                  0 us
[367.620s][info][gc,stats    ] Concurrent Strong Roots             116 us, parallelism: 0.42x
[367.620s][info][gc,stats    ]   CSR: <total>                       49 us
[367.620s][info][gc,stats    ]   CSR: VM Strong Roots                3 us, workers (us):   3, ---, ---, 
[367.620s][info][gc,stats    ]   CSR: CLDG Roots                    46 us, workers (us):  46, ---, ---, 
[367.620s][info][gc,stats    ] Concurrent Evacuation              1327 us
[367.620s][info][gc,stats    ] Pause Init Update Refs (G)        13740 us
[367.620s][info][gc,stats    ] Pause Init Update Refs (N)           66 us
[367.620s][info][gc,stats    ]   Manage GCLABs                       3 us
[367.620s][info][gc,stats    ] Concurrent Update Refs            70060 us
[367.620s][info][gc,stats    ] Concurrent Update Thread Roots      590 us
[367.621s][info][gc,stats    ] Pause Final Update Refs (G)        7996 us
[367.621s][info][gc,stats    ] Pause Final Update Refs (N)         121 us
[367.621s][info][gc,stats    ]   Update Region States               36 us
[367.621s][info][gc,stats    ]   Trash Collection Set                3 us
[367.621s][info][gc,stats    ]   Rebuild Free Set                   14 us
[367.621s][info][gc,stats    ] Concurrent Cleanup                  145 us
[367.621s][info][gc,stats    ] 
[367.621s][info][gc,stats    ] Allocation pacing accrued:
[367.621s][info][gc,stats    ]       0 of   283 ms (  0.0%): <total>
[367.621s][info][gc,stats    ]       0 of   283 ms (  0.0%): <average total>
[367.621s][info][gc,stats    ] 
[367.621s][info][gc,metaspace] Metaspace: 16591K(16832K)->16591K(16832K) NonClass: 14243K(14336K)->14243K(14336K) Class: 2348K(2496K)->2348K(2496K)
[367.621s][info][gc,ergo     ] Pacer for Idle. Initial: 163M, Alloc Tax Rate: 1.0x
[371.572s][info][gc          ] Trigger: Learning 4 of 5. Free (5723M) is below initial threshold (5734M)
[371.572s][info][gc,ergo     ] Free: 5719M, Max: 4096K regular, 5672M humongous, Frag: 0% external, 0% internal; Reserve: 412M, Max: 4096K
[371.572s][info][gc,start    ] GC(171) Concurrent reset
[371.572s][info][gc,task     ] GC(171) Using 1 of 3 workers for concurrent reset
[371.572s][info][gc,ergo     ] GC(171) Pacer for Reset. Non-Taxable: 8192M
[371.573s][info][gc          ] GC(171) Concurrent reset 1.029ms
[371.573s][info][gc,start    ] GC(171) Pause Init Mark (unload classes)
[371.573s][info][gc,task     ] GC(171) Using 3 of 3 workers for init marking
[371.573s][info][gc,ergo     ] GC(171) Pacer for Mark. Expected Live: 100M, Free: 5719M, Non-Taxable: 571M, Alloc Tax Rate: 0.0x
[371.574s][info][gc          ] GC(171) Pause Init Mark (unload classes) 0.177ms
[371.574s][info][gc,start    ] GC(171) Concurrent marking roots
[371.574s][info][gc,task     ] GC(171) Using 1 of 3 workers for concurrent marking roots
[371.575s][info][gc          ] GC(171) Concurrent marking roots 1.245ms
[371.575s][info][gc,start    ] GC(171) Concurrent marking (unload classes)
[371.575s][info][gc,task     ] GC(171) Using 1 of 3 workers for concurrent marking
[372.074s][info][gc          ] GC(171) Concurrent marking (unload classes) 498.863ms
[372.074s][info][gc,start    ] GC(171) Pause Final Mark (unload classes)
[372.074s][info][gc,task     ] GC(171) Using 3 of 3 workers for final marking
[372.074s][info][gc,ergo     ] GC(171) Adaptive CSet Selection. Target Free: 1160M, Actual Free: 7036M, Max CSet: 341M, Min Garbage: 0B
[372.074s][info][gc,ergo     ] GC(171) Collectable Garbage: 1811M (99%), Immediate: 1444M (79%), CSet: 367M (20%)
[372.074s][info][gc,ergo     ] GC(171) Pacer for Evacuation. Used CSet: 608M, Free: 6672M, Non-Taxable: 667M, Alloc Tax Rate: 1.1x
[372.074s][info][gc          ] GC(171) Pause Final Mark (unload classes) 0.362ms
[372.074s][info][gc,start    ] GC(171) Concurrent thread roots
[372.074s][info][gc,task     ] GC(171) Using 1 of 3 workers for Concurrent thread roots
[372.075s][info][gc          ] GC(171) Concurrent thread roots 0.627ms
[372.075s][info][gc,start    ] GC(171) Concurrent weak references
[372.075s][info][gc,task     ] GC(171) Using 1 of 3 workers for concurrent weak references
[372.075s][info][gc,ref      ] GC(171) Encountered references: Soft: 173, Weak: 997, Final: 0, Phantom: 41
[372.075s][info][gc,ref      ] GC(171) Discovered  references: Soft: 0, Weak: 202, Final: 0, Phantom: 24
[372.075s][info][gc,ref      ] GC(171) Enqueued    references: Soft: 0, Weak: 5, Final: 0, Phantom: 0
[372.075s][info][gc          ] GC(171) Concurrent weak references 0.228ms
[372.075s][info][gc,start    ] GC(171) Concurrent weak roots
[372.075s][info][gc,task     ] GC(171) Using 1 of 3 workers for concurrent weak root
[372.076s][info][gc          ] GC(171) Concurrent weak roots 1.114ms
[372.076s][info][gc,start    ] GC(171) Concurrent cleanup
[372.076s][info][gc          ] GC(171) Concurrent cleanup 2553M->1109M(8192M) 0.045ms
[372.076s][info][gc,ergo     ] GC(171) Free: 6671M, Max: 4096K regular, 5180M humongous, Frag: 22% external, 0% internal; Reserve: 410M, Max: 4096K
[372.076s][info][gc,start    ] GC(171) Concurrent class unloading
[372.076s][info][gc,task     ] GC(171) Using 1 of 3 workers for concurrent class unloading
[372.081s][info][gc          ] GC(171) Concurrent class unloading 4.147ms
[372.081s][info][gc,start    ] GC(171) Concurrent strong roots
[372.081s][info][gc,task     ] GC(171) Using 1 of 3 workers for concurrent strong root
[372.081s][info][gc          ] GC(171) Concurrent strong roots 0.191ms
[372.081s][info][gc,start    ] GC(171) Concurrent evacuation
[372.081s][info][gc,task     ] GC(171) Using 1 of 3 workers for concurrent evacuation
[372.319s][info][gc          ] GC(171) Concurrent evacuation 238.509ms
[372.320s][info][gc,start    ] GC(171) Pause Init Update Refs
[372.320s][info][gc,ergo     ] GC(171) Pacer for Update Refs. Used: 1372M, Free: 6655M, Non-Taxable: 665M, Alloc Tax Rate: 1.1x
[372.320s][info][gc          ] GC(171) Pause Init Update Refs 0.090ms
[372.320s][info][gc,start    ] GC(171) Concurrent update references
[372.320s][info][gc,task     ] GC(171) Using 1 of 3 workers for concurrent reference update
[372.975s][info][gc          ] GC(171) Concurrent update references 655.476ms
[372.975s][info][gc,start    ] GC(171) Concurrent update thread roots
[372.976s][info][gc          ] GC(171) Concurrent update thread roots 0.524ms
[372.976s][info][gc,start    ] GC(171) Pause Final Update Refs
[372.976s][info][gc,task     ] GC(171) Using 3 of 3 workers for final reference update
[372.976s][info][gc          ] GC(171) Pause Final Update Refs 0.100ms
[372.976s][info][gc,start    ] GC(171) Concurrent cleanup
[372.976s][info][gc          ] GC(171) Concurrent cleanup 1792M->1184M(8192M) 0.037ms
[372.976s][info][gc,ergo     ] Free: 6595M, Max: 4096K regular, 4932M humongous, Frag: 25% external, 0% internal; Reserve: 412M, Max: 4096K
[372.976s][info][gc,stats    ] 
[372.976s][info][gc,stats    ] All times are wall-clock times, except per-root-class counters, that are sum over
[372.976s][info][gc,stats    ] all workers. Dividing the <total> over the root stage time estimates parallelism.
[372.976s][info][gc,stats    ] 
[372.976s][info][gc,stats    ] Concurrent Reset                   1083 us
[372.976s][info][gc,stats    ] Pause Init Mark (G)                 322 us
[372.976s][info][gc,stats    ] Pause Init Mark (N)                 194 us
[372.976s][info][gc,stats    ]   Update Region States               74 us
[372.976s][info][gc,stats    ] Concurrent Mark Roots              1268 us, parallelism: 0.90x
[372.976s][info][gc,stats    ]   CMR: <total>                     1137 us
[372.976s][info][gc,stats    ]   CMR: Thread Roots                1068 us, workers (us): 1068, ---, ---, 
[372.976s][info][gc,stats    ]   CMR: VM Strong Roots                6 us, workers (us):   6, ---, ---, 
[372.976s][info][gc,stats    ]   CMR: CLDG Roots                    63 us, workers (us):  63, ---, ---, 
[372.976s][info][gc,stats    ] Concurrent Marking               498941 us
[372.976s][info][gc,stats    ] Pause Final Mark (G)                512 us
[372.976s][info][gc,stats    ] Pause Final Mark (N)                370 us
[372.976s][info][gc,stats    ]   Finish Mark                       154 us
[372.976s][info][gc,stats    ]   Update Region States               70 us
[372.976s][info][gc,stats    ]   Choose Collection Set              57 us
[372.976s][info][gc,stats    ]   Rebuild Free Set                    8 us
[372.976s][info][gc,stats    ] Concurrent Thread Roots             664 us, parallelism: 0.74x
[372.976s][info][gc,stats    ]   CTR: <total>                      490 us
[372.976s][info][gc,stats    ]   CTR: Thread Roots                 490 us, workers (us): 490, ---, ---, 
[372.976s][info][gc,stats    ] Concurrent Weak References          244 us, parallelism: 0.08x
[372.976s][info][gc,stats    ]   CWRF: <total>                      20 us
[372.976s][info][gc,stats    ]   CWRF: Weak References              20 us, workers (us):  20, ---, ---, 
[372.976s][info][gc,stats    ] Concurrent Weak Roots              1153 us
[372.976s][info][gc,stats    ]   Roots                            1023 us, parallelism: 0.91x
[372.976s][info][gc,stats    ]     CWR: <total>                    928 us
[372.976s][info][gc,stats    ]     CWR: Code Cache Roots           741 us, workers (us): 741, ---, ---, 
[372.976s][info][gc,stats    ]     CWR: VM Weak Roots              176 us, workers (us): 176, ---, ---, 
[372.976s][info][gc,stats    ]     CWR: CLDG Roots                  11 us, workers (us):  11, ---, ---, 
[372.976s][info][gc,stats    ]   Rendezvous                         55 us
[372.976s][info][gc,stats    ] Concurrent Cleanup                   53 us
[372.976s][info][gc,stats    ] Concurrent Class Unloading         4210 us
[372.976s][info][gc,stats    ]   Unlink Stale                     3775 us
[372.976s][info][gc,stats    ]     System Dictionary                11 us
[372.976s][info][gc,stats    ]     Weak Class Links                  0 us
[372.976s][info][gc,stats    ]     Code Roots                     3763 us
[372.976s][info][gc,stats    ]   Rendezvous                         64 us
[372.976s][info][gc,stats    ]   Purge Unlinked                    288 us
[372.976s][info][gc,stats    ]     Code Roots                      277 us
[372.976s][info][gc,stats    ]     CLDG                             10 us
[372.976s][info][gc,stats    ]     Exception Caches                  0 us
[372.976s][info][gc,stats    ] Concurrent Strong Roots             228 us, parallelism: 0.24x
[372.976s][info][gc,stats    ]   CSR: <total>                       55 us
[372.976s][info][gc,stats    ]   CSR: VM Strong Roots                7 us, workers (us):   7, ---, ---, 
[372.976s][info][gc,stats    ]   CSR: CLDG Roots                    48 us, workers (us):  48, ---, ---, 
[372.976s][info][gc,stats    ] Concurrent Evacuation            238583 us
[372.976s][info][gc,stats    ] Pause Init Update Refs (G)          284 us
[372.976s][info][gc,stats    ] Pause Init Update Refs (N)          107 us
[372.976s][info][gc,stats    ]   Manage GCLABs                       6 us
[372.976s][info][gc,stats    ] Concurrent Update Refs           655533 us
[372.976s][info][gc,stats    ] Concurrent Update Thread Roots      546 us
[372.976s][info][gc,stats    ] Pause Final Update Refs (G)         242 us
[372.977s][info][gc,stats    ] Pause Final Update Refs (N)         139 us
[372.977s][info][gc,stats    ]   Update Region States               44 us
[372.977s][info][gc,stats    ]   Trash Collection Set                6 us
[372.977s][info][gc,stats    ]   Rebuild Free Set                   17 us
[372.977s][info][gc,stats    ] Concurrent Cleanup                   47 us
[372.977s][info][gc,stats    ] 
[372.977s][info][gc,stats    ] Allocation pacing accrued:
[372.977s][info][gc,stats    ]       0 of  5356 ms (  0.0%): <total>
[372.977s][info][gc,stats    ]       0 of  5356 ms (  0.0%): <average total>
[372.977s][info][gc,stats    ] 
[372.977s][info][gc,metaspace] Metaspace: 16591K(16832K)->16591K(16832K) NonClass: 14243K(14336K)->14243K(14336K) Class: 2348K(2496K)->2348K(2496K)
[372.977s][info][gc,ergo     ] Pacer for Idle. Initial: 163M, Alloc Tax Rate: 1.0x
[373.865s][info][gc          ] Trigger: Explicit GC request (System.gc())
[373.865s][info][gc,ergo     ] Free: 6427M, Max: 4096K regular, 4932M humongous, Frag: 23% external, 0% internal; Reserve: 412M, Max: 4096K
[373.865s][info][gc,start    ] GC(172) Concurrent reset
[373.865s][info][gc,task     ] GC(172) Using 1 of 3 workers for concurrent reset
[373.865s][info][gc,ergo     ] GC(172) Pacer for Reset. Non-Taxable: 8192M
[373.868s][info][gc          ] GC(172) Concurrent reset 2.616ms
[373.868s][info][gc,start    ] GC(172) Pause Init Mark (unload classes)
[373.868s][info][gc,task     ] GC(172) Using 3 of 3 workers for init marking
[373.868s][info][gc,ref      ] GC(172) Clearing All SoftReferences
[373.868s][info][gc,ergo     ] GC(172) Pacer for Mark. Expected Live: 135M, Free: 6427M, Non-Taxable: 642M, Alloc Tax Rate: 0.0x
[373.868s][info][gc          ] GC(172) Pause Init Mark (unload classes) 0.200ms
[373.868s][info][gc,start    ] GC(172) Concurrent marking roots
[373.868s][info][gc,task     ] GC(172) Using 1 of 3 workers for concurrent marking roots
[373.869s][info][gc          ] GC(172) Concurrent marking roots 0.659ms
[373.869s][info][gc,start    ] GC(172) Concurrent marking (unload classes)
[373.869s][info][gc,task     ] GC(172) Using 1 of 3 workers for concurrent marking
[373.874s][info][gc          ] GC(172) Concurrent marking (unload classes) 4.738ms
[373.874s][info][gc,start    ] GC(172) Pause Final Mark (unload classes)
[373.874s][info][gc,task     ] GC(172) Using 3 of 3 workers for final marking
[373.874s][info][gc,ergo     ] GC(172) Collectable Garbage: 1320M (97%), Immediate: 1320M (97%), CSet: 0B (0%)
[373.874s][info][gc          ] GC(172) Pause Final Mark (unload classes) 0.395ms
[373.874s][info][gc,start    ] GC(172) Concurrent weak references
[373.874s][info][gc,task     ] GC(172) Using 1 of 3 workers for concurrent weak references
[373.874s][info][gc,ref      ] GC(172) Encountered references: Soft: 172, Weak: 993, Final: 0, Phantom: 41
[373.874s][info][gc,ref      ] GC(172) Discovered  references: Soft: 108, Weak: 221, Final: 0, Phantom: 24
[373.874s][info][gc,ref      ] GC(172) Enqueued    references: Soft: 4, Weak: 8, Final: 0, Phantom: 0
[373.874s][info][gc          ] GC(172) Concurrent weak references 0.127ms
[373.874s][info][gc,start    ] GC(172) Concurrent weak roots
[373.875s][info][gc,task     ] GC(172) Using 1 of 3 workers for concurrent weak root
[373.875s][info][gc          ] GC(172) Concurrent weak roots 0.906ms
[373.875s][info][gc,start    ] GC(172) Concurrent cleanup
[373.875s][info][gc          ] GC(172) Concurrent cleanup 1352M->32M(8192M) 0.040ms
[373.875s][info][gc,ergo     ] GC(172) Free: 7747M, Max: 4096K regular, 7112M humongous, Frag: 8% external, 0% internal; Reserve: 412M, Max: 4096K
[373.876s][info][gc,start    ] GC(172) Concurrent class unloading
[373.876s][info][gc,task     ] GC(172) Using 1 of 3 workers for concurrent class unloading
[373.882s][info][gc          ] GC(172) Concurrent class unloading 6.485ms
[373.882s][info][gc,start    ] GC(172) Pause Final Roots
[373.882s][info][gc          ] GC(172) Pause Final Roots 0.040ms
[373.882s][info][gc,ergo     ] Free: 7747M, Max: 4096K regular, 7112M humongous, Frag: 8% external, 0% internal; Reserve: 412M, Max: 4096K
[373.882s][info][gc,stats    ] 
[373.882s][info][gc,stats    ] All times are wall-clock times, except per-root-class counters, that are sum over
[373.882s][info][gc,stats    ] all workers. Dividing the <total> over the root stage time estimates parallelism.
[373.882s][info][gc,stats    ] 
[373.882s][info][gc,stats    ] Concurrent Reset                   2678 us
[373.882s][info][gc,stats    ] Pause Init Mark (G)                 322 us
[373.882s][info][gc,stats    ] Pause Init Mark (N)                 221 us
[373.882s][info][gc,stats    ]   Update Region States               72 us
[373.882s][info][gc,stats    ] Concurrent Mark Roots               698 us, parallelism: 0.73x
[373.882s][info][gc,stats    ]   CMR: <total>                      512 us
[373.882s][info][gc,stats    ]   CMR: Thread Roots                 468 us, workers (us): 468, ---, ---, 
[373.882s][info][gc,stats    ]   CMR: VM Strong Roots                4 us, workers (us):   4, ---, ---, 
[373.882s][info][gc,stats    ]   CMR: CLDG Roots                    40 us, workers (us):  40, ---, ---, 
[373.882s][info][gc,stats    ] Concurrent Marking                 4805 us
[373.882s][info][gc,stats    ] Pause Final Mark (G)                515 us
[373.882s][info][gc,stats    ] Pause Final Mark (N)                414 us
[373.882s][info][gc,stats    ]   Finish Mark                       153 us
[373.882s][info][gc,stats    ]   Update Region States               82 us
[373.882s][info][gc,stats    ]   Choose Collection Set              61 us
[373.882s][info][gc,stats    ]   Rebuild Free Set                   18 us
[373.882s][info][gc,stats    ] Concurrent Weak References          135 us, parallelism: 0.10x
[373.882s][info][gc,stats    ]   CWRF: <total>                      13 us
[373.882s][info][gc,stats    ]   CWRF: Weak References              13 us, workers (us):  13, ---, ---, 
[373.882s][info][gc,stats    ] Concurrent Weak Roots               935 us
[373.882s][info][gc,stats    ]   Roots                             824 us, parallelism: 0.92x
[373.882s][info][gc,stats    ]     CWR: <total>                    762 us
[373.882s][info][gc,stats    ]     CWR: Code Cache Roots           667 us, workers (us): 667, ---, ---, 
[373.882s][info][gc,stats    ]     CWR: VM Weak Roots               86 us, workers (us):  86, ---, ---, 
[373.882s][info][gc,stats    ]     CWR: CLDG Roots                   8 us, workers (us):   8, ---, ---, 
[373.883s][info][gc,stats    ]   Rendezvous                         64 us
[373.883s][info][gc,stats    ] Concurrent Cleanup                   48 us
[373.883s][info][gc,stats    ] Concurrent Class Unloading         6562 us
[373.883s][info][gc,stats    ]   Unlink Stale                     6002 us
[373.883s][info][gc,stats    ]     System Dictionary                62 us
[373.883s][info][gc,stats    ]     Weak Class Links               1808 us
[373.883s][info][gc,stats    ]     Code Roots                     4130 us
[373.883s][info][gc,stats    ]   Rendezvous                         98 us
[373.883s][info][gc,stats    ]   Purge Unlinked                    363 us
[373.883s][info][gc,stats    ]     Code Roots                      330 us
[373.883s][info][gc,stats    ]     CLDG                             33 us
[373.883s][info][gc,stats    ]     Exception Caches                  0 us
[373.883s][info][gc,stats    ] Pause Final Roots (G)               151 us
[373.883s][info][gc,stats    ] Pause Final Roots (N)                49 us
[373.883s][info][gc,stats    ] 
[373.883s][info][gc,stats    ] Allocation pacing accrued:
[373.883s][info][gc,stats    ]       0 of   906 ms (  0.0%): <total>
[373.883s][info][gc,stats    ]       0 of   906 ms (  0.0%): <average total>
[373.883s][info][gc,stats    ] 
[373.883s][info][gc,metaspace] Metaspace: 16591K(16832K)->16587K(16832K) NonClass: 14243K(14336K)->14239K(14336K) Class: 2348K(2496K)->2347K(2496K)
[373.883s][info][gc,ergo     ] Pacer for Idle. Initial: 163M, Alloc Tax Rate: 1.0x
[375.400s][info][gc          ] Trigger: Average GC time (1528.18 ms) is above the time for instantaneous allocation rate (5536 MB/s) to deplete free headroom (6313M) (spike threshold = 1.66)
[375.400s][info][gc,ergo     ] Free: 6723M, Max: 4096K regular, 6676M humongous, Frag: 0% external, 0% internal; Reserve: 412M, Max: 4096K
[375.400s][info][gc,start    ] GC(173) Concurrent reset
[375.400s][info][gc,task     ] GC(173) Using 1 of 3 workers for concurrent reset
[375.400s][info][gc,ergo     ] GC(173) Pacer for Reset. Non-Taxable: 8192M
[375.401s][info][gc          ] GC(173) Concurrent reset 0.422ms
[375.401s][info][gc,start    ] GC(173) Pause Init Mark (unload classes)
[375.401s][info][gc,task     ] GC(173) Using 3 of 3 workers for init marking
[375.401s][info][gc,ergo     ] GC(173) Pacer for Mark. Expected Live: 53573K, Free: 6719M, Non-Taxable: 671M, Alloc Tax Rate: 0.0x
[375.401s][info][gc          ] GC(173) Pause Init Mark (unload classes) 0.118ms
[375.416s][info][gc,start    ] GC(173) Concurrent marking roots
[375.416s][info][gc,task     ] GC(173) Using 1 of 3 workers for concurrent marking roots
[375.417s][info][gc          ] GC(173) Concurrent marking roots 0.736ms
[375.417s][info][gc,start    ] GC(173) Concurrent marking (unload classes)
[375.417s][info][gc,task     ] GC(173) Using 1 of 3 workers for concurrent marking
[375.447s][info][gc          ] GC(173) Concurrent marking (unload classes) 30.578ms
[375.448s][info][gc,start    ] GC(173) Pause Final Mark (unload classes)
[375.448s][info][gc,task     ] GC(173) Using 3 of 3 workers for final marking
[375.448s][info][gc,ergo     ] GC(173) Adaptive CSet Selection. Target Free: 1160M, Actual Free: 7756M, Max CSet: 341M, Min Garbage: 0B
[375.448s][info][gc,ergo     ] GC(173) Collectable Garbage: 1051M (99%), Immediate: 908M (86%), CSet: 143M (13%)
[375.448s][info][gc,ergo     ] GC(173) Pacer for Evacuation. Used CSet: 144M, Free: 7391M, Non-Taxable: 739M, Alloc Tax Rate: 1.1x
[375.448s][info][gc          ] GC(173) Pause Final Mark (unload classes) 0.226ms
[375.463s][info][gc,start    ] GC(173) Concurrent thread roots
[375.463s][info][gc,task     ] GC(173) Using 1 of 3 workers for Concurrent thread roots
[375.464s][info][gc          ] GC(173) Concurrent thread roots 0.619ms
[375.464s][info][gc,start    ] GC(173) Concurrent weak references
[375.464s][info][gc,task     ] GC(173) Using 1 of 3 workers for concurrent weak references
[375.464s][info][gc,ref      ] GC(173) Encountered references: Soft: 173, Weak: 993, Final: 0, Phantom: 41
[375.464s][info][gc,ref      ] GC(173) Discovered  references: Soft: 0, Weak: 207, Final: 0, Phantom: 24
[375.464s][info][gc,ref      ] GC(173) Enqueued    references: Soft: 0, Weak: 5, Final: 0, Phantom: 0
[375.464s][info][gc          ] GC(173) Concurrent weak references 0.079ms
[375.464s][info][gc,start    ] GC(173) Concurrent weak roots
[375.464s][info][gc,task     ] GC(173) Using 1 of 3 workers for concurrent weak root
[375.479s][info][gc          ] GC(173) Concurrent weak roots 14.906ms
[375.479s][info][gc,start    ] GC(173) Concurrent cleanup
[375.479s][info][gc          ] GC(173) Concurrent cleanup 1416M->508M(8192M) 0.065ms
[375.479s][info][gc,ergo     ] GC(173) Free: 7271M, Max: 4096K regular, 6320M humongous, Frag: 13% external, 0% internal; Reserve: 411M, Max: 4096K
[375.479s][info][gc,start    ] GC(173) Concurrent class unloading
[375.479s][info][gc,task     ] GC(173) Using 1 of 3 workers for concurrent class unloading
[375.495s][info][gc          ] GC(173) Concurrent class unloading 16.068ms
[375.495s][info][gc,start    ] GC(173) Concurrent strong roots
[375.495s][info][gc,task     ] GC(173) Using 1 of 3 workers for concurrent strong root
[375.495s][info][gc          ] GC(173) Concurrent strong roots 0.113ms
[375.495s][info][gc,start    ] GC(173) Concurrent evacuation
[375.495s][info][gc,task     ] GC(173) Using 1 of 3 workers for concurrent evacuation
[375.496s][info][gc          ] GC(173) Concurrent evacuation 1.299ms
[375.496s][info][gc,start    ] GC(173) Pause Init Update Refs
[375.496s][info][gc,ergo     ] GC(173) Pacer for Update Refs. Used: 572M, Free: 7208M, Non-Taxable: 720M, Alloc Tax Rate: 1.1x
[375.497s][info][gc          ] GC(173) Pause Init Update Refs 0.065ms
[375.510s][info][gc,start    ] GC(173) Concurrent update references
[375.510s][info][gc,task     ] GC(173) Using 1 of 3 workers for concurrent reference update
[375.616s][info][gc          ] GC(173) Concurrent update references 105.566ms
[375.616s][info][gc,start    ] GC(173) Concurrent update thread roots
[375.620s][info][gc          ] GC(173) Concurrent update thread roots 4.104ms
[375.620s][info][gc,start    ] GC(173) Pause Final Update Refs
[375.620s][info][gc,task     ] GC(173) Using 3 of 3 workers for final reference update
[375.620s][info][gc          ] GC(173) Pause Final Update Refs 0.121ms
[375.636s][info][gc,start    ] GC(173) Concurrent cleanup
[375.636s][info][gc          ] GC(173) Concurrent cleanup 1040M->928M(8192M) 0.139ms
[375.636s][info][gc,ergo     ] Free: 6851M, Max: 4096K regular, 6320M humongous, Frag: 8% external, 0% internal; Reserve: 412M, Max: 4096K
[375.636s][info][gc,stats    ] 
[375.636s][info][gc,stats    ] All times are wall-clock times, except per-root-class counters, that are sum over
[375.636s][info][gc,stats    ] all workers. Dividing the <total> over the root stage time estimates parallelism.
[375.636s][info][gc,stats    ] 
[375.636s][info][gc,stats    ] Concurrent Reset                    449 us
[375.636s][info][gc,stats    ] Pause Init Mark (G)               15189 us
[375.636s][info][gc,stats    ] Pause Init Mark (N)                 133 us
[375.636s][info][gc,stats    ]   Update Region States               33 us
[375.636s][info][gc,stats    ] Concurrent Mark Roots               766 us, parallelism: 0.74x
[375.636s][info][gc,stats    ]   CMR: <total>                      565 us
[375.636s][info][gc,stats    ]   CMR: Thread Roots                 510 us, workers (us): 510, ---, ---, 
[375.636s][info][gc,stats    ]   CMR: VM Strong Roots                8 us, workers (us):   8, ---, ---, 
[375.636s][info][gc,stats    ]   CMR: CLDG Roots                    47 us, workers (us):  47, ---, ---, 
[375.636s][info][gc,stats    ] Concurrent Marking                30670 us
[375.636s][info][gc,stats    ] Pause Final Mark (G)              15500 us
[375.636s][info][gc,stats    ] Pause Final Mark (N)                235 us
[375.636s][info][gc,stats    ]   Finish Mark                        58 us
[375.636s][info][gc,stats    ]   Update Region States               42 us
[375.636s][info][gc,stats    ]   Choose Collection Set              48 us
[375.636s][info][gc,stats    ]   Rebuild Free Set                    8 us
[375.636s][info][gc,stats    ] Concurrent Thread Roots             637 us, parallelism: 0.80x
[375.636s][info][gc,stats    ]   CTR: <total>                      509 us
[375.636s][info][gc,stats    ]   CTR: Thread Roots                 509 us, workers (us): 509, ---, ---, 
[375.636s][info][gc,stats    ] Concurrent Weak References           87 us, parallelism: 0.24x
[375.636s][info][gc,stats    ]   CWRF: <total>                      21 us
[375.636s][info][gc,stats    ]   CWRF: Weak References              21 us, workers (us):  21, ---, ---, 
[375.636s][info][gc,stats    ] Concurrent Weak Roots             14996 us
[375.636s][info][gc,stats    ]   Roots                            1246 us, parallelism: 0.96x
[375.636s][info][gc,stats    ]     CWR: <total>                   1200 us
[375.636s][info][gc,stats    ]     CWR: Code Cache Roots          1014 us, workers (us): 1014, ---, ---, 
[375.636s][info][gc,stats    ]     CWR: VM Weak Roots              174 us, workers (us): 174, ---, ---, 
[375.636s][info][gc,stats    ]     CWR: CLDG Roots                  12 us, workers (us):  12, ---, ---, 
[375.636s][info][gc,stats    ]   Rendezvous                      13638 us
[375.636s][info][gc,stats    ] Concurrent Cleanup                   74 us
[375.636s][info][gc,stats    ] Concurrent Class Unloading        16136 us
[375.636s][info][gc,stats    ]   Unlink Stale                     3916 us
[375.636s][info][gc,stats    ]     System Dictionary                17 us
[375.636s][info][gc,stats    ]     Weak Class Links                  1 us
[375.636s][info][gc,stats    ]     Code Roots                     3897 us
[375.636s][info][gc,stats    ]   Rendezvous                      11741 us
[375.636s][info][gc,stats    ]   Purge Unlinked                    387 us
[375.636s][info][gc,stats    ]     Code Roots                      378 us
[375.636s][info][gc,stats    ]     CLDG                              8 us
[375.636s][info][gc,stats    ]     Exception Caches                  0 us
[375.636s][info][gc,stats    ] Concurrent Strong Roots             132 us, parallelism: 0.40x
[375.636s][info][gc,stats    ]   CSR: <total>                       52 us
[375.636s][info][gc,stats    ]   CSR: VM Strong Roots                5 us, workers (us):   5, ---, ---, 
[375.636s][info][gc,stats    ]   CSR: CLDG Roots                    48 us, workers (us):  48, ---, ---, 
[375.636s][info][gc,stats    ] Concurrent Evacuation              1353 us
[375.636s][info][gc,stats    ] Pause Init Update Refs (G)        13913 us
[375.636s][info][gc,stats    ] Pause Init Update Refs (N)           74 us
[375.636s][info][gc,stats    ]   Manage GCLABs                       3 us
[375.636s][info][gc,stats    ] Concurrent Update Refs           105642 us
[375.636s][info][gc,stats    ] Concurrent Update Thread Roots     4169 us
[375.636s][info][gc,stats    ] Pause Final Update Refs (G)       15671 us
[375.636s][info][gc,stats    ] Pause Final Update Refs (N)         161 us
[375.636s][info][gc,stats    ]   Update Region States               58 us
[375.636s][info][gc,stats    ]   Trash Collection Set                4 us
[375.636s][info][gc,stats    ]   Rebuild Free Set                   21 us
[375.636s][info][gc,stats    ] Concurrent Cleanup                  160 us
[375.636s][info][gc,stats    ] 
[375.636s][info][gc,stats    ] Allocation pacing accrued:
[375.636s][info][gc,stats    ]       0 of  1754 ms (  0.0%): <total>
[375.636s][info][gc,stats    ]       0 of  1754 ms (  0.0%): <average total>
[375.636s][info][gc,stats    ] 
[375.636s][info][gc,metaspace] Metaspace: 16591K(16832K)->16591K(16832K) NonClass: 14243K(14336K)->14243K(14336K) Class: 2348K(2496K)->2348K(2496K)
[375.636s][info][gc,ergo     ] Pacer for Idle. Initial: 163M, Alloc Tax Rate: 1.0x
[375.760s][info][gc          ] Trigger: Average GC time (1129.00 ms) is above the time for instantaneous allocation rate (5415 MB/s) to deplete free headroom (5769M) (spike threshold = 1.65)
[375.761s][info][gc,ergo     ] Free: 6178M, Max: 4096K regular, 6128M humongous, Frag: 0% external, 0% internal; Reserve: 412M, Max: 4096K
[375.761s][info][gc,start    ] GC(174) Concurrent reset
[375.761s][info][gc,task     ] GC(174) Using 1 of 3 workers for concurrent reset
[375.761s][info][gc,ergo     ] GC(174) Pacer for Reset. Non-Taxable: 8192M
[375.762s][info][gc          ] GC(174) Concurrent reset 1.022ms
[375.762s][info][gc,start    ] GC(174) Pause Init Mark (unload classes)
[375.762s][info][gc,task     ] GC(174) Using 3 of 3 workers for init marking
[375.762s][info][gc,ergo     ] GC(174) Pacer for Mark. Expected Live: 53622K, Free: 6178M, Non-Taxable: 617M, Alloc Tax Rate: 0.0x
[375.762s][info][gc          ] GC(174) Pause Init Mark (unload classes) 0.130ms
[375.772s][info][gc,start    ] GC(174) Concurrent marking roots
[375.772s][info][gc,task     ] GC(174) Using 1 of 3 workers for concurrent marking roots
[375.772s][info][gc          ] GC(174) Concurrent marking roots 0.701ms
[375.772s][info][gc,start    ] GC(174) Concurrent marking (unload classes)
[375.772s][info][gc,task     ] GC(174) Using 1 of 3 workers for concurrent marking
[375.792s][info][gc          ] GC(174) Concurrent marking (unload classes) 20.077ms
[375.793s][info][gc,start    ] GC(174) Pause Final Mark (unload classes)
[375.793s][info][gc,task     ] GC(174) Using 3 of 3 workers for final marking
[375.793s][info][gc,ergo     ] GC(174) Collectable Garbage: 1456M (91%), Immediate: 1456M (91%), CSet: 0B (0%)
[375.793s][info][gc          ] GC(174) Pause Final Mark (unload classes) 0.251ms
[375.808s][info][gc,start    ] GC(174) Concurrent weak references
[375.808s][info][gc,task     ] GC(174) Using 1 of 3 workers for concurrent weak references
[375.808s][info][gc,ref      ] GC(174) Encountered references: Soft: 173, Weak: 988, Final: 0, Phantom: 41
[375.808s][info][gc,ref      ] GC(174) Discovered  references: Soft: 0, Weak: 201, Final: 0, Phantom: 24
[375.808s][info][gc,ref      ] GC(174) Enqueued    references: Soft: 0, Weak: 0, Final: 0, Phantom: 0
[375.808s][info][gc          ] GC(174) Concurrent weak references 0.240ms
[375.808s][info][gc,start    ] GC(174) Concurrent weak roots
[375.808s][info][gc,task     ] GC(174) Using 1 of 3 workers for concurrent weak root
[375.824s][info][gc          ] GC(174) Concurrent weak roots 15.634ms
[375.824s][info][gc,start    ] GC(174) Concurrent cleanup
[375.824s][info][gc          ] GC(174) Concurrent cleanup 1897M->441M(8192M) 0.066ms
[375.824s][info][gc,ergo     ] GC(174) Free: 7338M, Max: 4096K regular, 5832M humongous, Frag: 20% external, 0% internal; Reserve: 412M, Max: 4096K
[375.824s][info][gc,start    ] GC(174) Concurrent class unloading
[375.824s][info][gc,task     ] GC(174) Using 1 of 3 workers for concurrent class unloading
[375.828s][info][gc          ] GC(174) Concurrent class unloading 4.507ms
[375.829s][info][gc,start    ] GC(174) Pause Final Roots
[375.829s][info][gc          ] GC(174) Pause Final Roots 0.042ms
[375.829s][info][gc,ergo     ] Free: 7326M, Max: 4096K regular, 5832M humongous, Frag: 20% external, 0% internal; Reserve: 412M, Max: 4096K
[375.829s][info][gc,stats    ] 
[375.829s][info][gc,stats    ] All times are wall-clock times, except per-root-class counters, that are sum over
[375.829s][info][gc,stats    ] all workers. Dividing the <total> over the root stage time estimates parallelism.
[375.829s][info][gc,stats    ] 
[375.829s][info][gc,stats    ] Concurrent Reset                   1044 us
[375.829s][info][gc,stats    ] Pause Init Mark (G)                9946 us
[375.829s][info][gc,stats    ] Pause Init Mark (N)                 141 us
[375.829s][info][gc,stats    ]   Update Region States               40 us
[375.829s][info][gc,stats    ] Concurrent Mark Roots               723 us, parallelism: 0.71x
[375.829s][info][gc,stats    ]   CMR: <total>                      515 us
[375.829s][info][gc,stats    ]   CMR: Thread Roots                 451 us, workers (us): 451, ---, ---, 
[375.829s][info][gc,stats    ]   CMR: VM Strong Roots                9 us, workers (us):   9, ---, ---, 
[375.829s][info][gc,stats    ]   CMR: CLDG Roots                    55 us, workers (us):  55, ---, ---, 
[375.829s][info][gc,stats    ] Concurrent Marking                20172 us
[375.829s][info][gc,stats    ] Pause Final Mark (G)              15341 us
[375.829s][info][gc,stats    ] Pause Final Mark (N)                262 us
[375.829s][info][gc,stats    ]   Finish Mark                        51 us
[375.829s][info][gc,stats    ]   Update Region States               70 us
[375.829s][info][gc,stats    ]   Choose Collection Set              81 us
[375.829s][info][gc,stats    ]   Rebuild Free Set                    8 us
[375.829s][info][gc,stats    ] Concurrent Weak References          252 us, parallelism: 0.12x
[375.829s][info][gc,stats    ]   CWRF: <total>                      31 us
[375.829s][info][gc,stats    ]   CWRF: Weak References              31 us, workers (us):  31, ---, ---, 
[375.829s][info][gc,stats    ] Concurrent Weak Roots             15741 us
[375.829s][info][gc,stats    ]   Roots                            1422 us, parallelism: 0.96x
[375.829s][info][gc,stats    ]     CWR: <total>                   1370 us
[375.829s][info][gc,stats    ]     CWR: Code Cache Roots          1172 us, workers (us): 1172, ---, ---, 
[375.829s][info][gc,stats    ]     CWR: VM Weak Roots              186 us, workers (us): 186, ---, ---, 
[375.829s][info][gc,stats    ]     CWR: CLDG Roots                  13 us, workers (us):  13, ---, ---, 
[375.829s][info][gc,stats    ]   Rendezvous                      14188 us
[375.829s][info][gc,stats    ] Concurrent Cleanup                   75 us
[375.829s][info][gc,stats    ] Concurrent Class Unloading         4560 us
[375.829s][info][gc,stats    ]   Unlink Stale                     4184 us
[375.829s][info][gc,stats    ]     System Dictionary                15 us
[375.829s][info][gc,stats    ]     Weak Class Links                  0 us
[375.829s][info][gc,stats    ]     Code Roots                     4167 us
[375.829s][info][gc,stats    ]   Rendezvous                         68 us
[375.829s][info][gc,stats    ]   Purge Unlinked                    233 us
[375.829s][info][gc,stats    ]     Code Roots                      227 us
[375.829s][info][gc,stats    ]     CLDG                              6 us
[375.829s][info][gc,stats    ]     Exception Caches                  0 us
[375.829s][info][gc,stats    ] Pause Final Roots (G)               106 us
[375.829s][info][gc,stats    ] Pause Final Roots (N)                51 us
[375.829s][info][gc,stats    ] 
[375.829s][info][gc,stats    ] Allocation pacing accrued:
[375.829s][info][gc,stats    ]       0 of   193 ms (  0.0%): <total>
[375.829s][info][gc,stats    ]       0 of   193 ms (  0.0%): <average total>
[375.829s][info][gc,stats    ] 
[375.829s][info][gc,metaspace] Metaspace: 16591K(16832K)->16591K(16832K) NonClass: 14243K(14336K)->14243K(14336K) Class: 2348K(2496K)->2348K(2496K)
[375.829s][info][gc,ergo     ] Pacer for Idle. Initial: 163M, Alloc Tax Rate: 1.0x
[379.742s][info][gc          ] Trigger: Learning 4 of 5. Free (5719M) is below initial threshold (5734M)
[379.742s][info][gc,ergo     ] Free: 5719M, Max: 4096K regular, 5668M humongous, Frag: 0% external, 0% internal; Reserve: 412M, Max: 4096K
[379.742s][info][gc,start    ] GC(175) Concurrent reset
[379.742s][info][gc,task     ] GC(175) Using 1 of 3 workers for concurrent reset
[379.742s][info][gc,ergo     ] GC(175) Pacer for Reset. Non-Taxable: 8192M
[379.743s][info][gc          ] GC(175) Concurrent reset 0.743ms
[379.743s][info][gc,start    ] GC(175) Pause Init Mark (unload classes)
[379.743s][info][gc,task     ] GC(175) Using 3 of 3 workers for init marking
[379.743s][info][gc,ergo     ] GC(175) Pacer for Mark. Expected Live: 53616K, Free: 5719M, Non-Taxable: 571M, Alloc Tax Rate: 0.0x
[379.743s][info][gc          ] GC(175) Pause Init Mark (unload classes) 0.154ms
[379.743s][info][gc,start    ] GC(175) Concurrent marking roots
[379.743s][info][gc,task     ] GC(175) Using 1 of 3 workers for concurrent marking roots
[379.744s][info][gc          ] GC(175) Concurrent marking roots 0.855ms
[379.744s][info][gc,start    ] GC(175) Concurrent marking (unload classes)
[379.744s][info][gc,task     ] GC(175) Using 1 of 3 workers for concurrent marking
[380.490s][info][gc          ] GC(175) Concurrent marking (unload classes) 746.283ms
[380.490s][info][gc,start    ] GC(175) Pause Final Mark (unload classes)
[380.490s][info][gc,task     ] GC(175) Using 3 of 3 workers for final marking
[380.491s][info][gc,ergo     ] GC(175) Adaptive CSet Selection. Target Free: 1160M, Actual Free: 6780M, Max CSet: 341M, Min Garbage: 0B
[380.491s][info][gc,ergo     ] GC(175) Collectable Garbage: 1656M (97%), Immediate: 1152M (68%), CSet: 504M (29%)
[380.491s][info][gc,ergo     ] GC(175) Pacer for Evacuation. Used CSet: 844M, Free: 6418M, Non-Taxable: 641M, Alloc Tax Rate: 1.1x
[380.491s][info][gc          ] GC(175) Pause Final Mark (unload classes) 0.400ms
[380.491s][info][gc,start    ] GC(175) Concurrent thread roots
[380.491s][info][gc,task     ] GC(175) Using 1 of 3 workers for Concurrent thread roots
[380.491s][info][gc          ] GC(175) Concurrent thread roots 0.623ms
[380.491s][info][gc,start    ] GC(175) Concurrent weak references
[380.491s][info][gc,task     ] GC(175) Using 1 of 3 workers for concurrent weak references
[380.491s][info][gc,ref      ] GC(175) Encountered references: Soft: 173, Weak: 991, Final: 0, Phantom: 41
[380.492s][info][gc,ref      ] GC(175) Discovered  references: Soft: 0, Weak: 200, Final: 0, Phantom: 24
[380.492s][info][gc,ref      ] GC(175) Enqueued    references: Soft: 0, Weak: 3, Final: 0, Phantom: 0
[380.492s][info][gc          ] GC(175) Concurrent weak references 0.133ms
[380.492s][info][gc,start    ] GC(175) Concurrent weak roots
[380.492s][info][gc,task     ] GC(175) Using 1 of 3 workers for concurrent weak root
[380.493s][info][gc          ] GC(175) Concurrent weak roots 0.963ms
[380.493s][info][gc,start    ] GC(175) Concurrent cleanup
[380.493s][info][gc          ] GC(175) Concurrent cleanup 2517M->1365M(8192M) 0.039ms
[380.493s][info][gc,ergo     ] GC(175) Free: 6415M, Max: 4096K regular, 5212M humongous, Frag: 19% external, 0% internal; Reserve: 411M, Max: 4096K
[380.493s][info][gc,start    ] GC(175) Concurrent class unloading
[380.493s][info][gc,task     ] GC(175) Using 1 of 3 workers for concurrent class unloading
[380.496s][info][gc          ] GC(175) Concurrent class unloading 3.720ms
[380.496s][info][gc,start    ] GC(175) Concurrent strong roots
[380.496s][info][gc,task     ] GC(175) Using 1 of 3 workers for concurrent strong root
[380.497s][info][gc          ] GC(175) Concurrent strong roots 0.131ms
[380.497s][info][gc,start    ] GC(175) Concurrent evacuation
[380.497s][info][gc,task     ] GC(175) Using 1 of 3 workers for concurrent evacuation
[380.795s][info][gc          ] GC(175) Concurrent evacuation 298.387ms
[380.795s][info][gc,start    ] GC(175) Pause Init Update Refs
[380.795s][info][gc,ergo     ] GC(175) Pacer for Update Refs. Used: 1843M, Free: 6280M, Non-Taxable: 628M, Alloc Tax Rate: 1.1x
[380.795s][info][gc          ] GC(175) Pause Init Update Refs 0.104ms
[380.795s][info][gc,start    ] GC(175) Concurrent update references
[380.795s][info][gc,task     ] GC(175) Using 1 of 3 workers for concurrent reference update
[381.683s][info][gc          ] GC(175) Concurrent update references 887.633ms
[381.683s][info][gc,start    ] GC(175) Concurrent update thread roots
[381.684s][info][gc          ] GC(175) Concurrent update thread roots 0.936ms
[381.684s][info][gc,start    ] GC(175) Pause Final Update Refs
[381.684s][info][gc,task     ] GC(175) Using 3 of 3 workers for final reference update
[381.684s][info][gc          ] GC(175) Pause Final Update Refs 0.181ms
[381.684s][info][gc,start    ] GC(175) Concurrent cleanup
[381.684s][info][gc          ] GC(175) Concurrent cleanup 2015M->1171M(8192M) 0.041ms
[381.684s][info][gc,ergo     ] Free: 6608M, Max: 4096K regular, 4868M humongous, Frag: 26% external, 0% internal; Reserve: 412M, Max: 4096K
[381.684s][info][gc,stats    ] 
[381.684s][info][gc,stats    ] All times are wall-clock times, except per-root-class counters, that are sum over
[381.684s][info][gc,stats    ] all workers. Dividing the <total> over the root stage time estimates parallelism.
[381.684s][info][gc,stats    ] 
[381.684s][info][gc,stats    ] Concurrent Reset                    789 us
[381.684s][info][gc,stats    ] Pause Init Mark (G)                 289 us
[381.684s][info][gc,stats    ] Pause Init Mark (N)                 171 us
[381.684s][info][gc,stats    ]   Update Region States               69 us
[381.684s][info][gc,stats    ] Concurrent Mark Roots               876 us, parallelism: 0.85x
[381.684s][info][gc,stats    ]   CMR: <total>                      748 us
[381.684s][info][gc,stats    ]   CMR: Thread Roots                 679 us, workers (us): 679, ---, ---, 
[381.684s][info][gc,stats    ]   CMR: VM Strong Roots                6 us, workers (us):   6, ---, ---, 
[381.684s][info][gc,stats    ]   CMR: CLDG Roots                    63 us, workers (us):  63, ---, ---, 
[381.684s][info][gc,stats    ] Concurrent Marking               746353 us
[381.684s][info][gc,stats    ] Pause Final Mark (G)                561 us
[381.684s][info][gc,stats    ] Pause Final Mark (N)                417 us
[381.685s][info][gc,stats    ]   Finish Mark                       106 us
[381.685s][info][gc,stats    ]   Update Region States               58 us
[381.685s][info][gc,stats    ]   Choose Collection Set             121 us
[381.685s][info][gc,stats    ]   Rebuild Free Set                   17 us
[381.685s][info][gc,stats    ] Concurrent Thread Roots             632 us, parallelism: 0.86x
[381.685s][info][gc,stats    ]   CTR: <total>                      545 us
[381.685s][info][gc,stats    ]   CTR: Thread Roots                 545 us, workers (us): 545, ---, ---, 
[381.685s][info][gc,stats    ] Concurrent Weak References          141 us, parallelism: 0.14x
[381.685s][info][gc,stats    ]   CWRF: <total>                      19 us
[381.685s][info][gc,stats    ]   CWRF: Weak References              19 us, workers (us):  19, ---, ---, 
[381.685s][info][gc,stats    ] Concurrent Weak Roots              1001 us
[381.685s][info][gc,stats    ]   Roots                             881 us, parallelism: 0.93x
[381.685s][info][gc,stats    ]     CWR: <total>                    822 us
[381.685s][info][gc,stats    ]     CWR: Code Cache Roots           699 us, workers (us): 699, ---, ---, 
[381.685s][info][gc,stats    ]     CWR: VM Weak Roots              114 us, workers (us): 114, ---, ---, 
[381.685s][info][gc,stats    ]     CWR: CLDG Roots                   9 us, workers (us):   9, ---, ---, 
[381.685s][info][gc,stats    ]   Rendezvous                         63 us
[381.685s][info][gc,stats    ] Concurrent Cleanup                   48 us
[381.685s][info][gc,stats    ] Concurrent Class Unloading         3791 us
[381.685s][info][gc,stats    ]   Unlink Stale                     3198 us
[381.685s][info][gc,stats    ]     System Dictionary                10 us
[381.685s][info][gc,stats    ]     Weak Class Links                  0 us
[381.685s][info][gc,stats    ]     Code Roots                     3187 us
[381.685s][info][gc,stats    ]   Rendezvous                        128 us
[381.685s][info][gc,stats    ]   Purge Unlinked                    365 us
[381.685s][info][gc,stats    ]     Code Roots                      355 us
[381.685s][info][gc,stats    ]     CLDG                              9 us
[381.685s][info][gc,stats    ]     Exception Caches                  0 us
[381.685s][info][gc,stats    ] Concurrent Strong Roots             167 us, parallelism: 0.23x
[381.685s][info][gc,stats    ]   CSR: <total>                       39 us
[381.685s][info][gc,stats    ]   CSR: VM Strong Roots                3 us, workers (us):   3, ---, ---, 
[381.685s][info][gc,stats    ]   CSR: CLDG Roots                    36 us, workers (us):  36, ---, ---, 
[381.685s][info][gc,stats    ] Concurrent Evacuation            298455 us
[381.685s][info][gc,stats    ] Pause Init Update Refs (G)          284 us
[381.685s][info][gc,stats    ] Pause Init Update Refs (N)          125 us
[381.685s][info][gc,stats    ]   Manage GCLABs                       5 us
[381.685s][info][gc,stats    ] Concurrent Update Refs           887702 us
[381.685s][info][gc,stats    ] Concurrent Update Thread Roots      978 us
[381.685s][info][gc,stats    ] Pause Final Update Refs (G)         314 us
[381.685s][info][gc,stats    ] Pause Final Update Refs (N)         220 us
[381.685s][info][gc,stats    ]   Update Region States               69 us
[381.685s][info][gc,stats    ]   Trash Collection Set                9 us
[381.685s][info][gc,stats    ]   Rebuild Free Set                   25 us
[381.685s][info][gc,stats    ] Concurrent Cleanup                   51 us
[381.685s][info][gc,stats    ] 
[381.685s][info][gc,stats    ] Allocation pacing accrued:
[381.685s][info][gc,stats    ]       0 of  5856 ms (  0.0%): <total>
[381.685s][info][gc,stats    ]       0 of  5856 ms (  0.0%): <average total>
[381.685s][info][gc,stats    ] 
[381.685s][info][gc,metaspace] Metaspace: 16591K(16832K)->16591K(16832K) NonClass: 14243K(14336K)->14243K(14336K) Class: 2348K(2496K)->2348K(2496K)
[381.685s][info][gc,ergo     ] Pacer for Idle. Initial: 163M, Alloc Tax Rate: 1.0x
[381.878s][info][gc          ] Trigger: Explicit GC request (System.gc())
[381.878s][info][gc,ergo     ] Free: 6587M, Max: 4096K regular, 4868M humongous, Frag: 26% external, 0% internal; Reserve: 412M, Max: 4096K
[381.878s][info][gc,start    ] GC(176) Concurrent reset
[381.878s][info][gc,task     ] GC(176) Using 1 of 3 workers for concurrent reset
[381.878s][info][gc,ergo     ] GC(176) Pacer for Reset. Non-Taxable: 8192M
[381.882s][info][gc          ] GC(176) Concurrent reset 4.088ms
[381.882s][info][gc,start    ] GC(176) Pause Init Mark (unload classes)
[381.882s][info][gc,task     ] GC(176) Using 3 of 3 workers for init marking
[381.882s][info][gc,ref      ] GC(176) Clearing All SoftReferences
[381.882s][info][gc,ergo     ] GC(176) Pacer for Mark. Expected Live: 125M, Free: 6587M, Non-Taxable: 658M, Alloc Tax Rate: 0.0x
[381.882s][info][gc          ] GC(176) Pause Init Mark (unload classes) 0.219ms
[381.882s][info][gc,start    ] GC(176) Concurrent marking roots
[381.883s][info][gc,task     ] GC(176) Using 1 of 3 workers for concurrent marking roots
[381.884s][info][gc          ] GC(176) Concurrent marking roots 1.310ms
[381.884s][info][gc,start    ] GC(176) Concurrent marking (unload classes)
[381.884s][info][gc,task     ] GC(176) Using 1 of 3 workers for concurrent marking
[381.889s][info][gc          ] GC(176) Concurrent marking (unload classes) 4.828ms
[381.889s][info][gc,start    ] GC(176) Pause Final Mark (unload classes)
[381.889s][info][gc,task     ] GC(176) Using 3 of 3 workers for final marking
[381.889s][info][gc,ergo     ] GC(176) Collectable Garbage: 1167M (98%), Immediate: 1167M (98%), CSet: 0B (0%)
[381.889s][info][gc          ] GC(176) Pause Final Mark (unload classes) 0.311ms
[381.889s][info][gc,start    ] GC(176) Concurrent weak references
[381.889s][info][gc,task     ] GC(176) Using 1 of 3 workers for concurrent weak references
[381.889s][info][gc,ref      ] GC(176) Encountered references: Soft: 172, Weak: 989, Final: 0, Phantom: 41
[381.889s][info][gc,ref      ] GC(176) Discovered  references: Soft: 108, Weak: 219, Final: 0, Phantom: 24
[381.889s][info][gc,ref      ] GC(176) Enqueued    references: Soft: 4, Weak: 6, Final: 0, Phantom: 0
[381.889s][info][gc          ] GC(176) Concurrent weak references 0.178ms
[381.889s][info][gc,start    ] GC(176) Concurrent weak roots
[381.889s][info][gc,task     ] GC(176) Using 1 of 3 workers for concurrent weak root
[381.891s][info][gc          ] GC(176) Concurrent weak roots 1.523ms
[381.891s][info][gc,start    ] GC(176) Concurrent cleanup
[381.891s][info][gc          ] GC(176) Concurrent cleanup 1192M->25M(8192M) 0.060ms
[381.891s][info][gc,ergo     ] GC(176) Free: 7754M, Max: 4096K regular, 7388M humongous, Frag: 5% external, 0% internal; Reserve: 412M, Max: 4096K
[381.891s][info][gc,start    ] GC(176) Concurrent class unloading
[381.891s][info][gc,task     ] GC(176) Using 1 of 3 workers for concurrent class unloading
[381.897s][info][gc          ] GC(176) Concurrent class unloading 5.710ms
[381.897s][info][gc,start    ] GC(176) Pause Final Roots
[381.897s][info][gc          ] GC(176) Pause Final Roots 0.037ms
[381.897s][info][gc,ergo     ] Free: 7754M, Max: 4096K regular, 7388M humongous, Frag: 5% external, 0% internal; Reserve: 412M, Max: 4096K
[381.897s][info][gc,stats    ] 
[381.897s][info][gc,stats    ] All times are wall-clock times, except per-root-class counters, that are sum over
[381.897s][info][gc,stats    ] all workers. Dividing the <total> over the root stage time estimates parallelism.
[381.897s][info][gc,stats    ] 
[381.897s][info][gc,stats    ] Concurrent Reset                   4159 us
[381.897s][info][gc,stats    ] Pause Init Mark (G)                 371 us
[381.897s][info][gc,stats    ] Pause Init Mark (N)                 240 us
[381.897s][info][gc,stats    ]   Update Region States               75 us
[381.897s][info][gc,stats    ] Concurrent Mark Roots              1346 us, parallelism: 0.84x
[381.897s][info][gc,stats    ]   CMR: <total>                     1132 us
[381.897s][info][gc,stats    ]   CMR: Thread Roots                1035 us, workers (us): 1035, ---, ---, 
[381.897s][info][gc,stats    ]   CMR: VM Strong Roots                9 us, workers (us):   9, ---, ---, 
[381.897s][info][gc,stats    ]   CMR: CLDG Roots                    89 us, workers (us):  89, ---, ---, 
[381.897s][info][gc,stats    ] Concurrent Marking                 4896 us
[381.897s][info][gc,stats    ] Pause Final Mark (G)                455 us
[381.897s][info][gc,stats    ] Pause Final Mark (N)                333 us
[381.897s][info][gc,stats    ]   Finish Mark                       100 us
[381.897s][info][gc,stats    ]   Update Region States               54 us
[381.897s][info][gc,stats    ]   Choose Collection Set              53 us
[381.897s][info][gc,stats    ]   Rebuild Free Set                   21 us
[381.897s][info][gc,stats    ] Concurrent Weak References          195 us, parallelism: 0.06x
[381.897s][info][gc,stats    ]   CWRF: <total>                      12 us
[381.897s][info][gc,stats    ]   CWRF: Weak References              12 us, workers (us):  12, ---, ---, 
[381.897s][info][gc,stats    ] Concurrent Weak Roots              1560 us
[381.897s][info][gc,stats    ]   Roots                            1397 us, parallelism: 0.92x
[381.897s][info][gc,stats    ]     CWR: <total>                   1292 us
[381.897s][info][gc,stats    ]     CWR: Code Cache Roots          1049 us, workers (us): 1049, ---, ---, 
[381.897s][info][gc,stats    ]     CWR: VM Weak Roots              234 us, workers (us): 234, ---, ---, 
[381.897s][info][gc,stats    ]     CWR: CLDG Roots                   9 us, workers (us):   9, ---, ---, 
[381.897s][info][gc,stats    ]   Rendezvous                         92 us
[381.897s][info][gc,stats    ] Concurrent Cleanup                   77 us
[381.897s][info][gc,stats    ] Concurrent Class Unloading         5765 us
[381.897s][info][gc,stats    ]   Unlink Stale                     5307 us
[381.897s][info][gc,stats    ]     System Dictionary                91 us
[381.897s][info][gc,stats    ]     Weak Class Links               1922 us
[381.897s][info][gc,stats    ]     Code Roots                     3292 us
[381.897s][info][gc,stats    ]   Rendezvous                        125 us
[381.897s][info][gc,stats    ]   Purge Unlinked                    244 us
[381.897s][info][gc,stats    ]     Code Roots                      222 us
[381.897s][info][gc,stats    ]     CLDG                             21 us
[381.897s][info][gc,stats    ]     Exception Caches                  0 us
[381.897s][info][gc,stats    ] Pause Final Roots (G)               100 us
[381.897s][info][gc,stats    ] Pause Final Roots (N)                46 us
[381.897s][info][gc,stats    ] 
[381.897s][info][gc,stats    ] Allocation pacing accrued:
[381.897s][info][gc,stats    ]       0 of   212 ms (  0.0%): <total>
[381.897s][info][gc,stats    ]       0 of   212 ms (  0.0%): <average total>
[381.897s][info][gc,stats    ] 
[381.897s][info][gc,metaspace] Metaspace: 16591K(16832K)->16587K(16832K) NonClass: 14243K(14336K)->14239K(14336K) Class: 2348K(2496K)->2347K(2496K)
[381.897s][info][gc,ergo     ] Pacer for Idle. Initial: 163M, Alloc Tax Rate: 1.0x
[383.311s][info][gc          ] Trigger: Average GC time (2044.25 ms) is above the time for instantaneous allocation rate (3626 MB/s) to deplete free headroom (6885M) (spike threshold = 1.65)
[383.311s][info][gc,ergo     ] Free: 7291M, Max: 4096K regular, 7240M humongous, Frag: 0% external, 0% internal; Reserve: 412M, Max: 4096K
[383.311s][info][gc,start    ] GC(177) Concurrent reset
[383.311s][info][gc,task     ] GC(177) Using 1 of 3 workers for concurrent reset
[383.311s][info][gc,ergo     ] GC(177) Pacer for Reset. Non-Taxable: 8192M
[383.312s][info][gc          ] GC(177) Concurrent reset 0.446ms
[383.312s][info][gc,start    ] GC(177) Pause Init Mark (unload classes)
[383.312s][info][gc,task     ] GC(177) Using 3 of 3 workers for init marking
[383.312s][info][gc,ergo     ] GC(177) Pacer for Mark. Expected Live: 79317K, Free: 7290M, Non-Taxable: 729M, Alloc Tax Rate: 0.0x
[383.312s][info][gc          ] GC(177) Pause Init Mark (unload classes) 0.112ms
[383.327s][info][gc,start    ] GC(177) Concurrent marking roots
[383.327s][info][gc,task     ] GC(177) Using 1 of 3 workers for concurrent marking roots
[383.328s][info][gc          ] GC(177) Concurrent marking roots 0.810ms
[383.328s][info][gc,start    ] GC(177) Concurrent marking (unload classes)
[383.328s][info][gc,task     ] GC(177) Using 1 of 3 workers for concurrent marking
[383.343s][info][gc          ] GC(177) Concurrent marking (unload classes) 15.032ms
[383.343s][info][gc,start    ] GC(177) Pause Final Mark (unload classes)
[383.343s][info][gc,task     ] GC(177) Using 3 of 3 workers for final marking
[383.343s][info][gc,ergo     ] GC(177) Adaptive CSet Selection. Target Free: 1160M, Actual Free: 7841M, Max CSet: 341M, Min Garbage: 0B
[383.343s][info][gc,ergo     ] GC(177) Collectable Garbage: 480M (99%), Immediate: 349M (71%), CSet: 131M (27%)
[383.343s][info][gc,ergo     ] GC(177) Pacer for Evacuation. Used CSet: 132M, Free: 7479M, Non-Taxable: 747M, Alloc Tax Rate: 1.1x
[383.343s][info][gc          ] GC(177) Pause Final Mark (unload classes) 0.296ms
[383.343s][info][gc,start    ] GC(177) Concurrent thread roots
[383.343s][info][gc,task     ] GC(177) Using 1 of 3 workers for Concurrent thread roots
[383.344s][info][gc          ] GC(177) Concurrent thread roots 0.639ms
[383.344s][info][gc,start    ] GC(177) Concurrent weak references
[383.344s][info][gc,task     ] GC(177) Using 1 of 3 workers for concurrent weak references
[383.344s][info][gc,ref      ] GC(177) Encountered references: Soft: 173, Weak: 995, Final: 0, Phantom: 41
[383.344s][info][gc,ref      ] GC(177) Discovered  references: Soft: 0, Weak: 206, Final: 0, Phantom: 24
[383.344s][info][gc,ref      ] GC(177) Enqueued    references: Soft: 0, Weak: 4, Final: 0, Phantom: 0
[383.344s][info][gc          ] GC(177) Concurrent weak references 0.078ms
[383.344s][info][gc,start    ] GC(177) Concurrent weak roots
[383.344s][info][gc,task     ] GC(177) Using 1 of 3 workers for concurrent weak root
[383.346s][info][gc          ] GC(177) Concurrent weak roots 1.494ms
[383.346s][info][gc,start    ] GC(177) Concurrent cleanup
[383.346s][info][gc          ] GC(177) Concurrent cleanup 669M->320M(8192M) 0.033ms
[383.346s][info][gc,ergo     ] GC(177) Free: 7459M, Max: 4096K regular, 7068M humongous, Frag: 5% external, 0% internal; Reserve: 411M, Max: 4096K
[383.346s][info][gc,start    ] GC(177) Concurrent class unloading
[383.346s][info][gc,task     ] GC(177) Using 1 of 3 workers for concurrent class unloading
[383.359s][info][gc          ] GC(177) Concurrent class unloading 12.853ms
[383.359s][info][gc,start    ] GC(177) Concurrent strong roots
[383.359s][info][gc,task     ] GC(177) Using 1 of 3 workers for concurrent strong root
[383.359s][info][gc          ] GC(177) Concurrent strong roots 0.098ms
[383.359s][info][gc,start    ] GC(177) Concurrent evacuation
[383.359s][info][gc,task     ] GC(177) Using 1 of 3 workers for concurrent evacuation
[383.360s][info][gc          ] GC(177) Concurrent evacuation 0.914ms
[383.360s][info][gc,start    ] GC(177) Pause Init Update Refs
[383.360s][info][gc,ergo     ] GC(177) Pacer for Update Refs. Used: 368M, Free: 7411M, Non-Taxable: 741M, Alloc Tax Rate: 1.1x
[383.360s][info][gc          ] GC(177) Pause Init Update Refs 0.032ms
[383.378s][info][gc,start    ] GC(177) Concurrent update references
[383.379s][info][gc,task     ] GC(177) Using 1 of 3 workers for concurrent reference update
[383.449s][info][gc          ] GC(177) Concurrent update references 70.159ms
[383.449s][info][gc,start    ] GC(177) Concurrent update thread roots
[383.449s][info][gc          ] GC(177) Concurrent update thread roots 0.612ms
[383.449s][info][gc,start    ] GC(177) Pause Final Update Refs
[383.449s][info][gc,task     ] GC(177) Using 3 of 3 workers for final reference update
[383.449s][info][gc          ] GC(177) Pause Final Update Refs 0.099ms
[383.453s][info][gc,start    ] GC(177) Concurrent cleanup
[383.453s][info][gc          ] GC(177) Concurrent cleanup 664M->552M(8192M) 0.089ms
[383.453s][info][gc,ergo     ] Free: 7227M, Max: 4096K regular, 7064M humongous, Frag: 2% external, 0% internal; Reserve: 412M, Max: 4096K
[383.453s][info][gc,stats    ] 
[383.453s][info][gc,stats    ] All times are wall-clock times, except per-root-class counters, that are sum over
[383.453s][info][gc,stats    ] all workers. Dividing the <total> over the root stage time estimates parallelism.
[383.453s][info][gc,stats    ] 
[383.453s][info][gc,stats    ] Concurrent Reset                    466 us
[383.453s][info][gc,stats    ] Pause Init Mark (G)               15008 us
[383.453s][info][gc,stats    ] Pause Init Mark (N)                 122 us
[383.453s][info][gc,stats    ]   Update Region States               31 us
[383.453s][info][gc,stats    ] Concurrent Mark Roots               833 us, parallelism: 0.77x
[383.453s][info][gc,stats    ]   CMR: <total>                      641 us
[383.453s][info][gc,stats    ]   CMR: Thread Roots                 577 us, workers (us): 577, ---, ---, 
[383.453s][info][gc,stats    ]   CMR: VM Strong Roots                7 us, workers (us):   7, ---, ---, 
[383.453s][info][gc,stats    ]   CMR: CLDG Roots                    57 us, workers (us):  57, ---, ---, 
[383.453s][info][gc,stats    ] Concurrent Marking                15144 us
[383.453s][info][gc,stats    ] Pause Final Mark (G)                479 us
[383.453s][info][gc,stats    ] Pause Final Mark (N)                310 us
[383.453s][info][gc,stats    ]   Finish Mark                        52 us
[383.453s][info][gc,stats    ]   Update Region States               66 us
[383.453s][info][gc,stats    ]   Choose Collection Set             119 us
[383.453s][info][gc,stats    ]   Rebuild Free Set                    8 us
[383.453s][info][gc,stats    ] Concurrent Thread Roots             657 us, parallelism: 0.89x
[383.453s][info][gc,stats    ]   CTR: <total>                      585 us
[383.453s][info][gc,stats    ]   CTR: Thread Roots                 585 us, workers (us): 585, ---, ---, 
[383.453s][info][gc,stats    ] Concurrent Weak References           85 us, parallelism: 0.21x
[383.453s][info][gc,stats    ]   CWRF: <total>                      18 us
[383.453s][info][gc,stats    ]   CWRF: Weak References              18 us, workers (us):  18, ---, ---, 
[383.453s][info][gc,stats    ] Concurrent Weak Roots              1543 us
[383.453s][info][gc,stats    ]   Roots                            1172 us, parallelism: 0.97x
[383.453s][info][gc,stats    ]     CWR: <total>                   1134 us
[383.453s][info][gc,stats    ]     CWR: Code Cache Roots           945 us, workers (us): 945, ---, ---, 
[383.453s][info][gc,stats    ]     CWR: VM Weak Roots              177 us, workers (us): 177, ---, ---, 
[383.453s][info][gc,stats    ]     CWR: CLDG Roots                  13 us, workers (us):  13, ---, ---, 
[383.453s][info][gc,stats    ]   Rendezvous                        301 us
[383.453s][info][gc,stats    ] Concurrent Cleanup                   42 us
[383.453s][info][gc,stats    ] Concurrent Class Unloading        12923 us
[383.453s][info][gc,stats    ]   Unlink Stale                     3589 us
[383.453s][info][gc,stats    ]     System Dictionary                10 us
[383.453s][info][gc,stats    ]     Weak Class Links                  0 us
[383.453s][info][gc,stats    ]     Code Roots                     3577 us
[383.453s][info][gc,stats    ]   Rendezvous                       8856 us
[383.453s][info][gc,stats    ]   Purge Unlinked                    384 us
[383.453s][info][gc,stats    ]     Code Roots                      374 us
[383.453s][info][gc,stats    ]     CLDG                              8 us
[383.453s][info][gc,stats    ]     Exception Caches                  1 us
[383.453s][info][gc,stats    ] Concurrent Strong Roots             108 us, parallelism: 0.46x
[383.453s][info][gc,stats    ]   CSR: <total>                       50 us
[383.453s][info][gc,stats    ]   CSR: VM Strong Roots                2 us, workers (us):   2, ---, ---, 
[383.453s][info][gc,stats    ]   CSR: CLDG Roots                    47 us, workers (us):  47, ---, ---, 
[383.453s][info][gc,stats    ] Concurrent Evacuation               934 us
[383.453s][info][gc,stats    ] Pause Init Update Refs (G)        18790 us
[383.453s][info][gc,stats    ] Pause Init Update Refs (N)           41 us
[383.453s][info][gc,stats    ]   Manage GCLABs                       4 us
[383.453s][info][gc,stats    ] Concurrent Update Refs            70238 us
[383.453s][info][gc,stats    ] Concurrent Update Thread Roots      628 us
[383.453s][info][gc,stats    ] Pause Final Update Refs (G)        3369 us
[383.453s][info][gc,stats    ] Pause Final Update Refs (N)         141 us
[383.453s][info][gc,stats    ]   Update Region States               48 us
[383.453s][info][gc,stats    ]   Trash Collection Set                3 us
[383.453s][info][gc,stats    ]   Rebuild Free Set                   15 us
[383.453s][info][gc,stats    ] Concurrent Cleanup                  101 us
[383.453s][info][gc,stats    ] 
[383.453s][info][gc,stats    ] Allocation pacing accrued:
[383.453s][info][gc,stats    ]       0 of  1556 ms (  0.0%): <total>
[383.453s][info][gc,stats    ]       0 of  1556 ms (  0.0%): <average total>
[383.453s][info][gc,stats    ] 
[383.453s][info][gc,metaspace] Metaspace: 16591K(16832K)->16591K(16832K) NonClass: 14243K(14336K)->14243K(14336K) Class: 2348K(2496K)->2348K(2496K)
[383.453s][info][gc,ergo     ] Pacer for Idle. Initial: 163M, Alloc Tax Rate: 1.0x
[383.578s][info][gc          ] Trigger: Average GC time (1464.55 ms) is above the time for average allocation rate (4287 MB/s) to deplete free headroom (6133M) (margin of error = 1.81)
[383.578s][info][gc,ergo     ] Free headroom: 6543M (free) - 409M (spike) - 0B (penalties) = 6133M
[383.578s][info][gc,ergo     ] Free: 6543M, Max: 4096K regular, 6492M humongous, Frag: 0% external, 0% internal; Reserve: 412M, Max: 4096K
[383.578s][info][gc,start    ] GC(178) Concurrent reset
[383.578s][info][gc,task     ] GC(178) Using 1 of 3 workers for concurrent reset
[383.578s][info][gc,ergo     ] GC(178) Pacer for Reset. Non-Taxable: 8192M
[383.579s][info][gc          ] GC(178) Concurrent reset 0.971ms
[383.579s][info][gc,start    ] GC(178) Pause Init Mark (unload classes)
[383.580s][info][gc,task     ] GC(178) Using 3 of 3 workers for init marking
[383.580s][info][gc,ergo     ] GC(178) Pacer for Mark. Expected Live: 79366K, Free: 6535M, Non-Taxable: 653M, Alloc Tax Rate: 0.0x
[383.580s][info][gc          ] GC(178) Pause Init Mark (unload classes) 0.159ms
[383.610s][info][gc,start    ] GC(178) Concurrent marking roots
[383.610s][info][gc,task     ] GC(178) Using 1 of 3 workers for concurrent marking roots
[383.611s][info][gc          ] GC(178) Concurrent marking roots 0.742ms
[383.611s][info][gc,start    ] GC(178) Concurrent marking (unload classes)
[383.611s][info][gc,task     ] GC(178) Using 1 of 3 workers for concurrent marking
[383.630s][info][gc          ] GC(178) Concurrent marking (unload classes) 18.804ms
[383.630s][info][gc,start    ] GC(178) Pause Final Mark (unload classes)
[383.630s][info][gc,task     ] GC(178) Using 3 of 3 workers for final marking
[383.630s][info][gc,ergo     ] GC(178) Adaptive CSet Selection. Target Free: 1160M, Actual Free: 7760M, Max CSet: 341M, Min Garbage: 0B
[383.630s][info][gc,ergo     ] GC(178) Collectable Garbage: 1235M (99%), Immediate: 1096M (88%), CSet: 139M (11%)
[383.630s][info][gc,ergo     ] GC(178) Pacer for Evacuation. Used CSet: 140M, Free: 7399M, Non-Taxable: 739M, Alloc Tax Rate: 1.1x
[383.630s][info][gc          ] GC(178) Pause Final Mark (unload classes) 0.263ms
[383.643s][info][gc,start    ] GC(178) Concurrent thread roots
[383.643s][info][gc,task     ] GC(178) Using 1 of 3 workers for Concurrent thread roots
[383.644s][info][gc          ] GC(178) Concurrent thread roots 0.623ms
[383.644s][info][gc,start    ] GC(178) Concurrent weak references
[383.644s][info][gc,task     ] GC(178) Using 1 of 3 workers for concurrent weak references
[383.644s][info][gc,ref      ] GC(178) Encountered references: Soft: 173, Weak: 991, Final: 0, Phantom: 41
[383.644s][info][gc,ref      ] GC(178) Discovered  references: Soft: 0, Weak: 202, Final: 0, Phantom: 24
[383.644s][info][gc,ref      ] GC(178) Enqueued    references: Soft: 0, Weak: 0, Final: 0, Phantom: 0
[383.644s][info][gc          ] GC(178) Concurrent weak references 0.074ms
[383.644s][info][gc,start    ] GC(178) Concurrent weak roots
[383.644s][info][gc,task     ] GC(178) Using 1 of 3 workers for concurrent weak root
[383.661s][info][gc          ] GC(178) Concurrent weak roots 16.541ms
[383.661s][info][gc,start    ] GC(178) Concurrent cleanup
[383.661s][info][gc          ] GC(178) Concurrent cleanup 1588M->492M(8192M) 0.071ms
[383.661s][info][gc,ergo     ] GC(178) Free: 7287M, Max: 4096K regular, 6140M humongous, Frag: 16% external, 0% internal; Reserve: 411M, Max: 4096K
[383.661s][info][gc,start    ] GC(178) Concurrent class unloading
[383.661s][info][gc,task     ] GC(178) Using 1 of 3 workers for concurrent class unloading
[383.677s][info][gc          ] GC(178) Concurrent class unloading 15.972ms
[383.677s][info][gc,start    ] GC(178) Concurrent strong roots
[383.677s][info][gc,task     ] GC(178) Using 1 of 3 workers for concurrent strong root
[383.677s][info][gc          ] GC(178) Concurrent strong roots 0.106ms
[383.677s][info][gc,start    ] GC(178) Concurrent evacuation
[383.677s][info][gc,task     ] GC(178) Using 1 of 3 workers for concurrent evacuation
[383.678s][info][gc          ] GC(178) Concurrent evacuation 0.866ms
[383.678s][info][gc,start    ] GC(178) Pause Init Update Refs
[383.678s][info][gc,ergo     ] GC(178) Pacer for Update Refs. Used: 560M, Free: 7219M, Non-Taxable: 721M, Alloc Tax Rate: 1.1x
[383.678s][info][gc          ] GC(178) Pause Init Update Refs 0.066ms
[383.714s][info][gc,start    ] GC(178) Concurrent update references
[383.714s][info][gc,task     ] GC(178) Using 1 of 3 workers for concurrent reference update
[383.816s][info][gc          ] GC(178) Concurrent update references 101.492ms
[383.816s][info][gc,start    ] GC(178) Concurrent update thread roots
[383.817s][info][gc          ] GC(178) Concurrent update thread roots 0.636ms
[383.817s][info][gc,start    ] GC(178) Pause Final Update Refs
[383.817s][info][gc,task     ] GC(178) Using 3 of 3 workers for final reference update
[383.817s][info][gc          ] GC(178) Pause Final Update Refs 0.081ms
[383.818s][info][gc,start    ] GC(178) Concurrent cleanup
[383.818s][info][gc          ] GC(178) Concurrent cleanup 1020M->884M(8192M) 0.042ms
[383.818s][info][gc,ergo     ] Free: 6895M, Max: 4096K regular, 6136M humongous, Frag: 11% external, 0% internal; Reserve: 412M, Max: 4096K
[383.818s][info][gc,stats    ] 
[383.818s][info][gc,stats    ] All times are wall-clock times, except per-root-class counters, that are sum over
[383.818s][info][gc,stats    ] all workers. Dividing the <total> over the root stage time estimates parallelism.
[383.818s][info][gc,stats    ] 
[383.818s][info][gc,stats    ] Concurrent Reset                   1039 us
[383.818s][info][gc,stats    ] Pause Init Mark (G)               30736 us
[383.818s][info][gc,stats    ] Pause Init Mark (N)                 169 us
[383.818s][info][gc,stats    ]   Update Region States               54 us
[383.818s][info][gc,stats    ] Concurrent Mark Roots               761 us, parallelism: 0.75x
[383.818s][info][gc,stats    ]   CMR: <total>                      572 us
[383.818s][info][gc,stats    ]   CMR: Thread Roots                 512 us, workers (us): 512, ---, ---, 
[383.818s][info][gc,stats    ]   CMR: VM Strong Roots                8 us, workers (us):   8, ---, ---, 
[383.818s][info][gc,stats    ]   CMR: CLDG Roots                    52 us, workers (us):  52, ---, ---, 
[383.818s][info][gc,stats    ] Concurrent Marking                18878 us
[383.818s][info][gc,stats    ] Pause Final Mark (G)              13654 us
[383.818s][info][gc,stats    ] Pause Final Mark (N)                272 us
[383.818s][info][gc,stats    ]   Finish Mark                        66 us
[383.818s][info][gc,stats    ]   Update Region States               51 us
[383.818s][info][gc,stats    ]   Choose Collection Set              59 us
[383.818s][info][gc,stats    ]   Rebuild Free Set                    8 us
[383.818s][info][gc,stats    ] Concurrent Thread Roots             641 us, parallelism: 0.77x
[383.818s][info][gc,stats    ]   CTR: <total>                      491 us
[383.818s][info][gc,stats    ]   CTR: Thread Roots                 491 us, workers (us): 491, ---, ---, 
[383.818s][info][gc,stats    ] Concurrent Weak References           81 us, parallelism: 0.22x
[383.818s][info][gc,stats    ]   CWRF: <total>                      18 us
[383.818s][info][gc,stats    ]   CWRF: Weak References              18 us, workers (us):  18, ---, ---, 
[383.818s][info][gc,stats    ] Concurrent Weak Roots             16627 us
[383.818s][info][gc,stats    ]   Roots                            1194 us, parallelism: 0.96x
[383.818s][info][gc,stats    ]     CWR: <total>                   1151 us
[383.818s][info][gc,stats    ]     CWR: Code Cache Roots          1004 us, workers (us): 1004, ---, ---, 
[383.818s][info][gc,stats    ]     CWR: VM Weak Roots              137 us, workers (us): 137, ---, ---, 
[383.818s][info][gc,stats    ]     CWR: CLDG Roots                  10 us, workers (us):  10, ---, ---, 
[383.818s][info][gc,stats    ]   Rendezvous                      15324 us
[383.818s][info][gc,stats    ] Concurrent Cleanup                   81 us
[383.818s][info][gc,stats    ] Concurrent Class Unloading        16053 us
[383.818s][info][gc,stats    ]   Unlink Stale                     3853 us
[383.818s][info][gc,stats    ]     System Dictionary                15 us
[383.818s][info][gc,stats    ]     Weak Class Links                  0 us
[383.818s][info][gc,stats    ]     Code Roots                     3835 us
[383.818s][info][gc,stats    ]   Rendezvous                      11735 us
[383.818s][info][gc,stats    ]   Purge Unlinked                    350 us
[383.818s][info][gc,stats    ]     Code Roots                      342 us
[383.818s][info][gc,stats    ]     CLDG                              7 us
[383.818s][info][gc,stats    ]     Exception Caches                  0 us
[383.818s][info][gc,stats    ] Concurrent Strong Roots             123 us, parallelism: 0.36x
[383.818s][info][gc,stats    ]   CSR: <total>                       44 us
[383.818s][info][gc,stats    ]   CSR: VM Strong Roots                4 us, workers (us):   4, ---, ---, 
[383.818s][info][gc,stats    ]   CSR: CLDG Roots                    41 us, workers (us):  41, ---, ---, 
[383.818s][info][gc,stats    ] Concurrent Evacuation               916 us
[383.818s][info][gc,stats    ] Pause Init Update Refs (G)        36388 us
[383.818s][info][gc,stats    ] Pause Init Update Refs (N)           75 us
[383.818s][info][gc,stats    ]   Manage GCLABs                       3 us
[383.818s][info][gc,stats    ] Concurrent Update Refs           101565 us
[383.818s][info][gc,stats    ] Concurrent Update Thread Roots      653 us
[383.818s][info][gc,stats    ] Pause Final Update Refs (G)        1214 us
[383.818s][info][gc,stats    ] Pause Final Update Refs (N)         120 us
[383.818s][info][gc,stats    ]   Update Region States               37 us
[383.818s][info][gc,stats    ]   Trash Collection Set                3 us
[383.818s][info][gc,stats    ]   Rebuild Free Set                   18 us
[383.818s][info][gc,stats    ] Concurrent Cleanup                   53 us
[383.818s][info][gc,stats    ] 
[383.818s][info][gc,stats    ] Allocation pacing accrued:
[383.818s][info][gc,stats    ]       0 of   365 ms (  0.0%): <total>
[383.818s][info][gc,stats    ]       0 of   365 ms (  0.0%): <average total>
[383.818s][info][gc,stats    ] 
[383.818s][info][gc,metaspace] Metaspace: 16591K(16832K)->16591K(16832K) NonClass: 14243K(14336K)->14243K(14336K) Class: 2348K(2496K)->2348K(2496K)
[383.818s][info][gc,ergo     ] Pacer for Idle. Initial: 163M, Alloc Tax Rate: 1.0x
[387.387s][info][gc          ] Trigger: Learning 4 of 5. Free (5723M) is below initial threshold (5734M)
[387.387s][info][gc,ergo     ] Free: 5723M, Max: 4096K regular, 5668M humongous, Frag: 0% external, 0% internal; Reserve: 412M, Max: 4096K
[387.387s][info][gc,start    ] GC(179) Concurrent reset
[387.387s][info][gc,task     ] GC(179) Using 1 of 3 workers for concurrent reset
[387.387s][info][gc,ergo     ] GC(179) Pacer for Reset. Non-Taxable: 8192M
[387.388s][info][gc          ] GC(179) Concurrent reset 0.737ms
[387.388s][info][gc,start    ] GC(179) Pause Init Mark (unload classes)
[387.388s][info][gc,task     ] GC(179) Using 3 of 3 workers for init marking
[387.388s][info][gc,ergo     ] GC(179) Pacer for Mark. Expected Live: 79360K, Free: 5719M, Non-Taxable: 571M, Alloc Tax Rate: 0.0x
[387.388s][info][gc          ] GC(179) Pause Init Mark (unload classes) 0.177ms
[387.388s][info][gc,start    ] GC(179) Concurrent marking roots
[387.388s][info][gc,task     ] GC(179) Using 1 of 3 workers for concurrent marking roots
[387.389s][info][gc          ] GC(179) Concurrent marking roots 1.172ms
[387.389s][info][gc,start    ] GC(179) Concurrent marking (unload classes)
[387.389s][info][gc,task     ] GC(179) Using 1 of 3 workers for concurrent marking
[387.451s][info][gc          ] GC(179) Concurrent marking (unload classes) 61.799ms
[387.451s][info][gc,start    ] GC(179) Pause Final Mark (unload classes)
[387.451s][info][gc,task     ] GC(179) Using 3 of 3 workers for final marking
[387.451s][info][gc,ergo     ] GC(179) Collectable Garbage: 1960M (96%), Immediate: 1960M (96%), CSet: 0B (0%)
[387.451s][info][gc          ] GC(179) Pause Final Mark (unload classes) 0.244ms
[387.451s][info][gc,start    ] GC(179) Concurrent weak references
[387.451s][info][gc,task     ] GC(179) Using 1 of 3 workers for concurrent weak references
[387.452s][info][gc,ref      ] GC(179) Encountered references: Soft: 173, Weak: 997, Final: 0, Phantom: 41
[387.452s][info][gc,ref      ] GC(179) Discovered  references: Soft: 0, Weak: 213, Final: 0, Phantom: 24
[387.452s][info][gc,ref      ] GC(179) Enqueued    references: Soft: 0, Weak: 5, Final: 0, Phantom: 0
[387.452s][info][gc          ] GC(179) Concurrent weak references 0.157ms
[387.452s][info][gc,start    ] GC(179) Concurrent weak roots
[387.452s][info][gc,task     ] GC(179) Using 1 of 3 workers for concurrent weak root
[387.453s][info][gc          ] GC(179) Concurrent weak roots 1.185ms
[387.453s][info][gc,start    ] GC(179) Concurrent cleanup
[387.453s][info][gc          ] GC(179) Concurrent cleanup 2156M->196M(8192M) 0.048ms
[387.453s][info][gc,ergo     ] GC(179) Free: 7583M, Max: 4096K regular, 5572M humongous, Frag: 27% external, 0% internal; Reserve: 412M, Max: 4096K
[387.453s][info][gc,start    ] GC(179) Concurrent class unloading
[387.453s][info][gc,task     ] GC(179) Using 1 of 3 workers for concurrent class unloading
[387.456s][info][gc          ] GC(179) Concurrent class unloading 3.310ms
[387.456s][info][gc,start    ] GC(179) Pause Final Roots
[387.456s][info][gc          ] GC(179) Pause Final Roots 0.036ms
[387.456s][info][gc,ergo     ] Free: 7575M, Max: 4096K regular, 5572M humongous, Frag: 26% external, 0% internal; Reserve: 412M, Max: 4096K
[387.457s][info][gc,stats    ] 
[387.457s][info][gc,stats    ] All times are wall-clock times, except per-root-class counters, that are sum over
[387.457s][info][gc,stats    ] all workers. Dividing the <total> over the root stage time estimates parallelism.
[387.457s][info][gc,stats    ] 
[387.457s][info][gc,stats    ] Concurrent Reset                    761 us
[387.457s][info][gc,stats    ] Pause Init Mark (G)                 324 us
[387.457s][info][gc,stats    ] Pause Init Mark (N)                 194 us
[387.457s][info][gc,stats    ]   Update Region States               69 us
[387.457s][info][gc,stats    ] Concurrent Mark Roots              1200 us, parallelism: 0.89x
[387.457s][info][gc,stats    ]   CMR: <total>                     1065 us
[387.457s][info][gc,stats    ]   CMR: Thread Roots                 992 us, workers (us): 992, ---, ---, 
[387.457s][info][gc,stats    ]   CMR: VM Strong Roots                7 us, workers (us):   7, ---, ---, 
[387.457s][info][gc,stats    ]   CMR: CLDG Roots                    66 us, workers (us):  66, ---, ---, 
[387.457s][info][gc,stats    ] Concurrent Marking                61850 us
[387.457s][info][gc,stats    ] Pause Final Mark (G)                390 us
[387.457s][info][gc,stats    ] Pause Final Mark (N)                253 us
[387.457s][info][gc,stats    ]   Finish Mark                        92 us
[387.457s][info][gc,stats    ]   Update Region States               50 us
[387.457s][info][gc,stats    ]   Choose Collection Set              36 us
[387.457s][info][gc,stats    ]   Rebuild Free Set                    8 us
[387.457s][info][gc,stats    ] Concurrent Weak References          164 us, parallelism: 0.04x
[387.457s][info][gc,stats    ]   CWRF: <total>                       7 us
[387.457s][info][gc,stats    ]   CWRF: Weak References               7 us, workers (us):   7, ---, ---, 
[387.457s][info][gc,stats    ] Concurrent Weak Roots              1219 us
[387.457s][info][gc,stats    ]   Roots                            1138 us, parallelism: 0.92x
[387.457s][info][gc,stats    ]     CWR: <total>                   1053 us
[387.457s][info][gc,stats    ]     CWR: Code Cache Roots           825 us, workers (us): 825, ---, ---, 
[387.457s][info][gc,stats    ]     CWR: VM Weak Roots              219 us, workers (us): 219, ---, ---, 
[387.457s][info][gc,stats    ]     CWR: CLDG Roots                   8 us, workers (us):   8, ---, ---, 
[387.457s][info][gc,stats    ]   Rendezvous                         30 us
[387.457s][info][gc,stats    ] Concurrent Cleanup                   56 us
[387.457s][info][gc,stats    ] Concurrent Class Unloading         3374 us
[387.457s][info][gc,stats    ]   Unlink Stale                     3020 us
[387.457s][info][gc,stats    ]     System Dictionary                 9 us
[387.457s][info][gc,stats    ]     Weak Class Links                  0 us
[387.457s][info][gc,stats    ]     Code Roots                     3009 us
[387.457s][info][gc,stats    ]   Rendezvous                         42 us
[387.457s][info][gc,stats    ]   Purge Unlinked                    228 us
[387.457s][info][gc,stats    ]     Code Roots                      218 us
[387.457s][info][gc,stats    ]     CLDG                              9 us
[387.457s][info][gc,stats    ]     Exception Caches                  0 us
[387.457s][info][gc,stats    ] Pause Final Roots (G)               134 us
[387.457s][info][gc,stats    ] Pause Final Roots (N)                53 us
[387.457s][info][gc,stats    ] 
[387.457s][info][gc,stats    ] Allocation pacing accrued:
[387.457s][info][gc,stats    ]       0 of  3639 ms (  0.0%): <total>
[387.457s][info][gc,stats    ]       0 of  3639 ms (  0.0%): <average total>
[387.457s][info][gc,stats    ] 
[387.457s][info][gc,metaspace] Metaspace: 16591K(16832K)->16591K(16832K) NonClass: 14243K(14336K)->14243K(14336K) Class: 2348K(2496K)->2348K(2496K)
[387.457s][info][gc,ergo     ] Pacer for Idle. Initial: 163M, Alloc Tax Rate: 1.0x
[389.647s][info][gc          ] Trigger: Explicit GC request (System.gc())
[389.648s][info][gc,ergo     ] Free: 6083M, Max: 4096K regular, 5572M humongous, Frag: 8% external, 0% internal; Reserve: 412M, Max: 4096K
[389.648s][info][gc,start    ] GC(180) Concurrent reset
[389.648s][info][gc,task     ] GC(180) Using 1 of 3 workers for concurrent reset
[389.648s][info][gc,ergo     ] GC(180) Pacer for Reset. Non-Taxable: 8192M
[389.648s][info][gc          ] GC(180) Concurrent reset 0.647ms
[389.648s][info][gc,start    ] GC(180) Pause Init Mark (unload classes)
[389.648s][info][gc,task     ] GC(180) Using 3 of 3 workers for init marking
[389.649s][info][gc,ref      ] GC(180) Clearing All SoftReferences
[389.649s][info][gc,ergo     ] GC(180) Pacer for Mark. Expected Live: 85351K, Free: 6083M, Non-Taxable: 608M, Alloc Tax Rate: 0.0x
[389.649s][info][gc          ] GC(180) Pause Init Mark (unload classes) 0.215ms
[389.649s][info][gc,start    ] GC(180) Concurrent marking roots
[389.649s][info][gc,task     ] GC(180) Using 1 of 3 workers for concurrent marking roots
[389.650s][info][gc          ] GC(180) Concurrent marking roots 1.100ms
[389.650s][info][gc,start    ] GC(180) Concurrent marking (unload classes)
[389.650s][info][gc,task     ] GC(180) Using 1 of 3 workers for concurrent marking
[389.654s][info][gc          ] GC(180) Concurrent marking (unload classes) 4.356ms
[389.654s][info][gc,start    ] GC(180) Pause Final Mark (unload classes)
[389.654s][info][gc,task     ] GC(180) Using 3 of 3 workers for final marking
[389.655s][info][gc,ergo     ] GC(180) Collectable Garbage: 1668M (98%), Immediate: 1668M (98%), CSet: 0B (0%)
[389.655s][info][gc          ] GC(180) Pause Final Mark (unload classes) 0.572ms
[389.655s][info][gc,start    ] GC(180) Concurrent weak references
[389.655s][info][gc,task     ] GC(180) Using 1 of 3 workers for concurrent weak references
[389.655s][info][gc,ref      ] GC(180) Encountered references: Soft: 172, Weak: 993, Final: 0, Phantom: 41
[389.655s][info][gc,ref      ] GC(180) Discovered  references: Soft: 108, Weak: 221, Final: 0, Phantom: 24
[389.655s][info][gc,ref      ] GC(180) Enqueued    references: Soft: 4, Weak: 8, Final: 0, Phantom: 0
[389.655s][info][gc          ] GC(180) Concurrent weak references 0.166ms
[389.655s][info][gc,start    ] GC(180) Concurrent weak roots
[389.655s][info][gc,task     ] GC(180) Using 1 of 3 workers for concurrent weak root
[389.656s][info][gc          ] GC(180) Concurrent weak roots 1.027ms
[389.656s][info][gc,start    ] GC(180) Concurrent cleanup
[389.656s][info][gc          ] GC(180) Concurrent cleanup 1696M->28M(8192M) 0.047ms
[389.656s][info][gc,ergo     ] GC(180) Free: 7751M, Max: 4096K regular, 5748M humongous, Frag: 26% external, 0% internal; Reserve: 412M, Max: 4096K
[389.656s][info][gc,start    ] GC(180) Concurrent class unloading
[389.656s][info][gc,task     ] GC(180) Using 1 of 3 workers for concurrent class unloading
[389.664s][info][gc          ] GC(180) Concurrent class unloading 7.398ms
[389.664s][info][gc,start    ] GC(180) Pause Final Roots
[389.664s][info][gc          ] GC(180) Pause Final Roots 0.052ms
[389.664s][info][gc,ergo     ] Free: 7751M, Max: 4096K regular, 5748M humongous, Frag: 26% external, 0% internal; Reserve: 412M, Max: 4096K
[389.664s][info][gc,stats    ] 
[389.664s][info][gc,stats    ] All times are wall-clock times, except per-root-class counters, that are sum over
[389.664s][info][gc,stats    ] all workers. Dividing the <total> over the root stage time estimates parallelism.
[389.664s][info][gc,stats    ] 
[389.664s][info][gc,stats    ] Concurrent Reset                    701 us
[389.664s][info][gc,stats    ] Pause Init Mark (G)                 342 us
[389.664s][info][gc,stats    ] Pause Init Mark (N)                 236 us
[389.664s][info][gc,stats    ]   Update Region States               83 us
[389.664s][info][gc,stats    ] Concurrent Mark Roots              1119 us, parallelism: 0.89x
[389.664s][info][gc,stats    ]   CMR: <total>                      990 us
[389.664s][info][gc,stats    ]   CMR: Thread Roots                 918 us, workers (us): 918, ---, ---, 
[389.664s][info][gc,stats    ]   CMR: VM Strong Roots                6 us, workers (us):   6, ---, ---, 
[389.664s][info][gc,stats    ]   CMR: CLDG Roots                    66 us, workers (us):  66, ---, ---, 
[389.664s][info][gc,stats    ] Concurrent Marking                 4417 us
[389.664s][info][gc,stats    ] Pause Final Mark (G)                713 us
[389.664s][info][gc,stats    ] Pause Final Mark (N)                597 us
[389.664s][info][gc,stats    ]   Finish Mark                       311 us
[389.664s][info][gc,stats    ]   Update Region States               80 us
[389.664s][info][gc,stats    ]   Choose Collection Set              81 us
[389.664s][info][gc,stats    ]   Rebuild Free Set                   21 us
[389.664s][info][gc,stats    ] Concurrent Weak References          174 us, parallelism: 0.08x
[389.664s][info][gc,stats    ]   CWRF: <total>                      13 us
[389.664s][info][gc,stats    ]   CWRF: Weak References              13 us, workers (us):  13, ---, ---, 
[389.664s][info][gc,stats    ] Concurrent Weak Roots              1074 us
[389.664s][info][gc,stats    ]   Roots                             934 us, parallelism: 0.93x
[389.664s][info][gc,stats    ]     CWR: <total>                    864 us
[389.664s][info][gc,stats    ]     CWR: Code Cache Roots           738 us, workers (us): 738, ---, ---, 
[389.664s][info][gc,stats    ]     CWR: VM Weak Roots              118 us, workers (us): 118, ---, ---, 
[389.664s][info][gc,stats    ]     CWR: CLDG Roots                   8 us, workers (us):   8, ---, ---, 
[389.664s][info][gc,stats    ]   Rendezvous                         75 us
[389.664s][info][gc,stats    ] Concurrent Cleanup                   56 us
[389.664s][info][gc,stats    ] Concurrent Class Unloading         7476 us
[389.664s][info][gc,stats    ]   Unlink Stale                     6695 us
[389.664s][info][gc,stats    ]     System Dictionary                68 us
[389.664s][info][gc,stats    ]     Weak Class Links               2159 us
[389.664s][info][gc,stats    ]     Code Roots                     4466 us
[389.664s][info][gc,stats    ]   Rendezvous                        281 us
[389.664s][info][gc,stats    ]   Purge Unlinked                    399 us
[389.664s][info][gc,stats    ]     Code Roots                      361 us
[389.664s][info][gc,stats    ]     CLDG                             37 us
[389.664s][info][gc,stats    ]     Exception Caches                  0 us
[389.664s][info][gc,stats    ] Pause Final Roots (G)               156 us
[389.664s][info][gc,stats    ] Pause Final Roots (N)                62 us
[389.664s][info][gc,stats    ] 
[389.664s][info][gc,stats    ] Allocation pacing accrued:
[389.664s][info][gc,stats    ]       0 of  2207 ms (  0.0%): <total>
[389.664s][info][gc,stats    ]       0 of  2207 ms (  0.0%): <average total>
[389.664s][info][gc,stats    ] 
[389.664s][info][gc,metaspace] Metaspace: 16591K(16832K)->16587K(16832K) NonClass: 14243K(14336K)->14239K(14336K) Class: 2348K(2496K)->2347K(2496K)
[389.664s][info][gc,ergo     ] Pacer for Idle. Initial: 163M, Alloc Tax Rate: 1.0x
[391.669s][info][gc          ] Trigger: Learning 2 of 5. Free (5655M) is below initial threshold (5734M)
[391.670s][info][gc,ergo     ] Free: 5655M, Max: 4096K regular, 5604M humongous, Frag: 0% external, 0% internal; Reserve: 412M, Max: 4096K
[391.670s][info][gc,start    ] GC(181) Concurrent reset
[391.670s][info][gc,task     ] GC(181) Using 1 of 3 workers for concurrent reset
[391.670s][info][gc,ergo     ] GC(181) Pacer for Reset. Non-Taxable: 8192M
[391.670s][info][gc          ] GC(181) Concurrent reset 0.345ms
[391.673s][info][gc,start    ] GC(181) Pause Init Mark (unload classes)
[391.673s][info][gc,task     ] GC(181) Using 3 of 3 workers for init marking
[391.673s][info][gc,ergo     ] GC(181) Pacer for Mark. Expected Live: 10473K, Free: 5635M, Non-Taxable: 563M, Alloc Tax Rate: 0.0x
[391.673s][info][gc          ] GC(181) Pause Init Mark (unload classes) 0.127ms
[391.687s][info][gc,start    ] GC(181) Concurrent marking roots
[391.687s][info][gc,task     ] GC(181) Using 1 of 3 workers for concurrent marking roots
[391.688s][info][gc          ] GC(181) Concurrent marking roots 0.710ms
[391.688s][info][gc,start    ] GC(181) Concurrent marking (unload classes)
[391.688s][info][gc,task     ] GC(181) Using 1 of 3 workers for concurrent marking
[391.712s][info][gc          ] GC(181) Concurrent marking (unload classes) 23.716ms
[391.712s][info][gc,start    ] GC(181) Pause Final Mark (unload classes)
[391.712s][info][gc,task     ] GC(181) Using 3 of 3 workers for final marking
[391.712s][info][gc,ergo     ] GC(181) Adaptive CSet Selection. Target Free: 1160M, Actual Free: 7728M, Max CSet: 341M, Min Garbage: 0B
[391.712s][info][gc,ergo     ] GC(181) Collectable Garbage: 2135M (99%), Immediate: 1928M (90%), CSet: 207M (9%)
[391.712s][info][gc,ergo     ] GC(181) Pacer for Evacuation. Used CSet: 208M, Free: 7367M, Non-Taxable: 736M, Alloc Tax Rate: 1.1x
[391.712s][info][gc          ] GC(181) Pause Final Mark (unload classes) 0.323ms
[391.717s][info][gc,start    ] GC(181) Concurrent thread roots
[391.717s][info][gc,task     ] GC(181) Using 1 of 3 workers for Concurrent thread roots
[391.718s][info][gc          ] GC(181) Concurrent thread roots 0.672ms
[391.718s][info][gc,start    ] GC(181) Concurrent weak references
[391.718s][info][gc,task     ] GC(181) Using 1 of 3 workers for concurrent weak references
[391.718s][info][gc,ref      ] GC(181) Encountered references: Soft: 173, Weak: 993, Final: 0, Phantom: 41
[391.718s][info][gc,ref      ] GC(181) Discovered  references: Soft: 0, Weak: 206, Final: 0, Phantom: 24
[391.718s][info][gc,ref      ] GC(181) Enqueued    references: Soft: 0, Weak: 5, Final: 0, Phantom: 0
[391.718s][info][gc          ] GC(181) Concurrent weak references 0.081ms
[391.718s][info][gc,start    ] GC(181) Concurrent weak roots
[391.718s][info][gc,task     ] GC(181) Using 1 of 3 workers for concurrent weak root
[391.720s][info][gc          ] GC(181) Concurrent weak roots 2.314ms
[391.720s][info][gc,start    ] GC(181) Concurrent cleanup
[391.720s][info][gc          ] GC(181) Concurrent cleanup 2384M->456M(8192M) 0.055ms
[391.720s][info][gc,ergo     ] GC(181) Free: 7323M, Max: 4096K regular, 5352M humongous, Frag: 27% external, 0% internal; Reserve: 411M, Max: 4096K
[391.720s][info][gc,start    ] GC(181) Concurrent class unloading
[391.720s][info][gc,task     ] GC(181) Using 1 of 3 workers for concurrent class unloading
[391.733s][info][gc          ] GC(181) Concurrent class unloading 12.955ms
[391.733s][info][gc,start    ] GC(181) Concurrent strong roots
[391.733s][info][gc,task     ] GC(181) Using 1 of 3 workers for concurrent strong root
[391.733s][info][gc          ] GC(181) Concurrent strong roots 0.107ms
[391.733s][info][gc,start    ] GC(181) Concurrent evacuation
[391.733s][info][gc,task     ] GC(181) Using 1 of 3 workers for concurrent evacuation
[391.735s][info][gc          ] GC(181) Concurrent evacuation 1.352ms
[391.735s][info][gc,start    ] GC(181) Pause Init Update Refs
[391.735s][info][gc,ergo     ] GC(181) Pacer for Update Refs. Used: 504M, Free: 7276M, Non-Taxable: 727M, Alloc Tax Rate: 1.1x
[391.735s][info][gc          ] GC(181) Pause Init Update Refs 0.116ms
[391.735s][info][gc,start    ] GC(181) Concurrent update references
[391.735s][info][gc,task     ] GC(181) Using 1 of 3 workers for concurrent reference update
[391.819s][info][gc          ] GC(181) Concurrent update references 83.928ms
[391.819s][info][gc,start    ] GC(181) Concurrent update thread roots
[391.820s][info][gc          ] GC(181) Concurrent update thread roots 0.610ms
[391.820s][info][gc,start    ] GC(181) Pause Final Update Refs
[391.820s][info][gc,task     ] GC(181) Using 3 of 3 workers for final reference update
[391.820s][info][gc          ] GC(181) Pause Final Update Refs 0.102ms
[391.827s][info][gc,start    ] GC(181) Concurrent cleanup
[391.827s][info][gc          ] GC(181) Concurrent cleanup 792M->612M(8192M) 0.151ms
[391.827s][info][gc,ergo     ] Free: 7167M, Max: 4096K regular, 5344M humongous, Frag: 25% external, 0% internal; Reserve: 412M, Max: 4096K
[391.827s][info][gc,stats    ] 
[391.827s][info][gc,stats    ] All times are wall-clock times, except per-root-class counters, that are sum over
[391.827s][info][gc,stats    ] all workers. Dividing the <total> over the root stage time estimates parallelism.
[391.827s][info][gc,stats    ] 
[391.827s][info][gc,stats    ] Concurrent Reset                    368 us
[391.827s][info][gc,stats    ] Pause Init Mark (G)               17282 us
[391.827s][info][gc,stats    ] Pause Init Mark (N)                 141 us
[391.827s][info][gc,stats    ]   Update Region States               49 us
[391.827s][info][gc,stats    ] Concurrent Mark Roots               736 us, parallelism: 0.77x
[391.827s][info][gc,stats    ]   CMR: <total>                      569 us
[391.827s][info][gc,stats    ]   CMR: Thread Roots                 511 us, workers (us): 511, ---, ---, 
[391.827s][info][gc,stats    ]   CMR: VM Strong Roots                6 us, workers (us):   6, ---, ---, 
[391.827s][info][gc,stats    ]   CMR: CLDG Roots                    52 us, workers (us):  52, ---, ---, 
[391.827s][info][gc,stats    ] Concurrent Marking                23799 us
[391.827s][info][gc,stats    ] Pause Final Mark (G)               5033 us
[391.827s][info][gc,stats    ] Pause Final Mark (N)                332 us
[391.827s][info][gc,stats    ]   Finish Mark                        72 us
[391.827s][info][gc,stats    ]   Update Region States               73 us
[391.827s][info][gc,stats    ]   Choose Collection Set              97 us
[391.827s][info][gc,stats    ]   Rebuild Free Set                    8 us
[391.827s][info][gc,stats    ] Concurrent Thread Roots             693 us, parallelism: 0.80x
[391.827s][info][gc,stats    ]   CTR: <total>                      557 us
[391.827s][info][gc,stats    ]   CTR: Thread Roots                 557 us, workers (us): 557, ---, ---, 
[391.827s][info][gc,stats    ] Concurrent Weak References           89 us, parallelism: 0.23x
[391.827s][info][gc,stats    ]   CWRF: <total>                      20 us
[391.827s][info][gc,stats    ]   CWRF: Weak References              20 us, workers (us):  20, ---, ---, 
[391.827s][info][gc,stats    ] Concurrent Weak Roots              2340 us
[391.827s][info][gc,stats    ]   Roots                            1318 us, parallelism: 0.96x
[391.827s][info][gc,stats    ]     CWR: <total>                   1263 us
[391.827s][info][gc,stats    ]     CWR: Code Cache Roots          1048 us, workers (us): 1048, ---, ---, 
[391.827s][info][gc,stats    ]     CWR: VM Weak Roots              205 us, workers (us): 205, ---, ---, 
[391.827s][info][gc,stats    ]     CWR: CLDG Roots                  11 us, workers (us):  11, ---, ---, 
[391.827s][info][gc,stats    ]   Rendezvous                        973 us
[391.827s][info][gc,stats    ] Concurrent Cleanup                   64 us
[391.827s][info][gc,stats    ] Concurrent Class Unloading        13029 us
[391.827s][info][gc,stats    ]   Unlink Stale                     3663 us
[391.827s][info][gc,stats    ]     System Dictionary                12 us
[391.827s][info][gc,stats    ]     Weak Class Links                  0 us
[391.827s][info][gc,stats    ]     Code Roots                     3649 us
[391.827s][info][gc,stats    ]   Rendezvous                       8862 us
[391.827s][info][gc,stats    ]   Purge Unlinked                    409 us
[391.827s][info][gc,stats    ]     Code Roots                      399 us
[391.827s][info][gc,stats    ]     CLDG                              9 us
[391.827s][info][gc,stats    ]     Exception Caches                  0 us
[391.827s][info][gc,stats    ] Concurrent Strong Roots             127 us, parallelism: 0.38x
[391.827s][info][gc,stats    ]   CSR: <total>                       48 us
[391.827s][info][gc,stats    ]   CSR: VM Strong Roots                3 us, workers (us):   3, ---, ---, 
[391.827s][info][gc,stats    ]   CSR: CLDG Roots                    45 us, workers (us):  45, ---, ---, 
[391.827s][info][gc,stats    ] Concurrent Evacuation              1408 us
[391.827s][info][gc,stats    ] Pause Init Update Refs (G)          320 us
[391.827s][info][gc,stats    ] Pause Init Update Refs (N)          126 us
[391.827s][info][gc,stats    ]   Manage GCLABs                      33 us
[391.827s][info][gc,stats    ] Concurrent Update Refs            84009 us
[391.827s][info][gc,stats    ] Concurrent Update Thread Roots      626 us
[391.827s][info][gc,stats    ] Pause Final Update Refs (G)        7241 us
[391.827s][info][gc,stats    ] Pause Final Update Refs (N)         141 us
[391.827s][info][gc,stats    ]   Update Region States               48 us
[391.827s][info][gc,stats    ]   Trash Collection Set                5 us
[391.827s][info][gc,stats    ]   Rebuild Free Set                   14 us
[391.827s][info][gc,stats    ] Concurrent Cleanup                  164 us
[391.827s][info][gc,stats    ] 
[391.827s][info][gc,stats    ] Allocation pacing accrued:
[391.827s][info][gc,stats    ]       0 of  2163 ms (  0.0%): <total>
[391.828s][info][gc,stats    ]       0 of  2163 ms (  0.0%): <average total>
[391.828s][info][gc,stats    ] 
[391.828s][info][gc,metaspace] Metaspace: 16591K(16832K)->16591K(16832K) NonClass: 14243K(14336K)->14243K(14336K) Class: 2348K(2496K)->2348K(2496K)
[391.828s][info][gc,ergo     ] Pacer for Idle. Initial: 163M, Alloc Tax Rate: 1.0x
[395.463s][info][gc          ] Trigger: Learning 3 of 5. Free (5727M) is below initial threshold (5734M)
[395.463s][info][gc,ergo     ] Free: 5727M, Max: 4096K regular, 5344M humongous, Frag: 6% external, 0% internal; Reserve: 412M, Max: 4096K
[395.463s][info][gc,start    ] GC(182) Concurrent reset
[395.463s][info][gc,task     ] GC(182) Using 1 of 3 workers for concurrent reset
[395.463s][info][gc,ergo     ] GC(182) Pacer for Reset. Non-Taxable: 8192M
[395.464s][info][gc          ] GC(182) Concurrent reset 1.015ms
[395.464s][info][gc,start    ] GC(182) Pause Init Mark (unload classes)
[395.464s][info][gc,task     ] GC(182) Using 3 of 3 workers for init marking
[395.464s][info][gc,ergo     ] GC(182) Pacer for Mark. Expected Live: 10528K, Free: 5727M, Non-Taxable: 572M, Alloc Tax Rate: 0.0x
[395.464s][info][gc          ] GC(182) Pause Init Mark (unload classes) 0.186ms
[395.464s][info][gc,start    ] GC(182) Concurrent marking roots
[395.464s][info][gc,task     ] GC(182) Using 1 of 3 workers for concurrent marking roots
[395.465s][info][gc          ] GC(182) Concurrent marking roots 0.929ms
[395.465s][info][gc,start    ] GC(182) Concurrent marking (unload classes)
[395.465s][info][gc,task     ] GC(182) Using 1 of 3 workers for concurrent marking
[395.900s][info][gc          ] GC(182) Concurrent marking (unload classes) 434.579ms
[395.900s][info][gc,start    ] GC(182) Pause Final Mark (unload classes)
[395.900s][info][gc,task     ] GC(182) Using 3 of 3 workers for final marking
[395.900s][info][gc,ergo     ] GC(182) Adaptive CSet Selection. Target Free: 1160M, Actual Free: 7059M, Max CSet: 341M, Min Garbage: 0B
[395.900s][info][gc,ergo     ] GC(182) Collectable Garbage: 1833M (99%), Immediate: 1519M (82%), CSet: 313M (17%)
[395.900s][info][gc,ergo     ] GC(182) Pacer for Evacuation. Used CSet: 524M, Free: 6699M, Non-Taxable: 669M, Alloc Tax Rate: 1.1x
[395.900s][info][gc          ] GC(182) Pause Final Mark (unload classes) 0.331ms
[395.900s][info][gc,start    ] GC(182) Concurrent thread roots
[395.900s][info][gc,task     ] GC(182) Using 1 of 3 workers for Concurrent thread roots
[395.901s][info][gc          ] GC(182) Concurrent thread roots 0.528ms
[395.901s][info][gc,start    ] GC(182) Concurrent weak references
[395.901s][info][gc,task     ] GC(182) Using 1 of 3 workers for concurrent weak references
[395.901s][info][gc,ref      ] GC(182) Encountered references: Soft: 173, Weak: 991, Final: 0, Phantom: 41
[395.901s][info][gc,ref      ] GC(182) Discovered  references: Soft: 0, Weak: 211, Final: 0, Phantom: 24
[395.901s][info][gc,ref      ] GC(182) Enqueued    references: Soft: 0, Weak: 6, Final: 0, Phantom: 0
[395.901s][info][gc          ] GC(182) Concurrent weak references 0.107ms
[395.901s][info][gc,start    ] GC(182) Concurrent weak roots
[395.901s][info][gc,task     ] GC(182) Using 1 of 3 workers for concurrent weak root
[395.902s][info][gc          ] GC(182) Concurrent weak roots 1.245ms
[395.902s][info][gc,start    ] GC(182) Concurrent cleanup
[395.902s][info][gc          ] GC(182) Concurrent cleanup 2604M->1084M(8192M) 0.096ms
[395.902s][info][gc,ergo     ] GC(182) Free: 6695M, Max: 4096K regular, 5124M humongous, Frag: 23% external, 0% internal; Reserve: 411M, Max: 4096K
[395.902s][info][gc,start    ] GC(182) Concurrent class unloading
[395.902s][info][gc,task     ] GC(182) Using 1 of 3 workers for concurrent class unloading
[395.906s][info][gc          ] GC(182) Concurrent class unloading 3.277ms
[395.906s][info][gc,start    ] GC(182) Concurrent strong roots
[395.906s][info][gc,task     ] GC(182) Using 1 of 3 workers for concurrent strong root
[395.906s][info][gc          ] GC(182) Concurrent strong roots 0.107ms
[395.906s][info][gc,start    ] GC(182) Concurrent evacuation
[395.906s][info][gc,task     ] GC(182) Using 1 of 3 workers for concurrent evacuation
[396.087s][info][gc          ] GC(182) Concurrent evacuation 180.901ms
[396.087s][info][gc,start    ] GC(182) Pause Init Update Refs
[396.087s][info][gc,ergo     ] GC(182) Pacer for Update Refs. Used: 1307M, Free: 6684M, Non-Taxable: 668M, Alloc Tax Rate: 1.1x
[396.087s][info][gc          ] GC(182) Pause Init Update Refs 0.090ms
[396.087s][info][gc,start    ] GC(182) Concurrent update references
[396.087s][info][gc,task     ] GC(182) Using 1 of 3 workers for concurrent reference update
[396.749s][info][gc          ] GC(182) Concurrent update references 662.274ms
[396.749s][info][gc,start    ] GC(182) Concurrent update thread roots
[396.751s][info][gc          ] GC(182) Concurrent update thread roots 1.200ms
[396.751s][info][gc,start    ] GC(182) Pause Final Update Refs
[396.751s][info][gc,task     ] GC(182) Using 3 of 3 workers for final reference update
[396.751s][info][gc          ] GC(182) Pause Final Update Refs 0.203ms
[396.751s][info][gc,start    ] GC(182) Concurrent cleanup
[396.751s][info][gc          ] GC(182) Concurrent cleanup 1651M->1127M(8192M) 0.069ms
[396.751s][info][gc,ergo     ] Free: 6652M, Max: 4096K regular, 4912M humongous, Frag: 26% external, 0% internal; Reserve: 412M, Max: 4096K
[396.751s][info][gc,stats    ] 
[396.751s][info][gc,stats    ] All times are wall-clock times, except per-root-class counters, that are sum over
[396.751s][info][gc,stats    ] all workers. Dividing the <total> over the root stage time estimates parallelism.
[396.751s][info][gc,stats    ] 
[396.751s][info][gc,stats    ] Concurrent Reset                   1066 us
[396.751s][info][gc,stats    ] Pause Init Mark (G)                 325 us
[396.751s][info][gc,stats    ] Pause Init Mark (N)                 203 us
[396.751s][info][gc,stats    ]   Update Region States               70 us
[396.751s][info][gc,stats    ] Concurrent Mark Roots               946 us, parallelism: 0.87x
[396.751s][info][gc,stats    ]   CMR: <total>                      824 us
[396.751s][info][gc,stats    ]   CMR: Thread Roots                 750 us, workers (us): 750, ---, ---, 
[396.751s][info][gc,stats    ]   CMR: VM Strong Roots                6 us, workers (us):   6, ---, ---, 
[396.751s][info][gc,stats    ]   CMR: CLDG Roots                    68 us, workers (us):  68, ---, ---, 
[396.751s][info][gc,stats    ] Concurrent Marking               434644 us
[396.751s][info][gc,stats    ] Pause Final Mark (G)                451 us
[396.751s][info][gc,stats    ] Pause Final Mark (N)                339 us
[396.751s][info][gc,stats    ]   Finish Mark                       108 us
[396.751s][info][gc,stats    ]   Update Region States               61 us
[396.751s][info][gc,stats    ]   Choose Collection Set              63 us
[396.751s][info][gc,stats    ]   Rebuild Free Set                    7 us
[396.751s][info][gc,stats    ] Concurrent Thread Roots             537 us, parallelism: 0.88x
[396.751s][info][gc,stats    ]   CTR: <total>                      474 us
[396.751s][info][gc,stats    ]   CTR: Thread Roots                 474 us, workers (us): 474, ---, ---, 
[396.751s][info][gc,stats    ] Concurrent Weak References          114 us, parallelism: 0.12x
[396.751s][info][gc,stats    ]   CWRF: <total>                      14 us
[396.751s][info][gc,stats    ]   CWRF: Weak References              14 us, workers (us):  14, ---, ---, 
[396.752s][info][gc,stats    ] Concurrent Weak Roots              1259 us
[396.752s][info][gc,stats    ]   Roots                            1151 us, parallelism: 0.95x
[396.752s][info][gc,stats    ]     CWR: <total>                   1097 us
[396.752s][info][gc,stats    ]     CWR: Code Cache Roots           835 us, workers (us): 835, ---, ---, 
[396.752s][info][gc,stats    ]     CWR: VM Weak Roots              251 us, workers (us): 251, ---, ---, 
[396.752s][info][gc,stats    ]     CWR: CLDG Roots                  10 us, workers (us):  10, ---, ---, 
[396.752s][info][gc,stats    ]   Rendezvous                         78 us
[396.752s][info][gc,stats    ] Concurrent Cleanup                  106 us
[396.752s][info][gc,stats    ] Concurrent Class Unloading         3306 us
[396.752s][info][gc,stats    ]   Unlink Stale                     3024 us
[396.752s][info][gc,stats    ]     System Dictionary                12 us
[396.752s][info][gc,stats    ]     Weak Class Links                  0 us
[396.752s][info][gc,stats    ]     Code Roots                     3011 us
[396.752s][info][gc,stats    ]   Rendezvous                         94 us
[396.752s][info][gc,stats    ]   Purge Unlinked                    142 us
[396.752s][info][gc,stats    ]     Code Roots                      136 us
[396.752s][info][gc,stats    ]     CLDG                              5 us
[396.752s][info][gc,stats    ]     Exception Caches                  0 us
[396.752s][info][gc,stats    ] Concurrent Strong Roots             125 us, parallelism: 0.28x
[396.752s][info][gc,stats    ]   CSR: <total>                       35 us
[396.752s][info][gc,stats    ]   CSR: VM Strong Roots                3 us, workers (us):   3, ---, ---, 
[396.752s][info][gc,stats    ]   CSR: CLDG Roots                    32 us, workers (us):  32, ---, ---, 
[396.752s][info][gc,stats    ] Concurrent Evacuation            180994 us
[396.752s][info][gc,stats    ] Pause Init Update Refs (G)          280 us
[396.752s][info][gc,stats    ] Pause Init Update Refs (N)          107 us
[396.752s][info][gc,stats    ]   Manage GCLABs                       6 us
[396.752s][info][gc,stats    ] Concurrent Update Refs           662353 us
[396.752s][info][gc,stats    ] Concurrent Update Thread Roots     1219 us
[396.752s][info][gc,stats    ] Pause Final Update Refs (G)         363 us
[396.752s][info][gc,stats    ] Pause Final Update Refs (N)         241 us
[396.752s][info][gc,stats    ]   Update Region States               90 us
[396.752s][info][gc,stats    ]   Trash Collection Set                6 us
[396.752s][info][gc,stats    ]   Rebuild Free Set                   21 us
[396.752s][info][gc,stats    ] Concurrent Cleanup                   89 us
[396.752s][info][gc,stats    ] 
[396.752s][info][gc,stats    ] Allocation pacing accrued:
[396.752s][info][gc,stats    ]       0 of  4924 ms (  0.0%): <total>
[396.752s][info][gc,stats    ]       0 of  4924 ms (  0.0%): <average total>
[396.752s][info][gc,stats    ] 
[396.752s][info][gc,metaspace] Metaspace: 16591K(16832K)->16591K(16832K) NonClass: 14243K(14336K)->14243K(14336K) Class: 2348K(2496K)->2348K(2496K)
[396.752s][info][gc,ergo     ] Pacer for Idle. Initial: 163M, Alloc Tax Rate: 1.0x
[397.739s][info][gc          ] Trigger: Explicit GC request (System.gc())
[397.739s][info][gc,ergo     ] Free: 6392M, Max: 4096K regular, 4912M humongous, Frag: 23% external, 0% internal; Reserve: 412M, Max: 4096K
[397.739s][info][gc,start    ] GC(183) Concurrent reset
[397.739s][info][gc,task     ] GC(183) Using 1 of 3 workers for concurrent reset
[397.739s][info][gc,ergo     ] GC(183) Pacer for Reset. Non-Taxable: 8192M
[397.741s][info][gc          ] GC(183) Concurrent reset 2.109ms
[397.741s][info][gc,start    ] GC(183) Pause Init Mark (unload classes)
[397.741s][info][gc,task     ] GC(183) Using 3 of 3 workers for init marking
[397.741s][info][gc,ref      ] GC(183) Clearing All SoftReferences
[397.741s][info][gc,ergo     ] GC(183) Pacer for Mark. Expected Live: 53490K, Free: 6392M, Non-Taxable: 639M, Alloc Tax Rate: 0.0x
[397.741s][info][gc          ] GC(183) Pause Init Mark (unload classes) 0.199ms
[397.741s][info][gc,start    ] GC(183) Concurrent marking roots
[397.742s][info][gc,task     ] GC(183) Using 1 of 3 workers for concurrent marking roots
[397.743s][info][gc          ] GC(183) Concurrent marking roots 1.109ms
[397.743s][info][gc,start    ] GC(183) Concurrent marking (unload classes)
[397.743s][info][gc,task     ] GC(183) Using 1 of 3 workers for concurrent marking
[397.747s][info][gc          ] GC(183) Concurrent marking (unload classes) 4.635ms
[397.747s][info][gc,start    ] GC(183) Pause Final Mark (unload classes)
[397.747s][info][gc,task     ] GC(183) Using 3 of 3 workers for final marking
[397.748s][info][gc,ergo     ] GC(183) Collectable Garbage: 1363M (98%), Immediate: 1363M (98%), CSet: 0B (0%)
[397.748s][info][gc          ] GC(183) Pause Final Mark (unload classes) 0.333ms
[397.748s][info][gc,start    ] GC(183) Concurrent weak references
[397.748s][info][gc,task     ] GC(183) Using 1 of 3 workers for concurrent weak references
[397.748s][info][gc,ref      ] GC(183) Encountered references: Soft: 172, Weak: 988, Final: 0, Phantom: 41
[397.748s][info][gc,ref      ] GC(183) Discovered  references: Soft: 108, Weak: 218, Final: 0, Phantom: 24
[397.748s][info][gc,ref      ] GC(183) Enqueued    references: Soft: 4, Weak: 5, Final: 0, Phantom: 0
[397.748s][info][gc          ] GC(183) Concurrent weak references 0.177ms
[397.748s][info][gc,start    ] GC(183) Concurrent weak roots
[397.748s][info][gc,task     ] GC(183) Using 1 of 3 workers for concurrent weak root
[397.749s][info][gc          ] GC(183) Concurrent weak roots 1.087ms
[397.749s][info][gc,start    ] GC(183) Concurrent cleanup
[397.749s][info][gc          ] GC(183) Concurrent cleanup 1387M->24M(8192M) 0.042ms
[397.749s][info][gc,ergo     ] GC(183) Free: 7755M, Max: 4096K regular, 7100M humongous, Frag: 8% external, 0% internal; Reserve: 412M, Max: 4096K
[397.749s][info][gc,start    ] GC(183) Concurrent class unloading
[397.749s][info][gc,task     ] GC(183) Using 1 of 3 workers for concurrent class unloading
[397.756s][info][gc          ] GC(183) Concurrent class unloading 7.090ms
[397.756s][info][gc,start    ] GC(183) Pause Final Roots
[397.756s][info][gc          ] GC(183) Pause Final Roots 0.050ms
[397.757s][info][gc,ergo     ] Free: 7755M, Max: 4096K regular, 7100M humongous, Frag: 8% external, 0% internal; Reserve: 412M, Max: 4096K
[397.757s][info][gc,stats    ] 
[397.757s][info][gc,stats    ] All times are wall-clock times, except per-root-class counters, that are sum over
[397.757s][info][gc,stats    ] all workers. Dividing the <total> over the root stage time estimates parallelism.
[397.757s][info][gc,stats    ] 
[397.757s][info][gc,stats    ] Concurrent Reset                   2147 us
[397.757s][info][gc,stats    ] Pause Init Mark (G)                 327 us
[397.757s][info][gc,stats    ] Pause Init Mark (N)                 215 us
[397.757s][info][gc,stats    ]   Update Region States               72 us
[397.757s][info][gc,stats    ] Concurrent Mark Roots              1133 us, parallelism: 0.85x
[397.757s][info][gc,stats    ]   CMR: <total>                      965 us
[397.757s][info][gc,stats    ]   CMR: Thread Roots                 892 us, workers (us): 892, ---, ---, 
[397.757s][info][gc,stats    ]   CMR: VM Strong Roots                7 us, workers (us):   7, ---, ---, 
[397.757s][info][gc,stats    ]   CMR: CLDG Roots                    65 us, workers (us):  65, ---, ---, 
[397.757s][info][gc,stats    ] Concurrent Marking                 4687 us
[397.757s][info][gc,stats    ] Pause Final Mark (G)                427 us
[397.757s][info][gc,stats    ] Pause Final Mark (N)                354 us
[397.757s][info][gc,stats    ]   Finish Mark                       116 us
[397.757s][info][gc,stats    ]   Update Region States               79 us
[397.757s][info][gc,stats    ]   Choose Collection Set              63 us
[397.757s][info][gc,stats    ]   Rebuild Free Set                   21 us
[397.757s][info][gc,stats    ] Concurrent Weak References          193 us, parallelism: 0.06x
[397.757s][info][gc,stats    ]   CWRF: <total>                      11 us
[397.757s][info][gc,stats    ]   CWRF: Weak References              11 us, workers (us):  11, ---, ---, 
[397.757s][info][gc,stats    ] Concurrent Weak Roots              1115 us
[397.757s][info][gc,stats    ]   Roots                             879 us, parallelism: 0.93x
[397.757s][info][gc,stats    ]     CWR: <total>                    815 us
[397.757s][info][gc,stats    ]     CWR: Code Cache Roots           667 us, workers (us): 667, ---, ---, 
[397.757s][info][gc,stats    ]     CWR: VM Weak Roots              141 us, workers (us): 141, ---, ---, 
[397.757s][info][gc,stats    ]     CWR: CLDG Roots                   7 us, workers (us):   7, ---, ---, 
[397.757s][info][gc,stats    ]   Rendezvous                        164 us
[397.757s][info][gc,stats    ] Concurrent Cleanup                   51 us
[397.757s][info][gc,stats    ] Concurrent Class Unloading         7200 us
[397.757s][info][gc,stats    ]   Unlink Stale                     6575 us
[397.757s][info][gc,stats    ]     System Dictionary                61 us
[397.757s][info][gc,stats    ]     Weak Class Links               1941 us
[397.757s][info][gc,stats    ]     Code Roots                     4570 us
[397.757s][info][gc,stats    ]   Rendezvous                         74 us
[397.757s][info][gc,stats    ]   Purge Unlinked                    418 us
[397.757s][info][gc,stats    ]     Code Roots                      366 us
[397.757s][info][gc,stats    ]     CLDG                             51 us
[397.757s][info][gc,stats    ]     Exception Caches                  0 us
[397.757s][info][gc,stats    ] Pause Final Roots (G)               169 us
[397.757s][info][gc,stats    ] Pause Final Roots (N)                60 us
[397.757s][info][gc,stats    ] 
[397.757s][info][gc,stats    ] Allocation pacing accrued:
[397.757s][info][gc,stats    ]       0 of  1005 ms (  0.0%): <total>
[397.757s][info][gc,stats    ]       0 of  1005 ms (  0.0%): <average total>
[397.757s][info][gc,stats    ] 
[397.757s][info][gc,metaspace] Metaspace: 16599K(16896K)->16595K(16896K) NonClass: 14251K(14400K)->14247K(14400K) Class: 2348K(2496K)->2347K(2496K)
[397.757s][info][gc,ergo     ] Pacer for Idle. Initial: 163M, Alloc Tax Rate: 1.0x
[399.266s][info][gc          ] Trigger: Average GC time (1350.56 ms) is above the time for instantaneous allocation rate (5537 MB/s) to deplete free headroom (6361M) (spike threshold = 1.65)
[399.266s][info][gc,ergo     ] Free: 6771M, Max: 4096K regular, 6720M humongous, Frag: 0% external, 0% internal; Reserve: 412M, Max: 4096K
[399.266s][info][gc,start    ] GC(184) Concurrent reset
[399.266s][info][gc,task     ] GC(184) Using 1 of 3 workers for concurrent reset
[399.266s][info][gc,ergo     ] GC(184) Pacer for Reset. Non-Taxable: 8192M
[399.266s][info][gc          ] GC(184) Concurrent reset 0.279ms
[399.267s][info][gc,start    ] GC(184) Pause Init Mark (unload classes)
[399.267s][info][gc,task     ] GC(184) Using 3 of 3 workers for init marking
[399.267s][info][gc,ergo     ] GC(184) Pacer for Mark. Expected Live: 53446K, Free: 6767M, Non-Taxable: 676M, Alloc Tax Rate: 0.0x
[399.267s][info][gc          ] GC(184) Pause Init Mark (unload classes) 0.105ms
[399.297s][info][gc,start    ] GC(184) Concurrent marking roots
[399.298s][info][gc,task     ] GC(184) Using 1 of 3 workers for concurrent marking roots
[399.298s][info][gc          ] GC(184) Concurrent marking roots 0.733ms
[399.298s][info][gc,start    ] GC(184) Concurrent marking (unload classes)
[399.298s][info][gc,task     ] GC(184) Using 1 of 3 workers for concurrent marking
[399.317s][info][gc          ] GC(184) Concurrent marking (unload classes) 18.405ms
[399.317s][info][gc,start    ] GC(184) Pause Final Mark (unload classes)
[399.317s][info][gc,task     ] GC(184) Using 3 of 3 workers for final marking
[399.317s][info][gc,ergo     ] GC(184) Adaptive CSet Selection. Target Free: 1160M, Actual Free: 7672M, Max CSet: 341M, Min Garbage: 0B
[399.317s][info][gc,ergo     ] GC(184) Collectable Garbage: 1003M (99%), Immediate: 780M (77%), CSet: 223M (22%)
[399.317s][info][gc,ergo     ] GC(184) Pacer for Evacuation. Used CSet: 224M, Free: 7311M, Non-Taxable: 731M, Alloc Tax Rate: 1.1x
[399.317s][info][gc          ] GC(184) Pause Final Mark (unload classes) 0.233ms
[399.324s][info][gc,start    ] GC(184) Concurrent thread roots
[399.324s][info][gc,task     ] GC(184) Using 1 of 3 workers for Concurrent thread roots
[399.325s][info][gc          ] GC(184) Concurrent thread roots 0.669ms
[399.325s][info][gc,start    ] GC(184) Concurrent weak references
[399.325s][info][gc,task     ] GC(184) Using 1 of 3 workers for concurrent weak references
[399.325s][info][gc,ref      ] GC(184) Encountered references: Soft: 173, Weak: 995, Final: 0, Phantom: 41
[399.325s][info][gc,ref      ] GC(184) Discovered  references: Soft: 0, Weak: 205, Final: 0, Phantom: 24
[399.325s][info][gc,ref      ] GC(184) Enqueued    references: Soft: 0, Weak: 4, Final: 0, Phantom: 0
[399.325s][info][gc          ] GC(184) Concurrent weak references 0.090ms
[399.325s][info][gc,start    ] GC(184) Concurrent weak roots
[399.325s][info][gc,task     ] GC(184) Using 1 of 3 workers for concurrent weak root
[399.329s][info][gc          ] GC(184) Concurrent weak roots 3.848ms
[399.329s][info][gc,start    ] GC(184) Concurrent cleanup
[399.329s][info][gc          ] GC(184) Concurrent cleanup 1296M->520M(8192M) 0.049ms
[399.329s][info][gc,ergo     ] GC(184) Free: 7259M, Max: 4096K regular, 6440M humongous, Frag: 11% external, 0% internal; Reserve: 411M, Max: 4096K
[399.329s][info][gc,start    ] GC(184) Concurrent class unloading
[399.329s][info][gc,task     ] GC(184) Using 1 of 3 workers for concurrent class unloading
[399.345s][info][gc          ] GC(184) Concurrent class unloading 15.823ms
[399.345s][info][gc,start    ] GC(184) Concurrent strong roots
[399.345s][info][gc,task     ] GC(184) Using 1 of 3 workers for concurrent strong root
[399.345s][info][gc          ] GC(184) Concurrent strong roots 0.097ms
[399.345s][info][gc,start    ] GC(184) Concurrent evacuation
[399.345s][info][gc,task     ] GC(184) Using 1 of 3 workers for concurrent evacuation
[399.347s][info][gc          ] GC(184) Concurrent evacuation 1.686ms
[399.347s][info][gc,start    ] GC(184) Pause Init Update Refs
[399.347s][info][gc,ergo     ] GC(184) Pacer for Update Refs. Used: 585M, Free: 7195M, Non-Taxable: 719M, Alloc Tax Rate: 1.1x
[399.347s][info][gc          ] GC(184) Pause Init Update Refs 0.026ms
[399.392s][info][gc,start    ] GC(184) Concurrent update references
[399.392s][info][gc,task     ] GC(184) Using 1 of 3 workers for concurrent reference update
[399.496s][info][gc          ] GC(184) Concurrent update references 104.032ms
[399.496s][info][gc,start    ] GC(184) Concurrent update thread roots
[399.496s][info][gc          ] GC(184) Concurrent update thread roots 0.617ms
[399.496s][info][gc,start    ] GC(184) Pause Final Update Refs
[399.496s][info][gc,task     ] GC(184) Using 3 of 3 workers for final reference update
[399.497s][info][gc          ] GC(184) Pause Final Update Refs 0.106ms
[399.517s][info][gc,start    ] GC(184) Concurrent cleanup
[399.517s][info][gc          ] GC(184) Concurrent cleanup 1113M->969M(8192M) 0.169ms
[399.517s][info][gc,ergo     ] Free: 6810M, Max: 4096K regular, 6436M humongous, Frag: 5% external, 0% internal; Reserve: 412M, Max: 4096K
[399.517s][info][gc,stats    ] 
[399.517s][info][gc,stats    ] All times are wall-clock times, except per-root-class counters, that are sum over
[399.517s][info][gc,stats    ] all workers. Dividing the <total> over the root stage time estimates parallelism.
[399.517s][info][gc,stats    ] 
[399.517s][info][gc,stats    ] Concurrent Reset                    300 us
[399.517s][info][gc,stats    ] Pause Init Mark (G)               30991 us
[399.517s][info][gc,stats    ] Pause Init Mark (N)                 114 us
[399.517s][info][gc,stats    ]   Update Region States               25 us
[399.517s][info][gc,stats    ] Concurrent Mark Roots               762 us, parallelism: 0.75x
[399.517s][info][gc,stats    ]   CMR: <total>                      569 us
[399.517s][info][gc,stats    ]   CMR: Thread Roots                 506 us, workers (us): 506, ---, ---, 
[399.517s][info][gc,stats    ]   CMR: VM Strong Roots                9 us, workers (us):   9, ---, ---, 
[399.517s][info][gc,stats    ]   CMR: CLDG Roots                    54 us, workers (us):  54, ---, ---, 
[399.517s][info][gc,stats    ] Concurrent Marking                18505 us
[399.517s][info][gc,stats    ] Pause Final Mark (G)               7653 us
[399.517s][info][gc,stats    ] Pause Final Mark (N)                241 us
[399.517s][info][gc,stats    ]   Finish Mark                        55 us
[399.517s][info][gc,stats    ]   Update Region States               42 us
[399.517s][info][gc,stats    ]   Choose Collection Set              67 us
[399.517s][info][gc,stats    ]   Rebuild Free Set                    8 us
[399.517s][info][gc,stats    ] Concurrent Thread Roots             690 us, parallelism: 0.78x
[399.517s][info][gc,stats    ]   CTR: <total>                      541 us
[399.517s][info][gc,stats    ]   CTR: Thread Roots                 541 us, workers (us): 541, ---, ---, 
[399.517s][info][gc,stats    ] Concurrent Weak References           98 us, parallelism: 0.23x
[399.517s][info][gc,stats    ]   CWRF: <total>                      22 us
[399.517s][info][gc,stats    ]   CWRF: Weak References              22 us, workers (us):  22, ---, ---, 
[399.517s][info][gc,stats    ] Concurrent Weak Roots              3913 us
[399.517s][info][gc,stats    ]   Roots                            1353 us, parallelism: 0.97x
[399.517s][info][gc,stats    ]     CWR: <total>                   1314 us
[399.517s][info][gc,stats    ]     CWR: Code Cache Roots          1076 us, workers (us): 1076, ---, ---, 
[399.517s][info][gc,stats    ]     CWR: VM Weak Roots              227 us, workers (us): 227, ---, ---, 
[399.517s][info][gc,stats    ]     CWR: CLDG Roots                  11 us, workers (us):  11, ---, ---, 
[399.517s][info][gc,stats    ]   Rendezvous                       2474 us
[399.517s][info][gc,stats    ] Concurrent Cleanup                   63 us
[399.517s][info][gc,stats    ] Concurrent Class Unloading        15887 us
[399.517s][info][gc,stats    ]   Unlink Stale                     3891 us
[399.517s][info][gc,stats    ]     System Dictionary                13 us
[399.517s][info][gc,stats    ]     Weak Class Links                  0 us
[399.517s][info][gc,stats    ]     Code Roots                     3877 us
[399.517s][info][gc,stats    ]   Rendezvous                      11521 us
[399.517s][info][gc,stats    ]   Purge Unlinked                    389 us
[399.517s][info][gc,stats    ]     Code Roots                      379 us
[399.517s][info][gc,stats    ]     CLDG                              8 us
[399.517s][info][gc,stats    ]     Exception Caches                  0 us
[399.517s][info][gc,stats    ] Concurrent Strong Roots             109 us, parallelism: 0.47x
[399.517s][info][gc,stats    ]   CSR: <total>                       51 us
[399.518s][info][gc,stats    ]   CSR: VM Strong Roots                3 us, workers (us):   3, ---, ---, 
[399.518s][info][gc,stats    ]   CSR: CLDG Roots                    48 us, workers (us):  48, ---, ---, 
[399.518s][info][gc,stats    ] Concurrent Evacuation              1701 us
[399.518s][info][gc,stats    ] Pause Init Update Refs (G)        44747 us
[399.518s][info][gc,stats    ] Pause Init Update Refs (N)           34 us
[399.518s][info][gc,stats    ]   Manage GCLABs                       3 us
[399.518s][info][gc,stats    ] Concurrent Update Refs           104104 us
[399.518s][info][gc,stats    ] Concurrent Update Thread Roots      634 us
[399.518s][info][gc,stats    ] Pause Final Update Refs (G)       20566 us
[399.518s][info][gc,stats    ] Pause Final Update Refs (N)         128 us
[399.518s][info][gc,stats    ]   Update Region States               36 us
[399.518s][info][gc,stats    ]   Trash Collection Set                4 us
[399.518s][info][gc,stats    ]   Rebuild Free Set                   14 us
[399.518s][info][gc,stats    ] Concurrent Cleanup                  185 us
[399.518s][info][gc,stats    ] 
[399.518s][info][gc,stats    ] Allocation pacing accrued:
[399.518s][info][gc,stats    ]       0 of  1761 ms (  0.0%): <total>
[399.518s][info][gc,stats    ]       0 of  1761 ms (  0.0%): <average total>
[399.518s][info][gc,stats    ] 
[399.518s][info][gc,metaspace] Metaspace: 16599K(16896K)->16599K(16896K) NonClass: 14251K(14400K)->14251K(14400K) Class: 2348K(2496K)->2348K(2496K)
[399.518s][info][gc,ergo     ] Pacer for Idle. Initial: 163M, Alloc Tax Rate: 1.0x
[399.803s][info][gc          ] Trigger: Learning 3 of 5. Free (5714M) is below initial threshold (5734M)
[399.804s][info][gc,ergo     ] Free: 5714M, Max: 4096K regular, 5664M humongous, Frag: 0% external, 0% internal; Reserve: 412M, Max: 4096K
[399.804s][info][gc,start    ] GC(185) Concurrent reset
[399.804s][info][gc,task     ] GC(185) Using 1 of 3 workers for concurrent reset
[399.804s][info][gc,ergo     ] GC(185) Pacer for Reset. Non-Taxable: 8192M
[399.805s][info][gc          ] GC(185) Concurrent reset 0.993ms
[399.805s][info][gc,start    ] GC(185) Pause Init Mark (unload classes)
[399.805s][info][gc,task     ] GC(185) Using 3 of 3 workers for init marking
[399.805s][info][gc,ergo     ] GC(185) Pacer for Mark. Expected Live: 47461K, Free: 5714M, Non-Taxable: 571M, Alloc Tax Rate: 0.0x
[399.805s][info][gc          ] GC(185) Pause Init Mark (unload classes) 0.103ms
[399.805s][info][gc,start    ] GC(185) Concurrent marking roots
[399.805s][info][gc,task     ] GC(185) Using 1 of 3 workers for concurrent marking roots
[399.805s][info][gc          ] GC(185) Concurrent marking roots 0.529ms
[399.805s][info][gc,start    ] GC(185) Concurrent marking (unload classes)
[399.805s][info][gc,task     ] GC(185) Using 1 of 3 workers for concurrent marking
[399.946s][info][gc          ] GC(185) Concurrent marking (unload classes) 140.938ms
[399.946s][info][gc,start    ] GC(185) Pause Final Mark (unload classes)
[399.946s][info][gc,task     ] GC(185) Using 3 of 3 workers for final marking
[399.947s][info][gc,ergo     ] GC(185) Collectable Garbage: 1916M (96%), Immediate: 1916M (96%), CSet: 0B (0%)
[399.947s][info][gc          ] GC(185) Pause Final Mark (unload classes) 0.142ms
[399.947s][info][gc,start    ] GC(185) Concurrent weak references
[399.947s][info][gc,task     ] GC(185) Using 1 of 3 workers for concurrent weak references
[399.947s][info][gc,ref      ] GC(185) Encountered references: Soft: 173, Weak: 992, Final: 0, Phantom: 41
[399.947s][info][gc,ref      ] GC(185) Discovered  references: Soft: 0, Weak: 212, Final: 0, Phantom: 38
[399.947s][info][gc,ref      ] GC(185) Enqueued    references: Soft: 0, Weak: 2, Final: 0, Phantom: 0
[399.947s][info][gc          ] GC(185) Concurrent weak references 0.096ms
[399.947s][info][gc,start    ] GC(185) Concurrent weak roots
[399.947s][info][gc,task     ] GC(185) Using 1 of 3 workers for concurrent weak root
[399.948s][info][gc          ] GC(185) Concurrent weak roots 0.981ms
[399.948s][info][gc,start    ] GC(185) Concurrent cleanup
[399.948s][info][gc          ] GC(185) Concurrent cleanup 2204M->288M(8192M) 0.041ms
[399.948s][info][gc,ergo     ] GC(185) Free: 7491M, Max: 4096K regular, 5524M humongous, Frag: 26% external, 0% internal; Reserve: 412M, Max: 4096K
[399.948s][info][gc,start    ] GC(185) Concurrent class unloading
[399.948s][info][gc,task     ] GC(185) Using 1 of 3 workers for concurrent class unloading
[399.951s][info][gc          ] GC(185) Concurrent class unloading 3.243ms
[399.951s][info][gc,start    ] GC(185) Pause Final Roots
[399.951s][info][gc          ] GC(185) Pause Final Roots 0.016ms
[399.951s][info][gc,ergo     ] Free: 7487M, Max: 4096K regular, 5524M humongous, Frag: 26% external, 0% internal; Reserve: 412M, Max: 4096K
[399.951s][info][gc,stats    ] 
[399.951s][info][gc,stats    ] All times are wall-clock times, except per-root-class counters, that are sum over
[399.951s][info][gc,stats    ] all workers. Dividing the <total> over the root stage time estimates parallelism.
[399.951s][info][gc,stats    ] 
[399.951s][info][gc,stats    ] Concurrent Reset                   1037 us
[399.951s][info][gc,stats    ] Pause Init Mark (G)                 187 us
[399.951s][info][gc,stats    ] Pause Init Mark (N)                 115 us
[399.951s][info][gc,stats    ]   Update Region States               32 us
[399.951s][info][gc,stats    ] Concurrent Mark Roots               546 us, parallelism: 0.87x
[399.951s][info][gc,stats    ]   CMR: <total>                      473 us
[399.951s][info][gc,stats    ]   CMR: Thread Roots                 416 us, workers (us): 416, ---, ---, 
[399.951s][info][gc,stats    ]   CMR: VM Strong Roots                7 us, workers (us):   7, ---, ---, 
[399.951s][info][gc,stats    ]   CMR: CLDG Roots                    50 us, workers (us):  50, ---, ---, 
[399.951s][info][gc,stats    ] Concurrent Marking               140984 us
[399.951s][info][gc,stats    ] Pause Final Mark (G)                203 us
[399.951s][info][gc,stats    ] Pause Final Mark (N)                150 us
[399.951s][info][gc,stats    ]   Finish Mark                        29 us
[399.951s][info][gc,stats    ]   Update Region States               28 us
[399.951s][info][gc,stats    ]   Choose Collection Set              29 us
[399.951s][info][gc,stats    ]   Rebuild Free Set                    7 us
[399.951s][info][gc,stats    ] Concurrent Weak References          104 us, parallelism: 0.11x
[399.951s][info][gc,stats    ]   CWRF: <total>                      12 us
[399.951s][info][gc,stats    ]   CWRF: Weak References              12 us, workers (us):  12, ---, ---, 
[399.951s][info][gc,stats    ] Concurrent Weak Roots               996 us
[399.951s][info][gc,stats    ]   Roots                             923 us, parallelism: 0.98x
[399.951s][info][gc,stats    ]     CWR: <total>                    903 us
[399.951s][info][gc,stats    ]     CWR: Code Cache Roots           746 us, workers (us): 746, ---, ---, 
[399.951s][info][gc,stats    ]     CWR: VM Weak Roots              149 us, workers (us): 149, ---, ---, 
[399.951s][info][gc,stats    ]     CWR: CLDG Roots                   8 us, workers (us):   8, ---, ---, 
[399.951s][info][gc,stats    ]   Rendezvous                         41 us
[399.951s][info][gc,stats    ] Concurrent Cleanup                   50 us
[399.951s][info][gc,stats    ] Concurrent Class Unloading         3265 us
[399.951s][info][gc,stats    ]   Unlink Stale                     3004 us
[399.951s][info][gc,stats    ]     System Dictionary                 9 us
[399.951s][info][gc,stats    ]     Weak Class Links                  0 us
[399.951s][info][gc,stats    ]     Code Roots                     2994 us
[399.951s][info][gc,stats    ]   Rendezvous                         49 us
[399.951s][info][gc,stats    ]   Purge Unlinked                    174 us
[399.951s][info][gc,stats    ]     Code Roots                      170 us
[399.951s][info][gc,stats    ]     CLDG                              4 us
[399.951s][info][gc,stats    ]     Exception Caches                  0 us
[399.951s][info][gc,stats    ] Pause Final Roots (G)                84 us
[399.951s][info][gc,stats    ] Pause Final Roots (N)                24 us
[399.951s][info][gc,stats    ] 
[399.951s][info][gc,stats    ] Allocation pacing accrued:
[399.951s][info][gc,stats    ]       0 of   434 ms (  0.0%): <total>
[399.951s][info][gc,stats    ]       0 of   434 ms (  0.0%): <average total>
[399.951s][info][gc,stats    ] 
[399.951s][info][gc,metaspace] Metaspace: 16599K(16896K)->16599K(16896K) NonClass: 14251K(14400K)->14251K(14400K) Class: 2348K(2496K)->2348K(2496K)
[399.951s][info][gc,ergo     ] Pacer for Idle. Initial: 163M, Alloc Tax Rate: 1.0x
[404.367s][info][gc          ] Trigger: Learning 4 of 5. Free (5719M) is below initial threshold (5734M)
[404.367s][info][gc,ergo     ] Free: 5719M, Max: 4096K regular, 5524M humongous, Frag: 3% external, 0% internal; Reserve: 412M, Max: 4096K
[404.367s][info][gc,start    ] GC(186) Concurrent reset
[404.367s][info][gc,task     ] GC(186) Using 1 of 3 workers for concurrent reset
[404.367s][info][gc,ergo     ] GC(186) Pacer for Reset. Non-Taxable: 8192M
[404.368s][info][gc          ] GC(186) Concurrent reset 0.847ms
[404.368s][info][gc,start    ] GC(186) Pause Init Mark (unload classes)
[404.368s][info][gc,task     ] GC(186) Using 3 of 3 workers for init marking
[404.368s][info][gc,ergo     ] GC(186) Pacer for Mark. Expected Live: 62773K, Free: 5719M, Non-Taxable: 571M, Alloc Tax Rate: 0.0x
[404.368s][info][gc          ] GC(186) Pause Init Mark (unload classes) 0.140ms
[404.368s][info][gc,start    ] GC(186) Concurrent marking roots
[404.368s][info][gc,task     ] GC(186) Using 1 of 3 workers for concurrent marking roots
[404.369s][info][gc          ] GC(186) Concurrent marking roots 1.122ms
[404.369s][info][gc,start    ] GC(186) Concurrent marking (unload classes)
[404.369s][info][gc,task     ] GC(186) Using 1 of 3 workers for concurrent marking
[405.164s][info][gc          ] GC(186) Concurrent marking (unload classes) 794.232ms
[405.164s][info][gc,start    ] GC(186) Pause Final Mark (unload classes)
[405.164s][info][gc,task     ] GC(186) Using 3 of 3 workers for final marking
[405.164s][info][gc,ergo     ] GC(186) Adaptive CSet Selection. Target Free: 1160M, Actual Free: 6500M, Max CSet: 341M, Min Garbage: 0B
[405.164s][info][gc,ergo     ] GC(186) Collectable Garbage: 1554M (94%), Immediate: 760M (46%), CSet: 794M (48%)
[405.164s][info][gc,ergo     ] GC(186) Pacer for Evacuation. Used CSet: 1135M, Free: 6139M, Non-Taxable: 613M, Alloc Tax Rate: 1.1x
[405.164s][info][gc          ] GC(186) Pause Final Mark (unload classes) 0.301ms
[405.164s][info][gc,start    ] GC(186) Concurrent thread roots
[405.164s][info][gc,task     ] GC(186) Using 1 of 3 workers for Concurrent thread roots
[405.165s][info][gc          ] GC(186) Concurrent thread roots 0.504ms
[405.165s][info][gc,start    ] GC(186) Concurrent weak references
[405.165s][info][gc,task     ] GC(186) Using 1 of 3 workers for concurrent weak references
[405.165s][info][gc,ref      ] GC(186) Encountered references: Soft: 173, Weak: 995, Final: 0, Phantom: 41
[405.165s][info][gc,ref      ] GC(186) Discovered  references: Soft: 0, Weak: 197, Final: 0, Phantom: 24
[405.165s][info][gc,ref      ] GC(186) Enqueued    references: Soft: 0, Weak: 1, Final: 0, Phantom: 0
[405.165s][info][gc          ] GC(186) Concurrent weak references 0.139ms
[405.165s][info][gc,start    ] GC(186) Concurrent weak roots
[405.165s][info][gc,task     ] GC(186) Using 1 of 3 workers for concurrent weak root
[405.166s][info][gc          ] GC(186) Concurrent weak roots 1.032ms
[405.166s][info][gc,start    ] GC(186) Concurrent cleanup
[405.166s][info][gc          ] GC(186) Concurrent cleanup 2400M->1640M(8192M) 0.035ms
[405.166s][info][gc,ergo     ] GC(186) Free: 6138M, Max: 4096K regular, 5328M humongous, Frag: 13% external, 0% internal; Reserve: 411M, Max: 4096K
[405.166s][info][gc,start    ] GC(186) Concurrent class unloading
[405.166s][info][gc,task     ] GC(186) Using 1 of 3 workers for concurrent class unloading
[405.169s][info][gc          ] GC(186) Concurrent class unloading 3.513ms
[405.169s][info][gc,start    ] GC(186) Concurrent strong roots
[405.169s][info][gc,task     ] GC(186) Using 1 of 3 workers for concurrent strong root
[405.170s][info][gc          ] GC(186) Concurrent strong roots 0.237ms
[405.170s][info][gc,start    ] GC(186) Concurrent evacuation
[405.170s][info][gc,task     ] GC(186) Using 1 of 3 workers for concurrent evacuation
[405.501s][info][gc          ] GC(186) Concurrent evacuation 331.497ms
[405.501s][info][gc,start    ] GC(186) Pause Init Update Refs
[405.501s][info][gc,ergo     ] GC(186) Pacer for Update Refs. Used: 2020M, Free: 6103M, Non-Taxable: 610M, Alloc Tax Rate: 1.1x
[405.501s][info][gc          ] GC(186) Pause Init Update Refs 0.082ms
[405.501s][info][gc,start    ] GC(186) Concurrent update references
[405.501s][info][gc,task     ] GC(186) Using 1 of 3 workers for concurrent reference update
[406.167s][info][gc          ] GC(186) Concurrent update references 665.636ms
[406.167s][info][gc,start    ] GC(186) Concurrent update thread roots
[406.168s][info][gc          ] GC(186) Concurrent update thread roots 1.286ms
[406.169s][info][gc,start    ] GC(186) Pause Final Update Refs
[406.169s][info][gc,task     ] GC(186) Using 3 of 3 workers for final reference update
[406.169s][info][gc          ] GC(186) Pause Final Update Refs 0.265ms
[406.169s][info][gc,start    ] GC(186) Concurrent cleanup
[406.169s][info][gc          ] GC(186) Concurrent cleanup 2036M->900M(8192M) 0.081ms
[406.169s][info][gc,ergo     ] Free: 6879M, Max: 4096K regular, 4984M humongous, Frag: 28% external, 0% internal; Reserve: 412M, Max: 4096K
[406.169s][info][gc,stats    ] 
[406.169s][info][gc,stats    ] All times are wall-clock times, except per-root-class counters, that are sum over
[406.169s][info][gc,stats    ] all workers. Dividing the <total> over the root stage time estimates parallelism.
[406.169s][info][gc,stats    ] 
[406.169s][info][gc,stats    ] Concurrent Reset                    911 us
[406.169s][info][gc,stats    ] Pause Init Mark (G)                 287 us
[406.169s][info][gc,stats    ] Pause Init Mark (N)                 149 us
[406.169s][info][gc,stats    ]   Update Region States               72 us
[406.169s][info][gc,stats    ] Concurrent Mark Roots              1147 us, parallelism: 0.89x
[406.169s][info][gc,stats    ]   CMR: <total>                     1015 us
[406.169s][info][gc,stats    ]   CMR: Thread Roots                 945 us, workers (us): 945, ---, ---, 
[406.169s][info][gc,stats    ]   CMR: VM Strong Roots                6 us, workers (us):   6, ---, ---, 
[406.169s][info][gc,stats    ]   CMR: CLDG Roots                    64 us, workers (us):  64, ---, ---, 
[406.169s][info][gc,stats    ] Concurrent Marking               794311 us
[406.169s][info][gc,stats    ] Pause Final Mark (G)                446 us
[406.169s][info][gc,stats    ] Pause Final Mark (N)                310 us
[406.169s][info][gc,stats    ]   Finish Mark                        90 us
[406.169s][info][gc,stats    ]   Update Region States               43 us
[406.169s][info][gc,stats    ]   Choose Collection Set              84 us
[406.169s][info][gc,stats    ]   Rebuild Free Set                    8 us
[406.169s][info][gc,stats    ] Concurrent Thread Roots             522 us, parallelism: 0.84x
[406.169s][info][gc,stats    ]   CTR: <total>                      441 us
[406.169s][info][gc,stats    ]   CTR: Thread Roots                 441 us, workers (us): 441, ---, ---, 
[406.169s][info][gc,stats    ] Concurrent Weak References          146 us, parallelism: 0.13x
[406.169s][info][gc,stats    ]   CWRF: <total>                      20 us
[406.169s][info][gc,stats    ]   CWRF: Weak References              20 us, workers (us):  20, ---, ---, 
[406.169s][info][gc,stats    ] Concurrent Weak Roots              1066 us
[406.169s][info][gc,stats    ]   Roots                             945 us, parallelism: 0.91x
[406.169s][info][gc,stats    ]     CWR: <total>                    864 us
[406.169s][info][gc,stats    ]     CWR: Code Cache Roots           669 us, workers (us): 669, ---, ---, 
[406.169s][info][gc,stats    ]     CWR: VM Weak Roots              186 us, workers (us): 186, ---, ---, 
[406.169s][info][gc,stats    ]     CWR: CLDG Roots                   9 us, workers (us):   9, ---, ---, 
[406.169s][info][gc,stats    ]   Rendezvous                         69 us
[406.170s][info][gc,stats    ] Concurrent Cleanup                   43 us
[406.170s][info][gc,stats    ] Concurrent Class Unloading         3564 us
[406.170s][info][gc,stats    ]   Unlink Stale                     3057 us
[406.170s][info][gc,stats    ]     System Dictionary                10 us
[406.170s][info][gc,stats    ]     Weak Class Links                  0 us
[406.170s][info][gc,stats    ]     Code Roots                     3046 us
[406.170s][info][gc,stats    ]   Rendezvous                        112 us
[406.170s][info][gc,stats    ]   Purge Unlinked                    323 us
[406.170s][info][gc,stats    ]     Code Roots                      308 us
[406.170s][info][gc,stats    ]     CLDG                             14 us
[406.170s][info][gc,stats    ]     Exception Caches                  0 us
[406.170s][info][gc,stats    ] Concurrent Strong Roots             286 us, parallelism: 0.23x
[406.170s][info][gc,stats    ]   CSR: <total>                       64 us
[406.170s][info][gc,stats    ]   CSR: VM Strong Roots                5 us, workers (us):   5, ---, ---, 
[406.170s][info][gc,stats    ]   CSR: CLDG Roots                    59 us, workers (us):  59, ---, ---, 
[406.170s][info][gc,stats    ] Concurrent Evacuation            331565 us
[406.170s][info][gc,stats    ] Pause Init Update Refs (G)          216 us
[406.170s][info][gc,stats    ] Pause Init Update Refs (N)           99 us
[406.170s][info][gc,stats    ]   Manage GCLABs                       3 us
[406.170s][info][gc,stats    ] Concurrent Update Refs           665703 us
[406.170s][info][gc,stats    ] Concurrent Update Thread Roots     1304 us
[406.170s][info][gc,stats    ] Pause Final Update Refs (G)         392 us
[406.170s][info][gc,stats    ] Pause Final Update Refs (N)         309 us
[406.170s][info][gc,stats    ]   Update Region States              123 us
[406.170s][info][gc,stats    ]   Trash Collection Set               14 us
[406.170s][info][gc,stats    ]   Rebuild Free Set                   30 us
[406.170s][info][gc,stats    ] Concurrent Cleanup                  101 us
[406.170s][info][gc,stats    ] 
[406.170s][info][gc,stats    ] Allocation pacing accrued:
[406.170s][info][gc,stats    ]       0 of  6218 ms (  0.0%): <total>
[406.170s][info][gc,stats    ]       0 of  6218 ms (  0.0%): <average total>
[406.170s][info][gc,stats    ] 
[406.170s][info][gc,metaspace] Metaspace: 16599K(16896K)->16614K(16960K) NonClass: 14251K(14400K)->14265K(14464K) Class: 2348K(2496K)->2348K(2496K)
[406.170s][info][gc,ergo     ] Pacer for Idle. Initial: 163M, Alloc Tax Rate: 1.0x
[406.173s][info][gc          ] Trigger: Explicit GC request (System.gc())
[406.173s][info][gc,ergo     ] Free: 6879M, Max: 4096K regular, 4984M humongous, Frag: 28% external, 0% internal; Reserve: 412M, Max: 4096K
[406.173s][info][gc,start    ] GC(187) Concurrent reset
[406.173s][info][gc,task     ] GC(187) Using 1 of 3 workers for concurrent reset
[406.173s][info][gc,ergo     ] GC(187) Pacer for Reset. Non-Taxable: 8192M
[406.178s][info][gc          ] GC(187) Concurrent reset 5.068ms
[406.179s][info][gc,start    ] GC(187) Pause Init Mark (unload classes)
[406.179s][info][gc,task     ] GC(187) Using 3 of 3 workers for init marking
[406.179s][info][gc,ref      ] GC(187) Clearing All SoftReferences
[406.179s][info][gc,ergo     ] GC(187) Pacer for Mark. Expected Live: 143M, Free: 6879M, Non-Taxable: 687M, Alloc Tax Rate: 0.0x
[406.179s][info][gc          ] GC(187) Pause Init Mark (unload classes) 0.289ms
[406.179s][info][gc,start    ] GC(187) Concurrent marking roots
[406.179s][info][gc,task     ] GC(187) Using 1 of 3 workers for concurrent marking roots
[406.180s][info][gc          ] GC(187) Concurrent marking roots 0.587ms
[406.180s][info][gc,start    ] GC(187) Concurrent marking (unload classes)
[406.180s][info][gc,task     ] GC(187) Using 1 of 3 workers for concurrent marking
[406.184s][info][gc          ] GC(187) Concurrent marking (unload classes) 4.444ms
[406.184s][info][gc,start    ] GC(187) Pause Final Mark (unload classes)
[406.184s][info][gc,task     ] GC(187) Using 3 of 3 workers for final marking
[406.185s][info][gc,ergo     ] GC(187) Collectable Garbage: 876M (97%), Immediate: 876M (97%), CSet: 0B (0%)
[406.185s][info][gc          ] GC(187) Pause Final Mark (unload classes) 0.451ms
[406.185s][info][gc,start    ] GC(187) Concurrent weak references
[406.185s][info][gc,task     ] GC(187) Using 1 of 3 workers for concurrent weak references
[406.185s][info][gc,ref      ] GC(187) Encountered references: Soft: 172, Weak: 993, Final: 0, Phantom: 41
[406.185s][info][gc,ref      ] GC(187) Discovered  references: Soft: 108, Weak: 219, Final: 0, Phantom: 24
[406.185s][info][gc,ref      ] GC(187) Enqueued    references: Soft: 4, Weak: 6, Final: 0, Phantom: 0
[406.185s][info][gc          ] GC(187) Concurrent weak references 0.183ms
[406.185s][info][gc,start    ] GC(187) Concurrent weak roots
[406.185s][info][gc,task     ] GC(187) Using 1 of 3 workers for concurrent weak root
[406.186s][info][gc          ] GC(187) Concurrent weak roots 0.944ms
[406.186s][info][gc,start    ] GC(187) Concurrent cleanup
[406.186s][info][gc          ] GC(187) Concurrent cleanup 900M->24M(8192M) 0.035ms
[406.186s][info][gc,ergo     ] GC(187) Free: 7755M, Max: 4096K regular, 7660M humongous, Frag: 1% external, 0% internal; Reserve: 412M, Max: 4096K
[406.186s][info][gc,start    ] GC(187) Concurrent class unloading
[406.186s][info][gc,task     ] GC(187) Using 1 of 3 workers for concurrent class unloading
[406.193s][info][gc          ] GC(187) Concurrent class unloading 6.795ms
[406.193s][info][gc,start    ] GC(187) Pause Final Roots
[406.193s][info][gc          ] GC(187) Pause Final Roots 0.040ms
[406.193s][info][gc,ergo     ] Free: 7755M, Max: 4096K regular, 7660M humongous, Frag: 1% external, 0% internal; Reserve: 412M, Max: 4096K
[406.193s][info][gc,stats    ] 
[406.193s][info][gc,stats    ] All times are wall-clock times, except per-root-class counters, that are sum over
[406.193s][info][gc,stats    ] all workers. Dividing the <total> over the root stage time estimates parallelism.
[406.193s][info][gc,stats    ] 
[406.193s][info][gc,stats    ] Concurrent Reset                   5136 us
[406.193s][info][gc,stats    ] Pause Init Mark (G)                 487 us
[406.193s][info][gc,stats    ] Pause Init Mark (N)                 311 us
[406.193s][info][gc,stats    ]   Update Region States              133 us
[406.193s][info][gc,stats    ] Concurrent Mark Roots               605 us, parallelism: 0.83x
[406.193s][info][gc,stats    ]   CMR: <total>                      502 us
[406.193s][info][gc,stats    ]   CMR: Thread Roots                 462 us, workers (us): 462, ---, ---, 
[406.193s][info][gc,stats    ]   CMR: VM Strong Roots                5 us, workers (us):   5, ---, ---, 
[406.193s][info][gc,stats    ]   CMR: CLDG Roots                    36 us, workers (us):  36, ---, ---, 
[406.193s][info][gc,stats    ] Concurrent Marking                 4503 us
[406.193s][info][gc,stats    ] Pause Final Mark (G)                613 us
[406.193s][info][gc,stats    ] Pause Final Mark (N)                475 us
[406.193s][info][gc,stats    ]   Finish Mark                       152 us
[406.193s][info][gc,stats    ]   Update Region States              123 us
[406.193s][info][gc,stats    ]   Choose Collection Set              75 us
[406.193s][info][gc,stats    ]   Rebuild Free Set                   21 us
[406.193s][info][gc,stats    ] Concurrent Weak References          191 us, parallelism: 0.09x
[406.193s][info][gc,stats    ]   CWRF: <total>                      18 us
[406.193s][info][gc,stats    ]   CWRF: Weak References              18 us, workers (us):  18, ---, ---, 
[406.193s][info][gc,stats    ] Concurrent Weak Roots               975 us
[406.193s][info][gc,stats    ]   Roots                             867 us, parallelism: 0.94x
[406.193s][info][gc,stats    ]     CWR: <total>                    818 us
[406.193s][info][gc,stats    ]     CWR: Code Cache Roots           663 us, workers (us): 663, ---, ---, 
[406.193s][info][gc,stats    ]     CWR: VM Weak Roots              147 us, workers (us): 147, ---, ---, 
[406.193s][info][gc,stats    ]     CWR: CLDG Roots                   8 us, workers (us):   8, ---, ---, 
[406.193s][info][gc,stats    ]   Rendezvous                         59 us
[406.193s][info][gc,stats    ] Concurrent Cleanup                   44 us
[406.193s][info][gc,stats    ] Concurrent Class Unloading         6873 us
[406.193s][info][gc,stats    ]   Unlink Stale                     6169 us
[406.193s][info][gc,stats    ]     System Dictionary                61 us
[406.193s][info][gc,stats    ]     Weak Class Links               1801 us
[406.193s][info][gc,stats    ]     Code Roots                     4306 us
[406.193s][info][gc,stats    ]   Rendezvous                        213 us
[406.193s][info][gc,stats    ]   Purge Unlinked                    392 us
[406.193s][info][gc,stats    ]     Code Roots                      355 us
[406.193s][info][gc,stats    ]     CLDG                             36 us
[406.193s][info][gc,stats    ]     Exception Caches                  0 us
[406.193s][info][gc,stats    ] Pause Final Roots (G)               113 us
[406.193s][info][gc,stats    ] Pause Final Roots (N)                49 us
[406.193s][info][gc,stats    ] 
[406.193s][info][gc,stats    ] Allocation pacing accrued:
[406.193s][info][gc,stats    ]       0 of    23 ms (  0.0%): <total>
[406.193s][info][gc,stats    ]       0 of    23 ms (  0.0%): <average total>
[406.193s][info][gc,stats    ] 
[406.193s][info][gc,metaspace] Metaspace: 16614K(16960K)->16610K(16960K) NonClass: 14265K(14464K)->14262K(14464K) Class: 2348K(2496K)->2347K(2496K)
[406.193s][info][gc,ergo     ] Pacer for Idle. Initial: 163M, Alloc Tax Rate: 1.0x
[407.707s][info][gc          ] Trigger: Average GC time (1898.79 ms) is above the time for average allocation rate (3545 MB/s) to deplete free headroom (6377M) (margin of error = 1.82)
[407.707s][info][gc,ergo     ] Free headroom: 6786M (free) - 409M (spike) - 0B (penalties) = 6377M
[407.707s][info][gc,ergo     ] Free: 6786M, Max: 4096K regular, 6736M humongous, Frag: 0% external, 0% internal; Reserve: 412M, Max: 4096K
[407.707s][info][gc,start    ] GC(188) Concurrent reset
[407.707s][info][gc,task     ] GC(188) Using 1 of 3 workers for concurrent reset
[407.707s][info][gc,ergo     ] GC(188) Pacer for Reset. Non-Taxable: 8192M
[407.707s][info][gc          ] GC(188) Concurrent reset 0.349ms
[407.708s][info][gc,start    ] GC(188) Pause Init Mark (unload classes)
[407.708s][info][gc,task     ] GC(188) Using 3 of 3 workers for init marking
[407.708s][info][gc,ergo     ] GC(188) Pacer for Mark. Expected Live: 101M, Free: 6783M, Non-Taxable: 678M, Alloc Tax Rate: 0.0x
[407.708s][info][gc          ] GC(188) Pause Init Mark (unload classes) 0.103ms
[407.723s][info][gc,start    ] GC(188) Concurrent marking roots
[407.723s][info][gc,task     ] GC(188) Using 1 of 3 workers for concurrent marking roots
[407.724s][info][gc          ] GC(188) Concurrent marking roots 0.752ms
[407.724s][info][gc,start    ] GC(188) Concurrent marking (unload classes)
[407.724s][info][gc,task     ] GC(188) Using 1 of 3 workers for concurrent marking
[407.738s][info][gc          ] GC(188) Concurrent marking (unload classes) 14.843ms
[407.739s][info][gc,start    ] GC(188) Pause Final Mark (unload classes)
[407.739s][info][gc,task     ] GC(188) Using 3 of 3 workers for final marking
[407.739s][info][gc,ergo     ] GC(188) Adaptive CSet Selection. Target Free: 1160M, Actual Free: 7765M, Max CSet: 341M, Min Garbage: 0B
[407.739s][info][gc,ergo     ] GC(188) Collectable Garbage: 988M (99%), Immediate: 781M (78%), CSet: 207M (20%)
[407.739s][info][gc,ergo     ] GC(188) Pacer for Evacuation. Used CSet: 208M, Free: 7403M, Non-Taxable: 740M, Alloc Tax Rate: 1.1x
[407.739s][info][gc          ] GC(188) Pause Final Mark (unload classes) 0.218ms
[407.739s][info][gc,start    ] GC(188) Concurrent thread roots
[407.739s][info][gc,task     ] GC(188) Using 1 of 3 workers for Concurrent thread roots
[407.739s][info][gc          ] GC(188) Concurrent thread roots 0.544ms
[407.739s][info][gc,start    ] GC(188) Concurrent weak references
[407.739s][info][gc,task     ] GC(188) Using 1 of 3 workers for concurrent weak references
[407.739s][info][gc,ref      ] GC(188) Encountered references: Soft: 173, Weak: 994, Final: 0, Phantom: 41
[407.739s][info][gc,ref      ] GC(188) Discovered  references: Soft: 0, Weak: 208, Final: 0, Phantom: 24
[407.739s][info][gc,ref      ] GC(188) Enqueued    references: Soft: 0, Weak: 6, Final: 0, Phantom: 0
[407.739s][info][gc          ] GC(188) Concurrent weak references 0.072ms
[407.740s][info][gc,start    ] GC(188) Concurrent weak roots
[407.740s][info][gc,task     ] GC(188) Using 1 of 3 workers for concurrent weak root
[407.754s][info][gc          ] GC(188) Concurrent weak roots 14.933ms
[407.755s][info][gc,start    ] GC(188) Concurrent cleanup
[407.755s][info][gc          ] GC(188) Concurrent cleanup 1229M->448M(8192M) 0.067ms
[407.755s][info][gc,ergo     ] GC(188) Free: 7331M, Max: 4096K regular, 6512M humongous, Frag: 11% external, 0% internal; Reserve: 411M, Max: 4096K
[407.755s][info][gc,start    ] GC(188) Concurrent class unloading
[407.755s][info][gc,task     ] GC(188) Using 1 of 3 workers for concurrent class unloading
[407.770s][info][gc          ] GC(188) Concurrent class unloading 15.840ms
[407.771s][info][gc,start    ] GC(188) Concurrent strong roots
[407.771s][info][gc,task     ] GC(188) Using 1 of 3 workers for concurrent strong root
[407.771s][info][gc          ] GC(188) Concurrent strong roots 0.111ms
[407.771s][info][gc,start    ] GC(188) Concurrent evacuation
[407.771s][info][gc,task     ] GC(188) Using 1 of 3 workers for concurrent evacuation
[407.772s][info][gc          ] GC(188) Concurrent evacuation 1.501ms
[407.772s][info][gc,start    ] GC(188) Pause Init Update Refs
[407.772s][info][gc,ergo     ] GC(188) Pacer for Update Refs. Used: 516M, Free: 7264M, Non-Taxable: 726M, Alloc Tax Rate: 1.1x
[407.772s][info][gc          ] GC(188) Pause Init Update Refs 0.070ms
[407.786s][info][gc,start    ] GC(188) Concurrent update references
[407.786s][info][gc,task     ] GC(188) Using 1 of 3 workers for concurrent reference update
[407.856s][info][gc          ] GC(188) Concurrent update references 70.258ms
[407.856s][info][gc,start    ] GC(188) Concurrent update thread roots
[407.856s][info][gc          ] GC(188) Concurrent update thread roots 0.614ms
[407.857s][info][gc,start    ] GC(188) Pause Final Update Refs
[407.857s][info][gc,task     ] GC(188) Using 3 of 3 workers for final reference update
[407.857s][info][gc          ] GC(188) Pause Final Update Refs 0.081ms
[407.864s][info][gc,start    ] GC(188) Concurrent cleanup
[407.864s][info][gc          ] GC(188) Concurrent cleanup 808M->636M(8192M) 0.173ms
[407.864s][info][gc,ergo     ] Free: 7143M, Max: 4096K regular, 6508M humongous, Frag: 9% external, 0% internal; Reserve: 412M, Max: 4096K
[407.864s][info][gc,stats    ] 
[407.864s][info][gc,stats    ] All times are wall-clock times, except per-root-class counters, that are sum over
[407.864s][info][gc,stats    ] all workers. Dividing the <total> over the root stage time estimates parallelism.
[407.864s][info][gc,stats    ] 
[407.864s][info][gc,stats    ] Concurrent Reset                    375 us
[407.864s][info][gc,stats    ] Pause Init Mark (G)               15300 us
[407.864s][info][gc,stats    ] Pause Init Mark (N)                 111 us
[407.864s][info][gc,stats    ]   Update Region States               36 us
[407.864s][info][gc,stats    ] Concurrent Mark Roots               773 us, parallelism: 0.76x
[407.864s][info][gc,stats    ]   CMR: <total>                      584 us
[407.864s][info][gc,stats    ]   CMR: Thread Roots                 525 us, workers (us): 525, ---, ---, 
[407.864s][info][gc,stats    ]   CMR: VM Strong Roots                7 us, workers (us):   7, ---, ---, 
[407.864s][info][gc,stats    ]   CMR: CLDG Roots                    53 us, workers (us):  53, ---, ---, 
[407.864s][info][gc,stats    ] Concurrent Marking                14931 us
[407.864s][info][gc,stats    ] Pause Final Mark (G)                381 us
[407.864s][info][gc,stats    ] Pause Final Mark (N)                227 us
[407.864s][info][gc,stats    ]   Finish Mark                        53 us
[407.864s][info][gc,stats    ]   Update Region States               40 us
[407.865s][info][gc,stats    ]   Choose Collection Set              79 us
[407.865s][info][gc,stats    ]   Rebuild Free Set                    8 us
[407.865s][info][gc,stats    ] Concurrent Thread Roots             561 us, parallelism: 0.89x
[407.865s][info][gc,stats    ]   CTR: <total>                      500 us
[407.865s][info][gc,stats    ]   CTR: Thread Roots                 500 us, workers (us): 500, ---, ---, 
[407.865s][info][gc,stats    ] Concurrent Weak References           79 us, parallelism: 0.23x
[407.865s][info][gc,stats    ]   CWRF: <total>                      18 us
[407.865s][info][gc,stats    ]   CWRF: Weak References              18 us, workers (us):  18, ---, ---, 
[407.865s][info][gc,stats    ] Concurrent Weak Roots             15015 us
[407.865s][info][gc,stats    ]   Roots                            1248 us, parallelism: 0.96x
[407.865s][info][gc,stats    ]     CWR: <total>                   1202 us
[407.865s][info][gc,stats    ]     CWR: Code Cache Roots           956 us, workers (us): 956, ---, ---, 
[407.865s][info][gc,stats    ]     CWR: VM Weak Roots              233 us, workers (us): 233, ---, ---, 
[407.865s][info][gc,stats    ]     CWR: CLDG Roots                  13 us, workers (us):  13, ---, ---, 
[407.865s][info][gc,stats    ]   Rendezvous                      13663 us
[407.865s][info][gc,stats    ] Concurrent Cleanup                   76 us
[407.865s][info][gc,stats    ] Concurrent Class Unloading        15914 us
[407.865s][info][gc,stats    ]   Unlink Stale                     3955 us
[407.865s][info][gc,stats    ]     System Dictionary                14 us
[407.865s][info][gc,stats    ]     Weak Class Links                  0 us
[407.865s][info][gc,stats    ]     Code Roots                     3939 us
[407.865s][info][gc,stats    ]   Rendezvous                      11474 us
[407.865s][info][gc,stats    ]   Purge Unlinked                    388 us
[407.865s][info][gc,stats    ]     Code Roots                      381 us
[407.865s][info][gc,stats    ]     CLDG                              7 us
[407.865s][info][gc,stats    ]     Exception Caches                  0 us
[407.865s][info][gc,stats    ] Concurrent Strong Roots             123 us, parallelism: 0.44x
[407.865s][info][gc,stats    ]   CSR: <total>                       54 us
[407.865s][info][gc,stats    ]   CSR: VM Strong Roots                4 us, workers (us):   4, ---, ---, 
[407.865s][info][gc,stats    ]   CSR: CLDG Roots                    50 us, workers (us):  50, ---, ---, 
[407.865s][info][gc,stats    ] Concurrent Evacuation              1558 us
[407.865s][info][gc,stats    ] Pause Init Update Refs (G)        13307 us
[407.865s][info][gc,stats    ] Pause Init Update Refs (N)           86 us
[407.865s][info][gc,stats    ]   Manage GCLABs                       5 us
[407.865s][info][gc,stats    ] Concurrent Update Refs            70332 us
[407.865s][info][gc,stats    ] Concurrent Update Thread Roots      632 us
[407.865s][info][gc,stats    ] Pause Final Update Refs (G)        7614 us
[407.865s][info][gc,stats    ] Pause Final Update Refs (N)         121 us
[407.865s][info][gc,stats    ]   Update Region States               37 us
[407.865s][info][gc,stats    ]   Trash Collection Set                4 us
[407.865s][info][gc,stats    ]   Rebuild Free Set                   18 us
[407.865s][info][gc,stats    ] Concurrent Cleanup                  187 us
[407.865s][info][gc,stats    ] 
[407.865s][info][gc,stats    ] Allocation pacing accrued:
[407.865s][info][gc,stats    ]       0 of  1672 ms (  0.0%): <total>
[407.865s][info][gc,stats    ]       0 of  1672 ms (  0.0%): <average total>
[407.865s][info][gc,stats    ] 
[407.865s][info][gc,metaspace] Metaspace: 16614K(16960K)->16614K(16960K) NonClass: 14266K(14464K)->14266K(14464K) Class: 2348K(2496K)->2348K(2496K)
[407.865s][info][gc,ergo     ] Pacer for Idle. Initial: 163M, Alloc Tax Rate: 1.0x
[407.990s][info][gc          ] Trigger: Average GC time (1367.44 ms) is above the time for average allocation rate (4730 MB/s) to deplete free headroom (6057M) (margin of error = 1.82)
[407.990s][info][gc,ergo     ] Free headroom: 6466M (free) - 409M (spike) - 0B (penalties) = 6057M
[407.990s][info][gc,ergo     ] Free: 6466M, Max: 4096K regular, 6416M humongous, Frag: 0% external, 0% internal; Reserve: 412M, Max: 4096K
[407.990s][info][gc,start    ] GC(189) Concurrent reset
[407.990s][info][gc,task     ] GC(189) Using 1 of 3 workers for concurrent reset
[407.990s][info][gc,ergo     ] GC(189) Pacer for Reset. Non-Taxable: 8192M
[407.991s][info][gc          ] GC(189) Concurrent reset 1.448ms
[407.991s][info][gc,start    ] GC(189) Pause Init Mark (unload classes)
[407.991s][info][gc,task     ] GC(189) Using 3 of 3 workers for init marking
[407.991s][info][gc,ergo     ] GC(189) Pacer for Mark. Expected Live: 101M, Free: 6462M, Non-Taxable: 646M, Alloc Tax Rate: 0.0x
[407.991s][info][gc          ] GC(189) Pause Init Mark (unload classes) 0.098ms
[408.032s][info][gc,start    ] GC(189) Concurrent marking roots
[408.032s][info][gc,task     ] GC(189) Using 1 of 3 workers for concurrent marking roots
[408.033s][info][gc          ] GC(189) Concurrent marking roots 0.783ms
[408.033s][info][gc,start    ] GC(189) Concurrent marking (unload classes)
[408.033s][info][gc,task     ] GC(189) Using 1 of 3 workers for concurrent marking
[408.053s][info][gc          ] GC(189) Concurrent marking (unload classes) 19.958ms
[408.053s][info][gc,start    ] GC(189) Pause Final Mark (unload classes)
[408.053s][info][gc,task     ] GC(189) Using 3 of 3 workers for final marking
[408.053s][info][gc,ergo     ] GC(189) Adaptive CSet Selection. Target Free: 1160M, Actual Free: 7700M, Max CSet: 341M, Min Garbage: 0B
[408.053s][info][gc,ergo     ] GC(189) Collectable Garbage: 1307M (99%), Immediate: 1148M (87%), CSet: 159M (12%)
[408.053s][info][gc,ergo     ] GC(189) Pacer for Evacuation. Used CSet: 160M, Free: 7338M, Non-Taxable: 733M, Alloc Tax Rate: 1.1x
[408.053s][info][gc          ] GC(189) Pause Final Mark (unload classes) 0.278ms
[408.059s][info][gc,start    ] GC(189) Concurrent thread roots
[408.059s][info][gc,task     ] GC(189) Using 1 of 3 workers for Concurrent thread roots
[408.060s][info][gc          ] GC(189) Concurrent thread roots 0.647ms
[408.060s][info][gc,start    ] GC(189) Concurrent weak references
[408.060s][info][gc,task     ] GC(189) Using 1 of 3 workers for concurrent weak references
[408.060s][info][gc,ref      ] GC(189) Encountered references: Soft: 173, Weak: 988, Final: 0, Phantom: 41
[408.060s][info][gc,ref      ] GC(189) Discovered  references: Soft: 0, Weak: 200, Final: 0, Phantom: 24
[408.060s][info][gc,ref      ] GC(189) Enqueued    references: Soft: 0, Weak: 0, Final: 0, Phantom: 0
[408.060s][info][gc          ] GC(189) Concurrent weak references 0.073ms
[408.060s][info][gc,start    ] GC(189) Concurrent weak roots
[408.060s][info][gc,task     ] GC(189) Using 1 of 3 workers for concurrent weak root
[408.084s][info][gc          ] GC(189) Concurrent weak roots 24.040ms
[408.084s][info][gc,start    ] GC(189) Concurrent cleanup
[408.084s][info][gc          ] GC(189) Concurrent cleanup 1701M->553M(8192M) 0.080ms
[408.084s][info][gc,ergo     ] GC(189) Free: 7226M, Max: 4096K regular, 6028M humongous, Frag: 16% external, 0% internal; Reserve: 411M, Max: 4096K
[408.084s][info][gc,start    ] GC(189) Concurrent class unloading
[408.084s][info][gc,task     ] GC(189) Using 1 of 3 workers for concurrent class unloading
[408.089s][info][gc          ] GC(189) Concurrent class unloading 4.580ms
[408.089s][info][gc,start    ] GC(189) Concurrent strong roots
[408.089s][info][gc,task     ] GC(189) Using 1 of 3 workers for concurrent strong root
[408.089s][info][gc          ] GC(189) Concurrent strong roots 0.087ms
[408.089s][info][gc,start    ] GC(189) Concurrent evacuation
[408.089s][info][gc,task     ] GC(189) Using 1 of 3 workers for concurrent evacuation
[408.090s][info][gc          ] GC(189) Concurrent evacuation 1.044ms
[408.090s][info][gc,start    ] GC(189) Pause Init Update Refs
[408.090s][info][gc,ergo     ] GC(189) Pacer for Update Refs. Used: 569M, Free: 7211M, Non-Taxable: 721M, Alloc Tax Rate: 1.1x
[408.090s][info][gc          ] GC(189) Pause Init Update Refs 0.040ms
[408.100s][info][gc,start    ] GC(189) Concurrent update references
[408.100s][info][gc,task     ] GC(189) Using 1 of 3 workers for concurrent reference update
[408.216s][info][gc          ] GC(189) Concurrent update references 116.678ms
[408.216s][info][gc,start    ] GC(189) Concurrent update thread roots
[408.217s][info][gc          ] GC(189) Concurrent update thread roots 0.293ms
[408.217s][info][gc,start    ] GC(189) Pause Final Update Refs
[408.217s][info][gc,task     ] GC(189) Using 3 of 3 workers for final reference update
[408.217s][info][gc          ] GC(189) Pause Final Update Refs 0.089ms
[408.217s][info][gc,start    ] GC(189) Concurrent cleanup
[408.217s][info][gc          ] GC(189) Concurrent cleanup 881M->721M(8192M) 0.020ms
[408.217s][info][gc,ergo     ] Free: 7058M, Max: 4096K regular, 6024M humongous, Frag: 14% external, 0% internal; Reserve: 412M, Max: 4096K
[408.217s][info][gc,stats    ] 
[408.217s][info][gc,stats    ] All times are wall-clock times, except per-root-class counters, that are sum over
[408.217s][info][gc,stats    ] all workers. Dividing the <total> over the root stage time estimates parallelism.
[408.217s][info][gc,stats    ] 
[408.217s][info][gc,stats    ] Concurrent Reset                   1496 us
[408.217s][info][gc,stats    ] Pause Init Mark (G)               40551 us
[408.217s][info][gc,stats    ] Pause Init Mark (N)                 108 us
[408.217s][info][gc,stats    ]   Update Region States               39 us
[408.217s][info][gc,stats    ] Concurrent Mark Roots               801 us, parallelism: 0.74x
[408.217s][info][gc,stats    ]   CMR: <total>                      595 us
[408.217s][info][gc,stats    ]   CMR: Thread Roots                 539 us, workers (us): 539, ---, ---, 
[408.217s][info][gc,stats    ]   CMR: VM Strong Roots                8 us, workers (us):   8, ---, ---, 
[408.217s][info][gc,stats    ]   CMR: CLDG Roots                    48 us, workers (us):  48, ---, ---, 
[408.217s][info][gc,stats    ] Concurrent Marking                20052 us
[408.217s][info][gc,stats    ] Pause Final Mark (G)               6384 us
[408.217s][info][gc,stats    ] Pause Final Mark (N)                287 us
[408.217s][info][gc,stats    ]   Finish Mark                        43 us
[408.217s][info][gc,stats    ]   Update Region States               67 us
[408.217s][info][gc,stats    ]   Choose Collection Set             108 us
[408.217s][info][gc,stats    ]   Rebuild Free Set                    8 us
[408.217s][info][gc,stats    ] Concurrent Thread Roots             675 us, parallelism: 0.78x
[408.217s][info][gc,stats    ]   CTR: <total>                      528 us
[408.217s][info][gc,stats    ]   CTR: Thread Roots                 528 us, workers (us): 528, ---, ---, 
[408.217s][info][gc,stats    ] Concurrent Weak References           81 us, parallelism: 0.20x
[408.217s][info][gc,stats    ]   CWRF: <total>                      16 us
[408.217s][info][gc,stats    ]   CWRF: Weak References              16 us, workers (us):  16, ---, ---, 
[408.217s][info][gc,stats    ] Concurrent Weak Roots             24127 us
[408.217s][info][gc,stats    ]   Roots                            1133 us, parallelism: 0.96x
[408.217s][info][gc,stats    ]     CWR: <total>                   1091 us
[408.217s][info][gc,stats    ]     CWR: Code Cache Roots           895 us, workers (us): 895, ---, ---, 
[408.217s][info][gc,stats    ]     CWR: VM Weak Roots              185 us, workers (us): 185, ---, ---, 
[408.217s][info][gc,stats    ]     CWR: CLDG Roots                  11 us, workers (us):  11, ---, ---, 
[408.217s][info][gc,stats    ]   Rendezvous                      22880 us
[408.217s][info][gc,stats    ] Concurrent Cleanup                   89 us
[408.217s][info][gc,stats    ] Concurrent Class Unloading         4641 us
[408.217s][info][gc,stats    ]   Unlink Stale                     3922 us
[408.217s][info][gc,stats    ]     System Dictionary                16 us
[408.217s][info][gc,stats    ]     Weak Class Links                  1 us
[408.217s][info][gc,stats    ]     Code Roots                     3904 us
[408.217s][info][gc,stats    ]   Rendezvous                        374 us
[408.217s][info][gc,stats    ]   Purge Unlinked                    260 us
[408.217s][info][gc,stats    ]     Code Roots                      251 us
[408.217s][info][gc,stats    ]     CLDG                              9 us
[408.217s][info][gc,stats    ]     Exception Caches                  0 us
[408.217s][info][gc,stats    ] Concurrent Strong Roots              98 us, parallelism: 0.41x
[408.217s][info][gc,stats    ]   CSR: <total>                       40 us
[408.217s][info][gc,stats    ]   CSR: VM Strong Roots                3 us, workers (us):   3, ---, ---, 
[408.217s][info][gc,stats    ]   CSR: CLDG Roots                    37 us, workers (us):  37, ---, ---, 
[408.217s][info][gc,stats    ] Concurrent Evacuation              1057 us
[408.217s][info][gc,stats    ] Pause Init Update Refs (G)         9826 us
[408.217s][info][gc,stats    ] Pause Init Update Refs (N)           48 us
[408.217s][info][gc,stats    ]   Manage GCLABs                       4 us
[408.217s][info][gc,stats    ] Concurrent Update Refs           116735 us
[408.217s][info][gc,stats    ] Concurrent Update Thread Roots      302 us
[408.217s][info][gc,stats    ] Pause Final Update Refs (G)         190 us
[408.217s][info][gc,stats    ] Pause Final Update Refs (N)         136 us
[408.217s][info][gc,stats    ]   Update Region States               33 us
[408.217s][info][gc,stats    ]   Trash Collection Set                4 us
[408.217s][info][gc,stats    ]   Rebuild Free Set                   20 us
[408.217s][info][gc,stats    ] Concurrent Cleanup                   28 us
[408.217s][info][gc,stats    ] 
[408.217s][info][gc,stats    ] Allocation pacing accrued:
[408.217s][info][gc,stats    ]       0 of   353 ms (  0.0%): <total>
[408.217s][info][gc,stats    ]       0 of   353 ms (  0.0%): <average total>
[408.217s][info][gc,stats    ] 
[408.217s][info][gc,metaspace] Metaspace: 16614K(16960K)->16614K(16960K) NonClass: 14266K(14464K)->14266K(14464K) Class: 2348K(2496K)->2348K(2496K)
[408.217s][info][gc,ergo     ] Pacer for Idle. Initial: 163M, Alloc Tax Rate: 1.0x
[412.092s][info][gc          ] Trigger: Learning 4 of 5. Free (5722M) is below initial threshold (5734M)
[412.092s][info][gc,ergo     ] Free: 5722M, Max: 4096K regular, 5668M humongous, Frag: 0% external, 0% internal; Reserve: 412M, Max: 4096K
[412.092s][info][gc,start    ] GC(190) Concurrent reset
[412.092s][info][gc,task     ] GC(190) Using 1 of 3 workers for concurrent reset
[412.092s][info][gc,ergo     ] GC(190) Pacer for Reset. Non-Taxable: 8192M
[412.094s][info][gc          ] GC(190) Concurrent reset 2.483ms
[412.094s][info][gc,start    ] GC(190) Pause Init Mark (unload classes)
[412.094s][info][gc,task     ] GC(190) Using 3 of 3 workers for init marking
[412.094s][info][gc,ergo     ] GC(190) Pacer for Mark. Expected Live: 101M, Free: 5718M, Non-Taxable: 571M, Alloc Tax Rate: 0.0x
[412.094s][info][gc          ] GC(190) Pause Init Mark (unload classes) 0.128ms
[412.094s][info][gc,start    ] GC(190) Concurrent marking roots
[412.095s][info][gc,task     ] GC(190) Using 1 of 3 workers for concurrent marking roots
[412.095s][info][gc          ] GC(190) Concurrent marking roots 0.703ms
[412.095s][info][gc,start    ] GC(190) Concurrent marking (unload classes)
[412.095s][info][gc,task     ] GC(190) Using 1 of 3 workers for concurrent marking
[412.635s][info][gc          ] GC(190) Concurrent marking (unload classes) 540.049ms
[412.635s][info][gc,start    ] GC(190) Pause Final Mark (unload classes)
[412.635s][info][gc,task     ] GC(190) Using 3 of 3 workers for final marking
[412.635s][info][gc,ergo     ] GC(190) Adaptive CSet Selection. Target Free: 1160M, Actual Free: 7016M, Max CSet: 341M, Min Garbage: 0B
[412.636s][info][gc,ergo     ] GC(190) Collectable Garbage: 1779M (99%), Immediate: 1360M (76%), CSet: 419M (23%)
[412.636s][info][gc,ergo     ] GC(190) Pacer for Evacuation. Used CSet: 692M, Free: 6659M, Non-Taxable: 665M, Alloc Tax Rate: 1.1x
[412.636s][info][gc          ] GC(190) Pause Final Mark (unload classes) 0.189ms
[412.636s][info][gc,start    ] GC(190) Concurrent thread roots
[412.636s][info][gc,task     ] GC(190) Using 1 of 3 workers for Concurrent thread roots
[412.636s][info][gc          ] GC(190) Concurrent thread roots 0.879ms
[412.636s][info][gc,start    ] GC(190) Concurrent weak references
[412.636s][info][gc,task     ] GC(190) Using 1 of 3 workers for concurrent weak references
[412.637s][info][gc,ref      ] GC(190) Encountered references: Soft: 173, Weak: 991, Final: 0, Phantom: 41
[412.637s][info][gc,ref      ] GC(190) Discovered  references: Soft: 0, Weak: 210, Final: 0, Phantom: 24
[412.637s][info][gc,ref      ] GC(190) Enqueued    references: Soft: 0, Weak: 3, Final: 0, Phantom: 0
[412.637s][info][gc          ] GC(190) Concurrent weak references 0.113ms
[412.637s][info][gc,start    ] GC(190) Concurrent weak roots
[412.637s][info][gc,task     ] GC(190) Using 1 of 3 workers for concurrent weak root
[412.638s][info][gc          ] GC(190) Concurrent weak roots 1.093ms
[412.638s][info][gc,start    ] GC(190) Concurrent cleanup
[412.638s][info][gc          ] GC(190) Concurrent cleanup 2482M->1121M(8192M) 0.039ms
[412.638s][info][gc,ergo     ] GC(190) Free: 6659M, Max: 4096K regular, 5248M humongous, Frag: 21% external, 0% internal; Reserve: 410M, Max: 4096K
[412.638s][info][gc,start    ] GC(190) Concurrent class unloading
[412.638s][info][gc,task     ] GC(190) Using 1 of 3 workers for concurrent class unloading
[412.641s][info][gc          ] GC(190) Concurrent class unloading 3.597ms
[412.641s][info][gc,start    ] GC(190) Concurrent strong roots
[412.641s][info][gc,task     ] GC(190) Using 1 of 3 workers for concurrent strong root
[412.642s][info][gc          ] GC(190) Concurrent strong roots 0.109ms
[412.642s][info][gc,start    ] GC(190) Concurrent evacuation
[412.642s][info][gc,task     ] GC(190) Using 1 of 3 workers for concurrent evacuation
[412.873s][info][gc          ] GC(190) Concurrent evacuation 231.700ms
[412.873s][info][gc,start    ] GC(190) Pause Init Update Refs
[412.873s][info][gc,ergo     ] GC(190) Pacer for Update Refs. Used: 1468M, Free: 6587M, Non-Taxable: 658M, Alloc Tax Rate: 1.1x
[412.873s][info][gc          ] GC(190) Pause Init Update Refs 0.061ms
[412.874s][info][gc,start    ] GC(190) Concurrent update references
[412.874s][info][gc,task     ] GC(190) Using 1 of 3 workers for concurrent reference update
[413.529s][info][gc          ] GC(190) Concurrent update references 655.358ms
[413.529s][info][gc,start    ] GC(190) Concurrent update thread roots
[413.530s][info][gc          ] GC(190) Concurrent update thread roots 1.229ms
[413.530s][info][gc,start    ] GC(190) Pause Final Update Refs
[413.530s][info][gc,task     ] GC(190) Using 3 of 3 workers for final reference update
[413.531s][info][gc          ] GC(190) Pause Final Update Refs 0.279ms
[413.531s][info][gc,start    ] GC(190) Concurrent cleanup
[413.531s][info][gc          ] GC(190) Concurrent cleanup 1888M->1196M(8192M) 0.040ms
[413.531s][info][gc,ergo     ] Free: 6583M, Max: 4096K regular, 4972M humongous, Frag: 24% external, 0% internal; Reserve: 412M, Max: 4096K
[413.531s][info][gc,stats    ] 
[413.531s][info][gc,stats    ] All times are wall-clock times, except per-root-class counters, that are sum over
[413.531s][info][gc,stats    ] all workers. Dividing the <total> over the root stage time estimates parallelism.
[413.531s][info][gc,stats    ] 
[413.531s][info][gc,stats    ] Concurrent Reset                   2542 us
[413.531s][info][gc,stats    ] Pause Init Mark (G)                 270 us
[413.531s][info][gc,stats    ] Pause Init Mark (N)                 138 us
[413.531s][info][gc,stats    ]   Update Region States               67 us
[413.531s][info][gc,stats    ] Concurrent Mark Roots               740 us, parallelism: 0.76x
[413.531s][info][gc,stats    ]   CMR: <total>                      564 us
[413.531s][info][gc,stats    ]   CMR: Thread Roots                 521 us, workers (us): 521, ---, ---, 
[413.531s][info][gc,stats    ]   CMR: VM Strong Roots                6 us, workers (us):   6, ---, ---, 
[413.531s][info][gc,stats    ]   CMR: CLDG Roots                    38 us, workers (us):  38, ---, ---, 
[413.531s][info][gc,stats    ] Concurrent Marking               540100 us
[413.531s][info][gc,stats    ] Pause Final Mark (G)                265 us
[413.531s][info][gc,stats    ] Pause Final Mark (N)                197 us
[413.531s][info][gc,stats    ]   Finish Mark                        33 us
[413.531s][info][gc,stats    ]   Update Region States               40 us
[413.531s][info][gc,stats    ]   Choose Collection Set              65 us
[413.531s][info][gc,stats    ]   Rebuild Free Set                    7 us
[413.531s][info][gc,stats    ] Concurrent Thread Roots             897 us, parallelism: 0.87x
[413.531s][info][gc,stats    ]   CTR: <total>                      780 us
[413.531s][info][gc,stats    ]   CTR: Thread Roots                 780 us, workers (us): 780, ---, ---, 
[413.531s][info][gc,stats    ] Concurrent Weak References          122 us, parallelism: 0.15x
[413.531s][info][gc,stats    ]   CWRF: <total>                      18 us
[413.531s][info][gc,stats    ]   CWRF: Weak References              18 us, workers (us):  18, ---, ---, 
[413.531s][info][gc,stats    ] Concurrent Weak Roots              1134 us
[413.531s][info][gc,stats    ]   Roots                            1004 us, parallelism: 0.94x
[413.531s][info][gc,stats    ]     CWR: <total>                    942 us
[413.531s][info][gc,stats    ]     CWR: Code Cache Roots           741 us, workers (us): 741, ---, ---, 
[413.531s][info][gc,stats    ]     CWR: VM Weak Roots              192 us, workers (us): 192, ---, ---, 
[413.531s][info][gc,stats    ]     CWR: CLDG Roots                   9 us, workers (us):   9, ---, ---, 
[413.531s][info][gc,stats    ]   Rendezvous                         69 us
[413.531s][info][gc,stats    ] Concurrent Cleanup                   47 us
[413.531s][info][gc,stats    ] Concurrent Class Unloading         3632 us
[413.531s][info][gc,stats    ]   Unlink Stale                     3257 us
[413.531s][info][gc,stats    ]     System Dictionary                 9 us
[413.531s][info][gc,stats    ]     Weak Class Links                  0 us
[413.531s][info][gc,stats    ]     Code Roots                     3246 us
[413.531s][info][gc,stats    ]   Rendezvous                         89 us
[413.531s][info][gc,stats    ]   Purge Unlinked                    228 us
[413.531s][info][gc,stats    ]     Code Roots                      223 us
[413.531s][info][gc,stats    ]     CLDG                              5 us
[413.531s][info][gc,stats    ]     Exception Caches                  0 us
[413.531s][info][gc,stats    ] Concurrent Strong Roots             128 us, parallelism: 0.27x
[413.531s][info][gc,stats    ]   CSR: <total>                       34 us
[413.531s][info][gc,stats    ]   CSR: VM Strong Roots                4 us, workers (us):   4, ---, ---, 
[413.531s][info][gc,stats    ]   CSR: CLDG Roots                    31 us, workers (us):  31, ---, ---, 
[413.531s][info][gc,stats    ] Concurrent Evacuation            231773 us
[413.531s][info][gc,stats    ] Pause Init Update Refs (G)          192 us
[413.531s][info][gc,stats    ] Pause Init Update Refs (N)           69 us
[413.531s][info][gc,stats    ]   Manage GCLABs                       3 us
[413.531s][info][gc,stats    ] Concurrent Update Refs           655424 us
[413.531s][info][gc,stats    ] Concurrent Update Thread Roots     1254 us
[413.531s][info][gc,stats    ] Pause Final Update Refs (G)         472 us
[413.531s][info][gc,stats    ] Pause Final Update Refs (N)         339 us
[413.531s][info][gc,stats    ]   Update Region States               95 us
[413.531s][info][gc,stats    ]   Trash Collection Set               11 us
[413.531s][info][gc,stats    ]   Rebuild Free Set                   31 us
[413.531s][info][gc,stats    ] Concurrent Cleanup                   49 us
[413.531s][info][gc,stats    ] 
[413.531s][info][gc,stats    ] Allocation pacing accrued:
[413.531s][info][gc,stats    ]       0 of  5314 ms (  0.0%): <total>
[413.531s][info][gc,stats    ]       0 of  5314 ms (  0.0%): <average total>
[413.531s][info][gc,stats    ] 
[413.531s][info][gc,metaspace] Metaspace: 16614K(16960K)->16614K(16960K) NonClass: 14266K(14464K)->14266K(14464K) Class: 2348K(2496K)->2348K(2496K)
[413.531s][info][gc,ergo     ] Pacer for Idle. Initial: 163M, Alloc Tax Rate: 1.0x
[414.331s][info][gc          ] Trigger: Explicit GC request (System.gc())
[414.331s][info][gc,ergo     ] Free: 6479M, Max: 4096K regular, 4972M humongous, Frag: 23% external, 0% internal; Reserve: 412M, Max: 4096K
[414.331s][info][gc,start    ] GC(191) Concurrent reset
[414.331s][info][gc,task     ] GC(191) Using 1 of 3 workers for concurrent reset
[414.331s][info][gc,ergo     ] GC(191) Pacer for Reset. Non-Taxable: 8192M
[414.334s][info][gc          ] GC(191) Concurrent reset 2.942ms
[414.334s][info][gc,start    ] GC(191) Pause Init Mark (unload classes)
[414.334s][info][gc,task     ] GC(191) Using 3 of 3 workers for init marking
[414.334s][info][gc,ref      ] GC(191) Clearing All SoftReferences
[414.334s][info][gc,ergo     ] GC(191) Pacer for Mark. Expected Live: 141M, Free: 6479M, Non-Taxable: 647M, Alloc Tax Rate: 0.0x
[414.334s][info][gc          ] GC(191) Pause Init Mark (unload classes) 0.224ms
[414.334s][info][gc,start    ] GC(191) Concurrent marking roots
[414.334s][info][gc,task     ] GC(191) Using 1 of 3 workers for concurrent marking roots
[414.335s][info][gc          ] GC(191) Concurrent marking roots 1.104ms
[414.335s][info][gc,start    ] GC(191) Concurrent marking (unload classes)
[414.335s][info][gc,task     ] GC(191) Using 1 of 3 workers for concurrent marking
[414.340s][info][gc          ] GC(191) Concurrent marking (unload classes) 4.976ms
[414.341s][info][gc,start    ] GC(191) Pause Final Mark (unload classes)
[414.341s][info][gc,task     ] GC(191) Using 3 of 3 workers for final marking
[414.341s][info][gc,ergo     ] GC(191) Collectable Garbage: 1270M (98%), Immediate: 1270M (98%), CSet: 0B (0%)
[414.341s][info][gc          ] GC(191) Pause Final Mark (unload classes) 0.421ms
[414.341s][info][gc,start    ] GC(191) Concurrent weak references
[414.341s][info][gc,task     ] GC(191) Using 1 of 3 workers for concurrent weak references
[414.341s][info][gc,ref      ] GC(191) Encountered references: Soft: 172, Weak: 989, Final: 0, Phantom: 41
[414.341s][info][gc,ref      ] GC(191) Discovered  references: Soft: 108, Weak: 219, Final: 0, Phantom: 24
[414.341s][info][gc,ref      ] GC(191) Enqueued    references: Soft: 4, Weak: 6, Final: 0, Phantom: 0
[414.341s][info][gc          ] GC(191) Concurrent weak references 0.226ms
[414.341s][info][gc,start    ] GC(191) Concurrent weak roots
[414.341s][info][gc,task     ] GC(191) Using 1 of 3 workers for concurrent weak root
[414.343s][info][gc          ] GC(191) Concurrent weak roots 1.549ms
[414.343s][info][gc,start    ] GC(191) Concurrent cleanup
[414.343s][info][gc          ] GC(191) Concurrent cleanup 1300M->29M(8192M) 0.059ms
[414.343s][info][gc,ergo     ] GC(191) Free: 7750M, Max: 4096K regular, 7132M humongous, Frag: 8% external, 0% internal; Reserve: 412M, Max: 4096K
[414.343s][info][gc,start    ] GC(191) Concurrent class unloading
[414.343s][info][gc,task     ] GC(191) Using 1 of 3 workers for concurrent class unloading
[414.349s][info][gc          ] GC(191) Concurrent class unloading 5.654ms
[414.349s][info][gc,start    ] GC(191) Pause Final Roots
[414.349s][info][gc          ] GC(191) Pause Final Roots 0.041ms
[414.349s][info][gc,ergo     ] Free: 7750M, Max: 4096K regular, 7132M humongous, Frag: 8% external, 0% internal; Reserve: 412M, Max: 4096K
[414.349s][info][gc,stats    ] 
[414.349s][info][gc,stats    ] All times are wall-clock times, except per-root-class counters, that are sum over
[414.349s][info][gc,stats    ] all workers. Dividing the <total> over the root stage time estimates parallelism.
[414.349s][info][gc,stats    ] 
[414.349s][info][gc,stats    ] Concurrent Reset                   2998 us
[414.349s][info][gc,stats    ] Pause Init Mark (G)                 347 us
[414.349s][info][gc,stats    ] Pause Init Mark (N)                 244 us
[414.349s][info][gc,stats    ]   Update Region States               90 us
[414.349s][info][gc,stats    ] Concurrent Mark Roots              1135 us, parallelism: 0.87x
[414.349s][info][gc,stats    ]   CMR: <total>                      989 us
[414.349s][info][gc,stats    ]   CMR: Thread Roots                 919 us, workers (us): 919, ---, ---, 
[414.349s][info][gc,stats    ]   CMR: VM Strong Roots                6 us, workers (us):   6, ---, ---, 
[414.349s][info][gc,stats    ]   CMR: CLDG Roots                    64 us, workers (us):  64, ---, ---, 
[414.349s][info][gc,stats    ] Concurrent Marking                 5047 us
[414.349s][info][gc,stats    ] Pause Final Mark (G)                562 us
[414.349s][info][gc,stats    ] Pause Final Mark (N)                446 us
[414.349s][info][gc,stats    ]   Finish Mark                       154 us
[414.349s][info][gc,stats    ]   Update Region States               89 us
[414.349s][info][gc,stats    ]   Choose Collection Set              77 us
[414.349s][info][gc,stats    ]   Rebuild Free Set                   21 us
[414.349s][info][gc,stats    ] Concurrent Weak References          242 us, parallelism: 0.06x
[414.349s][info][gc,stats    ]   CWRF: <total>                      15 us
[414.349s][info][gc,stats    ]   CWRF: Weak References              15 us, workers (us):  15, ---, ---, 
[414.349s][info][gc,stats    ] Concurrent Weak Roots              1585 us
[414.349s][info][gc,stats    ]   Roots                            1415 us, parallelism: 0.82x
[414.349s][info][gc,stats    ]     CWR: <total>                   1167 us
[414.349s][info][gc,stats    ]     CWR: Code Cache Roots           819 us, workers (us): 819, ---, ---, 
[414.349s][info][gc,stats    ]     CWR: VM Weak Roots              339 us, workers (us): 339, ---, ---, 
[414.349s][info][gc,stats    ]     CWR: CLDG Roots                   9 us, workers (us):   9, ---, ---, 
[414.349s][info][gc,stats    ]   Rendezvous                        100 us
[414.349s][info][gc,stats    ] Concurrent Cleanup                   77 us
[414.349s][info][gc,stats    ] Concurrent Class Unloading         5717 us
[414.349s][info][gc,stats    ]   Unlink Stale                     5311 us
[414.349s][info][gc,stats    ]     System Dictionary                92 us
[414.349s][info][gc,stats    ]     Weak Class Links               1954 us
[414.349s][info][gc,stats    ]     Code Roots                     3263 us
[414.349s][info][gc,stats    ]   Rendezvous                        105 us
[414.349s][info][gc,stats    ]   Purge Unlinked                    203 us
[414.349s][info][gc,stats    ]     Code Roots                      176 us
[414.349s][info][gc,stats    ]     CLDG                             26 us
[414.350s][info][gc,stats    ]     Exception Caches                  0 us
[414.350s][info][gc,stats    ] Pause Final Roots (G)               131 us
[414.350s][info][gc,stats    ] Pause Final Roots (N)                50 us
[414.350s][info][gc,stats    ] 
[414.350s][info][gc,stats    ] Allocation pacing accrued:
[414.350s][info][gc,stats    ]       0 of   818 ms (  0.0%): <total>
[414.350s][info][gc,stats    ]       0 of   818 ms (  0.0%): <average total>
[414.350s][info][gc,stats    ] 
[414.350s][info][gc,metaspace] Metaspace: 16614K(16960K)->16610K(16960K) NonClass: 14266K(14464K)->14262K(14464K) Class: 2348K(2496K)->2347K(2496K)
[414.350s][info][gc,ergo     ] Pacer for Idle. Initial: 163M, Alloc Tax Rate: 1.0x
[416.064s][info][gc          ] Trigger: Average GC time (1568.07 ms) is above the time for instantaneous allocation rate (4878 MB/s) to deplete free headroom (6289M) (spike threshold = 1.64)
[416.064s][info][gc,ergo     ] Free: 6699M, Max: 4096K regular, 6648M humongous, Frag: 0% external, 0% internal; Reserve: 412M, Max: 4096K
[416.064s][info][gc,start    ] GC(192) Concurrent reset
[416.064s][info][gc,task     ] GC(192) Using 1 of 3 workers for concurrent reset
[416.064s][info][gc,ergo     ] GC(192) Pacer for Reset. Non-Taxable: 8192M
[416.065s][info][gc          ] GC(192) Concurrent reset 0.586ms
[416.065s][info][gc,start    ] GC(192) Pause Init Mark (unload classes)
[416.065s][info][gc,task     ] GC(192) Using 3 of 3 workers for init marking
[416.065s][info][gc,ergo     ] GC(192) Pacer for Mark. Expected Live: 60245K, Free: 6698M, Non-Taxable: 669M, Alloc Tax Rate: 0.0x
[416.065s][info][gc          ] GC(192) Pause Init Mark (unload classes) 0.128ms
[416.073s][info][gc,start    ] GC(192) Concurrent marking roots
[416.073s][info][gc,task     ] GC(192) Using 1 of 3 workers for concurrent marking roots
[416.074s][info][gc          ] GC(192) Concurrent marking roots 0.709ms
[416.074s][info][gc,start    ] GC(192) Concurrent marking (unload classes)
[416.074s][info][gc,task     ] GC(192) Using 1 of 3 workers for concurrent marking
[416.112s][info][gc          ] GC(192) Concurrent marking (unload classes) 37.874ms
[416.112s][info][gc,start    ] GC(192) Pause Final Mark (unload classes)
[416.112s][info][gc,task     ] GC(192) Using 3 of 3 workers for final marking
[416.112s][info][gc,ergo     ] GC(192) Adaptive CSet Selection. Target Free: 1160M, Actual Free: 7744M, Max CSet: 341M, Min Garbage: 0B
[416.112s][info][gc,ergo     ] GC(192) Collectable Garbage: 1072M (99%), Immediate: 916M (85%), CSet: 156M (14%)
[416.112s][info][gc,ergo     ] GC(192) Pacer for Evacuation. Used CSet: 157M, Free: 7379M, Non-Taxable: 737M, Alloc Tax Rate: 1.1x
[416.112s][info][gc          ] GC(192) Pause Final Mark (unload classes) 0.289ms
[416.127s][info][gc,start    ] GC(192) Concurrent thread roots
[416.127s][info][gc,task     ] GC(192) Using 1 of 3 workers for Concurrent thread roots
[416.128s][info][gc          ] GC(192) Concurrent thread roots 0.650ms
[416.128s][info][gc,start    ] GC(192) Concurrent weak references
[416.128s][info][gc,task     ] GC(192) Using 1 of 3 workers for concurrent weak references
[416.128s][info][gc,ref      ] GC(192) Encountered references: Soft: 173, Weak: 995, Final: 0, Phantom: 41
[416.128s][info][gc,ref      ] GC(192) Discovered  references: Soft: 0, Weak: 204, Final: 0, Phantom: 24
[416.128s][info][gc,ref      ] GC(192) Enqueued    references: Soft: 0, Weak: 4, Final: 0, Phantom: 0
[416.128s][info][gc          ] GC(192) Concurrent weak references 0.080ms
[416.128s][info][gc,start    ] GC(192) Concurrent weak roots
[416.128s][info][gc,task     ] GC(192) Using 1 of 3 workers for concurrent weak root
[416.143s][info][gc          ] GC(192) Concurrent weak roots 14.873ms
[416.143s][info][gc,start    ] GC(192) Concurrent cleanup
[416.143s][info][gc          ] GC(192) Concurrent cleanup 1433M->517M(8192M) 0.054ms
[416.143s][info][gc,ergo     ] GC(192) Free: 7259M, Max: 4096K regular, 6300M humongous, Frag: 13% external, 0% internal; Reserve: 411M, Max: 4096K
[416.143s][info][gc,start    ] GC(192) Concurrent class unloading
[416.143s][info][gc,task     ] GC(192) Using 1 of 3 workers for concurrent class unloading
[416.159s][info][gc          ] GC(192) Concurrent class unloading 16.012ms
[416.159s][info][gc,start    ] GC(192) Concurrent strong roots
[416.159s][info][gc,task     ] GC(192) Using 1 of 3 workers for concurrent strong root
[416.159s][info][gc          ] GC(192) Concurrent strong roots 0.115ms
[416.159s][info][gc,start    ] GC(192) Concurrent evacuation
[416.159s][info][gc,task     ] GC(192) Using 1 of 3 workers for concurrent evacuation
[416.161s][info][gc          ] GC(192) Concurrent evacuation 1.520ms
[416.161s][info][gc,start    ] GC(192) Pause Init Update Refs
[416.161s][info][gc,ergo     ] GC(192) Pacer for Update Refs. Used: 581M, Free: 7196M, Non-Taxable: 719M, Alloc Tax Rate: 1.1x
[416.161s][info][gc          ] GC(192) Pause Init Update Refs 0.072ms
[416.185s][info][gc,start    ] GC(192) Concurrent update references
[416.185s][info][gc,task     ] GC(192) Using 1 of 3 workers for concurrent reference update
[416.285s][info][gc          ] GC(192) Concurrent update references 99.935ms
[416.285s][info][gc,start    ] GC(192) Concurrent update thread roots
[416.286s][info][gc          ] GC(192) Concurrent update thread roots 1.020ms
[416.286s][info][gc,start    ] GC(192) Pause Final Update Refs
[416.286s][info][gc,task     ] GC(192) Using 3 of 3 workers for final reference update
[416.286s][info][gc          ] GC(192) Pause Final Update Refs 0.080ms
[416.300s][info][gc,start    ] GC(192) Concurrent cleanup
[416.300s][info][gc          ] GC(192) Concurrent cleanup 1017M->896M(8192M) 0.121ms
[416.300s][info][gc,ergo     ] Free: 6883M, Max: 4096K regular, 6300M humongous, Frag: 8% external, 0% internal; Reserve: 412M, Max: 4096K
[416.300s][info][gc,stats    ] 
[416.300s][info][gc,stats    ] All times are wall-clock times, except per-root-class counters, that are sum over
[416.300s][info][gc,stats    ] all workers. Dividing the <total> over the root stage time estimates parallelism.
[416.300s][info][gc,stats    ] 
[416.300s][info][gc,stats    ] Concurrent Reset                    608 us
[416.300s][info][gc,stats    ] Pause Init Mark (G)                7925 us
[416.300s][info][gc,stats    ] Pause Init Mark (N)                 137 us
[416.300s][info][gc,stats    ]   Update Region States               41 us
[416.300s][info][gc,stats    ] Concurrent Mark Roots               734 us, parallelism: 0.78x
[416.300s][info][gc,stats    ]   CMR: <total>                      575 us
[416.300s][info][gc,stats    ]   CMR: Thread Roots                 521 us, workers (us): 521, ---, ---, 
[416.300s][info][gc,stats    ]   CMR: VM Strong Roots                7 us, workers (us):   7, ---, ---, 
[416.301s][info][gc,stats    ]   CMR: CLDG Roots                    46 us, workers (us):  46, ---, ---, 
[416.301s][info][gc,stats    ] Concurrent Marking                37977 us
[416.301s][info][gc,stats    ] Pause Final Mark (G)              15726 us
[416.301s][info][gc,stats    ] Pause Final Mark (N)                300 us
[416.301s][info][gc,stats    ]   Finish Mark                        64 us
[416.301s][info][gc,stats    ]   Update Region States               72 us
[416.301s][info][gc,stats    ]   Choose Collection Set              61 us
[416.301s][info][gc,stats    ]   Rebuild Free Set                    8 us
[416.301s][info][gc,stats    ] Concurrent Thread Roots             671 us, parallelism: 0.77x
[416.301s][info][gc,stats    ]   CTR: <total>                      518 us
[416.301s][info][gc,stats    ]   CTR: Thread Roots                 518 us, workers (us): 518, ---, ---, 
[416.301s][info][gc,stats    ] Concurrent Weak References           88 us, parallelism: 0.22x
[416.301s][info][gc,stats    ]   CWRF: <total>                      19 us
[416.301s][info][gc,stats    ]   CWRF: Weak References              19 us, workers (us):  19, ---, ---, 
[416.301s][info][gc,stats    ] Concurrent Weak Roots             14955 us
[416.301s][info][gc,stats    ]   Roots                            1390 us, parallelism: 0.96x
[416.301s][info][gc,stats    ]     CWR: <total>                   1338 us
[416.301s][info][gc,stats    ]     CWR: Code Cache Roots          1042 us, workers (us): 1042, ---, ---, 
[416.301s][info][gc,stats    ]     CWR: VM Weak Roots              284 us, workers (us): 284, ---, ---, 
[416.301s][info][gc,stats    ]     CWR: CLDG Roots                  12 us, workers (us):  12, ---, ---, 
[416.301s][info][gc,stats    ]   Rendezvous                      13459 us
[416.301s][info][gc,stats    ] Concurrent Cleanup                   62 us
[416.301s][info][gc,stats    ] Concurrent Class Unloading        16083 us
[416.301s][info][gc,stats    ]   Unlink Stale                     3969 us
[416.301s][info][gc,stats    ]     System Dictionary                15 us
[416.301s][info][gc,stats    ]     Weak Class Links                  0 us
[416.301s][info][gc,stats    ]     Code Roots                     3952 us
[416.301s][info][gc,stats    ]   Rendezvous                      11593 us
[416.301s][info][gc,stats    ]   Purge Unlinked                    426 us
[416.301s][info][gc,stats    ]     Code Roots                      412 us
[416.301s][info][gc,stats    ]     CLDG                             12 us
[416.301s][info][gc,stats    ]     Exception Caches                  0 us
[416.301s][info][gc,stats    ] Concurrent Strong Roots             133 us, parallelism: 0.40x
[416.301s][info][gc,stats    ]   CSR: <total>                       53 us
[416.301s][info][gc,stats    ]   CSR: VM Strong Roots                4 us, workers (us):   4, ---, ---, 
[416.301s][info][gc,stats    ]   CSR: CLDG Roots                    49 us, workers (us):  49, ---, ---, 
[416.301s][info][gc,stats    ] Concurrent Evacuation              1573 us
[416.301s][info][gc,stats    ] Pause Init Update Refs (G)        23834 us
[416.301s][info][gc,stats    ] Pause Init Update Refs (N)           80 us
[416.301s][info][gc,stats    ]   Manage GCLABs                       6 us
[416.301s][info][gc,stats    ] Concurrent Update Refs            99997 us
[416.301s][info][gc,stats    ] Concurrent Update Thread Roots     1045 us
[416.301s][info][gc,stats    ] Pause Final Update Refs (G)       14356 us
[416.301s][info][gc,stats    ] Pause Final Update Refs (N)         119 us
[416.301s][info][gc,stats    ]   Update Region States               40 us
[416.301s][info][gc,stats    ]   Trash Collection Set                2 us
[416.301s][info][gc,stats    ]   Rebuild Free Set                    8 us
[416.301s][info][gc,stats    ] Concurrent Cleanup                  134 us
[416.301s][info][gc,stats    ] 
[416.301s][info][gc,stats    ] Allocation pacing accrued:
[416.301s][info][gc,stats    ]       0 of  1951 ms (  0.0%): <total>
[416.301s][info][gc,stats    ]       0 of  1951 ms (  0.0%): <average total>
[416.301s][info][gc,stats    ] 
[416.301s][info][gc,metaspace] Metaspace: 16614K(16960K)->16614K(16960K) NonClass: 14266K(14464K)->14266K(14464K) Class: 2348K(2496K)->2348K(2496K)
[416.301s][info][gc,ergo     ] Pacer for Idle. Initial: 163M, Alloc Tax Rate: 1.0x
[416.429s][info][gc          ] Trigger: Average GC time (1156.90 ms) is above the time for instantaneous allocation rate (5402 MB/s) to deplete free headroom (5774M) (spike threshold = 1.63)
[416.429s][info][gc,ergo     ] Free: 6183M, Max: 4096K regular, 6128M humongous, Frag: 0% external, 0% internal; Reserve: 412M, Max: 4096K
[416.430s][info][gc,start    ] GC(193) Concurrent reset
[416.430s][info][gc,task     ] GC(193) Using 1 of 3 workers for concurrent reset
[416.430s][info][gc,ergo     ] GC(193) Pacer for Reset. Non-Taxable: 8192M
[416.431s][info][gc          ] GC(193) Concurrent reset 1.176ms
[416.431s][info][gc,start    ] GC(193) Pause Init Mark (unload classes)
[416.431s][info][gc,task     ] GC(193) Using 3 of 3 workers for init marking
[416.431s][info][gc,ergo     ] GC(193) Pacer for Mark. Expected Live: 60293K, Free: 6179M, Non-Taxable: 617M, Alloc Tax Rate: 0.0x
[416.431s][info][gc          ] GC(193) Pause Init Mark (unload classes) 0.135ms
[416.445s][info][gc,start    ] GC(193) Concurrent marking roots
[416.445s][info][gc,task     ] GC(193) Using 1 of 3 workers for concurrent marking roots
[416.446s][info][gc          ] GC(193) Concurrent marking roots 0.739ms
[416.446s][info][gc,start    ] GC(193) Concurrent marking (unload classes)
[416.446s][info][gc,task     ] GC(193) Using 1 of 3 workers for concurrent marking
[416.477s][info][gc          ] GC(193) Concurrent marking (unload classes) 30.952ms
[416.477s][info][gc,start    ] GC(193) Pause Final Mark (unload classes)
[416.477s][info][gc,task     ] GC(193) Using 3 of 3 workers for final marking
[416.477s][info][gc,ergo     ] GC(193) Adaptive CSet Selection. Target Free: 1160M, Actual Free: 7736M, Max CSet: 341M, Min Garbage: 0B
[416.477s][info][gc,ergo     ] GC(193) Collectable Garbage: 1591M (99%), Immediate: 1424M (89%), CSet: 167M (10%)
[416.477s][info][gc,ergo     ] GC(193) Pacer for Evacuation. Used CSet: 168M, Free: 7379M, Non-Taxable: 737M, Alloc Tax Rate: 1.1x
[416.477s][info][gc          ] GC(193) Pause Final Mark (unload classes) 0.218ms
[416.493s][info][gc,start    ] GC(193) Concurrent thread roots
[416.493s][info][gc,task     ] GC(193) Using 1 of 3 workers for Concurrent thread roots
[416.493s][info][gc          ] GC(193) Concurrent thread roots 0.587ms
[416.493s][info][gc,start    ] GC(193) Concurrent weak references
[416.493s][info][gc,task     ] GC(193) Using 1 of 3 workers for concurrent weak references
[416.493s][info][gc,ref      ] GC(193) Encountered references: Soft: 173, Weak: 991, Final: 0, Phantom: 41
[416.493s][info][gc,ref      ] GC(193) Discovered  references: Soft: 0, Weak: 202, Final: 0, Phantom: 24
[416.493s][info][gc,ref      ] GC(193) Enqueued    references: Soft: 0, Weak: 0, Final: 0, Phantom: 0
[416.493s][info][gc          ] GC(193) Concurrent weak references 0.083ms
[416.493s][info][gc,start    ] GC(193) Concurrent weak roots
[416.493s][info][gc,task     ] GC(193) Using 1 of 3 workers for concurrent weak root
[416.500s][info][gc          ] GC(193) Concurrent weak roots 7.088ms
[416.501s][info][gc,start    ] GC(193) Concurrent cleanup
[416.501s][info][gc          ] GC(193) Concurrent cleanup 1912M->492M(8192M) 0.072ms
[416.501s][info][gc,ergo     ] GC(193) Free: 7287M, Max: 4096K regular, 5812M humongous, Frag: 20% external, 0% internal; Reserve: 411M, Max: 4096K
[416.501s][info][gc,start    ] GC(193) Concurrent class unloading
[416.501s][info][gc,task     ] GC(193) Using 1 of 3 workers for concurrent class unloading
[416.505s][info][gc          ] GC(193) Concurrent class unloading 4.431ms
[416.505s][info][gc,start    ] GC(193) Concurrent strong roots
[416.505s][info][gc,task     ] GC(193) Using 1 of 3 workers for concurrent strong root
[416.505s][info][gc          ] GC(193) Concurrent strong roots 0.112ms
[416.505s][info][gc,start    ] GC(193) Concurrent evacuation
[416.505s][info][gc,task     ] GC(193) Using 1 of 3 workers for concurrent evacuation
[416.507s][info][gc          ] GC(193) Concurrent evacuation 1.981ms
[416.507s][info][gc,start    ] GC(193) Pause Init Update Refs
[416.507s][info][gc,ergo     ] GC(193) Pacer for Update Refs. Used: 500M, Free: 7279M, Non-Taxable: 727M, Alloc Tax Rate: 1.1x
[416.507s][info][gc          ] GC(193) Pause Init Update Refs 0.052ms
[416.507s][info][gc,start    ] GC(193) Concurrent update references
[416.507s][info][gc,task     ] GC(193) Using 1 of 3 workers for concurrent reference update
[416.601s][info][gc          ] GC(193) Concurrent update references 93.184ms
[416.601s][info][gc,start    ] GC(193) Concurrent update thread roots
[416.601s][info][gc          ] GC(193) Concurrent update thread roots 0.274ms
[416.601s][info][gc,start    ] GC(193) Pause Final Update Refs
[416.601s][info][gc,task     ] GC(193) Using 3 of 3 workers for final reference update
[416.601s][info][gc          ] GC(193) Pause Final Update Refs 0.089ms
[416.601s][info][gc,start    ] GC(193) Concurrent cleanup
[416.601s][info][gc          ] GC(193) Concurrent cleanup 572M->404M(8192M) 0.030ms
[416.601s][info][gc,ergo     ] Free: 7375M, Max: 4096K regular, 5808M humongous, Frag: 21% external, 0% internal; Reserve: 412M, Max: 4096K
[416.601s][info][gc,stats    ] 
[416.601s][info][gc,stats    ] All times are wall-clock times, except per-root-class counters, that are sum over
[416.601s][info][gc,stats    ] all workers. Dividing the <total> over the root stage time estimates parallelism.
[416.601s][info][gc,stats    ] 
[416.601s][info][gc,stats    ] Concurrent Reset                   1264 us
[416.601s][info][gc,stats    ] Pause Init Mark (G)               14549 us
[416.601s][info][gc,stats    ] Pause Init Mark (N)                 145 us
[416.601s][info][gc,stats    ]   Update Region States               36 us
[416.601s][info][gc,stats    ] Concurrent Mark Roots               768 us, parallelism: 0.75x
[416.601s][info][gc,stats    ]   CMR: <total>                      576 us
[416.601s][info][gc,stats    ]   CMR: Thread Roots                 515 us, workers (us): 515, ---, ---, 
[416.601s][info][gc,stats    ]   CMR: VM Strong Roots                9 us, workers (us):   9, ---, ---, 
[416.601s][info][gc,stats    ]   CMR: CLDG Roots                    52 us, workers (us):  52, ---, ---, 
[416.601s][info][gc,stats    ] Concurrent Marking                31038 us
[416.601s][info][gc,stats    ] Pause Final Mark (G)              15521 us
[416.601s][info][gc,stats    ] Pause Final Mark (N)                226 us
[416.601s][info][gc,stats    ]   Finish Mark                        49 us
[416.601s][info][gc,stats    ]   Update Region States               46 us
[416.601s][info][gc,stats    ]   Choose Collection Set              50 us
[416.601s][info][gc,stats    ]   Rebuild Free Set                    8 us
[416.601s][info][gc,stats    ] Concurrent Thread Roots             609 us, parallelism: 0.78x
[416.601s][info][gc,stats    ]   CTR: <total>                      474 us
[416.601s][info][gc,stats    ]   CTR: Thread Roots                 474 us, workers (us): 474, ---, ---, 
[416.601s][info][gc,stats    ] Concurrent Weak References           90 us, parallelism: 0.20x
[416.601s][info][gc,stats    ]   CWRF: <total>                      19 us
[416.601s][info][gc,stats    ]   CWRF: Weak References              19 us, workers (us):  19, ---, ---, 
[416.601s][info][gc,stats    ] Concurrent Weak Roots              7164 us
[416.601s][info][gc,stats    ]   Roots                            1279 us, parallelism: 0.96x
[416.601s][info][gc,stats    ]     CWR: <total>                   1231 us
[416.601s][info][gc,stats    ]     CWR: Code Cache Roots          1023 us, workers (us): 1023, ---, ---, 
[416.601s][info][gc,stats    ]     CWR: VM Weak Roots              197 us, workers (us): 197, ---, ---, 
[416.601s][info][gc,stats    ]     CWR: CLDG Roots                  11 us, workers (us):  11, ---, ---, 
[416.601s][info][gc,stats    ]   Rendezvous                       5789 us
[416.601s][info][gc,stats    ] Concurrent Cleanup                   82 us
[416.601s][info][gc,stats    ] Concurrent Class Unloading         4488 us
[416.601s][info][gc,stats    ]   Unlink Stale                     4022 us
[416.601s][info][gc,stats    ]     System Dictionary                20 us
[416.601s][info][gc,stats    ]     Weak Class Links                  0 us
[416.601s][info][gc,stats    ]     Code Roots                     3999 us
[416.601s][info][gc,stats    ]   Rendezvous                         80 us
[416.601s][info][gc,stats    ]   Purge Unlinked                    302 us
[416.602s][info][gc,stats    ]     Code Roots                      296 us
[416.602s][info][gc,stats    ]     CLDG                              5 us
[416.602s][info][gc,stats    ]     Exception Caches                  0 us
[416.602s][info][gc,stats    ] Concurrent Strong Roots             131 us, parallelism: 0.41x
[416.602s][info][gc,stats    ]   CSR: <total>                       54 us
[416.602s][info][gc,stats    ]   CSR: VM Strong Roots                3 us, workers (us):   3, ---, ---, 
[416.602s][info][gc,stats    ]   CSR: CLDG Roots                    51 us, workers (us):  51, ---, ---, 
[416.602s][info][gc,stats    ] Concurrent Evacuation              2037 us
[416.602s][info][gc,stats    ] Pause Init Update Refs (G)          145 us
[416.602s][info][gc,stats    ] Pause Init Update Refs (N)           61 us
[416.602s][info][gc,stats    ]   Manage GCLABs                       3 us
[416.602s][info][gc,stats    ] Concurrent Update Refs            93229 us
[416.602s][info][gc,stats    ] Concurrent Update Thread Roots      308 us
[416.602s][info][gc,stats    ] Pause Final Update Refs (G)         150 us
[416.602s][info][gc,stats    ] Pause Final Update Refs (N)         100 us
[416.602s][info][gc,stats    ]   Update Region States               35 us
[416.602s][info][gc,stats    ]   Trash Collection Set                4 us
[416.602s][info][gc,stats    ]   Rebuild Free Set                   20 us
[416.602s][info][gc,stats    ] Concurrent Cleanup                   39 us
[416.602s][info][gc,stats    ] 
[416.602s][info][gc,stats    ] Allocation pacing accrued:
[416.602s][info][gc,stats    ]       0 of   301 ms (  0.0%): <total>
[416.602s][info][gc,stats    ]       0 of   301 ms (  0.0%): <average total>
[416.602s][info][gc,stats    ] 
[416.602s][info][gc,metaspace] Metaspace: 16614K(16960K)->16614K(16960K) NonClass: 14266K(14464K)->14266K(14464K) Class: 2348K(2496K)->2348K(2496K)
[416.602s][info][gc,ergo     ] Pacer for Idle. Initial: 163M, Alloc Tax Rate: 1.0x
[420.746s][info][gc          ] Trigger: Learning 4 of 5. Free (5732M) is below initial threshold (5734M)
[420.746s][info][gc,ergo     ] Free: 5732M, Max: 4096K regular, 5672M humongous, Frag: 0% external, 0% internal; Reserve: 412M, Max: 4096K
[420.746s][info][gc,start    ] GC(194) Concurrent reset
[420.746s][info][gc,task     ] GC(194) Using 1 of 3 workers for concurrent reset
[420.746s][info][gc,ergo     ] GC(194) Pacer for Reset. Non-Taxable: 8192M
[420.747s][info][gc          ] GC(194) Concurrent reset 0.839ms
[420.747s][info][gc,start    ] GC(194) Pause Init Mark (unload classes)
[420.747s][info][gc,task     ] GC(194) Using 3 of 3 workers for init marking
[420.747s][info][gc,ergo     ] GC(194) Pacer for Mark. Expected Live: 60291K, Free: 5732M, Non-Taxable: 573M, Alloc Tax Rate: 0.0x
[420.747s][info][gc          ] GC(194) Pause Init Mark (unload classes) 0.210ms
[420.747s][info][gc,start    ] GC(194) Concurrent marking roots
[420.747s][info][gc,task     ] GC(194) Using 1 of 3 workers for concurrent marking roots
[420.748s][info][gc          ] GC(194) Concurrent marking roots 0.985ms
[420.748s][info][gc,start    ] GC(194) Concurrent marking (unload classes)
[420.748s][info][gc,task     ] GC(194) Using 1 of 3 workers for concurrent marking
[421.546s][info][gc          ] GC(194) Concurrent marking (unload classes) 797.754ms
[421.546s][info][gc,start    ] GC(194) Pause Final Mark (unload classes)
[421.546s][info][gc,task     ] GC(194) Using 3 of 3 workers for final marking
[421.547s][info][gc,ergo     ] GC(194) Adaptive CSet Selection. Target Free: 1160M, Actual Free: 6648M, Max CSet: 341M, Min Garbage: 0B
[421.547s][info][gc,ergo     ] GC(194) Collectable Garbage: 1536M (94%), Immediate: 1012M (62%), CSet: 524M (32%)
[421.547s][info][gc,ergo     ] GC(194) Pacer for Evacuation. Used CSet: 863M, Free: 6295M, Non-Taxable: 629M, Alloc Tax Rate: 1.1x
[421.547s][info][gc          ] GC(194) Pause Final Mark (unload classes) 0.467ms
[421.547s][info][gc,start    ] GC(194) Concurrent thread roots
[421.547s][info][gc,task     ] GC(194) Using 1 of 3 workers for Concurrent thread roots
[421.548s][info][gc          ] GC(194) Concurrent thread roots 0.971ms
[421.548s][info][gc,start    ] GC(194) Concurrent weak references
[421.548s][info][gc,task     ] GC(194) Using 1 of 3 workers for concurrent weak references
[421.548s][info][gc,ref      ] GC(194) Encountered references: Soft: 173, Weak: 997, Final: 0, Phantom: 41
[421.548s][info][gc,ref      ] GC(194) Discovered  references: Soft: 0, Weak: 206, Final: 0, Phantom: 24
[421.548s][info][gc,ref      ] GC(194) Enqueued    references: Soft: 0, Weak: 5, Final: 0, Phantom: 0
[421.548s][info][gc          ] GC(194) Concurrent weak references 0.083ms
[421.548s][info][gc,start    ] GC(194) Concurrent weak roots
[421.548s][info][gc,task     ] GC(194) Using 1 of 3 workers for concurrent weak root
[421.549s][info][gc          ] GC(194) Concurrent weak roots 0.924ms
[421.549s][info][gc,start    ] GC(194) Concurrent cleanup
[421.549s][info][gc          ] GC(194) Concurrent cleanup 2500M->1488M(8192M) 0.027ms
[421.549s][info][gc,ergo     ] GC(194) Free: 6292M, Max: 4096K regular, 5224M humongous, Frag: 17% external, 0% internal; Reserve: 411M, Max: 4096K
[421.549s][info][gc,start    ] GC(194) Concurrent class unloading
[421.549s][info][gc,task     ] GC(194) Using 1 of 3 workers for concurrent class unloading
[421.552s][info][gc          ] GC(194) Concurrent class unloading 3.600ms
[421.552s][info][gc,start    ] GC(194) Concurrent strong roots
[421.552s][info][gc,task     ] GC(194) Using 1 of 3 workers for concurrent strong root
[421.553s][info][gc          ] GC(194) Concurrent strong roots 0.130ms
[421.553s][info][gc,start    ] GC(194) Concurrent evacuation
[421.553s][info][gc,task     ] GC(194) Using 1 of 3 workers for concurrent evacuation
[421.852s][info][gc          ] GC(194) Concurrent evacuation 299.885ms
[421.853s][info][gc,start    ] GC(194) Pause Init Update Refs
[421.853s][info][gc,ergo     ] GC(194) Pacer for Update Refs. Used: 1982M, Free: 6140M, Non-Taxable: 614M, Alloc Tax Rate: 1.1x
[421.853s][info][gc          ] GC(194) Pause Init Update Refs 0.083ms
[421.853s][info][gc,start    ] GC(194) Concurrent update references
[421.853s][info][gc,task     ] GC(194) Using 1 of 3 workers for concurrent reference update
[422.769s][info][gc          ] GC(194) Concurrent update references 916.024ms
[422.769s][info][gc,start    ] GC(194) Concurrent update thread roots
[422.770s][info][gc          ] GC(194) Concurrent update thread roots 0.945ms
[422.770s][info][gc,start    ] GC(194) Pause Final Update Refs
[422.770s][info][gc,task     ] GC(194) Using 3 of 3 workers for final reference update
[422.770s][info][gc          ] GC(194) Pause Final Update Refs 0.130ms
[422.770s][info][gc,start    ] GC(194) Concurrent cleanup
[422.770s][info][gc          ] GC(194) Concurrent cleanup 2058M->1195M(8192M) 0.076ms
[422.770s][info][gc,ergo     ] Free: 6584M, Max: 4096K regular, 4880M humongous, Frag: 26% external, 0% internal; Reserve: 412M, Max: 4096K
[422.770s][info][gc,stats    ] 
[422.770s][info][gc,stats    ] All times are wall-clock times, except per-root-class counters, that are sum over
[422.770s][info][gc,stats    ] all workers. Dividing the <total> over the root stage time estimates parallelism.
[422.770s][info][gc,stats    ] 
[422.770s][info][gc,stats    ] Concurrent Reset                    891 us
[422.770s][info][gc,stats    ] Pause Init Mark (G)                 495 us
[422.770s][info][gc,stats    ] Pause Init Mark (N)                 229 us
[422.770s][info][gc,stats    ]   Update Region States               88 us
[422.770s][info][gc,stats    ] Concurrent Mark Roots              1008 us, parallelism: 0.83x
[422.770s][info][gc,stats    ]   CMR: <total>                      837 us
[422.770s][info][gc,stats    ]   CMR: Thread Roots                 758 us, workers (us): 758, ---, ---, 
[422.770s][info][gc,stats    ]   CMR: VM Strong Roots                8 us, workers (us):   8, ---, ---, 
[422.770s][info][gc,stats    ]   CMR: CLDG Roots                    70 us, workers (us):  70, ---, ---, 
[422.770s][info][gc,stats    ] Concurrent Marking               797823 us
[422.770s][info][gc,stats    ] Pause Final Mark (G)                615 us
[422.770s][info][gc,stats    ] Pause Final Mark (N)                484 us
[422.771s][info][gc,stats    ]   Finish Mark                       130 us
[422.771s][info][gc,stats    ]   Update Region States               91 us
[422.771s][info][gc,stats    ]   Choose Collection Set             132 us
[422.771s][info][gc,stats    ]   Rebuild Free Set                   16 us
[422.771s][info][gc,stats    ] Concurrent Thread Roots             980 us, parallelism: 0.91x
[422.771s][info][gc,stats    ]   CTR: <total>                      895 us
[422.771s][info][gc,stats    ]   CTR: Thread Roots                 895 us, workers (us): 895, ---, ---, 
[422.771s][info][gc,stats    ] Concurrent Weak References           90 us, parallelism: 0.16x
[422.771s][info][gc,stats    ]   CWRF: <total>                      15 us
[422.771s][info][gc,stats    ]   CWRF: Weak References              15 us, workers (us):  15, ---, ---, 
[422.771s][info][gc,stats    ] Concurrent Weak Roots               933 us
[422.771s][info][gc,stats    ]   Roots                             859 us, parallelism: 0.96x
[422.771s][info][gc,stats    ]     CWR: <total>                    821 us
[422.771s][info][gc,stats    ]     CWR: Code Cache Roots           737 us, workers (us): 737, ---, ---, 
[422.771s][info][gc,stats    ]     CWR: VM Weak Roots               75 us, workers (us):  75, ---, ---, 
[422.771s][info][gc,stats    ]     CWR: CLDG Roots                   8 us, workers (us):   8, ---, ---, 
[422.771s][info][gc,stats    ]   Rendezvous                         51 us
[422.771s][info][gc,stats    ] Concurrent Cleanup                   35 us
[422.771s][info][gc,stats    ] Concurrent Class Unloading         3624 us
[422.771s][info][gc,stats    ]   Unlink Stale                     3350 us
[422.771s][info][gc,stats    ]     System Dictionary                10 us
[422.771s][info][gc,stats    ]     Weak Class Links                  0 us
[422.771s][info][gc,stats    ]     Code Roots                     3338 us
[422.771s][info][gc,stats    ]   Rendezvous                         96 us
[422.771s][info][gc,stats    ]   Purge Unlinked                    138 us
[422.771s][info][gc,stats    ]     Code Roots                      135 us
[422.771s][info][gc,stats    ]     CLDG                              3 us
[422.771s][info][gc,stats    ]     Exception Caches                  0 us
[422.771s][info][gc,stats    ] Concurrent Strong Roots             138 us, parallelism: 0.40x
[422.771s][info][gc,stats    ]   CSR: <total>                       56 us
[422.771s][info][gc,stats    ]   CSR: VM Strong Roots                5 us, workers (us):   5, ---, ---, 
[422.771s][info][gc,stats    ]   CSR: CLDG Roots                    51 us, workers (us):  51, ---, ---, 
[422.771s][info][gc,stats    ] Concurrent Evacuation            299951 us
[422.771s][info][gc,stats    ] Pause Init Update Refs (G)          269 us
[422.771s][info][gc,stats    ] Pause Init Update Refs (N)          100 us
[422.771s][info][gc,stats    ]   Manage GCLABs                       4 us
[422.771s][info][gc,stats    ] Concurrent Update Refs           916090 us
[422.771s][info][gc,stats    ] Concurrent Update Thread Roots      982 us
[422.771s][info][gc,stats    ] Pause Final Update Refs (G)         251 us
[422.771s][info][gc,stats    ] Pause Final Update Refs (N)         150 us
[422.771s][info][gc,stats    ]   Update Region States               59 us
[422.771s][info][gc,stats    ]   Trash Collection Set                3 us
[422.771s][info][gc,stats    ]   Rebuild Free Set                   13 us
[422.771s][info][gc,stats    ] Concurrent Cleanup                   96 us
[422.771s][info][gc,stats    ] 
[422.771s][info][gc,stats    ] Allocation pacing accrued:
[422.771s][info][gc,stats    ]       0 of  6169 ms (  0.0%): <total>
[422.771s][info][gc,stats    ]       0 of  6169 ms (  0.0%): <average total>
[422.771s][info][gc,stats    ] 
[422.771s][info][gc,metaspace] Metaspace: 16615K(16960K)->16615K(16960K) NonClass: 14266K(14464K)->14267K(14464K) Class: 2348K(2496K)->2348K(2496K)
[422.771s][info][gc,ergo     ] Pacer for Idle. Initial: 163M, Alloc Tax Rate: 1.0x
[422.793s][info][gc          ] Trigger: Explicit GC request (System.gc())
[422.793s][info][gc,ergo     ] Free: 6580M, Max: 4096K regular, 4880M humongous, Frag: 26% external, 0% internal; Reserve: 412M, Max: 4096K
[422.793s][info][gc,start    ] GC(195) Concurrent reset
[422.793s][info][gc,task     ] GC(195) Using 1 of 3 workers for concurrent reset
[422.793s][info][gc,ergo     ] GC(195) Pacer for Reset. Non-Taxable: 8192M
[422.797s][info][gc          ] GC(195) Concurrent reset 4.402ms
[422.797s][info][gc,start    ] GC(195) Pause Init Mark (unload classes)
[422.797s][info][gc,task     ] GC(195) Using 3 of 3 workers for init marking
[422.797s][info][gc,ref      ] GC(195) Clearing All SoftReferences
[422.797s][info][gc,ergo     ] GC(195) Pacer for Mark. Expected Live: 141M, Free: 6580M, Non-Taxable: 658M, Alloc Tax Rate: 0.0x
[422.797s][info][gc          ] GC(195) Pause Init Mark (unload classes) 0.194ms
[422.798s][info][gc,start    ] GC(195) Concurrent marking roots
[422.798s][info][gc,task     ] GC(195) Using 1 of 3 workers for concurrent marking roots
[422.798s][info][gc          ] GC(195) Concurrent marking roots 0.878ms
[422.798s][info][gc,start    ] GC(195) Concurrent marking (unload classes)
[422.798s][info][gc,task     ] GC(195) Using 1 of 3 workers for concurrent marking
[422.803s][info][gc          ] GC(195) Concurrent marking (unload classes) 4.587ms
[422.803s][info][gc,start    ] GC(195) Pause Final Mark (unload classes)
[422.803s][info][gc,task     ] GC(195) Using 3 of 3 workers for final marking
[422.804s][info][gc,ergo     ] GC(195) Collectable Garbage: 1170M (97%), Immediate: 1170M (97%), CSet: 0B (0%)
[422.804s][info][gc          ] GC(195) Pause Final Mark (unload classes) 0.409ms
[422.804s][info][gc,start    ] GC(195) Concurrent weak references
[422.804s][info][gc,task     ] GC(195) Using 1 of 3 workers for concurrent weak references
[422.804s][info][gc,ref      ] GC(195) Encountered references: Soft: 172, Weak: 993, Final: 0, Phantom: 41
[422.804s][info][gc,ref      ] GC(195) Discovered  references: Soft: 108, Weak: 221, Final: 0, Phantom: 24
[422.804s][info][gc,ref      ] GC(195) Enqueued    references: Soft: 4, Weak: 8, Final: 0, Phantom: 0
[422.804s][info][gc          ] GC(195) Concurrent weak references 0.225ms
[422.804s][info][gc,start    ] GC(195) Concurrent weak roots
[422.804s][info][gc,task     ] GC(195) Using 1 of 3 workers for concurrent weak root
[422.805s][info][gc          ] GC(195) Concurrent weak roots 0.905ms
[422.805s][info][gc,start    ] GC(195) Concurrent cleanup
[422.805s][info][gc          ] GC(195) Concurrent cleanup 1199M->28M(8192M) 0.038ms
[422.805s][info][gc,ergo     ] GC(195) Free: 7751M, Max: 4096K regular, 7552M humongous, Frag: 2% external, 0% internal; Reserve: 412M, Max: 4096K
[422.805s][info][gc,start    ] GC(195) Concurrent class unloading
[422.805s][info][gc,task     ] GC(195) Using 1 of 3 workers for concurrent class unloading
[422.812s][info][gc          ] GC(195) Concurrent class unloading 6.926ms
[422.812s][info][gc,start    ] GC(195) Pause Final Roots
[422.812s][info][gc          ] GC(195) Pause Final Roots 0.057ms
[422.812s][info][gc,ergo     ] Free: 7751M, Max: 4096K regular, 7552M humongous, Frag: 2% external, 0% internal; Reserve: 412M, Max: 4096K
[422.812s][info][gc,stats    ] 
[422.812s][info][gc,stats    ] All times are wall-clock times, except per-root-class counters, that are sum over
[422.812s][info][gc,stats    ] all workers. Dividing the <total> over the root stage time estimates parallelism.
[422.812s][info][gc,stats    ] 
[422.812s][info][gc,stats    ] Concurrent Reset                   4466 us
[422.812s][info][gc,stats    ] Pause Init Mark (G)                 326 us
[422.812s][info][gc,stats    ] Pause Init Mark (N)                 210 us
[422.812s][info][gc,stats    ]   Update Region States               70 us
[422.812s][info][gc,stats    ] Concurrent Mark Roots               911 us, parallelism: 0.80x
[422.812s][info][gc,stats    ]   CMR: <total>                      726 us
[422.812s][info][gc,stats    ]   CMR: Thread Roots                 650 us, workers (us): 650, ---, ---, 
[422.812s][info][gc,stats    ]   CMR: VM Strong Roots                6 us, workers (us):   6, ---, ---, 
[422.812s][info][gc,stats    ]   CMR: CLDG Roots                    70 us, workers (us):  70, ---, ---, 
[422.812s][info][gc,stats    ] Concurrent Marking                 4658 us
[422.812s][info][gc,stats    ] Pause Final Mark (G)                550 us
[422.812s][info][gc,stats    ] Pause Final Mark (N)                434 us
[422.812s][info][gc,stats    ]   Finish Mark                       145 us
[422.812s][info][gc,stats    ]   Update Region States               81 us
[422.812s][info][gc,stats    ]   Choose Collection Set              80 us
[422.812s][info][gc,stats    ]   Rebuild Free Set                   21 us
[422.812s][info][gc,stats    ] Concurrent Weak References          241 us, parallelism: 0.06x
[422.812s][info][gc,stats    ]   CWRF: <total>                      14 us
[422.812s][info][gc,stats    ]   CWRF: Weak References              14 us, workers (us):  14, ---, ---, 
[422.812s][info][gc,stats    ] Concurrent Weak Roots               935 us
[422.812s][info][gc,stats    ]   Roots                             816 us, parallelism: 0.92x
[422.812s][info][gc,stats    ]     CWR: <total>                    751 us
[422.812s][info][gc,stats    ]     CWR: Code Cache Roots           668 us, workers (us): 668, ---, ---, 
[422.812s][info][gc,stats    ]     CWR: VM Weak Roots               74 us, workers (us):  74, ---, ---, 
[422.812s][info][gc,stats    ]     CWR: CLDG Roots                   9 us, workers (us):   9, ---, ---, 
[422.812s][info][gc,stats    ]   Rendezvous                         55 us
[422.812s][info][gc,stats    ] Concurrent Cleanup                   46 us
[422.812s][info][gc,stats    ] Concurrent Class Unloading         7013 us
[422.812s][info][gc,stats    ]   Unlink Stale                     6336 us
[422.812s][info][gc,stats    ]     System Dictionary                61 us
[422.812s][info][gc,stats    ]     Weak Class Links               1818 us
[422.812s][info][gc,stats    ]     Code Roots                     4456 us
[422.812s][info][gc,stats    ]   Rendezvous                        190 us
[422.812s][info][gc,stats    ]   Purge Unlinked                    378 us
[422.812s][info][gc,stats    ]     Code Roots                      341 us
[422.812s][info][gc,stats    ]     CLDG                             36 us
[422.812s][info][gc,stats    ]     Exception Caches                  0 us
[422.812s][info][gc,stats    ] Pause Final Roots (G)               127 us
[422.812s][info][gc,stats    ] Pause Final Roots (N)                66 us
[422.812s][info][gc,stats    ] 
[422.812s][info][gc,stats    ] Allocation pacing accrued:
[422.812s][info][gc,stats    ]       0 of    41 ms (  0.0%): <total>
[422.812s][info][gc,stats    ]       0 of    41 ms (  0.0%): <average total>
[422.812s][info][gc,stats    ] 
[422.812s][info][gc,metaspace] Metaspace: 16615K(16960K)->16611K(16960K) NonClass: 14267K(14464K)->14264K(14464K) Class: 2348K(2496K)->2347K(2496K)
[422.812s][info][gc,ergo     ] Pacer for Idle. Initial: 163M, Alloc Tax Rate: 1.0x
[424.626s][info][gc          ] Trigger: Average GC time (2134.60 ms) is above the time for instantaneous allocation rate (5296 MB/s) to deplete free headroom (6697M) (spike threshold = 1.64)
[424.626s][info][gc,ergo     ] Free: 7107M, Max: 4096K regular, 7052M humongous, Frag: 0% external, 0% internal; Reserve: 412M, Max: 4096K
[424.626s][info][gc,start    ] GC(196) Concurrent reset
[424.626s][info][gc,task     ] GC(196) Using 1 of 3 workers for concurrent reset
[424.626s][info][gc,ergo     ] GC(196) Pacer for Reset. Non-Taxable: 8192M
[424.626s][info][gc          ] GC(196) Concurrent reset 0.411ms
[424.626s][info][gc,start    ] GC(196) Pause Init Mark (unload classes)
[424.626s][info][gc,task     ] GC(196) Using 3 of 3 workers for init marking
[424.626s][info][gc,ergo     ] GC(196) Pacer for Mark. Expected Live: 89008K, Free: 7103M, Non-Taxable: 710M, Alloc Tax Rate: 0.0x
[424.627s][info][gc          ] GC(196) Pause Init Mark (unload classes) 0.101ms
[424.662s][info][gc,start    ] GC(196) Concurrent marking roots
[424.663s][info][gc,task     ] GC(196) Using 1 of 3 workers for concurrent marking roots
[424.663s][info][gc          ] GC(196) Concurrent marking roots 0.791ms
[424.663s][info][gc,start    ] GC(196) Concurrent marking (unload classes)
[424.663s][info][gc,task     ] GC(196) Using 1 of 3 workers for concurrent marking
[424.673s][info][gc          ] GC(196) Concurrent marking (unload classes) 9.948ms
[424.673s][info][gc,start    ] GC(196) Pause Final Mark (unload classes)
[424.673s][info][gc,task     ] GC(196) Using 3 of 3 workers for final marking
[424.674s][info][gc,ergo     ] GC(196) Adaptive CSet Selection. Target Free: 1160M, Actual Free: 7752M, Max CSet: 341M, Min Garbage: 0B
[424.674s][info][gc,ergo     ] GC(196) Collectable Garbage: 667M (99%), Immediate: 524M (77%), CSet: 143M (21%)
[424.674s][info][gc,ergo     ] GC(196) Pacer for Evacuation. Used CSet: 144M, Free: 7395M, Non-Taxable: 739M, Alloc Tax Rate: 1.1x
[424.674s][info][gc          ] GC(196) Pause Final Mark (unload classes) 0.206ms
[424.674s][info][gc,start    ] GC(196) Concurrent thread roots
[424.674s][info][gc,task     ] GC(196) Using 1 of 3 workers for Concurrent thread roots
[424.674s][info][gc          ] GC(196) Concurrent thread roots 0.577ms
[424.674s][info][gc,start    ] GC(196) Concurrent weak references
[424.674s][info][gc,task     ] GC(196) Using 1 of 3 workers for concurrent weak references
[424.674s][info][gc,ref      ] GC(196) Encountered references: Soft: 173, Weak: 993, Final: 0, Phantom: 41
[424.674s][info][gc,ref      ] GC(196) Discovered  references: Soft: 0, Weak: 207, Final: 0, Phantom: 24
[424.674s][info][gc,ref      ] GC(196) Enqueued    references: Soft: 0, Weak: 5, Final: 0, Phantom: 0
[424.674s][info][gc          ] GC(196) Concurrent weak references 0.066ms
[424.674s][info][gc,start    ] GC(196) Concurrent weak roots
[424.674s][info][gc,task     ] GC(196) Using 1 of 3 workers for concurrent weak root
[424.689s][info][gc          ] GC(196) Concurrent weak roots 14.448ms
[424.689s][info][gc,start    ] GC(196) Concurrent cleanup
[424.689s][info][gc          ] GC(196) Concurrent cleanup 980M->456M(8192M) 0.049ms
[424.689s][info][gc,ergo     ] GC(196) Free: 7323M, Max: 4096K regular, 6748M humongous, Frag: 8% external, 0% internal; Reserve: 411M, Max: 4096K
[424.689s][info][gc,start    ] GC(196) Concurrent class unloading
[424.689s][info][gc,task     ] GC(196) Using 1 of 3 workers for concurrent class unloading
[424.705s][info][gc          ] GC(196) Concurrent class unloading 15.996ms
[424.705s][info][gc,start    ] GC(196) Concurrent strong roots
[424.705s][info][gc,task     ] GC(196) Using 1 of 3 workers for concurrent strong root
[424.705s][info][gc          ] GC(196) Concurrent strong roots 0.109ms
[424.705s][info][gc,start    ] GC(196) Concurrent evacuation
[424.705s][info][gc,task     ] GC(196) Using 1 of 3 workers for concurrent evacuation
[424.707s][info][gc          ] GC(196) Concurrent evacuation 1.498ms
[424.707s][info][gc,start    ] GC(196) Pause Init Update Refs
[424.707s][info][gc,ergo     ] GC(196) Pacer for Update Refs. Used: 520M, Free: 7259M, Non-Taxable: 725M, Alloc Tax Rate: 1.1x
[424.707s][info][gc          ] GC(196) Pause Init Update Refs 0.036ms
[424.751s][info][gc,start    ] GC(196) Concurrent update references
[424.752s][info][gc,task     ] GC(196) Using 1 of 3 workers for concurrent reference update
[424.855s][info][gc          ] GC(196) Concurrent update references 103.962ms
[424.855s][info][gc,start    ] GC(196) Concurrent update thread roots
[424.856s][info][gc          ] GC(196) Concurrent update thread roots 0.935ms
[424.857s][info][gc,start    ] GC(196) Pause Final Update Refs
[424.857s][info][gc,task     ] GC(196) Using 3 of 3 workers for final reference update
[424.857s][info][gc          ] GC(196) Pause Final Update Refs 0.088ms
[424.861s][info][gc,start    ] GC(196) Concurrent cleanup
[424.861s][info][gc          ] GC(196) Concurrent cleanup 1016M->896M(8192M) 0.136ms
[424.861s][info][gc,ergo     ] Free: 6883M, Max: 4096K regular, 6712M humongous, Frag: 2% external, 0% internal; Reserve: 412M, Max: 4096K
[424.861s][info][gc,stats    ] 
[424.861s][info][gc,stats    ] All times are wall-clock times, except per-root-class counters, that are sum over
[424.861s][info][gc,stats    ] all workers. Dividing the <total> over the root stage time estimates parallelism.
[424.861s][info][gc,stats    ] 
[424.861s][info][gc,stats    ] Concurrent Reset                    436 us
[424.861s][info][gc,stats    ] Pause Init Mark (G)               36157 us
[424.861s][info][gc,stats    ] Pause Init Mark (N)                 111 us
[424.861s][info][gc,stats    ]   Update Region States               29 us
[424.861s][info][gc,stats    ] Concurrent Mark Roots               810 us, parallelism: 0.78x
[424.862s][info][gc,stats    ]   CMR: <total>                      629 us
[424.862s][info][gc,stats    ]   CMR: Thread Roots                 567 us, workers (us): 567, ---, ---, 
[424.862s][info][gc,stats    ]   CMR: VM Strong Roots                9 us, workers (us):   9, ---, ---, 
[424.862s][info][gc,stats    ]   CMR: CLDG Roots                    53 us, workers (us):  53, ---, ---, 
[424.862s][info][gc,stats    ] Concurrent Marking                10029 us
[424.862s][info][gc,stats    ] Pause Final Mark (G)                333 us
[424.862s][info][gc,stats    ] Pause Final Mark (N)                216 us
[424.862s][info][gc,stats    ]   Finish Mark                        50 us
[424.862s][info][gc,stats    ]   Update Region States               36 us
[424.862s][info][gc,stats    ]   Choose Collection Set              76 us
[424.862s][info][gc,stats    ]   Rebuild Free Set                    8 us
[424.862s][info][gc,stats    ] Concurrent Thread Roots             592 us, parallelism: 0.89x
[424.862s][info][gc,stats    ]   CTR: <total>                      527 us
[424.862s][info][gc,stats    ]   CTR: Thread Roots                 527 us, workers (us): 527, ---, ---, 
[424.862s][info][gc,stats    ] Concurrent Weak References           74 us, parallelism: 0.20x
[424.862s][info][gc,stats    ]   CWRF: <total>                      15 us
[424.862s][info][gc,stats    ]   CWRF: Weak References              15 us, workers (us):  15, ---, ---, 
[424.862s][info][gc,stats    ] Concurrent Weak Roots             14550 us
[424.862s][info][gc,stats    ]   Roots                            1153 us, parallelism: 0.96x
[424.862s][info][gc,stats    ]     CWR: <total>                   1111 us
[424.862s][info][gc,stats    ]     CWR: Code Cache Roots           957 us, workers (us): 957, ---, ---, 
[424.862s][info][gc,stats    ]     CWR: VM Weak Roots              144 us, workers (us): 144, ---, ---, 
[424.862s][info][gc,stats    ]     CWR: CLDG Roots                  10 us, workers (us):  10, ---, ---, 
[424.862s][info][gc,stats    ]   Rendezvous                      13267 us
[424.862s][info][gc,stats    ] Concurrent Cleanup                   59 us
[424.862s][info][gc,stats    ] Concurrent Class Unloading        16064 us
[424.862s][info][gc,stats    ]   Unlink Stale                     3939 us
[424.862s][info][gc,stats    ]     System Dictionary                21 us
[424.862s][info][gc,stats    ]     Weak Class Links                  0 us
[424.862s][info][gc,stats    ]     Code Roots                     3916 us
[424.862s][info][gc,stats    ]   Rendezvous                      11686 us
[424.862s][info][gc,stats    ]   Purge Unlinked                    347 us
[424.862s][info][gc,stats    ]     Code Roots                      336 us
[424.862s][info][gc,stats    ]     CLDG                             10 us
[424.862s][info][gc,stats    ]     Exception Caches                  0 us
[424.862s][info][gc,stats    ] Concurrent Strong Roots             119 us, parallelism: 0.44x
[424.862s][info][gc,stats    ]   CSR: <total>                       52 us
[424.862s][info][gc,stats    ]   CSR: VM Strong Roots                3 us, workers (us):   3, ---, ---, 
[424.862s][info][gc,stats    ]   CSR: CLDG Roots                    49 us, workers (us):  49, ---, ---, 
[424.862s][info][gc,stats    ] Concurrent Evacuation              1555 us
[424.862s][info][gc,stats    ] Pause Init Update Refs (G)        44736 us
[424.862s][info][gc,stats    ] Pause Init Update Refs (N)           45 us
[424.862s][info][gc,stats    ]   Manage GCLABs                       4 us
[424.862s][info][gc,stats    ] Concurrent Update Refs           104036 us
[424.862s][info][gc,stats    ] Concurrent Update Thread Roots      970 us
[424.862s][info][gc,stats    ] Pause Final Update Refs (G)        4800 us
[424.862s][info][gc,stats    ] Pause Final Update Refs (N)         128 us
[424.862s][info][gc,stats    ]   Update Region States               44 us
[424.862s][info][gc,stats    ]   Trash Collection Set                3 us
[424.862s][info][gc,stats    ]   Rebuild Free Set                   15 us
[424.862s][info][gc,stats    ] Concurrent Cleanup                  148 us
[424.862s][info][gc,stats    ] 
[424.862s][info][gc,stats    ] Allocation pacing accrued:
[424.862s][info][gc,stats    ]       0 of  2050 ms (  0.0%): <total>
[424.862s][info][gc,stats    ]       0 of  2050 ms (  0.0%): <average total>
[424.862s][info][gc,stats    ] 
[424.862s][info][gc,metaspace] Metaspace: 16616K(16960K)->16616K(16960K) NonClass: 14267K(14464K)->14267K(14464K) Class: 2348K(2496K)->2348K(2496K)
[424.862s][info][gc,ergo     ] Pacer for Idle. Initial: 163M, Alloc Tax Rate: 1.0x
[424.987s][info][gc          ] Trigger: Average GC time (1550.69 ms) is above the time for average allocation rate (4459 MB/s) to deplete free headroom (5789M) (margin of error = 1.82)
[424.987s][info][gc,ergo     ] Free headroom: 6198M (free) - 409M (spike) - 0B (penalties) = 5789M
[424.987s][info][gc,ergo     ] Free: 6194M, Max: 4096K regular, 6136M humongous, Frag: 0% external, 0% internal; Reserve: 412M, Max: 4096K
[424.987s][info][gc,start    ] GC(197) Concurrent reset
[424.987s][info][gc,task     ] GC(197) Using 1 of 3 workers for concurrent reset
[424.987s][info][gc,ergo     ] GC(197) Pacer for Reset. Non-Taxable: 8192M
[424.988s][info][gc          ] GC(197) Concurrent reset 1.024ms
[424.988s][info][gc,start    ] GC(197) Pause Init Mark (unload classes)
[424.988s][info][gc,task     ] GC(197) Using 3 of 3 workers for init marking
[424.989s][info][gc,ergo     ] GC(197) Pacer for Mark. Expected Live: 89061K, Free: 6191M, Non-Taxable: 619M, Alloc Tax Rate: 0.0x
[424.989s][info][gc          ] GC(197) Pause Init Mark (unload classes) 0.164ms
[425.003s][info][gc,start    ] GC(197) Concurrent marking roots
[425.003s][info][gc,task     ] GC(197) Using 1 of 3 workers for concurrent marking roots
[425.003s][info][gc          ] GC(197) Concurrent marking roots 0.824ms
[425.003s][info][gc,start    ] GC(197) Concurrent marking (unload classes)
[425.003s][info][gc,task     ] GC(197) Using 1 of 3 workers for concurrent marking
[425.034s][info][gc          ] GC(197) Concurrent marking (unload classes) 30.372ms
[425.034s][info][gc,start    ] GC(197) Pause Final Mark (unload classes)
[425.034s][info][gc,task     ] GC(197) Using 3 of 3 workers for final marking
[425.034s][info][gc,ergo     ] GC(197) Adaptive CSet Selection. Target Free: 1160M, Actual Free: 7736M, Max CSet: 341M, Min Garbage: 0B
[425.034s][info][gc,ergo     ] GC(197) Collectable Garbage: 1579M (99%), Immediate: 1400M (88%), CSet: 179M (11%)
[425.034s][info][gc,ergo     ] GC(197) Pacer for Evacuation. Used CSet: 180M, Free: 7383M, Non-Taxable: 738M, Alloc Tax Rate: 1.1x
[425.034s][info][gc          ] GC(197) Pause Final Mark (unload classes) 0.238ms
[425.054s][info][gc,start    ] GC(197) Concurrent thread roots
[425.054s][info][gc,task     ] GC(197) Using 1 of 3 workers for Concurrent thread roots
[425.055s][info][gc          ] GC(197) Concurrent thread roots 0.642ms
[425.055s][info][gc,start    ] GC(197) Concurrent weak references
[425.055s][info][gc,task     ] GC(197) Using 1 of 3 workers for concurrent weak references
[425.055s][info][gc,ref      ] GC(197) Encountered references: Soft: 173, Weak: 988, Final: 0, Phantom: 41
[425.055s][info][gc,ref      ] GC(197) Discovered  references: Soft: 0, Weak: 202, Final: 0, Phantom: 24
[425.055s][info][gc,ref      ] GC(197) Enqueued    references: Soft: 0, Weak: 0, Final: 0, Phantom: 0
[425.055s][info][gc          ] GC(197) Concurrent weak references 0.088ms
[425.055s][info][gc,start    ] GC(197) Concurrent weak roots
[425.055s][info][gc,task     ] GC(197) Using 1 of 3 workers for concurrent weak root
[425.061s][info][gc          ] GC(197) Concurrent weak roots 5.682ms
[425.061s][info][gc,start    ] GC(197) Concurrent cleanup
[425.061s][info][gc          ] GC(197) Concurrent cleanup 1896M->496M(8192M) 0.069ms
[425.061s][info][gc,ergo     ] GC(197) Free: 7283M, Max: 4096K regular, 5824M humongous, Frag: 20% external, 0% internal; Reserve: 411M, Max: 4096K
[425.061s][info][gc,start    ] GC(197) Concurrent class unloading
[425.061s][info][gc,task     ] GC(197) Using 1 of 3 workers for concurrent class unloading
[425.066s][info][gc          ] GC(197) Concurrent class unloading 4.923ms
[425.066s][info][gc,start    ] GC(197) Concurrent strong roots
[425.066s][info][gc,task     ] GC(197) Using 1 of 3 workers for concurrent strong root
[425.066s][info][gc          ] GC(197) Concurrent strong roots 0.085ms
[425.066s][info][gc,start    ] GC(197) Concurrent evacuation
[425.066s][info][gc,task     ] GC(197) Using 1 of 3 workers for concurrent evacuation
[425.067s][info][gc          ] GC(197) Concurrent evacuation 1.329ms
[425.067s][info][gc,start    ] GC(197) Pause Init Update Refs
[425.067s][info][gc,ergo     ] GC(197) Pacer for Update Refs. Used: 517M, Free: 7263M, Non-Taxable: 726M, Alloc Tax Rate: 1.1x
[425.067s][info][gc          ] GC(197) Pause Init Update Refs 0.056ms
[425.077s][info][gc,start    ] GC(197) Concurrent update references
[425.077s][info][gc,task     ] GC(197) Using 1 of 3 workers for concurrent reference update
[425.169s][info][gc          ] GC(197) Concurrent update references 91.657ms
[425.169s][info][gc,start    ] GC(197) Concurrent update thread roots
[425.176s][info][gc          ] GC(197) Concurrent update thread roots 6.573ms
[425.176s][info][gc,start    ] GC(197) Pause Final Update Refs
[425.176s][info][gc,task     ] GC(197) Using 3 of 3 workers for final reference update
[425.176s][info][gc          ] GC(197) Pause Final Update Refs 0.148ms
[425.182s][info][gc,start    ] GC(197) Concurrent cleanup
[425.182s][info][gc          ] GC(197) Concurrent cleanup 889M->729M(8192M) 0.130ms
[425.182s][info][gc,ergo     ] Free: 7050M, Max: 4096K regular, 5820M humongous, Frag: 17% external, 0% internal; Reserve: 412M, Max: 4096K
[425.182s][info][gc,stats    ] 
[425.183s][info][gc,stats    ] All times are wall-clock times, except per-root-class counters, that are sum over
[425.183s][info][gc,stats    ] all workers. Dividing the <total> over the root stage time estimates parallelism.
[425.183s][info][gc,stats    ] 
[425.183s][info][gc,stats    ] Concurrent Reset                   1106 us
[425.183s][info][gc,stats    ] Pause Init Mark (G)               14369 us
[425.183s][info][gc,stats    ] Pause Init Mark (N)                 174 us
[425.183s][info][gc,stats    ]   Update Region States               56 us
[425.183s][info][gc,stats    ] Concurrent Mark Roots               855 us, parallelism: 0.72x
[425.183s][info][gc,stats    ]   CMR: <total>                      615 us
[425.183s][info][gc,stats    ]   CMR: Thread Roots                 537 us, workers (us): 537, ---, ---, 
[425.183s][info][gc,stats    ]   CMR: VM Strong Roots                8 us, workers (us):   8, ---, ---, 
[425.183s][info][gc,stats    ]   CMR: CLDG Roots                    69 us, workers (us):  69, ---, ---, 
[425.183s][info][gc,stats    ] Concurrent Marking                30476 us
[425.183s][info][gc,stats    ] Pause Final Mark (G)              20226 us
[425.183s][info][gc,stats    ] Pause Final Mark (N)                248 us
[425.183s][info][gc,stats    ]   Finish Mark                        36 us
[425.183s][info][gc,stats    ]   Update Region States               40 us
[425.183s][info][gc,stats    ]   Choose Collection Set              86 us
[425.183s][info][gc,stats    ]   Rebuild Free Set                    8 us
[425.183s][info][gc,stats    ] Concurrent Thread Roots             665 us, parallelism: 0.75x
[425.183s][info][gc,stats    ]   CTR: <total>                      502 us
[425.183s][info][gc,stats    ]   CTR: Thread Roots                 502 us, workers (us): 502, ---, ---, 
[425.183s][info][gc,stats    ] Concurrent Weak References           96 us, parallelism: 0.18x
[425.183s][info][gc,stats    ]   CWRF: <total>                      18 us
[425.183s][info][gc,stats    ]   CWRF: Weak References              18 us, workers (us):  18, ---, ---, 
[425.183s][info][gc,stats    ] Concurrent Weak Roots              5759 us
[425.183s][info][gc,stats    ]   Roots                            1172 us, parallelism: 0.96x
[425.183s][info][gc,stats    ]     CWR: <total>                   1129 us
[425.183s][info][gc,stats    ]     CWR: Code Cache Roots          1013 us, workers (us): 1013, ---, ---, 
[425.183s][info][gc,stats    ]     CWR: VM Weak Roots              106 us, workers (us): 106, ---, ---, 
[425.183s][info][gc,stats    ]     CWR: CLDG Roots                  10 us, workers (us):  10, ---, ---, 
[425.183s][info][gc,stats    ]   Rendezvous                       4482 us
[425.183s][info][gc,stats    ] Concurrent Cleanup                   78 us
[425.183s][info][gc,stats    ] Concurrent Class Unloading         4981 us
[425.183s][info][gc,stats    ]   Unlink Stale                     4353 us
[425.183s][info][gc,stats    ]     System Dictionary                15 us
[425.183s][info][gc,stats    ]     Weak Class Links                  0 us
[425.183s][info][gc,stats    ]     Code Roots                     4336 us
[425.183s][info][gc,stats    ]   Rendezvous                        297 us
[425.183s][info][gc,stats    ]   Purge Unlinked                    253 us
[425.183s][info][gc,stats    ]     Code Roots                      247 us
[425.183s][info][gc,stats    ]     CLDG                              5 us
[425.183s][info][gc,stats    ]     Exception Caches                  0 us
[425.183s][info][gc,stats    ] Concurrent Strong Roots              96 us, parallelism: 0.41x
[425.183s][info][gc,stats    ]   CSR: <total>                       40 us
[425.183s][info][gc,stats    ]   CSR: VM Strong Roots                4 us, workers (us):   4, ---, ---, 
[425.183s][info][gc,stats    ]   CSR: CLDG Roots                    36 us, workers (us):  36, ---, ---, 
[425.183s][info][gc,stats    ] Concurrent Evacuation              1342 us
[425.183s][info][gc,stats    ] Pause Init Update Refs (G)        10044 us
[425.183s][info][gc,stats    ] Pause Init Update Refs (N)           65 us
[425.183s][info][gc,stats    ]   Manage GCLABs                       2 us
[425.183s][info][gc,stats    ] Concurrent Update Refs            91748 us
[425.183s][info][gc,stats    ] Concurrent Update Thread Roots     6661 us
[425.183s][info][gc,stats    ] Pause Final Update Refs (G)        6627 us
[425.183s][info][gc,stats    ] Pause Final Update Refs (N)         159 us
[425.183s][info][gc,stats    ]   Update Region States               63 us
[425.183s][info][gc,stats    ]   Trash Collection Set                4 us
[425.183s][info][gc,stats    ]   Rebuild Free Set                   16 us
[425.183s][info][gc,stats    ] Concurrent Cleanup                  142 us
[425.183s][info][gc,stats    ] 
[425.183s][info][gc,stats    ] Allocation pacing accrued:
[425.183s][info][gc,stats    ]       0 of   321 ms (  0.0%): <total>
[425.183s][info][gc,stats    ]       0 of   321 ms (  0.0%): <average total>
[425.183s][info][gc,stats    ] 
[425.183s][info][gc,metaspace] Metaspace: 16616K(16960K)->16616K(16960K) NonClass: 14267K(14464K)->14267K(14464K) Class: 2348K(2496K)->2348K(2496K)
[425.183s][info][gc,ergo     ] Pacer for Idle. Initial: 163M, Alloc Tax Rate: 1.0x
[429.161s][info][gc          ] Trigger: Learning 4 of 5. Free (5726M) is below initial threshold (5734M)
[429.161s][info][gc,ergo     ] Free: 5726M, Max: 4096K regular, 5664M humongous, Frag: 0% external, 0% internal; Reserve: 412M, Max: 4096K
[429.161s][info][gc,start    ] GC(198) Concurrent reset
[429.161s][info][gc,task     ] GC(198) Using 1 of 3 workers for concurrent reset
[429.161s][info][gc,ergo     ] GC(198) Pacer for Reset. Non-Taxable: 8192M
[429.162s][info][gc          ] GC(198) Concurrent reset 0.947ms
[429.162s][info][gc,start    ] GC(198) Pause Init Mark (unload classes)
[429.162s][info][gc,task     ] GC(198) Using 3 of 3 workers for init marking
[429.162s][info][gc,ergo     ] GC(198) Pacer for Mark. Expected Live: 89066K, Free: 5722M, Non-Taxable: 572M, Alloc Tax Rate: 0.0x
[429.162s][info][gc          ] GC(198) Pause Init Mark (unload classes) 0.179ms
[429.162s][info][gc,start    ] GC(198) Concurrent marking roots
[429.162s][info][gc,task     ] GC(198) Using 1 of 3 workers for concurrent marking roots
[429.163s][info][gc          ] GC(198) Concurrent marking roots 0.747ms
[429.163s][info][gc,start    ] GC(198) Concurrent marking (unload classes)
[429.163s][info][gc,task     ] GC(198) Using 1 of 3 workers for concurrent marking
[429.679s][info][gc          ] GC(198) Concurrent marking (unload classes) 515.458ms
[429.679s][info][gc,start    ] GC(198) Pause Final Mark (unload classes)
[429.679s][info][gc,task     ] GC(198) Using 3 of 3 workers for final marking
[429.679s][info][gc,ergo     ] GC(198) Adaptive CSet Selection. Target Free: 1160M, Actual Free: 7024M, Max CSet: 341M, Min Garbage: 0B
[429.679s][info][gc,ergo     ] GC(198) Collectable Garbage: 1798M (99%), Immediate: 1420M (78%), CSet: 377M (20%)
[429.679s][info][gc,ergo     ] GC(198) Pacer for Evacuation. Used CSet: 628M, Free: 6675M, Non-Taxable: 667M, Alloc Tax Rate: 1.1x
[429.679s][info][gc          ] GC(198) Pause Final Mark (unload classes) 0.345ms
[429.679s][info][gc,start    ] GC(198) Concurrent thread roots
[429.679s][info][gc,task     ] GC(198) Using 1 of 3 workers for Concurrent thread roots
[429.680s][info][gc          ] GC(198) Concurrent thread roots 1.057ms
[429.680s][info][gc,start    ] GC(198) Concurrent weak references
[429.680s][info][gc,task     ] GC(198) Using 1 of 3 workers for concurrent weak references
[429.680s][info][gc,ref      ] GC(198) Encountered references: Soft: 173, Weak: 991, Final: 0, Phantom: 41
[429.680s][info][gc,ref      ] GC(198) Discovered  references: Soft: 0, Weak: 200, Final: 0, Phantom: 24
[429.680s][info][gc,ref      ] GC(198) Enqueued    references: Soft: 0, Weak: 3, Final: 0, Phantom: 0
[429.680s][info][gc          ] GC(198) Concurrent weak references 0.107ms
[429.680s][info][gc,start    ] GC(198) Concurrent weak roots
[429.680s][info][gc,task     ] GC(198) Using 1 of 3 workers for concurrent weak root
[429.681s][info][gc          ] GC(198) Concurrent weak roots 0.950ms
[429.681s][info][gc,start    ] GC(198) Concurrent cleanup
[429.681s][info][gc          ] GC(198) Concurrent cleanup 2527M->1106M(8192M) 0.076ms
[429.681s][info][gc,ergo     ] GC(198) Free: 6675M, Max: 4096K regular, 5196M humongous, Frag: 22% external, 0% internal; Reserve: 409M, Max: 4096K
[429.682s][info][gc,start    ] GC(198) Concurrent class unloading
[429.682s][info][gc,task     ] GC(198) Using 1 of 3 workers for concurrent class unloading
[429.685s][info][gc          ] GC(198) Concurrent class unloading 3.583ms
[429.685s][info][gc,start    ] GC(198) Concurrent strong roots
[429.685s][info][gc,task     ] GC(198) Using 1 of 3 workers for concurrent strong root
[429.685s][info][gc          ] GC(198) Concurrent strong roots 0.148ms
[429.685s][info][gc,start    ] GC(198) Concurrent evacuation
[429.685s][info][gc,task     ] GC(198) Using 1 of 3 workers for concurrent evacuation
[429.885s][info][gc          ] GC(198) Concurrent evacuation 199.153ms
[429.885s][info][gc,start    ] GC(198) Pause Init Update Refs
[429.885s][info][gc,ergo     ] GC(198) Pacer for Update Refs. Used: 1392M, Free: 6647M, Non-Taxable: 664M, Alloc Tax Rate: 1.1x
[429.885s][info][gc          ] GC(198) Pause Init Update Refs 0.089ms
[429.885s][info][gc,start    ] GC(198) Concurrent update references
[429.885s][info][gc,task     ] GC(198) Using 1 of 3 workers for concurrent reference update
[430.565s][info][gc          ] GC(198) Concurrent update references 680.589ms
[430.565s][info][gc,start    ] GC(198) Concurrent update thread roots
[430.567s][info][gc          ] GC(198) Concurrent update thread roots 1.241ms
[430.567s][info][gc,start    ] GC(198) Pause Final Update Refs
[430.567s][info][gc,task     ] GC(198) Using 3 of 3 workers for final reference update
[430.567s][info][gc          ] GC(198) Pause Final Update Refs 0.261ms
[430.567s][info][gc,start    ] GC(198) Concurrent cleanup
[430.567s][info][gc          ] GC(198) Concurrent cleanup 1832M->1204M(8192M) 0.038ms
[430.567s][info][gc,ergo     ] Free: 6575M, Max: 4096K regular, 4936M humongous, Frag: 25% external, 0% internal; Reserve: 412M, Max: 4096K
[430.567s][info][gc,stats    ] 
[430.567s][info][gc,stats    ] All times are wall-clock times, except per-root-class counters, that are sum over
[430.567s][info][gc,stats    ] all workers. Dividing the <total> over the root stage time estimates parallelism.
[430.567s][info][gc,stats    ] 
[430.567s][info][gc,stats    ] Concurrent Reset                    999 us
[430.567s][info][gc,stats    ] Pause Init Mark (G)                 343 us
[430.567s][info][gc,stats    ] Pause Init Mark (N)                 196 us
[430.567s][info][gc,stats    ]   Update Region States               70 us
[430.567s][info][gc,stats    ] Concurrent Mark Roots               784 us, parallelism: 0.78x
[430.567s][info][gc,stats    ]   CMR: <total>                      613 us
[430.567s][info][gc,stats    ]   CMR: Thread Roots                 564 us, workers (us): 564, ---, ---, 
[430.567s][info][gc,stats    ]   CMR: VM Strong Roots                6 us, workers (us):   6, ---, ---, 
[430.567s][info][gc,stats    ]   CMR: CLDG Roots                    44 us, workers (us):  44, ---, ---, 
[430.567s][info][gc,stats    ] Concurrent Marking               515533 us
[430.567s][info][gc,stats    ] Pause Final Mark (G)                476 us
[430.567s][info][gc,stats    ] Pause Final Mark (N)                361 us
[430.567s][info][gc,stats    ]   Finish Mark                        90 us
[430.567s][info][gc,stats    ]   Update Region States               43 us
[430.567s][info][gc,stats    ]   Choose Collection Set              98 us
[430.567s][info][gc,stats    ]   Rebuild Free Set                   16 us
[430.567s][info][gc,stats    ] Concurrent Thread Roots            1078 us, parallelism: 0.91x
[430.567s][info][gc,stats    ]   CTR: <total>                      986 us
[430.567s][info][gc,stats    ]   CTR: Thread Roots                 986 us, workers (us): 986, ---, ---, 
[430.567s][info][gc,stats    ] Concurrent Weak References          115 us, parallelism: 0.11x
[430.567s][info][gc,stats    ]   CWRF: <total>                      13 us
[430.567s][info][gc,stats    ]   CWRF: Weak References              13 us, workers (us):  13, ---, ---, 
[430.567s][info][gc,stats    ] Concurrent Weak Roots               975 us
[430.567s][info][gc,stats    ]   Roots                             871 us, parallelism: 0.95x
[430.567s][info][gc,stats    ]     CWR: <total>                    830 us
[430.567s][info][gc,stats    ]     CWR: Code Cache Roots           720 us, workers (us): 720, ---, ---, 
[430.567s][info][gc,stats    ]     CWR: VM Weak Roots              102 us, workers (us): 102, ---, ---, 
[430.567s][info][gc,stats    ]     CWR: CLDG Roots                   8 us, workers (us):   8, ---, ---, 
[430.567s][info][gc,stats    ]   Rendezvous                         62 us
[430.567s][info][gc,stats    ] Concurrent Cleanup                  104 us
[430.567s][info][gc,stats    ] Concurrent Class Unloading         3652 us
[430.567s][info][gc,stats    ]   Unlink Stale                     3325 us
[430.567s][info][gc,stats    ]     System Dictionary                13 us
[430.567s][info][gc,stats    ]     Weak Class Links                  0 us
[430.567s][info][gc,stats    ]     Code Roots                     3309 us
[430.567s][info][gc,stats    ]   Rendezvous                         66 us
[430.567s][info][gc,stats    ]   Purge Unlinked                    158 us
[430.567s][info][gc,stats    ]     Code Roots                      151 us
[430.567s][info][gc,stats    ]     CLDG                              6 us
[430.568s][info][gc,stats    ]     Exception Caches                  0 us
[430.568s][info][gc,stats    ] Concurrent Strong Roots             185 us, parallelism: 0.25x
[430.568s][info][gc,stats    ]   CSR: <total>                       47 us
[430.568s][info][gc,stats    ]   CSR: VM Strong Roots                4 us, workers (us):   4, ---, ---, 
[430.568s][info][gc,stats    ]   CSR: CLDG Roots                    43 us, workers (us):  43, ---, ---, 
[430.568s][info][gc,stats    ] Concurrent Evacuation            199225 us
[430.568s][info][gc,stats    ] Pause Init Update Refs (G)          253 us
[430.568s][info][gc,stats    ] Pause Init Update Refs (N)          106 us
[430.568s][info][gc,stats    ]   Manage GCLABs                       5 us
[430.568s][info][gc,stats    ] Concurrent Update Refs           680657 us
[430.568s][info][gc,stats    ] Concurrent Update Thread Roots     1266 us
[430.568s][info][gc,stats    ] Pause Final Update Refs (G)         384 us
[430.568s][info][gc,stats    ] Pause Final Update Refs (N)         286 us
[430.568s][info][gc,stats    ]   Update Region States              122 us
[430.568s][info][gc,stats    ]   Trash Collection Set               11 us
[430.568s][info][gc,stats    ]   Rebuild Free Set                   30 us
[430.568s][info][gc,stats    ] Concurrent Cleanup                   48 us
[430.568s][info][gc,stats    ] 
[430.568s][info][gc,stats    ] Allocation pacing accrued:
[430.568s][info][gc,stats    ]       0 of  5385 ms (  0.0%): <total>
[430.568s][info][gc,stats    ]       0 of  5385 ms (  0.0%): <average total>
[430.568s][info][gc,stats    ] 
[430.568s][info][gc,metaspace] Metaspace: 16616K(16960K)->16616K(16960K) NonClass: 14268K(14464K)->14268K(14464K) Class: 2348K(2496K)->2348K(2496K)
[430.568s][info][gc,ergo     ] Pacer for Idle. Initial: 163M, Alloc Tax Rate: 1.0x
[431.412s][info][gc          ] Trigger: Explicit GC request (System.gc())
[431.412s][info][gc,ergo     ] Free: 6439M, Max: 4096K regular, 4936M humongous, Frag: 23% external, 0% internal; Reserve: 412M, Max: 4096K
[431.412s][info][gc,start    ] GC(199) Concurrent reset
[431.412s][info][gc,task     ] GC(199) Using 1 of 3 workers for concurrent reset
[431.413s][info][gc,ergo     ] GC(199) Pacer for Reset. Non-Taxable: 8192M
[431.415s][info][gc          ] GC(199) Concurrent reset 2.834ms
[431.415s][info][gc,start    ] GC(199) Pause Init Mark (unload classes)
[431.415s][info][gc,task     ] GC(199) Using 3 of 3 workers for init marking
[431.416s][info][gc,ref      ] GC(199) Clearing All SoftReferences
[431.416s][info][gc,ergo     ] GC(199) Pacer for Mark. Expected Live: 136M, Free: 6439M, Non-Taxable: 643M, Alloc Tax Rate: 0.0x
[431.416s][info][gc          ] GC(199) Pause Init Mark (unload classes) 0.159ms
[431.416s][info][gc,start    ] GC(199) Concurrent marking roots
[431.416s][info][gc,task     ] GC(199) Using 1 of 3 workers for concurrent marking roots
[431.417s][info][gc          ] GC(199) Concurrent marking roots 1.007ms
[431.417s][info][gc,start    ] GC(199) Concurrent marking (unload classes)
[431.417s][info][gc,task     ] GC(199) Using 1 of 3 workers for concurrent marking
[431.421s][info][gc          ] GC(199) Concurrent marking (unload classes) 4.626ms
[431.421s][info][gc,start    ] GC(199) Pause Final Mark (unload classes)
[431.421s][info][gc,task     ] GC(199) Using 3 of 3 workers for final marking
[431.422s][info][gc,ergo     ] GC(199) Collectable Garbage: 1315M (98%), Immediate: 1315M (98%), CSet: 0B (0%)
[431.422s][info][gc          ] GC(199) Pause Final Mark (unload classes) 0.264ms
[431.422s][info][gc,start    ] GC(199) Concurrent weak references
[431.422s][info][gc,task     ] GC(199) Using 1 of 3 workers for concurrent weak references
[431.422s][info][gc,ref      ] GC(199) Encountered references: Soft: 172, Weak: 989, Final: 0, Phantom: 41
[431.422s][info][gc,ref      ] GC(199) Discovered  references: Soft: 108, Weak: 219, Final: 0, Phantom: 24
[431.422s][info][gc,ref      ] GC(199) Enqueued    references: Soft: 4, Weak: 6, Final: 0, Phantom: 0
[431.422s][info][gc          ] GC(199) Concurrent weak references 0.253ms
[431.422s][info][gc,start    ] GC(199) Concurrent weak roots
[431.422s][info][gc,task     ] GC(199) Using 1 of 3 workers for concurrent weak root
[431.423s][info][gc          ] GC(199) Concurrent weak roots 0.963ms
[431.423s][info][gc,start    ] GC(199) Concurrent cleanup
[431.423s][info][gc          ] GC(199) Concurrent cleanup 1340M->24M(8192M) 0.037ms
[431.423s][info][gc,ergo     ] GC(199) Free: 7755M, Max: 4096K regular, 7104M humongous, Frag: 8% external, 0% internal; Reserve: 412M, Max: 4096K
[431.423s][info][gc,start    ] GC(199) Concurrent class unloading
[431.423s][info][gc,task     ] GC(199) Using 1 of 3 workers for concurrent class unloading
[431.429s][info][gc          ] GC(199) Concurrent class unloading 5.883ms
[431.429s][info][gc,start    ] GC(199) Pause Final Roots
[431.429s][info][gc          ] GC(199) Pause Final Roots 0.055ms
[431.429s][info][gc,ergo     ] Free: 7755M, Max: 4096K regular, 7104M humongous, Frag: 8% external, 0% internal; Reserve: 412M, Max: 4096K
[431.429s][info][gc,stats    ] 
[431.429s][info][gc,stats    ] All times are wall-clock times, except per-root-class counters, that are sum over
[431.429s][info][gc,stats    ] all workers. Dividing the <total> over the root stage time estimates parallelism.
[431.429s][info][gc,stats    ] 
[431.429s][info][gc,stats    ] Concurrent Reset                   2896 us
[431.429s][info][gc,stats    ] Pause Init Mark (G)                 268 us
[431.429s][info][gc,stats    ] Pause Init Mark (N)                 168 us
[431.429s][info][gc,stats    ]   Update Region States               69 us
[431.429s][info][gc,stats    ] Concurrent Mark Roots              1030 us, parallelism: 0.86x
[431.429s][info][gc,stats    ]   CMR: <total>                      881 us
[431.429s][info][gc,stats    ]   CMR: Thread Roots                 839 us, workers (us): 839, ---, ---, 
[431.429s][info][gc,stats    ]   CMR: VM Strong Roots                4 us, workers (us):   4, ---, ---, 
[431.429s][info][gc,stats    ]   CMR: CLDG Roots                    38 us, workers (us):  38, ---, ---, 
[431.429s][info][gc,stats    ] Concurrent Marking                 4675 us
[431.429s][info][gc,stats    ] Pause Final Mark (G)                368 us
[431.429s][info][gc,stats    ] Pause Final Mark (N)                274 us
[431.429s][info][gc,stats    ]   Finish Mark                        98 us
[431.430s][info][gc,stats    ]   Update Region States               62 us
[431.430s][info][gc,stats    ]   Choose Collection Set              40 us
[431.430s][info][gc,stats    ]   Rebuild Free Set                    8 us
[431.430s][info][gc,stats    ] Concurrent Weak References          261 us, parallelism: 0.11x
[431.430s][info][gc,stats    ]   CWRF: <total>                      30 us
[431.430s][info][gc,stats    ]   CWRF: Weak References              30 us, workers (us):  30, ---, ---, 
[431.430s][info][gc,stats    ] Concurrent Weak Roots               991 us
[431.430s][info][gc,stats    ]   Roots                             884 us, parallelism: 0.90x
[431.430s][info][gc,stats    ]     CWR: <total>                    792 us
[431.430s][info][gc,stats    ]     CWR: Code Cache Roots           693 us, workers (us): 693, ---, ---, 
[431.430s][info][gc,stats    ]     CWR: VM Weak Roots               91 us, workers (us):  91, ---, ---, 
[431.430s][info][gc,stats    ]     CWR: CLDG Roots                   8 us, workers (us):   8, ---, ---, 
[431.430s][info][gc,stats    ]   Rendezvous                         62 us
[431.430s][info][gc,stats    ] Concurrent Cleanup                   45 us
[431.430s][info][gc,stats    ] Concurrent Class Unloading         5949 us
[431.430s][info][gc,stats    ]   Unlink Stale                     5520 us
[431.430s][info][gc,stats    ]     System Dictionary                61 us
[431.430s][info][gc,stats    ]     Weak Class Links               1917 us
[431.430s][info][gc,stats    ]     Code Roots                     3540 us
[431.430s][info][gc,stats    ]   Rendezvous                        134 us
[431.430s][info][gc,stats    ]   Purge Unlinked                    209 us
[431.430s][info][gc,stats    ]     Code Roots                      182 us
[431.430s][info][gc,stats    ]     CLDG                             27 us
[431.430s][info][gc,stats    ]     Exception Caches                  0 us
[431.430s][info][gc,stats    ] Pause Final Roots (G)               177 us
[431.430s][info][gc,stats    ] Pause Final Roots (N)                74 us
[431.430s][info][gc,stats    ] 
[431.430s][info][gc,stats    ] Allocation pacing accrued:
[431.430s][info][gc,stats    ]       0 of   862 ms (  0.0%): <total>
[431.430s][info][gc,stats    ]       0 of   862 ms (  0.0%): <average total>
[431.430s][info][gc,stats    ] 
[431.430s][info][gc,metaspace] Metaspace: 16616K(16960K)->16612K(16960K) NonClass: 14268K(14464K)->14265K(14464K) Class: 2348K(2496K)->2347K(2496K)
[431.430s][info][gc,ergo     ] Pacer for Idle. Initial: 163M, Alloc Tax Rate: 1.0x
[432.923s][info][gc          ] Trigger: Average GC time (1555.55 ms) is above the time for instantaneous allocation rate (5512 MB/s) to deplete free headroom (6493M) (spike threshold = 1.63)
[432.923s][info][gc,ergo     ] Free: 6902M, Max: 4096K regular, 6844M humongous, Frag: 0% external, 0% internal; Reserve: 412M, Max: 4096K
[432.923s][info][gc,start    ] GC(200) Concurrent reset
[432.924s][info][gc,task     ] GC(200) Using 1 of 3 workers for concurrent reset
[432.924s][info][gc,ergo     ] GC(200) Pacer for Reset. Non-Taxable: 8192M
[432.924s][info][gc          ] GC(200) Concurrent reset 0.339ms
[432.924s][info][gc,start    ] GC(200) Pause Init Mark (unload classes)
[432.924s][info][gc,task     ] GC(200) Using 3 of 3 workers for init marking
[432.924s][info][gc,ergo     ] GC(200) Pacer for Mark. Expected Live: 55664K, Free: 6902M, Non-Taxable: 690M, Alloc Tax Rate: 0.0x
[432.924s][info][gc          ] GC(200) Pause Init Mark (unload classes) 0.119ms
[432.939s][info][gc,start    ] GC(200) Concurrent marking roots
[432.939s][info][gc,task     ] GC(200) Using 1 of 3 workers for concurrent marking roots
[432.940s][info][gc          ] GC(200) Concurrent marking roots 0.755ms
[432.940s][info][gc,start    ] GC(200) Concurrent marking (unload classes)
[432.940s][info][gc,task     ] GC(200) Using 1 of 3 workers for concurrent marking
[432.955s][info][gc          ] GC(200) Concurrent marking (unload classes) 15.171ms
[432.955s][info][gc,start    ] GC(200) Pause Final Mark (unload classes)
[432.955s][info][gc,task     ] GC(200) Using 3 of 3 workers for final marking
[432.955s][info][gc,ergo     ] GC(200) Adaptive CSet Selection. Target Free: 1160M, Actual Free: 7788M, Max CSet: 341M, Min Garbage: 0B
[432.955s][info][gc,ergo     ] GC(200) Collectable Garbage: 868M (99%), Immediate: 696M (79%), CSet: 171M (19%)
[432.955s][info][gc,ergo     ] GC(200) Pacer for Evacuation. Used CSet: 172M, Free: 7435M, Non-Taxable: 743M, Alloc Tax Rate: 1.1x
[432.955s][info][gc          ] GC(200) Pause Final Mark (unload classes) 0.269ms
[432.971s][info][gc,start    ] GC(200) Concurrent thread roots
[432.971s][info][gc,task     ] GC(200) Using 1 of 3 workers for Concurrent thread roots
[432.971s][info][gc          ] GC(200) Concurrent thread roots 0.657ms
[432.971s][info][gc,start    ] GC(200) Concurrent weak references
[432.971s][info][gc,task     ] GC(200) Using 1 of 3 workers for concurrent weak references
[432.971s][info][gc,ref      ] GC(200) Encountered references: Soft: 173, Weak: 995, Final: 0, Phantom: 41
[432.971s][info][gc,ref      ] GC(200) Discovered  references: Soft: 0, Weak: 206, Final: 0, Phantom: 24
[432.971s][info][gc,ref      ] GC(200) Enqueued    references: Soft: 0, Weak: 4, Final: 0, Phantom: 0
[432.971s][info][gc          ] GC(200) Concurrent weak references 0.088ms
[432.971s][info][gc,start    ] GC(200) Concurrent weak roots
[432.971s][info][gc,task     ] GC(200) Using 1 of 3 workers for concurrent weak root
[432.979s][info][gc          ] GC(200) Concurrent weak roots 7.442ms
[432.979s][info][gc,start    ] GC(200) Concurrent cleanup
[432.979s][info][gc          ] GC(200) Concurrent cleanup 1136M->440M(8192M) 0.050ms
[432.979s][info][gc,ergo     ] GC(200) Free: 7339M, Max: 4096K regular, 6592M humongous, Frag: 10% external, 0% internal; Reserve: 411M, Max: 4096K
[432.979s][info][gc,start    ] GC(200) Concurrent class unloading
[432.979s][info][gc,task     ] GC(200) Using 1 of 3 workers for concurrent class unloading
[432.987s][info][gc          ] GC(200) Concurrent class unloading 7.952ms
[432.987s][info][gc,start    ] GC(200) Concurrent strong roots
[432.987s][info][gc,task     ] GC(200) Using 1 of 3 workers for concurrent strong root
[432.987s][info][gc          ] GC(200) Concurrent strong roots 0.105ms
[432.987s][info][gc,start    ] GC(200) Concurrent evacuation
[432.987s][info][gc,task     ] GC(200) Using 1 of 3 workers for concurrent evacuation
[432.988s][info][gc          ] GC(200) Concurrent evacuation 1.187ms
[432.988s][info][gc,start    ] GC(200) Pause Init Update Refs
[432.988s][info][gc,ergo     ] GC(200) Pacer for Update Refs. Used: 480M, Free: 7299M, Non-Taxable: 729M, Alloc Tax Rate: 1.1x
[432.988s][info][gc          ] GC(200) Pause Init Update Refs 0.065ms
[433.018s][info][gc,start    ] GC(200) Concurrent update references
[433.018s][info][gc,task     ] GC(200) Using 1 of 3 workers for concurrent reference update
[433.089s][info][gc          ] GC(200) Concurrent update references 70.827ms
[433.089s][info][gc,start    ] GC(200) Concurrent update thread roots
[433.089s][info][gc          ] GC(200) Concurrent update thread roots 0.628ms
[433.089s][info][gc,start    ] GC(200) Pause Final Update Refs
[433.089s][info][gc,task     ] GC(200) Using 3 of 3 workers for final reference update
[433.090s][info][gc          ] GC(200) Pause Final Update Refs 0.100ms
[433.128s][info][gc,start    ] GC(200) Concurrent cleanup
[433.128s][info][gc          ] GC(200) Concurrent cleanup 916M->804M(8192M) 0.157ms
[433.128s][info][gc,ergo     ] Free: 6975M, Max: 4096K regular, 6592M humongous, Frag: 5% external, 0% internal; Reserve: 412M, Max: 4096K
[433.128s][info][gc,stats    ] 
[433.128s][info][gc,stats    ] All times are wall-clock times, except per-root-class counters, that are sum over
[433.128s][info][gc,stats    ] all workers. Dividing the <total> over the root stage time estimates parallelism.
[433.128s][info][gc,stats    ] 
[433.128s][info][gc,stats    ] Concurrent Reset                    362 us
[433.128s][info][gc,stats    ] Pause Init Mark (G)               15100 us
[433.128s][info][gc,stats    ] Pause Init Mark (N)                 128 us
[433.128s][info][gc,stats    ]   Update Region States               43 us
[433.128s][info][gc,stats    ] Concurrent Mark Roots               776 us, parallelism: 0.75x
[433.128s][info][gc,stats    ]   CMR: <total>                      579 us
[433.128s][info][gc,stats    ]   CMR: Thread Roots                 518 us, workers (us): 518, ---, ---, 
[433.128s][info][gc,stats    ]   CMR: VM Strong Roots                7 us, workers (us):   7, ---, ---, 
[433.128s][info][gc,stats    ]   CMR: CLDG Roots                    53 us, workers (us):  53, ---, ---, 
[433.128s][info][gc,stats    ] Concurrent Marking                15251 us
[433.128s][info][gc,stats    ] Pause Final Mark (G)              15522 us
[433.128s][info][gc,stats    ] Pause Final Mark (N)                279 us
[433.128s][info][gc,stats    ]   Finish Mark                        59 us
[433.128s][info][gc,stats    ]   Update Region States               46 us
[433.128s][info][gc,stats    ]   Choose Collection Set              98 us
[433.128s][info][gc,stats    ]   Rebuild Free Set                    9 us
[433.128s][info][gc,stats    ] Concurrent Thread Roots             678 us, parallelism: 0.77x
[433.128s][info][gc,stats    ]   CTR: <total>                      520 us
[433.128s][info][gc,stats    ]   CTR: Thread Roots                 520 us, workers (us): 520, ---, ---, 
[433.128s][info][gc,stats    ] Concurrent Weak References           95 us, parallelism: 0.22x
[433.128s][info][gc,stats    ]   CWRF: <total>                      21 us
[433.128s][info][gc,stats    ]   CWRF: Weak References              21 us, workers (us):  21, ---, ---, 
[433.128s][info][gc,stats    ] Concurrent Weak Roots              7510 us
[433.128s][info][gc,stats    ]   Roots                            1301 us, parallelism: 0.97x
[433.128s][info][gc,stats    ]     CWR: <total>                   1264 us
[433.128s][info][gc,stats    ]     CWR: Code Cache Roots          1068 us, workers (us): 1068, ---, ---, 
[433.128s][info][gc,stats    ]     CWR: VM Weak Roots              185 us, workers (us): 185, ---, ---, 
[433.128s][info][gc,stats    ]     CWR: CLDG Roots                  11 us, workers (us):  11, ---, ---, 
[433.128s][info][gc,stats    ]   Rendezvous                       6121 us
[433.128s][info][gc,stats    ] Concurrent Cleanup                   59 us
[433.128s][info][gc,stats    ] Concurrent Class Unloading         8067 us
[433.128s][info][gc,stats    ]   Unlink Stale                     4004 us
[433.128s][info][gc,stats    ]     System Dictionary                16 us
[433.128s][info][gc,stats    ]     Weak Class Links                  0 us
[433.128s][info][gc,stats    ]     Code Roots                     3987 us
[433.128s][info][gc,stats    ]   Rendezvous                       3619 us
[433.129s][info][gc,stats    ]   Purge Unlinked                    299 us
[433.129s][info][gc,stats    ]     Code Roots                      291 us
[433.129s][info][gc,stats    ]     CLDG                              7 us
[433.129s][info][gc,stats    ]     Exception Caches                  0 us
[433.129s][info][gc,stats    ] Concurrent Strong Roots             115 us, parallelism: 0.47x
[433.129s][info][gc,stats    ]   CSR: <total>                       55 us
[433.129s][info][gc,stats    ]   CSR: VM Strong Roots                4 us, workers (us):   4, ---, ---, 
[433.129s][info][gc,stats    ]   CSR: CLDG Roots                    50 us, workers (us):  50, ---, ---, 
[433.129s][info][gc,stats    ] Concurrent Evacuation              1237 us
[433.129s][info][gc,stats    ] Pause Init Update Refs (G)        29545 us
[433.129s][info][gc,stats    ] Pause Init Update Refs (N)           74 us
[433.129s][info][gc,stats    ]   Manage GCLABs                       5 us
[433.129s][info][gc,stats    ] Concurrent Update Refs            70904 us
[433.129s][info][gc,stats    ] Concurrent Update Thread Roots      645 us
[433.129s][info][gc,stats    ] Pause Final Update Refs (G)       38568 us
[433.129s][info][gc,stats    ] Pause Final Update Refs (N)         120 us
[433.129s][info][gc,stats    ]   Update Region States               32 us
[433.129s][info][gc,stats    ]   Trash Collection Set                2 us
[433.129s][info][gc,stats    ]   Rebuild Free Set                   13 us
[433.129s][info][gc,stats    ] Concurrent Cleanup                  171 us
[433.129s][info][gc,stats    ] 
[433.129s][info][gc,stats    ] Allocation pacing accrued:
[433.129s][info][gc,stats    ]       0 of  1699 ms (  0.0%): <total>
[433.129s][info][gc,stats    ]       0 of  1699 ms (  0.0%): <average total>
[433.129s][info][gc,stats    ] 
[433.129s][info][gc,metaspace] Metaspace: 16616K(16960K)->16616K(16960K) NonClass: 14268K(14464K)->14268K(14464K) Class: 2348K(2496K)->2348K(2496K)
[433.129s][info][gc,ergo     ] Pacer for Idle. Initial: 163M, Alloc Tax Rate: 1.0x
[433.253s][info][gc          ] Trigger: Average GC time (1139.37 ms) is above the time for instantaneous allocation rate (5505 MB/s) to deplete free headroom (5869M) (spike threshold = 1.63)
[433.253s][info][gc,ergo     ] Free: 6279M, Max: 4096K regular, 6224M humongous, Frag: 0% external, 0% internal; Reserve: 412M, Max: 4096K
[433.253s][info][gc,start    ] GC(201) Concurrent reset
[433.253s][info][gc,task     ] GC(201) Using 1 of 3 workers for concurrent reset
[433.253s][info][gc,ergo     ] GC(201) Pacer for Reset. Non-Taxable: 8192M
[433.254s][info][gc          ] GC(201) Concurrent reset 1.045ms
[433.255s][info][gc,start    ] GC(201) Pause Init Mark (unload classes)
[433.255s][info][gc,task     ] GC(201) Using 3 of 3 workers for init marking
[433.255s][info][gc,ergo     ] GC(201) Pacer for Mark. Expected Live: 55715K, Free: 6275M, Non-Taxable: 627M, Alloc Tax Rate: 0.0x
[433.255s][info][gc          ] GC(201) Pause Init Mark (unload classes) 0.119ms
[433.257s][info][gc,start    ] GC(201) Concurrent marking roots
[433.257s][info][gc,task     ] GC(201) Using 1 of 3 workers for concurrent marking roots
[433.258s][info][gc          ] GC(201) Concurrent marking roots 0.699ms
[433.258s][info][gc,start    ] GC(201) Concurrent marking (unload classes)
[433.258s][info][gc,task     ] GC(201) Using 1 of 3 workers for concurrent marking
[433.280s][info][gc          ] GC(201) Concurrent marking (unload classes) 21.740ms
[433.280s][info][gc,start    ] GC(201) Pause Final Mark (unload classes)
[433.280s][info][gc,task     ] GC(201) Using 3 of 3 workers for final marking
[433.280s][info][gc,ergo     ] GC(201) Adaptive CSet Selection. Target Free: 1160M, Actual Free: 7840M, Max CSet: 341M, Min Garbage: 0B
[433.280s][info][gc,ergo     ] GC(201) Collectable Garbage: 1495M (99%), Immediate: 1340M (89%), CSet: 155M (10%)
[433.280s][info][gc,ergo     ] GC(201) Pacer for Evacuation. Used CSet: 156M, Free: 7483M, Non-Taxable: 748M, Alloc Tax Rate: 1.1x
[433.280s][info][gc          ] GC(201) Pause Final Mark (unload classes) 0.249ms
[433.285s][info][gc,start    ] GC(201) Concurrent thread roots
[433.285s][info][gc,task     ] GC(201) Using 1 of 3 workers for Concurrent thread roots
[433.286s][info][gc          ] GC(201) Concurrent thread roots 0.631ms
[433.286s][info][gc,start    ] GC(201) Concurrent weak references
[433.286s][info][gc,task     ] GC(201) Using 1 of 3 workers for concurrent weak references
[433.286s][info][gc,ref      ] GC(201) Encountered references: Soft: 173, Weak: 991, Final: 0, Phantom: 41
[433.286s][info][gc,ref      ] GC(201) Discovered  references: Soft: 0, Weak: 201, Final: 0, Phantom: 24
[433.286s][info][gc,ref      ] GC(201) Enqueued    references: Soft: 0, Weak: 0, Final: 0, Phantom: 0
[433.286s][info][gc          ] GC(201) Concurrent weak references 0.084ms
[433.286s][info][gc,start    ] GC(201) Concurrent weak roots
[433.286s][info][gc,task     ] GC(201) Using 1 of 3 workers for concurrent weak root
[433.301s][info][gc          ] GC(201) Concurrent weak roots 15.005ms
[433.301s][info][gc,start    ] GC(201) Concurrent cleanup
[433.301s][info][gc          ] GC(201) Concurrent cleanup 1732M->392M(8192M) 0.069ms
[433.301s][info][gc,ergo     ] GC(201) Free: 7387M, Max: 4096K regular, 5992M humongous, Frag: 19% external, 0% internal; Reserve: 411M, Max: 4096K
[433.301s][info][gc,start    ] GC(201) Concurrent class unloading
[433.301s][info][gc,task     ] GC(201) Using 1 of 3 workers for concurrent class unloading
[433.317s][info][gc          ] GC(201) Concurrent class unloading 15.759ms
[433.317s][info][gc,start    ] GC(201) Concurrent strong roots
[433.317s][info][gc,task     ] GC(201) Using 1 of 3 workers for concurrent strong root
[433.317s][info][gc          ] GC(201) Concurrent strong roots 0.099ms
[433.317s][info][gc,start    ] GC(201) Concurrent evacuation
[433.317s][info][gc,task     ] GC(201) Using 1 of 3 workers for concurrent evacuation
[433.318s][info][gc          ] GC(201) Concurrent evacuation 1.199ms
[433.318s][info][gc,start    ] GC(201) Pause Init Update Refs
[433.319s][info][gc,ergo     ] GC(201) Pacer for Update Refs. Used: 449M, Free: 7331M, Non-Taxable: 733M, Alloc Tax Rate: 1.1x
[433.319s][info][gc          ] GC(201) Pause Init Update Refs 0.042ms
[433.332s][info][gc,start    ] GC(201) Concurrent update references
[433.332s][info][gc,task     ] GC(201) Using 1 of 3 workers for concurrent reference update
[433.389s][info][gc          ] GC(201) Concurrent update references 57.461ms
[433.390s][info][gc,start    ] GC(201) Concurrent update thread roots
[433.390s][info][gc          ] GC(201) Concurrent update thread roots 0.603ms
[433.390s][info][gc,start    ] GC(201) Pause Final Update Refs
[433.390s][info][gc,task     ] GC(201) Using 3 of 3 workers for final reference update
[433.390s][info][gc          ] GC(201) Pause Final Update Refs 0.092ms
[433.395s][info][gc,start    ] GC(201) Concurrent cleanup
[433.395s][info][gc          ] GC(201) Concurrent cleanup 705M->549M(8192M) 0.122ms
[433.395s][info][gc,ergo     ] Free: 7230M, Max: 4096K regular, 5988M humongous, Frag: 17% external, 0% internal; Reserve: 412M, Max: 4096K
[433.395s][info][gc,stats    ] 
[433.395s][info][gc,stats    ] All times are wall-clock times, except per-root-class counters, that are sum over
[433.395s][info][gc,stats    ] all workers. Dividing the <total> over the root stage time estimates parallelism.
[433.395s][info][gc,stats    ] 
[433.395s][info][gc,stats    ] Concurrent Reset                   1123 us
[433.395s][info][gc,stats    ] Pause Init Mark (G)                2529 us
[433.395s][info][gc,stats    ] Pause Init Mark (N)                 129 us
[433.395s][info][gc,stats    ]   Update Region States               45 us
[433.395s][info][gc,stats    ] Concurrent Mark Roots               721 us, parallelism: 0.80x
[433.395s][info][gc,stats    ]   CMR: <total>                      576 us
[433.395s][info][gc,stats    ]   CMR: Thread Roots                 517 us, workers (us): 517, ---, ---, 
[433.395s][info][gc,stats    ]   CMR: VM Strong Roots                7 us, workers (us):   7, ---, ---, 
[433.395s][info][gc,stats    ]   CMR: CLDG Roots                    53 us, workers (us):  53, ---, ---, 
[433.395s][info][gc,stats    ] Concurrent Marking                21821 us
[433.395s][info][gc,stats    ] Pause Final Mark (G)               5584 us
[433.395s][info][gc,stats    ] Pause Final Mark (N)                259 us
[433.395s][info][gc,stats    ]   Finish Mark                        51 us
[433.395s][info][gc,stats    ]   Update Region States               49 us
[433.395s][info][gc,stats    ]   Choose Collection Set              88 us
[433.395s][info][gc,stats    ]   Rebuild Free Set                    8 us
[433.395s][info][gc,stats    ] Concurrent Thread Roots             652 us, parallelism: 0.78x
[433.395s][info][gc,stats    ]   CTR: <total>                      511 us
[433.395s][info][gc,stats    ]   CTR: Thread Roots                 511 us, workers (us): 511, ---, ---, 
[433.395s][info][gc,stats    ] Concurrent Weak References           92 us, parallelism: 0.18x
[433.395s][info][gc,stats    ]   CWRF: <total>                      17 us
[433.395s][info][gc,stats    ]   CWRF: Weak References              17 us, workers (us):  17, ---, ---, 
[433.395s][info][gc,stats    ] Concurrent Weak Roots             15092 us
[433.395s][info][gc,stats    ]   Roots                            1253 us, parallelism: 0.97x
[433.395s][info][gc,stats    ]     CWR: <total>                   1212 us
[433.396s][info][gc,stats    ]     CWR: Code Cache Roots          1066 us, workers (us): 1066, ---, ---, 
[433.396s][info][gc,stats    ]     CWR: VM Weak Roots              135 us, workers (us): 135, ---, ---, 
[433.396s][info][gc,stats    ]     CWR: CLDG Roots                  11 us, workers (us):  11, ---, ---, 
[433.396s][info][gc,stats    ]   Rendezvous                      13729 us
[433.396s][info][gc,stats    ] Concurrent Cleanup                   78 us
[433.396s][info][gc,stats    ] Concurrent Class Unloading        15827 us
[433.396s][info][gc,stats    ]   Unlink Stale                     3921 us
[433.396s][info][gc,stats    ]     System Dictionary                14 us
[433.396s][info][gc,stats    ]     Weak Class Links                  0 us
[433.396s][info][gc,stats    ]     Code Roots                     3905 us
[433.396s][info][gc,stats    ]   Rendezvous                      11458 us
[433.396s][info][gc,stats    ]   Purge Unlinked                    346 us
[433.396s][info][gc,stats    ]     Code Roots                      334 us
[433.396s][info][gc,stats    ]     CLDG                             10 us
[433.396s][info][gc,stats    ]     Exception Caches                  1 us
[433.396s][info][gc,stats    ] Concurrent Strong Roots             110 us, parallelism: 0.44x
[433.396s][info][gc,stats    ]   CSR: <total>                       49 us
[433.396s][info][gc,stats    ]   CSR: VM Strong Roots                3 us, workers (us):   3, ---, ---, 
[433.396s][info][gc,stats    ]   CSR: CLDG Roots                    45 us, workers (us):  45, ---, ---, 
[433.396s][info][gc,stats    ] Concurrent Evacuation              1254 us
[433.396s][info][gc,stats    ] Pause Init Update Refs (G)        13642 us
[433.396s][info][gc,stats    ] Pause Init Update Refs (N)         2399 us
[433.396s][info][gc,stats    ]   Manage GCLABs                       4 us
[433.396s][info][gc,stats    ] Concurrent Update Refs            57537 us
[433.396s][info][gc,stats    ] Concurrent Update Thread Roots      623 us
[433.396s][info][gc,stats    ] Pause Final Update Refs (G)        4923 us
[433.396s][info][gc,stats    ] Pause Final Update Refs (N)         131 us
[433.396s][info][gc,stats    ]   Update Region States               37 us
[433.396s][info][gc,stats    ]   Trash Collection Set                3 us
[433.396s][info][gc,stats    ]   Rebuild Free Set                   18 us
[433.396s][info][gc,stats    ] Concurrent Cleanup                  135 us
[433.396s][info][gc,stats    ] 
[433.396s][info][gc,stats    ] Allocation pacing accrued:
[433.396s][info][gc,stats    ]       0 of   267 ms (  0.0%): <total>
[433.396s][info][gc,stats    ]       0 of   267 ms (  0.0%): <average total>
[433.396s][info][gc,stats    ] 
[433.396s][info][gc,metaspace] Metaspace: 16616K(16960K)->16616K(16960K) NonClass: 14268K(14464K)->14268K(14464K) Class: 2348K(2496K)->2348K(2496K)
[433.396s][info][gc,ergo     ] Pacer for Idle. Initial: 163M, Alloc Tax Rate: 1.0x
[437.391s][info][gc          ] Trigger: Learning 4 of 5. Free (5718M) is below initial threshold (5734M)
[437.391s][info][gc,ergo     ] Free: 5718M, Max: 4096K regular, 5660M humongous, Frag: 0% external, 0% internal; Reserve: 412M, Max: 4096K
[437.391s][info][gc,start    ] GC(202) Concurrent reset
[437.391s][info][gc,task     ] GC(202) Using 1 of 3 workers for concurrent reset
[437.391s][info][gc,ergo     ] GC(202) Pacer for Reset. Non-Taxable: 8192M
[437.392s][info][gc          ] GC(202) Concurrent reset 0.836ms
[437.392s][info][gc,start    ] GC(202) Pause Init Mark (unload classes)
[437.392s][info][gc,task     ] GC(202) Using 3 of 3 workers for init marking
[437.392s][info][gc,ergo     ] GC(202) Pacer for Mark. Expected Live: 55713K, Free: 5718M, Non-Taxable: 571M, Alloc Tax Rate: 0.0x
[437.392s][info][gc          ] GC(202) Pause Init Mark (unload classes) 0.228ms
[437.392s][info][gc,start    ] GC(202) Concurrent marking roots
[437.392s][info][gc,task     ] GC(202) Using 1 of 3 workers for concurrent marking roots
[437.393s][info][gc          ] GC(202) Concurrent marking roots 1.181ms
[437.393s][info][gc,start    ] GC(202) Concurrent marking (unload classes)
[437.393s][info][gc,task     ] GC(202) Using 1 of 3 workers for concurrent marking
[437.989s][info][gc          ] GC(202) Concurrent marking (unload classes) 595.542ms
[437.989s][info][gc,start    ] GC(202) Pause Final Mark (unload classes)
[437.989s][info][gc,task     ] GC(202) Using 3 of 3 workers for final marking
[437.989s][info][gc,ergo     ] GC(202) Adaptive CSet Selection. Target Free: 1160M, Actual Free: 6964M, Max CSet: 341M, Min Garbage: 0B
[437.989s][info][gc,ergo     ] GC(202) Collectable Garbage: 1754M (99%), Immediate: 1312M (74%), CSet: 442M (25%)
[437.989s][info][gc,ergo     ] GC(202) Pacer for Evacuation. Used CSet: 739M, Free: 6611M, Non-Taxable: 661M, Alloc Tax Rate: 1.1x
[437.989s][info][gc          ] GC(202) Pause Final Mark (unload classes) 0.355ms
[437.990s][info][gc,start    ] GC(202) Concurrent thread roots
[437.990s][info][gc,task     ] GC(202) Using 1 of 3 workers for Concurrent thread roots
[437.990s][info][gc          ] GC(202) Concurrent thread roots 0.579ms
[437.990s][info][gc,start    ] GC(202) Concurrent weak references
[437.990s][info][gc,task     ] GC(202) Using 1 of 3 workers for concurrent weak references
[437.990s][info][gc,ref      ] GC(202) Encountered references: Soft: 173, Weak: 997, Final: 0, Phantom: 41
[437.990s][info][gc,ref      ] GC(202) Discovered  references: Soft: 0, Weak: 202, Final: 0, Phantom: 24
[437.990s][info][gc,ref      ] GC(202) Enqueued    references: Soft: 0, Weak: 5, Final: 0, Phantom: 0
[437.990s][info][gc          ] GC(202) Concurrent weak references 0.140ms
[437.990s][info][gc,start    ] GC(202) Concurrent weak roots
[437.990s][info][gc,task     ] GC(202) Using 1 of 3 workers for concurrent weak root
[437.992s][info][gc          ] GC(202) Concurrent weak roots 1.155ms
[437.992s][info][gc,start    ] GC(202) Concurrent cleanup
[437.992s][info][gc          ] GC(202) Concurrent cleanup 2481M->1168M(8192M) 0.041ms
[437.992s][info][gc,ergo     ] GC(202) Free: 6611M, Max: 4096K regular, 5244M humongous, Frag: 21% external, 0% internal; Reserve: 411M, Max: 4096K
[437.992s][info][gc,start    ] GC(202) Concurrent class unloading
[437.992s][info][gc,task     ] GC(202) Using 1 of 3 workers for concurrent class unloading
[437.995s][info][gc          ] GC(202) Concurrent class unloading 3.849ms
[437.996s][info][gc,start    ] GC(202) Concurrent strong roots
[437.996s][info][gc,task     ] GC(202) Using 1 of 3 workers for concurrent strong root
[437.996s][info][gc          ] GC(202) Concurrent strong roots 0.113ms
[437.996s][info][gc,start    ] GC(202) Concurrent evacuation
[437.996s][info][gc,task     ] GC(202) Using 1 of 3 workers for concurrent evacuation
[438.272s][info][gc          ] GC(202) Concurrent evacuation 276.559ms
[438.272s][info][gc,start    ] GC(202) Pause Init Update Refs
[438.272s][info][gc,ergo     ] GC(202) Pacer for Update Refs. Used: 1591M, Free: 6488M, Non-Taxable: 648M, Alloc Tax Rate: 1.1x
[438.272s][info][gc          ] GC(202) Pause Init Update Refs 0.085ms
[438.273s][info][gc,start    ] GC(202) Concurrent update references
[438.273s][info][gc,task     ] GC(202) Using 1 of 3 workers for concurrent reference update
[438.968s][info][gc          ] GC(202) Concurrent update references 695.570ms
[438.968s][info][gc,start    ] GC(202) Concurrent update thread roots
[438.969s][info][gc          ] GC(202) Concurrent update thread roots 0.928ms
[438.969s][info][gc,start    ] GC(202) Pause Final Update Refs
[438.969s][info][gc,task     ] GC(202) Using 3 of 3 workers for final reference update
[438.969s][info][gc          ] GC(202) Pause Final Update Refs 0.161ms
[438.969s][info][gc,start    ] GC(202) Concurrent cleanup
[438.969s][info][gc          ] GC(202) Concurrent cleanup 1939M->1199M(8192M) 0.031ms
[438.969s][info][gc,ergo     ] Free: 6580M, Max: 4096K regular, 4944M humongous, Frag: 25% external, 0% internal; Reserve: 412M, Max: 4096K
[438.969s][info][gc,stats    ] 
[438.969s][info][gc,stats    ] All times are wall-clock times, except per-root-class counters, that are sum over
[438.969s][info][gc,stats    ] all workers. Dividing the <total> over the root stage time estimates parallelism.
[438.969s][info][gc,stats    ] 
[438.970s][info][gc,stats    ] Concurrent Reset                    874 us
[438.970s][info][gc,stats    ] Pause Init Mark (G)                 421 us
[438.970s][info][gc,stats    ] Pause Init Mark (N)                 252 us
[438.970s][info][gc,stats    ]   Update Region States              101 us
[438.970s][info][gc,stats    ] Concurrent Mark Roots              1205 us, parallelism: 0.87x
[438.970s][info][gc,stats    ]   CMR: <total>                     1053 us
[438.970s][info][gc,stats    ]   CMR: Thread Roots                 980 us, workers (us): 980, ---, ---, 
[438.970s][info][gc,stats    ]   CMR: VM Strong Roots                7 us, workers (us):   7, ---, ---, 
[438.970s][info][gc,stats    ]   CMR: CLDG Roots                    65 us, workers (us):  65, ---, ---, 
[438.970s][info][gc,stats    ] Concurrent Marking               595627 us
[438.970s][info][gc,stats    ] Pause Final Mark (G)                470 us
[438.970s][info][gc,stats    ] Pause Final Mark (N)                373 us
[438.970s][info][gc,stats    ]   Finish Mark                        47 us
[438.970s][info][gc,stats    ]   Update Region States               37 us
[438.970s][info][gc,stats    ]   Choose Collection Set             155 us
[438.970s][info][gc,stats    ]   Rebuild Free Set                   21 us
[438.970s][info][gc,stats    ] Concurrent Thread Roots             626 us, parallelism: 0.81x
[438.970s][info][gc,stats    ]   CTR: <total>                      506 us
[438.970s][info][gc,stats    ]   CTR: Thread Roots                 506 us, workers (us): 506, ---, ---, 
[438.970s][info][gc,stats    ] Concurrent Weak References          155 us, parallelism: 0.09x
[438.970s][info][gc,stats    ]   CWRF: <total>                      15 us
[438.970s][info][gc,stats    ]   CWRF: Weak References              15 us, workers (us):  15, ---, ---, 
[438.970s][info][gc,stats    ] Concurrent Weak Roots              1183 us
[438.970s][info][gc,stats    ]   Roots                            1062 us, parallelism: 0.97x
[438.970s][info][gc,stats    ]     CWR: <total>                   1031 us
[438.970s][info][gc,stats    ]     CWR: Code Cache Roots           899 us, workers (us): 899, ---, ---, 
[438.970s][info][gc,stats    ]     CWR: VM Weak Roots              122 us, workers (us): 122, ---, ---, 
[438.970s][info][gc,stats    ]     CWR: CLDG Roots                  10 us, workers (us):  10, ---, ---, 
[438.970s][info][gc,stats    ]   Rendezvous                         60 us
[438.970s][info][gc,stats    ] Concurrent Cleanup                   50 us
[438.970s][info][gc,stats    ] Concurrent Class Unloading         3902 us
[438.970s][info][gc,stats    ]   Unlink Stale                     3541 us
[438.970s][info][gc,stats    ]     System Dictionary                11 us
[438.970s][info][gc,stats    ]     Weak Class Links                  0 us
[438.970s][info][gc,stats    ]     Code Roots                     3527 us
[438.970s][info][gc,stats    ]   Rendezvous                         88 us
[438.970s][info][gc,stats    ]   Purge Unlinked                    202 us
[438.970s][info][gc,stats    ]     Code Roots                      196 us
[438.970s][info][gc,stats    ]     CLDG                              5 us
[438.970s][info][gc,stats    ]     Exception Caches                  0 us
[438.970s][info][gc,stats    ] Concurrent Strong Roots             131 us, parallelism: 0.29x
[438.970s][info][gc,stats    ]   CSR: <total>                       38 us
[438.970s][info][gc,stats    ]   CSR: VM Strong Roots                3 us, workers (us):   3, ---, ---, 
[438.970s][info][gc,stats    ]   CSR: CLDG Roots                    34 us, workers (us):  34, ---, ---, 
[438.970s][info][gc,stats    ] Concurrent Evacuation            276645 us
[438.970s][info][gc,stats    ] Pause Init Update Refs (G)          276 us
[438.970s][info][gc,stats    ] Pause Init Update Refs (N)          102 us
[438.970s][info][gc,stats    ]   Manage GCLABs                       4 us
[438.970s][info][gc,stats    ] Concurrent Update Refs           695623 us
[438.970s][info][gc,stats    ] Concurrent Update Thread Roots      940 us
[438.970s][info][gc,stats    ] Pause Final Update Refs (G)         265 us
[438.970s][info][gc,stats    ] Pause Final Update Refs (N)         183 us
[438.970s][info][gc,stats    ]   Update Region States               49 us
[438.970s][info][gc,stats    ]   Trash Collection Set                8 us
[438.970s][info][gc,stats    ]   Rebuild Free Set                   26 us
[438.970s][info][gc,stats    ] Concurrent Cleanup                   40 us
[438.970s][info][gc,stats    ] 
[438.970s][info][gc,stats    ] Allocation pacing accrued:
[438.970s][info][gc,stats    ]       0 of  5574 ms (  0.0%): <total>
[438.970s][info][gc,stats    ]       0 of  5574 ms (  0.0%): <average total>
[438.970s][info][gc,stats    ] 
[438.970s][info][gc,metaspace] Metaspace: 16616K(16960K)->16616K(16960K) NonClass: 14268K(14464K)->14268K(14464K) Class: 2348K(2496K)->2348K(2496K)
[438.970s][info][gc,ergo     ] Pacer for Idle. Initial: 163M, Alloc Tax Rate: 1.0x
[439.575s][info][gc          ] Trigger: Explicit GC request (System.gc())
[439.575s][info][gc,ergo     ] Free: 6512M, Max: 4096K regular, 4944M humongous, Frag: 24% external, 0% internal; Reserve: 412M, Max: 4096K
[439.576s][info][gc,start    ] GC(203) Concurrent reset
[439.576s][info][gc,task     ] GC(203) Using 1 of 3 workers for concurrent reset
[439.576s][info][gc,ergo     ] GC(203) Pacer for Reset. Non-Taxable: 8192M
[439.579s][info][gc          ] GC(203) Concurrent reset 2.976ms
[439.579s][info][gc,start    ] GC(203) Pause Init Mark (unload classes)
[439.579s][info][gc,task     ] GC(203) Using 3 of 3 workers for init marking
[439.579s][info][gc,ref      ] GC(203) Clearing All SoftReferences
[439.579s][info][gc,ergo     ] GC(203) Pacer for Mark. Expected Live: 113M, Free: 6512M, Non-Taxable: 651M, Alloc Tax Rate: 0.0x
[439.579s][info][gc          ] GC(203) Pause Init Mark (unload classes) 0.202ms
[439.579s][info][gc,start    ] GC(203) Concurrent marking roots
[439.579s][info][gc,task     ] GC(203) Using 1 of 3 workers for concurrent marking roots
[439.579s][info][gc          ] GC(203) Concurrent marking roots 0.604ms
[439.579s][info][gc,start    ] GC(203) Concurrent marking (unload classes)
[439.579s][info][gc,task     ] GC(203) Using 1 of 3 workers for concurrent marking
[439.584s][info][gc          ] GC(203) Concurrent marking (unload classes) 4.500ms
[439.584s][info][gc,start    ] GC(203) Pause Final Mark (unload classes)
[439.584s][info][gc,task     ] GC(203) Using 3 of 3 workers for final marking
[439.584s][info][gc,ergo     ] GC(203) Collectable Garbage: 1239M (98%), Immediate: 1239M (98%), CSet: 0B (0%)
[439.585s][info][gc          ] GC(203) Pause Final Mark (unload classes) 0.417ms
[439.585s][info][gc,start    ] GC(203) Concurrent weak references
[439.585s][info][gc,task     ] GC(203) Using 1 of 3 workers for concurrent weak references
[439.585s][info][gc,ref      ] GC(203) Encountered references: Soft: 172, Weak: 993, Final: 0, Phantom: 41
[439.585s][info][gc,ref      ] GC(203) Discovered  references: Soft: 108, Weak: 221, Final: 0, Phantom: 24
[439.585s][info][gc,ref      ] GC(203) Enqueued    references: Soft: 4, Weak: 8, Final: 0, Phantom: 0
[439.585s][info][gc          ] GC(203) Concurrent weak references 0.239ms
[439.585s][info][gc,start    ] GC(203) Concurrent weak roots
[439.585s][info][gc,task     ] GC(203) Using 1 of 3 workers for concurrent weak root
[439.586s][info][gc          ] GC(203) Concurrent weak roots 1.025ms
[439.586s][info][gc,start    ] GC(203) Concurrent cleanup
[439.586s][info][gc          ] GC(203) Concurrent cleanup 1267M->28M(8192M) 0.043ms
[439.586s][info][gc,ergo     ] GC(203) Free: 7751M, Max: 4096K regular, 7168M humongous, Frag: 7% external, 0% internal; Reserve: 412M, Max: 4096K
[439.586s][info][gc,start    ] GC(203) Concurrent class unloading
[439.586s][info][gc,task     ] GC(203) Using 1 of 3 workers for concurrent class unloading
[439.593s][info][gc          ] GC(203) Concurrent class unloading 6.852ms
[439.593s][info][gc,start    ] GC(203) Pause Final Roots
[439.593s][info][gc          ] GC(203) Pause Final Roots 0.041ms
[439.593s][info][gc,ergo     ] Free: 7751M, Max: 4096K regular, 7168M humongous, Frag: 7% external, 0% internal; Reserve: 412M, Max: 4096K
[439.593s][info][gc,stats    ] 
[439.593s][info][gc,stats    ] All times are wall-clock times, except per-root-class counters, that are sum over
[439.593s][info][gc,stats    ] all workers. Dividing the <total> over the root stage time estimates parallelism.
[439.593s][info][gc,stats    ] 
[439.593s][info][gc,stats    ] Concurrent Reset                   3048 us
[439.593s][info][gc,stats    ] Pause Init Mark (G)                 285 us
[439.593s][info][gc,stats    ] Pause Init Mark (N)                 223 us
[439.593s][info][gc,stats    ]   Update Region States               93 us
[439.593s][info][gc,stats    ] Concurrent Mark Roots               624 us, parallelism: 0.81x
[439.593s][info][gc,stats    ]   CMR: <total>                      503 us
[439.593s][info][gc,stats    ]   CMR: Thread Roots                 463 us, workers (us): 463, ---, ---, 
[439.593s][info][gc,stats    ]   CMR: VM Strong Roots                4 us, workers (us):   4, ---, ---, 
[439.593s][info][gc,stats    ]   CMR: CLDG Roots                    36 us, workers (us):  36, ---, ---, 
[439.593s][info][gc,stats    ] Concurrent Marking                 4567 us
[439.593s][info][gc,stats    ] Pause Final Mark (G)                556 us
[439.593s][info][gc,stats    ] Pause Final Mark (N)                442 us
[439.593s][info][gc,stats    ]   Finish Mark                       153 us
[439.593s][info][gc,stats    ]   Update Region States               88 us
[439.593s][info][gc,stats    ]   Choose Collection Set              76 us
[439.593s][info][gc,stats    ]   Rebuild Free Set                   21 us
[439.593s][info][gc,stats    ] Concurrent Weak References          257 us, parallelism: 0.08x
[439.593s][info][gc,stats    ]   CWRF: <total>                      20 us
[439.593s][info][gc,stats    ]   CWRF: Weak References              20 us, workers (us):  20, ---, ---, 
[439.593s][info][gc,stats    ] Concurrent Weak Roots              1073 us
[439.593s][info][gc,stats    ]   Roots                             933 us, parallelism: 0.90x
[439.593s][info][gc,stats    ]     CWR: <total>                    839 us
[439.593s][info][gc,stats    ]     CWR: Code Cache Roots           723 us, workers (us): 723, ---, ---, 
[439.593s][info][gc,stats    ]     CWR: VM Weak Roots              107 us, workers (us): 107, ---, ---, 
[439.593s][info][gc,stats    ]     CWR: CLDG Roots                   9 us, workers (us):   9, ---, ---, 
[439.593s][info][gc,stats    ]   Rendezvous                         57 us
[439.593s][info][gc,stats    ] Concurrent Cleanup                  109 us
[439.593s][info][gc,stats    ] Concurrent Class Unloading         6904 us
[439.593s][info][gc,stats    ]   Unlink Stale                     6439 us
[439.593s][info][gc,stats    ]     System Dictionary                67 us
[439.593s][info][gc,stats    ]     Weak Class Links               2127 us
[439.593s][info][gc,stats    ]     Code Roots                     4243 us
[439.593s][info][gc,stats    ]   Rendezvous                        110 us
[439.593s][info][gc,stats    ]   Purge Unlinked                    285 us
[439.593s][info][gc,stats    ]     Code Roots                      264 us
[439.593s][info][gc,stats    ]     CLDG                             20 us
[439.593s][info][gc,stats    ]     Exception Caches                  0 us
[439.593s][info][gc,stats    ] Pause Final Roots (G)                95 us
[439.593s][info][gc,stats    ] Pause Final Roots (N)                50 us
[439.593s][info][gc,stats    ] 
[439.593s][info][gc,stats    ] Allocation pacing accrued:
[439.593s][info][gc,stats    ]       0 of   624 ms (  0.0%): <total>
[439.593s][info][gc,stats    ]       0 of   624 ms (  0.0%): <average total>
[439.593s][info][gc,stats    ] 
[439.593s][info][gc,metaspace] Metaspace: 16616K(16960K)->16612K(16960K) NonClass: 14268K(14464K)->14265K(14464K) Class: 2348K(2496K)->2347K(2496K)
[439.593s][info][gc,ergo     ] Pacer for Idle. Initial: 163M, Alloc Tax Rate: 1.0x
[441.589s][info][gc          ] Trigger: Average GC time (1681.80 ms) is above the time for instantaneous allocation rate (4801 MB/s) to deplete free headroom (6753M) (spike threshold = 1.63)
[441.589s][info][gc,ergo     ] Free: 7163M, Max: 4096K regular, 7108M humongous, Frag: 0% external, 0% internal; Reserve: 412M, Max: 4096K
[441.589s][info][gc,start    ] GC(204) Concurrent reset
[441.589s][info][gc,task     ] GC(204) Using 1 of 3 workers for concurrent reset
[441.589s][info][gc,ergo     ] GC(204) Pacer for Reset. Non-Taxable: 8192M
[441.590s][info][gc          ] GC(204) Concurrent reset 0.460ms
[441.590s][info][gc,start    ] GC(204) Pause Init Mark (unload classes)
[441.590s][info][gc,task     ] GC(204) Using 3 of 3 workers for init marking
[441.590s][info][gc,ergo     ] GC(204) Pacer for Mark. Expected Live: 65373K, Free: 7159M, Non-Taxable: 715M, Alloc Tax Rate: 0.0x
[441.590s][info][gc          ] GC(204) Pause Init Mark (unload classes) 0.104ms
[441.605s][info][gc,start    ] GC(204) Concurrent marking roots
[441.605s][info][gc,task     ] GC(204) Using 1 of 3 workers for concurrent marking roots
[441.606s][info][gc          ] GC(204) Concurrent marking roots 0.727ms
[441.606s][info][gc,start    ] GC(204) Concurrent marking (unload classes)
[441.606s][info][gc,task     ] GC(204) Using 1 of 3 workers for concurrent marking
[441.637s][info][gc          ] GC(204) Concurrent marking (unload classes) 30.542ms
[441.637s][info][gc,start    ] GC(204) Pause Final Mark (unload classes)
[441.637s][info][gc,task     ] GC(204) Using 3 of 3 workers for final marking
[441.637s][info][gc,ergo     ] GC(204) Adaptive CSet Selection. Target Free: 1160M, Actual Free: 7732M, Max CSet: 341M, Min Garbage: 0B
[441.637s][info][gc,ergo     ] GC(204) Collectable Garbage: 612M (99%), Immediate: 448M (72%), CSet: 163M (26%)
[441.637s][info][gc,ergo     ] GC(204) Pacer for Evacuation. Used CSet: 164M, Free: 7375M, Non-Taxable: 737M, Alloc Tax Rate: 1.1x
[441.637s][info][gc          ] GC(204) Pause Final Mark (unload classes) 0.209ms
[441.648s][info][gc,start    ] GC(204) Concurrent thread roots
[441.648s][info][gc,task     ] GC(204) Using 1 of 3 workers for Concurrent thread roots
[441.649s][info][gc          ] GC(204) Concurrent thread roots 0.677ms
[441.649s][info][gc,start    ] GC(204) Concurrent weak references
[441.649s][info][gc,task     ] GC(204) Using 1 of 3 workers for concurrent weak references
[441.649s][info][gc,ref      ] GC(204) Encountered references: Soft: 173, Weak: 993, Final: 0, Phantom: 41
[441.649s][info][gc,ref      ] GC(204) Discovered  references: Soft: 0, Weak: 207, Final: 0, Phantom: 24
[441.649s][info][gc,ref      ] GC(204) Enqueued    references: Soft: 0, Weak: 5, Final: 0, Phantom: 0
[441.649s][info][gc          ] GC(204) Concurrent weak references 0.082ms
[441.649s][info][gc,start    ] GC(204) Concurrent weak roots
[441.649s][info][gc,task     ] GC(204) Using 1 of 3 workers for concurrent weak root
[441.652s][info][gc          ] GC(204) Concurrent weak roots 3.437ms
[441.652s][info][gc,start    ] GC(204) Concurrent cleanup
[441.652s][info][gc          ] GC(204) Concurrent cleanup 924M->476M(8192M) 0.040ms
[441.652s][info][gc,ergo     ] GC(204) Free: 7303M, Max: 4096K regular, 6808M humongous, Frag: 7% external, 0% internal; Reserve: 411M, Max: 4096K
[441.652s][info][gc,start    ] GC(204) Concurrent class unloading
[441.652s][info][gc,task     ] GC(204) Using 1 of 3 workers for concurrent class unloading
[441.668s][info][gc          ] GC(204) Concurrent class unloading 15.870ms
[441.668s][info][gc,start    ] GC(204) Concurrent strong roots
[441.668s][info][gc,task     ] GC(204) Using 1 of 3 workers for concurrent strong root
[441.668s][info][gc          ] GC(204) Concurrent strong roots 0.118ms
[441.668s][info][gc,start    ] GC(204) Concurrent evacuation
[441.668s][info][gc,task     ] GC(204) Using 1 of 3 workers for concurrent evacuation
[441.670s][info][gc          ] GC(204) Concurrent evacuation 1.393ms
[441.670s][info][gc,start    ] GC(204) Pause Init Update Refs
[441.670s][info][gc,ergo     ] GC(204) Pacer for Update Refs. Used: 540M, Free: 7239M, Non-Taxable: 723M, Alloc Tax Rate: 1.1x
[441.670s][info][gc          ] GC(204) Pause Init Update Refs 0.068ms
[441.683s][info][gc,start    ] GC(204) Concurrent update references
[441.684s][info][gc,task     ] GC(204) Using 1 of 3 workers for concurrent reference update
[441.786s][info][gc          ] GC(204) Concurrent update references 102.517ms
[441.786s][info][gc,start    ] GC(204) Concurrent update thread roots
[441.792s][info][gc          ] GC(204) Concurrent update thread roots 6.352ms
[441.793s][info][gc,start    ] GC(204) Pause Final Update Refs
[441.793s][info][gc,task     ] GC(204) Using 3 of 3 workers for final reference update
[441.793s][info][gc          ] GC(204) Pause Final Update Refs 0.140ms
[441.809s][info][gc,start    ] GC(204) Concurrent cleanup
[441.809s][info][gc          ] GC(204) Concurrent cleanup 960M->876M(8192M) 0.160ms
[441.809s][info][gc,ergo     ] Free: 6903M, Max: 4096K regular, 6764M humongous, Frag: 2% external, 0% internal; Reserve: 412M, Max: 4096K
[441.809s][info][gc,stats    ] 
[441.809s][info][gc,stats    ] All times are wall-clock times, except per-root-class counters, that are sum over
[441.809s][info][gc,stats    ] all workers. Dividing the <total> over the root stage time estimates parallelism.
[441.809s][info][gc,stats    ] 
[441.809s][info][gc,stats    ] Concurrent Reset                    484 us
[441.809s][info][gc,stats    ] Pause Init Mark (G)               15694 us
[441.809s][info][gc,stats    ] Pause Init Mark (N)                 113 us
[441.809s][info][gc,stats    ]   Update Region States               39 us
[441.809s][info][gc,stats    ] Concurrent Mark Roots               749 us, parallelism: 0.77x
[441.809s][info][gc,stats    ]   CMR: <total>                      579 us
[441.809s][info][gc,stats    ]   CMR: Thread Roots                 525 us, workers (us): 525, ---, ---, 
[441.809s][info][gc,stats    ]   CMR: VM Strong Roots                7 us, workers (us):   7, ---, ---, 
[441.809s][info][gc,stats    ]   CMR: CLDG Roots                    47 us, workers (us):  47, ---, ---, 
[441.809s][info][gc,stats    ] Concurrent Marking                30635 us
[441.809s][info][gc,stats    ] Pause Final Mark (G)              11083 us
[441.809s][info][gc,stats    ] Pause Final Mark (N)                218 us
[441.809s][info][gc,stats    ]   Finish Mark                        55 us
[441.809s][info][gc,stats    ]   Update Region States               37 us
[441.809s][info][gc,stats    ]   Choose Collection Set              46 us
[441.809s][info][gc,stats    ]   Rebuild Free Set                    8 us
[441.809s][info][gc,stats    ] Concurrent Thread Roots             697 us, parallelism: 0.76x
[441.809s][info][gc,stats    ]   CTR: <total>                      529 us
[441.809s][info][gc,stats    ]   CTR: Thread Roots                 529 us, workers (us): 529, ---, ---, 
[441.809s][info][gc,stats    ] Concurrent Weak References           91 us, parallelism: 0.23x
[441.809s][info][gc,stats    ]   CWRF: <total>                      21 us
[441.809s][info][gc,stats    ]   CWRF: Weak References              21 us, workers (us):  21, ---, ---, 
[441.809s][info][gc,stats    ] Concurrent Weak Roots              3477 us
[441.809s][info][gc,stats    ]   Roots                            1287 us, parallelism: 0.96x
[441.809s][info][gc,stats    ]     CWR: <total>                   1232 us
[441.809s][info][gc,stats    ]     CWR: Code Cache Roots          1025 us, workers (us): 1025, ---, ---, 
[441.809s][info][gc,stats    ]     CWR: VM Weak Roots              196 us, workers (us): 196, ---, ---, 
[441.809s][info][gc,stats    ]     CWR: CLDG Roots                  11 us, workers (us):  11, ---, ---, 
[441.809s][info][gc,stats    ]   Rendezvous                       2132 us
[441.809s][info][gc,stats    ] Concurrent Cleanup                   48 us
[441.809s][info][gc,stats    ] Concurrent Class Unloading        15941 us
[441.809s][info][gc,stats    ]   Unlink Stale                     3795 us
[441.809s][info][gc,stats    ]     System Dictionary                13 us
[441.809s][info][gc,stats    ]     Weak Class Links                  0 us
[441.809s][info][gc,stats    ]     Code Roots                     3781 us
[441.809s][info][gc,stats    ]   Rendezvous                      11678 us
[441.809s][info][gc,stats    ]   Purge Unlinked                    374 us
[441.809s][info][gc,stats    ]     Code Roots                      362 us
[441.809s][info][gc,stats    ]     CLDG                             10 us
[441.809s][info][gc,stats    ]     Exception Caches                  1 us
[441.809s][info][gc,stats    ] Concurrent Strong Roots             129 us, parallelism: 0.41x
[441.809s][info][gc,stats    ]   CSR: <total>                       54 us
[441.809s][info][gc,stats    ]   CSR: VM Strong Roots                5 us, workers (us):   5, ---, ---, 
[441.809s][info][gc,stats    ]   CSR: CLDG Roots                    49 us, workers (us):  49, ---, ---, 
[441.809s][info][gc,stats    ] Concurrent Evacuation              1446 us
[441.809s][info][gc,stats    ] Pause Init Update Refs (G)        13803 us
[441.809s][info][gc,stats    ] Pause Init Update Refs (N)           77 us
[441.809s][info][gc,stats    ]   Manage GCLABs                       4 us
[441.809s][info][gc,stats    ] Concurrent Update Refs           102588 us
[441.809s][info][gc,stats    ] Concurrent Update Thread Roots     6422 us
[441.809s][info][gc,stats    ] Pause Final Update Refs (G)       16029 us
[441.809s][info][gc,stats    ] Pause Final Update Refs (N)         163 us
[441.809s][info][gc,stats    ]   Update Region States               53 us
[441.809s][info][gc,stats    ]   Trash Collection Set                4 us
[441.809s][info][gc,stats    ]   Rebuild Free Set                   19 us
[441.809s][info][gc,stats    ] Concurrent Cleanup                  175 us
[441.809s][info][gc,stats    ] 
[441.809s][info][gc,stats    ] Allocation pacing accrued:
[441.809s][info][gc,stats    ]       0 of  2216 ms (  0.0%): <total>
[441.809s][info][gc,stats    ]       0 of  2216 ms (  0.0%): <average total>
[441.809s][info][gc,stats    ] 
[441.809s][info][gc,metaspace] Metaspace: 16616K(16960K)->16616K(16960K) NonClass: 14268K(14464K)->14268K(14464K) Class: 2348K(2496K)->2348K(2496K)
[441.809s][info][gc,ergo     ] Pacer for Idle. Initial: 163M, Alloc Tax Rate: 1.0x
[441.934s][info][gc          ] Trigger: Average GC time (1230.96 ms) is above the time for instantaneous allocation rate (5462 MB/s) to deplete free headroom (5801M) (spike threshold = 1.63)
[441.934s][info][gc,ergo     ] Free: 6211M, Max: 4096K regular, 6152M humongous, Frag: 0% external, 0% internal; Reserve: 412M, Max: 4096K
[441.934s][info][gc,start    ] GC(205) Concurrent reset
[441.934s][info][gc,task     ] GC(205) Using 1 of 3 workers for concurrent reset
[441.934s][info][gc,ergo     ] GC(205) Pacer for Reset. Non-Taxable: 8192M
[441.935s][info][gc          ] GC(205) Concurrent reset 1.179ms
[441.935s][info][gc,start    ] GC(205) Pause Init Mark (unload classes)
[441.935s][info][gc,task     ] GC(205) Using 3 of 3 workers for init marking
[441.936s][info][gc,ergo     ] GC(205) Pacer for Mark. Expected Live: 65425K, Free: 6207M, Non-Taxable: 620M, Alloc Tax Rate: 0.0x
[441.936s][info][gc          ] GC(205) Pause Init Mark (unload classes) 0.120ms
[441.950s][info][gc,start    ] GC(205) Concurrent marking roots
[441.950s][info][gc,task     ] GC(205) Using 1 of 3 workers for concurrent marking roots
[441.951s][info][gc          ] GC(205) Concurrent marking roots 0.763ms
[441.951s][info][gc,start    ] GC(205) Concurrent marking (unload classes)
[441.951s][info][gc,task     ] GC(205) Using 1 of 3 workers for concurrent marking
[441.965s][info][gc          ] GC(205) Concurrent marking (unload classes) 14.622ms
[441.965s][info][gc,start    ] GC(205) Pause Final Mark (unload classes)
[441.965s][info][gc,task     ] GC(205) Using 3 of 3 workers for final marking
[441.966s][info][gc,ergo     ] GC(205) Collectable Garbage: 1456M (92%), Immediate: 1456M (92%), CSet: 0B (0%)
[441.966s][info][gc          ] GC(205) Pause Final Mark (unload classes) 0.243ms
[441.981s][info][gc,start    ] GC(205) Concurrent weak references
[441.981s][info][gc,task     ] GC(205) Using 1 of 3 workers for concurrent weak references
[441.981s][info][gc,ref      ] GC(205) Encountered references: Soft: 173, Weak: 988, Final: 0, Phantom: 41
[441.981s][info][gc,ref      ] GC(205) Discovered  references: Soft: 0, Weak: 202, Final: 0, Phantom: 24
[441.981s][info][gc,ref      ] GC(205) Enqueued    references: Soft: 0, Weak: 0, Final: 0, Phantom: 0
[441.981s][info][gc          ] GC(205) Concurrent weak references 0.237ms
[441.981s][info][gc,start    ] GC(205) Concurrent weak roots
[441.981s][info][gc,task     ] GC(205) Using 1 of 3 workers for concurrent weak root
[441.993s][info][gc          ] GC(205) Concurrent weak roots 11.478ms
[441.993s][info][gc,start    ] GC(205) Concurrent cleanup
[441.993s][info][gc          ] GC(205) Concurrent cleanup 1864M->408M(8192M) 0.078ms
[441.993s][info][gc,ergo     ] GC(205) Free: 7371M, Max: 4096K regular, 5856M humongous, Frag: 20% external, 0% internal; Reserve: 412M, Max: 4096K
[441.993s][info][gc,start    ] GC(205) Concurrent class unloading
[441.993s][info][gc,task     ] GC(205) Using 1 of 3 workers for concurrent class unloading
[442.013s][info][gc          ] GC(205) Concurrent class unloading 20.163ms
[442.013s][info][gc,start    ] GC(205) Pause Final Roots
[442.014s][info][gc          ] GC(205) Pause Final Roots 0.055ms
[442.016s][info][gc,ergo     ] Free: 7251M, Max: 4096K regular, 5856M humongous, Frag: 19% external, 0% internal; Reserve: 412M, Max: 4096K
[442.016s][info][gc,stats    ] 
[442.016s][info][gc,stats    ] All times are wall-clock times, except per-root-class counters, that are sum over
[442.016s][info][gc,stats    ] all workers. Dividing the <total> over the root stage time estimates parallelism.
[442.016s][info][gc,stats    ] 
[442.016s][info][gc,stats    ] Concurrent Reset                   1202 us
[442.016s][info][gc,stats    ] Pause Init Mark (G)               14509 us
[442.016s][info][gc,stats    ] Pause Init Mark (N)                 130 us
[442.016s][info][gc,stats    ]   Update Region States               38 us
[442.016s][info][gc,stats    ] Concurrent Mark Roots               793 us, parallelism: 0.73x
[442.016s][info][gc,stats    ]   CMR: <total>                      576 us
[442.016s][info][gc,stats    ]   CMR: Thread Roots                 519 us, workers (us): 519, ---, ---, 
[442.016s][info][gc,stats    ]   CMR: VM Strong Roots                7 us, workers (us):   7, ---, ---, 
[442.016s][info][gc,stats    ]   CMR: CLDG Roots                    50 us, workers (us):  50, ---, ---, 
[442.016s][info][gc,stats    ] Concurrent Marking                14730 us
[442.016s][info][gc,stats    ] Pause Final Mark (G)              15814 us
[442.016s][info][gc,stats    ] Pause Final Mark (N)                255 us
[442.016s][info][gc,stats    ]   Finish Mark                        57 us
[442.016s][info][gc,stats    ]   Update Region States               55 us
[442.016s][info][gc,stats    ]   Choose Collection Set              70 us
[442.017s][info][gc,stats    ]   Rebuild Free Set                    9 us
[442.017s][info][gc,stats    ] Concurrent Weak References          248 us, parallelism: 0.13x
[442.017s][info][gc,stats    ]   CWRF: <total>                      32 us
[442.017s][info][gc,stats    ]   CWRF: Weak References              32 us, workers (us):  32, ---, ---, 
[442.017s][info][gc,stats    ] Concurrent Weak Roots             11566 us
[442.017s][info][gc,stats    ]   Roots                            1467 us, parallelism: 0.97x
[442.017s][info][gc,stats    ]     CWR: <total>                   1422 us
[442.017s][info][gc,stats    ]     CWR: Code Cache Roots          1237 us, workers (us): 1237, ---, ---, 
[442.017s][info][gc,stats    ]     CWR: VM Weak Roots              173 us, workers (us): 173, ---, ---, 
[442.017s][info][gc,stats    ]     CWR: CLDG Roots                  12 us, workers (us):  12, ---, ---, 
[442.017s][info][gc,stats    ]   Rendezvous                       9989 us
[442.017s][info][gc,stats    ] Concurrent Cleanup                   88 us
[442.017s][info][gc,stats    ] Concurrent Class Unloading        20259 us
[442.017s][info][gc,stats    ]   Unlink Stale                     4639 us
[442.017s][info][gc,stats    ]     System Dictionary                17 us
[442.017s][info][gc,stats    ]     Weak Class Links                  0 us
[442.017s][info][gc,stats    ]     Code Roots                     4619 us
[442.017s][info][gc,stats    ]   Rendezvous                      15076 us
[442.017s][info][gc,stats    ]   Purge Unlinked                    416 us
[442.017s][info][gc,stats    ]     Code Roots                      406 us
[442.017s][info][gc,stats    ]     CLDG                              8 us
[442.017s][info][gc,stats    ]     Exception Caches                  1 us
[442.017s][info][gc,stats    ] Pause Final Roots (G)              2915 us
[442.017s][info][gc,stats    ] Pause Final Roots (N)                66 us
[442.017s][info][gc,stats    ] 
[442.017s][info][gc,stats    ] Allocation pacing accrued:
[442.017s][info][gc,stats    ]       0 of   207 ms (  0.0%): <total>
[442.017s][info][gc,stats    ]       0 of   207 ms (  0.0%): <average total>
[442.017s][info][gc,stats    ] 
[442.017s][info][gc,metaspace] Metaspace: 16616K(16960K)->16616K(16960K) NonClass: 14268K(14464K)->14268K(14464K) Class: 2348K(2496K)->2348K(2496K)
[442.017s][info][gc,ergo     ] Pacer for Idle. Initial: 163M, Alloc Tax Rate: 1.0x
[445.635s][info][gc          ] Trigger: Learning 4 of 5. Free (5711M) is below initial threshold (5734M)
[445.635s][info][gc,ergo     ] Free: 5711M, Max: 4096K regular, 5652M humongous, Frag: 0% external, 0% internal; Reserve: 412M, Max: 4096K
[445.635s][info][gc,start    ] GC(206) Concurrent reset
[445.635s][info][gc,task     ] GC(206) Using 1 of 3 workers for concurrent reset
[445.635s][info][gc,ergo     ] GC(206) Pacer for Reset. Non-Taxable: 8192M
[445.636s][info][gc          ] GC(206) Concurrent reset 0.728ms
[445.636s][info][gc,start    ] GC(206) Pause Init Mark (unload classes)
[445.636s][info][gc,task     ] GC(206) Using 3 of 3 workers for init marking
[445.636s][info][gc,ergo     ] GC(206) Pacer for Mark. Expected Live: 65421K, Free: 5707M, Non-Taxable: 570M, Alloc Tax Rate: 0.0x
[445.636s][info][gc          ] GC(206) Pause Init Mark (unload classes) 0.181ms
[445.636s][info][gc,start    ] GC(206) Concurrent marking roots
[445.636s][info][gc,task     ] GC(206) Using 1 of 3 workers for concurrent marking roots
[445.637s][info][gc          ] GC(206) Concurrent marking roots 1.263ms
[445.637s][info][gc,start    ] GC(206) Concurrent marking (unload classes)
[445.637s][info][gc,task     ] GC(206) Using 1 of 3 workers for concurrent marking
[446.032s][info][gc          ] GC(206) Concurrent marking (unload classes) 394.248ms
[446.032s][info][gc,start    ] GC(206) Pause Final Mark (unload classes)
[446.032s][info][gc,task     ] GC(206) Using 3 of 3 workers for final marking
[446.032s][info][gc,ergo     ] GC(206) Adaptive CSet Selection. Target Free: 1160M, Actual Free: 7112M, Max CSet: 341M, Min Garbage: 0B
[446.032s][info][gc,ergo     ] GC(206) Collectable Garbage: 1877M (99%), Immediate: 1592M (84%), CSet: 285M (15%)
[446.032s][info][gc,ergo     ] GC(206) Pacer for Evacuation. Used CSet: 472M, Free: 6759M, Non-Taxable: 675M, Alloc Tax Rate: 1.1x
[446.032s][info][gc          ] GC(206) Pause Final Mark (unload classes) 0.288ms
[446.032s][info][gc,start    ] GC(206) Concurrent thread roots
[446.032s][info][gc,task     ] GC(206) Using 1 of 3 workers for Concurrent thread roots
[446.033s][info][gc          ] GC(206) Concurrent thread roots 1.119ms
[446.033s][info][gc,start    ] GC(206) Concurrent weak references
[446.033s][info][gc,task     ] GC(206) Using 1 of 3 workers for concurrent weak references
[446.033s][info][gc,ref      ] GC(206) Encountered references: Soft: 173, Weak: 991, Final: 0, Phantom: 41
[446.033s][info][gc,ref      ] GC(206) Discovered  references: Soft: 0, Weak: 213, Final: 0, Phantom: 24
[446.033s][info][gc,ref      ] GC(206) Enqueued    references: Soft: 0, Weak: 6, Final: 0, Phantom: 0
[446.033s][info][gc          ] GC(206) Concurrent weak references 0.077ms
[446.033s][info][gc,start    ] GC(206) Concurrent weak roots
[446.033s][info][gc,task     ] GC(206) Using 1 of 3 workers for concurrent weak root
[446.034s][info][gc          ] GC(206) Concurrent weak roots 0.981ms
[446.034s][info][gc,start    ] GC(206) Concurrent cleanup
[446.034s][info][gc          ] GC(206) Concurrent cleanup 2616M->1024M(8192M) 0.031ms
[446.034s][info][gc,ergo     ] GC(206) Free: 6755M, Max: 4096K regular, 5104M humongous, Frag: 24% external, 0% internal; Reserve: 411M, Max: 4096K
[446.034s][info][gc,start    ] GC(206) Concurrent class unloading
[446.034s][info][gc,task     ] GC(206) Using 1 of 3 workers for concurrent class unloading
[446.038s][info][gc          ] GC(206) Concurrent class unloading 3.397ms
[446.038s][info][gc,start    ] GC(206) Concurrent strong roots
[446.038s][info][gc,task     ] GC(206) Using 1 of 3 workers for concurrent strong root
[446.038s][info][gc          ] GC(206) Concurrent strong roots 0.151ms
[446.038s][info][gc,start    ] GC(206) Concurrent evacuation
[446.038s][info][gc,task     ] GC(206) Using 1 of 3 workers for concurrent evacuation
[446.202s][info][gc          ] GC(206) Concurrent evacuation 163.631ms
[446.202s][info][gc,start    ] GC(206) Pause Init Update Refs
[446.202s][info][gc,ergo     ] GC(206) Pacer for Update Refs. Used: 1271M, Free: 6699M, Non-Taxable: 669M, Alloc Tax Rate: 1.1x
[446.202s][info][gc          ] GC(206) Pause Init Update Refs 0.083ms
[446.202s][info][gc,start    ] GC(206) Concurrent update references
[446.202s][info][gc,task     ] GC(206) Using 1 of 3 workers for concurrent reference update
[446.809s][info][gc          ] GC(206) Concurrent update references 607.077ms
[446.809s][info][gc,start    ] GC(206) Concurrent update thread roots
[446.810s][info][gc          ] GC(206) Concurrent update thread roots 1.431ms
[446.810s][info][gc,start    ] GC(206) Pause Final Update Refs
[446.811s][info][gc,task     ] GC(206) Using 3 of 3 workers for final reference update
[446.811s][info][gc          ] GC(206) Pause Final Update Refs 0.201ms
[446.811s][info][gc,start    ] GC(206) Concurrent cleanup
[446.811s][info][gc          ] GC(206) Concurrent cleanup 1526M->1054M(8192M) 0.035ms
[446.811s][info][gc,ergo     ] Free: 6725M, Max: 4096K regular, 4912M humongous, Frag: 27% external, 0% internal; Reserve: 412M, Max: 4096K
[446.811s][info][gc,stats    ] 
[446.811s][info][gc,stats    ] All times are wall-clock times, except per-root-class counters, that are sum over
[446.811s][info][gc,stats    ] all workers. Dividing the <total> over the root stage time estimates parallelism.
[446.811s][info][gc,stats    ] 
[446.811s][info][gc,stats    ] Concurrent Reset                    791 us
[446.811s][info][gc,stats    ] Pause Init Mark (G)                 320 us
[446.811s][info][gc,stats    ] Pause Init Mark (N)                 198 us
[446.811s][info][gc,stats    ]   Update Region States               74 us
[446.811s][info][gc,stats    ] Concurrent Mark Roots              1284 us, parallelism: 0.92x
[446.811s][info][gc,stats    ]   CMR: <total>                     1177 us
[446.811s][info][gc,stats    ]   CMR: Thread Roots                1103 us, workers (us): 1103, ---, ---, 
[446.811s][info][gc,stats    ]   CMR: VM Strong Roots                6 us, workers (us):   6, ---, ---, 
[446.811s][info][gc,stats    ]   CMR: CLDG Roots                    68 us, workers (us):  68, ---, ---, 
[446.811s][info][gc,stats    ] Concurrent Marking               394298 us
[446.811s][info][gc,stats    ] Pause Final Mark (G)                396 us
[446.811s][info][gc,stats    ] Pause Final Mark (N)                301 us
[446.811s][info][gc,stats    ]   Finish Mark                        83 us
[446.811s][info][gc,stats    ]   Update Region States               70 us
[446.811s][info][gc,stats    ]   Choose Collection Set              64 us
[446.811s][info][gc,stats    ]   Rebuild Free Set                    8 us
[446.811s][info][gc,stats    ] Concurrent Thread Roots            1128 us, parallelism: 0.93x
[446.811s][info][gc,stats    ]   CTR: <total>                     1047 us
[446.811s][info][gc,stats    ]   CTR: Thread Roots                1047 us, workers (us): 1047, ---, ---, 
[446.811s][info][gc,stats    ] Concurrent Weak References           84 us, parallelism: 0.10x
[446.811s][info][gc,stats    ]   CWRF: <total>                       9 us
[446.811s][info][gc,stats    ]   CWRF: Weak References               9 us, workers (us):   9, ---, ---, 
[446.811s][info][gc,stats    ] Concurrent Weak Roots               990 us
[446.811s][info][gc,stats    ]   Roots                             908 us, parallelism: 0.95x
[446.811s][info][gc,stats    ]     CWR: <total>                    865 us
[446.811s][info][gc,stats    ]     CWR: Code Cache Roots           722 us, workers (us): 722, ---, ---, 
[446.811s][info][gc,stats    ]     CWR: VM Weak Roots              134 us, workers (us): 134, ---, ---, 
[446.811s][info][gc,stats    ]     CWR: CLDG Roots                   9 us, workers (us):   9, ---, ---, 
[446.811s][info][gc,stats    ]   Rendezvous                         59 us
[446.811s][info][gc,stats    ] Concurrent Cleanup                   39 us
[446.811s][info][gc,stats    ] Concurrent Class Unloading         3424 us
[446.811s][info][gc,stats    ]   Unlink Stale                     3126 us
[446.811s][info][gc,stats    ]     System Dictionary                10 us
[446.811s][info][gc,stats    ]     Weak Class Links                  0 us
[446.811s][info][gc,stats    ]     Code Roots                     3114 us
[446.811s][info][gc,stats    ]   Rendezvous                        110 us
[446.811s][info][gc,stats    ]   Purge Unlinked                    144 us
[446.811s][info][gc,stats    ]     Code Roots                      139 us
[446.811s][info][gc,stats    ]     CLDG                              5 us
[446.811s][info][gc,stats    ]     Exception Caches                  0 us
[446.811s][info][gc,stats    ] Concurrent Strong Roots             169 us, parallelism: 0.33x
[446.811s][info][gc,stats    ]   CSR: <total>                       55 us
[446.811s][info][gc,stats    ]   CSR: VM Strong Roots                4 us, workers (us):   4, ---, ---, 
[446.811s][info][gc,stats    ]   CSR: CLDG Roots                    51 us, workers (us):  51, ---, ---, 
[446.811s][info][gc,stats    ] Concurrent Evacuation            163688 us
[446.811s][info][gc,stats    ] Pause Init Update Refs (G)          237 us
[446.811s][info][gc,stats    ] Pause Init Update Refs (N)          100 us
[446.811s][info][gc,stats    ]   Manage GCLABs                       4 us
[446.811s][info][gc,stats    ] Concurrent Update Refs           607145 us
[446.811s][info][gc,stats    ] Concurrent Update Thread Roots     1461 us
[446.811s][info][gc,stats    ] Pause Final Update Refs (G)         329 us
[446.811s][info][gc,stats    ] Pause Final Update Refs (N)         219 us
[446.811s][info][gc,stats    ]   Update Region States               80 us
[446.811s][info][gc,stats    ]   Trash Collection Set                4 us
[446.811s][info][gc,stats    ]   Rebuild Free Set                   21 us
[446.811s][info][gc,stats    ] Concurrent Cleanup                   44 us
[446.811s][info][gc,stats    ] 
[446.811s][info][gc,stats    ] Allocation pacing accrued:
[446.811s][info][gc,stats    ]       0 of  4795 ms (  0.0%): <total>
[446.811s][info][gc,stats    ]       0 of  4795 ms (  0.0%): <average total>
[446.811s][info][gc,stats    ] 
[446.811s][info][gc,metaspace] Metaspace: 16616K(16960K)->16616K(16960K) NonClass: 14268K(14464K)->14268K(14464K) Class: 2348K(2496K)->2348K(2496K)
[446.811s][info][gc,ergo     ] Pacer for Idle. Initial: 163M, Alloc Tax Rate: 1.0x
[447.913s][info][gc          ] Trigger: Explicit GC request (System.gc())
[447.913s][info][gc,ergo     ] Free: 6360M, Max: 4096K regular, 4912M humongous, Frag: 23% external, 0% internal; Reserve: 412M, Max: 4096K
[447.913s][info][gc,start    ] GC(207) Concurrent reset
[447.913s][info][gc,task     ] GC(207) Using 1 of 3 workers for concurrent reset
[447.913s][info][gc,ergo     ] GC(207) Pacer for Reset. Non-Taxable: 8192M
[447.915s][info][gc          ] GC(207) Concurrent reset 2.309ms
[447.915s][info][gc,start    ] GC(207) Pause Init Mark (unload classes)
[447.915s][info][gc,task     ] GC(207) Using 3 of 3 workers for init marking
[447.915s][info][gc,ref      ] GC(207) Clearing All SoftReferences
[447.915s][info][gc,ergo     ] GC(207) Pacer for Mark. Expected Live: 101M, Free: 6360M, Non-Taxable: 636M, Alloc Tax Rate: 0.0x
[447.915s][info][gc          ] GC(207) Pause Init Mark (unload classes) 0.162ms
[447.915s][info][gc,start    ] GC(207) Concurrent marking roots
[447.915s][info][gc,task     ] GC(207) Using 1 of 3 workers for concurrent marking roots
[447.916s][info][gc          ] GC(207) Concurrent marking roots 0.917ms
[447.916s][info][gc,start    ] GC(207) Concurrent marking (unload classes)
[447.916s][info][gc,task     ] GC(207) Using 1 of 3 workers for concurrent marking
[447.922s][info][gc          ] GC(207) Concurrent marking (unload classes) 5.175ms
[447.922s][info][gc,start    ] GC(207) Pause Final Mark (unload classes)
[447.922s][info][gc,task     ] GC(207) Using 3 of 3 workers for final marking
[447.922s][info][gc,ergo     ] GC(207) Collectable Garbage: 1390M (98%), Immediate: 1390M (98%), CSet: 0B (0%)
[447.922s][info][gc          ] GC(207) Pause Final Mark (unload classes) 0.282ms
[447.922s][info][gc,start    ] GC(207) Concurrent weak references
[447.922s][info][gc,task     ] GC(207) Using 1 of 3 workers for concurrent weak references
[447.922s][info][gc,ref      ] GC(207) Encountered references: Soft: 172, Weak: 988, Final: 0, Phantom: 41
[447.922s][info][gc,ref      ] GC(207) Discovered  references: Soft: 108, Weak: 218, Final: 0, Phantom: 24
[447.922s][info][gc,ref      ] GC(207) Enqueued    references: Soft: 4, Weak: 5, Final: 0, Phantom: 0
[447.922s][info][gc          ] GC(207) Concurrent weak references 0.328ms
[447.922s][info][gc,start    ] GC(207) Concurrent weak roots
[447.922s][info][gc,task     ] GC(207) Using 1 of 3 workers for concurrent weak root
[447.924s][info][gc          ] GC(207) Concurrent weak roots 1.560ms
[447.924s][info][gc,start    ] GC(207) Concurrent cleanup
[447.924s][info][gc          ] GC(207) Concurrent cleanup 1419M->28M(8192M) 0.067ms
[447.924s][info][gc,ergo     ] GC(207) Free: 7751M, Max: 4096K regular, 7036M humongous, Frag: 9% external, 0% internal; Reserve: 412M, Max: 4096K
[447.924s][info][gc,start    ] GC(207) Concurrent class unloading
[447.924s][info][gc,task     ] GC(207) Using 1 of 3 workers for concurrent class unloading
[447.931s][info][gc          ] GC(207) Concurrent class unloading 6.703ms
[447.931s][info][gc,start    ] GC(207) Pause Final Roots
[447.931s][info][gc          ] GC(207) Pause Final Roots 0.044ms
[447.931s][info][gc,ergo     ] Free: 7751M, Max: 4096K regular, 7036M humongous, Frag: 9% external, 0% internal; Reserve: 412M, Max: 4096K
[447.931s][info][gc,stats    ] 
[447.931s][info][gc,stats    ] All times are wall-clock times, except per-root-class counters, that are sum over
[447.931s][info][gc,stats    ] all workers. Dividing the <total> over the root stage time estimates parallelism.
[447.931s][info][gc,stats    ] 
[447.931s][info][gc,stats    ] Concurrent Reset                   2402 us
[447.931s][info][gc,stats    ] Pause Init Mark (G)                 286 us
[447.931s][info][gc,stats    ] Pause Init Mark (N)                 171 us
[447.931s][info][gc,stats    ]   Update Region States               65 us
[447.931s][info][gc,stats    ] Concurrent Mark Roots               941 us, parallelism: 0.84x
[447.931s][info][gc,stats    ]   CMR: <total>                      790 us
[447.931s][info][gc,stats    ]   CMR: Thread Roots                 747 us, workers (us): 747, ---, ---, 
[447.931s][info][gc,stats    ]   CMR: VM Strong Roots                4 us, workers (us):   4, ---, ---, 
[447.931s][info][gc,stats    ]   CMR: CLDG Roots                    40 us, workers (us):  40, ---, ---, 
[447.931s][info][gc,stats    ] Concurrent Marking                 5224 us
[447.931s][info][gc,stats    ] Pause Final Mark (G)                385 us
[447.931s][info][gc,stats    ] Pause Final Mark (N)                292 us
[447.931s][info][gc,stats    ]   Finish Mark                       104 us
[447.931s][info][gc,stats    ]   Update Region States               65 us
[447.931s][info][gc,stats    ]   Choose Collection Set              44 us
[447.931s][info][gc,stats    ]   Rebuild Free Set                    8 us
[447.931s][info][gc,stats    ] Concurrent Weak References          350 us, parallelism: 0.08x
[447.931s][info][gc,stats    ]   CWRF: <total>                      29 us
[447.931s][info][gc,stats    ]   CWRF: Weak References              29 us, workers (us):  29, ---, ---, 
[447.931s][info][gc,stats    ] Concurrent Weak Roots              1607 us
[447.931s][info][gc,stats    ]   Roots                            1381 us, parallelism: 0.88x
[447.931s][info][gc,stats    ]     CWR: <total>                   1219 us
[447.931s][info][gc,stats    ]     CWR: Code Cache Roots           933 us, workers (us): 933, ---, ---, 
[447.931s][info][gc,stats    ]     CWR: VM Weak Roots              278 us, workers (us): 278, ---, ---, 
[447.931s][info][gc,stats    ]     CWR: CLDG Roots                   9 us, workers (us):   9, ---, ---, 
[447.931s][info][gc,stats    ]   Rendezvous                        136 us
[447.931s][info][gc,stats    ] Concurrent Cleanup                   84 us
[447.931s][info][gc,stats    ] Concurrent Class Unloading         6765 us
[447.931s][info][gc,stats    ]   Unlink Stale                     6265 us
[447.931s][info][gc,stats    ]     System Dictionary                87 us
[447.931s][info][gc,stats    ]     Weak Class Links               1994 us
[447.931s][info][gc,stats    ]     Code Roots                     4182 us
[447.931s][info][gc,stats    ]   Rendezvous                         96 us
[447.931s][info][gc,stats    ]   Purge Unlinked                    308 us
[447.931s][info][gc,stats    ]     Code Roots                      280 us
[447.931s][info][gc,stats    ]     CLDG                             26 us
[447.931s][info][gc,stats    ]     Exception Caches                  0 us
[447.931s][info][gc,stats    ] Pause Final Roots (G)               121 us
[447.931s][info][gc,stats    ] Pause Final Roots (N)                54 us
[447.931s][info][gc,stats    ] 
[447.931s][info][gc,stats    ] Allocation pacing accrued:
[447.931s][info][gc,stats    ]       0 of  1120 ms (  0.0%): <total>
[447.931s][info][gc,stats    ]       0 of  1120 ms (  0.0%): <average total>
[447.931s][info][gc,stats    ] 
[447.931s][info][gc,metaspace] Metaspace: 16616K(16960K)->16612K(16960K) NonClass: 14268K(14464K)->14265K(14464K) Class: 2348K(2496K)->2347K(2496K)
[447.931s][info][gc,ergo     ] Pacer for Idle. Initial: 163M, Alloc Tax Rate: 1.0x
[449.445s][info][gc          ] Trigger: Average GC time (1290.59 ms) is above the time for instantaneous allocation rate (5565 MB/s) to deplete free headroom (6230M) (spike threshold = 1.63)
[449.445s][info][gc,ergo     ] Free: 6639M, Max: 4096K regular, 6580M humongous, Frag: 0% external, 0% internal; Reserve: 412M, Max: 4096K
[449.445s][info][gc,start    ] GC(208) Concurrent reset
[449.445s][info][gc,task     ] GC(208) Using 1 of 3 workers for concurrent reset
[449.445s][info][gc,ergo     ] GC(208) Pacer for Reset. Non-Taxable: 8192M
[449.446s][info][gc          ] GC(208) Concurrent reset 0.423ms
[449.446s][info][gc,start    ] GC(208) Pause Init Mark (unload classes)
[449.446s][info][gc,task     ] GC(208) Using 3 of 3 workers for init marking
[449.446s][info][gc,ergo     ] GC(208) Pacer for Mark. Expected Live: 42608K, Free: 6639M, Non-Taxable: 663M, Alloc Tax Rate: 0.0x
[449.446s][info][gc          ] GC(208) Pause Init Mark (unload classes) 0.106ms
[449.477s][info][gc,start    ] GC(208) Concurrent marking roots
[449.477s][info][gc,task     ] GC(208) Using 1 of 3 workers for concurrent marking roots
[449.477s][info][gc          ] GC(208) Concurrent marking roots 0.790ms
[449.477s][info][gc,start    ] GC(208) Concurrent marking (unload classes)
[449.477s][info][gc,task     ] GC(208) Using 1 of 3 workers for concurrent marking
[449.492s][info][gc          ] GC(208) Concurrent marking (unload classes) 14.596ms
[449.492s][info][gc,start    ] GC(208) Pause Final Mark (unload classes)
[449.492s][info][gc,task     ] GC(208) Using 3 of 3 workers for final marking
[449.492s][info][gc,ergo     ] GC(208) Adaptive CSet Selection. Target Free: 1160M, Actual Free: 7728M, Max CSet: 341M, Min Garbage: 0B
[449.492s][info][gc,ergo     ] GC(208) Collectable Garbage: 1132M (99%), Immediate: 968M (85%), CSet: 163M (14%)
[449.492s][info][gc,ergo     ] GC(208) Pacer for Evacuation. Used CSet: 164M, Free: 7375M, Non-Taxable: 737M, Alloc Tax Rate: 1.1x
[449.492s][info][gc          ] GC(208) Pause Final Mark (unload classes) 0.250ms
[449.525s][info][gc,start    ] GC(208) Concurrent thread roots
[449.525s][info][gc,task     ] GC(208) Using 1 of 3 workers for Concurrent thread roots
[449.525s][info][gc          ] GC(208) Concurrent thread roots 0.665ms
[449.525s][info][gc,start    ] GC(208) Concurrent weak references
[449.525s][info][gc,task     ] GC(208) Using 1 of 3 workers for concurrent weak references
[449.525s][info][gc,ref      ] GC(208) Encountered references: Soft: 173, Weak: 995, Final: 0, Phantom: 41
[449.525s][info][gc,ref      ] GC(208) Discovered  references: Soft: 0, Weak: 206, Final: 0, Phantom: 24
[449.525s][info][gc,ref      ] GC(208) Enqueued    references: Soft: 0, Weak: 4, Final: 0, Phantom: 0
[449.525s][info][gc          ] GC(208) Concurrent weak references 0.086ms
[449.525s][info][gc,start    ] GC(208) Concurrent weak roots
[449.525s][info][gc,task     ] GC(208) Using 1 of 3 workers for concurrent weak root
[449.540s][info][gc          ] GC(208) Concurrent weak roots 14.125ms
[449.540s][info][gc,start    ] GC(208) Concurrent cleanup
[449.540s][info][gc          ] GC(208) Concurrent cleanup 1544M->576M(8192M) 0.056ms
[449.540s][info][gc,ergo     ] GC(208) Free: 7203M, Max: 4096K regular, 6184M humongous, Frag: 14% external, 0% internal; Reserve: 411M, Max: 4096K
[449.540s][info][gc,start    ] GC(208) Concurrent class unloading
[449.540s][info][gc,task     ] GC(208) Using 1 of 3 workers for concurrent class unloading
[449.556s][info][gc          ] GC(208) Concurrent class unloading 15.790ms
[449.556s][info][gc,start    ] GC(208) Concurrent strong roots
[449.556s][info][gc,task     ] GC(208) Using 1 of 3 workers for concurrent strong root
[449.556s][info][gc          ] GC(208) Concurrent strong roots 0.107ms
[449.556s][info][gc,start    ] GC(208) Concurrent evacuation
[449.556s][info][gc,task     ] GC(208) Using 1 of 3 workers for concurrent evacuation
[449.557s][info][gc          ] GC(208) Concurrent evacuation 1.143ms
[449.557s][info][gc,start    ] GC(208) Pause Init Update Refs
[449.557s][info][gc,ergo     ] GC(208) Pacer for Update Refs. Used: 644M, Free: 7135M, Non-Taxable: 713M, Alloc Tax Rate: 1.1x
[449.557s][info][gc          ] GC(208) Pause Init Update Refs 0.046ms
[449.571s][info][gc,start    ] GC(208) Concurrent update references
[449.571s][info][gc,task     ] GC(208) Using 1 of 3 workers for concurrent reference update
[449.674s][info][gc          ] GC(208) Concurrent update references 102.900ms
[449.674s][info][gc,start    ] GC(208) Concurrent update thread roots
[449.674s][info][gc          ] GC(208) Concurrent update thread roots 0.749ms
[449.674s][info][gc,start    ] GC(208) Pause Final Update Refs
[449.674s][info][gc,task     ] GC(208) Using 3 of 3 workers for final reference update
[449.675s][info][gc          ] GC(208) Pause Final Update Refs 0.118ms
[449.681s][info][gc,start    ] GC(208) Concurrent cleanup
[449.681s][info][gc          ] GC(208) Concurrent cleanup 1032M->896M(8192M) 0.138ms
[449.681s][info][gc,ergo     ] Free: 6883M, Max: 4096K regular, 6180M humongous, Frag: 10% external, 0% internal; Reserve: 412M, Max: 4096K
[449.681s][info][gc,stats    ] 
[449.681s][info][gc,stats    ] All times are wall-clock times, except per-root-class counters, that are sum over
[449.681s][info][gc,stats    ] all workers. Dividing the <total> over the root stage time estimates parallelism.
[449.681s][info][gc,stats    ] 
[449.681s][info][gc,stats    ] Concurrent Reset                    464 us
[449.681s][info][gc,stats    ] Pause Init Mark (G)               30882 us
[449.681s][info][gc,stats    ] Pause Init Mark (N)                 116 us
[449.681s][info][gc,stats    ]   Update Region States               29 us
[449.681s][info][gc,stats    ] Concurrent Mark Roots               814 us, parallelism: 0.76x
[449.681s][info][gc,stats    ]   CMR: <total>                      615 us
[449.681s][info][gc,stats    ]   CMR: Thread Roots                 560 us, workers (us): 560, ---, ---, 
[449.681s][info][gc,stats    ]   CMR: VM Strong Roots                8 us, workers (us):   8, ---, ---, 
[449.681s][info][gc,stats    ]   CMR: CLDG Roots                    48 us, workers (us):  48, ---, ---, 
[449.681s][info][gc,stats    ] Concurrent Marking                14690 us
[449.681s][info][gc,stats    ] Pause Final Mark (G)              32556 us
[449.681s][info][gc,stats    ] Pause Final Mark (N)                259 us
[449.681s][info][gc,stats    ]   Finish Mark                        62 us
[449.681s][info][gc,stats    ]   Update Region States               46 us
[449.681s][info][gc,stats    ]   Choose Collection Set              90 us
[449.681s][info][gc,stats    ]   Rebuild Free Set                    8 us
[449.681s][info][gc,stats    ] Concurrent Thread Roots             686 us, parallelism: 0.79x
[449.681s][info][gc,stats    ]   CTR: <total>                      544 us
[449.681s][info][gc,stats    ]   CTR: Thread Roots                 544 us, workers (us): 544, ---, ---, 
[449.681s][info][gc,stats    ] Concurrent Weak References           93 us, parallelism: 0.22x
[449.681s][info][gc,stats    ]   CWRF: <total>                      20 us
[449.681s][info][gc,stats    ]   CWRF: Weak References              20 us, workers (us):  20, ---, ---, 
[449.681s][info][gc,stats    ] Concurrent Weak Roots             14206 us
[449.681s][info][gc,stats    ]   Roots                            1265 us, parallelism: 0.97x
[449.681s][info][gc,stats    ]     CWR: <total>                   1225 us
[449.681s][info][gc,stats    ]     CWR: Code Cache Roots          1013 us, workers (us): 1013, ---, ---, 
[449.681s][info][gc,stats    ]     CWR: VM Weak Roots              200 us, workers (us): 200, ---, ---, 
[449.681s][info][gc,stats    ]     CWR: CLDG Roots                  11 us, workers (us):  11, ---, ---, 
[449.681s][info][gc,stats    ]   Rendezvous                      12835 us
[449.681s][info][gc,stats    ] Concurrent Cleanup                   65 us
[449.681s][info][gc,stats    ] Concurrent Class Unloading        15868 us
[449.681s][info][gc,stats    ]   Unlink Stale                     4048 us
[449.681s][info][gc,stats    ]     System Dictionary                16 us
[449.681s][info][gc,stats    ]     Weak Class Links                  0 us
[449.681s][info][gc,stats    ]     Code Roots                     4031 us
[449.681s][info][gc,stats    ]   Rendezvous                      11369 us
[449.681s][info][gc,stats    ]   Purge Unlinked                    349 us
[449.681s][info][gc,stats    ]     Code Roots                      337 us
[449.681s][info][gc,stats    ]     CLDG                             11 us
[449.681s][info][gc,stats    ]     Exception Caches                  0 us
[449.681s][info][gc,stats    ] Concurrent Strong Roots             119 us, parallelism: 0.47x
[449.681s][info][gc,stats    ]   CSR: <total>                       56 us
[449.681s][info][gc,stats    ]   CSR: VM Strong Roots                5 us, workers (us):   5, ---, ---, 
[449.681s][info][gc,stats    ]   CSR: CLDG Roots                    52 us, workers (us):  52, ---, ---, 
[449.681s][info][gc,stats    ] Concurrent Evacuation              1156 us
[449.681s][info][gc,stats    ] Pause Init Update Refs (G)        13727 us
[449.681s][info][gc,stats    ] Pause Init Update Refs (N)           55 us
[449.681s][info][gc,stats    ]   Manage GCLABs                       5 us
[449.681s][info][gc,stats    ] Concurrent Update Refs           102975 us
[449.681s][info][gc,stats    ] Concurrent Update Thread Roots      779 us
[449.681s][info][gc,stats    ] Pause Final Update Refs (G)        6253 us
[449.681s][info][gc,stats    ] Pause Final Update Refs (N)         129 us
[449.681s][info][gc,stats    ]   Update Region States               43 us
[449.681s][info][gc,stats    ]   Trash Collection Set                3 us
[449.681s][info][gc,stats    ]   Rebuild Free Set                   20 us
[449.681s][info][gc,stats    ] Concurrent Cleanup                  152 us
[449.681s][info][gc,stats    ] 
[449.681s][info][gc,stats    ] Allocation pacing accrued:
[449.681s][info][gc,stats    ]       0 of  1750 ms (  0.0%): <total>
[449.681s][info][gc,stats    ]       0 of  1750 ms (  0.0%): <average total>
[449.681s][info][gc,stats    ] 
[449.681s][info][gc,metaspace] Metaspace: 16616K(16960K)->16616K(16960K) NonClass: 14268K(14464K)->14268K(14464K) Class: 2348K(2496K)->2348K(2496K)
[449.681s][info][gc,ergo     ] Pacer for Idle. Initial: 163M, Alloc Tax Rate: 1.0x
[450.088s][info][gc          ] Trigger: Learning 3 of 5. Free (5723M) is below initial threshold (5734M)
[450.088s][info][gc,ergo     ] Free: 5723M, Max: 4096K regular, 5664M humongous, Frag: 0% external, 0% internal; Reserve: 412M, Max: 4096K
[450.088s][info][gc,start    ] GC(209) Concurrent reset
[450.088s][info][gc,task     ] GC(209) Using 1 of 3 workers for concurrent reset
[450.088s][info][gc,ergo     ] GC(209) Pacer for Reset. Non-Taxable: 8192M
[450.089s][info][gc          ] GC(209) Concurrent reset 0.767ms
[450.089s][info][gc,start    ] GC(209) Pause Init Mark (unload classes)
[450.089s][info][gc,task     ] GC(209) Using 3 of 3 workers for init marking
[450.089s][info][gc,ergo     ] GC(209) Pacer for Mark. Expected Live: 42661K, Free: 5723M, Non-Taxable: 572M, Alloc Tax Rate: 0.0x
[450.089s][info][gc          ] GC(209) Pause Init Mark (unload classes) 0.072ms
[450.089s][info][gc,start    ] GC(209) Concurrent marking roots
[450.089s][info][gc,task     ] GC(209) Using 1 of 3 workers for concurrent marking roots
[450.089s][info][gc          ] GC(209) Concurrent marking roots 0.582ms
[450.089s][info][gc,start    ] GC(209) Concurrent marking (unload classes)
[450.089s][info][gc,task     ] GC(209) Using 1 of 3 workers for concurrent marking
[450.374s][info][gc          ] GC(209) Concurrent marking (unload classes) 284.707ms
[450.374s][info][gc,start    ] GC(209) Pause Final Mark (unload classes)
[450.374s][info][gc,task     ] GC(209) Using 3 of 3 workers for final marking
[450.374s][info][gc,ergo     ] GC(209) Collectable Garbage: 1792M (94%), Immediate: 1792M (94%), CSet: 0B (0%)
[450.374s][info][gc          ] GC(209) Pause Final Mark (unload classes) 0.143ms
[450.374s][info][gc,start    ] GC(209) Concurrent weak references
[450.374s][info][gc,task     ] GC(209) Using 1 of 3 workers for concurrent weak references
[450.374s][info][gc,ref      ] GC(209) Encountered references: Soft: 173, Weak: 992, Final: 0, Phantom: 41
[450.374s][info][gc,ref      ] GC(209) Discovered  references: Soft: 0, Weak: 202, Final: 0, Phantom: 38
[450.374s][info][gc,ref      ] GC(209) Enqueued    references: Soft: 0, Weak: 2, Final: 0, Phantom: 0
[450.374s][info][gc          ] GC(209) Concurrent weak references 0.076ms
[450.374s][info][gc,start    ] GC(209) Concurrent weak roots
[450.374s][info][gc,task     ] GC(209) Using 1 of 3 workers for concurrent weak root
[450.375s][info][gc          ] GC(209) Concurrent weak roots 0.952ms
[450.375s][info][gc,start    ] GC(209) Concurrent cleanup
[450.375s][info][gc          ] GC(209) Concurrent cleanup 2301M->509M(8192M) 0.033ms
[450.376s][info][gc,ergo     ] GC(209) Free: 7270M, Max: 4096K regular, 5420M humongous, Frag: 25% external, 0% internal; Reserve: 412M, Max: 4096K
[450.376s][info][gc,start    ] GC(209) Concurrent class unloading
[450.376s][info][gc,task     ] GC(209) Using 1 of 3 workers for concurrent class unloading
[450.379s][info][gc          ] GC(209) Concurrent class unloading 3.175ms
[450.379s][info][gc,start    ] GC(209) Pause Final Roots
[450.379s][info][gc          ] GC(209) Pause Final Roots 0.031ms
[450.379s][info][gc,ergo     ] Free: 7267M, Max: 4096K regular, 5420M humongous, Frag: 25% external, 0% internal; Reserve: 412M, Max: 4096K
[450.379s][info][gc,stats    ] 
[450.379s][info][gc,stats    ] All times are wall-clock times, except per-root-class counters, that are sum over
[450.379s][info][gc,stats    ] all workers. Dividing the <total> over the root stage time estimates parallelism.
[450.379s][info][gc,stats    ] 
[450.379s][info][gc,stats    ] Concurrent Reset                    788 us
[450.379s][info][gc,stats    ] Pause Init Mark (G)                 163 us
[450.379s][info][gc,stats    ] Pause Init Mark (N)                  79 us
[450.379s][info][gc,stats    ]   Update Region States               27 us
[450.379s][info][gc,stats    ] Concurrent Mark Roots               597 us, parallelism: 0.81x
[450.379s][info][gc,stats    ]   CMR: <total>                      485 us
[450.379s][info][gc,stats    ]   CMR: Thread Roots                 435 us, workers (us): 435, ---, ---, 
[450.379s][info][gc,stats    ]   CMR: VM Strong Roots                5 us, workers (us):   5, ---, ---, 
[450.379s][info][gc,stats    ]   CMR: CLDG Roots                    44 us, workers (us):  44, ---, ---, 
[450.379s][info][gc,stats    ] Concurrent Marking               284757 us
[450.379s][info][gc,stats    ] Pause Final Mark (G)                196 us
[450.379s][info][gc,stats    ] Pause Final Mark (N)                151 us
[450.379s][info][gc,stats    ]   Finish Mark                        30 us
[450.379s][info][gc,stats    ]   Update Region States               27 us
[450.379s][info][gc,stats    ]   Choose Collection Set              27 us
[450.379s][info][gc,stats    ]   Rebuild Free Set                    8 us
[450.379s][info][gc,stats    ] Concurrent Weak References           88 us, parallelism: 0.10x
[450.379s][info][gc,stats    ]   CWRF: <total>                       9 us
[450.379s][info][gc,stats    ]   CWRF: Weak References               9 us, workers (us):   9, ---, ---, 
[450.379s][info][gc,stats    ] Concurrent Weak Roots               968 us
[450.379s][info][gc,stats    ]   Roots                             894 us, parallelism: 0.97x
[450.379s][info][gc,stats    ]     CWR: <total>                    867 us
[450.379s][info][gc,stats    ]     CWR: Code Cache Roots           721 us, workers (us): 721, ---, ---, 
[450.379s][info][gc,stats    ]     CWR: VM Weak Roots              139 us, workers (us): 139, ---, ---, 
[450.379s][info][gc,stats    ]     CWR: CLDG Roots                   7 us, workers (us):   7, ---, ---, 
[450.379s][info][gc,stats    ]   Rendezvous                         42 us
[450.379s][info][gc,stats    ] Concurrent Cleanup                   42 us
[450.379s][info][gc,stats    ] Concurrent Class Unloading         3218 us
[450.379s][info][gc,stats    ]   Unlink Stale                     2975 us
[450.379s][info][gc,stats    ]     System Dictionary                 9 us
[450.379s][info][gc,stats    ]     Weak Class Links                  0 us
[450.379s][info][gc,stats    ]     Code Roots                     2965 us
[450.379s][info][gc,stats    ]   Rendezvous                         57 us
[450.379s][info][gc,stats    ]   Purge Unlinked                    127 us
[450.379s][info][gc,stats    ]     Code Roots                      123 us
[450.379s][info][gc,stats    ]     CLDG                              4 us
[450.379s][info][gc,stats    ]     Exception Caches                  0 us
[450.379s][info][gc,stats    ] Pause Final Roots (G)                89 us
[450.379s][info][gc,stats    ] Pause Final Roots (N)                40 us
[450.379s][info][gc,stats    ] 
[450.379s][info][gc,stats    ] Allocation pacing accrued:
[450.379s][info][gc,stats    ]       0 of   698 ms (  0.0%): <total>
[450.379s][info][gc,stats    ]       0 of   698 ms (  0.0%): <average total>
[450.379s][info][gc,stats    ] 
[450.379s][info][gc,metaspace] Metaspace: 16616K(16960K)->16616K(16960K) NonClass: 14268K(14464K)->14268K(14464K) Class: 2348K(2496K)->2348K(2496K)
[450.379s][info][gc,ergo     ] Pacer for Idle. Initial: 163M, Alloc Tax Rate: 1.0x
[454.640s][info][gc          ] Trigger: Learning 4 of 5. Free (5723M) is below initial threshold (5734M)
[454.640s][info][gc,ergo     ] Free: 5723M, Max: 4096K regular, 5420M humongous, Frag: 5% external, 0% internal; Reserve: 412M, Max: 4096K
[454.640s][info][gc,start    ] GC(210) Concurrent reset
[454.640s][info][gc,task     ] GC(210) Using 1 of 3 workers for concurrent reset
[454.640s][info][gc,ergo     ] GC(210) Pacer for Reset. Non-Taxable: 8192M
[454.641s][info][gc          ] GC(210) Concurrent reset 1.206ms
[454.641s][info][gc,start    ] GC(210) Pause Init Mark (unload classes)
[454.641s][info][gc,task     ] GC(210) Using 3 of 3 workers for init marking
[454.641s][info][gc,ergo     ] GC(210) Pacer for Mark. Expected Live: 73608K, Free: 5723M, Non-Taxable: 572M, Alloc Tax Rate: 0.0x
[454.641s][info][gc          ] GC(210) Pause Init Mark (unload classes) 0.187ms
[454.641s][info][gc,start    ] GC(210) Concurrent marking roots
[454.641s][info][gc,task     ] GC(210) Using 1 of 3 workers for concurrent marking roots
[454.642s][info][gc          ] GC(210) Concurrent marking roots 0.704ms
[454.642s][info][gc,start    ] GC(210) Concurrent marking (unload classes)
[454.642s][info][gc,task     ] GC(210) Using 1 of 3 workers for concurrent marking
[455.445s][info][gc          ] GC(210) Concurrent marking (unload classes) 803.180ms
[455.445s][info][gc,start    ] GC(210) Pause Final Mark (unload classes)
[455.445s][info][gc,task     ] GC(210) Using 3 of 3 workers for final marking
[455.446s][info][gc,ergo     ] GC(210) Adaptive CSet Selection. Target Free: 1160M, Actual Free: 6496M, Max CSet: 341M, Min Garbage: 0B
[455.446s][info][gc,ergo     ] GC(210) Collectable Garbage: 1547M (94%), Immediate: 768M (46%), CSet: 779M (47%)
[455.446s][info][gc,ergo     ] GC(210) Pacer for Evacuation. Used CSet: 1119M, Free: 6143M, Non-Taxable: 614M, Alloc Tax Rate: 1.1x
[455.446s][info][gc          ] GC(210) Pause Final Mark (unload classes) 0.332ms
[455.446s][info][gc,start    ] GC(210) Concurrent thread roots
[455.446s][info][gc,task     ] GC(210) Using 1 of 3 workers for Concurrent thread roots
[455.447s][info][gc          ] GC(210) Concurrent thread roots 0.993ms
[455.447s][info][gc,start    ] GC(210) Concurrent weak references
[455.447s][info][gc,task     ] GC(210) Using 1 of 3 workers for concurrent weak references
[455.447s][info][gc,ref      ] GC(210) Encountered references: Soft: 173, Weak: 995, Final: 0, Phantom: 41
[455.447s][info][gc,ref      ] GC(210) Discovered  references: Soft: 0, Weak: 197, Final: 0, Phantom: 24
[455.447s][info][gc,ref      ] GC(210) Enqueued    references: Soft: 0, Weak: 1, Final: 0, Phantom: 0
[455.447s][info][gc          ] GC(210) Concurrent weak references 0.077ms
[455.447s][info][gc,start    ] GC(210) Concurrent weak roots
[455.447s][info][gc,task     ] GC(210) Using 1 of 3 workers for concurrent weak root
[455.448s][info][gc          ] GC(210) Concurrent weak roots 0.963ms
[455.448s][info][gc,start    ] GC(210) Concurrent cleanup
[455.448s][info][gc          ] GC(210) Concurrent cleanup 2407M->1639M(8192M) 0.031ms
[455.448s][info][gc,ergo     ] GC(210) Free: 6139M, Max: 4096K regular, 5312M humongous, Frag: 13% external, 0% internal; Reserve: 411M, Max: 4096K
[455.448s][info][gc,start    ] GC(210) Concurrent class unloading
[455.448s][info][gc,task     ] GC(210) Using 1 of 3 workers for concurrent class unloading
[455.451s][info][gc          ] GC(210) Concurrent class unloading 3.218ms
[455.451s][info][gc,start    ] GC(210) Concurrent strong roots
[455.451s][info][gc,task     ] GC(210) Using 1 of 3 workers for concurrent strong root
[455.451s][info][gc          ] GC(210) Concurrent strong roots 0.148ms
[455.451s][info][gc,start    ] GC(210) Concurrent evacuation
[455.451s][info][gc,task     ] GC(210) Using 1 of 3 workers for concurrent evacuation
[455.781s][info][gc          ] GC(210) Concurrent evacuation 330.209ms
[455.782s][info][gc,start    ] GC(210) Pause Init Update Refs
[455.782s][info][gc,ergo     ] GC(210) Pacer for Update Refs. Used: 2018M, Free: 6104M, Non-Taxable: 610M, Alloc Tax Rate: 1.1x
[455.782s][info][gc          ] GC(210) Pause Init Update Refs 0.054ms
[455.782s][info][gc,start    ] GC(210) Concurrent update references
[455.782s][info][gc,task     ] GC(210) Using 1 of 3 workers for concurrent reference update
[456.462s][info][gc          ] GC(210) Concurrent update references 680.502ms
[456.462s][info][gc,start    ] GC(210) Concurrent update thread roots
[456.463s][info][gc          ] GC(210) Concurrent update thread roots 0.560ms
[456.463s][info][gc,start    ] GC(210) Pause Final Update Refs
[456.463s][info][gc,task     ] GC(210) Using 3 of 3 workers for final reference update
[456.463s][info][gc          ] GC(210) Pause Final Update Refs 0.155ms
[456.463s][info][gc,start    ] GC(210) Concurrent cleanup
[456.463s][info][gc          ] GC(210) Concurrent cleanup 2035M->916M(8192M) 0.083ms
[456.463s][info][gc,ergo     ] Free: 6863M, Max: 4096K regular, 4968M humongous, Frag: 27% external, 0% internal; Reserve: 412M, Max: 4096K
[456.463s][info][gc,stats    ] 
[456.463s][info][gc,stats    ] All times are wall-clock times, except per-root-class counters, that are sum over
[456.463s][info][gc,stats    ] all workers. Dividing the <total> over the root stage time estimates parallelism.
[456.463s][info][gc,stats    ] 
[456.463s][info][gc,stats    ] Concurrent Reset                   1225 us
[456.463s][info][gc,stats    ] Pause Init Mark (G)                 358 us
[456.463s][info][gc,stats    ] Pause Init Mark (N)                 203 us
[456.463s][info][gc,stats    ]   Update Region States               66 us
[456.463s][info][gc,stats    ] Concurrent Mark Roots               741 us, parallelism: 0.79x
[456.463s][info][gc,stats    ]   CMR: <total>                      585 us
[456.463s][info][gc,stats    ]   CMR: Thread Roots                 545 us, workers (us): 545, ---, ---, 
[456.463s][info][gc,stats    ]   CMR: VM Strong Roots                4 us, workers (us):   4, ---, ---, 
[456.463s][info][gc,stats    ]   CMR: CLDG Roots                    36 us, workers (us):  36, ---, ---, 
[456.463s][info][gc,stats    ] Concurrent Marking               803231 us
[456.463s][info][gc,stats    ] Pause Final Mark (G)                457 us
[456.463s][info][gc,stats    ] Pause Final Mark (N)                349 us
[456.463s][info][gc,stats    ]   Finish Mark                        56 us
[456.463s][info][gc,stats    ]   Update Region States               49 us
[456.463s][info][gc,stats    ]   Choose Collection Set             113 us
[456.463s][info][gc,stats    ]   Rebuild Free Set                   16 us
[456.463s][info][gc,stats    ] Concurrent Thread Roots            1003 us, parallelism: 0.94x
[456.463s][info][gc,stats    ]   CTR: <total>                      941 us
[456.463s][info][gc,stats    ]   CTR: Thread Roots                 941 us, workers (us): 941, ---, ---, 
[456.463s][info][gc,stats    ] Concurrent Weak References           84 us, parallelism: 0.19x
[456.464s][info][gc,stats    ]   CWRF: <total>                      16 us
[456.464s][info][gc,stats    ]   CWRF: Weak References              16 us, workers (us):  16, ---, ---, 
[456.464s][info][gc,stats    ] Concurrent Weak Roots               983 us
[456.464s][info][gc,stats    ]   Roots                             886 us, parallelism: 0.95x
[456.464s][info][gc,stats    ]     CWR: <total>                    844 us
[456.464s][info][gc,stats    ]     CWR: Code Cache Roots           679 us, workers (us): 679, ---, ---, 
[456.464s][info][gc,stats    ]     CWR: VM Weak Roots              156 us, workers (us): 156, ---, ---, 
[456.464s][info][gc,stats    ]     CWR: CLDG Roots                   9 us, workers (us):   9, ---, ---, 
[456.464s][info][gc,stats    ]   Rendezvous                         62 us
[456.464s][info][gc,stats    ] Concurrent Cleanup                   45 us
[456.464s][info][gc,stats    ] Concurrent Class Unloading         3248 us
[456.464s][info][gc,stats    ]   Unlink Stale                     2976 us
[456.464s][info][gc,stats    ]     System Dictionary                 9 us
[456.464s][info][gc,stats    ]     Weak Class Links                  0 us
[456.464s][info][gc,stats    ]     Code Roots                     2966 us
[456.464s][info][gc,stats    ]   Rendezvous                         75 us
[456.464s][info][gc,stats    ]   Purge Unlinked                    149 us
[456.464s][info][gc,stats    ]     Code Roots                      144 us
[456.464s][info][gc,stats    ]     CLDG                              5 us
[456.464s][info][gc,stats    ]     Exception Caches                  0 us
[456.464s][info][gc,stats    ] Concurrent Strong Roots             167 us, parallelism: 0.33x
[456.464s][info][gc,stats    ]   CSR: <total>                       54 us
[456.464s][info][gc,stats    ]   CSR: VM Strong Roots                4 us, workers (us):   4, ---, ---, 
[456.464s][info][gc,stats    ]   CSR: CLDG Roots                    50 us, workers (us):  50, ---, ---, 
[456.464s][info][gc,stats    ] Concurrent Evacuation            330281 us
[456.464s][info][gc,stats    ] Pause Init Update Refs (G)          199 us
[456.464s][info][gc,stats    ] Pause Init Update Refs (N)           62 us
[456.464s][info][gc,stats    ]   Manage GCLABs                       4 us
[456.464s][info][gc,stats    ] Concurrent Update Refs           680550 us
[456.464s][info][gc,stats    ] Concurrent Update Thread Roots      597 us
[456.464s][info][gc,stats    ] Pause Final Update Refs (G)         252 us
[456.464s][info][gc,stats    ] Pause Final Update Refs (N)         173 us
[456.464s][info][gc,stats    ]   Update Region States               81 us
[456.464s][info][gc,stats    ]   Trash Collection Set                9 us
[456.464s][info][gc,stats    ]   Rebuild Free Set                   14 us
[456.464s][info][gc,stats    ] Concurrent Cleanup                  103 us
[456.464s][info][gc,stats    ] 
[456.464s][info][gc,stats    ] Allocation pacing accrued:
[456.464s][info][gc,stats    ]       0 of  6085 ms (  0.0%): <total>
[456.464s][info][gc,stats    ]       0 of  6085 ms (  0.0%): <average total>
[456.464s][info][gc,stats    ] 
[456.464s][info][gc,metaspace] Metaspace: 16616K(16960K)->16616K(16960K) NonClass: 14268K(14464K)->14268K(14464K) Class: 2348K(2496K)->2348K(2496K)
[456.464s][info][gc,ergo     ] Pacer for Idle. Initial: 163M, Alloc Tax Rate: 1.0x
[456.476s][info][gc          ] Trigger: Explicit GC request (System.gc())
[456.476s][info][gc,ergo     ] Free: 6863M, Max: 4096K regular, 4968M humongous, Frag: 27% external, 0% internal; Reserve: 412M, Max: 4096K
[456.476s][info][gc,start    ] GC(211) Concurrent reset
[456.476s][info][gc,task     ] GC(211) Using 1 of 3 workers for concurrent reset
[456.476s][info][gc,ergo     ] GC(211) Pacer for Reset. Non-Taxable: 8192M
[456.483s][info][gc          ] GC(211) Concurrent reset 6.290ms
[456.483s][info][gc,start    ] GC(211) Pause Init Mark (unload classes)
[456.483s][info][gc,task     ] GC(211) Using 3 of 3 workers for init marking
[456.483s][info][gc,ref      ] GC(211) Clearing All SoftReferences
[456.483s][info][gc,ergo     ] GC(211) Pacer for Mark. Expected Live: 154M, Free: 6863M, Non-Taxable: 686M, Alloc Tax Rate: 0.0x
[456.483s][info][gc          ] GC(211) Pause Init Mark (unload classes) 0.290ms
[456.483s][info][gc,start    ] GC(211) Concurrent marking roots
[456.483s][info][gc,task     ] GC(211) Using 1 of 3 workers for concurrent marking roots
[456.484s][info][gc          ] GC(211) Concurrent marking roots 0.625ms
[456.484s][info][gc,start    ] GC(211) Concurrent marking (unload classes)
[456.484s][info][gc,task     ] GC(211) Using 1 of 3 workers for concurrent marking
[456.488s][info][gc          ] GC(211) Concurrent marking (unload classes) 4.440ms
[456.488s][info][gc,start    ] GC(211) Pause Final Mark (unload classes)
[456.488s][info][gc,task     ] GC(211) Using 3 of 3 workers for final marking
[456.489s][info][gc,ergo     ] GC(211) Collectable Garbage: 895M (98%), Immediate: 895M (98%), CSet: 0B (0%)
[456.489s][info][gc          ] GC(211) Pause Final Mark (unload classes) 0.452ms
[456.489s][info][gc,start    ] GC(211) Concurrent weak references
[456.489s][info][gc,task     ] GC(211) Using 1 of 3 workers for concurrent weak references
[456.489s][info][gc,ref      ] GC(211) Encountered references: Soft: 172, Weak: 993, Final: 0, Phantom: 41
[456.489s][info][gc,ref      ] GC(211) Discovered  references: Soft: 108, Weak: 219, Final: 0, Phantom: 24
[456.489s][info][gc,ref      ] GC(211) Enqueued    references: Soft: 4, Weak: 6, Final: 0, Phantom: 0
[456.489s][info][gc          ] GC(211) Concurrent weak references 0.158ms
[456.489s][info][gc,start    ] GC(211) Concurrent weak roots
[456.489s][info][gc,task     ] GC(211) Using 1 of 3 workers for concurrent weak root
[456.490s][info][gc          ] GC(211) Concurrent weak roots 1.110ms
[456.490s][info][gc,start    ] GC(211) Concurrent cleanup
[456.490s][info][gc          ] GC(211) Concurrent cleanup 916M->21M(8192M) 0.034ms
[456.490s][info][gc,ergo     ] GC(211) Free: 7758M, Max: 4096K regular, 7652M humongous, Frag: 1% external, 0% internal; Reserve: 412M, Max: 4096K
[456.490s][info][gc,start    ] GC(211) Concurrent class unloading
[456.490s][info][gc,task     ] GC(211) Using 1 of 3 workers for concurrent class unloading
[456.497s][info][gc          ] GC(211) Concurrent class unloading 6.372ms
[456.497s][info][gc,start    ] GC(211) Pause Final Roots
[456.497s][info][gc          ] GC(211) Pause Final Roots 0.054ms
[456.497s][info][gc,ergo     ] Free: 7758M, Max: 4096K regular, 7652M humongous, Frag: 1% external, 0% internal; Reserve: 412M, Max: 4096K
[456.497s][info][gc,stats    ] 
[456.497s][info][gc,stats    ] All times are wall-clock times, except per-root-class counters, that are sum over
[456.497s][info][gc,stats    ] all workers. Dividing the <total> over the root stage time estimates parallelism.
[456.497s][info][gc,stats    ] 
[456.497s][info][gc,stats    ] Concurrent Reset                   6342 us
[456.497s][info][gc,stats    ] Pause Init Mark (G)                 444 us
[456.497s][info][gc,stats    ] Pause Init Mark (N)                 317 us
[456.497s][info][gc,stats    ]   Update Region States              128 us
[456.497s][info][gc,stats    ] Concurrent Mark Roots               646 us, parallelism: 0.77x
[456.497s][info][gc,stats    ]   CMR: <total>                      498 us
[456.497s][info][gc,stats    ]   CMR: Thread Roots                 452 us, workers (us): 452, ---, ---, 
[456.497s][info][gc,stats    ]   CMR: VM Strong Roots                4 us, workers (us):   4, ---, ---, 
[456.497s][info][gc,stats    ]   CMR: CLDG Roots                    42 us, workers (us):  42, ---, ---, 
[456.497s][info][gc,stats    ] Concurrent Marking                 4489 us
[456.497s][info][gc,stats    ] Pause Final Mark (G)                627 us
[456.497s][info][gc,stats    ] Pause Final Mark (N)                476 us
[456.497s][info][gc,stats    ]   Finish Mark                       154 us
[456.497s][info][gc,stats    ]   Update Region States              123 us
[456.497s][info][gc,stats    ]   Choose Collection Set              74 us
[456.497s][info][gc,stats    ]   Rebuild Free Set                   21 us
[456.497s][info][gc,stats    ] Concurrent Weak References          165 us, parallelism: 0.10x
[456.497s][info][gc,stats    ]   CWRF: <total>                      16 us
[456.497s][info][gc,stats    ]   CWRF: Weak References              16 us, workers (us):  16, ---, ---, 
[456.497s][info][gc,stats    ] Concurrent Weak Roots              1140 us
[456.497s][info][gc,stats    ]   Roots                            1008 us, parallelism: 0.95x
[456.497s][info][gc,stats    ]     CWR: <total>                    953 us
[456.497s][info][gc,stats    ]     CWR: Code Cache Roots           705 us, workers (us): 705, ---, ---, 
[456.497s][info][gc,stats    ]     CWR: VM Weak Roots              240 us, workers (us): 240, ---, ---, 
[456.497s][info][gc,stats    ]     CWR: CLDG Roots                   9 us, workers (us):   9, ---, ---, 
[456.497s][info][gc,stats    ]   Rendezvous                         84 us
[456.497s][info][gc,stats    ] Concurrent Cleanup                   43 us
[456.497s][info][gc,stats    ] Concurrent Class Unloading         6451 us
[456.497s][info][gc,stats    ]   Unlink Stale                     5793 us
[456.497s][info][gc,stats    ]     System Dictionary                60 us
[456.497s][info][gc,stats    ]     Weak Class Links               2095 us
[456.497s][info][gc,stats    ]     Code Roots                     3635 us
[456.497s][info][gc,stats    ]   Rendezvous                        173 us
[456.497s][info][gc,stats    ]   Purge Unlinked                    386 us
[456.497s][info][gc,stats    ]     Code Roots                      348 us
[456.497s][info][gc,stats    ]     CLDG                             36 us
[456.497s][info][gc,stats    ]     Exception Caches                  0 us
[456.497s][info][gc,stats    ] Pause Final Roots (G)               127 us
[456.497s][info][gc,stats    ] Pause Final Roots (N)                63 us
[456.497s][info][gc,stats    ] 
[456.497s][info][gc,stats    ] Allocation pacing accrued:
[456.498s][info][gc,stats    ]       0 of    34 ms (  0.0%): <total>
[456.498s][info][gc,stats    ]       0 of    34 ms (  0.0%): <average total>
[456.498s][info][gc,stats    ] 
[456.498s][info][gc,metaspace] Metaspace: 16616K(16960K)->16613K(16960K) NonClass: 14268K(14464K)->14265K(14464K) Class: 2348K(2496K)->2347K(2496K)
[456.498s][info][gc,ergo     ] Pacer for Idle. Initial: 163M, Alloc Tax Rate: 1.0x
[458.211s][info][gc          ] Trigger: Average GC time (1922.39 ms) is above the time for instantaneous allocation rate (4904 MB/s) to deplete free headroom (6749M) (spike threshold = 1.62)
[458.212s][info][gc,ergo     ] Free: 7158M, Max: 4096K regular, 7100M humongous, Frag: 0% external, 0% internal; Reserve: 412M, Max: 4096K
[458.212s][info][gc,start    ] GC(212) Concurrent reset
[458.212s][info][gc,task     ] GC(212) Using 1 of 3 workers for concurrent reset
[458.212s][info][gc,ergo     ] GC(212) Pacer for Reset. Non-Taxable: 8192M
[458.212s][info][gc          ] GC(212) Concurrent reset 0.365ms
[458.212s][info][gc,start    ] GC(212) Pause Init Mark (unload classes)
[458.212s][info][gc,task     ] GC(212) Using 3 of 3 workers for init marking
[458.212s][info][gc,ergo     ] GC(212) Pacer for Mark. Expected Live: 117M, Free: 7154M, Non-Taxable: 715M, Alloc Tax Rate: 0.0x
[458.212s][info][gc          ] GC(212) Pause Init Mark (unload classes) 0.110ms
[458.228s][info][gc,start    ] GC(212) Concurrent marking roots
[458.228s][info][gc,task     ] GC(212) Using 1 of 3 workers for concurrent marking roots
[458.229s][info][gc          ] GC(212) Concurrent marking roots 0.820ms
[458.229s][info][gc,start    ] GC(212) Concurrent marking (unload classes)
[458.229s][info][gc,task     ] GC(212) Using 1 of 3 workers for concurrent marking
[458.244s][info][gc          ] GC(212) Concurrent marking (unload classes) 14.819ms
[458.244s][info][gc,start    ] GC(212) Pause Final Mark (unload classes)
[458.244s][info][gc,task     ] GC(212) Using 3 of 3 workers for final marking
[458.244s][info][gc,ergo     ] GC(212) Adaptive CSet Selection. Target Free: 1160M, Actual Free: 7784M, Max CSet: 341M, Min Garbage: 0B
[458.244s][info][gc,ergo     ] GC(212) Collectable Garbage: 615M (99%), Immediate: 440M (70%), CSet: 175M (28%)
[458.244s][info][gc,ergo     ] GC(212) Pacer for Evacuation. Used CSet: 176M, Free: 7430M, Non-Taxable: 743M, Alloc Tax Rate: 1.1x
[458.244s][info][gc          ] GC(212) Pause Final Mark (unload classes) 0.270ms
[458.246s][info][gc,start    ] GC(212) Concurrent thread roots
[458.246s][info][gc,task     ] GC(212) Using 1 of 3 workers for Concurrent thread roots
[458.246s][info][gc          ] GC(212) Concurrent thread roots 0.583ms
[458.246s][info][gc,start    ] GC(212) Concurrent weak references
[458.246s][info][gc,task     ] GC(212) Using 1 of 3 workers for concurrent weak references
[458.247s][info][gc,ref      ] GC(212) Encountered references: Soft: 173, Weak: 994, Final: 0, Phantom: 41
[458.247s][info][gc,ref      ] GC(212) Discovered  references: Soft: 0, Weak: 208, Final: 0, Phantom: 24
[458.247s][info][gc,ref      ] GC(212) Enqueued    references: Soft: 0, Weak: 6, Final: 0, Phantom: 0
[458.247s][info][gc          ] GC(212) Concurrent weak references 0.093ms
[458.247s][info][gc,start    ] GC(212) Concurrent weak roots
[458.247s][info][gc,task     ] GC(212) Using 1 of 3 workers for concurrent weak root
[458.253s][info][gc          ] GC(212) Concurrent weak roots 6.465ms
[458.253s][info][gc,start    ] GC(212) Concurrent cleanup
[458.253s][info][gc          ] GC(212) Concurrent cleanup 836M->396M(8192M) 0.049ms
[458.253s][info][gc,ergo     ] GC(212) Free: 7383M, Max: 4096K regular, 6888M humongous, Frag: 6% external, 0% internal; Reserve: 411M, Max: 4096K
[458.253s][info][gc,start    ] GC(212) Concurrent class unloading
[458.253s][info][gc,task     ] GC(212) Using 1 of 3 workers for concurrent class unloading
[458.259s][info][gc          ] GC(212) Concurrent class unloading 6.123ms
[458.259s][info][gc,start    ] GC(212) Concurrent strong roots
[458.259s][info][gc,task     ] GC(212) Using 1 of 3 workers for concurrent strong root
[458.259s][info][gc          ] GC(212) Concurrent strong roots 0.088ms
[458.259s][info][gc,start    ] GC(212) Concurrent evacuation
[458.259s][info][gc,task     ] GC(212) Using 1 of 3 workers for concurrent evacuation
[458.261s][info][gc          ] GC(212) Concurrent evacuation 1.135ms
[458.261s][info][gc,start    ] GC(212) Pause Init Update Refs
[458.261s][info][gc,ergo     ] GC(212) Pacer for Update Refs. Used: 417M, Free: 7363M, Non-Taxable: 736M, Alloc Tax Rate: 1.1x
[458.261s][info][gc          ] GC(212) Pause Init Update Refs 0.044ms
[458.290s][info][gc,start    ] GC(212) Concurrent update references
[458.290s][info][gc,task     ] GC(212) Using 1 of 3 workers for concurrent reference update
[458.361s][info][gc          ] GC(212) Concurrent update references 70.514ms
[458.361s][info][gc,start    ] GC(212) Concurrent update thread roots
[458.369s][info][gc          ] GC(212) Concurrent update thread roots 8.060ms
[458.369s][info][gc,start    ] GC(212) Pause Final Update Refs
[458.369s][info][gc,task     ] GC(212) Using 3 of 3 workers for final reference update
[458.369s][info][gc          ] GC(212) Pause Final Update Refs 0.101ms
[458.385s][info][gc,start    ] GC(212) Concurrent cleanup
[458.385s][info][gc          ] GC(212) Concurrent cleanup 781M->689M(8192M) 0.149ms
[458.385s][info][gc,ergo     ] Free: 7090M, Max: 4096K regular, 6888M humongous, Frag: 2% external, 0% internal; Reserve: 412M, Max: 4096K
[458.385s][info][gc,stats    ] 
[458.385s][info][gc,stats    ] All times are wall-clock times, except per-root-class counters, that are sum over
[458.385s][info][gc,stats    ] all workers. Dividing the <total> over the root stage time estimates parallelism.
[458.385s][info][gc,stats    ] 
[458.385s][info][gc,stats    ] Concurrent Reset                    390 us
[458.385s][info][gc,stats    ] Pause Init Mark (G)               15800 us
[458.385s][info][gc,stats    ] Pause Init Mark (N)                 120 us
[458.385s][info][gc,stats    ]   Update Region States               31 us
[458.385s][info][gc,stats    ] Concurrent Mark Roots               839 us, parallelism: 0.76x
[458.385s][info][gc,stats    ]   CMR: <total>                      634 us
[458.385s][info][gc,stats    ]   CMR: Thread Roots                 572 us, workers (us): 572, ---, ---, 
[458.385s][info][gc,stats    ]   CMR: VM Strong Roots                7 us, workers (us):   7, ---, ---, 
[458.385s][info][gc,stats    ]   CMR: CLDG Roots                    55 us, workers (us):  55, ---, ---, 
[458.385s][info][gc,stats    ] Concurrent Marking                14904 us
[458.385s][info][gc,stats    ] Pause Final Mark (G)               2250 us
[458.385s][info][gc,stats    ] Pause Final Mark (N)                279 us
[458.385s][info][gc,stats    ]   Finish Mark                        65 us
[458.385s][info][gc,stats    ]   Update Region States               43 us
[458.385s][info][gc,stats    ]   Choose Collection Set              78 us
[458.385s][info][gc,stats    ]   Rebuild Free Set                    8 us
[458.385s][info][gc,stats    ] Concurrent Thread Roots             602 us, parallelism: 0.83x
[458.385s][info][gc,stats    ]   CTR: <total>                      499 us
[458.385s][info][gc,stats    ]   CTR: Thread Roots                 499 us, workers (us): 499, ---, ---, 
[458.385s][info][gc,stats    ] Concurrent Weak References          101 us, parallelism: 0.20x
[458.385s][info][gc,stats    ]   CWRF: <total>                      20 us
[458.385s][info][gc,stats    ]   CWRF: Weak References              20 us, workers (us):  20, ---, ---, 
[458.385s][info][gc,stats    ] Concurrent Weak Roots              6543 us
[458.385s][info][gc,stats    ]   Roots                            1249 us, parallelism: 0.96x
[458.385s][info][gc,stats    ]     CWR: <total>                   1202 us
[458.385s][info][gc,stats    ]     CWR: Code Cache Roots           954 us, workers (us): 954, ---, ---, 
[458.385s][info][gc,stats    ]     CWR: VM Weak Roots              236 us, workers (us): 236, ---, ---, 
[458.385s][info][gc,stats    ]     CWR: CLDG Roots                  11 us, workers (us):  11, ---, ---, 
[458.385s][info][gc,stats    ]   Rendezvous                       5193 us
[458.385s][info][gc,stats    ] Concurrent Cleanup                   57 us
[458.385s][info][gc,stats    ] Concurrent Class Unloading         6179 us
[458.385s][info][gc,stats    ]   Unlink Stale                     4249 us
[458.385s][info][gc,stats    ]     System Dictionary                14 us
[458.385s][info][gc,stats    ]     Weak Class Links                  0 us
[458.385s][info][gc,stats    ]     Code Roots                     4233 us
[458.385s][info][gc,stats    ]   Rendezvous                       1573 us
[458.385s][info][gc,stats    ]   Purge Unlinked                    279 us
[458.385s][info][gc,stats    ]     Code Roots                      272 us
[458.385s][info][gc,stats    ]     CLDG                              6 us
[458.385s][info][gc,stats    ]     Exception Caches                  1 us
[458.385s][info][gc,stats    ] Concurrent Strong Roots              99 us, parallelism: 0.43x
[458.385s][info][gc,stats    ]   CSR: <total>                       43 us
[458.385s][info][gc,stats    ]   CSR: VM Strong Roots                4 us, workers (us):   4, ---, ---, 
[458.385s][info][gc,stats    ]   CSR: CLDG Roots                    39 us, workers (us):  39, ---, ---, 
[458.385s][info][gc,stats    ] Concurrent Evacuation              1149 us
[458.385s][info][gc,stats    ] Pause Init Update Refs (G)        29706 us
[458.385s][info][gc,stats    ] Pause Init Update Refs (N)           53 us
[458.385s][info][gc,stats    ]   Manage GCLABs                       5 us
[458.385s][info][gc,stats    ] Concurrent Update Refs            70584 us
[458.385s][info][gc,stats    ] Concurrent Update Thread Roots     8142 us
[458.385s][info][gc,stats    ] Pause Final Update Refs (G)       15580 us
[458.385s][info][gc,stats    ] Pause Final Update Refs (N)         141 us
[458.385s][info][gc,stats    ]   Update Region States               57 us
[458.385s][info][gc,stats    ]   Trash Collection Set                3 us
[458.385s][info][gc,stats    ]   Rebuild Free Set                   12 us
[458.385s][info][gc,stats    ] Concurrent Cleanup                  165 us
[458.385s][info][gc,stats    ] 
[458.385s][info][gc,stats    ] Allocation pacing accrued:
[458.385s][info][gc,stats    ]       0 of  1888 ms (  0.0%): <total>
[458.385s][info][gc,stats    ]       0 of  1888 ms (  0.0%): <average total>
[458.385s][info][gc,stats    ] 
[458.385s][info][gc,metaspace] Metaspace: 16617K(16960K)->16617K(16960K) NonClass: 14268K(14464K)->14268K(14464K) Class: 2348K(2496K)->2348K(2496K)
[458.385s][info][gc,ergo     ] Pacer for Idle. Initial: 163M, Alloc Tax Rate: 1.0x
[458.510s][info][gc          ] Trigger: Average GC time (1389.28 ms) is above the time for average allocation rate (4453 MB/s) to deplete free headroom (6001M) (margin of error = 1.82)
[458.510s][info][gc,ergo     ] Free headroom: 6410M (free) - 409M (spike) - 0B (penalties) = 6001M
[458.510s][info][gc,ergo     ] Free: 6410M, Max: 4096K regular, 6348M humongous, Frag: 0% external, 0% internal; Reserve: 412M, Max: 4096K
[458.510s][info][gc,start    ] GC(213) Concurrent reset
[458.510s][info][gc,task     ] GC(213) Using 1 of 3 workers for concurrent reset
[458.510s][info][gc,ergo     ] GC(213) Pacer for Reset. Non-Taxable: 8192M
[458.511s][info][gc          ] GC(213) Concurrent reset 1.245ms
[458.511s][info][gc,start    ] GC(213) Pause Init Mark (unload classes)
[458.512s][info][gc,task     ] GC(213) Using 3 of 3 workers for init marking
[458.512s][info][gc,ergo     ] GC(213) Pacer for Mark. Expected Live: 117M, Free: 6406M, Non-Taxable: 640M, Alloc Tax Rate: 0.0x
[458.512s][info][gc          ] GC(213) Pause Init Mark (unload classes) 0.136ms
[458.526s][info][gc,start    ] GC(213) Concurrent marking roots
[458.526s][info][gc,task     ] GC(213) Using 1 of 3 workers for concurrent marking roots
[458.527s][info][gc          ] GC(213) Concurrent marking roots 0.771ms
[458.527s][info][gc,start    ] GC(213) Concurrent marking (unload classes)
[458.527s][info][gc,task     ] GC(213) Using 1 of 3 workers for concurrent marking
[458.542s][info][gc          ] GC(213) Concurrent marking (unload classes) 15.163ms
[458.542s][info][gc,start    ] GC(213) Pause Final Mark (unload classes)
[458.542s][info][gc,task     ] GC(213) Using 3 of 3 workers for final marking
[458.542s][info][gc,ergo     ] GC(213) Adaptive CSet Selection. Target Free: 1160M, Actual Free: 7812M, Max CSet: 341M, Min Garbage: 0B
[458.542s][info][gc,ergo     ] GC(213) Collectable Garbage: 1363M (99%), Immediate: 1204M (87%), CSet: 159M (11%)
[458.542s][info][gc,ergo     ] GC(213) Pacer for Evacuation. Used CSet: 160M, Free: 7462M, Non-Taxable: 746M, Alloc Tax Rate: 1.1x
[458.542s][info][gc          ] GC(213) Pause Final Mark (unload classes) 0.233ms
[458.542s][info][gc,start    ] GC(213) Concurrent thread roots
[458.542s][info][gc,task     ] GC(213) Using 1 of 3 workers for Concurrent thread roots
[458.543s][info][gc          ] GC(213) Concurrent thread roots 0.528ms
[458.543s][info][gc,start    ] GC(213) Concurrent weak references
[458.543s][info][gc,task     ] GC(213) Using 1 of 3 workers for concurrent weak references
[458.543s][info][gc,ref      ] GC(213) Encountered references: Soft: 173, Weak: 988, Final: 0, Phantom: 41
[458.543s][info][gc,ref      ] GC(213) Discovered  references: Soft: 0, Weak: 202, Final: 0, Phantom: 24
[458.543s][info][gc,ref      ] GC(213) Enqueued    references: Soft: 0, Weak: 0, Final: 0, Phantom: 0
[458.543s][info][gc          ] GC(213) Concurrent weak references 0.070ms
[458.543s][info][gc,start    ] GC(213) Concurrent weak roots
[458.543s][info][gc,task     ] GC(213) Using 1 of 3 workers for concurrent weak root
[458.557s][info][gc          ] GC(213) Concurrent weak roots 14.328ms
[458.557s][info][gc,start    ] GC(213) Concurrent cleanup
[458.557s][info][gc          ] GC(213) Concurrent cleanup 1593M->389M(8192M) 0.080ms
[458.557s][info][gc,ergo     ] GC(213) Free: 7390M, Max: 4096K regular, 6124M humongous, Frag: 17% external, 0% internal; Reserve: 411M, Max: 4096K
[458.557s][info][gc,start    ] GC(213) Concurrent class unloading
[458.558s][info][gc,task     ] GC(213) Using 1 of 3 workers for concurrent class unloading
[458.573s][info][gc          ] GC(213) Concurrent class unloading 15.949ms
[458.574s][info][gc,start    ] GC(213) Concurrent strong roots
[458.574s][info][gc,task     ] GC(213) Using 1 of 3 workers for concurrent strong root
[458.574s][info][gc          ] GC(213) Concurrent strong roots 0.094ms
[458.574s][info][gc,start    ] GC(213) Concurrent evacuation
[458.574s][info][gc,task     ] GC(213) Using 1 of 3 workers for concurrent evacuation
[458.575s][info][gc          ] GC(213) Concurrent evacuation 1.248ms
[458.575s][info][gc,start    ] GC(213) Pause Init Update Refs
[458.575s][info][gc,ergo     ] GC(213) Pacer for Update Refs. Used: 449M, Free: 7330M, Non-Taxable: 733M, Alloc Tax Rate: 1.1x
[458.575s][info][gc          ] GC(213) Pause Init Update Refs 0.030ms
[458.588s][info][gc,start    ] GC(213) Concurrent update references
[458.589s][info][gc,task     ] GC(213) Using 1 of 3 workers for concurrent reference update
[458.653s][info][gc          ] GC(213) Concurrent update references 64.788ms
[458.653s][info][gc,start    ] GC(213) Concurrent update thread roots
[458.667s][info][gc          ] GC(213) Concurrent update thread roots 13.465ms
[458.667s][info][gc,start    ] GC(213) Pause Final Update Refs
[458.667s][info][gc,task     ] GC(213) Using 3 of 3 workers for final reference update
[458.667s][info][gc          ] GC(213) Pause Final Update Refs 0.116ms
[458.698s][info][gc,start    ] GC(213) Concurrent cleanup
[458.698s][info][gc          ] GC(213) Concurrent cleanup 901M->753M(8192M) 0.155ms
[458.698s][info][gc,ergo     ] Free: 7026M, Max: 4096K regular, 6120M humongous, Frag: 13% external, 0% internal; Reserve: 412M, Max: 4096K
[458.698s][info][gc,stats    ] 
[458.698s][info][gc,stats    ] All times are wall-clock times, except per-root-class counters, that are sum over
[458.698s][info][gc,stats    ] all workers. Dividing the <total> over the root stage time estimates parallelism.
[458.698s][info][gc,stats    ] 
[458.698s][info][gc,stats    ] Concurrent Reset                   1271 us
[458.698s][info][gc,stats    ] Pause Init Mark (G)               14579 us
[458.698s][info][gc,stats    ] Pause Init Mark (N)                 147 us
[458.698s][info][gc,stats    ]   Update Region States               50 us
[458.698s][info][gc,stats    ] Concurrent Mark Roots               794 us, parallelism: 0.75x
[458.698s][info][gc,stats    ]   CMR: <total>                      598 us
[458.698s][info][gc,stats    ]   CMR: Thread Roots                 528 us, workers (us): 528, ---, ---, 
[458.698s][info][gc,stats    ]   CMR: VM Strong Roots                9 us, workers (us):   9, ---, ---, 
[458.698s][info][gc,stats    ]   CMR: CLDG Roots                    61 us, workers (us):  61, ---, ---, 
[458.698s][info][gc,stats    ] Concurrent Marking                15254 us
[458.698s][info][gc,stats    ] Pause Final Mark (G)                384 us
[458.698s][info][gc,stats    ] Pause Final Mark (N)                242 us
[458.698s][info][gc,stats    ]   Finish Mark                        52 us
[458.698s][info][gc,stats    ]   Update Region States               38 us
[458.698s][info][gc,stats    ]   Choose Collection Set              90 us
[458.698s][info][gc,stats    ]   Rebuild Free Set                    9 us
[458.698s][info][gc,stats    ] Concurrent Thread Roots             545 us, parallelism: 0.88x
[458.698s][info][gc,stats    ]   CTR: <total>                      478 us
[458.698s][info][gc,stats    ]   CTR: Thread Roots                 478 us, workers (us): 478, ---, ---, 
[458.698s][info][gc,stats    ] Concurrent Weak References           77 us, parallelism: 0.23x
[458.698s][info][gc,stats    ]   CWRF: <total>                      18 us
[458.698s][info][gc,stats    ]   CWRF: Weak References              18 us, workers (us):  18, ---, ---, 
[458.698s][info][gc,stats    ] Concurrent Weak Roots             14415 us
[458.698s][info][gc,stats    ]   Roots                            1216 us, parallelism: 0.97x
[458.698s][info][gc,stats    ]     CWR: <total>                   1177 us
[458.698s][info][gc,stats    ]     CWR: Code Cache Roots          1000 us, workers (us): 1000, ---, ---, 
[458.698s][info][gc,stats    ]     CWR: VM Weak Roots              166 us, workers (us): 166, ---, ---, 
[458.698s][info][gc,stats    ]     CWR: CLDG Roots                  11 us, workers (us):  11, ---, ---, 
[458.698s][info][gc,stats    ]   Rendezvous                      13087 us
[458.698s][info][gc,stats    ] Concurrent Cleanup                   91 us
[458.698s][info][gc,stats    ] Concurrent Class Unloading        16015 us
[458.698s][info][gc,stats    ]   Unlink Stale                     3996 us
[458.698s][info][gc,stats    ]     System Dictionary                15 us
[458.698s][info][gc,stats    ]     Weak Class Links                  0 us
[458.698s][info][gc,stats    ]     Code Roots                     3980 us
[458.698s][info][gc,stats    ]   Rendezvous                      11568 us
[458.698s][info][gc,stats    ]   Purge Unlinked                    354 us
[458.698s][info][gc,stats    ]     Code Roots                      342 us
[458.698s][info][gc,stats    ]     CLDG                             11 us
[458.698s][info][gc,stats    ]     Exception Caches                  0 us
[458.698s][info][gc,stats    ] Concurrent Strong Roots             106 us, parallelism: 0.45x
[458.698s][info][gc,stats    ]   CSR: <total>                       48 us
[458.698s][info][gc,stats    ]   CSR: VM Strong Roots                4 us, workers (us):   4, ---, ---, 
[458.698s][info][gc,stats    ]   CSR: CLDG Roots                    44 us, workers (us):  44, ---, ---, 
[458.699s][info][gc,stats    ] Concurrent Evacuation              1263 us
[458.699s][info][gc,stats    ] Pause Init Update Refs (G)        13589 us
[458.699s][info][gc,stats    ] Pause Init Update Refs (N)           38 us
[458.699s][info][gc,stats    ]   Manage GCLABs                       4 us
[458.699s][info][gc,stats    ] Concurrent Update Refs            64863 us
[458.699s][info][gc,stats    ] Concurrent Update Thread Roots    13561 us
[458.699s][info][gc,stats    ] Pause Final Update Refs (G)       31044 us
[458.699s][info][gc,stats    ] Pause Final Update Refs (N)         156 us
[458.699s][info][gc,stats    ]   Update Region States               58 us
[458.699s][info][gc,stats    ]   Trash Collection Set                4 us
[458.699s][info][gc,stats    ]   Rebuild Free Set                   17 us
[458.699s][info][gc,stats    ] Concurrent Cleanup                  168 us
[458.699s][info][gc,stats    ] 
[458.699s][info][gc,stats    ] Allocation pacing accrued:
[458.699s][info][gc,stats    ]       0 of   313 ms (  0.0%): <total>
[458.699s][info][gc,stats    ]       0 of   313 ms (  0.0%): <average total>
[458.699s][info][gc,stats    ] 
[458.699s][info][gc,metaspace] Metaspace: 16617K(16960K)->16617K(16960K) NonClass: 14268K(14464K)->14268K(14464K) Class: 2348K(2496K)->2348K(2496K)
[458.699s][info][gc,ergo     ] Pacer for Idle. Initial: 163M, Alloc Tax Rate: 1.0x
[462.180s][info][gc          ] Trigger: Learning 4 of 5. Free (5726M) is below initial threshold (5734M)
[462.181s][info][gc,ergo     ] Free: 5726M, Max: 4096K regular, 5660M humongous, Frag: 0% external, 0% internal; Reserve: 412M, Max: 4096K
[462.181s][info][gc,start    ] GC(214) Concurrent reset
[462.181s][info][gc,task     ] GC(214) Using 1 of 3 workers for concurrent reset
[462.181s][info][gc,ergo     ] GC(214) Pacer for Reset. Non-Taxable: 8192M
[462.182s][info][gc          ] GC(214) Concurrent reset 1.098ms
[462.182s][info][gc,start    ] GC(214) Pause Init Mark (unload classes)
[462.182s][info][gc,task     ] GC(214) Using 3 of 3 workers for init marking
[462.182s][info][gc,ergo     ] GC(214) Pacer for Mark. Expected Live: 117M, Free: 5722M, Non-Taxable: 572M, Alloc Tax Rate: 0.0x
[462.182s][info][gc          ] GC(214) Pause Init Mark (unload classes) 0.177ms
[462.182s][info][gc,start    ] GC(214) Concurrent marking roots
[462.182s][info][gc,task     ] GC(214) Using 1 of 3 workers for concurrent marking roots
[462.183s][info][gc          ] GC(214) Concurrent marking roots 0.778ms
[462.183s][info][gc,start    ] GC(214) Concurrent marking (unload classes)
[462.183s][info][gc,task     ] GC(214) Using 1 of 3 workers for concurrent marking
[462.488s][info][gc          ] GC(214) Concurrent marking (unload classes) 304.699ms
[462.488s][info][gc,start    ] GC(214) Pause Final Mark (unload classes)
[462.488s][info][gc,task     ] GC(214) Using 3 of 3 workers for final marking
[462.488s][info][gc,ergo     ] GC(214) Adaptive CSet Selection. Target Free: 1160M, Actual Free: 7324M, Max CSet: 341M, Min Garbage: 0B
[462.488s][info][gc,ergo     ] GC(214) Collectable Garbage: 1902M (99%), Immediate: 1684M (88%), CSet: 218M (11%)
[462.488s][info][gc,ergo     ] GC(214) Pacer for Evacuation. Used CSet: 364M, Free: 6978M, Non-Taxable: 697M, Alloc Tax Rate: 1.1x
[462.488s][info][gc          ] GC(214) Pause Final Mark (unload classes) 0.431ms
[462.488s][info][gc,start    ] GC(214) Concurrent thread roots
[462.488s][info][gc,task     ] GC(214) Using 1 of 3 workers for Concurrent thread roots
[462.489s][info][gc          ] GC(214) Concurrent thread roots 1.029ms
[462.489s][info][gc,start    ] GC(214) Concurrent weak references
[462.489s][info][gc,task     ] GC(214) Using 1 of 3 workers for concurrent weak references
[462.489s][info][gc,ref      ] GC(214) Encountered references: Soft: 173, Weak: 991, Final: 0, Phantom: 41
[462.489s][info][gc,ref      ] GC(214) Discovered  references: Soft: 0, Weak: 213, Final: 0, Phantom: 24
[462.489s][info][gc,ref      ] GC(214) Enqueued    references: Soft: 0, Weak: 6, Final: 0, Phantom: 0
[462.489s][info][gc          ] GC(214) Concurrent weak references 0.067ms
[462.489s][info][gc,start    ] GC(214) Concurrent weak roots
[462.489s][info][gc,task     ] GC(214) Using 1 of 3 workers for concurrent weak root
[462.490s][info][gc          ] GC(214) Concurrent weak roots 1.024ms
[462.490s][info][gc,start    ] GC(214) Concurrent cleanup
[462.490s][info][gc          ] GC(214) Concurrent cleanup 2489M->805M(8192M) 0.077ms
[462.490s][info][gc,ergo     ] GC(214) Free: 6975M, Max: 4096K regular, 5228M humongous, Frag: 25% external, 0% internal; Reserve: 411M, Max: 4096K
[462.491s][info][gc,start    ] GC(214) Concurrent class unloading
[462.491s][info][gc,task     ] GC(214) Using 1 of 3 workers for concurrent class unloading
[462.494s][info][gc          ] GC(214) Concurrent class unloading 3.526ms
[462.494s][info][gc,start    ] GC(214) Concurrent strong roots
[462.494s][info][gc,task     ] GC(214) Using 1 of 3 workers for concurrent strong root
[462.494s][info][gc          ] GC(214) Concurrent strong roots 0.146ms
[462.494s][info][gc,start    ] GC(214) Concurrent evacuation
[462.494s][info][gc,task     ] GC(214) Using 1 of 3 workers for concurrent evacuation
[462.625s][info][gc          ] GC(214) Concurrent evacuation 130.703ms
[462.625s][info][gc,start    ] GC(214) Pause Init Update Refs
[462.625s][info][gc,ergo     ] GC(214) Pacer for Update Refs. Used: 1088M, Free: 6839M, Non-Taxable: 683M, Alloc Tax Rate: 1.1x
[462.625s][info][gc          ] GC(214) Pause Init Update Refs 0.059ms
[462.625s][info][gc,start    ] GC(214) Concurrent update references
[462.625s][info][gc,task     ] GC(214) Using 1 of 3 workers for concurrent reference update
[463.090s][info][gc          ] GC(214) Concurrent update references 465.006ms
[463.090s][info][gc,start    ] GC(214) Concurrent update thread roots
[463.091s][info][gc          ] GC(214) Concurrent update thread roots 0.949ms
[463.091s][info][gc,start    ] GC(214) Pause Final Update Refs
[463.091s][info][gc,task     ] GC(214) Using 3 of 3 workers for final reference update
[463.092s][info][gc          ] GC(214) Pause Final Update Refs 0.182ms
[463.092s][info][gc,start    ] GC(214) Concurrent cleanup
[463.092s][info][gc          ] GC(214) Concurrent cleanup 1255M->891M(8192M) 0.046ms
[463.092s][info][gc,ergo     ] Free: 6888M, Max: 4096K regular, 5080M humongous, Frag: 26% external, 0% internal; Reserve: 412M, Max: 4096K
[463.092s][info][gc,stats    ] 
[463.092s][info][gc,stats    ] All times are wall-clock times, except per-root-class counters, that are sum over
[463.092s][info][gc,stats    ] all workers. Dividing the <total> over the root stage time estimates parallelism.
[463.092s][info][gc,stats    ] 
[463.092s][info][gc,stats    ] Concurrent Reset                   1149 us
[463.092s][info][gc,stats    ] Pause Init Mark (G)                 325 us
[463.092s][info][gc,stats    ] Pause Init Mark (N)                 201 us
[463.092s][info][gc,stats    ]   Update Region States               72 us
[463.092s][info][gc,stats    ] Concurrent Mark Roots               797 us, parallelism: 0.84x
[463.092s][info][gc,stats    ]   CMR: <total>                      669 us
[463.092s][info][gc,stats    ]   CMR: Thread Roots                 594 us, workers (us): 594, ---, ---, 
[463.092s][info][gc,stats    ]   CMR: VM Strong Roots                7 us, workers (us):   7, ---, ---, 
[463.092s][info][gc,stats    ]   CMR: CLDG Roots                    68 us, workers (us):  68, ---, ---, 
[463.092s][info][gc,stats    ] Concurrent Marking               304766 us
[463.092s][info][gc,stats    ] Pause Final Mark (G)                554 us
[463.092s][info][gc,stats    ] Pause Final Mark (N)                452 us
[463.092s][info][gc,stats    ]   Finish Mark                       112 us
[463.092s][info][gc,stats    ]   Update Region States               64 us
[463.092s][info][gc,stats    ]   Choose Collection Set             111 us
[463.092s][info][gc,stats    ]   Rebuild Free Set                   20 us
[463.092s][info][gc,stats    ] Concurrent Thread Roots            1048 us, parallelism: 0.91x
[463.092s][info][gc,stats    ]   CTR: <total>                      959 us
[463.092s][info][gc,stats    ]   CTR: Thread Roots                 959 us, workers (us): 959, ---, ---, 
[463.092s][info][gc,stats    ] Concurrent Weak References           74 us, parallelism: 0.13x
[463.092s][info][gc,stats    ]   CWRF: <total>                      10 us
[463.092s][info][gc,stats    ]   CWRF: Weak References              10 us, workers (us):  10, ---, ---, 
[463.092s][info][gc,stats    ] Concurrent Weak Roots              1078 us
[463.092s][info][gc,stats    ]   Roots                             963 us, parallelism: 0.93x
[463.092s][info][gc,stats    ]     CWR: <total>                    891 us
[463.092s][info][gc,stats    ]     CWR: Code Cache Roots           723 us, workers (us): 723, ---, ---, 
[463.092s][info][gc,stats    ]     CWR: VM Weak Roots              159 us, workers (us): 159, ---, ---, 
[463.092s][info][gc,stats    ]     CWR: CLDG Roots                   9 us, workers (us):   9, ---, ---, 
[463.092s][info][gc,stats    ]   Rendezvous                         42 us
[463.092s][info][gc,stats    ] Concurrent Cleanup                   95 us
[463.092s][info][gc,stats    ] Concurrent Class Unloading         3589 us
[463.092s][info][gc,stats    ]   Unlink Stale                     3197 us
[463.092s][info][gc,stats    ]     System Dictionary                12 us
[463.092s][info][gc,stats    ]     Weak Class Links                  0 us
[463.092s][info][gc,stats    ]     Code Roots                     3184 us
[463.092s][info][gc,stats    ]   Rendezvous                         64 us
[463.092s][info][gc,stats    ]   Purge Unlinked                    228 us
[463.092s][info][gc,stats    ]     Code Roots                      218 us
[463.092s][info][gc,stats    ]     CLDG                              9 us
[463.092s][info][gc,stats    ]     Exception Caches                  0 us
[463.092s][info][gc,stats    ] Concurrent Strong Roots             204 us, parallelism: 0.17x
[463.092s][info][gc,stats    ]   CSR: <total>                       35 us
[463.092s][info][gc,stats    ]   CSR: VM Strong Roots                3 us, workers (us):   3, ---, ---, 
[463.092s][info][gc,stats    ]   CSR: CLDG Roots                    32 us, workers (us):  32, ---, ---, 
[463.092s][info][gc,stats    ] Concurrent Evacuation            130774 us
[463.092s][info][gc,stats    ] Pause Init Update Refs (G)          169 us
[463.092s][info][gc,stats    ] Pause Init Update Refs (N)           67 us
[463.092s][info][gc,stats    ]   Manage GCLABs                       4 us
[463.092s][info][gc,stats    ] Concurrent Update Refs           465074 us
[463.092s][info][gc,stats    ] Concurrent Update Thread Roots      967 us
[463.092s][info][gc,stats    ] Pause Final Update Refs (G)         281 us
[463.092s][info][gc,stats    ] Pause Final Update Refs (N)         202 us
[463.092s][info][gc,stats    ]   Update Region States               90 us
[463.092s][info][gc,stats    ]   Trash Collection Set                3 us
[463.092s][info][gc,stats    ]   Rebuild Free Set                    8 us
[463.092s][info][gc,stats    ] Concurrent Cleanup                   69 us
[463.092s][info][gc,stats    ] 
[463.092s][info][gc,stats    ] Allocation pacing accrued:
[463.092s][info][gc,stats    ]       0 of  4393 ms (  0.0%): <total>
[463.092s][info][gc,stats    ]       0 of  4393 ms (  0.0%): <average total>
[463.092s][info][gc,stats    ] 
[463.092s][info][gc,metaspace] Metaspace: 16617K(16960K)->16617K(16960K) NonClass: 14268K(14464K)->14268K(14464K) Class: 2348K(2496K)->2348K(2496K)
[463.092s][info][gc,ergo     ] Pacer for Idle. Initial: 163M, Alloc Tax Rate: 1.0x
[464.475s][info][gc          ] Trigger: Explicit GC request (System.gc())
[464.475s][info][gc,ergo     ] Free: 6299M, Max: 4096K regular, 5080M humongous, Frag: 19% external, 0% internal; Reserve: 412M, Max: 4096K
[464.475s][info][gc,start    ] GC(215) Concurrent reset
[464.475s][info][gc,task     ] GC(215) Using 1 of 3 workers for concurrent reset
[464.475s][info][gc,ergo     ] GC(215) Pacer for Reset. Non-Taxable: 8192M
[464.477s][info][gc          ] GC(215) Concurrent reset 1.901ms
[464.477s][info][gc,start    ] GC(215) Pause Init Mark (unload classes)
[464.477s][info][gc,task     ] GC(215) Using 3 of 3 workers for init marking
[464.477s][info][gc,ref      ] GC(215) Clearing All SoftReferences
[464.477s][info][gc,ergo     ] GC(215) Pacer for Mark. Expected Live: 116M, Free: 6299M, Non-Taxable: 629M, Alloc Tax Rate: 0.0x
[464.477s][info][gc          ] GC(215) Pause Init Mark (unload classes) 0.225ms
[464.477s][info][gc,start    ] GC(215) Concurrent marking roots
[464.477s][info][gc,task     ] GC(215) Using 1 of 3 workers for concurrent marking roots
[464.478s][info][gc          ] GC(215) Concurrent marking roots 0.638ms
[464.478s][info][gc,start    ] GC(215) Concurrent marking (unload classes)
[464.478s][info][gc,task     ] GC(215) Using 1 of 3 workers for concurrent marking
[464.483s][info][gc          ] GC(215) Concurrent marking (unload classes) 5.580ms
[464.483s][info][gc,start    ] GC(215) Pause Final Mark (unload classes)
[464.483s][info][gc,task     ] GC(215) Using 3 of 3 workers for final marking
[464.484s][info][gc,ergo     ] GC(215) Collectable Garbage: 1451M (98%), Immediate: 1451M (98%), CSet: 0B (0%)
[464.484s][info][gc          ] GC(215) Pause Final Mark (unload classes) 0.590ms
[464.484s][info][gc,start    ] GC(215) Concurrent weak references
[464.484s][info][gc,task     ] GC(215) Using 1 of 3 workers for concurrent weak references
[464.484s][info][gc,ref      ] GC(215) Encountered references: Soft: 172, Weak: 988, Final: 0, Phantom: 41
[464.484s][info][gc,ref      ] GC(215) Discovered  references: Soft: 108, Weak: 218, Final: 0, Phantom: 24
[464.484s][info][gc,ref      ] GC(215) Enqueued    references: Soft: 4, Weak: 5, Final: 0, Phantom: 0
[464.484s][info][gc          ] GC(215) Concurrent weak references 0.127ms
[464.484s][info][gc,start    ] GC(215) Concurrent weak roots
[464.484s][info][gc,task     ] GC(215) Using 1 of 3 workers for concurrent weak root
[464.485s][info][gc          ] GC(215) Concurrent weak roots 0.978ms
[464.485s][info][gc,start    ] GC(215) Concurrent cleanup
[464.485s][info][gc          ] GC(215) Concurrent cleanup 1480M->28M(8192M) 0.041ms
[464.485s][info][gc,ergo     ] GC(215) Free: 7751M, Max: 4096K regular, 6812M humongous, Frag: 12% external, 0% internal; Reserve: 412M, Max: 4096K
[464.485s][info][gc,start    ] GC(215) Concurrent class unloading
[464.485s][info][gc,task     ] GC(215) Using 1 of 3 workers for concurrent class unloading
[464.492s][info][gc          ] GC(215) Concurrent class unloading 6.331ms
[464.492s][info][gc,start    ] GC(215) Pause Final Roots
[464.492s][info][gc          ] GC(215) Pause Final Roots 0.040ms
[464.492s][info][gc,ergo     ] Free: 7751M, Max: 4096K regular, 6812M humongous, Frag: 12% external, 0% internal; Reserve: 412M, Max: 4096K
[464.492s][info][gc,stats    ] 
[464.492s][info][gc,stats    ] All times are wall-clock times, except per-root-class counters, that are sum over
[464.492s][info][gc,stats    ] all workers. Dividing the <total> over the root stage time estimates parallelism.
[464.492s][info][gc,stats    ] 
[464.492s][info][gc,stats    ] Concurrent Reset                   1971 us
[464.492s][info][gc,stats    ] Pause Init Mark (G)                 342 us
[464.492s][info][gc,stats    ] Pause Init Mark (N)                 233 us
[464.492s][info][gc,stats    ]   Update Region States               72 us
[464.492s][info][gc,stats    ] Concurrent Mark Roots               674 us, parallelism: 0.75x
[464.492s][info][gc,stats    ]   CMR: <total>                      507 us
[464.492s][info][gc,stats    ]   CMR: Thread Roots                 459 us, workers (us): 459, ---, ---, 
[464.492s][info][gc,stats    ]   CMR: VM Strong Roots                5 us, workers (us):   5, ---, ---, 
[464.492s][info][gc,stats    ]   CMR: CLDG Roots                    43 us, workers (us):  43, ---, ---, 
[464.492s][info][gc,stats    ] Concurrent Marking                 5651 us
[464.492s][info][gc,stats    ] Pause Final Mark (G)                700 us
[464.492s][info][gc,stats    ] Pause Final Mark (N)                600 us
[464.492s][info][gc,stats    ]   Finish Mark                       153 us
[464.492s][info][gc,stats    ]   Update Region States              269 us
[464.492s][info][gc,stats    ]   Choose Collection Set              75 us
[464.492s][info][gc,stats    ]   Rebuild Free Set                   13 us
[464.492s][info][gc,stats    ] Concurrent Weak References          135 us, parallelism: 0.09x
[464.492s][info][gc,stats    ]   CWRF: <total>                      13 us
[464.492s][info][gc,stats    ]   CWRF: Weak References              13 us, workers (us):  13, ---, ---, 
[464.492s][info][gc,stats    ] Concurrent Weak Roots              1010 us
[464.492s][info][gc,stats    ]   Roots                             901 us, parallelism: 0.93x
[464.492s][info][gc,stats    ]     CWR: <total>                    837 us
[464.492s][info][gc,stats    ]     CWR: Code Cache Roots           673 us, workers (us): 673, ---, ---, 
[464.492s][info][gc,stats    ]     CWR: VM Weak Roots              155 us, workers (us): 155, ---, ---, 
[464.492s][info][gc,stats    ]     CWR: CLDG Roots                   8 us, workers (us):   8, ---, ---, 
[464.492s][info][gc,stats    ]   Rendezvous                         59 us
[464.492s][info][gc,stats    ] Concurrent Cleanup                   54 us
[464.492s][info][gc,stats    ] Concurrent Class Unloading         6381 us
[464.492s][info][gc,stats    ]   Unlink Stale                     5981 us
[464.492s][info][gc,stats    ]     System Dictionary                60 us
[464.492s][info][gc,stats    ]     Weak Class Links               1810 us
[464.492s][info][gc,stats    ]     Code Roots                     4110 us
[464.492s][info][gc,stats    ]   Rendezvous                         71 us
[464.492s][info][gc,stats    ]   Purge Unlinked                    262 us
[464.492s][info][gc,stats    ]     Code Roots                      240 us
[464.492s][info][gc,stats    ]     CLDG                             21 us
[464.492s][info][gc,stats    ]     Exception Caches                  0 us
[464.492s][info][gc,stats    ] Pause Final Roots (G)               106 us
[464.492s][info][gc,stats    ] Pause Final Roots (N)                49 us
[464.492s][info][gc,stats    ] 
[464.492s][info][gc,stats    ] Allocation pacing accrued:
[464.492s][info][gc,stats    ]       0 of  1400 ms (  0.0%): <total>
[464.492s][info][gc,stats    ]       0 of  1400 ms (  0.0%): <average total>
[464.492s][info][gc,stats    ] 
[464.492s][info][gc,metaspace] Metaspace: 16617K(16960K)->16613K(16960K) NonClass: 14268K(14464K)->14266K(14464K) Class: 2348K(2496K)->2347K(2496K)
[464.492s][info][gc,ergo     ] Pacer for Idle. Initial: 163M, Alloc Tax Rate: 1.0x
[466.639s][info][gc          ] Trigger: Average GC time (1066.15 ms) is above the time for instantaneous allocation rate (5557 MB/s) to deplete free headroom (5361M) (spike threshold = 1.62)
[466.639s][info][gc,ergo     ] Free: 5770M, Max: 4096K regular, 5708M humongous, Frag: 0% external, 0% internal; Reserve: 412M, Max: 4096K
[466.639s][info][gc,start    ] GC(216) Concurrent reset
[466.639s][info][gc,task     ] GC(216) Using 1 of 3 workers for concurrent reset
[466.639s][info][gc,ergo     ] GC(216) Pacer for Reset. Non-Taxable: 8192M
[466.640s][info][gc          ] GC(216) Concurrent reset 0.429ms
[466.640s][info][gc,start    ] GC(216) Pause Init Mark (unload classes)
[466.640s][info][gc,task     ] GC(216) Using 3 of 3 workers for init marking
[466.640s][info][gc,ergo     ] GC(216) Pacer for Mark. Expected Live: 34315K, Free: 5770M, Non-Taxable: 577M, Alloc Tax Rate: 0.0x
[466.640s][info][gc          ] GC(216) Pause Init Mark (unload classes) 0.134ms
[466.671s][info][gc,start    ] GC(216) Concurrent marking roots
[466.671s][info][gc,task     ] GC(216) Using 1 of 3 workers for concurrent marking roots
[466.671s][info][gc          ] GC(216) Concurrent marking roots 0.754ms
[466.671s][info][gc,start    ] GC(216) Concurrent marking (unload classes)
[466.671s][info][gc,task     ] GC(216) Using 1 of 3 workers for concurrent marking
[466.686s][info][gc          ] GC(216) Concurrent marking (unload classes) 14.843ms
[466.686s][info][gc,start    ] GC(216) Pause Final Mark (unload classes)
[466.686s][info][gc,task     ] GC(216) Using 3 of 3 workers for final marking
[466.687s][info][gc,ergo     ] GC(216) Adaptive CSet Selection. Target Free: 1160M, Actual Free: 7724M, Max CSet: 341M, Min Garbage: 0B
[466.687s][info][gc,ergo     ] GC(216) Collectable Garbage: 2000M (99%), Immediate: 1820M (90%), CSet: 179M (8%)
[466.687s][info][gc,ergo     ] GC(216) Pacer for Evacuation. Used CSet: 180M, Free: 7374M, Non-Taxable: 737M, Alloc Tax Rate: 1.1x
[466.687s][info][gc          ] GC(216) Pause Final Mark (unload classes) 0.231ms
[466.702s][info][gc,start    ] GC(216) Concurrent thread roots
[466.702s][info][gc,task     ] GC(216) Using 1 of 3 workers for Concurrent thread roots
[466.702s][info][gc          ] GC(216) Concurrent thread roots 0.709ms
[466.702s][info][gc,start    ] GC(216) Concurrent weak references
[466.702s][info][gc,task     ] GC(216) Using 1 of 3 workers for concurrent weak references
[466.702s][info][gc,ref      ] GC(216) Encountered references: Soft: 173, Weak: 995, Final: 0, Phantom: 41
[466.702s][info][gc,ref      ] GC(216) Discovered  references: Soft: 0, Weak: 206, Final: 0, Phantom: 24
[466.702s][info][gc,ref      ] GC(216) Enqueued    references: Soft: 0, Weak: 4, Final: 0, Phantom: 0
[466.702s][info][gc          ] GC(216) Concurrent weak references 0.082ms
[466.702s][info][gc,start    ] GC(216) Concurrent weak roots
[466.702s][info][gc,task     ] GC(216) Using 1 of 3 workers for concurrent weak root
[466.711s][info][gc          ] GC(216) Concurrent weak roots 8.638ms
[466.711s][info][gc,start    ] GC(216) Concurrent cleanup
[466.711s][info][gc          ] GC(216) Concurrent cleanup 2325M->505M(8192M) 0.080ms
[466.711s][info][gc,ergo     ] GC(216) Free: 7274M, Max: 4096K regular, 5396M humongous, Frag: 26% external, 0% internal; Reserve: 411M, Max: 4096K
[466.711s][info][gc,start    ] GC(216) Concurrent class unloading
[466.711s][info][gc,task     ] GC(216) Using 1 of 3 workers for concurrent class unloading
[466.718s][info][gc          ] GC(216) Concurrent class unloading 6.274ms
[466.718s][info][gc,start    ] GC(216) Concurrent strong roots
[466.718s][info][gc,task     ] GC(216) Using 1 of 3 workers for concurrent strong root
[466.718s][info][gc          ] GC(216) Concurrent strong roots 0.101ms
[466.718s][info][gc,start    ] GC(216) Concurrent evacuation
[466.718s][info][gc,task     ] GC(216) Using 1 of 3 workers for concurrent evacuation
[466.719s][info][gc          ] GC(216) Concurrent evacuation 1.185ms
[466.719s][info][gc,start    ] GC(216) Pause Init Update Refs
[466.719s][info][gc,ergo     ] GC(216) Pacer for Update Refs. Used: 541M, Free: 7239M, Non-Taxable: 723M, Alloc Tax Rate: 1.1x
[466.719s][info][gc          ] GC(216) Pause Init Update Refs 0.072ms
[466.719s][info][gc,start    ] GC(216) Concurrent update references
[466.719s][info][gc,task     ] GC(216) Using 1 of 3 workers for concurrent reference update
[466.814s][info][gc          ] GC(216) Concurrent update references 94.318ms
[466.814s][info][gc,start    ] GC(216) Concurrent update thread roots
[466.814s][info][gc          ] GC(216) Concurrent update thread roots 0.560ms
[466.814s][info][gc,start    ] GC(216) Pause Final Update Refs
[466.814s][info][gc,task     ] GC(216) Using 3 of 3 workers for final reference update
[466.814s][info][gc          ] GC(216) Pause Final Update Refs 0.109ms
[466.827s][info][gc,start    ] GC(216) Concurrent cleanup
[466.828s][info][gc          ] GC(216) Concurrent cleanup 885M->733M(8192M) 0.134ms
[466.828s][info][gc,ergo     ] Free: 7046M, Max: 4096K regular, 5396M humongous, Frag: 23% external, 0% internal; Reserve: 412M, Max: 4096K
[466.828s][info][gc,stats    ] 
[466.828s][info][gc,stats    ] All times are wall-clock times, except per-root-class counters, that are sum over
[466.828s][info][gc,stats    ] all workers. Dividing the <total> over the root stage time estimates parallelism.
[466.828s][info][gc,stats    ] 
[466.828s][info][gc,stats    ] Concurrent Reset                    456 us
[466.828s][info][gc,stats    ] Pause Init Mark (G)               30902 us
[466.828s][info][gc,stats    ] Pause Init Mark (N)                 144 us
[466.828s][info][gc,stats    ]   Update Region States               42 us
[466.828s][info][gc,stats    ] Concurrent Mark Roots               773 us, parallelism: 0.75x
[466.828s][info][gc,stats    ]   CMR: <total>                      581 us
[466.828s][info][gc,stats    ]   CMR: Thread Roots                 520 us, workers (us): 520, ---, ---, 
[466.828s][info][gc,stats    ]   CMR: VM Strong Roots                8 us, workers (us):   8, ---, ---, 
[466.828s][info][gc,stats    ]   CMR: CLDG Roots                    53 us, workers (us):  53, ---, ---, 
[466.828s][info][gc,stats    ] Concurrent Marking                14925 us
[466.828s][info][gc,stats    ] Pause Final Mark (G)              15381 us
[466.828s][info][gc,stats    ] Pause Final Mark (N)                241 us
[466.828s][info][gc,stats    ]   Finish Mark                        54 us
[466.828s][info][gc,stats    ]   Update Region States               32 us
[466.828s][info][gc,stats    ]   Choose Collection Set              81 us
[466.828s][info][gc,stats    ]   Rebuild Free Set                    8 us
[466.828s][info][gc,stats    ] Concurrent Thread Roots             736 us, parallelism: 0.73x
[466.828s][info][gc,stats    ]   CTR: <total>                      535 us
[466.828s][info][gc,stats    ]   CTR: Thread Roots                 535 us, workers (us): 535, ---, ---, 
[466.828s][info][gc,stats    ] Concurrent Weak References           90 us, parallelism: 0.25x
[466.828s][info][gc,stats    ]   CWRF: <total>                      22 us
[466.828s][info][gc,stats    ]   CWRF: Weak References              22 us, workers (us):  22, ---, ---, 
[466.828s][info][gc,stats    ] Concurrent Weak Roots              8711 us
[466.828s][info][gc,stats    ]   Roots                            1350 us, parallelism: 0.96x
[466.828s][info][gc,stats    ]     CWR: <total>                   1299 us
[466.828s][info][gc,stats    ]     CWR: Code Cache Roots          1040 us, workers (us): 1040, ---, ---, 
[466.828s][info][gc,stats    ]     CWR: VM Weak Roots              247 us, workers (us): 247, ---, ---, 
[466.828s][info][gc,stats    ]     CWR: CLDG Roots                  12 us, workers (us):  12, ---, ---, 
[466.828s][info][gc,stats    ]   Rendezvous                       7265 us
[466.828s][info][gc,stats    ] Concurrent Cleanup                   89 us
[466.828s][info][gc,stats    ] Concurrent Class Unloading         6339 us
[466.828s][info][gc,stats    ]   Unlink Stale                     3924 us
[466.828s][info][gc,stats    ]     System Dictionary                18 us
[466.828s][info][gc,stats    ]     Weak Class Links                  0 us
[466.828s][info][gc,stats    ]     Code Roots                     3903 us
[466.828s][info][gc,stats    ]   Rendezvous                       2053 us
[466.828s][info][gc,stats    ]   Purge Unlinked                    267 us
[466.828s][info][gc,stats    ]     Code Roots                      261 us
