[0.060s][info][gc] Using Serial
[0.060s][info][gc,heap,coops] Heap address: 0x0000000080000000, size: 2048 MB, Compressed Oops mode: 32-bit
[1.896s][info][gc,start     ] GC(0) Pause Full (System.gc())
[1.896s][info][gc,phases,start] GC(0) Phase 1: Mark live objects
[1.906s][info][gc,phases      ] GC(0) Phase 1: Mark live objects 10.001ms
[1.906s][info][gc,phases,start] GC(0) Phase 2: Compute new object addresses
[1.912s][info][gc,phases      ] GC(0) Phase 2: Compute new object addresses 5.576ms
[1.912s][info][gc,phases,start] GC(0) Phase 3: Adjust pointers
[1.918s][info][gc,phases      ] GC(0) Phase 3: Adjust pointers 6.132ms
[1.918s][info][gc,phases,start] GC(0) Phase 4: Move objects
[1.922s][info][gc,phases      ] GC(0) Phase 4: Move objects 4.188ms
[1.923s][info][gc,heap        ] GC(0) DefNew: 55948K->0K(629120K)
[1.923s][info][gc,heap        ] GC(0) Tenured: 0K->3734K(1398144K)
[1.923s][info][gc,metaspace   ] GC(0) Metaspace: 17329K(17792K)->17329K(17792K) NonClass: 15345K(15616K)->15345K(15616K) Class: 1983K(2176K)->1983K(2176K)
[1.923s][info][gc             ] GC(0) Pause Full (System.gc()) 54M->3M(1979M) 27.417ms
[1.923s][info][gc,cpu         ] GC(0) User=0.00s Sys=0.00s Real=0.03s
[3.162s][info][gc,start       ] GC(1) Pause Young (Allocation Failure)
[3.168s][info][gc,heap        ] GC(1) DefNew: 559232K->1970K(629120K)
[3.168s][info][gc,heap        ] GC(1) Tenured: 3734K->3734K(1398144K)
[3.168s][info][gc,metaspace   ] GC(1) Metaspace: 18901K(19712K)->18901K(19712K) NonClass: 16716K(17152K)->16716K(17152K) Class: 2185K(2560K)->2185K(2560K)
[3.168s][info][gc             ] GC(1) Pause Young (Allocation Failure) 549M->5M(1979M) 5.644ms
[3.168s][info][gc,cpu         ] GC(1) User=0.00s Sys=0.00s Real=0.01s
[3.950s][info][gc,start       ] GC(2) Pause Young (Allocation Failure)
[3.955s][info][gc,heap        ] GC(2) DefNew: 561202K->1995K(629120K)
[3.955s][info][gc,heap        ] GC(2) Tenured: 3734K->3734K(1398144K)
[3.955s][info][gc,metaspace   ] GC(2) Metaspace: 18907K(19712K)->18907K(19712K) NonClass: 16720K(17152K)->16720K(17152K) Class: 2186K(2560K)->2186K(2560K)
[3.955s][info][gc             ] GC(2) Pause Young (Allocation Failure) 551M->5M(1979M) 4.593ms
[3.955s][info][gc,cpu         ] GC(2) User=0.00s Sys=0.00s Real=0.01s
[4.735s][info][gc,start       ] GC(3) Pause Young (Allocation Failure)
[4.739s][info][gc,heap        ] GC(3) DefNew: 561227K->1996K(629120K)
[4.739s][info][gc,heap        ] GC(3) Tenured: 3734K->3734K(1398144K)
[4.739s][info][gc,metaspace   ] GC(3) Metaspace: 18907K(19712K)->18907K(19712K) NonClass: 16721K(17152K)->16721K(17152K) Class: 2186K(2560K)->2186K(2560K)
[4.739s][info][gc             ] GC(3) Pause Young (Allocation Failure) 551M->5M(1979M) 4.040ms
[4.739s][info][gc,cpu         ] GC(3) User=0.00s Sys=0.00s Real=0.00s
[4.810s][info][gc,start       ] GC(4) Pause Full (System.gc())
[4.810s][info][gc,phases,start] GC(4) Phase 1: Mark live objects
[4.821s][info][gc,phases      ] GC(4) Phase 1: Mark live objects 10.775ms
[4.821s][info][gc,phases,start] GC(4) Phase 2: Compute new object addresses
[4.830s][info][gc,phases      ] GC(4) Phase 2: Compute new object addresses 9.292ms
[4.831s][info][gc,phases,start] GC(4) Phase 3: Adjust pointers
[4.836s][info][gc,phases      ] GC(4) Phase 3: Adjust pointers 5.054ms
[4.836s][info][gc,phases,start] GC(4) Phase 4: Move objects
[4.836s][info][gc,phases      ] GC(4) Phase 4: Move objects 0.424ms
[4.836s][info][gc,heap        ] GC(4) DefNew: 53637K->0K(629120K)
[4.836s][info][gc,heap        ] GC(4) Tenured: 3734K->4496K(1398144K)
[4.836s][info][gc,metaspace   ] GC(4) Metaspace: 19072K(19968K)->19072K(19968K) NonClass: 16856K(17408K)->16856K(17408K) Class: 2215K(2560K)->2215K(2560K)
[4.837s][info][gc             ] GC(4) Pause Full (System.gc()) 56M->4M(1979M) 26.430ms
[4.837s][info][gc,cpu         ] GC(4) User=0.00s Sys=0.00s Real=0.03s
[5.626s][info][gc,start       ] GC(5) Pause Young (Allocation Failure)
[5.628s][info][gc,heap        ] GC(5) DefNew: 559232K->1292K(629120K)
[5.628s][info][gc,heap        ] GC(5) Tenured: 4496K->4496K(1398144K)
[5.629s][info][gc,metaspace   ] GC(5) Metaspace: 18944K(19968K)->18944K(19968K) NonClass: 16775K(17408K)->16775K(17408K) Class: 2169K(2560K)->2169K(2560K)
[5.629s][info][gc             ] GC(5) Pause Young (Allocation Failure) 550M->5M(1979M) 2.556ms
[5.629s][info][gc,cpu         ] GC(5) User=0.00s Sys=0.00s Real=0.00s
[6.412s][info][gc,start       ] GC(6) Pause Young (Allocation Failure)
[6.414s][info][gc,heap        ] GC(6) DefNew: 560524K->1252K(629120K)
[6.414s][info][gc,heap        ] GC(6) Tenured: 4496K->4496K(1398144K)
[6.414s][info][gc,metaspace   ] GC(6) Metaspace: 18944K(19968K)->18944K(19968K) NonClass: 16775K(17408K)->16775K(17408K) Class: 2169K(2560K)->2169K(2560K)
[6.415s][info][gc             ] GC(6) Pause Young (Allocation Failure) 551M->5M(1979M) 2.112ms
[6.415s][info][gc,cpu         ] GC(6) User=0.00s Sys=0.00s Real=0.00s
[7.163s][info][gc,start       ] GC(7) Pause Full (System.gc())
[7.163s][info][gc,phases,start] GC(7) Phase 1: Mark live objects
[7.169s][info][gc,phases      ] GC(7) Phase 1: Mark live objects 6.641ms
[7.170s][info][gc,phases,start] GC(7) Phase 2: Compute new object addresses
[7.307s][info][gc,phases      ] GC(7) Phase 2: Compute new object addresses 137.558ms
[7.307s][info][gc,phases,start] GC(7) Phase 3: Adjust pointers
[7.312s][info][gc,phases      ] GC(7) Phase 3: Adjust pointers 5.063ms
[7.312s][info][gc,phases,start] GC(7) Phase 4: Move objects
[7.312s][info][gc,phases      ] GC(7) Phase 4: Move objects 0.015ms
[7.312s][info][gc,heap        ] GC(7) DefNew: 536587K->0K(629120K)
[7.312s][info][gc,heap        ] GC(7) Tenured: 4496K->4496K(1398144K)
[7.312s][info][gc,metaspace   ] GC(7) Metaspace: 18947K(19968K)->18947K(19968K) NonClass: 16777K(17408K)->16777K(17408K) Class: 2169K(2560K)->2169K(2560K)
[7.312s][info][gc             ] GC(7) Pause Full (System.gc()) 528M->4M(1979M) 149.767ms
[7.312s][info][gc,cpu         ] GC(7) User=0.11s Sys=0.00s Real=0.16s
[8.085s][info][gc,start       ] GC(8) Pause Young (Allocation Failure)
[8.087s][info][gc,heap        ] GC(8) DefNew: 559232K->1167K(629120K)
[8.087s][info][gc,heap        ] GC(8) Tenured: 4496K->4496K(1398144K)
[8.087s][info][gc,metaspace   ] GC(8) Metaspace: 18950K(19968K)->18950K(19968K) NonClass: 16780K(17408K)->16780K(17408K) Class: 2169K(2560K)->2169K(2560K)
[8.087s][info][gc             ] GC(8) Pause Young (Allocation Failure) 550M->5M(1979M) 2.175ms
[8.087s][info][gc,cpu         ] GC(8) User=0.00s Sys=0.00s Real=0.01s
[8.872s][info][gc,start       ] GC(9) Pause Young (Allocation Failure)
[8.875s][info][gc,heap        ] GC(9) DefNew: 560399K->1236K(629120K)
[8.875s][info][gc,heap        ] GC(9) Tenured: 4496K->4496K(1398144K)
[8.875s][info][gc,metaspace   ] GC(9) Metaspace: 18950K(19968K)->18950K(19968K) NonClass: 16780K(17408K)->16780K(17408K) Class: 2169K(2560K)->2169K(2560K)
[8.875s][info][gc             ] GC(9) Pause Young (Allocation Failure) 551M->5M(1979M) 2.109ms
[8.875s][info][gc,cpu         ] GC(9) User=0.00s Sys=0.00s Real=0.00s
[9.596s][info][gc,start       ] GC(10) Pause Full (System.gc())
[9.596s][info][gc,phases,start] GC(10) Phase 1: Mark live objects
[9.603s][info][gc,phases      ] GC(10) Phase 1: Mark live objects 7.257ms
[9.604s][info][gc,phases,start] GC(10) Phase 2: Compute new object addresses
[9.735s][info][gc,phases      ] GC(10) Phase 2: Compute new object addresses 131.038ms
[9.735s][info][gc,phases,start] GC(10) Phase 3: Adjust pointers
[9.740s][info][gc,phases      ] GC(10) Phase 3: Adjust pointers 5.125ms
[9.740s][info][gc,phases,start] GC(10) Phase 4: Move objects
[9.741s][info][gc,phases      ] GC(10) Phase 4: Move objects 1.396ms
[9.741s][info][gc,heap        ] GC(10) DefNew: 522535K->0K(629120K)
[9.741s][info][gc,heap        ] GC(10) Tenured: 4496K->4450K(1398144K)
[9.741s][info][gc,metaspace   ] GC(10) Metaspace: 18953K(19968K)->18953K(19968K) NonClass: 16783K(17408K)->16783K(17408K) Class: 2169K(2560K)->2169K(2560K)
[9.741s][info][gc             ] GC(10) Pause Full (System.gc()) 514M->4M(1979M) 145.380ms
[9.741s][info][gc,cpu         ] GC(10) User=0.12s Sys=0.00s Real=0.14s
[10.525s][info][gc,start       ] GC(11) Pause Young (Allocation Failure)
[10.527s][info][gc,heap        ] GC(11) DefNew: 559232K->1273K(629120K)
[10.527s][info][gc,heap        ] GC(11) Tenured: 4450K->4450K(1398144K)
[10.527s][info][gc,metaspace   ] GC(11) Metaspace: 18960K(19968K)->18960K(19968K) NonClass: 16790K(17408K)->16790K(17408K) Class: 2169K(2560K)->2169K(2560K)
[10.527s][info][gc             ] GC(11) Pause Young (Allocation Failure) 550M->5M(1979M) 2.272ms
[10.527s][info][gc,cpu         ] GC(11) User=0.00s Sys=0.00s Real=0.00s
[11.312s][info][gc,start       ] GC(12) Pause Young (Allocation Failure)
[11.314s][info][gc,heap        ] GC(12) DefNew: 560505K->1295K(629120K)
[11.314s][info][gc,heap        ] GC(12) Tenured: 4450K->4450K(1398144K)
[11.314s][info][gc,metaspace   ] GC(12) Metaspace: 18960K(19968K)->18960K(19968K) NonClass: 16790K(17408K)->16790K(17408K) Class: 2169K(2560K)->2169K(2560K)
[11.314s][info][gc             ] GC(12) Pause Young (Allocation Failure) 551M->5M(1979M) 2.109ms
[11.314s][info][gc,cpu         ] GC(12) User=0.00s Sys=0.00s Real=0.01s
[12.054s][info][gc,start       ] GC(13) Pause Full (System.gc())
[12.054s][info][gc,phases,start] GC(13) Phase 1: Mark live objects
[12.062s][info][gc,phases      ] GC(13) Phase 1: Mark live objects 7.421ms
[12.062s][info][gc,phases,start] GC(13) Phase 2: Compute new object addresses
[12.197s][info][gc,phases      ] GC(13) Phase 2: Compute new object addresses 134.800ms
[12.197s][info][gc,phases,start] GC(13) Phase 3: Adjust pointers
[12.202s][info][gc,phases      ] GC(13) Phase 3: Adjust pointers 5.047ms
[12.202s][info][gc,phases,start] GC(13) Phase 4: Move objects
[12.202s][info][gc,phases      ] GC(13) Phase 4: Move objects 0.015ms
[12.202s][info][gc,heap        ] GC(13) DefNew: 524763K->0K(629120K)
[12.202s][info][gc,heap        ] GC(13) Tenured: 4450K->4450K(1398144K)
[12.202s][info][gc,metaspace   ] GC(13) Metaspace: 18960K(19968K)->18960K(19968K) NonClass: 16790K(17408K)->16790K(17408K) Class: 2169K(2560K)->2169K(2560K)
[12.202s][info][gc             ] GC(13) Pause Full (System.gc()) 516M->4M(1979M) 147.754ms
[12.202s][info][gc,cpu         ] GC(13) User=0.12s Sys=0.00s Real=0.15s
[12.988s][info][gc,start       ] GC(14) Pause Young (Allocation Failure)
[12.991s][info][gc,heap        ] GC(14) DefNew: 559232K->1238K(629120K)
[12.991s][info][gc,heap        ] GC(14) Tenured: 4450K->4450K(1398144K)
[12.991s][info][gc,metaspace   ] GC(14) Metaspace: 18963K(19968K)->18963K(19968K) NonClass: 16793K(17408K)->16793K(17408K) Class: 2169K(2560K)->2169K(2560K)
[12.991s][info][gc             ] GC(14) Pause Young (Allocation Failure) 550M->5M(1979M) 2.228ms
[12.991s][info][gc,cpu         ] GC(14) User=0.00s Sys=0.00s Real=0.00s
[13.771s][info][gc,start       ] GC(15) Pause Young (Allocation Failure)
[13.773s][info][gc,heap        ] GC(15) DefNew: 560470K->1225K(629120K)
[13.773s][info][gc,heap        ] GC(15) Tenured: 4450K->4450K(1398144K)
[13.773s][info][gc,metaspace   ] GC(15) Metaspace: 18963K(19968K)->18963K(19968K) NonClass: 16793K(17408K)->16793K(17408K) Class: 2169K(2560K)->2169K(2560K)
[13.773s][info][gc             ] GC(15) Pause Young (Allocation Failure) 551M->5M(1979M) 2.126ms
[13.773s][info][gc,cpu         ] GC(15) User=0.00s Sys=0.00s Real=0.00s
[14.501s][info][gc,start       ] GC(16) Pause Full (System.gc())
[14.502s][info][gc,phases,start] GC(16) Phase 1: Mark live objects
[14.509s][info][gc,phases      ] GC(16) Phase 1: Mark live objects 7.181ms
[14.509s][info][gc,phases,start] GC(16) Phase 2: Compute new object addresses
[14.638s][info][gc,phases      ] GC(16) Phase 2: Compute new object addresses 128.774ms
[14.638s][info][gc,phases,start] GC(16) Phase 3: Adjust pointers
[14.643s][info][gc,phases      ] GC(16) Phase 3: Adjust pointers 4.980ms
[14.643s][info][gc,phases,start] GC(16) Phase 4: Move objects
[14.643s][info][gc,phases      ] GC(16) Phase 4: Move objects 0.015ms
[14.643s][info][gc,heap        ] GC(16) DefNew: 515790K->0K(629120K)
[14.643s][info][gc,heap        ] GC(16) Tenured: 4450K->4451K(1398144K)
[14.643s][info][gc,metaspace   ] GC(16) Metaspace: 18968K(19968K)->18968K(19968K) NonClass: 16798K(17408K)->16798K(17408K) Class: 2169K(2560K)->2169K(2560K)
[14.643s][info][gc             ] GC(16) Pause Full (System.gc()) 508M->4M(1979M) 141.480ms
[14.643s][info][gc,cpu         ] GC(16) User=0.12s Sys=0.00s Real=0.14s
[15.419s][info][gc,start       ] GC(17) Pause Young (Allocation Failure)
[15.421s][info][gc,heap        ] GC(17) DefNew: 559232K->1203K(629120K)
[15.421s][info][gc,heap        ] GC(17) Tenured: 4451K->4451K(1398144K)
[15.421s][info][gc,metaspace   ] GC(17) Metaspace: 18979K(19968K)->18979K(19968K) NonClass: 16809K(17408K)->16809K(17408K) Class: 2169K(2560K)->2169K(2560K)
[15.421s][info][gc             ] GC(17) Pause Young (Allocation Failure) 550M->5M(1979M) 2.191ms
[15.421s][info][gc,cpu         ] GC(17) User=0.00s Sys=0.00s Real=0.00s
[16.205s][info][gc,start       ] GC(18) Pause Young (Allocation Failure)
[16.207s][info][gc,heap        ] GC(18) DefNew: 560435K->1167K(629120K)
[16.207s][info][gc,heap        ] GC(18) Tenured: 4451K->4451K(1398144K)
[16.207s][info][gc,metaspace   ] GC(18) Metaspace: 18979K(19968K)->18979K(19968K) NonClass: 16809K(17408K)->16809K(17408K) Class: 2169K(2560K)->2169K(2560K)
[16.207s][info][gc             ] GC(18) Pause Young (Allocation Failure) 551M->5M(1979M) 2.035ms
[16.207s][info][gc,cpu         ] GC(18) User=0.00s Sys=0.00s Real=0.00s
[16.936s][info][gc,start       ] GC(19) Pause Full (System.gc())
[16.936s][info][gc,phases,start] GC(19) Phase 1: Mark live objects
[16.944s][info][gc,phases      ] GC(19) Phase 1: Mark live objects 7.810ms
[16.944s][info][gc,phases,start] GC(19) Phase 2: Compute new object addresses
[17.075s][info][gc,phases      ] GC(19) Phase 2: Compute new object addresses 131.405ms
[17.076s][info][gc,phases,start] GC(19) Phase 3: Adjust pointers
[17.081s][info][gc,phases      ] GC(19) Phase 3: Adjust pointers 5.066ms
[17.081s][info][gc,phases,start] GC(19) Phase 4: Move objects
[17.081s][info][gc,phases      ] GC(19) Phase 4: Move objects 0.015ms
[17.081s][info][gc,heap        ] GC(19) DefNew: 520477K->0K(629120K)
[17.081s][info][gc,heap        ] GC(19) Tenured: 4451K->4451K(1398144K)
[17.081s][info][gc,metaspace   ] GC(19) Metaspace: 18980K(19968K)->18980K(19968K) NonClass: 16810K(17408K)->16810K(17408K) Class: 2169K(2560K)->2169K(2560K)
[17.081s][info][gc             ] GC(19) Pause Full (System.gc()) 512M->4M(1979M) 144.917ms
[17.081s][info][gc,cpu         ] GC(19) User=0.12s Sys=0.00s Real=0.14s
[17.837s][info][gc,start       ] GC(20) Pause Young (Allocation Failure)
[17.839s][info][gc,heap        ] GC(20) DefNew: 559232K->1245K(629120K)
[17.839s][info][gc,heap        ] GC(20) Tenured: 4451K->4451K(1398144K)
[17.839s][info][gc,metaspace   ] GC(20) Metaspace: 18981K(19968K)->18981K(19968K) NonClass: 16811K(17408K)->16811K(17408K) Class: 2169K(2560K)->2169K(2560K)
[17.839s][info][gc             ] GC(20) Pause Young (Allocation Failure) 550M->5M(1979M) 2.208ms
[17.839s][info][gc,cpu         ] GC(20) User=0.00s Sys=0.00s Real=0.00s
[18.617s][info][gc,start       ] GC(21) Pause Young (Allocation Failure)
[18.619s][info][gc,heap        ] GC(21) DefNew: 560477K->1150K(629120K)
[18.619s][info][gc,heap        ] GC(21) Tenured: 4451K->4451K(1398144K)
[18.619s][info][gc,metaspace   ] GC(21) Metaspace: 18981K(19968K)->18981K(19968K) NonClass: 16811K(17408K)->16811K(17408K) Class: 2169K(2560K)->2169K(2560K)
[18.619s][info][gc             ] GC(21) Pause Young (Allocation Failure) 551M->5M(1979M) 2.165ms
[18.619s][info][gc,cpu         ] GC(21) User=0.00s Sys=0.00s Real=0.00s
[19.358s][info][gc,start       ] GC(22) Pause Full (System.gc())
[19.359s][info][gc,phases,start] GC(22) Phase 1: Mark live objects
[19.365s][info][gc,phases      ] GC(22) Phase 1: Mark live objects 6.769ms
[19.365s][info][gc,phases,start] GC(22) Phase 2: Compute new object addresses
[19.499s][info][gc,phases      ] GC(22) Phase 2: Compute new object addresses 133.013ms
[19.499s][info][gc,phases,start] GC(22) Phase 3: Adjust pointers
[19.504s][info][gc,phases      ] GC(22) Phase 3: Adjust pointers 5.094ms
[19.504s][info][gc,phases,start] GC(22) Phase 4: Move objects
[19.504s][info][gc,phases      ] GC(22) Phase 4: Move objects 0.015ms
[19.504s][info][gc,heap        ] GC(22) DefNew: 528793K->0K(629120K)
[19.504s][info][gc,heap        ] GC(22) Tenured: 4451K->4451K(1398144K)
[19.504s][info][gc,metaspace   ] GC(22) Metaspace: 18983K(19968K)->18983K(19968K) NonClass: 16814K(17408K)->16814K(17408K) Class: 2169K(2560K)->2169K(2560K)
[19.504s][info][gc             ] GC(22) Pause Full (System.gc()) 520M->4M(1979M) 145.444ms
[19.504s][info][gc,cpu         ] GC(22) User=0.11s Sys=0.00s Real=0.15s
[20.283s][info][gc,start       ] GC(23) Pause Young (Allocation Failure)
[20.285s][info][gc,heap        ] GC(23) DefNew: 559232K->1297K(629120K)
[20.285s][info][gc,heap        ] GC(23) Tenured: 4451K->4451K(1398144K)
[20.285s][info][gc,metaspace   ] GC(23) Metaspace: 18983K(19968K)->18983K(19968K) NonClass: 16814K(17408K)->16814K(17408K) Class: 2169K(2560K)->2169K(2560K)
[20.285s][info][gc             ] GC(23) Pause Young (Allocation Failure) 550M->5M(1979M) 2.304ms
[20.285s][info][gc,cpu         ] GC(23) User=0.00s Sys=0.00s Real=0.01s
[21.060s][info][gc,start       ] GC(24) Pause Young (Allocation Failure)
[21.063s][info][gc,heap        ] GC(24) DefNew: 560529K->1239K(629120K)
[21.063s][info][gc,heap        ] GC(24) Tenured: 4451K->4451K(1398144K)
[21.063s][info][gc,metaspace   ] GC(24) Metaspace: 18983K(19968K)->18983K(19968K) NonClass: 16814K(17408K)->16814K(17408K) Class: 2169K(2560K)->2169K(2560K)
[21.063s][info][gc             ] GC(24) Pause Young (Allocation Failure) 551M->5M(1979M) 2.089ms
[21.063s][info][gc,cpu         ] GC(24) User=0.00s Sys=0.00s Real=0.00s
[21.793s][info][gc,start       ] GC(25) Pause Full (System.gc())
[21.794s][info][gc,phases,start] GC(25) Phase 1: Mark live objects
[21.801s][info][gc,phases      ] GC(25) Phase 1: Mark live objects 7.082ms
[21.801s][info][gc,phases,start] GC(25) Phase 2: Compute new object addresses
[21.934s][info][gc,phases      ] GC(25) Phase 2: Compute new object addresses 133.463ms
[21.934s][info][gc,phases,start] GC(25) Phase 3: Adjust pointers
[21.939s][info][gc,phases      ] GC(25) Phase 3: Adjust pointers 5.147ms
[21.939s][info][gc,phases,start] GC(25) Phase 4: Move objects
[21.939s][info][gc,phases      ] GC(25) Phase 4: Move objects 0.019ms
[21.940s][info][gc,heap        ] GC(25) DefNew: 525172K->0K(629120K)
[21.940s][info][gc,heap        ] GC(25) Tenured: 4451K->4483K(1398144K)
[21.940s][info][gc,metaspace   ] GC(25) Metaspace: 18984K(19968K)->18984K(19968K) NonClass: 16814K(17408K)->16814K(17408K) Class: 2169K(2560K)->2169K(2560K)
[21.940s][info][gc             ] GC(25) Pause Full (System.gc()) 517M->4M(1979M) 146.300ms
[21.940s][info][gc,cpu         ] GC(25) User=0.11s Sys=0.00s Real=0.15s
[22.715s][info][gc,start       ] GC(26) Pause Young (Allocation Failure)
[22.717s][info][gc,heap        ] GC(26) DefNew: 559232K->1217K(629120K)
[22.717s][info][gc,heap        ] GC(26) Tenured: 4483K->4483K(1398144K)
[22.717s][info][gc,metaspace   ] GC(26) Metaspace: 18985K(19968K)->18985K(19968K) NonClass: 16815K(17408K)->16815K(17408K) Class: 2169K(2560K)->2169K(2560K)
[22.717s][info][gc             ] GC(26) Pause Young (Allocation Failure) 550M->5M(1979M) 2.191ms
[22.717s][info][gc,cpu         ] GC(26) User=0.00s Sys=0.00s Real=0.00s
[23.499s][info][gc,start       ] GC(27) Pause Young (Allocation Failure)
[23.501s][info][gc,heap        ] GC(27) DefNew: 560449K->1267K(629120K)
[23.501s][info][gc,heap        ] GC(27) Tenured: 4483K->4483K(1398144K)
[23.501s][info][gc,metaspace   ] GC(27) Metaspace: 18985K(19968K)->18985K(19968K) NonClass: 16815K(17408K)->16815K(17408K) Class: 2169K(2560K)->2169K(2560K)
[23.501s][info][gc             ] GC(27) Pause Young (Allocation Failure) 551M->5M(1979M) 1.905ms
[23.501s][info][gc,cpu         ] GC(27) User=0.00s Sys=0.00s Real=0.00s
[24.238s][info][gc,start       ] GC(28) Pause Full (System.gc())
[24.238s][info][gc,phases,start] GC(28) Phase 1: Mark live objects
[24.245s][info][gc,phases      ] GC(28) Phase 1: Mark live objects 7.054ms
[24.245s][info][gc,phases,start] GC(28) Phase 2: Compute new object addresses
[24.375s][info][gc,phases      ] GC(28) Phase 2: Compute new object addresses 130.403ms
[24.376s][info][gc,phases,start] GC(28) Phase 3: Adjust pointers
[24.381s][info][gc,phases      ] GC(28) Phase 3: Adjust pointers 5.176ms
[24.381s][info][gc,phases,start] GC(28) Phase 4: Move objects
[24.381s][info][gc,phases      ] GC(28) Phase 4: Move objects 0.031ms
[24.381s][info][gc,heap        ] GC(28) DefNew: 522529K->0K(629120K)
[24.381s][info][gc,heap        ] GC(28) Tenured: 4483K->4516K(1398144K)
[24.381s][info][gc,metaspace   ] GC(28) Metaspace: 18985K(19968K)->18985K(19968K) NonClass: 16815K(17408K)->16815K(17408K) Class: 2169K(2560K)->2169K(2560K)
[24.381s][info][gc             ] GC(28) Pause Full (System.gc()) 514M->4M(1979M) 143.128ms
[24.381s][info][gc,cpu         ] GC(28) User=0.09s Sys=0.00s Real=0.15s
[25.142s][info][gc,start       ] GC(29) Pause Young (Allocation Failure)
[25.144s][info][gc,heap        ] GC(29) DefNew: 559232K->1228K(629120K)
[25.144s][info][gc,heap        ] GC(29) Tenured: 4516K->4516K(1398144K)
[25.144s][info][gc,metaspace   ] GC(29) Metaspace: 18985K(19968K)->18985K(19968K) NonClass: 16815K(17408K)->16815K(17408K) Class: 2169K(2560K)->2169K(2560K)
[25.144s][info][gc             ] GC(29) Pause Young (Allocation Failure) 550M->5M(1979M) 2.239ms
[25.144s][info][gc,cpu         ] GC(29) User=0.00s Sys=0.00s Real=0.00s
[25.923s][info][gc,start       ] GC(30) Pause Young (Allocation Failure)
[25.925s][info][gc,heap        ] GC(30) DefNew: 560460K->1220K(629120K)
[25.925s][info][gc,heap        ] GC(30) Tenured: 4516K->4516K(1398144K)
[25.925s][info][gc,metaspace   ] GC(30) Metaspace: 18985K(19968K)->18985K(19968K) NonClass: 16815K(17408K)->16815K(17408K) Class: 2169K(2560K)->2169K(2560K)
[25.925s][info][gc             ] GC(30) Pause Young (Allocation Failure) 551M->5M(1979M) 2.018ms
[25.925s][info][gc,cpu         ] GC(30) User=0.00s Sys=0.00s Real=0.00s
[26.651s][info][gc,start       ] GC(31) Pause Full (System.gc())
[26.651s][info][gc,phases,start] GC(31) Phase 1: Mark live objects
[26.658s][info][gc,phases      ] GC(31) Phase 1: Mark live objects 7.072ms
[26.658s][info][gc,phases,start] GC(31) Phase 2: Compute new object addresses
[26.792s][info][gc,phases      ] GC(31) Phase 2: Compute new object addresses 134.067ms
[26.792s][info][gc,phases,start] GC(31) Phase 3: Adjust pointers
[26.798s][info][gc,phases      ] GC(31) Phase 3: Adjust pointers 5.401ms
[26.798s][info][gc,phases,start] GC(31) Phase 4: Move objects
[26.798s][info][gc,phases      ] GC(31) Phase 4: Move objects 0.016ms
[26.798s][info][gc,heap        ] GC(31) DefNew: 516977K->0K(629120K)
[26.798s][info][gc,heap        ] GC(31) Tenured: 4516K->4516K(1398144K)
[26.798s][info][gc,metaspace   ] GC(31) Metaspace: 18985K(19968K)->18985K(19968K) NonClass: 16815K(17408K)->16815K(17408K) Class: 2169K(2560K)->2169K(2560K)
[26.798s][info][gc             ] GC(31) Pause Full (System.gc()) 509M->4M(1979M) 147.051ms
[26.798s][info][gc,cpu         ] GC(31) User=0.09s Sys=0.00s Real=0.15s
[27.561s][info][gc,start       ] GC(32) Pause Young (Allocation Failure)
[27.563s][info][gc,heap        ] GC(32) DefNew: 559232K->1279K(629120K)
[27.563s][info][gc,heap        ] GC(32) Tenured: 4516K->4516K(1398144K)
[27.563s][info][gc,metaspace   ] GC(32) Metaspace: 18988K(19968K)->18988K(19968K) NonClass: 16818K(17408K)->16818K(17408K) Class: 2169K(2560K)->2169K(2560K)
[27.563s][info][gc             ] GC(32) Pause Young (Allocation Failure) 550M->5M(1979M) 2.269ms
[27.563s][info][gc,cpu         ] GC(32) User=0.00s Sys=0.00s Real=0.01s
[28.343s][info][gc,start       ] GC(33) Pause Young (Allocation Failure)
[28.345s][info][gc,heap        ] GC(33) DefNew: 560511K->1232K(629120K)
[28.345s][info][gc,heap        ] GC(33) Tenured: 4516K->4516K(1398144K)
[28.345s][info][gc,metaspace   ] GC(33) Metaspace: 18988K(19968K)->18988K(19968K) NonClass: 16818K(17408K)->16818K(17408K) Class: 2169K(2560K)->2169K(2560K)
[28.345s][info][gc             ] GC(33) Pause Young (Allocation Failure) 551M->5M(1979M) 2.175ms
[28.345s][info][gc,cpu         ] GC(33) User=0.00s Sys=0.00s Real=0.00s
[29.080s][info][gc,start       ] GC(34) Pause Full (System.gc())
[29.080s][info][gc,phases,start] GC(34) Phase 1: Mark live objects
[29.087s][info][gc,phases      ] GC(34) Phase 1: Mark live objects 6.828ms
[29.087s][info][gc,phases,start] GC(34) Phase 2: Compute new object addresses
[29.219s][info][gc,phases      ] GC(34) Phase 2: Compute new object addresses 132.201ms
[29.219s][info][gc,phases,start] GC(34) Phase 3: Adjust pointers
[29.224s][info][gc,phases      ] GC(34) Phase 3: Adjust pointers 5.158ms
[29.224s][info][gc,phases,start] GC(34) Phase 4: Move objects
[29.224s][info][gc,phases      ] GC(34) Phase 4: Move objects 0.016ms
[29.224s][info][gc,heap        ] GC(34) DefNew: 523948K->0K(629120K)
[29.224s][info][gc,heap        ] GC(34) Tenured: 4516K->4516K(1398144K)
[29.224s][info][gc,metaspace   ] GC(34) Metaspace: 18989K(19968K)->18989K(19968K) NonClass: 16819K(17408K)->16819K(17408K) Class: 2169K(2560K)->2169K(2560K)
[29.224s][info][gc             ] GC(34) Pause Full (System.gc()) 516M->4M(1979M) 144.654ms
[29.224s][info][gc,cpu         ] GC(34) User=0.14s Sys=0.00s Real=0.15s
[30.005s][info][gc,start       ] GC(35) Pause Young (Allocation Failure)
[30.007s][info][gc,heap        ] GC(35) DefNew: 559232K->1236K(629120K)
[30.007s][info][gc,heap        ] GC(35) Tenured: 4516K->4516K(1398144K)
[30.007s][info][gc,metaspace   ] GC(35) Metaspace: 19006K(19968K)->19006K(19968K) NonClass: 16836K(17408K)->16836K(17408K) Class: 2169K(2560K)->2169K(2560K)
[30.007s][info][gc             ] GC(35) Pause Young (Allocation Failure) 550M->5M(1979M) 2.247ms
[30.008s][info][gc,cpu         ] GC(35) User=0.00s Sys=0.00s Real=0.00s
[30.789s][info][gc,start       ] GC(36) Pause Young (Allocation Failure)
[30.791s][info][gc,heap        ] GC(36) DefNew: 560468K->1300K(629120K)
[30.791s][info][gc,heap        ] GC(36) Tenured: 4516K->4516K(1398144K)
[30.791s][info][gc,metaspace   ] GC(36) Metaspace: 19006K(19968K)->19006K(19968K) NonClass: 16836K(17408K)->16836K(17408K) Class: 2169K(2560K)->2169K(2560K)
[30.791s][info][gc             ] GC(36) Pause Young (Allocation Failure) 551M->5M(1979M) 2.184ms
[30.791s][info][gc,cpu         ] GC(36) User=0.00s Sys=0.00s Real=0.00s
[31.510s][info][gc,start       ] GC(37) Pause Full (System.gc())
[31.510s][info][gc,phases,start] GC(37) Phase 1: Mark live objects
[31.519s][info][gc,phases      ] GC(37) Phase 1: Mark live objects 8.671ms
[31.519s][info][gc,phases,start] GC(37) Phase 2: Compute new object addresses
[31.651s][info][gc,phases      ] GC(37) Phase 2: Compute new object addresses 131.766ms
[31.651s][info][gc,phases,start] GC(37) Phase 3: Adjust pointers
[31.656s][info][gc,phases      ] GC(37) Phase 3: Adjust pointers 5.150ms
[31.656s][info][gc,phases,start] GC(37) Phase 4: Move objects
[31.656s][info][gc,phases      ] GC(37) Phase 4: Move objects 0.015ms
[31.656s][info][gc,heap        ] GC(37) DefNew: 516601K->0K(629120K)
[31.656s][info][gc,heap        ] GC(37) Tenured: 4516K->4516K(1398144K)
[31.656s][info][gc,metaspace   ] GC(37) Metaspace: 19006K(19968K)->19006K(19968K) NonClass: 16836K(17408K)->16836K(17408K) Class: 2169K(2560K)->2169K(2560K)
[31.656s][info][gc             ] GC(37) Pause Full (System.gc()) 508M->4M(1979M) 146.323ms
[31.656s][info][gc,cpu         ] GC(37) User=0.12s Sys=0.00s Real=0.15s
[32.425s][info][gc,start       ] GC(38) Pause Young (Allocation Failure)
[32.427s][info][gc,heap        ] GC(38) DefNew: 559232K->1206K(629120K)
[32.427s][info][gc,heap        ] GC(38) Tenured: 4516K->4516K(1398144K)
[32.427s][info][gc,metaspace   ] GC(38) Metaspace: 19006K(19968K)->19006K(19968K) NonClass: 16836K(17408K)->16836K(17408K) Class: 2169K(2560K)->2169K(2560K)
[32.427s][info][gc             ] GC(38) Pause Young (Allocation Failure) 550M->5M(1979M) 2.227ms
[32.427s][info][gc,cpu         ] GC(38) User=0.00s Sys=0.00s Real=0.00s
[33.204s][info][gc,start       ] GC(39) Pause Young (Allocation Failure)
[33.206s][info][gc,heap        ] GC(39) DefNew: 560438K->1221K(629120K)
[33.206s][info][gc,heap        ] GC(39) Tenured: 4516K->4516K(1398144K)
[33.206s][info][gc,metaspace   ] GC(39) Metaspace: 19006K(19968K)->19006K(19968K) NonClass: 16836K(17408K)->16836K(17408K) Class: 2169K(2560K)->2169K(2560K)
[33.206s][info][gc             ] GC(39) Pause Young (Allocation Failure) 551M->5M(1979M) 2.145ms
[33.206s][info][gc,cpu         ] GC(39) User=0.00s Sys=0.00s Real=0.00s
[33.938s][info][gc,start       ] GC(40) Pause Full (System.gc())
[33.938s][info][gc,phases,start] GC(40) Phase 1: Mark live objects
[33.945s][info][gc,phases      ] GC(40) Phase 1: Mark live objects 7.335ms
[33.945s][info][gc,phases,start] GC(40) Phase 2: Compute new object addresses
[34.080s][info][gc,phases      ] GC(40) Phase 2: Compute new object addresses 134.813ms
[34.080s][info][gc,phases,start] GC(40) Phase 3: Adjust pointers
[34.085s][info][gc,phases      ] GC(40) Phase 3: Adjust pointers 5.100ms
[34.085s][info][gc,phases,start] GC(40) Phase 4: Move objects
[34.085s][info][gc,phases      ] GC(40) Phase 4: Move objects 0.036ms
[34.085s][info][gc,heap        ] GC(40) DefNew: 521245K->0K(629120K)
[34.085s][info][gc,heap        ] GC(40) Tenured: 4516K->4548K(1398144K)
[34.085s][info][gc,metaspace   ] GC(40) Metaspace: 19012K(19968K)->19012K(19968K) NonClass: 16842K(17408K)->16842K(17408K) Class: 2169K(2560K)->2169K(2560K)
[34.086s][info][gc             ] GC(40) Pause Full (System.gc()) 513M->4M(1979M) 147.767ms
[34.086s][info][gc,cpu         ] GC(40) User=0.06s Sys=0.00s Real=0.15s
[34.862s][info][gc,start       ] GC(41) Pause Young (Allocation Failure)
[34.864s][info][gc,heap        ] GC(41) DefNew: 559232K->1178K(629120K)
[34.864s][info][gc,heap        ] GC(41) Tenured: 4548K->4548K(1398144K)
[34.864s][info][gc,metaspace   ] GC(41) Metaspace: 19014K(19968K)->19014K(19968K) NonClass: 16845K(17408K)->16845K(17408K) Class: 2169K(2560K)->2169K(2560K)
[34.864s][info][gc             ] GC(41) Pause Young (Allocation Failure) 550M->5M(1979M) 2.174ms
[34.864s][info][gc,cpu         ] GC(41) User=0.00s Sys=0.00s Real=0.01s
[35.638s][info][gc,start       ] GC(42) Pause Young (Allocation Failure)
[35.640s][info][gc,heap        ] GC(42) DefNew: 560410K->1276K(629120K)
[35.640s][info][gc,heap        ] GC(42) Tenured: 4548K->4548K(1398144K)
[35.640s][info][gc,metaspace   ] GC(42) Metaspace: 19014K(19968K)->19014K(19968K) NonClass: 16845K(17408K)->16845K(17408K) Class: 2169K(2560K)->2169K(2560K)
[35.640s][info][gc             ] GC(42) Pause Young (Allocation Failure) 551M->5M(1979M) 2.093ms
[35.640s][info][gc,cpu         ] GC(42) User=0.00s Sys=0.00s Real=0.00s
[36.378s][info][gc,start       ] GC(43) Pause Full (System.gc())
[36.378s][info][gc,phases,start] GC(43) Phase 1: Mark live objects
[36.386s][info][gc,phases      ] GC(43) Phase 1: Mark live objects 7.506ms
[36.386s][info][gc,phases,start] GC(43) Phase 2: Compute new object addresses
[36.521s][info][gc,phases      ] GC(43) Phase 2: Compute new object addresses 134.870ms
[36.521s][info][gc,phases,start] GC(43) Phase 3: Adjust pointers
[36.526s][info][gc,phases      ] GC(43) Phase 3: Adjust pointers 5.381ms
[36.526s][info][gc,phases,start] GC(43) Phase 4: Move objects
[36.526s][info][gc,phases      ] GC(43) Phase 4: Move objects 0.036ms
[36.526s][info][gc,heap        ] GC(43) DefNew: 530822K->0K(629120K)
[36.526s][info][gc,heap        ] GC(43) Tenured: 4548K->4581K(1398144K)
[36.526s][info][gc,metaspace   ] GC(43) Metaspace: 19014K(19968K)->19014K(19968K) NonClass: 16845K(17408K)->16845K(17408K) Class: 2169K(2560K)->2169K(2560K)
[36.526s][info][gc             ] GC(43) Pause Full (System.gc()) 522M->4M(1979M) 148.331ms
[36.526s][info][gc,cpu         ] GC(43) User=0.11s Sys=0.00s Real=0.15s
[37.281s][info][gc,start       ] GC(44) Pause Young (Allocation Failure)
[37.283s][info][gc,heap        ] GC(44) DefNew: 559232K->1213K(629120K)
[37.284s][info][gc,heap        ] GC(44) Tenured: 4581K->4581K(1398144K)
[37.284s][info][gc,metaspace   ] GC(44) Metaspace: 19014K(19968K)->19014K(19968K) NonClass: 16845K(17408K)->16845K(17408K) Class: 2169K(2560K)->2169K(2560K)
[37.284s][info][gc             ] GC(44) Pause Young (Allocation Failure) 550M->5M(1979M) 2.362ms
[37.284s][info][gc,cpu         ] GC(44) User=0.00s Sys=0.00s Real=0.01s
[38.057s][info][gc,start       ] GC(45) Pause Young (Allocation Failure)
[38.059s][info][gc,heap        ] GC(45) DefNew: 560445K->1155K(629120K)
[38.059s][info][gc,heap        ] GC(45) Tenured: 4581K->4581K(1398144K)
[38.059s][info][gc,metaspace   ] GC(45) Metaspace: 19014K(19968K)->19014K(19968K) NonClass: 16845K(17408K)->16845K(17408K) Class: 2169K(2560K)->2169K(2560K)
[38.059s][info][gc             ] GC(45) Pause Young (Allocation Failure) 551M->5M(1979M) 1.994ms
[38.059s][info][gc,cpu         ] GC(45) User=0.00s Sys=0.00s Real=0.01s
[38.926s][info][gc,start       ] GC(46) Pause Full (System.gc())
[38.926s][info][gc,phases,start] GC(46) Phase 1: Mark live objects
[38.933s][info][gc,phases      ] GC(46) Phase 1: Mark live objects 7.487ms
[38.933s][info][gc,phases,start] GC(46) Phase 2: Compute new object addresses
[39.068s][info][gc,phases      ] GC(46) Phase 2: Compute new object addresses 134.902ms
[39.068s][info][gc,phases,start] GC(46) Phase 3: Adjust pointers
[39.073s][info][gc,phases      ] GC(46) Phase 3: Adjust pointers 5.182ms
[39.073s][info][gc,phases,start] GC(46) Phase 4: Move objects
[39.074s][info][gc,phases      ] GC(46) Phase 4: Move objects 0.017ms
[39.074s][info][gc,heap        ] GC(46) DefNew: 518755K->0K(629120K)
[39.074s][info][gc,heap        ] GC(46) Tenured: 4581K->4581K(1398144K)
[39.074s][info][gc,metaspace   ] GC(46) Metaspace: 19016K(19968K)->19016K(19968K) NonClass: 16847K(17408K)->16847K(17408K) Class: 2169K(2560K)->2169K(2560K)
[39.074s][info][gc             ] GC(46) Pause Full (System.gc()) 511M->4M(1979M) 148.065ms
[39.074s][info][gc,cpu         ] GC(46) User=0.03s Sys=0.00s Real=0.15s
[39.852s][info][gc,start       ] GC(47) Pause Young (Allocation Failure)
[39.855s][info][gc,heap        ] GC(47) DefNew: 559232K->1149K(629120K)
[39.855s][info][gc,heap        ] GC(47) Tenured: 4581K->4581K(1398144K)
[39.855s][info][gc,metaspace   ] GC(47) Metaspace: 19018K(19968K)->19018K(19968K) NonClass: 16848K(17408K)->16848K(17408K) Class: 2169K(2560K)->2169K(2560K)
[39.855s][info][gc             ] GC(47) Pause Young (Allocation Failure) 550M->5M(1979M) 2.163ms
[39.855s][info][gc,cpu         ] GC(47) User=0.00s Sys=0.00s Real=0.01s
[40.640s][info][gc,start       ] GC(48) Pause Young (Allocation Failure)
[40.642s][info][gc,heap        ] GC(48) DefNew: 560381K->1285K(629120K)
[40.642s][info][gc,heap        ] GC(48) Tenured: 4581K->4581K(1398144K)
[40.642s][info][gc,metaspace   ] GC(48) Metaspace: 19018K(19968K)->19018K(19968K) NonClass: 16848K(17408K)->16848K(17408K) Class: 2169K(2560K)->2169K(2560K)
[40.642s][info][gc             ] GC(48) Pause Young (Allocation Failure) 551M->5M(1979M) 2.068ms
[40.642s][info][gc,cpu         ] GC(48) User=0.00s Sys=0.00s Real=0.00s
[41.368s][info][gc,start       ] GC(49) Pause Full (System.gc())
[41.368s][info][gc,phases,start] GC(49) Phase 1: Mark live objects
[41.375s][info][gc,phases      ] GC(49) Phase 1: Mark live objects 7.089ms
[41.375s][info][gc,phases,start] GC(49) Phase 2: Compute new object addresses
[41.507s][info][gc,phases      ] GC(49) Phase 2: Compute new object addresses 132.381ms
[41.508s][info][gc,phases,start] GC(49) Phase 3: Adjust pointers
[41.513s][info][gc,phases      ] GC(49) Phase 3: Adjust pointers 5.209ms
[41.513s][info][gc,phases,start] GC(49) Phase 4: Move objects
[41.513s][info][gc,phases      ] GC(49) Phase 4: Move objects 0.015ms
[41.513s][info][gc,heap        ] GC(49) DefNew: 520055K->0K(629120K)
[41.513s][info][gc,heap        ] GC(49) Tenured: 4581K->4581K(1398144K)
[41.513s][info][gc,metaspace   ] GC(49) Metaspace: 19018K(19968K)->19018K(19968K) NonClass: 16848K(17408K)->16848K(17408K) Class: 2169K(2560K)->2169K(2560K)
[41.513s][info][gc             ] GC(49) Pause Full (System.gc()) 512M->4M(1979M) 145.181ms
[41.513s][info][gc,cpu         ] GC(49) User=0.12s Sys=0.00s Real=0.15s
[42.281s][info][gc,start       ] GC(50) Pause Young (Allocation Failure)
[42.283s][info][gc,heap        ] GC(50) DefNew: 559232K->1169K(629120K)
[42.283s][info][gc,heap        ] GC(50) Tenured: 4581K->4581K(1398144K)
[42.283s][info][gc,metaspace   ] GC(50) Metaspace: 19018K(19968K)->19018K(19968K) NonClass: 16848K(17408K)->16848K(17408K) Class: 2169K(2560K)->2169K(2560K)
[42.283s][info][gc             ] GC(50) Pause Young (Allocation Failure) 550M->5M(1979M) 2.150ms
[42.283s][info][gc,cpu         ] GC(50) User=0.00s Sys=0.00s Real=0.00s
[43.065s][info][gc,start       ] GC(51) Pause Young (Allocation Failure)
[43.067s][info][gc,heap        ] GC(51) DefNew: 560401K->1178K(629120K)
[43.067s][info][gc,heap        ] GC(51) Tenured: 4581K->4581K(1398144K)
[43.067s][info][gc,metaspace   ] GC(51) Metaspace: 19018K(19968K)->19018K(19968K) NonClass: 16848K(17408K)->16848K(17408K) Class: 2169K(2560K)->2169K(2560K)
[43.067s][info][gc             ] GC(51) Pause Young (Allocation Failure) 551M->5M(1979M) 2.075ms
[43.067s][info][gc,cpu         ] GC(51) User=0.00s Sys=0.00s Real=0.00s
[43.792s][info][gc,start       ] GC(52) Pause Full (System.gc())
[43.792s][info][gc,phases,start] GC(52) Phase 1: Mark live objects
[43.800s][info][gc,phases      ] GC(52) Phase 1: Mark live objects 8.084ms
[43.800s][info][gc,phases,start] GC(52) Phase 2: Compute new object addresses
[43.936s][info][gc,phases      ] GC(52) Phase 2: Compute new object addresses 135.621ms
[43.936s][info][gc,phases,start] GC(52) Phase 3: Adjust pointers
[43.941s][info][gc,phases      ] GC(52) Phase 3: Adjust pointers 5.184ms
[43.941s][info][gc,phases,start] GC(52) Phase 4: Move objects
[43.941s][info][gc,phases      ] GC(52) Phase 4: Move objects 0.015ms
[43.941s][info][gc,heap        ] GC(52) DefNew: 521323K->0K(629120K)
[43.941s][info][gc,heap        ] GC(52) Tenured: 4581K->4581K(1398144K)
[43.941s][info][gc,metaspace   ] GC(52) Metaspace: 19018K(19968K)->19018K(19968K) NonClass: 16848K(17408K)->16848K(17408K) Class: 2169K(2560K)->2169K(2560K)
[43.941s][info][gc             ] GC(52) Pause Full (System.gc()) 513M->4M(1979M) 149.391ms
[43.941s][info][gc,cpu         ] GC(52) User=0.08s Sys=0.00s Real=0.15s
[44.723s][info][gc,start       ] GC(53) Pause Young (Allocation Failure)
[44.725s][info][gc,heap        ] GC(53) DefNew: 559232K->1149K(629120K)
[44.725s][info][gc,heap        ] GC(53) Tenured: 4581K->4581K(1398144K)
[44.725s][info][gc,metaspace   ] GC(53) Metaspace: 19018K(19968K)->19018K(19968K) NonClass: 16848K(17408K)->16848K(17408K) Class: 2169K(2560K)->2169K(2560K)
[44.725s][info][gc             ] GC(53) Pause Young (Allocation Failure) 550M->5M(1979M) 1.962ms
[44.725s][info][gc,cpu         ] GC(53) User=0.00s Sys=0.00s Real=0.00s
[45.507s][info][gc,start       ] GC(54) Pause Young (Allocation Failure)
[45.509s][info][gc,heap        ] GC(54) DefNew: 560381K->1205K(629120K)
[45.509s][info][gc,heap        ] GC(54) Tenured: 4581K->4581K(1398144K)
[45.509s][info][gc,metaspace   ] GC(54) Metaspace: 19018K(19968K)->19018K(19968K) NonClass: 16848K(17408K)->16848K(17408K) Class: 2169K(2560K)->2169K(2560K)
[45.509s][info][gc             ] GC(54) Pause Young (Allocation Failure) 551M->5M(1979M) 2.137ms
[45.509s][info][gc,cpu         ] GC(54) User=0.00s Sys=0.00s Real=0.00s
[46.239s][info][gc,start       ] GC(55) Pause Full (System.gc())
[46.239s][info][gc,phases,start] GC(55) Phase 1: Mark live objects
[46.247s][info][gc,phases      ] GC(55) Phase 1: Mark live objects 7.274ms
[46.247s][info][gc,phases,start] GC(55) Phase 2: Compute new object addresses
[46.376s][info][gc,phases      ] GC(55) Phase 2: Compute new object addresses 129.843ms
[46.377s][info][gc,phases,start] GC(55) Phase 3: Adjust pointers
[46.382s][info][gc,phases      ] GC(55) Phase 3: Adjust pointers 5.227ms
[46.382s][info][gc,phases,start] GC(55) Phase 4: Move objects
[46.382s][info][gc,phases      ] GC(55) Phase 4: Move objects 0.023ms
[46.382s][info][gc,heap        ] GC(55) DefNew: 516875K->0K(629120K)
[46.382s][info][gc,heap        ] GC(55) Tenured: 4581K->4581K(1398144K)
[46.382s][info][gc,metaspace   ] GC(55) Metaspace: 19018K(19968K)->19018K(19968K) NonClass: 16848K(17408K)->16848K(17408K) Class: 2169K(2560K)->2169K(2560K)
[46.382s][info][gc             ] GC(55) Pause Full (System.gc()) 509M->4M(1979M) 142.976ms
[46.382s][info][gc,cpu         ] GC(55) User=0.11s Sys=0.00s Real=0.14s
[47.142s][info][gc,start       ] GC(56) Pause Young (Allocation Failure)
[47.145s][info][gc,heap        ] GC(56) DefNew: 559232K->1228K(629120K)
[47.145s][info][gc,heap        ] GC(56) Tenured: 4581K->4581K(1398144K)
[47.145s][info][gc,metaspace   ] GC(56) Metaspace: 19025K(19968K)->19025K(19968K) NonClass: 16855K(17408K)->16855K(17408K) Class: 2169K(2560K)->2169K(2560K)
[47.145s][info][gc             ] GC(56) Pause Young (Allocation Failure) 550M->5M(1979M) 2.230ms
[47.145s][info][gc,cpu         ] GC(56) User=0.00s Sys=0.00s Real=0.00s
[47.916s][info][gc,start       ] GC(57) Pause Young (Allocation Failure)
[47.918s][info][gc,heap        ] GC(57) DefNew: 560460K->1302K(629120K)
[47.918s][info][gc,heap        ] GC(57) Tenured: 4581K->4581K(1398144K)
[47.918s][info][gc,metaspace   ] GC(57) Metaspace: 19025K(19968K)->19025K(19968K) NonClass: 16855K(17408K)->16855K(17408K) Class: 2169K(2560K)->2169K(2560K)
[47.918s][info][gc             ] GC(57) Pause Young (Allocation Failure) 551M->5M(1979M) 2.015ms
[47.918s][info][gc,cpu         ] GC(57) User=0.00s Sys=0.00s Real=0.00s
[48.652s][info][gc,start       ] GC(58) Pause Full (System.gc())
[48.652s][info][gc,phases,start] GC(58) Phase 1: Mark live objects
[48.660s][info][gc,phases      ] GC(58) Phase 1: Mark live objects 7.555ms
[48.660s][info][gc,phases,start] GC(58) Phase 2: Compute new object addresses
[48.796s][info][gc,phases      ] GC(58) Phase 2: Compute new object addresses 135.725ms
[48.796s][info][gc,phases,start] GC(58) Phase 3: Adjust pointers
[48.801s][info][gc,phases      ] GC(58) Phase 3: Adjust pointers 5.156ms
[48.801s][info][gc,phases,start] GC(58) Phase 4: Move objects
[48.801s][info][gc,phases      ] GC(58) Phase 4: Move objects 0.015ms
[48.801s][info][gc,heap        ] GC(58) DefNew: 528027K->0K(629120K)
[48.801s][info][gc,heap        ] GC(58) Tenured: 4581K->4581K(1398144K)
[48.801s][info][gc,metaspace   ] GC(58) Metaspace: 19025K(19968K)->19025K(19968K) NonClass: 16855K(17408K)->16855K(17408K) Class: 2169K(2560K)->2169K(2560K)
[48.801s][info][gc             ] GC(58) Pause Full (System.gc()) 520M->4M(1979M) 148.955ms
[48.801s][info][gc,cpu         ] GC(58) User=0.11s Sys=0.00s Real=0.15s
[49.581s][info][gc,start       ] GC(59) Pause Young (Allocation Failure)
[49.583s][info][gc,heap        ] GC(59) DefNew: 559232K->1281K(629120K)
[49.583s][info][gc,heap        ] GC(59) Tenured: 4581K->4581K(1398144K)
[49.583s][info][gc,metaspace   ] GC(59) Metaspace: 19030K(19968K)->19030K(19968K) NonClass: 16860K(17408K)->16860K(17408K) Class: 2169K(2560K)->2169K(2560K)
[49.583s][info][gc             ] GC(59) Pause Young (Allocation Failure) 550M->5M(1979M) 2.289ms
[49.583s][info][gc,cpu         ] GC(59) User=0.00s Sys=0.00s Real=0.00s
[50.362s][info][gc,start       ] GC(60) Pause Young (Allocation Failure)
[50.364s][info][gc,heap        ] GC(60) DefNew: 560513K->1291K(629120K)
[50.364s][info][gc,heap        ] GC(60) Tenured: 4581K->4581K(1398144K)
[50.364s][info][gc,metaspace   ] GC(60) Metaspace: 19030K(19968K)->19030K(19968K) NonClass: 16860K(17408K)->16860K(17408K) Class: 2169K(2560K)->2169K(2560K)
[50.364s][info][gc             ] GC(60) Pause Young (Allocation Failure) 551M->5M(1979M) 1.955ms
[50.364s][info][gc,cpu         ] GC(60) User=0.00s Sys=0.00s Real=0.00s
[51.094s][info][gc,start       ] GC(61) Pause Full (System.gc())
[51.094s][info][gc,phases,start] GC(61) Phase 1: Mark live objects
[51.101s][info][gc,phases      ] GC(61) Phase 1: Mark live objects 6.842ms
[51.101s][info][gc,phases,start] GC(61) Phase 2: Compute new object addresses
[51.233s][info][gc,phases      ] GC(61) Phase 2: Compute new object addresses 132.004ms
[51.233s][info][gc,phases,start] GC(61) Phase 3: Adjust pointers
[51.238s][info][gc,phases      ] GC(61) Phase 3: Adjust pointers 5.181ms
[51.238s][info][gc,phases,start] GC(61) Phase 4: Move objects
[51.238s][info][gc,phases      ] GC(61) Phase 4: Move objects 0.015ms
[51.238s][info][gc,heap        ] GC(61) DefNew: 518415K->0K(629120K)
[51.238s][info][gc,heap        ] GC(61) Tenured: 4581K->4581K(1398144K)
[51.238s][info][gc,metaspace   ] GC(61) Metaspace: 19032K(19968K)->19032K(19968K) NonClass: 16862K(17408K)->16862K(17408K) Class: 2169K(2560K)->2169K(2560K)
[51.238s][info][gc             ] GC(61) Pause Full (System.gc()) 510M->4M(1979M) 144.494ms
[51.238s][info][gc,cpu         ] GC(61) User=0.14s Sys=0.00s Real=0.15s
[52.021s][info][gc,start       ] GC(62) Pause Young (Allocation Failure)
[52.023s][info][gc,heap        ] GC(62) DefNew: 559232K->1223K(629120K)
[52.023s][info][gc,heap        ] GC(62) Tenured: 4581K->4581K(1398144K)
[52.023s][info][gc,metaspace   ] GC(62) Metaspace: 19032K(19968K)->19032K(19968K) NonClass: 16862K(17408K)->16862K(17408K) Class: 2169K(2560K)->2169K(2560K)
[52.023s][info][gc             ] GC(62) Pause Young (Allocation Failure) 550M->5M(1979M) 2.202ms
[52.023s][info][gc,cpu         ] GC(62) User=0.00s Sys=0.00s Real=0.01s
[52.801s][info][gc,start       ] GC(63) Pause Young (Allocation Failure)
[52.803s][info][gc,heap        ] GC(63) DefNew: 560455K->1220K(629120K)
[52.803s][info][gc,heap        ] GC(63) Tenured: 4581K->4581K(1398144K)
[52.803s][info][gc,metaspace   ] GC(63) Metaspace: 19032K(19968K)->19032K(19968K) NonClass: 16862K(17408K)->16862K(17408K) Class: 2169K(2560K)->2169K(2560K)
[52.803s][info][gc             ] GC(63) Pause Young (Allocation Failure) 551M->5M(1979M) 2.155ms
[52.803s][info][gc,cpu         ] GC(63) User=0.00s Sys=0.00s Real=0.00s
[53.534s][info][gc,start       ] GC(64) Pause Full (System.gc())
[53.534s][info][gc,phases,start] GC(64) Phase 1: Mark live objects
[53.542s][info][gc,phases      ] GC(64) Phase 1: Mark live objects 7.449ms
[53.542s][info][gc,phases,start] GC(64) Phase 2: Compute new object addresses
[53.676s][info][gc,phases      ] GC(64) Phase 2: Compute new object addresses 134.466ms
[53.676s][info][gc,phases,start] GC(64) Phase 3: Adjust pointers
[53.682s][info][gc,phases      ] GC(64) Phase 3: Adjust pointers 5.294ms
[53.682s][info][gc,phases,start] GC(64) Phase 4: Move objects
[53.682s][info][gc,phases      ] GC(64) Phase 4: Move objects 0.016ms
[53.682s][info][gc,heap        ] GC(64) DefNew: 517739K->0K(629120K)
[53.682s][info][gc,heap        ] GC(64) Tenured: 4581K->4582K(1398144K)
[53.682s][info][gc,metaspace   ] GC(64) Metaspace: 19042K(19968K)->19042K(19968K) NonClass: 16872K(17408K)->16872K(17408K) Class: 2169K(2560K)->2169K(2560K)
[53.682s][info][gc             ] GC(64) Pause Full (System.gc()) 510M->4M(1979M) 147.778ms
[53.682s][info][gc,cpu         ] GC(64) User=0.12s Sys=0.00s Real=0.14s
[54.440s][info][gc,start       ] GC(65) Pause Young (Allocation Failure)
[54.442s][info][gc,heap        ] GC(65) DefNew: 559232K->1229K(629120K)
[54.442s][info][gc,heap        ] GC(65) Tenured: 4582K->4582K(1398144K)
[54.442s][info][gc,metaspace   ] GC(65) Metaspace: 19048K(19968K)->19048K(19968K) NonClass: 16878K(17408K)->16878K(17408K) Class: 2169K(2560K)->2169K(2560K)
[54.442s][info][gc             ] GC(65) Pause Young (Allocation Failure) 550M->5M(1979M) 2.212ms
[54.442s][info][gc,cpu         ] GC(65) User=0.00s Sys=0.00s Real=0.00s
[55.225s][info][gc,start       ] GC(66) Pause Young (Allocation Failure)
[55.227s][info][gc,heap        ] GC(66) DefNew: 560461K->1260K(629120K)
[55.227s][info][gc,heap        ] GC(66) Tenured: 4582K->4582K(1398144K)
[55.227s][info][gc,metaspace   ] GC(66) Metaspace: 19048K(19968K)->19048K(19968K) NonClass: 16878K(17408K)->16878K(17408K) Class: 2169K(2560K)->2169K(2560K)
[55.227s][info][gc             ] GC(66) Pause Young (Allocation Failure) 551M->5M(1979M) 2.157ms
[55.227s][info][gc,cpu         ] GC(66) User=0.02s Sys=0.00s Real=0.01s
[55.950s][info][gc,start       ] GC(67) Pause Full (System.gc())
[55.951s][info][gc,phases,start] GC(67) Phase 1: Mark live objects
[55.958s][info][gc,phases      ] GC(67) Phase 1: Mark live objects 7.431ms
[55.958s][info][gc,phases,start] GC(67) Phase 2: Compute new object addresses
[56.094s][info][gc,phases      ] GC(67) Phase 2: Compute new object addresses 135.867ms
[56.094s][info][gc,phases,start] GC(67) Phase 3: Adjust pointers
[56.099s][info][gc,phases      ] GC(67) Phase 3: Adjust pointers 5.223ms
[56.099s][info][gc,phases,start] GC(67) Phase 4: Move objects
[56.099s][info][gc,phases      ] GC(67) Phase 4: Move objects 0.016ms
[56.099s][info][gc,heap        ] GC(67) DefNew: 520907K->0K(629120K)
[56.100s][info][gc,heap        ] GC(67) Tenured: 4582K->4582K(1398144K)
[56.100s][info][gc,metaspace   ] GC(67) Metaspace: 19048K(19968K)->19048K(19968K) NonClass: 16878K(17408K)->16878K(17408K) Class: 2169K(2560K)->2169K(2560K)
[56.100s][info][gc             ] GC(67) Pause Full (System.gc()) 513M->4M(1979M) 149.126ms
[56.100s][info][gc,cpu         ] GC(67) User=0.09s Sys=0.00s Real=0.15s
[56.860s][info][gc,start       ] GC(68) Pause Young (Allocation Failure)
[56.862s][info][gc,heap        ] GC(68) DefNew: 559232K->1223K(629120K)
[56.862s][info][gc,heap        ] GC(68) Tenured: 4582K->4582K(1398144K)
[56.862s][info][gc,metaspace   ] GC(68) Metaspace: 19048K(19968K)->19048K(19968K) NonClass: 16878K(17408K)->16878K(17408K) Class: 2169K(2560K)->2169K(2560K)
[56.862s][info][gc             ] GC(68) Pause Young (Allocation Failure) 550M->5M(1979M) 2.234ms
[56.862s][info][gc,cpu         ] GC(68) User=0.00s Sys=0.00s Real=0.00s
[57.646s][info][gc,start       ] GC(69) Pause Young (Allocation Failure)
[57.648s][info][gc,heap        ] GC(69) DefNew: 560455K->1274K(629120K)
[57.648s][info][gc,heap        ] GC(69) Tenured: 4582K->4582K(1398144K)
[57.648s][info][gc,metaspace   ] GC(69) Metaspace: 19048K(19968K)->19048K(19968K) NonClass: 16878K(17408K)->16878K(17408K) Class: 2169K(2560K)->2169K(2560K)
[57.648s][info][gc             ] GC(69) Pause Young (Allocation Failure) 551M->5M(1979M) 2.353ms
[57.648s][info][gc,cpu         ] GC(69) User=0.00s Sys=0.00s Real=0.00s
[58.382s][info][gc,start       ] GC(70) Pause Full (System.gc())
[58.383s][info][gc,phases,start] GC(70) Phase 1: Mark live objects
[58.390s][info][gc,phases      ] GC(70) Phase 1: Mark live objects 7.041ms
[58.390s][info][gc,phases,start] GC(70) Phase 2: Compute new object addresses
[58.523s][info][gc,phases      ] GC(70) Phase 2: Compute new object addresses 133.014ms
[58.523s][info][gc,phases,start] GC(70) Phase 3: Adjust pointers
[58.528s][info][gc,phases      ] GC(70) Phase 3: Adjust pointers 5.151ms
[58.528s][info][gc,phases,start] GC(70) Phase 4: Move objects
[58.528s][info][gc,phases      ] GC(70) Phase 4: Move objects 0.016ms
[58.528s][info][gc,heap        ] GC(70) DefNew: 517526K->0K(629120K)
[58.528s][info][gc,heap        ] GC(70) Tenured: 4582K->4582K(1398144K)
[58.528s][info][gc,metaspace   ] GC(70) Metaspace: 19052K(19968K)->19052K(19968K) NonClass: 16883K(17408K)->16883K(17408K) Class: 2169K(2560K)->2169K(2560K)
[58.528s][info][gc             ] GC(70) Pause Full (System.gc()) 509M->4M(1979M) 145.820ms
[58.528s][info][gc,cpu         ] GC(70) User=0.08s Sys=0.00s Real=0.15s
[59.307s][info][gc,start       ] GC(71) Pause Young (Allocation Failure)
[59.310s][info][gc,heap        ] GC(71) DefNew: 559232K->1219K(629120K)
[59.310s][info][gc,heap        ] GC(71) Tenured: 4582K->4582K(1398144K)
[59.310s][info][gc,metaspace   ] GC(71) Metaspace: 19052K(19968K)->19052K(19968K) NonClass: 16883K(17408K)->16883K(17408K) Class: 2169K(2560K)->2169K(2560K)
[59.310s][info][gc             ] GC(71) Pause Young (Allocation Failure) 550M->5M(1979M) 2.270ms
[59.310s][info][gc,cpu         ] GC(71) User=0.00s Sys=0.00s Real=0.00s
[60.088s][info][gc,start       ] GC(72) Pause Young (Allocation Failure)
[60.090s][info][gc,heap        ] GC(72) DefNew: 560451K->1234K(629120K)
[60.090s][info][gc,heap        ] GC(72) Tenured: 4582K->4582K(1398144K)
[60.090s][info][gc,metaspace   ] GC(72) Metaspace: 19052K(19968K)->19052K(19968K) NonClass: 16883K(17408K)->16883K(17408K) Class: 2169K(2560K)->2169K(2560K)
[60.090s][info][gc             ] GC(72) Pause Young (Allocation Failure) 551M->5M(1979M) 1.969ms
[60.090s][info][gc,cpu         ] GC(72) User=0.00s Sys=0.00s Real=0.00s
[60.814s][info][gc,start       ] GC(73) Pause Full (System.gc())
[60.814s][info][gc,phases,start] GC(73) Phase 1: Mark live objects
[60.821s][info][gc,phases      ] GC(73) Phase 1: Mark live objects 7.388ms
[60.821s][info][gc,phases,start] GC(73) Phase 2: Compute new object addresses
[60.952s][info][gc,phases      ] GC(73) Phase 2: Compute new object addresses 130.671ms
[60.952s][info][gc,phases,start] GC(73) Phase 3: Adjust pointers
[60.957s][info][gc,phases      ] GC(73) Phase 3: Adjust pointers 5.400ms
[60.958s][info][gc,phases,start] GC(73) Phase 4: Move objects
[60.958s][info][gc,phases      ] GC(73) Phase 4: Move objects 0.015ms
[60.958s][info][gc,heap        ] GC(73) DefNew: 512807K->0K(629120K)
[60.958s][info][gc,heap        ] GC(73) Tenured: 4582K->4582K(1398144K)
[60.958s][info][gc,metaspace   ] GC(73) Metaspace: 19052K(19968K)->19052K(19968K) NonClass: 16883K(17408K)->16883K(17408K) Class: 2169K(2560K)->2169K(2560K)
[60.958s][info][gc             ] GC(73) Pause Full (System.gc()) 505M->4M(1979M) 144.057ms
[60.958s][info][gc,cpu         ] GC(73) User=0.09s Sys=0.02s Real=0.14s
[61.729s][info][gc,start       ] GC(74) Pause Young (Allocation Failure)
[61.732s][info][gc,heap        ] GC(74) DefNew: 559232K->1302K(629120K)
[61.732s][info][gc,heap        ] GC(74) Tenured: 4582K->4582K(1398144K)
[61.732s][info][gc,metaspace   ] GC(74) Metaspace: 19054K(19968K)->19054K(19968K) NonClass: 16884K(17408K)->16884K(17408K) Class: 2169K(2560K)->2169K(2560K)
[61.732s][info][gc             ] GC(74) Pause Young (Allocation Failure) 550M->5M(1979M) 2.320ms
[61.732s][info][gc,cpu         ] GC(74) User=0.00s Sys=0.00s Real=0.00s
[62.515s][info][gc,start       ] GC(75) Pause Young (Allocation Failure)
[62.516s][info][gc,heap        ] GC(75) DefNew: 560534K->1186K(629120K)
[62.516s][info][gc,heap        ] GC(75) Tenured: 4582K->4582K(1398144K)
[62.516s][info][gc,metaspace   ] GC(75) Metaspace: 19054K(19968K)->19054K(19968K) NonClass: 16884K(17408K)->16884K(17408K) Class: 2169K(2560K)->2169K(2560K)
[62.516s][info][gc             ] GC(75) Pause Young (Allocation Failure) 551M->5M(1979M) 1.984ms
[62.517s][info][gc,cpu         ] GC(75) User=0.00s Sys=0.00s Real=0.00s
[63.243s][info][gc,start       ] GC(76) Pause Full (System.gc())
[63.243s][info][gc,phases,start] GC(76) Phase 1: Mark live objects
[63.251s][info][gc,phases      ] GC(76) Phase 1: Mark live objects 7.462ms
[63.251s][info][gc,phases,start] GC(76) Phase 2: Compute new object addresses
[63.384s][info][gc,phases      ] GC(76) Phase 2: Compute new object addresses 133.645ms
[63.385s][info][gc,phases,start] GC(76) Phase 3: Adjust pointers
[63.390s][info][gc,phases      ] GC(76) Phase 3: Adjust pointers 5.173ms
[63.390s][info][gc,phases,start] GC(76) Phase 4: Move objects
[63.390s][info][gc,phases      ] GC(76) Phase 4: Move objects 0.015ms
[63.390s][info][gc,heap        ] GC(76) DefNew: 520903K->0K(629120K)
[63.390s][info][gc,heap        ] GC(76) Tenured: 4582K->4582K(1398144K)
[63.390s][info][gc,metaspace   ] GC(76) Metaspace: 19054K(19968K)->19054K(19968K) NonClass: 16884K(17408K)->16884K(17408K) Class: 2169K(2560K)->2169K(2560K)
[63.390s][info][gc             ] GC(76) Pause Full (System.gc()) 513M->4M(1979M) 146.869ms
[63.390s][info][gc,cpu         ] GC(76) User=0.14s Sys=0.00s Real=0.15s
[64.146s][info][gc,start       ] GC(77) Pause Young (Allocation Failure)
[64.148s][info][gc,heap        ] GC(77) DefNew: 559232K->1231K(629120K)
[64.148s][info][gc,heap        ] GC(77) Tenured: 4582K->4582K(1398144K)
[64.148s][info][gc,metaspace   ] GC(77) Metaspace: 19065K(19968K)->19065K(19968K) NonClass: 16895K(17408K)->16895K(17408K) Class: 2169K(2560K)->2169K(2560K)
[64.148s][info][gc             ] GC(77) Pause Young (Allocation Failure) 550M->5M(1979M) 2.210ms
[64.148s][info][gc,cpu         ] GC(77) User=0.00s Sys=0.00s Real=0.00s
[64.924s][info][gc,start       ] GC(78) Pause Young (Allocation Failure)
[64.926s][info][gc,heap        ] GC(78) DefNew: 560463K->1158K(629120K)
[64.926s][info][gc,heap        ] GC(78) Tenured: 4582K->4582K(1398144K)
[64.926s][info][gc,metaspace   ] GC(78) Metaspace: 19065K(19968K)->19065K(19968K) NonClass: 16895K(17408K)->16895K(17408K) Class: 2169K(2560K)->2169K(2560K)
[64.926s][info][gc             ] GC(78) Pause Young (Allocation Failure) 551M->5M(1979M) 1.930ms
[64.926s][info][gc,cpu         ] GC(78) User=0.00s Sys=0.00s Real=0.00s
[65.659s][info][gc,start       ] GC(79) Pause Full (System.gc())
[65.659s][info][gc,phases,start] GC(79) Phase 1: Mark live objects
[65.667s][info][gc,phases      ] GC(79) Phase 1: Mark live objects 7.780ms
[65.702s][info][gc,phases,start] GC(79) Phase 2: Compute new object addresses
[65.838s][info][gc,phases      ] GC(79) Phase 2: Compute new object addresses 136.069ms
[65.838s][info][gc,phases,start] GC(79) Phase 3: Adjust pointers
[65.843s][info][gc,phases      ] GC(79) Phase 3: Adjust pointers 5.169ms
[65.843s][info][gc,phases,start] GC(79) Phase 4: Move objects
[65.843s][info][gc,phases      ] GC(79) Phase 4: Move objects 0.015ms
[65.843s][info][gc,heap        ] GC(79) DefNew: 520040K->0K(629120K)
[65.843s][info][gc,heap        ] GC(79) Tenured: 4582K->4582K(1398144K)
[65.843s][info][gc,metaspace   ] GC(79) Metaspace: 19068K(19968K)->19068K(19968K) NonClass: 16898K(17408K)->16898K(17408K) Class: 2169K(2560K)->2169K(2560K)
[65.843s][info][gc             ] GC(79) Pause Full (System.gc()) 512M->4M(1979M) 183.945ms
[65.843s][info][gc,cpu         ] GC(79) User=0.09s Sys=0.00s Real=0.18s
[66.618s][info][gc,start       ] GC(80) Pause Young (Allocation Failure)
[66.621s][info][gc,heap        ] GC(80) DefNew: 559232K->1206K(629120K)
[66.621s][info][gc,heap        ] GC(80) Tenured: 4582K->4582K(1398144K)
[66.621s][info][gc,metaspace   ] GC(80) Metaspace: 19071K(19968K)->19071K(19968K) NonClass: 16901K(17408K)->16901K(17408K) Class: 2169K(2560K)->2169K(2560K)
[66.621s][info][gc             ] GC(80) Pause Young (Allocation Failure) 550M->5M(1979M) 2.251ms
[66.621s][info][gc,cpu         ] GC(80) User=0.00s Sys=0.00s Real=0.01s
[67.398s][info][gc,start       ] GC(81) Pause Young (Allocation Failure)
[67.400s][info][gc,heap        ] GC(81) DefNew: 560438K->1231K(629120K)
[67.400s][info][gc,heap        ] GC(81) Tenured: 4582K->4582K(1398144K)
[67.400s][info][gc,metaspace   ] GC(81) Metaspace: 19071K(19968K)->19071K(19968K) NonClass: 16901K(17408K)->16901K(17408K) Class: 2169K(2560K)->2169K(2560K)
[67.400s][info][gc             ] GC(81) Pause Young (Allocation Failure) 551M->5M(1979M) 2.111ms
[67.400s][info][gc,cpu         ] GC(81) User=0.00s Sys=0.00s Real=0.00s
[68.116s][info][gc,start       ] GC(82) Pause Full (System.gc())
[68.116s][info][gc,phases,start] GC(82) Phase 1: Mark live objects
[68.123s][info][gc,phases      ] GC(82) Phase 1: Mark live objects 6.745ms
[68.123s][info][gc,phases,start] GC(82) Phase 2: Compute new object addresses
[68.255s][info][gc,phases      ] GC(82) Phase 2: Compute new object addresses 131.923ms
[68.255s][info][gc,phases,start] GC(82) Phase 3: Adjust pointers
[68.260s][info][gc,phases      ] GC(82) Phase 3: Adjust pointers 5.162ms
[68.260s][info][gc,phases,start] GC(82) Phase 4: Move objects
[68.260s][info][gc,phases      ] GC(82) Phase 4: Move objects 0.015ms
[68.260s][info][gc,heap        ] GC(82) DefNew: 520923K->0K(629120K)
[68.260s][info][gc,heap        ] GC(82) Tenured: 4582K->4582K(1398144K)
[68.260s][info][gc,metaspace   ] GC(82) Metaspace: 19071K(19968K)->19071K(19968K) NonClass: 16901K(17408K)->16901K(17408K) Class: 2169K(2560K)->2169K(2560K)
[68.261s][info][gc             ] GC(82) Pause Full (System.gc()) 513M->4M(1979M) 144.323ms
[68.261s][info][gc,cpu         ] GC(82) User=0.11s Sys=0.00s Real=0.14s
[69.042s][info][gc,start       ] GC(83) Pause Young (Allocation Failure)
[69.044s][info][gc,heap        ] GC(83) DefNew: 559232K->1217K(629120K)
[69.044s][info][gc,heap        ] GC(83) Tenured: 4582K->4582K(1398144K)
[69.044s][info][gc,metaspace   ] GC(83) Metaspace: 19086K(19968K)->19086K(19968K) NonClass: 16916K(17408K)->16916K(17408K) Class: 2169K(2560K)->2169K(2560K)
[69.044s][info][gc             ] GC(83) Pause Young (Allocation Failure) 550M->5M(1979M) 2.352ms
[69.044s][info][gc,cpu         ] GC(83) User=0.00s Sys=0.00s Real=0.00s
[69.826s][info][gc,start       ] GC(84) Pause Young (Allocation Failure)
[69.828s][info][gc,heap        ] GC(84) DefNew: 560449K->1292K(629120K)
[69.828s][info][gc,heap        ] GC(84) Tenured: 4582K->4582K(1398144K)
[69.828s][info][gc,metaspace   ] GC(84) Metaspace: 19086K(19968K)->19086K(19968K) NonClass: 16916K(17408K)->16916K(17408K) Class: 2169K(2560K)->2169K(2560K)
[69.828s][info][gc             ] GC(84) Pause Young (Allocation Failure) 551M->5M(1979M) 2.369ms
[69.828s][info][gc,cpu         ] GC(84) User=0.00s Sys=0.00s Real=0.01s
[70.551s][info][gc,start       ] GC(85) Pause Full (System.gc())
[70.551s][info][gc,phases,start] GC(85) Phase 1: Mark live objects
[70.559s][info][gc,phases      ] GC(85) Phase 1: Mark live objects 7.429ms
[70.559s][info][gc,phases,start] GC(85) Phase 2: Compute new object addresses
[70.695s][info][gc,phases      ] GC(85) Phase 2: Compute new object addresses 135.977ms
[70.695s][info][gc,phases,start] GC(85) Phase 3: Adjust pointers
[70.700s][info][gc,phases      ] GC(85) Phase 3: Adjust pointers 5.169ms
[70.700s][info][gc,phases,start] GC(85) Phase 4: Move objects
[70.700s][info][gc,phases      ] GC(85) Phase 4: Move objects 0.015ms
[70.700s][info][gc,heap        ] GC(85) DefNew: 510126K->0K(629120K)
[70.700s][info][gc,heap        ] GC(85) Tenured: 4582K->4582K(1398144K)
[70.700s][info][gc,metaspace   ] GC(85) Metaspace: 19086K(19968K)->19086K(19968K) NonClass: 16916K(17408K)->16916K(17408K) Class: 2169K(2560K)->2169K(2560K)
[70.700s][info][gc             ] GC(85) Pause Full (System.gc()) 502M->4M(1979M) 149.181ms
[70.700s][info][gc,cpu         ] GC(85) User=0.06s Sys=0.00s Real=0.15s
[71.462s][info][gc,start       ] GC(86) Pause Young (Allocation Failure)
[71.464s][info][gc,heap        ] GC(86) DefNew: 559232K->1138K(629120K)
[71.464s][info][gc,heap        ] GC(86) Tenured: 4582K->4582K(1398144K)
[71.464s][info][gc,metaspace   ] GC(86) Metaspace: 19086K(19968K)->19086K(19968K) NonClass: 16916K(17408K)->16916K(17408K) Class: 2169K(2560K)->2169K(2560K)
[71.464s][info][gc             ] GC(86) Pause Young (Allocation Failure) 550M->5M(1979M) 2.094ms
[71.464s][info][gc,cpu         ] GC(86) User=0.00s Sys=0.00s Real=0.00s
[72.241s][info][gc,start       ] GC(87) Pause Young (Allocation Failure)
[72.243s][info][gc,heap        ] GC(87) DefNew: 560370K->1221K(629120K)
[72.243s][info][gc,heap        ] GC(87) Tenured: 4582K->4582K(1398144K)
[72.243s][info][gc,metaspace   ] GC(87) Metaspace: 19086K(19968K)->19086K(19968K) NonClass: 16916K(17408K)->16916K(17408K) Class: 2169K(2560K)->2169K(2560K)
[72.243s][info][gc             ] GC(87) Pause Young (Allocation Failure) 551M->5M(1979M) 2.124ms
[72.243s][info][gc,cpu         ] GC(87) User=0.00s Sys=0.00s Real=0.00s
[72.968s][info][gc,start       ] GC(88) Pause Full (System.gc())
[72.968s][info][gc,phases,start] GC(88) Phase 1: Mark live objects
[72.976s][info][gc,phases      ] GC(88) Phase 1: Mark live objects 7.498ms
[72.976s][info][gc,phases,start] GC(88) Phase 2: Compute new object addresses
[73.108s][info][gc,phases      ] GC(88) Phase 2: Compute new object addresses 132.900ms
[73.109s][info][gc,phases,start] GC(88) Phase 3: Adjust pointers
[73.114s][info][gc,phases      ] GC(88) Phase 3: Adjust pointers 5.171ms
[73.114s][info][gc,phases,start] GC(88) Phase 4: Move objects
[73.114s][info][gc,phases      ] GC(88) Phase 4: Move objects 0.015ms
[73.114s][info][gc,heap        ] GC(88) DefNew: 519556K->0K(629120K)
[73.114s][info][gc,heap        ] GC(88) Tenured: 4582K->4582K(1398144K)
[73.114s][info][gc,metaspace   ] GC(88) Metaspace: 19086K(19968K)->19086K(19968K) NonClass: 16916K(17408K)->16916K(17408K) Class: 2169K(2560K)->2169K(2560K)
[73.114s][info][gc             ] GC(88) Pause Full (System.gc()) 511M->4M(1979M) 146.127ms
[73.114s][info][gc,cpu         ] GC(88) User=0.11s Sys=0.00s Real=0.15s
[73.856s][info][gc,start       ] GC(89) Pause Young (Allocation Failure)
[73.873s][info][gc,heap        ] GC(89) DefNew: 559232K->1211K(629120K)
[73.873s][info][gc,heap        ] GC(89) Tenured: 4582K->4582K(1398144K)
[73.873s][info][gc,metaspace   ] GC(89) Metaspace: 19086K(19968K)->19086K(19968K) NonClass: 16916K(17408K)->16916K(17408K) Class: 2169K(2560K)->2169K(2560K)
[73.873s][info][gc             ] GC(89) Pause Young (Allocation Failure) 550M->5M(1979M) 16.456ms
[73.873s][info][gc,cpu         ] GC(89) User=0.00s Sys=0.00s Real=0.01s
[74.644s][info][gc,start       ] GC(90) Pause Young (Allocation Failure)
[74.645s][info][gc,heap        ] GC(90) DefNew: 560443K->1237K(629120K)
[74.645s][info][gc,heap        ] GC(90) Tenured: 4582K->4582K(1398144K)
[74.646s][info][gc,metaspace   ] GC(90) Metaspace: 19086K(19968K)->19086K(19968K) NonClass: 16916K(17408K)->16916K(17408K) Class: 2169K(2560K)->2169K(2560K)
[74.646s][info][gc             ] GC(90) Pause Young (Allocation Failure) 551M->5M(1979M) 1.833ms
[74.646s][info][gc,cpu         ] GC(90) User=0.00s Sys=0.00s Real=0.00s
[75.363s][info][gc,start       ] GC(91) Pause Full (System.gc())
[75.363s][info][gc,phases,start] GC(91) Phase 1: Mark live objects
[75.370s][info][gc,phases      ] GC(91) Phase 1: Mark live objects 6.927ms
[75.370s][info][gc,phases,start] GC(91) Phase 2: Compute new object addresses
[75.502s][info][gc,phases      ] GC(91) Phase 2: Compute new object addresses 131.853ms
[75.502s][info][gc,phases,start] GC(91) Phase 3: Adjust pointers
[75.507s][info][gc,phases      ] GC(91) Phase 3: Adjust pointers 5.206ms
[75.507s][info][gc,phases,start] GC(91) Phase 4: Move objects
[75.507s][info][gc,phases      ] GC(91) Phase 4: Move objects 0.015ms
[75.507s][info][gc,heap        ] GC(91) DefNew: 515574K->0K(629120K)
[75.507s][info][gc,heap        ] GC(91) Tenured: 4582K->4582K(1398144K)
[75.507s][info][gc,metaspace   ] GC(91) Metaspace: 19088K(19968K)->19088K(19968K) NonClass: 16918K(17408K)->16918K(17408K) Class: 2169K(2560K)->2169K(2560K)
[75.507s][info][gc             ] GC(91) Pause Full (System.gc()) 507M->4M(1979M) 144.473ms
[75.507s][info][gc,cpu         ] GC(91) User=0.12s Sys=0.00s Real=0.14s
[76.283s][info][gc,start       ] GC(92) Pause Young (Allocation Failure)
[76.285s][info][gc,heap        ] GC(92) DefNew: 559232K->1220K(629120K)
[76.285s][info][gc,heap        ] GC(92) Tenured: 4582K->4582K(1398144K)
[76.286s][info][gc,metaspace   ] GC(92) Metaspace: 19088K(19968K)->19088K(19968K) NonClass: 16918K(17408K)->16918K(17408K) Class: 2169K(2560K)->2169K(2560K)
[76.286s][info][gc             ] GC(92) Pause Young (Allocation Failure) 550M->5M(1979M) 2.198ms
[76.286s][info][gc,cpu         ] GC(92) User=0.00s Sys=0.00s Real=0.00s
[77.057s][info][gc,start       ] GC(93) Pause Young (Allocation Failure)
[77.059s][info][gc,heap        ] GC(93) DefNew: 560452K->1307K(629120K)
[77.059s][info][gc,heap        ] GC(93) Tenured: 4582K->4582K(1398144K)
[77.059s][info][gc,metaspace   ] GC(93) Metaspace: 19088K(19968K)->19088K(19968K) NonClass: 16918K(17408K)->16918K(17408K) Class: 2169K(2560K)->2169K(2560K)
[77.059s][info][gc             ] GC(93) Pause Young (Allocation Failure) 551M->5M(1979M) 2.060ms
[77.059s][info][gc,cpu         ] GC(93) User=0.00s Sys=0.00s Real=0.00s
[77.787s][info][gc,start       ] GC(94) Pause Full (System.gc())
[77.787s][info][gc,phases,start] GC(94) Phase 1: Mark live objects
[77.794s][info][gc,phases      ] GC(94) Phase 1: Mark live objects 6.727ms
[77.794s][info][gc,phases,start] GC(94) Phase 2: Compute new object addresses
[77.930s][info][gc,phases      ] GC(94) Phase 2: Compute new object addresses 136.296ms
[77.930s][info][gc,phases,start] GC(94) Phase 3: Adjust pointers
[77.936s][info][gc,phases      ] GC(94) Phase 3: Adjust pointers 5.950ms
[77.968s][info][gc,phases,start] GC(94) Phase 4: Move objects
[77.968s][info][gc,phases      ] GC(94) Phase 4: Move objects 0.063ms
[77.968s][info][gc,heap        ] GC(94) DefNew: 522201K->0K(629120K)
[77.968s][info][gc,heap        ] GC(94) Tenured: 4582K->4582K(1398144K)
[77.968s][info][gc,metaspace   ] GC(94) Metaspace: 19088K(19968K)->19088K(19968K) NonClass: 16918K(17408K)->16918K(17408K) Class: 2169K(2560K)->2169K(2560K)
[77.968s][info][gc             ] GC(94) Pause Full (System.gc()) 514M->4M(1979M) 181.488ms
[77.968s][info][gc,cpu         ] GC(94) User=0.08s Sys=0.00s Real=0.18s
[78.728s][info][gc,start       ] GC(95) Pause Young (Allocation Failure)
[78.730s][info][gc,heap        ] GC(95) DefNew: 559232K->1186K(629120K)
[78.730s][info][gc,heap        ] GC(95) Tenured: 4582K->4582K(1398144K)
[78.730s][info][gc,metaspace   ] GC(95) Metaspace: 19092K(19968K)->19092K(19968K) NonClass: 16922K(17408K)->16922K(17408K) Class: 2169K(2560K)->2169K(2560K)
[78.730s][info][gc             ] GC(95) Pause Young (Allocation Failure) 550M->5M(1979M) 2.145ms
[78.730s][info][gc,cpu         ] GC(95) User=0.00s Sys=0.00s Real=0.00s
[79.496s][info][gc,start       ] GC(96) Pause Young (Allocation Failure)
[79.498s][info][gc,heap        ] GC(96) DefNew: 560418K->1196K(629120K)
[79.498s][info][gc,heap        ] GC(96) Tenured: 4582K->4582K(1398144K)
[79.498s][info][gc,metaspace   ] GC(96) Metaspace: 19092K(19968K)->19092K(19968K) NonClass: 16922K(17408K)->16922K(17408K) Class: 2169K(2560K)->2169K(2560K)
[79.498s][info][gc             ] GC(96) Pause Young (Allocation Failure) 551M->5M(1979M) 2.099ms
[79.498s][info][gc,cpu         ] GC(96) User=0.00s Sys=0.00s Real=0.00s
[80.230s][info][gc,start       ] GC(97) Pause Full (System.gc())
[80.231s][info][gc,phases,start] GC(97) Phase 1: Mark live objects
[80.238s][info][gc,phases      ] GC(97) Phase 1: Mark live objects 7.099ms
[80.238s][info][gc,phases,start] GC(97) Phase 2: Compute new object addresses
[80.371s][info][gc,phases      ] GC(97) Phase 2: Compute new object addresses 133.569ms
[80.371s][info][gc,phases,start] GC(97) Phase 3: Adjust pointers
[80.377s][info][gc,phases      ] GC(97) Phase 3: Adjust pointers 5.502ms
[80.377s][info][gc,phases,start] GC(97) Phase 4: Move objects
[80.377s][info][gc,phases      ] GC(97) Phase 4: Move objects 0.015ms
[80.377s][info][gc,heap        ] GC(97) DefNew: 524945K->0K(629120K)
[80.377s][info][gc,heap        ] GC(97) Tenured: 4582K->4582K(1398144K)
[80.377s][info][gc,metaspace   ] GC(97) Metaspace: 19092K(19968K)->19092K(19968K) NonClass: 16922K(17408K)->16922K(17408K) Class: 2169K(2560K)->2169K(2560K)
[80.377s][info][gc             ] GC(97) Pause Full (System.gc()) 517M->4M(1979M) 146.687ms
[80.377s][info][gc,cpu         ] GC(97) User=0.12s Sys=0.00s Real=0.15s
[81.136s][info][gc,start       ] GC(98) Pause Young (Allocation Failure)
[81.138s][info][gc,heap        ] GC(98) DefNew: 559232K->1261K(629120K)
[81.138s][info][gc,heap        ] GC(98) Tenured: 4582K->4582K(1398144K)
[81.138s][info][gc,metaspace   ] GC(98) Metaspace: 19092K(19968K)->19092K(19968K) NonClass: 16922K(17408K)->16922K(17408K) Class: 2169K(2560K)->2169K(2560K)
[81.138s][info][gc             ] GC(98) Pause Young (Allocation Failure) 550M->5M(1979M) 2.271ms
[81.138s][info][gc,cpu         ] GC(98) User=0.00s Sys=0.00s Real=0.00s
[81.926s][info][gc,start       ] GC(99) Pause Young (Allocation Failure)
[81.928s][info][gc,heap        ] GC(99) DefNew: 560493K->1191K(629120K)
[81.928s][info][gc,heap        ] GC(99) Tenured: 4582K->4582K(1398144K)
[81.928s][info][gc,metaspace   ] GC(99) Metaspace: 19092K(19968K)->19092K(19968K) NonClass: 16922K(17408K)->16922K(17408K) Class: 2169K(2560K)->2169K(2560K)
[81.928s][info][gc             ] GC(99) Pause Young (Allocation Failure) 551M->5M(1979M) 2.037ms
[81.928s][info][gc,cpu         ] GC(99) User=0.00s Sys=0.00s Real=0.00s
[82.649s][info][gc,start       ] GC(100) Pause Full (System.gc())
[82.649s][info][gc,phases,start] GC(100) Phase 1: Mark live objects
[82.657s][info][gc,phases      ] GC(100) Phase 1: Mark live objects 7.332ms
[82.657s][info][gc,phases,start] GC(100) Phase 2: Compute new object addresses
[82.791s][info][gc,phases      ] GC(100) Phase 2: Compute new object addresses 134.493ms
[82.791s][info][gc,phases,start] GC(100) Phase 3: Adjust pointers
[82.797s][info][gc,phases      ] GC(100) Phase 3: Adjust pointers 5.654ms
[82.797s][info][gc,phases,start] GC(100) Phase 4: Move objects
[82.797s][info][gc,phases      ] GC(100) Phase 4: Move objects 0.017ms
[82.797s][info][gc,heap        ] GC(100) DefNew: 517845K->0K(629120K)
[82.797s][info][gc,heap        ] GC(100) Tenured: 4582K->4582K(1398144K)
[82.797s][info][gc,metaspace   ] GC(100) Metaspace: 19092K(19968K)->19092K(19968K) NonClass: 16922K(17408K)->16922K(17408K) Class: 2169K(2560K)->2169K(2560K)
[82.797s][info][gc             ] GC(100) Pause Full (System.gc()) 510M->4M(1979M) 148.088ms
[82.797s][info][gc,cpu         ] GC(100) User=0.08s Sys=0.00s Real=0.15s
[83.566s][info][gc,start       ] GC(101) Pause Young (Allocation Failure)
[83.569s][info][gc,heap        ] GC(101) DefNew: 559232K->1271K(629120K)
[83.569s][info][gc,heap        ] GC(101) Tenured: 4582K->4582K(1398144K)
[83.569s][info][gc,metaspace   ] GC(101) Metaspace: 19092K(19968K)->19092K(19968K) NonClass: 16922K(17408K)->16922K(17408K) Class: 2169K(2560K)->2169K(2560K)
[83.569s][info][gc             ] GC(101) Pause Young (Allocation Failure) 550M->5M(1979M) 2.278ms
[83.569s][info][gc,cpu         ] GC(101) User=0.00s Sys=0.00s Real=0.00s
[84.347s][info][gc,start       ] GC(102) Pause Young (Allocation Failure)
[84.349s][info][gc,heap        ] GC(102) DefNew: 560503K->1281K(629120K)
[84.349s][info][gc,heap        ] GC(102) Tenured: 4582K->4582K(1398144K)
[84.349s][info][gc,metaspace   ] GC(102) Metaspace: 19092K(19968K)->19092K(19968K) NonClass: 16922K(17408K)->16922K(17408K) Class: 2169K(2560K)->2169K(2560K)
[84.349s][info][gc             ] GC(102) Pause Young (Allocation Failure) 551M->5M(1979M) 2.077ms
[84.349s][info][gc,cpu         ] GC(102) User=0.00s Sys=0.00s Real=0.01s
[85.073s][info][gc,start       ] GC(103) Pause Full (System.gc())
[85.074s][info][gc,phases,start] GC(103) Phase 1: Mark live objects
[85.080s][info][gc,phases      ] GC(103) Phase 1: Mark live objects 6.949ms
[85.081s][info][gc,phases,start] GC(103) Phase 2: Compute new object addresses
[85.211s][info][gc,phases      ] GC(103) Phase 2: Compute new object addresses 130.586ms
[85.211s][info][gc,phases,start] GC(103) Phase 3: Adjust pointers
[85.216s][info][gc,phases      ] GC(103) Phase 3: Adjust pointers 5.244ms
[85.216s][info][gc,phases,start] GC(103) Phase 4: Move objects
[85.216s][info][gc,phases      ] GC(103) Phase 4: Move objects 0.014ms
[85.217s][info][gc,heap        ] GC(103) DefNew: 522574K->0K(629120K)
[85.217s][info][gc,heap        ] GC(103) Tenured: 4582K->4582K(1398144K)
[85.217s][info][gc,metaspace   ] GC(103) Metaspace: 19092K(19968K)->19092K(19968K) NonClass: 16922K(17408K)->16922K(17408K) Class: 2169K(2560K)->2169K(2560K)
[85.217s][info][gc             ] GC(103) Pause Full (System.gc()) 514M->4M(1979M) 143.312ms
[85.217s][info][gc,cpu         ] GC(103) User=0.16s Sys=0.00s Real=0.15s
[85.996s][info][gc,start       ] GC(104) Pause Young (Allocation Failure)
[85.999s][info][gc,heap        ] GC(104) DefNew: 559232K->1226K(629120K)
[85.999s][info][gc,heap        ] GC(104) Tenured: 4582K->4582K(1398144K)
[85.999s][info][gc,metaspace   ] GC(104) Metaspace: 19092K(19968K)->19092K(19968K) NonClass: 16922K(17408K)->16922K(17408K) Class: 2169K(2560K)->2169K(2560K)
[85.999s][info][gc             ] GC(104) Pause Young (Allocation Failure) 550M->5M(1979M) 2.208ms
[85.999s][info][gc,cpu         ] GC(104) User=0.00s Sys=0.00s Real=0.00s
[86.777s][info][gc,start       ] GC(105) Pause Young (Allocation Failure)
[86.779s][info][gc,heap        ] GC(105) DefNew: 560458K->1189K(629120K)
[86.779s][info][gc,heap        ] GC(105) Tenured: 4582K->4582K(1398144K)
[86.779s][info][gc,metaspace   ] GC(105) Metaspace: 19092K(19968K)->19092K(19968K) NonClass: 16922K(17408K)->16922K(17408K) Class: 2169K(2560K)->2169K(2560K)
[86.779s][info][gc             ] GC(105) Pause Young (Allocation Failure) 551M->5M(1979M) 2.118ms
[86.779s][info][gc,cpu         ] GC(105) User=0.00s Sys=0.00s Real=0.00s
[87.495s][info][gc,start       ] GC(106) Pause Full (System.gc())
[87.503s][info][gc,phases,start] GC(106) Phase 1: Mark live objects
[87.510s][info][gc,phases      ] GC(106) Phase 1: Mark live objects 7.167ms
[87.510s][info][gc,phases,start] GC(106) Phase 2: Compute new object addresses
[87.641s][info][gc,phases      ] GC(106) Phase 2: Compute new object addresses 130.497ms
[87.641s][info][gc,phases,start] GC(106) Phase 3: Adjust pointers
[87.646s][info][gc,phases      ] GC(106) Phase 3: Adjust pointers 5.431ms
[87.646s][info][gc,phases,start] GC(106) Phase 4: Move objects
[87.646s][info][gc,phases      ] GC(106) Phase 4: Move objects 0.015ms
[87.646s][info][gc,heap        ] GC(106) DefNew: 513170K->0K(629120K)
[87.646s][info][gc,heap        ] GC(106) Tenured: 4582K->4582K(1398144K)
[87.646s][info][gc,metaspace   ] GC(106) Metaspace: 19093K(19968K)->19093K(19968K) NonClass: 16923K(17408K)->16923K(17408K) Class: 2169K(2560K)->2169K(2560K)
[87.646s][info][gc             ] GC(106) Pause Full (System.gc()) 505M->4M(1979M) 151.480ms
[87.646s][info][gc,cpu         ] GC(106) User=0.11s Sys=0.00s Real=0.14s
[88.388s][info][gc,start       ] GC(107) Pause Young (Allocation Failure)
[88.390s][info][gc,heap        ] GC(107) DefNew: 559232K->1172K(629120K)
[88.390s][info][gc,heap        ] GC(107) Tenured: 4582K->4582K(1398144K)
[88.390s][info][gc,metaspace   ] GC(107) Metaspace: 19094K(19968K)->19094K(19968K) NonClass: 16924K(17408K)->16924K(17408K) Class: 2169K(2560K)->2169K(2560K)
[88.390s][info][gc             ] GC(107) Pause Young (Allocation Failure) 550M->5M(1979M) 2.094ms
[88.390s][info][gc,cpu         ] GC(107) User=0.00s Sys=0.00s Real=0.00s
[89.166s][info][gc,start       ] GC(108) Pause Young (Allocation Failure)
[89.168s][info][gc,heap        ] GC(108) DefNew: 560404K->1191K(629120K)
[89.168s][info][gc,heap        ] GC(108) Tenured: 4582K->4582K(1398144K)
[89.168s][info][gc,metaspace   ] GC(108) Metaspace: 19094K(19968K)->19094K(19968K) NonClass: 16924K(17408K)->16924K(17408K) Class: 2169K(2560K)->2169K(2560K)
[89.168s][info][gc             ] GC(108) Pause Young (Allocation Failure) 551M->5M(1979M) 2.083ms
[89.168s][info][gc,cpu         ] GC(108) User=0.00s Sys=0.00s Real=0.00s
[89.898s][info][gc,start       ] GC(109) Pause Full (System.gc())
[89.898s][info][gc,phases,start] GC(109) Phase 1: Mark live objects
[89.906s][info][gc,phases      ] GC(109) Phase 1: Mark live objects 7.645ms
[89.906s][info][gc,phases,start] GC(109) Phase 2: Compute new object addresses
[90.043s][info][gc,phases      ] GC(109) Phase 2: Compute new object addresses 136.676ms
[90.043s][info][gc,phases,start] GC(109) Phase 3: Adjust pointers
[90.048s][info][gc,phases      ] GC(109) Phase 3: Adjust pointers 5.330ms
[90.048s][info][gc,phases,start] GC(109) Phase 4: Move objects
[90.048s][info][gc,phases      ] GC(109) Phase 4: Move objects 0.015ms
[90.048s][info][gc,heap        ] GC(109) DefNew: 521847K->0K(629120K)
[90.048s][info][gc,heap        ] GC(109) Tenured: 4582K->4582K(1398144K)
[90.048s][info][gc,metaspace   ] GC(109) Metaspace: 19094K(19968K)->19094K(19968K) NonClass: 16924K(17408K)->16924K(17408K) Class: 2169K(2560K)->2169K(2560K)
[90.048s][info][gc             ] GC(109) Pause Full (System.gc()) 514M->4M(1979M) 150.143ms
[90.048s][info][gc,cpu         ] GC(109) User=0.09s Sys=0.00s Real=0.15s
[90.822s][info][gc,start       ] GC(110) Pause Young (Allocation Failure)
[90.824s][info][gc,heap        ] GC(110) DefNew: 559232K->1227K(629120K)
[90.824s][info][gc,heap        ] GC(110) Tenured: 4582K->4582K(1398144K)
[90.824s][info][gc,metaspace   ] GC(110) Metaspace: 19094K(19968K)->19094K(19968K) NonClass: 16925K(17408K)->16925K(17408K) Class: 2169K(2560K)->2169K(2560K)
[90.824s][info][gc             ] GC(110) Pause Young (Allocation Failure) 550M->5M(1979M) 2.241ms
[90.824s][info][gc,cpu         ] GC(110) User=0.00s Sys=0.00s Real=0.00s
[91.607s][info][gc,start       ] GC(111) Pause Young (Allocation Failure)
[91.609s][info][gc,heap        ] GC(111) DefNew: 560459K->1211K(629120K)
[91.609s][info][gc,heap        ] GC(111) Tenured: 4582K->4582K(1398144K)
[91.609s][info][gc,metaspace   ] GC(111) Metaspace: 19094K(19968K)->19094K(19968K) NonClass: 16925K(17408K)->16925K(17408K) Class: 2169K(2560K)->2169K(2560K)
[91.609s][info][gc             ] GC(111) Pause Young (Allocation Failure) 551M->5M(1979M) 1.949ms
[91.609s][info][gc,cpu         ] GC(111) User=0.00s Sys=0.00s Real=0.00s
[92.335s][info][gc,start       ] GC(112) Pause Full (System.gc())
[92.335s][info][gc,phases,start] GC(112) Phase 1: Mark live objects
[92.343s][info][gc,phases      ] GC(112) Phase 1: Mark live objects 7.530ms
[92.343s][info][gc,phases,start] GC(112) Phase 2: Compute new object addresses
[92.475s][info][gc,phases      ] GC(112) Phase 2: Compute new object addresses 132.303ms
[92.475s][info][gc,phases,start] GC(112) Phase 3: Adjust pointers
[92.480s][info][gc,phases      ] GC(112) Phase 3: Adjust pointers 5.256ms
[92.481s][info][gc,phases,start] GC(112) Phase 4: Move objects
[92.481s][info][gc,phases      ] GC(112) Phase 4: Move objects 0.015ms
[92.481s][info][gc,heap        ] GC(112) DefNew: 518107K->0K(629120K)
[92.481s][info][gc,heap        ] GC(112) Tenured: 4582K->4582K(1398144K)
[92.481s][info][gc,metaspace   ] GC(112) Metaspace: 19094K(19968K)->19094K(19968K) NonClass: 16925K(17408K)->16925K(17408K) Class: 2169K(2560K)->2169K(2560K)
[92.481s][info][gc             ] GC(112) Pause Full (System.gc()) 510M->4M(1979M) 145.637ms
[92.481s][info][gc,cpu         ] GC(112) User=0.12s Sys=0.00s Real=0.15s
[93.257s][info][gc,start       ] GC(113) Pause Young (Allocation Failure)
[93.259s][info][gc,heap        ] GC(113) DefNew: 559232K->1232K(629120K)
[93.259s][info][gc,heap        ] GC(113) Tenured: 4582K->4582K(1398144K)
[93.259s][info][gc,metaspace   ] GC(113) Metaspace: 19095K(19968K)->19095K(19968K) NonClass: 16925K(17408K)->16925K(17408K) Class: 2169K(2560K)->2169K(2560K)
[93.259s][info][gc             ] GC(113) Pause Young (Allocation Failure) 550M->5M(1979M) 2.186ms
[93.259s][info][gc,cpu         ] GC(113) User=0.00s Sys=0.00s Real=0.00s
[94.040s][info][gc,start       ] GC(114) Pause Young (Allocation Failure)
[94.042s][info][gc,heap        ] GC(114) DefNew: 560464K->1208K(629120K)
[94.042s][info][gc,heap        ] GC(114) Tenured: 4582K->4582K(1398144K)
[94.042s][info][gc,metaspace   ] GC(114) Metaspace: 19095K(19968K)->19095K(19968K) NonClass: 16925K(17408K)->16925K(17408K) Class: 2169K(2560K)->2169K(2560K)
[94.042s][info][gc             ] GC(114) Pause Young (Allocation Failure) 551M->5M(1979M) 1.916ms
[94.042s][info][gc,cpu         ] GC(114) User=0.00s Sys=0.00s Real=0.00s
[94.760s][info][gc,start       ] GC(115) Pause Full (System.gc())
[94.760s][info][gc,phases,start] GC(115) Phase 1: Mark live objects
[94.768s][info][gc,phases      ] GC(115) Phase 1: Mark live objects 7.595ms
[94.768s][info][gc,phases,start] GC(115) Phase 2: Compute new object addresses
[94.898s][info][gc,phases      ] GC(115) Phase 2: Compute new object addresses 130.489ms
[94.898s][info][gc,phases,start] GC(115) Phase 3: Adjust pointers
[94.903s][info][gc,phases      ] GC(115) Phase 3: Adjust pointers 5.184ms
[94.904s][info][gc,phases,start] GC(115) Phase 4: Move objects
[94.904s][info][gc,phases      ] GC(115) Phase 4: Move objects 0.015ms
[94.904s][info][gc,heap        ] GC(115) DefNew: 514475K->0K(629120K)
[94.904s][info][gc,heap        ] GC(115) Tenured: 4582K->4582K(1398144K)
[94.904s][info][gc,metaspace   ] GC(115) Metaspace: 19095K(19968K)->19095K(19968K) NonClass: 16925K(17408K)->16925K(17408K) Class: 2169K(2560K)->2169K(2560K)
[94.904s][info][gc             ] GC(115) Pause Full (System.gc()) 506M->4M(1979M) 143.739ms
[94.904s][info][gc,cpu         ] GC(115) User=0.11s Sys=0.00s Real=0.14s
[95.677s][info][gc,start       ] GC(116) Pause Young (Allocation Failure)
[95.696s][info][gc,heap        ] GC(116) DefNew: 559232K->1258K(629120K)
[95.697s][info][gc,heap        ] GC(116) Tenured: 4582K->4582K(1398144K)
[95.697s][info][gc,metaspace   ] GC(116) Metaspace: 19095K(19968K)->19095K(19968K) NonClass: 16925K(17408K)->16925K(17408K) Class: 2169K(2560K)->2169K(2560K)
[95.697s][info][gc             ] GC(116) Pause Young (Allocation Failure) 550M->5M(1979M) 19.771ms
[95.697s][info][gc,cpu         ] GC(116) User=0.00s Sys=0.00s Real=0.02s
[96.461s][info][gc,start       ] GC(117) Pause Young (Allocation Failure)
[96.463s][info][gc,heap        ] GC(117) DefNew: 560490K->1202K(629120K)
[96.463s][info][gc,heap        ] GC(117) Tenured: 4582K->4582K(1398144K)
[96.463s][info][gc,metaspace   ] GC(117) Metaspace: 19095K(19968K)->19095K(19968K) NonClass: 16925K(17408K)->16925K(17408K) Class: 2169K(2560K)->2169K(2560K)
[96.463s][info][gc             ] GC(117) Pause Young (Allocation Failure) 551M->5M(1979M) 2.152ms
[96.463s][info][gc,cpu         ] GC(117) User=0.00s Sys=0.00s Real=0.01s
[97.195s][info][gc,start       ] GC(118) Pause Full (System.gc())
[97.195s][info][gc,phases,start] GC(118) Phase 1: Mark live objects
[97.202s][info][gc,phases      ] GC(118) Phase 1: Mark live objects 6.796ms
[97.202s][info][gc,phases,start] GC(118) Phase 2: Compute new object addresses
[97.334s][info][gc,phases      ] GC(118) Phase 2: Compute new object addresses 131.673ms
[97.334s][info][gc,phases,start] GC(118) Phase 3: Adjust pointers
[97.339s][info][gc,phases      ] GC(118) Phase 3: Adjust pointers 5.203ms
[97.339s][info][gc,phases,start] GC(118) Phase 4: Move objects
[97.339s][info][gc,phases      ] GC(118) Phase 4: Move objects 0.015ms
[97.339s][info][gc,heap        ] GC(118) DefNew: 522868K->0K(629120K)
[97.339s][info][gc,heap        ] GC(118) Tenured: 4582K->4582K(1398144K)
[97.339s][info][gc,metaspace   ] GC(118) Metaspace: 19095K(19968K)->19095K(19968K) NonClass: 16925K(17408K)->16925K(17408K) Class: 2169K(2560K)->2169K(2560K)
[97.339s][info][gc             ] GC(118) Pause Full (System.gc()) 515M->4M(1979M) 144.154ms
[97.339s][info][gc,cpu         ] GC(118) User=0.14s Sys=0.00s Real=0.15s
[98.109s][info][gc,start       ] GC(119) Pause Young (Allocation Failure)
[98.111s][info][gc,heap        ] GC(119) DefNew: 559232K->1231K(629120K)
[98.111s][info][gc,heap        ] GC(119) Tenured: 4582K->4582K(1398144K)
[98.111s][info][gc,metaspace   ] GC(119) Metaspace: 19097K(19968K)->19097K(19968K) NonClass: 16927K(17408K)->16927K(17408K) Class: 2169K(2560K)->2169K(2560K)
[98.111s][info][gc             ] GC(119) Pause Young (Allocation Failure) 550M->5M(1979M) 2.239ms
[98.111s][info][gc,cpu         ] GC(119) User=0.00s Sys=0.00s Real=0.00s
[98.894s][info][gc,start       ] GC(120) Pause Young (Allocation Failure)
[98.896s][info][gc,heap        ] GC(120) DefNew: 560463K->1268K(629120K)
[98.896s][info][gc,heap        ] GC(120) Tenured: 4582K->4582K(1398144K)
[98.896s][info][gc,metaspace   ] GC(120) Metaspace: 19097K(19968K)->19097K(19968K) NonClass: 16927K(17408K)->16927K(17408K) Class: 2169K(2560K)->2169K(2560K)
[98.896s][info][gc             ] GC(120) Pause Young (Allocation Failure) 551M->5M(1979M) 2.202ms
[98.896s][info][gc,cpu         ] GC(120) User=0.00s Sys=0.00s Real=0.00s
[99.623s][info][gc,start       ] GC(121) Pause Full (System.gc())
[99.623s][info][gc,phases,start] GC(121) Phase 1: Mark live objects
[99.630s][info][gc,phases      ] GC(121) Phase 1: Mark live objects 7.060ms
[99.630s][info][gc,phases,start] GC(121) Phase 2: Compute new object addresses
[99.765s][info][gc,phases      ] GC(121) Phase 2: Compute new object addresses 134.515ms
[99.778s][info][gc,phases,start] GC(121) Phase 3: Adjust pointers
[99.784s][info][gc,phases      ] GC(121) Phase 3: Adjust pointers 6.332ms
[99.784s][info][gc,phases,start] GC(121) Phase 4: Move objects
[99.784s][info][gc,phases      ] GC(121) Phase 4: Move objects 0.016ms
[99.784s][info][gc,heap        ] GC(121) DefNew: 518205K->0K(629120K)
[99.784s][info][gc,heap        ] GC(121) Tenured: 4582K->4582K(1398144K)
[99.785s][info][gc,metaspace   ] GC(121) Metaspace: 19097K(19968K)->19097K(19968K) NonClass: 16927K(17408K)->16927K(17408K) Class: 2169K(2560K)->2169K(2560K)
[99.785s][info][gc             ] GC(121) Pause Full (System.gc()) 510M->4M(1979M) 161.583ms
[99.785s][info][gc,cpu         ] GC(121) User=0.08s Sys=0.00s Real=0.16s
[100.561s][info][gc,start       ] GC(122) Pause Young (Allocation Failure)
[100.563s][info][gc,heap        ] GC(122) DefNew: 559232K->1231K(629120K)
[100.563s][info][gc,heap        ] GC(122) Tenured: 4582K->4582K(1398144K)
[100.563s][info][gc,metaspace   ] GC(122) Metaspace: 19097K(19968K)->19097K(19968K) NonClass: 16927K(17408K)->16927K(17408K) Class: 2169K(2560K)->2169K(2560K)
[100.563s][info][gc             ] GC(122) Pause Young (Allocation Failure) 550M->5M(1979M) 2.219ms
[100.563s][info][gc,cpu         ] GC(122) User=0.00s Sys=0.00s Real=0.00s
[101.339s][info][gc,start       ] GC(123) Pause Young (Allocation Failure)
[101.341s][info][gc,heap        ] GC(123) DefNew: 560463K->1220K(629120K)
[101.341s][info][gc,heap        ] GC(123) Tenured: 4582K->4582K(1398144K)
[101.341s][info][gc,metaspace   ] GC(123) Metaspace: 19097K(19968K)->19097K(19968K) NonClass: 16927K(17408K)->16927K(17408K) Class: 2169K(2560K)->2169K(2560K)
[101.341s][info][gc             ] GC(123) Pause Young (Allocation Failure) 551M->5M(1979M) 2.131ms
[101.341s][info][gc,cpu         ] GC(123) User=0.00s Sys=0.00s Real=0.00s
[102.058s][info][gc,start       ] GC(124) Pause Full (System.gc())
[102.058s][info][gc,phases,start] GC(124) Phase 1: Mark live objects
[102.065s][info][gc,phases      ] GC(124) Phase 1: Mark live objects 6.828ms
[102.065s][info][gc,phases,start] GC(124) Phase 2: Compute new object addresses
[102.195s][info][gc,phases      ] GC(124) Phase 2: Compute new object addresses 130.079ms
[102.195s][info][gc,phases,start] GC(124) Phase 3: Adjust pointers
[102.201s][info][gc,phases      ] GC(124) Phase 3: Adjust pointers 5.210ms
[102.201s][info][gc,phases,start] GC(124) Phase 4: Move objects
[102.201s][info][gc,phases      ] GC(124) Phase 4: Move objects 0.015ms
[102.201s][info][gc,heap        ] GC(124) DefNew: 513872K->0K(629120K)
[102.201s][info][gc,heap        ] GC(124) Tenured: 4582K->4582K(1398144K)
[102.201s][info][gc,metaspace   ] GC(124) Metaspace: 19097K(19968K)->19097K(19968K) NonClass: 16927K(17408K)->16927K(17408K) Class: 2169K(2560K)->2169K(2560K)
[102.201s][info][gc             ] GC(124) Pause Full (System.gc()) 506M->4M(1979M) 142.579ms
[102.201s][info][gc,cpu         ] GC(124) User=0.12s Sys=0.00s Real=0.14s
[102.972s][info][gc,start       ] GC(125) Pause Young (Allocation Failure)
[102.974s][info][gc,heap        ] GC(125) DefNew: 559232K->1287K(629120K)
[102.974s][info][gc,heap        ] GC(125) Tenured: 4582K->4582K(1398144K)
[102.974s][info][gc,metaspace   ] GC(125) Metaspace: 19105K(19968K)->19105K(19968K) NonClass: 16935K(17408K)->16935K(17408K) Class: 2169K(2560K)->2169K(2560K)
[102.974s][info][gc             ] GC(125) Pause Young (Allocation Failure) 550M->5M(1979M) 2.318ms
[102.974s][info][gc,cpu         ] GC(125) User=0.00s Sys=0.00s Real=0.00s
[103.756s][info][gc,start       ] GC(126) Pause Young (Allocation Failure)
[103.757s][info][gc,heap        ] GC(126) DefNew: 560519K->1256K(629120K)
[103.758s][info][gc,heap        ] GC(126) Tenured: 4582K->4582K(1398144K)
[103.758s][info][gc,metaspace   ] GC(126) Metaspace: 19105K(19968K)->19105K(19968K) NonClass: 16935K(17408K)->16935K(17408K) Class: 2169K(2560K)->2169K(2560K)
[103.758s][info][gc             ] GC(126) Pause Young (Allocation Failure) 551M->5M(1979M) 2.028ms
[103.758s][info][gc,cpu         ] GC(126) User=0.00s Sys=0.00s Real=0.00s
[104.494s][info][gc,start       ] GC(127) Pause Full (System.gc())
[104.494s][info][gc,phases,start] GC(127) Phase 1: Mark live objects
[104.502s][info][gc,phases      ] GC(127) Phase 1: Mark live objects 7.737ms
[104.502s][info][gc,phases,start] GC(127) Phase 2: Compute new object addresses
[104.634s][info][gc,phases      ] GC(127) Phase 2: Compute new object addresses 132.634ms
[104.634s][info][gc,phases,start] GC(127) Phase 3: Adjust pointers
[104.640s][info][gc,phases      ] GC(127) Phase 3: Adjust pointers 5.224ms
[104.640s][info][gc,phases,start] GC(127) Phase 4: Move objects
[104.640s][info][gc,phases      ] GC(127) Phase 4: Move objects 0.015ms
[104.640s][info][gc,heap        ] GC(127) DefNew: 520241K->0K(629120K)
[104.640s][info][gc,heap        ] GC(127) Tenured: 4582K->4582K(1398144K)
[104.640s][info][gc,metaspace   ] GC(127) Metaspace: 19105K(19968K)->19105K(19968K) NonClass: 16935K(17408K)->16935K(17408K) Class: 2169K(2560K)->2169K(2560K)
[104.640s][info][gc             ] GC(127) Pause Full (System.gc()) 512M->4M(1979M) 146.094ms
[104.640s][info][gc,cpu         ] GC(127) User=0.11s Sys=0.00s Real=0.15s
[105.422s][info][gc,start       ] GC(128) Pause Young (Allocation Failure)
[105.424s][info][gc,heap        ] GC(128) DefNew: 559232K->1209K(629120K)
[105.424s][info][gc,heap        ] GC(128) Tenured: 4582K->4582K(1398144K)
[105.424s][info][gc,metaspace   ] GC(128) Metaspace: 19112K(19968K)->19112K(19968K) NonClass: 16942K(17408K)->16942K(17408K) Class: 2169K(2560K)->2169K(2560K)
[105.424s][info][gc             ] GC(128) Pause Young (Allocation Failure) 550M->5M(1979M) 2.240ms
[105.424s][info][gc,cpu         ] GC(128) User=0.00s Sys=0.00s Real=0.00s
[106.205s][info][gc,start       ] GC(129) Pause Young (Allocation Failure)
[106.206s][info][gc,heap        ] GC(129) DefNew: 560441K->1120K(629120K)
[106.207s][info][gc,heap        ] GC(129) Tenured: 4582K->4582K(1398144K)
[106.207s][info][gc,metaspace   ] GC(129) Metaspace: 19112K(19968K)->19112K(19968K) NonClass: 16942K(17408K)->16942K(17408K) Class: 2169K(2560K)->2169K(2560K)
[106.207s][info][gc             ] GC(129) Pause Young (Allocation Failure) 551M->5M(1979M) 1.901ms
[106.207s][info][gc,cpu         ] GC(129) User=0.00s Sys=0.00s Real=0.00s
[106.937s][info][gc,start       ] GC(130) Pause Full (System.gc())
[106.938s][info][gc,phases,start] GC(130) Phase 1: Mark live objects
[106.945s][info][gc,phases      ] GC(130) Phase 1: Mark live objects 7.466ms
[106.945s][info][gc,phases,start] GC(130) Phase 2: Compute new object addresses
[107.078s][info][gc,phases      ] GC(130) Phase 2: Compute new object addresses 133.024ms
[107.078s][info][gc,phases,start] GC(130) Phase 3: Adjust pointers
[107.084s][info][gc,phases      ] GC(130) Phase 3: Adjust pointers 5.345ms
[107.084s][info][gc,phases,start] GC(130) Phase 4: Move objects
[107.084s][info][gc,phases      ] GC(130) Phase 4: Move objects 0.015ms
[107.084s][info][gc,heap        ] GC(130) DefNew: 520682K->0K(629120K)
[107.084s][info][gc,heap        ] GC(130) Tenured: 4582K->4582K(1398144K)
[107.084s][info][gc,metaspace   ] GC(130) Metaspace: 19114K(19968K)->19114K(19968K) NonClass: 16944K(17408K)->16944K(17408K) Class: 2169K(2560K)->2169K(2560K)
[107.084s][info][gc             ] GC(130) Pause Full (System.gc()) 512M->4M(1979M) 146.469ms
[107.084s][info][gc,cpu         ] GC(130) User=0.09s Sys=0.00s Real=0.14s
[107.853s][info][gc,start       ] GC(131) Pause Young (Allocation Failure)
[107.855s][info][gc,heap        ] GC(131) DefNew: 559232K->1133K(629120K)
[107.855s][info][gc,heap        ] GC(131) Tenured: 4582K->4582K(1398144K)
[107.855s][info][gc,metaspace   ] GC(131) Metaspace: 19114K(19968K)->19114K(19968K) NonClass: 16944K(17408K)->16944K(17408K) Class: 2169K(2560K)->2169K(2560K)
[107.855s][info][gc             ] GC(131) Pause Young (Allocation Failure) 550M->5M(1979M) 2.069ms
[107.855s][info][gc,cpu         ] GC(131) User=0.00s Sys=0.00s Real=0.00s
[108.635s][info][gc,start       ] GC(132) Pause Young (Allocation Failure)
[108.637s][info][gc,heap        ] GC(132) DefNew: 560365K->1204K(629120K)
[108.637s][info][gc,heap        ] GC(132) Tenured: 4582K->4582K(1398144K)
[108.637s][info][gc,metaspace   ] GC(132) Metaspace: 19114K(19968K)->19114K(19968K) NonClass: 16944K(17408K)->16944K(17408K) Class: 2169K(2560K)->2169K(2560K)
[108.637s][info][gc             ] GC(132) Pause Young (Allocation Failure) 551M->5M(1979M) 2.008ms
[108.637s][info][gc,cpu         ] GC(132) User=0.00s Sys=0.00s Real=0.00s
[109.354s][info][gc,start       ] GC(133) Pause Full (System.gc())
[109.354s][info][gc,phases,start] GC(133) Phase 1: Mark live objects
[109.362s][info][gc,phases      ] GC(133) Phase 1: Mark live objects 7.449ms
[109.362s][info][gc,phases,start] GC(133) Phase 2: Compute new object addresses
[109.490s][info][gc,phases      ] GC(133) Phase 2: Compute new object addresses 128.523ms
[109.490s][info][gc,phases,start] GC(133) Phase 3: Adjust pointers
[109.495s][info][gc,phases      ] GC(133) Phase 3: Adjust pointers 5.229ms
[109.496s][info][gc,phases,start] GC(133) Phase 4: Move objects
[109.496s][info][gc,phases      ] GC(133) Phase 4: Move objects 0.015ms
[109.496s][info][gc,heap        ] GC(133) DefNew: 513569K->0K(629120K)
[109.496s][info][gc,heap        ] GC(133) Tenured: 4582K->4582K(1398144K)
[109.496s][info][gc,metaspace   ] GC(133) Metaspace: 19114K(19968K)->19114K(19968K) NonClass: 16944K(17408K)->16944K(17408K) Class: 2169K(2560K)->2169K(2560K)
[109.496s][info][gc             ] GC(133) Pause Full (System.gc()) 506M->4M(1979M) 141.680ms
[109.496s][info][gc,cpu         ] GC(133) User=0.12s Sys=0.00s Real=0.15s
[110.274s][info][gc,start       ] GC(134) Pause Young (Allocation Failure)
[110.276s][info][gc,heap        ] GC(134) DefNew: 559232K->1219K(629120K)
[110.276s][info][gc,heap        ] GC(134) Tenured: 4582K->4582K(1398144K)
[110.276s][info][gc,metaspace   ] GC(134) Metaspace: 19114K(19968K)->19114K(19968K) NonClass: 16944K(17408K)->16944K(17408K) Class: 2169K(2560K)->2169K(2560K)
[110.276s][info][gc             ] GC(134) Pause Young (Allocation Failure) 550M->5M(1979M) 2.205ms
[110.276s][info][gc,cpu         ] GC(134) User=0.00s Sys=0.00s Real=0.00s
[111.052s][info][gc,start       ] GC(135) Pause Young (Allocation Failure)
[111.054s][info][gc,heap        ] GC(135) DefNew: 560451K->1348K(629120K)
[111.054s][info][gc,heap        ] GC(135) Tenured: 4582K->4582K(1398144K)
[111.054s][info][gc,metaspace   ] GC(135) Metaspace: 19114K(19968K)->19114K(19968K) NonClass: 16944K(17408K)->16944K(17408K) Class: 2169K(2560K)->2169K(2560K)
[111.054s][info][gc             ] GC(135) Pause Young (Allocation Failure) 551M->5M(1979M) 2.142ms
[111.054s][info][gc,cpu         ] GC(135) User=0.00s Sys=0.00s Real=0.01s
[111.773s][info][gc,start       ] GC(136) Pause Full (System.gc())
[111.774s][info][gc,phases,start] GC(136) Phase 1: Mark live objects
[111.781s][info][gc,phases      ] GC(136) Phase 1: Mark live objects 7.496ms
[111.781s][info][gc,phases,start] GC(136) Phase 2: Compute new object addresses
[111.917s][info][gc,phases      ] GC(136) Phase 2: Compute new object addresses 136.030ms
[111.917s][info][gc,phases,start] GC(136) Phase 3: Adjust pointers
[111.924s][info][gc,phases      ] GC(136) Phase 3: Adjust pointers 6.476ms
[111.924s][info][gc,phases,start] GC(136) Phase 4: Move objects
[111.924s][info][gc,phases      ] GC(136) Phase 4: Move objects 0.016ms
[111.924s][info][gc,heap        ] GC(136) DefNew: 515524K->0K(629120K)
[111.924s][info][gc,heap        ] GC(136) Tenured: 4582K->4582K(1398144K)
[111.924s][info][gc,metaspace   ] GC(136) Metaspace: 19114K(19968K)->19114K(19968K) NonClass: 16944K(17408K)->16944K(17408K) Class: 2169K(2560K)->2169K(2560K)
[111.924s][info][gc             ] GC(136) Pause Full (System.gc()) 507M->4M(1979M) 150.657ms
[111.924s][info][gc,cpu         ] GC(136) User=0.08s Sys=0.00s Real=0.15s
[112.675s][info][gc,start       ] GC(137) Pause Young (Allocation Failure)
[112.677s][info][gc,heap        ] GC(137) DefNew: 559232K->1228K(629120K)
[112.677s][info][gc,heap        ] GC(137) Tenured: 4582K->4582K(1398144K)
[112.677s][info][gc,metaspace   ] GC(137) Metaspace: 19114K(19968K)->19114K(19968K) NonClass: 16944K(17408K)->16944K(17408K) Class: 2169K(2560K)->2169K(2560K)
[112.677s][info][gc             ] GC(137) Pause Young (Allocation Failure) 550M->5M(1979M) 2.244ms
[112.678s][info][gc,cpu         ] GC(137) User=0.00s Sys=0.00s Real=0.00s
[113.451s][info][gc,start       ] GC(138) Pause Young (Allocation Failure)
[113.453s][info][gc,heap        ] GC(138) DefNew: 560460K->1237K(629120K)
[113.453s][info][gc,heap        ] GC(138) Tenured: 4582K->4582K(1398144K)
[113.453s][info][gc,metaspace   ] GC(138) Metaspace: 19114K(19968K)->19114K(19968K) NonClass: 16944K(17408K)->16944K(17408K) Class: 2169K(2560K)->2169K(2560K)
[113.453s][info][gc             ] GC(138) Pause Young (Allocation Failure) 551M->5M(1979M) 2.074ms
[113.453s][info][gc,cpu         ] GC(138) User=0.00s Sys=0.00s Real=0.01s
[114.163s][info][gc,start       ] GC(139) Pause Full (System.gc())
[114.163s][info][gc,phases,start] GC(139) Phase 1: Mark live objects
[114.170s][info][gc,phases      ] GC(139) Phase 1: Mark live objects 6.754ms
[114.170s][info][gc,phases,start] GC(139) Phase 2: Compute new object addresses
[114.298s][info][gc,phases      ] GC(139) Phase 2: Compute new object addresses 127.677ms
[114.298s][info][gc,phases,start] GC(139) Phase 3: Adjust pointers
[114.303s][info][gc,phases      ] GC(139) Phase 3: Adjust pointers 5.263ms
[114.303s][info][gc,phases,start] GC(139) Phase 4: Move objects
[114.303s][info][gc,phases      ] GC(139) Phase 4: Move objects 0.014ms
[114.303s][info][gc,heap        ] GC(139) DefNew: 509127K->0K(629120K)
[114.303s][info][gc,heap        ] GC(139) Tenured: 4582K->4582K(1398144K)
[114.303s][info][gc,metaspace   ] GC(139) Metaspace: 19114K(19968K)->19114K(19968K) NonClass: 16944K(17408K)->16944K(17408K) Class: 2169K(2560K)->2169K(2560K)
[114.303s][info][gc             ] GC(139) Pause Full (System.gc()) 501M->4M(1979M) 140.155ms
[114.303s][info][gc,cpu         ] GC(139) User=0.11s Sys=0.00s Real=0.14s
[115.077s][info][gc,start       ] GC(140) Pause Young (Allocation Failure)
[115.079s][info][gc,heap        ] GC(140) DefNew: 559232K->1299K(629120K)
[115.079s][info][gc,heap        ] GC(140) Tenured: 4582K->4582K(1398144K)
[115.079s][info][gc,metaspace   ] GC(140) Metaspace: 19114K(19968K)->19114K(19968K) NonClass: 16944K(17408K)->16944K(17408K) Class: 2169K(2560K)->2169K(2560K)
[115.079s][info][gc             ] GC(140) Pause Young (Allocation Failure) 550M->5M(1979M) 2.301ms
[115.079s][info][gc,cpu         ] GC(140) User=0.00s Sys=0.00s Real=0.00s
[115.862s][info][gc,start       ] GC(141) Pause Young (Allocation Failure)
[115.864s][info][gc,heap        ] GC(141) DefNew: 560531K->1266K(629120K)
[115.864s][info][gc,heap        ] GC(141) Tenured: 4582K->4582K(1398144K)
[115.864s][info][gc,metaspace   ] GC(141) Metaspace: 19114K(19968K)->19114K(19968K) NonClass: 16944K(17408K)->16944K(17408K) Class: 2169K(2560K)->2169K(2560K)
[115.864s][info][gc             ] GC(141) Pause Young (Allocation Failure) 551M->5M(1979M) 2.083ms
[115.864s][info][gc,cpu         ] GC(141) User=0.00s Sys=0.00s Real=0.01s
[116.582s][info][gc,start       ] GC(142) Pause Full (System.gc())
[116.582s][info][gc,phases,start] GC(142) Phase 1: Mark live objects
[116.590s][info][gc,phases      ] GC(142) Phase 1: Mark live objects 7.797ms
[116.590s][info][gc,phases,start] GC(142) Phase 2: Compute new object addresses
[116.721s][info][gc,phases      ] GC(142) Phase 2: Compute new object addresses 131.410ms
[116.721s][info][gc,phases,start] GC(142) Phase 3: Adjust pointers
[116.727s][info][gc,phases      ] GC(142) Phase 3: Adjust pointers 5.437ms
[116.727s][info][gc,phases,start] GC(142) Phase 4: Move objects
[116.727s][info][gc,phases      ] GC(142) Phase 4: Move objects 0.016ms
[116.727s][info][gc,heap        ] GC(142) DefNew: 515054K->0K(629120K)
[116.727s][info][gc,heap        ] GC(142) Tenured: 4582K->4582K(1398144K)
[116.727s][info][gc,metaspace   ] GC(142) Metaspace: 19114K(19968K)->19114K(19968K) NonClass: 16944K(17408K)->16944K(17408K) Class: 2169K(2560K)->2169K(2560K)
[116.727s][info][gc             ] GC(142) Pause Full (System.gc()) 507M->4M(1979M) 145.239ms
[116.727s][info][gc,cpu         ] GC(142) User=0.11s Sys=0.00s Real=0.14s
[117.491s][info][gc,start       ] GC(143) Pause Young (Allocation Failure)
[117.507s][info][gc,heap        ] GC(143) DefNew: 559232K->1266K(629120K)
[117.507s][info][gc,heap        ] GC(143) Tenured: 4582K->4582K(1398144K)
[117.507s][info][gc,metaspace   ] GC(143) Metaspace: 19114K(19968K)->19114K(19968K) NonClass: 16944K(17408K)->16944K(17408K) Class: 2169K(2560K)->2169K(2560K)
[117.507s][info][gc             ] GC(143) Pause Young (Allocation Failure) 550M->5M(1979M) 16.145ms
[117.507s][info][gc,cpu         ] GC(143) User=0.00s Sys=0.00s Real=0.01s
[118.285s][info][gc,start       ] GC(144) Pause Young (Allocation Failure)
[118.287s][info][gc,heap        ] GC(144) DefNew: 560498K->1229K(629120K)
[118.287s][info][gc,heap        ] GC(144) Tenured: 4582K->4582K(1398144K)
[118.287s][info][gc,metaspace   ] GC(144) Metaspace: 19114K(19968K)->19114K(19968K) NonClass: 16944K(17408K)->16944K(17408K) Class: 2169K(2560K)->2169K(2560K)
[118.287s][info][gc             ] GC(144) Pause Young (Allocation Failure) 551M->5M(1979M) 2.102ms
[118.287s][info][gc,cpu         ] GC(144) User=0.00s Sys=0.00s Real=0.00s
[119.006s][info][gc,start       ] GC(145) Pause Full (System.gc())
[119.006s][info][gc,phases,start] GC(145) Phase 1: Mark live objects
[119.014s][info][gc,phases      ] GC(145) Phase 1: Mark live objects 7.696ms
[119.014s][info][gc,phases,start] GC(145) Phase 2: Compute new object addresses
[119.146s][info][gc,phases      ] GC(145) Phase 2: Compute new object addresses 132.263ms
[119.146s][info][gc,phases,start] GC(145) Phase 3: Adjust pointers
[119.151s][info][gc,phases      ] GC(145) Phase 3: Adjust pointers 5.354ms
[119.151s][info][gc,phases,start] GC(145) Phase 4: Move objects
[119.151s][info][gc,phases      ] GC(145) Phase 4: Move objects 0.015ms
[119.152s][info][gc,heap        ] GC(145) DefNew: 521028K->0K(629120K)
[119.152s][info][gc,heap        ] GC(145) Tenured: 4582K->4582K(1398144K)
[119.152s][info][gc,metaspace   ] GC(145) Metaspace: 19114K(19968K)->19114K(19968K) NonClass: 16944K(17408K)->16944K(17408K) Class: 2169K(2560K)->2169K(2560K)
[119.152s][info][gc             ] GC(145) Pause Full (System.gc()) 513M->4M(1979M) 145.815ms
[119.152s][info][gc,cpu         ] GC(145) User=0.03s Sys=0.00s Real=0.15s
[119.913s][info][gc,start       ] GC(146) Pause Young (Allocation Failure)
[119.915s][info][gc,heap        ] GC(146) DefNew: 559232K->1196K(629120K)
[119.915s][info][gc,heap        ] GC(146) Tenured: 4582K->4582K(1398144K)
[119.915s][info][gc,metaspace   ] GC(146) Metaspace: 19114K(19968K)->19114K(19968K) NonClass: 16944K(17408K)->16944K(17408K) Class: 2169K(2560K)->2169K(2560K)
[119.915s][info][gc             ] GC(146) Pause Young (Allocation Failure) 550M->5M(1979M) 2.272ms
[119.915s][info][gc,cpu         ] GC(146) User=0.00s Sys=0.00s Real=0.01s
[120.692s][info][gc,start       ] GC(147) Pause Young (Allocation Failure)
[120.695s][info][gc,heap        ] GC(147) DefNew: 560428K->1277K(629120K)
[120.695s][info][gc,heap        ] GC(147) Tenured: 4582K->4582K(1398144K)
[120.695s][info][gc,metaspace   ] GC(147) Metaspace: 19114K(19968K)->19114K(19968K) NonClass: 16944K(17408K)->16944K(17408K) Class: 2169K(2560K)->2169K(2560K)
[120.695s][info][gc             ] GC(147) Pause Young (Allocation Failure) 551M->5M(1979M) 2.138ms
[120.695s][info][gc,cpu         ] GC(147) User=0.00s Sys=0.00s Real=0.00s
[121.417s][info][gc,start       ] GC(148) Pause Full (System.gc())
[121.417s][info][gc,phases,start] GC(148) Phase 1: Mark live objects
[121.424s][info][gc,phases      ] GC(148) Phase 1: Mark live objects 7.350ms
[121.424s][info][gc,phases,start] GC(148) Phase 2: Compute new object addresses
[121.557s][info][gc,phases      ] GC(148) Phase 2: Compute new object addresses 132.799ms
[121.557s][info][gc,phases,start] GC(148) Phase 3: Adjust pointers
[121.563s][info][gc,phases      ] GC(148) Phase 3: Adjust pointers 5.892ms
[121.595s][info][gc,phases,start] GC(148) Phase 4: Move objects
[121.595s][info][gc,phases      ] GC(148) Phase 4: Move objects 0.118ms
[121.595s][info][gc,heap        ] GC(148) DefNew: 517707K->0K(629120K)
[121.595s][info][gc,heap        ] GC(148) Tenured: 4582K->4582K(1398144K)
[121.595s][info][gc,metaspace   ] GC(148) Metaspace: 19114K(19968K)->19114K(19968K) NonClass: 16944K(17408K)->16944K(17408K) Class: 2169K(2560K)->2169K(2560K)
[121.596s][info][gc             ] GC(148) Pause Full (System.gc()) 510M->4M(1979M) 178.980ms
[121.596s][info][gc,cpu         ] GC(148) User=0.11s Sys=0.00s Real=0.18s
[122.581s][info][gc,start       ] GC(149) Pause Young (Allocation Failure)
[122.584s][info][gc,heap        ] GC(149) DefNew: 559232K->1178K(629120K)
[122.584s][info][gc,heap        ] GC(149) Tenured: 4582K->4582K(1398144K)
[122.584s][info][gc,metaspace   ] GC(149) Metaspace: 19114K(19968K)->19114K(19968K) NonClass: 16944K(17408K)->16944K(17408K) Class: 2169K(2560K)->2169K(2560K)
[122.584s][info][gc             ] GC(149) Pause Young (Allocation Failure) 550M->5M(1979M) 2.145ms
[122.584s][info][gc,cpu         ] GC(149) User=0.00s Sys=0.00s Real=0.01s
[123.362s][info][gc,start       ] GC(150) Pause Young (Allocation Failure)
[123.364s][info][gc,heap        ] GC(150) DefNew: 560410K->1220K(629120K)
[123.364s][info][gc,heap        ] GC(150) Tenured: 4582K->4582K(1398144K)
[123.364s][info][gc,metaspace   ] GC(150) Metaspace: 19114K(19968K)->19114K(19968K) NonClass: 16944K(17408K)->16944K(17408K) Class: 2169K(2560K)->2169K(2560K)
[123.364s][info][gc             ] GC(150) Pause Young (Allocation Failure) 551M->5M(1979M) 2.039ms
[123.364s][info][gc,cpu         ] GC(150) User=0.00s Sys=0.00s Real=0.00s
[124.072s][info][gc,start       ] GC(151) Pause Full (System.gc())
[124.072s][info][gc,phases,start] GC(151) Phase 1: Mark live objects
[124.080s][info][gc,phases      ] GC(151) Phase 1: Mark live objects 7.834ms
[124.080s][info][gc,phases,start] GC(151) Phase 2: Compute new object addresses
[124.215s][info][gc,phases      ] GC(151) Phase 2: Compute new object addresses 134.326ms
[124.215s][info][gc,phases,start] GC(151) Phase 3: Adjust pointers
[124.220s][info][gc,phases      ] GC(151) Phase 3: Adjust pointers 5.261ms
[124.220s][info][gc,phases,start] GC(151) Phase 4: Move objects
[124.220s][info][gc,phases      ] GC(151) Phase 4: Move objects 0.015ms
[124.220s][info][gc,heap        ] GC(151) DefNew: 509916K->0K(629120K)
[124.220s][info][gc,heap        ] GC(151) Tenured: 4582K->4582K(1398144K)
[124.220s][info][gc,metaspace   ] GC(151) Metaspace: 19114K(19968K)->19114K(19968K) NonClass: 16944K(17408K)->16944K(17408K) Class: 2169K(2560K)->2169K(2560K)
[124.220s][info][gc             ] GC(151) Pause Full (System.gc()) 502M->4M(1979M) 147.929ms
[124.220s][info][gc,cpu         ] GC(151) User=0.06s Sys=0.00s Real=0.15s
[124.969s][info][gc,start       ] GC(152) Pause Young (Allocation Failure)
[124.971s][info][gc,heap        ] GC(152) DefNew: 559232K->1277K(629120K)
[124.971s][info][gc,heap        ] GC(152) Tenured: 4582K->4582K(1398144K)
[124.971s][info][gc,metaspace   ] GC(152) Metaspace: 19114K(19968K)->19114K(19968K) NonClass: 16944K(17408K)->16944K(17408K) Class: 2169K(2560K)->2169K(2560K)
[124.971s][info][gc             ] GC(152) Pause Young (Allocation Failure) 550M->5M(1979M) 2.312ms
[124.971s][info][gc,cpu         ] GC(152) User=0.00s Sys=0.00s Real=0.00s
[125.742s][info][gc,start       ] GC(153) Pause Young (Allocation Failure)
[125.744s][info][gc,heap        ] GC(153) DefNew: 560509K->1258K(629120K)
[125.744s][info][gc,heap        ] GC(153) Tenured: 4582K->4582K(1398144K)
[125.744s][info][gc,metaspace   ] GC(153) Metaspace: 19114K(19968K)->19114K(19968K) NonClass: 16944K(17408K)->16944K(17408K) Class: 2169K(2560K)->2169K(2560K)
[125.744s][info][gc             ] GC(153) Pause Young (Allocation Failure) 551M->5M(1979M) 2.002ms
[125.744s][info][gc,cpu         ] GC(153) User=0.00s Sys=0.00s Real=0.00s
[126.476s][info][gc,start       ] GC(154) Pause Full (System.gc())
[126.476s][info][gc,phases,start] GC(154) Phase 1: Mark live objects
[126.483s][info][gc,phases      ] GC(154) Phase 1: Mark live objects 7.102ms
[126.483s][info][gc,phases,start] GC(154) Phase 2: Compute new object addresses
[126.614s][info][gc,phases      ] GC(154) Phase 2: Compute new object addresses 130.113ms
[126.614s][info][gc,phases,start] GC(154) Phase 3: Adjust pointers
[126.619s][info][gc,phases      ] GC(154) Phase 3: Adjust pointers 5.228ms
[126.619s][info][gc,phases,start] GC(154) Phase 4: Move objects
[126.619s][info][gc,phases      ] GC(154) Phase 4: Move objects 0.015ms
[126.619s][info][gc,heap        ] GC(154) DefNew: 523126K->0K(629120K)
[126.619s][info][gc,heap        ] GC(154) Tenured: 4582K->4582K(1398144K)
[126.619s][info][gc,metaspace   ] GC(154) Metaspace: 19115K(19968K)->19115K(19968K) NonClass: 16945K(17408K)->16945K(17408K) Class: 2169K(2560K)->2169K(2560K)
[126.619s][info][gc             ] GC(154) Pause Full (System.gc()) 515M->4M(1979M) 142.902ms
[126.619s][info][gc,cpu         ] GC(154) User=0.14s Sys=0.00s Real=0.14s
[127.407s][info][gc,start       ] GC(155) Pause Young (Allocation Failure)
[127.409s][info][gc,heap        ] GC(155) DefNew: 559232K->1232K(629120K)
[127.409s][info][gc,heap        ] GC(155) Tenured: 4582K->4582K(1398144K)
[127.409s][info][gc,metaspace   ] GC(155) Metaspace: 19115K(19968K)->19115K(19968K) NonClass: 16945K(17408K)->16945K(17408K) Class: 2169K(2560K)->2169K(2560K)
[127.409s][info][gc             ] GC(155) Pause Young (Allocation Failure) 550M->5M(1979M) 2.252ms
[127.409s][info][gc,cpu         ] GC(155) User=0.00s Sys=0.00s Real=0.00s
[128.190s][info][gc,start       ] GC(156) Pause Young (Allocation Failure)
[128.192s][info][gc,heap        ] GC(156) DefNew: 560464K->1239K(629120K)
[128.192s][info][gc,heap        ] GC(156) Tenured: 4582K->4582K(1398144K)
[128.192s][info][gc,metaspace   ] GC(156) Metaspace: 19115K(19968K)->19115K(19968K) NonClass: 16945K(17408K)->16945K(17408K) Class: 2169K(2560K)->2169K(2560K)
[128.192s][info][gc             ] GC(156) Pause Young (Allocation Failure) 551M->5M(1979M) 2.037ms
[128.192s][info][gc,cpu         ] GC(156) User=0.00s Sys=0.00s Real=0.00s
[128.908s][info][gc,start       ] GC(157) Pause Full (System.gc())
[128.908s][info][gc,phases,start] GC(157) Phase 1: Mark live objects
[128.915s][info][gc,phases      ] GC(157) Phase 1: Mark live objects 7.405ms
[128.915s][info][gc,phases,start] GC(157) Phase 2: Compute new object addresses
[129.045s][info][gc,phases      ] GC(157) Phase 2: Compute new object addresses 129.283ms
[129.045s][info][gc,phases,start] GC(157) Phase 3: Adjust pointers
[129.050s][info][gc,phases      ] GC(157) Phase 3: Adjust pointers 5.268ms
[129.050s][info][gc,phases,start] GC(157) Phase 4: Move objects
[129.050s][info][gc,phases      ] GC(157) Phase 4: Move objects 0.015ms
[129.050s][info][gc,heap        ] GC(157) DefNew: 514551K->0K(629120K)
[129.050s][info][gc,heap        ] GC(157) Tenured: 4582K->4582K(1398144K)
[129.050s][info][gc,metaspace   ] GC(157) Metaspace: 19115K(19968K)->19115K(19968K) NonClass: 16945K(17408K)->16945K(17408K) Class: 2169K(2560K)->2169K(2560K)
[129.050s][info][gc             ] GC(157) Pause Full (System.gc()) 506M->4M(1979M) 142.552ms
[129.050s][info][gc,cpu         ] GC(157) User=0.12s Sys=0.00s Real=0.14s
[129.830s][info][gc,start       ] GC(158) Pause Young (Allocation Failure)
[129.832s][info][gc,heap        ] GC(158) DefNew: 559232K->1116K(629120K)
[129.832s][info][gc,heap        ] GC(158) Tenured: 4582K->4582K(1398144K)
[129.832s][info][gc,metaspace   ] GC(158) Metaspace: 19116K(19968K)->19116K(19968K) NonClass: 16946K(17408K)->16946K(17408K) Class: 2169K(2560K)->2169K(2560K)
[129.832s][info][gc             ] GC(158) Pause Young (Allocation Failure) 550M->5M(1979M) 2.069ms
[129.832s][info][gc,cpu         ] GC(158) User=0.00s Sys=0.00s Real=0.01s
[130.612s][info][gc,start       ] GC(159) Pause Young (Allocation Failure)
[130.614s][info][gc,heap        ] GC(159) DefNew: 560348K->1152K(629120K)
[130.614s][info][gc,heap        ] GC(159) Tenured: 4582K->4582K(1398144K)
[130.614s][info][gc,metaspace   ] GC(159) Metaspace: 19116K(19968K)->19116K(19968K) NonClass: 16946K(17408K)->16946K(17408K) Class: 2169K(2560K)->2169K(2560K)
[130.614s][info][gc             ] GC(159) Pause Young (Allocation Failure) 551M->5M(1979M) 1.840ms
[130.614s][info][gc,cpu         ] GC(159) User=0.00s Sys=0.00s Real=0.00s
[131.337s][info][gc,start       ] GC(160) Pause Full (System.gc())
[131.337s][info][gc,phases,start] GC(160) Phase 1: Mark live objects
[131.345s][info][gc,phases      ] GC(160) Phase 1: Mark live objects 7.146ms
[131.345s][info][gc,phases,start] GC(160) Phase 2: Compute new object addresses
[131.478s][info][gc,phases      ] GC(160) Phase 2: Compute new object addresses 133.703ms
[131.478s][info][gc,phases,start] GC(160) Phase 3: Adjust pointers
[131.484s][info][gc,phases      ] GC(160) Phase 3: Adjust pointers 5.286ms
[131.484s][info][gc,phases,start] GC(160) Phase 4: Move objects
[131.484s][info][gc,phases      ] GC(160) Phase 4: Move objects 0.015ms
[131.484s][info][gc,heap        ] GC(160) DefNew: 516298K->0K(629120K)
[131.484s][info][gc,heap        ] GC(160) Tenured: 4582K->4582K(1398144K)
[131.484s][info][gc,metaspace   ] GC(160) Metaspace: 19119K(19968K)->19119K(19968K) NonClass: 16949K(17408K)->16949K(17408K) Class: 2169K(2560K)->2169K(2560K)
[131.484s][info][gc             ] GC(160) Pause Full (System.gc()) 508M->4M(1979M) 146.663ms
[131.484s][info][gc,cpu         ] GC(160) User=0.12s Sys=0.00s Real=0.15s
[132.226s][info][gc,start       ] GC(161) Pause Young (Allocation Failure)
[132.228s][info][gc,heap        ] GC(161) DefNew: 559232K->1264K(629120K)
[132.228s][info][gc,heap        ] GC(161) Tenured: 4582K->4582K(1398144K)
[132.228s][info][gc,metaspace   ] GC(161) Metaspace: 19119K(19968K)->19119K(19968K) NonClass: 16949K(17408K)->16949K(17408K) Class: 2169K(2560K)->2169K(2560K)
[132.228s][info][gc             ] GC(161) Pause Young (Allocation Failure) 550M->5M(1979M) 2.266ms
[132.228s][info][gc,cpu         ] GC(161) User=0.00s Sys=0.00s Real=0.00s
[133.005s][info][gc,start       ] GC(162) Pause Young (Allocation Failure)
[133.007s][info][gc,heap        ] GC(162) DefNew: 560496K->1288K(629120K)
[133.007s][info][gc,heap        ] GC(162) Tenured: 4582K->4582K(1398144K)
[133.007s][info][gc,metaspace   ] GC(162) Metaspace: 19119K(19968K)->19119K(19968K) NonClass: 16949K(17408K)->16949K(17408K) Class: 2169K(2560K)->2169K(2560K)
[133.007s][info][gc             ] GC(162) Pause Young (Allocation Failure) 551M->5M(1979M) 2.118ms
[133.007s][info][gc,cpu         ] GC(162) User=0.00s Sys=0.00s Real=0.00s
[133.740s][info][gc,start       ] GC(163) Pause Full (System.gc())
[133.741s][info][gc,phases,start] GC(163) Phase 1: Mark live objects
[133.748s][info][gc,phases      ] GC(163) Phase 1: Mark live objects 7.654ms
[133.748s][info][gc,phases,start] GC(163) Phase 2: Compute new object addresses
[133.887s][info][gc,phases      ] GC(163) Phase 2: Compute new object addresses 138.926ms
[133.887s][info][gc,phases,start] GC(163) Phase 3: Adjust pointers
[133.892s][info][gc,phases      ] GC(163) Phase 3: Adjust pointers 5.222ms
[133.893s][info][gc,phases,start] GC(163) Phase 4: Move objects
[133.893s][info][gc,phases      ] GC(163) Phase 4: Move objects 0.016ms
[133.893s][info][gc,heap        ] GC(163) DefNew: 522057K->0K(629120K)
[133.893s][info][gc,heap        ] GC(163) Tenured: 4582K->4583K(1398144K)
[133.893s][info][gc,metaspace   ] GC(163) Metaspace: 19119K(19968K)->19119K(19968K) NonClass: 16949K(17408K)->16949K(17408K) Class: 2169K(2560K)->2169K(2560K)
[133.893s][info][gc             ] GC(163) Pause Full (System.gc()) 514M->4M(1979M) 152.309ms
[133.893s][info][gc,cpu         ] GC(163) User=0.09s Sys=0.00s Real=0.15s
[134.669s][info][gc,start       ] GC(164) Pause Young (Allocation Failure)
[134.671s][info][gc,heap        ] GC(164) DefNew: 559232K->1229K(629120K)
[134.671s][info][gc,heap        ] GC(164) Tenured: 4583K->4583K(1398144K)
[134.671s][info][gc,metaspace   ] GC(164) Metaspace: 19119K(19968K)->19119K(19968K) NonClass: 16949K(17408K)->16949K(17408K) Class: 2169K(2560K)->2169K(2560K)
[134.671s][info][gc             ] GC(164) Pause Young (Allocation Failure) 550M->5M(1979M) 2.284ms
[134.671s][info][gc,cpu         ] GC(164) User=0.00s Sys=0.00s Real=0.01s
[135.449s][info][gc,start       ] GC(165) Pause Young (Allocation Failure)
[135.451s][info][gc,heap        ] GC(165) DefNew: 560461K->1198K(629120K)
[135.451s][info][gc,heap        ] GC(165) Tenured: 4583K->4583K(1398144K)
[135.451s][info][gc,metaspace   ] GC(165) Metaspace: 19119K(19968K)->19119K(19968K) NonClass: 16949K(17408K)->16949K(17408K) Class: 2169K(2560K)->2169K(2560K)
[135.451s][info][gc             ] GC(165) Pause Young (Allocation Failure) 551M->5M(1979M) 1.893ms
[135.451s][info][gc,cpu         ] GC(165) User=0.00s Sys=0.00s Real=0.01s
[136.164s][info][gc,start       ] GC(166) Pause Full (System.gc())
[136.164s][info][gc,phases,start] GC(166) Phase 1: Mark live objects
[136.171s][info][gc,phases      ] GC(166) Phase 1: Mark live objects 7.192ms
[136.171s][info][gc,phases,start] GC(166) Phase 2: Compute new object addresses
[136.300s][info][gc,phases      ] GC(166) Phase 2: Compute new object addresses 128.805ms
[136.300s][info][gc,phases,start] GC(166) Phase 3: Adjust pointers
[136.305s][info][gc,phases      ] GC(166) Phase 3: Adjust pointers 5.225ms
[136.305s][info][gc,phases,start] GC(166) Phase 4: Move objects
[136.305s][info][gc,phases      ] GC(166) Phase 4: Move objects 0.015ms
[136.305s][info][gc,heap        ] GC(166) DefNew: 514110K->0K(629120K)
[136.305s][info][gc,heap        ] GC(166) Tenured: 4583K->4582K(1398144K)
[136.305s][info][gc,metaspace   ] GC(166) Metaspace: 19119K(19968K)->19119K(19968K) NonClass: 16949K(17408K)->16949K(17408K) Class: 2169K(2560K)->2169K(2560K)
[136.305s][info][gc             ] GC(166) Pause Full (System.gc()) 506M->4M(1979M) 141.667ms
[136.305s][info][gc,cpu         ] GC(166) User=0.12s Sys=0.00s Real=0.14s
[137.087s][info][gc,start       ] GC(167) Pause Young (Allocation Failure)
[137.089s][info][gc,heap        ] GC(167) DefNew: 559232K->1268K(629120K)
[137.089s][info][gc,heap        ] GC(167) Tenured: 4582K->4582K(1398144K)
[137.089s][info][gc,metaspace   ] GC(167) Metaspace: 19119K(19968K)->19119K(19968K) NonClass: 16949K(17408K)->16949K(17408K) Class: 2169K(2560K)->2169K(2560K)
[137.089s][info][gc             ] GC(167) Pause Young (Allocation Failure) 550M->5M(1979M) 2.266ms
[137.089s][info][gc,cpu         ] GC(167) User=0.00s Sys=0.00s Real=0.00s
[137.868s][info][gc,start       ] GC(168) Pause Young (Allocation Failure)
[137.870s][info][gc,heap        ] GC(168) DefNew: 560500K->1227K(629120K)
[137.870s][info][gc,heap        ] GC(168) Tenured: 4582K->4582K(1398144K)
[137.870s][info][gc,metaspace   ] GC(168) Metaspace: 19119K(19968K)->19119K(19968K) NonClass: 16949K(17408K)->16949K(17408K) Class: 2169K(2560K)->2169K(2560K)
[137.870s][info][gc             ] GC(168) Pause Young (Allocation Failure) 551M->5M(1979M) 2.065ms
[137.870s][info][gc,cpu         ] GC(168) User=0.00s Sys=0.00s Real=0.00s
[138.603s][info][gc,start       ] GC(169) Pause Full (System.gc())
[138.603s][info][gc,phases,start] GC(169) Phase 1: Mark live objects
[138.610s][info][gc,phases      ] GC(169) Phase 1: Mark live objects 7.127ms
[138.610s][info][gc,phases,start] GC(169) Phase 2: Compute new object addresses
[138.743s][info][gc,phases      ] GC(169) Phase 2: Compute new object addresses 132.758ms
[138.743s][info][gc,phases,start] GC(169) Phase 3: Adjust pointers
[138.749s][info][gc,phases      ] GC(169) Phase 3: Adjust pointers 5.607ms
[138.749s][info][gc,phases,start] GC(169) Phase 4: Move objects
[138.749s][info][gc,phases      ] GC(169) Phase 4: Move objects 0.017ms
[138.749s][info][gc,heap        ] GC(169) DefNew: 524210K->0K(629120K)
[138.749s][info][gc,heap        ] GC(169) Tenured: 4582K->4583K(1398144K)
[138.749s][info][gc,metaspace   ] GC(169) Metaspace: 19119K(19968K)->19119K(19968K) NonClass: 16949K(17408K)->16949K(17408K) Class: 2169K(2560K)->2169K(2560K)
[138.749s][info][gc             ] GC(169) Pause Full (System.gc()) 516M->4M(1979M) 145.997ms
[138.749s][info][gc,cpu         ] GC(169) User=0.12s Sys=0.00s Real=0.15s
[139.508s][info][gc,start       ] GC(170) Pause Young (Allocation Failure)
[139.510s][info][gc,heap        ] GC(170) DefNew: 559232K->1245K(629120K)
[139.510s][info][gc,heap        ] GC(170) Tenured: 4583K->4583K(1398144K)
[139.510s][info][gc,metaspace   ] GC(170) Metaspace: 19119K(19968K)->19119K(19968K) NonClass: 16949K(17408K)->16949K(17408K) Class: 2169K(2560K)->2169K(2560K)
[139.510s][info][gc             ] GC(170) Pause Young (Allocation Failure) 550M->5M(1979M) 2.293ms
[139.510s][info][gc,cpu         ] GC(170) User=0.00s Sys=0.00s Real=0.00s
[140.286s][info][gc,start       ] GC(171) Pause Young (Allocation Failure)
[140.288s][info][gc,heap        ] GC(171) DefNew: 560477K->1193K(629120K)
[140.288s][info][gc,heap        ] GC(171) Tenured: 4583K->4583K(1398144K)
[140.288s][info][gc,metaspace   ] GC(171) Metaspace: 19119K(19968K)->19119K(19968K) NonClass: 16949K(17408K)->16949K(17408K) Class: 2169K(2560K)->2169K(2560K)
[140.288s][info][gc             ] GC(171) Pause Young (Allocation Failure) 551M->5M(1979M) 1.985ms
[140.288s][info][gc,cpu         ] GC(171) User=0.00s Sys=0.00s Real=0.00s
[141.017s][info][gc,start       ] GC(172) Pause Full (System.gc())
[141.017s][info][gc,phases,start] GC(172) Phase 1: Mark live objects
[141.024s][info][gc,phases      ] GC(172) Phase 1: Mark live objects 7.504ms
[141.024s][info][gc,phases,start] GC(172) Phase 2: Compute new object addresses
[141.162s][info][gc,phases      ] GC(172) Phase 2: Compute new object addresses 137.343ms
[141.162s][info][gc,phases,start] GC(172) Phase 3: Adjust pointers
[141.167s][info][gc,phases      ] GC(172) Phase 3: Adjust pointers 5.262ms
[141.167s][info][gc,phases,start] GC(172) Phase 4: Move objects
[141.167s][info][gc,phases      ] GC(172) Phase 4: Move objects 0.015ms
[141.167s][info][gc,heap        ] GC(172) DefNew: 521147K->0K(629120K)
[141.167s][info][gc,heap        ] GC(172) Tenured: 4583K->4583K(1398144K)
[141.167s][info][gc,metaspace   ] GC(172) Metaspace: 19119K(19968K)->19119K(19968K) NonClass: 16949K(17408K)->16949K(17408K) Class: 2169K(2560K)->2169K(2560K)
[141.167s][info][gc             ] GC(172) Pause Full (System.gc()) 513M->4M(1979M) 150.586ms
[141.167s][info][gc,cpu         ] GC(172) User=0.11s Sys=0.00s Real=0.16s
[141.946s][info][gc,start       ] GC(173) Pause Young (Allocation Failure)
[141.949s][info][gc,heap        ] GC(173) DefNew: 559232K->1247K(629120K)
[141.949s][info][gc,heap        ] GC(173) Tenured: 4583K->4583K(1398144K)
[141.949s][info][gc,metaspace   ] GC(173) Metaspace: 19119K(19968K)->19119K(19968K) NonClass: 16949K(17408K)->16949K(17408K) Class: 2169K(2560K)->2169K(2560K)
[141.949s][info][gc             ] GC(173) Pause Young (Allocation Failure) 550M->5M(1979M) 2.277ms
[141.949s][info][gc,cpu         ] GC(173) User=0.00s Sys=0.00s Real=0.00s
[142.726s][info][gc,start       ] GC(174) Pause Young (Allocation Failure)
[142.728s][info][gc,heap        ] GC(174) DefNew: 560479K->1169K(629120K)
[142.728s][info][gc,heap        ] GC(174) Tenured: 4583K->4583K(1398144K)
[142.728s][info][gc,metaspace   ] GC(174) Metaspace: 19119K(19968K)->19119K(19968K) NonClass: 16949K(17408K)->16949K(17408K) Class: 2169K(2560K)->2169K(2560K)
[142.728s][info][gc             ] GC(174) Pause Young (Allocation Failure) 551M->5M(1979M) 1.987ms
[142.728s][info][gc,cpu         ] GC(174) User=0.00s Sys=0.00s Real=0.00s
[143.457s][info][gc,start       ] GC(175) Pause Full (System.gc())
[143.457s][info][gc,phases,start] GC(175) Phase 1: Mark live objects
[143.464s][info][gc,phases      ] GC(175) Phase 1: Mark live objects 6.779ms
[143.464s][info][gc,phases,start] GC(175) Phase 2: Compute new object addresses
[143.596s][info][gc,phases      ] GC(175) Phase 2: Compute new object addresses 132.243ms
[143.596s][info][gc,phases,start] GC(175) Phase 3: Adjust pointers
[143.601s][info][gc,phases      ] GC(175) Phase 3: Adjust pointers 5.325ms
[143.602s][info][gc,phases,start] GC(175) Phase 4: Move objects
[143.602s][info][gc,phases      ] GC(175) Phase 4: Move objects 0.015ms
[143.602s][info][gc,heap        ] GC(175) DefNew: 512928K->0K(629120K)
[143.602s][info][gc,heap        ] GC(175) Tenured: 4583K->4583K(1398144K)
[143.602s][info][gc,metaspace   ] GC(175) Metaspace: 19119K(19968K)->19119K(19968K) NonClass: 16949K(17408K)->16949K(17408K) Class: 2169K(2560K)->2169K(2560K)
[143.602s][info][gc             ] GC(175) Pause Full (System.gc()) 505M->4M(1979M) 144.907ms
[143.602s][info][gc,cpu         ] GC(175) User=0.09s Sys=0.00s Real=0.14s
[144.369s][info][gc,start       ] GC(176) Pause Young (Allocation Failure)
[144.371s][info][gc,heap        ] GC(176) DefNew: 559232K->1265K(629120K)
[144.371s][info][gc,heap        ] GC(176) Tenured: 4583K->4583K(1398144K)
[144.371s][info][gc,metaspace   ] GC(176) Metaspace: 19125K(19968K)->19125K(19968K) NonClass: 16955K(17408K)->16955K(17408K) Class: 2169K(2560K)->2169K(2560K)
[144.371s][info][gc             ] GC(176) Pause Young (Allocation Failure) 550M->5M(1979M) 2.372ms
[144.371s][info][gc,cpu         ] GC(176) User=0.00s Sys=0.00s Real=0.01s
[145.152s][info][gc,start       ] GC(177) Pause Young (Allocation Failure)
[145.154s][info][gc,heap        ] GC(177) DefNew: 560497K->1204K(629120K)
[145.154s][info][gc,heap        ] GC(177) Tenured: 4583K->4583K(1398144K)
[145.154s][info][gc,metaspace   ] GC(177) Metaspace: 19125K(19968K)->19125K(19968K) NonClass: 16955K(17408K)->16955K(17408K) Class: 2169K(2560K)->2169K(2560K)
[145.154s][info][gc             ] GC(177) Pause Young (Allocation Failure) 551M->5M(1979M) 2.124ms
[145.154s][info][gc,cpu         ] GC(177) User=0.00s Sys=0.00s Real=0.01s
[145.875s][info][gc,start       ] GC(178) Pause Full (System.gc())
[145.876s][info][gc,phases,start] GC(178) Phase 1: Mark live objects
[145.884s][info][gc,phases      ] GC(178) Phase 1: Mark live objects 8.846ms
[145.884s][info][gc,phases,start] GC(178) Phase 2: Compute new object addresses
[146.023s][info][gc,phases      ] GC(178) Phase 2: Compute new object addresses 138.612ms
[146.023s][info][gc,phases,start] GC(178) Phase 3: Adjust pointers
[146.028s][info][gc,phases      ] GC(178) Phase 3: Adjust pointers 5.248ms
[146.028s][info][gc,phases,start] GC(178) Phase 4: Move objects
[146.029s][info][gc,phases      ] GC(178) Phase 4: Move objects 0.015ms
[146.029s][info][gc,heap        ] GC(178) DefNew: 519549K->0K(629120K)
[146.029s][info][gc,heap        ] GC(178) Tenured: 4583K->4583K(1398144K)
[146.029s][info][gc,metaspace   ] GC(178) Metaspace: 19125K(19968K)->19125K(19968K) NonClass: 16955K(17408K)->16955K(17408K) Class: 2169K(2560K)->2169K(2560K)
[146.029s][info][gc             ] GC(178) Pause Full (System.gc()) 511M->4M(1979M) 153.211ms
[146.029s][info][gc,cpu         ] GC(178) User=0.08s Sys=0.00s Real=0.16s
[146.776s][info][gc,start       ] GC(179) Pause Young (Allocation Failure)
[146.778s][info][gc,heap        ] GC(179) DefNew: 559232K->1312K(629120K)
[146.778s][info][gc,heap        ] GC(179) Tenured: 4583K->4583K(1398144K)
[146.778s][info][gc,metaspace   ] GC(179) Metaspace: 19125K(19968K)->19125K(19968K) NonClass: 16955K(17408K)->16955K(17408K) Class: 2169K(2560K)->2169K(2560K)
[146.778s][info][gc             ] GC(179) Pause Young (Allocation Failure) 550M->5M(1979M) 2.364ms
[146.779s][info][gc,cpu         ] GC(179) User=0.00s Sys=0.00s Real=0.00s
[147.552s][info][gc,start       ] GC(180) Pause Young (Allocation Failure)
[147.554s][info][gc,heap        ] GC(180) DefNew: 560544K->1310K(629120K)
[147.554s][info][gc,heap        ] GC(180) Tenured: 4583K->4583K(1398144K)
[147.554s][info][gc,metaspace   ] GC(180) Metaspace: 19125K(19968K)->19125K(19968K) NonClass: 16955K(17408K)->16955K(17408K) Class: 2169K(2560K)->2169K(2560K)
[147.554s][info][gc             ] GC(180) Pause Young (Allocation Failure) 551M->5M(1979M) 2.056ms
[147.554s][info][gc,cpu         ] GC(180) User=0.00s Sys=0.00s Real=0.01s
[148.283s][info][gc,start       ] GC(181) Pause Full (System.gc())
[148.283s][info][gc,phases,start] GC(181) Phase 1: Mark live objects
[148.290s][info][gc,phases      ] GC(181) Phase 1: Mark live objects 7.067ms
[148.290s][info][gc,phases,start] GC(181) Phase 2: Compute new object addresses
[148.421s][info][gc,phases      ] GC(181) Phase 2: Compute new object addresses 131.071ms
[148.421s][info][gc,phases,start] GC(181) Phase 3: Adjust pointers
[148.426s][info][gc,phases      ] GC(181) Phase 3: Adjust pointers 5.274ms
[148.427s][info][gc,phases,start] GC(181) Phase 4: Move objects
[148.427s][info][gc,phases      ] GC(181) Phase 4: Move objects 0.020ms
[148.427s][info][gc,heap        ] GC(181) DefNew: 521252K->0K(629120K)
[148.427s][info][gc,heap        ] GC(181) Tenured: 4583K->4583K(1398144K)
[148.427s][info][gc,metaspace   ] GC(181) Metaspace: 19125K(19968K)->19125K(19968K) NonClass: 16955K(17408K)->16955K(17408K) Class: 2169K(2560K)->2169K(2560K)
[148.427s][info][gc             ] GC(181) Pause Full (System.gc()) 513M->4M(1979M) 143.997ms
[148.427s][info][gc,cpu         ] GC(181) User=0.12s Sys=0.00s Real=0.14s
[149.171s][info][gc,start       ] GC(182) Pause Young (Allocation Failure)
[149.173s][info][gc,heap        ] GC(182) DefNew: 559232K->1227K(629120K)
[149.173s][info][gc,heap        ] GC(182) Tenured: 4583K->4583K(1398144K)
[149.173s][info][gc,metaspace   ] GC(182) Metaspace: 19125K(19968K)->19125K(19968K) NonClass: 16955K(17408K)->16955K(17408K) Class: 2169K(2560K)->2169K(2560K)
[149.173s][info][gc             ] GC(182) Pause Young (Allocation Failure) 550M->5M(1979M) 2.219ms
[149.173s][info][gc,cpu         ] GC(182) User=0.00s Sys=0.00s Real=0.00s
[149.945s][info][gc,start       ] GC(183) Pause Young (Allocation Failure)
[149.947s][info][gc,heap        ] GC(183) DefNew: 560459K->1269K(629120K)
[149.947s][info][gc,heap        ] GC(183) Tenured: 4583K->4583K(1398144K)
[149.948s][info][gc,metaspace   ] GC(183) Metaspace: 19125K(19968K)->19125K(19968K) NonClass: 16955K(17408K)->16955K(17408K) Class: 2169K(2560K)->2169K(2560K)
[149.948s][info][gc             ] GC(183) Pause Young (Allocation Failure) 551M->5M(1979M) 2.251ms
[149.948s][info][gc,cpu         ] GC(183) User=0.00s Sys=0.00s Real=0.00s
[150.663s][info][gc,start       ] GC(184) Pause Full (System.gc())
[150.663s][info][gc,phases,start] GC(184) Phase 1: Mark live objects
[150.671s][info][gc,phases      ] GC(184) Phase 1: Mark live objects 7.768ms
[150.671s][info][gc,phases,start] GC(184) Phase 2: Compute new object addresses
[150.804s][info][gc,phases      ] GC(184) Phase 2: Compute new object addresses 133.551ms
[150.804s][info][gc,phases,start] GC(184) Phase 3: Adjust pointers
[150.811s][info][gc,phases      ] GC(184) Phase 3: Adjust pointers 6.537ms
[150.811s][info][gc,phases,start] GC(184) Phase 4: Move objects
[150.811s][info][gc,phases      ] GC(184) Phase 4: Move objects 0.017ms
[150.811s][info][gc,heap        ] GC(184) DefNew: 514959K->0K(629120K)
[150.811s][info][gc,heap        ] GC(184) Tenured: 4583K->4583K(1398144K)
[150.811s][info][gc,metaspace   ] GC(184) Metaspace: 19125K(19968K)->19125K(19968K) NonClass: 16955K(17408K)->16955K(17408K) Class: 2169K(2560K)->2169K(2560K)
[150.811s][info][gc             ] GC(184) Pause Full (System.gc()) 507M->4M(1979M) 148.487ms
[150.811s][info][gc,cpu         ] GC(184) User=0.08s Sys=0.00s Real=0.15s
[151.583s][info][gc,start       ] GC(185) Pause Young (Allocation Failure)
[151.585s][info][gc,heap        ] GC(185) DefNew: 559232K->1282K(629120K)
[151.585s][info][gc,heap        ] GC(185) Tenured: 4583K->4583K(1398144K)
[151.585s][info][gc,metaspace   ] GC(185) Metaspace: 19125K(19968K)->19125K(19968K) NonClass: 16955K(17408K)->16955K(17408K) Class: 2169K(2560K)->2169K(2560K)
[151.585s][info][gc             ] GC(185) Pause Young (Allocation Failure) 550M->5M(1979M) 2.264ms
[151.585s][info][gc,cpu         ] GC(185) User=0.00s Sys=0.00s Real=0.00s
[152.361s][info][gc,start       ] GC(186) Pause Young (Allocation Failure)
[152.363s][info][gc,heap        ] GC(186) DefNew: 560514K->1166K(629120K)
[152.363s][info][gc,heap        ] GC(186) Tenured: 4583K->4583K(1398144K)
[152.363s][info][gc,metaspace   ] GC(186) Metaspace: 19125K(19968K)->19125K(19968K) NonClass: 16955K(17408K)->16955K(17408K) Class: 2169K(2560K)->2169K(2560K)
[152.363s][info][gc             ] GC(186) Pause Young (Allocation Failure) 551M->5M(1979M) 1.806ms
[152.363s][info][gc,cpu         ] GC(186) User=0.00s Sys=0.00s Real=0.00s
[153.095s][info][gc,start       ] GC(187) Pause Full (System.gc())
[153.095s][info][gc,phases,start] GC(187) Phase 1: Mark live objects
[153.103s][info][gc,phases      ] GC(187) Phase 1: Mark live objects 7.814ms
[153.103s][info][gc,phases,start] GC(187) Phase 2: Compute new object addresses
[153.240s][info][gc,phases      ] GC(187) Phase 2: Compute new object addresses 136.577ms
[153.240s][info][gc,phases,start] GC(187) Phase 3: Adjust pointers
[153.245s][info][gc,phases      ] GC(187) Phase 3: Adjust pointers 5.403ms
[153.245s][info][gc,phases,start] GC(187) Phase 4: Move objects
[153.245s][info][gc,phases      ] GC(187) Phase 4: Move objects 0.015ms
[153.245s][info][gc,heap        ] GC(187) DefNew: 521849K->0K(629120K)
[153.245s][info][gc,heap        ] GC(187) Tenured: 4583K->4583K(1398144K)
[153.245s][info][gc,metaspace   ] GC(187) Metaspace: 19125K(19968K)->19125K(19968K) NonClass: 16955K(17408K)->16955K(17408K) Class: 2169K(2560K)->2169K(2560K)
[153.245s][info][gc             ] GC(187) Pause Full (System.gc()) 514M->4M(1979M) 150.368ms
[153.245s][info][gc,cpu         ] GC(187) User=0.09s Sys=0.00s Real=0.15s
[153.997s][info][gc,start       ] GC(188) Pause Young (Allocation Failure)
[153.999s][info][gc,heap        ] GC(188) DefNew: 559232K->1249K(629120K)
[153.999s][info][gc,heap        ] GC(188) Tenured: 4583K->4583K(1398144K)
[153.999s][info][gc,metaspace   ] GC(188) Metaspace: 19127K(19968K)->19127K(19968K) NonClass: 16957K(17408K)->16957K(17408K) Class: 2169K(2560K)->2169K(2560K)
[153.999s][info][gc             ] GC(188) Pause Young (Allocation Failure) 550M->5M(1979M) 2.275ms
[153.999s][info][gc,cpu         ] GC(188) User=0.00s Sys=0.00s Real=0.00s
[154.779s][info][gc,start       ] GC(189) Pause Young (Allocation Failure)
[154.781s][info][gc,heap        ] GC(189) DefNew: 560481K->1237K(629120K)
[154.781s][info][gc,heap        ] GC(189) Tenured: 4583K->4583K(1398144K)
[154.781s][info][gc,metaspace   ] GC(189) Metaspace: 19127K(19968K)->19127K(19968K) NonClass: 16957K(17408K)->16957K(17408K) Class: 2169K(2560K)->2169K(2560K)
[154.781s][info][gc             ] GC(189) Pause Young (Allocation Failure) 551M->5M(1979M) 1.867ms
[154.781s][info][gc,cpu         ] GC(189) User=0.00s Sys=0.00s Real=0.00s
[155.509s][info][gc,start       ] GC(190) Pause Full (System.gc())
[155.509s][info][gc,phases,start] GC(190) Phase 1: Mark live objects
[155.516s][info][gc,phases      ] GC(190) Phase 1: Mark live objects 6.881ms
[155.516s][info][gc,phases,start] GC(190) Phase 2: Compute new object addresses
[155.649s][info][gc,phases      ] GC(190) Phase 2: Compute new object addresses 132.327ms
[155.665s][info][gc,phases,start] GC(190) Phase 3: Adjust pointers
[155.671s][info][gc,phases      ] GC(190) Phase 3: Adjust pointers 6.047ms
[155.671s][info][gc,phases,start] GC(190) Phase 4: Move objects
[155.671s][info][gc,phases      ] GC(190) Phase 4: Move objects 0.016ms
[155.671s][info][gc,heap        ] GC(190) DefNew: 524509K->0K(629120K)
[155.671s][info][gc,heap        ] GC(190) Tenured: 4583K->4583K(1398144K)
[155.671s][info][gc,metaspace   ] GC(190) Metaspace: 19127K(19968K)->19127K(19968K) NonClass: 16957K(17408K)->16957K(17408K) Class: 2169K(2560K)->2169K(2560K)
[155.671s][info][gc             ] GC(190) Pause Full (System.gc()) 516M->4M(1979M) 162.106ms
[155.671s][info][gc,cpu         ] GC(190) User=0.14s Sys=0.00s Real=0.16s
[156.456s][info][gc,start       ] GC(191) Pause Young (Allocation Failure)
[156.458s][info][gc,heap        ] GC(191) DefNew: 559232K->1292K(629120K)
[156.458s][info][gc,heap        ] GC(191) Tenured: 4583K->4583K(1398144K)
[156.458s][info][gc,metaspace   ] GC(191) Metaspace: 19128K(19968K)->19128K(19968K) NonClass: 16958K(17408K)->16958K(17408K) Class: 2169K(2560K)->2169K(2560K)
[156.458s][info][gc             ] GC(191) Pause Young (Allocation Failure) 550M->5M(1979M) 2.264ms
[156.458s][info][gc,cpu         ] GC(191) User=0.00s Sys=0.00s Real=0.00s
[157.237s][info][gc,start       ] GC(192) Pause Young (Allocation Failure)
[157.239s][info][gc,heap        ] GC(192) DefNew: 560524K->1276K(629120K)
[157.239s][info][gc,heap        ] GC(192) Tenured: 4583K->4583K(1398144K)
[157.239s][info][gc,metaspace   ] GC(192) Metaspace: 19128K(19968K)->19128K(19968K) NonClass: 16958K(17408K)->16958K(17408K) Class: 2169K(2560K)->2169K(2560K)
[157.239s][info][gc             ] GC(192) Pause Young (Allocation Failure) 551M->5M(1979M) 2.208ms
[157.240s][info][gc,cpu         ] GC(192) User=0.00s Sys=0.00s Real=0.00s
[157.957s][info][gc,start       ] GC(193) Pause Full (System.gc())
[157.957s][info][gc,phases,start] GC(193) Phase 1: Mark live objects
[157.965s][info][gc,phases      ] GC(193) Phase 1: Mark live objects 7.392ms
[157.965s][info][gc,phases,start] GC(193) Phase 2: Compute new object addresses
[158.097s][info][gc,phases      ] GC(193) Phase 2: Compute new object addresses 131.979ms
[158.097s][info][gc,phases,start] GC(193) Phase 3: Adjust pointers
[158.102s][info][gc,phases      ] GC(193) Phase 3: Adjust pointers 5.447ms
[158.102s][info][gc,phases,start] GC(193) Phase 4: Move objects
[158.102s][info][gc,phases      ] GC(193) Phase 4: Move objects 0.015ms
[158.102s][info][gc,heap        ] GC(193) DefNew: 514114K->0K(629120K)
[158.102s][info][gc,heap        ] GC(193) Tenured: 4583K->4583K(1398144K)
[158.102s][info][gc,metaspace   ] GC(193) Metaspace: 19131K(19968K)->19131K(19968K) NonClass: 16961K(17408K)->16961K(17408K) Class: 2169K(2560K)->2169K(2560K)
[158.102s][info][gc             ] GC(193) Pause Full (System.gc()) 506M->4M(1979M) 145.385ms
[158.102s][info][gc,cpu         ] GC(193) User=0.08s Sys=0.00s Real=0.14s
[158.880s][info][gc,start       ] GC(194) Pause Young (Allocation Failure)
[158.882s][info][gc,heap        ] GC(194) DefNew: 559232K->1253K(629120K)
[158.882s][info][gc,heap        ] GC(194) Tenured: 4583K->4583K(1398144K)
[158.882s][info][gc,metaspace   ] GC(194) Metaspace: 19133K(19968K)->19133K(19968K) NonClass: 16963K(17408K)->16963K(17408K) Class: 2169K(2560K)->2169K(2560K)
[158.882s][info][gc             ] GC(194) Pause Young (Allocation Failure) 550M->5M(1979M) 2.604ms
[158.883s][info][gc,cpu         ] GC(194) User=0.02s Sys=0.00s Real=0.01s
[159.657s][info][gc,start       ] GC(195) Pause Young (Allocation Failure)
[159.659s][info][gc,heap        ] GC(195) DefNew: 560485K->1248K(629120K)
[159.659s][info][gc,heap        ] GC(195) Tenured: 4583K->4583K(1398144K)
[159.659s][info][gc,metaspace   ] GC(195) Metaspace: 19133K(19968K)->19133K(19968K) NonClass: 16963K(17408K)->16963K(17408K) Class: 2169K(2560K)->2169K(2560K)
[159.659s][info][gc             ] GC(195) Pause Young (Allocation Failure) 551M->5M(1979M) 2.148ms
[159.659s][info][gc,cpu         ] GC(195) User=0.00s Sys=0.00s Real=0.01s
[160.401s][info][gc,start       ] GC(196) Pause Full (System.gc())
[160.401s][info][gc,phases,start] GC(196) Phase 1: Mark live objects
[160.408s][info][gc,phases      ] GC(196) Phase 1: Mark live objects 7.138ms
[160.409s][info][gc,phases,start] GC(196) Phase 2: Compute new object addresses
[160.547s][info][gc,phases      ] GC(196) Phase 2: Compute new object addresses 138.647ms
[160.547s][info][gc,phases,start] GC(196) Phase 3: Adjust pointers
[160.553s][info][gc,phases      ] GC(196) Phase 3: Adjust pointers 5.658ms
[160.553s][info][gc,phases,start] GC(196) Phase 4: Move objects
[160.553s][info][gc,phases      ] GC(196) Phase 4: Move objects 0.017ms
[160.553s][info][gc,heap        ] GC(196) DefNew: 521269K->0K(629120K)
[160.553s][info][gc,heap        ] GC(196) Tenured: 4583K->4583K(1398144K)
[160.553s][info][gc,metaspace   ] GC(196) Metaspace: 19133K(19968K)->19133K(19968K) NonClass: 16963K(17408K)->16963K(17408K) Class: 2169K(2560K)->2169K(2560K)
[160.553s][info][gc             ] GC(196) Pause Full (System.gc()) 513M->4M(1979M) 151.967ms
[160.553s][info][gc,cpu         ] GC(196) User=0.08s Sys=0.00s Real=0.15s
[161.321s][info][gc,start       ] GC(197) Pause Young (Allocation Failure)
[161.323s][info][gc,heap        ] GC(197) DefNew: 559232K->1190K(629120K)
[161.323s][info][gc,heap        ] GC(197) Tenured: 4583K->4583K(1398144K)
[161.324s][info][gc,metaspace   ] GC(197) Metaspace: 19134K(19968K)->19134K(19968K) NonClass: 16964K(17408K)->16964K(17408K) Class: 2169K(2560K)->2169K(2560K)
[161.324s][info][gc             ] GC(197) Pause Young (Allocation Failure) 550M->5M(1979M) 2.143ms
[161.324s][info][gc,cpu         ] GC(197) User=0.00s Sys=0.00s Real=0.00s
[162.107s][info][gc,start       ] GC(198) Pause Young (Allocation Failure)
[162.109s][info][gc,heap        ] GC(198) DefNew: 560422K->1220K(629120K)
[162.109s][info][gc,heap        ] GC(198) Tenured: 4583K->4583K(1398144K)
[162.109s][info][gc,metaspace   ] GC(198) Metaspace: 19134K(19968K)->19134K(19968K) NonClass: 16964K(17408K)->16964K(17408K) Class: 2169K(2560K)->2169K(2560K)
[162.109s][info][gc             ] GC(198) Pause Young (Allocation Failure) 551M->5M(1979M) 2.041ms
[162.109s][info][gc,cpu         ] GC(198) User=0.00s Sys=0.00s Real=0.00s
[162.835s][info][gc,start       ] GC(199) Pause Full (System.gc())
[162.835s][info][gc,phases,start] GC(199) Phase 1: Mark live objects
[162.842s][info][gc,phases      ] GC(199) Phase 1: Mark live objects 7.425ms
[162.842s][info][gc,phases,start] GC(199) Phase 2: Compute new object addresses
[162.973s][info][gc,phases      ] GC(199) Phase 2: Compute new object addresses 130.888ms
[162.973s][info][gc,phases,start] GC(199) Phase 3: Adjust pointers
[162.979s][info][gc,phases      ] GC(199) Phase 3: Adjust pointers 5.269ms
[162.979s][info][gc,phases,start] GC(199) Phase 4: Move objects
[162.979s][info][gc,phases      ] GC(199) Phase 4: Move objects 0.015ms
[162.979s][info][gc,heap        ] GC(199) DefNew: 521711K->0K(629120K)
[162.979s][info][gc,heap        ] GC(199) Tenured: 4583K->4583K(1398144K)
[162.979s][info][gc,metaspace   ] GC(199) Metaspace: 19134K(19968K)->19134K(19968K) NonClass: 16964K(17408K)->16964K(17408K) Class: 2169K(2560K)->2169K(2560K)
[162.979s][info][gc             ] GC(199) Pause Full (System.gc()) 513M->4M(1979M) 144.139ms
[162.979s][info][gc,cpu         ] GC(199) User=0.11s Sys=0.00s Real=0.14s
[163.760s][info][gc,start       ] GC(200) Pause Young (Allocation Failure)
[163.762s][info][gc,heap        ] GC(200) DefNew: 559232K->1276K(629120K)
[163.762s][info][gc,heap        ] GC(200) Tenured: 4583K->4583K(1398144K)
[163.762s][info][gc,metaspace   ] GC(200) Metaspace: 19135K(19968K)->19135K(19968K) NonClass: 16965K(17408K)->16965K(17408K) Class: 2169K(2560K)->2169K(2560K)
[163.762s][info][gc             ] GC(200) Pause Young (Allocation Failure) 550M->5M(1979M) 2.313ms
[163.762s][info][gc,cpu         ] GC(200) User=0.00s Sys=0.00s Real=0.00s
[164.538s][info][gc,start       ] GC(201) Pause Young (Allocation Failure)
[164.540s][info][gc,heap        ] GC(201) DefNew: 560508K->1259K(629120K)
[164.540s][info][gc,heap        ] GC(201) Tenured: 4583K->4583K(1398144K)
[164.540s][info][gc,metaspace   ] GC(201) Metaspace: 19135K(19968K)->19135K(19968K) NonClass: 16965K(17408K)->16965K(17408K) Class: 2169K(2560K)->2169K(2560K)
[164.540s][info][gc             ] GC(201) Pause Young (Allocation Failure) 551M->5M(1979M) 2.074ms
[164.540s][info][gc,cpu         ] GC(201) User=0.00s Sys=0.00s Real=0.01s
[165.258s][info][gc,start       ] GC(202) Pause Full (System.gc())
[165.258s][info][gc,phases,start] GC(202) Phase 1: Mark live objects
[165.265s][info][gc,phases      ] GC(202) Phase 1: Mark live objects 7.131ms
[165.265s][info][gc,phases,start] GC(202) Phase 2: Compute new object addresses
[165.397s][info][gc,phases      ] GC(202) Phase 2: Compute new object addresses 131.331ms
[165.397s][info][gc,phases,start] GC(202) Phase 3: Adjust pointers
[165.403s][info][gc,phases      ] GC(202) Phase 3: Adjust pointers 6.054ms
[165.403s][info][gc,phases,start] GC(202) Phase 4: Move objects
[165.403s][info][gc,phases      ] GC(202) Phase 4: Move objects 0.027ms
[165.403s][info][gc,heap        ] GC(202) DefNew: 518138K->0K(629120K)
[165.403s][info][gc,heap        ] GC(202) Tenured: 4583K->4583K(1398144K)
[165.403s][info][gc,metaspace   ] GC(202) Metaspace: 19135K(19968K)->19135K(19968K) NonClass: 16965K(17408K)->16965K(17408K) Class: 2169K(2560K)->2169K(2560K)
[165.403s][info][gc             ] GC(202) Pause Full (System.gc()) 510M->4M(1979M) 145.149ms
[165.403s][info][gc,cpu         ] GC(202) User=0.12s Sys=0.00s Real=0.15s
[166.138s][info][gc,start       ] GC(203) Pause Young (Allocation Failure)
[166.140s][info][gc,heap        ] GC(203) DefNew: 559232K->1221K(629120K)
[166.140s][info][gc,heap        ] GC(203) Tenured: 4583K->4583K(1398144K)
[166.140s][info][gc,metaspace   ] GC(203) Metaspace: 19135K(19968K)->19135K(19968K) NonClass: 16965K(17408K)->16965K(17408K) Class: 2169K(2560K)->2169K(2560K)
[166.140s][info][gc             ] GC(203) Pause Young (Allocation Failure) 550M->5M(1979M) 2.147ms
[166.140s][info][gc,cpu         ] GC(203) User=0.00s Sys=0.00s Real=0.00s
[166.915s][info][gc,start       ] GC(204) Pause Young (Allocation Failure)
[166.917s][info][gc,heap        ] GC(204) DefNew: 560453K->1281K(629120K)
[166.917s][info][gc,heap        ] GC(204) Tenured: 4583K->4583K(1398144K)
[166.917s][info][gc,metaspace   ] GC(204) Metaspace: 19135K(19968K)->19135K(19968K) NonClass: 16965K(17408K)->16965K(17408K) Class: 2169K(2560K)->2169K(2560K)
[166.917s][info][gc             ] GC(204) Pause Young (Allocation Failure) 551M->5M(1979M) 2.106ms
[166.917s][info][gc,cpu         ] GC(204) User=0.00s Sys=0.00s Real=0.00s
[167.634s][info][gc,start       ] GC(205) Pause Full (System.gc())
[167.634s][info][gc,phases,start] GC(205) Phase 1: Mark live objects
[167.641s][info][gc,phases      ] GC(205) Phase 1: Mark live objects 7.109ms
[167.642s][info][gc,phases,start] GC(205) Phase 2: Compute new object addresses
[167.772s][info][gc,phases      ] GC(205) Phase 2: Compute new object addresses 130.738ms
[167.772s][info][gc,phases,start] GC(205) Phase 3: Adjust pointers
[167.778s][info][gc,phases      ] GC(205) Phase 3: Adjust pointers 5.419ms
[167.778s][info][gc,phases,start] GC(205) Phase 4: Move objects
[167.778s][info][gc,phases      ] GC(205) Phase 4: Move objects 0.016ms
[167.778s][info][gc,heap        ] GC(205) DefNew: 516645K->0K(629120K)
[167.778s][info][gc,heap        ] GC(205) Tenured: 4583K->4583K(1398144K)
[167.778s][info][gc,metaspace   ] GC(205) Metaspace: 19135K(19968K)->19135K(19968K) NonClass: 16965K(17408K)->16965K(17408K) Class: 2169K(2560K)->2169K(2560K)
[167.778s][info][gc             ] GC(205) Pause Full (System.gc()) 509M->4M(1979M) 143.830ms
[167.778s][info][gc,cpu         ] GC(205) User=0.12s Sys=0.00s Real=0.15s
[168.532s][info][gc,start       ] GC(206) Pause Young (Allocation Failure)
[168.534s][info][gc,heap        ] GC(206) DefNew: 559232K->1249K(629120K)
[168.534s][info][gc,heap        ] GC(206) Tenured: 4583K->4583K(1398144K)
[168.534s][info][gc,metaspace   ] GC(206) Metaspace: 19135K(19968K)->19135K(19968K) NonClass: 16965K(17408K)->16965K(17408K) Class: 2169K(2560K)->2169K(2560K)
[168.534s][info][gc             ] GC(206) Pause Young (Allocation Failure) 550M->5M(1979M) 2.231ms
[168.534s][info][gc,cpu         ] GC(206) User=0.00s Sys=0.00s Real=0.00s
[169.317s][info][gc,start       ] GC(207) Pause Young (Allocation Failure)
[169.319s][info][gc,heap        ] GC(207) DefNew: 560481K->1221K(629120K)
[169.319s][info][gc,heap        ] GC(207) Tenured: 4583K->4583K(1398144K)
[169.319s][info][gc,metaspace   ] GC(207) Metaspace: 19135K(19968K)->19135K(19968K) NonClass: 16965K(17408K)->16965K(17408K) Class: 2169K(2560K)->2169K(2560K)
[169.319s][info][gc             ] GC(207) Pause Young (Allocation Failure) 551M->5M(1979M) 2.029ms
[169.319s][info][gc,cpu         ] GC(207) User=0.00s Sys=0.00s Real=0.00s
[170.039s][info][gc,start       ] GC(208) Pause Full (System.gc())
[170.039s][info][gc,phases,start] GC(208) Phase 1: Mark live objects
[170.047s][info][gc,phases      ] GC(208) Phase 1: Mark live objects 7.900ms
[170.047s][info][gc,phases,start] GC(208) Phase 2: Compute new object addresses
[170.180s][info][gc,phases      ] GC(208) Phase 2: Compute new object addresses 132.794ms
[170.180s][info][gc,phases,start] GC(208) Phase 3: Adjust pointers
[170.185s][info][gc,phases      ] GC(208) Phase 3: Adjust pointers 5.316ms
[170.185s][info][gc,phases,start] GC(208) Phase 4: Move objects
[170.185s][info][gc,phases      ] GC(208) Phase 4: Move objects 0.022ms
[170.185s][info][gc,heap        ] GC(208) DefNew: 512383K->0K(629120K)
[170.185s][info][gc,heap        ] GC(208) Tenured: 4583K->4583K(1398144K)
[170.185s][info][gc,metaspace   ] GC(208) Metaspace: 19135K(19968K)->19135K(19968K) NonClass: 16965K(17408K)->16965K(17408K) Class: 2169K(2560K)->2169K(2560K)
[170.185s][info][gc             ] GC(208) Pause Full (System.gc()) 504M->4M(1979M) 146.542ms
[170.185s][info][gc,cpu         ] GC(208) User=0.12s Sys=0.00s Real=0.14s
[170.961s][info][gc,start       ] GC(209) Pause Young (Allocation Failure)
[170.964s][info][gc,heap        ] GC(209) DefNew: 559232K->1251K(629120K)
[170.964s][info][gc,heap        ] GC(209) Tenured: 4583K->4583K(1398144K)
[170.964s][info][gc,metaspace   ] GC(209) Metaspace: 19135K(19968K)->19135K(19968K) NonClass: 16965K(17408K)->16965K(17408K) Class: 2169K(2560K)->2169K(2560K)
[170.964s][info][gc             ] GC(209) Pause Young (Allocation Failure) 550M->5M(1979M) 2.270ms
[170.964s][info][gc,cpu         ] GC(209) User=0.00s Sys=0.00s Real=0.00s
[171.741s][info][gc,start       ] GC(210) Pause Young (Allocation Failure)
[171.743s][info][gc,heap        ] GC(210) DefNew: 560483K->1231K(629120K)
[171.743s][info][gc,heap        ] GC(210) Tenured: 4583K->4583K(1398144K)
[171.743s][info][gc,metaspace   ] GC(210) Metaspace: 19135K(19968K)->19135K(19968K) NonClass: 16965K(17408K)->16965K(17408K) Class: 2169K(2560K)->2169K(2560K)
[171.743s][info][gc             ] GC(210) Pause Young (Allocation Failure) 551M->5M(1979M) 1.895ms
[171.743s][info][gc,cpu         ] GC(210) User=0.00s Sys=0.00s Real=0.00s
[172.477s][info][gc,start       ] GC(211) Pause Full (System.gc())
[172.477s][info][gc,phases,start] GC(211) Phase 1: Mark live objects
[172.484s][info][gc,phases      ] GC(211) Phase 1: Mark live objects 7.118ms
[172.484s][info][gc,phases,start] GC(211) Phase 2: Compute new object addresses
[172.622s][info][gc,phases      ] GC(211) Phase 2: Compute new object addresses 137.397ms
[172.622s][info][gc,phases,start] GC(211) Phase 3: Adjust pointers
[172.628s][info][gc,phases      ] GC(211) Phase 3: Adjust pointers 5.814ms
[172.628s][info][gc,phases,start] GC(211) Phase 4: Move objects
[172.628s][info][gc,phases      ] GC(211) Phase 4: Move objects 0.017ms
[172.628s][info][gc,heap        ] GC(211) DefNew: 524243K->0K(629120K)
[172.628s][info][gc,heap        ] GC(211) Tenured: 4583K->4583K(1398144K)
[172.628s][info][gc,metaspace   ] GC(211) Metaspace: 19136K(19968K)->19136K(19968K) NonClass: 16966K(17408K)->16966K(17408K) Class: 2169K(2560K)->2169K(2560K)
[172.628s][info][gc             ] GC(211) Pause Full (System.gc()) 516M->4M(1979M) 150.873ms
[172.628s][info][gc,cpu         ] GC(211) User=0.11s Sys=0.00s Real=0.15s
[173.388s][info][gc,start       ] GC(212) Pause Young (Allocation Failure)
[173.390s][info][gc,heap        ] GC(212) DefNew: 559232K->1347K(629120K)
[173.390s][info][gc,heap        ] GC(212) Tenured: 4583K->4583K(1398144K)
[173.390s][info][gc,metaspace   ] GC(212) Metaspace: 19136K(19968K)->19136K(19968K) NonClass: 16966K(17408K)->16966K(17408K) Class: 2169K(2560K)->2169K(2560K)
[173.390s][info][gc             ] GC(212) Pause Young (Allocation Failure) 550M->5M(1979M) 2.386ms
[173.390s][info][gc,cpu         ] GC(212) User=0.00s Sys=0.00s Real=0.00s
[174.171s][info][gc,start       ] GC(213) Pause Young (Allocation Failure)
[174.173s][info][gc,heap        ] GC(213) DefNew: 560579K->1263K(629120K)
[174.173s][info][gc,heap        ] GC(213) Tenured: 4583K->4583K(1398144K)
[174.173s][info][gc,metaspace   ] GC(213) Metaspace: 19136K(19968K)->19136K(19968K) NonClass: 16966K(17408K)->16966K(17408K) Class: 2169K(2560K)->2169K(2560K)
[174.173s][info][gc             ] GC(213) Pause Young (Allocation Failure) 551M->5M(1979M) 2.164ms
[174.173s][info][gc,cpu         ] GC(213) User=0.00s Sys=0.00s Real=0.00s
[174.894s][info][gc,start       ] GC(214) Pause Full (System.gc())
[174.894s][info][gc,phases,start] GC(214) Phase 1: Mark live objects
[174.901s][info][gc,phases      ] GC(214) Phase 1: Mark live objects 7.449ms
[174.902s][info][gc,phases,start] GC(214) Phase 2: Compute new object addresses
[175.036s][info][gc,phases      ] GC(214) Phase 2: Compute new object addresses 133.995ms
[175.036s][info][gc,phases,start] GC(214) Phase 3: Adjust pointers
[175.041s][info][gc,phases      ] GC(214) Phase 3: Adjust pointers 5.269ms
[175.041s][info][gc,phases,start] GC(214) Phase 4: Move objects
[175.041s][info][gc,phases      ] GC(214) Phase 4: Move objects 0.015ms
[175.041s][info][gc,heap        ] GC(214) DefNew: 517696K->0K(629120K)
[175.041s][info][gc,heap        ] GC(214) Tenured: 4583K->4583K(1398144K)
[175.041s][info][gc,metaspace   ] GC(214) Metaspace: 19136K(19968K)->19136K(19968K) NonClass: 16966K(17408K)->16966K(17408K) Class: 2169K(2560K)->2169K(2560K)
[175.041s][info][gc             ] GC(214) Pause Full (System.gc()) 510M->4M(1979M) 147.217ms
[175.041s][info][gc,cpu         ] GC(214) User=0.12s Sys=0.00s Real=0.15s
[175.812s][info][gc,start       ] GC(215) Pause Young (Allocation Failure)
[175.814s][info][gc,heap        ] GC(215) DefNew: 559232K->1204K(629120K)
[175.814s][info][gc,heap        ] GC(215) Tenured: 4583K->4583K(1398144K)
[175.814s][info][gc,metaspace   ] GC(215) Metaspace: 19136K(19968K)->19136K(19968K) NonClass: 16966K(17408K)->16966K(17408K) Class: 2169K(2560K)->2169K(2560K)
[175.814s][info][gc             ] GC(215) Pause Young (Allocation Failure) 550M->5M(1979M) 2.180ms
[175.814s][info][gc,cpu         ] GC(215) User=0.00s Sys=0.00s Real=0.00s
[176.581s][info][gc,start       ] GC(216) Pause Young (Allocation Failure)
[176.583s][info][gc,heap        ] GC(216) DefNew: 560436K->1176K(629120K)
[176.583s][info][gc,heap        ] GC(216) Tenured: 4583K->4583K(1398144K)
[176.583s][info][gc,metaspace   ] GC(216) Metaspace: 19136K(19968K)->19136K(19968K) NonClass: 16966K(17408K)->16966K(17408K) Class: 2169K(2560K)->2169K(2560K)
[176.583s][info][gc             ] GC(216) Pause Young (Allocation Failure) 551M->5M(1979M) 2.080ms
[176.583s][info][gc,cpu         ] GC(216) User=0.00s Sys=0.00s Real=0.01s
[177.310s][info][gc,start       ] GC(217) Pause Full (System.gc())
[177.310s][info][gc,phases,start] GC(217) Phase 1: Mark live objects
[177.317s][info][gc,phases      ] GC(217) Phase 1: Mark live objects 7.365ms
[177.317s][info][gc,phases,start] GC(217) Phase 2: Compute new object addresses
[177.449s][info][gc,phases      ] GC(217) Phase 2: Compute new object addresses 131.716ms
[177.476s][info][gc,phases,start] GC(217) Phase 3: Adjust pointers
[177.483s][info][gc,phases      ] GC(217) Phase 3: Adjust pointers 6.259ms
[177.483s][info][gc,phases,start] GC(217) Phase 4: Move objects
[177.483s][info][gc,phases      ] GC(217) Phase 4: Move objects 0.016ms
[177.483s][info][gc,heap        ] GC(217) DefNew: 521343K->0K(629120K)
[177.483s][info][gc,heap        ] GC(217) Tenured: 4583K->4583K(1398144K)
[177.483s][info][gc,metaspace   ] GC(217) Metaspace: 19136K(19968K)->19136K(19968K) NonClass: 16966K(17408K)->16966K(17408K) Class: 2169K(2560K)->2169K(2560K)
[177.483s][info][gc             ] GC(217) Pause Full (System.gc()) 513M->4M(1979M) 173.156ms
[177.483s][info][gc,cpu         ] GC(217) User=0.09s Sys=0.00s Real=0.17s
[178.241s][info][gc,start       ] GC(218) Pause Young (Allocation Failure)
[178.243s][info][gc,heap        ] GC(218) DefNew: 559232K->1292K(629120K)
[178.243s][info][gc,heap        ] GC(218) Tenured: 4583K->4583K(1398144K)
[178.243s][info][gc,metaspace   ] GC(218) Metaspace: 19136K(19968K)->19136K(19968K) NonClass: 16966K(17408K)->16966K(17408K) Class: 2169K(2560K)->2169K(2560K)
[178.243s][info][gc             ] GC(218) Pause Young (Allocation Failure) 550M->5M(1979M) 2.312ms
[178.243s][info][gc,cpu         ] GC(218) User=0.00s Sys=0.00s Real=0.00s
[179.018s][info][gc,start       ] GC(219) Pause Young (Allocation Failure)
[179.020s][info][gc,heap        ] GC(219) DefNew: 560524K->1266K(629120K)
[179.020s][info][gc,heap        ] GC(219) Tenured: 4583K->4583K(1398144K)
[179.020s][info][gc,metaspace   ] GC(219) Metaspace: 19136K(19968K)->19136K(19968K) NonClass: 16966K(17408K)->16966K(17408K) Class: 2169K(2560K)->2169K(2560K)
[179.020s][info][gc             ] GC(219) Pause Young (Allocation Failure) 551M->5M(1979M) 2.067ms
[179.020s][info][gc,cpu         ] GC(219) User=0.00s Sys=0.00s Real=0.00s
[179.745s][info][gc,start       ] GC(220) Pause Full (System.gc())
[179.746s][info][gc,phases,start] GC(220) Phase 1: Mark live objects
[179.753s][info][gc,phases      ] GC(220) Phase 1: Mark live objects 7.298ms
[179.753s][info][gc,phases,start] GC(220) Phase 2: Compute new object addresses
[179.885s][info][gc,phases      ] GC(220) Phase 2: Compute new object addresses 131.955ms
[179.885s][info][gc,phases,start] GC(220) Phase 3: Adjust pointers
[179.890s][info][gc,phases      ] GC(220) Phase 3: Adjust pointers 5.362ms
[179.890s][info][gc,phases,start] GC(220) Phase 4: Move objects
[179.890s][info][gc,phases      ] GC(220) Phase 4: Move objects 0.015ms
[179.890s][info][gc,heap        ] GC(220) DefNew: 513926K->0K(629120K)
[179.890s][info][gc,heap        ] GC(220) Tenured: 4583K->4583K(1398144K)
[179.890s][info][gc,metaspace   ] GC(220) Metaspace: 19136K(19968K)->19136K(19968K) NonClass: 16966K(17408K)->16966K(17408K) Class: 2169K(2560K)->2169K(2560K)
[179.891s][info][gc             ] GC(220) Pause Full (System.gc()) 506M->4M(1979M) 145.108ms
[179.891s][info][gc,cpu         ] GC(220) User=0.11s Sys=0.00s Real=0.15s
[180.669s][info][gc,start       ] GC(221) Pause Young (Allocation Failure)
[180.671s][info][gc,heap        ] GC(221) DefNew: 559232K->1199K(629120K)
[180.671s][info][gc,heap        ] GC(221) Tenured: 4583K->4583K(1398144K)
[180.671s][info][gc,metaspace   ] GC(221) Metaspace: 19136K(19968K)->19136K(19968K) NonClass: 16966K(17408K)->16966K(17408K) Class: 2169K(2560K)->2169K(2560K)
[180.671s][info][gc             ] GC(221) Pause Young (Allocation Failure) 550M->5M(1979M) 2.177ms
[180.671s][info][gc,cpu         ] GC(221) User=0.00s Sys=0.00s Real=0.00s
[181.446s][info][gc,start       ] GC(222) Pause Young (Allocation Failure)
[181.448s][info][gc,heap        ] GC(222) DefNew: 560431K->1126K(629120K)
[181.448s][info][gc,heap        ] GC(222) Tenured: 4583K->4583K(1398144K)
[181.448s][info][gc,metaspace   ] GC(222) Metaspace: 19136K(19968K)->19136K(19968K) NonClass: 16966K(17408K)->16966K(17408K) Class: 2169K(2560K)->2169K(2560K)
[181.448s][info][gc             ] GC(222) Pause Young (Allocation Failure) 551M->5M(1979M) 2.034ms
[181.448s][info][gc,cpu         ] GC(222) User=0.00s Sys=0.00s Real=0.00s
[182.175s][info][gc,start       ] GC(223) Pause Full (System.gc())
[182.175s][info][gc,phases,start] GC(223) Phase 1: Mark live objects
[182.182s][info][gc,phases      ] GC(223) Phase 1: Mark live objects 6.860ms
[182.182s][info][gc,phases,start] GC(223) Phase 2: Compute new object addresses
[182.314s][info][gc,phases      ] GC(223) Phase 2: Compute new object addresses 131.676ms
[182.314s][info][gc,phases,start] GC(223) Phase 3: Adjust pointers
[182.319s][info][gc,phases      ] GC(223) Phase 3: Adjust pointers 5.372ms
[182.319s][info][gc,phases,start] GC(223) Phase 4: Move objects
[182.319s][info][gc,phases      ] GC(223) Phase 4: Move objects 0.014ms
[182.320s][info][gc,heap        ] GC(223) DefNew: 520802K->0K(629120K)
[182.320s][info][gc,heap        ] GC(223) Tenured: 4583K->4583K(1398144K)
[182.320s][info][gc,metaspace   ] GC(223) Metaspace: 19136K(19968K)->19136K(19968K) NonClass: 16966K(17408K)->16966K(17408K) Class: 2169K(2560K)->2169K(2560K)
[182.320s][info][gc             ] GC(223) Pause Full (System.gc()) 513M->4M(1979M) 144.393ms
[182.320s][info][gc,cpu         ] GC(223) User=0.14s Sys=0.00s Real=0.15s
[183.093s][info][gc,start       ] GC(224) Pause Young (Allocation Failure)
[183.095s][info][gc,heap        ] GC(224) DefNew: 559232K->1149K(629120K)
[183.095s][info][gc,heap        ] GC(224) Tenured: 4583K->4583K(1398144K)
[183.095s][info][gc,metaspace   ] GC(224) Metaspace: 19136K(19968K)->19136K(19968K) NonClass: 16966K(17408K)->16966K(17408K) Class: 2169K(2560K)->2169K(2560K)
[183.095s][info][gc             ] GC(224) Pause Young (Allocation Failure) 550M->5M(1979M) 2.125ms
[183.095s][info][gc,cpu         ] GC(224) User=0.00s Sys=0.00s Real=0.01s
[183.870s][info][gc,start       ] GC(225) Pause Young (Allocation Failure)
[183.872s][info][gc,heap        ] GC(225) DefNew: 560381K->1213K(629120K)
[183.872s][info][gc,heap        ] GC(225) Tenured: 4583K->4583K(1398144K)
[183.872s][info][gc,metaspace   ] GC(225) Metaspace: 19136K(19968K)->19136K(19968K) NonClass: 16966K(17408K)->16966K(17408K) Class: 2169K(2560K)->2169K(2560K)
[183.872s][info][gc             ] GC(225) Pause Young (Allocation Failure) 551M->5M(1979M) 2.036ms
[183.872s][info][gc,cpu         ] GC(225) User=0.00s Sys=0.00s Real=0.00s
[184.609s][info][gc,start       ] GC(226) Pause Full (System.gc())
[184.609s][info][gc,phases,start] GC(226) Phase 1: Mark live objects
[184.616s][info][gc,phases      ] GC(226) Phase 1: Mark live objects 7.184ms
[184.616s][info][gc,phases,start] GC(226) Phase 2: Compute new object addresses
[184.748s][info][gc,phases      ] GC(226) Phase 2: Compute new object addresses 131.928ms
[184.748s][info][gc,phases,start] GC(226) Phase 3: Adjust pointers
[184.755s][info][gc,phases      ] GC(226) Phase 3: Adjust pointers 6.228ms
[184.755s][info][gc,phases,start] GC(226) Phase 4: Move objects
[184.755s][info][gc,phases      ] GC(226) Phase 4: Move objects 0.016ms
[184.755s][info][gc,heap        ] GC(226) DefNew: 524729K->0K(629120K)
[184.755s][info][gc,heap        ] GC(226) Tenured: 4583K->4583K(1398144K)
[184.755s][info][gc,metaspace   ] GC(226) Metaspace: 19136K(19968K)->19136K(19968K) NonClass: 16966K(17408K)->16966K(17408K) Class: 2169K(2560K)->2169K(2560K)
[184.755s][info][gc             ] GC(226) Pause Full (System.gc()) 516M->4M(1979M) 145.853ms
[184.755s][info][gc,cpu         ] GC(226) User=0.12s Sys=0.00s Real=0.15s
[185.518s][info][gc,start       ] GC(227) Pause Young (Allocation Failure)
[185.520s][info][gc,heap        ] GC(227) DefNew: 559232K->1254K(629120K)
[185.520s][info][gc,heap        ] GC(227) Tenured: 4583K->4583K(1398144K)
[185.520s][info][gc,metaspace   ] GC(227) Metaspace: 19136K(19968K)->19136K(19968K) NonClass: 16966K(17408K)->16966K(17408K) Class: 2169K(2560K)->2169K(2560K)
[185.520s][info][gc             ] GC(227) Pause Young (Allocation Failure) 550M->5M(1979M) 2.274ms
[185.520s][info][gc,cpu         ] GC(227) User=0.00s Sys=0.00s Real=0.00s
[186.295s][info][gc,start       ] GC(228) Pause Young (Allocation Failure)
[186.297s][info][gc,heap        ] GC(228) DefNew: 560486K->1154K(629120K)
[186.297s][info][gc,heap        ] GC(228) Tenured: 4583K->4583K(1398144K)
[186.297s][info][gc,metaspace   ] GC(228) Metaspace: 19136K(19968K)->19136K(19968K) NonClass: 16966K(17408K)->16966K(17408K) Class: 2169K(2560K)->2169K(2560K)
[186.297s][info][gc             ] GC(228) Pause Young (Allocation Failure) 551M->5M(1979M) 1.916ms
[186.297s][info][gc,cpu         ] GC(228) User=0.00s Sys=0.00s Real=0.00s
[187.016s][info][gc,start       ] GC(229) Pause Full (System.gc())
[187.016s][info][gc,phases,start] GC(229) Phase 1: Mark live objects
[187.024s][info][gc,phases      ] GC(229) Phase 1: Mark live objects 7.901ms
[187.024s][info][gc,phases,start] GC(229) Phase 2: Compute new object addresses
[187.155s][info][gc,phases      ] GC(229) Phase 2: Compute new object addresses 131.128ms
[187.155s][info][gc,phases,start] GC(229) Phase 3: Adjust pointers
[187.161s][info][gc,phases      ] GC(229) Phase 3: Adjust pointers 5.278ms
[187.161s][info][gc,phases,start] GC(229) Phase 4: Move objects
[187.161s][info][gc,phases      ] GC(229) Phase 4: Move objects 0.015ms
[187.161s][info][gc,heap        ] GC(229) DefNew: 513765K->0K(629120K)
[187.161s][info][gc,heap        ] GC(229) Tenured: 4583K->4583K(1398144K)
[187.161s][info][gc,metaspace   ] GC(229) Metaspace: 19136K(19968K)->19136K(19968K) NonClass: 16966K(17408K)->16966K(17408K) Class: 2169K(2560K)->2169K(2560K)
[187.161s][info][gc             ] GC(229) Pause Full (System.gc()) 506M->4M(1979M) 144.995ms
[187.161s][info][gc,cpu         ] GC(229) User=0.11s Sys=0.00s Real=0.14s
[187.933s][info][gc,start       ] GC(230) Pause Young (Allocation Failure)
[187.935s][info][gc,heap        ] GC(230) DefNew: 559232K->1212K(629120K)
[187.935s][info][gc,heap        ] GC(230) Tenured: 4583K->4583K(1398144K)
[187.935s][info][gc,metaspace   ] GC(230) Metaspace: 19136K(19968K)->19136K(19968K) NonClass: 16966K(17408K)->16966K(17408K) Class: 2169K(2560K)->2169K(2560K)
[187.936s][info][gc             ] GC(230) Pause Young (Allocation Failure) 550M->5M(1979M) 2.196ms
[187.936s][info][gc,cpu         ] GC(230) User=0.00s Sys=0.00s Real=0.01s
[188.710s][info][gc,start       ] GC(231) Pause Young (Allocation Failure)
[188.712s][info][gc,heap        ] GC(231) DefNew: 560444K->1234K(629120K)
[188.712s][info][gc,heap        ] GC(231) Tenured: 4583K->4583K(1398144K)
[188.712s][info][gc,metaspace   ] GC(231) Metaspace: 19136K(19968K)->19136K(19968K) NonClass: 16966K(17408K)->16966K(17408K) Class: 2169K(2560K)->2169K(2560K)
[188.712s][info][gc             ] GC(231) Pause Young (Allocation Failure) 551M->5M(1979M) 2.132ms
[188.712s][info][gc,cpu         ] GC(231) User=0.00s Sys=0.00s Real=0.01s
[189.438s][info][gc,start       ] GC(232) Pause Full (System.gc())
[189.438s][info][gc,phases,start] GC(232) Phase 1: Mark live objects
[189.445s][info][gc,phases      ] GC(232) Phase 1: Mark live objects 6.828ms
[189.445s][info][gc,phases,start] GC(232) Phase 2: Compute new object addresses
[189.585s][info][gc,phases      ] GC(232) Phase 2: Compute new object addresses 139.980ms
[189.585s][info][gc,phases,start] GC(232) Phase 3: Adjust pointers
[189.592s][info][gc,phases      ] GC(232) Phase 3: Adjust pointers 6.536ms
[189.592s][info][gc,phases,start] GC(232) Phase 4: Move objects
[189.592s][info][gc,phases      ] GC(232) Phase 4: Move objects 0.016ms
[189.592s][info][gc,heap        ] GC(232) DefNew: 520551K->0K(629120K)
[189.592s][info][gc,heap        ] GC(232) Tenured: 4583K->4583K(1398144K)
[189.592s][info][gc,metaspace   ] GC(232) Metaspace: 19136K(19968K)->19136K(19968K) NonClass: 16966K(17408K)->16966K(17408K) Class: 2169K(2560K)->2169K(2560K)
[189.592s][info][gc             ] GC(232) Pause Full (System.gc()) 512M->4M(1979M) 153.862ms
[189.592s][info][gc,cpu         ] GC(232) User=0.12s Sys=0.00s Real=0.15s
[190.363s][info][gc,start       ] GC(233) Pause Young (Allocation Failure)
[190.365s][info][gc,heap        ] GC(233) DefNew: 559232K->1167K(629120K)
[190.365s][info][gc,heap        ] GC(233) Tenured: 4583K->4583K(1398144K)
[190.365s][info][gc,metaspace   ] GC(233) Metaspace: 19136K(19968K)->19136K(19968K) NonClass: 16966K(17408K)->16966K(17408K) Class: 2169K(2560K)->2169K(2560K)
[190.365s][info][gc             ] GC(233) Pause Young (Allocation Failure) 550M->5M(1979M) 2.197ms
[190.365s][info][gc,cpu         ] GC(233) User=0.00s Sys=0.00s Real=0.01s
[191.138s][info][gc,start       ] GC(234) Pause Young (Allocation Failure)
[191.140s][info][gc,heap        ] GC(234) DefNew: 560399K->1189K(629120K)
[191.140s][info][gc,heap        ] GC(234) Tenured: 4583K->4583K(1398144K)
[191.140s][info][gc,metaspace   ] GC(234) Metaspace: 19136K(19968K)->19136K(19968K) NonClass: 16966K(17408K)->16966K(17408K) Class: 2169K(2560K)->2169K(2560K)
[191.140s][info][gc             ] GC(234) Pause Young (Allocation Failure) 551M->5M(1979M) 2.186ms
[191.140s][info][gc,cpu         ] GC(234) User=0.00s Sys=0.00s Real=0.00s
[191.867s][info][gc,start       ] GC(235) Pause Full (System.gc())
[191.868s][info][gc,phases,start] GC(235) Phase 1: Mark live objects
[191.875s][info][gc,phases      ] GC(235) Phase 1: Mark live objects 7.630ms
[191.875s][info][gc,phases,start] GC(235) Phase 2: Compute new object addresses
[192.012s][info][gc,phases      ] GC(235) Phase 2: Compute new object addresses 136.815ms
[192.012s][info][gc,phases,start] GC(235) Phase 3: Adjust pointers
[192.018s][info][gc,phases      ] GC(235) Phase 3: Adjust pointers 5.398ms
[192.018s][info][gc,phases,start] GC(235) Phase 4: Move objects
[192.018s][info][gc,phases      ] GC(235) Phase 4: Move objects 0.016ms
[192.018s][info][gc,heap        ] GC(235) DefNew: 520080K->0K(629120K)
[192.018s][info][gc,heap        ] GC(235) Tenured: 4583K->4583K(1398144K)
[192.018s][info][gc,metaspace   ] GC(235) Metaspace: 19136K(19968K)->19136K(19968K) NonClass: 16966K(17408K)->16966K(17408K) Class: 2169K(2560K)->2169K(2560K)
[192.018s][info][gc             ] GC(235) Pause Full (System.gc()) 512M->4M(1979M) 150.388ms
[192.018s][info][gc,cpu         ] GC(235) User=0.11s Sys=0.00s Real=0.16s
[192.793s][info][gc,start       ] GC(236) Pause Young (Allocation Failure)
[192.795s][info][gc,heap        ] GC(236) DefNew: 559232K->1107K(629120K)
[192.795s][info][gc,heap        ] GC(236) Tenured: 4583K->4583K(1398144K)
[192.795s][info][gc,metaspace   ] GC(236) Metaspace: 19136K(19968K)->19136K(19968K) NonClass: 16966K(17408K)->16966K(17408K) Class: 2169K(2560K)->2169K(2560K)
[192.795s][info][gc             ] GC(236) Pause Young (Allocation Failure) 550M->5M(1979M) 2.029ms
[192.795s][info][gc,cpu         ] GC(236) User=0.00s Sys=0.00s Real=0.00s
[193.575s][info][gc,start       ] GC(237) Pause Young (Allocation Failure)
[193.577s][info][gc,heap        ] GC(237) DefNew: 560339K->1347K(629120K)
[193.577s][info][gc,heap        ] GC(237) Tenured: 4583K->4583K(1398144K)
[193.577s][info][gc,metaspace   ] GC(237) Metaspace: 19136K(19968K)->19136K(19968K) NonClass: 16966K(17408K)->16966K(17408K) Class: 2169K(2560K)->2169K(2560K)
[193.577s][info][gc             ] GC(237) Pause Young (Allocation Failure) 551M->5M(1979M) 2.804ms
[193.577s][info][gc,cpu         ] GC(237) User=0.00s Sys=0.00s Real=0.01s
[194.297s][info][gc,start       ] GC(238) Pause Full (System.gc())
[194.298s][info][gc,phases,start] GC(238) Phase 1: Mark live objects
[194.306s][info][gc,phases      ] GC(238) Phase 1: Mark live objects 8.231ms
[194.306s][info][gc,phases,start] GC(238) Phase 2: Compute new object addresses
[194.437s][info][gc,phases      ] GC(238) Phase 2: Compute new object addresses 131.566ms
[194.438s][info][gc,phases,start] GC(238) Phase 3: Adjust pointers
[194.444s][info][gc,phases      ] GC(238) Phase 3: Adjust pointers 6.893ms
[194.445s][info][gc,phases,start] GC(238) Phase 4: Move objects
[194.445s][info][gc,phases      ] GC(238) Phase 4: Move objects 0.029ms
[194.445s][info][gc,heap        ] GC(238) DefNew: 516007K->0K(629120K)
[194.445s][info][gc,heap        ] GC(238) Tenured: 4583K->4583K(1398144K)
[194.445s][info][gc,metaspace   ] GC(238) Metaspace: 19136K(19968K)->19136K(19968K) NonClass: 16966K(17408K)->16966K(17408K) Class: 2169K(2560K)->2169K(2560K)
[194.445s][info][gc             ] GC(238) Pause Full (System.gc()) 508M->4M(1979M) 147.572ms
[194.445s][info][gc,cpu         ] GC(238) User=0.11s Sys=0.00s Real=0.15s
[195.202s][info][gc,start       ] GC(239) Pause Young (Allocation Failure)
[195.204s][info][gc,heap        ] GC(239) DefNew: 559232K->1249K(629120K)
[195.204s][info][gc,heap        ] GC(239) Tenured: 4583K->4583K(1398144K)
[195.204s][info][gc,metaspace   ] GC(239) Metaspace: 19136K(19968K)->19136K(19968K) NonClass: 16966K(17408K)->16966K(17408K) Class: 2169K(2560K)->2169K(2560K)
[195.204s][info][gc             ] GC(239) Pause Young (Allocation Failure) 550M->5M(1979M) 2.313ms
[195.204s][info][gc,cpu         ] GC(239) User=0.00s Sys=0.00s Real=0.00s
[195.979s][info][gc,start       ] GC(240) Pause Young (Allocation Failure)
[195.981s][info][gc,heap        ] GC(240) DefNew: 560481K->1164K(629120K)
[195.981s][info][gc,heap        ] GC(240) Tenured: 4583K->4583K(1398144K)
[195.981s][info][gc,metaspace   ] GC(240) Metaspace: 19136K(19968K)->19136K(19968K) NonClass: 16966K(17408K)->16966K(17408K) Class: 2169K(2560K)->2169K(2560K)
[195.981s][info][gc             ] GC(240) Pause Young (Allocation Failure) 551M->5M(1979M) 2.258ms
[195.981s][info][gc,cpu         ] GC(240) User=0.02s Sys=0.00s Real=0.01s
[196.699s][info][gc,start       ] GC(241) Pause Full (System.gc())
[196.699s][info][gc,phases,start] GC(241) Phase 1: Mark live objects
[196.707s][info][gc,phases      ] GC(241) Phase 1: Mark live objects 7.082ms
[196.707s][info][gc,phases,start] GC(241) Phase 2: Compute new object addresses
[196.840s][info][gc,phases      ] GC(241) Phase 2: Compute new object addresses 132.991ms
[196.840s][info][gc,phases,start] GC(241) Phase 3: Adjust pointers
[196.845s][info][gc,phases      ] GC(241) Phase 3: Adjust pointers 5.577ms
[196.845s][info][gc,phases,start] GC(241) Phase 4: Move objects
[196.845s][info][gc,phases      ] GC(241) Phase 4: Move objects 0.016ms
[196.845s][info][gc,heap        ] GC(241) DefNew: 514866K->0K(629120K)
[196.845s][info][gc,heap        ] GC(241) Tenured: 4583K->4583K(1398144K)
[196.845s][info][gc,metaspace   ] GC(241) Metaspace: 19136K(19968K)->19136K(19968K) NonClass: 16966K(17408K)->16966K(17408K) Class: 2169K(2560K)->2169K(2560K)
[196.845s][info][gc             ] GC(241) Pause Full (System.gc()) 507M->4M(1979M) 146.203ms
[196.846s][info][gc,cpu         ] GC(241) User=0.09s Sys=0.00s Real=0.15s
[197.597s][info][gc,start       ] GC(242) Pause Young (Allocation Failure)
[197.599s][info][gc,heap        ] GC(242) DefNew: 559232K->1289K(629120K)
[197.599s][info][gc,heap        ] GC(242) Tenured: 4583K->4583K(1398144K)
[197.599s][info][gc,metaspace   ] GC(242) Metaspace: 19136K(19968K)->19136K(19968K) NonClass: 16966K(17408K)->16966K(17408K) Class: 2169K(2560K)->2169K(2560K)
[197.599s][info][gc             ] GC(242) Pause Young (Allocation Failure) 550M->5M(1979M) 2.298ms
[197.599s][info][gc,cpu         ] GC(242) User=0.00s Sys=0.00s Real=0.00s
[198.374s][info][gc,start       ] GC(243) Pause Young (Allocation Failure)
[198.376s][info][gc,heap        ] GC(243) DefNew: 560521K->1206K(629120K)
[198.376s][info][gc,heap        ] GC(243) Tenured: 4583K->4583K(1398144K)
[198.376s][info][gc,metaspace   ] GC(243) Metaspace: 19136K(19968K)->19136K(19968K) NonClass: 16966K(17408K)->16966K(17408K) Class: 2169K(2560K)->2169K(2560K)
[198.376s][info][gc             ] GC(243) Pause Young (Allocation Failure) 551M->5M(1979M) 2.016ms
[198.376s][info][gc,cpu         ] GC(243) User=0.00s Sys=0.00s Real=0.00s
[199.086s][info][gc,start       ] GC(244) Pause Full (System.gc())
[199.087s][info][gc,phases,start] GC(244) Phase 1: Mark live objects
[199.094s][info][gc,phases      ] GC(244) Phase 1: Mark live objects 7.565ms
[199.094s][info][gc,phases,start] GC(244) Phase 2: Compute new object addresses
[199.233s][info][gc,phases      ] GC(244) Phase 2: Compute new object addresses 138.927ms
[199.233s][info][gc,phases,start] GC(244) Phase 3: Adjust pointers
[199.239s][info][gc,phases      ] GC(244) Phase 3: Adjust pointers 5.439ms
[199.239s][info][gc,phases,start] GC(244) Phase 4: Move objects
[199.239s][info][gc,phases      ] GC(244) Phase 4: Move objects 0.018ms
[199.239s][info][gc,heap        ] GC(244) DefNew: 519673K->0K(629120K)
[199.239s][info][gc,heap        ] GC(244) Tenured: 4583K->4583K(1398144K)
[199.239s][info][gc,metaspace   ] GC(244) Metaspace: 19136K(19968K)->19136K(19968K) NonClass: 16966K(17408K)->16966K(17408K) Class: 2169K(2560K)->2169K(2560K)
[199.239s][info][gc             ] GC(244) Pause Full (System.gc()) 511M->4M(1979M) 152.438ms
[199.239s][info][gc,cpu         ] GC(244) User=0.08s Sys=0.00s Real=0.15s
[200.004s][info][gc,start       ] GC(245) Pause Young (Allocation Failure)
[200.006s][info][gc,heap        ] GC(245) DefNew: 559232K->1229K(629120K)
[200.006s][info][gc,heap        ] GC(245) Tenured: 4583K->4583K(1398144K)
[200.006s][info][gc,metaspace   ] GC(245) Metaspace: 19136K(19968K)->19136K(19968K) NonClass: 16966K(17408K)->16966K(17408K) Class: 2169K(2560K)->2169K(2560K)
[200.006s][info][gc             ] GC(245) Pause Young (Allocation Failure) 550M->5M(1979M) 2.194ms
[200.006s][info][gc,cpu         ] GC(245) User=0.00s Sys=0.00s Real=0.00s
[200.785s][info][gc,start       ] GC(246) Pause Young (Allocation Failure)
[200.787s][info][gc,heap        ] GC(246) DefNew: 560461K->1118K(629120K)
[200.787s][info][gc,heap        ] GC(246) Tenured: 4583K->4583K(1398144K)
[200.787s][info][gc,metaspace   ] GC(246) Metaspace: 19136K(19968K)->19136K(19968K) NonClass: 16966K(17408K)->16966K(17408K) Class: 2169K(2560K)->2169K(2560K)
[200.787s][info][gc             ] GC(246) Pause Young (Allocation Failure) 551M->5M(1979M) 1.897ms
[200.787s][info][gc,cpu         ] GC(246) User=0.00s Sys=0.00s Real=0.00s
[201.501s][info][gc,start       ] GC(247) Pause Full (System.gc())
[201.501s][info][gc,phases,start] GC(247) Phase 1: Mark live objects
[201.509s][info][gc,phases      ] GC(247) Phase 1: Mark live objects 7.434ms
[201.509s][info][gc,phases,start] GC(247) Phase 2: Compute new object addresses
[201.640s][info][gc,phases      ] GC(247) Phase 2: Compute new object addresses 131.651ms
[201.640s][info][gc,phases,start] GC(247) Phase 3: Adjust pointers
[201.646s][info][gc,phases      ] GC(247) Phase 3: Adjust pointers 5.298ms
[201.646s][info][gc,phases,start] GC(247) Phase 4: Move objects
[201.646s][info][gc,phases      ] GC(247) Phase 4: Move objects 0.015ms
[201.646s][info][gc,heap        ] GC(247) DefNew: 512880K->0K(629120K)
[201.646s][info][gc,heap        ] GC(247) Tenured: 4583K->4583K(1398144K)
[201.646s][info][gc,metaspace   ] GC(247) Metaspace: 19136K(19968K)->19136K(19968K) NonClass: 16966K(17408K)->16966K(17408K) Class: 2169K(2560K)->2169K(2560K)
[201.646s][info][gc             ] GC(247) Pause Full (System.gc()) 505M->4M(1979M) 144.859ms
[201.646s][info][gc,cpu         ] GC(247) User=0.08s Sys=0.00s Real=0.15s
[202.424s][info][gc,start       ] GC(248) Pause Young (Allocation Failure)
[202.427s][info][gc,heap        ] GC(248) DefNew: 559232K->1339K(629120K)
[202.427s][info][gc,heap        ] GC(248) Tenured: 4583K->4583K(1398144K)
[202.427s][info][gc,metaspace   ] GC(248) Metaspace: 19136K(19968K)->19136K(19968K) NonClass: 16966K(17408K)->16966K(17408K) Class: 2169K(2560K)->2169K(2560K)
[202.427s][info][gc             ] GC(248) Pause Young (Allocation Failure) 550M->5M(1979M) 2.372ms
[202.427s][info][gc,cpu         ] GC(248) User=0.00s Sys=0.00s Real=0.00s
[203.205s][info][gc,start       ] GC(249) Pause Young (Allocation Failure)
[203.207s][info][gc,heap        ] GC(249) DefNew: 560571K->1346K(629120K)
[203.207s][info][gc,heap        ] GC(249) Tenured: 4583K->4583K(1398144K)
[203.207s][info][gc,metaspace   ] GC(249) Metaspace: 19136K(19968K)->19136K(19968K) NonClass: 16966K(17408K)->16966K(17408K) Class: 2169K(2560K)->2169K(2560K)
[203.207s][info][gc             ] GC(249) Pause Young (Allocation Failure) 551M->5M(1979M) 2.203ms
[203.207s][info][gc,cpu         ] GC(249) User=0.00s Sys=0.00s Real=0.00s
[203.927s][info][gc,start       ] GC(250) Pause Full (System.gc())
[203.928s][info][gc,phases,start] GC(250) Phase 1: Mark live objects
[203.935s][info][gc,phases      ] GC(250) Phase 1: Mark live objects 7.389ms
[203.935s][info][gc,phases,start] GC(250) Phase 2: Compute new object addresses
[204.069s][info][gc,phases      ] GC(250) Phase 2: Compute new object addresses 133.962ms
[204.069s][info][gc,phases,start] GC(250) Phase 3: Adjust pointers
[204.074s][info][gc,phases      ] GC(250) Phase 3: Adjust pointers 5.321ms
[204.075s][info][gc,phases,start] GC(250) Phase 4: Move objects
[204.075s][info][gc,phases      ] GC(250) Phase 4: Move objects 0.016ms
[204.075s][info][gc,heap        ] GC(250) DefNew: 518232K->0K(629120K)
[204.075s][info][gc,heap        ] GC(250) Tenured: 4583K->4583K(1398144K)
[204.075s][info][gc,metaspace   ] GC(250) Metaspace: 19136K(19968K)->19136K(19968K) NonClass: 16966K(17408K)->16966K(17408K) Class: 2169K(2560K)->2169K(2560K)
[204.075s][info][gc             ] GC(250) Pause Full (System.gc()) 510M->4M(1979M) 147.267ms
[204.075s][info][gc,cpu         ] GC(250) User=0.11s Sys=0.00s Real=0.15s
[204.842s][info][gc,start       ] GC(251) Pause Young (Allocation Failure)
[204.845s][info][gc,heap        ] GC(251) DefNew: 559232K->1240K(629120K)
[204.845s][info][gc,heap        ] GC(251) Tenured: 4583K->4583K(1398144K)
[204.845s][info][gc,metaspace   ] GC(251) Metaspace: 19136K(19968K)->19136K(19968K) NonClass: 16966K(17408K)->16966K(17408K) Class: 2169K(2560K)->2169K(2560K)
[204.845s][info][gc             ] GC(251) Pause Young (Allocation Failure) 550M->5M(1979M) 2.243ms
[204.845s][info][gc,cpu         ] GC(251) User=0.00s Sys=0.00s Real=0.00s
[205.628s][info][gc,start       ] GC(252) Pause Young (Allocation Failure)
[205.630s][info][gc,heap        ] GC(252) DefNew: 560472K->1147K(629120K)
[205.630s][info][gc,heap        ] GC(252) Tenured: 4583K->4583K(1398144K)
[205.630s][info][gc,metaspace   ] GC(252) Metaspace: 19136K(19968K)->19136K(19968K) NonClass: 16966K(17408K)->16966K(17408K) Class: 2169K(2560K)->2169K(2560K)
[205.630s][info][gc             ] GC(252) Pause Young (Allocation Failure) 551M->5M(1979M) 2.014ms
[205.630s][info][gc,cpu         ] GC(252) User=0.00s Sys=0.00s Real=0.00s
[206.356s][info][gc,start       ] GC(253) Pause Full (System.gc())
[206.356s][info][gc,phases,start] GC(253) Phase 1: Mark live objects
[206.363s][info][gc,phases      ] GC(253) Phase 1: Mark live objects 7.188ms
[206.363s][info][gc,phases,start] GC(253) Phase 2: Compute new object addresses
[206.494s][info][gc,phases      ] GC(253) Phase 2: Compute new object addresses 131.227ms
[206.494s][info][gc,phases,start] GC(253) Phase 3: Adjust pointers
[206.501s][info][gc,phases      ] GC(253) Phase 3: Adjust pointers 6.139ms
[206.501s][info][gc,phases,start] GC(253) Phase 4: Move objects
[206.501s][info][gc,phases      ] GC(253) Phase 4: Move objects 0.017ms
[206.501s][info][gc,heap        ] GC(253) DefNew: 519763K->0K(629120K)
[206.501s][info][gc,heap        ] GC(253) Tenured: 4583K->4583K(1398144K)
[206.501s][info][gc,metaspace   ] GC(253) Metaspace: 19136K(19968K)->19136K(19968K) NonClass: 16966K(17408K)->16966K(17408K) Class: 2169K(2560K)->2169K(2560K)
[206.501s][info][gc             ] GC(253) Pause Full (System.gc()) 512M->4M(1979M) 145.062ms
[206.501s][info][gc,cpu         ] GC(253) User=0.14s Sys=0.00s Real=0.15s
[207.258s][info][gc,start       ] GC(254) Pause Young (Allocation Failure)
[207.260s][info][gc,heap        ] GC(254) DefNew: 559232K->1085K(629120K)
[207.260s][info][gc,heap        ] GC(254) Tenured: 4583K->4583K(1398144K)
[207.260s][info][gc,metaspace   ] GC(254) Metaspace: 19136K(19968K)->19136K(19968K) NonClass: 16966K(17408K)->16966K(17408K) Class: 2169K(2560K)->2169K(2560K)
[207.260s][info][gc             ] GC(254) Pause Young (Allocation Failure) 550M->5M(1979M) 2.057ms
[207.260s][info][gc,cpu         ] GC(254) User=0.00s Sys=0.00s Real=0.00s
[208.037s][info][gc,start       ] GC(255) Pause Young (Allocation Failure)
[208.039s][info][gc,heap        ] GC(255) DefNew: 560317K->1227K(629120K)
[208.039s][info][gc,heap        ] GC(255) Tenured: 4583K->4583K(1398144K)
[208.039s][info][gc,metaspace   ] GC(255) Metaspace: 19136K(19968K)->19136K(19968K) NonClass: 16966K(17408K)->16966K(17408K) Class: 2169K(2560K)->2169K(2560K)
[208.039s][info][gc             ] GC(255) Pause Young (Allocation Failure) 551M->5M(1979M) 2.155ms
[208.039s][info][gc,cpu         ] GC(255) User=0.00s Sys=0.00s Real=0.00s
[208.758s][info][gc,start       ] GC(256) Pause Full (System.gc())
[208.758s][info][gc,phases,start] GC(256) Phase 1: Mark live objects
[208.766s][info][gc,phases      ] GC(256) Phase 1: Mark live objects 7.525ms
[208.766s][info][gc,phases,start] GC(256) Phase 2: Compute new object addresses
[208.900s][info][gc,phases      ] GC(256) Phase 2: Compute new object addresses 134.386ms
[208.900s][info][gc,phases,start] GC(256) Phase 3: Adjust pointers
[208.906s][info][gc,phases      ] GC(256) Phase 3: Adjust pointers 5.335ms
[208.906s][info][gc,phases,start] GC(256) Phase 4: Move objects
[208.906s][info][gc,phases      ] GC(256) Phase 4: Move objects 0.015ms
[208.906s][info][gc,heap        ] GC(256) DefNew: 509652K->0K(629120K)
[208.906s][info][gc,heap        ] GC(256) Tenured: 4583K->4583K(1398144K)
[208.906s][info][gc,metaspace   ] GC(256) Metaspace: 19142K(19968K)->19142K(19968K) NonClass: 16972K(17408K)->16972K(17408K) Class: 2169K(2560K)->2169K(2560K)
[208.906s][info][gc             ] GC(256) Pause Full (System.gc()) 502M->4M(1979M) 147.770ms
[208.906s][info][gc,cpu         ] GC(256) User=0.09s Sys=0.00s Real=0.15s
[209.672s][info][gc,start       ] GC(257) Pause Young (Allocation Failure)
[209.675s][info][gc,heap        ] GC(257) DefNew: 559232K->1313K(629120K)
[209.675s][info][gc,heap        ] GC(257) Tenured: 4583K->4583K(1398144K)
[209.675s][info][gc,metaspace   ] GC(257) Metaspace: 19142K(19968K)->19142K(19968K) NonClass: 16972K(17408K)->16972K(17408K) Class: 2169K(2560K)->2169K(2560K)
[209.675s][info][gc             ] GC(257) Pause Young (Allocation Failure) 550M->5M(1979M) 2.432ms
[209.675s][info][gc,cpu         ] GC(257) User=0.00s Sys=0.00s Real=0.01s
[210.451s][info][gc,start       ] GC(258) Pause Young (Allocation Failure)
[210.454s][info][gc,heap        ] GC(258) DefNew: 560545K->1265K(629120K)
[210.454s][info][gc,heap        ] GC(258) Tenured: 4583K->4583K(1398144K)
[210.454s][info][gc,metaspace   ] GC(258) Metaspace: 19142K(19968K)->19142K(19968K) NonClass: 16972K(17408K)->16972K(17408K) Class: 2169K(2560K)->2169K(2560K)
[210.454s][info][gc             ] GC(258) Pause Young (Allocation Failure) 551M->5M(1979M) 2.198ms
[210.454s][info][gc,cpu         ] GC(258) User=0.00s Sys=0.00s Real=0.01s
[211.173s][info][gc,start       ] GC(259) Pause Full (System.gc())
[211.174s][info][gc,phases,start] GC(259) Phase 1: Mark live objects
[211.181s][info][gc,phases      ] GC(259) Phase 1: Mark live objects 7.296ms
[211.181s][info][gc,phases,start] GC(259) Phase 2: Compute new object addresses
[211.311s][info][gc,phases      ] GC(259) Phase 2: Compute new object addresses 129.571ms
[211.311s][info][gc,phases,start] GC(259) Phase 3: Adjust pointers
[211.316s][info][gc,phases      ] GC(259) Phase 3: Adjust pointers 5.381ms
[211.316s][info][gc,phases,start] GC(259) Phase 4: Move objects
[211.316s][info][gc,phases      ] GC(259) Phase 4: Move objects 0.015ms
[211.316s][info][gc,heap        ] GC(259) DefNew: 519984K->0K(629120K)
[211.316s][info][gc,heap        ] GC(259) Tenured: 4583K->4583K(1398144K)
[211.316s][info][gc,metaspace   ] GC(259) Metaspace: 19142K(19968K)->19142K(19968K) NonClass: 16972K(17408K)->16972K(17408K) Class: 2169K(2560K)->2169K(2560K)
[211.316s][info][gc             ] GC(259) Pause Full (System.gc()) 512M->4M(1979M) 142.751ms
[211.316s][info][gc,cpu         ] GC(259) User=0.14s Sys=0.00s Real=0.14s
[212.096s][info][gc,start       ] GC(260) Pause Young (Allocation Failure)
[212.099s][info][gc,heap        ] GC(260) DefNew: 559232K->1376K(629120K)
[212.099s][info][gc,heap        ] GC(260) Tenured: 4583K->4583K(1398144K)
[212.099s][info][gc,metaspace   ] GC(260) Metaspace: 19143K(19968K)->19143K(19968K) NonClass: 16973K(17408K)->16973K(17408K) Class: 2169K(2560K)->2169K(2560K)
[212.099s][info][gc             ] GC(260) Pause Young (Allocation Failure) 550M->5M(1979M) 2.426ms
[212.099s][info][gc,cpu         ] GC(260) User=0.00s Sys=0.00s Real=0.00s
[212.875s][info][gc,start       ] GC(261) Pause Young (Allocation Failure)
[212.877s][info][gc,heap        ] GC(261) DefNew: 560608K->1265K(629120K)
[212.877s][info][gc,heap        ] GC(261) Tenured: 4583K->4583K(1398144K)
[212.877s][info][gc,metaspace   ] GC(261) Metaspace: 19143K(19968K)->19143K(19968K) NonClass: 16973K(17408K)->16973K(17408K) Class: 2169K(2560K)->2169K(2560K)
[212.877s][info][gc             ] GC(261) Pause Young (Allocation Failure) 551M->5M(1979M) 2.087ms
[212.877s][info][gc,cpu         ] GC(261) User=0.00s Sys=0.00s Real=0.00s
[213.599s][info][gc,start       ] GC(262) Pause Full (System.gc())
[213.600s][info][gc,phases,start] GC(262) Phase 1: Mark live objects
[213.607s][info][gc,phases      ] GC(262) Phase 1: Mark live objects 7.478ms
[213.607s][info][gc,phases,start] GC(262) Phase 2: Compute new object addresses
[213.737s][info][gc,phases      ] GC(262) Phase 2: Compute new object addresses 129.399ms
[213.737s][info][gc,phases,start] GC(262) Phase 3: Adjust pointers
[213.742s][info][gc,phases      ] GC(262) Phase 3: Adjust pointers 5.289ms
[213.742s][info][gc,phases,start] GC(262) Phase 4: Move objects
[213.742s][info][gc,phases      ] GC(262) Phase 4: Move objects 0.014ms
[213.742s][info][gc,heap        ] GC(262) DefNew: 520575K->0K(629120K)
[213.742s][info][gc,heap        ] GC(262) Tenured: 4583K->4583K(1398144K)
[213.742s][info][gc,metaspace   ] GC(262) Metaspace: 19143K(19968K)->19143K(19968K) NonClass: 16973K(17408K)->16973K(17408K) Class: 2169K(2560K)->2169K(2560K)
[213.742s][info][gc             ] GC(262) Pause Full (System.gc()) 512M->4M(1979M) 142.701ms
[213.742s][info][gc,cpu         ] GC(262) User=0.12s Sys=0.00s Real=0.14s
[214.520s][info][gc,start       ] GC(263) Pause Young (Allocation Failure)
[214.522s][info][gc,heap        ] GC(263) DefNew: 559232K->1120K(629120K)
[214.522s][info][gc,heap        ] GC(263) Tenured: 4583K->4583K(1398144K)
[214.522s][info][gc,metaspace   ] GC(263) Metaspace: 19143K(19968K)->19143K(19968K) NonClass: 16973K(17408K)->16973K(17408K) Class: 2169K(2560K)->2169K(2560K)
[214.522s][info][gc             ] GC(263) Pause Young (Allocation Failure) 550M->5M(1979M) 2.077ms
[214.522s][info][gc,cpu         ] GC(263) User=0.00s Sys=0.00s Real=0.00s
[215.299s][info][gc,start       ] GC(264) Pause Young (Allocation Failure)
[215.301s][info][gc,heap        ] GC(264) DefNew: 560352K->1255K(629120K)
[215.301s][info][gc,heap        ] GC(264) Tenured: 4583K->4583K(1398144K)
[215.301s][info][gc,metaspace   ] GC(264) Metaspace: 19143K(19968K)->19143K(19968K) NonClass: 16973K(17408K)->16973K(17408K) Class: 2169K(2560K)->2169K(2560K)
[215.302s][info][gc             ] GC(264) Pause Young (Allocation Failure) 551M->5M(1979M) 2.203ms
[215.302s][info][gc,cpu         ] GC(264) User=0.00s Sys=0.00s Real=0.00s
[216.019s][info][gc,start       ] GC(265) Pause Full (System.gc())
[216.019s][info][gc,phases,start] GC(265) Phase 1: Mark live objects
[216.027s][info][gc,phases      ] GC(265) Phase 1: Mark live objects 7.757ms
[216.027s][info][gc,phases,start] GC(265) Phase 2: Compute new object addresses
[216.163s][info][gc,phases      ] GC(265) Phase 2: Compute new object addresses 136.075ms
[216.163s][info][gc,phases,start] GC(265) Phase 3: Adjust pointers
[216.169s][info][gc,phases      ] GC(265) Phase 3: Adjust pointers 5.459ms
[216.169s][info][gc,phases,start] GC(265) Phase 4: Move objects
[216.169s][info][gc,phases      ] GC(265) Phase 4: Move objects 0.015ms
[216.169s][info][gc,heap        ] GC(265) DefNew: 513069K->0K(629120K)
[216.169s][info][gc,heap        ] GC(265) Tenured: 4583K->4583K(1398144K)
[216.169s][info][gc,metaspace   ] GC(265) Metaspace: 19143K(19968K)->19143K(19968K) NonClass: 16973K(17408K)->16973K(17408K) Class: 2169K(2560K)->2169K(2560K)
[216.169s][info][gc             ] GC(265) Pause Full (System.gc()) 505M->4M(1979M) 149.804ms
[216.169s][info][gc,cpu         ] GC(265) User=0.05s Sys=0.00s Real=0.15s
[216.935s][info][gc,start       ] GC(266) Pause Young (Allocation Failure)
[216.937s][info][gc,heap        ] GC(266) DefNew: 559232K->1318K(629120K)
[216.937s][info][gc,heap        ] GC(266) Tenured: 4583K->4583K(1398144K)
[216.937s][info][gc,metaspace   ] GC(266) Metaspace: 19143K(19968K)->19143K(19968K) NonClass: 16973K(17408K)->16973K(17408K) Class: 2169K(2560K)->2169K(2560K)
[216.937s][info][gc             ] GC(266) Pause Young (Allocation Failure) 550M->5M(1979M) 2.344ms
[216.937s][info][gc,cpu         ] GC(266) User=0.00s Sys=0.00s Real=0.01s
[217.713s][info][gc,start       ] GC(267) Pause Young (Allocation Failure)
[217.714s][info][gc,heap        ] GC(267) DefNew: 560550K->1219K(629120K)
[217.714s][info][gc,heap        ] GC(267) Tenured: 4583K->4583K(1398144K)
[217.715s][info][gc,metaspace   ] GC(267) Metaspace: 19143K(19968K)->19143K(19968K) NonClass: 16973K(17408K)->16973K(17408K) Class: 2169K(2560K)->2169K(2560K)
[217.715s][info][gc             ] GC(267) Pause Young (Allocation Failure) 551M->5M(1979M) 1.943ms
[217.715s][info][gc,cpu         ] GC(267) User=0.00s Sys=0.00s Real=0.00s
[218.433s][info][gc,start       ] GC(268) Pause Full (System.gc())
[218.434s][info][gc,phases,start] GC(268) Phase 1: Mark live objects
[218.441s][info][gc,phases      ] GC(268) Phase 1: Mark live objects 7.192ms
[218.441s][info][gc,phases,start] GC(268) Phase 2: Compute new object addresses
[218.573s][info][gc,phases      ] GC(268) Phase 2: Compute new object addresses 132.043ms
[218.573s][info][gc,phases,start] GC(268) Phase 3: Adjust pointers
[218.578s][info][gc,phases      ] GC(268) Phase 3: Adjust pointers 5.387ms
[218.578s][info][gc,phases,start] GC(268) Phase 4: Move objects
[218.579s][info][gc,phases      ] GC(268) Phase 4: Move objects 0.015ms
[218.579s][info][gc,heap        ] GC(268) DefNew: 515245K->0K(629120K)
[218.579s][info][gc,heap        ] GC(268) Tenured: 4583K->4583K(1398144K)
[218.579s][info][gc,metaspace   ] GC(268) Metaspace: 19143K(19968K)->19143K(19968K) NonClass: 16973K(17408K)->16973K(17408K) Class: 2169K(2560K)->2169K(2560K)
[218.579s][info][gc             ] GC(268) Pause Full (System.gc()) 507M->4M(1979M) 145.389ms
[218.579s][info][gc,cpu         ] GC(268) User=0.14s Sys=0.00s Real=0.15s
[219.338s][info][gc,start       ] GC(269) Pause Young (Allocation Failure)
[219.340s][info][gc,heap        ] GC(269) DefNew: 559232K->1330K(629120K)
[219.340s][info][gc,heap        ] GC(269) Tenured: 4583K->4583K(1398144K)
[219.340s][info][gc,metaspace   ] GC(269) Metaspace: 19143K(19968K)->19143K(19968K) NonClass: 16973K(17408K)->16973K(17408K) Class: 2169K(2560K)->2169K(2560K)
[219.340s][info][gc             ] GC(269) Pause Young (Allocation Failure) 550M->5M(1979M) 2.331ms
[219.340s][info][gc,cpu         ] GC(269) User=0.00s Sys=0.00s Real=0.00s
[220.118s][info][gc,start       ] GC(270) Pause Young (Allocation Failure)
[220.120s][info][gc,heap        ] GC(270) DefNew: 560562K->1272K(629120K)
[220.120s][info][gc,heap        ] GC(270) Tenured: 4583K->4583K(1398144K)
[220.120s][info][gc,metaspace   ] GC(270) Metaspace: 19143K(19968K)->19143K(19968K) NonClass: 16973K(17408K)->16973K(17408K) Class: 2169K(2560K)->2169K(2560K)
[220.120s][info][gc             ] GC(270) Pause Young (Allocation Failure) 551M->5M(1979M) 2.109ms
[220.120s][info][gc,cpu         ] GC(270) User=0.00s Sys=0.00s Real=0.00s
[220.847s][info][gc,start       ] GC(271) Pause Full (System.gc())
[220.847s][info][gc,phases,start] GC(271) Phase 1: Mark live objects
[220.855s][info][gc,phases      ] GC(271) Phase 1: Mark live objects 7.874ms
[220.855s][info][gc,phases,start] GC(271) Phase 2: Compute new object addresses
[220.988s][info][gc,phases      ] GC(271) Phase 2: Compute new object addresses 132.519ms
[220.988s][info][gc,phases,start] GC(271) Phase 3: Adjust pointers
[220.993s][info][gc,phases      ] GC(271) Phase 3: Adjust pointers 5.348ms
[220.993s][info][gc,phases,start] GC(271) Phase 4: Move objects
[220.993s][info][gc,phases      ] GC(271) Phase 4: Move objects 0.015ms
[220.993s][info][gc,heap        ] GC(271) DefNew: 520930K->0K(629120K)
[220.993s][info][gc,heap        ] GC(271) Tenured: 4583K->4583K(1398144K)
[220.993s][info][gc,metaspace   ] GC(271) Metaspace: 19143K(19968K)->19143K(19968K) NonClass: 16973K(17408K)->16973K(17408K) Class: 2169K(2560K)->2169K(2560K)
[220.994s][info][gc             ] GC(271) Pause Full (System.gc()) 513M->4M(1979M) 146.237ms
[220.994s][info][gc,cpu         ] GC(271) User=0.12s Sys=0.00s Real=0.15s
[221.765s][info][gc,start       ] GC(272) Pause Young (Allocation Failure)
[221.767s][info][gc,heap        ] GC(272) DefNew: 559232K->1338K(629120K)
[221.767s][info][gc,heap        ] GC(272) Tenured: 4583K->4583K(1398144K)
[221.767s][info][gc,metaspace   ] GC(272) Metaspace: 19143K(19968K)->19143K(19968K) NonClass: 16973K(17408K)->16973K(17408K) Class: 2169K(2560K)->2169K(2560K)
[221.767s][info][gc             ] GC(272) Pause Young (Allocation Failure) 550M->5M(1979M) 2.350ms
[221.767s][info][gc,cpu         ] GC(272) User=0.00s Sys=0.00s Real=0.00s
[222.549s][info][gc,start       ] GC(273) Pause Young (Allocation Failure)
[222.552s][info][gc,heap        ] GC(273) DefNew: 560570K->1387K(629120K)
[222.552s][info][gc,heap        ] GC(273) Tenured: 4583K->4583K(1398144K)
[222.552s][info][gc,metaspace   ] GC(273) Metaspace: 19143K(19968K)->19143K(19968K) NonClass: 16973K(17408K)->16973K(17408K) Class: 2169K(2560K)->2169K(2560K)
[222.552s][info][gc             ] GC(273) Pause Young (Allocation Failure) 551M->5M(1979M) 2.269ms
[222.552s][info][gc,cpu         ] GC(273) User=0.00s Sys=0.00s Real=0.01s
[223.271s][info][gc,start       ] GC(274) Pause Full (System.gc())
[223.271s][info][gc,phases,start] GC(274) Phase 1: Mark live objects
[223.278s][info][gc,phases      ] GC(274) Phase 1: Mark live objects 7.167ms
[223.278s][info][gc,phases,start] GC(274) Phase 2: Compute new object addresses
[223.409s][info][gc,phases      ] GC(274) Phase 2: Compute new object addresses 130.534ms
[223.409s][info][gc,phases,start] GC(274) Phase 3: Adjust pointers
[223.414s][info][gc,phases      ] GC(274) Phase 3: Adjust pointers 5.545ms
[223.414s][info][gc,phases,start] GC(274) Phase 4: Move objects
[223.414s][info][gc,phases      ] GC(274) Phase 4: Move objects 0.015ms
[223.414s][info][gc,heap        ] GC(274) DefNew: 516565K->0K(629120K)
[223.414s][info][gc,heap        ] GC(274) Tenured: 4583K->4583K(1398144K)
[223.414s][info][gc,metaspace   ] GC(274) Metaspace: 19143K(19968K)->19143K(19968K) NonClass: 16973K(17408K)->16973K(17408K) Class: 2169K(2560K)->2169K(2560K)
[223.414s][info][gc             ] GC(274) Pause Full (System.gc()) 508M->4M(1979M) 143.740ms
[223.414s][info][gc,cpu         ] GC(274) User=0.14s Sys=0.00s Real=0.14s
[224.194s][info][gc,start       ] GC(275) Pause Young (Allocation Failure)
[224.196s][info][gc,heap        ] GC(275) DefNew: 559232K->1277K(629120K)
[224.196s][info][gc,heap        ] GC(275) Tenured: 4583K->4583K(1398144K)
[224.196s][info][gc,metaspace   ] GC(275) Metaspace: 19143K(19968K)->19143K(19968K) NonClass: 16973K(17408K)->16973K(17408K) Class: 2169K(2560K)->2169K(2560K)
[224.196s][info][gc             ] GC(275) Pause Young (Allocation Failure) 550M->5M(1979M) 2.334ms
[224.196s][info][gc,cpu         ] GC(275) User=0.00s Sys=0.00s Real=0.00s
[224.974s][info][gc,start       ] GC(276) Pause Young (Allocation Failure)
[224.976s][info][gc,heap        ] GC(276) DefNew: 560509K->1269K(629120K)
[224.976s][info][gc,heap        ] GC(276) Tenured: 4583K->4583K(1398144K)
[224.976s][info][gc,metaspace   ] GC(276) Metaspace: 19143K(19968K)->19143K(19968K) NonClass: 16973K(17408K)->16973K(17408K) Class: 2169K(2560K)->2169K(2560K)
[224.976s][info][gc             ] GC(276) Pause Young (Allocation Failure) 551M->5M(1979M) 1.966ms
[224.976s][info][gc,cpu         ] GC(276) User=0.00s Sys=0.00s Real=0.00s
[225.693s][info][gc,start       ] GC(277) Pause Full (System.gc())
[225.694s][info][gc,phases,start] GC(277) Phase 1: Mark live objects
[225.701s][info][gc,phases      ] GC(277) Phase 1: Mark live objects 7.368ms
[225.701s][info][gc,phases,start] GC(277) Phase 2: Compute new object addresses
[225.833s][info][gc,phases      ] GC(277) Phase 2: Compute new object addresses 132.059ms
[225.833s][info][gc,phases,start] GC(277) Phase 3: Adjust pointers
[225.838s][info][gc,phases      ] GC(277) Phase 3: Adjust pointers 5.315ms
[225.839s][info][gc,phases,start] GC(277) Phase 4: Move objects
[225.839s][info][gc,phases      ] GC(277) Phase 4: Move objects 0.016ms
[225.839s][info][gc,heap        ] GC(277) DefNew: 514424K->0K(629120K)
[225.839s][info][gc,heap        ] GC(277) Tenured: 4583K->4583K(1398144K)
[225.839s][info][gc,metaspace   ] GC(277) Metaspace: 19143K(19968K)->19143K(19968K) NonClass: 16973K(17408K)->16973K(17408K) Class: 2169K(2560K)->2169K(2560K)
[225.839s][info][gc             ] GC(277) Pause Full (System.gc()) 506M->4M(1979M) 145.213ms
[225.839s][info][gc,cpu         ] GC(277) User=0.05s Sys=0.00s Real=0.14s
[226.609s][info][gc,start       ] GC(278) Pause Young (Allocation Failure)
[226.611s][info][gc,heap        ] GC(278) DefNew: 559232K->1240K(629120K)
[226.611s][info][gc,heap        ] GC(278) Tenured: 4583K->4583K(1398144K)
[226.611s][info][gc,metaspace   ] GC(278) Metaspace: 19143K(19968K)->19143K(19968K) NonClass: 16973K(17408K)->16973K(17408K) Class: 2169K(2560K)->2169K(2560K)
[226.611s][info][gc             ] GC(278) Pause Young (Allocation Failure) 550M->5M(1979M) 2.244ms
[226.611s][info][gc,cpu         ] GC(278) User=0.00s Sys=0.00s Real=0.00s
[227.385s][info][gc,start       ] GC(279) Pause Young (Allocation Failure)
[227.387s][info][gc,heap        ] GC(279) DefNew: 560472K->1196K(629120K)
[227.387s][info][gc,heap        ] GC(279) Tenured: 4583K->4583K(1398144K)
[227.387s][info][gc,metaspace   ] GC(279) Metaspace: 19143K(19968K)->19143K(19968K) NonClass: 16973K(17408K)->16973K(17408K) Class: 2169K(2560K)->2169K(2560K)
[227.387s][info][gc             ] GC(279) Pause Young (Allocation Failure) 551M->5M(1979M) 2.080ms
[227.387s][info][gc,cpu         ] GC(279) User=0.00s Sys=0.00s Real=0.00s
[228.105s][info][gc,start       ] GC(280) Pause Full (System.gc())
[228.105s][info][gc,phases,start] GC(280) Phase 1: Mark live objects
[228.113s][info][gc,phases      ] GC(280) Phase 1: Mark live objects 7.205ms
[228.113s][info][gc,phases,start] GC(280) Phase 2: Compute new object addresses
[228.242s][info][gc,phases      ] GC(280) Phase 2: Compute new object addresses 129.629ms
[228.242s][info][gc,phases,start] GC(280) Phase 3: Adjust pointers
[228.248s][info][gc,phases      ] GC(280) Phase 3: Adjust pointers 5.411ms
[228.248s][info][gc,phases,start] GC(280) Phase 4: Move objects
[228.248s][info][gc,phases      ] GC(280) Phase 4: Move objects 0.015ms
[228.248s][info][gc,heap        ] GC(280) DefNew: 512451K->0K(629120K)
[228.248s][info][gc,heap        ] GC(280) Tenured: 4583K->4583K(1398144K)
[228.248s][info][gc,metaspace   ] GC(280) Metaspace: 19143K(19968K)->19143K(19968K) NonClass: 16973K(17408K)->16973K(17408K) Class: 2169K(2560K)->2169K(2560K)
[228.248s][info][gc             ] GC(280) Pause Full (System.gc()) 504M->4M(1979M) 142.820ms
[228.248s][info][gc,cpu         ] GC(280) User=0.11s Sys=0.00s Real=0.15s
[229.015s][info][gc,start       ] GC(281) Pause Young (Allocation Failure)
[229.017s][info][gc,heap        ] GC(281) DefNew: 559232K->1209K(629120K)
[229.017s][info][gc,heap        ] GC(281) Tenured: 4583K->4583K(1398144K)
[229.017s][info][gc,metaspace   ] GC(281) Metaspace: 19144K(19968K)->19144K(19968K) NonClass: 16974K(17408K)->16974K(17408K) Class: 2169K(2560K)->2169K(2560K)
[229.017s][info][gc             ] GC(281) Pause Young (Allocation Failure) 550M->5M(1979M) 2.217ms
[229.017s][info][gc,cpu         ] GC(281) User=0.00s Sys=0.00s Real=0.00s
[229.794s][info][gc,start       ] GC(282) Pause Young (Allocation Failure)
[229.796s][info][gc,heap        ] GC(282) DefNew: 560441K->1253K(629120K)
[229.796s][info][gc,heap        ] GC(282) Tenured: 4583K->4583K(1398144K)
[229.796s][info][gc,metaspace   ] GC(282) Metaspace: 19144K(19968K)->19144K(19968K) NonClass: 16974K(17408K)->16974K(17408K) Class: 2169K(2560K)->2169K(2560K)
[229.796s][info][gc             ] GC(282) Pause Young (Allocation Failure) 551M->5M(1979M) 2.151ms
[229.796s][info][gc,cpu         ] GC(282) User=0.00s Sys=0.00s Real=0.01s
[230.534s][info][gc,start       ] GC(283) Pause Full (System.gc())
[230.534s][info][gc,phases,start] GC(283) Phase 1: Mark live objects
[230.541s][info][gc,phases      ] GC(283) Phase 1: Mark live objects 7.445ms
[230.541s][info][gc,phases,start] GC(283) Phase 2: Compute new object addresses
[230.675s][info][gc,phases      ] GC(283) Phase 2: Compute new object addresses 134.203ms
[230.675s][info][gc,phases,start] GC(283) Phase 3: Adjust pointers
[230.681s][info][gc,phases      ] GC(283) Phase 3: Adjust pointers 5.429ms
[230.681s][info][gc,phases,start] GC(283) Phase 4: Move objects
[230.681s][info][gc,phases      ] GC(283) Phase 4: Move objects 0.015ms
[230.681s][info][gc,heap        ] GC(283) DefNew: 528009K->0K(629120K)
[230.681s][info][gc,heap        ] GC(283) Tenured: 4583K->4583K(1398144K)
[230.681s][info][gc,metaspace   ] GC(283) Metaspace: 19144K(19968K)->19144K(19968K) NonClass: 16974K(17408K)->16974K(17408K) Class: 2169K(2560K)->2169K(2560K)
[230.681s][info][gc             ] GC(283) Pause Full (System.gc()) 520M->4M(1979M) 147.582ms
[230.681s][info][gc,cpu         ] GC(283) User=0.12s Sys=0.00s Real=0.15s
[231.457s][info][gc,start       ] GC(284) Pause Young (Allocation Failure)
[231.459s][info][gc,heap        ] GC(284) DefNew: 559232K->1308K(629120K)
[231.459s][info][gc,heap        ] GC(284) Tenured: 4583K->4583K(1398144K)
[231.459s][info][gc,metaspace   ] GC(284) Metaspace: 19146K(19968K)->19146K(19968K) NonClass: 16976K(17408K)->16976K(17408K) Class: 2169K(2560K)->2169K(2560K)
[231.459s][info][gc             ] GC(284) Pause Young (Allocation Failure) 550M->5M(1979M) 2.358ms
[231.459s][info][gc,cpu         ] GC(284) User=0.00s Sys=0.00s Real=0.00s
[232.242s][info][gc,start       ] GC(285) Pause Young (Allocation Failure)
[232.244s][info][gc,heap        ] GC(285) DefNew: 560540K->1253K(629120K)
[232.244s][info][gc,heap        ] GC(285) Tenured: 4583K->4583K(1398144K)
[232.244s][info][gc,metaspace   ] GC(285) Metaspace: 19146K(19968K)->19146K(19968K) NonClass: 16976K(17408K)->16976K(17408K) Class: 2169K(2560K)->2169K(2560K)
[232.244s][info][gc             ] GC(285) Pause Young (Allocation Failure) 551M->5M(1979M) 2.044ms
[232.244s][info][gc,cpu         ] GC(285) User=0.00s Sys=0.00s Real=0.00s
[232.965s][info][gc,start       ] GC(286) Pause Full (System.gc())
[232.965s][info][gc,phases,start] GC(286) Phase 1: Mark live objects
[232.973s][info][gc,phases      ] GC(286) Phase 1: Mark live objects 7.678ms
[232.973s][info][gc,phases,start] GC(286) Phase 2: Compute new object addresses
[233.107s][info][gc,phases      ] GC(286) Phase 2: Compute new object addresses 133.672ms
[233.107s][info][gc,phases,start] GC(286) Phase 3: Adjust pointers
[233.112s][info][gc,phases      ] GC(286) Phase 3: Adjust pointers 5.322ms
[233.112s][info][gc,phases,start] GC(286) Phase 4: Move objects
[233.112s][info][gc,phases      ] GC(286) Phase 4: Move objects 0.015ms
[233.112s][info][gc,heap        ] GC(286) DefNew: 513233K->0K(629120K)
[233.112s][info][gc,heap        ] GC(286) Tenured: 4583K->4583K(1398144K)
[233.112s][info][gc,metaspace   ] GC(286) Metaspace: 19146K(19968K)->19146K(19968K) NonClass: 16976K(17408K)->16976K(17408K) Class: 2169K(2560K)->2169K(2560K)
[233.112s][info][gc             ] GC(286) Pause Full (System.gc()) 505M->4M(1979M) 147.212ms
[233.112s][info][gc,cpu         ] GC(286) User=0.11s Sys=0.00s Real=0.14s
[233.865s][info][gc,start       ] GC(287) Pause Young (Allocation Failure)
[233.867s][info][gc,heap        ] GC(287) DefNew: 559232K->1149K(629120K)
[233.867s][info][gc,heap        ] GC(287) Tenured: 4583K->4583K(1398144K)
[233.867s][info][gc,metaspace   ] GC(287) Metaspace: 19147K(19968K)->19147K(19968K) NonClass: 16977K(17408K)->16977K(17408K) Class: 2169K(2560K)->2169K(2560K)
[233.867s][info][gc             ] GC(287) Pause Young (Allocation Failure) 550M->5M(1979M) 2.098ms
[233.867s][info][gc,cpu         ] GC(287) User=0.00s Sys=0.00s Real=0.00s
[234.640s][info][gc,start       ] GC(288) Pause Young (Allocation Failure)
[234.641s][info][gc,heap        ] GC(288) DefNew: 560381K->1218K(629120K)
[234.641s][info][gc,heap        ] GC(288) Tenured: 4583K->4583K(1398144K)
[234.641s][info][gc,metaspace   ] GC(288) Metaspace: 19147K(19968K)->19147K(19968K) NonClass: 16977K(17408K)->16977K(17408K) Class: 2169K(2560K)->2169K(2560K)
[234.642s][info][gc             ] GC(288) Pause Young (Allocation Failure) 551M->5M(1979M) 1.990ms
[234.642s][info][gc,cpu         ] GC(288) User=0.00s Sys=0.00s Real=0.00s
[235.374s][info][gc,start       ] GC(289) Pause Full (System.gc())
[235.374s][info][gc,phases,start] GC(289) Phase 1: Mark live objects
[235.381s][info][gc,phases      ] GC(289) Phase 1: Mark live objects 7.126ms
[235.381s][info][gc,phases,start] GC(289) Phase 2: Compute new object addresses
[235.517s][info][gc,phases      ] GC(289) Phase 2: Compute new object addresses 135.714ms
[235.517s][info][gc,phases,start] GC(289) Phase 3: Adjust pointers
[235.523s][info][gc,phases      ] GC(289) Phase 3: Adjust pointers 5.917ms
[235.523s][info][gc,phases,start] GC(289) Phase 4: Move objects
[235.523s][info][gc,phases      ] GC(289) Phase 4: Move objects 0.026ms
[235.523s][info][gc,heap        ] GC(289) DefNew: 520790K->0K(629120K)
[235.523s][info][gc,heap        ] GC(289) Tenured: 4583K->4583K(1398144K)
[235.523s][info][gc,metaspace   ] GC(289) Metaspace: 19148K(19968K)->19148K(19968K) NonClass: 16978K(17408K)->16978K(17408K) Class: 2169K(2560K)->2169K(2560K)
[235.523s][info][gc             ] GC(289) Pause Full (System.gc()) 513M->4M(1979M) 149.383ms
[235.523s][info][gc,cpu         ] GC(289) User=0.11s Sys=0.00s Real=0.15s
[236.290s][info][gc,start       ] GC(290) Pause Young (Allocation Failure)
[236.292s][info][gc,heap        ] GC(290) DefNew: 559232K->1233K(629120K)
[236.292s][info][gc,heap        ] GC(290) Tenured: 4583K->4583K(1398144K)
[236.292s][info][gc,metaspace   ] GC(290) Metaspace: 19159K(20224K)->19159K(20224K) NonClass: 16989K(17664K)->16989K(17664K) Class: 2169K(2560K)->2169K(2560K)
[236.292s][info][gc             ] GC(290) Pause Young (Allocation Failure) 550M->5M(1979M) 2.275ms
[236.292s][info][gc,cpu         ] GC(290) User=0.00s Sys=0.00s Real=0.00s
[237.072s][info][gc,start       ] GC(291) Pause Young (Allocation Failure)
[237.074s][info][gc,heap        ] GC(291) DefNew: 560465K->1204K(629120K)
[237.074s][info][gc,heap        ] GC(291) Tenured: 4583K->4583K(1398144K)
[237.074s][info][gc,metaspace   ] GC(291) Metaspace: 19159K(20224K)->19159K(20224K) NonClass: 16989K(17664K)->16989K(17664K) Class: 2169K(2560K)->2169K(2560K)
[237.074s][info][gc             ] GC(291) Pause Young (Allocation Failure) 551M->5M(1979M) 2.066ms
[237.074s][info][gc,cpu         ] GC(291) User=0.00s Sys=0.00s Real=0.00s
[237.809s][info][gc,start       ] GC(292) Pause Full (System.gc())
[237.809s][info][gc,phases,start] GC(292) Phase 1: Mark live objects
[237.816s][info][gc,phases      ] GC(292) Phase 1: Mark live objects 7.194ms
[237.817s][info][gc,phases,start] GC(292) Phase 2: Compute new object addresses
[237.950s][info][gc,phases      ] GC(292) Phase 2: Compute new object addresses 133.239ms
[237.950s][info][gc,phases,start] GC(292) Phase 3: Adjust pointers
[237.956s][info][gc,phases      ] GC(292) Phase 3: Adjust pointers 6.280ms
[237.956s][info][gc,phases,start] GC(292) Phase 4: Move objects
[237.956s][info][gc,phases      ] GC(292) Phase 4: Move objects 0.017ms
[237.956s][info][gc,heap        ] GC(292) DefNew: 518943K->0K(629120K)
[237.956s][info][gc,heap        ] GC(292) Tenured: 4583K->4583K(1398144K)
[237.956s][info][gc,metaspace   ] GC(292) Metaspace: 19159K(20224K)->19159K(20224K) NonClass: 16989K(17664K)->16989K(17664K) Class: 2169K(2560K)->2169K(2560K)
[237.956s][info][gc             ] GC(292) Pause Full (System.gc()) 511M->4M(1979M) 147.239ms
[237.956s][info][gc,cpu         ] GC(292) User=0.11s Sys=0.00s Real=0.15s
[238.725s][info][gc,start       ] GC(293) Pause Young (Allocation Failure)
[238.727s][info][gc,heap        ] GC(293) DefNew: 559232K->1161K(629120K)
[238.727s][info][gc,heap        ] GC(293) Tenured: 4583K->4583K(1398144K)
[238.727s][info][gc,metaspace   ] GC(293) Metaspace: 19162K(20224K)->19162K(20224K) NonClass: 16992K(17664K)->16992K(17664K) Class: 2169K(2560K)->2169K(2560K)
[238.727s][info][gc             ] GC(293) Pause Young (Allocation Failure) 550M->5M(1979M) 2.112ms
[238.727s][info][gc,cpu         ] GC(293) User=0.00s Sys=0.00s Real=0.00s
[239.511s][info][gc,start       ] GC(294) Pause Young (Allocation Failure)
[239.513s][info][gc,heap        ] GC(294) DefNew: 560393K->1313K(629120K)
[239.513s][info][gc,heap        ] GC(294) Tenured: 4583K->4583K(1398144K)
[239.513s][info][gc,metaspace   ] GC(294) Metaspace: 19162K(20224K)->19162K(20224K) NonClass: 16992K(17664K)->16992K(17664K) Class: 2169K(2560K)->2169K(2560K)
[239.513s][info][gc             ] GC(294) Pause Young (Allocation Failure) 551M->5M(1979M) 1.999ms
[239.513s][info][gc,cpu         ] GC(294) User=0.00s Sys=0.00s Real=0.00s
[240.258s][info][gc,start       ] GC(295) Pause Full (System.gc())
[240.258s][info][gc,phases,start] GC(295) Phase 1: Mark live objects
[240.265s][info][gc,phases      ] GC(295) Phase 1: Mark live objects 6.981ms
[240.265s][info][gc,phases,start] GC(295) Phase 2: Compute new object addresses
[240.396s][info][gc,phases      ] GC(295) Phase 2: Compute new object addresses 131.199ms
[240.396s][info][gc,phases,start] GC(295) Phase 3: Adjust pointers
[240.402s][info][gc,phases      ] GC(295) Phase 3: Adjust pointers 5.459ms
[240.402s][info][gc,phases,start] GC(295) Phase 4: Move objects
[240.402s][info][gc,phases      ] GC(295) Phase 4: Move objects 0.015ms
[240.402s][info][gc,heap        ] GC(295) DefNew: 519641K->0K(629120K)
[240.402s][info][gc,heap        ] GC(295) Tenured: 4583K->4583K(1398144K)
[240.402s][info][gc,metaspace   ] GC(295) Metaspace: 19162K(20224K)->19162K(20224K) NonClass: 16992K(17664K)->16992K(17664K) Class: 2169K(2560K)->2169K(2560K)
[240.402s][info][gc             ] GC(295) Pause Full (System.gc()) 511M->4M(1979M) 144.113ms
[240.402s][info][gc,cpu         ] GC(295) User=0.14s Sys=0.00s Real=0.14s
[241.199s][info][gc,start       ] GC(296) Pause Young (Allocation Failure)
[241.201s][info][gc,heap        ] GC(296) DefNew: 559232K->1190K(629120K)
[241.201s][info][gc,heap        ] GC(296) Tenured: 4583K->4583K(1398144K)
[241.201s][info][gc,metaspace   ] GC(296) Metaspace: 19162K(20224K)->19162K(20224K) NonClass: 16992K(17664K)->16992K(17664K) Class: 2169K(2560K)->2169K(2560K)
[241.201s][info][gc             ] GC(296) Pause Young (Allocation Failure) 550M->5M(1979M) 2.195ms
[241.201s][info][gc,cpu         ] GC(296) User=0.00s Sys=0.00s Real=0.00s
[241.986s][info][gc,start       ] GC(297) Pause Young (Allocation Failure)
[241.988s][info][gc,heap        ] GC(297) DefNew: 560422K->1267K(629120K)
[241.988s][info][gc,heap        ] GC(297) Tenured: 4583K->4583K(1398144K)
[241.988s][info][gc,metaspace   ] GC(297) Metaspace: 19162K(20224K)->19162K(20224K) NonClass: 16992K(17664K)->16992K(17664K) Class: 2169K(2560K)->2169K(2560K)
[241.988s][info][gc             ] GC(297) Pause Young (Allocation Failure) 551M->5M(1979M) 2.262ms
[241.988s][info][gc,cpu         ] GC(297) User=0.00s Sys=0.00s Real=0.01s
[242.737s][info][gc,start       ] GC(298) Pause Full (System.gc())
[242.738s][info][gc,phases,start] GC(298) Phase 1: Mark live objects
[242.744s][info][gc,phases      ] GC(298) Phase 1: Mark live objects 6.899ms
[242.745s][info][gc,phases,start] GC(298) Phase 2: Compute new object addresses
[242.875s][info][gc,phases      ] GC(298) Phase 2: Compute new object addresses 130.194ms
[242.875s][info][gc,phases,start] GC(298) Phase 3: Adjust pointers
[242.880s][info][gc,phases      ] GC(298) Phase 3: Adjust pointers 5.324ms
[242.916s][info][gc,phases,start] GC(298) Phase 4: Move objects
[242.916s][info][gc,phases      ] GC(298) Phase 4: Move objects 0.083ms
[242.916s][info][gc,heap        ] GC(298) DefNew: 521002K->0K(629120K)
[242.916s][info][gc,heap        ] GC(298) Tenured: 4583K->4583K(1398144K)
[242.916s][info][gc,metaspace   ] GC(298) Metaspace: 19162K(20224K)->19162K(20224K) NonClass: 16992K(17664K)->16992K(17664K) Class: 2169K(2560K)->2169K(2560K)
[242.916s][info][gc             ] GC(298) Pause Full (System.gc()) 513M->4M(1979M) 178.562ms
[242.916s][info][gc,cpu         ] GC(298) User=0.12s Sys=0.00s Real=0.19s
[243.796s][info][gc,start       ] GC(299) Pause Young (Allocation Failure)
[243.798s][info][gc,heap        ] GC(299) DefNew: 559232K->1144K(629120K)
[243.798s][info][gc,heap        ] GC(299) Tenured: 4583K->4583K(1398144K)
[243.798s][info][gc,metaspace   ] GC(299) Metaspace: 19162K(20224K)->19162K(20224K) NonClass: 16992K(17664K)->16992K(17664K) Class: 2169K(2560K)->2169K(2560K)
[243.798s][info][gc             ] GC(299) Pause Young (Allocation Failure) 550M->5M(1979M) 2.088ms
[243.798s][info][gc,cpu         ] GC(299) User=0.00s Sys=0.00s Real=0.00s
[244.578s][info][gc,start       ] GC(300) Pause Young (Allocation Failure)
[244.580s][info][gc,heap        ] GC(300) DefNew: 560376K->1229K(629120K)
[244.580s][info][gc,heap        ] GC(300) Tenured: 4583K->4583K(1398144K)
[244.580s][info][gc,metaspace   ] GC(300) Metaspace: 19162K(20224K)->19162K(20224K) NonClass: 16992K(17664K)->16992K(17664K) Class: 2169K(2560K)->2169K(2560K)
[244.580s][info][gc             ] GC(300) Pause Young (Allocation Failure) 551M->5M(1979M) 2.265ms
[244.580s][info][gc,cpu         ] GC(300) User=0.00s Sys=0.00s Real=0.00s
[245.318s][info][gc,heap,exit   ] Heap
[245.318s][info][gc,heap,exit   ]  def new generation   total 629120K, used 525167K [0x0000000080000000, 0x00000000aaaa0000, 0x00000000aaaa0000)
[245.318s][info][gc,heap,exit   ]   eden space 559232K,  93% used [0x0000000080000000, 0x000000009ffa8b28, 0x00000000a2220000)
[245.318s][info][gc,heap,exit   ]   from space 69888K,   1% used [0x00000000a6660000, 0x00000000a67934d0, 0x00000000aaaa0000)
[245.318s][info][gc,heap,exit   ]   to   space 69888K,   0% used [0x00000000a2220000, 0x00000000a2220000, 0x00000000a6660000)
[245.318s][info][gc,heap,exit   ]  tenured generation   total 1398144K, used 4583K [0x00000000aaaa0000, 0x0000000100000000, 0x0000000100000000)
[245.318s][info][gc,heap,exit   ]    the space 1398144K,   0% used [0x00000000aaaa0000, 0x00000000aaf19da8, 0x00000000aaf19e00, 0x0000000100000000)
[245.318s][info][gc,heap,exit   ]  Metaspace       used 19235K, capacity 19800K, committed 20224K, reserved 1067008K
[245.318s][info][gc,heap,exit   ]   class space    used 2180K, capacity 2428K, committed 2560K, reserved 1048576K
