[0.007s][info][gc,init] CardTable entry size: 512
[0.007s][info][gc     ] Using Serial
[0.009s][info][gc,init] Version: 21.0.4+7-adhoc.Administrator.jdk21u (release)
[0.009s][info][gc,init] CPUs: 6 total, 6 available
[0.009s][info][gc,init] Memory: 15591M
[0.009s][info][gc,init] Large Page Support: Disabled
[0.009s][info][gc,init] NUMA Support: Disabled
[0.009s][info][gc,init] Compressed Oops: Enabled (32-bit)
[0.009s][info][gc,init] Heap Min Capacity: 1G
[0.009s][info][gc,init] Heap Initial Capacity: 1G
[0.009s][info][gc,init] Heap Max Capacity: 1G
[0.009s][info][gc,init] Pre-touch: Disabled
[0.017s][info][gc,metaspace] CDS archive(s) mapped at: [0x0000021e99000000-0x0000021e99c90000-0x0000021e99c90000), size 13172736, SharedBaseAddress: 0x0000021e99000000, ArchiveRelocationMode: 1.
[0.020s][info][gc,metaspace] Compressed class space mapped at: 0x0000021e9a000000-0x0000021eda000000, reserved size: 1073741824
[0.020s][info][gc,metaspace] Narrow klass base: 0x0000021e99000000, Narrow klass shift: 0, Narrow klass range: 0x100000000
[6.858s][info][gc,start    ] GC(0) Pause Full (Metadata GC Threshold)
[6.858s][info][gc,phases,start] GC(0) Phase 1: Mark live objects
[6.868s][info][gc,phases      ] GC(0) Phase 1: Mark live objects 10.836ms
[6.869s][info][gc,phases,start] GC(0) Phase 2: Compute new object addresses
[6.874s][info][gc,phases      ] GC(0) Phase 2: Compute new object addresses 5.734ms
[6.874s][info][gc,phases,start] GC(0) Phase 3: Adjust pointers
[6.880s][info][gc,phases      ] GC(0) Phase 3: Adjust pointers 5.896ms
[6.880s][info][gc,phases,start] GC(0) Phase 4: Move objects
[6.889s][info][gc,phases      ] GC(0) Phase 4: Move objects 8.458ms
[6.890s][info][gc,heap        ] GC(0) DefNew: 108827K(314560K)->0K(314560K) Eden: 108827K(279616K)->0K(279616K) From: 0K(34944K)->0K(34944K)
[6.890s][info][gc,heap        ] GC(0) Tenured: 0K(699072K)->18886K(699072K)
[6.890s][info][gc,metaspace   ] GC(0) Metaspace: 21234K(21504K)->21234K(21504K) NonClass: 18574K(18688K)->18574K(18688K) Class: 2660K(2816K)->2660K(2816K)
[6.890s][info][gc             ] GC(0) Pause Full (Metadata GC Threshold) 106M->18M(989M) 32.377ms
[6.890s][info][gc,cpu         ] GC(0) User=0.03s Sys=0.00s Real=0.04s
[7.647s][info][gc,start       ] GC(1) Pause Full (Metadata GC Threshold)
[7.647s][info][gc,phases,start] GC(1) Phase 1: Mark live objects
[7.661s][info][gc,phases      ] GC(1) Phase 1: Mark live objects 14.600ms
[7.661s][info][gc,phases,start] GC(1) Phase 2: Compute new object addresses
[7.668s][info][gc,phases      ] GC(1) Phase 2: Compute new object addresses 6.433ms
[7.668s][info][gc,phases,start] GC(1) Phase 3: Adjust pointers
[7.677s][info][gc,phases      ] GC(1) Phase 3: Adjust pointers 8.954ms
[7.677s][info][gc,phases,start] GC(1) Phase 4: Move objects
[7.680s][info][gc,phases      ] GC(1) Phase 4: Move objects 2.732ms
[7.680s][info][gc,heap        ] GC(1) DefNew: 71574K(314560K)->0K(314560K) Eden: 71574K(279616K)->0K(279616K) From: 0K(34944K)->0K(34944K)
[7.680s][info][gc,heap        ] GC(1) Tenured: 18886K(699072K)->22768K(699072K)
[7.680s][info][gc,metaspace   ] GC(1) Metaspace: 35437K(35840K)->35437K(35840K) NonClass: 31022K(31232K)->31022K(31232K) Class: 4415K(4608K)->4415K(4608K)
[7.680s][info][gc             ] GC(1) Pause Full (Metadata GC Threshold) 88M->22M(989M) 33.529ms
[7.680s][info][gc,cpu         ] GC(1) User=0.02s Sys=0.00s Real=0.03s
[8.890s][info][gc,start       ] GC(2) Pause Full (Metadata GC Threshold)
[8.891s][info][gc,phases,start] GC(2) Phase 1: Mark live objects
[8.916s][info][gc,phases      ] GC(2) Phase 1: Mark live objects 25.717ms
[8.916s][info][gc,phases,start] GC(2) Phase 2: Compute new object addresses
[8.927s][info][gc,phases      ] GC(2) Phase 2: Compute new object addresses 11.190ms
[8.928s][info][gc,phases,start] GC(2) Phase 3: Adjust pointers
[8.942s][info][gc,phases      ] GC(2) Phase 3: Adjust pointers 14.267ms
[8.942s][info][gc,phases,start] GC(2) Phase 4: Move objects
[8.947s][info][gc,phases      ] GC(2) Phase 4: Move objects 4.803ms
[8.947s][info][gc,heap        ] GC(2) DefNew: 151600K(314560K)->0K(314560K) Eden: 151600K(279616K)->0K(279616K) From: 0K(34944K)->0K(34944K)
[8.948s][info][gc,heap        ] GC(2) Tenured: 22768K(699072K)->29761K(699072K)
[8.948s][info][gc,metaspace   ] GC(2) Metaspace: 59397K(59776K)->59397K(59776K) NonClass: 52274K(52480K)->52274K(52480K) Class: 7123K(7296K)->7123K(7296K)
[8.948s][info][gc             ] GC(2) Pause Full (Metadata GC Threshold) 170M->29M(989M) 57.218ms
[8.948s][info][gc,cpu         ] GC(2) User=0.09s Sys=0.00s Real=0.06s
[10.142s][info][gc,start       ] GC(3) Pause Full (System.gc())
[10.142s][info][gc,phases,start] GC(3) Phase 1: Mark live objects
[10.173s][info][gc,phases      ] GC(3) Phase 1: Mark live objects 30.943ms
[10.173s][info][gc,phases,start] GC(3) Phase 2: Compute new object addresses
[10.185s][info][gc,phases      ] GC(3) Phase 2: Compute new object addresses 11.064ms
[10.185s][info][gc,phases,start] GC(3) Phase 3: Adjust pointers
[10.201s][info][gc,phases      ] GC(3) Phase 3: Adjust pointers 16.335ms
[10.201s][info][gc,phases,start] GC(3) Phase 4: Move objects
[10.210s][info][gc,phases      ] GC(3) Phase 4: Move objects 8.729ms
[10.210s][info][gc,heap        ] GC(3) DefNew: 101950K(314560K)->0K(314560K) Eden: 101950K(279616K)->0K(279616K) From: 0K(34944K)->0K(34944K)
[10.210s][info][gc,heap        ] GC(3) Tenured: 29761K(699072K)->33433K(699072K)
[10.210s][info][gc,metaspace   ] GC(3) Metaspace: 82769K(83392K)->82769K(83392K) NonClass: 72462K(72832K)->72462K(72832K) Class: 10307K(10560K)->10307K(10560K)
[10.210s][info][gc             ] GC(3) Pause Full (System.gc()) 128M->32M(989M) 68.027ms
[10.210s][info][gc,cpu         ] GC(3) User=0.06s Sys=0.00s Real=0.08s
[12.372s][info][gc,start       ] GC(4) Pause Young (Allocation Failure)
[12.402s][info][gc,heap        ] GC(4) DefNew: 279616K(314560K)->12771K(314560K) Eden: 279616K(279616K)->0K(279616K) From: 0K(34944K)->12771K(34944K)
[12.402s][info][gc,heap        ] GC(4) Tenured: 33433K(699072K)->33433K(699072K)
[12.402s][info][gc,metaspace   ] GC(4) Metaspace: 115533K(116672K)->115533K(116672K) NonClass: 100704K(101376K)->100704K(101376K) Class: 14829K(15296K)->14829K(15296K)
[12.402s][info][gc             ] GC(4) Pause Young (Allocation Failure) 305M->45M(989M) 30.201ms
[12.402s][info][gc,cpu         ] GC(4) User=0.00s Sys=0.00s Real=0.03s
[12.500s][info][gc,start       ] GC(5) Pause Young (Allocation Failure)
[12.518s][info][gc,heap        ] GC(5) DefNew: 292387K(314560K)->19675K(314560K) Eden: 279616K(279616K)->0K(279616K) From: 12771K(34944K)->19675K(34944K)
[12.518s][info][gc,heap        ] GC(5) Tenured: 33433K(699072K)->33433K(699072K)
[12.518s][info][gc,metaspace   ] GC(5) Metaspace: 115538K(116672K)->115538K(116672K) NonClass: 100709K(101376K)->100709K(101376K) Class: 14829K(15296K)->14829K(15296K)
[12.518s][info][gc             ] GC(5) Pause Young (Allocation Failure) 318M->51M(989M) 18.309ms
[12.518s][info][gc,cpu         ] GC(5) User=0.00s Sys=0.00s Real=0.02s
[12.591s][info][gc,start       ] GC(6) Pause Young (Allocation Failure)
[12.611s][info][gc,heap        ] GC(6) DefNew: 299291K(314560K)->15032K(314560K) Eden: 279616K(279616K)->0K(279616K) From: 19675K(34944K)->15032K(34944K)
[12.611s][info][gc,heap        ] GC(6) Tenured: 33433K(699072K)->43138K(699072K)
[12.611s][info][gc,metaspace   ] GC(6) Metaspace: 116066K(117184K)->116066K(117184K) NonClass: 101127K(101760K)->101127K(101760K) Class: 14939K(15424K)->14939K(15424K)
[12.611s][info][gc             ] GC(6) Pause Young (Allocation Failure) 324M->56M(989M) 19.838ms
[12.611s][info][gc,cpu         ] GC(6) User=0.00s Sys=0.00s Real=0.02s
[13.752s][info][gc,start       ] GC(7) Pause Young (Allocation Failure)
[13.770s][info][gc,heap        ] GC(7) DefNew: 294648K(314560K)->24038K(314560K) Eden: 279616K(279616K)->0K(279616K) From: 15032K(34944K)->24038K(34944K)
[13.770s][info][gc,heap        ] GC(7) Tenured: 43138K(699072K)->43138K(699072K)
[13.770s][info][gc,metaspace   ] GC(7) Metaspace: 126039K(127616K)->126039K(127616K) NonClass: 109571K(110464K)->109571K(110464K) Class: 16468K(17152K)->16468K(17152K)
[13.770s][info][gc             ] GC(7) Pause Young (Allocation Failure) 329M->65M(989M) 17.941ms
[13.770s][info][gc,cpu         ] GC(7) User=0.00s Sys=0.00s Real=0.02s
[14.635s][info][gc,start       ] GC(8) Pause Young (Allocation Failure)
[14.654s][info][gc,heap        ] GC(8) DefNew: 303654K(314560K)->12655K(314560K) Eden: 279616K(279616K)->0K(279616K) From: 24038K(34944K)->12655K(34944K)
[14.654s][info][gc,heap        ] GC(8) Tenured: 43138K(699072K)->54849K(699072K)
[14.654s][info][gc,metaspace   ] GC(8) Metaspace: 128964K(130688K)->128964K(130688K) NonClass: 112070K(113024K)->112070K(113024K) Class: 16893K(17664K)->16893K(17664K)
[14.654s][info][gc             ] GC(8) Pause Young (Allocation Failure) 338M->65M(989M) 19.368ms
[14.654s][info][gc,cpu         ] GC(8) User=0.00s Sys=0.00s Real=0.02s
[15.199s][info][gc,start       ] GC(9) Pause Young (Allocation Failure)
[15.215s][info][gc,heap        ] GC(9) DefNew: 292271K(314560K)->14942K(314560K) Eden: 279616K(279616K)->0K(279616K) From: 12655K(34944K)->14942K(34944K)
[15.215s][info][gc,heap        ] GC(9) Tenured: 54849K(699072K)->54849K(699072K)
[15.215s][info][gc,metaspace   ] GC(9) Metaspace: 130106K(131904K)->130106K(131904K) NonClass: 113037K(114048K)->113037K(114048K) Class: 17068K(17856K)->17068K(17856K)
[15.215s][info][gc             ] GC(9) Pause Young (Allocation Failure) 338M->68M(989M) 16.270ms
[15.215s][info][gc,cpu         ] GC(9) User=0.02s Sys=0.00s Real=0.02s
[15.317s][info][gc,start       ] GC(10) Pause Young (Allocation Failure)
[15.330s][info][gc,heap        ] GC(10) DefNew: 294558K(314560K)->14848K(314560K) Eden: 279616K(279616K)->0K(279616K) From: 14942K(34944K)->14848K(34944K)
[15.330s][info][gc,heap        ] GC(10) Tenured: 54849K(699072K)->54849K(699072K)
[15.330s][info][gc,metaspace   ] GC(10) Metaspace: 130246K(132096K)->130246K(132096K) NonClass: 113160K(114176K)->113160K(114176K) Class: 17085K(17920K)->17085K(17920K)
[15.330s][info][gc             ] GC(10) Pause Young (Allocation Failure) 341M->68M(989M) 12.896ms
[15.330s][info][gc,cpu         ] GC(10) User=0.00s Sys=0.00s Real=0.02s
[15.621s][info][gc,start       ] GC(11) Pause Young (Allocation Failure)
[15.635s][info][gc,heap        ] GC(11) DefNew: 294464K(314560K)->13566K(314560K) Eden: 279616K(279616K)->0K(279616K) From: 14848K(34944K)->13566K(34944K)
[15.635s][info][gc,heap        ] GC(11) Tenured: 54849K(699072K)->54849K(699072K)
[15.635s][info][gc,metaspace   ] GC(11) Metaspace: 130929K(132800K)->130929K(132800K) NonClass: 113739K(114752K)->113739K(114752K) Class: 17190K(18048K)->17190K(18048K)
[15.635s][info][gc             ] GC(11) Pause Young (Allocation Failure) 341M->66M(989M) 13.351ms
[15.635s][info][gc,cpu         ] GC(11) User=0.00s Sys=0.00s Real=0.00s
[15.995s][info][gc,start       ] GC(12) Pause Young (Allocation Failure)
[16.022s][info][gc,heap        ] GC(12) DefNew: 293182K(314560K)->34943K(314560K) Eden: 279616K(279616K)->0K(279616K) From: 13566K(34944K)->34943K(34944K)
[16.022s][info][gc,heap        ] GC(12) Tenured: 54849K(699072K)->61472K(699072K)
[16.022s][info][gc,metaspace   ] GC(12) Metaspace: 131444K(133440K)->131444K(133440K) NonClass: 114159K(115264K)->114159K(115264K) Class: 17285K(18176K)->17285K(18176K)
[16.022s][info][gc             ] GC(12) Pause Young (Allocation Failure) 339M->94M(989M) 27.079ms
[16.022s][info][gc,cpu         ] GC(12) User=0.00s Sys=0.00s Real=0.03s
[16.185s][info][gc,start       ] GC(13) Pause Full (System.gc())
[16.185s][info][gc,phases,start] GC(13) Phase 1: Mark live objects
[16.246s][info][gc,phases      ] GC(13) Phase 1: Mark live objects 60.521ms
[16.246s][info][gc,phases,start] GC(13) Phase 2: Compute new object addresses
[16.262s][info][gc,phases      ] GC(13) Phase 2: Compute new object addresses 16.416ms
[16.263s][info][gc,phases,start] GC(13) Phase 3: Adjust pointers
[16.291s][info][gc,phases      ] GC(13) Phase 3: Adjust pointers 28.626ms
[16.291s][info][gc,phases,start] GC(13) Phase 4: Move objects
[16.296s][info][gc,phases      ] GC(13) Phase 4: Move objects 4.360ms
[16.298s][info][gc,heap        ] GC(13) DefNew: 112494K(314560K)->0K(314560K) Eden: 77550K(279616K)->0K(279616K) From: 34943K(34944K)->0K(34944K)
[16.298s][info][gc,heap        ] GC(13) Tenured: 61472K(699072K)->72795K(699072K)
[16.298s][info][gc,metaspace   ] GC(13) Metaspace: 131748K(133760K)->131043K(133760K) NonClass: 114405K(115520K)->113883K(115520K) Class: 17342K(18240K)->17159K(18240K)
[16.298s][info][gc             ] GC(13) Pause Full (System.gc()) 169M->71M(989M) 112.552ms
[16.298s][info][gc,cpu         ] GC(13) User=0.11s Sys=0.00s Real=0.11s
[16.798s][info][gc,start       ] GC(14) Pause Young (Allocation Failure)
[16.804s][info][gc,heap        ] GC(14) DefNew: 279616K(314560K)->2429K(314560K) Eden: 279616K(279616K)->0K(279616K) From: 0K(34944K)->2429K(34944K)
[16.804s][info][gc,heap        ] GC(14) Tenured: 72795K(699072K)->72795K(699072K)
[16.804s][info][gc,metaspace   ] GC(14) Metaspace: 131298K(133824K)->131298K(133824K) NonClass: 114129K(115584K)->114129K(115584K) Class: 17169K(18240K)->17169K(18240K)
[16.804s][info][gc             ] GC(14) Pause Young (Allocation Failure) 344M->73M(989M) 6.291ms
[16.805s][info][gc,cpu         ] GC(14) User=0.00s Sys=0.00s Real=0.00s
[16.951s][info][gc,start       ] GC(15) Pause Young (Allocation Failure)
[16.956s][info][gc,heap        ] GC(15) DefNew: 282045K(314560K)->3733K(314560K) Eden: 279616K(279616K)->0K(279616K) From: 2429K(34944K)->3733K(34944K)
[16.956s][info][gc,heap        ] GC(15) Tenured: 72795K(699072K)->72795K(699072K)
[16.956s][info][gc,metaspace   ] GC(15) Metaspace: 131346K(133824K)->131346K(133824K) NonClass: 114176K(115584K)->114176K(115584K) Class: 17170K(18240K)->17170K(18240K)
[16.956s][info][gc             ] GC(15) Pause Young (Allocation Failure) 346M->74M(989M) 5.927ms
[16.956s][info][gc,cpu         ] GC(15) User=0.00s Sys=0.00s Real=0.00s
[17.021s][info][gc,start       ] GC(16) Pause Young (Allocation Failure)
[17.025s][info][gc,heap        ] GC(16) DefNew: 283349K(314560K)->3542K(314560K) Eden: 279616K(279616K)->0K(279616K) From: 3733K(34944K)->3542K(34944K)
[17.025s][info][gc,heap        ] GC(16) Tenured: 72795K(699072K)->72795K(699072K)
[17.025s][info][gc,metaspace   ] GC(16) Metaspace: 131348K(133824K)->131348K(133824K) NonClass: 114178K(115584K)->114178K(115584K) Class: 17170K(18240K)->17170K(18240K)
[17.025s][info][gc             ] GC(16) Pause Young (Allocation Failure) 347M->74M(989M) 4.482ms
[17.025s][info][gc,cpu         ] GC(16) User=0.00s Sys=0.00s Real=0.00s
[17.126s][info][gc,start       ] GC(17) Pause Young (Allocation Failure)
[17.129s][info][gc,heap        ] GC(17) DefNew: 283158K(314560K)->1465K(314560K) Eden: 279616K(279616K)->0K(279616K) From: 3542K(34944K)->1465K(34944K)
[17.129s][info][gc,heap        ] GC(17) Tenured: 72795K(699072K)->72795K(699072K)
[17.129s][info][gc,metaspace   ] GC(17) Metaspace: 131355K(133824K)->131355K(133824K) NonClass: 114185K(115584K)->114185K(115584K) Class: 17170K(18240K)->17170K(18240K)
[17.129s][info][gc             ] GC(17) Pause Young (Allocation Failure) 347M->72M(989M) 3.469ms
[17.129s][info][gc,cpu         ] GC(17) User=0.00s Sys=0.00s Real=0.00s
[17.300s][info][gc,start       ] GC(18) Pause Young (Allocation Failure)
[17.312s][info][gc,heap        ] GC(18) DefNew: 281081K(314560K)->24867K(314560K) Eden: 279616K(279616K)->0K(279616K) From: 1465K(34944K)->24867K(34944K)
[17.312s][info][gc,heap        ] GC(18) Tenured: 72795K(699072K)->72795K(699072K)
[17.312s][info][gc,metaspace   ] GC(18) Metaspace: 131422K(133824K)->131422K(133824K) NonClass: 114252K(115584K)->114252K(115584K) Class: 17170K(18240K)->17170K(18240K)
[17.312s][info][gc             ] GC(18) Pause Young (Allocation Failure) 345M->95M(989M) 11.885ms
[17.312s][info][gc,cpu         ] GC(18) User=0.02s Sys=0.00s Real=0.00s
[17.492s][info][gc,start       ] GC(19) Pause Full (System.gc())
[17.492s][info][gc,phases,start] GC(19) Phase 1: Mark live objects
[17.555s][info][gc,phases      ] GC(19) Phase 1: Mark live objects 63.633ms
[17.555s][info][gc,phases,start] GC(19) Phase 2: Compute new object addresses
[17.583s][info][gc,phases      ] GC(19) Phase 2: Compute new object addresses 27.274ms
[17.583s][info][gc,phases,start] GC(19) Phase 3: Adjust pointers
[17.611s][info][gc,phases      ] GC(19) Phase 3: Adjust pointers 28.301ms
[17.611s][info][gc,phases,start] GC(19) Phase 4: Move objects
[17.611s][info][gc,phases      ] GC(19) Phase 4: Move objects 0.385ms
[17.612s][info][gc,heap        ] GC(19) DefNew: 169599K(314560K)->0K(314560K) Eden: 144732K(279616K)->0K(279616K) From: 24867K(34944K)->0K(34944K)
[17.612s][info][gc,heap        ] GC(19) Tenured: 72795K(699072K)->73813K(699072K)
[17.612s][info][gc,metaspace   ] GC(19) Metaspace: 131518K(133952K)->131491K(133952K) NonClass: 114347K(115712K)->114324K(115712K) Class: 17171K(18240K)->17166K(18240K)
[17.612s][info][gc             ] GC(19) Pause Full (System.gc()) 236M->72M(989M) 120.485ms
[17.612s][info][gc,cpu         ] GC(19) User=0.09s Sys=0.00s Real=0.12s
[17.972s][info][gc,start       ] GC(20) Pause Young (Allocation Failure)
[17.977s][info][gc,heap        ] GC(20) DefNew: 279616K(314560K)->2382K(314560K) Eden: 279616K(279616K)->0K(279616K) From: 0K(34944K)->2382K(34944K)
[17.977s][info][gc,heap        ] GC(20) Tenured: 73813K(699072K)->73813K(699072K)
[17.977s][info][gc,metaspace   ] GC(20) Metaspace: 131962K(134144K)->131962K(134144K) NonClass: 114788K(115904K)->114788K(115904K) Class: 17173K(18240K)->17173K(18240K)
[17.978s][info][gc             ] GC(20) Pause Young (Allocation Failure) 345M->74M(989M) 5.979ms
[17.978s][info][gc,cpu         ] GC(20) User=0.00s Sys=0.00s Real=0.00s
[18.079s][info][gc,start       ] GC(21) Pause Young (Allocation Failure)
[18.085s][info][gc,heap        ] GC(21) DefNew: 281998K(314560K)->3687K(314560K) Eden: 279616K(279616K)->0K(279616K) From: 2382K(34944K)->3687K(34944K)
[18.086s][info][gc,heap        ] GC(21) Tenured: 73813K(699072K)->73813K(699072K)
[18.086s][info][gc,metaspace   ] GC(21) Metaspace: 132005K(134208K)->132005K(134208K) NonClass: 114830K(115968K)->114830K(115968K) Class: 17175K(18240K)->17175K(18240K)
[18.086s][info][gc             ] GC(21) Pause Young (Allocation Failure) 347M->75M(989M) 6.370ms
[18.086s][info][gc,cpu         ] GC(21) User=0.00s Sys=0.00s Real=0.00s
[18.149s][info][gc,start       ] GC(22) Pause Young (Allocation Failure)
[18.153s][info][gc,heap        ] GC(22) DefNew: 283303K(314560K)->3586K(314560K) Eden: 279616K(279616K)->0K(279616K) From: 3687K(34944K)->3586K(34944K)
[18.153s][info][gc,heap        ] GC(22) Tenured: 73813K(699072K)->73813K(699072K)
[18.153s][info][gc,metaspace   ] GC(22) Metaspace: 132008K(134208K)->132008K(134208K) NonClass: 114833K(115968K)->114833K(115968K) Class: 17175K(18240K)->17175K(18240K)
[18.153s][info][gc             ] GC(22) Pause Young (Allocation Failure) 348M->75M(989M) 4.060ms
[18.153s][info][gc,cpu         ] GC(22) User=0.00s Sys=0.00s Real=0.00s
[18.269s][info][gc,start       ] GC(23) Pause Young (Allocation Failure)
[18.273s][info][gc,heap        ] GC(23) DefNew: 283202K(314560K)->2042K(314560K) Eden: 279616K(279616K)->0K(279616K) From: 3586K(34944K)->2042K(34944K)
[18.273s][info][gc,heap        ] GC(23) Tenured: 73813K(699072K)->73813K(699072K)
[18.273s][info][gc,metaspace   ] GC(23) Metaspace: 132019K(134208K)->132019K(134208K) NonClass: 114844K(115968K)->114844K(115968K) Class: 17175K(18240K)->17175K(18240K)
[18.273s][info][gc             ] GC(23) Pause Young (Allocation Failure) 348M->74M(989M) 3.475ms
[18.273s][info][gc,cpu         ] GC(23) User=0.00s Sys=0.00s Real=0.00s
[18.414s][info][gc,start       ] GC(24) Pause Young (Allocation Failure)
[18.425s][info][gc,heap        ] GC(24) DefNew: 281658K(314560K)->25896K(314560K) Eden: 279616K(279616K)->0K(279616K) From: 2042K(34944K)->25896K(34944K)
[18.425s][info][gc,heap        ] GC(24) Tenured: 73813K(699072K)->73813K(699072K)
[18.425s][info][gc,metaspace   ] GC(24) Metaspace: 132044K(134208K)->132044K(134208K) NonClass: 114869K(115968K)->114869K(115968K) Class: 17175K(18240K)->17175K(18240K)
[18.425s][info][gc             ] GC(24) Pause Young (Allocation Failure) 347M->97M(989M) 11.506ms
[18.426s][info][gc,cpu         ] GC(24) User=0.02s Sys=0.00s Real=0.02s
[18.583s][info][gc,start       ] GC(25) Pause Full (System.gc())
[18.583s][info][gc,phases,start] GC(25) Phase 1: Mark live objects
[18.645s][info][gc,phases      ] GC(25) Phase 1: Mark live objects 62.005ms
[18.645s][info][gc,phases,start] GC(25) Phase 2: Compute new object addresses
[18.670s][info][gc,phases      ] GC(25) Phase 2: Compute new object addresses 24.788ms
[18.670s][info][gc,phases,start] GC(25) Phase 3: Adjust pointers
[18.697s][info][gc,phases      ] GC(25) Phase 3: Adjust pointers 27.782ms
[18.697s][info][gc,phases,start] GC(25) Phase 4: Move objects
[18.698s][info][gc,phases      ] GC(25) Phase 4: Move objects 0.465ms
[18.698s][info][gc,heap        ] GC(25) DefNew: 158576K(314560K)->0K(314560K) Eden: 132680K(279616K)->0K(279616K) From: 25896K(34944K)->0K(34944K)
[18.699s][info][gc,heap        ] GC(25) Tenured: 73813K(699072K)->74896K(699072K)
[18.699s][info][gc,metaspace   ] GC(25) Metaspace: 132104K(134208K)->132077K(134208K) NonClass: 114926K(115968K)->114904K(115968K) Class: 17177K(18240K)->17173K(18240K)
[18.699s][info][gc             ] GC(25) Pause Full (System.gc()) 226M->73M(989M) 115.903ms
[18.699s][info][gc,cpu         ] GC(25) User=0.11s Sys=0.00s Real=0.13s
[19.031s][info][gc,start       ] GC(26) Pause Young (Allocation Failure)
[19.037s][info][gc,heap        ] GC(26) DefNew: 279616K(314560K)->2362K(314560K) Eden: 279616K(279616K)->0K(279616K) From: 0K(34944K)->2362K(34944K)
[19.037s][info][gc,heap        ] GC(26) Tenured: 74896K(699072K)->74896K(699072K)
[19.037s][info][gc,metaspace   ] GC(26) Metaspace: 132537K(134592K)->132537K(134592K) NonClass: 115356K(116352K)->115356K(116352K) Class: 17181K(18240K)->17181K(18240K)
[19.037s][info][gc             ] GC(26) Pause Young (Allocation Failure) 346M->75M(989M) 5.999ms
[19.037s][info][gc,cpu         ] GC(26) User=0.00s Sys=0.00s Real=0.00s
[19.135s][info][gc,start       ] GC(27) Pause Young (Allocation Failure)
[19.142s][info][gc,heap        ] GC(27) DefNew: 281978K(314560K)->3668K(314560K) Eden: 279616K(279616K)->0K(279616K) From: 2362K(34944K)->3668K(34944K)
[19.142s][info][gc,heap        ] GC(27) Tenured: 74896K(699072K)->74896K(699072K)
[19.142s][info][gc,metaspace   ] GC(27) Metaspace: 132560K(134656K)->132560K(134656K) NonClass: 115377K(116416K)->115377K(116416K) Class: 17182K(18240K)->17182K(18240K)
[19.142s][info][gc             ] GC(27) Pause Young (Allocation Failure) 348M->76M(989M) 6.580ms
[19.142s][info][gc,cpu         ] GC(27) User=0.00s Sys=0.00s Real=0.00s
[19.206s][info][gc,start       ] GC(28) Pause Young (Allocation Failure)
[19.211s][info][gc,heap        ] GC(28) DefNew: 283284K(314560K)->3488K(314560K) Eden: 279616K(279616K)->0K(279616K) From: 3668K(34944K)->3488K(34944K)
[19.211s][info][gc,heap        ] GC(28) Tenured: 74896K(699072K)->74896K(699072K)
[19.211s][info][gc,metaspace   ] GC(28) Metaspace: 132561K(134656K)->132561K(134656K) NonClass: 115378K(116416K)->115378K(116416K) Class: 17182K(18240K)->17182K(18240K)
[19.211s][info][gc             ] GC(28) Pause Young (Allocation Failure) 349M->76M(989M) 4.689ms
[19.211s][info][gc,cpu         ] GC(28) User=0.00s Sys=0.00s Real=0.02s
[19.328s][info][gc,start       ] GC(29) Pause Young (Allocation Failure)
[19.331s][info][gc,heap        ] GC(29) DefNew: 283104K(314560K)->1932K(314560K) Eden: 279616K(279616K)->0K(279616K) From: 3488K(34944K)->1932K(34944K)
[19.332s][info][gc,heap        ] GC(29) Tenured: 74896K(699072K)->74896K(699072K)
[19.332s][info][gc,metaspace   ] GC(29) Metaspace: 132576K(134656K)->132576K(134656K) NonClass: 115393K(116416K)->115393K(116416K) Class: 17182K(18240K)->17182K(18240K)
[19.332s][info][gc             ] GC(29) Pause Young (Allocation Failure) 349M->75M(989M) 4.020ms
[19.332s][info][gc,cpu         ] GC(29) User=0.00s Sys=0.00s Real=0.00s
[19.459s][info][gc,start       ] GC(30) Pause Young (Allocation Failure)
[19.471s][info][gc,heap        ] GC(30) DefNew: 281548K(314560K)->26135K(314560K) Eden: 279616K(279616K)->0K(279616K) From: 1932K(34944K)->26135K(34944K)
[19.471s][info][gc,heap        ] GC(30) Tenured: 74896K(699072K)->74896K(699072K)
[19.471s][info][gc,metaspace   ] GC(30) Metaspace: 132612K(134656K)->132612K(134656K) NonClass: 115430K(116416K)->115430K(116416K) Class: 17182K(18240K)->17182K(18240K)
[19.471s][info][gc             ] GC(30) Pause Young (Allocation Failure) 348M->98M(989M) 11.981ms
[19.471s][info][gc,cpu         ] GC(30) User=0.00s Sys=0.00s Real=0.02s
[19.617s][info][gc,start       ] GC(31) Pause Full (System.gc())
[19.617s][info][gc,phases,start] GC(31) Phase 1: Mark live objects
[19.679s][info][gc,phases      ] GC(31) Phase 1: Mark live objects 61.778ms
[19.679s][info][gc,phases,start] GC(31) Phase 2: Compute new object addresses
[19.703s][info][gc,phases      ] GC(31) Phase 2: Compute new object addresses 24.286ms
[19.703s][info][gc,phases,start] GC(31) Phase 3: Adjust pointers
[19.733s][info][gc,phases      ] GC(31) Phase 3: Adjust pointers 29.974ms
[19.733s][info][gc,phases,start] GC(31) Phase 4: Move objects
[19.745s][info][gc,phases      ] GC(31) Phase 4: Move objects 11.835ms
[19.745s][info][gc,heap        ] GC(31) DefNew: 154770K(314560K)->0K(314560K) Eden: 128635K(279616K)->0K(279616K) From: 26135K(34944K)->0K(34944K)
[19.745s][info][gc,heap        ] GC(31) Tenured: 74896K(699072K)->67478K(699072K)
[19.745s][info][gc,metaspace   ] GC(31) Metaspace: 132660K(134656K)->132635K(134656K) NonClass: 115474K(116416K)->115454K(116416K) Class: 17185K(18240K)->17181K(18240K)
[19.745s][info][gc             ] GC(31) Pause Full (System.gc()) 224M->65M(989M) 128.708ms
[19.745s][info][gc,cpu         ] GC(31) User=0.12s Sys=0.00s Real=0.13s
[20.058s][info][gc,start       ] GC(32) Pause Young (Allocation Failure)
[20.064s][info][gc,heap        ] GC(32) DefNew: 279616K(314560K)->2370K(314560K) Eden: 279616K(279616K)->0K(279616K) From: 0K(34944K)->2370K(34944K)
[20.064s][info][gc,heap        ] GC(32) Tenured: 67478K(699072K)->67478K(699072K)
[20.064s][info][gc,metaspace   ] GC(32) Metaspace: 132969K(134912K)->132969K(134912K) NonClass: 115781K(116672K)->115781K(116672K) Class: 17187K(18240K)->17187K(18240K)
[20.064s][info][gc             ] GC(32) Pause Young (Allocation Failure) 338M->68M(989M) 6.217ms
[20.064s][info][gc,cpu         ] GC(32) User=0.00s Sys=0.00s Real=0.01s
[20.159s][info][gc,start       ] GC(33) Pause Young (Allocation Failure)
[20.166s][info][gc,heap        ] GC(33) DefNew: 281986K(314560K)->3665K(314560K) Eden: 279616K(279616K)->0K(279616K) From: 2370K(34944K)->3665K(34944K)
[20.166s][info][gc,heap        ] GC(33) Tenured: 67478K(699072K)->67478K(699072K)
[20.166s][info][gc,metaspace   ] GC(33) Metaspace: 133016K(134976K)->133016K(134976K) NonClass: 115827K(116736K)->115827K(116736K) Class: 17188K(18240K)->17188K(18240K)
[20.166s][info][gc             ] GC(33) Pause Young (Allocation Failure) 341M->69M(989M) 6.623ms
[20.166s][info][gc,cpu         ] GC(33) User=0.00s Sys=0.00s Real=0.00s
[20.229s][info][gc,start       ] GC(34) Pause Young (Allocation Failure)
[20.234s][info][gc,heap        ] GC(34) DefNew: 283281K(314560K)->3478K(314560K) Eden: 279616K(279616K)->0K(279616K) From: 3665K(34944K)->3478K(34944K)
[20.234s][info][gc,heap        ] GC(34) Tenured: 67478K(699072K)->67478K(699072K)
[20.234s][info][gc,metaspace   ] GC(34) Metaspace: 133016K(134976K)->133016K(134976K) NonClass: 115827K(116736K)->115827K(116736K) Class: 17188K(18240K)->17188K(18240K)
[20.234s][info][gc             ] GC(34) Pause Young (Allocation Failure) 342M->69M(989M) 4.651ms
[20.234s][info][gc,cpu         ] GC(34) User=0.00s Sys=0.00s Real=0.02s
[20.357s][info][gc,start       ] GC(35) Pause Young (Allocation Failure)
[20.361s][info][gc,heap        ] GC(35) DefNew: 283094K(314560K)->1892K(314560K) Eden: 279616K(279616K)->0K(279616K) From: 3478K(34944K)->1892K(34944K)
[20.361s][info][gc,heap        ] GC(35) Tenured: 67478K(699072K)->67478K(699072K)
[20.361s][info][gc,metaspace   ] GC(35) Metaspace: 133027K(134976K)->133027K(134976K) NonClass: 115838K(116736K)->115838K(116736K) Class: 17188K(18240K)->17188K(18240K)
[20.361s][info][gc             ] GC(35) Pause Young (Allocation Failure) 342M->67M(989M) 3.678ms
[20.361s][info][gc,cpu         ] GC(35) User=0.00s Sys=0.00s Real=0.00s
[20.484s][info][gc,start       ] GC(36) Pause Young (Allocation Failure)
[20.496s][info][gc,heap        ] GC(36) DefNew: 281508K(314560K)->26785K(314560K) Eden: 279616K(279616K)->0K(279616K) From: 1892K(34944K)->26785K(34944K)
[20.496s][info][gc,heap        ] GC(36) Tenured: 67478K(699072K)->67478K(699072K)
[20.496s][info][gc,metaspace   ] GC(36) Metaspace: 133039K(134976K)->133039K(134976K) NonClass: 115850K(116736K)->115850K(116736K) Class: 17188K(18240K)->17188K(18240K)
[20.496s][info][gc             ] GC(36) Pause Young (Allocation Failure) 340M->92M(989M) 11.933ms
[20.496s][info][gc,cpu         ] GC(36) User=0.00s Sys=0.00s Real=0.01s
[20.643s][info][gc,start       ] GC(37) Pause Full (System.gc())
[20.643s][info][gc,phases,start] GC(37) Phase 1: Mark live objects
[20.707s][info][gc,phases      ] GC(37) Phase 1: Mark live objects 63.858ms
[20.707s][info][gc,phases,start] GC(37) Phase 2: Compute new object addresses
[20.730s][info][gc,phases      ] GC(37) Phase 2: Compute new object addresses 23.158ms
[20.730s][info][gc,phases,start] GC(37) Phase 3: Adjust pointers
[20.759s][info][gc,phases      ] GC(37) Phase 3: Adjust pointers 29.042ms
[20.759s][info][gc,phases,start] GC(37) Phase 4: Move objects
[20.759s][info][gc,phases      ] GC(37) Phase 4: Move objects 0.183ms
[20.760s][info][gc,heap        ] GC(37) DefNew: 149341K(314560K)->0K(314560K) Eden: 122556K(279616K)->0K(279616K) From: 26785K(34944K)->0K(34944K)
[20.760s][info][gc,heap        ] GC(37) Tenured: 67478K(699072K)->68541K(699072K)
[20.760s][info][gc,metaspace   ] GC(37) Metaspace: 133079K(135040K)->133054K(135040K) NonClass: 115889K(116800K)->115868K(116800K) Class: 17190K(18240K)->17185K(18240K)
[20.760s][info][gc             ] GC(37) Pause Full (System.gc()) 211M->66M(989M) 117.030ms
[20.760s][info][gc,cpu         ] GC(37) User=0.11s Sys=0.00s Real=0.11s
[21.050s][info][gc,start       ] GC(38) Pause Young (Allocation Failure)
[21.056s][info][gc,heap        ] GC(38) DefNew: 279616K(314560K)->2387K(314560K) Eden: 279616K(279616K)->0K(279616K) From: 0K(34944K)->2387K(34944K)
[21.056s][info][gc,heap        ] GC(38) Tenured: 68541K(699072K)->68541K(699072K)
[21.056s][info][gc,metaspace   ] GC(38) Metaspace: 133324K(135232K)->133324K(135232K) NonClass: 116133K(116992K)->116133K(116992K) Class: 17191K(18240K)->17191K(18240K)
[21.056s][info][gc             ] GC(38) Pause Young (Allocation Failure) 339M->69M(989M) 5.901ms
[21.056s][info][gc,cpu         ] GC(38) User=0.00s Sys=0.00s Real=0.02s
[21.148s][info][gc,start       ] GC(39) Pause Young (Allocation Failure)
[21.154s][info][gc,heap        ] GC(39) DefNew: 282003K(314560K)->3687K(314560K) Eden: 279616K(279616K)->0K(279616K) From: 2387K(34944K)->3687K(34944K)
[21.154s][info][gc,heap        ] GC(39) Tenured: 68541K(699072K)->68541K(699072K)
[21.154s][info][gc,metaspace   ] GC(39) Metaspace: 133337K(135296K)->133337K(135296K) NonClass: 116145K(117056K)->116145K(117056K) Class: 17192K(18240K)->17192K(18240K)
[21.154s][info][gc             ] GC(39) Pause Young (Allocation Failure) 342M->70M(989M) 5.942ms
[21.154s][info][gc,cpu         ] GC(39) User=0.00s Sys=0.00s Real=0.00s
[21.220s][info][gc,start       ] GC(40) Pause Young (Allocation Failure)
[21.224s][info][gc,heap        ] GC(40) DefNew: 283303K(314560K)->3519K(314560K) Eden: 279616K(279616K)->0K(279616K) From: 3687K(34944K)->3519K(34944K)
[21.224s][info][gc,heap        ] GC(40) Tenured: 68541K(699072K)->68541K(699072K)
[21.224s][info][gc,metaspace   ] GC(40) Metaspace: 133343K(135296K)->133343K(135296K) NonClass: 116151K(117056K)->116151K(117056K) Class: 17192K(18240K)->17192K(18240K)
[21.224s][info][gc             ] GC(40) Pause Young (Allocation Failure) 343M->70M(989M) 4.265ms
[21.224s][info][gc,cpu         ] GC(40) User=0.00s Sys=0.00s Real=0.00s
[21.343s][info][gc,start       ] GC(41) Pause Young (Allocation Failure)
[21.347s][info][gc,heap        ] GC(41) DefNew: 283135K(314560K)->1955K(314560K) Eden: 279616K(279616K)->0K(279616K) From: 3519K(34944K)->1955K(34944K)
[21.347s][info][gc,heap        ] GC(41) Tenured: 68541K(699072K)->68541K(699072K)
[21.347s][info][gc,metaspace   ] GC(41) Metaspace: 133369K(135296K)->133369K(135296K) NonClass: 116176K(117056K)->116176K(117056K) Class: 17192K(18240K)->17192K(18240K)
[21.347s][info][gc             ] GC(41) Pause Young (Allocation Failure) 343M->68M(989M) 3.650ms
[21.347s][info][gc,cpu         ] GC(41) User=0.00s Sys=0.00s Real=0.00s
[21.470s][info][gc,start       ] GC(42) Pause Young (Allocation Failure)
[21.484s][info][gc,heap        ] GC(42) DefNew: 281571K(314560K)->26806K(314560K) Eden: 279616K(279616K)->0K(279616K) From: 1955K(34944K)->26806K(34944K)
[21.484s][info][gc,heap        ] GC(42) Tenured: 68541K(699072K)->68541K(699072K)
[21.484s][info][gc,metaspace   ] GC(42) Metaspace: 133401K(135296K)->133401K(135296K) NonClass: 116208K(117056K)->116208K(117056K) Class: 17193K(18240K)->17193K(18240K)
[21.484s][info][gc             ] GC(42) Pause Young (Allocation Failure) 341M->93M(989M) 13.415ms
[21.484s][info][gc,cpu         ] GC(42) User=0.02s Sys=0.00s Real=0.01s
[21.629s][info][gc,start       ] GC(43) Pause Full (System.gc())
[21.629s][info][gc,phases,start] GC(43) Phase 1: Mark live objects
[21.693s][info][gc,phases      ] GC(43) Phase 1: Mark live objects 64.236ms
[21.693s][info][gc,phases,start] GC(43) Phase 2: Compute new object addresses
[21.717s][info][gc,phases      ] GC(43) Phase 2: Compute new object addresses 23.286ms
[21.717s][info][gc,phases,start] GC(43) Phase 3: Adjust pointers
[21.746s][info][gc,phases      ] GC(43) Phase 3: Adjust pointers 29.597ms
[21.746s][info][gc,phases,start] GC(43) Phase 4: Move objects
[21.746s][info][gc,phases      ] GC(43) Phase 4: Move objects 0.186ms
[21.747s][info][gc,heap        ] GC(43) DefNew: 148997K(314560K)->0K(314560K) Eden: 122190K(279616K)->0K(279616K) From: 26806K(34944K)->0K(34944K)
[21.747s][info][gc,heap        ] GC(43) Tenured: 68541K(699072K)->69621K(699072K)
[21.747s][info][gc,metaspace   ] GC(43) Metaspace: 133491K(135360K)->133466K(135360K) NonClass: 116297K(117120K)->116276K(117120K) Class: 17194K(18240K)->17190K(18240K)
[21.747s][info][gc             ] GC(43) Pause Full (System.gc()) 212M->67M(989M) 118.062ms
[21.747s][info][gc,cpu         ] GC(43) User=0.08s Sys=0.00s Real=0.11s
[22.029s][info][gc,start       ] GC(44) Pause Young (Allocation Failure)
[22.035s][info][gc,heap        ] GC(44) DefNew: 279616K(314560K)->2360K(314560K) Eden: 279616K(279616K)->0K(279616K) From: 0K(34944K)->2360K(34944K)
[22.035s][info][gc,heap        ] GC(44) Tenured: 69621K(699072K)->69621K(699072K)
[22.035s][info][gc,metaspace   ] GC(44) Metaspace: 133771K(135680K)->133771K(135680K) NonClass: 116572K(117440K)->116572K(117440K) Class: 17198K(18240K)->17198K(18240K)
[22.035s][info][gc             ] GC(44) Pause Young (Allocation Failure) 341M->70M(989M) 6.121ms
[22.035s][info][gc,cpu         ] GC(44) User=0.00s Sys=0.00s Real=0.02s
[22.128s][info][gc,start       ] GC(45) Pause Young (Allocation Failure)
[22.134s][info][gc,heap        ] GC(45) DefNew: 281976K(314560K)->3670K(314560K) Eden: 279616K(279616K)->0K(279616K) From: 2360K(34944K)->3670K(34944K)
[22.134s][info][gc,heap        ] GC(45) Tenured: 69621K(699072K)->69621K(699072K)
[22.134s][info][gc,metaspace   ] GC(45) Metaspace: 133798K(135680K)->133798K(135680K) NonClass: 116597K(117440K)->116597K(117440K) Class: 17201K(18240K)->17201K(18240K)
[22.134s][info][gc             ] GC(45) Pause Young (Allocation Failure) 343M->71M(989M) 6.320ms
[22.134s][info][gc,cpu         ] GC(45) User=0.00s Sys=0.00s Real=0.00s
[22.201s][info][gc,start       ] GC(46) Pause Young (Allocation Failure)
[22.205s][info][gc,heap        ] GC(46) DefNew: 283286K(314560K)->3472K(314560K) Eden: 279616K(279616K)->0K(279616K) From: 3670K(34944K)->3472K(34944K)
[22.205s][info][gc,heap        ] GC(46) Tenured: 69621K(699072K)->69621K(699072K)
[22.205s][info][gc,metaspace   ] GC(46) Metaspace: 133798K(135680K)->133798K(135680K) NonClass: 116597K(117440K)->116597K(117440K) Class: 17201K(18240K)->17201K(18240K)
[22.205s][info][gc             ] GC(46) Pause Young (Allocation Failure) 344M->71M(989M) 4.253ms
[22.205s][info][gc,cpu         ] GC(46) User=0.00s Sys=0.00s Real=0.00s
[22.318s][info][gc,start       ] GC(47) Pause Young (Allocation Failure)
[22.321s][info][gc,heap        ] GC(47) DefNew: 283088K(314560K)->1978K(314560K) Eden: 279616K(279616K)->0K(279616K) From: 3472K(34944K)->1978K(34944K)
[22.321s][info][gc,heap        ] GC(47) Tenured: 69621K(699072K)->69621K(699072K)
[22.321s][info][gc,metaspace   ] GC(47) Metaspace: 133843K(135808K)->133843K(135808K) NonClass: 116641K(117568K)->116641K(117568K) Class: 17201K(18240K)->17201K(18240K)
[22.321s][info][gc             ] GC(47) Pause Young (Allocation Failure) 344M->69M(989M) 3.519ms
[22.321s][info][gc,cpu         ] GC(47) User=0.00s Sys=0.00s Real=0.00s
[22.443s][info][gc,start       ] GC(48) Pause Young (Allocation Failure)
[22.455s][info][gc,heap        ] GC(48) DefNew: 281594K(314560K)->27094K(314560K) Eden: 279616K(279616K)->0K(279616K) From: 1978K(34944K)->27094K(34944K)
[22.455s][info][gc,heap        ] GC(48) Tenured: 69621K(699072K)->69621K(699072K)
[22.455s][info][gc,metaspace   ] GC(48) Metaspace: 133870K(135808K)->133870K(135808K) NonClass: 116667K(117568K)->116667K(117568K) Class: 17203K(18240K)->17203K(18240K)
[22.455s][info][gc             ] GC(48) Pause Young (Allocation Failure) 342M->94M(989M) 12.189ms
[22.455s][info][gc,cpu         ] GC(48) User=0.00s Sys=0.00s Real=0.02s
[22.591s][info][gc,start       ] GC(49) Pause Full (System.gc())
[22.591s][info][gc,phases,start] GC(49) Phase 1: Mark live objects
[22.657s][info][gc,phases      ] GC(49) Phase 1: Mark live objects 65.288ms
[22.657s][info][gc,phases,start] GC(49) Phase 2: Compute new object addresses
[22.680s][info][gc,phases      ] GC(49) Phase 2: Compute new object addresses 22.849ms
[22.680s][info][gc,phases,start] GC(49) Phase 3: Adjust pointers
[22.710s][info][gc,phases      ] GC(49) Phase 3: Adjust pointers 30.192ms
[22.710s][info][gc,phases,start] GC(49) Phase 4: Move objects
[22.710s][info][gc,phases      ] GC(49) Phase 4: Move objects 0.185ms
[22.711s][info][gc,heap        ] GC(49) DefNew: 147901K(314560K)->0K(314560K) Eden: 120807K(279616K)->0K(279616K) From: 27094K(34944K)->0K(34944K)
[22.711s][info][gc,heap        ] GC(49) Tenured: 69621K(699072K)->70683K(699072K)
[22.711s][info][gc,metaspace   ] GC(49) Metaspace: 133891K(135808K)->133866K(135808K) NonClass: 116688K(117568K)->116667K(117568K) Class: 17203K(18240K)->17199K(18240K)
[22.711s][info][gc             ] GC(49) Pause Full (System.gc()) 212M->69M(989M) 119.261ms
[22.711s][info][gc,cpu         ] GC(49) User=0.11s Sys=0.00s Real=0.11s
[22.995s][info][gc,start       ] GC(50) Pause Young (Allocation Failure)
[23.001s][info][gc,heap        ] GC(50) DefNew: 279616K(314560K)->2374K(314560K) Eden: 279616K(279616K)->0K(279616K) From: 0K(34944K)->2374K(34944K)
[23.001s][info][gc,heap        ] GC(50) Tenured: 70683K(699072K)->70683K(699072K)
[23.001s][info][gc,metaspace   ] GC(50) Metaspace: 134048K(135936K)->134048K(135936K) NonClass: 116844K(117696K)->116844K(117696K) Class: 17204K(18240K)->17204K(18240K)
[23.001s][info][gc             ] GC(50) Pause Young (Allocation Failure) 342M->71M(989M) 5.979ms
[23.001s][info][gc,cpu         ] GC(50) User=0.00s Sys=0.00s Real=0.02s
[23.095s][info][gc,start       ] GC(51) Pause Young (Allocation Failure)
[23.102s][info][gc,heap        ] GC(51) DefNew: 281990K(314560K)->3673K(314560K) Eden: 279616K(279616K)->0K(279616K) From: 2374K(34944K)->3673K(34944K)
[23.102s][info][gc,heap        ] GC(51) Tenured: 70683K(699072K)->70683K(699072K)
[23.102s][info][gc,metaspace   ] GC(51) Metaspace: 134082K(136000K)->134082K(136000K) NonClass: 116878K(117760K)->116878K(117760K) Class: 17204K(18240K)->17204K(18240K)
[23.102s][info][gc             ] GC(51) Pause Young (Allocation Failure) 344M->72M(989M) 6.887ms
[23.102s][info][gc,cpu         ] GC(51) User=0.00s Sys=0.00s Real=0.02s
[23.170s][info][gc,start       ] GC(52) Pause Young (Allocation Failure)
[23.174s][info][gc,heap        ] GC(52) DefNew: 283289K(314560K)->3476K(314560K) Eden: 279616K(279616K)->0K(279616K) From: 3673K(34944K)->3476K(34944K)
[23.174s][info][gc,heap        ] GC(52) Tenured: 70683K(699072K)->70683K(699072K)
[23.174s][info][gc,metaspace   ] GC(52) Metaspace: 134082K(136000K)->134082K(136000K) NonClass: 116878K(117760K)->116878K(117760K) Class: 17204K(18240K)->17204K(18240K)
[23.174s][info][gc             ] GC(52) Pause Young (Allocation Failure) 345M->72M(989M) 4.222ms
[23.174s][info][gc,cpu         ] GC(52) User=0.00s Sys=0.00s Real=0.01s
[23.297s][info][gc,start       ] GC(53) Pause Young (Allocation Failure)
[23.301s][info][gc,heap        ] GC(53) DefNew: 283092K(314560K)->1992K(314560K) Eden: 279616K(279616K)->0K(279616K) From: 3476K(34944K)->1992K(34944K)
[23.301s][info][gc,heap        ] GC(53) Tenured: 70683K(699072K)->70683K(699072K)
[23.301s][info][gc,metaspace   ] GC(53) Metaspace: 134091K(136000K)->134091K(136000K) NonClass: 116887K(117760K)->116887K(117760K) Class: 17204K(18240K)->17204K(18240K)
[23.301s][info][gc             ] GC(53) Pause Young (Allocation Failure) 345M->70M(989M) 3.721ms
[23.301s][info][gc,cpu         ] GC(53) User=0.00s Sys=0.00s Real=0.00s
[23.424s][info][gc,start       ] GC(54) Pause Young (Allocation Failure)
[23.438s][info][gc,heap        ] GC(54) DefNew: 281608K(314560K)->27007K(314560K) Eden: 279616K(279616K)->0K(279616K) From: 1992K(34944K)->27007K(34944K)
[23.438s][info][gc,heap        ] GC(54) Tenured: 70683K(699072K)->70683K(699072K)
[23.438s][info][gc,metaspace   ] GC(54) Metaspace: 134157K(136064K)->134157K(136064K) NonClass: 116952K(117824K)->116952K(117824K) Class: 17204K(18240K)->17204K(18240K)
[23.438s][info][gc             ] GC(54) Pause Young (Allocation Failure) 344M->95M(989M) 14.479ms
[23.438s][info][gc,cpu         ] GC(54) User=0.00s Sys=0.00s Real=0.02s
[23.578s][info][gc,start       ] GC(55) Pause Full (System.gc())
[23.578s][info][gc,phases,start] GC(55) Phase 1: Mark live objects
[23.645s][info][gc,phases      ] GC(55) Phase 1: Mark live objects 67.767ms
[23.645s][info][gc,phases,start] GC(55) Phase 2: Compute new object addresses
[23.669s][info][gc,phases      ] GC(55) Phase 2: Compute new object addresses 23.083ms
[23.669s][info][gc,phases,start] GC(55) Phase 3: Adjust pointers
[23.701s][info][gc,phases      ] GC(55) Phase 3: Adjust pointers 32.518ms
[23.701s][info][gc,phases,start] GC(55) Phase 4: Move objects
[23.709s][info][gc,phases      ] GC(55) Phase 4: Move objects 8.183ms
[23.710s][info][gc,heap        ] GC(55) DefNew: 146934K(314560K)->0K(314560K) Eden: 119927K(279616K)->0K(279616K) From: 27007K(34944K)->0K(34944K)
[23.710s][info][gc,heap        ] GC(55) Tenured: 70683K(699072K)->68269K(699072K)
[23.710s][info][gc,metaspace   ] GC(55) Metaspace: 134186K(136064K)->134160K(136064K) NonClass: 116979K(117824K)->116957K(117824K) Class: 17207K(18240K)->17202K(18240K)
[23.710s][info][gc             ] GC(55) Pause Full (System.gc()) 212M->66M(989M) 132.384ms
[23.710s][info][gc,cpu         ] GC(55) User=0.12s Sys=0.00s Real=0.14s
[23.977s][info][gc,start       ] GC(56) Pause Young (Allocation Failure)
[23.982s][info][gc,heap        ] GC(56) DefNew: 279616K(314560K)->2369K(314560K) Eden: 279616K(279616K)->0K(279616K) From: 0K(34944K)->2369K(34944K)
[23.982s][info][gc,heap        ] GC(56) Tenured: 68269K(699072K)->68269K(699072K)
[23.982s][info][gc,metaspace   ] GC(56) Metaspace: 134441K(136320K)->134441K(136320K) NonClass: 117230K(118080K)->117230K(118080K) Class: 17211K(18240K)->17211K(18240K)
[23.982s][info][gc             ] GC(56) Pause Young (Allocation Failure) 339M->68M(989M) 5.536ms
[23.982s][info][gc,cpu         ] GC(56) User=0.00s Sys=0.00s Real=0.01s
[24.072s][info][gc,start       ] GC(57) Pause Young (Allocation Failure)
[24.078s][info][gc,heap        ] GC(57) DefNew: 281985K(314560K)->3670K(314560K) Eden: 279616K(279616K)->0K(279616K) From: 2369K(34944K)->3670K(34944K)
[24.078s][info][gc,heap        ] GC(57) Tenured: 68269K(699072K)->68269K(699072K)
[24.078s][info][gc,metaspace   ] GC(57) Metaspace: 134461K(136320K)->134461K(136320K) NonClass: 117249K(118080K)->117249K(118080K) Class: 17212K(18240K)->17212K(18240K)
[24.078s][info][gc             ] GC(57) Pause Young (Allocation Failure) 342M->70M(989M) 6.049ms
[24.078s][info][gc,cpu         ] GC(57) User=0.00s Sys=0.00s Real=0.00s
[24.143s][info][gc,start       ] GC(58) Pause Young (Allocation Failure)
[24.146s][info][gc,heap        ] GC(58) DefNew: 283286K(314560K)->2689K(314560K) Eden: 279616K(279616K)->0K(279616K) From: 3670K(34944K)->2689K(34944K)
[24.147s][info][gc,heap        ] GC(58) Tenured: 68269K(699072K)->68269K(699072K)
[24.147s][info][gc,metaspace   ] GC(58) Metaspace: 134462K(136320K)->134462K(136320K) NonClass: 117249K(118080K)->117249K(118080K) Class: 17212K(18240K)->17212K(18240K)
[24.147s][info][gc             ] GC(58) Pause Young (Allocation Failure) 343M->69M(989M) 3.877ms
[24.147s][info][gc,cpu         ] GC(58) User=0.00s Sys=0.00s Real=0.00s
[24.268s][info][gc,start       ] GC(59) Pause Young (Allocation Failure)
[24.273s][info][gc,heap        ] GC(59) DefNew: 282305K(314560K)->1853K(314560K) Eden: 279616K(279616K)->0K(279616K) From: 2689K(34944K)->1853K(34944K)
[24.273s][info][gc,heap        ] GC(59) Tenured: 68269K(699072K)->68269K(699072K)
[24.273s][info][gc,metaspace   ] GC(59) Metaspace: 134478K(136384K)->134478K(136384K) NonClass: 117265K(118144K)->117265K(118144K) Class: 17212K(18240K)->17212K(18240K)
[24.273s][info][gc             ] GC(59) Pause Young (Allocation Failure) 342M->68M(989M) 4.367ms
[24.273s][info][gc,cpu         ] GC(59) User=0.00s Sys=0.00s Real=0.00s
[24.392s][info][gc,start       ] GC(60) Pause Young (Allocation Failure)
[24.404s][info][gc,heap        ] GC(60) DefNew: 281469K(314560K)->26893K(314560K) Eden: 279616K(279616K)->0K(279616K) From: 1853K(34944K)->26893K(34944K)
[24.404s][info][gc,heap        ] GC(60) Tenured: 68269K(699072K)->68269K(699072K)
[24.404s][info][gc,metaspace   ] GC(60) Metaspace: 134673K(136512K)->134673K(136512K) NonClass: 117413K(118272K)->117413K(118272K) Class: 17260K(18240K)->17260K(18240K)
[24.404s][info][gc             ] GC(60) Pause Young (Allocation Failure) 341M->92M(989M) 12.701ms
[24.404s][info][gc,cpu         ] GC(60) User=0.00s Sys=0.00s Real=0.02s
[24.542s][info][gc,start       ] GC(61) Pause Full (System.gc())
[24.542s][info][gc,phases,start] GC(61) Phase 1: Mark live objects
[24.611s][info][gc,phases      ] GC(61) Phase 1: Mark live objects 68.681ms
[24.611s][info][gc,phases,start] GC(61) Phase 2: Compute new object addresses
[24.634s][info][gc,phases      ] GC(61) Phase 2: Compute new object addresses 23.515ms
[24.634s][info][gc,phases,start] GC(61) Phase 3: Adjust pointers
[24.665s][info][gc,phases      ] GC(61) Phase 3: Adjust pointers 30.884ms
[24.665s][info][gc,phases,start] GC(61) Phase 4: Move objects
[24.665s][info][gc,phases      ] GC(61) Phase 4: Move objects 0.158ms
[24.666s][info][gc,heap        ] GC(61) DefNew: 148400K(314560K)->0K(314560K) Eden: 121506K(279616K)->0K(279616K) From: 26893K(34944K)->0K(34944K)
[24.666s][info][gc,heap        ] GC(61) Tenured: 68269K(699072K)->69231K(699072K)
[24.666s][info][gc,metaspace   ] GC(61) Metaspace: 134747K(136576K)->134721K(136576K) NonClass: 117486K(118336K)->117464K(118336K) Class: 17261K(18240K)->17256K(18240K)
[24.666s][info][gc             ] GC(61) Pause Full (System.gc()) 211M->67M(989M) 123.951ms
[24.666s][info][gc,cpu         ] GC(61) User=0.11s Sys=0.00s Real=0.11s
[24.933s][info][gc,start       ] GC(62) Pause Young (Allocation Failure)
[24.939s][info][gc,heap        ] GC(62) DefNew: 279616K(314560K)->2353K(314560K) Eden: 279616K(279616K)->0K(279616K) From: 0K(34944K)->2353K(34944K)
[24.939s][info][gc,heap        ] GC(62) Tenured: 69231K(699072K)->69231K(699072K)
[24.939s][info][gc,metaspace   ] GC(62) Metaspace: 135020K(136896K)->135020K(136896K) NonClass: 117754K(118656K)->117754K(118656K) Class: 17266K(18240K)->17266K(18240K)
[24.939s][info][gc             ] GC(62) Pause Young (Allocation Failure) 340M->69M(989M) 5.859ms
[24.939s][info][gc,cpu         ] GC(62) User=0.00s Sys=0.00s Real=0.02s
[25.030s][info][gc,start       ] GC(63) Pause Young (Allocation Failure)
[25.036s][info][gc,heap        ] GC(63) DefNew: 281969K(314560K)->3667K(314560K) Eden: 279616K(279616K)->0K(279616K) From: 2353K(34944K)->3667K(34944K)
[25.036s][info][gc,heap        ] GC(63) Tenured: 69231K(699072K)->69231K(699072K)
[25.036s][info][gc,metaspace   ] GC(63) Metaspace: 135044K(136896K)->135044K(136896K) NonClass: 117776K(118656K)->117776K(118656K) Class: 17268K(18240K)->17268K(18240K)
[25.036s][info][gc             ] GC(63) Pause Young (Allocation Failure) 342M->71M(989M) 6.687ms
[25.036s][info][gc,cpu         ] GC(63) User=0.00s Sys=0.00s Real=0.00s
[25.103s][info][gc,start       ] GC(64) Pause Young (Allocation Failure)
[25.107s][info][gc,heap        ] GC(64) DefNew: 283283K(314560K)->3496K(314560K) Eden: 279616K(279616K)->0K(279616K) From: 3667K(34944K)->3496K(34944K)
[25.108s][info][gc,heap        ] GC(64) Tenured: 69231K(699072K)->69231K(699072K)
[25.108s][info][gc,metaspace   ] GC(64) Metaspace: 135044K(136896K)->135044K(136896K) NonClass: 117776K(118656K)->117776K(118656K) Class: 17268K(18240K)->17268K(18240K)
[25.108s][info][gc             ] GC(64) Pause Young (Allocation Failure) 344M->71M(989M) 4.994ms
[25.108s][info][gc,cpu         ] GC(64) User=0.00s Sys=0.00s Real=0.02s
[25.222s][info][gc,start       ] GC(65) Pause Young (Allocation Failure)
[25.226s][info][gc,heap        ] GC(65) DefNew: 282969K(314560K)->2663K(314560K) Eden: 279472K(279616K)->0K(279616K) From: 3496K(34944K)->2663K(34944K)
[25.226s][info][gc,heap        ] GC(65) Tenured: 69231K(699072K)->69231K(699072K)
[25.226s][info][gc,metaspace   ] GC(65) Metaspace: 135060K(136896K)->135060K(136896K) NonClass: 117792K(118656K)->117792K(118656K) Class: 17268K(18240K)->17268K(18240K)
[25.226s][info][gc             ] GC(65) Pause Young (Allocation Failure) 343M->70M(989M) 4.231ms
[25.226s][info][gc,cpu         ] GC(65) User=0.00s Sys=0.00s Real=0.00s
[25.350s][info][gc,start       ] GC(66) Pause Young (Allocation Failure)
[25.365s][info][gc,heap        ] GC(66) DefNew: 282279K(314560K)->27501K(314560K) Eden: 279616K(279616K)->0K(279616K) From: 2663K(34944K)->27501K(34944K)
[25.365s][info][gc,heap        ] GC(66) Tenured: 69231K(699072K)->69231K(699072K)
[25.365s][info][gc,metaspace   ] GC(66) Metaspace: 135071K(136896K)->135071K(136896K) NonClass: 117802K(118656K)->117802K(118656K) Class: 17268K(18240K)->17268K(18240K)
[25.365s][info][gc             ] GC(66) Pause Young (Allocation Failure) 343M->94M(989M) 14.734ms
[25.365s][info][gc,cpu         ] GC(66) User=0.02s Sys=0.00s Real=0.02s
[25.497s][info][gc,start       ] GC(67) Pause Full (System.gc())
[25.497s][info][gc,phases,start] GC(67) Phase 1: Mark live objects
[25.565s][info][gc,phases      ] GC(67) Phase 1: Mark live objects 67.800ms
[25.565s][info][gc,phases,start] GC(67) Phase 2: Compute new object addresses
[25.588s][info][gc,phases      ] GC(67) Phase 2: Compute new object addresses 22.926ms
[25.588s][info][gc,phases,start] GC(67) Phase 3: Adjust pointers
[25.620s][info][gc,phases      ] GC(67) Phase 3: Adjust pointers 31.860ms
[25.620s][info][gc,phases,start] GC(67) Phase 4: Move objects
[25.620s][info][gc,phases      ] GC(67) Phase 4: Move objects 0.179ms
[25.621s][info][gc,heap        ] GC(67) DefNew: 142982K(314560K)->0K(314560K) Eden: 115481K(279616K)->0K(279616K) From: 27501K(34944K)->0K(34944K)
[25.621s][info][gc,heap        ] GC(67) Tenured: 69231K(699072K)->70263K(699072K)
[25.621s][info][gc,metaspace   ] GC(67) Metaspace: 135113K(136960K)->135087K(136960K) NonClass: 117839K(118720K)->117816K(118720K) Class: 17274K(18240K)->17270K(18240K)
[25.621s][info][gc             ] GC(67) Pause Full (System.gc()) 207M->68M(989M) 123.584ms
[25.621s][info][gc,cpu         ] GC(67) User=0.12s Sys=0.00s Real=0.13s
[25.879s][info][gc,start       ] GC(68) Pause Young (Allocation Failure)
[25.884s][info][gc,heap        ] GC(68) DefNew: 279616K(314560K)->2376K(314560K) Eden: 279616K(279616K)->0K(279616K) From: 0K(34944K)->2376K(34944K)
[25.885s][info][gc,heap        ] GC(68) Tenured: 70263K(699072K)->70263K(699072K)
[25.885s][info][gc,metaspace   ] GC(68) Metaspace: 135411K(137280K)->135411K(137280K) NonClass: 118129K(119040K)->118129K(119040K) Class: 17282K(18240K)->17282K(18240K)
[25.885s][info][gc             ] GC(68) Pause Young (Allocation Failure) 341M->70M(989M) 5.987ms
[25.885s][info][gc,cpu         ] GC(68) User=0.00s Sys=0.00s Real=0.00s
[25.974s][info][gc,start       ] GC(69) Pause Young (Allocation Failure)
[25.981s][info][gc,heap        ] GC(69) DefNew: 281992K(314560K)->3666K(314560K) Eden: 279616K(279616K)->0K(279616K) From: 2376K(34944K)->3666K(34944K)
[25.981s][info][gc,heap        ] GC(69) Tenured: 70263K(699072K)->70263K(699072K)
[25.981s][info][gc,metaspace   ] GC(69) Metaspace: 135423K(137280K)->135423K(137280K) NonClass: 118140K(119040K)->118140K(119040K) Class: 17283K(18240K)->17283K(18240K)
[25.981s][info][gc             ] GC(69) Pause Young (Allocation Failure) 343M->72M(989M) 6.911ms
[25.981s][info][gc,cpu         ] GC(69) User=0.00s Sys=0.00s Real=0.01s
[26.045s][info][gc,start       ] GC(70) Pause Young (Allocation Failure)
[26.049s][info][gc,heap        ] GC(70) DefNew: 283282K(314560K)->3594K(314560K) Eden: 279616K(279616K)->0K(279616K) From: 3666K(34944K)->3594K(34944K)
[26.049s][info][gc,heap        ] GC(70) Tenured: 70263K(699072K)->70263K(699072K)
[26.049s][info][gc,metaspace   ] GC(70) Metaspace: 135423K(137280K)->135423K(137280K) NonClass: 118140K(119040K)->118140K(119040K) Class: 17283K(18240K)->17283K(18240K)
[26.049s][info][gc             ] GC(70) Pause Young (Allocation Failure) 345M->72M(989M) 4.328ms
[26.049s][info][gc,cpu         ] GC(70) User=0.00s Sys=0.00s Real=0.02s
[26.164s][info][gc,start       ] GC(71) Pause Young (Allocation Failure)
[26.168s][info][gc,heap        ] GC(71) DefNew: 283210K(314560K)->2753K(314560K) Eden: 279616K(279616K)->0K(279616K) From: 3594K(34944K)->2753K(34944K)
[26.168s][info][gc,heap        ] GC(71) Tenured: 70263K(699072K)->70263K(699072K)
[26.168s][info][gc,metaspace   ] GC(71) Metaspace: 135426K(137280K)->135426K(137280K) NonClass: 118143K(119040K)->118143K(119040K) Class: 17283K(18240K)->17283K(18240K)
[26.168s][info][gc             ] GC(71) Pause Young (Allocation Failure) 345M->71M(989M) 3.998ms
[26.168s][info][gc,cpu         ] GC(71) User=0.00s Sys=0.00s Real=0.00s
[26.290s][info][gc,start       ] GC(72) Pause Young (Allocation Failure)
[26.302s][info][gc,heap        ] GC(72) DefNew: 282369K(314560K)->27386K(314560K) Eden: 279616K(279616K)->0K(279616K) From: 2753K(34944K)->27386K(34944K)
[26.303s][info][gc,heap        ] GC(72) Tenured: 70263K(699072K)->70263K(699072K)
[26.303s][info][gc,metaspace   ] GC(72) Metaspace: 135442K(137344K)->135442K(137344K) NonClass: 118158K(119104K)->118158K(119104K) Class: 17283K(18240K)->17283K(18240K)
[26.303s][info][gc             ] GC(72) Pause Young (Allocation Failure) 344M->95M(989M) 12.896ms
[26.303s][info][gc,cpu         ] GC(72) User=0.00s Sys=0.00s Real=0.02s
[26.436s][info][gc,start       ] GC(73) Pause Full (System.gc())
[26.436s][info][gc,phases,start] GC(73) Phase 1: Mark live objects
[26.506s][info][gc,phases      ] GC(73) Phase 1: Mark live objects 69.486ms
[26.506s][info][gc,phases,start] GC(73) Phase 2: Compute new object addresses
[26.529s][info][gc,phases      ] GC(73) Phase 2: Compute new object addresses 22.791ms
[26.529s][info][gc,phases,start] GC(73) Phase 3: Adjust pointers
[26.561s][info][gc,phases      ] GC(73) Phase 3: Adjust pointers 31.975ms
[26.561s][info][gc,phases,start] GC(73) Phase 4: Move objects
[26.561s][info][gc,phases      ] GC(73) Phase 4: Move objects 0.185ms
[26.561s][info][gc,heap        ] GC(73) DefNew: 144806K(314560K)->0K(314560K) Eden: 117419K(279616K)->0K(279616K) From: 27386K(34944K)->0K(34944K)
[26.561s][info][gc,heap        ] GC(73) Tenured: 70263K(699072K)->71312K(699072K)
[26.561s][info][gc,metaspace   ] GC(73) Metaspace: 135503K(137408K)->135476K(137408K) NonClass: 118208K(119168K)->118186K(119168K) Class: 17295K(18240K)->17290K(18240K)
[26.561s][info][gc             ] GC(73) Pause Full (System.gc()) 210M->69M(989M) 125.191ms
[26.561s][info][gc,cpu         ] GC(73) User=0.11s Sys=0.00s Real=0.13s
[26.823s][info][gc,start       ] GC(74) Pause Young (Allocation Failure)
[26.829s][info][gc,heap        ] GC(74) DefNew: 279616K(314560K)->2347K(314560K) Eden: 279616K(279616K)->0K(279616K) From: 0K(34944K)->2347K(34944K)
[26.829s][info][gc,heap        ] GC(74) Tenured: 71312K(699072K)->71312K(699072K)
[26.829s][info][gc,metaspace   ] GC(74) Metaspace: 135649K(137536K)->135649K(137536K) NonClass: 118352K(119296K)->118352K(119296K) Class: 17296K(18240K)->17296K(18240K)
[26.829s][info][gc             ] GC(74) Pause Young (Allocation Failure) 342M->71M(989M) 5.602ms
[26.829s][info][gc,cpu         ] GC(74) User=0.00s Sys=0.00s Real=0.00s
[26.922s][info][gc,start       ] GC(75) Pause Young (Allocation Failure)
[26.929s][info][gc,heap        ] GC(75) DefNew: 281963K(314560K)->3657K(314560K) Eden: 279616K(279616K)->0K(279616K) From: 2347K(34944K)->3657K(34944K)
[26.929s][info][gc,heap        ] GC(75) Tenured: 71312K(699072K)->71312K(699072K)
[26.929s][info][gc,metaspace   ] GC(75) Metaspace: 135665K(137536K)->135665K(137536K) NonClass: 118368K(119296K)->118368K(119296K) Class: 17297K(18240K)->17297K(18240K)
[26.929s][info][gc             ] GC(75) Pause Young (Allocation Failure) 344M->73M(989M) 6.635ms
[26.929s][info][gc,cpu         ] GC(75) User=0.00s Sys=0.00s Real=0.00s
[26.996s][info][gc,start       ] GC(76) Pause Young (Allocation Failure)
[27.000s][info][gc,heap        ] GC(76) DefNew: 283273K(314560K)->3569K(314560K) Eden: 279616K(279616K)->0K(279616K) From: 3657K(34944K)->3569K(34944K)
[27.000s][info][gc,heap        ] GC(76) Tenured: 71312K(699072K)->71312K(699072K)
[27.000s][info][gc,metaspace   ] GC(76) Metaspace: 135665K(137536K)->135665K(137536K) NonClass: 118368K(119296K)->118368K(119296K) Class: 17297K(18240K)->17297K(18240K)
[27.000s][info][gc             ] GC(76) Pause Young (Allocation Failure) 346M->73M(989M) 4.368ms
[27.000s][info][gc,cpu         ] GC(76) User=0.00s Sys=0.00s Real=0.00s
[27.114s][info][gc,start       ] GC(77) Pause Young (Allocation Failure)
[27.118s][info][gc,heap        ] GC(77) DefNew: 283185K(314560K)->1999K(314560K) Eden: 279616K(279616K)->0K(279616K) From: 3569K(34944K)->1999K(34944K)
[27.118s][info][gc,heap        ] GC(77) Tenured: 71312K(699072K)->71312K(699072K)
[27.118s][info][gc,metaspace   ] GC(77) Metaspace: 135670K(137536K)->135670K(137536K) NonClass: 118372K(119296K)->118372K(119296K) Class: 17297K(18240K)->17297K(18240K)
[27.118s][info][gc             ] GC(77) Pause Young (Allocation Failure) 346M->71M(989M) 4.003ms
[27.118s][info][gc,cpu         ] GC(77) User=0.00s Sys=0.00s Real=0.00s
[27.238s][info][gc,start       ] GC(78) Pause Young (Allocation Failure)
[27.250s][info][gc,heap        ] GC(78) DefNew: 281615K(314560K)->27061K(314560K) Eden: 279616K(279616K)->0K(279616K) From: 1999K(34944K)->27061K(34944K)
[27.250s][info][gc,heap        ] GC(78) Tenured: 71312K(699072K)->71312K(699072K)
[27.250s][info][gc,metaspace   ] GC(78) Metaspace: 135678K(137536K)->135678K(137536K) NonClass: 118381K(119296K)->118381K(119296K) Class: 17297K(18240K)->17297K(18240K)
[27.250s][info][gc             ] GC(78) Pause Young (Allocation Failure) 344M->96M(989M) 12.360ms
[27.250s][info][gc,cpu         ] GC(78) User=0.02s Sys=0.00s Real=0.02s
[27.383s][info][gc,start       ] GC(79) Pause Full (System.gc())
[27.383s][info][gc,phases,start] GC(79) Phase 1: Mark live objects
[27.453s][info][gc,phases      ] GC(79) Phase 1: Mark live objects 70.100ms
[27.453s][info][gc,phases,start] GC(79) Phase 2: Compute new object addresses
[27.477s][info][gc,phases      ] GC(79) Phase 2: Compute new object addresses 24.062ms
[27.477s][info][gc,phases,start] GC(79) Phase 3: Adjust pointers
[27.511s][info][gc,phases      ] GC(79) Phase 3: Adjust pointers 34.024ms
[27.511s][info][gc,phases,start] GC(79) Phase 4: Move objects
[27.519s][info][gc,phases      ] GC(79) Phase 4: Move objects 7.983ms
[27.520s][info][gc,heap        ] GC(79) DefNew: 146191K(314560K)->0K(314560K) Eden: 119129K(279616K)->0K(279616K) From: 27061K(34944K)->0K(34944K)
[27.520s][info][gc,heap        ] GC(79) Tenured: 71312K(699072K)->68805K(699072K)
[27.520s][info][gc,metaspace   ] GC(79) Metaspace: 135727K(137600K)->135701K(137600K) NonClass: 118429K(119360K)->118407K(119360K) Class: 17298K(18240K)->17293K(18240K)
[27.520s][info][gc             ] GC(79) Pause Full (System.gc()) 212M->67M(989M) 137.051ms
[27.520s][info][gc,cpu         ] GC(79) User=0.11s Sys=0.00s Real=0.14s
[27.784s][info][gc,start       ] GC(80) Pause Young (Allocation Failure)
[27.791s][info][gc,heap        ] GC(80) DefNew: 279616K(314560K)->2360K(314560K) Eden: 279616K(279616K)->0K(279616K) From: 0K(34944K)->2360K(34944K)
[27.791s][info][gc,heap        ] GC(80) Tenured: 68805K(699072K)->68805K(699072K)
[27.791s][info][gc,metaspace   ] GC(80) Metaspace: 135921K(137792K)->135921K(137792K) NonClass: 118623K(119552K)->118623K(119552K) Class: 17298K(18240K)->17298K(18240K)
[27.791s][info][gc             ] GC(80) Pause Young (Allocation Failure) 340M->69M(989M) 6.489ms
[27.791s][info][gc,cpu         ] GC(80) User=0.00s Sys=0.00s Real=0.01s
[27.880s][info][gc,start       ] GC(81) Pause Young (Allocation Failure)
[27.886s][info][gc,heap        ] GC(81) DefNew: 281976K(314560K)->3671K(314560K) Eden: 279616K(279616K)->0K(279616K) From: 2360K(34944K)->3671K(34944K)
[27.886s][info][gc,heap        ] GC(81) Tenured: 68805K(699072K)->68805K(699072K)
[27.886s][info][gc,metaspace   ] GC(81) Metaspace: 135936K(137792K)->135936K(137792K) NonClass: 118638K(119552K)->118638K(119552K) Class: 17298K(18240K)->17298K(18240K)
[27.886s][info][gc             ] GC(81) Pause Young (Allocation Failure) 342M->70M(989M) 6.175ms
[27.886s][info][gc,cpu         ] GC(81) User=0.00s Sys=0.00s Real=0.00s
[27.950s][info][gc,start       ] GC(82) Pause Young (Allocation Failure)
[27.955s][info][gc,heap        ] GC(82) DefNew: 283287K(314560K)->3560K(314560K) Eden: 279616K(279616K)->0K(279616K) From: 3671K(34944K)->3560K(34944K)
[27.955s][info][gc,heap        ] GC(82) Tenured: 68805K(699072K)->68805K(699072K)
[27.955s][info][gc,metaspace   ] GC(82) Metaspace: 135938K(137792K)->135938K(137792K) NonClass: 118640K(119552K)->118640K(119552K) Class: 17298K(18240K)->17298K(18240K)
[27.955s][info][gc             ] GC(82) Pause Young (Allocation Failure) 343M->70M(989M) 4.372ms
[27.955s][info][gc,cpu         ] GC(82) User=0.02s Sys=0.00s Real=0.02s
[28.070s][info][gc,start       ] GC(83) Pause Young (Allocation Failure)
[28.074s][info][gc,heap        ] GC(83) DefNew: 283176K(314560K)->1685K(314560K) Eden: 279616K(279616K)->0K(279616K) From: 3560K(34944K)->1685K(34944K)
[28.074s][info][gc,heap        ] GC(83) Tenured: 68805K(699072K)->68805K(699072K)
[28.074s][info][gc,metaspace   ] GC(83) Metaspace: 135945K(137792K)->135945K(137792K) NonClass: 118647K(119552K)->118647K(119552K) Class: 17298K(18240K)->17298K(18240K)
[28.074s][info][gc             ] GC(83) Pause Young (Allocation Failure) 343M->68M(989M) 3.893ms
[28.074s][info][gc,cpu         ] GC(83) User=0.00s Sys=0.00s Real=0.00s
[28.196s][info][gc,start       ] GC(84) Pause Young (Allocation Failure)
[28.209s][info][gc,heap        ] GC(84) DefNew: 281301K(314560K)->27581K(314560K) Eden: 279616K(279616K)->0K(279616K) From: 1685K(34944K)->27581K(34944K)
[28.209s][info][gc,heap        ] GC(84) Tenured: 68805K(699072K)->68805K(699072K)
[28.209s][info][gc,metaspace   ] GC(84) Metaspace: 135951K(137792K)->135951K(137792K) NonClass: 118653K(119552K)->118653K(119552K) Class: 17298K(18240K)->17298K(18240K)
[28.209s][info][gc             ] GC(84) Pause Young (Allocation Failure) 341M->94M(989M) 13.047ms
[28.209s][info][gc,cpu         ] GC(84) User=0.00s Sys=0.00s Real=0.02s
[28.339s][info][gc,start       ] GC(85) Pause Full (System.gc())
[28.339s][info][gc,phases,start] GC(85) Phase 1: Mark live objects
[28.408s][info][gc,phases      ] GC(85) Phase 1: Mark live objects 69.667ms
[28.408s][info][gc,phases,start] GC(85) Phase 2: Compute new object addresses
[28.431s][info][gc,phases      ] GC(85) Phase 2: Compute new object addresses 22.311ms
[28.431s][info][gc,phases,start] GC(85) Phase 3: Adjust pointers
[28.463s][info][gc,phases      ] GC(85) Phase 3: Adjust pointers 32.478ms
[28.463s][info][gc,phases,start] GC(85) Phase 4: Move objects
[28.464s][info][gc,phases      ] GC(85) Phase 4: Move objects 0.145ms
[28.464s][info][gc,heap        ] GC(85) DefNew: 142272K(314560K)->0K(314560K) Eden: 114690K(279616K)->0K(279616K) From: 27581K(34944K)->0K(34944K)
[28.464s][info][gc,heap        ] GC(85) Tenured: 68805K(699072K)->69694K(699072K)
[28.464s][info][gc,metaspace   ] GC(85) Metaspace: 135987K(137856K)->135960K(137856K) NonClass: 118688K(119616K)->118666K(119616K) Class: 17298K(18240K)->17294K(18240K)
[28.464s][info][gc             ] GC(85) Pause Full (System.gc()) 206M->68M(989M) 125.455ms
[28.464s][info][gc,cpu         ] GC(85) User=0.12s Sys=0.00s Real=0.13s
[28.715s][info][gc,start       ] GC(86) Pause Young (Allocation Failure)
[28.721s][info][gc,heap        ] GC(86) DefNew: 279616K(314560K)->2354K(314560K) Eden: 279616K(279616K)->0K(279616K) From: 0K(34944K)->2354K(34944K)
[28.721s][info][gc,heap        ] GC(86) Tenured: 69694K(699072K)->69694K(699072K)
[28.721s][info][gc,metaspace   ] GC(86) Metaspace: 136162K(137984K)->136162K(137984K) NonClass: 118863K(119744K)->118863K(119744K) Class: 17299K(18240K)->17299K(18240K)
[28.721s][info][gc             ] GC(86) Pause Young (Allocation Failure) 341M->70M(989M) 6.194ms
[28.721s][info][gc,cpu         ] GC(86) User=0.00s Sys=0.00s Real=0.01s
[28.808s][info][gc,start       ] GC(87) Pause Young (Allocation Failure)
[28.814s][info][gc,heap        ] GC(87) DefNew: 281970K(314560K)->3645K(314560K) Eden: 279616K(279616K)->0K(279616K) From: 2354K(34944K)->3645K(34944K)
[28.814s][info][gc,heap        ] GC(87) Tenured: 69694K(699072K)->69694K(699072K)
[28.814s][info][gc,metaspace   ] GC(87) Metaspace: 136163K(137984K)->136163K(137984K) NonClass: 118864K(119744K)->118864K(119744K) Class: 17299K(18240K)->17299K(18240K)
[28.814s][info][gc             ] GC(87) Pause Young (Allocation Failure) 343M->71M(989M) 6.147ms
[28.814s][info][gc,cpu         ] GC(87) User=0.00s Sys=0.00s Real=0.00s
[28.878s][info][gc,start       ] GC(88) Pause Young (Allocation Failure)
[28.882s][info][gc,heap        ] GC(88) DefNew: 283261K(314560K)->2720K(314560K) Eden: 279616K(279616K)->0K(279616K) From: 3645K(34944K)->2720K(34944K)
[28.882s][info][gc,heap        ] GC(88) Tenured: 69694K(699072K)->69694K(699072K)
[28.882s][info][gc,metaspace   ] GC(88) Metaspace: 136163K(137984K)->136163K(137984K) NonClass: 118864K(119744K)->118864K(119744K) Class: 17299K(18240K)->17299K(18240K)
[28.882s][info][gc             ] GC(88) Pause Young (Allocation Failure) 344M->70M(989M) 3.779ms
[28.882s][info][gc,cpu         ] GC(88) User=0.00s Sys=0.00s Real=0.01s
[28.998s][info][gc,start       ] GC(89) Pause Young (Allocation Failure)
[29.002s][info][gc,heap        ] GC(89) DefNew: 281434K(314560K)->2709K(314560K) Eden: 278713K(279616K)->0K(279616K) From: 2720K(34944K)->2709K(34944K)
[29.002s][info][gc,heap        ] GC(89) Tenured: 69694K(699072K)->69694K(699072K)
[29.002s][info][gc,metaspace   ] GC(89) Metaspace: 136173K(138048K)->136173K(138048K) NonClass: 118874K(119808K)->118874K(119808K) Class: 17299K(18240K)->17299K(18240K)
[29.002s][info][gc             ] GC(89) Pause Young (Allocation Failure) 342M->70M(989M) 4.110ms
[29.003s][info][gc,cpu         ] GC(89) User=0.00s Sys=0.00s Real=0.02s
[29.121s][info][gc,start       ] GC(90) Pause Young (Allocation Failure)
[29.133s][info][gc,heap        ] GC(90) DefNew: 282325K(314560K)->27412K(314560K) Eden: 279616K(279616K)->0K(279616K) From: 2709K(34944K)->27412K(34944K)
[29.133s][info][gc,heap        ] GC(90) Tenured: 69694K(699072K)->69694K(699072K)
[29.133s][info][gc,metaspace   ] GC(90) Metaspace: 136179K(138048K)->136179K(138048K) NonClass: 118880K(119808K)->118880K(119808K) Class: 17299K(18240K)->17299K(18240K)
[29.133s][info][gc             ] GC(90) Pause Young (Allocation Failure) 343M->94M(989M) 12.087ms
[29.133s][info][gc,cpu         ] GC(90) User=0.00s Sys=0.00s Real=0.02s
[29.262s][info][gc,start       ] GC(91) Pause Full (System.gc())
[29.262s][info][gc,phases,start] GC(91) Phase 1: Mark live objects
[29.333s][info][gc,phases      ] GC(91) Phase 1: Mark live objects 71.243ms
[29.333s][info][gc,phases,start] GC(91) Phase 2: Compute new object addresses
[29.356s][info][gc,phases      ] GC(91) Phase 2: Compute new object addresses 22.511ms
[29.356s][info][gc,phases,start] GC(91) Phase 3: Adjust pointers
[29.389s][info][gc,phases      ] GC(91) Phase 3: Adjust pointers 32.919ms
[29.389s][info][gc,phases,start] GC(91) Phase 4: Move objects
[29.389s][info][gc,phases      ] GC(91) Phase 4: Move objects 0.173ms
[29.389s][info][gc,heap        ] GC(91) DefNew: 143073K(314560K)->0K(314560K) Eden: 115661K(279616K)->0K(279616K) From: 27412K(34944K)->0K(34944K)
[29.389s][info][gc,heap        ] GC(91) Tenured: 69694K(699072K)->70706K(699072K)
[29.389s][info][gc,metaspace   ] GC(91) Metaspace: 136196K(138048K)->136170K(138048K) NonClass: 118897K(119808K)->118874K(119808K) Class: 17299K(18240K)->17295K(18240K)
[29.389s][info][gc             ] GC(91) Pause Full (System.gc()) 207M->69M(989M) 127.599ms
[29.389s][info][gc,cpu         ] GC(91) User=0.12s Sys=0.00s Real=0.13s
[29.649s][info][gc,start       ] GC(92) Pause Young (Allocation Failure)
[29.655s][info][gc,heap        ] GC(92) DefNew: 279616K(314560K)->2367K(314560K) Eden: 279616K(279616K)->0K(279616K) From: 0K(34944K)->2367K(34944K)
[29.655s][info][gc,heap        ] GC(92) Tenured: 70706K(699072K)->70706K(699072K)
[29.655s][info][gc,metaspace   ] GC(92) Metaspace: 136346K(138176K)->136346K(138176K) NonClass: 119041K(119936K)->119041K(119936K) Class: 17305K(18240K)->17305K(18240K)
[29.655s][info][gc             ] GC(92) Pause Young (Allocation Failure) 342M->71M(989M) 5.806ms
[29.655s][info][gc,cpu         ] GC(92) User=0.00s Sys=0.00s Real=0.02s
[29.742s][info][gc,start       ] GC(93) Pause Young (Allocation Failure)
[29.748s][info][gc,heap        ] GC(93) DefNew: 281983K(314560K)->3666K(314560K) Eden: 279616K(279616K)->0K(279616K) From: 2367K(34944K)->3666K(34944K)
[29.748s][info][gc,heap        ] GC(93) Tenured: 70706K(699072K)->70706K(699072K)
[29.748s][info][gc,metaspace   ] GC(93) Metaspace: 136353K(138176K)->136353K(138176K) NonClass: 119047K(119936K)->119047K(119936K) Class: 17306K(18240K)->17306K(18240K)
[29.748s][info][gc             ] GC(93) Pause Young (Allocation Failure) 344M->72M(989M) 6.534ms
[29.748s][info][gc,cpu         ] GC(93) User=0.00s Sys=0.00s Real=0.00s
[29.811s][info][gc,start       ] GC(94) Pause Young (Allocation Failure)
[29.815s][info][gc,heap        ] GC(94) DefNew: 283282K(314560K)->3524K(314560K) Eden: 279616K(279616K)->0K(279616K) From: 3666K(34944K)->3524K(34944K)
[29.815s][info][gc,heap        ] GC(94) Tenured: 70706K(699072K)->70706K(699072K)
[29.815s][info][gc,metaspace   ] GC(94) Metaspace: 136356K(138176K)->136356K(138176K) NonClass: 119050K(119936K)->119050K(119936K) Class: 17306K(18240K)->17306K(18240K)
[29.815s][info][gc             ] GC(94) Pause Young (Allocation Failure) 345M->72M(989M) 4.138ms
[29.815s][info][gc,cpu         ] GC(94) User=0.00s Sys=0.00s Real=0.00s
[29.935s][info][gc,start       ] GC(95) Pause Young (Allocation Failure)
[29.939s][info][gc,heap        ] GC(95) DefNew: 282519K(314560K)->3618K(314560K) Eden: 278995K(279616K)->0K(279616K) From: 3524K(34944K)->3618K(34944K)
[29.939s][info][gc,heap        ] GC(95) Tenured: 70706K(699072K)->70706K(699072K)
[29.939s][info][gc,metaspace   ] GC(95) Metaspace: 136377K(138240K)->136377K(138240K) NonClass: 119071K(120000K)->119071K(120000K) Class: 17306K(18240K)->17306K(18240K)
[29.939s][info][gc             ] GC(95) Pause Young (Allocation Failure) 344M->72M(989M) 3.914ms
[29.939s][info][gc,cpu         ] GC(95) User=0.00s Sys=0.00s Real=0.00s
[30.057s][info][gc,start       ] GC(96) Pause Young (Allocation Failure)
[30.070s][info][gc,heap        ] GC(96) DefNew: 283234K(314560K)->27588K(314560K) Eden: 279616K(279616K)->0K(279616K) From: 3618K(34944K)->27588K(34944K)
[30.070s][info][gc,heap        ] GC(96) Tenured: 70706K(699072K)->70706K(699072K)
[30.070s][info][gc,metaspace   ] GC(96) Metaspace: 136394K(138240K)->136394K(138240K) NonClass: 119087K(120000K)->119087K(120000K) Class: 17306K(18240K)->17306K(18240K)
[30.070s][info][gc             ] GC(96) Pause Young (Allocation Failure) 345M->95M(989M) 12.945ms
[30.070s][info][gc,cpu         ] GC(96) User=0.00s Sys=0.00s Real=0.02s
[30.199s][info][gc,start       ] GC(97) Pause Full (System.gc())
[30.199s][info][gc,phases,start] GC(97) Phase 1: Mark live objects
[30.271s][info][gc,phases      ] GC(97) Phase 1: Mark live objects 71.783ms
[30.271s][info][gc,phases,start] GC(97) Phase 2: Compute new object addresses
[30.293s][info][gc,phases      ] GC(97) Phase 2: Compute new object addresses 22.533ms
[30.293s][info][gc,phases,start] GC(97) Phase 3: Adjust pointers
[30.327s][info][gc,phases      ] GC(97) Phase 3: Adjust pointers 33.473ms
[30.327s][info][gc,phases,start] GC(97) Phase 4: Move objects
[30.327s][info][gc,phases      ] GC(97) Phase 4: Move objects 0.177ms
[30.328s][info][gc,heap        ] GC(97) DefNew: 142246K(314560K)->0K(314560K) Eden: 114657K(279616K)->0K(279616K) From: 27588K(34944K)->0K(34944K)
[30.328s][info][gc,heap        ] GC(97) Tenured: 70706K(699072K)->71731K(699072K)
[30.328s][info][gc,metaspace   ] GC(97) Metaspace: 136431K(138240K)->136405K(138240K) NonClass: 119125K(120000K)->119103K(120000K) Class: 17306K(18240K)->17302K(18240K)
[30.328s][info][gc             ] GC(97) Pause Full (System.gc()) 207M->70M(989M) 128.708ms
[30.328s][info][gc,cpu         ] GC(97) User=0.12s Sys=0.00s Real=0.13s
[30.576s][info][gc,start       ] GC(98) Pause Young (Allocation Failure)
[30.583s][info][gc,heap        ] GC(98) DefNew: 279616K(314560K)->2334K(314560K) Eden: 279616K(279616K)->0K(279616K) From: 0K(34944K)->2334K(34944K)
[30.583s][info][gc,heap        ] GC(98) Tenured: 71731K(699072K)->71731K(699072K)
[30.583s][info][gc,metaspace   ] GC(98) Metaspace: 136558K(138368K)->136558K(138368K) NonClass: 119247K(120128K)->119247K(120128K) Class: 17311K(18240K)->17311K(18240K)
[30.583s][info][gc             ] GC(98) Pause Young (Allocation Failure) 343M->72M(989M) 6.529ms
[30.583s][info][gc,cpu         ] GC(98) User=0.00s Sys=0.00s Real=0.02s
[30.670s][info][gc,start       ] GC(99) Pause Young (Allocation Failure)
[30.677s][info][gc,heap        ] GC(99) DefNew: 281950K(314560K)->3650K(314560K) Eden: 279616K(279616K)->0K(279616K) From: 2334K(34944K)->3650K(34944K)
[30.677s][info][gc,heap        ] GC(99) Tenured: 71731K(699072K)->71731K(699072K)
[30.677s][info][gc,metaspace   ] GC(99) Metaspace: 136563K(138368K)->136563K(138368K) NonClass: 119251K(120128K)->119251K(120128K) Class: 17311K(18240K)->17311K(18240K)
[30.677s][info][gc             ] GC(99) Pause Young (Allocation Failure) 345M->73M(989M) 6.840ms
[30.677s][info][gc,cpu         ] GC(99) User=0.00s Sys=0.00s Real=0.00s
[30.742s][info][gc,start       ] GC(100) Pause Young (Allocation Failure)
[30.746s][info][gc,heap        ] GC(100) DefNew: 283266K(314560K)->2722K(314560K) Eden: 279616K(279616K)->0K(279616K) From: 3650K(34944K)->2722K(34944K)
[30.746s][info][gc,heap        ] GC(100) Tenured: 71731K(699072K)->71731K(699072K)
[30.746s][info][gc,metaspace   ] GC(100) Metaspace: 136563K(138368K)->136563K(138368K) NonClass: 119251K(120128K)->119251K(120128K) Class: 17311K(18240K)->17311K(18240K)
[30.746s][info][gc             ] GC(100) Pause Young (Allocation Failure) 346M->72M(989M) 4.115ms
[30.746s][info][gc,cpu         ] GC(100) User=0.00s Sys=0.00s Real=0.02s
[30.863s][info][gc,start       ] GC(101) Pause Young (Allocation Failure)
[30.867s][info][gc,heap        ] GC(101) DefNew: 281804K(314560K)->3625K(314560K) Eden: 279082K(279616K)->0K(279616K) From: 2722K(34944K)->3625K(34944K)
[30.867s][info][gc,heap        ] GC(101) Tenured: 71731K(699072K)->71731K(699072K)
[30.867s][info][gc,metaspace   ] GC(101) Metaspace: 136564K(138368K)->136564K(138368K) NonClass: 119252K(120128K)->119252K(120128K) Class: 17311K(18240K)->17311K(18240K)
[30.867s][info][gc             ] GC(101) Pause Young (Allocation Failure) 345M->73M(989M) 3.737ms
[30.867s][info][gc,cpu         ] GC(101) User=0.00s Sys=0.00s Real=0.00s
[30.985s][info][gc,start       ] GC(102) Pause Young (Allocation Failure)
[30.997s][info][gc,heap        ] GC(102) DefNew: 283241K(314560K)->27503K(314560K) Eden: 279616K(279616K)->0K(279616K) From: 3625K(34944K)->27503K(34944K)
[30.997s][info][gc,heap        ] GC(102) Tenured: 71731K(699072K)->71731K(699072K)
[30.997s][info][gc,metaspace   ] GC(102) Metaspace: 136571K(138368K)->136571K(138368K) NonClass: 119260K(120128K)->119260K(120128K) Class: 17311K(18240K)->17311K(18240K)
[30.997s][info][gc             ] GC(102) Pause Young (Allocation Failure) 346M->96M(989M) 12.151ms
[30.997s][info][gc,cpu         ] GC(102) User=0.00s Sys=0.00s Real=0.01s
[31.124s][info][gc,start       ] GC(103) Pause Full (System.gc())
[31.124s][info][gc,phases,start] GC(103) Phase 1: Mark live objects
[31.196s][info][gc,phases      ] GC(103) Phase 1: Mark live objects 71.766ms
[31.196s][info][gc,phases,start] GC(103) Phase 2: Compute new object addresses
[31.219s][info][gc,phases      ] GC(103) Phase 2: Compute new object addresses 23.241ms
[31.219s][info][gc,phases,start] GC(103) Phase 3: Adjust pointers
[31.255s][info][gc,phases      ] GC(103) Phase 3: Adjust pointers 35.117ms
[31.255s][info][gc,phases,start] GC(103) Phase 4: Move objects
[31.262s][info][gc,phases      ] GC(103) Phase 4: Move objects 7.763ms
[31.263s][info][gc,heap        ] GC(103) DefNew: 142671K(314560K)->0K(314560K) Eden: 115168K(279616K)->0K(279616K) From: 27503K(34944K)->0K(34944K)
[31.263s][info][gc,heap        ] GC(103) Tenured: 71731K(699072K)->69303K(699072K)
[31.263s][info][gc,metaspace   ] GC(103) Metaspace: 136589K(138432K)->136563K(138432K) NonClass: 119275K(120192K)->119252K(120192K) Class: 17314K(18240K)->17310K(18240K)
[31.263s][info][gc             ] GC(103) Pause Full (System.gc()) 209M->67M(989M) 138.747ms
[31.263s][info][gc,cpu         ] GC(103) User=0.12s Sys=0.00s Real=0.14s
[31.510s][info][gc,start       ] GC(104) Pause Young (Allocation Failure)
[31.516s][info][gc,heap        ] GC(104) DefNew: 279616K(314560K)->2349K(314560K) Eden: 279616K(279616K)->0K(279616K) From: 0K(34944K)->2349K(34944K)
[31.516s][info][gc,heap        ] GC(104) Tenured: 69303K(699072K)->69303K(699072K)
[31.516s][info][gc,metaspace   ] GC(104) Metaspace: 136876K(138752K)->136876K(138752K) NonClass: 119561K(120512K)->119561K(120512K) Class: 17314K(18240K)->17314K(18240K)
[31.516s][info][gc             ] GC(104) Pause Young (Allocation Failure) 340M->69M(989M) 5.752ms
[31.516s][info][gc,cpu         ] GC(104) User=0.00s Sys=0.00s Real=0.00s
[31.608s][info][gc,start       ] GC(105) Pause Young (Allocation Failure)
[31.616s][info][gc,heap        ] GC(105) DefNew: 281965K(314560K)->3645K(314560K) Eden: 279616K(279616K)->0K(279616K) From: 2349K(34944K)->3645K(34944K)
[31.616s][info][gc,heap        ] GC(105) Tenured: 69303K(699072K)->69303K(699072K)
[31.616s][info][gc,metaspace   ] GC(105) Metaspace: 136884K(138752K)->136884K(138752K) NonClass: 119570K(120512K)->119570K(120512K) Class: 17314K(18240K)->17314K(18240K)
[31.616s][info][gc             ] GC(105) Pause Young (Allocation Failure) 343M->71M(989M) 8.109ms
[31.616s][info][gc,cpu         ] GC(105) User=0.02s Sys=0.00s Real=0.02s
[31.679s][info][gc,start       ] GC(106) Pause Young (Allocation Failure)
[31.683s][info][gc,heap        ] GC(106) DefNew: 283261K(314560K)->3436K(314560K) Eden: 279616K(279616K)->0K(279616K) From: 3645K(34944K)->3436K(34944K)
[31.683s][info][gc,heap        ] GC(106) Tenured: 69303K(699072K)->69303K(699072K)
[31.683s][info][gc,metaspace   ] GC(106) Metaspace: 136884K(138752K)->136884K(138752K) NonClass: 119570K(120512K)->119570K(120512K) Class: 17314K(18240K)->17314K(18240K)
[31.683s][info][gc             ] GC(106) Pause Young (Allocation Failure) 344M->71M(989M) 4.443ms
[31.684s][info][gc,cpu         ] GC(106) User=0.00s Sys=0.00s Real=0.00s
[31.802s][info][gc,start       ] GC(107) Pause Young (Allocation Failure)
[31.806s][info][gc,heap        ] GC(107) DefNew: 283052K(314560K)->3644K(314560K) Eden: 279616K(279616K)->0K(279616K) From: 3436K(34944K)->3644K(34944K)
[31.806s][info][gc,heap        ] GC(107) Tenured: 69303K(699072K)->69303K(699072K)
[31.806s][info][gc,metaspace   ] GC(107) Metaspace: 136888K(138752K)->136888K(138752K) NonClass: 119574K(120512K)->119574K(120512K) Class: 17314K(18240K)->17314K(18240K)
[31.806s][info][gc             ] GC(107) Pause Young (Allocation Failure) 344M->71M(989M) 3.637ms
[31.806s][info][gc,cpu         ] GC(107) User=0.00s Sys=0.00s Real=0.00s
[31.923s][info][gc,start       ] GC(108) Pause Young (Allocation Failure)
[31.935s][info][gc,heap        ] GC(108) DefNew: 283260K(314560K)->27397K(314560K) Eden: 279616K(279616K)->0K(279616K) From: 3644K(34944K)->27397K(34944K)
[31.935s][info][gc,heap        ] GC(108) Tenured: 69303K(699072K)->69303K(699072K)
[31.935s][info][gc,metaspace   ] GC(108) Metaspace: 136897K(138752K)->136897K(138752K) NonClass: 119583K(120512K)->119583K(120512K) Class: 17314K(18240K)->17314K(18240K)
[31.935s][info][gc             ] GC(108) Pause Young (Allocation Failure) 344M->94M(989M) 12.170ms
[31.935s][info][gc,cpu         ] GC(108) User=0.02s Sys=0.00s Real=0.02s
[32.061s][info][gc,start       ] GC(109) Pause Full (System.gc())
[32.061s][info][gc,phases,start] GC(109) Phase 1: Mark live objects
[32.134s][info][gc,phases      ] GC(109) Phase 1: Mark live objects 73.190ms
[32.134s][info][gc,phases,start] GC(109) Phase 2: Compute new object addresses
[32.157s][info][gc,phases      ] GC(109) Phase 2: Compute new object addresses 22.616ms
[32.157s][info][gc,phases,start] GC(109) Phase 3: Adjust pointers
[32.192s][info][gc,phases      ] GC(109) Phase 3: Adjust pointers 34.401ms
[32.192s][info][gc,phases,start] GC(109) Phase 4: Move objects
[32.192s][info][gc,phases      ] GC(109) Phase 4: Move objects 0.171ms
[32.192s][info][gc,heap        ] GC(109) DefNew: 143203K(314560K)->0K(314560K) Eden: 115806K(279616K)->0K(279616K) From: 27397K(34944K)->0K(34944K)
[32.192s][info][gc,heap        ] GC(109) Tenured: 69303K(699072K)->70301K(699072K)
[32.192s][info][gc,metaspace   ] GC(109) Metaspace: 136915K(138816K)->136888K(138816K) NonClass: 119600K(120576K)->119578K(120576K) Class: 17314K(18240K)->17310K(18240K)
[32.192s][info][gc             ] GC(109) Pause Full (System.gc()) 207M->68M(989M) 131.138ms
[32.192s][info][gc,cpu         ] GC(109) User=0.11s Sys=0.00s Real=0.13s
[32.432s][info][gc,start       ] GC(110) Pause Young (Allocation Failure)
[32.437s][info][gc,heap        ] GC(110) DefNew: 279616K(314560K)->2164K(314560K) Eden: 279616K(279616K)->0K(279616K) From: 0K(34944K)->2164K(34944K)
[32.437s][info][gc,heap        ] GC(110) Tenured: 70301K(699072K)->70301K(699072K)
[32.437s][info][gc,metaspace   ] GC(110) Metaspace: 136971K(138816K)->136971K(138816K) NonClass: 119657K(120576K)->119657K(120576K) Class: 17314K(18240K)->17314K(18240K)
[32.437s][info][gc             ] GC(110) Pause Young (Allocation Failure) 341M->70M(989M) 5.321ms
[32.437s][info][gc,cpu         ] GC(110) User=0.03s Sys=0.00s Real=0.02s
[32.524s][info][gc,start       ] GC(111) Pause Young (Allocation Failure)
[32.530s][info][gc,heap        ] GC(111) DefNew: 281780K(314560K)->3648K(314560K) Eden: 279616K(279616K)->0K(279616K) From: 2164K(34944K)->3648K(34944K)
[32.530s][info][gc,heap        ] GC(111) Tenured: 70301K(699072K)->70301K(699072K)
[32.530s][info][gc,metaspace   ] GC(111) Metaspace: 136973K(138880K)->136973K(138880K) NonClass: 119659K(120640K)->119659K(120640K) Class: 17314K(18240K)->17314K(18240K)
[32.530s][info][gc             ] GC(111) Pause Young (Allocation Failure) 343M->72M(989M) 5.955ms
[32.530s][info][gc,cpu         ] GC(111) User=0.00s Sys=0.00s Real=0.00s
[32.598s][info][gc,start       ] GC(112) Pause Young (Allocation Failure)
[32.602s][info][gc,heap        ] GC(112) DefNew: 283241K(314560K)->3508K(314560K) Eden: 279592K(279616K)->0K(279616K) From: 3648K(34944K)->3508K(34944K)
[32.602s][info][gc,heap        ] GC(112) Tenured: 70301K(699072K)->70301K(699072K)
[32.602s][info][gc,metaspace   ] GC(112) Metaspace: 136974K(138880K)->136974K(138880K) NonClass: 119660K(120640K)->119660K(120640K) Class: 17314K(18240K)->17314K(18240K)
[32.602s][info][gc             ] GC(112) Pause Young (Allocation Failure) 345M->72M(989M) 4.353ms
[32.602s][info][gc,cpu         ] GC(112) User=0.00s Sys=0.00s Real=0.02s
[32.724s][info][gc,start       ] GC(113) Pause Young (Allocation Failure)
[32.728s][info][gc,heap        ] GC(113) DefNew: 283124K(314560K)->3791K(314560K) Eden: 279616K(279616K)->0K(279616K) From: 3508K(34944K)->3791K(34944K)
[32.728s][info][gc,heap        ] GC(113) Tenured: 70301K(699072K)->70301K(699072K)
[32.728s][info][gc,metaspace   ] GC(113) Metaspace: 137054K(138944K)->137054K(138944K) NonClass: 119739K(120704K)->119739K(120704K) Class: 17314K(18240K)->17314K(18240K)
[32.728s][info][gc             ] GC(113) Pause Young (Allocation Failure) 345M->72M(989M) 3.919ms
[32.728s][info][gc,cpu         ] GC(113) User=0.00s Sys=0.00s Real=0.02s
[32.846s][info][gc,start       ] GC(114) Pause Young (Allocation Failure)
[32.858s][info][gc,heap        ] GC(114) DefNew: 283407K(314560K)->27443K(314560K) Eden: 279616K(279616K)->0K(279616K) From: 3791K(34944K)->27443K(34944K)
[32.858s][info][gc,heap        ] GC(114) Tenured: 70301K(699072K)->70301K(699072K)
[32.858s][info][gc,metaspace   ] GC(114) Metaspace: 137114K(139008K)->137114K(139008K) NonClass: 119799K(120768K)->119799K(120768K) Class: 17314K(18240K)->17314K(18240K)
[32.858s][info][gc             ] GC(114) Pause Young (Allocation Failure) 345M->95M(989M) 12.064ms
[32.858s][info][gc,cpu         ] GC(114) User=0.00s Sys=0.00s Real=0.02s
[32.987s][info][gc,start       ] GC(115) Pause Full (System.gc())
[32.987s][info][gc,phases,start] GC(115) Phase 1: Mark live objects
[33.059s][info][gc,phases      ] GC(115) Phase 1: Mark live objects 72.559ms
[33.059s][info][gc,phases,start] GC(115) Phase 2: Compute new object addresses
[33.082s][info][gc,phases      ] GC(115) Phase 2: Compute new object addresses 22.743ms
[33.082s][info][gc,phases,start] GC(115) Phase 3: Adjust pointers
[33.116s][info][gc,phases      ] GC(115) Phase 3: Adjust pointers 34.136ms
[33.116s][info][gc,phases,start] GC(115) Phase 4: Move objects
[33.117s][info][gc,phases      ] GC(115) Phase 4: Move objects 0.169ms
[33.117s][info][gc,heap        ] GC(115) DefNew: 143747K(314560K)->0K(314560K) Eden: 116303K(279616K)->0K(279616K) From: 27443K(34944K)->0K(34944K)
[33.117s][info][gc,heap        ] GC(115) Tenured: 70301K(699072K)->71304K(699072K)
[33.117s][info][gc,metaspace   ] GC(115) Metaspace: 137125K(139008K)->137098K(139008K) NonClass: 119810K(120768K)->119788K(120768K) Class: 17314K(18240K)->17310K(18240K)
[33.117s][info][gc             ] GC(115) Pause Full (System.gc()) 209M->69M(989M) 130.348ms
[33.117s][info][gc,cpu         ] GC(115) User=0.12s Sys=0.00s Real=0.12s
[33.363s][info][gc,start       ] GC(116) Pause Young (Allocation Failure)
[33.368s][info][gc,heap        ] GC(116) DefNew: 279616K(314560K)->2157K(314560K) Eden: 279616K(279616K)->0K(279616K) From: 0K(34944K)->2157K(34944K)
[33.368s][info][gc,heap        ] GC(116) Tenured: 71304K(699072K)->71304K(699072K)
[33.368s][info][gc,metaspace   ] GC(116) Metaspace: 137287K(139200K)->137287K(139200K) NonClass: 119971K(120960K)->119971K(120960K) Class: 17315K(18240K)->17315K(18240K)
[33.368s][info][gc             ] GC(116) Pause Young (Allocation Failure) 342M->71M(989M) 5.170ms
[33.368s][info][gc,cpu         ] GC(116) User=0.00s Sys=0.00s Real=0.02s
[33.457s][info][gc,start       ] GC(117) Pause Young (Allocation Failure)
[33.463s][info][gc,heap        ] GC(117) DefNew: 281773K(314560K)->3643K(314560K) Eden: 279616K(279616K)->0K(279616K) From: 2157K(34944K)->3643K(34944K)
[33.463s][info][gc,heap        ] GC(117) Tenured: 71304K(699072K)->71304K(699072K)
[33.463s][info][gc,metaspace   ] GC(117) Metaspace: 137287K(139200K)->137287K(139200K) NonClass: 119971K(120960K)->119971K(120960K) Class: 17315K(18240K)->17315K(18240K)
[33.463s][info][gc             ] GC(117) Pause Young (Allocation Failure) 344M->73M(989M) 6.131ms
[33.463s][info][gc,cpu         ] GC(117) User=0.00s Sys=0.00s Real=0.00s
[33.528s][info][gc,start       ] GC(118) Pause Young (Allocation Failure)
[33.532s][info][gc,heap        ] GC(118) DefNew: 283259K(314560K)->2662K(314560K) Eden: 279616K(279616K)->0K(279616K) From: 3643K(34944K)->2662K(34944K)
[33.532s][info][gc,heap        ] GC(118) Tenured: 71304K(699072K)->71304K(699072K)
[33.532s][info][gc,metaspace   ] GC(118) Metaspace: 137287K(139200K)->137287K(139200K) NonClass: 119971K(120960K)->119971K(120960K) Class: 17315K(18240K)->17315K(18240K)
[33.532s][info][gc             ] GC(118) Pause Young (Allocation Failure) 346M->72M(989M) 3.628ms
[33.532s][info][gc,cpu         ] GC(118) User=0.00s Sys=0.00s Real=0.00s
[33.649s][info][gc,start       ] GC(119) Pause Young (Allocation Failure)
[33.653s][info][gc,heap        ] GC(119) DefNew: 282278K(314560K)->2697K(314560K) Eden: 279616K(279616K)->0K(279616K) From: 2662K(34944K)->2697K(34944K)
[33.653s][info][gc,heap        ] GC(119) Tenured: 71304K(699072K)->71304K(699072K)
[33.653s][info][gc,metaspace   ] GC(119) Metaspace: 137287K(139200K)->137287K(139200K) NonClass: 119972K(120960K)->119972K(120960K) Class: 17315K(18240K)->17315K(18240K)
[33.653s][info][gc             ] GC(119) Pause Young (Allocation Failure) 345M->72M(989M) 4.099ms
[33.653s][info][gc,cpu         ] GC(119) User=0.00s Sys=0.00s Real=0.00s
[33.771s][info][gc,start       ] GC(120) Pause Young (Allocation Failure)
[33.783s][info][gc,heap        ] GC(120) DefNew: 282313K(314560K)->27198K(314560K) Eden: 279616K(279616K)->0K(279616K) From: 2697K(34944K)->27198K(34944K)
[33.783s][info][gc,heap        ] GC(120) Tenured: 71304K(699072K)->71304K(699072K)
[33.783s][info][gc,metaspace   ] GC(120) Metaspace: 137287K(139200K)->137287K(139200K) NonClass: 119972K(120960K)->119972K(120960K) Class: 17315K(18240K)->17315K(18240K)
[33.783s][info][gc             ] GC(120) Pause Young (Allocation Failure) 345M->96M(989M) 12.013ms
[33.783s][info][gc,cpu         ] GC(120) User=0.00s Sys=0.00s Real=0.01s
[33.911s][info][gc,start       ] GC(121) Pause Full (System.gc())
[33.911s][info][gc,phases,start] GC(121) Phase 1: Mark live objects
[33.985s][info][gc,phases      ] GC(121) Phase 1: Mark live objects 73.853ms
[33.985s][info][gc,phases,start] GC(121) Phase 2: Compute new object addresses
[34.008s][info][gc,phases      ] GC(121) Phase 2: Compute new object addresses 23.306ms
[34.008s][info][gc,phases,start] GC(121) Phase 3: Adjust pointers
[34.042s][info][gc,phases      ] GC(121) Phase 3: Adjust pointers 34.257ms
[34.042s][info][gc,phases,start] GC(121) Phase 4: Move objects
[34.042s][info][gc,phases      ] GC(121) Phase 4: Move objects 0.128ms
[34.043s][info][gc,heap        ] GC(121) DefNew: 145036K(314560K)->0K(314560K) Eden: 117838K(279616K)->0K(279616K) From: 27198K(34944K)->0K(34944K)
[34.043s][info][gc,heap        ] GC(121) Tenured: 71304K(699072K)->72164K(699072K)
[34.043s][info][gc,metaspace   ] GC(121) Metaspace: 137288K(139200K)->137262K(139200K) NonClass: 119972K(120960K)->119951K(120960K) Class: 17315K(18240K)->17311K(18240K)
[34.043s][info][gc             ] GC(121) Pause Full (System.gc()) 211M->70M(989M) 132.257ms
[34.043s][info][gc,cpu         ] GC(121) User=0.11s Sys=0.00s Real=0.12s
[34.284s][info][gc,start       ] GC(122) Pause Young (Allocation Failure)
[34.290s][info][gc,heap        ] GC(122) DefNew: 279616K(314560K)->2149K(314560K) Eden: 279616K(279616K)->0K(279616K) From: 0K(34944K)->2149K(34944K)
[34.290s][info][gc,heap        ] GC(122) Tenured: 72164K(699072K)->72164K(699072K)
[34.290s][info][gc,metaspace   ] GC(122) Metaspace: 137362K(139200K)->137362K(139200K) NonClass: 120046K(120960K)->120046K(120960K) Class: 17315K(18240K)->17315K(18240K)
[34.290s][info][gc             ] GC(122) Pause Young (Allocation Failure) 343M->72M(989M) 5.609ms
[34.290s][info][gc,cpu         ] GC(122) User=0.00s Sys=0.00s Real=0.02s
[34.378s][info][gc,start       ] GC(123) Pause Young (Allocation Failure)
[34.384s][info][gc,heap        ] GC(123) DefNew: 281765K(314560K)->3697K(314560K) Eden: 279616K(279616K)->0K(279616K) From: 2149K(34944K)->3697K(34944K)
[34.384s][info][gc,heap        ] GC(123) Tenured: 72164K(699072K)->72164K(699072K)
[34.384s][info][gc,metaspace   ] GC(123) Metaspace: 137365K(139200K)->137365K(139200K) NonClass: 120050K(120960K)->120050K(120960K) Class: 17315K(18240K)->17315K(18240K)
[34.384s][info][gc             ] GC(123) Pause Young (Allocation Failure) 345M->74M(989M) 6.013ms
[34.384s][info][gc,cpu         ] GC(123) User=0.00s Sys=0.00s Real=0.00s
[34.453s][info][gc,start       ] GC(124) Pause Young (Allocation Failure)
[34.456s][info][gc,heap        ] GC(124) DefNew: 283313K(314560K)->2685K(314560K) Eden: 279616K(279616K)->0K(279616K) From: 3697K(34944K)->2685K(34944K)
[34.456s][info][gc,heap        ] GC(124) Tenured: 72164K(699072K)->72164K(699072K)
[34.456s][info][gc,metaspace   ] GC(124) Metaspace: 137365K(139200K)->137365K(139200K) NonClass: 120050K(120960K)->120050K(120960K) Class: 17315K(18240K)->17315K(18240K)
[34.456s][info][gc             ] GC(124) Pause Young (Allocation Failure) 347M->73M(989M) 3.775ms
[34.456s][info][gc,cpu         ] GC(124) User=0.00s Sys=0.00s Real=0.00s
[34.573s][info][gc,start       ] GC(125) Pause Young (Allocation Failure)
[34.577s][info][gc,heap        ] GC(125) DefNew: 282301K(314560K)->1478K(314560K) Eden: 279616K(279616K)->0K(279616K) From: 2685K(34944K)->1478K(34944K)
[34.577s][info][gc,heap        ] GC(125) Tenured: 72164K(699072K)->72164K(699072K)
[34.577s][info][gc,metaspace   ] GC(125) Metaspace: 137368K(139200K)->137368K(139200K) NonClass: 120052K(120960K)->120052K(120960K) Class: 17315K(18240K)->17315K(18240K)
[34.577s][info][gc             ] GC(125) Pause Young (Allocation Failure) 346M->71M(989M) 3.169ms
[34.577s][info][gc,cpu         ] GC(125) User=0.00s Sys=0.00s Real=0.02s
[34.697s][info][gc,start       ] GC(126) Pause Young (Allocation Failure)
[34.710s][info][gc,heap        ] GC(126) DefNew: 281094K(314560K)->27629K(314560K) Eden: 279616K(279616K)->0K(279616K) From: 1478K(34944K)->27629K(34944K)
[34.710s][info][gc,heap        ] GC(126) Tenured: 72164K(699072K)->72164K(699072K)
[34.710s][info][gc,metaspace   ] GC(126) Metaspace: 137372K(139264K)->137372K(139264K) NonClass: 120056K(121024K)->120056K(121024K) Class: 17315K(18240K)->17315K(18240K)
[34.710s][info][gc             ] GC(126) Pause Young (Allocation Failure) 344M->97M(989M) 12.901ms
[34.710s][info][gc,cpu         ] GC(126) User=0.02s Sys=0.00s Real=0.01s
[34.833s][info][gc,start       ] GC(127) Pause Full (System.gc())
[34.833s][info][gc,phases,start] GC(127) Phase 1: Mark live objects
[34.907s][info][gc,phases      ] GC(127) Phase 1: Mark live objects 73.784ms
[34.907s][info][gc,phases,start] GC(127) Phase 2: Compute new object addresses
[34.930s][info][gc,phases      ] GC(127) Phase 2: Compute new object addresses 22.415ms
[34.930s][info][gc,phases,start] GC(127) Phase 3: Adjust pointers
[34.966s][info][gc,phases      ] GC(127) Phase 3: Adjust pointers 36.370ms
[34.966s][info][gc,phases,start] GC(127) Phase 4: Move objects
[34.974s][info][gc,phases      ] GC(127) Phase 4: Move objects 8.124ms
[34.975s][info][gc,heap        ] GC(127) DefNew: 142500K(314560K)->0K(314560K) Eden: 114871K(279616K)->0K(279616K) From: 27629K(34944K)->0K(34944K)
[34.975s][info][gc,heap        ] GC(127) Tenured: 72164K(699072K)->69707K(699072K)
[34.975s][info][gc,metaspace   ] GC(127) Metaspace: 137376K(139264K)->137349K(139264K) NonClass: 120060K(121024K)->120038K(121024K) Class: 17315K(18240K)->17311K(18240K)
[34.975s][info][gc             ] GC(127) Pause Full (System.gc()) 209M->68M(989M) 141.519ms
[34.975s][info][gc,cpu         ] GC(127) User=0.14s Sys=0.00s Real=0.14s
[35.214s][info][gc,start       ] GC(128) Pause Young (Allocation Failure)
[35.219s][info][gc,heap        ] GC(128) DefNew: 279616K(314560K)->2151K(314560K) Eden: 279616K(279616K)->0K(279616K) From: 0K(34944K)->2151K(34944K)
[35.219s][info][gc,heap        ] GC(128) Tenured: 69707K(699072K)->69707K(699072K)
[35.220s][info][gc,metaspace   ] GC(128) Metaspace: 137424K(139264K)->137424K(139264K) NonClass: 120108K(121024K)->120108K(121024K) Class: 17316K(18240K)->17316K(18240K)
[35.220s][info][gc             ] GC(128) Pause Young (Allocation Failure) 341M->70M(989M) 5.427ms
[35.220s][info][gc,cpu         ] GC(128) User=0.02s Sys=0.00s Real=0.02s
[35.309s][info][gc,start       ] GC(129) Pause Young (Allocation Failure)
[35.315s][info][gc,heap        ] GC(129) DefNew: 281767K(314560K)->3644K(314560K) Eden: 279616K(279616K)->0K(279616K) From: 2151K(34944K)->3644K(34944K)
[35.315s][info][gc,heap        ] GC(129) Tenured: 69707K(699072K)->69707K(699072K)
[35.315s][info][gc,metaspace   ] GC(129) Metaspace: 137428K(139264K)->137428K(139264K) NonClass: 120112K(121024K)->120112K(121024K) Class: 17316K(18240K)->17316K(18240K)
[35.315s][info][gc             ] GC(129) Pause Young (Allocation Failure) 343M->71M(989M) 6.157ms
[35.315s][info][gc,cpu         ] GC(129) User=0.00s Sys=0.00s Real=0.00s
[35.379s][info][gc,start       ] GC(130) Pause Young (Allocation Failure)
[35.382s][info][gc,heap        ] GC(130) DefNew: 283260K(314560K)->2705K(314560K) Eden: 279616K(279616K)->0K(279616K) From: 3644K(34944K)->2705K(34944K)
[35.382s][info][gc,heap        ] GC(130) Tenured: 69707K(699072K)->69707K(699072K)
[35.382s][info][gc,metaspace   ] GC(130) Metaspace: 137428K(139264K)->137428K(139264K) NonClass: 120112K(121024K)->120112K(121024K) Class: 17316K(18240K)->17316K(18240K)
[35.383s][info][gc             ] GC(130) Pause Young (Allocation Failure) 344M->70M(989M) 3.786ms
[35.383s][info][gc,cpu         ] GC(130) User=0.00s Sys=0.00s Real=0.00s
[35.499s][info][gc,start       ] GC(131) Pause Young (Allocation Failure)
[35.503s][info][gc,heap        ] GC(131) DefNew: 282321K(314560K)->1455K(314560K) Eden: 279616K(279616K)->0K(279616K) From: 2705K(34944K)->1455K(34944K)
[35.503s][info][gc,heap        ] GC(131) Tenured: 69707K(699072K)->69707K(699072K)
[35.503s][info][gc,metaspace   ] GC(131) Metaspace: 137428K(139264K)->137428K(139264K) NonClass: 120112K(121024K)->120112K(121024K) Class: 17316K(18240K)->17316K(18240K)
[35.503s][info][gc             ] GC(131) Pause Young (Allocation Failure) 343M->69M(989M) 4.173ms
[35.504s][info][gc,cpu         ] GC(131) User=0.00s Sys=0.00s Real=0.01s
[35.622s][info][gc,start       ] GC(132) Pause Young (Allocation Failure)
[35.635s][info][gc,heap        ] GC(132) DefNew: 281071K(314560K)->27555K(314560K) Eden: 279616K(279616K)->0K(279616K) From: 1455K(34944K)->27555K(34944K)
[35.635s][info][gc,heap        ] GC(132) Tenured: 69707K(699072K)->69707K(699072K)
[35.635s][info][gc,metaspace   ] GC(132) Metaspace: 137435K(139264K)->137435K(139264K) NonClass: 120119K(121024K)->120119K(121024K) Class: 17316K(18240K)->17316K(18240K)
[35.635s][info][gc             ] GC(132) Pause Young (Allocation Failure) 342M->94M(989M) 13.158ms
[35.635s][info][gc,cpu         ] GC(132) User=0.00s Sys=0.00s Real=0.02s
[35.763s][info][gc,start       ] GC(133) Pause Full (System.gc())
[35.763s][info][gc,phases,start] GC(133) Phase 1: Mark live objects
[35.836s][info][gc,phases      ] GC(133) Phase 1: Mark live objects 73.815ms
[35.836s][info][gc,phases,start] GC(133) Phase 2: Compute new object addresses
[35.859s][info][gc,phases      ] GC(133) Phase 2: Compute new object addresses 22.583ms
[35.859s][info][gc,phases,start] GC(133) Phase 3: Adjust pointers
[35.894s][info][gc,phases      ] GC(133) Phase 3: Adjust pointers 34.691ms
[35.894s][info][gc,phases,start] GC(133) Phase 4: Move objects
[35.894s][info][gc,phases      ] GC(133) Phase 4: Move objects 0.131ms
[35.894s][info][gc,heap        ] GC(133) DefNew: 141586K(314560K)->0K(314560K) Eden: 114031K(279616K)->0K(279616K) From: 27555K(34944K)->0K(34944K)
[35.894s][info][gc,heap        ] GC(133) Tenured: 69707K(699072K)->70574K(699072K)
[35.894s][info][gc,metaspace   ] GC(133) Metaspace: 137438K(139328K)->137412K(139328K) NonClass: 120122K(121088K)->120100K(121088K) Class: 17316K(18240K)->17311K(18240K)
[35.894s][info][gc             ] GC(133) Pause Full (System.gc()) 206M->68M(989M) 131.952ms
[35.895s][info][gc,cpu         ] GC(133) User=0.12s Sys=0.00s Real=0.13s
[36.142s][info][gc,start       ] GC(134) Pause Young (Allocation Failure)
[36.148s][info][gc,heap        ] GC(134) DefNew: 279616K(314560K)->2162K(314560K) Eden: 279616K(279616K)->0K(279616K) From: 0K(34944K)->2162K(34944K)
[36.148s][info][gc,heap        ] GC(134) Tenured: 70574K(699072K)->70574K(699072K)
[36.148s][info][gc,metaspace   ] GC(134) Metaspace: 137632K(139520K)->137632K(139520K) NonClass: 120304K(121280K)->120304K(121280K) Class: 17327K(18240K)->17327K(18240K)
[36.148s][info][gc             ] GC(134) Pause Young (Allocation Failure) 341M->71M(989M) 5.534ms
[36.148s][info][gc,cpu         ] GC(134) User=0.02s Sys=0.00s Real=0.02s
[36.235s][info][gc,start       ] GC(135) Pause Young (Allocation Failure)
[36.242s][info][gc,heap        ] GC(135) DefNew: 281778K(314560K)->3638K(314560K) Eden: 279616K(279616K)->0K(279616K) From: 2162K(34944K)->3638K(34944K)
[36.242s][info][gc,heap        ] GC(135) Tenured: 70574K(699072K)->70574K(699072K)
[36.242s][info][gc,metaspace   ] GC(135) Metaspace: 137644K(139520K)->137644K(139520K) NonClass: 120315K(121280K)->120315K(121280K) Class: 17328K(18240K)->17328K(18240K)
[36.242s][info][gc             ] GC(135) Pause Young (Allocation Failure) 344M->72M(989M) 7.520ms
[36.242s][info][gc,cpu         ] GC(135) User=0.00s Sys=0.00s Real=0.00s
[36.307s][info][gc,start       ] GC(136) Pause Young (Allocation Failure)
[36.311s][info][gc,heap        ] GC(136) DefNew: 283254K(314560K)->2665K(314560K) Eden: 279616K(279616K)->0K(279616K) From: 3638K(34944K)->2665K(34944K)
[36.311s][info][gc,heap        ] GC(136) Tenured: 70574K(699072K)->70574K(699072K)
[36.311s][info][gc,metaspace   ] GC(136) Metaspace: 137648K(139520K)->137648K(139520K) NonClass: 120319K(121280K)->120319K(121280K) Class: 17328K(18240K)->17328K(18240K)
[36.311s][info][gc             ] GC(136) Pause Young (Allocation Failure) 345M->71M(989M) 3.963ms
[36.311s][info][gc,cpu         ] GC(136) User=0.00s Sys=0.00s Real=0.02s
[36.430s][info][gc,start       ] GC(137) Pause Young (Allocation Failure)
[36.434s][info][gc,heap        ] GC(137) DefNew: 282046K(314560K)->2697K(314560K) Eden: 279381K(279616K)->0K(279616K) From: 2665K(34944K)->2697K(34944K)
[36.434s][info][gc,heap        ] GC(137) Tenured: 70574K(699072K)->70574K(699072K)
[36.434s][info][gc,metaspace   ] GC(137) Metaspace: 137687K(139520K)->137687K(139520K) NonClass: 120358K(121280K)->120358K(121280K) Class: 17329K(18240K)->17329K(18240K)
[36.434s][info][gc             ] GC(137) Pause Young (Allocation Failure) 344M->71M(989M) 4.303ms
[36.434s][info][gc,cpu         ] GC(137) User=0.00s Sys=0.00s Real=0.00s
[36.551s][info][gc,start       ] GC(138) Pause Young (Allocation Failure)
[36.563s][info][gc,heap        ] GC(138) DefNew: 282313K(314560K)->27279K(314560K) Eden: 279616K(279616K)->0K(279616K) From: 2697K(34944K)->27279K(34944K)
[36.563s][info][gc,heap        ] GC(138) Tenured: 70574K(699072K)->70574K(699072K)
[36.563s][info][gc,metaspace   ] GC(138) Metaspace: 137693K(139584K)->137693K(139584K) NonClass: 120363K(121344K)->120363K(121344K) Class: 17330K(18240K)->17330K(18240K)
[36.563s][info][gc             ] GC(138) Pause Young (Allocation Failure) 344M->95M(989M) 12.781ms
[36.563s][info][gc,cpu         ] GC(138) User=0.00s Sys=0.00s Real=0.02s
[36.694s][info][gc,start       ] GC(139) Pause Full (System.gc())
[36.694s][info][gc,phases,start] GC(139) Phase 1: Mark live objects
[36.769s][info][gc,phases      ] GC(139) Phase 1: Mark live objects 74.716ms
[36.769s][info][gc,phases,start] GC(139) Phase 2: Compute new object addresses
[36.792s][info][gc,phases      ] GC(139) Phase 2: Compute new object addresses 23.077ms
[36.792s][info][gc,phases,start] GC(139) Phase 3: Adjust pointers
[36.827s][info][gc,phases      ] GC(139) Phase 3: Adjust pointers 35.030ms
[36.827s][info][gc,phases,start] GC(139) Phase 4: Move objects
[36.827s][info][gc,phases      ] GC(139) Phase 4: Move objects 0.176ms
[36.828s][info][gc,heap        ] GC(139) DefNew: 144062K(314560K)->0K(314560K) Eden: 116782K(279616K)->0K(279616K) From: 27279K(34944K)->0K(34944K)
[36.828s][info][gc,heap        ] GC(139) Tenured: 70574K(699072K)->71576K(699072K)
[36.828s][info][gc,metaspace   ] GC(139) Metaspace: 137707K(139584K)->137680K(139584K) NonClass: 120376K(121344K)->120354K(121344K) Class: 17331K(18240K)->17326K(18240K)
[36.828s][info][gc             ] GC(139) Pause Full (System.gc()) 209M->69M(989M) 133.856ms
[36.828s][info][gc,cpu         ] GC(139) User=0.12s Sys=0.00s Real=0.13s
[37.061s][info][gc,start       ] GC(140) Pause Young (Allocation Failure)
[37.066s][info][gc,heap        ] GC(140) DefNew: 279616K(314560K)->2149K(314560K) Eden: 279616K(279616K)->0K(279616K) From: 0K(34944K)->2149K(34944K)
[37.066s][info][gc,heap        ] GC(140) Tenured: 71576K(699072K)->71576K(699072K)
[37.066s][info][gc,metaspace   ] GC(140) Metaspace: 137789K(139648K)->137789K(139648K) NonClass: 120451K(121408K)->120451K(121408K) Class: 17338K(18240K)->17338K(18240K)
[37.066s][info][gc             ] GC(140) Pause Young (Allocation Failure) 342M->71M(989M) 5.763ms
[37.066s][info][gc,cpu         ] GC(140) User=0.02s Sys=0.00s Real=0.02s
[37.152s][info][gc,start       ] GC(141) Pause Young (Allocation Failure)
[37.158s][info][gc,heap        ] GC(141) DefNew: 281765K(314560K)->3644K(314560K) Eden: 279616K(279616K)->0K(279616K) From: 2149K(34944K)->3644K(34944K)
[37.158s][info][gc,heap        ] GC(141) Tenured: 71576K(699072K)->71576K(699072K)
[37.158s][info][gc,metaspace   ] GC(141) Metaspace: 137799K(139648K)->137799K(139648K) NonClass: 120461K(121408K)->120461K(121408K) Class: 17338K(18240K)->17338K(18240K)
[37.158s][info][gc             ] GC(141) Pause Young (Allocation Failure) 345M->73M(989M) 6.162ms
[37.158s][info][gc,cpu         ] GC(141) User=0.00s Sys=0.00s Real=0.00s
[37.218s][info][gc,start       ] GC(142) Pause Young (Allocation Failure)
[37.223s][info][gc,heap        ] GC(142) DefNew: 283260K(314560K)->3474K(314560K) Eden: 279616K(279616K)->0K(279616K) From: 3644K(34944K)->3474K(34944K)
[37.223s][info][gc,heap        ] GC(142) Tenured: 71576K(699072K)->71576K(699072K)
[37.223s][info][gc,metaspace   ] GC(142) Metaspace: 137799K(139648K)->137799K(139648K) NonClass: 120461K(121408K)->120461K(121408K) Class: 17338K(18240K)->17338K(18240K)
[37.223s][info][gc             ] GC(142) Pause Young (Allocation Failure) 346M->73M(989M) 4.823ms
[37.223s][info][gc,cpu         ] GC(142) User=0.00s Sys=0.00s Real=0.00s
[37.341s][info][gc,start       ] GC(143) Pause Young (Allocation Failure)
[37.344s][info][gc,heap        ] GC(143) DefNew: 283090K(314560K)->1409K(314560K) Eden: 279616K(279616K)->0K(279616K) From: 3474K(34944K)->1409K(34944K)
[37.344s][info][gc,heap        ] GC(143) Tenured: 71576K(699072K)->71576K(699072K)
[37.344s][info][gc,metaspace   ] GC(143) Metaspace: 137804K(139648K)->137804K(139648K) NonClass: 120465K(121408K)->120465K(121408K) Class: 17339K(18240K)->17339K(18240K)
[37.344s][info][gc             ] GC(143) Pause Young (Allocation Failure) 346M->71M(989M) 3.658ms
[37.345s][info][gc,cpu         ] GC(143) User=0.00s Sys=0.00s Real=0.00s
[37.461s][info][gc,start       ] GC(144) Pause Young (Allocation Failure)
[37.475s][info][gc,heap        ] GC(144) DefNew: 281025K(314560K)->27469K(314560K) Eden: 279616K(279616K)->0K(279616K) From: 1409K(34944K)->27469K(34944K)
[37.475s][info][gc,heap        ] GC(144) Tenured: 71576K(699072K)->71576K(699072K)
[37.475s][info][gc,metaspace   ] GC(144) Metaspace: 137807K(139648K)->137807K(139648K) NonClass: 120467K(121408K)->120467K(121408K) Class: 17339K(18240K)->17339K(18240K)
[37.475s][info][gc             ] GC(144) Pause Young (Allocation Failure) 344M->96M(989M) 13.336ms
[37.475s][info][gc,cpu         ] GC(144) User=0.00s Sys=0.00s Real=0.02s
[37.599s][info][gc,start       ] GC(145) Pause Full (System.gc())
[37.599s][info][gc,phases,start] GC(145) Phase 1: Mark live objects
[37.674s][info][gc,phases      ] GC(145) Phase 1: Mark live objects 75.057ms
[37.674s][info][gc,phases,start] GC(145) Phase 2: Compute new object addresses
[37.697s][info][gc,phases      ] GC(145) Phase 2: Compute new object addresses 22.917ms
[37.697s][info][gc,phases,start] GC(145) Phase 3: Adjust pointers
[37.733s][info][gc,phases      ] GC(145) Phase 3: Adjust pointers 35.577ms
[37.733s][info][gc,phases,start] GC(145) Phase 4: Move objects
[37.733s][info][gc,phases      ] GC(145) Phase 4: Move objects 0.129ms
[37.734s][info][gc,heap        ] GC(145) DefNew: 142486K(314560K)->0K(314560K) Eden: 115017K(279616K)->0K(279616K) From: 27469K(34944K)->0K(34944K)
[37.734s][info][gc,heap        ] GC(145) Tenured: 71576K(699072K)->72439K(699072K)
[37.734s][info][gc,metaspace   ] GC(145) Metaspace: 137822K(139648K)->137795K(139648K) NonClass: 120481K(121408K)->120459K(121408K) Class: 17340K(18240K)->17336K(18240K)
[37.734s][info][gc             ] GC(145) Pause Full (System.gc()) 209M->70M(989M) 134.444ms
[37.734s][info][gc,cpu         ] GC(145) User=0.14s Sys=0.00s Real=0.13s
[37.970s][info][gc,start       ] GC(146) Pause Young (Allocation Failure)
[37.976s][info][gc,heap        ] GC(146) DefNew: 279616K(314560K)->2146K(314560K) Eden: 279616K(279616K)->0K(279616K) From: 0K(34944K)->2146K(34944K)
[37.976s][info][gc,heap        ] GC(146) Tenured: 72439K(699072K)->72439K(699072K)
[37.976s][info][gc,metaspace   ] GC(146) Metaspace: 137950K(139776K)->137950K(139776K) NonClass: 120609K(121536K)->120609K(121536K) Class: 17340K(18240K)->17340K(18240K)
[37.976s][info][gc             ] GC(146) Pause Young (Allocation Failure) 343M->72M(989M) 5.878ms
[37.976s][info][gc,cpu         ] GC(146) User=0.00s Sys=0.00s Real=0.02s
[38.062s][info][gc,start       ] GC(147) Pause Young (Allocation Failure)
[38.068s][info][gc,heap        ] GC(147) DefNew: 281762K(314560K)->3638K(314560K) Eden: 279616K(279616K)->0K(279616K) From: 2146K(34944K)->3638K(34944K)
[38.068s][info][gc,heap        ] GC(147) Tenured: 72439K(699072K)->72439K(699072K)
[38.068s][info][gc,metaspace   ] GC(147) Metaspace: 137955K(139776K)->137955K(139776K) NonClass: 120614K(121536K)->120614K(121536K) Class: 17340K(18240K)->17340K(18240K)
[38.068s][info][gc             ] GC(147) Pause Young (Allocation Failure) 345M->74M(989M) 6.092ms
[38.068s][info][gc,cpu         ] GC(147) User=0.00s Sys=0.00s Real=0.00s
[38.132s][info][gc,start       ] GC(148) Pause Young (Allocation Failure)
[38.137s][info][gc,heap        ] GC(148) DefNew: 283254K(314560K)->3459K(314560K) Eden: 279616K(279616K)->0K(279616K) From: 3638K(34944K)->3459K(34944K)
[38.137s][info][gc,heap        ] GC(148) Tenured: 72439K(699072K)->72439K(699072K)
[38.137s][info][gc,metaspace   ] GC(148) Metaspace: 137955K(139776K)->137955K(139776K) NonClass: 120614K(121536K)->120614K(121536K) Class: 17340K(18240K)->17340K(18240K)
[38.137s][info][gc             ] GC(148) Pause Young (Allocation Failure) 347M->74M(989M) 4.671ms
[38.137s][info][gc,cpu         ] GC(148) User=0.00s Sys=0.00s Real=0.02s
[38.252s][info][gc,start       ] GC(149) Pause Young (Allocation Failure)
[38.256s][info][gc,heap        ] GC(149) DefNew: 283075K(314560K)->3583K(314560K) Eden: 279616K(279616K)->0K(279616K) From: 3459K(34944K)->3583K(34944K)
[38.256s][info][gc,heap        ] GC(149) Tenured: 72439K(699072K)->72439K(699072K)
[38.256s][info][gc,metaspace   ] GC(149) Metaspace: 137956K(139776K)->137956K(139776K) NonClass: 120615K(121536K)->120615K(121536K) Class: 17340K(18240K)->17340K(18240K)
[38.256s][info][gc             ] GC(149) Pause Young (Allocation Failure) 347M->74M(989M) 4.061ms
[38.256s][info][gc,cpu         ] GC(149) User=0.00s Sys=0.00s Real=0.02s
[38.373s][info][gc,start       ] GC(150) Pause Young (Allocation Failure)
[38.386s][info][gc,heap        ] GC(150) DefNew: 283199K(314560K)->27371K(314560K) Eden: 279616K(279616K)->0K(279616K) From: 3583K(34944K)->27371K(34944K)
[38.386s][info][gc,heap        ] GC(150) Tenured: 72439K(699072K)->72439K(699072K)
[38.386s][info][gc,metaspace   ] GC(150) Metaspace: 137959K(139776K)->137959K(139776K) NonClass: 120618K(121536K)->120618K(121536K) Class: 17341K(18240K)->17341K(18240K)
[38.386s][info][gc             ] GC(150) Pause Young (Allocation Failure) 347M->97M(989M) 12.937ms
[38.386s][info][gc,cpu         ] GC(150) User=0.00s Sys=0.00s Real=0.02s
[38.513s][info][gc,start       ] GC(151) Pause Full (System.gc())
[38.513s][info][gc,phases,start] GC(151) Phase 1: Mark live objects
[38.589s][info][gc,phases      ] GC(151) Phase 1: Mark live objects 76.434ms
[38.589s][info][gc,phases,start] GC(151) Phase 2: Compute new object addresses
[38.613s][info][gc,phases      ] GC(151) Phase 2: Compute new object addresses 23.204ms
[38.613s][info][gc,phases,start] GC(151) Phase 3: Adjust pointers
[38.650s][info][gc,phases      ] GC(151) Phase 3: Adjust pointers 36.938ms
[38.650s][info][gc,phases,start] GC(151) Phase 4: Move objects
[38.658s][info][gc,phases      ] GC(151) Phase 4: Move objects 7.913ms
[38.658s][info][gc,heap        ] GC(151) DefNew: 143128K(314560K)->0K(314560K) Eden: 115757K(279616K)->0K(279616K) From: 27371K(34944K)->0K(34944K)
[38.658s][info][gc,heap        ] GC(151) Tenured: 72439K(699072K)->70036K(699072K)
[38.658s][info][gc,metaspace   ] GC(151) Metaspace: 137966K(139776K)->137940K(139776K) NonClass: 120625K(121536K)->120603K(121536K) Class: 17341K(18240K)->17336K(18240K)
[38.658s][info][gc             ] GC(151) Pause Full (System.gc()) 210M->68M(989M) 145.385ms
[38.658s][info][gc,cpu         ] GC(151) User=0.12s Sys=0.00s Real=0.14s
[38.888s][info][gc,start       ] GC(152) Pause Young (Allocation Failure)
[38.894s][info][gc,heap        ] GC(152) DefNew: 279616K(314560K)->2152K(314560K) Eden: 279616K(279616K)->0K(279616K) From: 0K(34944K)->2152K(34944K)
[38.894s][info][gc,heap        ] GC(152) Tenured: 70036K(699072K)->70036K(699072K)
[38.894s][info][gc,metaspace   ] GC(152) Metaspace: 137989K(139840K)->137989K(139840K) NonClass: 120648K(121600K)->120648K(121600K) Class: 17341K(18240K)->17341K(18240K)
[38.894s][info][gc             ] GC(152) Pause Young (Allocation Failure) 341M->70M(989M) 5.721ms
[38.894s][info][gc,cpu         ] GC(152) User=0.00s Sys=0.00s Real=0.02s
[38.980s][info][gc,start       ] GC(153) Pause Young (Allocation Failure)
[38.987s][info][gc,heap        ] GC(153) DefNew: 281768K(314560K)->3641K(314560K) Eden: 279616K(279616K)->0K(279616K) From: 2152K(34944K)->3641K(34944K)
[38.987s][info][gc,heap        ] GC(153) Tenured: 70036K(699072K)->70036K(699072K)
[38.987s][info][gc,metaspace   ] GC(153) Metaspace: 137991K(139840K)->137991K(139840K) NonClass: 120650K(121600K)->120650K(121600K) Class: 17341K(18240K)->17341K(18240K)
[38.987s][info][gc             ] GC(153) Pause Young (Allocation Failure) 343M->71M(989M) 6.974ms
[38.987s][info][gc,cpu         ] GC(153) User=0.00s Sys=0.00s Real=0.00s
[39.049s][info][gc,start       ] GC(154) Pause Young (Allocation Failure)
[39.052s][info][gc,heap        ] GC(154) DefNew: 283257K(314560K)->2653K(314560K) Eden: 279616K(279616K)->0K(279616K) From: 3641K(34944K)->2653K(34944K)
[39.052s][info][gc,heap        ] GC(154) Tenured: 70036K(699072K)->70036K(699072K)
[39.052s][info][gc,metaspace   ] GC(154) Metaspace: 137991K(139840K)->137991K(139840K) NonClass: 120650K(121600K)->120650K(121600K) Class: 17341K(18240K)->17341K(18240K)
[39.052s][info][gc             ] GC(154) Pause Young (Allocation Failure) 345M->70M(989M) 3.765ms
[39.052s][info][gc,cpu         ] GC(154) User=0.00s Sys=0.00s Real=0.00s
[39.171s][info][gc,start       ] GC(155) Pause Young (Allocation Failure)
[39.174s][info][gc,heap        ] GC(155) DefNew: 282269K(314560K)->1320K(314560K) Eden: 279616K(279616K)->0K(279616K) From: 2653K(34944K)->1320K(34944K)
[39.174s][info][gc,heap        ] GC(155) Tenured: 70036K(699072K)->70036K(699072K)
[39.174s][info][gc,metaspace   ] GC(155) Metaspace: 137991K(139840K)->137991K(139840K) NonClass: 120650K(121600K)->120650K(121600K) Class: 17341K(18240K)->17341K(18240K)
[39.174s][info][gc             ] GC(155) Pause Young (Allocation Failure) 344M->69M(989M) 3.073ms
[39.174s][info][gc,cpu         ] GC(155) User=0.00s Sys=0.00s Real=0.00s
[39.291s][info][gc,start       ] GC(156) Pause Young (Allocation Failure)
[39.304s][info][gc,heap        ] GC(156) DefNew: 280936K(314560K)->27602K(314560K) Eden: 279616K(279616K)->0K(279616K) From: 1320K(34944K)->27602K(34944K)
[39.304s][info][gc,heap        ] GC(156) Tenured: 70036K(699072K)->70036K(699072K)
[39.304s][info][gc,metaspace   ] GC(156) Metaspace: 138001K(139840K)->138001K(139840K) NonClass: 120659K(121600K)->120659K(121600K) Class: 17341K(18240K)->17341K(18240K)
[39.304s][info][gc             ] GC(156) Pause Young (Allocation Failure) 342M->95M(989M) 12.787ms
[39.304s][info][gc,cpu         ] GC(156) User=0.00s Sys=0.00s Real=0.02s
[39.428s][info][gc,start       ] GC(157) Pause Full (System.gc())
[39.428s][info][gc,phases,start] GC(157) Phase 1: Mark live objects
[39.504s][info][gc,phases      ] GC(157) Phase 1: Mark live objects 76.043ms
[39.504s][info][gc,phases,start] GC(157) Phase 2: Compute new object addresses
[39.527s][info][gc,phases      ] GC(157) Phase 2: Compute new object addresses 22.601ms
[39.527s][info][gc,phases,start] GC(157) Phase 3: Adjust pointers
[39.563s][info][gc,phases      ] GC(157) Phase 3: Adjust pointers 35.766ms
[39.563s][info][gc,phases,start] GC(157) Phase 4: Move objects
[39.563s][info][gc,phases      ] GC(157) Phase 4: Move objects 0.126ms
[39.563s][info][gc,heap        ] GC(157) DefNew: 141503K(314560K)->0K(314560K) Eden: 113900K(279616K)->0K(279616K) From: 27602K(34944K)->0K(34944K)
[39.563s][info][gc,heap        ] GC(157) Tenured: 70036K(699072K)->70888K(699072K)
[39.563s][info][gc,metaspace   ] GC(157) Metaspace: 138002K(139840K)->137975K(139840K) NonClass: 120661K(121600K)->120638K(121600K) Class: 17341K(18240K)->17336K(18240K)
[39.563s][info][gc             ] GC(157) Pause Full (System.gc()) 206M->69M(989M) 135.297ms
[39.563s][info][gc,cpu         ] GC(157) User=0.12s Sys=0.00s Real=0.13s
[39.805s][info][gc,start       ] GC(158) Pause Young (Allocation Failure)
[39.811s][info][gc,heap        ] GC(158) DefNew: 279616K(314560K)->2141K(314560K) Eden: 279616K(279616K)->0K(279616K) From: 0K(34944K)->2141K(34944K)
[39.811s][info][gc,heap        ] GC(158) Tenured: 70888K(699072K)->70888K(699072K)
[39.811s][info][gc,metaspace   ] GC(158) Metaspace: 138138K(139968K)->138138K(139968K) NonClass: 120795K(121728K)->120795K(121728K) Class: 17342K(18240K)->17342K(18240K)
[39.811s][info][gc             ] GC(158) Pause Young (Allocation Failure) 342M->71M(989M) 6.018ms
[39.811s][info][gc,cpu         ] GC(158) User=0.00s Sys=0.00s Real=0.01s
[39.897s][info][gc,start       ] GC(159) Pause Young (Allocation Failure)
[39.903s][info][gc,heap        ] GC(159) DefNew: 281757K(314560K)->3636K(314560K) Eden: 279616K(279616K)->0K(279616K) From: 2141K(34944K)->3636K(34944K)
[39.903s][info][gc,heap        ] GC(159) Tenured: 70888K(699072K)->70888K(699072K)
[39.903s][info][gc,metaspace   ] GC(159) Metaspace: 138148K(139968K)->138148K(139968K) NonClass: 120805K(121728K)->120805K(121728K) Class: 17343K(18240K)->17343K(18240K)
[39.903s][info][gc             ] GC(159) Pause Young (Allocation Failure) 344M->72M(989M) 6.446ms
[39.903s][info][gc,cpu         ] GC(159) User=0.00s Sys=0.00s Real=0.01s
[39.967s][info][gc,start       ] GC(160) Pause Young (Allocation Failure)
[39.971s][info][gc,heap        ] GC(160) DefNew: 283252K(314560K)->2650K(314560K) Eden: 279616K(279616K)->0K(279616K) From: 3636K(34944K)->2650K(34944K)
[39.971s][info][gc,heap        ] GC(160) Tenured: 70888K(699072K)->70888K(699072K)
[39.971s][info][gc,metaspace   ] GC(160) Metaspace: 138148K(139968K)->138148K(139968K) NonClass: 120805K(121728K)->120805K(121728K) Class: 17343K(18240K)->17343K(18240K)
[39.971s][info][gc             ] GC(160) Pause Young (Allocation Failure) 345M->71M(989M) 3.845ms
[39.971s][info][gc,cpu         ] GC(160) User=0.02s Sys=0.00s Real=0.02s
[40.089s][info][gc,start       ] GC(161) Pause Young (Allocation Failure)
[40.093s][info][gc,heap        ] GC(161) DefNew: 281955K(314560K)->3580K(314560K) Eden: 279305K(279616K)->0K(279616K) From: 2650K(34944K)->3580K(34944K)
[40.093s][info][gc,heap        ] GC(161) Tenured: 70888K(699072K)->70888K(699072K)
[40.093s][info][gc,metaspace   ] GC(161) Metaspace: 138149K(139968K)->138149K(139968K) NonClass: 120805K(121728K)->120805K(121728K) Class: 17343K(18240K)->17343K(18240K)
[40.093s][info][gc             ] GC(161) Pause Young (Allocation Failure) 344M->72M(989M) 3.694ms
[40.093s][info][gc,cpu         ] GC(161) User=0.00s Sys=0.00s Real=0.00s
[40.210s][info][gc,start       ] GC(162) Pause Young (Allocation Failure)
[40.222s][info][gc,heap        ] GC(162) DefNew: 283196K(314560K)->27431K(314560K) Eden: 279616K(279616K)->0K(279616K) From: 3580K(34944K)->27431K(34944K)
[40.222s][info][gc,heap        ] GC(162) Tenured: 70888K(699072K)->70888K(699072K)
[40.222s][info][gc,metaspace   ] GC(162) Metaspace: 138156K(139968K)->138156K(139968K) NonClass: 120813K(121728K)->120813K(121728K) Class: 17343K(18240K)->17343K(18240K)
[40.222s][info][gc             ] GC(162) Pause Young (Allocation Failure) 345M->96M(989M) 12.511ms
[40.222s][info][gc,cpu         ] GC(162) User=0.02s Sys=0.00s Real=0.02s
[40.347s][info][gc,start       ] GC(163) Pause Full (System.gc())
[40.347s][info][gc,phases,start] GC(163) Phase 1: Mark live objects
[40.423s][info][gc,phases      ] GC(163) Phase 1: Mark live objects 75.991ms
[40.423s][info][gc,phases,start] GC(163) Phase 2: Compute new object addresses
[40.446s][info][gc,phases      ] GC(163) Phase 2: Compute new object addresses 22.830ms
[40.446s][info][gc,phases,start] GC(163) Phase 3: Adjust pointers
[40.482s][info][gc,phases      ] GC(163) Phase 3: Adjust pointers 35.716ms
[40.482s][info][gc,phases,start] GC(163) Phase 4: Move objects
[40.482s][info][gc,phases      ] GC(163) Phase 4: Move objects 0.127ms
[40.483s][info][gc,heap        ] GC(163) DefNew: 142969K(314560K)->0K(314560K) Eden: 115537K(279616K)->0K(279616K) From: 27431K(34944K)->0K(34944K)
[40.483s][info][gc,heap        ] GC(163) Tenured: 70888K(699072K)->71742K(699072K)
[40.483s][info][gc,metaspace   ] GC(163) Metaspace: 138190K(140032K)->138164K(140032K) NonClass: 120847K(121792K)->120824K(121792K) Class: 17343K(18240K)->17339K(18240K)
[40.483s][info][gc             ] GC(163) Pause Full (System.gc()) 208M->70M(989M) 135.425ms
[40.483s][info][gc,cpu         ] GC(163) User=0.12s Sys=0.00s Real=0.13s
[40.713s][info][gc,start       ] GC(164) Pause Young (Allocation Failure)
[40.719s][info][gc,heap        ] GC(164) DefNew: 279616K(314560K)->2157K(314560K) Eden: 279616K(279616K)->0K(279616K) From: 0K(34944K)->2157K(34944K)
[40.719s][info][gc,heap        ] GC(164) Tenured: 71742K(699072K)->71742K(699072K)
[40.719s][info][gc,metaspace   ] GC(164) Metaspace: 138268K(140096K)->138268K(140096K) NonClass: 120924K(121856K)->120924K(121856K) Class: 17343K(18240K)->17343K(18240K)
[40.720s][info][gc             ] GC(164) Pause Young (Allocation Failure) 343M->72M(989M) 6.037ms
[40.720s][info][gc,cpu         ] GC(164) User=0.00s Sys=0.00s Real=0.02s
[40.807s][info][gc,start       ] GC(165) Pause Young (Allocation Failure)
[40.813s][info][gc,heap        ] GC(165) DefNew: 281773K(314560K)->3645K(314560K) Eden: 279616K(279616K)->0K(279616K) From: 2157K(34944K)->3645K(34944K)
[40.813s][info][gc,heap        ] GC(165) Tenured: 71742K(699072K)->71742K(699072K)
[40.813s][info][gc,metaspace   ] GC(165) Metaspace: 138275K(140096K)->138275K(140096K) NonClass: 120931K(121856K)->120931K(121856K) Class: 17343K(18240K)->17343K(18240K)
[40.813s][info][gc             ] GC(165) Pause Young (Allocation Failure) 345M->73M(989M) 6.871ms
[40.813s][info][gc,cpu         ] GC(165) User=0.00s Sys=0.00s Real=0.00s
[40.878s][info][gc,start       ] GC(166) Pause Young (Allocation Failure)
[40.882s][info][gc,heap        ] GC(166) DefNew: 283261K(314560K)->3475K(314560K) Eden: 279616K(279616K)->0K(279616K) From: 3645K(34944K)->3475K(34944K)
[40.883s][info][gc,heap        ] GC(166) Tenured: 71742K(699072K)->71742K(699072K)
[40.883s][info][gc,metaspace   ] GC(166) Metaspace: 138275K(140096K)->138275K(140096K) NonClass: 120931K(121856K)->120931K(121856K) Class: 17343K(18240K)->17343K(18240K)
[40.883s][info][gc             ] GC(166) Pause Young (Allocation Failure) 346M->73M(989M) 4.478ms
[40.883s][info][gc,cpu         ] GC(166) User=0.02s Sys=0.00s Real=0.02s
[41.000s][info][gc,start       ] GC(167) Pause Young (Allocation Failure)
[41.003s][info][gc,heap        ] GC(167) DefNew: 283091K(314560K)->1438K(314560K) Eden: 279616K(279616K)->0K(279616K) From: 3475K(34944K)->1438K(34944K)
[41.003s][info][gc,heap        ] GC(167) Tenured: 71742K(699072K)->71742K(699072K)
[41.003s][info][gc,metaspace   ] GC(167) Metaspace: 138282K(140096K)->138282K(140096K) NonClass: 120938K(121856K)->120938K(121856K) Class: 17343K(18240K)->17343K(18240K)
[41.003s][info][gc             ] GC(167) Pause Young (Allocation Failure) 346M->71M(989M) 3.444ms
[41.003s][info][gc,cpu         ] GC(167) User=0.00s Sys=0.00s Real=0.00s
[41.120s][info][gc,start       ] GC(168) Pause Young (Allocation Failure)
[41.132s][info][gc,heap        ] GC(168) DefNew: 281054K(314560K)->27678K(314560K) Eden: 279616K(279616K)->0K(279616K) From: 1438K(34944K)->27678K(34944K)
[41.132s][info][gc,heap        ] GC(168) Tenured: 71742K(699072K)->71742K(699072K)
[41.132s][info][gc,metaspace   ] GC(168) Metaspace: 138285K(140096K)->138285K(140096K) NonClass: 120941K(121856K)->120941K(121856K) Class: 17343K(18240K)->17343K(18240K)
[41.132s][info][gc             ] GC(168) Pause Young (Allocation Failure) 344M->97M(989M) 12.378ms
[41.132s][info][gc,cpu         ] GC(168) User=0.02s Sys=0.00s Real=0.02s
[41.255s][info][gc,start       ] GC(169) Pause Full (System.gc())
[41.255s][info][gc,phases,start] GC(169) Phase 1: Mark live objects
[41.331s][info][gc,phases      ] GC(169) Phase 1: Mark live objects 76.240ms
[41.331s][info][gc,phases,start] GC(169) Phase 2: Compute new object addresses
[41.354s][info][gc,phases      ] GC(169) Phase 2: Compute new object addresses 22.523ms
[41.354s][info][gc,phases,start] GC(169) Phase 3: Adjust pointers
[41.390s][info][gc,phases      ] GC(169) Phase 3: Adjust pointers 36.406ms
[41.390s][info][gc,phases,start] GC(169) Phase 4: Move objects
[41.390s][info][gc,phases      ] GC(169) Phase 4: Move objects 0.163ms
[41.391s][info][gc,heap        ] GC(169) DefNew: 141356K(314560K)->0K(314560K) Eden: 113677K(279616K)->0K(279616K) From: 27678K(34944K)->0K(34944K)
[41.391s][info][gc,heap        ] GC(169) Tenured: 71742K(699072K)->72731K(699072K)
[41.391s][info][gc,metaspace   ] GC(169) Metaspace: 138292K(140096K)->138265K(140096K) NonClass: 120948K(121856K)->120926K(121856K) Class: 17343K(18240K)->17339K(18240K)
[41.391s][info][gc             ] GC(169) Pause Full (System.gc()) 208M->71M(989M) 136.125ms
[41.391s][info][gc,cpu         ] GC(169) User=0.14s Sys=0.00s Real=0.14s
[41.620s][info][gc,start       ] GC(170) Pause Young (Allocation Failure)
[41.625s][info][gc,heap        ] GC(170) DefNew: 279616K(314560K)->1941K(314560K) Eden: 279616K(279616K)->0K(279616K) From: 0K(34944K)->1941K(34944K)
[41.625s][info][gc,heap        ] GC(170) Tenured: 72731K(699072K)->72731K(699072K)
[41.625s][info][gc,metaspace   ] GC(170) Metaspace: 138382K(140224K)->138382K(140224K) NonClass: 121039K(121984K)->121039K(121984K) Class: 17343K(18240K)->17343K(18240K)
[41.625s][info][gc             ] GC(170) Pause Young (Allocation Failure) 344M->72M(989M) 4.920ms
[41.625s][info][gc,cpu         ] GC(170) User=0.02s Sys=0.00s Real=0.02s
[41.711s][info][gc,start       ] GC(171) Pause Young (Allocation Failure)
[41.718s][info][gc,heap        ] GC(171) DefNew: 281557K(314560K)->3629K(314560K) Eden: 279616K(279616K)->0K(279616K) From: 1941K(34944K)->3629K(34944K)
[41.718s][info][gc,heap        ] GC(171) Tenured: 72731K(699072K)->72731K(699072K)
[41.718s][info][gc,metaspace   ] GC(171) Metaspace: 138383K(140224K)->138383K(140224K) NonClass: 121039K(121984K)->121039K(121984K) Class: 17343K(18240K)->17343K(18240K)
[41.718s][info][gc             ] GC(171) Pause Young (Allocation Failure) 345M->74M(989M) 7.127ms
[41.718s][info][gc,cpu         ] GC(171) User=0.00s Sys=0.00s Real=0.00s
[41.783s][info][gc,start       ] GC(172) Pause Young (Allocation Failure)
[41.786s][info][gc,heap        ] GC(172) DefNew: 283245K(314560K)->2648K(314560K) Eden: 279616K(279616K)->0K(279616K) From: 3629K(34944K)->2648K(34944K)
[41.787s][info][gc,heap        ] GC(172) Tenured: 72731K(699072K)->72731K(699072K)
[41.787s][info][gc,metaspace   ] GC(172) Metaspace: 138385K(140224K)->138385K(140224K) NonClass: 121042K(121984K)->121042K(121984K) Class: 17343K(18240K)->17343K(18240K)
[41.787s][info][gc             ] GC(172) Pause Young (Allocation Failure) 347M->73M(989M) 3.760ms
[41.787s][info][gc,cpu         ] GC(172) User=0.00s Sys=0.00s Real=0.02s
[41.904s][info][gc,start       ] GC(173) Pause Young (Allocation Failure)
[41.908s][info][gc,heap        ] GC(173) DefNew: 281907K(314560K)->2715K(314560K) Eden: 279258K(279616K)->0K(279616K) From: 2648K(34944K)->2715K(34944K)
[41.908s][info][gc,heap        ] GC(173) Tenured: 72731K(699072K)->72731K(699072K)
[41.908s][info][gc,metaspace   ] GC(173) Metaspace: 138387K(140224K)->138387K(140224K) NonClass: 121044K(121984K)->121044K(121984K) Class: 17343K(18240K)->17343K(18240K)
[41.908s][info][gc             ] GC(173) Pause Young (Allocation Failure) 346M->73M(989M) 3.668ms
[41.908s][info][gc,cpu         ] GC(173) User=0.00s Sys=0.00s Real=0.00s
[42.026s][info][gc,start       ] GC(174) Pause Young (Allocation Failure)
[42.040s][info][gc,heap        ] GC(174) DefNew: 282331K(314560K)->27326K(314560K) Eden: 279616K(279616K)->0K(279616K) From: 2715K(34944K)->27326K(34944K)
[42.040s][info][gc,heap        ] GC(174) Tenured: 72731K(699072K)->72731K(699072K)
[42.040s][info][gc,metaspace   ] GC(174) Metaspace: 138391K(140224K)->138391K(140224K) NonClass: 121047K(121984K)->121047K(121984K) Class: 17343K(18240K)->17343K(18240K)
[42.040s][info][gc             ] GC(174) Pause Young (Allocation Failure) 346M->97M(989M) 13.244ms
[42.040s][info][gc,cpu         ] GC(174) User=0.02s Sys=0.00s Real=0.02s
[42.165s][info][gc,start       ] GC(175) Pause Full (System.gc())
[42.165s][info][gc,phases,start] GC(175) Phase 1: Mark live objects
[42.241s][info][gc,phases      ] GC(175) Phase 1: Mark live objects 76.324ms
[42.241s][info][gc,phases,start] GC(175) Phase 2: Compute new object addresses
[42.264s][info][gc,phases      ] GC(175) Phase 2: Compute new object addresses 23.002ms
[42.264s][info][gc,phases,start] GC(175) Phase 3: Adjust pointers
[42.302s][info][gc,phases      ] GC(175) Phase 3: Adjust pointers 37.599ms
[42.302s][info][gc,phases,start] GC(175) Phase 4: Move objects
[42.310s][info][gc,phases      ] GC(175) Phase 4: Move objects 7.907ms
[42.310s][info][gc,heap        ] GC(175) DefNew: 143388K(314560K)->0K(314560K) Eden: 116062K(279616K)->0K(279616K) From: 27326K(34944K)->0K(34944K)
[42.310s][info][gc,heap        ] GC(175) Tenured: 72731K(699072K)->70468K(699072K)
[42.310s][info][gc,metaspace   ] GC(175) Metaspace: 138401K(140224K)->138374K(140224K) NonClass: 121057K(121984K)->121035K(121984K) Class: 17343K(18240K)->17339K(18240K)
[42.310s][info][gc             ] GC(175) Pause Full (System.gc()) 211M->68M(989M) 145.762ms
[42.310s][info][gc,cpu         ] GC(175) User=0.16s Sys=0.00s Real=0.15s
[42.553s][info][gc,start       ] GC(176) Pause Young (Allocation Failure)
[42.559s][info][gc,heap        ] GC(176) DefNew: 279616K(314560K)->2144K(314560K) Eden: 279616K(279616K)->0K(279616K) From: 0K(34944K)->2144K(34944K)
[42.559s][info][gc,heap        ] GC(176) Tenured: 70468K(699072K)->70468K(699072K)
[42.559s][info][gc,metaspace   ] GC(176) Metaspace: 138512K(140352K)->138512K(140352K) NonClass: 121168K(122112K)->121168K(122112K) Class: 17344K(18240K)->17344K(18240K)
[42.559s][info][gc             ] GC(176) Pause Young (Allocation Failure) 341M->70M(989M) 5.627ms
[42.559s][info][gc,cpu         ] GC(176) User=0.00s Sys=0.00s Real=0.02s
[42.651s][info][gc,start       ] GC(177) Pause Young (Allocation Failure)
[42.657s][info][gc,heap        ] GC(177) DefNew: 281760K(314560K)->3635K(314560K) Eden: 279616K(279616K)->0K(279616K) From: 2144K(34944K)->3635K(34944K)
[42.658s][info][gc,heap        ] GC(177) Tenured: 70468K(699072K)->70468K(699072K)
[42.658s][info][gc,metaspace   ] GC(177) Metaspace: 138515K(140352K)->138515K(140352K) NonClass: 121171K(122112K)->121171K(122112K) Class: 17344K(18240K)->17344K(18240K)
[42.658s][info][gc             ] GC(177) Pause Young (Allocation Failure) 343M->72M(989M) 6.583ms
[42.658s][info][gc,cpu         ] GC(177) User=0.00s Sys=0.00s Real=0.00s
[42.718s][info][gc,start       ] GC(178) Pause Young (Allocation Failure)
[42.722s][info][gc,heap        ] GC(178) DefNew: 283251K(314560K)->2649K(314560K) Eden: 279616K(279616K)->0K(279616K) From: 3635K(34944K)->2649K(34944K)
[42.722s][info][gc,heap        ] GC(178) Tenured: 70468K(699072K)->70468K(699072K)
[42.722s][info][gc,metaspace   ] GC(178) Metaspace: 138515K(140352K)->138515K(140352K) NonClass: 121171K(122112K)->121171K(122112K) Class: 17344K(18240K)->17344K(18240K)
[42.722s][info][gc             ] GC(178) Pause Young (Allocation Failure) 345M->71M(989M) 3.876ms
[42.722s][info][gc,cpu         ] GC(178) User=0.00s Sys=0.00s Real=0.00s
[42.834s][info][gc,start       ] GC(179) Pause Young (Allocation Failure)
[42.838s][info][gc,heap        ] GC(179) DefNew: 282265K(314560K)->2732K(314560K) Eden: 279616K(279616K)->0K(279616K) From: 2649K(34944K)->2732K(34944K)
[42.838s][info][gc,heap        ] GC(179) Tenured: 70468K(699072K)->70468K(699072K)
[42.838s][info][gc,metaspace   ] GC(179) Metaspace: 138538K(140352K)->138538K(140352K) NonClass: 121191K(122112K)->121191K(122112K) Class: 17347K(18240K)->17347K(18240K)
[42.838s][info][gc             ] GC(179) Pause Young (Allocation Failure) 344M->71M(989M) 4.288ms
[42.839s][info][gc,cpu         ] GC(179) User=0.00s Sys=0.00s Real=0.02s
[42.956s][info][gc,start       ] GC(180) Pause Young (Allocation Failure)
[42.968s][info][gc,heap        ] GC(180) DefNew: 282348K(314560K)->27448K(314560K) Eden: 279616K(279616K)->0K(279616K) From: 2732K(34944K)->27448K(34944K)
[42.968s][info][gc,heap        ] GC(180) Tenured: 70468K(699072K)->70468K(699072K)
[42.968s][info][gc,metaspace   ] GC(180) Metaspace: 138543K(140352K)->138543K(140352K) NonClass: 121196K(122112K)->121196K(122112K) Class: 17347K(18240K)->17347K(18240K)
[42.968s][info][gc             ] GC(180) Pause Young (Allocation Failure) 344M->95M(989M) 12.791ms
[42.968s][info][gc,cpu         ] GC(180) User=0.00s Sys=0.00s Real=0.01s
[43.091s][info][gc,start       ] GC(181) Pause Full (System.gc())
[43.091s][info][gc,phases,start] GC(181) Phase 1: Mark live objects
[43.168s][info][gc,phases      ] GC(181) Phase 1: Mark live objects 76.961ms
[43.168s][info][gc,phases,start] GC(181) Phase 2: Compute new object addresses
[43.191s][info][gc,phases      ] GC(181) Phase 2: Compute new object addresses 22.807ms
[43.191s][info][gc,phases,start] GC(181) Phase 3: Adjust pointers
[43.227s][info][gc,phases      ] GC(181) Phase 3: Adjust pointers 36.191ms
[43.227s][info][gc,phases,start] GC(181) Phase 4: Move objects
[43.227s][info][gc,phases      ] GC(181) Phase 4: Move objects 0.127ms
[43.228s][info][gc,heap        ] GC(181) DefNew: 143600K(314560K)->0K(314560K) Eden: 116151K(279616K)->0K(279616K) From: 27448K(34944K)->0K(34944K)
[43.228s][info][gc,heap        ] GC(181) Tenured: 70468K(699072K)->71326K(699072K)
[43.228s][info][gc,metaspace   ] GC(181) Metaspace: 138571K(140352K)->138544K(140352K) NonClass: 121224K(122112K)->121201K(122112K) Class: 17347K(18240K)->17342K(18240K)
[43.228s][info][gc             ] GC(181) Pause Full (System.gc()) 209M->69M(989M) 136.865ms
[43.228s][info][gc,cpu         ] GC(181) User=0.12s Sys=0.00s Real=0.13s
[43.456s][info][gc,start       ] GC(182) Pause Young (Allocation Failure)
[43.461s][info][gc,heap        ] GC(182) DefNew: 279616K(314560K)->2147K(314560K) Eden: 279616K(279616K)->0K(279616K) From: 0K(34944K)->2147K(34944K)
[43.461s][info][gc,heap        ] GC(182) Tenured: 71326K(699072K)->71326K(699072K)
[43.461s][info][gc,metaspace   ] GC(182) Metaspace: 138606K(140416K)->138606K(140416K) NonClass: 121259K(122176K)->121259K(122176K) Class: 17347K(18240K)->17347K(18240K)
[43.461s][info][gc             ] GC(182) Pause Young (Allocation Failure) 342M->71M(989M) 5.396ms
[43.461s][info][gc,cpu         ] GC(182) User=0.00s Sys=0.00s Real=0.00s
[43.547s][info][gc,start       ] GC(183) Pause Young (Allocation Failure)
[43.553s][info][gc,heap        ] GC(183) DefNew: 281763K(314560K)->3629K(314560K) Eden: 279616K(279616K)->0K(279616K) From: 2147K(34944K)->3629K(34944K)
[43.553s][info][gc,heap        ] GC(183) Tenured: 71326K(699072K)->71326K(699072K)
[43.553s][info][gc,metaspace   ] GC(183) Metaspace: 138606K(140416K)->138606K(140416K) NonClass: 121259K(122176K)->121259K(122176K) Class: 17347K(18240K)->17347K(18240K)
[43.553s][info][gc             ] GC(183) Pause Young (Allocation Failure) 344M->73M(989M) 6.101ms
[43.553s][info][gc,cpu         ] GC(183) User=0.00s Sys=0.00s Real=0.00s
[43.623s][info][gc,start       ] GC(184) Pause Young (Allocation Failure)
[43.627s][info][gc,heap        ] GC(184) DefNew: 283245K(314560K)->3469K(314560K) Eden: 279616K(279616K)->0K(279616K) From: 3629K(34944K)->3469K(34944K)
[43.627s][info][gc,heap        ] GC(184) Tenured: 71326K(699072K)->71326K(699072K)
[43.627s][info][gc,metaspace   ] GC(184) Metaspace: 138606K(140416K)->138606K(140416K) NonClass: 121259K(122176K)->121259K(122176K) Class: 17347K(18240K)->17347K(18240K)
[43.627s][info][gc             ] GC(184) Pause Young (Allocation Failure) 346M->73M(989M) 4.096ms
[43.627s][info][gc,cpu         ] GC(184) User=0.00s Sys=0.00s Real=0.00s
[43.745s][info][gc,start       ] GC(185) Pause Young (Allocation Failure)
[43.748s][info][gc,heap        ] GC(185) DefNew: 283085K(314560K)->2452K(314560K) Eden: 279616K(279616K)->0K(279616K) From: 3469K(34944K)->2452K(34944K)
[43.748s][info][gc,heap        ] GC(185) Tenured: 71326K(699072K)->71326K(699072K)
[43.748s][info][gc,metaspace   ] GC(185) Metaspace: 138607K(140416K)->138607K(140416K) NonClass: 121260K(122176K)->121260K(122176K) Class: 17347K(18240K)->17347K(18240K)
[43.748s][info][gc             ] GC(185) Pause Young (Allocation Failure) 346M->72M(989M) 3.832ms
[43.748s][info][gc,cpu         ] GC(185) User=0.00s Sys=0.00s Real=0.02s
[43.864s][info][gc,start       ] GC(186) Pause Young (Allocation Failure)
[43.877s][info][gc,heap        ] GC(186) DefNew: 282068K(314560K)->27702K(314560K) Eden: 279616K(279616K)->0K(279616K) From: 2452K(34944K)->27702K(34944K)
[43.877s][info][gc,heap        ] GC(186) Tenured: 71326K(699072K)->71326K(699072K)
[43.877s][info][gc,metaspace   ] GC(186) Metaspace: 138611K(140416K)->138611K(140416K) NonClass: 121264K(122176K)->121264K(122176K) Class: 17347K(18240K)->17347K(18240K)
[43.877s][info][gc             ] GC(186) Pause Young (Allocation Failure) 345M->96M(989M) 12.723ms
[43.877s][info][gc,cpu         ] GC(186) User=0.00s Sys=0.00s Real=0.02s
[44.000s][info][gc,start       ] GC(187) Pause Full (System.gc())
[44.000s][info][gc,phases,start] GC(187) Phase 1: Mark live objects
[44.078s][info][gc,phases      ] GC(187) Phase 1: Mark live objects 77.806ms
[44.078s][info][gc,phases,start] GC(187) Phase 2: Compute new object addresses
[44.101s][info][gc,phases      ] GC(187) Phase 2: Compute new object addresses 22.479ms
[44.101s][info][gc,phases,start] GC(187) Phase 3: Adjust pointers
[44.137s][info][gc,phases      ] GC(187) Phase 3: Adjust pointers 36.447ms
[44.137s][info][gc,phases,start] GC(187) Phase 4: Move objects
[44.137s][info][gc,phases      ] GC(187) Phase 4: Move objects 0.228ms
[44.138s][info][gc,heap        ] GC(187) DefNew: 141172K(314560K)->0K(314560K) Eden: 113470K(279616K)->0K(279616K) From: 27702K(34944K)->0K(34944K)
[44.138s][info][gc,heap        ] GC(187) Tenured: 71326K(699072K)->72307K(699072K)
[44.138s][info][gc,metaspace   ] GC(187) Metaspace: 138626K(140416K)->138599K(140416K) NonClass: 121279K(122176K)->121256K(122176K) Class: 17347K(18240K)->17342K(18240K)
[44.138s][info][gc             ] GC(187) Pause Full (System.gc()) 207M->70M(989M) 137.810ms
[44.138s][info][gc,cpu         ] GC(187) User=0.12s Sys=0.00s Real=0.14s
[44.361s][info][gc,start       ] GC(188) Pause Young (Allocation Failure)
[44.366s][info][gc,heap        ] GC(188) DefNew: 279616K(314560K)->2147K(314560K) Eden: 279616K(279616K)->0K(279616K) From: 0K(34944K)->2147K(34944K)
[44.366s][info][gc,heap        ] GC(188) Tenured: 72307K(699072K)->72307K(699072K)
[44.366s][info][gc,metaspace   ] GC(188) Metaspace: 138651K(140480K)->138651K(140480K) NonClass: 121303K(122240K)->121303K(122240K) Class: 17347K(18240K)->17347K(18240K)
[44.366s][info][gc             ] GC(188) Pause Young (Allocation Failure) 343M->72M(989M) 5.210ms
[44.367s][info][gc,cpu         ] GC(188) User=0.00s Sys=0.00s Real=0.02s
[44.455s][info][gc,start       ] GC(189) Pause Young (Allocation Failure)
[44.462s][info][gc,heap        ] GC(189) DefNew: 281763K(314560K)->3654K(314560K) Eden: 279616K(279616K)->0K(279616K) From: 2147K(34944K)->3654K(34944K)
[44.462s][info][gc,heap        ] GC(189) Tenured: 72307K(699072K)->72307K(699072K)
[44.462s][info][gc,metaspace   ] GC(189) Metaspace: 138659K(140544K)->138659K(140544K) NonClass: 121312K(122304K)->121312K(122304K) Class: 17347K(18240K)->17347K(18240K)
[44.462s][info][gc             ] GC(189) Pause Young (Allocation Failure) 345M->74M(989M) 7.055ms
[44.462s][info][gc,cpu         ] GC(189) User=0.00s Sys=0.00s Real=0.00s
[44.528s][info][gc,start       ] GC(190) Pause Young (Allocation Failure)
[44.532s][info][gc,heap        ] GC(190) DefNew: 283270K(314560K)->3565K(314560K) Eden: 279616K(279616K)->0K(279616K) From: 3654K(34944K)->3565K(34944K)
[44.532s][info][gc,heap        ] GC(190) Tenured: 72307K(699072K)->72307K(699072K)
[44.532s][info][gc,metaspace   ] GC(190) Metaspace: 138659K(140544K)->138659K(140544K) NonClass: 121312K(122304K)->121312K(122304K) Class: 17347K(18240K)->17347K(18240K)
[44.532s][info][gc             ] GC(190) Pause Young (Allocation Failure) 347M->74M(989M) 4.768ms
[44.532s][info][gc,cpu         ] GC(190) User=0.00s Sys=0.00s Real=0.02s
[44.650s][info][gc,start       ] GC(191) Pause Young (Allocation Failure)
[44.653s][info][gc,heap        ] GC(191) DefNew: 283181K(314560K)->1501K(314560K) Eden: 279616K(279616K)->0K(279616K) From: 3565K(34944K)->1501K(34944K)
[44.653s][info][gc,heap        ] GC(191) Tenured: 72307K(699072K)->72307K(699072K)
[44.653s][info][gc,metaspace   ] GC(191) Metaspace: 138660K(140544K)->138660K(140544K) NonClass: 121312K(122304K)->121312K(122304K) Class: 17347K(18240K)->17347K(18240K)
[44.653s][info][gc             ] GC(191) Pause Young (Allocation Failure) 347M->72M(989M) 3.373ms
[44.653s][info][gc,cpu         ] GC(191) User=0.00s Sys=0.00s Real=0.00s
[44.769s][info][gc,start       ] GC(192) Pause Young (Allocation Failure)
[44.782s][info][gc,heap        ] GC(192) DefNew: 281117K(314560K)->27443K(314560K) Eden: 279616K(279616K)->0K(279616K) From: 1501K(34944K)->27443K(34944K)
[44.782s][info][gc,heap        ] GC(192) Tenured: 72307K(699072K)->72307K(699072K)
[44.782s][info][gc,metaspace   ] GC(192) Metaspace: 138661K(140544K)->138661K(140544K) NonClass: 121314K(122304K)->121314K(122304K) Class: 17347K(18240K)->17347K(18240K)
[44.782s][info][gc             ] GC(192) Pause Young (Allocation Failure) 345M->97M(989M) 12.293ms
[44.782s][info][gc,cpu         ] GC(192) User=0.02s Sys=0.00s Real=0.02s
[44.906s][info][gc,start       ] GC(193) Pause Full (System.gc())
[44.906s][info][gc,phases,start] GC(193) Phase 1: Mark live objects
[44.984s][info][gc,phases      ] GC(193) Phase 1: Mark live objects 77.936ms
[44.984s][info][gc,phases,start] GC(193) Phase 2: Compute new object addresses
[45.007s][info][gc,phases      ] GC(193) Phase 2: Compute new object addresses 23.009ms
[45.007s][info][gc,phases,start] GC(193) Phase 3: Adjust pointers
[45.043s][info][gc,phases      ] GC(193) Phase 3: Adjust pointers 36.440ms
[45.043s][info][gc,phases,start] GC(193) Phase 4: Move objects
[45.044s][info][gc,phases      ] GC(193) Phase 4: Move objects 0.164ms
[45.044s][info][gc,heap        ] GC(193) DefNew: 143264K(314560K)->0K(314560K) Eden: 115820K(279616K)->0K(279616K) From: 27443K(34944K)->0K(34944K)
[45.044s][info][gc,heap        ] GC(193) Tenured: 72307K(699072K)->73287K(699072K)
[45.044s][info][gc,metaspace   ] GC(193) Metaspace: 138662K(140544K)->138636K(140544K) NonClass: 121315K(122304K)->121292K(122304K) Class: 17347K(18240K)->17343K(18240K)
[45.044s][info][gc             ] GC(193) Pause Full (System.gc()) 210M->71M(989M) 138.362ms
[45.044s][info][gc,cpu         ] GC(193) User=0.12s Sys=0.00s Real=0.13s
[45.272s][info][gc,start       ] GC(194) Pause Young (Allocation Failure)
[45.278s][info][gc,heap        ] GC(194) DefNew: 279616K(314560K)->2149K(314560K) Eden: 279616K(279616K)->0K(279616K) From: 0K(34944K)->2149K(34944K)
[45.278s][info][gc,heap        ] GC(194) Tenured: 73287K(699072K)->73287K(699072K)
[45.278s][info][gc,metaspace   ] GC(194) Metaspace: 138761K(140608K)->138761K(140608K) NonClass: 121408K(122368K)->121408K(122368K) Class: 17353K(18240K)->17353K(18240K)
[45.278s][info][gc             ] GC(194) Pause Young (Allocation Failure) 344M->73M(989M) 5.436ms
[45.278s][info][gc,cpu         ] GC(194) User=0.00s Sys=0.00s Real=0.02s
[45.364s][info][gc,start       ] GC(195) Pause Young (Allocation Failure)
[45.370s][info][gc,heap        ] GC(195) DefNew: 281765K(314560K)->3631K(314560K) Eden: 279616K(279616K)->0K(279616K) From: 2149K(34944K)->3631K(34944K)
[45.370s][info][gc,heap        ] GC(195) Tenured: 73287K(699072K)->73287K(699072K)
[45.370s][info][gc,metaspace   ] GC(195) Metaspace: 138766K(140608K)->138766K(140608K) NonClass: 121413K(122368K)->121413K(122368K) Class: 17353K(18240K)->17353K(18240K)
[45.370s][info][gc             ] GC(195) Pause Young (Allocation Failure) 346M->75M(989M) 6.103ms
[45.370s][info][gc,cpu         ] GC(195) User=0.00s Sys=0.00s Real=0.00s
[45.438s][info][gc,start       ] GC(196) Pause Young (Allocation Failure)
[45.442s][info][gc,heap        ] GC(196) DefNew: 283247K(314560K)->2647K(314560K) Eden: 279616K(279616K)->0K(279616K) From: 3631K(34944K)->2647K(34944K)
[45.442s][info][gc,heap        ] GC(196) Tenured: 73287K(699072K)->73287K(699072K)
[45.442s][info][gc,metaspace   ] GC(196) Metaspace: 138766K(140608K)->138766K(140608K) NonClass: 121413K(122368K)->121413K(122368K) Class: 17353K(18240K)->17353K(18240K)
[45.442s][info][gc             ] GC(196) Pause Young (Allocation Failure) 348M->74M(989M) 3.819ms
[45.442s][info][gc,cpu         ] GC(196) User=0.00s Sys=0.00s Real=0.00s
[45.560s][info][gc,start       ] GC(197) Pause Young (Allocation Failure)
[45.563s][info][gc,heap        ] GC(197) DefNew: 282263K(314560K)->1501K(314560K) Eden: 279616K(279616K)->0K(279616K) From: 2647K(34944K)->1501K(34944K)
[45.563s][info][gc,heap        ] GC(197) Tenured: 73287K(699072K)->73287K(699072K)
[45.563s][info][gc,metaspace   ] GC(197) Metaspace: 138772K(140608K)->138772K(140608K) NonClass: 121419K(122368K)->121419K(122368K) Class: 17353K(18240K)->17353K(18240K)
[45.563s][info][gc             ] GC(197) Pause Young (Allocation Failure) 347M->73M(989M) 3.055ms
[45.563s][info][gc,cpu         ] GC(197) User=0.00s Sys=0.00s Real=0.02s
[45.681s][info][gc,start       ] GC(198) Pause Young (Allocation Failure)
[45.693s][info][gc,heap        ] GC(198) DefNew: 281117K(314560K)->27784K(314560K) Eden: 279616K(279616K)->0K(279616K) From: 1501K(34944K)->27784K(34944K)
[45.693s][info][gc,heap        ] GC(198) Tenured: 73287K(699072K)->73287K(699072K)
[45.693s][info][gc,metaspace   ] GC(198) Metaspace: 138779K(140608K)->138779K(140608K) NonClass: 121426K(122368K)->121426K(122368K) Class: 17353K(18240K)->17353K(18240K)
[45.693s][info][gc             ] GC(198) Pause Young (Allocation Failure) 346M->98M(989M) 12.544ms
[45.693s][info][gc,cpu         ] GC(198) User=0.00s Sys=0.00s Real=0.01s
[45.818s][info][gc,start       ] GC(199) Pause Full (System.gc())
[45.818s][info][gc,phases,start] GC(199) Phase 1: Mark live objects
[45.896s][info][gc,phases      ] GC(199) Phase 1: Mark live objects 78.021ms
[45.896s][info][gc,phases,start] GC(199) Phase 2: Compute new object addresses
[45.918s][info][gc,phases      ] GC(199) Phase 2: Compute new object addresses 22.407ms
[45.918s][info][gc,phases,start] GC(199) Phase 3: Adjust pointers
[45.956s][info][gc,phases      ] GC(199) Phase 3: Adjust pointers 37.665ms
[45.956s][info][gc,phases,start] GC(199) Phase 4: Move objects
[45.962s][info][gc,phases      ] GC(199) Phase 4: Move objects 5.934ms
[45.963s][info][gc,heap        ] GC(199) DefNew: 140357K(314560K)->0K(314560K) Eden: 112572K(279616K)->0K(279616K) From: 27784K(34944K)->0K(34944K)
[45.963s][info][gc,heap        ] GC(199) Tenured: 73287K(699072K)->71024K(699072K)
[45.963s][info][gc,metaspace   ] GC(199) Metaspace: 138818K(140672K)->138792K(140672K) NonClass: 121464K(122432K)->121441K(122432K) Class: 17354K(18240K)->17350K(18240K)
[45.963s][info][gc             ] GC(199) Pause Full (System.gc()) 208M->69M(989M) 144.959ms
[45.963s][info][gc,cpu         ] GC(199) User=0.14s Sys=0.00s Real=0.14s
[46.185s][info][gc,start       ] GC(200) Pause Young (Allocation Failure)
[46.190s][info][gc,heap        ] GC(200) DefNew: 279616K(314560K)->2149K(314560K) Eden: 279616K(279616K)->0K(279616K) From: 0K(34944K)->2149K(34944K)
[46.190s][info][gc,heap        ] GC(200) Tenured: 71024K(699072K)->71024K(699072K)
[46.190s][info][gc,metaspace   ] GC(200) Metaspace: 138833K(140672K)->138833K(140672K) NonClass: 121478K(122432K)->121478K(122432K) Class: 17355K(18240K)->17355K(18240K)
[46.190s][info][gc             ] GC(200) Pause Young (Allocation Failure) 342M->71M(989M) 5.220ms
[46.190s][info][gc,cpu         ] GC(200) User=0.00s Sys=0.00s Real=0.02s
[46.277s][info][gc,start       ] GC(201) Pause Young (Allocation Failure)
[46.283s][info][gc,heap        ] GC(201) DefNew: 281765K(314560K)->3631K(314560K) Eden: 279616K(279616K)->0K(279616K) From: 2149K(34944K)->3631K(34944K)
[46.283s][info][gc,heap        ] GC(201) Tenured: 71024K(699072K)->71024K(699072K)
[46.283s][info][gc,metaspace   ] GC(201) Metaspace: 138836K(140672K)->138836K(140672K) NonClass: 121481K(122432K)->121481K(122432K) Class: 17355K(18240K)->17355K(18240K)
[46.283s][info][gc             ] GC(201) Pause Young (Allocation Failure) 344M->72M(989M) 6.486ms
[46.283s][info][gc,cpu         ] GC(201) User=0.00s Sys=0.00s Real=0.00s
[46.347s][info][gc,start       ] GC(202) Pause Young (Allocation Failure)
[46.351s][info][gc,heap        ] GC(202) DefNew: 283247K(314560K)->3445K(314560K) Eden: 279616K(279616K)->0K(279616K) From: 3631K(34944K)->3445K(34944K)
[46.351s][info][gc,heap        ] GC(202) Tenured: 71024K(699072K)->71024K(699072K)
[46.351s][info][gc,metaspace   ] GC(202) Metaspace: 138836K(140672K)->138836K(140672K) NonClass: 121481K(122432K)->121481K(122432K) Class: 17355K(18240K)->17355K(18240K)
[46.351s][info][gc             ] GC(202) Pause Young (Allocation Failure) 345M->72M(989M) 4.539ms
[46.351s][info][gc,cpu         ] GC(202) User=0.00s Sys=0.00s Real=0.00s
[46.461s][info][gc,start       ] GC(203) Pause Young (Allocation Failure)
[46.464s][info][gc,heap        ] GC(203) DefNew: 283061K(314560K)->1382K(314560K) Eden: 279616K(279616K)->0K(279616K) From: 3445K(34944K)->1382K(34944K)
[46.464s][info][gc,heap        ] GC(203) Tenured: 71024K(699072K)->71024K(699072K)
[46.464s][info][gc,metaspace   ] GC(203) Metaspace: 138836K(140672K)->138836K(140672K) NonClass: 121481K(122432K)->121481K(122432K) Class: 17355K(18240K)->17355K(18240K)
[46.464s][info][gc             ] GC(203) Pause Young (Allocation Failure) 345M->70M(989M) 3.030ms
[46.464s][info][gc,cpu         ] GC(203) User=0.00s Sys=0.00s Real=0.00s
[46.579s][info][gc,start       ] GC(204) Pause Young (Allocation Failure)
[46.592s][info][gc,heap        ] GC(204) DefNew: 280998K(314560K)->27630K(314560K) Eden: 279616K(279616K)->0K(279616K) From: 1382K(34944K)->27630K(34944K)
[46.592s][info][gc,heap        ] GC(204) Tenured: 71024K(699072K)->71024K(699072K)
[46.592s][info][gc,metaspace   ] GC(204) Metaspace: 138843K(140672K)->138843K(140672K) NonClass: 121488K(122432K)->121488K(122432K) Class: 17355K(18240K)->17355K(18240K)
[46.592s][info][gc             ] GC(204) Pause Young (Allocation Failure) 343M->96M(989M) 13.765ms
[46.592s][info][gc,cpu         ] GC(204) User=0.00s Sys=0.00s Real=0.02s
[46.712s][info][gc,start       ] GC(205) Pause Full (System.gc())
[46.712s][info][gc,phases,start] GC(205) Phase 1: Mark live objects
[46.790s][info][gc,phases      ] GC(205) Phase 1: Mark live objects 78.049ms
[46.790s][info][gc,phases,start] GC(205) Phase 2: Compute new object addresses
[46.813s][info][gc,phases      ] GC(205) Phase 2: Compute new object addresses 22.581ms
[46.813s][info][gc,phases,start] GC(205) Phase 3: Adjust pointers
[46.850s][info][gc,phases      ] GC(205) Phase 3: Adjust pointers 37.055ms
[46.850s][info][gc,phases,start] GC(205) Phase 4: Move objects
[46.850s][info][gc,phases      ] GC(205) Phase 4: Move objects 0.126ms
[46.851s][info][gc,heap        ] GC(205) DefNew: 140530K(314560K)->0K(314560K) Eden: 112899K(279616K)->0K(279616K) From: 27630K(34944K)->0K(34944K)
[46.851s][info][gc,heap        ] GC(205) Tenured: 71024K(699072K)->71869K(699072K)
[46.851s][info][gc,metaspace   ] GC(205) Metaspace: 138849K(140672K)->138823K(140672K) NonClass: 121494K(122432K)->121472K(122432K) Class: 17355K(18240K)->17350K(18240K)
[46.851s][info][gc             ] GC(205) Pause Full (System.gc()) 206M->70M(989M) 138.572ms
[46.851s][info][gc,cpu         ] GC(205) User=0.11s Sys=0.00s Real=0.12s
[47.069s][info][gc,start       ] GC(206) Pause Young (Allocation Failure)
[47.074s][info][gc,heap        ] GC(206) DefNew: 279616K(314560K)->2144K(314560K) Eden: 279616K(279616K)->0K(279616K) From: 0K(34944K)->2144K(34944K)
[47.074s][info][gc,heap        ] GC(206) Tenured: 71869K(699072K)->71869K(699072K)
[47.074s][info][gc,metaspace   ] GC(206) Metaspace: 138868K(140736K)->138868K(140736K) NonClass: 121513K(122496K)->121513K(122496K) Class: 17355K(18240K)->17355K(18240K)
[47.074s][info][gc             ] GC(206) Pause Young (Allocation Failure) 343M->72M(989M) 5.463ms
[47.074s][info][gc,cpu         ] GC(206) User=0.02s Sys=0.00s Real=0.02s
[47.162s][info][gc,start       ] GC(207) Pause Young (Allocation Failure)
[47.169s][info][gc,heap        ] GC(207) DefNew: 281760K(314560K)->3636K(314560K) Eden: 279616K(279616K)->0K(279616K) From: 2144K(34944K)->3636K(34944K)
[47.169s][info][gc,heap        ] GC(207) Tenured: 71869K(699072K)->71869K(699072K)
[47.169s][info][gc,metaspace   ] GC(207) Metaspace: 138868K(140736K)->138868K(140736K) NonClass: 121513K(122496K)->121513K(122496K) Class: 17355K(18240K)->17355K(18240K)
[47.169s][info][gc             ] GC(207) Pause Young (Allocation Failure) 345M->73M(989M) 6.985ms
[47.170s][info][gc,cpu         ] GC(207) User=0.00s Sys=0.00s Real=0.00s
[47.235s][info][gc,start       ] GC(208) Pause Young (Allocation Failure)
[47.239s][info][gc,heap        ] GC(208) DefNew: 283252K(314560K)->2696K(314560K) Eden: 279616K(279616K)->0K(279616K) From: 3636K(34944K)->2696K(34944K)
[47.239s][info][gc,heap        ] GC(208) Tenured: 71869K(699072K)->71869K(699072K)
[47.239s][info][gc,metaspace   ] GC(208) Metaspace: 138868K(140736K)->138868K(140736K) NonClass: 121513K(122496K)->121513K(122496K) Class: 17355K(18240K)->17355K(18240K)
[47.239s][info][gc             ] GC(208) Pause Young (Allocation Failure) 346M->72M(989M) 3.973ms
[47.239s][info][gc,cpu         ] GC(208) User=0.02s Sys=0.00s Real=0.02s
[47.350s][info][gc,start       ] GC(209) Pause Young (Allocation Failure)
[47.354s][info][gc,heap        ] GC(209) DefNew: 282312K(314560K)->3731K(314560K) Eden: 279616K(279616K)->0K(279616K) From: 2696K(34944K)->3731K(34944K)
[47.354s][info][gc,heap        ] GC(209) Tenured: 71869K(699072K)->71869K(699072K)
[47.354s][info][gc,metaspace   ] GC(209) Metaspace: 138868K(140736K)->138868K(140736K) NonClass: 121513K(122496K)->121513K(122496K) Class: 17355K(18240K)->17355K(18240K)
[47.354s][info][gc             ] GC(209) Pause Young (Allocation Failure) 345M->73M(989M) 3.726ms
[47.354s][info][gc,cpu         ] GC(209) User=0.00s Sys=0.00s Real=0.00s
[47.469s][info][gc,start       ] GC(210) Pause Young (Allocation Failure)
[47.482s][info][gc,heap        ] GC(210) DefNew: 283347K(314560K)->27313K(314560K) Eden: 279616K(279616K)->0K(279616K) From: 3731K(34944K)->27313K(34944K)
[47.482s][info][gc,heap        ] GC(210) Tenured: 71869K(699072K)->71869K(699072K)
[47.482s][info][gc,metaspace   ] GC(210) Metaspace: 138869K(140736K)->138869K(140736K) NonClass: 121513K(122496K)->121513K(122496K) Class: 17356K(18240K)->17356K(18240K)
[47.482s][info][gc             ] GC(210) Pause Young (Allocation Failure) 346M->96M(989M) 12.629ms
[47.482s][info][gc,cpu         ] GC(210) User=0.00s Sys=0.00s Real=0.02s
[47.605s][info][gc,start       ] GC(211) Pause Full (System.gc())
[47.605s][info][gc,phases,start] GC(211) Phase 1: Mark live objects
[47.684s][info][gc,phases      ] GC(211) Phase 1: Mark live objects 78.249ms
[47.684s][info][gc,phases,start] GC(211) Phase 2: Compute new object addresses
[47.707s][info][gc,phases      ] GC(211) Phase 2: Compute new object addresses 23.087ms
[47.707s][info][gc,phases,start] GC(211) Phase 3: Adjust pointers
[47.744s][info][gc,phases      ] GC(211) Phase 3: Adjust pointers 36.773ms
[47.744s][info][gc,phases,start] GC(211) Phase 4: Move objects
[47.744s][info][gc,phases      ] GC(211) Phase 4: Move objects 0.160ms
[47.744s][info][gc,heap        ] GC(211) DefNew: 143614K(314560K)->0K(314560K) Eden: 116300K(279616K)->0K(279616K) From: 27313K(34944K)->0K(34944K)
[47.744s][info][gc,heap        ] GC(211) Tenured: 71869K(699072K)->72845K(699072K)
[47.744s][info][gc,metaspace   ] GC(211) Metaspace: 138871K(140736K)->138844K(140736K) NonClass: 121515K(122496K)->121492K(122496K) Class: 17356K(18240K)->17351K(18240K)
[47.744s][info][gc             ] GC(211) Pause Full (System.gc()) 210M->71M(989M) 139.036ms
[47.744s][info][gc,cpu         ] GC(211) User=0.11s Sys=0.00s Real=0.13s
[47.966s][info][gc,start       ] GC(212) Pause Young (Allocation Failure)
[47.972s][info][gc,heap        ] GC(212) DefNew: 279616K(314560K)->2141K(314560K) Eden: 279616K(279616K)->0K(279616K) From: 0K(34944K)->2141K(34944K)
[47.972s][info][gc,heap        ] GC(212) Tenured: 72845K(699072K)->72845K(699072K)
[47.972s][info][gc,metaspace   ] GC(212) Metaspace: 139071K(140928K)->139071K(140928K) NonClass: 121715K(122688K)->121715K(122688K) Class: 17356K(18240K)->17356K(18240K)
[47.972s][info][gc             ] GC(212) Pause Young (Allocation Failure) 344M->73M(989M) 5.866ms
[47.972s][info][gc,cpu         ] GC(212) User=0.00s Sys=0.00s Real=0.02s
[48.056s][info][gc,start       ] GC(213) Pause Young (Allocation Failure)
[48.062s][info][gc,heap        ] GC(213) DefNew: 281757K(314560K)->3439K(314560K) Eden: 279616K(279616K)->0K(279616K) From: 2141K(34944K)->3439K(34944K)
[48.062s][info][gc,heap        ] GC(213) Tenured: 72845K(699072K)->72845K(699072K)
[48.062s][info][gc,metaspace   ] GC(213) Metaspace: 139073K(140928K)->139073K(140928K) NonClass: 121716K(122688K)->121716K(122688K) Class: 17356K(18240K)->17356K(18240K)
[48.062s][info][gc             ] GC(213) Pause Young (Allocation Failure) 346M->74M(989M) 6.260ms
[48.062s][info][gc,cpu         ] GC(213) User=0.00s Sys=0.00s Real=0.00s
[48.126s][info][gc,start       ] GC(214) Pause Young (Allocation Failure)
[48.130s][info][gc,heap        ] GC(214) DefNew: 283055K(314560K)->3064K(314560K) Eden: 279616K(279616K)->0K(279616K) From: 3439K(34944K)->3064K(34944K)
[48.130s][info][gc,heap        ] GC(214) Tenured: 72845K(699072K)->72845K(699072K)
[48.130s][info][gc,metaspace   ] GC(214) Metaspace: 139073K(140928K)->139073K(140928K) NonClass: 121716K(122688K)->121716K(122688K) Class: 17356K(18240K)->17356K(18240K)
[48.130s][info][gc             ] GC(214) Pause Young (Allocation Failure) 347M->74M(989M) 4.033ms
[48.130s][info][gc,cpu         ] GC(214) User=0.00s Sys=0.00s Real=0.00s
[48.250s][info][gc,start       ] GC(215) Pause Young (Allocation Failure)
[48.254s][info][gc,heap        ] GC(215) DefNew: 281867K(314560K)->3598K(314560K) Eden: 278802K(279616K)->0K(279616K) From: 3064K(34944K)->3598K(34944K)
[48.254s][info][gc,heap        ] GC(215) Tenured: 72845K(699072K)->72845K(699072K)
[48.254s][info][gc,metaspace   ] GC(215) Metaspace: 139077K(140928K)->139077K(140928K) NonClass: 121721K(122688K)->121721K(122688K) Class: 17356K(18240K)->17356K(18240K)
[48.254s][info][gc             ] GC(215) Pause Young (Allocation Failure) 346M->74M(989M) 4.043ms
[48.254s][info][gc,cpu         ] GC(215) User=0.00s Sys=0.00s Real=0.00s
[48.372s][info][gc,start       ] GC(216) Pause Young (Allocation Failure)
[48.384s][info][gc,heap        ] GC(216) DefNew: 283214K(314560K)->27529K(314560K) Eden: 279616K(279616K)->0K(279616K) From: 3598K(34944K)->27529K(34944K)
[48.384s][info][gc,heap        ] GC(216) Tenured: 72845K(699072K)->72845K(699072K)
[48.384s][info][gc,metaspace   ] GC(216) Metaspace: 139080K(140928K)->139080K(140928K) NonClass: 121723K(122688K)->121723K(122688K) Class: 17356K(18240K)->17356K(18240K)
[48.384s][info][gc             ] GC(216) Pause Young (Allocation Failure) 347M->98M(989M) 12.144ms
[48.384s][info][gc,cpu         ] GC(216) User=0.00s Sys=0.00s Real=0.01s
[48.507s][info][gc,start       ] GC(217) Pause Full (System.gc())
[48.507s][info][gc,phases,start] GC(217) Phase 1: Mark live objects
[48.587s][info][gc,phases      ] GC(217) Phase 1: Mark live objects 80.284ms
[48.587s][info][gc,phases,start] GC(217) Phase 2: Compute new object addresses
[48.611s][info][gc,phases      ] GC(217) Phase 2: Compute new object addresses 23.288ms
[48.611s][info][gc,phases,start] GC(217) Phase 3: Adjust pointers
[48.648s][info][gc,phases      ] GC(217) Phase 3: Adjust pointers 36.913ms
[48.648s][info][gc,phases,start] GC(217) Phase 4: Move objects
[48.648s][info][gc,phases      ] GC(217) Phase 4: Move objects 0.125ms
[48.648s][info][gc,heap        ] GC(217) DefNew: 142201K(314560K)->0K(314560K) Eden: 114671K(279616K)->0K(279616K) From: 27529K(34944K)->0K(34944K)
[48.648s][info][gc,heap        ] GC(217) Tenured: 72845K(699072K)->73698K(699072K)
[48.648s][info][gc,metaspace   ] GC(217) Metaspace: 139106K(140928K)->139079K(140928K) NonClass: 121749K(122688K)->121727K(122688K) Class: 17356K(18240K)->17352K(18240K)
[48.648s][info][gc             ] GC(217) Pause Full (System.gc()) 210M->71M(989M) 141.391ms
[48.648s][info][gc,cpu         ] GC(217) User=0.12s Sys=0.00s Real=0.14s
[48.871s][info][gc,start       ] GC(218) Pause Young (Allocation Failure)
[48.876s][info][gc,heap        ] GC(218) DefNew: 279616K(314560K)->1967K(314560K) Eden: 279616K(279616K)->0K(279616K) From: 0K(34944K)->1967K(34944K)
[48.876s][info][gc,heap        ] GC(218) Tenured: 73698K(699072K)->73698K(699072K)
[48.876s][info][gc,metaspace   ] GC(218) Metaspace: 139117K(140928K)->139117K(140928K) NonClass: 121760K(122688K)->121760K(122688K) Class: 17356K(18240K)->17356K(18240K)
[48.877s][info][gc             ] GC(218) Pause Young (Allocation Failure) 345M->73M(989M) 5.317ms
[48.877s][info][gc,cpu         ] GC(218) User=0.00s Sys=0.00s Real=0.00s
[48.965s][info][gc,start       ] GC(219) Pause Young (Allocation Failure)
[48.971s][info][gc,heap        ] GC(219) DefNew: 281583K(314560K)->3477K(314560K) Eden: 279616K(279616K)->0K(279616K) From: 1967K(34944K)->3477K(34944K)
[48.971s][info][gc,heap        ] GC(219) Tenured: 73698K(699072K)->73698K(699072K)
[48.971s][info][gc,metaspace   ] GC(219) Metaspace: 139117K(140928K)->139117K(140928K) NonClass: 121760K(122688K)->121760K(122688K) Class: 17356K(18240K)->17356K(18240K)
[48.971s][info][gc             ] GC(219) Pause Young (Allocation Failure) 346M->75M(989M) 6.043ms
[48.971s][info][gc,cpu         ] GC(219) User=0.00s Sys=0.00s Real=0.00s
[49.036s][info][gc,start       ] GC(220) Pause Young (Allocation Failure)
[49.040s][info][gc,heap        ] GC(220) DefNew: 283093K(314560K)->3089K(314560K) Eden: 279616K(279616K)->0K(279616K) From: 3477K(34944K)->3089K(34944K)
[49.040s][info][gc,heap        ] GC(220) Tenured: 73698K(699072K)->73698K(699072K)
[49.040s][info][gc,metaspace   ] GC(220) Metaspace: 139117K(140928K)->139117K(140928K) NonClass: 121760K(122688K)->121760K(122688K) Class: 17356K(18240K)->17356K(18240K)
[49.040s][info][gc             ] GC(220) Pause Young (Allocation Failure) 348M->74M(989M) 4.367ms
[49.040s][info][gc,cpu         ] GC(220) User=0.00s Sys=0.00s Real=0.02s
[49.150s][info][gc,start       ] GC(221) Pause Young (Allocation Failure)
[49.154s][info][gc,heap        ] GC(221) DefNew: 282705K(314560K)->2558K(314560K) Eden: 279616K(279616K)->0K(279616K) From: 3089K(34944K)->2558K(34944K)
[49.154s][info][gc,heap        ] GC(221) Tenured: 73698K(699072K)->73698K(699072K)
[49.154s][info][gc,metaspace   ] GC(221) Metaspace: 139117K(140928K)->139117K(140928K) NonClass: 121761K(122688K)->121761K(122688K) Class: 17356K(18240K)->17356K(18240K)
[49.154s][info][gc             ] GC(221) Pause Young (Allocation Failure) 348M->74M(989M) 3.362ms
[49.154s][info][gc,cpu         ] GC(221) User=0.00s Sys=0.00s Real=0.00s
[49.272s][info][gc,start       ] GC(222) Pause Young (Allocation Failure)
[49.284s][info][gc,heap        ] GC(222) DefNew: 282174K(314560K)->27393K(314560K) Eden: 279616K(279616K)->0K(279616K) From: 2558K(34944K)->27393K(34944K)
[49.284s][info][gc,heap        ] GC(222) Tenured: 73698K(699072K)->73698K(699072K)
[49.284s][info][gc,metaspace   ] GC(222) Metaspace: 139119K(140928K)->139119K(140928K) NonClass: 121762K(122688K)->121762K(122688K) Class: 17356K(18240K)->17356K(18240K)
[49.284s][info][gc             ] GC(222) Pause Young (Allocation Failure) 347M->98M(989M) 12.601ms
[49.284s][info][gc,cpu         ] GC(222) User=0.00s Sys=0.00s Real=0.02s
[49.407s][info][gc,start       ] GC(223) Pause Full (System.gc())
[49.407s][info][gc,phases,start] GC(223) Phase 1: Mark live objects
[49.487s][info][gc,phases      ] GC(223) Phase 1: Mark live objects 79.248ms
[49.487s][info][gc,phases,start] GC(223) Phase 2: Compute new object addresses
[49.510s][info][gc,phases      ] GC(223) Phase 2: Compute new object addresses 23.157ms
[49.510s][info][gc,phases,start] GC(223) Phase 3: Adjust pointers
[49.549s][info][gc,phases      ] GC(223) Phase 3: Adjust pointers 39.042ms
[49.549s][info][gc,phases,start] GC(223) Phase 4: Move objects
[49.557s][info][gc,phases      ] GC(223) Phase 4: Move objects 8.039ms
[49.558s][info][gc,heap        ] GC(223) DefNew: 143711K(314560K)->0K(314560K) Eden: 116318K(279616K)->0K(279616K) From: 27393K(34944K)->0K(34944K)
[49.558s][info][gc,heap        ] GC(223) Tenured: 73698K(699072K)->71363K(699072K)
[49.558s][info][gc,metaspace   ] GC(223) Metaspace: 139129K(140992K)->139102K(140992K) NonClass: 121772K(122752K)->121750K(122752K) Class: 17356K(18240K)->17352K(18240K)
[49.558s][info][gc             ] GC(223) Pause Full (System.gc()) 212M->69M(989M) 150.413ms
[49.558s][info][gc,cpu         ] GC(223) User=0.12s Sys=0.02s Real=0.14s
[49.783s][info][gc,start       ] GC(224) Pause Young (Allocation Failure)
[49.788s][info][gc,heap        ] GC(224) DefNew: 279616K(314560K)->1932K(314560K) Eden: 279616K(279616K)->0K(279616K) From: 0K(34944K)->1932K(34944K)
[49.788s][info][gc,heap        ] GC(224) Tenured: 71363K(699072K)->71363K(699072K)
[49.788s][info][gc,metaspace   ] GC(224) Metaspace: 139234K(141056K)->139234K(141056K) NonClass: 121877K(122816K)->121877K(122816K) Class: 17356K(18240K)->17356K(18240K)
[49.788s][info][gc             ] GC(224) Pause Young (Allocation Failure) 342M->71M(989M) 5.297ms
[49.788s][info][gc,cpu         ] GC(224) User=0.00s Sys=0.00s Real=0.01s
[49.874s][info][gc,start       ] GC(225) Pause Young (Allocation Failure)
[49.879s][info][gc,heap        ] GC(225) DefNew: 281548K(314560K)->3432K(314560K) Eden: 279616K(279616K)->0K(279616K) From: 1932K(34944K)->3432K(34944K)
[49.879s][info][gc,heap        ] GC(225) Tenured: 71363K(699072K)->71363K(699072K)
[49.879s][info][gc,metaspace   ] GC(225) Metaspace: 139259K(141120K)->139259K(141120K) NonClass: 121903K(122880K)->121903K(122880K) Class: 17356K(18240K)->17356K(18240K)
[49.879s][info][gc             ] GC(225) Pause Young (Allocation Failure) 344M->73M(989M) 5.727ms
[49.879s][info][gc,cpu         ] GC(225) User=0.00s Sys=0.00s Real=0.00s
[49.943s][info][gc,start       ] GC(226) Pause Young (Allocation Failure)
[49.947s][info][gc,heap        ] GC(226) DefNew: 283048K(314560K)->3059K(314560K) Eden: 279616K(279616K)->0K(279616K) From: 3432K(34944K)->3059K(34944K)
[49.947s][info][gc,heap        ] GC(226) Tenured: 71363K(699072K)->71363K(699072K)
[49.947s][info][gc,metaspace   ] GC(226) Metaspace: 139259K(141120K)->139259K(141120K) NonClass: 121903K(122880K)->121903K(122880K) Class: 17356K(18240K)->17356K(18240K)
[49.947s][info][gc             ] GC(226) Pause Young (Allocation Failure) 346M->72M(989M) 4.222ms
[49.948s][info][gc,cpu         ] GC(226) User=0.00s Sys=0.00s Real=0.00s
[50.061s][info][gc,start       ] GC(227) Pause Young (Allocation Failure)
[50.064s][info][gc,heap        ] GC(227) DefNew: 282675K(314560K)->1544K(314560K) Eden: 279616K(279616K)->0K(279616K) From: 3059K(34944K)->1544K(34944K)
[50.064s][info][gc,heap        ] GC(227) Tenured: 71363K(699072K)->71363K(699072K)
[50.064s][info][gc,metaspace   ] GC(227) Metaspace: 139259K(141120K)->139259K(141120K) NonClass: 121903K(122880K)->121903K(122880K) Class: 17356K(18240K)->17356K(18240K)
[50.064s][info][gc             ] GC(227) Pause Young (Allocation Failure) 345M->71M(989M) 3.157ms
[50.064s][info][gc,cpu         ] GC(227) User=0.00s Sys=0.00s Real=0.00s
[50.180s][info][gc,start       ] GC(228) Pause Young (Allocation Failure)
[50.193s][info][gc,heap        ] GC(228) DefNew: 281160K(314560K)->27531K(314560K) Eden: 279616K(279616K)->0K(279616K) From: 1544K(34944K)->27531K(34944K)
[50.193s][info][gc,heap        ] GC(228) Tenured: 71363K(699072K)->71363K(699072K)
[50.193s][info][gc,metaspace   ] GC(228) Metaspace: 139259K(141120K)->139259K(141120K) NonClass: 121903K(122880K)->121903K(122880K) Class: 17356K(18240K)->17356K(18240K)
[50.193s][info][gc             ] GC(228) Pause Young (Allocation Failure) 344M->96M(989M) 12.656ms
[50.193s][info][gc,cpu         ] GC(228) User=0.00s Sys=0.00s Real=0.01s
[50.312s][info][gc,start       ] GC(229) Pause Full (System.gc())
[50.312s][info][gc,phases,start] GC(229) Phase 1: Mark live objects
[50.391s][info][gc,phases      ] GC(229) Phase 1: Mark live objects 79.284ms
[50.391s][info][gc,phases,start] GC(229) Phase 2: Compute new object addresses
[50.414s][info][gc,phases      ] GC(229) Phase 2: Compute new object addresses 22.849ms
[50.414s][info][gc,phases,start] GC(229) Phase 3: Adjust pointers
[50.451s][info][gc,phases      ] GC(229) Phase 3: Adjust pointers 37.244ms
[50.452s][info][gc,phases,start] GC(229) Phase 4: Move objects
[50.452s][info][gc,phases      ] GC(229) Phase 4: Move objects 0.122ms
[50.452s][info][gc,heap        ] GC(229) DefNew: 141740K(314560K)->0K(314560K) Eden: 114209K(279616K)->0K(279616K) From: 27531K(34944K)->0K(34944K)
[50.452s][info][gc,heap        ] GC(229) Tenured: 71363K(699072K)->72204K(699072K)
[50.452s][info][gc,metaspace   ] GC(229) Metaspace: 139261K(141120K)->139235K(141120K) NonClass: 121905K(122880K)->121883K(122880K) Class: 17356K(18240K)->17352K(18240K)
[50.452s][info][gc             ] GC(229) Pause Full (System.gc()) 208M->70M(989M) 140.242ms
[50.452s][info][gc,cpu         ] GC(229) User=0.12s Sys=0.00s Real=0.13s
[50.673s][info][gc,start       ] GC(230) Pause Young (Allocation Failure)
[50.679s][info][gc,heap        ] GC(230) DefNew: 279616K(314560K)->2135K(314560K) Eden: 279616K(279616K)->0K(279616K) From: 0K(34944K)->2135K(34944K)
[50.679s][info][gc,heap        ] GC(230) Tenured: 72204K(699072K)->72204K(699072K)
[50.679s][info][gc,metaspace   ] GC(230) Metaspace: 139272K(141120K)->139272K(141120K) NonClass: 121916K(122880K)->121916K(122880K) Class: 17356K(18240K)->17356K(18240K)
[50.679s][info][gc             ] GC(230) Pause Young (Allocation Failure) 343M->72M(989M) 5.852ms
[50.679s][info][gc,cpu         ] GC(230) User=0.00s Sys=0.00s Real=0.01s
[50.767s][info][gc,start       ] GC(231) Pause Young (Allocation Failure)
[50.773s][info][gc,heap        ] GC(231) DefNew: 281751K(314560K)->3430K(314560K) Eden: 279616K(279616K)->0K(279616K) From: 2135K(34944K)->3430K(34944K)
[50.773s][info][gc,heap        ] GC(231) Tenured: 72204K(699072K)->72204K(699072K)
[50.773s][info][gc,metaspace   ] GC(231) Metaspace: 139273K(141120K)->139273K(141120K) NonClass: 121916K(122880K)->121916K(122880K) Class: 17356K(18240K)->17356K(18240K)
[50.773s][info][gc             ] GC(231) Pause Young (Allocation Failure) 345M->73M(989M) 5.730ms
[50.773s][info][gc,cpu         ] GC(231) User=0.00s Sys=0.00s Real=0.00s
[50.840s][info][gc,start       ] GC(232) Pause Young (Allocation Failure)
[50.843s][info][gc,heap        ] GC(232) DefNew: 283046K(314560K)->3133K(314560K) Eden: 279616K(279616K)->0K(279616K) From: 3430K(34944K)->3133K(34944K)
[50.843s][info][gc,heap        ] GC(232) Tenured: 72204K(699072K)->72204K(699072K)
[50.843s][info][gc,metaspace   ] GC(232) Metaspace: 139273K(141120K)->139273K(141120K) NonClass: 121916K(122880K)->121916K(122880K) Class: 17356K(18240K)->17356K(18240K)
[50.843s][info][gc             ] GC(232) Pause Young (Allocation Failure) 346M->73M(989M) 3.742ms
[50.843s][info][gc,cpu         ] GC(232) User=0.00s Sys=0.00s Real=0.02s
[50.962s][info][gc,start       ] GC(233) Pause Young (Allocation Failure)
[50.965s][info][gc,heap        ] GC(233) DefNew: 282749K(314560K)->1469K(314560K) Eden: 279616K(279616K)->0K(279616K) From: 3133K(34944K)->1469K(34944K)
[50.965s][info][gc,heap        ] GC(233) Tenured: 72204K(699072K)->72204K(699072K)
[50.965s][info][gc,metaspace   ] GC(233) Metaspace: 139273K(141120K)->139273K(141120K) NonClass: 121916K(122880K)->121916K(122880K) Class: 17356K(18240K)->17356K(18240K)
[50.965s][info][gc             ] GC(233) Pause Young (Allocation Failure) 346M->71M(989M) 3.450ms
[50.966s][info][gc,cpu         ] GC(233) User=0.00s Sys=0.00s Real=0.02s
[51.083s][info][gc,start       ] GC(234) Pause Young (Allocation Failure)
[51.096s][info][gc,heap        ] GC(234) DefNew: 281085K(314560K)->27666K(314560K) Eden: 279616K(279616K)->0K(279616K) From: 1469K(34944K)->27666K(34944K)
[51.096s][info][gc,heap        ] GC(234) Tenured: 72204K(699072K)->72204K(699072K)
[51.096s][info][gc,metaspace   ] GC(234) Metaspace: 139273K(141120K)->139273K(141120K) NonClass: 121917K(122880K)->121917K(122880K) Class: 17356K(18240K)->17356K(18240K)
[51.096s][info][gc             ] GC(234) Pause Young (Allocation Failure) 345M->97M(989M) 12.759ms
[51.096s][info][gc,cpu         ] GC(234) User=0.02s Sys=0.00s Real=0.01s
[51.222s][info][gc,start       ] GC(235) Pause Full (System.gc())
[51.222s][info][gc,phases,start] GC(235) Phase 1: Mark live objects
[51.301s][info][gc,phases      ] GC(235) Phase 1: Mark live objects 78.977ms
[51.301s][info][gc,phases,start] GC(235) Phase 2: Compute new object addresses
[51.324s][info][gc,phases      ] GC(235) Phase 2: Compute new object addresses 22.661ms
[51.324s][info][gc,phases,start] GC(235) Phase 3: Adjust pointers
[51.361s][info][gc,phases      ] GC(235) Phase 3: Adjust pointers 37.386ms
[51.361s][info][gc,phases,start] GC(235) Phase 4: Move objects
[51.362s][info][gc,phases      ] GC(235) Phase 4: Move objects 0.160ms
[51.362s][info][gc,heap        ] GC(235) DefNew: 142129K(314560K)->0K(314560K) Eden: 114463K(279616K)->0K(279616K) From: 27666K(34944K)->0K(34944K)
[51.362s][info][gc,heap        ] GC(235) Tenured: 72204K(699072K)->73177K(699072K)
[51.362s][info][gc,metaspace   ] GC(235) Metaspace: 139274K(141120K)->139247K(141120K) NonClass: 121917K(122880K)->121895K(122880K) Class: 17356K(18240K)->17352K(18240K)
[51.362s][info][gc             ] GC(235) Pause Full (System.gc()) 209M->71M(989M) 139.949ms
[51.362s][info][gc,cpu         ] GC(235) User=0.12s Sys=0.00s Real=0.14s
[51.578s][info][gc,start       ] GC(236) Pause Young (Allocation Failure)
[51.584s][info][gc,heap        ] GC(236) DefNew: 279616K(314560K)->2140K(314560K) Eden: 279616K(279616K)->0K(279616K) From: 0K(34944K)->2140K(34944K)
[51.584s][info][gc,heap        ] GC(236) Tenured: 73177K(699072K)->73177K(699072K)
[51.584s][info][gc,metaspace   ] GC(236) Metaspace: 139304K(141120K)->139304K(141120K) NonClass: 121947K(122880K)->121947K(122880K) Class: 17356K(18240K)->17356K(18240K)
[51.584s][info][gc             ] GC(236) Pause Young (Allocation Failure) 344M->73M(989M) 5.587ms
[51.584s][info][gc,cpu         ] GC(236) User=0.00s Sys=0.00s Real=0.02s
[51.670s][info][gc,start       ] GC(237) Pause Young (Allocation Failure)
[51.676s][info][gc,heap        ] GC(237) DefNew: 281756K(314560K)->3440K(314560K) Eden: 279616K(279616K)->0K(279616K) From: 2140K(34944K)->3440K(34944K)
[51.676s][info][gc,heap        ] GC(237) Tenured: 73177K(699072K)->73177K(699072K)
[51.676s][info][gc,metaspace   ] GC(237) Metaspace: 139304K(141120K)->139304K(141120K) NonClass: 121947K(122880K)->121947K(122880K) Class: 17356K(18240K)->17356K(18240K)
[51.676s][info][gc             ] GC(237) Pause Young (Allocation Failure) 346M->74M(989M) 5.522ms
[51.676s][info][gc,cpu         ] GC(237) User=0.00s Sys=0.00s Real=0.00s
[51.740s][info][gc,start       ] GC(238) Pause Young (Allocation Failure)
[51.744s][info][gc,heap        ] GC(238) DefNew: 283056K(314560K)->2525K(314560K) Eden: 279616K(279616K)->0K(279616K) From: 3440K(34944K)->2525K(34944K)
[51.744s][info][gc,heap        ] GC(238) Tenured: 73177K(699072K)->73177K(699072K)
[51.744s][info][gc,metaspace   ] GC(238) Metaspace: 139304K(141120K)->139304K(141120K) NonClass: 121947K(122880K)->121947K(122880K) Class: 17356K(18240K)->17356K(18240K)
[51.744s][info][gc             ] GC(238) Pause Young (Allocation Failure) 347M->73M(989M) 3.992ms
[51.744s][info][gc,cpu         ] GC(238) User=0.00s Sys=0.00s Real=0.00s
[51.861s][info][gc,start       ] GC(239) Pause Young (Allocation Failure)
[51.865s][info][gc,heap        ] GC(239) DefNew: 282141K(314560K)->1555K(314560K) Eden: 279616K(279616K)->0K(279616K) From: 2525K(34944K)->1555K(34944K)
[51.865s][info][gc,heap        ] GC(239) Tenured: 73177K(699072K)->73177K(699072K)
[51.865s][info][gc,metaspace   ] GC(239) Metaspace: 139305K(141120K)->139305K(141120K) NonClass: 121948K(122880K)->121948K(122880K) Class: 17356K(18240K)->17356K(18240K)
[51.865s][info][gc             ] GC(239) Pause Young (Allocation Failure) 346M->72M(989M) 3.317ms
[51.865s][info][gc,cpu         ] GC(239) User=0.00s Sys=0.00s Real=0.00s
[51.981s][info][gc,start       ] GC(240) Pause Young (Allocation Failure)
[51.994s][info][gc,heap        ] GC(240) DefNew: 281171K(314560K)->27492K(314560K) Eden: 279616K(279616K)->0K(279616K) From: 1555K(34944K)->27492K(34944K)
[51.994s][info][gc,heap        ] GC(240) Tenured: 73177K(699072K)->73177K(699072K)
[51.994s][info][gc,metaspace   ] GC(240) Metaspace: 139307K(141120K)->139307K(141120K) NonClass: 121950K(122880K)->121950K(122880K) Class: 17356K(18240K)->17356K(18240K)
[51.994s][info][gc             ] GC(240) Pause Young (Allocation Failure) 346M->98M(989M) 12.427ms
[51.994s][info][gc,cpu         ] GC(240) User=0.02s Sys=0.00s Real=0.02s
[52.115s][info][gc,start       ] GC(241) Pause Full (System.gc())
[52.115s][info][gc,phases,start] GC(241) Phase 1: Mark live objects
[52.195s][info][gc,phases      ] GC(241) Phase 1: Mark live objects 79.601ms
[52.195s][info][gc,phases,start] GC(241) Phase 2: Compute new object addresses
[52.218s][info][gc,phases      ] GC(241) Phase 2: Compute new object addresses 23.123ms
[52.218s][info][gc,phases,start] GC(241) Phase 3: Adjust pointers
[52.256s][info][gc,phases      ] GC(241) Phase 3: Adjust pointers 37.693ms
[52.256s][info][gc,phases,start] GC(241) Phase 4: Move objects
[52.256s][info][gc,phases      ] GC(241) Phase 4: Move objects 0.163ms
[52.256s][info][gc,heap        ] GC(241) DefNew: 143219K(314560K)->0K(314560K) Eden: 115727K(279616K)->0K(279616K) From: 27492K(34944K)->0K(34944K)
[52.256s][info][gc,heap        ] GC(241) Tenured: 73177K(699072K)->74155K(699072K)
[52.256s][info][gc,metaspace   ] GC(241) Metaspace: 139312K(141120K)->139285K(141120K) NonClass: 121955K(122880K)->121933K(122880K) Class: 17356K(18240K)->17352K(18240K)
[52.256s][info][gc             ] GC(241) Pause Full (System.gc()) 211M->72M(989M) 141.360ms
[52.256s][info][gc,cpu         ] GC(241) User=0.14s Sys=0.00s Real=0.14s
[52.470s][info][gc,start       ] GC(242) Pause Young (Allocation Failure)
[52.476s][info][gc,heap        ] GC(242) DefNew: 279616K(314560K)->2144K(314560K) Eden: 279616K(279616K)->0K(279616K) From: 0K(34944K)->2144K(34944K)
[52.476s][info][gc,heap        ] GC(242) Tenured: 74155K(699072K)->74155K(699072K)
[52.476s][info][gc,metaspace   ] GC(242) Metaspace: 139400K(141248K)->139400K(141248K) NonClass: 122044K(123008K)->122044K(123008K) Class: 17356K(18240K)->17356K(18240K)
[52.476s][info][gc             ] GC(242) Pause Young (Allocation Failure) 345M->74M(989M) 5.513ms
[52.476s][info][gc,cpu         ] GC(242) User=0.00s Sys=0.00s Real=0.02s
[52.561s][info][gc,start       ] GC(243) Pause Young (Allocation Failure)
[52.567s][info][gc,heap        ] GC(243) DefNew: 281760K(314560K)->3439K(314560K) Eden: 279616K(279616K)->0K(279616K) From: 2144K(34944K)->3439K(34944K)
[52.567s][info][gc,heap        ] GC(243) Tenured: 74155K(699072K)->74155K(699072K)
[52.567s][info][gc,metaspace   ] GC(243) Metaspace: 139400K(141248K)->139400K(141248K) NonClass: 122044K(123008K)->122044K(123008K) Class: 17356K(18240K)->17356K(18240K)
[52.567s][info][gc             ] GC(243) Pause Young (Allocation Failure) 347M->75M(989M) 6.040ms
[52.567s][info][gc,cpu         ] GC(243) User=0.00s Sys=0.00s Real=0.00s
[52.633s][info][gc,start       ] GC(244) Pause Young (Allocation Failure)
[52.637s][info][gc,heap        ] GC(244) DefNew: 283055K(314560K)->2571K(314560K) Eden: 279616K(279616K)->0K(279616K) From: 3439K(34944K)->2571K(34944K)
[52.637s][info][gc,heap        ] GC(244) Tenured: 74155K(699072K)->74155K(699072K)
[52.637s][info][gc,metaspace   ] GC(244) Metaspace: 139400K(141248K)->139400K(141248K) NonClass: 122044K(123008K)->122044K(123008K) Class: 17356K(18240K)->17356K(18240K)
[52.637s][info][gc             ] GC(244) Pause Young (Allocation Failure) 348M->74M(989M) 3.650ms
[52.637s][info][gc,cpu         ] GC(244) User=0.02s Sys=0.00s Real=0.01s
[52.753s][info][gc,start       ] GC(245) Pause Young (Allocation Failure)
[52.756s][info][gc,heap        ] GC(245) DefNew: 282187K(314560K)->1504K(314560K) Eden: 279616K(279616K)->0K(279616K) From: 2571K(34944K)->1504K(34944K)
[52.756s][info][gc,heap        ] GC(245) Tenured: 74155K(699072K)->74155K(699072K)
[52.756s][info][gc,metaspace   ] GC(245) Metaspace: 139403K(141248K)->139403K(141248K) NonClass: 122046K(123008K)->122046K(123008K) Class: 17356K(18240K)->17356K(18240K)
[52.756s][info][gc             ] GC(245) Pause Young (Allocation Failure) 347M->73M(989M) 3.099ms
[52.756s][info][gc,cpu         ] GC(245) User=0.00s Sys=0.00s Real=0.00s
[52.870s][info][gc,start       ] GC(246) Pause Young (Allocation Failure)
[52.882s][info][gc,heap        ] GC(246) DefNew: 281120K(314560K)->27687K(314560K) Eden: 279616K(279616K)->0K(279616K) From: 1504K(34944K)->27687K(34944K)
[52.882s][info][gc,heap        ] GC(246) Tenured: 74155K(699072K)->74155K(699072K)
[52.882s][info][gc,metaspace   ] GC(246) Metaspace: 139403K(141248K)->139403K(141248K) NonClass: 122046K(123008K)->122046K(123008K) Class: 17356K(18240K)->17356K(18240K)
[52.882s][info][gc             ] GC(246) Pause Young (Allocation Failure) 346M->99M(989M) 12.129ms
[52.882s][info][gc,cpu         ] GC(246) User=0.00s Sys=0.00s Real=0.01s
[53.001s][info][gc,start       ] GC(247) Pause Full (System.gc())
[53.001s][info][gc,phases,start] GC(247) Phase 1: Mark live objects
[53.081s][info][gc,phases      ] GC(247) Phase 1: Mark live objects 79.833ms
[53.081s][info][gc,phases,start] GC(247) Phase 2: Compute new object addresses
[53.103s][info][gc,phases      ] GC(247) Phase 2: Compute new object addresses 22.688ms
[53.103s][info][gc,phases,start] GC(247) Phase 3: Adjust pointers
[53.143s][info][gc,phases      ] GC(247) Phase 3: Adjust pointers 39.304ms
[53.143s][info][gc,phases,start] GC(247) Phase 4: Move objects
[53.151s][info][gc,phases      ] GC(247) Phase 4: Move objects 8.150ms
[53.152s][info][gc,heap        ] GC(247) DefNew: 141070K(314560K)->0K(314560K) Eden: 113383K(279616K)->0K(279616K) From: 27687K(34944K)->0K(34944K)
[53.152s][info][gc,heap        ] GC(247) Tenured: 74155K(699072K)->71925K(699072K)
[53.152s][info][gc,metaspace   ] GC(247) Metaspace: 139405K(141248K)->139379K(141184K) NonClass: 122049K(123008K)->122026K(122944K) Class: 17356K(18240K)->17352K(18240K)
[53.152s][info][gc             ] GC(247) Pause Full (System.gc()) 210M->70M(989M) 150.894ms
[53.152s][info][gc,cpu         ] GC(247) User=0.12s Sys=0.00s Real=0.14s
[53.364s][info][gc,start       ] GC(248) Pause Young (Allocation Failure)
[53.370s][info][gc,heap        ] GC(248) DefNew: 279616K(314560K)->2142K(314560K) Eden: 279616K(279616K)->0K(279616K) From: 0K(34944K)->2142K(34944K)
[53.370s][info][gc,heap        ] GC(248) Tenured: 71925K(699072K)->71925K(699072K)
[53.370s][info][gc,metaspace   ] GC(248) Metaspace: 139419K(141248K)->139419K(141248K) NonClass: 122062K(123008K)->122062K(123008K) Class: 17356K(18240K)->17356K(18240K)
[53.370s][info][gc             ] GC(248) Pause Young (Allocation Failure) 343M->72M(989M) 5.609ms
[53.370s][info][gc,cpu         ] GC(248) User=0.00s Sys=0.00s Real=0.02s
[53.454s][info][gc,start       ] GC(249) Pause Young (Allocation Failure)
[53.460s][info][gc,heap        ] GC(249) DefNew: 281758K(314560K)->3445K(314560K) Eden: 279616K(279616K)->0K(279616K) From: 2142K(34944K)->3445K(34944K)
[53.460s][info][gc,heap        ] GC(249) Tenured: 71925K(699072K)->71925K(699072K)
[53.460s][info][gc,metaspace   ] GC(249) Metaspace: 139419K(141248K)->139419K(141248K) NonClass: 122062K(123008K)->122062K(123008K) Class: 17356K(18240K)->17356K(18240K)
[53.460s][info][gc             ] GC(249) Pause Young (Allocation Failure) 345M->73M(989M) 5.747ms
[53.460s][info][gc,cpu         ] GC(249) User=0.00s Sys=0.00s Real=0.00s
[53.525s][info][gc,start       ] GC(250) Pause Young (Allocation Failure)
[53.529s][info][gc,heap        ] GC(250) DefNew: 283061K(314560K)->3063K(314560K) Eden: 279616K(279616K)->0K(279616K) From: 3445K(34944K)->3063K(34944K)
[53.529s][info][gc,heap        ] GC(250) Tenured: 71925K(699072K)->71925K(699072K)
[53.529s][info][gc,metaspace   ] GC(250) Metaspace: 139419K(141248K)->139419K(141248K) NonClass: 122062K(123008K)->122062K(123008K) Class: 17356K(18240K)->17356K(18240K)
[53.529s][info][gc             ] GC(250) Pause Young (Allocation Failure) 346M->73M(989M) 3.876ms
[53.529s][info][gc,cpu         ] GC(250) User=0.00s Sys=0.00s Real=0.01s
[53.642s][info][gc,start       ] GC(251) Pause Young (Allocation Failure)
[53.645s][info][gc,heap        ] GC(251) DefNew: 282679K(314560K)->1259K(314560K) Eden: 279616K(279616K)->0K(279616K) From: 3063K(34944K)->1259K(34944K)
[53.645s][info][gc,heap        ] GC(251) Tenured: 71925K(699072K)->71925K(699072K)
[53.645s][info][gc,metaspace   ] GC(251) Metaspace: 139423K(141248K)->139423K(141248K) NonClass: 122066K(123008K)->122066K(123008K) Class: 17356K(18240K)->17356K(18240K)
[53.645s][info][gc             ] GC(251) Pause Young (Allocation Failure) 346M->71M(989M) 2.829ms
[53.645s][info][gc,cpu         ] GC(251) User=0.00s Sys=0.00s Real=0.00s
[53.761s][info][gc,start       ] GC(252) Pause Young (Allocation Failure)
[53.773s][info][gc,heap        ] GC(252) DefNew: 280875K(314560K)->27755K(314560K) Eden: 279616K(279616K)->0K(279616K) From: 1259K(34944K)->27755K(34944K)
[53.773s][info][gc,heap        ] GC(252) Tenured: 71925K(699072K)->71925K(699072K)
[53.773s][info][gc,metaspace   ] GC(252) Metaspace: 139423K(141248K)->139423K(141248K) NonClass: 122066K(123008K)->122066K(123008K) Class: 17356K(18240K)->17356K(18240K)
[53.773s][info][gc             ] GC(252) Pause Young (Allocation Failure) 344M->97M(989M) 12.354ms
[53.773s][info][gc,cpu         ] GC(252) User=0.02s Sys=0.00s Real=0.02s
[53.894s][info][gc,start       ] GC(253) Pause Full (System.gc())
[53.894s][info][gc,phases,start] GC(253) Phase 1: Mark live objects
[53.974s][info][gc,phases      ] GC(253) Phase 1: Mark live objects 79.826ms
[53.974s][info][gc,phases,start] GC(253) Phase 2: Compute new object addresses
[53.996s][info][gc,phases      ] GC(253) Phase 2: Compute new object addresses 22.633ms
[53.996s][info][gc,phases,start] GC(253) Phase 3: Adjust pointers
[54.034s][info][gc,phases      ] GC(253) Phase 3: Adjust pointers 37.562ms
[54.034s][info][gc,phases,start] GC(253) Phase 4: Move objects
[54.034s][info][gc,phases      ] GC(253) Phase 4: Move objects 0.162ms
[54.035s][info][gc,heap        ] GC(253) DefNew: 139988K(314560K)->0K(314560K) Eden: 112233K(279616K)->0K(279616K) From: 27755K(34944K)->0K(34944K)
[54.035s][info][gc,heap        ] GC(253) Tenured: 71925K(699072K)->72900K(699072K)
[54.035s][info][gc,metaspace   ] GC(253) Metaspace: 139426K(141248K)->139399K(141248K) NonClass: 122069K(123008K)->122047K(123008K) Class: 17356K(18240K)->17352K(18240K)
[54.035s][info][gc             ] GC(253) Pause Full (System.gc()) 206M->71M(989M) 141.065ms
[54.035s][info][gc,cpu         ] GC(253) User=0.14s Sys=0.00s Real=0.14s
[54.253s][info][gc,start       ] GC(254) Pause Young (Allocation Failure)
[54.259s][info][gc,heap        ] GC(254) DefNew: 279616K(314560K)->2140K(314560K) Eden: 279616K(279616K)->0K(279616K) From: 0K(34944K)->2140K(34944K)
[54.259s][info][gc,heap        ] GC(254) Tenured: 72900K(699072K)->72900K(699072K)
[54.259s][info][gc,metaspace   ] GC(254) Metaspace: 139448K(141248K)->139448K(141248K) NonClass: 122092K(123008K)->122092K(123008K) Class: 17356K(18240K)->17356K(18240K)
[54.259s][info][gc             ] GC(254) Pause Young (Allocation Failure) 344M->73M(989M) 5.773ms
[54.259s][info][gc,cpu         ] GC(254) User=0.00s Sys=0.00s Real=0.02s
[54.345s][info][gc,start       ] GC(255) Pause Young (Allocation Failure)
[54.351s][info][gc,heap        ] GC(255) DefNew: 281756K(314560K)->3448K(314560K) Eden: 279616K(279616K)->0K(279616K) From: 2140K(34944K)->3448K(34944K)
[54.351s][info][gc,heap        ] GC(255) Tenured: 72900K(699072K)->72900K(699072K)
[54.351s][info][gc,metaspace   ] GC(255) Metaspace: 139449K(141248K)->139449K(141248K) NonClass: 122092K(123008K)->122092K(123008K) Class: 17356K(18240K)->17356K(18240K)
[54.351s][info][gc             ] GC(255) Pause Young (Allocation Failure) 346M->74M(989M) 6.249ms
[54.351s][info][gc,cpu         ] GC(255) User=0.00s Sys=0.00s Real=0.00s
[54.416s][info][gc,start       ] GC(256) Pause Young (Allocation Failure)
[54.421s][info][gc,heap        ] GC(256) DefNew: 283064K(314560K)->3115K(314560K) Eden: 279616K(279616K)->0K(279616K) From: 3448K(34944K)->3115K(34944K)
[54.421s][info][gc,heap        ] GC(256) Tenured: 72900K(699072K)->72900K(699072K)
[54.421s][info][gc,metaspace   ] GC(256) Metaspace: 139456K(141248K)->139456K(141248K) NonClass: 122099K(123008K)->122099K(123008K) Class: 17356K(18240K)->17356K(18240K)
[54.421s][info][gc             ] GC(256) Pause Young (Allocation Failure) 347M->74M(989M) 4.417ms
[54.421s][info][gc,cpu         ] GC(256) User=0.00s Sys=0.00s Real=0.02s
[54.537s][info][gc,start       ] GC(257) Pause Young (Allocation Failure)
[54.541s][info][gc,heap        ] GC(257) DefNew: 282731K(314560K)->2577K(314560K) Eden: 279616K(279616K)->0K(279616K) From: 3115K(34944K)->2577K(34944K)
[54.541s][info][gc,heap        ] GC(257) Tenured: 72900K(699072K)->72900K(699072K)
[54.541s][info][gc,metaspace   ] GC(257) Metaspace: 139456K(141248K)->139456K(141248K) NonClass: 122099K(123008K)->122099K(123008K) Class: 17356K(18240K)->17356K(18240K)
[54.541s][info][gc             ] GC(257) Pause Young (Allocation Failure) 347M->73M(989M) 3.817ms
[54.541s][info][gc,cpu         ] GC(257) User=0.00s Sys=0.00s Real=0.00s
[54.657s][info][gc,start       ] GC(258) Pause Young (Allocation Failure)
[54.669s][info][gc,heap        ] GC(258) DefNew: 282193K(314560K)->27363K(314560K) Eden: 279616K(279616K)->0K(279616K) From: 2577K(34944K)->27363K(34944K)
[54.669s][info][gc,heap        ] GC(258) Tenured: 72900K(699072K)->72900K(699072K)
[54.669s][info][gc,metaspace   ] GC(258) Metaspace: 139456K(141248K)->139456K(141248K) NonClass: 122099K(123008K)->122099K(123008K) Class: 17356K(18240K)->17356K(18240K)
[54.669s][info][gc             ] GC(258) Pause Young (Allocation Failure) 346M->97M(989M) 12.321ms
[54.670s][info][gc,cpu         ] GC(258) User=0.02s Sys=0.00s Real=0.02s
[54.792s][info][gc,start       ] GC(259) Pause Full (System.gc())
[54.792s][info][gc,phases,start] GC(259) Phase 1: Mark live objects
[54.872s][info][gc,phases      ] GC(259) Phase 1: Mark live objects 79.750ms
[54.872s][info][gc,phases,start] GC(259) Phase 2: Compute new object addresses
[54.895s][info][gc,phases      ] GC(259) Phase 2: Compute new object addresses 23.354ms
[54.895s][info][gc,phases,start] GC(259) Phase 3: Adjust pointers
[54.933s][info][gc,phases      ] GC(259) Phase 3: Adjust pointers 37.676ms
[54.933s][info][gc,phases,start] GC(259) Phase 4: Move objects
[54.933s][info][gc,phases      ] GC(259) Phase 4: Move objects 0.124ms
[54.933s][info][gc,heap        ] GC(259) DefNew: 143715K(314560K)->0K(314560K) Eden: 116352K(279616K)->0K(279616K) From: 27363K(34944K)->0K(34944K)
[54.933s][info][gc,heap        ] GC(259) Tenured: 72900K(699072K)->73741K(699072K)
[54.933s][info][gc,metaspace   ] GC(259) Metaspace: 139457K(141248K)->139431K(141248K) NonClass: 122101K(123008K)->122078K(123008K) Class: 17356K(18240K)->17352K(18240K)
[54.933s][info][gc             ] GC(259) Pause Full (System.gc()) 211M->72M(989M) 141.720ms
[54.933s][info][gc,cpu         ] GC(259) User=0.14s Sys=0.00s Real=0.14s
[55.161s][info][gc,start       ] GC(260) Pause Young (Allocation Failure)
[55.167s][info][gc,heap        ] GC(260) DefNew: 279616K(314560K)->2145K(314560K) Eden: 279616K(279616K)->0K(279616K) From: 0K(34944K)->2145K(34944K)
[55.167s][info][gc,heap        ] GC(260) Tenured: 73741K(699072K)->73741K(699072K)
[55.167s][info][gc,metaspace   ] GC(260) Metaspace: 139731K(141568K)->139731K(141568K) NonClass: 122366K(123328K)->122366K(123328K) Class: 17365K(18240K)->17365K(18240K)
[55.167s][info][gc             ] GC(260) Pause Young (Allocation Failure) 345M->74M(989M) 5.351ms
[55.167s][info][gc,cpu         ] GC(260) User=0.00s Sys=0.00s Real=0.00s
[55.251s][info][gc,start       ] GC(261) Pause Young (Allocation Failure)
[55.257s][info][gc,heap        ] GC(261) DefNew: 281761K(314560K)->3447K(314560K) Eden: 279616K(279616K)->0K(279616K) From: 2145K(34944K)->3447K(34944K)
[55.257s][info][gc,heap        ] GC(261) Tenured: 73741K(699072K)->73741K(699072K)
[55.257s][info][gc,metaspace   ] GC(261) Metaspace: 139759K(141568K)->139759K(141568K) NonClass: 122392K(123328K)->122392K(123328K) Class: 17367K(18240K)->17367K(18240K)
[55.257s][info][gc             ] GC(261) Pause Young (Allocation Failure) 347M->75M(989M) 6.136ms
[55.257s][info][gc,cpu         ] GC(261) User=0.00s Sys=0.00s Real=0.00s
[55.323s][info][gc,start       ] GC(262) Pause Young (Allocation Failure)
[55.328s][info][gc,heap        ] GC(262) DefNew: 283063K(314560K)->3246K(314560K) Eden: 279616K(279616K)->0K(279616K) From: 3447K(34944K)->3246K(34944K)
[55.328s][info][gc,heap        ] GC(262) Tenured: 73741K(699072K)->73741K(699072K)
[55.328s][info][gc,metaspace   ] GC(262) Metaspace: 139759K(141568K)->139759K(141568K) NonClass: 122392K(123328K)->122392K(123328K) Class: 17367K(18240K)->17367K(18240K)
[55.328s][info][gc             ] GC(262) Pause Young (Allocation Failure) 348M->75M(989M) 4.879ms
[55.328s][info][gc,cpu         ] GC(262) User=0.00s Sys=0.00s Real=0.00s
[55.438s][info][gc,start       ] GC(263) Pause Young (Allocation Failure)
[55.442s][info][gc,heap        ] GC(263) DefNew: 281970K(314560K)->2685K(314560K) Eden: 278723K(279616K)->0K(279616K) From: 3246K(34944K)->2685K(34944K)
[55.442s][info][gc,heap        ] GC(263) Tenured: 73741K(699072K)->73741K(699072K)
[55.442s][info][gc,metaspace   ] GC(263) Metaspace: 139762K(141568K)->139762K(141568K) NonClass: 122395K(123328K)->122395K(123328K) Class: 17367K(18240K)->17367K(18240K)
[55.442s][info][gc             ] GC(263) Pause Young (Allocation Failure) 347M->74M(989M) 4.007ms
[55.443s][info][gc,cpu         ] GC(263) User=0.00s Sys=0.00s Real=0.00s
[55.560s][info][gc,start       ] GC(264) Pause Young (Allocation Failure)
[55.573s][info][gc,heap        ] GC(264) DefNew: 282301K(314560K)->27425K(314560K) Eden: 279616K(279616K)->0K(279616K) From: 2685K(34944K)->27425K(34944K)
[55.573s][info][gc,heap        ] GC(264) Tenured: 73741K(699072K)->73741K(699072K)
[55.573s][info][gc,metaspace   ] GC(264) Metaspace: 139769K(141568K)->139769K(141568K) NonClass: 122402K(123328K)->122402K(123328K) Class: 17367K(18240K)->17367K(18240K)
[55.573s][info][gc             ] GC(264) Pause Young (Allocation Failure) 347M->98M(989M) 12.586ms
[55.573s][info][gc,cpu         ] GC(264) User=0.00s Sys=0.00s Real=0.01s
[55.702s][info][gc,start       ] GC(265) Pause Full (System.gc())
[55.702s][info][gc,phases,start] GC(265) Phase 1: Mark live objects
[55.784s][info][gc,phases      ] GC(265) Phase 1: Mark live objects 81.216ms
[55.784s][info][gc,phases,start] GC(265) Phase 2: Compute new object addresses
[55.807s][info][gc,phases      ] GC(265) Phase 2: Compute new object addresses 23.267ms
[55.807s][info][gc,phases,start] GC(265) Phase 3: Adjust pointers
[55.845s][info][gc,phases      ] GC(265) Phase 3: Adjust pointers 38.267ms
[55.845s][info][gc,phases,start] GC(265) Phase 4: Move objects
[55.846s][info][gc,phases      ] GC(265) Phase 4: Move objects 0.164ms
[55.846s][info][gc,heap        ] GC(265) DefNew: 142392K(314560K)->0K(314560K) Eden: 114966K(279616K)->0K(279616K) From: 27425K(34944K)->0K(34944K)
[55.846s][info][gc,heap        ] GC(265) Tenured: 73741K(699072K)->74721K(699072K)
[55.846s][info][gc,metaspace   ] GC(265) Metaspace: 139794K(141568K)->139767K(141568K) NonClass: 122426K(123328K)->122404K(123328K) Class: 17367K(18240K)->17363K(18240K)
[55.846s][info][gc             ] GC(265) Pause Full (System.gc()) 211M->72M(989M) 143.796ms
[55.846s][info][gc,cpu         ] GC(265) User=0.14s Sys=0.00s Real=0.14s
[56.059s][info][gc,start       ] GC(266) Pause Young (Allocation Failure)
[56.064s][info][gc,heap        ] GC(266) DefNew: 279616K(314560K)->2138K(314560K) Eden: 279616K(279616K)->0K(279616K) From: 0K(34944K)->2138K(34944K)
[56.064s][info][gc,heap        ] GC(266) Tenured: 74721K(699072K)->74721K(699072K)
[56.064s][info][gc,metaspace   ] GC(266) Metaspace: 139882K(141696K)->139882K(141696K) NonClass: 122512K(123456K)->122512K(123456K) Class: 17369K(18240K)->17369K(18240K)
[56.064s][info][gc             ] GC(266) Pause Young (Allocation Failure) 346M->75M(989M) 5.774ms
[56.064s][info][gc,cpu         ] GC(266) User=0.00s Sys=0.00s Real=0.02s
[56.148s][info][gc,start       ] GC(267) Pause Young (Allocation Failure)
[56.155s][info][gc,heap        ] GC(267) DefNew: 281754K(314560K)->3431K(314560K) Eden: 279616K(279616K)->0K(279616K) From: 2138K(34944K)->3431K(34944K)
[56.155s][info][gc,heap        ] GC(267) Tenured: 74721K(699072K)->74721K(699072K)
[56.155s][info][gc,metaspace   ] GC(267) Metaspace: 139883K(141696K)->139883K(141696K) NonClass: 122514K(123456K)->122514K(123456K) Class: 17369K(18240K)->17369K(18240K)
[56.155s][info][gc             ] GC(267) Pause Young (Allocation Failure) 348M->76M(989M) 6.455ms
[56.155s][info][gc,cpu         ] GC(267) User=0.00s Sys=0.00s Real=0.00s
[56.219s][info][gc,start       ] GC(268) Pause Young (Allocation Failure)
[56.223s][info][gc,heap        ] GC(268) DefNew: 283047K(314560K)->2522K(314560K) Eden: 279616K(279616K)->0K(279616K) From: 3431K(34944K)->2522K(34944K)
[56.223s][info][gc,heap        ] GC(268) Tenured: 74721K(699072K)->74721K(699072K)
[56.223s][info][gc,metaspace   ] GC(268) Metaspace: 139883K(141696K)->139883K(141696K) NonClass: 122514K(123456K)->122514K(123456K) Class: 17369K(18240K)->17369K(18240K)
[56.223s][info][gc             ] GC(268) Pause Young (Allocation Failure) 349M->75M(989M) 3.773ms
[56.223s][info][gc,cpu         ] GC(268) User=0.00s Sys=0.00s Real=0.02s
[56.339s][info][gc,start       ] GC(269) Pause Young (Allocation Failure)
[56.343s][info][gc,heap        ] GC(269) DefNew: 281804K(314560K)->3602K(314560K) Eden: 279281K(279616K)->0K(279616K) From: 2522K(34944K)->3602K(34944K)
[56.343s][info][gc,heap        ] GC(269) Tenured: 74721K(699072K)->74721K(699072K)
[56.343s][info][gc,metaspace   ] GC(269) Metaspace: 139885K(141696K)->139885K(141696K) NonClass: 122515K(123456K)->122515K(123456K) Class: 17369K(18240K)->17369K(18240K)
[56.343s][info][gc             ] GC(269) Pause Young (Allocation Failure) 348M->76M(989M) 3.618ms
[56.343s][info][gc,cpu         ] GC(269) User=0.00s Sys=0.00s Real=0.00s
[56.458s][info][gc,start       ] GC(270) Pause Young (Allocation Failure)
[56.472s][info][gc,heap        ] GC(270) DefNew: 283218K(314560K)->27513K(314560K) Eden: 279616K(279616K)->0K(279616K) From: 3602K(34944K)->27513K(34944K)
[56.472s][info][gc,heap        ] GC(270) Tenured: 74721K(699072K)->74721K(699072K)
[56.472s][info][gc,metaspace   ] GC(270) Metaspace: 139887K(141696K)->139887K(141696K) NonClass: 122518K(123456K)->122518K(123456K) Class: 17369K(18240K)->17369K(18240K)
[56.472s][info][gc             ] GC(270) Pause Young (Allocation Failure) 349M->99M(989M) 13.435ms
[56.472s][info][gc,cpu         ] GC(270) User=0.00s Sys=0.00s Real=0.02s
[56.595s][info][gc,start       ] GC(271) Pause Full (System.gc())
[56.595s][info][gc,phases,start] GC(271) Phase 1: Mark live objects
[56.676s][info][gc,phases      ] GC(271) Phase 1: Mark live objects 81.278ms
[56.676s][info][gc,phases,start] GC(271) Phase 2: Compute new object addresses
[56.699s][info][gc,phases      ] GC(271) Phase 2: Compute new object addresses 23.143ms
[56.699s][info][gc,phases,start] GC(271) Phase 3: Adjust pointers
[56.739s][info][gc,phases      ] GC(271) Phase 3: Adjust pointers 39.916ms
[56.739s][info][gc,phases,start] GC(271) Phase 4: Move objects
[56.748s][info][gc,phases      ] GC(271) Phase 4: Move objects 8.370ms
[56.748s][info][gc,heap        ] GC(271) DefNew: 143044K(314560K)->0K(314560K) Eden: 115530K(279616K)->0K(279616K) From: 27513K(34944K)->0K(34944K)
[56.748s][info][gc,heap        ] GC(271) Tenured: 74721K(699072K)->72201K(699072K)
[56.748s][info][gc,metaspace   ] GC(271) Metaspace: 139893K(141696K)->139866K(141696K) NonClass: 122523K(123456K)->122501K(123456K) Class: 17369K(18240K)->17365K(18240K)
[56.748s][info][gc             ] GC(271) Pause Full (System.gc()) 212M->70M(989M) 153.611ms
[56.748s][info][gc,cpu         ] GC(271) User=0.14s Sys=0.00s Real=0.16s
[56.959s][info][gc,start       ] GC(272) Pause Young (Allocation Failure)
[56.965s][info][gc,heap        ] GC(272) DefNew: 279616K(314560K)->1930K(314560K) Eden: 279616K(279616K)->0K(279616K) From: 0K(34944K)->1930K(34944K)
[56.965s][info][gc,heap        ] GC(272) Tenured: 72201K(699072K)->72201K(699072K)
[56.965s][info][gc,metaspace   ] GC(272) Metaspace: 139935K(141696K)->139935K(141696K) NonClass: 122565K(123456K)->122565K(123456K) Class: 17369K(18240K)->17369K(18240K)
[56.965s][info][gc             ] GC(272) Pause Young (Allocation Failure) 343M->72M(989M) 5.407ms
[56.965s][info][gc,cpu         ] GC(272) User=0.00s Sys=0.00s Real=0.02s
[57.050s][info][gc,start       ] GC(273) Pause Young (Allocation Failure)
[57.056s][info][gc,heap        ] GC(273) DefNew: 281546K(314560K)->3439K(314560K) Eden: 279616K(279616K)->0K(279616K) From: 1930K(34944K)->3439K(34944K)
[57.056s][info][gc,heap        ] GC(273) Tenured: 72201K(699072K)->72201K(699072K)
[57.056s][info][gc,metaspace   ] GC(273) Metaspace: 139935K(141696K)->139935K(141696K) NonClass: 122565K(123456K)->122565K(123456K) Class: 17369K(18240K)->17369K(18240K)
[57.056s][info][gc             ] GC(273) Pause Young (Allocation Failure) 345M->73M(989M) 5.938ms
[57.056s][info][gc,cpu         ] GC(273) User=0.00s Sys=0.00s Real=0.00s
[57.118s][info][gc,start       ] GC(274) Pause Young (Allocation Failure)
[57.122s][info][gc,heap        ] GC(274) DefNew: 283055K(314560K)->3052K(314560K) Eden: 279616K(279616K)->0K(279616K) From: 3439K(34944K)->3052K(34944K)
[57.122s][info][gc,heap        ] GC(274) Tenured: 72201K(699072K)->72201K(699072K)
[57.122s][info][gc,metaspace   ] GC(274) Metaspace: 139935K(141696K)->139935K(141696K) NonClass: 122565K(123456K)->122565K(123456K) Class: 17369K(18240K)->17369K(18240K)
[57.122s][info][gc             ] GC(274) Pause Young (Allocation Failure) 346M->73M(989M) 4.221ms
[57.122s][info][gc,cpu         ] GC(274) User=0.00s Sys=0.00s Real=0.00s
[57.232s][info][gc,start       ] GC(275) Pause Young (Allocation Failure)
[57.235s][info][gc,heap        ] GC(275) DefNew: 282668K(314560K)->1256K(314560K) Eden: 279616K(279616K)->0K(279616K) From: 3052K(34944K)->1256K(34944K)
[57.235s][info][gc,heap        ] GC(275) Tenured: 72201K(699072K)->72201K(699072K)
[57.235s][info][gc,metaspace   ] GC(275) Metaspace: 139943K(141760K)->139943K(141760K) NonClass: 122573K(123520K)->122573K(123520K) Class: 17370K(18240K)->17370K(18240K)
[57.235s][info][gc             ] GC(275) Pause Young (Allocation Failure) 346M->71M(989M) 3.380ms
[57.235s][info][gc,cpu         ] GC(275) User=0.00s Sys=0.00s Real=0.01s
[57.349s][info][gc,start       ] GC(276) Pause Young (Allocation Failure)
[57.361s][info][gc,heap        ] GC(276) DefNew: 280872K(314560K)->27644K(314560K) Eden: 279616K(279616K)->0K(279616K) From: 1256K(34944K)->27644K(34944K)
[57.361s][info][gc,heap        ] GC(276) Tenured: 72201K(699072K)->72201K(699072K)
[57.361s][info][gc,metaspace   ] GC(276) Metaspace: 139943K(141760K)->139943K(141760K) NonClass: 122573K(123520K)->122573K(123520K) Class: 17370K(18240K)->17370K(18240K)
[57.361s][info][gc             ] GC(276) Pause Young (Allocation Failure) 344M->97M(989M) 12.396ms
[57.361s][info][gc,cpu         ] GC(276) User=0.00s Sys=0.00s Real=0.02s
[57.480s][info][gc,start       ] GC(277) Pause Full (System.gc())
[57.480s][info][gc,phases,start] GC(277) Phase 1: Mark live objects
[57.561s][info][gc,phases      ] GC(277) Phase 1: Mark live objects 80.745ms
[57.561s][info][gc,phases,start] GC(277) Phase 2: Compute new object addresses
[57.584s][info][gc,phases      ] GC(277) Phase 2: Compute new object addresses 22.897ms
[57.584s][info][gc,phases,start] GC(277) Phase 3: Adjust pointers
[57.623s][info][gc,phases      ] GC(277) Phase 3: Adjust pointers 38.843ms
[57.623s][info][gc,phases,start] GC(277) Phase 4: Move objects
[57.623s][info][gc,phases      ] GC(277) Phase 4: Move objects 0.129ms
[57.623s][info][gc,heap        ] GC(277) DefNew: 142603K(314560K)->0K(314560K) Eden: 114959K(279616K)->0K(279616K) From: 27644K(34944K)->0K(34944K)
[57.623s][info][gc,heap        ] GC(277) Tenured: 72201K(699072K)->73040K(699072K)
[57.623s][info][gc,metaspace   ] GC(277) Metaspace: 139946K(141760K)->139919K(141760K) NonClass: 122576K(123520K)->122553K(123520K) Class: 17370K(18240K)->17365K(18240K)
[57.624s][info][gc             ] GC(277) Pause Full (System.gc()) 209M->71M(989M) 143.406ms
[57.624s][info][gc,cpu         ] GC(277) User=0.14s Sys=0.00s Real=0.14s
[57.834s][info][gc,start       ] GC(278) Pause Young (Allocation Failure)
[57.839s][info][gc,heap        ] GC(278) DefNew: 279616K(314560K)->2144K(314560K) Eden: 279616K(279616K)->0K(279616K) From: 0K(34944K)->2144K(34944K)
[57.839s][info][gc,heap        ] GC(278) Tenured: 73040K(699072K)->73040K(699072K)
[57.839s][info][gc,metaspace   ] GC(278) Metaspace: 139991K(141760K)->139991K(141760K) NonClass: 122620K(123520K)->122620K(123520K) Class: 17370K(18240K)->17370K(18240K)
[57.839s][info][gc             ] GC(278) Pause Young (Allocation Failure) 344M->73M(989M) 5.401ms
[57.839s][info][gc,cpu         ] GC(278) User=0.00s Sys=0.00s Real=0.01s
[57.924s][info][gc,start       ] GC(279) Pause Young (Allocation Failure)
[57.930s][info][gc,heap        ] GC(279) DefNew: 281760K(314560K)->3445K(314560K) Eden: 279616K(279616K)->0K(279616K) From: 2144K(34944K)->3445K(34944K)
[57.930s][info][gc,heap        ] GC(279) Tenured: 73040K(699072K)->73040K(699072K)
[57.930s][info][gc,metaspace   ] GC(279) Metaspace: 139991K(141760K)->139991K(141760K) NonClass: 122620K(123520K)->122620K(123520K) Class: 17370K(18240K)->17370K(18240K)
[57.930s][info][gc             ] GC(279) Pause Young (Allocation Failure) 346M->74M(989M) 5.917ms
[57.930s][info][gc,cpu         ] GC(279) User=0.00s Sys=0.00s Real=0.01s
[57.995s][info][gc,start       ] GC(280) Pause Young (Allocation Failure)
[57.999s][info][gc,heap        ] GC(280) DefNew: 283061K(314560K)->2527K(314560K) Eden: 279616K(279616K)->0K(279616K) From: 3445K(34944K)->2527K(34944K)
[57.999s][info][gc,heap        ] GC(280) Tenured: 73040K(699072K)->73040K(699072K)
[57.999s][info][gc,metaspace   ] GC(280) Metaspace: 139991K(141760K)->139991K(141760K) NonClass: 122620K(123520K)->122620K(123520K) Class: 17370K(18240K)->17370K(18240K)
[57.999s][info][gc             ] GC(280) Pause Young (Allocation Failure) 347M->73M(989M) 3.580ms
[57.999s][info][gc,cpu         ] GC(280) User=0.00s Sys=0.00s Real=0.02s
[58.115s][info][gc,start       ] GC(281) Pause Young (Allocation Failure)
[58.118s][info][gc,heap        ] GC(281) DefNew: 282057K(314560K)->3572K(314560K) Eden: 279530K(279616K)->0K(279616K) From: 2527K(34944K)->3572K(34944K)
[58.119s][info][gc,heap        ] GC(281) Tenured: 73040K(699072K)->73040K(699072K)
[58.119s][info][gc,metaspace   ] GC(281) Metaspace: 139991K(141760K)->139991K(141760K) NonClass: 122620K(123520K)->122620K(123520K) Class: 17370K(18240K)->17370K(18240K)
[58.119s][info][gc             ] GC(281) Pause Young (Allocation Failure) 346M->74M(989M) 3.626ms
[58.119s][info][gc,cpu         ] GC(281) User=0.00s Sys=0.00s Real=0.00s
[58.233s][info][gc,start       ] GC(282) Pause Young (Allocation Failure)
[58.246s][info][gc,heap        ] GC(282) DefNew: 283188K(314560K)->27373K(314560K) Eden: 279616K(279616K)->0K(279616K) From: 3572K(34944K)->27373K(34944K)
[58.246s][info][gc,heap        ] GC(282) Tenured: 73040K(699072K)->73040K(699072K)
[58.246s][info][gc,metaspace   ] GC(282) Metaspace: 139992K(141760K)->139992K(141760K) NonClass: 122622K(123520K)->122622K(123520K) Class: 17370K(18240K)->17370K(18240K)
[58.246s][info][gc             ] GC(282) Pause Young (Allocation Failure) 347M->98M(989M) 12.603ms
[58.246s][info][gc,cpu         ] GC(282) User=0.02s Sys=0.00s Real=0.01s
[58.366s][info][gc,start       ] GC(283) Pause Full (System.gc())
[58.367s][info][gc,phases,start] GC(283) Phase 1: Mark live objects
[58.448s][info][gc,phases      ] GC(283) Phase 1: Mark live objects 81.541ms
[58.448s][info][gc,phases,start] GC(283) Phase 2: Compute new object addresses
[58.472s][info][gc,phases      ] GC(283) Phase 2: Compute new object addresses 23.427ms
[58.472s][info][gc,phases,start] GC(283) Phase 3: Adjust pointers
[58.510s][info][gc,phases      ] GC(283) Phase 3: Adjust pointers 38.582ms
[58.510s][info][gc,phases,start] GC(283) Phase 4: Move objects
[58.510s][info][gc,phases      ] GC(283) Phase 4: Move objects 0.158ms
[58.511s][info][gc,heap        ] GC(283) DefNew: 143912K(314560K)->0K(314560K) Eden: 116538K(279616K)->0K(279616K) From: 27373K(34944K)->0K(34944K)
[58.511s][info][gc,heap        ] GC(283) Tenured: 73040K(699072K)->74011K(699072K)
[58.511s][info][gc,metaspace   ] GC(283) Metaspace: 139993K(141760K)->139966K(141760K) NonClass: 122622K(123520K)->122600K(123520K) Class: 17370K(18240K)->17366K(18240K)
[58.511s][info][gc             ] GC(283) Pause Full (System.gc()) 211M->72M(989M) 144.493ms
[58.511s][info][gc,cpu         ] GC(283) User=0.14s Sys=0.00s Real=0.14s
[58.722s][info][gc,start       ] GC(284) Pause Young (Allocation Failure)
[58.727s][info][gc,heap        ] GC(284) DefNew: 279616K(314560K)->2135K(314560K) Eden: 279616K(279616K)->0K(279616K) From: 0K(34944K)->2135K(34944K)
[58.727s][info][gc,heap        ] GC(284) Tenured: 74011K(699072K)->74011K(699072K)
[58.727s][info][gc,metaspace   ] GC(284) Metaspace: 140041K(141824K)->140041K(141824K) NonClass: 122670K(123584K)->122670K(123584K) Class: 17370K(18240K)->17370K(18240K)
[58.727s][info][gc             ] GC(284) Pause Young (Allocation Failure) 345M->74M(989M) 5.268ms
[58.727s][info][gc,cpu         ] GC(284) User=0.00s Sys=0.00s Real=0.00s
[58.815s][info][gc,start       ] GC(285) Pause Young (Allocation Failure)
[58.821s][info][gc,heap        ] GC(285) DefNew: 281751K(314560K)->3434K(314560K) Eden: 279616K(279616K)->0K(279616K) From: 2135K(34944K)->3434K(34944K)
[58.821s][info][gc,heap        ] GC(285) Tenured: 74011K(699072K)->74011K(699072K)
[58.821s][info][gc,metaspace   ] GC(285) Metaspace: 140061K(141824K)->140061K(141824K) NonClass: 122691K(123584K)->122691K(123584K) Class: 17370K(18240K)->17370K(18240K)
[58.821s][info][gc             ] GC(285) Pause Young (Allocation Failure) 347M->75M(989M) 6.001ms
[58.821s][info][gc,cpu         ] GC(285) User=0.00s Sys=0.00s Real=0.00s
[58.883s][info][gc,start       ] GC(286) Pause Young (Allocation Failure)
[58.887s][info][gc,heap        ] GC(286) DefNew: 283050K(314560K)->3241K(314560K) Eden: 279616K(279616K)->0K(279616K) From: 3434K(34944K)->3241K(34944K)
[58.887s][info][gc,heap        ] GC(286) Tenured: 74011K(699072K)->74011K(699072K)
[58.887s][info][gc,metaspace   ] GC(286) Metaspace: 140061K(141824K)->140061K(141824K) NonClass: 122691K(123584K)->122691K(123584K) Class: 17370K(18240K)->17370K(18240K)
[58.887s][info][gc             ] GC(286) Pause Young (Allocation Failure) 348M->75M(989M) 4.490ms
[58.887s][info][gc,cpu         ] GC(286) User=0.00s Sys=0.00s Real=0.00s
[59.004s][info][gc,start       ] GC(287) Pause Young (Allocation Failure)
[59.007s][info][gc,heap        ] GC(287) DefNew: 282857K(314560K)->3567K(314560K) Eden: 279616K(279616K)->0K(279616K) From: 3241K(34944K)->3567K(34944K)
[59.007s][info][gc,heap        ] GC(287) Tenured: 74011K(699072K)->74011K(699072K)
[59.007s][info][gc,metaspace   ] GC(287) Metaspace: 140061K(141824K)->140061K(141824K) NonClass: 122691K(123584K)->122691K(123584K) Class: 17370K(18240K)->17370K(18240K)
[59.007s][info][gc             ] GC(287) Pause Young (Allocation Failure) 348M->75M(989M) 3.606ms
[59.007s][info][gc,cpu         ] GC(287) User=0.00s Sys=0.00s Real=0.00s
[59.121s][info][gc,start       ] GC(288) Pause Young (Allocation Failure)
[59.133s][info][gc,heap        ] GC(288) DefNew: 283183K(314560K)->27427K(314560K) Eden: 279616K(279616K)->0K(279616K) From: 3567K(34944K)->27427K(34944K)
[59.134s][info][gc,heap        ] GC(288) Tenured: 74011K(699072K)->74011K(699072K)
[59.134s][info][gc,metaspace   ] GC(288) Metaspace: 140063K(141824K)->140063K(141824K) NonClass: 122692K(123584K)->122692K(123584K) Class: 17370K(18240K)->17370K(18240K)
[59.134s][info][gc             ] GC(288) Pause Young (Allocation Failure) 348M->99M(989M) 12.573ms
[59.134s][info][gc,cpu         ] GC(288) User=0.00s Sys=0.00s Real=0.02s
[59.256s][info][gc,start       ] GC(289) Pause Full (System.gc())
[59.256s][info][gc,phases,start] GC(289) Phase 1: Mark live objects
[59.348s][info][gc,phases      ] GC(289) Phase 1: Mark live objects 91.154ms
[59.348s][info][gc,phases,start] GC(289) Phase 2: Compute new object addresses
[59.371s][info][gc,phases      ] GC(289) Phase 2: Compute new object addresses 23.564ms
[59.371s][info][gc,phases,start] GC(289) Phase 3: Adjust pointers
[59.412s][info][gc,phases      ] GC(289) Phase 3: Adjust pointers 40.870ms
[59.412s][info][gc,phases,start] GC(289) Phase 4: Move objects
[59.412s][info][gc,phases      ] GC(289) Phase 4: Move objects 0.205ms
[59.413s][info][gc,heap        ] GC(289) DefNew: 143585K(314560K)->0K(314560K) Eden: 116157K(279616K)->0K(279616K) From: 27427K(34944K)->0K(34944K)
[59.413s][info][gc,heap        ] GC(289) Tenured: 74011K(699072K)->74985K(699072K)
[59.413s][info][gc,metaspace   ] GC(289) Metaspace: 140063K(141824K)->140037K(141824K) NonClass: 122693K(123584K)->122670K(123584K) Class: 17370K(18240K)->17366K(18240K)
[59.413s][info][gc             ] GC(289) Pause Full (System.gc()) 212M->73M(989M) 156.651ms
[59.413s][info][gc,cpu         ] GC(289) User=0.25s Sys=0.00s Real=0.16s
[59.641s][info][gc,start       ] GC(290) Pause Young (Allocation Failure)
[59.646s][info][gc,heap        ] GC(290) DefNew: 279616K(314560K)->2136K(314560K) Eden: 279616K(279616K)->0K(279616K) From: 0K(34944K)->2136K(34944K)
[59.646s][info][gc,heap        ] GC(290) Tenured: 74985K(699072K)->74985K(699072K)
[59.646s][info][gc,metaspace   ] GC(290) Metaspace: 140116K(141952K)->140116K(141952K) NonClass: 122745K(123712K)->122745K(123712K) Class: 17370K(18240K)->17370K(18240K)
[59.646s][info][gc             ] GC(290) Pause Young (Allocation Failure) 346M->75M(989M) 5.557ms
[59.646s][info][gc,cpu         ] GC(290) User=0.00s Sys=0.00s Real=0.01s
[59.737s][info][gc,start       ] GC(291) Pause Young (Allocation Failure)
[59.743s][info][gc,heap        ] GC(291) DefNew: 281752K(314560K)->3434K(314560K) Eden: 279616K(279616K)->0K(279616K) From: 2136K(34944K)->3434K(34944K)
[59.743s][info][gc,heap        ] GC(291) Tenured: 74985K(699072K)->74985K(699072K)
[59.743s][info][gc,metaspace   ] GC(291) Metaspace: 140117K(141952K)->140117K(141952K) NonClass: 122746K(123712K)->122746K(123712K) Class: 17370K(18240K)->17370K(18240K)
[59.743s][info][gc             ] GC(291) Pause Young (Allocation Failure) 348M->76M(989M) 5.889ms
[59.743s][info][gc,cpu         ] GC(291) User=0.00s Sys=0.00s Real=0.00s
[59.815s][info][gc,start       ] GC(292) Pause Young (Allocation Failure)
[59.819s][info][gc,heap        ] GC(292) DefNew: 283050K(314560K)->3126K(314560K) Eden: 279616K(279616K)->0K(279616K) From: 3434K(34944K)->3126K(34944K)
[59.819s][info][gc,heap        ] GC(292) Tenured: 74985K(699072K)->74985K(699072K)
[59.819s][info][gc,metaspace   ] GC(292) Metaspace: 140117K(141952K)->140117K(141952K) NonClass: 122746K(123712K)->122746K(123712K) Class: 17370K(18240K)->17370K(18240K)
[59.819s][info][gc             ] GC(292) Pause Young (Allocation Failure) 349M->76M(989M) 4.111ms
[59.819s][info][gc,cpu         ] GC(292) User=0.00s Sys=0.00s Real=0.00s
[59.939s][info][gc,start       ] GC(293) Pause Young (Allocation Failure)
[59.942s][info][gc,heap        ] GC(293) DefNew: 282742K(314560K)->1666K(314560K) Eden: 279615K(279616K)->0K(279616K) From: 3126K(34944K)->1666K(34944K)
[59.942s][info][gc,heap        ] GC(293) Tenured: 74985K(699072K)->74985K(699072K)
[59.942s][info][gc,metaspace   ] GC(293) Metaspace: 140117K(141952K)->140117K(141952K) NonClass: 122746K(123712K)->122746K(123712K) Class: 17370K(18240K)->17370K(18240K)
[59.942s][info][gc             ] GC(293) Pause Young (Allocation Failure) 349M->74M(989M) 3.132ms
[59.942s][info][gc,cpu         ] GC(293) User=0.00s Sys=0.00s Real=0.00s
[60.060s][info][gc,start       ] GC(294) Pause Young (Allocation Failure)
[60.073s][info][gc,heap        ] GC(294) DefNew: 281282K(314560K)->27749K(314560K) Eden: 279616K(279616K)->0K(279616K) From: 1666K(34944K)->27749K(34944K)
[60.074s][info][gc,heap        ] GC(294) Tenured: 74985K(699072K)->74985K(699072K)
[60.074s][info][gc,metaspace   ] GC(294) Metaspace: 140137K(141952K)->140137K(141952K) NonClass: 122766K(123712K)->122766K(123712K) Class: 17370K(18240K)->17370K(18240K)
[60.074s][info][gc             ] GC(294) Pause Young (Allocation Failure) 347M->100M(989M) 13.339ms
[60.074s][info][gc,cpu         ] GC(294) User=0.03s Sys=0.00s Real=0.02s
[60.197s][info][gc,start       ] GC(295) Pause Full (System.gc())
[60.197s][info][gc,phases,start] GC(295) Phase 1: Mark live objects
[60.280s][info][gc,phases      ] GC(295) Phase 1: Mark live objects 83.063ms
[60.280s][info][gc,phases,start] GC(295) Phase 2: Compute new object addresses
[60.303s][info][gc,phases      ] GC(295) Phase 2: Compute new object addresses 22.968ms
[60.303s][info][gc,phases,start] GC(295) Phase 3: Adjust pointers
[60.344s][info][gc,phases      ] GC(295) Phase 3: Adjust pointers 40.504ms
[60.344s][info][gc,phases,start] GC(295) Phase 4: Move objects
[60.352s][info][gc,phases      ] GC(295) Phase 4: Move objects 8.436ms
[60.353s][info][gc,heap        ] GC(295) DefNew: 139372K(314560K)->0K(314560K) Eden: 111623K(279616K)->0K(279616K) From: 27749K(34944K)->0K(34944K)
[60.353s][info][gc,heap        ] GC(295) Tenured: 74985K(699072K)->72773K(699072K)
[60.353s][info][gc,metaspace   ] GC(295) Metaspace: 140153K(142016K)->140126K(142016K) NonClass: 122782K(123776K)->122760K(123776K) Class: 17370K(18240K)->17366K(18240K)
[60.353s][info][gc             ] GC(295) Pause Full (System.gc()) 209M->71M(989M) 155.927ms
[60.353s][info][gc,cpu         ] GC(295) User=0.14s Sys=0.00s Real=0.16s
[60.567s][info][gc,start       ] GC(296) Pause Young (Allocation Failure)
[60.573s][info][gc,heap        ] GC(296) DefNew: 279616K(314560K)->2135K(314560K) Eden: 279616K(279616K)->0K(279616K) From: 0K(34944K)->2135K(34944K)
[60.573s][info][gc,heap        ] GC(296) Tenured: 72773K(699072K)->72773K(699072K)
[60.573s][info][gc,metaspace   ] GC(296) Metaspace: 140165K(142016K)->140165K(142016K) NonClass: 122795K(123776K)->122795K(123776K) Class: 17370K(18240K)->17370K(18240K)
[60.573s][info][gc             ] GC(296) Pause Young (Allocation Failure) 344M->73M(989M) 6.040ms
[60.573s][info][gc,cpu         ] GC(296) User=0.00s Sys=0.00s Real=0.02s
[60.658s][info][gc,start       ] GC(297) Pause Young (Allocation Failure)
[60.664s][info][gc,heap        ] GC(297) DefNew: 281751K(314560K)->3439K(314560K) Eden: 279616K(279616K)->0K(279616K) From: 2135K(34944K)->3439K(34944K)
[60.664s][info][gc,heap        ] GC(297) Tenured: 72773K(699072K)->72773K(699072K)
[60.664s][info][gc,metaspace   ] GC(297) Metaspace: 140165K(142016K)->140165K(142016K) NonClass: 122795K(123776K)->122795K(123776K) Class: 17370K(18240K)->17370K(18240K)
[60.664s][info][gc             ] GC(297) Pause Young (Allocation Failure) 346M->74M(989M) 5.919ms
[60.664s][info][gc,cpu         ] GC(297) User=0.00s Sys=0.00s Real=0.00s
[60.727s][info][gc,start       ] GC(298) Pause Young (Allocation Failure)
[60.730s][info][gc,heap        ] GC(298) DefNew: 283055K(314560K)->2565K(314560K) Eden: 279616K(279616K)->0K(279616K) From: 3439K(34944K)->2565K(34944K)
[60.730s][info][gc,heap        ] GC(298) Tenured: 72773K(699072K)->72773K(699072K)
[60.730s][info][gc,metaspace   ] GC(298) Metaspace: 140165K(142016K)->140165K(142016K) NonClass: 122795K(123776K)->122795K(123776K) Class: 17370K(18240K)->17370K(18240K)
[60.730s][info][gc             ] GC(298) Pause Young (Allocation Failure) 347M->73M(989M) 3.515ms
[60.730s][info][gc,cpu         ] GC(298) User=0.00s Sys=0.00s Real=0.00s
[60.855s][info][gc,start       ] GC(299) Pause Young (Allocation Failure)
[60.859s][info][gc,heap        ] GC(299) DefNew: 282181K(314560K)->1788K(314560K) Eden: 279616K(279616K)->0K(279616K) From: 2565K(34944K)->1788K(34944K)
[60.859s][info][gc,heap        ] GC(299) Tenured: 72773K(699072K)->72773K(699072K)
[60.859s][info][gc,metaspace   ] GC(299) Metaspace: 140170K(142016K)->140170K(142016K) NonClass: 122799K(123776K)->122799K(123776K) Class: 17370K(18240K)->17370K(18240K)
[60.859s][info][gc             ] GC(299) Pause Young (Allocation Failure) 346M->72M(989M) 4.063ms
[60.859s][info][gc,cpu         ] GC(299) User=0.00s Sys=0.00s Real=0.00s
[60.972s][info][gc,start       ] GC(300) Pause Young (Allocation Failure)
[60.984s][info][gc,heap        ] GC(300) DefNew: 281404K(314560K)->27087K(314560K) Eden: 279616K(279616K)->0K(279616K) From: 1788K(34944K)->27087K(34944K)
[60.984s][info][gc,heap        ] GC(300) Tenured: 72773K(699072K)->72773K(699072K)
[60.984s][info][gc,metaspace   ] GC(300) Metaspace: 140170K(142016K)->140170K(142016K) NonClass: 122799K(123776K)->122799K(123776K) Class: 17370K(18240K)->17370K(18240K)
[60.984s][info][gc             ] GC(300) Pause Young (Allocation Failure) 345M->97M(989M) 12.089ms
[60.984s][info][gc,cpu         ] GC(300) User=0.00s Sys=0.00s Real=0.02s
[61.105s][info][gc,start       ] GC(301) Pause Full (System.gc())
[61.105s][info][gc,phases,start] GC(301) Phase 1: Mark live objects
[61.187s][info][gc,phases      ] GC(301) Phase 1: Mark live objects 82.104ms
[61.187s][info][gc,phases,start] GC(301) Phase 2: Compute new object addresses
[61.211s][info][gc,phases      ] GC(301) Phase 2: Compute new object addresses 23.803ms
[61.211s][info][gc,phases,start] GC(301) Phase 3: Adjust pointers
[61.250s][info][gc,phases      ] GC(301) Phase 3: Adjust pointers 38.876ms
[61.250s][info][gc,phases,start] GC(301) Phase 4: Move objects
[61.250s][info][gc,phases      ] GC(301) Phase 4: Move objects 0.134ms
[61.251s][info][gc,heap        ] GC(301) DefNew: 145415K(314560K)->0K(314560K) Eden: 118327K(279616K)->0K(279616K) From: 27087K(34944K)->0K(34944K)
[61.251s][info][gc,heap        ] GC(301) Tenured: 72773K(699072K)->73608K(699072K)
[61.251s][info][gc,metaspace   ] GC(301) Metaspace: 140170K(142016K)->140143K(142016K) NonClass: 122799K(123776K)->122777K(123776K) Class: 17370K(18240K)->17366K(18240K)
[61.251s][info][gc             ] GC(301) Pause Full (System.gc()) 213M->71M(989M) 145.759ms
[61.251s][info][gc,cpu         ] GC(301) User=0.14s Sys=0.00s Real=0.14s
[61.461s][info][gc,start       ] GC(302) Pause Young (Allocation Failure)
[61.467s][info][gc,heap        ] GC(302) DefNew: 279616K(314560K)->2131K(314560K) Eden: 279616K(279616K)->0K(279616K) From: 0K(34944K)->2131K(34944K)
[61.467s][info][gc,heap        ] GC(302) Tenured: 73608K(699072K)->73608K(699072K)
[61.467s][info][gc,metaspace   ] GC(302) Metaspace: 140179K(142016K)->140179K(142016K) NonClass: 122808K(123776K)->122808K(123776K) Class: 17371K(18240K)->17371K(18240K)
[61.467s][info][gc             ] GC(302) Pause Young (Allocation Failure) 344M->73M(989M) 5.328ms
[61.467s][info][gc,cpu         ] GC(302) User=0.02s Sys=0.00s Real=0.02s
[61.552s][info][gc,start       ] GC(303) Pause Young (Allocation Failure)
[61.558s][info][gc,heap        ] GC(303) DefNew: 281747K(314560K)->3425K(314560K) Eden: 279616K(279616K)->0K(279616K) From: 2131K(34944K)->3425K(34944K)
[61.558s][info][gc,heap        ] GC(303) Tenured: 73608K(699072K)->73608K(699072K)
[61.558s][info][gc,metaspace   ] GC(303) Metaspace: 140179K(142016K)->140179K(142016K) NonClass: 122808K(123776K)->122808K(123776K) Class: 17371K(18240K)->17371K(18240K)
[61.558s][info][gc             ] GC(303) Pause Young (Allocation Failure) 347M->75M(989M) 5.645ms
[61.558s][info][gc,cpu         ] GC(303) User=0.00s Sys=0.00s Real=0.00s
[61.627s][info][gc,start       ] GC(304) Pause Young (Allocation Failure)
[61.630s][info][gc,heap        ] GC(304) DefNew: 282983K(314560K)->2569K(314560K) Eden: 279558K(279616K)->0K(279616K) From: 3425K(34944K)->2569K(34944K)
[61.630s][info][gc,heap        ] GC(304) Tenured: 73608K(699072K)->73608K(699072K)
[61.630s][info][gc,metaspace   ] GC(304) Metaspace: 140179K(142016K)->140179K(142016K) NonClass: 122808K(123776K)->122808K(123776K) Class: 17371K(18240K)->17371K(18240K)
[61.630s][info][gc             ] GC(304) Pause Young (Allocation Failure) 348M->74M(989M) 3.461ms
[61.630s][info][gc,cpu         ] GC(304) User=0.00s Sys=0.00s Real=0.00s
[61.746s][info][gc,start       ] GC(305) Pause Young (Allocation Failure)
[61.749s][info][gc,heap        ] GC(305) DefNew: 282185K(314560K)->2602K(314560K) Eden: 279616K(279616K)->0K(279616K) From: 2569K(34944K)->2602K(34944K)
[61.749s][info][gc,heap        ] GC(305) Tenured: 73608K(699072K)->73608K(699072K)
[61.749s][info][gc,metaspace   ] GC(305) Metaspace: 140179K(142016K)->140179K(142016K) NonClass: 122808K(123776K)->122808K(123776K) Class: 17371K(18240K)->17371K(18240K)
[61.749s][info][gc             ] GC(305) Pause Young (Allocation Failure) 347M->74M(989M) 3.423ms
[61.749s][info][gc,cpu         ] GC(305) User=0.00s Sys=0.00s Real=0.00s
[61.863s][info][gc,start       ] GC(306) Pause Young (Allocation Failure)
[61.876s][info][gc,heap        ] GC(306) DefNew: 282218K(314560K)->27404K(314560K) Eden: 279616K(279616K)->0K(279616K) From: 2602K(34944K)->27404K(34944K)
[61.876s][info][gc,heap        ] GC(306) Tenured: 73608K(699072K)->73608K(699072K)
[61.876s][info][gc,metaspace   ] GC(306) Metaspace: 140179K(142016K)->140179K(142016K) NonClass: 122808K(123776K)->122808K(123776K) Class: 17371K(18240K)->17371K(18240K)
[61.876s][info][gc             ] GC(306) Pause Young (Allocation Failure) 347M->98M(989M) 12.532ms
[61.876s][info][gc,cpu         ] GC(306) User=0.00s Sys=0.00s Real=0.02s
[61.996s][info][gc,start       ] GC(307) Pause Full (System.gc())
[61.996s][info][gc,phases,start] GC(307) Phase 1: Mark live objects
[62.078s][info][gc,phases      ] GC(307) Phase 1: Mark live objects 82.165ms
[62.078s][info][gc,phases,start] GC(307) Phase 2: Compute new object addresses
[62.101s][info][gc,phases      ] GC(307) Phase 2: Compute new object addresses 23.331ms
[62.101s][info][gc,phases,start] GC(307) Phase 3: Adjust pointers
[62.140s][info][gc,phases      ] GC(307) Phase 3: Adjust pointers 38.775ms
[62.140s][info][gc,phases,start] GC(307) Phase 4: Move objects
[62.140s][info][gc,phases      ] GC(307) Phase 4: Move objects 0.123ms
[62.141s][info][gc,heap        ] GC(307) DefNew: 143045K(314560K)->0K(314560K) Eden: 115641K(279616K)->0K(279616K) From: 27404K(34944K)->0K(34944K)
[62.141s][info][gc,heap        ] GC(307) Tenured: 73608K(699072K)->74446K(699072K)
[62.141s][info][gc,metaspace   ] GC(307) Metaspace: 140179K(142016K)->140153K(142016K) NonClass: 122808K(123776K)->122786K(123776K) Class: 17371K(18240K)->17366K(18240K)
[62.141s][info][gc             ] GC(307) Pause Full (System.gc()) 211M->72M(989M) 145.140ms
[62.141s][info][gc,cpu         ] GC(307) User=0.14s Sys=0.00s Real=0.14s
[62.347s][info][gc,start       ] GC(308) Pause Young (Allocation Failure)
[62.353s][info][gc,heap        ] GC(308) DefNew: 279616K(314560K)->2141K(314560K) Eden: 279616K(279616K)->0K(279616K) From: 0K(34944K)->2141K(34944K)
[62.353s][info][gc,heap        ] GC(308) Tenured: 74446K(699072K)->74446K(699072K)
[62.353s][info][gc,metaspace   ] GC(308) Metaspace: 140196K(142016K)->140196K(142016K) NonClass: 122825K(123776K)->122825K(123776K) Class: 17371K(18240K)->17371K(18240K)
[62.353s][info][gc             ] GC(308) Pause Young (Allocation Failure) 345M->74M(989M) 5.416ms
[62.353s][info][gc,cpu         ] GC(308) User=0.00s Sys=0.00s Real=0.01s
[62.438s][info][gc,start       ] GC(309) Pause Young (Allocation Failure)
[62.444s][info][gc,heap        ] GC(309) DefNew: 281757K(314560K)->3435K(314560K) Eden: 279616K(279616K)->0K(279616K) From: 2141K(34944K)->3435K(34944K)
[62.444s][info][gc,heap        ] GC(309) Tenured: 74446K(699072K)->74446K(699072K)
[62.444s][info][gc,metaspace   ] GC(309) Metaspace: 140196K(142016K)->140196K(142016K) NonClass: 122825K(123776K)->122825K(123776K) Class: 17371K(18240K)->17371K(18240K)
[62.444s][info][gc             ] GC(309) Pause Young (Allocation Failure) 347M->76M(989M) 5.545ms
[62.444s][info][gc,cpu         ] GC(309) User=0.00s Sys=0.00s Real=0.00s
[62.509s][info][gc,start       ] GC(310) Pause Young (Allocation Failure)
[62.512s][info][gc,heap        ] GC(310) DefNew: 283051K(314560K)->2510K(314560K) Eden: 279616K(279616K)->0K(279616K) From: 3435K(34944K)->2510K(34944K)
[62.512s][info][gc,heap        ] GC(310) Tenured: 74446K(699072K)->74446K(699072K)
[62.512s][info][gc,metaspace   ] GC(310) Metaspace: 140196K(142016K)->140196K(142016K) NonClass: 122825K(123776K)->122825K(123776K) Class: 17371K(18240K)->17371K(18240K)
[62.512s][info][gc             ] GC(310) Pause Young (Allocation Failure) 349M->75M(989M) 3.548ms
[62.512s][info][gc,cpu         ] GC(310) User=0.00s Sys=0.00s Real=0.00s
[62.631s][info][gc,start       ] GC(311) Pause Young (Allocation Failure)
[62.634s][info][gc,heap        ] GC(311) DefNew: 282126K(314560K)->2563K(314560K) Eden: 279616K(279616K)->0K(279616K) From: 2510K(34944K)->2563K(34944K)
[62.634s][info][gc,heap        ] GC(311) Tenured: 74446K(699072K)->74446K(699072K)
[62.634s][info][gc,metaspace   ] GC(311) Metaspace: 140196K(142016K)->140196K(142016K) NonClass: 122825K(123776K)->122825K(123776K) Class: 17371K(18240K)->17371K(18240K)
[62.634s][info][gc             ] GC(311) Pause Young (Allocation Failure) 348M->75M(989M) 3.298ms
[62.634s][info][gc,cpu         ] GC(311) User=0.00s Sys=0.00s Real=0.00s
[62.748s][info][gc,start       ] GC(312) Pause Young (Allocation Failure)
[62.761s][info][gc,heap        ] GC(312) DefNew: 282179K(314560K)->27584K(314560K) Eden: 279616K(279616K)->0K(279616K) From: 2563K(34944K)->27584K(34944K)
[62.761s][info][gc,heap        ] GC(312) Tenured: 74446K(699072K)->74446K(699072K)
[62.761s][info][gc,metaspace   ] GC(312) Metaspace: 140196K(142016K)->140196K(142016K) NonClass: 122825K(123776K)->122825K(123776K) Class: 17371K(18240K)->17371K(18240K)
[62.761s][info][gc             ] GC(312) Pause Young (Allocation Failure) 348M->99M(989M) 12.842ms
[62.761s][info][gc,cpu         ] GC(312) User=0.00s Sys=0.00s Real=0.02s
[62.881s][info][gc,start       ] GC(313) Pause Full (System.gc())
[62.882s][info][gc,phases,start] GC(313) Phase 1: Mark live objects
[62.964s][info][gc,phases      ] GC(313) Phase 1: Mark live objects 82.092ms
[62.964s][info][gc,phases,start] GC(313) Phase 2: Compute new object addresses
[62.988s][info][gc,phases      ] GC(313) Phase 2: Compute new object addresses 24.135ms
[62.988s][info][gc,phases,start] GC(313) Phase 3: Adjust pointers
[63.027s][info][gc,phases      ] GC(313) Phase 3: Adjust pointers 38.720ms
[63.027s][info][gc,phases,start] GC(313) Phase 4: Move objects
[63.027s][info][gc,phases      ] GC(313) Phase 4: Move objects 0.191ms
[63.027s][info][gc,heap        ] GC(313) DefNew: 140554K(314560K)->0K(314560K) Eden: 112969K(279616K)->0K(279616K) From: 27584K(34944K)->0K(34944K)
[63.027s][info][gc,heap        ] GC(313) Tenured: 74446K(699072K)->75282K(699072K)
[63.027s][info][gc,metaspace   ] GC(313) Metaspace: 140196K(142016K)->140170K(142016K) NonClass: 122825K(123776K)->122803K(123776K) Class: 17371K(18240K)->17366K(18240K)
[63.027s][info][gc             ] GC(313) Pause Full (System.gc()) 209M->73M(989M) 145.918ms
[63.027s][info][gc,cpu         ] GC(313) User=0.14s Sys=0.00s Real=0.14s
[63.242s][info][gc,start       ] GC(314) Pause Young (Allocation Failure)
[63.248s][info][gc,heap        ] GC(314) DefNew: 279616K(314560K)->2139K(314560K) Eden: 279616K(279616K)->0K(279616K) From: 0K(34944K)->2139K(34944K)
[63.248s][info][gc,heap        ] GC(314) Tenured: 75282K(699072K)->75282K(699072K)
[63.248s][info][gc,metaspace   ] GC(314) Metaspace: 140290K(142144K)->140290K(142144K) NonClass: 122919K(123904K)->122919K(123904K) Class: 17371K(18240K)->17371K(18240K)
[63.248s][info][gc             ] GC(314) Pause Young (Allocation Failure) 346M->75M(989M) 5.443ms
[63.248s][info][gc,cpu         ] GC(314) User=0.00s Sys=0.00s Real=0.01s
[63.332s][info][gc,start       ] GC(315) Pause Young (Allocation Failure)
[63.338s][info][gc,heap        ] GC(315) DefNew: 281755K(314560K)->3436K(314560K) Eden: 279616K(279616K)->0K(279616K) From: 2139K(34944K)->3436K(34944K)
[63.338s][info][gc,heap        ] GC(315) Tenured: 75282K(699072K)->75282K(699072K)
[63.338s][info][gc,metaspace   ] GC(315) Metaspace: 140291K(142144K)->140291K(142144K) NonClass: 122920K(123904K)->122920K(123904K) Class: 17371K(18240K)->17371K(18240K)
[63.338s][info][gc             ] GC(315) Pause Young (Allocation Failure) 348M->76M(989M) 5.899ms
[63.338s][info][gc,cpu         ] GC(315) User=0.00s Sys=0.00s Real=0.01s
[63.403s][info][gc,start       ] GC(316) Pause Young (Allocation Failure)
[63.407s][info][gc,heap        ] GC(316) DefNew: 283052K(314560K)->3049K(314560K) Eden: 279616K(279616K)->0K(279616K) From: 3436K(34944K)->3049K(34944K)
[63.407s][info][gc,heap        ] GC(316) Tenured: 75282K(699072K)->75282K(699072K)
[63.407s][info][gc,metaspace   ] GC(316) Metaspace: 140294K(142144K)->140294K(142144K) NonClass: 122923K(123904K)->122923K(123904K) Class: 17371K(18240K)->17371K(18240K)
[63.407s][info][gc             ] GC(316) Pause Young (Allocation Failure) 349M->76M(989M) 4.242ms
[63.407s][info][gc,cpu         ] GC(316) User=0.00s Sys=0.00s Real=0.02s
[63.524s][info][gc,start       ] GC(317) Pause Young (Allocation Failure)
[63.527s][info][gc,heap        ] GC(317) DefNew: 282665K(314560K)->2622K(314560K) Eden: 279616K(279616K)->0K(279616K) From: 3049K(34944K)->2622K(34944K)
[63.527s][info][gc,heap        ] GC(317) Tenured: 75282K(699072K)->75282K(699072K)
[63.527s][info][gc,metaspace   ] GC(317) Metaspace: 140294K(142144K)->140294K(142144K) NonClass: 122923K(123904K)->122923K(123904K) Class: 17371K(18240K)->17371K(18240K)
[63.527s][info][gc             ] GC(317) Pause Young (Allocation Failure) 349M->76M(989M) 3.438ms
[63.527s][info][gc,cpu         ] GC(317) User=0.02s Sys=0.00s Real=0.02s
[63.645s][info][gc,start       ] GC(318) Pause Young (Allocation Failure)
[63.658s][info][gc,heap        ] GC(318) DefNew: 282238K(314560K)->27432K(314560K) Eden: 279616K(279616K)->0K(279616K) From: 2622K(34944K)->27432K(34944K)
[63.658s][info][gc,heap        ] GC(318) Tenured: 75282K(699072K)->75282K(699072K)
[63.658s][info][gc,metaspace   ] GC(318) Metaspace: 140294K(142144K)->140294K(142144K) NonClass: 122923K(123904K)->122923K(123904K) Class: 17371K(18240K)->17371K(18240K)
[63.658s][info][gc             ] GC(318) Pause Young (Allocation Failure) 349M->100M(989M) 12.443ms
[63.658s][info][gc,cpu         ] GC(318) User=0.00s Sys=0.00s Real=0.01s
[63.779s][info][gc,start       ] GC(319) Pause Full (System.gc())
[63.779s][info][gc,phases,start] GC(319) Phase 1: Mark live objects
[63.862s][info][gc,phases      ] GC(319) Phase 1: Mark live objects 82.538ms
[63.862s][info][gc,phases,start] GC(319) Phase 2: Compute new object addresses
[63.885s][info][gc,phases      ] GC(319) Phase 2: Compute new object addresses 23.346ms
[63.885s][info][gc,phases,start] GC(319) Phase 3: Adjust pointers
[63.926s][info][gc,phases      ] GC(319) Phase 3: Adjust pointers 40.221ms
[63.926s][info][gc,phases,start] GC(319) Phase 4: Move objects
[63.932s][info][gc,phases      ] GC(319) Phase 4: Move objects 6.497ms
[63.933s][info][gc,heap        ] GC(319) DefNew: 142274K(314560K)->0K(314560K) Eden: 114841K(279616K)->0K(279616K) From: 27432K(34944K)->0K(34944K)
[63.933s][info][gc,heap        ] GC(319) Tenured: 75282K(699072K)->73073K(699072K)
[63.933s][info][gc,metaspace   ] GC(319) Metaspace: 140300K(142144K)->140274K(142144K) NonClass: 122929K(123904K)->122907K(123904K) Class: 17371K(18240K)->17366K(18240K)
[63.933s][info][gc             ] GC(319) Pause Full (System.gc()) 212M->71M(989M) 153.505ms
[63.933s][info][gc,cpu         ] GC(319) User=0.14s Sys=0.00s Real=0.14s
[64.139s][info][gc,start       ] GC(320) Pause Young (Allocation Failure)
[64.144s][info][gc,heap        ] GC(320) DefNew: 279616K(314560K)->1935K(314560K) Eden: 279616K(279616K)->0K(279616K) From: 0K(34944K)->1935K(34944K)
[64.144s][info][gc,heap        ] GC(320) Tenured: 73073K(699072K)->73073K(699072K)
[64.144s][info][gc,metaspace   ] GC(320) Metaspace: 140305K(142144K)->140305K(142144K) NonClass: 122934K(123904K)->122934K(123904K) Class: 17371K(18240K)->17371K(18240K)
[64.144s][info][gc             ] GC(320) Pause Young (Allocation Failure) 344M->73M(989M) 4.681ms
[64.144s][info][gc,cpu         ] GC(320) User=0.00s Sys=0.00s Real=0.00s
[64.230s][info][gc,start       ] GC(321) Pause Young (Allocation Failure)
[64.235s][info][gc,heap        ] GC(321) DefNew: 281551K(314560K)->3444K(314560K) Eden: 279616K(279616K)->0K(279616K) From: 1935K(34944K)->3444K(34944K)
[64.235s][info][gc,heap        ] GC(321) Tenured: 73073K(699072K)->73073K(699072K)
[64.235s][info][gc,metaspace   ] GC(321) Metaspace: 140305K(142144K)->140305K(142144K) NonClass: 122934K(123904K)->122934K(123904K) Class: 17371K(18240K)->17371K(18240K)
[64.235s][info][gc             ] GC(321) Pause Young (Allocation Failure) 346M->74M(989M) 5.655ms
[64.235s][info][gc,cpu         ] GC(321) User=0.00s Sys=0.00s Real=0.00s
[64.300s][info][gc,start       ] GC(322) Pause Young (Allocation Failure)
[64.304s][info][gc,heap        ] GC(322) DefNew: 283060K(314560K)->3255K(314560K) Eden: 279616K(279616K)->0K(279616K) From: 3444K(34944K)->3255K(34944K)
[64.304s][info][gc,heap        ] GC(322) Tenured: 73073K(699072K)->73073K(699072K)
[64.304s][info][gc,metaspace   ] GC(322) Metaspace: 140305K(142144K)->140305K(142144K) NonClass: 122934K(123904K)->122934K(123904K) Class: 17371K(18240K)->17371K(18240K)
[64.304s][info][gc             ] GC(322) Pause Young (Allocation Failure) 347M->74M(989M) 3.931ms
[64.304s][info][gc,cpu         ] GC(322) User=0.00s Sys=0.00s Real=0.00s
[64.418s][info][gc,start       ] GC(323) Pause Young (Allocation Failure)
[64.421s][info][gc,heap        ] GC(323) DefNew: 282871K(314560K)->1341K(314560K) Eden: 279616K(279616K)->0K(279616K) From: 3255K(34944K)->1341K(34944K)
[64.421s][info][gc,heap        ] GC(323) Tenured: 73073K(699072K)->73073K(699072K)
[64.421s][info][gc,metaspace   ] GC(323) Metaspace: 140312K(142144K)->140312K(142144K) NonClass: 122941K(123904K)->122941K(123904K) Class: 17371K(18240K)->17371K(18240K)
[64.421s][info][gc             ] GC(323) Pause Young (Allocation Failure) 347M->72M(989M) 3.148ms
[64.421s][info][gc,cpu         ] GC(323) User=0.00s Sys=0.00s Real=0.00s
[64.538s][info][gc,start       ] GC(324) Pause Young (Allocation Failure)
[64.550s][info][gc,heap        ] GC(324) DefNew: 280957K(314560K)->27751K(314560K) Eden: 279616K(279616K)->0K(279616K) From: 1341K(34944K)->27751K(34944K)
[64.550s][info][gc,heap        ] GC(324) Tenured: 73073K(699072K)->73073K(699072K)
[64.550s][info][gc,metaspace   ] GC(324) Metaspace: 140312K(142144K)->140312K(142144K) NonClass: 122941K(123904K)->122941K(123904K) Class: 17371K(18240K)->17371K(18240K)
[64.550s][info][gc             ] GC(324) Pause Young (Allocation Failure) 345M->98M(989M) 12.657ms
[64.550s][info][gc,cpu         ] GC(324) User=0.00s Sys=0.00s Real=0.02s
[64.672s][info][gc,start       ] GC(325) Pause Full (System.gc())
[64.672s][info][gc,phases,start] GC(325) Phase 1: Mark live objects
[64.755s][info][gc,phases      ] GC(325) Phase 1: Mark live objects 83.456ms
[64.755s][info][gc,phases,start] GC(325) Phase 2: Compute new object addresses
[64.778s][info][gc,phases      ] GC(325) Phase 2: Compute new object addresses 22.897ms
[64.778s][info][gc,phases,start] GC(325) Phase 3: Adjust pointers
[64.817s][info][gc,phases      ] GC(325) Phase 3: Adjust pointers 38.952ms
[64.817s][info][gc,phases,start] GC(325) Phase 4: Move objects
[64.817s][info][gc,phases      ] GC(325) Phase 4: Move objects 0.125ms
[64.818s][info][gc,heap        ] GC(325) DefNew: 140510K(314560K)->0K(314560K) Eden: 112759K(279616K)->0K(279616K) From: 27751K(34944K)->0K(34944K)
[64.818s][info][gc,heap        ] GC(325) Tenured: 73073K(699072K)->73935K(699072K)
[64.818s][info][gc,metaspace   ] GC(325) Metaspace: 140312K(142144K)->140286K(142144K) NonClass: 122941K(123904K)->122919K(123904K) Class: 17371K(18240K)->17366K(18240K)
[64.818s][info][gc             ] GC(325) Pause Full (System.gc()) 208M->72M(989M) 146.182ms
[64.818s][info][gc,cpu         ] GC(325) User=0.12s Sys=0.02s Real=0.14s
[65.028s][info][gc,start       ] GC(326) Pause Young (Allocation Failure)
[65.033s][info][gc,heap        ] GC(326) DefNew: 279616K(314560K)->2137K(314560K) Eden: 279616K(279616K)->0K(279616K) From: 0K(34944K)->2137K(34944K)
[65.033s][info][gc,heap        ] GC(326) Tenured: 73935K(699072K)->73935K(699072K)
[65.033s][info][gc,metaspace   ] GC(326) Metaspace: 140341K(142144K)->140341K(142144K) NonClass: 122970K(123904K)->122970K(123904K) Class: 17371K(18240K)->17371K(18240K)
[65.033s][info][gc             ] GC(326) Pause Young (Allocation Failure) 345M->74M(989M) 5.178ms
[65.033s][info][gc,cpu         ] GC(326) User=0.02s Sys=0.00s Real=0.02s
[65.117s][info][gc,start       ] GC(327) Pause Young (Allocation Failure)
[65.123s][info][gc,heap        ] GC(327) DefNew: 281753K(314560K)->3429K(314560K) Eden: 279616K(279616K)->0K(279616K) From: 2137K(34944K)->3429K(34944K)
[65.123s][info][gc,heap        ] GC(327) Tenured: 73935K(699072K)->73935K(699072K)
[65.123s][info][gc,metaspace   ] GC(327) Metaspace: 140341K(142144K)->140341K(142144K) NonClass: 122970K(123904K)->122970K(123904K) Class: 17371K(18240K)->17371K(18240K)
[65.123s][info][gc             ] GC(327) Pause Young (Allocation Failure) 347M->75M(989M) 5.872ms
[65.123s][info][gc,cpu         ] GC(327) User=0.00s Sys=0.00s Real=0.00s
[65.187s][info][gc,start       ] GC(328) Pause Young (Allocation Failure)
[65.191s][info][gc,heap        ] GC(328) DefNew: 283045K(314560K)->2517K(314560K) Eden: 279616K(279616K)->0K(279616K) From: 3429K(34944K)->2517K(34944K)
[65.191s][info][gc,heap        ] GC(328) Tenured: 73935K(699072K)->73935K(699072K)
[65.191s][info][gc,metaspace   ] GC(328) Metaspace: 140341K(142144K)->140341K(142144K) NonClass: 122970K(123904K)->122970K(123904K) Class: 17371K(18240K)->17371K(18240K)
[65.191s][info][gc             ] GC(328) Pause Young (Allocation Failure) 348M->74M(989M) 3.616ms
[65.191s][info][gc,cpu         ] GC(328) User=0.00s Sys=0.00s Real=0.00s
[65.306s][info][gc,start       ] GC(329) Pause Young (Allocation Failure)
[65.310s][info][gc,heap        ] GC(329) DefNew: 282133K(314560K)->2384K(314560K) Eden: 279616K(279616K)->0K(279616K) From: 2517K(34944K)->2384K(34944K)
[65.310s][info][gc,heap        ] GC(329) Tenured: 73935K(699072K)->73935K(699072K)
[65.310s][info][gc,metaspace   ] GC(329) Metaspace: 140341K(142144K)->140341K(142144K) NonClass: 122970K(123904K)->122970K(123904K) Class: 17371K(18240K)->17371K(18240K)
[65.310s][info][gc             ] GC(329) Pause Young (Allocation Failure) 347M->74M(989M) 3.331ms
[65.310s][info][gc,cpu         ] GC(329) User=0.00s Sys=0.00s Real=0.00s
[65.425s][info][gc,start       ] GC(330) Pause Young (Allocation Failure)
[65.437s][info][gc,heap        ] GC(330) DefNew: 282000K(314560K)->27701K(314560K) Eden: 279616K(279616K)->0K(279616K) From: 2384K(34944K)->27701K(34944K)
[65.437s][info][gc,heap        ] GC(330) Tenured: 73935K(699072K)->73935K(699072K)
[65.437s][info][gc,metaspace   ] GC(330) Metaspace: 140341K(142144K)->140341K(142144K) NonClass: 122970K(123904K)->122970K(123904K) Class: 17371K(18240K)->17371K(18240K)
[65.437s][info][gc             ] GC(330) Pause Young (Allocation Failure) 347M->99M(989M) 11.987ms
[65.437s][info][gc,cpu         ] GC(330) User=0.00s Sys=0.00s Real=0.02s
[65.556s][info][gc,start       ] GC(331) Pause Full (System.gc())
[65.556s][info][gc,phases,start] GC(331) Phase 1: Mark live objects
[65.642s][info][gc,phases      ] GC(331) Phase 1: Mark live objects 85.515ms
[65.642s][info][gc,phases,start] GC(331) Phase 2: Compute new object addresses
[65.665s][info][gc,phases      ] GC(331) Phase 2: Compute new object addresses 23.091ms
[65.665s][info][gc,phases,start] GC(331) Phase 3: Adjust pointers
[65.705s][info][gc,phases      ] GC(331) Phase 3: Adjust pointers 39.921ms
[65.705s][info][gc,phases,start] GC(331) Phase 4: Move objects
[65.705s][info][gc,phases      ] GC(331) Phase 4: Move objects 0.122ms
[65.706s][info][gc,heap        ] GC(331) DefNew: 140703K(314560K)->0K(314560K) Eden: 113001K(279616K)->0K(279616K) From: 27701K(34944K)->0K(34944K)
[65.706s][info][gc,heap        ] GC(331) Tenured: 73935K(699072K)->74774K(699072K)
[65.706s][info][gc,metaspace   ] GC(331) Metaspace: 140341K(142144K)->140315K(142144K) NonClass: 122970K(123904K)->122948K(123904K) Class: 17371K(18240K)->17366K(18240K)
[65.706s][info][gc             ] GC(331) Pause Full (System.gc()) 209M->73M(989M) 149.434ms
[65.706s][info][gc,cpu         ] GC(331) User=0.12s Sys=0.00s Real=0.14s
[65.911s][info][gc,start       ] GC(332) Pause Young (Allocation Failure)
[65.916s][info][gc,heap        ] GC(332) DefNew: 279616K(314560K)->2138K(314560K) Eden: 279616K(279616K)->0K(279616K) From: 0K(34944K)->2138K(34944K)
[65.916s][info][gc,heap        ] GC(332) Tenured: 74774K(699072K)->74774K(699072K)
[65.916s][info][gc,metaspace   ] GC(332) Metaspace: 140364K(142208K)->140364K(142208K) NonClass: 122993K(123968K)->122993K(123968K) Class: 17371K(18240K)->17371K(18240K)
[65.916s][info][gc             ] GC(332) Pause Young (Allocation Failure) 346M->75M(989M) 5.124ms
[65.916s][info][gc,cpu         ] GC(332) User=0.02s Sys=0.00s Real=0.01s
[66.001s][info][gc,start       ] GC(333) Pause Young (Allocation Failure)
[66.007s][info][gc,heap        ] GC(333) DefNew: 281754K(314560K)->3434K(314560K) Eden: 279616K(279616K)->0K(279616K) From: 2138K(34944K)->3434K(34944K)
[66.007s][info][gc,heap        ] GC(333) Tenured: 74774K(699072K)->74774K(699072K)
[66.007s][info][gc,metaspace   ] GC(333) Metaspace: 140367K(142208K)->140367K(142208K) NonClass: 122995K(123968K)->122995K(123968K) Class: 17371K(18240K)->17371K(18240K)
[66.007s][info][gc             ] GC(333) Pause Young (Allocation Failure) 348M->76M(989M) 5.565ms
[66.007s][info][gc,cpu         ] GC(333) User=0.00s Sys=0.00s Real=0.00s
[66.070s][info][gc,start       ] GC(334) Pause Young (Allocation Failure)
[66.074s][info][gc,heap        ] GC(334) DefNew: 283050K(314560K)->2512K(314560K) Eden: 279616K(279616K)->0K(279616K) From: 3434K(34944K)->2512K(34944K)
[66.074s][info][gc,heap        ] GC(334) Tenured: 74774K(699072K)->74774K(699072K)
[66.074s][info][gc,metaspace   ] GC(334) Metaspace: 140367K(142208K)->140367K(142208K) NonClass: 122995K(123968K)->122995K(123968K) Class: 17371K(18240K)->17371K(18240K)
[66.074s][info][gc             ] GC(334) Pause Young (Allocation Failure) 349M->75M(989M) 3.442ms
[66.074s][info][gc,cpu         ] GC(334) User=0.00s Sys=0.00s Real=0.00s
[66.196s][info][gc,start       ] GC(335) Pause Young (Allocation Failure)
[66.200s][info][gc,heap        ] GC(335) DefNew: 282128K(314560K)->1501K(314560K) Eden: 279616K(279616K)->0K(279616K) From: 2512K(34944K)->1501K(34944K)
[66.200s][info][gc,heap        ] GC(335) Tenured: 74774K(699072K)->74774K(699072K)
[66.200s][info][gc,metaspace   ] GC(335) Metaspace: 140368K(142208K)->140368K(142208K) NonClass: 122997K(123968K)->122997K(123968K) Class: 17371K(18240K)->17371K(18240K)
[66.200s][info][gc             ] GC(335) Pause Young (Allocation Failure) 348M->74M(989M) 3.606ms
[66.200s][info][gc,cpu         ] GC(335) User=0.00s Sys=0.00s Real=0.00s
[66.315s][info][gc,start       ] GC(336) Pause Young (Allocation Failure)
[66.327s][info][gc,heap        ] GC(336) DefNew: 281117K(314560K)->27636K(314560K) Eden: 279616K(279616K)->0K(279616K) From: 1501K(34944K)->27636K(34944K)
[66.327s][info][gc,heap        ] GC(336) Tenured: 74774K(699072K)->74774K(699072K)
[66.327s][info][gc,metaspace   ] GC(336) Metaspace: 140369K(142208K)->140369K(142208K) NonClass: 122998K(123968K)->122998K(123968K) Class: 17371K(18240K)->17371K(18240K)
[66.327s][info][gc             ] GC(336) Pause Young (Allocation Failure) 347M->100M(989M) 12.124ms
[66.327s][info][gc,cpu         ] GC(336) User=0.02s Sys=0.00s Real=0.02s
[66.445s][info][gc,start       ] GC(337) Pause Full (System.gc())
[66.446s][info][gc,phases,start] GC(337) Phase 1: Mark live objects
[66.529s][info][gc,phases      ] GC(337) Phase 1: Mark live objects 83.906ms
[66.529s][info][gc,phases,start] GC(337) Phase 2: Compute new object addresses
[66.553s][info][gc,phases      ] GC(337) Phase 2: Compute new object addresses 23.228ms
[66.553s][info][gc,phases,start] GC(337) Phase 3: Adjust pointers
[66.593s][info][gc,phases      ] GC(337) Phase 3: Adjust pointers 40.684ms
[66.593s][info][gc,phases,start] GC(337) Phase 4: Move objects
[66.594s][info][gc,phases      ] GC(337) Phase 4: Move objects 0.196ms
[66.594s][info][gc,heap        ] GC(337) DefNew: 141991K(314560K)->0K(314560K) Eden: 114355K(279616K)->0K(279616K) From: 27636K(34944K)->0K(34944K)
[66.594s][info][gc,heap        ] GC(337) Tenured: 74774K(699072K)->75608K(699072K)
[66.594s][info][gc,metaspace   ] GC(337) Metaspace: 140369K(142208K)->140343K(142208K) NonClass: 122998K(123968K)->122976K(123968K) Class: 17371K(18240K)->17366K(18240K)
[66.594s][info][gc             ] GC(337) Pause Full (System.gc()) 211M->73M(989M) 148.773ms
[66.594s][info][gc,cpu         ] GC(337) User=0.12s Sys=0.00s Real=0.14s
[66.799s][info][gc,start       ] GC(338) Pause Young (Allocation Failure)
[66.804s][info][gc,heap        ] GC(338) DefNew: 279616K(314560K)->2141K(314560K) Eden: 279616K(279616K)->0K(279616K) From: 0K(34944K)->2141K(34944K)
[66.804s][info][gc,heap        ] GC(338) Tenured: 75608K(699072K)->75608K(699072K)
[66.804s][info][gc,metaspace   ] GC(338) Metaspace: 140373K(142208K)->140373K(142208K) NonClass: 123002K(123968K)->123002K(123968K) Class: 17371K(18240K)->17371K(18240K)
[66.804s][info][gc             ] GC(338) Pause Young (Allocation Failure) 346M->75M(989M) 4.957ms
[66.804s][info][gc,cpu         ] GC(338) User=0.00s Sys=0.00s Real=0.00s
[66.889s][info][gc,start       ] GC(339) Pause Young (Allocation Failure)
[66.894s][info][gc,heap        ] GC(339) DefNew: 281757K(314560K)->3431K(314560K) Eden: 279616K(279616K)->0K(279616K) From: 2141K(34944K)->3431K(34944K)
[66.894s][info][gc,heap        ] GC(339) Tenured: 75608K(699072K)->75608K(699072K)
[66.894s][info][gc,metaspace   ] GC(339) Metaspace: 140373K(142208K)->140373K(142208K) NonClass: 123002K(123968K)->123002K(123968K) Class: 17371K(18240K)->17371K(18240K)
[66.895s][info][gc             ] GC(339) Pause Young (Allocation Failure) 348M->77M(989M) 5.613ms
[66.895s][info][gc,cpu         ] GC(339) User=0.00s Sys=0.00s Real=0.00s
[66.959s][info][gc,start       ] GC(340) Pause Young (Allocation Failure)
[66.963s][info][gc,heap        ] GC(340) DefNew: 283047K(314560K)->3121K(314560K) Eden: 279616K(279616K)->0K(279616K) From: 3431K(34944K)->3121K(34944K)
[66.963s][info][gc,heap        ] GC(340) Tenured: 75608K(699072K)->75608K(699072K)
[66.963s][info][gc,metaspace   ] GC(340) Metaspace: 140373K(142208K)->140373K(142208K) NonClass: 123002K(123968K)->123002K(123968K) Class: 17371K(18240K)->17371K(18240K)
[66.963s][info][gc             ] GC(340) Pause Young (Allocation Failure) 350M->76M(989M) 3.856ms
[66.963s][info][gc,cpu         ] GC(340) User=0.00s Sys=0.00s Real=0.00s
[67.079s][info][gc,start       ] GC(341) Pause Young (Allocation Failure)
[67.082s][info][gc,heap        ] GC(341) DefNew: 282737K(314560K)->2439K(314560K) Eden: 279616K(279616K)->0K(279616K) From: 3121K(34944K)->2439K(34944K)
[67.082s][info][gc,heap        ] GC(341) Tenured: 75608K(699072K)->75608K(699072K)
[67.082s][info][gc,metaspace   ] GC(341) Metaspace: 140373K(142208K)->140373K(142208K) NonClass: 123002K(123968K)->123002K(123968K) Class: 17371K(18240K)->17371K(18240K)
[67.082s][info][gc             ] GC(341) Pause Young (Allocation Failure) 349M->76M(989M) 3.514ms
[67.082s][info][gc,cpu         ] GC(341) User=0.00s Sys=0.00s Real=0.00s
[67.195s][info][gc,start       ] GC(342) Pause Young (Allocation Failure)
[67.207s][info][gc,heap        ] GC(342) DefNew: 282055K(314560K)->27444K(314560K) Eden: 279616K(279616K)->0K(279616K) From: 2439K(34944K)->27444K(34944K)
[67.208s][info][gc,heap        ] GC(342) Tenured: 75608K(699072K)->75608K(699072K)
[67.208s][info][gc,metaspace   ] GC(342) Metaspace: 140373K(142208K)->140373K(142208K) NonClass: 123002K(123968K)->123002K(123968K) Class: 17371K(18240K)->17371K(18240K)
[67.208s][info][gc             ] GC(342) Pause Young (Allocation Failure) 349M->100M(989M) 12.281ms
[67.208s][info][gc,cpu         ] GC(342) User=0.02s Sys=0.00s Real=0.02s
[67.327s][info][gc,start       ] GC(343) Pause Full (System.gc())
[67.328s][info][gc,phases,start] GC(343) Phase 1: Mark live objects
[67.411s][info][gc,phases      ] GC(343) Phase 1: Mark live objects 83.155ms
[67.411s][info][gc,phases,start] GC(343) Phase 2: Compute new object addresses
[67.434s][info][gc,phases      ] GC(343) Phase 2: Compute new object addresses 23.513ms
[67.434s][info][gc,phases,start] GC(343) Phase 3: Adjust pointers
[67.475s][info][gc,phases      ] GC(343) Phase 3: Adjust pointers 40.377ms
[67.475s][info][gc,phases,start] GC(343) Phase 4: Move objects
[67.481s][info][gc,phases      ] GC(343) Phase 4: Move objects 6.646ms
[67.482s][info][gc,heap        ] GC(343) DefNew: 142764K(314560K)->0K(314560K) Eden: 115319K(279616K)->0K(279616K) From: 27444K(34944K)->0K(34944K)
[67.482s][info][gc,heap        ] GC(343) Tenured: 75608K(699072K)->73488K(699072K)
[67.482s][info][gc,metaspace   ] GC(343) Metaspace: 140373K(142208K)->140346K(142208K) NonClass: 123002K(123968K)->122979K(123968K) Class: 17371K(18240K)->17366K(18240K)
[67.482s][info][gc             ] GC(343) Pause Full (System.gc()) 213M->71M(989M) 154.542ms
[67.482s][info][gc,cpu         ] GC(343) User=0.14s Sys=0.00s Real=0.16s
[67.692s][info][gc,start       ] GC(344) Pause Young (Allocation Failure)
[67.697s][info][gc,heap        ] GC(344) DefNew: 279616K(314560K)->2139K(314560K) Eden: 279616K(279616K)->0K(279616K) From: 0K(34944K)->2139K(34944K)
[67.697s][info][gc,heap        ] GC(344) Tenured: 73488K(699072K)->73488K(699072K)
[67.697s][info][gc,metaspace   ] GC(344) Metaspace: 140457K(142272K)->140457K(142272K) NonClass: 123085K(124032K)->123085K(124032K) Class: 17371K(18240K)->17371K(18240K)
[67.697s][info][gc             ] GC(344) Pause Young (Allocation Failure) 344M->73M(989M) 5.372ms
[67.697s][info][gc,cpu         ] GC(344) User=0.02s Sys=0.00s Real=0.02s
[67.780s][info][gc,start       ] GC(345) Pause Young (Allocation Failure)
[67.786s][info][gc,heap        ] GC(345) DefNew: 281755K(314560K)->3425K(314560K) Eden: 279616K(279616K)->0K(279616K) From: 2139K(34944K)->3425K(34944K)
[67.786s][info][gc,heap        ] GC(345) Tenured: 73488K(699072K)->73488K(699072K)
[67.786s][info][gc,metaspace   ] GC(345) Metaspace: 140462K(142272K)->140462K(142272K) NonClass: 123091K(124032K)->123091K(124032K) Class: 17371K(18240K)->17371K(18240K)
[67.786s][info][gc             ] GC(345) Pause Young (Allocation Failure) 346M->75M(989M) 5.862ms
[67.786s][info][gc,cpu         ] GC(345) User=0.00s Sys=0.00s Real=0.00s
[67.849s][info][gc,start       ] GC(346) Pause Young (Allocation Failure)
[67.853s][info][gc,heap        ] GC(346) DefNew: 283041K(314560K)->2571K(314560K) Eden: 279616K(279616K)->0K(279616K) From: 3425K(34944K)->2571K(34944K)
[67.853s][info][gc,heap        ] GC(346) Tenured: 73488K(699072K)->73488K(699072K)
[67.853s][info][gc,metaspace   ] GC(346) Metaspace: 140462K(142272K)->140462K(142272K) NonClass: 123091K(124032K)->123091K(124032K) Class: 17371K(18240K)->17371K(18240K)
[67.853s][info][gc             ] GC(346) Pause Young (Allocation Failure) 348M->74M(989M) 3.569ms
[67.853s][info][gc,cpu         ] GC(346) User=0.00s Sys=0.00s Real=0.00s
[67.968s][info][gc,start       ] GC(347) Pause Young (Allocation Failure)
[67.972s][info][gc,heap        ] GC(347) DefNew: 281689K(314560K)->2689K(314560K) Eden: 279117K(279616K)->0K(279616K) From: 2571K(34944K)->2689K(34944K)
[67.972s][info][gc,heap        ] GC(347) Tenured: 73488K(699072K)->73488K(699072K)
[67.972s][info][gc,metaspace   ] GC(347) Metaspace: 140462K(142272K)->140462K(142272K) NonClass: 123091K(124032K)->123091K(124032K) Class: 17371K(18240K)->17371K(18240K)
[67.972s][info][gc             ] GC(347) Pause Young (Allocation Failure) 346M->74M(989M) 3.925ms
[67.972s][info][gc,cpu         ] GC(347) User=0.00s Sys=0.00s Real=0.00s
[68.088s][info][gc,start       ] GC(348) Pause Young (Allocation Failure)
[68.101s][info][gc,heap        ] GC(348) DefNew: 282305K(314560K)->27379K(314560K) Eden: 279616K(279616K)->0K(279616K) From: 2689K(34944K)->27379K(34944K)
[68.101s][info][gc,heap        ] GC(348) Tenured: 73488K(699072K)->73488K(699072K)
[68.101s][info][gc,metaspace   ] GC(348) Metaspace: 140462K(142272K)->140462K(142272K) NonClass: 123091K(124032K)->123091K(124032K) Class: 17371K(18240K)->17371K(18240K)
[68.101s][info][gc             ] GC(348) Pause Young (Allocation Failure) 347M->98M(989M) 12.369ms
[68.101s][info][gc,cpu         ] GC(348) User=0.00s Sys=0.00s Real=0.01s
[68.220s][info][gc,start       ] GC(349) Pause Full (System.gc())
[68.220s][info][gc,phases,start] GC(349) Phase 1: Mark live objects
[68.304s][info][gc,phases      ] GC(349) Phase 1: Mark live objects 83.649ms
[68.304s][info][gc,phases,start] GC(349) Phase 2: Compute new object addresses
[68.328s][info][gc,phases      ] GC(349) Phase 2: Compute new object addresses 23.549ms
[68.328s][info][gc,phases,start] GC(349) Phase 3: Adjust pointers
[68.367s][info][gc,phases      ] GC(349) Phase 3: Adjust pointers 39.378ms
[68.367s][info][gc,phases,start] GC(349) Phase 4: Move objects
[68.367s][info][gc,phases      ] GC(349) Phase 4: Move objects 0.126ms
[68.368s][info][gc,heap        ] GC(349) DefNew: 142861K(314560K)->0K(314560K) Eden: 115482K(279616K)->0K(279616K) From: 27379K(34944K)->0K(34944K)
[68.368s][info][gc,heap        ] GC(349) Tenured: 73488K(699072K)->74326K(699072K)
[68.368s][info][gc,metaspace   ] GC(349) Metaspace: 140462K(142272K)->140435K(142272K) NonClass: 123091K(124032K)->123068K(124032K) Class: 17371K(18240K)->17366K(18240K)
[68.368s][info][gc             ] GC(349) Pause Full (System.gc()) 211M->72M(989M) 147.470ms
[68.368s][info][gc,cpu         ] GC(349) User=0.14s Sys=0.00s Real=0.14s
[68.575s][info][gc,start       ] GC(350) Pause Young (Allocation Failure)
[68.581s][info][gc,heap        ] GC(350) DefNew: 279616K(314560K)->2172K(314560K) Eden: 279616K(279616K)->0K(279616K) From: 0K(34944K)->2172K(34944K)
[68.581s][info][gc,heap        ] GC(350) Tenured: 74326K(699072K)->74326K(699072K)
[68.581s][info][gc,metaspace   ] GC(350) Metaspace: 140466K(142272K)->140466K(142272K) NonClass: 123095K(124032K)->123095K(124032K) Class: 17371K(18240K)->17371K(18240K)
[68.581s][info][gc             ] GC(350) Pause Young (Allocation Failure) 345M->74M(989M) 5.863ms
[68.581s][info][gc,cpu         ] GC(350) User=0.00s Sys=0.00s Real=0.01s
[68.664s][info][gc,start       ] GC(351) Pause Young (Allocation Failure)
[68.670s][info][gc,heap        ] GC(351) DefNew: 281788K(314560K)->3466K(314560K) Eden: 279616K(279616K)->0K(279616K) From: 2172K(34944K)->3466K(34944K)
[68.670s][info][gc,heap        ] GC(351) Tenured: 74326K(699072K)->74326K(699072K)
[68.670s][info][gc,metaspace   ] GC(351) Metaspace: 140466K(142272K)->140466K(142272K) NonClass: 123095K(124032K)->123095K(124032K) Class: 17371K(18240K)->17371K(18240K)
[68.670s][info][gc             ] GC(351) Pause Young (Allocation Failure) 347M->75M(989M) 5.613ms
[68.670s][info][gc,cpu         ] GC(351) User=0.00s Sys=0.00s Real=0.00s
[68.735s][info][gc,start       ] GC(352) Pause Young (Allocation Failure)
[68.738s][info][gc,heap        ] GC(352) DefNew: 283082K(314560K)->2590K(314560K) Eden: 279616K(279616K)->0K(279616K) From: 3466K(34944K)->2590K(34944K)
[68.738s][info][gc,heap        ] GC(352) Tenured: 74326K(699072K)->74326K(699072K)
[68.738s][info][gc,metaspace   ] GC(352) Metaspace: 140466K(142272K)->140466K(142272K) NonClass: 123095K(124032K)->123095K(124032K) Class: 17371K(18240K)->17371K(18240K)
[68.738s][info][gc             ] GC(352) Pause Young (Allocation Failure) 349M->75M(989M) 3.475ms
[68.738s][info][gc,cpu         ] GC(352) User=0.00s Sys=0.00s Real=0.00s
[68.848s][info][gc,start       ] GC(353) Pause Young (Allocation Failure)
[68.851s][info][gc,heap        ] GC(353) DefNew: 281646K(314560K)->2532K(314560K) Eden: 279055K(279616K)->0K(279616K) From: 2590K(34944K)->2532K(34944K)
[68.851s][info][gc,heap        ] GC(353) Tenured: 74326K(699072K)->74326K(699072K)
[68.851s][info][gc,metaspace   ] GC(353) Metaspace: 140466K(142272K)->140466K(142272K) NonClass: 123095K(124032K)->123095K(124032K) Class: 17371K(18240K)->17371K(18240K)
[68.851s][info][gc             ] GC(353) Pause Young (Allocation Failure) 347M->75M(989M) 3.333ms
[68.851s][info][gc,cpu         ] GC(353) User=0.00s Sys=0.00s Real=0.00s
[68.967s][info][gc,start       ] GC(354) Pause Young (Allocation Failure)
[68.979s][info][gc,heap        ] GC(354) DefNew: 282148K(314560K)->27607K(314560K) Eden: 279616K(279616K)->0K(279616K) From: 2532K(34944K)->27607K(34944K)
[68.979s][info][gc,heap        ] GC(354) Tenured: 74326K(699072K)->74326K(699072K)
[68.979s][info][gc,metaspace   ] GC(354) Metaspace: 140466K(142272K)->140466K(142272K) NonClass: 123095K(124032K)->123095K(124032K) Class: 17371K(18240K)->17371K(18240K)
[68.979s][info][gc             ] GC(354) Pause Young (Allocation Failure) 348M->99M(989M) 12.695ms
[68.979s][info][gc,cpu         ] GC(354) User=0.00s Sys=0.00s Real=0.01s
[69.096s][info][gc,start       ] GC(355) Pause Full (System.gc())
[69.096s][info][gc,phases,start] GC(355) Phase 1: Mark live objects
[69.180s][info][gc,phases      ] GC(355) Phase 1: Mark live objects 84.011ms
[69.180s][info][gc,phases,start] GC(355) Phase 2: Compute new object addresses
[69.204s][info][gc,phases      ] GC(355) Phase 2: Compute new object addresses 23.219ms
[69.204s][info][gc,phases,start] GC(355) Phase 3: Adjust pointers
[69.243s][info][gc,phases      ] GC(355) Phase 3: Adjust pointers 39.351ms
[69.243s][info][gc,phases,start] GC(355) Phase 4: Move objects
[69.243s][info][gc,phases      ] GC(355) Phase 4: Move objects 0.123ms
[69.244s][info][gc,heap        ] GC(355) DefNew: 142067K(314560K)->0K(314560K) Eden: 114459K(279616K)->0K(279616K) From: 27607K(34944K)->0K(34944K)
[69.244s][info][gc,heap        ] GC(355) Tenured: 74326K(699072K)->75190K(699072K)
[69.244s][info][gc,metaspace   ] GC(355) Metaspace: 140466K(142272K)->140440K(142272K) NonClass: 123095K(124032K)->123073K(124032K) Class: 17371K(18240K)->17366K(18240K)
[69.244s][info][gc             ] GC(355) Pause Full (System.gc()) 211M->73M(989M) 147.467ms
[69.244s][info][gc,cpu         ] GC(355) User=0.12s Sys=0.00s Real=0.14s
[69.449s][info][gc,start       ] GC(356) Pause Young (Allocation Failure)
[69.454s][info][gc,heap        ] GC(356) DefNew: 279616K(314560K)->2141K(314560K) Eden: 279616K(279616K)->0K(279616K) From: 0K(34944K)->2141K(34944K)
[69.454s][info][gc,heap        ] GC(356) Tenured: 75190K(699072K)->75190K(699072K)
[69.454s][info][gc,metaspace   ] GC(356) Metaspace: 140480K(142272K)->140480K(142272K) NonClass: 123109K(124032K)->123109K(124032K) Class: 17371K(18240K)->17371K(18240K)
[69.454s][info][gc             ] GC(356) Pause Young (Allocation Failure) 346M->75M(989M) 5.359ms
[69.455s][info][gc,cpu         ] GC(356) User=0.00s Sys=0.00s Real=0.01s
[69.540s][info][gc,start       ] GC(357) Pause Young (Allocation Failure)
[69.545s][info][gc,heap        ] GC(357) DefNew: 281757K(314560K)->3435K(314560K) Eden: 279616K(279616K)->0K(279616K) From: 2141K(34944K)->3435K(34944K)
[69.545s][info][gc,heap        ] GC(357) Tenured: 75190K(699072K)->75190K(699072K)
[69.545s][info][gc,metaspace   ] GC(357) Metaspace: 140480K(142272K)->140480K(142272K) NonClass: 123109K(124032K)->123109K(124032K) Class: 17371K(18240K)->17371K(18240K)
[69.545s][info][gc             ] GC(357) Pause Young (Allocation Failure) 348M->76M(989M) 5.784ms
[69.545s][info][gc,cpu         ] GC(357) User=0.00s Sys=0.00s Real=0.01s
[69.610s][info][gc,start       ] GC(358) Pause Young (Allocation Failure)
[69.614s][info][gc,heap        ] GC(358) DefNew: 283051K(314560K)->3116K(314560K) Eden: 279616K(279616K)->0K(279616K) From: 3435K(34944K)->3116K(34944K)
[69.614s][info][gc,heap        ] GC(358) Tenured: 75190K(699072K)->75190K(699072K)
[69.614s][info][gc,metaspace   ] GC(358) Metaspace: 140480K(142272K)->140480K(142272K) NonClass: 123109K(124032K)->123109K(124032K) Class: 17371K(18240K)->17371K(18240K)
[69.614s][info][gc             ] GC(358) Pause Young (Allocation Failure) 349M->76M(989M) 3.905ms
[69.614s][info][gc,cpu         ] GC(358) User=0.00s Sys=0.00s Real=0.02s
[69.724s][info][gc,start       ] GC(359) Pause Young (Allocation Failure)
[69.728s][info][gc,heap        ] GC(359) DefNew: 282524K(314560K)->3542K(314560K) Eden: 279408K(279616K)->0K(279616K) From: 3116K(34944K)->3542K(34944K)
[69.728s][info][gc,heap        ] GC(359) Tenured: 75190K(699072K)->75190K(699072K)
[69.728s][info][gc,metaspace   ] GC(359) Metaspace: 140480K(142272K)->140480K(142272K) NonClass: 123109K(124032K)->123109K(124032K) Class: 17371K(18240K)->17371K(18240K)
[69.728s][info][gc             ] GC(359) Pause Young (Allocation Failure) 349M->76M(989M) 3.809ms
[69.728s][info][gc,cpu         ] GC(359) User=0.00s Sys=0.00s Real=0.00s
[69.857s][info][gc,start       ] GC(360) Pause Young (Allocation Failure)
[69.869s][info][gc,heap        ] GC(360) DefNew: 283158K(314560K)->27515K(314560K) Eden: 279616K(279616K)->0K(279616K) From: 3542K(34944K)->27515K(34944K)
[69.869s][info][gc,heap        ] GC(360) Tenured: 75190K(699072K)->75190K(699072K)
[69.869s][info][gc,metaspace   ] GC(360) Metaspace: 140480K(142272K)->140480K(142272K) NonClass: 123109K(124032K)->123109K(124032K) Class: 17371K(18240K)->17371K(18240K)
[69.869s][info][gc             ] GC(360) Pause Young (Allocation Failure) 349M->100M(989M) 12.091ms
[69.869s][info][gc,cpu         ] GC(360) User=0.00s Sys=0.00s Real=0.01s
[69.990s][info][gc,start       ] GC(361) Pause Full (System.gc())
[69.990s][info][gc,phases,start] GC(361) Phase 1: Mark live objects
[70.074s][info][gc,phases      ] GC(361) Phase 1: Mark live objects 83.862ms
[70.074s][info][gc,phases,start] GC(361) Phase 2: Compute new object addresses
[70.098s][info][gc,phases      ] GC(361) Phase 2: Compute new object addresses 23.575ms
[70.098s][info][gc,phases,start] GC(361) Phase 3: Adjust pointers
[70.137s][info][gc,phases      ] GC(361) Phase 3: Adjust pointers 39.482ms
[70.137s][info][gc,phases,start] GC(361) Phase 4: Move objects
[70.137s][info][gc,phases      ] GC(361) Phase 4: Move objects 0.214ms
[70.138s][info][gc,heap        ] GC(361) DefNew: 142465K(314560K)->0K(314560K) Eden: 114950K(279616K)->0K(279616K) From: 27515K(34944K)->0K(34944K)
[70.138s][info][gc,heap        ] GC(361) Tenured: 75190K(699072K)->76025K(699072K)
[70.138s][info][gc,metaspace   ] GC(361) Metaspace: 140483K(142272K)->140457K(142272K) NonClass: 123112K(124032K)->123089K(124032K) Class: 17371K(18240K)->17367K(18240K)
[70.138s][info][gc             ] GC(361) Pause Full (System.gc()) 212M->74M(989M) 147.900ms
[70.138s][info][gc,cpu         ] GC(361) User=0.14s Sys=0.00s Real=0.14s
[70.351s][info][gc,start       ] GC(362) Pause Young (Allocation Failure)
[70.356s][info][gc,heap        ] GC(362) DefNew: 279616K(314560K)->2140K(314560K) Eden: 279616K(279616K)->0K(279616K) From: 0K(34944K)->2140K(34944K)
[70.356s][info][gc,heap        ] GC(362) Tenured: 76025K(699072K)->76025K(699072K)
[70.356s][info][gc,metaspace   ] GC(362) Metaspace: 140490K(142336K)->140490K(142336K) NonClass: 123118K(124096K)->123118K(124096K) Class: 17371K(18240K)->17371K(18240K)
[70.356s][info][gc             ] GC(362) Pause Young (Allocation Failure) 347M->76M(989M) 5.496ms
[70.356s][info][gc,cpu         ] GC(362) User=0.00s Sys=0.00s Real=0.00s
[70.492s][info][gc,start       ] GC(363) Pause Young (Allocation Failure)
[70.501s][info][gc,heap        ] GC(363) DefNew: 281756K(314560K)->3438K(314560K) Eden: 279616K(279616K)->0K(279616K) From: 2140K(34944K)->3438K(34944K)
[70.501s][info][gc,heap        ] GC(363) Tenured: 76025K(699072K)->76025K(699072K)
[70.501s][info][gc,metaspace   ] GC(363) Metaspace: 140490K(142336K)->140490K(142336K) NonClass: 123118K(124096K)->123118K(124096K) Class: 17371K(18240K)->17371K(18240K)
[70.501s][info][gc             ] GC(363) Pause Young (Allocation Failure) 349M->77M(989M) 8.789ms
[70.501s][info][gc,cpu         ] GC(363) User=0.00s Sys=0.00s Real=0.00s
[70.634s][info][gc,start       ] GC(364) Pause Young (Allocation Failure)
[70.637s][info][gc,heap        ] GC(364) DefNew: 283054K(314560K)->2524K(314560K) Eden: 279616K(279616K)->0K(279616K) From: 3438K(34944K)->2524K(34944K)
[70.637s][info][gc,heap        ] GC(364) Tenured: 76025K(699072K)->76025K(699072K)
[70.637s][info][gc,metaspace   ] GC(364) Metaspace: 140490K(142336K)->140490K(142336K) NonClass: 123118K(124096K)->123118K(124096K) Class: 17371K(18240K)->17371K(18240K)
[70.637s][info][gc             ] GC(364) Pause Young (Allocation Failure) 350M->76M(989M) 3.855ms
[70.638s][info][gc,cpu         ] GC(364) User=0.02s Sys=0.00s Real=0.00s
[70.879s][info][gc,start       ] GC(365) Pause Young (Allocation Failure)
[70.882s][info][gc,heap        ] GC(365) DefNew: 282140K(314560K)->1509K(314560K) Eden: 279616K(279616K)->0K(279616K) From: 2524K(34944K)->1509K(34944K)
[70.883s][info][gc,heap        ] GC(365) Tenured: 76025K(699072K)->76025K(699072K)
[70.883s][info][gc,metaspace   ] GC(365) Metaspace: 140490K(142336K)->140490K(142336K) NonClass: 123118K(124096K)->123118K(124096K) Class: 17371K(18240K)->17371K(18240K)
[70.883s][info][gc             ] GC(365) Pause Young (Allocation Failure) 349M->75M(989M) 3.676ms
[70.883s][info][gc,cpu         ] GC(365) User=0.00s Sys=0.00s Real=0.01s
[71.022s][info][gc,start       ] GC(366) Pause Young (Allocation Failure)
[71.036s][info][gc,heap        ] GC(366) DefNew: 281125K(314560K)->27809K(314560K) Eden: 279616K(279616K)->0K(279616K) From: 1509K(34944K)->27809K(34944K)
[71.037s][info][gc,heap        ] GC(366) Tenured: 76025K(699072K)->76025K(699072K)
[71.037s][info][gc,metaspace   ] GC(366) Metaspace: 140492K(142336K)->140492K(142336K) NonClass: 123121K(124096K)->123121K(124096K) Class: 17371K(18240K)->17371K(18240K)
[71.037s][info][gc             ] GC(366) Pause Young (Allocation Failure) 348M->101M(989M) 14.802ms
[71.037s][info][gc,cpu         ] GC(366) User=0.00s Sys=0.00s Real=0.02s
[71.155s][info][gc,start       ] GC(367) Pause Full (System.gc())
[71.156s][info][gc,phases,start] GC(367) Phase 1: Mark live objects
[71.245s][info][gc,phases      ] GC(367) Phase 1: Mark live objects 89.536ms
[71.245s][info][gc,phases,start] GC(367) Phase 2: Compute new object addresses
[71.270s][info][gc,phases      ] GC(367) Phase 2: Compute new object addresses 24.596ms
[71.270s][info][gc,phases,start] GC(367) Phase 3: Adjust pointers
[71.313s][info][gc,phases      ] GC(367) Phase 3: Adjust pointers 43.188ms
[71.313s][info][gc,phases,start] GC(367) Phase 4: Move objects
[71.323s][info][gc,phases      ] GC(367) Phase 4: Move objects 9.431ms
[71.323s][info][gc,heap        ] GC(367) DefNew: 139484K(314560K)->0K(314560K) Eden: 111675K(279616K)->0K(279616K) From: 27809K(34944K)->0K(34944K)
[71.323s][info][gc,heap        ] GC(367) Tenured: 76025K(699072K)->73952K(699072K)
[71.323s][info][gc,metaspace   ] GC(367) Metaspace: 140492K(142336K)->140466K(142336K) NonClass: 123121K(124096K)->123098K(124096K) Class: 17371K(18240K)->17367K(18240K)
[71.323s][info][gc             ] GC(367) Pause Full (System.gc()) 210M->72M(989M) 167.717ms
[71.323s][info][gc,cpu         ] GC(367) User=0.12s Sys=0.00s Real=0.17s
[71.528s][info][gc,start       ] GC(368) Pause Young (Allocation Failure)
[71.533s][info][gc,heap        ] GC(368) DefNew: 279616K(314560K)->2136K(314560K) Eden: 279616K(279616K)->0K(279616K) From: 0K(34944K)->2136K(34944K)
[71.533s][info][gc,heap        ] GC(368) Tenured: 73952K(699072K)->73952K(699072K)
[71.533s][info][gc,metaspace   ] GC(368) Metaspace: 140496K(142336K)->140496K(142336K) NonClass: 123125K(124096K)->123125K(124096K) Class: 17371K(18240K)->17371K(18240K)
[71.533s][info][gc             ] GC(368) Pause Young (Allocation Failure) 345M->74M(989M) 5.326ms
[71.534s][info][gc,cpu         ] GC(368) User=0.00s Sys=0.00s Real=0.01s
[71.616s][info][gc,start       ] GC(369) Pause Young (Allocation Failure)
[71.622s][info][gc,heap        ] GC(369) DefNew: 281752K(314560K)->3445K(314560K) Eden: 279616K(279616K)->0K(279616K) From: 2136K(34944K)->3445K(34944K)
[71.622s][info][gc,heap        ] GC(369) Tenured: 73952K(699072K)->73952K(699072K)
[71.622s][info][gc,metaspace   ] GC(369) Metaspace: 140496K(142336K)->140496K(142336K) NonClass: 123125K(124096K)->123125K(124096K) Class: 17371K(18240K)->17371K(18240K)
[71.622s][info][gc             ] GC(369) Pause Young (Allocation Failure) 347M->75M(989M) 5.744ms
[71.622s][info][gc,cpu         ] GC(369) User=0.00s Sys=0.00s Real=0.00s
[71.688s][info][gc,start       ] GC(370) Pause Young (Allocation Failure)
[71.691s][info][gc,heap        ] GC(370) DefNew: 283061K(314560K)->2567K(314560K) Eden: 279616K(279616K)->0K(279616K) From: 3445K(34944K)->2567K(34944K)
[71.691s][info][gc,heap        ] GC(370) Tenured: 73952K(699072K)->73952K(699072K)
[71.691s][info][gc,metaspace   ] GC(370) Metaspace: 140496K(142336K)->140496K(142336K) NonClass: 123125K(124096K)->123125K(124096K) Class: 17371K(18240K)->17371K(18240K)
[71.691s][info][gc             ] GC(370) Pause Young (Allocation Failure) 348M->74M(989M) 3.568ms
[71.691s][info][gc,cpu         ] GC(370) User=0.00s Sys=0.00s Real=0.00s
[71.810s][info][gc,start       ] GC(371) Pause Young (Allocation Failure)
[71.813s][info][gc,heap        ] GC(371) DefNew: 282183K(314560K)->1357K(314560K) Eden: 279616K(279616K)->0K(279616K) From: 2567K(34944K)->1357K(34944K)
[71.813s][info][gc,heap        ] GC(371) Tenured: 73952K(699072K)->73952K(699072K)
[71.813s][info][gc,metaspace   ] GC(371) Metaspace: 140496K(142336K)->140496K(142336K) NonClass: 123125K(124096K)->123125K(124096K) Class: 17371K(18240K)->17371K(18240K)
[71.813s][info][gc             ] GC(371) Pause Young (Allocation Failure) 347M->73M(989M) 3.328ms
[71.813s][info][gc,cpu         ] GC(371) User=0.00s Sys=0.00s Real=0.00s
[71.928s][info][gc,start       ] GC(372) Pause Young (Allocation Failure)
[71.941s][info][gc,heap        ] GC(372) DefNew: 280973K(314560K)->27765K(314560K) Eden: 279616K(279616K)->0K(279616K) From: 1357K(34944K)->27765K(34944K)
[71.941s][info][gc,heap        ] GC(372) Tenured: 73952K(699072K)->73952K(699072K)
[71.941s][info][gc,metaspace   ] GC(372) Metaspace: 140496K(142336K)->140496K(142336K) NonClass: 123125K(124096K)->123125K(124096K) Class: 17371K(18240K)->17371K(18240K)
[71.941s][info][gc             ] GC(372) Pause Young (Allocation Failure) 346M->99M(989M) 12.592ms
[71.941s][info][gc,cpu         ] GC(372) User=0.00s Sys=0.00s Real=0.02s
[72.061s][info][gc,start       ] GC(373) Pause Full (System.gc())
[72.061s][info][gc,phases,start] GC(373) Phase 1: Mark live objects
[72.146s][info][gc,phases      ] GC(373) Phase 1: Mark live objects 84.771ms
[72.146s][info][gc,phases,start] GC(373) Phase 2: Compute new object addresses
[72.169s][info][gc,phases      ] GC(373) Phase 2: Compute new object addresses 23.333ms
[72.169s][info][gc,phases,start] GC(373) Phase 3: Adjust pointers
[72.209s][info][gc,phases      ] GC(373) Phase 3: Adjust pointers 39.961ms
[72.209s][info][gc,phases,start] GC(373) Phase 4: Move objects
[72.210s][info][gc,phases      ] GC(373) Phase 4: Move objects 0.122ms
[72.210s][info][gc,heap        ] GC(373) DefNew: 139593K(314560K)->0K(314560K) Eden: 111827K(279616K)->0K(279616K) From: 27765K(34944K)->0K(34944K)
[72.210s][info][gc,heap        ] GC(373) Tenured: 73952K(699072K)->74786K(699072K)
[72.210s][info][gc,metaspace   ] GC(373) Metaspace: 140496K(142336K)->140470K(142336K) NonClass: 123125K(124096K)->123102K(124096K) Class: 17371K(18240K)->17367K(18240K)
[72.210s][info][gc             ] GC(373) Pause Full (System.gc()) 208M->73M(989M) 149.023ms
[72.210s][info][gc,cpu         ] GC(373) User=0.14s Sys=0.00s Real=0.14s
[72.418s][info][gc,start       ] GC(374) Pause Young (Allocation Failure)
[72.423s][info][gc,heap        ] GC(374) DefNew: 279616K(314560K)->2138K(314560K) Eden: 279616K(279616K)->0K(279616K) From: 0K(34944K)->2138K(34944K)
[72.423s][info][gc,heap        ] GC(374) Tenured: 74786K(699072K)->74786K(699072K)
[72.423s][info][gc,metaspace   ] GC(374) Metaspace: 140500K(142336K)->140500K(142336K) NonClass: 123129K(124096K)->123129K(124096K) Class: 17371K(18240K)->17371K(18240K)
[72.423s][info][gc             ] GC(374) Pause Young (Allocation Failure) 346M->75M(989M) 5.068ms
[72.423s][info][gc,cpu         ] GC(374) User=0.00s Sys=0.00s Real=0.00s
[72.512s][info][gc,start       ] GC(375) Pause Young (Allocation Failure)
[72.517s][info][gc,heap        ] GC(375) DefNew: 281754K(314560K)->3437K(314560K) Eden: 279616K(279616K)->0K(279616K) From: 2138K(34944K)->3437K(34944K)
[72.517s][info][gc,heap        ] GC(375) Tenured: 74786K(699072K)->74786K(699072K)
[72.517s][info][gc,metaspace   ] GC(375) Metaspace: 140500K(142336K)->140500K(142336K) NonClass: 123129K(124096K)->123129K(124096K) Class: 17371K(18240K)->17371K(18240K)
[72.517s][info][gc             ] GC(375) Pause Young (Allocation Failure) 348M->76M(989M) 5.531ms
[72.517s][info][gc,cpu         ] GC(375) User=0.00s Sys=0.00s Real=0.00s
[72.582s][info][gc,start       ] GC(376) Pause Young (Allocation Failure)
[72.585s][info][gc,heap        ] GC(376) DefNew: 283053K(314560K)->3045K(314560K) Eden: 279616K(279616K)->0K(279616K) From: 3437K(34944K)->3045K(34944K)
[72.586s][info][gc,heap        ] GC(376) Tenured: 74786K(699072K)->74786K(699072K)
[72.586s][info][gc,metaspace   ] GC(376) Metaspace: 140500K(142336K)->140500K(142336K) NonClass: 123129K(124096K)->123129K(124096K) Class: 17371K(18240K)->17371K(18240K)
[72.586s][info][gc             ] GC(376) Pause Young (Allocation Failure) 349M->76M(989M) 3.695ms
[72.586s][info][gc,cpu         ] GC(376) User=0.00s Sys=0.00s Real=0.01s
[72.701s][info][gc,start       ] GC(377) Pause Young (Allocation Failure)
[72.704s][info][gc,heap        ] GC(377) DefNew: 282661K(314560K)->2486K(314560K) Eden: 279616K(279616K)->0K(279616K) From: 3045K(34944K)->2486K(34944K)
[72.704s][info][gc,heap        ] GC(377) Tenured: 74786K(699072K)->74786K(699072K)
[72.704s][info][gc,metaspace   ] GC(377) Metaspace: 140500K(142336K)->140500K(142336K) NonClass: 123129K(124096K)->123129K(124096K) Class: 17371K(18240K)->17371K(18240K)
[72.704s][info][gc             ] GC(377) Pause Young (Allocation Failure) 349M->75M(989M) 3.203ms
[72.704s][info][gc,cpu         ] GC(377) User=0.00s Sys=0.00s Real=0.00s
[72.819s][info][gc,start       ] GC(378) Pause Young (Allocation Failure)
[72.832s][info][gc,heap        ] GC(378) DefNew: 282102K(314560K)->27649K(314560K) Eden: 279616K(279616K)->0K(279616K) From: 2486K(34944K)->27649K(34944K)
[72.832s][info][gc,heap        ] GC(378) Tenured: 74786K(699072K)->74786K(699072K)
[72.832s][info][gc,metaspace   ] GC(378) Metaspace: 140500K(142336K)->140500K(142336K) NonClass: 123129K(124096K)->123129K(124096K) Class: 17371K(18240K)->17371K(18240K)
[72.832s][info][gc             ] GC(378) Pause Young (Allocation Failure) 348M->100M(989M) 12.210ms
[72.832s][info][gc,cpu         ] GC(378) User=0.00s Sys=0.00s Real=0.02s
[72.952s][info][gc,start       ] GC(379) Pause Full (System.gc())
[72.952s][info][gc,phases,start] GC(379) Phase 1: Mark live objects
[73.035s][info][gc,phases      ] GC(379) Phase 1: Mark live objects 83.152ms
[73.035s][info][gc,phases,start] GC(379) Phase 2: Compute new object addresses
[73.059s][info][gc,phases      ] GC(379) Phase 2: Compute new object addresses 23.321ms
[73.059s][info][gc,phases,start] GC(379) Phase 3: Adjust pointers
[73.098s][info][gc,phases      ] GC(379) Phase 3: Adjust pointers 39.653ms
[73.098s][info][gc,phases,start] GC(379) Phase 4: Move objects
[73.098s][info][gc,phases      ] GC(379) Phase 4: Move objects 0.129ms
[73.099s][info][gc,heap        ] GC(379) DefNew: 141052K(314560K)->0K(314560K) Eden: 113402K(279616K)->0K(279616K) From: 27649K(34944K)->0K(34944K)
[73.099s][info][gc,heap        ] GC(379) Tenured: 74786K(699072K)->75622K(699072K)
[73.099s][info][gc,metaspace   ] GC(379) Metaspace: 140506K(142336K)->140479K(142336K) NonClass: 123134K(124096K)->123112K(124096K) Class: 17371K(18240K)->17367K(18240K)
[73.099s][info][gc             ] GC(379) Pause Full (System.gc()) 210M->73M(989M) 146.988ms
[73.099s][info][gc,cpu         ] GC(379) User=0.14s Sys=0.00s Real=0.13s
[73.300s][info][gc,start       ] GC(380) Pause Young (Allocation Failure)
[73.305s][info][gc,heap        ] GC(380) DefNew: 279616K(314560K)->2139K(314560K) Eden: 279616K(279616K)->0K(279616K) From: 0K(34944K)->2139K(34944K)
[73.305s][info][gc,heap        ] GC(380) Tenured: 75622K(699072K)->75622K(699072K)
[73.305s][info][gc,metaspace   ] GC(380) Metaspace: 140517K(142336K)->140517K(142336K) NonClass: 123146K(124096K)->123146K(124096K) Class: 17371K(18240K)->17371K(18240K)
[73.305s][info][gc             ] GC(380) Pause Young (Allocation Failure) 346M->75M(989M) 5.287ms
[73.305s][info][gc,cpu         ] GC(380) User=0.00s Sys=0.00s Real=0.01s
[73.392s][info][gc,start       ] GC(381) Pause Young (Allocation Failure)
[73.399s][info][gc,heap        ] GC(381) DefNew: 281755K(314560K)->3434K(314560K) Eden: 279616K(279616K)->0K(279616K) From: 2139K(34944K)->3434K(34944K)
[73.399s][info][gc,heap        ] GC(381) Tenured: 75622K(699072K)->75622K(699072K)
[73.399s][info][gc,metaspace   ] GC(381) Metaspace: 140517K(142336K)->140517K(142336K) NonClass: 123146K(124096K)->123146K(124096K) Class: 17371K(18240K)->17371K(18240K)
[73.399s][info][gc             ] GC(381) Pause Young (Allocation Failure) 349M->77M(989M) 6.380ms
[73.399s][info][gc,cpu         ] GC(381) User=0.00s Sys=0.00s Real=0.00s
[73.466s][info][gc,start       ] GC(382) Pause Young (Allocation Failure)
[73.469s][info][gc,heap        ] GC(382) DefNew: 283050K(314560K)->2562K(314560K) Eden: 279616K(279616K)->0K(279616K) From: 3434K(34944K)->2562K(34944K)
[73.469s][info][gc,heap        ] GC(382) Tenured: 75622K(699072K)->75622K(699072K)
[73.469s][info][gc,metaspace   ] GC(382) Metaspace: 140517K(142336K)->140517K(142336K) NonClass: 123146K(124096K)->123146K(124096K) Class: 17371K(18240K)->17371K(18240K)
[73.469s][info][gc             ] GC(382) Pause Young (Allocation Failure) 350M->76M(989M) 3.513ms
[73.469s][info][gc,cpu         ] GC(382) User=0.00s Sys=0.00s Real=0.00s
[73.579s][info][gc,start       ] GC(383) Pause Young (Allocation Failure)
[73.582s][info][gc,heap        ] GC(383) DefNew: 282178K(314560K)->1539K(314560K) Eden: 279616K(279616K)->0K(279616K) From: 2562K(34944K)->1539K(34944K)
[73.582s][info][gc,heap        ] GC(383) Tenured: 75622K(699072K)->75622K(699072K)
[73.582s][info][gc,metaspace   ] GC(383) Metaspace: 140517K(142336K)->140517K(142336K) NonClass: 123146K(124096K)->123146K(124096K) Class: 17371K(18240K)->17371K(18240K)
[73.582s][info][gc             ] GC(383) Pause Young (Allocation Failure) 349M->75M(989M) 3.517ms
[73.582s][info][gc,cpu         ] GC(383) User=0.00s Sys=0.00s Real=0.00s
[73.698s][info][gc,start       ] GC(384) Pause Young (Allocation Failure)
[73.710s][info][gc,heap        ] GC(384) DefNew: 281155K(314560K)->27572K(314560K) Eden: 279616K(279616K)->0K(279616K) From: 1539K(34944K)->27572K(34944K)
[73.710s][info][gc,heap        ] GC(384) Tenured: 75622K(699072K)->75622K(699072K)
[73.710s][info][gc,metaspace   ] GC(384) Metaspace: 140517K(142336K)->140517K(142336K) NonClass: 123146K(124096K)->123146K(124096K) Class: 17371K(18240K)->17371K(18240K)
[73.710s][info][gc             ] GC(384) Pause Young (Allocation Failure) 348M->100M(989M) 12.190ms
[73.710s][info][gc,cpu         ] GC(384) User=0.00s Sys=0.00s Real=0.02s
[73.829s][info][gc,start       ] GC(385) Pause Full (System.gc())
[73.829s][info][gc,phases,start] GC(385) Phase 1: Mark live objects
[73.913s][info][gc,phases      ] GC(385) Phase 1: Mark live objects 84.034ms
[73.913s][info][gc,phases,start] GC(385) Phase 2: Compute new object addresses
[73.937s][info][gc,phases      ] GC(385) Phase 2: Compute new object addresses 23.479ms
[73.937s][info][gc,phases,start] GC(385) Phase 3: Adjust pointers
[73.977s][info][gc,phases      ] GC(385) Phase 3: Adjust pointers 39.883ms
[73.977s][info][gc,phases,start] GC(385) Phase 4: Move objects
[73.977s][info][gc,phases      ] GC(385) Phase 4: Move objects 0.221ms
[73.977s][info][gc,heap        ] GC(385) DefNew: 141119K(314560K)->0K(314560K) Eden: 113547K(279616K)->0K(279616K) From: 27572K(34944K)->0K(34944K)
[73.977s][info][gc,heap        ] GC(385) Tenured: 75622K(699072K)->76455K(699072K)
[73.977s][info][gc,metaspace   ] GC(385) Metaspace: 140523K(142336K)->140497K(142336K) NonClass: 123152K(124096K)->123129K(124096K) Class: 17371K(18240K)->17367K(18240K)
[73.977s][info][gc             ] GC(385) Pause Full (System.gc()) 211M->74M(989M) 148.382ms
[73.977s][info][gc,cpu         ] GC(385) User=0.12s Sys=0.00s Real=0.14s
[74.187s][info][gc,start       ] GC(386) Pause Young (Allocation Failure)
[74.192s][info][gc,heap        ] GC(386) DefNew: 279616K(314560K)->2134K(314560K) Eden: 279616K(279616K)->0K(279616K) From: 0K(34944K)->2134K(34944K)
[74.192s][info][gc,heap        ] GC(386) Tenured: 76455K(699072K)->76455K(699072K)
[74.192s][info][gc,metaspace   ] GC(386) Metaspace: 140666K(142464K)->140666K(142464K) NonClass: 123291K(124224K)->123291K(124224K) Class: 17374K(18240K)->17374K(18240K)
[74.192s][info][gc             ] GC(386) Pause Young (Allocation Failure) 347M->76M(989M) 5.254ms
[74.192s][info][gc,cpu         ] GC(386) User=0.00s Sys=0.00s Real=0.02s
[74.275s][info][gc,start       ] GC(387) Pause Young (Allocation Failure)
[74.280s][info][gc,heap        ] GC(387) DefNew: 281750K(314560K)->3435K(314560K) Eden: 279616K(279616K)->0K(279616K) From: 2134K(34944K)->3435K(34944K)
[74.280s][info][gc,heap        ] GC(387) Tenured: 76455K(699072K)->76455K(699072K)
[74.280s][info][gc,metaspace   ] GC(387) Metaspace: 140668K(142464K)->140668K(142464K) NonClass: 123294K(124224K)->123294K(124224K) Class: 17374K(18240K)->17374K(18240K)
[74.281s][info][gc             ] GC(387) Pause Young (Allocation Failure) 349M->78M(989M) 5.548ms
[74.281s][info][gc,cpu         ] GC(387) User=0.00s Sys=0.00s Real=0.00s
[74.345s][info][gc,start       ] GC(388) Pause Young (Allocation Failure)
[74.348s][info][gc,heap        ] GC(388) DefNew: 283051K(314560K)->2514K(314560K) Eden: 279616K(279616K)->0K(279616K) From: 3435K(34944K)->2514K(34944K)
[74.348s][info][gc,heap        ] GC(388) Tenured: 76455K(699072K)->76455K(699072K)
[74.348s][info][gc,metaspace   ] GC(388) Metaspace: 140668K(142464K)->140668K(142464K) NonClass: 123294K(124224K)->123294K(124224K) Class: 17374K(18240K)->17374K(18240K)
[74.348s][info][gc             ] GC(388) Pause Young (Allocation Failure) 351M->77M(989M) 3.508ms
[74.348s][info][gc,cpu         ] GC(388) User=0.00s Sys=0.00s Real=0.00s
[74.468s][info][gc,start       ] GC(389) Pause Young (Allocation Failure)
[74.471s][info][gc,heap        ] GC(389) DefNew: 282130K(314560K)->2410K(314560K) Eden: 279616K(279616K)->0K(279616K) From: 2514K(34944K)->2410K(34944K)
[74.471s][info][gc,heap        ] GC(389) Tenured: 76455K(699072K)->76455K(699072K)
[74.471s][info][gc,metaspace   ] GC(389) Metaspace: 140668K(142464K)->140668K(142464K) NonClass: 123294K(124224K)->123294K(124224K) Class: 17374K(18240K)->17374K(18240K)
[74.471s][info][gc             ] GC(389) Pause Young (Allocation Failure) 350M->77M(989M) 3.220ms
[74.471s][info][gc,cpu         ] GC(389) User=0.00s Sys=0.00s Real=0.00s
[74.586s][info][gc,start       ] GC(390) Pause Young (Allocation Failure)
[74.598s][info][gc,heap        ] GC(390) DefNew: 282026K(314560K)->27649K(314560K) Eden: 279616K(279616K)->0K(279616K) From: 2410K(34944K)->27649K(34944K)
[74.598s][info][gc,heap        ] GC(390) Tenured: 76455K(699072K)->76455K(699072K)
[74.598s][info][gc,metaspace   ] GC(390) Metaspace: 140681K(142464K)->140681K(142464K) NonClass: 123306K(124224K)->123306K(124224K) Class: 17374K(18240K)->17374K(18240K)
[74.598s][info][gc             ] GC(390) Pause Young (Allocation Failure) 350M->101M(989M) 12.653ms
[74.599s][info][gc,cpu         ] GC(390) User=0.00s Sys=0.00s Real=0.02s
[74.721s][info][gc,start       ] GC(391) Pause Full (System.gc())
[74.721s][info][gc,phases,start] GC(391) Phase 1: Mark live objects
[74.806s][info][gc,phases      ] GC(391) Phase 1: Mark live objects 84.408ms
[74.806s][info][gc,phases,start] GC(391) Phase 2: Compute new object addresses
[74.830s][info][gc,phases      ] GC(391) Phase 2: Compute new object addresses 23.880ms
[74.830s][info][gc,phases,start] GC(391) Phase 3: Adjust pointers
[74.871s][info][gc,phases      ] GC(391) Phase 3: Adjust pointers 41.217ms
[74.871s][info][gc,phases,start] GC(391) Phase 4: Move objects
[74.875s][info][gc,phases      ] GC(391) Phase 4: Move objects 3.813ms
[74.875s][info][gc,heap        ] GC(391) DefNew: 141514K(314560K)->0K(314560K) Eden: 113865K(279616K)->0K(279616K) From: 27649K(34944K)->0K(34944K)
[74.876s][info][gc,heap        ] GC(391) Tenured: 76455K(699072K)->74497K(699072K)
[74.876s][info][gc,metaspace   ] GC(391) Metaspace: 140707K(142528K)->140681K(142528K) NonClass: 123332K(124288K)->123310K(124288K) Class: 17374K(18240K)->17370K(18240K)
[74.876s][info][gc             ] GC(391) Pause Full (System.gc()) 212M->72M(989M) 154.197ms
[74.876s][info][gc,cpu         ] GC(391) User=0.14s Sys=0.00s Real=0.14s
[75.078s][info][gc,start       ] GC(392) Pause Young (Allocation Failure)
[75.083s][info][gc,heap        ] GC(392) DefNew: 279616K(314560K)->2132K(314560K) Eden: 279616K(279616K)->0K(279616K) From: 0K(34944K)->2132K(34944K)
[75.083s][info][gc,heap        ] GC(392) Tenured: 74497K(699072K)->74497K(699072K)
[75.083s][info][gc,metaspace   ] GC(392) Metaspace: 140744K(142592K)->140744K(142592K) NonClass: 123370K(124352K)->123370K(124352K) Class: 17374K(18240K)->17374K(18240K)
[75.083s][info][gc             ] GC(392) Pause Young (Allocation Failure) 345M->74M(989M) 5.282ms
[75.084s][info][gc,cpu         ] GC(392) User=0.00s Sys=0.00s Real=0.02s
[75.166s][info][gc,start       ] GC(393) Pause Young (Allocation Failure)
[75.171s][info][gc,heap        ] GC(393) DefNew: 281748K(314560K)->3433K(314560K) Eden: 279616K(279616K)->0K(279616K) From: 2132K(34944K)->3433K(34944K)
[75.171s][info][gc,heap        ] GC(393) Tenured: 74497K(699072K)->74497K(699072K)
[75.171s][info][gc,metaspace   ] GC(393) Metaspace: 140744K(142592K)->140744K(142592K) NonClass: 123370K(124352K)->123370K(124352K) Class: 17374K(18240K)->17374K(18240K)
[75.171s][info][gc             ] GC(393) Pause Young (Allocation Failure) 347M->76M(989M) 5.598ms
[75.172s][info][gc,cpu         ] GC(393) User=0.00s Sys=0.00s Real=0.00s
[75.235s][info][gc,start       ] GC(394) Pause Young (Allocation Failure)
[75.238s][info][gc,heap        ] GC(394) DefNew: 282293K(314560K)->2567K(314560K) Eden: 278860K(279616K)->0K(279616K) From: 3433K(34944K)->2567K(34944K)
[75.238s][info][gc,heap        ] GC(394) Tenured: 74497K(699072K)->74497K(699072K)
[75.238s][info][gc,metaspace   ] GC(394) Metaspace: 140744K(142592K)->140744K(142592K) NonClass: 123370K(124352K)->123370K(124352K) Class: 17374K(18240K)->17374K(18240K)
[75.238s][info][gc             ] GC(394) Pause Young (Allocation Failure) 348M->75M(989M) 3.834ms
[75.238s][info][gc,cpu         ] GC(394) User=0.00s Sys=0.00s Real=0.02s
[75.353s][info][gc,start       ] GC(395) Pause Young (Allocation Failure)
[75.356s][info][gc,heap        ] GC(395) DefNew: 282183K(314560K)->1492K(314560K) Eden: 279616K(279616K)->0K(279616K) From: 2567K(34944K)->1492K(34944K)
[75.356s][info][gc,heap        ] GC(395) Tenured: 74497K(699072K)->74497K(699072K)
[75.356s][info][gc,metaspace   ] GC(395) Metaspace: 140744K(142592K)->140744K(142592K) NonClass: 123370K(124352K)->123370K(124352K) Class: 17374K(18240K)->17374K(18240K)
[75.356s][info][gc             ] GC(395) Pause Young (Allocation Failure) 348M->74M(989M) 3.160ms
[75.357s][info][gc,cpu         ] GC(395) User=0.00s Sys=0.00s Real=0.00s
[75.470s][info][gc,start       ] GC(396) Pause Young (Allocation Failure)
[75.484s][info][gc,heap        ] GC(396) DefNew: 281108K(314560K)->27230K(314560K) Eden: 279616K(279616K)->0K(279616K) From: 1492K(34944K)->27230K(34944K)
[75.484s][info][gc,heap        ] GC(396) Tenured: 74497K(699072K)->74497K(699072K)
[75.484s][info][gc,metaspace   ] GC(396) Metaspace: 140747K(142592K)->140747K(142592K) NonClass: 123372K(124352K)->123372K(124352K) Class: 17374K(18240K)->17374K(18240K)
[75.484s][info][gc             ] GC(396) Pause Young (Allocation Failure) 347M->99M(989M) 13.909ms
[75.484s][info][gc,cpu         ] GC(396) User=0.02s Sys=0.00s Real=0.02s
[75.604s][info][gc,start       ] GC(397) Pause Full (System.gc())
[75.605s][info][gc,phases,start] GC(397) Phase 1: Mark live objects
[75.690s][info][gc,phases      ] GC(397) Phase 1: Mark live objects 85.061ms
[75.690s][info][gc,phases,start] GC(397) Phase 2: Compute new object addresses
[75.714s][info][gc,phases      ] GC(397) Phase 2: Compute new object addresses 24.064ms
[75.714s][info][gc,phases,start] GC(397) Phase 3: Adjust pointers
[75.754s][info][gc,phases      ] GC(397) Phase 3: Adjust pointers 40.214ms
[75.754s][info][gc,phases,start] GC(397) Phase 4: Move objects
[75.754s][info][gc,phases      ] GC(397) Phase 4: Move objects 0.121ms
[75.755s][info][gc,heap        ] GC(397) DefNew: 143714K(314560K)->0K(314560K) Eden: 116483K(279616K)->0K(279616K) From: 27230K(34944K)->0K(34944K)
[75.755s][info][gc,heap        ] GC(397) Tenured: 74497K(699072K)->75329K(699072K)
[75.755s][info][gc,metaspace   ] GC(397) Metaspace: 140750K(142592K)->140724K(142528K) NonClass: 123376K(124352K)->123354K(124288K) Class: 17374K(18240K)->17370K(18240K)
[75.755s][info][gc             ] GC(397) Pause Full (System.gc()) 213M->73M(989M) 150.264ms
[75.755s][info][gc,cpu         ] GC(397) User=0.16s Sys=0.00s Real=0.16s
[75.957s][info][gc,start       ] GC(398) Pause Young (Allocation Failure)
[75.962s][info][gc,heap        ] GC(398) DefNew: 279616K(314560K)->2140K(314560K) Eden: 279616K(279616K)->0K(279616K) From: 0K(34944K)->2140K(34944K)
[75.962s][info][gc,heap        ] GC(398) Tenured: 75329K(699072K)->75329K(699072K)
[75.962s][info][gc,metaspace   ] GC(398) Metaspace: 140784K(142592K)->140784K(142592K) NonClass: 123409K(124352K)->123409K(124352K) Class: 17374K(18240K)->17374K(18240K)
[75.962s][info][gc             ] GC(398) Pause Young (Allocation Failure) 346M->75M(989M) 4.930ms
[75.962s][info][gc,cpu         ] GC(398) User=0.00s Sys=0.00s Real=0.00s
[76.046s][info][gc,start       ] GC(399) Pause Young (Allocation Failure)
[76.052s][info][gc,heap        ] GC(399) DefNew: 281756K(314560K)->3432K(314560K) Eden: 279616K(279616K)->0K(279616K) From: 2140K(34944K)->3432K(34944K)
[76.052s][info][gc,heap        ] GC(399) Tenured: 75329K(699072K)->75329K(699072K)
[76.052s][info][gc,metaspace   ] GC(399) Metaspace: 140784K(142592K)->140784K(142592K) NonClass: 123410K(124352K)->123410K(124352K) Class: 17374K(18240K)->17374K(18240K)
[76.052s][info][gc             ] GC(399) Pause Young (Allocation Failure) 348M->76M(989M) 6.355ms
[76.052s][info][gc,cpu         ] GC(399) User=0.00s Sys=0.00s Real=0.00s
[76.120s][info][gc,start       ] GC(400) Pause Young (Allocation Failure)
[76.124s][info][gc,heap        ] GC(400) DefNew: 283048K(314560K)->3054K(314560K) Eden: 279616K(279616K)->0K(279616K) From: 3432K(34944K)->3054K(34944K)
[76.124s][info][gc,heap        ] GC(400) Tenured: 75329K(699072K)->75329K(699072K)
[76.124s][info][gc,metaspace   ] GC(400) Metaspace: 140784K(142592K)->140784K(142592K) NonClass: 123410K(124352K)->123410K(124352K) Class: 17374K(18240K)->17374K(18240K)
[76.124s][info][gc             ] GC(400) Pause Young (Allocation Failure) 349M->76M(989M) 4.118ms
[76.124s][info][gc,cpu         ] GC(400) User=0.00s Sys=0.00s Real=0.00s
[76.240s][info][gc,start       ] GC(401) Pause Young (Allocation Failure)
[76.243s][info][gc,heap        ] GC(401) DefNew: 282670K(314560K)->1305K(314560K) Eden: 279616K(279616K)->0K(279616K) From: 3054K(34944K)->1305K(34944K)
[76.243s][info][gc,heap        ] GC(401) Tenured: 75329K(699072K)->75329K(699072K)
[76.243s][info][gc,metaspace   ] GC(401) Metaspace: 140784K(142592K)->140784K(142592K) NonClass: 123410K(124352K)->123410K(124352K) Class: 17374K(18240K)->17374K(18240K)
[76.243s][info][gc             ] GC(401) Pause Young (Allocation Failure) 349M->74M(989M) 2.929ms
[76.243s][info][gc,cpu         ] GC(401) User=0.00s Sys=0.00s Real=0.00s
[76.356s][info][gc,start       ] GC(402) Pause Young (Allocation Failure)
[76.368s][info][gc,heap        ] GC(402) DefNew: 280921K(314560K)->27573K(314560K) Eden: 279616K(279616K)->0K(279616K) From: 1305K(34944K)->27573K(34944K)
[76.368s][info][gc,heap        ] GC(402) Tenured: 75329K(699072K)->75329K(699072K)
[76.368s][info][gc,metaspace   ] GC(402) Metaspace: 140784K(142592K)->140784K(142592K) NonClass: 123410K(124352K)->123410K(124352K) Class: 17374K(18240K)->17374K(18240K)
[76.368s][info][gc             ] GC(402) Pause Young (Allocation Failure) 347M->100M(989M) 12.196ms
[76.368s][info][gc,cpu         ] GC(402) User=0.00s Sys=0.00s Real=0.01s
[76.490s][info][gc,start       ] GC(403) Pause Full (System.gc())
[76.490s][info][gc,phases,start] GC(403) Phase 1: Mark live objects
[76.574s][info][gc,phases      ] GC(403) Phase 1: Mark live objects 84.041ms
[76.574s][info][gc,phases,start] GC(403) Phase 2: Compute new object addresses
[76.599s][info][gc,phases      ] GC(403) Phase 2: Compute new object addresses 24.254ms
[76.599s][info][gc,phases,start] GC(403) Phase 3: Adjust pointers
[76.639s][info][gc,phases      ] GC(403) Phase 3: Adjust pointers 40.113ms
[76.639s][info][gc,phases,start] GC(403) Phase 4: Move objects
[76.639s][info][gc,phases      ] GC(403) Phase 4: Move objects 0.121ms
[76.639s][info][gc,heap        ] GC(403) DefNew: 141138K(314560K)->0K(314560K) Eden: 113565K(279616K)->0K(279616K) From: 27573K(34944K)->0K(34944K)
[76.639s][info][gc,heap        ] GC(403) Tenured: 75329K(699072K)->76162K(699072K)
[76.639s][info][gc,metaspace   ] GC(403) Metaspace: 140784K(142592K)->140757K(142592K) NonClass: 123410K(124352K)->123387K(124352K) Class: 17374K(18240K)->17370K(18240K)
[76.639s][info][gc             ] GC(403) Pause Full (System.gc()) 211M->74M(989M) 149.295ms
[76.639s][info][gc,cpu         ] GC(403) User=0.12s Sys=0.00s Real=0.16s
[76.838s][info][gc,start       ] GC(404) Pause Young (Allocation Failure)
[76.843s][info][gc,heap        ] GC(404) DefNew: 279616K(314560K)->2136K(314560K) Eden: 279616K(279616K)->0K(279616K) From: 0K(34944K)->2136K(34944K)
[76.843s][info][gc,heap        ] GC(404) Tenured: 76162K(699072K)->76162K(699072K)
[76.843s][info][gc,metaspace   ] GC(404) Metaspace: 140807K(142592K)->140807K(142592K) NonClass: 123432K(124352K)->123432K(124352K) Class: 17375K(18240K)->17375K(18240K)
[76.843s][info][gc             ] GC(404) Pause Young (Allocation Failure) 347M->76M(989M) 5.235ms
[76.843s][info][gc,cpu         ] GC(404) User=0.00s Sys=0.00s Real=0.02s
[76.927s][info][gc,start       ] GC(405) Pause Young (Allocation Failure)
[76.933s][info][gc,heap        ] GC(405) DefNew: 281752K(314560K)->3424K(314560K) Eden: 279616K(279616K)->0K(279616K) From: 2136K(34944K)->3424K(34944K)
[76.933s][info][gc,heap        ] GC(405) Tenured: 76162K(699072K)->76162K(699072K)
[76.933s][info][gc,metaspace   ] GC(405) Metaspace: 140807K(142592K)->140807K(142592K) NonClass: 123432K(124352K)->123432K(124352K) Class: 17375K(18240K)->17375K(18240K)
[76.933s][info][gc             ] GC(405) Pause Young (Allocation Failure) 349M->77M(989M) 6.377ms
[76.933s][info][gc,cpu         ] GC(405) User=0.00s Sys=0.00s Real=0.00s
[76.997s][info][gc,start       ] GC(406) Pause Young (Allocation Failure)
[77.001s][info][gc,heap        ] GC(406) DefNew: 283040K(314560K)->2513K(314560K) Eden: 279616K(279616K)->0K(279616K) From: 3424K(34944K)->2513K(34944K)
[77.001s][info][gc,heap        ] GC(406) Tenured: 76162K(699072K)->76162K(699072K)
[77.001s][info][gc,metaspace   ] GC(406) Metaspace: 140807K(142592K)->140807K(142592K) NonClass: 123432K(124352K)->123432K(124352K) Class: 17375K(18240K)->17375K(18240K)
[77.001s][info][gc             ] GC(406) Pause Young (Allocation Failure) 350M->76M(989M) 3.674ms
[77.001s][info][gc,cpu         ] GC(406) User=0.00s Sys=0.00s Real=0.00s
[77.116s][info][gc,start       ] GC(407) Pause Young (Allocation Failure)
[77.119s][info][gc,heap        ] GC(407) DefNew: 282129K(314560K)->1404K(314560K) Eden: 279616K(279616K)->0K(279616K) From: 2513K(34944K)->1404K(34944K)
[77.119s][info][gc,heap        ] GC(407) Tenured: 76162K(699072K)->76162K(699072K)
[77.119s][info][gc,metaspace   ] GC(407) Metaspace: 140809K(142592K)->140809K(142592K) NonClass: 123433K(124352K)->123433K(124352K) Class: 17375K(18240K)->17375K(18240K)
[77.119s][info][gc             ] GC(407) Pause Young (Allocation Failure) 349M->75M(989M) 3.129ms
[77.119s][info][gc,cpu         ] GC(407) User=0.00s Sys=0.00s Real=0.00s
[77.232s][info][gc,start       ] GC(408) Pause Young (Allocation Failure)
[77.244s][info][gc,heap        ] GC(408) DefNew: 281020K(314560K)->27616K(314560K) Eden: 279616K(279616K)->0K(279616K) From: 1404K(34944K)->27616K(34944K)
[77.244s][info][gc,heap        ] GC(408) Tenured: 76162K(699072K)->76162K(699072K)
[77.244s][info][gc,metaspace   ] GC(408) Metaspace: 140811K(142592K)->140811K(142592K) NonClass: 123435K(124352K)->123435K(124352K) Class: 17375K(18240K)->17375K(18240K)
[77.244s][info][gc             ] GC(408) Pause Young (Allocation Failure) 348M->101M(989M) 12.789ms
[77.245s][info][gc,cpu         ] GC(408) User=0.00s Sys=0.00s Real=0.02s
[77.362s][info][gc,start       ] GC(409) Pause Full (System.gc())
[77.363s][info][gc,phases,start] GC(409) Phase 1: Mark live objects
[77.447s][info][gc,phases      ] GC(409) Phase 1: Mark live objects 84.679ms
[77.447s][info][gc,phases,start] GC(409) Phase 2: Compute new object addresses
[77.471s][info][gc,phases      ] GC(409) Phase 2: Compute new object addresses 23.669ms
[77.471s][info][gc,phases,start] GC(409) Phase 3: Adjust pointers
[77.511s][info][gc,phases      ] GC(409) Phase 3: Adjust pointers 40.359ms
[77.511s][info][gc,phases,start] GC(409) Phase 4: Move objects
[77.512s][info][gc,phases      ] GC(409) Phase 4: Move objects 0.241ms
[77.512s][info][gc,heap        ] GC(409) DefNew: 140502K(314560K)->0K(314560K) Eden: 112886K(279616K)->0K(279616K) From: 27616K(34944K)->0K(34944K)
[77.512s][info][gc,heap        ] GC(409) Tenured: 76162K(699072K)->76997K(699072K)
[77.512s][info][gc,metaspace   ] GC(409) Metaspace: 140815K(142592K)->140789K(142592K) NonClass: 123440K(124352K)->123418K(124352K) Class: 17375K(18240K)->17371K(18240K)
[77.512s][info][gc             ] GC(409) Pause Full (System.gc()) 211M->75M(989M) 149.750ms
[77.512s][info][gc,cpu         ] GC(409) User=0.14s Sys=0.00s Real=0.13s
[77.711s][info][gc,start       ] GC(410) Pause Young (Allocation Failure)
[77.717s][info][gc,heap        ] GC(410) DefNew: 279616K(314560K)->2137K(314560K) Eden: 279616K(279616K)->0K(279616K) From: 0K(34944K)->2137K(34944K)
[77.717s][info][gc,heap        ] GC(410) Tenured: 76997K(699072K)->76997K(699072K)
[77.717s][info][gc,metaspace   ] GC(410) Metaspace: 140834K(142656K)->140834K(142656K) NonClass: 123458K(124416K)->123458K(124416K) Class: 17375K(18240K)->17375K(18240K)
[77.717s][info][gc             ] GC(410) Pause Young (Allocation Failure) 348M->77M(989M) 5.501ms
[77.717s][info][gc,cpu         ] GC(410) User=0.00s Sys=0.00s Real=0.00s
[77.799s][info][gc,start       ] GC(411) Pause Young (Allocation Failure)
[77.805s][info][gc,heap        ] GC(411) DefNew: 281753K(314560K)->3434K(314560K) Eden: 279616K(279616K)->0K(279616K) From: 2137K(34944K)->3434K(34944K)
[77.805s][info][gc,heap        ] GC(411) Tenured: 76997K(699072K)->76997K(699072K)
[77.805s][info][gc,metaspace   ] GC(411) Metaspace: 140834K(142656K)->140834K(142656K) NonClass: 123458K(124416K)->123458K(124416K) Class: 17375K(18240K)->17375K(18240K)
[77.805s][info][gc             ] GC(411) Pause Young (Allocation Failure) 350M->78M(989M) 5.820ms
[77.805s][info][gc,cpu         ] GC(411) User=0.00s Sys=0.00s Real=0.00s
[77.871s][info][gc,start       ] GC(412) Pause Young (Allocation Failure)
[77.874s][info][gc,heap        ] GC(412) DefNew: 283050K(314560K)->2520K(314560K) Eden: 279616K(279616K)->0K(279616K) From: 3434K(34944K)->2520K(34944K)
[77.874s][info][gc,heap        ] GC(412) Tenured: 76997K(699072K)->76997K(699072K)
[77.874s][info][gc,metaspace   ] GC(412) Metaspace: 140834K(142656K)->140834K(142656K) NonClass: 123458K(124416K)->123458K(124416K) Class: 17375K(18240K)->17375K(18240K)
[77.874s][info][gc             ] GC(412) Pause Young (Allocation Failure) 351M->77M(989M) 3.435ms
[77.874s][info][gc,cpu         ] GC(412) User=0.00s Sys=0.00s Real=0.00s
[77.988s][info][gc,start       ] GC(413) Pause Young (Allocation Failure)
[77.992s][info][gc,heap        ] GC(413) DefNew: 281789K(314560K)->3570K(314560K) Eden: 279269K(279616K)->0K(279616K) From: 2520K(34944K)->3570K(34944K)
[77.992s][info][gc,heap        ] GC(413) Tenured: 76997K(699072K)->76997K(699072K)
[77.992s][info][gc,metaspace   ] GC(413) Metaspace: 140834K(142656K)->140834K(142656K) NonClass: 123458K(124416K)->123458K(124416K) Class: 17375K(18240K)->17375K(18240K)
[77.992s][info][gc             ] GC(413) Pause Young (Allocation Failure) 350M->78M(989M) 3.590ms
[77.992s][info][gc,cpu         ] GC(413) User=0.00s Sys=0.00s Real=0.00s
[78.105s][info][gc,start       ] GC(414) Pause Young (Allocation Failure)
[78.117s][info][gc,heap        ] GC(414) DefNew: 283186K(314560K)->27442K(314560K) Eden: 279616K(279616K)->0K(279616K) From: 3570K(34944K)->27442K(34944K)
[78.117s][info][gc,heap        ] GC(414) Tenured: 76997K(699072K)->76997K(699072K)
[78.117s][info][gc,metaspace   ] GC(414) Metaspace: 140834K(142656K)->140834K(142656K) NonClass: 123458K(124416K)->123458K(124416K) Class: 17375K(18240K)->17375K(18240K)
[78.117s][info][gc             ] GC(414) Pause Young (Allocation Failure) 351M->101M(989M) 12.061ms
[78.117s][info][gc,cpu         ] GC(414) User=0.02s Sys=0.00s Real=0.02s
[78.234s][info][gc,start       ] GC(415) Pause Full (System.gc())
[78.234s][info][gc,phases,start] GC(415) Phase 1: Mark live objects
[78.318s][info][gc,phases      ] GC(415) Phase 1: Mark live objects 84.280ms
[78.318s][info][gc,phases,start] GC(415) Phase 2: Compute new object addresses
[78.342s][info][gc,phases      ] GC(415) Phase 2: Compute new object addresses 23.716ms
[78.342s][info][gc,phases,start] GC(415) Phase 3: Adjust pointers
[78.383s][info][gc,phases      ] GC(415) Phase 3: Adjust pointers 41.200ms
[78.383s][info][gc,phases,start] GC(415) Phase 4: Move objects
[78.387s][info][gc,phases      ] GC(415) Phase 4: Move objects 3.809ms
[78.388s][info][gc,heap        ] GC(415) DefNew: 142418K(314560K)->0K(314560K) Eden: 114975K(279616K)->0K(279616K) From: 27442K(34944K)->0K(34944K)
[78.388s][info][gc,heap        ] GC(415) Tenured: 76997K(699072K)->74791K(699072K)
[78.388s][info][gc,metaspace   ] GC(415) Metaspace: 140834K(142656K)->140807K(142592K) NonClass: 123458K(124416K)->123436K(124352K) Class: 17375K(18240K)->17371K(18240K)
[78.388s][info][gc             ] GC(415) Pause Full (System.gc()) 214M->73M(989M) 153.924ms
[78.388s][info][gc,cpu         ] GC(415) User=0.14s Sys=0.00s Real=0.14s
[78.589s][info][gc,start       ] GC(416) Pause Young (Allocation Failure)
[78.594s][info][gc,heap        ] GC(416) DefNew: 279616K(314560K)->2143K(314560K) Eden: 279616K(279616K)->0K(279616K) From: 0K(34944K)->2143K(34944K)
[78.594s][info][gc,heap        ] GC(416) Tenured: 74791K(699072K)->74791K(699072K)
[78.594s][info][gc,metaspace   ] GC(416) Metaspace: 140860K(142656K)->140860K(142656K) NonClass: 123484K(124416K)->123484K(124416K) Class: 17375K(18240K)->17375K(18240K)
[78.594s][info][gc             ] GC(416) Pause Young (Allocation Failure) 346M->75M(989M) 5.072ms
[78.594s][info][gc,cpu         ] GC(416) User=0.02s Sys=0.00s Real=0.01s
[78.677s][info][gc,start       ] GC(417) Pause Young (Allocation Failure)
[78.683s][info][gc,heap        ] GC(417) DefNew: 281759K(314560K)->3437K(314560K) Eden: 279616K(279616K)->0K(279616K) From: 2143K(34944K)->3437K(34944K)
[78.683s][info][gc,heap        ] GC(417) Tenured: 74791K(699072K)->74791K(699072K)
[78.683s][info][gc,metaspace   ] GC(417) Metaspace: 140861K(142656K)->140861K(142656K) NonClass: 123485K(124416K)->123485K(124416K) Class: 17375K(18240K)->17375K(18240K)
[78.683s][info][gc             ] GC(417) Pause Young (Allocation Failure) 348M->76M(989M) 5.747ms
[78.683s][info][gc,cpu         ] GC(417) User=0.00s Sys=0.00s Real=0.00s
[78.747s][info][gc,start       ] GC(418) Pause Young (Allocation Failure)
[78.750s][info][gc,heap        ] GC(418) DefNew: 283053K(314560K)->2561K(314560K) Eden: 279616K(279616K)->0K(279616K) From: 3437K(34944K)->2561K(34944K)
[78.750s][info][gc,heap        ] GC(418) Tenured: 74791K(699072K)->74791K(699072K)
[78.750s][info][gc,metaspace   ] GC(418) Metaspace: 140861K(142656K)->140861K(142656K) NonClass: 123485K(124416K)->123485K(124416K) Class: 17375K(18240K)->17375K(18240K)
[78.751s][info][gc             ] GC(418) Pause Young (Allocation Failure) 349M->75M(989M) 3.505ms
[78.751s][info][gc,cpu         ] GC(418) User=0.00s Sys=0.00s Real=0.00s
[78.867s][info][gc,start       ] GC(419) Pause Young (Allocation Failure)
[78.871s][info][gc,heap        ] GC(419) DefNew: 282177K(314560K)->3572K(314560K) Eden: 279616K(279616K)->0K(279616K) From: 2561K(34944K)->3572K(34944K)
[78.871s][info][gc,heap        ] GC(419) Tenured: 74791K(699072K)->74791K(699072K)
[78.871s][info][gc,metaspace   ] GC(419) Metaspace: 140861K(142656K)->140861K(142656K) NonClass: 123485K(124416K)->123485K(124416K) Class: 17375K(18240K)->17375K(18240K)
[78.871s][info][gc             ] GC(419) Pause Young (Allocation Failure) 348M->76M(989M) 4.262ms
[78.871s][info][gc,cpu         ] GC(419) User=0.00s Sys=0.00s Real=0.00s
[78.985s][info][gc,start       ] GC(420) Pause Young (Allocation Failure)
[78.997s][info][gc,heap        ] GC(420) DefNew: 283188K(314560K)->27504K(314560K) Eden: 279616K(279616K)->0K(279616K) From: 3572K(34944K)->27504K(34944K)
[78.997s][info][gc,heap        ] GC(420) Tenured: 74791K(699072K)->74791K(699072K)
[78.997s][info][gc,metaspace   ] GC(420) Metaspace: 140862K(142656K)->140862K(142656K) NonClass: 123487K(124416K)->123487K(124416K) Class: 17375K(18240K)->17375K(18240K)
[78.997s][info][gc             ] GC(420) Pause Young (Allocation Failure) 349M->99M(989M) 12.277ms
[78.997s][info][gc,cpu         ] GC(420) User=0.02s Sys=0.00s Real=0.02s
[79.115s][info][gc,start       ] GC(421) Pause Full (System.gc())
[79.115s][info][gc,phases,start] GC(421) Phase 1: Mark live objects
[79.200s][info][gc,phases      ] GC(421) Phase 1: Mark live objects 85.035ms
[79.200s][info][gc,phases,start] GC(421) Phase 2: Compute new object addresses
[79.224s][info][gc,phases      ] GC(421) Phase 2: Compute new object addresses 23.713ms
[79.224s][info][gc,phases,start] GC(421) Phase 3: Adjust pointers
[79.264s][info][gc,phases      ] GC(421) Phase 3: Adjust pointers 40.471ms
[79.264s][info][gc,phases,start] GC(421) Phase 4: Move objects
[79.264s][info][gc,phases      ] GC(421) Phase 4: Move objects 0.161ms
[79.265s][info][gc,heap        ] GC(421) DefNew: 141578K(314560K)->0K(314560K) Eden: 114074K(279616K)->0K(279616K) From: 27504K(34944K)->0K(34944K)
[79.265s][info][gc,heap        ] GC(421) Tenured: 74791K(699072K)->75758K(699072K)
[79.265s][info][gc,metaspace   ] GC(421) Metaspace: 140862K(142656K)->140835K(142656K) NonClass: 123487K(124416K)->123464K(124416K) Class: 17375K(18240K)->17371K(18240K)
[79.265s][info][gc             ] GC(421) Pause Full (System.gc()) 211M->73M(989M) 150.240ms
[79.265s][info][gc,cpu         ] GC(421) User=0.16s Sys=0.00s Real=0.16s
[79.463s][info][gc,start       ] GC(422) Pause Young (Allocation Failure)
[79.468s][info][gc,heap        ] GC(422) DefNew: 279616K(314560K)->2149K(314560K) Eden: 279616K(279616K)->0K(279616K) From: 0K(34944K)->2149K(34944K)
[79.468s][info][gc,heap        ] GC(422) Tenured: 75758K(699072K)->75758K(699072K)
[79.468s][info][gc,metaspace   ] GC(422) Metaspace: 140869K(142656K)->140869K(142656K) NonClass: 123493K(124416K)->123493K(124416K) Class: 17375K(18240K)->17375K(18240K)
[79.468s][info][gc             ] GC(422) Pause Young (Allocation Failure) 347M->76M(989M) 4.948ms
[79.468s][info][gc,cpu         ] GC(422) User=0.00s Sys=0.00s Real=0.00s
[79.552s][info][gc,start       ] GC(423) Pause Young (Allocation Failure)
[79.558s][info][gc,heap        ] GC(423) DefNew: 281765K(314560K)->3434K(314560K) Eden: 279616K(279616K)->0K(279616K) From: 2149K(34944K)->3434K(34944K)
[79.558s][info][gc,heap        ] GC(423) Tenured: 75758K(699072K)->75758K(699072K)
[79.558s][info][gc,metaspace   ] GC(423) Metaspace: 140869K(142656K)->140869K(142656K) NonClass: 123493K(124416K)->123493K(124416K) Class: 17375K(18240K)->17375K(18240K)
[79.558s][info][gc             ] GC(423) Pause Young (Allocation Failure) 349M->77M(989M) 6.430ms
[79.558s][info][gc,cpu         ] GC(423) User=0.00s Sys=0.00s Real=0.00s
[79.622s][info][gc,start       ] GC(424) Pause Young (Allocation Failure)
[79.626s][info][gc,heap        ] GC(424) DefNew: 283050K(314560K)->2522K(314560K) Eden: 279616K(279616K)->0K(279616K) From: 3434K(34944K)->2522K(34944K)
[79.626s][info][gc,heap        ] GC(424) Tenured: 75758K(699072K)->75758K(699072K)
[79.626s][info][gc,metaspace   ] GC(424) Metaspace: 140869K(142656K)->140869K(142656K) NonClass: 123493K(124416K)->123493K(124416K) Class: 17375K(18240K)->17375K(18240K)
[79.626s][info][gc             ] GC(424) Pause Young (Allocation Failure) 350M->76M(989M) 3.532ms
[79.626s][info][gc,cpu         ] GC(424) User=0.00s Sys=0.00s Real=0.00s
[79.741s][info][gc,start       ] GC(425) Pause Young (Allocation Failure)
[79.744s][info][gc,heap        ] GC(425) DefNew: 282138K(314560K)->1486K(314560K) Eden: 279616K(279616K)->0K(279616K) From: 2522K(34944K)->1486K(34944K)
[79.744s][info][gc,heap        ] GC(425) Tenured: 75758K(699072K)->75758K(699072K)
[79.744s][info][gc,metaspace   ] GC(425) Metaspace: 140869K(142656K)->140869K(142656K) NonClass: 123493K(124416K)->123493K(124416K) Class: 17375K(18240K)->17375K(18240K)
[79.744s][info][gc             ] GC(425) Pause Young (Allocation Failure) 349M->75M(989M) 3.432ms
[79.744s][info][gc,cpu         ] GC(425) User=0.00s Sys=0.00s Real=0.00s
[79.858s][info][gc,start       ] GC(426) Pause Young (Allocation Failure)
[79.872s][info][gc,heap        ] GC(426) DefNew: 281102K(314560K)->27455K(314560K) Eden: 279616K(279616K)->0K(279616K) From: 1486K(34944K)->27455K(34944K)
[79.872s][info][gc,heap        ] GC(426) Tenured: 75758K(699072K)->75758K(699072K)
[79.872s][info][gc,metaspace   ] GC(426) Metaspace: 140869K(142656K)->140869K(142656K) NonClass: 123493K(124416K)->123493K(124416K) Class: 17375K(18240K)->17375K(18240K)
[79.872s][info][gc             ] GC(426) Pause Young (Allocation Failure) 348M->100M(989M) 13.382ms
[79.872s][info][gc,cpu         ] GC(426) User=0.00s Sys=0.00s Real=0.02s
[79.988s][info][gc,start       ] GC(427) Pause Full (System.gc())
[79.988s][info][gc,phases,start] GC(427) Phase 1: Mark live objects
[80.073s][info][gc,phases      ] GC(427) Phase 1: Mark live objects 84.901ms
[80.073s][info][gc,phases,start] GC(427) Phase 2: Compute new object addresses
[80.097s][info][gc,phases      ] GC(427) Phase 2: Compute new object addresses 23.901ms
[80.097s][info][gc,phases,start] GC(427) Phase 3: Adjust pointers
[80.138s][info][gc,phases      ] GC(427) Phase 3: Adjust pointers 40.532ms
[80.138s][info][gc,phases,start] GC(427) Phase 4: Move objects
[80.138s][info][gc,phases      ] GC(427) Phase 4: Move objects 0.126ms
[80.139s][info][gc,heap        ] GC(427) DefNew: 142022K(314560K)->0K(314560K) Eden: 114567K(279616K)->0K(279616K) From: 27455K(34944K)->0K(34944K)
[80.139s][info][gc,heap        ] GC(427) Tenured: 75758K(699072K)->76614K(699072K)
[80.139s][info][gc,metaspace   ] GC(427) Metaspace: 140872K(142656K)->140845K(142656K) NonClass: 123496K(124416K)->123474K(124416K) Class: 17375K(18240K)->17371K(18240K)
[80.139s][info][gc             ] GC(427) Pause Full (System.gc()) 212M->74M(989M) 150.222ms
[80.139s][info][gc,cpu         ] GC(427) User=0.14s Sys=0.00s Real=0.14s
[80.337s][info][gc,start       ] GC(428) Pause Young (Allocation Failure)
[80.342s][info][gc,heap        ] GC(428) DefNew: 279616K(314560K)->2136K(314560K) Eden: 279616K(279616K)->0K(279616K) From: 0K(34944K)->2136K(34944K)
[80.342s][info][gc,heap        ] GC(428) Tenured: 76614K(699072K)->76614K(699072K)
[80.342s][info][gc,metaspace   ] GC(428) Metaspace: 140875K(142656K)->140875K(142656K) NonClass: 123499K(124416K)->123499K(124416K) Class: 17375K(18240K)->17375K(18240K)
[80.342s][info][gc             ] GC(428) Pause Young (Allocation Failure) 347M->76M(989M) 5.179ms
[80.342s][info][gc,cpu         ] GC(428) User=0.00s Sys=0.00s Real=0.01s
[80.426s][info][gc,start       ] GC(429) Pause Young (Allocation Failure)
[80.431s][info][gc,heap        ] GC(429) DefNew: 281752K(314560K)->3431K(314560K) Eden: 279616K(279616K)->0K(279616K) From: 2136K(34944K)->3431K(34944K)
[80.431s][info][gc,heap        ] GC(429) Tenured: 76614K(699072K)->76614K(699072K)
[80.431s][info][gc,metaspace   ] GC(429) Metaspace: 140875K(142656K)->140875K(142656K) NonClass: 123499K(124416K)->123499K(124416K) Class: 17375K(18240K)->17375K(18240K)
[80.431s][info][gc             ] GC(429) Pause Young (Allocation Failure) 349M->78M(989M) 5.753ms
[80.432s][info][gc,cpu         ] GC(429) User=0.00s Sys=0.00s Real=0.00s
[80.497s][info][gc,start       ] GC(430) Pause Young (Allocation Failure)
[80.501s][info][gc,heap        ] GC(430) DefNew: 283047K(314560K)->2528K(314560K) Eden: 279616K(279616K)->0K(279616K) From: 3431K(34944K)->2528K(34944K)
[80.501s][info][gc,heap        ] GC(430) Tenured: 76614K(699072K)->76614K(699072K)
[80.501s][info][gc,metaspace   ] GC(430) Metaspace: 140875K(142656K)->140875K(142656K) NonClass: 123499K(124416K)->123499K(124416K) Class: 17375K(18240K)->17375K(18240K)
[80.501s][info][gc             ] GC(430) Pause Young (Allocation Failure) 351M->77M(989M) 3.681ms
[80.501s][info][gc,cpu         ] GC(430) User=0.00s Sys=0.00s Real=0.02s
[80.618s][info][gc,start       ] GC(431) Pause Young (Allocation Failure)
[80.620s][info][gc,heap        ] GC(431) DefNew: 282144K(314560K)->1382K(314560K) Eden: 279616K(279616K)->0K(279616K) From: 2528K(34944K)->1382K(34944K)
[80.620s][info][gc,heap        ] GC(431) Tenured: 76614K(699072K)->76614K(699072K)
[80.620s][info][gc,metaspace   ] GC(431) Metaspace: 140875K(142656K)->140875K(142656K) NonClass: 123499K(124416K)->123499K(124416K) Class: 17375K(18240K)->17375K(18240K)
[80.620s][info][gc             ] GC(431) Pause Young (Allocation Failure) 350M->76M(989M) 2.900ms
[80.620s][info][gc,cpu         ] GC(431) User=0.00s Sys=0.00s Real=0.00s
[80.737s][info][gc,start       ] GC(432) Pause Young (Allocation Failure)
[80.749s][info][gc,heap        ] GC(432) DefNew: 280998K(314560K)->27750K(314560K) Eden: 279616K(279616K)->0K(279616K) From: 1382K(34944K)->27750K(34944K)
[80.749s][info][gc,heap        ] GC(432) Tenured: 76614K(699072K)->76614K(699072K)
[80.749s][info][gc,metaspace   ] GC(432) Metaspace: 140876K(142656K)->140876K(142656K) NonClass: 123501K(124416K)->123501K(124416K) Class: 17375K(18240K)->17375K(18240K)
[80.749s][info][gc             ] GC(432) Pause Young (Allocation Failure) 349M->101M(989M) 12.604ms
[80.749s][info][gc,cpu         ] GC(432) User=0.00s Sys=0.00s Real=0.02s
[80.867s][info][gc,start       ] GC(433) Pause Full (System.gc())
[80.867s][info][gc,phases,start] GC(433) Phase 1: Mark live objects
[80.953s][info][gc,phases      ] GC(433) Phase 1: Mark live objects 85.469ms
[80.953s][info][gc,phases,start] GC(433) Phase 2: Compute new object addresses
[80.976s][info][gc,phases      ] GC(433) Phase 2: Compute new object addresses 23.430ms
[80.976s][info][gc,phases,start] GC(433) Phase 3: Adjust pointers
[81.017s][info][gc,phases      ] GC(433) Phase 3: Adjust pointers 41.078ms
[81.017s][info][gc,phases,start] GC(433) Phase 4: Move objects
[81.018s][info][gc,phases      ] GC(433) Phase 4: Move objects 0.223ms
[81.018s][info][gc,heap        ] GC(433) DefNew: 140295K(314560K)->0K(314560K) Eden: 112545K(279616K)->0K(279616K) From: 27750K(34944K)->0K(34944K)
[81.018s][info][gc,heap        ] GC(433) Tenured: 76614K(699072K)->77453K(699072K)
[81.018s][info][gc,metaspace   ] GC(433) Metaspace: 140876K(142656K)->140850K(142656K) NonClass: 123501K(124416K)->123478K(124416K) Class: 17375K(18240K)->17371K(18240K)
[81.018s][info][gc             ] GC(433) Pause Full (System.gc()) 211M->75M(989M) 151.091ms
[81.018s][info][gc,cpu         ] GC(433) User=0.14s Sys=0.00s Real=0.14s
[81.217s][info][gc,start       ] GC(434) Pause Young (Allocation Failure)
[81.222s][info][gc,heap        ] GC(434) DefNew: 279616K(314560K)->1929K(314560K) Eden: 279616K(279616K)->0K(279616K) From: 0K(34944K)->1929K(34944K)
[81.222s][info][gc,heap        ] GC(434) Tenured: 77453K(699072K)->77453K(699072K)
[81.222s][info][gc,metaspace   ] GC(434) Metaspace: 140888K(142656K)->140888K(142656K) NonClass: 123513K(124416K)->123513K(124416K) Class: 17375K(18240K)->17375K(18240K)
[81.222s][info][gc             ] GC(434) Pause Young (Allocation Failure) 348M->77M(989M) 4.907ms
[81.222s][info][gc,cpu         ] GC(434) User=0.02s Sys=0.00s Real=0.02s
[81.306s][info][gc,start       ] GC(435) Pause Young (Allocation Failure)
[81.311s][info][gc,heap        ] GC(435) DefNew: 281545K(314560K)->3437K(314560K) Eden: 279616K(279616K)->0K(279616K) From: 1929K(34944K)->3437K(34944K)
[81.311s][info][gc,heap        ] GC(435) Tenured: 77453K(699072K)->77453K(699072K)
[81.311s][info][gc,metaspace   ] GC(435) Metaspace: 140888K(142656K)->140888K(142656K) NonClass: 123513K(124416K)->123513K(124416K) Class: 17375K(18240K)->17375K(18240K)
[81.311s][info][gc             ] GC(435) Pause Young (Allocation Failure) 350M->78M(989M) 5.625ms
[81.311s][info][gc,cpu         ] GC(435) User=0.00s Sys=0.00s Real=0.00s
[81.376s][info][gc,start       ] GC(436) Pause Young (Allocation Failure)
[81.379s][info][gc,heap        ] GC(436) DefNew: 283053K(314560K)->2518K(314560K) Eden: 279616K(279616K)->0K(279616K) From: 3437K(34944K)->2518K(34944K)
[81.379s][info][gc,heap        ] GC(436) Tenured: 77453K(699072K)->77453K(699072K)
[81.379s][info][gc,metaspace   ] GC(436) Metaspace: 140888K(142656K)->140888K(142656K) NonClass: 123513K(124416K)->123513K(124416K) Class: 17375K(18240K)->17375K(18240K)
[81.379s][info][gc             ] GC(436) Pause Young (Allocation Failure) 352M->78M(989M) 3.607ms
[81.380s][info][gc,cpu         ] GC(436) User=0.00s Sys=0.00s Real=0.00s
[81.493s][info][gc,start       ] GC(437) Pause Young (Allocation Failure)
[81.497s][info][gc,heap        ] GC(437) DefNew: 281193K(314560K)->2515K(314560K) Eden: 278674K(279616K)->0K(279616K) From: 2518K(34944K)->2515K(34944K)
[81.498s][info][gc,heap        ] GC(437) Tenured: 77453K(699072K)->77453K(699072K)
[81.498s][info][gc,metaspace   ] GC(437) Metaspace: 140889K(142656K)->140889K(142656K) NonClass: 123513K(124416K)->123513K(124416K) Class: 17375K(18240K)->17375K(18240K)
[81.498s][info][gc             ] GC(437) Pause Young (Allocation Failure) 350M->78M(989M) 4.133ms
[81.498s][info][gc,cpu         ] GC(437) User=0.00s Sys=0.00s Real=0.00s
[81.610s][info][gc,start       ] GC(438) Pause Young (Allocation Failure)
[81.622s][info][gc,heap        ] GC(438) DefNew: 282131K(314560K)->27326K(314560K) Eden: 279616K(279616K)->0K(279616K) From: 2515K(34944K)->27326K(34944K)
[81.622s][info][gc,heap        ] GC(438) Tenured: 77453K(699072K)->77453K(699072K)
[81.622s][info][gc,metaspace   ] GC(438) Metaspace: 140889K(142656K)->140889K(142656K) NonClass: 123513K(124416K)->123513K(124416K) Class: 17375K(18240K)->17375K(18240K)
[81.622s][info][gc             ] GC(438) Pause Young (Allocation Failure) 351M->102M(989M) 11.958ms
[81.622s][info][gc,cpu         ] GC(438) User=0.02s Sys=0.00s Real=0.01s
[81.743s][info][gc,start       ] GC(439) Pause Full (System.gc())
[81.743s][info][gc,phases,start] GC(439) Phase 1: Mark live objects
[81.828s][info][gc,phases      ] GC(439) Phase 1: Mark live objects 85.057ms
[81.828s][info][gc,phases,start] GC(439) Phase 2: Compute new object addresses
[81.852s][info][gc,phases      ] GC(439) Phase 2: Compute new object addresses 23.989ms
[81.852s][info][gc,phases,start] GC(439) Phase 3: Adjust pointers
[81.893s][info][gc,phases      ] GC(439) Phase 3: Adjust pointers 41.450ms
[81.893s][info][gc,phases,start] GC(439) Phase 4: Move objects
[81.897s][info][gc,phases      ] GC(439) Phase 4: Move objects 3.954ms
[81.898s][info][gc,heap        ] GC(439) DefNew: 143331K(314560K)->0K(314560K) Eden: 116005K(279616K)->0K(279616K) From: 27326K(34944K)->0K(34944K)
[81.898s][info][gc,heap        ] GC(439) Tenured: 77453K(699072K)->75234K(699072K)
[81.898s][info][gc,metaspace   ] GC(439) Metaspace: 140889K(142656K)->140862K(142656K) NonClass: 123513K(124416K)->123491K(124416K) Class: 17375K(18240K)->17371K(18240K)
[81.898s][info][gc             ] GC(439) Pause Full (System.gc()) 215M->73M(989M) 155.360ms
[81.898s][info][gc,cpu         ] GC(439) User=0.14s Sys=0.00s Real=0.14s
[82.097s][info][gc,start       ] GC(440) Pause Young (Allocation Failure)
[82.101s][info][gc,heap        ] GC(440) DefNew: 279616K(314560K)->1932K(314560K) Eden: 279616K(279616K)->0K(279616K) From: 0K(34944K)->1932K(34944K)
[82.101s][info][gc,heap        ] GC(440) Tenured: 75234K(699072K)->75234K(699072K)
[82.101s][info][gc,metaspace   ] GC(440) Metaspace: 140898K(142720K)->140898K(142720K) NonClass: 123522K(124480K)->123522K(124480K) Class: 17375K(18240K)->17375K(18240K)
[82.101s][info][gc             ] GC(440) Pause Young (Allocation Failure) 346M->75M(989M) 4.689ms
[82.101s][info][gc,cpu         ] GC(440) User=0.00s Sys=0.00s Real=0.02s
[82.184s][info][gc,start       ] GC(441) Pause Young (Allocation Failure)
[82.190s][info][gc,heap        ] GC(441) DefNew: 281548K(314560K)->3426K(314560K) Eden: 279616K(279616K)->0K(279616K) From: 1932K(34944K)->3426K(34944K)
[82.190s][info][gc,heap        ] GC(441) Tenured: 75234K(699072K)->75234K(699072K)
[82.190s][info][gc,metaspace   ] GC(441) Metaspace: 140898K(142720K)->140898K(142720K) NonClass: 123522K(124480K)->123522K(124480K) Class: 17375K(18240K)->17375K(18240K)
[82.190s][info][gc             ] GC(441) Pause Young (Allocation Failure) 348M->76M(989M) 5.658ms
[82.190s][info][gc,cpu         ] GC(441) User=0.00s Sys=0.00s Real=0.00s
[82.259s][info][gc,start       ] GC(442) Pause Young (Allocation Failure)
[82.263s][info][gc,heap        ] GC(442) DefNew: 283042K(314560K)->2525K(314560K) Eden: 279616K(279616K)->0K(279616K) From: 3426K(34944K)->2525K(34944K)
[82.263s][info][gc,heap        ] GC(442) Tenured: 75234K(699072K)->75234K(699072K)
[82.263s][info][gc,metaspace   ] GC(442) Metaspace: 140898K(142720K)->140898K(142720K) NonClass: 123522K(124480K)->123522K(124480K) Class: 17375K(18240K)->17375K(18240K)
[82.263s][info][gc             ] GC(442) Pause Young (Allocation Failure) 349M->75M(989M) 3.973ms
[82.263s][info][gc,cpu         ] GC(442) User=0.02s Sys=0.00s Real=0.02s
[82.379s][info][gc,start       ] GC(443) Pause Young (Allocation Failure)
[82.382s][info][gc,heap        ] GC(443) DefNew: 282141K(314560K)->1502K(314560K) Eden: 279616K(279616K)->0K(279616K) From: 2525K(34944K)->1502K(34944K)
[82.382s][info][gc,heap        ] GC(443) Tenured: 75234K(699072K)->75234K(699072K)
[82.382s][info][gc,metaspace   ] GC(443) Metaspace: 140898K(142720K)->140898K(142720K) NonClass: 123522K(124480K)->123522K(124480K) Class: 17375K(18240K)->17375K(18240K)
[82.382s][info][gc             ] GC(443) Pause Young (Allocation Failure) 348M->74M(989M) 3.536ms
[82.382s][info][gc,cpu         ] GC(443) User=0.00s Sys=0.00s Real=0.00s
[82.496s][info][gc,start       ] GC(444) Pause Young (Allocation Failure)
[82.509s][info][gc,heap        ] GC(444) DefNew: 281118K(314560K)->27676K(314560K) Eden: 279616K(279616K)->0K(279616K) From: 1502K(34944K)->27676K(34944K)
[82.509s][info][gc,heap        ] GC(444) Tenured: 75234K(699072K)->75234K(699072K)
[82.509s][info][gc,metaspace   ] GC(444) Metaspace: 140898K(142720K)->140898K(142720K) NonClass: 123522K(124480K)->123522K(124480K) Class: 17375K(18240K)->17375K(18240K)
[82.509s][info][gc             ] GC(444) Pause Young (Allocation Failure) 348M->100M(989M) 12.573ms
[82.509s][info][gc,cpu         ] GC(444) User=0.00s Sys=0.00s Real=0.02s
[82.626s][info][gc,start       ] GC(445) Pause Full (System.gc())
[82.626s][info][gc,phases,start] GC(445) Phase 1: Mark live objects
[82.711s][info][gc,phases      ] GC(445) Phase 1: Mark live objects 85.424ms
[82.711s][info][gc,phases,start] GC(445) Phase 2: Compute new object addresses
[82.735s][info][gc,phases      ] GC(445) Phase 2: Compute new object addresses 23.665ms
[82.735s][info][gc,phases,start] GC(445) Phase 3: Adjust pointers
[82.776s][info][gc,phases      ] GC(445) Phase 3: Adjust pointers 40.639ms
[82.776s][info][gc,phases,start] GC(445) Phase 4: Move objects
[82.776s][info][gc,phases      ] GC(445) Phase 4: Move objects 0.121ms
[82.776s][info][gc,heap        ] GC(445) DefNew: 140582K(314560K)->0K(314560K) Eden: 112905K(279616K)->0K(279616K) From: 27676K(34944K)->0K(34944K)
[82.776s][info][gc,heap        ] GC(445) Tenured: 75234K(699072K)->76070K(699072K)
[82.776s][info][gc,metaspace   ] GC(445) Metaspace: 140898K(142720K)->140871K(142720K) NonClass: 123522K(124480K)->123500K(124480K) Class: 17375K(18240K)->17371K(18240K)
[82.776s][info][gc             ] GC(445) Pause Full (System.gc()) 210M->74M(989M) 150.595ms
[82.776s][info][gc,cpu         ] GC(445) User=0.14s Sys=0.00s Real=0.14s
[82.977s][info][gc,start       ] GC(446) Pause Young (Allocation Failure)
[82.982s][info][gc,heap        ] GC(446) DefNew: 279616K(314560K)->2133K(314560K) Eden: 279616K(279616K)->0K(279616K) From: 0K(34944K)->2133K(34944K)
[82.982s][info][gc,heap        ] GC(446) Tenured: 76070K(699072K)->76070K(699072K)
[82.982s][info][gc,metaspace   ] GC(446) Metaspace: 140898K(142720K)->140898K(142720K) NonClass: 123523K(124480K)->123523K(124480K) Class: 17375K(18240K)->17375K(18240K)
[82.982s][info][gc             ] GC(446) Pause Young (Allocation Failure) 347M->76M(989M) 5.232ms
[82.982s][info][gc,cpu         ] GC(446) User=0.02s Sys=0.00s Real=0.01s
[83.066s][info][gc,start       ] GC(447) Pause Young (Allocation Failure)
[83.072s][info][gc,heap        ] GC(447) DefNew: 281749K(314560K)->3437K(314560K) Eden: 279616K(279616K)->0K(279616K) From: 2133K(34944K)->3437K(34944K)
[83.072s][info][gc,heap        ] GC(447) Tenured: 76070K(699072K)->76070K(699072K)
[83.072s][info][gc,metaspace   ] GC(447) Metaspace: 140898K(142720K)->140898K(142720K) NonClass: 123523K(124480K)->123523K(124480K) Class: 17375K(18240K)->17375K(18240K)
[83.072s][info][gc             ] GC(447) Pause Young (Allocation Failure) 349M->77M(989M) 5.960ms
[83.072s][info][gc,cpu         ] GC(447) User=0.00s Sys=0.00s Real=0.01s
[83.137s][info][gc,start       ] GC(448) Pause Young (Allocation Failure)
[83.140s][info][gc,heap        ] GC(448) DefNew: 283053K(314560K)->2513K(314560K) Eden: 279616K(279616K)->0K(279616K) From: 3437K(34944K)->2513K(34944K)
[83.140s][info][gc,heap        ] GC(448) Tenured: 76070K(699072K)->76070K(699072K)
[83.140s][info][gc,metaspace   ] GC(448) Metaspace: 140898K(142720K)->140898K(142720K) NonClass: 123523K(124480K)->123523K(124480K) Class: 17375K(18240K)->17375K(18240K)
[83.140s][info][gc             ] GC(448) Pause Young (Allocation Failure) 350M->76M(989M) 3.559ms
[83.140s][info][gc,cpu         ] GC(448) User=0.02s Sys=0.00s Real=0.02s
[83.261s][info][gc,start       ] GC(449) Pause Young (Allocation Failure)
[83.264s][info][gc,heap        ] GC(449) DefNew: 282129K(314560K)->2449K(314560K) Eden: 279616K(279616K)->0K(279616K) From: 2513K(34944K)->2449K(34944K)
[83.264s][info][gc,heap        ] GC(449) Tenured: 76070K(699072K)->76070K(699072K)
[83.264s][info][gc,metaspace   ] GC(449) Metaspace: 140898K(142720K)->140898K(142720K) NonClass: 123523K(124480K)->123523K(124480K) Class: 17375K(18240K)->17375K(18240K)
[83.265s][info][gc             ] GC(449) Pause Young (Allocation Failure) 349M->76M(989M) 3.666ms
[83.265s][info][gc,cpu         ] GC(449) User=0.00s Sys=0.00s Real=0.00s
[83.385s][info][gc,start       ] GC(450) Pause Young (Allocation Failure)
[83.397s][info][gc,heap        ] GC(450) DefNew: 282065K(314560K)->27517K(314560K) Eden: 279616K(279616K)->0K(279616K) From: 2449K(34944K)->27517K(34944K)
[83.397s][info][gc,heap        ] GC(450) Tenured: 76070K(699072K)->76070K(699072K)
[83.397s][info][gc,metaspace   ] GC(450) Metaspace: 140898K(142720K)->140898K(142720K) NonClass: 123523K(124480K)->123523K(124480K) Class: 17375K(18240K)->17375K(18240K)
[83.397s][info][gc             ] GC(450) Pause Young (Allocation Failure) 349M->101M(989M) 12.802ms
[83.397s][info][gc,cpu         ] GC(450) User=0.00s Sys=0.00s Real=0.02s
[83.512s][info][gc,start       ] GC(451) Pause Full (System.gc())
[83.512s][info][gc,phases,start] GC(451) Phase 1: Mark live objects
[83.598s][info][gc,phases      ] GC(451) Phase 1: Mark live objects 85.858ms
[83.598s][info][gc,phases,start] GC(451) Phase 2: Compute new object addresses
[83.622s][info][gc,phases      ] GC(451) Phase 2: Compute new object addresses 23.829ms
[83.622s][info][gc,phases,start] GC(451) Phase 3: Adjust pointers
[83.663s][info][gc,phases      ] GC(451) Phase 3: Adjust pointers 40.703ms
[83.663s][info][gc,phases,start] GC(451) Phase 4: Move objects
[83.663s][info][gc,phases      ] GC(451) Phase 4: Move objects 0.157ms
[83.664s][info][gc,heap        ] GC(451) DefNew: 142090K(314560K)->0K(314560K) Eden: 114573K(279616K)->0K(279616K) From: 27517K(34944K)->0K(34944K)
[83.664s][info][gc,heap        ] GC(451) Tenured: 76070K(699072K)->77034K(699072K)
[83.664s][info][gc,metaspace   ] GC(451) Metaspace: 140898K(142720K)->140872K(142720K) NonClass: 123523K(124480K)->123500K(124480K) Class: 17375K(18240K)->17371K(18240K)
[83.664s][info][gc             ] GC(451) Pause Full (System.gc()) 213M->75M(989M) 151.321ms
[83.664s][info][gc,cpu         ] GC(451) User=0.14s Sys=0.00s Real=0.14s
[83.863s][info][gc,start       ] GC(452) Pause Young (Allocation Failure)
[83.868s][info][gc,heap        ] GC(452) DefNew: 279616K(314560K)->2138K(314560K) Eden: 279616K(279616K)->0K(279616K) From: 0K(34944K)->2138K(34944K)
[83.868s][info][gc,heap        ] GC(452) Tenured: 77034K(699072K)->77034K(699072K)
[83.868s][info][gc,metaspace   ] GC(452) Metaspace: 140899K(142720K)->140899K(142720K) NonClass: 123523K(124480K)->123523K(124480K) Class: 17375K(18240K)->17375K(18240K)
[83.868s][info][gc             ] GC(452) Pause Young (Allocation Failure) 348M->77M(989M) 5.176ms
[83.868s][info][gc,cpu         ] GC(452) User=0.02s Sys=0.00s Real=0.02s
[83.951s][info][gc,start       ] GC(453) Pause Young (Allocation Failure)
[83.957s][info][gc,heap        ] GC(453) DefNew: 281754K(314560K)->3432K(314560K) Eden: 279616K(279616K)->0K(279616K) From: 2138K(34944K)->3432K(34944K)
[83.957s][info][gc,heap        ] GC(453) Tenured: 77034K(699072K)->77034K(699072K)
[83.957s][info][gc,metaspace   ] GC(453) Metaspace: 140899K(142720K)->140899K(142720K) NonClass: 123523K(124480K)->123523K(124480K) Class: 17375K(18240K)->17375K(18240K)
[83.957s][info][gc             ] GC(453) Pause Young (Allocation Failure) 350M->78M(989M) 5.989ms
[83.957s][info][gc,cpu         ] GC(453) User=0.00s Sys=0.00s Real=0.00s
[84.022s][info][gc,start       ] GC(454) Pause Young (Allocation Failure)
[84.025s][info][gc,heap        ] GC(454) DefNew: 283048K(314560K)->2561K(314560K) Eden: 279616K(279616K)->0K(279616K) From: 3432K(34944K)->2561K(34944K)
[84.025s][info][gc,heap        ] GC(454) Tenured: 77034K(699072K)->77034K(699072K)
[84.025s][info][gc,metaspace   ] GC(454) Metaspace: 140899K(142720K)->140899K(142720K) NonClass: 123523K(124480K)->123523K(124480K) Class: 17375K(18240K)->17375K(18240K)
[84.025s][info][gc             ] GC(454) Pause Young (Allocation Failure) 351M->77M(989M) 3.792ms
[84.026s][info][gc,cpu         ] GC(454) User=0.00s Sys=0.00s Real=0.00s
[84.136s][info][gc,start       ] GC(455) Pause Young (Allocation Failure)
[84.139s][info][gc,heap        ] GC(455) DefNew: 282177K(314560K)->1433K(314560K) Eden: 279616K(279616K)->0K(279616K) From: 2561K(34944K)->1433K(34944K)
[84.139s][info][gc,heap        ] GC(455) Tenured: 77034K(699072K)->77034K(699072K)
[84.139s][info][gc,metaspace   ] GC(455) Metaspace: 140899K(142720K)->140899K(142720K) NonClass: 123523K(124480K)->123523K(124480K) Class: 17375K(18240K)->17375K(18240K)
[84.139s][info][gc             ] GC(455) Pause Young (Allocation Failure) 350M->76M(989M) 3.903ms
[84.139s][info][gc,cpu         ] GC(455) User=0.00s Sys=0.00s Real=0.02s
[84.254s][info][gc,start       ] GC(456) Pause Young (Allocation Failure)
[84.266s][info][gc,heap        ] GC(456) DefNew: 281049K(314560K)->27470K(314560K) Eden: 279616K(279616K)->0K(279616K) From: 1433K(34944K)->27470K(34944K)
[84.266s][info][gc,heap        ] GC(456) Tenured: 77034K(699072K)->77034K(699072K)
[84.266s][info][gc,metaspace   ] GC(456) Metaspace: 140899K(142720K)->140899K(142720K) NonClass: 123523K(124480K)->123523K(124480K) Class: 17375K(18240K)->17375K(18240K)
[84.266s][info][gc             ] GC(456) Pause Young (Allocation Failure) 349M->102M(989M) 12.441ms
[84.266s][info][gc,cpu         ] GC(456) User=0.00s Sys=0.00s Real=0.02s
[84.385s][info][gc,start       ] GC(457) Pause Full (System.gc())
[84.385s][info][gc,phases,start] GC(457) Phase 1: Mark live objects
[84.470s][info][gc,phases      ] GC(457) Phase 1: Mark live objects 85.366ms
[84.470s][info][gc,phases,start] GC(457) Phase 2: Compute new object addresses
[84.495s][info][gc,phases      ] GC(457) Phase 2: Compute new object addresses 24.216ms
[84.495s][info][gc,phases,start] GC(457) Phase 3: Adjust pointers
[84.535s][info][gc,phases      ] GC(457) Phase 3: Adjust pointers 40.719ms
[84.535s][info][gc,phases,start] GC(457) Phase 4: Move objects
[84.536s][info][gc,phases      ] GC(457) Phase 4: Move objects 0.215ms
[84.536s][info][gc,heap        ] GC(457) DefNew: 142778K(314560K)->0K(314560K) Eden: 115308K(279616K)->0K(279616K) From: 27470K(34944K)->0K(34944K)
[84.536s][info][gc,heap        ] GC(457) Tenured: 77034K(699072K)->77866K(699072K)
[84.536s][info][gc,metaspace   ] GC(457) Metaspace: 140900K(142720K)->140873K(142720K) NonClass: 123524K(124480K)->123502K(124480K) Class: 17375K(18240K)->17371K(18240K)
[84.536s][info][gc             ] GC(457) Pause Full (System.gc()) 214M->76M(989M) 151.280ms
[84.536s][info][gc,cpu         ] GC(457) User=0.12s Sys=0.00s Real=0.14s
[84.738s][info][gc,start       ] GC(458) Pause Young (Allocation Failure)
[84.743s][info][gc,heap        ] GC(458) DefNew: 279616K(314560K)->2132K(314560K) Eden: 279616K(279616K)->0K(279616K) From: 0K(34944K)->2132K(34944K)
[84.743s][info][gc,heap        ] GC(458) Tenured: 77866K(699072K)->77866K(699072K)
[84.743s][info][gc,metaspace   ] GC(458) Metaspace: 140908K(142720K)->140908K(142720K) NonClass: 123533K(124480K)->123533K(124480K) Class: 17375K(18240K)->17375K(18240K)
[84.743s][info][gc             ] GC(458) Pause Young (Allocation Failure) 349M->78M(989M) 5.084ms
[84.743s][info][gc,cpu         ] GC(458) User=0.00s Sys=0.00s Real=0.02s
[84.826s][info][gc,start       ] GC(459) Pause Young (Allocation Failure)
[84.832s][info][gc,heap        ] GC(459) DefNew: 281748K(314560K)->3432K(314560K) Eden: 279616K(279616K)->0K(279616K) From: 2132K(34944K)->3432K(34944K)
[84.832s][info][gc,heap        ] GC(459) Tenured: 77866K(699072K)->77866K(699072K)
[84.832s][info][gc,metaspace   ] GC(459) Metaspace: 140908K(142720K)->140908K(142720K) NonClass: 123533K(124480K)->123533K(124480K) Class: 17375K(18240K)->17375K(18240K)
[84.832s][info][gc             ] GC(459) Pause Young (Allocation Failure) 351M->79M(989M) 6.038ms
[84.832s][info][gc,cpu         ] GC(459) User=0.00s Sys=0.00s Real=0.00s
[84.895s][info][gc,start       ] GC(460) Pause Young (Allocation Failure)
[84.899s][info][gc,heap        ] GC(460) DefNew: 283048K(314560K)->3057K(314560K) Eden: 279616K(279616K)->0K(279616K) From: 3432K(34944K)->3057K(34944K)
[84.899s][info][gc,heap        ] GC(460) Tenured: 77866K(699072K)->77866K(699072K)
[84.899s][info][gc,metaspace   ] GC(460) Metaspace: 140908K(142720K)->140908K(142720K) NonClass: 123533K(124480K)->123533K(124480K) Class: 17375K(18240K)->17375K(18240K)
[84.899s][info][gc             ] GC(460) Pause Young (Allocation Failure) 352M->79M(989M) 3.775ms
[84.899s][info][gc,cpu         ] GC(460) User=0.00s Sys=0.00s Real=0.00s
[85.009s][info][gc,start       ] GC(461) Pause Young (Allocation Failure)
[85.012s][info][gc,heap        ] GC(461) DefNew: 282673K(314560K)->1305K(314560K) Eden: 279616K(279616K)->0K(279616K) From: 3057K(34944K)->1305K(34944K)
[85.012s][info][gc,heap        ] GC(461) Tenured: 77866K(699072K)->77866K(699072K)
[85.012s][info][gc,metaspace   ] GC(461) Metaspace: 140908K(142720K)->140908K(142720K) NonClass: 123533K(124480K)->123533K(124480K) Class: 17375K(18240K)->17375K(18240K)
[85.012s][info][gc             ] GC(461) Pause Young (Allocation Failure) 352M->77M(989M) 3.101ms
[85.012s][info][gc,cpu         ] GC(461) User=0.02s Sys=0.00s Real=0.02s
[85.125s][info][gc,start       ] GC(462) Pause Young (Allocation Failure)
[85.137s][info][gc,heap        ] GC(462) DefNew: 280921K(314560K)->27754K(314560K) Eden: 279616K(279616K)->0K(279616K) From: 1305K(34944K)->27754K(34944K)
[85.137s][info][gc,heap        ] GC(462) Tenured: 77866K(699072K)->77866K(699072K)
[85.137s][info][gc,metaspace   ] GC(462) Metaspace: 140908K(142720K)->140908K(142720K) NonClass: 123533K(124480K)->123533K(124480K) Class: 17375K(18240K)->17375K(18240K)
[85.137s][info][gc             ] GC(462) Pause Young (Allocation Failure) 350M->103M(989M) 12.179ms
[85.137s][info][gc,cpu         ] GC(462) User=0.00s Sys=0.00s Real=0.02s
[85.254s][info][gc,start       ] GC(463) Pause Full (System.gc())
[85.254s][info][gc,phases,start] GC(463) Phase 1: Mark live objects
[85.339s][info][gc,phases      ] GC(463) Phase 1: Mark live objects 85.579ms
[85.339s][info][gc,phases,start] GC(463) Phase 2: Compute new object addresses
[85.363s][info][gc,phases      ] GC(463) Phase 2: Compute new object addresses 23.412ms
[85.363s][info][gc,phases,start] GC(463) Phase 3: Adjust pointers
[85.405s][info][gc,phases      ] GC(463) Phase 3: Adjust pointers 41.953ms
[85.405s][info][gc,phases,start] GC(463) Phase 4: Move objects
[85.411s][info][gc,phases      ] GC(463) Phase 4: Move objects 6.358ms
[85.412s][info][gc,heap        ] GC(463) DefNew: 139255K(314560K)->0K(314560K) Eden: 111501K(279616K)->0K(279616K) From: 27754K(34944K)->0K(34944K)
[85.412s][info][gc,heap        ] GC(463) Tenured: 77866K(699072K)->75628K(699072K)
[85.412s][info][gc,metaspace   ] GC(463) Metaspace: 140909K(142720K)->140882K(142720K) NonClass: 123534K(124480K)->123511K(124480K) Class: 17375K(18240K)->17371K(18240K)
[85.412s][info][gc             ] GC(463) Pause Full (System.gc()) 212M->73M(989M) 158.204ms
[85.412s][info][gc,cpu         ] GC(463) User=0.16s Sys=0.00s Real=0.16s
[85.614s][info][gc,start       ] GC(464) Pause Young (Allocation Failure)
[85.620s][info][gc,heap        ] GC(464) DefNew: 279616K(314560K)->2139K(314560K) Eden: 279616K(279616K)->0K(279616K) From: 0K(34944K)->2139K(34944K)
[85.620s][info][gc,heap        ] GC(464) Tenured: 75628K(699072K)->75628K(699072K)
[85.620s][info][gc,metaspace   ] GC(464) Metaspace: 140974K(142784K)->140974K(142784K) NonClass: 123598K(124544K)->123598K(124544K) Class: 17375K(18240K)->17375K(18240K)
[85.620s][info][gc             ] GC(464) Pause Young (Allocation Failure) 346M->75M(989M) 5.309ms
[85.620s][info][gc,cpu         ] GC(464) User=0.00s Sys=0.00s Real=0.00s
[85.704s][info][gc,start       ] GC(465) Pause Young (Allocation Failure)
[85.709s][info][gc,heap        ] GC(465) DefNew: 281755K(314560K)->3435K(314560K) Eden: 279616K(279616K)->0K(279616K) From: 2139K(34944K)->3435K(34944K)
[85.709s][info][gc,heap        ] GC(465) Tenured: 75628K(699072K)->75628K(699072K)
[85.709s][info][gc,metaspace   ] GC(465) Metaspace: 140976K(142784K)->140976K(142784K) NonClass: 123601K(124544K)->123601K(124544K) Class: 17375K(18240K)->17375K(18240K)
[85.710s][info][gc             ] GC(465) Pause Young (Allocation Failure) 349M->77M(989M) 6.007ms
[85.710s][info][gc,cpu         ] GC(465) User=0.00s Sys=0.00s Real=0.00s
[85.773s][info][gc,start       ] GC(466) Pause Young (Allocation Failure)
[85.777s][info][gc,heap        ] GC(466) DefNew: 283051K(314560K)->2510K(314560K) Eden: 279616K(279616K)->0K(279616K) From: 3435K(34944K)->2510K(34944K)
[85.777s][info][gc,heap        ] GC(466) Tenured: 75628K(699072K)->75628K(699072K)
[85.777s][info][gc,metaspace   ] GC(466) Metaspace: 140976K(142784K)->140976K(142784K) NonClass: 123601K(124544K)->123601K(124544K) Class: 17375K(18240K)->17375K(18240K)
[85.777s][info][gc             ] GC(466) Pause Young (Allocation Failure) 350M->76M(989M) 3.603ms
[85.777s][info][gc,cpu         ] GC(466) User=0.00s Sys=0.00s Real=0.00s
[85.896s][info][gc,start       ] GC(467) Pause Young (Allocation Failure)
[85.900s][info][gc,heap        ] GC(467) DefNew: 282126K(314560K)->3542K(314560K) Eden: 279616K(279616K)->0K(279616K) From: 2510K(34944K)->3542K(34944K)
[85.900s][info][gc,heap        ] GC(467) Tenured: 75628K(699072K)->75628K(699072K)
[85.900s][info][gc,metaspace   ] GC(467) Metaspace: 140976K(142784K)->140976K(142784K) NonClass: 123601K(124544K)->123601K(124544K) Class: 17375K(18240K)->17375K(18240K)
[85.900s][info][gc             ] GC(467) Pause Young (Allocation Failure) 349M->77M(989M) 4.095ms
[85.900s][info][gc,cpu         ] GC(467) User=0.00s Sys=0.00s Real=0.00s
[86.014s][info][gc,start       ] GC(468) Pause Young (Allocation Failure)
[86.026s][info][gc,heap        ] GC(468) DefNew: 283158K(314560K)->27442K(314560K) Eden: 279616K(279616K)->0K(279616K) From: 3542K(34944K)->27442K(34944K)
[86.026s][info][gc,heap        ] GC(468) Tenured: 75628K(699072K)->75628K(699072K)
[86.026s][info][gc,metaspace   ] GC(468) Metaspace: 140977K(142784K)->140977K(142784K) NonClass: 123601K(124544K)->123601K(124544K) Class: 17375K(18240K)->17375K(18240K)
[86.026s][info][gc             ] GC(468) Pause Young (Allocation Failure) 350M->100M(989M) 12.046ms
[86.026s][info][gc,cpu         ] GC(468) User=0.02s Sys=0.00s Real=0.01s
[86.145s][info][gc,start       ] GC(469) Pause Full (System.gc())
[86.145s][info][gc,phases,start] GC(469) Phase 1: Mark live objects
[86.231s][info][gc,phases      ] GC(469) Phase 1: Mark live objects 85.881ms
[86.231s][info][gc,phases,start] GC(469) Phase 2: Compute new object addresses
[86.255s][info][gc,phases      ] GC(469) Phase 2: Compute new object addresses 24.049ms
[86.255s][info][gc,phases,start] GC(469) Phase 3: Adjust pointers
[86.297s][info][gc,phases      ] GC(469) Phase 3: Adjust pointers 41.398ms
[86.297s][info][gc,phases,start] GC(469) Phase 4: Move objects
[86.297s][info][gc,phases      ] GC(469) Phase 4: Move objects 0.121ms
[86.297s][info][gc,heap        ] GC(469) DefNew: 142255K(314560K)->0K(314560K) Eden: 114812K(279616K)->0K(279616K) From: 27442K(34944K)->0K(34944K)
[86.297s][info][gc,heap        ] GC(469) Tenured: 75628K(699072K)->76460K(699072K)
[86.297s][info][gc,metaspace   ] GC(469) Metaspace: 140978K(142784K)->140951K(142784K) NonClass: 123602K(124544K)->123580K(124544K) Class: 17375K(18240K)->17371K(18240K)
[86.297s][info][gc             ] GC(469) Pause Full (System.gc()) 212M->74M(989M) 152.201ms
[86.297s][info][gc,cpu         ] GC(469) User=0.14s Sys=0.00s Real=0.14s
[86.494s][info][gc,start       ] GC(470) Pause Young (Allocation Failure)
[86.499s][info][gc,heap        ] GC(470) DefNew: 279616K(314560K)->2133K(314560K) Eden: 279616K(279616K)->0K(279616K) From: 0K(34944K)->2133K(34944K)
[86.499s][info][gc,heap        ] GC(470) Tenured: 76460K(699072K)->76460K(699072K)
[86.499s][info][gc,metaspace   ] GC(470) Metaspace: 140979K(142784K)->140979K(142784K) NonClass: 123603K(124544K)->123603K(124544K) Class: 17375K(18240K)->17375K(18240K)
[86.499s][info][gc             ] GC(470) Pause Young (Allocation Failure) 347M->76M(989M) 5.223ms
[86.499s][info][gc,cpu         ] GC(470) User=0.02s Sys=0.00s Real=0.01s
[86.581s][info][gc,start       ] GC(471) Pause Young (Allocation Failure)
[86.588s][info][gc,heap        ] GC(471) DefNew: 281749K(314560K)->3419K(314560K) Eden: 279616K(279616K)->0K(279616K) From: 2133K(34944K)->3419K(34944K)
[86.588s][info][gc,heap        ] GC(471) Tenured: 76460K(699072K)->76460K(699072K)
[86.588s][info][gc,metaspace   ] GC(471) Metaspace: 140979K(142784K)->140979K(142784K) NonClass: 123603K(124544K)->123603K(124544K) Class: 17375K(18240K)->17375K(18240K)
[86.588s][info][gc             ] GC(471) Pause Young (Allocation Failure) 349M->78M(989M) 6.411ms
[86.588s][info][gc,cpu         ] GC(471) User=0.00s Sys=0.00s Real=0.00s
[86.657s][info][gc,start       ] GC(472) Pause Young (Allocation Failure)
[86.661s][info][gc,heap        ] GC(472) DefNew: 283035K(314560K)->2505K(314560K) Eden: 279616K(279616K)->0K(279616K) From: 3419K(34944K)->2505K(34944K)
[86.661s][info][gc,heap        ] GC(472) Tenured: 76460K(699072K)->76460K(699072K)
[86.661s][info][gc,metaspace   ] GC(472) Metaspace: 140979K(142784K)->140979K(142784K) NonClass: 123603K(124544K)->123603K(124544K) Class: 17375K(18240K)->17375K(18240K)
[86.661s][info][gc             ] GC(472) Pause Young (Allocation Failure) 351M->77M(989M) 3.939ms
[86.661s][info][gc,cpu         ] GC(472) User=0.00s Sys=0.00s Real=0.00s
[86.775s][info][gc,start       ] GC(473) Pause Young (Allocation Failure)
[86.778s][info][gc,heap        ] GC(473) DefNew: 282121K(314560K)->2353K(314560K) Eden: 279616K(279616K)->0K(279616K) From: 2505K(34944K)->2353K(34944K)
[86.778s][info][gc,heap        ] GC(473) Tenured: 76460K(699072K)->76460K(699072K)
[86.778s][info][gc,metaspace   ] GC(473) Metaspace: 140979K(142784K)->140979K(142784K) NonClass: 123603K(124544K)->123603K(124544K) Class: 17375K(18240K)->17375K(18240K)
[86.778s][info][gc             ] GC(473) Pause Young (Allocation Failure) 350M->76M(989M) 3.164ms
[86.778s][info][gc,cpu         ] GC(473) User=0.00s Sys=0.00s Real=0.00s
[86.892s][info][gc,start       ] GC(474) Pause Young (Allocation Failure)
[86.905s][info][gc,heap        ] GC(474) DefNew: 281969K(314560K)->27642K(314560K) Eden: 279616K(279616K)->0K(279616K) From: 2353K(34944K)->27642K(34944K)
[86.905s][info][gc,heap        ] GC(474) Tenured: 76460K(699072K)->76460K(699072K)
[86.905s][info][gc,metaspace   ] GC(474) Metaspace: 140979K(142784K)->140979K(142784K) NonClass: 123603K(124544K)->123603K(124544K) Class: 17375K(18240K)->17375K(18240K)
[86.905s][info][gc             ] GC(474) Pause Young (Allocation Failure) 350M->101M(989M) 12.843ms
[86.905s][info][gc,cpu         ] GC(474) User=0.00s Sys=0.00s Real=0.02s
[87.026s][info][gc,start       ] GC(475) Pause Full (System.gc())
[87.026s][info][gc,phases,start] GC(475) Phase 1: Mark live objects
[87.112s][info][gc,phases      ] GC(475) Phase 1: Mark live objects 85.998ms
[87.112s][info][gc,phases,start] GC(475) Phase 2: Compute new object addresses
[87.136s][info][gc,phases      ] GC(475) Phase 2: Compute new object addresses 23.687ms
[87.136s][info][gc,phases,start] GC(475) Phase 3: Adjust pointers
[87.177s][info][gc,phases      ] GC(475) Phase 3: Adjust pointers 40.782ms
[87.177s][info][gc,phases,start] GC(475) Phase 4: Move objects
[87.177s][info][gc,phases      ] GC(475) Phase 4: Move objects 0.121ms
[87.177s][info][gc,heap        ] GC(475) DefNew: 140989K(314560K)->0K(314560K) Eden: 113347K(279616K)->0K(279616K) From: 27642K(34944K)->0K(34944K)
[87.177s][info][gc,heap        ] GC(475) Tenured: 76460K(699072K)->77289K(699072K)
[87.177s][info][gc,metaspace   ] GC(475) Metaspace: 140985K(142784K)->140958K(142784K) NonClass: 123609K(124544K)->123587K(124544K) Class: 17375K(18240K)->17371K(18240K)
[87.177s][info][gc             ] GC(475) Pause Full (System.gc()) 212M->75M(989M) 151.318ms
[87.177s][info][gc,cpu         ] GC(475) User=0.14s Sys=0.00s Real=0.15s
[87.374s][info][gc,start       ] GC(476) Pause Young (Allocation Failure)
[87.379s][info][gc,heap        ] GC(476) DefNew: 279616K(314560K)->2139K(314560K) Eden: 279616K(279616K)->0K(279616K) From: 0K(34944K)->2139K(34944K)
[87.379s][info][gc,heap        ] GC(476) Tenured: 77289K(699072K)->77289K(699072K)
[87.379s][info][gc,metaspace   ] GC(476) Metaspace: 140985K(142784K)->140985K(142784K) NonClass: 123609K(124544K)->123609K(124544K) Class: 17375K(18240K)->17375K(18240K)
[87.379s][info][gc             ] GC(476) Pause Young (Allocation Failure) 348M->77M(989M) 5.393ms
[87.379s][info][gc,cpu         ] GC(476) User=0.00s Sys=0.00s Real=0.02s
[87.465s][info][gc,start       ] GC(477) Pause Young (Allocation Failure)
[87.470s][info][gc,heap        ] GC(477) DefNew: 281755K(314560K)->3435K(314560K) Eden: 279616K(279616K)->0K(279616K) From: 2139K(34944K)->3435K(34944K)
[87.470s][info][gc,heap        ] GC(477) Tenured: 77289K(699072K)->77289K(699072K)
[87.470s][info][gc,metaspace   ] GC(477) Metaspace: 140985K(142784K)->140985K(142784K) NonClass: 123609K(124544K)->123609K(124544K) Class: 17375K(18240K)->17375K(18240K)
[87.470s][info][gc             ] GC(477) Pause Young (Allocation Failure) 350M->78M(989M) 5.774ms
[87.470s][info][gc,cpu         ] GC(477) User=0.00s Sys=0.00s Real=0.00s
[87.534s][info][gc,start       ] GC(478) Pause Young (Allocation Failure)
[87.538s][info][gc,heap        ] GC(478) DefNew: 283051K(314560K)->3050K(314560K) Eden: 279616K(279616K)->0K(279616K) From: 3435K(34944K)->3050K(34944K)
[87.539s][info][gc,heap        ] GC(478) Tenured: 77289K(699072K)->77289K(699072K)
[87.539s][info][gc,metaspace   ] GC(478) Metaspace: 140985K(142784K)->140985K(142784K) NonClass: 123609K(124544K)->123609K(124544K) Class: 17375K(18240K)->17375K(18240K)
[87.539s][info][gc             ] GC(478) Pause Young (Allocation Failure) 351M->78M(989M) 4.082ms
[87.539s][info][gc,cpu         ] GC(478) User=0.00s Sys=0.00s Real=0.02s
[87.648s][info][gc,start       ] GC(479) Pause Young (Allocation Failure)
[87.651s][info][gc,heap        ] GC(479) DefNew: 282666K(314560K)->2483K(314560K) Eden: 279616K(279616K)->0K(279616K) From: 3050K(34944K)->2483K(34944K)
[87.651s][info][gc,heap        ] GC(479) Tenured: 77289K(699072K)->77289K(699072K)
[87.651s][info][gc,metaspace   ] GC(479) Metaspace: 140985K(142784K)->140985K(142784K) NonClass: 123609K(124544K)->123609K(124544K) Class: 17375K(18240K)->17375K(18240K)
[87.651s][info][gc             ] GC(479) Pause Young (Allocation Failure) 351M->77M(989M) 3.474ms
[87.651s][info][gc,cpu         ] GC(479) User=0.00s Sys=0.00s Real=0.00s
[87.765s][info][gc,start       ] GC(480) Pause Young (Allocation Failure)
[87.777s][info][gc,heap        ] GC(480) DefNew: 282099K(314560K)->27733K(314560K) Eden: 279616K(279616K)->0K(279616K) From: 2483K(34944K)->27733K(34944K)
[87.777s][info][gc,heap        ] GC(480) Tenured: 77289K(699072K)->77289K(699072K)
[87.777s][info][gc,metaspace   ] GC(480) Metaspace: 140985K(142784K)->140985K(142784K) NonClass: 123609K(124544K)->123609K(124544K) Class: 17375K(18240K)->17375K(18240K)
[87.777s][info][gc             ] GC(480) Pause Young (Allocation Failure) 350M->102M(989M) 12.362ms
[87.777s][info][gc,cpu         ] GC(480) User=0.00s Sys=0.00s Real=0.02s
[87.896s][info][gc,start       ] GC(481) Pause Full (System.gc())
[87.896s][info][gc,phases,start] GC(481) Phase 1: Mark live objects
[87.982s][info][gc,phases      ] GC(481) Phase 1: Mark live objects 85.842ms
[87.982s][info][gc,phases,start] GC(481) Phase 2: Compute new object addresses
[88.006s][info][gc,phases      ] GC(481) Phase 2: Compute new object addresses 23.719ms
[88.006s][info][gc,phases,start] GC(481) Phase 3: Adjust pointers
[88.047s][info][gc,phases      ] GC(481) Phase 3: Adjust pointers 40.972ms
[88.047s][info][gc,phases,start] GC(481) Phase 4: Move objects
[88.047s][info][gc,phases      ] GC(481) Phase 4: Move objects 0.184ms
[88.048s][info][gc,heap        ] GC(481) DefNew: 140731K(314560K)->0K(314560K) Eden: 112998K(279616K)->0K(279616K) From: 27733K(34944K)->0K(34944K)
[88.048s][info][gc,heap        ] GC(481) Tenured: 77289K(699072K)->78123K(699072K)
[88.048s][info][gc,metaspace   ] GC(481) Metaspace: 140985K(142784K)->140958K(142784K) NonClass: 123609K(124544K)->123587K(124544K) Class: 17375K(18240K)->17371K(18240K)
[88.048s][info][gc             ] GC(481) Pause Full (System.gc()) 212M->76M(989M) 151.495ms
[88.048s][info][gc,cpu         ] GC(481) User=0.16s Sys=0.00s Real=0.14s
[88.246s][info][gc,start       ] GC(482) Pause Young (Allocation Failure)
[88.252s][info][gc,heap        ] GC(482) DefNew: 279616K(314560K)->2125K(314560K) Eden: 279616K(279616K)->0K(279616K) From: 0K(34944K)->2125K(34944K)
[88.252s][info][gc,heap        ] GC(482) Tenured: 78123K(699072K)->78123K(699072K)
[88.252s][info][gc,metaspace   ] GC(482) Metaspace: 140985K(142784K)->140985K(142784K) NonClass: 123610K(124544K)->123610K(124544K) Class: 17375K(18240K)->17375K(18240K)
[88.252s][info][gc             ] GC(482) Pause Young (Allocation Failure) 349M->78M(989M) 5.463ms
[88.252s][info][gc,cpu         ] GC(482) User=0.00s Sys=0.00s Real=0.02s
[88.335s][info][gc,start       ] GC(483) Pause Young (Allocation Failure)
[88.341s][info][gc,heap        ] GC(483) DefNew: 281741K(314560K)->3434K(314560K) Eden: 279616K(279616K)->0K(279616K) From: 2125K(34944K)->3434K(34944K)
[88.341s][info][gc,heap        ] GC(483) Tenured: 78123K(699072K)->78123K(699072K)
[88.341s][info][gc,metaspace   ] GC(483) Metaspace: 140985K(142784K)->140985K(142784K) NonClass: 123610K(124544K)->123610K(124544K) Class: 17375K(18240K)->17375K(18240K)
[88.341s][info][gc             ] GC(483) Pause Young (Allocation Failure) 351M->79M(989M) 5.836ms
[88.341s][info][gc,cpu         ] GC(483) User=0.00s Sys=0.00s Real=0.00s
[88.406s][info][gc,start       ] GC(484) Pause Young (Allocation Failure)
[88.410s][info][gc,heap        ] GC(484) DefNew: 283050K(314560K)->2564K(314560K) Eden: 279616K(279616K)->0K(279616K) From: 3434K(34944K)->2564K(34944K)
[88.410s][info][gc,heap        ] GC(484) Tenured: 78123K(699072K)->78123K(699072K)
[88.410s][info][gc,metaspace   ] GC(484) Metaspace: 140985K(142784K)->140985K(142784K) NonClass: 123610K(124544K)->123610K(124544K) Class: 17375K(18240K)->17375K(18240K)
[88.410s][info][gc             ] GC(484) Pause Young (Allocation Failure) 352M->78M(989M) 4.059ms
[88.410s][info][gc,cpu         ] GC(484) User=0.00s Sys=0.00s Real=0.00s
[88.525s][info][gc,start       ] GC(485) Pause Young (Allocation Failure)
[88.529s][info][gc,heap        ] GC(485) DefNew: 281453K(314560K)->2543K(314560K) Eden: 278889K(279616K)->0K(279616K) From: 2564K(34944K)->2543K(34944K)
[88.529s][info][gc,heap        ] GC(485) Tenured: 78123K(699072K)->78123K(699072K)
[88.529s][info][gc,metaspace   ] GC(485) Metaspace: 140985K(142784K)->140985K(142784K) NonClass: 123610K(124544K)->123610K(124544K) Class: 17375K(18240K)->17375K(18240K)
[88.529s][info][gc             ] GC(485) Pause Young (Allocation Failure) 351M->78M(989M) 3.843ms
[88.529s][info][gc,cpu         ] GC(485) User=0.00s Sys=0.00s Real=0.00s
[88.642s][info][gc,start       ] GC(486) Pause Young (Allocation Failure)
[88.654s][info][gc,heap        ] GC(486) DefNew: 282159K(314560K)->27308K(314560K) Eden: 279616K(279616K)->0K(279616K) From: 2543K(34944K)->27308K(34944K)
[88.654s][info][gc,heap        ] GC(486) Tenured: 78123K(699072K)->78123K(699072K)
[88.654s][info][gc,metaspace   ] GC(486) Metaspace: 140985K(142784K)->140985K(142784K) NonClass: 123610K(124544K)->123610K(124544K) Class: 17375K(18240K)->17375K(18240K)
[88.654s][info][gc             ] GC(486) Pause Young (Allocation Failure) 351M->102M(989M) 12.352ms
[88.655s][info][gc,cpu         ] GC(486) User=0.00s Sys=0.00s Real=0.02s
[88.773s][info][gc,start       ] GC(487) Pause Full (System.gc())
[88.773s][info][gc,phases,start] GC(487) Phase 1: Mark live objects
[88.859s][info][gc,phases      ] GC(487) Phase 1: Mark live objects 85.959ms
[88.859s][info][gc,phases,start] GC(487) Phase 2: Compute new object addresses
[88.885s][info][gc,phases      ] GC(487) Phase 2: Compute new object addresses 25.104ms
[88.885s][info][gc,phases,start] GC(487) Phase 3: Adjust pointers
[88.926s][info][gc,phases      ] GC(487) Phase 3: Adjust pointers 41.610ms
[88.926s][info][gc,phases,start] GC(487) Phase 4: Move objects
[88.930s][info][gc,phases      ] GC(487) Phase 4: Move objects 3.906ms
[88.931s][info][gc,heap        ] GC(487) DefNew: 144196K(314560K)->0K(314560K) Eden: 116887K(279616K)->0K(279616K) From: 27308K(34944K)->0K(34944K)
[88.931s][info][gc,heap        ] GC(487) Tenured: 78123K(699072K)->76057K(699072K)
[88.931s][info][gc,metaspace   ] GC(487) Metaspace: 140985K(142784K)->140959K(142784K) NonClass: 123610K(124544K)->123587K(124544K) Class: 17375K(18240K)->17371K(18240K)
[88.931s][info][gc             ] GC(487) Pause Full (System.gc()) 217M->74M(989M) 157.473ms
[88.931s][info][gc,cpu         ] GC(487) User=0.12s Sys=0.00s Real=0.16s
[89.129s][info][gc,start       ] GC(488) Pause Young (Allocation Failure)
[89.135s][info][gc,heap        ] GC(488) DefNew: 279616K(314560K)->2141K(314560K) Eden: 279616K(279616K)->0K(279616K) From: 0K(34944K)->2141K(34944K)
[89.135s][info][gc,heap        ] GC(488) Tenured: 76057K(699072K)->76057K(699072K)
[89.135s][info][gc,metaspace   ] GC(488) Metaspace: 140987K(142784K)->140987K(142784K) NonClass: 123611K(124544K)->123611K(124544K) Class: 17375K(18240K)->17375K(18240K)
[89.135s][info][gc             ] GC(488) Pause Young (Allocation Failure) 347M->76M(989M) 5.476ms
[89.135s][info][gc,cpu         ] GC(488) User=0.00s Sys=0.00s Real=0.02s
[89.218s][info][gc,start       ] GC(489) Pause Young (Allocation Failure)
[89.223s][info][gc,heap        ] GC(489) DefNew: 281757K(314560K)->3418K(314560K) Eden: 279616K(279616K)->0K(279616K) From: 2141K(34944K)->3418K(34944K)
[89.223s][info][gc,heap        ] GC(489) Tenured: 76057K(699072K)->76057K(699072K)
[89.223s][info][gc,metaspace   ] GC(489) Metaspace: 140987K(142784K)->140987K(142784K) NonClass: 123611K(124544K)->123611K(124544K) Class: 17375K(18240K)->17375K(18240K)
[89.223s][info][gc             ] GC(489) Pause Young (Allocation Failure) 349M->77M(989M) 5.725ms
[89.223s][info][gc,cpu         ] GC(489) User=0.00s Sys=0.00s Real=0.00s
[89.287s][info][gc,start       ] GC(490) Pause Young (Allocation Failure)
[89.291s][info][gc,heap        ] GC(490) DefNew: 283034K(314560K)->3147K(314560K) Eden: 279616K(279616K)->0K(279616K) From: 3418K(34944K)->3147K(34944K)
[89.291s][info][gc,heap        ] GC(490) Tenured: 76057K(699072K)->76057K(699072K)
[89.291s][info][gc,metaspace   ] GC(490) Metaspace: 140987K(142784K)->140987K(142784K) NonClass: 123611K(124544K)->123611K(124544K) Class: 17375K(18240K)->17375K(18240K)
[89.291s][info][gc             ] GC(490) Pause Young (Allocation Failure) 350M->77M(989M) 3.841ms
[89.291s][info][gc,cpu         ] GC(490) User=0.00s Sys=0.00s Real=0.00s
[89.403s][info][gc,start       ] GC(491) Pause Young (Allocation Failure)
[89.407s][info][gc,heap        ] GC(491) DefNew: 282742K(314560K)->1444K(314560K) Eden: 279595K(279616K)->0K(279616K) From: 3147K(34944K)->1444K(34944K)
[89.407s][info][gc,heap        ] GC(491) Tenured: 76057K(699072K)->76057K(699072K)
[89.407s][info][gc,metaspace   ] GC(491) Metaspace: 140987K(142784K)->140987K(142784K) NonClass: 123611K(124544K)->123611K(124544K) Class: 17375K(18240K)->17375K(18240K)
[89.407s][info][gc             ] GC(491) Pause Young (Allocation Failure) 350M->75M(989M) 3.220ms
[89.407s][info][gc,cpu         ] GC(491) User=0.00s Sys=0.00s Real=0.00s
[89.518s][info][gc,start       ] GC(492) Pause Young (Allocation Failure)
[89.531s][info][gc,heap        ] GC(492) DefNew: 281060K(314560K)->27891K(314560K) Eden: 279616K(279616K)->0K(279616K) From: 1444K(34944K)->27891K(34944K)
[89.531s][info][gc,heap        ] GC(492) Tenured: 76057K(699072K)->76057K(699072K)
[89.531s][info][gc,metaspace   ] GC(492) Metaspace: 140987K(142784K)->140987K(142784K) NonClass: 123611K(124544K)->123611K(124544K) Class: 17375K(18240K)->17375K(18240K)
[89.531s][info][gc             ] GC(492) Pause Young (Allocation Failure) 348M->101M(989M) 12.310ms
[89.531s][info][gc,cpu         ] GC(492) User=0.00s Sys=0.00s Real=0.02s
[89.648s][info][gc,start       ] GC(493) Pause Full (System.gc())
[89.648s][info][gc,phases,start] GC(493) Phase 1: Mark live objects
[89.735s][info][gc,phases      ] GC(493) Phase 1: Mark live objects 86.199ms
[89.735s][info][gc,phases,start] GC(493) Phase 2: Compute new object addresses
[89.758s][info][gc,phases      ] GC(493) Phase 2: Compute new object addresses 23.301ms
[89.758s][info][gc,phases,start] GC(493) Phase 3: Adjust pointers
[89.799s][info][gc,phases      ] GC(493) Phase 3: Adjust pointers 40.964ms
[89.799s][info][gc,phases,start] GC(493) Phase 4: Move objects
[89.799s][info][gc,phases      ] GC(493) Phase 4: Move objects 0.123ms
[89.800s][info][gc,heap        ] GC(493) DefNew: 138821K(314560K)->0K(314560K) Eden: 110930K(279616K)->0K(279616K) From: 27891K(34944K)->0K(34944K)
[89.800s][info][gc,heap        ] GC(493) Tenured: 76057K(699072K)->76888K(699072K)
[89.800s][info][gc,metaspace   ] GC(493) Metaspace: 140987K(142784K)->140960K(142784K) NonClass: 123611K(124544K)->123588K(124544K) Class: 17375K(18240K)->17371K(18240K)
[89.800s][info][gc             ] GC(493) Pause Full (System.gc()) 209M->75M(989M) 151.358ms
[89.800s][info][gc,cpu         ] GC(493) User=0.14s Sys=0.00s Real=0.14s
[89.997s][info][gc,start       ] GC(494) Pause Young (Allocation Failure)
[90.002s][info][gc,heap        ] GC(494) DefNew: 279616K(314560K)->2137K(314560K) Eden: 279616K(279616K)->0K(279616K) From: 0K(34944K)->2137K(34944K)
[90.002s][info][gc,heap        ] GC(494) Tenured: 76888K(699072K)->76888K(699072K)
[90.002s][info][gc,metaspace   ] GC(494) Metaspace: 140987K(142784K)->140987K(142784K) NonClass: 123611K(124544K)->123611K(124544K) Class: 17375K(18240K)->17375K(18240K)
[90.002s][info][gc             ] GC(494) Pause Young (Allocation Failure) 348M->77M(989M) 5.084ms
[90.002s][info][gc,cpu         ] GC(494) User=0.02s Sys=0.00s Real=0.02s
[90.086s][info][gc,start       ] GC(495) Pause Young (Allocation Failure)
[90.091s][info][gc,heap        ] GC(495) DefNew: 281753K(314560K)->3438K(314560K) Eden: 279616K(279616K)->0K(279616K) From: 2137K(34944K)->3438K(34944K)
[90.091s][info][gc,heap        ] GC(495) Tenured: 76888K(699072K)->76888K(699072K)
[90.091s][info][gc,metaspace   ] GC(495) Metaspace: 140987K(142784K)->140987K(142784K) NonClass: 123611K(124544K)->123611K(124544K) Class: 17375K(18240K)->17375K(18240K)
[90.091s][info][gc             ] GC(495) Pause Young (Allocation Failure) 350M->78M(989M) 5.683ms
[90.091s][info][gc,cpu         ] GC(495) User=0.00s Sys=0.00s Real=0.00s
[90.155s][info][gc,start       ] GC(496) Pause Young (Allocation Failure)
[90.159s][info][gc,heap        ] GC(496) DefNew: 283054K(314560K)->2513K(314560K) Eden: 279616K(279616K)->0K(279616K) From: 3438K(34944K)->2513K(34944K)
[90.159s][info][gc,heap        ] GC(496) Tenured: 76888K(699072K)->76888K(699072K)
[90.159s][info][gc,metaspace   ] GC(496) Metaspace: 140987K(142784K)->140987K(142784K) NonClass: 123611K(124544K)->123611K(124544K) Class: 17375K(18240K)->17375K(18240K)
[90.159s][info][gc             ] GC(496) Pause Young (Allocation Failure) 351M->77M(989M) 3.548ms
[90.159s][info][gc,cpu         ] GC(496) User=0.00s Sys=0.00s Real=0.00s
[90.280s][info][gc,start       ] GC(497) Pause Young (Allocation Failure)
[90.283s][info][gc,heap        ] GC(497) DefNew: 281839K(314560K)->1487K(314560K) Eden: 279325K(279616K)->0K(279616K) From: 2513K(34944K)->1487K(34944K)
[90.283s][info][gc,heap        ] GC(497) Tenured: 76888K(699072K)->76888K(699072K)
[90.283s][info][gc,metaspace   ] GC(497) Metaspace: 140987K(142784K)->140987K(142784K) NonClass: 123611K(124544K)->123611K(124544K) Class: 17375K(18240K)->17375K(18240K)
[90.283s][info][gc             ] GC(497) Pause Young (Allocation Failure) 350M->76M(989M) 3.419ms
[90.283s][info][gc,cpu         ] GC(497) User=0.00s Sys=0.00s Real=0.00s
[90.395s][info][gc,start       ] GC(498) Pause Young (Allocation Failure)
[90.407s][info][gc,heap        ] GC(498) DefNew: 281103K(314560K)->27165K(314560K) Eden: 279616K(279616K)->0K(279616K) From: 1487K(34944K)->27165K(34944K)
[90.407s][info][gc,heap        ] GC(498) Tenured: 76888K(699072K)->76888K(699072K)
[90.407s][info][gc,metaspace   ] GC(498) Metaspace: 140987K(142784K)->140987K(142784K) NonClass: 123611K(124544K)->123611K(124544K) Class: 17375K(18240K)->17375K(18240K)
[90.407s][info][gc             ] GC(498) Pause Young (Allocation Failure) 349M->101M(989M) 12.268ms
[90.408s][info][gc,cpu         ] GC(498) User=0.00s Sys=0.00s Real=0.01s
[90.527s][info][gc,start       ] GC(499) Pause Full (System.gc())
[90.527s][info][gc,phases,start] GC(499) Phase 1: Mark live objects
[90.614s][info][gc,phases      ] GC(499) Phase 1: Mark live objects 86.109ms
[90.614s][info][gc,phases,start] GC(499) Phase 2: Compute new object addresses
[90.638s][info][gc,phases      ] GC(499) Phase 2: Compute new object addresses 24.549ms
[90.638s][info][gc,phases,start] GC(499) Phase 3: Adjust pointers
[90.679s][info][gc,phases      ] GC(499) Phase 3: Adjust pointers 41.028ms
[90.679s][info][gc,phases,start] GC(499) Phase 4: Move objects
[90.679s][info][gc,phases      ] GC(499) Phase 4: Move objects 0.121ms
[90.680s][info][gc,heap        ] GC(499) DefNew: 143825K(314560K)->0K(314560K) Eden: 116659K(279616K)->0K(279616K) From: 27165K(34944K)->0K(34944K)
[90.680s][info][gc,heap        ] GC(499) Tenured: 76888K(699072K)->77719K(699072K)
[90.680s][info][gc,metaspace   ] GC(499) Metaspace: 140988K(142784K)->140961K(142784K) NonClass: 123613K(124544K)->123590K(124544K) Class: 17375K(18240K)->17371K(18240K)
[90.680s][info][gc             ] GC(499) Pause Full (System.gc()) 215M->75M(989M) 152.581ms
[90.680s][info][gc,cpu         ] GC(499) User=0.14s Sys=0.00s Real=0.16s
[90.877s][info][gc,start       ] GC(500) Pause Young (Allocation Failure)
[90.883s][info][gc,heap        ] GC(500) DefNew: 279616K(314560K)->2137K(314560K) Eden: 279616K(279616K)->0K(279616K) From: 0K(34944K)->2137K(34944K)
[90.883s][info][gc,heap        ] GC(500) Tenured: 77719K(699072K)->77719K(699072K)
[90.883s][info][gc,metaspace   ] GC(500) Metaspace: 140991K(142784K)->140991K(142784K) NonClass: 123615K(124544K)->123615K(124544K) Class: 17375K(18240K)->17375K(18240K)
[90.883s][info][gc             ] GC(500) Pause Young (Allocation Failure) 348M->77M(989M) 5.326ms
[90.883s][info][gc,cpu         ] GC(500) User=0.03s Sys=0.00s Real=0.02s
[90.964s][info][gc,start       ] GC(501) Pause Young (Allocation Failure)
[90.970s][info][gc,heap        ] GC(501) DefNew: 281753K(314560K)->3425K(314560K) Eden: 279616K(279616K)->0K(279616K) From: 2137K(34944K)->3425K(34944K)
[90.970s][info][gc,heap        ] GC(501) Tenured: 77719K(699072K)->77719K(699072K)
[90.970s][info][gc,metaspace   ] GC(501) Metaspace: 140991K(142784K)->140991K(142784K) NonClass: 123615K(124544K)->123615K(124544K) Class: 17375K(18240K)->17375K(18240K)
[90.970s][info][gc             ] GC(501) Pause Young (Allocation Failure) 351M->79M(989M) 5.604ms
[90.970s][info][gc,cpu         ] GC(501) User=0.00s Sys=0.00s Real=0.00s
[91.032s][info][gc,start       ] GC(502) Pause Young (Allocation Failure)
[91.036s][info][gc,heap        ] GC(502) DefNew: 283041K(314560K)->3123K(314560K) Eden: 279616K(279616K)->0K(279616K) From: 3425K(34944K)->3123K(34944K)
[91.036s][info][gc,heap        ] GC(502) Tenured: 77719K(699072K)->77719K(699072K)
[91.036s][info][gc,metaspace   ] GC(502) Metaspace: 140991K(142784K)->140991K(142784K) NonClass: 123615K(124544K)->123615K(124544K) Class: 17375K(18240K)->17375K(18240K)
[91.036s][info][gc             ] GC(502) Pause Young (Allocation Failure) 352M->78M(989M) 3.743ms
[91.036s][info][gc,cpu         ] GC(502) User=0.00s Sys=0.00s Real=0.00s
[91.148s][info][gc,start       ] GC(503) Pause Young (Allocation Failure)
[91.151s][info][gc,heap        ] GC(503) DefNew: 282739K(314560K)->1439K(314560K) Eden: 279616K(279616K)->0K(279616K) From: 3123K(34944K)->1439K(34944K)
[91.151s][info][gc,heap        ] GC(503) Tenured: 77719K(699072K)->77719K(699072K)
[91.151s][info][gc,metaspace   ] GC(503) Metaspace: 140991K(142784K)->140991K(142784K) NonClass: 123616K(124544K)->123616K(124544K) Class: 17375K(18240K)->17375K(18240K)
[91.151s][info][gc             ] GC(503) Pause Young (Allocation Failure) 352M->77M(989M) 3.001ms
[91.151s][info][gc,cpu         ] GC(503) User=0.00s Sys=0.00s Real=0.00s
[91.264s][info][gc,start       ] GC(504) Pause Young (Allocation Failure)
[91.276s][info][gc,heap        ] GC(504) DefNew: 281055K(314560K)->27647K(314560K) Eden: 279616K(279616K)->0K(279616K) From: 1439K(34944K)->27647K(34944K)
[91.276s][info][gc,heap        ] GC(504) Tenured: 77719K(699072K)->77719K(699072K)
[91.276s][info][gc,metaspace   ] GC(504) Metaspace: 140993K(142784K)->140993K(142784K) NonClass: 123617K(124544K)->123617K(124544K) Class: 17375K(18240K)->17375K(18240K)
[91.276s][info][gc             ] GC(504) Pause Young (Allocation Failure) 350M->102M(989M) 11.995ms
[91.276s][info][gc,cpu         ] GC(504) User=0.00s Sys=0.00s Real=0.02s
[91.396s][info][gc,start       ] GC(505) Pause Full (System.gc())
[91.396s][info][gc,phases,start] GC(505) Phase 1: Mark live objects
[91.482s][info][gc,phases      ] GC(505) Phase 1: Mark live objects 86.357ms
[91.482s][info][gc,phases,start] GC(505) Phase 2: Compute new object addresses
[91.507s][info][gc,phases      ] GC(505) Phase 2: Compute new object addresses 24.278ms
[91.507s][info][gc,phases,start] GC(505) Phase 3: Adjust pointers
[91.548s][info][gc,phases      ] GC(505) Phase 3: Adjust pointers 41.150ms
[91.548s][info][gc,phases,start] GC(505) Phase 4: Move objects
[91.548s][info][gc,phases      ] GC(505) Phase 4: Move objects 0.215ms
[91.549s][info][gc,heap        ] GC(505) DefNew: 141033K(314560K)->0K(314560K) Eden: 113385K(279616K)->0K(279616K) From: 27647K(34944K)->0K(34944K)
[91.549s][info][gc,heap        ] GC(505) Tenured: 77719K(699072K)->78550K(699072K)
[91.549s][info][gc,metaspace   ] GC(505) Metaspace: 140993K(142784K)->140966K(142784K) NonClass: 123617K(124544K)->123595K(124544K) Class: 17375K(18240K)->17371K(18240K)
[91.549s][info][gc             ] GC(505) Pause Full (System.gc()) 213M->76M(989M) 152.793ms
[91.549s][info][gc,cpu         ] GC(505) User=0.16s Sys=0.00s Real=0.16s
[91.748s][info][gc,start       ] GC(506) Pause Young (Allocation Failure)
[91.753s][info][gc,heap        ] GC(506) DefNew: 279616K(314560K)->2155K(314560K) Eden: 279616K(279616K)->0K(279616K) From: 0K(34944K)->2155K(34944K)
[91.753s][info][gc,heap        ] GC(506) Tenured: 78550K(699072K)->78550K(699072K)
[91.753s][info][gc,metaspace   ] GC(506) Metaspace: 141064K(142912K)->141064K(142912K) NonClass: 123673K(124608K)->123673K(124608K) Class: 17390K(18304K)->17390K(18304K)
[91.754s][info][gc             ] GC(506) Pause Young (Allocation Failure) 349M->78M(989M) 5.269ms
[91.754s][info][gc,cpu         ] GC(506) User=0.00s Sys=0.00s Real=0.02s
[91.836s][info][gc,start       ] GC(507) Pause Young (Allocation Failure)
[91.842s][info][gc,heap        ] GC(507) DefNew: 281771K(314560K)->3458K(314560K) Eden: 279616K(279616K)->0K(279616K) From: 2155K(34944K)->3458K(34944K)
[91.842s][info][gc,heap        ] GC(507) Tenured: 78550K(699072K)->78550K(699072K)
[91.842s][info][gc,metaspace   ] GC(507) Metaspace: 141064K(142912K)->141064K(142912K) NonClass: 123673K(124608K)->123673K(124608K) Class: 17390K(18304K)->17390K(18304K)
[91.842s][info][gc             ] GC(507) Pause Young (Allocation Failure) 351M->80M(989M) 6.205ms
[91.842s][info][gc,cpu         ] GC(507) User=0.00s Sys=0.00s Real=0.00s
[91.907s][info][gc,start       ] GC(508) Pause Young (Allocation Failure)
[91.910s][info][gc,heap        ] GC(508) DefNew: 283074K(314560K)->3136K(314560K) Eden: 279616K(279616K)->0K(279616K) From: 3458K(34944K)->3136K(34944K)
[91.911s][info][gc,heap        ] GC(508) Tenured: 78550K(699072K)->78550K(699072K)
[91.911s][info][gc,metaspace   ] GC(508) Metaspace: 141064K(142912K)->141064K(142912K) NonClass: 123673K(124608K)->123673K(124608K) Class: 17390K(18304K)->17390K(18304K)
[91.911s][info][gc             ] GC(508) Pause Young (Allocation Failure) 353M->79M(989M) 4.030ms
[91.911s][info][gc,cpu         ] GC(508) User=0.00s Sys=0.00s Real=0.00s
[92.025s][info][gc,start       ] GC(509) Pause Young (Allocation Failure)
[92.028s][info][gc,heap        ] GC(509) DefNew: 282246K(314560K)->2515K(314560K) Eden: 279110K(279616K)->0K(279616K) From: 3136K(34944K)->2515K(34944K)
[92.028s][info][gc,heap        ] GC(509) Tenured: 78550K(699072K)->78550K(699072K)
[92.028s][info][gc,metaspace   ] GC(509) Metaspace: 141064K(142912K)->141064K(142912K) NonClass: 123673K(124608K)->123673K(124608K) Class: 17390K(18304K)->17390K(18304K)
[92.028s][info][gc             ] GC(509) Pause Young (Allocation Failure) 352M->79M(989M) 3.485ms
[92.028s][info][gc,cpu         ] GC(509) User=0.00s Sys=0.00s Real=0.00s
[92.141s][info][gc,start       ] GC(510) Pause Young (Allocation Failure)
[92.154s][info][gc,heap        ] GC(510) DefNew: 282131K(314560K)->27372K(314560K) Eden: 279616K(279616K)->0K(279616K) From: 2515K(34944K)->27372K(34944K)
[92.154s][info][gc,heap        ] GC(510) Tenured: 78550K(699072K)->78550K(699072K)
[92.154s][info][gc,metaspace   ] GC(510) Metaspace: 141064K(142912K)->141064K(142912K) NonClass: 123673K(124608K)->123673K(124608K) Class: 17390K(18304K)->17390K(18304K)
[92.154s][info][gc             ] GC(510) Pause Young (Allocation Failure) 352M->103M(989M) 12.545ms
[92.154s][info][gc,cpu         ] GC(510) User=0.00s Sys=0.00s Real=0.02s
[92.273s][info][gc,start       ] GC(511) Pause Full (System.gc())
[92.273s][info][gc,phases,start] GC(511) Phase 1: Mark live objects
[92.359s][info][gc,phases      ] GC(511) Phase 1: Mark live objects 86.540ms
[92.359s][info][gc,phases,start] GC(511) Phase 2: Compute new object addresses
[92.384s][info][gc,phases      ] GC(511) Phase 2: Compute new object addresses 24.425ms
[92.384s][info][gc,phases,start] GC(511) Phase 3: Adjust pointers
[92.426s][info][gc,phases      ] GC(511) Phase 3: Adjust pointers 42.461ms
[92.426s][info][gc,phases,start] GC(511) Phase 4: Move objects
[92.433s][info][gc,phases      ] GC(511) Phase 4: Move objects 6.535ms
[92.433s][info][gc,heap        ] GC(511) DefNew: 143930K(314560K)->0K(314560K) Eden: 116557K(279616K)->0K(279616K) From: 27372K(34944K)->0K(34944K)
[92.434s][info][gc,heap        ] GC(511) Tenured: 78550K(699072K)->76337K(699072K)
[92.434s][info][gc,metaspace   ] GC(511) Metaspace: 141066K(142912K)->141039K(142912K) NonClass: 123675K(124608K)->123652K(124608K) Class: 17390K(18304K)->17386K(18304K)
[92.434s][info][gc             ] GC(511) Pause Full (System.gc()) 217M->74M(989M) 161.001ms
[92.434s][info][gc,cpu         ] GC(511) User=0.16s Sys=0.00s Real=0.16s
[92.631s][info][gc,start       ] GC(512) Pause Young (Allocation Failure)
[92.636s][info][gc,heap        ] GC(512) DefNew: 279616K(314560K)->2137K(314560K) Eden: 279616K(279616K)->0K(279616K) From: 0K(34944K)->2137K(34944K)
[92.636s][info][gc,heap        ] GC(512) Tenured: 76337K(699072K)->76337K(699072K)
[92.636s][info][gc,metaspace   ] GC(512) Metaspace: 141092K(142912K)->141092K(142912K) NonClass: 123701K(124608K)->123701K(124608K) Class: 17390K(18304K)->17390K(18304K)
[92.636s][info][gc             ] GC(512) Pause Young (Allocation Failure) 347M->76M(989M) 5.524ms
[92.636s][info][gc,cpu         ] GC(512) User=0.00s Sys=0.00s Real=0.02s
[92.719s][info][gc,start       ] GC(513) Pause Young (Allocation Failure)
[92.725s][info][gc,heap        ] GC(513) DefNew: 281753K(314560K)->3423K(314560K) Eden: 279616K(279616K)->0K(279616K) From: 2137K(34944K)->3423K(34944K)
[92.725s][info][gc,heap        ] GC(513) Tenured: 76337K(699072K)->76337K(699072K)
[92.725s][info][gc,metaspace   ] GC(513) Metaspace: 141092K(142912K)->141092K(142912K) NonClass: 123701K(124608K)->123701K(124608K) Class: 17390K(18304K)->17390K(18304K)
[92.725s][info][gc             ] GC(513) Pause Young (Allocation Failure) 349M->77M(989M) 6.133ms
[92.725s][info][gc,cpu         ] GC(513) User=0.00s Sys=0.00s Real=0.00s
[92.788s][info][gc,start       ] GC(514) Pause Young (Allocation Failure)
[92.793s][info][gc,heap        ] GC(514) DefNew: 283039K(314560K)->3127K(314560K) Eden: 279616K(279616K)->0K(279616K) From: 3423K(34944K)->3127K(34944K)
[92.793s][info][gc,heap        ] GC(514) Tenured: 76337K(699072K)->76337K(699072K)
[92.793s][info][gc,metaspace   ] GC(514) Metaspace: 141092K(142912K)->141092K(142912K) NonClass: 123701K(124608K)->123701K(124608K) Class: 17390K(18304K)->17390K(18304K)
[92.793s][info][gc             ] GC(514) Pause Young (Allocation Failure) 350M->77M(989M) 4.385ms
[92.793s][info][gc,cpu         ] GC(514) User=0.00s Sys=0.00s Real=0.00s
[92.903s][info][gc,start       ] GC(515) Pause Young (Allocation Failure)
[92.906s][info][gc,heap        ] GC(515) DefNew: 282743K(314560K)->2378K(314560K) Eden: 279616K(279616K)->0K(279616K) From: 3127K(34944K)->2378K(34944K)
[92.906s][info][gc,heap        ] GC(515) Tenured: 76337K(699072K)->76337K(699072K)
[92.906s][info][gc,metaspace   ] GC(515) Metaspace: 141092K(142912K)->141092K(142912K) NonClass: 123701K(124608K)->123701K(124608K) Class: 17390K(18304K)->17390K(18304K)
[92.906s][info][gc             ] GC(515) Pause Young (Allocation Failure) 350M->76M(989M) 3.191ms
[92.906s][info][gc,cpu         ] GC(515) User=0.00s Sys=0.00s Real=0.02s
[93.020s][info][gc,start       ] GC(516) Pause Young (Allocation Failure)
[93.032s][info][gc,heap        ] GC(516) DefNew: 281994K(314560K)->27643K(314560K) Eden: 279616K(279616K)->0K(279616K) From: 2378K(34944K)->27643K(34944K)
[93.032s][info][gc,heap        ] GC(516) Tenured: 76337K(699072K)->76337K(699072K)
[93.032s][info][gc,metaspace   ] GC(516) Metaspace: 141096K(142912K)->141096K(142912K) NonClass: 123705K(124608K)->123705K(124608K) Class: 17390K(18304K)->17390K(18304K)
[93.033s][info][gc             ] GC(516) Pause Young (Allocation Failure) 349M->101M(989M) 12.291ms
[93.033s][info][gc,cpu         ] GC(516) User=0.02s Sys=0.00s Real=0.01s
[93.156s][info][gc,start       ] GC(517) Pause Full (System.gc())
[93.156s][info][gc,phases,start] GC(517) Phase 1: Mark live objects
[93.243s][info][gc,phases      ] GC(517) Phase 1: Mark live objects 86.894ms
[93.243s][info][gc,phases,start] GC(517) Phase 2: Compute new object addresses
[93.267s][info][gc,phases      ] GC(517) Phase 2: Compute new object addresses 23.758ms
[93.267s][info][gc,phases,start] GC(517) Phase 3: Adjust pointers
[93.308s][info][gc,phases      ] GC(517) Phase 3: Adjust pointers 41.261ms
[93.308s][info][gc,phases,start] GC(517) Phase 4: Move objects
[93.308s][info][gc,phases      ] GC(517) Phase 4: Move objects 0.156ms
[93.309s][info][gc,heap        ] GC(517) DefNew: 141158K(314560K)->0K(314560K) Eden: 113515K(279616K)->0K(279616K) From: 27643K(34944K)->0K(34944K)
[93.309s][info][gc,heap        ] GC(517) Tenured: 76337K(699072K)->77300K(699072K)
[93.309s][info][gc,metaspace   ] GC(517) Metaspace: 141098K(142912K)->141071K(142912K) NonClass: 123707K(124608K)->123684K(124608K) Class: 17390K(18304K)->17386K(18304K)
[93.309s][info][gc             ] GC(517) Pause Full (System.gc()) 212M->75M(989M) 152.846ms
[93.309s][info][gc,cpu         ] GC(517) User=0.12s Sys=0.00s Real=0.16s
[93.513s][info][gc,start       ] GC(518) Pause Young (Allocation Failure)
[93.517s][info][gc,heap        ] GC(518) DefNew: 279616K(314560K)->1923K(314560K) Eden: 279616K(279616K)->0K(279616K) From: 0K(34944K)->1923K(34944K)
[93.517s][info][gc,heap        ] GC(518) Tenured: 77300K(699072K)->77300K(699072K)
[93.517s][info][gc,metaspace   ] GC(518) Metaspace: 141257K(143104K)->141257K(143104K) NonClass: 123866K(124800K)->123866K(124800K) Class: 17390K(18304K)->17390K(18304K)
[93.517s][info][gc             ] GC(518) Pause Young (Allocation Failure) 348M->77M(989M) 4.626ms
[93.517s][info][gc,cpu         ] GC(518) User=0.00s Sys=0.00s Real=0.00s
[93.602s][info][gc,start       ] GC(519) Pause Young (Allocation Failure)
[93.608s][info][gc,heap        ] GC(519) DefNew: 281539K(314560K)->3435K(314560K) Eden: 279616K(279616K)->0K(279616K) From: 1923K(34944K)->3435K(34944K)
[93.608s][info][gc,heap        ] GC(519) Tenured: 77300K(699072K)->77300K(699072K)
[93.608s][info][gc,metaspace   ] GC(519) Metaspace: 141269K(143168K)->141269K(143168K) NonClass: 123878K(124864K)->123878K(124864K) Class: 17390K(18304K)->17390K(18304K)
[93.608s][info][gc             ] GC(519) Pause Young (Allocation Failure) 350M->78M(989M) 5.923ms
[93.608s][info][gc,cpu         ] GC(519) User=0.00s Sys=0.00s Real=0.00s
[93.674s][info][gc,start       ] GC(520) Pause Young (Allocation Failure)
[93.678s][info][gc,heap        ] GC(520) DefNew: 283051K(314560K)->3046K(314560K) Eden: 279616K(279616K)->0K(279616K) From: 3435K(34944K)->3046K(34944K)
[93.678s][info][gc,heap        ] GC(520) Tenured: 77300K(699072K)->77300K(699072K)
[93.678s][info][gc,metaspace   ] GC(520) Metaspace: 141269K(143168K)->141269K(143168K) NonClass: 123878K(124864K)->123878K(124864K) Class: 17390K(18304K)->17390K(18304K)
[93.678s][info][gc             ] GC(520) Pause Young (Allocation Failure) 351M->78M(989M) 4.248ms
[93.678s][info][gc,cpu         ] GC(520) User=0.00s Sys=0.00s Real=0.00s
[93.795s][info][gc,start       ] GC(521) Pause Young (Allocation Failure)
[93.798s][info][gc,heap        ] GC(521) DefNew: 282662K(314560K)->1299K(314560K) Eden: 279616K(279616K)->0K(279616K) From: 3046K(34944K)->1299K(34944K)
[93.798s][info][gc,heap        ] GC(521) Tenured: 77300K(699072K)->77300K(699072K)
[93.798s][info][gc,metaspace   ] GC(521) Metaspace: 141278K(143168K)->141278K(143168K) NonClass: 123887K(124864K)->123887K(124864K) Class: 17390K(18304K)->17390K(18304K)
[93.798s][info][gc             ] GC(521) Pause Young (Allocation Failure) 351M->76M(989M) 2.934ms
[93.798s][info][gc,cpu         ] GC(521) User=0.00s Sys=0.00s Real=0.00s
[93.914s][info][gc,start       ] GC(522) Pause Young (Allocation Failure)
[93.926s][info][gc,heap        ] GC(522) DefNew: 280915K(314560K)->27650K(314560K) Eden: 279616K(279616K)->0K(279616K) From: 1299K(34944K)->27650K(34944K)
[93.926s][info][gc,heap        ] GC(522) Tenured: 77300K(699072K)->77300K(699072K)
[93.926s][info][gc,metaspace   ] GC(522) Metaspace: 141281K(143168K)->141281K(143168K) NonClass: 123890K(124864K)->123890K(124864K) Class: 17390K(18304K)->17390K(18304K)
[93.926s][info][gc             ] GC(522) Pause Young (Allocation Failure) 349M->102M(989M) 12.360ms
[93.926s][info][gc,cpu         ] GC(522) User=0.00s Sys=0.00s Real=0.02s
[94.045s][info][gc,start       ] GC(523) Pause Full (System.gc())
[94.045s][info][gc,phases,start] GC(523) Phase 1: Mark live objects
[94.132s][info][gc,phases      ] GC(523) Phase 1: Mark live objects 86.863ms
[94.132s][info][gc,phases,start] GC(523) Phase 2: Compute new object addresses
[94.156s][info][gc,phases      ] GC(523) Phase 2: Compute new object addresses 23.822ms
[94.156s][info][gc,phases,start] GC(523) Phase 3: Adjust pointers
[94.197s][info][gc,phases      ] GC(523) Phase 3: Adjust pointers 41.313ms
[94.197s][info][gc,phases,start] GC(523) Phase 4: Move objects
[94.197s][info][gc,phases      ] GC(523) Phase 4: Move objects 0.119ms
[94.198s][info][gc,heap        ] GC(523) DefNew: 140937K(314560K)->0K(314560K) Eden: 113286K(279616K)->0K(279616K) From: 27650K(34944K)->0K(34944K)
[94.198s][info][gc,heap        ] GC(523) Tenured: 77300K(699072K)->78130K(699072K)
[94.198s][info][gc,metaspace   ] GC(523) Metaspace: 141287K(143168K)->141260K(143168K) NonClass: 123896K(124864K)->123874K(124864K) Class: 17390K(18304K)->17386K(18304K)
[94.198s][info][gc             ] GC(523) Pause Full (System.gc()) 213M->76M(989M) 152.870ms
[94.198s][info][gc,cpu         ] GC(523) User=0.16s Sys=0.00s Real=0.16s
[94.396s][info][gc,start       ] GC(524) Pause Young (Allocation Failure)
[94.401s][info][gc,heap        ] GC(524) DefNew: 279616K(314560K)->2155K(314560K) Eden: 279616K(279616K)->0K(279616K) From: 0K(34944K)->2155K(34944K)
[94.402s][info][gc,heap        ] GC(524) Tenured: 78130K(699072K)->78130K(699072K)
[94.402s][info][gc,metaspace   ] GC(524) Metaspace: 141305K(143168K)->141305K(143168K) NonClass: 123914K(124864K)->123914K(124864K) Class: 17390K(18304K)->17390K(18304K)
[94.402s][info][gc             ] GC(524) Pause Young (Allocation Failure) 349M->78M(989M) 5.216ms
[94.402s][info][gc,cpu         ] GC(524) User=0.00s Sys=0.00s Real=0.01s
[94.485s][info][gc,start       ] GC(525) Pause Young (Allocation Failure)
[94.491s][info][gc,heap        ] GC(525) DefNew: 281771K(314560K)->3463K(314560K) Eden: 279616K(279616K)->0K(279616K) From: 2155K(34944K)->3463K(34944K)
[94.491s][info][gc,heap        ] GC(525) Tenured: 78130K(699072K)->78130K(699072K)
[94.491s][info][gc,metaspace   ] GC(525) Metaspace: 141306K(143168K)->141306K(143168K) NonClass: 123915K(124864K)->123915K(124864K) Class: 17390K(18304K)->17390K(18304K)
[94.491s][info][gc             ] GC(525) Pause Young (Allocation Failure) 351M->79M(989M) 6.100ms
[94.491s][info][gc,cpu         ] GC(525) User=0.00s Sys=0.00s Real=0.01s
[94.554s][info][gc,start       ] GC(526) Pause Young (Allocation Failure)
[94.558s][info][gc,heap        ] GC(526) DefNew: 283079K(314560K)->3142K(314560K) Eden: 279616K(279616K)->0K(279616K) From: 3463K(34944K)->3142K(34944K)
[94.558s][info][gc,heap        ] GC(526) Tenured: 78130K(699072K)->78130K(699072K)
[94.558s][info][gc,metaspace   ] GC(526) Metaspace: 141306K(143168K)->141306K(143168K) NonClass: 123915K(124864K)->123915K(124864K) Class: 17390K(18304K)->17390K(18304K)
[94.558s][info][gc             ] GC(526) Pause Young (Allocation Failure) 352M->79M(989M) 3.895ms
[94.558s][info][gc,cpu         ] GC(526) User=0.02s Sys=0.00s Real=0.02s
[94.671s][info][gc,start       ] GC(527) Pause Young (Allocation Failure)
[94.674s][info][gc,heap        ] GC(527) DefNew: 282758K(314560K)->1388K(314560K) Eden: 279615K(279616K)->0K(279616K) From: 3142K(34944K)->1388K(34944K)
[94.674s][info][gc,heap        ] GC(527) Tenured: 78130K(699072K)->78130K(699072K)
[94.674s][info][gc,metaspace   ] GC(527) Metaspace: 141306K(143168K)->141306K(143168K) NonClass: 123915K(124864K)->123915K(124864K) Class: 17390K(18304K)->17390K(18304K)
[94.674s][info][gc             ] GC(527) Pause Young (Allocation Failure) 352M->77M(989M) 3.366ms
[94.674s][info][gc,cpu         ] GC(527) User=0.00s Sys=0.00s Real=0.00s
[94.788s][info][gc,start       ] GC(528) Pause Young (Allocation Failure)
[94.801s][info][gc,heap        ] GC(528) DefNew: 281004K(314560K)->27853K(314560K) Eden: 279616K(279616K)->0K(279616K) From: 1388K(34944K)->27853K(34944K)
[94.801s][info][gc,heap        ] GC(528) Tenured: 78130K(699072K)->78130K(699072K)
[94.801s][info][gc,metaspace   ] GC(528) Metaspace: 141309K(143168K)->141309K(143168K) NonClass: 123918K(124864K)->123918K(124864K) Class: 17390K(18304K)->17390K(18304K)
[94.801s][info][gc             ] GC(528) Pause Young (Allocation Failure) 350M->103M(989M) 12.552ms
[94.801s][info][gc,cpu         ] GC(528) User=0.00s Sys=0.00s Real=0.01s
[94.916s][info][gc,start       ] GC(529) Pause Full (System.gc())
[94.916s][info][gc,phases,start] GC(529) Phase 1: Mark live objects
[95.004s][info][gc,phases      ] GC(529) Phase 1: Mark live objects 87.087ms
[95.004s][info][gc,phases,start] GC(529) Phase 2: Compute new object addresses
[95.027s][info][gc,phases      ] GC(529) Phase 2: Compute new object addresses 23.557ms
[95.027s][info][gc,phases,start] GC(529) Phase 3: Adjust pointers
[95.069s][info][gc,phases      ] GC(529) Phase 3: Adjust pointers 41.399ms
[95.069s][info][gc,phases,start] GC(529) Phase 4: Move objects
[95.069s][info][gc,phases      ] GC(529) Phase 4: Move objects 0.212ms
[95.069s][info][gc,heap        ] GC(529) DefNew: 140428K(314560K)->0K(314560K) Eden: 112574K(279616K)->0K(279616K) From: 27853K(34944K)->0K(34944K)
[95.069s][info][gc,heap        ] GC(529) Tenured: 78130K(699072K)->78963K(699072K)
[95.069s][info][gc,metaspace   ] GC(529) Metaspace: 141309K(143168K)->141282K(143168K) NonClass: 123918K(124864K)->123896K(124864K) Class: 17390K(18304K)->17386K(18304K)
[95.069s][info][gc             ] GC(529) Pause Full (System.gc()) 213M->77M(989M) 152.997ms
[95.069s][info][gc,cpu         ] GC(529) User=0.14s Sys=0.00s Real=0.16s
[95.265s][info][gc,start       ] GC(530) Pause Young (Allocation Failure)
[95.270s][info][gc,heap        ] GC(530) DefNew: 279616K(314560K)->2138K(314560K) Eden: 279616K(279616K)->0K(279616K) From: 0K(34944K)->2138K(34944K)
[95.270s][info][gc,heap        ] GC(530) Tenured: 78963K(699072K)->78963K(699072K)
[95.270s][info][gc,metaspace   ] GC(530) Metaspace: 141340K(143232K)->141340K(143232K) NonClass: 123949K(124928K)->123949K(124928K) Class: 17390K(18304K)->17390K(18304K)
[95.270s][info][gc             ] GC(530) Pause Young (Allocation Failure) 350M->79M(989M) 5.102ms
[95.270s][info][gc,cpu         ] GC(530) User=0.00s Sys=0.00s Real=0.02s
[95.353s][info][gc,start       ] GC(531) Pause Young (Allocation Failure)
[95.358s][info][gc,heap        ] GC(531) DefNew: 281754K(314560K)->3422K(314560K) Eden: 279616K(279616K)->0K(279616K) From: 2138K(34944K)->3422K(34944K)
[95.358s][info][gc,heap        ] GC(531) Tenured: 78963K(699072K)->78963K(699072K)
[95.358s][info][gc,metaspace   ] GC(531) Metaspace: 141340K(143232K)->141340K(143232K) NonClass: 123949K(124928K)->123949K(124928K) Class: 17390K(18304K)->17390K(18304K)
[95.358s][info][gc             ] GC(531) Pause Young (Allocation Failure) 352M->80M(989M) 5.711ms
[95.358s][info][gc,cpu         ] GC(531) User=0.00s Sys=0.00s Real=0.00s
[95.423s][info][gc,start       ] GC(532) Pause Young (Allocation Failure)
[95.427s][info][gc,heap        ] GC(532) DefNew: 282879K(314560K)->2561K(314560K) Eden: 279456K(279616K)->0K(279616K) From: 3422K(34944K)->2561K(34944K)
[95.427s][info][gc,heap        ] GC(532) Tenured: 78963K(699072K)->78963K(699072K)
[95.427s][info][gc,metaspace   ] GC(532) Metaspace: 141340K(143232K)->141340K(143232K) NonClass: 123949K(124928K)->123949K(124928K) Class: 17390K(18304K)->17390K(18304K)
[95.427s][info][gc             ] GC(532) Pause Young (Allocation Failure) 353M->79M(989M) 3.666ms
[95.427s][info][gc,cpu         ] GC(532) User=0.00s Sys=0.00s Real=0.00s
[95.543s][info][gc,start       ] GC(533) Pause Young (Allocation Failure)
[95.547s][info][gc,heap        ] GC(533) DefNew: 282177K(314560K)->2515K(314560K) Eden: 279616K(279616K)->0K(279616K) From: 2561K(34944K)->2515K(34944K)
[95.547s][info][gc,heap        ] GC(533) Tenured: 78963K(699072K)->78963K(699072K)
[95.547s][info][gc,metaspace   ] GC(533) Metaspace: 141340K(143232K)->141340K(143232K) NonClass: 123949K(124928K)->123949K(124928K) Class: 17390K(18304K)->17390K(18304K)
[95.547s][info][gc             ] GC(533) Pause Young (Allocation Failure) 352M->79M(989M) 3.590ms
[95.547s][info][gc,cpu         ] GC(533) User=0.00s Sys=0.00s Real=0.00s
[95.662s][info][gc,start       ] GC(534) Pause Young (Allocation Failure)
[95.674s][info][gc,heap        ] GC(534) DefNew: 282131K(314560K)->27364K(314560K) Eden: 279616K(279616K)->0K(279616K) From: 2515K(34944K)->27364K(34944K)
[95.674s][info][gc,heap        ] GC(534) Tenured: 78963K(699072K)->78963K(699072K)
[95.674s][info][gc,metaspace   ] GC(534) Metaspace: 141342K(143232K)->141342K(143232K) NonClass: 123951K(124928K)->123951K(124928K) Class: 17390K(18304K)->17390K(18304K)
[95.674s][info][gc             ] GC(534) Pause Young (Allocation Failure) 352M->103M(989M) 12.421ms
[95.674s][info][gc,cpu         ] GC(534) User=0.00s Sys=0.00s Real=0.02s
[95.794s][info][gc,start       ] GC(535) Pause Full (System.gc())
[95.794s][info][gc,phases,start] GC(535) Phase 1: Mark live objects
[95.881s][info][gc,phases      ] GC(535) Phase 1: Mark live objects 86.813ms
[95.881s][info][gc,phases,start] GC(535) Phase 2: Compute new object addresses
[95.905s][info][gc,phases      ] GC(535) Phase 2: Compute new object addresses 24.305ms
[95.905s][info][gc,phases,start] GC(535) Phase 3: Adjust pointers
[95.949s][info][gc,phases      ] GC(535) Phase 3: Adjust pointers 43.364ms
[95.949s][info][gc,phases,start] GC(535) Phase 4: Move objects
[95.958s][info][gc,phases      ] GC(535) Phase 4: Move objects 9.213ms
[95.959s][info][gc,heap        ] GC(535) DefNew: 143367K(314560K)->0K(314560K) Eden: 116003K(279616K)->0K(279616K) From: 27364K(34944K)->0K(34944K)
[95.959s][info][gc,heap        ] GC(535) Tenured: 78963K(699072K)->76599K(699072K)
[95.959s][info][gc,metaspace   ] GC(535) Metaspace: 141342K(143232K)->141316K(143232K) NonClass: 123951K(124928K)->123929K(124928K) Class: 17390K(18304K)->17386K(18304K)
[95.959s][info][gc             ] GC(535) Pause Full (System.gc()) 217M->74M(989M) 164.594ms
[95.959s][info][gc,cpu         ] GC(535) User=0.16s Sys=0.00s Real=0.16s
[96.158s][info][gc,start       ] GC(536) Pause Young (Allocation Failure)
[96.163s][info][gc,heap        ] GC(536) DefNew: 279616K(314560K)->2136K(314560K) Eden: 279616K(279616K)->0K(279616K) From: 0K(34944K)->2136K(34944K)
[96.163s][info][gc,heap        ] GC(536) Tenured: 76599K(699072K)->76599K(699072K)
[96.163s][info][gc,metaspace   ] GC(536) Metaspace: 141362K(143232K)->141362K(143232K) NonClass: 123971K(124928K)->123971K(124928K) Class: 17390K(18304K)->17390K(18304K)
[96.163s][info][gc             ] GC(536) Pause Young (Allocation Failure) 347M->76M(989M) 5.218ms
[96.163s][info][gc,cpu         ] GC(536) User=0.00s Sys=0.00s Real=0.00s
[96.247s][info][gc,start       ] GC(537) Pause Young (Allocation Failure)
[96.253s][info][gc,heap        ] GC(537) DefNew: 281752K(314560K)->3434K(314560K) Eden: 279616K(279616K)->0K(279616K) From: 2136K(34944K)->3434K(34944K)
[96.253s][info][gc,heap        ] GC(537) Tenured: 76599K(699072K)->76599K(699072K)
[96.253s][info][gc,metaspace   ] GC(537) Metaspace: 141363K(143232K)->141363K(143232K) NonClass: 123972K(124928K)->123972K(124928K) Class: 17390K(18304K)->17390K(18304K)
[96.253s][info][gc             ] GC(537) Pause Young (Allocation Failure) 349M->78M(989M) 6.201ms
[96.253s][info][gc,cpu         ] GC(537) User=0.00s Sys=0.00s Real=0.00s
[96.318s][info][gc,start       ] GC(538) Pause Young (Allocation Failure)
[96.321s][info][gc,heap        ] GC(538) DefNew: 283050K(314560K)->2527K(314560K) Eden: 279616K(279616K)->0K(279616K) From: 3434K(34944K)->2527K(34944K)
[96.321s][info][gc,heap        ] GC(538) Tenured: 76599K(699072K)->76599K(699072K)
[96.321s][info][gc,metaspace   ] GC(538) Metaspace: 141363K(143232K)->141363K(143232K) NonClass: 123972K(124928K)->123972K(124928K) Class: 17390K(18304K)->17390K(18304K)
[96.321s][info][gc             ] GC(538) Pause Young (Allocation Failure) 351M->77M(989M) 3.557ms
[96.321s][info][gc,cpu         ] GC(538) User=0.00s Sys=0.00s Real=0.00s
[96.437s][info][gc,start       ] GC(539) Pause Young (Allocation Failure)
[96.439s][info][gc,heap        ] GC(539) DefNew: 282143K(314560K)->1255K(314560K) Eden: 279616K(279616K)->0K(279616K) From: 2527K(34944K)->1255K(34944K)
[96.440s][info][gc,heap        ] GC(539) Tenured: 76599K(699072K)->76599K(699072K)
[96.440s][info][gc,metaspace   ] GC(539) Metaspace: 141363K(143232K)->141363K(143232K) NonClass: 123972K(124928K)->123972K(124928K) Class: 17390K(18304K)->17390K(18304K)
[96.440s][info][gc             ] GC(539) Pause Young (Allocation Failure) 350M->76M(989M) 2.873ms
[96.440s][info][gc,cpu         ] GC(539) User=0.00s Sys=0.00s Real=0.00s
[96.553s][info][gc,start       ] GC(540) Pause Young (Allocation Failure)
[96.565s][info][gc,heap        ] GC(540) DefNew: 280871K(314560K)->27650K(314560K) Eden: 279616K(279616K)->0K(279616K) From: 1255K(34944K)->27650K(34944K)
[96.565s][info][gc,heap        ] GC(540) Tenured: 76599K(699072K)->76599K(699072K)
[96.565s][info][gc,metaspace   ] GC(540) Metaspace: 141364K(143232K)->141364K(143232K) NonClass: 123973K(124928K)->123973K(124928K) Class: 17390K(18304K)->17390K(18304K)
[96.565s][info][gc             ] GC(540) Pause Young (Allocation Failure) 349M->101M(989M) 12.517ms
[96.565s][info][gc,cpu         ] GC(540) User=0.00s Sys=0.00s Real=0.02s
[96.682s][info][gc,start       ] GC(541) Pause Full (System.gc())
[96.682s][info][gc,phases,start] GC(541) Phase 1: Mark live objects
[96.770s][info][gc,phases      ] GC(541) Phase 1: Mark live objects 87.324ms
[96.770s][info][gc,phases,start] GC(541) Phase 2: Compute new object addresses
[96.794s][info][gc,phases      ] GC(541) Phase 2: Compute new object addresses 23.904ms
[96.794s][info][gc,phases,start] GC(541) Phase 3: Adjust pointers
[96.835s][info][gc,phases      ] GC(541) Phase 3: Adjust pointers 41.544ms
[96.835s][info][gc,phases,start] GC(541) Phase 4: Move objects
[96.835s][info][gc,phases      ] GC(541) Phase 4: Move objects 0.120ms
[96.836s][info][gc,heap        ] GC(541) DefNew: 141666K(314560K)->0K(314560K) Eden: 114015K(279616K)->0K(279616K) From: 27650K(34944K)->0K(34944K)
[96.836s][info][gc,heap        ] GC(541) Tenured: 76599K(699072K)->77435K(699072K)
[96.836s][info][gc,metaspace   ] GC(541) Metaspace: 141364K(143232K)->141338K(143232K) NonClass: 123973K(124928K)->123951K(124928K) Class: 17390K(18304K)->17386K(18304K)
[96.836s][info][gc             ] GC(541) Pause Full (System.gc()) 213M->75M(989M) 153.640ms
[96.836s][info][gc,cpu         ] GC(541) User=0.14s Sys=0.00s Real=0.14s
[97.032s][info][gc,start       ] GC(542) Pause Young (Allocation Failure)
[97.037s][info][gc,heap        ] GC(542) DefNew: 279616K(314560K)->2136K(314560K) Eden: 279616K(279616K)->0K(279616K) From: 0K(34944K)->2136K(34944K)
[97.037s][info][gc,heap        ] GC(542) Tenured: 77435K(699072K)->77435K(699072K)
[97.037s][info][gc,metaspace   ] GC(542) Metaspace: 141372K(143232K)->141372K(143232K) NonClass: 123981K(124928K)->123981K(124928K) Class: 17390K(18304K)->17390K(18304K)
[97.037s][info][gc             ] GC(542) Pause Young (Allocation Failure) 348M->77M(989M) 4.920ms
[97.037s][info][gc,cpu         ] GC(542) User=0.00s Sys=0.00s Real=0.00s
[97.122s][info][gc,start       ] GC(543) Pause Young (Allocation Failure)
[97.128s][info][gc,heap        ] GC(543) DefNew: 281752K(314560K)->3427K(314560K) Eden: 279616K(279616K)->0K(279616K) From: 2136K(34944K)->3427K(34944K)
[97.128s][info][gc,heap        ] GC(543) Tenured: 77435K(699072K)->77435K(699072K)
[97.128s][info][gc,metaspace   ] GC(543) Metaspace: 141372K(143232K)->141372K(143232K) NonClass: 123981K(124928K)->123981K(124928K) Class: 17390K(18304K)->17390K(18304K)
[97.128s][info][gc             ] GC(543) Pause Young (Allocation Failure) 350M->78M(989M) 5.922ms
[97.128s][info][gc,cpu         ] GC(543) User=0.00s Sys=0.00s Real=0.00s
[97.192s][info][gc,start       ] GC(544) Pause Young (Allocation Failure)
[97.195s][info][gc,heap        ] GC(544) DefNew: 283043K(314560K)->3058K(314560K) Eden: 279616K(279616K)->0K(279616K) From: 3427K(34944K)->3058K(34944K)
[97.195s][info][gc,heap        ] GC(544) Tenured: 77435K(699072K)->77435K(699072K)
[97.195s][info][gc,metaspace   ] GC(544) Metaspace: 141372K(143232K)->141372K(143232K) NonClass: 123981K(124928K)->123981K(124928K) Class: 17390K(18304K)->17390K(18304K)
[97.196s][info][gc             ] GC(544) Pause Young (Allocation Failure) 352M->78M(989M) 3.893ms
[97.196s][info][gc,cpu         ] GC(544) User=0.00s Sys=0.00s Real=0.00s
[97.311s][info][gc,start       ] GC(545) Pause Young (Allocation Failure)
[97.314s][info][gc,heap        ] GC(545) DefNew: 282674K(314560K)->1569K(314560K) Eden: 279616K(279616K)->0K(279616K) From: 3058K(34944K)->1569K(34944K)
[97.314s][info][gc,heap        ] GC(545) Tenured: 77435K(699072K)->77435K(699072K)
[97.314s][info][gc,metaspace   ] GC(545) Metaspace: 141372K(143232K)->141372K(143232K) NonClass: 123981K(124928K)->123981K(124928K) Class: 17390K(18304K)->17390K(18304K)
[97.314s][info][gc             ] GC(545) Pause Young (Allocation Failure) 351M->77M(989M) 2.953ms
[97.314s][info][gc,cpu         ] GC(545) User=0.00s Sys=0.00s Real=0.02s
[97.427s][info][gc,start       ] GC(546) Pause Young (Allocation Failure)
[97.439s][info][gc,heap        ] GC(546) DefNew: 281185K(314560K)->27911K(314560K) Eden: 279616K(279616K)->0K(279616K) From: 1569K(34944K)->27911K(34944K)
[97.439s][info][gc,heap        ] GC(546) Tenured: 77435K(699072K)->77435K(699072K)
[97.439s][info][gc,metaspace   ] GC(546) Metaspace: 141372K(143232K)->141372K(143232K) NonClass: 123981K(124928K)->123981K(124928K) Class: 17390K(18304K)->17390K(18304K)
[97.439s][info][gc             ] GC(546) Pause Young (Allocation Failure) 350M->102M(989M) 12.218ms
[97.440s][info][gc,cpu         ] GC(546) User=0.02s Sys=0.00s Real=0.02s
[97.556s][info][gc,start       ] GC(547) Pause Full (System.gc())
[97.556s][info][gc,phases,start] GC(547) Phase 1: Mark live objects
[97.644s][info][gc,phases      ] GC(547) Phase 1: Mark live objects 87.430ms
[97.644s][info][gc,phases,start] GC(547) Phase 2: Compute new object addresses
[97.667s][info][gc,phases      ] GC(547) Phase 2: Compute new object addresses 23.534ms
[97.667s][info][gc,phases,start] GC(547) Phase 3: Adjust pointers
[97.709s][info][gc,phases      ] GC(547) Phase 3: Adjust pointers 41.686ms
[97.709s][info][gc,phases,start] GC(547) Phase 4: Move objects
[97.709s][info][gc,phases      ] GC(547) Phase 4: Move objects 0.161ms
[97.710s][info][gc,heap        ] GC(547) DefNew: 140002K(314560K)->0K(314560K) Eden: 112091K(279616K)->0K(279616K) From: 27911K(34944K)->0K(34944K)
[97.710s][info][gc,heap        ] GC(547) Tenured: 77435K(699072K)->78400K(699072K)
[97.710s][info][gc,metaspace   ] GC(547) Metaspace: 141372K(143232K)->141345K(143232K) NonClass: 123981K(124928K)->123959K(124928K) Class: 17390K(18304K)->17386K(18304K)
[97.710s][info][gc             ] GC(547) Pause Full (System.gc()) 212M->76M(989M) 153.577ms
[97.710s][info][gc,cpu         ] GC(547) User=0.14s Sys=0.00s Real=0.16s
[97.903s][info][gc,start       ] GC(548) Pause Young (Allocation Failure)
[97.909s][info][gc,heap        ] GC(548) DefNew: 279616K(314560K)->1927K(314560K) Eden: 279616K(279616K)->0K(279616K) From: 0K(34944K)->1927K(34944K)
[97.909s][info][gc,heap        ] GC(548) Tenured: 78400K(699072K)->78400K(699072K)
[97.909s][info][gc,metaspace   ] GC(548) Metaspace: 141392K(143232K)->141392K(143232K) NonClass: 124001K(124928K)->124001K(124928K) Class: 17390K(18304K)->17390K(18304K)
[97.909s][info][gc             ] GC(548) Pause Young (Allocation Failure) 349M->78M(989M) 5.450ms
[97.909s][info][gc,cpu         ] GC(548) User=0.00s Sys=0.00s Real=0.02s
[97.992s][info][gc,start       ] GC(549) Pause Young (Allocation Failure)
[97.998s][info][gc,heap        ] GC(549) DefNew: 281543K(314560K)->3424K(314560K) Eden: 279616K(279616K)->0K(279616K) From: 1927K(34944K)->3424K(34944K)
[97.998s][info][gc,heap        ] GC(549) Tenured: 78400K(699072K)->78400K(699072K)
[97.998s][info][gc,metaspace   ] GC(549) Metaspace: 141392K(143232K)->141392K(143232K) NonClass: 124001K(124928K)->124001K(124928K) Class: 17390K(18304K)->17390K(18304K)
[97.998s][info][gc             ] GC(549) Pause Young (Allocation Failure) 351M->79M(989M) 5.554ms
[97.998s][info][gc,cpu         ] GC(549) User=0.00s Sys=0.00s Real=0.00s
[98.062s][info][gc,start       ] GC(550) Pause Young (Allocation Failure)
[98.065s][info][gc,heap        ] GC(550) DefNew: 283040K(314560K)->2508K(314560K) Eden: 279616K(279616K)->0K(279616K) From: 3424K(34944K)->2508K(34944K)
[98.065s][info][gc,heap        ] GC(550) Tenured: 78400K(699072K)->78400K(699072K)
[98.065s][info][gc,metaspace   ] GC(550) Metaspace: 141392K(143232K)->141392K(143232K) NonClass: 124001K(124928K)->124001K(124928K) Class: 17390K(18304K)->17390K(18304K)
[98.065s][info][gc             ] GC(550) Pause Young (Allocation Failure) 352M->79M(989M) 3.458ms
[98.065s][info][gc,cpu         ] GC(550) User=0.00s Sys=0.00s Real=0.00s
[98.175s][info][gc,start       ] GC(551) Pause Young (Allocation Failure)
[98.178s][info][gc,heap        ] GC(551) DefNew: 282124K(314560K)->3512K(314560K) Eden: 279616K(279616K)->0K(279616K) From: 2508K(34944K)->3512K(34944K)
[98.179s][info][gc,heap        ] GC(551) Tenured: 78400K(699072K)->78400K(699072K)
[98.179s][info][gc,metaspace   ] GC(551) Metaspace: 141392K(143232K)->141392K(143232K) NonClass: 124001K(124928K)->124001K(124928K) Class: 17390K(18304K)->17390K(18304K)
[98.179s][info][gc             ] GC(551) Pause Young (Allocation Failure) 352M->79M(989M) 3.559ms
[98.179s][info][gc,cpu         ] GC(551) User=0.02s Sys=0.00s Real=0.02s
[98.291s][info][gc,start       ] GC(552) Pause Young (Allocation Failure)
[98.304s][info][gc,heap        ] GC(552) DefNew: 283128K(314560K)->27654K(314560K) Eden: 279616K(279616K)->0K(279616K) From: 3512K(34944K)->27654K(34944K)
[98.304s][info][gc,heap        ] GC(552) Tenured: 78400K(699072K)->78400K(699072K)
[98.304s][info][gc,metaspace   ] GC(552) Metaspace: 141392K(143232K)->141392K(143232K) NonClass: 124001K(124928K)->124001K(124928K) Class: 17390K(18304K)->17390K(18304K)
[98.304s][info][gc             ] GC(552) Pause Young (Allocation Failure) 353M->103M(989M) 12.455ms
[98.304s][info][gc,cpu         ] GC(552) User=0.00s Sys=0.02s Real=0.02s
[98.422s][info][gc,start       ] GC(553) Pause Full (System.gc())
[98.422s][info][gc,phases,start] GC(553) Phase 1: Mark live objects
[98.509s][info][gc,phases      ] GC(553) Phase 1: Mark live objects 87.639ms
[98.510s][info][gc,phases,start] GC(553) Phase 2: Compute new object addresses
[98.533s][info][gc,phases      ] GC(553) Phase 2: Compute new object addresses 23.939ms
[98.534s][info][gc,phases,start] GC(553) Phase 3: Adjust pointers
[98.575s][info][gc,phases      ] GC(553) Phase 3: Adjust pointers 41.721ms
[98.575s][info][gc,phases,start] GC(553) Phase 4: Move objects
[98.575s][info][gc,phases      ] GC(553) Phase 4: Move objects 0.181ms
[98.576s][info][gc,heap        ] GC(553) DefNew: 140755K(314560K)->0K(314560K) Eden: 113101K(279616K)->0K(279616K) From: 27654K(34944K)->0K(34944K)
[98.576s][info][gc,heap        ] GC(553) Tenured: 78400K(699072K)->79232K(699072K)
[98.576s][info][gc,metaspace   ] GC(553) Metaspace: 141392K(143232K)->141365K(143232K) NonClass: 124001K(124928K)->123979K(124928K) Class: 17390K(18304K)->17386K(18304K)
[98.576s][info][gc             ] GC(553) Pause Full (System.gc()) 214M->77M(989M) 154.246ms
[98.576s][info][gc,cpu         ] GC(553) User=0.14s Sys=0.00s Real=0.16s
[98.774s][info][gc,start       ] GC(554) Pause Young (Allocation Failure)
[98.780s][info][gc,heap        ] GC(554) DefNew: 279616K(314560K)->2139K(314560K) Eden: 279616K(279616K)->0K(279616K) From: 0K(34944K)->2139K(34944K)
[98.780s][info][gc,heap        ] GC(554) Tenured: 79232K(699072K)->79232K(699072K)
[98.780s][info][gc,metaspace   ] GC(554) Metaspace: 141397K(143296K)->141397K(143296K) NonClass: 124006K(124992K)->124006K(124992K) Class: 17390K(18304K)->17390K(18304K)
[98.780s][info][gc             ] GC(554) Pause Young (Allocation Failure) 350M->79M(989M) 5.893ms
[98.780s][info][gc,cpu         ] GC(554) User=0.00s Sys=0.00s Real=0.02s
[98.864s][info][gc,start       ] GC(555) Pause Young (Allocation Failure)
[98.870s][info][gc,heap        ] GC(555) DefNew: 281755K(314560K)->3427K(314560K) Eden: 279616K(279616K)->0K(279616K) From: 2139K(34944K)->3427K(34944K)
[98.870s][info][gc,heap        ] GC(555) Tenured: 79232K(699072K)->79232K(699072K)
[98.870s][info][gc,metaspace   ] GC(555) Metaspace: 141398K(143296K)->141398K(143296K) NonClass: 124007K(124992K)->124007K(124992K) Class: 17390K(18304K)->17390K(18304K)
[98.870s][info][gc             ] GC(555) Pause Young (Allocation Failure) 352M->80M(989M) 5.627ms
[98.870s][info][gc,cpu         ] GC(555) User=0.00s Sys=0.00s Real=0.00s
[98.933s][info][gc,start       ] GC(556) Pause Young (Allocation Failure)
[98.937s][info][gc,heap        ] GC(556) DefNew: 282603K(314560K)->2562K(314560K) Eden: 279175K(279616K)->0K(279616K) From: 3427K(34944K)->2562K(34944K)
[98.937s][info][gc,heap        ] GC(556) Tenured: 79232K(699072K)->79232K(699072K)
[98.937s][info][gc,metaspace   ] GC(556) Metaspace: 141398K(143296K)->141398K(143296K) NonClass: 124007K(124992K)->124007K(124992K) Class: 17390K(18304K)->17390K(18304K)
[98.937s][info][gc             ] GC(556) Pause Young (Allocation Failure) 353M->79M(989M) 3.523ms
[98.937s][info][gc,cpu         ] GC(556) User=0.00s Sys=0.00s Real=0.00s
[99.047s][info][gc,start       ] GC(557) Pause Young (Allocation Failure)
[99.052s][info][gc,heap        ] GC(557) DefNew: 282178K(314560K)->3593K(314560K) Eden: 279616K(279616K)->0K(279616K) From: 2562K(34944K)->3593K(34944K)
[99.052s][info][gc,heap        ] GC(557) Tenured: 79232K(699072K)->79232K(699072K)
[99.052s][info][gc,metaspace   ] GC(557) Metaspace: 141398K(143296K)->141398K(143296K) NonClass: 124007K(124992K)->124007K(124992K) Class: 17390K(18304K)->17390K(18304K)
[99.052s][info][gc             ] GC(557) Pause Young (Allocation Failure) 352M->80M(989M) 4.406ms
[99.052s][info][gc,cpu         ] GC(557) User=0.00s Sys=0.00s Real=0.02s
[99.164s][info][gc,start       ] GC(558) Pause Young (Allocation Failure)
[99.176s][info][gc,heap        ] GC(558) DefNew: 283209K(314560K)->27393K(314560K) Eden: 279616K(279616K)->0K(279616K) From: 3593K(34944K)->27393K(34944K)
[99.176s][info][gc,heap        ] GC(558) Tenured: 79232K(699072K)->79232K(699072K)
[99.176s][info][gc,metaspace   ] GC(558) Metaspace: 141399K(143296K)->141399K(143296K) NonClass: 124008K(124992K)->124008K(124992K) Class: 17390K(18304K)->17390K(18304K)
[99.177s][info][gc             ] GC(558) Pause Young (Allocation Failure) 353M->104M(989M) 12.198ms
[99.177s][info][gc,cpu         ] GC(558) User=0.00s Sys=0.00s Real=0.02s
[99.295s][info][gc,start       ] GC(559) Pause Full (System.gc())
[99.295s][info][gc,phases,start] GC(559) Phase 1: Mark live objects
[99.384s][info][gc,phases      ] GC(559) Phase 1: Mark live objects 88.167ms
[99.384s][info][gc,phases,start] GC(559) Phase 2: Compute new object addresses
[99.408s][info][gc,phases      ] GC(559) Phase 2: Compute new object addresses 24.253ms
[99.408s][info][gc,phases,start] GC(559) Phase 3: Adjust pointers
[99.450s][info][gc,phases      ] GC(559) Phase 3: Adjust pointers 42.431ms
[99.450s][info][gc,phases,start] GC(559) Phase 4: Move objects
[99.455s][info][gc,phases      ] GC(559) Phase 4: Move objects 4.335ms
[99.455s][info][gc,heap        ] GC(559) DefNew: 143725K(314560K)->0K(314560K) Eden: 116332K(279616K)->0K(279616K) From: 27393K(34944K)->0K(34944K)
[99.455s][info][gc,heap        ] GC(559) Tenured: 79232K(699072K)->76401K(699072K)
[99.455s][info][gc,metaspace   ] GC(559) Metaspace: 141399K(143296K)->141372K(143232K) NonClass: 124008K(124992K)->123986K(124928K) Class: 17390K(18304K)->17386K(18304K)
[99.455s][info][gc             ] GC(559) Pause Full (System.gc()) 217M->74M(989M) 160.148ms
[99.455s][info][gc,cpu         ] GC(559) User=0.16s Sys=0.00s Real=0.16s
[99.652s][info][gc,start       ] GC(560) Pause Young (Allocation Failure)
[99.658s][info][gc,heap        ] GC(560) DefNew: 279616K(314560K)->2144K(314560K) Eden: 279616K(279616K)->0K(279616K) From: 0K(34944K)->2144K(34944K)
[99.658s][info][gc,heap        ] GC(560) Tenured: 76401K(699072K)->76401K(699072K)
[99.658s][info][gc,metaspace   ] GC(560) Metaspace: 141401K(143296K)->141401K(143296K) NonClass: 124010K(124992K)->124010K(124992K) Class: 17390K(18304K)->17390K(18304K)
[99.658s][info][gc             ] GC(560) Pause Young (Allocation Failure) 347M->76M(989M) 5.745ms
[99.658s][info][gc,cpu         ] GC(560) User=0.00s Sys=0.00s Real=0.02s
[99.741s][info][gc,start       ] GC(561) Pause Young (Allocation Failure)
[99.746s][info][gc,heap        ] GC(561) DefNew: 281760K(314560K)->3434K(314560K) Eden: 279616K(279616K)->0K(279616K) From: 2144K(34944K)->3434K(34944K)
[99.746s][info][gc,heap        ] GC(561) Tenured: 76401K(699072K)->76401K(699072K)
[99.746s][info][gc,metaspace   ] GC(561) Metaspace: 141401K(143296K)->141401K(143296K) NonClass: 124010K(124992K)->124010K(124992K) Class: 17390K(18304K)->17390K(18304K)
[99.746s][info][gc             ] GC(561) Pause Young (Allocation Failure) 349M->77M(989M) 5.580ms
[99.746s][info][gc,cpu         ] GC(561) User=0.00s Sys=0.00s Real=0.00s
[99.814s][info][gc,start       ] GC(562) Pause Young (Allocation Failure)
[99.818s][info][gc,heap        ] GC(562) DefNew: 283050K(314560K)->2518K(314560K) Eden: 279616K(279616K)->0K(279616K) From: 3434K(34944K)->2518K(34944K)
[99.818s][info][gc,heap        ] GC(562) Tenured: 76401K(699072K)->76401K(699072K)
[99.818s][info][gc,metaspace   ] GC(562) Metaspace: 141401K(143296K)->141401K(143296K) NonClass: 124010K(124992K)->124010K(124992K) Class: 17390K(18304K)->17390K(18304K)
[99.818s][info][gc             ] GC(562) Pause Young (Allocation Failure) 351M->77M(989M) 4.064ms
[99.818s][info][gc,cpu         ] GC(562) User=0.00s Sys=0.00s Real=0.02s
[99.927s][info][gc,start       ] GC(563) Pause Young (Allocation Failure)
[99.930s][info][gc,heap        ] GC(563) DefNew: 282134K(314560K)->1499K(314560K) Eden: 279616K(279616K)->0K(279616K) From: 2518K(34944K)->1499K(34944K)
[99.930s][info][gc,heap        ] GC(563) Tenured: 76401K(699072K)->76401K(699072K)
[99.930s][info][gc,metaspace   ] GC(563) Metaspace: 141401K(143296K)->141401K(143296K) NonClass: 124010K(124992K)->124010K(124992K) Class: 17390K(18304K)->17390K(18304K)
[99.930s][info][gc             ] GC(563) Pause Young (Allocation Failure) 350M->76M(989M) 2.901ms
[99.930s][info][gc,cpu         ] GC(563) User=0.00s Sys=0.00s Real=0.00s
[100.045s][info][gc,start       ] GC(564) Pause Young (Allocation Failure)
[100.058s][info][gc,heap        ] GC(564) DefNew: 281115K(314560K)->27847K(314560K) Eden: 279616K(279616K)->0K(279616K) From: 1499K(34944K)->27847K(34944K)
[100.058s][info][gc,heap        ] GC(564) Tenured: 76401K(699072K)->76401K(699072K)
[100.058s][info][gc,metaspace   ] GC(564) Metaspace: 141401K(143296K)->141401K(143296K) NonClass: 124010K(124992K)->124010K(124992K) Class: 17390K(18304K)->17390K(18304K)
[100.058s][info][gc             ] GC(564) Pause Young (Allocation Failure) 349M->101M(989M) 12.519ms
[100.058s][info][gc,cpu         ] GC(564) User=0.00s Sys=0.00s Real=0.02s
[100.173s][info][gc,start       ] GC(565) Pause Full (System.gc())
[100.173s][info][gc,phases,start] GC(565) Phase 1: Mark live objects
[100.260s][info][gc,phases      ] GC(565) Phase 1: Mark live objects 87.780ms
[100.260s][info][gc,phases,start] GC(565) Phase 2: Compute new object addresses
[100.284s][info][gc,phases      ] GC(565) Phase 2: Compute new object addresses 23.497ms
[100.284s][info][gc,phases,start] GC(565) Phase 3: Adjust pointers
[100.326s][info][gc,phases      ] GC(565) Phase 3: Adjust pointers 41.600ms
[100.326s][info][gc,phases,start] GC(565) Phase 4: Move objects
[100.326s][info][gc,phases      ] GC(565) Phase 4: Move objects 0.122ms
[100.326s][info][gc,heap        ] GC(565) DefNew: 139528K(314560K)->0K(314560K) Eden: 111681K(279616K)->0K(279616K) From: 27847K(34944K)->0K(34944K)
[100.326s][info][gc,heap        ] GC(565) Tenured: 76401K(699072K)->77236K(699072K)
[100.326s][info][gc,metaspace   ] GC(565) Metaspace: 141401K(143296K)->141375K(143232K) NonClass: 124010K(124992K)->123988K(124928K) Class: 17390K(18304K)->17386K(18304K)
[100.326s][info][gc             ] GC(565) Pause Full (System.gc()) 210M->75M(989M) 153.753ms
[100.326s][info][gc,cpu         ] GC(565) User=0.12s Sys=0.00s Real=0.14s
[100.524s][info][gc,start       ] GC(566) Pause Young (Allocation Failure)
[100.529s][info][gc,heap        ] GC(566) DefNew: 279616K(314560K)->2127K(314560K) Eden: 279616K(279616K)->0K(279616K) From: 0K(34944K)->2127K(34944K)
[100.529s][info][gc,heap        ] GC(566) Tenured: 77236K(699072K)->77236K(699072K)
[100.529s][info][gc,metaspace   ] GC(566) Metaspace: 141407K(143296K)->141407K(143296K) NonClass: 124016K(124992K)->124016K(124992K) Class: 17390K(18304K)->17390K(18304K)
[100.529s][info][gc             ] GC(566) Pause Young (Allocation Failure) 348M->77M(989M) 5.673ms
[100.529s][info][gc,cpu         ] GC(566) User=0.00s Sys=0.00s Real=0.02s
[100.612s][info][gc,start       ] GC(567) Pause Young (Allocation Failure)
[100.617s][info][gc,heap        ] GC(567) DefNew: 281743K(314560K)->3430K(314560K) Eden: 279616K(279616K)->0K(279616K) From: 2127K(34944K)->3430K(34944K)
[100.617s][info][gc,heap        ] GC(567) Tenured: 77236K(699072K)->77236K(699072K)
[100.617s][info][gc,metaspace   ] GC(567) Metaspace: 141407K(143296K)->141407K(143296K) NonClass: 124016K(124992K)->124016K(124992K) Class: 17390K(18304K)->17390K(18304K)
[100.617s][info][gc             ] GC(567) Pause Young (Allocation Failure) 350M->78M(989M) 5.694ms
[100.617s][info][gc,cpu         ] GC(567) User=0.00s Sys=0.00s Real=0.00s
[100.686s][info][gc,start       ] GC(568) Pause Young (Allocation Failure)
[100.689s][info][gc,heap        ] GC(568) DefNew: 283046K(314560K)->3124K(314560K) Eden: 279616K(279616K)->0K(279616K) From: 3430K(34944K)->3124K(34944K)
[100.689s][info][gc,heap        ] GC(568) Tenured: 77236K(699072K)->77236K(699072K)
[100.689s][info][gc,metaspace   ] GC(568) Metaspace: 141407K(143296K)->141407K(143296K) NonClass: 124016K(124992K)->124016K(124992K) Class: 17390K(18304K)->17390K(18304K)
[100.689s][info][gc             ] GC(568) Pause Young (Allocation Failure) 351M->78M(989M) 3.834ms
[100.689s][info][gc,cpu         ] GC(568) User=0.00s Sys=0.00s Real=0.00s
[100.802s][info][gc,start       ] GC(569) Pause Young (Allocation Failure)
[100.805s][info][gc,heap        ] GC(569) DefNew: 282174K(314560K)->2500K(314560K) Eden: 279050K(279616K)->0K(279616K) From: 3124K(34944K)->2500K(34944K)
[100.805s][info][gc,heap        ] GC(569) Tenured: 77236K(699072K)->77236K(699072K)
[100.805s][info][gc,metaspace   ] GC(569) Metaspace: 141407K(143296K)->141407K(143296K) NonClass: 124016K(124992K)->124016K(124992K) Class: 17390K(18304K)->17390K(18304K)
[100.806s][info][gc             ] GC(569) Pause Young (Allocation Failure) 350M->77M(989M) 3.768ms
[100.806s][info][gc,cpu         ] GC(569) User=0.00s Sys=0.00s Real=0.00s
[100.919s][info][gc,start       ] GC(570) Pause Young (Allocation Failure)
[100.932s][info][gc,heap        ] GC(570) DefNew: 282116K(314560K)->27520K(314560K) Eden: 279616K(279616K)->0K(279616K) From: 2500K(34944K)->27520K(34944K)
[100.932s][info][gc,heap        ] GC(570) Tenured: 77236K(699072K)->77236K(699072K)
[100.932s][info][gc,metaspace   ] GC(570) Metaspace: 141407K(143296K)->141407K(143296K) NonClass: 124016K(124992K)->124016K(124992K) Class: 17390K(18304K)->17390K(18304K)
[100.932s][info][gc             ] GC(570) Pause Young (Allocation Failure) 350M->102M(989M) 13.035ms
[100.932s][info][gc,cpu         ] GC(570) User=0.00s Sys=0.00s Real=0.02s
[101.048s][info][gc,start       ] GC(571) Pause Full (System.gc())
[101.048s][info][gc,phases,start] GC(571) Phase 1: Mark live objects
[101.136s][info][gc,phases      ] GC(571) Phase 1: Mark live objects 88.285ms
[101.137s][info][gc,phases,start] GC(571) Phase 2: Compute new object addresses
[101.161s][info][gc,phases      ] GC(571) Phase 2: Compute new object addresses 24.040ms
[101.161s][info][gc,phases,start] GC(571) Phase 3: Adjust pointers
[101.202s][info][gc,phases      ] GC(571) Phase 3: Adjust pointers 41.649ms
[101.202s][info][gc,phases,start] GC(571) Phase 4: Move objects
[101.202s][info][gc,phases      ] GC(571) Phase 4: Move objects 0.118ms
[101.203s][info][gc,heap        ] GC(571) DefNew: 142118K(314560K)->0K(314560K) Eden: 114598K(279616K)->0K(279616K) From: 27520K(34944K)->0K(34944K)
[101.203s][info][gc,heap        ] GC(571) Tenured: 77236K(699072K)->78065K(699072K)
[101.203s][info][gc,metaspace   ] GC(571) Metaspace: 141408K(143296K)->141382K(143296K) NonClass: 124017K(124992K)->123995K(124992K) Class: 17390K(18304K)->17386K(18304K)
[101.203s][info][gc             ] GC(571) Pause Full (System.gc()) 214M->76M(989M) 154.860ms
[101.203s][info][gc,cpu         ] GC(571) User=0.16s Sys=0.00s Real=0.16s
[101.395s][info][gc,start       ] GC(572) Pause Young (Allocation Failure)
[101.399s][info][gc,heap        ] GC(572) DefNew: 279616K(314560K)->1919K(314560K) Eden: 279616K(279616K)->0K(279616K) From: 0K(34944K)->1919K(34944K)
[101.399s][info][gc,heap        ] GC(572) Tenured: 78065K(699072K)->78065K(699072K)
[101.399s][info][gc,metaspace   ] GC(572) Metaspace: 141412K(143296K)->141412K(143296K) NonClass: 124021K(124992K)->124021K(124992K) Class: 17390K(18304K)->17390K(18304K)
[101.400s][info][gc             ] GC(572) Pause Young (Allocation Failure) 349M->78M(989M) 4.724ms
[101.400s][info][gc,cpu         ] GC(572) User=0.00s Sys=0.00s Real=0.02s
[101.483s][info][gc,start       ] GC(573) Pause Young (Allocation Failure)
[101.489s][info][gc,heap        ] GC(573) DefNew: 281535K(314560K)->3447K(314560K) Eden: 279616K(279616K)->0K(279616K) From: 1919K(34944K)->3447K(34944K)
[101.489s][info][gc,heap        ] GC(573) Tenured: 78065K(699072K)->78065K(699072K)
[101.489s][info][gc,metaspace   ] GC(573) Metaspace: 141412K(143296K)->141412K(143296K) NonClass: 124021K(124992K)->124021K(124992K) Class: 17390K(18304K)->17390K(18304K)
[101.489s][info][gc             ] GC(573) Pause Young (Allocation Failure) 351M->79M(989M) 6.175ms
[101.489s][info][gc,cpu         ] GC(573) User=0.00s Sys=0.00s Real=0.00s
[101.554s][info][gc,start       ] GC(574) Pause Young (Allocation Failure)
[101.558s][info][gc,heap        ] GC(574) DefNew: 283063K(314560K)->2512K(314560K) Eden: 279616K(279616K)->0K(279616K) From: 3447K(34944K)->2512K(34944K)
[101.558s][info][gc,heap        ] GC(574) Tenured: 78065K(699072K)->78065K(699072K)
[101.558s][info][gc,metaspace   ] GC(574) Metaspace: 141412K(143296K)->141412K(143296K) NonClass: 124021K(124992K)->124021K(124992K) Class: 17390K(18304K)->17390K(18304K)
[101.558s][info][gc             ] GC(574) Pause Young (Allocation Failure) 352M->78M(989M) 3.566ms
[101.558s][info][gc,cpu         ] GC(574) User=0.00s Sys=0.00s Real=0.02s
[101.673s][info][gc,start       ] GC(575) Pause Young (Allocation Failure)
[101.676s][info][gc,heap        ] GC(575) DefNew: 282128K(314560K)->1411K(314560K) Eden: 279616K(279616K)->0K(279616K) From: 2512K(34944K)->1411K(34944K)
[101.676s][info][gc,heap        ] GC(575) Tenured: 78065K(699072K)->78065K(699072K)
[101.676s][info][gc,metaspace   ] GC(575) Metaspace: 141412K(143296K)->141412K(143296K) NonClass: 124021K(124992K)->124021K(124992K) Class: 17390K(18304K)->17390K(18304K)
[101.676s][info][gc             ] GC(575) Pause Young (Allocation Failure) 351M->77M(989M) 3.265ms
[101.676s][info][gc,cpu         ] GC(575) User=0.00s Sys=0.00s Real=0.02s
[101.790s][info][gc,start       ] GC(576) Pause Young (Allocation Failure)
[101.802s][info][gc,heap        ] GC(576) DefNew: 281027K(314560K)->27617K(314560K) Eden: 279616K(279616K)->0K(279616K) From: 1411K(34944K)->27617K(34944K)
[101.803s][info][gc,heap        ] GC(576) Tenured: 78065K(699072K)->78065K(699072K)
[101.803s][info][gc,metaspace   ] GC(576) Metaspace: 141412K(143296K)->141412K(143296K) NonClass: 124021K(124992K)->124021K(124992K) Class: 17390K(18304K)->17390K(18304K)
[101.803s][info][gc             ] GC(576) Pause Young (Allocation Failure) 350M->103M(989M) 12.285ms
[101.803s][info][gc,cpu         ] GC(576) User=0.02s Sys=0.00s Real=0.02s
[101.922s][info][gc,start       ] GC(577) Pause Full (System.gc())
[101.922s][info][gc,phases,start] GC(577) Phase 1: Mark live objects
[102.009s][info][gc,phases      ] GC(577) Phase 1: Mark live objects 87.295ms
[102.009s][info][gc,phases,start] GC(577) Phase 2: Compute new object addresses
[102.033s][info][gc,phases      ] GC(577) Phase 2: Compute new object addresses 23.910ms
[102.033s][info][gc,phases,start] GC(577) Phase 3: Adjust pointers
[102.075s][info][gc,phases      ] GC(577) Phase 3: Adjust pointers 41.660ms
[102.075s][info][gc,phases,start] GC(577) Phase 4: Move objects
[102.075s][info][gc,phases      ] GC(577) Phase 4: Move objects 0.120ms
[102.075s][info][gc,heap        ] GC(577) DefNew: 141030K(314560K)->0K(314560K) Eden: 113412K(279616K)->0K(279616K) From: 27617K(34944K)->0K(34944K)
[102.075s][info][gc,heap        ] GC(577) Tenured: 78065K(699072K)->78894K(699072K)
[102.075s][info][gc,metaspace   ] GC(577) Metaspace: 141412K(143296K)->141386K(143296K) NonClass: 124021K(124992K)->123999K(124992K) Class: 17390K(18304K)->17386K(18304K)
[102.075s][info][gc             ] GC(577) Pause Full (System.gc()) 213M->77M(989M) 153.733ms
[102.075s][info][gc,cpu         ] GC(577) User=0.14s Sys=0.00s Real=0.14s
[102.277s][info][gc,start       ] GC(578) Pause Young (Allocation Failure)
[102.282s][info][gc,heap        ] GC(578) DefNew: 279616K(314560K)->2137K(314560K) Eden: 279616K(279616K)->0K(279616K) From: 0K(34944K)->2137K(34944K)
[102.282s][info][gc,heap        ] GC(578) Tenured: 78894K(699072K)->78894K(699072K)
[102.282s][info][gc,metaspace   ] GC(578) Metaspace: 141525K(143424K)->141525K(143424K) NonClass: 124135K(125120K)->124135K(125120K) Class: 17390K(18304K)->17390K(18304K)
[102.282s][info][gc             ] GC(578) Pause Young (Allocation Failure) 350M->79M(989M) 5.325ms
[102.282s][info][gc,cpu         ] GC(578) User=0.00s Sys=0.00s Real=0.00s
[102.366s][info][gc,start       ] GC(579) Pause Young (Allocation Failure)
[102.371s][info][gc,heap        ] GC(579) DefNew: 281753K(314560K)->3435K(314560K) Eden: 279616K(279616K)->0K(279616K) From: 2137K(34944K)->3435K(34944K)
[102.371s][info][gc,heap        ] GC(579) Tenured: 78894K(699072K)->78894K(699072K)
[102.371s][info][gc,metaspace   ] GC(579) Metaspace: 141525K(143424K)->141525K(143424K) NonClass: 124135K(125120K)->124135K(125120K) Class: 17390K(18304K)->17390K(18304K)
[102.371s][info][gc             ] GC(579) Pause Young (Allocation Failure) 352M->80M(989M) 5.854ms
[102.371s][info][gc,cpu         ] GC(579) User=0.00s Sys=0.00s Real=0.00s
[102.434s][info][gc,start       ] GC(580) Pause Young (Allocation Failure)
[102.437s][info][gc,heap        ] GC(580) DefNew: 283051K(314560K)->2511K(314560K) Eden: 279616K(279616K)->0K(279616K) From: 3435K(34944K)->2511K(34944K)
[102.437s][info][gc,heap        ] GC(580) Tenured: 78894K(699072K)->78894K(699072K)
[102.437s][info][gc,metaspace   ] GC(580) Metaspace: 141525K(143424K)->141525K(143424K) NonClass: 124135K(125120K)->124135K(125120K) Class: 17390K(18304K)->17390K(18304K)
[102.437s][info][gc             ] GC(580) Pause Young (Allocation Failure) 353M->79M(989M) 3.492ms
[102.437s][info][gc,cpu         ] GC(580) User=0.00s Sys=0.00s Real=0.00s
[102.550s][info][gc,start       ] GC(581) Pause Young (Allocation Failure)
[102.555s][info][gc,heap        ] GC(581) DefNew: 282127K(314560K)->3449K(314560K) Eden: 279616K(279616K)->0K(279616K) From: 2511K(34944K)->3449K(34944K)
[102.555s][info][gc,heap        ] GC(581) Tenured: 78894K(699072K)->78894K(699072K)
[102.555s][info][gc,metaspace   ] GC(581) Metaspace: 141525K(143424K)->141525K(143424K) NonClass: 124135K(125120K)->124135K(125120K) Class: 17390K(18304K)->17390K(18304K)
[102.555s][info][gc             ] GC(581) Pause Young (Allocation Failure) 352M->80M(989M) 4.418ms
[102.555s][info][gc,cpu         ] GC(581) User=0.00s Sys=0.00s Real=0.02s
[102.668s][info][gc,start       ] GC(582) Pause Young (Allocation Failure)
[102.681s][info][gc,heap        ] GC(582) DefNew: 283065K(314560K)->27552K(314560K) Eden: 279616K(279616K)->0K(279616K) From: 3449K(34944K)->27552K(34944K)
[102.681s][info][gc,heap        ] GC(582) Tenured: 78894K(699072K)->78894K(699072K)
[102.681s][info][gc,metaspace   ] GC(582) Metaspace: 141529K(143424K)->141529K(143424K) NonClass: 124138K(125120K)->124138K(125120K) Class: 17390K(18304K)->17390K(18304K)
[102.681s][info][gc             ] GC(582) Pause Young (Allocation Failure) 353M->103M(989M) 12.757ms
[102.681s][info][gc,cpu         ] GC(582) User=0.00s Sys=0.00s Real=0.02s
[102.801s][info][gc,start       ] GC(583) Pause Full (System.gc())
[102.801s][info][gc,phases,start] GC(583) Phase 1: Mark live objects
[102.889s][info][gc,phases      ] GC(583) Phase 1: Mark live objects 88.295ms
[102.889s][info][gc,phases,start] GC(583) Phase 2: Compute new object addresses
[102.913s][info][gc,phases      ] GC(583) Phase 2: Compute new object addresses 23.957ms
[102.913s][info][gc,phases,start] GC(583) Phase 3: Adjust pointers
[102.956s][info][gc,phases      ] GC(583) Phase 3: Adjust pointers 42.620ms
[102.956s][info][gc,phases,start] GC(583) Phase 4: Move objects
[102.960s][info][gc,phases      ] GC(583) Phase 4: Move objects 4.288ms
[102.961s][info][gc,heap        ] GC(583) DefNew: 141910K(314560K)->0K(314560K) Eden: 114357K(279616K)->0K(279616K) From: 27552K(34944K)->0K(34944K)
[102.961s][info][gc,heap        ] GC(583) Tenured: 78894K(699072K)->76841K(699072K)
[102.961s][info][gc,metaspace   ] GC(583) Metaspace: 141547K(143424K)->141520K(143424K) NonClass: 124156K(125120K)->124133K(125120K) Class: 17390K(18304K)->17386K(18304K)
[102.961s][info][gc             ] GC(583) Pause Full (System.gc()) 215M->75M(989M) 160.088ms
[102.961s][info][gc,cpu         ] GC(583) User=0.16s Sys=0.00s Real=0.16s
[103.156s][info][gc,start       ] GC(584) Pause Young (Allocation Failure)
[103.161s][info][gc,heap        ] GC(584) DefNew: 279616K(314560K)->1928K(314560K) Eden: 279616K(279616K)->0K(279616K) From: 0K(34944K)->1928K(34944K)
[103.161s][info][gc,heap        ] GC(584) Tenured: 76841K(699072K)->76841K(699072K)
[103.161s][info][gc,metaspace   ] GC(584) Metaspace: 141550K(143424K)->141550K(143424K) NonClass: 124159K(125120K)->124159K(125120K) Class: 17390K(18304K)->17390K(18304K)
[103.161s][info][gc             ] GC(584) Pause Young (Allocation Failure) 348M->76M(989M) 4.757ms
[103.161s][info][gc,cpu         ] GC(584) User=0.02s Sys=0.00s Real=0.02s
[103.245s][info][gc,start       ] GC(585) Pause Young (Allocation Failure)
[103.250s][info][gc,heap        ] GC(585) DefNew: 281544K(314560K)->3431K(314560K) Eden: 279616K(279616K)->0K(279616K) From: 1928K(34944K)->3431K(34944K)
[103.250s][info][gc,heap        ] GC(585) Tenured: 76841K(699072K)->76841K(699072K)
[103.250s][info][gc,metaspace   ] GC(585) Metaspace: 141550K(143424K)->141550K(143424K) NonClass: 124159K(125120K)->124159K(125120K) Class: 17390K(18304K)->17390K(18304K)
[103.250s][info][gc             ] GC(585) Pause Young (Allocation Failure) 349M->78M(989M) 5.955ms
[103.250s][info][gc,cpu         ] GC(585) User=0.00s Sys=0.00s Real=0.00s
[103.315s][info][gc,start       ] GC(586) Pause Young (Allocation Failure)
[103.319s][info][gc,heap        ] GC(586) DefNew: 283047K(314560K)->3131K(314560K) Eden: 279616K(279616K)->0K(279616K) From: 3431K(34944K)->3131K(34944K)
[103.319s][info][gc,heap        ] GC(586) Tenured: 76841K(699072K)->76841K(699072K)
[103.319s][info][gc,metaspace   ] GC(586) Metaspace: 141550K(143424K)->141550K(143424K) NonClass: 124159K(125120K)->124159K(125120K) Class: 17390K(18304K)->17390K(18304K)
[103.319s][info][gc             ] GC(586) Pause Young (Allocation Failure) 351M->78M(989M) 4.313ms
[103.319s][info][gc,cpu         ] GC(586) User=0.00s Sys=0.00s Real=0.00s
[103.435s][info][gc,start       ] GC(587) Pause Young (Allocation Failure)
[103.438s][info][gc,heap        ] GC(587) DefNew: 282747K(314560K)->2385K(314560K) Eden: 279616K(279616K)->0K(279616K) From: 3131K(34944K)->2385K(34944K)
[103.438s][info][gc,heap        ] GC(587) Tenured: 76841K(699072K)->76841K(699072K)
[103.438s][info][gc,metaspace   ] GC(587) Metaspace: 141550K(143424K)->141550K(143424K) NonClass: 124159K(125120K)->124159K(125120K) Class: 17390K(18304K)->17390K(18304K)
[103.438s][info][gc             ] GC(587) Pause Young (Allocation Failure) 351M->77M(989M) 3.207ms
[103.438s][info][gc,cpu         ] GC(587) User=0.00s Sys=0.00s Real=0.00s
[103.550s][info][gc,start       ] GC(588) Pause Young (Allocation Failure)
[103.563s][info][gc,heap        ] GC(588) DefNew: 282001K(314560K)->27587K(314560K) Eden: 279616K(279616K)->0K(279616K) From: 2385K(34944K)->27587K(34944K)
[103.563s][info][gc,heap        ] GC(588) Tenured: 76841K(699072K)->76841K(699072K)
[103.563s][info][gc,metaspace   ] GC(588) Metaspace: 141550K(143424K)->141550K(143424K) NonClass: 124159K(125120K)->124159K(125120K) Class: 17390K(18304K)->17390K(18304K)
[103.563s][info][gc             ] GC(588) Pause Young (Allocation Failure) 350M->101M(989M) 12.418ms
[103.563s][info][gc,cpu         ] GC(588) User=0.02s Sys=0.00s Real=0.02s
[103.680s][info][gc,start       ] GC(589) Pause Full (System.gc())
[103.680s][info][gc,phases,start] GC(589) Phase 1: Mark live objects
[103.768s][info][gc,phases      ] GC(589) Phase 1: Mark live objects 87.874ms
[103.768s][info][gc,phases,start] GC(589) Phase 2: Compute new object addresses
[103.792s][info][gc,phases      ] GC(589) Phase 2: Compute new object addresses 24.011ms
[103.792s][info][gc,phases,start] GC(589) Phase 3: Adjust pointers
[103.834s][info][gc,phases      ] GC(589) Phase 3: Adjust pointers 41.952ms
[103.834s][info][gc,phases,start] GC(589) Phase 4: Move objects
[103.834s][info][gc,phases      ] GC(589) Phase 4: Move objects 0.124ms
[103.835s][info][gc,heap        ] GC(589) DefNew: 141900K(314560K)->0K(314560K) Eden: 114313K(279616K)->0K(279616K) From: 27587K(34944K)->0K(34944K)
[103.835s][info][gc,heap        ] GC(589) Tenured: 76841K(699072K)->77676K(699072K)
[103.835s][info][gc,metaspace   ] GC(589) Metaspace: 141550K(143424K)->141524K(143424K) NonClass: 124159K(125120K)->124137K(125120K) Class: 17390K(18304K)->17386K(18304K)
[103.835s][info][gc             ] GC(589) Pause Full (System.gc()) 213M->75M(989M) 154.737ms
[103.835s][info][gc,cpu         ] GC(589) User=0.14s Sys=0.00s Real=0.16s
[104.029s][info][gc,start       ] GC(590) Pause Young (Allocation Failure)
[104.034s][info][gc,heap        ] GC(590) DefNew: 279616K(314560K)->2132K(314560K) Eden: 279616K(279616K)->0K(279616K) From: 0K(34944K)->2132K(34944K)
[104.034s][info][gc,heap        ] GC(590) Tenured: 77676K(699072K)->77676K(699072K)
[104.034s][info][gc,metaspace   ] GC(590) Metaspace: 141553K(143424K)->141553K(143424K) NonClass: 124162K(125120K)->124162K(125120K) Class: 17390K(18304K)->17390K(18304K)
[104.034s][info][gc             ] GC(590) Pause Young (Allocation Failure) 348M->77M(989M) 5.235ms
[104.034s][info][gc,cpu         ] GC(590) User=0.00s Sys=0.00s Real=0.02s
[104.119s][info][gc,start       ] GC(591) Pause Young (Allocation Failure)
[104.124s][info][gc,heap        ] GC(591) DefNew: 281748K(314560K)->3430K(314560K) Eden: 279616K(279616K)->0K(279616K) From: 2132K(34944K)->3430K(34944K)
[104.124s][info][gc,heap        ] GC(591) Tenured: 77676K(699072K)->77676K(699072K)
[104.124s][info][gc,metaspace   ] GC(591) Metaspace: 141553K(143424K)->141553K(143424K) NonClass: 124162K(125120K)->124162K(125120K) Class: 17390K(18304K)->17390K(18304K)
[104.124s][info][gc             ] GC(591) Pause Young (Allocation Failure) 351M->79M(989M) 5.583ms
[104.125s][info][gc,cpu         ] GC(591) User=0.00s Sys=0.00s Real=0.00s
[104.190s][info][gc,start       ] GC(592) Pause Young (Allocation Failure)
[104.194s][info][gc,heap        ] GC(592) DefNew: 283046K(314560K)->2559K(314560K) Eden: 279616K(279616K)->0K(279616K) From: 3430K(34944K)->2559K(34944K)
[104.194s][info][gc,heap        ] GC(592) Tenured: 77676K(699072K)->77676K(699072K)
[104.194s][info][gc,metaspace   ] GC(592) Metaspace: 141553K(143424K)->141553K(143424K) NonClass: 124162K(125120K)->124162K(125120K) Class: 17390K(18304K)->17390K(18304K)
[104.194s][info][gc             ] GC(592) Pause Young (Allocation Failure) 352M->78M(989M) 3.627ms
[104.194s][info][gc,cpu         ] GC(592) User=0.00s Sys=0.00s Real=0.02s
[104.312s][info][gc,start       ] GC(593) Pause Young (Allocation Failure)
[104.315s][info][gc,heap        ] GC(593) DefNew: 282175K(314560K)->1484K(314560K) Eden: 279616K(279616K)->0K(279616K) From: 2559K(34944K)->1484K(34944K)
[104.315s][info][gc,heap        ] GC(593) Tenured: 77676K(699072K)->77676K(699072K)
[104.315s][info][gc,metaspace   ] GC(593) Metaspace: 141553K(143424K)->141553K(143424K) NonClass: 124162K(125120K)->124162K(125120K) Class: 17390K(18304K)->17390K(18304K)
[104.315s][info][gc             ] GC(593) Pause Young (Allocation Failure) 351M->77M(989M) 3.521ms
[104.315s][info][gc,cpu         ] GC(593) User=0.00s Sys=0.00s Real=0.00s
[104.431s][info][gc,start       ] GC(594) Pause Young (Allocation Failure)
[104.446s][info][gc,heap        ] GC(594) DefNew: 281100K(314560K)->27625K(314560K) Eden: 279616K(279616K)->0K(279616K) From: 1484K(34944K)->27625K(34944K)
[104.446s][info][gc,heap        ] GC(594) Tenured: 77676K(699072K)->77676K(699072K)
[104.446s][info][gc,metaspace   ] GC(594) Metaspace: 141557K(143424K)->141557K(143424K) NonClass: 124166K(125120K)->124166K(125120K) Class: 17390K(18304K)->17390K(18304K)
[104.446s][info][gc             ] GC(594) Pause Young (Allocation Failure) 350M->102M(989M) 14.768ms
[104.446s][info][gc,cpu         ] GC(594) User=0.03s Sys=0.00s Real=0.01s
[104.565s][info][gc,start       ] GC(595) Pause Full (System.gc())
[104.565s][info][gc,phases,start] GC(595) Phase 1: Mark live objects
[104.654s][info][gc,phases      ] GC(595) Phase 1: Mark live objects 88.713ms
[104.654s][info][gc,phases,start] GC(595) Phase 2: Compute new object addresses
[104.678s][info][gc,phases      ] GC(595) Phase 2: Compute new object addresses 24.134ms
[104.678s][info][gc,phases,start] GC(595) Phase 3: Adjust pointers
[104.720s][info][gc,phases      ] GC(595) Phase 3: Adjust pointers 42.139ms
[104.720s][info][gc,phases,start] GC(595) Phase 4: Move objects
[104.720s][info][gc,phases      ] GC(595) Phase 4: Move objects 0.126ms
[104.721s][info][gc,heap        ] GC(595) DefNew: 141701K(314560K)->0K(314560K) Eden: 114076K(279616K)->0K(279616K) From: 27625K(34944K)->0K(34944K)
[104.721s][info][gc,heap        ] GC(595) Tenured: 77676K(699072K)->78501K(699072K)
[104.721s][info][gc,metaspace   ] GC(595) Metaspace: 141557K(143424K)->141530K(143424K) NonClass: 124166K(125120K)->124144K(125120K) Class: 17390K(18304K)->17386K(18304K)
[104.721s][info][gc             ] GC(595) Pause Full (System.gc()) 214M->76M(989M) 155.883ms
[104.721s][info][gc,cpu         ] GC(595) User=0.16s Sys=0.00s Real=0.16s
[104.914s][info][gc,start       ] GC(596) Pause Young (Allocation Failure)
[104.919s][info][gc,heap        ] GC(596) DefNew: 279616K(314560K)->2128K(314560K) Eden: 279616K(279616K)->0K(279616K) From: 0K(34944K)->2128K(34944K)
[104.919s][info][gc,heap        ] GC(596) Tenured: 78501K(699072K)->78501K(699072K)
[104.919s][info][gc,metaspace   ] GC(596) Metaspace: 141561K(143424K)->141561K(143424K) NonClass: 124170K(125120K)->124170K(125120K) Class: 17390K(18304K)->17390K(18304K)
[104.919s][info][gc             ] GC(596) Pause Young (Allocation Failure) 349M->78M(989M) 5.339ms
[104.919s][info][gc,cpu         ] GC(596) User=0.00s Sys=0.00s Real=0.01s
[105.002s][info][gc,start       ] GC(597) Pause Young (Allocation Failure)
[105.007s][info][gc,heap        ] GC(597) DefNew: 281744K(314560K)->3421K(314560K) Eden: 279616K(279616K)->0K(279616K) From: 2128K(34944K)->3421K(34944K)
[105.007s][info][gc,heap        ] GC(597) Tenured: 78501K(699072K)->78501K(699072K)
[105.007s][info][gc,metaspace   ] GC(597) Metaspace: 141561K(143424K)->141561K(143424K) NonClass: 124170K(125120K)->124170K(125120K) Class: 17390K(18304K)->17390K(18304K)
[105.007s][info][gc             ] GC(597) Pause Young (Allocation Failure) 351M->80M(989M) 5.454ms
[105.007s][info][gc,cpu         ] GC(597) User=0.00s Sys=0.00s Real=0.00s
[105.073s][info][gc,start       ] GC(598) Pause Young (Allocation Failure)
[105.077s][info][gc,heap        ] GC(598) DefNew: 283037K(314560K)->3234K(314560K) Eden: 279616K(279616K)->0K(279616K) From: 3421K(34944K)->3234K(34944K)
[105.077s][info][gc,heap        ] GC(598) Tenured: 78501K(699072K)->78501K(699072K)
[105.077s][info][gc,metaspace   ] GC(598) Metaspace: 141561K(143424K)->141561K(143424K) NonClass: 124170K(125120K)->124170K(125120K) Class: 17390K(18304K)->17390K(18304K)
[105.077s][info][gc             ] GC(598) Pause Young (Allocation Failure) 353M->79M(989M) 4.412ms
[105.077s][info][gc,cpu         ] GC(598) User=0.00s Sys=0.00s Real=0.00s
[105.188s][info][gc,start       ] GC(599) Pause Young (Allocation Failure)
[105.191s][info][gc,heap        ] GC(599) DefNew: 282850K(314560K)->1431K(314560K) Eden: 279615K(279616K)->0K(279616K) From: 3234K(34944K)->1431K(34944K)
[105.191s][info][gc,heap        ] GC(599) Tenured: 78501K(699072K)->78501K(699072K)
[105.191s][info][gc,metaspace   ] GC(599) Metaspace: 141561K(143424K)->141561K(143424K) NonClass: 124170K(125120K)->124170K(125120K) Class: 17390K(18304K)->17390K(18304K)
[105.191s][info][gc             ] GC(599) Pause Young (Allocation Failure) 352M->78M(989M) 3.052ms
[105.191s][info][gc,cpu         ] GC(599) User=0.02s Sys=0.00s Real=0.02s
[105.305s][info][gc,start       ] GC(600) Pause Young (Allocation Failure)
[105.317s][info][gc,heap        ] GC(600) DefNew: 281047K(314560K)->27567K(314560K) Eden: 279616K(279616K)->0K(279616K) From: 1431K(34944K)->27567K(34944K)
[105.318s][info][gc,heap        ] GC(600) Tenured: 78501K(699072K)->78501K(699072K)
[105.318s][info][gc,metaspace   ] GC(600) Metaspace: 141561K(143424K)->141561K(143424K) NonClass: 124170K(125120K)->124170K(125120K) Class: 17390K(18304K)->17390K(18304K)
[105.318s][info][gc             ] GC(600) Pause Young (Allocation Failure) 351M->103M(989M) 12.146ms
[105.318s][info][gc,cpu         ] GC(600) User=0.00s Sys=0.00s Real=0.01s
[105.436s][info][gc,start       ] GC(601) Pause Full (System.gc())
[105.436s][info][gc,phases,start] GC(601) Phase 1: Mark live objects
[105.524s][info][gc,phases      ] GC(601) Phase 1: Mark live objects 88.087ms
[105.524s][info][gc,phases,start] GC(601) Phase 2: Compute new object addresses
[105.548s][info][gc,phases      ] GC(601) Phase 2: Compute new object addresses 24.050ms
[105.548s][info][gc,phases,start] GC(601) Phase 3: Adjust pointers
[105.590s][info][gc,phases      ] GC(601) Phase 3: Adjust pointers 41.983ms
[105.590s][info][gc,phases,start] GC(601) Phase 4: Move objects
[105.590s][info][gc,phases      ] GC(601) Phase 4: Move objects 0.154ms
[105.591s][info][gc,heap        ] GC(601) DefNew: 141971K(314560K)->0K(314560K) Eden: 114404K(279616K)->0K(279616K) From: 27567K(34944K)->0K(34944K)
[105.591s][info][gc,heap        ] GC(601) Tenured: 78501K(699072K)->79328K(699072K)
[105.591s][info][gc,metaspace   ] GC(601) Metaspace: 141561K(143424K)->141535K(143424K) NonClass: 124170K(125120K)->124148K(125120K) Class: 17390K(18304K)->17386K(18304K)
[105.591s][info][gc             ] GC(601) Pause Full (System.gc()) 215M->77M(989M) 155.010ms
[105.591s][info][gc,cpu         ] GC(601) User=0.14s Sys=0.00s Real=0.16s
[105.785s][info][gc,start       ] GC(602) Pause Young (Allocation Failure)
[105.791s][info][gc,heap        ] GC(602) DefNew: 279616K(314560K)->2128K(314560K) Eden: 279616K(279616K)->0K(279616K) From: 0K(34944K)->2128K(34944K)
[105.791s][info][gc,heap        ] GC(602) Tenured: 79328K(699072K)->79328K(699072K)
[105.791s][info][gc,metaspace   ] GC(602) Metaspace: 141570K(143424K)->141570K(143424K) NonClass: 124179K(125120K)->124179K(125120K) Class: 17390K(18304K)->17390K(18304K)
[105.791s][info][gc             ] GC(602) Pause Young (Allocation Failure) 350M->79M(989M) 5.415ms
[105.791s][info][gc,cpu         ] GC(602) User=0.00s Sys=0.00s Real=0.02s
[105.874s][info][gc,start       ] GC(603) Pause Young (Allocation Failure)
[105.879s][info][gc,heap        ] GC(603) DefNew: 281744K(314560K)->3436K(314560K) Eden: 279616K(279616K)->0K(279616K) From: 2128K(34944K)->3436K(34944K)
[105.879s][info][gc,heap        ] GC(603) Tenured: 79328K(699072K)->79328K(699072K)
[105.879s][info][gc,metaspace   ] GC(603) Metaspace: 141570K(143424K)->141570K(143424K) NonClass: 124179K(125120K)->124179K(125120K) Class: 17390K(18304K)->17390K(18304K)
[105.879s][info][gc             ] GC(603) Pause Young (Allocation Failure) 352M->80M(989M) 5.522ms
[105.879s][info][gc,cpu         ] GC(603) User=0.00s Sys=0.00s Real=0.00s
[105.943s][info][gc,start       ] GC(604) Pause Young (Allocation Failure)
[105.947s][info][gc,heap        ] GC(604) DefNew: 283052K(314560K)->3121K(314560K) Eden: 279616K(279616K)->0K(279616K) From: 3436K(34944K)->3121K(34944K)
[105.947s][info][gc,heap        ] GC(604) Tenured: 79328K(699072K)->79328K(699072K)
[105.947s][info][gc,metaspace   ] GC(604) Metaspace: 141570K(143424K)->141570K(143424K) NonClass: 124179K(125120K)->124179K(125120K) Class: 17390K(18304K)->17390K(18304K)
[105.947s][info][gc             ] GC(604) Pause Young (Allocation Failure) 353M->80M(989M) 4.077ms
[105.947s][info][gc,cpu         ] GC(604) User=0.00s Sys=0.00s Real=0.00s
[106.061s][info][gc,start       ] GC(605) Pause Young (Allocation Failure)
[106.064s][info][gc,heap        ] GC(605) DefNew: 282737K(314560K)->2378K(314560K) Eden: 279616K(279616K)->0K(279616K) From: 3121K(34944K)->2378K(34944K)
[106.064s][info][gc,heap        ] GC(605) Tenured: 79328K(699072K)->79328K(699072K)
[106.064s][info][gc,metaspace   ] GC(605) Metaspace: 141570K(143424K)->141570K(143424K) NonClass: 124179K(125120K)->124179K(125120K) Class: 17390K(18304K)->17390K(18304K)
[106.064s][info][gc             ] GC(605) Pause Young (Allocation Failure) 353M->79M(989M) 3.143ms
[106.064s][info][gc,cpu         ] GC(605) User=0.00s Sys=0.00s Real=0.00s
[106.179s][info][gc,start       ] GC(606) Pause Young (Allocation Failure)
[106.191s][info][gc,heap        ] GC(606) DefNew: 281994K(314560K)->27619K(314560K) Eden: 279616K(279616K)->0K(279616K) From: 2378K(34944K)->27619K(34944K)
[106.191s][info][gc,heap        ] GC(606) Tenured: 79328K(699072K)->79328K(699072K)
[106.191s][info][gc,metaspace   ] GC(606) Metaspace: 141570K(143424K)->141570K(143424K) NonClass: 124179K(125120K)->124179K(125120K) Class: 17390K(18304K)->17390K(18304K)
[106.191s][info][gc             ] GC(606) Pause Young (Allocation Failure) 352M->104M(989M) 12.765ms
[106.191s][info][gc,cpu         ] GC(606) User=0.00s Sys=0.00s Real=0.02s
[106.389s][info][gc,heap,exit   ] Heap
[106.389s][info][gc,heap,exit   ]  def new generation   total 314560K, used 158135K [0x00000000c0000000, 0x00000000d5550000, 0x00000000d5550000)
[106.389s][info][gc,heap,exit   ]   eden space 279616K,  46% used [0x00000000c0000000, 0x00000000c7f75040, 0x00000000d1110000)
[106.389s][info][gc,heap,exit   ]   from space 34944K,  79% used [0x00000000d1110000, 0x00000000d2c08c10, 0x00000000d3330000)
[106.389s][info][gc,heap,exit   ]   to   space 34944K,   0% used [0x00000000d3330000, 0x00000000d3330000, 0x00000000d5550000)
[106.389s][info][gc,heap,exit   ]  tenured generation   total 699072K, used 79328K [0x00000000d5550000, 0x0000000100000000, 0x0000000100000000)
[106.389s][info][gc,heap,exit   ]    the space 699072K,  11% used [0x00000000d5550000, 0x00000000da2c81a8, 0x00000000da2c8200, 0x0000000100000000)
[106.389s][info][gc,heap,exit   ]  Metaspace       used 142007K, committed 143872K, reserved 1179648K
[106.390s][info][gc,heap,exit   ]   class space    used 17481K, committed 18368K, reserved 1048576K
