[0.008s][info][gc] Using Serial
[0.025s][info][gc,init] Version: 17.0.12+7-adhoc..jdk17u (release)
[0.025s][info][gc,init] CPUs: 6 total, 6 available
[0.025s][info][gc,init] Memory: 15591M
[0.025s][info][gc,init] Large Page Support: Disabled
[0.025s][info][gc,init] NUMA Support: Disabled
[0.025s][info][gc,init] Compressed Oops: Enabled (Zero based)
[0.025s][info][gc,init] Heap Min Capacity: 8G
[0.025s][info][gc,init] Heap Initial Capacity: 8G
[0.025s][info][gc,init] Heap Max Capacity: 8G
[0.025s][info][gc,init] Pre-touch: Disabled
[0.032s][info][gc,metaspace] CDS archive(s) mapped at: [0x0000027200000000-0x0000027200bc0000-0x0000027200bc0000), size 12320768, SharedBaseAddress: 0x0000027200000000, ArchiveRelocationMode: 1.
[0.032s][info][gc,metaspace] Compressed class space mapped at: 0x0000027201000000-0x0000027241000000, reserved size: 1073741824
[0.032s][info][gc,metaspace] Narrow klass base: 0x0000027200000000, Narrow klass shift: 0, Narrow klass range: 0x100000000
[7.407s][info][gc,start    ] GC(0) Pause Full (Metadata GC Threshold)
[7.407s][info][gc,phases,start] GC(0) Phase 1: Mark live objects
[7.418s][info][gc,phases      ] GC(0) Phase 1: Mark live objects 10.745ms
[7.418s][info][gc,phases,start] GC(0) Phase 2: Compute new object addresses
[7.424s][info][gc,phases      ] GC(0) Phase 2: Compute new object addresses 6.490ms
[7.424s][info][gc,phases,start] GC(0) Phase 3: Adjust pointers
[7.430s][info][gc,phases      ] GC(0) Phase 3: Adjust pointers 5.929ms
[7.430s][info][gc,phases,start] GC(0) Phase 4: Move objects
[7.436s][info][gc,phases      ] GC(0) Phase 4: Move objects 5.867ms
[7.437s][info][gc,heap        ] GC(0) DefNew: 179137K(2516544K)->0K(2516544K) Eden: 179137K(2236928K)->0K(2236928K) From: 0K(279616K)->0K(279616K)
[7.437s][info][gc,heap        ] GC(0) Tenured: 0K(5592448K)->18808K(5592448K)
[7.437s][info][gc,metaspace   ] GC(0) Metaspace: 21254K(21504K)->21254K(21504K) NonClass: 18543K(18688K)->18543K(18688K) Class: 2711K(2816K)->2711K(2816K)
[7.437s][info][gc             ] GC(0) Pause Full (Metadata GC Threshold) 174M->18M(7918M) 30.407ms
[7.437s][info][gc,cpu         ] GC(0) User=0.05s Sys=0.00s Real=0.02s
[8.310s][info][gc,start       ] GC(1) Pause Full (Metadata GC Threshold)
[8.310s][info][gc,phases,start] GC(1) Phase 1: Mark live objects
[8.324s][info][gc,phases      ] GC(1) Phase 1: Mark live objects 14.162ms
[8.324s][info][gc,phases,start] GC(1) Phase 2: Compute new object addresses
[8.331s][info][gc,phases      ] GC(1) Phase 2: Compute new object addresses 6.368ms
[8.331s][info][gc,phases,start] GC(1) Phase 3: Adjust pointers
[8.340s][info][gc,phases      ] GC(1) Phase 3: Adjust pointers 8.780ms
[8.340s][info][gc,phases,start] GC(1) Phase 4: Move objects
[8.342s][info][gc,phases      ] GC(1) Phase 4: Move objects 2.252ms
[8.342s][info][gc,heap        ] GC(1) DefNew: 536863K(2516544K)->0K(2516544K) Eden: 536863K(2236928K)->0K(2236928K) From: 0K(279616K)->0K(279616K)
[8.342s][info][gc,heap        ] GC(1) Tenured: 18808K(5592448K)->22867K(5592448K)
[8.342s][info][gc,metaspace   ] GC(1) Metaspace: 35471K(35840K)->35471K(35840K) NonClass: 30970K(31168K)->30970K(31168K) Class: 4500K(4672K)->4500K(4672K)
[8.342s][info][gc             ] GC(1) Pause Full (Metadata GC Threshold) 542M->22M(7918M) 32.312ms
[8.342s][info][gc,cpu         ] GC(1) User=0.03s Sys=0.02s Real=0.02s
[9.727s][info][gc,start       ] GC(2) Pause Full (Metadata GC Threshold)
[9.727s][info][gc,phases,start] GC(2) Phase 1: Mark live objects
[9.748s][info][gc,phases      ] GC(2) Phase 1: Mark live objects 20.835ms
[9.748s][info][gc,phases,start] GC(2) Phase 2: Compute new object addresses
[9.758s][info][gc,phases      ] GC(2) Phase 2: Compute new object addresses 10.693ms
[9.758s][info][gc,phases,start] GC(2) Phase 3: Adjust pointers
[9.771s][info][gc,phases      ] GC(2) Phase 3: Adjust pointers 13.036ms
[9.771s][info][gc,phases,start] GC(2) Phase 4: Move objects
[9.775s][info][gc,phases      ] GC(2) Phase 4: Move objects 3.387ms
[9.776s][info][gc,heap        ] GC(2) DefNew: 402703K(2516544K)->0K(2516544K) Eden: 402703K(2236928K)->0K(2236928K) From: 0K(279616K)->0K(279616K)
[9.776s][info][gc,heap        ] GC(2) Tenured: 22867K(5592448K)->29626K(5592448K)
[9.776s][info][gc,metaspace   ] GC(2) Metaspace: 59392K(59776K)->59392K(59776K) NonClass: 52160K(52352K)->52160K(52352K) Class: 7232K(7424K)->7232K(7424K)
[9.776s][info][gc             ] GC(2) Pause Full (Metadata GC Threshold) 415M->28M(7918M) 49.118ms
[9.776s][info][gc,cpu         ] GC(2) User=0.05s Sys=0.00s Real=0.04s
[10.989s][info][gc,start       ] GC(3) Pause Full (System.gc())
[10.990s][info][gc,phases,start] GC(3) Phase 1: Mark live objects
[11.015s][info][gc,phases      ] GC(3) Phase 1: Mark live objects 25.243ms
[11.015s][info][gc,phases,start] GC(3) Phase 2: Compute new object addresses
[11.026s][info][gc,phases      ] GC(3) Phase 2: Compute new object addresses 10.830ms
[11.026s][info][gc,phases,start] GC(3) Phase 3: Adjust pointers
[11.041s][info][gc,phases      ] GC(3) Phase 3: Adjust pointers 15.533ms
[11.041s][info][gc,phases,start] GC(3) Phase 4: Move objects
[11.050s][info][gc,phases      ] GC(3) Phase 4: Move objects 8.253ms
[11.050s][info][gc,heap        ] GC(3) DefNew: 156591K(2516544K)->0K(2516544K) Eden: 156591K(2236928K)->0K(2236928K) From: 0K(279616K)->0K(279616K)
[11.050s][info][gc,heap        ] GC(3) Tenured: 29626K(5592448K)->33246K(5592448K)
[11.050s][info][gc,metaspace   ] GC(3) Metaspace: 81071K(81600K)->81071K(81600K) NonClass: 70825K(71104K)->70825K(71104K) Class: 10246K(10496K)->10246K(10496K)
[11.050s][info][gc             ] GC(3) Pause Full (System.gc()) 181M->32M(7918M) 60.709ms
[11.050s][info][gc,cpu         ] GC(3) User=0.06s Sys=0.00s Real=0.06s
[13.592s][info][gc,start       ] GC(4) Pause Young (Allocation Failure)
[13.630s][info][gc,heap        ] GC(4) DefNew: 2236928K(2516544K)->65208K(2516544K) Eden: 2236928K(2236928K)->0K(2236928K) From: 0K(279616K)->65208K(279616K)
[13.630s][info][gc,heap        ] GC(4) Tenured: 33246K(5592448K)->33246K(5592448K)
[13.630s][info][gc,metaspace   ] GC(4) Metaspace: 112836K(113984K)->112836K(113984K) NonClass: 97997K(98624K)->97997K(98624K) Class: 14838K(15360K)->14838K(15360K)
[13.630s][info][gc             ] GC(4) Pause Young (Allocation Failure) 2216M->96M(7918M) 37.489ms
[13.630s][info][gc,cpu         ] GC(4) User=0.03s Sys=0.00s Real=0.03s
[15.758s][info][gc,start       ] GC(5) Pause Full (Metadata GC Threshold)
[15.758s][info][gc,phases,start] GC(5) Phase 1: Mark live objects
[15.812s][info][gc,phases      ] GC(5) Phase 1: Mark live objects 53.840ms
[15.812s][info][gc,phases,start] GC(5) Phase 2: Compute new object addresses
[16.179s][info][gc,phases      ] GC(5) Phase 2: Compute new object addresses 367.268ms
[16.179s][info][gc,phases,start] GC(5) Phase 3: Adjust pointers
[16.206s][info][gc,phases      ] GC(5) Phase 3: Adjust pointers 26.569ms
[16.206s][info][gc,phases,start] GC(5) Phase 4: Move objects
[16.223s][info][gc,phases      ] GC(5) Phase 4: Move objects 17.509ms
[16.226s][info][gc,heap        ] GC(5) DefNew: 2302136K(2516544K)->0K(2516544K) Eden: 2236928K(2236928K)->0K(2236928K) From: 65208K(279616K)->0K(279616K)
[16.226s][info][gc,heap        ] GC(5) Tenured: 33246K(5592448K)->114555K(5592448K)
[16.226s][info][gc,metaspace   ] GC(5) Metaspace: 133994K(136000K)->132392K(136000K) NonClass: 116993K(118080K)->115809K(118080K) Class: 17000K(17920K)->16583K(17920K)
[16.226s][info][gc             ] GC(5) Pause Full (Metadata GC Threshold) 2280M->111M(7918M) 468.475ms
[16.226s][info][gc,cpu         ] GC(5) User=0.47s Sys=0.00s Real=0.48s
[18.727s][info][gc,start       ] GC(6) Pause Young (Allocation Failure)
[18.755s][info][gc,heap        ] GC(6) DefNew: 2236928K(2516544K)->70314K(2516544K) Eden: 2236928K(2236928K)->0K(2236928K) From: 0K(279616K)->70314K(279616K)
[18.755s][info][gc,heap        ] GC(6) Tenured: 114555K(5592448K)->114555K(5592448K)
[18.755s][info][gc,metaspace   ] GC(6) Metaspace: 147439K(148736K)->147439K(148736K) NonClass: 129571K(130304K)->129571K(130304K) Class: 17867K(18432K)->17867K(18432K)
[18.755s][info][gc             ] GC(6) Pause Young (Allocation Failure) 2296M->180M(7918M) 28.424ms
[18.756s][info][gc,cpu         ] GC(6) User=0.08s Sys=0.00s Real=0.02s
[19.355s][info][gc,start       ] GC(7) Pause Full (System.gc())
[19.355s][info][gc,phases,start] GC(7) Phase 1: Mark live objects
[19.419s][info][gc,phases      ] GC(7) Phase 1: Mark live objects 63.552ms
[19.419s][info][gc,phases,start] GC(7) Phase 2: Compute new object addresses
[19.440s][info][gc,phases      ] GC(7) Phase 2: Compute new object addresses 20.651ms
[19.440s][info][gc,phases,start] GC(7) Phase 3: Adjust pointers
[19.469s][info][gc,phases      ] GC(7) Phase 3: Adjust pointers 29.189ms
[19.469s][info][gc,phases,start] GC(7) Phase 4: Move objects
[19.471s][info][gc,phases      ] GC(7) Phase 4: Move objects 2.140ms
[19.472s][info][gc,heap        ] GC(7) DefNew: 524653K(2516544K)->0K(2516544K) Eden: 454338K(2236928K)->0K(2236928K) From: 70314K(279616K)->0K(279616K)
[19.472s][info][gc,heap        ] GC(7) Tenured: 114555K(5592448K)->119317K(5592448K)
[19.472s][info][gc,metaspace   ] GC(7) Metaspace: 149248K(150528K)->149197K(150528K) NonClass: 131209K(131904K)->131171K(131904K) Class: 18039K(18624K)->18025K(18624K)
[19.472s][info][gc             ] GC(7) Pause Full (System.gc()) 624M->116M(7918M) 116.701ms
[19.472s][info][gc,cpu         ] GC(7) User=0.19s Sys=0.02s Real=0.12s
[20.393s][info][gc,start       ] GC(8) Pause Young (Allocation Failure)
[20.409s][info][gc,heap        ] GC(8) DefNew: 2236928K(2516544K)->67150K(2516544K) Eden: 2236928K(2236928K)->0K(2236928K) From: 0K(279616K)->67150K(279616K)
[20.409s][info][gc,heap        ] GC(8) Tenured: 119317K(5592448K)->119317K(5592448K)
[20.409s][info][gc,metaspace   ] GC(8) Metaspace: 149909K(151232K)->149909K(151232K) NonClass: 131857K(132608K)->131857K(132608K) Class: 18051K(18624K)->18051K(18624K)
[20.409s][info][gc             ] GC(8) Pause Young (Allocation Failure) 2301M->182M(7918M) 16.304ms
[20.409s][info][gc,cpu         ] GC(8) User=0.02s Sys=0.00s Real=0.02s
[21.413s][info][gc,start       ] GC(9) Pause Full (System.gc())
[21.413s][info][gc,phases,start] GC(9) Phase 1: Mark live objects
[21.467s][info][gc,phases      ] GC(9) Phase 1: Mark live objects 53.596ms
[21.467s][info][gc,phases,start] GC(9) Phase 2: Compute new object addresses
[21.504s][info][gc,phases      ] GC(9) Phase 2: Compute new object addresses 37.234ms
[21.504s][info][gc,phases,start] GC(9) Phase 3: Adjust pointers
[21.535s][info][gc,phases      ] GC(9) Phase 3: Adjust pointers 30.533ms
[21.535s][info][gc,phases,start] GC(9) Phase 4: Move objects
[21.536s][info][gc,phases      ] GC(9) Phase 4: Move objects 1.448ms
[21.537s][info][gc,heap        ] GC(9) DefNew: 834461K(2516544K)->0K(2516544K) Eden: 767310K(2236928K)->0K(2236928K) From: 67150K(279616K)->0K(279616K)
[21.537s][info][gc,heap        ] GC(9) Tenured: 119317K(5592448K)->123015K(5592448K)
[21.537s][info][gc,metaspace   ] GC(9) Metaspace: 150611K(151872K)->150611K(151872K) NonClass: 132541K(133184K)->132541K(133184K) Class: 18070K(18688K)->18070K(18688K)
[21.537s][info][gc             ] GC(9) Pause Full (System.gc()) 931M->120M(7918M) 123.626ms
[21.537s][info][gc,cpu         ] GC(9) User=0.17s Sys=0.00s Real=0.12s
[22.415s][info][gc,start       ] GC(10) Pause Young (Allocation Failure)
[22.431s][info][gc,heap        ] GC(10) DefNew: 2233373K(2516544K)->66730K(2516544K) Eden: 2233373K(2236928K)->0K(2236928K) From: 0K(279616K)->66730K(279616K)
[22.431s][info][gc,heap        ] GC(10) Tenured: 123015K(5592448K)->123015K(5592448K)
[22.431s][info][gc,metaspace   ] GC(10) Metaspace: 151002K(152320K)->151002K(152320K) NonClass: 132930K(133632K)->132930K(133632K) Class: 18071K(18688K)->18071K(18688K)
[22.431s][info][gc             ] GC(10) Pause Young (Allocation Failure) 2301M->185M(7918M) 16.040ms
[22.431s][info][gc,cpu         ] GC(10) User=0.02s Sys=0.00s Real=0.01s
[23.296s][info][gc,start       ] GC(11) Pause Full (System.gc())
[23.296s][info][gc,phases,start] GC(11) Phase 1: Mark live objects
[23.348s][info][gc,phases      ] GC(11) Phase 1: Mark live objects 51.790ms
[23.348s][info][gc,phases,start] GC(11) Phase 2: Compute new object addresses
[23.384s][info][gc,phases      ] GC(11) Phase 2: Compute new object addresses 35.582ms
[23.384s][info][gc,phases,start] GC(11) Phase 3: Adjust pointers
[23.416s][info][gc,phases      ] GC(11) Phase 3: Adjust pointers 32.633ms
[23.416s][info][gc,phases,start] GC(11) Phase 4: Move objects
[23.435s][info][gc,phases      ] GC(11) Phase 4: Move objects 18.079ms
[23.435s][info][gc,heap        ] GC(11) DefNew: 717258K(2516544K)->0K(2516544K) Eden: 650527K(2236928K)->0K(2236928K) From: 66730K(279616K)->0K(279616K)
[23.435s][info][gc,heap        ] GC(11) Tenured: 123015K(5592448K)->121011K(5592448K)
[23.435s][info][gc,metaspace   ] GC(11) Metaspace: 151508K(152768K)->151508K(152768K) NonClass: 133435K(134080K)->133435K(134080K) Class: 18073K(18688K)->18073K(18688K)
[23.435s][info][gc             ] GC(11) Pause Full (System.gc()) 820M->118M(7918M) 138.862ms
[23.435s][info][gc,cpu         ] GC(11) User=0.12s Sys=0.00s Real=0.14s
[24.347s][info][gc,start       ] GC(12) Pause Young (Allocation Failure)
[24.362s][info][gc,heap        ] GC(12) DefNew: 2236928K(2516544K)->67286K(2516544K) Eden: 2236928K(2236928K)->0K(2236928K) From: 0K(279616K)->67286K(279616K)
[24.362s][info][gc,heap        ] GC(12) Tenured: 121011K(5592448K)->121011K(5592448K)
[24.362s][info][gc,metaspace   ] GC(12) Metaspace: 151724K(153024K)->151724K(153024K) NonClass: 133650K(134336K)->133650K(134336K) Class: 18073K(18688K)->18073K(18688K)
[24.362s][info][gc             ] GC(12) Pause Young (Allocation Failure) 2302M->183M(7918M) 14.818ms
[24.362s][info][gc,cpu         ] GC(12) User=0.02s Sys=0.00s Real=0.00s
[25.093s][info][gc,start       ] GC(13) Pause Full (System.gc())
[25.093s][info][gc,phases,start] GC(13) Phase 1: Mark live objects
[25.146s][info][gc,phases      ] GC(13) Phase 1: Mark live objects 52.599ms
[25.146s][info][gc,phases,start] GC(13) Phase 2: Compute new object addresses
[25.178s][info][gc,phases      ] GC(13) Phase 2: Compute new object addresses 32.147ms
[25.178s][info][gc,phases,start] GC(13) Phase 3: Adjust pointers
[25.210s][info][gc,phases      ] GC(13) Phase 3: Adjust pointers 32.279ms
[25.210s][info][gc,phases,start] GC(13) Phase 4: Move objects
[25.211s][info][gc,phases      ] GC(13) Phase 4: Move objects 0.930ms
[25.211s][info][gc,heap        ] GC(13) DefNew: 618090K(2516544K)->0K(2516544K) Eden: 550804K(2236928K)->0K(2236928K) From: 67286K(279616K)->0K(279616K)
[25.211s][info][gc,heap        ] GC(13) Tenured: 121011K(5592448K)->123924K(5592448K)
[25.211s][info][gc,metaspace   ] GC(13) Metaspace: 151968K(153216K)->151968K(153216K) NonClass: 133893K(134528K)->133893K(134528K) Class: 18075K(18688K)->18075K(18688K)
[25.211s][info][gc             ] GC(13) Pause Full (System.gc()) 721M->121M(7918M) 118.671ms
[25.212s][info][gc,cpu         ] GC(13) User=0.11s Sys=0.00s Real=0.11s
[26.124s][info][gc,start       ] GC(14) Pause Young (Allocation Failure)
[26.138s][info][gc,heap        ] GC(14) DefNew: 2236928K(2516544K)->67069K(2516544K) Eden: 2236928K(2236928K)->0K(2236928K) From: 0K(279616K)->67069K(279616K)
[26.138s][info][gc,heap        ] GC(14) Tenured: 123924K(5592448K)->123924K(5592448K)
[26.138s][info][gc,metaspace   ] GC(14) Metaspace: 152117K(153344K)->152117K(153344K) NonClass: 134042K(134656K)->134042K(134656K) Class: 18075K(18688K)->18075K(18688K)
[26.138s][info][gc             ] GC(14) Pause Young (Allocation Failure) 2305M->186M(7918M) 14.358ms
[26.138s][info][gc,cpu         ] GC(14) User=0.00s Sys=0.00s Real=0.00s
[26.810s][info][gc,start       ] GC(15) Pause Full (System.gc())
[26.810s][info][gc,phases,start] GC(15) Phase 1: Mark live objects
[26.864s][info][gc,phases      ] GC(15) Phase 1: Mark live objects 53.532ms
[26.864s][info][gc,phases,start] GC(15) Phase 2: Compute new object addresses
[26.895s][info][gc,phases      ] GC(15) Phase 2: Compute new object addresses 31.250ms
[26.895s][info][gc,phases,start] GC(15) Phase 3: Adjust pointers
[26.928s][info][gc,phases      ] GC(15) Phase 3: Adjust pointers 33.085ms
[26.928s][info][gc,phases,start] GC(15) Phase 4: Move objects
[26.930s][info][gc,phases      ] GC(15) Phase 4: Move objects 1.170ms
[26.930s][info][gc,heap        ] GC(15) DefNew: 575269K(2516544K)->0K(2516544K) Eden: 508200K(2236928K)->0K(2236928K) From: 67069K(279616K)->0K(279616K)
[26.930s][info][gc,heap        ] GC(15) Tenured: 123924K(5592448K)->126650K(5592448K)
[26.930s][info][gc,metaspace   ] GC(15) Metaspace: 152283K(153600K)->152283K(153600K) NonClass: 134208K(134912K)->134208K(134912K) Class: 18075K(18688K)->18075K(18688K)
[26.930s][info][gc             ] GC(15) Pause Full (System.gc()) 682M->123M(7918M) 119.817ms
[26.930s][info][gc,cpu         ] GC(15) User=0.11s Sys=0.00s Real=0.13s
[27.865s][info][gc,start       ] GC(16) Pause Young (Allocation Failure)
[27.880s][info][gc,heap        ] GC(16) DefNew: 2236757K(2516544K)->67241K(2516544K) Eden: 2236757K(2236928K)->0K(2236928K) From: 0K(279616K)->67241K(279616K)
[27.880s][info][gc,heap        ] GC(16) Tenured: 126650K(5592448K)->126650K(5592448K)
[27.880s][info][gc,metaspace   ] GC(16) Metaspace: 152455K(153728K)->152455K(153728K) NonClass: 134379K(135040K)->134379K(135040K) Class: 18075K(18688K)->18075K(18688K)
[27.880s][info][gc             ] GC(16) Pause Young (Allocation Failure) 2308M->189M(7918M) 14.740ms
[27.880s][info][gc,cpu         ] GC(16) User=0.02s Sys=0.00s Real=0.01s
[28.523s][info][gc,start       ] GC(17) Pause Full (System.gc())
[28.523s][info][gc,phases,start] GC(17) Phase 1: Mark live objects
[28.578s][info][gc,phases      ] GC(17) Phase 1: Mark live objects 55.621ms
[28.578s][info][gc,phases,start] GC(17) Phase 2: Compute new object addresses
[28.608s][info][gc,phases      ] GC(17) Phase 2: Compute new object addresses 29.900ms
[28.608s][info][gc,phases,start] GC(17) Phase 3: Adjust pointers
[28.642s][info][gc,phases      ] GC(17) Phase 3: Adjust pointers 33.779ms
[28.642s][info][gc,phases,start] GC(17) Phase 4: Move objects
[28.643s][info][gc,phases      ] GC(17) Phase 4: Move objects 0.989ms
[28.644s][info][gc,heap        ] GC(17) DefNew: 533844K(2516544K)->0K(2516544K) Eden: 466603K(2236928K)->0K(2236928K) From: 67241K(279616K)->0K(279616K)
[28.644s][info][gc,heap        ] GC(17) Tenured: 126650K(5592448K)->129321K(5592448K)
[28.644s][info][gc,metaspace   ] GC(17) Metaspace: 152622K(153920K)->152622K(153920K) NonClass: 134546K(135232K)->134546K(135232K) Class: 18075K(18688K)->18075K(18688K)
[28.644s][info][gc             ] GC(17) Pause Full (System.gc()) 645M->126M(7918M) 121.020ms
[28.644s][info][gc,cpu         ] GC(17) User=0.12s Sys=0.00s Real=0.11s
[29.567s][info][gc,start       ] GC(18) Pause Young (Allocation Failure)
[29.583s][info][gc,heap        ] GC(18) DefNew: 2234556K(2516544K)->67220K(2516544K) Eden: 2234556K(2236928K)->0K(2236928K) From: 0K(279616K)->67220K(279616K)
[29.583s][info][gc,heap        ] GC(18) Tenured: 129321K(5592448K)->129321K(5592448K)
[29.583s][info][gc,metaspace   ] GC(18) Metaspace: 152744K(154048K)->152744K(154048K) NonClass: 134668K(135360K)->134668K(135360K) Class: 18075K(18688K)->18075K(18688K)
[29.583s][info][gc             ] GC(18) Pause Young (Allocation Failure) 2308M->191M(7918M) 15.853ms
[29.583s][info][gc,cpu         ] GC(18) User=0.03s Sys=0.00s Real=0.01s
[30.208s][info][gc,start       ] GC(19) Pause Full (System.gc())
[30.208s][info][gc,phases,start] GC(19) Phase 1: Mark live objects
[30.263s][info][gc,phases      ] GC(19) Phase 1: Mark live objects 54.798ms
[30.263s][info][gc,phases,start] GC(19) Phase 2: Compute new object addresses
[30.293s][info][gc,phases      ] GC(19) Phase 2: Compute new object addresses 29.990ms
[30.293s][info][gc,phases,start] GC(19) Phase 3: Adjust pointers
[30.328s][info][gc,phases      ] GC(19) Phase 3: Adjust pointers 35.704ms
[30.329s][info][gc,phases,start] GC(19) Phase 4: Move objects
[30.342s][info][gc,phases      ] GC(19) Phase 4: Move objects 13.084ms
[30.342s][info][gc,heap        ] GC(19) DefNew: 521546K(2516544K)->0K(2516544K) Eden: 454325K(2236928K)->0K(2236928K) From: 67220K(279616K)->0K(279616K)
[30.342s][info][gc,heap        ] GC(19) Tenured: 129321K(5592448K)->121920K(5592448K)
[30.342s][info][gc,metaspace   ] GC(19) Metaspace: 152912K(154176K)->152912K(154176K) NonClass: 134836K(135488K)->134836K(135488K) Class: 18075K(18688K)->18075K(18688K)
[30.342s][info][gc             ] GC(19) Pause Full (System.gc()) 635M->119M(7918M) 134.380ms
[30.342s][info][gc,cpu         ] GC(19) User=0.14s Sys=0.00s Real=0.13s
[31.278s][info][gc,start       ] GC(20) Pause Young (Allocation Failure)
[31.293s][info][gc,heap        ] GC(20) DefNew: 2236793K(2516544K)->67488K(2516544K) Eden: 2236793K(2236928K)->0K(2236928K) From: 0K(279616K)->67488K(279616K)
[31.293s][info][gc,heap        ] GC(20) Tenured: 121920K(5592448K)->121920K(5592448K)
[31.293s][info][gc,metaspace   ] GC(20) Metaspace: 153031K(154304K)->153031K(154304K) NonClass: 134955K(135616K)->134955K(135616K) Class: 18075K(18688K)->18075K(18688K)
[31.293s][info][gc             ] GC(20) Pause Young (Allocation Failure) 2303M->184M(7918M) 15.058ms
[31.293s][info][gc,cpu         ] GC(20) User=0.02s Sys=0.00s Real=0.02s
[31.894s][info][gc,start       ] GC(21) Pause Full (System.gc())
[31.894s][info][gc,phases,start] GC(21) Phase 1: Mark live objects
[31.950s][info][gc,phases      ] GC(21) Phase 1: Mark live objects 55.711ms
[31.950s][info][gc,phases,start] GC(21) Phase 2: Compute new object addresses
[31.980s][info][gc,phases      ] GC(21) Phase 2: Compute new object addresses 29.719ms
[31.980s][info][gc,phases,start] GC(21) Phase 3: Adjust pointers
[32.014s][info][gc,phases      ] GC(21) Phase 3: Adjust pointers 34.530ms
[32.014s][info][gc,phases,start] GC(21) Phase 4: Move objects
[32.015s][info][gc,phases      ] GC(21) Phase 4: Move objects 0.679ms
[32.015s][info][gc,heap        ] GC(21) DefNew: 514428K(2516544K)->0K(2516544K) Eden: 446939K(2236928K)->0K(2236928K) From: 67488K(279616K)->0K(279616K)
[32.015s][info][gc,heap        ] GC(21) Tenured: 121920K(5592448K)->124390K(5592448K)
[32.015s][info][gc,metaspace   ] GC(21) Metaspace: 153154K(154432K)->153154K(154432K) NonClass: 135065K(135744K)->135065K(135744K) Class: 18088K(18688K)->18088K(18688K)
[32.015s][info][gc             ] GC(21) Pause Full (System.gc()) 621M->121M(7918M) 121.442ms
[32.015s][info][gc,cpu         ] GC(21) User=0.12s Sys=0.00s Real=0.12s
[32.988s][info][gc,start       ] GC(22) Pause Young (Allocation Failure)
[33.004s][info][gc,heap        ] GC(22) DefNew: 2236928K(2516544K)->68102K(2516544K) Eden: 2236928K(2236928K)->0K(2236928K) From: 0K(279616K)->68102K(279616K)
[33.004s][info][gc,heap        ] GC(22) Tenured: 124390K(5592448K)->124390K(5592448K)
[33.004s][info][gc,metaspace   ] GC(22) Metaspace: 153306K(154560K)->153306K(154560K) NonClass: 135217K(135872K)->135217K(135872K) Class: 18088K(18688K)->18088K(18688K)
[33.004s][info][gc             ] GC(22) Pause Young (Allocation Failure) 2305M->187M(7918M) 15.838ms
[33.004s][info][gc,cpu         ] GC(22) User=0.02s Sys=0.00s Real=0.01s
[33.577s][info][gc,start       ] GC(23) Pause Full (System.gc())
[33.577s][info][gc,phases,start] GC(23) Phase 1: Mark live objects
[33.632s][info][gc,phases      ] GC(23) Phase 1: Mark live objects 55.125ms
[33.633s][info][gc,phases,start] GC(23) Phase 2: Compute new object addresses
[33.661s][info][gc,phases      ] GC(23) Phase 2: Compute new object addresses 28.550ms
[33.661s][info][gc,phases,start] GC(23) Phase 3: Adjust pointers
[33.696s][info][gc,phases      ] GC(23) Phase 3: Adjust pointers 34.597ms
[33.696s][info][gc,phases,start] GC(23) Phase 4: Move objects
[33.696s][info][gc,phases      ] GC(23) Phase 4: Move objects 0.689ms
[33.697s][info][gc,heap        ] GC(23) DefNew: 484411K(2516544K)->0K(2516544K) Eden: 416309K(2236928K)->0K(2236928K) From: 68102K(279616K)->0K(279616K)
[33.697s][info][gc,heap        ] GC(23) Tenured: 124390K(5592448K)->126864K(5592448K)
[33.697s][info][gc,metaspace   ] GC(23) Metaspace: 153397K(154624K)->153397K(154624K) NonClass: 135308K(135936K)->135308K(135936K) Class: 18088K(18688K)->18088K(18688K)
[33.697s][info][gc             ] GC(23) Pause Full (System.gc()) 594M->123M(7918M) 119.741ms
[33.697s][info][gc,cpu         ] GC(23) User=0.11s Sys=0.00s Real=0.11s
[34.645s][info][gc,start       ] GC(24) Pause Young (Allocation Failure)
[34.660s][info][gc,heap        ] GC(24) DefNew: 2236668K(2516544K)->67284K(2516544K) Eden: 2236668K(2236928K)->0K(2236928K) From: 0K(279616K)->67284K(279616K)
[34.660s][info][gc,heap        ] GC(24) Tenured: 126864K(5592448K)->126864K(5592448K)
[34.660s][info][gc,metaspace   ] GC(24) Metaspace: 153480K(154752K)->153480K(154752K) NonClass: 135391K(136064K)->135391K(136064K) Class: 18088K(18688K)->18088K(18688K)
[34.660s][info][gc             ] GC(24) Pause Young (Allocation Failure) 2308M->189M(7918M) 14.520ms
[34.660s][info][gc,cpu         ] GC(24) User=0.02s Sys=0.00s Real=0.03s
[35.231s][info][gc,start       ] GC(25) Pause Full (System.gc())
[35.231s][info][gc,phases,start] GC(25) Phase 1: Mark live objects
[35.287s][info][gc,phases      ] GC(25) Phase 1: Mark live objects 55.574ms
[35.287s][info][gc,phases,start] GC(25) Phase 2: Compute new object addresses
[35.316s][info][gc,phases      ] GC(25) Phase 2: Compute new object addresses 29.202ms
[35.316s][info][gc,phases,start] GC(25) Phase 3: Adjust pointers
[35.350s][info][gc,phases      ] GC(25) Phase 3: Adjust pointers 34.403ms
[35.350s][info][gc,phases,start] GC(25) Phase 4: Move objects
[35.351s][info][gc,phases      ] GC(25) Phase 4: Move objects 0.654ms
[35.351s][info][gc,heap        ] GC(25) DefNew: 492183K(2516544K)->0K(2516544K) Eden: 424899K(2236928K)->0K(2236928K) From: 67284K(279616K)->0K(279616K)
[35.352s][info][gc,heap        ] GC(25) Tenured: 126864K(5592448K)->129299K(5592448K)
[35.352s][info][gc,metaspace   ] GC(25) Metaspace: 153548K(154816K)->153548K(154816K) NonClass: 135458K(136128K)->135458K(136128K) Class: 18090K(18688K)->18090K(18688K)
[35.352s][info][gc             ] GC(25) Pause Full (System.gc()) 604M->126M(7918M) 120.618ms
[35.352s][info][gc,cpu         ] GC(25) User=0.11s Sys=0.02s Real=0.11s
[36.294s][info][gc,start       ] GC(26) Pause Young (Allocation Failure)
[36.310s][info][gc,heap        ] GC(26) DefNew: 2236928K(2516544K)->68093K(2516544K) Eden: 2236928K(2236928K)->0K(2236928K) From: 0K(279616K)->68093K(279616K)
[36.310s][info][gc,heap        ] GC(26) Tenured: 129299K(5592448K)->129299K(5592448K)
[36.310s][info][gc,metaspace   ] GC(26) Metaspace: 153625K(154880K)->153625K(154880K) NonClass: 135535K(136192K)->135535K(136192K) Class: 18090K(18688K)->18090K(18688K)
[36.310s][info][gc             ] GC(26) Pause Young (Allocation Failure) 2310M->192M(7918M) 16.164ms
[36.310s][info][gc,cpu         ] GC(26) User=0.02s Sys=0.00s Real=0.02s
[36.868s][info][gc,start       ] GC(27) Pause Full (System.gc())
[36.868s][info][gc,phases,start] GC(27) Phase 1: Mark live objects
[36.926s][info][gc,phases      ] GC(27) Phase 1: Mark live objects 57.451ms
[36.926s][info][gc,phases,start] GC(27) Phase 2: Compute new object addresses
[36.954s][info][gc,phases      ] GC(27) Phase 2: Compute new object addresses 28.524ms
[36.954s][info][gc,phases,start] GC(27) Phase 3: Adjust pointers
[36.990s][info][gc,phases      ] GC(27) Phase 3: Adjust pointers 36.199ms
[36.990s][info][gc,phases,start] GC(27) Phase 4: Move objects
[37.004s][info][gc,phases      ] GC(27) Phase 4: Move objects 13.243ms
[37.004s][info][gc,heap        ] GC(27) DefNew: 471320K(2516544K)->0K(2516544K) Eden: 403226K(2236928K)->0K(2236928K) From: 68093K(279616K)->0K(279616K)
[37.004s][info][gc,heap        ] GC(27) Tenured: 129299K(5592448K)->123109K(5592448K)
[37.004s][info][gc,metaspace   ] GC(27) Metaspace: 153716K(154944K)->153716K(154944K) NonClass: 135625K(136256K)->135625K(136256K) Class: 18090K(18688K)->18090K(18688K)
[37.004s][info][gc             ] GC(27) Pause Full (System.gc()) 586M->120M(7918M) 136.197ms
[37.004s][info][gc,cpu         ] GC(27) User=0.14s Sys=0.00s Real=0.13s
[37.934s][info][gc,start       ] GC(28) Pause Young (Allocation Failure)
[37.949s][info][gc,heap        ] GC(28) DefNew: 2236928K(2516544K)->68014K(2516544K) Eden: 2236928K(2236928K)->0K(2236928K) From: 0K(279616K)->68014K(279616K)
[37.950s][info][gc,heap        ] GC(28) Tenured: 123109K(5592448K)->123109K(5592448K)
[37.950s][info][gc,metaspace   ] GC(28) Metaspace: 153913K(155264K)->153913K(155264K) NonClass: 135821K(136512K)->135821K(136512K) Class: 18092K(18752K)->18092K(18752K)
[37.950s][info][gc             ] GC(28) Pause Young (Allocation Failure) 2304M->186M(7918M) 15.390ms
[37.950s][info][gc,cpu         ] GC(28) User=0.02s Sys=0.00s Real=0.02s
[38.512s][info][gc,start       ] GC(29) Pause Full (System.gc())
[38.513s][info][gc,phases,start] GC(29) Phase 1: Mark live objects
[38.569s][info][gc,phases      ] GC(29) Phase 1: Mark live objects 56.554ms
[38.569s][info][gc,phases,start] GC(29) Phase 2: Compute new object addresses
[38.598s][info][gc,phases      ] GC(29) Phase 2: Compute new object addresses 28.360ms
[38.598s][info][gc,phases,start] GC(29) Phase 3: Adjust pointers
[38.633s][info][gc,phases      ] GC(29) Phase 3: Adjust pointers 34.914ms
[38.633s][info][gc,phases,start] GC(29) Phase 4: Move objects
[38.633s][info][gc,phases      ] GC(29) Phase 4: Move objects 0.663ms
[38.634s][info][gc,heap        ] GC(29) DefNew: 469996K(2516544K)->0K(2516544K) Eden: 401981K(2236928K)->0K(2236928K) From: 68014K(279616K)->0K(279616K)
[38.634s][info][gc,heap        ] GC(29) Tenured: 123109K(5592448K)->125537K(5592448K)
[38.634s][info][gc,metaspace   ] GC(29) Metaspace: 153991K(155328K)->153991K(155328K) NonClass: 135898K(136576K)->135898K(136576K) Class: 18092K(18752K)->18092K(18752K)
[38.634s][info][gc             ] GC(29) Pause Full (System.gc()) 579M->122M(7918M) 121.267ms
[38.634s][info][gc,cpu         ] GC(29) User=0.12s Sys=0.00s Real=0.11s
[39.571s][info][gc,start       ] GC(30) Pause Young (Allocation Failure)
[39.586s][info][gc,heap        ] GC(30) DefNew: 2236928K(2516544K)->67943K(2516544K) Eden: 2236928K(2236928K)->0K(2236928K) From: 0K(279616K)->67943K(279616K)
[39.586s][info][gc,heap        ] GC(30) Tenured: 125537K(5592448K)->125537K(5592448K)
[39.586s][info][gc,metaspace   ] GC(30) Metaspace: 154060K(155392K)->154060K(155392K) NonClass: 135966K(136640K)->135966K(136640K) Class: 18093K(18752K)->18093K(18752K)
[39.586s][info][gc             ] GC(30) Pause Young (Allocation Failure) 2307M->188M(7918M) 15.234ms
[39.586s][info][gc,cpu         ] GC(30) User=0.02s Sys=0.00s Real=0.01s
[40.141s][info][gc,start       ] GC(31) Pause Full (System.gc())
[40.141s][info][gc,phases,start] GC(31) Phase 1: Mark live objects
[40.199s][info][gc,phases      ] GC(31) Phase 1: Mark live objects 58.058ms
[40.199s][info][gc,phases,start] GC(31) Phase 2: Compute new object addresses
[40.228s][info][gc,phases      ] GC(31) Phase 2: Compute new object addresses 29.255ms
[40.228s][info][gc,phases,start] GC(31) Phase 3: Adjust pointers
[40.264s][info][gc,phases      ] GC(31) Phase 3: Adjust pointers 35.402ms
[40.264s][info][gc,phases,start] GC(31) Phase 4: Move objects
[40.264s][info][gc,phases      ] GC(31) Phase 4: Move objects 0.644ms
[40.265s][info][gc,heap        ] GC(31) DefNew: 475726K(2516544K)->0K(2516544K) Eden: 407782K(2236928K)->0K(2236928K) From: 67943K(279616K)->0K(279616K)
[40.265s][info][gc,heap        ] GC(31) Tenured: 125537K(5592448K)->127965K(5592448K)
[40.265s][info][gc,metaspace   ] GC(31) Metaspace: 154095K(155456K)->154095K(155456K) NonClass: 136001K(136704K)->136001K(136704K) Class: 18094K(18752K)->18094K(18752K)
[40.265s][info][gc             ] GC(31) Pause Full (System.gc()) 587M->124M(7918M) 124.196ms
[40.265s][info][gc,cpu         ] GC(31) User=0.12s Sys=0.00s Real=0.13s
[41.237s][info][gc,start       ] GC(32) Pause Young (Allocation Failure)
[41.253s][info][gc,heap        ] GC(32) DefNew: 2236928K(2516544K)->68075K(2516544K) Eden: 2236928K(2236928K)->0K(2236928K) From: 0K(279616K)->68075K(279616K)
[41.253s][info][gc,heap        ] GC(32) Tenured: 127965K(5592448K)->127965K(5592448K)
[41.253s][info][gc,metaspace   ] GC(32) Metaspace: 154115K(155456K)->154115K(155456K) NonClass: 136021K(136704K)->136021K(136704K) Class: 18094K(18752K)->18094K(18752K)
[41.253s][info][gc             ] GC(32) Pause Young (Allocation Failure) 2309M->191M(7918M) 15.926ms
[41.253s][info][gc,cpu         ] GC(32) User=0.02s Sys=0.00s Real=0.02s
[41.811s][info][gc,start       ] GC(33) Pause Full (System.gc())
[41.811s][info][gc,phases,start] GC(33) Phase 1: Mark live objects
[41.870s][info][gc,phases      ] GC(33) Phase 1: Mark live objects 59.484ms
[41.870s][info][gc,phases,start] GC(33) Phase 2: Compute new object addresses
[41.899s][info][gc,phases      ] GC(33) Phase 2: Compute new object addresses 28.928ms
[41.899s][info][gc,phases,start] GC(33) Phase 3: Adjust pointers
[41.935s][info][gc,phases      ] GC(33) Phase 3: Adjust pointers 35.723ms
[41.935s][info][gc,phases,start] GC(33) Phase 4: Move objects
[41.936s][info][gc,phases      ] GC(33) Phase 4: Move objects 0.715ms
[41.936s][info][gc,heap        ] GC(33) DefNew: 493687K(2516544K)->0K(2516544K) Eden: 425611K(2236928K)->0K(2236928K) From: 68075K(279616K)->0K(279616K)
[41.936s][info][gc,heap        ] GC(33) Tenured: 127965K(5592448K)->130370K(5592448K)
[41.936s][info][gc,metaspace   ] GC(33) Metaspace: 154159K(155520K)->154159K(155520K) NonClass: 136065K(136768K)->136065K(136768K) Class: 18094K(18752K)->18094K(18752K)
[41.936s][info][gc             ] GC(33) Pause Full (System.gc()) 607M->127M(7918M) 125.687ms
[41.936s][info][gc,cpu         ] GC(33) User=0.12s Sys=0.00s Real=0.13s
[42.852s][info][gc,start       ] GC(34) Pause Young (Allocation Failure)
[42.867s][info][gc,heap        ] GC(34) DefNew: 2236928K(2516544K)->68031K(2516544K) Eden: 2236928K(2236928K)->0K(2236928K) From: 0K(279616K)->68031K(279616K)
[42.867s][info][gc,heap        ] GC(34) Tenured: 130370K(5592448K)->130370K(5592448K)
[42.867s][info][gc,metaspace   ] GC(34) Metaspace: 154204K(155520K)->154204K(155520K) NonClass: 136110K(136768K)->136110K(136768K) Class: 18094K(18752K)->18094K(18752K)
[42.867s][info][gc             ] GC(34) Pause Young (Allocation Failure) 2311M->193M(7918M) 14.854ms
[42.867s][info][gc,cpu         ] GC(34) User=0.02s Sys=0.00s Real=0.00s
[43.417s][info][gc,start       ] GC(35) Pause Full (System.gc())
[43.417s][info][gc,phases,start] GC(35) Phase 1: Mark live objects
[43.478s][info][gc,phases      ] GC(35) Phase 1: Mark live objects 60.508ms
[43.478s][info][gc,phases,start] GC(35) Phase 2: Compute new object addresses
[43.507s][info][gc,phases      ] GC(35) Phase 2: Compute new object addresses 28.619ms
[43.507s][info][gc,phases,start] GC(35) Phase 3: Adjust pointers
[43.544s][info][gc,phases      ] GC(35) Phase 3: Adjust pointers 37.453ms
[43.544s][info][gc,phases,start] GC(35) Phase 4: Move objects
[43.558s][info][gc,phases      ] GC(35) Phase 4: Move objects 13.472ms
[43.558s][info][gc,heap        ] GC(35) DefNew: 463737K(2516544K)->0K(2516544K) Eden: 395705K(2236928K)->0K(2236928K) From: 68031K(279616K)->0K(279616K)
[43.558s][info][gc,heap        ] GC(35) Tenured: 130370K(5592448K)->124443K(5592448K)
[43.558s][info][gc,metaspace   ] GC(35) Metaspace: 154282K(155648K)->154282K(155648K) NonClass: 136188K(136896K)->136188K(136896K) Class: 18094K(18752K)->18094K(18752K)
[43.558s][info][gc             ] GC(35) Pause Full (System.gc()) 580M->121M(7918M) 140.785ms
[43.558s][info][gc,cpu         ] GC(35) User=0.16s Sys=0.00s Real=0.13s
[44.491s][info][gc,start       ] GC(36) Pause Young (Allocation Failure)
[44.507s][info][gc,heap        ] GC(36) DefNew: 2236928K(2516544K)->68123K(2516544K) Eden: 2236928K(2236928K)->0K(2236928K) From: 0K(279616K)->68123K(279616K)
[44.507s][info][gc,heap        ] GC(36) Tenured: 124443K(5592448K)->124443K(5592448K)
[44.507s][info][gc,metaspace   ] GC(36) Metaspace: 154396K(155776K)->154396K(155776K) NonClass: 136290K(136960K)->136290K(136960K) Class: 18106K(18816K)->18106K(18816K)
[44.507s][info][gc             ] GC(36) Pause Young (Allocation Failure) 2306M->188M(7918M) 15.456ms
[44.507s][info][gc,cpu         ] GC(36) User=0.03s Sys=0.00s Real=0.00s
[45.050s][info][gc,start       ] GC(37) Pause Full (System.gc())
[45.050s][info][gc,phases,start] GC(37) Phase 1: Mark live objects
[45.110s][info][gc,phases      ] GC(37) Phase 1: Mark live objects 59.520ms
[45.110s][info][gc,phases,start] GC(37) Phase 2: Compute new object addresses
[45.139s][info][gc,phases      ] GC(37) Phase 2: Compute new object addresses 28.882ms
[45.139s][info][gc,phases,start] GC(37) Phase 3: Adjust pointers
[45.175s][info][gc,phases      ] GC(37) Phase 3: Adjust pointers 36.257ms
[45.175s][info][gc,phases,start] GC(37) Phase 4: Move objects
[45.176s][info][gc,phases      ] GC(37) Phase 4: Move objects 0.655ms
[45.176s][info][gc,heap        ] GC(37) DefNew: 470675K(2516544K)->0K(2516544K) Eden: 402551K(2236928K)->0K(2236928K) From: 68123K(279616K)->0K(279616K)
[45.176s][info][gc,heap        ] GC(37) Tenured: 124443K(5592448K)->126900K(5592448K)
[45.176s][info][gc,metaspace   ] GC(37) Metaspace: 154473K(155840K)->154473K(155840K) NonClass: 136356K(137024K)->136356K(137024K) Class: 18117K(18816K)->18117K(18816K)
[45.176s][info][gc             ] GC(37) Pause Full (System.gc()) 581M->123M(7918M) 126.117ms
[45.176s][info][gc,cpu         ] GC(37) User=0.12s Sys=0.00s Real=0.12s
[46.096s][info][gc,start       ] GC(38) Pause Young (Allocation Failure)
[46.111s][info][gc,heap        ] GC(38) DefNew: 2236928K(2516544K)->67971K(2516544K) Eden: 2236928K(2236928K)->0K(2236928K) From: 0K(279616K)->67971K(279616K)
[46.111s][info][gc,heap        ] GC(38) Tenured: 126900K(5592448K)->126900K(5592448K)
[46.111s][info][gc,metaspace   ] GC(38) Metaspace: 154497K(155840K)->154497K(155840K) NonClass: 136379K(137024K)->136379K(137024K) Class: 18117K(18816K)->18117K(18816K)
[46.111s][info][gc             ] GC(38) Pause Young (Allocation Failure) 2308M->190M(7918M) 15.399ms
[46.111s][info][gc,cpu         ] GC(38) User=0.02s Sys=0.00s Real=0.00s
[46.650s][info][gc,start       ] GC(39) Pause Full (System.gc())
[46.650s][info][gc,phases,start] GC(39) Phase 1: Mark live objects
[46.711s][info][gc,phases      ] GC(39) Phase 1: Mark live objects 60.712ms
[46.711s][info][gc,phases,start] GC(39) Phase 2: Compute new object addresses
[46.741s][info][gc,phases      ] GC(39) Phase 2: Compute new object addresses 29.550ms
[46.741s][info][gc,phases,start] GC(39) Phase 3: Adjust pointers
[46.777s][info][gc,phases      ] GC(39) Phase 3: Adjust pointers 36.746ms
[46.777s][info][gc,phases,start] GC(39) Phase 4: Move objects
[46.778s][info][gc,phases      ] GC(39) Phase 4: Move objects 0.672ms
[46.779s][info][gc,heap        ] GC(39) DefNew: 465183K(2516544K)->0K(2516544K) Eden: 397211K(2236928K)->0K(2236928K) From: 67971K(279616K)->0K(279616K)
[46.779s][info][gc,heap        ] GC(39) Tenured: 126900K(5592448K)->129414K(5592448K)
[46.779s][info][gc,metaspace   ] GC(39) Metaspace: 154580K(155968K)->154580K(155968K) NonClass: 136462K(137152K)->136462K(137152K) Class: 18117K(18816K)->18117K(18816K)
[46.779s][info][gc             ] GC(39) Pause Full (System.gc()) 578M->126M(7918M) 128.528ms
[46.779s][info][gc,cpu         ] GC(39) User=0.12s Sys=0.00s Real=0.13s
[47.677s][info][gc,start       ] GC(40) Pause Young (Allocation Failure)
[47.691s][info][gc,heap        ] GC(40) DefNew: 2236738K(2516544K)->67798K(2516544K) Eden: 2236738K(2236928K)->0K(2236928K) From: 0K(279616K)->67798K(279616K)
[47.691s][info][gc,heap        ] GC(40) Tenured: 129414K(5592448K)->129414K(5592448K)
[47.691s][info][gc,metaspace   ] GC(40) Metaspace: 154631K(155968K)->154631K(155968K) NonClass: 136514K(137152K)->136514K(137152K) Class: 18117K(18816K)->18117K(18816K)
[47.691s][info][gc             ] GC(40) Pause Young (Allocation Failure) 2310M->192M(7918M) 14.732ms
[47.692s][info][gc,cpu         ] GC(40) User=0.02s Sys=0.00s Real=0.02s
[48.241s][info][gc,start       ] GC(41) Pause Full (System.gc())
[48.242s][info][gc,phases,start] GC(41) Phase 1: Mark live objects
[48.302s][info][gc,phases      ] GC(41) Phase 1: Mark live objects 60.439ms
[48.302s][info][gc,phases,start] GC(41) Phase 2: Compute new object addresses
[48.331s][info][gc,phases      ] GC(41) Phase 2: Compute new object addresses 29.192ms
[48.331s][info][gc,phases,start] GC(41) Phase 3: Adjust pointers
[48.368s][info][gc,phases      ] GC(41) Phase 3: Adjust pointers 37.060ms
[48.368s][info][gc,phases,start] GC(41) Phase 4: Move objects
[48.369s][info][gc,phases      ] GC(41) Phase 4: Move objects 0.752ms
[48.370s][info][gc,heap        ] GC(41) DefNew: 468802K(2516544K)->0K(2516544K) Eden: 401003K(2236928K)->0K(2236928K) From: 67798K(279616K)->0K(279616K)
[48.370s][info][gc,heap        ] GC(41) Tenured: 129414K(5592448K)->131815K(5592448K)
[48.370s][info][gc,metaspace   ] GC(41) Metaspace: 154765K(156096K)->154765K(156096K) NonClass: 136648K(137280K)->136648K(137280K) Class: 18117K(18816K)->18117K(18816K)
[48.370s][info][gc             ] GC(41) Pause Full (System.gc()) 584M->128M(7918M) 128.253ms
[48.370s][info][gc,cpu         ] GC(41) User=0.11s Sys=0.00s Real=0.14s
[49.303s][info][gc,start       ] GC(42) Pause Young (Allocation Failure)
[49.317s][info][gc,heap        ] GC(42) DefNew: 2236928K(2516544K)->67577K(2516544K) Eden: 2236928K(2236928K)->0K(2236928K) From: 0K(279616K)->67577K(279616K)
[49.317s][info][gc,heap        ] GC(42) Tenured: 131815K(5592448K)->131815K(5592448K)
[49.317s][info][gc,metaspace   ] GC(42) Metaspace: 154805K(156160K)->154805K(156160K) NonClass: 136687K(137344K)->136687K(137344K) Class: 18117K(18816K)->18117K(18816K)
[49.317s][info][gc             ] GC(42) Pause Young (Allocation Failure) 2313M->194M(7918M) 14.590ms
[49.317s][info][gc,cpu         ] GC(42) User=0.02s Sys=0.00s Real=0.02s
[49.843s][info][gc,start       ] GC(43) Pause Full (System.gc())
[49.844s][info][gc,phases,start] GC(43) Phase 1: Mark live objects
[49.904s][info][gc,phases      ] GC(43) Phase 1: Mark live objects 60.876ms
[49.904s][info][gc,phases,start] GC(43) Phase 2: Compute new object addresses
[49.934s][info][gc,phases      ] GC(43) Phase 2: Compute new object addresses 29.018ms
[49.934s][info][gc,phases,start] GC(43) Phase 3: Adjust pointers
[49.972s][info][gc,phases      ] GC(43) Phase 3: Adjust pointers 38.491ms
[49.972s][info][gc,phases,start] GC(43) Phase 4: Move objects
[49.983s][info][gc,phases      ] GC(43) Phase 4: Move objects 11.261ms
[49.984s][info][gc,heap        ] GC(43) DefNew: 469846K(2516544K)->0K(2516544K) Eden: 402269K(2236928K)->0K(2236928K) From: 67577K(279616K)->0K(279616K)
[49.984s][info][gc,heap        ] GC(43) Tenured: 131815K(5592448K)->125944K(5592448K)
[49.984s][info][gc,metaspace   ] GC(43) Metaspace: 154853K(156224K)->154853K(156224K) NonClass: 136735K(137408K)->136735K(137408K) Class: 18117K(18816K)->18117K(18816K)
[49.984s][info][gc             ] GC(43) Pause Full (System.gc()) 587M->122M(7918M) 140.488ms
[49.984s][info][gc,cpu         ] GC(43) User=0.14s Sys=0.00s Real=0.14s
[50.886s][info][gc,start       ] GC(44) Pause Young (Allocation Failure)
[50.901s][info][gc,heap        ] GC(44) DefNew: 2236928K(2516544K)->67886K(2516544K) Eden: 2236928K(2236928K)->0K(2236928K) From: 0K(279616K)->67886K(279616K)
[50.901s][info][gc,heap        ] GC(44) Tenured: 125944K(5592448K)->125944K(5592448K)
[50.901s][info][gc,metaspace   ] GC(44) Metaspace: 154935K(156288K)->154935K(156288K) NonClass: 136817K(137472K)->136817K(137472K) Class: 18117K(18816K)->18117K(18816K)
[50.901s][info][gc             ] GC(44) Pause Young (Allocation Failure) 2307M->189M(7918M) 15.067ms
[50.901s][info][gc,cpu         ] GC(44) User=0.02s Sys=0.00s Real=0.00s
[51.439s][info][gc,start       ] GC(45) Pause Full (System.gc())
[51.439s][info][gc,phases,start] GC(45) Phase 1: Mark live objects
[51.500s][info][gc,phases      ] GC(45) Phase 1: Mark live objects 61.112ms
[51.500s][info][gc,phases,start] GC(45) Phase 2: Compute new object addresses
[51.530s][info][gc,phases      ] GC(45) Phase 2: Compute new object addresses 29.693ms
[51.530s][info][gc,phases,start] GC(45) Phase 3: Adjust pointers
[51.567s][info][gc,phases      ] GC(45) Phase 3: Adjust pointers 37.303ms
[51.567s][info][gc,phases,start] GC(45) Phase 4: Move objects
[51.568s][info][gc,phases      ] GC(45) Phase 4: Move objects 0.607ms
[51.568s][info][gc,heap        ] GC(45) DefNew: 498427K(2516544K)->0K(2516544K) Eden: 430540K(2236928K)->0K(2236928K) From: 67886K(279616K)->0K(279616K)
[51.568s][info][gc,heap        ] GC(45) Tenured: 125944K(5592448K)->128327K(5592448K)
[51.568s][info][gc,metaspace   ] GC(45) Metaspace: 154955K(156288K)->154955K(156288K) NonClass: 136836K(137472K)->136836K(137472K) Class: 18118K(18816K)->18118K(18816K)
[51.568s][info][gc             ] GC(45) Pause Full (System.gc()) 609M->125M(7918M) 129.501ms
[51.568s][info][gc,cpu         ] GC(45) User=0.12s Sys=0.00s Real=0.12s
[52.464s][info][gc,start       ] GC(46) Pause Young (Allocation Failure)
[52.479s][info][gc,heap        ] GC(46) DefNew: 2236928K(2516544K)->67974K(2516544K) Eden: 2236928K(2236928K)->0K(2236928K) From: 0K(279616K)->67974K(279616K)
[52.479s][info][gc,heap        ] GC(46) Tenured: 128327K(5592448K)->128327K(5592448K)
[52.479s][info][gc,metaspace   ] GC(46) Metaspace: 154961K(156288K)->154961K(156288K) NonClass: 136842K(137472K)->136842K(137472K) Class: 18118K(18816K)->18118K(18816K)
[52.479s][info][gc             ] GC(46) Pause Young (Allocation Failure) 2309M->191M(7918M) 15.138ms
[52.479s][info][gc,cpu         ] GC(46) User=0.02s Sys=0.00s Real=0.00s
[53.024s][info][gc,start       ] GC(47) Pause Full (System.gc())
[53.024s][info][gc,phases,start] GC(47) Phase 1: Mark live objects
[53.086s][info][gc,phases      ] GC(47) Phase 1: Mark live objects 61.851ms
[53.086s][info][gc,phases,start] GC(47) Phase 2: Compute new object addresses
[53.116s][info][gc,phases      ] GC(47) Phase 2: Compute new object addresses 29.494ms
[53.116s][info][gc,phases,start] GC(47) Phase 3: Adjust pointers
[53.153s][info][gc,phases      ] GC(47) Phase 3: Adjust pointers 37.618ms
[53.153s][info][gc,phases,start] GC(47) Phase 4: Move objects
[53.154s][info][gc,phases      ] GC(47) Phase 4: Move objects 0.604ms
[53.154s][info][gc,heap        ] GC(47) DefNew: 477509K(2516544K)->0K(2516544K) Eden: 409534K(2236928K)->0K(2236928K) From: 67974K(279616K)->0K(279616K)
[53.154s][info][gc,heap        ] GC(47) Tenured: 128327K(5592448K)->130721K(5592448K)
[53.154s][info][gc,metaspace   ] GC(47) Metaspace: 154976K(156352K)->154976K(156352K) NonClass: 136858K(137536K)->136858K(137536K) Class: 18118K(18816K)->18118K(18816K)
[53.154s][info][gc             ] GC(47) Pause Full (System.gc()) 591M->127M(7918M) 130.360ms
[53.154s][info][gc,cpu         ] GC(47) User=0.14s Sys=0.00s Real=0.13s
[54.046s][info][gc,start       ] GC(48) Pause Young (Allocation Failure)
[54.062s][info][gc,heap        ] GC(48) DefNew: 2236928K(2516544K)->68319K(2516544K) Eden: 2236928K(2236928K)->0K(2236928K) From: 0K(279616K)->68319K(279616K)
[54.062s][info][gc,heap        ] GC(48) Tenured: 130721K(5592448K)->130721K(5592448K)
[54.062s][info][gc,metaspace   ] GC(48) Metaspace: 155055K(156416K)->155055K(156416K) NonClass: 136936K(137600K)->136936K(137600K) Class: 18118K(18816K)->18118K(18816K)
[54.062s][info][gc             ] GC(48) Pause Young (Allocation Failure) 2312M->194M(7918M) 15.852ms
[54.062s][info][gc,cpu         ] GC(48) User=0.02s Sys=0.00s Real=0.02s
[54.604s][info][gc,start       ] GC(49) Pause Full (System.gc())
[54.604s][info][gc,phases,start] GC(49) Phase 1: Mark live objects
[54.664s][info][gc,phases      ] GC(49) Phase 1: Mark live objects 60.100ms
[54.664s][info][gc,phases,start] GC(49) Phase 2: Compute new object addresses
[54.694s][info][gc,phases      ] GC(49) Phase 2: Compute new object addresses 29.868ms
[54.694s][info][gc,phases,start] GC(49) Phase 3: Adjust pointers
[54.732s][info][gc,phases      ] GC(49) Phase 3: Adjust pointers 37.735ms
[54.732s][info][gc,phases,start] GC(49) Phase 4: Move objects
[54.733s][info][gc,phases      ] GC(49) Phase 4: Move objects 0.776ms
[54.733s][info][gc,heap        ] GC(49) DefNew: 477912K(2516544K)->0K(2516544K) Eden: 409592K(2236928K)->0K(2236928K) From: 68319K(279616K)->0K(279616K)
[54.733s][info][gc,heap        ] GC(49) Tenured: 130721K(5592448K)->133136K(5592448K)
[54.733s][info][gc,metaspace   ] GC(49) Metaspace: 155145K(156480K)->155145K(156480K) NonClass: 137012K(137664K)->137012K(137664K) Class: 18133K(18816K)->18133K(18816K)
[54.734s][info][gc             ] GC(49) Pause Full (System.gc()) 594M->130M(7918M) 129.475ms
[54.734s][info][gc,cpu         ] GC(49) User=0.14s Sys=0.00s Real=0.13s
[55.628s][info][gc,start       ] GC(50) Pause Young (Allocation Failure)
[55.643s][info][gc,heap        ] GC(50) DefNew: 2236928K(2516544K)->68055K(2516544K) Eden: 2236928K(2236928K)->0K(2236928K) From: 0K(279616K)->68055K(279616K)
[55.643s][info][gc,heap        ] GC(50) Tenured: 133136K(5592448K)->133136K(5592448K)
[55.643s][info][gc,metaspace   ] GC(50) Metaspace: 155332K(156736K)->155332K(156736K) NonClass: 137199K(137920K)->137199K(137920K) Class: 18133K(18816K)->18133K(18816K)
[55.643s][info][gc             ] GC(50) Pause Young (Allocation Failure) 2314M->196M(7918M) 14.929ms
[55.643s][info][gc,cpu         ] GC(50) User=0.02s Sys=0.00s Real=0.01s
[56.169s][info][gc,start       ] GC(51) Pause Full (System.gc())
[56.169s][info][gc,phases,start] GC(51) Phase 1: Mark live objects
[56.230s][info][gc,phases      ] GC(51) Phase 1: Mark live objects 60.948ms
[56.230s][info][gc,phases,start] GC(51) Phase 2: Compute new object addresses
[56.259s][info][gc,phases      ] GC(51) Phase 2: Compute new object addresses 29.122ms
[56.259s][info][gc,phases,start] GC(51) Phase 3: Adjust pointers
[56.298s][info][gc,phases      ] GC(51) Phase 3: Adjust pointers 38.860ms
[56.298s][info][gc,phases,start] GC(51) Phase 4: Move objects
[56.314s][info][gc,phases      ] GC(51) Phase 4: Move objects 15.193ms
[56.314s][info][gc,heap        ] GC(51) DefNew: 466307K(2516544K)->0K(2516544K) Eden: 398251K(2236928K)->0K(2236928K) From: 68055K(279616K)->0K(279616K)
[56.314s][info][gc,heap        ] GC(51) Tenured: 133136K(5592448K)->126582K(5592448K)
[56.314s][info][gc,metaspace   ] GC(51) Metaspace: 155349K(156736K)->155349K(156736K) NonClass: 137216K(137920K)->137216K(137920K) Class: 18133K(18816K)->18133K(18816K)
[56.314s][info][gc             ] GC(51) Pause Full (System.gc()) 585M->123M(7918M) 144.913ms
[56.314s][info][gc,cpu         ] GC(51) User=0.17s Sys=0.00s Real=0.14s
[57.194s][info][gc,start       ] GC(52) Pause Young (Allocation Failure)
[57.208s][info][gc,heap        ] GC(52) DefNew: 2233476K(2516544K)->67247K(2516544K) Eden: 2233476K(2236928K)->0K(2236928K) From: 0K(279616K)->67247K(279616K)
[57.208s][info][gc,heap        ] GC(52) Tenured: 126582K(5592448K)->126582K(5592448K)
[57.208s][info][gc,metaspace   ] GC(52) Metaspace: 155426K(156800K)->155426K(156800K) NonClass: 137293K(137984K)->137293K(137984K) Class: 18133K(18816K)->18133K(18816K)
[57.208s][info][gc             ] GC(52) Pause Young (Allocation Failure) 2304M->189M(7918M) 14.634ms
[57.208s][info][gc,cpu         ] GC(52) User=0.02s Sys=0.00s Real=0.02s
[57.749s][info][gc,start       ] GC(53) Pause Full (System.gc())
[57.749s][info][gc,phases,start] GC(53) Phase 1: Mark live objects
[57.811s][info][gc,phases      ] GC(53) Phase 1: Mark live objects 62.080ms
[57.812s][info][gc,phases,start] GC(53) Phase 2: Compute new object addresses
[57.841s][info][gc,phases      ] GC(53) Phase 2: Compute new object addresses 29.982ms
[57.842s][info][gc,phases,start] GC(53) Phase 3: Adjust pointers
[57.879s][info][gc,phases      ] GC(53) Phase 3: Adjust pointers 37.231ms
[57.879s][info][gc,phases,start] GC(53) Phase 4: Move objects
[57.879s][info][gc,phases      ] GC(53) Phase 4: Move objects 0.615ms
[57.880s][info][gc,heap        ] GC(53) DefNew: 489966K(2516544K)->0K(2516544K) Eden: 422718K(2236928K)->0K(2236928K) From: 67247K(279616K)->0K(279616K)
[57.880s][info][gc,heap        ] GC(53) Tenured: 126582K(5592448K)->128997K(5592448K)
[57.880s][info][gc,metaspace   ] GC(53) Metaspace: 155450K(156864K)->155450K(156864K) NonClass: 137316K(138048K)->137316K(138048K) Class: 18133K(18816K)->18133K(18816K)
[57.880s][info][gc             ] GC(53) Pause Full (System.gc()) 602M->125M(7918M) 130.672ms
[57.880s][info][gc,cpu         ] GC(53) User=0.12s Sys=0.00s Real=0.14s
[58.766s][info][gc,start       ] GC(54) Pause Young (Allocation Failure)
[58.782s][info][gc,heap        ] GC(54) DefNew: 2236928K(2516544K)->68188K(2516544K) Eden: 2236928K(2236928K)->0K(2236928K) From: 0K(279616K)->68188K(279616K)
[58.782s][info][gc,heap        ] GC(54) Tenured: 128997K(5592448K)->128997K(5592448K)
[58.782s][info][gc,metaspace   ] GC(54) Metaspace: 155476K(156864K)->155476K(156864K) NonClass: 137341K(138048K)->137341K(138048K) Class: 18134K(18816K)->18134K(18816K)
[58.782s][info][gc             ] GC(54) Pause Young (Allocation Failure) 2310M->192M(7918M) 16.037ms
[58.782s][info][gc,cpu         ] GC(54) User=0.02s Sys=0.00s Real=0.02s
[59.308s][info][gc,start       ] GC(55) Pause Full (System.gc())
[59.308s][info][gc,phases,start] GC(55) Phase 1: Mark live objects
[59.370s][info][gc,phases      ] GC(55) Phase 1: Mark live objects 61.877ms
[59.370s][info][gc,phases,start] GC(55) Phase 2: Compute new object addresses
[59.400s][info][gc,phases      ] GC(55) Phase 2: Compute new object addresses 29.796ms
[59.400s][info][gc,phases,start] GC(55) Phase 3: Adjust pointers
[59.437s][info][gc,phases      ] GC(55) Phase 3: Adjust pointers 37.515ms
[59.437s][info][gc,phases,start] GC(55) Phase 4: Move objects
[59.438s][info][gc,phases      ] GC(55) Phase 4: Move objects 0.615ms
[59.438s][info][gc,heap        ] GC(55) DefNew: 477364K(2516544K)->0K(2516544K) Eden: 409175K(2236928K)->0K(2236928K) From: 68188K(279616K)->0K(279616K)
[59.438s][info][gc,heap        ] GC(55) Tenured: 128997K(5592448K)->131393K(5592448K)
[59.438s][info][gc,metaspace   ] GC(55) Metaspace: 155480K(156864K)->155480K(156864K) NonClass: 137345K(138048K)->137345K(138048K) Class: 18134K(18816K)->18134K(18816K)
[59.438s][info][gc             ] GC(55) Pause Full (System.gc()) 592M->128M(7918M) 130.649ms
[59.438s][info][gc,cpu         ] GC(55) User=0.14s Sys=0.00s Real=0.13s
[60.358s][info][gc,start       ] GC(56) Pause Young (Allocation Failure)
[60.373s][info][gc,heap        ] GC(56) DefNew: 2236928K(2516544K)->67969K(2516544K) Eden: 2236928K(2236928K)->0K(2236928K) From: 0K(279616K)->67969K(279616K)
[60.373s][info][gc,heap        ] GC(56) Tenured: 131393K(5592448K)->131393K(5592448K)
[60.373s][info][gc,metaspace   ] GC(56) Metaspace: 155646K(157056K)->155646K(157056K) NonClass: 137511K(138240K)->137511K(138240K) Class: 18134K(18816K)->18134K(18816K)
[60.373s][info][gc             ] GC(56) Pause Young (Allocation Failure) 2312M->194M(7918M) 15.212ms
[60.373s][info][gc,cpu         ] GC(56) User=0.02s Sys=0.00s Real=0.01s
[60.900s][info][gc,start       ] GC(57) Pause Full (System.gc())
[60.900s][info][gc,phases,start] GC(57) Phase 1: Mark live objects
[60.962s][info][gc,phases      ] GC(57) Phase 1: Mark live objects 61.534ms
[60.962s][info][gc,phases,start] GC(57) Phase 2: Compute new object addresses
[60.991s][info][gc,phases      ] GC(57) Phase 2: Compute new object addresses 29.471ms
[60.992s][info][gc,phases,start] GC(57) Phase 3: Adjust pointers
[61.029s][info][gc,phases      ] GC(57) Phase 3: Adjust pointers 37.680ms
[61.029s][info][gc,phases,start] GC(57) Phase 4: Move objects
[61.030s][info][gc,phases      ] GC(57) Phase 4: Move objects 0.650ms
[61.030s][info][gc,heap        ] GC(57) DefNew: 468825K(2516544K)->0K(2516544K) Eden: 400855K(2236928K)->0K(2236928K) From: 67969K(279616K)->0K(279616K)
[61.030s][info][gc,heap        ] GC(57) Tenured: 131393K(5592448K)->133779K(5592448K)
[61.030s][info][gc,metaspace   ] GC(57) Metaspace: 155690K(157120K)->155690K(157120K) NonClass: 137556K(138304K)->137556K(138304K) Class: 18134K(18816K)->18134K(18816K)
[61.030s][info][gc             ] GC(57) Pause Full (System.gc()) 586M->130M(7918M) 130.111ms
[61.030s][info][gc,cpu         ] GC(57) User=0.14s Sys=0.00s Real=0.13s
[61.884s][info][gc,start       ] GC(58) Pause Young (Allocation Failure)
[61.898s][info][gc,heap        ] GC(58) DefNew: 2236457K(2516544K)->67210K(2516544K) Eden: 2236457K(2236928K)->0K(2236928K) From: 0K(279616K)->67210K(279616K)
[61.898s][info][gc,heap        ] GC(58) Tenured: 133779K(5592448K)->133779K(5592448K)
[61.898s][info][gc,metaspace   ] GC(58) Metaspace: 155700K(157120K)->155700K(157120K) NonClass: 137565K(138304K)->137565K(138304K) Class: 18134K(18816K)->18134K(18816K)
[61.898s][info][gc             ] GC(58) Pause Young (Allocation Failure) 2314M->196M(7918M) 13.848ms
[61.898s][info][gc,cpu         ] GC(58) User=0.02s Sys=0.00s Real=0.02s
[62.432s][info][gc,start       ] GC(59) Pause Full (System.gc())
[62.432s][info][gc,phases,start] GC(59) Phase 1: Mark live objects
[62.493s][info][gc,phases      ] GC(59) Phase 1: Mark live objects 61.142ms
[62.493s][info][gc,phases,start] GC(59) Phase 2: Compute new object addresses
[62.524s][info][gc,phases      ] GC(59) Phase 2: Compute new object addresses 30.515ms
[62.524s][info][gc,phases,start] GC(59) Phase 3: Adjust pointers
[62.563s][info][gc,phases      ] GC(59) Phase 3: Adjust pointers 38.939ms
[62.563s][info][gc,phases,start] GC(59) Phase 4: Move objects
[62.574s][info][gc,phases      ] GC(59) Phase 4: Move objects 11.520ms
[62.575s][info][gc,heap        ] GC(59) DefNew: 491057K(2516544K)->0K(2516544K) Eden: 423846K(2236928K)->0K(2236928K) From: 67210K(279616K)->0K(279616K)
[62.575s][info][gc,heap        ] GC(59) Tenured: 133779K(5592448K)->126527K(5592448K)
[62.575s][info][gc,metaspace   ] GC(59) Metaspace: 155712K(157120K)->155712K(157120K) NonClass: 137573K(138304K)->137573K(138304K) Class: 18138K(18816K)->18138K(18816K)
[62.575s][info][gc             ] GC(59) Pause Full (System.gc()) 610M->123M(7918M) 142.865ms
[62.575s][info][gc,cpu         ] GC(59) User=0.14s Sys=0.00s Real=0.15s
[63.471s][info][gc,start       ] GC(60) Pause Young (Allocation Failure)
[63.486s][info][gc,heap        ] GC(60) DefNew: 2236928K(2516544K)->68063K(2516544K) Eden: 2236928K(2236928K)->0K(2236928K) From: 0K(279616K)->68063K(279616K)
[63.486s][info][gc,heap        ] GC(60) Tenured: 126527K(5592448K)->126527K(5592448K)
[63.486s][info][gc,metaspace   ] GC(60) Metaspace: 155756K(157120K)->155756K(157120K) NonClass: 137617K(138304K)->137617K(138304K) Class: 18138K(18816K)->18138K(18816K)
[63.486s][info][gc             ] GC(60) Pause Young (Allocation Failure) 2308M->190M(7918M) 15.432ms
[63.486s][info][gc,cpu         ] GC(60) User=0.02s Sys=0.00s Real=0.00s
[64.015s][info][gc,start       ] GC(61) Pause Full (System.gc())
[64.015s][info][gc,phases,start] GC(61) Phase 1: Mark live objects
[64.076s][info][gc,phases      ] GC(61) Phase 1: Mark live objects 61.268ms
[64.076s][info][gc,phases,start] GC(61) Phase 2: Compute new object addresses
[64.106s][info][gc,phases      ] GC(61) Phase 2: Compute new object addresses 29.446ms
[64.106s][info][gc,phases,start] GC(61) Phase 3: Adjust pointers
[64.144s][info][gc,phases      ] GC(61) Phase 3: Adjust pointers 37.804ms
[64.144s][info][gc,phases,start] GC(61) Phase 4: Move objects
[64.144s][info][gc,phases      ] GC(61) Phase 4: Move objects 0.608ms
[64.145s][info][gc,heap        ] GC(61) DefNew: 478364K(2516544K)->0K(2516544K) Eden: 410300K(2236928K)->0K(2236928K) From: 68063K(279616K)->0K(279616K)
[64.145s][info][gc,heap        ] GC(61) Tenured: 126527K(5592448K)->128913K(5592448K)
[64.145s][info][gc,metaspace   ] GC(61) Metaspace: 155774K(157184K)->155774K(157184K) NonClass: 137636K(138368K)->137636K(138368K) Class: 18138K(18816K)->18138K(18816K)
[64.145s][info][gc             ] GC(61) Pause Full (System.gc()) 590M->125M(7918M) 129.837ms
[64.145s][info][gc,cpu         ] GC(61) User=0.12s Sys=0.00s Real=0.13s
[65.049s][info][gc,start       ] GC(62) Pause Young (Allocation Failure)
[65.065s][info][gc,heap        ] GC(62) DefNew: 2236928K(2516544K)->68339K(2516544K) Eden: 2236928K(2236928K)->0K(2236928K) From: 0K(279616K)->68339K(279616K)
[65.065s][info][gc,heap        ] GC(62) Tenured: 128913K(5592448K)->128913K(5592448K)
[65.065s][info][gc,metaspace   ] GC(62) Metaspace: 155815K(157184K)->155815K(157184K) NonClass: 137677K(138368K)->137677K(138368K) Class: 18138K(18816K)->18138K(18816K)
[65.065s][info][gc             ] GC(62) Pause Young (Allocation Failure) 2310M->192M(7918M) 15.787ms
[65.065s][info][gc,cpu         ] GC(62) User=0.02s Sys=0.00s Real=0.00s
[65.591s][info][gc,start       ] GC(63) Pause Full (System.gc())
[65.591s][info][gc,phases,start] GC(63) Phase 1: Mark live objects
[65.653s][info][gc,phases      ] GC(63) Phase 1: Mark live objects 62.223ms
[65.653s][info][gc,phases,start] GC(63) Phase 2: Compute new object addresses
[65.683s][info][gc,phases      ] GC(63) Phase 2: Compute new object addresses 29.380ms
[65.683s][info][gc,phases,start] GC(63) Phase 3: Adjust pointers
[65.721s][info][gc,phases      ] GC(63) Phase 3: Adjust pointers 37.839ms
[65.721s][info][gc,phases,start] GC(63) Phase 4: Move objects
[65.721s][info][gc,phases      ] GC(63) Phase 4: Move objects 0.633ms
[65.722s][info][gc,heap        ] GC(63) DefNew: 479545K(2516544K)->0K(2516544K) Eden: 411206K(2236928K)->0K(2236928K) From: 68339K(279616K)->0K(279616K)
[65.722s][info][gc,heap        ] GC(63) Tenured: 128913K(5592448K)->131297K(5592448K)
[65.722s][info][gc,metaspace   ] GC(63) Metaspace: 155837K(157248K)->155837K(157248K) NonClass: 137699K(138432K)->137699K(138432K) Class: 18138K(18816K)->18138K(18816K)
[65.722s][info][gc             ] GC(63) Pause Full (System.gc()) 594M->128M(7918M) 130.846ms
[65.722s][info][gc,cpu         ] GC(63) User=0.16s Sys=0.00s Real=0.13s
[66.618s][info][gc,start       ] GC(64) Pause Young (Allocation Failure)
[66.634s][info][gc,heap        ] GC(64) DefNew: 2236928K(2516544K)->68013K(2516544K) Eden: 2236928K(2236928K)->0K(2236928K) From: 0K(279616K)->68013K(279616K)
[66.634s][info][gc,heap        ] GC(64) Tenured: 131297K(5592448K)->131297K(5592448K)
[66.634s][info][gc,metaspace   ] GC(64) Metaspace: 155872K(157248K)->155872K(157248K) NonClass: 137734K(138432K)->137734K(138432K) Class: 18138K(18816K)->18138K(18816K)
[66.634s][info][gc             ] GC(64) Pause Young (Allocation Failure) 2312M->194M(7918M) 16.032ms
[66.634s][info][gc,cpu         ] GC(64) User=0.03s Sys=0.00s Real=0.02s
[67.169s][info][gc,start       ] GC(65) Pause Full (System.gc())
[67.169s][info][gc,phases,start] GC(65) Phase 1: Mark live objects
[67.231s][info][gc,phases      ] GC(65) Phase 1: Mark live objects 61.917ms
[67.231s][info][gc,phases,start] GC(65) Phase 2: Compute new object addresses
[67.260s][info][gc,phases      ] GC(65) Phase 2: Compute new object addresses 29.224ms
[67.260s][info][gc,phases,start] GC(65) Phase 3: Adjust pointers
[67.299s][info][gc,phases      ] GC(65) Phase 3: Adjust pointers 38.193ms
[67.299s][info][gc,phases,start] GC(65) Phase 4: Move objects
[67.299s][info][gc,phases      ] GC(65) Phase 4: Move objects 0.600ms
[67.300s][info][gc,heap        ] GC(65) DefNew: 464787K(2516544K)->0K(2516544K) Eden: 396773K(2236928K)->0K(2236928K) From: 68013K(279616K)->0K(279616K)
[67.300s][info][gc,heap        ] GC(65) Tenured: 131297K(5592448K)->133688K(5592448K)
[67.300s][info][gc,metaspace   ] GC(65) Metaspace: 155877K(157248K)->155877K(157248K) NonClass: 137739K(138432K)->137739K(138432K) Class: 18138K(18816K)->18138K(18816K)
[67.300s][info][gc             ] GC(65) Pause Full (System.gc()) 582M->130M(7918M) 130.721ms
[67.300s][info][gc,cpu         ] GC(65) User=0.14s Sys=0.00s Real=0.13s
[68.196s][info][gc,start       ] GC(66) Pause Young (Allocation Failure)
[68.211s][info][gc,heap        ] GC(66) DefNew: 2236928K(2516544K)->69092K(2516544K) Eden: 2236928K(2236928K)->0K(2236928K) From: 0K(279616K)->69092K(279616K)
[68.211s][info][gc,heap        ] GC(66) Tenured: 133688K(5592448K)->133688K(5592448K)
[68.211s][info][gc,metaspace   ] GC(66) Metaspace: 155887K(157248K)->155887K(157248K) NonClass: 137749K(138432K)->137749K(138432K) Class: 18138K(18816K)->18138K(18816K)
[68.211s][info][gc             ] GC(66) Pause Young (Allocation Failure) 2315M->198M(7918M) 15.018ms
[68.211s][info][gc,cpu         ] GC(66) User=0.02s Sys=0.00s Real=0.00s
[68.748s][info][gc,start       ] GC(67) Pause Full (System.gc())
[68.748s][info][gc,phases,start] GC(67) Phase 1: Mark live objects
[68.812s][info][gc,phases      ] GC(67) Phase 1: Mark live objects 63.557ms
[68.812s][info][gc,phases,start] GC(67) Phase 2: Compute new object addresses
[68.841s][info][gc,phases      ] GC(67) Phase 2: Compute new object addresses 29.638ms
[68.841s][info][gc,phases,start] GC(67) Phase 3: Adjust pointers
[68.882s][info][gc,phases      ] GC(67) Phase 3: Adjust pointers 40.708ms
[68.882s][info][gc,phases,start] GC(67) Phase 4: Move objects
[68.896s][info][gc,phases      ] GC(67) Phase 4: Move objects 13.849ms
[68.896s][info][gc,heap        ] GC(67) DefNew: 499379K(2516544K)->0K(2516544K) Eden: 430286K(2236928K)->0K(2236928K) From: 69092K(279616K)->0K(279616K)
[68.896s][info][gc,heap        ] GC(67) Tenured: 133688K(5592448K)->126521K(5592448K)
[68.896s][info][gc,metaspace   ] GC(67) Metaspace: 155906K(157312K)->155906K(157312K) NonClass: 137764K(138496K)->137764K(138496K) Class: 18141K(18816K)->18141K(18816K)
[68.896s][info][gc             ] GC(67) Pause Full (System.gc()) 618M->123M(7918M) 148.575ms
[68.896s][info][gc,cpu         ] GC(67) User=0.27s Sys=0.00s Real=0.14s
[69.770s][info][gc,start       ] GC(68) Pause Young (Allocation Failure)
[69.786s][info][gc,heap        ] GC(68) DefNew: 2236928K(2516544K)->68017K(2516544K) Eden: 2236928K(2236928K)->0K(2236928K) From: 0K(279616K)->68017K(279616K)
[69.786s][info][gc,heap        ] GC(68) Tenured: 126521K(5592448K)->126521K(5592448K)
[69.786s][info][gc,metaspace   ] GC(68) Metaspace: 155919K(157312K)->155919K(157312K) NonClass: 137778K(138496K)->137778K(138496K) Class: 18141K(18816K)->18141K(18816K)
[69.786s][info][gc             ] GC(68) Pause Young (Allocation Failure) 2308M->189M(7918M) 16.260ms
[69.786s][info][gc,cpu         ] GC(68) User=0.02s Sys=0.00s Real=0.02s
[70.301s][info][gc,start       ] GC(69) Pause Full (System.gc())
[70.301s][info][gc,phases,start] GC(69) Phase 1: Mark live objects
[70.363s][info][gc,phases      ] GC(69) Phase 1: Mark live objects 62.066ms
[70.363s][info][gc,phases,start] GC(69) Phase 2: Compute new object addresses
[70.392s][info][gc,phases      ] GC(69) Phase 2: Compute new object addresses 29.111ms
[70.392s][info][gc,phases,start] GC(69) Phase 3: Adjust pointers
[70.431s][info][gc,phases      ] GC(69) Phase 3: Adjust pointers 38.497ms
[70.431s][info][gc,phases,start] GC(69) Phase 4: Move objects
[70.431s][info][gc,phases      ] GC(69) Phase 4: Move objects 0.592ms
[70.432s][info][gc,heap        ] GC(69) DefNew: 471834K(2516544K)->0K(2516544K) Eden: 403817K(2236928K)->0K(2236928K) From: 68017K(279616K)->0K(279616K)
[70.432s][info][gc,heap        ] GC(69) Tenured: 126521K(5592448K)->128899K(5592448K)
[70.432s][info][gc,metaspace   ] GC(69) Metaspace: 155976K(157376K)->155976K(157376K) NonClass: 137835K(138560K)->137835K(138560K) Class: 18141K(18816K)->18141K(18816K)
[70.432s][info][gc             ] GC(69) Pause Full (System.gc()) 584M->125M(7918M) 130.985ms
[70.432s][info][gc,cpu         ] GC(69) User=0.12s Sys=0.00s Real=0.13s
[71.317s][info][gc,start       ] GC(70) Pause Young (Allocation Failure)
[71.332s][info][gc,heap        ] GC(70) DefNew: 2236928K(2516544K)->68057K(2516544K) Eden: 2236928K(2236928K)->0K(2236928K) From: 0K(279616K)->68057K(279616K)
[71.332s][info][gc,heap        ] GC(70) Tenured: 128899K(5592448K)->128899K(5592448K)
[71.332s][info][gc,metaspace   ] GC(70) Metaspace: 155997K(157376K)->155997K(157376K) NonClass: 137856K(138560K)->137856K(138560K) Class: 18141K(18816K)->18141K(18816K)
[71.332s][info][gc             ] GC(70) Pause Young (Allocation Failure) 2310M->192M(7918M) 14.725ms
[71.332s][info][gc,cpu         ] GC(70) User=0.02s Sys=0.00s Real=0.00s
[71.839s][info][gc,start       ] GC(71) Pause Full (System.gc())
[71.839s][info][gc,phases,start] GC(71) Phase 1: Mark live objects
[71.902s][info][gc,phases      ] GC(71) Phase 1: Mark live objects 62.188ms
[71.902s][info][gc,phases,start] GC(71) Phase 2: Compute new object addresses
[71.931s][info][gc,phases      ] GC(71) Phase 2: Compute new object addresses 29.114ms
[71.931s][info][gc,phases,start] GC(71) Phase 3: Adjust pointers
[71.969s][info][gc,phases      ] GC(71) Phase 3: Adjust pointers 38.184ms
[71.969s][info][gc,phases,start] GC(71) Phase 4: Move objects
[71.970s][info][gc,phases      ] GC(71) Phase 4: Move objects 0.613ms
[71.970s][info][gc,heap        ] GC(71) DefNew: 490550K(2516544K)->0K(2516544K) Eden: 422493K(2236928K)->0K(2236928K) From: 68057K(279616K)->0K(279616K)
[71.970s][info][gc,heap        ] GC(71) Tenured: 128899K(5592448K)->131273K(5592448K)
[71.970s][info][gc,metaspace   ] GC(71) Metaspace: 155998K(157376K)->155998K(157376K) NonClass: 137857K(138560K)->137857K(138560K) Class: 18141K(18816K)->18141K(18816K)
[71.970s][info][gc             ] GC(71) Pause Full (System.gc()) 604M->128M(7918M) 130.885ms
[71.970s][info][gc,cpu         ] GC(71) User=0.14s Sys=0.00s Real=0.13s
[72.852s][info][gc,start       ] GC(72) Pause Young (Allocation Failure)
[72.867s][info][gc,heap        ] GC(72) DefNew: 2236928K(2516544K)->68055K(2516544K) Eden: 2236928K(2236928K)->0K(2236928K) From: 0K(279616K)->68055K(279616K)
[72.867s][info][gc,heap        ] GC(72) Tenured: 131273K(5592448K)->131273K(5592448K)
[72.867s][info][gc,metaspace   ] GC(72) Metaspace: 156010K(157376K)->156010K(157376K) NonClass: 137868K(138560K)->137868K(138560K) Class: 18141K(18816K)->18141K(18816K)
[72.867s][info][gc             ] GC(72) Pause Young (Allocation Failure) 2312M->194M(7918M) 14.657ms
[72.867s][info][gc,cpu         ] GC(72) User=0.02s Sys=0.00s Real=0.01s
[73.384s][info][gc,start       ] GC(73) Pause Full (System.gc())
[73.384s][info][gc,phases,start] GC(73) Phase 1: Mark live objects
[73.447s][info][gc,phases      ] GC(73) Phase 1: Mark live objects 62.919ms
[73.447s][info][gc,phases,start] GC(73) Phase 2: Compute new object addresses
[73.476s][info][gc,phases      ] GC(73) Phase 2: Compute new object addresses 29.181ms
[73.477s][info][gc,phases,start] GC(73) Phase 3: Adjust pointers
[73.515s][info][gc,phases      ] GC(73) Phase 3: Adjust pointers 38.487ms
[73.515s][info][gc,phases,start] GC(73) Phase 4: Move objects
[73.516s][info][gc,phases      ] GC(73) Phase 4: Move objects 0.601ms
[73.516s][info][gc,heap        ] GC(73) DefNew: 470516K(2516544K)->0K(2516544K) Eden: 402460K(2236928K)->0K(2236928K) From: 68055K(279616K)->0K(279616K)
[73.516s][info][gc,heap        ] GC(73) Tenured: 131273K(5592448K)->133660K(5592448K)
[73.516s][info][gc,metaspace   ] GC(73) Metaspace: 156013K(157376K)->156013K(157376K) NonClass: 137871K(138560K)->137871K(138560K) Class: 18141K(18816K)->18141K(18816K)
[73.516s][info][gc             ] GC(73) Pause Full (System.gc()) 587M->130M(7918M) 131.979ms
[73.516s][info][gc,cpu         ] GC(73) User=0.12s Sys=0.00s Real=0.13s
[74.403s][info][gc,start       ] GC(74) Pause Young (Allocation Failure)
[74.419s][info][gc,heap        ] GC(74) DefNew: 2236928K(2516544K)->68252K(2516544K) Eden: 2236928K(2236928K)->0K(2236928K) From: 0K(279616K)->68252K(279616K)
[74.419s][info][gc,heap        ] GC(74) Tenured: 133660K(5592448K)->133660K(5592448K)
[74.419s][info][gc,metaspace   ] GC(74) Metaspace: 156025K(157440K)->156025K(157440K) NonClass: 137883K(138624K)->137883K(138624K) Class: 18141K(18816K)->18141K(18816K)
[74.419s][info][gc             ] GC(74) Pause Young (Allocation Failure) 2315M->197M(7918M) 15.732ms
[74.419s][info][gc,cpu         ] GC(74) User=0.02s Sys=0.00s Real=0.02s
[74.931s][info][gc,start       ] GC(75) Pause Full (System.gc())
[74.931s][info][gc,phases,start] GC(75) Phase 1: Mark live objects
[74.994s][info][gc,phases      ] GC(75) Phase 1: Mark live objects 62.249ms
[74.994s][info][gc,phases,start] GC(75) Phase 2: Compute new object addresses
[75.023s][info][gc,phases      ] GC(75) Phase 2: Compute new object addresses 29.631ms
[75.023s][info][gc,phases,start] GC(75) Phase 3: Adjust pointers
[75.063s][info][gc,phases      ] GC(75) Phase 3: Adjust pointers 39.194ms
[75.063s][info][gc,phases,start] GC(75) Phase 4: Move objects
[75.075s][info][gc,phases      ] GC(75) Phase 4: Move objects 12.267ms
[75.075s][info][gc,heap        ] GC(75) DefNew: 481692K(2516544K)->0K(2516544K) Eden: 413439K(2236928K)->0K(2236928K) From: 68252K(279616K)->0K(279616K)
[75.075s][info][gc,heap        ] GC(75) Tenured: 133660K(5592448K)->126419K(5592448K)
[75.075s][info][gc,metaspace   ] GC(75) Metaspace: 156070K(157440K)->156070K(157440K) NonClass: 137928K(138624K)->137928K(138624K) Class: 18141K(18816K)->18141K(18816K)
[75.075s][info][gc             ] GC(75) Pause Full (System.gc()) 600M->123M(7918M) 144.157ms
[75.075s][info][gc,cpu         ] GC(75) User=0.14s Sys=0.00s Real=0.14s
[75.966s][info][gc,start       ] GC(76) Pause Young (Allocation Failure)
[75.981s][info][gc,heap        ] GC(76) DefNew: 2236928K(2516544K)->68048K(2516544K) Eden: 2236928K(2236928K)->0K(2236928K) From: 0K(279616K)->68048K(279616K)
[75.981s][info][gc,heap        ] GC(76) Tenured: 126419K(5592448K)->126419K(5592448K)
[75.981s][info][gc,metaspace   ] GC(76) Metaspace: 156071K(157440K)->156071K(157440K) NonClass: 137929K(138624K)->137929K(138624K) Class: 18141K(18816K)->18141K(18816K)
[75.981s][info][gc             ] GC(76) Pause Young (Allocation Failure) 2307M->189M(7918M) 15.249ms
[75.981s][info][gc,cpu         ] GC(76) User=0.02s Sys=0.00s Real=0.00s
[76.494s][info][gc,start       ] GC(77) Pause Full (System.gc())
[76.494s][info][gc,phases,start] GC(77) Phase 1: Mark live objects
[76.555s][info][gc,phases      ] GC(77) Phase 1: Mark live objects 61.404ms
[76.555s][info][gc,phases,start] GC(77) Phase 2: Compute new object addresses
[76.585s][info][gc,phases      ] GC(77) Phase 2: Compute new object addresses 29.364ms
[76.585s][info][gc,phases,start] GC(77) Phase 3: Adjust pointers
[76.623s][info][gc,phases      ] GC(77) Phase 3: Adjust pointers 37.876ms
[76.623s][info][gc,phases,start] GC(77) Phase 4: Move objects
[76.623s][info][gc,phases      ] GC(77) Phase 4: Move objects 0.612ms
[76.624s][info][gc,heap        ] GC(77) DefNew: 479185K(2516544K)->0K(2516544K) Eden: 411137K(2236928K)->0K(2236928K) From: 68048K(279616K)->0K(279616K)
[76.624s][info][gc,heap        ] GC(77) Tenured: 126419K(5592448K)->128799K(5592448K)
[76.624s][info][gc,metaspace   ] GC(77) Metaspace: 156073K(157440K)->156073K(157440K) NonClass: 137932K(138624K)->137932K(138624K) Class: 18141K(18816K)->18141K(18816K)
[76.624s][info][gc             ] GC(77) Pause Full (System.gc()) 591M->125M(7918M) 129.985ms
[76.624s][info][gc,cpu         ] GC(77) User=0.12s Sys=0.00s Real=0.13s
[77.504s][info][gc,start       ] GC(78) Pause Young (Allocation Failure)
[77.518s][info][gc,heap        ] GC(78) DefNew: 2236928K(2516544K)->67972K(2516544K) Eden: 2236928K(2236928K)->0K(2236928K) From: 0K(279616K)->67972K(279616K)
[77.518s][info][gc,heap        ] GC(78) Tenured: 128799K(5592448K)->128799K(5592448K)
[77.518s][info][gc,metaspace   ] GC(78) Metaspace: 156199K(157568K)->156199K(157568K) NonClass: 138058K(138752K)->138058K(138752K) Class: 18141K(18816K)->18141K(18816K)
[77.518s][info][gc             ] GC(78) Pause Young (Allocation Failure) 2310M->192M(7918M) 14.906ms
[77.519s][info][gc,cpu         ] GC(78) User=0.02s Sys=0.00s Real=0.02s
[78.052s][info][gc,start       ] GC(79) Pause Full (System.gc())
[78.053s][info][gc,phases,start] GC(79) Phase 1: Mark live objects
[78.114s][info][gc,phases      ] GC(79) Phase 1: Mark live objects 61.556ms
[78.114s][info][gc,phases,start] GC(79) Phase 2: Compute new object addresses
[78.144s][info][gc,phases      ] GC(79) Phase 2: Compute new object addresses 29.290ms
[78.144s][info][gc,phases,start] GC(79) Phase 3: Adjust pointers
[78.182s][info][gc,phases      ] GC(79) Phase 3: Adjust pointers 38.064ms
[78.182s][info][gc,phases,start] GC(79) Phase 4: Move objects
[78.182s][info][gc,phases      ] GC(79) Phase 4: Move objects 0.639ms
[78.183s][info][gc,heap        ] GC(79) DefNew: 477035K(2516544K)->0K(2516544K) Eden: 409063K(2236928K)->0K(2236928K) From: 67972K(279616K)->0K(279616K)
[78.183s][info][gc,heap        ] GC(79) Tenured: 128799K(5592448K)->131182K(5592448K)
[78.183s][info][gc,metaspace   ] GC(79) Metaspace: 156275K(157632K)->156275K(157632K) NonClass: 138133K(138816K)->138133K(138816K) Class: 18141K(18816K)->18141K(18816K)
[78.183s][info][gc             ] GC(79) Pause Full (System.gc()) 591M->128M(7918M) 130.309ms
[78.183s][info][gc,cpu         ] GC(79) User=0.11s Sys=0.00s Real=0.13s
[79.070s][info][gc,start       ] GC(80) Pause Young (Allocation Failure)
[79.084s][info][gc,heap        ] GC(80) DefNew: 2233534K(2516544K)->67233K(2516544K) Eden: 2233534K(2236928K)->0K(2236928K) From: 0K(279616K)->67233K(279616K)
[79.084s][info][gc,heap        ] GC(80) Tenured: 131182K(5592448K)->131182K(5592448K)
[79.084s][info][gc,metaspace   ] GC(80) Metaspace: 156275K(157632K)->156275K(157632K) NonClass: 138133K(138816K)->138133K(138816K) Class: 18141K(18816K)->18141K(18816K)
[79.084s][info][gc             ] GC(80) Pause Young (Allocation Failure) 2309M->193M(7918M) 13.901ms
[79.084s][info][gc,cpu         ] GC(80) User=0.02s Sys=0.00s Real=0.01s
[79.617s][info][gc,start       ] GC(81) Pause Full (System.gc())
[79.617s][info][gc,phases,start] GC(81) Phase 1: Mark live objects
[79.680s][info][gc,phases      ] GC(81) Phase 1: Mark live objects 62.122ms
[79.680s][info][gc,phases,start] GC(81) Phase 2: Compute new object addresses
[79.710s][info][gc,phases      ] GC(81) Phase 2: Compute new object addresses 30.006ms
[79.710s][info][gc,phases,start] GC(81) Phase 3: Adjust pointers
[79.748s][info][gc,phases      ] GC(81) Phase 3: Adjust pointers 38.174ms
[79.748s][info][gc,phases,start] GC(81) Phase 4: Move objects
[79.749s][info][gc,phases      ] GC(81) Phase 4: Move objects 0.673ms
[79.749s][info][gc,heap        ] GC(81) DefNew: 480437K(2516544K)->0K(2516544K) Eden: 413203K(2236928K)->0K(2236928K) From: 67233K(279616K)->0K(279616K)
[79.749s][info][gc,heap        ] GC(81) Tenured: 131182K(5592448K)->133557K(5592448K)
[79.749s][info][gc,metaspace   ] GC(81) Metaspace: 156280K(157632K)->156280K(157632K) NonClass: 138139K(138816K)->138139K(138816K) Class: 18141K(18816K)->18141K(18816K)
[79.749s][info][gc             ] GC(81) Pause Full (System.gc()) 597M->130M(7918M) 131.778ms
[79.749s][info][gc,cpu         ] GC(81) User=0.14s Sys=0.00s Real=0.14s
[80.621s][info][gc,start       ] GC(82) Pause Young (Allocation Failure)
[80.635s][info][gc,heap        ] GC(82) DefNew: 2236928K(2516544K)->67905K(2516544K) Eden: 2236928K(2236928K)->0K(2236928K) From: 0K(279616K)->67905K(279616K)
[80.635s][info][gc,heap        ] GC(82) Tenured: 133557K(5592448K)->133557K(5592448K)
[80.636s][info][gc,metaspace   ] GC(82) Metaspace: 156286K(157696K)->156286K(157696K) NonClass: 138145K(138880K)->138145K(138880K) Class: 18141K(18816K)->18141K(18816K)
[80.636s][info][gc             ] GC(82) Pause Young (Allocation Failure) 2314M->196M(7918M) 14.778ms
[80.636s][info][gc,cpu         ] GC(82) User=0.02s Sys=0.00s Real=0.00s
[81.154s][info][gc,start       ] GC(83) Pause Full (System.gc())
[81.154s][info][gc,phases,start] GC(83) Phase 1: Mark live objects
[81.217s][info][gc,phases      ] GC(83) Phase 1: Mark live objects 63.098ms
[81.217s][info][gc,phases,start] GC(83) Phase 2: Compute new object addresses
[81.246s][info][gc,phases      ] GC(83) Phase 2: Compute new object addresses 29.169ms
[81.246s][info][gc,phases,start] GC(83) Phase 3: Adjust pointers
[81.286s][info][gc,phases      ] GC(83) Phase 3: Adjust pointers 39.862ms
[81.286s][info][gc,phases,start] GC(83) Phase 4: Move objects
[81.300s][info][gc,phases      ] GC(83) Phase 4: Move objects 13.905ms
[81.300s][info][gc,heap        ] GC(83) DefNew: 477464K(2516544K)->0K(2516544K) Eden: 409559K(2236928K)->0K(2236928K) From: 67905K(279616K)->0K(279616K)
[81.300s][info][gc,heap        ] GC(83) Tenured: 133557K(5592448K)->127103K(5592448K)
[81.300s][info][gc,metaspace   ] GC(83) Metaspace: 156294K(157696K)->156294K(157696K) NonClass: 138153K(138880K)->138153K(138880K) Class: 18141K(18816K)->18141K(18816K)
[81.300s][info][gc             ] GC(83) Pause Full (System.gc()) 596M->124M(7918M) 146.801ms
[81.300s][info][gc,cpu         ] GC(83) User=0.16s Sys=0.00s Real=0.14s
[82.181s][info][gc,start       ] GC(84) Pause Young (Allocation Failure)
[82.196s][info][gc,heap        ] GC(84) DefNew: 2236022K(2516544K)->67311K(2516544K) Eden: 2236022K(2236928K)->0K(2236928K) From: 0K(279616K)->67311K(279616K)
[82.196s][info][gc,heap        ] GC(84) Tenured: 127103K(5592448K)->127103K(5592448K)
[82.196s][info][gc,metaspace   ] GC(84) Metaspace: 156296K(157696K)->156296K(157696K) NonClass: 138155K(138880K)->138155K(138880K) Class: 18141K(18816K)->18141K(18816K)
[82.196s][info][gc             ] GC(84) Pause Young (Allocation Failure) 2307M->189M(7918M) 14.300ms
[82.196s][info][gc,cpu         ] GC(84) User=0.02s Sys=0.00s Real=0.02s
[82.724s][info][gc,start       ] GC(85) Pause Full (System.gc())
[82.724s][info][gc,phases,start] GC(85) Phase 1: Mark live objects
[82.788s][info][gc,phases      ] GC(85) Phase 1: Mark live objects 63.870ms
[82.788s][info][gc,phases,start] GC(85) Phase 2: Compute new object addresses
[82.818s][info][gc,phases      ] GC(85) Phase 2: Compute new object addresses 30.424ms
[82.818s][info][gc,phases,start] GC(85) Phase 3: Adjust pointers
[82.856s][info][gc,phases      ] GC(85) Phase 3: Adjust pointers 38.396ms
[82.857s][info][gc,phases,start] GC(85) Phase 4: Move objects
[82.857s][info][gc,phases      ] GC(85) Phase 4: Move objects 0.615ms
[82.858s][info][gc,heap        ] GC(85) DefNew: 484149K(2516544K)->0K(2516544K) Eden: 416837K(2236928K)->0K(2236928K) From: 67311K(279616K)->0K(279616K)
[82.858s][info][gc,heap        ] GC(85) Tenured: 127103K(5592448K)->129481K(5592448K)
[82.858s][info][gc,metaspace   ] GC(85) Metaspace: 156301K(157696K)->156301K(157696K) NonClass: 138159K(138880K)->138159K(138880K) Class: 18141K(18816K)->18141K(18816K)
[82.858s][info][gc             ] GC(85) Pause Full (System.gc()) 596M->126M(7918M) 134.084ms
[82.858s][info][gc,cpu         ] GC(85) User=0.12s Sys=0.00s Real=0.15s
[83.732s][info][gc,start       ] GC(86) Pause Young (Allocation Failure)
[83.746s][info][gc,heap        ] GC(86) DefNew: 2236928K(2516544K)->68006K(2516544K) Eden: 2236928K(2236928K)->0K(2236928K) From: 0K(279616K)->68006K(279616K)
[83.746s][info][gc,heap        ] GC(86) Tenured: 129481K(5592448K)->129481K(5592448K)
[83.746s][info][gc,metaspace   ] GC(86) Metaspace: 156301K(157696K)->156301K(157696K) NonClass: 138159K(138880K)->138159K(138880K) Class: 18141K(18816K)->18141K(18816K)
[83.746s][info][gc             ] GC(86) Pause Young (Allocation Failure) 2310M->192M(7918M) 14.736ms
[83.746s][info][gc,cpu         ] GC(86) User=0.02s Sys=0.00s Real=0.00s
[84.259s][info][gc,start       ] GC(87) Pause Full (System.gc())
[84.259s][info][gc,phases,start] GC(87) Phase 1: Mark live objects
[84.323s][info][gc,phases      ] GC(87) Phase 1: Mark live objects 63.290ms
[84.323s][info][gc,phases,start] GC(87) Phase 2: Compute new object addresses
[84.352s][info][gc,phases      ] GC(87) Phase 2: Compute new object addresses 29.251ms
[84.352s][info][gc,phases,start] GC(87) Phase 3: Adjust pointers
[84.391s][info][gc,phases      ] GC(87) Phase 3: Adjust pointers 38.844ms
[84.391s][info][gc,phases,start] GC(87) Phase 4: Move objects
[84.391s][info][gc,phases      ] GC(87) Phase 4: Move objects 0.627ms
[84.392s][info][gc,heap        ] GC(87) DefNew: 471733K(2516544K)->0K(2516544K) Eden: 403726K(2236928K)->0K(2236928K) From: 68006K(279616K)->0K(279616K)
[84.392s][info][gc,heap        ] GC(87) Tenured: 129481K(5592448K)->131858K(5592448K)
[84.392s][info][gc,metaspace   ] GC(87) Metaspace: 156303K(157696K)->156303K(157696K) NonClass: 138161K(138880K)->138161K(138880K) Class: 18141K(18816K)->18141K(18816K)
[84.392s][info][gc             ] GC(87) Pause Full (System.gc()) 587M->128M(7918M) 132.786ms
[84.392s][info][gc,cpu         ] GC(87) User=0.11s Sys=0.03s Real=0.13s
[85.286s][info][gc,start       ] GC(88) Pause Young (Allocation Failure)
[85.301s][info][gc,heap        ] GC(88) DefNew: 2236928K(2516544K)->68024K(2516544K) Eden: 2236928K(2236928K)->0K(2236928K) From: 0K(279616K)->68024K(279616K)
[85.301s][info][gc,heap        ] GC(88) Tenured: 131858K(5592448K)->131858K(5592448K)
[85.301s][info][gc,metaspace   ] GC(88) Metaspace: 156308K(157696K)->156308K(157696K) NonClass: 138166K(138880K)->138166K(138880K) Class: 18141K(18816K)->18141K(18816K)
[85.301s][info][gc             ] GC(88) Pause Young (Allocation Failure) 2313M->195M(7918M) 15.435ms
[85.302s][info][gc,cpu         ] GC(88) User=0.02s Sys=0.00s Real=0.02s
[85.812s][info][gc,start       ] GC(89) Pause Full (System.gc())
[85.812s][info][gc,phases,start] GC(89) Phase 1: Mark live objects
[85.874s][info][gc,phases      ] GC(89) Phase 1: Mark live objects 61.700ms
[85.874s][info][gc,phases,start] GC(89) Phase 2: Compute new object addresses
[85.904s][info][gc,phases      ] GC(89) Phase 2: Compute new object addresses 29.696ms
[85.904s][info][gc,phases,start] GC(89) Phase 3: Adjust pointers
[85.942s][info][gc,phases      ] GC(89) Phase 3: Adjust pointers 38.509ms
[85.943s][info][gc,phases,start] GC(89) Phase 4: Move objects
[85.943s][info][gc,phases      ] GC(89) Phase 4: Move objects 0.658ms
[85.944s][info][gc,heap        ] GC(89) DefNew: 470634K(2516544K)->0K(2516544K) Eden: 402610K(2236928K)->0K(2236928K) From: 68024K(279616K)->0K(279616K)
[85.944s][info][gc,heap        ] GC(89) Tenured: 131858K(5592448K)->134234K(5592448K)
[85.944s][info][gc,metaspace   ] GC(89) Metaspace: 156312K(157696K)->156312K(157696K) NonClass: 138170K(138880K)->138170K(138880K) Class: 18141K(18816K)->18141K(18816K)
[85.944s][info][gc             ] GC(89) Pause Full (System.gc()) 588M->131M(7918M) 131.278ms
[85.944s][info][gc,cpu         ] GC(89) User=0.12s Sys=0.00s Real=0.13s
[86.803s][info][gc,start       ] GC(90) Pause Young (Allocation Failure)
[86.818s][info][gc,heap        ] GC(90) DefNew: 2236928K(2516544K)->68114K(2516544K) Eden: 2236928K(2236928K)->0K(2236928K) From: 0K(279616K)->68114K(279616K)
[86.818s][info][gc,heap        ] GC(90) Tenured: 134234K(5592448K)->134234K(5592448K)
[86.818s][info][gc,metaspace   ] GC(90) Metaspace: 156353K(157760K)->156353K(157760K) NonClass: 138211K(138944K)->138211K(138944K) Class: 18141K(18816K)->18141K(18816K)
[86.819s][info][gc             ] GC(90) Pause Young (Allocation Failure) 2315M->197M(7918M) 15.457ms
[86.819s][info][gc,cpu         ] GC(90) User=0.02s Sys=0.00s Real=0.00s
[87.318s][info][gc,start       ] GC(91) Pause Full (System.gc())
[87.318s][info][gc,phases,start] GC(91) Phase 1: Mark live objects
[87.383s][info][gc,phases      ] GC(91) Phase 1: Mark live objects 65.284ms
[87.383s][info][gc,phases,start] GC(91) Phase 2: Compute new object addresses
[87.413s][info][gc,phases      ] GC(91) Phase 2: Compute new object addresses 29.117ms
[87.413s][info][gc,phases,start] GC(91) Phase 3: Adjust pointers
[87.453s][info][gc,phases      ] GC(91) Phase 3: Adjust pointers 40.035ms
[87.453s][info][gc,phases,start] GC(91) Phase 4: Move objects
[87.464s][info][gc,phases      ] GC(91) Phase 4: Move objects 11.511ms
[87.465s][info][gc,heap        ] GC(91) DefNew: 468680K(2516544K)->0K(2516544K) Eden: 400566K(2236928K)->0K(2236928K) From: 68114K(279616K)->0K(279616K)
[87.465s][info][gc,heap        ] GC(91) Tenured: 134234K(5592448K)->127007K(5592448K)
[87.465s][info][gc,metaspace   ] GC(91) Metaspace: 156462K(157824K)->156462K(157824K) NonClass: 138320K(139008K)->138320K(139008K) Class: 18141K(18816K)->18141K(18816K)
[87.465s][info][gc             ] GC(91) Pause Full (System.gc()) 588M->124M(7918M) 146.733ms
[87.465s][info][gc,cpu         ] GC(91) User=0.17s Sys=0.00s Real=0.14s
[88.340s][info][gc,start       ] GC(92) Pause Young (Allocation Failure)
[88.356s][info][gc,heap        ] GC(92) DefNew: 2236928K(2516544K)->68056K(2516544K) Eden: 2236928K(2236928K)->0K(2236928K) From: 0K(279616K)->68056K(279616K)
[88.356s][info][gc,heap        ] GC(92) Tenured: 127007K(5592448K)->127007K(5592448K)
[88.356s][info][gc,metaspace   ] GC(92) Metaspace: 156493K(157888K)->156493K(157888K) NonClass: 138345K(139072K)->138345K(139072K) Class: 18148K(18816K)->18148K(18816K)
[88.356s][info][gc             ] GC(92) Pause Young (Allocation Failure) 2308M->190M(7918M) 15.908ms
[88.356s][info][gc,cpu         ] GC(92) User=0.02s Sys=0.00s Real=0.01s
[88.869s][info][gc,start       ] GC(93) Pause Full (System.gc())
[88.869s][info][gc,phases,start] GC(93) Phase 1: Mark live objects
[88.933s][info][gc,phases      ] GC(93) Phase 1: Mark live objects 63.949ms
[88.933s][info][gc,phases,start] GC(93) Phase 2: Compute new object addresses
[88.963s][info][gc,phases      ] GC(93) Phase 2: Compute new object addresses 29.089ms
[88.963s][info][gc,phases,start] GC(93) Phase 3: Adjust pointers
[89.001s][info][gc,phases      ] GC(93) Phase 3: Adjust pointers 38.820ms
[89.001s][info][gc,phases,start] GC(93) Phase 4: Move objects
[89.002s][info][gc,phases      ] GC(93) Phase 4: Move objects 0.600ms
[89.003s][info][gc,heap        ] GC(93) DefNew: 468761K(2516544K)->0K(2516544K) Eden: 400704K(2236928K)->0K(2236928K) From: 68056K(279616K)->0K(279616K)
[89.003s][info][gc,heap        ] GC(93) Tenured: 127007K(5592448K)->129388K(5592448K)
[89.003s][info][gc,metaspace   ] GC(93) Metaspace: 156498K(157888K)->156498K(157888K) NonClass: 138350K(139072K)->138350K(139072K) Class: 18148K(18816K)->18148K(18816K)
[89.003s][info][gc             ] GC(93) Pause Full (System.gc()) 581M->126M(7918M) 133.300ms
[89.003s][info][gc,cpu         ] GC(93) User=0.14s Sys=0.00s Real=0.13s
[89.901s][info][gc,start       ] GC(94) Pause Young (Allocation Failure)
[89.916s][info][gc,heap        ] GC(94) DefNew: 2236928K(2516544K)->68057K(2516544K) Eden: 2236928K(2236928K)->0K(2236928K) From: 0K(279616K)->68057K(279616K)
[89.916s][info][gc,heap        ] GC(94) Tenured: 129388K(5592448K)->129388K(5592448K)
[89.916s][info][gc,metaspace   ] GC(94) Metaspace: 156498K(157888K)->156498K(157888K) NonClass: 138350K(139072K)->138350K(139072K) Class: 18148K(18816K)->18148K(18816K)
[89.916s][info][gc             ] GC(94) Pause Young (Allocation Failure) 2310M->192M(7918M) 15.405ms
[89.916s][info][gc,cpu         ] GC(94) User=0.02s Sys=0.00s Real=0.00s
[90.426s][info][gc,start       ] GC(95) Pause Full (System.gc())
[90.426s][info][gc,phases,start] GC(95) Phase 1: Mark live objects
[90.489s][info][gc,phases      ] GC(95) Phase 1: Mark live objects 62.642ms
[90.489s][info][gc,phases,start] GC(95) Phase 2: Compute new object addresses
[90.519s][info][gc,phases      ] GC(95) Phase 2: Compute new object addresses 29.662ms
[90.519s][info][gc,phases,start] GC(95) Phase 3: Adjust pointers
[90.558s][info][gc,phases      ] GC(95) Phase 3: Adjust pointers 38.902ms
[90.558s][info][gc,phases,start] GC(95) Phase 4: Move objects
[90.558s][info][gc,phases      ] GC(95) Phase 4: Move objects 0.587ms
[90.559s][info][gc,heap        ] GC(95) DefNew: 486218K(2516544K)->0K(2516544K) Eden: 418160K(2236928K)->0K(2236928K) From: 68057K(279616K)->0K(279616K)
[90.559s][info][gc,heap        ] GC(95) Tenured: 129388K(5592448K)->131764K(5592448K)
[90.559s][info][gc,metaspace   ] GC(95) Metaspace: 156498K(157888K)->156498K(157888K) NonClass: 138350K(139072K)->138350K(139072K) Class: 18148K(18816K)->18148K(18816K)
[90.559s][info][gc             ] GC(95) Pause Full (System.gc()) 601M->128M(7918M) 132.561ms
[90.559s][info][gc,cpu         ] GC(95) User=0.12s Sys=0.00s Real=0.13s
[91.422s][info][gc,start       ] GC(96) Pause Young (Allocation Failure)
[91.437s][info][gc,heap        ] GC(96) DefNew: 2236928K(2516544K)->68021K(2516544K) Eden: 2236928K(2236928K)->0K(2236928K) From: 0K(279616K)->68021K(279616K)
[91.437s][info][gc,heap        ] GC(96) Tenured: 131764K(5592448K)->131764K(5592448K)
[91.437s][info][gc,metaspace   ] GC(96) Metaspace: 156501K(157888K)->156501K(157888K) NonClass: 138353K(139072K)->138353K(139072K) Class: 18148K(18816K)->18148K(18816K)
[91.437s][info][gc             ] GC(96) Pause Young (Allocation Failure) 2313M->195M(7918M) 15.099ms
[91.437s][info][gc,cpu         ] GC(96) User=0.02s Sys=0.00s Real=0.02s
[91.941s][info][gc,start       ] GC(97) Pause Full (System.gc())
[91.941s][info][gc,phases,start] GC(97) Phase 1: Mark live objects
[92.005s][info][gc,phases      ] GC(97) Phase 1: Mark live objects 63.595ms
[92.005s][info][gc,phases,start] GC(97) Phase 2: Compute new object addresses
[92.034s][info][gc,phases      ] GC(97) Phase 2: Compute new object addresses 29.486ms
[92.034s][info][gc,phases,start] GC(97) Phase 3: Adjust pointers
[92.073s][info][gc,phases      ] GC(97) Phase 3: Adjust pointers 38.710ms
[92.073s][info][gc,phases,start] GC(97) Phase 4: Move objects
[92.074s][info][gc,phases      ] GC(97) Phase 4: Move objects 0.608ms
[92.074s][info][gc,heap        ] GC(97) DefNew: 474494K(2516544K)->0K(2516544K) Eden: 406472K(2236928K)->0K(2236928K) From: 68021K(279616K)->0K(279616K)
[92.074s][info][gc,heap        ] GC(97) Tenured: 131764K(5592448K)->134132K(5592448K)
[92.074s][info][gc,metaspace   ] GC(97) Metaspace: 156508K(157888K)->156508K(157888K) NonClass: 138360K(139072K)->138360K(139072K) Class: 18148K(18816K)->18148K(18816K)
[92.074s][info][gc             ] GC(97) Pause Full (System.gc()) 592M->130M(7918M) 133.171ms
[92.074s][info][gc,cpu         ] GC(97) User=0.12s Sys=0.00s Real=0.14s
[92.945s][info][gc,start       ] GC(98) Pause Young (Allocation Failure)
[92.959s][info][gc,heap        ] GC(98) DefNew: 2235624K(2516544K)->67346K(2516544K) Eden: 2235624K(2236928K)->0K(2236928K) From: 0K(279616K)->67346K(279616K)
[92.959s][info][gc,heap        ] GC(98) Tenured: 134132K(5592448K)->134132K(5592448K)
[92.959s][info][gc,metaspace   ] GC(98) Metaspace: 156613K(157952K)->156613K(157952K) NonClass: 138464K(139136K)->138464K(139136K) Class: 18148K(18816K)->18148K(18816K)
[92.959s][info][gc             ] GC(98) Pause Young (Allocation Failure) 2314M->196M(7918M) 14.039ms
[92.959s][info][gc,cpu         ] GC(98) User=0.02s Sys=0.00s Real=0.02s
[93.464s][info][gc,start       ] GC(99) Pause Full (System.gc())
[93.464s][info][gc,phases,start] GC(99) Phase 1: Mark live objects
[93.528s][info][gc,phases      ] GC(99) Phase 1: Mark live objects 63.931ms
[93.528s][info][gc,phases,start] GC(99) Phase 2: Compute new object addresses
[93.557s][info][gc,phases      ] GC(99) Phase 2: Compute new object addresses 28.979ms
[93.557s][info][gc,phases,start] GC(99) Phase 3: Adjust pointers
[93.597s][info][gc,phases      ] GC(99) Phase 3: Adjust pointers 40.285ms
[93.597s][info][gc,phases,start] GC(99) Phase 4: Move objects
[93.609s][info][gc,phases      ] GC(99) Phase 4: Move objects 11.443ms
[93.609s][info][gc,heap        ] GC(99) DefNew: 462789K(2516544K)->0K(2516544K) Eden: 395443K(2236928K)->0K(2236928K) From: 67346K(279616K)->0K(279616K)
[93.609s][info][gc,heap        ] GC(99) Tenured: 134132K(5592448K)->126876K(5592448K)
[93.609s][info][gc,metaspace   ] GC(99) Metaspace: 156695K(158080K)->156695K(158080K) NonClass: 138547K(139264K)->138547K(139264K) Class: 18148K(18816K)->18148K(18816K)
[93.609s][info][gc             ] GC(99) Pause Full (System.gc()) 582M->123M(7918M) 145.492ms
[93.609s][info][gc,cpu         ] GC(99) User=0.16s Sys=0.00s Real=0.16s
[94.478s][info][gc,start       ] GC(100) Pause Young (Allocation Failure)
[94.492s][info][gc,heap        ] GC(100) DefNew: 2234314K(2516544K)->67347K(2516544K) Eden: 2234314K(2236928K)->0K(2236928K) From: 0K(279616K)->67347K(279616K)
[94.493s][info][gc,heap        ] GC(100) Tenured: 126876K(5592448K)->126876K(5592448K)
[94.493s][info][gc,metaspace   ] GC(100) Metaspace: 156707K(158080K)->156707K(158080K) NonClass: 138559K(139264K)->138559K(139264K) Class: 18148K(18816K)->18148K(18816K)
[94.493s][info][gc             ] GC(100) Pause Young (Allocation Failure) 2305M->189M(7918M) 14.359ms
[94.493s][info][gc,cpu         ] GC(100) User=0.02s Sys=0.00s Real=0.02s
[95.010s][info][gc,start       ] GC(101) Pause Full (System.gc())
[95.010s][info][gc,phases,start] GC(101) Phase 1: Mark live objects
[95.075s][info][gc,phases      ] GC(101) Phase 1: Mark live objects 65.268ms
[95.075s][info][gc,phases,start] GC(101) Phase 2: Compute new object addresses
[95.104s][info][gc,phases      ] GC(101) Phase 2: Compute new object addresses 29.021ms
[95.104s][info][gc,phases,start] GC(101) Phase 3: Adjust pointers
[95.143s][info][gc,phases      ] GC(101) Phase 3: Adjust pointers 38.976ms
[95.143s][info][gc,phases,start] GC(101) Phase 4: Move objects
[95.144s][info][gc,phases      ] GC(101) Phase 4: Move objects 0.583ms
[95.144s][info][gc,heap        ] GC(101) DefNew: 462073K(2516544K)->0K(2516544K) Eden: 394726K(2236928K)->0K(2236928K) From: 67347K(279616K)->0K(279616K)
[95.144s][info][gc,heap        ] GC(101) Tenured: 126876K(5592448K)->129248K(5592448K)
[95.144s][info][gc,metaspace   ] GC(101) Metaspace: 156738K(158080K)->156738K(158080K) NonClass: 138589K(139264K)->138589K(139264K) Class: 18148K(18816K)->18148K(18816K)
[95.144s][info][gc             ] GC(101) Pause Full (System.gc()) 575M->126M(7918M) 134.609ms
[95.144s][info][gc,cpu         ] GC(101) User=0.17s Sys=0.00s Real=0.13s
[96.012s][info][gc,start       ] GC(102) Pause Young (Allocation Failure)
[96.026s][info][gc,heap        ] GC(102) DefNew: 2233126K(2516544K)->67237K(2516544K) Eden: 2233126K(2236928K)->0K(2236928K) From: 0K(279616K)->67237K(279616K)
[96.026s][info][gc,heap        ] GC(102) Tenured: 129248K(5592448K)->129248K(5592448K)
[96.026s][info][gc,metaspace   ] GC(102) Metaspace: 156739K(158080K)->156739K(158080K) NonClass: 138591K(139264K)->138591K(139264K) Class: 18148K(18816K)->18148K(18816K)
[96.026s][info][gc             ] GC(102) Pause Young (Allocation Failure) 2307M->191M(7918M) 14.401ms
[96.026s][info][gc,cpu         ] GC(102) User=0.02s Sys=0.00s Real=0.02s
[96.547s][info][gc,start       ] GC(103) Pause Full (System.gc())
[96.547s][info][gc,phases,start] GC(103) Phase 1: Mark live objects
[96.611s][info][gc,phases      ] GC(103) Phase 1: Mark live objects 63.969ms
[96.611s][info][gc,phases,start] GC(103) Phase 2: Compute new object addresses
[96.641s][info][gc,phases      ] GC(103) Phase 2: Compute new object addresses 29.985ms
[96.641s][info][gc,phases,start] GC(103) Phase 3: Adjust pointers
[96.680s][info][gc,phases      ] GC(103) Phase 3: Adjust pointers 39.062ms
[96.680s][info][gc,phases,start] GC(103) Phase 4: Move objects
[96.681s][info][gc,phases      ] GC(103) Phase 4: Move objects 0.612ms
[96.681s][info][gc,heap        ] GC(103) DefNew: 477921K(2516544K)->0K(2516544K) Eden: 410684K(2236928K)->0K(2236928K) From: 67237K(279616K)->0K(279616K)
[96.681s][info][gc,heap        ] GC(103) Tenured: 129248K(5592448K)->131621K(5592448K)
[96.681s][info][gc,metaspace   ] GC(103) Metaspace: 156739K(158080K)->156739K(158080K) NonClass: 138591K(139264K)->138591K(139264K) Class: 18148K(18816K)->18148K(18816K)
[96.681s][info][gc             ] GC(103) Pause Full (System.gc()) 592M->128M(7918M) 134.417ms
[96.681s][info][gc,cpu         ] GC(103) User=0.12s Sys=0.00s Real=0.14s
[97.541s][info][gc,start       ] GC(104) Pause Young (Allocation Failure)
[97.555s][info][gc,heap        ] GC(104) DefNew: 2234101K(2516544K)->67233K(2516544K) Eden: 2234101K(2236928K)->0K(2236928K) From: 0K(279616K)->67233K(279616K)
[97.555s][info][gc,heap        ] GC(104) Tenured: 131621K(5592448K)->131621K(5592448K)
[97.555s][info][gc,metaspace   ] GC(104) Metaspace: 156741K(158080K)->156741K(158080K) NonClass: 138593K(139264K)->138593K(139264K) Class: 18148K(18816K)->18148K(18816K)
[97.555s][info][gc             ] GC(104) Pause Young (Allocation Failure) 2310M->194M(7918M) 14.487ms
[97.555s][info][gc,cpu         ] GC(104) User=0.02s Sys=0.00s Real=0.02s
[98.063s][info][gc,start       ] GC(105) Pause Full (System.gc())
[98.063s][info][gc,phases,start] GC(105) Phase 1: Mark live objects
[98.126s][info][gc,phases      ] GC(105) Phase 1: Mark live objects 62.537ms
[98.126s][info][gc,phases,start] GC(105) Phase 2: Compute new object addresses
[98.156s][info][gc,phases      ] GC(105) Phase 2: Compute new object addresses 29.992ms
[98.156s][info][gc,phases,start] GC(105) Phase 3: Adjust pointers
[98.195s][info][gc,phases      ] GC(105) Phase 3: Adjust pointers 38.957ms
[98.195s][info][gc,phases,start] GC(105) Phase 4: Move objects
[98.196s][info][gc,phases      ] GC(105) Phase 4: Move objects 0.656ms
[98.196s][info][gc,heap        ] GC(105) DefNew: 486001K(2516544K)->0K(2516544K) Eden: 418768K(2236928K)->0K(2236928K) From: 67233K(279616K)->0K(279616K)
[98.196s][info][gc,heap        ] GC(105) Tenured: 131621K(5592448K)->133991K(5592448K)
[98.196s][info][gc,metaspace   ] GC(105) Metaspace: 156741K(158080K)->156741K(158080K) NonClass: 138593K(139264K)->138593K(139264K) Class: 18148K(18816K)->18148K(18816K)
[98.196s][info][gc             ] GC(105) Pause Full (System.gc()) 603M->130M(7918M) 132.872ms
[98.196s][info][gc,cpu         ] GC(105) User=0.12s Sys=0.00s Real=0.15s
[99.051s][info][gc,start       ] GC(106) Pause Young (Allocation Failure)
[99.065s][info][gc,heap        ] GC(106) DefNew: 2236928K(2516544K)->68012K(2516544K) Eden: 2236928K(2236928K)->0K(2236928K) From: 0K(279616K)->68012K(279616K)
[99.065s][info][gc,heap        ] GC(106) Tenured: 133991K(5592448K)->133991K(5592448K)
[99.065s][info][gc,metaspace   ] GC(106) Metaspace: 156746K(158144K)->156746K(158144K) NonClass: 138598K(139328K)->138598K(139328K) Class: 18148K(18816K)->18148K(18816K)
[99.065s][info][gc             ] GC(106) Pause Young (Allocation Failure) 2315M->197M(7918M) 14.795ms
[99.065s][info][gc,cpu         ] GC(106) User=0.02s Sys=0.00s Real=0.01s
[99.569s][info][gc,start       ] GC(107) Pause Full (System.gc())
[99.570s][info][gc,phases,start] GC(107) Phase 1: Mark live objects
[99.634s][info][gc,phases      ] GC(107) Phase 1: Mark live objects 64.111ms
[99.634s][info][gc,phases,start] GC(107) Phase 2: Compute new object addresses
[99.663s][info][gc,phases      ] GC(107) Phase 2: Compute new object addresses 29.096ms
[99.663s][info][gc,phases,start] GC(107) Phase 3: Adjust pointers
[99.704s][info][gc,phases      ] GC(107) Phase 3: Adjust pointers 40.585ms
[99.704s][info][gc,phases,start] GC(107) Phase 4: Move objects
[99.715s][info][gc,phases      ] GC(107) Phase 4: Move objects 11.370ms
[99.715s][info][gc,heap        ] GC(107) DefNew: 470984K(2516544K)->0K(2516544K) Eden: 402971K(2236928K)->0K(2236928K) From: 68012K(279616K)->0K(279616K)
[99.715s][info][gc,heap        ] GC(107) Tenured: 133991K(5592448K)->126825K(5592448K)
[99.715s][info][gc,metaspace   ] GC(107) Metaspace: 156759K(158144K)->156759K(158144K) NonClass: 138611K(139328K)->138611K(139328K) Class: 18148K(18816K)->18148K(18816K)
[99.715s][info][gc             ] GC(107) Pause Full (System.gc()) 590M->123M(7918M) 145.927ms
[99.715s][info][gc,cpu         ] GC(107) User=0.14s Sys=0.00s Real=0.16s
[100.572s][info][gc,start       ] GC(108) Pause Young (Allocation Failure)
[100.586s][info][gc,heap        ] GC(108) DefNew: 2234958K(2516544K)->67339K(2516544K) Eden: 2234958K(2236928K)->0K(2236928K) From: 0K(279616K)->67339K(279616K)
[100.586s][info][gc,heap        ] GC(108) Tenured: 126825K(5592448K)->126825K(5592448K)
[100.586s][info][gc,metaspace   ] GC(108) Metaspace: 156793K(158144K)->156793K(158144K) NonClass: 138645K(139328K)->138645K(139328K) Class: 18148K(18816K)->18148K(18816K)
[100.586s][info][gc             ] GC(108) Pause Young (Allocation Failure) 2306M->189M(7918M) 14.198ms
[100.586s][info][gc,cpu         ] GC(108) User=0.02s Sys=0.00s Real=0.01s
[101.087s][info][gc,start       ] GC(109) Pause Full (System.gc())
[101.087s][info][gc,phases,start] GC(109) Phase 1: Mark live objects
[101.152s][info][gc,phases      ] GC(109) Phase 1: Mark live objects 64.205ms
[101.152s][info][gc,phases,start] GC(109) Phase 2: Compute new object addresses
[101.181s][info][gc,phases      ] GC(109) Phase 2: Compute new object addresses 29.824ms
[101.182s][info][gc,phases,start] GC(109) Phase 3: Adjust pointers
[101.221s][info][gc,phases      ] GC(109) Phase 3: Adjust pointers 39.725ms
[101.221s][info][gc,phases,start] GC(109) Phase 4: Move objects
[101.222s][info][gc,phases      ] GC(109) Phase 4: Move objects 0.585ms
[101.222s][info][gc,heap        ] GC(109) DefNew: 459048K(2516544K)->0K(2516544K) Eden: 391709K(2236928K)->0K(2236928K) From: 67339K(279616K)->0K(279616K)
[101.222s][info][gc,heap        ] GC(109) Tenured: 126825K(5592448K)->129194K(5592448K)
[101.222s][info][gc,metaspace   ] GC(109) Metaspace: 156794K(158144K)->156794K(158144K) NonClass: 138646K(139328K)->138646K(139328K) Class: 18148K(18816K)->18148K(18816K)
[101.222s][info][gc             ] GC(109) Pause Full (System.gc()) 572M->126M(7918M) 135.094ms
[101.222s][info][gc,cpu         ] GC(109) User=0.14s Sys=0.00s Real=0.12s
[102.095s][info][gc,start       ] GC(110) Pause Young (Allocation Failure)
[102.110s][info][gc,heap        ] GC(110) DefNew: 2236928K(2516544K)->68319K(2516544K) Eden: 2236928K(2236928K)->0K(2236928K) From: 0K(279616K)->68319K(279616K)
[102.110s][info][gc,heap        ] GC(110) Tenured: 129194K(5592448K)->129194K(5592448K)
[102.110s][info][gc,metaspace   ] GC(110) Metaspace: 156797K(158144K)->156797K(158144K) NonClass: 138649K(139328K)->138649K(139328K) Class: 18148K(18816K)->18148K(18816K)
[102.110s][info][gc             ] GC(110) Pause Young (Allocation Failure) 2310M->192M(7918M) 15.371ms
[102.110s][info][gc,cpu         ] GC(110) User=0.02s Sys=0.00s Real=0.02s
[102.627s][info][gc,start       ] GC(111) Pause Full (System.gc())
[102.627s][info][gc,phases,start] GC(111) Phase 1: Mark live objects
[102.691s][info][gc,phases      ] GC(111) Phase 1: Mark live objects 63.953ms
[102.691s][info][gc,phases,start] GC(111) Phase 2: Compute new object addresses
[102.721s][info][gc,phases      ] GC(111) Phase 2: Compute new object addresses 29.305ms
[102.721s][info][gc,phases,start] GC(111) Phase 3: Adjust pointers
[102.760s][info][gc,phases      ] GC(111) Phase 3: Adjust pointers 39.160ms
[102.760s][info][gc,phases,start] GC(111) Phase 4: Move objects
[102.760s][info][gc,phases      ] GC(111) Phase 4: Move objects 0.595ms
[102.761s][info][gc,heap        ] GC(111) DefNew: 476199K(2516544K)->0K(2516544K) Eden: 407879K(2236928K)->0K(2236928K) From: 68319K(279616K)->0K(279616K)
[102.761s][info][gc,heap        ] GC(111) Tenured: 129194K(5592448K)->131565K(5592448K)
[102.761s][info][gc,metaspace   ] GC(111) Metaspace: 156797K(158144K)->156797K(158144K) NonClass: 138649K(139328K)->138649K(139328K) Class: 18148K(18816K)->18148K(18816K)
[102.761s][info][gc             ] GC(111) Pause Full (System.gc()) 591M->128M(7918M) 133.770ms
[102.761s][info][gc,cpu         ] GC(111) User=0.12s Sys=0.00s Real=0.12s
[103.632s][info][gc,start       ] GC(112) Pause Young (Allocation Failure)
[103.647s][info][gc,heap        ] GC(112) DefNew: 2236928K(2516544K)->67924K(2516544K) Eden: 2236928K(2236928K)->0K(2236928K) From: 0K(279616K)->67924K(279616K)
[103.647s][info][gc,heap        ] GC(112) Tenured: 131565K(5592448K)->131565K(5592448K)
[103.647s][info][gc,metaspace   ] GC(112) Metaspace: 156808K(158144K)->156808K(158144K) NonClass: 138660K(139328K)->138660K(139328K) Class: 18148K(18816K)->18148K(18816K)
[103.647s][info][gc             ] GC(112) Pause Young (Allocation Failure) 2312M->194M(7918M) 14.817ms
[103.647s][info][gc,cpu         ] GC(112) User=0.02s Sys=0.00s Real=0.01s
[104.156s][info][gc,start       ] GC(113) Pause Full (System.gc())
[104.156s][info][gc,phases,start] GC(113) Phase 1: Mark live objects
[104.219s][info][gc,phases      ] GC(113) Phase 1: Mark live objects 63.490ms
[104.219s][info][gc,phases,start] GC(113) Phase 2: Compute new object addresses
[104.249s][info][gc,phases      ] GC(113) Phase 2: Compute new object addresses 29.221ms
[104.249s][info][gc,phases,start] GC(113) Phase 3: Adjust pointers
[104.288s][info][gc,phases      ] GC(113) Phase 3: Adjust pointers 39.490ms
[104.288s][info][gc,phases,start] GC(113) Phase 4: Move objects
[104.289s][info][gc,phases      ] GC(113) Phase 4: Move objects 0.583ms
[104.289s][info][gc,heap        ] GC(113) DefNew: 473909K(2516544K)->0K(2516544K) Eden: 405984K(2236928K)->0K(2236928K) From: 67924K(279616K)->0K(279616K)
[104.289s][info][gc,heap        ] GC(113) Tenured: 131565K(5592448K)->133933K(5592448K)
[104.289s][info][gc,metaspace   ] GC(113) Metaspace: 156811K(158208K)->156811K(158208K) NonClass: 138663K(139392K)->138663K(139392K) Class: 18148K(18816K)->18148K(18816K)
[104.289s][info][gc             ] GC(113) Pause Full (System.gc()) 591M->130M(7918M) 133.481ms
[104.289s][info][gc,cpu         ] GC(113) User=0.12s Sys=0.00s Real=0.13s
[105.147s][info][gc,start       ] GC(114) Pause Young (Allocation Failure)
[105.162s][info][gc,heap        ] GC(114) DefNew: 2236928K(2516544K)->68098K(2516544K) Eden: 2236928K(2236928K)->0K(2236928K) From: 0K(279616K)->68098K(279616K)
[105.162s][info][gc,heap        ] GC(114) Tenured: 133933K(5592448K)->133933K(5592448K)
[105.162s][info][gc,metaspace   ] GC(114) Metaspace: 156812K(158208K)->156812K(158208K) NonClass: 138663K(139392K)->138663K(139392K) Class: 18148K(18816K)->18148K(18816K)
[105.162s][info][gc             ] GC(114) Pause Young (Allocation Failure) 2315M->197M(7918M) 14.715ms
[105.162s][info][gc,cpu         ] GC(114) User=0.02s Sys=0.00s Real=0.01s
[105.669s][info][gc,start       ] GC(115) Pause Full (System.gc())
[105.669s][info][gc,phases,start] GC(115) Phase 1: Mark live objects
[105.733s][info][gc,phases      ] GC(115) Phase 1: Mark live objects 63.705ms
[105.733s][info][gc,phases,start] GC(115) Phase 2: Compute new object addresses
[105.762s][info][gc,phases      ] GC(115) Phase 2: Compute new object addresses 29.032ms
[105.762s][info][gc,phases,start] GC(115) Phase 3: Adjust pointers
[105.803s][info][gc,phases      ] GC(115) Phase 3: Adjust pointers 40.596ms
[105.803s][info][gc,phases,start] GC(115) Phase 4: Move objects
[105.805s][info][gc,phases      ] GC(115) Phase 4: Move objects 2.926ms
[105.806s][info][gc,heap        ] GC(115) DefNew: 476807K(2516544K)->0K(2516544K) Eden: 408709K(2236928K)->0K(2236928K) From: 68098K(279616K)->0K(279616K)
[105.806s][info][gc,heap        ] GC(115) Tenured: 133933K(5592448K)->126678K(5592448K)
[105.806s][info][gc,metaspace   ] GC(115) Metaspace: 156836K(158208K)->156836K(158208K) NonClass: 138688K(139392K)->138688K(139392K) Class: 18148K(18816K)->18148K(18816K)
[105.806s][info][gc             ] GC(115) Pause Full (System.gc()) 596M->123M(7918M) 137.111ms
[105.806s][info][gc,cpu         ] GC(115) User=0.14s Sys=0.00s Real=0.15s
[106.671s][info][gc,start       ] GC(116) Pause Young (Allocation Failure)
[106.685s][info][gc,heap        ] GC(116) DefNew: 2236928K(2516544K)->68047K(2516544K) Eden: 2236928K(2236928K)->0K(2236928K) From: 0K(279616K)->68047K(279616K)
[106.685s][info][gc,heap        ] GC(116) Tenured: 126678K(5592448K)->126678K(5592448K)
[106.685s][info][gc,metaspace   ] GC(116) Metaspace: 156839K(158208K)->156839K(158208K) NonClass: 138691K(139392K)->138691K(139392K) Class: 18148K(18816K)->18148K(18816K)
[106.685s][info][gc             ] GC(116) Pause Young (Allocation Failure) 2308M->190M(7918M) 14.530ms
[106.685s][info][gc,cpu         ] GC(116) User=0.00s Sys=0.00s Real=0.00s
[107.192s][info][gc,start       ] GC(117) Pause Full (System.gc())
[107.192s][info][gc,phases,start] GC(117) Phase 1: Mark live objects
[107.257s][info][gc,phases      ] GC(117) Phase 1: Mark live objects 64.931ms
[107.257s][info][gc,phases,start] GC(117) Phase 2: Compute new object addresses
[107.286s][info][gc,phases      ] GC(117) Phase 2: Compute new object addresses 29.169ms
[107.286s][info][gc,phases,start] GC(117) Phase 3: Adjust pointers
[107.325s][info][gc,phases      ] GC(117) Phase 3: Adjust pointers 39.464ms
[107.325s][info][gc,phases,start] GC(117) Phase 4: Move objects
[107.326s][info][gc,phases      ] GC(117) Phase 4: Move objects 0.605ms
[107.326s][info][gc,heap        ] GC(117) DefNew: 472800K(2516544K)->0K(2516544K) Eden: 404753K(2236928K)->0K(2236928K) From: 68047K(279616K)->0K(279616K)
[107.327s][info][gc,heap        ] GC(117) Tenured: 126678K(5592448K)->129052K(5592448K)
[107.327s][info][gc,metaspace   ] GC(117) Metaspace: 156845K(158208K)->156845K(158208K) NonClass: 138696K(139392K)->138696K(139392K) Class: 18148K(18816K)->18148K(18816K)
[107.327s][info][gc             ] GC(117) Pause Full (System.gc()) 585M->126M(7918M) 134.994ms
[107.327s][info][gc,cpu         ] GC(117) User=0.12s Sys=0.00s Real=0.14s
[108.187s][info][gc,start       ] GC(118) Pause Young (Allocation Failure)
[108.201s][info][gc,heap        ] GC(118) DefNew: 2236352K(2516544K)->67342K(2516544K) Eden: 2236352K(2236928K)->0K(2236928K) From: 0K(279616K)->67342K(279616K)
[108.201s][info][gc,heap        ] GC(118) Tenured: 129052K(5592448K)->129052K(5592448K)
[108.201s][info][gc,metaspace   ] GC(118) Metaspace: 156848K(158208K)->156848K(158208K) NonClass: 138700K(139392K)->138700K(139392K) Class: 18148K(18816K)->18148K(18816K)
[108.201s][info][gc             ] GC(118) Pause Young (Allocation Failure) 2309M->191M(7918M) 14.435ms
[108.201s][info][gc,cpu         ] GC(118) User=0.00s Sys=0.00s Real=0.02s
[108.694s][info][gc,start       ] GC(119) Pause Full (System.gc())
[108.694s][info][gc,phases,start] GC(119) Phase 1: Mark live objects
[108.760s][info][gc,phases      ] GC(119) Phase 1: Mark live objects 65.695ms
[108.760s][info][gc,phases,start] GC(119) Phase 2: Compute new object addresses
[108.789s][info][gc,phases      ] GC(119) Phase 2: Compute new object addresses 29.025ms
[108.789s][info][gc,phases,start] GC(119) Phase 3: Adjust pointers
[108.829s][info][gc,phases      ] GC(119) Phase 3: Adjust pointers 40.495ms
[108.829s][info][gc,phases,start] GC(119) Phase 4: Move objects
[108.830s][info][gc,phases      ] GC(119) Phase 4: Move objects 0.869ms
[108.831s][info][gc,heap        ] GC(119) DefNew: 468290K(2516544K)->0K(2516544K) Eden: 400947K(2236928K)->0K(2236928K) From: 67342K(279616K)->0K(279616K)
[108.831s][info][gc,heap        ] GC(119) Tenured: 129052K(5592448K)->131424K(5592448K)
[108.831s][info][gc,metaspace   ] GC(119) Metaspace: 156867K(158208K)->156867K(158208K) NonClass: 138719K(139392K)->138719K(139392K) Class: 18148K(18816K)->18148K(18816K)
[108.831s][info][gc             ] GC(119) Pause Full (System.gc()) 583M->128M(7918M) 136.885ms
[108.831s][info][gc,cpu         ] GC(119) User=0.14s Sys=0.00s Real=0.14s
[109.706s][info][gc,start       ] GC(120) Pause Young (Allocation Failure)
[109.720s][info][gc,heap        ] GC(120) DefNew: 2236928K(2516544K)->68043K(2516544K) Eden: 2236928K(2236928K)->0K(2236928K) From: 0K(279616K)->68043K(279616K)
[109.720s][info][gc,heap        ] GC(120) Tenured: 131424K(5592448K)->131424K(5592448K)
[109.721s][info][gc,metaspace   ] GC(120) Metaspace: 156876K(158208K)->156876K(158208K) NonClass: 138727K(139392K)->138727K(139392K) Class: 18148K(18816K)->18148K(18816K)
[109.721s][info][gc             ] GC(120) Pause Young (Allocation Failure) 2312M->194M(7918M) 14.770ms
[109.721s][info][gc,cpu         ] GC(120) User=0.02s Sys=0.00s Real=0.00s
[110.224s][info][gc,start       ] GC(121) Pause Full (System.gc())
[110.224s][info][gc,phases,start] GC(121) Phase 1: Mark live objects
[110.288s][info][gc,phases      ] GC(121) Phase 1: Mark live objects 64.050ms
[110.288s][info][gc,phases,start] GC(121) Phase 2: Compute new object addresses
[110.317s][info][gc,phases      ] GC(121) Phase 2: Compute new object addresses 29.190ms
[110.317s][info][gc,phases,start] GC(121) Phase 3: Adjust pointers
[110.356s][info][gc,phases      ] GC(121) Phase 3: Adjust pointers 38.864ms
[110.356s][info][gc,phases,start] GC(121) Phase 4: Move objects
[110.357s][info][gc,phases      ] GC(121) Phase 4: Move objects 0.617ms
[110.357s][info][gc,heap        ] GC(121) DefNew: 471250K(2516544K)->0K(2516544K) Eden: 403207K(2236928K)->0K(2236928K) From: 68043K(279616K)->0K(279616K)
[110.357s][info][gc,heap        ] GC(121) Tenured: 131424K(5592448K)->133793K(5592448K)
[110.357s][info][gc,metaspace   ] GC(121) Metaspace: 156876K(158208K)->156876K(158208K) NonClass: 138727K(139392K)->138727K(139392K) Class: 18148K(18816K)->18148K(18816K)
[110.357s][info][gc             ] GC(121) Pause Full (System.gc()) 588M->130M(7918M) 133.480ms
[110.357s][info][gc,cpu         ] GC(121) User=0.09s Sys=0.02s Real=0.14s
[111.219s][info][gc,start       ] GC(122) Pause Young (Allocation Failure)
[111.233s][info][gc,heap        ] GC(122) DefNew: 2236928K(2516544K)->68041K(2516544K) Eden: 2236928K(2236928K)->0K(2236928K) From: 0K(279616K)->68041K(279616K)
[111.233s][info][gc,heap        ] GC(122) Tenured: 133793K(5592448K)->133793K(5592448K)
[111.233s][info][gc,metaspace   ] GC(122) Metaspace: 156901K(158272K)->156901K(158272K) NonClass: 138753K(139456K)->138753K(139456K) Class: 18148K(18816K)->18148K(18816K)
[111.234s][info][gc             ] GC(122) Pause Young (Allocation Failure) 2315M->197M(7918M) 14.724ms
[111.234s][info][gc,cpu         ] GC(122) User=0.02s Sys=0.00s Real=0.00s
[111.727s][info][gc,start       ] GC(123) Pause Full (System.gc())
[111.728s][info][gc,phases,start] GC(123) Phase 1: Mark live objects
[111.791s][info][gc,phases      ] GC(123) Phase 1: Mark live objects 63.603ms
[111.791s][info][gc,phases,start] GC(123) Phase 2: Compute new object addresses
[111.821s][info][gc,phases      ] GC(123) Phase 2: Compute new object addresses 30.212ms
[111.821s][info][gc,phases,start] GC(123) Phase 3: Adjust pointers
[111.862s][info][gc,phases      ] GC(123) Phase 3: Adjust pointers 40.831ms
[111.862s][info][gc,phases,start] GC(123) Phase 4: Move objects
[111.866s][info][gc,phases      ] GC(123) Phase 4: Move objects 3.695ms
[111.866s][info][gc,heap        ] GC(123) DefNew: 476978K(2516544K)->0K(2516544K) Eden: 408937K(2236928K)->0K(2236928K) From: 68041K(279616K)->0K(279616K)
[111.866s][info][gc,heap        ] GC(123) Tenured: 133793K(5592448K)->126534K(5592448K)
[111.866s][info][gc,metaspace   ] GC(123) Metaspace: 156901K(158272K)->156901K(158272K) NonClass: 138753K(139456K)->138753K(139456K) Class: 18148K(18816K)->18148K(18816K)
[111.867s][info][gc             ] GC(123) Pause Full (System.gc()) 596M->123M(7918M) 139.281ms
[111.867s][info][gc,cpu         ] GC(123) User=0.14s Sys=0.00s Real=0.14s
[112.715s][info][gc,start       ] GC(124) Pause Young (Allocation Failure)
[112.729s][info][gc,heap        ] GC(124) DefNew: 2233212K(2516544K)->67234K(2516544K) Eden: 2233212K(2236928K)->0K(2236928K) From: 0K(279616K)->67234K(279616K)
[112.730s][info][gc,heap        ] GC(124) Tenured: 126534K(5592448K)->126534K(5592448K)
[112.730s][info][gc,metaspace   ] GC(124) Metaspace: 156902K(158272K)->156902K(158272K) NonClass: 138753K(139456K)->138753K(139456K) Class: 18148K(18816K)->18148K(18816K)
[112.730s][info][gc             ] GC(124) Pause Young (Allocation Failure) 2304M->189M(7918M) 14.472ms
[112.730s][info][gc,cpu         ] GC(124) User=0.02s Sys=0.00s Real=0.01s
[113.235s][info][gc,start       ] GC(125) Pause Full (System.gc())
[113.235s][info][gc,phases,start] GC(125) Phase 1: Mark live objects
[113.300s][info][gc,phases      ] GC(125) Phase 1: Mark live objects 64.286ms
[113.300s][info][gc,phases,start] GC(125) Phase 2: Compute new object addresses
[113.329s][info][gc,phases      ] GC(125) Phase 2: Compute new object addresses 29.627ms
[113.329s][info][gc,phases,start] GC(125) Phase 3: Adjust pointers
[113.368s][info][gc,phases      ] GC(125) Phase 3: Adjust pointers 38.788ms
[113.368s][info][gc,phases,start] GC(125) Phase 4: Move objects
[113.369s][info][gc,phases      ] GC(125) Phase 4: Move objects 0.680ms
[113.369s][info][gc,heap        ] GC(125) DefNew: 488000K(2516544K)->0K(2516544K) Eden: 420766K(2236928K)->0K(2236928K) From: 67234K(279616K)->0K(279616K)
[113.369s][info][gc,heap        ] GC(125) Tenured: 126534K(5592448K)->128903K(5592448K)
[113.369s][info][gc,metaspace   ] GC(125) Metaspace: 156902K(158272K)->156902K(158272K) NonClass: 138754K(139456K)->138754K(139456K) Class: 18148K(18816K)->18148K(18816K)
[113.369s][info][gc             ] GC(125) Pause Full (System.gc()) 600M->125M(7918M) 134.226ms
[113.370s][info][gc,cpu         ] GC(125) User=0.12s Sys=0.00s Real=0.14s
[114.230s][info][gc,start       ] GC(126) Pause Young (Allocation Failure)
[114.245s][info][gc,heap        ] GC(126) DefNew: 2236401K(2516544K)->67343K(2516544K) Eden: 2236401K(2236928K)->0K(2236928K) From: 0K(279616K)->67343K(279616K)
[114.245s][info][gc,heap        ] GC(126) Tenured: 128903K(5592448K)->128903K(5592448K)
[114.245s][info][gc,metaspace   ] GC(126) Metaspace: 156905K(158272K)->156905K(158272K) NonClass: 138757K(139456K)->138757K(139456K) Class: 18148K(18816K)->18148K(18816K)
[114.245s][info][gc             ] GC(126) Pause Young (Allocation Failure) 2309M->191M(7918M) 14.565ms
[114.245s][info][gc,cpu         ] GC(126) User=0.02s Sys=0.00s Real=0.02s
[114.771s][info][gc,start       ] GC(127) Pause Full (System.gc())
[114.771s][info][gc,phases,start] GC(127) Phase 1: Mark live objects
[114.835s][info][gc,phases      ] GC(127) Phase 1: Mark live objects 64.425ms
[114.835s][info][gc,phases,start] GC(127) Phase 2: Compute new object addresses
[114.865s][info][gc,phases      ] GC(127) Phase 2: Compute new object addresses 29.848ms
[114.865s][info][gc,phases,start] GC(127) Phase 3: Adjust pointers
[114.904s][info][gc,phases      ] GC(127) Phase 3: Adjust pointers 38.906ms
[114.904s][info][gc,phases,start] GC(127) Phase 4: Move objects
[114.905s][info][gc,phases      ] GC(127) Phase 4: Move objects 0.652ms
[114.905s][info][gc,heap        ] GC(127) DefNew: 470577K(2516544K)->0K(2516544K) Eden: 403234K(2236928K)->0K(2236928K) From: 67343K(279616K)->0K(279616K)
[114.905s][info][gc,heap        ] GC(127) Tenured: 128903K(5592448K)->131272K(5592448K)
[114.905s][info][gc,metaspace   ] GC(127) Metaspace: 156906K(158272K)->156906K(158272K) NonClass: 138757K(139456K)->138757K(139456K) Class: 18148K(18816K)->18148K(18816K)
[114.905s][info][gc             ] GC(127) Pause Full (System.gc()) 585M->128M(7918M) 134.608ms
[114.905s][info][gc,cpu         ] GC(127) User=0.11s Sys=0.02s Real=0.14s
[115.741s][info][gc,start       ] GC(128) Pause Young (Allocation Failure)
[115.755s][info][gc,heap        ] GC(128) DefNew: 2234550K(2516544K)->67233K(2516544K) Eden: 2234550K(2236928K)->0K(2236928K) From: 0K(279616K)->67233K(279616K)
[115.755s][info][gc,heap        ] GC(128) Tenured: 131272K(5592448K)->131272K(5592448K)
[115.755s][info][gc,metaspace   ] GC(128) Metaspace: 156906K(158272K)->156906K(158272K) NonClass: 138757K(139456K)->138757K(139456K) Class: 18148K(18816K)->18148K(18816K)
[115.755s][info][gc             ] GC(128) Pause Young (Allocation Failure) 2310M->193M(7918M) 14.270ms
[115.756s][info][gc,cpu         ] GC(128) User=0.02s Sys=0.00s Real=0.02s
[116.261s][info][gc,start       ] GC(129) Pause Full (System.gc())
[116.262s][info][gc,phases,start] GC(129) Phase 1: Mark live objects
[116.326s][info][gc,phases      ] GC(129) Phase 1: Mark live objects 64.305ms
[116.326s][info][gc,phases,start] GC(129) Phase 2: Compute new object addresses
[116.356s][info][gc,phases      ] GC(129) Phase 2: Compute new object addresses 29.857ms
[116.356s][info][gc,phases,start] GC(129) Phase 3: Adjust pointers
[116.395s][info][gc,phases      ] GC(129) Phase 3: Adjust pointers 39.365ms
[116.395s][info][gc,phases,start] GC(129) Phase 4: Move objects
[116.396s][info][gc,phases      ] GC(129) Phase 4: Move objects 0.609ms
[116.396s][info][gc,heap        ] GC(129) DefNew: 484158K(2516544K)->0K(2516544K) Eden: 416925K(2236928K)->0K(2236928K) From: 67233K(279616K)->0K(279616K)
[116.396s][info][gc,heap        ] GC(129) Tenured: 131272K(5592448K)->133639K(5592448K)
[116.396s][info][gc,metaspace   ] GC(129) Metaspace: 156908K(158272K)->156908K(158272K) NonClass: 138759K(139456K)->138759K(139456K) Class: 18148K(18816K)->18148K(18816K)
[116.396s][info][gc             ] GC(129) Pause Full (System.gc()) 601M->130M(7918M) 134.900ms
[116.396s][info][gc,cpu         ] GC(129) User=0.14s Sys=0.00s Real=0.14s
[117.246s][info][gc,start       ] GC(130) Pause Young (Allocation Failure)
[117.260s][info][gc,heap        ] GC(130) DefNew: 2236928K(2516544K)->68137K(2516544K) Eden: 2236928K(2236928K)->0K(2236928K) From: 0K(279616K)->68137K(279616K)
[117.260s][info][gc,heap        ] GC(130) Tenured: 133639K(5592448K)->133639K(5592448K)
[117.260s][info][gc,metaspace   ] GC(130) Metaspace: 156926K(158272K)->156926K(158272K) NonClass: 138778K(139456K)->138778K(139456K) Class: 18148K(18816K)->18148K(18816K)
[117.260s][info][gc             ] GC(130) Pause Young (Allocation Failure) 2315M->197M(7918M) 14.787ms
[117.260s][info][gc,cpu         ] GC(130) User=0.02s Sys=0.00s Real=0.02s
[117.757s][info][gc,start       ] GC(131) Pause Full (System.gc())
[117.757s][info][gc,phases,start] GC(131) Phase 1: Mark live objects
[117.821s][info][gc,phases      ] GC(131) Phase 1: Mark live objects 63.763ms
[117.821s][info][gc,phases,start] GC(131) Phase 2: Compute new object addresses
[117.851s][info][gc,phases      ] GC(131) Phase 2: Compute new object addresses 29.435ms
[117.851s][info][gc,phases,start] GC(131) Phase 3: Adjust pointers
[117.891s][info][gc,phases      ] GC(131) Phase 3: Adjust pointers 40.227ms
[117.891s][info][gc,phases,start] GC(131) Phase 4: Move objects
[117.903s][info][gc,phases      ] GC(131) Phase 4: Move objects 11.789ms
[117.903s][info][gc,heap        ] GC(131) DefNew: 484017K(2516544K)->0K(2516544K) Eden: 415879K(2236928K)->0K(2236928K) From: 68137K(279616K)->0K(279616K)
[117.903s][info][gc,heap        ] GC(131) Tenured: 133639K(5592448K)->127173K(5592448K)
[117.903s][info][gc,metaspace   ] GC(131) Metaspace: 156932K(158272K)->156932K(158272K) NonClass: 138783K(139456K)->138783K(139456K) Class: 18148K(18816K)->18148K(18816K)
[117.903s][info][gc             ] GC(131) Pause Full (System.gc()) 603M->124M(7918M) 145.951ms
[117.903s][info][gc,cpu         ] GC(131) User=0.14s Sys=0.00s Real=0.14s
[118.752s][info][gc,start       ] GC(132) Pause Young (Allocation Failure)
[118.767s][info][gc,heap        ] GC(132) DefNew: 2236928K(2516544K)->68221K(2516544K) Eden: 2236928K(2236928K)->0K(2236928K) From: 0K(279616K)->68221K(279616K)
[118.767s][info][gc,heap        ] GC(132) Tenured: 127173K(5592448K)->127173K(5592448K)
[118.767s][info][gc,metaspace   ] GC(132) Metaspace: 156969K(158336K)->156969K(158336K) NonClass: 138821K(139520K)->138821K(139520K) Class: 18148K(18816K)->18148K(18816K)
[118.767s][info][gc             ] GC(132) Pause Young (Allocation Failure) 2308M->190M(7918M) 15.456ms
[118.767s][info][gc,cpu         ] GC(132) User=0.02s Sys=0.00s Real=0.01s
[119.273s][info][gc,start       ] GC(133) Pause Full (System.gc())
[119.273s][info][gc,phases,start] GC(133) Phase 1: Mark live objects
[119.337s][info][gc,phases      ] GC(133) Phase 1: Mark live objects 64.065ms
[119.337s][info][gc,phases,start] GC(133) Phase 2: Compute new object addresses
[119.367s][info][gc,phases      ] GC(133) Phase 2: Compute new object addresses 29.317ms
[119.367s][info][gc,phases,start] GC(133) Phase 3: Adjust pointers
[119.406s][info][gc,phases      ] GC(133) Phase 3: Adjust pointers 39.462ms
[119.406s][info][gc,phases,start] GC(133) Phase 4: Move objects
[119.407s][info][gc,phases      ] GC(133) Phase 4: Move objects 0.577ms
[119.407s][info][gc,heap        ] GC(133) DefNew: 473597K(2516544K)->0K(2516544K) Eden: 405375K(2236928K)->0K(2236928K) From: 68221K(279616K)->0K(279616K)
[119.407s][info][gc,heap        ] GC(133) Tenured: 127173K(5592448K)->129539K(5592448K)
[119.407s][info][gc,metaspace   ] GC(133) Metaspace: 157137K(158464K)->157137K(158464K) NonClass: 138989K(139648K)->138989K(139648K) Class: 18148K(18816K)->18148K(18816K)
[119.407s][info][gc             ] GC(133) Pause Full (System.gc()) 586M->126M(7918M) 134.225ms
[119.407s][info][gc,cpu         ] GC(133) User=0.14s Sys=0.00s Real=0.14s
[120.297s][info][gc,start       ] GC(134) Pause Young (Allocation Failure)
[120.312s][info][gc,heap        ] GC(134) DefNew: 2236928K(2516544K)->68025K(2516544K) Eden: 2236928K(2236928K)->0K(2236928K) From: 0K(279616K)->68025K(279616K)
[120.312s][info][gc,heap        ] GC(134) Tenured: 129539K(5592448K)->129539K(5592448K)
[120.312s][info][gc,metaspace   ] GC(134) Metaspace: 157148K(158528K)->157148K(158528K) NonClass: 139000K(139712K)->139000K(139712K) Class: 18148K(18816K)->18148K(18816K)
[120.312s][info][gc             ] GC(134) Pause Young (Allocation Failure) 2311M->192M(7918M) 14.779ms
[120.312s][info][gc,cpu         ] GC(134) User=0.00s Sys=0.02s Real=0.02s
[120.811s][info][gc,start       ] GC(135) Pause Full (System.gc())
[120.812s][info][gc,phases,start] GC(135) Phase 1: Mark live objects
[120.875s][info][gc,phases      ] GC(135) Phase 1: Mark live objects 63.673ms
[120.875s][info][gc,phases,start] GC(135) Phase 2: Compute new object addresses
[120.905s][info][gc,phases      ] GC(135) Phase 2: Compute new object addresses 29.359ms
[120.905s][info][gc,phases,start] GC(135) Phase 3: Adjust pointers
[120.944s][info][gc,phases      ] GC(135) Phase 3: Adjust pointers 39.131ms
[120.944s][info][gc,phases,start] GC(135) Phase 4: Move objects
[120.944s][info][gc,phases      ] GC(135) Phase 4: Move objects 0.613ms
[120.945s][info][gc,heap        ] GC(135) DefNew: 471890K(2516544K)->0K(2516544K) Eden: 403864K(2236928K)->0K(2236928K) From: 68025K(279616K)->0K(279616K)
[120.945s][info][gc,heap        ] GC(135) Tenured: 129539K(5592448K)->131907K(5592448K)
[120.945s][info][gc,metaspace   ] GC(135) Metaspace: 157149K(158528K)->157149K(158528K) NonClass: 139001K(139712K)->139001K(139712K) Class: 18148K(18816K)->18148K(18816K)
[120.945s][info][gc             ] GC(135) Pause Full (System.gc()) 587M->128M(7918M) 133.656ms
[120.945s][info][gc,cpu         ] GC(135) User=0.12s Sys=0.00s Real=0.14s
[121.792s][info][gc,start       ] GC(136) Pause Young (Allocation Failure)
[121.807s][info][gc,heap        ] GC(136) DefNew: 2236928K(2516544K)->68237K(2516544K) Eden: 2236928K(2236928K)->0K(2236928K) From: 0K(279616K)->68237K(279616K)
[121.807s][info][gc,heap        ] GC(136) Tenured: 131907K(5592448K)->131907K(5592448K)
[121.807s][info][gc,metaspace   ] GC(136) Metaspace: 157153K(158528K)->157153K(158528K) NonClass: 139004K(139712K)->139004K(139712K) Class: 18148K(18816K)->18148K(18816K)
[121.807s][info][gc             ] GC(136) Pause Young (Allocation Failure) 2313M->195M(7918M) 15.396ms
[121.807s][info][gc,cpu         ] GC(136) User=0.02s Sys=0.00s Real=0.00s
[122.309s][info][gc,start       ] GC(137) Pause Full (System.gc())
[122.310s][info][gc,phases,start] GC(137) Phase 1: Mark live objects
[122.374s][info][gc,phases      ] GC(137) Phase 1: Mark live objects 64.499ms
[122.374s][info][gc,phases,start] GC(137) Phase 2: Compute new object addresses
[122.404s][info][gc,phases      ] GC(137) Phase 2: Compute new object addresses 29.635ms
[122.404s][info][gc,phases,start] GC(137) Phase 3: Adjust pointers
[122.443s][info][gc,phases      ] GC(137) Phase 3: Adjust pointers 38.941ms
[122.443s][info][gc,phases,start] GC(137) Phase 4: Move objects
[122.444s][info][gc,phases      ] GC(137) Phase 4: Move objects 0.689ms
[122.444s][info][gc,heap        ] GC(137) DefNew: 484090K(2516544K)->0K(2516544K) Eden: 415852K(2236928K)->0K(2236928K) From: 68237K(279616K)->0K(279616K)
[122.444s][info][gc,heap        ] GC(137) Tenured: 131907K(5592448K)->134274K(5592448K)
[122.444s][info][gc,metaspace   ] GC(137) Metaspace: 157153K(158528K)->157153K(158528K) NonClass: 139004K(139712K)->139004K(139712K) Class: 18148K(18816K)->18148K(18816K)
[122.444s][info][gc             ] GC(137) Pause Full (System.gc()) 601M->131M(7918M) 134.523ms
[122.444s][info][gc,cpu         ] GC(137) User=0.16s Sys=0.00s Real=0.14s
[123.288s][info][gc,start       ] GC(138) Pause Young (Allocation Failure)
[123.303s][info][gc,heap        ] GC(138) DefNew: 2236928K(2516544K)->68200K(2516544K) Eden: 2236928K(2236928K)->0K(2236928K) From: 0K(279616K)->68200K(279616K)
[123.303s][info][gc,heap        ] GC(138) Tenured: 134274K(5592448K)->134274K(5592448K)
[123.303s][info][gc,metaspace   ] GC(138) Metaspace: 157153K(158528K)->157153K(158528K) NonClass: 139004K(139712K)->139004K(139712K) Class: 18148K(18816K)->18148K(18816K)
[123.303s][info][gc             ] GC(138) Pause Young (Allocation Failure) 2315M->197M(7918M) 15.386ms
[123.303s][info][gc,cpu         ] GC(138) User=0.02s Sys=0.00s Real=0.01s
[123.805s][info][gc,start       ] GC(139) Pause Full (System.gc())
[123.805s][info][gc,phases,start] GC(139) Phase 1: Mark live objects
[123.869s][info][gc,phases      ] GC(139) Phase 1: Mark live objects 64.182ms
[123.869s][info][gc,phases,start] GC(139) Phase 2: Compute new object addresses
[123.899s][info][gc,phases      ] GC(139) Phase 2: Compute new object addresses 29.234ms
[123.899s][info][gc,phases,start] GC(139) Phase 3: Adjust pointers
[123.939s][info][gc,phases      ] GC(139) Phase 3: Adjust pointers 40.770ms
[123.939s][info][gc,phases,start] GC(139) Phase 4: Move objects
[123.950s][info][gc,phases      ] GC(139) Phase 4: Move objects 10.199ms
[123.950s][info][gc,heap        ] GC(139) DefNew: 479554K(2516544K)->0K(2516544K) Eden: 411354K(2236928K)->0K(2236928K) From: 68200K(279616K)->0K(279616K)
[123.950s][info][gc,heap        ] GC(139) Tenured: 134274K(5592448K)->127023K(5592448K)
[123.950s][info][gc,metaspace   ] GC(139) Metaspace: 157153K(158528K)->157153K(158528K) NonClass: 139004K(139712K)->139004K(139712K) Class: 18148K(18816K)->18148K(18816K)
[123.950s][info][gc             ] GC(139) Pause Full (System.gc()) 599M->124M(7918M) 145.100ms
[123.950s][info][gc,cpu         ] GC(139) User=0.14s Sys=0.00s Real=0.14s
[124.793s][info][gc,start       ] GC(140) Pause Young (Allocation Failure)
[124.808s][info][gc,heap        ] GC(140) DefNew: 2236928K(2516544K)->68045K(2516544K) Eden: 2236928K(2236928K)->0K(2236928K) From: 0K(279616K)->68045K(279616K)
[124.808s][info][gc,heap        ] GC(140) Tenured: 127023K(5592448K)->127023K(5592448K)
[124.808s][info][gc,metaspace   ] GC(140) Metaspace: 157154K(158528K)->157154K(158528K) NonClass: 139005K(139712K)->139005K(139712K) Class: 18148K(18816K)->18148K(18816K)
[124.808s][info][gc             ] GC(140) Pause Young (Allocation Failure) 2308M->190M(7918M) 14.662ms
[124.808s][info][gc,cpu         ] GC(140) User=0.02s Sys=0.00s Real=0.00s
[125.304s][info][gc,start       ] GC(141) Pause Full (System.gc())
[125.305s][info][gc,phases,start] GC(141) Phase 1: Mark live objects
[125.368s][info][gc,phases      ] GC(141) Phase 1: Mark live objects 63.658ms
[125.368s][info][gc,phases,start] GC(141) Phase 2: Compute new object addresses
[125.398s][info][gc,phases      ] GC(141) Phase 2: Compute new object addresses 29.404ms
[125.398s][info][gc,phases,start] GC(141) Phase 3: Adjust pointers
[125.437s][info][gc,phases      ] GC(141) Phase 3: Adjust pointers 39.075ms
[125.437s][info][gc,phases,start] GC(141) Phase 4: Move objects
[125.437s][info][gc,phases      ] GC(141) Phase 4: Move objects 0.600ms
[125.438s][info][gc,heap        ] GC(141) DefNew: 466448K(2516544K)->0K(2516544K) Eden: 398402K(2236928K)->0K(2236928K) From: 68045K(279616K)->0K(279616K)
[125.438s][info][gc,heap        ] GC(141) Tenured: 127023K(5592448K)->129393K(5592448K)
[125.438s][info][gc,metaspace   ] GC(141) Metaspace: 157156K(158528K)->157156K(158528K) NonClass: 139008K(139712K)->139008K(139712K) Class: 18148K(18816K)->18148K(18816K)
[125.438s][info][gc             ] GC(141) Pause Full (System.gc()) 579M->126M(7918M) 133.503ms
[125.438s][info][gc,cpu         ] GC(141) User=0.14s Sys=0.00s Real=0.14s
[126.286s][info][gc,start       ] GC(142) Pause Young (Allocation Failure)
[126.299s][info][gc,heap        ] GC(142) DefNew: 2236928K(2516544K)->67220K(2516544K) Eden: 2236928K(2236928K)->0K(2236928K) From: 0K(279616K)->67220K(279616K)
[126.300s][info][gc,heap        ] GC(142) Tenured: 129393K(5592448K)->129393K(5592448K)
[126.300s][info][gc,metaspace   ] GC(142) Metaspace: 157157K(158528K)->157157K(158528K) NonClass: 139009K(139712K)->139009K(139712K) Class: 18148K(18816K)->18148K(18816K)
[126.300s][info][gc             ] GC(142) Pause Young (Allocation Failure) 2310M->192M(7918M) 13.900ms
[126.300s][info][gc,cpu         ] GC(142) User=0.02s Sys=0.00s Real=0.02s
[126.789s][info][gc,start       ] GC(143) Pause Full (System.gc())
[126.790s][info][gc,phases,start] GC(143) Phase 1: Mark live objects
[126.856s][info][gc,phases      ] GC(143) Phase 1: Mark live objects 65.992ms
[126.856s][info][gc,phases,start] GC(143) Phase 2: Compute new object addresses
[126.885s][info][gc,phases      ] GC(143) Phase 2: Compute new object addresses 29.352ms
[126.885s][info][gc,phases,start] GC(143) Phase 3: Adjust pointers
[126.924s][info][gc,phases      ] GC(143) Phase 3: Adjust pointers 39.386ms
[126.924s][info][gc,phases,start] GC(143) Phase 4: Move objects
[126.925s][info][gc,phases      ] GC(143) Phase 4: Move objects 0.582ms
[126.925s][info][gc,heap        ] GC(143) DefNew: 466660K(2516544K)->0K(2516544K) Eden: 399439K(2236928K)->0K(2236928K) From: 67220K(279616K)->0K(279616K)
[126.925s][info][gc,heap        ] GC(143) Tenured: 129393K(5592448K)->131761K(5592448K)
[126.925s][info][gc,metaspace   ] GC(143) Metaspace: 157157K(158528K)->157157K(158528K) NonClass: 139009K(139712K)->139009K(139712K) Class: 18148K(18816K)->18148K(18816K)
[126.925s][info][gc             ] GC(143) Pause Full (System.gc()) 582M->128M(7918M) 136.082ms
[126.926s][info][gc,cpu         ] GC(143) User=0.14s Sys=0.00s Real=0.14s
[127.772s][info][gc,start       ] GC(144) Pause Young (Allocation Failure)
[127.786s][info][gc,heap        ] GC(144) DefNew: 2236928K(2516544K)->67232K(2516544K) Eden: 2236928K(2236928K)->0K(2236928K) From: 0K(279616K)->67232K(279616K)
[127.786s][info][gc,heap        ] GC(144) Tenured: 131761K(5592448K)->131761K(5592448K)
[127.786s][info][gc,metaspace   ] GC(144) Metaspace: 157159K(158528K)->157159K(158528K) NonClass: 139010K(139712K)->139010K(139712K) Class: 18148K(18816K)->18148K(18816K)
[127.786s][info][gc             ] GC(144) Pause Young (Allocation Failure) 2313M->194M(7918M) 14.030ms
[127.786s][info][gc,cpu         ] GC(144) User=0.02s Sys=0.00s Real=0.02s
[128.281s][info][gc,start       ] GC(145) Pause Full (System.gc())
[128.281s][info][gc,phases,start] GC(145) Phase 1: Mark live objects
[128.344s][info][gc,phases      ] GC(145) Phase 1: Mark live objects 63.220ms
[128.344s][info][gc,phases,start] GC(145) Phase 2: Compute new object addresses
[128.374s][info][gc,phases      ] GC(145) Phase 2: Compute new object addresses 30.099ms
[128.375s][info][gc,phases,start] GC(145) Phase 3: Adjust pointers
[128.414s][info][gc,phases      ] GC(145) Phase 3: Adjust pointers 39.293ms
[128.414s][info][gc,phases,start] GC(145) Phase 4: Move objects
[128.415s][info][gc,phases      ] GC(145) Phase 4: Move objects 0.698ms
[128.415s][info][gc,heap        ] GC(145) DefNew: 478281K(2516544K)->0K(2516544K) Eden: 411049K(2236928K)->0K(2236928K) From: 67232K(279616K)->0K(279616K)
[128.415s][info][gc,heap        ] GC(145) Tenured: 131761K(5592448K)->134129K(5592448K)
[128.415s][info][gc,metaspace   ] GC(145) Metaspace: 157161K(158528K)->157161K(158528K) NonClass: 139012K(139712K)->139012K(139712K) Class: 18148K(18816K)->18148K(18816K)
[128.415s][info][gc             ] GC(145) Pause Full (System.gc()) 595M->130M(7918M) 134.097ms
[128.415s][info][gc,cpu         ] GC(145) User=0.12s Sys=0.00s Real=0.14s
[129.249s][info][gc,start       ] GC(146) Pause Young (Allocation Failure)
[129.264s][info][gc,heap        ] GC(146) DefNew: 2236928K(2516544K)->67104K(2516544K) Eden: 2236928K(2236928K)->0K(2236928K) From: 0K(279616K)->67104K(279616K)
[129.264s][info][gc,heap        ] GC(146) Tenured: 134129K(5592448K)->134129K(5592448K)
[129.264s][info][gc,metaspace   ] GC(146) Metaspace: 157161K(158528K)->157161K(158528K) NonClass: 139012K(139712K)->139012K(139712K) Class: 18148K(18816K)->18148K(18816K)
[129.264s][info][gc             ] GC(146) Pause Young (Allocation Failure) 2315M->196M(7918M) 15.089ms
[129.264s][info][gc,cpu         ] GC(146) User=0.00s Sys=0.00s Real=0.02s
[129.770s][info][gc,start       ] GC(147) Pause Full (System.gc())
[129.771s][info][gc,phases,start] GC(147) Phase 1: Mark live objects
[129.838s][info][gc,phases      ] GC(147) Phase 1: Mark live objects 67.283ms
[129.838s][info][gc,phases,start] GC(147) Phase 2: Compute new object addresses
[129.869s][info][gc,phases      ] GC(147) Phase 2: Compute new object addresses 30.644ms
[129.869s][info][gc,phases,start] GC(147) Phase 3: Adjust pointers
[129.910s][info][gc,phases      ] GC(147) Phase 3: Adjust pointers 40.963ms
[129.910s][info][gc,phases,start] GC(147) Phase 4: Move objects
[129.924s][info][gc,phases      ] GC(147) Phase 4: Move objects 14.118ms
[129.924s][info][gc,heap        ] GC(147) DefNew: 491421K(2516544K)->0K(2516544K) Eden: 424317K(2236928K)->0K(2236928K) From: 67104K(279616K)->0K(279616K)
[129.924s][info][gc,heap        ] GC(147) Tenured: 134129K(5592448K)->126962K(5592448K)
[129.924s][info][gc,metaspace   ] GC(147) Metaspace: 157162K(158528K)->157162K(158528K) NonClass: 139013K(139712K)->139013K(139712K) Class: 18148K(18816K)->18148K(18816K)
[129.924s][info][gc             ] GC(147) Pause Full (System.gc()) 610M->123M(7918M) 153.870ms
[129.924s][info][gc,cpu         ] GC(147) User=0.14s Sys=0.00s Real=0.16s
[130.763s][info][gc,start       ] GC(148) Pause Young (Allocation Failure)
[130.778s][info][gc,heap        ] GC(148) DefNew: 2236928K(2516544K)->68100K(2516544K) Eden: 2236928K(2236928K)->0K(2236928K) From: 0K(279616K)->68100K(279616K)
[130.778s][info][gc,heap        ] GC(148) Tenured: 126962K(5592448K)->126962K(5592448K)
[130.778s][info][gc,metaspace   ] GC(148) Metaspace: 157162K(158528K)->157162K(158528K) NonClass: 139013K(139712K)->139013K(139712K) Class: 18148K(18816K)->18148K(18816K)
[130.778s][info][gc             ] GC(148) Pause Young (Allocation Failure) 2308M->190M(7918M) 15.132ms
[130.778s][info][gc,cpu         ] GC(148) User=0.02s Sys=0.00s Real=0.00s
[131.280s][info][gc,start       ] GC(149) Pause Full (System.gc())
[131.280s][info][gc,phases,start] GC(149) Phase 1: Mark live objects
[131.343s][info][gc,phases      ] GC(149) Phase 1: Mark live objects 62.880ms
[131.343s][info][gc,phases,start] GC(149) Phase 2: Compute new object addresses
[131.373s][info][gc,phases      ] GC(149) Phase 2: Compute new object addresses 29.431ms
[131.373s][info][gc,phases,start] GC(149) Phase 3: Adjust pointers
[131.412s][info][gc,phases      ] GC(149) Phase 3: Adjust pointers 39.200ms
[131.412s][info][gc,phases,start] GC(149) Phase 4: Move objects
[131.413s][info][gc,phases      ] GC(149) Phase 4: Move objects 0.684ms
[131.413s][info][gc,heap        ] GC(149) DefNew: 482032K(2516544K)->0K(2516544K) Eden: 413932K(2236928K)->0K(2236928K) From: 68100K(279616K)->0K(279616K)
[131.413s][info][gc,heap        ] GC(149) Tenured: 126962K(5592448K)->129330K(5592448K)
[131.413s][info][gc,metaspace   ] GC(149) Metaspace: 157162K(158528K)->157162K(158528K) NonClass: 139014K(139712K)->139014K(139712K) Class: 18148K(18816K)->18148K(18816K)
[131.413s][info][gc             ] GC(149) Pause Full (System.gc()) 594M->126M(7918M) 132.956ms
[131.413s][info][gc,cpu         ] GC(149) User=0.12s Sys=0.00s Real=0.14s
[132.257s][info][gc,start       ] GC(150) Pause Young (Allocation Failure)
[132.272s][info][gc,heap        ] GC(150) DefNew: 2233132K(2516544K)->67303K(2516544K) Eden: 2233132K(2236928K)->0K(2236928K) From: 0K(279616K)->67303K(279616K)
[132.272s][info][gc,heap        ] GC(150) Tenured: 129330K(5592448K)->129330K(5592448K)
[132.272s][info][gc,metaspace   ] GC(150) Metaspace: 157162K(158528K)->157162K(158528K) NonClass: 139014K(139712K)->139014K(139712K) Class: 18148K(18816K)->18148K(18816K)
[132.273s][info][gc             ] GC(150) Pause Young (Allocation Failure) 2307M->192M(7918M) 15.178ms
[132.273s][info][gc,cpu         ] GC(150) User=0.03s Sys=0.00s Real=0.02s
[132.776s][info][gc,start       ] GC(151) Pause Full (System.gc())
[132.777s][info][gc,phases,start] GC(151) Phase 1: Mark live objects
[132.842s][info][gc,phases      ] GC(151) Phase 1: Mark live objects 65.411ms
[132.842s][info][gc,phases,start] GC(151) Phase 2: Compute new object addresses
[132.872s][info][gc,phases      ] GC(151) Phase 2: Compute new object addresses 30.110ms
[132.872s][info][gc,phases,start] GC(151) Phase 3: Adjust pointers
[132.911s][info][gc,phases      ] GC(151) Phase 3: Adjust pointers 39.242ms
[132.912s][info][gc,phases,start] GC(151) Phase 4: Move objects
[132.912s][info][gc,phases      ] GC(151) Phase 4: Move objects 0.579ms
[132.913s][info][gc,heap        ] GC(151) DefNew: 480791K(2516544K)->0K(2516544K) Eden: 413487K(2236928K)->0K(2236928K) From: 67303K(279616K)->0K(279616K)
[132.913s][info][gc,heap        ] GC(151) Tenured: 129330K(5592448K)->131696K(5592448K)
[132.913s][info][gc,metaspace   ] GC(151) Metaspace: 157163K(158528K)->157163K(158528K) NonClass: 139014K(139712K)->139014K(139712K) Class: 18148K(18816K)->18148K(18816K)
[132.913s][info][gc             ] GC(151) Pause Full (System.gc()) 595M->128M(7918M) 136.203ms
[132.913s][info][gc,cpu         ] GC(151) User=0.16s Sys=0.00s Real=0.14s
[133.758s][info][gc,start       ] GC(152) Pause Young (Allocation Failure)
[133.773s][info][gc,heap        ] GC(152) DefNew: 2236928K(2516544K)->68170K(2516544K) Eden: 2236928K(2236928K)->0K(2236928K) From: 0K(279616K)->68170K(279616K)
[133.773s][info][gc,heap        ] GC(152) Tenured: 131696K(5592448K)->131696K(5592448K)
[133.773s][info][gc,metaspace   ] GC(152) Metaspace: 157192K(158528K)->157192K(158528K) NonClass: 139044K(139712K)->139044K(139712K) Class: 18148K(18816K)->18148K(18816K)
[133.773s][info][gc             ] GC(152) Pause Young (Allocation Failure) 2313M->195M(7918M) 15.423ms
[133.773s][info][gc,cpu         ] GC(152) User=0.02s Sys=0.00s Real=0.02s
[134.267s][info][gc,start       ] GC(153) Pause Full (System.gc())
[134.267s][info][gc,phases,start] GC(153) Phase 1: Mark live objects
[134.332s][info][gc,phases      ] GC(153) Phase 1: Mark live objects 64.317ms
[134.332s][info][gc,phases,start] GC(153) Phase 2: Compute new object addresses
[134.362s][info][gc,phases      ] GC(153) Phase 2: Compute new object addresses 29.732ms
[134.362s][info][gc,phases,start] GC(153) Phase 3: Adjust pointers
[134.401s][info][gc,phases      ] GC(153) Phase 3: Adjust pointers 39.500ms
[134.401s][info][gc,phases,start] GC(153) Phase 4: Move objects
[134.402s][info][gc,phases      ] GC(153) Phase 4: Move objects 0.605ms
[134.402s][info][gc,heap        ] GC(153) DefNew: 485810K(2516544K)->0K(2516544K) Eden: 417640K(2236928K)->0K(2236928K) From: 68170K(279616K)->0K(279616K)
[134.402s][info][gc,heap        ] GC(153) Tenured: 131696K(5592448K)->134065K(5592448K)
[134.402s][info][gc,metaspace   ] GC(153) Metaspace: 157192K(158528K)->157192K(158528K) NonClass: 139044K(139712K)->139044K(139712K) Class: 18148K(18816K)->18148K(18816K)
[134.402s][info][gc             ] GC(153) Pause Full (System.gc()) 603M->130M(7918M) 134.916ms
[134.402s][info][gc,cpu         ] GC(153) User=0.11s Sys=0.02s Real=0.12s
[135.244s][info][gc,start       ] GC(154) Pause Young (Allocation Failure)
[135.258s][info][gc,heap        ] GC(154) DefNew: 2236928K(2516544K)->68068K(2516544K) Eden: 2236928K(2236928K)->0K(2236928K) From: 0K(279616K)->68068K(279616K)
[135.259s][info][gc,heap        ] GC(154) Tenured: 134065K(5592448K)->134065K(5592448K)
[135.259s][info][gc,metaspace   ] GC(154) Metaspace: 157192K(158528K)->157192K(158528K) NonClass: 139044K(139712K)->139044K(139712K) Class: 18148K(18816K)->18148K(18816K)
[135.259s][info][gc             ] GC(154) Pause Young (Allocation Failure) 2315M->197M(7918M) 14.637ms
[135.259s][info][gc,cpu         ] GC(154) User=0.02s Sys=0.00s Real=0.01s
[135.755s][info][gc,start       ] GC(155) Pause Full (System.gc())
[135.755s][info][gc,phases,start] GC(155) Phase 1: Mark live objects
[135.821s][info][gc,phases      ] GC(155) Phase 1: Mark live objects 65.048ms
[135.821s][info][gc,phases,start] GC(155) Phase 2: Compute new object addresses
[135.850s][info][gc,phases      ] GC(155) Phase 2: Compute new object addresses 29.518ms
[135.850s][info][gc,phases,start] GC(155) Phase 3: Adjust pointers
[135.891s][info][gc,phases      ] GC(155) Phase 3: Adjust pointers 40.961ms
[135.891s][info][gc,phases,start] GC(155) Phase 4: Move objects
[135.903s][info][gc,phases      ] GC(155) Phase 4: Move objects 11.651ms
[135.903s][info][gc,heap        ] GC(155) DefNew: 473553K(2516544K)->0K(2516544K) Eden: 405485K(2236928K)->0K(2236928K) From: 68068K(279616K)->0K(279616K)
[135.903s][info][gc,heap        ] GC(155) Tenured: 134065K(5592448K)->126814K(5592448K)
[135.903s][info][gc,metaspace   ] GC(155) Metaspace: 157195K(158528K)->157195K(158528K) NonClass: 139046K(139712K)->139046K(139712K) Class: 18148K(18816K)->18148K(18816K)
[135.903s][info][gc             ] GC(155) Pause Full (System.gc()) 593M->123M(7918M) 147.993ms
[135.903s][info][gc,cpu         ] GC(155) User=0.14s Sys=0.00s Real=0.14s
[136.752s][info][gc,start       ] GC(156) Pause Young (Allocation Failure)
[136.766s][info][gc,heap        ] GC(156) DefNew: 2236928K(2516544K)->68091K(2516544K) Eden: 2236928K(2236928K)->0K(2236928K) From: 0K(279616K)->68091K(279616K)
[136.766s][info][gc,heap        ] GC(156) Tenured: 126814K(5592448K)->126814K(5592448K)
[136.766s][info][gc,metaspace   ] GC(156) Metaspace: 157195K(158528K)->157195K(158528K) NonClass: 139046K(139712K)->139046K(139712K) Class: 18148K(18816K)->18148K(18816K)
[136.766s][info][gc             ] GC(156) Pause Young (Allocation Failure) 2308M->190M(7918M) 14.535ms
[136.766s][info][gc,cpu         ] GC(156) User=0.02s Sys=0.00s Real=0.00s
[137.259s][info][gc,start       ] GC(157) Pause Full (System.gc())
[137.260s][info][gc,phases,start] GC(157) Phase 1: Mark live objects
[137.324s][info][gc,phases      ] GC(157) Phase 1: Mark live objects 64.547ms
[137.324s][info][gc,phases,start] GC(157) Phase 2: Compute new object addresses
[137.353s][info][gc,phases      ] GC(157) Phase 2: Compute new object addresses 29.230ms
[137.353s][info][gc,phases,start] GC(157) Phase 3: Adjust pointers
[137.393s][info][gc,phases      ] GC(157) Phase 3: Adjust pointers 39.772ms
[137.393s][info][gc,phases,start] GC(157) Phase 4: Move objects
[137.394s][info][gc,phases      ] GC(157) Phase 4: Move objects 0.635ms
[137.394s][info][gc,heap        ] GC(157) DefNew: 471671K(2516544K)->0K(2516544K) Eden: 403580K(2236928K)->0K(2236928K) From: 68091K(279616K)->0K(279616K)
[137.394s][info][gc,heap        ] GC(157) Tenured: 126814K(5592448K)->129181K(5592448K)
[137.394s][info][gc,metaspace   ] GC(157) Metaspace: 157195K(158528K)->157195K(158528K) NonClass: 139046K(139712K)->139046K(139712K) Class: 18148K(18816K)->18148K(18816K)
[137.394s][info][gc             ] GC(157) Pause Full (System.gc()) 584M->126M(7918M) 134.947ms
[137.394s][info][gc,cpu         ] GC(157) User=0.14s Sys=0.00s Real=0.14s
[138.241s][info][gc,start       ] GC(158) Pause Young (Allocation Failure)
[138.255s][info][gc,heap        ] GC(158) DefNew: 2236928K(2516544K)->68047K(2516544K) Eden: 2236928K(2236928K)->0K(2236928K) From: 0K(279616K)->68047K(279616K)
[138.255s][info][gc,heap        ] GC(158) Tenured: 129181K(5592448K)->129181K(5592448K)
[138.255s][info][gc,metaspace   ] GC(158) Metaspace: 157198K(158528K)->157198K(158528K) NonClass: 139050K(139712K)->139050K(139712K) Class: 18148K(18816K)->18148K(18816K)
[138.256s][info][gc             ] GC(158) Pause Young (Allocation Failure) 2310M->192M(7918M) 14.931ms
[138.256s][info][gc,cpu         ] GC(158) User=0.02s Sys=0.00s Real=0.01s
[138.753s][info][gc,start       ] GC(159) Pause Full (System.gc())
[138.754s][info][gc,phases,start] GC(159) Phase 1: Mark live objects
[138.818s][info][gc,phases      ] GC(159) Phase 1: Mark live objects 64.828ms
[138.818s][info][gc,phases,start] GC(159) Phase 2: Compute new object addresses
[138.848s][info][gc,phases      ] GC(159) Phase 2: Compute new object addresses 29.701ms
[138.848s][info][gc,phases,start] GC(159) Phase 3: Adjust pointers
[138.889s][info][gc,phases      ] GC(159) Phase 3: Adjust pointers 40.677ms
[138.889s][info][gc,phases,start] GC(159) Phase 4: Move objects
[138.890s][info][gc,phases      ] GC(159) Phase 4: Move objects 0.620ms
[138.890s][info][gc,heap        ] GC(159) DefNew: 469569K(2516544K)->0K(2516544K) Eden: 401522K(2236928K)->0K(2236928K) From: 68047K(279616K)->0K(279616K)
[138.890s][info][gc,heap        ] GC(159) Tenured: 129181K(5592448K)->131548K(5592448K)
[138.890s][info][gc,metaspace   ] GC(159) Metaspace: 157206K(158528K)->157206K(158528K) NonClass: 139057K(139712K)->139057K(139712K) Class: 18148K(18816K)->18148K(18816K)
[138.890s][info][gc             ] GC(159) Pause Full (System.gc()) 584M->128M(7918M) 136.613ms
[138.890s][info][gc,cpu         ] GC(159) User=0.14s Sys=0.00s Real=0.14s
[139.732s][info][gc,start       ] GC(160) Pause Young (Allocation Failure)
[139.747s][info][gc,heap        ] GC(160) DefNew: 2236928K(2516544K)->68123K(2516544K) Eden: 2236928K(2236928K)->0K(2236928K) From: 0K(279616K)->68123K(279616K)
[139.747s][info][gc,heap        ] GC(160) Tenured: 131548K(5592448K)->131548K(5592448K)
[139.747s][info][gc,metaspace   ] GC(160) Metaspace: 157206K(158528K)->157206K(158528K) NonClass: 139057K(139712K)->139057K(139712K) Class: 18148K(18816K)->18148K(18816K)
[139.747s][info][gc             ] GC(160) Pause Young (Allocation Failure) 2312M->194M(7918M) 15.256ms
[139.747s][info][gc,cpu         ] GC(160) User=0.02s Sys=0.00s Real=0.02s
[140.250s][info][gc,start       ] GC(161) Pause Full (System.gc())
[140.251s][info][gc,phases,start] GC(161) Phase 1: Mark live objects
[140.316s][info][gc,phases      ] GC(161) Phase 1: Mark live objects 65.247ms
[140.316s][info][gc,phases,start] GC(161) Phase 2: Compute new object addresses
[140.346s][info][gc,phases      ] GC(161) Phase 2: Compute new object addresses 29.682ms
[140.346s][info][gc,phases,start] GC(161) Phase 3: Adjust pointers
[140.385s][info][gc,phases      ] GC(161) Phase 3: Adjust pointers 39.508ms
[140.385s][info][gc,phases,start] GC(161) Phase 4: Move objects
[140.386s][info][gc,phases      ] GC(161) Phase 4: Move objects 0.566ms
[140.386s][info][gc,heap        ] GC(161) DefNew: 476116K(2516544K)->0K(2516544K) Eden: 407993K(2236928K)->0K(2236928K) From: 68123K(279616K)->0K(279616K)
[140.386s][info][gc,heap        ] GC(161) Tenured: 131548K(5592448K)->133913K(5592448K)
[140.386s][info][gc,metaspace   ] GC(161) Metaspace: 157207K(158528K)->157207K(158528K) NonClass: 139058K(139712K)->139058K(139712K) Class: 18148K(18816K)->18148K(18816K)
[140.386s][info][gc             ] GC(161) Pause Full (System.gc()) 593M->130M(7918M) 135.949ms
[140.386s][info][gc,cpu         ] GC(161) User=0.12s Sys=0.00s Real=0.14s
[141.232s][info][gc,start       ] GC(162) Pause Young (Allocation Failure)
[141.247s][info][gc,heap        ] GC(162) DefNew: 2236928K(2516544K)->68049K(2516544K) Eden: 2236928K(2236928K)->0K(2236928K) From: 0K(279616K)->68049K(279616K)
[141.247s][info][gc,heap        ] GC(162) Tenured: 133913K(5592448K)->133913K(5592448K)
[141.247s][info][gc,metaspace   ] GC(162) Metaspace: 157207K(158528K)->157207K(158528K) NonClass: 139058K(139712K)->139058K(139712K) Class: 18148K(18816K)->18148K(18816K)
[141.247s][info][gc             ] GC(162) Pause Young (Allocation Failure) 2315M->197M(7918M) 14.652ms
[141.247s][info][gc,cpu         ] GC(162) User=0.00s Sys=0.00s Real=0.00s
[141.738s][info][gc,start       ] GC(163) Pause Full (System.gc())
[141.738s][info][gc,phases,start] GC(163) Phase 1: Mark live objects
[141.802s][info][gc,phases      ] GC(163) Phase 1: Mark live objects 63.799ms
[141.802s][info][gc,phases,start] GC(163) Phase 2: Compute new object addresses
[141.831s][info][gc,phases      ] GC(163) Phase 2: Compute new object addresses 29.333ms
[141.831s][info][gc,phases,start] GC(163) Phase 3: Adjust pointers
[141.873s][info][gc,phases      ] GC(163) Phase 3: Adjust pointers 41.224ms
[141.873s][info][gc,phases,start] GC(163) Phase 4: Move objects
[141.884s][info][gc,phases      ] GC(163) Phase 4: Move objects 11.356ms
[141.884s][info][gc,heap        ] GC(163) DefNew: 473313K(2516544K)->0K(2516544K) Eden: 405264K(2236928K)->0K(2236928K) From: 68049K(279616K)->0K(279616K)
[141.884s][info][gc,heap        ] GC(163) Tenured: 133913K(5592448K)->126669K(5592448K)
[141.884s][info][gc,metaspace   ] GC(163) Metaspace: 157209K(158592K)->157209K(158592K) NonClass: 139060K(139776K)->139060K(139776K) Class: 18148K(18816K)->18148K(18816K)
[141.884s][info][gc             ] GC(163) Pause Full (System.gc()) 592M->123M(7918M) 146.442ms
[141.885s][info][gc,cpu         ] GC(163) User=0.14s Sys=0.00s Real=0.16s
[142.826s][info][gc,start       ] GC(164) Pause Young (Allocation Failure)
[142.843s][info][gc,heap        ] GC(164) DefNew: 2236928K(2516544K)->67741K(2516544K) Eden: 2236928K(2236928K)->0K(2236928K) From: 0K(279616K)->67741K(279616K)
[142.843s][info][gc,heap        ] GC(164) Tenured: 126669K(5592448K)->126669K(5592448K)
[142.843s][info][gc,metaspace   ] GC(164) Metaspace: 157231K(158592K)->157231K(158592K) NonClass: 139082K(139776K)->139082K(139776K) Class: 18148K(18816K)->18148K(18816K)
[142.843s][info][gc             ] GC(164) Pause Young (Allocation Failure) 2308M->189M(7918M) 16.944ms
[142.843s][info][gc,cpu         ] GC(164) User=0.05s Sys=0.00s Real=0.02s
[143.344s][info][gc,start       ] GC(165) Pause Full (System.gc())
[143.344s][info][gc,phases,start] GC(165) Phase 1: Mark live objects
[143.408s][info][gc,phases      ] GC(165) Phase 1: Mark live objects 64.685ms
[143.409s][info][gc,phases,start] GC(165) Phase 2: Compute new object addresses
[143.438s][info][gc,phases      ] GC(165) Phase 2: Compute new object addresses 28.986ms
[143.438s][info][gc,phases,start] GC(165) Phase 3: Adjust pointers
[143.477s][info][gc,phases      ] GC(165) Phase 3: Adjust pointers 39.481ms
[143.477s][info][gc,phases,start] GC(165) Phase 4: Move objects
[143.478s][info][gc,phases      ] GC(165) Phase 4: Move objects 0.605ms
[143.478s][info][gc,heap        ] GC(165) DefNew: 469437K(2516544K)->0K(2516544K) Eden: 401696K(2236928K)->0K(2236928K) From: 67741K(279616K)->0K(279616K)
[143.478s][info][gc,heap        ] GC(165) Tenured: 126669K(5592448K)->129036K(5592448K)
[143.478s][info][gc,metaspace   ] GC(165) Metaspace: 157233K(158592K)->157233K(158592K) NonClass: 139084K(139776K)->139084K(139776K) Class: 18148K(18816K)->18148K(18816K)
[143.478s][info][gc             ] GC(165) Pause Full (System.gc()) 582M->126M(7918M) 134.530ms
[143.478s][info][gc,cpu         ] GC(165) User=0.12s Sys=0.00s Real=0.13s
[144.333s][info][gc,start       ] GC(166) Pause Young (Allocation Failure)
[144.348s][info][gc,heap        ] GC(166) DefNew: 2236928K(2516544K)->68044K(2516544K) Eden: 2236928K(2236928K)->0K(2236928K) From: 0K(279616K)->68044K(279616K)
[144.348s][info][gc,heap        ] GC(166) Tenured: 129036K(5592448K)->129036K(5592448K)
[144.348s][info][gc,metaspace   ] GC(166) Metaspace: 157233K(158592K)->157233K(158592K) NonClass: 139084K(139776K)->139084K(139776K) Class: 18148K(18816K)->18148K(18816K)
[144.348s][info][gc             ] GC(166) Pause Young (Allocation Failure) 2310M->192M(7918M) 14.570ms
[144.348s][info][gc,cpu         ] GC(166) User=0.02s Sys=0.00s Real=0.00s
[144.846s][info][gc,start       ] GC(167) Pause Full (System.gc())
[144.846s][info][gc,phases,start] GC(167) Phase 1: Mark live objects
[144.912s][info][gc,phases      ] GC(167) Phase 1: Mark live objects 65.731ms
[144.912s][info][gc,phases,start] GC(167) Phase 2: Compute new object addresses
[144.941s][info][gc,phases      ] GC(167) Phase 2: Compute new object addresses 28.925ms
[144.941s][info][gc,phases,start] GC(167) Phase 3: Adjust pointers
[144.980s][info][gc,phases      ] GC(167) Phase 3: Adjust pointers 39.530ms
[144.980s][info][gc,phases,start] GC(167) Phase 4: Move objects
[144.981s][info][gc,phases      ] GC(167) Phase 4: Move objects 0.586ms
[144.981s][info][gc,heap        ] GC(167) DefNew: 474642K(2516544K)->0K(2516544K) Eden: 406597K(2236928K)->0K(2236928K) From: 68044K(279616K)->0K(279616K)
[144.981s][info][gc,heap        ] GC(167) Tenured: 129036K(5592448K)->131401K(5592448K)
[144.982s][info][gc,metaspace   ] GC(167) Metaspace: 157233K(158592K)->157233K(158592K) NonClass: 139084K(139776K)->139084K(139776K) Class: 18148K(18816K)->18148K(18816K)
[144.982s][info][gc             ] GC(167) Pause Full (System.gc()) 589M->128M(7918M) 135.535ms
[144.982s][info][gc,cpu         ] GC(167) User=0.12s Sys=0.00s Real=0.13s
[145.825s][info][gc,start       ] GC(168) Pause Young (Allocation Failure)
[145.842s][info][gc,heap        ] GC(168) DefNew: 2236928K(2516544K)->68057K(2516544K) Eden: 2236928K(2236928K)->0K(2236928K) From: 0K(279616K)->68057K(279616K)
[145.842s][info][gc,heap        ] GC(168) Tenured: 131401K(5592448K)->131401K(5592448K)
[145.842s][info][gc,metaspace   ] GC(168) Metaspace: 157254K(158592K)->157254K(158592K) NonClass: 139106K(139776K)->139106K(139776K) Class: 18148K(18816K)->18148K(18816K)
[145.842s][info][gc             ] GC(168) Pause Young (Allocation Failure) 2312M->194M(7918M) 16.300ms
[145.842s][info][gc,cpu         ] GC(168) User=0.02s Sys=0.02s Real=0.01s
[146.331s][info][gc,start       ] GC(169) Pause Full (System.gc())
[146.331s][info][gc,phases,start] GC(169) Phase 1: Mark live objects
[146.396s][info][gc,phases      ] GC(169) Phase 1: Mark live objects 65.050ms
[146.396s][info][gc,phases,start] GC(169) Phase 2: Compute new object addresses
[146.426s][info][gc,phases      ] GC(169) Phase 2: Compute new object addresses 29.399ms
[146.426s][info][gc,phases,start] GC(169) Phase 3: Adjust pointers
[146.465s][info][gc,phases      ] GC(169) Phase 3: Adjust pointers 39.643ms
[146.465s][info][gc,phases,start] GC(169) Phase 4: Move objects
[146.466s][info][gc,phases      ] GC(169) Phase 4: Move objects 0.649ms
[146.467s][info][gc,heap        ] GC(169) DefNew: 473048K(2516544K)->0K(2516544K) Eden: 404991K(2236928K)->0K(2236928K) From: 68057K(279616K)->0K(279616K)
[146.467s][info][gc,heap        ] GC(169) Tenured: 131401K(5592448K)->133768K(5592448K)
[146.467s][info][gc,metaspace   ] GC(169) Metaspace: 157255K(158592K)->157255K(158592K) NonClass: 139106K(139776K)->139106K(139776K) Class: 18148K(18816K)->18148K(18816K)
[146.467s][info][gc             ] GC(169) Pause Full (System.gc()) 590M->130M(7918M) 135.520ms
[146.467s][info][gc,cpu         ] GC(169) User=0.12s Sys=0.00s Real=0.14s
[147.309s][info][gc,start       ] GC(170) Pause Young (Allocation Failure)
[147.325s][info][gc,heap        ] GC(170) DefNew: 2236928K(2516544K)->68140K(2516544K) Eden: 2236928K(2236928K)->0K(2236928K) From: 0K(279616K)->68140K(279616K)
[147.325s][info][gc,heap        ] GC(170) Tenured: 133768K(5592448K)->133768K(5592448K)
[147.325s][info][gc,metaspace   ] GC(170) Metaspace: 157256K(158592K)->157256K(158592K) NonClass: 139106K(139776K)->139106K(139776K) Class: 18149K(18816K)->18149K(18816K)
[147.325s][info][gc             ] GC(170) Pause Young (Allocation Failure) 2315M->197M(7918M) 15.732ms
[147.325s][info][gc,cpu         ] GC(170) User=0.02s Sys=0.00s Real=0.02s
[147.821s][info][gc,start       ] GC(171) Pause Full (System.gc())
[147.822s][info][gc,phases,start] GC(171) Phase 1: Mark live objects
[147.887s][info][gc,phases      ] GC(171) Phase 1: Mark live objects 65.310ms
[147.887s][info][gc,phases,start] GC(171) Phase 2: Compute new object addresses
[147.916s][info][gc,phases      ] GC(171) Phase 2: Compute new object addresses 29.508ms
[147.916s][info][gc,phases,start] GC(171) Phase 3: Adjust pointers
[147.957s][info][gc,phases      ] GC(171) Phase 3: Adjust pointers 40.064ms
[147.957s][info][gc,phases,start] GC(171) Phase 4: Move objects
[147.960s][info][gc,phases      ] GC(171) Phase 4: Move objects 3.197ms
[147.960s][info][gc,heap        ] GC(171) DefNew: 472167K(2516544K)->0K(2516544K) Eden: 404027K(2236928K)->0K(2236928K) From: 68140K(279616K)->0K(279616K)
[147.960s][info][gc,heap        ] GC(171) Tenured: 133768K(5592448K)->126606K(5592448K)
[147.960s][info][gc,metaspace   ] GC(171) Metaspace: 157256K(158592K)->157256K(158592K) NonClass: 139106K(139776K)->139106K(139776K) Class: 18149K(18816K)->18149K(18816K)
[147.960s][info][gc             ] GC(171) Pause Full (System.gc()) 591M->123M(7918M) 138.884ms
[147.960s][info][gc,cpu         ] GC(171) User=0.14s Sys=0.00s Real=0.15s
[148.806s][info][gc,start       ] GC(172) Pause Young (Allocation Failure)
[148.821s][info][gc,heap        ] GC(172) DefNew: 2236928K(2516544K)->67956K(2516544K) Eden: 2236928K(2236928K)->0K(2236928K) From: 0K(279616K)->67956K(279616K)
[148.821s][info][gc,heap        ] GC(172) Tenured: 126606K(5592448K)->126606K(5592448K)
[148.821s][info][gc,metaspace   ] GC(172) Metaspace: 157256K(158592K)->157256K(158592K) NonClass: 139106K(139776K)->139106K(139776K) Class: 18149K(18816K)->18149K(18816K)
[148.821s][info][gc             ] GC(172) Pause Young (Allocation Failure) 2308M->190M(7918M) 14.978ms
[148.821s][info][gc,cpu         ] GC(172) User=0.02s Sys=0.00s Real=0.02s
[149.316s][info][gc,start       ] GC(173) Pause Full (System.gc())
[149.316s][info][gc,phases,start] GC(173) Phase 1: Mark live objects
[149.380s][info][gc,phases      ] GC(173) Phase 1: Mark live objects 64.515ms
[149.380s][info][gc,phases,start] GC(173) Phase 2: Compute new object addresses
[149.410s][info][gc,phases      ] GC(173) Phase 2: Compute new object addresses 29.074ms
[149.410s][info][gc,phases,start] GC(173) Phase 3: Adjust pointers
[149.449s][info][gc,phases      ] GC(173) Phase 3: Adjust pointers 39.697ms
[149.449s][info][gc,phases,start] GC(173) Phase 4: Move objects
[149.450s][info][gc,phases      ] GC(173) Phase 4: Move objects 0.605ms
[149.450s][info][gc,heap        ] GC(173) DefNew: 474696K(2516544K)->0K(2516544K) Eden: 406740K(2236928K)->0K(2236928K) From: 67956K(279616K)->0K(279616K)
[149.450s][info][gc,heap        ] GC(173) Tenured: 126606K(5592448K)->128974K(5592448K)
[149.450s][info][gc,metaspace   ] GC(173) Metaspace: 157256K(158592K)->157256K(158592K) NonClass: 139107K(139776K)->139107K(139776K) Class: 18149K(18816K)->18149K(18816K)
[149.450s][info][gc             ] GC(173) Pause Full (System.gc()) 587M->125M(7918M) 134.653ms
[149.450s][info][gc,cpu         ] GC(173) User=0.11s Sys=0.00s Real=0.13s
[150.306s][info][gc,start       ] GC(174) Pause Young (Allocation Failure)
[150.321s][info][gc,heap        ] GC(174) DefNew: 2236928K(2516544K)->67199K(2516544K) Eden: 2236928K(2236928K)->0K(2236928K) From: 0K(279616K)->67199K(279616K)
[150.321s][info][gc,heap        ] GC(174) Tenured: 128974K(5592448K)->128974K(5592448K)
[150.321s][info][gc,metaspace   ] GC(174) Metaspace: 157264K(158592K)->157264K(158592K) NonClass: 139115K(139776K)->139115K(139776K) Class: 18149K(18816K)->18149K(18816K)
[150.321s][info][gc             ] GC(174) Pause Young (Allocation Failure) 2310M->191M(7918M) 14.865ms
[150.321s][info][gc,cpu         ] GC(174) User=0.02s Sys=0.00s Real=0.02s
[150.838s][info][gc,start       ] GC(175) Pause Full (System.gc())
[150.839s][info][gc,phases,start] GC(175) Phase 1: Mark live objects
[150.904s][info][gc,phases      ] GC(175) Phase 1: Mark live objects 65.138ms
[150.904s][info][gc,phases,start] GC(175) Phase 2: Compute new object addresses
[150.934s][info][gc,phases      ] GC(175) Phase 2: Compute new object addresses 29.883ms
[150.934s][info][gc,phases,start] GC(175) Phase 3: Adjust pointers
[150.973s][info][gc,phases      ] GC(175) Phase 3: Adjust pointers 39.579ms
[150.973s][info][gc,phases,start] GC(175) Phase 4: Move objects
[150.974s][info][gc,phases      ] GC(175) Phase 4: Move objects 0.575ms
[150.974s][info][gc,heap        ] GC(175) DefNew: 487816K(2516544K)->0K(2516544K) Eden: 420616K(2236928K)->0K(2236928K) From: 67199K(279616K)->0K(279616K)
[150.974s][info][gc,heap        ] GC(175) Tenured: 128974K(5592448K)->131338K(5592448K)
[150.974s][info][gc,metaspace   ] GC(175) Metaspace: 157280K(158656K)->157280K(158656K) NonClass: 139131K(139840K)->139131K(139840K) Class: 18149K(18816K)->18149K(18816K)
[150.974s][info][gc             ] GC(175) Pause Full (System.gc()) 602M->128M(7918M) 135.991ms
[150.975s][info][gc,cpu         ] GC(175) User=0.14s Sys=0.00s Real=0.13s
[151.833s][info][gc,start       ] GC(176) Pause Young (Allocation Failure)
[151.848s][info][gc,heap        ] GC(176) DefNew: 2236928K(2516544K)->68032K(2516544K) Eden: 2236928K(2236928K)->0K(2236928K) From: 0K(279616K)->68032K(279616K)
[151.848s][info][gc,heap        ] GC(176) Tenured: 131338K(5592448K)->131338K(5592448K)
[151.848s][info][gc,metaspace   ] GC(176) Metaspace: 157341K(158720K)->157341K(158720K) NonClass: 139191K(139904K)->139191K(139904K) Class: 18149K(18816K)->18149K(18816K)
[151.848s][info][gc             ] GC(176) Pause Young (Allocation Failure) 2312M->194M(7918M) 15.468ms
[151.848s][info][gc,cpu         ] GC(176) User=0.02s Sys=0.00s Real=0.02s
[152.337s][info][gc,start       ] GC(177) Pause Full (System.gc())
[152.337s][info][gc,phases,start] GC(177) Phase 1: Mark live objects
[152.402s][info][gc,phases      ] GC(177) Phase 1: Mark live objects 64.961ms
[152.402s][info][gc,phases,start] GC(177) Phase 2: Compute new object addresses
[152.431s][info][gc,phases      ] GC(177) Phase 2: Compute new object addresses 29.382ms
[152.431s][info][gc,phases,start] GC(177) Phase 3: Adjust pointers
[152.471s][info][gc,phases      ] GC(177) Phase 3: Adjust pointers 39.771ms
[152.471s][info][gc,phases,start] GC(177) Phase 4: Move objects
[152.472s][info][gc,phases      ] GC(177) Phase 4: Move objects 0.637ms
[152.472s][info][gc,heap        ] GC(177) DefNew: 481939K(2516544K)->0K(2516544K) Eden: 413906K(2236928K)->0K(2236928K) From: 68032K(279616K)->0K(279616K)
[152.472s][info][gc,heap        ] GC(177) Tenured: 131338K(5592448K)->133704K(5592448K)
[152.472s][info][gc,metaspace   ] GC(177) Metaspace: 157358K(158720K)->157358K(158720K) NonClass: 139209K(139904K)->139209K(139904K) Class: 18149K(18816K)->18149K(18816K)
[152.472s][info][gc             ] GC(177) Pause Full (System.gc()) 598M->130M(7918M) 135.520ms
[152.472s][info][gc,cpu         ] GC(177) User=0.12s Sys=0.02s Real=0.15s
[153.330s][info][gc,start       ] GC(178) Pause Young (Allocation Failure)
[153.345s][info][gc,heap        ] GC(178) DefNew: 2236928K(2516544K)->68091K(2516544K) Eden: 2236928K(2236928K)->0K(2236928K) From: 0K(279616K)->68091K(279616K)
[153.346s][info][gc,heap        ] GC(178) Tenured: 133704K(5592448K)->133704K(5592448K)
[153.346s][info][gc,metaspace   ] GC(178) Metaspace: 157359K(158720K)->157359K(158720K) NonClass: 139209K(139904K)->139209K(139904K) Class: 18149K(18816K)->18149K(18816K)
[153.346s][info][gc             ] GC(178) Pause Young (Allocation Failure) 2315M->197M(7918M) 15.276ms
[153.346s][info][gc,cpu         ] GC(178) User=0.02s Sys=0.00s Real=0.00s
[153.847s][info][gc,start       ] GC(179) Pause Full (System.gc())
[153.848s][info][gc,phases,start] GC(179) Phase 1: Mark live objects
[153.911s][info][gc,phases      ] GC(179) Phase 1: Mark live objects 63.789ms
[153.911s][info][gc,phases,start] GC(179) Phase 2: Compute new object addresses
[153.941s][info][gc,phases      ] GC(179) Phase 2: Compute new object addresses 29.215ms
[153.941s][info][gc,phases,start] GC(179) Phase 3: Adjust pointers
[153.981s][info][gc,phases      ] GC(179) Phase 3: Adjust pointers 39.924ms
[153.981s][info][gc,phases,start] GC(179) Phase 4: Move objects
[153.983s][info][gc,phases      ] GC(179) Phase 4: Move objects 2.447ms
[153.983s][info][gc,heap        ] GC(179) DefNew: 474246K(2516544K)->0K(2516544K) Eden: 406154K(2236928K)->0K(2236928K) From: 68091K(279616K)->0K(279616K)
[153.983s][info][gc,heap        ] GC(179) Tenured: 133704K(5592448K)->126464K(5592448K)
[153.983s][info][gc,metaspace   ] GC(179) Metaspace: 157360K(158720K)->157360K(158720K) NonClass: 139210K(139904K)->139210K(139904K) Class: 18149K(18816K)->18149K(18816K)
[153.984s][info][gc             ] GC(179) Pause Full (System.gc()) 593M->123M(7918M) 136.123ms
[153.984s][info][gc,cpu         ] GC(179) User=0.12s Sys=0.02s Real=0.14s
[154.837s][info][gc,start       ] GC(180) Pause Young (Allocation Failure)
[154.852s][info][gc,heap        ] GC(180) DefNew: 2236928K(2516544K)->67709K(2516544K) Eden: 2236928K(2236928K)->0K(2236928K) From: 0K(279616K)->67709K(279616K)
[154.852s][info][gc,heap        ] GC(180) Tenured: 126464K(5592448K)->126464K(5592448K)
[154.852s][info][gc,metaspace   ] GC(180) Metaspace: 157363K(158720K)->157363K(158720K) NonClass: 139213K(139904K)->139213K(139904K) Class: 18149K(18816K)->18149K(18816K)
[154.852s][info][gc             ] GC(180) Pause Young (Allocation Failure) 2308M->189M(7918M) 15.282ms
[154.852s][info][gc,cpu         ] GC(180) User=0.02s Sys=0.00s Real=0.01s
[155.341s][info][gc,start       ] GC(181) Pause Full (System.gc())
[155.341s][info][gc,phases,start] GC(181) Phase 1: Mark live objects
[155.406s][info][gc,phases      ] GC(181) Phase 1: Mark live objects 65.376ms
[155.407s][info][gc,phases,start] GC(181) Phase 2: Compute new object addresses
[155.435s][info][gc,phases      ] GC(181) Phase 2: Compute new object addresses 28.901ms
[155.435s][info][gc,phases,start] GC(181) Phase 3: Adjust pointers
[155.475s][info][gc,phases      ] GC(181) Phase 3: Adjust pointers 39.682ms
[155.475s][info][gc,phases,start] GC(181) Phase 4: Move objects
[155.476s][info][gc,phases      ] GC(181) Phase 4: Move objects 0.580ms
[155.476s][info][gc,heap        ] GC(181) DefNew: 469337K(2516544K)->0K(2516544K) Eden: 401628K(2236928K)->0K(2236928K) From: 67709K(279616K)->0K(279616K)
[155.476s][info][gc,heap        ] GC(181) Tenured: 126464K(5592448K)->128831K(5592448K)
[155.476s][info][gc,metaspace   ] GC(181) Metaspace: 157363K(158720K)->157363K(158720K) NonClass: 139214K(139904K)->139214K(139904K) Class: 18149K(18816K)->18149K(18816K)
[155.476s][info][gc             ] GC(181) Pause Full (System.gc()) 581M->125M(7918M) 135.337ms
[155.476s][info][gc,cpu         ] GC(181) User=0.14s Sys=0.00s Real=0.13s
[156.316s][info][gc,start       ] GC(182) Pause Young (Allocation Failure)
[156.332s][info][gc,heap        ] GC(182) DefNew: 2236928K(2516544K)->68283K(2516544K) Eden: 2236928K(2236928K)->0K(2236928K) From: 0K(279616K)->68283K(279616K)
[156.332s][info][gc,heap        ] GC(182) Tenured: 128831K(5592448K)->128831K(5592448K)
[156.332s][info][gc,metaspace   ] GC(182) Metaspace: 157363K(158720K)->157363K(158720K) NonClass: 139214K(139904K)->139214K(139904K) Class: 18149K(18816K)->18149K(18816K)
[156.332s][info][gc             ] GC(182) Pause Young (Allocation Failure) 2310M->192M(7918M) 15.596ms
[156.332s][info][gc,cpu         ] GC(182) User=0.02s Sys=0.00s Real=0.02s
[156.823s][info][gc,start       ] GC(183) Pause Full (System.gc())
[156.823s][info][gc,phases,start] GC(183) Phase 1: Mark live objects
[156.889s][info][gc,phases      ] GC(183) Phase 1: Mark live objects 65.164ms
[156.889s][info][gc,phases,start] GC(183) Phase 2: Compute new object addresses
[156.918s][info][gc,phases      ] GC(183) Phase 2: Compute new object addresses 29.248ms
[156.918s][info][gc,phases,start] GC(183) Phase 3: Adjust pointers
[156.958s][info][gc,phases      ] GC(183) Phase 3: Adjust pointers 39.854ms
[156.958s][info][gc,phases,start] GC(183) Phase 4: Move objects
[156.958s][info][gc,phases      ] GC(183) Phase 4: Move objects 0.640ms
[156.959s][info][gc,heap        ] GC(183) DefNew: 475074K(2516544K)->0K(2516544K) Eden: 406790K(2236928K)->0K(2236928K) From: 68283K(279616K)->0K(279616K)
[156.959s][info][gc,heap        ] GC(183) Tenured: 128831K(5592448K)->131199K(5592448K)
[156.959s][info][gc,metaspace   ] GC(183) Metaspace: 157365K(158720K)->157365K(158720K) NonClass: 139216K(139904K)->139216K(139904K) Class: 18149K(18816K)->18149K(18816K)
[156.959s][info][gc             ] GC(183) Pause Full (System.gc()) 589M->128M(7918M) 135.702ms
[156.959s][info][gc,cpu         ] GC(183) User=0.14s Sys=0.00s Real=0.14s
[157.800s][info][gc,start       ] GC(184) Pause Young (Allocation Failure)
[157.815s][info][gc,heap        ] GC(184) DefNew: 2236928K(2516544K)->68093K(2516544K) Eden: 2236928K(2236928K)->0K(2236928K) From: 0K(279616K)->68093K(279616K)
[157.815s][info][gc,heap        ] GC(184) Tenured: 131199K(5592448K)->131199K(5592448K)
[157.815s][info][gc,metaspace   ] GC(184) Metaspace: 157373K(158720K)->157373K(158720K) NonClass: 139223K(139904K)->139223K(139904K) Class: 18149K(18816K)->18149K(18816K)
[157.815s][info][gc             ] GC(184) Pause Young (Allocation Failure) 2312M->194M(7918M) 14.732ms
[157.815s][info][gc,cpu         ] GC(184) User=0.02s Sys=0.00s Real=0.00s
[158.313s][info][gc,start       ] GC(185) Pause Full (System.gc())
[158.313s][info][gc,phases,start] GC(185) Phase 1: Mark live objects
[158.379s][info][gc,phases      ] GC(185) Phase 1: Mark live objects 66.327ms
[158.379s][info][gc,phases,start] GC(185) Phase 2: Compute new object addresses
[158.409s][info][gc,phases      ] GC(185) Phase 2: Compute new object addresses 29.413ms
[158.409s][info][gc,phases,start] GC(185) Phase 3: Adjust pointers
[158.448s][info][gc,phases      ] GC(185) Phase 3: Adjust pointers 39.386ms
[158.448s][info][gc,phases,start] GC(185) Phase 4: Move objects
[158.449s][info][gc,phases      ] GC(185) Phase 4: Move objects 0.626ms
[158.449s][info][gc,heap        ] GC(185) DefNew: 467200K(2516544K)->0K(2516544K) Eden: 399106K(2236928K)->0K(2236928K) From: 68093K(279616K)->0K(279616K)
[158.449s][info][gc,heap        ] GC(185) Tenured: 131199K(5592448K)->133563K(5592448K)
[158.449s][info][gc,metaspace   ] GC(185) Metaspace: 157373K(158720K)->157373K(158720K) NonClass: 139223K(139904K)->139223K(139904K) Class: 18149K(18816K)->18149K(18816K)
[158.449s][info][gc             ] GC(185) Pause Full (System.gc()) 584M->130M(7918M) 136.572ms
[158.449s][info][gc,cpu         ] GC(185) User=0.12s Sys=0.00s Real=0.13s
[159.286s][info][gc,start       ] GC(186) Pause Young (Allocation Failure)
[159.301s][info][gc,heap        ] GC(186) DefNew: 2236928K(2516544K)->67956K(2516544K) Eden: 2236928K(2236928K)->0K(2236928K) From: 0K(279616K)->67956K(279616K)
[159.301s][info][gc,heap        ] GC(186) Tenured: 133563K(5592448K)->133563K(5592448K)
[159.301s][info][gc,metaspace   ] GC(186) Metaspace: 157373K(158720K)->157373K(158720K) NonClass: 139223K(139904K)->139223K(139904K) Class: 18149K(18816K)->18149K(18816K)
[159.301s][info][gc             ] GC(186) Pause Young (Allocation Failure) 2314M->196M(7918M) 14.964ms
[159.301s][info][gc,cpu         ] GC(186) User=0.02s Sys=0.00s Real=0.02s
[159.791s][info][gc,start       ] GC(187) Pause Full (System.gc())
[159.791s][info][gc,phases,start] GC(187) Phase 1: Mark live objects
[159.860s][info][gc,phases      ] GC(187) Phase 1: Mark live objects 68.422ms
[159.860s][info][gc,phases,start] GC(187) Phase 2: Compute new object addresses
[159.889s][info][gc,phases      ] GC(187) Phase 2: Compute new object addresses 29.058ms
[159.889s][info][gc,phases,start] GC(187) Phase 3: Adjust pointers
[159.929s][info][gc,phases      ] GC(187) Phase 3: Adjust pointers 40.374ms
[159.929s][info][gc,phases,start] GC(187) Phase 4: Move objects
[159.933s][info][gc,phases      ] GC(187) Phase 4: Move objects 3.232ms
[159.933s][info][gc,heap        ] GC(187) DefNew: 476145K(2516544K)->0K(2516544K) Eden: 408188K(2236928K)->0K(2236928K) From: 67956K(279616K)->0K(279616K)
[159.933s][info][gc,heap        ] GC(187) Tenured: 133563K(5592448K)->127140K(5592448K)
[159.933s][info][gc,metaspace   ] GC(187) Metaspace: 157373K(158720K)->157373K(158720K) NonClass: 139224K(139904K)->139224K(139904K) Class: 18149K(18816K)->18149K(18816K)
[159.933s][info][gc             ] GC(187) Pause Full (System.gc()) 595M->124M(7918M) 141.861ms
[159.933s][info][gc,cpu         ] GC(187) User=0.14s Sys=0.00s Real=0.14s
[160.771s][info][gc,start       ] GC(188) Pause Young (Allocation Failure)
[160.786s][info][gc,heap        ] GC(188) DefNew: 2236928K(2516544K)->67968K(2516544K) Eden: 2236928K(2236928K)->0K(2236928K) From: 0K(279616K)->67968K(279616K)
[160.786s][info][gc,heap        ] GC(188) Tenured: 127140K(5592448K)->127140K(5592448K)
[160.786s][info][gc,metaspace   ] GC(188) Metaspace: 157373K(158720K)->157373K(158720K) NonClass: 139224K(139904K)->139224K(139904K) Class: 18149K(18816K)->18149K(18816K)
[160.786s][info][gc             ] GC(188) Pause Young (Allocation Failure) 2308M->190M(7918M) 15.148ms
[160.786s][info][gc,cpu         ] GC(188) User=0.02s Sys=0.00s Real=0.01s
[161.286s][info][gc,start       ] GC(189) Pause Full (System.gc())
[161.286s][info][gc,phases,start] GC(189) Phase 1: Mark live objects
[161.350s][info][gc,phases      ] GC(189) Phase 1: Mark live objects 64.520ms
[161.351s][info][gc,phases,start] GC(189) Phase 2: Compute new object addresses
[161.381s][info][gc,phases      ] GC(189) Phase 2: Compute new object addresses 30.416ms
[161.381s][info][gc,phases,start] GC(189) Phase 3: Adjust pointers
[161.421s][info][gc,phases      ] GC(189) Phase 3: Adjust pointers 40.173ms
[161.421s][info][gc,phases,start] GC(189) Phase 4: Move objects
[161.422s][info][gc,phases      ] GC(189) Phase 4: Move objects 0.588ms
[161.422s][info][gc,heap        ] GC(189) DefNew: 478077K(2516544K)->0K(2516544K) Eden: 410109K(2236928K)->0K(2236928K) From: 67968K(279616K)->0K(279616K)
[161.422s][info][gc,heap        ] GC(189) Tenured: 127140K(5592448K)->129507K(5592448K)
[161.422s][info][gc,metaspace   ] GC(189) Metaspace: 157373K(158720K)->157373K(158720K) NonClass: 139224K(139904K)->139224K(139904K) Class: 18149K(18816K)->18149K(18816K)
[161.422s][info][gc             ] GC(189) Pause Full (System.gc()) 591M->126M(7918M) 136.514ms
[161.422s][info][gc,cpu         ] GC(189) User=0.11s Sys=0.02s Real=0.13s
[162.264s][info][gc,start       ] GC(190) Pause Young (Allocation Failure)
[162.279s][info][gc,heap        ] GC(190) DefNew: 2236928K(2516544K)->68073K(2516544K) Eden: 2236928K(2236928K)->0K(2236928K) From: 0K(279616K)->68073K(279616K)
[162.279s][info][gc,heap        ] GC(190) Tenured: 129507K(5592448K)->129507K(5592448K)
[162.279s][info][gc,metaspace   ] GC(190) Metaspace: 157378K(158720K)->157378K(158720K) NonClass: 139229K(139904K)->139229K(139904K) Class: 18149K(18816K)->18149K(18816K)
[162.279s][info][gc             ] GC(190) Pause Young (Allocation Failure) 2310M->192M(7918M) 15.005ms
[162.279s][info][gc,cpu         ] GC(190) User=0.00s Sys=0.00s Real=0.00s
[162.791s][info][gc,start       ] GC(191) Pause Full (System.gc())
[162.791s][info][gc,phases,start] GC(191) Phase 1: Mark live objects
[162.857s][info][gc,phases      ] GC(191) Phase 1: Mark live objects 65.821ms
[162.857s][info][gc,phases,start] GC(191) Phase 2: Compute new object addresses
[162.886s][info][gc,phases      ] GC(191) Phase 2: Compute new object addresses 29.413ms
[162.887s][info][gc,phases,start] GC(191) Phase 3: Adjust pointers
[162.926s][info][gc,phases      ] GC(191) Phase 3: Adjust pointers 39.880ms
[162.926s][info][gc,phases,start] GC(191) Phase 4: Move objects
[162.927s][info][gc,phases      ] GC(191) Phase 4: Move objects 0.586ms
[162.927s][info][gc,heap        ] GC(191) DefNew: 477779K(2516544K)->0K(2516544K) Eden: 409706K(2236928K)->0K(2236928K) From: 68073K(279616K)->0K(279616K)
[162.927s][info][gc,heap        ] GC(191) Tenured: 129507K(5592448K)->131873K(5592448K)
[162.927s][info][gc,metaspace   ] GC(191) Metaspace: 157378K(158720K)->157378K(158720K) NonClass: 139229K(139904K)->139229K(139904K) Class: 18149K(18816K)->18149K(18816K)
[162.927s][info][gc             ] GC(191) Pause Full (System.gc()) 593M->128M(7918M) 136.477ms
[162.928s][info][gc,cpu         ] GC(191) User=0.14s Sys=0.00s Real=0.14s
[163.784s][info][gc,start       ] GC(192) Pause Young (Allocation Failure)
[163.798s][info][gc,heap        ] GC(192) DefNew: 2236928K(2516544K)->68043K(2516544K) Eden: 2236928K(2236928K)->0K(2236928K) From: 0K(279616K)->68043K(279616K)
[163.798s][info][gc,heap        ] GC(192) Tenured: 131873K(5592448K)->131873K(5592448K)
[163.798s][info][gc,metaspace   ] GC(192) Metaspace: 157378K(158720K)->157378K(158720K) NonClass: 139229K(139904K)->139229K(139904K) Class: 18149K(18816K)->18149K(18816K)
[163.798s][info][gc             ] GC(192) Pause Young (Allocation Failure) 2313M->195M(7918M) 14.692ms
[163.798s][info][gc,cpu         ] GC(192) User=0.02s Sys=0.00s Real=0.01s
[164.293s][info][gc,start       ] GC(193) Pause Full (System.gc())
[164.293s][info][gc,phases,start] GC(193) Phase 1: Mark live objects
[164.358s][info][gc,phases      ] GC(193) Phase 1: Mark live objects 64.884ms
[164.358s][info][gc,phases,start] GC(193) Phase 2: Compute new object addresses
[164.387s][info][gc,phases      ] GC(193) Phase 2: Compute new object addresses 29.569ms
[164.388s][info][gc,phases,start] GC(193) Phase 3: Adjust pointers
[164.427s][info][gc,phases      ] GC(193) Phase 3: Adjust pointers 39.856ms
[164.427s][info][gc,phases,start] GC(193) Phase 4: Move objects
[164.428s][info][gc,phases      ] GC(193) Phase 4: Move objects 0.595ms
[164.428s][info][gc,heap        ] GC(193) DefNew: 475623K(2516544K)->0K(2516544K) Eden: 407579K(2236928K)->0K(2236928K) From: 68043K(279616K)->0K(279616K)
[164.428s][info][gc,heap        ] GC(193) Tenured: 131873K(5592448K)->134238K(5592448K)
[164.428s][info][gc,metaspace   ] GC(193) Metaspace: 157378K(158720K)->157378K(158720K) NonClass: 139229K(139904K)->139229K(139904K) Class: 18149K(18816K)->18149K(18816K)
[164.428s][info][gc             ] GC(193) Pause Full (System.gc()) 593M->131M(7918M) 135.675ms
[164.429s][info][gc,cpu         ] GC(193) User=0.14s Sys=0.00s Real=0.12s
[165.273s][info][gc,start       ] GC(194) Pause Young (Allocation Failure)
[165.287s][info][gc,heap        ] GC(194) DefNew: 2236928K(2516544K)->67966K(2516544K) Eden: 2236928K(2236928K)->0K(2236928K) From: 0K(279616K)->67966K(279616K)
[165.287s][info][gc,heap        ] GC(194) Tenured: 134238K(5592448K)->134238K(5592448K)
[165.287s][info][gc,metaspace   ] GC(194) Metaspace: 157378K(158720K)->157378K(158720K) NonClass: 139229K(139904K)->139229K(139904K) Class: 18149K(18816K)->18149K(18816K)
[165.287s][info][gc             ] GC(194) Pause Young (Allocation Failure) 2315M->197M(7918M) 14.869ms
[165.287s][info][gc,cpu         ] GC(194) User=0.02s Sys=0.00s Real=0.00s
[165.774s][info][gc,start       ] GC(195) Pause Full (System.gc())
[165.774s][info][gc,phases,start] GC(195) Phase 1: Mark live objects
[165.840s][info][gc,phases      ] GC(195) Phase 1: Mark live objects 65.804ms
[165.840s][info][gc,phases,start] GC(195) Phase 2: Compute new object addresses
[165.869s][info][gc,phases      ] GC(195) Phase 2: Compute new object addresses 29.440ms
[165.869s][info][gc,phases,start] GC(195) Phase 3: Adjust pointers
[165.910s][info][gc,phases      ] GC(195) Phase 3: Adjust pointers 40.477ms
[165.910s][info][gc,phases,start] GC(195) Phase 4: Move objects
[165.913s][info][gc,phases      ] GC(195) Phase 4: Move objects 3.272ms
[165.913s][info][gc,heap        ] GC(195) DefNew: 474528K(2516544K)->0K(2516544K) Eden: 406561K(2236928K)->0K(2236928K) From: 67966K(279616K)->0K(279616K)
[165.913s][info][gc,heap        ] GC(195) Tenured: 134238K(5592448K)->126993K(5592448K)
[165.913s][info][gc,metaspace   ] GC(195) Metaspace: 157380K(158720K)->157380K(158720K) NonClass: 139231K(139904K)->139231K(139904K) Class: 18149K(18816K)->18149K(18816K)
[165.914s][info][gc             ] GC(195) Pause Full (System.gc()) 594M->124M(7918M) 139.785ms
[165.914s][info][gc,cpu         ] GC(195) User=0.14s Sys=0.00s Real=0.14s
[166.771s][info][gc,start       ] GC(196) Pause Young (Allocation Failure)
[166.785s][info][gc,heap        ] GC(196) DefNew: 2236635K(2516544K)->67602K(2516544K) Eden: 2236635K(2236928K)->0K(2236928K) From: 0K(279616K)->67602K(279616K)
[166.785s][info][gc,heap        ] GC(196) Tenured: 126993K(5592448K)->126993K(5592448K)
[166.785s][info][gc,metaspace   ] GC(196) Metaspace: 157394K(158720K)->157394K(158720K) NonClass: 139244K(139904K)->139244K(139904K) Class: 18149K(18816K)->18149K(18816K)
[166.785s][info][gc             ] GC(196) Pause Young (Allocation Failure) 2308M->190M(7918M) 14.527ms
[166.786s][info][gc,cpu         ] GC(196) User=0.02s Sys=0.00s Real=0.02s
[167.275s][info][gc,start       ] GC(197) Pause Full (System.gc())
[167.275s][info][gc,phases,start] GC(197) Phase 1: Mark live objects
[167.339s][info][gc,phases      ] GC(197) Phase 1: Mark live objects 64.628ms
[167.339s][info][gc,phases,start] GC(197) Phase 2: Compute new object addresses
[167.369s][info][gc,phases      ] GC(197) Phase 2: Compute new object addresses 29.355ms
[167.369s][info][gc,phases,start] GC(197) Phase 3: Adjust pointers
[167.409s][info][gc,phases      ] GC(197) Phase 3: Adjust pointers 40.084ms
[167.409s][info][gc,phases,start] GC(197) Phase 4: Move objects
[167.410s][info][gc,phases      ] GC(197) Phase 4: Move objects 0.581ms
[167.410s][info][gc,heap        ] GC(197) DefNew: 468916K(2516544K)->0K(2516544K) Eden: 401313K(2236928K)->0K(2236928K) From: 67602K(279616K)->0K(279616K)
[167.410s][info][gc,heap        ] GC(197) Tenured: 126993K(5592448K)->129359K(5592448K)
[167.410s][info][gc,metaspace   ] GC(197) Metaspace: 157449K(158784K)->157449K(158784K) NonClass: 139300K(139968K)->139300K(139968K) Class: 18149K(18816K)->18149K(18816K)
[167.410s][info][gc             ] GC(197) Pause Full (System.gc()) 581M->126M(7918M) 135.366ms
[167.410s][info][gc,cpu         ] GC(197) User=0.14s Sys=0.00s Real=0.14s
[168.257s][info][gc,start       ] GC(198) Pause Young (Allocation Failure)
[168.272s][info][gc,heap        ] GC(198) DefNew: 2236928K(2516544K)->67932K(2516544K) Eden: 2236928K(2236928K)->0K(2236928K) From: 0K(279616K)->67932K(279616K)
[168.272s][info][gc,heap        ] GC(198) Tenured: 129359K(5592448K)->129359K(5592448K)
[168.272s][info][gc,metaspace   ] GC(198) Metaspace: 157455K(158784K)->157455K(158784K) NonClass: 139305K(139968K)->139305K(139968K) Class: 18149K(18816K)->18149K(18816K)
[168.272s][info][gc             ] GC(198) Pause Young (Allocation Failure) 2310M->192M(7918M) 15.047ms
[168.272s][info][gc,cpu         ] GC(198) User=0.02s Sys=0.00s Real=0.00s
[168.775s][info][gc,start       ] GC(199) Pause Full (System.gc())
[168.776s][info][gc,phases,start] GC(199) Phase 1: Mark live objects
[168.841s][info][gc,phases      ] GC(199) Phase 1: Mark live objects 65.519ms
[168.841s][info][gc,phases,start] GC(199) Phase 2: Compute new object addresses
[168.871s][info][gc,phases      ] GC(199) Phase 2: Compute new object addresses 29.610ms
[168.871s][info][gc,phases,start] GC(199) Phase 3: Adjust pointers
[168.911s][info][gc,phases      ] GC(199) Phase 3: Adjust pointers 40.128ms
[168.911s][info][gc,phases,start] GC(199) Phase 4: Move objects
[168.912s][info][gc,phases      ] GC(199) Phase 4: Move objects 0.589ms
[168.912s][info][gc,heap        ] GC(199) DefNew: 483844K(2516544K)->0K(2516544K) Eden: 415911K(2236928K)->0K(2236928K) From: 67932K(279616K)->0K(279616K)
[168.912s][info][gc,heap        ] GC(199) Tenured: 129359K(5592448K)->131727K(5592448K)
[168.912s][info][gc,metaspace   ] GC(199) Metaspace: 157455K(158784K)->157455K(158784K) NonClass: 139305K(139968K)->139305K(139968K) Class: 18149K(18816K)->18149K(18816K)
[168.912s][info][gc             ] GC(199) Pause Full (System.gc()) 598M->128M(7918M) 136.615ms
[168.912s][info][gc,cpu         ] GC(199) User=0.14s Sys=0.00s Real=0.13s
[169.749s][info][gc,start       ] GC(200) Pause Young (Allocation Failure)
[169.764s][info][gc,heap        ] GC(200) DefNew: 2236928K(2516544K)->68090K(2516544K) Eden: 2236928K(2236928K)->0K(2236928K) From: 0K(279616K)->68090K(279616K)
[169.764s][info][gc,heap        ] GC(200) Tenured: 131727K(5592448K)->131727K(5592448K)
[169.764s][info][gc,metaspace   ] GC(200) Metaspace: 157455K(158784K)->157455K(158784K) NonClass: 139305K(139968K)->139305K(139968K) Class: 18149K(18816K)->18149K(18816K)
[169.764s][info][gc             ] GC(200) Pause Young (Allocation Failure) 2313M->195M(7918M) 14.757ms
[169.764s][info][gc,cpu         ] GC(200) User=0.00s Sys=0.00s Real=0.00s
[170.262s][info][gc,start       ] GC(201) Pause Full (System.gc())
[170.262s][info][gc,phases,start] GC(201) Phase 1: Mark live objects
[170.327s][info][gc,phases      ] GC(201) Phase 1: Mark live objects 64.699ms
[170.327s][info][gc,phases,start] GC(201) Phase 2: Compute new object addresses
[170.356s][info][gc,phases      ] GC(201) Phase 2: Compute new object addresses 29.285ms
[170.356s][info][gc,phases,start] GC(201) Phase 3: Adjust pointers
[170.397s][info][gc,phases      ] GC(201) Phase 3: Adjust pointers 40.317ms
[170.397s][info][gc,phases,start] GC(201) Phase 4: Move objects
[170.397s][info][gc,phases      ] GC(201) Phase 4: Move objects 0.608ms
[170.398s][info][gc,heap        ] GC(201) DefNew: 477301K(2516544K)->0K(2516544K) Eden: 409211K(2236928K)->0K(2236928K) From: 68090K(279616K)->0K(279616K)
[170.398s][info][gc,heap        ] GC(201) Tenured: 131727K(5592448K)->134091K(5592448K)
[170.398s][info][gc,metaspace   ] GC(201) Metaspace: 157455K(158784K)->157455K(158784K) NonClass: 139306K(139968K)->139306K(139968K) Class: 18149K(18816K)->18149K(18816K)
[170.398s][info][gc             ] GC(201) Pause Full (System.gc()) 594M->130M(7918M) 135.673ms
[170.398s][info][gc,cpu         ] GC(201) User=0.14s Sys=0.00s Real=0.13s
[171.246s][info][gc,start       ] GC(202) Pause Young (Allocation Failure)
[171.260s][info][gc,heap        ] GC(202) DefNew: 2236928K(2516544K)->68090K(2516544K) Eden: 2236928K(2236928K)->0K(2236928K) From: 0K(279616K)->68090K(279616K)
[171.261s][info][gc,heap        ] GC(202) Tenured: 134091K(5592448K)->134091K(5592448K)
[171.261s][info][gc,metaspace   ] GC(202) Metaspace: 157455K(158784K)->157455K(158784K) NonClass: 139306K(139968K)->139306K(139968K) Class: 18149K(18816K)->18149K(18816K)
[171.261s][info][gc             ] GC(202) Pause Young (Allocation Failure) 2315M->197M(7918M) 14.653ms
[171.261s][info][gc,cpu         ] GC(202) User=0.02s Sys=0.00s Real=0.00s
[171.749s][info][gc,start       ] GC(203) Pause Full (System.gc())
[171.749s][info][gc,phases,start] GC(203) Phase 1: Mark live objects
[171.814s][info][gc,phases      ] GC(203) Phase 1: Mark live objects 64.651ms
[171.814s][info][gc,phases,start] GC(203) Phase 2: Compute new object addresses
[171.844s][info][gc,phases      ] GC(203) Phase 2: Compute new object addresses 30.052ms
[171.844s][info][gc,phases,start] GC(203) Phase 3: Adjust pointers
[171.885s][info][gc,phases      ] GC(203) Phase 3: Adjust pointers 41.190ms
[171.886s][info][gc,phases,start] GC(203) Phase 4: Move objects
[171.889s][info][gc,phases      ] GC(203) Phase 4: Move objects 3.209ms
[171.889s][info][gc,heap        ] GC(203) DefNew: 464616K(2516544K)->0K(2516544K) Eden: 396525K(2236928K)->0K(2236928K) From: 68090K(279616K)->0K(279616K)
[171.889s][info][gc,heap        ] GC(203) Tenured: 134091K(5592448K)->126844K(5592448K)
[171.889s][info][gc,metaspace   ] GC(203) Metaspace: 157460K(158784K)->157460K(158784K) NonClass: 139311K(139968K)->139311K(139968K) Class: 18149K(18816K)->18149K(18816K)
[171.889s][info][gc             ] GC(203) Pause Full (System.gc()) 584M->123M(7918M) 139.913ms
[171.889s][info][gc,cpu         ] GC(203) User=0.14s Sys=0.00s Real=0.14s
[172.739s][info][gc,start       ] GC(204) Pause Young (Allocation Failure)
[172.754s][info][gc,heap        ] GC(204) DefNew: 2236928K(2516544K)->67963K(2516544K) Eden: 2236928K(2236928K)->0K(2236928K) From: 0K(279616K)->67963K(279616K)
[172.754s][info][gc,heap        ] GC(204) Tenured: 126844K(5592448K)->126844K(5592448K)
[172.754s][info][gc,metaspace   ] GC(204) Metaspace: 157460K(158784K)->157460K(158784K) NonClass: 139311K(139968K)->139311K(139968K) Class: 18149K(18816K)->18149K(18816K)
[172.754s][info][gc             ] GC(204) Pause Young (Allocation Failure) 2308M->190M(7918M) 14.832ms
[172.754s][info][gc,cpu         ] GC(204) User=0.02s Sys=0.00s Real=0.00s
[173.341s][info][gc,heap,exit   ] Heap
[173.341s][info][gc,heap,exit   ]  def new generation   total 2516544K, used 713413K [0x0000000600000000, 0x00000006aaaa0000, 0x00000006aaaa0000)
[173.341s][info][gc,heap,exit   ]   eden space 2236928K,  28% used [0x0000000600000000, 0x0000000627652740, 0x0000000688880000)
[173.341s][info][gc,heap,exit   ]   from space 279616K,  24% used [0x0000000699990000, 0x000000069dbeecd0, 0x00000006aaaa0000)
[173.341s][info][gc,heap,exit   ]   to   space 279616K,   0% used [0x0000000688880000, 0x0000000688880000, 0x0000000699990000)
[173.341s][info][gc,heap,exit   ]  tenured generation   total 5592448K, used 126844K [0x00000006aaaa0000, 0x0000000800000000, 0x0000000800000000)
[173.341s][info][gc,heap,exit   ]    the space 5592448K,   2% used [0x00000006aaaa0000, 0x00000006b267f070, 0x00000006b267f200, 0x0000000800000000)
[173.341s][info][gc,heap,exit   ]  Metaspace       used 157892K, committed 159296K, reserved 1245184K
[173.341s][info][gc,heap,exit   ]   class space    used 18239K, committed 18944K, reserved 1048576K
