[0.007s][info][gc,init] CardTable entry size: 512
[0.007s][info][gc     ] Using Parallel
[0.010s][info][gc,init] Version: 21.0.4+7-adhoc.Administrator.jdk21u (release)
[0.010s][info][gc,init] CPUs: 6 total, 6 available
[0.010s][info][gc,init] Memory: 15591M
[0.010s][info][gc,init] Large Page Support: Disabled
[0.010s][info][gc,init] NUMA Support: Disabled
[0.010s][info][gc,init] Compressed Oops: Enabled (32-bit)
[0.010s][info][gc,init] Alignments: Space 512K, Generation 512K, Heap 2M
[0.010s][info][gc,init] Heap Min Capacity: 1G
[0.010s][info][gc,init] Heap Initial Capacity: 1G
[0.010s][info][gc,init] Heap Max Capacity: 1G
[0.012s][info][gc,init] Pre-touch: Disabled
[0.012s][info][gc,init] Parallel Workers: 6
[0.021s][info][gc,metaspace] CDS archive(s) mapped at: [0x0000017fae000000-0x0000017faec90000-0x0000017faec90000), size 13172736, SharedBaseAddress: 0x0000017fae000000, ArchiveRelocationMode: 1.
[0.021s][info][gc,metaspace] Compressed class space mapped at: 0x0000017faf000000-0x0000017fef000000, reserved size: 1073741824
[0.021s][info][gc,metaspace] Narrow klass base: 0x0000017fae000000, Narrow klass shift: 0, Narrow klass range: 0x100000000
[0.962s][info][gc,start    ] GC(0) Pause Young (System.gc())
[0.966s][info][gc,heap     ] GC(0) PSYoungGen: 68230K(305664K)->5097K(305664K) Eden: 68230K(262144K)->0K(262144K) From: 0K(43520K)->5097K(43520K)
[0.966s][info][gc,heap     ] GC(0) ParOldGen: 0K(699392K)->16K(699392K)
[0.966s][info][gc,metaspace] GC(0) Metaspace: 14547K(14784K)->14547K(14784K) NonClass: 12479K(12608K)->12479K(12608K) Class: 2067K(2176K)->2067K(2176K)
[0.966s][info][gc          ] GC(0) Pause Young (System.gc()) 66M->4M(981M) 3.785ms
[0.966s][info][gc,cpu      ] GC(0) User=0.00s Sys=0.02s Real=0.01s
[0.966s][info][gc,start    ] GC(1) Pause Full (System.gc())
[0.966s][info][gc,phases,start] GC(1) Marking Phase
[0.970s][info][gc,phases      ] GC(1) Marking Phase 3.771ms
[0.970s][info][gc,phases,start] GC(1) Summary Phase
[0.970s][info][gc,phases      ] GC(1) Summary Phase 0.013ms
[0.970s][info][gc,phases,start] GC(1) Adjust Roots
[0.971s][info][gc,phases      ] GC(1) Adjust Roots 1.459ms
[0.971s][info][gc,phases,start] GC(1) Compaction Phase
[0.974s][info][gc,phases      ] GC(1) Compaction Phase 2.886ms
[0.974s][info][gc,phases,start] GC(1) Post Compact
[0.975s][info][gc,phases      ] GC(1) Post Compact 0.952ms
[0.975s][info][gc,heap        ] GC(1) PSYoungGen: 5097K(305664K)->0K(305664K) Eden: 0K(262144K)->0K(262144K) From: 5097K(43520K)->0K(43520K)
[0.975s][info][gc,heap        ] GC(1) ParOldGen: 16K(699392K)->4979K(699392K)
[0.975s][info][gc,metaspace   ] GC(1) Metaspace: 14547K(14784K)->14547K(14784K) NonClass: 12479K(12608K)->12479K(12608K) Class: 2067K(2176K)->2067K(2176K)
[0.975s][info][gc             ] GC(1) Pause Full (System.gc()) 4M->4M(981M) 9.326ms
[0.975s][info][gc,cpu         ] GC(1) User=0.00s Sys=0.00s Real=0.00s
[3.075s][info][gc,start       ] GC(2) Pause Young (Allocation Failure)
[3.076s][info][gc,heap        ] GC(2) PSYoungGen: 262144K(305664K)->592K(305664K) Eden: 262144K(262144K)->0K(262144K) From: 0K(43520K)->592K(43520K)
[3.076s][info][gc,heap        ] GC(2) ParOldGen: 4979K(699392K)->4987K(699392K)
[3.076s][info][gc,metaspace   ] GC(2) Metaspace: 16081K(16384K)->16081K(16384K) NonClass: 13805K(13952K)->13805K(13952K) Class: 2276K(2432K)->2276K(2432K)
[3.076s][info][gc             ] GC(2) Pause Young (Allocation Failure) 260M->5M(981M) 1.101ms
[3.076s][info][gc,cpu         ] GC(2) User=0.02s Sys=0.00s Real=0.02s
[3.228s][info][gc,start       ] GC(3) Pause Young (Allocation Failure)
[3.229s][info][gc,heap        ] GC(3) PSYoungGen: 262736K(305664K)->656K(305664K) Eden: 262144K(262144K)->0K(262144K) From: 592K(43520K)->656K(43520K)
[3.229s][info][gc,heap        ] GC(3) ParOldGen: 4987K(699392K)->4995K(699392K)
[3.229s][info][gc,metaspace   ] GC(3) Metaspace: 16083K(16384K)->16083K(16384K) NonClass: 13807K(13952K)->13807K(13952K) Class: 2276K(2432K)->2276K(2432K)
[3.229s][info][gc             ] GC(3) Pause Young (Allocation Failure) 261M->5M(981M) 0.925ms
[3.229s][info][gc,cpu         ] GC(3) User=0.00s Sys=0.00s Real=0.00s
[3.334s][info][gc,start       ] GC(4) Pause Young (Allocation Failure)
[3.335s][info][gc,heap        ] GC(4) PSYoungGen: 262800K(305664K)->640K(305664K) Eden: 262144K(262144K)->0K(262144K) From: 656K(43520K)->640K(43520K)
[3.335s][info][gc,heap        ] GC(4) ParOldGen: 4995K(699392K)->5003K(699392K)
[3.335s][info][gc,metaspace   ] GC(4) Metaspace: 16083K(16384K)->16083K(16384K) NonClass: 13807K(13952K)->13807K(13952K) Class: 2276K(2432K)->2276K(2432K)
[3.335s][info][gc             ] GC(4) Pause Young (Allocation Failure) 261M->5M(981M) 0.909ms
[3.335s][info][gc,cpu         ] GC(4) User=0.00s Sys=0.00s Real=0.00s
[3.378s][info][gc,start       ] GC(5) Pause Young (Allocation Failure)
[3.379s][info][gc,heap        ] GC(5) PSYoungGen: 262784K(305664K)->608K(305664K) Eden: 262144K(262144K)->0K(262144K) From: 640K(43520K)->608K(43520K)
[3.379s][info][gc,heap        ] GC(5) ParOldGen: 5003K(699392K)->5003K(699392K)
[3.379s][info][gc,metaspace   ] GC(5) Metaspace: 16083K(16384K)->16083K(16384K) NonClass: 13807K(13952K)->13807K(13952K) Class: 2276K(2432K)->2276K(2432K)
[3.379s][info][gc             ] GC(5) Pause Young (Allocation Failure) 261M->5M(981M) 0.957ms
[3.379s][info][gc,cpu         ] GC(5) User=0.00s Sys=0.00s Real=0.00s
[3.421s][info][gc,start       ] GC(6) Pause Young (Allocation Failure)
[3.422s][info][gc,heap        ] GC(6) PSYoungGen: 262752K(305664K)->576K(344064K) Eden: 262144K(262144K)->0K(300544K) From: 608K(43520K)->576K(43520K)
[3.422s][info][gc,heap        ] GC(6) ParOldGen: 5003K(699392K)->5003K(699392K)
[3.422s][info][gc,metaspace   ] GC(6) Metaspace: 16083K(16384K)->16083K(16384K) NonClass: 13807K(13952K)->13807K(13952K) Class: 2276K(2432K)->2276K(2432K)
[3.422s][info][gc             ] GC(6) Pause Young (Allocation Failure) 261M->5M(1019M) 0.968ms
[3.422s][info][gc,cpu         ] GC(6) User=0.00s Sys=0.00s Real=0.00s
[3.473s][info][gc,start       ] GC(7) Pause Young (Allocation Failure)
[3.474s][info][gc,heap        ] GC(7) PSYoungGen: 301120K(344064K)->624K(305664K) Eden: 300544K(300544K)->0K(300544K) From: 576K(43520K)->624K(5120K)
[3.474s][info][gc,heap        ] GC(7) ParOldGen: 5003K(699392K)->5003K(699392K)
[3.474s][info][gc,metaspace   ] GC(7) Metaspace: 16084K(16384K)->16084K(16384K) NonClass: 13808K(13952K)->13808K(13952K) Class: 2276K(2432K)->2276K(2432K)
[3.474s][info][gc             ] GC(7) Pause Young (Allocation Failure) 298M->5M(981M) 0.939ms
[3.474s][info][gc,cpu         ] GC(7) User=0.00s Sys=0.00s Real=0.00s
[3.521s][info][gc,start       ] GC(8) Pause Young (Allocation Failure)
[3.522s][info][gc,heap        ] GC(8) PSYoungGen: 301168K(305664K)->256K(344576K) Eden: 300544K(300544K)->0K(339968K) From: 624K(5120K)->256K(4608K)
[3.522s][info][gc,heap        ] GC(8) ParOldGen: 5003K(699392K)->5316K(699392K)
[3.522s][info][gc,metaspace   ] GC(8) Metaspace: 16086K(16384K)->16086K(16384K) NonClass: 13810K(13952K)->13810K(13952K) Class: 2276K(2432K)->2276K(2432K)
[3.522s][info][gc             ] GC(8) Pause Young (Allocation Failure) 298M->5M(1019M) 1.206ms
[3.522s][info][gc,cpu         ] GC(8) User=0.02s Sys=0.00s Real=0.02s
[3.582s][info][gc,start       ] GC(9) Pause Young (Allocation Failure)
[3.582s][info][gc,heap        ] GC(9) PSYoungGen: 340224K(344576K)->352K(344576K) Eden: 339968K(339968K)->0K(339968K) From: 256K(4608K)->352K(4608K)
[3.582s][info][gc,heap        ] GC(9) ParOldGen: 5316K(699392K)->5356K(699392K)
[3.582s][info][gc,metaspace   ] GC(9) Metaspace: 16086K(16384K)->16086K(16384K) NonClass: 13810K(13952K)->13810K(13952K) Class: 2276K(2432K)->2276K(2432K)
[3.582s][info][gc             ] GC(9) Pause Young (Allocation Failure) 337M->5M(1019M) 0.484ms
[3.582s][info][gc,cpu         ] GC(9) User=0.00s Sys=0.00s Real=0.00s
[3.640s][info][gc,start       ] GC(10) Pause Young (Allocation Failure)
[3.640s][info][gc,heap        ] GC(10) PSYoungGen: 340320K(344576K)->320K(345088K) Eden: 339968K(339968K)->0K(340992K) From: 352K(4608K)->320K(4096K)
[3.640s][info][gc,heap        ] GC(10) ParOldGen: 5356K(699392K)->5388K(699392K)
[3.641s][info][gc,metaspace   ] GC(10) Metaspace: 16086K(16384K)->16086K(16384K) NonClass: 13810K(13952K)->13810K(13952K) Class: 2276K(2432K)->2276K(2432K)
[3.641s][info][gc             ] GC(10) Pause Young (Allocation Failure) 337M->5M(1020M) 0.631ms
[3.641s][info][gc,cpu         ] GC(10) User=0.00s Sys=0.00s Real=0.00s
[3.701s][info][gc,start       ] GC(11) Pause Young (Allocation Failure)
[3.702s][info][gc,heap        ] GC(11) PSYoungGen: 341312K(345088K)->192K(345088K) Eden: 340992K(340992K)->0K(340992K) From: 320K(4096K)->192K(4096K)
[3.702s][info][gc,heap        ] GC(11) ParOldGen: 5388K(699392K)->5420K(699392K)
[3.702s][info][gc,metaspace   ] GC(11) Metaspace: 16086K(16384K)->16086K(16384K) NonClass: 13810K(13952K)->13810K(13952K) Class: 2276K(2432K)->2276K(2432K)
[3.702s][info][gc             ] GC(11) Pause Young (Allocation Failure) 338M->5M(1020M) 0.465ms
[3.702s][info][gc,cpu         ] GC(11) User=0.00s Sys=0.00s Real=0.00s
[3.956s][info][gc,start       ] GC(12) Pause Young (Allocation Failure)
[4.101s][info][gc,heap        ] GC(12) PSYoungGen: 341184K(345088K)->4081K(179200K) Eden: 340992K(340992K)->0K(175104K) From: 192K(4096K)->4081K(4096K)
[4.101s][info][gc,heap        ] GC(12) ParOldGen: 5420K(699392K)->226918K(699392K)
[4.101s][info][gc,metaspace   ] GC(12) Metaspace: 16165K(16448K)->16165K(16448K) NonClass: 13877K(14016K)->13877K(14016K) Class: 2288K(2432K)->2288K(2432K)
[4.101s][info][gc             ] GC(12) Pause Young (Allocation Failure) 338M->225M(858M) 144.999ms
[4.101s][info][gc,cpu         ] GC(12) User=0.72s Sys=0.12s Real=0.16s
[4.228s][info][gc,start       ] GC(13) Pause Young (Allocation Failure)
[4.313s][info][gc,heap        ] GC(13) PSYoungGen: 179185K(179200K)->87040K(262144K) Eden: 175104K(175104K)->0K(175104K) From: 4081K(4096K)->87040K(87040K)
[4.313s][info][gc,heap        ] GC(13) ParOldGen: 226918K(699392K)->267490K(699392K)
[4.313s][info][gc,metaspace   ] GC(13) Metaspace: 16167K(16448K)->16167K(16448K) NonClass: 13878K(14016K)->13878K(14016K) Class: 2288K(2432K)->2288K(2432K)
[4.313s][info][gc             ] GC(13) Pause Young (Allocation Failure) 396M->346M(939M) 85.369ms
[4.313s][info][gc,cpu         ] GC(13) User=0.36s Sys=0.03s Real=0.08s
[4.502s][info][gc,start       ] GC(14) Pause Young (Allocation Failure)
[4.607s][info][gc,heap        ] GC(14) PSYoungGen: 262144K(262144K)->87040K(203776K) Eden: 175104K(175104K)->0K(116736K) From: 87040K(87040K)->87040K(87040K)
[4.607s][info][gc,heap        ] GC(14) ParOldGen: 267490K(699392K)->366514K(699392K)
[4.607s][info][gc,metaspace   ] GC(14) Metaspace: 16190K(16512K)->16190K(16512K) NonClass: 13901K(14080K)->13901K(14080K) Class: 2288K(2432K)->2288K(2432K)
[4.607s][info][gc             ] GC(14) Pause Young (Allocation Failure) 517M->442M(882M) 105.133ms
[4.607s][info][gc,cpu         ] GC(14) User=0.50s Sys=0.00s Real=0.11s
[7.040s][info][gc,start       ] GC(15) Pause Young (Allocation Failure)
[7.114s][info][gc,heap        ] GC(15) PSYoungGen: 203776K(203776K)->25984K(232960K) Eden: 116736K(116736K)->0K(116736K) From: 87040K(87040K)->25984K(116224K)
[7.114s][info][gc,heap        ] GC(15) ParOldGen: 366514K(699392K)->446842K(699392K)
[7.114s][info][gc,metaspace   ] GC(15) Metaspace: 16408K(16768K)->16408K(16768K) NonClass: 14079K(14272K)->14079K(14272K) Class: 2329K(2496K)->2329K(2496K)
[7.114s][info][gc             ] GC(15) Pause Young (Allocation Failure) 556M->461M(910M) 74.013ms
[7.114s][info][gc,cpu         ] GC(15) User=0.28s Sys=0.02s Real=0.07s
[7.166s][info][gc,start       ] GC(16) Pause Young (Allocation Failure)
[7.204s][info][gc,heap        ] GC(16) PSYoungGen: 142720K(232960K)->50624K(232960K) Eden: 116736K(116736K)->0K(116736K) From: 25984K(116224K)->50624K(116224K)
[7.204s][info][gc,heap        ] GC(16) ParOldGen: 446842K(699392K)->472154K(699392K)
[7.204s][info][gc,metaspace   ] GC(16) Metaspace: 16409K(16768K)->16409K(16768K) NonClass: 14080K(14272K)->14080K(14272K) Class: 2329K(2496K)->2329K(2496K)
[7.204s][info][gc             ] GC(16) Pause Young (Allocation Failure) 575M->510M(910M) 38.494ms
[7.204s][info][gc,cpu         ] GC(16) User=0.14s Sys=0.00s Real=0.05s
[7.257s][info][gc,start       ] GC(17) Pause Young (Allocation Failure)
[7.301s][info][gc,heap        ] GC(17) PSYoungGen: 167360K(232960K)->50528K(232960K) Eden: 116736K(116736K)->0K(116736K) From: 50624K(116224K)->50528K(116224K)
[7.301s][info][gc,heap        ] GC(17) ParOldGen: 472154K(699392K)->521130K(699392K)
[7.301s][info][gc,metaspace   ] GC(17) Metaspace: 16409K(16768K)->16409K(16768K) NonClass: 14080K(14272K)->14080K(14272K) Class: 2329K(2496K)->2329K(2496K)
[7.301s][info][gc             ] GC(17) Pause Young (Allocation Failure) 624M->558M(910M) 44.084ms
[7.301s][info][gc,cpu         ] GC(17) User=0.19s Sys=0.02s Real=0.05s
[7.356s][info][gc,start       ] GC(18) Pause Young (Allocation Failure)
[7.402s][info][gc,heap        ] GC(18) PSYoungGen: 167264K(232960K)->50624K(232960K) Eden: 116736K(116736K)->0K(116736K) From: 50528K(116224K)->50624K(116224K)
[7.403s][info][gc,heap        ] GC(18) ParOldGen: 521130K(699392K)->569658K(699392K)
[7.403s][info][gc,metaspace   ] GC(18) Metaspace: 16409K(16768K)->16409K(16768K) NonClass: 14080K(14272K)->14080K(14272K) Class: 2329K(2496K)->2329K(2496K)
[7.403s][info][gc             ] GC(18) Pause Young (Allocation Failure) 672M->605M(910M) 46.882ms
[7.403s][info][gc,cpu         ] GC(18) User=0.11s Sys=0.00s Real=0.05s
[7.457s][info][gc,start       ] GC(19) Pause Young (Allocation Failure)
[7.502s][info][gc,heap        ] GC(19) PSYoungGen: 167360K(232960K)->50752K(232960K) Eden: 116736K(116736K)->0K(116736K) From: 50624K(116224K)->50752K(116224K)
[7.502s][info][gc,heap        ] GC(19) ParOldGen: 569658K(699392K)->618042K(699392K)
[7.502s][info][gc,metaspace   ] GC(19) Metaspace: 16409K(16768K)->16409K(16768K) NonClass: 14080K(14272K)->14080K(14272K) Class: 2329K(2496K)->2329K(2496K)
[7.502s][info][gc             ] GC(19) Pause Young (Allocation Failure) 719M->653M(910M) 45.667ms
[7.502s][info][gc,cpu         ] GC(19) User=0.20s Sys=0.00s Real=0.05s
[7.557s][info][gc,start       ] GC(20) Pause Full (Ergonomics)
[7.557s][info][gc,phases,start] GC(20) Marking Phase
[7.627s][info][gc,phases      ] GC(20) Marking Phase 70.287ms
[7.628s][info][gc,phases,start] GC(20) Summary Phase
[7.628s][info][gc,phases      ] GC(20) Summary Phase 0.029ms
[7.628s][info][gc,phases,start] GC(20) Adjust Roots
[7.631s][info][gc,phases      ] GC(20) Adjust Roots 3.134ms
[7.631s][info][gc,phases,start] GC(20) Compaction Phase
[7.790s][info][gc,phases      ] GC(20) Compaction Phase 159.387ms
[7.790s][info][gc,phases,start] GC(20) Post Compact
[7.795s][info][gc,phases      ] GC(20) Post Compact 4.806ms
[7.795s][info][gc,heap        ] GC(20) PSYoungGen: 167488K(232960K)->0K(232960K) Eden: 116736K(116736K)->0K(116736K) From: 50752K(116224K)->0K(116224K)
[7.795s][info][gc,heap        ] GC(20) ParOldGen: 618042K(699392K)->270504K(699392K)
[7.795s][info][gc,metaspace   ] GC(20) Metaspace: 16409K(16768K)->16350K(16768K) NonClass: 14080K(14272K)->14038K(14272K) Class: 2329K(2496K)->2311K(2496K)
[7.795s][info][gc             ] GC(20) Pause Full (Ergonomics) 767M->264M(910M) 237.993ms
[7.795s][info][gc,cpu         ] GC(20) User=1.23s Sys=0.00s Real=0.24s
[7.850s][info][gc,start       ] GC(21) Pause Young (Allocation Failure)
[7.874s][info][gc,heap        ] GC(21) PSYoungGen: 116736K(232960K)->50912K(232960K) Eden: 116736K(116736K)->0K(116736K) From: 0K(116224K)->50912K(116224K)
[7.874s][info][gc,heap        ] GC(21) ParOldGen: 270504K(699392K)->270504K(699392K)
[7.874s][info][gc,metaspace   ] GC(21) Metaspace: 16350K(16768K)->16350K(16768K) NonClass: 14038K(14272K)->14038K(14272K) Class: 2311K(2496K)->2311K(2496K)
[7.874s][info][gc             ] GC(21) Pause Young (Allocation Failure) 378M->313M(910M) 23.567ms
[7.874s][info][gc,cpu         ] GC(21) User=0.03s Sys=0.00s Real=0.02s
[7.931s][info][gc,start       ] GC(22) Pause Young (Allocation Failure)
[7.972s][info][gc,heap        ] GC(22) PSYoungGen: 167648K(232960K)->50976K(237056K) Eden: 116736K(116736K)->0K(120832K) From: 50912K(116224K)->50976K(116224K)
[7.972s][info][gc,heap        ] GC(22) ParOldGen: 270504K(699392K)->318584K(699392K)
[7.972s][info][gc,metaspace   ] GC(22) Metaspace: 16350K(16768K)->16350K(16768K) NonClass: 14038K(14272K)->14038K(14272K) Class: 2311K(2496K)->2311K(2496K)
[7.972s][info][gc             ] GC(22) Pause Young (Allocation Failure) 427M->360M(914M) 41.176ms
[7.972s][info][gc,cpu         ] GC(22) User=0.16s Sys=0.00s Real=0.03s
[8.031s][info][gc,start       ] GC(23) Pause Young (Allocation Failure)
[8.076s][info][gc,heap        ] GC(23) PSYoungGen: 171808K(237056K)->52800K(232960K) Eden: 120832K(120832K)->0K(120832K) From: 50976K(116224K)->52800K(112128K)
[8.076s][info][gc,heap        ] GC(23) ParOldGen: 318584K(699392K)->366560K(699392K)
[8.076s][info][gc,metaspace   ] GC(23) Metaspace: 16350K(16768K)->16350K(16768K) NonClass: 14038K(14272K)->14038K(14272K) Class: 2311K(2496K)->2311K(2496K)
[8.076s][info][gc             ] GC(23) Pause Young (Allocation Failure) 478M->409M(910M) 44.312ms
[8.076s][info][gc,cpu         ] GC(23) User=0.11s Sys=0.00s Real=0.05s
[8.426s][info][gc,start       ] GC(24) Pause Young (Allocation Failure)
[8.500s][info][gc,heap        ] GC(24) PSYoungGen: 173632K(232960K)->58289K(244224K) Eden: 120832K(120832K)->0K(136704K) From: 52800K(112128K)->58289K(107520K)
[8.500s][info][gc,heap        ] GC(24) ParOldGen: 366560K(699392K)->416400K(699392K)
[8.500s][info][gc,metaspace   ] GC(24) Metaspace: 16369K(16768K)->16369K(16768K) NonClass: 14051K(14272K)->14051K(14272K) Class: 2317K(2496K)->2317K(2496K)
[8.500s][info][gc             ] GC(24) Pause Young (Allocation Failure) 527M->463M(921M) 73.707ms
[8.500s][info][gc,cpu         ] GC(24) User=0.39s Sys=0.00s Real=0.08s
[8.672s][info][gc,start       ] GC(25) Pause Young (Allocation Failure)
[8.729s][info][gc,heap        ] GC(25) PSYoungGen: 194993K(244224K)->3936K(241664K) Eden: 136704K(136704K)->0K(136704K) From: 58289K(107520K)->3936K(104960K)
[8.729s][info][gc,heap        ] GC(25) ParOldGen: 416400K(699392K)->467045K(699392K)
[8.729s][info][gc,metaspace   ] GC(25) Metaspace: 16369K(16768K)->16369K(16768K) NonClass: 14051K(14272K)->14051K(14272K) Class: 2317K(2496K)->2317K(2496K)
[8.729s][info][gc             ] GC(25) Pause Young (Allocation Failure) 597M->459M(919M) 56.796ms
[8.729s][info][gc,cpu         ] GC(25) User=0.16s Sys=0.02s Real=0.05s
[8.883s][info][gc,start       ] GC(26) Pause Young (Allocation Failure)
[8.886s][info][gc,heap        ] GC(26) PSYoungGen: 140640K(241664K)->3072K(239616K) Eden: 136704K(136704K)->0K(132096K) From: 3936K(104960K)->3072K(107520K)
[8.886s][info][gc,heap        ] GC(26) ParOldGen: 467045K(699392K)->467341K(699392K)
[8.886s][info][gc,metaspace   ] GC(26) Metaspace: 16369K(16768K)->16369K(16768K) NonClass: 14051K(14272K)->14051K(14272K) Class: 2317K(2496K)->2317K(2496K)
[8.886s][info][gc             ] GC(26) Pause Young (Allocation Failure) 593M->459M(917M) 2.838ms
[8.886s][info][gc,cpu         ] GC(26) User=0.00s Sys=0.00s Real=0.00s
[9.027s][info][gc,start       ] GC(27) Pause Young (Allocation Failure)
[9.030s][info][gc,heap        ] GC(27) PSYoungGen: 135168K(239616K)->2048K(240640K) Eden: 132096K(132096K)->0K(132096K) From: 3072K(107520K)->2048K(108544K)
[9.030s][info][gc,heap        ] GC(27) ParOldGen: 467341K(699392K)->467429K(699392K)
[9.030s][info][gc,metaspace   ] GC(27) Metaspace: 16369K(16768K)->16369K(16768K) NonClass: 14051K(14272K)->14051K(14272K) Class: 2317K(2496K)->2317K(2496K)
[9.030s][info][gc             ] GC(27) Pause Young (Allocation Failure) 588M->458M(918M) 2.237ms
[9.030s][info][gc,cpu         ] GC(27) User=0.00s Sys=0.00s Real=0.00s
[9.565s][info][gc,start       ] GC(28) Pause Young (Allocation Failure)
[9.567s][info][gc,heap        ] GC(28) PSYoungGen: 134144K(240640K)->2176K(241664K) Eden: 132096K(132096K)->0K(133120K) From: 2048K(108544K)->2176K(108544K)
[9.567s][info][gc,heap        ] GC(28) ParOldGen: 467429K(699392K)->467437K(699392K)
[9.567s][info][gc,metaspace   ] GC(28) Metaspace: 16437K(16768K)->16437K(16768K) NonClass: 14099K(14272K)->14099K(14272K) Class: 2337K(2496K)->2337K(2496K)
[9.567s][info][gc             ] GC(28) Pause Young (Allocation Failure) 587M->458M(919M) 1.768ms
[9.567s][info][gc,cpu         ] GC(28) User=0.00s Sys=0.00s Real=0.00s
[9.813s][info][gc,start       ] GC(29) Pause Young (System.gc())
[9.814s][info][gc,heap        ] GC(29) PSYoungGen: 39680K(241664K)->192K(240640K) Eden: 37504K(133120K)->0K(133120K) From: 2176K(108544K)->192K(107520K)
[9.814s][info][gc,heap        ] GC(29) ParOldGen: 467437K(699392K)->467493K(699392K)
[9.814s][info][gc,metaspace   ] GC(29) Metaspace: 16445K(16768K)->16445K(16768K) NonClass: 14105K(14272K)->14105K(14272K) Class: 2340K(2496K)->2340K(2496K)
[9.814s][info][gc             ] GC(29) Pause Young (System.gc()) 495M->456M(918M) 0.774ms
[9.814s][info][gc,cpu         ] GC(29) User=0.00s Sys=0.00s Real=0.00s
[9.814s][info][gc,start       ] GC(30) Pause Full (System.gc())
[9.814s][info][gc,phases,start] GC(30) Marking Phase
[9.821s][info][gc,phases      ] GC(30) Marking Phase 7.540ms
[9.821s][info][gc,phases,start] GC(30) Summary Phase
[9.821s][info][gc,phases      ] GC(30) Summary Phase 0.012ms
[9.821s][info][gc,phases,start] GC(30) Adjust Roots
[9.824s][info][gc,phases      ] GC(30) Adjust Roots 2.076ms
[9.824s][info][gc,phases,start] GC(30) Compaction Phase
[9.827s][info][gc,phases      ] GC(30) Compaction Phase 3.523ms
[9.827s][info][gc,phases,start] GC(30) Post Compact
[9.830s][info][gc,phases      ] GC(30) Post Compact 2.636ms
[9.830s][info][gc,heap        ] GC(30) PSYoungGen: 192K(240640K)->0K(240640K) Eden: 0K(133120K)->0K(133120K) From: 192K(107520K)->0K(107520K)
[9.830s][info][gc,heap        ] GC(30) ParOldGen: 467493K(699392K)->5530K(699392K)
[9.830s][info][gc,metaspace   ] GC(30) Metaspace: 16445K(16768K)->16416K(16768K) NonClass: 14105K(14272K)->14084K(14272K) Class: 2340K(2496K)->2331K(2496K)
[9.830s][info][gc             ] GC(30) Pause Full (System.gc()) 456M->5M(918M) 16.081ms
[9.830s][info][gc,cpu         ] GC(30) User=0.00s Sys=0.00s Real=0.02s
[11.221s][info][gc,start       ] GC(31) Pause Young (Allocation Failure)
[11.222s][info][gc,heap        ] GC(31) PSYoungGen: 133120K(240640K)->352K(245760K) Eden: 133120K(133120K)->0K(140288K) From: 0K(107520K)->352K(105472K)
[11.222s][info][gc,heap        ] GC(31) ParOldGen: 5530K(699392K)->5530K(699392K)
[11.222s][info][gc,metaspace   ] GC(31) Metaspace: 16419K(16768K)->16419K(16768K) NonClass: 14088K(14272K)->14088K(14272K) Class: 2331K(2496K)->2331K(2496K)
[11.222s][info][gc             ] GC(31) Pause Young (Allocation Failure) 135M->5M(923M) 0.559ms
[11.222s][info][gc,cpu         ] GC(31) User=0.00s Sys=0.00s Real=0.00s
[11.245s][info][gc,start       ] GC(32) Pause Young (Allocation Failure)
[11.246s][info][gc,heap        ] GC(32) PSYoungGen: 140640K(245760K)->288K(243712K) Eden: 140288K(140288K)->0K(140288K) From: 352K(105472K)->288K(103424K)
[11.246s][info][gc,heap        ] GC(32) ParOldGen: 5530K(699392K)->5618K(699392K)
[11.246s][info][gc,metaspace   ] GC(32) Metaspace: 16419K(16768K)->16419K(16768K) NonClass: 14088K(14272K)->14088K(14272K) Class: 2331K(2496K)->2331K(2496K)
[11.246s][info][gc             ] GC(32) Pause Young (Allocation Failure) 142M->5M(921M) 0.435ms
[11.246s][info][gc,cpu         ] GC(32) User=0.00s Sys=0.00s Real=0.00s
[11.267s][info][gc,start       ] GC(33) Pause Young (Allocation Failure)
[11.268s][info][gc,heap        ] GC(33) PSYoungGen: 140576K(243712K)->320K(252416K) Eden: 140288K(140288K)->0K(152064K) From: 288K(103424K)->320K(100352K)
[11.268s][info][gc,heap        ] GC(33) ParOldGen: 5618K(699392K)->5666K(699392K)
[11.268s][info][gc,metaspace   ] GC(33) Metaspace: 16419K(16768K)->16419K(16768K) NonClass: 14088K(14272K)->14088K(14272K) Class: 2331K(2496K)->2331K(2496K)
[11.268s][info][gc             ] GC(33) Pause Young (Allocation Failure) 142M->5M(929M) 0.458ms
[11.268s][info][gc,cpu         ] GC(33) User=0.00s Sys=0.00s Real=0.00s
[11.291s][info][gc,start       ] GC(34) Pause Young (Allocation Failure)
[11.292s][info][gc,heap        ] GC(34) PSYoungGen: 152384K(252416K)->256K(248832K) Eden: 152064K(152064K)->0K(152064K) From: 320K(100352K)->256K(96768K)
[11.292s][info][gc,heap        ] GC(34) ParOldGen: 5666K(699392K)->5714K(699392K)
[11.292s][info][gc,metaspace   ] GC(34) Metaspace: 16423K(16768K)->16423K(16768K) NonClass: 14091K(14272K)->14091K(14272K) Class: 2331K(2496K)->2331K(2496K)
[11.292s][info][gc             ] GC(34) Pause Young (Allocation Failure) 154M->5M(926M) 0.452ms
[11.292s][info][gc,cpu         ] GC(34) User=0.00s Sys=0.00s Real=0.00s
[11.315s][info][gc,start       ] GC(35) Pause Young (Allocation Failure)
[11.316s][info][gc,heap        ] GC(35) PSYoungGen: 152320K(248832K)->384K(260096K) Eden: 152064K(152064K)->0K(166912K) From: 256K(96768K)->384K(93184K)
[11.316s][info][gc,heap        ] GC(35) ParOldGen: 5714K(699392K)->5746K(699392K)
[11.316s][info][gc,metaspace   ] GC(35) Metaspace: 16423K(16768K)->16423K(16768K) NonClass: 14091K(14272K)->14091K(14272K) Class: 2331K(2496K)->2331K(2496K)
[11.316s][info][gc             ] GC(35) Pause Young (Allocation Failure) 154M->5M(937M) 0.472ms
[11.316s][info][gc,cpu         ] GC(35) User=0.00s Sys=0.00s Real=0.00s
[11.342s][info][gc,start       ] GC(36) Pause Young (Allocation Failure)
[11.342s][info][gc,heap        ] GC(36) PSYoungGen: 167296K(260096K)->256K(256000K) Eden: 166912K(166912K)->0K(166912K) From: 384K(93184K)->256K(89088K)
[11.342s][info][gc,heap        ] GC(36) ParOldGen: 5746K(699392K)->5794K(699392K)
[11.342s][info][gc,metaspace   ] GC(36) Metaspace: 16423K(16768K)->16423K(16768K) NonClass: 14091K(14272K)->14091K(14272K) Class: 2331K(2496K)->2331K(2496K)
[11.342s][info][gc             ] GC(36) Pause Young (Allocation Failure) 168M->5M(933M) 0.483ms
[11.342s][info][gc,cpu         ] GC(36) User=0.00s Sys=0.00s Real=0.00s
[11.368s][info][gc,start       ] GC(37) Pause Young (Allocation Failure)
[11.369s][info][gc,heap        ] GC(37) PSYoungGen: 167168K(256000K)->288K(268288K) Eden: 166912K(166912K)->0K(183296K) From: 256K(89088K)->288K(84992K)
[11.369s][info][gc,heap        ] GC(37) ParOldGen: 5794K(699392K)->5818K(699392K)
[11.369s][info][gc,metaspace   ] GC(37) Metaspace: 16423K(16768K)->16423K(16768K) NonClass: 14091K(14272K)->14091K(14272K) Class: 2331K(2496K)->2331K(2496K)
[11.369s][info][gc             ] GC(37) Pause Young (Allocation Failure) 168M->5M(945M) 0.465ms
[11.369s][info][gc,cpu         ] GC(37) User=0.00s Sys=0.00s Real=0.00s
[11.398s][info][gc,start       ] GC(38) Pause Young (Allocation Failure)
[11.398s][info][gc,heap        ] GC(38) PSYoungGen: 183584K(268288K)->352K(264192K) Eden: 183296K(183296K)->0K(183296K) From: 288K(84992K)->352K(80896K)
[11.398s][info][gc,heap        ] GC(38) ParOldGen: 5818K(699392K)->5818K(699392K)
[11.398s][info][gc,metaspace   ] GC(38) Metaspace: 16423K(16768K)->16423K(16768K) NonClass: 14091K(14272K)->14091K(14272K) Class: 2331K(2496K)->2331K(2496K)
[11.398s][info][gc             ] GC(38) Pause Young (Allocation Failure) 184M->6M(941M) 0.436ms
[11.398s][info][gc,cpu         ] GC(38) User=0.00s Sys=0.00s Real=0.00s
[11.427s][info][gc,start       ] GC(39) Pause Young (Allocation Failure)
[11.427s][info][gc,heap        ] GC(39) PSYoungGen: 183648K(264192K)->288K(276480K) Eden: 183296K(183296K)->0K(199680K) From: 352K(80896K)->288K(76800K)
[11.427s][info][gc,heap        ] GC(39) ParOldGen: 5818K(699392K)->5818K(699392K)
[11.427s][info][gc,metaspace   ] GC(39) Metaspace: 16423K(16768K)->16423K(16768K) NonClass: 14091K(14272K)->14091K(14272K) Class: 2331K(2496K)->2331K(2496K)
[11.427s][info][gc             ] GC(39) Pause Young (Allocation Failure) 185M->5M(953M) 0.548ms
[11.427s][info][gc,cpu         ] GC(39) User=0.00s Sys=0.00s Real=0.00s
[11.459s][info][gc,start       ] GC(40) Pause Young (Allocation Failure)
[11.459s][info][gc,heap        ] GC(40) PSYoungGen: 199968K(276480K)->352K(272384K) Eden: 199680K(199680K)->0K(199680K) From: 288K(76800K)->352K(72704K)
[11.459s][info][gc,heap        ] GC(40) ParOldGen: 5818K(699392K)->5818K(699392K)
[11.459s][info][gc,metaspace   ] GC(40) Metaspace: 16423K(16768K)->16423K(16768K) NonClass: 14091K(14272K)->14091K(14272K) Class: 2331K(2496K)->2331K(2496K)
[11.459s][info][gc             ] GC(40) Pause Young (Allocation Failure) 200M->6M(949M) 0.508ms
[11.459s][info][gc,cpu         ] GC(40) User=0.00s Sys=0.00s Real=0.00s
[11.491s][info][gc,start       ] GC(41) Pause Young (Allocation Failure)
[11.491s][info][gc,heap        ] GC(41) PSYoungGen: 200032K(272384K)->352K(284672K) Eden: 199680K(199680K)->0K(216064K) From: 352K(72704K)->352K(68608K)
[11.491s][info][gc,heap        ] GC(41) ParOldGen: 5818K(699392K)->5818K(699392K)
[11.491s][info][gc,metaspace   ] GC(41) Metaspace: 16423K(16768K)->16423K(16768K) NonClass: 14091K(14272K)->14091K(14272K) Class: 2331K(2496K)->2331K(2496K)
[11.491s][info][gc             ] GC(41) Pause Young (Allocation Failure) 201M->6M(961M) 0.595ms
[11.491s][info][gc,cpu         ] GC(41) User=0.00s Sys=0.00s Real=0.00s
[11.526s][info][gc,start       ] GC(42) Pause Young (Allocation Failure)
[11.527s][info][gc,heap        ] GC(42) PSYoungGen: 216416K(284672K)->320K(280576K) Eden: 216064K(216064K)->0K(216064K) From: 352K(68608K)->320K(64512K)
[11.527s][info][gc,heap        ] GC(42) ParOldGen: 5818K(699392K)->5818K(699392K)
[11.527s][info][gc,metaspace   ] GC(42) Metaspace: 16423K(16768K)->16423K(16768K) NonClass: 14092K(14272K)->14092K(14272K) Class: 2331K(2496K)->2331K(2496K)
[11.527s][info][gc             ] GC(42) Pause Young (Allocation Failure) 217M->5M(957M) 0.451ms
[11.527s][info][gc,cpu         ] GC(42) User=0.00s Sys=0.00s Real=0.00s
[11.561s][info][gc,start       ] GC(43) Pause Young (Allocation Failure)
[11.561s][info][gc,heap        ] GC(43) PSYoungGen: 216384K(280576K)->320K(292352K) Eden: 216064K(216064K)->0K(231424K) From: 320K(64512K)->320K(60928K)
[11.561s][info][gc,heap        ] GC(43) ParOldGen: 5818K(699392K)->5818K(699392K)
[11.561s][info][gc,metaspace   ] GC(43) Metaspace: 16424K(16768K)->16424K(16768K) NonClass: 14092K(14272K)->14092K(14272K) Class: 2331K(2496K)->2331K(2496K)
[11.561s][info][gc             ] GC(43) Pause Young (Allocation Failure) 216M->5M(968M) 0.392ms
[11.561s][info][gc,cpu         ] GC(43) User=0.00s Sys=0.00s Real=0.00s
[11.597s][info][gc,start       ] GC(44) Pause Young (Allocation Failure)
[11.597s][info][gc,heap        ] GC(44) PSYoungGen: 231744K(292352K)->384K(288256K) Eden: 231424K(231424K)->0K(231424K) From: 320K(60928K)->384K(56832K)
[11.597s][info][gc,heap        ] GC(44) ParOldGen: 5818K(699392K)->5818K(699392K)
[11.597s][info][gc,metaspace   ] GC(44) Metaspace: 16424K(16768K)->16424K(16768K) NonClass: 14092K(14272K)->14092K(14272K) Class: 2331K(2496K)->2331K(2496K)
[11.597s][info][gc             ] GC(44) Pause Young (Allocation Failure) 231M->6M(964M) 0.491ms
[11.597s][info][gc,cpu         ] GC(44) User=0.00s Sys=0.00s Real=0.00s
[11.634s][info][gc,start       ] GC(45) Pause Young (Allocation Failure)
[11.634s][info][gc,heap        ] GC(45) PSYoungGen: 231808K(288256K)->320K(299008K) Eden: 231424K(231424K)->0K(245760K) From: 384K(56832K)->320K(53248K)
[11.634s][info][gc,heap        ] GC(45) ParOldGen: 5818K(699392K)->5818K(699392K)
[11.634s][info][gc,metaspace   ] GC(45) Metaspace: 16426K(16768K)->16426K(16768K) NonClass: 14095K(14272K)->14095K(14272K) Class: 2331K(2496K)->2331K(2496K)
[11.634s][info][gc             ] GC(45) Pause Young (Allocation Failure) 232M->5M(975M) 0.403ms
[11.634s][info][gc,cpu         ] GC(45) User=0.00s Sys=0.00s Real=0.00s
[11.699s][info][gc,start       ] GC(46) Pause Young (Allocation Failure)
[11.728s][info][gc,heap        ] GC(46) PSYoungGen: 246080K(299008K)->50147K(295936K) Eden: 245760K(245760K)->0K(245760K) From: 320K(53248K)->50147K(50176K)
[11.728s][info][gc,heap        ] GC(46) ParOldGen: 5818K(699392K)->22554K(699392K)
[11.728s][info][gc,metaspace   ] GC(46) Metaspace: 16426K(16768K)->16426K(16768K) NonClass: 14095K(14272K)->14095K(14272K) Class: 2331K(2496K)->2331K(2496K)
[11.728s][info][gc             ] GC(46) Pause Young (Allocation Failure) 245M->70M(972M) 29.208ms
[11.728s][info][gc,cpu         ] GC(46) User=0.02s Sys=0.00s Real=0.02s
[11.900s][info][gc,start       ] GC(47) Pause Young (Allocation Failure)
[12.015s][info][gc,heap        ] GC(47) PSYoungGen: 295907K(295936K)->53219K(169984K) Eden: 245760K(245760K)->0K(116736K) From: 50147K(50176K)->53219K(53248K)
[12.015s][info][gc,heap        ] GC(47) ParOldGen: 22554K(699392K)->185090K(699392K)
[12.015s][info][gc,metaspace   ] GC(47) Metaspace: 16426K(16768K)->16426K(16768K) NonClass: 14095K(14272K)->14095K(14272K) Class: 2331K(2496K)->2331K(2496K)
[12.015s][info][gc             ] GC(47) Pause Young (Allocation Failure) 310M->232M(849M) 115.492ms
[12.015s][info][gc,cpu         ] GC(47) User=0.75s Sys=0.00s Real=0.13s
[12.092s][info][gc,start       ] GC(48) Pause Young (Allocation Failure)
[12.157s][info][gc,heap        ] GC(48) PSYoungGen: 169955K(169984K)->116195K(232960K) Eden: 116736K(116736K)->0K(116736K) From: 53219K(53248K)->116195K(116224K)
[12.157s][info][gc,heap        ] GC(48) ParOldGen: 185090K(699392K)->202994K(699392K)
[12.157s][info][gc,metaspace   ] GC(48) Metaspace: 16426K(16768K)->16426K(16768K) NonClass: 14095K(14272K)->14095K(14272K) Class: 2331K(2496K)->2331K(2496K)
[12.157s][info][gc             ] GC(48) Pause Young (Allocation Failure) 346M->311M(910M) 65.486ms
[12.157s][info][gc,cpu         ] GC(48) User=0.34s Sys=0.00s Real=0.06s
[12.241s][info][gc,start       ] GC(49) Pause Young (Allocation Failure)
[12.338s][info][gc,heap        ] GC(49) PSYoungGen: 232931K(232960K)->116195K(232960K) Eden: 116736K(116736K)->0K(116736K) From: 116195K(116224K)->116195K(116224K)
[12.338s][info][gc,heap        ] GC(49) ParOldGen: 202994K(699392K)->283794K(699392K)
[12.338s][info][gc,metaspace   ] GC(49) Metaspace: 16426K(16768K)->16426K(16768K) NonClass: 14095K(14272K)->14095K(14272K) Class: 2331K(2496K)->2331K(2496K)
[12.338s][info][gc             ] GC(49) Pause Young (Allocation Failure) 425M->390M(910M) 96.867ms
[12.338s][info][gc,cpu         ] GC(49) User=0.48s Sys=0.00s Real=0.09s
[12.770s][info][gc,start       ] GC(50) Pause Young (Allocation Failure)
[12.867s][info][gc,heap        ] GC(50) PSYoungGen: 232931K(232960K)->116195K(232960K) Eden: 116736K(116736K)->0K(116736K) From: 116195K(116224K)->116195K(116224K)
[12.867s][info][gc,heap        ] GC(50) ParOldGen: 283794K(699392K)->333466K(699392K)
[12.867s][info][gc,metaspace   ] GC(50) Metaspace: 16426K(16768K)->16426K(16768K) NonClass: 14095K(14272K)->14095K(14272K) Class: 2331K(2496K)->2331K(2496K)
[12.867s][info][gc             ] GC(50) Pause Young (Allocation Failure) 504M->439M(910M) 96.515ms
[12.867s][info][gc,cpu         ] GC(50) User=0.56s Sys=0.00s Real=0.10s
[15.257s][info][gc,start       ] GC(51) Pause Young (Allocation Failure)
[15.334s][info][gc,heap        ] GC(51) PSYoungGen: 232931K(232960K)->116224K(232960K) Eden: 116736K(116736K)->0K(116736K) From: 116195K(116224K)->116224K(116224K)
[15.334s][info][gc,heap        ] GC(51) ParOldGen: 333466K(699392K)->360285K(699392K)
[15.334s][info][gc,metaspace   ] GC(51) Metaspace: 16431K(16768K)->16431K(16768K) NonClass: 14100K(14272K)->14100K(14272K) Class: 2331K(2496K)->2331K(2496K)
[15.334s][info][gc             ] GC(51) Pause Young (Allocation Failure) 553M->465M(910M) 77.399ms
[15.334s][info][gc,cpu         ] GC(51) User=0.39s Sys=0.00s Real=0.08s
[15.388s][info][gc,start       ] GC(52) Pause Young (Allocation Failure)
[15.456s][info][gc,heap        ] GC(52) PSYoungGen: 232960K(232960K)->116224K(232960K) Eden: 116736K(116736K)->0K(116736K) From: 116224K(116224K)->116224K(116224K)
[15.456s][info][gc,heap        ] GC(52) ParOldGen: 360285K(699392K)->410509K(699392K)
[15.456s][info][gc,metaspace   ] GC(52) Metaspace: 16431K(16768K)->16431K(16768K) NonClass: 14100K(14272K)->14100K(14272K) Class: 2331K(2496K)->2331K(2496K)
[15.456s][info][gc             ] GC(52) Pause Young (Allocation Failure) 579M->514M(910M) 67.505ms
[15.456s][info][gc,cpu         ] GC(52) User=0.41s Sys=0.00s Real=0.07s
[15.512s][info][gc,start       ] GC(53) Pause Young (Allocation Failure)
[15.588s][info][gc,heap        ] GC(53) PSYoungGen: 232960K(232960K)->105504K(232960K) Eden: 116736K(116736K)->0K(116736K) From: 116224K(116224K)->105504K(116224K)
[15.588s][info][gc,heap        ] GC(53) ParOldGen: 410509K(699392K)->470909K(699392K)
[15.588s][info][gc,metaspace   ] GC(53) Metaspace: 16431K(16768K)->16431K(16768K) NonClass: 14100K(14272K)->14100K(14272K) Class: 2331K(2496K)->2331K(2496K)
[15.588s][info][gc             ] GC(53) Pause Young (Allocation Failure) 628M->562M(910M) 76.883ms
[15.588s][info][gc,cpu         ] GC(53) User=0.44s Sys=0.00s Real=0.08s
[15.645s][info][gc,start       ] GC(54) Pause Young (Allocation Failure)
[15.713s][info][gc,heap        ] GC(54) PSYoungGen: 222240K(232960K)->98944K(232960K) Eden: 116736K(116736K)->0K(116736K) From: 105504K(116224K)->98944K(116224K)
[15.713s][info][gc,heap        ] GC(54) ParOldGen: 470909K(699392K)->526005K(699392K)
[15.713s][info][gc,metaspace   ] GC(54) Metaspace: 16431K(16768K)->16431K(16768K) NonClass: 14100K(14272K)->14100K(14272K) Class: 2331K(2496K)->2331K(2496K)
[15.713s][info][gc             ] GC(54) Pause Young (Allocation Failure) 676M->610M(910M) 68.211ms
[15.713s][info][gc,cpu         ] GC(54) User=0.47s Sys=0.00s Real=0.06s
[15.771s][info][gc,start       ] GC(55) Pause Young (Allocation Failure)
[15.838s][info][gc,heap        ] GC(55) PSYoungGen: 215680K(232960K)->50720K(232960K) Eden: 116736K(116736K)->0K(116736K) From: 98944K(116224K)->50720K(116224K)
[15.838s][info][gc,heap        ] GC(55) ParOldGen: 526005K(699392K)->622669K(699392K)
[15.838s][info][gc,metaspace   ] GC(55) Metaspace: 16431K(16768K)->16431K(16768K) NonClass: 14100K(14272K)->14100K(14272K) Class: 2331K(2496K)->2331K(2496K)
[15.838s][info][gc             ] GC(55) Pause Young (Allocation Failure) 724M->657M(910M) 66.438ms
[15.838s][info][gc,cpu         ] GC(55) User=0.38s Sys=0.00s Real=0.06s
[15.895s][info][gc,start       ] GC(56) Pause Full (Ergonomics)
[15.895s][info][gc,phases,start] GC(56) Marking Phase
[15.967s][info][gc,phases      ] GC(56) Marking Phase 71.804ms
[15.967s][info][gc,phases,start] GC(56) Summary Phase
[15.967s][info][gc,phases      ] GC(56) Summary Phase 0.020ms
[15.967s][info][gc,phases,start] GC(56) Adjust Roots
[15.969s][info][gc,phases      ] GC(56) Adjust Roots 1.529ms
[15.969s][info][gc,phases,start] GC(56) Compaction Phase
[16.121s][info][gc,phases      ] GC(56) Compaction Phase 151.874ms
[16.121s][info][gc,phases,start] GC(56) Post Compact
[16.122s][info][gc,phases      ] GC(56) Post Compact 1.541ms
[16.122s][info][gc,heap        ] GC(56) PSYoungGen: 167456K(232960K)->0K(232960K) Eden: 116736K(116736K)->0K(116736K) From: 50720K(116224K)->0K(116224K)
[16.122s][info][gc,heap        ] GC(56) ParOldGen: 622669K(699392K)->280308K(699392K)
[16.122s][info][gc,metaspace   ] GC(56) Metaspace: 16431K(16768K)->16431K(16768K) NonClass: 14100K(14272K)->14100K(14272K) Class: 2331K(2496K)->2331K(2496K)
[16.122s][info][gc             ] GC(56) Pause Full (Ergonomics) 771M->273M(910M) 227.044ms
[16.122s][info][gc,cpu         ] GC(56) User=1.31s Sys=0.00s Real=0.24s
[16.180s][info][gc,start       ] GC(57) Pause Young (Allocation Failure)
[16.204s][info][gc,heap        ] GC(57) PSYoungGen: 116736K(232960K)->50944K(232960K) Eden: 116736K(116736K)->0K(116736K) From: 0K(116224K)->50944K(116224K)
[16.204s][info][gc,heap        ] GC(57) ParOldGen: 280308K(699392K)->280308K(699392K)
[16.204s][info][gc,metaspace   ] GC(57) Metaspace: 16431K(16768K)->16431K(16768K) NonClass: 14100K(14272K)->14100K(14272K) Class: 2331K(2496K)->2331K(2496K)
[16.204s][info][gc             ] GC(57) Pause Young (Allocation Failure) 387M->323M(910M) 23.899ms
[16.204s][info][gc,cpu         ] GC(57) User=0.03s Sys=0.00s Real=0.02s
[16.264s][info][gc,start       ] GC(58) Pause Young (Allocation Failure)
[16.305s][info][gc,heap        ] GC(58) PSYoungGen: 167680K(232960K)->51040K(232960K) Eden: 116736K(116736K)->0K(116736K) From: 50944K(116224K)->51040K(116224K)
[16.305s][info][gc,heap        ] GC(58) ParOldGen: 280308K(699392K)->328380K(699392K)
[16.305s][info][gc,metaspace   ] GC(58) Metaspace: 16431K(16768K)->16431K(16768K) NonClass: 14100K(14272K)->14100K(14272K) Class: 2331K(2496K)->2331K(2496K)
[16.305s][info][gc             ] GC(58) Pause Young (Allocation Failure) 437M->370M(910M) 41.067ms
[16.305s][info][gc,cpu         ] GC(58) User=0.17s Sys=0.00s Real=0.05s
[16.366s][info][gc,start       ] GC(59) Pause Young (Allocation Failure)
[16.410s][info][gc,heap        ] GC(59) PSYoungGen: 167776K(232960K)->51136K(232960K) Eden: 116736K(116736K)->0K(116736K) From: 51040K(116224K)->51136K(116224K)
[16.410s][info][gc,heap        ] GC(59) ParOldGen: 328380K(699392K)->376356K(699392K)
[16.410s][info][gc,metaspace   ] GC(59) Metaspace: 16431K(16768K)->16431K(16768K) NonClass: 14100K(14272K)->14100K(14272K) Class: 2331K(2496K)->2331K(2496K)
[16.410s][info][gc             ] GC(59) Pause Young (Allocation Failure) 484M->417M(910M) 44.154ms
[16.410s][info][gc,cpu         ] GC(59) User=0.20s Sys=0.00s Real=0.05s
[16.763s][info][gc,start       ] GC(60) Pause Young (Allocation Failure)
[16.841s][info][gc,heap        ] GC(60) PSYoungGen: 167872K(232960K)->61994K(232960K) Eden: 116736K(116736K)->0K(116736K) From: 51136K(116224K)->61994K(116224K)
[16.841s][info][gc,heap        ] GC(60) ParOldGen: 376356K(699392K)->424292K(699392K)
[16.841s][info][gc,metaspace   ] GC(60) Metaspace: 16431K(16768K)->16431K(16768K) NonClass: 14100K(14272K)->14100K(14272K) Class: 2331K(2496K)->2331K(2496K)
[16.841s][info][gc             ] GC(60) Pause Young (Allocation Failure) 531M->474M(910M) 77.850ms
[16.841s][info][gc,cpu         ] GC(60) User=0.33s Sys=0.00s Real=0.08s
[16.981s][info][gc,start       ] GC(61) Pause Young (Allocation Failure)
[17.028s][info][gc,heap        ] GC(61) PSYoungGen: 178730K(232960K)->3808K(232960K) Eden: 116736K(116736K)->0K(116736K) From: 61994K(116224K)->3808K(116224K)
[17.028s][info][gc,heap        ] GC(61) ParOldGen: 424292K(699392K)->471156K(699392K)
[17.028s][info][gc,metaspace   ] GC(61) Metaspace: 16431K(16768K)->16431K(16768K) NonClass: 14100K(14272K)->14100K(14272K) Class: 2331K(2496K)->2331K(2496K)
[17.028s][info][gc             ] GC(61) Pause Young (Allocation Failure) 588M->463M(910M) 46.756ms
[17.028s][info][gc,cpu         ] GC(61) User=0.19s Sys=0.00s Real=0.05s
[17.222s][info][gc,start       ] GC(62) Pause Young (Allocation Failure)
[17.227s][info][gc,heap        ] GC(62) PSYoungGen: 120544K(232960K)->3136K(232960K) Eden: 116736K(116736K)->0K(116736K) From: 3808K(116224K)->3136K(116224K)
[17.227s][info][gc,heap        ] GC(62) ParOldGen: 471156K(699392K)->471484K(699392K)
[17.227s][info][gc,metaspace   ] GC(62) Metaspace: 16431K(16768K)->16431K(16768K) NonClass: 14100K(14272K)->14100K(14272K) Class: 2331K(2496K)->2331K(2496K)
[17.227s][info][gc             ] GC(62) Pause Young (Allocation Failure) 577M->463M(910M) 4.643ms
[17.227s][info][gc,cpu         ] GC(62) User=0.00s Sys=0.00s Real=0.00s
[17.470s][info][gc,start       ] GC(63) Pause Young (Allocation Failure)
[17.475s][info][gc,heap        ] GC(63) PSYoungGen: 119872K(232960K)->2336K(232960K) Eden: 116736K(116736K)->0K(116736K) From: 3136K(116224K)->2336K(116224K)
[17.475s][info][gc,heap        ] GC(63) ParOldGen: 471484K(699392K)->471612K(699392K)
[17.475s][info][gc,metaspace   ] GC(63) Metaspace: 16431K(16768K)->16431K(16768K) NonClass: 14100K(14272K)->14100K(14272K) Class: 2331K(2496K)->2331K(2496K)
[17.475s][info][gc             ] GC(63) Pause Young (Allocation Failure) 577M->462M(910M) 4.979ms
[17.475s][info][gc,cpu         ] GC(63) User=0.02s Sys=0.00s Real=0.00s
[17.649s][info][gc,start       ] GC(64) Pause Young (Allocation Failure)
[17.650s][info][gc,heap        ] GC(64) PSYoungGen: 119072K(232960K)->128K(232960K) Eden: 116736K(116736K)->0K(116736K) From: 2336K(116224K)->128K(116224K)
[17.650s][info][gc,heap        ] GC(64) ParOldGen: 471612K(699392K)->471620K(699392K)
[17.650s][info][gc,metaspace   ] GC(64) Metaspace: 16431K(16768K)->16431K(16768K) NonClass: 14100K(14272K)->14100K(14272K) Class: 2331K(2496K)->2331K(2496K)
[17.650s][info][gc             ] GC(64) Pause Young (Allocation Failure) 576M->460M(910M) 1.074ms
[17.650s][info][gc,cpu         ] GC(64) User=0.00s Sys=0.00s Real=0.00s
[18.425s][info][gc,start       ] GC(65) Pause Young (System.gc())
[18.426s][info][gc,heap        ] GC(65) PSYoungGen: 87021K(232960K)->64K(232960K) Eden: 86893K(116736K)->0K(116736K) From: 128K(116224K)->64K(116224K)
[18.426s][info][gc,heap        ] GC(65) ParOldGen: 471620K(699392K)->471620K(699392K)
[18.426s][info][gc,metaspace   ] GC(65) Metaspace: 16431K(16768K)->16431K(16768K) NonClass: 14100K(14272K)->14100K(14272K) Class: 2331K(2496K)->2331K(2496K)
[18.426s][info][gc             ] GC(65) Pause Young (System.gc()) 545M->460M(910M) 1.446ms
[18.426s][info][gc,cpu         ] GC(65) User=0.02s Sys=0.00s Real=0.02s
[18.426s][info][gc,start       ] GC(66) Pause Full (System.gc())
[18.426s][info][gc,phases,start] GC(66) Marking Phase
[18.431s][info][gc,phases      ] GC(66) Marking Phase 4.386ms
[18.431s][info][gc,phases,start] GC(66) Summary Phase
[18.431s][info][gc,phases      ] GC(66) Summary Phase 0.011ms
[18.431s][info][gc,phases,start] GC(66) Adjust Roots
[18.432s][info][gc,phases      ] GC(66) Adjust Roots 1.682ms
[18.433s][info][gc,phases,start] GC(66) Compaction Phase
[18.435s][info][gc,phases      ] GC(66) Compaction Phase 2.149ms
[18.435s][info][gc,phases,start] GC(66) Post Compact
[18.436s][info][gc,phases      ] GC(66) Post Compact 1.698ms
[18.436s][info][gc,heap        ] GC(66) PSYoungGen: 64K(232960K)->0K(232960K) Eden: 0K(116736K)->0K(116736K) From: 64K(116224K)->0K(116224K)
[18.436s][info][gc,heap        ] GC(66) ParOldGen: 471620K(699392K)->5529K(699392K)
[18.436s][info][gc,metaspace   ] GC(66) Metaspace: 16431K(16768K)->16431K(16768K) NonClass: 14100K(14272K)->14100K(14272K) Class: 2331K(2496K)->2331K(2496K)
[18.436s][info][gc             ] GC(66) Pause Full (System.gc()) 460M->5M(910M) 10.163ms
[18.436s][info][gc,cpu         ] GC(66) User=0.00s Sys=0.00s Real=0.00s
[19.833s][info][gc,start       ] GC(67) Pause Young (Allocation Failure)
[19.833s][info][gc,heap        ] GC(67) PSYoungGen: 116736K(232960K)->384K(232960K) Eden: 116736K(116736K)->0K(116736K) From: 0K(116224K)->384K(116224K)
[19.833s][info][gc,heap        ] GC(67) ParOldGen: 5529K(699392K)->5529K(699392K)
[19.833s][info][gc,metaspace   ] GC(67) Metaspace: 16431K(16768K)->16431K(16768K) NonClass: 14100K(14272K)->14100K(14272K) Class: 2331K(2496K)->2331K(2496K)
[19.833s][info][gc             ] GC(67) Pause Young (Allocation Failure) 119M->5M(910M) 0.504ms
[19.833s][info][gc,cpu         ] GC(67) User=0.00s Sys=0.00s Real=0.02s
[19.852s][info][gc,start       ] GC(68) Pause Young (Allocation Failure)
[19.853s][info][gc,heap        ] GC(68) PSYoungGen: 117120K(232960K)->224K(232960K) Eden: 116736K(116736K)->0K(116736K) From: 384K(116224K)->224K(116224K)
[19.853s][info][gc,heap        ] GC(68) ParOldGen: 5529K(699392K)->5645K(699392K)
[19.853s][info][gc,metaspace   ] GC(68) Metaspace: 16431K(16768K)->16431K(16768K) NonClass: 14100K(14272K)->14100K(14272K) Class: 2331K(2496K)->2331K(2496K)
[19.853s][info][gc             ] GC(68) Pause Young (Allocation Failure) 119M->5M(910M) 0.469ms
[19.853s][info][gc,cpu         ] GC(68) User=0.00s Sys=0.00s Real=0.00s
[19.873s][info][gc,start       ] GC(69) Pause Young (Allocation Failure)
[19.873s][info][gc,heap        ] GC(69) PSYoungGen: 116960K(232960K)->256K(232960K) Eden: 116736K(116736K)->0K(116736K) From: 224K(116224K)->256K(116224K)
[19.873s][info][gc,heap        ] GC(69) ParOldGen: 5645K(699392K)->5693K(699392K)
[19.873s][info][gc,metaspace   ] GC(69) Metaspace: 16431K(16768K)->16431K(16768K) NonClass: 14100K(14272K)->14100K(14272K) Class: 2331K(2496K)->2331K(2496K)
[19.873s][info][gc             ] GC(69) Pause Young (Allocation Failure) 119M->5M(910M) 0.426ms
[19.873s][info][gc,cpu         ] GC(69) User=0.00s Sys=0.00s Real=0.00s
[19.892s][info][gc,start       ] GC(70) Pause Young (Allocation Failure)
[19.893s][info][gc,heap        ] GC(70) PSYoungGen: 116992K(232960K)->256K(232960K) Eden: 116736K(116736K)->0K(116736K) From: 256K(116224K)->256K(116224K)
[19.893s][info][gc,heap        ] GC(70) ParOldGen: 5693K(699392K)->5733K(699392K)
[19.893s][info][gc,metaspace   ] GC(70) Metaspace: 16431K(16768K)->16431K(16768K) NonClass: 14100K(14272K)->14100K(14272K) Class: 2331K(2496K)->2331K(2496K)
[19.893s][info][gc             ] GC(70) Pause Young (Allocation Failure) 119M->5M(910M) 0.438ms
[19.893s][info][gc,cpu         ] GC(70) User=0.00s Sys=0.00s Real=0.00s
[19.912s][info][gc,start       ] GC(71) Pause Young (Allocation Failure)
[19.912s][info][gc,heap        ] GC(71) PSYoungGen: 116992K(232960K)->224K(232960K) Eden: 116736K(116736K)->0K(116736K) From: 256K(116224K)->224K(116224K)
[19.912s][info][gc,heap        ] GC(71) ParOldGen: 5733K(699392K)->5789K(699392K)
[19.912s][info][gc,metaspace   ] GC(71) Metaspace: 16431K(16768K)->16431K(16768K) NonClass: 14100K(14272K)->14100K(14272K) Class: 2331K(2496K)->2331K(2496K)
[19.912s][info][gc             ] GC(71) Pause Young (Allocation Failure) 119M->5M(910M) 0.450ms
[19.912s][info][gc,cpu         ] GC(71) User=0.00s Sys=0.00s Real=0.00s
[19.931s][info][gc,start       ] GC(72) Pause Young (Allocation Failure)
[19.931s][info][gc,heap        ] GC(72) PSYoungGen: 116960K(232960K)->288K(232960K) Eden: 116736K(116736K)->0K(116736K) From: 224K(116224K)->288K(116224K)
[19.931s][info][gc,heap        ] GC(72) ParOldGen: 5789K(699392K)->5837K(699392K)
[19.931s][info][gc,metaspace   ] GC(72) Metaspace: 16431K(16768K)->16431K(16768K) NonClass: 14100K(14272K)->14100K(14272K) Class: 2331K(2496K)->2331K(2496K)
[19.931s][info][gc             ] GC(72) Pause Young (Allocation Failure) 119M->5M(910M) 0.422ms
[19.931s][info][gc,cpu         ] GC(72) User=0.00s Sys=0.00s Real=0.00s
[19.952s][info][gc,start       ] GC(73) Pause Young (Allocation Failure)
[19.952s][info][gc,heap        ] GC(73) PSYoungGen: 117024K(232960K)->192K(232960K) Eden: 116736K(116736K)->0K(116736K) From: 288K(116224K)->192K(116224K)
[19.952s][info][gc,heap        ] GC(73) ParOldGen: 5837K(699392K)->5885K(699392K)
[19.952s][info][gc,metaspace   ] GC(73) Metaspace: 16431K(16768K)->16431K(16768K) NonClass: 14100K(14272K)->14100K(14272K) Class: 2331K(2496K)->2331K(2496K)
[19.952s][info][gc             ] GC(73) Pause Young (Allocation Failure) 119M->5M(910M) 0.405ms
[19.952s][info][gc,cpu         ] GC(73) User=0.00s Sys=0.00s Real=0.00s
[19.972s][info][gc,start       ] GC(74) Pause Young (Allocation Failure)
[19.972s][info][gc,heap        ] GC(74) PSYoungGen: 116928K(232960K)->256K(232960K) Eden: 116736K(116736K)->0K(116736K) From: 192K(116224K)->256K(116224K)
[19.972s][info][gc,heap        ] GC(74) ParOldGen: 5885K(699392K)->5925K(699392K)
[19.972s][info][gc,metaspace   ] GC(74) Metaspace: 16431K(16768K)->16431K(16768K) NonClass: 14100K(14272K)->14100K(14272K) Class: 2331K(2496K)->2331K(2496K)
[19.972s][info][gc             ] GC(74) Pause Young (Allocation Failure) 119M->6M(910M) 0.448ms
[19.972s][info][gc,cpu         ] GC(74) User=0.00s Sys=0.00s Real=0.00s
[19.991s][info][gc,start       ] GC(75) Pause Young (Allocation Failure)
[19.991s][info][gc,heap        ] GC(75) PSYoungGen: 116992K(232960K)->256K(232960K) Eden: 116736K(116736K)->0K(116736K) From: 256K(116224K)->256K(116224K)
[19.991s][info][gc,heap        ] GC(75) ParOldGen: 5925K(699392K)->5973K(699392K)
[19.991s][info][gc,metaspace   ] GC(75) Metaspace: 16432K(16768K)->16432K(16768K) NonClass: 14101K(14272K)->14101K(14272K) Class: 2331K(2496K)->2331K(2496K)
[19.991s][info][gc             ] GC(75) Pause Young (Allocation Failure) 120M->6M(910M) 0.435ms
[19.991s][info][gc,cpu         ] GC(75) User=0.00s Sys=0.00s Real=0.00s
[20.010s][info][gc,start       ] GC(76) Pause Young (Allocation Failure)
[20.010s][info][gc,heap        ] GC(76) PSYoungGen: 116992K(232960K)->352K(239616K) Eden: 116736K(116736K)->0K(123392K) From: 256K(116224K)->352K(116224K)
[20.010s][info][gc,heap        ] GC(76) ParOldGen: 5973K(699392K)->5973K(699392K)
[20.010s][info][gc,metaspace   ] GC(76) Metaspace: 16432K(16768K)->16432K(16768K) NonClass: 14101K(14272K)->14101K(14272K) Class: 2331K(2496K)->2331K(2496K)
[20.010s][info][gc             ] GC(76) Pause Young (Allocation Failure) 120M->6M(917M) 0.414ms
[20.010s][info][gc,cpu         ] GC(76) User=0.00s Sys=0.00s Real=0.00s
[20.030s][info][gc,start       ] GC(77) Pause Young (Allocation Failure)
[20.031s][info][gc,heap        ] GC(77) PSYoungGen: 123744K(239616K)->320K(232960K) Eden: 123392K(123392K)->0K(123392K) From: 352K(116224K)->320K(109568K)
[20.031s][info][gc,heap        ] GC(77) ParOldGen: 5973K(699392K)->5973K(699392K)
[20.031s][info][gc,metaspace   ] GC(77) Metaspace: 16432K(16768K)->16432K(16768K) NonClass: 14101K(14272K)->14101K(14272K) Class: 2331K(2496K)->2331K(2496K)
[20.031s][info][gc             ] GC(77) Pause Young (Allocation Failure) 126M->6M(910M) 0.419ms
[20.031s][info][gc,cpu         ] GC(77) User=0.00s Sys=0.00s Real=0.00s
[20.051s][info][gc,start       ] GC(78) Pause Young (Allocation Failure)
[20.051s][info][gc,heap        ] GC(78) PSYoungGen: 123712K(232960K)->320K(252928K) Eden: 123392K(123392K)->0K(150528K) From: 320K(109568K)->320K(102400K)
[20.051s][info][gc,heap        ] GC(78) ParOldGen: 5973K(699392K)->5973K(699392K)
[20.051s][info][gc,metaspace   ] GC(78) Metaspace: 16432K(16768K)->16432K(16768K) NonClass: 14101K(14272K)->14101K(14272K) Class: 2331K(2496K)->2331K(2496K)
[20.051s][info][gc             ] GC(78) Pause Young (Allocation Failure) 126M->6M(930M) 0.428ms
[20.051s][info][gc,cpu         ] GC(78) User=0.00s Sys=0.00s Real=0.00s
[20.075s][info][gc,start       ] GC(79) Pause Young (Allocation Failure)
[20.075s][info][gc,heap        ] GC(79) PSYoungGen: 150848K(252928K)->352K(246784K) Eden: 150528K(150528K)->0K(150528K) From: 320K(102400K)->352K(96256K)
[20.075s][info][gc,heap        ] GC(79) ParOldGen: 5973K(699392K)->5973K(699392K)
[20.075s][info][gc,metaspace   ] GC(79) Metaspace: 16432K(16768K)->16432K(16768K) NonClass: 14101K(14272K)->14101K(14272K) Class: 2331K(2496K)->2331K(2496K)
[20.075s][info][gc             ] GC(79) Pause Young (Allocation Failure) 153M->6M(924M) 0.454ms
[20.075s][info][gc,cpu         ] GC(79) User=0.00s Sys=0.00s Real=0.00s
[20.100s][info][gc,start       ] GC(80) Pause Young (Allocation Failure)
[20.101s][info][gc,heap        ] GC(80) PSYoungGen: 150880K(246784K)->352K(265216K) Eden: 150528K(150528K)->0K(175104K) From: 352K(96256K)->352K(90112K)
[20.101s][info][gc,heap        ] GC(80) ParOldGen: 5973K(699392K)->5973K(699392K)
[20.101s][info][gc,metaspace   ] GC(80) Metaspace: 16432K(16768K)->16432K(16768K) NonClass: 14101K(14272K)->14101K(14272K) Class: 2331K(2496K)->2331K(2496K)
[20.101s][info][gc             ] GC(80) Pause Young (Allocation Failure) 153M->6M(942M) 0.484ms
[20.101s][info][gc,cpu         ] GC(80) User=0.00s Sys=0.00s Real=0.00s
[20.129s][info][gc,start       ] GC(81) Pause Young (Allocation Failure)
[20.129s][info][gc,heap        ] GC(81) PSYoungGen: 175456K(265216K)->352K(259072K) Eden: 175104K(175104K)->0K(175104K) From: 352K(90112K)->352K(83968K)
[20.129s][info][gc,heap        ] GC(81) ParOldGen: 5973K(699392K)->5973K(699392K)
[20.129s][info][gc,metaspace   ] GC(81) Metaspace: 16432K(16768K)->16432K(16768K) NonClass: 14101K(14272K)->14101K(14272K) Class: 2331K(2496K)->2331K(2496K)
[20.129s][info][gc             ] GC(81) Pause Young (Allocation Failure) 177M->6M(936M) 0.558ms
[20.129s][info][gc,cpu         ] GC(81) User=0.00s Sys=0.00s Real=0.00s
[20.158s][info][gc,start       ] GC(82) Pause Young (Allocation Failure)
[20.158s][info][gc,heap        ] GC(82) PSYoungGen: 175456K(259072K)->384K(275968K) Eden: 175104K(175104K)->0K(197632K) From: 352K(83968K)->384K(78336K)
[20.158s][info][gc,heap        ] GC(82) ParOldGen: 5973K(699392K)->5973K(699392K)
[20.158s][info][gc,metaspace   ] GC(82) Metaspace: 16432K(16768K)->16432K(16768K) NonClass: 14101K(14272K)->14101K(14272K) Class: 2331K(2496K)->2331K(2496K)
[20.159s][info][gc             ] GC(82) Pause Young (Allocation Failure) 177M->6M(952M) 0.541ms
[20.159s][info][gc,cpu         ] GC(82) User=0.00s Sys=0.00s Real=0.00s
[20.191s][info][gc,start       ] GC(83) Pause Young (Allocation Failure)
[20.191s][info][gc,heap        ] GC(83) PSYoungGen: 198016K(275968K)->352K(270848K) Eden: 197632K(197632K)->0K(197632K) From: 384K(78336K)->352K(73216K)
[20.191s][info][gc,heap        ] GC(83) ParOldGen: 5973K(699392K)->5973K(699392K)
[20.191s][info][gc,metaspace   ] GC(83) Metaspace: 16432K(16768K)->16432K(16768K) NonClass: 14101K(14272K)->14101K(14272K) Class: 2331K(2496K)->2331K(2496K)
[20.192s][info][gc             ] GC(83) Pause Young (Allocation Failure) 199M->6M(947M) 0.470ms
[20.192s][info][gc,cpu         ] GC(83) User=0.00s Sys=0.00s Real=0.00s
[20.224s][info][gc,start       ] GC(84) Pause Young (Allocation Failure)
[20.225s][info][gc,heap        ] GC(84) PSYoungGen: 197984K(270848K)->384K(285696K) Eden: 197632K(197632K)->0K(217600K) From: 352K(73216K)->384K(68096K)
[20.225s][info][gc,heap        ] GC(84) ParOldGen: 5973K(699392K)->5973K(699392K)
[20.225s][info][gc,metaspace   ] GC(84) Metaspace: 16432K(16768K)->16432K(16768K) NonClass: 14101K(14272K)->14101K(14272K) Class: 2331K(2496K)->2331K(2496K)
[20.225s][info][gc             ] GC(84) Pause Young (Allocation Failure) 199M->6M(962M) 0.488ms
[20.225s][info][gc,cpu         ] GC(84) User=0.00s Sys=0.00s Real=0.00s
[20.260s][info][gc,start       ] GC(85) Pause Young (Allocation Failure)
[20.260s][info][gc,heap        ] GC(85) PSYoungGen: 217984K(285696K)->320K(281088K) Eden: 217600K(217600K)->0K(217600K) From: 384K(68096K)->320K(63488K)
[20.260s][info][gc,heap        ] GC(85) ParOldGen: 5973K(699392K)->5973K(699392K)
[20.260s][info][gc,metaspace   ] GC(85) Metaspace: 16432K(16768K)->16432K(16768K) NonClass: 14101K(14272K)->14101K(14272K) Class: 2331K(2496K)->2331K(2496K)
[20.260s][info][gc             ] GC(85) Pause Young (Allocation Failure) 218M->6M(957M) 0.394ms
[20.260s][info][gc,cpu         ] GC(85) User=0.00s Sys=0.00s Real=0.00s
[20.304s][info][gc,start       ] GC(86) Pause Young (Allocation Failure)
[20.313s][info][gc,heap        ] GC(86) PSYoungGen: 217920K(281088K)->23954K(288256K) Eden: 217600K(217600K)->0K(229376K) From: 320K(63488K)->23954K(58880K)
[20.313s][info][gc,heap        ] GC(86) ParOldGen: 5973K(699392K)->5973K(699392K)
[20.313s][info][gc,metaspace   ] GC(86) Metaspace: 16432K(16768K)->16432K(16768K) NonClass: 14101K(14272K)->14101K(14272K) Class: 2331K(2496K)->2331K(2496K)
[20.313s][info][gc             ] GC(86) Pause Young (Allocation Failure) 218M->29M(964M) 9.094ms
[20.313s][info][gc,cpu         ] GC(86) User=0.02s Sys=0.00s Real=0.02s
[20.453s][info][gc,start       ] GC(87) Pause Young (Allocation Failure)
[20.546s][info][gc,heap        ] GC(87) PSYoungGen: 253330K(288256K)->59875K(289280K) Eden: 229376K(229376K)->0K(229376K) From: 23954K(58880K)->59875K(59904K)
[20.546s][info][gc,heap        ] GC(87) ParOldGen: 5973K(699392K)->123933K(699392K)
[20.546s][info][gc,metaspace   ] GC(87) Metaspace: 16432K(16768K)->16432K(16768K) NonClass: 14101K(14272K)->14101K(14272K) Class: 2331K(2496K)->2331K(2496K)
[20.546s][info][gc             ] GC(87) Pause Young (Allocation Failure) 253M->179M(965M) 93.416ms
[20.546s][info][gc,cpu         ] GC(87) User=0.48s Sys=0.00s Real=0.10s
[20.708s][info][gc,start       ] GC(88) Pause Young (Allocation Failure)
[20.831s][info][gc,heap        ] GC(88) PSYoungGen: 289251K(289280K)->59875K(176640K) Eden: 229376K(229376K)->0K(116736K) From: 59875K(59904K)->59875K(59904K)
[20.831s][info][gc,heap        ] GC(88) ParOldGen: 123933K(699392K)->282261K(699392K)
[20.831s][info][gc,metaspace   ] GC(88) Metaspace: 16432K(16768K)->16432K(16768K) NonClass: 14101K(14272K)->14101K(14272K) Class: 2331K(2496K)->2331K(2496K)
[20.831s][info][gc             ] GC(88) Pause Young (Allocation Failure) 403M->334M(855M) 123.571ms
[20.831s][info][gc,cpu         ] GC(88) User=0.58s Sys=0.00s Real=0.12s
[20.915s][info][gc,start       ] GC(89) Pause Young (Allocation Failure)
[20.985s][info][gc,heap        ] GC(89) PSYoungGen: 176611K(176640K)->116195K(232960K) Eden: 116736K(116736K)->0K(116736K) From: 59875K(59904K)->116195K(116224K)
[20.986s][info][gc,heap        ] GC(89) ParOldGen: 282261K(699392K)->307509K(699392K)
[20.986s][info][gc,metaspace   ] GC(89) Metaspace: 16432K(16768K)->16432K(16768K) NonClass: 14101K(14272K)->14101K(14272K) Class: 2331K(2496K)->2331K(2496K)
[20.986s][info][gc             ] GC(89) Pause Young (Allocation Failure) 448M->413M(910M) 70.566ms
[20.986s][info][gc,cpu         ] GC(89) User=0.39s Sys=0.00s Real=0.08s
[21.225s][info][gc,start       ] GC(90) Pause Young (Allocation Failure)
[21.305s][info][gc,heap        ] GC(90) PSYoungGen: 232931K(232960K)->116195K(232960K) Eden: 116736K(116736K)->0K(116736K) From: 116195K(116224K)->116195K(116224K)
[21.305s][info][gc,heap        ] GC(90) ParOldGen: 307509K(699392K)->330238K(699392K)
[21.305s][info][gc,metaspace   ] GC(90) Metaspace: 16432K(16768K)->16432K(16768K) NonClass: 14101K(14272K)->14101K(14272K) Class: 2331K(2496K)->2331K(2496K)
[21.305s][info][gc             ] GC(90) Pause Young (Allocation Failure) 527M->435M(910M) 80.500ms
[21.305s][info][gc,cpu         ] GC(90) User=0.39s Sys=0.00s Real=0.08s
[23.754s][info][gc,start       ] GC(91) Pause Young (Allocation Failure)
[23.841s][info][gc,heap        ] GC(91) PSYoungGen: 232931K(232960K)->116195K(232960K) Eden: 116736K(116736K)->0K(116736K) From: 116195K(116224K)->116195K(116224K)
[23.843s][info][gc,heap        ] GC(91) ParOldGen: 330238K(699392K)->376558K(699392K)
[23.843s][info][gc,metaspace   ] GC(91) Metaspace: 16435K(16768K)->16435K(16768K) NonClass: 14104K(14272K)->14104K(14272K) Class: 2331K(2496K)->2331K(2496K)
[23.843s][info][gc             ] GC(91) Pause Young (Allocation Failure) 549M->481M(910M) 89.087ms
[23.844s][info][gc,cpu         ] GC(91) User=0.45s Sys=0.00s Real=0.09s
[23.900s][info][gc,start       ] GC(92) Pause Young (Allocation Failure)
[23.989s][info][gc,heap        ] GC(92) PSYoungGen: 232931K(232960K)->116224K(232960K) Eden: 116736K(116736K)->0K(116736K) From: 116195K(116224K)->116224K(116224K)
[23.989s][info][gc,heap        ] GC(92) ParOldGen: 376558K(699392K)->426153K(699392K)
[23.989s][info][gc,metaspace   ] GC(92) Metaspace: 16435K(16768K)->16435K(16768K) NonClass: 14104K(14272K)->14104K(14272K) Class: 2331K(2496K)->2331K(2496K)
[23.989s][info][gc             ] GC(92) Pause Young (Allocation Failure) 595M->529M(910M) 89.283ms
[23.989s][info][gc,cpu         ] GC(92) User=0.52s Sys=0.00s Real=0.09s
[24.045s][info][gc,start       ] GC(93) Pause Young (Allocation Failure)
[24.117s][info][gc,heap        ] GC(93) PSYoungGen: 232960K(232960K)->116224K(232960K) Eden: 116736K(116736K)->0K(116736K) From: 116224K(116224K)->116224K(116224K)
[24.117s][info][gc,heap        ] GC(93) ParOldGen: 426153K(699392K)->476473K(699392K)
[24.117s][info][gc,metaspace   ] GC(93) Metaspace: 16435K(16768K)->16435K(16768K) NonClass: 14104K(14272K)->14104K(14272K) Class: 2331K(2496K)->2331K(2496K)
[24.117s][info][gc             ] GC(93) Pause Young (Allocation Failure) 643M->578M(910M) 72.456ms
[24.117s][info][gc,cpu         ] GC(93) User=0.45s Sys=0.00s Real=0.08s
[24.174s][info][gc,start       ] GC(94) Pause Young (Allocation Failure)
[24.254s][info][gc,heap        ] GC(94) PSYoungGen: 232960K(232960K)->104352K(232960K) Eden: 116736K(116736K)->0K(116736K) From: 116224K(116224K)->104352K(116224K)
[24.254s][info][gc,heap        ] GC(94) ParOldGen: 476473K(699392K)->539217K(699392K)
[24.254s][info][gc,metaspace   ] GC(94) Metaspace: 16435K(16768K)->16435K(16768K) NonClass: 14104K(14272K)->14104K(14272K) Class: 2331K(2496K)->2331K(2496K)
[24.254s][info][gc             ] GC(94) Pause Young (Allocation Failure) 692M->628M(910M) 79.567ms
[24.254s][info][gc,cpu         ] GC(94) User=0.42s Sys=0.00s Real=0.08s
[24.312s][info][gc,start       ] GC(95) Pause Young (Allocation Failure)
[24.379s][info][gc,heap        ] GC(95) PSYoungGen: 221088K(232960K)->116224K(232960K) Eden: 116736K(116736K)->0K(116736K) From: 104352K(116224K)->116224K(116224K)
[24.379s][info][gc,heap        ] GC(95) ParOldGen: 539217K(699392K)->575657K(699392K)
[24.379s][info][gc,metaspace   ] GC(95) Metaspace: 16435K(16768K)->16435K(16768K) NonClass: 14104K(14272K)->14104K(14272K) Class: 2331K(2496K)->2331K(2496K)
[24.379s][info][gc             ] GC(95) Pause Young (Allocation Failure) 742M->675M(910M) 67.658ms
[24.379s][info][gc,cpu         ] GC(95) User=0.38s Sys=0.00s Real=0.08s
[24.437s][info][gc,start       ] GC(96) Pause Young (Allocation Failure)
[24.511s][info][gc,heap        ] GC(96) PSYoungGen: 232960K(232960K)->84384K(232960K) Eden: 116736K(116736K)->0K(116736K) From: 116224K(116224K)->84384K(116224K)
[24.512s][info][gc,heap        ] GC(96) ParOldGen: 575657K(699392K)->658025K(699392K)
[24.512s][info][gc,metaspace   ] GC(96) Metaspace: 16435K(16768K)->16435K(16768K) NonClass: 14104K(14272K)->14104K(14272K) Class: 2331K(2496K)->2331K(2496K)
[24.512s][info][gc             ] GC(96) Pause Young (Allocation Failure) 789M->725M(910M) 74.614ms
[24.512s][info][gc,cpu         ] GC(96) User=0.45s Sys=0.00s Real=0.08s
[24.571s][info][gc,start       ] GC(97) Pause Full (Ergonomics)
[24.571s][info][gc,phases,start] GC(97) Marking Phase
[24.655s][info][gc,phases      ] GC(97) Marking Phase 83.732ms
[24.655s][info][gc,phases,start] GC(97) Summary Phase
[24.655s][info][gc,phases      ] GC(97) Summary Phase 0.021ms
[24.655s][info][gc,phases,start] GC(97) Adjust Roots
[24.657s][info][gc,phases      ] GC(97) Adjust Roots 1.887ms
[24.657s][info][gc,phases,start] GC(97) Compaction Phase
[24.843s][info][gc,phases      ] GC(97) Compaction Phase 186.252ms
[24.843s][info][gc,phases,start] GC(97) Post Compact
[24.845s][info][gc,phases      ] GC(97) Post Compact 1.695ms
[24.845s][info][gc,heap        ] GC(97) PSYoungGen: 201120K(232960K)->0K(232960K) Eden: 116736K(116736K)->0K(116736K) From: 84384K(116224K)->0K(116224K)
[24.845s][info][gc,heap        ] GC(97) ParOldGen: 658025K(699392K)->341910K(699392K)
[24.845s][info][gc,metaspace   ] GC(97) Metaspace: 16435K(16768K)->16435K(16768K) NonClass: 14104K(14272K)->14104K(14272K) Class: 2331K(2496K)->2331K(2496K)
[24.845s][info][gc             ] GC(97) Pause Full (Ergonomics) 839M->333M(910M) 273.874ms
[24.845s][info][gc,cpu         ] GC(97) User=1.59s Sys=0.00s Real=0.27s
[24.904s][info][gc,start       ] GC(98) Pause Young (Allocation Failure)
[24.928s][info][gc,heap        ] GC(98) PSYoungGen: 116736K(232960K)->51072K(232960K) Eden: 116736K(116736K)->0K(116736K) From: 0K(116224K)->51072K(116224K)
[24.928s][info][gc,heap        ] GC(98) ParOldGen: 341910K(699392K)->341910K(699392K)
[24.928s][info][gc,metaspace   ] GC(98) Metaspace: 16435K(16768K)->16435K(16768K) NonClass: 14104K(14272K)->14104K(14272K) Class: 2331K(2496K)->2331K(2496K)
[24.928s][info][gc             ] GC(98) Pause Young (Allocation Failure) 447M->383M(910M) 23.791ms
[24.928s][info][gc,cpu         ] GC(98) User=0.09s Sys=0.00s Real=0.03s
[25.021s][info][gc,start       ] GC(99) Pause Young (Allocation Failure)
[25.089s][info][gc,heap        ] GC(99) PSYoungGen: 167808K(232960K)->81674K(232960K) Eden: 116736K(116736K)->0K(116736K) From: 51072K(116224K)->81674K(116224K)
[25.089s][info][gc,heap        ] GC(99) ParOldGen: 341910K(699392K)->390094K(699392K)
[25.089s][info][gc,metaspace   ] GC(99) Metaspace: 16435K(16768K)->16435K(16768K) NonClass: 14104K(14272K)->14104K(14272K) Class: 2331K(2496K)->2331K(2496K)
[25.089s][info][gc             ] GC(99) Pause Young (Allocation Failure) 497M->460M(910M) 68.183ms
[25.089s][info][gc,cpu         ] GC(99) User=0.39s Sys=0.00s Real=0.06s
[25.431s][info][gc,start       ] GC(100) Pause Young (Allocation Failure)
[25.508s][info][gc,heap        ] GC(100) PSYoungGen: 198410K(232960K)->22944K(232960K) Eden: 116736K(116736K)->0K(116736K) From: 81674K(116224K)->22944K(116224K)
[25.508s][info][gc,heap        ] GC(100) ParOldGen: 390094K(699392K)->456597K(699392K)
[25.508s][info][gc,metaspace   ] GC(100) Metaspace: 16435K(16768K)->16435K(16768K) NonClass: 14104K(14272K)->14104K(14272K) Class: 2331K(2496K)->2331K(2496K)
[25.508s][info][gc             ] GC(100) Pause Young (Allocation Failure) 574M->468M(910M) 76.986ms
[25.508s][info][gc,cpu         ] GC(100) User=0.33s Sys=0.00s Real=0.08s
[25.649s][info][gc,start       ] GC(101) Pause Young (Allocation Failure)
[25.672s][info][gc,heap        ] GC(101) PSYoungGen: 139680K(232960K)->3648K(232960K) Eden: 116736K(116736K)->0K(116736K) From: 22944K(116224K)->3648K(116224K)
[25.672s][info][gc,heap        ] GC(101) ParOldGen: 456597K(699392K)->475997K(699392K)
[25.672s][info][gc,metaspace   ] GC(101) Metaspace: 16435K(16768K)->16435K(16768K) NonClass: 14104K(14272K)->14104K(14272K) Class: 2331K(2496K)->2331K(2496K)
[25.672s][info][gc             ] GC(101) Pause Young (Allocation Failure) 582M->468M(910M) 22.904ms
[25.672s][info][gc,cpu         ] GC(101) User=0.16s Sys=0.00s Real=0.03s
[25.814s][info][gc,start       ] GC(102) Pause Young (Allocation Failure)
[25.817s][info][gc,heap        ] GC(102) PSYoungGen: 120384K(232960K)->2912K(232960K) Eden: 116736K(116736K)->0K(116736K) From: 3648K(116224K)->2912K(116224K)
[25.817s][info][gc,heap        ] GC(102) ParOldGen: 475997K(699392K)->476269K(699392K)
[25.817s][info][gc,metaspace   ] GC(102) Metaspace: 16435K(16768K)->16435K(16768K) NonClass: 14104K(14272K)->14104K(14272K) Class: 2331K(2496K)->2331K(2496K)
[25.817s][info][gc             ] GC(102) Pause Young (Allocation Failure) 582M->467M(910M) 2.723ms
[25.817s][info][gc,cpu         ] GC(102) User=0.00s Sys=0.00s Real=0.00s
[25.942s][info][gc,start       ] GC(103) Pause Young (Allocation Failure)
[25.944s][info][gc,heap        ] GC(103) PSYoungGen: 119648K(232960K)->2048K(232960K) Eden: 116736K(116736K)->0K(116736K) From: 2912K(116224K)->2048K(116224K)
[25.944s][info][gc,heap        ] GC(103) ParOldGen: 476269K(699392K)->476349K(699392K)
[25.944s][info][gc,metaspace   ] GC(103) Metaspace: 16435K(16768K)->16435K(16768K) NonClass: 14104K(14272K)->14104K(14272K) Class: 2331K(2496K)->2331K(2496K)
[25.944s][info][gc             ] GC(103) Pause Young (Allocation Failure) 581M->467M(910M) 2.114ms
[25.944s][info][gc,cpu         ] GC(103) User=0.00s Sys=0.00s Real=0.00s
[26.349s][info][gc,start       ] GC(104) Pause Young (Allocation Failure)
[26.351s][info][gc,heap        ] GC(104) PSYoungGen: 118784K(232960K)->2144K(232960K) Eden: 116736K(116736K)->0K(116736K) From: 2048K(116224K)->2144K(116224K)
[26.351s][info][gc,heap        ] GC(104) ParOldGen: 476349K(699392K)->476349K(699392K)
[26.351s][info][gc,metaspace   ] GC(104) Metaspace: 16435K(16768K)->16435K(16768K) NonClass: 14104K(14272K)->14104K(14272K) Class: 2331K(2496K)->2331K(2496K)
[26.351s][info][gc             ] GC(104) Pause Young (Allocation Failure) 581M->467M(910M) 1.649ms
[26.351s][info][gc,cpu         ] GC(104) User=0.00s Sys=0.00s Real=0.00s
[26.764s][info][gc,start       ] GC(105) Pause Young (System.gc())
[26.765s][info][gc,heap        ] GC(105) PSYoungGen: 55029K(232960K)->64K(232960K) Eden: 52885K(116736K)->0K(116736K) From: 2144K(116224K)->64K(116224K)
[26.765s][info][gc,heap        ] GC(105) ParOldGen: 476349K(699392K)->476365K(699392K)
[26.765s][info][gc,metaspace   ] GC(105) Metaspace: 16435K(16768K)->16435K(16768K) NonClass: 14104K(14272K)->14104K(14272K) Class: 2331K(2496K)->2331K(2496K)
[26.765s][info][gc             ] GC(105) Pause Young (System.gc()) 518M->465M(910M) 0.960ms
[26.765s][info][gc,cpu         ] GC(105) User=0.00s Sys=0.00s Real=0.00s
[26.765s][info][gc,start       ] GC(106) Pause Full (System.gc())
[26.765s][info][gc,phases,start] GC(106) Marking Phase
[26.769s][info][gc,phases      ] GC(106) Marking Phase 4.390ms
[26.769s][info][gc,phases,start] GC(106) Summary Phase
[26.769s][info][gc,phases      ] GC(106) Summary Phase 0.011ms
[26.769s][info][gc,phases,start] GC(106) Adjust Roots
[26.771s][info][gc,phases      ] GC(106) Adjust Roots 2.099ms
[26.771s][info][gc,phases,start] GC(106) Compaction Phase
[26.774s][info][gc,phases      ] GC(106) Compaction Phase 2.779ms
[26.774s][info][gc,phases,start] GC(106) Post Compact
[26.776s][info][gc,phases      ] GC(106) Post Compact 1.750ms
[26.776s][info][gc,heap        ] GC(106) PSYoungGen: 64K(232960K)->0K(232960K) Eden: 0K(116736K)->0K(116736K) From: 64K(116224K)->0K(116224K)
[26.776s][info][gc,heap        ] GC(106) ParOldGen: 476365K(699392K)->5534K(699392K)
[26.776s][info][gc,metaspace   ] GC(106) Metaspace: 16435K(16768K)->16435K(16768K) NonClass: 14104K(14272K)->14104K(14272K) Class: 2331K(2496K)->2331K(2496K)
[26.776s][info][gc             ] GC(106) Pause Full (System.gc()) 465M->5M(910M) 11.263ms
[26.776s][info][gc,cpu         ] GC(106) User=0.00s Sys=0.00s Real=0.02s
[28.086s][info][gc,start       ] GC(107) Pause Young (Allocation Failure)
[28.087s][info][gc,heap        ] GC(107) PSYoungGen: 116736K(232960K)->384K(232960K) Eden: 116736K(116736K)->0K(116736K) From: 0K(116224K)->384K(116224K)
[28.087s][info][gc,heap        ] GC(107) ParOldGen: 5534K(699392K)->5534K(699392K)
[28.087s][info][gc,metaspace   ] GC(107) Metaspace: 16436K(16768K)->16436K(16768K) NonClass: 14105K(14272K)->14105K(14272K) Class: 2331K(2496K)->2331K(2496K)
[28.087s][info][gc             ] GC(107) Pause Young (Allocation Failure) 119M->5M(910M) 0.532ms
[28.087s][info][gc,cpu         ] GC(107) User=0.00s Sys=0.00s Real=0.00s
[28.105s][info][gc,start       ] GC(108) Pause Young (Allocation Failure)
[28.106s][info][gc,heap        ] GC(108) PSYoungGen: 117120K(232960K)->224K(232960K) Eden: 116736K(116736K)->0K(116736K) From: 384K(116224K)->224K(116224K)
[28.106s][info][gc,heap        ] GC(108) ParOldGen: 5534K(699392K)->5630K(699392K)
[28.106s][info][gc,metaspace   ] GC(108) Metaspace: 16436K(16768K)->16436K(16768K) NonClass: 14105K(14272K)->14105K(14272K) Class: 2331K(2496K)->2331K(2496K)
[28.106s][info][gc             ] GC(108) Pause Young (Allocation Failure) 119M->5M(910M) 0.509ms
[28.106s][info][gc,cpu         ] GC(108) User=0.00s Sys=0.00s Real=0.00s
[28.124s][info][gc,start       ] GC(109) Pause Young (Allocation Failure)
[28.124s][info][gc,heap        ] GC(109) PSYoungGen: 116960K(232960K)->224K(232960K) Eden: 116736K(116736K)->0K(116736K) From: 224K(116224K)->224K(116224K)
[28.124s][info][gc,heap        ] GC(109) ParOldGen: 5630K(699392K)->5662K(699392K)
[28.124s][info][gc,metaspace   ] GC(109) Metaspace: 16436K(16768K)->16436K(16768K) NonClass: 14105K(14272K)->14105K(14272K) Class: 2331K(2496K)->2331K(2496K)
[28.124s][info][gc             ] GC(109) Pause Young (Allocation Failure) 119M->5M(910M) 0.439ms
[28.124s][info][gc,cpu         ] GC(109) User=0.00s Sys=0.00s Real=0.00s
[28.143s][info][gc,start       ] GC(110) Pause Young (Allocation Failure)
[28.144s][info][gc,heap        ] GC(110) PSYoungGen: 116960K(232960K)->320K(232960K) Eden: 116736K(116736K)->0K(116736K) From: 224K(116224K)->320K(116224K)
[28.144s][info][gc,heap        ] GC(110) ParOldGen: 5662K(699392K)->5710K(699392K)
[28.144s][info][gc,metaspace   ] GC(110) Metaspace: 16436K(16768K)->16436K(16768K) NonClass: 14105K(14272K)->14105K(14272K) Class: 2331K(2496K)->2331K(2496K)
[28.144s][info][gc             ] GC(110) Pause Young (Allocation Failure) 119M->5M(910M) 0.429ms
[28.144s][info][gc,cpu         ] GC(110) User=0.00s Sys=0.00s Real=0.00s
[28.162s][info][gc,start       ] GC(111) Pause Young (Allocation Failure)
[28.162s][info][gc,heap        ] GC(111) PSYoungGen: 117056K(232960K)->224K(232960K) Eden: 116736K(116736K)->0K(116736K) From: 320K(116224K)->224K(116224K)
[28.162s][info][gc,heap        ] GC(111) ParOldGen: 5710K(699392K)->5758K(699392K)
[28.162s][info][gc,metaspace   ] GC(111) Metaspace: 16436K(16768K)->16436K(16768K) NonClass: 14105K(14272K)->14105K(14272K) Class: 2331K(2496K)->2331K(2496K)
[28.162s][info][gc             ] GC(111) Pause Young (Allocation Failure) 119M->5M(910M) 0.496ms
[28.162s][info][gc,cpu         ] GC(111) User=0.00s Sys=0.00s Real=0.00s
[28.181s][info][gc,start       ] GC(112) Pause Young (Allocation Failure)
[28.181s][info][gc,heap        ] GC(112) PSYoungGen: 116960K(232960K)->320K(232960K) Eden: 116736K(116736K)->0K(116736K) From: 224K(116224K)->320K(116224K)
[28.181s][info][gc,heap        ] GC(112) ParOldGen: 5758K(699392K)->5782K(699392K)
[28.181s][info][gc,metaspace   ] GC(112) Metaspace: 16436K(16768K)->16436K(16768K) NonClass: 14105K(14272K)->14105K(14272K) Class: 2331K(2496K)->2331K(2496K)
[28.181s][info][gc             ] GC(112) Pause Young (Allocation Failure) 119M->5M(910M) 0.495ms
[28.181s][info][gc,cpu         ] GC(112) User=0.00s Sys=0.00s Real=0.00s
[28.201s][info][gc,start       ] GC(113) Pause Young (Allocation Failure)
[28.201s][info][gc,heap        ] GC(113) PSYoungGen: 117056K(232960K)->320K(232960K) Eden: 116736K(116736K)->0K(116736K) From: 320K(116224K)->320K(116224K)
[28.201s][info][gc,heap        ] GC(113) ParOldGen: 5782K(699392K)->5830K(699392K)
[28.201s][info][gc,metaspace   ] GC(113) Metaspace: 16436K(16768K)->16436K(16768K) NonClass: 14105K(14272K)->14105K(14272K) Class: 2331K(2496K)->2331K(2496K)
[28.201s][info][gc             ] GC(113) Pause Young (Allocation Failure) 119M->6M(910M) 0.425ms
[28.201s][info][gc,cpu         ] GC(113) User=0.00s Sys=0.00s Real=0.00s
[28.219s][info][gc,start       ] GC(114) Pause Young (Allocation Failure)
[28.220s][info][gc,heap        ] GC(114) PSYoungGen: 117056K(232960K)->224K(232960K) Eden: 116736K(116736K)->0K(116736K) From: 320K(116224K)->224K(116224K)
[28.220s][info][gc,heap        ] GC(114) ParOldGen: 5830K(699392K)->5878K(699392K)
[28.220s][info][gc,metaspace   ] GC(114) Metaspace: 16436K(16768K)->16436K(16768K) NonClass: 14105K(14272K)->14105K(14272K) Class: 2331K(2496K)->2331K(2496K)
[28.220s][info][gc             ] GC(114) Pause Young (Allocation Failure) 120M->5M(910M) 0.445ms
[28.220s][info][gc,cpu         ] GC(114) User=0.00s Sys=0.00s Real=0.00s
[28.239s][info][gc,start       ] GC(115) Pause Young (Allocation Failure)
[28.239s][info][gc,heap        ] GC(115) PSYoungGen: 116960K(232960K)->320K(232960K) Eden: 116736K(116736K)->0K(116736K) From: 224K(116224K)->320K(116224K)
[28.239s][info][gc,heap        ] GC(115) ParOldGen: 5878K(699392K)->5910K(699392K)
[28.239s][info][gc,metaspace   ] GC(115) Metaspace: 16438K(16768K)->16438K(16768K) NonClass: 14107K(14272K)->14107K(14272K) Class: 2331K(2496K)->2331K(2496K)
[28.239s][info][gc             ] GC(115) Pause Young (Allocation Failure) 119M->6M(910M) 0.425ms
[28.239s][info][gc,cpu         ] GC(115) User=0.00s Sys=0.00s Real=0.00s
[28.257s][info][gc,start       ] GC(116) Pause Young (Allocation Failure)
[28.258s][info][gc,heap        ] GC(116) PSYoungGen: 117056K(232960K)->256K(232960K) Eden: 116736K(116736K)->0K(116736K) From: 320K(116224K)->256K(116224K)
[28.258s][info][gc,heap        ] GC(116) ParOldGen: 5910K(699392K)->5982K(699392K)
[28.258s][info][gc,metaspace   ] GC(116) Metaspace: 16438K(16768K)->16438K(16768K) NonClass: 14107K(14272K)->14107K(14272K) Class: 2331K(2496K)->2331K(2496K)
[28.258s][info][gc             ] GC(116) Pause Young (Allocation Failure) 120M->6M(910M) 0.437ms
[28.258s][info][gc,cpu         ] GC(116) User=0.00s Sys=0.00s Real=0.00s
[28.276s][info][gc,start       ] GC(117) Pause Young (Allocation Failure)
[28.276s][info][gc,heap        ] GC(117) PSYoungGen: 116992K(232960K)->320K(232960K) Eden: 116736K(116736K)->0K(116736K) From: 256K(116224K)->320K(116224K)
[28.276s][info][gc,heap        ] GC(117) ParOldGen: 5982K(699392K)->6030K(699392K)
[28.276s][info][gc,metaspace   ] GC(117) Metaspace: 16438K(16768K)->16438K(16768K) NonClass: 14107K(14272K)->14107K(14272K) Class: 2331K(2496K)->2331K(2496K)
[28.276s][info][gc             ] GC(117) Pause Young (Allocation Failure) 120M->6M(910M) 0.461ms
[28.276s][info][gc,cpu         ] GC(117) User=0.00s Sys=0.00s Real=0.00s
[28.294s][info][gc,start       ] GC(118) Pause Young (Allocation Failure)
[28.295s][info][gc,heap        ] GC(118) PSYoungGen: 117056K(232960K)->256K(232960K) Eden: 116736K(116736K)->0K(116736K) From: 320K(116224K)->256K(116224K)
[28.295s][info][gc,heap        ] GC(118) ParOldGen: 6030K(699392K)->6078K(699392K)
[28.295s][info][gc,metaspace   ] GC(118) Metaspace: 16438K(16768K)->16438K(16768K) NonClass: 14107K(14272K)->14107K(14272K) Class: 2331K(2496K)->2331K(2496K)
[28.295s][info][gc             ] GC(118) Pause Young (Allocation Failure) 120M->6M(910M) 0.457ms
[28.295s][info][gc,cpu         ] GC(118) User=0.00s Sys=0.00s Real=0.00s
[28.313s][info][gc,start       ] GC(119) Pause Young (Allocation Failure)
[28.314s][info][gc,heap        ] GC(119) PSYoungGen: 116992K(232960K)->288K(246272K) Eden: 116736K(116736K)->0K(136192K) From: 256K(116224K)->288K(110080K)
[28.314s][info][gc,heap        ] GC(119) ParOldGen: 6078K(699392K)->6078K(699392K)
[28.314s][info][gc,metaspace   ] GC(119) Metaspace: 16438K(16768K)->16438K(16768K) NonClass: 14107K(14272K)->14107K(14272K) Class: 2331K(2496K)->2331K(2496K)
[28.314s][info][gc             ] GC(119) Pause Young (Allocation Failure) 120M->6M(923M) 0.454ms
[28.314s][info][gc,cpu         ] GC(119) User=0.00s Sys=0.00s Real=0.00s
[28.336s][info][gc,start       ] GC(120) Pause Young (Allocation Failure)
[28.336s][info][gc,heap        ] GC(120) PSYoungGen: 136480K(246272K)->352K(239104K) Eden: 136192K(136192K)->0K(136192K) From: 288K(110080K)->352K(102912K)
[28.336s][info][gc,heap        ] GC(120) ParOldGen: 6078K(699392K)->6078K(699392K)
[28.336s][info][gc,metaspace   ] GC(120) Metaspace: 16438K(16768K)->16438K(16768K) NonClass: 14107K(14272K)->14107K(14272K) Class: 2331K(2496K)->2331K(2496K)
[28.336s][info][gc             ] GC(120) Pause Young (Allocation Failure) 139M->6M(916M) 0.456ms
[28.336s][info][gc,cpu         ] GC(120) User=0.00s Sys=0.00s Real=0.00s
[28.357s][info][gc,start       ] GC(121) Pause Young (Allocation Failure)
[28.358s][info][gc,heap        ] GC(121) PSYoungGen: 136544K(239104K)->320K(259584K) Eden: 136192K(136192K)->0K(163328K) From: 352K(102912K)->320K(96256K)
[28.358s][info][gc,heap        ] GC(121) ParOldGen: 6078K(699392K)->6078K(699392K)
[28.358s][info][gc,metaspace   ] GC(121) Metaspace: 16438K(16768K)->16438K(16768K) NonClass: 14107K(14272K)->14107K(14272K) Class: 2331K(2496K)->2331K(2496K)
[28.358s][info][gc             ] GC(121) Pause Young (Allocation Failure) 139M->6M(936M) 0.440ms
[28.358s][info][gc,cpu         ] GC(121) User=0.00s Sys=0.00s Real=0.00s
[28.384s][info][gc,start       ] GC(122) Pause Young (Allocation Failure)
[28.384s][info][gc,heap        ] GC(122) PSYoungGen: 163648K(259584K)->320K(252928K) Eden: 163328K(163328K)->0K(163328K) From: 320K(96256K)->320K(89600K)
[28.384s][info][gc,heap        ] GC(122) ParOldGen: 6078K(699392K)->6078K(699392K)
[28.384s][info][gc,metaspace   ] GC(122) Metaspace: 16438K(16768K)->16438K(16768K) NonClass: 14107K(14272K)->14107K(14272K) Class: 2331K(2496K)->2331K(2496K)
[28.384s][info][gc             ] GC(122) Pause Young (Allocation Failure) 165M->6M(930M) 0.458ms
[28.384s][info][gc,cpu         ] GC(122) User=0.00s Sys=0.00s Real=0.00s
[28.411s][info][gc,start       ] GC(123) Pause Young (Allocation Failure)
[28.411s][info][gc,heap        ] GC(123) PSYoungGen: 163648K(252928K)->320K(271360K) Eden: 163328K(163328K)->0K(187904K) From: 320K(89600K)->320K(83456K)
[28.411s][info][gc,heap        ] GC(123) ParOldGen: 6078K(699392K)->6078K(699392K)
[28.411s][info][gc,metaspace   ] GC(123) Metaspace: 16438K(16768K)->16438K(16768K) NonClass: 14107K(14272K)->14107K(14272K) Class: 2331K(2496K)->2331K(2496K)
[28.411s][info][gc             ] GC(123) Pause Young (Allocation Failure) 165M->6M(948M) 0.508ms
[28.411s][info][gc,cpu         ] GC(123) User=0.00s Sys=0.00s Real=0.00s
[28.442s][info][gc,start       ] GC(124) Pause Young (Allocation Failure)
[28.442s][info][gc,heap        ] GC(124) PSYoungGen: 188224K(271360K)->352K(265728K) Eden: 187904K(187904K)->0K(187904K) From: 320K(83456K)->352K(77824K)
[28.442s][info][gc,heap        ] GC(124) ParOldGen: 6078K(699392K)->6078K(699392K)
[28.442s][info][gc,metaspace   ] GC(124) Metaspace: 16438K(16768K)->16438K(16768K) NonClass: 14107K(14272K)->14107K(14272K) Class: 2331K(2496K)->2331K(2496K)
[28.442s][info][gc             ] GC(124) Pause Young (Allocation Failure) 189M->6M(942M) 0.516ms
[28.442s][info][gc,cpu         ] GC(124) User=0.00s Sys=0.00s Real=0.00s
[28.479s][info][gc,start       ] GC(125) Pause Young (Allocation Failure)
[28.479s][info][gc,heap        ] GC(125) PSYoungGen: 188256K(265728K)->352K(282112K) Eden: 187904K(187904K)->0K(209920K) From: 352K(77824K)->352K(72192K)
[28.479s][info][gc,heap        ] GC(125) ParOldGen: 6078K(699392K)->6078K(699392K)
[28.479s][info][gc,metaspace   ] GC(125) Metaspace: 16438K(16768K)->16438K(16768K) NonClass: 14107K(14272K)->14107K(14272K) Class: 2331K(2496K)->2331K(2496K)
[28.479s][info][gc             ] GC(125) Pause Young (Allocation Failure) 189M->6M(958M) 0.464ms
[28.479s][info][gc,cpu         ] GC(125) User=0.00s Sys=0.00s Real=0.00s
[28.513s][info][gc,start       ] GC(126) Pause Young (Allocation Failure)
[28.514s][info][gc,heap        ] GC(126) PSYoungGen: 210272K(282112K)->288K(276992K) Eden: 209920K(209920K)->0K(209920K) From: 352K(72192K)->288K(67072K)
[28.514s][info][gc,heap        ] GC(126) ParOldGen: 6078K(699392K)->6078K(699392K)
[28.514s][info][gc,metaspace   ] GC(126) Metaspace: 16438K(16768K)->16438K(16768K) NonClass: 14107K(14272K)->14107K(14272K) Class: 2331K(2496K)->2331K(2496K)
[28.514s][info][gc             ] GC(126) Pause Young (Allocation Failure) 211M->6M(953M) 0.420ms
[28.514s][info][gc,cpu         ] GC(126) User=0.00s Sys=0.00s Real=0.00s
[28.560s][info][gc,start       ] GC(127) Pause Young (Allocation Failure)
[28.573s][info][gc,heap        ] GC(127) PSYoungGen: 210208K(276992K)->33507K(277504K) Eden: 209920K(209920K)->0K(215040K) From: 288K(67072K)->33507K(62464K)
[28.573s][info][gc,heap        ] GC(127) ParOldGen: 6078K(699392K)->6078K(699392K)
[28.573s][info][gc,metaspace   ] GC(127) Metaspace: 16444K(16768K)->16444K(16768K) NonClass: 14112K(14272K)->14112K(14272K) Class: 2331K(2496K)->2331K(2496K)
[28.573s][info][gc             ] GC(127) Pause Young (Allocation Failure) 211M->38M(954M) 12.877ms
[28.573s][info][gc,cpu         ] GC(127) User=0.03s Sys=0.00s Real=0.02s
[28.697s][info][gc,start       ] GC(128) Pause Young (Allocation Failure)
[28.786s][info][gc,heap        ] GC(128) PSYoungGen: 248547K(277504K)->67043K(282112K) Eden: 215040K(215040K)->0K(215040K) From: 33507K(62464K)->67043K(67072K)
[28.786s][info][gc,heap        ] GC(128) ParOldGen: 6078K(699392K)->116030K(699392K)
[28.786s][info][gc,metaspace   ] GC(128) Metaspace: 16444K(16768K)->16444K(16768K) NonClass: 14112K(14272K)->14112K(14272K) Class: 2331K(2496K)->2331K(2496K)
[28.786s][info][gc             ] GC(128) Pause Young (Allocation Failure) 248M->178M(958M) 89.397ms
[28.786s][info][gc,cpu         ] GC(128) User=0.56s Sys=0.00s Real=0.09s
[28.937s][info][gc,start       ] GC(129) Pause Young (Allocation Failure)
[29.056s][info][gc,heap        ] GC(129) PSYoungGen: 282083K(282112K)->67043K(183808K) Eden: 215040K(215040K)->0K(116736K) From: 67043K(67072K)->67043K(67072K)
[29.056s][info][gc,heap        ] GC(129) ParOldGen: 116030K(699392K)->263958K(699392K)
[29.056s][info][gc,metaspace   ] GC(129) Metaspace: 16444K(16768K)->16444K(16768K) NonClass: 14112K(14272K)->14112K(14272K) Class: 2331K(2496K)->2331K(2496K)
[29.056s][info][gc             ] GC(129) Pause Young (Allocation Failure) 388M->323M(862M) 118.368ms
[29.056s][info][gc,cpu         ] GC(129) User=0.70s Sys=0.00s Real=0.13s
[29.138s][info][gc,start       ] GC(130) Pause Young (Allocation Failure)
[29.226s][info][gc,heap        ] GC(130) PSYoungGen: 183779K(183808K)->116195K(232960K) Eden: 116736K(116736K)->0K(116736K) From: 67043K(67072K)->116195K(116224K)
[29.226s][info][gc,heap        ] GC(130) ParOldGen: 263958K(699392K)->295526K(699392K)
[29.226s][info][gc,metaspace   ] GC(130) Metaspace: 16444K(16768K)->16444K(16768K) NonClass: 14112K(14272K)->14112K(14272K) Class: 2331K(2496K)->2331K(2496K)
[29.226s][info][gc             ] GC(130) Pause Young (Allocation Failure) 437M->402M(910M) 88.738ms
[29.226s][info][gc,cpu         ] GC(130) User=0.45s Sys=0.00s Real=0.09s
[29.587s][info][gc,start       ] GC(131) Pause Young (Allocation Failure)
[29.684s][info][gc,heap        ] GC(131) PSYoungGen: 232931K(232960K)->116195K(232960K) Eden: 116736K(116736K)->0K(116736K) From: 116195K(116224K)->116195K(116224K)
[29.684s][info][gc,heap        ] GC(131) ParOldGen: 295526K(699392K)->331551K(699392K)
[29.684s][info][gc,metaspace   ] GC(131) Metaspace: 16444K(16768K)->16444K(16768K) NonClass: 14112K(14272K)->14112K(14272K) Class: 2331K(2496K)->2331K(2496K)
[29.684s][info][gc             ] GC(131) Pause Young (Allocation Failure) 516M->437M(910M) 97.175ms
[29.684s][info][gc,cpu         ] GC(131) User=0.48s Sys=0.00s Real=0.09s
[32.889s][info][gc,start       ] GC(132) Pause Young (Allocation Failure)
[32.969s][info][gc,heap        ] GC(132) PSYoungGen: 232931K(232960K)->116224K(232960K) Eden: 116736K(116736K)->0K(116736K) From: 116195K(116224K)->116224K(116224K)
[32.969s][info][gc,heap        ] GC(132) ParOldGen: 331551K(699392K)->369482K(699392K)
[32.969s][info][gc,metaspace   ] GC(132) Metaspace: 16449K(16768K)->16449K(16768K) NonClass: 14117K(14272K)->14117K(14272K) Class: 2331K(2496K)->2331K(2496K)
[32.969s][info][gc             ] GC(132) Pause Young (Allocation Failure) 551M->474M(910M) 80.709ms
[32.969s][info][gc,cpu         ] GC(132) User=0.44s Sys=0.00s Real=0.08s
[33.024s][info][gc,start       ] GC(133) Pause Young (Allocation Failure)
[33.093s][info][gc,heap        ] GC(133) PSYoungGen: 232960K(232960K)->116224K(232960K) Eden: 116736K(116736K)->0K(116736K) From: 116224K(116224K)->116224K(116224K)
[33.093s][info][gc,heap        ] GC(133) ParOldGen: 369482K(699392K)->419978K(699392K)
[33.093s][info][gc,metaspace   ] GC(133) Metaspace: 16449K(16768K)->16449K(16768K) NonClass: 14117K(14272K)->14117K(14272K) Class: 2331K(2496K)->2331K(2496K)
[33.093s][info][gc             ] GC(133) Pause Young (Allocation Failure) 588M->523M(910M) 68.998ms
[33.093s][info][gc,cpu         ] GC(133) User=0.38s Sys=0.00s Real=0.06s
[33.149s][info][gc,start       ] GC(134) Pause Young (Allocation Failure)
[33.226s][info][gc,heap        ] GC(134) PSYoungGen: 232960K(232960K)->100096K(232960K) Eden: 116736K(116736K)->0K(116736K) From: 116224K(116224K)->100096K(116224K)
[33.226s][info][gc,heap        ] GC(134) ParOldGen: 419978K(699392K)->486154K(699392K)
[33.226s][info][gc,metaspace   ] GC(134) Metaspace: 16449K(16768K)->16449K(16768K) NonClass: 14117K(14272K)->14117K(14272K) Class: 2331K(2496K)->2331K(2496K)
[33.226s][info][gc             ] GC(134) Pause Young (Allocation Failure) 637M->572M(910M) 76.846ms
[33.226s][info][gc,cpu         ] GC(134) User=0.42s Sys=0.00s Real=0.08s
[33.283s][info][gc,start       ] GC(135) Pause Young (Allocation Failure)
[33.345s][info][gc,heap        ] GC(135) PSYoungGen: 216832K(232960K)->98976K(232960K) Eden: 116736K(116736K)->0K(116736K) From: 100096K(116224K)->98976K(116224K)
[33.345s][info][gc,heap        ] GC(135) ParOldGen: 486154K(699392K)->535818K(699392K)
[33.345s][info][gc,metaspace   ] GC(135) Metaspace: 16449K(16768K)->16449K(16768K) NonClass: 14117K(14272K)->14117K(14272K) Class: 2331K(2496K)->2331K(2496K)
[33.345s][info][gc             ] GC(135) Pause Young (Allocation Failure) 686M->619M(910M) 61.677ms
[33.345s][info][gc,cpu         ] GC(135) User=0.28s Sys=0.00s Real=0.06s
[33.404s][info][gc,start       ] GC(136) Pause Young (Allocation Failure)
[33.474s][info][gc,heap        ] GC(136) PSYoungGen: 215712K(232960K)->50752K(232960K) Eden: 116736K(116736K)->0K(116736K) From: 98976K(116224K)->50752K(116224K)
[33.474s][info][gc,heap        ] GC(136) ParOldGen: 535818K(699392K)->632418K(699392K)
[33.474s][info][gc,metaspace   ] GC(136) Metaspace: 16449K(16768K)->16449K(16768K) NonClass: 14117K(14272K)->14117K(14272K) Class: 2331K(2496K)->2331K(2496K)
[33.474s][info][gc             ] GC(136) Pause Young (Allocation Failure) 733M->667M(910M) 70.764ms
[33.474s][info][gc,cpu         ] GC(136) User=0.38s Sys=0.00s Real=0.08s
[33.532s][info][gc,start       ] GC(137) Pause Full (Ergonomics)
[33.532s][info][gc,phases,start] GC(137) Marking Phase
[33.607s][info][gc,phases      ] GC(137) Marking Phase 75.041ms
[33.607s][info][gc,phases,start] GC(137) Summary Phase
[33.607s][info][gc,phases      ] GC(137) Summary Phase 0.020ms
[33.607s][info][gc,phases,start] GC(137) Adjust Roots
[33.609s][info][gc,phases      ] GC(137) Adjust Roots 1.963ms
[33.609s][info][gc,phases,start] GC(137) Compaction Phase
[33.764s][info][gc,phases      ] GC(137) Compaction Phase 154.613ms
[33.764s][info][gc,phases,start] GC(137) Post Compact
[33.765s][info][gc,phases      ] GC(137) Post Compact 1.505ms
[33.765s][info][gc,heap        ] GC(137) PSYoungGen: 167488K(232960K)->0K(232960K) Eden: 116736K(116736K)->0K(116736K) From: 50752K(116224K)->0K(116224K)
[33.765s][info][gc,heap        ] GC(137) ParOldGen: 632418K(699392K)->288343K(699392K)
[33.765s][info][gc,metaspace   ] GC(137) Metaspace: 16449K(16768K)->16449K(16768K) NonClass: 14117K(14272K)->14117K(14272K) Class: 2331K(2496K)->2331K(2496K)
[33.765s][info][gc             ] GC(137) Pause Full (Ergonomics) 781M->281M(910M) 233.412ms
[33.765s][info][gc,cpu         ] GC(137) User=1.30s Sys=0.00s Real=0.23s
[33.824s][info][gc,start       ] GC(138) Pause Young (Allocation Failure)
[33.848s][info][gc,heap        ] GC(138) PSYoungGen: 116736K(232960K)->50944K(232960K) Eden: 116736K(116736K)->0K(116736K) From: 0K(116224K)->50944K(116224K)
[33.848s][info][gc,heap        ] GC(138) ParOldGen: 288343K(699392K)->288343K(699392K)
[33.848s][info][gc,metaspace   ] GC(138) Metaspace: 16449K(16768K)->16449K(16768K) NonClass: 14117K(14272K)->14117K(14272K) Class: 2331K(2496K)->2331K(2496K)
[33.848s][info][gc             ] GC(138) Pause Young (Allocation Failure) 395M->331M(910M) 24.088ms
[33.848s][info][gc,cpu         ] GC(138) User=0.06s Sys=0.00s Real=0.02s
[33.907s][info][gc,start       ] GC(139) Pause Young (Allocation Failure)
[33.949s][info][gc,heap        ] GC(139) PSYoungGen: 167680K(232960K)->51040K(232960K) Eden: 116736K(116736K)->0K(116736K) From: 50944K(116224K)->51040K(116224K)
[33.949s][info][gc,heap        ] GC(139) ParOldGen: 288343K(699392K)->336391K(699392K)
[33.949s][info][gc,metaspace   ] GC(139) Metaspace: 16449K(16768K)->16449K(16768K) NonClass: 14117K(14272K)->14117K(14272K) Class: 2331K(2496K)->2331K(2496K)
[33.949s][info][gc             ] GC(139) Pause Young (Allocation Failure) 445M->378M(910M) 41.693ms
[33.949s][info][gc,cpu         ] GC(139) User=0.17s Sys=0.00s Real=0.05s
[34.030s][info][gc,start       ] GC(140) Pause Young (Allocation Failure)
[34.080s][info][gc,heap        ] GC(140) PSYoungGen: 167776K(232960K)->70250K(232960K) Eden: 116736K(116736K)->0K(116736K) From: 51040K(116224K)->70250K(116224K)
[34.080s][info][gc,heap        ] GC(140) ParOldGen: 336391K(699392K)->384447K(699392K)
[34.080s][info][gc,metaspace   ] GC(140) Metaspace: 16449K(16768K)->16449K(16768K) NonClass: 14117K(14272K)->14117K(14272K) Class: 2331K(2496K)->2331K(2496K)
[34.080s][info][gc             ] GC(140) Pause Young (Allocation Failure) 492M->444M(910M) 50.344ms
[34.080s][info][gc,cpu         ] GC(140) User=0.28s Sys=0.00s Real=0.05s
[34.336s][info][gc,start       ] GC(141) Pause Young (Allocation Failure)
[34.415s][info][gc,heap        ] GC(141) PSYoungGen: 186986K(232960K)->38144K(232960K) Eden: 116736K(116736K)->0K(116736K) From: 70250K(116224K)->38144K(116224K)
[34.415s][info][gc,heap        ] GC(141) ParOldGen: 384447K(699392K)->442310K(699392K)
[34.415s][info][gc,metaspace   ] GC(141) Metaspace: 16449K(16768K)->16449K(16768K) NonClass: 14117K(14272K)->14117K(14272K) Class: 2331K(2496K)->2331K(2496K)
[34.415s][info][gc             ] GC(141) Pause Young (Allocation Failure) 558M->469M(910M) 78.710ms
[34.415s][info][gc,cpu         ] GC(141) User=0.33s Sys=0.00s Real=0.08s
[34.556s][info][gc,start       ] GC(142) Pause Young (Allocation Failure)
[34.595s][info][gc,heap        ] GC(142) PSYoungGen: 154880K(232960K)->3872K(232960K) Eden: 116736K(116736K)->0K(116736K) From: 38144K(116224K)->3872K(116224K)
[34.595s][info][gc,heap        ] GC(142) ParOldGen: 442310K(699392K)->471614K(699392K)
[34.595s][info][gc,metaspace   ] GC(142) Metaspace: 16449K(16768K)->16449K(16768K) NonClass: 14117K(14272K)->14117K(14272K) Class: 2331K(2496K)->2331K(2496K)
[34.595s][info][gc             ] GC(142) Pause Young (Allocation Failure) 583M->464M(910M) 38.566ms
[34.595s][info][gc,cpu         ] GC(142) User=0.20s Sys=0.00s Real=0.05s
[34.732s][info][gc,start       ] GC(143) Pause Young (Allocation Failure)
[34.735s][info][gc,heap        ] GC(143) PSYoungGen: 120608K(232960K)->3136K(232960K) Eden: 116736K(116736K)->0K(116736K) From: 3872K(116224K)->3136K(116224K)
[34.735s][info][gc,heap        ] GC(143) ParOldGen: 471614K(699392K)->471950K(699392K)
[34.735s][info][gc,metaspace   ] GC(143) Metaspace: 16449K(16768K)->16449K(16768K) NonClass: 14117K(14272K)->14117K(14272K) Class: 2331K(2496K)->2331K(2496K)
[34.735s][info][gc             ] GC(143) Pause Young (Allocation Failure) 578M->463M(910M) 2.865ms
[34.735s][info][gc,cpu         ] GC(143) User=0.00s Sys=0.00s Real=0.00s
[34.861s][info][gc,start       ] GC(144) Pause Young (Allocation Failure)
[34.863s][info][gc,heap        ] GC(144) PSYoungGen: 119872K(232960K)->2336K(232960K) Eden: 116736K(116736K)->0K(116736K) From: 3136K(116224K)->2336K(116224K)
[34.863s][info][gc,heap        ] GC(144) ParOldGen: 471950K(699392K)->472078K(699392K)
[34.863s][info][gc,metaspace   ] GC(144) Metaspace: 16449K(16768K)->16449K(16768K) NonClass: 14117K(14272K)->14117K(14272K) Class: 2331K(2496K)->2331K(2496K)
[34.863s][info][gc             ] GC(144) Pause Young (Allocation Failure) 577M->463M(910M) 2.407ms
[34.863s][info][gc,cpu         ] GC(144) User=0.00s Sys=0.00s Real=0.00s
[34.997s][info][gc,start       ] GC(145) Pause Young (Allocation Failure)
[34.998s][info][gc,heap        ] GC(145) PSYoungGen: 119072K(232960K)->160K(232960K) Eden: 116736K(116736K)->0K(116736K) From: 2336K(116224K)->160K(116224K)
[34.998s][info][gc,heap        ] GC(145) ParOldGen: 472078K(699392K)->472086K(699392K)
[34.998s][info][gc,metaspace   ] GC(145) Metaspace: 16449K(16768K)->16449K(16768K) NonClass: 14117K(14272K)->14117K(14272K) Class: 2331K(2496K)->2331K(2496K)
[34.998s][info][gc             ] GC(145) Pause Young (Allocation Failure) 577M->461M(910M) 1.031ms
[34.998s][info][gc,cpu         ] GC(145) User=0.00s Sys=0.00s Real=0.00s
[35.690s][info][gc,start       ] GC(146) Pause Young (System.gc())
[35.691s][info][gc,heap        ] GC(146) PSYoungGen: 85624K(232960K)->160K(232960K) Eden: 85464K(116736K)->0K(116736K) From: 160K(116224K)->160K(116224K)
[35.691s][info][gc,heap        ] GC(146) ParOldGen: 472086K(699392K)->472086K(699392K)
[35.691s][info][gc,metaspace   ] GC(146) Metaspace: 16449K(16768K)->16449K(16768K) NonClass: 14118K(14272K)->14118K(14272K) Class: 2331K(2496K)->2331K(2496K)
[35.691s][info][gc             ] GC(146) Pause Young (System.gc()) 544M->461M(910M) 0.689ms
[35.691s][info][gc,cpu         ] GC(146) User=0.00s Sys=0.00s Real=0.00s
[35.691s][info][gc,start       ] GC(147) Pause Full (System.gc())
[35.691s][info][gc,phases,start] GC(147) Marking Phase
[35.695s][info][gc,phases      ] GC(147) Marking Phase 4.532ms
[35.695s][info][gc,phases,start] GC(147) Summary Phase
[35.695s][info][gc,phases      ] GC(147) Summary Phase 0.011ms
[35.695s][info][gc,phases,start] GC(147) Adjust Roots
[35.697s][info][gc,phases      ] GC(147) Adjust Roots 1.664ms
[35.697s][info][gc,phases,start] GC(147) Compaction Phase
[35.698s][info][gc,phases      ] GC(147) Compaction Phase 1.468ms
[35.699s][info][gc,phases,start] GC(147) Post Compact
[35.700s][info][gc,phases      ] GC(147) Post Compact 1.660ms
[35.700s][info][gc,heap        ] GC(147) PSYoungGen: 160K(232960K)->0K(232960K) Eden: 0K(116736K)->0K(116736K) From: 160K(116224K)->0K(116224K)
[35.700s][info][gc,heap        ] GC(147) ParOldGen: 472086K(699392K)->5534K(699392K)
[35.700s][info][gc,metaspace   ] GC(147) Metaspace: 16449K(16768K)->16449K(16768K) NonClass: 14118K(14272K)->14118K(14272K) Class: 2331K(2496K)->2331K(2496K)
[35.700s][info][gc             ] GC(147) Pause Full (System.gc()) 461M->5M(910M) 9.602ms
[35.700s][info][gc,cpu         ] GC(147) User=0.00s Sys=0.00s Real=0.01s
[37.075s][info][gc,start       ] GC(148) Pause Young (Allocation Failure)
[37.075s][info][gc,heap        ] GC(148) PSYoungGen: 116736K(232960K)->384K(232960K) Eden: 116736K(116736K)->0K(116736K) From: 0K(116224K)->384K(116224K)
[37.075s][info][gc,heap        ] GC(148) ParOldGen: 5534K(699392K)->5534K(699392K)
[37.075s][info][gc,metaspace   ] GC(148) Metaspace: 16450K(16768K)->16450K(16768K) NonClass: 14119K(14272K)->14119K(14272K) Class: 2331K(2496K)->2331K(2496K)
[37.075s][info][gc             ] GC(148) Pause Young (Allocation Failure) 119M->5M(910M) 0.550ms
[37.075s][info][gc,cpu         ] GC(148) User=0.00s Sys=0.00s Real=0.00s
[37.093s][info][gc,start       ] GC(149) Pause Young (Allocation Failure)
[37.094s][info][gc,heap        ] GC(149) PSYoungGen: 117120K(232960K)->192K(232960K) Eden: 116736K(116736K)->0K(116736K) From: 384K(116224K)->192K(116224K)
[37.094s][info][gc,heap        ] GC(149) ParOldGen: 5534K(699392K)->5638K(699392K)
[37.094s][info][gc,metaspace   ] GC(149) Metaspace: 16450K(16768K)->16450K(16768K) NonClass: 14119K(14272K)->14119K(14272K) Class: 2331K(2496K)->2331K(2496K)
[37.094s][info][gc             ] GC(149) Pause Young (Allocation Failure) 119M->5M(910M) 0.524ms
[37.094s][info][gc,cpu         ] GC(149) User=0.00s Sys=0.00s Real=0.00s
[37.112s][info][gc,start       ] GC(150) Pause Young (Allocation Failure)
[37.112s][info][gc,heap        ] GC(150) PSYoungGen: 116928K(232960K)->224K(232960K) Eden: 116736K(116736K)->0K(116736K) From: 192K(116224K)->224K(116224K)
[37.112s][info][gc,heap        ] GC(150) ParOldGen: 5638K(699392K)->5686K(699392K)
[37.112s][info][gc,metaspace   ] GC(150) Metaspace: 16450K(16768K)->16450K(16768K) NonClass: 14119K(14272K)->14119K(14272K) Class: 2331K(2496K)->2331K(2496K)
[37.112s][info][gc             ] GC(150) Pause Young (Allocation Failure) 119M->5M(910M) 0.463ms
[37.112s][info][gc,cpu         ] GC(150) User=0.00s Sys=0.00s Real=0.00s
[37.131s][info][gc,start       ] GC(151) Pause Young (Allocation Failure)
[37.131s][info][gc,heap        ] GC(151) PSYoungGen: 116960K(232960K)->288K(232960K) Eden: 116736K(116736K)->0K(116736K) From: 224K(116224K)->288K(116224K)
[37.131s][info][gc,heap        ] GC(151) ParOldGen: 5686K(699392K)->5726K(699392K)
[37.131s][info][gc,metaspace   ] GC(151) Metaspace: 16450K(16768K)->16450K(16768K) NonClass: 14119K(14272K)->14119K(14272K) Class: 2331K(2496K)->2331K(2496K)
[37.131s][info][gc             ] GC(151) Pause Young (Allocation Failure) 119M->5M(910M) 0.414ms
[37.131s][info][gc,cpu         ] GC(151) User=0.00s Sys=0.00s Real=0.00s
[37.150s][info][gc,start       ] GC(152) Pause Young (Allocation Failure)
[37.150s][info][gc,heap        ] GC(152) PSYoungGen: 117024K(232960K)->256K(232960K) Eden: 116736K(116736K)->0K(116736K) From: 288K(116224K)->256K(116224K)
[37.150s][info][gc,heap        ] GC(152) ParOldGen: 5726K(699392K)->5782K(699392K)
[37.150s][info][gc,metaspace   ] GC(152) Metaspace: 16451K(16768K)->16451K(16768K) NonClass: 14120K(14272K)->14120K(14272K) Class: 2331K(2496K)->2331K(2496K)
[37.150s][info][gc             ] GC(152) Pause Young (Allocation Failure) 119M->5M(910M) 0.434ms
[37.150s][info][gc,cpu         ] GC(152) User=0.00s Sys=0.00s Real=0.00s
[37.169s][info][gc,start       ] GC(153) Pause Young (Allocation Failure)
[37.169s][info][gc,heap        ] GC(153) PSYoungGen: 116992K(232960K)->320K(232960K) Eden: 116736K(116736K)->0K(116736K) From: 256K(116224K)->320K(116224K)
[37.169s][info][gc,heap        ] GC(153) ParOldGen: 5782K(699392K)->5798K(699392K)
[37.169s][info][gc,metaspace   ] GC(153) Metaspace: 16451K(16768K)->16451K(16768K) NonClass: 14120K(14272K)->14120K(14272K) Class: 2331K(2496K)->2331K(2496K)
[37.169s][info][gc             ] GC(153) Pause Young (Allocation Failure) 119M->5M(910M) 0.427ms
[37.169s][info][gc,cpu         ] GC(153) User=0.00s Sys=0.00s Real=0.00s
[37.188s][info][gc,start       ] GC(154) Pause Young (Allocation Failure)
[37.188s][info][gc,heap        ] GC(154) PSYoungGen: 117056K(232960K)->224K(232960K) Eden: 116736K(116736K)->0K(116736K) From: 320K(116224K)->224K(116224K)
[37.188s][info][gc,heap        ] GC(154) ParOldGen: 5798K(699392K)->5854K(699392K)
[37.188s][info][gc,metaspace   ] GC(154) Metaspace: 16451K(16768K)->16451K(16768K) NonClass: 14120K(14272K)->14120K(14272K) Class: 2331K(2496K)->2331K(2496K)
[37.188s][info][gc             ] GC(154) Pause Young (Allocation Failure) 119M->5M(910M) 0.427ms
[37.188s][info][gc,cpu         ] GC(154) User=0.00s Sys=0.00s Real=0.00s
[37.206s][info][gc,start       ] GC(155) Pause Young (Allocation Failure)
[37.207s][info][gc,heap        ] GC(155) PSYoungGen: 116960K(232960K)->224K(232960K) Eden: 116736K(116736K)->0K(116736K) From: 224K(116224K)->224K(116224K)
[37.207s][info][gc,heap        ] GC(155) ParOldGen: 5854K(699392K)->5902K(699392K)
[37.207s][info][gc,metaspace   ] GC(155) Metaspace: 16451K(16768K)->16451K(16768K) NonClass: 14120K(14272K)->14120K(14272K) Class: 2331K(2496K)->2331K(2496K)
[37.207s][info][gc             ] GC(155) Pause Young (Allocation Failure) 119M->5M(910M) 0.413ms
[37.207s][info][gc,cpu         ] GC(155) User=0.00s Sys=0.00s Real=0.00s
[37.225s][info][gc,start       ] GC(156) Pause Young (Allocation Failure)
[37.226s][info][gc,heap        ] GC(156) PSYoungGen: 116960K(232960K)->320K(235008K) Eden: 116736K(116736K)->0K(118784K) From: 224K(116224K)->320K(116224K)
[37.226s][info][gc,heap        ] GC(156) ParOldGen: 5902K(699392K)->5950K(699392K)
[37.226s][info][gc,metaspace   ] GC(156) Metaspace: 16451K(16768K)->16451K(16768K) NonClass: 14120K(14272K)->14120K(14272K) Class: 2331K(2496K)->2331K(2496K)
[37.226s][info][gc             ] GC(156) Pause Young (Allocation Failure) 119M->6M(912M) 0.431ms
[37.226s][info][gc,cpu         ] GC(156) User=0.00s Sys=0.00s Real=0.00s
[37.244s][info][gc,start       ] GC(157) Pause Young (Allocation Failure)
[37.245s][info][gc,heap        ] GC(157) PSYoungGen: 119104K(235008K)->384K(232960K) Eden: 118784K(118784K)->0K(118784K) From: 320K(116224K)->384K(114176K)
[37.245s][info][gc,heap        ] GC(157) ParOldGen: 5950K(699392K)->5950K(699392K)
[37.245s][info][gc,metaspace   ] GC(157) Metaspace: 16451K(16768K)->16451K(16768K) NonClass: 14120K(14272K)->14120K(14272K) Class: 2331K(2496K)->2331K(2496K)
[37.245s][info][gc             ] GC(157) Pause Young (Allocation Failure) 122M->6M(910M) 0.443ms
[37.245s][info][gc,cpu         ] GC(157) User=0.00s Sys=0.00s Real=0.00s
[37.264s][info][gc,start       ] GC(158) Pause Young (Allocation Failure)
[37.264s][info][gc,heap        ] GC(158) PSYoungGen: 119168K(232960K)->352K(248320K) Eden: 118784K(118784K)->0K(140800K) From: 384K(114176K)->352K(107520K)
[37.264s][info][gc,heap        ] GC(158) ParOldGen: 5950K(699392K)->5950K(699392K)
[37.264s][info][gc,metaspace   ] GC(158) Metaspace: 16451K(16768K)->16451K(16768K) NonClass: 14120K(14272K)->14120K(14272K) Class: 2331K(2496K)->2331K(2496K)
[37.264s][info][gc             ] GC(158) Pause Young (Allocation Failure) 122M->6M(925M) 0.446ms
[37.264s][info][gc,cpu         ] GC(158) User=0.00s Sys=0.00s Real=0.00s
[37.286s][info][gc,start       ] GC(159) Pause Young (Allocation Failure)
[37.287s][info][gc,heap        ] GC(159) PSYoungGen: 141152K(248320K)->352K(241664K) Eden: 140800K(140800K)->0K(140800K) From: 352K(107520K)->352K(100864K)
[37.287s][info][gc,heap        ] GC(159) ParOldGen: 5950K(699392K)->5950K(699392K)
[37.287s][info][gc,metaspace   ] GC(159) Metaspace: 16451K(16768K)->16451K(16768K) NonClass: 14120K(14272K)->14120K(14272K) Class: 2331K(2496K)->2331K(2496K)
[37.287s][info][gc             ] GC(159) Pause Young (Allocation Failure) 143M->6M(919M) 0.439ms
[37.287s][info][gc,cpu         ] GC(159) User=0.00s Sys=0.00s Real=0.00s
[37.310s][info][gc,start       ] GC(160) Pause Young (Allocation Failure)
[37.310s][info][gc,heap        ] GC(160) PSYoungGen: 141152K(241664K)->352K(261120K) Eden: 140800K(140800K)->0K(166912K) From: 352K(100864K)->352K(94208K)
[37.310s][info][gc,heap        ] GC(160) ParOldGen: 5950K(699392K)->5950K(699392K)
[37.310s][info][gc,metaspace   ] GC(160) Metaspace: 16451K(16768K)->16451K(16768K) NonClass: 14120K(14272K)->14120K(14272K) Class: 2331K(2496K)->2331K(2496K)
[37.310s][info][gc             ] GC(160) Pause Young (Allocation Failure) 143M->6M(938M) 0.448ms
[37.310s][info][gc,cpu         ] GC(160) User=0.00s Sys=0.00s Real=0.00s
[37.337s][info][gc,start       ] GC(161) Pause Young (Allocation Failure)
[37.338s][info][gc,heap        ] GC(161) PSYoungGen: 167264K(261120K)->384K(254976K) Eden: 166912K(166912K)->0K(166912K) From: 352K(94208K)->384K(88064K)
[37.338s][info][gc,heap        ] GC(161) ParOldGen: 5950K(699392K)->5950K(699392K)
[37.338s][info][gc,metaspace   ] GC(161) Metaspace: 16451K(16768K)->16451K(16768K) NonClass: 14120K(14272K)->14120K(14272K) Class: 2331K(2496K)->2331K(2496K)
[37.338s][info][gc             ] GC(161) Pause Young (Allocation Failure) 169M->6M(932M) 0.465ms
[37.338s][info][gc,cpu         ] GC(161) User=0.00s Sys=0.00s Real=0.00s
[37.364s][info][gc,start       ] GC(162) Pause Young (Allocation Failure)
[37.365s][info][gc,heap        ] GC(162) PSYoungGen: 167296K(254976K)->352K(272384K) Eden: 166912K(166912K)->0K(189952K) From: 384K(88064K)->352K(82432K)
[37.365s][info][gc,heap        ] GC(162) ParOldGen: 5950K(699392K)->5950K(699392K)
[37.365s][info][gc,metaspace   ] GC(162) Metaspace: 16451K(16768K)->16451K(16768K) NonClass: 14120K(14272K)->14120K(14272K) Class: 2331K(2496K)->2331K(2496K)
[37.365s][info][gc             ] GC(162) Pause Young (Allocation Failure) 169M->6M(949M) 0.487ms
[37.365s][info][gc,cpu         ] GC(162) User=0.00s Sys=0.00s Real=0.00s
[37.395s][info][gc,start       ] GC(163) Pause Young (Allocation Failure)
[37.396s][info][gc,heap        ] GC(163) PSYoungGen: 190304K(272384K)->352K(266752K) Eden: 189952K(189952K)->0K(189952K) From: 352K(82432K)->352K(76800K)
[37.396s][info][gc,heap        ] GC(163) ParOldGen: 5950K(699392K)->5950K(699392K)
[37.396s][info][gc,metaspace   ] GC(163) Metaspace: 16451K(16768K)->16451K(16768K) NonClass: 14120K(14272K)->14120K(14272K) Class: 2331K(2496K)->2331K(2496K)
[37.396s][info][gc             ] GC(163) Pause Young (Allocation Failure) 191M->6M(943M) 0.447ms
[37.396s][info][gc,cpu         ] GC(163) User=0.00s Sys=0.00s Real=0.00s
[37.426s][info][gc,start       ] GC(164) Pause Young (Allocation Failure)
[37.427s][info][gc,heap        ] GC(164) PSYoungGen: 190304K(266752K)->352K(282624K) Eden: 189952K(189952K)->0K(210944K) From: 352K(76800K)->352K(71680K)
[37.427s][info][gc,heap        ] GC(164) ParOldGen: 5950K(699392K)->5950K(699392K)
[37.427s][info][gc,metaspace   ] GC(164) Metaspace: 16451K(16768K)->16451K(16768K) NonClass: 14120K(14272K)->14120K(14272K) Class: 2331K(2496K)->2331K(2496K)
[37.427s][info][gc             ] GC(164) Pause Young (Allocation Failure) 191M->6M(959M) 0.532ms
[37.427s][info][gc,cpu         ] GC(164) User=0.00s Sys=0.00s Real=0.00s
[37.461s][info][gc,start       ] GC(165) Pause Young (Allocation Failure)
[37.462s][info][gc,heap        ] GC(165) PSYoungGen: 211296K(282624K)->320K(277504K) Eden: 210944K(210944K)->0K(210944K) From: 352K(71680K)->320K(66560K)
[37.462s][info][gc,heap        ] GC(165) ParOldGen: 5950K(699392K)->5950K(699392K)
[37.462s][info][gc,metaspace   ] GC(165) Metaspace: 16451K(16768K)->16451K(16768K) NonClass: 14120K(14272K)->14120K(14272K) Class: 2331K(2496K)->2331K(2496K)
[37.462s][info][gc             ] GC(165) Pause Young (Allocation Failure) 212M->6M(954M) 0.781ms
[37.462s][info][gc,cpu         ] GC(165) User=0.00s Sys=0.00s Real=0.00s
[37.495s][info][gc,start       ] GC(166) Pause Young (Allocation Failure)
[37.496s][info][gc,heap        ] GC(166) PSYoungGen: 211264K(277504K)->352K(291840K) Eden: 210944K(210944K)->0K(229888K) From: 320K(66560K)->352K(61952K)
[37.496s][info][gc,heap        ] GC(166) ParOldGen: 5950K(699392K)->5950K(699392K)
[37.496s][info][gc,metaspace   ] GC(166) Metaspace: 16451K(16768K)->16451K(16768K) NonClass: 14120K(14272K)->14120K(14272K) Class: 2331K(2496K)->2331K(2496K)
[37.496s][info][gc             ] GC(166) Pause Young (Allocation Failure) 212M->6M(968M) 0.427ms
[37.496s][info][gc,cpu         ] GC(166) User=0.00s Sys=0.00s Real=0.00s
[37.545s][info][gc,start       ] GC(167) Pause Young (Allocation Failure)
[37.559s][info][gc,heap        ] GC(167) PSYoungGen: 230240K(291840K)->37219K(267264K) Eden: 229888K(229888K)->0K(229888K) From: 352K(61952K)->37219K(37376K)
[37.559s][info][gc,heap        ] GC(167) ParOldGen: 5950K(699392K)->5950K(699392K)
[37.559s][info][gc,metaspace   ] GC(167) Metaspace: 16451K(16768K)->16451K(16768K) NonClass: 14120K(14272K)->14120K(14272K) Class: 2331K(2496K)->2331K(2496K)
[37.559s][info][gc             ] GC(167) Pause Young (Allocation Failure) 230M->42M(944M) 14.379ms
[37.559s][info][gc,cpu         ] GC(167) User=0.02s Sys=0.00s Real=0.02s
[37.693s][info][gc,start       ] GC(168) Pause Young (Allocation Failure)
[37.791s][info][gc,heap        ] GC(168) PSYoungGen: 267107K(267264K)->63971K(180736K) Eden: 229888K(229888K)->0K(116736K) From: 37219K(37376K)->63971K(64000K)
[37.791s][info][gc,heap        ] GC(168) ParOldGen: 5950K(699392K)->132158K(699392K)
[37.791s][info][gc,metaspace   ] GC(168) Metaspace: 16451K(16768K)->16451K(16768K) NonClass: 14120K(14272K)->14120K(14272K) Class: 2331K(2496K)->2331K(2496K)
[37.791s][info][gc             ] GC(168) Pause Young (Allocation Failure) 266M->191M(859M) 98.039ms
[37.791s][info][gc,cpu         ] GC(168) User=0.56s Sys=0.00s Real=0.10s
[37.865s][info][gc,start       ] GC(169) Pause Young (Allocation Failure)
[37.934s][info][gc,heap        ] GC(169) PSYoungGen: 180707K(180736K)->116195K(232960K) Eden: 116736K(116736K)->0K(116736K) From: 63971K(64000K)->116195K(116224K)
[37.934s][info][gc,heap        ] GC(169) ParOldGen: 132158K(699392K)->160910K(699392K)
[37.934s][info][gc,metaspace   ] GC(169) Metaspace: 16451K(16768K)->16451K(16768K) NonClass: 14120K(14272K)->14120K(14272K) Class: 2331K(2496K)->2331K(2496K)
[37.934s][info][gc             ] GC(169) Pause Young (Allocation Failure) 305M->270M(910M) 68.721ms
[37.934s][info][gc,cpu         ] GC(169) User=0.38s Sys=0.00s Real=0.06s
[38.015s][info][gc,start       ] GC(170) Pause Young (Allocation Failure)
[38.104s][info][gc,heap        ] GC(170) PSYoungGen: 232931K(232960K)->116195K(232960K) Eden: 116736K(116736K)->0K(116736K) From: 116195K(116224K)->116195K(116224K)
[38.104s][info][gc,heap        ] GC(170) ParOldGen: 160910K(699392K)->241198K(699392K)
[38.104s][info][gc,metaspace   ] GC(170) Metaspace: 16451K(16768K)->16451K(16768K) NonClass: 14120K(14272K)->14120K(14272K) Class: 2331K(2496K)->2331K(2496K)
[38.104s][info][gc             ] GC(170) Pause Young (Allocation Failure) 384M->349M(910M) 88.839ms
[38.104s][info][gc,cpu         ] GC(170) User=0.47s Sys=0.00s Real=0.08s
[38.190s][info][gc,start       ] GC(171) Pause Young (Allocation Failure)
[38.286s][info][gc,heap        ] GC(171) PSYoungGen: 232931K(232960K)->116195K(232960K) Eden: 116736K(116736K)->0K(116736K) From: 116195K(116224K)->116195K(116224K)
[38.286s][info][gc,heap        ] GC(171) ParOldGen: 241198K(699392K)->322206K(699392K)
[38.286s][info][gc,metaspace   ] GC(171) Metaspace: 16451K(16768K)->16451K(16768K) NonClass: 14120K(14272K)->14120K(14272K) Class: 2331K(2496K)->2331K(2496K)
[38.287s][info][gc             ] GC(171) Pause Young (Allocation Failure) 463M->428M(910M) 96.983ms
[38.287s][info][gc,cpu         ] GC(171) User=0.50s Sys=0.00s Real=0.10s
[41.090s][info][gc,start       ] GC(172) Pause Young (Allocation Failure)
[41.175s][info][gc,heap        ] GC(172) PSYoungGen: 232931K(232960K)->116195K(232960K) Eden: 116736K(116736K)->0K(116736K) From: 116195K(116224K)->116195K(116224K)
[41.176s][info][gc,heap        ] GC(172) ParOldGen: 322206K(699392K)->332702K(699392K)
[41.176s][info][gc,metaspace   ] GC(172) Metaspace: 16454K(16768K)->16454K(16768K) NonClass: 14123K(14272K)->14123K(14272K) Class: 2331K(2496K)->2331K(2496K)
[41.176s][info][gc             ] GC(172) Pause Young (Allocation Failure) 542M->438M(910M) 85.701ms
[41.176s][info][gc,cpu         ] GC(172) User=0.36s Sys=0.00s Real=0.07s
[41.227s][info][gc,start       ] GC(173) Pause Young (Allocation Failure)
[41.309s][info][gc,heap        ] GC(173) PSYoungGen: 232931K(232960K)->116224K(232960K) Eden: 116736K(116736K)->0K(116736K) From: 116195K(116224K)->116224K(116224K)
[41.309s][info][gc,heap        ] GC(173) ParOldGen: 332702K(699392K)->384369K(699392K)
[41.309s][info][gc,metaspace   ] GC(173) Metaspace: 16454K(16768K)->16454K(16768K) NonClass: 14123K(14272K)->14123K(14272K) Class: 2331K(2496K)->2331K(2496K)
[41.309s][info][gc             ] GC(173) Pause Young (Allocation Failure) 552M->488M(910M) 82.739ms
[41.309s][info][gc,cpu         ] GC(173) User=0.47s Sys=0.00s Real=0.08s
[41.365s][info][gc,start       ] GC(174) Pause Young (Allocation Failure)
[41.434s][info][gc,heap        ] GC(174) PSYoungGen: 232960K(232960K)->116224K(232960K) Eden: 116736K(116736K)->0K(116736K) From: 116224K(116224K)->116224K(116224K)
[41.434s][info][gc,heap        ] GC(174) ParOldGen: 384369K(699392K)->434673K(699392K)
[41.434s][info][gc,metaspace   ] GC(174) Metaspace: 16454K(16768K)->16454K(16768K) NonClass: 14123K(14272K)->14123K(14272K) Class: 2331K(2496K)->2331K(2496K)
[41.434s][info][gc             ] GC(174) Pause Young (Allocation Failure) 602M->537M(910M) 69.561ms
[41.434s][info][gc,cpu         ] GC(174) User=0.38s Sys=0.00s Real=0.07s
[41.490s][info][gc,start       ] GC(175) Pause Young (Allocation Failure)
[41.564s][info][gc,heap        ] GC(175) PSYoungGen: 232960K(232960K)->116224K(232960K) Eden: 116736K(116736K)->0K(116736K) From: 116224K(116224K)->116224K(116224K)
[41.566s][info][gc,heap        ] GC(175) ParOldGen: 434673K(699392K)->485177K(699392K)
[41.566s][info][gc,metaspace   ] GC(175) Metaspace: 16454K(16768K)->16454K(16768K) NonClass: 14123K(14272K)->14123K(14272K) Class: 2331K(2496K)->2331K(2496K)
[41.566s][info][gc             ] GC(175) Pause Young (Allocation Failure) 651M->587M(910M) 76.360ms
[41.566s][info][gc,cpu         ] GC(175) User=0.36s Sys=0.00s Real=0.07s
[41.624s][info][gc,start       ] GC(176) Pause Young (Allocation Failure)
[41.697s][info][gc,heap        ] GC(176) PSYoungGen: 232960K(232960K)->116224K(232960K) Eden: 116736K(116736K)->0K(116736K) From: 116224K(116224K)->116224K(116224K)
[41.697s][info][gc,heap        ] GC(176) ParOldGen: 485177K(699392K)->534417K(699392K)
[41.697s][info][gc,metaspace   ] GC(176) Metaspace: 16454K(16768K)->16454K(16768K) NonClass: 14123K(14272K)->14123K(14272K) Class: 2331K(2496K)->2331K(2496K)
[41.697s][info][gc             ] GC(176) Pause Young (Allocation Failure) 701M->635M(910M) 72.609ms
[41.697s][info][gc,cpu         ] GC(176) User=0.38s Sys=0.00s Real=0.07s
[41.754s][info][gc,start       ] GC(177) Pause Young (Allocation Failure)
[41.825s][info][gc,heap        ] GC(177) PSYoungGen: 232960K(232960K)->85984K(232960K) Eden: 116736K(116736K)->0K(116736K) From: 116224K(116224K)->85984K(116224K)
[41.825s][info][gc,heap        ] GC(177) ParOldGen: 534417K(699392K)->615129K(699392K)
[41.825s][info][gc,metaspace   ] GC(177) Metaspace: 16454K(16768K)->16454K(16768K) NonClass: 14123K(14272K)->14123K(14272K) Class: 2331K(2496K)->2331K(2496K)
[41.825s][info][gc             ] GC(177) Pause Young (Allocation Failure) 749M->684M(910M) 71.064ms
[41.825s][info][gc,cpu         ] GC(177) User=0.38s Sys=0.00s Real=0.06s
[41.884s][info][gc,start       ] GC(178) Pause Full (Ergonomics)
[41.884s][info][gc,phases,start] GC(178) Marking Phase
[41.959s][info][gc,phases      ] GC(178) Marking Phase 75.374ms
[41.959s][info][gc,phases,start] GC(178) Summary Phase
[41.959s][info][gc,phases      ] GC(178) Summary Phase 0.021ms
[41.959s][info][gc,phases,start] GC(178) Adjust Roots
[41.961s][info][gc,phases      ] GC(178) Adjust Roots 1.530ms
[41.961s][info][gc,phases,start] GC(178) Compaction Phase
[42.123s][info][gc,phases      ] GC(178) Compaction Phase 162.304ms
[42.123s][info][gc,phases,start] GC(178) Post Compact
[42.125s][info][gc,phases      ] GC(178) Post Compact 1.702ms
[42.125s][info][gc,heap        ] GC(178) PSYoungGen: 202720K(232960K)->0K(232960K) Eden: 116736K(116736K)->0K(116736K) From: 85984K(116224K)->0K(116224K)
[42.125s][info][gc,heap        ] GC(178) ParOldGen: 615129K(699392K)->301923K(699392K)
[42.125s][info][gc,metaspace   ] GC(178) Metaspace: 16454K(16768K)->16454K(16768K) NonClass: 14123K(14272K)->14123K(14272K) Class: 2331K(2496K)->2331K(2496K)
[42.125s][info][gc             ] GC(178) Pause Full (Ergonomics) 798M->294M(910M) 241.250ms
[42.125s][info][gc,cpu         ] GC(178) User=1.38s Sys=0.00s Real=0.25s
[42.184s][info][gc,start       ] GC(179) Pause Young (Allocation Failure)
[42.208s][info][gc,heap        ] GC(179) PSYoungGen: 116736K(232960K)->50976K(232960K) Eden: 116736K(116736K)->0K(116736K) From: 0K(116224K)->50976K(116224K)
[42.208s][info][gc,heap        ] GC(179) ParOldGen: 301923K(699392K)->301923K(699392K)
[42.208s][info][gc,metaspace   ] GC(179) Metaspace: 16454K(16768K)->16454K(16768K) NonClass: 14123K(14272K)->14123K(14272K) Class: 2331K(2496K)->2331K(2496K)
[42.208s][info][gc             ] GC(179) Pause Young (Allocation Failure) 408M->344M(910M) 24.133ms
[42.208s][info][gc,cpu         ] GC(179) User=0.09s Sys=0.00s Real=0.03s
[42.268s][info][gc,start       ] GC(180) Pause Young (Allocation Failure)
[42.310s][info][gc,heap        ] GC(180) PSYoungGen: 167712K(232960K)->51104K(232960K) Eden: 116736K(116736K)->0K(116736K) From: 50976K(116224K)->51104K(116224K)
[42.311s][info][gc,heap        ] GC(180) ParOldGen: 301923K(699392K)->349955K(699392K)
[42.311s][info][gc,metaspace   ] GC(180) Metaspace: 16454K(16768K)->16454K(16768K) NonClass: 14123K(14272K)->14123K(14272K) Class: 2331K(2496K)->2331K(2496K)
[42.311s][info][gc             ] GC(180) Pause Young (Allocation Failure) 458M->391M(910M) 42.629ms
[42.311s][info][gc,cpu         ] GC(180) User=0.16s Sys=0.00s Real=0.03s
[42.408s][info][gc,start       ] GC(181) Pause Young (Allocation Failure)
[42.485s][info][gc,heap        ] GC(181) PSYoungGen: 167840K(232960K)->79562K(232960K) Eden: 116736K(116736K)->0K(116736K) From: 51104K(116224K)->79562K(116224K)
[42.485s][info][gc,heap        ] GC(181) ParOldGen: 349955K(699392K)->398379K(699392K)
[42.485s][info][gc,metaspace   ] GC(181) Metaspace: 16454K(16768K)->16454K(16768K) NonClass: 14123K(14272K)->14123K(14272K) Class: 2331K(2496K)->2331K(2496K)
[42.485s][info][gc             ] GC(181) Pause Young (Allocation Failure) 505M->466M(910M) 76.737ms
[42.485s][info][gc,cpu         ] GC(181) User=0.38s Sys=0.00s Real=0.06s
[42.826s][info][gc,start       ] GC(182) Pause Young (Allocation Failure)
[42.902s][info][gc,heap        ] GC(182) PSYoungGen: 196298K(232960K)->17184K(232960K) Eden: 116736K(116736K)->0K(116736K) From: 79562K(116224K)->17184K(116224K)
[42.902s][info][gc,heap        ] GC(182) ParOldGen: 398379K(699392K)->454212K(699392K)
[42.902s][info][gc,metaspace   ] GC(182) Metaspace: 16454K(16768K)->16454K(16768K) NonClass: 14123K(14272K)->14123K(14272K) Class: 2331K(2496K)->2331K(2496K)
[42.902s][info][gc             ] GC(182) Pause Young (Allocation Failure) 580M->460M(910M) 75.883ms
[42.902s][info][gc,cpu         ] GC(182) User=0.34s Sys=0.00s Real=0.08s
[43.044s][info][gc,start       ] GC(183) Pause Young (Allocation Failure)
[43.060s][info][gc,heap        ] GC(183) PSYoungGen: 133920K(232960K)->3648K(232960K) Eden: 116736K(116736K)->0K(116736K) From: 17184K(116224K)->3648K(116224K)
[43.061s][info][gc,heap        ] GC(183) ParOldGen: 454212K(699392K)->467876K(699392K)
[43.061s][info][gc,metaspace   ] GC(183) Metaspace: 16454K(16768K)->16454K(16768K) NonClass: 14123K(14272K)->14123K(14272K) Class: 2331K(2496K)->2331K(2496K)
[43.061s][info][gc             ] GC(183) Pause Young (Allocation Failure) 574M->460M(910M) 16.248ms
[43.061s][info][gc,cpu         ] GC(183) User=0.08s Sys=0.00s Real=0.02s
[43.200s][info][gc,start       ] GC(184) Pause Young (Allocation Failure)
[43.202s][info][gc,heap        ] GC(184) PSYoungGen: 120384K(232960K)->2848K(232960K) Eden: 116736K(116736K)->0K(116736K) From: 3648K(116224K)->2848K(116224K)
[43.202s][info][gc,heap        ] GC(184) ParOldGen: 467876K(699392K)->468140K(699392K)
[43.202s][info][gc,metaspace   ] GC(184) Metaspace: 16454K(16768K)->16454K(16768K) NonClass: 14123K(14272K)->14123K(14272K) Class: 2331K(2496K)->2331K(2496K)
[43.202s][info][gc             ] GC(184) Pause Young (Allocation Failure) 574M->459M(910M) 2.771ms
[43.202s][info][gc,cpu         ] GC(184) User=0.00s Sys=0.00s Real=0.00s
[43.327s][info][gc,start       ] GC(185) Pause Young (Allocation Failure)
[43.330s][info][gc,heap        ] GC(185) PSYoungGen: 119584K(232960K)->2048K(232960K) Eden: 116736K(116736K)->0K(116736K) From: 2848K(116224K)->2048K(116224K)
[43.330s][info][gc,heap        ] GC(185) ParOldGen: 468140K(699392K)->468212K(699392K)
[43.330s][info][gc,metaspace   ] GC(185) Metaspace: 16454K(16768K)->16454K(16768K) NonClass: 14123K(14272K)->14123K(14272K) Class: 2331K(2496K)->2331K(2496K)
[43.330s][info][gc             ] GC(185) Pause Young (Allocation Failure) 573M->459M(910M) 2.216ms
[43.330s][info][gc,cpu         ] GC(185) User=0.00s Sys=0.00s Real=0.00s
[43.755s][info][gc,start       ] GC(186) Pause Young (Allocation Failure)
[43.756s][info][gc,heap        ] GC(186) PSYoungGen: 118784K(232960K)->2144K(232960K) Eden: 116736K(116736K)->0K(116736K) From: 2048K(116224K)->2144K(116224K)
[43.756s][info][gc,heap        ] GC(186) ParOldGen: 468212K(699392K)->468212K(699392K)
[43.756s][info][gc,metaspace   ] GC(186) Metaspace: 16454K(16768K)->16454K(16768K) NonClass: 14123K(14272K)->14123K(14272K) Class: 2331K(2496K)->2331K(2496K)
[43.756s][info][gc             ] GC(186) Pause Young (Allocation Failure) 573M->459M(910M) 1.630ms
[43.756s][info][gc,cpu         ] GC(186) User=0.00s Sys=0.00s Real=0.00s
[44.115s][info][gc,start       ] GC(187) Pause Young (System.gc())
[44.116s][info][gc,heap        ] GC(187) PSYoungGen: 54516K(232960K)->96K(232960K) Eden: 52372K(116736K)->0K(116736K) From: 2144K(116224K)->96K(116224K)
[44.116s][info][gc,heap        ] GC(187) ParOldGen: 468212K(699392K)->468244K(699392K)
[44.116s][info][gc,metaspace   ] GC(187) Metaspace: 16454K(16768K)->16454K(16768K) NonClass: 14123K(14272K)->14123K(14272K) Class: 2331K(2496K)->2331K(2496K)
[44.116s][info][gc             ] GC(187) Pause Young (System.gc()) 510M->457M(910M) 0.839ms
[44.116s][info][gc,cpu         ] GC(187) User=0.00s Sys=0.00s Real=0.00s
[44.116s][info][gc,start       ] GC(188) Pause Full (System.gc())
[44.116s][info][gc,phases,start] GC(188) Marking Phase
[44.121s][info][gc,phases      ] GC(188) Marking Phase 4.435ms
[44.121s][info][gc,phases,start] GC(188) Summary Phase
[44.121s][info][gc,phases      ] GC(188) Summary Phase 0.011ms
[44.121s][info][gc,phases,start] GC(188) Adjust Roots
[44.123s][info][gc,phases      ] GC(188) Adjust Roots 1.996ms
[44.123s][info][gc,phases,start] GC(188) Compaction Phase
[44.125s][info][gc,phases      ] GC(188) Compaction Phase 1.917ms
[44.125s][info][gc,phases,start] GC(188) Post Compact
[44.126s][info][gc,phases      ] GC(188) Post Compact 1.722ms
[44.126s][info][gc,heap        ] GC(188) PSYoungGen: 96K(232960K)->0K(232960K) Eden: 0K(116736K)->0K(116736K) From: 96K(116224K)->0K(116224K)
[44.126s][info][gc,heap        ] GC(188) ParOldGen: 468244K(699392K)->5534K(699392K)
[44.126s][info][gc,metaspace   ] GC(188) Metaspace: 16454K(16768K)->16454K(16768K) NonClass: 14123K(14272K)->14123K(14272K) Class: 2331K(2496K)->2331K(2496K)
[44.127s][info][gc             ] GC(188) Pause Full (System.gc()) 457M->5M(910M) 10.274ms
[44.127s][info][gc,cpu         ] GC(188) User=0.00s Sys=0.00s Real=0.02s
[45.393s][info][gc,start       ] GC(189) Pause Young (Allocation Failure)
[45.394s][info][gc,heap        ] GC(189) PSYoungGen: 116736K(232960K)->352K(232960K) Eden: 116736K(116736K)->0K(116736K) From: 0K(116224K)->352K(116224K)
[45.394s][info][gc,heap        ] GC(189) ParOldGen: 5534K(699392K)->5534K(699392K)
[45.394s][info][gc,metaspace   ] GC(189) Metaspace: 16460K(16832K)->16460K(16832K) NonClass: 14129K(14336K)->14129K(14336K) Class: 2331K(2496K)->2331K(2496K)
[45.394s][info][gc             ] GC(189) Pause Young (Allocation Failure) 119M->5M(910M) 0.537ms
[45.394s][info][gc,cpu         ] GC(189) User=0.00s Sys=0.00s Real=0.00s
[45.413s][info][gc,start       ] GC(190) Pause Young (Allocation Failure)
[45.414s][info][gc,heap        ] GC(190) PSYoungGen: 117088K(232960K)->320K(232960K) Eden: 116736K(116736K)->0K(116736K) From: 352K(116224K)->320K(116224K)
[45.414s][info][gc,heap        ] GC(190) ParOldGen: 5534K(699392K)->5638K(699392K)
[45.414s][info][gc,metaspace   ] GC(190) Metaspace: 16460K(16832K)->16460K(16832K) NonClass: 14129K(14336K)->14129K(14336K) Class: 2331K(2496K)->2331K(2496K)
[45.414s][info][gc             ] GC(190) Pause Young (Allocation Failure) 119M->5M(910M) 0.580ms
[45.414s][info][gc,cpu         ] GC(190) User=0.00s Sys=0.00s Real=0.00s
[45.433s][info][gc,start       ] GC(191) Pause Young (Allocation Failure)
[45.434s][info][gc,heap        ] GC(191) PSYoungGen: 117056K(232960K)->224K(232960K) Eden: 116736K(116736K)->0K(116736K) From: 320K(116224K)->224K(116224K)
[45.434s][info][gc,heap        ] GC(191) ParOldGen: 5638K(699392K)->5686K(699392K)
[45.434s][info][gc,metaspace   ] GC(191) Metaspace: 16460K(16832K)->16460K(16832K) NonClass: 14129K(14336K)->14129K(14336K) Class: 2331K(2496K)->2331K(2496K)
[45.434s][info][gc             ] GC(191) Pause Young (Allocation Failure) 119M->5M(910M) 0.425ms
[45.434s][info][gc,cpu         ] GC(191) User=0.00s Sys=0.00s Real=0.00s
[45.452s][info][gc,start       ] GC(192) Pause Young (Allocation Failure)
[45.452s][info][gc,heap        ] GC(192) PSYoungGen: 116960K(232960K)->192K(232960K) Eden: 116736K(116736K)->0K(116736K) From: 224K(116224K)->192K(116224K)
[45.452s][info][gc,heap        ] GC(192) ParOldGen: 5686K(699392K)->5734K(699392K)
[45.452s][info][gc,metaspace   ] GC(192) Metaspace: 16460K(16832K)->16460K(16832K) NonClass: 14129K(14336K)->14129K(14336K) Class: 2331K(2496K)->2331K(2496K)
[45.452s][info][gc             ] GC(192) Pause Young (Allocation Failure) 119M->5M(910M) 0.550ms
[45.452s][info][gc,cpu         ] GC(192) User=0.00s Sys=0.00s Real=0.00s
[45.471s][info][gc,start       ] GC(193) Pause Young (Allocation Failure)
[45.471s][info][gc,heap        ] GC(193) PSYoungGen: 116928K(232960K)->224K(232960K) Eden: 116736K(116736K)->0K(116736K) From: 192K(116224K)->224K(116224K)
[45.471s][info][gc,heap        ] GC(193) ParOldGen: 5734K(699392K)->5782K(699392K)
[45.471s][info][gc,metaspace   ] GC(193) Metaspace: 16460K(16832K)->16460K(16832K) NonClass: 14129K(14336K)->14129K(14336K) Class: 2331K(2496K)->2331K(2496K)
[45.472s][info][gc             ] GC(193) Pause Young (Allocation Failure) 119M->5M(910M) 0.455ms
[45.472s][info][gc,cpu         ] GC(193) User=0.00s Sys=0.00s Real=0.00s
[45.490s][info][gc,start       ] GC(194) Pause Young (Allocation Failure)
[45.490s][info][gc,heap        ] GC(194) PSYoungGen: 116960K(232960K)->320K(232960K) Eden: 116736K(116736K)->0K(116736K) From: 224K(116224K)->320K(116224K)
[45.490s][info][gc,heap        ] GC(194) ParOldGen: 5782K(699392K)->5830K(699392K)
[45.490s][info][gc,metaspace   ] GC(194) Metaspace: 16460K(16832K)->16460K(16832K) NonClass: 14129K(14336K)->14129K(14336K) Class: 2331K(2496K)->2331K(2496K)
[45.490s][info][gc             ] GC(194) Pause Young (Allocation Failure) 119M->6M(910M) 0.527ms
[45.490s][info][gc,cpu         ] GC(194) User=0.00s Sys=0.00s Real=0.00s
[45.509s][info][gc,start       ] GC(195) Pause Young (Allocation Failure)
[45.509s][info][gc,heap        ] GC(195) PSYoungGen: 117056K(232960K)->288K(232960K) Eden: 116736K(116736K)->0K(116736K) From: 320K(116224K)->288K(116224K)
[45.509s][info][gc,heap        ] GC(195) ParOldGen: 5830K(699392K)->5878K(699392K)
[45.509s][info][gc,metaspace   ] GC(195) Metaspace: 16460K(16832K)->16460K(16832K) NonClass: 14129K(14336K)->14129K(14336K) Class: 2331K(2496K)->2331K(2496K)
[45.509s][info][gc             ] GC(195) Pause Young (Allocation Failure) 120M->6M(910M) 0.433ms
[45.509s][info][gc,cpu         ] GC(195) User=0.00s Sys=0.00s Real=0.00s
[45.528s][info][gc,start       ] GC(196) Pause Young (Allocation Failure)
[45.529s][info][gc,heap        ] GC(196) PSYoungGen: 117024K(232960K)->256K(232960K) Eden: 116736K(116736K)->0K(116736K) From: 288K(116224K)->256K(116224K)
[45.529s][info][gc,heap        ] GC(196) ParOldGen: 5878K(699392K)->5926K(699392K)
[45.529s][info][gc,metaspace   ] GC(196) Metaspace: 16460K(16832K)->16460K(16832K) NonClass: 14129K(14336K)->14129K(14336K) Class: 2331K(2496K)->2331K(2496K)
[45.529s][info][gc             ] GC(196) Pause Young (Allocation Failure) 120M->6M(910M) 0.418ms
[45.529s][info][gc,cpu         ] GC(196) User=0.00s Sys=0.00s Real=0.00s
[45.547s][info][gc,start       ] GC(197) Pause Young (Allocation Failure)
[45.547s][info][gc,heap        ] GC(197) PSYoungGen: 116992K(232960K)->288K(232960K) Eden: 116736K(116736K)->0K(116736K) From: 256K(116224K)->288K(116224K)
[45.547s][info][gc,heap        ] GC(197) ParOldGen: 5926K(699392K)->5958K(699392K)
[45.547s][info][gc,metaspace   ] GC(197) Metaspace: 16460K(16832K)->16460K(16832K) NonClass: 14129K(14336K)->14129K(14336K) Class: 2331K(2496K)->2331K(2496K)
[45.547s][info][gc             ] GC(197) Pause Young (Allocation Failure) 120M->6M(910M) 0.431ms
[45.547s][info][gc,cpu         ] GC(197) User=0.00s Sys=0.00s Real=0.00s
[45.566s][info][gc,start       ] GC(198) Pause Young (Allocation Failure)
[45.566s][info][gc,heap        ] GC(198) PSYoungGen: 117024K(232960K)->256K(232960K) Eden: 116736K(116736K)->0K(116736K) From: 288K(116224K)->256K(116224K)
[45.566s][info][gc,heap        ] GC(198) ParOldGen: 5958K(699392K)->6022K(699392K)
[45.566s][info][gc,metaspace   ] GC(198) Metaspace: 16460K(16832K)->16460K(16832K) NonClass: 14129K(14336K)->14129K(14336K) Class: 2331K(2496K)->2331K(2496K)
[45.566s][info][gc             ] GC(198) Pause Young (Allocation Failure) 120M->6M(910M) 0.425ms
[45.566s][info][gc,cpu         ] GC(198) User=0.00s Sys=0.00s Real=0.00s
[45.584s][info][gc,start       ] GC(199) Pause Young (Allocation Failure)
[45.584s][info][gc,heap        ] GC(199) PSYoungGen: 116992K(232960K)->288K(232960K) Eden: 116736K(116736K)->0K(116736K) From: 256K(116224K)->288K(116224K)
[45.584s][info][gc,heap        ] GC(199) ParOldGen: 6022K(699392K)->6062K(699392K)
[45.584s][info][gc,metaspace   ] GC(199) Metaspace: 16460K(16832K)->16460K(16832K) NonClass: 14129K(14336K)->14129K(14336K) Class: 2331K(2496K)->2331K(2496K)
[45.584s][info][gc             ] GC(199) Pause Young (Allocation Failure) 120M->6M(910M) 0.467ms
[45.585s][info][gc,cpu         ] GC(199) User=0.00s Sys=0.00s Real=0.00s
[45.603s][info][gc,start       ] GC(200) Pause Young (Allocation Failure)
[45.603s][info][gc,heap        ] GC(200) PSYoungGen: 117024K(232960K)->256K(232960K) Eden: 116736K(116736K)->0K(116736K) From: 288K(116224K)->256K(116224K)
[45.603s][info][gc,heap        ] GC(200) ParOldGen: 6062K(699392K)->6110K(699392K)
[45.603s][info][gc,metaspace   ] GC(200) Metaspace: 16460K(16832K)->16460K(16832K) NonClass: 14129K(14336K)->14129K(14336K) Class: 2331K(2496K)->2331K(2496K)
[45.603s][info][gc             ] GC(200) Pause Young (Allocation Failure) 120M->6M(910M) 0.462ms
[45.603s][info][gc,cpu         ] GC(200) User=0.00s Sys=0.00s Real=0.00s
[45.621s][info][gc,start       ] GC(201) Pause Young (Allocation Failure)
[45.622s][info][gc,heap        ] GC(201) PSYoungGen: 116992K(232960K)->352K(242688K) Eden: 116736K(116736K)->0K(129024K) From: 256K(116224K)->352K(113664K)
[45.622s][info][gc,heap        ] GC(201) ParOldGen: 6110K(699392K)->6110K(699392K)
[45.622s][info][gc,metaspace   ] GC(201) Metaspace: 16460K(16832K)->16460K(16832K) NonClass: 14129K(14336K)->14129K(14336K) Class: 2331K(2496K)->2331K(2496K)
[45.622s][info][gc             ] GC(201) Pause Young (Allocation Failure) 120M->6M(920M) 0.443ms
[45.622s][info][gc,cpu         ] GC(201) User=0.00s Sys=0.00s Real=0.00s
[45.642s][info][gc,start       ] GC(202) Pause Young (Allocation Failure)
[45.643s][info][gc,heap        ] GC(202) PSYoungGen: 129376K(242688K)->320K(235520K) Eden: 129024K(129024K)->0K(129024K) From: 352K(113664K)->320K(106496K)
[45.643s][info][gc,heap        ] GC(202) ParOldGen: 6110K(699392K)->6110K(699392K)
[45.643s][info][gc,metaspace   ] GC(202) Metaspace: 16460K(16832K)->16460K(16832K) NonClass: 14129K(14336K)->14129K(14336K) Class: 2331K(2496K)->2331K(2496K)
[45.643s][info][gc             ] GC(202) Pause Young (Allocation Failure) 132M->6M(913M) 0.417ms
[45.643s][info][gc,cpu         ] GC(202) User=0.00s Sys=0.00s Real=0.00s
[45.663s][info][gc,start       ] GC(203) Pause Young (Allocation Failure)
[45.666s][info][gc,heap        ] GC(203) PSYoungGen: 129344K(235520K)->288K(256512K) Eden: 129024K(129024K)->0K(157184K) From: 320K(106496K)->288K(99328K)
[45.666s][info][gc,heap        ] GC(203) ParOldGen: 6110K(699392K)->6110K(699392K)
[45.666s][info][gc,metaspace   ] GC(203) Metaspace: 16460K(16832K)->16460K(16832K) NonClass: 14129K(14336K)->14129K(14336K) Class: 2331K(2496K)->2331K(2496K)
[45.666s][info][gc             ] GC(203) Pause Young (Allocation Failure) 132M->6M(933M) 3.155ms
[45.666s][info][gc,cpu         ] GC(203) User=0.00s Sys=0.00s Real=0.00s
[45.692s][info][gc,start       ] GC(204) Pause Young (Allocation Failure)
[45.692s][info][gc,heap        ] GC(204) PSYoungGen: 157472K(256512K)->352K(249856K) Eden: 157184K(157184K)->0K(157184K) From: 288K(99328K)->352K(92672K)
[45.692s][info][gc,heap        ] GC(204) ParOldGen: 6110K(699392K)->6110K(699392K)
[45.692s][info][gc,metaspace   ] GC(204) Metaspace: 16460K(16832K)->16460K(16832K) NonClass: 14129K(14336K)->14129K(14336K) Class: 2331K(2496K)->2331K(2496K)
[45.692s][info][gc             ] GC(204) Pause Young (Allocation Failure) 159M->6M(927M) 0.486ms
[45.692s][info][gc,cpu         ] GC(204) User=0.00s Sys=0.00s Real=0.00s
[45.717s][info][gc,start       ] GC(205) Pause Young (Allocation Failure)
[45.718s][info][gc,heap        ] GC(205) PSYoungGen: 157536K(249856K)->320K(269312K) Eden: 157184K(157184K)->0K(183296K) From: 352K(92672K)->320K(86016K)
[45.718s][info][gc,heap        ] GC(205) ParOldGen: 6110K(699392K)->6110K(699392K)
[45.718s][info][gc,metaspace   ] GC(205) Metaspace: 16460K(16832K)->16460K(16832K) NonClass: 14129K(14336K)->14129K(14336K) Class: 2331K(2496K)->2331K(2496K)
[45.718s][info][gc             ] GC(205) Pause Young (Allocation Failure) 159M->6M(946M) 0.606ms
[45.718s][info][gc,cpu         ] GC(205) User=0.00s Sys=0.00s Real=0.01s
[45.747s][info][gc,start       ] GC(206) Pause Young (Allocation Failure)
[45.747s][info][gc,heap        ] GC(206) PSYoungGen: 183616K(269312K)->384K(263168K) Eden: 183296K(183296K)->0K(183296K) From: 320K(86016K)->384K(79872K)
[45.747s][info][gc,heap        ] GC(206) ParOldGen: 6110K(699392K)->6110K(699392K)
[45.747s][info][gc,metaspace   ] GC(206) Metaspace: 16460K(16832K)->16460K(16832K) NonClass: 14129K(14336K)->14129K(14336K) Class: 2331K(2496K)->2331K(2496K)
[45.747s][info][gc             ] GC(206) Pause Young (Allocation Failure) 185M->6M(940M) 0.474ms
[45.747s][info][gc,cpu         ] GC(206) User=0.00s Sys=0.00s Real=0.00s
[45.777s][info][gc,start       ] GC(207) Pause Young (Allocation Failure)
[45.777s][info][gc,heap        ] GC(207) PSYoungGen: 183680K(263168K)->352K(280064K) Eden: 183296K(183296K)->0K(205824K) From: 384K(79872K)->352K(74240K)
[45.777s][info][gc,heap        ] GC(207) ParOldGen: 6110K(699392K)->6110K(699392K)
[45.777s][info][gc,metaspace   ] GC(207) Metaspace: 16460K(16832K)->16460K(16832K) NonClass: 14129K(14336K)->14129K(14336K) Class: 2331K(2496K)->2331K(2496K)
[45.777s][info][gc             ] GC(207) Pause Young (Allocation Failure) 185M->6M(956M) 0.497ms
[45.777s][info][gc,cpu         ] GC(207) User=0.00s Sys=0.00s Real=0.00s
[45.811s][info][gc,start       ] GC(208) Pause Young (Allocation Failure)
[45.812s][info][gc,heap        ] GC(208) PSYoungGen: 206176K(280064K)->352K(274944K) Eden: 205824K(205824K)->0K(205824K) From: 352K(74240K)->352K(69120K)
[45.812s][info][gc,heap        ] GC(208) ParOldGen: 6110K(699392K)->6110K(699392K)
[45.812s][info][gc,metaspace   ] GC(208) Metaspace: 16460K(16832K)->16460K(16832K) NonClass: 14129K(14336K)->14129K(14336K) Class: 2331K(2496K)->2331K(2496K)
[45.812s][info][gc             ] GC(208) Pause Young (Allocation Failure) 207M->6M(951M) 0.507ms
[45.812s][info][gc,cpu         ] GC(208) User=0.00s Sys=0.00s Real=0.00s
[45.846s][info][gc,start       ] GC(209) Pause Young (Allocation Failure)
[45.846s][info][gc,heap        ] GC(209) PSYoungGen: 206176K(274944K)->256K(289792K) Eden: 205824K(205824K)->0K(225792K) From: 352K(69120K)->256K(64000K)
[45.846s][info][gc,heap        ] GC(209) ParOldGen: 6110K(699392K)->6110K(699392K)
[45.846s][info][gc,metaspace   ] GC(209) Metaspace: 16460K(16832K)->16460K(16832K) NonClass: 14129K(14336K)->14129K(14336K) Class: 2331K(2496K)->2331K(2496K)
[45.846s][info][gc             ] GC(209) Pause Young (Allocation Failure) 207M->6M(966M) 0.445ms
[45.846s][info][gc,cpu         ] GC(209) User=0.00s Sys=0.00s Real=0.00s
[45.959s][info][gc,start       ] GC(210) Pause Young (Allocation Failure)
[46.032s][info][gc,heap        ] GC(210) PSYoungGen: 226048K(289792K)->59363K(285184K) Eden: 225792K(225792K)->0K(225792K) From: 256K(64000K)->59363K(59392K)
[46.032s][info][gc,heap        ] GC(210) ParOldGen: 6110K(699392K)->89638K(699392K)
[46.032s][info][gc,metaspace   ] GC(210) Metaspace: 16460K(16832K)->16460K(16832K) NonClass: 14129K(14336K)->14129K(14336K) Class: 2331K(2496K)->2331K(2496K)
[46.032s][info][gc             ] GC(210) Pause Young (Allocation Failure) 226M->145M(961M) 72.875ms
[46.032s][info][gc,cpu         ] GC(210) User=0.39s Sys=0.00s Real=0.08s
[46.189s][info][gc,start       ] GC(211) Pause Young (Allocation Failure)
[46.305s][info][gc,heap        ] GC(211) PSYoungGen: 285155K(285184K)->63971K(180736K) Eden: 225792K(225792K)->0K(116736K) From: 59363K(59392K)->63971K(64000K)
[46.305s][info][gc,heap        ] GC(211) ParOldGen: 89638K(699392K)->239934K(699392K)
[46.305s][info][gc,metaspace   ] GC(211) Metaspace: 16460K(16832K)->16460K(16832K) NonClass: 14129K(14336K)->14129K(14336K) Class: 2331K(2496K)->2331K(2496K)
[46.305s][info][gc             ] GC(211) Pause Young (Allocation Failure) 366M->296M(859M) 116.072ms
[46.305s][info][gc,cpu         ] GC(211) User=0.66s Sys=0.00s Real=0.11s
[46.387s][info][gc,start       ] GC(212) Pause Young (Allocation Failure)
[46.459s][info][gc,heap        ] GC(212) PSYoungGen: 180707K(180736K)->116195K(232960K) Eden: 116736K(116736K)->0K(116736K) From: 63971K(64000K)->116195K(116224K)
[46.459s][info][gc,heap        ] GC(212) ParOldGen: 239934K(699392K)->268702K(699392K)
[46.459s][info][gc,metaspace   ] GC(212) Metaspace: 16460K(16832K)->16460K(16832K) NonClass: 14129K(14336K)->14129K(14336K) Class: 2331K(2496K)->2331K(2496K)
[46.459s][info][gc             ] GC(212) Pause Young (Allocation Failure) 410M->375M(910M) 71.530ms
[46.459s][info][gc,cpu         ] GC(212) User=0.39s Sys=0.00s Real=0.08s
[46.586s][info][gc,start       ] GC(213) Pause Young (Allocation Failure)
[46.681s][info][gc,heap        ] GC(213) PSYoungGen: 232931K(232960K)->116195K(232960K) Eden: 116736K(116736K)->0K(116736K) From: 116195K(116224K)->116195K(116224K)
[46.681s][info][gc,heap        ] GC(213) ParOldGen: 268702K(699392K)->334767K(699392K)
[46.681s][info][gc,metaspace   ] GC(213) Metaspace: 16460K(16832K)->16460K(16832K) NonClass: 14129K(14336K)->14129K(14336K) Class: 2331K(2496K)->2331K(2496K)
[46.681s][info][gc             ] GC(213) Pause Young (Allocation Failure) 489M->440M(910M) 95.734ms
[46.681s][info][gc,cpu         ] GC(213) User=0.48s Sys=0.00s Real=0.09s
[49.226s][info][gc,start       ] GC(214) Pause Young (Allocation Failure)
[49.301s][info][gc,heap        ] GC(214) PSYoungGen: 232931K(232960K)->116195K(232960K) Eden: 116736K(116736K)->0K(116736K) From: 116195K(116224K)->116195K(116224K)
[49.301s][info][gc,heap        ] GC(214) ParOldGen: 334767K(699392K)->352407K(699392K)
[49.301s][info][gc,metaspace   ] GC(214) Metaspace: 16460K(16832K)->16460K(16832K) NonClass: 14129K(14336K)->14129K(14336K) Class: 2331K(2496K)->2331K(2496K)
[49.301s][info][gc             ] GC(214) Pause Young (Allocation Failure) 554M->457M(910M) 74.923ms
[49.301s][info][gc,cpu         ] GC(214) User=0.42s Sys=0.00s Real=0.08s
[49.355s][info][gc,start       ] GC(215) Pause Young (Allocation Failure)
[49.442s][info][gc,heap        ] GC(215) PSYoungGen: 232931K(232960K)->116195K(232960K) Eden: 116736K(116736K)->0K(116736K) From: 116195K(116224K)->116195K(116224K)
[49.442s][info][gc,heap        ] GC(215) ParOldGen: 352407K(699392K)->403287K(699392K)
[49.442s][info][gc,metaspace   ] GC(215) Metaspace: 16460K(16832K)->16460K(16832K) NonClass: 14129K(14336K)->14129K(14336K) Class: 2331K(2496K)->2331K(2496K)
[49.442s][info][gc             ] GC(215) Pause Young (Allocation Failure) 571M->507M(910M) 86.519ms
[49.442s][info][gc,cpu         ] GC(215) User=0.47s Sys=0.00s Real=0.08s
[49.498s][info][gc,start       ] GC(216) Pause Young (Allocation Failure)
[49.585s][info][gc,heap        ] GC(216) PSYoungGen: 232931K(232960K)->109376K(232960K) Eden: 116736K(116736K)->0K(116736K) From: 116195K(116224K)->109376K(116224K)
[49.585s][info][gc,heap        ] GC(216) ParOldGen: 403287K(699392K)->460770K(699392K)
[49.585s][info][gc,metaspace   ] GC(216) Metaspace: 16460K(16832K)->16460K(16832K) NonClass: 14129K(14336K)->14129K(14336K) Class: 2331K(2496K)->2331K(2496K)
[49.585s][info][gc             ] GC(216) Pause Young (Allocation Failure) 621M->556M(910M) 87.610ms
[49.585s][info][gc,cpu         ] GC(216) User=0.47s Sys=0.00s Real=0.08s
[49.643s][info][gc,start       ] GC(217) Pause Young (Allocation Failure)
[49.714s][info][gc,heap        ] GC(217) PSYoungGen: 226112K(232960K)->108224K(232960K) Eden: 116736K(116736K)->0K(116736K) From: 109376K(116224K)->108224K(116224K)
[49.715s][info][gc,heap        ] GC(217) ParOldGen: 460770K(699392K)->510570K(699392K)
[49.715s][info][gc,metaspace   ] GC(217) Metaspace: 16460K(16832K)->16460K(16832K) NonClass: 14129K(14336K)->14129K(14336K) Class: 2331K(2496K)->2331K(2496K)
[49.715s][info][gc             ] GC(217) Pause Young (Allocation Failure) 670M->604M(910M) 71.942ms
[49.715s][info][gc,cpu         ] GC(217) User=0.39s Sys=0.00s Real=0.07s
[49.772s][info][gc,start       ] GC(218) Pause Young (Allocation Failure)
[49.844s][info][gc,heap        ] GC(218) PSYoungGen: 224960K(232960K)->116224K(232960K) Eden: 116736K(116736K)->0K(116736K) From: 108224K(116224K)->116224K(116224K)
[49.844s][info][gc,heap        ] GC(218) ParOldGen: 510570K(699392K)->550738K(699392K)
[49.844s][info][gc,metaspace   ] GC(218) Metaspace: 16460K(16832K)->16460K(16832K) NonClass: 14129K(14336K)->14129K(14336K) Class: 2331K(2496K)->2331K(2496K)
[49.844s][info][gc             ] GC(218) Pause Young (Allocation Failure) 718M->651M(910M) 71.626ms
[49.844s][info][gc,cpu         ] GC(218) User=0.44s Sys=0.00s Real=0.08s
[49.901s][info][gc,start       ] GC(219) Pause Young (Allocation Failure)
[49.977s][info][gc,heap        ] GC(219) PSYoungGen: 232960K(232960K)->78144K(232960K) Eden: 116736K(116736K)->0K(116736K) From: 116224K(116224K)->78144K(116224K)
[49.977s][info][gc,heap        ] GC(219) ParOldGen: 550738K(699392K)->639170K(699392K)
[49.977s][info][gc,metaspace   ] GC(219) Metaspace: 16460K(16832K)->16460K(16832K) NonClass: 14129K(14336K)->14129K(14336K) Class: 2331K(2496K)->2331K(2496K)
[49.977s][info][gc             ] GC(219) Pause Young (Allocation Failure) 765M->700M(910M) 76.083ms
[49.977s][info][gc,cpu         ] GC(219) User=0.47s Sys=0.00s Real=0.07s
[50.035s][info][gc,start       ] GC(220) Pause Full (Ergonomics)
[50.035s][info][gc,phases,start] GC(220) Marking Phase
[50.116s][info][gc,phases      ] GC(220) Marking Phase 80.923ms
[50.116s][info][gc,phases,start] GC(220) Summary Phase
[50.116s][info][gc,phases      ] GC(220) Summary Phase 0.021ms
[50.116s][info][gc,phases,start] GC(220) Adjust Roots
[50.119s][info][gc,phases      ] GC(220) Adjust Roots 2.343ms
[50.119s][info][gc,phases,start] GC(220) Compaction Phase
[50.291s][info][gc,phases      ] GC(220) Compaction Phase 172.291ms
[50.291s][info][gc,phases,start] GC(220) Post Compact
[50.293s][info][gc,phases      ] GC(220) Post Compact 1.613ms
[50.293s][info][gc,heap        ] GC(220) PSYoungGen: 194880K(232960K)->0K(232960K) Eden: 116736K(116736K)->0K(116736K) From: 78144K(116224K)->0K(116224K)
[50.293s][info][gc,heap        ] GC(220) ParOldGen: 639170K(699392K)->317478K(699392K)
[50.293s][info][gc,metaspace   ] GC(220) Metaspace: 16460K(16832K)->16460K(16832K) NonClass: 14129K(14336K)->14129K(14336K) Class: 2331K(2496K)->2331K(2496K)
[50.293s][info][gc             ] GC(220) Pause Full (Ergonomics) 814M->310M(910M) 257.479ms
[50.293s][info][gc,cpu         ] GC(220) User=1.41s Sys=0.00s Real=0.25s
[50.352s][info][gc,start       ] GC(221) Pause Young (Allocation Failure)
[50.375s][info][gc,heap        ] GC(221) PSYoungGen: 116736K(232960K)->50976K(232960K) Eden: 116736K(116736K)->0K(116736K) From: 0K(116224K)->50976K(116224K)
[50.375s][info][gc,heap        ] GC(221) ParOldGen: 317478K(699392K)->317478K(699392K)
[50.375s][info][gc,metaspace   ] GC(221) Metaspace: 16460K(16832K)->16460K(16832K) NonClass: 14129K(14336K)->14129K(14336K) Class: 2331K(2496K)->2331K(2496K)
[50.375s][info][gc             ] GC(221) Pause Young (Allocation Failure) 424M->359M(910M) 23.911ms
[50.375s][info][gc,cpu         ] GC(221) User=0.09s Sys=0.00s Real=0.03s
[50.435s][info][gc,start       ] GC(222) Pause Young (Allocation Failure)
[50.478s][info][gc,heap        ] GC(222) PSYoungGen: 167712K(232960K)->51104K(232960K) Eden: 116736K(116736K)->0K(116736K) From: 50976K(116224K)->51104K(116224K)
[50.478s][info][gc,heap        ] GC(222) ParOldGen: 317478K(699392K)->365470K(699392K)
[50.478s][info][gc,metaspace   ] GC(222) Metaspace: 16460K(16832K)->16460K(16832K) NonClass: 14129K(14336K)->14129K(14336K) Class: 2331K(2496K)->2331K(2496K)
[50.478s][info][gc             ] GC(222) Pause Young (Allocation Failure) 473M->406M(910M) 42.849ms
[50.478s][info][gc,cpu         ] GC(222) User=0.14s Sys=0.00s Real=0.05s
[50.774s][info][gc,start       ] GC(223) Pause Young (Allocation Failure)
[50.859s][info][gc,heap        ] GC(223) PSYoungGen: 167840K(232960K)->76234K(232960K) Eden: 116736K(116736K)->0K(116736K) From: 51104K(116224K)->76234K(116224K)
[50.859s][info][gc,heap        ] GC(223) ParOldGen: 365470K(699392K)->414702K(699392K)
[50.859s][info][gc,metaspace   ] GC(223) Metaspace: 16460K(16832K)->16460K(16832K) NonClass: 14129K(14336K)->14129K(14336K) Class: 2331K(2496K)->2331K(2496K)
[50.859s][info][gc             ] GC(223) Pause Young (Allocation Failure) 520M->479M(910M) 84.702ms
[50.859s][info][gc,cpu         ] GC(223) User=0.47s Sys=0.00s Real=0.09s
[50.996s][info][gc,start       ] GC(224) Pause Young (Allocation Failure)
[51.056s][info][gc,heap        ] GC(224) PSYoungGen: 192970K(232960K)->4160K(232960K) Eden: 116736K(116736K)->0K(116736K) From: 76234K(116224K)->4160K(116224K)
[51.056s][info][gc,heap        ] GC(224) ParOldGen: 414702K(699392K)->474124K(699392K)
[51.056s][info][gc,metaspace   ] GC(224) Metaspace: 16460K(16832K)->16460K(16832K) NonClass: 14129K(14336K)->14129K(14336K) Class: 2331K(2496K)->2331K(2496K)
[51.056s][info][gc             ] GC(224) Pause Young (Allocation Failure) 593M->467M(910M) 59.707ms
[51.056s][info][gc,cpu         ] GC(224) User=0.20s Sys=0.00s Real=0.05s
[51.200s][info][gc,start       ] GC(225) Pause Young (Allocation Failure)
[51.203s][info][gc,heap        ] GC(225) PSYoungGen: 120896K(232960K)->3392K(232960K) Eden: 116736K(116736K)->0K(116736K) From: 4160K(116224K)->3392K(116224K)
[51.203s][info][gc,heap        ] GC(225) ParOldGen: 474124K(699392K)->474548K(699392K)
[51.203s][info][gc,metaspace   ] GC(225) Metaspace: 16460K(16832K)->16460K(16832K) NonClass: 14129K(14336K)->14129K(14336K) Class: 2331K(2496K)->2331K(2496K)
[51.203s][info][gc             ] GC(225) Pause Young (Allocation Failure) 581M->466M(910M) 3.097ms
[51.203s][info][gc,cpu         ] GC(225) User=0.02s Sys=0.00s Real=0.00s
[51.337s][info][gc,start       ] GC(226) Pause Young (Allocation Failure)
[51.339s][info][gc,heap        ] GC(226) PSYoungGen: 120128K(232960K)->2624K(232960K) Eden: 116736K(116736K)->0K(116736K) From: 3392K(116224K)->2624K(116224K)
[51.339s][info][gc,heap        ] GC(226) ParOldGen: 474548K(699392K)->474748K(699392K)
[51.339s][info][gc,metaspace   ] GC(226) Metaspace: 16460K(16832K)->16460K(16832K) NonClass: 14129K(14336K)->14129K(14336K) Class: 2331K(2496K)->2331K(2496K)
[51.339s][info][gc             ] GC(226) Pause Young (Allocation Failure) 580M->466M(910M) 2.560ms
[51.340s][info][gc,cpu         ] GC(226) User=0.00s Sys=0.00s Real=0.00s
[51.467s][info][gc,start       ] GC(227) Pause Young (Allocation Failure)
[51.469s][info][gc,heap        ] GC(227) PSYoungGen: 119360K(232960K)->1440K(232960K) Eden: 116736K(116736K)->0K(116736K) From: 2624K(116224K)->1440K(116224K)
[51.469s][info][gc,heap        ] GC(227) ParOldGen: 474748K(699392K)->474796K(699392K)
[51.469s][info][gc,metaspace   ] GC(227) Metaspace: 16460K(16832K)->16460K(16832K) NonClass: 14129K(14336K)->14129K(14336K) Class: 2331K(2496K)->2331K(2496K)
[51.469s][info][gc             ] GC(227) Pause Young (Allocation Failure) 580M->465M(910M) 1.822ms
[51.469s][info][gc,cpu         ] GC(227) User=0.00s Sys=0.00s Real=0.00s
[52.093s][info][gc,start       ] GC(228) Pause Young (Allocation Failure)
[52.095s][info][gc,heap        ] GC(228) PSYoungGen: 118176K(232960K)->2176K(232960K) Eden: 116736K(116736K)->0K(116736K) From: 1440K(116224K)->2176K(116224K)
[52.095s][info][gc,heap        ] GC(228) ParOldGen: 474796K(699392K)->474796K(699392K)
[52.095s][info][gc,metaspace   ] GC(228) Metaspace: 16460K(16832K)->16460K(16832K) NonClass: 14129K(14336K)->14129K(14336K) Class: 2331K(2496K)->2331K(2496K)
[52.095s][info][gc             ] GC(228) Pause Young (Allocation Failure) 579M->465M(910M) 1.563ms
[52.095s][info][gc,cpu         ] GC(228) User=0.02s Sys=0.00s Real=0.02s
[52.205s][info][gc,start       ] GC(229) Pause Young (System.gc())
[52.206s][info][gc,heap        ] GC(229) PSYoungGen: 18559K(232960K)->96K(232960K) Eden: 16383K(116736K)->0K(116736K) From: 2176K(116224K)->96K(116224K)
[52.206s][info][gc,heap        ] GC(229) ParOldGen: 474796K(699392K)->474828K(699392K)
[52.206s][info][gc,metaspace   ] GC(229) Metaspace: 16460K(16832K)->16460K(16832K) NonClass: 14129K(14336K)->14129K(14336K) Class: 2331K(2496K)->2331K(2496K)
[52.206s][info][gc             ] GC(229) Pause Young (System.gc()) 481M->463M(910M) 0.629ms
[52.206s][info][gc,cpu         ] GC(229) User=0.00s Sys=0.00s Real=0.00s
[52.206s][info][gc,start       ] GC(230) Pause Full (System.gc())
[52.206s][info][gc,phases,start] GC(230) Marking Phase
[52.210s][info][gc,phases      ] GC(230) Marking Phase 4.519ms
[52.210s][info][gc,phases,start] GC(230) Summary Phase
[52.210s][info][gc,phases      ] GC(230) Summary Phase 0.017ms
[52.210s][info][gc,phases,start] GC(230) Adjust Roots
[52.213s][info][gc,phases      ] GC(230) Adjust Roots 2.289ms
[52.213s][info][gc,phases,start] GC(230) Compaction Phase
[52.214s][info][gc,phases      ] GC(230) Compaction Phase 1.784ms
[52.215s][info][gc,phases,start] GC(230) Post Compact
[52.216s][info][gc,phases      ] GC(230) Post Compact 1.749ms
[52.216s][info][gc,heap        ] GC(230) PSYoungGen: 96K(232960K)->0K(232960K) Eden: 0K(116736K)->0K(116736K) From: 96K(116224K)->0K(116224K)
[52.216s][info][gc,heap        ] GC(230) ParOldGen: 474828K(699392K)->5538K(699392K)
[52.216s][info][gc,metaspace   ] GC(230) Metaspace: 16460K(16832K)->16460K(16832K) NonClass: 14129K(14336K)->14129K(14336K) Class: 2331K(2496K)->2331K(2496K)
[52.216s][info][gc             ] GC(230) Pause Full (System.gc()) 463M->5M(910M) 10.603ms
[52.216s][info][gc,cpu         ] GC(230) User=0.00s Sys=0.00s Real=0.00s
[53.399s][info][gc,start       ] GC(231) Pause Young (Allocation Failure)
[53.399s][info][gc,heap        ] GC(231) PSYoungGen: 116736K(232960K)->352K(232960K) Eden: 116736K(116736K)->0K(116736K) From: 0K(116224K)->352K(116224K)
[53.399s][info][gc,heap        ] GC(231) ParOldGen: 5538K(699392K)->5538K(699392K)
[53.399s][info][gc,metaspace   ] GC(231) Metaspace: 16463K(16832K)->16463K(16832K) NonClass: 14132K(14336K)->14132K(14336K) Class: 2331K(2496K)->2331K(2496K)
[53.399s][info][gc             ] GC(231) Pause Young (Allocation Failure) 119M->5M(910M) 0.513ms
[53.399s][info][gc,cpu         ] GC(231) User=0.00s Sys=0.00s Real=0.00s
[53.418s][info][gc,start       ] GC(232) Pause Young (Allocation Failure)
[53.418s][info][gc,heap        ] GC(232) PSYoungGen: 117088K(232960K)->256K(232960K) Eden: 116736K(116736K)->0K(116736K) From: 352K(116224K)->256K(116224K)
[53.418s][info][gc,heap        ] GC(232) ParOldGen: 5538K(699392K)->5638K(699392K)
[53.418s][info][gc,metaspace   ] GC(232) Metaspace: 16463K(16832K)->16463K(16832K) NonClass: 14132K(14336K)->14132K(14336K) Class: 2331K(2496K)->2331K(2496K)
[53.418s][info][gc             ] GC(232) Pause Young (Allocation Failure) 119M->5M(910M) 0.446ms
[53.418s][info][gc,cpu         ] GC(232) User=0.00s Sys=0.00s Real=0.00s
[53.436s][info][gc,start       ] GC(233) Pause Young (Allocation Failure)
[53.436s][info][gc,heap        ] GC(233) PSYoungGen: 116992K(232960K)->192K(232960K) Eden: 116736K(116736K)->0K(116736K) From: 256K(116224K)->192K(116224K)
[53.436s][info][gc,heap        ] GC(233) ParOldGen: 5638K(699392K)->5686K(699392K)
[53.436s][info][gc,metaspace   ] GC(233) Metaspace: 16463K(16832K)->16463K(16832K) NonClass: 14132K(14336K)->14132K(14336K) Class: 2331K(2496K)->2331K(2496K)
[53.436s][info][gc             ] GC(233) Pause Young (Allocation Failure) 119M->5M(910M) 0.426ms
[53.436s][info][gc,cpu         ] GC(233) User=0.00s Sys=0.00s Real=0.00s
[53.454s][info][gc,start       ] GC(234) Pause Young (Allocation Failure)
[53.455s][info][gc,heap        ] GC(234) PSYoungGen: 116928K(232960K)->320K(232960K) Eden: 116736K(116736K)->0K(116736K) From: 192K(116224K)->320K(116224K)
[53.455s][info][gc,heap        ] GC(234) ParOldGen: 5686K(699392K)->5718K(699392K)
[53.455s][info][gc,metaspace   ] GC(234) Metaspace: 16463K(16832K)->16463K(16832K) NonClass: 14132K(14336K)->14132K(14336K) Class: 2331K(2496K)->2331K(2496K)
[53.455s][info][gc             ] GC(234) Pause Young (Allocation Failure) 119M->5M(910M) 0.491ms
[53.455s][info][gc,cpu         ] GC(234) User=0.00s Sys=0.00s Real=0.00s
[53.472s][info][gc,start       ] GC(235) Pause Young (Allocation Failure)
[53.473s][info][gc,heap        ] GC(235) PSYoungGen: 117056K(232960K)->192K(232960K) Eden: 116736K(116736K)->0K(116736K) From: 320K(116224K)->192K(116224K)
[53.473s][info][gc,heap        ] GC(235) ParOldGen: 5718K(699392K)->5774K(699392K)
[53.473s][info][gc,metaspace   ] GC(235) Metaspace: 16463K(16832K)->16463K(16832K) NonClass: 14132K(14336K)->14132K(14336K) Class: 2331K(2496K)->2331K(2496K)
[53.473s][info][gc             ] GC(235) Pause Young (Allocation Failure) 119M->5M(910M) 0.448ms
[53.473s][info][gc,cpu         ] GC(235) User=0.00s Sys=0.00s Real=0.00s
[53.490s][info][gc,start       ] GC(236) Pause Young (Allocation Failure)
[53.490s][info][gc,heap        ] GC(236) PSYoungGen: 116928K(232960K)->288K(232960K) Eden: 116736K(116736K)->0K(116736K) From: 192K(116224K)->288K(116224K)
[53.490s][info][gc,heap        ] GC(236) ParOldGen: 5774K(699392K)->5798K(699392K)
[53.490s][info][gc,metaspace   ] GC(236) Metaspace: 16463K(16832K)->16463K(16832K) NonClass: 14132K(14336K)->14132K(14336K) Class: 2331K(2496K)->2331K(2496K)
[53.490s][info][gc             ] GC(236) Pause Young (Allocation Failure) 119M->5M(910M) 0.460ms
[53.490s][info][gc,cpu         ] GC(236) User=0.00s Sys=0.00s Real=0.00s
[53.508s][info][gc,start       ] GC(237) Pause Young (Allocation Failure)
[53.509s][info][gc,heap        ] GC(237) PSYoungGen: 117024K(232960K)->224K(232960K) Eden: 116736K(116736K)->0K(116736K) From: 288K(116224K)->224K(116224K)
[53.509s][info][gc,heap        ] GC(237) ParOldGen: 5798K(699392K)->5846K(699392K)
[53.509s][info][gc,metaspace   ] GC(237) Metaspace: 16463K(16832K)->16463K(16832K) NonClass: 14132K(14336K)->14132K(14336K) Class: 2331K(2496K)->2331K(2496K)
[53.509s][info][gc             ] GC(237) Pause Young (Allocation Failure) 119M->5M(910M) 0.499ms
[53.509s][info][gc,cpu         ] GC(237) User=0.00s Sys=0.00s Real=0.00s
[53.527s][info][gc,start       ] GC(238) Pause Young (Allocation Failure)
[53.527s][info][gc,heap        ] GC(238) PSYoungGen: 116960K(232960K)->224K(232960K) Eden: 116736K(116736K)->0K(116736K) From: 224K(116224K)->224K(116224K)
[53.527s][info][gc,heap        ] GC(238) ParOldGen: 5846K(699392K)->5894K(699392K)
[53.527s][info][gc,metaspace   ] GC(238) Metaspace: 16463K(16832K)->16463K(16832K) NonClass: 14132K(14336K)->14132K(14336K) Class: 2331K(2496K)->2331K(2496K)
[53.527s][info][gc             ] GC(238) Pause Young (Allocation Failure) 119M->5M(910M) 0.436ms
[53.527s][info][gc,cpu         ] GC(238) User=0.00s Sys=0.00s Real=0.00s
[53.545s][info][gc,start       ] GC(239) Pause Young (Allocation Failure)
[53.545s][info][gc,heap        ] GC(239) PSYoungGen: 116960K(232960K)->352K(232960K) Eden: 116736K(116736K)->0K(116736K) From: 224K(116224K)->352K(116224K)
[53.545s][info][gc,heap        ] GC(239) ParOldGen: 5894K(699392K)->5934K(699392K)
[53.545s][info][gc,metaspace   ] GC(239) Metaspace: 16463K(16832K)->16463K(16832K) NonClass: 14132K(14336K)->14132K(14336K) Class: 2331K(2496K)->2331K(2496K)
[53.545s][info][gc             ] GC(239) Pause Young (Allocation Failure) 119M->6M(910M) 0.434ms
[53.545s][info][gc,cpu         ] GC(239) User=0.00s Sys=0.00s Real=0.00s
[53.564s][info][gc,start       ] GC(240) Pause Young (Allocation Failure)
[53.564s][info][gc,heap        ] GC(240) PSYoungGen: 117088K(232960K)->320K(235520K) Eden: 116736K(116736K)->0K(119296K) From: 352K(116224K)->320K(116224K)
[53.564s][info][gc,heap        ] GC(240) ParOldGen: 5934K(699392K)->6006K(699392K)
[53.564s][info][gc,metaspace   ] GC(240) Metaspace: 16463K(16832K)->16463K(16832K) NonClass: 14132K(14336K)->14132K(14336K) Class: 2331K(2496K)->2331K(2496K)
[53.564s][info][gc             ] GC(240) Pause Young (Allocation Failure) 120M->6M(913M) 0.522ms
[53.564s][info][gc,cpu         ] GC(240) User=0.00s Sys=0.00s Real=0.00s
[53.582s][info][gc,start       ] GC(241) Pause Young (Allocation Failure)
[53.583s][info][gc,heap        ] GC(241) PSYoungGen: 119616K(235520K)->288K(232960K) Eden: 119296K(119296K)->0K(119296K) From: 320K(116224K)->288K(113664K)
[53.583s][info][gc,heap        ] GC(241) ParOldGen: 6006K(699392K)->6006K(699392K)
[53.583s][info][gc,metaspace   ] GC(241) Metaspace: 16463K(16832K)->16463K(16832K) NonClass: 14132K(14336K)->14132K(14336K) Class: 2331K(2496K)->2331K(2496K)
[53.583s][info][gc             ] GC(241) Pause Young (Allocation Failure) 122M->6M(910M) 0.464ms
[53.583s][info][gc,cpu         ] GC(241) User=0.00s Sys=0.00s Real=0.00s
[53.601s][info][gc,start       ] GC(242) Pause Young (Allocation Failure)
[53.601s][info][gc,heap        ] GC(242) PSYoungGen: 119584K(232960K)->288K(249856K) Eden: 119296K(119296K)->0K(143360K) From: 288K(113664K)->288K(106496K)
[53.601s][info][gc,heap        ] GC(242) ParOldGen: 6006K(699392K)->6006K(699392K)
[53.601s][info][gc,metaspace   ] GC(242) Metaspace: 16463K(16832K)->16463K(16832K) NonClass: 14132K(14336K)->14132K(14336K) Class: 2331K(2496K)->2331K(2496K)
[53.601s][info][gc             ] GC(242) Pause Young (Allocation Failure) 122M->6M(927M) 0.458ms
[53.601s][info][gc,cpu         ] GC(242) User=0.00s Sys=0.00s Real=0.00s
[53.623s][info][gc,start       ] GC(243) Pause Young (Allocation Failure)
[53.623s][info][gc,heap        ] GC(243) PSYoungGen: 143648K(249856K)->320K(242688K) Eden: 143360K(143360K)->0K(143360K) From: 288K(106496K)->320K(99328K)
[53.623s][info][gc,heap        ] GC(243) ParOldGen: 6006K(699392K)->6006K(699392K)
[53.623s][info][gc,metaspace   ] GC(243) Metaspace: 16463K(16832K)->16463K(16832K) NonClass: 14132K(14336K)->14132K(14336K) Class: 2331K(2496K)->2331K(2496K)
[53.623s][info][gc             ] GC(243) Pause Young (Allocation Failure) 146M->6M(920M) 0.446ms
[53.623s][info][gc,cpu         ] GC(243) User=0.00s Sys=0.00s Real=0.00s
[53.646s][info][gc,start       ] GC(244) Pause Young (Allocation Failure)
[53.646s][info][gc,heap        ] GC(244) PSYoungGen: 143680K(242688K)->352K(262144K) Eden: 143360K(143360K)->0K(168960K) From: 320K(99328K)->352K(93184K)
[53.646s][info][gc,heap        ] GC(244) ParOldGen: 6006K(699392K)->6006K(699392K)
[53.646s][info][gc,metaspace   ] GC(244) Metaspace: 16463K(16832K)->16463K(16832K) NonClass: 14132K(14336K)->14132K(14336K) Class: 2331K(2496K)->2331K(2496K)
[53.646s][info][gc             ] GC(244) Pause Young (Allocation Failure) 146M->6M(939M) 0.486ms
[53.646s][info][gc,cpu         ] GC(244) User=0.00s Sys=0.00s Real=0.00s
[53.672s][info][gc,start       ] GC(245) Pause Young (Allocation Failure)
[53.673s][info][gc,heap        ] GC(245) PSYoungGen: 169312K(262144K)->352K(256000K) Eden: 168960K(168960K)->0K(168960K) From: 352K(93184K)->352K(87040K)
[53.673s][info][gc,heap        ] GC(245) ParOldGen: 6006K(699392K)->6006K(699392K)
[53.673s][info][gc,metaspace   ] GC(245) Metaspace: 16463K(16832K)->16463K(16832K) NonClass: 14132K(14336K)->14132K(14336K) Class: 2331K(2496K)->2331K(2496K)
[53.673s][info][gc             ] GC(245) Pause Young (Allocation Failure) 171M->6M(933M) 0.468ms
[53.673s][info][gc,cpu         ] GC(245) User=0.00s Sys=0.00s Real=0.00s
[53.699s][info][gc,start       ] GC(246) Pause Young (Allocation Failure)
[53.699s][info][gc,heap        ] GC(246) PSYoungGen: 169312K(256000K)->384K(273920K) Eden: 168960K(168960K)->0K(193024K) From: 352K(87040K)->384K(80896K)
[53.699s][info][gc,heap        ] GC(246) ParOldGen: 6006K(699392K)->6006K(699392K)
[53.699s][info][gc,metaspace   ] GC(246) Metaspace: 16463K(16832K)->16463K(16832K) NonClass: 14132K(14336K)->14132K(14336K) Class: 2331K(2496K)->2331K(2496K)
[53.699s][info][gc             ] GC(246) Pause Young (Allocation Failure) 171M->6M(950M) 0.460ms
[53.699s][info][gc,cpu         ] GC(246) User=0.00s Sys=0.00s Real=0.00s
[53.729s][info][gc,start       ] GC(247) Pause Young (Allocation Failure)
[53.729s][info][gc,heap        ] GC(247) PSYoungGen: 193408K(273920K)->352K(268288K) Eden: 193024K(193024K)->0K(193024K) From: 384K(80896K)->352K(75264K)
[53.729s][info][gc,heap        ] GC(247) ParOldGen: 6006K(699392K)->6006K(699392K)
[53.729s][info][gc,metaspace   ] GC(247) Metaspace: 16463K(16832K)->16463K(16832K) NonClass: 14132K(14336K)->14132K(14336K) Class: 2331K(2496K)->2331K(2496K)
[53.729s][info][gc             ] GC(247) Pause Young (Allocation Failure) 194M->6M(945M) 0.485ms
[53.730s][info][gc,cpu         ] GC(247) User=0.00s Sys=0.00s Real=0.00s
[53.758s][info][gc,start       ] GC(248) Pause Young (Allocation Failure)
[53.759s][info][gc,heap        ] GC(248) PSYoungGen: 193376K(268288K)->384K(284160K) Eden: 193024K(193024K)->0K(214016K) From: 352K(75264K)->384K(70144K)
[53.759s][info][gc,heap        ] GC(248) ParOldGen: 6006K(699392K)->6006K(699392K)
[53.759s][info][gc,metaspace   ] GC(248) Metaspace: 16463K(16832K)->16463K(16832K) NonClass: 14132K(14336K)->14132K(14336K) Class: 2331K(2496K)->2331K(2496K)
[53.759s][info][gc             ] GC(248) Pause Young (Allocation Failure) 194M->6M(960M) 0.494ms
[53.759s][info][gc,cpu         ] GC(248) User=0.00s Sys=0.00s Real=0.00s
[53.792s][info][gc,start       ] GC(249) Pause Young (Allocation Failure)
[53.793s][info][gc,heap        ] GC(249) PSYoungGen: 214400K(284160K)->352K(279040K) Eden: 214016K(214016K)->0K(214016K) From: 384K(70144K)->352K(65024K)
[53.793s][info][gc,heap        ] GC(249) ParOldGen: 6006K(699392K)->6006K(699392K)
[53.793s][info][gc,metaspace   ] GC(249) Metaspace: 16463K(16832K)->16463K(16832K) NonClass: 14132K(14336K)->14132K(14336K) Class: 2331K(2496K)->2331K(2496K)
[53.793s][info][gc             ] GC(249) Pause Young (Allocation Failure) 215M->6M(955M) 0.568ms
[53.793s][info][gc,cpu         ] GC(249) User=0.00s Sys=0.00s Real=0.00s
[53.827s][info][gc,start       ] GC(250) Pause Young (Allocation Failure)
[53.828s][info][gc,heap        ] GC(250) PSYoungGen: 214368K(279040K)->320K(292864K) Eden: 214016K(214016K)->0K(232448K) From: 352K(65024K)->320K(60416K)
[53.828s][info][gc,heap        ] GC(250) ParOldGen: 6006K(699392K)->6006K(699392K)
[53.828s][info][gc,metaspace   ] GC(250) Metaspace: 16463K(16832K)->16463K(16832K) NonClass: 14132K(14336K)->14132K(14336K) Class: 2331K(2496K)->2331K(2496K)
[53.828s][info][gc             ] GC(250) Pause Young (Allocation Failure) 215M->6M(969M) 0.513ms
[53.828s][info][gc,cpu         ] GC(250) User=0.00s Sys=0.00s Real=0.00s
[53.930s][info][gc,start       ] GC(251) Pause Young (Allocation Failure)
[53.996s][info][gc,heap        ] GC(251) PSYoungGen: 232768K(292864K)->56291K(288768K) Eden: 232448K(232448K)->0K(232448K) From: 320K(60416K)->56291K(56320K)
[53.996s][info][gc,heap        ] GC(251) ParOldGen: 6006K(699392K)->78958K(699392K)
[53.996s][info][gc,metaspace   ] GC(251) Metaspace: 16463K(16832K)->16463K(16832K) NonClass: 14132K(14336K)->14132K(14336K) Class: 2331K(2496K)->2331K(2496K)
[53.996s][info][gc             ] GC(251) Pause Young (Allocation Failure) 233M->132M(965M) 65.227ms
[53.996s][info][gc,cpu         ] GC(251) User=0.34s Sys=0.00s Real=0.06s
[54.158s][info][gc,start       ] GC(252) Pause Young (Allocation Failure)
[54.276s][info][gc,heap        ] GC(252) PSYoungGen: 288739K(288768K)->60387K(177152K) Eden: 232448K(232448K)->0K(116736K) From: 56291K(56320K)->60387K(60416K)
[54.276s][info][gc,heap        ] GC(252) ParOldGen: 78958K(699392K)->233502K(699392K)
[54.276s][info][gc,metaspace   ] GC(252) Metaspace: 16463K(16832K)->16463K(16832K) NonClass: 14132K(14336K)->14132K(14336K) Class: 2331K(2496K)->2331K(2496K)
[54.276s][info][gc             ] GC(252) Pause Young (Allocation Failure) 359M->287M(856M) 117.536ms
[54.276s][info][gc,cpu         ] GC(252) User=0.67s Sys=0.00s Real=0.13s
[54.360s][info][gc,start       ] GC(253) Pause Young (Allocation Failure)
[54.429s][info][gc,heap        ] GC(253) PSYoungGen: 177123K(177152K)->116195K(232960K) Eden: 116736K(116736K)->0K(116736K) From: 60387K(60416K)->116195K(116224K)
[54.429s][info][gc,heap        ] GC(253) ParOldGen: 233502K(699392K)->258606K(699392K)
[54.429s][info][gc,metaspace   ] GC(253) Metaspace: 16463K(16832K)->16463K(16832K) NonClass: 14132K(14336K)->14132K(14336K) Class: 2331K(2496K)->2331K(2496K)
[54.429s][info][gc             ] GC(253) Pause Young (Allocation Failure) 401M->366M(910M) 68.697ms
[54.429s][info][gc,cpu         ] GC(253) User=0.33s Sys=0.00s Real=0.06s
[54.545s][info][gc,start       ] GC(254) Pause Young (Allocation Failure)
[54.638s][info][gc,heap        ] GC(254) PSYoungGen: 232931K(232960K)->116195K(232960K) Eden: 116736K(116736K)->0K(116736K) From: 116195K(116224K)->116195K(116224K)
[54.638s][info][gc,heap        ] GC(254) ParOldGen: 258606K(699392K)->333886K(699392K)
[54.638s][info][gc,metaspace   ] GC(254) Metaspace: 16463K(16832K)->16463K(16832K) NonClass: 14132K(14336K)->14132K(14336K) Class: 2331K(2496K)->2331K(2496K)
[54.638s][info][gc             ] GC(254) Pause Young (Allocation Failure) 480M->439M(910M) 92.684ms
[54.638s][info][gc,cpu         ] GC(254) User=0.48s Sys=0.00s Real=0.09s
[57.532s][info][gc,start       ] GC(255) Pause Young (Allocation Failure)
[57.609s][info][gc,heap        ] GC(255) PSYoungGen: 232931K(232960K)->116195K(232960K) Eden: 116736K(116736K)->0K(116736K) From: 116195K(116224K)->116195K(116224K)
[57.609s][info][gc,heap        ] GC(255) ParOldGen: 333886K(699392K)->345518K(699392K)
[57.609s][info][gc,metaspace   ] GC(255) Metaspace: 16467K(16832K)->16467K(16832K) NonClass: 14135K(14336K)->14135K(14336K) Class: 2331K(2496K)->2331K(2496K)
[57.609s][info][gc             ] GC(255) Pause Young (Allocation Failure) 553M->450M(910M) 77.212ms
[57.609s][info][gc,cpu         ] GC(255) User=0.41s Sys=0.00s Real=0.08s
[57.662s][info][gc,start       ] GC(256) Pause Young (Allocation Failure)
[57.748s][info][gc,heap        ] GC(256) PSYoungGen: 232931K(232960K)->116195K(232960K) Eden: 116736K(116736K)->0K(116736K) From: 116195K(116224K)->116195K(116224K)
[57.748s][info][gc,heap        ] GC(256) ParOldGen: 345518K(699392K)->396574K(699392K)
[57.748s][info][gc,metaspace   ] GC(256) Metaspace: 16467K(16832K)->16467K(16832K) NonClass: 14135K(14336K)->14135K(14336K) Class: 2331K(2496K)->2331K(2496K)
[57.748s][info][gc             ] GC(256) Pause Young (Allocation Failure) 564M->500M(910M) 85.889ms
[57.748s][info][gc,cpu         ] GC(256) User=0.53s Sys=0.00s Real=0.10s
[57.803s][info][gc,start       ] GC(257) Pause Young (Allocation Failure)
[57.890s][info][gc,heap        ] GC(257) PSYoungGen: 232931K(232960K)->116224K(232960K) Eden: 116736K(116736K)->0K(116736K) From: 116195K(116224K)->116224K(116224K)
[57.890s][info][gc,heap        ] GC(257) ParOldGen: 396574K(699392K)->447066K(699392K)
[57.890s][info][gc,metaspace   ] GC(257) Metaspace: 16467K(16832K)->16467K(16832K) NonClass: 14135K(14336K)->14135K(14336K) Class: 2331K(2496K)->2331K(2496K)
[57.890s][info][gc             ] GC(257) Pause Young (Allocation Failure) 614M->550M(910M) 86.976ms
[57.890s][info][gc,cpu         ] GC(257) User=0.55s Sys=0.00s Real=0.10s
[57.947s][info][gc,start       ] GC(258) Pause Young (Allocation Failure)
[58.026s][info][gc,heap        ] GC(258) PSYoungGen: 232960K(232960K)->104160K(232960K) Eden: 116736K(116736K)->0K(116736K) From: 116224K(116224K)->104160K(116224K)
[58.026s][info][gc,heap        ] GC(258) ParOldGen: 447066K(699392K)->509802K(699392K)
[58.026s][info][gc,metaspace   ] GC(258) Metaspace: 16467K(16832K)->16467K(16832K) NonClass: 14135K(14336K)->14135K(14336K) Class: 2331K(2496K)->2331K(2496K)
[58.026s][info][gc             ] GC(258) Pause Young (Allocation Failure) 664M->599M(910M) 79.147ms
[58.026s][info][gc,cpu         ] GC(258) User=0.39s Sys=0.00s Real=0.08s
[58.083s][info][gc,start       ] GC(259) Pause Young (Allocation Failure)
[58.153s][info][gc,heap        ] GC(259) PSYoungGen: 220896K(232960K)->116224K(232960K) Eden: 116736K(116736K)->0K(116736K) From: 104160K(116224K)->116224K(116224K)
[58.153s][info][gc,heap        ] GC(259) ParOldGen: 509802K(699392K)->546050K(699392K)
[58.153s][info][gc,metaspace   ] GC(259) Metaspace: 16467K(16832K)->16467K(16832K) NonClass: 14135K(14336K)->14135K(14336K) Class: 2331K(2496K)->2331K(2496K)
[58.153s][info][gc             ] GC(259) Pause Young (Allocation Failure) 713M->646M(910M) 70.256ms
[58.153s][info][gc,cpu         ] GC(259) User=0.45s Sys=0.00s Real=0.08s
[58.211s][info][gc,start       ] GC(260) Pause Young (Allocation Failure)
[58.277s][info][gc,heap        ] GC(260) PSYoungGen: 232960K(232960K)->116224K(232960K) Eden: 116736K(116736K)->0K(116736K) From: 116224K(116224K)->116224K(116224K)
[58.277s][info][gc,heap        ] GC(260) ParOldGen: 546050K(699392K)->594778K(699392K)
[58.277s][info][gc,metaspace   ] GC(260) Metaspace: 16467K(16832K)->16467K(16832K) NonClass: 14135K(14336K)->14135K(14336K) Class: 2331K(2496K)->2331K(2496K)
[58.277s][info][gc             ] GC(260) Pause Young (Allocation Failure) 760M->694M(910M) 66.099ms
[58.277s][info][gc,cpu         ] GC(260) User=0.39s Sys=0.00s Real=0.08s
[58.336s][info][gc,start       ] GC(261) Pause Full (Ergonomics)
[58.336s][info][gc,phases,start] GC(261) Marking Phase
[58.409s][info][gc,phases      ] GC(261) Marking Phase 72.965ms
[58.409s][info][gc,phases,start] GC(261) Summary Phase
[58.409s][info][gc,phases      ] GC(261) Summary Phase 0.021ms
[58.409s][info][gc,phases,start] GC(261) Adjust Roots
[58.411s][info][gc,phases      ] GC(261) Adjust Roots 1.563ms
[58.411s][info][gc,phases,start] GC(261) Compaction Phase
[58.575s][info][gc,phases      ] GC(261) Compaction Phase 164.436ms
[58.575s][info][gc,phases,start] GC(261) Post Compact
[58.577s][info][gc,phases      ] GC(261) Post Compact 1.696ms
[58.577s][info][gc,heap        ] GC(261) PSYoungGen: 232960K(232960K)->0K(232960K) Eden: 116736K(116736K)->0K(116736K) From: 116224K(116224K)->0K(116224K)
[58.577s][info][gc,heap        ] GC(261) ParOldGen: 594778K(699392K)->312265K(699392K)
[58.577s][info][gc,metaspace   ] GC(261) Metaspace: 16467K(16832K)->16467K(16832K) NonClass: 14135K(14336K)->14135K(14336K) Class: 2331K(2496K)->2331K(2496K)
[58.577s][info][gc             ] GC(261) Pause Full (Ergonomics) 808M->304M(910M) 240.985ms
[58.577s][info][gc,cpu         ] GC(261) User=1.34s Sys=0.00s Real=0.25s
[58.636s][info][gc,start       ] GC(262) Pause Young (Allocation Failure)
[58.660s][info][gc,heap        ] GC(262) PSYoungGen: 116736K(232960K)->50976K(232960K) Eden: 116736K(116736K)->0K(116736K) From: 0K(116224K)->50976K(116224K)
[58.660s][info][gc,heap        ] GC(262) ParOldGen: 312265K(699392K)->312265K(699392K)
[58.660s][info][gc,metaspace   ] GC(262) Metaspace: 16467K(16832K)->16467K(16832K) NonClass: 14135K(14336K)->14135K(14336K) Class: 2331K(2496K)->2331K(2496K)
[58.660s][info][gc             ] GC(262) Pause Young (Allocation Failure) 418M->354M(910M) 23.723ms
[58.660s][info][gc,cpu         ] GC(262) User=0.05s Sys=0.00s Real=0.01s
[58.720s][info][gc,start       ] GC(263) Pause Young (Allocation Failure)
[58.764s][info][gc,heap        ] GC(263) PSYoungGen: 167712K(232960K)->51072K(232960K) Eden: 116736K(116736K)->0K(116736K) From: 50976K(116224K)->51072K(116224K)
[58.764s][info][gc,heap        ] GC(263) ParOldGen: 312265K(699392K)->360273K(699392K)
[58.764s][info][gc,metaspace   ] GC(263) Metaspace: 16467K(16832K)->16467K(16832K) NonClass: 14135K(14336K)->14135K(14336K) Class: 2331K(2496K)->2331K(2496K)
[58.764s][info][gc             ] GC(263) Pause Young (Allocation Failure) 468M->401M(910M) 44.070ms
[58.764s][info][gc,cpu         ] GC(263) User=0.17s Sys=0.00s Real=0.04s
[58.953s][info][gc,start       ] GC(264) Pause Young (Allocation Failure)
[59.037s][info][gc,heap        ] GC(264) PSYoungGen: 167808K(232960K)->84091K(232960K) Eden: 116736K(116736K)->0K(116736K) From: 51072K(116224K)->84091K(116224K)
[59.037s][info][gc,heap        ] GC(264) ParOldGen: 360273K(699392K)->409225K(699392K)
[59.037s][info][gc,metaspace   ] GC(264) Metaspace: 16467K(16832K)->16467K(16832K) NonClass: 14135K(14336K)->14135K(14336K) Class: 2331K(2496K)->2331K(2496K)
[59.037s][info][gc             ] GC(264) Pause Young (Allocation Failure) 515M->481M(910M) 83.969ms
[59.037s][info][gc,cpu         ] GC(264) User=0.47s Sys=0.00s Real=0.08s
[59.300s][info][gc,start       ] GC(265) Pause Young (Allocation Failure)
[59.368s][info][gc,heap        ] GC(265) PSYoungGen: 200827K(232960K)->4160K(232960K) Eden: 116736K(116736K)->0K(116736K) From: 84091K(116224K)->4160K(116224K)
[59.368s][info][gc,heap        ] GC(265) ParOldGen: 409225K(699392K)->471278K(699392K)
[59.368s][info][gc,metaspace   ] GC(265) Metaspace: 16467K(16832K)->16467K(16832K) NonClass: 14135K(14336K)->14135K(14336K) Class: 2331K(2496K)->2331K(2496K)
[59.368s][info][gc             ] GC(265) Pause Young (Allocation Failure) 595M->464M(910M) 67.780ms
[59.368s][info][gc,cpu         ] GC(265) User=0.30s Sys=0.00s Real=0.08s
[59.509s][info][gc,start       ] GC(266) Pause Young (Allocation Failure)
[59.511s][info][gc,heap        ] GC(266) PSYoungGen: 120896K(232960K)->3456K(232960K) Eden: 116736K(116736K)->0K(116736K) From: 4160K(116224K)->3456K(116224K)
[59.511s][info][gc,heap        ] GC(266) ParOldGen: 471278K(699392K)->471758K(699392K)
[59.511s][info][gc,metaspace   ] GC(266) Metaspace: 16467K(16832K)->16467K(16832K) NonClass: 14135K(14336K)->14135K(14336K) Class: 2331K(2496K)->2331K(2496K)
[59.511s][info][gc             ] GC(266) Pause Young (Allocation Failure) 578M->464M(910M) 2.837ms
[59.511s][info][gc,cpu         ] GC(266) User=0.00s Sys=0.00s Real=0.00s
[59.647s][info][gc,start       ] GC(267) Pause Young (Allocation Failure)
[59.649s][info][gc,heap        ] GC(267) PSYoungGen: 120192K(232960K)->2752K(232960K) Eden: 116736K(116736K)->0K(116736K) From: 3456K(116224K)->2752K(116224K)
[59.649s][info][gc,heap        ] GC(267) ParOldGen: 471758K(699392K)->471990K(699392K)
[59.649s][info][gc,metaspace   ] GC(267) Metaspace: 16467K(16832K)->16467K(16832K) NonClass: 14135K(14336K)->14135K(14336K) Class: 2331K(2496K)->2331K(2496K)
[59.649s][info][gc             ] GC(267) Pause Young (Allocation Failure) 578M->463M(910M) 2.560ms
[59.649s][info][gc,cpu         ] GC(267) User=0.00s Sys=0.00s Real=0.02s
[59.776s][info][gc,start       ] GC(268) Pause Young (Allocation Failure)
[59.778s][info][gc,heap        ] GC(268) PSYoungGen: 119488K(232960K)->1760K(232960K) Eden: 116736K(116736K)->0K(116736K) From: 2752K(116224K)->1760K(116224K)
[59.778s][info][gc,heap        ] GC(268) ParOldGen: 471990K(699392K)->472030K(699392K)
[59.778s][info][gc,metaspace   ] GC(268) Metaspace: 16467K(16832K)->16467K(16832K) NonClass: 14135K(14336K)->14135K(14336K) Class: 2331K(2496K)->2331K(2496K)
[59.778s][info][gc             ] GC(268) Pause Young (Allocation Failure) 577M->462M(910M) 2.132ms
[59.778s][info][gc,cpu         ] GC(268) User=0.00s Sys=0.00s Real=0.00s
[60.334s][info][gc,start       ] GC(269) Pause Young (Allocation Failure)
[60.336s][info][gc,heap        ] GC(269) PSYoungGen: 118496K(232960K)->2176K(232960K) Eden: 116736K(116736K)->0K(116736K) From: 1760K(116224K)->2176K(116224K)
[60.336s][info][gc,heap        ] GC(269) ParOldGen: 472030K(699392K)->472030K(699392K)
[60.336s][info][gc,metaspace   ] GC(269) Metaspace: 16467K(16832K)->16467K(16832K) NonClass: 14135K(14336K)->14135K(14336K) Class: 2331K(2496K)->2331K(2496K)
[60.336s][info][gc             ] GC(269) Pause Young (Allocation Failure) 576M->463M(910M) 1.564ms
[60.336s][info][gc,cpu         ] GC(269) User=0.00s Sys=0.00s Real=0.00s
[60.534s][info][gc,start       ] GC(270) Pause Young (System.gc())
[60.535s][info][gc,heap        ] GC(270) PSYoungGen: 30875K(232960K)->64K(232960K) Eden: 28699K(116736K)->0K(116736K) From: 2176K(116224K)->64K(116224K)
[60.535s][info][gc,heap        ] GC(270) ParOldGen: 472030K(699392K)->472046K(699392K)
[60.535s][info][gc,metaspace   ] GC(270) Metaspace: 16469K(16832K)->16469K(16832K) NonClass: 14137K(14336K)->14137K(14336K) Class: 2331K(2496K)->2331K(2496K)
[60.535s][info][gc             ] GC(270) Pause Young (System.gc()) 491M->461M(910M) 0.844ms
[60.535s][info][gc,cpu         ] GC(270) User=0.00s Sys=0.00s Real=0.00s
[60.535s][info][gc,start       ] GC(271) Pause Full (System.gc())
[60.535s][info][gc,phases,start] GC(271) Marking Phase
[60.540s][info][gc,phases      ] GC(271) Marking Phase 4.774ms
[60.540s][info][gc,phases,start] GC(271) Summary Phase
[60.540s][info][gc,phases      ] GC(271) Summary Phase 0.011ms
[60.540s][info][gc,phases,start] GC(271) Adjust Roots
[60.542s][info][gc,phases      ] GC(271) Adjust Roots 1.978ms
[60.542s][info][gc,phases,start] GC(271) Compaction Phase
[60.544s][info][gc,phases      ] GC(271) Compaction Phase 2.187ms
[60.544s][info][gc,phases,start] GC(271) Post Compact
[60.546s][info][gc,phases      ] GC(271) Post Compact 1.822ms
[60.546s][info][gc,heap        ] GC(271) PSYoungGen: 64K(232960K)->0K(232960K) Eden: 0K(116736K)->0K(116736K) From: 64K(116224K)->0K(116224K)
[60.546s][info][gc,heap        ] GC(271) ParOldGen: 472046K(699392K)->5541K(699392K)
[60.546s][info][gc,metaspace   ] GC(271) Metaspace: 16469K(16832K)->16469K(16832K) NonClass: 14137K(14336K)->14137K(14336K) Class: 2331K(2496K)->2331K(2496K)
[60.546s][info][gc             ] GC(271) Pause Full (System.gc()) 461M->5M(910M) 11.018ms
[60.546s][info][gc,cpu         ] GC(271) User=0.00s Sys=0.00s Real=0.02s
[61.932s][info][gc,start       ] GC(272) Pause Young (Allocation Failure)
[61.933s][info][gc,heap        ] GC(272) PSYoungGen: 116736K(232960K)->320K(232960K) Eden: 116736K(116736K)->0K(116736K) From: 0K(116224K)->320K(116224K)
[61.933s][info][gc,heap        ] GC(272) ParOldGen: 5541K(699392K)->5541K(699392K)
[61.933s][info][gc,metaspace   ] GC(272) Metaspace: 16469K(16832K)->16469K(16832K) NonClass: 14138K(14336K)->14138K(14336K) Class: 2331K(2496K)->2331K(2496K)
[61.933s][info][gc             ] GC(272) Pause Young (Allocation Failure) 119M->5M(910M) 0.545ms
[61.933s][info][gc,cpu         ] GC(272) User=0.00s Sys=0.00s Real=0.00s
[61.951s][info][gc,start       ] GC(273) Pause Young (Allocation Failure)
[61.952s][info][gc,heap        ] GC(273) PSYoungGen: 117056K(232960K)->224K(232960K) Eden: 116736K(116736K)->0K(116736K) From: 320K(116224K)->224K(116224K)
[61.952s][info][gc,heap        ] GC(273) ParOldGen: 5541K(699392K)->5637K(699392K)
[61.952s][info][gc,metaspace   ] GC(273) Metaspace: 16469K(16832K)->16469K(16832K) NonClass: 14138K(14336K)->14138K(14336K) Class: 2331K(2496K)->2331K(2496K)
[61.952s][info][gc             ] GC(273) Pause Young (Allocation Failure) 119M->5M(910M) 0.651ms
[61.952s][info][gc,cpu         ] GC(273) User=0.00s Sys=0.00s Real=0.00s
[61.970s][info][gc,start       ] GC(274) Pause Young (Allocation Failure)
[61.971s][info][gc,heap        ] GC(274) PSYoungGen: 116960K(232960K)->288K(232960K) Eden: 116736K(116736K)->0K(116736K) From: 224K(116224K)->288K(116224K)
[61.971s][info][gc,heap        ] GC(274) ParOldGen: 5637K(699392K)->5669K(699392K)
[61.971s][info][gc,metaspace   ] GC(274) Metaspace: 16469K(16832K)->16469K(16832K) NonClass: 14138K(14336K)->14138K(14336K) Class: 2331K(2496K)->2331K(2496K)
[61.971s][info][gc             ] GC(274) Pause Young (Allocation Failure) 119M->5M(910M) 0.463ms
[61.971s][info][gc,cpu         ] GC(274) User=0.00s Sys=0.00s Real=0.00s
[61.989s][info][gc,start       ] GC(275) Pause Young (Allocation Failure)
[61.989s][info][gc,heap        ] GC(275) PSYoungGen: 117024K(232960K)->224K(232960K) Eden: 116736K(116736K)->0K(116736K) From: 288K(116224K)->224K(116224K)
[61.989s][info][gc,heap        ] GC(275) ParOldGen: 5669K(699392K)->5717K(699392K)
[61.989s][info][gc,metaspace   ] GC(275) Metaspace: 16469K(16832K)->16469K(16832K) NonClass: 14138K(14336K)->14138K(14336K) Class: 2331K(2496K)->2331K(2496K)
[61.989s][info][gc             ] GC(275) Pause Young (Allocation Failure) 119M->5M(910M) 0.480ms
[61.989s][info][gc,cpu         ] GC(275) User=0.00s Sys=0.00s Real=0.00s
[62.009s][info][gc,start       ] GC(276) Pause Young (Allocation Failure)
[62.009s][info][gc,heap        ] GC(276) PSYoungGen: 116960K(232960K)->224K(232960K) Eden: 116736K(116736K)->0K(116736K) From: 224K(116224K)->224K(116224K)
[62.009s][info][gc,heap        ] GC(276) ParOldGen: 5717K(699392K)->5765K(699392K)
[62.009s][info][gc,metaspace   ] GC(276) Metaspace: 16469K(16832K)->16469K(16832K) NonClass: 14138K(14336K)->14138K(14336K) Class: 2331K(2496K)->2331K(2496K)
[62.009s][info][gc             ] GC(276) Pause Young (Allocation Failure) 119M->5M(910M) 0.435ms
[62.009s][info][gc,cpu         ] GC(276) User=0.00s Sys=0.00s Real=0.00s
[62.027s][info][gc,start       ] GC(277) Pause Young (Allocation Failure)
[62.028s][info][gc,heap        ] GC(277) PSYoungGen: 116960K(232960K)->256K(232960K) Eden: 116736K(116736K)->0K(116736K) From: 224K(116224K)->256K(116224K)
[62.028s][info][gc,heap        ] GC(277) ParOldGen: 5765K(699392K)->5805K(699392K)
[62.028s][info][gc,metaspace   ] GC(277) Metaspace: 16469K(16832K)->16469K(16832K) NonClass: 14138K(14336K)->14138K(14336K) Class: 2331K(2496K)->2331K(2496K)
[62.028s][info][gc             ] GC(277) Pause Young (Allocation Failure) 119M->5M(910M) 0.422ms
[62.028s][info][gc,cpu         ] GC(277) User=0.00s Sys=0.00s Real=0.00s
[62.046s][info][gc,start       ] GC(278) Pause Young (Allocation Failure)
[62.046s][info][gc,heap        ] GC(278) PSYoungGen: 116992K(232960K)->224K(232960K) Eden: 116736K(116736K)->0K(116736K) From: 256K(116224K)->224K(116224K)
[62.046s][info][gc,heap        ] GC(278) ParOldGen: 5805K(699392K)->5853K(699392K)
[62.046s][info][gc,metaspace   ] GC(278) Metaspace: 16469K(16832K)->16469K(16832K) NonClass: 14138K(14336K)->14138K(14336K) Class: 2331K(2496K)->2331K(2496K)
[62.046s][info][gc             ] GC(278) Pause Young (Allocation Failure) 119M->5M(910M) 0.438ms
[62.046s][info][gc,cpu         ] GC(278) User=0.00s Sys=0.00s Real=0.00s
[62.064s][info][gc,start       ] GC(279) Pause Young (Allocation Failure)
[62.067s][info][gc,heap        ] GC(279) PSYoungGen: 116960K(232960K)->256K(232960K) Eden: 116736K(116736K)->0K(116736K) From: 224K(116224K)->256K(116224K)
[62.067s][info][gc,heap        ] GC(279) ParOldGen: 5853K(699392K)->5901K(699392K)
[62.067s][info][gc,metaspace   ] GC(279) Metaspace: 16469K(16832K)->16469K(16832K) NonClass: 14138K(14336K)->14138K(14336K) Class: 2331K(2496K)->2331K(2496K)
[62.067s][info][gc             ] GC(279) Pause Young (Allocation Failure) 119M->6M(910M) 2.814ms
[62.067s][info][gc,cpu         ] GC(279) User=0.00s Sys=0.00s Real=0.00s
[62.086s][info][gc,start       ] GC(280) Pause Young (Allocation Failure)
[62.086s][info][gc,heap        ] GC(280) PSYoungGen: 116992K(232960K)->320K(232960K) Eden: 116736K(116736K)->0K(116736K) From: 256K(116224K)->320K(116224K)
[62.086s][info][gc,heap        ] GC(280) ParOldGen: 5901K(699392K)->5949K(699392K)
[62.086s][info][gc,metaspace   ] GC(280) Metaspace: 16469K(16832K)->16469K(16832K) NonClass: 14138K(14336K)->14138K(14336K) Class: 2331K(2496K)->2331K(2496K)
[62.086s][info][gc             ] GC(280) Pause Young (Allocation Failure) 120M->6M(910M) 0.403ms
[62.086s][info][gc,cpu         ] GC(280) User=0.00s Sys=0.00s Real=0.00s
[62.104s][info][gc,start       ] GC(281) Pause Young (Allocation Failure)
[62.105s][info][gc,heap        ] GC(281) PSYoungGen: 117056K(232960K)->256K(232960K) Eden: 116736K(116736K)->0K(116736K) From: 320K(116224K)->256K(116224K)
[62.105s][info][gc,heap        ] GC(281) ParOldGen: 5949K(699392K)->6005K(699392K)
[62.105s][info][gc,metaspace   ] GC(281) Metaspace: 16469K(16832K)->16469K(16832K) NonClass: 14138K(14336K)->14138K(14336K) Class: 2331K(2496K)->2331K(2496K)
[62.105s][info][gc             ] GC(281) Pause Young (Allocation Failure) 120M->6M(910M) 0.423ms
[62.105s][info][gc,cpu         ] GC(281) User=0.00s Sys=0.00s Real=0.00s
[62.123s][info][gc,start       ] GC(282) Pause Young (Allocation Failure)
[62.123s][info][gc,heap        ] GC(282) PSYoungGen: 116992K(232960K)->320K(232960K) Eden: 116736K(116736K)->0K(116736K) From: 256K(116224K)->320K(116224K)
[62.123s][info][gc,heap        ] GC(282) ParOldGen: 6005K(699392K)->6045K(699392K)
[62.123s][info][gc,metaspace   ] GC(282) Metaspace: 16469K(16832K)->16469K(16832K) NonClass: 14138K(14336K)->14138K(14336K) Class: 2331K(2496K)->2331K(2496K)
[62.123s][info][gc             ] GC(282) Pause Young (Allocation Failure) 120M->6M(910M) 0.405ms
[62.123s][info][gc,cpu         ] GC(282) User=0.00s Sys=0.00s Real=0.00s
[62.142s][info][gc,start       ] GC(283) Pause Young (Allocation Failure)
[62.142s][info][gc,heap        ] GC(283) PSYoungGen: 117056K(232960K)->256K(237568K) Eden: 116736K(116736K)->0K(121344K) From: 320K(116224K)->256K(116224K)
[62.142s][info][gc,heap        ] GC(283) ParOldGen: 6045K(699392K)->6093K(699392K)
[62.142s][info][gc,metaspace   ] GC(283) Metaspace: 16469K(16832K)->16469K(16832K) NonClass: 14138K(14336K)->14138K(14336K) Class: 2331K(2496K)->2331K(2496K)
[62.142s][info][gc             ] GC(283) Pause Young (Allocation Failure) 120M->6M(915M) 0.433ms
[62.142s][info][gc,cpu         ] GC(283) User=0.00s Sys=0.00s Real=0.00s
[62.161s][info][gc,start       ] GC(284) Pause Young (Allocation Failure)
[62.162s][info][gc,heap        ] GC(284) PSYoungGen: 121600K(237568K)->288K(232960K) Eden: 121344K(121344K)->0K(121344K) From: 256K(116224K)->288K(111616K)
[62.162s][info][gc,heap        ] GC(284) ParOldGen: 6093K(699392K)->6093K(699392K)
[62.162s][info][gc,metaspace   ] GC(284) Metaspace: 16469K(16832K)->16469K(16832K) NonClass: 14138K(14336K)->14138K(14336K) Class: 2331K(2496K)->2331K(2496K)
[62.162s][info][gc             ] GC(284) Pause Young (Allocation Failure) 124M->6M(910M) 0.454ms
[62.162s][info][gc,cpu         ] GC(284) User=0.00s Sys=0.00s Real=0.00s
[62.181s][info][gc,start       ] GC(285) Pause Young (Allocation Failure)
[62.181s][info][gc,heap        ] GC(285) PSYoungGen: 121632K(232960K)->352K(251904K) Eden: 121344K(121344K)->0K(147456K) From: 288K(111616K)->352K(104448K)
[62.181s][info][gc,heap        ] GC(285) ParOldGen: 6093K(699392K)->6093K(699392K)
[62.181s][info][gc,metaspace   ] GC(285) Metaspace: 16469K(16832K)->16469K(16832K) NonClass: 14138K(14336K)->14138K(14336K) Class: 2331K(2496K)->2331K(2496K)
[62.181s][info][gc             ] GC(285) Pause Young (Allocation Failure) 124M->6M(929M) 0.402ms
[62.181s][info][gc,cpu         ] GC(285) User=0.00s Sys=0.00s Real=0.00s
[62.204s][info][gc,start       ] GC(286) Pause Young (Allocation Failure)
[62.205s][info][gc,heap        ] GC(286) PSYoungGen: 147808K(251904K)->352K(244736K) Eden: 147456K(147456K)->0K(147456K) From: 352K(104448K)->352K(97280K)
[62.205s][info][gc,heap        ] GC(286) ParOldGen: 6093K(699392K)->6093K(699392K)
[62.205s][info][gc,metaspace   ] GC(286) Metaspace: 16469K(16832K)->16469K(16832K) NonClass: 14138K(14336K)->14138K(14336K) Class: 2331K(2496K)->2331K(2496K)
[62.205s][info][gc             ] GC(286) Pause Young (Allocation Failure) 150M->6M(922M) 0.419ms
[62.205s][info][gc,cpu         ] GC(286) User=0.00s Sys=0.00s Real=0.00s
[62.227s][info][gc,start       ] GC(287) Pause Young (Allocation Failure)
[62.228s][info][gc,heap        ] GC(287) PSYoungGen: 147808K(244736K)->384K(264704K) Eden: 147456K(147456K)->0K(174080K) From: 352K(97280K)->384K(90624K)
[62.228s][info][gc,heap        ] GC(287) ParOldGen: 6093K(699392K)->6093K(699392K)
[62.228s][info][gc,metaspace   ] GC(287) Metaspace: 16469K(16832K)->16469K(16832K) NonClass: 14138K(14336K)->14138K(14336K) Class: 2331K(2496K)->2331K(2496K)
[62.228s][info][gc             ] GC(287) Pause Young (Allocation Failure) 150M->6M(941M) 0.430ms
[62.228s][info][gc,cpu         ] GC(287) User=0.00s Sys=0.00s Real=0.00s
[62.256s][info][gc,start       ] GC(288) Pause Young (Allocation Failure)
[62.256s][info][gc,heap        ] GC(288) PSYoungGen: 174464K(264704K)->352K(258560K) Eden: 174080K(174080K)->0K(174080K) From: 384K(90624K)->352K(84480K)
[62.256s][info][gc,heap        ] GC(288) ParOldGen: 6093K(699392K)->6093K(699392K)
[62.256s][info][gc,metaspace   ] GC(288) Metaspace: 16469K(16832K)->16469K(16832K) NonClass: 14138K(14336K)->14138K(14336K) Class: 2331K(2496K)->2331K(2496K)
[62.256s][info][gc             ] GC(288) Pause Young (Allocation Failure) 176M->6M(935M) 0.534ms
[62.256s][info][gc,cpu         ] GC(288) User=0.00s Sys=0.00s Real=0.00s
[62.286s][info][gc,start       ] GC(289) Pause Young (Allocation Failure)
[62.287s][info][gc,heap        ] GC(289) PSYoungGen: 174432K(258560K)->384K(276480K) Eden: 174080K(174080K)->0K(198144K) From: 352K(84480K)->384K(78336K)
[62.287s][info][gc,heap        ] GC(289) ParOldGen: 6093K(699392K)->6093K(699392K)
[62.287s][info][gc,metaspace   ] GC(289) Metaspace: 16469K(16832K)->16469K(16832K) NonClass: 14138K(14336K)->14138K(14336K) Class: 2331K(2496K)->2331K(2496K)
[62.287s][info][gc             ] GC(289) Pause Young (Allocation Failure) 176M->6M(953M) 0.434ms
[62.287s][info][gc,cpu         ] GC(289) User=0.00s Sys=0.00s Real=0.00s
[62.318s][info][gc,start       ] GC(290) Pause Young (Allocation Failure)
[62.319s][info][gc,heap        ] GC(290) PSYoungGen: 198528K(276480K)->352K(270848K) Eden: 198144K(198144K)->0K(198144K) From: 384K(78336K)->352K(72704K)
[62.319s][info][gc,heap        ] GC(290) ParOldGen: 6093K(699392K)->6093K(699392K)
[62.319s][info][gc,metaspace   ] GC(290) Metaspace: 16469K(16832K)->16469K(16832K) NonClass: 14138K(14336K)->14138K(14336K) Class: 2331K(2496K)->2331K(2496K)
[62.319s][info][gc             ] GC(290) Pause Young (Allocation Failure) 199M->6M(947M) 0.480ms
[62.319s][info][gc,cpu         ] GC(290) User=0.00s Sys=0.00s Real=0.00s
[62.352s][info][gc,start       ] GC(291) Pause Young (Allocation Failure)
[62.352s][info][gc,heap        ] GC(291) PSYoungGen: 198496K(270848K)->352K(286208K) Eden: 198144K(198144K)->0K(218624K) From: 352K(72704K)->352K(67584K)
[62.352s][info][gc,heap        ] GC(291) ParOldGen: 6093K(699392K)->6093K(699392K)
[62.352s][info][gc,metaspace   ] GC(291) Metaspace: 16469K(16832K)->16469K(16832K) NonClass: 14138K(14336K)->14138K(14336K) Class: 2331K(2496K)->2331K(2496K)
[62.352s][info][gc             ] GC(291) Pause Young (Allocation Failure) 199M->6M(962M) 0.441ms
[62.352s][info][gc,cpu         ] GC(291) User=0.00s Sys=0.00s Real=0.00s
[62.392s][info][gc,start       ] GC(292) Pause Young (Allocation Failure)
[62.398s][info][gc,heap        ] GC(292) PSYoungGen: 218976K(286208K)->14787K(281600K) Eden: 218624K(218624K)->0K(218624K) From: 352K(67584K)->14787K(62976K)
[62.398s][info][gc,heap        ] GC(292) ParOldGen: 6093K(699392K)->6093K(699392K)
[62.398s][info][gc,metaspace   ] GC(292) Metaspace: 16470K(16832K)->16470K(16832K) NonClass: 14139K(14336K)->14139K(14336K) Class: 2331K(2496K)->2331K(2496K)
[62.398s][info][gc             ] GC(292) Pause Young (Allocation Failure) 219M->20M(958M) 6.141ms
[62.398s][info][gc,cpu         ] GC(292) User=0.00s Sys=0.00s Real=0.02s
[62.526s][info][gc,start       ] GC(293) Pause Young (Allocation Failure)
[62.610s][info][gc,heap        ] GC(293) PSYoungGen: 233411K(281600K)->60387K(186368K) Eden: 218624K(218624K)->0K(125952K) From: 14787K(62976K)->60387K(60416K)
[62.610s][info][gc,heap        ] GC(293) ParOldGen: 6093K(699392K)->105685K(699392K)
[62.610s][info][gc,metaspace   ] GC(293) Metaspace: 16470K(16832K)->16470K(16832K) NonClass: 14139K(14336K)->14139K(14336K) Class: 2331K(2496K)->2331K(2496K)
[62.610s][info][gc             ] GC(293) Pause Young (Allocation Failure) 233M->162M(865M) 83.444ms
[62.610s][info][gc,cpu         ] GC(293) User=0.47s Sys=0.00s Real=0.08s
[62.693s][info][gc,start       ] GC(294) Pause Young (Allocation Failure)
[62.762s][info][gc,heap        ] GC(294) PSYoungGen: 186339K(186368K)->111587K(237568K) Eden: 125952K(125952K)->0K(125952K) From: 60387K(60416K)->111587K(111616K)
[62.762s][info][gc,heap        ] GC(294) ParOldGen: 105685K(699392K)->141197K(699392K)
[62.762s][info][gc,metaspace   ] GC(294) Metaspace: 16470K(16832K)->16470K(16832K) NonClass: 14139K(14336K)->14139K(14336K) Class: 2331K(2496K)->2331K(2496K)
[62.762s][info][gc             ] GC(294) Pause Young (Allocation Failure) 285M->246M(915M) 68.821ms
[62.762s][info][gc,cpu         ] GC(294) User=0.34s Sys=0.00s Real=0.08s
[62.852s][info][gc,start       ] GC(295) Pause Young (Allocation Failure)
[62.943s][info][gc,heap        ] GC(295) PSYoungGen: 237539K(237568K)->111587K(228352K) Eden: 125952K(125952K)->0K(116736K) From: 111587K(111616K)->111587K(111616K)
[62.943s][info][gc,heap        ] GC(295) ParOldGen: 141197K(699392K)->228149K(699392K)
[62.943s][info][gc,metaspace   ] GC(295) Metaspace: 16470K(16832K)->16470K(16832K) NonClass: 14139K(14336K)->14139K(14336K) Class: 2331K(2496K)->2331K(2496K)
[62.943s][info][gc             ] GC(295) Pause Young (Allocation Failure) 369M->331M(906M) 90.976ms
[62.943s][info][gc,cpu         ] GC(295) User=0.48s Sys=0.00s Real=0.09s
[63.031s][info][gc,start       ] GC(296) Pause Young (Allocation Failure)
[63.122s][info][gc,heap        ] GC(296) PSYoungGen: 228323K(228352K)->116195K(232960K) Eden: 116736K(116736K)->0K(116736K) From: 111587K(111616K)->116195K(116224K)
[63.122s][info][gc,heap        ] GC(296) ParOldGen: 228149K(699392K)->304261K(699392K)
[63.122s][info][gc,metaspace   ] GC(296) Metaspace: 16470K(16832K)->16470K(16832K) NonClass: 14139K(14336K)->14139K(14336K) Class: 2331K(2496K)->2331K(2496K)
[63.122s][info][gc             ] GC(296) Pause Young (Allocation Failure) 445M->410M(910M) 91.373ms
[63.122s][info][gc,cpu         ] GC(296) User=0.38s Sys=0.00s Real=0.08s
[63.355s][info][gc,start       ] GC(297) Pause Young (Allocation Failure)
[63.445s][info][gc,heap        ] GC(297) PSYoungGen: 232931K(232960K)->116195K(232960K) Eden: 116736K(116736K)->0K(116736K) From: 116195K(116224K)->116195K(116224K)
[63.445s][info][gc,heap        ] GC(297) ParOldGen: 304261K(699392K)->331541K(699392K)
[63.445s][info][gc,metaspace   ] GC(297) Metaspace: 16470K(16832K)->16470K(16832K) NonClass: 14139K(14336K)->14139K(14336K) Class: 2331K(2496K)->2331K(2496K)
[63.445s][info][gc             ] GC(297) Pause Young (Allocation Failure) 524M->437M(910M) 90.076ms
[63.445s][info][gc,cpu         ] GC(297) User=0.41s Sys=0.00s Real=0.09s
[66.735s][info][gc,start       ] GC(298) Pause Young (Allocation Failure)
[66.814s][info][gc,heap        ] GC(298) PSYoungGen: 232931K(232960K)->116224K(232960K) Eden: 116735K(116736K)->0K(116736K) From: 116195K(116224K)->116224K(116224K)
[66.814s][info][gc,heap        ] GC(298) ParOldGen: 331541K(699392K)->374257K(699392K)
[66.814s][info][gc,metaspace   ] GC(298) Metaspace: 16472K(16832K)->16472K(16832K) NonClass: 14140K(14336K)->14140K(14336K) Class: 2331K(2496K)->2331K(2496K)
[66.814s][info][gc             ] GC(298) Pause Young (Allocation Failure) 551M->478M(910M) 78.967ms
[66.814s][info][gc,cpu         ] GC(298) User=0.45s Sys=0.00s Real=0.07s
[66.870s][info][gc,start       ] GC(299) Pause Young (Allocation Failure)
[66.940s][info][gc,heap        ] GC(299) PSYoungGen: 232960K(232960K)->116224K(232960K) Eden: 116736K(116736K)->0K(116736K) From: 116224K(116224K)->116224K(116224K)
[66.940s][info][gc,heap        ] GC(299) ParOldGen: 374257K(699392K)->423897K(699392K)
[66.940s][info][gc,metaspace   ] GC(299) Metaspace: 16472K(16832K)->16472K(16832K) NonClass: 14140K(14336K)->14140K(14336K) Class: 2331K(2496K)->2331K(2496K)
[66.940s][info][gc             ] GC(299) Pause Young (Allocation Failure) 592M->527M(910M) 70.250ms
[66.940s][info][gc,cpu         ] GC(299) User=0.38s Sys=0.00s Real=0.07s
[66.996s][info][gc,start       ] GC(300) Pause Young (Allocation Failure)
[67.069s][info][gc,heap        ] GC(300) PSYoungGen: 232960K(232960K)->116224K(232960K) Eden: 116736K(116736K)->0K(116736K) From: 116224K(116224K)->116224K(116224K)
[67.069s][info][gc,heap        ] GC(300) ParOldGen: 423897K(699392K)->473377K(699392K)
[67.069s][info][gc,metaspace   ] GC(300) Metaspace: 16472K(16832K)->16472K(16832K) NonClass: 14140K(14336K)->14140K(14336K) Class: 2331K(2496K)->2331K(2496K)
[67.069s][info][gc             ] GC(300) Pause Young (Allocation Failure) 641M->575M(910M) 72.531ms
[67.069s][info][gc,cpu         ] GC(300) User=0.39s Sys=0.00s Real=0.08s
[67.126s][info][gc,start       ] GC(301) Pause Young (Allocation Failure)
[67.198s][info][gc,heap        ] GC(301) PSYoungGen: 232960K(232960K)->90752K(232960K) Eden: 116736K(116736K)->0K(116736K) From: 116224K(116224K)->90752K(116224K)
[67.198s][info][gc,heap        ] GC(301) ParOldGen: 473377K(699392K)->548145K(699392K)
[67.198s][info][gc,metaspace   ] GC(301) Metaspace: 16472K(16832K)->16472K(16832K) NonClass: 14140K(14336K)->14140K(14336K) Class: 2331K(2496K)->2331K(2496K)
[67.198s][info][gc             ] GC(301) Pause Young (Allocation Failure) 689M->623M(910M) 72.175ms
[67.198s][info][gc,cpu         ] GC(301) User=0.45s Sys=0.00s Real=0.08s
[67.256s][info][gc,start       ] GC(302) Pause Young (Allocation Failure)
[67.319s][info][gc,heap        ] GC(302) PSYoungGen: 207488K(232960K)->50784K(232960K) Eden: 116736K(116736K)->0K(116736K) From: 90752K(116224K)->50784K(116224K)
[67.319s][info][gc,heap        ] GC(302) ParOldGen: 548145K(699392K)->636569K(699392K)
[67.319s][info][gc,metaspace   ] GC(302) Metaspace: 16472K(16832K)->16472K(16832K) NonClass: 14140K(14336K)->14140K(14336K) Class: 2331K(2496K)->2331K(2496K)
[67.319s][info][gc             ] GC(302) Pause Young (Allocation Failure) 737M->671M(910M) 63.432ms
[67.319s][info][gc,cpu         ] GC(302) User=0.39s Sys=0.00s Real=0.08s
[67.377s][info][gc,start       ] GC(303) Pause Full (Ergonomics)
[67.377s][info][gc,phases,start] GC(303) Marking Phase
[67.453s][info][gc,phases      ] GC(303) Marking Phase 76.212ms
[67.453s][info][gc,phases,start] GC(303) Summary Phase
[67.453s][info][gc,phases      ] GC(303) Summary Phase 0.020ms
[67.453s][info][gc,phases,start] GC(303) Adjust Roots
[67.455s][info][gc,phases      ] GC(303) Adjust Roots 2.003ms
[67.455s][info][gc,phases,start] GC(303) Compaction Phase
[67.612s][info][gc,phases      ] GC(303) Compaction Phase 156.986ms
[67.612s][info][gc,phases,start] GC(303) Post Compact
[67.614s][info][gc,phases      ] GC(303) Post Compact 1.495ms
[67.614s][info][gc,heap        ] GC(303) PSYoungGen: 167520K(232960K)->0K(232960K) Eden: 116736K(116736K)->0K(116736K) From: 50784K(116224K)->0K(116224K)
[67.614s][info][gc,heap        ] GC(303) ParOldGen: 636569K(699392K)->291666K(699392K)
[67.614s][info][gc,metaspace   ] GC(303) Metaspace: 16472K(16832K)->16472K(16832K) NonClass: 14140K(14336K)->14140K(14336K) Class: 2331K(2496K)->2331K(2496K)
[67.614s][info][gc             ] GC(303) Pause Full (Ergonomics) 785M->284M(910M) 237.016ms
[67.614s][info][gc,cpu         ] GC(303) User=1.28s Sys=0.00s Real=0.23s
[67.672s][info][gc,start       ] GC(304) Pause Young (Allocation Failure)
[67.696s][info][gc,heap        ] GC(304) PSYoungGen: 116736K(232960K)->50976K(232960K) Eden: 116736K(116736K)->0K(116736K) From: 0K(116224K)->50976K(116224K)
[67.696s][info][gc,heap        ] GC(304) ParOldGen: 291666K(699392K)->291666K(699392K)
[67.696s][info][gc,metaspace   ] GC(304) Metaspace: 16472K(16832K)->16472K(16832K) NonClass: 14140K(14336K)->14140K(14336K) Class: 2331K(2496K)->2331K(2496K)
[67.696s][info][gc             ] GC(304) Pause Young (Allocation Failure) 398M->334M(910M) 23.655ms
[67.696s][info][gc,cpu         ] GC(304) User=0.06s Sys=0.00s Real=0.03s
[67.756s][info][gc,start       ] GC(305) Pause Young (Allocation Failure)
[67.797s][info][gc,heap        ] GC(305) PSYoungGen: 167712K(232960K)->51040K(232960K) Eden: 116736K(116736K)->0K(116736K) From: 50976K(116224K)->51040K(116224K)
[67.797s][info][gc,heap        ] GC(305) ParOldGen: 291666K(699392K)->339690K(699392K)
[67.797s][info][gc,metaspace   ] GC(305) Metaspace: 16472K(16832K)->16472K(16832K) NonClass: 14140K(14336K)->14140K(14336K) Class: 2331K(2496K)->2331K(2496K)
[67.797s][info][gc             ] GC(305) Pause Young (Allocation Failure) 448M->381M(910M) 41.158ms
[67.797s][info][gc,cpu         ] GC(305) User=0.17s Sys=0.00s Real=0.05s
[67.884s][info][gc,start       ] GC(306) Pause Young (Allocation Failure)
[67.941s][info][gc,heap        ] GC(306) PSYoungGen: 167776K(232960K)->72554K(232960K) Eden: 116736K(116736K)->0K(116736K) From: 51040K(116224K)->72554K(116224K)
[67.941s][info][gc,heap        ] GC(306) ParOldGen: 339690K(699392K)->387810K(699392K)
[67.941s][info][gc,metaspace   ] GC(306) Metaspace: 16472K(16832K)->16472K(16832K) NonClass: 14140K(14336K)->14140K(14336K) Class: 2331K(2496K)->2331K(2496K)
[67.941s][info][gc             ] GC(306) Pause Young (Allocation Failure) 495M->449M(910M) 57.261ms
[67.941s][info][gc,cpu         ] GC(306) User=0.31s Sys=0.00s Real=0.05s
[68.205s][info][gc,start       ] GC(307) Pause Young (Allocation Failure)
[68.282s][info][gc,heap        ] GC(307) PSYoungGen: 189290K(232960K)->32544K(232960K) Eden: 116736K(116736K)->0K(116736K) From: 72554K(116224K)->32544K(116224K)
[68.282s][info][gc,heap        ] GC(307) ParOldGen: 387810K(699392K)->438251K(699392K)
[68.282s][info][gc,metaspace   ] GC(307) Metaspace: 16472K(16832K)->16472K(16832K) NonClass: 14140K(14336K)->14140K(14336K) Class: 2331K(2496K)->2331K(2496K)
[68.282s][info][gc             ] GC(307) Pause Young (Allocation Failure) 563M->459M(910M) 76.521ms
[68.282s][info][gc,cpu         ] GC(307) User=0.38s Sys=0.00s Real=0.06s
[68.422s][info][gc,start       ] GC(308) Pause Young (Allocation Failure)
[68.458s][info][gc,heap        ] GC(308) PSYoungGen: 149280K(232960K)->3776K(232960K) Eden: 116736K(116736K)->0K(116736K) From: 32544K(116224K)->3776K(116224K)
[68.458s][info][gc,heap        ] GC(308) ParOldGen: 438251K(699392K)->466595K(699392K)
[68.458s][info][gc,metaspace   ] GC(308) Metaspace: 16472K(16832K)->16472K(16832K) NonClass: 14140K(14336K)->14140K(14336K) Class: 2331K(2496K)->2331K(2496K)
[68.458s][info][gc             ] GC(308) Pause Young (Allocation Failure) 573M->459M(910M) 35.684ms
[68.458s][info][gc,cpu         ] GC(308) User=0.17s Sys=0.00s Real=0.05s
[68.596s][info][gc,start       ] GC(309) Pause Young (Allocation Failure)
[68.599s][info][gc,heap        ] GC(309) PSYoungGen: 120512K(232960K)->3040K(232960K) Eden: 116736K(116736K)->0K(116736K) From: 3776K(116224K)->3040K(116224K)
[68.599s][info][gc,heap        ] GC(309) ParOldGen: 466595K(699392K)->466907K(699392K)
[68.599s][info][gc,metaspace   ] GC(309) Metaspace: 16472K(16832K)->16472K(16832K) NonClass: 14140K(14336K)->14140K(14336K) Class: 2331K(2496K)->2331K(2496K)
[68.599s][info][gc             ] GC(309) Pause Young (Allocation Failure) 573M->458M(910M) 2.849ms
[68.599s][info][gc,cpu         ] GC(309) User=0.00s Sys=0.00s Real=0.00s
[68.724s][info][gc,start       ] GC(310) Pause Young (Allocation Failure)
[68.726s][info][gc,heap        ] GC(310) PSYoungGen: 119776K(232960K)->2272K(232960K) Eden: 116736K(116736K)->0K(116736K) From: 3040K(116224K)->2272K(116224K)
[68.726s][info][gc,heap        ] GC(310) ParOldGen: 466907K(699392K)->467019K(699392K)
[68.726s][info][gc,metaspace   ] GC(310) Metaspace: 16472K(16832K)->16472K(16832K) NonClass: 14140K(14336K)->14140K(14336K) Class: 2331K(2496K)->2331K(2496K)
[68.726s][info][gc             ] GC(310) Pause Young (Allocation Failure) 572M->458M(910M) 2.289ms
[68.726s][info][gc,cpu         ] GC(310) User=0.00s Sys=0.00s Real=0.00s
[69.004s][info][gc,start       ] GC(311) Pause Young (Allocation Failure)
[69.006s][info][gc,heap        ] GC(311) PSYoungGen: 119008K(232960K)->2176K(232960K) Eden: 116736K(116736K)->0K(116736K) From: 2272K(116224K)->2176K(116224K)
[69.006s][info][gc,heap        ] GC(311) ParOldGen: 467019K(699392K)->467019K(699392K)
[69.006s][info][gc,metaspace   ] GC(311) Metaspace: 16472K(16832K)->16472K(16832K) NonClass: 14140K(14336K)->14140K(14336K) Class: 2331K(2496K)->2331K(2496K)
[69.006s][info][gc             ] GC(311) Pause Young (Allocation Failure) 572M->458M(910M) 1.681ms
[69.006s][info][gc,cpu         ] GC(311) User=0.00s Sys=0.00s Real=0.00s
[69.555s][info][gc,start       ] GC(312) Pause Young (System.gc())
[69.555s][info][gc,heap        ] GC(312) PSYoungGen: 78747K(232960K)->128K(232960K) Eden: 76571K(116736K)->0K(116736K) From: 2176K(116224K)->128K(116224K)
[69.556s][info][gc,heap        ] GC(312) ParOldGen: 467019K(699392K)->467059K(699392K)
[69.556s][info][gc,metaspace   ] GC(312) Metaspace: 16472K(16832K)->16472K(16832K) NonClass: 14140K(14336K)->14140K(14336K) Class: 2331K(2496K)->2331K(2496K)
[69.556s][info][gc             ] GC(312) Pause Young (System.gc()) 532M->456M(910M) 0.826ms
[69.556s][info][gc,cpu         ] GC(312) User=0.00s Sys=0.00s Real=0.00s
[69.556s][info][gc,start       ] GC(313) Pause Full (System.gc())
[69.556s][info][gc,phases,start] GC(313) Marking Phase
[69.560s][info][gc,phases      ] GC(313) Marking Phase 4.284ms
[69.560s][info][gc,phases,start] GC(313) Summary Phase
[69.560s][info][gc,phases      ] GC(313) Summary Phase 0.010ms
[69.560s][info][gc,phases,start] GC(313) Adjust Roots
[69.562s][info][gc,phases      ] GC(313) Adjust Roots 1.635ms
[69.562s][info][gc,phases,start] GC(313) Compaction Phase
[69.563s][info][gc,phases      ] GC(313) Compaction Phase 1.433ms
[69.563s][info][gc,phases,start] GC(313) Post Compact
[69.565s][info][gc,phases      ] GC(313) Post Compact 2.132ms
[69.565s][info][gc,heap        ] GC(313) PSYoungGen: 128K(232960K)->0K(232960K) Eden: 0K(116736K)->0K(116736K) From: 128K(116224K)->0K(116224K)
[69.565s][info][gc,heap        ] GC(313) ParOldGen: 467059K(699392K)->5541K(699392K)
[69.565s][info][gc,metaspace   ] GC(313) Metaspace: 16472K(16832K)->16472K(16832K) NonClass: 14140K(14336K)->14140K(14336K) Class: 2331K(2496K)->2331K(2496K)
[69.565s][info][gc             ] GC(313) Pause Full (System.gc()) 456M->5M(910M) 9.766ms
[69.565s][info][gc,cpu         ] GC(313) User=0.00s Sys=0.00s Real=0.00s
[70.922s][info][gc,start       ] GC(314) Pause Young (Allocation Failure)
[70.923s][info][gc,heap        ] GC(314) PSYoungGen: 116736K(232960K)->352K(232960K) Eden: 116736K(116736K)->0K(116736K) From: 0K(116224K)->352K(116224K)
[70.923s][info][gc,heap        ] GC(314) ParOldGen: 5541K(699392K)->5541K(699392K)
[70.923s][info][gc,metaspace   ] GC(314) Metaspace: 16473K(16832K)->16473K(16832K) NonClass: 14141K(14336K)->14141K(14336K) Class: 2331K(2496K)->2331K(2496K)
[70.923s][info][gc             ] GC(314) Pause Young (Allocation Failure) 119M->5M(910M) 0.657ms
[70.923s][info][gc,cpu         ] GC(314) User=0.00s Sys=0.00s Real=0.00s
[70.943s][info][gc,start       ] GC(315) Pause Young (Allocation Failure)
[70.943s][info][gc,heap        ] GC(315) PSYoungGen: 117088K(232960K)->320K(232960K) Eden: 116736K(116736K)->0K(116736K) From: 352K(116224K)->320K(116224K)
[70.943s][info][gc,heap        ] GC(315) ParOldGen: 5541K(699392K)->5653K(699392K)
[70.943s][info][gc,metaspace   ] GC(315) Metaspace: 16473K(16832K)->16473K(16832K) NonClass: 14141K(14336K)->14141K(14336K) Class: 2331K(2496K)->2331K(2496K)
[70.943s][info][gc             ] GC(315) Pause Young (Allocation Failure) 119M->5M(910M) 0.549ms
[70.943s][info][gc,cpu         ] GC(315) User=0.00s Sys=0.00s Real=0.00s
[70.963s][info][gc,start       ] GC(316) Pause Young (Allocation Failure)
[70.963s][info][gc,heap        ] GC(316) PSYoungGen: 117056K(232960K)->256K(232960K) Eden: 116736K(116736K)->0K(116736K) From: 320K(116224K)->256K(116224K)
[70.963s][info][gc,heap        ] GC(316) ParOldGen: 5653K(699392K)->5693K(699392K)
[70.963s][info][gc,metaspace   ] GC(316) Metaspace: 16473K(16832K)->16473K(16832K) NonClass: 14141K(14336K)->14141K(14336K) Class: 2331K(2496K)->2331K(2496K)
[70.963s][info][gc             ] GC(316) Pause Young (Allocation Failure) 119M->5M(910M) 0.427ms
[70.963s][info][gc,cpu         ] GC(316) User=0.00s Sys=0.00s Real=0.00s
[70.981s][info][gc,start       ] GC(317) Pause Young (Allocation Failure)
[70.982s][info][gc,heap        ] GC(317) PSYoungGen: 116992K(232960K)->288K(232960K) Eden: 116736K(116736K)->0K(116736K) From: 256K(116224K)->288K(116224K)
[70.982s][info][gc,heap        ] GC(317) ParOldGen: 5693K(699392K)->5733K(699392K)
[70.982s][info][gc,metaspace   ] GC(317) Metaspace: 16473K(16832K)->16473K(16832K) NonClass: 14141K(14336K)->14141K(14336K) Class: 2331K(2496K)->2331K(2496K)
[70.982s][info][gc             ] GC(317) Pause Young (Allocation Failure) 119M->5M(910M) 0.452ms
[70.982s][info][gc,cpu         ] GC(317) User=0.00s Sys=0.00s Real=0.00s
[71.000s][info][gc,start       ] GC(318) Pause Young (Allocation Failure)
[71.001s][info][gc,heap        ] GC(318) PSYoungGen: 117024K(232960K)->256K(232960K) Eden: 116736K(116736K)->0K(116736K) From: 288K(116224K)->256K(116224K)
[71.001s][info][gc,heap        ] GC(318) ParOldGen: 5733K(699392K)->5789K(699392K)
[71.001s][info][gc,metaspace   ] GC(318) Metaspace: 16473K(16832K)->16473K(16832K) NonClass: 14141K(14336K)->14141K(14336K) Class: 2331K(2496K)->2331K(2496K)
[71.001s][info][gc             ] GC(318) Pause Young (Allocation Failure) 119M->5M(910M) 0.465ms
[71.001s][info][gc,cpu         ] GC(318) User=0.00s Sys=0.00s Real=0.00s
[71.019s][info][gc,start       ] GC(319) Pause Young (Allocation Failure)
[71.019s][info][gc,heap        ] GC(319) PSYoungGen: 116992K(232960K)->288K(232960K) Eden: 116736K(116736K)->0K(116736K) From: 256K(116224K)->288K(116224K)
[71.019s][info][gc,heap        ] GC(319) ParOldGen: 5789K(699392K)->5821K(699392K)
[71.019s][info][gc,metaspace   ] GC(319) Metaspace: 16473K(16832K)->16473K(16832K) NonClass: 14141K(14336K)->14141K(14336K) Class: 2331K(2496K)->2331K(2496K)
[71.019s][info][gc             ] GC(319) Pause Young (Allocation Failure) 119M->5M(910M) 0.448ms
[71.019s][info][gc,cpu         ] GC(319) User=0.00s Sys=0.00s Real=0.00s
[71.037s][info][gc,start       ] GC(320) Pause Young (Allocation Failure)
[71.037s][info][gc,heap        ] GC(320) PSYoungGen: 117024K(232960K)->224K(232960K) Eden: 116736K(116736K)->0K(116736K) From: 288K(116224K)->224K(116224K)
[71.038s][info][gc,heap        ] GC(320) ParOldGen: 5821K(699392K)->5869K(699392K)
[71.038s][info][gc,metaspace   ] GC(320) Metaspace: 16473K(16832K)->16473K(16832K) NonClass: 14141K(14336K)->14141K(14336K) Class: 2331K(2496K)->2331K(2496K)
[71.038s][info][gc             ] GC(320) Pause Young (Allocation Failure) 119M->5M(910M) 0.412ms
[71.038s][info][gc,cpu         ] GC(320) User=0.00s Sys=0.00s Real=0.00s
[71.055s][info][gc,start       ] GC(321) Pause Young (Allocation Failure)
[71.056s][info][gc,heap        ] GC(321) PSYoungGen: 116960K(232960K)->224K(232960K) Eden: 116736K(116736K)->0K(116736K) From: 224K(116224K)->224K(116224K)
[71.056s][info][gc,heap        ] GC(321) ParOldGen: 5869K(699392K)->5909K(699392K)
[71.056s][info][gc,metaspace   ] GC(321) Metaspace: 16473K(16832K)->16473K(16832K) NonClass: 14141K(14336K)->14141K(14336K) Class: 2331K(2496K)->2331K(2496K)
[71.056s][info][gc             ] GC(321) Pause Young (Allocation Failure) 119M->5M(910M) 0.405ms
[71.056s][info][gc,cpu         ] GC(321) User=0.00s Sys=0.00s Real=0.00s
[71.074s][info][gc,start       ] GC(322) Pause Young (Allocation Failure)
[71.075s][info][gc,heap        ] GC(322) PSYoungGen: 116960K(232960K)->320K(232960K) Eden: 116736K(116736K)->0K(116736K) From: 224K(116224K)->320K(116224K)
[71.075s][info][gc,heap        ] GC(322) ParOldGen: 5909K(699392K)->5941K(699392K)
[71.075s][info][gc,metaspace   ] GC(322) Metaspace: 16473K(16832K)->16473K(16832K) NonClass: 14141K(14336K)->14141K(14336K) Class: 2331K(2496K)->2331K(2496K)
[71.075s][info][gc             ] GC(322) Pause Young (Allocation Failure) 119M->6M(910M) 0.457ms
[71.075s][info][gc,cpu         ] GC(322) User=0.00s Sys=0.00s Real=0.00s
[71.093s][info][gc,start       ] GC(323) Pause Young (Allocation Failure)
[71.094s][info][gc,heap        ] GC(323) PSYoungGen: 117056K(232960K)->192K(232960K) Eden: 116736K(116736K)->0K(116736K) From: 320K(116224K)->192K(116224K)
[71.094s][info][gc,heap        ] GC(323) ParOldGen: 5941K(699392K)->6005K(699392K)
[71.094s][info][gc,metaspace   ] GC(323) Metaspace: 16473K(16832K)->16473K(16832K) NonClass: 14141K(14336K)->14141K(14336K) Class: 2331K(2496K)->2331K(2496K)
[71.094s][info][gc             ] GC(323) Pause Young (Allocation Failure) 120M->6M(910M) 0.416ms
[71.094s][info][gc,cpu         ] GC(323) User=0.00s Sys=0.00s Real=0.00s
[71.112s][info][gc,start       ] GC(324) Pause Young (Allocation Failure)
[71.113s][info][gc,heap        ] GC(324) PSYoungGen: 116928K(232960K)->320K(238080K) Eden: 116736K(116736K)->0K(121856K) From: 192K(116224K)->320K(116224K)
[71.113s][info][gc,heap        ] GC(324) ParOldGen: 6005K(699392K)->6053K(699392K)
[71.113s][info][gc,metaspace   ] GC(324) Metaspace: 16473K(16832K)->16473K(16832K) NonClass: 14141K(14336K)->14141K(14336K) Class: 2331K(2496K)->2331K(2496K)
[71.113s][info][gc             ] GC(324) Pause Young (Allocation Failure) 120M->6M(915M) 0.492ms
[71.113s][info][gc,cpu         ] GC(324) User=0.00s Sys=0.00s Real=0.00s
[71.131s][info][gc,start       ] GC(325) Pause Young (Allocation Failure)
[71.132s][info][gc,heap        ] GC(325) PSYoungGen: 122176K(238080K)->320K(232960K) Eden: 121856K(121856K)->0K(121856K) From: 320K(116224K)->320K(111104K)
[71.132s][info][gc,heap        ] GC(325) ParOldGen: 6053K(699392K)->6053K(699392K)
[71.132s][info][gc,metaspace   ] GC(325) Metaspace: 16473K(16832K)->16473K(16832K) NonClass: 14141K(14336K)->14141K(14336K) Class: 2331K(2496K)->2331K(2496K)
[71.132s][info][gc             ] GC(325) Pause Young (Allocation Failure) 125M->6M(910M) 0.545ms
[71.132s][info][gc,cpu         ] GC(325) User=0.00s Sys=0.00s Real=0.00s
[71.151s][info][gc,start       ] GC(326) Pause Young (Allocation Failure)
[71.152s][info][gc,heap        ] GC(326) PSYoungGen: 122176K(232960K)->320K(251904K) Eden: 121856K(121856K)->0K(147968K) From: 320K(111104K)->320K(103936K)
[71.152s][info][gc,heap        ] GC(326) ParOldGen: 6053K(699392K)->6053K(699392K)
[71.152s][info][gc,metaspace   ] GC(326) Metaspace: 16473K(16832K)->16473K(16832K) NonClass: 14141K(14336K)->14141K(14336K) Class: 2331K(2496K)->2331K(2496K)
[71.152s][info][gc             ] GC(326) Pause Young (Allocation Failure) 125M->6M(929M) 0.396ms
[71.152s][info][gc,cpu         ] GC(326) User=0.00s Sys=0.00s Real=0.00s
[71.175s][info][gc,start       ] GC(327) Pause Young (Allocation Failure)
[71.176s][info][gc,heap        ] GC(327) PSYoungGen: 148288K(251904K)->384K(245248K) Eden: 147968K(147968K)->0K(147968K) From: 320K(103936K)->384K(97280K)
[71.176s][info][gc,heap        ] GC(327) ParOldGen: 6053K(699392K)->6053K(699392K)
[71.176s][info][gc,metaspace   ] GC(327) Metaspace: 16473K(16832K)->16473K(16832K) NonClass: 14141K(14336K)->14141K(14336K) Class: 2331K(2496K)->2331K(2496K)
[71.176s][info][gc             ] GC(327) Pause Young (Allocation Failure) 150M->6M(922M) 0.486ms
[71.176s][info][gc,cpu         ] GC(327) User=0.00s Sys=0.00s Real=0.00s
[71.199s][info][gc,start       ] GC(328) Pause Young (Allocation Failure)
[71.199s][info][gc,heap        ] GC(328) PSYoungGen: 148352K(245248K)->384K(264704K) Eden: 147968K(147968K)->0K(174080K) From: 384K(97280K)->384K(90624K)
[71.199s][info][gc,heap        ] GC(328) ParOldGen: 6053K(699392K)->6053K(699392K)
[71.199s][info][gc,metaspace   ] GC(328) Metaspace: 16473K(16832K)->16473K(16832K) NonClass: 14141K(14336K)->14141K(14336K) Class: 2331K(2496K)->2331K(2496K)
[71.199s][info][gc             ] GC(328) Pause Young (Allocation Failure) 150M->6M(941M) 0.481ms
[71.199s][info][gc,cpu         ] GC(328) User=0.00s Sys=0.00s Real=0.00s
[71.226s][info][gc,start       ] GC(329) Pause Young (Allocation Failure)
[71.227s][info][gc,heap        ] GC(329) PSYoungGen: 174464K(264704K)->384K(258560K) Eden: 174080K(174080K)->0K(174080K) From: 384K(90624K)->384K(84480K)
[71.227s][info][gc,heap        ] GC(329) ParOldGen: 6053K(699392K)->6053K(699392K)
[71.227s][info][gc,metaspace   ] GC(329) Metaspace: 16473K(16832K)->16473K(16832K) NonClass: 14141K(14336K)->14141K(14336K) Class: 2331K(2496K)->2331K(2496K)
[71.227s][info][gc             ] GC(329) Pause Young (Allocation Failure) 176M->6M(935M) 0.462ms
[71.227s][info][gc,cpu         ] GC(329) User=0.00s Sys=0.00s Real=0.00s
[71.254s][info][gc,start       ] GC(330) Pause Young (Allocation Failure)
[71.254s][info][gc,heap        ] GC(330) PSYoungGen: 174464K(258560K)->352K(275968K) Eden: 174080K(174080K)->0K(197120K) From: 384K(84480K)->352K(78848K)
[71.254s][info][gc,heap        ] GC(330) ParOldGen: 6053K(699392K)->6053K(699392K)
[71.254s][info][gc,metaspace   ] GC(330) Metaspace: 16473K(16832K)->16473K(16832K) NonClass: 14141K(14336K)->14141K(14336K) Class: 2331K(2496K)->2331K(2496K)
[71.254s][info][gc             ] GC(330) Pause Young (Allocation Failure) 176M->6M(952M) 0.539ms
[71.254s][info][gc,cpu         ] GC(330) User=0.00s Sys=0.00s Real=0.00s
[71.285s][info][gc,start       ] GC(331) Pause Young (Allocation Failure)
[71.286s][info][gc,heap        ] GC(331) PSYoungGen: 197472K(275968K)->384K(270336K) Eden: 197120K(197120K)->0K(197120K) From: 352K(78848K)->384K(73216K)
[71.286s][info][gc,heap        ] GC(331) ParOldGen: 6053K(699392K)->6053K(699392K)
[71.286s][info][gc,metaspace   ] GC(331) Metaspace: 16473K(16832K)->16473K(16832K) NonClass: 14141K(14336K)->14141K(14336K) Class: 2331K(2496K)->2331K(2496K)
[71.286s][info][gc             ] GC(331) Pause Young (Allocation Failure) 198M->6M(947M) 0.483ms
[71.286s][info][gc,cpu         ] GC(331) User=0.00s Sys=0.00s Real=0.00s
[71.317s][info][gc,start       ] GC(332) Pause Young (Allocation Failure)
[71.317s][info][gc,heap        ] GC(332) PSYoungGen: 197504K(270336K)->384K(285696K) Eden: 197120K(197120K)->0K(217600K) From: 384K(73216K)->384K(68096K)
[71.317s][info][gc,heap        ] GC(332) ParOldGen: 6053K(699392K)->6053K(699392K)
[71.317s][info][gc,metaspace   ] GC(332) Metaspace: 16473K(16832K)->16473K(16832K) NonClass: 14141K(14336K)->14141K(14336K) Class: 2331K(2496K)->2331K(2496K)
[71.317s][info][gc             ] GC(332) Pause Young (Allocation Failure) 198M->6M(962M) 0.550ms
[71.317s][info][gc,cpu         ] GC(332) User=0.00s Sys=0.00s Real=0.02s
[71.352s][info][gc,start       ] GC(333) Pause Young (Allocation Failure)
[71.352s][info][gc,heap        ] GC(333) PSYoungGen: 217984K(285696K)->352K(281088K) Eden: 217600K(217600K)->0K(217600K) From: 384K(68096K)->352K(63488K)
[71.352s][info][gc,heap        ] GC(333) ParOldGen: 6053K(699392K)->6053K(699392K)
[71.352s][info][gc,metaspace   ] GC(333) Metaspace: 16473K(16832K)->16473K(16832K) NonClass: 14141K(14336K)->14141K(14336K) Class: 2331K(2496K)->2331K(2496K)
[71.352s][info][gc             ] GC(333) Pause Young (Allocation Failure) 218M->6M(957M) 0.464ms
[71.352s][info][gc,cpu         ] GC(333) User=0.00s Sys=0.00s Real=0.00s
[71.425s][info][gc,start       ] GC(334) Pause Young (Allocation Failure)
[71.463s][info][gc,heap        ] GC(334) PSYoungGen: 217952K(281088K)->58851K(243200K) Eden: 217600K(217600K)->0K(184320K) From: 352K(63488K)->58851K(58880K)
[71.463s][info][gc,heap        ] GC(334) ParOldGen: 6053K(699392K)->30901K(699392K)
[71.463s][info][gc,metaspace   ] GC(334) Metaspace: 16473K(16832K)->16473K(16832K) NonClass: 14141K(14336K)->14141K(14336K) Class: 2331K(2496K)->2331K(2496K)
[71.463s][info][gc             ] GC(334) Pause Young (Allocation Failure) 218M->87M(920M) 37.545ms
[71.463s][info][gc,cpu         ] GC(334) User=0.05s Sys=0.00s Real=0.05s
[71.581s][info][gc,start       ] GC(335) Pause Young (Allocation Failure)
[71.672s][info][gc,heap        ] GC(335) PSYoungGen: 243171K(243200K)->82403K(266752K) Eden: 184320K(184320K)->0K(184320K) From: 58851K(58880K)->82403K(82432K)
[71.672s][info][gc,heap        ] GC(335) ParOldGen: 30901K(699392K)->131309K(699392K)
[71.672s][info][gc,metaspace   ] GC(335) Metaspace: 16473K(16832K)->16473K(16832K) NonClass: 14141K(14336K)->14141K(14336K) Class: 2331K(2496K)->2331K(2496K)
[71.672s][info][gc             ] GC(335) Pause Young (Allocation Failure) 267M->208M(943M) 91.650ms
[71.673s][info][gc,cpu         ] GC(335) User=0.48s Sys=0.00s Real=0.09s
[71.805s][info][gc,start       ] GC(336) Pause Young (Allocation Failure)
[71.910s][info][gc,heap        ] GC(336) PSYoungGen: 266723K(266752K)->82403K(199168K) Eden: 184320K(184320K)->0K(116736K) From: 82403K(82432K)->82403K(82432K)
[71.910s][info][gc,heap        ] GC(336) ParOldGen: 131309K(699392K)->258405K(699392K)
[71.910s][info][gc,metaspace   ] GC(336) Metaspace: 16473K(16832K)->16473K(16832K) NonClass: 14141K(14336K)->14141K(14336K) Class: 2331K(2496K)->2331K(2496K)
[71.910s][info][gc             ] GC(336) Pause Young (Allocation Failure) 388M->332M(877M) 105.155ms
[71.910s][info][gc,cpu         ] GC(336) User=0.56s Sys=0.00s Real=0.09s
[71.998s][info][gc,start       ] GC(337) Pause Young (Allocation Failure)
[72.090s][info][gc,heap        ] GC(337) PSYoungGen: 199139K(199168K)->116195K(232960K) Eden: 116736K(116736K)->0K(116736K) From: 82403K(82432K)->116195K(116224K)
[72.090s][info][gc,heap        ] GC(337) ParOldGen: 258405K(699392K)->305677K(699392K)
[72.090s][info][gc,metaspace   ] GC(337) Metaspace: 16473K(16832K)->16473K(16832K) NonClass: 14141K(14336K)->14141K(14336K) Class: 2331K(2496K)->2331K(2496K)
[72.090s][info][gc             ] GC(337) Pause Young (Allocation Failure) 446M->411M(910M) 91.659ms
[72.090s][info][gc,cpu         ] GC(337) User=0.42s Sys=0.00s Real=0.10s
[72.312s][info][gc,start       ] GC(338) Pause Young (Allocation Failure)
[72.395s][info][gc,heap        ] GC(338) PSYoungGen: 232931K(232960K)->116195K(232960K) Eden: 116736K(116736K)->0K(116736K) From: 116195K(116224K)->116195K(116224K)
[72.395s][info][gc,heap        ] GC(338) ParOldGen: 305677K(699392K)->331621K(699392K)
[72.395s][info][gc,metaspace   ] GC(338) Metaspace: 16473K(16832K)->16473K(16832K) NonClass: 14141K(14336K)->14141K(14336K) Class: 2331K(2496K)->2331K(2496K)
[72.395s][info][gc             ] GC(338) Pause Young (Allocation Failure) 525M->437M(910M) 82.561ms
[72.395s][info][gc,cpu         ] GC(338) User=0.41s Sys=0.02s Real=0.09s
[74.893s][info][gc,start       ] GC(339) Pause Young (Allocation Failure)
[74.975s][info][gc,heap        ] GC(339) PSYoungGen: 232931K(232960K)->116195K(232960K) Eden: 116736K(116736K)->0K(116736K) From: 116195K(116224K)->116195K(116224K)
[74.975s][info][gc,heap        ] GC(339) ParOldGen: 331621K(699392K)->374749K(699392K)
[74.975s][info][gc,metaspace   ] GC(339) Metaspace: 16473K(16832K)->16473K(16832K) NonClass: 14141K(14336K)->14141K(14336K) Class: 2331K(2496K)->2331K(2496K)
[74.975s][info][gc             ] GC(339) Pause Young (Allocation Failure) 551M->479M(910M) 82.023ms
[74.975s][info][gc,cpu         ] GC(339) User=0.50s Sys=0.00s Real=0.09s
[75.030s][info][gc,start       ] GC(340) Pause Young (Allocation Failure)
[75.115s][info][gc,heap        ] GC(340) PSYoungGen: 232931K(232960K)->114656K(232960K) Eden: 116736K(116736K)->0K(116736K) From: 116195K(116224K)->114656K(116224K)
[75.115s][info][gc,heap        ] GC(340) ParOldGen: 374749K(699392K)->426977K(699392K)
[75.115s][info][gc,metaspace   ] GC(340) Metaspace: 16473K(16832K)->16473K(16832K) NonClass: 14141K(14336K)->14141K(14336K) Class: 2331K(2496K)->2331K(2496K)
[75.115s][info][gc             ] GC(340) Pause Young (Allocation Failure) 593M->528M(910M) 85.350ms
[75.115s][info][gc,cpu         ] GC(340) User=0.48s Sys=0.00s Real=0.09s
[75.171s][info][gc,start       ] GC(341) Pause Young (Allocation Failure)
[75.244s][info][gc,heap        ] GC(341) PSYoungGen: 231392K(232960K)->116224K(232960K) Eden: 116736K(116736K)->0K(116736K) From: 114656K(116224K)->116224K(116224K)
[75.244s][info][gc,heap        ] GC(341) ParOldGen: 426977K(699392K)->474025K(699392K)
[75.244s][info][gc,metaspace   ] GC(341) Metaspace: 16473K(16832K)->16473K(16832K) NonClass: 14141K(14336K)->14141K(14336K) Class: 2331K(2496K)->2331K(2496K)
[75.244s][info][gc             ] GC(341) Pause Young (Allocation Failure) 642M->576M(910M) 72.553ms
[75.244s][info][gc,cpu         ] GC(341) User=0.44s Sys=0.00s Real=0.08s
[75.301s][info][gc,start       ] GC(342) Pause Young (Allocation Failure)
[75.378s][info][gc,heap        ] GC(342) PSYoungGen: 232960K(232960K)->116224K(232960K) Eden: 116736K(116736K)->0K(116736K) From: 116224K(116224K)->116224K(116224K)
[75.378s][info][gc,heap        ] GC(342) ParOldGen: 474025K(699392K)->524113K(699392K)
[75.378s][info][gc,metaspace   ] GC(342) Metaspace: 16473K(16832K)->16473K(16832K) NonClass: 14141K(14336K)->14141K(14336K) Class: 2331K(2496K)->2331K(2496K)
[75.378s][info][gc             ] GC(342) Pause Young (Allocation Failure) 690M->625M(910M) 76.627ms
[75.378s][info][gc,cpu         ] GC(342) User=0.42s Sys=0.00s Real=0.08s
[75.434s][info][gc,start       ] GC(343) Pause Young (Allocation Failure)
[75.506s][info][gc,heap        ] GC(343) PSYoungGen: 232960K(232960K)->85856K(232960K) Eden: 116736K(116736K)->0K(116736K) From: 116224K(116224K)->85856K(116224K)
[75.506s][info][gc,heap        ] GC(343) ParOldGen: 524113K(699392K)->605105K(699392K)
[75.506s][info][gc,metaspace   ] GC(343) Metaspace: 16473K(16832K)->16473K(16832K) NonClass: 14141K(14336K)->14141K(14336K) Class: 2331K(2496K)->2331K(2496K)
[75.506s][info][gc             ] GC(343) Pause Young (Allocation Failure) 739M->674M(910M) 71.548ms
[75.506s][info][gc,cpu         ] GC(343) User=0.33s Sys=0.00s Real=0.06s
[75.564s][info][gc,start       ] GC(344) Pause Full (Ergonomics)
[75.564s][info][gc,phases,start] GC(344) Marking Phase
[75.636s][info][gc,phases      ] GC(344) Marking Phase 72.093ms
[75.636s][info][gc,phases,start] GC(344) Summary Phase
[75.636s][info][gc,phases      ] GC(344) Summary Phase 0.020ms
[75.636s][info][gc,phases,start] GC(344) Adjust Roots
[75.638s][info][gc,phases      ] GC(344) Adjust Roots 1.501ms
[75.638s][info][gc,phases,start] GC(344) Compaction Phase
[75.790s][info][gc,phases      ] GC(344) Compaction Phase 151.972ms
[75.791s][info][gc,phases,start] GC(344) Post Compact
[75.793s][info][gc,phases      ] GC(344) Post Compact 1.729ms
[75.793s][info][gc,heap        ] GC(344) PSYoungGen: 202592K(232960K)->0K(232960K) Eden: 116736K(116736K)->0K(116736K) From: 85856K(116224K)->0K(116224K)
[75.793s][info][gc,heap        ] GC(344) ParOldGen: 605105K(699392K)->292091K(699392K)
[75.793s][info][gc,metaspace   ] GC(344) Metaspace: 16473K(16832K)->16473K(16832K) NonClass: 14141K(14336K)->14141K(14336K) Class: 2331K(2496K)->2331K(2496K)
[75.793s][info][gc             ] GC(344) Pause Full (Ergonomics) 788M->285M(910M) 229.216ms
[75.793s][info][gc,cpu         ] GC(344) User=1.25s Sys=0.00s Real=0.24s
[75.852s][info][gc,start       ] GC(345) Pause Young (Allocation Failure)
[75.876s][info][gc,heap        ] GC(345) PSYoungGen: 116736K(232960K)->50944K(232960K) Eden: 116736K(116736K)->0K(116736K) From: 0K(116224K)->50944K(116224K)
[75.876s][info][gc,heap        ] GC(345) ParOldGen: 292091K(699392K)->292091K(699392K)
[75.876s][info][gc,metaspace   ] GC(345) Metaspace: 16473K(16832K)->16473K(16832K) NonClass: 14141K(14336K)->14141K(14336K) Class: 2331K(2496K)->2331K(2496K)
[75.876s][info][gc             ] GC(345) Pause Young (Allocation Failure) 399M->334M(910M) 23.841ms
[75.876s][info][gc,cpu         ] GC(345) User=0.05s Sys=0.00s Real=0.02s
[75.936s][info][gc,start       ] GC(346) Pause Young (Allocation Failure)
[75.978s][info][gc,heap        ] GC(346) PSYoungGen: 167680K(232960K)->51072K(232960K) Eden: 116736K(116736K)->0K(116736K) From: 50944K(116224K)->51072K(116224K)
[75.978s][info][gc,heap        ] GC(346) ParOldGen: 292091K(699392K)->340131K(699392K)
[75.978s][info][gc,metaspace   ] GC(346) Metaspace: 16473K(16832K)->16473K(16832K) NonClass: 14141K(14336K)->14141K(14336K) Class: 2331K(2496K)->2331K(2496K)
[75.978s][info][gc             ] GC(346) Pause Young (Allocation Failure) 448M->382M(910M) 41.707ms
[75.978s][info][gc,cpu         ] GC(346) User=0.17s Sys=0.00s Real=0.04s
[76.066s][info][gc,start       ] GC(347) Pause Young (Allocation Failure)
[76.124s][info][gc,heap        ] GC(347) PSYoungGen: 167808K(232960K)->72842K(232960K) Eden: 116736K(116736K)->0K(116736K) From: 51072K(116224K)->72842K(116224K)
[76.124s][info][gc,heap        ] GC(347) ParOldGen: 340131K(699392K)->388259K(699392K)
[76.124s][info][gc,metaspace   ] GC(347) Metaspace: 16473K(16832K)->16473K(16832K) NonClass: 14141K(14336K)->14141K(14336K) Class: 2331K(2496K)->2331K(2496K)
[76.124s][info][gc             ] GC(347) Pause Young (Allocation Failure) 496M->450M(910M) 57.978ms
[76.124s][info][gc,cpu         ] GC(347) User=0.31s Sys=0.00s Real=0.06s
[76.446s][info][gc,start       ] GC(348) Pause Young (Allocation Failure)
[76.528s][info][gc,heap        ] GC(348) PSYoungGen: 189578K(232960K)->33792K(232960K) Eden: 116736K(116736K)->0K(116736K) From: 72842K(116224K)->33792K(116224K)
[76.528s][info][gc,heap        ] GC(348) ParOldGen: 388259K(699392K)->439084K(699392K)
[76.528s][info][gc,metaspace   ] GC(348) Metaspace: 16473K(16832K)->16473K(16832K) NonClass: 14141K(14336K)->14141K(14336K) Class: 2331K(2496K)->2331K(2496K)
[76.528s][info][gc             ] GC(348) Pause Young (Allocation Failure) 564M->461M(910M) 81.959ms
[76.528s][info][gc,cpu         ] GC(348) User=0.31s Sys=0.00s Real=0.09s
[76.673s][info][gc,start       ] GC(349) Pause Young (Allocation Failure)
[76.708s][info][gc,heap        ] GC(349) PSYoungGen: 150528K(232960K)->3776K(232960K) Eden: 116736K(116736K)->0K(116736K) From: 33792K(116224K)->3776K(116224K)
[76.708s][info][gc,heap        ] GC(349) ParOldGen: 439084K(699392K)->469564K(699392K)
[76.708s][info][gc,metaspace   ] GC(349) Metaspace: 16473K(16832K)->16473K(16832K) NonClass: 14141K(14336K)->14141K(14336K) Class: 2331K(2496K)->2331K(2496K)
[76.708s][info][gc             ] GC(349) Pause Young (Allocation Failure) 575M->462M(910M) 35.300ms
[76.708s][info][gc,cpu         ] GC(349) User=0.16s Sys=0.00s Real=0.03s
[76.847s][info][gc,start       ] GC(350) Pause Young (Allocation Failure)
[76.850s][info][gc,heap        ] GC(350) PSYoungGen: 120512K(232960K)->3040K(232960K) Eden: 116736K(116736K)->0K(116736K) From: 3776K(116224K)->3040K(116224K)
[76.850s][info][gc,heap        ] GC(350) ParOldGen: 469564K(699392K)->469884K(699392K)
[76.850s][info][gc,metaspace   ] GC(350) Metaspace: 16473K(16832K)->16473K(16832K) NonClass: 14141K(14336K)->14141K(14336K) Class: 2331K(2496K)->2331K(2496K)
[76.850s][info][gc             ] GC(350) Pause Young (Allocation Failure) 576M->461M(910M) 2.841ms
[76.850s][info][gc,cpu         ] GC(350) User=0.00s Sys=0.00s Real=0.00s
[76.975s][info][gc,start       ] GC(351) Pause Young (Allocation Failure)
[76.977s][info][gc,heap        ] GC(351) PSYoungGen: 119776K(232960K)->2272K(232960K) Eden: 116736K(116736K)->0K(116736K) From: 3040K(116224K)->2272K(116224K)
[76.977s][info][gc,heap        ] GC(351) ParOldGen: 469884K(699392K)->469996K(699392K)
[76.977s][info][gc,metaspace   ] GC(351) Metaspace: 16473K(16832K)->16473K(16832K) NonClass: 14141K(14336K)->14141K(14336K) Class: 2331K(2496K)->2331K(2496K)
[76.977s][info][gc             ] GC(351) Pause Young (Allocation Failure) 575M->461M(910M) 2.330ms
[76.978s][info][gc,cpu         ] GC(351) User=0.00s Sys=0.00s Real=0.00s
[77.244s][info][gc,start       ] GC(352) Pause Young (Allocation Failure)
[77.246s][info][gc,heap        ] GC(352) PSYoungGen: 119008K(232960K)->2176K(232960K) Eden: 116736K(116736K)->0K(116736K) From: 2272K(116224K)->2176K(116224K)
[77.246s][info][gc,heap        ] GC(352) ParOldGen: 469996K(699392K)->469996K(699392K)
[77.246s][info][gc,metaspace   ] GC(352) Metaspace: 16473K(16832K)->16473K(16832K) NonClass: 14141K(14336K)->14141K(14336K) Class: 2331K(2496K)->2331K(2496K)
[77.246s][info][gc             ] GC(352) Pause Young (Allocation Failure) 575M->461M(910M) 1.605ms
[77.246s][info][gc,cpu         ] GC(352) User=0.00s Sys=0.00s Real=0.00s
[77.819s][info][gc,start       ] GC(353) Pause Young (System.gc())
[77.820s][info][gc,heap        ] GC(353) PSYoungGen: 78612K(232960K)->96K(232960K) Eden: 76436K(116736K)->0K(116736K) From: 2176K(116224K)->96K(116224K)
[77.820s][info][gc,heap        ] GC(353) ParOldGen: 469996K(699392K)->470036K(699392K)
[77.820s][info][gc,metaspace   ] GC(353) Metaspace: 16473K(16832K)->16473K(16832K) NonClass: 14142K(14336K)->14142K(14336K) Class: 2331K(2496K)->2331K(2496K)
[77.820s][info][gc             ] GC(353) Pause Young (System.gc()) 535M->459M(910M) 0.683ms
[77.820s][info][gc,cpu         ] GC(353) User=0.00s Sys=0.00s Real=0.00s
[77.820s][info][gc,start       ] GC(354) Pause Full (System.gc())
[77.820s][info][gc,phases,start] GC(354) Marking Phase
[77.825s][info][gc,phases      ] GC(354) Marking Phase 4.674ms
[77.825s][info][gc,phases,start] GC(354) Summary Phase
[77.825s][info][gc,phases      ] GC(354) Summary Phase 0.016ms
[77.825s][info][gc,phases,start] GC(354) Adjust Roots
[77.827s][info][gc,phases      ] GC(354) Adjust Roots 2.423ms
[77.827s][info][gc,phases,start] GC(354) Compaction Phase
[77.829s][info][gc,phases      ] GC(354) Compaction Phase 1.411ms
[77.829s][info][gc,phases,start] GC(354) Post Compact
[77.831s][info][gc,phases      ] GC(354) Post Compact 1.895ms
[77.831s][info][gc,heap        ] GC(354) PSYoungGen: 96K(232960K)->0K(232960K) Eden: 0K(116736K)->0K(116736K) From: 96K(116224K)->0K(116224K)
[77.831s][info][gc,heap        ] GC(354) ParOldGen: 470036K(699392K)->5541K(699392K)
[77.831s][info][gc,metaspace   ] GC(354) Metaspace: 16473K(16832K)->16473K(16832K) NonClass: 14142K(14336K)->14142K(14336K) Class: 2331K(2496K)->2331K(2496K)
[77.831s][info][gc             ] GC(354) Pause Full (System.gc()) 459M->5M(910M) 10.642ms
[77.831s][info][gc,cpu         ] GC(354) User=0.00s Sys=0.00s Real=0.02s
[79.083s][info][gc,start       ] GC(355) Pause Young (Allocation Failure)
[79.083s][info][gc,heap        ] GC(355) PSYoungGen: 116736K(232960K)->320K(232960K) Eden: 116736K(116736K)->0K(116736K) From: 0K(116224K)->320K(116224K)
[79.083s][info][gc,heap        ] GC(355) ParOldGen: 5541K(699392K)->5541K(699392K)
[79.083s][info][gc,metaspace   ] GC(355) Metaspace: 16477K(16832K)->16477K(16832K) NonClass: 14146K(14336K)->14146K(14336K) Class: 2331K(2496K)->2331K(2496K)
[79.083s][info][gc             ] GC(355) Pause Young (Allocation Failure) 119M->5M(910M) 0.566ms
[79.083s][info][gc,cpu         ] GC(355) User=0.00s Sys=0.00s Real=0.00s
[79.102s][info][gc,start       ] GC(356) Pause Young (Allocation Failure)
[79.102s][info][gc,heap        ] GC(356) PSYoungGen: 117056K(232960K)->288K(232960K) Eden: 116736K(116736K)->0K(116736K) From: 320K(116224K)->288K(116224K)
[79.102s][info][gc,heap        ] GC(356) ParOldGen: 5541K(699392K)->5621K(699392K)
[79.102s][info][gc,metaspace   ] GC(356) Metaspace: 16477K(16832K)->16477K(16832K) NonClass: 14146K(14336K)->14146K(14336K) Class: 2331K(2496K)->2331K(2496K)
[79.102s][info][gc             ] GC(356) Pause Young (Allocation Failure) 119M->5M(910M) 0.678ms
[79.102s][info][gc,cpu         ] GC(356) User=0.00s Sys=0.00s Real=0.00s
[79.121s][info][gc,start       ] GC(357) Pause Young (Allocation Failure)
[79.121s][info][gc,heap        ] GC(357) PSYoungGen: 117024K(232960K)->224K(232960K) Eden: 116736K(116736K)->0K(116736K) From: 288K(116224K)->224K(116224K)
[79.121s][info][gc,heap        ] GC(357) ParOldGen: 5621K(699392K)->5661K(699392K)
[79.121s][info][gc,metaspace   ] GC(357) Metaspace: 16477K(16832K)->16477K(16832K) NonClass: 14146K(14336K)->14146K(14336K) Class: 2331K(2496K)->2331K(2496K)
[79.121s][info][gc             ] GC(357) Pause Young (Allocation Failure) 119M->5M(910M) 0.456ms
[79.121s][info][gc,cpu         ] GC(357) User=0.00s Sys=0.00s Real=0.00s
[79.140s][info][gc,start       ] GC(358) Pause Young (Allocation Failure)
[79.140s][info][gc,heap        ] GC(358) PSYoungGen: 116960K(232960K)->288K(232960K) Eden: 116736K(116736K)->0K(116736K) From: 224K(116224K)->288K(116224K)
[79.140s][info][gc,heap        ] GC(358) ParOldGen: 5661K(699392K)->5709K(699392K)
[79.140s][info][gc,metaspace   ] GC(358) Metaspace: 16477K(16832K)->16477K(16832K) NonClass: 14146K(14336K)->14146K(14336K) Class: 2331K(2496K)->2331K(2496K)
[79.140s][info][gc             ] GC(358) Pause Young (Allocation Failure) 119M->5M(910M) 0.416ms
[79.140s][info][gc,cpu         ] GC(358) User=0.00s Sys=0.00s Real=0.00s
[79.158s][info][gc,start       ] GC(359) Pause Young (Allocation Failure)
[79.159s][info][gc,heap        ] GC(359) PSYoungGen: 117024K(232960K)->224K(232960K) Eden: 116736K(116736K)->0K(116736K) From: 288K(116224K)->224K(116224K)
[79.159s][info][gc,heap        ] GC(359) ParOldGen: 5709K(699392K)->5757K(699392K)
[79.159s][info][gc,metaspace   ] GC(359) Metaspace: 16477K(16832K)->16477K(16832K) NonClass: 14146K(14336K)->14146K(14336K) Class: 2331K(2496K)->2331K(2496K)
[79.159s][info][gc             ] GC(359) Pause Young (Allocation Failure) 119M->5M(910M) 0.414ms
[79.159s][info][gc,cpu         ] GC(359) User=0.00s Sys=0.00s Real=0.00s
[79.177s][info][gc,start       ] GC(360) Pause Young (Allocation Failure)
[79.177s][info][gc,heap        ] GC(360) PSYoungGen: 116960K(232960K)->288K(232960K) Eden: 116736K(116736K)->0K(116736K) From: 224K(116224K)->288K(116224K)
[79.177s][info][gc,heap        ] GC(360) ParOldGen: 5757K(699392K)->5797K(699392K)
[79.177s][info][gc,metaspace   ] GC(360) Metaspace: 16477K(16832K)->16477K(16832K) NonClass: 14146K(14336K)->14146K(14336K) Class: 2331K(2496K)->2331K(2496K)
[79.177s][info][gc             ] GC(360) Pause Young (Allocation Failure) 119M->5M(910M) 0.415ms
[79.177s][info][gc,cpu         ] GC(360) User=0.00s Sys=0.00s Real=0.00s
[79.195s][info][gc,start       ] GC(361) Pause Young (Allocation Failure)
[79.196s][info][gc,heap        ] GC(361) PSYoungGen: 117024K(232960K)->224K(232960K) Eden: 116736K(116736K)->0K(116736K) From: 288K(116224K)->224K(116224K)
[79.196s][info][gc,heap        ] GC(361) ParOldGen: 5797K(699392K)->5853K(699392K)
[79.196s][info][gc,metaspace   ] GC(361) Metaspace: 16477K(16832K)->16477K(16832K) NonClass: 14146K(14336K)->14146K(14336K) Class: 2331K(2496K)->2331K(2496K)
[79.196s][info][gc             ] GC(361) Pause Young (Allocation Failure) 119M->5M(910M) 0.411ms
[79.196s][info][gc,cpu         ] GC(361) User=0.00s Sys=0.00s Real=0.00s
[79.214s][info][gc,start       ] GC(362) Pause Young (Allocation Failure)
[79.214s][info][gc,heap        ] GC(362) PSYoungGen: 116960K(232960K)->192K(232960K) Eden: 116736K(116736K)->0K(116736K) From: 224K(116224K)->192K(116224K)
[79.214s][info][gc,heap        ] GC(362) ParOldGen: 5853K(699392K)->5901K(699392K)
[79.214s][info][gc,metaspace   ] GC(362) Metaspace: 16477K(16832K)->16477K(16832K) NonClass: 14146K(14336K)->14146K(14336K) Class: 2331K(2496K)->2331K(2496K)
[79.214s][info][gc             ] GC(362) Pause Young (Allocation Failure) 119M->5M(910M) 0.417ms
[79.214s][info][gc,cpu         ] GC(362) User=0.00s Sys=0.00s Real=0.00s
[79.232s][info][gc,start       ] GC(363) Pause Young (Allocation Failure)
[79.232s][info][gc,heap        ] GC(363) PSYoungGen: 116928K(232960K)->320K(232960K) Eden: 116736K(116736K)->0K(116736K) From: 192K(116224K)->320K(116224K)
[79.232s][info][gc,heap        ] GC(363) ParOldGen: 5901K(699392K)->5941K(699392K)
[79.232s][info][gc,metaspace   ] GC(363) Metaspace: 16477K(16832K)->16477K(16832K) NonClass: 14146K(14336K)->14146K(14336K) Class: 2331K(2496K)->2331K(2496K)
[79.232s][info][gc             ] GC(363) Pause Young (Allocation Failure) 119M->6M(910M) 0.415ms
[79.232s][info][gc,cpu         ] GC(363) User=0.00s Sys=0.00s Real=0.00s
[79.251s][info][gc,start       ] GC(364) Pause Young (Allocation Failure)
[79.251s][info][gc,heap        ] GC(364) PSYoungGen: 117056K(232960K)->256K(232960K) Eden: 116736K(116736K)->0K(116736K) From: 320K(116224K)->256K(116224K)
[79.251s][info][gc,heap        ] GC(364) ParOldGen: 5941K(699392K)->5997K(699392K)
[79.251s][info][gc,metaspace   ] GC(364) Metaspace: 16477K(16832K)->16477K(16832K) NonClass: 14146K(14336K)->14146K(14336K) Class: 2331K(2496K)->2331K(2496K)
[79.251s][info][gc             ] GC(364) Pause Young (Allocation Failure) 120M->6M(910M) 0.415ms
[79.251s][info][gc,cpu         ] GC(364) User=0.00s Sys=0.00s Real=0.00s
[79.269s][info][gc,start       ] GC(365) Pause Young (Allocation Failure)
[79.270s][info][gc,heap        ] GC(365) PSYoungGen: 116992K(232960K)->224K(235520K) Eden: 116736K(116736K)->0K(119296K) From: 256K(116224K)->224K(116224K)
[79.270s][info][gc,heap        ] GC(365) ParOldGen: 5997K(699392K)->6045K(699392K)
[79.270s][info][gc,metaspace   ] GC(365) Metaspace: 16477K(16832K)->16477K(16832K) NonClass: 14146K(14336K)->14146K(14336K) Class: 2331K(2496K)->2331K(2496K)
[79.270s][info][gc             ] GC(365) Pause Young (Allocation Failure) 120M->6M(913M) 0.456ms
[79.270s][info][gc,cpu         ] GC(365) User=0.00s Sys=0.00s Real=0.00s
[79.288s][info][gc,start       ] GC(366) Pause Young (Allocation Failure)
[79.288s][info][gc,heap        ] GC(366) PSYoungGen: 119520K(235520K)->224K(232960K) Eden: 119296K(119296K)->0K(119296K) From: 224K(116224K)->224K(113664K)
[79.289s][info][gc,heap        ] GC(366) ParOldGen: 6045K(699392K)->6045K(699392K)
[79.289s][info][gc,metaspace   ] GC(366) Metaspace: 16477K(16832K)->16477K(16832K) NonClass: 14146K(14336K)->14146K(14336K) Class: 2331K(2496K)->2331K(2496K)
[79.289s][info][gc             ] GC(366) Pause Young (Allocation Failure) 122M->6M(910M) 0.410ms
[79.289s][info][gc,cpu         ] GC(366) User=0.00s Sys=0.00s Real=0.00s
[79.307s][info][gc,start       ] GC(367) Pause Young (Allocation Failure)
[79.308s][info][gc,heap        ] GC(367) PSYoungGen: 119520K(232960K)->320K(249344K) Eden: 119296K(119296K)->0K(142848K) From: 224K(113664K)->320K(106496K)
[79.308s][info][gc,heap        ] GC(367) ParOldGen: 6045K(699392K)->6045K(699392K)
[79.308s][info][gc,metaspace   ] GC(367) Metaspace: 16477K(16832K)->16477K(16832K) NonClass: 14146K(14336K)->14146K(14336K) Class: 2331K(2496K)->2331K(2496K)
[79.308s][info][gc             ] GC(367) Pause Young (Allocation Failure) 122M->6M(926M) 0.426ms
[79.308s][info][gc,cpu         ] GC(367) User=0.00s Sys=0.00s Real=0.00s
[79.331s][info][gc,start       ] GC(368) Pause Young (Allocation Failure)
[79.331s][info][gc,heap        ] GC(368) PSYoungGen: 143168K(249344K)->352K(242688K) Eden: 142848K(142848K)->0K(142848K) From: 320K(106496K)->352K(99840K)
[79.331s][info][gc,heap        ] GC(368) ParOldGen: 6045K(699392K)->6045K(699392K)
[79.331s][info][gc,metaspace   ] GC(368) Metaspace: 16477K(16832K)->16477K(16832K) NonClass: 14146K(14336K)->14146K(14336K) Class: 2331K(2496K)->2331K(2496K)
[79.331s][info][gc             ] GC(368) Pause Young (Allocation Failure) 145M->6M(920M) 0.481ms
[79.331s][info][gc,cpu         ] GC(368) User=0.00s Sys=0.00s Real=0.00s
[79.354s][info][gc,start       ] GC(369) Pause Young (Allocation Failure)
[79.354s][info][gc,heap        ] GC(369) PSYoungGen: 143200K(242688K)->288K(262656K) Eden: 142848K(142848K)->0K(169472K) From: 352K(99840K)->288K(93184K)
[79.354s][info][gc,heap        ] GC(369) ParOldGen: 6045K(699392K)->6045K(699392K)
[79.354s][info][gc,metaspace   ] GC(369) Metaspace: 16477K(16832K)->16477K(16832K) NonClass: 14146K(14336K)->14146K(14336K) Class: 2331K(2496K)->2331K(2496K)
[79.354s][info][gc             ] GC(369) Pause Young (Allocation Failure) 145M->6M(939M) 0.493ms
[79.354s][info][gc,cpu         ] GC(369) User=0.00s Sys=0.00s Real=0.00s
[79.381s][info][gc,start       ] GC(370) Pause Young (Allocation Failure)
[79.381s][info][gc,heap        ] GC(370) PSYoungGen: 169760K(262656K)->320K(256000K) Eden: 169472K(169472K)->0K(169472K) From: 288K(93184K)->320K(86528K)
[79.381s][info][gc,heap        ] GC(370) ParOldGen: 6045K(699392K)->6045K(699392K)
[79.381s][info][gc,metaspace   ] GC(370) Metaspace: 16477K(16832K)->16477K(16832K) NonClass: 14146K(14336K)->14146K(14336K) Class: 2331K(2496K)->2331K(2496K)
[79.381s][info][gc             ] GC(370) Pause Young (Allocation Failure) 171M->6M(933M) 0.523ms
[79.381s][info][gc,cpu         ] GC(370) User=0.00s Sys=0.00s Real=0.00s
[79.409s][info][gc,start       ] GC(371) Pause Young (Allocation Failure)
[79.409s][info][gc,heap        ] GC(371) PSYoungGen: 169792K(256000K)->352K(273920K) Eden: 169472K(169472K)->0K(193024K) From: 320K(86528K)->352K(80896K)
[79.409s][info][gc,heap        ] GC(371) ParOldGen: 6045K(699392K)->6045K(699392K)
[79.409s][info][gc,metaspace   ] GC(371) Metaspace: 16477K(16832K)->16477K(16832K) NonClass: 14146K(14336K)->14146K(14336K) Class: 2331K(2496K)->2331K(2496K)
[79.409s][info][gc             ] GC(371) Pause Young (Allocation Failure) 171M->6M(950M) 0.582ms
[79.409s][info][gc,cpu         ] GC(371) User=0.00s Sys=0.00s Real=0.00s
[79.440s][info][gc,start       ] GC(372) Pause Young (Allocation Failure)
[79.440s][info][gc,heap        ] GC(372) PSYoungGen: 193376K(273920K)->352K(268288K) Eden: 193024K(193024K)->0K(193024K) From: 352K(80896K)->352K(75264K)
[79.440s][info][gc,heap        ] GC(372) ParOldGen: 6045K(699392K)->6045K(699392K)
[79.441s][info][gc,metaspace   ] GC(372) Metaspace: 16477K(16832K)->16477K(16832K) NonClass: 14146K(14336K)->14146K(14336K) Class: 2331K(2496K)->2331K(2496K)
[79.441s][info][gc             ] GC(372) Pause Young (Allocation Failure) 194M->6M(945M) 0.535ms
[79.441s][info][gc,cpu         ] GC(372) User=0.00s Sys=0.00s Real=0.00s
[79.472s][info][gc,start       ] GC(373) Pause Young (Allocation Failure)
[79.472s][info][gc,heap        ] GC(373) PSYoungGen: 193376K(268288K)->384K(284160K) Eden: 193024K(193024K)->0K(214528K) From: 352K(75264K)->384K(69632K)
[79.473s][info][gc,heap        ] GC(373) ParOldGen: 6045K(699392K)->6045K(699392K)
[79.473s][info][gc,metaspace   ] GC(373) Metaspace: 16477K(16832K)->16477K(16832K) NonClass: 14146K(14336K)->14146K(14336K) Class: 2331K(2496K)->2331K(2496K)
[79.473s][info][gc             ] GC(373) Pause Young (Allocation Failure) 194M->6M(960M) 0.562ms
[79.473s][info][gc,cpu         ] GC(373) User=0.00s Sys=0.00s Real=0.02s
[79.507s][info][gc,start       ] GC(374) Pause Young (Allocation Failure)
[79.507s][info][gc,heap        ] GC(374) PSYoungGen: 214912K(284160K)->384K(279552K) Eden: 214528K(214528K)->0K(214528K) From: 384K(69632K)->384K(65024K)
[79.507s][info][gc,heap        ] GC(374) ParOldGen: 6045K(699392K)->6045K(699392K)
[79.507s][info][gc,metaspace   ] GC(374) Metaspace: 16477K(16832K)->16477K(16832K) NonClass: 14146K(14336K)->14146K(14336K) Class: 2331K(2496K)->2331K(2496K)
[79.508s][info][gc             ] GC(374) Pause Young (Allocation Failure) 215M->6M(956M) 0.451ms
[79.508s][info][gc,cpu         ] GC(374) User=0.00s Sys=0.00s Real=0.00s
[79.564s][info][gc,start       ] GC(375) Pause Young (Allocation Failure)
[79.586s][info][gc,heap        ] GC(375) PSYoungGen: 214912K(279552K)->56355K(263168K) Eden: 214528K(214528K)->0K(202752K) From: 384K(65024K)->56355K(60416K)
[79.586s][info][gc,heap        ] GC(375) ParOldGen: 6045K(699392K)->6045K(699392K)
[79.586s][info][gc,metaspace   ] GC(375) Metaspace: 16478K(16832K)->16478K(16832K) NonClass: 14146K(14336K)->14146K(14336K) Class: 2331K(2496K)->2331K(2496K)
[79.586s][info][gc             ] GC(375) Pause Young (Allocation Failure) 215M->60M(940M) 21.977ms
[79.586s][info][gc,cpu         ] GC(375) User=0.03s Sys=0.00s Real=0.02s
[79.709s][info][gc,start       ] GC(376) Pause Young (Allocation Failure)
[79.803s][info][gc,heap        ] GC(376) PSYoungGen: 259107K(263168K)->73202K(275968K) Eden: 202752K(202752K)->0K(202752K) From: 56355K(60416K)->73202K(73216K)
[79.803s][info][gc,heap        ] GC(376) ParOldGen: 6045K(699392K)->123517K(699392K)
[79.803s][info][gc,metaspace   ] GC(376) Metaspace: 16478K(16832K)->16478K(16832K) NonClass: 14146K(14336K)->14146K(14336K) Class: 2331K(2496K)->2331K(2496K)
[79.803s][info][gc             ] GC(376) Pause Young (Allocation Failure) 258M->192M(952M) 94.417ms
[79.803s][info][gc,cpu         ] GC(376) User=0.56s Sys=0.02s Real=0.11s
[79.948s][info][gc,start       ] GC(377) Pause Young (Allocation Failure)
[80.066s][info][gc,heap        ] GC(377) PSYoungGen: 275954K(275968K)->73187K(189952K) Eden: 202752K(202752K)->0K(116736K) From: 73202K(73216K)->73187K(73216K)
[80.066s][info][gc,heap        ] GC(377) ParOldGen: 123517K(699392K)->264493K(699392K)
[80.066s][info][gc,metaspace   ] GC(377) Metaspace: 16478K(16832K)->16478K(16832K) NonClass: 14146K(14336K)->14146K(14336K) Class: 2331K(2496K)->2331K(2496K)
[80.066s][info][gc             ] GC(377) Pause Young (Allocation Failure) 390M->329M(868M) 117.298ms
[80.066s][info][gc,cpu         ] GC(377) User=0.66s Sys=0.00s Real=0.11s
[80.147s][info][gc,start       ] GC(378) Pause Young (Allocation Failure)
[80.221s][info][gc,heap        ] GC(378) PSYoungGen: 189923K(189952K)->116195K(232960K) Eden: 116736K(116736K)->0K(116736K) From: 73187K(73216K)->116195K(116224K)
[80.221s][info][gc,heap        ] GC(378) ParOldGen: 264493K(699392K)->302309K(699392K)
[80.221s][info][gc,metaspace   ] GC(378) Metaspace: 16478K(16832K)->16478K(16832K) NonClass: 14146K(14336K)->14146K(14336K) Class: 2331K(2496K)->2331K(2496K)
[80.221s][info][gc             ] GC(378) Pause Young (Allocation Failure) 443M->408M(910M) 73.348ms
[80.221s][info][gc,cpu         ] GC(378) User=0.42s Sys=0.00s Real=0.08s
[80.485s][info][gc,start       ] GC(379) Pause Young (Allocation Failure)
[80.566s][info][gc,heap        ] GC(379) PSYoungGen: 232931K(232960K)->116195K(232960K) Eden: 116736K(116736K)->0K(116736K) From: 116195K(116224K)->116195K(116224K)
[80.566s][info][gc,heap        ] GC(379) ParOldGen: 302309K(699392K)->331022K(699392K)
[80.566s][info][gc,metaspace   ] GC(379) Metaspace: 16478K(16832K)->16478K(16832K) NonClass: 14146K(14336K)->14146K(14336K) Class: 2331K(2496K)->2331K(2496K)
[80.566s][info][gc             ] GC(379) Pause Young (Allocation Failure) 522M->436M(910M) 81.821ms
[80.566s][info][gc,cpu         ] GC(379) User=0.48s Sys=0.00s Real=0.09s
[83.510s][info][gc,start       ] GC(380) Pause Young (Allocation Failure)
[83.591s][info][gc,heap        ] GC(380) PSYoungGen: 232931K(232960K)->116195K(232960K) Eden: 116736K(116736K)->0K(116736K) From: 116195K(116224K)->116195K(116224K)
[83.591s][info][gc,heap        ] GC(380) ParOldGen: 331022K(699392K)->371470K(699392K)
[83.591s][info][gc,metaspace   ] GC(380) Metaspace: 16478K(16832K)->16478K(16832K) NonClass: 14147K(14336K)->14147K(14336K) Class: 2331K(2496K)->2331K(2496K)
[83.591s][info][gc             ] GC(380) Pause Young (Allocation Failure) 550M->476M(910M) 80.702ms
[83.591s][info][gc,cpu         ] GC(380) User=0.48s Sys=0.00s Real=0.10s
[83.646s][info][gc,start       ] GC(381) Pause Young (Allocation Failure)
[83.731s][info][gc,heap        ] GC(381) PSYoungGen: 232931K(232960K)->116224K(232960K) Eden: 116736K(116736K)->0K(116736K) From: 116195K(116224K)->116224K(116224K)
[83.731s][info][gc,heap        ] GC(381) ParOldGen: 371470K(699392K)->422009K(699392K)
[83.731s][info][gc,metaspace   ] GC(381) Metaspace: 16478K(16832K)->16478K(16832K) NonClass: 14147K(14336K)->14147K(14336K) Class: 2331K(2496K)->2331K(2496K)
[83.731s][info][gc             ] GC(381) Pause Young (Allocation Failure) 590M->525M(910M) 85.608ms
[83.731s][info][gc,cpu         ] GC(381) User=0.47s Sys=0.00s Real=0.08s
[83.788s][info][gc,start       ] GC(382) Pause Young (Allocation Failure)
[83.862s][info][gc,heap        ] GC(382) PSYoungGen: 232960K(232960K)->107424K(232960K) Eden: 116736K(116736K)->0K(116736K) From: 116224K(116224K)->107424K(116224K)
[83.862s][info][gc,heap        ] GC(382) ParOldGen: 422009K(699392K)->481233K(699392K)
[83.862s][info][gc,metaspace   ] GC(382) Metaspace: 16478K(16832K)->16478K(16832K) NonClass: 14147K(14336K)->14147K(14336K) Class: 2331K(2496K)->2331K(2496K)
[83.862s][info][gc             ] GC(382) Pause Young (Allocation Failure) 639M->574M(910M) 74.153ms
[83.862s][info][gc,cpu         ] GC(382) User=0.41s Sys=0.00s Real=0.08s
[83.919s][info][gc,start       ] GC(383) Pause Young (Allocation Failure)
[83.989s][info][gc,heap        ] GC(383) PSYoungGen: 224160K(232960K)->116224K(232960K) Eden: 116736K(116736K)->0K(116736K) From: 107424K(116224K)->116224K(116224K)
[83.993s][info][gc,heap        ] GC(383) ParOldGen: 481233K(699392K)->520889K(699392K)
[83.993s][info][gc,metaspace   ] GC(383) Metaspace: 16478K(16832K)->16478K(16832K) NonClass: 14147K(14336K)->14147K(14336K) Class: 2331K(2496K)->2331K(2496K)
[83.993s][info][gc             ] GC(383) Pause Young (Allocation Failure) 688M->622M(910M) 74.226ms
[83.993s][info][gc,cpu         ] GC(383) User=0.41s Sys=0.00s Real=0.09s
[84.051s][info][gc,start       ] GC(384) Pause Young (Allocation Failure)
[84.120s][info][gc,heap        ] GC(384) PSYoungGen: 232960K(232960K)->95168K(232960K) Eden: 116736K(116736K)->0K(116736K) From: 116224K(116224K)->95168K(116224K)
[84.120s][info][gc,heap        ] GC(384) ParOldGen: 520889K(699392K)->591777K(699392K)
[84.120s][info][gc,metaspace   ] GC(384) Metaspace: 16478K(16832K)->16478K(16832K) NonClass: 14147K(14336K)->14147K(14336K) Class: 2331K(2496K)->2331K(2496K)
[84.120s][info][gc             ] GC(384) Pause Young (Allocation Failure) 736M->670M(910M) 69.551ms
[84.120s][info][gc,cpu         ] GC(384) User=0.38s Sys=0.00s Real=0.06s
[84.178s][info][gc,start       ] GC(385) Pause Full (Ergonomics)
[84.178s][info][gc,phases,start] GC(385) Marking Phase
[84.252s][info][gc,phases      ] GC(385) Marking Phase 74.618ms
[84.252s][info][gc,phases,start] GC(385) Summary Phase
[84.252s][info][gc,phases      ] GC(385) Summary Phase 0.021ms
[84.252s][info][gc,phases,start] GC(385) Adjust Roots
[84.254s][info][gc,phases      ] GC(385) Adjust Roots 1.919ms
[84.254s][info][gc,phases,start] GC(385) Compaction Phase
[84.403s][info][gc,phases      ] GC(385) Compaction Phase 148.599ms
[84.403s][info][gc,phases,start] GC(385) Post Compact
[84.405s][info][gc,phases      ] GC(385) Post Compact 1.589ms
[84.405s][info][gc,heap        ] GC(385) PSYoungGen: 211904K(232960K)->0K(232960K) Eden: 116736K(116736K)->0K(116736K) From: 95168K(116224K)->0K(116224K)
[84.405s][info][gc,heap        ] GC(385) ParOldGen: 591777K(699392K)->289948K(699392K)
[84.405s][info][gc,metaspace   ] GC(385) Metaspace: 16478K(16832K)->16478K(16832K) NonClass: 14147K(14336K)->14147K(14336K) Class: 2331K(2496K)->2331K(2496K)
[84.405s][info][gc             ] GC(385) Pause Full (Ergonomics) 784M->283M(910M) 227.080ms
[84.405s][info][gc,cpu         ] GC(385) User=1.22s Sys=0.00s Real=0.22s
[84.463s][info][gc,start       ] GC(386) Pause Young (Allocation Failure)
[84.487s][info][gc,heap        ] GC(386) PSYoungGen: 116736K(232960K)->50944K(232960K) Eden: 116736K(116736K)->0K(116736K) From: 0K(116224K)->50944K(116224K)
[84.487s][info][gc,heap        ] GC(386) ParOldGen: 289948K(699392K)->289948K(699392K)
[84.487s][info][gc,metaspace   ] GC(386) Metaspace: 16478K(16832K)->16478K(16832K) NonClass: 14147K(14336K)->14147K(14336K) Class: 2331K(2496K)->2331K(2496K)
[84.487s][info][gc             ] GC(386) Pause Young (Allocation Failure) 397M->332M(910M) 23.672ms
[84.487s][info][gc,cpu         ] GC(386) User=0.02s Sys=0.00s Real=0.02s
[84.546s][info][gc,start       ] GC(387) Pause Young (Allocation Failure)
[84.588s][info][gc,heap        ] GC(387) PSYoungGen: 167680K(232960K)->51072K(232960K) Eden: 116736K(116736K)->0K(116736K) From: 50944K(116224K)->51072K(116224K)
[84.588s][info][gc,heap        ] GC(387) ParOldGen: 289948K(699392K)->337980K(699392K)
[84.588s][info][gc,metaspace   ] GC(387) Metaspace: 16478K(16832K)->16478K(16832K) NonClass: 14147K(14336K)->14147K(14336K) Class: 2331K(2496K)->2331K(2496K)
[84.588s][info][gc             ] GC(387) Pause Young (Allocation Failure) 446M->379M(910M) 41.994ms
[84.588s][info][gc,cpu         ] GC(387) User=0.19s Sys=0.00s Real=0.05s
[84.672s][info][gc,start       ] GC(388) Pause Young (Allocation Failure)
[84.726s][info][gc,heap        ] GC(388) PSYoungGen: 167808K(232960K)->71370K(232960K) Eden: 116736K(116736K)->0K(116736K) From: 51072K(116224K)->71370K(116224K)
[84.726s][info][gc,heap        ] GC(388) ParOldGen: 337980K(699392K)->386068K(699392K)
[84.726s][info][gc,metaspace   ] GC(388) Metaspace: 16478K(16832K)->16478K(16832K) NonClass: 14147K(14336K)->14147K(14336K) Class: 2331K(2496K)->2331K(2496K)
[84.726s][info][gc             ] GC(388) Pause Young (Allocation Failure) 493M->446M(910M) 53.796ms
[84.726s][info][gc,cpu         ] GC(388) User=0.28s Sys=0.00s Real=0.05s
[85.003s][info][gc,start       ] GC(389) Pause Young (Allocation Failure)
[85.080s][info][gc,heap        ] GC(389) PSYoungGen: 188106K(232960K)->36032K(232960K) Eden: 116736K(116736K)->0K(116736K) From: 71370K(116224K)->36032K(116224K)
[85.080s][info][gc,heap        ] GC(389) ParOldGen: 386068K(699392K)->435718K(699392K)
[85.080s][info][gc,metaspace   ] GC(389) Metaspace: 16478K(16832K)->16478K(16832K) NonClass: 14147K(14336K)->14147K(14336K) Class: 2331K(2496K)->2331K(2496K)
[85.080s][info][gc             ] GC(389) Pause Young (Allocation Failure) 560M->460M(910M) 77.786ms
[85.080s][info][gc,cpu         ] GC(389) User=0.31s Sys=0.00s Real=0.08s
[85.221s][info][gc,start       ] GC(390) Pause Young (Allocation Failure)
[85.258s][info][gc,heap        ] GC(390) PSYoungGen: 152768K(232960K)->3840K(232960K) Eden: 116736K(116736K)->0K(116736K) From: 36032K(116224K)->3840K(116224K)
[85.258s][info][gc,heap        ] GC(390) ParOldGen: 435718K(699392K)->465118K(699392K)
[85.258s][info][gc,metaspace   ] GC(390) Metaspace: 16478K(16832K)->16478K(16832K) NonClass: 14147K(14336K)->14147K(14336K) Class: 2331K(2496K)->2331K(2496K)
[85.258s][info][gc             ] GC(390) Pause Young (Allocation Failure) 574M->457M(910M) 36.833ms
[85.258s][info][gc,cpu         ] GC(390) User=0.16s Sys=0.00s Real=0.03s
[85.397s][info][gc,start       ] GC(391) Pause Young (Allocation Failure)
[85.399s][info][gc,heap        ] GC(391) PSYoungGen: 120576K(232960K)->3040K(232960K) Eden: 116736K(116736K)->0K(116736K) From: 3840K(116224K)->3040K(116224K)
[85.399s][info][gc,heap        ] GC(391) ParOldGen: 465118K(699392K)->465438K(699392K)
[85.399s][info][gc,metaspace   ] GC(391) Metaspace: 16478K(16832K)->16478K(16832K) NonClass: 14147K(14336K)->14147K(14336K) Class: 2331K(2496K)->2331K(2496K)
[85.399s][info][gc             ] GC(391) Pause Young (Allocation Failure) 571M->457M(910M) 2.641ms
[85.400s][info][gc,cpu         ] GC(391) User=0.00s Sys=0.00s Real=0.00s
[85.524s][info][gc,start       ] GC(392) Pause Young (Allocation Failure)
[85.526s][info][gc,heap        ] GC(392) PSYoungGen: 119776K(232960K)->2272K(232960K) Eden: 116736K(116736K)->0K(116736K) From: 3040K(116224K)->2272K(116224K)
[85.527s][info][gc,heap        ] GC(392) ParOldGen: 465438K(699392K)->465566K(699392K)
[85.527s][info][gc,metaspace   ] GC(392) Metaspace: 16478K(16832K)->16478K(16832K) NonClass: 14147K(14336K)->14147K(14336K) Class: 2331K(2496K)->2331K(2496K)
[85.527s][info][gc             ] GC(392) Pause Young (Allocation Failure) 571M->456M(910M) 2.244ms
[85.527s][info][gc,cpu         ] GC(392) User=0.00s Sys=0.00s Real=0.00s
[85.659s][info][gc,start       ] GC(393) Pause Young (Allocation Failure)
[85.661s][info][gc,heap        ] GC(393) PSYoungGen: 119008K(232960K)->1824K(232960K) Eden: 116736K(116736K)->0K(116736K) From: 2272K(116224K)->1824K(116224K)
[85.661s][info][gc,heap        ] GC(393) ParOldGen: 465566K(699392K)->465566K(699392K)
[85.661s][info][gc,metaspace   ] GC(393) Metaspace: 16478K(16832K)->16478K(16832K) NonClass: 14147K(14336K)->14147K(14336K) Class: 2331K(2496K)->2331K(2496K)
[85.661s][info][gc             ] GC(393) Pause Young (Allocation Failure) 570M->456M(910M) 1.278ms
[85.661s][info][gc,cpu         ] GC(393) User=0.00s Sys=0.00s Real=0.00s
[86.336s][info][gc,start       ] GC(394) Pause Young (System.gc())
[86.337s][info][gc,heap        ] GC(394) PSYoungGen: 83601K(232960K)->64K(232960K) Eden: 81777K(116736K)->0K(116736K) From: 1824K(116224K)->64K(116224K)
[86.337s][info][gc,heap        ] GC(394) ParOldGen: 465566K(699392K)->465590K(699392K)
[86.337s][info][gc,metaspace   ] GC(394) Metaspace: 16479K(16832K)->16479K(16832K) NonClass: 14147K(14336K)->14147K(14336K) Class: 2331K(2496K)->2331K(2496K)
[86.337s][info][gc             ] GC(394) Pause Young (System.gc()) 536M->454M(910M) 0.647ms
[86.337s][info][gc,cpu         ] GC(394) User=0.00s Sys=0.00s Real=0.00s
[86.337s][info][gc,start       ] GC(395) Pause Full (System.gc())
[86.337s][info][gc,phases,start] GC(395) Marking Phase
[86.341s][info][gc,phases      ] GC(395) Marking Phase 4.442ms
[86.341s][info][gc,phases,start] GC(395) Summary Phase
[86.341s][info][gc,phases      ] GC(395) Summary Phase 0.011ms
[86.341s][info][gc,phases,start] GC(395) Adjust Roots
[86.343s][info][gc,phases      ] GC(395) Adjust Roots 1.554ms
[86.343s][info][gc,phases,start] GC(395) Compaction Phase
[86.344s][info][gc,phases      ] GC(395) Compaction Phase 1.443ms
[86.344s][info][gc,phases,start] GC(395) Post Compact
[86.346s][info][gc,phases      ] GC(395) Post Compact 1.704ms
[86.346s][info][gc,heap        ] GC(395) PSYoungGen: 64K(232960K)->0K(232960K) Eden: 0K(116736K)->0K(116736K) From: 64K(116224K)->0K(116224K)
[86.346s][info][gc,heap        ] GC(395) ParOldGen: 465590K(699392K)->5541K(699392K)
[86.346s][info][gc,metaspace   ] GC(395) Metaspace: 16479K(16832K)->16479K(16832K) NonClass: 14147K(14336K)->14147K(14336K) Class: 2331K(2496K)->2331K(2496K)
[86.346s][info][gc             ] GC(395) Pause Full (System.gc()) 454M->5M(910M) 9.409ms
[86.346s][info][gc,cpu         ] GC(395) User=0.00s Sys=0.00s Real=0.00s
[87.642s][info][gc,start       ] GC(396) Pause Young (Allocation Failure)
[87.643s][info][gc,heap        ] GC(396) PSYoungGen: 116736K(232960K)->352K(232960K) Eden: 116736K(116736K)->0K(116736K) From: 0K(116224K)->352K(116224K)
[87.643s][info][gc,heap        ] GC(396) ParOldGen: 5541K(699392K)->5541K(699392K)
[87.643s][info][gc,metaspace   ] GC(396) Metaspace: 16481K(16832K)->16481K(16832K) NonClass: 14149K(14336K)->14149K(14336K) Class: 2331K(2496K)->2331K(2496K)
[87.643s][info][gc             ] GC(396) Pause Young (Allocation Failure) 119M->5M(910M) 0.545ms
[87.643s][info][gc,cpu         ] GC(396) User=0.00s Sys=0.00s Real=0.00s
[87.662s][info][gc,start       ] GC(397) Pause Young (Allocation Failure)
[87.662s][info][gc,heap        ] GC(397) PSYoungGen: 117088K(232960K)->192K(232960K) Eden: 116736K(116736K)->0K(116736K) From: 352K(116224K)->192K(116224K)
[87.662s][info][gc,heap        ] GC(397) ParOldGen: 5541K(699392K)->5645K(699392K)
[87.662s][info][gc,metaspace   ] GC(397) Metaspace: 16481K(16832K)->16481K(16832K) NonClass: 14149K(14336K)->14149K(14336K) Class: 2331K(2496K)->2331K(2496K)
[87.662s][info][gc             ] GC(397) Pause Young (Allocation Failure) 119M->5M(910M) 0.436ms
[87.662s][info][gc,cpu         ] GC(397) User=0.00s Sys=0.00s Real=0.00s
[87.681s][info][gc,start       ] GC(398) Pause Young (Allocation Failure)
[87.681s][info][gc,heap        ] GC(398) PSYoungGen: 116928K(232960K)->256K(232960K) Eden: 116736K(116736K)->0K(116736K) From: 192K(116224K)->256K(116224K)
[87.681s][info][gc,heap        ] GC(398) ParOldGen: 5645K(699392K)->5693K(699392K)
[87.681s][info][gc,metaspace   ] GC(398) Metaspace: 16481K(16832K)->16481K(16832K) NonClass: 14149K(14336K)->14149K(14336K) Class: 2331K(2496K)->2331K(2496K)
[87.682s][info][gc             ] GC(398) Pause Young (Allocation Failure) 119M->5M(910M) 0.479ms
[87.682s][info][gc,cpu         ] GC(398) User=0.00s Sys=0.00s Real=0.00s
[87.700s][info][gc,start       ] GC(399) Pause Young (Allocation Failure)
[87.700s][info][gc,heap        ] GC(399) PSYoungGen: 116992K(232960K)->256K(232960K) Eden: 116736K(116736K)->0K(116736K) From: 256K(116224K)->256K(116224K)
[87.700s][info][gc,heap        ] GC(399) ParOldGen: 5693K(699392K)->5725K(699392K)
[87.700s][info][gc,metaspace   ] GC(399) Metaspace: 16481K(16832K)->16481K(16832K) NonClass: 14149K(14336K)->14149K(14336K) Class: 2331K(2496K)->2331K(2496K)
[87.700s][info][gc             ] GC(399) Pause Young (Allocation Failure) 119M->5M(910M) 0.448ms
[87.701s][info][gc,cpu         ] GC(399) User=0.00s Sys=0.00s Real=0.00s
[87.718s][info][gc,start       ] GC(400) Pause Young (Allocation Failure)
[87.719s][info][gc,heap        ] GC(400) PSYoungGen: 116992K(232960K)->224K(232960K) Eden: 116736K(116736K)->0K(116736K) From: 256K(116224K)->224K(116224K)
[87.719s][info][gc,heap        ] GC(400) ParOldGen: 5725K(699392K)->5773K(699392K)
[87.719s][info][gc,metaspace   ] GC(400) Metaspace: 16481K(16832K)->16481K(16832K) NonClass: 14149K(14336K)->14149K(14336K) Class: 2331K(2496K)->2331K(2496K)
[87.719s][info][gc             ] GC(400) Pause Young (Allocation Failure) 119M->5M(910M) 0.426ms
[87.719s][info][gc,cpu         ] GC(400) User=0.00s Sys=0.00s Real=0.00s
[87.737s][info][gc,start       ] GC(401) Pause Young (Allocation Failure)
[87.737s][info][gc,heap        ] GC(401) PSYoungGen: 116960K(232960K)->320K(232960K) Eden: 116736K(116736K)->0K(116736K) From: 224K(116224K)->320K(116224K)
[87.738s][info][gc,heap        ] GC(401) ParOldGen: 5773K(699392K)->5805K(699392K)
[87.738s][info][gc,metaspace   ] GC(401) Metaspace: 16481K(16832K)->16481K(16832K) NonClass: 14149K(14336K)->14149K(14336K) Class: 2331K(2496K)->2331K(2496K)
[87.738s][info][gc             ] GC(401) Pause Young (Allocation Failure) 119M->5M(910M) 0.461ms
[87.738s][info][gc,cpu         ] GC(401) User=0.00s Sys=0.00s Real=0.00s
[87.756s][info][gc,start       ] GC(402) Pause Young (Allocation Failure)
[87.756s][info][gc,heap        ] GC(402) PSYoungGen: 117056K(232960K)->192K(232960K) Eden: 116736K(116736K)->0K(116736K) From: 320K(116224K)->192K(116224K)
[87.756s][info][gc,heap        ] GC(402) ParOldGen: 5805K(699392K)->5853K(699392K)
[87.756s][info][gc,metaspace   ] GC(402) Metaspace: 16481K(16832K)->16481K(16832K) NonClass: 14149K(14336K)->14149K(14336K) Class: 2331K(2496K)->2331K(2496K)
[87.756s][info][gc             ] GC(402) Pause Young (Allocation Failure) 119M->5M(910M) 0.433ms
[87.756s][info][gc,cpu         ] GC(402) User=0.00s Sys=0.00s Real=0.00s
[87.774s][info][gc,start       ] GC(403) Pause Young (Allocation Failure)
[87.775s][info][gc,heap        ] GC(403) PSYoungGen: 116928K(232960K)->192K(232960K) Eden: 116736K(116736K)->0K(116736K) From: 192K(116224K)->192K(116224K)
[87.775s][info][gc,heap        ] GC(403) ParOldGen: 5853K(699392K)->5901K(699392K)
[87.775s][info][gc,metaspace   ] GC(403) Metaspace: 16481K(16832K)->16481K(16832K) NonClass: 14149K(14336K)->14149K(14336K) Class: 2331K(2496K)->2331K(2496K)
[87.775s][info][gc             ] GC(403) Pause Young (Allocation Failure) 119M->5M(910M) 0.422ms
[87.775s][info][gc,cpu         ] GC(403) User=0.00s Sys=0.00s Real=0.00s
[87.793s][info][gc,start       ] GC(404) Pause Young (Allocation Failure)
[87.793s][info][gc,heap        ] GC(404) PSYoungGen: 116928K(232960K)->352K(232960K) Eden: 116736K(116736K)->0K(116736K) From: 192K(116224K)->352K(116224K)
[87.793s][info][gc,heap        ] GC(404) ParOldGen: 5901K(699392K)->5941K(699392K)
[87.793s][info][gc,metaspace   ] GC(404) Metaspace: 16481K(16832K)->16481K(16832K) NonClass: 14149K(14336K)->14149K(14336K) Class: 2331K(2496K)->2331K(2496K)
[87.793s][info][gc             ] GC(404) Pause Young (Allocation Failure) 119M->6M(910M) 0.418ms
[87.793s][info][gc,cpu         ] GC(404) User=0.00s Sys=0.00s Real=0.00s
[87.811s][info][gc,start       ] GC(405) Pause Young (Allocation Failure)
[87.812s][info][gc,heap        ] GC(405) PSYoungGen: 117088K(232960K)->256K(232960K) Eden: 116736K(116736K)->0K(116736K) From: 352K(116224K)->256K(116224K)
[87.812s][info][gc,heap        ] GC(405) ParOldGen: 5941K(699392K)->5997K(699392K)
[87.812s][info][gc,metaspace   ] GC(405) Metaspace: 16481K(16832K)->16481K(16832K) NonClass: 14149K(14336K)->14149K(14336K) Class: 2331K(2496K)->2331K(2496K)
[87.812s][info][gc             ] GC(405) Pause Young (Allocation Failure) 120M->6M(910M) 0.422ms
[87.812s][info][gc,cpu         ] GC(405) User=0.00s Sys=0.00s Real=0.00s
[87.830s][info][gc,start       ] GC(406) Pause Young (Allocation Failure)
[87.830s][info][gc,heap        ] GC(406) PSYoungGen: 116992K(232960K)->352K(238080K) Eden: 116736K(116736K)->0K(121856K) From: 256K(116224K)->352K(116224K)
[87.830s][info][gc,heap        ] GC(406) ParOldGen: 5997K(699392K)->6045K(699392K)
[87.830s][info][gc,metaspace   ] GC(406) Metaspace: 16481K(16832K)->16481K(16832K) NonClass: 14149K(14336K)->14149K(14336K) Class: 2331K(2496K)->2331K(2496K)
[87.830s][info][gc             ] GC(406) Pause Young (Allocation Failure) 120M->6M(915M) 0.412ms
[87.830s][info][gc,cpu         ] GC(406) User=0.00s Sys=0.00s Real=0.00s
[87.849s][info][gc,start       ] GC(407) Pause Young (Allocation Failure)
[87.849s][info][gc,heap        ] GC(407) PSYoungGen: 122208K(238080K)->288K(232960K) Eden: 121856K(121856K)->0K(121856K) From: 352K(116224K)->288K(111104K)
[87.850s][info][gc,heap        ] GC(407) ParOldGen: 6045K(699392K)->6045K(699392K)
[87.850s][info][gc,metaspace   ] GC(407) Metaspace: 16481K(16832K)->16481K(16832K) NonClass: 14149K(14336K)->14149K(14336K) Class: 2331K(2496K)->2331K(2496K)
[87.850s][info][gc             ] GC(407) Pause Young (Allocation Failure) 125M->6M(910M) 0.408ms
[87.850s][info][gc,cpu         ] GC(407) User=0.00s Sys=0.00s Real=0.00s
[87.868s][info][gc,start       ] GC(408) Pause Young (Allocation Failure)
[87.869s][info][gc,heap        ] GC(408) PSYoungGen: 122144K(232960K)->320K(251904K) Eden: 121856K(121856K)->0K(147456K) From: 288K(111104K)->320K(104448K)
[87.869s][info][gc,heap        ] GC(408) ParOldGen: 6045K(699392K)->6045K(699392K)
[87.869s][info][gc,metaspace   ] GC(408) Metaspace: 16481K(16832K)->16481K(16832K) NonClass: 14149K(14336K)->14149K(14336K) Class: 2331K(2496K)->2331K(2496K)
[87.869s][info][gc             ] GC(408) Pause Young (Allocation Failure) 125M->6M(929M) 0.431ms
[87.869s][info][gc,cpu         ] GC(408) User=0.00s Sys=0.00s Real=0.00s
[87.892s][info][gc,start       ] GC(409) Pause Young (Allocation Failure)
[87.893s][info][gc,heap        ] GC(409) PSYoungGen: 147776K(251904K)->384K(244736K) Eden: 147456K(147456K)->0K(147456K) From: 320K(104448K)->384K(97280K)
[87.893s][info][gc,heap        ] GC(409) ParOldGen: 6045K(699392K)->6045K(699392K)
[87.893s][info][gc,metaspace   ] GC(409) Metaspace: 16481K(16832K)->16481K(16832K) NonClass: 14149K(14336K)->14149K(14336K) Class: 2331K(2496K)->2331K(2496K)
[87.893s][info][gc             ] GC(409) Pause Young (Allocation Failure) 150M->6M(922M) 0.461ms
[87.893s][info][gc,cpu         ] GC(409) User=0.00s Sys=0.00s Real=0.00s
[87.915s][info][gc,start       ] GC(410) Pause Young (Allocation Failure)
[87.916s][info][gc,heap        ] GC(410) PSYoungGen: 147840K(244736K)->384K(264192K) Eden: 147456K(147456K)->0K(173056K) From: 384K(97280K)->384K(91136K)
[87.916s][info][gc,heap        ] GC(410) ParOldGen: 6045K(699392K)->6045K(699392K)
[87.916s][info][gc,metaspace   ] GC(410) Metaspace: 16481K(16832K)->16481K(16832K) NonClass: 14149K(14336K)->14149K(14336K) Class: 2331K(2496K)->2331K(2496K)
[87.916s][info][gc             ] GC(410) Pause Young (Allocation Failure) 150M->6M(941M) 0.492ms
[87.916s][info][gc,cpu         ] GC(410) User=0.00s Sys=0.00s Real=0.00s
[87.943s][info][gc,start       ] GC(411) Pause Young (Allocation Failure)
[87.943s][info][gc,heap        ] GC(411) PSYoungGen: 173440K(264192K)->352K(258048K) Eden: 173056K(173056K)->0K(173056K) From: 384K(91136K)->352K(84992K)
[87.943s][info][gc,heap        ] GC(411) ParOldGen: 6045K(699392K)->6045K(699392K)
[87.943s][info][gc,metaspace   ] GC(411) Metaspace: 16481K(16832K)->16481K(16832K) NonClass: 14149K(14336K)->14149K(14336K) Class: 2331K(2496K)->2331K(2496K)
[87.943s][info][gc             ] GC(411) Pause Young (Allocation Failure) 175M->6M(935M) 0.482ms
[87.943s][info][gc,cpu         ] GC(411) User=0.00s Sys=0.00s Real=0.00s
[87.970s][info][gc,start       ] GC(412) Pause Young (Allocation Failure)
[87.971s][info][gc,heap        ] GC(412) PSYoungGen: 173408K(258048K)->288K(275456K) Eden: 173056K(173056K)->0K(196096K) From: 352K(84992K)->288K(79360K)
[87.971s][info][gc,heap        ] GC(412) ParOldGen: 6045K(699392K)->6045K(699392K)
[87.971s][info][gc,metaspace   ] GC(412) Metaspace: 16481K(16832K)->16481K(16832K) NonClass: 14149K(14336K)->14149K(14336K) Class: 2331K(2496K)->2331K(2496K)
[87.971s][info][gc             ] GC(412) Pause Young (Allocation Failure) 175M->6M(952M) 0.477ms
[87.971s][info][gc,cpu         ] GC(412) User=0.00s Sys=0.00s Real=0.00s
[88.001s][info][gc,start       ] GC(413) Pause Young (Allocation Failure)
[88.002s][info][gc,heap        ] GC(413) PSYoungGen: 196384K(275456K)->384K(269824K) Eden: 196096K(196096K)->0K(196096K) From: 288K(79360K)->384K(73728K)
[88.002s][info][gc,heap        ] GC(413) ParOldGen: 6045K(699392K)->6045K(699392K)
[88.002s][info][gc,metaspace   ] GC(413) Metaspace: 16481K(16832K)->16481K(16832K) NonClass: 14149K(14336K)->14149K(14336K) Class: 2331K(2496K)->2331K(2496K)
[88.002s][info][gc             ] GC(413) Pause Young (Allocation Failure) 197M->6M(946M) 0.485ms
[88.002s][info][gc,cpu         ] GC(413) User=0.00s Sys=0.00s Real=0.00s
[88.033s][info][gc,start       ] GC(414) Pause Young (Allocation Failure)
[88.033s][info][gc,heap        ] GC(414) PSYoungGen: 196480K(269824K)->352K(285696K) Eden: 196096K(196096K)->0K(217088K) From: 384K(73728K)->352K(68608K)
[88.033s][info][gc,heap        ] GC(414) ParOldGen: 6045K(699392K)->6045K(699392K)
[88.033s][info][gc,metaspace   ] GC(414) Metaspace: 16481K(16832K)->16481K(16832K) NonClass: 14149K(14336K)->14149K(14336K) Class: 2331K(2496K)->2331K(2496K)
[88.033s][info][gc             ] GC(414) Pause Young (Allocation Failure) 197M->6M(962M) 0.463ms
[88.033s][info][gc,cpu         ] GC(414) User=0.00s Sys=0.00s Real=0.00s
[88.068s][info][gc,start       ] GC(415) Pause Young (Allocation Failure)
[88.068s][info][gc,heap        ] GC(415) PSYoungGen: 217440K(285696K)->352K(280576K) Eden: 217088K(217088K)->0K(217088K) From: 352K(68608K)->352K(63488K)
[88.068s][info][gc,heap        ] GC(415) ParOldGen: 6045K(699392K)->6045K(699392K)
[88.068s][info][gc,metaspace   ] GC(415) Metaspace: 16481K(16832K)->16481K(16832K) NonClass: 14149K(14336K)->14149K(14336K) Class: 2331K(2496K)->2331K(2496K)
[88.069s][info][gc             ] GC(415) Pause Young (Allocation Failure) 218M->6M(957M) 0.397ms
[88.069s][info][gc,cpu         ] GC(415) User=0.00s Sys=0.00s Real=0.00s
[88.134s][info][gc,start       ] GC(416) Pause Young (Allocation Failure)
[88.168s][info][gc,heap        ] GC(416) PSYoungGen: 217440K(280576K)->58851K(247296K) Eden: 217088K(217088K)->0K(188416K) From: 352K(63488K)->58851K(58880K)
[88.168s][info][gc,heap        ] GC(416) ParOldGen: 6045K(699392K)->24957K(699392K)
[88.168s][info][gc,metaspace   ] GC(416) Metaspace: 16481K(16832K)->16481K(16832K) NonClass: 14149K(14336K)->14149K(14336K) Class: 2331K(2496K)->2331K(2496K)
[88.168s][info][gc             ] GC(416) Pause Young (Allocation Failure) 218M->81M(924M) 34.102ms
[88.168s][info][gc,cpu         ] GC(416) User=0.03s Sys=0.00s Real=0.03s
[88.289s][info][gc,start       ] GC(417) Pause Young (Allocation Failure)
[88.382s][info][gc,heap        ] GC(417) PSYoungGen: 247267K(247296K)->80355K(268800K) Eden: 188416K(188416K)->0K(188416K) From: 58851K(58880K)->80355K(80384K)
[88.382s][info][gc,heap        ] GC(417) ParOldGen: 24957K(699392K)->130717K(699392K)
[88.382s][info][gc,metaspace   ] GC(417) Metaspace: 16481K(16832K)->16481K(16832K) NonClass: 14149K(14336K)->14149K(14336K) Class: 2331K(2496K)->2331K(2496K)
[88.382s][info][gc             ] GC(417) Pause Young (Allocation Failure) 265M->206M(945M) 92.683ms
[88.382s][info][gc,cpu         ] GC(417) User=0.47s Sys=0.00s Real=0.08s
[88.521s][info][gc,start       ] GC(418) Pause Young (Allocation Failure)
[88.628s][info][gc,heap        ] GC(418) PSYoungGen: 268771K(268800K)->80355K(197120K) Eden: 188416K(188416K)->0K(116736K) From: 80355K(80384K)->80355K(80384K)
[88.628s][info][gc,heap        ] GC(418) ParOldGen: 130717K(699392K)->260581K(699392K)
[88.628s][info][gc,metaspace   ] GC(418) Metaspace: 16481K(16832K)->16481K(16832K) NonClass: 14149K(14336K)->14149K(14336K) Class: 2331K(2496K)->2331K(2496K)
[88.628s][info][gc             ] GC(418) Pause Young (Allocation Failure) 390M->332M(875M) 106.927ms
[88.628s][info][gc,cpu         ] GC(418) User=0.59s Sys=0.00s Real=0.11s
[88.714s][info][gc,start       ] GC(419) Pause Young (Allocation Failure)
[88.805s][info][gc,heap        ] GC(419) PSYoungGen: 197091K(197120K)->116195K(232960K) Eden: 116736K(116736K)->0K(116736K) From: 80355K(80384K)->116195K(116224K)
[88.805s][info][gc,heap        ] GC(419) ParOldGen: 260581K(699392K)->304877K(699392K)
[88.805s][info][gc,metaspace   ] GC(419) Metaspace: 16481K(16832K)->16481K(16832K) NonClass: 14149K(14336K)->14149K(14336K) Class: 2331K(2496K)->2331K(2496K)
[88.805s][info][gc             ] GC(419) Pause Young (Allocation Failure) 446M->411M(910M) 90.904ms
[88.805s][info][gc,cpu         ] GC(419) User=0.39s Sys=0.00s Real=0.08s
[89.084s][info][gc,start       ] GC(420) Pause Young (Allocation Failure)
[89.168s][info][gc,heap        ] GC(420) PSYoungGen: 232931K(232960K)->116195K(232960K) Eden: 116736K(116736K)->0K(116736K) From: 116195K(116224K)->116195K(116224K)
[89.168s][info][gc,heap        ] GC(420) ParOldGen: 304877K(699392K)->330533K(699392K)
[89.168s][info][gc,metaspace   ] GC(420) Metaspace: 16481K(16832K)->16481K(16832K) NonClass: 14149K(14336K)->14149K(14336K) Class: 2331K(2496K)->2331K(2496K)
[89.168s][info][gc             ] GC(420) Pause Young (Allocation Failure) 525M->436M(910M) 84.365ms
[89.168s][info][gc,cpu         ] GC(420) User=0.39s Sys=0.00s Real=0.08s
[91.386s][info][gc,start       ] GC(421) Pause Young (Allocation Failure)
[91.469s][info][gc,heap        ] GC(421) PSYoungGen: 232931K(232960K)->116210K(232960K) Eden: 116736K(116736K)->0K(116736K) From: 116195K(116224K)->116210K(116224K)
[91.469s][info][gc,heap        ] GC(421) ParOldGen: 330533K(699392K)->373533K(699392K)
[91.469s][info][gc,metaspace   ] GC(421) Metaspace: 16481K(16832K)->16481K(16832K) NonClass: 14150K(14336K)->14150K(14336K) Class: 2331K(2496K)->2331K(2496K)
[91.469s][info][gc             ] GC(421) Pause Young (Allocation Failure) 550M->478M(910M) 83.402ms
[91.469s][info][gc,cpu         ] GC(421) User=0.44s Sys=0.00s Real=0.08s
[91.524s][info][gc,start       ] GC(422) Pause Young (Allocation Failure)
[91.609s][info][gc,heap        ] GC(422) PSYoungGen: 232946K(232960K)->115392K(232960K) Eden: 116736K(116736K)->0K(116736K) From: 116210K(116224K)->115392K(116224K)
[91.609s][info][gc,heap        ] GC(422) ParOldGen: 373533K(699392K)->425953K(699392K)
[91.609s][info][gc,metaspace   ] GC(422) Metaspace: 16481K(16832K)->16481K(16832K) NonClass: 14150K(14336K)->14150K(14336K) Class: 2331K(2496K)->2331K(2496K)
[91.609s][info][gc             ] GC(422) Pause Young (Allocation Failure) 592M->528M(910M) 84.398ms
[91.609s][info][gc,cpu         ] GC(422) User=0.53s Sys=0.02s Real=0.09s
[91.665s][info][gc,start       ] GC(423) Pause Young (Allocation Failure)
[91.737s][info][gc,heap        ] GC(423) PSYoungGen: 232128K(232960K)->116224K(232960K) Eden: 116736K(116736K)->0K(116736K) From: 115392K(116224K)->116224K(116224K)
[91.737s][info][gc,heap        ] GC(423) ParOldGen: 425953K(699392K)->473785K(699392K)
[91.737s][info][gc,metaspace   ] GC(423) Metaspace: 16481K(16832K)->16481K(16832K) NonClass: 14150K(14336K)->14150K(14336K) Class: 2331K(2496K)->2331K(2496K)
[91.737s][info][gc             ] GC(423) Pause Young (Allocation Failure) 642M->576M(910M) 71.950ms
[91.737s][info][gc,cpu         ] GC(423) User=0.45s Sys=0.00s Real=0.08s
[91.794s][info][gc,start       ] GC(424) Pause Young (Allocation Failure)
[91.868s][info][gc,heap        ] GC(424) PSYoungGen: 232960K(232960K)->116224K(232960K) Eden: 116736K(116736K)->0K(116736K) From: 116224K(116224K)->116224K(116224K)
[91.868s][info][gc,heap        ] GC(424) ParOldGen: 473785K(699392K)->523289K(699392K)
[91.868s][info][gc,metaspace   ] GC(424) Metaspace: 16481K(16832K)->16481K(16832K) NonClass: 14150K(14336K)->14150K(14336K) Class: 2331K(2496K)->2331K(2496K)
[91.868s][info][gc             ] GC(424) Pause Young (Allocation Failure) 690M->624M(910M) 73.862ms
[91.868s][info][gc,cpu         ] GC(424) User=0.28s Sys=0.00s Real=0.06s
[91.926s][info][gc,start       ] GC(425) Pause Young (Allocation Failure)
[91.999s][info][gc,heap        ] GC(425) PSYoungGen: 232960K(232960K)->88032K(232960K) Eden: 116736K(116736K)->0K(116736K) From: 116224K(116224K)->88032K(116224K)
[91.999s][info][gc,heap        ] GC(425) ParOldGen: 523289K(699392K)->600761K(699392K)
[91.999s][info][gc,metaspace   ] GC(425) Metaspace: 16481K(16832K)->16481K(16832K) NonClass: 14150K(14336K)->14150K(14336K) Class: 2331K(2496K)->2331K(2496K)
[91.999s][info][gc             ] GC(425) Pause Young (Allocation Failure) 738M->672M(910M) 73.669ms
[92.000s][info][gc,cpu         ] GC(425) User=0.39s Sys=0.00s Real=0.08s
[92.058s][info][gc,start       ] GC(426) Pause Full (Ergonomics)
[92.058s][info][gc,phases,start] GC(426) Marking Phase
[92.133s][info][gc,phases      ] GC(426) Marking Phase 75.239ms
[92.133s][info][gc,phases,start] GC(426) Summary Phase
[92.133s][info][gc,phases      ] GC(426) Summary Phase 0.021ms
[92.133s][info][gc,phases,start] GC(426) Adjust Roots
[92.134s][info][gc,phases      ] GC(426) Adjust Roots 1.524ms
[92.134s][info][gc,phases,start] GC(426) Compaction Phase
[92.291s][info][gc,phases      ] GC(426) Compaction Phase 156.015ms
[92.291s][info][gc,phases,start] GC(426) Post Compact
[92.292s][info][gc,phases      ] GC(426) Post Compact 1.728ms
[92.292s][info][gc,heap        ] GC(426) PSYoungGen: 204768K(232960K)->0K(232960K) Eden: 116736K(116736K)->0K(116736K) From: 88032K(116224K)->0K(116224K)
[92.292s][info][gc,heap        ] GC(426) ParOldGen: 600761K(699392K)->292811K(699392K)
[92.292s][info][gc,metaspace   ] GC(426) Metaspace: 16481K(16832K)->16481K(16832K) NonClass: 14150K(14336K)->14150K(14336K) Class: 2331K(2496K)->2331K(2496K)
[92.292s][info][gc             ] GC(426) Pause Full (Ergonomics) 786M->285M(910M) 234.843ms
[92.292s][info][gc,cpu         ] GC(426) User=1.41s Sys=0.00s Real=0.23s
[92.352s][info][gc,start       ] GC(427) Pause Young (Allocation Failure)
[92.375s][info][gc,heap        ] GC(427) PSYoungGen: 116736K(232960K)->50944K(232960K) Eden: 116736K(116736K)->0K(116736K) From: 0K(116224K)->50944K(116224K)
[92.376s][info][gc,heap        ] GC(427) ParOldGen: 292811K(699392K)->292811K(699392K)
[92.376s][info][gc,metaspace   ] GC(427) Metaspace: 16481K(16832K)->16481K(16832K) NonClass: 14150K(14336K)->14150K(14336K) Class: 2331K(2496K)->2331K(2496K)
[92.376s][info][gc             ] GC(427) Pause Young (Allocation Failure) 399M->335M(910M) 23.501ms
[92.376s][info][gc,cpu         ] GC(427) User=0.09s Sys=0.00s Real=0.03s
[92.435s][info][gc,start       ] GC(428) Pause Young (Allocation Failure)
[92.479s][info][gc,heap        ] GC(428) PSYoungGen: 167680K(232960K)->51040K(232960K) Eden: 116736K(116736K)->0K(116736K) From: 50944K(116224K)->51040K(116224K)
[92.479s][info][gc,heap        ] GC(428) ParOldGen: 292811K(699392K)->340851K(699392K)
[92.479s][info][gc,metaspace   ] GC(428) Metaspace: 16481K(16832K)->16481K(16832K) NonClass: 14150K(14336K)->14150K(14336K) Class: 2331K(2496K)->2331K(2496K)
[92.479s][info][gc             ] GC(428) Pause Young (Allocation Failure) 449M->382M(910M) 44.187ms
[92.479s][info][gc,cpu         ] GC(428) User=0.19s Sys=0.00s Real=0.05s
[92.566s][info][gc,start       ] GC(429) Pause Young (Allocation Failure)
[92.622s][info][gc,heap        ] GC(429) PSYoungGen: 167776K(232960K)->73322K(232960K) Eden: 116736K(116736K)->0K(116736K) From: 51040K(116224K)->73322K(116224K)
[92.622s][info][gc,heap        ] GC(429) ParOldGen: 340851K(699392K)->389019K(699392K)
[92.622s][info][gc,metaspace   ] GC(429) Metaspace: 16481K(16832K)->16481K(16832K) NonClass: 14150K(14336K)->14150K(14336K) Class: 2331K(2496K)->2331K(2496K)
[92.622s][info][gc             ] GC(429) Pause Young (Allocation Failure) 496M->451M(910M) 56.209ms
[92.622s][info][gc,cpu         ] GC(429) User=0.30s Sys=0.00s Real=0.06s
[92.881s][info][gc,start       ] GC(430) Pause Young (Allocation Failure)
[92.955s][info][gc,heap        ] GC(430) PSYoungGen: 190058K(232960K)->30656K(232960K) Eden: 116736K(116736K)->0K(116736K) From: 73322K(116224K)->30656K(116224K)
[92.955s][info][gc,heap        ] GC(430) ParOldGen: 389019K(699392K)->443143K(699392K)
[92.955s][info][gc,metaspace   ] GC(430) Metaspace: 16481K(16832K)->16481K(16832K) NonClass: 14150K(14336K)->14150K(14336K) Class: 2331K(2496K)->2331K(2496K)
[92.955s][info][gc             ] GC(430) Pause Young (Allocation Failure) 565M->462M(910M) 73.929ms
[92.955s][info][gc,cpu         ] GC(430) User=0.36s Sys=0.00s Real=0.08s
[93.096s][info][gc,start       ] GC(431) Pause Young (Allocation Failure)
[93.129s][info][gc,heap        ] GC(431) PSYoungGen: 147392K(232960K)->3744K(232960K) Eden: 116736K(116736K)->0K(116736K) From: 30656K(116224K)->3744K(116224K)
[93.129s][info][gc,heap        ] GC(431) ParOldGen: 443143K(699392K)->470399K(699392K)
[93.129s][info][gc,metaspace   ] GC(431) Metaspace: 16481K(16832K)->16481K(16832K) NonClass: 14150K(14336K)->14150K(14336K) Class: 2331K(2496K)->2331K(2496K)
[93.129s][info][gc             ] GC(431) Pause Young (Allocation Failure) 576M->463M(910M) 32.647ms
[93.129s][info][gc,cpu         ] GC(431) User=0.19s Sys=0.00s Real=0.03s
[93.266s][info][gc,start       ] GC(432) Pause Young (Allocation Failure)
[93.269s][info][gc,heap        ] GC(432) PSYoungGen: 120480K(232960K)->3072K(232960K) Eden: 116736K(116736K)->0K(116736K) From: 3744K(116224K)->3072K(116224K)
[93.269s][info][gc,heap        ] GC(432) ParOldGen: 470399K(699392K)->470695K(699392K)
[93.269s][info][gc,metaspace   ] GC(432) Metaspace: 16481K(16832K)->16481K(16832K) NonClass: 14150K(14336K)->14150K(14336K) Class: 2331K(2496K)->2331K(2496K)
[93.269s][info][gc             ] GC(432) Pause Young (Allocation Failure) 577M->462M(910M) 2.793ms
[93.269s][info][gc,cpu         ] GC(432) User=0.00s Sys=0.00s Real=0.00s
[93.395s][info][gc,start       ] GC(433) Pause Young (Allocation Failure)
[93.397s][info][gc,heap        ] GC(433) PSYoungGen: 119808K(232960K)->2272K(232960K) Eden: 116736K(116736K)->0K(116736K) From: 3072K(116224K)->2272K(116224K)
[93.398s][info][gc,heap        ] GC(433) ParOldGen: 470695K(699392K)->470791K(699392K)
[93.398s][info][gc,metaspace   ] GC(433) Metaspace: 16481K(16832K)->16481K(16832K) NonClass: 14150K(14336K)->14150K(14336K) Class: 2331K(2496K)->2331K(2496K)
[93.398s][info][gc             ] GC(433) Pause Young (Allocation Failure) 576M->461M(910M) 2.125ms
[93.398s][info][gc,cpu         ] GC(433) User=0.00s Sys=0.00s Real=0.00s
[93.678s][info][gc,start       ] GC(434) Pause Young (Allocation Failure)
[93.680s][info][gc,heap        ] GC(434) PSYoungGen: 119008K(232960K)->2208K(232960K) Eden: 116736K(116736K)->0K(116736K) From: 2272K(116224K)->2208K(116224K)
[93.680s][info][gc,heap        ] GC(434) ParOldGen: 470791K(699392K)->470791K(699392K)
[93.680s][info][gc,metaspace   ] GC(434) Metaspace: 16481K(16832K)->16481K(16832K) NonClass: 14150K(14336K)->14150K(14336K) Class: 2331K(2496K)->2331K(2496K)
[93.680s][info][gc             ] GC(434) Pause Young (Allocation Failure) 575M->461M(910M) 1.676ms
[93.680s][info][gc,cpu         ] GC(434) User=0.00s Sys=0.00s Real=0.01s
[94.193s][info][gc,start       ] GC(435) Pause Young (System.gc())
[94.194s][info][gc,heap        ] GC(435) PSYoungGen: 76967K(232960K)->96K(232960K) Eden: 74759K(116736K)->0K(116736K) From: 2208K(116224K)->96K(116224K)
[94.194s][info][gc,heap        ] GC(435) ParOldGen: 470791K(699392K)->470839K(699392K)
[94.194s][info][gc,metaspace   ] GC(435) Metaspace: 16482K(16832K)->16482K(16832K) NonClass: 14151K(14336K)->14151K(14336K) Class: 2331K(2496K)->2331K(2496K)
[94.194s][info][gc             ] GC(435) Pause Young (System.gc()) 534M->459M(910M) 0.642ms
[94.194s][info][gc,cpu         ] GC(435) User=0.00s Sys=0.00s Real=0.00s
[94.194s][info][gc,start       ] GC(436) Pause Full (System.gc())
[94.194s][info][gc,phases,start] GC(436) Marking Phase
[94.198s][info][gc,phases      ] GC(436) Marking Phase 4.331ms
[94.199s][info][gc,phases,start] GC(436) Summary Phase
[94.199s][info][gc,phases      ] GC(436) Summary Phase 0.011ms
[94.199s][info][gc,phases,start] GC(436) Adjust Roots
[94.200s][info][gc,phases      ] GC(436) Adjust Roots 1.782ms
[94.200s][info][gc,phases,start] GC(436) Compaction Phase
[94.202s][info][gc,phases      ] GC(436) Compaction Phase 1.511ms
[94.202s][info][gc,phases,start] GC(436) Post Compact
[94.204s][info][gc,phases      ] GC(436) Post Compact 1.650ms
[94.204s][info][gc,heap        ] GC(436) PSYoungGen: 96K(232960K)->0K(232960K) Eden: 0K(116736K)->0K(116736K) From: 96K(116224K)->0K(116224K)
[94.204s][info][gc,heap        ] GC(436) ParOldGen: 470839K(699392K)->5541K(699392K)
[94.204s][info][gc,metaspace   ] GC(436) Metaspace: 16482K(16832K)->16482K(16832K) NonClass: 14151K(14336K)->14151K(14336K) Class: 2331K(2496K)->2331K(2496K)
[94.204s][info][gc             ] GC(436) Pause Full (System.gc()) 459M->5M(910M) 9.544ms
[94.204s][info][gc,cpu         ] GC(436) User=0.00s Sys=0.00s Real=0.00s
[95.487s][info][gc,start       ] GC(437) Pause Young (Allocation Failure)
[95.488s][info][gc,heap        ] GC(437) PSYoungGen: 116736K(232960K)->320K(232960K) Eden: 116736K(116736K)->0K(116736K) From: 0K(116224K)->320K(116224K)
[95.488s][info][gc,heap        ] GC(437) ParOldGen: 5541K(699392K)->5541K(699392K)
[95.488s][info][gc,metaspace   ] GC(437) Metaspace: 16483K(16832K)->16483K(16832K) NonClass: 14152K(14336K)->14152K(14336K) Class: 2331K(2496K)->2331K(2496K)
[95.488s][info][gc             ] GC(437) Pause Young (Allocation Failure) 119M->5M(910M) 0.514ms
[95.488s][info][gc,cpu         ] GC(437) User=0.00s Sys=0.00s Real=0.00s
[95.506s][info][gc,start       ] GC(438) Pause Young (Allocation Failure)
[95.507s][info][gc,heap        ] GC(438) PSYoungGen: 117056K(232960K)->224K(232960K) Eden: 116736K(116736K)->0K(116736K) From: 320K(116224K)->224K(116224K)
[95.507s][info][gc,heap        ] GC(438) ParOldGen: 5541K(699392K)->5637K(699392K)
[95.507s][info][gc,metaspace   ] GC(438) Metaspace: 16483K(16832K)->16483K(16832K) NonClass: 14152K(14336K)->14152K(14336K) Class: 2331K(2496K)->2331K(2496K)
[95.507s][info][gc             ] GC(438) Pause Young (Allocation Failure) 119M->5M(910M) 0.459ms
[95.507s][info][gc,cpu         ] GC(438) User=0.00s Sys=0.00s Real=0.00s
[95.526s][info][gc,start       ] GC(439) Pause Young (Allocation Failure)
[95.526s][info][gc,heap        ] GC(439) PSYoungGen: 116960K(232960K)->256K(232960K) Eden: 116736K(116736K)->0K(116736K) From: 224K(116224K)->256K(116224K)
[95.526s][info][gc,heap        ] GC(439) ParOldGen: 5637K(699392K)->5685K(699392K)
[95.526s][info][gc,metaspace   ] GC(439) Metaspace: 16483K(16832K)->16483K(16832K) NonClass: 14152K(14336K)->14152K(14336K) Class: 2331K(2496K)->2331K(2496K)
[95.526s][info][gc             ] GC(439) Pause Young (Allocation Failure) 119M->5M(910M) 0.452ms
[95.526s][info][gc,cpu         ] GC(439) User=0.00s Sys=0.00s Real=0.00s
[95.545s][info][gc,start       ] GC(440) Pause Young (Allocation Failure)
[95.545s][info][gc,heap        ] GC(440) PSYoungGen: 116992K(232960K)->256K(232960K) Eden: 116736K(116736K)->0K(116736K) From: 256K(116224K)->256K(116224K)
[95.545s][info][gc,heap        ] GC(440) ParOldGen: 5685K(699392K)->5725K(699392K)
[95.545s][info][gc,metaspace   ] GC(440) Metaspace: 16483K(16832K)->16483K(16832K) NonClass: 14152K(14336K)->14152K(14336K) Class: 2331K(2496K)->2331K(2496K)
[95.545s][info][gc             ] GC(440) Pause Young (Allocation Failure) 119M->5M(910M) 0.445ms
[95.545s][info][gc,cpu         ] GC(440) User=0.00s Sys=0.00s Real=0.00s
[95.564s][info][gc,start       ] GC(441) Pause Young (Allocation Failure)
[95.564s][info][gc,heap        ] GC(441) PSYoungGen: 116992K(232960K)->192K(232960K) Eden: 116736K(116736K)->0K(116736K) From: 256K(116224K)->192K(116224K)
[95.564s][info][gc,heap        ] GC(441) ParOldGen: 5725K(699392K)->5773K(699392K)
[95.564s][info][gc,metaspace   ] GC(441) Metaspace: 16483K(16832K)->16483K(16832K) NonClass: 14152K(14336K)->14152K(14336K) Class: 2331K(2496K)->2331K(2496K)
[95.564s][info][gc             ] GC(441) Pause Young (Allocation Failure) 119M->5M(910M) 0.469ms
[95.564s][info][gc,cpu         ] GC(441) User=0.00s Sys=0.00s Real=0.00s
[95.582s][info][gc,start       ] GC(442) Pause Young (Allocation Failure)
[95.583s][info][gc,heap        ] GC(442) PSYoungGen: 116928K(232960K)->320K(232960K) Eden: 116736K(116736K)->0K(116736K) From: 192K(116224K)->320K(116224K)
[95.583s][info][gc,heap        ] GC(442) ParOldGen: 5773K(699392K)->5797K(699392K)
[95.583s][info][gc,metaspace   ] GC(442) Metaspace: 16483K(16832K)->16483K(16832K) NonClass: 14152K(14336K)->14152K(14336K) Class: 2331K(2496K)->2331K(2496K)
[95.583s][info][gc             ] GC(442) Pause Young (Allocation Failure) 119M->5M(910M) 0.462ms
[95.583s][info][gc,cpu         ] GC(442) User=0.00s Sys=0.00s Real=0.00s
[95.601s][info][gc,start       ] GC(443) Pause Young (Allocation Failure)
[95.602s][info][gc,heap        ] GC(443) PSYoungGen: 117056K(232960K)->288K(232960K) Eden: 116736K(116736K)->0K(116736K) From: 320K(116224K)->288K(116224K)
[95.602s][info][gc,heap        ] GC(443) ParOldGen: 5797K(699392K)->5853K(699392K)
[95.602s][info][gc,metaspace   ] GC(443) Metaspace: 16483K(16832K)->16483K(16832K) NonClass: 14152K(14336K)->14152K(14336K) Class: 2331K(2496K)->2331K(2496K)
[95.602s][info][gc             ] GC(443) Pause Young (Allocation Failure) 119M->5M(910M) 0.658ms
[95.602s][info][gc,cpu         ] GC(443) User=0.00s Sys=0.00s Real=0.01s
[95.621s][info][gc,start       ] GC(444) Pause Young (Allocation Failure)
[95.621s][info][gc,heap        ] GC(444) PSYoungGen: 117024K(232960K)->192K(232960K) Eden: 116736K(116736K)->0K(116736K) From: 288K(116224K)->192K(116224K)
[95.621s][info][gc,heap        ] GC(444) ParOldGen: 5853K(699392K)->5893K(699392K)
[95.621s][info][gc,metaspace   ] GC(444) Metaspace: 16483K(16832K)->16483K(16832K) NonClass: 14152K(14336K)->14152K(14336K) Class: 2331K(2496K)->2331K(2496K)
[95.621s][info][gc             ] GC(444) Pause Young (Allocation Failure) 119M->5M(910M) 0.420ms
[95.621s][info][gc,cpu         ] GC(444) User=0.00s Sys=0.00s Real=0.00s
[95.640s][info][gc,start       ] GC(445) Pause Young (Allocation Failure)
[95.640s][info][gc,heap        ] GC(445) PSYoungGen: 116928K(232960K)->320K(232960K) Eden: 116736K(116736K)->0K(116736K) From: 192K(116224K)->320K(116224K)
[95.640s][info][gc,heap        ] GC(445) ParOldGen: 5893K(699392K)->5925K(699392K)
[95.640s][info][gc,metaspace   ] GC(445) Metaspace: 16483K(16832K)->16483K(16832K) NonClass: 14152K(14336K)->14152K(14336K) Class: 2331K(2496K)->2331K(2496K)
[95.640s][info][gc             ] GC(445) Pause Young (Allocation Failure) 119M->6M(910M) 0.443ms
[95.640s][info][gc,cpu         ] GC(445) User=0.00s Sys=0.00s Real=0.00s
[95.658s][info][gc,start       ] GC(446) Pause Young (Allocation Failure)
[95.659s][info][gc,heap        ] GC(446) PSYoungGen: 117056K(232960K)->224K(232960K) Eden: 116736K(116736K)->0K(116736K) From: 320K(116224K)->224K(116224K)
[95.659s][info][gc,heap        ] GC(446) ParOldGen: 5925K(699392K)->5989K(699392K)
[95.659s][info][gc,metaspace   ] GC(446) Metaspace: 16483K(16832K)->16483K(16832K) NonClass: 14152K(14336K)->14152K(14336K) Class: 2331K(2496K)->2331K(2496K)
[95.659s][info][gc             ] GC(446) Pause Young (Allocation Failure) 120M->6M(910M) 0.437ms
[95.659s][info][gc,cpu         ] GC(446) User=0.00s Sys=0.00s Real=0.00s
[95.677s][info][gc,start       ] GC(447) Pause Young (Allocation Failure)
[95.677s][info][gc,heap        ] GC(447) PSYoungGen: 116960K(232960K)->256K(235520K) Eden: 116736K(116736K)->0K(119296K) From: 224K(116224K)->256K(116224K)
[95.677s][info][gc,heap        ] GC(447) ParOldGen: 5989K(699392K)->6037K(699392K)
[95.677s][info][gc,metaspace   ] GC(447) Metaspace: 16483K(16832K)->16483K(16832K) NonClass: 14152K(14336K)->14152K(14336K) Class: 2331K(2496K)->2331K(2496K)
[95.677s][info][gc             ] GC(447) Pause Young (Allocation Failure) 120M->6M(913M) 0.416ms
[95.677s][info][gc,cpu         ] GC(447) User=0.00s Sys=0.00s Real=0.00s
[95.696s][info][gc,start       ] GC(448) Pause Young (Allocation Failure)
[95.697s][info][gc,heap        ] GC(448) PSYoungGen: 119552K(235520K)->288K(232960K) Eden: 119296K(119296K)->0K(119296K) From: 256K(116224K)->288K(113664K)
[95.697s][info][gc,heap        ] GC(448) ParOldGen: 6037K(699392K)->6037K(699392K)
[95.697s][info][gc,metaspace   ] GC(448) Metaspace: 16483K(16832K)->16483K(16832K) NonClass: 14152K(14336K)->14152K(14336K) Class: 2331K(2496K)->2331K(2496K)
[95.697s][info][gc             ] GC(448) Pause Young (Allocation Failure) 122M->6M(910M) 0.414ms
[95.697s][info][gc,cpu         ] GC(448) User=0.00s Sys=0.00s Real=0.00s
[95.716s][info][gc,start       ] GC(449) Pause Young (Allocation Failure)
[95.716s][info][gc,heap        ] GC(449) PSYoungGen: 119584K(232960K)->288K(249856K) Eden: 119296K(119296K)->0K(143360K) From: 288K(113664K)->288K(106496K)
[95.716s][info][gc,heap        ] GC(449) ParOldGen: 6037K(699392K)->6037K(699392K)
[95.716s][info][gc,metaspace   ] GC(449) Metaspace: 16483K(16832K)->16483K(16832K) NonClass: 14152K(14336K)->14152K(14336K) Class: 2331K(2496K)->2331K(2496K)
[95.716s][info][gc             ] GC(449) Pause Young (Allocation Failure) 122M->6M(927M) 0.447ms
[95.716s][info][gc,cpu         ] GC(449) User=0.00s Sys=0.00s Real=0.00s
[95.739s][info][gc,start       ] GC(450) Pause Young (Allocation Failure)
[95.739s][info][gc,heap        ] GC(450) PSYoungGen: 143648K(249856K)->352K(242688K) Eden: 143360K(143360K)->0K(143360K) From: 288K(106496K)->352K(99328K)
[95.739s][info][gc,heap        ] GC(450) ParOldGen: 6037K(699392K)->6037K(699392K)
[95.739s][info][gc,metaspace   ] GC(450) Metaspace: 16483K(16832K)->16483K(16832K) NonClass: 14152K(14336K)->14152K(14336K) Class: 2331K(2496K)->2331K(2496K)
[95.739s][info][gc             ] GC(450) Pause Young (Allocation Failure) 146M->6M(920M) 0.462ms
[95.739s][info][gc,cpu         ] GC(450) User=0.00s Sys=0.00s Real=0.00s
[95.762s][info][gc,start       ] GC(451) Pause Young (Allocation Failure)
[95.762s][info][gc,heap        ] GC(451) PSYoungGen: 143712K(242688K)->352K(262656K) Eden: 143360K(143360K)->0K(169984K) From: 352K(99328K)->352K(92672K)
[95.762s][info][gc,heap        ] GC(451) ParOldGen: 6037K(699392K)->6037K(699392K)
[95.762s][info][gc,metaspace   ] GC(451) Metaspace: 16483K(16832K)->16483K(16832K) NonClass: 14152K(14336K)->14152K(14336K) Class: 2331K(2496K)->2331K(2496K)
[95.762s][info][gc             ] GC(451) Pause Young (Allocation Failure) 146M->6M(939M) 0.500ms
[95.762s][info][gc,cpu         ] GC(451) User=0.00s Sys=0.00s Real=0.00s
[95.789s][info][gc,start       ] GC(452) Pause Young (Allocation Failure)
[95.790s][info][gc,heap        ] GC(452) PSYoungGen: 170336K(262656K)->384K(256512K) Eden: 169984K(169984K)->0K(169984K) From: 352K(92672K)->384K(86528K)
[95.790s][info][gc,heap        ] GC(452) ParOldGen: 6037K(699392K)->6037K(699392K)
[95.790s][info][gc,metaspace   ] GC(452) Metaspace: 16483K(16832K)->16483K(16832K) NonClass: 14152K(14336K)->14152K(14336K) Class: 2331K(2496K)->2331K(2496K)
[95.790s][info][gc             ] GC(452) Pause Young (Allocation Failure) 172M->6M(933M) 0.458ms
[95.790s][info][gc,cpu         ] GC(452) User=0.00s Sys=0.00s Real=0.00s
[95.817s][info][gc,start       ] GC(453) Pause Young (Allocation Failure)
[95.817s][info][gc,heap        ] GC(453) PSYoungGen: 170368K(256512K)->320K(273920K) Eden: 169984K(169984K)->0K(193536K) From: 384K(86528K)->320K(80384K)
[95.817s][info][gc,heap        ] GC(453) ParOldGen: 6037K(699392K)->6037K(699392K)
[95.817s][info][gc,metaspace   ] GC(453) Metaspace: 16483K(16832K)->16483K(16832K) NonClass: 14152K(14336K)->14152K(14336K) Class: 2331K(2496K)->2331K(2496K)
[95.817s][info][gc             ] GC(453) Pause Young (Allocation Failure) 172M->6M(950M) 0.540ms
[95.817s][info][gc,cpu         ] GC(453) User=0.00s Sys=0.00s Real=0.00s
[95.849s][info][gc,start       ] GC(454) Pause Young (Allocation Failure)
[95.850s][info][gc,heap        ] GC(454) PSYoungGen: 193856K(273920K)->352K(268800K) Eden: 193536K(193536K)->0K(193536K) From: 320K(80384K)->352K(75264K)
[95.850s][info][gc,heap        ] GC(454) ParOldGen: 6037K(699392K)->6037K(699392K)
[95.850s][info][gc,metaspace   ] GC(454) Metaspace: 16483K(16832K)->16483K(16832K) NonClass: 14152K(14336K)->14152K(14336K) Class: 2331K(2496K)->2331K(2496K)
[95.850s][info][gc             ] GC(454) Pause Young (Allocation Failure) 195M->6M(945M) 0.480ms
[95.850s][info][gc,cpu         ] GC(454) User=0.00s Sys=0.00s Real=0.00s
[95.880s][info][gc,start       ] GC(455) Pause Young (Allocation Failure)
[95.881s][info][gc,heap        ] GC(455) PSYoungGen: 193888K(268800K)->288K(284672K) Eden: 193536K(193536K)->0K(215040K) From: 352K(75264K)->288K(69632K)
[95.881s][info][gc,heap        ] GC(455) ParOldGen: 6037K(699392K)->6037K(699392K)
[95.881s][info][gc,metaspace   ] GC(455) Metaspace: 16483K(16832K)->16483K(16832K) NonClass: 14152K(14336K)->14152K(14336K) Class: 2331K(2496K)->2331K(2496K)
[95.881s][info][gc             ] GC(455) Pause Young (Allocation Failure) 195M->6M(961M) 0.502ms
[95.881s][info][gc,cpu         ] GC(455) User=0.00s Sys=0.00s Real=0.00s
[95.916s][info][gc,start       ] GC(456) Pause Young (Allocation Failure)
[95.916s][info][gc,heap        ] GC(456) PSYoungGen: 215328K(284672K)->352K(279552K) Eden: 215040K(215040K)->0K(215040K) From: 288K(69632K)->352K(64512K)
[95.916s][info][gc,heap        ] GC(456) ParOldGen: 6037K(699392K)->6037K(699392K)
[95.916s][info][gc,metaspace   ] GC(456) Metaspace: 16483K(16832K)->16483K(16832K) NonClass: 14152K(14336K)->14152K(14336K) Class: 2331K(2496K)->2331K(2496K)
[95.916s][info][gc             ] GC(456) Pause Young (Allocation Failure) 216M->6M(956M) 0.437ms
[95.916s][info][gc,cpu         ] GC(456) User=0.00s Sys=0.00s Real=0.00s
[95.972s][info][gc,start       ] GC(457) Pause Young (Allocation Failure)
[95.995s][info][gc,heap        ] GC(457) PSYoungGen: 215392K(279552K)->57251K(261632K) Eden: 215040K(215040K)->0K(201728K) From: 352K(64512K)->57251K(59904K)
[95.995s][info][gc,heap        ] GC(457) ParOldGen: 6037K(699392K)->6037K(699392K)
[95.995s][info][gc,metaspace   ] GC(457) Metaspace: 16483K(16832K)->16483K(16832K) NonClass: 14152K(14336K)->14152K(14336K) Class: 2331K(2496K)->2331K(2496K)
[95.995s][info][gc             ] GC(457) Pause Young (Allocation Failure) 216M->61M(938M) 22.894ms
[95.995s][info][gc,cpu         ] GC(457) User=0.03s Sys=0.00s Real=0.03s
[96.118s][info][gc,start       ] GC(458) Pause Young (Allocation Failure)
[96.213s][info][gc,heap        ] GC(458) PSYoungGen: 258979K(261632K)->73699K(275456K) Eden: 201728K(201728K)->0K(201728K) From: 57251K(59904K)->73699K(73728K)
[96.213s][info][gc,heap        ] GC(458) ParOldGen: 6037K(699392K)->124149K(699392K)
[96.213s][info][gc,metaspace   ] GC(458) Metaspace: 16483K(16832K)->16483K(16832K) NonClass: 14152K(14336K)->14152K(14336K) Class: 2331K(2496K)->2331K(2496K)
[96.213s][info][gc             ] GC(458) Pause Young (Allocation Failure) 258M->193M(952M) 94.807ms
[96.213s][info][gc,cpu         ] GC(458) User=0.48s Sys=0.00s Real=0.10s
[96.356s][info][gc,start       ] GC(459) Pause Young (Allocation Failure)
[96.473s][info][gc,heap        ] GC(459) PSYoungGen: 275427K(275456K)->73699K(190464K) Eden: 201728K(201728K)->0K(116736K) From: 73699K(73728K)->73699K(73728K)
[96.473s][info][gc,heap        ] GC(459) ParOldGen: 124149K(699392K)->262125K(699392K)
[96.473s][info][gc,metaspace   ] GC(459) Metaspace: 16483K(16832K)->16483K(16832K) NonClass: 14152K(14336K)->14152K(14336K) Class: 2331K(2496K)->2331K(2496K)
[96.473s][info][gc             ] GC(459) Pause Young (Allocation Failure) 390M->327M(869M) 116.896ms
[96.473s][info][gc,cpu         ] GC(459) User=0.66s Sys=0.00s Real=0.11s
[96.559s][info][gc,start       ] GC(460) Pause Young (Allocation Failure)
[96.634s][info][gc,heap        ] GC(460) PSYoungGen: 190435K(190464K)->116195K(232960K) Eden: 116736K(116736K)->0K(116736K) From: 73699K(73728K)->116195K(116224K)
[96.634s][info][gc,heap        ] GC(460) ParOldGen: 262125K(699392K)->300885K(699392K)
[96.634s][info][gc,metaspace   ] GC(460) Metaspace: 16483K(16832K)->16483K(16832K) NonClass: 14152K(14336K)->14152K(14336K) Class: 2331K(2496K)->2331K(2496K)
[96.634s][info][gc             ] GC(460) Pause Young (Allocation Failure) 441M->407M(910M) 75.073ms
[96.634s][info][gc,cpu         ] GC(460) User=0.38s Sys=0.00s Real=0.06s
[96.960s][info][gc,start       ] GC(461) Pause Young (Allocation Failure)
[97.044s][info][gc,heap        ] GC(461) PSYoungGen: 232931K(232960K)->116195K(232960K) Eden: 116736K(116736K)->0K(116736K) From: 116195K(116224K)->116195K(116224K)
[97.044s][info][gc,heap        ] GC(461) ParOldGen: 300885K(699392K)->331558K(699392K)
[97.044s][info][gc,metaspace   ] GC(461) Metaspace: 16483K(16832K)->16483K(16832K) NonClass: 14152K(14336K)->14152K(14336K) Class: 2331K(2496K)->2331K(2496K)
[97.044s][info][gc             ] GC(461) Pause Young (Allocation Failure) 521M->437M(910M) 83.583ms
[97.044s][info][gc,cpu         ] GC(461) User=0.41s Sys=0.00s Real=0.08s
[99.440s][info][gc,start       ] GC(462) Pause Young (Allocation Failure)
[99.521s][info][gc,heap        ] GC(462) PSYoungGen: 232931K(232960K)->116195K(232960K) Eden: 116736K(116736K)->0K(116736K) From: 116195K(116224K)->116195K(116224K)
[99.521s][info][gc,heap        ] GC(462) ParOldGen: 331558K(699392K)->370814K(699392K)
[99.521s][info][gc,metaspace   ] GC(462) Metaspace: 16483K(16832K)->16483K(16832K) NonClass: 14152K(14336K)->14152K(14336K) Class: 2331K(2496K)->2331K(2496K)
[99.521s][info][gc             ] GC(462) Pause Young (Allocation Failure) 551M->475M(910M) 80.893ms
[99.521s][info][gc,cpu         ] GC(462) User=0.47s Sys=0.00s Real=0.10s
[99.577s][info][gc,start       ] GC(463) Pause Young (Allocation Failure)
[99.662s][info][gc,heap        ] GC(463) PSYoungGen: 232931K(232960K)->116224K(232960K) Eden: 116736K(116736K)->0K(116736K) From: 116195K(116224K)->116224K(116224K)
[99.662s][info][gc,heap        ] GC(463) ParOldGen: 370814K(699392K)->421337K(699392K)
[99.662s][info][gc,metaspace   ] GC(463) Metaspace: 16483K(16832K)->16483K(16832K) NonClass: 14152K(14336K)->14152K(14336K) Class: 2331K(2496K)->2331K(2496K)
[99.662s][info][gc             ] GC(463) Pause Young (Allocation Failure) 589M->524M(910M) 85.184ms
[99.662s][info][gc,cpu         ] GC(463) User=0.47s Sys=0.02s Real=0.10s
[99.718s][info][gc,start       ] GC(464) Pause Young (Allocation Failure)
[99.791s][info][gc,heap        ] GC(464) PSYoungGen: 232960K(232960K)->111680K(232960K) Eden: 116736K(116736K)->0K(116736K) From: 116224K(116224K)->111680K(116224K)
[99.791s][info][gc,heap        ] GC(464) ParOldGen: 421337K(699392K)->476217K(699392K)
[99.791s][info][gc,metaspace   ] GC(464) Metaspace: 16483K(16832K)->16483K(16832K) NonClass: 14152K(14336K)->14152K(14336K) Class: 2331K(2496K)->2331K(2496K)
[99.791s][info][gc             ] GC(464) Pause Young (Allocation Failure) 638M->574M(910M) 73.070ms
[99.791s][info][gc,cpu         ] GC(464) User=0.42s Sys=0.00s Real=0.08s
[99.848s][info][gc,start       ] GC(465) Pause Young (Allocation Failure)
[99.920s][info][gc,heap        ] GC(465) PSYoungGen: 228416K(232960K)->116224K(232960K) Eden: 116736K(116736K)->0K(116736K) From: 111680K(116224K)->116224K(116224K)
[99.920s][info][gc,heap        ] GC(465) ParOldGen: 476217K(699392K)->520121K(699392K)
[99.920s][info][gc,metaspace   ] GC(465) Metaspace: 16483K(16832K)->16483K(16832K) NonClass: 14152K(14336K)->14152K(14336K) Class: 2331K(2496K)->2331K(2496K)
[99.920s][info][gc             ] GC(465) Pause Young (Allocation Failure) 688M->621M(910M) 72.227ms
[99.920s][info][gc,cpu         ] GC(465) User=0.47s Sys=0.00s Real=0.08s
[99.977s][info][gc,start       ] GC(466) Pause Young (Allocation Failure)
[100.048s][info][gc,heap        ] GC(466) PSYoungGen: 232960K(232960K)->93952K(232960K) Eden: 116736K(116736K)->0K(116736K) From: 116224K(116224K)->93952K(116224K)
[100.048s][info][gc,heap        ] GC(466) ParOldGen: 520121K(699392K)->592385K(699392K)
[100.048s][info][gc,metaspace   ] GC(466) Metaspace: 16483K(16832K)->16483K(16832K) NonClass: 14152K(14336K)->14152K(14336K) Class: 2331K(2496K)->2331K(2496K)
[100.048s][info][gc             ] GC(466) Pause Young (Allocation Failure) 735M->670M(910M) 70.447ms
[100.048s][info][gc,cpu         ] GC(466) User=0.38s Sys=0.00s Real=0.06s
[100.106s][info][gc,start       ] GC(467) Pause Full (Ergonomics)
[100.106s][info][gc,phases,start] GC(467) Marking Phase
[100.179s][info][gc,phases      ] GC(467) Marking Phase 72.788ms
[100.179s][info][gc,phases,start] GC(467) Summary Phase
[100.179s][info][gc,phases      ] GC(467) Summary Phase 0.020ms
[100.179s][info][gc,phases,start] GC(467) Adjust Roots
[100.182s][info][gc,phases      ] GC(467) Adjust Roots 2.634ms
[100.182s][info][gc,phases,start] GC(467) Compaction Phase
[100.331s][info][gc,phases      ] GC(467) Compaction Phase 149.628ms
[100.331s][info][gc,phases,start] GC(467) Post Compact
[100.333s][info][gc,phases      ] GC(467) Post Compact 1.620ms
[100.333s][info][gc,heap        ] GC(467) PSYoungGen: 210688K(232960K)->0K(232960K) Eden: 116736K(116736K)->0K(116736K) From: 93952K(116224K)->0K(116224K)
[100.333s][info][gc,heap        ] GC(467) ParOldGen: 592385K(699392K)->289035K(699392K)
[100.333s][info][gc,metaspace   ] GC(467) Metaspace: 16483K(16832K)->16483K(16832K) NonClass: 14152K(14336K)->14152K(14336K) Class: 2331K(2496K)->2331K(2496K)
[100.333s][info][gc             ] GC(467) Pause Full (Ergonomics) 784M->282M(910M) 226.970ms
[100.333s][info][gc,cpu         ] GC(467) User=1.22s Sys=0.00s Real=0.22s
[100.392s][info][gc,start       ] GC(468) Pause Young (Allocation Failure)
[100.416s][info][gc,heap        ] GC(468) PSYoungGen: 116736K(232960K)->50944K(232960K) Eden: 116736K(116736K)->0K(116736K) From: 0K(116224K)->50944K(116224K)
[100.416s][info][gc,heap        ] GC(468) ParOldGen: 289035K(699392K)->289035K(699392K)
[100.416s][info][gc,metaspace   ] GC(468) Metaspace: 16483K(16832K)->16483K(16832K) NonClass: 14152K(14336K)->14152K(14336K) Class: 2331K(2496K)->2331K(2496K)
[100.416s][info][gc             ] GC(468) Pause Young (Allocation Failure) 396M->332M(910M) 23.957ms
[100.416s][info][gc,cpu         ] GC(468) User=0.08s Sys=0.00s Real=0.03s
[100.476s][info][gc,start       ] GC(469) Pause Young (Allocation Failure)
[100.520s][info][gc,heap        ] GC(469) PSYoungGen: 167680K(232960K)->51040K(232960K) Eden: 116736K(116736K)->0K(116736K) From: 50944K(116224K)->51040K(116224K)
[100.520s][info][gc,heap        ] GC(469) ParOldGen: 289035K(699392K)->337075K(699392K)
[100.520s][info][gc,metaspace   ] GC(469) Metaspace: 16483K(16832K)->16483K(16832K) NonClass: 14152K(14336K)->14152K(14336K) Class: 2331K(2496K)->2331K(2496K)
[100.520s][info][gc             ] GC(469) Pause Young (Allocation Failure) 446M->379M(910M) 44.058ms
[100.520s][info][gc,cpu         ] GC(469) User=0.20s Sys=0.00s Real=0.05s
[100.604s][info][gc,start       ] GC(470) Pause Young (Allocation Failure)
[100.656s][info][gc,heap        ] GC(470) PSYoungGen: 167776K(232960K)->70698K(232960K) Eden: 116736K(116736K)->0K(116736K) From: 51040K(116224K)->70698K(116224K)
[100.656s][info][gc,heap        ] GC(470) ParOldGen: 337075K(699392K)->385139K(699392K)
[100.656s][info][gc,metaspace   ] GC(470) Metaspace: 16483K(16832K)->16483K(16832K) NonClass: 14152K(14336K)->14152K(14336K) Class: 2331K(2496K)->2331K(2496K)
[100.656s][info][gc             ] GC(470) Pause Young (Allocation Failure) 493M->445M(910M) 51.806ms
[100.656s][info][gc,cpu         ] GC(470) User=0.28s Sys=0.00s Real=0.05s
[100.961s][info][gc,start       ] GC(471) Pause Young (Allocation Failure)
[101.042s][info][gc,heap        ] GC(471) PSYoungGen: 187434K(232960K)->38848K(232960K) Eden: 116736K(116736K)->0K(116736K) From: 70698K(116224K)->38848K(116224K)
[101.042s][info][gc,heap        ] GC(471) ParOldGen: 385139K(699392K)->449117K(699392K)
[101.042s][info][gc,metaspace   ] GC(471) Metaspace: 16483K(16832K)->16483K(16832K) NonClass: 14152K(14336K)->14152K(14336K) Class: 2331K(2496K)->2331K(2496K)
[101.042s][info][gc             ] GC(471) Pause Young (Allocation Failure) 559M->476M(910M) 81.743ms
[101.042s][info][gc,cpu         ] GC(471) User=0.34s Sys=0.00s Real=0.08s
[101.184s][info][gc,start       ] GC(472) Pause Young (Allocation Failure)
[101.223s][info][gc,heap        ] GC(472) PSYoungGen: 155584K(232960K)->3840K(232960K) Eden: 116736K(116736K)->0K(116736K) From: 38848K(116224K)->3840K(116224K)
[101.223s][info][gc,heap        ] GC(472) ParOldGen: 449117K(699392K)->480165K(699392K)
[101.223s][info][gc,metaspace   ] GC(472) Metaspace: 16483K(16832K)->16483K(16832K) NonClass: 14152K(14336K)->14152K(14336K) Class: 2331K(2496K)->2331K(2496K)
[101.223s][info][gc             ] GC(472) Pause Young (Allocation Failure) 590M->472M(910M) 38.342ms
[101.223s][info][gc,cpu         ] GC(472) User=0.16s Sys=0.00s Real=0.03s
[101.362s][info][gc,start       ] GC(473) Pause Young (Allocation Failure)
[101.365s][info][gc,heap        ] GC(473) PSYoungGen: 120576K(232960K)->3072K(232960K) Eden: 116736K(116736K)->0K(116736K) From: 3840K(116224K)->3072K(116224K)
[101.365s][info][gc,heap        ] GC(473) ParOldGen: 480165K(699392K)->480493K(699392K)
[101.365s][info][gc,metaspace   ] GC(473) Metaspace: 16483K(16832K)->16483K(16832K) NonClass: 14152K(14336K)->14152K(14336K) Class: 2331K(2496K)->2331K(2496K)
[101.365s][info][gc             ] GC(473) Pause Young (Allocation Failure) 586M->472M(910M) 3.064ms
[101.365s][info][gc,cpu         ] GC(473) User=0.00s Sys=0.00s Real=0.00s
[101.491s][info][gc,start       ] GC(474) Pause Young (Allocation Failure)
[101.493s][info][gc,heap        ] GC(474) PSYoungGen: 119808K(232960K)->2336K(232960K) Eden: 116736K(116736K)->0K(116736K) From: 3072K(116224K)->2336K(116224K)
[101.493s][info][gc,heap        ] GC(474) ParOldGen: 480493K(699392K)->480605K(699392K)
[101.493s][info][gc,metaspace   ] GC(474) Metaspace: 16483K(16832K)->16483K(16832K) NonClass: 14152K(14336K)->14152K(14336K) Class: 2331K(2496K)->2331K(2496K)
[101.493s][info][gc             ] GC(474) Pause Young (Allocation Failure) 586M->471M(910M) 2.724ms
[101.493s][info][gc,cpu         ] GC(474) User=0.02s Sys=0.00s Real=0.02s
[101.626s][info][gc,start       ] GC(475) Pause Young (Allocation Failure)
[101.627s][info][gc,heap        ] GC(475) PSYoungGen: 119072K(232960K)->224K(232960K) Eden: 116736K(116736K)->0K(116736K) From: 2336K(116224K)->224K(116224K)
[101.627s][info][gc,heap        ] GC(475) ParOldGen: 480605K(699392K)->480605K(699392K)
[101.627s][info][gc,metaspace   ] GC(475) Metaspace: 16483K(16832K)->16483K(16832K) NonClass: 14152K(14336K)->14152K(14336K) Class: 2331K(2496K)->2331K(2496K)
[101.627s][info][gc             ] GC(475) Pause Young (Allocation Failure) 585M->469M(910M) 1.150ms
[101.628s][info][gc,cpu         ] GC(475) User=0.00s Sys=0.00s Real=0.00s
[102.305s][info][gc,start       ] GC(476) Pause Young (System.gc())
[102.306s][info][gc,heap        ] GC(476) PSYoungGen: 84951K(232960K)->128K(232960K) Eden: 84727K(116736K)->0K(116736K) From: 224K(116224K)->128K(116224K)
[102.306s][info][gc,heap        ] GC(476) ParOldGen: 480605K(699392K)->480629K(699392K)
[102.306s][info][gc,metaspace   ] GC(476) Metaspace: 16483K(16832K)->16483K(16832K) NonClass: 14152K(14336K)->14152K(14336K) Class: 2331K(2496K)->2331K(2496K)
[102.306s][info][gc             ] GC(476) Pause Young (System.gc()) 552M->469M(910M) 0.852ms
[102.306s][info][gc,cpu         ] GC(476) User=0.00s Sys=0.00s Real=0.00s
[102.306s][info][gc,start       ] GC(477) Pause Full (System.gc())
[102.306s][info][gc,phases,start] GC(477) Marking Phase
[102.311s][info][gc,phases      ] GC(477) Marking Phase 4.414ms
[102.311s][info][gc,phases,start] GC(477) Summary Phase
[102.311s][info][gc,phases      ] GC(477) Summary Phase 0.011ms
[102.311s][info][gc,phases,start] GC(477) Adjust Roots
[102.313s][info][gc,phases      ] GC(477) Adjust Roots 2.446ms
[102.313s][info][gc,phases,start] GC(477) Compaction Phase
[102.315s][info][gc,phases      ] GC(477) Compaction Phase 1.494ms
[102.315s][info][gc,phases,start] GC(477) Post Compact
[102.316s][info][gc,phases      ] GC(477) Post Compact 1.682ms
[102.316s][info][gc,heap        ] GC(477) PSYoungGen: 128K(232960K)->0K(232960K) Eden: 0K(116736K)->0K(116736K) From: 128K(116224K)->0K(116224K)
[102.317s][info][gc,heap        ] GC(477) ParOldGen: 480629K(699392K)->5541K(699392K)
[102.317s][info][gc,metaspace   ] GC(477) Metaspace: 16483K(16832K)->16483K(16832K) NonClass: 14152K(14336K)->14152K(14336K) Class: 2331K(2496K)->2331K(2496K)
[102.317s][info][gc             ] GC(477) Pause Full (System.gc()) 469M->5M(910M) 10.310ms
[102.317s][info][gc,cpu         ] GC(477) User=0.00s Sys=0.00s Real=0.00s
[103.580s][info][gc,start       ] GC(478) Pause Young (Allocation Failure)
[103.580s][info][gc,heap        ] GC(478) PSYoungGen: 116736K(232960K)->320K(232960K) Eden: 116736K(116736K)->0K(116736K) From: 0K(116224K)->320K(116224K)
[103.580s][info][gc,heap        ] GC(478) ParOldGen: 5541K(699392K)->5541K(699392K)
[103.580s][info][gc,metaspace   ] GC(478) Metaspace: 16484K(16832K)->16484K(16832K) NonClass: 14153K(14336K)->14153K(14336K) Class: 2331K(2496K)->2331K(2496K)
[103.580s][info][gc             ] GC(478) Pause Young (Allocation Failure) 119M->5M(910M) 0.517ms
[103.580s][info][gc,cpu         ] GC(478) User=0.00s Sys=0.00s Real=0.00s
[103.599s][info][gc,start       ] GC(479) Pause Young (Allocation Failure)
[103.600s][info][gc,heap        ] GC(479) PSYoungGen: 117056K(232960K)->256K(232960K) Eden: 116736K(116736K)->0K(116736K) From: 320K(116224K)->256K(116224K)
[103.600s][info][gc,heap        ] GC(479) ParOldGen: 5541K(699392K)->5641K(699392K)
[103.600s][info][gc,metaspace   ] GC(479) Metaspace: 16484K(16832K)->16484K(16832K) NonClass: 14153K(14336K)->14153K(14336K) Class: 2331K(2496K)->2331K(2496K)
[103.600s][info][gc             ] GC(479) Pause Young (Allocation Failure) 119M->5M(910M) 0.529ms
[103.600s][info][gc,cpu         ] GC(479) User=0.00s Sys=0.00s Real=0.00s
[103.618s][info][gc,start       ] GC(480) Pause Young (Allocation Failure)
[103.619s][info][gc,heap        ] GC(480) PSYoungGen: 116992K(232960K)->256K(232960K) Eden: 116736K(116736K)->0K(116736K) From: 256K(116224K)->256K(116224K)
[103.619s][info][gc,heap        ] GC(480) ParOldGen: 5641K(699392K)->5681K(699392K)
[103.619s][info][gc,metaspace   ] GC(480) Metaspace: 16484K(16832K)->16484K(16832K) NonClass: 14153K(14336K)->14153K(14336K) Class: 2331K(2496K)->2331K(2496K)
[103.619s][info][gc             ] GC(480) Pause Young (Allocation Failure) 119M->5M(910M) 0.531ms
[103.619s][info][gc,cpu         ] GC(480) User=0.00s Sys=0.00s Real=0.00s
[103.637s][info][gc,start       ] GC(481) Pause Young (Allocation Failure)
[103.638s][info][gc,heap        ] GC(481) PSYoungGen: 116992K(232960K)->224K(232960K) Eden: 116736K(116736K)->0K(116736K) From: 256K(116224K)->224K(116224K)
[103.638s][info][gc,heap        ] GC(481) ParOldGen: 5681K(699392K)->5721K(699392K)
[103.638s][info][gc,metaspace   ] GC(481) Metaspace: 16484K(16832K)->16484K(16832K) NonClass: 14153K(14336K)->14153K(14336K) Class: 2331K(2496K)->2331K(2496K)
[103.638s][info][gc             ] GC(481) Pause Young (Allocation Failure) 119M->5M(910M) 0.470ms
[103.638s][info][gc,cpu         ] GC(481) User=0.00s Sys=0.00s Real=0.00s
[103.656s][info][gc,start       ] GC(482) Pause Young (Allocation Failure)
[103.657s][info][gc,heap        ] GC(482) PSYoungGen: 116960K(232960K)->192K(232960K) Eden: 116736K(116736K)->0K(116736K) From: 224K(116224K)->192K(116224K)
[103.657s][info][gc,heap        ] GC(482) ParOldGen: 5721K(699392K)->5769K(699392K)
[103.657s][info][gc,metaspace   ] GC(482) Metaspace: 16484K(16832K)->16484K(16832K) NonClass: 14153K(14336K)->14153K(14336K) Class: 2331K(2496K)->2331K(2496K)
[103.657s][info][gc             ] GC(482) Pause Young (Allocation Failure) 119M->5M(910M) 0.445ms
[103.657s][info][gc,cpu         ] GC(482) User=0.00s Sys=0.00s Real=0.00s
[103.675s][info][gc,start       ] GC(483) Pause Young (Allocation Failure)
[103.676s][info][gc,heap        ] GC(483) PSYoungGen: 116928K(232960K)->320K(232960K) Eden: 116736K(116736K)->0K(116736K) From: 192K(116224K)->320K(116224K)
[103.676s][info][gc,heap        ] GC(483) ParOldGen: 5769K(699392K)->5801K(699392K)
[103.676s][info][gc,metaspace   ] GC(483) Metaspace: 16484K(16832K)->16484K(16832K) NonClass: 14153K(14336K)->14153K(14336K) Class: 2331K(2496K)->2331K(2496K)
[103.676s][info][gc             ] GC(483) Pause Young (Allocation Failure) 119M->5M(910M) 0.438ms
[103.676s][info][gc,cpu         ] GC(483) User=0.00s Sys=0.00s Real=0.00s
[103.694s][info][gc,start       ] GC(484) Pause Young (Allocation Failure)
[103.694s][info][gc,heap        ] GC(484) PSYoungGen: 117056K(232960K)->256K(232960K) Eden: 116736K(116736K)->0K(116736K) From: 320K(116224K)->256K(116224K)
[103.694s][info][gc,heap        ] GC(484) ParOldGen: 5801K(699392K)->5849K(699392K)
[103.694s][info][gc,metaspace   ] GC(484) Metaspace: 16484K(16832K)->16484K(16832K) NonClass: 14153K(14336K)->14153K(14336K) Class: 2331K(2496K)->2331K(2496K)
[103.694s][info][gc             ] GC(484) Pause Young (Allocation Failure) 119M->5M(910M) 0.407ms
[103.694s][info][gc,cpu         ] GC(484) User=0.00s Sys=0.00s Real=0.00s
[103.713s][info][gc,start       ] GC(485) Pause Young (Allocation Failure)
[103.714s][info][gc,heap        ] GC(485) PSYoungGen: 116992K(232960K)->320K(232960K) Eden: 116736K(116736K)->0K(116736K) From: 256K(116224K)->320K(116224K)
[103.714s][info][gc,heap        ] GC(485) ParOldGen: 5849K(699392K)->5905K(699392K)
[103.714s][info][gc,metaspace   ] GC(485) Metaspace: 16484K(16832K)->16484K(16832K) NonClass: 14153K(14336K)->14153K(14336K) Class: 2331K(2496K)->2331K(2496K)
[103.714s][info][gc             ] GC(485) Pause Young (Allocation Failure) 119M->6M(910M) 0.514ms
[103.714s][info][gc,cpu         ] GC(485) User=0.00s Sys=0.00s Real=0.00s
[103.732s][info][gc,start       ] GC(486) Pause Young (Allocation Failure)
[103.733s][info][gc,heap        ] GC(486) PSYoungGen: 117056K(232960K)->288K(232960K) Eden: 116736K(116736K)->0K(116736K) From: 320K(116224K)->288K(116224K)
[103.733s][info][gc,heap        ] GC(486) ParOldGen: 5905K(699392K)->5937K(699392K)
[103.733s][info][gc,metaspace   ] GC(486) Metaspace: 16484K(16832K)->16484K(16832K) NonClass: 14153K(14336K)->14153K(14336K) Class: 2331K(2496K)->2331K(2496K)
[103.733s][info][gc             ] GC(486) Pause Young (Allocation Failure) 120M->6M(910M) 0.576ms
[103.733s][info][gc,cpu         ] GC(486) User=0.00s Sys=0.00s Real=0.00s
[103.752s][info][gc,start       ] GC(487) Pause Young (Allocation Failure)
[103.753s][info][gc,heap        ] GC(487) PSYoungGen: 117024K(232960K)->256K(232960K) Eden: 116736K(116736K)->0K(116736K) From: 288K(116224K)->256K(116224K)
[103.753s][info][gc,heap        ] GC(487) ParOldGen: 5937K(699392K)->6001K(699392K)
[103.753s][info][gc,metaspace   ] GC(487) Metaspace: 16484K(16832K)->16484K(16832K) NonClass: 14153K(14336K)->14153K(14336K) Class: 2331K(2496K)->2331K(2496K)
[103.753s][info][gc             ] GC(487) Pause Young (Allocation Failure) 120M->6M(910M) 0.490ms
[103.753s][info][gc,cpu         ] GC(487) User=0.00s Sys=0.00s Real=0.00s
[103.771s][info][gc,start       ] GC(488) Pause Young (Allocation Failure)
[103.772s][info][gc,heap        ] GC(488) PSYoungGen: 116992K(232960K)->224K(237056K) Eden: 116736K(116736K)->0K(120832K) From: 256K(116224K)->224K(116224K)
[103.772s][info][gc,heap        ] GC(488) ParOldGen: 6001K(699392K)->6049K(699392K)
[103.772s][info][gc,metaspace   ] GC(488) Metaspace: 16485K(16832K)->16485K(16832K) NonClass: 14154K(14336K)->14154K(14336K) Class: 2331K(2496K)->2331K(2496K)
[103.772s][info][gc             ] GC(488) Pause Young (Allocation Failure) 120M->6M(914M) 0.420ms
[103.772s][info][gc,cpu         ] GC(488) User=0.00s Sys=0.00s Real=0.00s
[103.791s][info][gc,start       ] GC(489) Pause Young (Allocation Failure)
[103.791s][info][gc,heap        ] GC(489) PSYoungGen: 121056K(237056K)->288K(232960K) Eden: 120832K(120832K)->0K(120832K) From: 224K(116224K)->288K(112128K)
[103.791s][info][gc,heap        ] GC(489) ParOldGen: 6049K(699392K)->6049K(699392K)
[103.791s][info][gc,metaspace   ] GC(489) Metaspace: 16485K(16832K)->16485K(16832K) NonClass: 14154K(14336K)->14154K(14336K) Class: 2331K(2496K)->2331K(2496K)
[103.791s][info][gc             ] GC(489) Pause Young (Allocation Failure) 124M->6M(910M) 0.410ms
[103.791s][info][gc,cpu         ] GC(489) User=0.00s Sys=0.00s Real=0.00s
[103.810s][info][gc,start       ] GC(490) Pause Young (Allocation Failure)
[103.811s][info][gc,heap        ] GC(490) PSYoungGen: 121120K(232960K)->288K(250880K) Eden: 120832K(120832K)->0K(145920K) From: 288K(112128K)->288K(104960K)
[103.811s][info][gc,heap        ] GC(490) ParOldGen: 6049K(699392K)->6049K(699392K)
[103.811s][info][gc,metaspace   ] GC(490) Metaspace: 16485K(16832K)->16485K(16832K) NonClass: 14154K(14336K)->14154K(14336K) Class: 2331K(2496K)->2331K(2496K)
[103.811s][info][gc             ] GC(490) Pause Young (Allocation Failure) 124M->6M(928M) 0.411ms
[103.811s][info][gc,cpu         ] GC(490) User=0.00s Sys=0.00s Real=0.00s
[103.833s][info][gc,start       ] GC(491) Pause Young (Allocation Failure)
[103.834s][info][gc,heap        ] GC(491) PSYoungGen: 146208K(250880K)->352K(244224K) Eden: 145920K(145920K)->0K(145920K) From: 288K(104960K)->352K(98304K)
[103.834s][info][gc,heap        ] GC(491) ParOldGen: 6049K(699392K)->6049K(699392K)
[103.834s][info][gc,metaspace   ] GC(491) Metaspace: 16485K(16832K)->16485K(16832K) NonClass: 14154K(14336K)->14154K(14336K) Class: 2331K(2496K)->2331K(2496K)
[103.834s][info][gc             ] GC(491) Pause Young (Allocation Failure) 148M->6M(921M) 0.474ms
[103.834s][info][gc,cpu         ] GC(491) User=0.00s Sys=0.00s Real=0.00s
[103.856s][info][gc,start       ] GC(492) Pause Young (Allocation Failure)
[103.857s][info][gc,heap        ] GC(492) PSYoungGen: 146272K(244224K)->352K(263680K) Eden: 145920K(145920K)->0K(172032K) From: 352K(98304K)->352K(91648K)
[103.857s][info][gc,heap        ] GC(492) ParOldGen: 6049K(699392K)->6049K(699392K)
[103.857s][info][gc,metaspace   ] GC(492) Metaspace: 16485K(16832K)->16485K(16832K) NonClass: 14154K(14336K)->14154K(14336K) Class: 2331K(2496K)->2331K(2496K)
[103.857s][info][gc             ] GC(492) Pause Young (Allocation Failure) 148M->6M(940M) 0.533ms
[103.857s][info][gc,cpu         ] GC(492) User=0.00s Sys=0.00s Real=0.00s
[103.884s][info][gc,start       ] GC(493) Pause Young (Allocation Failure)
[103.884s][info][gc,heap        ] GC(493) PSYoungGen: 172384K(263680K)->352K(257536K) Eden: 172032K(172032K)->0K(172032K) From: 352K(91648K)->352K(85504K)
[103.885s][info][gc,heap        ] GC(493) ParOldGen: 6049K(699392K)->6049K(699392K)
[103.885s][info][gc,metaspace   ] GC(493) Metaspace: 16485K(16832K)->16485K(16832K) NonClass: 14154K(14336K)->14154K(14336K) Class: 2331K(2496K)->2331K(2496K)
[103.885s][info][gc             ] GC(493) Pause Young (Allocation Failure) 174M->6M(934M) 0.434ms
[103.885s][info][gc,cpu         ] GC(493) User=0.00s Sys=0.00s Real=0.00s
[103.911s][info][gc,start       ] GC(494) Pause Young (Allocation Failure)
[103.912s][info][gc,heap        ] GC(494) PSYoungGen: 172384K(257536K)->352K(274944K) Eden: 172032K(172032K)->0K(195072K) From: 352K(85504K)->352K(79872K)
[103.912s][info][gc,heap        ] GC(494) ParOldGen: 6049K(699392K)->6049K(699392K)
[103.912s][info][gc,metaspace   ] GC(494) Metaspace: 16485K(16832K)->16485K(16832K) NonClass: 14154K(14336K)->14154K(14336K) Class: 2331K(2496K)->2331K(2496K)
[103.912s][info][gc             ] GC(494) Pause Young (Allocation Failure) 174M->6M(951M) 0.494ms
[103.912s][info][gc,cpu         ] GC(494) User=0.00s Sys=0.00s Real=0.00s
[103.942s][info][gc,start       ] GC(495) Pause Young (Allocation Failure)
[103.943s][info][gc,heap        ] GC(495) PSYoungGen: 195424K(274944K)->352K(269312K) Eden: 195072K(195072K)->0K(195072K) From: 352K(79872K)->352K(74240K)
[103.943s][info][gc,heap        ] GC(495) ParOldGen: 6049K(699392K)->6049K(699392K)
[103.943s][info][gc,metaspace   ] GC(495) Metaspace: 16485K(16832K)->16485K(16832K) NonClass: 14154K(14336K)->14154K(14336K) Class: 2331K(2496K)->2331K(2496K)
[103.943s][info][gc             ] GC(495) Pause Young (Allocation Failure) 196M->6M(946M) 0.471ms
[103.943s][info][gc,cpu         ] GC(495) User=0.00s Sys=0.00s Real=0.00s
[103.975s][info][gc,start       ] GC(496) Pause Young (Allocation Failure)
[103.975s][info][gc,heap        ] GC(496) PSYoungGen: 195424K(269312K)->320K(285184K) Eden: 195072K(195072K)->0K(216064K) From: 352K(74240K)->320K(69120K)
[103.975s][info][gc,heap        ] GC(496) ParOldGen: 6049K(699392K)->6049K(699392K)
[103.975s][info][gc,metaspace   ] GC(496) Metaspace: 16485K(16832K)->16485K(16832K) NonClass: 14154K(14336K)->14154K(14336K) Class: 2331K(2496K)->2331K(2496K)
[103.975s][info][gc             ] GC(496) Pause Young (Allocation Failure) 196M->6M(961M) 0.438ms
[103.975s][info][gc,cpu         ] GC(496) User=0.00s Sys=0.00s Real=0.00s
[104.010s][info][gc,start       ] GC(497) Pause Young (Allocation Failure)
[104.010s][info][gc,heap        ] GC(497) PSYoungGen: 216384K(285184K)->384K(280064K) Eden: 216064K(216064K)->0K(216064K) From: 320K(69120K)->384K(64000K)
[104.010s][info][gc,heap        ] GC(497) ParOldGen: 6049K(699392K)->6049K(699392K)
[104.010s][info][gc,metaspace   ] GC(497) Metaspace: 16485K(16832K)->16485K(16832K) NonClass: 14154K(14336K)->14154K(14336K) Class: 2331K(2496K)->2331K(2496K)
[104.010s][info][gc             ] GC(497) Pause Young (Allocation Failure) 217M->6M(956M) 0.440ms
[104.010s][info][gc,cpu         ] GC(497) User=0.00s Sys=0.00s Real=0.00s
[104.071s][info][gc,start       ] GC(498) Pause Young (Allocation Failure)
[104.099s][info][gc,heap        ] GC(498) PSYoungGen: 216448K(280064K)->59363K(253952K) Eden: 216064K(216064K)->0K(194560K) From: 384K(64000K)->59363K(59392K)
[104.099s][info][gc,heap        ] GC(498) ParOldGen: 6049K(699392K)->15441K(699392K)
[104.099s][info][gc,metaspace   ] GC(498) Metaspace: 16485K(16832K)->16485K(16832K) NonClass: 14154K(14336K)->14154K(14336K) Class: 2331K(2496K)->2331K(2496K)
[104.100s][info][gc             ] GC(498) Pause Young (Allocation Failure) 217M->73M(931M) 28.935ms
[104.100s][info][gc,cpu         ] GC(498) User=0.03s Sys=0.00s Real=0.04s
[104.231s][info][gc,start       ] GC(499) Pause Young (Allocation Failure)
[104.323s][info][gc,heap        ] GC(499) PSYoungGen: 253923K(253952K)->77283K(271872K) Eden: 194560K(194560K)->0K(194560K) From: 59363K(59392K)->77283K(77312K)
[104.323s][info][gc,heap        ] GC(499) ParOldGen: 15441K(699392K)->128249K(699392K)
[104.323s][info][gc,metaspace   ] GC(499) Metaspace: 16485K(16832K)->16485K(16832K) NonClass: 14154K(14336K)->14154K(14336K) Class: 2331K(2496K)->2331K(2496K)
[104.323s][info][gc             ] GC(499) Pause Young (Allocation Failure) 263M->200M(948M) 92.812ms
[104.323s][info][gc,cpu         ] GC(499) User=0.47s Sys=0.00s Real=0.08s
[104.469s][info][gc,start       ] GC(500) Pause Young (Allocation Failure)
[104.575s][info][gc,heap        ] GC(500) PSYoungGen: 271843K(271872K)->77283K(194048K) Eden: 194560K(194560K)->0K(116736K) From: 77283K(77312K)->77283K(77312K)
[104.575s][info][gc,heap        ] GC(500) ParOldGen: 128249K(699392K)->262329K(699392K)
[104.575s][info][gc,metaspace   ] GC(500) Metaspace: 16485K(16832K)->16485K(16832K) NonClass: 14154K(14336K)->14154K(14336K) Class: 2331K(2496K)->2331K(2496K)
[104.575s][info][gc             ] GC(500) Pause Young (Allocation Failure) 390M->331M(872M) 106.135ms
[104.575s][info][gc,cpu         ] GC(500) User=0.56s Sys=0.00s Real=0.10s
[104.665s][info][gc,start       ] GC(501) Pause Young (Allocation Failure)
[104.753s][info][gc,heap        ] GC(501) PSYoungGen: 194019K(194048K)->116195K(232960K) Eden: 116736K(116736K)->0K(116736K) From: 77283K(77312K)->116195K(116224K)
[104.754s][info][gc,heap        ] GC(501) ParOldGen: 262329K(699392K)->304113K(699392K)
[104.754s][info][gc,metaspace   ] GC(501) Metaspace: 16485K(16832K)->16485K(16832K) NonClass: 14154K(14336K)->14154K(14336K) Class: 2331K(2496K)->2331K(2496K)
[104.754s][info][gc             ] GC(501) Pause Young (Allocation Failure) 445M->410M(910M) 88.512ms
[104.754s][info][gc,cpu         ] GC(501) User=0.41s Sys=0.00s Real=0.09s
[105.036s][info][gc,start       ] GC(502) Pause Young (Allocation Failure)
[105.127s][info][gc,heap        ] GC(502) PSYoungGen: 232931K(232960K)->116195K(232960K) Eden: 116736K(116736K)->0K(116736K) From: 116195K(116224K)->116195K(116224K)
[105.127s][info][gc,heap        ] GC(502) ParOldGen: 304113K(699392K)->331505K(699392K)
[105.127s][info][gc,metaspace   ] GC(502) Metaspace: 16485K(16832K)->16485K(16832K) NonClass: 14154K(14336K)->14154K(14336K) Class: 2331K(2496K)->2331K(2496K)
[105.127s][info][gc             ] GC(502) Pause Young (Allocation Failure) 524M->437M(910M) 91.097ms
[105.127s][info][gc,cpu         ] GC(502) User=0.44s Sys=0.00s Real=0.10s
[107.760s][info][gc,start       ] GC(503) Pause Young (Allocation Failure)
[107.840s][info][gc,heap        ] GC(503) PSYoungGen: 232931K(232960K)->116195K(232960K) Eden: 116736K(116736K)->0K(116736K) From: 116195K(116224K)->116195K(116224K)
[107.840s][info][gc,heap        ] GC(503) ParOldGen: 331505K(699392K)->372169K(699392K)
[107.840s][info][gc,metaspace   ] GC(503) Metaspace: 16485K(16832K)->16485K(16832K) NonClass: 14154K(14336K)->14154K(14336K) Class: 2331K(2496K)->2331K(2496K)
[107.840s][info][gc             ] GC(503) Pause Young (Allocation Failure) 551M->476M(910M) 80.056ms
[107.840s][info][gc,cpu         ] GC(503) User=0.45s Sys=0.00s Real=0.08s
[107.895s][info][gc,start       ] GC(504) Pause Young (Allocation Failure)
[107.981s][info][gc,heap        ] GC(504) PSYoungGen: 232931K(232960K)->116224K(232960K) Eden: 116736K(116736K)->0K(116736K) From: 116195K(116224K)->116224K(116224K)
[107.981s][info][gc,heap        ] GC(504) ParOldGen: 372169K(699392K)->422669K(699392K)
[107.981s][info][gc,metaspace   ] GC(504) Metaspace: 16485K(16832K)->16485K(16832K) NonClass: 14154K(14336K)->14154K(14336K) Class: 2331K(2496K)->2331K(2496K)
[107.981s][info][gc             ] GC(504) Pause Young (Allocation Failure) 590M->526M(910M) 85.787ms
[107.981s][info][gc,cpu         ] GC(504) User=0.47s Sys=0.00s Real=0.08s
[108.036s][info][gc,start       ] GC(505) Pause Young (Allocation Failure)
[108.110s][info][gc,heap        ] GC(505) PSYoungGen: 232960K(232960K)->116224K(232960K) Eden: 116736K(116736K)->0K(116736K) From: 116224K(116224K)->116224K(116224K)
[108.110s][info][gc,heap        ] GC(505) ParOldGen: 422669K(699392K)->472509K(699392K)
[108.110s][info][gc,metaspace   ] GC(505) Metaspace: 16485K(16832K)->16485K(16832K) NonClass: 14154K(14336K)->14154K(14336K) Class: 2331K(2496K)->2331K(2496K)
[108.110s][info][gc             ] GC(505) Pause Young (Allocation Failure) 640M->574M(910M) 74.028ms
[108.110s][info][gc,cpu         ] GC(505) User=0.38s Sys=0.00s Real=0.07s
[108.166s][info][gc,start       ] GC(506) Pause Young (Allocation Failure)
[108.241s][info][gc,heap        ] GC(506) PSYoungGen: 232960K(232960K)->116224K(232960K) Eden: 116736K(116736K)->0K(116736K) From: 116224K(116224K)->116224K(116224K)
[108.242s][info][gc,heap        ] GC(506) ParOldGen: 472509K(699392K)->522261K(699392K)
[108.242s][info][gc,metaspace   ] GC(506) Metaspace: 16485K(16832K)->16485K(16832K) NonClass: 14154K(14336K)->14154K(14336K) Class: 2331K(2496K)->2331K(2496K)
[108.242s][info][gc             ] GC(506) Pause Young (Allocation Failure) 688M->623M(910M) 75.100ms
[108.242s][info][gc,cpu         ] GC(506) User=0.44s Sys=0.00s Real=0.08s
[108.299s][info][gc,start       ] GC(507) Pause Young (Allocation Failure)
[108.369s][info][gc,heap        ] GC(507) PSYoungGen: 232960K(232960K)->89568K(232960K) Eden: 116736K(116736K)->0K(116736K) From: 116224K(116224K)->89568K(116224K)
[108.369s][info][gc,heap        ] GC(507) ParOldGen: 522261K(699392K)->599077K(699392K)
[108.369s][info][gc,metaspace   ] GC(507) Metaspace: 16485K(16832K)->16485K(16832K) NonClass: 14154K(14336K)->14154K(14336K) Class: 2331K(2496K)->2331K(2496K)
[108.369s][info][gc             ] GC(507) Pause Young (Allocation Failure) 737M->672M(910M) 70.287ms
[108.369s][info][gc,cpu         ] GC(507) User=0.38s Sys=0.00s Real=0.06s
[108.428s][info][gc,start       ] GC(508) Pause Full (Ergonomics)
[108.428s][info][gc,phases,start] GC(508) Marking Phase
[108.503s][info][gc,phases      ] GC(508) Marking Phase 74.136ms
[108.503s][info][gc,phases,start] GC(508) Summary Phase
[108.503s][info][gc,phases      ] GC(508) Summary Phase 0.022ms
[108.503s][info][gc,phases,start] GC(508) Adjust Roots
[108.504s][info][gc,phases      ] GC(508) Adjust Roots 1.590ms
[108.504s][info][gc,phases,start] GC(508) Compaction Phase
[108.661s][info][gc,phases      ] GC(508) Compaction Phase 156.286ms
[108.663s][info][gc,phases,start] GC(508) Post Compact
[108.665s][info][gc,phases      ] GC(508) Post Compact 1.705ms
[108.665s][info][gc,heap        ] GC(508) PSYoungGen: 206304K(232960K)->0K(232960K) Eden: 116736K(116736K)->0K(116736K) From: 89568K(116224K)->0K(116224K)
[108.665s][info][gc,heap        ] GC(508) ParOldGen: 599077K(699392K)->290255K(699392K)
[108.665s][info][gc,metaspace   ] GC(508) Metaspace: 16485K(16832K)->16485K(16832K) NonClass: 14154K(14336K)->14154K(14336K) Class: 2331K(2496K)->2331K(2496K)
[108.665s][info][gc             ] GC(508) Pause Full (Ergonomics) 786M->283M(910M) 236.727ms
[108.665s][info][gc,cpu         ] GC(508) User=1.23s Sys=0.00s Real=0.24s
[108.724s][info][gc,start       ] GC(509) Pause Young (Allocation Failure)
[108.747s][info][gc,heap        ] GC(509) PSYoungGen: 116736K(232960K)->50976K(232960K) Eden: 116736K(116736K)->0K(116736K) From: 0K(116224K)->50976K(116224K)
[108.747s][info][gc,heap        ] GC(509) ParOldGen: 290255K(699392K)->290255K(699392K)
[108.747s][info][gc,metaspace   ] GC(509) Metaspace: 16485K(16832K)->16485K(16832K) NonClass: 14154K(14336K)->14154K(14336K) Class: 2331K(2496K)->2331K(2496K)
[108.747s][info][gc             ] GC(509) Pause Young (Allocation Failure) 397M->333M(910M) 23.433ms
[108.747s][info][gc,cpu         ] GC(509) User=0.08s Sys=0.00s Real=0.02s
[108.809s][info][gc,start       ] GC(510) Pause Young (Allocation Failure)
[108.851s][info][gc,heap        ] GC(510) PSYoungGen: 167712K(232960K)->51040K(232960K) Eden: 116736K(116736K)->0K(116736K) From: 50976K(116224K)->51040K(116224K)
[108.851s][info][gc,heap        ] GC(510) ParOldGen: 290255K(699392K)->338295K(699392K)
[108.851s][info][gc,metaspace   ] GC(510) Metaspace: 16485K(16832K)->16485K(16832K) NonClass: 14154K(14336K)->14154K(14336K) Class: 2331K(2496K)->2331K(2496K)
[108.851s][info][gc             ] GC(510) Pause Young (Allocation Failure) 447M->380M(910M) 42.309ms
[108.851s][info][gc,cpu         ] GC(510) User=0.14s Sys=0.00s Real=0.05s
[108.936s][info][gc,start       ] GC(511) Pause Young (Allocation Failure)
[108.990s][info][gc,heap        ] GC(511) PSYoungGen: 167776K(232960K)->71562K(232960K) Eden: 116736K(116736K)->0K(116736K) From: 51040K(116224K)->71562K(116224K)
[108.990s][info][gc,heap        ] GC(511) ParOldGen: 338295K(699392K)->386391K(699392K)
[108.990s][info][gc,metaspace   ] GC(511) Metaspace: 16485K(16832K)->16485K(16832K) NonClass: 14154K(14336K)->14154K(14336K) Class: 2331K(2496K)->2331K(2496K)
[108.990s][info][gc             ] GC(511) Pause Young (Allocation Failure) 494M->447M(910M) 54.046ms
[108.990s][info][gc,cpu         ] GC(511) User=0.28s Sys=0.00s Real=0.05s
[109.300s][info][gc,start       ] GC(512) Pause Young (Allocation Failure)
[109.381s][info][gc,heap        ] GC(512) PSYoungGen: 188298K(232960K)->36896K(232960K) Eden: 116736K(116736K)->0K(116736K) From: 71562K(116224K)->36896K(116224K)
[109.381s][info][gc,heap        ] GC(512) ParOldGen: 386391K(699392K)->439251K(699392K)
[109.381s][info][gc,metaspace   ] GC(512) Metaspace: 16485K(16832K)->16485K(16832K) NonClass: 14154K(14336K)->14154K(14336K) Class: 2331K(2496K)->2331K(2496K)
[109.381s][info][gc             ] GC(512) Pause Young (Allocation Failure) 561M->464M(910M) 81.900ms
[109.381s][info][gc,cpu         ] GC(512) User=0.33s Sys=0.00s Real=0.08s
[109.526s][info][gc,start       ] GC(513) Pause Young (Allocation Failure)
[109.563s][info][gc,heap        ] GC(513) PSYoungGen: 153632K(232960K)->3840K(232960K) Eden: 116736K(116736K)->0K(116736K) From: 36896K(116224K)->3840K(116224K)
[109.563s][info][gc,heap        ] GC(513) ParOldGen: 439251K(699392K)->470067K(699392K)
[109.563s][info][gc,metaspace   ] GC(513) Metaspace: 16485K(16832K)->16485K(16832K) NonClass: 14154K(14336K)->14154K(14336K) Class: 2331K(2496K)->2331K(2496K)
[109.563s][info][gc             ] GC(513) Pause Young (Allocation Failure) 578M->462M(910M) 37.191ms
[109.563s][info][gc,cpu         ] GC(513) User=0.19s Sys=0.00s Real=0.03s
[109.702s][info][gc,start       ] GC(514) Pause Young (Allocation Failure)
[109.705s][info][gc,heap        ] GC(514) PSYoungGen: 120576K(232960K)->3104K(232960K) Eden: 116736K(116736K)->0K(116736K) From: 3840K(116224K)->3104K(116224K)
[109.705s][info][gc,heap        ] GC(514) ParOldGen: 470067K(699392K)->470379K(699392K)
[109.705s][info][gc,metaspace   ] GC(514) Metaspace: 16485K(16832K)->16485K(16832K) NonClass: 14154K(14336K)->14154K(14336K) Class: 2331K(2496K)->2331K(2496K)
[109.705s][info][gc             ] GC(514) Pause Young (Allocation Failure) 576M->462M(910M) 2.611ms
[109.705s][info][gc,cpu         ] GC(514) User=0.00s Sys=0.00s Real=0.00s
[109.830s][info][gc,start       ] GC(515) Pause Young (Allocation Failure)
[109.832s][info][gc,heap        ] GC(515) PSYoungGen: 119840K(232960K)->2304K(232960K) Eden: 116736K(116736K)->0K(116736K) From: 3104K(116224K)->2304K(116224K)
[109.832s][info][gc,heap        ] GC(515) ParOldGen: 470379K(699392K)->470507K(699392K)
[109.833s][info][gc,metaspace   ] GC(515) Metaspace: 16485K(16832K)->16485K(16832K) NonClass: 14154K(14336K)->14154K(14336K) Class: 2331K(2496K)->2331K(2496K)
[109.833s][info][gc             ] GC(515) Pause Young (Allocation Failure) 576M->461M(910M) 2.398ms
[109.833s][info][gc,cpu         ] GC(515) User=0.00s Sys=0.00s Real=0.00s
[109.963s][info][gc,start       ] GC(516) Pause Young (Allocation Failure)
[109.964s][info][gc,heap        ] GC(516) PSYoungGen: 119040K(232960K)->1792K(232960K) Eden: 116736K(116736K)->0K(116736K) From: 2304K(116224K)->1792K(116224K)
[109.965s][info][gc,heap        ] GC(516) ParOldGen: 470507K(699392K)->470507K(699392K)
[109.965s][info][gc,metaspace   ] GC(516) Metaspace: 16485K(16832K)->16485K(16832K) NonClass: 14154K(14336K)->14154K(14336K) Class: 2331K(2496K)->2331K(2496K)
[109.965s][info][gc             ] GC(516) Pause Young (Allocation Failure) 575M->461M(910M) 1.366ms
[109.965s][info][gc,cpu         ] GC(516) User=0.00s Sys=0.00s Real=0.00s
[110.646s][info][gc,start       ] GC(517) Pause Young (System.gc())
[110.646s][info][gc,heap        ] GC(517) PSYoungGen: 82836K(232960K)->96K(232960K) Eden: 81044K(116736K)->0K(116736K) From: 1792K(116224K)->96K(116224K)
[110.646s][info][gc,heap        ] GC(517) ParOldGen: 470507K(699392K)->470547K(699392K)
[110.646s][info][gc,metaspace   ] GC(517) Metaspace: 16486K(16832K)->16486K(16832K) NonClass: 14154K(14336K)->14154K(14336K) Class: 2331K(2496K)->2331K(2496K)
[110.646s][info][gc             ] GC(517) Pause Young (System.gc()) 540M->459M(910M) 0.888ms
[110.646s][info][gc,cpu         ] GC(517) User=0.00s Sys=0.00s Real=0.00s
[110.646s][info][gc,start       ] GC(518) Pause Full (System.gc())
[110.646s][info][gc,phases,start] GC(518) Marking Phase
[110.651s][info][gc,phases      ] GC(518) Marking Phase 4.391ms
[110.651s][info][gc,phases,start] GC(518) Summary Phase
[110.651s][info][gc,phases      ] GC(518) Summary Phase 0.011ms
[110.651s][info][gc,phases,start] GC(518) Adjust Roots
[110.653s][info][gc,phases      ] GC(518) Adjust Roots 1.641ms
[110.653s][info][gc,phases,start] GC(518) Compaction Phase
[110.654s][info][gc,phases      ] GC(518) Compaction Phase 1.713ms
[110.654s][info][gc,phases,start] GC(518) Post Compact
[110.656s][info][gc,phases      ] GC(518) Post Compact 2.005ms
[110.656s][info][gc,heap        ] GC(518) PSYoungGen: 96K(232960K)->0K(232960K) Eden: 0K(116736K)->0K(116736K) From: 96K(116224K)->0K(116224K)
[110.656s][info][gc,heap        ] GC(518) ParOldGen: 470547K(699392K)->5544K(699392K)
[110.656s][info][gc,metaspace   ] GC(518) Metaspace: 16486K(16832K)->16486K(16832K) NonClass: 14154K(14336K)->14154K(14336K) Class: 2331K(2496K)->2331K(2496K)
[110.656s][info][gc             ] GC(518) Pause Full (System.gc()) 459M->5M(910M) 10.019ms
[110.656s][info][gc,cpu         ] GC(518) User=0.00s Sys=0.00s Real=0.02s
[111.899s][info][gc,start       ] GC(519) Pause Young (Allocation Failure)
[111.899s][info][gc,heap        ] GC(519) PSYoungGen: 116736K(232960K)->320K(232960K) Eden: 116736K(116736K)->0K(116736K) From: 0K(116224K)->320K(116224K)
[111.899s][info][gc,heap        ] GC(519) ParOldGen: 5544K(699392K)->5544K(699392K)
[111.899s][info][gc,metaspace   ] GC(519) Metaspace: 16497K(16832K)->16497K(16832K) NonClass: 14166K(14336K)->14166K(14336K) Class: 2331K(2496K)->2331K(2496K)
[111.899s][info][gc             ] GC(519) Pause Young (Allocation Failure) 119M->5M(910M) 0.517ms
[111.899s][info][gc,cpu         ] GC(519) User=0.00s Sys=0.00s Real=0.00s
[111.917s][info][gc,start       ] GC(520) Pause Young (Allocation Failure)
[111.918s][info][gc,heap        ] GC(520) PSYoungGen: 117056K(232960K)->288K(232960K) Eden: 116736K(116736K)->0K(116736K) From: 320K(116224K)->288K(116224K)
[111.918s][info][gc,heap        ] GC(520) ParOldGen: 5544K(699392K)->5652K(699392K)
[111.918s][info][gc,metaspace   ] GC(520) Metaspace: 16497K(16832K)->16497K(16832K) NonClass: 14166K(14336K)->14166K(14336K) Class: 2331K(2496K)->2331K(2496K)
[111.918s][info][gc             ] GC(520) Pause Young (Allocation Failure) 119M->5M(910M) 0.583ms
[111.918s][info][gc,cpu         ] GC(520) User=0.00s Sys=0.00s Real=0.00s
[111.937s][info][gc,start       ] GC(521) Pause Young (Allocation Failure)
[111.938s][info][gc,heap        ] GC(521) PSYoungGen: 117024K(232960K)->256K(232960K) Eden: 116736K(116736K)->0K(116736K) From: 288K(116224K)->256K(116224K)
[111.938s][info][gc,heap        ] GC(521) ParOldGen: 5652K(699392K)->5700K(699392K)
[111.938s][info][gc,metaspace   ] GC(521) Metaspace: 16497K(16832K)->16497K(16832K) NonClass: 14166K(14336K)->14166K(14336K) Class: 2331K(2496K)->2331K(2496K)
[111.938s][info][gc             ] GC(521) Pause Young (Allocation Failure) 119M->5M(910M) 0.518ms
[111.938s][info][gc,cpu         ] GC(521) User=0.00s Sys=0.00s Real=0.00s
[111.956s][info][gc,start       ] GC(522) Pause Young (Allocation Failure)
[111.957s][info][gc,heap        ] GC(522) PSYoungGen: 116992K(232960K)->320K(232960K) Eden: 116736K(116736K)->0K(116736K) From: 256K(116224K)->320K(116224K)
[111.957s][info][gc,heap        ] GC(522) ParOldGen: 5700K(699392K)->5748K(699392K)
[111.957s][info][gc,metaspace   ] GC(522) Metaspace: 16497K(16832K)->16497K(16832K) NonClass: 14166K(14336K)->14166K(14336K) Class: 2331K(2496K)->2331K(2496K)
[111.957s][info][gc             ] GC(522) Pause Young (Allocation Failure) 119M->5M(910M) 0.479ms
[111.957s][info][gc,cpu         ] GC(522) User=0.00s Sys=0.00s Real=0.00s
[111.975s][info][gc,start       ] GC(523) Pause Young (Allocation Failure)
[111.975s][info][gc,heap        ] GC(523) PSYoungGen: 117056K(232960K)->256K(232960K) Eden: 116736K(116736K)->0K(116736K) From: 320K(116224K)->256K(116224K)
[111.975s][info][gc,heap        ] GC(523) ParOldGen: 5748K(699392K)->5820K(699392K)
[111.975s][info][gc,metaspace   ] GC(523) Metaspace: 16497K(16832K)->16497K(16832K) NonClass: 14166K(14336K)->14166K(14336K) Class: 2331K(2496K)->2331K(2496K)
[111.975s][info][gc             ] GC(523) Pause Young (Allocation Failure) 119M->5M(910M) 0.472ms
[111.975s][info][gc,cpu         ] GC(523) User=0.00s Sys=0.00s Real=0.00s
[111.994s][info][gc,start       ] GC(524) Pause Young (Allocation Failure)
[111.994s][info][gc,heap        ] GC(524) PSYoungGen: 116992K(232960K)->352K(232960K) Eden: 116736K(116736K)->0K(116736K) From: 256K(116224K)->352K(116224K)
[111.994s][info][gc,heap        ] GC(524) ParOldGen: 5820K(699392K)->5844K(699392K)
[111.994s][info][gc,metaspace   ] GC(524) Metaspace: 16497K(16832K)->16497K(16832K) NonClass: 14166K(14336K)->14166K(14336K) Class: 2331K(2496K)->2331K(2496K)
[111.994s][info][gc             ] GC(524) Pause Young (Allocation Failure) 119M->6M(910M) 0.572ms
[111.994s][info][gc,cpu         ] GC(524) User=0.02s Sys=0.00s Real=0.02s
[112.012s][info][gc,start       ] GC(525) Pause Young (Allocation Failure)
[112.013s][info][gc,heap        ] GC(525) PSYoungGen: 117088K(232960K)->224K(232960K) Eden: 116736K(116736K)->0K(116736K) From: 352K(116224K)->224K(116224K)
[112.013s][info][gc,heap        ] GC(525) ParOldGen: 5844K(699392K)->5900K(699392K)
[112.013s][info][gc,metaspace   ] GC(525) Metaspace: 16497K(16832K)->16497K(16832K) NonClass: 14166K(14336K)->14166K(14336K) Class: 2331K(2496K)->2331K(2496K)
[112.013s][info][gc             ] GC(525) Pause Young (Allocation Failure) 120M->5M(910M) 0.405ms
[112.013s][info][gc,cpu         ] GC(525) User=0.00s Sys=0.00s Real=0.00s
[112.031s][info][gc,start       ] GC(526) Pause Young (Allocation Failure)
[112.031s][info][gc,heap        ] GC(526) PSYoungGen: 116960K(232960K)->224K(232960K) Eden: 116736K(116736K)->0K(116736K) From: 224K(116224K)->224K(116224K)
[112.031s][info][gc,heap        ] GC(526) ParOldGen: 5900K(699392K)->5940K(699392K)
[112.031s][info][gc,metaspace   ] GC(526) Metaspace: 16497K(16832K)->16497K(16832K) NonClass: 14166K(14336K)->14166K(14336K) Class: 2331K(2496K)->2331K(2496K)
[112.031s][info][gc             ] GC(526) Pause Young (Allocation Failure) 119M->6M(910M) 0.424ms
[112.031s][info][gc,cpu         ] GC(526) User=0.00s Sys=0.00s Real=0.00s
[112.049s][info][gc,start       ] GC(527) Pause Young (Allocation Failure)
[112.050s][info][gc,heap        ] GC(527) PSYoungGen: 116960K(232960K)->256K(232960K) Eden: 116736K(116736K)->0K(116736K) From: 224K(116224K)->256K(116224K)
[112.050s][info][gc,heap        ] GC(527) ParOldGen: 5940K(699392K)->5972K(699392K)
[112.050s][info][gc,metaspace   ] GC(527) Metaspace: 16497K(16832K)->16497K(16832K) NonClass: 14166K(14336K)->14166K(14336K) Class: 2331K(2496K)->2331K(2496K)
[112.050s][info][gc             ] GC(527) Pause Young (Allocation Failure) 120M->6M(910M) 0.412ms
[112.050s][info][gc,cpu         ] GC(527) User=0.00s Sys=0.00s Real=0.00s
[112.068s][info][gc,start       ] GC(528) Pause Young (Allocation Failure)
[112.068s][info][gc,heap        ] GC(528) PSYoungGen: 116992K(232960K)->320K(232960K) Eden: 116736K(116736K)->0K(116736K) From: 256K(116224K)->320K(116224K)
[112.068s][info][gc,heap        ] GC(528) ParOldGen: 5972K(699392K)->6020K(699392K)
[112.068s][info][gc,metaspace   ] GC(528) Metaspace: 16497K(16832K)->16497K(16832K) NonClass: 14166K(14336K)->14166K(14336K) Class: 2331K(2496K)->2331K(2496K)
[112.068s][info][gc             ] GC(528) Pause Young (Allocation Failure) 120M->6M(910M) 0.464ms
[112.068s][info][gc,cpu         ] GC(528) User=0.00s Sys=0.00s Real=0.00s
[112.087s][info][gc,start       ] GC(529) Pause Young (Allocation Failure)
[112.087s][info][gc,heap        ] GC(529) PSYoungGen: 117056K(232960K)->224K(232960K) Eden: 116736K(116736K)->0K(116736K) From: 320K(116224K)->224K(116224K)
[112.087s][info][gc,heap        ] GC(529) ParOldGen: 6020K(699392K)->6076K(699392K)
[112.087s][info][gc,metaspace   ] GC(529) Metaspace: 16497K(16832K)->16497K(16832K) NonClass: 14166K(14336K)->14166K(14336K) Class: 2331K(2496K)->2331K(2496K)
[112.087s][info][gc             ] GC(529) Pause Young (Allocation Failure) 120M->6M(910M) 0.463ms
[112.087s][info][gc,cpu         ] GC(529) User=0.00s Sys=0.00s Real=0.00s
[112.106s][info][gc,start       ] GC(530) Pause Young (Allocation Failure)
[112.106s][info][gc,heap        ] GC(530) PSYoungGen: 116960K(232960K)->224K(232960K) Eden: 116736K(116736K)->0K(116736K) From: 224K(116224K)->224K(116224K)
[112.106s][info][gc,heap        ] GC(530) ParOldGen: 6076K(699392K)->6116K(699392K)
[112.106s][info][gc,metaspace   ] GC(530) Metaspace: 16497K(16832K)->16497K(16832K) NonClass: 14166K(14336K)->14166K(14336K) Class: 2331K(2496K)->2331K(2496K)
[112.106s][info][gc             ] GC(530) Pause Young (Allocation Failure) 120M->6M(910M) 0.395ms
[112.106s][info][gc,cpu         ] GC(530) User=0.00s Sys=0.00s Real=0.00s
[112.124s][info][gc,start       ] GC(531) Pause Young (Allocation Failure)
[112.125s][info][gc,heap        ] GC(531) PSYoungGen: 116960K(232960K)->288K(245760K) Eden: 116736K(116736K)->0K(135168K) From: 224K(116224K)->288K(110592K)
[112.125s][info][gc,heap        ] GC(531) ParOldGen: 6116K(699392K)->6116K(699392K)
[112.125s][info][gc,metaspace   ] GC(531) Metaspace: 16497K(16832K)->16497K(16832K) NonClass: 14166K(14336K)->14166K(14336K) Class: 2331K(2496K)->2331K(2496K)
[112.125s][info][gc             ] GC(531) Pause Young (Allocation Failure) 120M->6M(923M) 0.420ms
[112.125s][info][gc,cpu         ] GC(531) User=0.00s Sys=0.00s Real=0.00s
[112.146s][info][gc,start       ] GC(532) Pause Young (Allocation Failure)
[112.146s][info][gc,heap        ] GC(532) PSYoungGen: 135456K(245760K)->384K(238592K) Eden: 135168K(135168K)->0K(135168K) From: 288K(110592K)->384K(103424K)
[112.146s][info][gc,heap        ] GC(532) ParOldGen: 6116K(699392K)->6116K(699392K)
[112.146s][info][gc,metaspace   ] GC(532) Metaspace: 16497K(16832K)->16497K(16832K) NonClass: 14166K(14336K)->14166K(14336K) Class: 2331K(2496K)->2331K(2496K)
[112.146s][info][gc             ] GC(532) Pause Young (Allocation Failure) 138M->6M(916M) 0.469ms
[112.146s][info][gc,cpu         ] GC(532) User=0.00s Sys=0.00s Real=0.00s
[112.168s][info][gc,start       ] GC(533) Pause Young (Allocation Failure)
[112.168s][info][gc,heap        ] GC(533) PSYoungGen: 135552K(238592K)->320K(259072K) Eden: 135168K(135168K)->0K(162816K) From: 384K(103424K)->320K(96256K)
[112.168s][info][gc,heap        ] GC(533) ParOldGen: 6116K(699392K)->6116K(699392K)
[112.168s][info][gc,metaspace   ] GC(533) Metaspace: 16497K(16832K)->16497K(16832K) NonClass: 14166K(14336K)->14166K(14336K) Class: 2331K(2496K)->2331K(2496K)
[112.168s][info][gc             ] GC(533) Pause Young (Allocation Failure) 138M->6M(936M) 0.425ms
[112.168s][info][gc,cpu         ] GC(533) User=0.00s Sys=0.00s Real=0.00s
[112.194s][info][gc,start       ] GC(534) Pause Young (Allocation Failure)
[112.194s][info][gc,heap        ] GC(534) PSYoungGen: 163136K(259072K)->352K(252928K) Eden: 162816K(162816K)->0K(162816K) From: 320K(96256K)->352K(90112K)
[112.194s][info][gc,heap        ] GC(534) ParOldGen: 6116K(699392K)->6116K(699392K)
[112.194s][info][gc,metaspace   ] GC(534) Metaspace: 16497K(16832K)->16497K(16832K) NonClass: 14166K(14336K)->14166K(14336K) Class: 2331K(2496K)->2331K(2496K)
[112.194s][info][gc             ] GC(534) Pause Young (Allocation Failure) 165M->6M(930M) 0.474ms
[112.194s][info][gc,cpu         ] GC(534) User=0.00s Sys=0.00s Real=0.00s
[112.220s][info][gc,start       ] GC(535) Pause Young (Allocation Failure)
[112.220s][info][gc,heap        ] GC(535) PSYoungGen: 163168K(252928K)->352K(271360K) Eden: 162816K(162816K)->0K(187392K) From: 352K(90112K)->352K(83968K)
[112.220s][info][gc,heap        ] GC(535) ParOldGen: 6116K(699392K)->6116K(699392K)
[112.220s][info][gc,metaspace   ] GC(535) Metaspace: 16497K(16832K)->16497K(16832K) NonClass: 14166K(14336K)->14166K(14336K) Class: 2331K(2496K)->2331K(2496K)
[112.220s][info][gc             ] GC(535) Pause Young (Allocation Failure) 165M->6M(948M) 0.452ms
[112.220s][info][gc,cpu         ] GC(535) User=0.00s Sys=0.00s Real=0.00s
[112.249s][info][gc,start       ] GC(536) Pause Young (Allocation Failure)
[112.250s][info][gc,heap        ] GC(536) PSYoungGen: 187744K(271360K)->320K(265216K) Eden: 187392K(187392K)->0K(187392K) From: 352K(83968K)->320K(77824K)
[112.250s][info][gc,heap        ] GC(536) ParOldGen: 6116K(699392K)->6116K(699392K)
[112.250s][info][gc,metaspace   ] GC(536) Metaspace: 16497K(16832K)->16497K(16832K) NonClass: 14166K(14336K)->14166K(14336K) Class: 2331K(2496K)->2331K(2496K)
[112.250s][info][gc             ] GC(536) Pause Young (Allocation Failure) 189M->6M(942M) 0.416ms
[112.250s][info][gc,cpu         ] GC(536) User=0.00s Sys=0.00s Real=0.00s
[112.280s][info][gc,start       ] GC(537) Pause Young (Allocation Failure)
[112.280s][info][gc,heap        ] GC(537) PSYoungGen: 187712K(265216K)->320K(282112K) Eden: 187392K(187392K)->0K(209408K) From: 320K(77824K)->320K(72704K)
[112.280s][info][gc,heap        ] GC(537) ParOldGen: 6116K(699392K)->6116K(699392K)
[112.280s][info][gc,metaspace   ] GC(537) Metaspace: 16497K(16832K)->16497K(16832K) NonClass: 14166K(14336K)->14166K(14336K) Class: 2331K(2496K)->2331K(2496K)
[112.280s][info][gc             ] GC(537) Pause Young (Allocation Failure) 189M->6M(958M) 0.452ms
[112.280s][info][gc,cpu         ] GC(537) User=0.00s Sys=0.00s Real=0.00s
[112.315s][info][gc,start       ] GC(538) Pause Young (Allocation Failure)
[112.315s][info][gc,heap        ] GC(538) PSYoungGen: 209728K(282112K)->352K(276480K) Eden: 209408K(209408K)->0K(209408K) From: 320K(72704K)->352K(67072K)
[112.315s][info][gc,heap        ] GC(538) ParOldGen: 6116K(699392K)->6116K(699392K)
[112.315s][info][gc,metaspace   ] GC(538) Metaspace: 16497K(16832K)->16497K(16832K) NonClass: 14166K(14336K)->14166K(14336K) Class: 2331K(2496K)->2331K(2496K)
[112.315s][info][gc             ] GC(538) Pause Young (Allocation Failure) 210M->6M(953M) 0.459ms
[112.315s][info][gc,cpu         ] GC(538) User=0.00s Sys=0.00s Real=0.00s
[112.354s][info][gc,start       ] GC(539) Pause Young (Allocation Failure)
[112.361s][info][gc,heap        ] GC(539) PSYoungGen: 209760K(276480K)->18083K(288256K) Eden: 209408K(209408K)->0K(225792K) From: 352K(67072K)->18083K(62464K)
[112.361s][info][gc,heap        ] GC(539) ParOldGen: 6116K(699392K)->6116K(699392K)
[112.361s][info][gc,metaspace   ] GC(539) Metaspace: 16497K(16832K)->16497K(16832K) NonClass: 14166K(14336K)->14166K(14336K) Class: 2331K(2496K)->2331K(2496K)
[112.361s][info][gc             ] GC(539) Pause Young (Allocation Failure) 210M->23M(964M) 6.963ms
[112.361s][info][gc,cpu         ] GC(539) User=0.02s Sys=0.00s Real=0.02s
[112.497s][info][gc,start       ] GC(540) Pause Young (Allocation Failure)
[112.584s][info][gc,heap        ] GC(540) PSYoungGen: 243875K(288256K)->60899K(286720K) Eden: 225792K(225792K)->0K(225792K) From: 18083K(62464K)->60899K(60928K)
[112.584s][info][gc,heap        ] GC(540) ParOldGen: 6116K(699392K)->112716K(699392K)
[112.584s][info][gc,metaspace   ] GC(540) Metaspace: 16497K(16832K)->16497K(16832K) NonClass: 14166K(14336K)->14166K(14336K) Class: 2331K(2496K)->2331K(2496K)
[112.584s][info][gc             ] GC(540) Pause Young (Allocation Failure) 244M->169M(963M) 87.138ms
[112.584s][info][gc,cpu         ] GC(540) User=0.47s Sys=0.00s Real=0.08s
[112.747s][info][gc,start       ] GC(541) Pause Young (Allocation Failure)
[112.868s][info][gc,heap        ] GC(541) PSYoungGen: 286691K(286720K)->62435K(179200K) Eden: 225792K(225792K)->0K(116736K) From: 60899K(60928K)->62435K(62464K)
[112.868s][info][gc,heap        ] GC(541) ParOldGen: 112716K(699392K)->266724K(699392K)
[112.868s][info][gc,metaspace   ] GC(541) Metaspace: 16497K(16832K)->16497K(16832K) NonClass: 14166K(14336K)->14166K(14336K) Class: 2331K(2496K)->2331K(2496K)
[112.868s][info][gc             ] GC(541) Pause Young (Allocation Failure) 390M->321M(858M) 120.872ms
[112.868s][info][gc,cpu         ] GC(541) User=0.72s Sys=0.00s Real=0.13s
[112.953s][info][gc,start       ] GC(542) Pause Young (Allocation Failure)
[113.044s][info][gc,heap        ] GC(542) PSYoungGen: 179171K(179200K)->116195K(232960K) Eden: 116736K(116736K)->0K(116736K) From: 62435K(62464K)->116195K(116224K)
[113.044s][info][gc,heap        ] GC(542) ParOldGen: 266724K(699392K)->293836K(699392K)
[113.044s][info][gc,metaspace   ] GC(542) Metaspace: 16497K(16832K)->16497K(16832K) NonClass: 14166K(14336K)->14166K(14336K) Class: 2331K(2496K)->2331K(2496K)
[113.044s][info][gc             ] GC(542) Pause Young (Allocation Failure) 435M->400M(910M) 90.508ms
[113.044s][info][gc,cpu         ] GC(542) User=0.39s Sys=0.00s Real=0.08s
[113.231s][info][gc,start       ] GC(543) Pause Young (Allocation Failure)
[113.329s][info][gc,heap        ] GC(543) PSYoungGen: 232931K(232960K)->116195K(232960K) Eden: 116736K(116736K)->0K(116736K) From: 116195K(116224K)->116195K(116224K)
[113.329s][info][gc,heap        ] GC(543) ParOldGen: 293836K(699392K)->333541K(699392K)
[113.329s][info][gc,metaspace   ] GC(543) Metaspace: 16497K(16832K)->16497K(16832K) NonClass: 14166K(14336K)->14166K(14336K) Class: 2331K(2496K)->2331K(2496K)
[113.329s][info][gc             ] GC(543) Pause Young (Allocation Failure) 514M->439M(910M) 98.113ms
[113.329s][info][gc,cpu         ] GC(543) User=0.44s Sys=0.00s Real=0.09s
[115.754s][info][gc,start       ] GC(544) Pause Young (Allocation Failure)
[115.832s][info][gc,heap        ] GC(544) PSYoungGen: 232931K(232960K)->116224K(232960K) Eden: 116736K(116736K)->0K(116736K) From: 116195K(116224K)->116224K(116224K)
[115.832s][info][gc,heap        ] GC(544) ParOldGen: 333541K(699392K)->368224K(699392K)
[115.832s][info][gc,metaspace   ] GC(544) Metaspace: 16497K(16832K)->16497K(16832K) NonClass: 14166K(14336K)->14166K(14336K) Class: 2331K(2496K)->2331K(2496K)
[115.832s][info][gc             ] GC(544) Pause Young (Allocation Failure) 553M->473M(910M) 78.355ms
[115.832s][info][gc,cpu         ] GC(544) User=0.39s Sys=0.00s Real=0.08s
[115.887s][info][gc,start       ] GC(545) Pause Young (Allocation Failure)
[115.955s][info][gc,heap        ] GC(545) PSYoungGen: 232960K(232960K)->116224K(232960K) Eden: 116736K(116736K)->0K(116736K) From: 116224K(116224K)->116224K(116224K)
[115.955s][info][gc,heap        ] GC(545) ParOldGen: 368224K(699392K)->418544K(699392K)
[115.955s][info][gc,metaspace   ] GC(545) Metaspace: 16497K(16832K)->16497K(16832K) NonClass: 14166K(14336K)->14166K(14336K) Class: 2331K(2496K)->2331K(2496K)
[115.955s][info][gc             ] GC(545) Pause Young (Allocation Failure) 587M->522M(910M) 67.927ms
[115.955s][info][gc,cpu         ] GC(545) User=0.39s Sys=0.00s Real=0.08s
[116.011s][info][gc,start       ] GC(546) Pause Young (Allocation Failure)
[116.090s][info][gc,heap        ] GC(546) PSYoungGen: 232960K(232960K)->91488K(232960K) Eden: 116736K(116736K)->0K(116736K) From: 116224K(116224K)->91488K(116224K)
[116.090s][info][gc,heap        ] GC(546) ParOldGen: 418544K(699392K)->493248K(699392K)
[116.090s][info][gc,metaspace   ] GC(546) Metaspace: 16497K(16832K)->16497K(16832K) NonClass: 14166K(14336K)->14166K(14336K) Class: 2331K(2496K)->2331K(2496K)
[116.090s][info][gc             ] GC(546) Pause Young (Allocation Failure) 636M->571M(910M) 78.483ms
[116.090s][info][gc,cpu         ] GC(546) User=0.47s Sys=0.00s Real=0.08s
[116.146s][info][gc,start       ] GC(547) Pause Young (Allocation Failure)
[116.206s][info][gc,heap        ] GC(547) PSYoungGen: 208224K(232960K)->98944K(232960K) Eden: 116736K(116736K)->0K(116736K) From: 91488K(116224K)->98944K(116224K)
[116.206s][info][gc,heap        ] GC(547) ParOldGen: 493248K(699392K)->534248K(699392K)
[116.206s][info][gc,metaspace   ] GC(547) Metaspace: 16497K(16832K)->16497K(16832K) NonClass: 14166K(14336K)->14166K(14336K) Class: 2331K(2496K)->2331K(2496K)
[116.206s][info][gc             ] GC(547) Pause Young (Allocation Failure) 685M->618M(910M) 59.962ms
[116.206s][info][gc,cpu         ] GC(547) User=0.33s Sys=0.00s Real=0.06s
[116.263s][info][gc,start       ] GC(548) Pause Young (Allocation Failure)
[116.326s][info][gc,heap        ] GC(548) PSYoungGen: 215680K(232960K)->50720K(232960K) Eden: 116736K(116736K)->0K(116736K) From: 98944K(116224K)->50720K(116224K)
[116.327s][info][gc,heap        ] GC(548) ParOldGen: 534248K(699392K)->630880K(699392K)
[116.327s][info][gc,metaspace   ] GC(548) Metaspace: 16497K(16832K)->16497K(16832K) NonClass: 14166K(14336K)->14166K(14336K) Class: 2331K(2496K)->2331K(2496K)
[116.327s][info][gc             ] GC(548) Pause Young (Allocation Failure) 732M->665M(910M) 63.709ms
[116.327s][info][gc,cpu         ] GC(548) User=0.38s Sys=0.00s Real=0.06s
[116.384s][info][gc,start       ] GC(549) Pause Full (Ergonomics)
[116.384s][info][gc,phases,start] GC(549) Marking Phase
[116.456s][info][gc,phases      ] GC(549) Marking Phase 72.418ms
[116.456s][info][gc,phases,start] GC(549) Summary Phase
[116.456s][info][gc,phases      ] GC(549) Summary Phase 0.020ms
[116.456s][info][gc,phases,start] GC(549) Adjust Roots
[116.459s][info][gc,phases      ] GC(549) Adjust Roots 2.171ms
[116.459s][info][gc,phases,start] GC(549) Compaction Phase
[116.607s][info][gc,phases      ] GC(549) Compaction Phase 148.112ms
[116.607s][info][gc,phases,start] GC(549) Post Compact
[116.608s][info][gc,phases      ] GC(549) Post Compact 1.496ms
[116.608s][info][gc,heap        ] GC(549) PSYoungGen: 167456K(232960K)->0K(232960K) Eden: 116736K(116736K)->0K(116736K) From: 50720K(116224K)->0K(116224K)
[116.608s][info][gc,heap        ] GC(549) ParOldGen: 630880K(699392K)->285682K(699392K)
[116.608s][info][gc,metaspace   ] GC(549) Metaspace: 16497K(16832K)->16497K(16832K) NonClass: 14166K(14336K)->14166K(14336K) Class: 2331K(2496K)->2331K(2496K)
[116.608s][info][gc             ] GC(549) Pause Full (Ergonomics) 779M->278M(910M) 224.546ms
[116.608s][info][gc,cpu         ] GC(549) User=1.17s Sys=0.00s Real=0.22s
[116.667s][info][gc,start       ] GC(550) Pause Young (Allocation Failure)
[116.691s][info][gc,heap        ] GC(550) PSYoungGen: 116736K(232960K)->50944K(232960K) Eden: 116736K(116736K)->0K(116736K) From: 0K(116224K)->50944K(116224K)
[116.691s][info][gc,heap        ] GC(550) ParOldGen: 285682K(699392K)->285682K(699392K)
[116.691s][info][gc,metaspace   ] GC(550) Metaspace: 16497K(16832K)->16497K(16832K) NonClass: 14166K(14336K)->14166K(14336K) Class: 2331K(2496K)->2331K(2496K)
[116.691s][info][gc             ] GC(550) Pause Young (Allocation Failure) 392M->328M(910M) 24.124ms
[116.691s][info][gc,cpu         ] GC(550) User=0.09s Sys=0.00s Real=0.03s
[116.751s][info][gc,start       ] GC(551) Pause Young (Allocation Failure)
[116.793s][info][gc,heap        ] GC(551) PSYoungGen: 167680K(232960K)->51072K(232960K) Eden: 116736K(116736K)->0K(116736K) From: 50944K(116224K)->51072K(116224K)
[116.793s][info][gc,heap        ] GC(551) ParOldGen: 285682K(699392K)->333730K(699392K)
[116.793s][info][gc,metaspace   ] GC(551) Metaspace: 16497K(16832K)->16497K(16832K) NonClass: 14166K(14336K)->14166K(14336K) Class: 2331K(2496K)->2331K(2496K)
[116.793s][info][gc             ] GC(551) Pause Young (Allocation Failure) 442M->375M(910M) 42.593ms
[116.793s][info][gc,cpu         ] GC(551) User=0.20s Sys=0.00s Real=0.05s
[116.871s][info][gc,start       ] GC(552) Pause Young (Allocation Failure)
[116.919s][info][gc,heap        ] GC(552) PSYoungGen: 167808K(232960K)->68362K(232960K) Eden: 116736K(116736K)->0K(116736K) From: 51072K(116224K)->68362K(116224K)
[116.920s][info][gc,heap        ] GC(552) ParOldGen: 333730K(699392K)->381746K(699392K)
[116.920s][info][gc,metaspace   ] GC(552) Metaspace: 16497K(16832K)->16497K(16832K) NonClass: 14166K(14336K)->14166K(14336K) Class: 2331K(2496K)->2331K(2496K)
[116.920s][info][gc             ] GC(552) Pause Young (Allocation Failure) 489M->439M(910M) 48.069ms
[116.920s][info][gc,cpu         ] GC(552) User=0.38s Sys=0.00s Real=0.05s
[117.169s][info][gc,start       ] GC(553) Pause Young (Allocation Failure)
[117.246s][info][gc,heap        ] GC(553) PSYoungGen: 185098K(232960K)->41632K(232960K) Eden: 116736K(116736K)->0K(116736K) From: 68362K(116224K)->41632K(116224K)
[117.246s][info][gc,heap        ] GC(553) ParOldGen: 381746K(699392K)->430355K(699392K)
[117.246s][info][gc,metaspace   ] GC(553) Metaspace: 16497K(16832K)->16497K(16832K) NonClass: 14166K(14336K)->14166K(14336K) Class: 2331K(2496K)->2331K(2496K)
[117.246s][info][gc             ] GC(553) Pause Young (Allocation Failure) 553M->460M(910M) 76.659ms
[117.246s][info][gc,cpu         ] GC(553) User=0.39s Sys=0.00s Real=0.08s
[117.384s][info][gc,start       ] GC(554) Pause Young (Allocation Failure)
[117.426s][info][gc,heap        ] GC(554) PSYoungGen: 158368K(232960K)->3904K(232960K) Eden: 116736K(116736K)->0K(116736K) From: 41632K(116224K)->3904K(116224K)
[117.426s][info][gc,heap        ] GC(554) ParOldGen: 430355K(699392K)->460003K(699392K)
[117.426s][info][gc,metaspace   ] GC(554) Metaspace: 16497K(16832K)->16497K(16832K) NonClass: 14166K(14336K)->14166K(14336K) Class: 2331K(2496K)->2331K(2496K)
[117.426s][info][gc             ] GC(554) Pause Young (Allocation Failure) 574M->453M(910M) 42.094ms
[117.426s][info][gc,cpu         ] GC(554) User=0.16s Sys=0.00s Real=0.03s
[117.563s][info][gc,start       ] GC(555) Pause Young (Allocation Failure)
[117.566s][info][gc,heap        ] GC(555) PSYoungGen: 120640K(232960K)->3168K(232960K) Eden: 116736K(116736K)->0K(116736K) From: 3904K(116224K)->3168K(116224K)
[117.566s][info][gc,heap        ] GC(555) ParOldGen: 460003K(699392K)->460339K(699392K)
[117.566s][info][gc,metaspace   ] GC(555) Metaspace: 16497K(16832K)->16497K(16832K) NonClass: 14166K(14336K)->14166K(14336K) Class: 2331K(2496K)->2331K(2496K)
[117.566s][info][gc             ] GC(555) Pause Young (Allocation Failure) 567M->452M(910M) 2.994ms
[117.566s][info][gc,cpu         ] GC(555) User=0.00s Sys=0.00s Real=0.00s
[117.692s][info][gc,start       ] GC(556) Pause Young (Allocation Failure)
[117.694s][info][gc,heap        ] GC(556) PSYoungGen: 119904K(232960K)->2368K(232960K) Eden: 116736K(116736K)->0K(116736K) From: 3168K(116224K)->2368K(116224K)
[117.694s][info][gc,heap        ] GC(556) ParOldGen: 460339K(699392K)->460467K(699392K)
[117.694s][info][gc,metaspace   ] GC(556) Metaspace: 16497K(16832K)->16497K(16832K) NonClass: 14166K(14336K)->14166K(14336K) Class: 2331K(2496K)->2331K(2496K)
[117.694s][info][gc             ] GC(556) Pause Young (Allocation Failure) 566M->451M(910M) 2.298ms
[117.694s][info][gc,cpu         ] GC(556) User=0.00s Sys=0.00s Real=0.00s
[117.827s][info][gc,start       ] GC(557) Pause Young (Allocation Failure)
[117.828s][info][gc,heap        ] GC(557) PSYoungGen: 119104K(232960K)->288K(232960K) Eden: 116736K(116736K)->0K(116736K) From: 2368K(116224K)->288K(116224K)
[117.828s][info][gc,heap        ] GC(557) ParOldGen: 460467K(699392K)->460515K(699392K)
[117.828s][info][gc,metaspace   ] GC(557) Metaspace: 16497K(16832K)->16497K(16832K) NonClass: 14166K(14336K)->14166K(14336K) Class: 2331K(2496K)->2331K(2496K)
[117.828s][info][gc             ] GC(557) Pause Young (Allocation Failure) 565M->450M(910M) 0.996ms
[117.828s][info][gc,cpu         ] GC(557) User=0.00s Sys=0.00s Real=0.00s
[118.516s][info][gc,start       ] GC(558) Pause Young (System.gc())
[118.517s][info][gc,heap        ] GC(558) PSYoungGen: 92825K(232960K)->128K(232960K) Eden: 92537K(116736K)->0K(116736K) From: 288K(116224K)->128K(116224K)
[118.517s][info][gc,heap        ] GC(558) ParOldGen: 460515K(699392K)->460515K(699392K)
[118.517s][info][gc,metaspace   ] GC(558) Metaspace: 16498K(16832K)->16498K(16832K) NonClass: 14167K(14336K)->14167K(14336K) Class: 2331K(2496K)->2331K(2496K)
[118.517s][info][gc             ] GC(558) Pause Young (System.gc()) 540M->449M(910M) 0.683ms
[118.517s][info][gc,cpu         ] GC(558) User=0.00s Sys=0.00s Real=0.00s
[118.517s][info][gc,start       ] GC(559) Pause Full (System.gc())
[118.517s][info][gc,phases,start] GC(559) Marking Phase
[118.522s][info][gc,phases      ] GC(559) Marking Phase 4.472ms
[118.522s][info][gc,phases,start] GC(559) Summary Phase
[118.522s][info][gc,phases      ] GC(559) Summary Phase 0.010ms
[118.522s][info][gc,phases,start] GC(559) Adjust Roots
[118.524s][info][gc,phases      ] GC(559) Adjust Roots 2.722ms
[118.524s][info][gc,phases,start] GC(559) Compaction Phase
[118.526s][info][gc,phases      ] GC(559) Compaction Phase 1.700ms
[118.526s][info][gc,phases,start] GC(559) Post Compact
[118.528s][info][gc,phases      ] GC(559) Post Compact 1.655ms
[118.528s][info][gc,heap        ] GC(559) PSYoungGen: 128K(232960K)->0K(232960K) Eden: 0K(116736K)->0K(116736K) From: 128K(116224K)->0K(116224K)
[118.528s][info][gc,heap        ] GC(559) ParOldGen: 460515K(699392K)->5547K(699392K)
[118.528s][info][gc,metaspace   ] GC(559) Metaspace: 16498K(16832K)->16498K(16832K) NonClass: 14167K(14336K)->14167K(14336K) Class: 2331K(2496K)->2331K(2496K)
[118.528s][info][gc             ] GC(559) Pause Full (System.gc()) 449M->5M(910M) 10.812ms
[118.528s][info][gc,cpu         ] GC(559) User=0.00s Sys=0.00s Real=0.00s
[119.917s][info][gc,start       ] GC(560) Pause Young (Allocation Failure)
[119.918s][info][gc,heap        ] GC(560) PSYoungGen: 116736K(232960K)->384K(232960K) Eden: 116736K(116736K)->0K(116736K) From: 0K(116224K)->384K(116224K)
[119.918s][info][gc,heap        ] GC(560) ParOldGen: 5547K(699392K)->5547K(699392K)
[119.918s][info][gc,metaspace   ] GC(560) Metaspace: 16505K(16832K)->16505K(16832K) NonClass: 14173K(14336K)->14173K(14336K) Class: 2331K(2496K)->2331K(2496K)
[119.918s][info][gc             ] GC(560) Pause Young (Allocation Failure) 119M->5M(910M) 0.685ms
[119.918s][info][gc,cpu         ] GC(560) User=0.02s Sys=0.00s Real=0.02s
[119.937s][info][gc,start       ] GC(561) Pause Young (Allocation Failure)
[119.937s][info][gc,heap        ] GC(561) PSYoungGen: 117120K(232960K)->288K(232960K) Eden: 116736K(116736K)->0K(116736K) From: 384K(116224K)->288K(116224K)
[119.937s][info][gc,heap        ] GC(561) ParOldGen: 5547K(699392K)->5643K(699392K)
[119.937s][info][gc,metaspace   ] GC(561) Metaspace: 16505K(16832K)->16505K(16832K) NonClass: 14173K(14336K)->14173K(14336K) Class: 2331K(2496K)->2331K(2496K)
[119.937s][info][gc             ] GC(561) Pause Young (Allocation Failure) 119M->5M(910M) 0.486ms
[119.937s][info][gc,cpu         ] GC(561) User=0.00s Sys=0.00s Real=0.00s
[119.955s][info][gc,start       ] GC(562) Pause Young (Allocation Failure)
[119.956s][info][gc,heap        ] GC(562) PSYoungGen: 117024K(232960K)->352K(232960K) Eden: 116736K(116736K)->0K(116736K) From: 288K(116224K)->352K(116224K)
[119.956s][info][gc,heap        ] GC(562) ParOldGen: 5643K(699392K)->5691K(699392K)
[119.956s][info][gc,metaspace   ] GC(562) Metaspace: 16505K(16832K)->16505K(16832K) NonClass: 14173K(14336K)->14173K(14336K) Class: 2331K(2496K)->2331K(2496K)
[119.956s][info][gc             ] GC(562) Pause Young (Allocation Failure) 119M->5M(910M) 0.461ms
[119.956s][info][gc,cpu         ] GC(562) User=0.00s Sys=0.00s Real=0.00s
[119.974s][info][gc,start       ] GC(563) Pause Young (Allocation Failure)
[119.974s][info][gc,heap        ] GC(563) PSYoungGen: 117088K(232960K)->320K(232960K) Eden: 116736K(116736K)->0K(116736K) From: 352K(116224K)->320K(116224K)
[119.974s][info][gc,heap        ] GC(563) ParOldGen: 5691K(699392K)->5739K(699392K)
[119.974s][info][gc,metaspace   ] GC(563) Metaspace: 16505K(16832K)->16505K(16832K) NonClass: 14173K(14336K)->14173K(14336K) Class: 2331K(2496K)->2331K(2496K)
[119.974s][info][gc             ] GC(563) Pause Young (Allocation Failure) 119M->5M(910M) 0.506ms
[119.974s][info][gc,cpu         ] GC(563) User=0.00s Sys=0.00s Real=0.00s
[119.993s][info][gc,start       ] GC(564) Pause Young (Allocation Failure)
[119.993s][info][gc,heap        ] GC(564) PSYoungGen: 117056K(232960K)->192K(232960K) Eden: 116736K(116736K)->0K(116736K) From: 320K(116224K)->192K(116224K)
[119.993s][info][gc,heap        ] GC(564) ParOldGen: 5739K(699392K)->5795K(699392K)
[119.993s][info][gc,metaspace   ] GC(564) Metaspace: 16505K(16832K)->16505K(16832K) NonClass: 14173K(14336K)->14173K(14336K) Class: 2331K(2496K)->2331K(2496K)
[119.993s][info][gc             ] GC(564) Pause Young (Allocation Failure) 119M->5M(910M) 0.485ms
[119.993s][info][gc,cpu         ] GC(564) User=0.00s Sys=0.00s Real=0.00s
[120.012s][info][gc,start       ] GC(565) Pause Young (Allocation Failure)
[120.012s][info][gc,heap        ] GC(565) PSYoungGen: 116928K(232960K)->320K(232960K) Eden: 116736K(116736K)->0K(116736K) From: 192K(116224K)->320K(116224K)
[120.012s][info][gc,heap        ] GC(565) ParOldGen: 5795K(699392K)->5835K(699392K)
[120.012s][info][gc,metaspace   ] GC(565) Metaspace: 16505K(16832K)->16505K(16832K) NonClass: 14173K(14336K)->14173K(14336K) Class: 2331K(2496K)->2331K(2496K)
[120.012s][info][gc             ] GC(565) Pause Young (Allocation Failure) 119M->6M(910M) 0.421ms
[120.012s][info][gc,cpu         ] GC(565) User=0.00s Sys=0.00s Real=0.00s
[120.031s][info][gc,start       ] GC(566) Pause Young (Allocation Failure)
[120.031s][info][gc,heap        ] GC(566) PSYoungGen: 117056K(232960K)->256K(232960K) Eden: 116736K(116736K)->0K(116736K) From: 320K(116224K)->256K(116224K)
[120.031s][info][gc,heap        ] GC(566) ParOldGen: 5835K(699392K)->5883K(699392K)
[120.031s][info][gc,metaspace   ] GC(566) Metaspace: 16505K(16832K)->16505K(16832K) NonClass: 14173K(14336K)->14173K(14336K) Class: 2331K(2496K)->2331K(2496K)
[120.031s][info][gc             ] GC(566) Pause Young (Allocation Failure) 120M->5M(910M) 0.419ms
[120.031s][info][gc,cpu         ] GC(566) User=0.00s Sys=0.00s Real=0.00s
[120.050s][info][gc,start       ] GC(567) Pause Young (Allocation Failure)
[120.050s][info][gc,heap        ] GC(567) PSYoungGen: 116992K(232960K)->256K(232960K) Eden: 116736K(116736K)->0K(116736K) From: 256K(116224K)->256K(116224K)
[120.050s][info][gc,heap        ] GC(567) ParOldGen: 5883K(699392K)->5931K(699392K)
[120.050s][info][gc,metaspace   ] GC(567) Metaspace: 16505K(16832K)->16505K(16832K) NonClass: 14173K(14336K)->14173K(14336K) Class: 2331K(2496K)->2331K(2496K)
[120.050s][info][gc             ] GC(567) Pause Young (Allocation Failure) 119M->6M(910M) 0.413ms
[120.050s][info][gc,cpu         ] GC(567) User=0.00s Sys=0.00s Real=0.00s
[120.068s][info][gc,start       ] GC(568) Pause Young (Allocation Failure)
[120.068s][info][gc,heap        ] GC(568) PSYoungGen: 116992K(232960K)->320K(237056K) Eden: 116736K(116736K)->0K(120832K) From: 256K(116224K)->320K(116224K)
[120.068s][info][gc,heap        ] GC(568) ParOldGen: 5931K(699392K)->5971K(699392K)
[120.068s][info][gc,metaspace   ] GC(568) Metaspace: 16505K(16832K)->16505K(16832K) NonClass: 14173K(14336K)->14173K(14336K) Class: 2331K(2496K)->2331K(2496K)
[120.068s][info][gc             ] GC(568) Pause Young (Allocation Failure) 120M->6M(914M) 0.424ms
[120.068s][info][gc,cpu         ] GC(568) User=0.00s Sys=0.00s Real=0.00s
[120.087s][info][gc,start       ] GC(569) Pause Young (Allocation Failure)
[120.087s][info][gc,heap        ] GC(569) PSYoungGen: 121152K(237056K)->320K(232960K) Eden: 120832K(120832K)->0K(120832K) From: 320K(116224K)->320K(112128K)
[120.087s][info][gc,heap        ] GC(569) ParOldGen: 5971K(699392K)->5971K(699392K)
[120.087s][info][gc,metaspace   ] GC(569) Metaspace: 16505K(16832K)->16505K(16832K) NonClass: 14173K(14336K)->14173K(14336K) Class: 2331K(2496K)->2331K(2496K)
[120.087s][info][gc             ] GC(569) Pause Young (Allocation Failure) 124M->6M(910M) 0.428ms
[120.087s][info][gc,cpu         ] GC(569) User=0.00s Sys=0.00s Real=0.00s
[120.106s][info][gc,start       ] GC(570) Pause Young (Allocation Failure)
[120.106s][info][gc,heap        ] GC(570) PSYoungGen: 121152K(232960K)->320K(250368K) Eden: 120832K(120832K)->0K(144896K) From: 320K(112128K)->320K(105472K)
[120.106s][info][gc,heap        ] GC(570) ParOldGen: 5971K(699392K)->5971K(699392K)
[120.106s][info][gc,metaspace   ] GC(570) Metaspace: 16505K(16832K)->16505K(16832K) NonClass: 14173K(14336K)->14173K(14336K) Class: 2331K(2496K)->2331K(2496K)
[120.106s][info][gc             ] GC(570) Pause Young (Allocation Failure) 124M->6M(927M) 0.471ms
[120.106s][info][gc,cpu         ] GC(570) User=0.00s Sys=0.00s Real=0.00s
[120.129s][info][gc,start       ] GC(571) Pause Young (Allocation Failure)
[120.129s][info][gc,heap        ] GC(571) PSYoungGen: 145216K(250368K)->352K(243712K) Eden: 144896K(144896K)->0K(144896K) From: 320K(105472K)->352K(98816K)
[120.129s][info][gc,heap        ] GC(571) ParOldGen: 5971K(699392K)->5971K(699392K)
[120.129s][info][gc,metaspace   ] GC(571) Metaspace: 16505K(16832K)->16505K(16832K) NonClass: 14173K(14336K)->14173K(14336K) Class: 2331K(2496K)->2331K(2496K)
[120.129s][info][gc             ] GC(571) Pause Young (Allocation Failure) 147M->6M(921M) 0.509ms
[120.129s][info][gc,cpu         ] GC(571) User=0.00s Sys=0.00s Real=0.00s
[120.152s][info][gc,start       ] GC(572) Pause Young (Allocation Failure)
[120.152s][info][gc,heap        ] GC(572) PSYoungGen: 145248K(243712K)->384K(262656K) Eden: 144896K(144896K)->0K(169984K) From: 352K(98816K)->384K(92672K)
[120.152s][info][gc,heap        ] GC(572) ParOldGen: 5971K(699392K)->5971K(699392K)
[120.152s][info][gc,metaspace   ] GC(572) Metaspace: 16505K(16832K)->16505K(16832K) NonClass: 14173K(14336K)->14173K(14336K) Class: 2331K(2496K)->2331K(2496K)
[120.152s][info][gc             ] GC(572) Pause Young (Allocation Failure) 147M->6M(939M) 0.507ms
[120.152s][info][gc,cpu         ] GC(572) User=0.00s Sys=0.00s Real=0.00s
[120.178s][info][gc,start       ] GC(573) Pause Young (Allocation Failure)
[120.179s][info][gc,heap        ] GC(573) PSYoungGen: 170368K(262656K)->352K(256512K) Eden: 169984K(169984K)->0K(169984K) From: 384K(92672K)->352K(86528K)
[120.179s][info][gc,heap        ] GC(573) ParOldGen: 5971K(699392K)->5971K(699392K)
[120.179s][info][gc,metaspace   ] GC(573) Metaspace: 16505K(16832K)->16505K(16832K) NonClass: 14173K(14336K)->14173K(14336K) Class: 2331K(2496K)->2331K(2496K)
[120.179s][info][gc             ] GC(573) Pause Young (Allocation Failure) 172M->6M(933M) 0.467ms
[120.179s][info][gc,cpu         ] GC(573) User=0.00s Sys=0.00s Real=0.00s
[120.205s][info][gc,start       ] GC(574) Pause Young (Allocation Failure)
[120.206s][info][gc,heap        ] GC(574) PSYoungGen: 170336K(256512K)->384K(273920K) Eden: 169984K(169984K)->0K(193024K) From: 352K(86528K)->384K(80896K)
[120.206s][info][gc,heap        ] GC(574) ParOldGen: 5971K(699392K)->5971K(699392K)
[120.206s][info][gc,metaspace   ] GC(574) Metaspace: 16505K(16832K)->16505K(16832K) NonClass: 14173K(14336K)->14173K(14336K) Class: 2331K(2496K)->2331K(2496K)
[120.206s][info][gc             ] GC(574) Pause Young (Allocation Failure) 172M->6M(950M) 0.578ms
[120.206s][info][gc,cpu         ] GC(574) User=0.00s Sys=0.00s Real=0.00s
[120.236s][info][gc,start       ] GC(575) Pause Young (Allocation Failure)
[120.236s][info][gc,heap        ] GC(575) PSYoungGen: 193408K(273920K)->384K(268288K) Eden: 193024K(193024K)->0K(193024K) From: 384K(80896K)->384K(75264K)
[120.236s][info][gc,heap        ] GC(575) ParOldGen: 5971K(699392K)->5971K(699392K)
[120.236s][info][gc,metaspace   ] GC(575) Metaspace: 16505K(16832K)->16505K(16832K) NonClass: 14173K(14336K)->14173K(14336K) Class: 2331K(2496K)->2331K(2496K)
[120.236s][info][gc             ] GC(575) Pause Young (Allocation Failure) 194M->6M(945M) 0.474ms
[120.236s][info][gc,cpu         ] GC(575) User=0.00s Sys=0.00s Real=0.00s
[120.266s][info][gc,start       ] GC(576) Pause Young (Allocation Failure)
[120.266s][info][gc,heap        ] GC(576) PSYoungGen: 193408K(268288K)->352K(283648K) Eden: 193024K(193024K)->0K(213504K) From: 384K(75264K)->352K(70144K)
[120.266s][info][gc,heap        ] GC(576) ParOldGen: 5971K(699392K)->5971K(699392K)
[120.266s][info][gc,metaspace   ] GC(576) Metaspace: 16505K(16832K)->16505K(16832K) NonClass: 14173K(14336K)->14173K(14336K) Class: 2331K(2496K)->2331K(2496K)
[120.266s][info][gc             ] GC(576) Pause Young (Allocation Failure) 194M->6M(960M) 0.460ms
[120.266s][info][gc,cpu         ] GC(576) User=0.00s Sys=0.00s Real=0.00s
[120.300s][info][gc,start       ] GC(577) Pause Young (Allocation Failure)
[120.301s][info][gc,heap        ] GC(577) PSYoungGen: 213856K(283648K)->352K(279040K) Eden: 213504K(213504K)->0K(213504K) From: 352K(70144K)->352K(65536K)
[120.301s][info][gc,heap        ] GC(577) ParOldGen: 5971K(699392K)->5971K(699392K)
[120.301s][info][gc,metaspace   ] GC(577) Metaspace: 16505K(16832K)->16505K(16832K) NonClass: 14173K(14336K)->14173K(14336K) Class: 2331K(2496K)->2331K(2496K)
[120.301s][info][gc             ] GC(577) Pause Young (Allocation Failure) 214M->6M(955M) 0.414ms
[120.301s][info][gc,cpu         ] GC(577) User=0.00s Sys=0.00s Real=0.00s
[120.334s][info][gc,start       ] GC(578) Pause Young (Allocation Failure)
[120.335s][info][gc,heap        ] GC(578) PSYoungGen: 213856K(279040K)->320K(292352K) Eden: 213504K(213504K)->0K(231424K) From: 352K(65536K)->320K(60928K)
[120.335s][info][gc,heap        ] GC(578) ParOldGen: 5971K(699392K)->5971K(699392K)
[120.335s][info][gc,metaspace   ] GC(578) Metaspace: 16505K(16832K)->16505K(16832K) NonClass: 14173K(14336K)->14173K(14336K) Class: 2331K(2496K)->2331K(2496K)
[120.335s][info][gc             ] GC(578) Pause Young (Allocation Failure) 214M->6M(968M) 0.409ms
[120.335s][info][gc,cpu         ] GC(578) User=0.00s Sys=0.00s Real=0.00s
[120.393s][info][gc,start       ] GC(579) Pause Young (Allocation Failure)
[120.418s][info][gc,heap        ] GC(579) PSYoungGen: 231744K(292352K)->56803K(288256K) Eden: 231424K(231424K)->0K(231424K) From: 320K(60928K)->56803K(56832K)
[120.418s][info][gc,heap        ] GC(579) ParOldGen: 5971K(699392K)->9435K(699392K)
[120.418s][info][gc,metaspace   ] GC(579) Metaspace: 16505K(16832K)->16505K(16832K) NonClass: 14173K(14336K)->14173K(14336K) Class: 2331K(2496K)->2331K(2496K)
[120.418s][info][gc             ] GC(579) Pause Young (Allocation Failure) 232M->64M(964M) 24.372ms
[120.418s][info][gc,cpu         ] GC(579) User=0.03s Sys=0.00s Real=0.03s
[120.565s][info][gc,start       ] GC(580) Pause Young (Allocation Failure)
[120.675s][info][gc,heap        ] GC(580) PSYoungGen: 288227K(288256K)->60899K(177664K) Eden: 231424K(231424K)->0K(116736K) From: 56803K(56832K)->60899K(60928K)
[120.675s][info][gc,heap        ] GC(580) ParOldGen: 9435K(699392K)->161051K(699392K)
[120.675s][info][gc,metaspace   ] GC(580) Metaspace: 16505K(16832K)->16505K(16832K) NonClass: 14173K(14336K)->14173K(14336K) Class: 2331K(2496K)->2331K(2496K)
[120.675s][info][gc             ] GC(580) Pause Young (Allocation Failure) 290M->216M(856M) 110.268ms
[120.675s][info][gc,cpu         ] GC(580) User=0.61s Sys=0.00s Real=0.11s
[120.753s][info][gc,start       ] GC(581) Pause Young (Allocation Failure)
[120.817s][info][gc,heap        ] GC(581) PSYoungGen: 177635K(177664K)->116195K(232960K) Eden: 116736K(116736K)->0K(116736K) From: 60899K(60928K)->116195K(116224K)
[120.817s][info][gc,heap        ] GC(581) ParOldGen: 161051K(699392K)->186771K(699392K)
[120.817s][info][gc,metaspace   ] GC(581) Metaspace: 16505K(16832K)->16505K(16832K) NonClass: 14173K(14336K)->14173K(14336K) Class: 2331K(2496K)->2331K(2496K)
[120.818s][info][gc             ] GC(581) Pause Young (Allocation Failure) 330M->295M(910M) 64.277ms
[120.818s][info][gc,cpu         ] GC(581) User=0.30s Sys=0.00s Real=0.06s
[120.904s][info][gc,start       ] GC(582) Pause Young (Allocation Failure)
[120.995s][info][gc,heap        ] GC(582) PSYoungGen: 232931K(232960K)->116195K(232960K) Eden: 116736K(116736K)->0K(116736K) From: 116195K(116224K)->116195K(116224K)
[120.995s][info][gc,heap        ] GC(582) ParOldGen: 186771K(699392K)->267331K(699392K)
[120.995s][info][gc,metaspace   ] GC(582) Metaspace: 16505K(16832K)->16505K(16832K) NonClass: 14173K(14336K)->14173K(14336K) Class: 2331K(2496K)->2331K(2496K)
[120.995s][info][gc             ] GC(582) Pause Young (Allocation Failure) 409M->374M(910M) 91.167ms
[120.995s][info][gc,cpu         ] GC(582) User=0.53s Sys=0.00s Real=0.09s
[121.144s][info][gc,start       ] GC(583) Pause Young (Allocation Failure)
[121.239s][info][gc,heap        ] GC(583) PSYoungGen: 232931K(232960K)->116195K(232960K) Eden: 116736K(116736K)->0K(116736K) From: 116195K(116224K)->116195K(116224K)
[121.239s][info][gc,heap        ] GC(583) ParOldGen: 267331K(699392K)->334283K(699392K)
[121.239s][info][gc,metaspace   ] GC(583) Metaspace: 16505K(16832K)->16505K(16832K) NonClass: 14173K(14336K)->14173K(14336K) Class: 2331K(2496K)->2331K(2496K)
[121.239s][info][gc             ] GC(583) Pause Young (Allocation Failure) 488M->439M(910M) 95.433ms
[121.239s][info][gc,cpu         ] GC(583) User=0.56s Sys=0.00s Real=0.09s
[123.977s][info][gc,start       ] GC(584) Pause Young (Allocation Failure)
[124.051s][info][gc,heap        ] GC(584) PSYoungGen: 232931K(232960K)->116195K(232960K) Eden: 116736K(116736K)->0K(116736K) From: 116195K(116224K)->116195K(116224K)
[124.051s][info][gc,heap        ] GC(584) ParOldGen: 334283K(699392K)->351435K(699392K)
[124.051s][info][gc,metaspace   ] GC(584) Metaspace: 16505K(16832K)->16505K(16832K) NonClass: 14173K(14336K)->14173K(14336K) Class: 2331K(2496K)->2331K(2496K)
[124.051s][info][gc             ] GC(584) Pause Young (Allocation Failure) 553M->456M(910M) 74.287ms
[124.051s][info][gc,cpu         ] GC(584) User=0.38s Sys=0.00s Real=0.06s
[124.105s][info][gc,start       ] GC(585) Pause Young (Allocation Failure)
[124.190s][info][gc,heap        ] GC(585) PSYoungGen: 232931K(232960K)->116224K(232960K) Eden: 116736K(116736K)->0K(116736K) From: 116195K(116224K)->116224K(116224K)
[124.190s][info][gc,heap        ] GC(585) ParOldGen: 351435K(699392K)->402263K(699392K)
[124.190s][info][gc,metaspace   ] GC(585) Metaspace: 16505K(16832K)->16505K(16832K) NonClass: 14173K(14336K)->14173K(14336K) Class: 2331K(2496K)->2331K(2496K)
[124.190s][info][gc             ] GC(585) Pause Young (Allocation Failure) 570M->506M(910M) 84.545ms
[124.190s][info][gc,cpu         ] GC(585) User=0.45s Sys=0.00s Real=0.08s
[124.245s][info][gc,start       ] GC(586) Pause Young (Allocation Failure)
[124.318s][info][gc,heap        ] GC(586) PSYoungGen: 232960K(232960K)->116224K(232960K) Eden: 116736K(116736K)->0K(116736K) From: 116224K(116224K)->116224K(116224K)
[124.318s][info][gc,heap        ] GC(586) ParOldGen: 402263K(699392K)->452287K(699392K)
[124.318s][info][gc,metaspace   ] GC(586) Metaspace: 16505K(16832K)->16505K(16832K) NonClass: 14173K(14336K)->14173K(14336K) Class: 2331K(2496K)->2331K(2496K)
[124.318s][info][gc             ] GC(586) Pause Young (Allocation Failure) 620M->555M(910M) 72.581ms
[124.318s][info][gc,cpu         ] GC(586) User=0.38s Sys=0.00s Real=0.06s
[124.374s][info][gc,start       ] GC(587) Pause Young (Allocation Failure)
[124.450s][info][gc,heap        ] GC(587) PSYoungGen: 232960K(232960K)->116224K(232960K) Eden: 116736K(116736K)->0K(116736K) From: 116224K(116224K)->116224K(116224K)
[124.450s][info][gc,heap        ] GC(587) ParOldGen: 452287K(699392K)->501951K(699392K)
[124.450s][info][gc,metaspace   ] GC(587) Metaspace: 16505K(16832K)->16505K(16832K) NonClass: 14173K(14336K)->14173K(14336K) Class: 2331K(2496K)->2331K(2496K)
[124.450s][info][gc             ] GC(587) Pause Young (Allocation Failure) 669M->603M(910M) 75.473ms
[124.450s][info][gc,cpu         ] GC(587) User=0.47s Sys=0.00s Real=0.08s
[124.507s][info][gc,start       ] GC(588) Pause Young (Allocation Failure)
[124.585s][info][gc,heap        ] GC(588) PSYoungGen: 232960K(232960K)->116224K(232960K) Eden: 116736K(116736K)->0K(116736K) From: 116224K(116224K)->116224K(116224K)
[124.585s][info][gc,heap        ] GC(588) ParOldGen: 501951K(699392K)->550639K(699392K)
[124.585s][info][gc,metaspace   ] GC(588) Metaspace: 16505K(16832K)->16505K(16832K) NonClass: 14173K(14336K)->14173K(14336K) Class: 2331K(2496K)->2331K(2496K)
[124.585s][info][gc             ] GC(588) Pause Young (Allocation Failure) 717M->651M(910M) 77.632ms
[124.585s][info][gc,cpu         ] GC(588) User=0.34s Sys=0.00s Real=0.06s
[124.642s][info][gc,start       ] GC(589) Pause Young (Allocation Failure)
[124.715s][info][gc,heap        ] GC(589) PSYoungGen: 232960K(232960K)->90976K(232960K) Eden: 116736K(116736K)->0K(116736K) From: 116224K(116224K)->90976K(116224K)
[124.715s][info][gc,heap        ] GC(589) ParOldGen: 550639K(699392K)->625847K(699392K)
[124.715s][info][gc,metaspace   ] GC(589) Metaspace: 16505K(16832K)->16505K(16832K) NonClass: 14173K(14336K)->14173K(14336K) Class: 2331K(2496K)->2331K(2496K)
[124.715s][info][gc             ] GC(589) Pause Young (Allocation Failure) 765M->700M(910M) 72.981ms
[124.715s][info][gc,cpu         ] GC(589) User=0.45s Sys=0.00s Real=0.08s
[124.774s][info][gc,start       ] GC(590) Pause Full (Ergonomics)
[124.774s][info][gc,phases,start] GC(590) Marking Phase
[124.855s][info][gc,phases      ] GC(590) Marking Phase 81.271ms
[124.855s][info][gc,phases,start] GC(590) Summary Phase
[124.855s][info][gc,phases      ] GC(590) Summary Phase 0.021ms
[124.856s][info][gc,phases,start] GC(590) Adjust Roots
[124.857s][info][gc,phases      ] GC(590) Adjust Roots 1.556ms
[124.857s][info][gc,phases,start] GC(590) Compaction Phase
[125.019s][info][gc,phases      ] GC(590) Compaction Phase 162.043ms
[125.019s][info][gc,phases,start] GC(590) Post Compact
[125.021s][info][gc,phases      ] GC(590) Post Compact 1.665ms
[125.021s][info][gc,heap        ] GC(590) PSYoungGen: 207712K(232960K)->0K(232960K) Eden: 116736K(116736K)->0K(116736K) From: 90976K(116224K)->0K(116224K)
[125.021s][info][gc,heap        ] GC(590) ParOldGen: 625847K(699392K)->316986K(699392K)
[125.021s][info][gc,metaspace   ] GC(590) Metaspace: 16505K(16832K)->16505K(16832K) NonClass: 14173K(14336K)->14173K(14336K) Class: 2331K(2496K)->2331K(2496K)
[125.021s][info][gc             ] GC(590) Pause Full (Ergonomics) 814M->309M(910M) 246.859ms
[125.021s][info][gc,cpu         ] GC(590) User=1.33s Sys=0.00s Real=0.23s
[125.080s][info][gc,start       ] GC(591) Pause Young (Allocation Failure)
[125.104s][info][gc,heap        ] GC(591) PSYoungGen: 116736K(232960K)->50976K(232960K) Eden: 116736K(116736K)->0K(116736K) From: 0K(116224K)->50976K(116224K)
[125.104s][info][gc,heap        ] GC(591) ParOldGen: 316986K(699392K)->316986K(699392K)
[125.104s][info][gc,metaspace   ] GC(591) Metaspace: 16505K(16832K)->16505K(16832K) NonClass: 14173K(14336K)->14173K(14336K) Class: 2331K(2496K)->2331K(2496K)
[125.104s][info][gc             ] GC(591) Pause Young (Allocation Failure) 423M->359M(910M) 23.946ms
[125.104s][info][gc,cpu         ] GC(591) User=0.06s Sys=0.00s Real=0.01s
[125.163s][info][gc,start       ] GC(592) Pause Young (Allocation Failure)
[125.204s][info][gc,heap        ] GC(592) PSYoungGen: 167712K(232960K)->51104K(232960K) Eden: 116736K(116736K)->0K(116736K) From: 50976K(116224K)->51104K(116224K)
[125.204s][info][gc,heap        ] GC(592) ParOldGen: 316986K(699392K)->364994K(699392K)
[125.204s][info][gc,metaspace   ] GC(592) Metaspace: 16505K(16832K)->16505K(16832K) NonClass: 14173K(14336K)->14173K(14336K) Class: 2331K(2496K)->2331K(2496K)
[125.204s][info][gc             ] GC(592) Pause Young (Allocation Failure) 473M->406M(910M) 41.063ms
[125.204s][info][gc,cpu         ] GC(592) User=0.22s Sys=0.00s Real=0.05s
[125.494s][info][gc,start       ] GC(593) Pause Young (Allocation Failure)
[125.578s][info][gc,heap        ] GC(593) PSYoungGen: 167840K(232960K)->76778K(232960K) Eden: 116736K(116736K)->0K(116736K) From: 51104K(116224K)->76778K(116224K)
[125.578s][info][gc,heap        ] GC(593) ParOldGen: 364994K(699392K)->414258K(699392K)
[125.578s][info][gc,metaspace   ] GC(593) Metaspace: 16505K(16832K)->16505K(16832K) NonClass: 14173K(14336K)->14173K(14336K) Class: 2331K(2496K)->2331K(2496K)
[125.578s][info][gc             ] GC(593) Pause Young (Allocation Failure) 520M->479M(910M) 83.415ms
[125.578s][info][gc,cpu         ] GC(593) User=0.39s Sys=0.00s Real=0.08s
[125.717s][info][gc,start       ] GC(594) Pause Young (Allocation Failure)
[125.777s][info][gc,heap        ] GC(594) PSYoungGen: 193514K(232960K)->4128K(232960K) Eden: 116736K(116736K)->0K(116736K) From: 76778K(116224K)->4128K(116224K)
[125.777s][info][gc,heap        ] GC(594) ParOldGen: 414258K(699392K)->474249K(699392K)
[125.777s][info][gc,metaspace   ] GC(594) Metaspace: 16505K(16832K)->16505K(16832K) NonClass: 14173K(14336K)->14173K(14336K) Class: 2331K(2496K)->2331K(2496K)
[125.777s][info][gc             ] GC(594) Pause Young (Allocation Failure) 593M->467M(910M) 59.801ms
[125.777s][info][gc,cpu         ] GC(594) User=0.30s Sys=0.00s Real=0.06s
[125.917s][info][gc,start       ] GC(595) Pause Young (Allocation Failure)
[125.920s][info][gc,heap        ] GC(595) PSYoungGen: 120864K(232960K)->3424K(232960K) Eden: 116736K(116736K)->0K(116736K) From: 4128K(116224K)->3424K(116224K)
[125.920s][info][gc,heap        ] GC(595) ParOldGen: 474249K(699392K)->474689K(699392K)
[125.920s][info][gc,metaspace   ] GC(595) Metaspace: 16505K(16832K)->16505K(16832K) NonClass: 14173K(14336K)->14173K(14336K) Class: 2331K(2496K)->2331K(2496K)
[125.920s][info][gc             ] GC(595) Pause Young (Allocation Failure) 581M->466M(910M) 3.230ms
[125.920s][info][gc,cpu         ] GC(595) User=0.00s Sys=0.00s Real=0.00s
[126.055s][info][gc,start       ] GC(596) Pause Young (Allocation Failure)
[126.058s][info][gc,heap        ] GC(596) PSYoungGen: 120160K(232960K)->2720K(232960K) Eden: 116736K(116736K)->0K(116736K) From: 3424K(116224K)->2720K(116224K)
[126.058s][info][gc,heap        ] GC(596) ParOldGen: 474689K(699392K)->474897K(699392K)
[126.058s][info][gc,metaspace   ] GC(596) Metaspace: 16505K(16832K)->16505K(16832K) NonClass: 14173K(14336K)->14173K(14336K) Class: 2331K(2496K)->2331K(2496K)
[126.058s][info][gc             ] GC(596) Pause Young (Allocation Failure) 580M->466M(910M) 2.419ms
[126.058s][info][gc,cpu         ] GC(596) User=0.00s Sys=0.00s Real=0.00s
[126.184s][info][gc,start       ] GC(597) Pause Young (Allocation Failure)
[126.186s][info][gc,heap        ] GC(597) PSYoungGen: 119456K(232960K)->1504K(232960K) Eden: 116736K(116736K)->0K(116736K) From: 2720K(116224K)->1504K(116224K)
[126.186s][info][gc,heap        ] GC(597) ParOldGen: 474897K(699392K)->474945K(699392K)
[126.186s][info][gc,metaspace   ] GC(597) Metaspace: 16505K(16832K)->16505K(16832K) NonClass: 14173K(14336K)->14173K(14336K) Class: 2331K(2496K)->2331K(2496K)
[126.186s][info][gc             ] GC(597) Pause Young (Allocation Failure) 580M->465M(910M) 1.946ms
[126.186s][info][gc,cpu         ] GC(597) User=0.00s Sys=0.00s Real=0.00s
[126.822s][info][gc,start       ] GC(598) Pause Young (Allocation Failure)
[126.824s][info][gc,heap        ] GC(598) PSYoungGen: 118240K(232960K)->2176K(232960K) Eden: 116736K(116736K)->0K(116736K) From: 1504K(116224K)->2176K(116224K)
[126.824s][info][gc,heap        ] GC(598) ParOldGen: 474945K(699392K)->474945K(699392K)
[126.824s][info][gc,metaspace   ] GC(598) Metaspace: 16505K(16832K)->16505K(16832K) NonClass: 14173K(14336K)->14173K(14336K) Class: 2331K(2496K)->2331K(2496K)
[126.824s][info][gc             ] GC(598) Pause Young (Allocation Failure) 579M->465M(910M) 2.031ms
[126.824s][info][gc,cpu         ] GC(598) User=0.02s Sys=0.00s Real=0.02s
[126.929s][info][gc,start       ] GC(599) Pause Young (System.gc())
[126.930s][info][gc,heap        ] GC(599) PSYoungGen: 19948K(232960K)->96K(232960K) Eden: 17772K(116736K)->0K(116736K) From: 2176K(116224K)->96K(116224K)
[126.930s][info][gc,heap        ] GC(599) ParOldGen: 474945K(699392K)->474985K(699392K)
[126.930s][info][gc,metaspace   ] GC(599) Metaspace: 16506K(16832K)->16506K(16832K) NonClass: 14175K(14336K)->14175K(14336K) Class: 2331K(2496K)->2331K(2496K)
[126.930s][info][gc             ] GC(599) Pause Young (System.gc()) 483M->463M(910M) 0.805ms
[126.930s][info][gc,cpu         ] GC(599) User=0.00s Sys=0.00s Real=0.00s
[126.930s][info][gc,start       ] GC(600) Pause Full (System.gc())
[126.930s][info][gc,phases,start] GC(600) Marking Phase
[126.935s][info][gc,phases      ] GC(600) Marking Phase 4.397ms
[126.935s][info][gc,phases,start] GC(600) Summary Phase
[126.935s][info][gc,phases      ] GC(600) Summary Phase 0.015ms
[126.935s][info][gc,phases,start] GC(600) Adjust Roots
[126.937s][info][gc,phases      ] GC(600) Adjust Roots 1.839ms
[126.937s][info][gc,phases,start] GC(600) Compaction Phase
[126.938s][info][gc,phases      ] GC(600) Compaction Phase 1.407ms
[126.938s][info][gc,phases,start] GC(600) Post Compact
[126.940s][info][gc,phases      ] GC(600) Post Compact 1.671ms
[126.940s][info][gc,heap        ] GC(600) PSYoungGen: 96K(232960K)->0K(232960K) Eden: 0K(116736K)->0K(116736K) From: 96K(116224K)->0K(116224K)
[126.940s][info][gc,heap        ] GC(600) ParOldGen: 474985K(699392K)->5547K(699392K)
[126.940s][info][gc,metaspace   ] GC(600) Metaspace: 16506K(16832K)->16506K(16832K) NonClass: 14175K(14336K)->14175K(14336K) Class: 2331K(2496K)->2331K(2496K)
[126.940s][info][gc             ] GC(600) Pause Full (System.gc()) 463M->5M(910M) 9.560ms
[126.940s][info][gc,cpu         ] GC(600) User=0.00s Sys=0.00s Real=0.02s
[128.444s][info][gc,start       ] GC(601) Pause Young (Allocation Failure)
[128.445s][info][gc,heap        ] GC(601) PSYoungGen: 116736K(232960K)->320K(232960K) Eden: 116736K(116736K)->0K(116736K) From: 0K(116224K)->320K(116224K)
[128.445s][info][gc,heap        ] GC(601) ParOldGen: 5547K(699392K)->5547K(699392K)
[128.445s][info][gc,metaspace   ] GC(601) Metaspace: 16506K(16832K)->16506K(16832K) NonClass: 14175K(14336K)->14175K(14336K) Class: 2331K(2496K)->2331K(2496K)
[128.445s][info][gc             ] GC(601) Pause Young (Allocation Failure) 119M->5M(910M) 0.566ms
[128.445s][info][gc,cpu         ] GC(601) User=0.00s Sys=0.00s Real=0.00s
[128.464s][info][gc,start       ] GC(602) Pause Young (Allocation Failure)
[128.464s][info][gc,heap        ] GC(602) PSYoungGen: 117056K(232960K)->256K(232960K) Eden: 116736K(116736K)->0K(116736K) From: 320K(116224K)->256K(116224K)
[128.464s][info][gc,heap        ] GC(602) ParOldGen: 5547K(699392K)->5651K(699392K)
[128.464s][info][gc,metaspace   ] GC(602) Metaspace: 16506K(16832K)->16506K(16832K) NonClass: 14175K(14336K)->14175K(14336K) Class: 2331K(2496K)->2331K(2496K)
[128.464s][info][gc             ] GC(602) Pause Young (Allocation Failure) 119M->5M(910M) 0.473ms
[128.464s][info][gc,cpu         ] GC(602) User=0.00s Sys=0.00s Real=0.00s
[128.483s][info][gc,start       ] GC(603) Pause Young (Allocation Failure)
[128.483s][info][gc,heap        ] GC(603) PSYoungGen: 116992K(232960K)->288K(232960K) Eden: 116736K(116736K)->0K(116736K) From: 256K(116224K)->288K(116224K)
[128.483s][info][gc,heap        ] GC(603) ParOldGen: 5651K(699392K)->5699K(699392K)
[128.483s][info][gc,metaspace   ] GC(603) Metaspace: 16506K(16832K)->16506K(16832K) NonClass: 14175K(14336K)->14175K(14336K) Class: 2331K(2496K)->2331K(2496K)
[128.483s][info][gc             ] GC(603) Pause Young (Allocation Failure) 119M->5M(910M) 0.428ms
[128.483s][info][gc,cpu         ] GC(603) User=0.00s Sys=0.00s Real=0.00s
[128.502s][info][gc,start       ] GC(604) Pause Young (Allocation Failure)
[128.502s][info][gc,heap        ] GC(604) PSYoungGen: 117024K(232960K)->320K(232960K) Eden: 116736K(116736K)->0K(116736K) From: 288K(116224K)->320K(116224K)
[128.502s][info][gc,heap        ] GC(604) ParOldGen: 5699K(699392K)->5739K(699392K)
[128.502s][info][gc,metaspace   ] GC(604) Metaspace: 16506K(16832K)->16506K(16832K) NonClass: 14175K(14336K)->14175K(14336K) Class: 2331K(2496K)->2331K(2496K)
[128.502s][info][gc             ] GC(604) Pause Young (Allocation Failure) 119M->5M(910M) 0.436ms
[128.502s][info][gc,cpu         ] GC(604) User=0.00s Sys=0.00s Real=0.00s
[128.520s][info][gc,start       ] GC(605) Pause Young (Allocation Failure)
[128.521s][info][gc,heap        ] GC(605) PSYoungGen: 117056K(232960K)->224K(232960K) Eden: 116736K(116736K)->0K(116736K) From: 320K(116224K)->224K(116224K)
[128.521s][info][gc,heap        ] GC(605) ParOldGen: 5739K(699392K)->5787K(699392K)
[128.521s][info][gc,metaspace   ] GC(605) Metaspace: 16506K(16832K)->16506K(16832K) NonClass: 14175K(14336K)->14175K(14336K) Class: 2331K(2496K)->2331K(2496K)
[128.521s][info][gc             ] GC(605) Pause Young (Allocation Failure) 119M->5M(910M) 0.438ms
[128.521s][info][gc,cpu         ] GC(605) User=0.00s Sys=0.00s Real=0.00s
[128.539s][info][gc,start       ] GC(606) Pause Young (Allocation Failure)
[128.539s][info][gc,heap        ] GC(606) PSYoungGen: 116960K(232960K)->352K(232960K) Eden: 116736K(116736K)->0K(116736K) From: 224K(116224K)->352K(116224K)
[128.539s][info][gc,heap        ] GC(606) ParOldGen: 5787K(699392K)->5819K(699392K)
[128.539s][info][gc,metaspace   ] GC(606) Metaspace: 16506K(16832K)->16506K(16832K) NonClass: 14175K(14336K)->14175K(14336K) Class: 2331K(2496K)->2331K(2496K)
[128.539s][info][gc             ] GC(606) Pause Young (Allocation Failure) 119M->6M(910M) 0.424ms
[128.539s][info][gc,cpu         ] GC(606) User=0.00s Sys=0.00s Real=0.00s
[128.557s][info][gc,start       ] GC(607) Pause Young (Allocation Failure)
[128.558s][info][gc,heap        ] GC(607) PSYoungGen: 117088K(232960K)->224K(232960K) Eden: 116736K(116736K)->0K(116736K) From: 352K(116224K)->224K(116224K)
[128.558s][info][gc,heap        ] GC(607) ParOldGen: 5819K(699392K)->5883K(699392K)
[128.558s][info][gc,metaspace   ] GC(607) Metaspace: 16506K(16832K)->16506K(16832K) NonClass: 14175K(14336K)->14175K(14336K) Class: 2331K(2496K)->2331K(2496K)
[128.558s][info][gc             ] GC(607) Pause Young (Allocation Failure) 120M->5M(910M) 0.422ms
[128.558s][info][gc,cpu         ] GC(607) User=0.00s Sys=0.00s Real=0.00s
[128.576s][info][gc,start       ] GC(608) Pause Young (Allocation Failure)
[128.576s][info][gc,heap        ] GC(608) PSYoungGen: 116960K(232960K)->256K(232960K) Eden: 116736K(116736K)->0K(116736K) From: 224K(116224K)->256K(116224K)
[128.576s][info][gc,heap        ] GC(608) ParOldGen: 5883K(699392K)->5923K(699392K)
[128.576s][info][gc,metaspace   ] GC(608) Metaspace: 16506K(16832K)->16506K(16832K) NonClass: 14175K(14336K)->14175K(14336K) Class: 2331K(2496K)->2331K(2496K)
[128.576s][info][gc             ] GC(608) Pause Young (Allocation Failure) 119M->6M(910M) 0.463ms
[128.576s][info][gc,cpu         ] GC(608) User=0.00s Sys=0.00s Real=0.00s
[128.594s][info][gc,start       ] GC(609) Pause Young (Allocation Failure)
[128.595s][info][gc,heap        ] GC(609) PSYoungGen: 116992K(232960K)->320K(232960K) Eden: 116736K(116736K)->0K(116736K) From: 256K(116224K)->320K(116224K)
[128.595s][info][gc,heap        ] GC(609) ParOldGen: 5923K(699392K)->5979K(699392K)
[128.595s][info][gc,metaspace   ] GC(609) Metaspace: 16506K(16832K)->16506K(16832K) NonClass: 14175K(14336K)->14175K(14336K) Class: 2331K(2496K)->2331K(2496K)
[128.595s][info][gc             ] GC(609) Pause Young (Allocation Failure) 120M->6M(910M) 0.414ms
[128.595s][info][gc,cpu         ] GC(609) User=0.00s Sys=0.00s Real=0.00s
[128.613s][info][gc,start       ] GC(610) Pause Young (Allocation Failure)
[128.614s][info][gc,heap        ] GC(610) PSYoungGen: 117056K(232960K)->192K(232960K) Eden: 116736K(116736K)->0K(116736K) From: 320K(116224K)->192K(116224K)
[128.614s][info][gc,heap        ] GC(610) ParOldGen: 5979K(699392K)->6043K(699392K)
[128.614s][info][gc,metaspace   ] GC(610) Metaspace: 16506K(16832K)->16506K(16832K) NonClass: 14175K(14336K)->14175K(14336K) Class: 2331K(2496K)->2331K(2496K)
[128.614s][info][gc             ] GC(610) Pause Young (Allocation Failure) 120M->6M(910M) 0.408ms
[128.614s][info][gc,cpu         ] GC(610) User=0.00s Sys=0.00s Real=0.00s
[128.631s][info][gc,start       ] GC(611) Pause Young (Allocation Failure)
[128.632s][info][gc,heap        ] GC(611) PSYoungGen: 116928K(232960K)->192K(232960K) Eden: 116736K(116736K)->0K(116736K) From: 192K(116224K)->192K(116224K)
[128.632s][info][gc,heap        ] GC(611) ParOldGen: 6043K(699392K)->6091K(699392K)
[128.632s][info][gc,metaspace   ] GC(611) Metaspace: 16506K(16832K)->16506K(16832K) NonClass: 14175K(14336K)->14175K(14336K) Class: 2331K(2496K)->2331K(2496K)
[128.632s][info][gc             ] GC(611) Pause Young (Allocation Failure) 120M->6M(910M) 0.418ms
[128.632s][info][gc,cpu         ] GC(611) User=0.00s Sys=0.00s Real=0.00s
[128.650s][info][gc,start       ] GC(612) Pause Young (Allocation Failure)
[128.650s][info][gc,heap        ] GC(612) PSYoungGen: 116928K(232960K)->320K(232960K) Eden: 116736K(116736K)->0K(116736K) From: 192K(116224K)->320K(116224K)
[128.650s][info][gc,heap        ] GC(612) ParOldGen: 6091K(699392K)->6131K(699392K)
[128.650s][info][gc,metaspace   ] GC(612) Metaspace: 16506K(16832K)->16506K(16832K) NonClass: 14175K(14336K)->14175K(14336K) Class: 2331K(2496K)->2331K(2496K)
[128.650s][info][gc             ] GC(612) Pause Young (Allocation Failure) 120M->6M(910M) 0.428ms
[128.650s][info][gc,cpu         ] GC(612) User=0.00s Sys=0.00s Real=0.00s
[128.668s][info][gc,start       ] GC(613) Pause Young (Allocation Failure)
[128.669s][info][gc,heap        ] GC(613) PSYoungGen: 117056K(232960K)->320K(242688K) Eden: 116736K(116736K)->0K(129024K) From: 320K(116224K)->320K(113664K)
[128.669s][info][gc,heap        ] GC(613) ParOldGen: 6131K(699392K)->6131K(699392K)
[128.669s][info][gc,metaspace   ] GC(613) Metaspace: 16506K(16832K)->16506K(16832K) NonClass: 14175K(14336K)->14175K(14336K) Class: 2331K(2496K)->2331K(2496K)
[128.669s][info][gc             ] GC(613) Pause Young (Allocation Failure) 120M->6M(920M) 0.417ms
[128.669s][info][gc,cpu         ] GC(613) User=0.00s Sys=0.00s Real=0.00s
[128.689s][info][gc,start       ] GC(614) Pause Young (Allocation Failure)
[128.689s][info][gc,heap        ] GC(614) PSYoungGen: 129344K(242688K)->384K(235520K) Eden: 129024K(129024K)->0K(129024K) From: 320K(113664K)->384K(106496K)
[128.689s][info][gc,heap        ] GC(614) ParOldGen: 6131K(699392K)->6131K(699392K)
[128.689s][info][gc,metaspace   ] GC(614) Metaspace: 16506K(16832K)->16506K(16832K) NonClass: 14175K(14336K)->14175K(14336K) Class: 2331K(2496K)->2331K(2496K)
[128.689s][info][gc             ] GC(614) Pause Young (Allocation Failure) 132M->6M(913M) 0.452ms
[128.689s][info][gc,cpu         ] GC(614) User=0.00s Sys=0.00s Real=0.00s
[128.709s][info][gc,start       ] GC(615) Pause Young (Allocation Failure)
[128.709s][info][gc,heap        ] GC(615) PSYoungGen: 129408K(235520K)->352K(256512K) Eden: 129024K(129024K)->0K(157184K) From: 384K(106496K)->352K(99328K)
[128.709s][info][gc,heap        ] GC(615) ParOldGen: 6131K(699392K)->6131K(699392K)
[128.709s][info][gc,metaspace   ] GC(615) Metaspace: 16506K(16832K)->16506K(16832K) NonClass: 14175K(14336K)->14175K(14336K) Class: 2331K(2496K)->2331K(2496K)
[128.709s][info][gc             ] GC(615) Pause Young (Allocation Failure) 132M->6M(933M) 0.479ms
[128.709s][info][gc,cpu         ] GC(615) User=0.00s Sys=0.00s Real=0.00s
[128.734s][info][gc,start       ] GC(616) Pause Young (Allocation Failure)
[128.734s][info][gc,heap        ] GC(616) PSYoungGen: 157536K(256512K)->384K(249856K) Eden: 157184K(157184K)->0K(157184K) From: 352K(99328K)->384K(92672K)
[128.734s][info][gc,heap        ] GC(616) ParOldGen: 6131K(699392K)->6131K(699392K)
[128.734s][info][gc,metaspace   ] GC(616) Metaspace: 16506K(16832K)->16506K(16832K) NonClass: 14175K(14336K)->14175K(14336K) Class: 2331K(2496K)->2331K(2496K)
[128.734s][info][gc             ] GC(616) Pause Young (Allocation Failure) 159M->6M(927M) 0.497ms
[128.734s][info][gc,cpu         ] GC(616) User=0.00s Sys=0.00s Real=0.01s
[128.758s][info][gc,start       ] GC(617) Pause Young (Allocation Failure)
[128.759s][info][gc,heap        ] GC(617) PSYoungGen: 157568K(249856K)->352K(269312K) Eden: 157184K(157184K)->0K(183296K) From: 384K(92672K)->352K(86016K)
[128.759s][info][gc,heap        ] GC(617) ParOldGen: 6131K(699392K)->6131K(699392K)
[128.759s][info][gc,metaspace   ] GC(617) Metaspace: 16506K(16832K)->16506K(16832K) NonClass: 14175K(14336K)->14175K(14336K) Class: 2331K(2496K)->2331K(2496K)
[128.759s][info][gc             ] GC(617) Pause Young (Allocation Failure) 159M->6M(946M) 0.471ms
[128.759s][info][gc,cpu         ] GC(617) User=0.00s Sys=0.00s Real=0.00s
[128.788s][info][gc,start       ] GC(618) Pause Young (Allocation Failure)
[128.788s][info][gc,heap        ] GC(618) PSYoungGen: 183648K(269312K)->384K(263168K) Eden: 183296K(183296K)->0K(183296K) From: 352K(86016K)->384K(79872K)
[128.788s][info][gc,heap        ] GC(618) ParOldGen: 6131K(699392K)->6131K(699392K)
[128.788s][info][gc,metaspace   ] GC(618) Metaspace: 16506K(16832K)->16506K(16832K) NonClass: 14175K(14336K)->14175K(14336K) Class: 2331K(2496K)->2331K(2496K)
[128.788s][info][gc             ] GC(618) Pause Young (Allocation Failure) 185M->6M(940M) 0.455ms
[128.788s][info][gc,cpu         ] GC(618) User=0.00s Sys=0.00s Real=0.00s
[128.819s][info][gc,start       ] GC(619) Pause Young (Allocation Failure)
[128.819s][info][gc,heap        ] GC(619) PSYoungGen: 183680K(263168K)->384K(280064K) Eden: 183296K(183296K)->0K(205824K) From: 384K(79872K)->384K(74240K)
[128.819s][info][gc,heap        ] GC(619) ParOldGen: 6131K(699392K)->6131K(699392K)
[128.819s][info][gc,metaspace   ] GC(619) Metaspace: 16506K(16832K)->16506K(16832K) NonClass: 14175K(14336K)->14175K(14336K) Class: 2331K(2496K)->2331K(2496K)
[128.819s][info][gc             ] GC(619) Pause Young (Allocation Failure) 185M->6M(956M) 0.466ms
[128.819s][info][gc,cpu         ] GC(619) User=0.00s Sys=0.00s Real=0.00s
[128.853s][info][gc,start       ] GC(620) Pause Young (Allocation Failure)
[128.853s][info][gc,heap        ] GC(620) PSYoungGen: 206208K(280064K)->352K(274944K) Eden: 205824K(205824K)->0K(205824K) From: 384K(74240K)->352K(69120K)
[128.853s][info][gc,heap        ] GC(620) ParOldGen: 6131K(699392K)->6131K(699392K)
[128.853s][info][gc,metaspace   ] GC(620) Metaspace: 16506K(16832K)->16506K(16832K) NonClass: 14175K(14336K)->14175K(14336K) Class: 2331K(2496K)->2331K(2496K)
[128.853s][info][gc             ] GC(620) Pause Young (Allocation Failure) 207M->6M(951M) 0.454ms
[128.853s][info][gc,cpu         ] GC(620) User=0.00s Sys=0.00s Real=0.00s
[128.887s][info][gc,start       ] GC(621) Pause Young (Allocation Failure)
[128.888s][info][gc,heap        ] GC(621) PSYoungGen: 206176K(274944K)->288K(289792K) Eden: 205824K(205824K)->0K(225792K) From: 352K(69120K)->288K(64000K)
[128.888s][info][gc,heap        ] GC(621) ParOldGen: 6131K(699392K)->6131K(699392K)
[128.888s][info][gc,metaspace   ] GC(621) Metaspace: 16506K(16832K)->16506K(16832K) NonClass: 14175K(14336K)->14175K(14336K) Class: 2331K(2496K)->2331K(2496K)
[128.888s][info][gc             ] GC(621) Pause Young (Allocation Failure) 207M->6M(966M) 0.442ms
[128.888s][info][gc,cpu         ] GC(621) User=0.00s Sys=0.00s Real=0.00s
[129.016s][info][gc,start       ] GC(622) Pause Young (Allocation Failure)
[129.095s][info][gc,heap        ] GC(622) PSYoungGen: 226080K(289792K)->59362K(285184K) Eden: 225792K(225792K)->0K(225792K) From: 288K(64000K)->59362K(59392K)
[129.095s][info][gc,heap        ] GC(622) ParOldGen: 6131K(699392K)->88203K(699392K)
[129.095s][info][gc,metaspace   ] GC(622) Metaspace: 16506K(16832K)->16506K(16832K) NonClass: 14175K(14336K)->14175K(14336K) Class: 2331K(2496K)->2331K(2496K)
[129.095s][info][gc             ] GC(622) Pause Young (Allocation Failure) 226M->144M(961M) 78.988ms
[129.095s][info][gc,cpu         ] GC(622) User=0.39s Sys=0.00s Real=0.08s
[129.280s][info][gc,start       ] GC(623) Pause Young (Allocation Failure)
[129.398s][info][gc,heap        ] GC(623) PSYoungGen: 285154K(285184K)->63986K(180736K) Eden: 225792K(225792K)->0K(116736K) From: 59362K(59392K)->63986K(64000K)
[129.398s][info][gc,heap        ] GC(623) ParOldGen: 88203K(699392K)->239387K(699392K)
[129.398s][info][gc,metaspace   ] GC(623) Metaspace: 16506K(16832K)->16506K(16832K) NonClass: 14175K(14336K)->14175K(14336K) Class: 2331K(2496K)->2331K(2496K)
[129.398s][info][gc             ] GC(623) Pause Young (Allocation Failure) 364M->296M(859M) 117.831ms
[129.398s][info][gc,cpu         ] GC(623) User=0.72s Sys=0.00s Real=0.11s
[129.487s][info][gc,start       ] GC(624) Pause Young (Allocation Failure)
[129.556s][info][gc,heap        ] GC(624) PSYoungGen: 180722K(180736K)->116195K(232960K) Eden: 116736K(116736K)->0K(116736K) From: 63986K(64000K)->116195K(116224K)
[129.556s][info][gc,heap        ] GC(624) ParOldGen: 239387K(699392K)->269155K(699392K)
[129.556s][info][gc,metaspace   ] GC(624) Metaspace: 16506K(16832K)->16506K(16832K) NonClass: 14175K(14336K)->14175K(14336K) Class: 2331K(2496K)->2331K(2496K)
[129.556s][info][gc             ] GC(624) Pause Young (Allocation Failure) 410M->376M(910M) 69.063ms
[129.556s][info][gc,cpu         ] GC(624) User=0.38s Sys=0.00s Real=0.06s
[129.690s][info][gc,start       ] GC(625) Pause Young (Allocation Failure)
[129.787s][info][gc,heap        ] GC(625) PSYoungGen: 232931K(232960K)->116195K(232960K) Eden: 116736K(116736K)->0K(116736K) From: 116195K(116224K)->116195K(116224K)
[129.787s][info][gc,heap        ] GC(625) ParOldGen: 269155K(699392K)->334796K(699392K)
[129.787s][info][gc,metaspace   ] GC(625) Metaspace: 16506K(16832K)->16506K(16832K) NonClass: 14175K(14336K)->14175K(14336K) Class: 2331K(2496K)->2331K(2496K)
[129.787s][info][gc             ] GC(625) Pause Young (Allocation Failure) 490M->440M(910M) 96.214ms
[129.787s][info][gc,cpu         ] GC(625) User=0.47s Sys=0.00s Real=0.09s
[132.488s][info][gc,start       ] GC(626) Pause Young (Allocation Failure)
[132.562s][info][gc,heap        ] GC(626) PSYoungGen: 232931K(232960K)->116195K(232960K) Eden: 116736K(116736K)->0K(116736K) From: 116195K(116224K)->116195K(116224K)
[132.563s][info][gc,heap        ] GC(626) ParOldGen: 334796K(699392K)->353236K(699392K)
[132.563s][info][gc,metaspace   ] GC(626) Metaspace: 16507K(16832K)->16507K(16832K) NonClass: 14176K(14336K)->14176K(14336K) Class: 2331K(2496K)->2331K(2496K)
[132.563s][info][gc             ] GC(626) Pause Young (Allocation Failure) 554M->458M(910M) 74.420ms
[132.563s][info][gc,cpu         ] GC(626) User=0.38s Sys=0.00s Real=0.06s
[132.617s][info][gc,start       ] GC(627) Pause Young (Allocation Failure)
[132.703s][info][gc,heap        ] GC(627) PSYoungGen: 232931K(232960K)->116195K(232960K) Eden: 116736K(116736K)->0K(116736K) From: 116195K(116224K)->116195K(116224K)
[132.703s][info][gc,heap        ] GC(627) ParOldGen: 353236K(699392K)->404060K(699392K)
[132.703s][info][gc,metaspace   ] GC(627) Metaspace: 16507K(16832K)->16507K(16832K) NonClass: 14176K(14336K)->14176K(14336K) Class: 2331K(2496K)->2331K(2496K)
[132.703s][info][gc             ] GC(627) Pause Young (Allocation Failure) 572M->508M(910M) 86.311ms
[132.703s][info][gc,cpu         ] GC(627) User=0.47s Sys=0.00s Real=0.08s
[132.759s][info][gc,start       ] GC(628) Pause Young (Allocation Failure)
[132.846s][info][gc,heap        ] GC(628) PSYoungGen: 232931K(232960K)->108576K(232960K) Eden: 116736K(116736K)->0K(116736K) From: 116195K(116224K)->108576K(116224K)
[132.846s][info][gc,heap        ] GC(628) ParOldGen: 404060K(699392K)->462407K(699392K)
[132.846s][info][gc,metaspace   ] GC(628) Metaspace: 16507K(16832K)->16507K(16832K) NonClass: 14176K(14336K)->14176K(14336K) Class: 2331K(2496K)->2331K(2496K)
[132.846s][info][gc             ] GC(628) Pause Young (Allocation Failure) 622M->557M(910M) 86.668ms
[132.846s][info][gc,cpu         ] GC(628) User=0.50s Sys=0.00s Real=0.09s
[132.903s][info][gc,start       ] GC(629) Pause Young (Allocation Failure)
[132.975s][info][gc,heap        ] GC(629) PSYoungGen: 225312K(232960K)->108448K(232960K) Eden: 116736K(116736K)->0K(116736K) From: 108576K(116224K)->108448K(116224K)
[132.975s][info][gc,heap        ] GC(629) ParOldGen: 462407K(699392K)->511143K(699392K)
[132.975s][info][gc,metaspace   ] GC(629) Metaspace: 16507K(16832K)->16507K(16832K) NonClass: 14176K(14336K)->14176K(14336K) Class: 2331K(2496K)->2331K(2496K)
[132.975s][info][gc             ] GC(629) Pause Young (Allocation Failure) 671M->605M(910M) 72.358ms
[132.975s][info][gc,cpu         ] GC(629) User=0.39s Sys=0.00s Real=0.08s
[133.032s][info][gc,start       ] GC(630) Pause Young (Allocation Failure)
[133.102s][info][gc,heap        ] GC(630) PSYoungGen: 225184K(232960K)->116224K(232960K) Eden: 116736K(116736K)->0K(116736K) From: 108448K(116224K)->116224K(116224K)
[133.102s][info][gc,heap        ] GC(630) ParOldGen: 511143K(699392K)->551527K(699392K)
[133.102s][info][gc,metaspace   ] GC(630) Metaspace: 16507K(16832K)->16507K(16832K) NonClass: 14176K(14336K)->14176K(14336K) Class: 2331K(2496K)->2331K(2496K)
[133.102s][info][gc             ] GC(630) Pause Young (Allocation Failure) 719M->652M(910M) 70.093ms
[133.102s][info][gc,cpu         ] GC(630) User=0.47s Sys=0.00s Real=0.08s
[133.160s][info][gc,start       ] GC(631) Pause Young (Allocation Failure)
[133.234s][info][gc,heap        ] GC(631) PSYoungGen: 232960K(232960K)->79712K(232960K) Eden: 116736K(116736K)->0K(116736K) From: 116224K(116224K)->79712K(116224K)
[133.234s][info][gc,heap        ] GC(631) ParOldGen: 551527K(699392K)->638359K(699392K)
[133.234s][info][gc,metaspace   ] GC(631) Metaspace: 16507K(16832K)->16507K(16832K) NonClass: 14176K(14336K)->14176K(14336K) Class: 2331K(2496K)->2331K(2496K)
[133.234s][info][gc             ] GC(631) Pause Young (Allocation Failure) 766M->701M(910M) 74.256ms
[133.234s][info][gc,cpu         ] GC(631) User=0.41s Sys=0.00s Real=0.08s
[133.293s][info][gc,start       ] GC(632) Pause Full (Ergonomics)
[133.293s][info][gc,phases,start] GC(632) Marking Phase
[133.373s][info][gc,phases      ] GC(632) Marking Phase 79.865ms
[133.373s][info][gc,phases,start] GC(632) Summary Phase
[133.373s][info][gc,phases      ] GC(632) Summary Phase 0.021ms
[133.373s][info][gc,phases,start] GC(632) Adjust Roots
[133.375s][info][gc,phases      ] GC(632) Adjust Roots 2.499ms
[133.375s][info][gc,phases,start] GC(632) Compaction Phase
[133.538s][info][gc,phases      ] GC(632) Compaction Phase 162.733ms
[133.538s][info][gc,phases,start] GC(632) Post Compact
[133.539s][info][gc,phases      ] GC(632) Post Compact 1.574ms
[133.540s][info][gc,heap        ] GC(632) PSYoungGen: 196448K(232960K)->0K(232960K) Eden: 116736K(116736K)->0K(116736K) From: 79712K(116224K)->0K(116224K)
[133.540s][info][gc,heap        ] GC(632) ParOldGen: 638359K(699392K)->318032K(699392K)
[133.540s][info][gc,metaspace   ] GC(632) Metaspace: 16507K(16832K)->16507K(16832K) NonClass: 14176K(14336K)->14176K(14336K) Class: 2331K(2496K)->2331K(2496K)
[133.540s][info][gc             ] GC(632) Pause Full (Ergonomics) 815M->310M(910M) 246.976ms
[133.540s][info][gc,cpu         ] GC(632) User=1.36s Sys=0.00s Real=0.25s
[133.598s][info][gc,start       ] GC(633) Pause Young (Allocation Failure)
[133.622s][info][gc,heap        ] GC(633) PSYoungGen: 116736K(232960K)->51040K(232960K) Eden: 116736K(116736K)->0K(116736K) From: 0K(116224K)->51040K(116224K)
[133.622s][info][gc,heap        ] GC(633) ParOldGen: 318032K(699392K)->318032K(699392K)
[133.622s][info][gc,metaspace   ] GC(633) Metaspace: 16507K(16832K)->16507K(16832K) NonClass: 14176K(14336K)->14176K(14336K) Class: 2331K(2496K)->2331K(2496K)
[133.622s][info][gc             ] GC(633) Pause Young (Allocation Failure) 424M->360M(910M) 23.964ms
[133.622s][info][gc,cpu         ] GC(633) User=0.03s Sys=0.00s Real=0.03s
[133.682s][info][gc,start       ] GC(634) Pause Young (Allocation Failure)
[133.725s][info][gc,heap        ] GC(634) PSYoungGen: 167776K(232960K)->51072K(232960K) Eden: 116736K(116736K)->0K(116736K) From: 51040K(116224K)->51072K(116224K)
[133.725s][info][gc,heap        ] GC(634) ParOldGen: 318032K(699392K)->366040K(699392K)
[133.725s][info][gc,metaspace   ] GC(634) Metaspace: 16507K(16832K)->16507K(16832K) NonClass: 14176K(14336K)->14176K(14336K) Class: 2331K(2496K)->2331K(2496K)
[133.725s][info][gc             ] GC(634) Pause Young (Allocation Failure) 474M->407M(910M) 42.777ms
[133.725s][info][gc,cpu         ] GC(634) User=0.16s Sys=0.00s Real=0.03s
[134.016s][info][gc,start       ] GC(635) Pause Young (Allocation Failure)
[134.099s][info][gc,heap        ] GC(635) PSYoungGen: 167808K(232960K)->75658K(232960K) Eden: 116736K(116736K)->0K(116736K) From: 51072K(116224K)->75658K(116224K)
[134.099s][info][gc,heap        ] GC(635) ParOldGen: 366040K(699392K)->415216K(699392K)
[134.099s][info][gc,metaspace   ] GC(635) Metaspace: 16507K(16832K)->16507K(16832K) NonClass: 14176K(14336K)->14176K(14336K) Class: 2331K(2496K)->2331K(2496K)
[134.099s][info][gc             ] GC(635) Pause Young (Allocation Failure) 521M->479M(910M) 82.626ms
[134.099s][info][gc,cpu         ] GC(635) User=0.45s Sys=0.00s Real=0.08s
[134.239s][info][gc,start       ] GC(636) Pause Young (Allocation Failure)
[134.297s][info][gc,heap        ] GC(636) PSYoungGen: 192394K(232960K)->4160K(232960K) Eden: 116736K(116736K)->0K(116736K) From: 75658K(116224K)->4160K(116224K)
[134.297s][info][gc,heap        ] GC(636) ParOldGen: 415216K(699392K)->473991K(699392K)
[134.297s][info][gc,metaspace   ] GC(636) Metaspace: 16507K(16832K)->16507K(16832K) NonClass: 14176K(14336K)->14176K(14336K) Class: 2331K(2496K)->2331K(2496K)
[134.297s][info][gc             ] GC(636) Pause Young (Allocation Failure) 593M->466M(910M) 58.261ms
[134.297s][info][gc,cpu         ] GC(636) User=0.28s Sys=0.00s Real=0.06s
[134.441s][info][gc,start       ] GC(637) Pause Young (Allocation Failure)
[134.444s][info][gc,heap        ] GC(637) PSYoungGen: 120896K(232960K)->3392K(232960K) Eden: 116736K(116736K)->0K(116736K) From: 4160K(116224K)->3392K(116224K)
[134.444s][info][gc,heap        ] GC(637) ParOldGen: 473991K(699392K)->474407K(699392K)
[134.444s][info][gc,metaspace   ] GC(637) Metaspace: 16507K(16832K)->16507K(16832K) NonClass: 14176K(14336K)->14176K(14336K) Class: 2331K(2496K)->2331K(2496K)
[134.444s][info][gc             ] GC(637) Pause Young (Allocation Failure) 580M->466M(910M) 2.991ms
[134.444s][info][gc,cpu         ] GC(637) User=0.00s Sys=0.00s Real=0.00s
[134.577s][info][gc,start       ] GC(638) Pause Young (Allocation Failure)
[134.580s][info][gc,heap        ] GC(638) PSYoungGen: 120128K(232960K)->2688K(232960K) Eden: 116736K(116736K)->0K(116736K) From: 3392K(116224K)->2688K(116224K)
[134.580s][info][gc,heap        ] GC(638) ParOldGen: 474407K(699392K)->474599K(699392K)
[134.580s][info][gc,metaspace   ] GC(638) Metaspace: 16507K(16832K)->16507K(16832K) NonClass: 14176K(14336K)->14176K(14336K) Class: 2331K(2496K)->2331K(2496K)
[134.580s][info][gc             ] GC(638) Pause Young (Allocation Failure) 580M->466M(910M) 2.544ms
[134.580s][info][gc,cpu         ] GC(638) User=0.00s Sys=0.00s Real=0.00s
[134.707s][info][gc,start       ] GC(639) Pause Young (Allocation Failure)
[134.709s][info][gc,heap        ] GC(639) PSYoungGen: 119424K(232960K)->1472K(232960K) Eden: 116736K(116736K)->0K(116736K) From: 2688K(116224K)->1472K(116224K)
[134.709s][info][gc,heap        ] GC(639) ParOldGen: 474599K(699392K)->474647K(699392K)
[134.709s][info][gc,metaspace   ] GC(639) Metaspace: 16507K(16832K)->16507K(16832K) NonClass: 14176K(14336K)->14176K(14336K) Class: 2331K(2496K)->2331K(2496K)
[134.709s][info][gc             ] GC(639) Pause Young (Allocation Failure) 580M->464M(910M) 1.780ms
[134.709s][info][gc,cpu         ] GC(639) User=0.00s Sys=0.00s Real=0.00s
[135.343s][info][gc,start       ] GC(640) Pause Young (Allocation Failure)
[135.345s][info][gc,heap        ] GC(640) PSYoungGen: 118208K(232960K)->2144K(232960K) Eden: 116736K(116736K)->0K(116736K) From: 1472K(116224K)->2144K(116224K)
[135.345s][info][gc,heap        ] GC(640) ParOldGen: 474647K(699392K)->474647K(699392K)
[135.345s][info][gc,metaspace   ] GC(640) Metaspace: 16507K(16832K)->16507K(16832K) NonClass: 14176K(14336K)->14176K(14336K) Class: 2331K(2496K)->2331K(2496K)
[135.345s][info][gc             ] GC(640) Pause Young (Allocation Failure) 578M->465M(910M) 1.683ms
[135.345s][info][gc,cpu         ] GC(640) User=0.02s Sys=0.00s Real=0.02s
[135.446s][info][gc,start       ] GC(641) Pause Young (System.gc())
[135.447s][info][gc,heap        ] GC(641) PSYoungGen: 18808K(232960K)->96K(232960K) Eden: 16664K(116736K)->0K(116736K) From: 2144K(116224K)->96K(116224K)
[135.447s][info][gc,heap        ] GC(641) ParOldGen: 474647K(699392K)->474687K(699392K)
[135.447s][info][gc,metaspace   ] GC(641) Metaspace: 16507K(16832K)->16507K(16832K) NonClass: 14176K(14336K)->14176K(14336K) Class: 2331K(2496K)->2331K(2496K)
[135.447s][info][gc             ] GC(641) Pause Young (System.gc()) 481M->463M(910M) 1.004ms
[135.447s][info][gc,cpu         ] GC(641) User=0.02s Sys=0.00s Real=0.01s
[135.448s][info][gc,start       ] GC(642) Pause Full (System.gc())
[135.448s][info][gc,phases,start] GC(642) Marking Phase
[135.452s][info][gc,phases      ] GC(642) Marking Phase 4.433ms
[135.452s][info][gc,phases,start] GC(642) Summary Phase
[135.452s][info][gc,phases      ] GC(642) Summary Phase 0.010ms
[135.452s][info][gc,phases,start] GC(642) Adjust Roots
[135.455s][info][gc,phases      ] GC(642) Adjust Roots 2.724ms
[135.455s][info][gc,phases,start] GC(642) Compaction Phase
[135.456s][info][gc,phases      ] GC(642) Compaction Phase 1.421ms
[135.456s][info][gc,phases,start] GC(642) Post Compact
[135.458s][info][gc,phases      ] GC(642) Post Compact 1.673ms
[135.458s][info][gc,heap        ] GC(642) PSYoungGen: 96K(232960K)->0K(232960K) Eden: 0K(116736K)->0K(116736K) From: 96K(116224K)->0K(116224K)
[135.458s][info][gc,heap        ] GC(642) ParOldGen: 474687K(699392K)->5547K(699392K)
[135.458s][info][gc,metaspace   ] GC(642) Metaspace: 16507K(16832K)->16507K(16832K) NonClass: 14176K(14336K)->14176K(14336K) Class: 2331K(2496K)->2331K(2496K)
[135.458s][info][gc             ] GC(642) Pause Full (System.gc()) 463M->5M(910M) 10.498ms
[135.458s][info][gc,cpu         ] GC(642) User=0.00s Sys=0.00s Real=0.01s
[136.895s][info][gc,start       ] GC(643) Pause Young (Allocation Failure)
[136.895s][info][gc,heap        ] GC(643) PSYoungGen: 116736K(232960K)->320K(232960K) Eden: 116736K(116736K)->0K(116736K) From: 0K(116224K)->320K(116224K)
[136.895s][info][gc,heap        ] GC(643) ParOldGen: 5547K(699392K)->5547K(699392K)
[136.895s][info][gc,metaspace   ] GC(643) Metaspace: 16507K(16832K)->16507K(16832K) NonClass: 14176K(14336K)->14176K(14336K) Class: 2331K(2496K)->2331K(2496K)
[136.895s][info][gc             ] GC(643) Pause Young (Allocation Failure) 119M->5M(910M) 0.661ms
[136.895s][info][gc,cpu         ] GC(643) User=0.00s Sys=0.00s Real=0.00s
[136.914s][info][gc,start       ] GC(644) Pause Young (Allocation Failure)
[136.914s][info][gc,heap        ] GC(644) PSYoungGen: 117056K(232960K)->256K(232960K) Eden: 116736K(116736K)->0K(116736K) From: 320K(116224K)->256K(116224K)
[136.915s][info][gc,heap        ] GC(644) ParOldGen: 5547K(699392K)->5635K(699392K)
[136.915s][info][gc,metaspace   ] GC(644) Metaspace: 16507K(16832K)->16507K(16832K) NonClass: 14176K(14336K)->14176K(14336K) Class: 2331K(2496K)->2331K(2496K)
[136.915s][info][gc             ] GC(644) Pause Young (Allocation Failure) 119M->5M(910M) 0.479ms
[136.915s][info][gc,cpu         ] GC(644) User=0.00s Sys=0.00s Real=0.00s
[136.933s][info][gc,start       ] GC(645) Pause Young (Allocation Failure)
[136.933s][info][gc,heap        ] GC(645) PSYoungGen: 116992K(232960K)->288K(232960K) Eden: 116736K(116736K)->0K(116736K) From: 256K(116224K)->288K(116224K)
[136.933s][info][gc,heap        ] GC(645) ParOldGen: 5635K(699392K)->5683K(699392K)
[136.933s][info][gc,metaspace   ] GC(645) Metaspace: 16507K(16832K)->16507K(16832K) NonClass: 14176K(14336K)->14176K(14336K) Class: 2331K(2496K)->2331K(2496K)
[136.933s][info][gc             ] GC(645) Pause Young (Allocation Failure) 119M->5M(910M) 0.417ms
[136.933s][info][gc,cpu         ] GC(645) User=0.00s Sys=0.00s Real=0.00s
[136.952s][info][gc,start       ] GC(646) Pause Young (Allocation Failure)
[136.952s][info][gc,heap        ] GC(646) PSYoungGen: 117024K(232960K)->320K(232960K) Eden: 116736K(116736K)->0K(116736K) From: 288K(116224K)->320K(116224K)
[136.952s][info][gc,heap        ] GC(646) ParOldGen: 5683K(699392K)->5723K(699392K)
[136.952s][info][gc,metaspace   ] GC(646) Metaspace: 16507K(16832K)->16507K(16832K) NonClass: 14176K(14336K)->14176K(14336K) Class: 2331K(2496K)->2331K(2496K)
[136.952s][info][gc             ] GC(646) Pause Young (Allocation Failure) 119M->5M(910M) 0.449ms
[136.952s][info][gc,cpu         ] GC(646) User=0.00s Sys=0.00s Real=0.00s
[136.971s][info][gc,start       ] GC(647) Pause Young (Allocation Failure)
[136.971s][info][gc,heap        ] GC(647) PSYoungGen: 117056K(232960K)->192K(232960K) Eden: 116736K(116736K)->0K(116736K) From: 320K(116224K)->192K(116224K)
[136.971s][info][gc,heap        ] GC(647) ParOldGen: 5723K(699392K)->5771K(699392K)
[136.971s][info][gc,metaspace   ] GC(647) Metaspace: 16507K(16832K)->16507K(16832K) NonClass: 14176K(14336K)->14176K(14336K) Class: 2331K(2496K)->2331K(2496K)
[136.971s][info][gc             ] GC(647) Pause Young (Allocation Failure) 119M->5M(910M) 0.472ms
[136.971s][info][gc,cpu         ] GC(647) User=0.00s Sys=0.00s Real=0.00s
[136.990s][info][gc,start       ] GC(648) Pause Young (Allocation Failure)
[136.990s][info][gc,heap        ] GC(648) PSYoungGen: 116928K(232960K)->288K(232960K) Eden: 116736K(116736K)->0K(116736K) From: 192K(116224K)->288K(116224K)
[136.990s][info][gc,heap        ] GC(648) ParOldGen: 5771K(699392K)->5811K(699392K)
[136.990s][info][gc,metaspace   ] GC(648) Metaspace: 16507K(16832K)->16507K(16832K) NonClass: 14176K(14336K)->14176K(14336K) Class: 2331K(2496K)->2331K(2496K)
[136.990s][info][gc             ] GC(648) Pause Young (Allocation Failure) 119M->5M(910M) 0.441ms
[136.990s][info][gc,cpu         ] GC(648) User=0.00s Sys=0.00s Real=0.00s
[137.009s][info][gc,start       ] GC(649) Pause Young (Allocation Failure)
[137.009s][info][gc,heap        ] GC(649) PSYoungGen: 117024K(232960K)->224K(232960K) Eden: 116736K(116736K)->0K(116736K) From: 288K(116224K)->224K(116224K)
[137.009s][info][gc,heap        ] GC(649) ParOldGen: 5811K(699392K)->5867K(699392K)
[137.009s][info][gc,metaspace   ] GC(649) Metaspace: 16507K(16832K)->16507K(16832K) NonClass: 14176K(14336K)->14176K(14336K) Class: 2331K(2496K)->2331K(2496K)
[137.009s][info][gc             ] GC(649) Pause Young (Allocation Failure) 119M->5M(910M) 0.432ms
[137.009s][info][gc,cpu         ] GC(649) User=0.00s Sys=0.00s Real=0.00s
[137.028s][info][gc,start       ] GC(650) Pause Young (Allocation Failure)
[137.028s][info][gc,heap        ] GC(650) PSYoungGen: 116960K(232960K)->224K(232960K) Eden: 116736K(116736K)->0K(116736K) From: 224K(116224K)->224K(116224K)
[137.028s][info][gc,heap        ] GC(650) ParOldGen: 5867K(699392K)->5915K(699392K)
[137.028s][info][gc,metaspace   ] GC(650) Metaspace: 16507K(16832K)->16507K(16832K) NonClass: 14176K(14336K)->14176K(14336K) Class: 2331K(2496K)->2331K(2496K)
[137.028s][info][gc             ] GC(650) Pause Young (Allocation Failure) 119M->5M(910M) 0.425ms
[137.028s][info][gc,cpu         ] GC(650) User=0.00s Sys=0.00s Real=0.00s
[137.046s][info][gc,start       ] GC(651) Pause Young (Allocation Failure)
[137.047s][info][gc,heap        ] GC(651) PSYoungGen: 116960K(232960K)->352K(232960K) Eden: 116736K(116736K)->0K(116736K) From: 224K(116224K)->352K(116224K)
[137.047s][info][gc,heap        ] GC(651) ParOldGen: 5915K(699392K)->5955K(699392K)
[137.047s][info][gc,metaspace   ] GC(651) Metaspace: 16507K(16832K)->16507K(16832K) NonClass: 14176K(14336K)->14176K(14336K) Class: 2331K(2496K)->2331K(2496K)
[137.047s][info][gc             ] GC(651) Pause Young (Allocation Failure) 119M->6M(910M) 0.439ms
[137.047s][info][gc,cpu         ] GC(651) User=0.00s Sys=0.00s Real=0.00s
[137.065s][info][gc,start       ] GC(652) Pause Young (Allocation Failure)
[137.066s][info][gc,heap        ] GC(652) PSYoungGen: 117088K(232960K)->256K(235520K) Eden: 116736K(116736K)->0K(119296K) From: 352K(116224K)->256K(116224K)
[137.066s][info][gc,heap        ] GC(652) ParOldGen: 5955K(699392K)->6043K(699392K)
[137.066s][info][gc,metaspace   ] GC(652) Metaspace: 16507K(16832K)->16507K(16832K) NonClass: 14176K(14336K)->14176K(14336K) Class: 2331K(2496K)->2331K(2496K)
[137.066s][info][gc             ] GC(652) Pause Young (Allocation Failure) 120M->6M(913M) 0.451ms
[137.066s][info][gc,cpu         ] GC(652) User=0.00s Sys=0.00s Real=0.00s
[137.084s][info][gc,start       ] GC(653) Pause Young (Allocation Failure)
[137.085s][info][gc,heap        ] GC(653) PSYoungGen: 119552K(235520K)->320K(232960K) Eden: 119296K(119296K)->0K(119296K) From: 256K(116224K)->320K(113664K)
[137.085s][info][gc,heap        ] GC(653) ParOldGen: 6043K(699392K)->6043K(699392K)
[137.085s][info][gc,metaspace   ] GC(653) Metaspace: 16507K(16832K)->16507K(16832K) NonClass: 14176K(14336K)->14176K(14336K) Class: 2331K(2496K)->2331K(2496K)
[137.085s][info][gc             ] GC(653) Pause Young (Allocation Failure) 122M->6M(910M) 0.435ms
[137.085s][info][gc,cpu         ] GC(653) User=0.00s Sys=0.00s Real=0.00s
[137.104s][info][gc,start       ] GC(654) Pause Young (Allocation Failure)
[137.104s][info][gc,heap        ] GC(654) PSYoungGen: 119616K(232960K)->320K(249344K) Eden: 119296K(119296K)->0K(142848K) From: 320K(113664K)->320K(106496K)
[137.104s][info][gc,heap        ] GC(654) ParOldGen: 6043K(699392K)->6043K(699392K)
[137.104s][info][gc,metaspace   ] GC(654) Metaspace: 16507K(16832K)->16507K(16832K) NonClass: 14176K(14336K)->14176K(14336K) Class: 2331K(2496K)->2331K(2496K)
[137.104s][info][gc             ] GC(654) Pause Young (Allocation Failure) 122M->6M(926M) 0.463ms
[137.104s][info][gc,cpu         ] GC(654) User=0.00s Sys=0.00s Real=0.00s
[137.126s][info][gc,start       ] GC(655) Pause Young (Allocation Failure)
[137.127s][info][gc,heap        ] GC(655) PSYoungGen: 143168K(249344K)->352K(242688K) Eden: 142848K(142848K)->0K(142848K) From: 320K(106496K)->352K(99840K)
[137.127s][info][gc,heap        ] GC(655) ParOldGen: 6043K(699392K)->6043K(699392K)
[137.127s][info][gc,metaspace   ] GC(655) Metaspace: 16507K(16832K)->16507K(16832K) NonClass: 14176K(14336K)->14176K(14336K) Class: 2331K(2496K)->2331K(2496K)
[137.127s][info][gc             ] GC(655) Pause Young (Allocation Failure) 145M->6M(920M) 0.427ms
[137.127s][info][gc,cpu         ] GC(655) User=0.00s Sys=0.00s Real=0.00s
[137.150s][info][gc,start       ] GC(656) Pause Young (Allocation Failure)
[137.150s][info][gc,heap        ] GC(656) PSYoungGen: 143200K(242688K)->352K(262144K) Eden: 142848K(142848K)->0K(168960K) From: 352K(99840K)->352K(93184K)
[137.150s][info][gc,heap        ] GC(656) ParOldGen: 6043K(699392K)->6043K(699392K)
[137.150s][info][gc,metaspace   ] GC(656) Metaspace: 16507K(16832K)->16507K(16832K) NonClass: 14176K(14336K)->14176K(14336K) Class: 2331K(2496K)->2331K(2496K)
[137.150s][info][gc             ] GC(656) Pause Young (Allocation Failure) 145M->6M(939M) 0.467ms
[137.150s][info][gc,cpu         ] GC(656) User=0.00s Sys=0.00s Real=0.00s
[137.177s][info][gc,start       ] GC(657) Pause Young (Allocation Failure)
[137.177s][info][gc,heap        ] GC(657) PSYoungGen: 169312K(262144K)->320K(256000K) Eden: 168960K(168960K)->0K(168960K) From: 352K(93184K)->320K(87040K)
[137.177s][info][gc,heap        ] GC(657) ParOldGen: 6043K(699392K)->6043K(699392K)
[137.177s][info][gc,metaspace   ] GC(657) Metaspace: 16507K(16832K)->16507K(16832K) NonClass: 14176K(14336K)->14176K(14336K) Class: 2331K(2496K)->2331K(2496K)
[137.177s][info][gc             ] GC(657) Pause Young (Allocation Failure) 171M->6M(933M) 0.482ms
[137.177s][info][gc,cpu         ] GC(657) User=0.00s Sys=0.00s Real=0.00s
[137.204s][info][gc,start       ] GC(658) Pause Young (Allocation Failure)
[137.204s][info][gc,heap        ] GC(658) PSYoungGen: 169280K(256000K)->384K(273920K) Eden: 168960K(168960K)->0K(193024K) From: 320K(87040K)->384K(80896K)
[137.204s][info][gc,heap        ] GC(658) ParOldGen: 6043K(699392K)->6043K(699392K)
[137.204s][info][gc,metaspace   ] GC(658) Metaspace: 16507K(16832K)->16507K(16832K) NonClass: 14176K(14336K)->14176K(14336K) Class: 2331K(2496K)->2331K(2496K)
[137.204s][info][gc             ] GC(658) Pause Young (Allocation Failure) 171M->6M(950M) 0.457ms
[137.204s][info][gc,cpu         ] GC(658) User=0.00s Sys=0.00s Real=0.00s
[137.234s][info][gc,start       ] GC(659) Pause Young (Allocation Failure)
[137.235s][info][gc,heap        ] GC(659) PSYoungGen: 193408K(273920K)->320K(268288K) Eden: 193024K(193024K)->0K(193024K) From: 384K(80896K)->320K(75264K)
[137.235s][info][gc,heap        ] GC(659) ParOldGen: 6043K(699392K)->6043K(699392K)
[137.235s][info][gc,metaspace   ] GC(659) Metaspace: 16507K(16832K)->16507K(16832K) NonClass: 14176K(14336K)->14176K(14336K) Class: 2331K(2496K)->2331K(2496K)
[137.235s][info][gc             ] GC(659) Pause Young (Allocation Failure) 194M->6M(945M) 0.677ms
[137.235s][info][gc,cpu         ] GC(659) User=0.00s Sys=0.00s Real=0.00s
[137.265s][info][gc,start       ] GC(660) Pause Young (Allocation Failure)
[137.266s][info][gc,heap        ] GC(660) PSYoungGen: 193344K(268288K)->352K(284160K) Eden: 193024K(193024K)->0K(214016K) From: 320K(75264K)->352K(70144K)
[137.266s][info][gc,heap        ] GC(660) ParOldGen: 6043K(699392K)->6043K(699392K)
[137.266s][info][gc,metaspace   ] GC(660) Metaspace: 16507K(16832K)->16507K(16832K) NonClass: 14176K(14336K)->14176K(14336K) Class: 2331K(2496K)->2331K(2496K)
[137.266s][info][gc             ] GC(660) Pause Young (Allocation Failure) 194M->6M(960M) 0.536ms
[137.266s][info][gc,cpu         ] GC(660) User=0.00s Sys=0.00s Real=0.00s
[137.299s][info][gc,start       ] GC(661) Pause Young (Allocation Failure)
[137.299s][info][gc,heap        ] GC(661) PSYoungGen: 214368K(284160K)->352K(279040K) Eden: 214016K(214016K)->0K(214016K) From: 352K(70144K)->352K(65024K)
[137.299s][info][gc,heap        ] GC(661) ParOldGen: 6043K(699392K)->6043K(699392K)
[137.299s][info][gc,metaspace   ] GC(661) Metaspace: 16507K(16832K)->16507K(16832K) NonClass: 14176K(14336K)->14176K(14336K) Class: 2331K(2496K)->2331K(2496K)
[137.299s][info][gc             ] GC(661) Pause Young (Allocation Failure) 215M->6M(955M) 0.420ms
[137.299s][info][gc,cpu         ] GC(661) User=0.00s Sys=0.00s Real=0.00s
[137.335s][info][gc,start       ] GC(662) Pause Young (Allocation Failure)
[137.336s][info][gc,heap        ] GC(662) PSYoungGen: 214368K(279040K)->320K(292864K) Eden: 214016K(214016K)->0K(232448K) From: 352K(65024K)->320K(60416K)
[137.336s][info][gc,heap        ] GC(662) ParOldGen: 6043K(699392K)->6043K(699392K)
[137.336s][info][gc,metaspace   ] GC(662) Metaspace: 16507K(16832K)->16507K(16832K) NonClass: 14176K(14336K)->14176K(14336K) Class: 2331K(2496K)->2331K(2496K)
[137.336s][info][gc             ] GC(662) Pause Young (Allocation Failure) 215M->6M(969M) 0.476ms
[137.336s][info][gc,cpu         ] GC(662) User=0.00s Sys=0.00s Real=0.00s
[137.446s][info][gc,start       ] GC(663) Pause Young (Allocation Failure)
[137.511s][info][gc,heap        ] GC(663) PSYoungGen: 232768K(292864K)->56291K(288768K) Eden: 232448K(232448K)->0K(232448K) From: 320K(60416K)->56291K(56320K)
[137.511s][info][gc,heap        ] GC(663) ParOldGen: 6043K(699392K)->78587K(699392K)
[137.511s][info][gc,metaspace   ] GC(663) Metaspace: 16507K(16832K)->16507K(16832K) NonClass: 14176K(14336K)->14176K(14336K) Class: 2331K(2496K)->2331K(2496K)
[137.511s][info][gc             ] GC(663) Pause Young (Allocation Failure) 233M->131M(965M) 65.392ms
[137.511s][info][gc,cpu         ] GC(663) User=0.39s Sys=0.00s Real=0.08s
[137.676s][info][gc,start       ] GC(664) Pause Young (Allocation Failure)
[137.794s][info][gc,heap        ] GC(664) PSYoungGen: 288739K(288768K)->60387K(177152K) Eden: 232448K(232448K)->0K(116736K) From: 56291K(56320K)->60387K(60416K)
[137.794s][info][gc,heap        ] GC(664) ParOldGen: 78587K(699392K)->233627K(699392K)
[137.794s][info][gc,metaspace   ] GC(664) Metaspace: 16507K(16832K)->16507K(16832K) NonClass: 14176K(14336K)->14176K(14336K) Class: 2331K(2496K)->2331K(2496K)
[137.794s][info][gc             ] GC(664) Pause Young (Allocation Failure) 358M->287M(856M) 118.076ms
[137.794s][info][gc,cpu         ] GC(664) User=0.67s Sys=0.00s Real=0.13s
[137.877s][info][gc,start       ] GC(665) Pause Young (Allocation Failure)
[137.943s][info][gc,heap        ] GC(665) PSYoungGen: 177123K(177152K)->116195K(232960K) Eden: 116736K(116736K)->0K(116736K) From: 60387K(60416K)->116195K(116224K)
[137.944s][info][gc,heap        ] GC(665) ParOldGen: 233627K(699392K)->258843K(699392K)
[137.944s][info][gc,metaspace   ] GC(665) Metaspace: 16507K(16832K)->16507K(16832K) NonClass: 14176K(14336K)->14176K(14336K) Class: 2331K(2496K)->2331K(2496K)
[137.944s][info][gc             ] GC(665) Pause Young (Allocation Failure) 401M->366M(910M) 66.457ms
[137.944s][info][gc,cpu         ] GC(665) User=0.38s Sys=0.00s Real=0.06s
[138.044s][info][gc,start       ] GC(666) Pause Young (Allocation Failure)
[138.137s][info][gc,heap        ] GC(666) PSYoungGen: 232931K(232960K)->116195K(232960K) Eden: 116736K(116736K)->0K(116736K) From: 116195K(116224K)->116195K(116224K)
[138.137s][info][gc,heap        ] GC(666) ParOldGen: 258843K(699392K)->334675K(699392K)
[138.137s][info][gc,metaspace   ] GC(666) Metaspace: 16507K(16832K)->16507K(16832K) NonClass: 14176K(14336K)->14176K(14336K) Class: 2331K(2496K)->2331K(2496K)
[138.137s][info][gc             ] GC(666) Pause Young (Allocation Failure) 480M->440M(910M) 92.636ms
[138.137s][info][gc,cpu         ] GC(666) User=0.47s Sys=0.00s Real=0.10s
[140.730s][info][gc,start       ] GC(667) Pause Young (Allocation Failure)
[140.803s][info][gc,heap        ] GC(667) PSYoungGen: 232931K(232960K)->116195K(232960K) Eden: 116736K(116736K)->0K(116736K) From: 116195K(116224K)->116195K(116224K)
[140.803s][info][gc,heap        ] GC(667) ParOldGen: 334675K(699392K)->346107K(699392K)
[140.803s][info][gc,metaspace   ] GC(667) Metaspace: 16507K(16832K)->16507K(16832K) NonClass: 14176K(14336K)->14176K(14336K) Class: 2331K(2496K)->2331K(2496K)
[140.803s][info][gc             ] GC(667) Pause Young (Allocation Failure) 554M->451M(910M) 73.197ms
[140.803s][info][gc,cpu         ] GC(667) User=0.47s Sys=0.00s Real=0.08s
[140.856s][info][gc,start       ] GC(668) Pause Young (Allocation Failure)
[140.942s][info][gc,heap        ] GC(668) PSYoungGen: 232931K(232960K)->116195K(232960K) Eden: 116736K(116736K)->0K(116736K) From: 116195K(116224K)->116195K(116224K)
[140.942s][info][gc,heap        ] GC(668) ParOldGen: 346107K(699392K)->397195K(699392K)
[140.942s][info][gc,metaspace   ] GC(668) Metaspace: 16507K(16832K)->16507K(16832K) NonClass: 14176K(14336K)->14176K(14336K) Class: 2331K(2496K)->2331K(2496K)
[140.942s][info][gc             ] GC(668) Pause Young (Allocation Failure) 565M->501M(910M) 86.148ms
[140.942s][info][gc,cpu         ] GC(668) User=0.45s Sys=0.00s Real=0.08s
[140.998s][info][gc,start       ] GC(669) Pause Young (Allocation Failure)
[141.084s][info][gc,heap        ] GC(669) PSYoungGen: 232931K(232960K)->116224K(232960K) Eden: 116736K(116736K)->0K(116736K) From: 116195K(116224K)->116224K(116224K)
[141.084s][info][gc,heap        ] GC(669) ParOldGen: 397195K(699392K)->447727K(699392K)
[141.084s][info][gc,metaspace   ] GC(669) Metaspace: 16507K(16832K)->16507K(16832K) NonClass: 14176K(14336K)->14176K(14336K) Class: 2331K(2496K)->2331K(2496K)
[141.084s][info][gc             ] GC(669) Pause Young (Allocation Failure) 615M->550M(910M) 86.493ms
[141.084s][info][gc,cpu         ] GC(669) User=0.44s Sys=0.00s Real=0.08s
[141.141s][info][gc,start       ] GC(670) Pause Young (Allocation Failure)
[141.219s][info][gc,heap        ] GC(670) PSYoungGen: 232960K(232960K)->107872K(232960K) Eden: 116736K(116736K)->0K(116736K) From: 116224K(116224K)->107872K(116224K)
[141.219s][info][gc,heap        ] GC(670) ParOldGen: 447727K(699392K)->506167K(699392K)
[141.219s][info][gc,metaspace   ] GC(670) Metaspace: 16507K(16832K)->16507K(16832K) NonClass: 14176K(14336K)->14176K(14336K) Class: 2331K(2496K)->2331K(2496K)
[141.219s][info][gc             ] GC(670) Pause Young (Allocation Failure) 664M->599M(910M) 78.102ms
[141.219s][info][gc,cpu         ] GC(670) User=0.39s Sys=0.00s Real=0.08s
[141.275s][info][gc,start       ] GC(671) Pause Young (Allocation Failure)
[141.347s][info][gc,heap        ] GC(671) PSYoungGen: 224608K(232960K)->116224K(232960K) Eden: 116736K(116736K)->0K(116736K) From: 107872K(116224K)->116224K(116224K)
[141.347s][info][gc,heap        ] GC(671) ParOldGen: 506167K(699392K)->546159K(699392K)
[141.347s][info][gc,metaspace   ] GC(671) Metaspace: 16507K(16832K)->16507K(16832K) NonClass: 14176K(14336K)->14176K(14336K) Class: 2331K(2496K)->2331K(2496K)
[141.347s][info][gc             ] GC(671) Pause Young (Allocation Failure) 713M->646M(910M) 71.727ms
[141.347s][info][gc,cpu         ] GC(671) User=0.44s Sys=0.00s Real=0.08s
[141.405s][info][gc,start       ] GC(672) Pause Young (Allocation Failure)
[141.472s][info][gc,heap        ] GC(672) PSYoungGen: 232960K(232960K)->116224K(232960K) Eden: 116736K(116736K)->0K(116736K) From: 116224K(116224K)->116224K(116224K)
[141.472s][info][gc,heap        ] GC(672) ParOldGen: 546159K(699392K)->595575K(699392K)
[141.472s][info][gc,metaspace   ] GC(672) Metaspace: 16507K(16832K)->16507K(16832K) NonClass: 14176K(14336K)->14176K(14336K) Class: 2331K(2496K)->2331K(2496K)
[141.472s][info][gc             ] GC(672) Pause Young (Allocation Failure) 760M->695M(910M) 67.368ms
[141.472s][info][gc,cpu         ] GC(672) User=0.39s Sys=0.02s Real=0.08s
[141.530s][info][gc,start       ] GC(673) Pause Full (Ergonomics)
[141.530s][info][gc,phases,start] GC(673) Marking Phase
[141.605s][info][gc,phases      ] GC(673) Marking Phase 74.456ms
[141.605s][info][gc,phases,start] GC(673) Summary Phase
[141.605s][info][gc,phases      ] GC(673) Summary Phase 0.022ms
[141.605s][info][gc,phases,start] GC(673) Adjust Roots
[141.607s][info][gc,phases      ] GC(673) Adjust Roots 1.937ms
[141.607s][info][gc,phases,start] GC(673) Compaction Phase
[141.773s][info][gc,phases      ] GC(673) Compaction Phase 166.511ms
[141.774s][info][gc,phases,start] GC(673) Post Compact
[141.775s][info][gc,phases      ] GC(673) Post Compact 1.724ms
[141.775s][info][gc,heap        ] GC(673) PSYoungGen: 232960K(232960K)->0K(232960K) Eden: 116736K(116736K)->0K(116736K) From: 116224K(116224K)->0K(116224K)
[141.775s][info][gc,heap        ] GC(673) ParOldGen: 595575K(699392K)->311757K(699392K)
[141.775s][info][gc,metaspace   ] GC(673) Metaspace: 16507K(16832K)->16507K(16832K) NonClass: 14176K(14336K)->14176K(14336K) Class: 2331K(2496K)->2331K(2496K)
[141.775s][info][gc             ] GC(673) Pause Full (Ergonomics) 809M->304M(910M) 244.964ms
[141.775s][info][gc,cpu         ] GC(673) User=1.22s Sys=0.03s Real=0.25s
[141.835s][info][gc,start       ] GC(674) Pause Young (Allocation Failure)
[141.859s][info][gc,heap        ] GC(674) PSYoungGen: 116736K(232960K)->50976K(232960K) Eden: 116736K(116736K)->0K(116736K) From: 0K(116224K)->50976K(116224K)
[141.859s][info][gc,heap        ] GC(674) ParOldGen: 311757K(699392K)->311757K(699392K)
[141.859s][info][gc,metaspace   ] GC(674) Metaspace: 16507K(16832K)->16507K(16832K) NonClass: 14176K(14336K)->14176K(14336K) Class: 2331K(2496K)->2331K(2496K)
[141.859s][info][gc             ] GC(674) Pause Young (Allocation Failure) 418M->354M(910M) 23.838ms
[141.859s][info][gc,cpu         ] GC(674) User=0.09s Sys=0.00s Real=0.03s
[141.919s][info][gc,start       ] GC(675) Pause Young (Allocation Failure)
[141.964s][info][gc,heap        ] GC(675) PSYoungGen: 167712K(232960K)->51104K(232960K) Eden: 116736K(116736K)->0K(116736K) From: 50976K(116224K)->51104K(116224K)
[141.964s][info][gc,heap        ] GC(675) ParOldGen: 311757K(699392K)->359765K(699392K)
[141.964s][info][gc,metaspace   ] GC(675) Metaspace: 16507K(16832K)->16507K(16832K) NonClass: 14176K(14336K)->14176K(14336K) Class: 2331K(2496K)->2331K(2496K)
[141.964s][info][gc             ] GC(675) Pause Young (Allocation Failure) 468M->401M(910M) 44.663ms
[141.964s][info][gc,cpu         ] GC(675) User=0.28s Sys=0.00s Real=0.05s
[142.145s][info][gc,start       ] GC(676) Pause Young (Allocation Failure)
[142.229s][info][gc,heap        ] GC(676) PSYoungGen: 167840K(232960K)->84347K(232960K) Eden: 116736K(116736K)->0K(116736K) From: 51104K(116224K)->84347K(116224K)
[142.229s][info][gc,heap        ] GC(676) ParOldGen: 359765K(699392K)->408677K(699392K)
[142.229s][info][gc,metaspace   ] GC(676) Metaspace: 16507K(16832K)->16507K(16832K) NonClass: 14176K(14336K)->14176K(14336K) Class: 2331K(2496K)->2331K(2496K)
[142.229s][info][gc             ] GC(676) Pause Young (Allocation Failure) 515M->481M(910M) 84.583ms
[142.229s][info][gc,cpu         ] GC(676) User=0.48s Sys=0.00s Real=0.09s
[142.478s][info][gc,start       ] GC(677) Pause Young (Allocation Failure)
[142.544s][info][gc,heap        ] GC(677) PSYoungGen: 201083K(232960K)->4160K(232960K) Eden: 116736K(116736K)->0K(116736K) From: 84347K(116224K)->4160K(116224K)
[142.544s][info][gc,heap        ] GC(677) ParOldGen: 408677K(699392K)->465102K(699392K)
[142.544s][info][gc,metaspace   ] GC(677) Metaspace: 16507K(16832K)->16507K(16832K) NonClass: 14176K(14336K)->14176K(14336K) Class: 2331K(2496K)->2331K(2496K)
[142.544s][info][gc             ] GC(677) Pause Young (Allocation Failure) 595M->458M(910M) 65.990ms
[142.544s][info][gc,cpu         ] GC(677) User=0.30s Sys=0.00s Real=0.06s
[142.685s][info][gc,start       ] GC(678) Pause Young (Allocation Failure)
[142.688s][info][gc,heap        ] GC(678) PSYoungGen: 120896K(232960K)->3488K(232960K) Eden: 116736K(116736K)->0K(116736K) From: 4160K(116224K)->3488K(116224K)
[142.688s][info][gc,heap        ] GC(678) ParOldGen: 465102K(699392K)->465598K(699392K)
[142.688s][info][gc,metaspace   ] GC(678) Metaspace: 16507K(16832K)->16507K(16832K) NonClass: 14176K(14336K)->14176K(14336K) Class: 2331K(2496K)->2331K(2496K)
[142.688s][info][gc             ] GC(678) Pause Young (Allocation Failure) 572M->458M(910M) 3.151ms
[142.688s][info][gc,cpu         ] GC(678) User=0.00s Sys=0.00s Real=0.00s
[142.825s][info][gc,start       ] GC(679) Pause Young (Allocation Failure)
[142.828s][info][gc,heap        ] GC(679) PSYoungGen: 120224K(232960K)->2816K(232960K) Eden: 116736K(116736K)->0K(116736K) From: 3488K(116224K)->2816K(116224K)
[142.828s][info][gc,heap        ] GC(679) ParOldGen: 465598K(699392K)->465822K(699392K)
[142.828s][info][gc,metaspace   ] GC(679) Metaspace: 16507K(16832K)->16507K(16832K) NonClass: 14176K(14336K)->14176K(14336K) Class: 2331K(2496K)->2331K(2496K)
[142.828s][info][gc             ] GC(679) Pause Young (Allocation Failure) 572M->457M(910M) 2.731ms
[142.828s][info][gc,cpu         ] GC(679) User=0.00s Sys=0.00s Real=0.00s
[142.955s][info][gc,start       ] GC(680) Pause Young (Allocation Failure)
[142.957s][info][gc,heap        ] GC(680) PSYoungGen: 119552K(232960K)->1728K(232960K) Eden: 116736K(116736K)->0K(116736K) From: 2816K(116224K)->1728K(116224K)
[142.957s][info][gc,heap        ] GC(680) ParOldGen: 465822K(699392K)->465870K(699392K)
[142.957s][info][gc,metaspace   ] GC(680) Metaspace: 16507K(16832K)->16507K(16832K) NonClass: 14176K(14336K)->14176K(14336K) Class: 2331K(2496K)->2331K(2496K)
[142.957s][info][gc             ] GC(680) Pause Young (Allocation Failure) 571M->456M(910M) 1.847ms
[142.957s][info][gc,cpu         ] GC(680) User=0.00s Sys=0.00s Real=0.00s
[143.510s][info][gc,start       ] GC(681) Pause Young (Allocation Failure)
[143.512s][info][gc,heap        ] GC(681) PSYoungGen: 118464K(232960K)->2176K(232960K) Eden: 116736K(116736K)->0K(116736K) From: 1728K(116224K)->2176K(116224K)
[143.512s][info][gc,heap        ] GC(681) ParOldGen: 465870K(699392K)->465870K(699392K)
[143.512s][info][gc,metaspace   ] GC(681) Metaspace: 16507K(16832K)->16507K(16832K) NonClass: 14176K(14336K)->14176K(14336K) Class: 2331K(2496K)->2331K(2496K)
[143.512s][info][gc             ] GC(681) Pause Young (Allocation Failure) 570M->457M(910M) 1.666ms
[143.512s][info][gc,cpu         ] GC(681) User=0.00s Sys=0.00s Real=0.00s
[143.724s][info][gc,start       ] GC(682) Pause Young (System.gc())
[143.725s][info][gc,heap        ] GC(682) PSYoungGen: 33599K(232960K)->96K(232960K) Eden: 31423K(116736K)->0K(116736K) From: 2176K(116224K)->96K(116224K)
[143.725s][info][gc,heap        ] GC(682) ParOldGen: 465870K(699392K)->465910K(699392K)
[143.725s][info][gc,metaspace   ] GC(682) Metaspace: 16507K(16832K)->16507K(16832K) NonClass: 14176K(14336K)->14176K(14336K) Class: 2331K(2496K)->2331K(2496K)
[143.725s][info][gc             ] GC(682) Pause Young (System.gc()) 487M->455M(910M) 0.884ms
[143.725s][info][gc,cpu         ] GC(682) User=0.00s Sys=0.00s Real=0.00s
[143.725s][info][gc,start       ] GC(683) Pause Full (System.gc())
[143.725s][info][gc,phases,start] GC(683) Marking Phase
[143.729s][info][gc,phases      ] GC(683) Marking Phase 4.498ms
[143.729s][info][gc,phases,start] GC(683) Summary Phase
[143.729s][info][gc,phases      ] GC(683) Summary Phase 0.011ms
[143.729s][info][gc,phases,start] GC(683) Adjust Roots
[143.732s][info][gc,phases      ] GC(683) Adjust Roots 2.845ms
[143.732s][info][gc,phases,start] GC(683) Compaction Phase
[143.734s][info][gc,phases      ] GC(683) Compaction Phase 1.538ms
[143.734s][info][gc,phases,start] GC(683) Post Compact
[143.736s][info][gc,phases      ] GC(683) Post Compact 1.718ms
[143.736s][info][gc,heap        ] GC(683) PSYoungGen: 96K(232960K)->0K(232960K) Eden: 0K(116736K)->0K(116736K) From: 96K(116224K)->0K(116224K)
[143.736s][info][gc,heap        ] GC(683) ParOldGen: 465910K(699392K)->5547K(699392K)
[143.736s][info][gc,metaspace   ] GC(683) Metaspace: 16507K(16832K)->16507K(16832K) NonClass: 14176K(14336K)->14176K(14336K) Class: 2331K(2496K)->2331K(2496K)
[143.736s][info][gc             ] GC(683) Pause Full (System.gc()) 455M->5M(910M) 10.916ms
[143.736s][info][gc,cpu         ] GC(683) User=0.02s Sys=0.00s Real=0.01s
[145.133s][info][gc,start       ] GC(684) Pause Young (Allocation Failure)
[145.133s][info][gc,heap        ] GC(684) PSYoungGen: 116736K(232960K)->320K(232960K) Eden: 116736K(116736K)->0K(116736K) From: 0K(116224K)->320K(116224K)
[145.133s][info][gc,heap        ] GC(684) ParOldGen: 5547K(699392K)->5547K(699392K)
[145.133s][info][gc,metaspace   ] GC(684) Metaspace: 16516K(16832K)->16516K(16832K) NonClass: 14185K(14336K)->14185K(14336K) Class: 2331K(2496K)->2331K(2496K)
[145.133s][info][gc             ] GC(684) Pause Young (Allocation Failure) 119M->5M(910M) 0.513ms
[145.133s][info][gc,cpu         ] GC(684) User=0.00s Sys=0.00s Real=0.00s
[145.151s][info][gc,start       ] GC(685) Pause Young (Allocation Failure)
[145.152s][info][gc,heap        ] GC(685) PSYoungGen: 117056K(232960K)->256K(232960K) Eden: 116736K(116736K)->0K(116736K) From: 320K(116224K)->256K(116224K)
[145.152s][info][gc,heap        ] GC(685) ParOldGen: 5547K(699392K)->5643K(699392K)
[145.152s][info][gc,metaspace   ] GC(685) Metaspace: 16516K(16832K)->16516K(16832K) NonClass: 14185K(14336K)->14185K(14336K) Class: 2331K(2496K)->2331K(2496K)
[145.152s][info][gc             ] GC(685) Pause Young (Allocation Failure) 119M->5M(910M) 0.552ms
[145.152s][info][gc,cpu         ] GC(685) User=0.00s Sys=0.00s Real=0.00s
[145.171s][info][gc,start       ] GC(686) Pause Young (Allocation Failure)
[145.172s][info][gc,heap        ] GC(686) PSYoungGen: 116992K(232960K)->320K(232960K) Eden: 116736K(116736K)->0K(116736K) From: 256K(116224K)->320K(116224K)
[145.172s][info][gc,heap        ] GC(686) ParOldGen: 5643K(699392K)->5683K(699392K)
[145.172s][info][gc,metaspace   ] GC(686) Metaspace: 16516K(16832K)->16516K(16832K) NonClass: 14185K(14336K)->14185K(14336K) Class: 2331K(2496K)->2331K(2496K)
[145.172s][info][gc             ] GC(686) Pause Young (Allocation Failure) 119M->5M(910M) 0.488ms
[145.172s][info][gc,cpu         ] GC(686) User=0.00s Sys=0.00s Real=0.00s
[145.190s][info][gc,start       ] GC(687) Pause Young (Allocation Failure)
[145.190s][info][gc,heap        ] GC(687) PSYoungGen: 117056K(232960K)->288K(232960K) Eden: 116736K(116736K)->0K(116736K) From: 320K(116224K)->288K(116224K)
[145.190s][info][gc,heap        ] GC(687) ParOldGen: 5683K(699392K)->5731K(699392K)
[145.190s][info][gc,metaspace   ] GC(687) Metaspace: 16516K(16832K)->16516K(16832K) NonClass: 14185K(14336K)->14185K(14336K) Class: 2331K(2496K)->2331K(2496K)
[145.190s][info][gc             ] GC(687) Pause Young (Allocation Failure) 119M->5M(910M) 0.461ms
[145.190s][info][gc,cpu         ] GC(687) User=0.00s Sys=0.00s Real=0.00s
[145.208s][info][gc,start       ] GC(688) Pause Young (Allocation Failure)
[145.209s][info][gc,heap        ] GC(688) PSYoungGen: 117024K(232960K)->224K(232960K) Eden: 116736K(116736K)->0K(116736K) From: 288K(116224K)->224K(116224K)
[145.209s][info][gc,heap        ] GC(688) ParOldGen: 5731K(699392K)->5787K(699392K)
[145.209s][info][gc,metaspace   ] GC(688) Metaspace: 16516K(16832K)->16516K(16832K) NonClass: 14185K(14336K)->14185K(14336K) Class: 2331K(2496K)->2331K(2496K)
[145.209s][info][gc             ] GC(688) Pause Young (Allocation Failure) 119M->5M(910M) 0.433ms
[145.209s][info][gc,cpu         ] GC(688) User=0.00s Sys=0.00s Real=0.00s
[145.227s][info][gc,start       ] GC(689) Pause Young (Allocation Failure)
[145.227s][info][gc,heap        ] GC(689) PSYoungGen: 116960K(232960K)->352K(232960K) Eden: 116736K(116736K)->0K(116736K) From: 224K(116224K)->352K(116224K)
[145.227s][info][gc,heap        ] GC(689) ParOldGen: 5787K(699392K)->5827K(699392K)
[145.227s][info][gc,metaspace   ] GC(689) Metaspace: 16516K(16832K)->16516K(16832K) NonClass: 14185K(14336K)->14185K(14336K) Class: 2331K(2496K)->2331K(2496K)
[145.228s][info][gc             ] GC(689) Pause Young (Allocation Failure) 119M->6M(910M) 0.455ms
[145.228s][info][gc,cpu         ] GC(689) User=0.00s Sys=0.00s Real=0.00s
[145.245s][info][gc,start       ] GC(690) Pause Young (Allocation Failure)
[145.246s][info][gc,heap        ] GC(690) PSYoungGen: 117088K(232960K)->256K(232960K) Eden: 116736K(116736K)->0K(116736K) From: 352K(116224K)->256K(116224K)
[145.246s][info][gc,heap        ] GC(690) ParOldGen: 5827K(699392K)->5891K(699392K)
[145.246s][info][gc,metaspace   ] GC(690) Metaspace: 16516K(16832K)->16516K(16832K) NonClass: 14185K(14336K)->14185K(14336K) Class: 2331K(2496K)->2331K(2496K)
[145.246s][info][gc             ] GC(690) Pause Young (Allocation Failure) 120M->6M(910M) 0.420ms
[145.246s][info][gc,cpu         ] GC(690) User=0.00s Sys=0.00s Real=0.00s
[145.264s][info][gc,start       ] GC(691) Pause Young (Allocation Failure)
[145.264s][info][gc,heap        ] GC(691) PSYoungGen: 116992K(232960K)->224K(232960K) Eden: 116736K(116736K)->0K(116736K) From: 256K(116224K)->224K(116224K)
[145.265s][info][gc,heap        ] GC(691) ParOldGen: 5891K(699392K)->5939K(699392K)
[145.265s][info][gc,metaspace   ] GC(691) Metaspace: 16516K(16832K)->16516K(16832K) NonClass: 14185K(14336K)->14185K(14336K) Class: 2331K(2496K)->2331K(2496K)
[145.265s][info][gc             ] GC(691) Pause Young (Allocation Failure) 120M->6M(910M) 0.414ms
[145.265s][info][gc,cpu         ] GC(691) User=0.00s Sys=0.00s Real=0.00s
[145.283s][info][gc,start       ] GC(692) Pause Young (Allocation Failure)
[145.283s][info][gc,heap        ] GC(692) PSYoungGen: 116960K(232960K)->256K(232960K) Eden: 116736K(116736K)->0K(116736K) From: 224K(116224K)->256K(116224K)
[145.283s][info][gc,heap        ] GC(692) ParOldGen: 5939K(699392K)->5987K(699392K)
[145.283s][info][gc,metaspace   ] GC(692) Metaspace: 16516K(16832K)->16516K(16832K) NonClass: 14185K(14336K)->14185K(14336K) Class: 2331K(2496K)->2331K(2496K)
[145.283s][info][gc             ] GC(692) Pause Young (Allocation Failure) 120M->6M(910M) 0.473ms
[145.283s][info][gc,cpu         ] GC(692) User=0.00s Sys=0.00s Real=0.00s
[145.301s][info][gc,start       ] GC(693) Pause Young (Allocation Failure)
[145.302s][info][gc,heap        ] GC(693) PSYoungGen: 116992K(232960K)->224K(232960K) Eden: 116736K(116736K)->0K(116736K) From: 256K(116224K)->224K(116224K)
[145.302s][info][gc,heap        ] GC(693) ParOldGen: 5987K(699392K)->6035K(699392K)
[145.302s][info][gc,metaspace   ] GC(693) Metaspace: 16516K(16832K)->16516K(16832K) NonClass: 14185K(14336K)->14185K(14336K) Class: 2331K(2496K)->2331K(2496K)
[145.302s][info][gc             ] GC(693) Pause Young (Allocation Failure) 120M->6M(910M) 0.461ms
[145.302s][info][gc,cpu         ] GC(693) User=0.00s Sys=0.00s Real=0.00s
[145.320s][info][gc,start       ] GC(694) Pause Young (Allocation Failure)
[145.320s][info][gc,heap        ] GC(694) PSYoungGen: 116960K(232960K)->288K(232960K) Eden: 116736K(116736K)->0K(116736K) From: 224K(116224K)->288K(116224K)
[145.320s][info][gc,heap        ] GC(694) ParOldGen: 6035K(699392K)->6075K(699392K)
[145.320s][info][gc,metaspace   ] GC(694) Metaspace: 16516K(16832K)->16516K(16832K) NonClass: 14185K(14336K)->14185K(14336K) Class: 2331K(2496K)->2331K(2496K)
[145.320s][info][gc             ] GC(694) Pause Young (Allocation Failure) 120M->6M(910M) 0.562ms
[145.320s][info][gc,cpu         ] GC(694) User=0.02s Sys=0.00s Real=0.02s
[145.339s][info][gc,start       ] GC(695) Pause Young (Allocation Failure)
[145.339s][info][gc,heap        ] GC(695) PSYoungGen: 117024K(232960K)->288K(236544K) Eden: 116736K(116736K)->0K(120320K) From: 288K(116224K)->288K(116224K)
[145.339s][info][gc,heap        ] GC(695) ParOldGen: 6075K(699392K)->6123K(699392K)
[145.339s][info][gc,metaspace   ] GC(695) Metaspace: 16516K(16832K)->16516K(16832K) NonClass: 14185K(14336K)->14185K(14336K) Class: 2331K(2496K)->2331K(2496K)
[145.339s][info][gc             ] GC(695) Pause Young (Allocation Failure) 120M->6M(914M) 0.521ms
[145.339s][info][gc,cpu         ] GC(695) User=0.00s Sys=0.00s Real=0.00s
[145.358s][info][gc,start       ] GC(696) Pause Young (Allocation Failure)
[145.358s][info][gc,heap        ] GC(696) PSYoungGen: 120608K(236544K)->352K(232960K) Eden: 120320K(120320K)->0K(120320K) From: 288K(116224K)->352K(112640K)
[145.358s][info][gc,heap        ] GC(696) ParOldGen: 6123K(699392K)->6123K(699392K)
[145.358s][info][gc,metaspace   ] GC(696) Metaspace: 16516K(16832K)->16516K(16832K) NonClass: 14185K(14336K)->14185K(14336K) Class: 2331K(2496K)->2331K(2496K)
[145.359s][info][gc             ] GC(696) Pause Young (Allocation Failure) 123M->6M(910M) 0.427ms
[145.359s][info][gc,cpu         ] GC(696) User=0.00s Sys=0.00s Real=0.00s
[145.377s][info][gc,start       ] GC(697) Pause Young (Allocation Failure)
[145.378s][info][gc,heap        ] GC(697) PSYoungGen: 120672K(232960K)->224K(251392K) Eden: 120320K(120320K)->0K(146432K) From: 352K(112640K)->224K(104960K)
[145.378s][info][gc,heap        ] GC(697) ParOldGen: 6123K(699392K)->6123K(699392K)
[145.378s][info][gc,metaspace   ] GC(697) Metaspace: 16516K(16832K)->16516K(16832K) NonClass: 14185K(14336K)->14185K(14336K) Class: 2331K(2496K)->2331K(2496K)
[145.378s][info][gc             ] GC(697) Pause Young (Allocation Failure) 123M->6M(928M) 0.419ms
[145.378s][info][gc,cpu         ] GC(697) User=0.00s Sys=0.00s Real=0.00s
[145.401s][info][gc,start       ] GC(698) Pause Young (Allocation Failure)
[145.401s][info][gc,heap        ] GC(698) PSYoungGen: 146656K(251392K)->352K(244224K) Eden: 146432K(146432K)->0K(146432K) From: 224K(104960K)->352K(97792K)
[145.401s][info][gc,heap        ] GC(698) ParOldGen: 6123K(699392K)->6123K(699392K)
[145.401s][info][gc,metaspace   ] GC(698) Metaspace: 16516K(16832K)->16516K(16832K) NonClass: 14185K(14336K)->14185K(14336K) Class: 2331K(2496K)->2331K(2496K)
[145.401s][info][gc             ] GC(698) Pause Young (Allocation Failure) 149M->6M(921M) 0.401ms
[145.401s][info][gc,cpu         ] GC(698) User=0.00s Sys=0.00s Real=0.00s
[145.424s][info][gc,start       ] GC(699) Pause Young (Allocation Failure)
[145.425s][info][gc,heap        ] GC(699) PSYoungGen: 146784K(244224K)->320K(264192K) Eden: 146432K(146432K)->0K(173056K) From: 352K(97792K)->320K(91136K)
[145.425s][info][gc,heap        ] GC(699) ParOldGen: 6123K(699392K)->6123K(699392K)
[145.425s][info][gc,metaspace   ] GC(699) Metaspace: 16516K(16832K)->16516K(16832K) NonClass: 14185K(14336K)->14185K(14336K) Class: 2331K(2496K)->2331K(2496K)
[145.425s][info][gc             ] GC(699) Pause Young (Allocation Failure) 149M->6M(941M) 0.459ms
[145.425s][info][gc,cpu         ] GC(699) User=0.00s Sys=0.00s Real=0.00s
[145.451s][info][gc,start       ] GC(700) Pause Young (Allocation Failure)
[145.451s][info][gc,heap        ] GC(700) PSYoungGen: 173376K(264192K)->352K(258048K) Eden: 173056K(173056K)->0K(173056K) From: 320K(91136K)->352K(84992K)
[145.451s][info][gc,heap        ] GC(700) ParOldGen: 6123K(699392K)->6123K(699392K)
[145.451s][info][gc,metaspace   ] GC(700) Metaspace: 16516K(16832K)->16516K(16832K) NonClass: 14185K(14336K)->14185K(14336K) Class: 2331K(2496K)->2331K(2496K)
[145.451s][info][gc             ] GC(700) Pause Young (Allocation Failure) 175M->6M(935M) 0.442ms
[145.451s][info][gc,cpu         ] GC(700) User=0.00s Sys=0.00s Real=0.00s
[145.478s][info][gc,start       ] GC(701) Pause Young (Allocation Failure)
[145.478s][info][gc,heap        ] GC(701) PSYoungGen: 173408K(258048K)->352K(275968K) Eden: 173056K(173056K)->0K(197120K) From: 352K(84992K)->352K(78848K)
[145.478s][info][gc,heap        ] GC(701) ParOldGen: 6123K(699392K)->6123K(699392K)
[145.478s][info][gc,metaspace   ] GC(701) Metaspace: 16516K(16832K)->16516K(16832K) NonClass: 14185K(14336K)->14185K(14336K) Class: 2331K(2496K)->2331K(2496K)
[145.478s][info][gc             ] GC(701) Pause Young (Allocation Failure) 175M->6M(952M) 0.508ms
[145.478s][info][gc,cpu         ] GC(701) User=0.00s Sys=0.00s Real=0.00s
[145.511s][info][gc,start       ] GC(702) Pause Young (Allocation Failure)
[145.511s][info][gc,heap        ] GC(702) PSYoungGen: 197472K(275968K)->352K(270336K) Eden: 197120K(197120K)->0K(197120K) From: 352K(78848K)->352K(73216K)
[145.511s][info][gc,heap        ] GC(702) ParOldGen: 6123K(699392K)->6123K(699392K)
[145.511s][info][gc,metaspace   ] GC(702) Metaspace: 16516K(16832K)->16516K(16832K) NonClass: 14185K(14336K)->14185K(14336K) Class: 2331K(2496K)->2331K(2496K)
[145.511s][info][gc             ] GC(702) Pause Young (Allocation Failure) 198M->6M(947M) 0.447ms
[145.511s][info][gc,cpu         ] GC(702) User=0.00s Sys=0.00s Real=0.00s
[145.542s][info][gc,start       ] GC(703) Pause Young (Allocation Failure)
[145.542s][info][gc,heap        ] GC(703) PSYoungGen: 197472K(270336K)->320K(286208K) Eden: 197120K(197120K)->0K(218112K) From: 352K(73216K)->320K(68096K)
[145.542s][info][gc,heap        ] GC(703) ParOldGen: 6123K(699392K)->6123K(699392K)
[145.542s][info][gc,metaspace   ] GC(703) Metaspace: 16516K(16832K)->16516K(16832K) NonClass: 14185K(14336K)->14185K(14336K) Class: 2331K(2496K)->2331K(2496K)
[145.542s][info][gc             ] GC(703) Pause Young (Allocation Failure) 198M->6M(962M) 0.412ms
[145.542s][info][gc,cpu         ] GC(703) User=0.00s Sys=0.00s Real=0.00s
[145.581s][info][gc,start       ] GC(704) Pause Young (Allocation Failure)
[145.586s][info][gc,heap        ] GC(704) PSYoungGen: 218432K(286208K)->10339K(281088K) Eden: 218112K(218112K)->0K(218112K) From: 320K(68096K)->10339K(62976K)
[145.586s][info][gc,heap        ] GC(704) ParOldGen: 6123K(699392K)->6123K(699392K)
[145.586s][info][gc,metaspace   ] GC(704) Metaspace: 16516K(16832K)->16516K(16832K) NonClass: 14185K(14336K)->14185K(14336K) Class: 2331K(2496K)->2331K(2496K)
[145.586s][info][gc             ] GC(704) Pause Young (Allocation Failure) 219M->16M(957M) 5.342ms
[145.586s][info][gc,cpu         ] GC(704) User=0.00s Sys=0.00s Real=0.00s
[145.712s][info][gc,start       ] GC(705) Pause Young (Allocation Failure)
[145.793s][info][gc,heap        ] GC(705) PSYoungGen: 228451K(281088K)->58851K(189952K) Eden: 218112K(218112K)->0K(131072K) From: 10339K(62976K)->58851K(58880K)
[145.793s][info][gc,heap        ] GC(705) ParOldGen: 6123K(699392K)->102667K(699392K)
[145.793s][info][gc,metaspace   ] GC(705) Metaspace: 16516K(16832K)->16516K(16832K) NonClass: 14185K(14336K)->14185K(14336K) Class: 2331K(2496K)->2331K(2496K)
[145.793s][info][gc             ] GC(705) Pause Young (Allocation Failure) 229M->157M(868M) 81.519ms
[145.793s][info][gc,cpu         ] GC(705) User=0.48s Sys=0.03s Real=0.10s
[145.878s][info][gc,start       ] GC(706) Pause Young (Allocation Failure)
[145.948s][info][gc,heap        ] GC(706) PSYoungGen: 189923K(189952K)->109027K(240128K) Eden: 131072K(131072K)->0K(131072K) From: 58851K(58880K)->109027K(109056K)
[145.948s][info][gc,heap        ] GC(706) ParOldGen: 102667K(699392K)->142515K(699392K)
[145.948s][info][gc,metaspace   ] GC(706) Metaspace: 16516K(16832K)->16516K(16832K) NonClass: 14185K(14336K)->14185K(14336K) Class: 2331K(2496K)->2331K(2496K)
[145.948s][info][gc             ] GC(706) Pause Young (Allocation Failure) 285M->245M(917M) 70.368ms
[145.948s][info][gc,cpu         ] GC(706) User=0.38s Sys=0.00s Real=0.06s
[146.045s][info][gc,start       ] GC(707) Pause Young (Allocation Failure)
[146.138s][info][gc,heap        ] GC(707) PSYoungGen: 240099K(240128K)->109027K(225792K) Eden: 131072K(131072K)->0K(116736K) From: 109027K(109056K)->109027K(109056K)
[146.138s][info][gc,heap        ] GC(707) ParOldGen: 142515K(699392K)->232659K(699392K)
[146.138s][info][gc,metaspace   ] GC(707) Metaspace: 16516K(16832K)->16516K(16832K) NonClass: 14185K(14336K)->14185K(14336K) Class: 2331K(2496K)->2331K(2496K)
[146.138s][info][gc             ] GC(707) Pause Young (Allocation Failure) 373M->333M(903M) 93.343ms
[146.138s][info][gc,cpu         ] GC(707) User=0.48s Sys=0.00s Real=0.10s
[146.223s][info][gc,start       ] GC(708) Pause Young (Allocation Failure)
[146.317s][info][gc,heap        ] GC(708) PSYoungGen: 225763K(225792K)->116195K(232960K) Eden: 116736K(116736K)->0K(116736K) From: 109027K(109056K)->116195K(116224K)
[146.317s][info][gc,heap        ] GC(708) ParOldGen: 232659K(699392K)->306363K(699392K)
[146.317s][info][gc,metaspace   ] GC(708) Metaspace: 16516K(16832K)->16516K(16832K) NonClass: 14185K(14336K)->14185K(14336K) Class: 2331K(2496K)->2331K(2496K)
[146.317s][info][gc             ] GC(708) Pause Young (Allocation Failure) 447M->412M(910M) 93.729ms
[146.317s][info][gc,cpu         ] GC(708) User=0.48s Sys=0.00s Real=0.09s
[146.594s][info][gc,start       ] GC(709) Pause Young (Allocation Failure)
[146.679s][info][gc,heap        ] GC(709) PSYoungGen: 232931K(232960K)->116195K(232960K) Eden: 116736K(116736K)->0K(116736K) From: 116195K(116224K)->116195K(116224K)
[146.679s][info][gc,heap        ] GC(709) ParOldGen: 306363K(699392K)->330956K(699392K)
[146.679s][info][gc,metaspace   ] GC(709) Metaspace: 16516K(16832K)->16516K(16832K) NonClass: 14185K(14336K)->14185K(14336K) Class: 2331K(2496K)->2331K(2496K)
[146.680s][info][gc             ] GC(709) Pause Young (Allocation Failure) 526M->436M(910M) 85.088ms
[146.680s][info][gc,cpu         ] GC(709) User=0.41s Sys=0.00s Real=0.08s
[149.107s][info][gc,start       ] GC(710) Pause Young (Allocation Failure)
[149.187s][info][gc,heap        ] GC(710) PSYoungGen: 232931K(232960K)->116224K(232960K) Eden: 116736K(116736K)->0K(116736K) From: 116195K(116224K)->116224K(116224K)
[149.187s][info][gc,heap        ] GC(710) ParOldGen: 330956K(699392K)->375111K(699392K)
[149.187s][info][gc,metaspace   ] GC(710) Metaspace: 16516K(16832K)->16516K(16832K) NonClass: 14185K(14336K)->14185K(14336K) Class: 2331K(2496K)->2331K(2496K)
[149.187s][info][gc             ] GC(710) Pause Young (Allocation Failure) 550M->479M(910M) 80.173ms
[149.188s][info][gc,cpu         ] GC(710) User=0.48s Sys=0.00s Real=0.09s
[149.243s][info][gc,start       ] GC(711) Pause Young (Allocation Failure)
[149.310s][info][gc,heap        ] GC(711) PSYoungGen: 232960K(232960K)->116224K(232960K) Eden: 116736K(116736K)->0K(116736K) From: 116224K(116224K)->116224K(116224K)
[149.310s][info][gc,heap        ] GC(711) ParOldGen: 375111K(699392K)->425119K(699392K)
[149.310s][info][gc,metaspace   ] GC(711) Metaspace: 16516K(16832K)->16516K(16832K) NonClass: 14185K(14336K)->14185K(14336K) Class: 2331K(2496K)->2331K(2496K)
[149.310s][info][gc             ] GC(711) Pause Young (Allocation Failure) 593M->528M(910M) 67.945ms
[149.311s][info][gc,cpu         ] GC(711) User=0.36s Sys=0.00s Real=0.06s
[149.366s][info][gc,start       ] GC(712) Pause Young (Allocation Failure)
[149.439s][info][gc,heap        ] GC(712) PSYoungGen: 232960K(232960K)->116224K(232960K) Eden: 116736K(116736K)->0K(116736K) From: 116224K(116224K)->116224K(116224K)
[149.439s][info][gc,heap        ] GC(712) ParOldGen: 425119K(699392K)->474343K(699392K)
[149.439s][info][gc,metaspace   ] GC(712) Metaspace: 16516K(16832K)->16516K(16832K) NonClass: 14185K(14336K)->14185K(14336K) Class: 2331K(2496K)->2331K(2496K)
[149.439s][info][gc             ] GC(712) Pause Young (Allocation Failure) 642M->576M(910M) 72.497ms
[149.439s][info][gc,cpu         ] GC(712) User=0.30s Sys=0.00s Real=0.08s
[149.496s][info][gc,start       ] GC(713) Pause Young (Allocation Failure)
[149.569s][info][gc,heap        ] GC(713) PSYoungGen: 232960K(232960K)->89856K(232960K) Eden: 116736K(116736K)->0K(116736K) From: 116224K(116224K)->89856K(116224K)
[149.569s][info][gc,heap        ] GC(713) ParOldGen: 474343K(699392K)->550047K(699392K)
[149.569s][info][gc,metaspace   ] GC(713) Metaspace: 16516K(16832K)->16516K(16832K) NonClass: 14185K(14336K)->14185K(14336K) Class: 2331K(2496K)->2331K(2496K)
[149.569s][info][gc             ] GC(713) Pause Young (Allocation Failure) 690M->624M(910M) 73.474ms
[149.569s][info][gc,cpu         ] GC(713) User=0.47s Sys=0.00s Real=0.08s
[149.627s][info][gc,start       ] GC(714) Pause Young (Allocation Failure)
[149.685s][info][gc,heap        ] GC(714) PSYoungGen: 206592K(232960K)->50784K(232960K) Eden: 116736K(116736K)->0K(116736K) From: 89856K(116224K)->50784K(116224K)
[149.689s][info][gc,heap        ] GC(714) ParOldGen: 550047K(699392K)->637551K(699392K)
[149.689s][info][gc,metaspace   ] GC(714) Metaspace: 16516K(16832K)->16516K(16832K) NonClass: 14185K(14336K)->14185K(14336K) Class: 2331K(2496K)->2331K(2496K)
[149.689s][info][gc             ] GC(714) Pause Young (Allocation Failure) 738M->672M(910M) 62.714ms
[149.690s][info][gc,cpu         ] GC(714) User=0.25s Sys=0.00s Real=0.06s
[149.749s][info][gc,start       ] GC(715) Pause Full (Ergonomics)
[149.749s][info][gc,phases,start] GC(715) Marking Phase
[149.820s][info][gc,phases      ] GC(715) Marking Phase 71.719ms
[149.820s][info][gc,phases,start] GC(715) Summary Phase
[149.820s][info][gc,phases      ] GC(715) Summary Phase 0.020ms
[149.820s][info][gc,phases,start] GC(715) Adjust Roots
[149.823s][info][gc,phases      ] GC(715) Adjust Roots 2.506ms
[149.823s][info][gc,phases,start] GC(715) Compaction Phase
[149.980s][info][gc,phases      ] GC(715) Compaction Phase 157.089ms
[149.980s][info][gc,phases,start] GC(715) Post Compact
[149.982s][info][gc,phases      ] GC(715) Post Compact 1.498ms
[149.982s][info][gc,heap        ] GC(715) PSYoungGen: 167520K(232960K)->0K(232960K) Eden: 116736K(116736K)->0K(116736K) From: 50784K(116224K)->0K(116224K)
[149.982s][info][gc,heap        ] GC(715) ParOldGen: 637551K(699392K)->292707K(699392K)
[149.982s][info][gc,metaspace   ] GC(715) Metaspace: 16516K(16832K)->16516K(16832K) NonClass: 14185K(14336K)->14185K(14336K) Class: 2331K(2496K)->2331K(2496K)
[149.982s][info][gc             ] GC(715) Pause Full (Ergonomics) 786M->285M(910M) 233.128ms
[149.982s][info][gc,cpu         ] GC(715) User=1.28s Sys=0.00s Real=0.24s
[150.040s][info][gc,start       ] GC(716) Pause Young (Allocation Failure)
[150.064s][info][gc,heap        ] GC(716) PSYoungGen: 116736K(232960K)->50944K(232960K) Eden: 116736K(116736K)->0K(116736K) From: 0K(116224K)->50944K(116224K)
[150.064s][info][gc,heap        ] GC(716) ParOldGen: 292707K(699392K)->292707K(699392K)
[150.064s][info][gc,metaspace   ] GC(716) Metaspace: 16516K(16832K)->16516K(16832K) NonClass: 14185K(14336K)->14185K(14336K) Class: 2331K(2496K)->2331K(2496K)
[150.064s][info][gc             ] GC(716) Pause Young (Allocation Failure) 399M->335M(910M) 23.726ms
[150.064s][info][gc,cpu         ] GC(716) User=0.06s Sys=0.00s Real=0.02s
[150.124s][info][gc,start       ] GC(717) Pause Young (Allocation Failure)
[150.168s][info][gc,heap        ] GC(717) PSYoungGen: 167680K(232960K)->51040K(232960K) Eden: 116736K(116736K)->0K(116736K) From: 50944K(116224K)->51040K(116224K)
[150.168s][info][gc,heap        ] GC(717) ParOldGen: 292707K(699392K)->340747K(699392K)
[150.168s][info][gc,metaspace   ] GC(717) Metaspace: 16516K(16832K)->16516K(16832K) NonClass: 14185K(14336K)->14185K(14336K) Class: 2331K(2496K)->2331K(2496K)
[150.168s][info][gc             ] GC(717) Pause Young (Allocation Failure) 449M->382M(910M) 44.221ms
[150.168s][info][gc,cpu         ] GC(717) User=0.17s Sys=0.00s Real=0.05s
[150.256s][info][gc,start       ] GC(718) Pause Young (Allocation Failure)
[150.316s][info][gc,heap        ] GC(718) PSYoungGen: 167776K(232960K)->73258K(232960K) Eden: 116736K(116736K)->0K(116736K) From: 51040K(116224K)->73258K(116224K)
[150.316s][info][gc,heap        ] GC(718) ParOldGen: 340747K(699392K)->388899K(699392K)
[150.316s][info][gc,metaspace   ] GC(718) Metaspace: 16516K(16832K)->16516K(16832K) NonClass: 14185K(14336K)->14185K(14336K) Class: 2331K(2496K)->2331K(2496K)
[150.316s][info][gc             ] GC(718) Pause Young (Allocation Failure) 496M->451M(910M) 60.503ms
[150.316s][info][gc,cpu         ] GC(718) User=0.30s Sys=0.00s Real=0.06s
[150.634s][info][gc,start       ] GC(719) Pause Young (Allocation Failure)
[150.715s][info][gc,heap        ] GC(719) PSYoungGen: 189994K(232960K)->32768K(232960K) Eden: 116736K(116736K)->0K(116736K) From: 73258K(116224K)->32768K(116224K)
[150.715s][info][gc,heap        ] GC(719) ParOldGen: 388899K(699392K)->440021K(699392K)
[150.715s][info][gc,metaspace   ] GC(719) Metaspace: 16516K(16832K)->16516K(16832K) NonClass: 14185K(14336K)->14185K(14336K) Class: 2331K(2496K)->2331K(2496K)
[150.715s][info][gc             ] GC(719) Pause Young (Allocation Failure) 565M->461M(910M) 80.317ms
[150.715s][info][gc,cpu         ] GC(719) User=0.39s Sys=0.00s Real=0.08s
[150.855s][info][gc,start       ] GC(720) Pause Young (Allocation Failure)
[150.890s][info][gc,heap        ] GC(720) PSYoungGen: 149504K(232960K)->3808K(232960K) Eden: 116736K(116736K)->0K(116736K) From: 32768K(116224K)->3808K(116224K)
[150.890s][info][gc,heap        ] GC(720) ParOldGen: 440021K(699392K)->469445K(699392K)
[150.890s][info][gc,metaspace   ] GC(720) Metaspace: 16516K(16832K)->16516K(16832K) NonClass: 14185K(14336K)->14185K(14336K) Class: 2331K(2496K)->2331K(2496K)
[150.890s][info][gc             ] GC(720) Pause Young (Allocation Failure) 575M->462M(910M) 34.704ms
[150.890s][info][gc,cpu         ] GC(720) User=0.17s Sys=0.00s Real=0.05s
[151.025s][info][gc,start       ] GC(721) Pause Young (Allocation Failure)
[151.028s][info][gc,heap        ] GC(721) PSYoungGen: 120544K(232960K)->3040K(232960K) Eden: 116736K(116736K)->0K(116736K) From: 3808K(116224K)->3040K(116224K)
[151.028s][info][gc,heap        ] GC(721) ParOldGen: 469445K(699392K)->469757K(699392K)
[151.028s][info][gc,metaspace   ] GC(721) Metaspace: 16516K(16832K)->16516K(16832K) NonClass: 14185K(14336K)->14185K(14336K) Class: 2331K(2496K)->2331K(2496K)
[151.028s][info][gc             ] GC(721) Pause Young (Allocation Failure) 576M->461M(910M) 2.908ms
[151.028s][info][gc,cpu         ] GC(721) User=0.00s Sys=0.00s Real=0.00s
[151.154s][info][gc,start       ] GC(722) Pause Young (Allocation Failure)
[151.156s][info][gc,heap        ] GC(722) PSYoungGen: 119776K(232960K)->2240K(232960K) Eden: 116736K(116736K)->0K(116736K) From: 3040K(116224K)->2240K(116224K)
[151.157s][info][gc,heap        ] GC(722) ParOldGen: 469757K(699392K)->469869K(699392K)
[151.157s][info][gc,metaspace   ] GC(722) Metaspace: 16516K(16832K)->16516K(16832K) NonClass: 14185K(14336K)->14185K(14336K) Class: 2331K(2496K)->2331K(2496K)
[151.157s][info][gc             ] GC(722) Pause Young (Allocation Failure) 575M->461M(910M) 2.720ms
[151.157s][info][gc,cpu         ] GC(722) User=0.00s Sys=0.00s Real=0.02s
[151.434s][info][gc,start       ] GC(723) Pause Young (Allocation Failure)
[151.436s][info][gc,heap        ] GC(723) PSYoungGen: 118976K(232960K)->2144K(232960K) Eden: 116736K(116736K)->0K(116736K) From: 2240K(116224K)->2144K(116224K)
[151.436s][info][gc,heap        ] GC(723) ParOldGen: 469869K(699392K)->469869K(699392K)
[151.436s][info][gc,metaspace   ] GC(723) Metaspace: 16516K(16832K)->16516K(16832K) NonClass: 14185K(14336K)->14185K(14336K) Class: 2331K(2496K)->2331K(2496K)
[151.436s][info][gc             ] GC(723) Pause Young (Allocation Failure) 575M->460M(910M) 1.638ms
[151.436s][info][gc,cpu         ] GC(723) User=0.00s Sys=0.00s Real=0.00s
[151.970s][info][gc,start       ] GC(724) Pause Young (System.gc())
[151.971s][info][gc,heap        ] GC(724) PSYoungGen: 78080K(232960K)->96K(232960K) Eden: 75936K(116736K)->0K(116736K) From: 2144K(116224K)->96K(116224K)
[151.971s][info][gc,heap        ] GC(724) ParOldGen: 469869K(699392K)->469917K(699392K)
[151.971s][info][gc,metaspace   ] GC(724) Metaspace: 16516K(16832K)->16516K(16832K) NonClass: 14185K(14336K)->14185K(14336K) Class: 2331K(2496K)->2331K(2496K)
[151.971s][info][gc             ] GC(724) Pause Young (System.gc()) 535M->458M(910M) 0.719ms
[151.971s][info][gc,cpu         ] GC(724) User=0.00s Sys=0.00s Real=0.00s
[151.971s][info][gc,start       ] GC(725) Pause Full (System.gc())
[151.971s][info][gc,phases,start] GC(725) Marking Phase
[151.975s][info][gc,phases      ] GC(725) Marking Phase 4.542ms
[151.975s][info][gc,phases,start] GC(725) Summary Phase
[151.975s][info][gc,phases      ] GC(725) Summary Phase 0.014ms
[151.975s][info][gc,phases,start] GC(725) Adjust Roots
[151.978s][info][gc,phases      ] GC(725) Adjust Roots 2.897ms
[151.978s][info][gc,phases,start] GC(725) Compaction Phase
[151.980s][info][gc,phases      ] GC(725) Compaction Phase 1.538ms
[151.980s][info][gc,phases,start] GC(725) Post Compact
[151.982s][info][gc,phases      ] GC(725) Post Compact 1.984ms
[151.982s][info][gc,heap        ] GC(725) PSYoungGen: 96K(232960K)->0K(232960K) Eden: 0K(116736K)->0K(116736K) From: 96K(116224K)->0K(116224K)
[151.982s][info][gc,heap        ] GC(725) ParOldGen: 469917K(699392K)->5547K(699392K)
[151.982s][info][gc,metaspace   ] GC(725) Metaspace: 16516K(16832K)->16516K(16832K) NonClass: 14185K(14336K)->14185K(14336K) Class: 2331K(2496K)->2331K(2496K)
[151.982s][info][gc             ] GC(725) Pause Full (System.gc()) 458M->5M(910M) 11.216ms
[151.982s][info][gc,cpu         ] GC(725) User=0.00s Sys=0.00s Real=0.02s
[153.255s][info][gc,start       ] GC(726) Pause Young (Allocation Failure)
[153.255s][info][gc,heap        ] GC(726) PSYoungGen: 116736K(232960K)->384K(232960K) Eden: 116736K(116736K)->0K(116736K) From: 0K(116224K)->384K(116224K)
[153.255s][info][gc,heap        ] GC(726) ParOldGen: 5547K(699392K)->5547K(699392K)
[153.255s][info][gc,metaspace   ] GC(726) Metaspace: 16517K(16832K)->16517K(16832K) NonClass: 14186K(14336K)->14186K(14336K) Class: 2331K(2496K)->2331K(2496K)
[153.255s][info][gc             ] GC(726) Pause Young (Allocation Failure) 119M->5M(910M) 0.529ms
[153.255s][info][gc,cpu         ] GC(726) User=0.00s Sys=0.00s Real=0.00s
[153.274s][info][gc,start       ] GC(727) Pause Young (Allocation Failure)
[153.275s][info][gc,heap        ] GC(727) PSYoungGen: 117120K(232960K)->256K(232960K) Eden: 116736K(116736K)->0K(116736K) From: 384K(116224K)->256K(116224K)
[153.275s][info][gc,heap        ] GC(727) ParOldGen: 5547K(699392K)->5659K(699392K)
[153.275s][info][gc,metaspace   ] GC(727) Metaspace: 16517K(16832K)->16517K(16832K) NonClass: 14186K(14336K)->14186K(14336K) Class: 2331K(2496K)->2331K(2496K)
[153.275s][info][gc             ] GC(727) Pause Young (Allocation Failure) 119M->5M(910M) 0.612ms
[153.275s][info][gc,cpu         ] GC(727) User=0.00s Sys=0.00s Real=0.00s
[153.293s][info][gc,start       ] GC(728) Pause Young (Allocation Failure)
[153.294s][info][gc,heap        ] GC(728) PSYoungGen: 116992K(232960K)->256K(232960K) Eden: 116736K(116736K)->0K(116736K) From: 256K(116224K)->256K(116224K)
[153.294s][info][gc,heap        ] GC(728) ParOldGen: 5659K(699392K)->5699K(699392K)
[153.294s][info][gc,metaspace   ] GC(728) Metaspace: 16517K(16832K)->16517K(16832K) NonClass: 14186K(14336K)->14186K(14336K) Class: 2331K(2496K)->2331K(2496K)
[153.294s][info][gc             ] GC(728) Pause Young (Allocation Failure) 119M->5M(910M) 0.485ms
[153.294s][info][gc,cpu         ] GC(728) User=0.00s Sys=0.00s Real=0.00s
[153.314s][info][gc,start       ] GC(729) Pause Young (Allocation Failure)
[153.314s][info][gc,heap        ] GC(729) PSYoungGen: 116992K(232960K)->288K(232960K) Eden: 116736K(116736K)->0K(116736K) From: 256K(116224K)->288K(116224K)
[153.314s][info][gc,heap        ] GC(729) ParOldGen: 5699K(699392K)->5747K(699392K)
[153.314s][info][gc,metaspace   ] GC(729) Metaspace: 16517K(16832K)->16517K(16832K) NonClass: 14186K(14336K)->14186K(14336K) Class: 2331K(2496K)->2331K(2496K)
[153.314s][info][gc             ] GC(729) Pause Young (Allocation Failure) 119M->5M(910M) 0.480ms
[153.314s][info][gc,cpu         ] GC(729) User=0.00s Sys=0.00s Real=0.00s
[153.332s][info][gc,start       ] GC(730) Pause Young (Allocation Failure)
[153.332s][info][gc,heap        ] GC(730) PSYoungGen: 117024K(232960K)->192K(232960K) Eden: 116736K(116736K)->0K(116736K) From: 288K(116224K)->192K(116224K)
[153.332s][info][gc,heap        ] GC(730) ParOldGen: 5747K(699392K)->5795K(699392K)
[153.332s][info][gc,metaspace   ] GC(730) Metaspace: 16517K(16832K)->16517K(16832K) NonClass: 14186K(14336K)->14186K(14336K) Class: 2331K(2496K)->2331K(2496K)
[153.332s][info][gc             ] GC(730) Pause Young (Allocation Failure) 119M->5M(910M) 0.432ms
[153.332s][info][gc,cpu         ] GC(730) User=0.00s Sys=0.00s Real=0.00s
[153.350s][info][gc,start       ] GC(731) Pause Young (Allocation Failure)
[153.351s][info][gc,heap        ] GC(731) PSYoungGen: 116928K(232960K)->352K(232960K) Eden: 116736K(116736K)->0K(116736K) From: 192K(116224K)->352K(116224K)
[153.351s][info][gc,heap        ] GC(731) ParOldGen: 5795K(699392K)->5835K(699392K)
[153.351s][info][gc,metaspace   ] GC(731) Metaspace: 16517K(16832K)->16517K(16832K) NonClass: 14186K(14336K)->14186K(14336K) Class: 2331K(2496K)->2331K(2496K)
[153.351s][info][gc             ] GC(731) Pause Young (Allocation Failure) 119M->6M(910M) 0.490ms
[153.351s][info][gc,cpu         ] GC(731) User=0.00s Sys=0.00s Real=0.00s
[153.372s][info][gc,start       ] GC(732) Pause Young (Allocation Failure)
[153.372s][info][gc,heap        ] GC(732) PSYoungGen: 117088K(232960K)->256K(232960K) Eden: 116736K(116736K)->0K(116736K) From: 352K(116224K)->256K(116224K)
[153.372s][info][gc,heap        ] GC(732) ParOldGen: 5835K(699392K)->5899K(699392K)
[153.372s][info][gc,metaspace   ] GC(732) Metaspace: 16517K(16832K)->16517K(16832K) NonClass: 14186K(14336K)->14186K(14336K) Class: 2331K(2496K)->2331K(2496K)
[153.372s][info][gc             ] GC(732) Pause Young (Allocation Failure) 120M->6M(910M) 0.442ms
[153.372s][info][gc,cpu         ] GC(732) User=0.00s Sys=0.00s Real=0.00s
[153.391s][info][gc,start       ] GC(733) Pause Young (Allocation Failure)
[153.391s][info][gc,heap        ] GC(733) PSYoungGen: 116992K(232960K)->288K(232960K) Eden: 116736K(116736K)->0K(116736K) From: 256K(116224K)->288K(116224K)
[153.391s][info][gc,heap        ] GC(733) ParOldGen: 5899K(699392K)->5931K(699392K)
[153.391s][info][gc,metaspace   ] GC(733) Metaspace: 16517K(16832K)->16517K(16832K) NonClass: 14186K(14336K)->14186K(14336K) Class: 2331K(2496K)->2331K(2496K)
[153.391s][info][gc             ] GC(733) Pause Young (Allocation Failure) 120M->6M(910M) 0.522ms
[153.391s][info][gc,cpu         ] GC(733) User=0.00s Sys=0.00s Real=0.00s
[153.410s][info][gc,start       ] GC(734) Pause Young (Allocation Failure)
[153.411s][info][gc,heap        ] GC(734) PSYoungGen: 117024K(232960K)->288K(232960K) Eden: 116736K(116736K)->0K(116736K) From: 288K(116224K)->288K(116224K)
[153.411s][info][gc,heap        ] GC(734) ParOldGen: 5931K(699392K)->5963K(699392K)
[153.411s][info][gc,metaspace   ] GC(734) Metaspace: 16517K(16832K)->16517K(16832K) NonClass: 14186K(14336K)->14186K(14336K) Class: 2331K(2496K)->2331K(2496K)
[153.411s][info][gc             ] GC(734) Pause Young (Allocation Failure) 120M->6M(910M) 0.402ms
[153.411s][info][gc,cpu         ] GC(734) User=0.00s Sys=0.00s Real=0.00s
[153.429s][info][gc,start       ] GC(735) Pause Young (Allocation Failure)
[153.429s][info][gc,heap        ] GC(735) PSYoungGen: 117024K(232960K)->288K(232960K) Eden: 116736K(116736K)->0K(116736K) From: 288K(116224K)->288K(116224K)
[153.429s][info][gc,heap        ] GC(735) ParOldGen: 5963K(699392K)->6011K(699392K)
[153.430s][info][gc,metaspace   ] GC(735) Metaspace: 16517K(16832K)->16517K(16832K) NonClass: 14186K(14336K)->14186K(14336K) Class: 2331K(2496K)->2331K(2496K)
[153.430s][info][gc             ] GC(735) Pause Young (Allocation Failure) 120M->6M(910M) 0.417ms
[153.430s][info][gc,cpu         ] GC(735) User=0.00s Sys=0.00s Real=0.00s
[153.448s][info][gc,start       ] GC(736) Pause Young (Allocation Failure)
[153.448s][info][gc,heap        ] GC(736) PSYoungGen: 117024K(232960K)->224K(238592K) Eden: 116736K(116736K)->0K(122368K) From: 288K(116224K)->224K(116224K)
[153.448s][info][gc,heap        ] GC(736) ParOldGen: 6011K(699392K)->6035K(699392K)
[153.448s][info][gc,metaspace   ] GC(736) Metaspace: 16517K(16832K)->16517K(16832K) NonClass: 14186K(14336K)->14186K(14336K) Class: 2331K(2496K)->2331K(2496K)
[153.448s][info][gc             ] GC(736) Pause Young (Allocation Failure) 120M->6M(916M) 0.428ms
[153.448s][info][gc,cpu         ] GC(736) User=0.00s Sys=0.00s Real=0.00s
[153.468s][info][gc,start       ] GC(737) Pause Young (Allocation Failure)
[153.468s][info][gc,heap        ] GC(737) PSYoungGen: 122592K(238592K)->352K(232960K) Eden: 122368K(122368K)->0K(122368K) From: 224K(116224K)->352K(110592K)
[153.468s][info][gc,heap        ] GC(737) ParOldGen: 6035K(699392K)->6035K(699392K)
[153.468s][info][gc,metaspace   ] GC(737) Metaspace: 16517K(16832K)->16517K(16832K) NonClass: 14186K(14336K)->14186K(14336K) Class: 2331K(2496K)->2331K(2496K)
[153.468s][info][gc             ] GC(737) Pause Young (Allocation Failure) 125M->6M(910M) 0.433ms
[153.468s][info][gc,cpu         ] GC(737) User=0.00s Sys=0.00s Real=0.00s
[153.488s][info][gc,start       ] GC(738) Pause Young (Allocation Failure)
[153.488s][info][gc,heap        ] GC(738) PSYoungGen: 122720K(232960K)->384K(252416K) Eden: 122368K(122368K)->0K(148992K) From: 352K(110592K)->384K(103424K)
[153.488s][info][gc,heap        ] GC(738) ParOldGen: 6035K(699392K)->6035K(699392K)
[153.488s][info][gc,metaspace   ] GC(738) Metaspace: 16517K(16832K)->16517K(16832K) NonClass: 14186K(14336K)->14186K(14336K) Class: 2331K(2496K)->2331K(2496K)
[153.488s][info][gc             ] GC(738) Pause Young (Allocation Failure) 125M->6M(929M) 0.492ms
[153.488s][info][gc,cpu         ] GC(738) User=0.00s Sys=0.00s Real=0.00s
[153.513s][info][gc,start       ] GC(739) Pause Young (Allocation Failure)
[153.513s][info][gc,heap        ] GC(739) PSYoungGen: 149376K(252416K)->352K(245760K) Eden: 148992K(148992K)->0K(148992K) From: 384K(103424K)->352K(96768K)
[153.513s][info][gc,heap        ] GC(739) ParOldGen: 6035K(699392K)->6035K(699392K)
[153.513s][info][gc,metaspace   ] GC(739) Metaspace: 16517K(16832K)->16517K(16832K) NonClass: 14186K(14336K)->14186K(14336K) Class: 2331K(2496K)->2331K(2496K)
[153.513s][info][gc             ] GC(739) Pause Young (Allocation Failure) 151M->6M(923M) 0.442ms
[153.513s][info][gc,cpu         ] GC(739) User=0.00s Sys=0.00s Real=0.00s
[153.537s][info][gc,start       ] GC(740) Pause Young (Allocation Failure)
[153.538s][info][gc,heap        ] GC(740) PSYoungGen: 149344K(245760K)->384K(264704K) Eden: 148992K(148992K)->0K(174080K) From: 352K(96768K)->384K(90624K)
[153.538s][info][gc,heap        ] GC(740) ParOldGen: 6035K(699392K)->6035K(699392K)
[153.538s][info][gc,metaspace   ] GC(740) Metaspace: 16517K(16832K)->16517K(16832K) NonClass: 14186K(14336K)->14186K(14336K) Class: 2331K(2496K)->2331K(2496K)
[153.538s][info][gc             ] GC(740) Pause Young (Allocation Failure) 151M->6M(941M) 0.458ms
[153.538s][info][gc,cpu         ] GC(740) User=0.00s Sys=0.00s Real=0.00s
[153.565s][info][gc,start       ] GC(741) Pause Young (Allocation Failure)
[153.566s][info][gc,heap        ] GC(741) PSYoungGen: 174464K(264704K)->384K(258560K) Eden: 174080K(174080K)->0K(174080K) From: 384K(90624K)->384K(84480K)
[153.566s][info][gc,heap        ] GC(741) ParOldGen: 6035K(699392K)->6035K(699392K)
[153.566s][info][gc,metaspace   ] GC(741) Metaspace: 16517K(16832K)->16517K(16832K) NonClass: 14186K(14336K)->14186K(14336K) Class: 2331K(2496K)->2331K(2496K)
[153.566s][info][gc             ] GC(741) Pause Young (Allocation Failure) 176M->6M(935M) 0.482ms
[153.566s][info][gc,cpu         ] GC(741) User=0.00s Sys=0.00s Real=0.00s
[153.593s][info][gc,start       ] GC(742) Pause Young (Allocation Failure)
[153.593s][info][gc,heap        ] GC(742) PSYoungGen: 174464K(258560K)->352K(275968K) Eden: 174080K(174080K)->0K(197632K) From: 384K(84480K)->352K(78336K)
[153.593s][info][gc,heap        ] GC(742) ParOldGen: 6035K(699392K)->6035K(699392K)
[153.593s][info][gc,metaspace   ] GC(742) Metaspace: 16517K(16832K)->16517K(16832K) NonClass: 14186K(14336K)->14186K(14336K) Class: 2331K(2496K)->2331K(2496K)
[153.593s][info][gc             ] GC(742) Pause Young (Allocation Failure) 176M->6M(952M) 0.491ms
[153.593s][info][gc,cpu         ] GC(742) User=0.00s Sys=0.00s Real=0.00s
[153.625s][info][gc,start       ] GC(743) Pause Young (Allocation Failure)
[153.626s][info][gc,heap        ] GC(743) PSYoungGen: 197984K(275968K)->384K(270848K) Eden: 197632K(197632K)->0K(197632K) From: 352K(78336K)->384K(73216K)
[153.626s][info][gc,heap        ] GC(743) ParOldGen: 6035K(699392K)->6035K(699392K)
[153.626s][info][gc,metaspace   ] GC(743) Metaspace: 16517K(16832K)->16517K(16832K) NonClass: 14186K(14336K)->14186K(14336K) Class: 2331K(2496K)->2331K(2496K)
[153.626s][info][gc             ] GC(743) Pause Young (Allocation Failure) 199M->6M(947M) 0.510ms
[153.626s][info][gc,cpu         ] GC(743) User=0.00s Sys=0.00s Real=0.00s
[153.658s][info][gc,start       ] GC(744) Pause Young (Allocation Failure)
[153.659s][info][gc,heap        ] GC(744) PSYoungGen: 198016K(270848K)->384K(286208K) Eden: 197632K(197632K)->0K(218112K) From: 384K(73216K)->384K(68096K)
[153.659s][info][gc,heap        ] GC(744) ParOldGen: 6035K(699392K)->6035K(699392K)
[153.659s][info][gc,metaspace   ] GC(744) Metaspace: 16517K(16832K)->16517K(16832K) NonClass: 14186K(14336K)->14186K(14336K) Class: 2331K(2496K)->2331K(2496K)
[153.659s][info][gc             ] GC(744) Pause Young (Allocation Failure) 199M->6M(962M) 0.476ms
[153.659s][info][gc,cpu         ] GC(744) User=0.00s Sys=0.00s Real=0.00s
[153.697s][info][gc,start       ] GC(745) Pause Young (Allocation Failure)
[153.697s][info][gc,heap        ] GC(745) PSYoungGen: 218496K(286208K)->352K(281088K) Eden: 218112K(218112K)->0K(218112K) From: 384K(68096K)->352K(62976K)
[153.697s][info][gc,heap        ] GC(745) ParOldGen: 6035K(699392K)->6035K(699392K)
[153.697s][info][gc,metaspace   ] GC(745) Metaspace: 16517K(16832K)->16517K(16832K) NonClass: 14186K(14336K)->14186K(14336K) Class: 2331K(2496K)->2331K(2496K)
[153.697s][info][gc             ] GC(745) Pause Young (Allocation Failure) 219M->6M(957M) 0.465ms
[153.697s][info][gc,cpu         ] GC(745) User=0.00s Sys=0.00s Real=0.00s
[153.768s][info][gc,start       ] GC(746) Pause Young (Allocation Failure)
[153.805s][info][gc,heap        ] GC(746) PSYoungGen: 218464K(281088K)->58339K(243712K) Eden: 218112K(218112K)->0K(185344K) From: 352K(62976K)->58339K(58368K)
[153.805s][info][gc,heap        ] GC(746) ParOldGen: 6035K(699392K)->31563K(699392K)
[153.806s][info][gc,metaspace   ] GC(746) Metaspace: 16517K(16832K)->16517K(16832K) NonClass: 14186K(14336K)->14186K(14336K) Class: 2331K(2496K)->2331K(2496K)
[153.806s][info][gc             ] GC(746) Pause Young (Allocation Failure) 219M->87M(921M) 37.508ms
[153.806s][info][gc,cpu         ] GC(746) User=0.03s Sys=0.00s Real=0.03s
[153.927s][info][gc,start       ] GC(747) Pause Young (Allocation Failure)
[154.018s][info][gc,heap        ] GC(747) PSYoungGen: 243683K(243712K)->81891K(267264K) Eden: 185344K(185344K)->0K(185344K) From: 58339K(58368K)->81891K(81920K)
[154.018s][info][gc,heap        ] GC(747) ParOldGen: 31563K(699392K)->132843K(699392K)
[154.019s][info][gc,metaspace   ] GC(747) Metaspace: 16517K(16832K)->16517K(16832K) NonClass: 14186K(14336K)->14186K(14336K) Class: 2331K(2496K)->2331K(2496K)
[154.019s][info][gc             ] GC(747) Pause Young (Allocation Failure) 268M->209M(944M) 91.778ms
[154.019s][info][gc,cpu         ] GC(747) User=0.48s Sys=0.00s Real=0.09s
[154.152s][info][gc,start       ] GC(748) Pause Young (Allocation Failure)
[154.263s][info][gc,heap        ] GC(748) PSYoungGen: 267235K(267264K)->81891K(198656K) Eden: 185344K(185344K)->0K(116736K) From: 81891K(81920K)->81891K(81920K)
[154.263s][info][gc,heap        ] GC(748) ParOldGen: 132843K(699392K)->260691K(699392K)
[154.263s][info][gc,metaspace   ] GC(748) Metaspace: 16517K(16832K)->16517K(16832K) NonClass: 14186K(14336K)->14186K(14336K) Class: 2331K(2496K)->2331K(2496K)
[154.263s][info][gc             ] GC(748) Pause Young (Allocation Failure) 390M->334M(877M) 111.684ms
[154.263s][info][gc,cpu         ] GC(748) User=0.64s Sys=0.00s Real=0.12s
[154.348s][info][gc,start       ] GC(749) Pause Young (Allocation Failure)
[154.443s][info][gc,heap        ] GC(749) PSYoungGen: 198627K(198656K)->116195K(232960K) Eden: 116736K(116736K)->0K(116736K) From: 81891K(81920K)->116195K(116224K)
[154.443s][info][gc,heap        ] GC(749) ParOldGen: 260691K(699392K)->307043K(699392K)
[154.443s][info][gc,metaspace   ] GC(749) Metaspace: 16517K(16832K)->16517K(16832K) NonClass: 14186K(14336K)->14186K(14336K) Class: 2331K(2496K)->2331K(2496K)
[154.443s][info][gc             ] GC(749) Pause Young (Allocation Failure) 448M->413M(910M) 94.980ms
[154.443s][info][gc,cpu         ] GC(749) User=0.41s Sys=0.00s Real=0.10s
[154.685s][info][gc,start       ] GC(750) Pause Young (Allocation Failure)
[154.769s][info][gc,heap        ] GC(750) PSYoungGen: 232931K(232960K)->116195K(232960K) Eden: 116736K(116736K)->0K(116736K) From: 116195K(116224K)->116195K(116224K)
[154.769s][info][gc,heap        ] GC(750) ParOldGen: 307043K(699392K)->331107K(699392K)
[154.769s][info][gc,metaspace   ] GC(750) Metaspace: 16517K(16832K)->16517K(16832K) NonClass: 14186K(14336K)->14186K(14336K) Class: 2331K(2496K)->2331K(2496K)
[154.769s][info][gc             ] GC(750) Pause Young (Allocation Failure) 527M->436M(910M) 83.572ms
[154.769s][info][gc,cpu         ] GC(750) User=0.41s Sys=0.00s Real=0.09s
[157.349s][info][gc,start       ] GC(751) Pause Young (Allocation Failure)
[157.433s][info][gc,heap        ] GC(751) PSYoungGen: 232931K(232960K)->116195K(232960K) Eden: 116736K(116736K)->0K(116736K) From: 116195K(116224K)->116195K(116224K)
[157.433s][info][gc,heap        ] GC(751) ParOldGen: 331107K(699392K)->375435K(699392K)
[157.433s][info][gc,metaspace   ] GC(751) Metaspace: 16517K(16832K)->16517K(16832K) NonClass: 14186K(14336K)->14186K(14336K) Class: 2331K(2496K)->2331K(2496K)
[157.433s][info][gc             ] GC(751) Pause Young (Allocation Failure) 550M->480M(910M) 84.260ms
[157.433s][info][gc,cpu         ] GC(751) User=0.44s Sys=0.00s Real=0.10s
[157.488s][info][gc,start       ] GC(752) Pause Young (Allocation Failure)
[157.573s][info][gc,heap        ] GC(752) PSYoungGen: 232931K(232960K)->116224K(232960K) Eden: 116736K(116736K)->0K(116736K) From: 116195K(116224K)->116224K(116224K)
[157.573s][info][gc,heap        ] GC(752) ParOldGen: 375435K(699392K)->425991K(699392K)
[157.573s][info][gc,metaspace   ] GC(752) Metaspace: 16517K(16832K)->16517K(16832K) NonClass: 14186K(14336K)->14186K(14336K) Class: 2331K(2496K)->2331K(2496K)
[157.574s][info][gc             ] GC(752) Pause Young (Allocation Failure) 594M->529M(910M) 85.346ms
[157.574s][info][gc,cpu         ] GC(752) User=0.52s Sys=0.00s Real=0.09s
[157.630s][info][gc,start       ] GC(753) Pause Young (Allocation Failure)
[157.704s][info][gc,heap        ] GC(753) PSYoungGen: 232960K(232960K)->116224K(232960K) Eden: 116736K(116736K)->0K(116736K) From: 116224K(116224K)->116224K(116224K)
[157.704s][info][gc,heap        ] GC(753) ParOldGen: 425991K(699392K)->475487K(699392K)
[157.704s][info][gc,metaspace   ] GC(753) Metaspace: 16517K(16832K)->16517K(16832K) NonClass: 14186K(14336K)->14186K(14336K) Class: 2331K(2496K)->2331K(2496K)
[157.704s][info][gc             ] GC(753) Pause Young (Allocation Failure) 643M->577M(910M) 74.183ms
[157.704s][info][gc,cpu         ] GC(753) User=0.41s Sys=0.00s Real=0.08s
[157.761s][info][gc,start       ] GC(754) Pause Young (Allocation Failure)
[157.836s][info][gc,heap        ] GC(754) PSYoungGen: 232960K(232960K)->116224K(232960K) Eden: 116736K(116736K)->0K(116736K) From: 116224K(116224K)->116224K(116224K)
[157.836s][info][gc,heap        ] GC(754) ParOldGen: 475487K(699392K)->525127K(699392K)
[157.836s][info][gc,metaspace   ] GC(754) Metaspace: 16517K(16832K)->16517K(16832K) NonClass: 14186K(14336K)->14186K(14336K) Class: 2331K(2496K)->2331K(2496K)
[157.836s][info][gc             ] GC(754) Pause Young (Allocation Failure) 691M->626M(910M) 75.210ms
[157.837s][info][gc,cpu         ] GC(754) User=0.38s Sys=0.00s Real=0.06s
[157.894s][info][gc,start       ] GC(755) Pause Young (Allocation Failure)
[157.966s][info][gc,heap        ] GC(755) PSYoungGen: 232960K(232960K)->89344K(232960K) Eden: 116736K(116736K)->0K(116736K) From: 116224K(116224K)->89344K(116224K)
[157.966s][info][gc,heap        ] GC(755) ParOldGen: 525127K(699392K)->602511K(699392K)
[157.966s][info][gc,metaspace   ] GC(755) Metaspace: 16517K(16832K)->16517K(16832K) NonClass: 14186K(14336K)->14186K(14336K) Class: 2331K(2496K)->2331K(2496K)
[157.966s][info][gc             ] GC(755) Pause Young (Allocation Failure) 740M->675M(910M) 72.139ms
[157.966s][info][gc,cpu         ] GC(755) User=0.45s Sys=0.00s Real=0.08s
[158.024s][info][gc,start       ] GC(756) Pause Full (Ergonomics)
[158.024s][info][gc,phases,start] GC(756) Marking Phase
[158.096s][info][gc,phases      ] GC(756) Marking Phase 72.142ms
[158.096s][info][gc,phases,start] GC(756) Summary Phase
[158.096s][info][gc,phases      ] GC(756) Summary Phase 0.021ms
[158.096s][info][gc,phases,start] GC(756) Adjust Roots
[158.099s][info][gc,phases      ] GC(756) Adjust Roots 2.791ms
[158.099s][info][gc,phases,start] GC(756) Compaction Phase
[158.257s][info][gc,phases      ] GC(756) Compaction Phase 157.745ms
[158.257s][info][gc,phases,start] GC(756) Post Compact
[158.259s][info][gc,phases      ] GC(756) Post Compact 1.777ms
[158.259s][info][gc,heap        ] GC(756) PSYoungGen: 206080K(232960K)->0K(232960K) Eden: 116736K(116736K)->0K(116736K) From: 89344K(116224K)->0K(116224K)
[158.259s][info][gc,heap        ] GC(756) ParOldGen: 602511K(699392K)->293133K(699392K)
[158.259s][info][gc,metaspace   ] GC(756) Metaspace: 16517K(16832K)->16517K(16832K) NonClass: 14186K(14336K)->14186K(14336K) Class: 2331K(2496K)->2331K(2496K)
[158.259s][info][gc             ] GC(756) Pause Full (Ergonomics) 789M->286M(910M) 234.774ms
[158.259s][info][gc,cpu         ] GC(756) User=1.38s Sys=0.00s Real=0.24s
[158.317s][info][gc,start       ] GC(757) Pause Young (Allocation Failure)
[158.341s][info][gc,heap        ] GC(757) PSYoungGen: 116736K(232960K)->50976K(232960K) Eden: 116736K(116736K)->0K(116736K) From: 0K(116224K)->50976K(116224K)
[158.341s][info][gc,heap        ] GC(757) ParOldGen: 293133K(699392K)->293133K(699392K)
[158.341s][info][gc,metaspace   ] GC(757) Metaspace: 16517K(16832K)->16517K(16832K) NonClass: 14186K(14336K)->14186K(14336K) Class: 2331K(2496K)->2331K(2496K)
[158.341s][info][gc             ] GC(757) Pause Young (Allocation Failure) 400M->336M(910M) 23.965ms
[158.341s][info][gc,cpu         ] GC(757) User=0.09s Sys=0.00s Real=0.03s
[158.401s][info][gc,start       ] GC(758) Pause Young (Allocation Failure)
[158.443s][info][gc,heap        ] GC(758) PSYoungGen: 167712K(232960K)->51040K(232960K) Eden: 116736K(116736K)->0K(116736K) From: 50976K(116224K)->51040K(116224K)
[158.443s][info][gc,heap        ] GC(758) ParOldGen: 293133K(699392K)->341165K(699392K)
[158.443s][info][gc,metaspace   ] GC(758) Metaspace: 16517K(16832K)->16517K(16832K) NonClass: 14186K(14336K)->14186K(14336K) Class: 2331K(2496K)->2331K(2496K)
[158.443s][info][gc             ] GC(758) Pause Young (Allocation Failure) 450M->383M(910M) 42.367ms
[158.443s][info][gc,cpu         ] GC(758) User=0.17s Sys=0.00s Real=0.05s
[158.531s][info][gc,start       ] GC(759) Pause Young (Allocation Failure)
[158.590s][info][gc,heap        ] GC(759) PSYoungGen: 167776K(232960K)->73546K(232960K) Eden: 116736K(116736K)->0K(116736K) From: 51040K(116224K)->73546K(116224K)
[158.590s][info][gc,heap        ] GC(759) ParOldGen: 341165K(699392K)->389317K(699392K)
[158.590s][info][gc,metaspace   ] GC(759) Metaspace: 16517K(16832K)->16517K(16832K) NonClass: 14186K(14336K)->14186K(14336K) Class: 2331K(2496K)->2331K(2496K)
[158.590s][info][gc             ] GC(759) Pause Young (Allocation Failure) 497M->452M(910M) 58.860ms
[158.590s][info][gc,cpu         ] GC(759) User=0.31s Sys=0.00s Real=0.06s
[158.908s][info][gc,start       ] GC(760) Pause Young (Allocation Failure)
[158.988s][info][gc,heap        ] GC(760) PSYoungGen: 190282K(232960K)->32032K(232960K) Eden: 116736K(116736K)->0K(116736K) From: 73546K(116224K)->32032K(116224K)
[158.988s][info][gc,heap        ] GC(760) ParOldGen: 389317K(699392K)->443584K(699392K)
[158.988s][info][gc,metaspace   ] GC(760) Metaspace: 16517K(16832K)->16517K(16832K) NonClass: 14186K(14336K)->14186K(14336K) Class: 2331K(2496K)->2331K(2496K)
[158.988s][info][gc             ] GC(760) Pause Young (Allocation Failure) 566M->464M(910M) 79.514ms
[158.988s][info][gc,cpu         ] GC(760) User=0.31s Sys=0.00s Real=0.09s
[159.129s][info][gc,start       ] GC(761) Pause Young (Allocation Failure)
[159.162s][info][gc,heap        ] GC(761) PSYoungGen: 148768K(232960K)->3808K(232960K) Eden: 116736K(116736K)->0K(116736K) From: 32032K(116224K)->3808K(116224K)
[159.162s][info][gc,heap        ] GC(761) ParOldGen: 443584K(699392K)->472272K(699392K)
[159.162s][info][gc,metaspace   ] GC(761) Metaspace: 16517K(16832K)->16517K(16832K) NonClass: 14186K(14336K)->14186K(14336K) Class: 2331K(2496K)->2331K(2496K)
[159.162s][info][gc             ] GC(761) Pause Young (Allocation Failure) 578M->464M(910M) 32.396ms
[159.162s][info][gc,cpu         ] GC(761) User=0.16s Sys=0.00s Real=0.03s
[159.301s][info][gc,start       ] GC(762) Pause Young (Allocation Failure)
[159.303s][info][gc,heap        ] GC(762) PSYoungGen: 120544K(232960K)->3072K(232960K) Eden: 116736K(116736K)->0K(116736K) From: 3808K(116224K)->3072K(116224K)
[159.303s][info][gc,heap        ] GC(762) ParOldGen: 472272K(699392K)->472584K(699392K)
[159.303s][info][gc,metaspace   ] GC(762) Metaspace: 16517K(16832K)->16517K(16832K) NonClass: 14186K(14336K)->14186K(14336K) Class: 2331K(2496K)->2331K(2496K)
[159.303s][info][gc             ] GC(762) Pause Young (Allocation Failure) 578M->464M(910M) 2.939ms
[159.304s][info][gc,cpu         ] GC(762) User=0.00s Sys=0.00s Real=0.00s
[159.428s][info][gc,start       ] GC(763) Pause Young (Allocation Failure)
[159.431s][info][gc,heap        ] GC(763) PSYoungGen: 119808K(232960K)->2240K(232960K) Eden: 116736K(116736K)->0K(116736K) From: 3072K(116224K)->2240K(116224K)
[159.431s][info][gc,heap        ] GC(763) ParOldGen: 472584K(699392K)->472680K(699392K)
[159.431s][info][gc,metaspace   ] GC(763) Metaspace: 16517K(16832K)->16517K(16832K) NonClass: 14186K(14336K)->14186K(14336K) Class: 2331K(2496K)->2331K(2496K)
[159.431s][info][gc             ] GC(763) Pause Young (Allocation Failure) 578M->463M(910M) 2.453ms
[159.431s][info][gc,cpu         ] GC(763) User=0.00s Sys=0.00s Real=0.00s
[159.731s][info][gc,start       ] GC(764) Pause Young (Allocation Failure)
[159.733s][info][gc,heap        ] GC(764) PSYoungGen: 118976K(232960K)->2208K(232960K) Eden: 116736K(116736K)->0K(116736K) From: 2240K(116224K)->2208K(116224K)
[159.733s][info][gc,heap        ] GC(764) ParOldGen: 472680K(699392K)->472680K(699392K)
[159.733s][info][gc,metaspace   ] GC(764) Metaspace: 16517K(16832K)->16517K(16832K) NonClass: 14186K(14336K)->14186K(14336K) Class: 2331K(2496K)->2331K(2496K)
[159.733s][info][gc             ] GC(764) Pause Young (Allocation Failure) 577M->463M(910M) 1.847ms
[159.733s][info][gc,cpu         ] GC(764) User=0.02s Sys=0.00s Real=0.02s
[160.252s][info][gc,start       ] GC(765) Pause Young (System.gc())
[160.252s][info][gc,heap        ] GC(765) PSYoungGen: 75356K(232960K)->64K(232960K) Eden: 73148K(116736K)->0K(116736K) From: 2208K(116224K)->64K(116224K)
[160.252s][info][gc,heap        ] GC(765) ParOldGen: 472680K(699392K)->472712K(699392K)
[160.252s][info][gc,metaspace   ] GC(765) Metaspace: 16535K(16896K)->16535K(16896K) NonClass: 14204K(14400K)->14204K(14400K) Class: 2331K(2496K)->2331K(2496K)
[160.252s][info][gc             ] GC(765) Pause Young (System.gc()) 535M->461M(910M) 0.862ms
[160.252s][info][gc,cpu         ] GC(765) User=0.00s Sys=0.00s Real=0.00s
[160.253s][info][gc,start       ] GC(766) Pause Full (System.gc())
[160.253s][info][gc,phases,start] GC(766) Marking Phase
[160.257s][info][gc,phases      ] GC(766) Marking Phase 4.422ms
[160.257s][info][gc,phases,start] GC(766) Summary Phase
[160.257s][info][gc,phases      ] GC(766) Summary Phase 0.010ms
[160.257s][info][gc,phases,start] GC(766) Adjust Roots
[160.259s][info][gc,phases      ] GC(766) Adjust Roots 2.241ms
[160.259s][info][gc,phases,start] GC(766) Compaction Phase
[160.261s][info][gc,phases      ] GC(766) Compaction Phase 1.913ms
[160.261s][info][gc,phases,start] GC(766) Post Compact
[160.263s][info][gc,phases      ] GC(766) Post Compact 1.726ms
[160.263s][info][gc,heap        ] GC(766) PSYoungGen: 64K(232960K)->0K(232960K) Eden: 0K(116736K)->0K(116736K) From: 64K(116224K)->0K(116224K)
[160.263s][info][gc,heap        ] GC(766) ParOldGen: 472712K(699392K)->5547K(699392K)
[160.263s][info][gc,metaspace   ] GC(766) Metaspace: 16535K(16896K)->16535K(16896K) NonClass: 14204K(14400K)->14204K(14400K) Class: 2331K(2496K)->2331K(2496K)
[160.263s][info][gc             ] GC(766) Pause Full (System.gc()) 461M->5M(910M) 10.601ms
[160.263s][info][gc,cpu         ] GC(766) User=0.00s Sys=0.00s Real=0.00s
[161.569s][info][gc,start       ] GC(767) Pause Young (Allocation Failure)
[161.570s][info][gc,heap        ] GC(767) PSYoungGen: 116736K(232960K)->384K(232960K) Eden: 116736K(116736K)->0K(116736K) From: 0K(116224K)->384K(116224K)
[161.570s][info][gc,heap        ] GC(767) ParOldGen: 5547K(699392K)->5547K(699392K)
[161.570s][info][gc,metaspace   ] GC(767) Metaspace: 16539K(16896K)->16539K(16896K) NonClass: 14207K(14400K)->14207K(14400K) Class: 2331K(2496K)->2331K(2496K)
[161.570s][info][gc             ] GC(767) Pause Young (Allocation Failure) 119M->5M(910M) 0.517ms
[161.570s][info][gc,cpu         ] GC(767) User=0.00s Sys=0.00s Real=0.00s
[161.589s][info][gc,start       ] GC(768) Pause Young (Allocation Failure)
[161.589s][info][gc,heap        ] GC(768) PSYoungGen: 117120K(232960K)->224K(232960K) Eden: 116736K(116736K)->0K(116736K) From: 384K(116224K)->224K(116224K)
[161.589s][info][gc,heap        ] GC(768) ParOldGen: 5547K(699392K)->5635K(699392K)
[161.589s][info][gc,metaspace   ] GC(768) Metaspace: 16539K(16896K)->16539K(16896K) NonClass: 14207K(14400K)->14207K(14400K) Class: 2331K(2496K)->2331K(2496K)
[161.589s][info][gc             ] GC(768) Pause Young (Allocation Failure) 119M->5M(910M) 0.433ms
[161.589s][info][gc,cpu         ] GC(768) User=0.00s Sys=0.00s Real=0.00s
[161.608s][info][gc,start       ] GC(769) Pause Young (Allocation Failure)
[161.608s][info][gc,heap        ] GC(769) PSYoungGen: 116960K(232960K)->224K(232960K) Eden: 116736K(116736K)->0K(116736K) From: 224K(116224K)->224K(116224K)
[161.608s][info][gc,heap        ] GC(769) ParOldGen: 5635K(699392K)->5675K(699392K)
[161.608s][info][gc,metaspace   ] GC(769) Metaspace: 16539K(16896K)->16539K(16896K) NonClass: 14207K(14400K)->14207K(14400K) Class: 2331K(2496K)->2331K(2496K)
[161.608s][info][gc             ] GC(769) Pause Young (Allocation Failure) 119M->5M(910M) 0.466ms
[161.608s][info][gc,cpu         ] GC(769) User=0.00s Sys=0.00s Real=0.00s
[161.627s][info][gc,start       ] GC(770) Pause Young (Allocation Failure)
[161.627s][info][gc,heap        ] GC(770) PSYoungGen: 116960K(232960K)->224K(232960K) Eden: 116736K(116736K)->0K(116736K) From: 224K(116224K)->224K(116224K)
[161.627s][info][gc,heap        ] GC(770) ParOldGen: 5675K(699392K)->5723K(699392K)
[161.627s][info][gc,metaspace   ] GC(770) Metaspace: 16539K(16896K)->16539K(16896K) NonClass: 14207K(14400K)->14207K(14400K) Class: 2331K(2496K)->2331K(2496K)
[161.627s][info][gc             ] GC(770) Pause Young (Allocation Failure) 119M->5M(910M) 0.455ms
[161.627s][info][gc,cpu         ] GC(770) User=0.00s Sys=0.00s Real=0.00s
[161.646s][info][gc,start       ] GC(771) Pause Young (Allocation Failure)
[161.646s][info][gc,heap        ] GC(771) PSYoungGen: 116960K(232960K)->224K(232960K) Eden: 116736K(116736K)->0K(116736K) From: 224K(116224K)->224K(116224K)
[161.646s][info][gc,heap        ] GC(771) ParOldGen: 5723K(699392K)->5771K(699392K)
[161.646s][info][gc,metaspace   ] GC(771) Metaspace: 16539K(16896K)->16539K(16896K) NonClass: 14207K(14400K)->14207K(14400K) Class: 2331K(2496K)->2331K(2496K)
[161.646s][info][gc             ] GC(771) Pause Young (Allocation Failure) 119M->5M(910M) 0.427ms
[161.646s][info][gc,cpu         ] GC(771) User=0.00s Sys=0.00s Real=0.00s
[161.665s][info][gc,start       ] GC(772) Pause Young (Allocation Failure)
[161.665s][info][gc,heap        ] GC(772) PSYoungGen: 116960K(232960K)->352K(232960K) Eden: 116736K(116736K)->0K(116736K) From: 224K(116224K)->352K(116224K)
[161.665s][info][gc,heap        ] GC(772) ParOldGen: 5771K(699392K)->5811K(699392K)
[161.665s][info][gc,metaspace   ] GC(772) Metaspace: 16539K(16896K)->16539K(16896K) NonClass: 14207K(14400K)->14207K(14400K) Class: 2331K(2496K)->2331K(2496K)
[161.665s][info][gc             ] GC(772) Pause Young (Allocation Failure) 119M->6M(910M) 0.417ms
[161.665s][info][gc,cpu         ] GC(772) User=0.00s Sys=0.00s Real=0.00s
[161.683s][info][gc,start       ] GC(773) Pause Young (Allocation Failure)
[161.684s][info][gc,heap        ] GC(773) PSYoungGen: 117088K(232960K)->288K(232960K) Eden: 116736K(116736K)->0K(116736K) From: 352K(116224K)->288K(116224K)
[161.684s][info][gc,heap        ] GC(773) ParOldGen: 5811K(699392K)->5859K(699392K)
[161.684s][info][gc,metaspace   ] GC(773) Metaspace: 16539K(16896K)->16539K(16896K) NonClass: 14207K(14400K)->14207K(14400K) Class: 2331K(2496K)->2331K(2496K)
[161.684s][info][gc             ] GC(773) Pause Young (Allocation Failure) 120M->6M(910M) 0.447ms
[161.684s][info][gc,cpu         ] GC(773) User=0.00s Sys=0.00s Real=0.00s
[161.703s][info][gc,start       ] GC(774) Pause Young (Allocation Failure)
[161.703s][info][gc,heap        ] GC(774) PSYoungGen: 117024K(232960K)->256K(232960K) Eden: 116736K(116736K)->0K(116736K) From: 288K(116224K)->256K(116224K)
[161.703s][info][gc,heap        ] GC(774) ParOldGen: 5859K(699392K)->5907K(699392K)
[161.703s][info][gc,metaspace   ] GC(774) Metaspace: 16539K(16896K)->16539K(16896K) NonClass: 14207K(14400K)->14207K(14400K) Class: 2331K(2496K)->2331K(2496K)
[161.703s][info][gc             ] GC(774) Pause Young (Allocation Failure) 120M->6M(910M) 0.419ms
[161.703s][info][gc,cpu         ] GC(774) User=0.00s Sys=0.00s Real=0.00s
[161.722s][info][gc,start       ] GC(775) Pause Young (Allocation Failure)
[161.722s][info][gc,heap        ] GC(775) PSYoungGen: 116992K(232960K)->224K(232960K) Eden: 116736K(116736K)->0K(116736K) From: 256K(116224K)->224K(116224K)
[161.722s][info][gc,heap        ] GC(775) ParOldGen: 5907K(699392K)->5947K(699392K)
[161.722s][info][gc,metaspace   ] GC(775) Metaspace: 16539K(16896K)->16539K(16896K) NonClass: 14207K(14400K)->14207K(14400K) Class: 2331K(2496K)->2331K(2496K)
[161.723s][info][gc             ] GC(775) Pause Young (Allocation Failure) 120M->6M(910M) 0.489ms
[161.723s][info][gc,cpu         ] GC(775) User=0.00s Sys=0.00s Real=0.00s
[161.740s][info][gc,start       ] GC(776) Pause Young (Allocation Failure)
[161.741s][info][gc,heap        ] GC(776) PSYoungGen: 116960K(232960K)->288K(232960K) Eden: 116736K(116736K)->0K(116736K) From: 224K(116224K)->288K(116224K)
[161.741s][info][gc,heap        ] GC(776) ParOldGen: 5947K(699392K)->5995K(699392K)
[161.741s][info][gc,metaspace   ] GC(776) Metaspace: 16539K(16896K)->16539K(16896K) NonClass: 14207K(14400K)->14207K(14400K) Class: 2331K(2496K)->2331K(2496K)
[161.741s][info][gc             ] GC(776) Pause Young (Allocation Failure) 120M->6M(910M) 0.518ms
[161.741s][info][gc,cpu         ] GC(776) User=0.00s Sys=0.00s Real=0.00s
[161.759s][info][gc,start       ] GC(777) Pause Young (Allocation Failure)
[161.759s][info][gc,heap        ] GC(777) PSYoungGen: 117024K(232960K)->256K(232960K) Eden: 116736K(116736K)->0K(116736K) From: 288K(116224K)->256K(116224K)
[161.759s][info][gc,heap        ] GC(777) ParOldGen: 5995K(699392K)->6051K(699392K)
[161.759s][info][gc,metaspace   ] GC(777) Metaspace: 16539K(16896K)->16539K(16896K) NonClass: 14207K(14400K)->14207K(14400K) Class: 2331K(2496K)->2331K(2496K)
[161.759s][info][gc             ] GC(777) Pause Young (Allocation Failure) 120M->6M(910M) 0.499ms
[161.759s][info][gc,cpu         ] GC(777) User=0.00s Sys=0.00s Real=0.00s
[161.778s][info][gc,start       ] GC(778) Pause Young (Allocation Failure)
[161.778s][info][gc,heap        ] GC(778) PSYoungGen: 116992K(232960K)->224K(232960K) Eden: 116736K(116736K)->0K(116736K) From: 256K(116224K)->224K(116224K)
[161.778s][info][gc,heap        ] GC(778) ParOldGen: 6051K(699392K)->6091K(699392K)
[161.778s][info][gc,metaspace   ] GC(778) Metaspace: 16539K(16896K)->16539K(16896K) NonClass: 14207K(14400K)->14207K(14400K) Class: 2331K(2496K)->2331K(2496K)
[161.778s][info][gc             ] GC(778) Pause Young (Allocation Failure) 120M->6M(910M) 0.431ms
[161.778s][info][gc,cpu         ] GC(778) User=0.00s Sys=0.00s Real=0.00s
[161.796s][info][gc,start       ] GC(779) Pause Young (Allocation Failure)
[161.797s][info][gc,heap        ] GC(779) PSYoungGen: 116960K(232960K)->320K(245760K) Eden: 116736K(116736K)->0K(135168K) From: 224K(116224K)->320K(110592K)
[161.797s][info][gc,heap        ] GC(779) ParOldGen: 6091K(699392K)->6091K(699392K)
[161.797s][info][gc,metaspace   ] GC(779) Metaspace: 16539K(16896K)->16539K(16896K) NonClass: 14207K(14400K)->14207K(14400K) Class: 2331K(2496K)->2331K(2496K)
[161.797s][info][gc             ] GC(779) Pause Young (Allocation Failure) 120M->6M(923M) 0.471ms
[161.797s][info][gc,cpu         ] GC(779) User=0.00s Sys=0.00s Real=0.00s
[161.818s][info][gc,start       ] GC(780) Pause Young (Allocation Failure)
[161.819s][info][gc,heap        ] GC(780) PSYoungGen: 135488K(245760K)->352K(238592K) Eden: 135168K(135168K)->0K(135168K) From: 320K(110592K)->352K(103424K)
[161.819s][info][gc,heap        ] GC(780) ParOldGen: 6091K(699392K)->6091K(699392K)
[161.819s][info][gc,metaspace   ] GC(780) Metaspace: 16539K(16896K)->16539K(16896K) NonClass: 14207K(14400K)->14207K(14400K) Class: 2331K(2496K)->2331K(2496K)
[161.819s][info][gc             ] GC(780) Pause Young (Allocation Failure) 138M->6M(916M) 0.453ms
[161.819s][info][gc,cpu         ] GC(780) User=0.00s Sys=0.00s Real=0.00s
[161.840s][info][gc,start       ] GC(781) Pause Young (Allocation Failure)
[161.841s][info][gc,heap        ] GC(781) PSYoungGen: 135520K(238592K)->320K(259072K) Eden: 135168K(135168K)->0K(162304K) From: 352K(103424K)->320K(96768K)
[161.841s][info][gc,heap        ] GC(781) ParOldGen: 6091K(699392K)->6091K(699392K)
[161.841s][info][gc,metaspace   ] GC(781) Metaspace: 16539K(16896K)->16539K(16896K) NonClass: 14207K(14400K)->14207K(14400K) Class: 2331K(2496K)->2331K(2496K)
[161.841s][info][gc             ] GC(781) Pause Young (Allocation Failure) 138M->6M(936M) 0.540ms
[161.841s][info][gc,cpu         ] GC(781) User=0.00s Sys=0.00s Real=0.00s
[161.866s][info][gc,start       ] GC(782) Pause Young (Allocation Failure)
[161.867s][info][gc,heap        ] GC(782) PSYoungGen: 162624K(259072K)->352K(252416K) Eden: 162304K(162304K)->0K(162304K) From: 320K(96768K)->352K(90112K)
[161.867s][info][gc,heap        ] GC(782) ParOldGen: 6091K(699392K)->6091K(699392K)
[161.867s][info][gc,metaspace   ] GC(782) Metaspace: 16539K(16896K)->16539K(16896K) NonClass: 14207K(14400K)->14207K(14400K) Class: 2331K(2496K)->2331K(2496K)
[161.867s][info][gc             ] GC(782) Pause Young (Allocation Failure) 164M->6M(929M) 0.599ms
[161.867s][info][gc,cpu         ] GC(782) User=0.00s Sys=0.00s Real=0.00s
[161.893s][info][gc,start       ] GC(783) Pause Young (Allocation Failure)
[161.894s][info][gc,heap        ] GC(783) PSYoungGen: 162656K(252416K)->352K(271360K) Eden: 162304K(162304K)->0K(187392K) From: 352K(90112K)->352K(83968K)
[161.894s][info][gc,heap        ] GC(783) ParOldGen: 6091K(699392K)->6091K(699392K)
[161.894s][info][gc,metaspace   ] GC(783) Metaspace: 16539K(16896K)->16539K(16896K) NonClass: 14207K(14400K)->14207K(14400K) Class: 2331K(2496K)->2331K(2496K)
[161.894s][info][gc             ] GC(783) Pause Young (Allocation Failure) 164M->6M(948M) 0.590ms
[161.894s][info][gc,cpu         ] GC(783) User=0.00s Sys=0.00s Real=0.00s
[161.924s][info][gc,start       ] GC(784) Pause Young (Allocation Failure)
[161.925s][info][gc,heap        ] GC(784) PSYoungGen: 187744K(271360K)->352K(265216K) Eden: 187392K(187392K)->0K(187392K) From: 352K(83968K)->352K(77824K)
[161.925s][info][gc,heap        ] GC(784) ParOldGen: 6091K(699392K)->6091K(699392K)
[161.925s][info][gc,metaspace   ] GC(784) Metaspace: 16539K(16896K)->16539K(16896K) NonClass: 14207K(14400K)->14207K(14400K) Class: 2331K(2496K)->2331K(2496K)
[161.925s][info][gc             ] GC(784) Pause Young (Allocation Failure) 189M->6M(942M) 0.548ms
[161.925s][info][gc,cpu         ] GC(784) User=0.00s Sys=0.00s Real=0.00s
[161.957s][info][gc,start       ] GC(785) Pause Young (Allocation Failure)
[161.960s][info][gc,heap        ] GC(785) PSYoungGen: 187744K(265216K)->320K(281600K) Eden: 187392K(187392K)->0K(208896K) From: 352K(77824K)->320K(72704K)
[161.960s][info][gc,heap        ] GC(785) ParOldGen: 6091K(699392K)->6091K(699392K)
[161.960s][info][gc,metaspace   ] GC(785) Metaspace: 16539K(16896K)->16539K(16896K) NonClass: 14207K(14400K)->14207K(14400K) Class: 2331K(2496K)->2331K(2496K)
[161.960s][info][gc             ] GC(785) Pause Young (Allocation Failure) 189M->6M(958M) 2.907ms
[161.960s][info][gc,cpu         ] GC(785) User=0.00s Sys=0.00s Real=0.02s
[161.996s][info][gc,start       ] GC(786) Pause Young (Allocation Failure)
[161.997s][info][gc,heap        ] GC(786) PSYoungGen: 209216K(281600K)->352K(276480K) Eden: 208896K(208896K)->0K(208896K) From: 320K(72704K)->352K(67584K)
[161.997s][info][gc,heap        ] GC(786) ParOldGen: 6091K(699392K)->6091K(699392K)
[161.997s][info][gc,metaspace   ] GC(786) Metaspace: 16539K(16896K)->16539K(16896K) NonClass: 14207K(14400K)->14207K(14400K) Class: 2331K(2496K)->2331K(2496K)
[161.997s][info][gc             ] GC(786) Pause Young (Allocation Failure) 210M->6M(953M) 0.915ms
[161.997s][info][gc,cpu         ] GC(786) User=0.00s Sys=0.00s Real=0.00s
[162.040s][info][gc,start       ] GC(787) Pause Young (Allocation Failure)
[162.047s][info][gc,heap        ] GC(787) PSYoungGen: 209248K(276480K)->14274K(289280K) Eden: 208896K(208896K)->0K(226816K) From: 352K(67584K)->14274K(62464K)
[162.047s][info][gc,heap        ] GC(787) ParOldGen: 6091K(699392K)->6091K(699392K)
[162.047s][info][gc,metaspace   ] GC(787) Metaspace: 16539K(16896K)->16539K(16896K) NonClass: 14207K(14400K)->14207K(14400K) Class: 2331K(2496K)->2331K(2496K)
[162.047s][info][gc             ] GC(787) Pause Young (Allocation Failure) 210M->19M(965M) 7.086ms
[162.047s][info][gc,cpu         ] GC(787) User=0.00s Sys=0.00s Real=0.02s
[162.217s][info][gc,start       ] GC(788) Pause Young (Allocation Failure)
[162.314s][info][gc,heap        ] GC(788) PSYoungGen: 241090K(289280K)->59874K(286720K) Eden: 226816K(226816K)->0K(226816K) From: 14274K(62464K)->59874K(59904K)
[162.314s][info][gc,heap        ] GC(788) ParOldGen: 6091K(699392K)->111811K(699392K)
[162.314s][info][gc,metaspace   ] GC(788) Metaspace: 16539K(16896K)->16539K(16896K) NonClass: 14207K(14400K)->14207K(14400K) Class: 2331K(2496K)->2331K(2496K)
[162.314s][info][gc             ] GC(788) Pause Young (Allocation Failure) 241M->167M(963M) 96.808ms
[162.314s][info][gc,cpu         ] GC(788) User=0.53s Sys=0.00s Real=0.09s
[162.614s][info][gc,start       ] GC(789) Pause Young (Allocation Failure)
[162.748s][info][gc,heap        ] GC(789) PSYoungGen: 286690K(286720K)->62450K(179200K) Eden: 226816K(226816K)->0K(116736K) From: 59874K(59904K)->62450K(62464K)
[162.748s][info][gc,heap        ] GC(789) ParOldGen: 111811K(699392K)->266787K(699392K)
[162.748s][info][gc,metaspace   ] GC(789) Metaspace: 16539K(16896K)->16539K(16896K) NonClass: 14207K(14400K)->14207K(14400K) Class: 2331K(2496K)->2331K(2496K)
[162.748s][info][gc             ] GC(789) Pause Young (Allocation Failure) 389M->321M(858M) 134.159ms
[162.748s][info][gc,cpu         ] GC(789) User=0.67s Sys=0.00s Real=0.13s
[162.861s][info][gc,start       ] GC(790) Pause Young (Allocation Failure)
[162.946s][info][gc,heap        ] GC(790) PSYoungGen: 179186K(179200K)->116194K(232960K) Eden: 116736K(116736K)->0K(116736K) From: 62450K(62464K)->116194K(116224K)
[162.946s][info][gc,heap        ] GC(790) ParOldGen: 266787K(699392K)->292971K(699392K)
[162.946s][info][gc,metaspace   ] GC(790) Metaspace: 16539K(16896K)->16539K(16896K) NonClass: 14207K(14400K)->14207K(14400K) Class: 2331K(2496K)->2331K(2496K)
[162.946s][info][gc             ] GC(790) Pause Young (Allocation Failure) 435M->399M(910M) 85.335ms
[162.946s][info][gc,cpu         ] GC(790) User=0.36s Sys=0.00s Real=0.08s
[163.243s][info][gc,start       ] GC(791) Pause Young (Allocation Failure)
[163.337s][info][gc,heap        ] GC(791) PSYoungGen: 232930K(232960K)->116195K(232960K) Eden: 116735K(116736K)->0K(116736K) From: 116194K(116224K)->116195K(116224K)
[163.337s][info][gc,heap        ] GC(791) ParOldGen: 292971K(699392K)->333116K(699392K)
[163.337s][info][gc,metaspace   ] GC(791) Metaspace: 16539K(16896K)->16539K(16896K) NonClass: 14207K(14400K)->14207K(14400K) Class: 2331K(2496K)->2331K(2496K)
[163.337s][info][gc             ] GC(791) Pause Young (Allocation Failure) 513M->438M(910M) 94.812ms
[163.337s][info][gc,cpu         ] GC(791) User=0.48s Sys=0.00s Real=0.11s
[165.528s][info][gc,start       ] GC(792) Pause Young (Allocation Failure)
[165.606s][info][gc,heap        ] GC(792) PSYoungGen: 232931K(232960K)->116224K(232960K) Eden: 116736K(116736K)->0K(116736K) From: 116195K(116224K)->116224K(116224K)
[165.607s][info][gc,heap        ] GC(792) ParOldGen: 333116K(699392K)->365607K(699392K)
[165.607s][info][gc,metaspace   ] GC(792) Metaspace: 16539K(16896K)->16539K(16896K) NonClass: 14208K(14400K)->14208K(14400K) Class: 2331K(2496K)->2331K(2496K)
[165.607s][info][gc             ] GC(792) Pause Young (Allocation Failure) 552M->470M(910M) 78.284ms
[165.607s][info][gc,cpu         ] GC(792) User=0.41s Sys=0.00s Real=0.08s
[165.661s][info][gc,start       ] GC(793) Pause Young (Allocation Failure)
[165.733s][info][gc,heap        ] GC(793) PSYoungGen: 232960K(232960K)->116224K(232960K) Eden: 116736K(116736K)->0K(116736K) From: 116224K(116224K)->116224K(116224K)
[165.734s][info][gc,heap        ] GC(793) ParOldGen: 365607K(699392K)->416095K(699392K)
[165.734s][info][gc,metaspace   ] GC(793) Metaspace: 16539K(16896K)->16539K(16896K) NonClass: 14208K(14400K)->14208K(14400K) Class: 2331K(2496K)->2331K(2496K)
[165.734s][info][gc             ] GC(793) Pause Young (Allocation Failure) 584M->519M(910M) 72.257ms
[165.734s][info][gc,cpu         ] GC(793) User=0.30s Sys=0.00s Real=0.08s
[165.791s][info][gc,start       ] GC(794) Pause Young (Allocation Failure)
[165.873s][info][gc,heap        ] GC(794) PSYoungGen: 232960K(232960K)->85664K(232960K) Eden: 116736K(116736K)->0K(116736K) From: 116224K(116224K)->85664K(116224K)
[165.873s][info][gc,heap        ] GC(794) ParOldGen: 416095K(699392K)->496903K(699392K)
[165.873s][info][gc,metaspace   ] GC(794) Metaspace: 16539K(16896K)->16539K(16896K) NonClass: 14208K(14400K)->14208K(14400K) Class: 2331K(2496K)->2331K(2496K)
[165.873s][info][gc             ] GC(794) Pause Young (Allocation Failure) 633M->568M(910M) 82.524ms
[165.873s][info][gc,cpu         ] GC(794) User=0.44s Sys=0.00s Real=0.08s
[165.929s][info][gc,start       ] GC(795) Pause Young (Allocation Failure)
[165.987s][info][gc,heap        ] GC(795) PSYoungGen: 202400K(232960K)->98944K(232960K) Eden: 116736K(116736K)->0K(116736K) From: 85664K(116224K)->98944K(116224K)
[165.987s][info][gc,heap        ] GC(795) ParOldGen: 496903K(699392K)->532095K(699392K)
[165.987s][info][gc,metaspace   ] GC(795) Metaspace: 16539K(16896K)->16539K(16896K) NonClass: 14208K(14400K)->14208K(14400K) Class: 2331K(2496K)->2331K(2496K)
[165.987s][info][gc             ] GC(795) Pause Young (Allocation Failure) 682M->616M(910M) 57.912ms
[165.987s][info][gc,cpu         ] GC(795) User=0.22s Sys=0.00s Real=0.06s
[166.044s][info][gc,start       ] GC(796) Pause Young (Allocation Failure)
[166.109s][info][gc,heap        ] GC(796) PSYoungGen: 215680K(232960K)->50752K(232960K) Eden: 116736K(116736K)->0K(116736K) From: 98944K(116224K)->50752K(116224K)
[166.111s][info][gc,heap        ] GC(796) ParOldGen: 532095K(699392K)->628727K(699392K)
[166.111s][info][gc,metaspace   ] GC(796) Metaspace: 16539K(16896K)->16539K(16896K) NonClass: 14208K(14400K)->14208K(14400K) Class: 2331K(2496K)->2331K(2496K)
[166.111s][info][gc             ] GC(796) Pause Young (Allocation Failure) 730M->663M(910M) 66.634ms
[166.111s][info][gc,cpu         ] GC(796) User=0.38s Sys=0.00s Real=0.06s
[166.170s][info][gc,start       ] GC(797) Pause Full (Ergonomics)
[166.170s][info][gc,phases,start] GC(797) Marking Phase
[166.243s][info][gc,phases      ] GC(797) Marking Phase 73.273ms
[166.243s][info][gc,phases,start] GC(797) Summary Phase
[166.243s][info][gc,phases      ] GC(797) Summary Phase 0.028ms
[166.243s][info][gc,phases,start] GC(797) Adjust Roots
[166.245s][info][gc,phases      ] GC(797) Adjust Roots 2.128ms
[166.245s][info][gc,phases,start] GC(797) Compaction Phase
[166.401s][info][gc,phases      ] GC(797) Compaction Phase 155.865ms
[166.401s][info][gc,phases,start] GC(797) Post Compact
[166.404s][info][gc,phases      ] GC(797) Post Compact 2.434ms
[166.404s][info][gc,heap        ] GC(797) PSYoungGen: 167488K(232960K)->0K(232960K) Eden: 116736K(116736K)->0K(116736K) From: 50752K(116224K)->0K(116224K)
[166.404s][info][gc,heap        ] GC(797) ParOldGen: 628727K(699392K)->284843K(699392K)
[166.404s][info][gc,metaspace   ] GC(797) Metaspace: 16539K(16896K)->16539K(16896K) NonClass: 14208K(14400K)->14208K(14400K) Class: 2331K(2496K)->2331K(2496K)
[166.404s][info][gc             ] GC(797) Pause Full (Ergonomics) 777M->278M(910M) 234.087ms
[166.404s][info][gc,cpu         ] GC(797) User=1.09s Sys=0.00s Real=0.24s
[166.465s][info][gc,start       ] GC(798) Pause Young (Allocation Failure)
[166.489s][info][gc,heap        ] GC(798) PSYoungGen: 116736K(232960K)->50944K(232960K) Eden: 116736K(116736K)->0K(116736K) From: 0K(116224K)->50944K(116224K)
[166.489s][info][gc,heap        ] GC(798) ParOldGen: 284843K(699392K)->284843K(699392K)
[166.489s][info][gc,metaspace   ] GC(798) Metaspace: 16539K(16896K)->16539K(16896K) NonClass: 14208K(14400K)->14208K(14400K) Class: 2331K(2496K)->2331K(2496K)
[166.489s][info][gc             ] GC(798) Pause Young (Allocation Failure) 392M->327M(910M) 24.904ms
[166.489s][info][gc,cpu         ] GC(798) User=0.06s Sys=0.00s Real=0.01s
[166.549s][info][gc,start       ] GC(799) Pause Young (Allocation Failure)
[166.594s][info][gc,heap        ] GC(799) PSYoungGen: 167680K(232960K)->51040K(232960K) Eden: 116736K(116736K)->0K(116736K) From: 50944K(116224K)->51040K(116224K)
[166.594s][info][gc,heap        ] GC(799) ParOldGen: 284843K(699392K)->332899K(699392K)
[166.594s][info][gc,metaspace   ] GC(799) Metaspace: 16539K(16896K)->16539K(16896K) NonClass: 14208K(14400K)->14208K(14400K) Class: 2331K(2496K)->2331K(2496K)
[166.594s][info][gc             ] GC(799) Pause Young (Allocation Failure) 441M->374M(910M) 44.707ms
[166.594s][info][gc,cpu         ] GC(799) User=0.19s Sys=0.00s Real=0.05s
[166.652s][info][gc,start       ] GC(800) Pause Young (Allocation Failure)
[166.694s][info][gc,heap        ] GC(800) PSYoungGen: 166011K(232960K)->49504K(232960K) Eden: 114971K(116736K)->0K(116736K) From: 51040K(116224K)->49504K(116224K)
[166.694s][info][gc,heap        ] GC(800) ParOldGen: 332899K(699392K)->380899K(699392K)
[166.694s][info][gc,metaspace   ] GC(800) Metaspace: 16539K(16896K)->16539K(16896K) NonClass: 14208K(14400K)->14208K(14400K) Class: 2331K(2496K)->2331K(2496K)
[166.694s][info][gc             ] GC(800) Pause Young (Allocation Failure) 487M->420M(910M) 42.364ms
[166.694s][info][gc,cpu         ] GC(800) User=0.11s Sys=0.02s Real=0.03s
[166.994s][info][gc,start       ] GC(801) Pause Young (Allocation Failure)
[167.073s][info][gc,heap        ] GC(801) PSYoungGen: 166240K(232960K)->59626K(232960K) Eden: 116736K(116736K)->0K(116736K) From: 49504K(116224K)->59626K(116224K)
[167.073s][info][gc,heap        ] GC(801) ParOldGen: 380899K(699392K)->427635K(699392K)
[167.073s][info][gc,metaspace   ] GC(801) Metaspace: 16539K(16896K)->16539K(16896K) NonClass: 14208K(14400K)->14208K(14400K) Class: 2331K(2496K)->2331K(2496K)
[167.073s][info][gc             ] GC(801) Pause Young (Allocation Failure) 534M->475M(910M) 79.608ms
[167.073s][info][gc,cpu         ] GC(801) User=0.41s Sys=0.00s Real=0.08s
[167.211s][info][gc,start       ] GC(802) Pause Young (Allocation Failure)
[167.257s][info][gc,heap        ] GC(802) PSYoungGen: 176362K(232960K)->3968K(232960K) Eden: 116736K(116736K)->0K(116736K) From: 59626K(116224K)->3968K(116224K)
[167.257s][info][gc,heap        ] GC(802) ParOldGen: 427635K(699392K)->463734K(699392K)
[167.257s][info][gc,metaspace   ] GC(802) Metaspace: 16539K(16896K)->16539K(16896K) NonClass: 14208K(14400K)->14208K(14400K) Class: 2331K(2496K)->2331K(2496K)
[167.257s][info][gc             ] GC(802) Pause Young (Allocation Failure) 589M->456M(910M) 45.978ms
[167.257s][info][gc,cpu         ] GC(802) User=0.17s Sys=0.00s Real=0.05s
[167.395s][info][gc,start       ] GC(803) Pause Young (Allocation Failure)
[167.398s][info][gc,heap        ] GC(803) PSYoungGen: 120704K(232960K)->3232K(232960K) Eden: 116736K(116736K)->0K(116736K) From: 3968K(116224K)->3232K(116224K)
[167.398s][info][gc,heap        ] GC(803) ParOldGen: 463734K(699392K)->464086K(699392K)
[167.398s][info][gc,metaspace   ] GC(803) Metaspace: 16539K(16896K)->16539K(16896K) NonClass: 14208K(14400K)->14208K(14400K) Class: 2331K(2496K)->2331K(2496K)
[167.398s][info][gc             ] GC(803) Pause Young (Allocation Failure) 570M->456M(910M) 3.453ms
[167.398s][info][gc,cpu         ] GC(803) User=0.00s Sys=0.00s Real=0.00s
[167.528s][info][gc,start       ] GC(804) Pause Young (Allocation Failure)
[167.530s][info][gc,heap        ] GC(804) PSYoungGen: 119968K(232960K)->2400K(232960K) Eden: 116736K(116736K)->0K(116736K) From: 3232K(116224K)->2400K(116224K)
[167.530s][info][gc,heap        ] GC(804) ParOldGen: 464086K(699392K)->464222K(699392K)
[167.530s][info][gc,metaspace   ] GC(804) Metaspace: 16539K(16896K)->16539K(16896K) NonClass: 14208K(14400K)->14208K(14400K) Class: 2331K(2496K)->2331K(2496K)
[167.530s][info][gc             ] GC(804) Pause Young (Allocation Failure) 570M->455M(910M) 2.415ms
[167.530s][info][gc,cpu         ] GC(804) User=0.00s Sys=0.00s Real=0.00s
[167.664s][info][gc,start       ] GC(805) Pause Young (Allocation Failure)
[167.665s][info][gc,heap        ] GC(805) PSYoungGen: 119136K(232960K)->448K(232960K) Eden: 116736K(116736K)->0K(116736K) From: 2400K(116224K)->448K(116224K)
[167.665s][info][gc,heap        ] GC(805) ParOldGen: 464222K(699392K)->464270K(699392K)
[167.665s][info][gc,metaspace   ] GC(805) Metaspace: 16539K(16896K)->16539K(16896K) NonClass: 14208K(14400K)->14208K(14400K) Class: 2331K(2496K)->2331K(2496K)
[167.665s][info][gc             ] GC(805) Pause Young (Allocation Failure) 569M->453M(910M) 1.107ms
[167.665s][info][gc,cpu         ] GC(805) User=0.00s Sys=0.00s Real=0.00s
[168.361s][info][gc,start       ] GC(806) Pause Young (System.gc())
[168.362s][info][gc,heap        ] GC(806) PSYoungGen: 98076K(232960K)->64K(232960K) Eden: 97628K(116736K)->0K(116736K) From: 448K(116224K)->64K(116224K)
[168.362s][info][gc,heap        ] GC(806) ParOldGen: 464270K(699392K)->464270K(699392K)
[168.362s][info][gc,metaspace   ] GC(806) Metaspace: 16540K(16896K)->16540K(16896K) NonClass: 14208K(14400K)->14208K(14400K) Class: 2331K(2496K)->2331K(2496K)
[168.362s][info][gc             ] GC(806) Pause Young (System.gc()) 549M->453M(910M) 1.027ms
[168.362s][info][gc,cpu         ] GC(806) User=0.00s Sys=0.00s Real=0.00s
[168.362s][info][gc,start       ] GC(807) Pause Full (System.gc())
[168.362s][info][gc,phases,start] GC(807) Marking Phase
[168.368s][info][gc,phases      ] GC(807) Marking Phase 5.051ms
[168.368s][info][gc,phases,start] GC(807) Summary Phase
[168.368s][info][gc,phases      ] GC(807) Summary Phase 0.011ms
[168.368s][info][gc,phases,start] GC(807) Adjust Roots
[168.370s][info][gc,phases      ] GC(807) Adjust Roots 2.281ms
[168.370s][info][gc,phases,start] GC(807) Compaction Phase
[168.372s][info][gc,phases      ] GC(807) Compaction Phase 2.004ms
[168.372s][info][gc,phases,start] GC(807) Post Compact
[168.374s][info][gc,phases      ] GC(807) Post Compact 1.698ms
[168.374s][info][gc,heap        ] GC(807) PSYoungGen: 64K(232960K)->0K(232960K) Eden: 0K(116736K)->0K(116736K) From: 64K(116224K)->0K(116224K)
[168.374s][info][gc,heap        ] GC(807) ParOldGen: 464270K(699392K)->5547K(699392K)
[168.374s][info][gc,metaspace   ] GC(807) Metaspace: 16540K(16896K)->16540K(16896K) NonClass: 14208K(14400K)->14208K(14400K) Class: 2331K(2496K)->2331K(2496K)
[168.374s][info][gc             ] GC(807) Pause Full (System.gc()) 453M->5M(910M) 11.374ms
[168.374s][info][gc,cpu         ] GC(807) User=0.02s Sys=0.00s Real=0.02s
[169.903s][info][gc,start       ] GC(808) Pause Young (Allocation Failure)
[169.903s][info][gc,heap        ] GC(808) PSYoungGen: 116736K(232960K)->352K(232960K) Eden: 116736K(116736K)->0K(116736K) From: 0K(116224K)->352K(116224K)
[169.903s][info][gc,heap        ] GC(808) ParOldGen: 5547K(699392K)->5547K(699392K)
[169.903s][info][gc,metaspace   ] GC(808) Metaspace: 16541K(16896K)->16541K(16896K) NonClass: 14210K(14400K)->14210K(14400K) Class: 2331K(2496K)->2331K(2496K)
[169.903s][info][gc             ] GC(808) Pause Young (Allocation Failure) 119M->5M(910M) 0.517ms
[169.903s][info][gc,cpu         ] GC(808) User=0.00s Sys=0.00s Real=0.00s
[169.922s][info][gc,start       ] GC(809) Pause Young (Allocation Failure)
[169.923s][info][gc,heap        ] GC(809) PSYoungGen: 117088K(232960K)->288K(232960K) Eden: 116736K(116736K)->0K(116736K) From: 352K(116224K)->288K(116224K)
[169.923s][info][gc,heap        ] GC(809) ParOldGen: 5547K(699392K)->5635K(699392K)
[169.923s][info][gc,metaspace   ] GC(809) Metaspace: 16541K(16896K)->16541K(16896K) NonClass: 14210K(14400K)->14210K(14400K) Class: 2331K(2496K)->2331K(2496K)
[169.923s][info][gc             ] GC(809) Pause Young (Allocation Failure) 119M->5M(910M) 0.533ms
[169.923s][info][gc,cpu         ] GC(809) User=0.00s Sys=0.00s Real=0.00s
[169.941s][info][gc,start       ] GC(810) Pause Young (Allocation Failure)
[169.942s][info][gc,heap        ] GC(810) PSYoungGen: 117024K(232960K)->224K(232960K) Eden: 116736K(116736K)->0K(116736K) From: 288K(116224K)->224K(116224K)
[169.942s][info][gc,heap        ] GC(810) ParOldGen: 5635K(699392K)->5675K(699392K)
[169.942s][info][gc,metaspace   ] GC(810) Metaspace: 16541K(16896K)->16541K(16896K) NonClass: 14210K(14400K)->14210K(14400K) Class: 2331K(2496K)->2331K(2496K)
[169.942s][info][gc             ] GC(810) Pause Young (Allocation Failure) 119M->5M(910M) 0.424ms
[169.942s][info][gc,cpu         ] GC(810) User=0.00s Sys=0.00s Real=0.00s
[169.960s][info][gc,start       ] GC(811) Pause Young (Allocation Failure)
[169.960s][info][gc,heap        ] GC(811) PSYoungGen: 116960K(232960K)->352K(232960K) Eden: 116736K(116736K)->0K(116736K) From: 224K(116224K)->352K(116224K)
[169.960s][info][gc,heap        ] GC(811) ParOldGen: 5675K(699392K)->5715K(699392K)
[169.960s][info][gc,metaspace   ] GC(811) Metaspace: 16541K(16896K)->16541K(16896K) NonClass: 14210K(14400K)->14210K(14400K) Class: 2331K(2496K)->2331K(2496K)
[169.960s][info][gc             ] GC(811) Pause Young (Allocation Failure) 119M->5M(910M) 0.449ms
[169.960s][info][gc,cpu         ] GC(811) User=0.00s Sys=0.00s Real=0.00s
[169.978s][info][gc,start       ] GC(812) Pause Young (Allocation Failure)
[169.979s][info][gc,heap        ] GC(812) PSYoungGen: 117088K(232960K)->224K(232960K) Eden: 116736K(116736K)->0K(116736K) From: 352K(116224K)->224K(116224K)
[169.979s][info][gc,heap        ] GC(812) ParOldGen: 5715K(699392K)->5763K(699392K)
[169.979s][info][gc,metaspace   ] GC(812) Metaspace: 16541K(16896K)->16541K(16896K) NonClass: 14210K(14400K)->14210K(14400K) Class: 2331K(2496K)->2331K(2496K)
[169.979s][info][gc             ] GC(812) Pause Young (Allocation Failure) 119M->5M(910M) 0.456ms
[169.979s][info][gc,cpu         ] GC(812) User=0.00s Sys=0.00s Real=0.00s
[169.997s][info][gc,start       ] GC(813) Pause Young (Allocation Failure)
[169.997s][info][gc,heap        ] GC(813) PSYoungGen: 116960K(232960K)->320K(232960K) Eden: 116736K(116736K)->0K(116736K) From: 224K(116224K)->320K(116224K)
[169.997s][info][gc,heap        ] GC(813) ParOldGen: 5763K(699392K)->5787K(699392K)
[169.997s][info][gc,metaspace   ] GC(813) Metaspace: 16541K(16896K)->16541K(16896K) NonClass: 14210K(14400K)->14210K(14400K) Class: 2331K(2496K)->2331K(2496K)
[169.997s][info][gc             ] GC(813) Pause Young (Allocation Failure) 119M->5M(910M) 0.465ms
[169.997s][info][gc,cpu         ] GC(813) User=0.00s Sys=0.00s Real=0.00s
[170.015s][info][gc,start       ] GC(814) Pause Young (Allocation Failure)
[170.016s][info][gc,heap        ] GC(814) PSYoungGen: 117056K(232960K)->256K(232960K) Eden: 116736K(116736K)->0K(116736K) From: 320K(116224K)->256K(116224K)
[170.016s][info][gc,heap        ] GC(814) ParOldGen: 5787K(699392K)->5835K(699392K)
[170.016s][info][gc,metaspace   ] GC(814) Metaspace: 16541K(16896K)->16541K(16896K) NonClass: 14210K(14400K)->14210K(14400K) Class: 2331K(2496K)->2331K(2496K)
[170.016s][info][gc             ] GC(814) Pause Young (Allocation Failure) 119M->5M(910M) 0.527ms
[170.016s][info][gc,cpu         ] GC(814) User=0.00s Sys=0.00s Real=0.00s
[170.033s][info][gc,start       ] GC(815) Pause Young (Allocation Failure)
[170.034s][info][gc,heap        ] GC(815) PSYoungGen: 116992K(232960K)->192K(232960K) Eden: 116736K(116736K)->0K(116736K) From: 256K(116224K)->192K(116224K)
[170.034s][info][gc,heap        ] GC(815) ParOldGen: 5835K(699392K)->5875K(699392K)
[170.034s][info][gc,metaspace   ] GC(815) Metaspace: 16541K(16896K)->16541K(16896K) NonClass: 14210K(14400K)->14210K(14400K) Class: 2331K(2496K)->2331K(2496K)
[170.034s][info][gc             ] GC(815) Pause Young (Allocation Failure) 119M->5M(910M) 0.449ms
[170.034s][info][gc,cpu         ] GC(815) User=0.00s Sys=0.00s Real=0.00s
[170.052s][info][gc,start       ] GC(816) Pause Young (Allocation Failure)
[170.052s][info][gc,heap        ] GC(816) PSYoungGen: 116928K(232960K)->320K(238080K) Eden: 116736K(116736K)->0K(121856K) From: 192K(116224K)->320K(116224K)
[170.052s][info][gc,heap        ] GC(816) ParOldGen: 5875K(699392K)->5915K(699392K)
[170.052s][info][gc,metaspace   ] GC(816) Metaspace: 16541K(16896K)->16541K(16896K) NonClass: 14210K(14400K)->14210K(14400K) Class: 2331K(2496K)->2331K(2496K)
[170.052s][info][gc             ] GC(816) Pause Young (Allocation Failure) 119M->6M(915M) 0.421ms
[170.052s][info][gc,cpu         ] GC(816) User=0.00s Sys=0.00s Real=0.00s
[170.071s][info][gc,start       ] GC(817) Pause Young (Allocation Failure)
[170.072s][info][gc,heap        ] GC(817) PSYoungGen: 122176K(238080K)->320K(232960K) Eden: 121856K(121856K)->0K(121856K) From: 320K(116224K)->320K(111104K)
[170.072s][info][gc,heap        ] GC(817) ParOldGen: 5915K(699392K)->5915K(699392K)
[170.072s][info][gc,metaspace   ] GC(817) Metaspace: 16541K(16896K)->16541K(16896K) NonClass: 14210K(14400K)->14210K(14400K) Class: 2331K(2496K)->2331K(2496K)
[170.072s][info][gc             ] GC(817) Pause Young (Allocation Failure) 125M->6M(910M) 0.484ms
[170.072s][info][gc,cpu         ] GC(817) User=0.00s Sys=0.00s Real=0.00s
[170.090s][info][gc,start       ] GC(818) Pause Young (Allocation Failure)
[170.091s][info][gc,heap        ] GC(818) PSYoungGen: 122176K(232960K)->352K(251392K) Eden: 121856K(121856K)->0K(146944K) From: 320K(111104K)->352K(104448K)
[170.091s][info][gc,heap        ] GC(818) ParOldGen: 5915K(699392K)->5915K(699392K)
[170.091s][info][gc,metaspace   ] GC(818) Metaspace: 16541K(16896K)->16541K(16896K) NonClass: 14210K(14400K)->14210K(14400K) Class: 2331K(2496K)->2331K(2496K)
[170.091s][info][gc             ] GC(818) Pause Young (Allocation Failure) 125M->6M(928M) 0.426ms
[170.091s][info][gc,cpu         ] GC(818) User=0.00s Sys=0.00s Real=0.00s
[170.113s][info][gc,start       ] GC(819) Pause Young (Allocation Failure)
[170.114s][info][gc,heap        ] GC(819) PSYoungGen: 147296K(251392K)->320K(244736K) Eden: 146944K(146944K)->0K(146944K) From: 352K(104448K)->320K(97792K)
[170.114s][info][gc,heap        ] GC(819) ParOldGen: 5915K(699392K)->5915K(699392K)
[170.114s][info][gc,metaspace   ] GC(819) Metaspace: 16541K(16896K)->16541K(16896K) NonClass: 14210K(14400K)->14210K(14400K) Class: 2331K(2496K)->2331K(2496K)
[170.114s][info][gc             ] GC(819) Pause Young (Allocation Failure) 149M->6M(922M) 0.473ms
[170.114s][info][gc,cpu         ] GC(819) User=0.00s Sys=0.00s Real=0.00s
[170.137s][info][gc,start       ] GC(820) Pause Young (Allocation Failure)
[170.137s][info][gc,heap        ] GC(820) PSYoungGen: 147264K(244736K)->384K(263168K) Eden: 146944K(146944K)->0K(171520K) From: 320K(97792K)->384K(91648K)
[170.137s][info][gc,heap        ] GC(820) ParOldGen: 5915K(699392K)->5915K(699392K)
[170.137s][info][gc,metaspace   ] GC(820) Metaspace: 16541K(16896K)->16541K(16896K) NonClass: 14210K(14400K)->14210K(14400K) Class: 2331K(2496K)->2331K(2496K)
[170.137s][info][gc             ] GC(820) Pause Young (Allocation Failure) 149M->6M(940M) 0.475ms
[170.137s][info][gc,cpu         ] GC(820) User=0.00s Sys=0.00s Real=0.00s
[170.163s][info][gc,start       ] GC(821) Pause Young (Allocation Failure)
[170.163s][info][gc,heap        ] GC(821) PSYoungGen: 171904K(263168K)->320K(257536K) Eden: 171520K(171520K)->0K(171520K) From: 384K(91648K)->320K(86016K)
[170.163s][info][gc,heap        ] GC(821) ParOldGen: 5915K(699392K)->5915K(699392K)
[170.163s][info][gc,metaspace   ] GC(821) Metaspace: 16541K(16896K)->16541K(16896K) NonClass: 14210K(14400K)->14210K(14400K) Class: 2331K(2496K)->2331K(2496K)
[170.163s][info][gc             ] GC(821) Pause Young (Allocation Failure) 173M->6M(934M) 0.460ms
[170.163s][info][gc,cpu         ] GC(821) User=0.00s Sys=0.00s Real=0.00s
[170.190s][info][gc,start       ] GC(822) Pause Young (Allocation Failure)
[170.191s][info][gc,heap        ] GC(822) PSYoungGen: 171840K(257536K)->352K(274432K) Eden: 171520K(171520K)->0K(194048K) From: 320K(86016K)->352K(80384K)
[170.191s][info][gc,heap        ] GC(822) ParOldGen: 5915K(699392K)->5915K(699392K)
[170.191s][info][gc,metaspace   ] GC(822) Metaspace: 16541K(16896K)->16541K(16896K) NonClass: 14210K(14400K)->14210K(14400K) Class: 2331K(2496K)->2331K(2496K)
[170.191s][info][gc             ] GC(822) Pause Young (Allocation Failure) 173M->6M(951M) 0.484ms
[170.191s][info][gc,cpu         ] GC(822) User=0.00s Sys=0.00s Real=0.00s
[170.221s][info][gc,start       ] GC(823) Pause Young (Allocation Failure)
[170.224s][info][gc,heap        ] GC(823) PSYoungGen: 194400K(274432K)->352K(268800K) Eden: 194048K(194048K)->0K(194048K) From: 352K(80384K)->352K(74752K)
[170.224s][info][gc,heap        ] GC(823) ParOldGen: 5915K(699392K)->5915K(699392K)
[170.224s][info][gc,metaspace   ] GC(823) Metaspace: 16541K(16896K)->16541K(16896K) NonClass: 14210K(14400K)->14210K(14400K) Class: 2331K(2496K)->2331K(2496K)
[170.224s][info][gc             ] GC(823) Pause Young (Allocation Failure) 195M->6M(945M) 2.955ms
[170.224s][info][gc,cpu         ] GC(823) User=0.00s Sys=0.00s Real=0.02s
[170.254s][info][gc,start       ] GC(824) Pause Young (Allocation Failure)
[170.255s][info][gc,heap        ] GC(824) PSYoungGen: 194400K(268800K)->352K(284160K) Eden: 194048K(194048K)->0K(214528K) From: 352K(74752K)->352K(69632K)
[170.255s][info][gc,heap        ] GC(824) ParOldGen: 5915K(699392K)->5915K(699392K)
[170.255s][info][gc,metaspace   ] GC(824) Metaspace: 16541K(16896K)->16541K(16896K) NonClass: 14210K(14400K)->14210K(14400K) Class: 2331K(2496K)->2331K(2496K)
[170.255s][info][gc             ] GC(824) Pause Young (Allocation Failure) 195M->6M(960M) 0.526ms
[170.255s][info][gc,cpu         ] GC(824) User=0.00s Sys=0.00s Real=0.00s
[170.290s][info][gc,start       ] GC(825) Pause Young (Allocation Failure)
[170.290s][info][gc,heap        ] GC(825) PSYoungGen: 214880K(284160K)->352K(279552K) Eden: 214528K(214528K)->0K(214528K) From: 352K(69632K)->352K(65024K)
[170.290s][info][gc,heap        ] GC(825) ParOldGen: 5915K(699392K)->5915K(699392K)
[170.290s][info][gc,metaspace   ] GC(825) Metaspace: 16541K(16896K)->16541K(16896K) NonClass: 14210K(14400K)->14210K(14400K) Class: 2331K(2496K)->2331K(2496K)
[170.290s][info][gc             ] GC(825) Pause Young (Allocation Failure) 215M->6M(956M) 0.433ms
[170.290s][info][gc,cpu         ] GC(825) User=0.00s Sys=0.00s Real=0.00s
[170.326s][info][gc,start       ] GC(826) Pause Young (Allocation Failure)
[170.326s][info][gc,heap        ] GC(826) PSYoungGen: 214880K(279552K)->352K(292864K) Eden: 214528K(214528K)->0K(232448K) From: 352K(65024K)->352K(60416K)
[170.326s][info][gc,heap        ] GC(826) ParOldGen: 5915K(699392K)->5915K(699392K)
[170.326s][info][gc,metaspace   ] GC(826) Metaspace: 16541K(16896K)->16541K(16896K) NonClass: 14210K(14400K)->14210K(14400K) Class: 2331K(2496K)->2331K(2496K)
[170.326s][info][gc             ] GC(826) Pause Young (Allocation Failure) 215M->6M(969M) 0.493ms
[170.326s][info][gc,cpu         ] GC(826) User=0.00s Sys=0.00s Real=0.00s
[170.392s][info][gc,start       ] GC(827) Pause Young (Allocation Failure)
[170.423s][info][gc,heap        ] GC(827) PSYoungGen: 232800K(292864K)->56306K(288768K) Eden: 232448K(232448K)->0K(232448K) From: 352K(60416K)->56306K(56320K)
[170.423s][info][gc,heap        ] GC(827) ParOldGen: 5915K(699392K)->18507K(699392K)
[170.423s][info][gc,metaspace   ] GC(827) Metaspace: 16541K(16896K)->16541K(16896K) NonClass: 14210K(14400K)->14210K(14400K) Class: 2331K(2496K)->2331K(2496K)
[170.423s][info][gc             ] GC(827) Pause Young (Allocation Failure) 233M->73M(965M) 30.783ms
[170.423s][info][gc,cpu         ] GC(827) User=0.03s Sys=0.00s Real=0.03s
[170.573s][info][gc,start       ] GC(828) Pause Young (Allocation Failure)
[170.686s][info][gc,heap        ] GC(828) PSYoungGen: 288754K(288768K)->60387K(177152K) Eden: 232448K(232448K)->0K(116736K) From: 56306K(56320K)->60387K(60416K)
[170.686s][info][gc,heap        ] GC(828) ParOldGen: 18507K(699392K)->172267K(699392K)
[170.686s][info][gc,metaspace   ] GC(828) Metaspace: 16541K(16896K)->16541K(16896K) NonClass: 14210K(14400K)->14210K(14400K) Class: 2331K(2496K)->2331K(2496K)
[170.686s][info][gc             ] GC(828) Pause Young (Allocation Failure) 300M->227M(856M) 113.127ms
[170.686s][info][gc,cpu         ] GC(828) User=0.64s Sys=0.00s Real=0.11s
[170.762s][info][gc,start       ] GC(829) Pause Young (Allocation Failure)
[170.830s][info][gc,heap        ] GC(829) PSYoungGen: 177123K(177152K)->116195K(232960K) Eden: 116736K(116736K)->0K(116736K) From: 60387K(60416K)->116195K(116224K)
[170.830s][info][gc,heap        ] GC(829) ParOldGen: 172267K(699392K)->196939K(699392K)
[170.830s][info][gc,metaspace   ] GC(829) Metaspace: 16541K(16896K)->16541K(16896K) NonClass: 14210K(14400K)->14210K(14400K) Class: 2331K(2496K)->2331K(2496K)
[170.830s][info][gc             ] GC(829) Pause Young (Allocation Failure) 341M->305M(910M) 67.872ms
[170.830s][info][gc,cpu         ] GC(829) User=0.38s Sys=0.00s Real=0.08s
[170.912s][info][gc,start       ] GC(830) Pause Young (Allocation Failure)
[171.008s][info][gc,heap        ] GC(830) PSYoungGen: 232931K(232960K)->116195K(232960K) Eden: 116736K(116736K)->0K(116736K) From: 116195K(116224K)->116195K(116224K)
[171.008s][info][gc,heap        ] GC(830) ParOldGen: 196939K(699392K)->277243K(699392K)
[171.008s][info][gc,metaspace   ] GC(830) Metaspace: 16541K(16896K)->16541K(16896K) NonClass: 14210K(14400K)->14210K(14400K) Class: 2331K(2496K)->2331K(2496K)
[171.008s][info][gc             ] GC(830) Pause Young (Allocation Failure) 419M->384M(910M) 96.300ms
[171.008s][info][gc,cpu         ] GC(830) User=0.50s Sys=0.00s Real=0.10s
[171.205s][info][gc,start       ] GC(831) Pause Young (Allocation Failure)
[171.300s][info][gc,heap        ] GC(831) PSYoungGen: 232931K(232960K)->116195K(232960K) Eden: 116736K(116736K)->0K(116736K) From: 116195K(116224K)->116195K(116224K)
[171.300s][info][gc,heap        ] GC(831) ParOldGen: 277243K(699392K)->332715K(699392K)
[171.300s][info][gc,metaspace   ] GC(831) Metaspace: 16541K(16896K)->16541K(16896K) NonClass: 14210K(14400K)->14210K(14400K) Class: 2331K(2496K)->2331K(2496K)
[171.300s][info][gc             ] GC(831) Pause Young (Allocation Failure) 498M->438M(910M) 95.105ms
[171.300s][info][gc,cpu         ] GC(831) User=0.48s Sys=0.00s Real=0.09s
[173.528s][info][gc,start       ] GC(832) Pause Young (Allocation Failure)
[173.605s][info][gc,heap        ] GC(832) PSYoungGen: 232931K(232960K)->116195K(232960K) Eden: 116736K(116736K)->0K(116736K) From: 116195K(116224K)->116195K(116224K)
[173.605s][info][gc,heap        ] GC(832) ParOldGen: 332715K(699392K)->356699K(699392K)
[173.605s][info][gc,metaspace   ] GC(832) Metaspace: 16543K(16896K)->16543K(16896K) NonClass: 14212K(14400K)->14212K(14400K) Class: 2331K(2496K)->2331K(2496K)
[173.605s][info][gc             ] GC(832) Pause Young (Allocation Failure) 552M->461M(910M) 76.348ms
[173.605s][info][gc,cpu         ] GC(832) User=0.38s Sys=0.00s Real=0.06s
[173.659s][info][gc,start       ] GC(833) Pause Young (Allocation Failure)
[173.744s][info][gc,heap        ] GC(833) PSYoungGen: 232931K(232960K)->116224K(232960K) Eden: 116736K(116736K)->0K(116736K) From: 116195K(116224K)->116224K(116224K)
[173.744s][info][gc,heap        ] GC(833) ParOldGen: 356699K(699392K)->407375K(699392K)
[173.744s][info][gc,metaspace   ] GC(833) Metaspace: 16543K(16896K)->16543K(16896K) NonClass: 14212K(14400K)->14212K(14400K) Class: 2331K(2496K)->2331K(2496K)
[173.744s][info][gc             ] GC(833) Pause Young (Allocation Failure) 575M->511M(910M) 85.030ms
[173.744s][info][gc,cpu         ] GC(833) User=0.47s Sys=0.00s Real=0.08s
[173.800s][info][gc,start       ] GC(834) Pause Young (Allocation Failure)
[173.871s][info][gc,heap        ] GC(834) PSYoungGen: 232960K(232960K)->116224K(232960K) Eden: 116736K(116736K)->0K(116736K) From: 116224K(116224K)->116224K(116224K)
[173.871s][info][gc,heap        ] GC(834) ParOldGen: 407375K(699392K)->457319K(699392K)
[173.871s][info][gc,metaspace   ] GC(834) Metaspace: 16543K(16896K)->16543K(16896K) NonClass: 14212K(14400K)->14212K(14400K) Class: 2331K(2496K)->2331K(2496K)
[173.871s][info][gc             ] GC(834) Pause Young (Allocation Failure) 625M->560M(910M) 71.280ms
[173.871s][info][gc,cpu         ] GC(834) User=0.41s Sys=0.00s Real=0.07s
[173.928s][info][gc,start       ] GC(835) Pause Young (Allocation Failure)
[174.003s][info][gc,heap        ] GC(835) PSYoungGen: 232960K(232960K)->114304K(232960K) Eden: 116736K(116736K)->0K(116736K) From: 116224K(116224K)->114304K(116224K)
[174.003s][info][gc,heap        ] GC(835) ParOldGen: 457319K(699392K)->509535K(699392K)
[174.003s][info][gc,metaspace   ] GC(835) Metaspace: 16543K(16896K)->16543K(16896K) NonClass: 14212K(14400K)->14212K(14400K) Class: 2331K(2496K)->2331K(2496K)
[174.003s][info][gc             ] GC(835) Pause Young (Allocation Failure) 674M->609M(910M) 75.141ms
[174.003s][info][gc,cpu         ] GC(835) User=0.45s Sys=0.00s Real=0.08s
[174.061s][info][gc,start       ] GC(836) Pause Young (Allocation Failure)
[174.129s][info][gc,heap        ] GC(836) PSYoungGen: 231040K(232960K)->116224K(232960K) Eden: 116736K(116736K)->0K(116736K) From: 114304K(116224K)->116224K(116224K)
[174.129s][info][gc,heap        ] GC(836) ParOldGen: 509535K(699392K)->555903K(699392K)
[174.129s][info][gc,metaspace   ] GC(836) Metaspace: 16543K(16896K)->16543K(16896K) NonClass: 14212K(14400K)->14212K(14400K) Class: 2331K(2496K)->2331K(2496K)
[174.129s][info][gc             ] GC(836) Pause Young (Allocation Failure) 723M->656M(910M) 68.425ms
[174.129s][info][gc,cpu         ] GC(836) User=0.38s Sys=0.00s Real=0.06s
[174.187s][info][gc,start       ] GC(837) Pause Young (Allocation Failure)
[174.258s][info][gc,heap        ] GC(837) PSYoungGen: 232960K(232960K)->91776K(232960K) Eden: 116736K(116736K)->0K(116736K) From: 116224K(116224K)->91776K(116224K)
[174.258s][info][gc,heap        ] GC(837) ParOldGen: 555903K(699392K)->629511K(699392K)
[174.258s][info][gc,metaspace   ] GC(837) Metaspace: 16543K(16896K)->16543K(16896K) NonClass: 14212K(14400K)->14212K(14400K) Class: 2331K(2496K)->2331K(2496K)
[174.258s][info][gc             ] GC(837) Pause Young (Allocation Failure) 770M->704M(910M) 71.329ms
[174.258s][info][gc,cpu         ] GC(837) User=0.38s Sys=0.00s Real=0.06s
[174.317s][info][gc,start       ] GC(838) Pause Full (Ergonomics)
[174.317s][info][gc,phases,start] GC(838) Marking Phase
[174.399s][info][gc,phases      ] GC(838) Marking Phase 82.425ms
[174.399s][info][gc,phases,start] GC(838) Summary Phase
[174.399s][info][gc,phases      ] GC(838) Summary Phase 0.022ms
[174.399s][info][gc,phases,start] GC(838) Adjust Roots
[174.401s][info][gc,phases      ] GC(838) Adjust Roots 1.716ms
[174.401s][info][gc,phases,start] GC(838) Compaction Phase
[174.582s][info][gc,phases      ] GC(838) Compaction Phase 180.690ms
[174.582s][info][gc,phases,start] GC(838) Post Compact
[174.584s][info][gc,phases      ] GC(838) Post Compact 1.635ms
[174.584s][info][gc,heap        ] GC(838) PSYoungGen: 208512K(232960K)->0K(232960K) Eden: 116736K(116736K)->0K(116736K) From: 91776K(116224K)->0K(116224K)
[174.584s][info][gc,heap        ] GC(838) ParOldGen: 629511K(699392K)->323702K(699392K)
[174.584s][info][gc,metaspace   ] GC(838) Metaspace: 16543K(16896K)->16543K(16896K) NonClass: 14212K(14400K)->14212K(14400K) Class: 2331K(2496K)->2331K(2496K)
[174.584s][info][gc             ] GC(838) Pause Full (Ergonomics) 818M->316M(910M) 266.811ms
[174.584s][info][gc,cpu         ] GC(838) User=1.52s Sys=0.00s Real=0.27s
[174.643s][info][gc,start       ] GC(839) Pause Young (Allocation Failure)
[174.667s][info][gc,heap        ] GC(839) PSYoungGen: 116736K(232960K)->51008K(232960K) Eden: 116736K(116736K)->0K(116736K) From: 0K(116224K)->51008K(116224K)
[174.667s][info][gc,heap        ] GC(839) ParOldGen: 323702K(699392K)->323702K(699392K)
[174.667s][info][gc,metaspace   ] GC(839) Metaspace: 16543K(16896K)->16543K(16896K) NonClass: 14212K(14400K)->14212K(14400K) Class: 2331K(2496K)->2331K(2496K)
[174.667s][info][gc             ] GC(839) Pause Young (Allocation Failure) 430M->365M(910M) 23.961ms
[174.667s][info][gc,cpu         ] GC(839) User=0.06s Sys=0.00s Real=0.02s
[174.727s][info][gc,start       ] GC(840) Pause Young (Allocation Failure)
[174.769s][info][gc,heap        ] GC(840) PSYoungGen: 167744K(232960K)->51136K(232960K) Eden: 116736K(116736K)->0K(116736K) From: 51008K(116224K)->51136K(116224K)
[174.769s][info][gc,heap        ] GC(840) ParOldGen: 323702K(699392K)->371686K(699392K)
[174.769s][info][gc,metaspace   ] GC(840) Metaspace: 16543K(16896K)->16543K(16896K) NonClass: 14212K(14400K)->14212K(14400K) Class: 2331K(2496K)->2331K(2496K)
[174.769s][info][gc             ] GC(840) Pause Young (Allocation Failure) 479M->412M(910M) 41.756ms
[174.769s][info][gc,cpu         ] GC(840) User=0.17s Sys=0.00s Real=0.05s
[175.077s][info][gc,start       ] GC(841) Pause Young (Allocation Failure)
[175.160s][info][gc,heap        ] GC(841) PSYoungGen: 167872K(232960K)->69386K(232960K) Eden: 116736K(116736K)->0K(116736K) From: 51136K(116224K)->69386K(116224K)
[175.160s][info][gc,heap        ] GC(841) ParOldGen: 371686K(699392K)->420446K(699392K)
[175.160s][info][gc,metaspace   ] GC(841) Metaspace: 16543K(16896K)->16543K(16896K) NonClass: 14212K(14400K)->14212K(14400K) Class: 2331K(2496K)->2331K(2496K)
[175.160s][info][gc             ] GC(841) Pause Young (Allocation Failure) 526M->478M(910M) 83.041ms
[175.160s][info][gc,cpu         ] GC(841) User=0.42s Sys=0.00s Real=0.08s
[175.300s][info][gc,start       ] GC(842) Pause Young (Allocation Failure)
[175.351s][info][gc,heap        ] GC(842) PSYoungGen: 186122K(232960K)->4032K(232960K) Eden: 116736K(116736K)->0K(116736K) From: 69386K(116224K)->4032K(116224K)
[175.351s][info][gc,heap        ] GC(842) ParOldGen: 420446K(699392K)->466738K(699392K)
[175.351s][info][gc,metaspace   ] GC(842) Metaspace: 16543K(16896K)->16543K(16896K) NonClass: 14212K(14400K)->14212K(14400K) Class: 2331K(2496K)->2331K(2496K)
[175.351s][info][gc             ] GC(842) Pause Young (Allocation Failure) 592M->459M(910M) 51.797ms
[175.351s][info][gc,cpu         ] GC(842) User=0.28s Sys=0.00s Real=0.06s
[175.495s][info][gc,start       ] GC(843) Pause Young (Allocation Failure)
[175.498s][info][gc,heap        ] GC(843) PSYoungGen: 120768K(232960K)->3328K(232960K) Eden: 116736K(116736K)->0K(116736K) From: 4032K(116224K)->3328K(116224K)
[175.498s][info][gc,heap        ] GC(843) ParOldGen: 466738K(699392K)->467122K(699392K)
[175.498s][info][gc,metaspace   ] GC(843) Metaspace: 16543K(16896K)->16543K(16896K) NonClass: 14212K(14400K)->14212K(14400K) Class: 2331K(2496K)->2331K(2496K)
[175.498s][info][gc             ] GC(843) Pause Young (Allocation Failure) 573M->459M(910M) 2.939ms
[175.498s][info][gc,cpu         ] GC(843) User=0.00s Sys=0.00s Real=0.00s
[175.629s][info][gc,start       ] GC(844) Pause Young (Allocation Failure)
[175.632s][info][gc,heap        ] GC(844) PSYoungGen: 120064K(232960K)->2560K(232960K) Eden: 116736K(116736K)->0K(116736K) From: 3328K(116224K)->2560K(116224K)
[175.632s][info][gc,heap        ] GC(844) ParOldGen: 467122K(699392K)->467282K(699392K)
[175.632s][info][gc,metaspace   ] GC(844) Metaspace: 16543K(16896K)->16543K(16896K) NonClass: 14212K(14400K)->14212K(14400K) Class: 2331K(2496K)->2331K(2496K)
[175.632s][info][gc             ] GC(844) Pause Young (Allocation Failure) 573M->458M(910M) 2.541ms
[175.632s][info][gc,cpu         ] GC(844) User=0.00s Sys=0.00s Real=0.00s
[175.759s][info][gc,start       ] GC(845) Pause Young (Allocation Failure)
[175.760s][info][gc,heap        ] GC(845) PSYoungGen: 119296K(232960K)->1088K(232960K) Eden: 116736K(116736K)->0K(116736K) From: 2560K(116224K)->1088K(116224K)
[175.760s][info][gc,heap        ] GC(845) ParOldGen: 467282K(699392K)->467330K(699392K)
[175.760s][info][gc,metaspace   ] GC(845) Metaspace: 16543K(16896K)->16543K(16896K) NonClass: 14212K(14400K)->14212K(14400K) Class: 2331K(2496K)->2331K(2496K)
[175.760s][info][gc             ] GC(845) Pause Young (Allocation Failure) 572M->457M(910M) 1.657ms
[175.760s][info][gc,cpu         ] GC(845) User=0.00s Sys=0.00s Real=0.02s
[176.461s][info][gc,start       ] GC(846) Pause Young (System.gc())
[176.462s][info][gc,heap        ] GC(846) PSYoungGen: 116484K(232960K)->96K(232960K) Eden: 115396K(116736K)->0K(116736K) From: 1088K(116224K)->96K(116224K)
[176.462s][info][gc,heap        ] GC(846) ParOldGen: 467330K(699392K)->467330K(699392K)
[176.462s][info][gc,metaspace   ] GC(846) Metaspace: 16546K(16896K)->16546K(16896K) NonClass: 14214K(14400K)->14214K(14400K) Class: 2331K(2496K)->2331K(2496K)
[176.462s][info][gc             ] GC(846) Pause Young (System.gc()) 570M->456M(910M) 0.796ms
[176.462s][info][gc,cpu         ] GC(846) User=0.00s Sys=0.00s Real=0.00s
[176.462s][info][gc,start       ] GC(847) Pause Full (System.gc())
[176.462s][info][gc,phases,start] GC(847) Marking Phase
[176.467s][info][gc,phases      ] GC(847) Marking Phase 4.870ms
[176.467s][info][gc,phases,start] GC(847) Summary Phase
[176.467s][info][gc,phases      ] GC(847) Summary Phase 0.012ms
[176.467s][info][gc,phases,start] GC(847) Adjust Roots
[176.469s][info][gc,phases      ] GC(847) Adjust Roots 1.708ms
[176.469s][info][gc,phases,start] GC(847) Compaction Phase
[176.470s][info][gc,phases      ] GC(847) Compaction Phase 1.498ms
[176.470s][info][gc,phases,start] GC(847) Post Compact
[176.472s][info][gc,phases      ] GC(847) Post Compact 1.638ms
[176.472s][info][gc,heap        ] GC(847) PSYoungGen: 96K(232960K)->0K(232960K) Eden: 0K(116736K)->0K(116736K) From: 96K(116224K)->0K(116224K)
[176.472s][info][gc,heap        ] GC(847) ParOldGen: 467330K(699392K)->5547K(699392K)
[176.472s][info][gc,metaspace   ] GC(847) Metaspace: 16546K(16896K)->16546K(16896K) NonClass: 14214K(14400K)->14214K(14400K) Class: 2331K(2496K)->2331K(2496K)
[176.472s][info][gc             ] GC(847) Pause Full (System.gc()) 456M->5M(910M) 9.987ms
[176.472s][info][gc,cpu         ] GC(847) User=0.00s Sys=0.00s Real=0.02s
[178.002s][info][gc,start       ] GC(848) Pause Young (Allocation Failure)
[178.003s][info][gc,heap        ] GC(848) PSYoungGen: 116736K(232960K)->384K(232960K) Eden: 116736K(116736K)->0K(116736K) From: 0K(116224K)->384K(116224K)
[178.003s][info][gc,heap        ] GC(848) ParOldGen: 5547K(699392K)->5547K(699392K)
[178.003s][info][gc,metaspace   ] GC(848) Metaspace: 16548K(16896K)->16548K(16896K) NonClass: 14216K(14400K)->14216K(14400K) Class: 2331K(2496K)->2331K(2496K)
[178.003s][info][gc             ] GC(848) Pause Young (Allocation Failure) 119M->5M(910M) 0.586ms
[178.003s][info][gc,cpu         ] GC(848) User=0.00s Sys=0.00s Real=0.00s
[178.025s][info][gc,start       ] GC(849) Pause Young (Allocation Failure)
[178.026s][info][gc,heap        ] GC(849) PSYoungGen: 117120K(232960K)->192K(232960K) Eden: 116736K(116736K)->0K(116736K) From: 384K(116224K)->192K(116224K)
[178.026s][info][gc,heap        ] GC(849) ParOldGen: 5547K(699392K)->5659K(699392K)
[178.026s][info][gc,metaspace   ] GC(849) Metaspace: 16548K(16896K)->16548K(16896K) NonClass: 14216K(14400K)->14216K(14400K) Class: 2331K(2496K)->2331K(2496K)
[178.026s][info][gc             ] GC(849) Pause Young (Allocation Failure) 119M->5M(910M) 0.638ms
[178.026s][info][gc,cpu         ] GC(849) User=0.00s Sys=0.00s Real=0.00s
[178.047s][info][gc,start       ] GC(850) Pause Young (Allocation Failure)
[178.048s][info][gc,heap        ] GC(850) PSYoungGen: 116928K(232960K)->224K(232960K) Eden: 116736K(116736K)->0K(116736K) From: 192K(116224K)->224K(116224K)
[178.048s][info][gc,heap        ] GC(850) ParOldGen: 5659K(699392K)->5699K(699392K)
[178.048s][info][gc,metaspace   ] GC(850) Metaspace: 16548K(16896K)->16548K(16896K) NonClass: 14216K(14400K)->14216K(14400K) Class: 2331K(2496K)->2331K(2496K)
[178.048s][info][gc             ] GC(850) Pause Young (Allocation Failure) 119M->5M(910M) 0.522ms
[178.048s][info][gc,cpu         ] GC(850) User=0.00s Sys=0.00s Real=0.00s
[178.070s][info][gc,start       ] GC(851) Pause Young (Allocation Failure)
[178.070s][info][gc,heap        ] GC(851) PSYoungGen: 116960K(232960K)->320K(232960K) Eden: 116736K(116736K)->0K(116736K) From: 224K(116224K)->320K(116224K)
[178.070s][info][gc,heap        ] GC(851) ParOldGen: 5699K(699392K)->5747K(699392K)
[178.070s][info][gc,metaspace   ] GC(851) Metaspace: 16548K(16896K)->16548K(16896K) NonClass: 14216K(14400K)->14216K(14400K) Class: 2331K(2496K)->2331K(2496K)
[178.070s][info][gc             ] GC(851) Pause Young (Allocation Failure) 119M->5M(910M) 0.477ms
[178.070s][info][gc,cpu         ] GC(851) User=0.00s Sys=0.00s Real=0.00s
[178.092s][info][gc,start       ] GC(852) Pause Young (Allocation Failure)
[178.092s][info][gc,heap        ] GC(852) PSYoungGen: 117056K(232960K)->224K(232960K) Eden: 116736K(116736K)->0K(116736K) From: 320K(116224K)->224K(116224K)
[178.092s][info][gc,heap        ] GC(852) ParOldGen: 5747K(699392K)->5795K(699392K)
[178.092s][info][gc,metaspace   ] GC(852) Metaspace: 16548K(16896K)->16548K(16896K) NonClass: 14216K(14400K)->14216K(14400K) Class: 2331K(2496K)->2331K(2496K)
[178.092s][info][gc             ] GC(852) Pause Young (Allocation Failure) 119M->5M(910M) 0.485ms
[178.092s][info][gc,cpu         ] GC(852) User=0.00s Sys=0.00s Real=0.00s
[178.114s][info][gc,start       ] GC(853) Pause Young (Allocation Failure)
[178.114s][info][gc,heap        ] GC(853) PSYoungGen: 116960K(232960K)->288K(232960K) Eden: 116736K(116736K)->0K(116736K) From: 224K(116224K)->288K(116224K)
[178.115s][info][gc,heap        ] GC(853) ParOldGen: 5795K(699392K)->5827K(699392K)
[178.115s][info][gc,metaspace   ] GC(853) Metaspace: 16548K(16896K)->16548K(16896K) NonClass: 14216K(14400K)->14216K(14400K) Class: 2331K(2496K)->2331K(2496K)
[178.115s][info][gc             ] GC(853) Pause Young (Allocation Failure) 119M->5M(910M) 0.481ms
[178.115s][info][gc,cpu         ] GC(853) User=0.00s Sys=0.00s Real=0.00s
[178.135s][info][gc,start       ] GC(854) Pause Young (Allocation Failure)
[178.136s][info][gc,heap        ] GC(854) PSYoungGen: 117024K(232960K)->224K(232960K) Eden: 116736K(116736K)->0K(116736K) From: 288K(116224K)->224K(116224K)
[178.136s][info][gc,heap        ] GC(854) ParOldGen: 5827K(699392K)->5875K(699392K)
[178.136s][info][gc,metaspace   ] GC(854) Metaspace: 16548K(16896K)->16548K(16896K) NonClass: 14216K(14400K)->14216K(14400K) Class: 2331K(2496K)->2331K(2496K)
[178.136s][info][gc             ] GC(854) Pause Young (Allocation Failure) 119M->5M(910M) 0.456ms
[178.136s][info][gc,cpu         ] GC(854) User=0.00s Sys=0.00s Real=0.00s
[178.157s][info][gc,start       ] GC(855) Pause Young (Allocation Failure)
[178.157s][info][gc,heap        ] GC(855) PSYoungGen: 116960K(232960K)->224K(232960K) Eden: 116736K(116736K)->0K(116736K) From: 224K(116224K)->224K(116224K)
[178.157s][info][gc,heap        ] GC(855) ParOldGen: 5875K(699392K)->5923K(699392K)
[178.157s][info][gc,metaspace   ] GC(855) Metaspace: 16548K(16896K)->16548K(16896K) NonClass: 14216K(14400K)->14216K(14400K) Class: 2331K(2496K)->2331K(2496K)
[178.158s][info][gc             ] GC(855) Pause Young (Allocation Failure) 119M->6M(910M) 0.496ms
[178.158s][info][gc,cpu         ] GC(855) User=0.00s Sys=0.00s Real=0.00s
[178.179s][info][gc,start       ] GC(856) Pause Young (Allocation Failure)
[178.179s][info][gc,heap        ] GC(856) PSYoungGen: 116960K(232960K)->320K(232960K) Eden: 116736K(116736K)->0K(116736K) From: 224K(116224K)->320K(116224K)
[178.179s][info][gc,heap        ] GC(856) ParOldGen: 5923K(699392K)->5963K(699392K)
[178.179s][info][gc,metaspace   ] GC(856) Metaspace: 16548K(16896K)->16548K(16896K) NonClass: 14216K(14400K)->14216K(14400K) Class: 2331K(2496K)->2331K(2496K)
[178.179s][info][gc             ] GC(856) Pause Young (Allocation Failure) 120M->6M(910M) 0.591ms
[178.179s][info][gc,cpu         ] GC(856) User=0.00s Sys=0.00s Real=0.00s
[178.201s][info][gc,start       ] GC(857) Pause Young (Allocation Failure)
[178.202s][info][gc,heap        ] GC(857) PSYoungGen: 117056K(232960K)->256K(232960K) Eden: 116736K(116736K)->0K(116736K) From: 320K(116224K)->256K(116224K)
[178.202s][info][gc,heap        ] GC(857) ParOldGen: 5963K(699392K)->6019K(699392K)
[178.202s][info][gc,metaspace   ] GC(857) Metaspace: 16548K(16896K)->16548K(16896K) NonClass: 14216K(14400K)->14216K(14400K) Class: 2331K(2496K)->2331K(2496K)
[178.202s][info][gc             ] GC(857) Pause Young (Allocation Failure) 120M->6M(910M) 0.524ms
[178.202s][info][gc,cpu         ] GC(857) User=0.00s Sys=0.00s Real=0.00s
[178.223s][info][gc,start       ] GC(858) Pause Young (Allocation Failure)
[178.223s][info][gc,heap        ] GC(858) PSYoungGen: 116992K(232960K)->224K(232960K) Eden: 116736K(116736K)->0K(116736K) From: 256K(116224K)->224K(116224K)
[178.223s][info][gc,heap        ] GC(858) ParOldGen: 6019K(699392K)->6059K(699392K)
[178.223s][info][gc,metaspace   ] GC(858) Metaspace: 16548K(16896K)->16548K(16896K) NonClass: 14216K(14400K)->14216K(14400K) Class: 2331K(2496K)->2331K(2496K)
[178.223s][info][gc             ] GC(858) Pause Young (Allocation Failure) 120M->6M(910M) 0.570ms
[178.223s][info][gc,cpu         ] GC(858) User=0.00s Sys=0.02s Real=0.00s
[178.246s][info][gc,start       ] GC(859) Pause Young (Allocation Failure)
[178.246s][info][gc,heap        ] GC(859) PSYoungGen: 116960K(232960K)->224K(232960K) Eden: 116736K(116736K)->0K(116736K) From: 224K(116224K)->224K(116224K)
[178.246s][info][gc,heap        ] GC(859) ParOldGen: 6059K(699392K)->6107K(699392K)
[178.246s][info][gc,metaspace   ] GC(859) Metaspace: 16548K(16896K)->16548K(16896K) NonClass: 14216K(14400K)->14216K(14400K) Class: 2331K(2496K)->2331K(2496K)
[178.246s][info][gc             ] GC(859) Pause Young (Allocation Failure) 120M->6M(910M) 0.521ms
[178.246s][info][gc,cpu         ] GC(859) User=0.00s Sys=0.00s Real=0.00s
[178.267s][info][gc,start       ] GC(860) Pause Young (Allocation Failure)
[178.268s][info][gc,heap        ] GC(860) PSYoungGen: 116960K(232960K)->320K(232960K) Eden: 116736K(116736K)->0K(116736K) From: 224K(116224K)->320K(116224K)
[178.268s][info][gc,heap        ] GC(860) ParOldGen: 6107K(699392K)->6107K(699392K)
[178.268s][info][gc,metaspace   ] GC(860) Metaspace: 16548K(16896K)->16548K(16896K) NonClass: 14216K(14400K)->14216K(14400K) Class: 2331K(2496K)->2331K(2496K)
[178.268s][info][gc             ] GC(860) Pause Young (Allocation Failure) 120M->6M(910M) 0.491ms
[178.268s][info][gc,cpu         ] GC(860) User=0.00s Sys=0.00s Real=0.00s
[178.289s][info][gc,start       ] GC(861) Pause Young (Allocation Failure)
[178.289s][info][gc,heap        ] GC(861) PSYoungGen: 117056K(232960K)->384K(247808K) Eden: 116736K(116736K)->0K(139264K) From: 320K(116224K)->384K(108544K)
[178.289s][info][gc,heap        ] GC(861) ParOldGen: 6107K(699392K)->6107K(699392K)
[178.289s][info][gc,metaspace   ] GC(861) Metaspace: 16548K(16896K)->16548K(16896K) NonClass: 14216K(14400K)->14216K(14400K) Class: 2331K(2496K)->2331K(2496K)
[178.289s][info][gc             ] GC(861) Pause Young (Allocation Failure) 120M->6M(925M) 0.467ms
[178.289s][info][gc,cpu         ] GC(861) User=0.00s Sys=0.00s Real=0.00s
[178.314s][info][gc,start       ] GC(862) Pause Young (Allocation Failure)
[178.315s][info][gc,heap        ] GC(862) PSYoungGen: 139648K(247808K)->320K(240640K) Eden: 139264K(139264K)->0K(139264K) From: 384K(108544K)->320K(101376K)
[178.315s][info][gc,heap        ] GC(862) ParOldGen: 6107K(699392K)->6107K(699392K)
[178.315s][info][gc,metaspace   ] GC(862) Metaspace: 16548K(16896K)->16548K(16896K) NonClass: 14216K(14400K)->14216K(14400K) Class: 2331K(2496K)->2331K(2496K)
[178.315s][info][gc             ] GC(862) Pause Young (Allocation Failure) 142M->6M(918M) 0.543ms
[178.315s][info][gc,cpu         ] GC(862) User=0.00s Sys=0.00s Real=0.00s
[178.340s][info][gc,start       ] GC(863) Pause Young (Allocation Failure)
[178.341s][info][gc,heap        ] GC(863) PSYoungGen: 139584K(240640K)->288K(261120K) Eden: 139264K(139264K)->0K(166400K) From: 320K(101376K)->288K(94720K)
[178.341s][info][gc,heap        ] GC(863) ParOldGen: 6107K(699392K)->6107K(699392K)
[178.341s][info][gc,metaspace   ] GC(863) Metaspace: 16548K(16896K)->16548K(16896K) NonClass: 14216K(14400K)->14216K(14400K) Class: 2331K(2496K)->2331K(2496K)
[178.341s][info][gc             ] GC(863) Pause Young (Allocation Failure) 142M->6M(938M) 0.511ms
[178.341s][info][gc,cpu         ] GC(863) User=0.00s Sys=0.00s Real=0.00s
[178.371s][info][gc,start       ] GC(864) Pause Young (Allocation Failure)
[178.372s][info][gc,heap        ] GC(864) PSYoungGen: 166688K(261120K)->384K(254464K) Eden: 166400K(166400K)->0K(166400K) From: 288K(94720K)->384K(88064K)
[178.372s][info][gc,heap        ] GC(864) ParOldGen: 6107K(699392K)->6107K(699392K)
[178.372s][info][gc,metaspace   ] GC(864) Metaspace: 16548K(16896K)->16548K(16896K) NonClass: 14216K(14400K)->14216K(14400K) Class: 2331K(2496K)->2331K(2496K)
[178.372s][info][gc             ] GC(864) Pause Young (Allocation Failure) 168M->6M(931M) 0.528ms
[178.372s][info][gc,cpu         ] GC(864) User=0.00s Sys=0.00s Real=0.00s
[178.410s][info][gc,start       ] GC(865) Pause Young (Allocation Failure)
[178.411s][info][gc,heap        ] GC(865) PSYoungGen: 166784K(254464K)->352K(272896K) Eden: 166400K(166400K)->0K(190976K) From: 384K(88064K)->352K(81920K)
[178.411s][info][gc,heap        ] GC(865) ParOldGen: 6107K(699392K)->6107K(699392K)
[178.411s][info][gc,metaspace   ] GC(865) Metaspace: 16548K(16896K)->16548K(16896K) NonClass: 14216K(14400K)->14216K(14400K) Class: 2331K(2496K)->2331K(2496K)
[178.411s][info][gc             ] GC(865) Pause Young (Allocation Failure) 168M->6M(949M) 0.795ms
[178.411s][info][gc,cpu         ] GC(865) User=0.00s Sys=0.00s Real=0.02s
[178.450s][info][gc,start       ] GC(866) Pause Young (Allocation Failure)
[178.450s][info][gc,heap        ] GC(866) PSYoungGen: 191328K(272896K)->352K(267264K) Eden: 190976K(190976K)->0K(190976K) From: 352K(81920K)->352K(76288K)
[178.450s][info][gc,heap        ] GC(866) ParOldGen: 6107K(699392K)->6107K(699392K)
[178.450s][info][gc,metaspace   ] GC(866) Metaspace: 16548K(16896K)->16548K(16896K) NonClass: 14216K(14400K)->14216K(14400K) Class: 2331K(2496K)->2331K(2496K)
[178.450s][info][gc             ] GC(866) Pause Young (Allocation Failure) 192M->6M(944M) 0.455ms
[178.450s][info][gc,cpu         ] GC(866) User=0.00s Sys=0.00s Real=0.00s
[178.486s][info][gc,start       ] GC(867) Pause Young (Allocation Failure)
[178.486s][info][gc,heap        ] GC(867) PSYoungGen: 191328K(267264K)->384K(283136K) Eden: 190976K(190976K)->0K(212480K) From: 352K(76288K)->384K(70656K)
[178.486s][info][gc,heap        ] GC(867) ParOldGen: 6107K(699392K)->6107K(699392K)
[178.486s][info][gc,metaspace   ] GC(867) Metaspace: 16548K(16896K)->16548K(16896K) NonClass: 14216K(14400K)->14216K(14400K) Class: 2331K(2496K)->2331K(2496K)
[178.486s][info][gc             ] GC(867) Pause Young (Allocation Failure) 192M->6M(959M) 0.487ms
[178.486s][info][gc,cpu         ] GC(867) User=0.00s Sys=0.00s Real=0.00s
[178.527s][info][gc,start       ] GC(868) Pause Young (Allocation Failure)
[178.527s][info][gc,heap        ] GC(868) PSYoungGen: 212864K(283136K)->352K(278528K) Eden: 212480K(212480K)->0K(212480K) From: 384K(70656K)->352K(66048K)
[178.527s][info][gc,heap        ] GC(868) ParOldGen: 6107K(699392K)->6107K(699392K)
[178.527s][info][gc,metaspace   ] GC(868) Metaspace: 16548K(16896K)->16548K(16896K) NonClass: 14216K(14400K)->14216K(14400K) Class: 2331K(2496K)->2331K(2496K)
[178.527s][info][gc             ] GC(868) Pause Young (Allocation Failure) 213M->6M(955M) 0.578ms
[178.527s][info][gc,cpu         ] GC(868) User=0.00s Sys=0.00s Real=0.00s
[178.632s][info][gc,start       ] GC(869) Pause Young (Allocation Failure)
[178.697s][info][gc,heap        ] GC(869) PSYoungGen: 212832K(278528K)->60899K(215552K) Eden: 212480K(212480K)->0K(154624K) From: 352K(66048K)->60899K(60928K)
[178.697s][info][gc,heap        ] GC(869) ParOldGen: 6107K(699392K)->64539K(699392K)
[178.697s][info][gc,metaspace   ] GC(869) Metaspace: 16551K(16896K)->16551K(16896K) NonClass: 14219K(14400K)->14219K(14400K) Class: 2331K(2496K)->2331K(2496K)
[178.697s][info][gc             ] GC(869) Pause Young (Allocation Failure) 213M->122M(893M) 65.255ms
[178.697s][info][gc,cpu         ] GC(869) User=0.31s Sys=0.00s Real=0.06s
[178.799s][info][gc,start       ] GC(870) Pause Young (Allocation Failure)
[178.890s][info][gc,heap        ] GC(870) PSYoungGen: 215523K(215552K)->97251K(251904K) Eden: 154624K(154624K)->0K(154624K) From: 60899K(60928K)->97251K(97280K)
[178.890s][info][gc,heap        ] GC(870) ParOldGen: 64539K(699392K)->133563K(699392K)
[178.890s][info][gc,metaspace   ] GC(870) Metaspace: 16551K(16896K)->16551K(16896K) NonClass: 14219K(14400K)->14219K(14400K) Class: 2331K(2496K)->2331K(2496K)
[178.890s][info][gc             ] GC(870) Pause Young (Allocation Failure) 273M->225M(929M) 90.456ms
[178.890s][info][gc,cpu         ] GC(870) User=0.48s Sys=0.00s Real=0.09s
[179.007s][info][gc,start       ] GC(871) Pause Young (Allocation Failure)
[179.123s][info][gc,heap        ] GC(871) PSYoungGen: 251875K(251904K)->97251K(214016K) Eden: 154624K(154624K)->0K(116736K) From: 97251K(97280K)->97251K(97280K)
[179.123s][info][gc,heap        ] GC(871) ParOldGen: 133563K(699392K)->240315K(699392K)
[179.123s][info][gc,metaspace   ] GC(871) Metaspace: 16551K(16896K)->16551K(16896K) NonClass: 14219K(14400K)->14219K(14400K) Class: 2331K(2496K)->2331K(2496K)
[179.123s][info][gc             ] GC(871) Pause Young (Allocation Failure) 376M->329M(892M) 115.820ms
[179.123s][info][gc,cpu         ] GC(871) User=0.61s Sys=0.00s Real=0.13s
[179.215s][info][gc,start       ] GC(872) Pause Young (Allocation Failure)
[179.326s][info][gc,heap        ] GC(872) PSYoungGen: 213987K(214016K)->116195K(232960K) Eden: 116736K(116736K)->0K(116736K) From: 97251K(97280K)->116195K(116224K)
[179.326s][info][gc,heap        ] GC(872) ParOldGen: 240315K(699392K)->302611K(699392K)
[179.326s][info][gc,metaspace   ] GC(872) Metaspace: 16551K(16896K)->16551K(16896K) NonClass: 14219K(14400K)->14219K(14400K) Class: 2331K(2496K)->2331K(2496K)
[179.326s][info][gc             ] GC(872) Pause Young (Allocation Failure) 443M->408M(910M) 111.067ms
[179.326s][info][gc,cpu         ] GC(872) User=0.56s Sys=0.00s Real=0.11s
[179.627s][info][gc,start       ] GC(873) Pause Young (Allocation Failure)
[179.728s][info][gc,heap        ] GC(873) PSYoungGen: 232931K(232960K)->116195K(232960K) Eden: 116736K(116736K)->0K(116736K) From: 116195K(116224K)->116195K(116224K)
[179.728s][info][gc,heap        ] GC(873) ParOldGen: 302611K(699392K)->332228K(699392K)
[179.728s][info][gc,metaspace   ] GC(873) Metaspace: 16551K(16896K)->16551K(16896K) NonClass: 14219K(14400K)->14219K(14400K) Class: 2331K(2496K)->2331K(2496K)
[179.728s][info][gc             ] GC(873) Pause Young (Allocation Failure) 522M->437M(910M) 101.797ms
[179.728s][info][gc,cpu         ] GC(873) User=0.50s Sys=0.00s Real=0.10s
[182.692s][info][gc,start       ] GC(874) Pause Young (Allocation Failure)
[182.785s][info][gc,heap        ] GC(874) PSYoungGen: 232931K(232960K)->116195K(232960K) Eden: 116736K(116736K)->0K(116736K) From: 116195K(116224K)->116195K(116224K)
[182.785s][info][gc,heap        ] GC(874) ParOldGen: 332228K(699392K)->369268K(699392K)
[182.785s][info][gc,metaspace   ] GC(874) Metaspace: 16551K(16896K)->16551K(16896K) NonClass: 14219K(14400K)->14219K(14400K) Class: 2331K(2496K)->2331K(2496K)
[182.785s][info][gc             ] GC(874) Pause Young (Allocation Failure) 551M->474M(910M) 93.715ms
[182.785s][info][gc,cpu         ] GC(874) User=0.47s Sys=0.00s Real=0.09s
[182.842s][info][gc,start       ] GC(875) Pause Young (Allocation Failure)
[182.946s][info][gc,heap        ] GC(875) PSYoungGen: 232931K(232960K)->109024K(232960K) Eden: 116736K(116736K)->0K(116736K) From: 116195K(116224K)->109024K(116224K)
[182.946s][info][gc,heap        ] GC(875) ParOldGen: 369268K(699392K)->427175K(699392K)
[182.946s][info][gc,metaspace   ] GC(875) Metaspace: 16551K(16896K)->16551K(16896K) NonClass: 14219K(14400K)->14219K(14400K) Class: 2331K(2496K)->2331K(2496K)
[182.946s][info][gc             ] GC(875) Pause Young (Allocation Failure) 588M->523M(910M) 104.185ms
[182.946s][info][gc,cpu         ] GC(875) User=0.50s Sys=0.00s Real=0.09s
[183.004s][info][gc,start       ] GC(876) Pause Young (Allocation Failure)
[183.080s][info][gc,heap        ] GC(876) PSYoungGen: 225760K(232960K)->116224K(232960K) Eden: 116736K(116736K)->0K(116736K) From: 109024K(116224K)->116224K(116224K)
[183.080s][info][gc,heap        ] GC(876) ParOldGen: 427175K(699392K)->468639K(699392K)
[183.080s][info][gc,metaspace   ] GC(876) Metaspace: 16551K(16896K)->16551K(16896K) NonClass: 14219K(14400K)->14219K(14400K) Class: 2331K(2496K)->2331K(2496K)
[183.080s][info][gc             ] GC(876) Pause Young (Allocation Failure) 637M->571M(910M) 75.692ms
[183.080s][info][gc,cpu         ] GC(876) User=0.41s Sys=0.00s Real=0.08s
[183.138s][info][gc,start       ] GC(877) Pause Young (Allocation Failure)
[183.227s][info][gc,heap        ] GC(877) PSYoungGen: 232960K(232960K)->116224K(232960K) Eden: 116736K(116736K)->0K(116736K) From: 116224K(116224K)->116224K(116224K)
[183.227s][info][gc,heap        ] GC(877) ParOldGen: 468639K(699392K)->518047K(699392K)
[183.227s][info][gc,metaspace   ] GC(877) Metaspace: 16551K(16896K)->16551K(16896K) NonClass: 14219K(14400K)->14219K(14400K) Class: 2331K(2496K)->2331K(2496K)
[183.227s][info][gc             ] GC(877) Pause Young (Allocation Failure) 685M->619M(910M) 88.778ms
[183.227s][info][gc,cpu         ] GC(877) User=0.44s Sys=0.00s Real=0.08s
[183.288s][info][gc,start       ] GC(878) Pause Young (Allocation Failure)
[183.369s][info][gc,heap        ] GC(878) PSYoungGen: 232960K(232960K)->87072K(232960K) Eden: 116736K(116736K)->0K(116736K) From: 116224K(116224K)->87072K(116224K)
[183.369s][info][gc,heap        ] GC(878) ParOldGen: 518047K(699392K)->596935K(699392K)
[183.369s][info][gc,metaspace   ] GC(878) Metaspace: 16551K(16896K)->16551K(16896K) NonClass: 14219K(14400K)->14219K(14400K) Class: 2331K(2496K)->2331K(2496K)
[183.369s][info][gc             ] GC(878) Pause Young (Allocation Failure) 733M->667M(910M) 80.970ms
[183.369s][info][gc,cpu         ] GC(878) User=0.45s Sys=0.00s Real=0.08s
[183.432s][info][gc,start       ] GC(879) Pause Full (Ergonomics)
[183.432s][info][gc,phases,start] GC(879) Marking Phase
[183.518s][info][gc,phases      ] GC(879) Marking Phase 85.465ms
[183.518s][info][gc,phases,start] GC(879) Summary Phase
[183.518s][info][gc,phases      ] GC(879) Summary Phase 0.020ms
[183.518s][info][gc,phases,start] GC(879) Adjust Roots
[183.520s][info][gc,phases      ] GC(879) Adjust Roots 2.605ms
[183.521s][info][gc,phases,start] GC(879) Compaction Phase
[183.731s][info][gc,phases      ] GC(879) Compaction Phase 210.208ms
[183.731s][info][gc,phases,start] GC(879) Post Compact
[183.732s][info][gc,phases      ] GC(879) Post Compact 1.598ms
[183.732s][info][gc,heap        ] GC(879) PSYoungGen: 203808K(232960K)->0K(232960K) Eden: 116736K(116736K)->0K(116736K) From: 87072K(116224K)->0K(116224K)
[183.732s][info][gc,heap        ] GC(879) ParOldGen: 596935K(699392K)->286684K(699392K)
[183.732s][info][gc,metaspace   ] GC(879) Metaspace: 16551K(16896K)->16551K(16896K) NonClass: 14219K(14400K)->14219K(14400K) Class: 2331K(2496K)->2331K(2496K)
[183.732s][info][gc             ] GC(879) Pause Full (Ergonomics) 781M->279M(910M) 300.208ms
[183.733s][info][gc,cpu         ] GC(879) User=1.50s Sys=0.00s Real=0.30s
[183.795s][info][gc,start       ] GC(880) Pause Young (Allocation Failure)
[183.820s][info][gc,heap        ] GC(880) PSYoungGen: 116736K(232960K)->50944K(232960K) Eden: 116736K(116736K)->0K(116736K) From: 0K(116224K)->50944K(116224K)
[183.820s][info][gc,heap        ] GC(880) ParOldGen: 286684K(699392K)->286684K(699392K)
[183.820s][info][gc,metaspace   ] GC(880) Metaspace: 16551K(16896K)->16551K(16896K) NonClass: 14219K(14400K)->14219K(14400K) Class: 2331K(2496K)->2331K(2496K)
[183.820s][info][gc             ] GC(880) Pause Young (Allocation Failure) 393M->329M(910M) 24.970ms
[183.820s][info][gc,cpu         ] GC(880) User=0.05s Sys=0.00s Real=0.02s
[183.884s][info][gc,start       ] GC(881) Pause Young (Allocation Failure)
[183.932s][info][gc,heap        ] GC(881) PSYoungGen: 167680K(232960K)->50976K(232960K) Eden: 116736K(116736K)->0K(116736K) From: 50944K(116224K)->50976K(116224K)
[183.933s][info][gc,heap        ] GC(881) ParOldGen: 286684K(699392K)->334740K(699392K)
[183.933s][info][gc,metaspace   ] GC(881) Metaspace: 16551K(16896K)->16551K(16896K) NonClass: 14219K(14400K)->14219K(14400K) Class: 2331K(2496K)->2331K(2496K)
[183.933s][info][gc             ] GC(881) Pause Young (Allocation Failure) 443M->376M(910M) 48.294ms
[183.933s][info][gc,cpu         ] GC(881) User=0.25s Sys=0.00s Real=0.05s
[184.015s][info][gc,start       ] GC(882) Pause Young (Allocation Failure)
[184.071s][info][gc,heap        ] GC(882) PSYoungGen: 167712K(232960K)->69034K(232960K) Eden: 116736K(116736K)->0K(116736K) From: 50976K(116224K)->69034K(116224K)
[184.071s][info][gc,heap        ] GC(882) ParOldGen: 334740K(699392K)->382764K(699392K)
[184.072s][info][gc,metaspace   ] GC(882) Metaspace: 16551K(16896K)->16551K(16896K) NonClass: 14219K(14400K)->14219K(14400K) Class: 2331K(2496K)->2331K(2496K)
[184.072s][info][gc             ] GC(882) Pause Young (Allocation Failure) 490M->441M(910M) 56.177ms
[184.072s][info][gc,cpu         ] GC(882) User=0.30s Sys=0.00s Real=0.06s
[184.380s][info][gc,start       ] GC(883) Pause Young (Allocation Failure)
[184.479s][info][gc,heap        ] GC(883) PSYoungGen: 185770K(232960K)->42784K(232960K) Eden: 116736K(116736K)->0K(116736K) From: 69034K(116224K)->42784K(116224K)
[184.479s][info][gc,heap        ] GC(883) ParOldGen: 382764K(699392K)->442709K(699392K)
[184.479s][info][gc,metaspace   ] GC(883) Metaspace: 16551K(16896K)->16551K(16896K) NonClass: 14219K(14400K)->14219K(14400K) Class: 2331K(2496K)->2331K(2496K)
[184.479s][info][gc             ] GC(883) Pause Young (Allocation Failure) 555M->474M(910M) 98.746ms
[184.479s][info][gc,cpu         ] GC(883) User=0.38s Sys=0.00s Real=0.10s
[184.749s][info][gc,start       ] GC(884) Pause Young (Allocation Failure)
[184.847s][info][gc,heap        ] GC(884) PSYoungGen: 159520K(232960K)->3808K(232960K) Eden: 116736K(116736K)->0K(116736K) From: 42784K(116224K)->3808K(116224K)
[184.847s][info][gc,heap        ] GC(884) ParOldGen: 442709K(699392K)->474165K(699392K)
[184.847s][info][gc,metaspace   ] GC(884) Metaspace: 16551K(16896K)->16551K(16896K) NonClass: 14219K(14400K)->14219K(14400K) Class: 2331K(2496K)->2331K(2496K)
[184.847s][info][gc             ] GC(884) Pause Young (Allocation Failure) 588M->466M(910M) 98.142ms
[184.847s][info][gc,cpu         ] GC(884) User=0.27s Sys=0.00s Real=0.10s
[185.001s][info][gc,start       ] GC(885) Pause Young (Allocation Failure)
[185.005s][info][gc,heap        ] GC(885) PSYoungGen: 120544K(232960K)->3136K(232960K) Eden: 116736K(116736K)->0K(116736K) From: 3808K(116224K)->3136K(116224K)
[185.005s][info][gc,heap        ] GC(885) ParOldGen: 474165K(699392K)->474501K(699392K)
[185.005s][info][gc,metaspace   ] GC(885) Metaspace: 16551K(16896K)->16551K(16896K) NonClass: 14219K(14400K)->14219K(14400K) Class: 2331K(2496K)->2331K(2496K)
[185.005s][info][gc             ] GC(885) Pause Young (Allocation Failure) 580M->466M(910M) 3.878ms
[185.005s][info][gc,cpu         ] GC(885) User=0.00s Sys=0.00s Real=0.00s
[185.146s][info][gc,start       ] GC(886) Pause Young (Allocation Failure)
[185.149s][info][gc,heap        ] GC(886) PSYoungGen: 119872K(232960K)->2368K(232960K) Eden: 116736K(116736K)->0K(116736K) From: 3136K(116224K)->2368K(116224K)
[185.149s][info][gc,heap        ] GC(886) ParOldGen: 474501K(699392K)->474613K(699392K)
[185.149s][info][gc,metaspace   ] GC(886) Metaspace: 16551K(16896K)->16551K(16896K) NonClass: 14219K(14400K)->14219K(14400K) Class: 2331K(2496K)->2331K(2496K)
[185.149s][info][gc             ] GC(886) Pause Young (Allocation Failure) 580M->465M(910M) 2.750ms
[185.149s][info][gc,cpu         ] GC(886) User=0.00s Sys=0.00s Real=0.00s
[185.296s][info][gc,start       ] GC(887) Pause Young (Allocation Failure)
[185.297s][info][gc,heap        ] GC(887) PSYoungGen: 119104K(232960K)->224K(232960K) Eden: 116736K(116736K)->0K(116736K) From: 2368K(116224K)->224K(116224K)
[185.297s][info][gc,heap        ] GC(887) ParOldGen: 474613K(699392K)->474653K(699392K)
[185.297s][info][gc,metaspace   ] GC(887) Metaspace: 16551K(16896K)->16551K(16896K) NonClass: 14219K(14400K)->14219K(14400K) Class: 2331K(2496K)->2331K(2496K)
[185.297s][info][gc             ] GC(887) Pause Young (Allocation Failure) 579M->463M(910M) 1.143ms
[185.297s][info][gc,cpu         ] GC(887) User=0.00s Sys=0.00s Real=0.00s
[186.112s][info][gc,start       ] GC(888) Pause Young (System.gc())
[186.112s][info][gc,heap        ] GC(888) PSYoungGen: 90280K(232960K)->128K(232960K) Eden: 90056K(116736K)->0K(116736K) From: 224K(116224K)->128K(116224K)
[186.112s][info][gc,heap        ] GC(888) ParOldGen: 474653K(699392K)->474653K(699392K)
[186.112s][info][gc,metaspace   ] GC(888) Metaspace: 16551K(16896K)->16551K(16896K) NonClass: 14219K(14400K)->14219K(14400K) Class: 2331K(2496K)->2331K(2496K)
[186.112s][info][gc             ] GC(888) Pause Young (System.gc()) 551M->463M(910M) 0.808ms
[186.112s][info][gc,cpu         ] GC(888) User=0.00s Sys=0.00s Real=0.00s
[186.112s][info][gc,start       ] GC(889) Pause Full (System.gc())
[186.112s][info][gc,phases,start] GC(889) Marking Phase
[186.117s][info][gc,phases      ] GC(889) Marking Phase 4.750ms
[186.117s][info][gc,phases,start] GC(889) Summary Phase
[186.117s][info][gc,phases      ] GC(889) Summary Phase 0.011ms
[186.117s][info][gc,phases,start] GC(889) Adjust Roots
[186.119s][info][gc,phases      ] GC(889) Adjust Roots 2.115ms
[186.119s][info][gc,phases,start] GC(889) Compaction Phase
[186.121s][info][gc,phases      ] GC(889) Compaction Phase 1.537ms
[186.121s][info][gc,phases,start] GC(889) Post Compact
[186.123s][info][gc,phases      ] GC(889) Post Compact 1.808ms
[186.123s][info][gc,heap        ] GC(889) PSYoungGen: 128K(232960K)->0K(232960K) Eden: 0K(116736K)->0K(116736K) From: 128K(116224K)->0K(116224K)
[186.123s][info][gc,heap        ] GC(889) ParOldGen: 474653K(699392K)->5547K(699392K)
[186.123s][info][gc,metaspace   ] GC(889) Metaspace: 16551K(16896K)->16551K(16896K) NonClass: 14219K(14400K)->14219K(14400K) Class: 2331K(2496K)->2331K(2496K)
[186.123s][info][gc             ] GC(889) Pause Full (System.gc()) 463M->5M(910M) 10.497ms
[186.123s][info][gc,cpu         ] GC(889) User=0.02s Sys=0.00s Real=0.02s
[187.668s][info][gc,start       ] GC(890) Pause Young (Allocation Failure)
[187.668s][info][gc,heap        ] GC(890) PSYoungGen: 116736K(232960K)->352K(232960K) Eden: 116736K(116736K)->0K(116736K) From: 0K(116224K)->352K(116224K)
[187.668s][info][gc,heap        ] GC(890) ParOldGen: 5547K(699392K)->5547K(699392K)
[187.668s][info][gc,metaspace   ] GC(890) Metaspace: 16551K(16896K)->16551K(16896K) NonClass: 14220K(14400K)->14220K(14400K) Class: 2331K(2496K)->2331K(2496K)
[187.668s][info][gc             ] GC(890) Pause Young (Allocation Failure) 119M->5M(910M) 0.740ms
[187.668s][info][gc,cpu         ] GC(890) User=0.00s Sys=0.00s Real=0.00s
[187.691s][info][gc,start       ] GC(891) Pause Young (Allocation Failure)
[187.691s][info][gc,heap        ] GC(891) PSYoungGen: 117088K(232960K)->288K(232960K) Eden: 116736K(116736K)->0K(116736K) From: 352K(116224K)->288K(116224K)
[187.691s][info][gc,heap        ] GC(891) ParOldGen: 5547K(699392K)->5643K(699392K)
[187.691s][info][gc,metaspace   ] GC(891) Metaspace: 16551K(16896K)->16551K(16896K) NonClass: 14220K(14400K)->14220K(14400K) Class: 2331K(2496K)->2331K(2496K)
[187.691s][info][gc             ] GC(891) Pause Young (Allocation Failure) 119M->5M(910M) 0.601ms
[187.691s][info][gc,cpu         ] GC(891) User=0.00s Sys=0.00s Real=0.00s
[187.714s][info][gc,start       ] GC(892) Pause Young (Allocation Failure)
[187.714s][info][gc,heap        ] GC(892) PSYoungGen: 117024K(232960K)->288K(232960K) Eden: 116736K(116736K)->0K(116736K) From: 288K(116224K)->288K(116224K)
[187.714s][info][gc,heap        ] GC(892) ParOldGen: 5643K(699392K)->5683K(699392K)
[187.714s][info][gc,metaspace   ] GC(892) Metaspace: 16551K(16896K)->16551K(16896K) NonClass: 14220K(14400K)->14220K(14400K) Class: 2331K(2496K)->2331K(2496K)
[187.714s][info][gc             ] GC(892) Pause Young (Allocation Failure) 119M->5M(910M) 0.542ms
[187.714s][info][gc,cpu         ] GC(892) User=0.00s Sys=0.00s Real=0.00s
[187.736s][info][gc,start       ] GC(893) Pause Young (Allocation Failure)
[187.736s][info][gc,heap        ] GC(893) PSYoungGen: 117024K(232960K)->288K(232960K) Eden: 116736K(116736K)->0K(116736K) From: 288K(116224K)->288K(116224K)
[187.736s][info][gc,heap        ] GC(893) ParOldGen: 5683K(699392K)->5731K(699392K)
[187.736s][info][gc,metaspace   ] GC(893) Metaspace: 16551K(16896K)->16551K(16896K) NonClass: 14220K(14400K)->14220K(14400K) Class: 2331K(2496K)->2331K(2496K)
[187.736s][info][gc             ] GC(893) Pause Young (Allocation Failure) 119M->5M(910M) 0.488ms
[187.736s][info][gc,cpu         ] GC(893) User=0.00s Sys=0.00s Real=0.00s
[187.757s][info][gc,start       ] GC(894) Pause Young (Allocation Failure)
[187.758s][info][gc,heap        ] GC(894) PSYoungGen: 117024K(232960K)->224K(232960K) Eden: 116736K(116736K)->0K(116736K) From: 288K(116224K)->224K(116224K)
[187.758s][info][gc,heap        ] GC(894) ParOldGen: 5731K(699392K)->5779K(699392K)
[187.758s][info][gc,metaspace   ] GC(894) Metaspace: 16551K(16896K)->16551K(16896K) NonClass: 14220K(14400K)->14220K(14400K) Class: 2331K(2496K)->2331K(2496K)
[187.758s][info][gc             ] GC(894) Pause Young (Allocation Failure) 119M->5M(910M) 0.495ms
[187.758s][info][gc,cpu         ] GC(894) User=0.00s Sys=0.00s Real=0.00s
[187.779s][info][gc,start       ] GC(895) Pause Young (Allocation Failure)
[187.779s][info][gc,heap        ] GC(895) PSYoungGen: 116960K(232960K)->288K(232960K) Eden: 116736K(116736K)->0K(116736K) From: 224K(116224K)->288K(116224K)
[187.780s][info][gc,heap        ] GC(895) ParOldGen: 5779K(699392K)->5803K(699392K)
[187.780s][info][gc,metaspace   ] GC(895) Metaspace: 16551K(16896K)->16551K(16896K) NonClass: 14220K(14400K)->14220K(14400K) Class: 2331K(2496K)->2331K(2496K)
[187.780s][info][gc             ] GC(895) Pause Young (Allocation Failure) 119M->5M(910M) 0.498ms
[187.780s][info][gc,cpu         ] GC(895) User=0.00s Sys=0.00s Real=0.02s
[187.802s][info][gc,start       ] GC(896) Pause Young (Allocation Failure)
[187.802s][info][gc,heap        ] GC(896) PSYoungGen: 117024K(232960K)->320K(232960K) Eden: 116736K(116736K)->0K(116736K) From: 288K(116224K)->320K(116224K)
[187.802s][info][gc,heap        ] GC(896) ParOldGen: 5803K(699392K)->5867K(699392K)
[187.802s][info][gc,metaspace   ] GC(896) Metaspace: 16551K(16896K)->16551K(16896K) NonClass: 14220K(14400K)->14220K(14400K) Class: 2331K(2496K)->2331K(2496K)
[187.802s][info][gc             ] GC(896) Pause Young (Allocation Failure) 119M->6M(910M) 0.568ms
[187.802s][info][gc,cpu         ] GC(896) User=0.00s Sys=0.00s Real=0.00s
[187.824s][info][gc,start       ] GC(897) Pause Young (Allocation Failure)
[187.824s][info][gc,heap        ] GC(897) PSYoungGen: 117056K(232960K)->256K(232960K) Eden: 116736K(116736K)->0K(116736K) From: 320K(116224K)->256K(116224K)
[187.824s][info][gc,heap        ] GC(897) ParOldGen: 5867K(699392K)->5915K(699392K)
[187.824s][info][gc,metaspace   ] GC(897) Metaspace: 16551K(16896K)->16551K(16896K) NonClass: 14220K(14400K)->14220K(14400K) Class: 2331K(2496K)->2331K(2496K)
[187.824s][info][gc             ] GC(897) Pause Young (Allocation Failure) 120M->6M(910M) 0.477ms
[187.824s][info][gc,cpu         ] GC(897) User=0.00s Sys=0.00s Real=0.00s
[187.846s][info][gc,start       ] GC(898) Pause Young (Allocation Failure)
[187.846s][info][gc,heap        ] GC(898) PSYoungGen: 116992K(232960K)->352K(232960K) Eden: 116736K(116736K)->0K(116736K) From: 256K(116224K)->352K(116224K)
[187.846s][info][gc,heap        ] GC(898) ParOldGen: 5915K(699392K)->5963K(699392K)
[187.846s][info][gc,metaspace   ] GC(898) Metaspace: 16551K(16896K)->16551K(16896K) NonClass: 14220K(14400K)->14220K(14400K) Class: 2331K(2496K)->2331K(2496K)
[187.846s][info][gc             ] GC(898) Pause Young (Allocation Failure) 120M->6M(910M) 0.506ms
[187.846s][info][gc,cpu         ] GC(898) User=0.00s Sys=0.00s Real=0.00s
[187.868s][info][gc,start       ] GC(899) Pause Young (Allocation Failure)
[187.869s][info][gc,heap        ] GC(899) PSYoungGen: 117088K(232960K)->224K(232960K) Eden: 116736K(116736K)->0K(116736K) From: 352K(116224K)->224K(116224K)
[187.869s][info][gc,heap        ] GC(899) ParOldGen: 5963K(699392K)->6035K(699392K)
[187.869s][info][gc,metaspace   ] GC(899) Metaspace: 16551K(16896K)->16551K(16896K) NonClass: 14220K(14400K)->14220K(14400K) Class: 2331K(2496K)->2331K(2496K)
[187.869s][info][gc             ] GC(899) Pause Young (Allocation Failure) 120M->6M(910M) 0.478ms
[187.869s][info][gc,cpu         ] GC(899) User=0.00s Sys=0.00s Real=0.00s
[187.890s][info][gc,start       ] GC(900) Pause Young (Allocation Failure)
[187.891s][info][gc,heap        ] GC(900) PSYoungGen: 116960K(232960K)->288K(235008K) Eden: 116736K(116736K)->0K(118784K) From: 224K(116224K)->288K(116224K)
[187.891s][info][gc,heap        ] GC(900) ParOldGen: 6035K(699392K)->6083K(699392K)
[187.891s][info][gc,metaspace   ] GC(900) Metaspace: 16551K(16896K)->16551K(16896K) NonClass: 14220K(14400K)->14220K(14400K) Class: 2331K(2496K)->2331K(2496K)
[187.891s][info][gc             ] GC(900) Pause Young (Allocation Failure) 120M->6M(912M) 0.534ms
[187.891s][info][gc,cpu         ] GC(900) User=0.00s Sys=0.00s Real=0.00s
[187.913s][info][gc,start       ] GC(901) Pause Young (Allocation Failure)
[187.913s][info][gc,heap        ] GC(901) PSYoungGen: 119072K(235008K)->288K(232960K) Eden: 118784K(118784K)->0K(118784K) From: 288K(116224K)->288K(114176K)
[187.913s][info][gc,heap        ] GC(901) ParOldGen: 6083K(699392K)->6083K(699392K)
[187.913s][info][gc,metaspace   ] GC(901) Metaspace: 16551K(16896K)->16551K(16896K) NonClass: 14220K(14400K)->14220K(14400K) Class: 2331K(2496K)->2331K(2496K)
[187.913s][info][gc             ] GC(901) Pause Young (Allocation Failure) 122M->6M(910M) 0.474ms
[187.913s][info][gc,cpu         ] GC(901) User=0.00s Sys=0.00s Real=0.00s
[187.935s][info][gc,start       ] GC(902) Pause Young (Allocation Failure)
[187.936s][info][gc,heap        ] GC(902) PSYoungGen: 119072K(232960K)->352K(249344K) Eden: 118784K(118784K)->0K(142336K) From: 288K(114176K)->352K(107008K)
[187.936s][info][gc,heap        ] GC(902) ParOldGen: 6083K(699392K)->6083K(699392K)
[187.936s][info][gc,metaspace   ] GC(902) Metaspace: 16551K(16896K)->16551K(16896K) NonClass: 14220K(14400K)->14220K(14400K) Class: 2331K(2496K)->2331K(2496K)
[187.936s][info][gc             ] GC(902) Pause Young (Allocation Failure) 122M->6M(926M) 0.472ms
[187.936s][info][gc,cpu         ] GC(902) User=0.00s Sys=0.00s Real=0.00s
[187.963s][info][gc,start       ] GC(903) Pause Young (Allocation Failure)
[187.963s][info][gc,heap        ] GC(903) PSYoungGen: 142688K(249344K)->320K(242176K) Eden: 142336K(142336K)->0K(142336K) From: 352K(107008K)->320K(99840K)
[187.963s][info][gc,heap        ] GC(903) ParOldGen: 6083K(699392K)->6083K(699392K)
[187.963s][info][gc,metaspace   ] GC(903) Metaspace: 16551K(16896K)->16551K(16896K) NonClass: 14220K(14400K)->14220K(14400K) Class: 2331K(2496K)->2331K(2496K)
[187.963s][info][gc             ] GC(903) Pause Young (Allocation Failure) 145M->6M(919M) 0.519ms
[187.963s][info][gc,cpu         ] GC(903) User=0.00s Sys=0.00s Real=0.00s
[187.990s][info][gc,start       ] GC(904) Pause Young (Allocation Failure)
[187.990s][info][gc,heap        ] GC(904) PSYoungGen: 142656K(242176K)->384K(262144K) Eden: 142336K(142336K)->0K(168960K) From: 320K(99840K)->384K(93184K)
[187.991s][info][gc,heap        ] GC(904) ParOldGen: 6083K(699392K)->6083K(699392K)
[187.991s][info][gc,metaspace   ] GC(904) Metaspace: 16551K(16896K)->16551K(16896K) NonClass: 14220K(14400K)->14220K(14400K) Class: 2331K(2496K)->2331K(2496K)
[187.991s][info][gc             ] GC(904) Pause Young (Allocation Failure) 145M->6M(939M) 0.564ms
[187.991s][info][gc,cpu         ] GC(904) User=0.00s Sys=0.00s Real=0.00s
[188.023s][info][gc,start       ] GC(905) Pause Young (Allocation Failure)
[188.023s][info][gc,heap        ] GC(905) PSYoungGen: 169344K(262144K)->384K(256000K) Eden: 168960K(168960K)->0K(168960K) From: 384K(93184K)->384K(87040K)
[188.023s][info][gc,heap        ] GC(905) ParOldGen: 6083K(699392K)->6083K(699392K)
[188.023s][info][gc,metaspace   ] GC(905) Metaspace: 16551K(16896K)->16551K(16896K) NonClass: 14220K(14400K)->14220K(14400K) Class: 2331K(2496K)->2331K(2496K)
[188.023s][info][gc             ] GC(905) Pause Young (Allocation Failure) 171M->6M(933M) 0.650ms
[188.023s][info][gc,cpu         ] GC(905) User=0.00s Sys=0.00s Real=0.00s
[188.054s][info][gc,start       ] GC(906) Pause Young (Allocation Failure)
[188.054s][info][gc,heap        ] GC(906) PSYoungGen: 169344K(256000K)->352K(273920K) Eden: 168960K(168960K)->0K(193024K) From: 384K(87040K)->352K(80896K)
[188.054s][info][gc,heap        ] GC(906) ParOldGen: 6083K(699392K)->6083K(699392K)
[188.054s][info][gc,metaspace   ] GC(906) Metaspace: 16551K(16896K)->16551K(16896K) NonClass: 14220K(14400K)->14220K(14400K) Class: 2331K(2496K)->2331K(2496K)
[188.054s][info][gc             ] GC(906) Pause Young (Allocation Failure) 171M->6M(950M) 0.574ms
[188.054s][info][gc,cpu         ] GC(906) User=0.00s Sys=0.00s Real=0.00s
[188.090s][info][gc,start       ] GC(907) Pause Young (Allocation Failure)
[188.090s][info][gc,heap        ] GC(907) PSYoungGen: 193376K(273920K)->384K(268288K) Eden: 193024K(193024K)->0K(193024K) From: 352K(80896K)->384K(75264K)
[188.090s][info][gc,heap        ] GC(907) ParOldGen: 6083K(699392K)->6083K(699392K)
[188.090s][info][gc,metaspace   ] GC(907) Metaspace: 16551K(16896K)->16551K(16896K) NonClass: 14220K(14400K)->14220K(14400K) Class: 2331K(2496K)->2331K(2496K)
[188.090s][info][gc             ] GC(907) Pause Young (Allocation Failure) 194M->6M(945M) 0.562ms
[188.090s][info][gc,cpu         ] GC(907) User=0.00s Sys=0.00s Real=0.00s
[188.126s][info][gc,start       ] GC(908) Pause Young (Allocation Failure)
[188.127s][info][gc,heap        ] GC(908) PSYoungGen: 193408K(268288K)->384K(284160K) Eden: 193024K(193024K)->0K(214016K) From: 384K(75264K)->384K(70144K)
[188.127s][info][gc,heap        ] GC(908) ParOldGen: 6083K(699392K)->6083K(699392K)
[188.127s][info][gc,metaspace   ] GC(908) Metaspace: 16551K(16896K)->16551K(16896K) NonClass: 14220K(14400K)->14220K(14400K) Class: 2331K(2496K)->2331K(2496K)
[188.127s][info][gc             ] GC(908) Pause Young (Allocation Failure) 194M->6M(960M) 0.562ms
[188.127s][info][gc,cpu         ] GC(908) User=0.00s Sys=0.00s Real=0.00s
[188.168s][info][gc,start       ] GC(909) Pause Young (Allocation Failure)
[188.169s][info][gc,heap        ] GC(909) PSYoungGen: 214400K(284160K)->384K(279040K) Eden: 214016K(214016K)->0K(214016K) From: 384K(70144K)->384K(65024K)
[188.169s][info][gc,heap        ] GC(909) ParOldGen: 6083K(699392K)->6083K(699392K)
[188.169s][info][gc,metaspace   ] GC(909) Metaspace: 16551K(16896K)->16551K(16896K) NonClass: 14220K(14400K)->14220K(14400K) Class: 2331K(2496K)->2331K(2496K)
[188.169s][info][gc             ] GC(909) Pause Young (Allocation Failure) 215M->6M(955M) 0.498ms
[188.169s][info][gc,cpu         ] GC(909) User=0.00s Sys=0.00s Real=0.00s
[188.230s][info][gc,start       ] GC(910) Pause Young (Allocation Failure)
[188.252s][info][gc,heap        ] GC(910) PSYoungGen: 214400K(279040K)->52643K(265216K) Eden: 214016K(214016K)->0K(204800K) From: 384K(65024K)->52643K(60416K)
[188.252s][info][gc,heap        ] GC(910) ParOldGen: 6083K(699392K)->6083K(699392K)
[188.252s][info][gc,metaspace   ] GC(910) Metaspace: 16551K(16896K)->16551K(16896K) NonClass: 14220K(14400K)->14220K(14400K) Class: 2331K(2496K)->2331K(2496K)
[188.252s][info][gc             ] GC(910) Pause Young (Allocation Failure) 215M->57M(942M) 22.243ms
[188.252s][info][gc,cpu         ] GC(910) User=0.03s Sys=0.00s Real=0.03s
[188.382s][info][gc,start       ] GC(911) Pause Young (Allocation Failure)
[188.487s][info][gc,heap        ] GC(911) PSYoungGen: 257443K(265216K)->72163K(276992K) Eden: 204800K(204800K)->0K(204800K) From: 52643K(60416K)->72163K(72192K)
[188.487s][info][gc,heap        ] GC(911) ParOldGen: 6083K(699392K)->122907K(699392K)
[188.487s][info][gc,metaspace   ] GC(911) Metaspace: 16551K(16896K)->16551K(16896K) NonClass: 14220K(14400K)->14220K(14400K) Class: 2331K(2496K)->2331K(2496K)
[188.487s][info][gc             ] GC(911) Pause Young (Allocation Failure) 257M->190M(953M) 104.966ms
[188.487s][info][gc,cpu         ] GC(911) User=0.58s Sys=0.00s Real=0.11s
[188.657s][info][gc,start       ] GC(912) Pause Young (Allocation Failure)
[188.789s][info][gc,heap        ] GC(912) PSYoungGen: 276963K(276992K)->72163K(188928K) Eden: 204800K(204800K)->0K(116736K) From: 72163K(72192K)->72163K(72192K)
[188.789s][info][gc,heap        ] GC(912) ParOldGen: 122907K(699392K)->264427K(699392K)
[188.789s][info][gc,metaspace   ] GC(912) Metaspace: 16551K(16896K)->16551K(16896K) NonClass: 14220K(14400K)->14220K(14400K) Class: 2331K(2496K)->2331K(2496K)
[188.789s][info][gc             ] GC(912) Pause Young (Allocation Failure) 390M->328M(867M) 132.639ms
[188.789s][info][gc,cpu         ] GC(912) User=0.75s Sys=0.00s Real=0.13s
[188.872s][info][gc,start       ] GC(913) Pause Young (Allocation Failure)
[188.960s][info][gc,heap        ] GC(913) PSYoungGen: 188899K(188928K)->116195K(232960K) Eden: 116736K(116736K)->0K(116736K) From: 72163K(72192K)->116195K(116224K)
[188.960s][info][gc,heap        ] GC(913) ParOldGen: 264427K(699392K)->301579K(699392K)
[188.960s][info][gc,metaspace   ] GC(913) Metaspace: 16551K(16896K)->16551K(16896K) NonClass: 14220K(14400K)->14220K(14400K) Class: 2331K(2496K)->2331K(2496K)
[188.960s][info][gc             ] GC(913) Pause Young (Allocation Failure) 442M->407M(910M) 88.119ms
[188.960s][info][gc,cpu         ] GC(913) User=0.48s Sys=0.00s Real=0.09s
[189.189s][info][gc,start       ] GC(914) Pause Young (Allocation Failure)
[189.286s][info][gc,heap        ] GC(914) PSYoungGen: 232931K(232960K)->116195K(232960K) Eden: 116736K(116736K)->0K(116736K) From: 116195K(116224K)->116195K(116224K)
[189.286s][info][gc,heap        ] GC(914) ParOldGen: 301579K(699392K)->331500K(699392K)
[189.286s][info][gc,metaspace   ] GC(914) Metaspace: 16551K(16896K)->16551K(16896K) NonClass: 14220K(14400K)->14220K(14400K) Class: 2331K(2496K)->2331K(2496K)
[189.286s][info][gc             ] GC(914) Pause Young (Allocation Failure) 521M->437M(910M) 96.536ms
[189.286s][info][gc,cpu         ] GC(914) User=0.48s Sys=0.00s Real=0.09s
[192.518s][info][gc,start       ] GC(915) Pause Young (Allocation Failure)
[192.614s][info][gc,heap        ] GC(915) PSYoungGen: 232931K(232960K)->116195K(232960K) Eden: 116736K(116736K)->0K(116736K) From: 116195K(116224K)->116195K(116224K)
[192.614s][info][gc,heap        ] GC(915) ParOldGen: 331500K(699392K)->370644K(699392K)
[192.614s][info][gc,metaspace   ] GC(915) Metaspace: 16551K(16896K)->16551K(16896K) NonClass: 14220K(14400K)->14220K(14400K) Class: 2331K(2496K)->2331K(2496K)
[192.614s][info][gc             ] GC(915) Pause Young (Allocation Failure) 551M->475M(910M) 96.147ms
[192.614s][info][gc,cpu         ] GC(915) User=0.55s Sys=0.00s Real=0.09s
[192.671s][info][gc,start       ] GC(916) Pause Young (Allocation Failure)
[192.773s][info][gc,heap        ] GC(916) PSYoungGen: 232931K(232960K)->116224K(232960K) Eden: 116736K(116736K)->0K(116736K) From: 116195K(116224K)->116224K(116224K)
[192.773s][info][gc,heap        ] GC(916) ParOldGen: 370644K(699392K)->421215K(699392K)
[192.773s][info][gc,metaspace   ] GC(916) Metaspace: 16551K(16896K)->16551K(16896K) NonClass: 14220K(14400K)->14220K(14400K) Class: 2331K(2496K)->2331K(2496K)
[192.773s][info][gc             ] GC(916) Pause Young (Allocation Failure) 589M->524M(910M) 101.655ms
[192.773s][info][gc,cpu         ] GC(916) User=0.56s Sys=0.00s Real=0.09s
[192.832s][info][gc,start       ] GC(917) Pause Young (Allocation Failure)
[192.913s][info][gc,heap        ] GC(917) PSYoungGen: 232960K(232960K)->113856K(232960K) Eden: 116736K(116736K)->0K(116736K) From: 116224K(116224K)->113856K(116224K)
[192.913s][info][gc,heap        ] GC(917) ParOldGen: 421215K(699392K)->473599K(699392K)
[192.913s][info][gc,metaspace   ] GC(917) Metaspace: 16551K(16896K)->16551K(16896K) NonClass: 14220K(14400K)->14220K(14400K) Class: 2331K(2496K)->2331K(2496K)
[192.913s][info][gc             ] GC(917) Pause Young (Allocation Failure) 638M->573M(910M) 81.445ms
[192.913s][info][gc,cpu         ] GC(917) User=0.58s Sys=0.00s Real=0.09s
[192.973s][info][gc,start       ] GC(918) Pause Young (Allocation Failure)
[193.052s][info][gc,heap        ] GC(918) PSYoungGen: 230592K(232960K)->116224K(232960K) Eden: 116736K(116736K)->0K(116736K) From: 113856K(116224K)->116224K(116224K)
[193.052s][info][gc,heap        ] GC(918) ParOldGen: 473599K(699392K)->519607K(699392K)
[193.052s][info][gc,metaspace   ] GC(918) Metaspace: 16551K(16896K)->16551K(16896K) NonClass: 14220K(14400K)->14220K(14400K) Class: 2331K(2496K)->2331K(2496K)
[193.052s][info][gc             ] GC(918) Pause Young (Allocation Failure) 687M->620M(910M) 79.275ms
[193.052s][info][gc,cpu         ] GC(918) User=0.47s Sys=0.00s Real=0.09s
[193.111s][info][gc,start       ] GC(919) Pause Young (Allocation Failure)
[193.186s][info][gc,heap        ] GC(919) PSYoungGen: 232960K(232960K)->93440K(232960K) Eden: 116736K(116736K)->0K(116736K) From: 116224K(116224K)->93440K(116224K)
[193.186s][info][gc,heap        ] GC(919) ParOldGen: 519607K(699392K)->591783K(699392K)
[193.186s][info][gc,metaspace   ] GC(919) Metaspace: 16551K(16896K)->16551K(16896K) NonClass: 14220K(14400K)->14220K(14400K) Class: 2331K(2496K)->2331K(2496K)
[193.186s][info][gc             ] GC(919) Pause Young (Allocation Failure) 734M->669M(910M) 74.300ms
[193.186s][info][gc,cpu         ] GC(919) User=0.45s Sys=0.00s Real=0.08s
[193.248s][info][gc,start       ] GC(920) Pause Full (Ergonomics)
[193.249s][info][gc,phases,start] GC(920) Marking Phase
[193.333s][info][gc,phases      ] GC(920) Marking Phase 84.469ms
[193.333s][info][gc,phases,start] GC(920) Summary Phase
[193.333s][info][gc,phases      ] GC(920) Summary Phase 0.022ms
[193.333s][info][gc,phases,start] GC(920) Adjust Roots
[193.335s][info][gc,phases      ] GC(920) Adjust Roots 1.689ms
[193.335s][info][gc,phases,start] GC(920) Compaction Phase
[193.531s][info][gc,phases      ] GC(920) Compaction Phase 196.292ms
[193.531s][info][gc,phases,start] GC(920) Post Compact
[193.533s][info][gc,phases      ] GC(920) Post Compact 2.163ms
[193.533s][info][gc,heap        ] GC(920) PSYoungGen: 210176K(232960K)->0K(232960K) Eden: 116736K(116736K)->0K(116736K) From: 93440K(116224K)->0K(116224K)
[193.534s][info][gc,heap        ] GC(920) ParOldGen: 591783K(699392K)->289200K(699392K)
[193.534s][info][gc,metaspace   ] GC(920) Metaspace: 16551K(16896K)->16551K(16896K) NonClass: 14220K(14400K)->14220K(14400K) Class: 2331K(2496K)->2331K(2496K)
[193.534s][info][gc             ] GC(920) Pause Full (Ergonomics) 783M->282M(910M) 285.064ms
[193.534s][info][gc,cpu         ] GC(920) User=1.59s Sys=0.00s Real=0.27s
[193.600s][info][gc,start       ] GC(921) Pause Young (Allocation Failure)
[193.624s][info][gc,heap        ] GC(921) PSYoungGen: 116736K(232960K)->50944K(232960K) Eden: 116736K(116736K)->0K(116736K) From: 0K(116224K)->50944K(116224K)
[193.624s][info][gc,heap        ] GC(921) ParOldGen: 289200K(699392K)->289200K(699392K)
[193.624s][info][gc,metaspace   ] GC(921) Metaspace: 16551K(16896K)->16551K(16896K) NonClass: 14220K(14400K)->14220K(14400K) Class: 2331K(2496K)->2331K(2496K)
[193.624s][info][gc             ] GC(921) Pause Young (Allocation Failure) 396M->332M(910M) 24.594ms
[193.624s][info][gc,cpu         ] GC(921) User=0.05s Sys=0.00s Real=0.03s
[193.687s][info][gc,start       ] GC(922) Pause Young (Allocation Failure)
[193.734s][info][gc,heap        ] GC(922) PSYoungGen: 167680K(232960K)->51040K(232960K) Eden: 116736K(116736K)->0K(116736K) From: 50944K(116224K)->51040K(116224K)
[193.734s][info][gc,heap        ] GC(922) ParOldGen: 289200K(699392K)->337248K(699392K)
[193.734s][info][gc,metaspace   ] GC(922) Metaspace: 16551K(16896K)->16551K(16896K) NonClass: 14220K(14400K)->14220K(14400K) Class: 2331K(2496K)->2331K(2496K)
[193.734s][info][gc             ] GC(922) Pause Young (Allocation Failure) 446M->379M(910M) 46.575ms
[193.734s][info][gc,cpu         ] GC(922) User=0.19s Sys=0.00s Real=0.05s
[193.818s][info][gc,start       ] GC(923) Pause Young (Allocation Failure)
[193.874s][info][gc,heap        ] GC(923) PSYoungGen: 167776K(232960K)->70858K(232960K) Eden: 116736K(116736K)->0K(116736K) From: 51040K(116224K)->70858K(116224K)
[193.874s][info][gc,heap        ] GC(923) ParOldGen: 337248K(699392K)->385320K(699392K)
[193.874s][info][gc,metaspace   ] GC(923) Metaspace: 16551K(16896K)->16551K(16896K) NonClass: 14220K(14400K)->14220K(14400K) Class: 2331K(2496K)->2331K(2496K)
[193.874s][info][gc             ] GC(923) Pause Young (Allocation Failure) 493M->445M(910M) 56.118ms
[193.874s][info][gc,cpu         ] GC(923) User=0.28s Sys=0.00s Real=0.05s
[194.182s][info][gc,start       ] GC(924) Pause Young (Allocation Failure)
[194.280s][info][gc,heap        ] GC(924) PSYoungGen: 187594K(232960K)->38592K(232960K) Eden: 116736K(116736K)->0K(116736K) From: 70858K(116224K)->38592K(116224K)
[194.280s][info][gc,heap        ] GC(924) ParOldGen: 385320K(699392K)->437651K(699392K)
[194.280s][info][gc,metaspace   ] GC(924) Metaspace: 16551K(16896K)->16551K(16896K) NonClass: 14220K(14400K)->14220K(14400K) Class: 2331K(2496K)->2331K(2496K)
[194.280s][info][gc             ] GC(924) Pause Young (Allocation Failure) 559M->465M(910M) 98.091ms
[194.280s][info][gc,cpu         ] GC(924) User=0.42s Sys=0.00s Real=0.09s
[194.427s][info][gc,start       ] GC(925) Pause Young (Allocation Failure)
[194.478s][info][gc,heap        ] GC(925) PSYoungGen: 155328K(232960K)->3808K(232960K) Eden: 116736K(116736K)->0K(116736K) From: 38592K(116224K)->3808K(116224K)
[194.478s][info][gc,heap        ] GC(925) ParOldGen: 437651K(699392K)->468659K(699392K)
[194.478s][info][gc,metaspace   ] GC(925) Metaspace: 16551K(16896K)->16551K(16896K) NonClass: 14220K(14400K)->14220K(14400K) Class: 2331K(2496K)->2331K(2496K)
[194.478s][info][gc             ] GC(925) Pause Young (Allocation Failure) 579M->461M(910M) 51.442ms
[194.478s][info][gc,cpu         ] GC(925) User=0.27s Sys=0.00s Real=0.05s
[194.619s][info][gc,start       ] GC(926) Pause Young (Allocation Failure)
[194.622s][info][gc,heap        ] GC(926) PSYoungGen: 120544K(232960K)->3072K(232960K) Eden: 116736K(116736K)->0K(116736K) From: 3808K(116224K)->3072K(116224K)
[194.622s][info][gc,heap        ] GC(926) ParOldGen: 468659K(699392K)->468987K(699392K)
[194.622s][info][gc,metaspace   ] GC(926) Metaspace: 16551K(16896K)->16551K(16896K) NonClass: 14220K(14400K)->14220K(14400K) Class: 2331K(2496K)->2331K(2496K)
[194.622s][info][gc             ] GC(926) Pause Young (Allocation Failure) 575M->460M(910M) 3.182ms
[194.622s][info][gc,cpu         ] GC(926) User=0.00s Sys=0.00s Real=0.00s
[194.750s][info][gc,start       ] GC(927) Pause Young (Allocation Failure)
[194.753s][info][gc,heap        ] GC(927) PSYoungGen: 119808K(232960K)->2368K(232960K) Eden: 116736K(116736K)->0K(116736K) From: 3072K(116224K)->2368K(116224K)
[194.753s][info][gc,heap        ] GC(927) ParOldGen: 468987K(699392K)->469107K(699392K)
[194.753s][info][gc,metaspace   ] GC(927) Metaspace: 16551K(16896K)->16551K(16896K) NonClass: 14220K(14400K)->14220K(14400K) Class: 2331K(2496K)->2331K(2496K)
[194.753s][info][gc             ] GC(927) Pause Young (Allocation Failure) 574M->460M(910M) 2.267ms
[194.753s][info][gc,cpu         ] GC(927) User=0.00s Sys=0.00s Real=0.01s
[194.889s][info][gc,start       ] GC(928) Pause Young (Allocation Failure)
[194.890s][info][gc,heap        ] GC(928) PSYoungGen: 119104K(232960K)->256K(232960K) Eden: 116736K(116736K)->0K(116736K) From: 2368K(116224K)->256K(116224K)
[194.890s][info][gc,heap        ] GC(928) ParOldGen: 469107K(699392K)->469107K(699392K)
[194.890s][info][gc,metaspace   ] GC(928) Metaspace: 16551K(16896K)->16551K(16896K) NonClass: 14220K(14400K)->14220K(14400K) Class: 2331K(2496K)->2331K(2496K)
[194.890s][info][gc             ] GC(928) Pause Young (Allocation Failure) 574M->458M(910M) 0.954ms
[194.890s][info][gc,cpu         ] GC(928) User=0.00s Sys=0.00s Real=0.00s
[195.660s][info][gc,start       ] GC(929) Pause Young (System.gc())
[195.661s][info][gc,heap        ] GC(929) PSYoungGen: 83345K(232960K)->192K(232960K) Eden: 83089K(116736K)->0K(116736K) From: 256K(116224K)->192K(116224K)
[195.661s][info][gc,heap        ] GC(929) ParOldGen: 469107K(699392K)->469131K(699392K)
[195.661s][info][gc,metaspace   ] GC(929) Metaspace: 16553K(16896K)->16553K(16896K) NonClass: 14221K(14400K)->14221K(14400K) Class: 2331K(2496K)->2331K(2496K)
[195.661s][info][gc             ] GC(929) Pause Young (System.gc()) 539M->458M(910M) 0.594ms
[195.661s][info][gc,cpu         ] GC(929) User=0.00s Sys=0.00s Real=0.00s
[195.661s][info][gc,start       ] GC(930) Pause Full (System.gc())
[195.661s][info][gc,phases,start] GC(930) Marking Phase
[195.665s][info][gc,phases      ] GC(930) Marking Phase 4.588ms
[195.665s][info][gc,phases,start] GC(930) Summary Phase
[195.665s][info][gc,phases      ] GC(930) Summary Phase 0.011ms
[195.665s][info][gc,phases,start] GC(930) Adjust Roots
[195.667s][info][gc,phases      ] GC(930) Adjust Roots 1.626ms
[195.667s][info][gc,phases,start] GC(930) Compaction Phase
[195.669s][info][gc,phases      ] GC(930) Compaction Phase 1.480ms
[195.669s][info][gc,phases,start] GC(930) Post Compact
[195.670s][info][gc,phases      ] GC(930) Post Compact 1.643ms
[195.670s][info][gc,heap        ] GC(930) PSYoungGen: 192K(232960K)->0K(232960K) Eden: 0K(116736K)->0K(116736K) From: 192K(116224K)->0K(116224K)
[195.670s][info][gc,heap        ] GC(930) ParOldGen: 469131K(699392K)->5547K(699392K)
[195.670s][info][gc,metaspace   ] GC(930) Metaspace: 16553K(16896K)->16553K(16896K) NonClass: 14221K(14400K)->14221K(14400K) Class: 2331K(2496K)->2331K(2496K)
[195.670s][info][gc             ] GC(930) Pause Full (System.gc()) 458M->5M(910M) 9.585ms
[195.670s][info][gc,cpu         ] GC(930) User=0.02s Sys=0.00s Real=0.01s
[197.298s][info][gc,start       ] GC(931) Pause Young (Allocation Failure)
[197.298s][info][gc,heap        ] GC(931) PSYoungGen: 116736K(232960K)->320K(232960K) Eden: 116736K(116736K)->0K(116736K) From: 0K(116224K)->320K(116224K)
[197.299s][info][gc,heap        ] GC(931) ParOldGen: 5547K(699392K)->5547K(699392K)
[197.299s][info][gc,metaspace   ] GC(931) Metaspace: 16554K(16896K)->16554K(16896K) NonClass: 14222K(14400K)->14222K(14400K) Class: 2331K(2496K)->2331K(2496K)
[197.299s][info][gc             ] GC(931) Pause Young (Allocation Failure) 119M->5M(910M) 0.759ms
[197.299s][info][gc,cpu         ] GC(931) User=0.00s Sys=0.00s Real=0.00s
[197.322s][info][gc,start       ] GC(932) Pause Young (Allocation Failure)
[197.323s][info][gc,heap        ] GC(932) PSYoungGen: 117056K(232960K)->224K(232960K) Eden: 116736K(116736K)->0K(116736K) From: 320K(116224K)->224K(116224K)
[197.323s][info][gc,heap        ] GC(932) ParOldGen: 5547K(699392K)->5635K(699392K)
[197.323s][info][gc,metaspace   ] GC(932) Metaspace: 16554K(16896K)->16554K(16896K) NonClass: 14222K(14400K)->14222K(14400K) Class: 2331K(2496K)->2331K(2496K)
[197.323s][info][gc             ] GC(932) Pause Young (Allocation Failure) 119M->5M(910M) 0.614ms
[197.323s][info][gc,cpu         ] GC(932) User=0.00s Sys=0.00s Real=0.00s
[197.346s][info][gc,start       ] GC(933) Pause Young (Allocation Failure)
[197.346s][info][gc,heap        ] GC(933) PSYoungGen: 116960K(232960K)->224K(232960K) Eden: 116736K(116736K)->0K(116736K) From: 224K(116224K)->224K(116224K)
[197.346s][info][gc,heap        ] GC(933) ParOldGen: 5635K(699392K)->5683K(699392K)
[197.346s][info][gc,metaspace   ] GC(933) Metaspace: 16554K(16896K)->16554K(16896K) NonClass: 14222K(14400K)->14222K(14400K) Class: 2331K(2496K)->2331K(2496K)
[197.346s][info][gc             ] GC(933) Pause Young (Allocation Failure) 119M->5M(910M) 0.562ms
[197.346s][info][gc,cpu         ] GC(933) User=0.00s Sys=0.00s Real=0.00s
[197.368s][info][gc,start       ] GC(934) Pause Young (Allocation Failure)
[197.369s][info][gc,heap        ] GC(934) PSYoungGen: 116960K(232960K)->288K(232960K) Eden: 116736K(116736K)->0K(116736K) From: 224K(116224K)->288K(116224K)
[197.369s][info][gc,heap        ] GC(934) ParOldGen: 5683K(699392K)->5723K(699392K)
[197.369s][info][gc,metaspace   ] GC(934) Metaspace: 16554K(16896K)->16554K(16896K) NonClass: 14222K(14400K)->14222K(14400K) Class: 2331K(2496K)->2331K(2496K)
[197.369s][info][gc             ] GC(934) Pause Young (Allocation Failure) 119M->5M(910M) 0.489ms
[197.369s][info][gc,cpu         ] GC(934) User=0.00s Sys=0.00s Real=0.00s
[197.392s][info][gc,start       ] GC(935) Pause Young (Allocation Failure)
[197.393s][info][gc,heap        ] GC(935) PSYoungGen: 117024K(232960K)->320K(232960K) Eden: 116736K(116736K)->0K(116736K) From: 288K(116224K)->320K(116224K)
[197.393s][info][gc,heap        ] GC(935) ParOldGen: 5723K(699392K)->5787K(699392K)
[197.393s][info][gc,metaspace   ] GC(935) Metaspace: 16554K(16896K)->16554K(16896K) NonClass: 14222K(14400K)->14222K(14400K) Class: 2331K(2496K)->2331K(2496K)
[197.393s][info][gc             ] GC(935) Pause Young (Allocation Failure) 119M->5M(910M) 0.932ms
[197.393s][info][gc,cpu         ] GC(935) User=0.00s Sys=0.00s Real=0.00s
[197.423s][info][gc,start       ] GC(936) Pause Young (Allocation Failure)
[197.423s][info][gc,heap        ] GC(936) PSYoungGen: 117056K(232960K)->288K(232960K) Eden: 116736K(116736K)->0K(116736K) From: 320K(116224K)->288K(116224K)
[197.423s][info][gc,heap        ] GC(936) ParOldGen: 5787K(699392K)->5819K(699392K)
[197.423s][info][gc,metaspace   ] GC(936) Metaspace: 16554K(16896K)->16554K(16896K) NonClass: 14222K(14400K)->14222K(14400K) Class: 2331K(2496K)->2331K(2496K)
[197.423s][info][gc             ] GC(936) Pause Young (Allocation Failure) 119M->5M(910M) 0.634ms
[197.423s][info][gc,cpu         ] GC(936) User=0.00s Sys=0.00s Real=0.00s
[197.454s][info][gc,start       ] GC(937) Pause Young (Allocation Failure)
[197.455s][info][gc,heap        ] GC(937) PSYoungGen: 117024K(232960K)->288K(232960K) Eden: 116736K(116736K)->0K(116736K) From: 288K(116224K)->288K(116224K)
[197.455s][info][gc,heap        ] GC(937) ParOldGen: 5819K(699392K)->5883K(699392K)
[197.455s][info][gc,metaspace   ] GC(937) Metaspace: 16554K(16896K)->16554K(16896K) NonClass: 14222K(14400K)->14222K(14400K) Class: 2331K(2496K)->2331K(2496K)
[197.455s][info][gc             ] GC(937) Pause Young (Allocation Failure) 119M->6M(910M) 0.745ms
[197.455s][info][gc,cpu         ] GC(937) User=0.00s Sys=0.00s Real=0.00s
[197.483s][info][gc,start       ] GC(938) Pause Young (Allocation Failure)
[197.483s][info][gc,heap        ] GC(938) PSYoungGen: 117024K(232960K)->224K(232960K) Eden: 116736K(116736K)->0K(116736K) From: 288K(116224K)->224K(116224K)
[197.483s][info][gc,heap        ] GC(938) ParOldGen: 5883K(699392K)->5931K(699392K)
[197.483s][info][gc,metaspace   ] GC(938) Metaspace: 16554K(16896K)->16554K(16896K) NonClass: 14222K(14400K)->14222K(14400K) Class: 2331K(2496K)->2331K(2496K)
[197.483s][info][gc             ] GC(938) Pause Young (Allocation Failure) 120M->6M(910M) 0.461ms
[197.483s][info][gc,cpu         ] GC(938) User=0.00s Sys=0.00s Real=0.00s
[197.507s][info][gc,start       ] GC(939) Pause Young (Allocation Failure)
[197.508s][info][gc,heap        ] GC(939) PSYoungGen: 116960K(232960K)->288K(232960K) Eden: 116736K(116736K)->0K(116736K) From: 224K(116224K)->288K(116224K)
[197.508s][info][gc,heap        ] GC(939) ParOldGen: 5931K(699392K)->5979K(699392K)
[197.508s][info][gc,metaspace   ] GC(939) Metaspace: 16554K(16896K)->16554K(16896K) NonClass: 14222K(14400K)->14222K(14400K) Class: 2331K(2496K)->2331K(2496K)
[197.508s][info][gc             ] GC(939) Pause Young (Allocation Failure) 120M->6M(910M) 0.534ms
[197.508s][info][gc,cpu         ] GC(939) User=0.00s Sys=0.00s Real=0.00s
[197.532s][info][gc,start       ] GC(940) Pause Young (Allocation Failure)
[197.532s][info][gc,heap        ] GC(940) PSYoungGen: 117024K(232960K)->320K(232960K) Eden: 116736K(116736K)->0K(116736K) From: 288K(116224K)->320K(116224K)
[197.532s][info][gc,heap        ] GC(940) ParOldGen: 5979K(699392K)->6027K(699392K)
[197.532s][info][gc,metaspace   ] GC(940) Metaspace: 16554K(16896K)->16554K(16896K) NonClass: 14222K(14400K)->14222K(14400K) Class: 2331K(2496K)->2331K(2496K)
[197.532s][info][gc             ] GC(940) Pause Young (Allocation Failure) 120M->6M(910M) 0.443ms
[197.532s][info][gc,cpu         ] GC(940) User=0.00s Sys=0.00s Real=0.00s
[197.555s][info][gc,start       ] GC(941) Pause Young (Allocation Failure)
[197.555s][info][gc,heap        ] GC(941) PSYoungGen: 117056K(232960K)->352K(237056K) Eden: 116736K(116736K)->0K(120832K) From: 320K(116224K)->352K(116224K)
[197.555s][info][gc,heap        ] GC(941) ParOldGen: 6027K(699392K)->6075K(699392K)
[197.555s][info][gc,metaspace   ] GC(941) Metaspace: 16554K(16896K)->16554K(16896K) NonClass: 14222K(14400K)->14222K(14400K) Class: 2331K(2496K)->2331K(2496K)
[197.555s][info][gc             ] GC(941) Pause Young (Allocation Failure) 120M->6M(914M) 0.602ms
[197.555s][info][gc,cpu         ] GC(941) User=0.00s Sys=0.00s Real=0.00s
[197.578s][info][gc,start       ] GC(942) Pause Young (Allocation Failure)
[197.579s][info][gc,heap        ] GC(942) PSYoungGen: 121184K(237056K)->320K(232960K) Eden: 120832K(120832K)->0K(120832K) From: 352K(116224K)->320K(112128K)
[197.579s][info][gc,heap        ] GC(942) ParOldGen: 6075K(699392K)->6075K(699392K)
[197.579s][info][gc,metaspace   ] GC(942) Metaspace: 16554K(16896K)->16554K(16896K) NonClass: 14222K(14400K)->14222K(14400K) Class: 2331K(2496K)->2331K(2496K)
[197.579s][info][gc             ] GC(942) Pause Young (Allocation Failure) 124M->6M(910M) 0.505ms
[197.579s][info][gc,cpu         ] GC(942) User=0.00s Sys=0.00s Real=0.00s
[197.602s][info][gc,start       ] GC(943) Pause Young (Allocation Failure)
[197.603s][info][gc,heap        ] GC(943) PSYoungGen: 121152K(232960K)->288K(250880K) Eden: 120832K(120832K)->0K(145920K) From: 320K(112128K)->288K(104960K)
[197.603s][info][gc,heap        ] GC(943) ParOldGen: 6075K(699392K)->6075K(699392K)
[197.603s][info][gc,metaspace   ] GC(943) Metaspace: 16554K(16896K)->16554K(16896K) NonClass: 14222K(14400K)->14222K(14400K) Class: 2331K(2496K)->2331K(2496K)
[197.603s][info][gc             ] GC(943) Pause Young (Allocation Failure) 124M->6M(928M) 0.560ms
[197.603s][info][gc,cpu         ] GC(943) User=0.00s Sys=0.00s Real=0.00s
[197.631s][info][gc,start       ] GC(944) Pause Young (Allocation Failure)
[197.632s][info][gc,heap        ] GC(944) PSYoungGen: 146208K(250880K)->352K(244224K) Eden: 145920K(145920K)->0K(145920K) From: 288K(104960K)->352K(98304K)
[197.632s][info][gc,heap        ] GC(944) ParOldGen: 6075K(699392K)->6075K(699392K)
[197.632s][info][gc,metaspace   ] GC(944) Metaspace: 16554K(16896K)->16554K(16896K) NonClass: 14222K(14400K)->14222K(14400K) Class: 2331K(2496K)->2331K(2496K)
[197.632s][info][gc             ] GC(944) Pause Young (Allocation Failure) 148M->6M(921M) 1.153ms
[197.632s][info][gc,cpu         ] GC(944) User=0.00s Sys=0.00s Real=0.00s
[197.661s][info][gc,start       ] GC(945) Pause Young (Allocation Failure)
[197.661s][info][gc,heap        ] GC(945) PSYoungGen: 146272K(244224K)->352K(263680K) Eden: 145920K(145920K)->0K(172032K) From: 352K(98304K)->352K(91648K)
[197.661s][info][gc,heap        ] GC(945) ParOldGen: 6075K(699392K)->6075K(699392K)
[197.661s][info][gc,metaspace   ] GC(945) Metaspace: 16554K(16896K)->16554K(16896K) NonClass: 14222K(14400K)->14222K(14400K) Class: 2331K(2496K)->2331K(2496K)
[197.661s][info][gc             ] GC(945) Pause Young (Allocation Failure) 148M->6M(940M) 0.587ms
[197.661s][info][gc,cpu         ] GC(945) User=0.00s Sys=0.00s Real=0.00s
[197.695s][info][gc,start       ] GC(946) Pause Young (Allocation Failure)
[197.695s][info][gc,heap        ] GC(946) PSYoungGen: 172384K(263680K)->352K(257536K) Eden: 172032K(172032K)->0K(172032K) From: 352K(91648K)->352K(85504K)
[197.695s][info][gc,heap        ] GC(946) ParOldGen: 6075K(699392K)->6075K(699392K)
[197.695s][info][gc,metaspace   ] GC(946) Metaspace: 16554K(16896K)->16554K(16896K) NonClass: 14222K(14400K)->14222K(14400K) Class: 2331K(2496K)->2331K(2496K)
[197.695s][info][gc             ] GC(946) Pause Young (Allocation Failure) 174M->6M(934M) 0.614ms
[197.695s][info][gc,cpu         ] GC(946) User=0.00s Sys=0.00s Real=0.00s
[197.728s][info][gc,start       ] GC(947) Pause Young (Allocation Failure)
[197.729s][info][gc,heap        ] GC(947) PSYoungGen: 172384K(257536K)->352K(274944K) Eden: 172032K(172032K)->0K(195072K) From: 352K(85504K)->352K(79872K)
[197.729s][info][gc,heap        ] GC(947) ParOldGen: 6075K(699392K)->6075K(699392K)
[197.729s][info][gc,metaspace   ] GC(947) Metaspace: 16554K(16896K)->16554K(16896K) NonClass: 14222K(14400K)->14222K(14400K) Class: 2331K(2496K)->2331K(2496K)
[197.729s][info][gc             ] GC(947) Pause Young (Allocation Failure) 174M->6M(951M) 0.720ms
[197.729s][info][gc,cpu         ] GC(947) User=0.00s Sys=0.00s Real=0.00s
[197.768s][info][gc,start       ] GC(948) Pause Young (Allocation Failure)
[197.768s][info][gc,heap        ] GC(948) PSYoungGen: 195424K(274944K)->384K(269312K) Eden: 195072K(195072K)->0K(195072K) From: 352K(79872K)->384K(74240K)
[197.768s][info][gc,heap        ] GC(948) ParOldGen: 6075K(699392K)->6075K(699392K)
[197.768s][info][gc,metaspace   ] GC(948) Metaspace: 16554K(16896K)->16554K(16896K) NonClass: 14222K(14400K)->14222K(14400K) Class: 2331K(2496K)->2331K(2496K)
[197.768s][info][gc             ] GC(948) Pause Young (Allocation Failure) 196M->6M(946M) 0.478ms
[197.768s][info][gc,cpu         ] GC(948) User=0.00s Sys=0.00s Real=0.00s
[197.806s][info][gc,start       ] GC(949) Pause Young (Allocation Failure)
[197.806s][info][gc,heap        ] GC(949) PSYoungGen: 195456K(269312K)->352K(285184K) Eden: 195072K(195072K)->0K(216064K) From: 384K(74240K)->352K(69120K)
[197.806s][info][gc,heap        ] GC(949) ParOldGen: 6075K(699392K)->6075K(699392K)
[197.806s][info][gc,metaspace   ] GC(949) Metaspace: 16554K(16896K)->16554K(16896K) NonClass: 14222K(14400K)->14222K(14400K) Class: 2331K(2496K)->2331K(2496K)
[197.806s][info][gc             ] GC(949) Pause Young (Allocation Failure) 196M->6M(961M) 0.568ms
[197.806s][info][gc,cpu         ] GC(949) User=0.00s Sys=0.00s Real=0.02s
[197.850s][info][gc,start       ] GC(950) Pause Young (Allocation Failure)
[197.850s][info][gc,heap        ] GC(950) PSYoungGen: 216416K(285184K)->352K(280064K) Eden: 216064K(216064K)->0K(216064K) From: 352K(69120K)->352K(64000K)
[197.850s][info][gc,heap        ] GC(950) ParOldGen: 6075K(699392K)->6075K(699392K)
[197.850s][info][gc,metaspace   ] GC(950) Metaspace: 16554K(16896K)->16554K(16896K) NonClass: 14222K(14400K)->14222K(14400K) Class: 2331K(2496K)->2331K(2496K)
[197.850s][info][gc             ] GC(950) Pause Young (Allocation Failure) 217M->6M(956M) 0.531ms
[197.850s][info][gc,cpu         ] GC(950) User=0.00s Sys=0.00s Real=0.00s
[197.918s][info][gc,start       ] GC(951) Pause Young (Allocation Failure)
[197.949s][info][gc,heap        ] GC(951) PSYoungGen: 216416K(280064K)->59363K(256000K) Eden: 216064K(216064K)->0K(196608K) From: 352K(64000K)->59363K(59392K)
[197.949s][info][gc,heap        ] GC(951) ParOldGen: 6075K(699392K)->11947K(699392K)
[197.949s][info][gc,metaspace   ] GC(951) Metaspace: 16554K(16896K)->16554K(16896K) NonClass: 14222K(14400K)->14222K(14400K) Class: 2331K(2496K)->2331K(2496K)
[197.949s][info][gc             ] GC(951) Pause Young (Allocation Failure) 217M->69M(933M) 30.499ms
[197.949s][info][gc,cpu         ] GC(951) User=0.03s Sys=0.00s Real=0.03s
[198.079s][info][gc,start       ] GC(952) Pause Young (Allocation Failure)
[198.189s][info][gc,heap        ] GC(952) PSYoungGen: 255971K(256000K)->76259K(272896K) Eden: 196608K(196608K)->0K(196608K) From: 59363K(59392K)->76259K(76288K)
[198.189s][info][gc,heap        ] GC(952) ParOldGen: 11947K(699392K)->127067K(699392K)
[198.189s][info][gc,metaspace   ] GC(952) Metaspace: 16554K(16896K)->16554K(16896K) NonClass: 14222K(14400K)->14222K(14400K) Class: 2331K(2496K)->2331K(2496K)
[198.189s][info][gc             ] GC(952) Pause Young (Allocation Failure) 261M->198M(949M) 109.800ms
[198.189s][info][gc,cpu         ] GC(952) User=0.61s Sys=0.00s Real=0.11s
[198.369s][info][gc,start       ] GC(953) Pause Young (Allocation Failure)
[198.512s][info][gc,heap        ] GC(953) PSYoungGen: 272867K(272896K)->76259K(193024K) Eden: 196608K(196608K)->0K(116736K) From: 76259K(76288K)->76259K(76288K)
[198.512s][info][gc,heap        ] GC(953) ParOldGen: 127067K(699392K)->262315K(699392K)
[198.512s][info][gc,metaspace   ] GC(953) Metaspace: 16554K(16896K)->16554K(16896K) NonClass: 14222K(14400K)->14222K(14400K) Class: 2331K(2496K)->2331K(2496K)
[198.512s][info][gc             ] GC(953) Pause Young (Allocation Failure) 390M->330M(871M) 143.435ms
[198.512s][info][gc,cpu         ] GC(953) User=0.69s Sys=0.00s Real=0.14s
[198.624s][info][gc,start       ] GC(954) Pause Young (Allocation Failure)
[198.735s][info][gc,heap        ] GC(954) PSYoungGen: 192995K(193024K)->116195K(232960K) Eden: 116736K(116736K)->0K(116736K) From: 76259K(76288K)->116195K(116224K)
[198.735s][info][gc,heap        ] GC(954) ParOldGen: 262315K(699392K)->303803K(699392K)
[198.735s][info][gc,metaspace   ] GC(954) Metaspace: 16554K(16896K)->16554K(16896K) NonClass: 14222K(14400K)->14222K(14400K) Class: 2331K(2496K)->2331K(2496K)
[198.735s][info][gc             ] GC(954) Pause Young (Allocation Failure) 444M->410M(910M) 110.735ms
[198.735s][info][gc,cpu         ] GC(954) User=0.50s Sys=0.00s Real=0.11s
[198.948s][info][gc,start       ] GC(955) Pause Young (Allocation Failure)
[199.051s][info][gc,heap        ] GC(955) PSYoungGen: 232931K(232960K)->116195K(232960K) Eden: 116736K(116736K)->0K(116736K) From: 116195K(116224K)->116195K(116224K)
[199.051s][info][gc,heap        ] GC(955) ParOldGen: 303803K(699392K)->331612K(699392K)
[199.051s][info][gc,metaspace   ] GC(955) Metaspace: 16554K(16896K)->16554K(16896K) NonClass: 14222K(14400K)->14222K(14400K) Class: 2331K(2496K)->2331K(2496K)
[199.051s][info][gc             ] GC(955) Pause Young (Allocation Failure) 524M->437M(910M) 103.263ms
[199.051s][info][gc,cpu         ] GC(955) User=0.55s Sys=0.02s Real=0.11s
[201.809s][info][gc,start       ] GC(956) Pause Young (Allocation Failure)
[201.904s][info][gc,heap        ] GC(956) PSYoungGen: 232931K(232960K)->116195K(232960K) Eden: 116736K(116736K)->0K(116736K) From: 116195K(116224K)->116195K(116224K)
[201.904s][info][gc,heap        ] GC(956) ParOldGen: 331612K(699392K)->371956K(699392K)
[201.904s][info][gc,metaspace   ] GC(956) Metaspace: 16554K(16896K)->16554K(16896K) NonClass: 14222K(14400K)->14222K(14400K) Class: 2331K(2496K)->2331K(2496K)
[201.904s][info][gc             ] GC(956) Pause Young (Allocation Failure) 551M->476M(910M) 94.968ms
[201.904s][info][gc,cpu         ] GC(956) User=0.53s Sys=0.00s Real=0.10s
[201.960s][info][gc,start       ] GC(957) Pause Young (Allocation Failure)
[202.060s][info][gc,heap        ] GC(957) PSYoungGen: 232931K(232960K)->116224K(232960K) Eden: 116736K(116736K)->0K(116736K) From: 116195K(116224K)->116224K(116224K)
[202.060s][info][gc,heap        ] GC(957) ParOldGen: 371956K(699392K)->422527K(699392K)
[202.060s][info][gc,metaspace   ] GC(957) Metaspace: 16554K(16896K)->16554K(16896K) NonClass: 14222K(14400K)->14222K(14400K) Class: 2331K(2496K)->2331K(2496K)
[202.060s][info][gc             ] GC(957) Pause Young (Allocation Failure) 590M->526M(910M) 100.278ms
[202.060s][info][gc,cpu         ] GC(957) User=0.58s Sys=0.00s Real=0.11s
[202.129s][info][gc,start       ] GC(958) Pause Young (Allocation Failure)
[202.239s][info][gc,heap        ] GC(958) PSYoungGen: 232960K(232960K)->116224K(232960K) Eden: 116736K(116736K)->0K(116736K) From: 116224K(116224K)->116224K(116224K)
[202.239s][info][gc,heap        ] GC(958) ParOldGen: 422527K(699392K)->472351K(699392K)
[202.239s][info][gc,metaspace   ] GC(958) Metaspace: 16554K(16896K)->16554K(16896K) NonClass: 14222K(14400K)->14222K(14400K) Class: 2331K(2496K)->2331K(2496K)
[202.239s][info][gc             ] GC(958) Pause Young (Allocation Failure) 640M->574M(910M) 109.417ms
[202.239s][info][gc,cpu         ] GC(958) User=0.36s Sys=0.00s Real=0.10s
[202.337s][info][gc,start       ] GC(959) Pause Young (Allocation Failure)
[202.431s][info][gc,heap        ] GC(959) PSYoungGen: 232960K(232960K)->116224K(232960K) Eden: 116736K(116736K)->0K(116736K) From: 116224K(116224K)->116224K(116224K)
[202.431s][info][gc,heap        ] GC(959) ParOldGen: 472351K(699392K)->522231K(699392K)
[202.431s][info][gc,metaspace   ] GC(959) Metaspace: 16554K(16896K)->16554K(16896K) NonClass: 14222K(14400K)->14222K(14400K) Class: 2331K(2496K)->2331K(2496K)
[202.431s][info][gc             ] GC(959) Pause Young (Allocation Failure) 688M->623M(910M) 93.760ms
[202.431s][info][gc,cpu         ] GC(959) User=0.45s Sys=0.02s Real=0.09s
[202.504s][info][gc,start       ] GC(960) Pause Young (Allocation Failure)
[202.585s][info][gc,heap        ] GC(960) PSYoungGen: 232960K(232960K)->88448K(232960K) Eden: 116736K(116736K)->0K(116736K) From: 116224K(116224K)->88448K(116224K)
[202.585s][info][gc,heap        ] GC(960) ParOldGen: 522231K(699392K)->600343K(699392K)
[202.585s][info][gc,metaspace   ] GC(960) Metaspace: 16554K(16896K)->16554K(16896K) NonClass: 14222K(14400K)->14222K(14400K) Class: 2331K(2496K)->2331K(2496K)
[202.585s][info][gc             ] GC(960) Pause Young (Allocation Failure) 737M->672M(910M) 80.465ms
[202.585s][info][gc,cpu         ] GC(960) User=0.41s Sys=0.00s Real=0.08s
[202.655s][info][gc,start       ] GC(961) Pause Full (Ergonomics)
[202.655s][info][gc,phases,start] GC(961) Marking Phase
[202.755s][info][gc,phases      ] GC(961) Marking Phase 99.590ms
[202.755s][info][gc,phases,start] GC(961) Summary Phase
[202.755s][info][gc,phases      ] GC(961) Summary Phase 0.026ms
[202.755s][info][gc,phases,start] GC(961) Adjust Roots
[202.757s][info][gc,phases      ] GC(961) Adjust Roots 2.112ms
[202.757s][info][gc,phases,start] GC(961) Compaction Phase
[202.977s][info][gc,phases      ] GC(961) Compaction Phase 219.832ms
[202.977s][info][gc,phases,start] GC(961) Post Compact
[202.979s][info][gc,phases      ] GC(961) Post Compact 1.934ms
[202.979s][info][gc,heap        ] GC(961) PSYoungGen: 205184K(232960K)->0K(232960K) Eden: 116736K(116736K)->0K(116736K) From: 88448K(116224K)->0K(116224K)
[202.979s][info][gc,heap        ] GC(961) ParOldGen: 600343K(699392K)->290079K(699392K)
[202.979s][info][gc,metaspace   ] GC(961) Metaspace: 16554K(16896K)->16554K(16896K) NonClass: 14222K(14400K)->14222K(14400K) Class: 2331K(2496K)->2331K(2496K)
[202.979s][info][gc             ] GC(961) Pause Full (Ergonomics) 786M->283M(910M) 323.812ms
[202.979s][info][gc,cpu         ] GC(961) User=1.55s Sys=0.00s Real=0.33s
[203.045s][info][gc,start       ] GC(962) Pause Young (Allocation Failure)
[203.070s][info][gc,heap        ] GC(962) PSYoungGen: 116736K(232960K)->50976K(232960K) Eden: 116736K(116736K)->0K(116736K) From: 0K(116224K)->50976K(116224K)
[203.070s][info][gc,heap        ] GC(962) ParOldGen: 290079K(699392K)->290079K(699392K)
[203.070s][info][gc,metaspace   ] GC(962) Metaspace: 16554K(16896K)->16554K(16896K) NonClass: 14222K(14400K)->14222K(14400K) Class: 2331K(2496K)->2331K(2496K)
[203.070s][info][gc             ] GC(962) Pause Young (Allocation Failure) 397M->333M(910M) 24.985ms
[203.070s][info][gc,cpu         ] GC(962) User=0.03s Sys=0.00s Real=0.03s
[203.138s][info][gc,start       ] GC(963) Pause Young (Allocation Failure)
[203.186s][info][gc,heap        ] GC(963) PSYoungGen: 167712K(232960K)->51040K(232960K) Eden: 116736K(116736K)->0K(116736K) From: 50976K(116224K)->51040K(116224K)
[203.186s][info][gc,heap        ] GC(963) ParOldGen: 290079K(699392K)->338111K(699392K)
[203.186s][info][gc,metaspace   ] GC(963) Metaspace: 16554K(16896K)->16554K(16896K) NonClass: 14222K(14400K)->14222K(14400K) Class: 2331K(2496K)->2331K(2496K)
[203.186s][info][gc             ] GC(963) Pause Young (Allocation Failure) 447M->380M(910M) 47.670ms
[203.186s][info][gc,cpu         ] GC(963) User=0.14s Sys=0.00s Real=0.05s
[203.275s][info][gc,start       ] GC(964) Pause Young (Allocation Failure)
[203.334s][info][gc,heap        ] GC(964) PSYoungGen: 167776K(232960K)->71434K(232960K) Eden: 116736K(116736K)->0K(116736K) From: 51040K(116224K)->71434K(116224K)
[203.334s][info][gc,heap        ] GC(964) ParOldGen: 338111K(699392K)->386199K(699392K)
[203.334s][info][gc,metaspace   ] GC(964) Metaspace: 16554K(16896K)->16554K(16896K) NonClass: 14222K(14400K)->14222K(14400K) Class: 2331K(2496K)->2331K(2496K)
[203.334s][info][gc             ] GC(964) Pause Young (Allocation Failure) 494M->446M(910M) 58.448ms
[203.334s][info][gc,cpu         ] GC(964) User=0.27s Sys=0.00s Real=0.06s
[203.648s][info][gc,start       ] GC(965) Pause Young (Allocation Failure)
[203.740s][info][gc,heap        ] GC(965) PSYoungGen: 188170K(232960K)->37152K(232960K) Eden: 116736K(116736K)->0K(116736K) From: 71434K(116224K)->37152K(116224K)
[203.740s][info][gc,heap        ] GC(965) ParOldGen: 386199K(699392K)->436033K(699392K)
[203.740s][info][gc,metaspace   ] GC(965) Metaspace: 16554K(16896K)->16554K(16896K) NonClass: 14222K(14400K)->14222K(14400K) Class: 2331K(2496K)->2331K(2496K)
[203.740s][info][gc             ] GC(965) Pause Young (Allocation Failure) 560M->462M(910M) 91.858ms
[203.740s][info][gc,cpu         ] GC(965) User=0.39s Sys=0.00s Real=0.09s
[203.886s][info][gc,start       ] GC(966) Pause Young (Allocation Failure)
[203.933s][info][gc,heap        ] GC(966) PSYoungGen: 153888K(232960K)->3776K(232960K) Eden: 116736K(116736K)->0K(116736K) From: 37152K(116224K)->3776K(116224K)
[203.933s][info][gc,heap        ] GC(966) ParOldGen: 436033K(699392K)->466889K(699392K)
[203.933s][info][gc,metaspace   ] GC(966) Metaspace: 16554K(16896K)->16554K(16896K) NonClass: 14222K(14400K)->14222K(14400K) Class: 2331K(2496K)->2331K(2496K)
[203.933s][info][gc             ] GC(966) Pause Young (Allocation Failure) 576M->459M(910M) 46.983ms
[203.933s][info][gc,cpu         ] GC(966) User=0.17s Sys=0.00s Real=0.05s
[204.072s][info][gc,start       ] GC(967) Pause Young (Allocation Failure)
[204.075s][info][gc,heap        ] GC(967) PSYoungGen: 120512K(232960K)->3104K(232960K) Eden: 116736K(116736K)->0K(116736K) From: 3776K(116224K)->3104K(116224K)
[204.075s][info][gc,heap        ] GC(967) ParOldGen: 466889K(699392K)->467209K(699392K)
[204.075s][info][gc,metaspace   ] GC(967) Metaspace: 16554K(16896K)->16554K(16896K) NonClass: 14222K(14400K)->14222K(14400K) Class: 2331K(2496K)->2331K(2496K)
[204.075s][info][gc             ] GC(967) Pause Young (Allocation Failure) 573M->459M(910M) 3.095ms
[204.075s][info][gc,cpu         ] GC(967) User=0.00s Sys=0.00s Real=0.00s
[204.205s][info][gc,start       ] GC(968) Pause Young (Allocation Failure)
[204.208s][info][gc,heap        ] GC(968) PSYoungGen: 119840K(232960K)->2336K(232960K) Eden: 116736K(116736K)->0K(116736K) From: 3104K(116224K)->2336K(116224K)
[204.208s][info][gc,heap        ] GC(968) ParOldGen: 467209K(699392K)->467329K(699392K)
[204.208s][info][gc,metaspace   ] GC(968) Metaspace: 16554K(16896K)->16554K(16896K) NonClass: 14222K(14400K)->14222K(14400K) Class: 2331K(2496K)->2331K(2496K)
[204.208s][info][gc             ] GC(968) Pause Young (Allocation Failure) 573M->458M(910M) 2.970ms
[204.208s][info][gc,cpu         ] GC(968) User=0.00s Sys=0.00s Real=0.00s
[204.350s][info][gc,start       ] GC(969) Pause Young (Allocation Failure)
[204.351s][info][gc,heap        ] GC(969) PSYoungGen: 119072K(232960K)->192K(232960K) Eden: 116736K(116736K)->0K(116736K) From: 2336K(116224K)->192K(116224K)
[204.351s][info][gc,heap        ] GC(969) ParOldGen: 467329K(699392K)->467329K(699392K)
[204.351s][info][gc,metaspace   ] GC(969) Metaspace: 16554K(16896K)->16554K(16896K) NonClass: 14222K(14400K)->14222K(14400K) Class: 2331K(2496K)->2331K(2496K)
[204.351s][info][gc             ] GC(969) Pause Young (Allocation Failure) 572M->456M(910M) 0.852ms
[204.351s][info][gc,cpu         ] GC(969) User=0.00s Sys=0.00s Real=0.00s
[205.341s][info][gc,start       ] GC(970) Pause Young (System.gc())
[205.342s][info][gc,heap        ] GC(970) PSYoungGen: 85149K(232960K)->128K(232960K) Eden: 84957K(116736K)->0K(116736K) From: 192K(116224K)->128K(116224K)
[205.342s][info][gc,heap        ] GC(970) ParOldGen: 467329K(699392K)->467353K(699392K)
[205.342s][info][gc,metaspace   ] GC(970) Metaspace: 16554K(16896K)->16554K(16896K) NonClass: 14222K(14400K)->14222K(14400K) Class: 2331K(2496K)->2331K(2496K)
[205.342s][info][gc             ] GC(970) Pause Young (System.gc()) 539M->456M(910M) 0.849ms
[205.342s][info][gc,cpu         ] GC(970) User=0.00s Sys=0.00s Real=0.00s
[205.342s][info][gc,start       ] GC(971) Pause Full (System.gc())
[205.342s][info][gc,phases,start] GC(971) Marking Phase
[205.347s][info][gc,phases      ] GC(971) Marking Phase 5.203ms
[205.347s][info][gc,phases,start] GC(971) Summary Phase
[205.347s][info][gc,phases      ] GC(971) Summary Phase 0.014ms
[205.347s][info][gc,phases,start] GC(971) Adjust Roots
[205.349s][info][gc,phases      ] GC(971) Adjust Roots 2.018ms
[205.349s][info][gc,phases,start] GC(971) Compaction Phase
[205.351s][info][gc,phases      ] GC(971) Compaction Phase 1.815ms
[205.351s][info][gc,phases,start] GC(971) Post Compact
[205.353s][info][gc,phases      ] GC(971) Post Compact 2.103ms
[205.353s][info][gc,heap        ] GC(971) PSYoungGen: 128K(232960K)->0K(232960K) Eden: 0K(116736K)->0K(116736K) From: 128K(116224K)->0K(116224K)
[205.353s][info][gc,heap        ] GC(971) ParOldGen: 467353K(699392K)->5547K(699392K)
[205.353s][info][gc,metaspace   ] GC(971) Metaspace: 16554K(16896K)->16554K(16896K) NonClass: 14222K(14400K)->14222K(14400K) Class: 2331K(2496K)->2331K(2496K)
[205.353s][info][gc             ] GC(971) Pause Full (System.gc()) 456M->5M(910M) 11.433ms
[205.353s][info][gc,cpu         ] GC(971) User=0.02s Sys=0.00s Real=0.02s
[207.191s][info][gc,start       ] GC(972) Pause Young (Allocation Failure)
[207.192s][info][gc,heap        ] GC(972) PSYoungGen: 116736K(232960K)->352K(232960K) Eden: 116736K(116736K)->0K(116736K) From: 0K(116224K)->352K(116224K)
[207.192s][info][gc,heap        ] GC(972) ParOldGen: 5547K(699392K)->5547K(699392K)
[207.192s][info][gc,metaspace   ] GC(972) Metaspace: 16554K(16896K)->16554K(16896K) NonClass: 14222K(14400K)->14222K(14400K) Class: 2331K(2496K)->2331K(2496K)
[207.192s][info][gc             ] GC(972) Pause Young (Allocation Failure) 119M->5M(910M) 0.665ms
[207.192s][info][gc,cpu         ] GC(972) User=0.00s Sys=0.00s Real=0.00s
[207.216s][info][gc,start       ] GC(973) Pause Young (Allocation Failure)
[207.216s][info][gc,heap        ] GC(973) PSYoungGen: 117088K(232960K)->320K(232960K) Eden: 116736K(116736K)->0K(116736K) From: 352K(116224K)->320K(116224K)
[207.216s][info][gc,heap        ] GC(973) ParOldGen: 5547K(699392K)->5643K(699392K)
[207.216s][info][gc,metaspace   ] GC(973) Metaspace: 16554K(16896K)->16554K(16896K) NonClass: 14222K(14400K)->14222K(14400K) Class: 2331K(2496K)->2331K(2496K)
[207.216s][info][gc             ] GC(973) Pause Young (Allocation Failure) 119M->5M(910M) 0.637ms
[207.216s][info][gc,cpu         ] GC(973) User=0.00s Sys=0.00s Real=0.00s
[207.241s][info][gc,start       ] GC(974) Pause Young (Allocation Failure)
[207.242s][info][gc,heap        ] GC(974) PSYoungGen: 117056K(232960K)->256K(232960K) Eden: 116736K(116736K)->0K(116736K) From: 320K(116224K)->256K(116224K)
[207.242s][info][gc,heap        ] GC(974) ParOldGen: 5643K(699392K)->5691K(699392K)
[207.242s][info][gc,metaspace   ] GC(974) Metaspace: 16554K(16896K)->16554K(16896K) NonClass: 14222K(14400K)->14222K(14400K) Class: 2331K(2496K)->2331K(2496K)
[207.242s][info][gc             ] GC(974) Pause Young (Allocation Failure) 119M->5M(910M) 0.476ms
[207.242s][info][gc,cpu         ] GC(974) User=0.00s Sys=0.00s Real=0.00s
[207.264s][info][gc,start       ] GC(975) Pause Young (Allocation Failure)
[207.264s][info][gc,heap        ] GC(975) PSYoungGen: 116992K(232960K)->288K(232960K) Eden: 116736K(116736K)->0K(116736K) From: 256K(116224K)->288K(116224K)
[207.264s][info][gc,heap        ] GC(975) ParOldGen: 5691K(699392K)->5739K(699392K)
[207.264s][info][gc,metaspace   ] GC(975) Metaspace: 16554K(16896K)->16554K(16896K) NonClass: 14222K(14400K)->14222K(14400K) Class: 2331K(2496K)->2331K(2496K)
[207.265s][info][gc             ] GC(975) Pause Young (Allocation Failure) 119M->5M(910M) 0.543ms
[207.265s][info][gc,cpu         ] GC(975) User=0.00s Sys=0.00s Real=0.00s
[207.288s][info][gc,start       ] GC(976) Pause Young (Allocation Failure)
[207.289s][info][gc,heap        ] GC(976) PSYoungGen: 117024K(232960K)->224K(232960K) Eden: 116736K(116736K)->0K(116736K) From: 288K(116224K)->224K(116224K)
[207.289s][info][gc,heap        ] GC(976) ParOldGen: 5739K(699392K)->5787K(699392K)
[207.289s][info][gc,metaspace   ] GC(976) Metaspace: 16554K(16896K)->16554K(16896K) NonClass: 14222K(14400K)->14222K(14400K) Class: 2331K(2496K)->2331K(2496K)
[207.289s][info][gc             ] GC(976) Pause Young (Allocation Failure) 119M->5M(910M) 0.513ms
[207.289s][info][gc,cpu         ] GC(976) User=0.00s Sys=0.00s Real=0.00s
[207.314s][info][gc,start       ] GC(977) Pause Young (Allocation Failure)
[207.315s][info][gc,heap        ] GC(977) PSYoungGen: 116960K(232960K)->352K(232960K) Eden: 116736K(116736K)->0K(116736K) From: 224K(116224K)->352K(116224K)
[207.315s][info][gc,heap        ] GC(977) ParOldGen: 5787K(699392K)->5827K(699392K)
[207.315s][info][gc,metaspace   ] GC(977) Metaspace: 16554K(16896K)->16554K(16896K) NonClass: 14222K(14400K)->14222K(14400K) Class: 2331K(2496K)->2331K(2496K)
[207.315s][info][gc             ] GC(977) Pause Young (Allocation Failure) 119M->6M(910M) 0.622ms
[207.315s][info][gc,cpu         ] GC(977) User=0.00s Sys=0.00s Real=0.00s
[207.340s][info][gc,start       ] GC(978) Pause Young (Allocation Failure)
[207.340s][info][gc,heap        ] GC(978) PSYoungGen: 117088K(232960K)->288K(232960K) Eden: 116736K(116736K)->0K(116736K) From: 352K(116224K)->288K(116224K)
[207.340s][info][gc,heap        ] GC(978) ParOldGen: 5827K(699392K)->5891K(699392K)
[207.340s][info][gc,metaspace   ] GC(978) Metaspace: 16554K(16896K)->16554K(16896K) NonClass: 14222K(14400K)->14222K(14400K) Class: 2331K(2496K)->2331K(2496K)
[207.340s][info][gc             ] GC(978) Pause Young (Allocation Failure) 120M->6M(910M) 0.573ms
[207.340s][info][gc,cpu         ] GC(978) User=0.00s Sys=0.00s Real=0.00s
[207.366s][info][gc,start       ] GC(979) Pause Young (Allocation Failure)
[207.366s][info][gc,heap        ] GC(979) PSYoungGen: 117024K(232960K)->320K(232960K) Eden: 116736K(116736K)->0K(116736K) From: 288K(116224K)->320K(116224K)
[207.366s][info][gc,heap        ] GC(979) ParOldGen: 5891K(699392K)->5931K(699392K)
[207.366s][info][gc,metaspace   ] GC(979) Metaspace: 16554K(16896K)->16554K(16896K) NonClass: 14222K(14400K)->14222K(14400K) Class: 2331K(2496K)->2331K(2496K)
[207.366s][info][gc             ] GC(979) Pause Young (Allocation Failure) 120M->6M(910M) 0.730ms
[207.366s][info][gc,cpu         ] GC(979) User=0.00s Sys=0.00s Real=0.00s
[207.394s][info][gc,start       ] GC(980) Pause Young (Allocation Failure)
[207.394s][info][gc,heap        ] GC(980) PSYoungGen: 117056K(232960K)->320K(232960K) Eden: 116736K(116736K)->0K(116736K) From: 320K(116224K)->320K(116224K)
[207.394s][info][gc,heap        ] GC(980) ParOldGen: 5931K(699392K)->5971K(699392K)
[207.394s][info][gc,metaspace   ] GC(980) Metaspace: 16554K(16896K)->16554K(16896K) NonClass: 14222K(14400K)->14222K(14400K) Class: 2331K(2496K)->2331K(2496K)
[207.394s][info][gc             ] GC(980) Pause Young (Allocation Failure) 120M->6M(910M) 0.810ms
[207.394s][info][gc,cpu         ] GC(980) User=0.00s Sys=0.00s Real=0.00s
[207.426s][info][gc,start       ] GC(981) Pause Young (Allocation Failure)
[207.426s][info][gc,heap        ] GC(981) PSYoungGen: 117056K(232960K)->320K(232960K) Eden: 116736K(116736K)->0K(116736K) From: 320K(116224K)->320K(116224K)
[207.426s][info][gc,heap        ] GC(981) ParOldGen: 5971K(699392K)->6035K(699392K)
[207.426s][info][gc,metaspace   ] GC(981) Metaspace: 16554K(16896K)->16554K(16896K) NonClass: 14222K(14400K)->14222K(14400K) Class: 2331K(2496K)->2331K(2496K)
[207.426s][info][gc             ] GC(981) Pause Young (Allocation Failure) 120M->6M(910M) 0.780ms
[207.426s][info][gc,cpu         ] GC(981) User=0.02s Sys=0.00s Real=0.02s
[207.452s][info][gc,start       ] GC(982) Pause Young (Allocation Failure)
[207.453s][info][gc,heap        ] GC(982) PSYoungGen: 117056K(232960K)->288K(232960K) Eden: 116736K(116736K)->0K(116736K) From: 320K(116224K)->288K(116224K)
[207.453s][info][gc,heap        ] GC(982) ParOldGen: 6035K(699392K)->6091K(699392K)
[207.453s][info][gc,metaspace   ] GC(982) Metaspace: 16554K(16896K)->16554K(16896K) NonClass: 14222K(14400K)->14222K(14400K) Class: 2331K(2496K)->2331K(2496K)
[207.453s][info][gc             ] GC(982) Pause Young (Allocation Failure) 120M->6M(910M) 0.731ms
[207.453s][info][gc,cpu         ] GC(982) User=0.00s Sys=0.00s Real=0.00s
[207.477s][info][gc,start       ] GC(983) Pause Young (Allocation Failure)
[207.477s][info][gc,heap        ] GC(983) PSYoungGen: 117024K(232960K)->320K(232960K) Eden: 116736K(116736K)->0K(116736K) From: 288K(116224K)->320K(116224K)
[207.477s][info][gc,heap        ] GC(983) ParOldGen: 6091K(699392K)->6139K(699392K)
[207.477s][info][gc,metaspace   ] GC(983) Metaspace: 16554K(16896K)->16554K(16896K) NonClass: 14222K(14400K)->14222K(14400K) Class: 2331K(2496K)->2331K(2496K)
[207.477s][info][gc             ] GC(983) Pause Young (Allocation Failure) 120M->6M(910M) 0.532ms
[207.477s][info][gc,cpu         ] GC(983) User=0.00s Sys=0.00s Real=0.00s
[207.499s][info][gc,start       ] GC(984) Pause Young (Allocation Failure)
[207.500s][info][gc,heap        ] GC(984) PSYoungGen: 117056K(232960K)->288K(245760K) Eden: 116736K(116736K)->0K(135168K) From: 320K(116224K)->288K(110592K)
[207.500s][info][gc,heap        ] GC(984) ParOldGen: 6139K(699392K)->6139K(699392K)
[207.500s][info][gc,metaspace   ] GC(984) Metaspace: 16554K(16896K)->16554K(16896K) NonClass: 14222K(14400K)->14222K(14400K) Class: 2331K(2496K)->2331K(2496K)
[207.500s][info][gc             ] GC(984) Pause Young (Allocation Failure) 120M->6M(923M) 0.689ms
[207.500s][info][gc,cpu         ] GC(984) User=0.00s Sys=0.00s Real=0.00s
[207.529s][info][gc,start       ] GC(985) Pause Young (Allocation Failure)
[207.530s][info][gc,heap        ] GC(985) PSYoungGen: 135456K(245760K)->352K(238592K) Eden: 135168K(135168K)->0K(135168K) From: 288K(110592K)->352K(103424K)
[207.530s][info][gc,heap        ] GC(985) ParOldGen: 6139K(699392K)->6139K(699392K)
[207.530s][info][gc,metaspace   ] GC(985) Metaspace: 16554K(16896K)->16554K(16896K) NonClass: 14222K(14400K)->14222K(14400K) Class: 2331K(2496K)->2331K(2496K)
[207.530s][info][gc             ] GC(985) Pause Young (Allocation Failure) 138M->6M(916M) 0.948ms
[207.530s][info][gc,cpu         ] GC(985) User=0.00s Sys=0.00s Real=0.00s
[207.563s][info][gc,start       ] GC(986) Pause Young (Allocation Failure)
[207.564s][info][gc,heap        ] GC(986) PSYoungGen: 135520K(238592K)->320K(259584K) Eden: 135168K(135168K)->0K(163328K) From: 352K(103424K)->320K(96256K)
[207.564s][info][gc,heap        ] GC(986) ParOldGen: 6139K(699392K)->6139K(699392K)
[207.564s][info][gc,metaspace   ] GC(986) Metaspace: 16554K(16896K)->16554K(16896K) NonClass: 14222K(14400K)->14222K(14400K) Class: 2331K(2496K)->2331K(2496K)
[207.564s][info][gc             ] GC(986) Pause Young (Allocation Failure) 138M->6M(936M) 0.617ms
[207.564s][info][gc,cpu         ] GC(986) User=0.00s Sys=0.00s Real=0.00s
[207.598s][info][gc,start       ] GC(987) Pause Young (Allocation Failure)
[207.599s][info][gc,heap        ] GC(987) PSYoungGen: 163648K(259584K)->352K(252928K) Eden: 163328K(163328K)->0K(163328K) From: 320K(96256K)->352K(89600K)
[207.599s][info][gc,heap        ] GC(987) ParOldGen: 6139K(699392K)->6139K(699392K)
[207.599s][info][gc,metaspace   ] GC(987) Metaspace: 16554K(16896K)->16554K(16896K) NonClass: 14222K(14400K)->14222K(14400K) Class: 2331K(2496K)->2331K(2496K)
[207.599s][info][gc             ] GC(987) Pause Young (Allocation Failure) 165M->6M(930M) 0.637ms
[207.599s][info][gc,cpu         ] GC(987) User=0.00s Sys=0.00s Real=0.00s
[207.634s][info][gc,start       ] GC(988) Pause Young (Allocation Failure)
[207.635s][info][gc,heap        ] GC(988) PSYoungGen: 163680K(252928K)->384K(271360K) Eden: 163328K(163328K)->0K(187904K) From: 352K(89600K)->384K(83456K)
[207.635s][info][gc,heap        ] GC(988) ParOldGen: 6139K(699392K)->6139K(699392K)
[207.635s][info][gc,metaspace   ] GC(988) Metaspace: 16554K(16896K)->16554K(16896K) NonClass: 14222K(14400K)->14222K(14400K) Class: 2331K(2496K)->2331K(2496K)
[207.635s][info][gc             ] GC(988) Pause Young (Allocation Failure) 165M->6M(948M) 0.586ms
[207.635s][info][gc,cpu         ] GC(988) User=0.00s Sys=0.00s Real=0.00s
[207.673s][info][gc,start       ] GC(989) Pause Young (Allocation Failure)
[207.673s][info][gc,heap        ] GC(989) PSYoungGen: 188288K(271360K)->352K(265728K) Eden: 187904K(187904K)->0K(187904K) From: 384K(83456K)->352K(77824K)
[207.673s][info][gc,heap        ] GC(989) ParOldGen: 6139K(699392K)->6139K(699392K)
[207.673s][info][gc,metaspace   ] GC(989) Metaspace: 16554K(16896K)->16554K(16896K) NonClass: 14222K(14400K)->14222K(14400K) Class: 2331K(2496K)->2331K(2496K)
[207.673s][info][gc             ] GC(989) Pause Young (Allocation Failure) 189M->6M(942M) 0.458ms
[207.673s][info][gc,cpu         ] GC(989) User=0.00s Sys=0.00s Real=0.00s
[207.711s][info][gc,start       ] GC(990) Pause Young (Allocation Failure)
[207.712s][info][gc,heap        ] GC(990) PSYoungGen: 188256K(265728K)->352K(282112K) Eden: 187904K(187904K)->0K(209920K) From: 352K(77824K)->352K(72192K)
[207.712s][info][gc,heap        ] GC(990) ParOldGen: 6139K(699392K)->6139K(699392K)
[207.712s][info][gc,metaspace   ] GC(990) Metaspace: 16554K(16896K)->16554K(16896K) NonClass: 14222K(14400K)->14222K(14400K) Class: 2331K(2496K)->2331K(2496K)
[207.712s][info][gc             ] GC(990) Pause Young (Allocation Failure) 189M->6M(958M) 0.516ms
[207.712s][info][gc,cpu         ] GC(990) User=0.00s Sys=0.00s Real=0.00s
[207.754s][info][gc,start       ] GC(991) Pause Young (Allocation Failure)
[207.754s][info][gc,heap        ] GC(991) PSYoungGen: 210272K(282112K)->352K(276992K) Eden: 209920K(209920K)->0K(209920K) From: 352K(72192K)->352K(67072K)
[207.754s][info][gc,heap        ] GC(991) ParOldGen: 6139K(699392K)->6139K(699392K)
[207.754s][info][gc,metaspace   ] GC(991) Metaspace: 16554K(16896K)->16554K(16896K) NonClass: 14222K(14400K)->14222K(14400K) Class: 2331K(2496K)->2331K(2496K)
[207.754s][info][gc             ] GC(991) Pause Young (Allocation Failure) 211M->6M(953M) 0.552ms
[207.754s][info][gc,cpu         ] GC(991) User=0.00s Sys=0.00s Real=0.00s
[207.802s][info][gc,start       ] GC(992) Pause Young (Allocation Failure)
[207.811s][info][gc,heap        ] GC(992) PSYoungGen: 210272K(276992K)->18466K(287744K) Eden: 209920K(209920K)->0K(225280K) From: 352K(67072K)->18466K(62464K)
[207.811s][info][gc,heap        ] GC(992) ParOldGen: 6139K(699392K)->6139K(699392K)
[207.811s][info][gc,metaspace   ] GC(992) Metaspace: 16554K(16896K)->16554K(16896K) NonClass: 14222K(14400K)->14222K(14400K) Class: 2331K(2496K)->2331K(2496K)
[207.811s][info][gc             ] GC(992) Pause Young (Allocation Failure) 211M->24M(964M) 8.960ms
[207.811s][info][gc,cpu         ] GC(992) User=0.00s Sys=0.00s Real=0.00s
[207.955s][info][gc,start       ] GC(993) Pause Young (Allocation Failure)
[208.056s][info][gc,heap        ] GC(993) PSYoungGen: 243746K(287744K)->61411K(286720K) Eden: 225280K(225280K)->0K(225280K) From: 18466K(62464K)->61411K(61440K)
[208.056s][info][gc,heap        ] GC(993) ParOldGen: 6139K(699392K)->114875K(699392K)
[208.056s][info][gc,metaspace   ] GC(993) Metaspace: 16554K(16896K)->16554K(16896K) NonClass: 14222K(14400K)->14222K(14400K) Class: 2331K(2496K)->2331K(2496K)
[208.056s][info][gc             ] GC(993) Pause Young (Allocation Failure) 244M->172M(963M) 101.328ms
[208.056s][info][gc,cpu         ] GC(993) User=0.53s Sys=0.00s Real=0.11s
[208.295s][info][gc,start       ] GC(994) Pause Young (Allocation Failure)
[208.434s][info][gc,heap        ] GC(994) PSYoungGen: 286691K(286720K)->62435K(179200K) Eden: 225280K(225280K)->0K(116736K) From: 61411K(61440K)->62435K(62464K)
[208.434s][info][gc,heap        ] GC(994) ParOldGen: 114875K(699392K)->268491K(699392K)
[208.434s][info][gc,metaspace   ] GC(994) Metaspace: 16554K(16896K)->16554K(16896K) NonClass: 14222K(14400K)->14222K(14400K) Class: 2331K(2496K)->2331K(2496K)
[208.434s][info][gc             ] GC(994) Pause Young (Allocation Failure) 392M->323M(858M) 138.917ms
[208.434s][info][gc,cpu         ] GC(994) User=0.77s Sys=0.00s Real=0.14s
[208.552s][info][gc,start       ] GC(995) Pause Young (Allocation Failure)
[208.659s][info][gc,heap        ] GC(995) PSYoungGen: 179171K(179200K)->116194K(232960K) Eden: 116736K(116736K)->0K(116736K) From: 62435K(62464K)->116194K(116224K)
[208.659s][info][gc,heap        ] GC(995) ParOldGen: 268491K(699392K)->293691K(699392K)
[208.659s][info][gc,metaspace   ] GC(995) Metaspace: 16554K(16896K)->16554K(16896K) NonClass: 14222K(14400K)->14222K(14400K) Class: 2331K(2496K)->2331K(2496K)
[208.659s][info][gc             ] GC(995) Pause Young (Allocation Failure) 437M->400M(910M) 107.153ms
[208.659s][info][gc,cpu         ] GC(995) User=0.50s Sys=0.00s Real=0.11s
[208.854s][info][gc,start       ] GC(996) Pause Young (Allocation Failure)
[208.958s][info][gc,heap        ] GC(996) PSYoungGen: 232930K(232960K)->116195K(232960K) Eden: 116736K(116736K)->0K(116736K) From: 116194K(116224K)->116195K(116224K)
[208.958s][info][gc,heap        ] GC(996) ParOldGen: 293691K(699392K)->332836K(699392K)
[208.958s][info][gc,metaspace   ] GC(996) Metaspace: 16554K(16896K)->16554K(16896K) NonClass: 14222K(14400K)->14222K(14400K) Class: 2331K(2496K)->2331K(2496K)
[208.958s][info][gc             ] GC(996) Pause Young (Allocation Failure) 514M->438M(910M) 103.330ms
[208.958s][info][gc,cpu         ] GC(996) User=0.56s Sys=0.00s Real=0.09s
[211.662s][info][gc,start       ] GC(997) Pause Young (Allocation Failure)
[211.771s][info][gc,heap        ] GC(997) PSYoungGen: 232931K(232960K)->116224K(232960K) Eden: 116736K(116736K)->0K(116736K) From: 116195K(116224K)->116224K(116224K)
[211.771s][info][gc,heap        ] GC(997) ParOldGen: 332836K(699392K)->365142K(699392K)
[211.771s][info][gc,metaspace   ] GC(997) Metaspace: 16554K(16896K)->16554K(16896K) NonClass: 14222K(14400K)->14222K(14400K) Class: 2331K(2496K)->2331K(2496K)
[211.771s][info][gc             ] GC(997) Pause Young (Allocation Failure) 552M->470M(910M) 109.264ms
[211.771s][info][gc,cpu         ] GC(997) User=0.53s Sys=0.00s Real=0.11s
[211.833s][info][gc,start       ] GC(998) Pause Young (Allocation Failure)
[211.932s][info][gc,heap        ] GC(998) PSYoungGen: 232960K(232960K)->116224K(232960K) Eden: 116736K(116736K)->0K(116736K) From: 116224K(116224K)->116224K(116224K)
[211.932s][info][gc,heap        ] GC(998) ParOldGen: 365142K(699392K)->415502K(699392K)
[211.932s][info][gc,metaspace   ] GC(998) Metaspace: 16554K(16896K)->16554K(16896K) NonClass: 14222K(14400K)->14222K(14400K) Class: 2331K(2496K)->2331K(2496K)
[211.932s][info][gc             ] GC(998) Pause Young (Allocation Failure) 584M->519M(910M) 99.673ms
[211.932s][info][gc,cpu         ] GC(998) User=0.38s Sys=0.00s Real=0.11s
[211.999s][info][gc,start       ] GC(999) Pause Young (Allocation Failure)
[212.092s][info][gc,heap        ] GC(999) PSYoungGen: 232960K(232960K)->86784K(232960K) Eden: 116736K(116736K)->0K(116736K) From: 116224K(116224K)->86784K(116224K)
[212.092s][info][gc,heap        ] GC(999) ParOldGen: 415502K(699392K)->495238K(699392K)
[212.092s][info][gc,metaspace   ] GC(999) Metaspace: 16554K(16896K)->16554K(16896K) NonClass: 14222K(14400K)->14222K(14400K) Class: 2331K(2496K)->2331K(2496K)
[212.092s][info][gc             ] GC(999) Pause Young (Allocation Failure) 633M->568M(910M) 93.392ms
[212.092s][info][gc,cpu         ] GC(999) User=0.44s Sys=0.00s Real=0.10s
[212.151s][info][gc,start       ] GC(1000) Pause Young (Allocation Failure)
[212.217s][info][gc,heap        ] GC(1000) PSYoungGen: 203520K(232960K)->98976K(232960K) Eden: 116736K(116736K)->0K(116736K) From: 86784K(116224K)->98976K(116224K)
[212.217s][info][gc,heap        ] GC(1000) ParOldGen: 495238K(699392K)->531534K(699392K)
[212.217s][info][gc,metaspace   ] GC(1000) Metaspace: 16554K(16896K)->16554K(16896K) NonClass: 14222K(14400K)->14222K(14400K) Class: 2331K(2496K)->2331K(2496K)
[212.217s][info][gc             ] GC(1000) Pause Young (Allocation Failure) 682M->615M(910M) 65.725ms
[212.217s][info][gc,cpu         ] GC(1000) User=0.36s Sys=0.00s Real=0.07s
[212.277s][info][gc,start       ] GC(1001) Pause Young (Allocation Failure)
[212.353s][info][gc,heap        ] GC(1001) PSYoungGen: 215712K(232960K)->50752K(232960K) Eden: 116736K(116736K)->0K(116736K) From: 98976K(116224K)->50752K(116224K)
[212.353s][info][gc,heap        ] GC(1001) ParOldGen: 531534K(699392K)->628150K(699392K)
[212.353s][info][gc,metaspace   ] GC(1001) Metaspace: 16554K(16896K)->16554K(16896K) NonClass: 14222K(14400K)->14222K(14400K) Class: 2331K(2496K)->2331K(2496K)
[212.353s][info][gc             ] GC(1001) Pause Young (Allocation Failure) 729M->662M(910M) 75.253ms
[212.353s][info][gc,cpu         ] GC(1001) User=0.36s Sys=0.00s Real=0.06s
[212.413s][info][gc,start       ] GC(1002) Pause Full (Ergonomics)
[212.413s][info][gc,phases,start] GC(1002) Marking Phase
[212.513s][info][gc,phases      ] GC(1002) Marking Phase 99.294ms
[212.513s][info][gc,phases,start] GC(1002) Summary Phase
[212.513s][info][gc,phases      ] GC(1002) Summary Phase 0.022ms
[212.513s][info][gc,phases,start] GC(1002) Adjust Roots
[212.515s][info][gc,phases      ] GC(1002) Adjust Roots 2.420ms
[212.515s][info][gc,phases,start] GC(1002) Compaction Phase
[212.734s][info][gc,phases      ] GC(1002) Compaction Phase 218.903ms
[212.734s][info][gc,phases,start] GC(1002) Post Compact
[212.736s][info][gc,phases      ] GC(1002) Post Compact 1.827ms
[212.736s][info][gc,heap        ] GC(1002) PSYoungGen: 167488K(232960K)->0K(232960K) Eden: 116736K(116736K)->0K(116736K) From: 50752K(116224K)->0K(116224K)
[212.736s][info][gc,heap        ] GC(1002) ParOldGen: 628150K(699392K)->285990K(699392K)
[212.736s][info][gc,metaspace   ] GC(1002) Metaspace: 16554K(16896K)->16554K(16896K) NonClass: 14222K(14400K)->14222K(14400K) Class: 2331K(2496K)->2331K(2496K)
[212.736s][info][gc             ] GC(1002) Pause Full (Ergonomics) 776M->279M(910M) 322.788ms
[212.736s][info][gc,cpu         ] GC(1002) User=1.72s Sys=0.00s Real=0.33s
[212.798s][info][gc,start       ] GC(1003) Pause Young (Allocation Failure)
[212.824s][info][gc,heap        ] GC(1003) PSYoungGen: 116736K(232960K)->50944K(232960K) Eden: 116736K(116736K)->0K(116736K) From: 0K(116224K)->50944K(116224K)
[212.824s][info][gc,heap        ] GC(1003) ParOldGen: 285990K(699392K)->285990K(699392K)
[212.824s][info][gc,metaspace   ] GC(1003) Metaspace: 16554K(16896K)->16554K(16896K) NonClass: 14222K(14400K)->14222K(14400K) Class: 2331K(2496K)->2331K(2496K)
[212.824s][info][gc             ] GC(1003) Pause Young (Allocation Failure) 393M->329M(910M) 25.434ms
[212.824s][info][gc,cpu         ] GC(1003) User=0.08s Sys=0.00s Real=0.01s
[212.886s][info][gc,start       ] GC(1004) Pause Young (Allocation Failure)
[212.932s][info][gc,heap        ] GC(1004) PSYoungGen: 167680K(232960K)->51040K(232960K) Eden: 116736K(116736K)->0K(116736K) From: 50944K(116224K)->51040K(116224K)
[212.932s][info][gc,heap        ] GC(1004) ParOldGen: 285990K(699392K)->334054K(699392K)
[212.932s][info][gc,metaspace   ] GC(1004) Metaspace: 16554K(16896K)->16554K(16896K) NonClass: 14222K(14400K)->14222K(14400K) Class: 2331K(2496K)->2331K(2496K)
[212.932s][info][gc             ] GC(1004) Pause Young (Allocation Failure) 443M->376M(910M) 45.735ms
[212.932s][info][gc,cpu         ] GC(1004) User=0.12s Sys=0.00s Real=0.04s
[213.014s][info][gc,start       ] GC(1005) Pause Young (Allocation Failure)
[213.081s][info][gc,heap        ] GC(1005) PSYoungGen: 167776K(232960K)->65624K(232960K) Eden: 116736K(116736K)->0K(116736K) From: 51040K(116224K)->65624K(116224K)
[213.081s][info][gc,heap        ] GC(1005) ParOldGen: 334054K(699392K)->382078K(699392K)
[213.081s][info][gc,metaspace   ] GC(1005) Metaspace: 16554K(16896K)->16554K(16896K) NonClass: 14222K(14400K)->14222K(14400K) Class: 2331K(2496K)->2331K(2496K)
[213.081s][info][gc             ] GC(1005) Pause Young (Allocation Failure) 490M->437M(910M) 67.851ms
[213.081s][info][gc,cpu         ] GC(1005) User=0.31s Sys=0.00s Real=0.06s
[213.393s][info][gc,start       ] GC(1006) Pause Young (Allocation Failure)
[213.508s][info][gc,heap        ] GC(1006) PSYoungGen: 182360K(232960K)->43488K(232960K) Eden: 116736K(116736K)->0K(116736K) From: 65624K(116224K)->43488K(116224K)
[213.508s][info][gc,heap        ] GC(1006) ParOldGen: 382078K(699392K)->445032K(699392K)
[213.508s][info][gc,metaspace   ] GC(1006) Metaspace: 16554K(16896K)->16554K(16896K) NonClass: 14222K(14400K)->14222K(14400K) Class: 2331K(2496K)->2331K(2496K)
[213.508s][info][gc             ] GC(1006) Pause Young (Allocation Failure) 551M->477M(910M) 114.637ms
[213.508s][info][gc,cpu         ] GC(1006) User=0.44s Sys=0.00s Real=0.11s
[213.651s][info][gc,start       ] GC(1007) Pause Young (Allocation Failure)
[213.705s][info][gc,heap        ] GC(1007) PSYoungGen: 160224K(232960K)->3872K(232960K) Eden: 116736K(116736K)->0K(116736K) From: 43488K(116224K)->3872K(116224K)
[213.705s][info][gc,heap        ] GC(1007) ParOldGen: 445032K(699392K)->476616K(699392K)
[213.705s][info][gc,metaspace   ] GC(1007) Metaspace: 16554K(16896K)->16554K(16896K) NonClass: 14222K(14400K)->14222K(14400K) Class: 2331K(2496K)->2331K(2496K)
[213.705s][info][gc             ] GC(1007) Pause Young (Allocation Failure) 591M->469M(910M) 54.705ms
[213.705s][info][gc,cpu         ] GC(1007) User=0.22s Sys=0.02s Real=0.05s
[213.844s][info][gc,start       ] GC(1008) Pause Young (Allocation Failure)
[213.847s][info][gc,heap        ] GC(1008) PSYoungGen: 120608K(232960K)->3168K(232960K) Eden: 116736K(116736K)->0K(116736K) From: 3872K(116224K)->3168K(116224K)
[213.847s][info][gc,heap        ] GC(1008) ParOldGen: 476616K(699392K)->476960K(699392K)
[213.847s][info][gc,metaspace   ] GC(1008) Metaspace: 16554K(16896K)->16554K(16896K) NonClass: 14222K(14400K)->14222K(14400K) Class: 2331K(2496K)->2331K(2496K)
[213.847s][info][gc             ] GC(1008) Pause Young (Allocation Failure) 583M->468M(910M) 2.743ms
[213.847s][info][gc,cpu         ] GC(1008) User=0.00s Sys=0.00s Real=0.02s
[213.984s][info][gc,start       ] GC(1009) Pause Young (Allocation Failure)
[213.987s][info][gc,heap        ] GC(1009) PSYoungGen: 119904K(232960K)->2400K(232960K) Eden: 116736K(116736K)->0K(116736K) From: 3168K(116224K)->2400K(116224K)
[213.987s][info][gc,heap        ] GC(1009) ParOldGen: 476960K(699392K)->477080K(699392K)
[213.987s][info][gc,metaspace   ] GC(1009) Metaspace: 16554K(16896K)->16554K(16896K) NonClass: 14222K(14400K)->14222K(14400K) Class: 2331K(2496K)->2331K(2496K)
[213.987s][info][gc             ] GC(1009) Pause Young (Allocation Failure) 582M->468M(910M) 2.939ms
[213.987s][info][gc,cpu         ] GC(1009) User=0.00s Sys=0.00s Real=0.00s
[214.137s][info][gc,start       ] GC(1010) Pause Young (Allocation Failure)
[214.138s][info][gc,heap        ] GC(1010) PSYoungGen: 119136K(232960K)->288K(232960K) Eden: 116736K(116736K)->0K(116736K) From: 2400K(116224K)->288K(116224K)
[214.138s][info][gc,heap        ] GC(1010) ParOldGen: 477080K(699392K)->477128K(699392K)
[214.138s][info][gc,metaspace   ] GC(1010) Metaspace: 16554K(16896K)->16554K(16896K) NonClass: 14222K(14400K)->14222K(14400K) Class: 2331K(2496K)->2331K(2496K)
[214.138s][info][gc             ] GC(1010) Pause Young (Allocation Failure) 582M->466M(910M) 1.148ms
[214.138s][info][gc,cpu         ] GC(1010) User=0.00s Sys=0.00s Real=0.00s
[214.945s][info][gc,start       ] GC(1011) Pause Young (System.gc())
[214.946s][info][gc,heap        ] GC(1011) PSYoungGen: 91339K(232960K)->128K(232960K) Eden: 91051K(116736K)->0K(116736K) From: 288K(116224K)->128K(116224K)
[214.946s][info][gc,heap        ] GC(1011) ParOldGen: 477128K(699392K)->477128K(699392K)
[214.946s][info][gc,metaspace   ] GC(1011) Metaspace: 16554K(16896K)->16554K(16896K) NonClass: 14222K(14400K)->14222K(14400K) Class: 2331K(2496K)->2331K(2496K)
[214.946s][info][gc             ] GC(1011) Pause Young (System.gc()) 555M->466M(910M) 0.856ms
[214.946s][info][gc,cpu         ] GC(1011) User=0.00s Sys=0.00s Real=0.00s
[214.946s][info][gc,start       ] GC(1012) Pause Full (System.gc())
[214.946s][info][gc,phases,start] GC(1012) Marking Phase
[214.951s][info][gc,phases      ] GC(1012) Marking Phase 4.892ms
[214.951s][info][gc,phases,start] GC(1012) Summary Phase
[214.951s][info][gc,phases      ] GC(1012) Summary Phase 0.012ms
[214.951s][info][gc,phases,start] GC(1012) Adjust Roots
[214.953s][info][gc,phases      ] GC(1012) Adjust Roots 2.054ms
[214.953s][info][gc,phases,start] GC(1012) Compaction Phase
[214.954s][info][gc,phases      ] GC(1012) Compaction Phase 1.401ms
[214.954s][info][gc,phases,start] GC(1012) Post Compact
[214.956s][info][gc,phases      ] GC(1012) Post Compact 1.898ms
[214.956s][info][gc,heap        ] GC(1012) PSYoungGen: 128K(232960K)->0K(232960K) Eden: 0K(116736K)->0K(116736K) From: 128K(116224K)->0K(116224K)
[214.956s][info][gc,heap        ] GC(1012) ParOldGen: 477128K(699392K)->5547K(699392K)
[214.956s][info][gc,metaspace   ] GC(1012) Metaspace: 16554K(16896K)->16554K(16896K) NonClass: 14222K(14400K)->14222K(14400K) Class: 2331K(2496K)->2331K(2496K)
[214.956s][info][gc             ] GC(1012) Pause Full (System.gc()) 466M->5M(910M) 10.514ms
[214.956s][info][gc,cpu         ] GC(1012) User=0.02s Sys=0.00s Real=0.02s
[216.773s][info][gc,start       ] GC(1013) Pause Young (Allocation Failure)
[216.774s][info][gc,heap        ] GC(1013) PSYoungGen: 116736K(232960K)->288K(232960K) Eden: 116736K(116736K)->0K(116736K) From: 0K(116224K)->288K(116224K)
[216.774s][info][gc,heap        ] GC(1013) ParOldGen: 5547K(699392K)->5547K(699392K)
[216.774s][info][gc,metaspace   ] GC(1013) Metaspace: 16555K(16896K)->16555K(16896K) NonClass: 14224K(14400K)->14224K(14400K) Class: 2331K(2496K)->2331K(2496K)
[216.774s][info][gc             ] GC(1013) Pause Young (Allocation Failure) 119M->5M(910M) 0.745ms
[216.774s][info][gc,cpu         ] GC(1013) User=0.00s Sys=0.00s Real=0.00s
[216.797s][info][gc,start       ] GC(1014) Pause Young (Allocation Failure)
[216.797s][info][gc,heap        ] GC(1014) PSYoungGen: 117024K(232960K)->256K(232960K) Eden: 116736K(116736K)->0K(116736K) From: 288K(116224K)->256K(116224K)
[216.797s][info][gc,heap        ] GC(1014) ParOldGen: 5547K(699392K)->5651K(699392K)
[216.797s][info][gc,metaspace   ] GC(1014) Metaspace: 16555K(16896K)->16555K(16896K) NonClass: 14224K(14400K)->14224K(14400K) Class: 2331K(2496K)->2331K(2496K)
[216.797s][info][gc             ] GC(1014) Pause Young (Allocation Failure) 119M->5M(910M) 0.573ms
[216.797s][info][gc,cpu         ] GC(1014) User=0.00s Sys=0.00s Real=0.00s
[216.819s][info][gc,start       ] GC(1015) Pause Young (Allocation Failure)
[216.820s][info][gc,heap        ] GC(1015) PSYoungGen: 116992K(232960K)->224K(232960K) Eden: 116736K(116736K)->0K(116736K) From: 256K(116224K)->224K(116224K)
[216.820s][info][gc,heap        ] GC(1015) ParOldGen: 5651K(699392K)->5691K(699392K)
[216.820s][info][gc,metaspace   ] GC(1015) Metaspace: 16555K(16896K)->16555K(16896K) NonClass: 14224K(14400K)->14224K(14400K) Class: 2331K(2496K)->2331K(2496K)
[216.820s][info][gc             ] GC(1015) Pause Young (Allocation Failure) 119M->5M(910M) 0.473ms
[216.820s][info][gc,cpu         ] GC(1015) User=0.00s Sys=0.00s Real=0.00s
[216.843s][info][gc,start       ] GC(1016) Pause Young (Allocation Failure)
[216.843s][info][gc,heap        ] GC(1016) PSYoungGen: 116960K(232960K)->288K(232960K) Eden: 116736K(116736K)->0K(116736K) From: 224K(116224K)->288K(116224K)
[216.843s][info][gc,heap        ] GC(1016) ParOldGen: 5691K(699392K)->5723K(699392K)
[216.843s][info][gc,metaspace   ] GC(1016) Metaspace: 16555K(16896K)->16555K(16896K) NonClass: 14224K(14400K)->14224K(14400K) Class: 2331K(2496K)->2331K(2496K)
[216.843s][info][gc             ] GC(1016) Pause Young (Allocation Failure) 119M->5M(910M) 0.502ms
[216.843s][info][gc,cpu         ] GC(1016) User=0.00s Sys=0.00s Real=0.00s
[216.865s][info][gc,start       ] GC(1017) Pause Young (Allocation Failure)
[216.868s][info][gc,heap        ] GC(1017) PSYoungGen: 117024K(232960K)->256K(232960K) Eden: 116736K(116736K)->0K(116736K) From: 288K(116224K)->256K(116224K)
[216.868s][info][gc,heap        ] GC(1017) ParOldGen: 5723K(699392K)->5771K(699392K)
[216.868s][info][gc,metaspace   ] GC(1017) Metaspace: 16555K(16896K)->16555K(16896K) NonClass: 14224K(14400K)->14224K(14400K) Class: 2331K(2496K)->2331K(2496K)
[216.868s][info][gc             ] GC(1017) Pause Young (Allocation Failure) 119M->5M(910M) 2.747ms
[216.868s][info][gc,cpu         ] GC(1017) User=0.00s Sys=0.00s Real=0.00s
[216.892s][info][gc,start       ] GC(1018) Pause Young (Allocation Failure)
[216.893s][info][gc,heap        ] GC(1018) PSYoungGen: 116992K(232960K)->224K(232960K) Eden: 116736K(116736K)->0K(116736K) From: 256K(116224K)->224K(116224K)
[216.893s][info][gc,heap        ] GC(1018) ParOldGen: 5771K(699392K)->5795K(699392K)
[216.893s][info][gc,metaspace   ] GC(1018) Metaspace: 16555K(16896K)->16555K(16896K) NonClass: 14224K(14400K)->14224K(14400K) Class: 2331K(2496K)->2331K(2496K)
[216.893s][info][gc             ] GC(1018) Pause Young (Allocation Failure) 119M->5M(910M) 0.468ms
[216.893s][info][gc,cpu         ] GC(1018) User=0.00s Sys=0.00s Real=0.00s
[216.919s][info][gc,start       ] GC(1019) Pause Young (Allocation Failure)
[216.919s][info][gc,heap        ] GC(1019) PSYoungGen: 116960K(232960K)->192K(232960K) Eden: 116736K(116736K)->0K(116736K) From: 224K(116224K)->192K(116224K)
[216.919s][info][gc,heap        ] GC(1019) ParOldGen: 5795K(699392K)->5843K(699392K)
[216.919s][info][gc,metaspace   ] GC(1019) Metaspace: 16555K(16896K)->16555K(16896K) NonClass: 14224K(14400K)->14224K(14400K) Class: 2331K(2496K)->2331K(2496K)
[216.919s][info][gc             ] GC(1019) Pause Young (Allocation Failure) 119M->5M(910M) 0.454ms
[216.919s][info][gc,cpu         ] GC(1019) User=0.00s Sys=0.00s Real=0.00s
[216.943s][info][gc,start       ] GC(1020) Pause Young (Allocation Failure)
[216.943s][info][gc,heap        ] GC(1020) PSYoungGen: 116928K(232960K)->192K(232960K) Eden: 116736K(116736K)->0K(116736K) From: 192K(116224K)->192K(116224K)
[216.943s][info][gc,heap        ] GC(1020) ParOldGen: 5843K(699392K)->5891K(699392K)
[216.943s][info][gc,metaspace   ] GC(1020) Metaspace: 16555K(16896K)->16555K(16896K) NonClass: 14224K(14400K)->14224K(14400K) Class: 2331K(2496K)->2331K(2496K)
[216.943s][info][gc             ] GC(1020) Pause Young (Allocation Failure) 119M->5M(910M) 0.489ms
[216.943s][info][gc,cpu         ] GC(1020) User=0.00s Sys=0.00s Real=0.00s
[216.966s][info][gc,start       ] GC(1021) Pause Young (Allocation Failure)
[216.967s][info][gc,heap        ] GC(1021) PSYoungGen: 116928K(232960K)->320K(238080K) Eden: 116736K(116736K)->0K(121856K) From: 192K(116224K)->320K(116224K)
[216.967s][info][gc,heap        ] GC(1021) ParOldGen: 5891K(699392K)->5923K(699392K)
[216.967s][info][gc,metaspace   ] GC(1021) Metaspace: 16555K(16896K)->16555K(16896K) NonClass: 14224K(14400K)->14224K(14400K) Class: 2331K(2496K)->2331K(2496K)
[216.967s][info][gc             ] GC(1021) Pause Young (Allocation Failure) 119M->6M(915M) 0.463ms
[216.967s][info][gc,cpu         ] GC(1021) User=0.00s Sys=0.00s Real=0.00s
[216.990s][info][gc,start       ] GC(1022) Pause Young (Allocation Failure)
[216.991s][info][gc,heap        ] GC(1022) PSYoungGen: 122176K(238080K)->352K(232960K) Eden: 121856K(121856K)->0K(121856K) From: 320K(116224K)->352K(111104K)
[216.991s][info][gc,heap        ] GC(1022) ParOldGen: 5923K(699392K)->5923K(699392K)
[216.991s][info][gc,metaspace   ] GC(1022) Metaspace: 16555K(16896K)->16555K(16896K) NonClass: 14224K(14400K)->14224K(14400K) Class: 2331K(2496K)->2331K(2496K)
[216.991s][info][gc             ] GC(1022) Pause Young (Allocation Failure) 125M->6M(910M) 0.487ms
[216.991s][info][gc,cpu         ] GC(1022) User=0.00s Sys=0.00s Real=0.00s
[217.015s][info][gc,start       ] GC(1023) Pause Young (Allocation Failure)
[217.015s][info][gc,heap        ] GC(1023) PSYoungGen: 122208K(232960K)->352K(250880K) Eden: 121856K(121856K)->0K(146432K) From: 352K(111104K)->352K(104448K)
[217.015s][info][gc,heap        ] GC(1023) ParOldGen: 5923K(699392K)->5923K(699392K)
[217.015s][info][gc,metaspace   ] GC(1023) Metaspace: 16555K(16896K)->16555K(16896K) NonClass: 14224K(14400K)->14224K(14400K) Class: 2331K(2496K)->2331K(2496K)
[217.015s][info][gc             ] GC(1023) Pause Young (Allocation Failure) 125M->6M(928M) 0.480ms
[217.015s][info][gc,cpu         ] GC(1023) User=0.00s Sys=0.00s Real=0.00s
[217.043s][info][gc,start       ] GC(1024) Pause Young (Allocation Failure)
[217.044s][info][gc,heap        ] GC(1024) PSYoungGen: 146784K(250880K)->384K(244736K) Eden: 146432K(146432K)->0K(146432K) From: 352K(104448K)->384K(98304K)
[217.044s][info][gc,heap        ] GC(1024) ParOldGen: 5923K(699392K)->5923K(699392K)
[217.044s][info][gc,metaspace   ] GC(1024) Metaspace: 16555K(16896K)->16555K(16896K) NonClass: 14224K(14400K)->14224K(14400K) Class: 2331K(2496K)->2331K(2496K)
[217.044s][info][gc             ] GC(1024) Pause Young (Allocation Failure) 149M->6M(922M) 0.586ms
[217.044s][info][gc,cpu         ] GC(1024) User=0.00s Sys=0.00s Real=0.00s
[217.071s][info][gc,start       ] GC(1025) Pause Young (Allocation Failure)
[217.072s][info][gc,heap        ] GC(1025) PSYoungGen: 146816K(244736K)->352K(263168K) Eden: 146432K(146432K)->0K(171008K) From: 384K(98304K)->352K(92160K)
[217.072s][info][gc,heap        ] GC(1025) ParOldGen: 5923K(699392K)->5923K(699392K)
[217.072s][info][gc,metaspace   ] GC(1025) Metaspace: 16555K(16896K)->16555K(16896K) NonClass: 14224K(14400K)->14224K(14400K) Class: 2331K(2496K)->2331K(2496K)
[217.072s][info][gc             ] GC(1025) Pause Young (Allocation Failure) 149M->6M(940M) 0.531ms
[217.072s][info][gc,cpu         ] GC(1025) User=0.00s Sys=0.00s Real=0.00s
[217.103s][info][gc,start       ] GC(1026) Pause Young (Allocation Failure)
[217.104s][info][gc,heap        ] GC(1026) PSYoungGen: 171360K(263168K)->384K(257024K) Eden: 171008K(171008K)->0K(171008K) From: 352K(92160K)->384K(86016K)
[217.104s][info][gc,heap        ] GC(1026) ParOldGen: 5923K(699392K)->5923K(699392K)
[217.104s][info][gc,metaspace   ] GC(1026) Metaspace: 16555K(16896K)->16555K(16896K) NonClass: 14224K(14400K)->14224K(14400K) Class: 2331K(2496K)->2331K(2496K)
[217.104s][info][gc             ] GC(1026) Pause Young (Allocation Failure) 173M->6M(934M) 0.490ms
[217.104s][info][gc,cpu         ] GC(1026) User=0.00s Sys=0.00s Real=0.00s
[217.135s][info][gc,start       ] GC(1027) Pause Young (Allocation Failure)
[217.136s][info][gc,heap        ] GC(1027) PSYoungGen: 171392K(257024K)->320K(274432K) Eden: 171008K(171008K)->0K(194048K) From: 384K(86016K)->320K(80384K)
[217.136s][info][gc,heap        ] GC(1027) ParOldGen: 5923K(699392K)->5923K(699392K)
[217.136s][info][gc,metaspace   ] GC(1027) Metaspace: 16555K(16896K)->16555K(16896K) NonClass: 14224K(14400K)->14224K(14400K) Class: 2331K(2496K)->2331K(2496K)
[217.136s][info][gc             ] GC(1027) Pause Young (Allocation Failure) 173M->6M(951M) 0.639ms
[217.136s][info][gc,cpu         ] GC(1027) User=0.00s Sys=0.00s Real=0.00s
[217.173s][info][gc,start       ] GC(1028) Pause Young (Allocation Failure)
[217.173s][info][gc,heap        ] GC(1028) PSYoungGen: 194368K(274432K)->384K(268800K) Eden: 194048K(194048K)->0K(194048K) From: 320K(80384K)->384K(74752K)
[217.173s][info][gc,heap        ] GC(1028) ParOldGen: 5923K(699392K)->5923K(699392K)
[217.173s][info][gc,metaspace   ] GC(1028) Metaspace: 16555K(16896K)->16555K(16896K) NonClass: 14224K(14400K)->14224K(14400K) Class: 2331K(2496K)->2331K(2496K)
[217.173s][info][gc             ] GC(1028) Pause Young (Allocation Failure) 195M->6M(945M) 0.556ms
[217.173s][info][gc,cpu         ] GC(1028) User=0.00s Sys=0.00s Real=0.00s
[217.209s][info][gc,start       ] GC(1029) Pause Young (Allocation Failure)
[217.210s][info][gc,heap        ] GC(1029) PSYoungGen: 194432K(268800K)->352K(284160K) Eden: 194048K(194048K)->0K(214528K) From: 384K(74752K)->352K(69632K)
[217.210s][info][gc,heap        ] GC(1029) ParOldGen: 5923K(699392K)->5923K(699392K)
[217.210s][info][gc,metaspace   ] GC(1029) Metaspace: 16555K(16896K)->16555K(16896K) NonClass: 14224K(14400K)->14224K(14400K) Class: 2331K(2496K)->2331K(2496K)
[217.210s][info][gc             ] GC(1029) Pause Young (Allocation Failure) 195M->6M(960M) 0.681ms
[217.210s][info][gc,cpu         ] GC(1029) User=0.00s Sys=0.00s Real=0.02s
[217.250s][info][gc,start       ] GC(1030) Pause Young (Allocation Failure)
[217.251s][info][gc,heap        ] GC(1030) PSYoungGen: 214880K(284160K)->352K(279552K) Eden: 214528K(214528K)->0K(214528K) From: 352K(69632K)->352K(65024K)
[217.251s][info][gc,heap        ] GC(1030) ParOldGen: 5923K(699392K)->5923K(699392K)
[217.251s][info][gc,metaspace   ] GC(1030) Metaspace: 16555K(16896K)->16555K(16896K) NonClass: 14224K(14400K)->14224K(14400K) Class: 2331K(2496K)->2331K(2496K)
[217.251s][info][gc             ] GC(1030) Pause Young (Allocation Failure) 215M->6M(956M) 0.690ms
[217.251s][info][gc,cpu         ] GC(1030) User=0.00s Sys=0.00s Real=0.00s
[217.300s][info][gc,start       ] GC(1031) Pause Young (Allocation Failure)
[217.301s][info][gc,heap        ] GC(1031) PSYoungGen: 214880K(279552K)->352K(292864K) Eden: 214528K(214528K)->0K(232448K) From: 352K(65024K)->352K(60416K)
[217.301s][info][gc,heap        ] GC(1031) ParOldGen: 5923K(699392K)->5923K(699392K)
[217.301s][info][gc,metaspace   ] GC(1031) Metaspace: 16555K(16896K)->16555K(16896K) NonClass: 14224K(14400K)->14224K(14400K) Class: 2331K(2496K)->2331K(2496K)
[217.301s][info][gc             ] GC(1031) Pause Young (Allocation Failure) 215M->6M(969M) 0.574ms
[217.301s][info][gc,cpu         ] GC(1031) User=0.00s Sys=0.00s Real=0.00s
[217.371s][info][gc,start       ] GC(1032) Pause Young (Allocation Failure)
[217.401s][info][gc,heap        ] GC(1032) PSYoungGen: 232800K(292864K)->56291K(288768K) Eden: 232448K(232448K)->0K(232448K) From: 352K(60416K)->56291K(56320K)
[217.401s][info][gc,heap        ] GC(1032) ParOldGen: 5923K(699392K)->13851K(699392K)
[217.401s][info][gc,metaspace   ] GC(1032) Metaspace: 16556K(16896K)->16556K(16896K) NonClass: 14224K(14400K)->14224K(14400K) Class: 2331K(2496K)->2331K(2496K)
[217.401s][info][gc             ] GC(1032) Pause Young (Allocation Failure) 233M->68M(965M) 29.879ms
[217.401s][info][gc,cpu         ] GC(1032) User=0.03s Sys=0.00s Real=0.03s
[217.562s][info][gc,start       ] GC(1033) Pause Young (Allocation Failure)
[217.688s][info][gc,heap        ] GC(1033) PSYoungGen: 288739K(288768K)->60387K(177152K) Eden: 232448K(232448K)->0K(116736K) From: 56291K(56320K)->60387K(60416K)
[217.688s][info][gc,heap        ] GC(1033) ParOldGen: 13851K(699392K)->166587K(699392K)
[217.688s][info][gc,metaspace   ] GC(1033) Metaspace: 16556K(16896K)->16556K(16896K) NonClass: 14224K(14400K)->14224K(14400K) Class: 2331K(2496K)->2331K(2496K)
[217.689s][info][gc             ] GC(1033) Pause Young (Allocation Failure) 295M->221M(856M) 126.741ms
[217.689s][info][gc,cpu         ] GC(1033) User=0.70s Sys=0.00s Real=0.13s
[217.773s][info][gc,start       ] GC(1034) Pause Young (Allocation Failure)
[217.861s][info][gc,heap        ] GC(1034) PSYoungGen: 177123K(177152K)->116195K(232960K) Eden: 116736K(116736K)->0K(116736K) From: 60387K(60416K)->116195K(116224K)
[217.861s][info][gc,heap        ] GC(1034) ParOldGen: 166587K(699392K)->191923K(699392K)
[217.861s][info][gc,metaspace   ] GC(1034) Metaspace: 16556K(16896K)->16556K(16896K) NonClass: 14224K(14400K)->14224K(14400K) Class: 2331K(2496K)->2331K(2496K)
[217.861s][info][gc             ] GC(1034) Pause Young (Allocation Failure) 335M->300M(910M) 88.211ms
[217.861s][info][gc,cpu         ] GC(1034) User=0.42s Sys=0.00s Real=0.10s
[217.959s][info][gc,start       ] GC(1035) Pause Young (Allocation Failure)
[218.073s][info][gc,heap        ] GC(1035) PSYoungGen: 232931K(232960K)->116195K(232960K) Eden: 116736K(116736K)->0K(116736K) From: 116195K(116224K)->116195K(116224K)
[218.073s][info][gc,heap        ] GC(1035) ParOldGen: 191923K(699392K)->272819K(699392K)
[218.073s][info][gc,metaspace   ] GC(1035) Metaspace: 16556K(16896K)->16556K(16896K) NonClass: 14224K(14400K)->14224K(14400K) Class: 2331K(2496K)->2331K(2496K)
[218.073s][info][gc             ] GC(1035) Pause Young (Allocation Failure) 414M->379M(910M) 114.670ms
[218.073s][info][gc,cpu         ] GC(1035) User=0.66s Sys=0.00s Real=0.12s
[218.218s][info][gc,start       ] GC(1036) Pause Young (Allocation Failure)
[218.353s][info][gc,heap        ] GC(1036) PSYoungGen: 232931K(232960K)->116194K(232960K) Eden: 116736K(116736K)->0K(116736K) From: 116195K(116224K)->116194K(116224K)
[218.353s][info][gc,heap        ] GC(1036) ParOldGen: 272819K(699392K)->332636K(699392K)
[218.353s][info][gc,metaspace   ] GC(1036) Metaspace: 16556K(16896K)->16556K(16896K) NonClass: 14224K(14400K)->14224K(14400K) Class: 2331K(2496K)->2331K(2496K)
[218.353s][info][gc             ] GC(1036) Pause Young (Allocation Failure) 493M->438M(910M) 135.060ms
[218.353s][info][gc,cpu         ] GC(1036) User=0.73s Sys=0.00s Real=0.12s
[221.182s][info][gc,start       ] GC(1037) Pause Young (Allocation Failure)
[221.271s][info][gc,heap        ] GC(1037) PSYoungGen: 232930K(232960K)->116195K(232960K) Eden: 116736K(116736K)->0K(116736K) From: 116194K(116224K)->116195K(116224K)
[221.271s][info][gc,heap        ] GC(1037) ParOldGen: 332636K(699392K)->354516K(699392K)
[221.271s][info][gc,metaspace   ] GC(1037) Metaspace: 16558K(16896K)->16558K(16896K) NonClass: 14226K(14400K)->14226K(14400K) Class: 2331K(2496K)->2331K(2496K)
[221.271s][info][gc             ] GC(1037) Pause Young (Allocation Failure) 552M->459M(910M) 89.139ms
[221.271s][info][gc,cpu         ] GC(1037) User=0.47s Sys=0.00s Real=0.08s
[221.326s][info][gc,start       ] GC(1038) Pause Young (Allocation Failure)
[221.427s][info][gc,heap        ] GC(1038) PSYoungGen: 232931K(232960K)->116224K(232960K) Eden: 116736K(116736K)->0K(116736K) From: 116195K(116224K)->116224K(116224K)
[221.427s][info][gc,heap        ] GC(1038) ParOldGen: 354516K(699392K)->405303K(699392K)
[221.427s][info][gc,metaspace   ] GC(1038) Metaspace: 16558K(16896K)->16558K(16896K) NonClass: 14226K(14400K)->14226K(14400K) Class: 2331K(2496K)->2331K(2496K)
[221.427s][info][gc             ] GC(1038) Pause Young (Allocation Failure) 573M->509M(910M) 100.143ms
[221.427s][info][gc,cpu         ] GC(1038) User=0.56s Sys=0.00s Real=0.10s
[221.487s][info][gc,start       ] GC(1039) Pause Young (Allocation Failure)
[221.566s][info][gc,heap        ] GC(1039) PSYoungGen: 232960K(232960K)->116224K(232960K) Eden: 116736K(116736K)->0K(116736K) From: 116224K(116224K)->116224K(116224K)
[221.566s][info][gc,heap        ] GC(1039) ParOldGen: 405303K(699392K)->455695K(699392K)
[221.566s][info][gc,metaspace   ] GC(1039) Metaspace: 16558K(16896K)->16558K(16896K) NonClass: 14226K(14400K)->14226K(14400K) Class: 2331K(2496K)->2331K(2496K)
[221.566s][info][gc             ] GC(1039) Pause Young (Allocation Failure) 623M->558M(910M) 79.698ms
[221.566s][info][gc,cpu         ] GC(1039) User=0.41s Sys=0.00s Real=0.08s
[221.624s][info][gc,start       ] GC(1040) Pause Young (Allocation Failure)
[221.709s][info][gc,heap        ] GC(1040) PSYoungGen: 232960K(232960K)->116224K(232960K) Eden: 116736K(116736K)->0K(116736K) From: 116224K(116224K)->116224K(116224K)
[221.709s][info][gc,heap        ] GC(1040) ParOldGen: 455695K(699392K)->505351K(699392K)
[221.709s][info][gc,metaspace   ] GC(1040) Metaspace: 16558K(16896K)->16558K(16896K) NonClass: 14226K(14400K)->14226K(14400K) Class: 2331K(2496K)->2331K(2496K)
[221.709s][info][gc             ] GC(1040) Pause Young (Allocation Failure) 672M->607M(910M) 84.308ms
[221.709s][info][gc,cpu         ] GC(1040) User=0.42s Sys=0.00s Real=0.08s
[221.767s][info][gc,start       ] GC(1041) Pause Young (Allocation Failure)
[221.848s][info][gc,heap        ] GC(1041) PSYoungGen: 232960K(232960K)->116224K(232960K) Eden: 116736K(116736K)->0K(116736K) From: 116224K(116224K)->116224K(116224K)
[221.848s][info][gc,heap        ] GC(1041) ParOldGen: 505351K(699392K)->554343K(699392K)
[221.848s][info][gc,metaspace   ] GC(1041) Metaspace: 16558K(16896K)->16558K(16896K) NonClass: 14226K(14400K)->14226K(14400K) Class: 2331K(2496K)->2331K(2496K)
[221.848s][info][gc             ] GC(1041) Pause Young (Allocation Failure) 721M->654M(910M) 80.703ms
[221.848s][info][gc,cpu         ] GC(1041) User=0.45s Sys=0.00s Real=0.08s
[221.908s][info][gc,start       ] GC(1042) Pause Young (Allocation Failure)
[221.986s][info][gc,heap        ] GC(1042) PSYoungGen: 232960K(232960K)->88096K(232960K) Eden: 116736K(116736K)->0K(116736K) From: 116224K(116224K)->88096K(116224K)
[221.986s][info][gc,heap        ] GC(1042) ParOldGen: 554343K(699392K)->632335K(699392K)
[221.986s][info][gc,metaspace   ] GC(1042) Metaspace: 16558K(16896K)->16558K(16896K) NonClass: 14226K(14400K)->14226K(14400K) Class: 2331K(2496K)->2331K(2496K)
[221.986s][info][gc             ] GC(1042) Pause Young (Allocation Failure) 768M->703M(910M) 78.309ms
[221.986s][info][gc,cpu         ] GC(1042) User=0.42s Sys=0.00s Real=0.08s
[222.045s][info][gc,start       ] GC(1043) Pause Full (Ergonomics)
[222.045s][info][gc,phases,start] GC(1043) Marking Phase
[222.139s][info][gc,phases      ] GC(1043) Marking Phase 93.320ms
[222.139s][info][gc,phases,start] GC(1043) Summary Phase
[222.139s][info][gc,phases      ] GC(1043) Summary Phase 0.021ms
[222.139s][info][gc,phases,start] GC(1043) Adjust Roots
[222.141s][info][gc,phases      ] GC(1043) Adjust Roots 2.601ms
[222.141s][info][gc,phases,start] GC(1043) Compaction Phase
[222.362s][info][gc,phases      ] GC(1043) Compaction Phase 220.415ms
[222.362s][info][gc,phases,start] GC(1043) Post Compact
[222.363s][info][gc,phases      ] GC(1043) Post Compact 1.674ms
[222.364s][info][gc,heap        ] GC(1043) PSYoungGen: 204832K(232960K)->0K(232960K) Eden: 116736K(116736K)->0K(116736K) From: 88096K(116224K)->0K(116224K)
[222.364s][info][gc,heap        ] GC(1043) ParOldGen: 632335K(699392K)->319944K(699392K)
[222.364s][info][gc,metaspace   ] GC(1043) Metaspace: 16558K(16896K)->16558K(16896K) NonClass: 14226K(14400K)->14226K(14400K) Class: 2331K(2496K)->2331K(2496K)
[222.364s][info][gc             ] GC(1043) Pause Full (Ergonomics) 817M->312M(910M) 318.358ms
[222.364s][info][gc,cpu         ] GC(1043) User=1.69s Sys=0.00s Real=0.31s
[222.425s][info][gc,start       ] GC(1044) Pause Young (Allocation Failure)
[222.450s][info][gc,heap        ] GC(1044) PSYoungGen: 116736K(232960K)->51008K(232960K) Eden: 116736K(116736K)->0K(116736K) From: 0K(116224K)->51008K(116224K)
[222.450s][info][gc,heap        ] GC(1044) ParOldGen: 319944K(699392K)->319944K(699392K)
[222.450s][info][gc,metaspace   ] GC(1044) Metaspace: 16558K(16896K)->16558K(16896K) NonClass: 14226K(14400K)->14226K(14400K) Class: 2331K(2496K)->2331K(2496K)
[222.450s][info][gc             ] GC(1044) Pause Young (Allocation Failure) 426M->362M(910M) 25.121ms
[222.450s][info][gc,cpu         ] GC(1044) User=0.03s Sys=0.00s Real=0.02s
[222.513s][info][gc,start       ] GC(1045) Pause Young (Allocation Failure)
[222.558s][info][gc,heap        ] GC(1045) PSYoungGen: 167744K(232960K)->51072K(232960K) Eden: 116736K(116736K)->0K(116736K) From: 51008K(116224K)->51072K(116224K)
[222.558s][info][gc,heap        ] GC(1045) ParOldGen: 319944K(699392K)->367928K(699392K)
[222.558s][info][gc,metaspace   ] GC(1045) Metaspace: 16558K(16896K)->16558K(16896K) NonClass: 14226K(14400K)->14226K(14400K) Class: 2331K(2496K)->2331K(2496K)
[222.558s][info][gc             ] GC(1045) Pause Young (Allocation Failure) 476M->409M(910M) 45.366ms
[222.558s][info][gc,cpu         ] GC(1045) User=0.23s Sys=0.00s Real=0.05s
[222.854s][info][gc,start       ] GC(1046) Pause Young (Allocation Failure)
[222.951s][info][gc,heap        ] GC(1046) PSYoungGen: 167808K(232960K)->73578K(232960K) Eden: 116736K(116736K)->0K(116736K) From: 51072K(116224K)->73578K(116224K)
[222.951s][info][gc,heap        ] GC(1046) ParOldGen: 367928K(699392K)->416944K(699392K)
[222.951s][info][gc,metaspace   ] GC(1046) Metaspace: 16558K(16896K)->16558K(16896K) NonClass: 14226K(14400K)->14226K(14400K) Class: 2331K(2496K)->2331K(2496K)
[222.951s][info][gc             ] GC(1046) Pause Young (Allocation Failure) 523M->479M(910M) 96.819ms
[222.951s][info][gc,cpu         ] GC(1046) User=0.42s Sys=0.00s Real=0.09s
[223.090s][info][gc,start       ] GC(1047) Pause Young (Allocation Failure)
[223.160s][info][gc,heap        ] GC(1047) PSYoungGen: 190314K(232960K)->4064K(232960K) Eden: 116736K(116736K)->0K(116736K) From: 73578K(116224K)->4064K(116224K)
[223.160s][info][gc,heap        ] GC(1047) ParOldGen: 416944K(699392K)->467627K(699392K)
[223.160s][info][gc,metaspace   ] GC(1047) Metaspace: 16558K(16896K)->16558K(16896K) NonClass: 14226K(14400K)->14226K(14400K) Class: 2331K(2496K)->2331K(2496K)
[223.160s][info][gc             ] GC(1047) Pause Young (Allocation Failure) 593M->460M(910M) 70.335ms
[223.160s][info][gc,cpu         ] GC(1047) User=0.33s Sys=0.00s Real=0.08s
[223.303s][info][gc,start       ] GC(1048) Pause Young (Allocation Failure)
[223.306s][info][gc,heap        ] GC(1048) PSYoungGen: 120800K(232960K)->3360K(232960K) Eden: 116736K(116736K)->0K(116736K) From: 4064K(116224K)->3360K(116224K)
[223.306s][info][gc,heap        ] GC(1048) ParOldGen: 467627K(699392K)->468035K(699392K)
[223.306s][info][gc,metaspace   ] GC(1048) Metaspace: 16558K(16896K)->16558K(16896K) NonClass: 14226K(14400K)->14226K(14400K) Class: 2331K(2496K)->2331K(2496K)
[223.306s][info][gc             ] GC(1048) Pause Young (Allocation Failure) 574M->460M(910M) 2.959ms
[223.306s][info][gc,cpu         ] GC(1048) User=0.00s Sys=0.00s Real=0.00s
[223.515s][info][gc,start       ] GC(1049) Pause Young (Allocation Failure)
[223.517s][info][gc,heap        ] GC(1049) PSYoungGen: 120096K(232960K)->2592K(232960K) Eden: 116736K(116736K)->0K(116736K) From: 3360K(116224K)->2592K(116224K)
[223.517s][info][gc,heap        ] GC(1049) ParOldGen: 468035K(699392K)->468219K(699392K)
[223.517s][info][gc,metaspace   ] GC(1049) Metaspace: 16558K(16896K)->16558K(16896K) NonClass: 14226K(14400K)->14226K(14400K) Class: 2331K(2496K)->2331K(2496K)
[223.517s][info][gc             ] GC(1049) Pause Young (Allocation Failure) 574M->459M(910M) 2.700ms
[223.517s][info][gc,cpu         ] GC(1049) User=0.00s Sys=0.00s Real=0.00s
[223.654s][info][gc,start       ] GC(1050) Pause Young (Allocation Failure)
[223.656s][info][gc,heap        ] GC(1050) PSYoungGen: 119328K(232960K)->1344K(232960K) Eden: 116736K(116736K)->0K(116736K) From: 2592K(116224K)->1344K(116224K)
[223.656s][info][gc,heap        ] GC(1050) ParOldGen: 468219K(699392K)->468267K(699392K)
[223.656s][info][gc,metaspace   ] GC(1050) Metaspace: 16558K(16896K)->16558K(16896K) NonClass: 14226K(14400K)->14226K(14400K) Class: 2331K(2496K)->2331K(2496K)
[223.656s][info][gc             ] GC(1050) Pause Young (Allocation Failure) 573M->458M(910M) 1.732ms
[223.656s][info][gc,cpu         ] GC(1050) User=0.00s Sys=0.00s Real=0.00s
[224.350s][info][gc,start       ] GC(1051) Pause Young (Allocation Failure)
[224.351s][info][gc,heap        ] GC(1051) PSYoungGen: 118080K(232960K)->2176K(232960K) Eden: 116736K(116736K)->0K(116736K) From: 1344K(116224K)->2176K(116224K)
[224.351s][info][gc,heap        ] GC(1051) ParOldGen: 468267K(699392K)->468267K(699392K)
[224.351s][info][gc,metaspace   ] GC(1051) Metaspace: 16558K(16896K)->16558K(16896K) NonClass: 14226K(14400K)->14226K(14400K) Class: 2331K(2496K)->2331K(2496K)
[224.351s][info][gc             ] GC(1051) Pause Young (Allocation Failure) 572M->459M(910M) 1.687ms
[224.351s][info][gc,cpu         ] GC(1051) User=0.00s Sys=0.00s Real=0.00s
[224.408s][info][gc,start       ] GC(1052) Pause Young (System.gc())
[224.409s][info][gc,heap        ] GC(1052) PSYoungGen: 10879K(232960K)->96K(232960K) Eden: 8703K(116736K)->0K(116736K) From: 2176K(116224K)->96K(116224K)
[224.409s][info][gc,heap        ] GC(1052) ParOldGen: 468267K(699392K)->468307K(699392K)
[224.409s][info][gc,metaspace   ] GC(1052) Metaspace: 16559K(16896K)->16559K(16896K) NonClass: 14228K(14400K)->14228K(14400K) Class: 2331K(2496K)->2331K(2496K)
[224.409s][info][gc             ] GC(1052) Pause Young (System.gc()) 467M->457M(910M) 1.095ms
[224.409s][info][gc,cpu         ] GC(1052) User=0.00s Sys=0.00s Real=0.00s
[224.410s][info][gc,start       ] GC(1053) Pause Full (System.gc())
[224.410s][info][gc,phases,start] GC(1053) Marking Phase
[224.415s][info][gc,phases      ] GC(1053) Marking Phase 5.320ms
[224.415s][info][gc,phases,start] GC(1053) Summary Phase
[224.415s][info][gc,phases      ] GC(1053) Summary Phase 0.011ms
[224.415s][info][gc,phases,start] GC(1053) Adjust Roots
[224.417s][info][gc,phases      ] GC(1053) Adjust Roots 1.724ms
[224.417s][info][gc,phases,start] GC(1053) Compaction Phase
[224.418s][info][gc,phases      ] GC(1053) Compaction Phase 1.430ms
[224.418s][info][gc,phases,start] GC(1053) Post Compact
[224.420s][info][gc,phases      ] GC(1053) Post Compact 1.626ms
[224.420s][info][gc,heap        ] GC(1053) PSYoungGen: 96K(232960K)->0K(232960K) Eden: 0K(116736K)->0K(116736K) From: 96K(116224K)->0K(116224K)
[224.420s][info][gc,heap        ] GC(1053) ParOldGen: 468307K(699392K)->5547K(699392K)
[224.420s][info][gc,metaspace   ] GC(1053) Metaspace: 16559K(16896K)->16559K(16896K) NonClass: 14228K(14400K)->14228K(14400K) Class: 2331K(2496K)->2331K(2496K)
[224.420s][info][gc             ] GC(1053) Pause Full (System.gc()) 457M->5M(910M) 10.358ms
[224.420s][info][gc,cpu         ] GC(1053) User=0.00s Sys=0.00s Real=0.01s
[226.007s][info][gc,start       ] GC(1054) Pause Young (Allocation Failure)
[226.009s][info][gc,heap        ] GC(1054) PSYoungGen: 116736K(232960K)->320K(232960K) Eden: 116736K(116736K)->0K(116736K) From: 0K(116224K)->320K(116224K)
[226.009s][info][gc,heap        ] GC(1054) ParOldGen: 5547K(699392K)->5547K(699392K)
[226.009s][info][gc,metaspace   ] GC(1054) Metaspace: 16559K(16896K)->16559K(16896K) NonClass: 14228K(14400K)->14228K(14400K) Class: 2331K(2496K)->2331K(2496K)
[226.009s][info][gc             ] GC(1054) Pause Young (Allocation Failure) 119M->5M(910M) 2.388ms
[226.009s][info][gc,cpu         ] GC(1054) User=0.00s Sys=0.00s Real=0.01s
[226.043s][info][gc,start       ] GC(1055) Pause Young (Allocation Failure)
[226.044s][info][gc,heap        ] GC(1055) PSYoungGen: 117056K(232960K)->352K(232960K) Eden: 116736K(116736K)->0K(116736K) From: 320K(116224K)->352K(116224K)
[226.044s][info][gc,heap        ] GC(1055) ParOldGen: 5547K(699392K)->5635K(699392K)
[226.044s][info][gc,metaspace   ] GC(1055) Metaspace: 16559K(16896K)->16559K(16896K) NonClass: 14228K(14400K)->14228K(14400K) Class: 2331K(2496K)->2331K(2496K)
[226.044s][info][gc             ] GC(1055) Pause Young (Allocation Failure) 119M->5M(910M) 0.893ms
[226.044s][info][gc,cpu         ] GC(1055) User=0.02s Sys=0.00s Real=0.02s
[226.078s][info][gc,start       ] GC(1056) Pause Young (Allocation Failure)
[226.078s][info][gc,heap        ] GC(1056) PSYoungGen: 117088K(232960K)->288K(232960K) Eden: 116736K(116736K)->0K(116736K) From: 352K(116224K)->288K(116224K)
[226.078s][info][gc,heap        ] GC(1056) ParOldGen: 5635K(699392K)->5683K(699392K)
[226.078s][info][gc,metaspace   ] GC(1056) Metaspace: 16559K(16896K)->16559K(16896K) NonClass: 14228K(14400K)->14228K(14400K) Class: 2331K(2496K)->2331K(2496K)
[226.078s][info][gc             ] GC(1056) Pause Young (Allocation Failure) 119M->5M(910M) 0.697ms
[226.078s][info][gc,cpu         ] GC(1056) User=0.00s Sys=0.00s Real=0.00s
[226.108s][info][gc,start       ] GC(1057) Pause Young (Allocation Failure)
[226.109s][info][gc,heap        ] GC(1057) PSYoungGen: 117024K(232960K)->288K(232960K) Eden: 116736K(116736K)->0K(116736K) From: 288K(116224K)->288K(116224K)
[226.109s][info][gc,heap        ] GC(1057) ParOldGen: 5683K(699392K)->5731K(699392K)
[226.109s][info][gc,metaspace   ] GC(1057) Metaspace: 16559K(16896K)->16559K(16896K) NonClass: 14228K(14400K)->14228K(14400K) Class: 2331K(2496K)->2331K(2496K)
[226.109s][info][gc             ] GC(1057) Pause Young (Allocation Failure) 119M->5M(910M) 0.582ms
[226.109s][info][gc,cpu         ] GC(1057) User=0.00s Sys=0.00s Real=0.00s
[226.135s][info][gc,start       ] GC(1058) Pause Young (Allocation Failure)
[226.136s][info][gc,heap        ] GC(1058) PSYoungGen: 117024K(232960K)->320K(232960K) Eden: 116736K(116736K)->0K(116736K) From: 288K(116224K)->320K(116224K)
[226.136s][info][gc,heap        ] GC(1058) ParOldGen: 5731K(699392K)->5763K(699392K)
[226.136s][info][gc,metaspace   ] GC(1058) Metaspace: 16559K(16896K)->16559K(16896K) NonClass: 14228K(14400K)->14228K(14400K) Class: 2331K(2496K)->2331K(2496K)
[226.136s][info][gc             ] GC(1058) Pause Young (Allocation Failure) 119M->5M(910M) 0.550ms
[226.136s][info][gc,cpu         ] GC(1058) User=0.00s Sys=0.00s Real=0.00s
[226.161s][info][gc,start       ] GC(1059) Pause Young (Allocation Failure)
[226.161s][info][gc,heap        ] GC(1059) PSYoungGen: 117056K(232960K)->256K(232960K) Eden: 116736K(116736K)->0K(116736K) From: 320K(116224K)->256K(116224K)
[226.161s][info][gc,heap        ] GC(1059) ParOldGen: 5763K(699392K)->5819K(699392K)
[226.161s][info][gc,metaspace   ] GC(1059) Metaspace: 16559K(16896K)->16559K(16896K) NonClass: 14228K(14400K)->14228K(14400K) Class: 2331K(2496K)->2331K(2496K)
[226.161s][info][gc             ] GC(1059) Pause Young (Allocation Failure) 119M->5M(910M) 0.547ms
[226.161s][info][gc,cpu         ] GC(1059) User=0.00s Sys=0.00s Real=0.00s
[226.187s][info][gc,start       ] GC(1060) Pause Young (Allocation Failure)
[226.188s][info][gc,heap        ] GC(1060) PSYoungGen: 116992K(232960K)->288K(232960K) Eden: 116736K(116736K)->0K(116736K) From: 256K(116224K)->288K(116224K)
[226.188s][info][gc,heap        ] GC(1060) ParOldGen: 5819K(699392K)->5867K(699392K)
[226.188s][info][gc,metaspace   ] GC(1060) Metaspace: 16559K(16896K)->16559K(16896K) NonClass: 14228K(14400K)->14228K(14400K) Class: 2331K(2496K)->2331K(2496K)
[226.188s][info][gc             ] GC(1060) Pause Young (Allocation Failure) 119M->6M(910M) 0.767ms
[226.188s][info][gc,cpu         ] GC(1060) User=0.00s Sys=0.00s Real=0.00s
[226.236s][info][gc,start       ] GC(1061) Pause Young (Allocation Failure)
[226.237s][info][gc,heap        ] GC(1061) PSYoungGen: 117024K(232960K)->288K(232960K) Eden: 116736K(116736K)->0K(116736K) From: 288K(116224K)->288K(116224K)
[226.237s][info][gc,heap        ] GC(1061) ParOldGen: 5867K(699392K)->5915K(699392K)
[226.237s][info][gc,metaspace   ] GC(1061) Metaspace: 16559K(16896K)->16559K(16896K) NonClass: 14228K(14400K)->14228K(14400K) Class: 2331K(2496K)->2331K(2496K)
[226.237s][info][gc             ] GC(1061) Pause Young (Allocation Failure) 120M->6M(910M) 0.817ms
[226.237s][info][gc,cpu         ] GC(1061) User=0.00s Sys=0.00s Real=0.00s
[226.269s][info][gc,start       ] GC(1062) Pause Young (Allocation Failure)
[226.269s][info][gc,heap        ] GC(1062) PSYoungGen: 117024K(232960K)->288K(232960K) Eden: 116736K(116736K)->0K(116736K) From: 288K(116224K)->288K(116224K)
[226.269s][info][gc,heap        ] GC(1062) ParOldGen: 5915K(699392K)->5955K(699392K)
[226.269s][info][gc,metaspace   ] GC(1062) Metaspace: 16559K(16896K)->16559K(16896K) NonClass: 14228K(14400K)->14228K(14400K) Class: 2331K(2496K)->2331K(2496K)
[226.269s][info][gc             ] GC(1062) Pause Young (Allocation Failure) 120M->6M(910M) 0.517ms
[226.269s][info][gc,cpu         ] GC(1062) User=0.00s Sys=0.00s Real=0.00s
[226.298s][info][gc,start       ] GC(1063) Pause Young (Allocation Failure)
[226.298s][info][gc,heap        ] GC(1063) PSYoungGen: 117024K(232960K)->288K(232960K) Eden: 116736K(116736K)->0K(116736K) From: 288K(116224K)->288K(116224K)
[226.298s][info][gc,heap        ] GC(1063) ParOldGen: 5955K(699392K)->5995K(699392K)
[226.298s][info][gc,metaspace   ] GC(1063) Metaspace: 16559K(16896K)->16559K(16896K) NonClass: 14228K(14400K)->14228K(14400K) Class: 2331K(2496K)->2331K(2496K)
[226.298s][info][gc             ] GC(1063) Pause Young (Allocation Failure) 120M->6M(910M) 0.745ms
[226.298s][info][gc,cpu         ] GC(1063) User=0.00s Sys=0.00s Real=0.00s
[226.326s][info][gc,start       ] GC(1064) Pause Young (Allocation Failure)
[226.327s][info][gc,heap        ] GC(1064) PSYoungGen: 117024K(232960K)->256K(232960K) Eden: 116736K(116736K)->0K(116736K) From: 288K(116224K)->256K(116224K)
[226.327s][info][gc,heap        ] GC(1064) ParOldGen: 5995K(699392K)->6051K(699392K)
[226.327s][info][gc,metaspace   ] GC(1064) Metaspace: 16559K(16896K)->16559K(16896K) NonClass: 14228K(14400K)->14228K(14400K) Class: 2331K(2496K)->2331K(2496K)
[226.327s][info][gc             ] GC(1064) Pause Young (Allocation Failure) 120M->6M(910M) 0.522ms
[226.327s][info][gc,cpu         ] GC(1064) User=0.00s Sys=0.00s Real=0.00s
[226.363s][info][gc,start       ] GC(1065) Pause Young (Allocation Failure)
[226.363s][info][gc,heap        ] GC(1065) PSYoungGen: 116992K(232960K)->224K(232960K) Eden: 116736K(116736K)->0K(116736K) From: 256K(116224K)->224K(116224K)
[226.363s][info][gc,heap        ] GC(1065) ParOldGen: 6051K(699392K)->6099K(699392K)
[226.363s][info][gc,metaspace   ] GC(1065) Metaspace: 16559K(16896K)->16559K(16896K) NonClass: 14228K(14400K)->14228K(14400K) Class: 2331K(2496K)->2331K(2496K)
[226.363s][info][gc             ] GC(1065) Pause Young (Allocation Failure) 120M->6M(910M) 0.641ms
[226.363s][info][gc,cpu         ] GC(1065) User=0.00s Sys=0.00s Real=0.00s
[226.386s][info][gc,start       ] GC(1066) Pause Young (Allocation Failure)
[226.387s][info][gc,heap        ] GC(1066) PSYoungGen: 116960K(232960K)->320K(243200K) Eden: 116736K(116736K)->0K(129536K) From: 224K(116224K)->320K(113664K)
[226.387s][info][gc,heap        ] GC(1066) ParOldGen: 6099K(699392K)->6099K(699392K)
[226.387s][info][gc,metaspace   ] GC(1066) Metaspace: 16559K(16896K)->16559K(16896K) NonClass: 14228K(14400K)->14228K(14400K) Class: 2331K(2496K)->2331K(2496K)
[226.387s][info][gc             ] GC(1066) Pause Young (Allocation Failure) 120M->6M(920M) 0.566ms
[226.387s][info][gc,cpu         ] GC(1066) User=0.00s Sys=0.00s Real=0.00s
[226.416s][info][gc,start       ] GC(1067) Pause Young (Allocation Failure)
[226.417s][info][gc,heap        ] GC(1067) PSYoungGen: 129856K(243200K)->352K(235520K) Eden: 129536K(129536K)->0K(129536K) From: 320K(113664K)->352K(105984K)
[226.417s][info][gc,heap        ] GC(1067) ParOldGen: 6099K(699392K)->6099K(699392K)
[226.417s][info][gc,metaspace   ] GC(1067) Metaspace: 16559K(16896K)->16559K(16896K) NonClass: 14228K(14400K)->14228K(14400K) Class: 2331K(2496K)->2331K(2496K)
[226.417s][info][gc             ] GC(1067) Pause Young (Allocation Failure) 132M->6M(913M) 0.741ms
[226.417s][info][gc,cpu         ] GC(1067) User=0.00s Sys=0.00s Real=0.00s
[226.448s][info][gc,start       ] GC(1068) Pause Young (Allocation Failure)
[226.449s][info][gc,heap        ] GC(1068) PSYoungGen: 129888K(235520K)->288K(257024K) Eden: 129536K(129536K)->0K(158208K) From: 352K(105984K)->288K(98816K)
[226.449s][info][gc,heap        ] GC(1068) ParOldGen: 6099K(699392K)->6099K(699392K)
[226.449s][info][gc,metaspace   ] GC(1068) Metaspace: 16559K(16896K)->16559K(16896K) NonClass: 14228K(14400K)->14228K(14400K) Class: 2331K(2496K)->2331K(2496K)
[226.449s][info][gc             ] GC(1068) Pause Young (Allocation Failure) 132M->6M(934M) 0.807ms
[226.449s][info][gc,cpu         ] GC(1068) User=0.00s Sys=0.00s Real=0.00s
[226.484s][info][gc,start       ] GC(1069) Pause Young (Allocation Failure)
[226.485s][info][gc,heap        ] GC(1069) PSYoungGen: 158496K(257024K)->320K(250368K) Eden: 158208K(158208K)->0K(158208K) From: 288K(98816K)->320K(92160K)
[226.485s][info][gc,heap        ] GC(1069) ParOldGen: 6099K(699392K)->6099K(699392K)
[226.485s][info][gc,metaspace   ] GC(1069) Metaspace: 16559K(16896K)->16559K(16896K) NonClass: 14228K(14400K)->14228K(14400K) Class: 2331K(2496K)->2331K(2496K)
[226.485s][info][gc             ] GC(1069) Pause Young (Allocation Failure) 160M->6M(927M) 0.692ms
[226.485s][info][gc,cpu         ] GC(1069) User=0.00s Sys=0.00s Real=0.00s
[226.515s][info][gc,start       ] GC(1070) Pause Young (Allocation Failure)
[226.516s][info][gc,heap        ] GC(1070) PSYoungGen: 158528K(250368K)->320K(269312K) Eden: 158208K(158208K)->0K(183296K) From: 320K(92160K)->320K(86016K)
[226.516s][info][gc,heap        ] GC(1070) ParOldGen: 6099K(699392K)->6099K(699392K)
[226.516s][info][gc,metaspace   ] GC(1070) Metaspace: 16559K(16896K)->16559K(16896K) NonClass: 14228K(14400K)->14228K(14400K) Class: 2331K(2496K)->2331K(2496K)
[226.516s][info][gc             ] GC(1070) Pause Young (Allocation Failure) 160M->6M(946M) 0.976ms
[226.516s][info][gc,cpu         ] GC(1070) User=0.00s Sys=0.00s Real=0.00s
[226.559s][info][gc,start       ] GC(1071) Pause Young (Allocation Failure)
[226.560s][info][gc,heap        ] GC(1071) PSYoungGen: 183616K(269312K)->320K(263168K) Eden: 183296K(183296K)->0K(183296K) From: 320K(86016K)->320K(79872K)
[226.560s][info][gc,heap        ] GC(1071) ParOldGen: 6099K(699392K)->6099K(699392K)
[226.560s][info][gc,metaspace   ] GC(1071) Metaspace: 16559K(16896K)->16559K(16896K) NonClass: 14228K(14400K)->14228K(14400K) Class: 2331K(2496K)->2331K(2496K)
[226.560s][info][gc             ] GC(1071) Pause Young (Allocation Failure) 185M->6M(940M) 1.006ms
[226.560s][info][gc,cpu         ] GC(1071) User=0.00s Sys=0.00s Real=0.00s
[226.601s][info][gc,start       ] GC(1072) Pause Young (Allocation Failure)
[226.602s][info][gc,heap        ] GC(1072) PSYoungGen: 183616K(263168K)->288K(280576K) Eden: 183296K(183296K)->0K(206336K) From: 320K(79872K)->288K(74240K)
[226.602s][info][gc,heap        ] GC(1072) ParOldGen: 6099K(699392K)->6099K(699392K)
[226.602s][info][gc,metaspace   ] GC(1072) Metaspace: 16559K(16896K)->16559K(16896K) NonClass: 14228K(14400K)->14228K(14400K) Class: 2331K(2496K)->2331K(2496K)
[226.602s][info][gc             ] GC(1072) Pause Young (Allocation Failure) 185M->6M(957M) 0.769ms
[226.602s][info][gc,cpu         ] GC(1072) User=0.00s Sys=0.00s Real=0.00s
[226.664s][info][gc,start       ] GC(1073) Pause Young (Allocation Failure)
[226.665s][info][gc,heap        ] GC(1073) PSYoungGen: 206624K(280576K)->288K(274944K) Eden: 206336K(206336K)->0K(206336K) From: 288K(74240K)->288K(68608K)
[226.665s][info][gc,heap        ] GC(1073) ParOldGen: 6099K(699392K)->6099K(699392K)
[226.665s][info][gc,metaspace   ] GC(1073) Metaspace: 16559K(16896K)->16559K(16896K) NonClass: 14228K(14400K)->14228K(14400K) Class: 2331K(2496K)->2331K(2496K)
[226.665s][info][gc             ] GC(1073) Pause Young (Allocation Failure) 207M->6M(951M) 0.762ms
[226.665s][info][gc,cpu         ] GC(1073) User=0.00s Sys=0.00s Real=0.00s
[226.740s][info][gc,start       ] GC(1074) Pause Young (Allocation Failure)
[226.741s][info][gc,heap        ] GC(1074) PSYoungGen: 206624K(274944K)->288K(290304K) Eden: 206336K(206336K)->0K(226304K) From: 288K(68608K)->288K(64000K)
[226.741s][info][gc,heap        ] GC(1074) ParOldGen: 6099K(699392K)->6099K(699392K)
[226.741s][info][gc,metaspace   ] GC(1074) Metaspace: 16559K(16896K)->16559K(16896K) NonClass: 14228K(14400K)->14228K(14400K) Class: 2331K(2496K)->2331K(2496K)
[226.741s][info][gc             ] GC(1074) Pause Young (Allocation Failure) 207M->6M(966M) 1.044ms
[226.741s][info][gc,cpu         ] GC(1074) User=0.00s Sys=0.00s Real=0.00s
[227.036s][info][gc,start       ] GC(1075) Pause Young (Allocation Failure)
[227.131s][info][gc,heap        ] GC(1075) PSYoungGen: 226592K(290304K)->58851K(285184K) Eden: 226304K(226304K)->0K(226304K) From: 288K(64000K)->58851K(58880K)
[227.131s][info][gc,heap        ] GC(1075) ParOldGen: 6099K(699392K)->94475K(699392K)
[227.131s][info][gc,metaspace   ] GC(1075) Metaspace: 16559K(16896K)->16559K(16896K) NonClass: 14228K(14400K)->14228K(14400K) Class: 2331K(2496K)->2331K(2496K)
[227.131s][info][gc             ] GC(1075) Pause Young (Allocation Failure) 227M->149M(961M) 95.358ms
[227.131s][info][gc,cpu         ] GC(1075) User=0.56s Sys=0.00s Real=0.10s
[227.404s][info][gc,start       ] GC(1076) Pause Young (Allocation Failure)
[227.546s][info][gc,heap        ] GC(1076) PSYoungGen: 285155K(285184K)->63969K(180736K) Eden: 226304K(226304K)->0K(116736K) From: 58851K(58880K)->63969K(64000K)
[227.546s][info][gc,heap        ] GC(1076) ParOldGen: 94475K(699392K)->240843K(699392K)
[227.546s][info][gc,metaspace   ] GC(1076) Metaspace: 16559K(16896K)->16559K(16896K) NonClass: 14228K(14400K)->14228K(14400K) Class: 2331K(2496K)->2331K(2496K)
[227.546s][info][gc             ] GC(1076) Pause Young (Allocation Failure) 370M->297M(859M) 142.364ms
[227.546s][info][gc,cpu         ] GC(1076) User=0.86s Sys=0.00s Real=0.14s
[227.666s][info][gc,start       ] GC(1077) Pause Young (Allocation Failure)
[227.756s][info][gc,heap        ] GC(1077) PSYoungGen: 180705K(180736K)->116195K(232960K) Eden: 116736K(116736K)->0K(116736K) From: 63969K(64000K)->116195K(116224K)
[227.756s][info][gc,heap        ] GC(1077) ParOldGen: 240843K(699392K)->273507K(699392K)
[227.756s][info][gc,metaspace   ] GC(1077) Metaspace: 16559K(16896K)->16559K(16896K) NonClass: 14228K(14400K)->14228K(14400K) Class: 2331K(2496K)->2331K(2496K)
[227.756s][info][gc             ] GC(1077) Pause Young (Allocation Failure) 411M->380M(910M) 90.241ms
[227.756s][info][gc,cpu         ] GC(1077) User=0.48s Sys=0.00s Real=0.09s
[227.905s][info][gc,start       ] GC(1078) Pause Young (Allocation Failure)
[228.036s][info][gc,heap        ] GC(1078) PSYoungGen: 232931K(232960K)->116210K(232960K) Eden: 116736K(116736K)->0K(116736K) From: 116195K(116224K)->116210K(116224K)
[228.036s][info][gc,heap        ] GC(1078) ParOldGen: 273507K(699392K)->333684K(699392K)
[228.036s][info][gc,metaspace   ] GC(1078) Metaspace: 16559K(16896K)->16559K(16896K) NonClass: 14228K(14400K)->14228K(14400K) Class: 2331K(2496K)->2331K(2496K)
[228.036s][info][gc             ] GC(1078) Pause Young (Allocation Failure) 494M->439M(910M) 130.615ms
[228.036s][info][gc,cpu         ] GC(1078) User=0.67s Sys=0.00s Real=0.13s
[230.935s][info][gc,start       ] GC(1079) Pause Young (Allocation Failure)
[231.038s][info][gc,heap        ] GC(1079) PSYoungGen: 232946K(232960K)->116209K(232960K) Eden: 116736K(116736K)->0K(116736K) From: 116210K(116224K)->116209K(116224K)
[231.038s][info][gc,heap        ] GC(1079) ParOldGen: 333684K(699392K)->352540K(699392K)
[231.038s][info][gc,metaspace   ] GC(1079) Metaspace: 16559K(16896K)->16559K(16896K) NonClass: 14228K(14400K)->14228K(14400K) Class: 2331K(2496K)->2331K(2496K)
[231.038s][info][gc             ] GC(1079) Pause Young (Allocation Failure) 553M->457M(910M) 102.362ms
[231.038s][info][gc,cpu         ] GC(1079) User=0.53s Sys=0.00s Real=0.11s
[231.097s][info][gc,start       ] GC(1080) Pause Young (Allocation Failure)
[231.216s][info][gc,heap        ] GC(1080) PSYoungGen: 232945K(232960K)->116210K(232960K) Eden: 116736K(116736K)->0K(116736K) From: 116209K(116224K)->116210K(116224K)
[231.216s][info][gc,heap        ] GC(1080) ParOldGen: 352540K(699392K)->405308K(699392K)
[231.216s][info][gc,metaspace   ] GC(1080) Metaspace: 16559K(16896K)->16559K(16896K) NonClass: 14228K(14400K)->14228K(14400K) Class: 2331K(2496K)->2331K(2496K)
[231.216s][info][gc             ] GC(1080) Pause Young (Allocation Failure) 571M->509M(910M) 118.707ms
[231.216s][info][gc,cpu         ] GC(1080) User=0.56s Sys=0.00s Real=0.13s
[231.278s][info][gc,start       ] GC(1081) Pause Young (Allocation Failure)
[231.398s][info][gc,heap        ] GC(1081) PSYoungGen: 232946K(232960K)->110336K(232960K) Eden: 116736K(116736K)->0K(116736K) From: 116210K(116224K)->110336K(116224K)
[231.398s][info][gc,heap        ] GC(1081) ParOldGen: 405308K(699392K)->461895K(699392K)
[231.398s][info][gc,metaspace   ] GC(1081) Metaspace: 16559K(16896K)->16559K(16896K) NonClass: 14228K(14400K)->14228K(14400K) Class: 2331K(2496K)->2331K(2496K)
[231.398s][info][gc             ] GC(1081) Pause Young (Allocation Failure) 623M->558M(910M) 119.855ms
[231.398s][info][gc,cpu         ] GC(1081) User=0.62s Sys=0.00s Real=0.12s
[231.467s][info][gc,start       ] GC(1082) Pause Young (Allocation Failure)
[231.567s][info][gc,heap        ] GC(1082) PSYoungGen: 227072K(232960K)->109568K(232960K) Eden: 116736K(116736K)->0K(116736K) From: 110336K(116224K)->109568K(116224K)
[231.567s][info][gc,heap        ] GC(1082) ParOldGen: 461895K(699392K)->511247K(699392K)
[231.567s][info][gc,metaspace   ] GC(1082) Metaspace: 16559K(16896K)->16559K(16896K) NonClass: 14228K(14400K)->14228K(14400K) Class: 2331K(2496K)->2331K(2496K)
[231.567s][info][gc             ] GC(1082) Pause Young (Allocation Failure) 672M->606M(910M) 99.613ms
[231.567s][info][gc,cpu         ] GC(1082) User=0.44s Sys=0.00s Real=0.09s
[231.628s][info][gc,start       ] GC(1083) Pause Young (Allocation Failure)
[231.710s][info][gc,heap        ] GC(1083) PSYoungGen: 226304K(232960K)->116224K(232960K) Eden: 116736K(116736K)->0K(116736K) From: 109568K(116224K)->116224K(116224K)
[231.710s][info][gc,heap        ] GC(1083) ParOldGen: 511247K(699392K)->552799K(699392K)
[231.710s][info][gc,metaspace   ] GC(1083) Metaspace: 16559K(16896K)->16559K(16896K) NonClass: 14228K(14400K)->14228K(14400K) Class: 2331K(2496K)->2331K(2496K)
[231.710s][info][gc             ] GC(1083) Pause Young (Allocation Failure) 720M->653M(910M) 81.925ms
[231.710s][info][gc,cpu         ] GC(1083) User=0.47s Sys=0.02s Real=0.09s
[231.771s][info][gc,start       ] GC(1084) Pause Young (Allocation Failure)
[231.854s][info][gc,heap        ] GC(1084) PSYoungGen: 232960K(232960K)->94432K(232960K) Eden: 116736K(116736K)->0K(116736K) From: 116224K(116224K)->94432K(116224K)
[231.854s][info][gc,heap        ] GC(1084) ParOldGen: 552799K(699392K)->623551K(699392K)
[231.854s][info][gc,metaspace   ] GC(1084) Metaspace: 16559K(16896K)->16559K(16896K) NonClass: 14228K(14400K)->14228K(14400K) Class: 2331K(2496K)->2331K(2496K)
[231.854s][info][gc             ] GC(1084) Pause Young (Allocation Failure) 767M->701M(910M) 83.380ms
[231.854s][info][gc,cpu         ] GC(1084) User=0.45s Sys=0.00s Real=0.09s
[231.914s][info][gc,start       ] GC(1085) Pause Full (Ergonomics)
[231.914s][info][gc,phases,start] GC(1085) Marking Phase
[232.011s][info][gc,phases      ] GC(1085) Marking Phase 96.867ms
[232.012s][info][gc,phases,start] GC(1085) Summary Phase
[232.012s][info][gc,phases      ] GC(1085) Summary Phase 0.045ms
[232.012s][info][gc,phases,start] GC(1085) Adjust Roots
[232.014s][info][gc,phases      ] GC(1085) Adjust Roots 1.906ms
[232.014s][info][gc,phases,start] GC(1085) Compaction Phase
[232.241s][info][gc,phases      ] GC(1085) Compaction Phase 226.642ms
[232.241s][info][gc,phases,start] GC(1085) Post Compact
[232.243s][info][gc,phases      ] GC(1085) Post Compact 1.885ms
[232.243s][info][gc,heap        ] GC(1085) PSYoungGen: 211168K(232960K)->0K(232960K) Eden: 116736K(116736K)->0K(116736K) From: 94432K(116224K)->0K(116224K)
[232.243s][info][gc,heap        ] GC(1085) ParOldGen: 623551K(699392K)->320798K(699392K)
[232.243s][info][gc,metaspace   ] GC(1085) Metaspace: 16559K(16896K)->16559K(16896K) NonClass: 14228K(14400K)->14228K(14400K) Class: 2331K(2496K)->2331K(2496K)
[232.243s][info][gc             ] GC(1085) Pause Full (Ergonomics) 815M->313M(910M) 329.038ms
[232.243s][info][gc,cpu         ] GC(1085) User=1.72s Sys=0.00s Real=0.31s
[232.305s][info][gc,start       ] GC(1086) Pause Young (Allocation Failure)
[232.330s][info][gc,heap        ] GC(1086) PSYoungGen: 116736K(232960K)->50976K(232960K) Eden: 116736K(116736K)->0K(116736K) From: 0K(116224K)->50976K(116224K)
[232.330s][info][gc,heap        ] GC(1086) ParOldGen: 320798K(699392K)->320798K(699392K)
[232.330s][info][gc,metaspace   ] GC(1086) Metaspace: 16559K(16896K)->16559K(16896K) NonClass: 14228K(14400K)->14228K(14400K) Class: 2331K(2496K)->2331K(2496K)
[232.330s][info][gc             ] GC(1086) Pause Young (Allocation Failure) 427M->363M(910M) 24.772ms
[232.330s][info][gc,cpu         ] GC(1086) User=0.16s Sys=0.00s Real=0.03s
[232.390s][info][gc,start       ] GC(1087) Pause Young (Allocation Failure)
[232.437s][info][gc,heap        ] GC(1087) PSYoungGen: 167712K(232960K)->51072K(232960K) Eden: 116736K(116736K)->0K(116736K) From: 50976K(116224K)->51072K(116224K)
[232.437s][info][gc,heap        ] GC(1087) ParOldGen: 320798K(699392K)->368782K(699392K)
[232.437s][info][gc,metaspace   ] GC(1087) Metaspace: 16559K(16896K)->16559K(16896K) NonClass: 14228K(14400K)->14228K(14400K) Class: 2331K(2496K)->2331K(2496K)
[232.438s][info][gc             ] GC(1087) Pause Young (Allocation Failure) 477M->410M(910M) 47.020ms
[232.438s][info][gc,cpu         ] GC(1087) User=0.19s Sys=0.00s Real=0.05s
[232.742s][info][gc,start       ] GC(1088) Pause Young (Allocation Failure)
[232.839s][info][gc,heap        ] GC(1088) PSYoungGen: 167808K(232960K)->72618K(232960K) Eden: 116736K(116736K)->0K(116736K) From: 51072K(116224K)->72618K(116224K)
[232.839s][info][gc,heap        ] GC(1088) ParOldGen: 368782K(699392K)->417734K(699392K)
[232.839s][info][gc,metaspace   ] GC(1088) Metaspace: 16559K(16896K)->16559K(16896K) NonClass: 14228K(14400K)->14228K(14400K) Class: 2331K(2496K)->2331K(2496K)
[232.839s][info][gc             ] GC(1088) Pause Young (Allocation Failure) 524M->478M(910M) 96.812ms
[232.839s][info][gc,cpu         ] GC(1088) User=0.41s Sys=0.00s Real=0.11s
[232.975s][info][gc,start       ] GC(1089) Pause Young (Allocation Failure)
[233.043s][info][gc,heap        ] GC(1089) PSYoungGen: 189354K(232960K)->4064K(232960K) Eden: 116736K(116736K)->0K(116736K) From: 72618K(116224K)->4064K(116224K)
[233.044s][info][gc,heap        ] GC(1089) ParOldGen: 417734K(699392K)->467425K(699392K)
[233.044s][info][gc,metaspace   ] GC(1089) Metaspace: 16559K(16896K)->16559K(16896K) NonClass: 14228K(14400K)->14228K(14400K) Class: 2331K(2496K)->2331K(2496K)
[233.044s][info][gc             ] GC(1089) Pause Young (Allocation Failure) 592M->460M(910M) 68.562ms
[233.044s][info][gc,cpu         ] GC(1089) User=0.30s Sys=0.00s Real=0.08s
[233.181s][info][gc,start       ] GC(1090) Pause Young (Allocation Failure)
[233.184s][info][gc,heap        ] GC(1090) PSYoungGen: 120800K(232960K)->3360K(232960K) Eden: 116736K(116736K)->0K(116736K) From: 4064K(116224K)->3360K(116224K)
[233.184s][info][gc,heap        ] GC(1090) ParOldGen: 467425K(699392K)->467833K(699392K)
[233.184s][info][gc,metaspace   ] GC(1090) Metaspace: 16559K(16896K)->16559K(16896K) NonClass: 14228K(14400K)->14228K(14400K) Class: 2331K(2496K)->2331K(2496K)
[233.184s][info][gc             ] GC(1090) Pause Young (Allocation Failure) 574M->460M(910M) 2.986ms
[233.184s][info][gc,cpu         ] GC(1090) User=0.02s Sys=0.00s Real=0.02s
[233.318s][info][gc,start       ] GC(1091) Pause Young (Allocation Failure)
[233.320s][info][gc,heap        ] GC(1091) PSYoungGen: 120096K(232960K)->2624K(232960K) Eden: 116736K(116736K)->0K(116736K) From: 3360K(116224K)->2624K(116224K)
[233.320s][info][gc,heap        ] GC(1091) ParOldGen: 467833K(699392K)->468009K(699392K)
[233.320s][info][gc,metaspace   ] GC(1091) Metaspace: 16559K(16896K)->16559K(16896K) NonClass: 14228K(14400K)->14228K(14400K) Class: 2331K(2496K)->2331K(2496K)
[233.320s][info][gc             ] GC(1091) Pause Young (Allocation Failure) 574M->459M(910M) 2.714ms
[233.320s][info][gc,cpu         ] GC(1091) User=0.02s Sys=0.00s Real=0.01s
[233.452s][info][gc,start       ] GC(1092) Pause Young (Allocation Failure)
[233.453s][info][gc,heap        ] GC(1092) PSYoungGen: 119360K(232960K)->1280K(232960K) Eden: 116736K(116736K)->0K(116736K) From: 2624K(116224K)->1280K(116224K)
[233.453s][info][gc,heap        ] GC(1092) ParOldGen: 468009K(699392K)->468057K(699392K)
[233.453s][info][gc,metaspace   ] GC(1092) Metaspace: 16559K(16896K)->16559K(16896K) NonClass: 14228K(14400K)->14228K(14400K) Class: 2331K(2496K)->2331K(2496K)
[233.453s][info][gc             ] GC(1092) Pause Young (Allocation Failure) 573M->458M(910M) 1.656ms
[233.453s][info][gc,cpu         ] GC(1092) User=0.00s Sys=0.00s Real=0.00s
[234.213s][info][gc,start       ] GC(1093) Pause Young (Allocation Failure)
[234.214s][info][gc,heap        ] GC(1093) PSYoungGen: 118016K(232960K)->2208K(232960K) Eden: 116736K(116736K)->0K(116736K) From: 1280K(116224K)->2208K(116224K)
[234.214s][info][gc,heap        ] GC(1093) ParOldGen: 468057K(699392K)->468057K(699392K)
[234.214s][info][gc,metaspace   ] GC(1093) Metaspace: 16559K(16896K)->16559K(16896K) NonClass: 14228K(14400K)->14228K(14400K) Class: 2331K(2496K)->2331K(2496K)
[234.214s][info][gc             ] GC(1093) Pause Young (Allocation Failure) 572M->459M(910M) 1.469ms
[234.214s][info][gc,cpu         ] GC(1093) User=0.00s Sys=0.00s Real=0.00s
[234.249s][info][gc,start       ] GC(1094) Pause Young (System.gc())
[234.250s][info][gc,heap        ] GC(1094) PSYoungGen: 9291K(232960K)->96K(232960K) Eden: 7083K(116736K)->0K(116736K) From: 2208K(116224K)->96K(116224K)
[234.250s][info][gc,heap        ] GC(1094) ParOldGen: 468057K(699392K)->468089K(699392K)
[234.250s][info][gc,metaspace   ] GC(1094) Metaspace: 16559K(16896K)->16559K(16896K) NonClass: 14228K(14400K)->14228K(14400K) Class: 2331K(2496K)->2331K(2496K)
[234.250s][info][gc             ] GC(1094) Pause Young (System.gc()) 466M->457M(910M) 1.087ms
[234.250s][info][gc,cpu         ] GC(1094) User=0.00s Sys=0.00s Real=0.00s
[234.251s][info][gc,start       ] GC(1095) Pause Full (System.gc())
[234.251s][info][gc,phases,start] GC(1095) Marking Phase
[234.255s][info][gc,phases      ] GC(1095) Marking Phase 4.764ms
[234.255s][info][gc,phases,start] GC(1095) Summary Phase
[234.255s][info][gc,phases      ] GC(1095) Summary Phase 0.011ms
[234.255s][info][gc,phases,start] GC(1095) Adjust Roots
[234.257s][info][gc,phases      ] GC(1095) Adjust Roots 1.735ms
[234.257s][info][gc,phases,start] GC(1095) Compaction Phase
[234.259s][info][gc,phases      ] GC(1095) Compaction Phase 1.495ms
[234.259s][info][gc,phases,start] GC(1095) Post Compact
[234.260s][info][gc,phases      ] GC(1095) Post Compact 1.644ms
[234.260s][info][gc,heap        ] GC(1095) PSYoungGen: 96K(232960K)->0K(232960K) Eden: 0K(116736K)->0K(116736K) From: 96K(116224K)->0K(116224K)
[234.260s][info][gc,heap        ] GC(1095) ParOldGen: 468089K(699392K)->5547K(699392K)
[234.260s][info][gc,metaspace   ] GC(1095) Metaspace: 16559K(16896K)->16559K(16896K) NonClass: 14228K(14400K)->14228K(14400K) Class: 2331K(2496K)->2331K(2496K)
[234.260s][info][gc             ] GC(1095) Pause Full (System.gc()) 457M->5M(910M) 9.910ms
[234.260s][info][gc,cpu         ] GC(1095) User=0.00s Sys=0.00s Real=0.00s
[235.929s][info][gc,start       ] GC(1096) Pause Young (Allocation Failure)
[235.929s][info][gc,heap        ] GC(1096) PSYoungGen: 116736K(232960K)->352K(232960K) Eden: 116736K(116736K)->0K(116736K) From: 0K(116224K)->352K(116224K)
[235.929s][info][gc,heap        ] GC(1096) ParOldGen: 5547K(699392K)->5547K(699392K)
[235.929s][info][gc,metaspace   ] GC(1096) Metaspace: 16559K(16896K)->16559K(16896K) NonClass: 14228K(14400K)->14228K(14400K) Class: 2331K(2496K)->2331K(2496K)
[235.929s][info][gc             ] GC(1096) Pause Young (Allocation Failure) 119M->5M(910M) 0.745ms
[235.929s][info][gc,cpu         ] GC(1096) User=0.02s Sys=0.00s Real=0.00s
[235.955s][info][gc,start       ] GC(1097) Pause Young (Allocation Failure)
[235.956s][info][gc,heap        ] GC(1097) PSYoungGen: 117088K(232960K)->224K(232960K) Eden: 116736K(116736K)->0K(116736K) From: 352K(116224K)->224K(116224K)
[235.956s][info][gc,heap        ] GC(1097) ParOldGen: 5547K(699392K)->5659K(699392K)
[235.956s][info][gc,metaspace   ] GC(1097) Metaspace: 16559K(16896K)->16559K(16896K) NonClass: 14228K(14400K)->14228K(14400K) Class: 2331K(2496K)->2331K(2496K)
[235.956s][info][gc             ] GC(1097) Pause Young (Allocation Failure) 119M->5M(910M) 0.545ms
[235.956s][info][gc,cpu         ] GC(1097) User=0.00s Sys=0.00s Real=0.00s
[235.977s][info][gc,start       ] GC(1098) Pause Young (Allocation Failure)
[235.978s][info][gc,heap        ] GC(1098) PSYoungGen: 116960K(232960K)->288K(232960K) Eden: 116736K(116736K)->0K(116736K) From: 224K(116224K)->288K(116224K)
[235.978s][info][gc,heap        ] GC(1098) ParOldGen: 5659K(699392K)->5691K(699392K)
[235.978s][info][gc,metaspace   ] GC(1098) Metaspace: 16559K(16896K)->16559K(16896K) NonClass: 14228K(14400K)->14228K(14400K) Class: 2331K(2496K)->2331K(2496K)
[235.978s][info][gc             ] GC(1098) Pause Young (Allocation Failure) 119M->5M(910M) 0.567ms
[235.978s][info][gc,cpu         ] GC(1098) User=0.00s Sys=0.00s Real=0.00s
[236.003s][info][gc,start       ] GC(1099) Pause Young (Allocation Failure)
[236.003s][info][gc,heap        ] GC(1099) PSYoungGen: 117024K(232960K)->288K(232960K) Eden: 116736K(116736K)->0K(116736K) From: 288K(116224K)->288K(116224K)
[236.003s][info][gc,heap        ] GC(1099) ParOldGen: 5691K(699392K)->5739K(699392K)
[236.003s][info][gc,metaspace   ] GC(1099) Metaspace: 16559K(16896K)->16559K(16896K) NonClass: 14228K(14400K)->14228K(14400K) Class: 2331K(2496K)->2331K(2496K)
[236.003s][info][gc             ] GC(1099) Pause Young (Allocation Failure) 119M->5M(910M) 0.476ms
[236.003s][info][gc,cpu         ] GC(1099) User=0.00s Sys=0.00s Real=0.00s
[236.026s][info][gc,start       ] GC(1100) Pause Young (Allocation Failure)
[236.026s][info][gc,heap        ] GC(1100) PSYoungGen: 117024K(232960K)->256K(232960K) Eden: 116736K(116736K)->0K(116736K) From: 288K(116224K)->256K(116224K)
[236.026s][info][gc,heap        ] GC(1100) ParOldGen: 5739K(699392K)->5787K(699392K)
[236.026s][info][gc,metaspace   ] GC(1100) Metaspace: 16559K(16896K)->16559K(16896K) NonClass: 14228K(14400K)->14228K(14400K) Class: 2331K(2496K)->2331K(2496K)
[236.026s][info][gc             ] GC(1100) Pause Young (Allocation Failure) 119M->5M(910M) 0.500ms
[236.026s][info][gc,cpu         ] GC(1100) User=0.00s Sys=0.00s Real=0.00s
[236.048s][info][gc,start       ] GC(1101) Pause Young (Allocation Failure)
[236.049s][info][gc,heap        ] GC(1101) PSYoungGen: 116992K(232960K)->288K(232960K) Eden: 116736K(116736K)->0K(116736K) From: 256K(116224K)->288K(116224K)
[236.049s][info][gc,heap        ] GC(1101) ParOldGen: 5787K(699392K)->5835K(699392K)
[236.049s][info][gc,metaspace   ] GC(1101) Metaspace: 16559K(16896K)->16559K(16896K) NonClass: 14228K(14400K)->14228K(14400K) Class: 2331K(2496K)->2331K(2496K)
[236.049s][info][gc             ] GC(1101) Pause Young (Allocation Failure) 119M->5M(910M) 0.578ms
[236.049s][info][gc,cpu         ] GC(1101) User=0.00s Sys=0.00s Real=0.00s
[236.070s][info][gc,start       ] GC(1102) Pause Young (Allocation Failure)
[236.071s][info][gc,heap        ] GC(1102) PSYoungGen: 117024K(232960K)->288K(232960K) Eden: 116736K(116736K)->0K(116736K) From: 288K(116224K)->288K(116224K)
[236.071s][info][gc,heap        ] GC(1102) ParOldGen: 5835K(699392K)->5883K(699392K)
[236.071s][info][gc,metaspace   ] GC(1102) Metaspace: 16559K(16896K)->16559K(16896K) NonClass: 14228K(14400K)->14228K(14400K) Class: 2331K(2496K)->2331K(2496K)
[236.071s][info][gc             ] GC(1102) Pause Young (Allocation Failure) 119M->6M(910M) 0.544ms
[236.071s][info][gc,cpu         ] GC(1102) User=0.00s Sys=0.00s Real=0.00s
[236.093s][info][gc,start       ] GC(1103) Pause Young (Allocation Failure)
[236.094s][info][gc,heap        ] GC(1103) PSYoungGen: 117024K(232960K)->320K(232960K) Eden: 116736K(116736K)->0K(116736K) From: 288K(116224K)->320K(116224K)
[236.094s][info][gc,heap        ] GC(1103) ParOldGen: 5883K(699392K)->5931K(699392K)
[236.094s][info][gc,metaspace   ] GC(1103) Metaspace: 16559K(16896K)->16559K(16896K) NonClass: 14228K(14400K)->14228K(14400K) Class: 2331K(2496K)->2331K(2496K)
[236.094s][info][gc             ] GC(1103) Pause Young (Allocation Failure) 120M->6M(910M) 0.636ms
[236.094s][info][gc,cpu         ] GC(1103) User=0.00s Sys=0.00s Real=0.00s
[236.116s][info][gc,start       ] GC(1104) Pause Young (Allocation Failure)
[236.117s][info][gc,heap        ] GC(1104) PSYoungGen: 117056K(232960K)->256K(232960K) Eden: 116736K(116736K)->0K(116736K) From: 320K(116224K)->256K(116224K)
[236.117s][info][gc,heap        ] GC(1104) ParOldGen: 5931K(699392K)->5995K(699392K)
[236.117s][info][gc,metaspace   ] GC(1104) Metaspace: 16559K(16896K)->16559K(16896K) NonClass: 14228K(14400K)->14228K(14400K) Class: 2331K(2496K)->2331K(2496K)
[236.117s][info][gc             ] GC(1104) Pause Young (Allocation Failure) 120M->6M(910M) 0.492ms
[236.117s][info][gc,cpu         ] GC(1104) User=0.00s Sys=0.00s Real=0.00s
[236.141s][info][gc,start       ] GC(1105) Pause Young (Allocation Failure)
[236.141s][info][gc,heap        ] GC(1105) PSYoungGen: 116992K(232960K)->288K(234496K) Eden: 116736K(116736K)->0K(118272K) From: 256K(116224K)->288K(116224K)
[236.141s][info][gc,heap        ] GC(1105) ParOldGen: 5995K(699392K)->6043K(699392K)
[236.141s][info][gc,metaspace   ] GC(1105) Metaspace: 16559K(16896K)->16559K(16896K) NonClass: 14228K(14400K)->14228K(14400K) Class: 2331K(2496K)->2331K(2496K)
[236.141s][info][gc             ] GC(1105) Pause Young (Allocation Failure) 120M->6M(912M) 0.559ms
[236.141s][info][gc,cpu         ] GC(1105) User=0.00s Sys=0.00s Real=0.00s
[236.164s][info][gc,start       ] GC(1106) Pause Young (Allocation Failure)
[236.164s][info][gc,heap        ] GC(1106) PSYoungGen: 118560K(234496K)->352K(232960K) Eden: 118272K(118272K)->0K(118272K) From: 288K(116224K)->352K(114688K)
[236.164s][info][gc,heap        ] GC(1106) ParOldGen: 6043K(699392K)->6043K(699392K)
[236.164s][info][gc,metaspace   ] GC(1106) Metaspace: 16559K(16896K)->16559K(16896K) NonClass: 14228K(14400K)->14228K(14400K) Class: 2331K(2496K)->2331K(2496K)
[236.164s][info][gc             ] GC(1106) Pause Young (Allocation Failure) 121M->6M(910M) 0.626ms
[236.164s][info][gc,cpu         ] GC(1106) User=0.00s Sys=0.00s Real=0.01s
[236.189s][info][gc,start       ] GC(1107) Pause Young (Allocation Failure)
[236.189s][info][gc,heap        ] GC(1107) PSYoungGen: 118624K(232960K)->352K(248320K) Eden: 118272K(118272K)->0K(140800K) From: 352K(114688K)->352K(107520K)
[236.189s][info][gc,heap        ] GC(1107) ParOldGen: 6043K(699392K)->6043K(699392K)
[236.189s][info][gc,metaspace   ] GC(1107) Metaspace: 16559K(16896K)->16559K(16896K) NonClass: 14228K(14400K)->14228K(14400K) Class: 2331K(2496K)->2331K(2496K)
[236.189s][info][gc             ] GC(1107) Pause Young (Allocation Failure) 121M->6M(925M) 0.581ms
[236.189s][info][gc,cpu         ] GC(1107) User=0.00s Sys=0.00s Real=0.00s
[236.223s][info][gc,start       ] GC(1108) Pause Young (Allocation Failure)
[236.223s][info][gc,heap        ] GC(1108) PSYoungGen: 141152K(248320K)->320K(241664K) Eden: 140800K(140800K)->0K(140800K) From: 352K(107520K)->320K(100864K)
[236.223s][info][gc,heap        ] GC(1108) ParOldGen: 6043K(699392K)->6043K(699392K)
[236.223s][info][gc,metaspace   ] GC(1108) Metaspace: 16559K(16896K)->16559K(16896K) NonClass: 14228K(14400K)->14228K(14400K) Class: 2331K(2496K)->2331K(2496K)
[236.223s][info][gc             ] GC(1108) Pause Young (Allocation Failure) 143M->6M(919M) 0.682ms
[236.223s][info][gc,cpu         ] GC(1108) User=0.00s Sys=0.00s Real=0.00s
[236.253s][info][gc,start       ] GC(1109) Pause Young (Allocation Failure)
[236.254s][info][gc,heap        ] GC(1109) PSYoungGen: 141120K(241664K)->384K(261120K) Eden: 140800K(140800K)->0K(166912K) From: 320K(100864K)->384K(94208K)
[236.254s][info][gc,heap        ] GC(1109) ParOldGen: 6043K(699392K)->6043K(699392K)
[236.254s][info][gc,metaspace   ] GC(1109) Metaspace: 16559K(16896K)->16559K(16896K) NonClass: 14228K(14400K)->14228K(14400K) Class: 2331K(2496K)->2331K(2496K)
[236.254s][info][gc             ] GC(1109) Pause Young (Allocation Failure) 143M->6M(938M) 0.536ms
[236.254s][info][gc,cpu         ] GC(1109) User=0.00s Sys=0.00s Real=0.00s
[236.285s][info][gc,start       ] GC(1110) Pause Young (Allocation Failure)
[236.286s][info][gc,heap        ] GC(1110) PSYoungGen: 167296K(261120K)->384K(254976K) Eden: 166912K(166912K)->0K(166912K) From: 384K(94208K)->384K(88064K)
[236.286s][info][gc,heap        ] GC(1110) ParOldGen: 6043K(699392K)->6043K(699392K)
[236.286s][info][gc,metaspace   ] GC(1110) Metaspace: 16559K(16896K)->16559K(16896K) NonClass: 14228K(14400K)->14228K(14400K) Class: 2331K(2496K)->2331K(2496K)
[236.286s][info][gc             ] GC(1110) Pause Young (Allocation Failure) 169M->6M(932M) 0.552ms
[236.286s][info][gc,cpu         ] GC(1110) User=0.00s Sys=0.00s Real=0.00s
[236.320s][info][gc,start       ] GC(1111) Pause Young (Allocation Failure)
[236.320s][info][gc,heap        ] GC(1111) PSYoungGen: 167296K(254976K)->352K(272896K) Eden: 166912K(166912K)->0K(190976K) From: 384K(88064K)->352K(81920K)
[236.320s][info][gc,heap        ] GC(1111) ParOldGen: 6043K(699392K)->6043K(699392K)
[236.320s][info][gc,metaspace   ] GC(1111) Metaspace: 16559K(16896K)->16559K(16896K) NonClass: 14228K(14400K)->14228K(14400K) Class: 2331K(2496K)->2331K(2496K)
[236.320s][info][gc             ] GC(1111) Pause Young (Allocation Failure) 169M->6M(949M) 0.625ms
[236.320s][info][gc,cpu         ] GC(1111) User=0.00s Sys=0.00s Real=0.00s
[236.357s][info][gc,start       ] GC(1112) Pause Young (Allocation Failure)
[236.357s][info][gc,heap        ] GC(1112) PSYoungGen: 191328K(272896K)->384K(267264K) Eden: 190976K(190976K)->0K(190976K) From: 352K(81920K)->384K(76288K)
[236.357s][info][gc,heap        ] GC(1112) ParOldGen: 6043K(699392K)->6043K(699392K)
[236.357s][info][gc,metaspace   ] GC(1112) Metaspace: 16559K(16896K)->16559K(16896K) NonClass: 14228K(14400K)->14228K(14400K) Class: 2331K(2496K)->2331K(2496K)
[236.357s][info][gc             ] GC(1112) Pause Young (Allocation Failure) 192M->6M(944M) 0.488ms
[236.357s][info][gc,cpu         ] GC(1112) User=0.00s Sys=0.00s Real=0.00s
[236.392s][info][gc,start       ] GC(1113) Pause Young (Allocation Failure)
[236.393s][info][gc,heap        ] GC(1113) PSYoungGen: 191360K(267264K)->352K(283136K) Eden: 190976K(190976K)->0K(211968K) From: 384K(76288K)->352K(71168K)
[236.393s][info][gc,heap        ] GC(1113) ParOldGen: 6043K(699392K)->6043K(699392K)
[236.393s][info][gc,metaspace   ] GC(1113) Metaspace: 16559K(16896K)->16559K(16896K) NonClass: 14228K(14400K)->14228K(14400K) Class: 2331K(2496K)->2331K(2496K)
[236.393s][info][gc             ] GC(1113) Pause Young (Allocation Failure) 192M->6M(959M) 0.613ms
[236.393s][info][gc,cpu         ] GC(1113) User=0.00s Sys=0.00s Real=0.00s
[236.438s][info][gc,start       ] GC(1114) Pause Young (Allocation Failure)
[236.438s][info][gc,heap        ] GC(1114) PSYoungGen: 212320K(283136K)->288K(278016K) Eden: 211968K(211968K)->0K(211968K) From: 352K(71168K)->288K(66048K)
[236.438s][info][gc,heap        ] GC(1114) ParOldGen: 6043K(699392K)->6043K(699392K)
[236.438s][info][gc,metaspace   ] GC(1114) Metaspace: 16559K(16896K)->16559K(16896K) NonClass: 14228K(14400K)->14228K(14400K) Class: 2331K(2496K)->2331K(2496K)
[236.438s][info][gc             ] GC(1114) Pause Young (Allocation Failure) 213M->6M(954M) 0.577ms
[236.438s][info][gc,cpu         ] GC(1114) User=0.00s Sys=0.00s Real=0.00s
[236.481s][info][gc,start       ] GC(1115) Pause Young (Allocation Failure)
[236.482s][info][gc,heap        ] GC(1115) PSYoungGen: 212256K(278016K)->256K(292352K) Eden: 211968K(211968K)->0K(230912K) From: 288K(66048K)->256K(61440K)
[236.482s][info][gc,heap        ] GC(1115) ParOldGen: 6043K(699392K)->6043K(699392K)
[236.482s][info][gc,metaspace   ] GC(1115) Metaspace: 16559K(16896K)->16559K(16896K) NonClass: 14228K(14400K)->14228K(14400K) Class: 2331K(2496K)->2331K(2496K)
[236.482s][info][gc             ] GC(1115) Pause Young (Allocation Failure) 213M->6M(968M) 0.591ms
[236.482s][info][gc,cpu         ] GC(1115) User=0.00s Sys=0.00s Real=0.00s
[236.589s][info][gc,start       ] GC(1116) Pause Young (Allocation Failure)
[236.654s][info][gc,heap        ] GC(1116) PSYoungGen: 231168K(292352K)->56803K(287744K) Eden: 230912K(230912K)->0K(230912K) From: 256K(61440K)->56803K(56832K)
[236.654s][info][gc,heap        ] GC(1116) ParOldGen: 6043K(699392K)->63859K(699392K)
[236.654s][info][gc,metaspace   ] GC(1116) Metaspace: 16559K(16896K)->16559K(16896K) NonClass: 14228K(14400K)->14228K(14400K) Class: 2331K(2496K)->2331K(2496K)
[236.654s][info][gc             ] GC(1116) Pause Young (Allocation Failure) 231M->117M(964M) 64.442ms
[236.654s][info][gc,cpu         ] GC(1116) User=0.30s Sys=0.00s Real=0.06s
[236.835s][info][gc,start       ] GC(1117) Pause Young (Allocation Failure)
[236.974s][info][gc,heap        ] GC(1117) PSYoungGen: 287715K(287744K)->61411K(178176K) Eden: 230912K(230912K)->0K(116736K) From: 56803K(56832K)->61411K(61440K)
[236.974s][info][gc,heap        ] GC(1117) ParOldGen: 63859K(699392K)->216987K(699392K)
[236.974s][info][gc,metaspace   ] GC(1117) Metaspace: 16559K(16896K)->16559K(16896K) NonClass: 14228K(14400K)->14228K(14400K) Class: 2331K(2496K)->2331K(2496K)
[236.974s][info][gc             ] GC(1117) Pause Young (Allocation Failure) 343M->271M(857M) 138.531ms
[236.974s][info][gc,cpu         ] GC(1117) User=0.72s Sys=0.00s Real=0.14s
[237.076s][info][gc,start       ] GC(1118) Pause Young (Allocation Failure)
[237.160s][info][gc,heap        ] GC(1118) PSYoungGen: 178147K(178176K)->116195K(232960K) Eden: 116736K(116736K)->0K(116736K) From: 61411K(61440K)->116195K(116224K)
[237.160s][info][gc,heap        ] GC(1118) ParOldGen: 216987K(699392K)->242883K(699392K)
[237.160s][info][gc,metaspace   ] GC(1118) Metaspace: 16559K(16896K)->16559K(16896K) NonClass: 14228K(14400K)->14228K(14400K) Class: 2331K(2496K)->2331K(2496K)
[237.160s][info][gc             ] GC(1118) Pause Young (Allocation Failure) 385M->350M(910M) 83.902ms
[237.160s][info][gc,cpu         ] GC(1118) User=0.42s Sys=0.00s Real=0.08s
[237.260s][info][gc,start       ] GC(1119) Pause Young (Allocation Failure)
[237.378s][info][gc,heap        ] GC(1119) PSYoungGen: 232931K(232960K)->116195K(232960K) Eden: 116736K(116736K)->0K(116736K) From: 116195K(116224K)->116195K(116224K)
[237.378s][info][gc,heap        ] GC(1119) ParOldGen: 242883K(699392K)->323171K(699392K)
[237.378s][info][gc,metaspace   ] GC(1119) Metaspace: 16559K(16896K)->16559K(16896K) NonClass: 14228K(14400K)->14228K(14400K) Class: 2331K(2496K)->2331K(2496K)
[237.378s][info][gc             ] GC(1119) Pause Young (Allocation Failure) 464M->429M(910M) 118.266ms
[237.378s][info][gc,cpu         ] GC(1119) User=0.66s Sys=0.00s Real=0.12s
[240.899s][info][gc,start       ] GC(1120) Pause Young (Allocation Failure)
[241.022s][info][gc,heap        ] GC(1120) PSYoungGen: 232931K(232960K)->116210K(232960K) Eden: 116736K(116736K)->0K(116736K) From: 116195K(116224K)->116210K(116224K)
[241.022s][info][gc,heap        ] GC(1120) ParOldGen: 323171K(699392K)->333371K(699392K)
[241.022s][info][gc,metaspace   ] GC(1120) Metaspace: 16559K(16896K)->16559K(16896K) NonClass: 14228K(14400K)->14228K(14400K) Class: 2331K(2496K)->2331K(2496K)
[241.022s][info][gc             ] GC(1120) Pause Young (Allocation Failure) 543M->439M(910M) 122.913ms
[241.022s][info][gc,cpu         ] GC(1120) User=0.42s Sys=0.00s Real=0.12s
[241.081s][info][gc,start       ] GC(1121) Pause Young (Allocation Failure)
[241.200s][info][gc,heap        ] GC(1121) PSYoungGen: 232946K(232960K)->116210K(232960K) Eden: 116736K(116736K)->0K(116736K) From: 116210K(116224K)->116210K(116224K)
[241.200s][info][gc,heap        ] GC(1121) ParOldGen: 333371K(699392K)->384843K(699392K)
[241.200s][info][gc,metaspace   ] GC(1121) Metaspace: 16559K(16896K)->16559K(16896K) NonClass: 14228K(14400K)->14228K(14400K) Class: 2331K(2496K)->2331K(2496K)
[241.200s][info][gc             ] GC(1121) Pause Young (Allocation Failure) 553M->489M(910M) 119.369ms
[241.200s][info][gc,cpu         ] GC(1121) User=0.58s Sys=0.02s Real=0.12s
[241.279s][info][gc,start       ] GC(1122) Pause Young (Allocation Failure)
[241.402s][info][gc,heap        ] GC(1122) PSYoungGen: 232946K(232960K)->116224K(232960K) Eden: 116736K(116736K)->0K(116736K) From: 116210K(116224K)->116224K(116224K)
[241.402s][info][gc,heap        ] GC(1122) ParOldGen: 384843K(699392K)->433205K(699392K)
[241.402s][info][gc,metaspace   ] GC(1122) Metaspace: 16559K(16896K)->16559K(16896K) NonClass: 14228K(14400K)->14228K(14400K) Class: 2331K(2496K)->2331K(2496K)
[241.402s][info][gc             ] GC(1122) Pause Young (Allocation Failure) 603M->536M(910M) 122.248ms
[241.402s][info][gc,cpu         ] GC(1122) User=0.59s Sys=0.00s Real=0.12s
[241.492s][info][gc,start       ] GC(1123) Pause Young (Allocation Failure)
[241.599s][info][gc,heap        ] GC(1123) PSYoungGen: 232960K(232960K)->115040K(232960K) Eden: 116736K(116736K)->0K(116736K) From: 116224K(116224K)->115040K(116224K)
[241.603s][info][gc,heap        ] GC(1123) ParOldGen: 433205K(699392K)->484525K(699392K)
[241.603s][info][gc,metaspace   ] GC(1123) Metaspace: 16559K(16896K)->16559K(16896K) NonClass: 14228K(14400K)->14228K(14400K) Class: 2331K(2496K)->2331K(2496K)
[241.603s][info][gc             ] GC(1123) Pause Young (Allocation Failure) 650M->585M(910M) 111.183ms
[241.603s][info][gc,cpu         ] GC(1123) User=0.44s Sys=0.00s Real=0.11s
[241.680s][info][gc,start       ] GC(1124) Pause Young (Allocation Failure)
[241.772s][info][gc,heap        ] GC(1124) PSYoungGen: 231776K(232960K)->116224K(232960K) Eden: 116736K(116736K)->0K(116736K) From: 115040K(116224K)->116224K(116224K)
[241.772s][info][gc,heap        ] GC(1124) ParOldGen: 484525K(699392K)->531693K(699392K)
[241.772s][info][gc,metaspace   ] GC(1124) Metaspace: 16559K(16896K)->16559K(16896K) NonClass: 14228K(14400K)->14228K(14400K) Class: 2331K(2496K)->2331K(2496K)
[241.772s][info][gc             ] GC(1124) Pause Young (Allocation Failure) 699M->632M(910M) 91.626ms
[241.772s][info][gc,cpu         ] GC(1124) User=0.45s Sys=0.00s Real=0.08s
[241.854s][info][gc,start       ] GC(1125) Pause Young (Allocation Failure)
[241.941s][info][gc,heap        ] GC(1125) PSYoungGen: 232960K(232960K)->116224K(232960K) Eden: 116736K(116736K)->0K(116736K) From: 116224K(116224K)->116224K(116224K)
[241.941s][info][gc,heap        ] GC(1125) ParOldGen: 531693K(699392K)->582013K(699392K)
[241.941s][info][gc,metaspace   ] GC(1125) Metaspace: 16559K(16896K)->16559K(16896K) NonClass: 14228K(14400K)->14228K(14400K) Class: 2331K(2496K)->2331K(2496K)
[241.941s][info][gc             ] GC(1125) Pause Young (Allocation Failure) 746M->681M(910M) 87.553ms
[241.941s][info][gc,cpu         ] GC(1125) User=0.47s Sys=0.00s Real=0.08s
[242.011s][info][gc,start       ] GC(1126) Pause Young (Allocation Failure)
[242.104s][info][gc,heap        ] GC(1126) PSYoungGen: 232960K(232960K)->85344K(232960K) Eden: 116736K(116736K)->0K(116736K) From: 116224K(116224K)->85344K(116224K)
[242.105s][info][gc,heap        ] GC(1126) ParOldGen: 582013K(699392K)->663077K(699392K)
[242.105s][info][gc,metaspace   ] GC(1126) Metaspace: 16559K(16896K)->16559K(16896K) NonClass: 14228K(14400K)->14228K(14400K) Class: 2331K(2496K)->2331K(2496K)
[242.105s][info][gc             ] GC(1126) Pause Young (Allocation Failure) 795M->730M(910M) 93.559ms
[242.105s][info][gc,cpu         ] GC(1126) User=0.33s Sys=0.00s Real=0.09s
[242.192s][info][gc,start       ] GC(1127) Pause Full (Ergonomics)
[242.192s][info][gc,phases,start] GC(1127) Marking Phase
[242.322s][info][gc,phases      ] GC(1127) Marking Phase 130.135ms
[242.322s][info][gc,phases,start] GC(1127) Summary Phase
[242.322s][info][gc,phases      ] GC(1127) Summary Phase 0.030ms
[242.322s][info][gc,phases,start] GC(1127) Adjust Roots
[242.324s][info][gc,phases      ] GC(1127) Adjust Roots 2.036ms
[242.324s][info][gc,phases,start] GC(1127) Compaction Phase
[242.626s][info][gc,phases      ] GC(1127) Compaction Phase 301.352ms
[242.626s][info][gc,phases,start] GC(1127) Post Compact
[242.628s][info][gc,phases      ] GC(1127) Post Compact 2.327ms
[242.628s][info][gc,heap        ] GC(1127) PSYoungGen: 202080K(232960K)->0K(232960K) Eden: 116736K(116736K)->0K(116736K) From: 85344K(116224K)->0K(116224K)
[242.628s][info][gc,heap        ] GC(1127) ParOldGen: 663077K(699392K)->351537K(699392K)
[242.628s][info][gc,metaspace   ] GC(1127) Metaspace: 16559K(16896K)->16559K(16896K) NonClass: 14228K(14400K)->14228K(14400K) Class: 2331K(2496K)->2331K(2496K)
[242.628s][info][gc             ] GC(1127) Pause Full (Ergonomics) 844M->343M(910M) 436.293ms
[242.628s][info][gc,cpu         ] GC(1127) User=2.02s Sys=0.02s Real=0.44s
[242.707s][info][gc,start       ] GC(1128) Pause Young (Allocation Failure)
[242.733s][info][gc,heap        ] GC(1128) PSYoungGen: 116736K(232960K)->51072K(232960K) Eden: 116736K(116736K)->0K(116736K) From: 0K(116224K)->51072K(116224K)
[242.733s][info][gc,heap        ] GC(1128) ParOldGen: 351537K(699392K)->351537K(699392K)
[242.733s][info][gc,metaspace   ] GC(1128) Metaspace: 16559K(16896K)->16559K(16896K) NonClass: 14228K(14400K)->14228K(14400K) Class: 2331K(2496K)->2331K(2496K)
[242.733s][info][gc             ] GC(1128) Pause Young (Allocation Failure) 457M->393M(910M) 25.874ms
[242.733s][info][gc,cpu         ] GC(1128) User=0.03s Sys=0.00s Real=0.03s
[242.842s][info][gc,start       ] GC(1129) Pause Young (Allocation Failure)
[242.944s][info][gc,heap        ] GC(1129) PSYoungGen: 167808K(232960K)->78072K(232960K) Eden: 116736K(116736K)->0K(116736K) From: 51072K(116224K)->78072K(116224K)
[242.944s][info][gc,heap        ] GC(1129) ParOldGen: 351537K(699392K)->400049K(699392K)
[242.944s][info][gc,metaspace   ] GC(1129) Metaspace: 16559K(16896K)->16559K(16896K) NonClass: 14228K(14400K)->14228K(14400K) Class: 2331K(2496K)->2331K(2496K)
[242.944s][info][gc             ] GC(1129) Pause Young (Allocation Failure) 507M->466M(910M) 102.541ms
[242.944s][info][gc,cpu         ] GC(1129) User=0.42s Sys=0.02s Real=0.09s
[243.320s][info][gc,start       ] GC(1130) Pause Young (Allocation Failure)
[243.414s][info][gc,heap        ] GC(1130) PSYoungGen: 194808K(232960K)->12640K(232960K) Eden: 116736K(116736K)->0K(116736K) From: 78072K(116224K)->12640K(116224K)
[243.414s][info][gc,heap        ] GC(1130) ParOldGen: 400049K(699392K)->468705K(699392K)
[243.414s][info][gc,metaspace   ] GC(1130) Metaspace: 16559K(16896K)->16559K(16896K) NonClass: 14228K(14400K)->14228K(14400K) Class: 2331K(2496K)->2331K(2496K)
[243.414s][info][gc             ] GC(1130) Pause Young (Allocation Failure) 580M->470M(910M) 93.355ms
[243.414s][info][gc,cpu         ] GC(1130) User=0.41s Sys=0.00s Real=0.10s
[243.558s][info][gc,start       ] GC(1131) Pause Young (Allocation Failure)
[243.571s][info][gc,heap        ] GC(1131) PSYoungGen: 129376K(232960K)->3680K(232960K) Eden: 116736K(116736K)->0K(116736K) From: 12640K(116224K)->3680K(116224K)
[243.571s][info][gc,heap        ] GC(1131) ParOldGen: 468705K(699392K)->477753K(699392K)
[243.571s][info][gc,metaspace   ] GC(1131) Metaspace: 16559K(16896K)->16559K(16896K) NonClass: 14228K(14400K)->14228K(14400K) Class: 2331K(2496K)->2331K(2496K)
[243.571s][info][gc             ] GC(1131) Pause Young (Allocation Failure) 584M->470M(910M) 13.063ms
[243.571s][info][gc,cpu         ] GC(1131) User=0.02s Sys=0.00s Real=0.02s
[243.724s][info][gc,start       ] GC(1132) Pause Young (Allocation Failure)
[243.728s][info][gc,heap        ] GC(1132) PSYoungGen: 120416K(232960K)->2848K(232960K) Eden: 116736K(116736K)->0K(116736K) From: 3680K(116224K)->2848K(116224K)
[243.728s][info][gc,heap        ] GC(1132) ParOldGen: 477753K(699392K)->478009K(699392K)
[243.728s][info][gc,metaspace   ] GC(1132) Metaspace: 16559K(16896K)->16559K(16896K) NonClass: 14228K(14400K)->14228K(14400K) Class: 2331K(2496K)->2331K(2496K)
[243.728s][info][gc             ] GC(1132) Pause Young (Allocation Failure) 584M->469M(910M) 3.551ms
[243.728s][info][gc,cpu         ] GC(1132) User=0.00s Sys=0.00s Real=0.00s
[243.907s][info][gc,start       ] GC(1133) Pause Young (Allocation Failure)
[243.912s][info][gc,heap        ] GC(1133) PSYoungGen: 119584K(232960K)->1952K(232960K) Eden: 116736K(116736K)->0K(116736K) From: 2848K(116224K)->1952K(116224K)
[243.912s][info][gc,heap        ] GC(1133) ParOldGen: 478009K(699392K)->478081K(699392K)
[243.912s][info][gc,metaspace   ] GC(1133) Metaspace: 16559K(16896K)->16559K(16896K) NonClass: 14228K(14400K)->14228K(14400K) Class: 2331K(2496K)->2331K(2496K)
[243.912s][info][gc             ] GC(1133) Pause Young (Allocation Failure) 583M->468M(910M) 5.397ms
[243.912s][info][gc,cpu         ] GC(1133) User=0.00s Sys=0.00s Real=0.02s
[244.461s][info][gc,start       ] GC(1134) Pause Young (Allocation Failure)
[244.463s][info][gc,heap        ] GC(1134) PSYoungGen: 118688K(232960K)->2144K(232960K) Eden: 116736K(116736K)->0K(116736K) From: 1952K(116224K)->2144K(116224K)
[244.463s][info][gc,heap        ] GC(1134) ParOldGen: 478081K(699392K)->478081K(699392K)
[244.463s][info][gc,metaspace   ] GC(1134) Metaspace: 16559K(16896K)->16559K(16896K) NonClass: 14228K(14400K)->14228K(14400K) Class: 2331K(2496K)->2331K(2496K)
[244.463s][info][gc             ] GC(1134) Pause Young (Allocation Failure) 582M->468M(910M) 2.231ms
[244.463s][info][gc,cpu         ] GC(1134) User=0.00s Sys=0.00s Real=0.00s
[244.936s][info][gc,start       ] GC(1135) Pause Young (System.gc())
[244.937s][info][gc,heap        ] GC(1135) PSYoungGen: 50961K(232960K)->96K(232960K) Eden: 48817K(116736K)->0K(116736K) From: 2144K(116224K)->96K(116224K)
[244.937s][info][gc,heap        ] GC(1135) ParOldGen: 478081K(699392K)->478113K(699392K)
[244.937s][info][gc,metaspace   ] GC(1135) Metaspace: 16559K(16896K)->16559K(16896K) NonClass: 14228K(14400K)->14228K(14400K) Class: 2331K(2496K)->2331K(2496K)
[244.937s][info][gc             ] GC(1135) Pause Young (System.gc()) 516M->467M(910M) 0.999ms
[244.938s][info][gc,cpu         ] GC(1135) User=0.00s Sys=0.00s Real=0.00s
[244.938s][info][gc,start       ] GC(1136) Pause Full (System.gc())
[244.938s][info][gc,phases,start] GC(1136) Marking Phase
[244.944s][info][gc,phases      ] GC(1136) Marking Phase 6.173ms
[244.944s][info][gc,phases,start] GC(1136) Summary Phase
[244.944s][info][gc,phases      ] GC(1136) Summary Phase 0.014ms
[244.944s][info][gc,phases,start] GC(1136) Adjust Roots
[244.946s][info][gc,phases      ] GC(1136) Adjust Roots 1.869ms
[244.946s][info][gc,phases,start] GC(1136) Compaction Phase
[244.948s][info][gc,phases      ] GC(1136) Compaction Phase 1.925ms
[244.948s][info][gc,phases,start] GC(1136) Post Compact
[244.950s][info][gc,phases      ] GC(1136) Post Compact 1.925ms
[244.950s][info][gc,heap        ] GC(1136) PSYoungGen: 96K(232960K)->0K(232960K) Eden: 0K(116736K)->0K(116736K) From: 96K(116224K)->0K(116224K)
[244.950s][info][gc,heap        ] GC(1136) ParOldGen: 478113K(699392K)->5547K(699392K)
[244.950s][info][gc,metaspace   ] GC(1136) Metaspace: 16559K(16896K)->16559K(16896K) NonClass: 14228K(14400K)->14228K(14400K) Class: 2331K(2496K)->2331K(2496K)
[244.950s][info][gc             ] GC(1136) Pause Full (System.gc()) 467M->5M(910M) 12.211ms
[244.950s][info][gc,cpu         ] GC(1136) User=0.00s Sys=0.00s Real=0.02s
[246.736s][info][gc,start       ] GC(1137) Pause Young (Allocation Failure)
[246.736s][info][gc,heap        ] GC(1137) PSYoungGen: 116736K(232960K)->352K(232960K) Eden: 116736K(116736K)->0K(116736K) From: 0K(116224K)->352K(116224K)
[246.736s][info][gc,heap        ] GC(1137) ParOldGen: 5547K(699392K)->5547K(699392K)
[246.736s][info][gc,metaspace   ] GC(1137) Metaspace: 16560K(16896K)->16560K(16896K) NonClass: 14228K(14400K)->14228K(14400K) Class: 2331K(2496K)->2331K(2496K)
[246.736s][info][gc             ] GC(1137) Pause Young (Allocation Failure) 119M->5M(910M) 0.716ms
[246.737s][info][gc,cpu         ] GC(1137) User=0.00s Sys=0.00s Real=0.00s
[246.763s][info][gc,start       ] GC(1138) Pause Young (Allocation Failure)
[246.764s][info][gc,heap        ] GC(1138) PSYoungGen: 117088K(232960K)->320K(232960K) Eden: 116736K(116736K)->0K(116736K) From: 352K(116224K)->320K(116224K)
[246.764s][info][gc,heap        ] GC(1138) ParOldGen: 5547K(699392K)->5667K(699392K)
[246.764s][info][gc,metaspace   ] GC(1138) Metaspace: 16560K(16896K)->16560K(16896K) NonClass: 14228K(14400K)->14228K(14400K) Class: 2331K(2496K)->2331K(2496K)
[246.764s][info][gc             ] GC(1138) Pause Young (Allocation Failure) 119M->5M(910M) 0.684ms
[246.764s][info][gc,cpu         ] GC(1138) User=0.00s Sys=0.00s Real=0.00s
[246.791s][info][gc,start       ] GC(1139) Pause Young (Allocation Failure)
[246.791s][info][gc,heap        ] GC(1139) PSYoungGen: 117056K(232960K)->320K(232960K) Eden: 116736K(116736K)->0K(116736K) From: 320K(116224K)->320K(116224K)
[246.791s][info][gc,heap        ] GC(1139) ParOldGen: 5667K(699392K)->5707K(699392K)
[246.791s][info][gc,metaspace   ] GC(1139) Metaspace: 16560K(16896K)->16560K(16896K) NonClass: 14228K(14400K)->14228K(14400K) Class: 2331K(2496K)->2331K(2496K)
[246.791s][info][gc             ] GC(1139) Pause Young (Allocation Failure) 119M->5M(910M) 0.599ms
[246.791s][info][gc,cpu         ] GC(1139) User=0.00s Sys=0.00s Real=0.00s
[246.826s][info][gc,start       ] GC(1140) Pause Young (Allocation Failure)
[246.826s][info][gc,heap        ] GC(1140) PSYoungGen: 117056K(232960K)->320K(232960K) Eden: 116736K(116736K)->0K(116736K) From: 320K(116224K)->320K(116224K)
[246.826s][info][gc,heap        ] GC(1140) ParOldGen: 5707K(699392K)->5747K(699392K)
[246.826s][info][gc,metaspace   ] GC(1140) Metaspace: 16560K(16896K)->16560K(16896K) NonClass: 14228K(14400K)->14228K(14400K) Class: 2331K(2496K)->2331K(2496K)
[246.826s][info][gc             ] GC(1140) Pause Young (Allocation Failure) 119M->5M(910M) 0.787ms
[246.826s][info][gc,cpu         ] GC(1140) User=0.00s Sys=0.00s Real=0.00s
[246.853s][info][gc,start       ] GC(1141) Pause Young (Allocation Failure)
[246.853s][info][gc,heap        ] GC(1141) PSYoungGen: 117056K(232960K)->256K(232960K) Eden: 116736K(116736K)->0K(116736K) From: 320K(116224K)->256K(116224K)
[246.853s][info][gc,heap        ] GC(1141) ParOldGen: 5747K(699392K)->5811K(699392K)
[246.853s][info][gc,metaspace   ] GC(1141) Metaspace: 16560K(16896K)->16560K(16896K) NonClass: 14228K(14400K)->14228K(14400K) Class: 2331K(2496K)->2331K(2496K)
[246.853s][info][gc             ] GC(1141) Pause Young (Allocation Failure) 119M->5M(910M) 0.591ms
[246.853s][info][gc,cpu         ] GC(1141) User=0.00s Sys=0.00s Real=0.00s
[246.878s][info][gc,start       ] GC(1142) Pause Young (Allocation Failure)
[246.879s][info][gc,heap        ] GC(1142) PSYoungGen: 116992K(232960K)->288K(232960K) Eden: 116736K(116736K)->0K(116736K) From: 256K(116224K)->288K(116224K)
[246.879s][info][gc,heap        ] GC(1142) ParOldGen: 5811K(699392K)->5859K(699392K)
[246.879s][info][gc,metaspace   ] GC(1142) Metaspace: 16560K(16896K)->16560K(16896K) NonClass: 14228K(14400K)->14228K(14400K) Class: 2331K(2496K)->2331K(2496K)
[246.879s][info][gc             ] GC(1142) Pause Young (Allocation Failure) 119M->6M(910M) 0.553ms
[246.879s][info][gc,cpu         ] GC(1142) User=0.00s Sys=0.00s Real=0.00s
[246.903s][info][gc,start       ] GC(1143) Pause Young (Allocation Failure)
[246.904s][info][gc,heap        ] GC(1143) PSYoungGen: 117024K(232960K)->288K(232960K) Eden: 116736K(116736K)->0K(116736K) From: 288K(116224K)->288K(116224K)
[246.904s][info][gc,heap        ] GC(1143) ParOldGen: 5859K(699392K)->5899K(699392K)
[246.904s][info][gc,metaspace   ] GC(1143) Metaspace: 16560K(16896K)->16560K(16896K) NonClass: 14228K(14400K)->14228K(14400K) Class: 2331K(2496K)->2331K(2496K)
[246.904s][info][gc             ] GC(1143) Pause Young (Allocation Failure) 120M->6M(910M) 0.654ms
[246.904s][info][gc,cpu         ] GC(1143) User=0.00s Sys=0.00s Real=0.00s
[246.933s][info][gc,start       ] GC(1144) Pause Young (Allocation Failure)
[246.933s][info][gc,heap        ] GC(1144) PSYoungGen: 117024K(232960K)->352K(232960K) Eden: 116736K(116736K)->0K(116736K) From: 288K(116224K)->352K(116224K)
[246.933s][info][gc,heap        ] GC(1144) ParOldGen: 5899K(699392K)->5939K(699392K)
[246.933s][info][gc,metaspace   ] GC(1144) Metaspace: 16560K(16896K)->16560K(16896K) NonClass: 14228K(14400K)->14228K(14400K) Class: 2331K(2496K)->2331K(2496K)
[246.933s][info][gc             ] GC(1144) Pause Young (Allocation Failure) 120M->6M(910M) 0.613ms
[246.933s][info][gc,cpu         ] GC(1144) User=0.00s Sys=0.00s Real=0.00s
[246.961s][info][gc,start       ] GC(1145) Pause Young (Allocation Failure)
[246.962s][info][gc,heap        ] GC(1145) PSYoungGen: 117088K(232960K)->320K(232960K) Eden: 116736K(116736K)->0K(116736K) From: 352K(116224K)->320K(116224K)
[246.962s][info][gc,heap        ] GC(1145) ParOldGen: 5939K(699392K)->5995K(699392K)
[246.962s][info][gc,metaspace   ] GC(1145) Metaspace: 16560K(16896K)->16560K(16896K) NonClass: 14228K(14400K)->14228K(14400K) Class: 2331K(2496K)->2331K(2496K)
[246.962s][info][gc             ] GC(1145) Pause Young (Allocation Failure) 120M->6M(910M) 0.635ms
[246.962s][info][gc,cpu         ] GC(1145) User=0.00s Sys=0.00s Real=0.00s
[246.997s][info][gc,start       ] GC(1146) Pause Young (Allocation Failure)
[246.998s][info][gc,heap        ] GC(1146) PSYoungGen: 117056K(232960K)->320K(232960K) Eden: 116736K(116736K)->0K(116736K) From: 320K(116224K)->320K(116224K)
[246.998s][info][gc,heap        ] GC(1146) ParOldGen: 5995K(699392K)->6035K(699392K)
[246.998s][info][gc,metaspace   ] GC(1146) Metaspace: 16560K(16896K)->16560K(16896K) NonClass: 14228K(14400K)->14228K(14400K) Class: 2331K(2496K)->2331K(2496K)
[246.998s][info][gc             ] GC(1146) Pause Young (Allocation Failure) 120M->6M(910M) 0.985ms
[246.998s][info][gc,cpu         ] GC(1146) User=0.02s Sys=0.00s Real=0.00s
[247.042s][info][gc,start       ] GC(1147) Pause Young (Allocation Failure)
[247.042s][info][gc,heap        ] GC(1147) PSYoungGen: 117056K(232960K)->320K(232960K) Eden: 116736K(116736K)->0K(116736K) From: 320K(116224K)->320K(116224K)
[247.042s][info][gc,heap        ] GC(1147) ParOldGen: 6035K(699392K)->6075K(699392K)
[247.042s][info][gc,metaspace   ] GC(1147) Metaspace: 16560K(16896K)->16560K(16896K) NonClass: 14228K(14400K)->14228K(14400K) Class: 2331K(2496K)->2331K(2496K)
[247.042s][info][gc             ] GC(1147) Pause Young (Allocation Failure) 120M->6M(910M) 0.939ms
[247.043s][info][gc,cpu         ] GC(1147) User=0.00s Sys=0.00s Real=0.00s
[247.081s][info][gc,start       ] GC(1148) Pause Young (Allocation Failure)
[247.082s][info][gc,heap        ] GC(1148) PSYoungGen: 117056K(232960K)->320K(233984K) Eden: 116736K(116736K)->0K(117760K) From: 320K(116224K)->320K(116224K)
[247.082s][info][gc,heap        ] GC(1148) ParOldGen: 6075K(699392K)->6139K(699392K)
[247.082s][info][gc,metaspace   ] GC(1148) Metaspace: 16560K(16896K)->16560K(16896K) NonClass: 14228K(14400K)->14228K(14400K) Class: 2331K(2496K)->2331K(2496K)
[247.082s][info][gc             ] GC(1148) Pause Young (Allocation Failure) 120M->6M(911M) 0.759ms
[247.082s][info][gc,cpu         ] GC(1148) User=0.00s Sys=0.00s Real=0.00s
[247.118s][info][gc,start       ] GC(1149) Pause Young (Allocation Failure)
[247.119s][info][gc,heap        ] GC(1149) PSYoungGen: 118080K(233984K)->320K(232960K) Eden: 117760K(117760K)->0K(117760K) From: 320K(116224K)->320K(115200K)
[247.119s][info][gc,heap        ] GC(1149) ParOldGen: 6139K(699392K)->6139K(699392K)
[247.119s][info][gc,metaspace   ] GC(1149) Metaspace: 16560K(16896K)->16560K(16896K) NonClass: 14228K(14400K)->14228K(14400K) Class: 2331K(2496K)->2331K(2496K)
[247.119s][info][gc             ] GC(1149) Pause Young (Allocation Failure) 121M->6M(910M) 0.715ms
[247.119s][info][gc,cpu         ] GC(1149) User=0.00s Sys=0.00s Real=0.00s
[247.150s][info][gc,start       ] GC(1150) Pause Young (Allocation Failure)
[247.150s][info][gc,heap        ] GC(1150) PSYoungGen: 118080K(232960K)->352K(248320K) Eden: 117760K(117760K)->0K(140288K) From: 320K(115200K)->352K(108032K)
[247.150s][info][gc,heap        ] GC(1150) ParOldGen: 6139K(699392K)->6139K(699392K)
[247.150s][info][gc,metaspace   ] GC(1150) Metaspace: 16560K(16896K)->16560K(16896K) NonClass: 14228K(14400K)->14228K(14400K) Class: 2331K(2496K)->2331K(2496K)
[247.150s][info][gc             ] GC(1150) Pause Young (Allocation Failure) 121M->6M(925M) 0.611ms
[247.150s][info][gc,cpu         ] GC(1150) User=0.00s Sys=0.00s Real=0.00s
[247.181s][info][gc,start       ] GC(1151) Pause Young (Allocation Failure)
[247.182s][info][gc,heap        ] GC(1151) PSYoungGen: 140640K(248320K)->352K(241152K) Eden: 140288K(140288K)->0K(140288K) From: 352K(108032K)->352K(100864K)
[247.182s][info][gc,heap        ] GC(1151) ParOldGen: 6139K(699392K)->6139K(699392K)
[247.182s][info][gc,metaspace   ] GC(1151) Metaspace: 16560K(16896K)->16560K(16896K) NonClass: 14228K(14400K)->14228K(14400K) Class: 2331K(2496K)->2331K(2496K)
[247.182s][info][gc             ] GC(1151) Pause Young (Allocation Failure) 143M->6M(918M) 0.661ms
[247.182s][info][gc,cpu         ] GC(1151) User=0.00s Sys=0.00s Real=0.00s
[247.215s][info][gc,start       ] GC(1152) Pause Young (Allocation Failure)
[247.216s][info][gc,heap        ] GC(1152) PSYoungGen: 140640K(241152K)->352K(261632K) Eden: 140288K(140288K)->0K(167936K) From: 352K(100864K)->352K(93696K)
[247.216s][info][gc,heap        ] GC(1152) ParOldGen: 6139K(699392K)->6139K(699392K)
[247.216s][info][gc,metaspace   ] GC(1152) Metaspace: 16560K(16896K)->16560K(16896K) NonClass: 14228K(14400K)->14228K(14400K) Class: 2331K(2496K)->2331K(2496K)
[247.216s][info][gc             ] GC(1152) Pause Young (Allocation Failure) 143M->6M(938M) 0.639ms
[247.216s][info][gc,cpu         ] GC(1152) User=0.00s Sys=0.00s Real=0.00s
[247.253s][info][gc,start       ] GC(1153) Pause Young (Allocation Failure)
[247.254s][info][gc,heap        ] GC(1153) PSYoungGen: 168288K(261632K)->352K(255488K) Eden: 167936K(167936K)->0K(167936K) From: 352K(93696K)->352K(87552K)
[247.254s][info][gc,heap        ] GC(1153) ParOldGen: 6139K(699392K)->6139K(699392K)
[247.254s][info][gc,metaspace   ] GC(1153) Metaspace: 16560K(16896K)->16560K(16896K) NonClass: 14228K(14400K)->14228K(14400K) Class: 2331K(2496K)->2331K(2496K)
[247.254s][info][gc             ] GC(1153) Pause Young (Allocation Failure) 170M->6M(932M) 0.838ms
[247.254s][info][gc,cpu         ] GC(1153) User=0.00s Sys=0.00s Real=0.00s
[247.297s][info][gc,start       ] GC(1154) Pause Young (Allocation Failure)
[247.297s][info][gc,heap        ] GC(1154) PSYoungGen: 168288K(255488K)->352K(273408K) Eden: 167936K(167936K)->0K(192000K) From: 352K(87552K)->352K(81408K)
[247.297s][info][gc,heap        ] GC(1154) ParOldGen: 6139K(699392K)->6139K(699392K)
[247.298s][info][gc,metaspace   ] GC(1154) Metaspace: 16560K(16896K)->16560K(16896K) NonClass: 14228K(14400K)->14228K(14400K) Class: 2331K(2496K)->2331K(2496K)
[247.298s][info][gc             ] GC(1154) Pause Young (Allocation Failure) 170M->6M(950M) 0.689ms
[247.298s][info][gc,cpu         ] GC(1154) User=0.00s Sys=0.00s Real=0.00s
[247.348s][info][gc,start       ] GC(1155) Pause Young (Allocation Failure)
[247.348s][info][gc,heap        ] GC(1155) PSYoungGen: 192352K(273408K)->320K(267776K) Eden: 192000K(192000K)->0K(192000K) From: 352K(81408K)->320K(75776K)
[247.348s][info][gc,heap        ] GC(1155) ParOldGen: 6139K(699392K)->6139K(699392K)
[247.348s][info][gc,metaspace   ] GC(1155) Metaspace: 16560K(16896K)->16560K(16896K) NonClass: 14228K(14400K)->14228K(14400K) Class: 2331K(2496K)->2331K(2496K)
[247.348s][info][gc             ] GC(1155) Pause Young (Allocation Failure) 193M->6M(944M) 0.670ms
[247.348s][info][gc,cpu         ] GC(1155) User=0.00s Sys=0.00s Real=0.00s
[247.425s][info][gc,start       ] GC(1156) Pause Young (Allocation Failure)
[247.426s][info][gc,heap        ] GC(1156) PSYoungGen: 192320K(267776K)->416K(284160K) Eden: 192000K(192000K)->0K(214016K) From: 320K(75776K)->416K(70144K)
[247.426s][info][gc,heap        ] GC(1156) ParOldGen: 6139K(699392K)->6139K(699392K)
[247.426s][info][gc,metaspace   ] GC(1156) Metaspace: 16560K(16896K)->16560K(16896K) NonClass: 14228K(14400K)->14228K(14400K) Class: 2331K(2496K)->2331K(2496K)
[247.426s][info][gc             ] GC(1156) Pause Young (Allocation Failure) 193M->6M(960M) 0.691ms
[247.426s][info][gc,cpu         ] GC(1156) User=0.00s Sys=0.00s Real=0.00s
[247.477s][info][gc,start       ] GC(1157) Pause Young (Allocation Failure)
[247.477s][info][gc,heap        ] GC(1157) PSYoungGen: 214432K(284160K)->352K(279040K) Eden: 214016K(214016K)->0K(214016K) From: 416K(70144K)->352K(65024K)
[247.477s][info][gc,heap        ] GC(1157) ParOldGen: 6139K(699392K)->6139K(699392K)
[247.477s][info][gc,metaspace   ] GC(1157) Metaspace: 16560K(16896K)->16560K(16896K) NonClass: 14228K(14400K)->14228K(14400K) Class: 2331K(2496K)->2331K(2496K)
[247.477s][info][gc             ] GC(1157) Pause Young (Allocation Failure) 215M->6M(955M) 0.592ms
[247.477s][info][gc,cpu         ] GC(1157) User=0.00s Sys=0.00s Real=0.00s
[247.587s][info][gc,start       ] GC(1158) Pause Young (Allocation Failure)
[247.671s][info][gc,heap        ] GC(1158) PSYoungGen: 214368K(279040K)->60402K(215040K) Eden: 214016K(214016K)->0K(154624K) From: 352K(65024K)->60402K(60416K)
[247.671s][info][gc,heap        ] GC(1158) ParOldGen: 6139K(699392K)->66427K(699392K)
[247.671s][info][gc,metaspace   ] GC(1158) Metaspace: 16560K(16896K)->16560K(16896K) NonClass: 14228K(14400K)->14228K(14400K) Class: 2331K(2496K)->2331K(2496K)
[247.671s][info][gc             ] GC(1158) Pause Young (Allocation Failure) 215M->123M(893M) 83.258ms
[247.671s][info][gc,cpu         ] GC(1158) User=0.45s Sys=0.00s Real=0.09s
[247.803s][info][gc,start       ] GC(1159) Pause Young (Allocation Failure)
[247.919s][info][gc,heap        ] GC(1159) PSYoungGen: 215026K(215040K)->97266K(251904K) Eden: 154624K(154624K)->0K(154624K) From: 60402K(60416K)->97266K(97280K)
[247.919s][info][gc,heap        ] GC(1159) ParOldGen: 66427K(699392K)->135227K(699392K)
[247.919s][info][gc,metaspace   ] GC(1159) Metaspace: 16560K(16896K)->16560K(16896K) NonClass: 14228K(14400K)->14228K(14400K) Class: 2331K(2496K)->2331K(2496K)
[247.919s][info][gc             ] GC(1159) Pause Young (Allocation Failure) 274M->227M(929M) 116.056ms
[247.919s][info][gc,cpu         ] GC(1159) User=0.58s Sys=0.00s Real=0.11s
[248.098s][info][gc,start       ] GC(1160) Pause Young (Allocation Failure)
[248.231s][info][gc,heap        ] GC(1160) PSYoungGen: 251890K(251904K)->97266K(214016K) Eden: 154624K(154624K)->0K(116736K) From: 97266K(97280K)->97266K(97280K)
[248.232s][info][gc,heap        ] GC(1160) ParOldGen: 135227K(699392K)->242131K(699392K)
[248.232s][info][gc,metaspace   ] GC(1160) Metaspace: 16560K(16896K)->16560K(16896K) NonClass: 14228K(14400K)->14228K(14400K) Class: 2331K(2496K)->2331K(2496K)
[248.232s][info][gc             ] GC(1160) Pause Young (Allocation Failure) 378M->331M(892M) 133.263ms
[248.232s][info][gc,cpu         ] GC(1160) User=0.70s Sys=0.00s Real=0.14s
[248.344s][info][gc,start       ] GC(1161) Pause Young (Allocation Failure)
[248.474s][info][gc,heap        ] GC(1161) PSYoungGen: 214002K(214016K)->116195K(232960K) Eden: 116736K(116736K)->0K(116736K) From: 97266K(97280K)->116195K(116224K)
[248.474s][info][gc,heap        ] GC(1161) ParOldGen: 242131K(699392K)->304979K(699392K)
[248.474s][info][gc,metaspace   ] GC(1161) Metaspace: 16560K(16896K)->16560K(16896K) NonClass: 14228K(14400K)->14228K(14400K) Class: 2331K(2496K)->2331K(2496K)
[248.474s][info][gc             ] GC(1161) Pause Young (Allocation Failure) 445M->411M(910M) 129.809ms
[248.474s][info][gc,cpu         ] GC(1161) User=0.64s Sys=0.00s Real=0.13s
[248.744s][info][gc,start       ] GC(1162) Pause Young (Allocation Failure)
[248.857s][info][gc,heap        ] GC(1162) PSYoungGen: 232931K(232960K)->116210K(232960K) Eden: 116736K(116736K)->0K(116736K) From: 116195K(116224K)->116210K(116224K)
[248.857s][info][gc,heap        ] GC(1162) ParOldGen: 304979K(699392K)->330020K(699392K)
[248.857s][info][gc,metaspace   ] GC(1162) Metaspace: 16560K(16896K)->16560K(16896K) NonClass: 14228K(14400K)->14228K(14400K) Class: 2331K(2496K)->2331K(2496K)
[248.857s][info][gc             ] GC(1162) Pause Young (Allocation Failure) 525M->435M(910M) 112.226ms
[248.857s][info][gc,cpu         ] GC(1162) User=0.53s Sys=0.00s Real=0.11s
[251.374s][info][gc,start       ] GC(1163) Pause Young (Allocation Failure)
[251.493s][info][gc,heap        ] GC(1163) PSYoungGen: 232946K(232960K)->116195K(232960K) Eden: 116736K(116736K)->0K(116736K) From: 116210K(116224K)->116195K(116224K)
[251.493s][info][gc,heap        ] GC(1163) ParOldGen: 330020K(699392K)->373964K(699392K)
[251.493s][info][gc,metaspace   ] GC(1163) Metaspace: 16560K(16896K)->16560K(16896K) NonClass: 14229K(14400K)->14229K(14400K) Class: 2331K(2496K)->2331K(2496K)
[251.493s][info][gc             ] GC(1163) Pause Young (Allocation Failure) 549M->478M(910M) 118.565ms
[251.493s][info][gc,cpu         ] GC(1163) User=0.56s Sys=0.00s Real=0.13s
[251.568s][info][gc,start       ] GC(1164) Pause Young (Allocation Failure)
[251.679s][info][gc,heap        ] GC(1164) PSYoungGen: 232931K(232960K)->114816K(232960K) Eden: 116736K(116736K)->0K(116736K) From: 116195K(116224K)->114816K(116224K)
[251.679s][info][gc,heap        ] GC(1164) ParOldGen: 373964K(699392K)->425039K(699392K)
[251.679s][info][gc,metaspace   ] GC(1164) Metaspace: 16560K(16896K)->16560K(16896K) NonClass: 14229K(14400K)->14229K(14400K) Class: 2331K(2496K)->2331K(2496K)
[251.679s][info][gc             ] GC(1164) Pause Young (Allocation Failure) 592M->527M(910M) 110.419ms
[251.679s][info][gc,cpu         ] GC(1164) User=0.50s Sys=0.00s Real=0.11s
[251.742s][info][gc,start       ] GC(1165) Pause Young (Allocation Failure)
[251.836s][info][gc,heap        ] GC(1165) PSYoungGen: 231552K(232960K)->116224K(232960K) Eden: 116736K(116736K)->0K(116736K) From: 114816K(116224K)->116224K(116224K)
[251.836s][info][gc,heap        ] GC(1165) ParOldGen: 425039K(699392K)->472287K(699392K)
[251.837s][info][gc,metaspace   ] GC(1165) Metaspace: 16560K(16896K)->16560K(16896K) NonClass: 14229K(14400K)->14229K(14400K) Class: 2331K(2496K)->2331K(2496K)
[251.837s][info][gc             ] GC(1165) Pause Young (Allocation Failure) 641M->574M(910M) 94.631ms
[251.837s][info][gc,cpu         ] GC(1165) User=0.28s Sys=0.00s Real=0.09s
[251.905s][info][gc,start       ] GC(1166) Pause Young (Allocation Failure)
[252.016s][info][gc,heap        ] GC(1166) PSYoungGen: 232960K(232960K)->116224K(232960K) Eden: 116736K(116736K)->0K(116736K) From: 116224K(116224K)->116224K(116224K)
[252.016s][info][gc,heap        ] GC(1166) ParOldGen: 472287K(699392K)->521999K(699392K)
[252.016s][info][gc,metaspace   ] GC(1166) Metaspace: 16560K(16896K)->16560K(16896K) NonClass: 14229K(14400K)->14229K(14400K) Class: 2331K(2496K)->2331K(2496K)
[252.016s][info][gc             ] GC(1166) Pause Young (Allocation Failure) 688M->623M(910M) 111.622ms
[252.016s][info][gc,cpu         ] GC(1166) User=0.48s Sys=0.00s Real=0.11s
[252.082s][info][gc,start       ] GC(1167) Pause Young (Allocation Failure)
[252.172s][info][gc,heap        ] GC(1167) PSYoungGen: 232960K(232960K)->86912K(232960K) Eden: 116736K(116736K)->0K(116736K) From: 116224K(116224K)->86912K(116224K)
[252.172s][info][gc,heap        ] GC(1167) ParOldGen: 521999K(699392K)->601815K(699392K)
[252.172s][info][gc,metaspace   ] GC(1167) Metaspace: 16560K(16896K)->16560K(16896K) NonClass: 14229K(14400K)->14229K(14400K) Class: 2331K(2496K)->2331K(2496K)
[252.172s][info][gc             ] GC(1167) Pause Young (Allocation Failure) 737M->672M(910M) 90.465ms
[252.172s][info][gc,cpu         ] GC(1167) User=0.47s Sys=0.00s Real=0.09s
[252.235s][info][gc,start       ] GC(1168) Pause Full (Ergonomics)
[252.235s][info][gc,phases,start] GC(1168) Marking Phase
[252.325s][info][gc,phases      ] GC(1168) Marking Phase 90.637ms
[252.325s][info][gc,phases,start] GC(1168) Summary Phase
[252.325s][info][gc,phases      ] GC(1168) Summary Phase 0.024ms
[252.325s][info][gc,phases,start] GC(1168) Adjust Roots
[252.327s][info][gc,phases      ] GC(1168) Adjust Roots 1.883ms
[252.327s][info][gc,phases,start] GC(1168) Compaction Phase
[252.552s][info][gc,phases      ] GC(1168) Compaction Phase 224.598ms
[252.552s][info][gc,phases,start] GC(1168) Post Compact
[252.554s][info][gc,phases      ] GC(1168) Post Compact 2.514ms
[252.555s][info][gc,heap        ] GC(1168) PSYoungGen: 203648K(232960K)->0K(232960K) Eden: 116736K(116736K)->0K(116736K) From: 86912K(116224K)->0K(116224K)
[252.555s][info][gc,heap        ] GC(1168) ParOldGen: 601815K(699392K)->291876K(699392K)
[252.555s][info][gc,metaspace   ] GC(1168) Metaspace: 16560K(16896K)->16560K(16896K) NonClass: 14229K(14400K)->14229K(14400K) Class: 2331K(2496K)->2331K(2496K)
[252.555s][info][gc             ] GC(1168) Pause Full (Ergonomics) 786M->285M(910M) 320.040ms
[252.555s][info][gc,cpu         ] GC(1168) User=1.66s Sys=0.00s Real=0.33s
[252.625s][info][gc,start       ] GC(1169) Pause Young (Allocation Failure)
[252.652s][info][gc,heap        ] GC(1169) PSYoungGen: 116736K(232960K)->50976K(232960K) Eden: 116736K(116736K)->0K(116736K) From: 0K(116224K)->50976K(116224K)
[252.652s][info][gc,heap        ] GC(1169) ParOldGen: 291876K(699392K)->291876K(699392K)
[252.652s][info][gc,metaspace   ] GC(1169) Metaspace: 16560K(16896K)->16560K(16896K) NonClass: 14229K(14400K)->14229K(14400K) Class: 2331K(2496K)->2331K(2496K)
[252.652s][info][gc             ] GC(1169) Pause Young (Allocation Failure) 399M->334M(910M) 26.523ms
[252.652s][info][gc,cpu         ] GC(1169) User=0.05s Sys=0.00s Real=0.03s
[252.718s][info][gc,start       ] GC(1170) Pause Young (Allocation Failure)
[252.763s][info][gc,heap        ] GC(1170) PSYoungGen: 167712K(232960K)->50976K(232960K) Eden: 116736K(116736K)->0K(116736K) From: 50976K(116224K)->50976K(116224K)
[252.763s][info][gc,heap        ] GC(1170) ParOldGen: 291876K(699392K)->339916K(699392K)
[252.763s][info][gc,metaspace   ] GC(1170) Metaspace: 16560K(16896K)->16560K(16896K) NonClass: 14229K(14400K)->14229K(14400K) Class: 2331K(2496K)->2331K(2496K)
[252.763s][info][gc             ] GC(1170) Pause Young (Allocation Failure) 448M->381M(910M) 45.809ms
[252.763s][info][gc,cpu         ] GC(1170) User=0.08s Sys=0.00s Real=0.05s
[252.854s][info][gc,start       ] GC(1171) Pause Young (Allocation Failure)
[252.919s][info][gc,heap        ] GC(1171) PSYoungGen: 167712K(232960K)->72714K(232960K) Eden: 116736K(116736K)->0K(116736K) From: 50976K(116224K)->72714K(116224K)
[252.919s][info][gc,heap        ] GC(1171) ParOldGen: 339916K(699392K)->388044K(699392K)
[252.919s][info][gc,metaspace   ] GC(1171) Metaspace: 16560K(16896K)->16560K(16896K) NonClass: 14229K(14400K)->14229K(14400K) Class: 2331K(2496K)->2331K(2496K)
[252.919s][info][gc             ] GC(1171) Pause Young (Allocation Failure) 495M->449M(910M) 65.118ms
[252.919s][info][gc,cpu         ] GC(1171) User=0.28s Sys=0.00s Real=0.07s
[253.272s][info][gc,start       ] GC(1172) Pause Young (Allocation Failure)
[253.372s][info][gc,heap        ] GC(1172) PSYoungGen: 189450K(232960K)->34176K(232960K) Eden: 116736K(116736K)->0K(116736K) From: 72714K(116224K)->34176K(116224K)
[253.373s][info][gc,heap        ] GC(1172) ParOldGen: 388044K(699392K)->441687K(699392K)
[253.373s][info][gc,metaspace   ] GC(1172) Metaspace: 16560K(16896K)->16560K(16896K) NonClass: 14229K(14400K)->14229K(14400K) Class: 2331K(2496K)->2331K(2496K)
[253.373s][info][gc             ] GC(1172) Pause Young (Allocation Failure) 563M->464M(910M) 100.181ms
[253.373s][info][gc,cpu         ] GC(1172) User=0.36s Sys=0.00s Real=0.09s
[253.521s][info][gc,start       ] GC(1173) Pause Young (Allocation Failure)
[253.567s][info][gc,heap        ] GC(1173) PSYoungGen: 150912K(232960K)->3776K(232960K) Eden: 116736K(116736K)->0K(116736K) From: 34176K(116224K)->3776K(116224K)
[253.567s][info][gc,heap        ] GC(1173) ParOldGen: 441687K(699392K)->472199K(699392K)
[253.567s][info][gc,metaspace   ] GC(1173) Metaspace: 16560K(16896K)->16560K(16896K) NonClass: 14229K(14400K)->14229K(14400K) Class: 2331K(2496K)->2331K(2496K)
[253.567s][info][gc             ] GC(1173) Pause Young (Allocation Failure) 578M->464M(910M) 46.114ms
[253.567s][info][gc,cpu         ] GC(1173) User=0.19s Sys=0.00s Real=0.05s
[253.713s][info][gc,start       ] GC(1174) Pause Young (Allocation Failure)
[253.716s][info][gc,heap        ] GC(1174) PSYoungGen: 120512K(232960K)->3104K(232960K) Eden: 116736K(116736K)->0K(116736K) From: 3776K(116224K)->3104K(116224K)
[253.717s][info][gc,heap        ] GC(1174) ParOldGen: 472199K(699392K)->472519K(699392K)
[253.717s][info][gc,metaspace   ] GC(1174) Metaspace: 16560K(16896K)->16560K(16896K) NonClass: 14229K(14400K)->14229K(14400K) Class: 2331K(2496K)->2331K(2496K)
[253.717s][info][gc             ] GC(1174) Pause Young (Allocation Failure) 578M->464M(910M) 3.201ms
[253.717s][info][gc,cpu         ] GC(1174) User=0.00s Sys=0.00s Real=0.00s
[253.852s][info][gc,start       ] GC(1175) Pause Young (Allocation Failure)
[253.854s][info][gc,heap        ] GC(1175) PSYoungGen: 119840K(232960K)->2272K(232960K) Eden: 116736K(116736K)->0K(116736K) From: 3104K(116224K)->2272K(116224K)
[253.854s][info][gc,heap        ] GC(1175) ParOldGen: 472519K(699392K)->472623K(699392K)
[253.854s][info][gc,metaspace   ] GC(1175) Metaspace: 16560K(16896K)->16560K(16896K) NonClass: 14229K(14400K)->14229K(14400K) Class: 2331K(2496K)->2331K(2496K)
[253.854s][info][gc             ] GC(1175) Pause Young (Allocation Failure) 578M->463M(910M) 2.217ms
[253.854s][info][gc,cpu         ] GC(1175) User=0.00s Sys=0.00s Real=0.00s
[254.116s][info][gc,start       ] GC(1176) Pause Young (Allocation Failure)
[254.118s][info][gc,heap        ] GC(1176) PSYoungGen: 119008K(232960K)->2144K(232960K) Eden: 116736K(116736K)->0K(116736K) From: 2272K(116224K)->2144K(116224K)
[254.118s][info][gc,heap        ] GC(1176) ParOldGen: 472623K(699392K)->472623K(699392K)
[254.118s][info][gc,metaspace   ] GC(1176) Metaspace: 16560K(16896K)->16560K(16896K) NonClass: 14229K(14400K)->14229K(14400K) Class: 2331K(2496K)->2331K(2496K)
[254.118s][info][gc             ] GC(1176) Pause Young (Allocation Failure) 577M->463M(910M) 1.398ms
[254.118s][info][gc,cpu         ] GC(1176) User=0.00s Sys=0.00s Real=0.00s
[254.708s][info][gc,start       ] GC(1177) Pause Young (System.gc())
[254.709s][info][gc,heap        ] GC(1177) PSYoungGen: 78653K(232960K)->64K(232960K) Eden: 76509K(116736K)->0K(116736K) From: 2144K(116224K)->64K(116224K)
[254.709s][info][gc,heap        ] GC(1177) ParOldGen: 472623K(699392K)->472655K(699392K)
[254.709s][info][gc,metaspace   ] GC(1177) Metaspace: 16562K(16896K)->16562K(16896K) NonClass: 14230K(14400K)->14230K(14400K) Class: 2331K(2496K)->2331K(2496K)
[254.709s][info][gc             ] GC(1177) Pause Young (System.gc()) 538M->461M(910M) 0.787ms
[254.709s][info][gc,cpu         ] GC(1177) User=0.00s Sys=0.00s Real=0.00s
[254.709s][info][gc,start       ] GC(1178) Pause Full (System.gc())
[254.709s][info][gc,phases,start] GC(1178) Marking Phase
[254.714s][info][gc,phases      ] GC(1178) Marking Phase 4.759ms
[254.714s][info][gc,phases,start] GC(1178) Summary Phase
[254.714s][info][gc,phases      ] GC(1178) Summary Phase 0.013ms
[254.714s][info][gc,phases,start] GC(1178) Adjust Roots
[254.715s][info][gc,phases      ] GC(1178) Adjust Roots 1.807ms
[254.715s][info][gc,phases,start] GC(1178) Compaction Phase
[254.717s][info][gc,phases      ] GC(1178) Compaction Phase 1.778ms
[254.717s][info][gc,phases,start] GC(1178) Post Compact
[254.719s][info][gc,phases      ] GC(1178) Post Compact 1.653ms
[254.719s][info][gc,heap        ] GC(1178) PSYoungGen: 64K(232960K)->0K(232960K) Eden: 0K(116736K)->0K(116736K) From: 64K(116224K)->0K(116224K)
[254.719s][info][gc,heap        ] GC(1178) ParOldGen: 472655K(699392K)->5547K(699392K)
[254.719s][info][gc,metaspace   ] GC(1178) Metaspace: 16562K(16896K)->16562K(16896K) NonClass: 14230K(14400K)->14230K(14400K) Class: 2331K(2496K)->2331K(2496K)
[254.719s][info][gc             ] GC(1178) Pause Full (System.gc()) 461M->5M(910M) 10.305ms
[254.719s][info][gc,cpu         ] GC(1178) User=0.00s Sys=0.00s Real=0.00s
[256.364s][info][gc,start       ] GC(1179) Pause Young (Allocation Failure)
[256.365s][info][gc,heap        ] GC(1179) PSYoungGen: 116736K(232960K)->352K(232960K) Eden: 116736K(116736K)->0K(116736K) From: 0K(116224K)->352K(116224K)
[256.365s][info][gc,heap        ] GC(1179) ParOldGen: 5547K(699392K)->5547K(699392K)
[256.365s][info][gc,metaspace   ] GC(1179) Metaspace: 16564K(16896K)->16564K(16896K) NonClass: 14232K(14400K)->14232K(14400K) Class: 2331K(2496K)->2331K(2496K)
[256.365s][info][gc             ] GC(1179) Pause Young (Allocation Failure) 119M->5M(910M) 0.702ms
[256.365s][info][gc,cpu         ] GC(1179) User=0.00s Sys=0.00s Real=0.00s
[256.388s][info][gc,start       ] GC(1180) Pause Young (Allocation Failure)
[256.389s][info][gc,heap        ] GC(1180) PSYoungGen: 117088K(232960K)->320K(232960K) Eden: 116736K(116736K)->0K(116736K) From: 352K(116224K)->320K(116224K)
[256.389s][info][gc,heap        ] GC(1180) ParOldGen: 5547K(699392K)->5643K(699392K)
[256.389s][info][gc,metaspace   ] GC(1180) Metaspace: 16564K(16896K)->16564K(16896K) NonClass: 14232K(14400K)->14232K(14400K) Class: 2331K(2496K)->2331K(2496K)
[256.389s][info][gc             ] GC(1180) Pause Young (Allocation Failure) 119M->5M(910M) 0.661ms
[256.389s][info][gc,cpu         ] GC(1180) User=0.00s Sys=0.00s Real=0.00s
[256.411s][info][gc,start       ] GC(1181) Pause Young (Allocation Failure)
[256.412s][info][gc,heap        ] GC(1181) PSYoungGen: 117056K(232960K)->288K(232960K) Eden: 116736K(116736K)->0K(116736K) From: 320K(116224K)->288K(116224K)
[256.412s][info][gc,heap        ] GC(1181) ParOldGen: 5643K(699392K)->5691K(699392K)
[256.412s][info][gc,metaspace   ] GC(1181) Metaspace: 16564K(16896K)->16564K(16896K) NonClass: 14232K(14400K)->14232K(14400K) Class: 2331K(2496K)->2331K(2496K)
[256.412s][info][gc             ] GC(1181) Pause Young (Allocation Failure) 119M->5M(910M) 0.665ms
[256.412s][info][gc,cpu         ] GC(1181) User=0.00s Sys=0.00s Real=0.00s
[256.438s][info][gc,start       ] GC(1182) Pause Young (Allocation Failure)
[256.439s][info][gc,heap        ] GC(1182) PSYoungGen: 117024K(232960K)->320K(232960K) Eden: 116736K(116736K)->0K(116736K) From: 288K(116224K)->320K(116224K)
[256.439s][info][gc,heap        ] GC(1182) ParOldGen: 5691K(699392K)->5739K(699392K)
[256.439s][info][gc,metaspace   ] GC(1182) Metaspace: 16564K(16896K)->16564K(16896K) NonClass: 14232K(14400K)->14232K(14400K) Class: 2331K(2496K)->2331K(2496K)
[256.439s][info][gc             ] GC(1182) Pause Young (Allocation Failure) 119M->5M(910M) 0.622ms
[256.439s][info][gc,cpu         ] GC(1182) User=0.00s Sys=0.00s Real=0.00s
[256.461s][info][gc,start       ] GC(1183) Pause Young (Allocation Failure)
[256.461s][info][gc,heap        ] GC(1183) PSYoungGen: 117056K(232960K)->320K(232960K) Eden: 116736K(116736K)->0K(116736K) From: 320K(116224K)->320K(116224K)
[256.462s][info][gc,heap        ] GC(1183) ParOldGen: 5739K(699392K)->5787K(699392K)
[256.462s][info][gc,metaspace   ] GC(1183) Metaspace: 16564K(16896K)->16564K(16896K) NonClass: 14232K(14400K)->14232K(14400K) Class: 2331K(2496K)->2331K(2496K)
[256.462s][info][gc             ] GC(1183) Pause Young (Allocation Failure) 119M->5M(910M) 0.649ms
[256.462s][info][gc,cpu         ] GC(1183) User=0.00s Sys=0.00s Real=0.00s
[256.484s][info][gc,start       ] GC(1184) Pause Young (Allocation Failure)
[256.484s][info][gc,heap        ] GC(1184) PSYoungGen: 117056K(232960K)->256K(232960K) Eden: 116736K(116736K)->0K(116736K) From: 320K(116224K)->256K(116224K)
[256.484s][info][gc,heap        ] GC(1184) ParOldGen: 5787K(699392K)->5835K(699392K)
[256.484s][info][gc,metaspace   ] GC(1184) Metaspace: 16564K(16896K)->16564K(16896K) NonClass: 14232K(14400K)->14232K(14400K) Class: 2331K(2496K)->2331K(2496K)
[256.484s][info][gc             ] GC(1184) Pause Young (Allocation Failure) 119M->5M(910M) 0.488ms
[256.484s][info][gc,cpu         ] GC(1184) User=0.00s Sys=0.00s Real=0.00s
[256.506s][info][gc,start       ] GC(1185) Pause Young (Allocation Failure)
[256.506s][info][gc,heap        ] GC(1185) PSYoungGen: 116992K(232960K)->256K(232960K) Eden: 116736K(116736K)->0K(116736K) From: 256K(116224K)->256K(116224K)
[256.506s][info][gc,heap        ] GC(1185) ParOldGen: 5835K(699392K)->5875K(699392K)
[256.506s][info][gc,metaspace   ] GC(1185) Metaspace: 16564K(16896K)->16564K(16896K) NonClass: 14232K(14400K)->14232K(14400K) Class: 2331K(2496K)->2331K(2496K)
[256.506s][info][gc             ] GC(1185) Pause Young (Allocation Failure) 119M->5M(910M) 0.489ms
[256.506s][info][gc,cpu         ] GC(1185) User=0.00s Sys=0.00s Real=0.00s
[256.528s][info][gc,start       ] GC(1186) Pause Young (Allocation Failure)
[256.529s][info][gc,heap        ] GC(1186) PSYoungGen: 116992K(232960K)->320K(232960K) Eden: 116736K(116736K)->0K(116736K) From: 256K(116224K)->320K(116224K)
[256.529s][info][gc,heap        ] GC(1186) ParOldGen: 5875K(699392K)->5915K(699392K)
[256.529s][info][gc,metaspace   ] GC(1186) Metaspace: 16564K(16896K)->16564K(16896K) NonClass: 14232K(14400K)->14232K(14400K) Class: 2331K(2496K)->2331K(2496K)
[256.529s][info][gc             ] GC(1186) Pause Young (Allocation Failure) 119M->6M(910M) 0.588ms
[256.529s][info][gc,cpu         ] GC(1186) User=0.00s Sys=0.00s Real=0.00s
[256.551s][info][gc,start       ] GC(1187) Pause Young (Allocation Failure)
[256.551s][info][gc,heap        ] GC(1187) PSYoungGen: 117056K(232960K)->224K(232960K) Eden: 116736K(116736K)->0K(116736K) From: 320K(116224K)->224K(116224K)
[256.551s][info][gc,heap        ] GC(1187) ParOldGen: 5915K(699392K)->5971K(699392K)
[256.551s][info][gc,metaspace   ] GC(1187) Metaspace: 16564K(16896K)->16564K(16896K) NonClass: 14232K(14400K)->14232K(14400K) Class: 2331K(2496K)->2331K(2496K)
[256.551s][info][gc             ] GC(1187) Pause Young (Allocation Failure) 120M->6M(910M) 0.476ms
[256.551s][info][gc,cpu         ] GC(1187) User=0.00s Sys=0.00s Real=0.00s
[256.573s][info][gc,start       ] GC(1188) Pause Young (Allocation Failure)
[256.574s][info][gc,heap        ] GC(1188) PSYoungGen: 116960K(232960K)->256K(232960K) Eden: 116736K(116736K)->0K(116736K) From: 224K(116224K)->256K(116224K)
[256.574s][info][gc,heap        ] GC(1188) ParOldGen: 5971K(699392K)->6019K(699392K)
[256.574s][info][gc,metaspace   ] GC(1188) Metaspace: 16564K(16896K)->16564K(16896K) NonClass: 14232K(14400K)->14232K(14400K) Class: 2331K(2496K)->2331K(2496K)
[256.574s][info][gc             ] GC(1188) Pause Young (Allocation Failure) 120M->6M(910M) 0.504ms
[256.574s][info][gc,cpu         ] GC(1188) User=0.00s Sys=0.00s Real=0.00s
[256.596s][info][gc,start       ] GC(1189) Pause Young (Allocation Failure)
[256.596s][info][gc,heap        ] GC(1189) PSYoungGen: 116992K(232960K)->256K(233984K) Eden: 116736K(116736K)->0K(117760K) From: 256K(116224K)->256K(116224K)
[256.596s][info][gc,heap        ] GC(1189) ParOldGen: 6019K(699392K)->6075K(699392K)
[256.596s][info][gc,metaspace   ] GC(1189) Metaspace: 16564K(16896K)->16564K(16896K) NonClass: 14232K(14400K)->14232K(14400K) Class: 2331K(2496K)->2331K(2496K)
[256.596s][info][gc             ] GC(1189) Pause Young (Allocation Failure) 120M->6M(911M) 0.498ms
[256.596s][info][gc,cpu         ] GC(1189) User=0.00s Sys=0.00s Real=0.00s
[256.619s][info][gc,start       ] GC(1190) Pause Young (Allocation Failure)
[256.619s][info][gc,heap        ] GC(1190) PSYoungGen: 118016K(233984K)->256K(232960K) Eden: 117760K(117760K)->0K(117760K) From: 256K(116224K)->256K(115200K)
[256.619s][info][gc,heap        ] GC(1190) ParOldGen: 6075K(699392K)->6075K(699392K)
[256.619s][info][gc,metaspace   ] GC(1190) Metaspace: 16564K(16896K)->16564K(16896K) NonClass: 14232K(14400K)->14232K(14400K) Class: 2331K(2496K)->2331K(2496K)
[256.619s][info][gc             ] GC(1190) Pause Young (Allocation Failure) 121M->6M(910M) 0.505ms
[256.619s][info][gc,cpu         ] GC(1190) User=0.00s Sys=0.00s Real=0.00s
[256.641s][info][gc,start       ] GC(1191) Pause Young (Allocation Failure)
[256.642s][info][gc,heap        ] GC(1191) PSYoungGen: 118016K(232960K)->320K(248320K) Eden: 117760K(117760K)->0K(140288K) From: 256K(115200K)->320K(108032K)
[256.642s][info][gc,heap        ] GC(1191) ParOldGen: 6075K(699392K)->6075K(699392K)
[256.642s][info][gc,metaspace   ] GC(1191) Metaspace: 16564K(16896K)->16564K(16896K) NonClass: 14232K(14400K)->14232K(14400K) Class: 2331K(2496K)->2331K(2496K)
[256.642s][info][gc             ] GC(1191) Pause Young (Allocation Failure) 121M->6M(925M) 0.455ms
[256.642s][info][gc,cpu         ] GC(1191) User=0.00s Sys=0.00s Real=0.00s
[256.667s][info][gc,start       ] GC(1192) Pause Young (Allocation Failure)
[256.668s][info][gc,heap        ] GC(1192) PSYoungGen: 140608K(248320K)->352K(241152K) Eden: 140288K(140288K)->0K(140288K) From: 320K(108032K)->352K(100864K)
[256.668s][info][gc,heap        ] GC(1192) ParOldGen: 6075K(699392K)->6075K(699392K)
[256.668s][info][gc,metaspace   ] GC(1192) Metaspace: 16564K(16896K)->16564K(16896K) NonClass: 14232K(14400K)->14232K(14400K) Class: 2331K(2496K)->2331K(2496K)
[256.668s][info][gc             ] GC(1192) Pause Young (Allocation Failure) 143M->6M(918M) 0.509ms
[256.668s][info][gc,cpu         ] GC(1192) User=0.00s Sys=0.00s Real=0.00s
[256.694s][info][gc,start       ] GC(1193) Pause Young (Allocation Failure)
[256.694s][info][gc,heap        ] GC(1193) PSYoungGen: 140640K(241152K)->352K(261632K) Eden: 140288K(140288K)->0K(167424K) From: 352K(100864K)->352K(94208K)
[256.694s][info][gc,heap        ] GC(1193) ParOldGen: 6075K(699392K)->6075K(699392K)
[256.694s][info][gc,metaspace   ] GC(1193) Metaspace: 16564K(16896K)->16564K(16896K) NonClass: 14232K(14400K)->14232K(14400K) Class: 2331K(2496K)->2331K(2496K)
[256.694s][info][gc             ] GC(1193) Pause Young (Allocation Failure) 143M->6M(938M) 0.535ms
[256.694s][info][gc,cpu         ] GC(1193) User=0.00s Sys=0.00s Real=0.00s
[256.726s][info][gc,start       ] GC(1194) Pause Young (Allocation Failure)
[256.726s][info][gc,heap        ] GC(1194) PSYoungGen: 167776K(261632K)->320K(254976K) Eden: 167424K(167424K)->0K(167424K) From: 352K(94208K)->320K(87552K)
[256.726s][info][gc,heap        ] GC(1194) ParOldGen: 6075K(699392K)->6075K(699392K)
[256.726s][info][gc,metaspace   ] GC(1194) Metaspace: 16564K(16896K)->16564K(16896K) NonClass: 14232K(14400K)->14232K(14400K) Class: 2331K(2496K)->2331K(2496K)
[256.726s][info][gc             ] GC(1194) Pause Young (Allocation Failure) 169M->6M(932M) 0.568ms
[256.726s][info][gc,cpu         ] GC(1194) User=0.00s Sys=0.00s Real=0.00s
[256.757s][info][gc,start       ] GC(1195) Pause Young (Allocation Failure)
[256.757s][info][gc,heap        ] GC(1195) PSYoungGen: 167744K(254976K)->352K(272896K) Eden: 167424K(167424K)->0K(190976K) From: 320K(87552K)->352K(81920K)
[256.758s][info][gc,heap        ] GC(1195) ParOldGen: 6075K(699392K)->6075K(699392K)
[256.758s][info][gc,metaspace   ] GC(1195) Metaspace: 16564K(16896K)->16564K(16896K) NonClass: 14232K(14400K)->14232K(14400K) Class: 2331K(2496K)->2331K(2496K)
[256.758s][info][gc             ] GC(1195) Pause Young (Allocation Failure) 169M->6M(949M) 0.658ms
[256.758s][info][gc,cpu         ] GC(1195) User=0.00s Sys=0.00s Real=0.01s
[256.793s][info][gc,start       ] GC(1196) Pause Young (Allocation Failure)
[256.794s][info][gc,heap        ] GC(1196) PSYoungGen: 191328K(272896K)->384K(267264K) Eden: 190976K(190976K)->0K(190976K) From: 352K(81920K)->384K(76288K)
[256.794s][info][gc,heap        ] GC(1196) ParOldGen: 6075K(699392K)->6075K(699392K)
[256.794s][info][gc,metaspace   ] GC(1196) Metaspace: 16564K(16896K)->16564K(16896K) NonClass: 14232K(14400K)->14232K(14400K) Class: 2331K(2496K)->2331K(2496K)
[256.794s][info][gc             ] GC(1196) Pause Young (Allocation Failure) 192M->6M(944M) 0.609ms
[256.794s][info][gc,cpu         ] GC(1196) User=0.00s Sys=0.00s Real=0.00s
[256.830s][info][gc,start       ] GC(1197) Pause Young (Allocation Failure)
[256.831s][info][gc,heap        ] GC(1197) PSYoungGen: 191360K(267264K)->384K(283648K) Eden: 190976K(190976K)->0K(212992K) From: 384K(76288K)->384K(70656K)
[256.831s][info][gc,heap        ] GC(1197) ParOldGen: 6075K(699392K)->6075K(699392K)
[256.831s][info][gc,metaspace   ] GC(1197) Metaspace: 16564K(16896K)->16564K(16896K) NonClass: 14232K(14400K)->14232K(14400K) Class: 2331K(2496K)->2331K(2496K)
[256.831s][info][gc             ] GC(1197) Pause Young (Allocation Failure) 192M->6M(960M) 0.522ms
[256.831s][info][gc,cpu         ] GC(1197) User=0.00s Sys=0.00s Real=0.00s
[256.871s][info][gc,start       ] GC(1198) Pause Young (Allocation Failure)
[256.871s][info][gc,heap        ] GC(1198) PSYoungGen: 213376K(283648K)->384K(278528K) Eden: 212992K(212992K)->0K(212992K) From: 384K(70656K)->384K(65536K)
[256.871s][info][gc,heap        ] GC(1198) ParOldGen: 6075K(699392K)->6075K(699392K)
[256.871s][info][gc,metaspace   ] GC(1198) Metaspace: 16564K(16896K)->16564K(16896K) NonClass: 14232K(14400K)->14232K(14400K) Class: 2331K(2496K)->2331K(2496K)
[256.871s][info][gc             ] GC(1198) Pause Young (Allocation Failure) 214M->6M(955M) 0.517ms
[256.871s][info][gc,cpu         ] GC(1198) User=0.00s Sys=0.00s Real=0.00s
[256.933s][info][gc,start       ] GC(1199) Pause Young (Allocation Failure)
[256.950s][info][gc,heap        ] GC(1199) PSYoungGen: 213376K(278528K)->40178K(273920K) Eden: 212992K(212992K)->0K(212992K) From: 384K(65536K)->40178K(60928K)
[256.950s][info][gc,heap        ] GC(1199) ParOldGen: 6075K(699392K)->6075K(699392K)
[256.950s][info][gc,metaspace   ] GC(1199) Metaspace: 16564K(16896K)->16564K(16896K) NonClass: 14232K(14400K)->14232K(14400K) Class: 2331K(2496K)->2331K(2496K)
[256.950s][info][gc             ] GC(1199) Pause Young (Allocation Failure) 214M->45M(950M) 17.358ms
[256.950s][info][gc,cpu         ] GC(1199) User=0.02s Sys=0.00s Real=0.02s
[257.100s][info][gc,start       ] GC(1200) Pause Young (Allocation Failure)
[257.211s][info][gc,heap        ] GC(1200) PSYoungGen: 253170K(273920K)->68067K(281088K) Eden: 212992K(212992K)->0K(212992K) From: 40178K(60928K)->68067K(68096K)
[257.212s][info][gc,heap        ] GC(1200) ParOldGen: 6075K(699392K)->121571K(699392K)
[257.212s][info][gc,metaspace   ] GC(1200) Metaspace: 16564K(16896K)->16564K(16896K) NonClass: 14232K(14400K)->14232K(14400K) Class: 2331K(2496K)->2331K(2496K)
[257.212s][info][gc             ] GC(1200) Pause Young (Allocation Failure) 253M->185M(957M) 111.442ms
[257.212s][info][gc,cpu         ] GC(1200) User=0.56s Sys=0.00s Real=0.11s
[257.370s][info][gc,start       ] GC(1201) Pause Young (Allocation Failure)
[257.509s][info][gc,heap        ] GC(1201) PSYoungGen: 281059K(281088K)->68067K(184832K) Eden: 212992K(212992K)->0K(116736K) From: 68067K(68096K)->68067K(68096K)
[257.509s][info][gc,heap        ] GC(1201) ParOldGen: 121571K(699392K)->268107K(699392K)
[257.509s][info][gc,metaspace   ] GC(1201) Metaspace: 16564K(16896K)->16564K(16896K) NonClass: 14232K(14400K)->14232K(14400K) Class: 2331K(2496K)->2331K(2496K)
[257.509s][info][gc             ] GC(1201) Pause Young (Allocation Failure) 393M->328M(863M) 138.827ms
[257.509s][info][gc,cpu         ] GC(1201) User=0.77s Sys=0.00s Real=0.14s
[257.610s][info][gc,start       ] GC(1202) Pause Young (Allocation Failure)
[257.699s][info][gc,heap        ] GC(1202) PSYoungGen: 184803K(184832K)->116195K(232960K) Eden: 116736K(116736K)->0K(116736K) From: 68067K(68096K)->116195K(116224K)
[257.699s][info][gc,heap        ] GC(1202) ParOldGen: 268107K(699392K)->300875K(699392K)
[257.699s][info][gc,metaspace   ] GC(1202) Metaspace: 16564K(16896K)->16564K(16896K) NonClass: 14232K(14400K)->14232K(14400K) Class: 2331K(2496K)->2331K(2496K)
[257.699s][info][gc             ] GC(1202) Pause Young (Allocation Failure) 442M->407M(910M) 89.044ms
[257.699s][info][gc,cpu         ] GC(1202) User=0.56s Sys=0.00s Real=0.09s
[257.872s][info][gc,start       ] GC(1203) Pause Young (Allocation Failure)
[257.972s][info][gc,heap        ] GC(1203) PSYoungGen: 232931K(232960K)->116195K(232960K) Eden: 116736K(116736K)->0K(116736K) From: 116195K(116224K)->116195K(116224K)
[257.972s][info][gc,heap        ] GC(1203) ParOldGen: 300875K(699392K)->332004K(699392K)
[257.972s][info][gc,metaspace   ] GC(1203) Metaspace: 16564K(16896K)->16564K(16896K) NonClass: 14232K(14400K)->14232K(14400K) Class: 2331K(2496K)->2331K(2496K)
[257.972s][info][gc             ] GC(1203) Pause Young (Allocation Failure) 521M->437M(910M) 99.962ms
[257.972s][info][gc,cpu         ] GC(1203) User=0.55s Sys=0.00s Real=0.10s
[260.696s][info][gc,start       ] GC(1204) Pause Young (Allocation Failure)
[260.817s][info][gc,heap        ] GC(1204) PSYoungGen: 232931K(232960K)->116210K(232960K) Eden: 116736K(116736K)->0K(116736K) From: 116195K(116224K)->116210K(116224K)
[260.817s][info][gc,heap        ] GC(1204) ParOldGen: 332004K(699392K)->370380K(699392K)
[260.817s][info][gc,metaspace   ] GC(1204) Metaspace: 16564K(16896K)->16564K(16896K) NonClass: 14232K(14400K)->14232K(14400K) Class: 2331K(2496K)->2331K(2496K)
[260.817s][info][gc             ] GC(1204) Pause Young (Allocation Failure) 551M->475M(910M) 121.014ms
[260.817s][info][gc,cpu         ] GC(1204) User=0.52s Sys=0.00s Real=0.12s
[260.876s][info][gc,start       ] GC(1205) Pause Young (Allocation Failure)
[260.981s][info][gc,heap        ] GC(1205) PSYoungGen: 232946K(232960K)->116224K(232960K) Eden: 116735K(116736K)->0K(116736K) From: 116210K(116224K)->116224K(116224K)
[260.981s][info][gc,heap        ] GC(1205) ParOldGen: 370380K(699392K)->421959K(699392K)
[260.981s][info][gc,metaspace   ] GC(1205) Metaspace: 16564K(16896K)->16564K(16896K) NonClass: 14232K(14400K)->14232K(14400K) Class: 2331K(2496K)->2331K(2496K)
[260.981s][info][gc             ] GC(1205) Pause Young (Allocation Failure) 589M->525M(910M) 105.679ms
[260.981s][info][gc,cpu         ] GC(1205) User=0.48s Sys=0.00s Real=0.10s
[261.041s][info][gc,start       ] GC(1206) Pause Young (Allocation Failure)
[261.124s][info][gc,heap        ] GC(1206) PSYoungGen: 232960K(232960K)->116224K(232960K) Eden: 116736K(116736K)->0K(116736K) From: 116224K(116224K)->116224K(116224K)
[261.124s][info][gc,heap        ] GC(1206) ParOldGen: 421959K(699392K)->471703K(699392K)
[261.124s][info][gc,metaspace   ] GC(1206) Metaspace: 16564K(16896K)->16564K(16896K) NonClass: 14232K(14400K)->14232K(14400K) Class: 2331K(2496K)->2331K(2496K)
[261.124s][info][gc             ] GC(1206) Pause Young (Allocation Failure) 639M->574M(910M) 83.224ms
[261.124s][info][gc,cpu         ] GC(1206) User=0.47s Sys=0.00s Real=0.08s
[261.184s][info][gc,start       ] GC(1207) Pause Young (Allocation Failure)
[261.265s][info][gc,heap        ] GC(1207) PSYoungGen: 232960K(232960K)->116224K(232960K) Eden: 116736K(116736K)->0K(116736K) From: 116224K(116224K)->116224K(116224K)
[261.265s][info][gc,heap        ] GC(1207) ParOldGen: 471703K(699392K)->520927K(699392K)
[261.265s][info][gc,metaspace   ] GC(1207) Metaspace: 16564K(16896K)->16564K(16896K) NonClass: 14232K(14400K)->14232K(14400K) Class: 2331K(2496K)->2331K(2496K)
[261.265s][info][gc             ] GC(1207) Pause Young (Allocation Failure) 688M->622M(910M) 81.044ms
[261.265s][info][gc,cpu         ] GC(1207) User=0.45s Sys=0.00s Real=0.08s
[261.326s][info][gc,start       ] GC(1208) Pause Young (Allocation Failure)
[261.404s][info][gc,heap        ] GC(1208) PSYoungGen: 232960K(232960K)->90176K(232960K) Eden: 116736K(116736K)->0K(116736K) From: 116224K(116224K)->90176K(116224K)
[261.404s][info][gc,heap        ] GC(1208) ParOldGen: 520927K(699392K)->596175K(699392K)
[261.404s][info][gc,metaspace   ] GC(1208) Metaspace: 16564K(16896K)->16564K(16896K) NonClass: 14232K(14400K)->14232K(14400K) Class: 2331K(2496K)->2331K(2496K)
[261.404s][info][gc             ] GC(1208) Pause Young (Allocation Failure) 736M->670M(910M) 77.873ms
[261.404s][info][gc,cpu         ] GC(1208) User=0.39s Sys=0.00s Real=0.08s
[261.466s][info][gc,start       ] GC(1209) Pause Full (Ergonomics)
[261.466s][info][gc,phases,start] GC(1209) Marking Phase
[261.553s][info][gc,phases      ] GC(1209) Marking Phase 86.362ms
[261.553s][info][gc,phases,start] GC(1209) Summary Phase
[261.553s][info][gc,phases      ] GC(1209) Summary Phase 0.022ms
[261.553s][info][gc,phases,start] GC(1209) Adjust Roots
[261.555s][info][gc,phases      ] GC(1209) Adjust Roots 1.687ms
[261.555s][info][gc,phases,start] GC(1209) Compaction Phase
[261.767s][info][gc,phases      ] GC(1209) Compaction Phase 212.478ms
[261.767s][info][gc,phases,start] GC(1209) Post Compact
[261.769s][info][gc,phases      ] GC(1209) Post Compact 1.594ms
[261.769s][info][gc,heap        ] GC(1209) PSYoungGen: 206912K(232960K)->0K(232960K) Eden: 116736K(116736K)->0K(116736K) From: 90176K(116224K)->0K(116224K)
[261.769s][info][gc,heap        ] GC(1209) ParOldGen: 596175K(699392K)->289277K(699392K)
[261.769s][info][gc,metaspace   ] GC(1209) Metaspace: 16564K(16896K)->16564K(16896K) NonClass: 14232K(14400K)->14232K(14400K) Class: 2331K(2496K)->2331K(2496K)
[261.769s][info][gc             ] GC(1209) Pause Full (Ergonomics) 784M->282M(910M) 302.467ms
[261.769s][info][gc,cpu         ] GC(1209) User=1.72s Sys=0.00s Real=0.30s
[261.833s][info][gc,start       ] GC(1210) Pause Young (Allocation Failure)
[261.859s][info][gc,heap        ] GC(1210) PSYoungGen: 116736K(232960K)->50976K(232960K) Eden: 116736K(116736K)->0K(116736K) From: 0K(116224K)->50976K(116224K)
[261.859s][info][gc,heap        ] GC(1210) ParOldGen: 289277K(699392K)->289277K(699392K)
[261.859s][info][gc,metaspace   ] GC(1210) Metaspace: 16564K(16896K)->16564K(16896K) NonClass: 14232K(14400K)->14232K(14400K) Class: 2331K(2496K)->2331K(2496K)
[261.859s][info][gc             ] GC(1210) Pause Young (Allocation Failure) 396M->332M(910M) 26.234ms
[261.859s][info][gc,cpu         ] GC(1210) User=0.05s Sys=0.00s Real=0.04s
[261.922s][info][gc,start       ] GC(1211) Pause Young (Allocation Failure)
[261.970s][info][gc,heap        ] GC(1211) PSYoungGen: 167712K(232960K)->51040K(232960K) Eden: 116736K(116736K)->0K(116736K) From: 50976K(116224K)->51040K(116224K)
[261.970s][info][gc,heap        ] GC(1211) ParOldGen: 289277K(699392K)->337317K(699392K)
[261.970s][info][gc,metaspace   ] GC(1211) Metaspace: 16564K(16896K)->16564K(16896K) NonClass: 14232K(14400K)->14232K(14400K) Class: 2331K(2496K)->2331K(2496K)
[261.970s][info][gc             ] GC(1211) Pause Young (Allocation Failure) 446M->379M(910M) 47.865ms
[261.970s][info][gc,cpu         ] GC(1211) User=0.23s Sys=0.00s Real=0.05s
[262.055s][info][gc,start       ] GC(1212) Pause Young (Allocation Failure)
[262.113s][info][gc,heap        ] GC(1212) PSYoungGen: 167776K(232960K)->70858K(232960K) Eden: 116736K(116736K)->0K(116736K) From: 51040K(116224K)->70858K(116224K)
[262.113s][info][gc,heap        ] GC(1212) ParOldGen: 337317K(699392K)->385389K(699392K)
[262.113s][info][gc,metaspace   ] GC(1212) Metaspace: 16564K(16896K)->16564K(16896K) NonClass: 14232K(14400K)->14232K(14400K) Class: 2331K(2496K)->2331K(2496K)
[262.113s][info][gc             ] GC(1212) Pause Young (Allocation Failure) 493M->445M(910M) 58.588ms
[262.113s][info][gc,cpu         ] GC(1212) User=0.23s Sys=0.00s Real=0.05s
[262.432s][info][gc,start       ] GC(1213) Pause Young (Allocation Failure)
[262.525s][info][gc,heap        ] GC(1213) PSYoungGen: 187594K(232960K)->38496K(232960K) Eden: 116736K(116736K)->0K(116736K) From: 70858K(116224K)->38496K(116224K)
[262.525s][info][gc,heap        ] GC(1213) ParOldGen: 385389K(699392K)->446557K(699392K)
[262.525s][info][gc,metaspace   ] GC(1213) Metaspace: 16564K(16896K)->16564K(16896K) NonClass: 14232K(14400K)->14232K(14400K) Class: 2331K(2496K)->2331K(2496K)
[262.525s][info][gc             ] GC(1213) Pause Young (Allocation Failure) 559M->473M(910M) 92.927ms
[262.525s][info][gc,cpu         ] GC(1213) User=0.42s Sys=0.00s Real=0.09s
[262.669s][info][gc,start       ] GC(1214) Pause Young (Allocation Failure)
[262.717s][info][gc,heap        ] GC(1214) PSYoungGen: 155232K(232960K)->3808K(232960K) Eden: 116736K(116736K)->0K(116736K) From: 38496K(116224K)->3808K(116224K)
[262.717s][info][gc,heap        ] GC(1214) ParOldGen: 446557K(699392K)->477549K(699392K)
[262.717s][info][gc,metaspace   ] GC(1214) Metaspace: 16564K(16896K)->16564K(16896K) NonClass: 14232K(14400K)->14232K(14400K) Class: 2331K(2496K)->2331K(2496K)
[262.717s][info][gc             ] GC(1214) Pause Young (Allocation Failure) 587M->470M(910M) 48.141ms
[262.717s][info][gc,cpu         ] GC(1214) User=0.23s Sys=0.00s Real=0.05s
[262.859s][info][gc,start       ] GC(1215) Pause Young (Allocation Failure)
[262.862s][info][gc,heap        ] GC(1215) PSYoungGen: 120544K(232960K)->3136K(232960K) Eden: 116736K(116736K)->0K(116736K) From: 3808K(116224K)->3136K(116224K)
[262.862s][info][gc,heap        ] GC(1215) ParOldGen: 477549K(699392K)->477877K(699392K)
[262.862s][info][gc,metaspace   ] GC(1215) Metaspace: 16564K(16896K)->16564K(16896K) NonClass: 14232K(14400K)->14232K(14400K) Class: 2331K(2496K)->2331K(2496K)
[262.862s][info][gc             ] GC(1215) Pause Young (Allocation Failure) 584M->469M(910M) 3.719ms
[262.862s][info][gc,cpu         ] GC(1215) User=0.00s Sys=0.00s Real=0.00s
[262.994s][info][gc,start       ] GC(1216) Pause Young (Allocation Failure)
[262.996s][info][gc,heap        ] GC(1216) PSYoungGen: 119872K(232960K)->2304K(232960K) Eden: 116736K(116736K)->0K(116736K) From: 3136K(116224K)->2304K(116224K)
[262.996s][info][gc,heap        ] GC(1216) ParOldGen: 477877K(699392K)->477997K(699392K)
[262.996s][info][gc,metaspace   ] GC(1216) Metaspace: 16564K(16896K)->16564K(16896K) NonClass: 14232K(14400K)->14232K(14400K) Class: 2331K(2496K)->2331K(2496K)
[262.996s][info][gc             ] GC(1216) Pause Young (Allocation Failure) 583M->469M(910M) 2.238ms
[262.996s][info][gc,cpu         ] GC(1216) User=0.00s Sys=0.00s Real=0.00s
[263.129s][info][gc,start       ] GC(1217) Pause Young (Allocation Failure)
[263.130s][info][gc,heap        ] GC(1217) PSYoungGen: 119040K(232960K)->352K(232960K) Eden: 116736K(116736K)->0K(116736K) From: 2304K(116224K)->352K(116224K)
[263.130s][info][gc,heap        ] GC(1217) ParOldGen: 477997K(699392K)->477997K(699392K)
[263.130s][info][gc,metaspace   ] GC(1217) Metaspace: 16564K(16896K)->16564K(16896K) NonClass: 14232K(14400K)->14232K(14400K) Class: 2331K(2496K)->2331K(2496K)
[263.130s][info][gc             ] GC(1217) Pause Young (Allocation Failure) 583M->467M(910M) 1.243ms
[263.130s][info][gc,cpu         ] GC(1217) User=0.00s Sys=0.00s Real=0.00s
[263.895s][info][gc,start       ] GC(1218) Pause Young (System.gc())
[263.896s][info][gc,heap        ] GC(1218) PSYoungGen: 84287K(232960K)->160K(232960K) Eden: 83935K(116736K)->0K(116736K) From: 352K(116224K)->160K(116224K)
[263.896s][info][gc,heap        ] GC(1218) ParOldGen: 477997K(699392K)->478029K(699392K)
[263.896s][info][gc,metaspace   ] GC(1218) Metaspace: 16569K(16896K)->16569K(16896K) NonClass: 14237K(14400K)->14237K(14400K) Class: 2331K(2496K)->2331K(2496K)
[263.896s][info][gc             ] GC(1218) Pause Young (System.gc()) 549M->466M(910M) 1.062ms
[263.896s][info][gc,cpu         ] GC(1218) User=0.00s Sys=0.00s Real=0.00s
[263.896s][info][gc,start       ] GC(1219) Pause Full (System.gc())
[263.896s][info][gc,phases,start] GC(1219) Marking Phase
[263.901s][info][gc,phases      ] GC(1219) Marking Phase 5.135ms
[263.901s][info][gc,phases,start] GC(1219) Summary Phase
[263.901s][info][gc,phases      ] GC(1219) Summary Phase 0.012ms
[263.901s][info][gc,phases,start] GC(1219) Adjust Roots
[263.903s][info][gc,phases      ] GC(1219) Adjust Roots 1.713ms
[263.903s][info][gc,phases,start] GC(1219) Compaction Phase
[263.905s][info][gc,phases      ] GC(1219) Compaction Phase 1.770ms
[263.905s][info][gc,phases,start] GC(1219) Post Compact
[263.907s][info][gc,phases      ] GC(1219) Post Compact 1.804ms
[263.907s][info][gc,heap        ] GC(1219) PSYoungGen: 160K(232960K)->0K(232960K) Eden: 0K(116736K)->0K(116736K) From: 160K(116224K)->0K(116224K)
[263.907s][info][gc,heap        ] GC(1219) ParOldGen: 478029K(699392K)->5547K(699392K)
[263.907s][info][gc,metaspace   ] GC(1219) Metaspace: 16569K(16896K)->16569K(16896K) NonClass: 14237K(14400K)->14237K(14400K) Class: 2331K(2496K)->2331K(2496K)
[263.907s][info][gc             ] GC(1219) Pause Full (System.gc()) 466M->5M(910M) 10.704ms
[263.907s][info][gc,cpu         ] GC(1219) User=0.00s Sys=0.00s Real=0.00s
[265.433s][info][gc,start       ] GC(1220) Pause Young (Allocation Failure)
[265.434s][info][gc,heap        ] GC(1220) PSYoungGen: 116736K(232960K)->384K(232960K) Eden: 116736K(116736K)->0K(116736K) From: 0K(116224K)->384K(116224K)
[265.434s][info][gc,heap        ] GC(1220) ParOldGen: 5547K(699392K)->5547K(699392K)
[265.434s][info][gc,metaspace   ] GC(1220) Metaspace: 16569K(16896K)->16569K(16896K) NonClass: 14237K(14400K)->14237K(14400K) Class: 2331K(2496K)->2331K(2496K)
[265.434s][info][gc             ] GC(1220) Pause Young (Allocation Failure) 119M->5M(910M) 0.572ms
[265.434s][info][gc,cpu         ] GC(1220) User=0.00s Sys=0.00s Real=0.00s
[265.466s][info][gc,start       ] GC(1221) Pause Young (Allocation Failure)
[265.466s][info][gc,heap        ] GC(1221) PSYoungGen: 117120K(232960K)->320K(232960K) Eden: 116736K(116736K)->0K(116736K) From: 384K(116224K)->320K(116224K)
[265.466s][info][gc,heap        ] GC(1221) ParOldGen: 5547K(699392K)->5643K(699392K)
[265.466s][info][gc,metaspace   ] GC(1221) Metaspace: 16569K(16896K)->16569K(16896K) NonClass: 14237K(14400K)->14237K(14400K) Class: 2331K(2496K)->2331K(2496K)
[265.466s][info][gc             ] GC(1221) Pause Young (Allocation Failure) 119M->5M(910M) 0.647ms
[265.466s][info][gc,cpu         ] GC(1221) User=0.00s Sys=0.00s Real=0.00s
[265.495s][info][gc,start       ] GC(1222) Pause Young (Allocation Failure)
[265.495s][info][gc,heap        ] GC(1222) PSYoungGen: 117056K(232960K)->256K(232960K) Eden: 116736K(116736K)->0K(116736K) From: 320K(116224K)->256K(116224K)
[265.495s][info][gc,heap        ] GC(1222) ParOldGen: 5643K(699392K)->5675K(699392K)
[265.495s][info][gc,metaspace   ] GC(1222) Metaspace: 16569K(16896K)->16569K(16896K) NonClass: 14237K(14400K)->14237K(14400K) Class: 2331K(2496K)->2331K(2496K)
[265.495s][info][gc             ] GC(1222) Pause Young (Allocation Failure) 119M->5M(910M) 0.695ms
[265.495s][info][gc,cpu         ] GC(1222) User=0.00s Sys=0.00s Real=0.00s
[265.529s][info][gc,start       ] GC(1223) Pause Young (Allocation Failure)
[265.530s][info][gc,heap        ] GC(1223) PSYoungGen: 116992K(232960K)->256K(232960K) Eden: 116736K(116736K)->0K(116736K) From: 256K(116224K)->256K(116224K)
[265.530s][info][gc,heap        ] GC(1223) ParOldGen: 5675K(699392K)->5723K(699392K)
[265.530s][info][gc,metaspace   ] GC(1223) Metaspace: 16569K(16896K)->16569K(16896K) NonClass: 14237K(14400K)->14237K(14400K) Class: 2331K(2496K)->2331K(2496K)
[265.530s][info][gc             ] GC(1223) Pause Young (Allocation Failure) 119M->5M(910M) 0.703ms
[265.530s][info][gc,cpu         ] GC(1223) User=0.00s Sys=0.00s Real=0.00s
[265.562s][info][gc,start       ] GC(1224) Pause Young (Allocation Failure)
[265.563s][info][gc,heap        ] GC(1224) PSYoungGen: 116992K(232960K)->288K(232960K) Eden: 116736K(116736K)->0K(116736K) From: 256K(116224K)->288K(116224K)
[265.563s][info][gc,heap        ] GC(1224) ParOldGen: 5723K(699392K)->5771K(699392K)
[265.563s][info][gc,metaspace   ] GC(1224) Metaspace: 16569K(16896K)->16569K(16896K) NonClass: 14237K(14400K)->14237K(14400K) Class: 2331K(2496K)->2331K(2496K)
[265.563s][info][gc             ] GC(1224) Pause Young (Allocation Failure) 119M->5M(910M) 0.754ms
[265.563s][info][gc,cpu         ] GC(1224) User=0.00s Sys=0.00s Real=0.00s
[265.597s][info][gc,start       ] GC(1225) Pause Young (Allocation Failure)
[265.597s][info][gc,heap        ] GC(1225) PSYoungGen: 117024K(232960K)->288K(232960K) Eden: 116736K(116736K)->0K(116736K) From: 288K(116224K)->288K(116224K)
[265.597s][info][gc,heap        ] GC(1225) ParOldGen: 5771K(699392K)->5827K(699392K)
[265.597s][info][gc,metaspace   ] GC(1225) Metaspace: 16569K(16896K)->16569K(16896K) NonClass: 14237K(14400K)->14237K(14400K) Class: 2331K(2496K)->2331K(2496K)
[265.597s][info][gc             ] GC(1225) Pause Young (Allocation Failure) 119M->5M(910M) 0.582ms
[265.597s][info][gc,cpu         ] GC(1225) User=0.00s Sys=0.00s Real=0.00s
[265.649s][info][gc,start       ] GC(1226) Pause Young (Allocation Failure)
[265.650s][info][gc,heap        ] GC(1226) PSYoungGen: 117024K(232960K)->320K(232960K) Eden: 116736K(116736K)->0K(116736K) From: 288K(116224K)->320K(116224K)
[265.650s][info][gc,heap        ] GC(1226) ParOldGen: 5827K(699392K)->5867K(699392K)
[265.650s][info][gc,metaspace   ] GC(1226) Metaspace: 16569K(16896K)->16569K(16896K) NonClass: 14237K(14400K)->14237K(14400K) Class: 2331K(2496K)->2331K(2496K)
[265.650s][info][gc             ] GC(1226) Pause Young (Allocation Failure) 119M->6M(910M) 0.955ms
[265.650s][info][gc,cpu         ] GC(1226) User=0.00s Sys=0.00s Real=0.00s
[265.689s][info][gc,start       ] GC(1227) Pause Young (Allocation Failure)
[265.690s][info][gc,heap        ] GC(1227) PSYoungGen: 117056K(232960K)->288K(232960K) Eden: 116736K(116736K)->0K(116736K) From: 320K(116224K)->288K(116224K)
[265.690s][info][gc,heap        ] GC(1227) ParOldGen: 5867K(699392K)->5931K(699392K)
[265.690s][info][gc,metaspace   ] GC(1227) Metaspace: 16569K(16896K)->16569K(16896K) NonClass: 14237K(14400K)->14237K(14400K) Class: 2331K(2496K)->2331K(2496K)
[265.690s][info][gc             ] GC(1227) Pause Young (Allocation Failure) 120M->6M(910M) 0.794ms
[265.690s][info][gc,cpu         ] GC(1227) User=0.00s Sys=0.00s Real=0.00s
[265.718s][info][gc,start       ] GC(1228) Pause Young (Allocation Failure)
[265.719s][info][gc,heap        ] GC(1228) PSYoungGen: 117024K(232960K)->288K(232960K) Eden: 116736K(116736K)->0K(116736K) From: 288K(116224K)->288K(116224K)
[265.719s][info][gc,heap        ] GC(1228) ParOldGen: 5931K(699392K)->5987K(699392K)
[265.719s][info][gc,metaspace   ] GC(1228) Metaspace: 16569K(16896K)->16569K(16896K) NonClass: 14237K(14400K)->14237K(14400K) Class: 2331K(2496K)->2331K(2496K)
[265.719s][info][gc             ] GC(1228) Pause Young (Allocation Failure) 120M->6M(910M) 0.521ms
[265.719s][info][gc,cpu         ] GC(1228) User=0.00s Sys=0.00s Real=0.00s
[265.746s][info][gc,start       ] GC(1229) Pause Young (Allocation Failure)
[265.747s][info][gc,heap        ] GC(1229) PSYoungGen: 117024K(232960K)->192K(232960K) Eden: 116736K(116736K)->0K(116736K) From: 288K(116224K)->192K(116224K)
[265.747s][info][gc,heap        ] GC(1229) ParOldGen: 5987K(699392K)->6043K(699392K)
[265.747s][info][gc,metaspace   ] GC(1229) Metaspace: 16569K(16896K)->16569K(16896K) NonClass: 14237K(14400K)->14237K(14400K) Class: 2331K(2496K)->2331K(2496K)
[265.747s][info][gc             ] GC(1229) Pause Young (Allocation Failure) 120M->6M(910M) 0.510ms
[265.747s][info][gc,cpu         ] GC(1229) User=0.00s Sys=0.00s Real=0.00s
[265.773s][info][gc,start       ] GC(1230) Pause Young (Allocation Failure)
[265.773s][info][gc,heap        ] GC(1230) PSYoungGen: 116928K(232960K)->288K(232960K) Eden: 116736K(116736K)->0K(116736K) From: 192K(116224K)->288K(116224K)
[265.773s][info][gc,heap        ] GC(1230) ParOldGen: 6043K(699392K)->6091K(699392K)
[265.773s][info][gc,metaspace   ] GC(1230) Metaspace: 16569K(16896K)->16569K(16896K) NonClass: 14237K(14400K)->14237K(14400K) Class: 2331K(2496K)->2331K(2496K)
[265.773s][info][gc             ] GC(1230) Pause Young (Allocation Failure) 120M->6M(910M) 0.652ms
[265.773s][info][gc,cpu         ] GC(1230) User=0.00s Sys=0.00s Real=0.00s
[265.801s][info][gc,start       ] GC(1231) Pause Young (Allocation Failure)
[265.801s][info][gc,heap        ] GC(1231) PSYoungGen: 117024K(232960K)->320K(232960K) Eden: 116736K(116736K)->0K(116736K) From: 288K(116224K)->320K(116224K)
[265.801s][info][gc,heap        ] GC(1231) ParOldGen: 6091K(699392K)->6139K(699392K)
[265.801s][info][gc,metaspace   ] GC(1231) Metaspace: 16569K(16896K)->16569K(16896K) NonClass: 14237K(14400K)->14237K(14400K) Class: 2331K(2496K)->2331K(2496K)
[265.801s][info][gc             ] GC(1231) Pause Young (Allocation Failure) 120M->6M(910M) 0.676ms
[265.801s][info][gc,cpu         ] GC(1231) User=0.00s Sys=0.00s Real=0.00s
[265.828s][info][gc,start       ] GC(1232) Pause Young (Allocation Failure)
[265.829s][info][gc,heap        ] GC(1232) PSYoungGen: 117056K(232960K)->320K(247296K) Eden: 116736K(116736K)->0K(138240K) From: 320K(116224K)->320K(109056K)
[265.829s][info][gc,heap        ] GC(1232) ParOldGen: 6139K(699392K)->6139K(699392K)
[265.829s][info][gc,metaspace   ] GC(1232) Metaspace: 16569K(16896K)->16569K(16896K) NonClass: 14237K(14400K)->14237K(14400K) Class: 2331K(2496K)->2331K(2496K)
[265.829s][info][gc             ] GC(1232) Pause Young (Allocation Failure) 120M->6M(924M) 0.603ms
[265.829s][info][gc,cpu         ] GC(1232) User=0.00s Sys=0.00s Real=0.00s
[265.862s][info][gc,start       ] GC(1233) Pause Young (Allocation Failure)
[265.863s][info][gc,heap        ] GC(1233) PSYoungGen: 138560K(247296K)->320K(240128K) Eden: 138240K(138240K)->0K(138240K) From: 320K(109056K)->320K(101888K)
[265.863s][info][gc,heap        ] GC(1233) ParOldGen: 6139K(699392K)->6139K(699392K)
[265.863s][info][gc,metaspace   ] GC(1233) Metaspace: 16569K(16896K)->16569K(16896K) NonClass: 14237K(14400K)->14237K(14400K) Class: 2331K(2496K)->2331K(2496K)
[265.863s][info][gc             ] GC(1233) Pause Young (Allocation Failure) 141M->6M(917M) 0.652ms
[265.863s][info][gc,cpu         ] GC(1233) User=0.00s Sys=0.00s Real=0.00s
[265.893s][info][gc,start       ] GC(1234) Pause Young (Allocation Failure)
[265.893s][info][gc,heap        ] GC(1234) PSYoungGen: 138560K(240128K)->320K(260096K) Eden: 138240K(138240K)->0K(164864K) From: 320K(101888K)->320K(95232K)
[265.893s][info][gc,heap        ] GC(1234) ParOldGen: 6139K(699392K)->6139K(699392K)
[265.893s][info][gc,metaspace   ] GC(1234) Metaspace: 16569K(16896K)->16569K(16896K) NonClass: 14237K(14400K)->14237K(14400K) Class: 2331K(2496K)->2331K(2496K)
[265.893s][info][gc             ] GC(1234) Pause Young (Allocation Failure) 141M->6M(937M) 0.583ms
[265.893s][info][gc,cpu         ] GC(1234) User=0.00s Sys=0.00s Real=0.00s
[265.929s][info][gc,start       ] GC(1235) Pause Young (Allocation Failure)
[265.929s][info][gc,heap        ] GC(1235) PSYoungGen: 165184K(260096K)->352K(253952K) Eden: 164864K(164864K)->0K(164864K) From: 320K(95232K)->352K(89088K)
[265.929s][info][gc,heap        ] GC(1235) ParOldGen: 6139K(699392K)->6139K(699392K)
[265.929s][info][gc,metaspace   ] GC(1235) Metaspace: 16569K(16896K)->16569K(16896K) NonClass: 14237K(14400K)->14237K(14400K) Class: 2331K(2496K)->2331K(2496K)
[265.930s][info][gc             ] GC(1235) Pause Young (Allocation Failure) 167M->6M(931M) 0.533ms
[265.930s][info][gc,cpu         ] GC(1235) User=0.00s Sys=0.00s Real=0.00s
[265.965s][info][gc,start       ] GC(1236) Pause Young (Allocation Failure)
[265.965s][info][gc,heap        ] GC(1236) PSYoungGen: 165216K(253952K)->384K(272384K) Eden: 164864K(164864K)->0K(189440K) From: 352K(89088K)->384K(82944K)
[265.965s][info][gc,heap        ] GC(1236) ParOldGen: 6139K(699392K)->6139K(699392K)
[265.965s][info][gc,metaspace   ] GC(1236) Metaspace: 16569K(16896K)->16569K(16896K) NonClass: 14237K(14400K)->14237K(14400K) Class: 2331K(2496K)->2331K(2496K)
[265.965s][info][gc             ] GC(1236) Pause Young (Allocation Failure) 167M->6M(949M) 0.504ms
[265.965s][info][gc,cpu         ] GC(1236) User=0.00s Sys=0.00s Real=0.00s
[266.006s][info][gc,start       ] GC(1237) Pause Young (Allocation Failure)
[266.007s][info][gc,heap        ] GC(1237) PSYoungGen: 189824K(272384K)->320K(266240K) Eden: 189440K(189440K)->0K(189440K) From: 384K(82944K)->320K(76800K)
[266.007s][info][gc,heap        ] GC(1237) ParOldGen: 6139K(699392K)->6139K(699392K)
[266.007s][info][gc,metaspace   ] GC(1237) Metaspace: 16569K(16896K)->16569K(16896K) NonClass: 14237K(14400K)->14237K(14400K) Class: 2331K(2496K)->2331K(2496K)
[266.007s][info][gc             ] GC(1237) Pause Young (Allocation Failure) 191M->6M(943M) 0.713ms
[266.007s][info][gc,cpu         ] GC(1237) User=0.00s Sys=0.00s Real=0.00s
[266.047s][info][gc,start       ] GC(1238) Pause Young (Allocation Failure)
[266.048s][info][gc,heap        ] GC(1238) PSYoungGen: 189760K(266240K)->384K(282624K) Eden: 189440K(189440K)->0K(210944K) From: 320K(76800K)->384K(71680K)
[266.048s][info][gc,heap        ] GC(1238) ParOldGen: 6139K(699392K)->6139K(699392K)
[266.048s][info][gc,metaspace   ] GC(1238) Metaspace: 16569K(16896K)->16569K(16896K) NonClass: 14237K(14400K)->14237K(14400K) Class: 2331K(2496K)->2331K(2496K)
[266.048s][info][gc             ] GC(1238) Pause Young (Allocation Failure) 191M->6M(959M) 0.522ms
[266.048s][info][gc,cpu         ] GC(1238) User=0.00s Sys=0.00s Real=0.00s
[266.093s][info][gc,start       ] GC(1239) Pause Young (Allocation Failure)
[266.094s][info][gc,heap        ] GC(1239) PSYoungGen: 211328K(282624K)->352K(277504K) Eden: 210944K(210944K)->0K(210944K) From: 384K(71680K)->352K(66560K)
[266.094s][info][gc,heap        ] GC(1239) ParOldGen: 6139K(699392K)->6139K(699392K)
[266.094s][info][gc,metaspace   ] GC(1239) Metaspace: 16569K(16896K)->16569K(16896K) NonClass: 14237K(14400K)->14237K(14400K) Class: 2331K(2496K)->2331K(2496K)
[266.094s][info][gc             ] GC(1239) Pause Young (Allocation Failure) 212M->6M(954M) 0.588ms
[266.094s][info][gc,cpu         ] GC(1239) User=0.00s Sys=0.00s Real=0.00s
[266.154s][info][gc,start       ] GC(1240) Pause Young (Allocation Failure)
[266.167s][info][gc,heap        ] GC(1240) PSYoungGen: 211296K(277504K)->32131K(279552K) Eden: 210944K(210944K)->0K(218112K) From: 352K(66560K)->32131K(61440K)
[266.167s][info][gc,heap        ] GC(1240) ParOldGen: 6139K(699392K)->6139K(699392K)
[266.167s][info][gc,metaspace   ] GC(1240) Metaspace: 16569K(16896K)->16569K(16896K) NonClass: 14237K(14400K)->14237K(14400K) Class: 2331K(2496K)->2331K(2496K)
[266.167s][info][gc             ] GC(1240) Pause Young (Allocation Failure) 212M->37M(956M) 13.353ms
[266.167s][info][gc,cpu         ] GC(1240) User=0.00s Sys=0.00s Real=0.02s
[266.335s][info][gc,start       ] GC(1241) Pause Young (Allocation Failure)
[266.436s][info][gc,heap        ] GC(1241) PSYoungGen: 250243K(279552K)->65507K(283648K) Eden: 218112K(218112K)->0K(218112K) From: 32131K(61440K)->65507K(65536K)
[266.436s][info][gc,heap        ] GC(1241) ParOldGen: 6139K(699392K)->117867K(699392K)
[266.436s][info][gc,metaspace   ] GC(1241) Metaspace: 16569K(16896K)->16569K(16896K) NonClass: 14237K(14400K)->14237K(14400K) Class: 2331K(2496K)->2331K(2496K)
[266.436s][info][gc             ] GC(1241) Pause Young (Allocation Failure) 250M->179M(960M) 101.823ms
[266.436s][info][gc,cpu         ] GC(1241) User=0.55s Sys=0.00s Real=0.11s
[266.683s][info][gc,start       ] GC(1242) Pause Young (Allocation Failure)
[266.866s][info][gc,heap        ] GC(1242) PSYoungGen: 283619K(283648K)->65506K(182272K) Eden: 218112K(218112K)->0K(116736K) From: 65507K(65536K)->65506K(65536K)
[266.867s][info][gc,heap        ] GC(1242) ParOldGen: 117867K(699392K)->265723K(699392K)
[266.867s][info][gc,metaspace   ] GC(1242) Metaspace: 16569K(16896K)->16569K(16896K) NonClass: 14237K(14400K)->14237K(14400K) Class: 2331K(2496K)->2331K(2496K)
[266.867s][info][gc             ] GC(1242) Pause Young (Allocation Failure) 392M->323M(861M) 184.008ms
[266.867s][info][gc,cpu         ] GC(1242) User=0.80s Sys=0.00s Real=0.17s
[266.999s][info][gc,start       ] GC(1243) Pause Young (Allocation Failure)
[267.117s][info][gc,heap        ] GC(1243) PSYoungGen: 182242K(182272K)->116194K(232960K) Eden: 116736K(116736K)->0K(116736K) From: 65506K(65536K)->116194K(116224K)
[267.117s][info][gc,heap        ] GC(1243) ParOldGen: 265723K(699392K)->295779K(699392K)
[267.117s][info][gc,metaspace   ] GC(1243) Metaspace: 16569K(16896K)->16569K(16896K) NonClass: 14237K(14400K)->14237K(14400K) Class: 2331K(2496K)->2331K(2496K)
[267.117s][info][gc             ] GC(1243) Pause Young (Allocation Failure) 437M->402M(910M) 117.925ms
[267.117s][info][gc,cpu         ] GC(1243) User=0.47s Sys=0.00s Real=0.11s
[267.315s][info][gc,start       ] GC(1244) Pause Young (Allocation Failure)
[267.435s][info][gc,heap        ] GC(1244) PSYoungGen: 232930K(232960K)->116194K(232960K) Eden: 116736K(116736K)->0K(116736K) From: 116194K(116224K)->116194K(116224K)
[267.435s][info][gc,heap        ] GC(1244) ParOldGen: 295779K(699392K)->330196K(699392K)
[267.435s][info][gc,metaspace   ] GC(1244) Metaspace: 16569K(16896K)->16569K(16896K) NonClass: 14237K(14400K)->14237K(14400K) Class: 2331K(2496K)->2331K(2496K)
[267.435s][info][gc             ] GC(1244) Pause Young (Allocation Failure) 516M->435M(910M) 119.922ms
[267.435s][info][gc,cpu         ] GC(1244) User=0.55s Sys=0.00s Real=0.11s
[270.205s][info][gc,start       ] GC(1245) Pause Young (Allocation Failure)
[270.298s][info][gc,heap        ] GC(1245) PSYoungGen: 232930K(232960K)->116224K(232960K) Eden: 116736K(116736K)->0K(116736K) From: 116194K(116224K)->116224K(116224K)
[270.298s][info][gc,heap        ] GC(1245) ParOldGen: 330196K(699392K)->368031K(699392K)
[270.298s][info][gc,metaspace   ] GC(1245) Metaspace: 16569K(16896K)->16569K(16896K) NonClass: 14237K(14400K)->14237K(14400K) Class: 2331K(2496K)->2331K(2496K)
[270.298s][info][gc             ] GC(1245) Pause Young (Allocation Failure) 549M->472M(910M) 93.124ms
[270.298s][info][gc,cpu         ] GC(1245) User=0.48s Sys=0.00s Real=0.09s
[270.353s][info][gc,start       ] GC(1246) Pause Young (Allocation Failure)
[270.431s][info][gc,heap        ] GC(1246) PSYoungGen: 232960K(232960K)->116224K(232960K) Eden: 116736K(116736K)->0K(116736K) From: 116224K(116224K)->116224K(116224K)
[270.431s][info][gc,heap        ] GC(1246) ParOldGen: 368031K(699392K)->418495K(699392K)
[270.431s][info][gc,metaspace   ] GC(1246) Metaspace: 16569K(16896K)->16569K(16896K) NonClass: 14237K(14400K)->14237K(14400K) Class: 2331K(2496K)->2331K(2496K)
[270.431s][info][gc             ] GC(1246) Pause Young (Allocation Failure) 586M->522M(910M) 77.475ms
[270.431s][info][gc,cpu         ] GC(1246) User=0.39s Sys=0.00s Real=0.07s
[270.492s][info][gc,start       ] GC(1247) Pause Young (Allocation Failure)
[270.580s][info][gc,heap        ] GC(1247) PSYoungGen: 232960K(232960K)->90624K(232960K) Eden: 116736K(116736K)->0K(116736K) From: 116224K(116224K)->90624K(116224K)
[270.580s][info][gc,heap        ] GC(1247) ParOldGen: 418495K(699392K)->494239K(699392K)
[270.580s][info][gc,metaspace   ] GC(1247) Metaspace: 16569K(16896K)->16569K(16896K) NonClass: 14237K(14400K)->14237K(14400K) Class: 2331K(2496K)->2331K(2496K)
[270.580s][info][gc             ] GC(1247) Pause Young (Allocation Failure) 636M->571M(910M) 88.346ms
[270.580s][info][gc,cpu         ] GC(1247) User=0.48s Sys=0.00s Real=0.09s
[270.637s][info][gc,start       ] GC(1248) Pause Young (Allocation Failure)
[270.704s][info][gc,heap        ] GC(1248) PSYoungGen: 207360K(232960K)->98976K(232960K) Eden: 116736K(116736K)->0K(116736K) From: 90624K(116224K)->98976K(116224K)
[270.704s][info][gc,heap        ] GC(1248) ParOldGen: 494239K(699392K)->534391K(699392K)
[270.704s][info][gc,metaspace   ] GC(1248) Metaspace: 16569K(16896K)->16569K(16896K) NonClass: 14237K(14400K)->14237K(14400K) Class: 2331K(2496K)->2331K(2496K)
[270.704s][info][gc             ] GC(1248) Pause Young (Allocation Failure) 685M->618M(910M) 66.699ms
[270.704s][info][gc,cpu         ] GC(1248) User=0.39s Sys=0.00s Real=0.08s
[270.761s][info][gc,start       ] GC(1249) Pause Young (Allocation Failure)
[270.832s][info][gc,heap        ] GC(1249) PSYoungGen: 215712K(232960K)->50752K(232960K) Eden: 116736K(116736K)->0K(116736K) From: 98976K(116224K)->50752K(116224K)
[270.832s][info][gc,heap        ] GC(1249) ParOldGen: 534391K(699392K)->631007K(699392K)
[270.832s][info][gc,metaspace   ] GC(1249) Metaspace: 16569K(16896K)->16569K(16896K) NonClass: 14237K(14400K)->14237K(14400K) Class: 2331K(2496K)->2331K(2496K)
[270.832s][info][gc             ] GC(1249) Pause Young (Allocation Failure) 732M->665M(910M) 70.371ms
[270.832s][info][gc,cpu         ] GC(1249) User=0.41s Sys=0.00s Real=0.08s
[270.891s][info][gc,start       ] GC(1250) Pause Full (Ergonomics)
[270.891s][info][gc,phases,start] GC(1250) Marking Phase
[270.977s][info][gc,phases      ] GC(1250) Marking Phase 85.878ms
[270.977s][info][gc,phases,start] GC(1250) Summary Phase
[270.977s][info][gc,phases      ] GC(1250) Summary Phase 0.020ms
[270.977s][info][gc,phases,start] GC(1250) Adjust Roots
[270.979s][info][gc,phases      ] GC(1250) Adjust Roots 2.492ms
[270.979s][info][gc,phases,start] GC(1250) Compaction Phase
[271.182s][info][gc,phases      ] GC(1250) Compaction Phase 202.161ms
[271.182s][info][gc,phases,start] GC(1250) Post Compact
[271.183s][info][gc,phases      ] GC(1250) Post Compact 1.507ms
[271.183s][info][gc,heap        ] GC(1250) PSYoungGen: 167488K(232960K)->0K(232960K) Eden: 116736K(116736K)->0K(116736K) From: 50752K(116224K)->0K(116224K)
[271.183s][info][gc,heap        ] GC(1250) ParOldGen: 631007K(699392K)->287288K(699392K)
[271.183s][info][gc,metaspace   ] GC(1250) Metaspace: 16569K(16896K)->16569K(16896K) NonClass: 14237K(14400K)->14237K(14400K) Class: 2331K(2496K)->2331K(2496K)
[271.183s][info][gc             ] GC(1250) Pause Full (Ergonomics) 779M->280M(910M) 292.388ms
[271.183s][info][gc,cpu         ] GC(1250) User=1.55s Sys=0.00s Real=0.28s
[271.243s][info][gc,start       ] GC(1251) Pause Young (Allocation Failure)
[271.267s][info][gc,heap        ] GC(1251) PSYoungGen: 116736K(232960K)->50944K(232960K) Eden: 116736K(116736K)->0K(116736K) From: 0K(116224K)->50944K(116224K)
[271.267s][info][gc,heap        ] GC(1251) ParOldGen: 287288K(699392K)->287288K(699392K)
[271.267s][info][gc,metaspace   ] GC(1251) Metaspace: 16569K(16896K)->16569K(16896K) NonClass: 14237K(14400K)->14237K(14400K) Class: 2331K(2496K)->2331K(2496K)
[271.267s][info][gc             ] GC(1251) Pause Young (Allocation Failure) 394M->330M(910M) 24.834ms
[271.267s][info][gc,cpu         ] GC(1251) User=0.00s Sys=0.00s Real=0.01s
[271.333s][info][gc,start       ] GC(1252) Pause Young (Allocation Failure)
[271.378s][info][gc,heap        ] GC(1252) PSYoungGen: 167680K(232960K)->51008K(232960K) Eden: 116736K(116736K)->0K(116736K) From: 50944K(116224K)->51008K(116224K)
[271.378s][info][gc,heap        ] GC(1252) ParOldGen: 287288K(699392K)->335328K(699392K)
[271.378s][info][gc,metaspace   ] GC(1252) Metaspace: 16569K(16896K)->16569K(16896K) NonClass: 14237K(14400K)->14237K(14400K) Class: 2331K(2496K)->2331K(2496K)
[271.378s][info][gc             ] GC(1252) Pause Young (Allocation Failure) 444M->377M(910M) 44.407ms
[271.378s][info][gc,cpu         ] GC(1252) User=0.12s Sys=0.00s Real=0.05s
[271.462s][info][gc,start       ] GC(1253) Pause Young (Allocation Failure)
[271.517s][info][gc,heap        ] GC(1253) PSYoungGen: 167744K(232960K)->69482K(232960K) Eden: 116736K(116736K)->0K(116736K) From: 51008K(116224K)->69482K(116224K)
[271.517s][info][gc,heap        ] GC(1253) ParOldGen: 335328K(699392K)->383368K(699392K)
[271.517s][info][gc,metaspace   ] GC(1253) Metaspace: 16569K(16896K)->16569K(16896K) NonClass: 14237K(14400K)->14237K(14400K) Class: 2331K(2496K)->2331K(2496K)
[271.517s][info][gc             ] GC(1253) Pause Young (Allocation Failure) 491M->442M(910M) 54.324ms
[271.517s][info][gc,cpu         ] GC(1253) User=0.28s Sys=0.00s Real=0.05s
[271.810s][info][gc,start       ] GC(1254) Pause Young (Allocation Failure)
[271.901s][info][gc,heap        ] GC(1254) PSYoungGen: 186218K(232960K)->41792K(232960K) Eden: 116736K(116736K)->0K(116736K) From: 69482K(116224K)->41792K(116224K)
[271.901s][info][gc,heap        ] GC(1254) ParOldGen: 383368K(699392K)->434803K(699392K)
[271.901s][info][gc,metaspace   ] GC(1254) Metaspace: 16569K(16896K)->16569K(16896K) NonClass: 14237K(14400K)->14237K(14400K) Class: 2331K(2496K)->2331K(2496K)
[271.901s][info][gc             ] GC(1254) Pause Young (Allocation Failure) 556M->465M(910M) 90.583ms
[271.901s][info][gc,cpu         ] GC(1254) User=0.34s Sys=0.00s Real=0.09s
[272.050s][info][gc,start       ] GC(1255) Pause Young (Allocation Failure)
[272.115s][info][gc,heap        ] GC(1255) PSYoungGen: 158528K(232960K)->3872K(232960K) Eden: 116736K(116736K)->0K(116736K) From: 41792K(116224K)->3872K(116224K)
[272.115s][info][gc,heap        ] GC(1255) ParOldGen: 434803K(699392K)->466147K(699392K)
[272.115s][info][gc,metaspace   ] GC(1255) Metaspace: 16569K(16896K)->16569K(16896K) NonClass: 14237K(14400K)->14237K(14400K) Class: 2331K(2496K)->2331K(2496K)
[272.115s][info][gc             ] GC(1255) Pause Young (Allocation Failure) 579M->459M(910M) 65.141ms
[272.115s][info][gc,cpu         ] GC(1255) User=0.28s Sys=0.00s Real=0.06s
[272.256s][info][gc,start       ] GC(1256) Pause Young (Allocation Failure)
[272.259s][info][gc,heap        ] GC(1256) PSYoungGen: 120608K(232960K)->3136K(232960K) Eden: 116736K(116736K)->0K(116736K) From: 3872K(116224K)->3136K(116224K)
[272.259s][info][gc,heap        ] GC(1256) ParOldGen: 466147K(699392K)->466475K(699392K)
[272.259s][info][gc,metaspace   ] GC(1256) Metaspace: 16569K(16896K)->16569K(16896K) NonClass: 14237K(14400K)->14237K(14400K) Class: 2331K(2496K)->2331K(2496K)
[272.259s][info][gc             ] GC(1256) Pause Young (Allocation Failure) 573M->458M(910M) 2.950ms
[272.259s][info][gc,cpu         ] GC(1256) User=0.02s Sys=0.00s Real=0.02s
[272.385s][info][gc,start       ] GC(1257) Pause Young (Allocation Failure)
[272.387s][info][gc,heap        ] GC(1257) PSYoungGen: 119872K(232960K)->2368K(232960K) Eden: 116736K(116736K)->0K(116736K) From: 3136K(116224K)->2368K(116224K)
[272.387s][info][gc,heap        ] GC(1257) ParOldGen: 466475K(699392K)->466603K(699392K)
[272.387s][info][gc,metaspace   ] GC(1257) Metaspace: 16569K(16896K)->16569K(16896K) NonClass: 14237K(14400K)->14237K(14400K) Class: 2331K(2496K)->2331K(2496K)
[272.387s][info][gc             ] GC(1257) Pause Young (Allocation Failure) 572M->457M(910M) 2.599ms
[272.387s][info][gc,cpu         ] GC(1257) User=0.00s Sys=0.00s Real=0.00s
[272.521s][info][gc,start       ] GC(1258) Pause Young (Allocation Failure)
[272.522s][info][gc,heap        ] GC(1258) PSYoungGen: 119104K(232960K)->192K(232960K) Eden: 116736K(116736K)->0K(116736K) From: 2368K(116224K)->192K(116224K)
[272.522s][info][gc,heap        ] GC(1258) ParOldGen: 466603K(699392K)->466627K(699392K)
[272.522s][info][gc,metaspace   ] GC(1258) Metaspace: 16569K(16896K)->16569K(16896K) NonClass: 14237K(14400K)->14237K(14400K) Class: 2331K(2496K)->2331K(2496K)
[272.522s][info][gc             ] GC(1258) Pause Young (Allocation Failure) 571M->455M(910M) 0.885ms
[272.522s][info][gc,cpu         ] GC(1258) User=0.00s Sys=0.00s Real=0.00s
[273.275s][info][gc,start       ] GC(1259) Pause Young (System.gc())
[273.276s][info][gc,heap        ] GC(1259) PSYoungGen: 88822K(232960K)->128K(232960K) Eden: 88630K(116736K)->0K(116736K) From: 192K(116224K)->128K(116224K)
[273.276s][info][gc,heap        ] GC(1259) ParOldGen: 466627K(699392K)->466627K(699392K)
[273.276s][info][gc,metaspace   ] GC(1259) Metaspace: 16570K(16896K)->16570K(16896K) NonClass: 14238K(14400K)->14238K(14400K) Class: 2331K(2496K)->2331K(2496K)
[273.276s][info][gc             ] GC(1259) Pause Young (System.gc()) 542M->455M(910M) 0.883ms
[273.276s][info][gc,cpu         ] GC(1259) User=0.00s Sys=0.00s Real=0.00s
[273.276s][info][gc,start       ] GC(1260) Pause Full (System.gc())
[273.276s][info][gc,phases,start] GC(1260) Marking Phase
[273.282s][info][gc,phases      ] GC(1260) Marking Phase 5.426ms
[273.282s][info][gc,phases,start] GC(1260) Summary Phase
[273.282s][info][gc,phases      ] GC(1260) Summary Phase 0.011ms
[273.282s][info][gc,phases,start] GC(1260) Adjust Roots
[273.284s][info][gc,phases      ] GC(1260) Adjust Roots 2.328ms
[273.284s][info][gc,phases,start] GC(1260) Compaction Phase
[273.286s][info][gc,phases      ] GC(1260) Compaction Phase 1.456ms
[273.286s][info][gc,phases,start] GC(1260) Post Compact
[273.287s][info][gc,phases      ] GC(1260) Post Compact 1.730ms
[273.288s][info][gc,heap        ] GC(1260) PSYoungGen: 128K(232960K)->0K(232960K) Eden: 0K(116736K)->0K(116736K) From: 128K(116224K)->0K(116224K)
[273.288s][info][gc,heap        ] GC(1260) ParOldGen: 466627K(699392K)->5548K(699392K)
[273.288s][info][gc,metaspace   ] GC(1260) Metaspace: 16570K(16896K)->16570K(16896K) NonClass: 14238K(14400K)->14238K(14400K) Class: 2331K(2496K)->2331K(2496K)
[273.288s][info][gc             ] GC(1260) Pause Full (System.gc()) 455M->5M(910M) 11.227ms
[273.288s][info][gc,cpu         ] GC(1260) User=0.00s Sys=0.00s Real=0.02s
[274.873s][info][gc,start       ] GC(1261) Pause Young (Allocation Failure)
[274.874s][info][gc,heap        ] GC(1261) PSYoungGen: 116736K(232960K)->384K(232960K) Eden: 116736K(116736K)->0K(116736K) From: 0K(116224K)->384K(116224K)
[274.874s][info][gc,heap        ] GC(1261) ParOldGen: 5548K(699392K)->5548K(699392K)
[274.874s][info][gc,metaspace   ] GC(1261) Metaspace: 16570K(16896K)->16570K(16896K) NonClass: 14238K(14400K)->14238K(14400K) Class: 2331K(2496K)->2331K(2496K)
[274.874s][info][gc             ] GC(1261) Pause Young (Allocation Failure) 119M->5M(910M) 0.608ms
[274.874s][info][gc,cpu         ] GC(1261) User=0.00s Sys=0.00s Real=0.00s
[274.896s][info][gc,start       ] GC(1262) Pause Young (Allocation Failure)
[274.896s][info][gc,heap        ] GC(1262) PSYoungGen: 117120K(232960K)->320K(232960K) Eden: 116736K(116736K)->0K(116736K) From: 384K(116224K)->320K(116224K)
[274.896s][info][gc,heap        ] GC(1262) ParOldGen: 5548K(699392K)->5644K(699392K)
[274.896s][info][gc,metaspace   ] GC(1262) Metaspace: 16570K(16896K)->16570K(16896K) NonClass: 14238K(14400K)->14238K(14400K) Class: 2331K(2496K)->2331K(2496K)
[274.896s][info][gc             ] GC(1262) Pause Young (Allocation Failure) 119M->5M(910M) 0.748ms
[274.896s][info][gc,cpu         ] GC(1262) User=0.00s Sys=0.00s Real=0.02s
[274.918s][info][gc,start       ] GC(1263) Pause Young (Allocation Failure)
[274.919s][info][gc,heap        ] GC(1263) PSYoungGen: 117056K(232960K)->288K(232960K) Eden: 116736K(116736K)->0K(116736K) From: 320K(116224K)->288K(116224K)
[274.919s][info][gc,heap        ] GC(1263) ParOldGen: 5644K(699392K)->5684K(699392K)
[274.919s][info][gc,metaspace   ] GC(1263) Metaspace: 16570K(16896K)->16570K(16896K) NonClass: 14238K(14400K)->14238K(14400K) Class: 2331K(2496K)->2331K(2496K)
[274.919s][info][gc             ] GC(1263) Pause Young (Allocation Failure) 119M->5M(910M) 0.508ms
[274.919s][info][gc,cpu         ] GC(1263) User=0.00s Sys=0.00s Real=0.00s
[274.940s][info][gc,start       ] GC(1264) Pause Young (Allocation Failure)
[274.941s][info][gc,heap        ] GC(1264) PSYoungGen: 117024K(232960K)->224K(232960K) Eden: 116736K(116736K)->0K(116736K) From: 288K(116224K)->224K(116224K)
[274.941s][info][gc,heap        ] GC(1264) ParOldGen: 5684K(699392K)->5724K(699392K)
[274.941s][info][gc,metaspace   ] GC(1264) Metaspace: 16570K(16896K)->16570K(16896K) NonClass: 14238K(14400K)->14238K(14400K) Class: 2331K(2496K)->2331K(2496K)
[274.941s][info][gc             ] GC(1264) Pause Young (Allocation Failure) 119M->5M(910M) 0.505ms
[274.941s][info][gc,cpu         ] GC(1264) User=0.00s Sys=0.00s Real=0.00s
[274.963s][info][gc,start       ] GC(1265) Pause Young (Allocation Failure)
[274.963s][info][gc,heap        ] GC(1265) PSYoungGen: 116960K(232960K)->288K(232960K) Eden: 116736K(116736K)->0K(116736K) From: 224K(116224K)->288K(116224K)
[274.963s][info][gc,heap        ] GC(1265) ParOldGen: 5724K(699392K)->5772K(699392K)
[274.963s][info][gc,metaspace   ] GC(1265) Metaspace: 16570K(16896K)->16570K(16896K) NonClass: 14238K(14400K)->14238K(14400K) Class: 2331K(2496K)->2331K(2496K)
[274.963s][info][gc             ] GC(1265) Pause Young (Allocation Failure) 119M->5M(910M) 0.483ms
[274.963s][info][gc,cpu         ] GC(1265) User=0.00s Sys=0.00s Real=0.00s
[274.985s][info][gc,start       ] GC(1266) Pause Young (Allocation Failure)
[274.985s][info][gc,heap        ] GC(1266) PSYoungGen: 117024K(232960K)->288K(232960K) Eden: 116736K(116736K)->0K(116736K) From: 288K(116224K)->288K(116224K)
[274.985s][info][gc,heap        ] GC(1266) ParOldGen: 5772K(699392K)->5796K(699392K)
[274.985s][info][gc,metaspace   ] GC(1266) Metaspace: 16570K(16896K)->16570K(16896K) NonClass: 14238K(14400K)->14238K(14400K) Class: 2331K(2496K)->2331K(2496K)
[274.985s][info][gc             ] GC(1266) Pause Young (Allocation Failure) 119M->5M(910M) 0.513ms
[274.985s][info][gc,cpu         ] GC(1266) User=0.00s Sys=0.00s Real=0.00s
[275.007s][info][gc,start       ] GC(1267) Pause Young (Allocation Failure)
[275.008s][info][gc,heap        ] GC(1267) PSYoungGen: 117024K(232960K)->320K(232960K) Eden: 116736K(116736K)->0K(116736K) From: 288K(116224K)->320K(116224K)
[275.008s][info][gc,heap        ] GC(1267) ParOldGen: 5796K(699392K)->5836K(699392K)
[275.008s][info][gc,metaspace   ] GC(1267) Metaspace: 16570K(16896K)->16570K(16896K) NonClass: 14238K(14400K)->14238K(14400K) Class: 2331K(2496K)->2331K(2496K)
[275.008s][info][gc             ] GC(1267) Pause Young (Allocation Failure) 119M->6M(910M) 0.581ms
[275.008s][info][gc,cpu         ] GC(1267) User=0.00s Sys=0.00s Real=0.00s
[275.029s][info][gc,start       ] GC(1268) Pause Young (Allocation Failure)
[275.029s][info][gc,heap        ] GC(1268) PSYoungGen: 117056K(232960K)->192K(232960K) Eden: 116736K(116736K)->0K(116736K) From: 320K(116224K)->192K(116224K)
[275.029s][info][gc,heap        ] GC(1268) ParOldGen: 5836K(699392K)->5884K(699392K)
[275.029s][info][gc,metaspace   ] GC(1268) Metaspace: 16570K(16896K)->16570K(16896K) NonClass: 14238K(14400K)->14238K(14400K) Class: 2331K(2496K)->2331K(2496K)
[275.029s][info][gc             ] GC(1268) Pause Young (Allocation Failure) 120M->5M(910M) 0.490ms
[275.029s][info][gc,cpu         ] GC(1268) User=0.00s Sys=0.00s Real=0.00s
[275.051s][info][gc,start       ] GC(1269) Pause Young (Allocation Failure)
[275.051s][info][gc,heap        ] GC(1269) PSYoungGen: 116928K(232960K)->384K(236544K) Eden: 116736K(116736K)->0K(120320K) From: 192K(116224K)->384K(116224K)
[275.051s][info][gc,heap        ] GC(1269) ParOldGen: 5884K(699392K)->5924K(699392K)
[275.051s][info][gc,metaspace   ] GC(1269) Metaspace: 16570K(16896K)->16570K(16896K) NonClass: 14238K(14400K)->14238K(14400K) Class: 2331K(2496K)->2331K(2496K)
[275.051s][info][gc             ] GC(1269) Pause Young (Allocation Failure) 119M->6M(914M) 0.498ms
[275.051s][info][gc,cpu         ] GC(1269) User=0.00s Sys=0.00s Real=0.00s
[275.074s][info][gc,start       ] GC(1270) Pause Young (Allocation Failure)
[275.075s][info][gc,heap        ] GC(1270) PSYoungGen: 120704K(236544K)->352K(232960K) Eden: 120320K(120320K)->0K(120320K) From: 384K(116224K)->352K(112640K)
[275.075s][info][gc,heap        ] GC(1270) ParOldGen: 5924K(699392K)->5924K(699392K)
[275.075s][info][gc,metaspace   ] GC(1270) Metaspace: 16570K(16896K)->16570K(16896K) NonClass: 14238K(14400K)->14238K(14400K) Class: 2331K(2496K)->2331K(2496K)
[275.075s][info][gc             ] GC(1270) Pause Young (Allocation Failure) 123M->6M(910M) 0.937ms
[275.075s][info][gc,cpu         ] GC(1270) User=0.00s Sys=0.00s Real=0.00s
[275.098s][info][gc,start       ] GC(1271) Pause Young (Allocation Failure)
[275.098s][info][gc,heap        ] GC(1271) PSYoungGen: 120672K(232960K)->384K(249856K) Eden: 120320K(120320K)->0K(143872K) From: 352K(112640K)->384K(105984K)
[275.098s][info][gc,heap        ] GC(1271) ParOldGen: 5924K(699392K)->5924K(699392K)
[275.098s][info][gc,metaspace   ] GC(1271) Metaspace: 16570K(16896K)->16570K(16896K) NonClass: 14238K(14400K)->14238K(14400K) Class: 2331K(2496K)->2331K(2496K)
[275.098s][info][gc             ] GC(1271) Pause Young (Allocation Failure) 123M->6M(927M) 0.548ms
[275.098s][info][gc,cpu         ] GC(1271) User=0.00s Sys=0.00s Real=0.00s
[275.124s][info][gc,start       ] GC(1272) Pause Young (Allocation Failure)
[275.125s][info][gc,heap        ] GC(1272) PSYoungGen: 144256K(249856K)->352K(243200K) Eden: 143872K(143872K)->0K(143872K) From: 384K(105984K)->352K(99328K)
[275.125s][info][gc,heap        ] GC(1272) ParOldGen: 5924K(699392K)->5924K(699392K)
[275.125s][info][gc,metaspace   ] GC(1272) Metaspace: 16570K(16896K)->16570K(16896K) NonClass: 14238K(14400K)->14238K(14400K) Class: 2331K(2496K)->2331K(2496K)
[275.125s][info][gc             ] GC(1272) Pause Young (Allocation Failure) 146M->6M(920M) 0.557ms
[275.125s][info][gc,cpu         ] GC(1272) User=0.00s Sys=0.00s Real=0.00s
[275.151s][info][gc,start       ] GC(1273) Pause Young (Allocation Failure)
[275.151s][info][gc,heap        ] GC(1273) PSYoungGen: 144224K(243200K)->352K(262144K) Eden: 143872K(143872K)->0K(168960K) From: 352K(99328K)->352K(93184K)
[275.152s][info][gc,heap        ] GC(1273) ParOldGen: 5924K(699392K)->5924K(699392K)
[275.152s][info][gc,metaspace   ] GC(1273) Metaspace: 16570K(16896K)->16570K(16896K) NonClass: 14238K(14400K)->14238K(14400K) Class: 2331K(2496K)->2331K(2496K)
[275.152s][info][gc             ] GC(1273) Pause Young (Allocation Failure) 146M->6M(939M) 0.508ms
[275.152s][info][gc,cpu         ] GC(1273) User=0.00s Sys=0.00s Real=0.00s
[275.182s][info][gc,start       ] GC(1274) Pause Young (Allocation Failure)
[275.183s][info][gc,heap        ] GC(1274) PSYoungGen: 169312K(262144K)->352K(256000K) Eden: 168960K(168960K)->0K(168960K) From: 352K(93184K)->352K(87040K)
[275.183s][info][gc,heap        ] GC(1274) ParOldGen: 5924K(699392K)->5924K(699392K)
[275.183s][info][gc,metaspace   ] GC(1274) Metaspace: 16570K(16896K)->16570K(16896K) NonClass: 14238K(14400K)->14238K(14400K) Class: 2331K(2496K)->2331K(2496K)
[275.183s][info][gc             ] GC(1274) Pause Young (Allocation Failure) 171M->6M(933M) 0.488ms
[275.183s][info][gc,cpu         ] GC(1274) User=0.00s Sys=0.00s Real=0.00s
[275.214s][info][gc,start       ] GC(1275) Pause Young (Allocation Failure)
[275.215s][info][gc,heap        ] GC(1275) PSYoungGen: 169312K(256000K)->320K(272896K) Eden: 168960K(168960K)->0K(191488K) From: 352K(87040K)->320K(81408K)
[275.215s][info][gc,heap        ] GC(1275) ParOldGen: 5924K(699392K)->5924K(699392K)
[275.215s][info][gc,metaspace   ] GC(1275) Metaspace: 16570K(16896K)->16570K(16896K) NonClass: 14238K(14400K)->14238K(14400K) Class: 2331K(2496K)->2331K(2496K)
[275.215s][info][gc             ] GC(1275) Pause Young (Allocation Failure) 171M->6M(949M) 0.504ms
[275.215s][info][gc,cpu         ] GC(1275) User=0.00s Sys=0.00s Real=0.00s
[275.252s][info][gc,start       ] GC(1276) Pause Young (Allocation Failure)
[275.252s][info][gc,heap        ] GC(1276) PSYoungGen: 191808K(272896K)->352K(267776K) Eden: 191488K(191488K)->0K(191488K) From: 320K(81408K)->352K(76288K)
[275.252s][info][gc,heap        ] GC(1276) ParOldGen: 5924K(699392K)->5924K(699392K)
[275.252s][info][gc,metaspace   ] GC(1276) Metaspace: 16570K(16896K)->16570K(16896K) NonClass: 14238K(14400K)->14238K(14400K) Class: 2331K(2496K)->2331K(2496K)
[275.252s][info][gc             ] GC(1276) Pause Young (Allocation Failure) 193M->6M(944M) 0.546ms
[275.252s][info][gc,cpu         ] GC(1276) User=0.00s Sys=0.00s Real=0.00s
[275.287s][info][gc,start       ] GC(1277) Pause Young (Allocation Failure)
[275.288s][info][gc,heap        ] GC(1277) PSYoungGen: 191840K(267776K)->384K(283136K) Eden: 191488K(191488K)->0K(212480K) From: 352K(76288K)->384K(70656K)
[275.288s][info][gc,heap        ] GC(1277) ParOldGen: 5924K(699392K)->5924K(699392K)
[275.288s][info][gc,metaspace   ] GC(1277) Metaspace: 16570K(16896K)->16570K(16896K) NonClass: 14238K(14400K)->14238K(14400K) Class: 2331K(2496K)->2331K(2496K)
[275.288s][info][gc             ] GC(1277) Pause Young (Allocation Failure) 193M->6M(959M) 0.558ms
[275.288s][info][gc,cpu         ] GC(1277) User=0.00s Sys=0.00s Real=0.00s
[275.328s][info][gc,start       ] GC(1278) Pause Young (Allocation Failure)
[275.329s][info][gc,heap        ] GC(1278) PSYoungGen: 212864K(283136K)->352K(278528K) Eden: 212480K(212480K)->0K(212480K) From: 384K(70656K)->352K(66048K)
[275.329s][info][gc,heap        ] GC(1278) ParOldGen: 5924K(699392K)->5924K(699392K)
[275.329s][info][gc,metaspace   ] GC(1278) Metaspace: 16570K(16896K)->16570K(16896K) NonClass: 14238K(14400K)->14238K(14400K) Class: 2331K(2496K)->2331K(2496K)
[275.329s][info][gc             ] GC(1278) Pause Young (Allocation Failure) 213M->6M(955M) 0.541ms
[275.329s][info][gc,cpu         ] GC(1278) User=0.00s Sys=0.00s Real=0.00s
[275.370s][info][gc,start       ] GC(1279) Pause Young (Allocation Failure)
[275.370s][info][gc,heap        ] GC(1279) PSYoungGen: 212832K(278528K)->352K(292352K) Eden: 212480K(212480K)->0K(230912K) From: 352K(66048K)->352K(61440K)
[275.370s][info][gc,heap        ] GC(1279) ParOldGen: 5924K(699392K)->5924K(699392K)
[275.370s][info][gc,metaspace   ] GC(1279) Metaspace: 16570K(16896K)->16570K(16896K) NonClass: 14238K(14400K)->14238K(14400K) Class: 2331K(2496K)->2331K(2496K)
[275.370s][info][gc             ] GC(1279) Pause Young (Allocation Failure) 213M->6M(968M) 0.514ms
[275.370s][info][gc,cpu         ] GC(1279) User=0.00s Sys=0.00s Real=0.00s
[275.439s][info][gc,start       ] GC(1280) Pause Young (Allocation Failure)
[275.465s][info][gc,heap        ] GC(1280) PSYoungGen: 231264K(292352K)->51538K(282624K) Eden: 230912K(230912K)->0K(230912K) From: 352K(61440K)->51538K(51712K)
[275.465s][info][gc,heap        ] GC(1280) ParOldGen: 5924K(699392K)->5924K(699392K)
[275.466s][info][gc,metaspace   ] GC(1280) Metaspace: 16570K(16896K)->16570K(16896K) NonClass: 14238K(14400K)->14238K(14400K) Class: 2331K(2496K)->2331K(2496K)
[275.466s][info][gc             ] GC(1280) Pause Young (Allocation Failure) 231M->56M(959M) 26.552ms
[275.466s][info][gc,cpu         ] GC(1280) User=0.03s Sys=0.00s Real=0.03s
[275.659s][info][gc,start       ] GC(1281) Pause Young (Allocation Failure)
[275.809s][info][gc,heap        ] GC(1281) PSYoungGen: 282450K(282624K)->66531K(183296K) Eden: 230912K(230912K)->0K(116736K) From: 51538K(51712K)->66531K(66560K)
[275.809s][info][gc,heap        ] GC(1281) ParOldGen: 5924K(699392K)->146148K(699392K)
[275.809s][info][gc,metaspace   ] GC(1281) Metaspace: 16570K(16896K)->16570K(16896K) NonClass: 14238K(14400K)->14238K(14400K) Class: 2331K(2496K)->2331K(2496K)
[275.809s][info][gc             ] GC(1281) Pause Young (Allocation Failure) 281M->207M(862M) 150.681ms
[275.809s][info][gc,cpu         ] GC(1281) User=0.66s Sys=0.00s Real=0.16s
[275.929s][info][gc,start       ] GC(1282) Pause Young (Allocation Failure)
[276.035s][info][gc,heap        ] GC(1282) PSYoungGen: 183267K(183296K)->116195K(232960K) Eden: 116736K(116736K)->0K(116736K) From: 66531K(66560K)->116195K(116224K)
[276.035s][info][gc,heap        ] GC(1282) ParOldGen: 146148K(699392K)->177012K(699392K)
[276.035s][info][gc,metaspace   ] GC(1282) Metaspace: 16570K(16896K)->16570K(16896K) NonClass: 14238K(14400K)->14238K(14400K) Class: 2331K(2496K)->2331K(2496K)
[276.035s][info][gc             ] GC(1282) Pause Young (Allocation Failure) 321M->286M(910M) 106.121ms
[276.035s][info][gc,cpu         ] GC(1282) User=0.30s Sys=0.06s Real=0.11s
[276.159s][info][gc,start       ] GC(1283) Pause Young (Allocation Failure)
[276.334s][info][gc,heap        ] GC(1283) PSYoungGen: 232931K(232960K)->116209K(232960K) Eden: 116736K(116736K)->0K(116736K) From: 116195K(116224K)->116209K(116224K)
[276.334s][info][gc,heap        ] GC(1283) ParOldGen: 177012K(699392K)->255068K(699392K)
[276.334s][info][gc,metaspace   ] GC(1283) Metaspace: 16570K(16896K)->16570K(16896K) NonClass: 14238K(14400K)->14238K(14400K) Class: 2331K(2496K)->2331K(2496K)
[276.334s][info][gc             ] GC(1283) Pause Young (Allocation Failure) 400M->362M(910M) 174.455ms
[276.334s][info][gc,cpu         ] GC(1283) User=0.62s Sys=0.00s Real=0.17s
[276.484s][info][gc,start       ] GC(1284) Pause Young (Allocation Failure)
[276.639s][info][gc,heap        ] GC(1284) PSYoungGen: 232945K(232960K)->116194K(232960K) Eden: 116736K(116736K)->0K(116736K) From: 116209K(116224K)->116194K(116224K)
[276.639s][info][gc,heap        ] GC(1284) ParOldGen: 255068K(699392K)->332660K(699392K)
[276.639s][info][gc,metaspace   ] GC(1284) Metaspace: 16570K(16896K)->16570K(16896K) NonClass: 14238K(14400K)->14238K(14400K) Class: 2331K(2496K)->2331K(2496K)
[276.639s][info][gc             ] GC(1284) Pause Young (Allocation Failure) 476M->438M(910M) 155.166ms
[276.639s][info][gc,cpu         ] GC(1284) User=0.66s Sys=0.00s Real=0.16s
[279.479s][info][gc,start       ] GC(1285) Pause Young (Allocation Failure)
[279.591s][info][gc,heap        ] GC(1285) PSYoungGen: 232930K(232960K)->116194K(232960K) Eden: 116736K(116736K)->0K(116736K) From: 116194K(116224K)->116194K(116224K)
[279.591s][info][gc,heap        ] GC(1285) ParOldGen: 332660K(699392K)->343380K(699392K)
[279.591s][info][gc,metaspace   ] GC(1285) Metaspace: 16570K(16896K)->16570K(16896K) NonClass: 14239K(14400K)->14239K(14400K) Class: 2331K(2496K)->2331K(2496K)
[279.591s][info][gc             ] GC(1285) Pause Young (Allocation Failure) 552M->448M(910M) 111.818ms
[279.591s][info][gc,cpu         ] GC(1285) User=0.53s Sys=0.00s Real=0.13s
[279.655s][info][gc,start       ] GC(1286) Pause Young (Allocation Failure)
[279.785s][info][gc,heap        ] GC(1286) PSYoungGen: 232930K(232960K)->116224K(232960K) Eden: 116736K(116736K)->0K(116736K) From: 116194K(116224K)->116224K(116224K)
[279.785s][info][gc,heap        ] GC(1286) ParOldGen: 343380K(699392K)->395503K(699392K)
[279.785s][info][gc,metaspace   ] GC(1286) Metaspace: 16570K(16896K)->16570K(16896K) NonClass: 14239K(14400K)->14239K(14400K) Class: 2331K(2496K)->2331K(2496K)
[279.785s][info][gc             ] GC(1286) Pause Young (Allocation Failure) 562M->499M(910M) 130.350ms
[279.785s][info][gc,cpu         ] GC(1286) User=0.55s Sys=0.00s Real=0.12s
[279.850s][info][gc,start       ] GC(1287) Pause Young (Allocation Failure)
[279.960s][info][gc,heap        ] GC(1287) PSYoungGen: 232960K(232960K)->116224K(232960K) Eden: 116736K(116736K)->0K(116736K) From: 116224K(116224K)->116224K(116224K)
[279.960s][info][gc,heap        ] GC(1287) ParOldGen: 395503K(699392K)->445871K(699392K)
[279.960s][info][gc,metaspace   ] GC(1287) Metaspace: 16570K(16896K)->16570K(16896K) NonClass: 14239K(14400K)->14239K(14400K) Class: 2331K(2496K)->2331K(2496K)
[279.960s][info][gc             ] GC(1287) Pause Young (Allocation Failure) 613M->548M(910M) 109.406ms
[279.960s][info][gc,cpu         ] GC(1287) User=0.41s Sys=0.00s Real=0.11s
[280.029s][info][gc,start       ] GC(1288) Pause Young (Allocation Failure)
[280.141s][info][gc,heap        ] GC(1288) PSYoungGen: 232960K(232960K)->111776K(232960K) Eden: 116736K(116736K)->0K(116736K) From: 116224K(116224K)->111776K(116224K)
[280.142s][info][gc,heap        ] GC(1288) ParOldGen: 445871K(699392K)->500311K(699392K)
[280.142s][info][gc,metaspace   ] GC(1288) Metaspace: 16570K(16896K)->16570K(16896K) NonClass: 14239K(14400K)->14239K(14400K) Class: 2331K(2496K)->2331K(2496K)
[280.142s][info][gc             ] GC(1288) Pause Young (Allocation Failure) 662M->597M(910M) 112.855ms
[280.142s][info][gc,cpu         ] GC(1288) User=0.44s Sys=0.00s Real=0.12s
[280.204s][info][gc,start       ] GC(1289) Pause Young (Allocation Failure)
[280.288s][info][gc,heap        ] GC(1289) PSYoungGen: 228512K(232960K)->116224K(232960K) Eden: 116736K(116736K)->0K(116736K) From: 111776K(116224K)->116224K(116224K)
[280.288s][info][gc,heap        ] GC(1289) ParOldGen: 500311K(699392K)->544175K(699392K)
[280.288s][info][gc,metaspace   ] GC(1289) Metaspace: 16570K(16896K)->16570K(16896K) NonClass: 14239K(14400K)->14239K(14400K) Class: 2331K(2496K)->2331K(2496K)
[280.288s][info][gc             ] GC(1289) Pause Young (Allocation Failure) 711M->644M(910M) 83.130ms
[280.288s][info][gc,cpu         ] GC(1289) User=0.47s Sys=0.00s Real=0.08s
[280.355s][info][gc,start       ] GC(1290) Pause Young (Allocation Failure)
[280.468s][info][gc,heap        ] GC(1290) PSYoungGen: 232960K(232960K)->86624K(232960K) Eden: 116736K(116736K)->0K(116736K) From: 116224K(116224K)->86624K(116224K)
[280.468s][info][gc,heap        ] GC(1290) ParOldGen: 544175K(699392K)->623231K(699392K)
[280.468s][info][gc,metaspace   ] GC(1290) Metaspace: 16570K(16896K)->16570K(16896K) NonClass: 14239K(14400K)->14239K(14400K) Class: 2331K(2496K)->2331K(2496K)
[280.468s][info][gc             ] GC(1290) Pause Young (Allocation Failure) 758M->693M(910M) 112.823ms
[280.468s][info][gc,cpu         ] GC(1290) User=0.42s Sys=0.00s Real=0.11s
[280.544s][info][gc,start       ] GC(1291) Pause Full (Ergonomics)
[280.544s][info][gc,phases,start] GC(1291) Marking Phase
[280.667s][info][gc,phases      ] GC(1291) Marking Phase 122.612ms
[280.667s][info][gc,phases,start] GC(1291) Summary Phase
[280.667s][info][gc,phases      ] GC(1291) Summary Phase 0.030ms
[280.667s][info][gc,phases,start] GC(1291) Adjust Roots
[280.669s][info][gc,phases      ] GC(1291) Adjust Roots 2.358ms
[280.669s][info][gc,phases,start] GC(1291) Compaction Phase
[280.945s][info][gc,phases      ] GC(1291) Compaction Phase 276.135ms
[280.945s][info][gc,phases,start] GC(1291) Post Compact
[280.947s][info][gc,phases      ] GC(1291) Post Compact 1.643ms
[280.947s][info][gc,heap        ] GC(1291) PSYoungGen: 203360K(232960K)->0K(232960K) Eden: 116736K(116736K)->0K(116736K) From: 86624K(116224K)->0K(116224K)
[280.947s][info][gc,heap        ] GC(1291) ParOldGen: 623231K(699392K)->311198K(699392K)
[280.947s][info][gc,metaspace   ] GC(1291) Metaspace: 16570K(16896K)->16570K(16896K) NonClass: 14239K(14400K)->14239K(14400K) Class: 2331K(2496K)->2331K(2496K)
[280.947s][info][gc             ] GC(1291) Pause Full (Ergonomics) 807M->303M(910M) 403.130ms
[280.947s][info][gc,cpu         ] GC(1291) User=1.92s Sys=0.00s Real=0.41s
[281.014s][info][gc,start       ] GC(1292) Pause Young (Allocation Failure)
[281.040s][info][gc,heap        ] GC(1292) PSYoungGen: 116736K(232960K)->50944K(232960K) Eden: 116736K(116736K)->0K(116736K) From: 0K(116224K)->50944K(116224K)
[281.040s][info][gc,heap        ] GC(1292) ParOldGen: 311198K(699392K)->311198K(699392K)
[281.040s][info][gc,metaspace   ] GC(1292) Metaspace: 16570K(16896K)->16570K(16896K) NonClass: 14239K(14400K)->14239K(14400K) Class: 2331K(2496K)->2331K(2496K)
[281.040s][info][gc             ] GC(1292) Pause Young (Allocation Failure) 417M->353M(910M) 25.680ms
[281.040s][info][gc,cpu         ] GC(1292) User=0.02s Sys=0.00s Real=0.03s
[281.106s][info][gc,start       ] GC(1293) Pause Young (Allocation Failure)
[281.155s][info][gc,heap        ] GC(1293) PSYoungGen: 167680K(232960K)->51072K(232960K) Eden: 116736K(116736K)->0K(116736K) From: 50944K(116224K)->51072K(116224K)
[281.155s][info][gc,heap        ] GC(1293) ParOldGen: 311198K(699392K)->359214K(699392K)
[281.155s][info][gc,metaspace   ] GC(1293) Metaspace: 16570K(16896K)->16570K(16896K) NonClass: 14239K(14400K)->14239K(14400K) Class: 2331K(2496K)->2331K(2496K)
[281.155s][info][gc             ] GC(1293) Pause Young (Allocation Failure) 467M->400M(910M) 48.579ms
[281.155s][info][gc,cpu         ] GC(1293) User=0.20s Sys=0.00s Real=0.05s
[281.356s][info][gc,start       ] GC(1294) Pause Young (Allocation Failure)
[281.497s][info][gc,heap        ] GC(1294) PSYoungGen: 167808K(232960K)->81706K(232960K) Eden: 116736K(116736K)->0K(116736K) From: 51072K(116224K)->81706K(116224K)
[281.497s][info][gc,heap        ] GC(1294) ParOldGen: 359214K(699392K)->408110K(699392K)
[281.497s][info][gc,metaspace   ] GC(1294) Metaspace: 16570K(16896K)->16570K(16896K) NonClass: 14239K(14400K)->14239K(14400K) Class: 2331K(2496K)->2331K(2496K)
[281.497s][info][gc             ] GC(1294) Pause Young (Allocation Failure) 514M->478M(910M) 140.806ms
[281.497s][info][gc,cpu         ] GC(1294) User=0.50s Sys=0.00s Real=0.14s
[281.818s][info][gc,start       ] GC(1295) Pause Young (Allocation Failure)
[281.904s][info][gc,heap        ] GC(1295) PSYoungGen: 198442K(232960K)->4352K(232960K) Eden: 116736K(116736K)->0K(116736K) From: 81706K(116224K)->4352K(116224K)
[281.905s][info][gc,heap        ] GC(1295) ParOldGen: 408110K(699392K)->467705K(699392K)
[281.905s][info][gc,metaspace   ] GC(1295) Metaspace: 16570K(16896K)->16570K(16896K) NonClass: 14239K(14400K)->14239K(14400K) Class: 2331K(2496K)->2331K(2496K)
[281.905s][info][gc             ] GC(1295) Pause Young (Allocation Failure) 592M->460M(910M) 86.836ms
[281.905s][info][gc,cpu         ] GC(1295) User=0.34s Sys=0.00s Real=0.09s
[282.067s][info][gc,start       ] GC(1296) Pause Young (Allocation Failure)
[282.072s][info][gc,heap        ] GC(1296) PSYoungGen: 121088K(232960K)->3456K(232960K) Eden: 116736K(116736K)->0K(116736K) From: 4352K(116224K)->3456K(116224K)
[282.072s][info][gc,heap        ] GC(1296) ParOldGen: 467705K(699392K)->468345K(699392K)
[282.072s][info][gc,metaspace   ] GC(1296) Metaspace: 16570K(16896K)->16570K(16896K) NonClass: 14239K(14400K)->14239K(14400K) Class: 2331K(2496K)->2331K(2496K)
[282.072s][info][gc             ] GC(1296) Pause Young (Allocation Failure) 574M->460M(910M) 4.295ms
[282.072s][info][gc,cpu         ] GC(1296) User=0.02s Sys=0.00s Real=0.02s
[282.243s][info][gc,start       ] GC(1297) Pause Young (Allocation Failure)
[282.246s][info][gc,heap        ] GC(1297) PSYoungGen: 120192K(232960K)->2752K(232960K) Eden: 116736K(116736K)->0K(116736K) From: 3456K(116224K)->2752K(116224K)
[282.247s][info][gc,heap        ] GC(1297) ParOldGen: 468345K(699392K)->468561K(699392K)
[282.247s][info][gc,metaspace   ] GC(1297) Metaspace: 16570K(16896K)->16570K(16896K) NonClass: 14239K(14400K)->14239K(14400K) Class: 2331K(2496K)->2331K(2496K)
[282.247s][info][gc             ] GC(1297) Pause Young (Allocation Failure) 574M->460M(910M) 3.644ms
[282.247s][info][gc,cpu         ] GC(1297) User=0.00s Sys=0.00s Real=0.01s
[282.384s][info][gc,start       ] GC(1298) Pause Young (Allocation Failure)
[282.386s][info][gc,heap        ] GC(1298) PSYoungGen: 119488K(232960K)->1728K(232960K) Eden: 116736K(116736K)->0K(116736K) From: 2752K(116224K)->1728K(116224K)
[282.386s][info][gc,heap        ] GC(1298) ParOldGen: 468561K(699392K)->468609K(699392K)
[282.386s][info][gc,metaspace   ] GC(1298) Metaspace: 16570K(16896K)->16570K(16896K) NonClass: 14239K(14400K)->14239K(14400K) Class: 2331K(2496K)->2331K(2496K)
[282.386s][info][gc             ] GC(1298) Pause Young (Allocation Failure) 574M->459M(910M) 1.969ms
[282.386s][info][gc,cpu         ] GC(1298) User=0.02s Sys=0.00s Real=0.01s
[282.967s][info][gc,start       ] GC(1299) Pause Young (Allocation Failure)
[282.968s][info][gc,heap        ] GC(1299) PSYoungGen: 118464K(232960K)->2176K(232960K) Eden: 116736K(116736K)->0K(116736K) From: 1728K(116224K)->2176K(116224K)
[282.968s][info][gc,heap        ] GC(1299) ParOldGen: 468609K(699392K)->468609K(699392K)
[282.968s][info][gc,metaspace   ] GC(1299) Metaspace: 16571K(16896K)->16571K(16896K) NonClass: 14240K(14400K)->14240K(14400K) Class: 2331K(2496K)->2331K(2496K)
[282.968s][info][gc             ] GC(1299) Pause Young (Allocation Failure) 573M->459M(910M) 1.624ms
[282.968s][info][gc,cpu         ] GC(1299) User=0.00s Sys=0.00s Real=0.00s
[283.206s][info][gc,start       ] GC(1300) Pause Young (System.gc())
[283.207s][info][gc,heap        ] GC(1300) PSYoungGen: 32363K(232960K)->96K(232960K) Eden: 30187K(116736K)->0K(116736K) From: 2176K(116224K)->96K(116224K)
[283.207s][info][gc,heap        ] GC(1300) ParOldGen: 468609K(699392K)->468649K(699392K)
[283.207s][info][gc,metaspace   ] GC(1300) Metaspace: 16572K(16896K)->16572K(16896K) NonClass: 14240K(14400K)->14240K(14400K) Class: 2331K(2496K)->2331K(2496K)
[283.207s][info][gc             ] GC(1300) Pause Young (System.gc()) 489M->457M(910M) 0.803ms
[283.207s][info][gc,cpu         ] GC(1300) User=0.00s Sys=0.00s Real=0.00s
[283.207s][info][gc,start       ] GC(1301) Pause Full (System.gc())
[283.207s][info][gc,phases,start] GC(1301) Marking Phase
[283.212s][info][gc,phases      ] GC(1301) Marking Phase 4.606ms
[283.212s][info][gc,phases,start] GC(1301) Summary Phase
[283.212s][info][gc,phases      ] GC(1301) Summary Phase 0.012ms
[283.212s][info][gc,phases,start] GC(1301) Adjust Roots
[283.214s][info][gc,phases      ] GC(1301) Adjust Roots 1.850ms
[283.214s][info][gc,phases,start] GC(1301) Compaction Phase
[283.215s][info][gc,phases      ] GC(1301) Compaction Phase 1.519ms
[283.215s][info][gc,phases,start] GC(1301) Post Compact
[283.217s][info][gc,phases      ] GC(1301) Post Compact 1.783ms
[283.217s][info][gc,heap        ] GC(1301) PSYoungGen: 96K(232960K)->0K(232960K) Eden: 0K(116736K)->0K(116736K) From: 96K(116224K)->0K(116224K)
[283.217s][info][gc,heap        ] GC(1301) ParOldGen: 468649K(699392K)->5547K(699392K)
[283.217s][info][gc,metaspace   ] GC(1301) Metaspace: 16572K(16896K)->16572K(16896K) NonClass: 14240K(14400K)->14240K(14400K) Class: 2331K(2496K)->2331K(2496K)
[283.217s][info][gc             ] GC(1301) Pause Full (System.gc()) 457M->5M(910M) 10.053ms
[283.217s][info][gc,cpu         ] GC(1301) User=0.00s Sys=0.00s Real=0.02s
[284.849s][info][gc,start       ] GC(1302) Pause Young (Allocation Failure)
[284.849s][info][gc,heap        ] GC(1302) PSYoungGen: 116736K(232960K)->352K(232960K) Eden: 116736K(116736K)->0K(116736K) From: 0K(116224K)->352K(116224K)
[284.849s][info][gc,heap        ] GC(1302) ParOldGen: 5547K(699392K)->5547K(699392K)
[284.849s][info][gc,metaspace   ] GC(1302) Metaspace: 16575K(16896K)->16575K(16896K) NonClass: 14243K(14400K)->14243K(14400K) Class: 2331K(2496K)->2331K(2496K)
[284.849s][info][gc             ] GC(1302) Pause Young (Allocation Failure) 119M->5M(910M) 0.560ms
[284.849s][info][gc,cpu         ] GC(1302) User=0.00s Sys=0.00s Real=0.00s
[284.880s][info][gc,start       ] GC(1303) Pause Young (Allocation Failure)
[284.881s][info][gc,heap        ] GC(1303) PSYoungGen: 117088K(232960K)->320K(232960K) Eden: 116736K(116736K)->0K(116736K) From: 352K(116224K)->320K(116224K)
[284.881s][info][gc,heap        ] GC(1303) ParOldGen: 5547K(699392K)->5643K(699392K)
[284.881s][info][gc,metaspace   ] GC(1303) Metaspace: 16575K(16896K)->16575K(16896K) NonClass: 14243K(14400K)->14243K(14400K) Class: 2331K(2496K)->2331K(2496K)
[284.881s][info][gc             ] GC(1303) Pause Young (Allocation Failure) 119M->5M(910M) 0.847ms
[284.881s][info][gc,cpu         ] GC(1303) User=0.03s Sys=0.00s Real=0.02s
[284.908s][info][gc,start       ] GC(1304) Pause Young (Allocation Failure)
[284.908s][info][gc,heap        ] GC(1304) PSYoungGen: 117056K(232960K)->256K(232960K) Eden: 116736K(116736K)->0K(116736K) From: 320K(116224K)->256K(116224K)
[284.908s][info][gc,heap        ] GC(1304) ParOldGen: 5643K(699392K)->5683K(699392K)
[284.908s][info][gc,metaspace   ] GC(1304) Metaspace: 16575K(16896K)->16575K(16896K) NonClass: 14243K(14400K)->14243K(14400K) Class: 2331K(2496K)->2331K(2496K)
[284.908s][info][gc             ] GC(1304) Pause Young (Allocation Failure) 119M->5M(910M) 0.674ms
[284.908s][info][gc,cpu         ] GC(1304) User=0.00s Sys=0.00s Real=0.00s
[284.934s][info][gc,start       ] GC(1305) Pause Young (Allocation Failure)
[284.935s][info][gc,heap        ] GC(1305) PSYoungGen: 116992K(232960K)->288K(232960K) Eden: 116736K(116736K)->0K(116736K) From: 256K(116224K)->288K(116224K)
[284.935s][info][gc,heap        ] GC(1305) ParOldGen: 5683K(699392K)->5731K(699392K)
[284.935s][info][gc,metaspace   ] GC(1305) Metaspace: 16575K(16896K)->16575K(16896K) NonClass: 14243K(14400K)->14243K(14400K) Class: 2331K(2496K)->2331K(2496K)
[284.935s][info][gc             ] GC(1305) Pause Young (Allocation Failure) 119M->5M(910M) 0.524ms
[284.935s][info][gc,cpu         ] GC(1305) User=0.00s Sys=0.00s Real=0.00s
[284.962s][info][gc,start       ] GC(1306) Pause Young (Allocation Failure)
[284.963s][info][gc,heap        ] GC(1306) PSYoungGen: 117024K(232960K)->352K(232960K) Eden: 116736K(116736K)->0K(116736K) From: 288K(116224K)->352K(116224K)
[284.963s][info][gc,heap        ] GC(1306) ParOldGen: 5731K(699392K)->5771K(699392K)
[284.963s][info][gc,metaspace   ] GC(1306) Metaspace: 16575K(16896K)->16575K(16896K) NonClass: 14243K(14400K)->14243K(14400K) Class: 2331K(2496K)->2331K(2496K)
[284.963s][info][gc             ] GC(1306) Pause Young (Allocation Failure) 119M->5M(910M) 0.601ms
[284.963s][info][gc,cpu         ] GC(1306) User=0.00s Sys=0.00s Real=0.00s
[284.992s][info][gc,start       ] GC(1307) Pause Young (Allocation Failure)
[284.992s][info][gc,heap        ] GC(1307) PSYoungGen: 117088K(232960K)->256K(232960K) Eden: 116736K(116736K)->0K(116736K) From: 352K(116224K)->256K(116224K)
[284.992s][info][gc,heap        ] GC(1307) ParOldGen: 5771K(699392K)->5835K(699392K)
[284.993s][info][gc,metaspace   ] GC(1307) Metaspace: 16575K(16896K)->16575K(16896K) NonClass: 14243K(14400K)->14243K(14400K) Class: 2331K(2496K)->2331K(2496K)
[284.993s][info][gc             ] GC(1307) Pause Young (Allocation Failure) 119M->5M(910M) 0.703ms
[284.993s][info][gc,cpu         ] GC(1307) User=0.00s Sys=0.00s Real=0.00s
[285.023s][info][gc,start       ] GC(1308) Pause Young (Allocation Failure)
[285.024s][info][gc,heap        ] GC(1308) PSYoungGen: 116992K(232960K)->320K(232960K) Eden: 116736K(116736K)->0K(116736K) From: 256K(116224K)->320K(116224K)
[285.024s][info][gc,heap        ] GC(1308) ParOldGen: 5835K(699392K)->5891K(699392K)
[285.024s][info][gc,metaspace   ] GC(1308) Metaspace: 16575K(16896K)->16575K(16896K) NonClass: 14243K(14400K)->14243K(14400K) Class: 2331K(2496K)->2331K(2496K)
[285.024s][info][gc             ] GC(1308) Pause Young (Allocation Failure) 119M->6M(910M) 0.743ms
[285.024s][info][gc,cpu         ] GC(1308) User=0.00s Sys=0.00s Real=0.00s
[285.066s][info][gc,start       ] GC(1309) Pause Young (Allocation Failure)
[285.066s][info][gc,heap        ] GC(1309) PSYoungGen: 117056K(232960K)->288K(232960K) Eden: 116736K(116736K)->0K(116736K) From: 320K(116224K)->288K(116224K)
[285.066s][info][gc,heap        ] GC(1309) ParOldGen: 5891K(699392K)->5931K(699392K)
[285.066s][info][gc,metaspace   ] GC(1309) Metaspace: 16575K(16896K)->16575K(16896K) NonClass: 14243K(14400K)->14243K(14400K) Class: 2331K(2496K)->2331K(2496K)
[285.066s][info][gc             ] GC(1309) Pause Young (Allocation Failure) 120M->6M(910M) 0.852ms
[285.066s][info][gc,cpu         ] GC(1309) User=0.00s Sys=0.00s Real=0.00s
[285.117s][info][gc,start       ] GC(1310) Pause Young (Allocation Failure)
[285.119s][info][gc,heap        ] GC(1310) PSYoungGen: 117024K(232960K)->320K(232960K) Eden: 116736K(116736K)->0K(116736K) From: 288K(116224K)->320K(116224K)
[285.119s][info][gc,heap        ] GC(1310) ParOldGen: 5931K(699392K)->5971K(699392K)
[285.119s][info][gc,metaspace   ] GC(1310) Metaspace: 16575K(16896K)->16575K(16896K) NonClass: 14243K(14400K)->14243K(14400K) Class: 2331K(2496K)->2331K(2496K)
[285.119s][info][gc             ] GC(1310) Pause Young (Allocation Failure) 120M->6M(910M) 2.399ms
[285.119s][info][gc,cpu         ] GC(1310) User=0.00s Sys=0.00s Real=0.00s
[285.153s][info][gc,start       ] GC(1311) Pause Young (Allocation Failure)
[285.155s][info][gc,heap        ] GC(1311) PSYoungGen: 117056K(232960K)->320K(232960K) Eden: 116736K(116736K)->0K(116736K) From: 320K(116224K)->320K(116224K)
[285.155s][info][gc,heap        ] GC(1311) ParOldGen: 5971K(699392K)->6027K(699392K)
[285.155s][info][gc,metaspace   ] GC(1311) Metaspace: 16575K(16896K)->16575K(16896K) NonClass: 14243K(14400K)->14243K(14400K) Class: 2331K(2496K)->2331K(2496K)
[285.155s][info][gc             ] GC(1311) Pause Young (Allocation Failure) 120M->6M(910M) 1.458ms
[285.155s][info][gc,cpu         ] GC(1311) User=0.00s Sys=0.00s Real=0.00s
[285.204s][info][gc,start       ] GC(1312) Pause Young (Allocation Failure)
[285.205s][info][gc,heap        ] GC(1312) PSYoungGen: 117056K(232960K)->320K(233472K) Eden: 116736K(116736K)->0K(117248K) From: 320K(116224K)->320K(116224K)
[285.205s][info][gc,heap        ] GC(1312) ParOldGen: 6027K(699392K)->6059K(699392K)
[285.205s][info][gc,metaspace   ] GC(1312) Metaspace: 16575K(16896K)->16575K(16896K) NonClass: 14243K(14400K)->14243K(14400K) Class: 2331K(2496K)->2331K(2496K)
[285.205s][info][gc             ] GC(1312) Pause Young (Allocation Failure) 120M->6M(911M) 1.161ms
[285.205s][info][gc,cpu         ] GC(1312) User=0.00s Sys=0.00s Real=0.00s
[285.239s][info][gc,start       ] GC(1313) Pause Young (Allocation Failure)
[285.239s][info][gc,heap        ] GC(1313) PSYoungGen: 117568K(233472K)->320K(232960K) Eden: 117248K(117248K)->0K(117248K) From: 320K(116224K)->320K(115712K)
[285.240s][info][gc,heap        ] GC(1313) ParOldGen: 6059K(699392K)->6059K(699392K)
[285.240s][info][gc,metaspace   ] GC(1313) Metaspace: 16575K(16896K)->16575K(16896K) NonClass: 14243K(14400K)->14243K(14400K) Class: 2331K(2496K)->2331K(2496K)
[285.240s][info][gc             ] GC(1313) Pause Young (Allocation Failure) 120M->6M(910M) 1.006ms
[285.240s][info][gc,cpu         ] GC(1313) User=0.00s Sys=0.00s Real=0.00s
[285.280s][info][gc,start       ] GC(1314) Pause Young (Allocation Failure)
[285.280s][info][gc,heap        ] GC(1314) PSYoungGen: 117568K(232960K)->320K(247808K) Eden: 117248K(117248K)->0K(139264K) From: 320K(115712K)->320K(108544K)
[285.280s][info][gc,heap        ] GC(1314) ParOldGen: 6059K(699392K)->6059K(699392K)
[285.280s][info][gc,metaspace   ] GC(1314) Metaspace: 16575K(16896K)->16575K(16896K) NonClass: 14243K(14400K)->14243K(14400K) Class: 2331K(2496K)->2331K(2496K)
[285.280s][info][gc             ] GC(1314) Pause Young (Allocation Failure) 120M->6M(925M) 0.621ms
[285.280s][info][gc,cpu         ] GC(1314) User=0.00s Sys=0.00s Real=0.00s
[285.352s][info][gc,start       ] GC(1315) Pause Young (Allocation Failure)
[285.353s][info][gc,heap        ] GC(1315) PSYoungGen: 139584K(247808K)->352K(240640K) Eden: 139264K(139264K)->0K(139264K) From: 320K(108544K)->352K(101376K)
[285.353s][info][gc,heap        ] GC(1315) ParOldGen: 6059K(699392K)->6059K(699392K)
[285.353s][info][gc,metaspace   ] GC(1315) Metaspace: 16575K(16896K)->16575K(16896K) NonClass: 14243K(14400K)->14243K(14400K) Class: 2331K(2496K)->2331K(2496K)
[285.353s][info][gc             ] GC(1315) Pause Young (Allocation Failure) 142M->6M(918M) 1.410ms
[285.353s][info][gc,cpu         ] GC(1315) User=0.00s Sys=0.00s Real=0.00s
[285.409s][info][gc,start       ] GC(1316) Pause Young (Allocation Failure)
[285.410s][info][gc,heap        ] GC(1316) PSYoungGen: 139616K(240640K)->320K(261120K) Eden: 139264K(139264K)->0K(166400K) From: 352K(101376K)->320K(94720K)
[285.410s][info][gc,heap        ] GC(1316) ParOldGen: 6059K(699392K)->6059K(699392K)
[285.410s][info][gc,metaspace   ] GC(1316) Metaspace: 16575K(16896K)->16575K(16896K) NonClass: 14243K(14400K)->14243K(14400K) Class: 2331K(2496K)->2331K(2496K)
[285.410s][info][gc             ] GC(1316) Pause Young (Allocation Failure) 142M->6M(938M) 1.196ms
[285.410s][info][gc,cpu         ] GC(1316) User=0.00s Sys=0.00s Real=0.00s
[285.465s][info][gc,start       ] GC(1317) Pause Young (Allocation Failure)
[285.465s][info][gc,heap        ] GC(1317) PSYoungGen: 166720K(261120K)->320K(254464K) Eden: 166400K(166400K)->0K(166400K) From: 320K(94720K)->320K(88064K)
[285.465s][info][gc,heap        ] GC(1317) ParOldGen: 6059K(699392K)->6059K(699392K)
[285.465s][info][gc,metaspace   ] GC(1317) Metaspace: 16575K(16896K)->16575K(16896K) NonClass: 14243K(14400K)->14243K(14400K) Class: 2331K(2496K)->2331K(2496K)
[285.465s][info][gc             ] GC(1317) Pause Young (Allocation Failure) 168M->6M(931M) 0.687ms
[285.465s][info][gc,cpu         ] GC(1317) User=0.00s Sys=0.00s Real=0.00s
[285.510s][info][gc,start       ] GC(1318) Pause Young (Allocation Failure)
[285.511s][info][gc,heap        ] GC(1318) PSYoungGen: 166720K(254464K)->320K(272896K) Eden: 166400K(166400K)->0K(190464K) From: 320K(88064K)->320K(82432K)
[285.511s][info][gc,heap        ] GC(1318) ParOldGen: 6059K(699392K)->6059K(699392K)
[285.511s][info][gc,metaspace   ] GC(1318) Metaspace: 16575K(16896K)->16575K(16896K) NonClass: 14243K(14400K)->14243K(14400K) Class: 2331K(2496K)->2331K(2496K)
[285.511s][info][gc             ] GC(1318) Pause Young (Allocation Failure) 168M->6M(949M) 0.726ms
[285.511s][info][gc,cpu         ] GC(1318) User=0.00s Sys=0.00s Real=0.00s
[285.559s][info][gc,start       ] GC(1319) Pause Young (Allocation Failure)
[285.560s][info][gc,heap        ] GC(1319) PSYoungGen: 190784K(272896K)->352K(266752K) Eden: 190464K(190464K)->0K(190464K) From: 320K(82432K)->352K(76288K)
[285.560s][info][gc,heap        ] GC(1319) ParOldGen: 6059K(699392K)->6059K(699392K)
[285.560s][info][gc,metaspace   ] GC(1319) Metaspace: 16575K(16896K)->16575K(16896K) NonClass: 14243K(14400K)->14243K(14400K) Class: 2331K(2496K)->2331K(2496K)
[285.560s][info][gc             ] GC(1319) Pause Young (Allocation Failure) 192M->6M(943M) 0.930ms
[285.560s][info][gc,cpu         ] GC(1319) User=0.00s Sys=0.00s Real=0.00s
[285.625s][info][gc,start       ] GC(1320) Pause Young (Allocation Failure)
[285.625s][info][gc,heap        ] GC(1320) PSYoungGen: 190816K(266752K)->352K(283136K) Eden: 190464K(190464K)->0K(211968K) From: 352K(76288K)->352K(71168K)
[285.625s][info][gc,heap        ] GC(1320) ParOldGen: 6059K(699392K)->6059K(699392K)
[285.625s][info][gc,metaspace   ] GC(1320) Metaspace: 16575K(16896K)->16575K(16896K) NonClass: 14243K(14400K)->14243K(14400K) Class: 2331K(2496K)->2331K(2496K)
[285.625s][info][gc             ] GC(1320) Pause Young (Allocation Failure) 192M->6M(959M) 0.817ms
[285.625s][info][gc,cpu         ] GC(1320) User=0.00s Sys=0.00s Real=0.00s
[285.690s][info][gc,start       ] GC(1321) Pause Young (Allocation Failure)
[285.691s][info][gc,heap        ] GC(1321) PSYoungGen: 212320K(283136K)->320K(278016K) Eden: 211968K(211968K)->0K(211968K) From: 352K(71168K)->320K(66048K)
[285.691s][info][gc,heap        ] GC(1321) ParOldGen: 6059K(699392K)->6059K(699392K)
[285.691s][info][gc,metaspace   ] GC(1321) Metaspace: 16575K(16896K)->16575K(16896K) NonClass: 14243K(14400K)->14243K(14400K) Class: 2331K(2496K)->2331K(2496K)
[285.691s][info][gc             ] GC(1321) Pause Young (Allocation Failure) 213M->6M(954M) 0.696ms
[285.691s][info][gc,cpu         ] GC(1321) User=0.00s Sys=0.00s Real=0.00s
[285.766s][info][gc,start       ] GC(1322) Pause Young (Allocation Failure)
[285.790s][info][gc,heap        ] GC(1322) PSYoungGen: 212288K(278016K)->40386K(273408K) Eden: 211968K(211968K)->0K(211968K) From: 320K(66048K)->40386K(61440K)
[285.790s][info][gc,heap        ] GC(1322) ParOldGen: 6059K(699392K)->6059K(699392K)
[285.790s][info][gc,metaspace   ] GC(1322) Metaspace: 16575K(16896K)->16575K(16896K) NonClass: 14243K(14400K)->14243K(14400K) Class: 2331K(2496K)->2331K(2496K)
[285.790s][info][gc             ] GC(1322) Pause Young (Allocation Failure) 213M->45M(950M) 23.853ms
[285.790s][info][gc,cpu         ] GC(1322) User=0.02s Sys=0.00s Real=0.02s
[285.998s][info][gc,start       ] GC(1323) Pause Young (Allocation Failure)
[286.126s][info][gc,heap        ] GC(1323) PSYoungGen: 252354K(273408K)->68578K(280576K) Eden: 211968K(211968K)->0K(211968K) From: 40386K(61440K)->68578K(68608K)
[286.126s][info][gc,heap        ] GC(1323) ParOldGen: 6059K(699392K)->119915K(699392K)
[286.126s][info][gc,metaspace   ] GC(1323) Metaspace: 16575K(16896K)->16575K(16896K) NonClass: 14243K(14400K)->14243K(14400K) Class: 2331K(2496K)->2331K(2496K)
[286.126s][info][gc             ] GC(1323) Pause Young (Allocation Failure) 252M->184M(957M) 128.579ms
[286.126s][info][gc,cpu         ] GC(1323) User=0.58s Sys=0.02s Real=0.13s
[286.339s][info][gc,start       ] GC(1324) Pause Young (Allocation Failure)
[286.478s][info][gc,heap        ] GC(1324) PSYoungGen: 280546K(280576K)->68594K(185344K) Eden: 211968K(211968K)->0K(116736K) From: 68578K(68608K)->68594K(68608K)
[286.478s][info][gc,heap        ] GC(1324) ParOldGen: 119915K(699392K)->267507K(699392K)
[286.478s][info][gc,metaspace   ] GC(1324) Metaspace: 16575K(16896K)->16575K(16896K) NonClass: 14243K(14400K)->14243K(14400K) Class: 2331K(2496K)->2331K(2496K)
[286.478s][info][gc             ] GC(1324) Pause Young (Allocation Failure) 391M->328M(864M) 138.449ms
[286.478s][info][gc,cpu         ] GC(1324) User=0.84s Sys=0.00s Real=0.14s
[286.597s][info][gc,start       ] GC(1325) Pause Young (Allocation Failure)
[286.718s][info][gc,heap        ] GC(1325) PSYoungGen: 185330K(185344K)->116210K(232960K) Eden: 116736K(116736K)->0K(116736K) From: 68594K(68608K)->116210K(116224K)
[286.718s][info][gc,heap        ] GC(1325) ParOldGen: 267507K(699392K)->300827K(699392K)
[286.720s][info][gc,metaspace   ] GC(1325) Metaspace: 16575K(16896K)->16575K(16896K) NonClass: 14243K(14400K)->14243K(14400K) Class: 2331K(2496K)->2331K(2496K)
[286.720s][info][gc             ] GC(1325) Pause Young (Allocation Failure) 442M->407M(910M) 123.147ms
[286.720s][info][gc,cpu         ] GC(1325) User=0.61s Sys=0.00s Real=0.12s
[286.970s][info][gc,start       ] GC(1326) Pause Young (Allocation Failure)
[287.126s][info][gc,heap        ] GC(1326) PSYoungGen: 232946K(232960K)->116195K(232960K) Eden: 116736K(116736K)->0K(116736K) From: 116210K(116224K)->116195K(116224K)
[287.126s][info][gc,heap        ] GC(1326) ParOldGen: 300827K(699392K)->330875K(699392K)
[287.126s][info][gc,metaspace   ] GC(1326) Metaspace: 16575K(16896K)->16575K(16896K) NonClass: 14243K(14400K)->14243K(14400K) Class: 2331K(2496K)->2331K(2496K)
[287.126s][info][gc             ] GC(1326) Pause Young (Allocation Failure) 521M->436M(910M) 155.925ms
[287.126s][info][gc,cpu         ] GC(1326) User=0.53s Sys=0.02s Real=0.16s
[290.199s][info][gc,start       ] GC(1327) Pause Young (Allocation Failure)
[290.301s][info][gc,heap        ] GC(1327) PSYoungGen: 232931K(232960K)->116195K(232960K) Eden: 116736K(116736K)->0K(116736K) From: 116195K(116224K)->116195K(116224K)
[290.301s][info][gc,heap        ] GC(1327) ParOldGen: 330875K(699392K)->369867K(699392K)
[290.301s][info][gc,metaspace   ] GC(1327) Metaspace: 16575K(16896K)->16575K(16896K) NonClass: 14243K(14400K)->14243K(14400K) Class: 2331K(2496K)->2331K(2496K)
[290.301s][info][gc             ] GC(1327) Pause Young (Allocation Failure) 550M->474M(910M) 102.179ms
[290.301s][info][gc,cpu         ] GC(1327) User=0.55s Sys=0.00s Real=0.11s
[290.362s][info][gc,start       ] GC(1328) Pause Young (Allocation Failure)
[290.472s][info][gc,heap        ] GC(1328) PSYoungGen: 232931K(232960K)->116224K(232960K) Eden: 116736K(116736K)->0K(116736K) From: 116195K(116224K)->116224K(116224K)
[290.472s][info][gc,heap        ] GC(1328) ParOldGen: 369867K(699392K)->420351K(699392K)
[290.472s][info][gc,metaspace   ] GC(1328) Metaspace: 16575K(16896K)->16575K(16896K) NonClass: 14243K(14400K)->14243K(14400K) Class: 2331K(2496K)->2331K(2496K)
[290.472s][info][gc             ] GC(1328) Pause Young (Allocation Failure) 588M->523M(910M) 110.376ms
[290.472s][info][gc,cpu         ] GC(1328) User=0.59s Sys=0.00s Real=0.11s
[290.532s][info][gc,start       ] GC(1329) Pause Young (Allocation Failure)
[290.617s][info][gc,heap        ] GC(1329) PSYoungGen: 232960K(232960K)->116224K(232960K) Eden: 116736K(116736K)->0K(116736K) From: 116224K(116224K)->116224K(116224K)
[290.617s][info][gc,heap        ] GC(1329) ParOldGen: 420351K(699392K)->470383K(699392K)
[290.617s][info][gc,metaspace   ] GC(1329) Metaspace: 16575K(16896K)->16575K(16896K) NonClass: 14243K(14400K)->14243K(14400K) Class: 2331K(2496K)->2331K(2496K)
[290.617s][info][gc             ] GC(1329) Pause Young (Allocation Failure) 637M->572M(910M) 85.076ms
[290.617s][info][gc,cpu         ] GC(1329) User=0.41s Sys=0.00s Real=0.08s
[290.676s][info][gc,start       ] GC(1330) Pause Young (Allocation Failure)
[290.759s][info][gc,heap        ] GC(1330) PSYoungGen: 232960K(232960K)->116224K(232960K) Eden: 116736K(116736K)->0K(116736K) From: 116224K(116224K)->116224K(116224K)
[290.759s][info][gc,heap        ] GC(1330) ParOldGen: 470383K(699392K)->519503K(699392K)
[290.759s][info][gc,metaspace   ] GC(1330) Metaspace: 16575K(16896K)->16575K(16896K) NonClass: 14243K(14400K)->14243K(14400K) Class: 2331K(2496K)->2331K(2496K)
[290.759s][info][gc             ] GC(1330) Pause Young (Allocation Failure) 686M->620M(910M) 83.344ms
[290.759s][info][gc,cpu         ] GC(1330) User=0.45s Sys=0.00s Real=0.08s
[290.817s][info][gc,start       ] GC(1331) Pause Young (Allocation Failure)
[290.903s][info][gc,heap        ] GC(1331) PSYoungGen: 232960K(232960K)->94944K(232960K) Eden: 116736K(116736K)->0K(116736K) From: 116224K(116224K)->94944K(116224K)
[290.903s][info][gc,heap        ] GC(1331) ParOldGen: 519503K(699392K)->590159K(699392K)
[290.903s][info][gc,metaspace   ] GC(1331) Metaspace: 16575K(16896K)->16575K(16896K) NonClass: 14243K(14400K)->14243K(14400K) Class: 2331K(2496K)->2331K(2496K)
[290.903s][info][gc             ] GC(1331) Pause Young (Allocation Failure) 734M->669M(910M) 86.184ms
[290.903s][info][gc,cpu         ] GC(1331) User=0.34s Sys=0.00s Real=0.08s
[290.967s][info][gc,start       ] GC(1332) Pause Full (Ergonomics)
[290.967s][info][gc,phases,start] GC(1332) Marking Phase
[291.069s][info][gc,phases      ] GC(1332) Marking Phase 101.729ms
[291.069s][info][gc,phases,start] GC(1332) Summary Phase
[291.069s][info][gc,phases      ] GC(1332) Summary Phase 0.046ms
[291.069s][info][gc,phases,start] GC(1332) Adjust Roots
[291.071s][info][gc,phases      ] GC(1332) Adjust Roots 2.252ms
[291.071s][info][gc,phases,start] GC(1332) Compaction Phase
[291.310s][info][gc,phases      ] GC(1332) Compaction Phase 238.852ms
[291.310s][info][gc,phases,start] GC(1332) Post Compact
[291.312s][info][gc,phases      ] GC(1332) Post Compact 1.718ms
[291.312s][info][gc,heap        ] GC(1332) PSYoungGen: 211680K(232960K)->0K(232960K) Eden: 116736K(116736K)->0K(116736K) From: 94944K(116224K)->0K(116224K)
[291.312s][info][gc,heap        ] GC(1332) ParOldGen: 590159K(699392K)->289105K(699392K)
[291.312s][info][gc,metaspace   ] GC(1332) Metaspace: 16575K(16896K)->16575K(16896K) NonClass: 14243K(14400K)->14243K(14400K) Class: 2331K(2496K)->2331K(2496K)
[291.312s][info][gc             ] GC(1332) Pause Full (Ergonomics) 783M->282M(910M) 345.018ms
[291.312s][info][gc,cpu         ] GC(1332) User=1.78s Sys=0.00s Real=0.35s
[291.383s][info][gc,start       ] GC(1333) Pause Young (Allocation Failure)
[291.413s][info][gc,heap        ] GC(1333) PSYoungGen: 116736K(232960K)->50912K(232960K) Eden: 116736K(116736K)->0K(116736K) From: 0K(116224K)->50912K(116224K)
[291.413s][info][gc,heap        ] GC(1333) ParOldGen: 289105K(699392K)->289105K(699392K)
[291.413s][info][gc,metaspace   ] GC(1333) Metaspace: 16575K(16896K)->16575K(16896K) NonClass: 14243K(14400K)->14243K(14400K) Class: 2331K(2496K)->2331K(2496K)
[291.413s][info][gc             ] GC(1333) Pause Young (Allocation Failure) 396M->332M(910M) 30.200ms
[291.413s][info][gc,cpu         ] GC(1333) User=0.05s Sys=0.00s Real=0.03s
[291.487s][info][gc,start       ] GC(1334) Pause Young (Allocation Failure)
[291.538s][info][gc,heap        ] GC(1334) PSYoungGen: 167648K(232960K)->51072K(232960K) Eden: 116736K(116736K)->0K(116736K) From: 50912K(116224K)->51072K(116224K)
[291.538s][info][gc,heap        ] GC(1334) ParOldGen: 289105K(699392K)->337137K(699392K)
[291.538s][info][gc,metaspace   ] GC(1334) Metaspace: 16575K(16896K)->16575K(16896K) NonClass: 14243K(14400K)->14243K(14400K) Class: 2331K(2496K)->2331K(2496K)
[291.538s][info][gc             ] GC(1334) Pause Young (Allocation Failure) 446M->379M(910M) 50.895ms
[291.538s][info][gc,cpu         ] GC(1334) User=0.23s Sys=0.00s Real=0.06s
[291.634s][info][gc,start       ] GC(1335) Pause Young (Allocation Failure)
[291.703s][info][gc,heap        ] GC(1335) PSYoungGen: 167808K(232960K)->61973K(232960K) Eden: 116736K(116736K)->0K(116736K) From: 51072K(116224K)->61973K(116224K)
[291.703s][info][gc,heap        ] GC(1335) ParOldGen: 337137K(699392K)->385209K(699392K)
[291.703s][info][gc,metaspace   ] GC(1335) Metaspace: 16575K(16896K)->16575K(16896K) NonClass: 14243K(14400K)->14243K(14400K) Class: 2331K(2496K)->2331K(2496K)
[291.703s][info][gc             ] GC(1335) Pause Young (Allocation Failure) 493M->436M(910M) 69.787ms
[291.703s][info][gc,cpu         ] GC(1335) User=0.31s Sys=0.00s Real=0.06s
[292.108s][info][gc,start       ] GC(1336) Pause Young (Allocation Failure)
[292.228s][info][gc,heap        ] GC(1336) PSYoungGen: 178709K(232960K)->38752K(232960K) Eden: 116736K(116736K)->0K(116736K) From: 61973K(116224K)->38752K(116224K)
[292.229s][info][gc,heap        ] GC(1336) ParOldGen: 385209K(699392K)->443376K(699392K)
[292.229s][info][gc,metaspace   ] GC(1336) Metaspace: 16575K(16896K)->16575K(16896K) NonClass: 14243K(14400K)->14243K(14400K) Class: 2331K(2496K)->2331K(2496K)
[292.229s][info][gc             ] GC(1336) Pause Young (Allocation Failure) 550M->470M(910M) 120.543ms
[292.229s][info][gc,cpu         ] GC(1336) User=0.36s Sys=0.00s Real=0.13s
[292.439s][info][gc,start       ] GC(1337) Pause Young (Allocation Failure)
[292.496s][info][gc,heap        ] GC(1337) PSYoungGen: 155488K(232960K)->3840K(232960K) Eden: 116736K(116736K)->0K(116736K) From: 38752K(116224K)->3840K(116224K)
[292.496s][info][gc,heap        ] GC(1337) ParOldGen: 443376K(699392K)->474400K(699392K)
[292.496s][info][gc,metaspace   ] GC(1337) Metaspace: 16575K(16896K)->16575K(16896K) NonClass: 14243K(14400K)->14243K(14400K) Class: 2331K(2496K)->2331K(2496K)
[292.496s][info][gc             ] GC(1337) Pause Young (Allocation Failure) 584M->467M(910M) 56.568ms
[292.496s][info][gc,cpu         ] GC(1337) User=0.28s Sys=0.00s Real=0.06s
[292.708s][info][gc,start       ] GC(1338) Pause Young (Allocation Failure)
[292.713s][info][gc,heap        ] GC(1338) PSYoungGen: 120576K(232960K)->3104K(232960K) Eden: 116736K(116736K)->0K(116736K) From: 3840K(116224K)->3104K(116224K)
[292.713s][info][gc,heap        ] GC(1338) ParOldGen: 474400K(699392K)->474720K(699392K)
[292.714s][info][gc,metaspace   ] GC(1338) Metaspace: 16575K(16896K)->16575K(16896K) NonClass: 14243K(14400K)->14243K(14400K) Class: 2331K(2496K)->2331K(2496K)
[292.714s][info][gc             ] GC(1338) Pause Young (Allocation Failure) 581M->466M(910M) 5.605ms
[292.714s][info][gc,cpu         ] GC(1338) User=0.00s Sys=0.00s Real=0.02s
[292.894s][info][gc,start       ] GC(1339) Pause Young (Allocation Failure)
[292.899s][info][gc,heap        ] GC(1339) PSYoungGen: 119840K(232960K)->2304K(232960K) Eden: 116736K(116736K)->0K(116736K) From: 3104K(116224K)->2304K(116224K)
[292.899s][info][gc,heap        ] GC(1339) ParOldGen: 474720K(699392K)->474832K(699392K)
[292.899s][info][gc,metaspace   ] GC(1339) Metaspace: 16575K(16896K)->16575K(16896K) NonClass: 14243K(14400K)->14243K(14400K) Class: 2331K(2496K)->2331K(2496K)
[292.899s][info][gc             ] GC(1339) Pause Young (Allocation Failure) 580M->465M(910M) 4.702ms
[292.899s][info][gc,cpu         ] GC(1339) User=0.00s Sys=0.00s Real=0.00s
[293.068s][info][gc,start       ] GC(1340) Pause Young (Allocation Failure)
[293.069s][info][gc,heap        ] GC(1340) PSYoungGen: 119040K(232960K)->128K(232960K) Eden: 116736K(116736K)->0K(116736K) From: 2304K(116224K)->128K(116224K)
[293.069s][info][gc,heap        ] GC(1340) ParOldGen: 474832K(699392K)->474832K(699392K)
[293.069s][info][gc,metaspace   ] GC(1340) Metaspace: 16575K(16896K)->16575K(16896K) NonClass: 14243K(14400K)->14243K(14400K) Class: 2331K(2496K)->2331K(2496K)
[293.069s][info][gc             ] GC(1340) Pause Young (Allocation Failure) 579M->463M(910M) 1.207ms
[293.069s][info][gc,cpu         ] GC(1340) User=0.00s Sys=0.00s Real=0.00s
[294.030s][info][gc,start       ] GC(1341) Pause Young (System.gc())
[294.031s][info][gc,heap        ] GC(1341) PSYoungGen: 84419K(232960K)->128K(232960K) Eden: 84291K(116736K)->0K(116736K) From: 128K(116224K)->128K(116224K)
[294.031s][info][gc,heap        ] GC(1341) ParOldGen: 474832K(699392K)->474848K(699392K)
[294.031s][info][gc,metaspace   ] GC(1341) Metaspace: 16575K(16896K)->16575K(16896K) NonClass: 14243K(14400K)->14243K(14400K) Class: 2331K(2496K)->2331K(2496K)
[294.031s][info][gc             ] GC(1341) Pause Young (System.gc()) 546M->463M(910M) 1.132ms
[294.032s][info][gc,cpu         ] GC(1341) User=0.02s Sys=0.00s Real=0.02s
[294.032s][info][gc,start       ] GC(1342) Pause Full (System.gc())
[294.032s][info][gc,phases,start] GC(1342) Marking Phase
[294.038s][info][gc,phases      ] GC(1342) Marking Phase 6.574ms
[294.038s][info][gc,phases,start] GC(1342) Summary Phase
[294.038s][info][gc,phases      ] GC(1342) Summary Phase 0.017ms
[294.038s][info][gc,phases,start] GC(1342) Adjust Roots
[294.041s][info][gc,phases      ] GC(1342) Adjust Roots 2.507ms
[294.041s][info][gc,phases,start] GC(1342) Compaction Phase
[294.042s][info][gc,phases      ] GC(1342) Compaction Phase 1.667ms
[294.043s][info][gc,phases,start] GC(1342) Post Compact
[294.044s][info][gc,phases      ] GC(1342) Post Compact 1.890ms
[294.044s][info][gc,heap        ] GC(1342) PSYoungGen: 128K(232960K)->0K(232960K) Eden: 0K(116736K)->0K(116736K) From: 128K(116224K)->0K(116224K)
[294.044s][info][gc,heap        ] GC(1342) ParOldGen: 474848K(699392K)->5548K(699392K)
[294.044s][info][gc,metaspace   ] GC(1342) Metaspace: 16575K(16896K)->16575K(16896K) NonClass: 14243K(14400K)->14243K(14400K) Class: 2331K(2496K)->2331K(2496K)
[294.044s][info][gc             ] GC(1342) Pause Full (System.gc()) 463M->5M(910M) 12.945ms
[294.045s][info][gc,cpu         ] GC(1342) User=0.00s Sys=0.00s Real=0.00s
[295.972s][info][gc,start       ] GC(1343) Pause Young (Allocation Failure)
[295.973s][info][gc,heap        ] GC(1343) PSYoungGen: 116736K(232960K)->384K(232960K) Eden: 116736K(116736K)->0K(116736K) From: 0K(116224K)->384K(116224K)
[295.973s][info][gc,heap        ] GC(1343) ParOldGen: 5548K(699392K)->5548K(699392K)
[295.973s][info][gc,metaspace   ] GC(1343) Metaspace: 16575K(16896K)->16575K(16896K) NonClass: 14243K(14400K)->14243K(14400K) Class: 2331K(2496K)->2331K(2496K)
[295.973s][info][gc             ] GC(1343) Pause Young (Allocation Failure) 119M->5M(910M) 1.105ms
[295.973s][info][gc,cpu         ] GC(1343) User=0.00s Sys=0.00s Real=0.00s
[296.002s][info][gc,start       ] GC(1344) Pause Young (Allocation Failure)
[296.003s][info][gc,heap        ] GC(1344) PSYoungGen: 117120K(232960K)->256K(232960K) Eden: 116736K(116736K)->0K(116736K) From: 384K(116224K)->256K(116224K)
[296.003s][info][gc,heap        ] GC(1344) ParOldGen: 5548K(699392K)->5668K(699392K)
[296.003s][info][gc,metaspace   ] GC(1344) Metaspace: 16575K(16896K)->16575K(16896K) NonClass: 14243K(14400K)->14243K(14400K) Class: 2331K(2496K)->2331K(2496K)
[296.003s][info][gc             ] GC(1344) Pause Young (Allocation Failure) 119M->5M(910M) 0.753ms
[296.003s][info][gc,cpu         ] GC(1344) User=0.00s Sys=0.00s Real=0.00s
[296.028s][info][gc,start       ] GC(1345) Pause Young (Allocation Failure)
[296.029s][info][gc,heap        ] GC(1345) PSYoungGen: 116992K(232960K)->192K(232960K) Eden: 116736K(116736K)->0K(116736K) From: 256K(116224K)->192K(116224K)
[296.029s][info][gc,heap        ] GC(1345) ParOldGen: 5668K(699392K)->5716K(699392K)
[296.029s][info][gc,metaspace   ] GC(1345) Metaspace: 16575K(16896K)->16575K(16896K) NonClass: 14243K(14400K)->14243K(14400K) Class: 2331K(2496K)->2331K(2496K)
[296.029s][info][gc             ] GC(1345) Pause Young (Allocation Failure) 119M->5M(910M) 0.472ms
[296.029s][info][gc,cpu         ] GC(1345) User=0.00s Sys=0.00s Real=0.00s
[296.055s][info][gc,start       ] GC(1346) Pause Young (Allocation Failure)
[296.056s][info][gc,heap        ] GC(1346) PSYoungGen: 116928K(232960K)->224K(232960K) Eden: 116736K(116736K)->0K(116736K) From: 192K(116224K)->224K(116224K)
[296.056s][info][gc,heap        ] GC(1346) ParOldGen: 5716K(699392K)->5748K(699392K)
[296.056s][info][gc,metaspace   ] GC(1346) Metaspace: 16575K(16896K)->16575K(16896K) NonClass: 14243K(14400K)->14243K(14400K) Class: 2331K(2496K)->2331K(2496K)
[296.056s][info][gc             ] GC(1346) Pause Young (Allocation Failure) 119M->5M(910M) 0.529ms
[296.056s][info][gc,cpu         ] GC(1346) User=0.00s Sys=0.00s Real=0.00s
[296.081s][info][gc,start       ] GC(1347) Pause Young (Allocation Failure)
[296.081s][info][gc,heap        ] GC(1347) PSYoungGen: 116960K(232960K)->352K(232960K) Eden: 116736K(116736K)->0K(116736K) From: 224K(116224K)->352K(116224K)
[296.081s][info][gc,heap        ] GC(1347) ParOldGen: 5748K(699392K)->5780K(699392K)
[296.081s][info][gc,metaspace   ] GC(1347) Metaspace: 16575K(16896K)->16575K(16896K) NonClass: 14243K(14400K)->14243K(14400K) Class: 2331K(2496K)->2331K(2496K)
[296.081s][info][gc             ] GC(1347) Pause Young (Allocation Failure) 119M->5M(910M) 0.612ms
[296.081s][info][gc,cpu         ] GC(1347) User=0.00s Sys=0.00s Real=0.00s
[296.107s][info][gc,start       ] GC(1348) Pause Young (Allocation Failure)
[296.107s][info][gc,heap        ] GC(1348) PSYoungGen: 117088K(232960K)->192K(232960K) Eden: 116736K(116736K)->0K(116736K) From: 352K(116224K)->192K(116224K)
[296.107s][info][gc,heap        ] GC(1348) ParOldGen: 5780K(699392K)->5844K(699392K)
[296.107s][info][gc,metaspace   ] GC(1348) Metaspace: 16575K(16896K)->16575K(16896K) NonClass: 14243K(14400K)->14243K(14400K) Class: 2331K(2496K)->2331K(2496K)
[296.107s][info][gc             ] GC(1348) Pause Young (Allocation Failure) 119M->5M(910M) 0.464ms
[296.108s][info][gc,cpu         ] GC(1348) User=0.00s Sys=0.00s Real=0.00s
[296.135s][info][gc,start       ] GC(1349) Pause Young (Allocation Failure)
[296.135s][info][gc,heap        ] GC(1349) PSYoungGen: 116928K(232960K)->320K(232960K) Eden: 116736K(116736K)->0K(116736K) From: 192K(116224K)->320K(116224K)
[296.136s][info][gc,heap        ] GC(1349) ParOldGen: 5844K(699392K)->5900K(699392K)
[296.136s][info][gc,metaspace   ] GC(1349) Metaspace: 16575K(16896K)->16575K(16896K) NonClass: 14243K(14400K)->14243K(14400K) Class: 2331K(2496K)->2331K(2496K)
[296.136s][info][gc             ] GC(1349) Pause Young (Allocation Failure) 119M->6M(910M) 0.562ms
[296.136s][info][gc,cpu         ] GC(1349) User=0.00s Sys=0.00s Real=0.00s
[296.162s][info][gc,start       ] GC(1350) Pause Young (Allocation Failure)
[296.163s][info][gc,heap        ] GC(1350) PSYoungGen: 117056K(232960K)->224K(232960K) Eden: 116736K(116736K)->0K(116736K) From: 320K(116224K)->224K(116224K)
[296.163s][info][gc,heap        ] GC(1350) ParOldGen: 5900K(699392K)->5940K(699392K)
[296.163s][info][gc,metaspace   ] GC(1350) Metaspace: 16575K(16896K)->16575K(16896K) NonClass: 14243K(14400K)->14243K(14400K) Class: 2331K(2496K)->2331K(2496K)
[296.163s][info][gc             ] GC(1350) Pause Young (Allocation Failure) 120M->6M(910M) 0.540ms
[296.163s][info][gc,cpu         ] GC(1350) User=0.00s Sys=0.00s Real=0.00s
[296.189s][info][gc,start       ] GC(1351) Pause Young (Allocation Failure)
[296.190s][info][gc,heap        ] GC(1351) PSYoungGen: 116960K(232960K)->256K(232960K) Eden: 116736K(116736K)->0K(116736K) From: 224K(116224K)->256K(116224K)
[296.190s][info][gc,heap        ] GC(1351) ParOldGen: 5940K(699392K)->5988K(699392K)
[296.190s][info][gc,metaspace   ] GC(1351) Metaspace: 16575K(16896K)->16575K(16896K) NonClass: 14243K(14400K)->14243K(14400K) Class: 2331K(2496K)->2331K(2496K)
[296.190s][info][gc             ] GC(1351) Pause Young (Allocation Failure) 120M->6M(910M) 0.496ms
[296.190s][info][gc,cpu         ] GC(1351) User=0.00s Sys=0.00s Real=0.00s
[296.219s][info][gc,start       ] GC(1352) Pause Young (Allocation Failure)
[296.220s][info][gc,heap        ] GC(1352) PSYoungGen: 116992K(232960K)->288K(232960K) Eden: 116736K(116736K)->0K(116736K) From: 256K(116224K)->288K(116224K)
[296.220s][info][gc,heap        ] GC(1352) ParOldGen: 5988K(699392K)->6068K(699392K)
[296.220s][info][gc,metaspace   ] GC(1352) Metaspace: 16575K(16896K)->16575K(16896K) NonClass: 14243K(14400K)->14243K(14400K) Class: 2331K(2496K)->2331K(2496K)
[296.220s][info][gc             ] GC(1352) Pause Young (Allocation Failure) 120M->6M(910M) 0.684ms
[296.220s][info][gc,cpu         ] GC(1352) User=0.00s Sys=0.00s Real=0.00s
[296.250s][info][gc,start       ] GC(1353) Pause Young (Allocation Failure)
[296.251s][info][gc,heap        ] GC(1353) PSYoungGen: 117024K(232960K)->288K(232960K) Eden: 116736K(116736K)->0K(116736K) From: 288K(116224K)->288K(116224K)
[296.251s][info][gc,heap        ] GC(1353) ParOldGen: 6068K(699392K)->6132K(699392K)
[296.251s][info][gc,metaspace   ] GC(1353) Metaspace: 16575K(16896K)->16575K(16896K) NonClass: 14243K(14400K)->14243K(14400K) Class: 2331K(2496K)->2331K(2496K)
[296.251s][info][gc             ] GC(1353) Pause Young (Allocation Failure) 120M->6M(910M) 0.742ms
[296.251s][info][gc,cpu         ] GC(1353) User=0.00s Sys=0.00s Real=0.00s
[296.279s][info][gc,start       ] GC(1354) Pause Young (Allocation Failure)
[296.280s][info][gc,heap        ] GC(1354) PSYoungGen: 117024K(232960K)->288K(232960K) Eden: 116736K(116736K)->0K(116736K) From: 288K(116224K)->288K(116224K)
[296.280s][info][gc,heap        ] GC(1354) ParOldGen: 6132K(699392K)->6132K(699392K)
[296.280s][info][gc,metaspace   ] GC(1354) Metaspace: 16575K(16896K)->16575K(16896K) NonClass: 14243K(14400K)->14243K(14400K) Class: 2331K(2496K)->2331K(2496K)
[296.280s][info][gc             ] GC(1354) Pause Young (Allocation Failure) 120M->6M(910M) 0.466ms
[296.280s][info][gc,cpu         ] GC(1354) User=0.00s Sys=0.00s Real=0.00s
[296.312s][info][gc,start       ] GC(1355) Pause Young (Allocation Failure)
[296.313s][info][gc,heap        ] GC(1355) PSYoungGen: 117024K(232960K)->320K(247296K) Eden: 116736K(116736K)->0K(138240K) From: 288K(116224K)->320K(109056K)
[296.313s][info][gc,heap        ] GC(1355) ParOldGen: 6132K(699392K)->6132K(699392K)
[296.313s][info][gc,metaspace   ] GC(1355) Metaspace: 16575K(16896K)->16575K(16896K) NonClass: 14243K(14400K)->14243K(14400K) Class: 2331K(2496K)->2331K(2496K)
[296.313s][info][gc             ] GC(1355) Pause Young (Allocation Failure) 120M->6M(924M) 0.471ms
[296.313s][info][gc,cpu         ] GC(1355) User=0.00s Sys=0.00s Real=0.00s
[296.349s][info][gc,start       ] GC(1356) Pause Young (Allocation Failure)
[296.350s][info][gc,heap        ] GC(1356) PSYoungGen: 138560K(247296K)->352K(240128K) Eden: 138240K(138240K)->0K(138240K) From: 320K(109056K)->352K(101888K)
[296.350s][info][gc,heap        ] GC(1356) ParOldGen: 6132K(699392K)->6132K(699392K)
[296.350s][info][gc,metaspace   ] GC(1356) Metaspace: 16575K(16896K)->16575K(16896K) NonClass: 14243K(14400K)->14243K(14400K) Class: 2331K(2496K)->2331K(2496K)
[296.350s][info][gc             ] GC(1356) Pause Young (Allocation Failure) 141M->6M(917M) 0.777ms
[296.350s][info][gc,cpu         ] GC(1356) User=0.00s Sys=0.00s Real=0.00s
[296.385s][info][gc,start       ] GC(1357) Pause Young (Allocation Failure)
[296.386s][info][gc,heap        ] GC(1357) PSYoungGen: 138592K(240128K)->352K(260608K) Eden: 138240K(138240K)->0K(165376K) From: 352K(101888K)->352K(95232K)
[296.386s][info][gc,heap        ] GC(1357) ParOldGen: 6132K(699392K)->6132K(699392K)
[296.386s][info][gc,metaspace   ] GC(1357) Metaspace: 16575K(16896K)->16575K(16896K) NonClass: 14243K(14400K)->14243K(14400K) Class: 2331K(2496K)->2331K(2496K)
[296.386s][info][gc             ] GC(1357) Pause Young (Allocation Failure) 141M->6M(937M) 0.908ms
[296.386s][info][gc,cpu         ] GC(1357) User=0.00s Sys=0.00s Real=0.02s
[296.438s][info][gc,start       ] GC(1358) Pause Young (Allocation Failure)
[296.439s][info][gc,heap        ] GC(1358) PSYoungGen: 165728K(260608K)->416K(253952K) Eden: 165376K(165376K)->0K(165376K) From: 352K(95232K)->416K(88576K)
[296.439s][info][gc,heap        ] GC(1358) ParOldGen: 6132K(699392K)->6132K(699392K)
[296.439s][info][gc,metaspace   ] GC(1358) Metaspace: 16575K(16896K)->16575K(16896K) NonClass: 14243K(14400K)->14243K(14400K) Class: 2331K(2496K)->2331K(2496K)
[296.439s][info][gc             ] GC(1358) Pause Young (Allocation Failure) 167M->6M(931M) 0.849ms
[296.439s][info][gc,cpu         ] GC(1358) User=0.00s Sys=0.00s Real=0.00s
[296.486s][info][gc,start       ] GC(1359) Pause Young (Allocation Failure)
[296.487s][info][gc,heap        ] GC(1359) PSYoungGen: 165792K(253952K)->320K(272384K) Eden: 165376K(165376K)->0K(189952K) From: 416K(88576K)->320K(82432K)
[296.487s][info][gc,heap        ] GC(1359) ParOldGen: 6132K(699392K)->6132K(699392K)
[296.487s][info][gc,metaspace   ] GC(1359) Metaspace: 16575K(16896K)->16575K(16896K) NonClass: 14243K(14400K)->14243K(14400K) Class: 2331K(2496K)->2331K(2496K)
[296.487s][info][gc             ] GC(1359) Pause Young (Allocation Failure) 167M->6M(949M) 1.024ms
[296.487s][info][gc,cpu         ] GC(1359) User=0.00s Sys=0.00s Real=0.00s
[296.539s][info][gc,start       ] GC(1360) Pause Young (Allocation Failure)
[296.540s][info][gc,heap        ] GC(1360) PSYoungGen: 190272K(272384K)->384K(266752K) Eden: 189952K(189952K)->0K(189952K) From: 320K(82432K)->384K(76800K)
[296.540s][info][gc,heap        ] GC(1360) ParOldGen: 6132K(699392K)->6132K(699392K)
[296.540s][info][gc,metaspace   ] GC(1360) Metaspace: 16575K(16896K)->16575K(16896K) NonClass: 14243K(14400K)->14243K(14400K) Class: 2331K(2496K)->2331K(2496K)
[296.540s][info][gc             ] GC(1360) Pause Young (Allocation Failure) 191M->6M(943M) 0.789ms
[296.540s][info][gc,cpu         ] GC(1360) User=0.00s Sys=0.00s Real=0.00s
[296.591s][info][gc,start       ] GC(1361) Pause Young (Allocation Failure)
[296.592s][info][gc,heap        ] GC(1361) PSYoungGen: 190336K(266752K)->352K(283136K) Eden: 189952K(189952K)->0K(211968K) From: 384K(76800K)->352K(71168K)
[296.592s][info][gc,heap        ] GC(1361) ParOldGen: 6132K(699392K)->6132K(699392K)
[296.592s][info][gc,metaspace   ] GC(1361) Metaspace: 16575K(16896K)->16575K(16896K) NonClass: 14243K(14400K)->14243K(14400K) Class: 2331K(2496K)->2331K(2496K)
[296.592s][info][gc             ] GC(1361) Pause Young (Allocation Failure) 191M->6M(959M) 0.823ms
[296.592s][info][gc,cpu         ] GC(1361) User=0.00s Sys=0.00s Real=0.00s
[296.642s][info][gc,start       ] GC(1362) Pause Young (Allocation Failure)
[296.642s][info][gc,heap        ] GC(1362) PSYoungGen: 212320K(283136K)->352K(278016K) Eden: 211968K(211968K)->0K(211968K) From: 352K(71168K)->352K(66048K)
[296.642s][info][gc,heap        ] GC(1362) ParOldGen: 6132K(699392K)->6132K(699392K)
[296.642s][info][gc,metaspace   ] GC(1362) Metaspace: 16575K(16896K)->16575K(16896K) NonClass: 14243K(14400K)->14243K(14400K) Class: 2331K(2496K)->2331K(2496K)
[296.642s][info][gc             ] GC(1362) Pause Young (Allocation Failure) 213M->6M(954M) 0.538ms
[296.642s][info][gc,cpu         ] GC(1362) User=0.00s Sys=0.00s Real=0.00s
[296.703s][info][gc,start       ] GC(1363) Pause Young (Allocation Failure)
[296.721s][info][gc,heap        ] GC(1363) PSYoungGen: 212320K(278016K)->27569K(282624K) Eden: 211968K(211968K)->0K(221184K) From: 352K(66048K)->27569K(61440K)
[296.722s][info][gc,heap        ] GC(1363) ParOldGen: 6132K(699392K)->6132K(699392K)
[296.722s][info][gc,metaspace   ] GC(1363) Metaspace: 16575K(16896K)->16575K(16896K) NonClass: 14243K(14400K)->14243K(14400K) Class: 2331K(2496K)->2331K(2496K)
[296.722s][info][gc             ] GC(1363) Pause Young (Allocation Failure) 213M->32M(959M) 18.283ms
[296.722s][info][gc,cpu         ] GC(1363) User=0.02s Sys=0.00s Real=0.02s
[296.906s][info][gc,start       ] GC(1364) Pause Young (Allocation Failure)
[297.026s][info][gc,heap        ] GC(1364) PSYoungGen: 248753K(282624K)->63971K(285184K) Eden: 221184K(221184K)->0K(221184K) From: 27569K(61440K)->63971K(64000K)
[297.026s][info][gc,heap        ] GC(1364) ParOldGen: 6132K(699392K)->119820K(699392K)
[297.026s][info][gc,metaspace   ] GC(1364) Metaspace: 16575K(16896K)->16575K(16896K) NonClass: 14243K(14400K)->14243K(14400K) Class: 2331K(2496K)->2331K(2496K)
[297.026s][info][gc             ] GC(1364) Pause Young (Allocation Failure) 248M->179M(961M) 119.988ms
[297.026s][info][gc,cpu         ] GC(1364) User=0.52s Sys=0.00s Real=0.11s
[297.284s][info][gc,start       ] GC(1365) Pause Young (Allocation Failure)
[297.480s][info][gc,heap        ] GC(1365) PSYoungGen: 285155K(285184K)->63970K(180736K) Eden: 221184K(221184K)->0K(116736K) From: 63971K(64000K)->63970K(64000K)
[297.480s][info][gc,heap        ] GC(1365) ParOldGen: 119820K(699392K)->270484K(699392K)
[297.480s][info][gc,metaspace   ] GC(1365) Metaspace: 16575K(16896K)->16575K(16896K) NonClass: 14243K(14400K)->14243K(14400K) Class: 2331K(2496K)->2331K(2496K)
[297.480s][info][gc             ] GC(1365) Pause Young (Allocation Failure) 395M->326M(859M) 196.199ms
[297.480s][info][gc,cpu         ] GC(1365) User=0.89s Sys=0.05s Real=0.19s
[297.617s][info][gc,start       ] GC(1366) Pause Young (Allocation Failure)
[297.754s][info][gc,heap        ] GC(1366) PSYoungGen: 180706K(180736K)->116209K(232960K) Eden: 116736K(116736K)->0K(116736K) From: 63970K(64000K)->116209K(116224K)
[297.754s][info][gc,heap        ] GC(1366) ParOldGen: 270484K(699392K)->298716K(699392K)
[297.754s][info][gc,metaspace   ] GC(1366) Metaspace: 16575K(16896K)->16575K(16896K) NonClass: 14243K(14400K)->14243K(14400K) Class: 2331K(2496K)->2331K(2496K)
[297.754s][info][gc             ] GC(1366) Pause Young (Allocation Failure) 440M->405M(910M) 137.727ms
[297.754s][info][gc,cpu         ] GC(1366) User=0.52s Sys=0.00s Real=0.14s
[297.955s][info][gc,start       ] GC(1367) Pause Young (Allocation Failure)
[298.089s][info][gc,heap        ] GC(1367) PSYoungGen: 232945K(232960K)->116194K(232960K) Eden: 116736K(116736K)->0K(116736K) From: 116209K(116224K)->116194K(116224K)
[298.090s][info][gc,heap        ] GC(1367) ParOldGen: 298716K(699392K)->330380K(699392K)
[298.090s][info][gc,metaspace   ] GC(1367) Metaspace: 16575K(16896K)->16575K(16896K) NonClass: 14243K(14400K)->14243K(14400K) Class: 2331K(2496K)->2331K(2496K)
[298.090s][info][gc             ] GC(1367) Pause Young (Allocation Failure) 519M->436M(910M) 134.246ms
[298.090s][info][gc,cpu         ] GC(1367) User=0.56s Sys=0.00s Real=0.13s
[300.714s][info][gc,start       ] GC(1368) Pause Young (Allocation Failure)
[300.811s][info][gc,heap        ] GC(1368) PSYoungGen: 232930K(232960K)->116195K(232960K) Eden: 116736K(116736K)->0K(116736K) From: 116194K(116224K)->116195K(116224K)
[300.811s][info][gc,heap        ] GC(1368) ParOldGen: 330380K(699392K)->371428K(699392K)
[300.812s][info][gc,metaspace   ] GC(1368) Metaspace: 16575K(16896K)->16575K(16896K) NonClass: 14243K(14400K)->14243K(14400K) Class: 2331K(2496K)->2331K(2496K)
[300.812s][info][gc             ] GC(1368) Pause Young (Allocation Failure) 550M->476M(910M) 97.268ms
[300.812s][info][gc,cpu         ] GC(1368) User=0.56s Sys=0.00s Real=0.09s
[300.868s][info][gc,start       ] GC(1369) Pause Young (Allocation Failure)
[300.970s][info][gc,heap        ] GC(1369) PSYoungGen: 232931K(232960K)->116224K(232960K) Eden: 116736K(116736K)->0K(116736K) From: 116195K(116224K)->116224K(116224K)
[300.970s][info][gc,heap        ] GC(1369) ParOldGen: 371428K(699392K)->422024K(699392K)
[300.970s][info][gc,metaspace   ] GC(1369) Metaspace: 16575K(16896K)->16575K(16896K) NonClass: 14243K(14400K)->14243K(14400K) Class: 2331K(2496K)->2331K(2496K)
[300.970s][info][gc             ] GC(1369) Pause Young (Allocation Failure) 590M->525M(910M) 102.299ms
[300.970s][info][gc,cpu         ] GC(1369) User=0.58s Sys=0.00s Real=0.11s
[301.028s][info][gc,start       ] GC(1370) Pause Young (Allocation Failure)
[301.126s][info][gc,heap        ] GC(1370) PSYoungGen: 232960K(232960K)->114752K(232960K) Eden: 116736K(116736K)->0K(116736K) From: 116224K(116224K)->114752K(116224K)
[301.127s][info][gc,heap        ] GC(1370) ParOldGen: 422024K(699392K)->473840K(699392K)
[301.127s][info][gc,metaspace   ] GC(1370) Metaspace: 16575K(16896K)->16575K(16896K) NonClass: 14243K(14400K)->14243K(14400K) Class: 2331K(2496K)->2331K(2496K)
[301.127s][info][gc             ] GC(1370) Pause Young (Allocation Failure) 639M->574M(910M) 98.786ms
[301.127s][info][gc,cpu         ] GC(1370) User=0.45s Sys=0.00s Real=0.09s
[301.188s][info][gc,start       ] GC(1371) Pause Young (Allocation Failure)
[301.273s][info][gc,heap        ] GC(1371) PSYoungGen: 231488K(232960K)->116224K(232960K) Eden: 116736K(116736K)->0K(116736K) From: 114752K(116224K)->116224K(116224K)
[301.273s][info][gc,heap        ] GC(1371) ParOldGen: 473840K(699392K)->520800K(699392K)
[301.273s][info][gc,metaspace   ] GC(1371) Metaspace: 16575K(16896K)->16575K(16896K) NonClass: 14243K(14400K)->14243K(14400K) Class: 2331K(2496K)->2331K(2496K)
[301.273s][info][gc             ] GC(1371) Pause Young (Allocation Failure) 688M->622M(910M) 84.856ms
[301.273s][info][gc,cpu         ] GC(1371) User=0.52s Sys=0.00s Real=0.09s
[301.333s][info][gc,start       ] GC(1372) Pause Young (Allocation Failure)
[301.411s][info][gc,heap        ] GC(1372) PSYoungGen: 232960K(232960K)->87488K(232960K) Eden: 116736K(116736K)->0K(116736K) From: 116224K(116224K)->87488K(116224K)
[301.411s][info][gc,heap        ] GC(1372) ParOldGen: 520800K(699392K)->599568K(699392K)
[301.411s][info][gc,metaspace   ] GC(1372) Metaspace: 16575K(16896K)->16575K(16896K) NonClass: 14243K(14400K)->14243K(14400K) Class: 2331K(2496K)->2331K(2496K)
[301.412s][info][gc             ] GC(1372) Pause Young (Allocation Failure) 736M->670M(910M) 78.803ms
[301.412s][info][gc,cpu         ] GC(1372) User=0.41s Sys=0.00s Real=0.08s
[301.473s][info][gc,start       ] GC(1373) Pause Full (Ergonomics)
[301.473s][info][gc,phases,start] GC(1373) Marking Phase
[301.570s][info][gc,phases      ] GC(1373) Marking Phase 96.518ms
[301.570s][info][gc,phases,start] GC(1373) Summary Phase
[301.570s][info][gc,phases      ] GC(1373) Summary Phase 0.033ms
[301.570s][info][gc,phases,start] GC(1373) Adjust Roots
[301.572s][info][gc,phases      ] GC(1373) Adjust Roots 1.913ms
[301.572s][info][gc,phases,start] GC(1373) Compaction Phase
[301.799s][info][gc,phases      ] GC(1373) Compaction Phase 227.611ms
[301.799s][info][gc,phases,start] GC(1373) Post Compact
[301.801s][info][gc,phases      ] GC(1373) Post Compact 1.896ms
[301.801s][info][gc,heap        ] GC(1373) PSYoungGen: 204224K(232960K)->0K(232960K) Eden: 116736K(116736K)->0K(116736K) From: 87488K(116224K)->0K(116224K)
[301.801s][info][gc,heap        ] GC(1373) ParOldGen: 599568K(699392K)->288996K(699392K)
[301.801s][info][gc,metaspace   ] GC(1373) Metaspace: 16575K(16896K)->16575K(16896K) NonClass: 14243K(14400K)->14243K(14400K) Class: 2331K(2496K)->2331K(2496K)
[301.801s][info][gc             ] GC(1373) Pause Full (Ergonomics) 784M->282M(910M) 328.296ms
[301.801s][info][gc,cpu         ] GC(1373) User=1.58s Sys=0.02s Real=0.33s
[301.862s][info][gc,start       ] GC(1374) Pause Young (Allocation Failure)
[301.887s][info][gc,heap        ] GC(1374) PSYoungGen: 116736K(232960K)->50912K(232960K) Eden: 116736K(116736K)->0K(116736K) From: 0K(116224K)->50912K(116224K)
[301.887s][info][gc,heap        ] GC(1374) ParOldGen: 288996K(699392K)->288996K(699392K)
[301.887s][info][gc,metaspace   ] GC(1374) Metaspace: 16575K(16896K)->16575K(16896K) NonClass: 14243K(14400K)->14243K(14400K) Class: 2331K(2496K)->2331K(2496K)
[301.887s][info][gc             ] GC(1374) Pause Young (Allocation Failure) 396M->331M(910M) 24.959ms
[301.887s][info][gc,cpu         ] GC(1374) User=0.08s Sys=0.00s Real=0.03s
[301.948s][info][gc,start       ] GC(1375) Pause Young (Allocation Failure)
[301.996s][info][gc,heap        ] GC(1375) PSYoungGen: 167648K(232960K)->51008K(232960K) Eden: 116736K(116736K)->0K(116736K) From: 50912K(116224K)->51008K(116224K)
[301.996s][info][gc,heap        ] GC(1375) ParOldGen: 288996K(699392K)->337044K(699392K)
[301.996s][info][gc,metaspace   ] GC(1375) Metaspace: 16575K(16896K)->16575K(16896K) NonClass: 14243K(14400K)->14243K(14400K) Class: 2331K(2496K)->2331K(2496K)
[301.996s][info][gc             ] GC(1375) Pause Young (Allocation Failure) 445M->378M(910M) 47.104ms
[301.996s][info][gc,cpu         ] GC(1375) User=0.19s Sys=0.00s Real=0.05s
[302.080s][info][gc,start       ] GC(1376) Pause Young (Allocation Failure)
[302.142s][info][gc,heap        ] GC(1376) PSYoungGen: 167744K(232960K)->70698K(232960K) Eden: 116736K(116736K)->0K(116736K) From: 51008K(116224K)->70698K(116224K)
[302.142s][info][gc,heap        ] GC(1376) ParOldGen: 337044K(699392K)->385124K(699392K)
[302.142s][info][gc,metaspace   ] GC(1376) Metaspace: 16575K(16896K)->16575K(16896K) NonClass: 14243K(14400K)->14243K(14400K) Class: 2331K(2496K)->2331K(2496K)
[302.142s][info][gc             ] GC(1376) Pause Young (Allocation Failure) 492M->445M(910M) 61.453ms
[302.142s][info][gc,cpu         ] GC(1376) User=0.28s Sys=0.00s Real=0.06s
[302.467s][info][gc,start       ] GC(1377) Pause Young (Allocation Failure)
[302.556s][info][gc,heap        ] GC(1377) PSYoungGen: 187434K(232960K)->38912K(232960K) Eden: 116736K(116736K)->0K(116736K) From: 70698K(116224K)->38912K(116224K)
[302.556s][info][gc,heap        ] GC(1377) ParOldGen: 385124K(699392K)->449318K(699392K)
[302.556s][info][gc,metaspace   ] GC(1377) Metaspace: 16575K(16896K)->16575K(16896K) NonClass: 14243K(14400K)->14243K(14400K) Class: 2331K(2496K)->2331K(2496K)
[302.556s][info][gc             ] GC(1377) Pause Young (Allocation Failure) 559M->476M(910M) 89.052ms
[302.556s][info][gc,cpu         ] GC(1377) User=0.41s Sys=0.00s Real=0.09s
[302.698s][info][gc,start       ] GC(1378) Pause Young (Allocation Failure)
[302.747s][info][gc,heap        ] GC(1378) PSYoungGen: 155648K(232960K)->3840K(232960K) Eden: 116736K(116736K)->0K(116736K) From: 38912K(116224K)->3840K(116224K)
[302.747s][info][gc,heap        ] GC(1378) ParOldGen: 449318K(699392K)->480542K(699392K)
[302.747s][info][gc,metaspace   ] GC(1378) Metaspace: 16575K(16896K)->16575K(16896K) NonClass: 14243K(14400K)->14243K(14400K) Class: 2331K(2496K)->2331K(2496K)
[302.747s][info][gc             ] GC(1378) Pause Young (Allocation Failure) 590M->473M(910M) 49.543ms
[302.747s][info][gc,cpu         ] GC(1378) User=0.25s Sys=0.00s Real=0.06s
[302.887s][info][gc,start       ] GC(1379) Pause Young (Allocation Failure)
[302.890s][info][gc,heap        ] GC(1379) PSYoungGen: 120576K(232960K)->3168K(232960K) Eden: 116736K(116736K)->0K(116736K) From: 3840K(116224K)->3168K(116224K)
[302.890s][info][gc,heap        ] GC(1379) ParOldGen: 480542K(699392K)->480870K(699392K)
[302.890s][info][gc,metaspace   ] GC(1379) Metaspace: 16575K(16896K)->16575K(16896K) NonClass: 14243K(14400K)->14243K(14400K) Class: 2331K(2496K)->2331K(2496K)
[302.890s][info][gc             ] GC(1379) Pause Young (Allocation Failure) 587M->472M(910M) 2.707ms
[302.890s][info][gc,cpu         ] GC(1379) User=0.00s Sys=0.00s Real=0.00s
[303.016s][info][gc,start       ] GC(1380) Pause Young (Allocation Failure)
[303.018s][info][gc,heap        ] GC(1380) PSYoungGen: 119904K(232960K)->2336K(232960K) Eden: 116736K(116736K)->0K(116736K) From: 3168K(116224K)->2336K(116224K)
[303.018s][info][gc,heap        ] GC(1380) ParOldGen: 480870K(699392K)->480998K(699392K)
[303.018s][info][gc,metaspace   ] GC(1380) Metaspace: 16575K(16896K)->16575K(16896K) NonClass: 14243K(14400K)->14243K(14400K) Class: 2331K(2496K)->2331K(2496K)
[303.018s][info][gc             ] GC(1380) Pause Young (Allocation Failure) 586M->472M(910M) 2.428ms
[303.018s][info][gc,cpu         ] GC(1380) User=0.00s Sys=0.00s Real=0.00s
[303.150s][info][gc,start       ] GC(1381) Pause Young (Allocation Failure)
[303.151s][info][gc,heap        ] GC(1381) PSYoungGen: 119072K(232960K)->192K(232960K) Eden: 116736K(116736K)->0K(116736K) From: 2336K(116224K)->192K(116224K)
[303.151s][info][gc,heap        ] GC(1381) ParOldGen: 480998K(699392K)->481006K(699392K)
[303.151s][info][gc,metaspace   ] GC(1381) Metaspace: 16575K(16896K)->16575K(16896K) NonClass: 14243K(14400K)->14243K(14400K) Class: 2331K(2496K)->2331K(2496K)
[303.151s][info][gc             ] GC(1381) Pause Young (Allocation Failure) 586M->469M(910M) 1.000ms
[303.151s][info][gc,cpu         ] GC(1381) User=0.00s Sys=0.00s Real=0.00s
[303.841s][info][gc,start       ] GC(1382) Pause Young (System.gc())
[303.842s][info][gc,heap        ] GC(1382) PSYoungGen: 86396K(232960K)->192K(232960K) Eden: 86204K(116736K)->0K(116736K) From: 192K(116224K)->192K(116224K)
[303.842s][info][gc,heap        ] GC(1382) ParOldGen: 481006K(699392K)->481006K(699392K)
[303.842s][info][gc,metaspace   ] GC(1382) Metaspace: 16575K(16896K)->16575K(16896K) NonClass: 14243K(14400K)->14243K(14400K) Class: 2331K(2496K)->2331K(2496K)
[303.842s][info][gc             ] GC(1382) Pause Young (System.gc()) 554M->469M(910M) 0.723ms
[303.842s][info][gc,cpu         ] GC(1382) User=0.00s Sys=0.00s Real=0.00s
[303.842s][info][gc,start       ] GC(1383) Pause Full (System.gc())
[303.842s][info][gc,phases,start] GC(1383) Marking Phase
[303.847s][info][gc,phases      ] GC(1383) Marking Phase 4.817ms
[303.847s][info][gc,phases,start] GC(1383) Summary Phase
[303.847s][info][gc,phases      ] GC(1383) Summary Phase 0.011ms
[303.847s][info][gc,phases,start] GC(1383) Adjust Roots
[303.849s][info][gc,phases      ] GC(1383) Adjust Roots 1.805ms
[303.849s][info][gc,phases,start] GC(1383) Compaction Phase
[303.850s][info][gc,phases      ] GC(1383) Compaction Phase 1.502ms
[303.851s][info][gc,phases,start] GC(1383) Post Compact
[303.852s][info][gc,phases      ] GC(1383) Post Compact 1.792ms
[303.852s][info][gc,heap        ] GC(1383) PSYoungGen: 192K(232960K)->0K(232960K) Eden: 0K(116736K)->0K(116736K) From: 192K(116224K)->0K(116224K)
[303.852s][info][gc,heap        ] GC(1383) ParOldGen: 481006K(699392K)->5547K(699392K)
[303.852s][info][gc,metaspace   ] GC(1383) Metaspace: 16575K(16896K)->16575K(16896K) NonClass: 14243K(14400K)->14243K(14400K) Class: 2331K(2496K)->2331K(2496K)
[303.852s][info][gc             ] GC(1383) Pause Full (System.gc()) 469M->5M(910M) 10.206ms
[303.852s][info][gc,cpu         ] GC(1383) User=0.00s Sys=0.00s Real=0.02s
[305.406s][info][gc,start       ] GC(1384) Pause Young (Allocation Failure)
[305.407s][info][gc,heap        ] GC(1384) PSYoungGen: 116736K(232960K)->384K(232960K) Eden: 116736K(116736K)->0K(116736K) From: 0K(116224K)->384K(116224K)
[305.407s][info][gc,heap        ] GC(1384) ParOldGen: 5547K(699392K)->5547K(699392K)
[305.407s][info][gc,metaspace   ] GC(1384) Metaspace: 16575K(16896K)->16575K(16896K) NonClass: 14243K(14400K)->14243K(14400K) Class: 2331K(2496K)->2331K(2496K)
[305.407s][info][gc             ] GC(1384) Pause Young (Allocation Failure) 119M->5M(910M) 0.842ms
[305.407s][info][gc,cpu         ] GC(1384) User=0.00s Sys=0.00s Real=0.00s
[305.431s][info][gc,start       ] GC(1385) Pause Young (Allocation Failure)
[305.432s][info][gc,heap        ] GC(1385) PSYoungGen: 117120K(232960K)->320K(232960K) Eden: 116736K(116736K)->0K(116736K) From: 384K(116224K)->320K(116224K)
[305.432s][info][gc,heap        ] GC(1385) ParOldGen: 5547K(699392K)->5643K(699392K)
[305.432s][info][gc,metaspace   ] GC(1385) Metaspace: 16575K(16896K)->16575K(16896K) NonClass: 14243K(14400K)->14243K(14400K) Class: 2331K(2496K)->2331K(2496K)
[305.432s][info][gc             ] GC(1385) Pause Young (Allocation Failure) 119M->5M(910M) 0.613ms
[305.432s][info][gc,cpu         ] GC(1385) User=0.00s Sys=0.00s Real=0.00s
[305.454s][info][gc,start       ] GC(1386) Pause Young (Allocation Failure)
[305.455s][info][gc,heap        ] GC(1386) PSYoungGen: 117056K(232960K)->320K(232960K) Eden: 116736K(116736K)->0K(116736K) From: 320K(116224K)->320K(116224K)
[305.455s][info][gc,heap        ] GC(1386) ParOldGen: 5643K(699392K)->5683K(699392K)
[305.455s][info][gc,metaspace   ] GC(1386) Metaspace: 16575K(16896K)->16575K(16896K) NonClass: 14243K(14400K)->14243K(14400K) Class: 2331K(2496K)->2331K(2496K)
[305.455s][info][gc             ] GC(1386) Pause Young (Allocation Failure) 119M->5M(910M) 0.632ms
[305.455s][info][gc,cpu         ] GC(1386) User=0.00s Sys=0.00s Real=0.00s
[305.478s][info][gc,start       ] GC(1387) Pause Young (Allocation Failure)
[305.478s][info][gc,heap        ] GC(1387) PSYoungGen: 117056K(232960K)->256K(232960K) Eden: 116736K(116736K)->0K(116736K) From: 320K(116224K)->256K(116224K)
[305.478s][info][gc,heap        ] GC(1387) ParOldGen: 5683K(699392K)->5731K(699392K)
[305.478s][info][gc,metaspace   ] GC(1387) Metaspace: 16575K(16896K)->16575K(16896K) NonClass: 14243K(14400K)->14243K(14400K) Class: 2331K(2496K)->2331K(2496K)
[305.479s][info][gc             ] GC(1387) Pause Young (Allocation Failure) 119M->5M(910M) 0.474ms
[305.479s][info][gc,cpu         ] GC(1387) User=0.00s Sys=0.00s Real=0.00s
[305.500s][info][gc,start       ] GC(1388) Pause Young (Allocation Failure)
[305.501s][info][gc,heap        ] GC(1388) PSYoungGen: 116992K(232960K)->192K(232960K) Eden: 116736K(116736K)->0K(116736K) From: 256K(116224K)->192K(116224K)
[305.501s][info][gc,heap        ] GC(1388) ParOldGen: 5731K(699392K)->5787K(699392K)
[305.501s][info][gc,metaspace   ] GC(1388) Metaspace: 16575K(16896K)->16575K(16896K) NonClass: 14243K(14400K)->14243K(14400K) Class: 2331K(2496K)->2331K(2496K)
[305.501s][info][gc             ] GC(1388) Pause Young (Allocation Failure) 119M->5M(910M) 0.493ms
[305.501s][info][gc,cpu         ] GC(1388) User=0.00s Sys=0.00s Real=0.00s
[305.522s][info][gc,start       ] GC(1389) Pause Young (Allocation Failure)
[305.523s][info][gc,heap        ] GC(1389) PSYoungGen: 116928K(232960K)->288K(232960K) Eden: 116736K(116736K)->0K(116736K) From: 192K(116224K)->288K(116224K)
[305.523s][info][gc,heap        ] GC(1389) ParOldGen: 5787K(699392K)->5835K(699392K)
[305.523s][info][gc,metaspace   ] GC(1389) Metaspace: 16575K(16896K)->16575K(16896K) NonClass: 14243K(14400K)->14243K(14400K) Class: 2331K(2496K)->2331K(2496K)
[305.523s][info][gc             ] GC(1389) Pause Young (Allocation Failure) 119M->5M(910M) 0.575ms
[305.523s][info][gc,cpu         ] GC(1389) User=0.00s Sys=0.00s Real=0.00s
[305.544s][info][gc,start       ] GC(1390) Pause Young (Allocation Failure)
[305.544s][info][gc,heap        ] GC(1390) PSYoungGen: 117024K(232960K)->288K(232960K) Eden: 116736K(116736K)->0K(116736K) From: 288K(116224K)->288K(116224K)
[305.544s][info][gc,heap        ] GC(1390) ParOldGen: 5835K(699392K)->5883K(699392K)
[305.544s][info][gc,metaspace   ] GC(1390) Metaspace: 16575K(16896K)->16575K(16896K) NonClass: 14243K(14400K)->14243K(14400K) Class: 2331K(2496K)->2331K(2496K)
[305.544s][info][gc             ] GC(1390) Pause Young (Allocation Failure) 119M->6M(910M) 0.537ms
[305.544s][info][gc,cpu         ] GC(1390) User=0.00s Sys=0.00s Real=0.00s
[305.569s][info][gc,start       ] GC(1391) Pause Young (Allocation Failure)
[305.569s][info][gc,heap        ] GC(1391) PSYoungGen: 117024K(232960K)->224K(232960K) Eden: 116736K(116736K)->0K(116736K) From: 288K(116224K)->224K(116224K)
[305.569s][info][gc,heap        ] GC(1391) ParOldGen: 5883K(699392K)->5931K(699392K)
[305.569s][info][gc,metaspace   ] GC(1391) Metaspace: 16575K(16896K)->16575K(16896K) NonClass: 14243K(14400K)->14243K(14400K) Class: 2331K(2496K)->2331K(2496K)
[305.569s][info][gc             ] GC(1391) Pause Young (Allocation Failure) 120M->6M(910M) 0.546ms
[305.569s][info][gc,cpu         ] GC(1391) User=0.00s Sys=0.00s Real=0.00s
[305.593s][info][gc,start       ] GC(1392) Pause Young (Allocation Failure)
[305.593s][info][gc,heap        ] GC(1392) PSYoungGen: 116960K(232960K)->352K(232960K) Eden: 116736K(116736K)->0K(116736K) From: 224K(116224K)->352K(116224K)
[305.593s][info][gc,heap        ] GC(1392) ParOldGen: 5931K(699392K)->5963K(699392K)
[305.593s][info][gc,metaspace   ] GC(1392) Metaspace: 16575K(16896K)->16575K(16896K) NonClass: 14243K(14400K)->14243K(14400K) Class: 2331K(2496K)->2331K(2496K)
[305.593s][info][gc             ] GC(1392) Pause Young (Allocation Failure) 120M->6M(910M) 0.473ms
[305.593s][info][gc,cpu         ] GC(1392) User=0.00s Sys=0.00s Real=0.00s
[305.614s][info][gc,start       ] GC(1393) Pause Young (Allocation Failure)
[305.615s][info][gc,heap        ] GC(1393) PSYoungGen: 117088K(232960K)->224K(232960K) Eden: 116736K(116736K)->0K(116736K) From: 352K(116224K)->224K(116224K)
[305.615s][info][gc,heap        ] GC(1393) ParOldGen: 5963K(699392K)->6011K(699392K)
[305.615s][info][gc,metaspace   ] GC(1393) Metaspace: 16575K(16896K)->16575K(16896K) NonClass: 14243K(14400K)->14243K(14400K) Class: 2331K(2496K)->2331K(2496K)
[305.615s][info][gc             ] GC(1393) Pause Young (Allocation Failure) 120M->6M(910M) 0.479ms
[305.615s][info][gc,cpu         ] GC(1393) User=0.00s Sys=0.00s Real=0.00s
[305.637s][info][gc,start       ] GC(1394) Pause Young (Allocation Failure)
[305.638s][info][gc,heap        ] GC(1394) PSYoungGen: 116960K(232960K)->320K(238592K) Eden: 116736K(116736K)->0K(122368K) From: 224K(116224K)->320K(116224K)
[305.638s][info][gc,heap        ] GC(1394) ParOldGen: 6011K(699392K)->6051K(699392K)
[305.638s][info][gc,metaspace   ] GC(1394) Metaspace: 16575K(16896K)->16575K(16896K) NonClass: 14243K(14400K)->14243K(14400K) Class: 2331K(2496K)->2331K(2496K)
[305.638s][info][gc             ] GC(1394) Pause Young (Allocation Failure) 120M->6M(916M) 0.504ms
[305.638s][info][gc,cpu         ] GC(1394) User=0.00s Sys=0.00s Real=0.00s
[305.661s][info][gc,start       ] GC(1395) Pause Young (Allocation Failure)
[305.661s][info][gc,heap        ] GC(1395) PSYoungGen: 122688K(238592K)->224K(232960K) Eden: 122368K(122368K)->0K(122368K) From: 320K(116224K)->224K(110592K)
[305.661s][info][gc,heap        ] GC(1395) ParOldGen: 6051K(699392K)->6051K(699392K)
[305.661s][info][gc,metaspace   ] GC(1395) Metaspace: 16575K(16896K)->16575K(16896K) NonClass: 14243K(14400K)->14243K(14400K) Class: 2331K(2496K)->2331K(2496K)
[305.661s][info][gc             ] GC(1395) Pause Young (Allocation Failure) 125M->6M(910M) 0.464ms
[305.661s][info][gc,cpu         ] GC(1395) User=0.00s Sys=0.00s Real=0.00s
[305.685s][info][gc,start       ] GC(1396) Pause Young (Allocation Failure)
[305.686s][info][gc,heap        ] GC(1396) PSYoungGen: 122592K(232960K)->352K(252416K) Eden: 122368K(122368K)->0K(148992K) From: 224K(110592K)->352K(103424K)
[305.686s][info][gc,heap        ] GC(1396) ParOldGen: 6051K(699392K)->6051K(699392K)
[305.686s][info][gc,metaspace   ] GC(1396) Metaspace: 16575K(16896K)->16575K(16896K) NonClass: 14243K(14400K)->14243K(14400K) Class: 2331K(2496K)->2331K(2496K)
[305.686s][info][gc             ] GC(1396) Pause Young (Allocation Failure) 125M->6M(929M) 0.481ms
[305.686s][info][gc,cpu         ] GC(1396) User=0.00s Sys=0.00s Real=0.00s
[305.714s][info][gc,start       ] GC(1397) Pause Young (Allocation Failure)
[305.714s][info][gc,heap        ] GC(1397) PSYoungGen: 149344K(252416K)->352K(245760K) Eden: 148992K(148992K)->0K(148992K) From: 352K(103424K)->352K(96768K)
[305.714s][info][gc,heap        ] GC(1397) ParOldGen: 6051K(699392K)->6051K(699392K)
[305.714s][info][gc,metaspace   ] GC(1397) Metaspace: 16575K(16896K)->16575K(16896K) NonClass: 14243K(14400K)->14243K(14400K) Class: 2331K(2496K)->2331K(2496K)
[305.714s][info][gc             ] GC(1397) Pause Young (Allocation Failure) 151M->6M(923M) 0.476ms
[305.714s][info][gc,cpu         ] GC(1397) User=0.00s Sys=0.00s Real=0.00s
[305.743s][info][gc,start       ] GC(1398) Pause Young (Allocation Failure)
[305.743s][info][gc,heap        ] GC(1398) PSYoungGen: 149344K(245760K)->352K(264704K) Eden: 148992K(148992K)->0K(174080K) From: 352K(96768K)->352K(90624K)
[305.743s][info][gc,heap        ] GC(1398) ParOldGen: 6051K(699392K)->6051K(699392K)
[305.743s][info][gc,metaspace   ] GC(1398) Metaspace: 16575K(16896K)->16575K(16896K) NonClass: 14243K(14400K)->14243K(14400K) Class: 2331K(2496K)->2331K(2496K)
[305.743s][info][gc             ] GC(1398) Pause Young (Allocation Failure) 151M->6M(941M) 0.490ms
[305.743s][info][gc,cpu         ] GC(1398) User=0.00s Sys=0.00s Real=0.00s
[305.776s][info][gc,start       ] GC(1399) Pause Young (Allocation Failure)
[305.776s][info][gc,heap        ] GC(1399) PSYoungGen: 174432K(264704K)->352K(258560K) Eden: 174080K(174080K)->0K(174080K) From: 352K(90624K)->352K(84480K)
[305.776s][info][gc,heap        ] GC(1399) ParOldGen: 6051K(699392K)->6051K(699392K)
[305.776s][info][gc,metaspace   ] GC(1399) Metaspace: 16575K(16896K)->16575K(16896K) NonClass: 14243K(14400K)->14243K(14400K) Class: 2331K(2496K)->2331K(2496K)
[305.776s][info][gc             ] GC(1399) Pause Young (Allocation Failure) 176M->6M(935M) 0.434ms
[305.776s][info][gc,cpu         ] GC(1399) User=0.00s Sys=0.00s Real=0.00s
[305.809s][info][gc,start       ] GC(1400) Pause Young (Allocation Failure)
[305.809s][info][gc,heap        ] GC(1400) PSYoungGen: 174432K(258560K)->320K(275968K) Eden: 174080K(174080K)->0K(197120K) From: 352K(84480K)->320K(78848K)
[305.809s][info][gc,heap        ] GC(1400) ParOldGen: 6051K(699392K)->6051K(699392K)
[305.809s][info][gc,metaspace   ] GC(1400) Metaspace: 16575K(16896K)->16575K(16896K) NonClass: 14243K(14400K)->14243K(14400K) Class: 2331K(2496K)->2331K(2496K)
[305.809s][info][gc             ] GC(1400) Pause Young (Allocation Failure) 176M->6M(952M) 0.549ms
[305.809s][info][gc,cpu         ] GC(1400) User=0.00s Sys=0.00s Real=0.00s
[305.846s][info][gc,start       ] GC(1401) Pause Young (Allocation Failure)
[305.847s][info][gc,heap        ] GC(1401) PSYoungGen: 197440K(275968K)->352K(270336K) Eden: 197120K(197120K)->0K(197120K) From: 320K(78848K)->352K(73216K)
[305.847s][info][gc,heap        ] GC(1401) ParOldGen: 6051K(699392K)->6051K(699392K)
[305.847s][info][gc,metaspace   ] GC(1401) Metaspace: 16575K(16896K)->16575K(16896K) NonClass: 14243K(14400K)->14243K(14400K) Class: 2331K(2496K)->2331K(2496K)
[305.847s][info][gc             ] GC(1401) Pause Young (Allocation Failure) 198M->6M(947M) 0.589ms
[305.847s][info][gc,cpu         ] GC(1401) User=0.00s Sys=0.00s Real=0.00s
[305.885s][info][gc,start       ] GC(1402) Pause Young (Allocation Failure)
[305.886s][info][gc,heap        ] GC(1402) PSYoungGen: 197472K(270336K)->352K(286208K) Eden: 197120K(197120K)->0K(218112K) From: 352K(73216K)->352K(68096K)
[305.886s][info][gc,heap        ] GC(1402) ParOldGen: 6051K(699392K)->6051K(699392K)
[305.886s][info][gc,metaspace   ] GC(1402) Metaspace: 16575K(16896K)->16575K(16896K) NonClass: 14243K(14400K)->14243K(14400K) Class: 2331K(2496K)->2331K(2496K)
[305.886s][info][gc             ] GC(1402) Pause Young (Allocation Failure) 198M->6M(962M) 0.726ms
[305.886s][info][gc,cpu         ] GC(1402) User=0.00s Sys=0.00s Real=0.00s
[305.928s][info][gc,start       ] GC(1403) Pause Young (Allocation Failure)
[305.929s][info][gc,heap        ] GC(1403) PSYoungGen: 218464K(286208K)->352K(281088K) Eden: 218112K(218112K)->0K(218112K) From: 352K(68096K)->352K(62976K)
[305.929s][info][gc,heap        ] GC(1403) ParOldGen: 6051K(699392K)->6051K(699392K)
[305.929s][info][gc,metaspace   ] GC(1403) Metaspace: 16575K(16896K)->16575K(16896K) NonClass: 14243K(14400K)->14243K(14400K) Class: 2331K(2496K)->2331K(2496K)
[305.929s][info][gc             ] GC(1403) Pause Young (Allocation Failure) 219M->6M(957M) 0.474ms
[305.929s][info][gc,cpu         ] GC(1403) User=0.00s Sys=0.00s Real=0.00s
[306.005s][info][gc,start       ] GC(1404) Pause Young (Allocation Failure)
[306.045s][info][gc,heap        ] GC(1404) PSYoungGen: 218464K(281088K)->58339K(244736K) Eden: 218112K(218112K)->0K(186368K) From: 352K(62976K)->58339K(58368K)
[306.045s][info][gc,heap        ] GC(1404) ParOldGen: 6051K(699392K)->29275K(699392K)
[306.045s][info][gc,metaspace   ] GC(1404) Metaspace: 16575K(16896K)->16575K(16896K) NonClass: 14243K(14400K)->14243K(14400K) Class: 2331K(2496K)->2331K(2496K)
[306.045s][info][gc             ] GC(1404) Pause Young (Allocation Failure) 219M->85M(922M) 40.549ms
[306.045s][info][gc,cpu         ] GC(1404) User=0.08s Sys=0.00s Real=0.05s
[306.168s][info][gc,start       ] GC(1405) Pause Young (Allocation Failure)
[306.270s][info][gc,heap        ] GC(1405) PSYoungGen: 244707K(244736K)->81379K(267776K) Eden: 186368K(186368K)->0K(186368K) From: 58339K(58368K)->81379K(81408K)
[306.270s][info][gc,heap        ] GC(1405) ParOldGen: 29275K(699392K)->132139K(699392K)
[306.270s][info][gc,metaspace   ] GC(1405) Metaspace: 16575K(16896K)->16575K(16896K) NonClass: 14243K(14400K)->14243K(14400K) Class: 2331K(2496K)->2331K(2496K)
[306.270s][info][gc             ] GC(1405) Pause Young (Allocation Failure) 267M->208M(944M) 102.207ms
[306.270s][info][gc,cpu         ] GC(1405) User=0.56s Sys=0.00s Real=0.09s
[306.414s][info][gc,start       ] GC(1406) Pause Young (Allocation Failure)
[306.541s][info][gc,heap        ] GC(1406) PSYoungGen: 267747K(267776K)->81378K(198144K) Eden: 186368K(186368K)->0K(116736K) From: 81379K(81408K)->81378K(81408K)
[306.541s][info][gc,heap        ] GC(1406) ParOldGen: 132139K(699392K)->258531K(699392K)
[306.541s][info][gc,metaspace   ] GC(1406) Metaspace: 16575K(16896K)->16575K(16896K) NonClass: 14243K(14400K)->14243K(14400K) Class: 2331K(2496K)->2331K(2496K)
[306.541s][info][gc             ] GC(1406) Pause Young (Allocation Failure) 390M->331M(876M) 126.310ms
[306.541s][info][gc,cpu         ] GC(1406) User=0.70s Sys=0.00s Real=0.12s
[306.636s][info][gc,start       ] GC(1407) Pause Young (Allocation Failure)
[306.738s][info][gc,heap        ] GC(1407) PSYoungGen: 198114K(198144K)->116195K(232960K) Eden: 116736K(116736K)->0K(116736K) From: 81378K(81408K)->116195K(116224K)
[306.738s][info][gc,heap        ] GC(1407) ParOldGen: 258531K(699392K)->306643K(699392K)
[306.738s][info][gc,metaspace   ] GC(1407) Metaspace: 16575K(16896K)->16575K(16896K) NonClass: 14243K(14400K)->14243K(14400K) Class: 2331K(2496K)->2331K(2496K)
[306.738s][info][gc             ] GC(1407) Pause Young (Allocation Failure) 445M->412M(910M) 102.726ms
[306.738s][info][gc,cpu         ] GC(1407) User=0.59s Sys=0.00s Real=0.11s
[307.004s][info][gc,start       ] GC(1408) Pause Young (Allocation Failure)
[307.100s][info][gc,heap        ] GC(1408) PSYoungGen: 232931K(232960K)->116195K(232960K) Eden: 116736K(116736K)->0K(116736K) From: 116195K(116224K)->116195K(116224K)
[307.100s][info][gc,heap        ] GC(1408) ParOldGen: 306643K(699392K)->329788K(699392K)
[307.100s][info][gc,metaspace   ] GC(1408) Metaspace: 16575K(16896K)->16575K(16896K) NonClass: 14243K(14400K)->14243K(14400K) Class: 2331K(2496K)->2331K(2496K)
[307.100s][info][gc             ] GC(1408) Pause Young (Allocation Failure) 526M->435M(910M) 95.963ms
[307.100s][info][gc,cpu         ] GC(1408) User=0.50s Sys=0.00s Real=0.09s
[309.392s][info][gc,start       ] GC(1409) Pause Young (Allocation Failure)
[309.490s][info][gc,heap        ] GC(1409) PSYoungGen: 232931K(232960K)->116195K(232960K) Eden: 116736K(116736K)->0K(116736K) From: 116195K(116224K)->116195K(116224K)
[309.490s][info][gc,heap        ] GC(1409) ParOldGen: 329788K(699392K)->375068K(699392K)
[309.490s][info][gc,metaspace   ] GC(1409) Metaspace: 16575K(16896K)->16575K(16896K) NonClass: 14243K(14400K)->14243K(14400K) Class: 2331K(2496K)->2331K(2496K)
[309.490s][info][gc             ] GC(1409) Pause Young (Allocation Failure) 549M->479M(910M) 98.252ms
[309.490s][info][gc,cpu         ] GC(1409) User=0.56s Sys=0.00s Real=0.09s
[309.549s][info][gc,start       ] GC(1410) Pause Young (Allocation Failure)
[309.648s][info][gc,heap        ] GC(1410) PSYoungGen: 232931K(232960K)->116064K(232960K) Eden: 116736K(116736K)->0K(116736K) From: 116195K(116224K)->116064K(116224K)
[309.648s][info][gc,heap        ] GC(1410) ParOldGen: 375068K(699392K)->425815K(699392K)
[309.648s][info][gc,metaspace   ] GC(1410) Metaspace: 16575K(16896K)->16575K(16896K) NonClass: 14243K(14400K)->14243K(14400K) Class: 2331K(2496K)->2331K(2496K)
[309.648s][info][gc             ] GC(1410) Pause Young (Allocation Failure) 593M->529M(910M) 99.088ms
[309.648s][info][gc,cpu         ] GC(1410) User=0.55s Sys=0.00s Real=0.09s
[309.706s][info][gc,start       ] GC(1411) Pause Young (Allocation Failure)
[309.789s][info][gc,heap        ] GC(1411) PSYoungGen: 232800K(232960K)->116224K(232960K) Eden: 116736K(116736K)->0K(116736K) From: 116064K(116224K)->116224K(116224K)
[309.789s][info][gc,heap        ] GC(1411) ParOldGen: 425815K(699392K)->474335K(699392K)
[309.789s][info][gc,metaspace   ] GC(1411) Metaspace: 16575K(16896K)->16575K(16896K) NonClass: 14243K(14400K)->14243K(14400K) Class: 2331K(2496K)->2331K(2496K)
[309.789s][info][gc             ] GC(1411) Pause Young (Allocation Failure) 643M->576M(910M) 82.525ms
[309.789s][info][gc,cpu         ] GC(1411) User=0.47s Sys=0.00s Real=0.08s
[309.847s][info][gc,start       ] GC(1412) Pause Young (Allocation Failure)
[309.933s][info][gc,heap        ] GC(1412) PSYoungGen: 232960K(232960K)->116224K(232960K) Eden: 116736K(116736K)->0K(116736K) From: 116224K(116224K)->116224K(116224K)
[309.934s][info][gc,heap        ] GC(1412) ParOldGen: 474335K(699392K)->523519K(699392K)
[309.934s][info][gc,metaspace   ] GC(1412) Metaspace: 16575K(16896K)->16575K(16896K) NonClass: 14243K(14400K)->14243K(14400K) Class: 2331K(2496K)->2331K(2496K)
[309.934s][info][gc             ] GC(1412) Pause Young (Allocation Failure) 690M->624M(910M) 86.141ms
[309.934s][info][gc,cpu         ] GC(1412) User=0.47s Sys=0.00s Real=0.08s
[310.000s][info][gc,start       ] GC(1413) Pause Young (Allocation Failure)
[310.084s][info][gc,heap        ] GC(1413) PSYoungGen: 232960K(232960K)->88800K(232960K) Eden: 116736K(116736K)->0K(116736K) From: 116224K(116224K)->88800K(116224K)
[310.087s][info][gc,heap        ] GC(1413) ParOldGen: 523519K(699392K)->600991K(699392K)
[310.087s][info][gc,metaspace   ] GC(1413) Metaspace: 16575K(16896K)->16575K(16896K) NonClass: 14243K(14400K)->14243K(14400K) Class: 2331K(2496K)->2331K(2496K)
[310.087s][info][gc             ] GC(1413) Pause Young (Allocation Failure) 738M->673M(910M) 86.994ms
[310.087s][info][gc,cpu         ] GC(1413) User=0.48s Sys=0.00s Real=0.08s
[310.150s][info][gc,start       ] GC(1414) Pause Full (Ergonomics)
[310.150s][info][gc,phases,start] GC(1414) Marking Phase
[310.236s][info][gc,phases      ] GC(1414) Marking Phase 86.458ms
[310.236s][info][gc,phases,start] GC(1414) Summary Phase
[310.236s][info][gc,phases      ] GC(1414) Summary Phase 0.022ms
[310.236s][info][gc,phases,start] GC(1414) Adjust Roots
[310.238s][info][gc,phases      ] GC(1414) Adjust Roots 1.854ms
[310.238s][info][gc,phases,start] GC(1414) Compaction Phase
[310.451s][info][gc,phases      ] GC(1414) Compaction Phase 212.916ms
[310.451s][info][gc,phases,start] GC(1414) Post Compact
[310.453s][info][gc,phases      ] GC(1414) Post Compact 2.101ms
[310.453s][info][gc,heap        ] GC(1414) PSYoungGen: 205536K(232960K)->0K(232960K) Eden: 116736K(116736K)->0K(116736K) From: 88800K(116224K)->0K(116224K)
[310.453s][info][gc,heap        ] GC(1414) ParOldGen: 600991K(699392K)->293706K(699392K)
[310.453s][info][gc,metaspace   ] GC(1414) Metaspace: 16575K(16896K)->16575K(16896K) NonClass: 14243K(14400K)->14243K(14400K) Class: 2331K(2496K)->2331K(2496K)
[310.453s][info][gc             ] GC(1414) Pause Full (Ergonomics) 787M->286M(910M) 303.673ms
[310.453s][info][gc,cpu         ] GC(1414) User=1.62s Sys=0.00s Real=0.31s
[310.541s][info][gc,start       ] GC(1415) Pause Young (Allocation Failure)
[310.566s][info][gc,heap        ] GC(1415) PSYoungGen: 116736K(232960K)->50976K(232960K) Eden: 116736K(116736K)->0K(116736K) From: 0K(116224K)->50976K(116224K)
[310.566s][info][gc,heap        ] GC(1415) ParOldGen: 293706K(699392K)->293706K(699392K)
[310.566s][info][gc,metaspace   ] GC(1415) Metaspace: 16575K(16896K)->16575K(16896K) NonClass: 14243K(14400K)->14243K(14400K) Class: 2331K(2496K)->2331K(2496K)
[310.566s][info][gc             ] GC(1415) Pause Young (Allocation Failure) 400M->336M(910M) 25.267ms
[310.566s][info][gc,cpu         ] GC(1415) User=0.03s Sys=0.00s Real=0.03s
[310.628s][info][gc,start       ] GC(1416) Pause Young (Allocation Failure)
[310.675s][info][gc,heap        ] GC(1416) PSYoungGen: 167712K(232960K)->51040K(232960K) Eden: 116736K(116736K)->0K(116736K) From: 50976K(116224K)->51040K(116224K)
[310.675s][info][gc,heap        ] GC(1416) ParOldGen: 293706K(699392K)->341730K(699392K)
[310.675s][info][gc,metaspace   ] GC(1416) Metaspace: 16575K(16896K)->16575K(16896K) NonClass: 14243K(14400K)->14243K(14400K) Class: 2331K(2496K)->2331K(2496K)
[310.675s][info][gc             ] GC(1416) Pause Young (Allocation Failure) 450M->383M(910M) 47.832ms
[310.675s][info][gc,cpu         ] GC(1416) User=0.20s Sys=0.00s Real=0.05s
[310.766s][info][gc,start       ] GC(1417) Pause Young (Allocation Failure)
[310.835s][info][gc,heap        ] GC(1417) PSYoungGen: 167776K(232960K)->73962K(232960K) Eden: 116736K(116736K)->0K(116736K) From: 51040K(116224K)->73962K(116224K)
[310.835s][info][gc,heap        ] GC(1417) ParOldGen: 341730K(699392K)->389906K(699392K)
[310.835s][info][gc,metaspace   ] GC(1417) Metaspace: 16575K(16896K)->16575K(16896K) NonClass: 14243K(14400K)->14243K(14400K) Class: 2331K(2496K)->2331K(2496K)
[310.835s][info][gc             ] GC(1417) Pause Young (Allocation Failure) 497M->452M(910M) 69.062ms
[310.835s][info][gc,cpu         ] GC(1417) User=0.30s Sys=0.02s Real=0.06s
[311.153s][info][gc,start       ] GC(1418) Pause Young (Allocation Failure)
[311.245s][info][gc,heap        ] GC(1418) PSYoungGen: 190698K(232960K)->31072K(232960K) Eden: 116736K(116736K)->0K(116736K) From: 73962K(116224K)->31072K(116224K)
[311.245s][info][gc,heap        ] GC(1418) ParOldGen: 389906K(699392K)->444453K(699392K)
[311.245s][info][gc,metaspace   ] GC(1418) Metaspace: 16575K(16896K)->16575K(16896K) NonClass: 14243K(14400K)->14243K(14400K) Class: 2331K(2496K)->2331K(2496K)
[311.245s][info][gc             ] GC(1418) Pause Young (Allocation Failure) 566M->464M(910M) 92.045ms
[311.245s][info][gc,cpu         ] GC(1418) User=0.41s Sys=0.00s Real=0.10s
[311.389s][info][gc,start       ] GC(1419) Pause Young (Allocation Failure)
[311.428s][info][gc,heap        ] GC(1419) PSYoungGen: 147808K(232960K)->3776K(232960K) Eden: 116736K(116736K)->0K(116736K) From: 31072K(116224K)->3776K(116224K)
[311.428s][info][gc,heap        ] GC(1419) ParOldGen: 444453K(699392K)->472165K(699392K)
[311.428s][info][gc,metaspace   ] GC(1419) Metaspace: 16575K(16896K)->16575K(16896K) NonClass: 14243K(14400K)->14243K(14400K) Class: 2331K(2496K)->2331K(2496K)
[311.428s][info][gc             ] GC(1419) Pause Young (Allocation Failure) 578M->464M(910M) 39.818ms
[311.429s][info][gc,cpu         ] GC(1419) User=0.17s Sys=0.00s Real=0.05s
[311.569s][info][gc,start       ] GC(1420) Pause Young (Allocation Failure)
[311.572s][info][gc,heap        ] GC(1420) PSYoungGen: 120512K(232960K)->3008K(232960K) Eden: 116736K(116736K)->0K(116736K) From: 3776K(116224K)->3008K(116224K)
[311.572s][info][gc,heap        ] GC(1420) ParOldGen: 472165K(699392K)->472469K(699392K)
[311.572s][info][gc,metaspace   ] GC(1420) Metaspace: 16575K(16896K)->16575K(16896K) NonClass: 14243K(14400K)->14243K(14400K) Class: 2331K(2496K)->2331K(2496K)
[311.572s][info][gc             ] GC(1420) Pause Young (Allocation Failure) 578M->464M(910M) 2.657ms
[311.572s][info][gc,cpu         ] GC(1420) User=0.00s Sys=0.00s Real=0.00s
[311.697s][info][gc,start       ] GC(1421) Pause Young (Allocation Failure)
[311.699s][info][gc,heap        ] GC(1421) PSYoungGen: 119744K(232960K)->2240K(232960K) Eden: 116736K(116736K)->0K(116736K) From: 3008K(116224K)->2240K(116224K)
[311.699s][info][gc,heap        ] GC(1421) ParOldGen: 472469K(699392K)->472565K(699392K)
[311.699s][info][gc,metaspace   ] GC(1421) Metaspace: 16575K(16896K)->16575K(16896K) NonClass: 14243K(14400K)->14243K(14400K) Class: 2331K(2496K)->2331K(2496K)
[311.699s][info][gc             ] GC(1421) Pause Young (Allocation Failure) 578M->463M(910M) 2.182ms
[311.699s][info][gc,cpu         ] GC(1421) User=0.00s Sys=0.00s Real=0.00s
[311.998s][info][gc,start       ] GC(1422) Pause Young (Allocation Failure)
[312.000s][info][gc,heap        ] GC(1422) PSYoungGen: 118976K(232960K)->2176K(232960K) Eden: 116736K(116736K)->0K(116736K) From: 2240K(116224K)->2176K(116224K)
[312.000s][info][gc,heap        ] GC(1422) ParOldGen: 472565K(699392K)->472565K(699392K)
[312.000s][info][gc,metaspace   ] GC(1422) Metaspace: 16575K(16896K)->16575K(16896K) NonClass: 14243K(14400K)->14243K(14400K) Class: 2331K(2496K)->2331K(2496K)
[312.000s][info][gc             ] GC(1422) Pause Young (Allocation Failure) 577M->463M(910M) 1.601ms
[312.000s][info][gc,cpu         ] GC(1422) User=0.00s Sys=0.00s Real=0.00s
[312.536s][info][gc,start       ] GC(1423) Pause Young (System.gc())
[312.537s][info][gc,heap        ] GC(1423) PSYoungGen: 74250K(232960K)->32K(232960K) Eden: 72074K(116736K)->0K(116736K) From: 2176K(116224K)->32K(116224K)
[312.537s][info][gc,heap        ] GC(1423) ParOldGen: 472565K(699392K)->472581K(699392K)
[312.537s][info][gc,metaspace   ] GC(1423) Metaspace: 16575K(16896K)->16575K(16896K) NonClass: 14243K(14400K)->14243K(14400K) Class: 2331K(2496K)->2331K(2496K)
[312.537s][info][gc             ] GC(1423) Pause Young (System.gc()) 533M->461M(910M) 0.799ms
[312.537s][info][gc,cpu         ] GC(1423) User=0.00s Sys=0.00s Real=0.00s
[312.537s][info][gc,start       ] GC(1424) Pause Full (System.gc())
[312.537s][info][gc,phases,start] GC(1424) Marking Phase
[312.542s][info][gc,phases      ] GC(1424) Marking Phase 4.639ms
[312.542s][info][gc,phases,start] GC(1424) Summary Phase
[312.542s][info][gc,phases      ] GC(1424) Summary Phase 0.012ms
[312.542s][info][gc,phases,start] GC(1424) Adjust Roots
[312.543s][info][gc,phases      ] GC(1424) Adjust Roots 1.776ms
[312.544s][info][gc,phases,start] GC(1424) Compaction Phase
[312.546s][info][gc,phases      ] GC(1424) Compaction Phase 2.023ms
[312.546s][info][gc,phases,start] GC(1424) Post Compact
[312.548s][info][gc,phases      ] GC(1424) Post Compact 1.956ms
[312.548s][info][gc,heap        ] GC(1424) PSYoungGen: 32K(232960K)->0K(232960K) Eden: 0K(116736K)->0K(116736K) From: 32K(116224K)->0K(116224K)
[312.548s][info][gc,heap        ] GC(1424) ParOldGen: 472581K(699392K)->5548K(699392K)
[312.548s][info][gc,metaspace   ] GC(1424) Metaspace: 16575K(16896K)->16575K(16896K) NonClass: 14243K(14400K)->14243K(14400K) Class: 2331K(2496K)->2331K(2496K)
[312.548s][info][gc             ] GC(1424) Pause Full (System.gc()) 461M->5M(910M) 10.706ms
[312.548s][info][gc,cpu         ] GC(1424) User=0.00s Sys=0.00s Real=0.01s
[314.032s][info][gc,start       ] GC(1425) Pause Young (Allocation Failure)
[314.032s][info][gc,heap        ] GC(1425) PSYoungGen: 116736K(232960K)->352K(232960K) Eden: 116736K(116736K)->0K(116736K) From: 0K(116224K)->352K(116224K)
[314.032s][info][gc,heap        ] GC(1425) ParOldGen: 5548K(699392K)->5548K(699392K)
[314.032s][info][gc,metaspace   ] GC(1425) Metaspace: 16577K(16896K)->16577K(16896K) NonClass: 14246K(14400K)->14246K(14400K) Class: 2331K(2496K)->2331K(2496K)
[314.032s][info][gc             ] GC(1425) Pause Young (Allocation Failure) 119M->5M(910M) 0.511ms
[314.032s][info][gc,cpu         ] GC(1425) User=0.00s Sys=0.00s Real=0.00s
[314.057s][info][gc,start       ] GC(1426) Pause Young (Allocation Failure)
[314.057s][info][gc,heap        ] GC(1426) PSYoungGen: 117088K(232960K)->224K(232960K) Eden: 116736K(116736K)->0K(116736K) From: 352K(116224K)->224K(116224K)
[314.057s][info][gc,heap        ] GC(1426) ParOldGen: 5548K(699392K)->5644K(699392K)
[314.057s][info][gc,metaspace   ] GC(1426) Metaspace: 16577K(16896K)->16577K(16896K) NonClass: 14246K(14400K)->14246K(14400K) Class: 2331K(2496K)->2331K(2496K)
[314.057s][info][gc             ] GC(1426) Pause Young (Allocation Failure) 119M->5M(910M) 0.527ms
[314.057s][info][gc,cpu         ] GC(1426) User=0.00s Sys=0.00s Real=0.00s
[314.081s][info][gc,start       ] GC(1427) Pause Young (Allocation Failure)
[314.081s][info][gc,heap        ] GC(1427) PSYoungGen: 116960K(232960K)->288K(232960K) Eden: 116736K(116736K)->0K(116736K) From: 224K(116224K)->288K(116224K)
[314.081s][info][gc,heap        ] GC(1427) ParOldGen: 5644K(699392K)->5684K(699392K)
[314.081s][info][gc,metaspace   ] GC(1427) Metaspace: 16577K(16896K)->16577K(16896K) NonClass: 14246K(14400K)->14246K(14400K) Class: 2331K(2496K)->2331K(2496K)
[314.081s][info][gc             ] GC(1427) Pause Young (Allocation Failure) 119M->5M(910M) 0.528ms
[314.081s][info][gc,cpu         ] GC(1427) User=0.00s Sys=0.00s Real=0.00s
[314.105s][info][gc,start       ] GC(1428) Pause Young (Allocation Failure)
[314.105s][info][gc,heap        ] GC(1428) PSYoungGen: 117024K(232960K)->224K(232960K) Eden: 116736K(116736K)->0K(116736K) From: 288K(116224K)->224K(116224K)
[314.105s][info][gc,heap        ] GC(1428) ParOldGen: 5684K(699392K)->5724K(699392K)
[314.105s][info][gc,metaspace   ] GC(1428) Metaspace: 16577K(16896K)->16577K(16896K) NonClass: 14246K(14400K)->14246K(14400K) Class: 2331K(2496K)->2331K(2496K)
[314.105s][info][gc             ] GC(1428) Pause Young (Allocation Failure) 119M->5M(910M) 0.467ms
[314.105s][info][gc,cpu         ] GC(1428) User=0.00s Sys=0.00s Real=0.00s
[314.127s][info][gc,start       ] GC(1429) Pause Young (Allocation Failure)
[314.128s][info][gc,heap        ] GC(1429) PSYoungGen: 116960K(232960K)->192K(232960K) Eden: 116736K(116736K)->0K(116736K) From: 224K(116224K)->192K(116224K)
[314.128s][info][gc,heap        ] GC(1429) ParOldGen: 5724K(699392K)->5764K(699392K)
[314.128s][info][gc,metaspace   ] GC(1429) Metaspace: 16577K(16896K)->16577K(16896K) NonClass: 14246K(14400K)->14246K(14400K) Class: 2331K(2496K)->2331K(2496K)
[314.128s][info][gc             ] GC(1429) Pause Young (Allocation Failure) 119M->5M(910M) 0.438ms
[314.128s][info][gc,cpu         ] GC(1429) User=0.00s Sys=0.00s Real=0.00s
[314.150s][info][gc,start       ] GC(1430) Pause Young (Allocation Failure)
[314.151s][info][gc,heap        ] GC(1430) PSYoungGen: 116928K(232960K)->352K(232960K) Eden: 116736K(116736K)->0K(116736K) From: 192K(116224K)->352K(116224K)
[314.151s][info][gc,heap        ] GC(1430) ParOldGen: 5764K(699392K)->5812K(699392K)
[314.151s][info][gc,metaspace   ] GC(1430) Metaspace: 16577K(16896K)->16577K(16896K) NonClass: 14246K(14400K)->14246K(14400K) Class: 2331K(2496K)->2331K(2496K)
[314.151s][info][gc             ] GC(1430) Pause Young (Allocation Failure) 119M->6M(910M) 0.716ms
[314.151s][info][gc,cpu         ] GC(1430) User=0.00s Sys=0.00s Real=0.00s
[314.174s][info][gc,start       ] GC(1431) Pause Young (Allocation Failure)
[314.177s][info][gc,heap        ] GC(1431) PSYoungGen: 117088K(232960K)->256K(232960K) Eden: 116736K(116736K)->0K(116736K) From: 352K(116224K)->256K(116224K)
[314.177s][info][gc,heap        ] GC(1431) ParOldGen: 5812K(699392K)->5860K(699392K)
[314.177s][info][gc,metaspace   ] GC(1431) Metaspace: 16577K(16896K)->16577K(16896K) NonClass: 14246K(14400K)->14246K(14400K) Class: 2331K(2496K)->2331K(2496K)
[314.177s][info][gc             ] GC(1431) Pause Young (Allocation Failure) 120M->5M(910M) 2.945ms
[314.177s][info][gc,cpu         ] GC(1431) User=0.00s Sys=0.00s Real=0.00s
[314.200s][info][gc,start       ] GC(1432) Pause Young (Allocation Failure)
[314.200s][info][gc,heap        ] GC(1432) PSYoungGen: 116992K(232960K)->224K(232960K) Eden: 116736K(116736K)->0K(116736K) From: 256K(116224K)->224K(116224K)
[314.201s][info][gc,heap        ] GC(1432) ParOldGen: 5860K(699392K)->5892K(699392K)
[314.201s][info][gc,metaspace   ] GC(1432) Metaspace: 16577K(16896K)->16577K(16896K) NonClass: 14246K(14400K)->14246K(14400K) Class: 2331K(2496K)->2331K(2496K)
[314.201s][info][gc             ] GC(1432) Pause Young (Allocation Failure) 119M->5M(910M) 0.608ms
[314.201s][info][gc,cpu         ] GC(1432) User=0.00s Sys=0.00s Real=0.00s
[314.224s][info][gc,start       ] GC(1433) Pause Young (Allocation Failure)
[314.224s][info][gc,heap        ] GC(1433) PSYoungGen: 116960K(232960K)->320K(232960K) Eden: 116736K(116736K)->0K(116736K) From: 224K(116224K)->320K(116224K)
[314.224s][info][gc,heap        ] GC(1433) ParOldGen: 5892K(699392K)->5916K(699392K)
[314.224s][info][gc,metaspace   ] GC(1433) Metaspace: 16577K(16896K)->16577K(16896K) NonClass: 14246K(14400K)->14246K(14400K) Class: 2331K(2496K)->2331K(2496K)
[314.224s][info][gc             ] GC(1433) Pause Young (Allocation Failure) 119M->6M(910M) 0.510ms
[314.224s][info][gc,cpu         ] GC(1433) User=0.00s Sys=0.00s Real=0.00s
[314.246s][info][gc,start       ] GC(1434) Pause Young (Allocation Failure)
[314.247s][info][gc,heap        ] GC(1434) PSYoungGen: 117056K(232960K)->288K(232960K) Eden: 116736K(116736K)->0K(116736K) From: 320K(116224K)->288K(116224K)
[314.247s][info][gc,heap        ] GC(1434) ParOldGen: 5916K(699392K)->5972K(699392K)
[314.247s][info][gc,metaspace   ] GC(1434) Metaspace: 16577K(16896K)->16577K(16896K) NonClass: 14246K(14400K)->14246K(14400K) Class: 2331K(2496K)->2331K(2496K)
[314.247s][info][gc             ] GC(1434) Pause Young (Allocation Failure) 120M->6M(910M) 0.616ms
[314.247s][info][gc,cpu         ] GC(1434) User=0.00s Sys=0.00s Real=0.00s
[314.270s][info][gc,start       ] GC(1435) Pause Young (Allocation Failure)
[314.270s][info][gc,heap        ] GC(1435) PSYoungGen: 117024K(232960K)->256K(235520K) Eden: 116736K(116736K)->0K(119296K) From: 288K(116224K)->256K(116224K)
[314.270s][info][gc,heap        ] GC(1435) ParOldGen: 5972K(699392K)->6012K(699392K)
[314.270s][info][gc,metaspace   ] GC(1435) Metaspace: 16577K(16896K)->16577K(16896K) NonClass: 14246K(14400K)->14246K(14400K) Class: 2331K(2496K)->2331K(2496K)
[314.270s][info][gc             ] GC(1435) Pause Young (Allocation Failure) 120M->6M(913M) 0.771ms
[314.270s][info][gc,cpu         ] GC(1435) User=0.00s Sys=0.00s Real=0.00s
[314.293s][info][gc,start       ] GC(1436) Pause Young (Allocation Failure)
[314.293s][info][gc,heap        ] GC(1436) PSYoungGen: 119552K(235520K)->288K(232960K) Eden: 119296K(119296K)->0K(119296K) From: 256K(116224K)->288K(113664K)
[314.293s][info][gc,heap        ] GC(1436) ParOldGen: 6012K(699392K)->6012K(699392K)
[314.293s][info][gc,metaspace   ] GC(1436) Metaspace: 16577K(16896K)->16577K(16896K) NonClass: 14246K(14400K)->14246K(14400K) Class: 2331K(2496K)->2331K(2496K)
[314.293s][info][gc             ] GC(1436) Pause Young (Allocation Failure) 122M->6M(910M) 0.551ms
[314.293s][info][gc,cpu         ] GC(1436) User=0.00s Sys=0.00s Real=0.00s
[314.315s][info][gc,start       ] GC(1437) Pause Young (Allocation Failure)
[314.316s][info][gc,heap        ] GC(1437) PSYoungGen: 119584K(232960K)->384K(249344K) Eden: 119296K(119296K)->0K(142848K) From: 288K(113664K)->384K(106496K)
[314.316s][info][gc,heap        ] GC(1437) ParOldGen: 6012K(699392K)->6012K(699392K)
[314.316s][info][gc,metaspace   ] GC(1437) Metaspace: 16577K(16896K)->16577K(16896K) NonClass: 14246K(14400K)->14246K(14400K) Class: 2331K(2496K)->2331K(2496K)
[314.316s][info][gc             ] GC(1437) Pause Young (Allocation Failure) 122M->6M(926M) 0.548ms
[314.316s][info][gc,cpu         ] GC(1437) User=0.00s Sys=0.00s Real=0.00s
[314.344s][info][gc,start       ] GC(1438) Pause Young (Allocation Failure)
[314.344s][info][gc,heap        ] GC(1438) PSYoungGen: 143232K(249344K)->384K(242688K) Eden: 142848K(142848K)->0K(142848K) From: 384K(106496K)->384K(99840K)
[314.344s][info][gc,heap        ] GC(1438) ParOldGen: 6012K(699392K)->6012K(699392K)
[314.344s][info][gc,metaspace   ] GC(1438) Metaspace: 16577K(16896K)->16577K(16896K) NonClass: 14246K(14400K)->14246K(14400K) Class: 2331K(2496K)->2331K(2496K)
[314.344s][info][gc             ] GC(1438) Pause Young (Allocation Failure) 145M->6M(920M) 0.519ms
[314.344s][info][gc,cpu         ] GC(1438) User=0.00s Sys=0.00s Real=0.00s
[314.372s][info][gc,start       ] GC(1439) Pause Young (Allocation Failure)
[314.372s][info][gc,heap        ] GC(1439) PSYoungGen: 143232K(242688K)->384K(262144K) Eden: 142848K(142848K)->0K(168960K) From: 384K(99840K)->384K(93184K)
[314.372s][info][gc,heap        ] GC(1439) ParOldGen: 6012K(699392K)->6012K(699392K)
[314.372s][info][gc,metaspace   ] GC(1439) Metaspace: 16577K(16896K)->16577K(16896K) NonClass: 14246K(14400K)->14246K(14400K) Class: 2331K(2496K)->2331K(2496K)
[314.372s][info][gc             ] GC(1439) Pause Young (Allocation Failure) 145M->6M(939M) 0.489ms
[314.372s][info][gc,cpu         ] GC(1439) User=0.00s Sys=0.00s Real=0.00s
[314.404s][info][gc,start       ] GC(1440) Pause Young (Allocation Failure)
[314.404s][info][gc,heap        ] GC(1440) PSYoungGen: 169344K(262144K)->352K(256000K) Eden: 168960K(168960K)->0K(168960K) From: 384K(93184K)->352K(87040K)
[314.404s][info][gc,heap        ] GC(1440) ParOldGen: 6012K(699392K)->6012K(699392K)
[314.404s][info][gc,metaspace   ] GC(1440) Metaspace: 16577K(16896K)->16577K(16896K) NonClass: 14246K(14400K)->14246K(14400K) Class: 2331K(2496K)->2331K(2496K)
[314.404s][info][gc             ] GC(1440) Pause Young (Allocation Failure) 171M->6M(933M) 0.454ms
[314.404s][info][gc,cpu         ] GC(1440) User=0.00s Sys=0.00s Real=0.00s
[314.441s][info][gc,start       ] GC(1441) Pause Young (Allocation Failure)
[314.441s][info][gc,heap        ] GC(1441) PSYoungGen: 169312K(256000K)->352K(273920K) Eden: 168960K(168960K)->0K(193024K) From: 352K(87040K)->352K(80896K)
[314.441s][info][gc,heap        ] GC(1441) ParOldGen: 6012K(699392K)->6012K(699392K)
[314.441s][info][gc,metaspace   ] GC(1441) Metaspace: 16577K(16896K)->16577K(16896K) NonClass: 14246K(14400K)->14246K(14400K) Class: 2331K(2496K)->2331K(2496K)
[314.441s][info][gc             ] GC(1441) Pause Young (Allocation Failure) 171M->6M(950M) 0.495ms
[314.441s][info][gc,cpu         ] GC(1441) User=0.00s Sys=0.00s Real=0.00s
[314.481s][info][gc,start       ] GC(1442) Pause Young (Allocation Failure)
[314.482s][info][gc,heap        ] GC(1442) PSYoungGen: 193376K(273920K)->288K(268288K) Eden: 193024K(193024K)->0K(193024K) From: 352K(80896K)->288K(75264K)
[314.482s][info][gc,heap        ] GC(1442) ParOldGen: 6012K(699392K)->6012K(699392K)
[314.482s][info][gc,metaspace   ] GC(1442) Metaspace: 16577K(16896K)->16577K(16896K) NonClass: 14246K(14400K)->14246K(14400K) Class: 2331K(2496K)->2331K(2496K)
[314.482s][info][gc             ] GC(1442) Pause Young (Allocation Failure) 194M->6M(945M) 0.596ms
[314.482s][info][gc,cpu         ] GC(1442) User=0.00s Sys=0.00s Real=0.00s
[314.523s][info][gc,start       ] GC(1443) Pause Young (Allocation Failure)
[314.523s][info][gc,heap        ] GC(1443) PSYoungGen: 193312K(268288K)->384K(284160K) Eden: 193024K(193024K)->0K(214016K) From: 288K(75264K)->384K(70144K)
[314.523s][info][gc,heap        ] GC(1443) ParOldGen: 6012K(699392K)->6012K(699392K)
[314.523s][info][gc,metaspace   ] GC(1443) Metaspace: 16577K(16896K)->16577K(16896K) NonClass: 14246K(14400K)->14246K(14400K) Class: 2331K(2496K)->2331K(2496K)
[314.523s][info][gc             ] GC(1443) Pause Young (Allocation Failure) 194M->6M(960M) 0.473ms
[314.523s][info][gc,cpu         ] GC(1443) User=0.00s Sys=0.00s Real=0.00s
[314.570s][info][gc,start       ] GC(1444) Pause Young (Allocation Failure)
[314.570s][info][gc,heap        ] GC(1444) PSYoungGen: 214400K(284160K)->352K(279040K) Eden: 214016K(214016K)->0K(214016K) From: 384K(70144K)->352K(65024K)
[314.570s][info][gc,heap        ] GC(1444) ParOldGen: 6012K(699392K)->6012K(699392K)
[314.570s][info][gc,metaspace   ] GC(1444) Metaspace: 16577K(16896K)->16577K(16896K) NonClass: 14246K(14400K)->14246K(14400K) Class: 2331K(2496K)->2331K(2496K)
[314.570s][info][gc             ] GC(1444) Pause Young (Allocation Failure) 215M->6M(955M) 0.480ms
[314.570s][info][gc,cpu         ] GC(1444) User=0.00s Sys=0.00s Real=0.00s
[314.632s][info][gc,start       ] GC(1445) Pause Young (Allocation Failure)
[314.655s][info][gc,heap        ] GC(1445) PSYoungGen: 214368K(279040K)->54627K(264192K) Eden: 214016K(214016K)->0K(203776K) From: 352K(65024K)->54627K(60416K)
[314.655s][info][gc,heap        ] GC(1445) ParOldGen: 6012K(699392K)->6012K(699392K)
[314.655s][info][gc,metaspace   ] GC(1445) Metaspace: 16577K(16896K)->16577K(16896K) NonClass: 14246K(14400K)->14246K(14400K) Class: 2331K(2496K)->2331K(2496K)
[314.655s][info][gc             ] GC(1445) Pause Young (Allocation Failure) 215M->59M(941M) 23.525ms
[314.655s][info][gc,cpu         ] GC(1445) User=0.02s Sys=0.00s Real=0.02s
[314.796s][info][gc,start       ] GC(1446) Pause Young (Allocation Failure)
[314.903s][info][gc,heap        ] GC(1446) PSYoungGen: 258403K(264192K)->72675K(276480K) Eden: 203776K(203776K)->0K(203776K) From: 54627K(60416K)->72675K(72704K)
[314.903s][info][gc,heap        ] GC(1446) ParOldGen: 6012K(699392K)->124172K(699392K)
[314.903s][info][gc,metaspace   ] GC(1446) Metaspace: 16577K(16896K)->16577K(16896K) NonClass: 14246K(14400K)->14246K(14400K) Class: 2331K(2496K)->2331K(2496K)
[314.903s][info][gc             ] GC(1446) Pause Young (Allocation Failure) 258M->192M(953M) 106.397ms
[314.903s][info][gc,cpu         ] GC(1446) User=0.58s Sys=0.00s Real=0.11s
[315.063s][info][gc,start       ] GC(1447) Pause Young (Allocation Failure)
[315.203s][info][gc,heap        ] GC(1447) PSYoungGen: 276451K(276480K)->72675K(189440K) Eden: 203776K(203776K)->0K(116736K) From: 72675K(72704K)->72675K(72704K)
[315.203s][info][gc,heap        ] GC(1447) ParOldGen: 124172K(699392K)->264684K(699392K)
[315.203s][info][gc,metaspace   ] GC(1447) Metaspace: 16577K(16896K)->16577K(16896K) NonClass: 14246K(14400K)->14246K(14400K) Class: 2331K(2496K)->2331K(2496K)
[315.203s][info][gc             ] GC(1447) Pause Young (Allocation Failure) 391M->329M(868M) 140.067ms
[315.203s][info][gc,cpu         ] GC(1447) User=0.73s Sys=0.00s Real=0.14s
[315.305s][info][gc,start       ] GC(1448) Pause Young (Allocation Failure)
[315.396s][info][gc,heap        ] GC(1448) PSYoungGen: 189411K(189440K)->116195K(232960K) Eden: 116736K(116736K)->0K(116736K) From: 72675K(72704K)->116195K(116224K)
[315.396s][info][gc,heap        ] GC(1448) ParOldGen: 264684K(699392K)->302332K(699392K)
[315.396s][info][gc,metaspace   ] GC(1448) Metaspace: 16577K(16896K)->16577K(16896K) NonClass: 14246K(14400K)->14246K(14400K) Class: 2331K(2496K)->2331K(2496K)
[315.396s][info][gc             ] GC(1448) Pause Young (Allocation Failure) 443M->408M(910M) 91.177ms
[315.396s][info][gc,cpu         ] GC(1448) User=0.47s Sys=0.00s Real=0.08s
[315.636s][info][gc,start       ] GC(1449) Pause Young (Allocation Failure)
[315.734s][info][gc,heap        ] GC(1449) PSYoungGen: 232931K(232960K)->116195K(232960K) Eden: 116736K(116736K)->0K(116736K) From: 116195K(116224K)->116195K(116224K)
[315.734s][info][gc,heap        ] GC(1449) ParOldGen: 302332K(699392K)->331364K(699392K)
[315.734s][info][gc,metaspace   ] GC(1449) Metaspace: 16577K(16896K)->16577K(16896K) NonClass: 14246K(14400K)->14246K(14400K) Class: 2331K(2496K)->2331K(2496K)
[315.734s][info][gc             ] GC(1449) Pause Young (Allocation Failure) 522M->437M(910M) 97.981ms
[315.734s][info][gc,cpu         ] GC(1449) User=0.48s Sys=0.00s Real=0.09s
[318.382s][info][gc,start       ] GC(1450) Pause Young (Allocation Failure)
[318.480s][info][gc,heap        ] GC(1450) PSYoungGen: 232931K(232960K)->116195K(232960K) Eden: 116736K(116736K)->0K(116736K) From: 116195K(116224K)->116195K(116224K)
[318.480s][info][gc,heap        ] GC(1450) ParOldGen: 331364K(699392K)->371660K(699392K)
[318.480s][info][gc,metaspace   ] GC(1450) Metaspace: 16577K(16896K)->16577K(16896K) NonClass: 14246K(14400K)->14246K(14400K) Class: 2331K(2496K)->2331K(2496K)
[318.480s][info][gc             ] GC(1450) Pause Young (Allocation Failure) 551M->476M(910M) 98.636ms
[318.480s][info][gc,cpu         ] GC(1450) User=0.50s Sys=0.00s Real=0.09s
[318.540s][info][gc,start       ] GC(1451) Pause Young (Allocation Failure)
[318.652s][info][gc,heap        ] GC(1451) PSYoungGen: 232931K(232960K)->116224K(232960K) Eden: 116736K(116736K)->0K(116736K) From: 116195K(116224K)->116224K(116224K)
[318.652s][info][gc,heap        ] GC(1451) ParOldGen: 371660K(699392K)->421279K(699392K)
[318.652s][info][gc,metaspace   ] GC(1451) Metaspace: 16577K(16896K)->16577K(16896K) NonClass: 14246K(14400K)->14246K(14400K) Class: 2331K(2496K)->2331K(2496K)
[318.652s][info][gc             ] GC(1451) Pause Young (Allocation Failure) 590M->524M(910M) 111.577ms
[318.652s][info][gc,cpu         ] GC(1451) User=0.58s Sys=0.00s Real=0.11s
[318.710s][info][gc,start       ] GC(1452) Pause Young (Allocation Failure)
[318.794s][info][gc,heap        ] GC(1452) PSYoungGen: 232960K(232960K)->111712K(232960K) Eden: 116736K(116736K)->0K(116736K) From: 116224K(116224K)->111712K(116224K)
[318.794s][info][gc,heap        ] GC(1452) ParOldGen: 421279K(699392K)->475799K(699392K)
[318.794s][info][gc,metaspace   ] GC(1452) Metaspace: 16577K(16896K)->16577K(16896K) NonClass: 14246K(14400K)->14246K(14400K) Class: 2331K(2496K)->2331K(2496K)
[318.794s][info][gc             ] GC(1452) Pause Young (Allocation Failure) 638M->573M(910M) 84.536ms
[318.794s][info][gc,cpu         ] GC(1452) User=0.39s Sys=0.00s Real=0.09s
[318.854s][info][gc,start       ] GC(1453) Pause Young (Allocation Failure)
[318.934s][info][gc,heap        ] GC(1453) PSYoungGen: 228448K(232960K)->116224K(232960K) Eden: 116736K(116736K)->0K(116736K) From: 111712K(116224K)->116224K(116224K)
[318.934s][info][gc,heap        ] GC(1453) ParOldGen: 475799K(699392K)->519647K(699392K)
[318.934s][info][gc,metaspace   ] GC(1453) Metaspace: 16577K(16896K)->16577K(16896K) NonClass: 14246K(14400K)->14246K(14400K) Class: 2331K(2496K)->2331K(2496K)
[318.934s][info][gc             ] GC(1453) Pause Young (Allocation Failure) 687M->620M(910M) 80.890ms
[318.934s][info][gc,cpu         ] GC(1453) User=0.39s Sys=0.00s Real=0.08s
[318.993s][info][gc,start       ] GC(1454) Pause Young (Allocation Failure)
[319.074s][info][gc,heap        ] GC(1454) PSYoungGen: 232960K(232960K)->94272K(232960K) Eden: 116736K(116736K)->0K(116736K) From: 116224K(116224K)->94272K(116224K)
[319.074s][info][gc,heap        ] GC(1454) ParOldGen: 519647K(699392K)->591479K(699392K)
[319.075s][info][gc,metaspace   ] GC(1454) Metaspace: 16577K(16896K)->16577K(16896K) NonClass: 14246K(14400K)->14246K(14400K) Class: 2331K(2496K)->2331K(2496K)
[319.075s][info][gc             ] GC(1454) Pause Young (Allocation Failure) 734M->669M(910M) 81.513ms
[319.075s][info][gc,cpu         ] GC(1454) User=0.44s Sys=0.00s Real=0.08s
[319.136s][info][gc,start       ] GC(1455) Pause Full (Ergonomics)
[319.136s][info][gc,phases,start] GC(1455) Marking Phase
[319.220s][info][gc,phases      ] GC(1455) Marking Phase 84.249ms
[319.220s][info][gc,phases,start] GC(1455) Summary Phase
[319.220s][info][gc,phases      ] GC(1455) Summary Phase 0.021ms
[319.220s][info][gc,phases,start] GC(1455) Adjust Roots
[319.222s][info][gc,phases      ] GC(1455) Adjust Roots 1.650ms
[319.222s][info][gc,phases,start] GC(1455) Compaction Phase
[319.417s][info][gc,phases      ] GC(1455) Compaction Phase 195.074ms
[319.417s][info][gc,phases,start] GC(1455) Post Compact
[319.419s][info][gc,phases      ] GC(1455) Post Compact 2.206ms
[319.419s][info][gc,heap        ] GC(1455) PSYoungGen: 211008K(232960K)->0K(232960K) Eden: 116736K(116736K)->0K(116736K) From: 94272K(116224K)->0K(116224K)
[319.419s][info][gc,heap        ] GC(1455) ParOldGen: 591479K(699392K)->289923K(699392K)
[319.419s][info][gc,metaspace   ] GC(1455) Metaspace: 16577K(16896K)->16577K(16896K) NonClass: 14246K(14400K)->14246K(14400K) Class: 2331K(2496K)->2331K(2496K)
[319.419s][info][gc             ] GC(1455) Pause Full (Ergonomics) 783M->283M(910M) 283.552ms
[319.419s][info][gc,cpu         ] GC(1455) User=1.59s Sys=0.00s Real=0.28s
[319.481s][info][gc,start       ] GC(1456) Pause Young (Allocation Failure)
[319.505s][info][gc,heap        ] GC(1456) PSYoungGen: 116736K(232960K)->51008K(232960K) Eden: 116736K(116736K)->0K(116736K) From: 0K(116224K)->51008K(116224K)
[319.505s][info][gc,heap        ] GC(1456) ParOldGen: 289923K(699392K)->289923K(699392K)
[319.505s][info][gc,metaspace   ] GC(1456) Metaspace: 16577K(16896K)->16577K(16896K) NonClass: 14246K(14400K)->14246K(14400K) Class: 2331K(2496K)->2331K(2496K)
[319.505s][info][gc             ] GC(1456) Pause Young (Allocation Failure) 397M->332M(910M) 24.753ms
[319.505s][info][gc,cpu         ] GC(1456) User=0.06s Sys=0.00s Real=0.02s
[319.567s][info][gc,start       ] GC(1457) Pause Young (Allocation Failure)
[319.614s][info][gc,heap        ] GC(1457) PSYoungGen: 167744K(232960K)->51040K(232960K) Eden: 116736K(116736K)->0K(116736K) From: 51008K(116224K)->51040K(116224K)
[319.614s][info][gc,heap        ] GC(1457) ParOldGen: 289923K(699392K)->337963K(699392K)
[319.614s][info][gc,metaspace   ] GC(1457) Metaspace: 16577K(16896K)->16577K(16896K) NonClass: 14246K(14400K)->14246K(14400K) Class: 2331K(2496K)->2331K(2496K)
[319.614s][info][gc             ] GC(1457) Pause Young (Allocation Failure) 446M->379M(910M) 47.942ms
[319.615s][info][gc,cpu         ] GC(1457) User=0.19s Sys=0.00s Real=0.05s
[319.699s][info][gc,start       ] GC(1458) Pause Young (Allocation Failure)
[319.761s][info][gc,heap        ] GC(1458) PSYoungGen: 167776K(232960K)->71306K(232960K) Eden: 116736K(116736K)->0K(116736K) From: 51040K(116224K)->71306K(116224K)
[319.761s][info][gc,heap        ] GC(1458) ParOldGen: 337963K(699392K)->386043K(699392K)
[319.761s][info][gc,metaspace   ] GC(1458) Metaspace: 16577K(16896K)->16577K(16896K) NonClass: 14246K(14400K)->14246K(14400K) Class: 2331K(2496K)->2331K(2496K)
[319.761s][info][gc             ] GC(1458) Pause Young (Allocation Failure) 493M->446M(910M) 62.279ms
[319.761s][info][gc,cpu         ] GC(1458) User=0.19s Sys=0.00s Real=0.06s
[320.095s][info][gc,start       ] GC(1459) Pause Young (Allocation Failure)
[320.190s][info][gc,heap        ] GC(1459) PSYoungGen: 188042K(232960K)->37376K(232960K) Eden: 116736K(116736K)->0K(116736K) From: 71306K(116224K)->37376K(116224K)
[320.190s][info][gc,heap        ] GC(1459) ParOldGen: 386043K(699392K)->438735K(699392K)
[320.190s][info][gc,metaspace   ] GC(1459) Metaspace: 16577K(16896K)->16577K(16896K) NonClass: 14246K(14400K)->14246K(14400K) Class: 2331K(2496K)->2331K(2496K)
[320.190s][info][gc             ] GC(1459) Pause Young (Allocation Failure) 560M->464M(910M) 95.852ms
[320.190s][info][gc,cpu         ] GC(1459) User=0.38s Sys=0.00s Real=0.10s
[320.334s][info][gc,start       ] GC(1460) Pause Young (Allocation Failure)
[320.385s][info][gc,heap        ] GC(1460) PSYoungGen: 154112K(232960K)->3808K(232960K) Eden: 116736K(116736K)->0K(116736K) From: 37376K(116224K)->3808K(116224K)
[320.385s][info][gc,heap        ] GC(1460) ParOldGen: 438735K(699392K)->469623K(699392K)
[320.385s][info][gc,metaspace   ] GC(1460) Metaspace: 16577K(16896K)->16577K(16896K) NonClass: 14246K(14400K)->14246K(14400K) Class: 2331K(2496K)->2331K(2496K)
[320.385s][info][gc             ] GC(1460) Pause Young (Allocation Failure) 578M->462M(910M) 50.929ms
[320.385s][info][gc,cpu         ] GC(1460) User=0.20s Sys=0.00s Real=0.05s
[320.543s][info][gc,start       ] GC(1461) Pause Young (Allocation Failure)
[320.547s][info][gc,heap        ] GC(1461) PSYoungGen: 120544K(232960K)->3104K(232960K) Eden: 116736K(116736K)->0K(116736K) From: 3808K(116224K)->3104K(116224K)
[320.547s][info][gc,heap        ] GC(1461) ParOldGen: 469623K(699392K)->469943K(699392K)
[320.547s][info][gc,metaspace   ] GC(1461) Metaspace: 16577K(16896K)->16577K(16896K) NonClass: 14246K(14400K)->14246K(14400K) Class: 2331K(2496K)->2331K(2496K)
[320.547s][info][gc             ] GC(1461) Pause Young (Allocation Failure) 576M->461M(910M) 3.950ms
[320.547s][info][gc,cpu         ] GC(1461) User=0.02s Sys=0.00s Real=0.02s
[320.687s][info][gc,start       ] GC(1462) Pause Young (Allocation Failure)
[320.690s][info][gc,heap        ] GC(1462) PSYoungGen: 119840K(232960K)->2272K(232960K) Eden: 116736K(116736K)->0K(116736K) From: 3104K(116224K)->2272K(116224K)
[320.690s][info][gc,heap        ] GC(1462) ParOldGen: 469943K(699392K)->470055K(699392K)
[320.690s][info][gc,metaspace   ] GC(1462) Metaspace: 16577K(16896K)->16577K(16896K) NonClass: 14246K(14400K)->14246K(14400K) Class: 2331K(2496K)->2331K(2496K)
[320.690s][info][gc             ] GC(1462) Pause Young (Allocation Failure) 575M->461M(910M) 2.367ms
[320.690s][info][gc,cpu         ] GC(1462) User=0.02s Sys=0.00s Real=0.02s
[320.823s][info][gc,start       ] GC(1463) Pause Young (Allocation Failure)
[320.824s][info][gc,heap        ] GC(1463) PSYoungGen: 119008K(232960K)->1760K(232960K) Eden: 116736K(116736K)->0K(116736K) From: 2272K(116224K)->1760K(116224K)
[320.824s][info][gc,heap        ] GC(1463) ParOldGen: 470055K(699392K)->470055K(699392K)
[320.824s][info][gc,metaspace   ] GC(1463) Metaspace: 16577K(16896K)->16577K(16896K) NonClass: 14246K(14400K)->14246K(14400K) Class: 2331K(2496K)->2331K(2496K)
[320.824s][info][gc             ] GC(1463) Pause Young (Allocation Failure) 575M->460M(910M) 1.180ms
[320.824s][info][gc,cpu         ] GC(1463) User=0.00s Sys=0.00s Real=0.00s
[321.570s][info][gc,start       ] GC(1464) Pause Young (System.gc())
[321.571s][info][gc,heap        ] GC(1464) PSYoungGen: 83609K(232960K)->96K(232960K) Eden: 81849K(116736K)->0K(116736K) From: 1760K(116224K)->96K(116224K)
[321.571s][info][gc,heap        ] GC(1464) ParOldGen: 470055K(699392K)->470071K(699392K)
[321.571s][info][gc,metaspace   ] GC(1464) Metaspace: 16577K(16896K)->16577K(16896K) NonClass: 14246K(14400K)->14246K(14400K) Class: 2331K(2496K)->2331K(2496K)
[321.571s][info][gc             ] GC(1464) Pause Young (System.gc()) 540M->459M(910M) 0.780ms
[321.571s][info][gc,cpu         ] GC(1464) User=0.00s Sys=0.00s Real=0.00s
[321.571s][info][gc,start       ] GC(1465) Pause Full (System.gc())
[321.571s][info][gc,phases,start] GC(1465) Marking Phase
[321.576s][info][gc,phases      ] GC(1465) Marking Phase 4.505ms
[321.576s][info][gc,phases,start] GC(1465) Summary Phase
[321.576s][info][gc,phases      ] GC(1465) Summary Phase 0.010ms
[321.576s][info][gc,phases,start] GC(1465) Adjust Roots
[321.579s][info][gc,phases      ] GC(1465) Adjust Roots 3.037ms
[321.579s][info][gc,phases,start] GC(1465) Compaction Phase
[321.580s][info][gc,phases      ] GC(1465) Compaction Phase 1.615ms
[321.581s][info][gc,phases,start] GC(1465) Post Compact
[321.582s][info][gc,phases      ] GC(1465) Post Compact 1.808ms
[321.582s][info][gc,heap        ] GC(1465) PSYoungGen: 96K(232960K)->0K(232960K) Eden: 0K(116736K)->0K(116736K) From: 96K(116224K)->0K(116224K)
[321.582s][info][gc,heap        ] GC(1465) ParOldGen: 470071K(699392K)->5547K(699392K)
[321.582s][info][gc,metaspace   ] GC(1465) Metaspace: 16577K(16896K)->16577K(16896K) NonClass: 14246K(14400K)->14246K(14400K) Class: 2331K(2496K)->2331K(2496K)
[321.582s][info][gc             ] GC(1465) Pause Full (System.gc()) 459M->5M(910M) 11.296ms
[321.582s][info][gc,cpu         ] GC(1465) User=0.00s Sys=0.00s Real=0.00s
[323.172s][info][gc,start       ] GC(1466) Pause Young (Allocation Failure)
[323.172s][info][gc,heap        ] GC(1466) PSYoungGen: 116736K(232960K)->352K(232960K) Eden: 116736K(116736K)->0K(116736K) From: 0K(116224K)->352K(116224K)
[323.172s][info][gc,heap        ] GC(1466) ParOldGen: 5547K(699392K)->5547K(699392K)
[323.172s][info][gc,metaspace   ] GC(1466) Metaspace: 16578K(16896K)->16578K(16896K) NonClass: 14246K(14400K)->14246K(14400K) Class: 2331K(2496K)->2331K(2496K)
[323.172s][info][gc             ] GC(1466) Pause Young (Allocation Failure) 119M->5M(910M) 0.637ms
[323.172s][info][gc,cpu         ] GC(1466) User=0.00s Sys=0.00s Real=0.00s
[323.194s][info][gc,start       ] GC(1467) Pause Young (Allocation Failure)
[323.195s][info][gc,heap        ] GC(1467) PSYoungGen: 117088K(232960K)->256K(232960K) Eden: 116736K(116736K)->0K(116736K) From: 352K(116224K)->256K(116224K)
[323.195s][info][gc,heap        ] GC(1467) ParOldGen: 5547K(699392K)->5635K(699392K)
[323.195s][info][gc,metaspace   ] GC(1467) Metaspace: 16578K(16896K)->16578K(16896K) NonClass: 14246K(14400K)->14246K(14400K) Class: 2331K(2496K)->2331K(2496K)
[323.195s][info][gc             ] GC(1467) Pause Young (Allocation Failure) 119M->5M(910M) 0.635ms
[323.195s][info][gc,cpu         ] GC(1467) User=0.00s Sys=0.00s Real=0.00s
[323.218s][info][gc,start       ] GC(1468) Pause Young (Allocation Failure)
[323.218s][info][gc,heap        ] GC(1468) PSYoungGen: 116992K(232960K)->288K(232960K) Eden: 116736K(116736K)->0K(116736K) From: 256K(116224K)->288K(116224K)
[323.218s][info][gc,heap        ] GC(1468) ParOldGen: 5635K(699392K)->5683K(699392K)
[323.218s][info][gc,metaspace   ] GC(1468) Metaspace: 16578K(16896K)->16578K(16896K) NonClass: 14246K(14400K)->14246K(14400K) Class: 2331K(2496K)->2331K(2496K)
[323.218s][info][gc             ] GC(1468) Pause Young (Allocation Failure) 119M->5M(910M) 0.506ms
[323.218s][info][gc,cpu         ] GC(1468) User=0.00s Sys=0.00s Real=0.00s
[323.240s][info][gc,start       ] GC(1469) Pause Young (Allocation Failure)
[323.240s][info][gc,heap        ] GC(1469) PSYoungGen: 117024K(232960K)->256K(232960K) Eden: 116736K(116736K)->0K(116736K) From: 288K(116224K)->256K(116224K)
[323.240s][info][gc,heap        ] GC(1469) ParOldGen: 5683K(699392K)->5715K(699392K)
[323.240s][info][gc,metaspace   ] GC(1469) Metaspace: 16578K(16896K)->16578K(16896K) NonClass: 14246K(14400K)->14246K(14400K) Class: 2331K(2496K)->2331K(2496K)
[323.240s][info][gc             ] GC(1469) Pause Young (Allocation Failure) 119M->5M(910M) 0.494ms
[323.240s][info][gc,cpu         ] GC(1469) User=0.00s Sys=0.00s Real=0.00s
[323.263s][info][gc,start       ] GC(1470) Pause Young (Allocation Failure)
[323.263s][info][gc,heap        ] GC(1470) PSYoungGen: 116992K(232960K)->256K(232960K) Eden: 116736K(116736K)->0K(116736K) From: 256K(116224K)->256K(116224K)
[323.263s][info][gc,heap        ] GC(1470) ParOldGen: 5715K(699392K)->5755K(699392K)
[323.263s][info][gc,metaspace   ] GC(1470) Metaspace: 16578K(16896K)->16578K(16896K) NonClass: 14246K(14400K)->14246K(14400K) Class: 2331K(2496K)->2331K(2496K)
[323.263s][info][gc             ] GC(1470) Pause Young (Allocation Failure) 119M->5M(910M) 0.461ms
[323.263s][info][gc,cpu         ] GC(1470) User=0.00s Sys=0.00s Real=0.00s
[323.285s][info][gc,start       ] GC(1471) Pause Young (Allocation Failure)
[323.285s][info][gc,heap        ] GC(1471) PSYoungGen: 116992K(232960K)->320K(232960K) Eden: 116736K(116736K)->0K(116736K) From: 256K(116224K)->320K(116224K)
[323.285s][info][gc,heap        ] GC(1471) ParOldGen: 5755K(699392K)->5795K(699392K)
[323.285s][info][gc,metaspace   ] GC(1471) Metaspace: 16578K(16896K)->16578K(16896K) NonClass: 14246K(14400K)->14246K(14400K) Class: 2331K(2496K)->2331K(2496K)
[323.285s][info][gc             ] GC(1471) Pause Young (Allocation Failure) 119M->5M(910M) 0.505ms
[323.285s][info][gc,cpu         ] GC(1471) User=0.00s Sys=0.00s Real=0.00s
[323.307s][info][gc,start       ] GC(1472) Pause Young (Allocation Failure)
[323.308s][info][gc,heap        ] GC(1472) PSYoungGen: 117056K(232960K)->288K(232960K) Eden: 116736K(116736K)->0K(116736K) From: 320K(116224K)->288K(116224K)
[323.308s][info][gc,heap        ] GC(1472) ParOldGen: 5795K(699392K)->5843K(699392K)
[323.308s][info][gc,metaspace   ] GC(1472) Metaspace: 16578K(16896K)->16578K(16896K) NonClass: 14246K(14400K)->14246K(14400K) Class: 2331K(2496K)->2331K(2496K)
[323.308s][info][gc             ] GC(1472) Pause Young (Allocation Failure) 119M->5M(910M) 0.533ms
[323.308s][info][gc,cpu         ] GC(1472) User=0.00s Sys=0.00s Real=0.00s
[323.330s][info][gc,start       ] GC(1473) Pause Young (Allocation Failure)
[323.330s][info][gc,heap        ] GC(1473) PSYoungGen: 117024K(232960K)->192K(232960K) Eden: 116736K(116736K)->0K(116736K) From: 288K(116224K)->192K(116224K)
[323.330s][info][gc,heap        ] GC(1473) ParOldGen: 5843K(699392K)->5891K(699392K)
[323.330s][info][gc,metaspace   ] GC(1473) Metaspace: 16578K(16896K)->16578K(16896K) NonClass: 14246K(14400K)->14246K(14400K) Class: 2331K(2496K)->2331K(2496K)
[323.330s][info][gc             ] GC(1473) Pause Young (Allocation Failure) 119M->5M(910M) 0.484ms
[323.330s][info][gc,cpu         ] GC(1473) User=0.00s Sys=0.00s Real=0.00s
[323.352s][info][gc,start       ] GC(1474) Pause Young (Allocation Failure)
[323.352s][info][gc,heap        ] GC(1474) PSYoungGen: 116928K(232960K)->256K(232960K) Eden: 116736K(116736K)->0K(116736K) From: 192K(116224K)->256K(116224K)
[323.352s][info][gc,heap        ] GC(1474) ParOldGen: 5891K(699392K)->5923K(699392K)
[323.352s][info][gc,metaspace   ] GC(1474) Metaspace: 16578K(16896K)->16578K(16896K) NonClass: 14246K(14400K)->14246K(14400K) Class: 2331K(2496K)->2331K(2496K)
[323.352s][info][gc             ] GC(1474) Pause Young (Allocation Failure) 119M->6M(910M) 0.533ms
[323.352s][info][gc,cpu         ] GC(1474) User=0.00s Sys=0.00s Real=0.00s
[323.374s][info][gc,start       ] GC(1475) Pause Young (Allocation Failure)
[323.374s][info][gc,heap        ] GC(1475) PSYoungGen: 116992K(232960K)->224K(232960K) Eden: 116736K(116736K)->0K(116736K) From: 256K(116224K)->224K(116224K)
[323.374s][info][gc,heap        ] GC(1475) ParOldGen: 5923K(699392K)->5971K(699392K)
[323.374s][info][gc,metaspace   ] GC(1475) Metaspace: 16578K(16896K)->16578K(16896K) NonClass: 14246K(14400K)->14246K(14400K) Class: 2331K(2496K)->2331K(2496K)
[323.374s][info][gc             ] GC(1475) Pause Young (Allocation Failure) 120M->6M(910M) 0.460ms
[323.374s][info][gc,cpu         ] GC(1475) User=0.00s Sys=0.00s Real=0.00s
[323.396s][info][gc,start       ] GC(1476) Pause Young (Allocation Failure)
[323.397s][info][gc,heap        ] GC(1476) PSYoungGen: 116960K(232960K)->320K(237056K) Eden: 116736K(116736K)->0K(120832K) From: 224K(116224K)->320K(116224K)
[323.397s][info][gc,heap        ] GC(1476) ParOldGen: 5971K(699392K)->6011K(699392K)
[323.397s][info][gc,metaspace   ] GC(1476) Metaspace: 16578K(16896K)->16578K(16896K) NonClass: 14246K(14400K)->14246K(14400K) Class: 2331K(2496K)->2331K(2496K)
[323.397s][info][gc             ] GC(1476) Pause Young (Allocation Failure) 120M->6M(914M) 0.580ms
[323.397s][info][gc,cpu         ] GC(1476) User=0.00s Sys=0.00s Real=0.00s
[323.420s][info][gc,start       ] GC(1477) Pause Young (Allocation Failure)
[323.421s][info][gc,heap        ] GC(1477) PSYoungGen: 121152K(237056K)->320K(232960K) Eden: 120832K(120832K)->0K(120832K) From: 320K(116224K)->320K(112128K)
[323.421s][info][gc,heap        ] GC(1477) ParOldGen: 6011K(699392K)->6011K(699392K)
[323.421s][info][gc,metaspace   ] GC(1477) Metaspace: 16578K(16896K)->16578K(16896K) NonClass: 14246K(14400K)->14246K(14400K) Class: 2331K(2496K)->2331K(2496K)
[323.421s][info][gc             ] GC(1477) Pause Young (Allocation Failure) 124M->6M(910M) 0.672ms
[323.421s][info][gc,cpu         ] GC(1477) User=0.00s Sys=0.00s Real=0.00s
[323.446s][info][gc,start       ] GC(1478) Pause Young (Allocation Failure)
[323.446s][info][gc,heap        ] GC(1478) PSYoungGen: 121152K(232960K)->320K(250880K) Eden: 120832K(120832K)->0K(145920K) From: 320K(112128K)->320K(104960K)
[323.446s][info][gc,heap        ] GC(1478) ParOldGen: 6011K(699392K)->6011K(699392K)
[323.446s][info][gc,metaspace   ] GC(1478) Metaspace: 16578K(16896K)->16578K(16896K) NonClass: 14246K(14400K)->14246K(14400K) Class: 2331K(2496K)->2331K(2496K)
[323.446s][info][gc             ] GC(1478) Pause Young (Allocation Failure) 124M->6M(928M) 0.613ms
[323.446s][info][gc,cpu         ] GC(1478) User=0.00s Sys=0.00s Real=0.00s
[323.476s][info][gc,start       ] GC(1479) Pause Young (Allocation Failure)
[323.477s][info][gc,heap        ] GC(1479) PSYoungGen: 146240K(250880K)->352K(244224K) Eden: 145920K(145920K)->0K(145920K) From: 320K(104960K)->352K(98304K)
[323.477s][info][gc,heap        ] GC(1479) ParOldGen: 6011K(699392K)->6011K(699392K)
[323.477s][info][gc,metaspace   ] GC(1479) Metaspace: 16578K(16896K)->16578K(16896K) NonClass: 14246K(14400K)->14246K(14400K) Class: 2331K(2496K)->2331K(2496K)
[323.477s][info][gc             ] GC(1479) Pause Young (Allocation Failure) 148M->6M(921M) 0.616ms
[323.477s][info][gc,cpu         ] GC(1479) User=0.00s Sys=0.00s Real=0.00s
[323.507s][info][gc,start       ] GC(1480) Pause Young (Allocation Failure)
[323.507s][info][gc,heap        ] GC(1480) PSYoungGen: 146272K(244224K)->384K(263680K) Eden: 145920K(145920K)->0K(172032K) From: 352K(98304K)->384K(91648K)
[323.507s][info][gc,heap        ] GC(1480) ParOldGen: 6011K(699392K)->6011K(699392K)
[323.507s][info][gc,metaspace   ] GC(1480) Metaspace: 16578K(16896K)->16578K(16896K) NonClass: 14246K(14400K)->14246K(14400K) Class: 2331K(2496K)->2331K(2496K)
[323.507s][info][gc             ] GC(1480) Pause Young (Allocation Failure) 148M->6M(940M) 0.506ms
[323.507s][info][gc,cpu         ] GC(1480) User=0.00s Sys=0.00s Real=0.00s
[323.540s][info][gc,start       ] GC(1481) Pause Young (Allocation Failure)
[323.540s][info][gc,heap        ] GC(1481) PSYoungGen: 172416K(263680K)->352K(257536K) Eden: 172032K(172032K)->0K(172032K) From: 384K(91648K)->352K(85504K)
[323.540s][info][gc,heap        ] GC(1481) ParOldGen: 6011K(699392K)->6011K(699392K)
[323.540s][info][gc,metaspace   ] GC(1481) Metaspace: 16578K(16896K)->16578K(16896K) NonClass: 14246K(14400K)->14246K(14400K) Class: 2331K(2496K)->2331K(2496K)
[323.540s][info][gc             ] GC(1481) Pause Young (Allocation Failure) 174M->6M(934M) 0.575ms
[323.540s][info][gc,cpu         ] GC(1481) User=0.00s Sys=0.00s Real=0.00s
[323.580s][info][gc,start       ] GC(1482) Pause Young (Allocation Failure)
[323.580s][info][gc,heap        ] GC(1482) PSYoungGen: 172384K(257536K)->320K(274944K) Eden: 172032K(172032K)->0K(195584K) From: 352K(85504K)->320K(79360K)
[323.580s][info][gc,heap        ] GC(1482) ParOldGen: 6011K(699392K)->6011K(699392K)
[323.580s][info][gc,metaspace   ] GC(1482) Metaspace: 16578K(16896K)->16578K(16896K) NonClass: 14246K(14400K)->14246K(14400K) Class: 2331K(2496K)->2331K(2496K)
[323.581s][info][gc             ] GC(1482) Pause Young (Allocation Failure) 174M->6M(951M) 0.677ms
[323.581s][info][gc,cpu         ] GC(1482) User=0.00s Sys=0.00s Real=0.00s
[323.618s][info][gc,start       ] GC(1483) Pause Young (Allocation Failure)
[323.619s][info][gc,heap        ] GC(1483) PSYoungGen: 195904K(274944K)->384K(269824K) Eden: 195584K(195584K)->0K(195584K) From: 320K(79360K)->384K(74240K)
[323.619s][info][gc,heap        ] GC(1483) ParOldGen: 6011K(699392K)->6011K(699392K)
[323.619s][info][gc,metaspace   ] GC(1483) Metaspace: 16578K(16896K)->16578K(16896K) NonClass: 14246K(14400K)->14246K(14400K) Class: 2331K(2496K)->2331K(2496K)
[323.619s][info][gc             ] GC(1483) Pause Young (Allocation Failure) 197M->6M(946M) 0.511ms
[323.619s][info][gc,cpu         ] GC(1483) User=0.00s Sys=0.00s Real=0.00s
[323.656s][info][gc,start       ] GC(1484) Pause Young (Allocation Failure)
[323.656s][info][gc,heap        ] GC(1484) PSYoungGen: 195968K(269824K)->384K(285184K) Eden: 195584K(195584K)->0K(216064K) From: 384K(74240K)->384K(69120K)
[323.656s][info][gc,heap        ] GC(1484) ParOldGen: 6011K(699392K)->6011K(699392K)
[323.656s][info][gc,metaspace   ] GC(1484) Metaspace: 16578K(16896K)->16578K(16896K) NonClass: 14246K(14400K)->14246K(14400K) Class: 2331K(2496K)->2331K(2496K)
[323.656s][info][gc             ] GC(1484) Pause Young (Allocation Failure) 197M->6M(961M) 0.531ms
[323.656s][info][gc,cpu         ] GC(1484) User=0.00s Sys=0.00s Real=0.00s
[323.699s][info][gc,start       ] GC(1485) Pause Young (Allocation Failure)
[323.699s][info][gc,heap        ] GC(1485) PSYoungGen: 216448K(285184K)->352K(280064K) Eden: 216064K(216064K)->0K(216064K) From: 384K(69120K)->352K(64000K)
[323.699s][info][gc,heap        ] GC(1485) ParOldGen: 6011K(699392K)->6011K(699392K)
[323.699s][info][gc,metaspace   ] GC(1485) Metaspace: 16578K(16896K)->16578K(16896K) NonClass: 14246K(14400K)->14246K(14400K) Class: 2331K(2496K)->2331K(2496K)
[323.699s][info][gc             ] GC(1485) Pause Young (Allocation Failure) 217M->6M(956M) 0.473ms
[323.699s][info][gc,cpu         ] GC(1485) User=0.00s Sys=0.00s Real=0.00s
[323.769s][info][gc,start       ] GC(1486) Pause Young (Allocation Failure)
[323.801s][info][gc,heap        ] GC(1486) PSYoungGen: 216416K(280064K)->59363K(253952K) Eden: 216064K(216064K)->0K(194560K) From: 352K(64000K)->59363K(59392K)
[323.801s][info][gc,heap        ] GC(1486) ParOldGen: 6011K(699392K)->16251K(699392K)
[323.801s][info][gc,metaspace   ] GC(1486) Metaspace: 16578K(16896K)->16578K(16896K) NonClass: 14246K(14400K)->14246K(14400K) Class: 2331K(2496K)->2331K(2496K)
[323.801s][info][gc             ] GC(1486) Pause Young (Allocation Failure) 217M->73M(931M) 32.143ms
[323.801s][info][gc,cpu         ] GC(1486) User=0.03s Sys=0.00s Real=0.03s
[323.929s][info][gc,start       ] GC(1487) Pause Young (Allocation Failure)
[324.037s][info][gc,heap        ] GC(1487) PSYoungGen: 253923K(253952K)->77283K(271872K) Eden: 194560K(194560K)->0K(194560K) From: 59363K(59392K)->77283K(77312K)
[324.037s][info][gc,heap        ] GC(1487) ParOldGen: 16251K(699392K)->129035K(699392K)
[324.037s][info][gc,metaspace   ] GC(1487) Metaspace: 16578K(16896K)->16578K(16896K) NonClass: 14246K(14400K)->14246K(14400K) Class: 2331K(2496K)->2331K(2496K)
[324.037s][info][gc             ] GC(1487) Pause Young (Allocation Failure) 263M->201M(948M) 107.371ms
[324.037s][info][gc,cpu         ] GC(1487) User=0.58s Sys=0.00s Real=0.11s
[324.186s][info][gc,start       ] GC(1488) Pause Young (Allocation Failure)
[324.312s][info][gc,heap        ] GC(1488) PSYoungGen: 271843K(271872K)->77283K(194048K) Eden: 194560K(194560K)->0K(116736K) From: 77283K(77312K)->77283K(77312K)
[324.312s][info][gc,heap        ] GC(1488) ParOldGen: 129035K(699392K)->263219K(699392K)
[324.312s][info][gc,metaspace   ] GC(1488) Metaspace: 16578K(16896K)->16578K(16896K) NonClass: 14246K(14400K)->14246K(14400K) Class: 2331K(2496K)->2331K(2496K)
[324.312s][info][gc             ] GC(1488) Pause Young (Allocation Failure) 391M->332M(872M) 125.992ms
[324.312s][info][gc,cpu         ] GC(1488) User=0.70s Sys=0.00s Real=0.12s
[324.414s][info][gc,start       ] GC(1489) Pause Young (Allocation Failure)
[324.527s][info][gc,heap        ] GC(1489) PSYoungGen: 194019K(194048K)->116194K(232960K) Eden: 116736K(116736K)->0K(116736K) From: 77283K(77312K)->116194K(116224K)
[324.527s][info][gc,heap        ] GC(1489) ParOldGen: 263219K(699392K)->303779K(699392K)
[324.527s][info][gc,metaspace   ] GC(1489) Metaspace: 16578K(16896K)->16578K(16896K) NonClass: 14246K(14400K)->14246K(14400K) Class: 2331K(2496K)->2331K(2496K)
[324.527s][info][gc             ] GC(1489) Pause Young (Allocation Failure) 446M->410M(910M) 112.795ms
[324.527s][info][gc,cpu         ] GC(1489) User=0.53s Sys=0.00s Real=0.11s
[324.766s][info][gc,start       ] GC(1490) Pause Young (Allocation Failure)
[324.870s][info][gc,heap        ] GC(1490) PSYoungGen: 232930K(232960K)->116195K(232960K) Eden: 116736K(116736K)->0K(116736K) From: 116194K(116224K)->116195K(116224K)
[324.870s][info][gc,heap        ] GC(1490) ParOldGen: 303779K(699392K)->331876K(699392K)
[324.870s][info][gc,metaspace   ] GC(1490) Metaspace: 16578K(16896K)->16578K(16896K) NonClass: 14246K(14400K)->14246K(14400K) Class: 2331K(2496K)->2331K(2496K)
[324.870s][info][gc             ] GC(1490) Pause Young (Allocation Failure) 524M->437M(910M) 103.436ms
[324.870s][info][gc,cpu         ] GC(1490) User=0.48s Sys=0.00s Real=0.10s
[327.624s][info][gc,start       ] GC(1491) Pause Young (Allocation Failure)
[327.721s][info][gc,heap        ] GC(1491) PSYoungGen: 232931K(232960K)->116195K(232960K) Eden: 116736K(116736K)->0K(116736K) From: 116195K(116224K)->116195K(116224K)
[327.721s][info][gc,heap        ] GC(1491) ParOldGen: 331876K(699392K)->374612K(699392K)
[327.721s][info][gc,metaspace   ] GC(1491) Metaspace: 16578K(16896K)->16578K(16896K) NonClass: 14246K(14400K)->14246K(14400K) Class: 2331K(2496K)->2331K(2496K)
[327.721s][info][gc             ] GC(1491) Pause Young (Allocation Failure) 551M->479M(910M) 96.798ms
[327.721s][info][gc,cpu         ] GC(1491) User=0.50s Sys=0.00s Real=0.09s
[327.777s][info][gc,start       ] GC(1492) Pause Young (Allocation Failure)
[327.878s][info][gc,heap        ] GC(1492) PSYoungGen: 232931K(232960K)->116224K(232960K) Eden: 116736K(116736K)->0K(116736K) From: 116195K(116224K)->116224K(116224K)
[327.882s][info][gc,heap        ] GC(1492) ParOldGen: 374612K(699392K)->425183K(699392K)
[327.882s][info][gc,metaspace   ] GC(1492) Metaspace: 16578K(16896K)->16578K(16896K) NonClass: 14246K(14400K)->14246K(14400K) Class: 2331K(2496K)->2331K(2496K)
[327.882s][info][gc             ] GC(1492) Pause Young (Allocation Failure) 593M->528M(910M) 105.576ms
[327.882s][info][gc,cpu         ] GC(1492) User=0.59s Sys=0.00s Real=0.12s
[327.940s][info][gc,start       ] GC(1493) Pause Young (Allocation Failure)
[328.019s][info][gc,heap        ] GC(1493) PSYoungGen: 232960K(232960K)->116224K(232960K) Eden: 116736K(116736K)->0K(116736K) From: 116224K(116224K)->116224K(116224K)
[328.019s][info][gc,heap        ] GC(1493) ParOldGen: 425183K(699392K)->474335K(699392K)
[328.019s][info][gc,metaspace   ] GC(1493) Metaspace: 16578K(16896K)->16578K(16896K) NonClass: 14246K(14400K)->14246K(14400K) Class: 2331K(2496K)->2331K(2496K)
[328.019s][info][gc             ] GC(1493) Pause Young (Allocation Failure) 642M->576M(910M) 79.263ms
[328.019s][info][gc,cpu         ] GC(1493) User=0.44s Sys=0.00s Real=0.08s
[328.076s][info][gc,start       ] GC(1494) Pause Young (Allocation Failure)
[328.158s][info][gc,heap        ] GC(1494) PSYoungGen: 232960K(232960K)->116224K(232960K) Eden: 116736K(116736K)->0K(116736K) From: 116224K(116224K)->116224K(116224K)
[328.158s][info][gc,heap        ] GC(1494) ParOldGen: 474335K(699392K)->524215K(699392K)
[328.158s][info][gc,metaspace   ] GC(1494) Metaspace: 16578K(16896K)->16578K(16896K) NonClass: 14246K(14400K)->14246K(14400K) Class: 2331K(2496K)->2331K(2496K)
[328.158s][info][gc             ] GC(1494) Pause Young (Allocation Failure) 690M->625M(910M) 81.938ms
[328.158s][info][gc,cpu         ] GC(1494) User=0.50s Sys=0.00s Real=0.09s
[328.216s][info][gc,start       ] GC(1495) Pause Young (Allocation Failure)
[328.293s][info][gc,heap        ] GC(1495) PSYoungGen: 232960K(232960K)->87520K(232960K) Eden: 116736K(116736K)->0K(116736K) From: 116224K(116224K)->87520K(116224K)
[328.293s][info][gc,heap        ] GC(1495) ParOldGen: 524215K(699392K)->603943K(699392K)
[328.293s][info][gc,metaspace   ] GC(1495) Metaspace: 16578K(16896K)->16578K(16896K) NonClass: 14246K(14400K)->14246K(14400K) Class: 2331K(2496K)->2331K(2496K)
[328.293s][info][gc             ] GC(1495) Pause Young (Allocation Failure) 739M->675M(910M) 77.100ms
[328.293s][info][gc,cpu         ] GC(1495) User=0.45s Sys=0.00s Real=0.08s
[328.353s][info][gc,start       ] GC(1496) Pause Full (Ergonomics)
[328.353s][info][gc,phases,start] GC(1496) Marking Phase
[328.437s][info][gc,phases      ] GC(1496) Marking Phase 84.323ms
[328.437s][info][gc,phases,start] GC(1496) Summary Phase
[328.437s][info][gc,phases      ] GC(1496) Summary Phase 0.034ms
[328.437s][info][gc,phases,start] GC(1496) Adjust Roots
[328.439s][info][gc,phases      ] GC(1496) Adjust Roots 2.146ms
[328.439s][info][gc,phases,start] GC(1496) Compaction Phase
[328.646s][info][gc,phases      ] GC(1496) Compaction Phase 206.837ms
[328.646s][info][gc,phases,start] GC(1496) Post Compact
[328.648s][info][gc,phases      ] GC(1496) Post Compact 1.652ms
[328.648s][info][gc,heap        ] GC(1496) PSYoungGen: 204256K(232960K)->0K(232960K) Eden: 116736K(116736K)->0K(116736K) From: 87520K(116224K)->0K(116224K)
[328.648s][info][gc,heap        ] GC(1496) ParOldGen: 603943K(699392K)->291886K(699392K)
[328.648s][info][gc,metaspace   ] GC(1496) Metaspace: 16578K(16896K)->16578K(16896K) NonClass: 14246K(14400K)->14246K(14400K) Class: 2331K(2496K)->2331K(2496K)
[328.648s][info][gc             ] GC(1496) Pause Full (Ergonomics) 789M->285M(910M) 295.327ms
[328.648s][info][gc,cpu         ] GC(1496) User=1.67s Sys=0.00s Real=0.30s
[328.708s][info][gc,start       ] GC(1497) Pause Young (Allocation Failure)
[328.733s][info][gc,heap        ] GC(1497) PSYoungGen: 116736K(232960K)->50944K(232960K) Eden: 116736K(116736K)->0K(116736K) From: 0K(116224K)->50944K(116224K)
[328.733s][info][gc,heap        ] GC(1497) ParOldGen: 291886K(699392K)->291886K(699392K)
[328.733s][info][gc,metaspace   ] GC(1497) Metaspace: 16578K(16896K)->16578K(16896K) NonClass: 14246K(14400K)->14246K(14400K) Class: 2331K(2496K)->2331K(2496K)
[328.733s][info][gc             ] GC(1497) Pause Young (Allocation Failure) 399M->334M(910M) 24.438ms
[328.733s][info][gc,cpu         ] GC(1497) User=0.08s Sys=0.00s Real=0.02s
[328.794s][info][gc,start       ] GC(1498) Pause Young (Allocation Failure)
[328.841s][info][gc,heap        ] GC(1498) PSYoungGen: 167680K(232960K)->51008K(232960K) Eden: 116736K(116736K)->0K(116736K) From: 50944K(116224K)->51008K(116224K)
[328.841s][info][gc,heap        ] GC(1498) ParOldGen: 291886K(699392K)->339918K(699392K)
[328.841s][info][gc,metaspace   ] GC(1498) Metaspace: 16578K(16896K)->16578K(16896K) NonClass: 14246K(14400K)->14246K(14400K) Class: 2331K(2496K)->2331K(2496K)
[328.841s][info][gc             ] GC(1498) Pause Young (Allocation Failure) 448M->381M(910M) 47.428ms
[328.841s][info][gc,cpu         ] GC(1498) User=0.31s Sys=0.00s Real=0.05s
[328.929s][info][gc,start       ] GC(1499) Pause Young (Allocation Failure)
[328.992s][info][gc,heap        ] GC(1499) PSYoungGen: 167744K(232960K)->72714K(232960K) Eden: 116736K(116736K)->0K(116736K) From: 51008K(116224K)->72714K(116224K)
[328.992s][info][gc,heap        ] GC(1499) ParOldGen: 339918K(699392K)->388046K(699392K)
[328.992s][info][gc,metaspace   ] GC(1499) Metaspace: 16578K(16896K)->16578K(16896K) NonClass: 14246K(14400K)->14246K(14400K) Class: 2331K(2496K)->2331K(2496K)
[328.992s][info][gc             ] GC(1499) Pause Young (Allocation Failure) 495M->449M(910M) 62.829ms
[328.992s][info][gc,cpu         ] GC(1499) User=0.31s Sys=0.00s Real=0.06s
[329.312s][info][gc,start       ] GC(1500) Pause Young (Allocation Failure)
[329.407s][info][gc,heap        ] GC(1500) PSYoungGen: 189450K(232960K)->34144K(232960K) Eden: 116736K(116736K)->0K(116736K) From: 72714K(116224K)->34144K(116224K)
[329.407s][info][gc,heap        ] GC(1500) ParOldGen: 388046K(699392K)->447557K(699392K)
[329.407s][info][gc,metaspace   ] GC(1500) Metaspace: 16578K(16896K)->16578K(16896K) NonClass: 14246K(14400K)->14246K(14400K) Class: 2331K(2496K)->2331K(2496K)
[329.407s][info][gc             ] GC(1500) Pause Young (Allocation Failure) 563M->470M(910M) 94.733ms
[329.407s][info][gc,cpu         ] GC(1500) User=0.39s Sys=0.00s Real=0.10s
[329.554s][info][gc,start       ] GC(1501) Pause Young (Allocation Failure)
[329.603s][info][gc,heap        ] GC(1501) PSYoungGen: 150880K(232960K)->3776K(232960K) Eden: 116736K(116736K)->0K(116736K) From: 34144K(116224K)->3776K(116224K)
[329.603s][info][gc,heap        ] GC(1501) ParOldGen: 447557K(699392K)->478085K(699392K)
[329.603s][info][gc,metaspace   ] GC(1501) Metaspace: 16578K(16896K)->16578K(16896K) NonClass: 14246K(14400K)->14246K(14400K) Class: 2331K(2496K)->2331K(2496K)
[329.603s][info][gc             ] GC(1501) Pause Young (Allocation Failure) 584M->470M(910M) 49.003ms
[329.603s][info][gc,cpu         ] GC(1501) User=0.16s Sys=0.00s Real=0.06s
[329.742s][info][gc,start       ] GC(1502) Pause Young (Allocation Failure)
[329.745s][info][gc,heap        ] GC(1502) PSYoungGen: 120512K(232960K)->3072K(232960K) Eden: 116736K(116736K)->0K(116736K) From: 3776K(116224K)->3072K(116224K)
[329.745s][info][gc,heap        ] GC(1502) ParOldGen: 478085K(699392K)->478389K(699392K)
[329.745s][info][gc,metaspace   ] GC(1502) Metaspace: 16578K(16896K)->16578K(16896K) NonClass: 14246K(14400K)->14246K(14400K) Class: 2331K(2496K)->2331K(2496K)
[329.745s][info][gc             ] GC(1502) Pause Young (Allocation Failure) 584M->470M(910M) 2.906ms
[329.745s][info][gc,cpu         ] GC(1502) User=0.00s Sys=0.00s Real=0.02s
[329.871s][info][gc,start       ] GC(1503) Pause Young (Allocation Failure)
[329.873s][info][gc,heap        ] GC(1503) PSYoungGen: 119808K(232960K)->2272K(232960K) Eden: 116736K(116736K)->0K(116736K) From: 3072K(116224K)->2272K(116224K)
[329.873s][info][gc,heap        ] GC(1503) ParOldGen: 478389K(699392K)->478501K(699392K)
[329.873s][info][gc,metaspace   ] GC(1503) Metaspace: 16578K(16896K)->16578K(16896K) NonClass: 14246K(14400K)->14246K(14400K) Class: 2331K(2496K)->2331K(2496K)
[329.873s][info][gc             ] GC(1503) Pause Young (Allocation Failure) 584M->469M(910M) 2.359ms
[329.873s][info][gc,cpu         ] GC(1503) User=0.00s Sys=0.00s Real=0.00s
[330.124s][info][gc,start       ] GC(1504) Pause Young (Allocation Failure)
[330.126s][info][gc,heap        ] GC(1504) PSYoungGen: 119008K(232960K)->2176K(232960K) Eden: 116736K(116736K)->0K(116736K) From: 2272K(116224K)->2176K(116224K)
[330.126s][info][gc,heap        ] GC(1504) ParOldGen: 478501K(699392K)->478501K(699392K)
[330.126s][info][gc,metaspace   ] GC(1504) Metaspace: 16578K(16896K)->16578K(16896K) NonClass: 14246K(14400K)->14246K(14400K) Class: 2331K(2496K)->2331K(2496K)
[330.126s][info][gc             ] GC(1504) Pause Young (Allocation Failure) 583M->469M(910M) 1.724ms
[330.126s][info][gc,cpu         ] GC(1504) User=0.00s Sys=0.00s Real=0.00s
[330.691s][info][gc,start       ] GC(1505) Pause Young (System.gc())
[330.692s][info][gc,heap        ] GC(1505) PSYoungGen: 78544K(232960K)->96K(232960K) Eden: 76368K(116736K)->0K(116736K) From: 2176K(116224K)->96K(116224K)
[330.692s][info][gc,heap        ] GC(1505) ParOldGen: 478501K(699392K)->478533K(699392K)
[330.692s][info][gc,metaspace   ] GC(1505) Metaspace: 16578K(16896K)->16578K(16896K) NonClass: 14246K(14400K)->14246K(14400K) Class: 2331K(2496K)->2331K(2496K)
[330.692s][info][gc             ] GC(1505) Pause Young (System.gc()) 543M->467M(910M) 0.940ms
[330.692s][info][gc,cpu         ] GC(1505) User=0.00s Sys=0.00s Real=0.00s
[330.692s][info][gc,start       ] GC(1506) Pause Full (System.gc())
[330.692s][info][gc,phases,start] GC(1506) Marking Phase
[330.697s][info][gc,phases      ] GC(1506) Marking Phase 4.868ms
[330.697s][info][gc,phases,start] GC(1506) Summary Phase
[330.697s][info][gc,phases      ] GC(1506) Summary Phase 0.013ms
[330.697s][info][gc,phases,start] GC(1506) Adjust Roots
[330.699s][info][gc,phases      ] GC(1506) Adjust Roots 1.912ms
[330.699s][info][gc,phases,start] GC(1506) Compaction Phase
[330.701s][info][gc,phases      ] GC(1506) Compaction Phase 1.897ms
[330.701s][info][gc,phases,start] GC(1506) Post Compact
[330.702s][info][gc,phases      ] GC(1506) Post Compact 1.925ms
[330.703s][info][gc,heap        ] GC(1506) PSYoungGen: 96K(232960K)->0K(232960K) Eden: 0K(116736K)->0K(116736K) From: 96K(116224K)->0K(116224K)
[330.703s][info][gc,heap        ] GC(1506) ParOldGen: 478533K(699392K)->5548K(699392K)
[330.703s][info][gc,metaspace   ] GC(1506) Metaspace: 16578K(16896K)->16578K(16896K) NonClass: 14246K(14400K)->14246K(14400K) Class: 2331K(2496K)->2331K(2496K)
[330.703s][info][gc             ] GC(1506) Pause Full (System.gc()) 467M->5M(910M) 10.884ms
[330.703s][info][gc,cpu         ] GC(1506) User=0.00s Sys=0.00s Real=0.02s
[332.304s][info][gc,start       ] GC(1507) Pause Young (Allocation Failure)
[332.305s][info][gc,heap        ] GC(1507) PSYoungGen: 116736K(232960K)->384K(232960K) Eden: 116736K(116736K)->0K(116736K) From: 0K(116224K)->384K(116224K)
[332.305s][info][gc,heap        ] GC(1507) ParOldGen: 5548K(699392K)->5548K(699392K)
[332.305s][info][gc,metaspace   ] GC(1507) Metaspace: 16578K(16896K)->16578K(16896K) NonClass: 14247K(14400K)->14247K(14400K) Class: 2331K(2496K)->2331K(2496K)
[332.305s][info][gc             ] GC(1507) Pause Young (Allocation Failure) 119M->5M(910M) 0.717ms
[332.305s][info][gc,cpu         ] GC(1507) User=0.00s Sys=0.00s Real=0.00s
[332.327s][info][gc,start       ] GC(1508) Pause Young (Allocation Failure)
[332.328s][info][gc,heap        ] GC(1508) PSYoungGen: 117120K(232960K)->288K(232960K) Eden: 116736K(116736K)->0K(116736K) From: 384K(116224K)->288K(116224K)
[332.328s][info][gc,heap        ] GC(1508) ParOldGen: 5548K(699392K)->5660K(699392K)
[332.328s][info][gc,metaspace   ] GC(1508) Metaspace: 16578K(16896K)->16578K(16896K) NonClass: 14247K(14400K)->14247K(14400K) Class: 2331K(2496K)->2331K(2496K)
[332.328s][info][gc             ] GC(1508) Pause Young (Allocation Failure) 119M->5M(910M) 0.524ms
[332.328s][info][gc,cpu         ] GC(1508) User=0.00s Sys=0.00s Real=0.00s
[332.349s][info][gc,start       ] GC(1509) Pause Young (Allocation Failure)
[332.350s][info][gc,heap        ] GC(1509) PSYoungGen: 117024K(232960K)->192K(232960K) Eden: 116736K(116736K)->0K(116736K) From: 288K(116224K)->192K(116224K)
[332.350s][info][gc,heap        ] GC(1509) ParOldGen: 5660K(699392K)->5700K(699392K)
[332.350s][info][gc,metaspace   ] GC(1509) Metaspace: 16578K(16896K)->16578K(16896K) NonClass: 14247K(14400K)->14247K(14400K) Class: 2331K(2496K)->2331K(2496K)
[332.350s][info][gc             ] GC(1509) Pause Young (Allocation Failure) 119M->5M(910M) 0.481ms
[332.350s][info][gc,cpu         ] GC(1509) User=0.00s Sys=0.00s Real=0.00s
[332.371s][info][gc,start       ] GC(1510) Pause Young (Allocation Failure)
[332.372s][info][gc,heap        ] GC(1510) PSYoungGen: 116928K(232960K)->224K(232960K) Eden: 116736K(116736K)->0K(116736K) From: 192K(116224K)->224K(116224K)
[332.372s][info][gc,heap        ] GC(1510) ParOldGen: 5700K(699392K)->5740K(699392K)
[332.372s][info][gc,metaspace   ] GC(1510) Metaspace: 16578K(16896K)->16578K(16896K) NonClass: 14247K(14400K)->14247K(14400K) Class: 2331K(2496K)->2331K(2496K)
[332.372s][info][gc             ] GC(1510) Pause Young (Allocation Failure) 119M->5M(910M) 0.453ms
[332.372s][info][gc,cpu         ] GC(1510) User=0.00s Sys=0.00s Real=0.00s
[332.394s][info][gc,start       ] GC(1511) Pause Young (Allocation Failure)
[332.394s][info][gc,heap        ] GC(1511) PSYoungGen: 116960K(232960K)->192K(232960K) Eden: 116736K(116736K)->0K(116736K) From: 224K(116224K)->192K(116224K)
[332.394s][info][gc,heap        ] GC(1511) ParOldGen: 5740K(699392K)->5788K(699392K)
[332.394s][info][gc,metaspace   ] GC(1511) Metaspace: 16578K(16896K)->16578K(16896K) NonClass: 14247K(14400K)->14247K(14400K) Class: 2331K(2496K)->2331K(2496K)
[332.394s][info][gc             ] GC(1511) Pause Young (Allocation Failure) 119M->5M(910M) 0.544ms
[332.394s][info][gc,cpu         ] GC(1511) User=0.00s Sys=0.00s Real=0.00s
[332.420s][info][gc,start       ] GC(1512) Pause Young (Allocation Failure)
[332.421s][info][gc,heap        ] GC(1512) PSYoungGen: 116928K(232960K)->320K(232960K) Eden: 116736K(116736K)->0K(116736K) From: 192K(116224K)->320K(116224K)
[332.421s][info][gc,heap        ] GC(1512) ParOldGen: 5788K(699392K)->5820K(699392K)
[332.421s][info][gc,metaspace   ] GC(1512) Metaspace: 16578K(16896K)->16578K(16896K) NonClass: 14247K(14400K)->14247K(14400K) Class: 2331K(2496K)->2331K(2496K)
[332.421s][info][gc             ] GC(1512) Pause Young (Allocation Failure) 119M->5M(910M) 0.593ms
[332.421s][info][gc,cpu         ] GC(1512) User=0.00s Sys=0.00s Real=0.00s
[332.443s][info][gc,start       ] GC(1513) Pause Young (Allocation Failure)
[332.444s][info][gc,heap        ] GC(1513) PSYoungGen: 117056K(232960K)->320K(232960K) Eden: 116736K(116736K)->0K(116736K) From: 320K(116224K)->320K(116224K)
[332.444s][info][gc,heap        ] GC(1513) ParOldGen: 5820K(699392K)->5868K(699392K)
[332.444s][info][gc,metaspace   ] GC(1513) Metaspace: 16578K(16896K)->16578K(16896K) NonClass: 14247K(14400K)->14247K(14400K) Class: 2331K(2496K)->2331K(2496K)
[332.444s][info][gc             ] GC(1513) Pause Young (Allocation Failure) 119M->6M(910M) 0.730ms
[332.444s][info][gc,cpu         ] GC(1513) User=0.00s Sys=0.00s Real=0.00s
[332.466s][info][gc,start       ] GC(1514) Pause Young (Allocation Failure)
[332.467s][info][gc,heap        ] GC(1514) PSYoungGen: 117056K(232960K)->192K(232960K) Eden: 116736K(116736K)->0K(116736K) From: 320K(116224K)->192K(116224K)
[332.467s][info][gc,heap        ] GC(1514) ParOldGen: 5868K(699392K)->5916K(699392K)
[332.467s][info][gc,metaspace   ] GC(1514) Metaspace: 16578K(16896K)->16578K(16896K) NonClass: 14247K(14400K)->14247K(14400K) Class: 2331K(2496K)->2331K(2496K)
[332.467s][info][gc             ] GC(1514) Pause Young (Allocation Failure) 120M->5M(910M) 0.536ms
[332.467s][info][gc,cpu         ] GC(1514) User=0.00s Sys=0.00s Real=0.00s
[332.489s][info][gc,start       ] GC(1515) Pause Young (Allocation Failure)
[332.490s][info][gc,heap        ] GC(1515) PSYoungGen: 116928K(232960K)->224K(232960K) Eden: 116736K(116736K)->0K(116736K) From: 192K(116224K)->224K(116224K)
[332.490s][info][gc,heap        ] GC(1515) ParOldGen: 5916K(699392K)->5956K(699392K)
[332.490s][info][gc,metaspace   ] GC(1515) Metaspace: 16578K(16896K)->16578K(16896K) NonClass: 14247K(14400K)->14247K(14400K) Class: 2331K(2496K)->2331K(2496K)
[332.490s][info][gc             ] GC(1515) Pause Young (Allocation Failure) 119M->6M(910M) 0.492ms
[332.490s][info][gc,cpu         ] GC(1515) User=0.00s Sys=0.00s Real=0.00s
[332.511s][info][gc,start       ] GC(1516) Pause Young (Allocation Failure)
[332.512s][info][gc,heap        ] GC(1516) PSYoungGen: 116960K(232960K)->256K(232960K) Eden: 116736K(116736K)->0K(116736K) From: 224K(116224K)->256K(116224K)
[332.512s][info][gc,heap        ] GC(1516) ParOldGen: 5956K(699392K)->6012K(699392K)
[332.512s][info][gc,metaspace   ] GC(1516) Metaspace: 16578K(16896K)->16578K(16896K) NonClass: 14247K(14400K)->14247K(14400K) Class: 2331K(2496K)->2331K(2496K)
[332.512s][info][gc             ] GC(1516) Pause Young (Allocation Failure) 120M->6M(910M) 0.459ms
[332.512s][info][gc,cpu         ] GC(1516) User=0.00s Sys=0.00s Real=0.00s
[332.533s][info][gc,start       ] GC(1517) Pause Young (Allocation Failure)
[332.534s][info][gc,heap        ] GC(1517) PSYoungGen: 116992K(232960K)->320K(232960K) Eden: 116736K(116736K)->0K(116736K) From: 256K(116224K)->320K(116224K)
[332.534s][info][gc,heap        ] GC(1517) ParOldGen: 6012K(699392K)->6060K(699392K)
[332.534s][info][gc,metaspace   ] GC(1517) Metaspace: 16578K(16896K)->16578K(16896K) NonClass: 14247K(14400K)->14247K(14400K) Class: 2331K(2496K)->2331K(2496K)
[332.534s][info][gc             ] GC(1517) Pause Young (Allocation Failure) 120M->6M(910M) 0.510ms
[332.534s][info][gc,cpu         ] GC(1517) User=0.00s Sys=0.00s Real=0.00s
[332.556s][info][gc,start       ] GC(1518) Pause Young (Allocation Failure)
[332.557s][info][gc,heap        ] GC(1518) PSYoungGen: 117056K(232960K)->224K(232960K) Eden: 116736K(116736K)->0K(116736K) From: 320K(116224K)->224K(116224K)
[332.557s][info][gc,heap        ] GC(1518) ParOldGen: 6060K(699392K)->6108K(699392K)
[332.557s][info][gc,metaspace   ] GC(1518) Metaspace: 16578K(16896K)->16578K(16896K) NonClass: 14247K(14400K)->14247K(14400K) Class: 2331K(2496K)->2331K(2496K)
[332.557s][info][gc             ] GC(1518) Pause Young (Allocation Failure) 120M->6M(910M) 0.464ms
[332.557s][info][gc,cpu         ] GC(1518) User=0.00s Sys=0.00s Real=0.00s
[332.579s][info][gc,start       ] GC(1519) Pause Young (Allocation Failure)
[332.579s][info][gc,heap        ] GC(1519) PSYoungGen: 116960K(232960K)->288K(245760K) Eden: 116736K(116736K)->0K(135168K) From: 224K(116224K)->288K(110592K)
[332.579s][info][gc,heap        ] GC(1519) ParOldGen: 6108K(699392K)->6108K(699392K)
[332.579s][info][gc,metaspace   ] GC(1519) Metaspace: 16578K(16896K)->16578K(16896K) NonClass: 14247K(14400K)->14247K(14400K) Class: 2331K(2496K)->2331K(2496K)
[332.579s][info][gc             ] GC(1519) Pause Young (Allocation Failure) 120M->6M(923M) 0.498ms
[332.579s][info][gc,cpu         ] GC(1519) User=0.00s Sys=0.00s Real=0.00s
[332.605s][info][gc,start       ] GC(1520) Pause Young (Allocation Failure)
[332.605s][info][gc,heap        ] GC(1520) PSYoungGen: 135456K(245760K)->320K(238592K) Eden: 135168K(135168K)->0K(135168K) From: 288K(110592K)->320K(103424K)
[332.605s][info][gc,heap        ] GC(1520) ParOldGen: 6108K(699392K)->6108K(699392K)
[332.605s][info][gc,metaspace   ] GC(1520) Metaspace: 16578K(16896K)->16578K(16896K) NonClass: 14247K(14400K)->14247K(14400K) Class: 2331K(2496K)->2331K(2496K)
[332.605s][info][gc             ] GC(1520) Pause Young (Allocation Failure) 138M->6M(916M) 0.454ms
[332.605s][info][gc,cpu         ] GC(1520) User=0.00s Sys=0.00s Real=0.00s
[332.631s][info][gc,start       ] GC(1521) Pause Young (Allocation Failure)
[332.632s][info][gc,heap        ] GC(1521) PSYoungGen: 135488K(238592K)->384K(259072K) Eden: 135168K(135168K)->0K(162816K) From: 320K(103424K)->384K(96256K)
[332.632s][info][gc,heap        ] GC(1521) ParOldGen: 6108K(699392K)->6108K(699392K)
[332.632s][info][gc,metaspace   ] GC(1521) Metaspace: 16578K(16896K)->16578K(16896K) NonClass: 14247K(14400K)->14247K(14400K) Class: 2331K(2496K)->2331K(2496K)
[332.632s][info][gc             ] GC(1521) Pause Young (Allocation Failure) 138M->6M(936M) 0.527ms
[332.632s][info][gc,cpu         ] GC(1521) User=0.00s Sys=0.00s Real=0.00s
[332.662s][info][gc,start       ] GC(1522) Pause Young (Allocation Failure)
[332.663s][info][gc,heap        ] GC(1522) PSYoungGen: 163200K(259072K)->384K(252928K) Eden: 162816K(162816K)->0K(162816K) From: 384K(96256K)->384K(90112K)
[332.663s][info][gc,heap        ] GC(1522) ParOldGen: 6108K(699392K)->6108K(699392K)
[332.663s][info][gc,metaspace   ] GC(1522) Metaspace: 16578K(16896K)->16578K(16896K) NonClass: 14247K(14400K)->14247K(14400K) Class: 2331K(2496K)->2331K(2496K)
[332.663s][info][gc             ] GC(1522) Pause Young (Allocation Failure) 165M->6M(930M) 0.514ms
[332.663s][info][gc,cpu         ] GC(1522) User=0.00s Sys=0.00s Real=0.00s
[332.693s][info][gc,start       ] GC(1523) Pause Young (Allocation Failure)
[332.694s][info][gc,heap        ] GC(1523) PSYoungGen: 163200K(252928K)->384K(271360K) Eden: 162816K(162816K)->0K(187904K) From: 384K(90112K)->384K(83456K)
[332.694s][info][gc,heap        ] GC(1523) ParOldGen: 6108K(699392K)->6108K(699392K)
[332.694s][info][gc,metaspace   ] GC(1523) Metaspace: 16578K(16896K)->16578K(16896K) NonClass: 14247K(14400K)->14247K(14400K) Class: 2331K(2496K)->2331K(2496K)
[332.694s][info][gc             ] GC(1523) Pause Young (Allocation Failure) 165M->6M(948M) 0.512ms
[332.694s][info][gc,cpu         ] GC(1523) User=0.00s Sys=0.00s Real=0.00s
[332.728s][info][gc,start       ] GC(1524) Pause Young (Allocation Failure)
[332.729s][info][gc,heap        ] GC(1524) PSYoungGen: 188288K(271360K)->384K(265728K) Eden: 187904K(187904K)->0K(187904K) From: 384K(83456K)->384K(77824K)
[332.729s][info][gc,heap        ] GC(1524) ParOldGen: 6108K(699392K)->6108K(699392K)
[332.729s][info][gc,metaspace   ] GC(1524) Metaspace: 16578K(16896K)->16578K(16896K) NonClass: 14247K(14400K)->14247K(14400K) Class: 2331K(2496K)->2331K(2496K)
[332.729s][info][gc             ] GC(1524) Pause Young (Allocation Failure) 189M->6M(942M) 0.554ms
[332.729s][info][gc,cpu         ] GC(1524) User=0.00s Sys=0.00s Real=0.00s
[332.765s][info][gc,start       ] GC(1525) Pause Young (Allocation Failure)
[332.765s][info][gc,heap        ] GC(1525) PSYoungGen: 188288K(265728K)->288K(282112K) Eden: 187904K(187904K)->0K(209920K) From: 384K(77824K)->288K(72192K)
[332.765s][info][gc,heap        ] GC(1525) ParOldGen: 6108K(699392K)->6108K(699392K)
[332.765s][info][gc,metaspace   ] GC(1525) Metaspace: 16578K(16896K)->16578K(16896K) NonClass: 14247K(14400K)->14247K(14400K) Class: 2331K(2496K)->2331K(2496K)
[332.765s][info][gc             ] GC(1525) Pause Young (Allocation Failure) 189M->6M(958M) 0.766ms
[332.765s][info][gc,cpu         ] GC(1525) User=0.00s Sys=0.00s Real=0.00s
[332.805s][info][gc,start       ] GC(1526) Pause Young (Allocation Failure)
[332.806s][info][gc,heap        ] GC(1526) PSYoungGen: 210208K(282112K)->288K(276992K) Eden: 209920K(209920K)->0K(209920K) From: 288K(72192K)->288K(67072K)
[332.806s][info][gc,heap        ] GC(1526) ParOldGen: 6108K(699392K)->6108K(699392K)
[332.806s][info][gc,metaspace   ] GC(1526) Metaspace: 16578K(16896K)->16578K(16896K) NonClass: 14247K(14400K)->14247K(14400K) Class: 2331K(2496K)->2331K(2496K)
[332.806s][info][gc             ] GC(1526) Pause Young (Allocation Failure) 211M->6M(953M) 0.553ms
[332.806s][info][gc,cpu         ] GC(1526) User=0.00s Sys=0.00s Real=0.00s
[332.853s][info][gc,start       ] GC(1527) Pause Young (Allocation Failure)
[332.861s][info][gc,heap        ] GC(1527) PSYoungGen: 210208K(276992K)->18915K(287744K) Eden: 209920K(209920K)->0K(225280K) From: 288K(67072K)->18915K(62464K)
[332.861s][info][gc,heap        ] GC(1527) ParOldGen: 6108K(699392K)->6108K(699392K)
[332.861s][info][gc,metaspace   ] GC(1527) Metaspace: 16578K(16896K)->16578K(16896K) NonClass: 14247K(14400K)->14247K(14400K) Class: 2331K(2496K)->2331K(2496K)
[332.861s][info][gc             ] GC(1527) Pause Young (Allocation Failure) 211M->24M(964M) 8.117ms
[332.861s][info][gc,cpu         ] GC(1527) User=0.02s Sys=0.00s Real=0.02s
[333.003s][info][gc,start       ] GC(1528) Pause Young (Allocation Failure)
[333.101s][info][gc,heap        ] GC(1528) PSYoungGen: 244195K(287744K)->61411K(286720K) Eden: 225280K(225280K)->0K(225280K) From: 18915K(62464K)->61411K(61440K)
[333.101s][info][gc,heap        ] GC(1528) ParOldGen: 6108K(699392K)->113260K(699392K)
[333.101s][info][gc,metaspace   ] GC(1528) Metaspace: 16578K(16896K)->16578K(16896K) NonClass: 14247K(14400K)->14247K(14400K) Class: 2331K(2496K)->2331K(2496K)
[333.101s][info][gc             ] GC(1528) Pause Young (Allocation Failure) 244M->170M(963M) 97.596ms
[333.101s][info][gc,cpu         ] GC(1528) User=0.55s Sys=0.00s Real=0.10s
[333.271s][info][gc,start       ] GC(1529) Pause Young (Allocation Failure)
[333.409s][info][gc,heap        ] GC(1529) PSYoungGen: 286691K(286720K)->62435K(179200K) Eden: 225280K(225280K)->0K(116736K) From: 61411K(61440K)->62435K(62464K)
[333.409s][info][gc,heap        ] GC(1529) ParOldGen: 113260K(699392K)->267116K(699392K)
[333.409s][info][gc,metaspace   ] GC(1529) Metaspace: 16578K(16896K)->16578K(16896K) NonClass: 14247K(14400K)->14247K(14400K) Class: 2331K(2496K)->2331K(2496K)
[333.409s][info][gc             ] GC(1529) Pause Young (Allocation Failure) 390M->321M(858M) 137.231ms
[333.409s][info][gc,cpu         ] GC(1529) User=0.73s Sys=0.00s Real=0.14s
[333.504s][info][gc,start       ] GC(1530) Pause Young (Allocation Failure)
[333.588s][info][gc,heap        ] GC(1530) PSYoungGen: 179171K(179200K)->116195K(232960K) Eden: 116736K(116736K)->0K(116736K) From: 62435K(62464K)->116195K(116224K)
[333.588s][info][gc,heap        ] GC(1530) ParOldGen: 267116K(699392K)->293828K(699392K)
[333.588s][info][gc,metaspace   ] GC(1530) Metaspace: 16578K(16896K)->16578K(16896K) NonClass: 14247K(14400K)->14247K(14400K) Class: 2331K(2496K)->2331K(2496K)
[333.588s][info][gc             ] GC(1530) Pause Young (Allocation Failure) 435M->400M(910M) 84.725ms
[333.588s][info][gc,cpu         ] GC(1530) User=0.45s Sys=0.00s Real=0.08s
[333.818s][info][gc,start       ] GC(1531) Pause Young (Allocation Failure)
[333.921s][info][gc,heap        ] GC(1531) PSYoungGen: 232931K(232960K)->116195K(232960K) Eden: 116736K(116736K)->0K(116736K) From: 116195K(116224K)->116195K(116224K)
[333.921s][info][gc,heap        ] GC(1531) ParOldGen: 293828K(699392K)->332668K(699392K)
[333.921s][info][gc,metaspace   ] GC(1531) Metaspace: 16578K(16896K)->16578K(16896K) NonClass: 14247K(14400K)->14247K(14400K) Class: 2331K(2496K)->2331K(2496K)
[333.921s][info][gc             ] GC(1531) Pause Young (Allocation Failure) 514M->438M(910M) 102.455ms
[333.921s][info][gc,cpu         ] GC(1531) User=0.64s Sys=0.00s Real=0.10s
[336.823s][info][gc,start       ] GC(1532) Pause Young (Allocation Failure)
[336.917s][info][gc,heap        ] GC(1532) PSYoungGen: 232931K(232960K)->116195K(232960K) Eden: 116736K(116736K)->0K(116736K) From: 116195K(116224K)->116195K(116224K)
[336.917s][info][gc,heap        ] GC(1532) ParOldGen: 332668K(699392K)->365772K(699392K)
[336.917s][info][gc,metaspace   ] GC(1532) Metaspace: 16578K(16896K)->16578K(16896K) NonClass: 14247K(14400K)->14247K(14400K) Class: 2331K(2496K)->2331K(2496K)
[336.917s][info][gc             ] GC(1532) Pause Young (Allocation Failure) 552M->470M(910M) 94.472ms
[336.917s][info][gc,cpu         ] GC(1532) User=0.55s Sys=0.00s Real=0.10s
[336.972s][info][gc,start       ] GC(1533) Pause Young (Allocation Failure)
[337.072s][info][gc,heap        ] GC(1533) PSYoungGen: 232931K(232960K)->116224K(232960K) Eden: 116736K(116736K)->0K(116736K) From: 116195K(116224K)->116224K(116224K)
[337.072s][info][gc,heap        ] GC(1533) ParOldGen: 365772K(699392K)->416384K(699392K)
[337.072s][info][gc,metaspace   ] GC(1533) Metaspace: 16578K(16896K)->16578K(16896K) NonClass: 14247K(14400K)->14247K(14400K) Class: 2331K(2496K)->2331K(2496K)
[337.072s][info][gc             ] GC(1533) Pause Young (Allocation Failure) 584M->520M(910M) 100.075ms
[337.072s][info][gc,cpu         ] GC(1533) User=0.56s Sys=0.00s Real=0.09s
[337.130s][info][gc,start       ] GC(1534) Pause Young (Allocation Failure)
[337.210s][info][gc,heap        ] GC(1534) PSYoungGen: 232960K(232960K)->116224K(232960K) Eden: 116736K(116736K)->0K(116736K) From: 116224K(116224K)->116224K(116224K)
[337.210s][info][gc,heap        ] GC(1534) ParOldGen: 416384K(699392K)->466200K(699392K)
[337.210s][info][gc,metaspace   ] GC(1534) Metaspace: 16578K(16896K)->16578K(16896K) NonClass: 14247K(14400K)->14247K(14400K) Class: 2331K(2496K)->2331K(2496K)
[337.210s][info][gc             ] GC(1534) Pause Young (Allocation Failure) 634M->568M(910M) 80.127ms
[337.210s][info][gc,cpu         ] GC(1534) User=0.47s Sys=0.00s Real=0.08s
[337.267s][info][gc,start       ] GC(1535) Pause Young (Allocation Failure)
[337.351s][info][gc,heap        ] GC(1535) PSYoungGen: 232960K(232960K)->116224K(232960K) Eden: 116736K(116736K)->0K(116736K) From: 116224K(116224K)->116224K(116224K)
[337.351s][info][gc,heap        ] GC(1535) ParOldGen: 466200K(699392K)->514864K(699392K)
[337.351s][info][gc,metaspace   ] GC(1535) Metaspace: 16578K(16896K)->16578K(16896K) NonClass: 14247K(14400K)->14247K(14400K) Class: 2331K(2496K)->2331K(2496K)
[337.351s][info][gc             ] GC(1535) Pause Young (Allocation Failure) 682M->616M(910M) 83.861ms
[337.351s][info][gc,cpu         ] GC(1535) User=0.47s Sys=0.00s Real=0.08s
[337.411s][info][gc,start       ] GC(1536) Pause Young (Allocation Failure)
[337.487s][info][gc,heap        ] GC(1536) PSYoungGen: 232960K(232960K)->93568K(232960K) Eden: 116736K(116736K)->0K(116736K) From: 116224K(116224K)->93568K(116224K)
[337.487s][info][gc,heap        ] GC(1536) ParOldGen: 514864K(699392K)->587032K(699392K)
[337.487s][info][gc,metaspace   ] GC(1536) Metaspace: 16578K(16896K)->16578K(16896K) NonClass: 14247K(14400K)->14247K(14400K) Class: 2331K(2496K)->2331K(2496K)
[337.487s][info][gc             ] GC(1536) Pause Young (Allocation Failure) 730M->664M(910M) 76.600ms
[337.487s][info][gc,cpu         ] GC(1536) User=0.39s Sys=0.00s Real=0.08s
[337.546s][info][gc,start       ] GC(1537) Pause Young (Allocation Failure)
[337.613s][info][gc,heap        ] GC(1537) PSYoungGen: 210304K(232960K)->50848K(232960K) Eden: 116736K(116736K)->0K(116736K) From: 93568K(116224K)->50848K(116224K)
[337.613s][info][gc,heap        ] GC(1537) ParOldGen: 587032K(699392K)->678040K(699392K)
[337.613s][info][gc,metaspace   ] GC(1537) Metaspace: 16578K(16896K)->16578K(16896K) NonClass: 14247K(14400K)->14247K(14400K) Class: 2331K(2496K)->2331K(2496K)
[337.613s][info][gc             ] GC(1537) Pause Young (Allocation Failure) 778M->711M(910M) 66.751ms
[337.613s][info][gc,cpu         ] GC(1537) User=0.31s Sys=0.03s Real=0.06s
[337.672s][info][gc,start       ] GC(1538) Pause Full (Ergonomics)
[337.672s][info][gc,phases,start] GC(1538) Marking Phase
[337.772s][info][gc,phases      ] GC(1538) Marking Phase 100.246ms
[337.772s][info][gc,phases,start] GC(1538) Summary Phase
[337.773s][info][gc,phases      ] GC(1538) Summary Phase 0.025ms
[337.773s][info][gc,phases,start] GC(1538) Adjust Roots
[337.774s][info][gc,phases      ] GC(1538) Adjust Roots 1.814ms
[337.774s][info][gc,phases,start] GC(1538) Compaction Phase
[338.002s][info][gc,phases      ] GC(1538) Compaction Phase 227.498ms
[338.002s][info][gc,phases,start] GC(1538) Post Compact
[338.004s][info][gc,phases      ] GC(1538) Post Compact 1.610ms
[338.004s][info][gc,heap        ] GC(1538) PSYoungGen: 167584K(232960K)->0K(232960K) Eden: 116736K(116736K)->0K(116736K) From: 50848K(116224K)->0K(116224K)
[338.004s][info][gc,heap        ] GC(1538) ParOldGen: 678040K(699392K)->332503K(699392K)
[338.004s][info][gc,metaspace   ] GC(1538) Metaspace: 16578K(16896K)->16578K(16896K) NonClass: 14247K(14400K)->14247K(14400K) Class: 2331K(2496K)->2331K(2496K)
[338.004s][info][gc             ] GC(1538) Pause Full (Ergonomics) 825M->324M(910M) 331.489ms
[338.004s][info][gc,cpu         ] GC(1538) User=1.75s Sys=0.00s Real=0.33s
[338.062s][info][gc,start       ] GC(1539) Pause Young (Allocation Failure)
[338.087s][info][gc,heap        ] GC(1539) PSYoungGen: 116736K(232960K)->51040K(232960K) Eden: 116736K(116736K)->0K(116736K) From: 0K(116224K)->51040K(116224K)
[338.087s][info][gc,heap        ] GC(1539) ParOldGen: 332503K(699392K)->332503K(699392K)
[338.087s][info][gc,metaspace   ] GC(1539) Metaspace: 16578K(16896K)->16578K(16896K) NonClass: 14247K(14400K)->14247K(14400K) Class: 2331K(2496K)->2331K(2496K)
[338.087s][info][gc             ] GC(1539) Pause Young (Allocation Failure) 438M->374M(910M) 24.516ms
[338.087s][info][gc,cpu         ] GC(1539) User=0.06s Sys=0.00s Real=0.03s
[338.166s][info][gc,start       ] GC(1540) Pause Young (Allocation Failure)
[338.214s][info][gc,heap        ] GC(1540) PSYoungGen: 167776K(232960K)->67818K(232960K) Eden: 116736K(116736K)->0K(116736K) From: 51040K(116224K)->67818K(116224K)
[338.214s][info][gc,heap        ] GC(1540) ParOldGen: 332503K(699392K)->380503K(699392K)
[338.214s][info][gc,metaspace   ] GC(1540) Metaspace: 16578K(16896K)->16578K(16896K) NonClass: 14247K(14400K)->14247K(14400K) Class: 2331K(2496K)->2331K(2496K)
[338.214s][info][gc             ] GC(1540) Pause Young (Allocation Failure) 488M->437M(910M) 48.299ms
[338.214s][info][gc,cpu         ] GC(1540) User=0.28s Sys=0.00s Real=0.05s
[338.513s][info][gc,start       ] GC(1541) Pause Young (Allocation Failure)
[338.606s][info][gc,heap        ] GC(1541) PSYoungGen: 184554K(232960K)->43616K(232960K) Eden: 116736K(116736K)->0K(116736K) From: 67818K(116224K)->43616K(116224K)
[338.606s][info][gc,heap        ] GC(1541) ParOldGen: 380503K(699392K)->444649K(699392K)
[338.606s][info][gc,metaspace   ] GC(1541) Metaspace: 16578K(16896K)->16578K(16896K) NonClass: 14247K(14400K)->14247K(14400K) Class: 2331K(2496K)->2331K(2496K)
[338.606s][info][gc             ] GC(1541) Pause Young (Allocation Failure) 551M->476M(910M) 92.728ms
[338.606s][info][gc,cpu         ] GC(1541) User=0.48s Sys=0.00s Real=0.09s
[338.745s][info][gc,start       ] GC(1542) Pause Young (Allocation Failure)
[338.797s][info][gc,heap        ] GC(1542) PSYoungGen: 160352K(232960K)->3936K(232960K) Eden: 116736K(116736K)->0K(116736K) From: 43616K(116224K)->3936K(116224K)
[338.797s][info][gc,heap        ] GC(1542) ParOldGen: 444649K(699392K)->476433K(699392K)
[338.797s][info][gc,metaspace   ] GC(1542) Metaspace: 16578K(16896K)->16578K(16896K) NonClass: 14247K(14400K)->14247K(14400K) Class: 2331K(2496K)->2331K(2496K)
[338.797s][info][gc             ] GC(1542) Pause Young (Allocation Failure) 590M->469M(910M) 52.283ms
[338.797s][info][gc,cpu         ] GC(1542) User=0.28s Sys=0.00s Real=0.05s
[338.938s][info][gc,start       ] GC(1543) Pause Young (Allocation Failure)
[338.940s][info][gc,heap        ] GC(1543) PSYoungGen: 120672K(232960K)->3200K(232960K) Eden: 116736K(116736K)->0K(116736K) From: 3936K(116224K)->3200K(116224K)
[338.941s][info][gc,heap        ] GC(1543) ParOldGen: 476433K(699392K)->476793K(699392K)
[338.941s][info][gc,metaspace   ] GC(1543) Metaspace: 16578K(16896K)->16578K(16896K) NonClass: 14247K(14400K)->14247K(14400K) Class: 2331K(2496K)->2331K(2496K)
[338.941s][info][gc             ] GC(1543) Pause Young (Allocation Failure) 583M->468M(910M) 2.992ms
[338.941s][info][gc,cpu         ] GC(1543) User=0.00s Sys=0.00s Real=0.00s
[339.069s][info][gc,start       ] GC(1544) Pause Young (Allocation Failure)
[339.072s][info][gc,heap        ] GC(1544) PSYoungGen: 119936K(232960K)->2432K(232960K) Eden: 116736K(116736K)->0K(116736K) From: 3200K(116224K)->2432K(116224K)
[339.072s][info][gc,heap        ] GC(1544) ParOldGen: 476793K(699392K)->476921K(699392K)
[339.072s][info][gc,metaspace   ] GC(1544) Metaspace: 16578K(16896K)->16578K(16896K) NonClass: 14247K(14400K)->14247K(14400K) Class: 2331K(2496K)->2331K(2496K)
[339.072s][info][gc             ] GC(1544) Pause Young (Allocation Failure) 582M->468M(910M) 2.708ms
[339.072s][info][gc,cpu         ] GC(1544) User=0.02s Sys=0.00s Real=0.02s
[339.202s][info][gc,start       ] GC(1545) Pause Young (Allocation Failure)
[339.203s][info][gc,heap        ] GC(1545) PSYoungGen: 119168K(232960K)->384K(232960K) Eden: 116736K(116736K)->0K(116736K) From: 2432K(116224K)->384K(116224K)
[339.203s][info][gc,heap        ] GC(1545) ParOldGen: 476921K(699392K)->476969K(699392K)
[339.203s][info][gc,metaspace   ] GC(1545) Metaspace: 16578K(16896K)->16578K(16896K) NonClass: 14247K(14400K)->14247K(14400K) Class: 2331K(2496K)->2331K(2496K)
[339.203s][info][gc             ] GC(1545) Pause Young (Allocation Failure) 582M->466M(910M) 1.164ms
[339.203s][info][gc,cpu         ] GC(1545) User=0.00s Sys=0.00s Real=0.00s
[339.888s][info][gc,start       ] GC(1546) Pause Young (System.gc())
[339.889s][info][gc,heap        ] GC(1546) PSYoungGen: 93931K(232960K)->64K(232960K) Eden: 93547K(116736K)->0K(116736K) From: 384K(116224K)->64K(116224K)
[339.889s][info][gc,heap        ] GC(1546) ParOldGen: 476969K(699392K)->476969K(699392K)
[339.889s][info][gc,metaspace   ] GC(1546) Metaspace: 16578K(16896K)->16578K(16896K) NonClass: 14247K(14400K)->14247K(14400K) Class: 2331K(2496K)->2331K(2496K)
[339.889s][info][gc             ] GC(1546) Pause Young (System.gc()) 557M->465M(910M) 1.108ms
[339.889s][info][gc,cpu         ] GC(1546) User=0.00s Sys=0.00s Real=0.00s
[339.889s][info][gc,start       ] GC(1547) Pause Full (System.gc())
[339.889s][info][gc,phases,start] GC(1547) Marking Phase
[339.893s][info][gc,phases      ] GC(1547) Marking Phase 4.595ms
[339.893s][info][gc,phases,start] GC(1547) Summary Phase
[339.893s][info][gc,phases      ] GC(1547) Summary Phase 0.011ms
[339.893s][info][gc,phases,start] GC(1547) Adjust Roots
[339.895s][info][gc,phases      ] GC(1547) Adjust Roots 1.832ms
[339.895s][info][gc,phases,start] GC(1547) Compaction Phase
[339.897s][info][gc,phases      ] GC(1547) Compaction Phase 1.764ms
[339.897s][info][gc,phases,start] GC(1547) Post Compact
[339.899s][info][gc,phases      ] GC(1547) Post Compact 1.916ms
[339.899s][info][gc,heap        ] GC(1547) PSYoungGen: 64K(232960K)->0K(232960K) Eden: 0K(116736K)->0K(116736K) From: 64K(116224K)->0K(116224K)
[339.899s][info][gc,heap        ] GC(1547) ParOldGen: 476969K(699392K)->5547K(699392K)
[339.899s][info][gc,metaspace   ] GC(1547) Metaspace: 16578K(16896K)->16578K(16896K) NonClass: 14247K(14400K)->14247K(14400K) Class: 2331K(2496K)->2331K(2496K)
[339.899s][info][gc             ] GC(1547) Pause Full (System.gc()) 465M->5M(910M) 10.373ms
[339.899s][info][gc,cpu         ] GC(1547) User=0.00s Sys=0.00s Real=0.00s
[341.288s][info][gc,start       ] GC(1548) Pause Young (Allocation Failure)
[341.289s][info][gc,heap        ] GC(1548) PSYoungGen: 116736K(232960K)->384K(232960K) Eden: 116736K(116736K)->0K(116736K) From: 0K(116224K)->384K(116224K)
[341.289s][info][gc,heap        ] GC(1548) ParOldGen: 5547K(699392K)->5547K(699392K)
[341.289s][info][gc,metaspace   ] GC(1548) Metaspace: 16578K(16896K)->16578K(16896K) NonClass: 14247K(14400K)->14247K(14400K) Class: 2331K(2496K)->2331K(2496K)
[341.289s][info][gc             ] GC(1548) Pause Young (Allocation Failure) 119M->5M(910M) 0.657ms
[341.289s][info][gc,cpu         ] GC(1548) User=0.00s Sys=0.00s Real=0.00s
[341.311s][info][gc,start       ] GC(1549) Pause Young (Allocation Failure)
[341.311s][info][gc,heap        ] GC(1549) PSYoungGen: 117120K(232960K)->224K(232960K) Eden: 116736K(116736K)->0K(116736K) From: 384K(116224K)->224K(116224K)
[341.311s][info][gc,heap        ] GC(1549) ParOldGen: 5547K(699392K)->5651K(699392K)
[341.311s][info][gc,metaspace   ] GC(1549) Metaspace: 16578K(16896K)->16578K(16896K) NonClass: 14247K(14400K)->14247K(14400K) Class: 2331K(2496K)->2331K(2496K)
[341.311s][info][gc             ] GC(1549) Pause Young (Allocation Failure) 119M->5M(910M) 0.592ms
[341.312s][info][gc,cpu         ] GC(1549) User=0.00s Sys=0.00s Real=0.00s
[341.334s][info][gc,start       ] GC(1550) Pause Young (Allocation Failure)
[341.334s][info][gc,heap        ] GC(1550) PSYoungGen: 116960K(232960K)->320K(232960K) Eden: 116736K(116736K)->0K(116736K) From: 224K(116224K)->320K(116224K)
[341.334s][info][gc,heap        ] GC(1550) ParOldGen: 5651K(699392K)->5691K(699392K)
[341.334s][info][gc,metaspace   ] GC(1550) Metaspace: 16578K(16896K)->16578K(16896K) NonClass: 14247K(14400K)->14247K(14400K) Class: 2331K(2496K)->2331K(2496K)
[341.334s][info][gc             ] GC(1550) Pause Young (Allocation Failure) 119M->5M(910M) 0.629ms
[341.334s][info][gc,cpu         ] GC(1550) User=0.00s Sys=0.00s Real=0.00s
[341.356s][info][gc,start       ] GC(1551) Pause Young (Allocation Failure)
[341.356s][info][gc,heap        ] GC(1551) PSYoungGen: 117056K(232960K)->192K(232960K) Eden: 116736K(116736K)->0K(116736K) From: 320K(116224K)->192K(116224K)
[341.356s][info][gc,heap        ] GC(1551) ParOldGen: 5691K(699392K)->5739K(699392K)
[341.356s][info][gc,metaspace   ] GC(1551) Metaspace: 16578K(16896K)->16578K(16896K) NonClass: 14247K(14400K)->14247K(14400K) Class: 2331K(2496K)->2331K(2496K)
[341.356s][info][gc             ] GC(1551) Pause Young (Allocation Failure) 119M->5M(910M) 0.526ms
[341.356s][info][gc,cpu         ] GC(1551) User=0.00s Sys=0.00s Real=0.00s
[341.377s][info][gc,start       ] GC(1552) Pause Young (Allocation Failure)
[341.378s][info][gc,heap        ] GC(1552) PSYoungGen: 116928K(232960K)->320K(232960K) Eden: 116736K(116736K)->0K(116736K) From: 192K(116224K)->320K(116224K)
[341.378s][info][gc,heap        ] GC(1552) ParOldGen: 5739K(699392K)->5787K(699392K)
[341.378s][info][gc,metaspace   ] GC(1552) Metaspace: 16578K(16896K)->16578K(16896K) NonClass: 14247K(14400K)->14247K(14400K) Class: 2331K(2496K)->2331K(2496K)
[341.378s][info][gc             ] GC(1552) Pause Young (Allocation Failure) 119M->5M(910M) 0.562ms
[341.378s][info][gc,cpu         ] GC(1552) User=0.00s Sys=0.00s Real=0.00s
[341.400s][info][gc,start       ] GC(1553) Pause Young (Allocation Failure)
[341.400s][info][gc,heap        ] GC(1553) PSYoungGen: 117056K(232960K)->288K(232960K) Eden: 116736K(116736K)->0K(116736K) From: 320K(116224K)->288K(116224K)
[341.400s][info][gc,heap        ] GC(1553) ParOldGen: 5787K(699392K)->5827K(699392K)
[341.400s][info][gc,metaspace   ] GC(1553) Metaspace: 16578K(16896K)->16578K(16896K) NonClass: 14247K(14400K)->14247K(14400K) Class: 2331K(2496K)->2331K(2496K)
[341.400s][info][gc             ] GC(1553) Pause Young (Allocation Failure) 119M->5M(910M) 0.473ms
[341.401s][info][gc,cpu         ] GC(1553) User=0.00s Sys=0.00s Real=0.00s
[341.423s][info][gc,start       ] GC(1554) Pause Young (Allocation Failure)
[341.424s][info][gc,heap        ] GC(1554) PSYoungGen: 117024K(232960K)->320K(232960K) Eden: 116736K(116736K)->0K(116736K) From: 288K(116224K)->320K(116224K)
[341.424s][info][gc,heap        ] GC(1554) ParOldGen: 5827K(699392K)->5867K(699392K)
[341.424s][info][gc,metaspace   ] GC(1554) Metaspace: 16578K(16896K)->16578K(16896K) NonClass: 14247K(14400K)->14247K(14400K) Class: 2331K(2496K)->2331K(2496K)
[341.424s][info][gc             ] GC(1554) Pause Young (Allocation Failure) 119M->6M(910M) 0.746ms
[341.424s][info][gc,cpu         ] GC(1554) User=0.02s Sys=0.00s Real=0.02s
[341.449s][info][gc,start       ] GC(1555) Pause Young (Allocation Failure)
[341.449s][info][gc,heap        ] GC(1555) PSYoungGen: 117056K(232960K)->288K(232960K) Eden: 116736K(116736K)->0K(116736K) From: 320K(116224K)->288K(116224K)
[341.449s][info][gc,heap        ] GC(1555) ParOldGen: 5867K(699392K)->5915K(699392K)
[341.449s][info][gc,metaspace   ] GC(1555) Metaspace: 16578K(16896K)->16578K(16896K) NonClass: 14247K(14400K)->14247K(14400K) Class: 2331K(2496K)->2331K(2496K)
[341.449s][info][gc             ] GC(1555) Pause Young (Allocation Failure) 120M->6M(910M) 0.595ms
[341.449s][info][gc,cpu         ] GC(1555) User=0.00s Sys=0.00s Real=0.00s
[341.471s][info][gc,start       ] GC(1556) Pause Young (Allocation Failure)
[341.471s][info][gc,heap        ] GC(1556) PSYoungGen: 117024K(232960K)->320K(232960K) Eden: 116736K(116736K)->0K(116736K) From: 288K(116224K)->320K(116224K)
[341.472s][info][gc,heap        ] GC(1556) ParOldGen: 5915K(699392K)->5963K(699392K)
[341.472s][info][gc,metaspace   ] GC(1556) Metaspace: 16578K(16896K)->16578K(16896K) NonClass: 14247K(14400K)->14247K(14400K) Class: 2331K(2496K)->2331K(2496K)
[341.472s][info][gc             ] GC(1556) Pause Young (Allocation Failure) 120M->6M(910M) 0.667ms
[341.472s][info][gc,cpu         ] GC(1556) User=0.00s Sys=0.00s Real=0.00s
[341.493s][info][gc,start       ] GC(1557) Pause Young (Allocation Failure)
[341.494s][info][gc,heap        ] GC(1557) PSYoungGen: 117056K(232960K)->288K(232960K) Eden: 116736K(116736K)->0K(116736K) From: 320K(116224K)->288K(116224K)
[341.494s][info][gc,heap        ] GC(1557) ParOldGen: 5963K(699392K)->6027K(699392K)
[341.494s][info][gc,metaspace   ] GC(1557) Metaspace: 16578K(16896K)->16578K(16896K) NonClass: 14247K(14400K)->14247K(14400K) Class: 2331K(2496K)->2331K(2496K)
[341.494s][info][gc             ] GC(1557) Pause Young (Allocation Failure) 120M->6M(910M) 0.513ms
[341.494s][info][gc,cpu         ] GC(1557) User=0.00s Sys=0.00s Real=0.00s
[341.516s][info][gc,start       ] GC(1558) Pause Young (Allocation Failure)
[341.517s][info][gc,heap        ] GC(1558) PSYoungGen: 117024K(232960K)->192K(233984K) Eden: 116736K(116736K)->0K(117760K) From: 288K(116224K)->192K(116224K)
[341.517s][info][gc,heap        ] GC(1558) ParOldGen: 6027K(699392K)->6075K(699392K)
[341.517s][info][gc,metaspace   ] GC(1558) Metaspace: 16578K(16896K)->16578K(16896K) NonClass: 14247K(14400K)->14247K(14400K) Class: 2331K(2496K)->2331K(2496K)
[341.517s][info][gc             ] GC(1558) Pause Young (Allocation Failure) 120M->6M(911M) 0.566ms
[341.517s][info][gc,cpu         ] GC(1558) User=0.00s Sys=0.00s Real=0.00s
[341.538s][info][gc,start       ] GC(1559) Pause Young (Allocation Failure)
[341.539s][info][gc,heap        ] GC(1559) PSYoungGen: 117952K(233984K)->224K(232960K) Eden: 117760K(117760K)->0K(117760K) From: 192K(116224K)->224K(115200K)
[341.539s][info][gc,heap        ] GC(1559) ParOldGen: 6075K(699392K)->6075K(699392K)
[341.539s][info][gc,metaspace   ] GC(1559) Metaspace: 16578K(16896K)->16578K(16896K) NonClass: 14247K(14400K)->14247K(14400K) Class: 2331K(2496K)->2331K(2496K)
[341.539s][info][gc             ] GC(1559) Pause Young (Allocation Failure) 121M->6M(910M) 0.481ms
[341.539s][info][gc,cpu         ] GC(1559) User=0.00s Sys=0.00s Real=0.00s
[341.561s][info][gc,start       ] GC(1560) Pause Young (Allocation Failure)
[341.561s][info][gc,heap        ] GC(1560) PSYoungGen: 117984K(232960K)->320K(248320K) Eden: 117760K(117760K)->0K(140288K) From: 224K(115200K)->320K(108032K)
[341.561s][info][gc,heap        ] GC(1560) ParOldGen: 6075K(699392K)->6075K(699392K)
[341.561s][info][gc,metaspace   ] GC(1560) Metaspace: 16578K(16896K)->16578K(16896K) NonClass: 14247K(14400K)->14247K(14400K) Class: 2331K(2496K)->2331K(2496K)
[341.561s][info][gc             ] GC(1560) Pause Young (Allocation Failure) 121M->6M(925M) 0.533ms
[341.561s][info][gc,cpu         ] GC(1560) User=0.00s Sys=0.00s Real=0.00s
[341.587s][info][gc,start       ] GC(1561) Pause Young (Allocation Failure)
[341.588s][info][gc,heap        ] GC(1561) PSYoungGen: 140608K(248320K)->320K(241152K) Eden: 140288K(140288K)->0K(140288K) From: 320K(108032K)->320K(100864K)
[341.588s][info][gc,heap        ] GC(1561) ParOldGen: 6075K(699392K)->6075K(699392K)
[341.588s][info][gc,metaspace   ] GC(1561) Metaspace: 16578K(16896K)->16578K(16896K) NonClass: 14247K(14400K)->14247K(14400K) Class: 2331K(2496K)->2331K(2496K)
[341.588s][info][gc             ] GC(1561) Pause Young (Allocation Failure) 143M->6M(918M) 0.486ms
[341.588s][info][gc,cpu         ] GC(1561) User=0.00s Sys=0.00s Real=0.00s
[341.613s][info][gc,start       ] GC(1562) Pause Young (Allocation Failure)
[341.616s][info][gc,heap        ] GC(1562) PSYoungGen: 140608K(241152K)->288K(261120K) Eden: 140288K(140288K)->0K(166912K) From: 320K(100864K)->288K(94208K)
[341.616s][info][gc,heap        ] GC(1562) ParOldGen: 6075K(699392K)->6075K(699392K)
[341.616s][info][gc,metaspace   ] GC(1562) Metaspace: 16578K(16896K)->16578K(16896K) NonClass: 14247K(14400K)->14247K(14400K) Class: 2331K(2496K)->2331K(2496K)
[341.616s][info][gc             ] GC(1562) Pause Young (Allocation Failure) 143M->6M(938M) 2.937ms
[341.616s][info][gc,cpu         ] GC(1562) User=0.00s Sys=0.00s Real=0.00s
[341.647s][info][gc,start       ] GC(1563) Pause Young (Allocation Failure)
[341.647s][info][gc,heap        ] GC(1563) PSYoungGen: 167200K(261120K)->352K(254976K) Eden: 166912K(166912K)->0K(166912K) From: 288K(94208K)->352K(88064K)
[341.647s][info][gc,heap        ] GC(1563) ParOldGen: 6075K(699392K)->6075K(699392K)
[341.647s][info][gc,metaspace   ] GC(1563) Metaspace: 16578K(16896K)->16578K(16896K) NonClass: 14247K(14400K)->14247K(14400K) Class: 2331K(2496K)->2331K(2496K)
[341.647s][info][gc             ] GC(1563) Pause Young (Allocation Failure) 169M->6M(932M) 0.533ms
[341.647s][info][gc,cpu         ] GC(1563) User=0.00s Sys=0.00s Real=0.00s
[341.679s][info][gc,start       ] GC(1564) Pause Young (Allocation Failure)
[341.679s][info][gc,heap        ] GC(1564) PSYoungGen: 167264K(254976K)->384K(272896K) Eden: 166912K(166912K)->0K(190976K) From: 352K(88064K)->384K(81920K)
[341.679s][info][gc,heap        ] GC(1564) ParOldGen: 6075K(699392K)->6075K(699392K)
[341.679s][info][gc,metaspace   ] GC(1564) Metaspace: 16578K(16896K)->16578K(16896K) NonClass: 14247K(14400K)->14247K(14400K) Class: 2331K(2496K)->2331K(2496K)
[341.679s][info][gc             ] GC(1564) Pause Young (Allocation Failure) 169M->6M(949M) 0.476ms
[341.679s][info][gc,cpu         ] GC(1564) User=0.00s Sys=0.00s Real=0.00s
[341.714s][info][gc,start       ] GC(1565) Pause Young (Allocation Failure)
[341.714s][info][gc,heap        ] GC(1565) PSYoungGen: 191360K(272896K)->352K(267264K) Eden: 190976K(190976K)->0K(190976K) From: 384K(81920K)->352K(76288K)
[341.714s][info][gc,heap        ] GC(1565) ParOldGen: 6075K(699392K)->6075K(699392K)
[341.714s][info][gc,metaspace   ] GC(1565) Metaspace: 16578K(16896K)->16578K(16896K) NonClass: 14247K(14400K)->14247K(14400K) Class: 2331K(2496K)->2331K(2496K)
[341.714s][info][gc             ] GC(1565) Pause Young (Allocation Failure) 192M->6M(944M) 0.533ms
[341.714s][info][gc,cpu         ] GC(1565) User=0.00s Sys=0.00s Real=0.00s
[341.750s][info][gc,start       ] GC(1566) Pause Young (Allocation Failure)
[341.751s][info][gc,heap        ] GC(1566) PSYoungGen: 191328K(267264K)->384K(283648K) Eden: 190976K(190976K)->0K(212992K) From: 352K(76288K)->384K(70656K)
[341.751s][info][gc,heap        ] GC(1566) ParOldGen: 6075K(699392K)->6075K(699392K)
[341.751s][info][gc,metaspace   ] GC(1566) Metaspace: 16578K(16896K)->16578K(16896K) NonClass: 14247K(14400K)->14247K(14400K) Class: 2331K(2496K)->2331K(2496K)
[341.751s][info][gc             ] GC(1566) Pause Young (Allocation Failure) 192M->6M(960M) 0.553ms
[341.751s][info][gc,cpu         ] GC(1566) User=0.00s Sys=0.00s Real=0.00s
[341.790s][info][gc,start       ] GC(1567) Pause Young (Allocation Failure)
[341.791s][info][gc,heap        ] GC(1567) PSYoungGen: 213376K(283648K)->384K(278528K) Eden: 212992K(212992K)->0K(212992K) From: 384K(70656K)->384K(65536K)
[341.791s][info][gc,heap        ] GC(1567) ParOldGen: 6075K(699392K)->6075K(699392K)
[341.791s][info][gc,metaspace   ] GC(1567) Metaspace: 16578K(16896K)->16578K(16896K) NonClass: 14247K(14400K)->14247K(14400K) Class: 2331K(2496K)->2331K(2496K)
[341.791s][info][gc             ] GC(1567) Pause Young (Allocation Failure) 214M->6M(955M) 0.495ms
[341.791s][info][gc,cpu         ] GC(1567) User=0.00s Sys=0.00s Real=0.00s
[341.847s][info][gc,start       ] GC(1568) Pause Young (Allocation Failure)
[341.865s][info][gc,heap        ] GC(1568) PSYoungGen: 213376K(278528K)->42098K(272896K) Eden: 212992K(212992K)->0K(211968K) From: 384K(65536K)->42098K(60928K)
[341.865s][info][gc,heap        ] GC(1568) ParOldGen: 6075K(699392K)->6075K(699392K)
[341.865s][info][gc,metaspace   ] GC(1568) Metaspace: 16578K(16896K)->16578K(16896K) NonClass: 14247K(14400K)->14247K(14400K) Class: 2331K(2496K)->2331K(2496K)
[341.865s][info][gc             ] GC(1568) Pause Young (Allocation Failure) 214M->47M(949M) 18.221ms
[341.865s][info][gc,cpu         ] GC(1568) User=0.03s Sys=0.00s Real=0.03s
[341.998s][info][gc,start       ] GC(1569) Pause Young (Allocation Failure)
[342.103s][info][gc,heap        ] GC(1569) PSYoungGen: 254066K(272896K)->68579K(280576K) Eden: 211968K(211968K)->0K(211968K) From: 42098K(60928K)->68579K(68608K)
[342.103s][info][gc,heap        ] GC(1569) ParOldGen: 6075K(699392K)->121675K(699392K)
[342.103s][info][gc,metaspace   ] GC(1569) Metaspace: 16578K(16896K)->16578K(16896K) NonClass: 14247K(14400K)->14247K(14400K) Class: 2331K(2496K)->2331K(2496K)
[342.103s][info][gc             ] GC(1569) Pause Young (Allocation Failure) 254M->185M(957M) 105.163ms
[342.103s][info][gc,cpu         ] GC(1569) User=0.67s Sys=0.00s Real=0.11s
[342.261s][info][gc,start       ] GC(1570) Pause Young (Allocation Failure)
[342.394s][info][gc,heap        ] GC(1570) PSYoungGen: 280547K(280576K)->68579K(185344K) Eden: 211968K(211968K)->0K(116736K) From: 68579K(68608K)->68579K(68608K)
[342.394s][info][gc,heap        ] GC(1570) ParOldGen: 121675K(699392K)->267555K(699392K)
[342.394s][info][gc,metaspace   ] GC(1570) Metaspace: 16578K(16896K)->16578K(16896K) NonClass: 14247K(14400K)->14247K(14400K) Class: 2331K(2496K)->2331K(2496K)
[342.394s][info][gc             ] GC(1570) Pause Young (Allocation Failure) 392M->328M(864M) 132.969ms
[342.394s][info][gc,cpu         ] GC(1570) User=0.75s Sys=0.00s Real=0.13s
[342.492s][info][gc,start       ] GC(1571) Pause Young (Allocation Failure)
[342.578s][info][gc,heap        ] GC(1571) PSYoungGen: 185315K(185344K)->116195K(232960K) Eden: 116736K(116736K)->0K(116736K) From: 68579K(68608K)->116195K(116224K)
[342.578s][info][gc,heap        ] GC(1571) ParOldGen: 267555K(699392K)->300155K(699392K)
[342.578s][info][gc,metaspace   ] GC(1571) Metaspace: 16578K(16896K)->16578K(16896K) NonClass: 14247K(14400K)->14247K(14400K) Class: 2331K(2496K)->2331K(2496K)
[342.578s][info][gc             ] GC(1571) Pause Young (Allocation Failure) 442M->406M(910M) 85.731ms
[342.578s][info][gc,cpu         ] GC(1571) User=0.47s Sys=0.00s Real=0.08s
[342.773s][info][gc,start       ] GC(1572) Pause Young (Allocation Failure)
[342.871s][info][gc,heap        ] GC(1572) PSYoungGen: 232931K(232960K)->116195K(232960K) Eden: 116736K(116736K)->0K(116736K) From: 116195K(116224K)->116195K(116224K)
[342.871s][info][gc,heap        ] GC(1572) ParOldGen: 300155K(699392K)->331652K(699392K)
[342.871s][info][gc,metaspace   ] GC(1572) Metaspace: 16578K(16896K)->16578K(16896K) NonClass: 14247K(14400K)->14247K(14400K) Class: 2331K(2496K)->2331K(2496K)
[342.871s][info][gc             ] GC(1572) Pause Young (Allocation Failure) 520M->437M(910M) 98.136ms
[342.871s][info][gc,cpu         ] GC(1572) User=0.50s Sys=0.00s Real=0.10s
[345.678s][info][gc,start       ] GC(1573) Pause Young (Allocation Failure)
[345.774s][info][gc,heap        ] GC(1573) PSYoungGen: 232931K(232960K)->116195K(232960K) Eden: 116736K(116736K)->0K(116736K) From: 116195K(116224K)->116195K(116224K)
[345.778s][info][gc,heap        ] GC(1573) ParOldGen: 331652K(699392K)->370372K(699392K)
[345.778s][info][gc,metaspace   ] GC(1573) Metaspace: 16579K(16896K)->16579K(16896K) NonClass: 14248K(14400K)->14248K(14400K) Class: 2331K(2496K)->2331K(2496K)
[345.778s][info][gc             ] GC(1573) Pause Young (Allocation Failure) 551M->475M(910M) 99.912ms
[345.778s][info][gc,cpu         ] GC(1573) User=0.56s Sys=0.00s Real=0.11s
[345.833s][info][gc,start       ] GC(1574) Pause Young (Allocation Failure)
[345.934s][info][gc,heap        ] GC(1574) PSYoungGen: 232931K(232960K)->116224K(232960K) Eden: 116736K(116736K)->0K(116736K) From: 116195K(116224K)->116224K(116224K)
[345.934s][info][gc,heap        ] GC(1574) ParOldGen: 370372K(699392K)->420895K(699392K)
[345.934s][info][gc,metaspace   ] GC(1574) Metaspace: 16579K(16896K)->16579K(16896K) NonClass: 14248K(14400K)->14248K(14400K) Class: 2331K(2496K)->2331K(2496K)
[345.934s][info][gc             ] GC(1574) Pause Young (Allocation Failure) 589M->524M(910M) 101.292ms
[345.934s][info][gc,cpu         ] GC(1574) User=0.66s Sys=0.00s Real=0.11s
[345.992s][info][gc,start       ] GC(1575) Pause Young (Allocation Failure)
[346.074s][info][gc,heap        ] GC(1575) PSYoungGen: 232960K(232960K)->116224K(232960K) Eden: 116736K(116736K)->0K(116736K) From: 116224K(116224K)->116224K(116224K)
[346.074s][info][gc,heap        ] GC(1575) ParOldGen: 420895K(699392K)->470975K(699392K)
[346.074s][info][gc,metaspace   ] GC(1575) Metaspace: 16579K(16896K)->16579K(16896K) NonClass: 14248K(14400K)->14248K(14400K) Class: 2331K(2496K)->2331K(2496K)
[346.074s][info][gc             ] GC(1575) Pause Young (Allocation Failure) 638M->573M(910M) 81.595ms
[346.074s][info][gc,cpu         ] GC(1575) User=0.50s Sys=0.00s Real=0.09s
[346.130s][info][gc,start       ] GC(1576) Pause Young (Allocation Failure)
[346.211s][info][gc,heap        ] GC(1576) PSYoungGen: 232960K(232960K)->116224K(232960K) Eden: 116736K(116736K)->0K(116736K) From: 116224K(116224K)->116224K(116224K)
[346.211s][info][gc,heap        ] GC(1576) ParOldGen: 470975K(699392K)->519807K(699392K)
[346.211s][info][gc,metaspace   ] GC(1576) Metaspace: 16579K(16896K)->16579K(16896K) NonClass: 14248K(14400K)->14248K(14400K) Class: 2331K(2496K)->2331K(2496K)
[346.211s][info][gc             ] GC(1576) Pause Young (Allocation Failure) 687M->621M(910M) 80.981ms
[346.211s][info][gc,cpu         ] GC(1576) User=0.47s Sys=0.00s Real=0.08s
[346.269s][info][gc,start       ] GC(1577) Pause Young (Allocation Failure)
[346.345s][info][gc,heap        ] GC(1577) PSYoungGen: 232960K(232960K)->90240K(232960K) Eden: 116736K(116736K)->0K(116736K) From: 116224K(116224K)->90240K(116224K)
[346.345s][info][gc,heap        ] GC(1577) ParOldGen: 519807K(699392K)->595703K(699392K)
[346.345s][info][gc,metaspace   ] GC(1577) Metaspace: 16579K(16896K)->16579K(16896K) NonClass: 14248K(14400K)->14248K(14400K) Class: 2331K(2496K)->2331K(2496K)
[346.345s][info][gc             ] GC(1577) Pause Young (Allocation Failure) 735M->669M(910M) 75.553ms
[346.345s][info][gc,cpu         ] GC(1577) User=0.45s Sys=0.00s Real=0.08s
[346.403s][info][gc,start       ] GC(1578) Pause Full (Ergonomics)
[346.403s][info][gc,phases,start] GC(1578) Marking Phase
[346.489s][info][gc,phases      ] GC(1578) Marking Phase 85.992ms
[346.489s][info][gc,phases,start] GC(1578) Summary Phase
[346.489s][info][gc,phases      ] GC(1578) Summary Phase 0.024ms
[346.489s][info][gc,phases,start] GC(1578) Adjust Roots
[346.491s][info][gc,phases      ] GC(1578) Adjust Roots 1.911ms
[346.491s][info][gc,phases,start] GC(1578) Compaction Phase
[346.689s][info][gc,phases      ] GC(1578) Compaction Phase 197.944ms
[346.689s][info][gc,phases,start] GC(1578) Post Compact
[346.691s][info][gc,phases      ] GC(1578) Post Compact 1.808ms
[346.691s][info][gc,heap        ] GC(1578) PSYoungGen: 206976K(232960K)->0K(232960K) Eden: 116736K(116736K)->0K(116736K) From: 90240K(116224K)->0K(116224K)
[346.691s][info][gc,heap        ] GC(1578) ParOldGen: 595703K(699392K)->288937K(699392K)
[346.691s][info][gc,metaspace   ] GC(1578) Metaspace: 16579K(16896K)->16579K(16896K) NonClass: 14248K(14400K)->14248K(14400K) Class: 2331K(2496K)->2331K(2496K)
[346.691s][info][gc             ] GC(1578) Pause Full (Ergonomics) 783M->282M(910M) 288.011ms
[346.691s][info][gc,cpu         ] GC(1578) User=1.61s Sys=0.00s Real=0.28s
[346.751s][info][gc,start       ] GC(1579) Pause Young (Allocation Failure)
[346.775s][info][gc,heap        ] GC(1579) PSYoungGen: 116736K(232960K)->50912K(232960K) Eden: 116736K(116736K)->0K(116736K) From: 0K(116224K)->50912K(116224K)
[346.775s][info][gc,heap        ] GC(1579) ParOldGen: 288937K(699392K)->288937K(699392K)
[346.775s][info][gc,metaspace   ] GC(1579) Metaspace: 16579K(16896K)->16579K(16896K) NonClass: 14248K(14400K)->14248K(14400K) Class: 2331K(2496K)->2331K(2496K)
[346.775s][info][gc             ] GC(1579) Pause Young (Allocation Failure) 396M->331M(910M) 24.352ms
[346.775s][info][gc,cpu         ] GC(1579) User=0.06s Sys=0.00s Real=0.02s
[346.835s][info][gc,start       ] GC(1580) Pause Young (Allocation Failure)
[346.879s][info][gc,heap        ] GC(1580) PSYoungGen: 167648K(232960K)->51040K(232960K) Eden: 116736K(116736K)->0K(116736K) From: 50912K(116224K)->51040K(116224K)
[346.879s][info][gc,heap        ] GC(1580) ParOldGen: 288937K(699392K)->336977K(699392K)
[346.879s][info][gc,metaspace   ] GC(1580) Metaspace: 16579K(16896K)->16579K(16896K) NonClass: 14248K(14400K)->14248K(14400K) Class: 2331K(2496K)->2331K(2496K)
[346.879s][info][gc             ] GC(1580) Pause Young (Allocation Failure) 445M->378M(910M) 44.286ms
[346.879s][info][gc,cpu         ] GC(1580) User=0.20s Sys=0.00s Real=0.05s
[346.962s][info][gc,start       ] GC(1581) Pause Young (Allocation Failure)
[347.019s][info][gc,heap        ] GC(1581) PSYoungGen: 167776K(232960K)->70634K(232960K) Eden: 116736K(116736K)->0K(116736K) From: 51040K(116224K)->70634K(116224K)
[347.019s][info][gc,heap        ] GC(1581) ParOldGen: 336977K(699392K)->385041K(699392K)
[347.019s][info][gc,metaspace   ] GC(1581) Metaspace: 16579K(16896K)->16579K(16896K) NonClass: 14248K(14400K)->14248K(14400K) Class: 2331K(2496K)->2331K(2496K)
[347.020s][info][gc             ] GC(1581) Pause Young (Allocation Failure) 492M->444M(910M) 57.148ms
[347.020s][info][gc,cpu         ] GC(1581) User=0.30s Sys=0.00s Real=0.06s
[347.283s][info][gc,start       ] GC(1582) Pause Young (Allocation Failure)
[347.377s][info][gc,heap        ] GC(1582) PSYoungGen: 187370K(232960K)->37248K(232960K) Eden: 116736K(116736K)->0K(116736K) From: 70634K(116224K)->37248K(116224K)
[347.377s][info][gc,heap        ] GC(1582) ParOldGen: 385041K(699392K)->448963K(699392K)
[347.377s][info][gc,metaspace   ] GC(1582) Metaspace: 16579K(16896K)->16579K(16896K) NonClass: 14248K(14400K)->14248K(14400K) Class: 2331K(2496K)->2331K(2496K)
[347.377s][info][gc             ] GC(1582) Pause Young (Allocation Failure) 558M->474M(910M) 93.902ms
[347.377s][info][gc,cpu         ] GC(1582) User=0.38s Sys=0.00s Real=0.09s
[347.520s][info][gc,start       ] GC(1583) Pause Young (Allocation Failure)
[347.569s][info][gc,heap        ] GC(1583) PSYoungGen: 153984K(232960K)->3840K(232960K) Eden: 116736K(116736K)->0K(116736K) From: 37248K(116224K)->3840K(116224K)
[347.569s][info][gc,heap        ] GC(1583) ParOldGen: 448963K(699392K)->478139K(699392K)
[347.569s][info][gc,metaspace   ] GC(1583) Metaspace: 16579K(16896K)->16579K(16896K) NonClass: 14248K(14400K)->14248K(14400K) Class: 2331K(2496K)->2331K(2496K)
[347.569s][info][gc             ] GC(1583) Pause Young (Allocation Failure) 588M->470M(910M) 48.573ms
[347.569s][info][gc,cpu         ] GC(1583) User=0.23s Sys=0.00s Real=0.05s
[347.708s][info][gc,start       ] GC(1584) Pause Young (Allocation Failure)
[347.710s][info][gc,heap        ] GC(1584) PSYoungGen: 120576K(232960K)->3104K(232960K) Eden: 116736K(116736K)->0K(116736K) From: 3840K(116224K)->3104K(116224K)
[347.710s][info][gc,heap        ] GC(1584) ParOldGen: 478139K(699392K)->478467K(699392K)
[347.710s][info][gc,metaspace   ] GC(1584) Metaspace: 16579K(16896K)->16579K(16896K) NonClass: 14248K(14400K)->14248K(14400K) Class: 2331K(2496K)->2331K(2496K)
[347.710s][info][gc             ] GC(1584) Pause Young (Allocation Failure) 584M->470M(910M) 2.914ms
[347.710s][info][gc,cpu         ] GC(1584) User=0.00s Sys=0.00s Real=0.00s
[347.837s][info][gc,start       ] GC(1585) Pause Young (Allocation Failure)
[347.840s][info][gc,heap        ] GC(1585) PSYoungGen: 119840K(232960K)->2336K(232960K) Eden: 116736K(116736K)->0K(116736K) From: 3104K(116224K)->2336K(116224K)
[347.840s][info][gc,heap        ] GC(1585) ParOldGen: 478467K(699392K)->478587K(699392K)
[347.840s][info][gc,metaspace   ] GC(1585) Metaspace: 16579K(16896K)->16579K(16896K) NonClass: 14248K(14400K)->14248K(14400K) Class: 2331K(2496K)->2331K(2496K)
[347.840s][info][gc             ] GC(1585) Pause Young (Allocation Failure) 584M->469M(910M) 2.670ms
[347.840s][info][gc,cpu         ] GC(1585) User=0.00s Sys=0.00s Real=0.00s
[347.974s][info][gc,start       ] GC(1586) Pause Young (Allocation Failure)
[347.975s][info][gc,heap        ] GC(1586) PSYoungGen: 119072K(232960K)->64K(232960K) Eden: 116736K(116736K)->0K(116736K) From: 2336K(116224K)->64K(116224K)
[347.975s][info][gc,heap        ] GC(1586) ParOldGen: 478587K(699392K)->478587K(699392K)
[347.975s][info][gc,metaspace   ] GC(1586) Metaspace: 16579K(16896K)->16579K(16896K) NonClass: 14248K(14400K)->14248K(14400K) Class: 2331K(2496K)->2331K(2496K)
[347.975s][info][gc             ] GC(1586) Pause Young (Allocation Failure) 583M->467M(910M) 1.053ms
[347.975s][info][gc,cpu         ] GC(1586) User=0.00s Sys=0.00s Real=0.00s
[348.657s][info][gc,start       ] GC(1587) Pause Young (System.gc())
[348.658s][info][gc,heap        ] GC(1587) PSYoungGen: 86713K(232960K)->160K(232960K) Eden: 86649K(116736K)->0K(116736K) From: 64K(116224K)->160K(116224K)
[348.658s][info][gc,heap        ] GC(1587) ParOldGen: 478587K(699392K)->478611K(699392K)
[348.658s][info][gc,metaspace   ] GC(1587) Metaspace: 16580K(16896K)->16580K(16896K) NonClass: 14249K(14400K)->14249K(14400K) Class: 2331K(2496K)->2331K(2496K)
[348.658s][info][gc             ] GC(1587) Pause Young (System.gc()) 552M->467M(910M) 0.674ms
[348.658s][info][gc,cpu         ] GC(1587) User=0.00s Sys=0.00s Real=0.00s
[348.658s][info][gc,start       ] GC(1588) Pause Full (System.gc())
[348.658s][info][gc,phases,start] GC(1588) Marking Phase
[348.662s][info][gc,phases      ] GC(1588) Marking Phase 4.637ms
[348.662s][info][gc,phases,start] GC(1588) Summary Phase
[348.663s][info][gc,phases      ] GC(1588) Summary Phase 0.011ms
[348.663s][info][gc,phases,start] GC(1588) Adjust Roots
[348.665s][info][gc,phases      ] GC(1588) Adjust Roots 2.797ms
[348.665s][info][gc,phases,start] GC(1588) Compaction Phase
[348.667s][info][gc,phases      ] GC(1588) Compaction Phase 1.520ms
[348.667s][info][gc,phases,start] GC(1588) Post Compact
[348.669s][info][gc,phases      ] GC(1588) Post Compact 1.827ms
[348.669s][info][gc,heap        ] GC(1588) PSYoungGen: 160K(232960K)->0K(232960K) Eden: 0K(116736K)->0K(116736K) From: 160K(116224K)->0K(116224K)
[348.669s][info][gc,heap        ] GC(1588) ParOldGen: 478611K(699392K)->5548K(699392K)
[348.669s][info][gc,metaspace   ] GC(1588) Metaspace: 16580K(16896K)->16580K(16896K) NonClass: 14249K(14400K)->14249K(14400K) Class: 2331K(2496K)->2331K(2496K)
[348.669s][info][gc             ] GC(1588) Pause Full (System.gc()) 467M->5M(910M) 11.031ms
[348.669s][info][gc,cpu         ] GC(1588) User=0.00s Sys=0.00s Real=0.02s
[350.065s][info][gc,start       ] GC(1589) Pause Young (Allocation Failure)
[350.065s][info][gc,heap        ] GC(1589) PSYoungGen: 116736K(232960K)->384K(232960K) Eden: 116736K(116736K)->0K(116736K) From: 0K(116224K)->384K(116224K)
[350.066s][info][gc,heap        ] GC(1589) ParOldGen: 5548K(699392K)->5548K(699392K)
[350.066s][info][gc,metaspace   ] GC(1589) Metaspace: 16583K(16896K)->16583K(16896K) NonClass: 14251K(14400K)->14251K(14400K) Class: 2331K(2496K)->2331K(2496K)
[350.066s][info][gc             ] GC(1589) Pause Young (Allocation Failure) 119M->5M(910M) 0.557ms
[350.066s][info][gc,cpu         ] GC(1589) User=0.00s Sys=0.00s Real=0.00s
[350.087s][info][gc,start       ] GC(1590) Pause Young (Allocation Failure)
[350.088s][info][gc,heap        ] GC(1590) PSYoungGen: 117120K(232960K)->256K(232960K) Eden: 116736K(116736K)->0K(116736K) From: 384K(116224K)->256K(116224K)
[350.088s][info][gc,heap        ] GC(1590) ParOldGen: 5548K(699392K)->5652K(699392K)
[350.088s][info][gc,metaspace   ] GC(1590) Metaspace: 16583K(16896K)->16583K(16896K) NonClass: 14251K(14400K)->14251K(14400K) Class: 2331K(2496K)->2331K(2496K)
[350.088s][info][gc             ] GC(1590) Pause Young (Allocation Failure) 119M->5M(910M) 0.594ms
[350.088s][info][gc,cpu         ] GC(1590) User=0.00s Sys=0.00s Real=0.00s
[350.110s][info][gc,start       ] GC(1591) Pause Young (Allocation Failure)
[350.110s][info][gc,heap        ] GC(1591) PSYoungGen: 116992K(232960K)->256K(232960K) Eden: 116736K(116736K)->0K(116736K) From: 256K(116224K)->256K(116224K)
[350.110s][info][gc,heap        ] GC(1591) ParOldGen: 5652K(699392K)->5700K(699392K)
[350.110s][info][gc,metaspace   ] GC(1591) Metaspace: 16583K(16896K)->16583K(16896K) NonClass: 14251K(14400K)->14251K(14400K) Class: 2331K(2496K)->2331K(2496K)
[350.110s][info][gc             ] GC(1591) Pause Young (Allocation Failure) 119M->5M(910M) 0.519ms
[350.110s][info][gc,cpu         ] GC(1591) User=0.00s Sys=0.00s Real=0.00s
[350.131s][info][gc,start       ] GC(1592) Pause Young (Allocation Failure)
[350.132s][info][gc,heap        ] GC(1592) PSYoungGen: 116992K(232960K)->320K(232960K) Eden: 116736K(116736K)->0K(116736K) From: 256K(116224K)->320K(116224K)
[350.132s][info][gc,heap        ] GC(1592) ParOldGen: 5700K(699392K)->5740K(699392K)
[350.132s][info][gc,metaspace   ] GC(1592) Metaspace: 16583K(16896K)->16583K(16896K) NonClass: 14251K(14400K)->14251K(14400K) Class: 2331K(2496K)->2331K(2496K)
[350.132s][info][gc             ] GC(1592) Pause Young (Allocation Failure) 119M->5M(910M) 0.514ms
[350.132s][info][gc,cpu         ] GC(1592) User=0.00s Sys=0.00s Real=0.00s
[350.153s][info][gc,start       ] GC(1593) Pause Young (Allocation Failure)
[350.153s][info][gc,heap        ] GC(1593) PSYoungGen: 117056K(232960K)->256K(232960K) Eden: 116736K(116736K)->0K(116736K) From: 320K(116224K)->256K(116224K)
[350.153s][info][gc,heap        ] GC(1593) ParOldGen: 5740K(699392K)->5788K(699392K)
[350.153s][info][gc,metaspace   ] GC(1593) Metaspace: 16583K(16896K)->16583K(16896K) NonClass: 14251K(14400K)->14251K(14400K) Class: 2331K(2496K)->2331K(2496K)
[350.153s][info][gc             ] GC(1593) Pause Young (Allocation Failure) 119M->5M(910M) 0.524ms
[350.153s][info][gc,cpu         ] GC(1593) User=0.00s Sys=0.00s Real=0.00s
[350.175s][info][gc,start       ] GC(1594) Pause Young (Allocation Failure)
[350.175s][info][gc,heap        ] GC(1594) PSYoungGen: 116992K(232960K)->352K(232960K) Eden: 116736K(116736K)->0K(116736K) From: 256K(116224K)->352K(116224K)
[350.175s][info][gc,heap        ] GC(1594) ParOldGen: 5788K(699392K)->5828K(699392K)
[350.175s][info][gc,metaspace   ] GC(1594) Metaspace: 16583K(16896K)->16583K(16896K) NonClass: 14251K(14400K)->14251K(14400K) Class: 2331K(2496K)->2331K(2496K)
[350.175s][info][gc             ] GC(1594) Pause Young (Allocation Failure) 119M->6M(910M) 0.469ms
[350.175s][info][gc,cpu         ] GC(1594) User=0.00s Sys=0.00s Real=0.00s
[350.196s][info][gc,start       ] GC(1595) Pause Young (Allocation Failure)
[350.197s][info][gc,heap        ] GC(1595) PSYoungGen: 117088K(232960K)->256K(232960K) Eden: 116736K(116736K)->0K(116736K) From: 352K(116224K)->256K(116224K)
[350.197s][info][gc,heap        ] GC(1595) ParOldGen: 5828K(699392K)->5900K(699392K)
[350.197s][info][gc,metaspace   ] GC(1595) Metaspace: 16583K(16896K)->16583K(16896K) NonClass: 14251K(14400K)->14251K(14400K) Class: 2331K(2496K)->2331K(2496K)
[350.197s][info][gc             ] GC(1595) Pause Young (Allocation Failure) 120M->6M(910M) 0.581ms
[350.197s][info][gc,cpu         ] GC(1595) User=0.00s Sys=0.00s Real=0.00s
[350.219s][info][gc,start       ] GC(1596) Pause Young (Allocation Failure)
[350.219s][info][gc,heap        ] GC(1596) PSYoungGen: 116992K(232960K)->192K(232960K) Eden: 116736K(116736K)->0K(116736K) From: 256K(116224K)->192K(116224K)
[350.220s][info][gc,heap        ] GC(1596) ParOldGen: 5900K(699392K)->5948K(699392K)
[350.220s][info][gc,metaspace   ] GC(1596) Metaspace: 16583K(16896K)->16583K(16896K) NonClass: 14251K(14400K)->14251K(14400K) Class: 2331K(2496K)->2331K(2496K)
[350.220s][info][gc             ] GC(1596) Pause Young (Allocation Failure) 120M->5M(910M) 0.458ms
[350.220s][info][gc,cpu         ] GC(1596) User=0.00s Sys=0.00s Real=0.00s
[350.241s][info][gc,start       ] GC(1597) Pause Young (Allocation Failure)
[350.242s][info][gc,heap        ] GC(1597) PSYoungGen: 116928K(232960K)->352K(232960K) Eden: 116736K(116736K)->0K(116736K) From: 192K(116224K)->352K(116224K)
[350.242s][info][gc,heap        ] GC(1597) ParOldGen: 5948K(699392K)->5996K(699392K)
[350.242s][info][gc,metaspace   ] GC(1597) Metaspace: 16583K(16896K)->16583K(16896K) NonClass: 14251K(14400K)->14251K(14400K) Class: 2331K(2496K)->2331K(2496K)
[350.242s][info][gc             ] GC(1597) Pause Young (Allocation Failure) 119M->6M(910M) 0.527ms
[350.242s][info][gc,cpu         ] GC(1597) User=0.00s Sys=0.00s Real=0.00s
[350.263s][info][gc,start       ] GC(1598) Pause Young (Allocation Failure)
[350.263s][info][gc,heap        ] GC(1598) PSYoungGen: 117088K(232960K)->320K(232960K) Eden: 116736K(116736K)->0K(116736K) From: 352K(116224K)->320K(116224K)
[350.263s][info][gc,heap        ] GC(1598) ParOldGen: 5996K(699392K)->6052K(699392K)
[350.263s][info][gc,metaspace   ] GC(1598) Metaspace: 16583K(16896K)->16583K(16896K) NonClass: 14251K(14400K)->14251K(14400K) Class: 2331K(2496K)->2331K(2496K)
[350.263s][info][gc             ] GC(1598) Pause Young (Allocation Failure) 120M->6M(910M) 0.547ms
[350.263s][info][gc,cpu         ] GC(1598) User=0.00s Sys=0.00s Real=0.00s
[350.284s][info][gc,start       ] GC(1599) Pause Young (Allocation Failure)
[350.285s][info][gc,heap        ] GC(1599) PSYoungGen: 117056K(232960K)->256K(232960K) Eden: 116736K(116736K)->0K(116736K) From: 320K(116224K)->256K(116224K)
[350.285s][info][gc,heap        ] GC(1599) ParOldGen: 6052K(699392K)->6108K(699392K)
[350.285s][info][gc,metaspace   ] GC(1599) Metaspace: 16583K(16896K)->16583K(16896K) NonClass: 14251K(14400K)->14251K(14400K) Class: 2331K(2496K)->2331K(2496K)
[350.285s][info][gc             ] GC(1599) Pause Young (Allocation Failure) 120M->6M(910M) 0.513ms
[350.285s][info][gc,cpu         ] GC(1599) User=0.00s Sys=0.00s Real=0.00s
[350.306s][info][gc,start       ] GC(1600) Pause Young (Allocation Failure)
[350.307s][info][gc,heap        ] GC(1600) PSYoungGen: 116992K(232960K)->224K(232960K) Eden: 116736K(116736K)->0K(116736K) From: 256K(116224K)->224K(116224K)
[350.307s][info][gc,heap        ] GC(1600) ParOldGen: 6108K(699392K)->6148K(699392K)
[350.307s][info][gc,metaspace   ] GC(1600) Metaspace: 16583K(16896K)->16583K(16896K) NonClass: 14251K(14400K)->14251K(14400K) Class: 2331K(2496K)->2331K(2496K)
[350.307s][info][gc             ] GC(1600) Pause Young (Allocation Failure) 120M->6M(910M) 0.530ms
[350.307s][info][gc,cpu         ] GC(1600) User=0.00s Sys=0.00s Real=0.00s
[350.328s][info][gc,start       ] GC(1601) Pause Young (Allocation Failure)
[350.329s][info][gc,heap        ] GC(1601) PSYoungGen: 116960K(232960K)->256K(247296K) Eden: 116736K(116736K)->0K(138240K) From: 224K(116224K)->256K(109056K)
[350.329s][info][gc,heap        ] GC(1601) ParOldGen: 6148K(699392K)->6148K(699392K)
[350.329s][info][gc,metaspace   ] GC(1601) Metaspace: 16583K(16896K)->16583K(16896K) NonClass: 14251K(14400K)->14251K(14400K) Class: 2331K(2496K)->2331K(2496K)
[350.329s][info][gc             ] GC(1601) Pause Young (Allocation Failure) 120M->6M(924M) 0.529ms
[350.329s][info][gc,cpu         ] GC(1601) User=0.00s Sys=0.00s Real=0.00s
[350.354s][info][gc,start       ] GC(1602) Pause Young (Allocation Failure)
[350.355s][info][gc,heap        ] GC(1602) PSYoungGen: 138496K(247296K)->320K(240128K) Eden: 138240K(138240K)->0K(138240K) From: 256K(109056K)->320K(101888K)
[350.355s][info][gc,heap        ] GC(1602) ParOldGen: 6148K(699392K)->6148K(699392K)
[350.355s][info][gc,metaspace   ] GC(1602) Metaspace: 16583K(16896K)->16583K(16896K) NonClass: 14251K(14400K)->14251K(14400K) Class: 2331K(2496K)->2331K(2496K)
[350.355s][info][gc             ] GC(1602) Pause Young (Allocation Failure) 141M->6M(917M) 0.512ms
[350.355s][info][gc,cpu         ] GC(1602) User=0.00s Sys=0.00s Real=0.00s
[350.380s][info][gc,start       ] GC(1603) Pause Young (Allocation Failure)
[350.381s][info][gc,heap        ] GC(1603) PSYoungGen: 138560K(240128K)->352K(260608K) Eden: 138240K(138240K)->0K(165376K) From: 320K(101888K)->352K(95232K)
[350.381s][info][gc,heap        ] GC(1603) ParOldGen: 6148K(699392K)->6148K(699392K)
[350.381s][info][gc,metaspace   ] GC(1603) Metaspace: 16583K(16896K)->16583K(16896K) NonClass: 14251K(14400K)->14251K(14400K) Class: 2331K(2496K)->2331K(2496K)
[350.381s][info][gc             ] GC(1603) Pause Young (Allocation Failure) 141M->6M(937M) 0.523ms
[350.381s][info][gc,cpu         ] GC(1603) User=0.00s Sys=0.00s Real=0.00s
[350.413s][info][gc,start       ] GC(1604) Pause Young (Allocation Failure)
[350.413s][info][gc,heap        ] GC(1604) PSYoungGen: 165728K(260608K)->288K(253952K) Eden: 165376K(165376K)->0K(165376K) From: 352K(95232K)->288K(88576K)
[350.413s][info][gc,heap        ] GC(1604) ParOldGen: 6148K(699392K)->6148K(699392K)
[350.413s][info][gc,metaspace   ] GC(1604) Metaspace: 16583K(16896K)->16583K(16896K) NonClass: 14251K(14400K)->14251K(14400K) Class: 2331K(2496K)->2331K(2496K)
[350.413s][info][gc             ] GC(1604) Pause Young (Allocation Failure) 167M->6M(931M) 0.852ms
[350.413s][info][gc,cpu         ] GC(1604) User=0.00s Sys=0.00s Real=0.00s
[350.448s][info][gc,start       ] GC(1605) Pause Young (Allocation Failure)
[350.448s][info][gc,heap        ] GC(1605) PSYoungGen: 165664K(253952K)->384K(272384K) Eden: 165376K(165376K)->0K(189440K) From: 288K(88576K)->384K(82944K)
[350.448s][info][gc,heap        ] GC(1605) ParOldGen: 6148K(699392K)->6148K(699392K)
[350.448s][info][gc,metaspace   ] GC(1605) Metaspace: 16583K(16896K)->16583K(16896K) NonClass: 14251K(14400K)->14251K(14400K) Class: 2331K(2496K)->2331K(2496K)
[350.448s][info][gc             ] GC(1605) Pause Young (Allocation Failure) 167M->6M(949M) 0.521ms
[350.448s][info][gc,cpu         ] GC(1605) User=0.00s Sys=0.00s Real=0.00s
[350.484s][info][gc,start       ] GC(1606) Pause Young (Allocation Failure)
[350.485s][info][gc,heap        ] GC(1606) PSYoungGen: 189824K(272384K)->352K(266240K) Eden: 189440K(189440K)->0K(189440K) From: 384K(82944K)->352K(76800K)
[350.485s][info][gc,heap        ] GC(1606) ParOldGen: 6148K(699392K)->6148K(699392K)
[350.485s][info][gc,metaspace   ] GC(1606) Metaspace: 16583K(16896K)->16583K(16896K) NonClass: 14251K(14400K)->14251K(14400K) Class: 2331K(2496K)->2331K(2496K)
[350.485s][info][gc             ] GC(1606) Pause Young (Allocation Failure) 191M->6M(943M) 0.632ms
[350.485s][info][gc,cpu         ] GC(1606) User=0.00s Sys=0.00s Real=0.00s
[350.519s][info][gc,start       ] GC(1607) Pause Young (Allocation Failure)
[350.520s][info][gc,heap        ] GC(1607) PSYoungGen: 189792K(266240K)->320K(282624K) Eden: 189440K(189440K)->0K(210944K) From: 352K(76800K)->320K(71680K)
[350.520s][info][gc,heap        ] GC(1607) ParOldGen: 6148K(699392K)->6148K(699392K)
[350.520s][info][gc,metaspace   ] GC(1607) Metaspace: 16583K(16896K)->16583K(16896K) NonClass: 14251K(14400K)->14251K(14400K) Class: 2331K(2496K)->2331K(2496K)
[350.520s][info][gc             ] GC(1607) Pause Young (Allocation Failure) 191M->6M(959M) 0.520ms
[350.520s][info][gc,cpu         ] GC(1607) User=0.00s Sys=0.00s Real=0.00s
[350.560s][info][gc,start       ] GC(1608) Pause Young (Allocation Failure)
[350.561s][info][gc,heap        ] GC(1608) PSYoungGen: 211264K(282624K)->320K(277504K) Eden: 210944K(210944K)->0K(210944K) From: 320K(71680K)->320K(66560K)
[350.561s][info][gc,heap        ] GC(1608) ParOldGen: 6148K(699392K)->6148K(699392K)
[350.561s][info][gc,metaspace   ] GC(1608) Metaspace: 16583K(16896K)->16583K(16896K) NonClass: 14251K(14400K)->14251K(14400K) Class: 2331K(2496K)->2331K(2496K)
[350.561s][info][gc             ] GC(1608) Pause Young (Allocation Failure) 212M->6M(954M) 0.568ms
[350.561s][info][gc,cpu         ] GC(1608) User=0.00s Sys=0.00s Real=0.00s
[350.612s][info][gc,start       ] GC(1609) Pause Young (Allocation Failure)
[350.625s][info][gc,heap        ] GC(1609) PSYoungGen: 211264K(277504K)->32099K(279552K) Eden: 210944K(210944K)->0K(218112K) From: 320K(66560K)->32099K(61440K)
[350.625s][info][gc,heap        ] GC(1609) ParOldGen: 6148K(699392K)->6148K(699392K)
[350.625s][info][gc,metaspace   ] GC(1609) Metaspace: 16583K(16896K)->16583K(16896K) NonClass: 14251K(14400K)->14251K(14400K) Class: 2331K(2496K)->2331K(2496K)
[350.625s][info][gc             ] GC(1609) Pause Young (Allocation Failure) 212M->37M(956M) 13.002ms
[350.625s][info][gc,cpu         ] GC(1609) User=0.00s Sys=0.00s Real=0.00s
[350.763s][info][gc,start       ] GC(1610) Pause Young (Allocation Failure)
[350.864s][info][gc,heap        ] GC(1610) PSYoungGen: 250211K(279552K)->65507K(283648K) Eden: 218112K(218112K)->0K(218112K) From: 32099K(61440K)->65507K(65536K)
[350.864s][info][gc,heap        ] GC(1610) ParOldGen: 6148K(699392K)->117756K(699392K)
[350.864s][info][gc,metaspace   ] GC(1610) Metaspace: 16583K(16896K)->16583K(16896K) NonClass: 14251K(14400K)->14251K(14400K) Class: 2331K(2496K)->2331K(2496K)
[350.864s][info][gc             ] GC(1610) Pause Young (Allocation Failure) 250M->178M(960M) 101.085ms
[350.864s][info][gc,cpu         ] GC(1610) User=0.58s Sys=0.00s Real=0.11s
[351.029s][info][gc,start       ] GC(1611) Pause Young (Allocation Failure)
[351.164s][info][gc,heap        ] GC(1611) PSYoungGen: 283619K(283648K)->65507K(182272K) Eden: 218112K(218112K)->0K(116736K) From: 65507K(65536K)->65507K(65536K)
[351.164s][info][gc,heap        ] GC(1611) ParOldGen: 117756K(699392K)->267900K(699392K)
[351.164s][info][gc,metaspace   ] GC(1611) Metaspace: 16583K(16896K)->16583K(16896K) NonClass: 14251K(14400K)->14251K(14400K) Class: 2331K(2496K)->2331K(2496K)
[351.164s][info][gc             ] GC(1611) Pause Young (Allocation Failure) 391M->325M(861M) 134.650ms
[351.164s][info][gc,cpu         ] GC(1611) User=0.84s Sys=0.00s Real=0.14s
[351.254s][info][gc,start       ] GC(1612) Pause Young (Allocation Failure)
[351.357s][info][gc,heap        ] GC(1612) PSYoungGen: 182243K(182272K)->116195K(232960K) Eden: 116736K(116736K)->0K(116736K) From: 65507K(65536K)->116195K(116224K)
[351.357s][info][gc,heap        ] GC(1612) ParOldGen: 267900K(699392K)->298116K(699392K)
[351.357s][info][gc,metaspace   ] GC(1612) Metaspace: 16583K(16896K)->16583K(16896K) NonClass: 14251K(14400K)->14251K(14400K) Class: 2331K(2496K)->2331K(2496K)
[351.357s][info][gc             ] GC(1612) Pause Young (Allocation Failure) 439M->404M(910M) 103.867ms
[351.357s][info][gc,cpu         ] GC(1612) User=0.44s Sys=0.00s Real=0.10s
[351.558s][info][gc,start       ] GC(1613) Pause Young (Allocation Failure)
[351.676s][info][gc,heap        ] GC(1613) PSYoungGen: 232931K(232960K)->116195K(232960K) Eden: 116736K(116736K)->0K(116736K) From: 116195K(116224K)->116195K(116224K)
[351.676s][info][gc,heap        ] GC(1613) ParOldGen: 298116K(699392K)->333308K(699392K)
[351.676s][info][gc,metaspace   ] GC(1613) Metaspace: 16583K(16896K)->16583K(16896K) NonClass: 14251K(14400K)->14251K(14400K) Class: 2331K(2496K)->2331K(2496K)
[351.676s][info][gc             ] GC(1613) Pause Young (Allocation Failure) 518M->438M(910M) 118.173ms
[351.676s][info][gc,cpu         ] GC(1613) User=0.50s Sys=0.00s Real=0.11s
[354.312s][info][gc,start       ] GC(1614) Pause Young (Allocation Failure)
[354.404s][info][gc,heap        ] GC(1614) PSYoungGen: 232931K(232960K)->116224K(232960K) Eden: 116736K(116736K)->0K(116736K) From: 116195K(116224K)->116224K(116224K)
[354.404s][info][gc,heap        ] GC(1614) ParOldGen: 333308K(699392K)->370224K(699392K)
[354.404s][info][gc,metaspace   ] GC(1614) Metaspace: 16583K(16896K)->16583K(16896K) NonClass: 14251K(14400K)->14251K(14400K) Class: 2331K(2496K)->2331K(2496K)
[354.404s][info][gc             ] GC(1614) Pause Young (Allocation Failure) 552M->475M(910M) 92.360ms
[354.404s][info][gc,cpu         ] GC(1614) User=0.52s Sys=0.00s Real=0.09s
[354.461s][info][gc,start       ] GC(1615) Pause Young (Allocation Failure)
[354.540s][info][gc,heap        ] GC(1615) PSYoungGen: 232960K(232960K)->116224K(232960K) Eden: 116736K(116736K)->0K(116736K) From: 116224K(116224K)->116224K(116224K)
[354.540s][info][gc,heap        ] GC(1615) ParOldGen: 370224K(699392K)->420688K(699392K)
[354.540s][info][gc,metaspace   ] GC(1615) Metaspace: 16583K(16896K)->16583K(16896K) NonClass: 14251K(14400K)->14251K(14400K) Class: 2331K(2496K)->2331K(2496K)
[354.540s][info][gc             ] GC(1615) Pause Young (Allocation Failure) 589M->524M(910M) 78.597ms
[354.540s][info][gc,cpu         ] GC(1615) User=0.42s Sys=0.00s Real=0.08s
[354.596s][info][gc,start       ] GC(1616) Pause Young (Allocation Failure)
[354.681s][info][gc,heap        ] GC(1616) PSYoungGen: 232960K(232960K)->97248K(232960K) Eden: 116736K(116736K)->0K(116736K) From: 116224K(116224K)->97248K(116224K)
[354.681s][info][gc,heap        ] GC(1616) ParOldGen: 420688K(699392K)->489800K(699392K)
[354.682s][info][gc,metaspace   ] GC(1616) Metaspace: 16583K(16896K)->16583K(16896K) NonClass: 14251K(14400K)->14251K(14400K) Class: 2331K(2496K)->2331K(2496K)
[354.682s][info][gc             ] GC(1616) Pause Young (Allocation Failure) 638M->573M(910M) 85.248ms
[354.682s][info][gc,cpu         ] GC(1616) User=0.55s Sys=0.00s Real=0.09s
[354.738s][info][gc,start       ] GC(1617) Pause Young (Allocation Failure)
[354.806s][info][gc,heap        ] GC(1617) PSYoungGen: 213984K(232960K)->98944K(232960K) Eden: 116736K(116736K)->0K(116736K) From: 97248K(116224K)->98944K(116224K)
[354.806s][info][gc,heap        ] GC(1617) ParOldGen: 489800K(699392K)->536584K(699392K)
[354.806s][info][gc,metaspace   ] GC(1617) Metaspace: 16583K(16896K)->16583K(16896K) NonClass: 14251K(14400K)->14251K(14400K) Class: 2331K(2496K)->2331K(2496K)
[354.806s][info][gc             ] GC(1617) Pause Young (Allocation Failure) 687M->620M(910M) 68.558ms
[354.806s][info][gc,cpu         ] GC(1617) User=0.31s Sys=0.00s Real=0.06s
[354.864s][info][gc,start       ] GC(1618) Pause Young (Allocation Failure)
[354.930s][info][gc,heap        ] GC(1618) PSYoungGen: 215680K(232960K)->50752K(232960K) Eden: 116736K(116736K)->0K(116736K) From: 98944K(116224K)->50752K(116224K)
[354.930s][info][gc,heap        ] GC(1618) ParOldGen: 536584K(699392K)->633192K(699392K)
[354.930s][info][gc,metaspace   ] GC(1618) Metaspace: 16583K(16896K)->16583K(16896K) NonClass: 14251K(14400K)->14251K(14400K) Class: 2331K(2496K)->2331K(2496K)
[354.930s][info][gc             ] GC(1618) Pause Young (Allocation Failure) 734M->667M(910M) 66.277ms
[354.930s][info][gc,cpu         ] GC(1618) User=0.30s Sys=0.02s Real=0.06s
[354.988s][info][gc,start       ] GC(1619) Pause Full (Ergonomics)
[354.988s][info][gc,phases,start] GC(1619) Marking Phase
[355.068s][info][gc,phases      ] GC(1619) Marking Phase 80.223ms
[355.068s][info][gc,phases,start] GC(1619) Summary Phase
[355.068s][info][gc,phases      ] GC(1619) Summary Phase 0.020ms
[355.068s][info][gc,phases,start] GC(1619) Adjust Roots
[355.070s][info][gc,phases      ] GC(1619) Adjust Roots 1.711ms
[355.070s][info][gc,phases,start] GC(1619) Compaction Phase
[355.272s][info][gc,phases      ] GC(1619) Compaction Phase 202.128ms
[355.272s][info][gc,phases,start] GC(1619) Post Compact
[355.274s][info][gc,phases      ] GC(1619) Post Compact 1.491ms
[355.274s][info][gc,heap        ] GC(1619) PSYoungGen: 167488K(232960K)->0K(232960K) Eden: 116736K(116736K)->0K(116736K) From: 50752K(116224K)->0K(116224K)
[355.274s][info][gc,heap        ] GC(1619) ParOldGen: 633192K(699392K)->287504K(699392K)
[355.274s][info][gc,metaspace   ] GC(1619) Metaspace: 16583K(16896K)->16583K(16896K) NonClass: 14251K(14400K)->14251K(14400K) Class: 2331K(2496K)->2331K(2496K)
[355.274s][info][gc             ] GC(1619) Pause Full (Ergonomics) 781M->280M(910M) 285.949ms
[355.274s][info][gc,cpu         ] GC(1619) User=1.59s Sys=0.00s Real=0.30s
[355.333s][info][gc,start       ] GC(1620) Pause Young (Allocation Failure)
[355.357s][info][gc,heap        ] GC(1620) PSYoungGen: 116736K(232960K)->50944K(232960K) Eden: 116736K(116736K)->0K(116736K) From: 0K(116224K)->50944K(116224K)
[355.357s][info][gc,heap        ] GC(1620) ParOldGen: 287504K(699392K)->287504K(699392K)
[355.357s][info][gc,metaspace   ] GC(1620) Metaspace: 16583K(16896K)->16583K(16896K) NonClass: 14251K(14400K)->14251K(14400K) Class: 2331K(2496K)->2331K(2496K)
[355.357s][info][gc             ] GC(1620) Pause Young (Allocation Failure) 394M->330M(910M) 24.450ms
[355.357s][info][gc,cpu         ] GC(1620) User=0.06s Sys=0.00s Real=0.04s
[355.419s][info][gc,start       ] GC(1621) Pause Young (Allocation Failure)
[355.465s][info][gc,heap        ] GC(1621) PSYoungGen: 167680K(232960K)->50976K(232960K) Eden: 116736K(116736K)->0K(116736K) From: 50944K(116224K)->50976K(116224K)
[355.465s][info][gc,heap        ] GC(1621) ParOldGen: 287504K(699392K)->335560K(699392K)
[355.465s][info][gc,metaspace   ] GC(1621) Metaspace: 16583K(16896K)->16583K(16896K) NonClass: 14251K(14400K)->14251K(14400K) Class: 2331K(2496K)->2331K(2496K)
[355.465s][info][gc             ] GC(1621) Pause Young (Allocation Failure) 444M->377M(910M) 45.687ms
[355.465s][info][gc,cpu         ] GC(1621) User=0.12s Sys=0.00s Real=0.05s
[355.549s][info][gc,start       ] GC(1622) Pause Young (Allocation Failure)
[355.602s][info][gc,heap        ] GC(1622) PSYoungGen: 167712K(232960K)->69642K(232960K) Eden: 116736K(116736K)->0K(116736K) From: 50976K(116224K)->69642K(116224K)
[355.602s][info][gc,heap        ] GC(1622) ParOldGen: 335560K(699392K)->383600K(699392K)
[355.602s][info][gc,metaspace   ] GC(1622) Metaspace: 16583K(16896K)->16583K(16896K) NonClass: 14251K(14400K)->14251K(14400K) Class: 2331K(2496K)->2331K(2496K)
[355.602s][info][gc             ] GC(1622) Pause Young (Allocation Failure) 491M->442M(910M) 53.567ms
[355.602s][info][gc,cpu         ] GC(1622) User=0.30s Sys=0.00s Real=0.06s
[355.911s][info][gc,start       ] GC(1623) Pause Young (Allocation Failure)
[356.008s][info][gc,heap        ] GC(1623) PSYoungGen: 186378K(232960K)->41440K(232960K) Eden: 116736K(116736K)->0K(116736K) From: 69642K(116224K)->41440K(116224K)
[356.008s][info][gc,heap        ] GC(1623) ParOldGen: 383600K(699392K)->432202K(699392K)
[356.008s][info][gc,metaspace   ] GC(1623) Metaspace: 16583K(16896K)->16583K(16896K) NonClass: 14251K(14400K)->14251K(14400K) Class: 2331K(2496K)->2331K(2496K)
[356.008s][info][gc             ] GC(1623) Pause Young (Allocation Failure) 556M->462M(910M) 96.128ms
[356.008s][info][gc,cpu         ] GC(1623) User=0.52s Sys=0.00s Real=0.09s
[356.146s][info][gc,start       ] GC(1624) Pause Young (Allocation Failure)
[356.197s][info][gc,heap        ] GC(1624) PSYoungGen: 158176K(232960K)->3840K(232960K) Eden: 116736K(116736K)->0K(116736K) From: 41440K(116224K)->3840K(116224K)
[356.197s][info][gc,heap        ] GC(1624) ParOldGen: 432202K(699392K)->463514K(699392K)
[356.197s][info][gc,metaspace   ] GC(1624) Metaspace: 16583K(16896K)->16583K(16896K) NonClass: 14251K(14400K)->14251K(14400K) Class: 2331K(2496K)->2331K(2496K)
[356.197s][info][gc             ] GC(1624) Pause Young (Allocation Failure) 576M->456M(910M) 51.383ms
[356.197s][info][gc,cpu         ] GC(1624) User=0.28s Sys=0.00s Real=0.05s
[356.332s][info][gc,start       ] GC(1625) Pause Young (Allocation Failure)
[356.335s][info][gc,heap        ] GC(1625) PSYoungGen: 120576K(232960K)->3104K(232960K) Eden: 116736K(116736K)->0K(116736K) From: 3840K(116224K)->3104K(116224K)
[356.335s][info][gc,heap        ] GC(1625) ParOldGen: 463514K(699392K)->463850K(699392K)
[356.335s][info][gc,metaspace   ] GC(1625) Metaspace: 16583K(16896K)->16583K(16896K) NonClass: 14251K(14400K)->14251K(14400K) Class: 2331K(2496K)->2331K(2496K)
[356.335s][info][gc             ] GC(1625) Pause Young (Allocation Failure) 570M->456M(910M) 3.042ms
[356.335s][info][gc,cpu         ] GC(1625) User=0.00s Sys=0.00s Real=0.00s
[356.462s][info][gc,start       ] GC(1626) Pause Young (Allocation Failure)
[356.465s][info][gc,heap        ] GC(1626) PSYoungGen: 119840K(232960K)->2368K(232960K) Eden: 116736K(116736K)->0K(116736K) From: 3104K(116224K)->2368K(116224K)
[356.465s][info][gc,heap        ] GC(1626) ParOldGen: 463850K(699392K)->463962K(699392K)
[356.465s][info][gc,metaspace   ] GC(1626) Metaspace: 16583K(16896K)->16583K(16896K) NonClass: 14251K(14400K)->14251K(14400K) Class: 2331K(2496K)->2331K(2496K)
[356.465s][info][gc             ] GC(1626) Pause Young (Allocation Failure) 570M->455M(910M) 2.519ms
[356.465s][info][gc,cpu         ] GC(1626) User=0.00s Sys=0.00s Real=0.00s
[356.599s][info][gc,start       ] GC(1627) Pause Young (Allocation Failure)
[356.599s][info][gc,heap        ] GC(1627) PSYoungGen: 119104K(232960K)->192K(232960K) Eden: 116736K(116736K)->0K(116736K) From: 2368K(116224K)->192K(116224K)
[356.599s][info][gc,heap        ] GC(1627) ParOldGen: 463962K(699392K)->463978K(699392K)
[356.599s][info][gc,metaspace   ] GC(1627) Metaspace: 16583K(16896K)->16583K(16896K) NonClass: 14251K(14400K)->14251K(14400K) Class: 2331K(2496K)->2331K(2496K)
[356.599s][info][gc             ] GC(1627) Pause Young (Allocation Failure) 569M->453M(910M) 0.857ms
[356.599s][info][gc,cpu         ] GC(1627) User=0.00s Sys=0.00s Real=0.00s
[357.291s][info][gc,start       ] GC(1628) Pause Young (System.gc())
[357.292s][info][gc,heap        ] GC(1628) PSYoungGen: 87207K(232960K)->64K(232960K) Eden: 87015K(116736K)->0K(116736K) From: 192K(116224K)->64K(116224K)
[357.292s][info][gc,heap        ] GC(1628) ParOldGen: 463978K(699392K)->463978K(699392K)
[357.292s][info][gc,metaspace   ] GC(1628) Metaspace: 16583K(16896K)->16583K(16896K) NonClass: 14251K(14400K)->14251K(14400K) Class: 2331K(2496K)->2331K(2496K)
[357.292s][info][gc             ] GC(1628) Pause Young (System.gc()) 538M->453M(910M) 0.790ms
[357.292s][info][gc,cpu         ] GC(1628) User=0.00s Sys=0.00s Real=0.00s
[357.292s][info][gc,start       ] GC(1629) Pause Full (System.gc())
[357.292s][info][gc,phases,start] GC(1629) Marking Phase
[357.296s][info][gc,phases      ] GC(1629) Marking Phase 4.420ms
[357.296s][info][gc,phases,start] GC(1629) Summary Phase
[357.296s][info][gc,phases      ] GC(1629) Summary Phase 0.010ms
[357.296s][info][gc,phases,start] GC(1629) Adjust Roots
[357.298s][info][gc,phases      ] GC(1629) Adjust Roots 1.813ms
[357.298s][info][gc,phases,start] GC(1629) Compaction Phase
[357.301s][info][gc,phases      ] GC(1629) Compaction Phase 2.547ms
[357.301s][info][gc,phases,start] GC(1629) Post Compact
[357.302s][info][gc,phases      ] GC(1629) Post Compact 1.696ms
[357.302s][info][gc,heap        ] GC(1629) PSYoungGen: 64K(232960K)->0K(232960K) Eden: 0K(116736K)->0K(116736K) From: 64K(116224K)->0K(116224K)
[357.302s][info][gc,heap        ] GC(1629) ParOldGen: 463978K(699392K)->5548K(699392K)
[357.302s][info][gc,metaspace   ] GC(1629) Metaspace: 16583K(16896K)->16583K(16896K) NonClass: 14251K(14400K)->14251K(14400K) Class: 2331K(2496K)->2331K(2496K)
[357.302s][info][gc             ] GC(1629) Pause Full (System.gc()) 453M->5M(910M) 10.757ms
[357.302s][info][gc,cpu         ] GC(1629) User=0.00s Sys=0.00s Real=0.02s
[358.788s][info][gc,start       ] GC(1630) Pause Young (Allocation Failure)
[358.788s][info][gc,heap        ] GC(1630) PSYoungGen: 116736K(232960K)->320K(232960K) Eden: 116736K(116736K)->0K(116736K) From: 0K(116224K)->320K(116224K)
[358.788s][info][gc,heap        ] GC(1630) ParOldGen: 5548K(699392K)->5548K(699392K)
[358.788s][info][gc,metaspace   ] GC(1630) Metaspace: 16591K(16896K)->16591K(16896K) NonClass: 14260K(14400K)->14260K(14400K) Class: 2331K(2496K)->2331K(2496K)
[358.788s][info][gc             ] GC(1630) Pause Young (Allocation Failure) 119M->5M(910M) 0.626ms
[358.789s][info][gc,cpu         ] GC(1630) User=0.00s Sys=0.00s Real=0.00s
[358.811s][info][gc,start       ] GC(1631) Pause Young (Allocation Failure)
[358.811s][info][gc,heap        ] GC(1631) PSYoungGen: 117056K(232960K)->256K(232960K) Eden: 116736K(116736K)->0K(116736K) From: 320K(116224K)->256K(116224K)
[358.811s][info][gc,heap        ] GC(1631) ParOldGen: 5548K(699392K)->5644K(699392K)
[358.811s][info][gc,metaspace   ] GC(1631) Metaspace: 16591K(16896K)->16591K(16896K) NonClass: 14260K(14400K)->14260K(14400K) Class: 2331K(2496K)->2331K(2496K)
[358.811s][info][gc             ] GC(1631) Pause Young (Allocation Failure) 119M->5M(910M) 0.565ms
[358.811s][info][gc,cpu         ] GC(1631) User=0.00s Sys=0.00s Real=0.00s
[358.832s][info][gc,start       ] GC(1632) Pause Young (Allocation Failure)
[358.833s][info][gc,heap        ] GC(1632) PSYoungGen: 116992K(232960K)->288K(232960K) Eden: 116736K(116736K)->0K(116736K) From: 256K(116224K)->288K(116224K)
[358.833s][info][gc,heap        ] GC(1632) ParOldGen: 5644K(699392K)->5684K(699392K)
[358.833s][info][gc,metaspace   ] GC(1632) Metaspace: 16591K(16896K)->16591K(16896K) NonClass: 14260K(14400K)->14260K(14400K) Class: 2331K(2496K)->2331K(2496K)
[358.833s][info][gc             ] GC(1632) Pause Young (Allocation Failure) 119M->5M(910M) 0.514ms
[358.833s][info][gc,cpu         ] GC(1632) User=0.00s Sys=0.00s Real=0.00s
[358.855s][info][gc,start       ] GC(1633) Pause Young (Allocation Failure)
[358.856s][info][gc,heap        ] GC(1633) PSYoungGen: 117024K(232960K)->320K(232960K) Eden: 116736K(116736K)->0K(116736K) From: 288K(116224K)->320K(116224K)
[358.856s][info][gc,heap        ] GC(1633) ParOldGen: 5684K(699392K)->5724K(699392K)
[358.856s][info][gc,metaspace   ] GC(1633) Metaspace: 16591K(16896K)->16591K(16896K) NonClass: 14260K(14400K)->14260K(14400K) Class: 2331K(2496K)->2331K(2496K)
[358.856s][info][gc             ] GC(1633) Pause Young (Allocation Failure) 119M->5M(910M) 0.554ms
[358.856s][info][gc,cpu         ] GC(1633) User=0.00s Sys=0.00s Real=0.00s
[358.878s][info][gc,start       ] GC(1634) Pause Young (Allocation Failure)
[358.878s][info][gc,heap        ] GC(1634) PSYoungGen: 117056K(232960K)->256K(232960K) Eden: 116736K(116736K)->0K(116736K) From: 320K(116224K)->256K(116224K)
[358.878s][info][gc,heap        ] GC(1634) ParOldGen: 5724K(699392K)->5764K(699392K)
[358.878s][info][gc,metaspace   ] GC(1634) Metaspace: 16591K(16896K)->16591K(16896K) NonClass: 14260K(14400K)->14260K(14400K) Class: 2331K(2496K)->2331K(2496K)
[358.878s][info][gc             ] GC(1634) Pause Young (Allocation Failure) 119M->5M(910M) 0.541ms
[358.878s][info][gc,cpu         ] GC(1634) User=0.00s Sys=0.00s Real=0.00s
[358.900s][info][gc,start       ] GC(1635) Pause Young (Allocation Failure)
[358.901s][info][gc,heap        ] GC(1635) PSYoungGen: 116992K(232960K)->352K(232960K) Eden: 116736K(116736K)->0K(116736K) From: 256K(116224K)->352K(116224K)
[358.901s][info][gc,heap        ] GC(1635) ParOldGen: 5764K(699392K)->5788K(699392K)
[358.901s][info][gc,metaspace   ] GC(1635) Metaspace: 16591K(16896K)->16591K(16896K) NonClass: 14260K(14400K)->14260K(14400K) Class: 2331K(2496K)->2331K(2496K)
[358.901s][info][gc             ] GC(1635) Pause Young (Allocation Failure) 119M->5M(910M) 0.475ms
[358.901s][info][gc,cpu         ] GC(1635) User=0.00s Sys=0.00s Real=0.00s
[358.922s][info][gc,start       ] GC(1636) Pause Young (Allocation Failure)
[358.923s][info][gc,heap        ] GC(1636) PSYoungGen: 117088K(232960K)->192K(232960K) Eden: 116736K(116736K)->0K(116736K) From: 352K(116224K)->192K(116224K)
[358.923s][info][gc,heap        ] GC(1636) ParOldGen: 5788K(699392K)->5844K(699392K)
[358.923s][info][gc,metaspace   ] GC(1636) Metaspace: 16591K(16896K)->16591K(16896K) NonClass: 14260K(14400K)->14260K(14400K) Class: 2331K(2496K)->2331K(2496K)
[358.923s][info][gc             ] GC(1636) Pause Young (Allocation Failure) 119M->5M(910M) 0.525ms
[358.923s][info][gc,cpu         ] GC(1636) User=0.00s Sys=0.00s Real=0.00s
[358.946s][info][gc,start       ] GC(1637) Pause Young (Allocation Failure)
[358.947s][info][gc,heap        ] GC(1637) PSYoungGen: 116928K(232960K)->192K(232960K) Eden: 116736K(116736K)->0K(116736K) From: 192K(116224K)->192K(116224K)
[358.947s][info][gc,heap        ] GC(1637) ParOldGen: 5844K(699392K)->5892K(699392K)
[358.947s][info][gc,metaspace   ] GC(1637) Metaspace: 16591K(16896K)->16591K(16896K) NonClass: 14260K(14400K)->14260K(14400K) Class: 2331K(2496K)->2331K(2496K)
[358.947s][info][gc             ] GC(1637) Pause Young (Allocation Failure) 119M->5M(910M) 0.487ms
[358.947s][info][gc,cpu         ] GC(1637) User=0.00s Sys=0.00s Real=0.00s
[358.970s][info][gc,start       ] GC(1638) Pause Young (Allocation Failure)
[358.970s][info][gc,heap        ] GC(1638) PSYoungGen: 116928K(232960K)->256K(235520K) Eden: 116736K(116736K)->0K(119296K) From: 192K(116224K)->256K(116224K)
[358.970s][info][gc,heap        ] GC(1638) ParOldGen: 5892K(699392K)->5932K(699392K)
[358.970s][info][gc,metaspace   ] GC(1638) Metaspace: 16591K(16896K)->16591K(16896K) NonClass: 14260K(14400K)->14260K(14400K) Class: 2331K(2496K)->2331K(2496K)
[358.970s][info][gc             ] GC(1638) Pause Young (Allocation Failure) 119M->6M(913M) 0.519ms
[358.970s][info][gc,cpu         ] GC(1638) User=0.00s Sys=0.00s Real=0.00s
[358.993s][info][gc,start       ] GC(1639) Pause Young (Allocation Failure)
[358.994s][info][gc,heap        ] GC(1639) PSYoungGen: 119552K(235520K)->288K(232960K) Eden: 119296K(119296K)->0K(119296K) From: 256K(116224K)->288K(113664K)
[358.994s][info][gc,heap        ] GC(1639) ParOldGen: 5932K(699392K)->5932K(699392K)
[358.994s][info][gc,metaspace   ] GC(1639) Metaspace: 16591K(16896K)->16591K(16896K) NonClass: 14260K(14400K)->14260K(14400K) Class: 2331K(2496K)->2331K(2496K)
[358.994s][info][gc             ] GC(1639) Pause Young (Allocation Failure) 122M->6M(910M) 0.512ms
[358.994s][info][gc,cpu         ] GC(1639) User=0.00s Sys=0.00s Real=0.00s
[359.016s][info][gc,start       ] GC(1640) Pause Young (Allocation Failure)
[359.016s][info][gc,heap        ] GC(1640) PSYoungGen: 119584K(232960K)->384K(248832K) Eden: 119296K(119296K)->0K(141824K) From: 288K(113664K)->384K(107008K)
[359.016s][info][gc,heap        ] GC(1640) ParOldGen: 5932K(699392K)->5932K(699392K)
[359.016s][info][gc,metaspace   ] GC(1640) Metaspace: 16591K(16896K)->16591K(16896K) NonClass: 14260K(14400K)->14260K(14400K) Class: 2331K(2496K)->2331K(2496K)
[359.016s][info][gc             ] GC(1640) Pause Young (Allocation Failure) 122M->6M(926M) 0.507ms
[359.016s][info][gc,cpu         ] GC(1640) User=0.00s Sys=0.00s Real=0.00s
[359.042s][info][gc,start       ] GC(1641) Pause Young (Allocation Failure)
[359.043s][info][gc,heap        ] GC(1641) PSYoungGen: 142208K(248832K)->384K(242176K) Eden: 141824K(141824K)->0K(141824K) From: 384K(107008K)->384K(100352K)
[359.043s][info][gc,heap        ] GC(1641) ParOldGen: 5932K(699392K)->5932K(699392K)
[359.043s][info][gc,metaspace   ] GC(1641) Metaspace: 16591K(16896K)->16591K(16896K) NonClass: 14260K(14400K)->14260K(14400K) Class: 2331K(2496K)->2331K(2496K)
[359.043s][info][gc             ] GC(1641) Pause Young (Allocation Failure) 144M->6M(919M) 0.488ms
[359.043s][info][gc,cpu         ] GC(1641) User=0.00s Sys=0.00s Real=0.00s
[359.069s][info][gc,start       ] GC(1642) Pause Young (Allocation Failure)
[359.070s][info][gc,heap        ] GC(1642) PSYoungGen: 142208K(242176K)->352K(261120K) Eden: 141824K(141824K)->0K(167424K) From: 384K(100352K)->352K(93696K)
[359.070s][info][gc,heap        ] GC(1642) ParOldGen: 5932K(699392K)->5932K(699392K)
[359.070s][info][gc,metaspace   ] GC(1642) Metaspace: 16591K(16896K)->16591K(16896K) NonClass: 14260K(14400K)->14260K(14400K) Class: 2331K(2496K)->2331K(2496K)
[359.070s][info][gc             ] GC(1642) Pause Young (Allocation Failure) 144M->6M(938M) 0.458ms
[359.070s][info][gc,cpu         ] GC(1642) User=0.00s Sys=0.00s Real=0.00s
[359.109s][info][gc,start       ] GC(1643) Pause Young (Allocation Failure)
[359.109s][info][gc,heap        ] GC(1643) PSYoungGen: 167776K(261120K)->352K(255488K) Eden: 167424K(167424K)->0K(167424K) From: 352K(93696K)->352K(88064K)
[359.109s][info][gc,heap        ] GC(1643) ParOldGen: 5932K(699392K)->5932K(699392K)
[359.110s][info][gc,metaspace   ] GC(1643) Metaspace: 16591K(16896K)->16591K(16896K) NonClass: 14260K(14400K)->14260K(14400K) Class: 2331K(2496K)->2331K(2496K)
[359.110s][info][gc             ] GC(1643) Pause Young (Allocation Failure) 169M->6M(932M) 0.799ms
[359.110s][info][gc,cpu         ] GC(1643) User=0.00s Sys=0.00s Real=0.00s
[359.150s][info][gc,start       ] GC(1644) Pause Young (Allocation Failure)
[359.151s][info][gc,heap        ] GC(1644) PSYoungGen: 167776K(255488K)->352K(272384K) Eden: 167424K(167424K)->0K(190464K) From: 352K(88064K)->352K(81920K)
[359.151s][info][gc,heap        ] GC(1644) ParOldGen: 5932K(699392K)->5932K(699392K)
[359.151s][info][gc,metaspace   ] GC(1644) Metaspace: 16591K(16896K)->16591K(16896K) NonClass: 14260K(14400K)->14260K(14400K) Class: 2331K(2496K)->2331K(2496K)
[359.151s][info][gc             ] GC(1644) Pause Young (Allocation Failure) 169M->6M(949M) 0.876ms
[359.151s][info][gc,cpu         ] GC(1644) User=0.00s Sys=0.00s Real=0.00s
[359.188s][info][gc,start       ] GC(1645) Pause Young (Allocation Failure)
[359.188s][info][gc,heap        ] GC(1645) PSYoungGen: 190816K(272384K)->384K(267264K) Eden: 190464K(190464K)->0K(190464K) From: 352K(81920K)->384K(76800K)
[359.188s][info][gc,heap        ] GC(1645) ParOldGen: 5932K(699392K)->5932K(699392K)
[359.188s][info][gc,metaspace   ] GC(1645) Metaspace: 16591K(16896K)->16591K(16896K) NonClass: 14260K(14400K)->14260K(14400K) Class: 2331K(2496K)->2331K(2496K)
[359.188s][info][gc             ] GC(1645) Pause Young (Allocation Failure) 192M->6M(944M) 0.472ms
[359.188s][info][gc,cpu         ] GC(1645) User=0.00s Sys=0.00s Real=0.00s
[359.225s][info][gc,start       ] GC(1646) Pause Young (Allocation Failure)
[359.225s][info][gc,heap        ] GC(1646) PSYoungGen: 190848K(267264K)->384K(282624K) Eden: 190464K(190464K)->0K(211456K) From: 384K(76800K)->384K(71168K)
[359.225s][info][gc,heap        ] GC(1646) ParOldGen: 5932K(699392K)->5932K(699392K)
[359.225s][info][gc,metaspace   ] GC(1646) Metaspace: 16591K(16896K)->16591K(16896K) NonClass: 14260K(14400K)->14260K(14400K) Class: 2331K(2496K)->2331K(2496K)
[359.225s][info][gc             ] GC(1646) Pause Young (Allocation Failure) 192M->6M(959M) 0.502ms
[359.225s][info][gc,cpu         ] GC(1646) User=0.00s Sys=0.00s Real=0.00s
[359.265s][info][gc,start       ] GC(1647) Pause Young (Allocation Failure)
[359.265s][info][gc,heap        ] GC(1647) PSYoungGen: 211840K(282624K)->320K(278016K) Eden: 211456K(211456K)->0K(211456K) From: 384K(71168K)->320K(66560K)
[359.265s][info][gc,heap        ] GC(1647) ParOldGen: 5932K(699392K)->5932K(699392K)
[359.265s][info][gc,metaspace   ] GC(1647) Metaspace: 16591K(16896K)->16591K(16896K) NonClass: 14260K(14400K)->14260K(14400K) Class: 2331K(2496K)->2331K(2496K)
[359.265s][info][gc             ] GC(1647) Pause Young (Allocation Failure) 212M->6M(954M) 0.589ms
[359.265s][info][gc,cpu         ] GC(1647) User=0.00s Sys=0.00s Real=0.00s
[359.305s][info][gc,start       ] GC(1648) Pause Young (Allocation Failure)
[359.306s][info][gc,heap        ] GC(1648) PSYoungGen: 211776K(278016K)->352K(291840K) Eden: 211456K(211456K)->0K(229888K) From: 320K(66560K)->352K(61952K)
[359.306s][info][gc,heap        ] GC(1648) ParOldGen: 5932K(699392K)->5932K(699392K)
[359.306s][info][gc,metaspace   ] GC(1648) Metaspace: 16591K(16896K)->16591K(16896K) NonClass: 14260K(14400K)->14260K(14400K) Class: 2331K(2496K)->2331K(2496K)
[359.306s][info][gc             ] GC(1648) Pause Young (Allocation Failure) 212M->6M(968M) 0.528ms
[359.306s][info][gc,cpu         ] GC(1648) User=0.00s Sys=0.00s Real=0.00s
[359.366s][info][gc,start       ] GC(1649) Pause Young (Allocation Failure)
[359.385s][info][gc,heap        ] GC(1649) PSYoungGen: 230240K(291840K)->41138K(271360K) Eden: 229888K(229888K)->0K(229888K) From: 352K(61952K)->41138K(41472K)
[359.385s][info][gc,heap        ] GC(1649) ParOldGen: 5932K(699392K)->5932K(699392K)
[359.385s][info][gc,metaspace   ] GC(1649) Metaspace: 16591K(16896K)->16591K(16896K) NonClass: 14260K(14400K)->14260K(14400K) Class: 2331K(2496K)->2331K(2496K)
[359.385s][info][gc             ] GC(1649) Pause Young (Allocation Failure) 230M->45M(948M) 18.769ms
[359.385s][info][gc,cpu         ] GC(1649) User=0.00s Sys=0.00s Real=0.01s
[359.557s][info][gc,start       ] GC(1650) Pause Young (Allocation Failure)
[359.679s][info][gc,heap        ] GC(1650) PSYoungGen: 271026K(271360K)->64995K(181760K) Eden: 229888K(229888K)->0K(116736K) From: 41138K(41472K)->64995K(65024K)
[359.679s][info][gc,heap        ] GC(1650) ParOldGen: 5932K(699392K)->136212K(699392K)
[359.679s][info][gc,metaspace   ] GC(1650) Metaspace: 16591K(16896K)->16591K(16896K) NonClass: 14260K(14400K)->14260K(14400K) Class: 2331K(2496K)->2331K(2496K)
[359.679s][info][gc             ] GC(1650) Pause Young (Allocation Failure) 270M->196M(860M) 122.785ms
[359.679s][info][gc,cpu         ] GC(1650) User=0.69s Sys=0.00s Real=0.13s
[359.778s][info][gc,start       ] GC(1651) Pause Young (Allocation Failure)
[359.860s][info][gc,heap        ] GC(1651) PSYoungGen: 181731K(181760K)->116195K(232960K) Eden: 116736K(116736K)->0K(116736K) From: 64995K(65024K)->116195K(116224K)
[359.860s][info][gc,heap        ] GC(1651) ParOldGen: 136212K(699392K)->165476K(699392K)
[359.860s][info][gc,metaspace   ] GC(1651) Metaspace: 16591K(16896K)->16591K(16896K) NonClass: 14260K(14400K)->14260K(14400K) Class: 2331K(2496K)->2331K(2496K)
[359.860s][info][gc             ] GC(1651) Pause Young (Allocation Failure) 310M->275M(910M) 82.514ms
[359.860s][info][gc,cpu         ] GC(1651) User=0.52s Sys=0.00s Real=0.09s
[359.949s][info][gc,start       ] GC(1652) Pause Young (Allocation Failure)
[360.063s][info][gc,heap        ] GC(1652) PSYoungGen: 232931K(232960K)->116210K(232960K) Eden: 116736K(116736K)->0K(116736K) From: 116195K(116224K)->116210K(116224K)
[360.063s][info][gc,heap        ] GC(1652) ParOldGen: 165476K(699392K)->244924K(699392K)
[360.063s][info][gc,metaspace   ] GC(1652) Metaspace: 16591K(16896K)->16591K(16896K) NonClass: 14260K(14400K)->14260K(14400K) Class: 2331K(2496K)->2331K(2496K)
[360.063s][info][gc             ] GC(1652) Pause Young (Allocation Failure) 389M->352M(910M) 114.523ms
[360.063s][info][gc,cpu         ] GC(1652) User=0.67s Sys=0.00s Real=0.12s
[360.162s][info][gc,start       ] GC(1653) Pause Young (Allocation Failure)
[360.290s][info][gc,heap        ] GC(1653) PSYoungGen: 232946K(232960K)->116195K(232960K) Eden: 116736K(116736K)->0K(116736K) From: 116210K(116224K)->116195K(116224K)
[360.290s][info][gc,heap        ] GC(1653) ParOldGen: 244924K(699392K)->326564K(699392K)
[360.290s][info][gc,metaspace   ] GC(1653) Metaspace: 16591K(16896K)->16591K(16896K) NonClass: 14260K(14400K)->14260K(14400K) Class: 2331K(2496K)->2331K(2496K)
[360.290s][info][gc             ] GC(1653) Pause Young (Allocation Failure) 466M->432M(910M) 127.900ms
[360.290s][info][gc,cpu         ] GC(1653) User=0.67s Sys=0.00s Real=0.13s
[363.277s][info][gc,start       ] GC(1654) Pause Young (Allocation Failure)
[363.390s][info][gc,heap        ] GC(1654) PSYoungGen: 232931K(232960K)->116194K(232960K) Eden: 116736K(116736K)->0K(116736K) From: 116195K(116224K)->116194K(116224K)
[363.390s][info][gc,heap        ] GC(1654) ParOldGen: 326564K(699392K)->334572K(699392K)
[363.390s][info][gc,metaspace   ] GC(1654) Metaspace: 16591K(16896K)->16591K(16896K) NonClass: 14260K(14400K)->14260K(14400K) Class: 2331K(2496K)->2331K(2496K)
[363.390s][info][gc             ] GC(1654) Pause Young (Allocation Failure) 546M->440M(910M) 113.330ms
[363.390s][info][gc,cpu         ] GC(1654) User=0.42s Sys=0.02s Real=0.12s
[363.443s][info][gc,start       ] GC(1655) Pause Young (Allocation Failure)
[363.546s][info][gc,heap        ] GC(1655) PSYoungGen: 232930K(232960K)->116224K(232960K) Eden: 116736K(116736K)->0K(116736K) From: 116194K(116224K)->116224K(116224K)
[363.546s][info][gc,heap        ] GC(1655) ParOldGen: 334572K(699392K)->387887K(699392K)
[363.546s][info][gc,metaspace   ] GC(1655) Metaspace: 16591K(16896K)->16591K(16896K) NonClass: 14260K(14400K)->14260K(14400K) Class: 2331K(2496K)->2331K(2496K)
[363.546s][info][gc             ] GC(1655) Pause Young (Allocation Failure) 554M->492M(910M) 103.387ms
[363.546s][info][gc,cpu         ] GC(1655) User=0.58s Sys=0.00s Real=0.11s
[363.603s][info][gc,start       ] GC(1656) Pause Young (Allocation Failure)
[363.691s][info][gc,heap        ] GC(1656) PSYoungGen: 232960K(232960K)->116224K(232960K) Eden: 116736K(116736K)->0K(116736K) From: 116224K(116224K)->116224K(116224K)
[363.691s][info][gc,heap        ] GC(1656) ParOldGen: 387887K(699392K)->438223K(699392K)
[363.691s][info][gc,metaspace   ] GC(1656) Metaspace: 16591K(16896K)->16591K(16896K) NonClass: 14260K(14400K)->14260K(14400K) Class: 2331K(2496K)->2331K(2496K)
[363.691s][info][gc             ] GC(1656) Pause Young (Allocation Failure) 606M->541M(910M) 88.007ms
[363.691s][info][gc,cpu         ] GC(1656) User=0.38s Sys=0.00s Real=0.09s
[363.754s][info][gc,start       ] GC(1657) Pause Young (Allocation Failure)
[363.858s][info][gc,heap        ] GC(1657) PSYoungGen: 232960K(232960K)->116224K(232960K) Eden: 116736K(116736K)->0K(116736K) From: 116224K(116224K)->116224K(116224K)
[363.858s][info][gc,heap        ] GC(1657) ParOldGen: 438223K(699392K)->487727K(699392K)
[363.858s][info][gc,metaspace   ] GC(1657) Metaspace: 16591K(16896K)->16591K(16896K) NonClass: 14260K(14400K)->14260K(14400K) Class: 2331K(2496K)->2331K(2496K)
[363.858s][info][gc             ] GC(1657) Pause Young (Allocation Failure) 655M->589M(910M) 103.887ms
[363.858s][info][gc,cpu         ] GC(1657) User=0.44s Sys=0.00s Real=0.11s
[363.920s][info][gc,start       ] GC(1658) Pause Young (Allocation Failure)
[364.011s][info][gc,heap        ] GC(1658) PSYoungGen: 232960K(232960K)->116224K(232960K) Eden: 116736K(116736K)->0K(116736K) From: 116224K(116224K)->116224K(116224K)
[364.011s][info][gc,heap        ] GC(1658) ParOldGen: 487727K(699392K)->536463K(699392K)
[364.011s][info][gc,metaspace   ] GC(1658) Metaspace: 16591K(16896K)->16591K(16896K) NonClass: 14260K(14400K)->14260K(14400K) Class: 2331K(2496K)->2331K(2496K)
[364.011s][info][gc             ] GC(1658) Pause Young (Allocation Failure) 703M->637M(910M) 91.493ms
[364.011s][info][gc,cpu         ] GC(1658) User=0.50s Sys=0.00s Real=0.09s
[364.071s][info][gc,start       ] GC(1659) Pause Young (Allocation Failure)
[364.151s][info][gc,heap        ] GC(1659) PSYoungGen: 232960K(232960K)->87840K(232960K) Eden: 116736K(116736K)->0K(116736K) From: 116224K(116224K)->87840K(116224K)
[364.152s][info][gc,heap        ] GC(1659) ParOldGen: 536463K(699392K)->614151K(699392K)
[364.152s][info][gc,metaspace   ] GC(1659) Metaspace: 16591K(16896K)->16591K(16896K) NonClass: 14260K(14400K)->14260K(14400K) Class: 2331K(2496K)->2331K(2496K)
[364.152s][info][gc             ] GC(1659) Pause Young (Allocation Failure) 751M->685M(910M) 80.403ms
[364.152s][info][gc,cpu         ] GC(1659) User=0.42s Sys=0.00s Real=0.08s
[364.210s][info][gc,start       ] GC(1660) Pause Full (Ergonomics)
[364.210s][info][gc,phases,start] GC(1660) Marking Phase
[364.301s][info][gc,phases      ] GC(1660) Marking Phase 91.090ms
[364.301s][info][gc,phases,start] GC(1660) Summary Phase
[364.301s][info][gc,phases      ] GC(1660) Summary Phase 0.022ms
[364.301s][info][gc,phases,start] GC(1660) Adjust Roots
[364.303s][info][gc,phases      ] GC(1660) Adjust Roots 2.363ms
[364.303s][info][gc,phases,start] GC(1660) Compaction Phase
[364.514s][info][gc,phases      ] GC(1660) Compaction Phase 210.603ms
[364.514s][info][gc,phases,start] GC(1660) Post Compact
[364.516s][info][gc,phases      ] GC(1660) Post Compact 2.206ms
[364.516s][info][gc,heap        ] GC(1660) PSYoungGen: 204576K(232960K)->0K(232960K) Eden: 116736K(116736K)->0K(116736K) From: 87840K(116224K)->0K(116224K)
[364.516s][info][gc,heap        ] GC(1660) ParOldGen: 614151K(699392K)->304730K(699392K)
[364.516s][info][gc,metaspace   ] GC(1660) Metaspace: 16591K(16896K)->16591K(16896K) NonClass: 14260K(14400K)->14260K(14400K) Class: 2331K(2496K)->2331K(2496K)
[364.516s][info][gc             ] GC(1660) Pause Full (Ergonomics) 799M->297M(910M) 306.627ms
[364.517s][info][gc,cpu         ] GC(1660) User=1.67s Sys=0.03s Real=0.30s
[364.583s][info][gc,start       ] GC(1661) Pause Young (Allocation Failure)
[364.613s][info][gc,heap        ] GC(1661) PSYoungGen: 116736K(232960K)->50976K(232960K) Eden: 116736K(116736K)->0K(116736K) From: 0K(116224K)->50976K(116224K)
[364.614s][info][gc,heap        ] GC(1661) ParOldGen: 304730K(699392K)->304730K(699392K)
[364.614s][info][gc,metaspace   ] GC(1661) Metaspace: 16591K(16896K)->16591K(16896K) NonClass: 14260K(14400K)->14260K(14400K) Class: 2331K(2496K)->2331K(2496K)
[364.614s][info][gc             ] GC(1661) Pause Young (Allocation Failure) 411M->347M(910M) 30.139ms
[364.614s][info][gc,cpu         ] GC(1661) User=0.05s Sys=0.00s Real=0.03s
[364.680s][info][gc,start       ] GC(1662) Pause Young (Allocation Failure)
[364.734s][info][gc,heap        ] GC(1662) PSYoungGen: 167712K(232960K)->51040K(232960K) Eden: 116736K(116736K)->0K(116736K) From: 50976K(116224K)->51040K(116224K)
[364.734s][info][gc,heap        ] GC(1662) ParOldGen: 304730K(699392K)->352754K(699392K)
[364.734s][info][gc,metaspace   ] GC(1662) Metaspace: 16591K(16896K)->16591K(16896K) NonClass: 14260K(14400K)->14260K(14400K) Class: 2331K(2496K)->2331K(2496K)
[364.734s][info][gc             ] GC(1662) Pause Young (Allocation Failure) 461M->394M(910M) 53.587ms
[364.734s][info][gc,cpu         ] GC(1662) User=0.22s Sys=0.00s Real=0.05s
[364.844s][info][gc,start       ] GC(1663) Pause Young (Allocation Failure)
[364.939s][info][gc,heap        ] GC(1663) PSYoungGen: 167776K(232960K)->78520K(232960K) Eden: 116736K(116736K)->0K(116736K) From: 51040K(116224K)->78520K(116224K)
[364.939s][info][gc,heap        ] GC(1663) ParOldGen: 352754K(699392K)->401298K(699392K)
[364.939s][info][gc,metaspace   ] GC(1663) Metaspace: 16591K(16896K)->16591K(16896K) NonClass: 14260K(14400K)->14260K(14400K) Class: 2331K(2496K)->2331K(2496K)
[364.939s][info][gc             ] GC(1663) Pause Young (Allocation Failure) 508M->468M(910M) 95.493ms
[364.939s][info][gc,cpu         ] GC(1663) User=0.52s Sys=0.00s Real=0.09s
[365.266s][info][gc,start       ] GC(1664) Pause Young (Allocation Failure)
[365.355s][info][gc,heap        ] GC(1664) PSYoungGen: 195256K(232960K)->12448K(232960K) Eden: 116736K(116736K)->0K(116736K) From: 78520K(116224K)->12448K(116224K)
[365.355s][info][gc,heap        ] GC(1664) ParOldGen: 401298K(699392K)->458587K(699392K)
[365.356s][info][gc,metaspace   ] GC(1664) Metaspace: 16591K(16896K)->16591K(16896K) NonClass: 14260K(14400K)->14260K(14400K) Class: 2331K(2496K)->2331K(2496K)
[365.356s][info][gc             ] GC(1664) Pause Young (Allocation Failure) 582M->459M(910M) 89.052ms
[365.356s][info][gc,cpu         ] GC(1664) User=0.41s Sys=0.00s Real=0.10s
[365.497s][info][gc,start       ] GC(1665) Pause Young (Allocation Failure)
[365.509s][info][gc,heap        ] GC(1665) PSYoungGen: 129184K(232960K)->3616K(232960K) Eden: 116736K(116736K)->0K(116736K) From: 12448K(116224K)->3616K(116224K)
[365.509s][info][gc,heap        ] GC(1665) ParOldGen: 458587K(699392K)->467451K(699392K)
[365.509s][info][gc,metaspace   ] GC(1665) Metaspace: 16591K(16896K)->16591K(16896K) NonClass: 14260K(14400K)->14260K(14400K) Class: 2331K(2496K)->2331K(2496K)
[365.509s][info][gc             ] GC(1665) Pause Young (Allocation Failure) 573M->460M(910M) 12.217ms
[365.509s][info][gc,cpu         ] GC(1665) User=0.02s Sys=0.00s Real=0.02s
[365.648s][info][gc,start       ] GC(1666) Pause Young (Allocation Failure)
[365.650s][info][gc,heap        ] GC(1666) PSYoungGen: 120352K(232960K)->2880K(232960K) Eden: 116736K(116736K)->0K(116736K) From: 3616K(116224K)->2880K(116224K)
[365.650s][info][gc,heap        ] GC(1666) ParOldGen: 467451K(699392K)->467707K(699392K)
[365.651s][info][gc,metaspace   ] GC(1666) Metaspace: 16591K(16896K)->16591K(16896K) NonClass: 14260K(14400K)->14260K(14400K) Class: 2331K(2496K)->2331K(2496K)
[365.651s][info][gc             ] GC(1666) Pause Young (Allocation Failure) 574M->459M(910M) 2.518ms
[365.651s][info][gc,cpu         ] GC(1666) User=0.00s Sys=0.00s Real=0.00s
[365.778s][info][gc,start       ] GC(1667) Pause Young (Allocation Failure)
[365.780s][info][gc,heap        ] GC(1667) PSYoungGen: 119616K(232960K)->1984K(232960K) Eden: 116736K(116736K)->0K(116736K) From: 2880K(116224K)->1984K(116224K)
[365.780s][info][gc,heap        ] GC(1667) ParOldGen: 467707K(699392K)->467787K(699392K)
[365.780s][info][gc,metaspace   ] GC(1667) Metaspace: 16591K(16896K)->16591K(16896K) NonClass: 14260K(14400K)->14260K(14400K) Class: 2331K(2496K)->2331K(2496K)
[365.780s][info][gc             ] GC(1667) Pause Young (Allocation Failure) 573M->458M(910M) 2.168ms
[365.780s][info][gc,cpu         ] GC(1667) User=0.00s Sys=0.00s Real=0.00s
[366.236s][info][gc,start       ] GC(1668) Pause Young (Allocation Failure)
[366.238s][info][gc,heap        ] GC(1668) PSYoungGen: 118720K(232960K)->2144K(232960K) Eden: 116736K(116736K)->0K(116736K) From: 1984K(116224K)->2144K(116224K)
[366.238s][info][gc,heap        ] GC(1668) ParOldGen: 467787K(699392K)->467787K(699392K)
[366.238s][info][gc,metaspace   ] GC(1668) Metaspace: 16591K(16896K)->16591K(16896K) NonClass: 14260K(14400K)->14260K(14400K) Class: 2331K(2496K)->2331K(2496K)
[366.238s][info][gc             ] GC(1668) Pause Young (Allocation Failure) 572M->458M(910M) 1.788ms
[366.238s][info][gc,cpu         ] GC(1668) User=0.00s Sys=0.00s Real=0.00s
[366.591s][info][gc,start       ] GC(1669) Pause Young (System.gc())
[366.592s][info][gc,heap        ] GC(1669) PSYoungGen: 46873K(232960K)->96K(232960K) Eden: 44729K(116736K)->0K(116736K) From: 2144K(116224K)->96K(116224K)
[366.592s][info][gc,heap        ] GC(1669) ParOldGen: 467787K(699392K)->467819K(699392K)
[366.592s][info][gc,metaspace   ] GC(1669) Metaspace: 16591K(16896K)->16591K(16896K) NonClass: 14260K(14400K)->14260K(14400K) Class: 2331K(2496K)->2331K(2496K)
[366.592s][info][gc             ] GC(1669) Pause Young (System.gc()) 502M->456M(910M) 0.981ms
[366.592s][info][gc,cpu         ] GC(1669) User=0.02s Sys=0.00s Real=0.01s
[366.592s][info][gc,start       ] GC(1670) Pause Full (System.gc())
[366.592s][info][gc,phases,start] GC(1670) Marking Phase
[366.597s][info][gc,phases      ] GC(1670) Marking Phase 4.641ms
[366.597s][info][gc,phases,start] GC(1670) Summary Phase
[366.597s][info][gc,phases      ] GC(1670) Summary Phase 0.011ms
[366.597s][info][gc,phases,start] GC(1670) Adjust Roots
[366.600s][info][gc,phases      ] GC(1670) Adjust Roots 2.871ms
[366.600s][info][gc,phases,start] GC(1670) Compaction Phase
[366.601s][info][gc,phases      ] GC(1670) Compaction Phase 1.435ms
[366.601s][info][gc,phases,start] GC(1670) Post Compact
[366.603s][info][gc,phases      ] GC(1670) Post Compact 1.641ms
[366.603s][info][gc,heap        ] GC(1670) PSYoungGen: 96K(232960K)->0K(232960K) Eden: 0K(116736K)->0K(116736K) From: 96K(116224K)->0K(116224K)
[366.603s][info][gc,heap        ] GC(1670) ParOldGen: 467819K(699392K)->5548K(699392K)
[366.603s][info][gc,metaspace   ] GC(1670) Metaspace: 16591K(16896K)->16591K(16896K) NonClass: 14260K(14400K)->14260K(14400K) Class: 2331K(2496K)->2331K(2496K)
[366.603s][info][gc             ] GC(1670) Pause Full (System.gc()) 456M->5M(910M) 10.833ms
[366.603s][info][gc,cpu         ] GC(1670) User=0.00s Sys=0.00s Real=0.00s
[368.305s][info][gc,start       ] GC(1671) Pause Young (Allocation Failure)
[368.306s][info][gc,heap        ] GC(1671) PSYoungGen: 116736K(232960K)->384K(232960K) Eden: 116736K(116736K)->0K(116736K) From: 0K(116224K)->384K(116224K)
[368.306s][info][gc,heap        ] GC(1671) ParOldGen: 5548K(699392K)->5548K(699392K)
[368.306s][info][gc,metaspace   ] GC(1671) Metaspace: 16600K(16896K)->16600K(16896K) NonClass: 14269K(14400K)->14269K(14400K) Class: 2331K(2496K)->2331K(2496K)
[368.306s][info][gc             ] GC(1671) Pause Young (Allocation Failure) 119M->5M(910M) 0.662ms
[368.306s][info][gc,cpu         ] GC(1671) User=0.00s Sys=0.00s Real=0.00s
[368.328s][info][gc,start       ] GC(1672) Pause Young (Allocation Failure)
[368.329s][info][gc,heap        ] GC(1672) PSYoungGen: 117120K(232960K)->256K(232960K) Eden: 116736K(116736K)->0K(116736K) From: 384K(116224K)->256K(116224K)
[368.329s][info][gc,heap        ] GC(1672) ParOldGen: 5548K(699392K)->5644K(699392K)
[368.329s][info][gc,metaspace   ] GC(1672) Metaspace: 16600K(16896K)->16600K(16896K) NonClass: 14269K(14400K)->14269K(14400K) Class: 2331K(2496K)->2331K(2496K)
[368.329s][info][gc             ] GC(1672) Pause Young (Allocation Failure) 119M->5M(910M) 0.513ms
[368.329s][info][gc,cpu         ] GC(1672) User=0.00s Sys=0.00s Real=0.00s
[368.351s][info][gc,start       ] GC(1673) Pause Young (Allocation Failure)
[368.352s][info][gc,heap        ] GC(1673) PSYoungGen: 116992K(232960K)->256K(232960K) Eden: 116736K(116736K)->0K(116736K) From: 256K(116224K)->256K(116224K)
[368.352s][info][gc,heap        ] GC(1673) ParOldGen: 5644K(699392K)->5692K(699392K)
[368.352s][info][gc,metaspace   ] GC(1673) Metaspace: 16600K(16896K)->16600K(16896K) NonClass: 14269K(14400K)->14269K(14400K) Class: 2331K(2496K)->2331K(2496K)
[368.352s][info][gc             ] GC(1673) Pause Young (Allocation Failure) 119M->5M(910M) 0.479ms
[368.352s][info][gc,cpu         ] GC(1673) User=0.00s Sys=0.00s Real=0.00s
[368.374s][info][gc,start       ] GC(1674) Pause Young (Allocation Failure)
[368.375s][info][gc,heap        ] GC(1674) PSYoungGen: 116992K(232960K)->224K(232960K) Eden: 116736K(116736K)->0K(116736K) From: 256K(116224K)->224K(116224K)
[368.375s][info][gc,heap        ] GC(1674) ParOldGen: 5692K(699392K)->5724K(699392K)
[368.375s][info][gc,metaspace   ] GC(1674) Metaspace: 16600K(16896K)->16600K(16896K) NonClass: 14269K(14400K)->14269K(14400K) Class: 2331K(2496K)->2331K(2496K)
[368.375s][info][gc             ] GC(1674) Pause Young (Allocation Failure) 119M->5M(910M) 0.482ms
[368.375s][info][gc,cpu         ] GC(1674) User=0.00s Sys=0.00s Real=0.00s
[368.396s][info][gc,start       ] GC(1675) Pause Young (Allocation Failure)
[368.397s][info][gc,heap        ] GC(1675) PSYoungGen: 116960K(232960K)->320K(232960K) Eden: 116736K(116736K)->0K(116736K) From: 224K(116224K)->320K(116224K)
[368.397s][info][gc,heap        ] GC(1675) ParOldGen: 5724K(699392K)->5772K(699392K)
[368.397s][info][gc,metaspace   ] GC(1675) Metaspace: 16600K(16896K)->16600K(16896K) NonClass: 14269K(14400K)->14269K(14400K) Class: 2331K(2496K)->2331K(2496K)
[368.397s][info][gc             ] GC(1675) Pause Young (Allocation Failure) 119M->5M(910M) 0.797ms
[368.397s][info][gc,cpu         ] GC(1675) User=0.00s Sys=0.00s Real=0.02s
[368.423s][info][gc,start       ] GC(1676) Pause Young (Allocation Failure)
[368.423s][info][gc,heap        ] GC(1676) PSYoungGen: 117056K(232960K)->320K(232960K) Eden: 116736K(116736K)->0K(116736K) From: 320K(116224K)->320K(116224K)
[368.423s][info][gc,heap        ] GC(1676) ParOldGen: 5772K(699392K)->5804K(699392K)
[368.423s][info][gc,metaspace   ] GC(1676) Metaspace: 16600K(16896K)->16600K(16896K) NonClass: 14269K(14400K)->14269K(14400K) Class: 2331K(2496K)->2331K(2496K)
[368.423s][info][gc             ] GC(1676) Pause Young (Allocation Failure) 119M->5M(910M) 0.574ms
[368.423s][info][gc,cpu         ] GC(1676) User=0.00s Sys=0.00s Real=0.00s
[368.447s][info][gc,start       ] GC(1677) Pause Young (Allocation Failure)
[368.447s][info][gc,heap        ] GC(1677) PSYoungGen: 117056K(232960K)->192K(232960K) Eden: 116736K(116736K)->0K(116736K) From: 320K(116224K)->192K(116224K)
[368.447s][info][gc,heap        ] GC(1677) ParOldGen: 5804K(699392K)->5852K(699392K)
[368.447s][info][gc,metaspace   ] GC(1677) Metaspace: 16600K(16896K)->16600K(16896K) NonClass: 14269K(14400K)->14269K(14400K) Class: 2331K(2496K)->2331K(2496K)
[368.447s][info][gc             ] GC(1677) Pause Young (Allocation Failure) 119M->5M(910M) 0.474ms
[368.447s][info][gc,cpu         ] GC(1677) User=0.00s Sys=0.00s Real=0.00s
[368.469s][info][gc,start       ] GC(1678) Pause Young (Allocation Failure)
[368.469s][info][gc,heap        ] GC(1678) PSYoungGen: 116928K(232960K)->224K(232960K) Eden: 116736K(116736K)->0K(116736K) From: 192K(116224K)->224K(116224K)
[368.469s][info][gc,heap        ] GC(1678) ParOldGen: 5852K(699392K)->5892K(699392K)
[368.469s][info][gc,metaspace   ] GC(1678) Metaspace: 16600K(16896K)->16600K(16896K) NonClass: 14269K(14400K)->14269K(14400K) Class: 2331K(2496K)->2331K(2496K)
[368.469s][info][gc             ] GC(1678) Pause Young (Allocation Failure) 119M->5M(910M) 0.508ms
[368.469s][info][gc,cpu         ] GC(1678) User=0.00s Sys=0.00s Real=0.00s
[368.491s][info][gc,start       ] GC(1679) Pause Young (Allocation Failure)
[368.492s][info][gc,heap        ] GC(1679) PSYoungGen: 116960K(232960K)->256K(232960K) Eden: 116736K(116736K)->0K(116736K) From: 224K(116224K)->256K(116224K)
[368.492s][info][gc,heap        ] GC(1679) ParOldGen: 5892K(699392K)->5932K(699392K)
[368.492s][info][gc,metaspace   ] GC(1679) Metaspace: 16600K(16896K)->16600K(16896K) NonClass: 14269K(14400K)->14269K(14400K) Class: 2331K(2496K)->2331K(2496K)
[368.492s][info][gc             ] GC(1679) Pause Young (Allocation Failure) 119M->6M(910M) 0.487ms
[368.492s][info][gc,cpu         ] GC(1679) User=0.00s Sys=0.00s Real=0.00s
[368.513s][info][gc,start       ] GC(1680) Pause Young (Allocation Failure)
[368.514s][info][gc,heap        ] GC(1680) PSYoungGen: 116992K(232960K)->288K(232960K) Eden: 116736K(116736K)->0K(116736K) From: 256K(116224K)->288K(116224K)
[368.514s][info][gc,heap        ] GC(1680) ParOldGen: 5932K(699392K)->5988K(699392K)
[368.514s][info][gc,metaspace   ] GC(1680) Metaspace: 16600K(16896K)->16600K(16896K) NonClass: 14269K(14400K)->14269K(14400K) Class: 2331K(2496K)->2331K(2496K)
[368.514s][info][gc             ] GC(1680) Pause Young (Allocation Failure) 120M->6M(910M) 0.504ms
[368.514s][info][gc,cpu         ] GC(1680) User=0.00s Sys=0.00s Real=0.00s
[368.536s][info][gc,start       ] GC(1681) Pause Young (Allocation Failure)
[368.536s][info][gc,heap        ] GC(1681) PSYoungGen: 117024K(232960K)->224K(232960K) Eden: 116736K(116736K)->0K(116736K) From: 288K(116224K)->224K(116224K)
[368.536s][info][gc,heap        ] GC(1681) ParOldGen: 5988K(699392K)->6044K(699392K)
[368.536s][info][gc,metaspace   ] GC(1681) Metaspace: 16600K(16896K)->16600K(16896K) NonClass: 14269K(14400K)->14269K(14400K) Class: 2331K(2496K)->2331K(2496K)
[368.536s][info][gc             ] GC(1681) Pause Young (Allocation Failure) 120M->6M(910M) 0.481ms
[368.536s][info][gc,cpu         ] GC(1681) User=0.00s Sys=0.00s Real=0.00s
[368.558s][info][gc,start       ] GC(1682) Pause Young (Allocation Failure)
[368.559s][info][gc,heap        ] GC(1682) PSYoungGen: 116960K(232960K)->320K(232960K) Eden: 116736K(116736K)->0K(116736K) From: 224K(116224K)->320K(116224K)
[368.559s][info][gc,heap        ] GC(1682) ParOldGen: 6044K(699392K)->6084K(699392K)
[368.559s][info][gc,metaspace   ] GC(1682) Metaspace: 16600K(16896K)->16600K(16896K) NonClass: 14269K(14400K)->14269K(14400K) Class: 2331K(2496K)->2331K(2496K)
[368.559s][info][gc             ] GC(1682) Pause Young (Allocation Failure) 120M->6M(910M) 0.517ms
[368.559s][info][gc,cpu         ] GC(1682) User=0.00s Sys=0.00s Real=0.00s
[368.580s][info][gc,start       ] GC(1683) Pause Young (Allocation Failure)
[368.581s][info][gc,heap        ] GC(1683) PSYoungGen: 117056K(232960K)->224K(243200K) Eden: 116736K(116736K)->0K(129536K) From: 320K(116224K)->224K(113664K)
[368.581s][info][gc,heap        ] GC(1683) ParOldGen: 6084K(699392K)->6084K(699392K)
[368.581s][info][gc,metaspace   ] GC(1683) Metaspace: 16600K(16896K)->16600K(16896K) NonClass: 14269K(14400K)->14269K(14400K) Class: 2331K(2496K)->2331K(2496K)
[368.581s][info][gc             ] GC(1683) Pause Young (Allocation Failure) 120M->6M(920M) 0.490ms
[368.581s][info][gc,cpu         ] GC(1683) User=0.00s Sys=0.00s Real=0.00s
[368.604s][info][gc,start       ] GC(1684) Pause Young (Allocation Failure)
[368.605s][info][gc,heap        ] GC(1684) PSYoungGen: 129760K(243200K)->320K(235520K) Eden: 129536K(129536K)->0K(129536K) From: 224K(113664K)->320K(105984K)
[368.605s][info][gc,heap        ] GC(1684) ParOldGen: 6084K(699392K)->6084K(699392K)
[368.605s][info][gc,metaspace   ] GC(1684) Metaspace: 16600K(16896K)->16600K(16896K) NonClass: 14269K(14400K)->14269K(14400K) Class: 2331K(2496K)->2331K(2496K)
[368.605s][info][gc             ] GC(1684) Pause Young (Allocation Failure) 132M->6M(913M) 0.468ms
[368.605s][info][gc,cpu         ] GC(1684) User=0.00s Sys=0.00s Real=0.00s
[368.629s][info][gc,start       ] GC(1685) Pause Young (Allocation Failure)
[368.629s][info][gc,heap        ] GC(1685) PSYoungGen: 129856K(235520K)->384K(257024K) Eden: 129536K(129536K)->0K(157696K) From: 320K(105984K)->384K(99328K)
[368.629s][info][gc,heap        ] GC(1685) ParOldGen: 6084K(699392K)->6084K(699392K)
[368.629s][info][gc,metaspace   ] GC(1685) Metaspace: 16600K(16896K)->16600K(16896K) NonClass: 14269K(14400K)->14269K(14400K) Class: 2331K(2496K)->2331K(2496K)
[368.629s][info][gc             ] GC(1685) Pause Young (Allocation Failure) 132M->6M(934M) 0.512ms
[368.629s][info][gc,cpu         ] GC(1685) User=0.00s Sys=0.00s Real=0.00s
[368.659s][info][gc,start       ] GC(1686) Pause Young (Allocation Failure)
[368.659s][info][gc,heap        ] GC(1686) PSYoungGen: 158080K(257024K)->352K(249856K) Eden: 157696K(157696K)->0K(157696K) From: 384K(99328K)->352K(92160K)
[368.659s][info][gc,heap        ] GC(1686) ParOldGen: 6084K(699392K)->6084K(699392K)
[368.659s][info][gc,metaspace   ] GC(1686) Metaspace: 16600K(16896K)->16600K(16896K) NonClass: 14269K(14400K)->14269K(14400K) Class: 2331K(2496K)->2331K(2496K)
[368.659s][info][gc             ] GC(1686) Pause Young (Allocation Failure) 160M->6M(927M) 0.501ms
[368.659s][info][gc,cpu         ] GC(1686) User=0.00s Sys=0.00s Real=0.00s
[368.689s][info][gc,start       ] GC(1687) Pause Young (Allocation Failure)
[368.689s][info][gc,heap        ] GC(1687) PSYoungGen: 158048K(249856K)->352K(269312K) Eden: 157696K(157696K)->0K(183296K) From: 352K(92160K)->352K(86016K)
[368.689s][info][gc,heap        ] GC(1687) ParOldGen: 6084K(699392K)->6084K(699392K)
[368.689s][info][gc,metaspace   ] GC(1687) Metaspace: 16600K(16896K)->16600K(16896K) NonClass: 14269K(14400K)->14269K(14400K) Class: 2331K(2496K)->2331K(2496K)
[368.689s][info][gc             ] GC(1687) Pause Young (Allocation Failure) 160M->6M(946M) 0.624ms
[368.689s][info][gc,cpu         ] GC(1687) User=0.00s Sys=0.00s Real=0.00s
[368.724s][info][gc,start       ] GC(1688) Pause Young (Allocation Failure)
[368.725s][info][gc,heap        ] GC(1688) PSYoungGen: 183648K(269312K)->384K(263168K) Eden: 183296K(183296K)->0K(183296K) From: 352K(86016K)->384K(79872K)
[368.725s][info][gc,heap        ] GC(1688) ParOldGen: 6084K(699392K)->6084K(699392K)
[368.725s][info][gc,metaspace   ] GC(1688) Metaspace: 16600K(16896K)->16600K(16896K) NonClass: 14269K(14400K)->14269K(14400K) Class: 2331K(2496K)->2331K(2496K)
[368.725s][info][gc             ] GC(1688) Pause Young (Allocation Failure) 185M->6M(940M) 0.546ms
[368.725s][info][gc,cpu         ] GC(1688) User=0.00s Sys=0.00s Real=0.00s
[368.760s][info][gc,start       ] GC(1689) Pause Young (Allocation Failure)
[368.760s][info][gc,heap        ] GC(1689) PSYoungGen: 183680K(263168K)->384K(280064K) Eden: 183296K(183296K)->0K(205824K) From: 384K(79872K)->384K(74240K)
[368.760s][info][gc,heap        ] GC(1689) ParOldGen: 6084K(699392K)->6084K(699392K)
[368.760s][info][gc,metaspace   ] GC(1689) Metaspace: 16600K(16896K)->16600K(16896K) NonClass: 14269K(14400K)->14269K(14400K) Class: 2331K(2496K)->2331K(2496K)
[368.760s][info][gc             ] GC(1689) Pause Young (Allocation Failure) 185M->6M(956M) 0.496ms
[368.760s][info][gc,cpu         ] GC(1689) User=0.00s Sys=0.00s Real=0.00s
[368.798s][info][gc,start       ] GC(1690) Pause Young (Allocation Failure)
[368.799s][info][gc,heap        ] GC(1690) PSYoungGen: 206208K(280064K)->384K(274944K) Eden: 205824K(205824K)->0K(205824K) From: 384K(74240K)->384K(69120K)
[368.799s][info][gc,heap        ] GC(1690) ParOldGen: 6084K(699392K)->6084K(699392K)
[368.799s][info][gc,metaspace   ] GC(1690) Metaspace: 16600K(16896K)->16600K(16896K) NonClass: 14269K(14400K)->14269K(14400K) Class: 2331K(2496K)->2331K(2496K)
[368.799s][info][gc             ] GC(1690) Pause Young (Allocation Failure) 207M->6M(951M) 0.548ms
[368.799s][info][gc,cpu         ] GC(1690) User=0.00s Sys=0.00s Real=0.00s
[368.838s][info][gc,start       ] GC(1691) Pause Young (Allocation Failure)
[368.838s][info][gc,heap        ] GC(1691) PSYoungGen: 206208K(274944K)->288K(289792K) Eden: 205824K(205824K)->0K(225792K) From: 384K(69120K)->288K(64000K)
[368.838s][info][gc,heap        ] GC(1691) ParOldGen: 6084K(699392K)->6084K(699392K)
[368.838s][info][gc,metaspace   ] GC(1691) Metaspace: 16600K(16896K)->16600K(16896K) NonClass: 14269K(14400K)->14269K(14400K) Class: 2331K(2496K)->2331K(2496K)
[368.838s][info][gc             ] GC(1691) Pause Young (Allocation Failure) 207M->6M(966M) 0.436ms
[368.838s][info][gc,cpu         ] GC(1691) User=0.00s Sys=0.00s Real=0.00s
[368.965s][info][gc,start       ] GC(1692) Pause Young (Allocation Failure)
[369.049s][info][gc,heap        ] GC(1692) PSYoungGen: 226080K(289792K)->59363K(285184K) Eden: 225792K(225792K)->0K(225792K) From: 288K(64000K)->59363K(59392K)
[369.051s][info][gc,heap        ] GC(1692) ParOldGen: 6084K(699392K)->93404K(699392K)
[369.051s][info][gc,metaspace   ] GC(1692) Metaspace: 16600K(16896K)->16600K(16896K) NonClass: 14269K(14400K)->14269K(14400K) Class: 2331K(2496K)->2331K(2496K)
[369.051s][info][gc             ] GC(1692) Pause Young (Allocation Failure) 226M->149M(961M) 86.479ms
[369.051s][info][gc,cpu         ] GC(1692) User=0.47s Sys=0.00s Real=0.08s
[369.224s][info][gc,start       ] GC(1693) Pause Young (Allocation Failure)
[369.356s][info][gc,heap        ] GC(1693) PSYoungGen: 285155K(285184K)->63971K(180736K) Eden: 225792K(225792K)->0K(116736K) From: 59363K(59392K)->63971K(64000K)
[369.356s][info][gc,heap        ] GC(1693) ParOldGen: 93404K(699392K)->243204K(699392K)
[369.356s][info][gc,metaspace   ] GC(1693) Metaspace: 16600K(16896K)->16600K(16896K) NonClass: 14269K(14400K)->14269K(14400K) Class: 2331K(2496K)->2331K(2496K)
[369.356s][info][gc             ] GC(1693) Pause Young (Allocation Failure) 369M->299M(859M) 132.155ms
[369.356s][info][gc,cpu         ] GC(1693) User=0.75s Sys=0.00s Real=0.14s
[369.450s][info][gc,start       ] GC(1694) Pause Young (Allocation Failure)
[369.534s][info][gc,heap        ] GC(1694) PSYoungGen: 180707K(180736K)->116195K(232960K) Eden: 116736K(116736K)->0K(116736K) From: 63971K(64000K)->116195K(116224K)
[369.534s][info][gc,heap        ] GC(1694) ParOldGen: 243204K(699392K)->271676K(699392K)
[369.534s][info][gc,metaspace   ] GC(1694) Metaspace: 16600K(16896K)->16600K(16896K) NonClass: 14269K(14400K)->14269K(14400K) Class: 2331K(2496K)->2331K(2496K)
[369.534s][info][gc             ] GC(1694) Pause Young (Allocation Failure) 413M->378M(910M) 84.252ms
[369.534s][info][gc,cpu         ] GC(1694) User=0.45s Sys=0.00s Real=0.08s
[369.668s][info][gc,start       ] GC(1695) Pause Young (Allocation Failure)
[369.782s][info][gc,heap        ] GC(1695) PSYoungGen: 232931K(232960K)->116195K(232960K) Eden: 116736K(116736K)->0K(116736K) From: 116195K(116224K)->116195K(116224K)
[369.782s][info][gc,heap        ] GC(1695) ParOldGen: 271676K(699392K)->334220K(699392K)
[369.782s][info][gc,metaspace   ] GC(1695) Metaspace: 16600K(16896K)->16600K(16896K) NonClass: 14269K(14400K)->14269K(14400K) Class: 2331K(2496K)->2331K(2496K)
[369.782s][info][gc             ] GC(1695) Pause Young (Allocation Failure) 492M->439M(910M) 114.463ms
[369.783s][info][gc,cpu         ] GC(1695) User=0.58s Sys=0.00s Real=0.11s
[372.642s][info][gc,start       ] GC(1696) Pause Young (Allocation Failure)
[372.746s][info][gc,heap        ] GC(1696) PSYoungGen: 232931K(232960K)->116194K(232960K) Eden: 116736K(116736K)->0K(116736K) From: 116195K(116224K)->116194K(116224K)
[372.746s][info][gc,heap        ] GC(1696) ParOldGen: 334220K(699392K)->351972K(699392K)
[372.746s][info][gc,metaspace   ] GC(1696) Metaspace: 16600K(16896K)->16600K(16896K) NonClass: 14269K(14400K)->14269K(14400K) Class: 2331K(2496K)->2331K(2496K)
[372.746s][info][gc             ] GC(1696) Pause Young (Allocation Failure) 553M->457M(910M) 104.077ms
[372.746s][info][gc,cpu         ] GC(1696) User=0.50s Sys=0.00s Real=0.11s
[372.804s][info][gc,start       ] GC(1697) Pause Young (Allocation Failure)
[372.916s][info][gc,heap        ] GC(1697) PSYoungGen: 232930K(232960K)->116194K(232960K) Eden: 116736K(116736K)->0K(116736K) From: 116194K(116224K)->116194K(116224K)
[372.916s][info][gc,heap        ] GC(1697) ParOldGen: 351972K(699392K)->402740K(699392K)
[372.916s][info][gc,metaspace   ] GC(1697) Metaspace: 16600K(16896K)->16600K(16896K) NonClass: 14269K(14400K)->14269K(14400K) Class: 2331K(2496K)->2331K(2496K)
[372.916s][info][gc             ] GC(1697) Pause Young (Allocation Failure) 571M->506M(910M) 111.752ms
[372.916s][info][gc,cpu         ] GC(1697) User=0.61s Sys=0.00s Real=0.11s
[372.983s][info][gc,start       ] GC(1698) Pause Young (Allocation Failure)
[373.097s][info][gc,heap        ] GC(1698) PSYoungGen: 232930K(232960K)->111680K(232960K) Eden: 116736K(116736K)->0K(116736K) From: 116194K(116224K)->111680K(116224K)
[373.097s][info][gc,heap        ] GC(1698) ParOldGen: 402740K(699392K)->458935K(699392K)
[373.097s][info][gc,metaspace   ] GC(1698) Metaspace: 16600K(16896K)->16600K(16896K) NonClass: 14269K(14400K)->14269K(14400K) Class: 2331K(2496K)->2331K(2496K)
[373.097s][info][gc             ] GC(1698) Pause Young (Allocation Failure) 620M->557M(910M) 114.596ms
[373.097s][info][gc,cpu         ] GC(1698) User=0.55s Sys=0.00s Real=0.11s
[373.162s][info][gc,start       ] GC(1699) Pause Young (Allocation Failure)
[373.251s][info][gc,heap        ] GC(1699) PSYoungGen: 228416K(232960K)->111808K(232960K) Eden: 116736K(116736K)->0K(116736K) From: 111680K(116224K)->111808K(116224K)
[373.251s][info][gc,heap        ] GC(1699) ParOldGen: 458935K(699392K)->507391K(699392K)
[373.251s][info][gc,metaspace   ] GC(1699) Metaspace: 16600K(16896K)->16600K(16896K) NonClass: 14269K(14400K)->14269K(14400K) Class: 2331K(2496K)->2331K(2496K)
[373.251s][info][gc             ] GC(1699) Pause Young (Allocation Failure) 671M->604M(910M) 89.281ms
[373.251s][info][gc,cpu         ] GC(1699) User=0.50s Sys=0.00s Real=0.09s
[373.315s][info][gc,start       ] GC(1700) Pause Young (Allocation Failure)
[373.412s][info][gc,heap        ] GC(1700) PSYoungGen: 228544K(232960K)->116224K(232960K) Eden: 116736K(116736K)->0K(116736K) From: 111808K(116224K)->116224K(116224K)
[373.412s][info][gc,heap        ] GC(1700) ParOldGen: 507391K(699392K)->551215K(699392K)
[373.412s][info][gc,metaspace   ] GC(1700) Metaspace: 16600K(16896K)->16600K(16896K) NonClass: 14269K(14400K)->14269K(14400K) Class: 2331K(2496K)->2331K(2496K)
[373.412s][info][gc             ] GC(1700) Pause Young (Allocation Failure) 718M->651M(910M) 97.257ms
[373.412s][info][gc,cpu         ] GC(1700) User=0.44s Sys=0.00s Real=0.09s
[373.493s][info][gc,start       ] GC(1701) Pause Young (Allocation Failure)
[373.578s][info][gc,heap        ] GC(1701) PSYoungGen: 232960K(232960K)->85504K(232960K) Eden: 116736K(116736K)->0K(116736K) From: 116224K(116224K)->85504K(116224K)
[373.578s][info][gc,heap        ] GC(1701) ParOldGen: 551215K(699392K)->633023K(699392K)
[373.578s][info][gc,metaspace   ] GC(1701) Metaspace: 16600K(16896K)->16600K(16896K) NonClass: 14269K(14400K)->14269K(14400K) Class: 2331K(2496K)->2331K(2496K)
[373.578s][info][gc             ] GC(1701) Pause Young (Allocation Failure) 765M->701M(910M) 85.332ms
[373.578s][info][gc,cpu         ] GC(1701) User=0.42s Sys=0.00s Real=0.09s
[373.644s][info][gc,start       ] GC(1702) Pause Full (Ergonomics)
[373.644s][info][gc,phases,start] GC(1702) Marking Phase
[373.737s][info][gc,phases      ] GC(1702) Marking Phase 92.803ms
[373.737s][info][gc,phases,start] GC(1702) Summary Phase
[373.737s][info][gc,phases      ] GC(1702) Summary Phase 0.026ms
[373.737s][info][gc,phases,start] GC(1702) Adjust Roots
[373.739s][info][gc,phases      ] GC(1702) Adjust Roots 1.925ms
[373.739s][info][gc,phases,start] GC(1702) Compaction Phase
[373.968s][info][gc,phases      ] GC(1702) Compaction Phase 229.150ms
[373.968s][info][gc,phases,start] GC(1702) Post Compact
[373.971s][info][gc,phases      ] GC(1702) Post Compact 2.161ms
[373.971s][info][gc,heap        ] GC(1702) PSYoungGen: 202240K(232960K)->0K(232960K) Eden: 116736K(116736K)->0K(116736K) From: 85504K(116224K)->0K(116224K)
[373.971s][info][gc,heap        ] GC(1702) ParOldGen: 633023K(699392K)->319269K(699392K)
[373.971s][info][gc,metaspace   ] GC(1702) Metaspace: 16600K(16896K)->16600K(16896K) NonClass: 14269K(14400K)->14269K(14400K) Class: 2331K(2496K)->2331K(2496K)
[373.971s][info][gc             ] GC(1702) Pause Full (Ergonomics) 815M->311M(910M) 326.467ms
[373.971s][info][gc,cpu         ] GC(1702) User=1.78s Sys=0.00s Real=0.33s
[374.032s][info][gc,start       ] GC(1703) Pause Young (Allocation Failure)
[374.057s][info][gc,heap        ] GC(1703) PSYoungGen: 116736K(232960K)->50976K(232960K) Eden: 116736K(116736K)->0K(116736K) From: 0K(116224K)->50976K(116224K)
[374.057s][info][gc,heap        ] GC(1703) ParOldGen: 319269K(699392K)->319269K(699392K)
[374.057s][info][gc,metaspace   ] GC(1703) Metaspace: 16600K(16896K)->16600K(16896K) NonClass: 14269K(14400K)->14269K(14400K) Class: 2331K(2496K)->2331K(2496K)
[374.057s][info][gc             ] GC(1703) Pause Young (Allocation Failure) 425M->361M(910M) 24.838ms
[374.057s][info][gc,cpu         ] GC(1703) User=0.08s Sys=0.00s Real=0.03s
[374.124s][info][gc,start       ] GC(1704) Pause Young (Allocation Failure)
[374.185s][info][gc,heap        ] GC(1704) PSYoungGen: 167712K(232960K)->51072K(232960K) Eden: 116736K(116736K)->0K(116736K) From: 50976K(116224K)->51072K(116224K)
[374.185s][info][gc,heap        ] GC(1704) ParOldGen: 319269K(699392K)->367261K(699392K)
[374.185s][info][gc,metaspace   ] GC(1704) Metaspace: 16600K(16896K)->16600K(16896K) NonClass: 14269K(14400K)->14269K(14400K) Class: 2331K(2496K)->2331K(2496K)
[374.185s][info][gc             ] GC(1704) Pause Young (Allocation Failure) 475M->408M(910M) 60.622ms
[374.185s][info][gc,cpu         ] GC(1704) User=0.17s Sys=0.02s Real=0.06s
[374.512s][info][gc,start       ] GC(1705) Pause Young (Allocation Failure)
[374.617s][info][gc,heap        ] GC(1705) PSYoungGen: 167808K(232960K)->73834K(232960K) Eden: 116736K(116736K)->0K(116736K) From: 51072K(116224K)->73834K(116224K)
[374.617s][info][gc,heap        ] GC(1705) ParOldGen: 367261K(699392K)->416397K(699392K)
[374.617s][info][gc,metaspace   ] GC(1705) Metaspace: 16600K(16896K)->16600K(16896K) NonClass: 14269K(14400K)->14269K(14400K) Class: 2331K(2496K)->2331K(2496K)
[374.617s][info][gc             ] GC(1705) Pause Young (Allocation Failure) 522M->478M(910M) 104.412ms
[374.617s][info][gc,cpu         ] GC(1705) User=0.53s Sys=0.00s Real=0.11s
[374.769s][info][gc,start       ] GC(1706) Pause Young (Allocation Failure)
[374.846s][info][gc,heap        ] GC(1706) PSYoungGen: 190570K(232960K)->4064K(232960K) Eden: 116736K(116736K)->0K(116736K) From: 73834K(116224K)->4064K(116224K)
[374.846s][info][gc,heap        ] GC(1706) ParOldGen: 416397K(699392K)->464550K(699392K)
[374.846s][info][gc,metaspace   ] GC(1706) Metaspace: 16600K(16896K)->16600K(16896K) NonClass: 14269K(14400K)->14269K(14400K) Class: 2331K(2496K)->2331K(2496K)
[374.846s][info][gc             ] GC(1706) Pause Young (Allocation Failure) 592M->457M(910M) 77.102ms
[374.846s][info][gc,cpu         ] GC(1706) User=0.33s Sys=0.00s Real=0.08s
[374.994s][info][gc,start       ] GC(1707) Pause Young (Allocation Failure)
[374.997s][info][gc,heap        ] GC(1707) PSYoungGen: 120800K(232960K)->3392K(232960K) Eden: 116736K(116736K)->0K(116736K) From: 4064K(116224K)->3392K(116224K)
[374.997s][info][gc,heap        ] GC(1707) ParOldGen: 464550K(699392K)->464974K(699392K)
[374.997s][info][gc,metaspace   ] GC(1707) Metaspace: 16600K(16896K)->16600K(16896K) NonClass: 14269K(14400K)->14269K(14400K) Class: 2331K(2496K)->2331K(2496K)
[374.997s][info][gc             ] GC(1707) Pause Young (Allocation Failure) 571M->457M(910M) 3.037ms
[374.997s][info][gc,cpu         ] GC(1707) User=0.00s Sys=0.00s Real=0.00s
[375.142s][info][gc,start       ] GC(1708) Pause Young (Allocation Failure)
[375.145s][info][gc,heap        ] GC(1708) PSYoungGen: 120128K(232960K)->2656K(232960K) Eden: 116736K(116736K)->0K(116736K) From: 3392K(116224K)->2656K(116224K)
[375.145s][info][gc,heap        ] GC(1708) ParOldGen: 464974K(699392K)->465150K(699392K)
[375.145s][info][gc,metaspace   ] GC(1708) Metaspace: 16600K(16896K)->16600K(16896K) NonClass: 14269K(14400K)->14269K(14400K) Class: 2331K(2496K)->2331K(2496K)
[375.145s][info][gc             ] GC(1708) Pause Young (Allocation Failure) 571M->456M(910M) 2.562ms
[375.145s][info][gc,cpu         ] GC(1708) User=0.00s Sys=0.00s Real=0.00s
[375.274s][info][gc,start       ] GC(1709) Pause Young (Allocation Failure)
[375.275s][info][gc,heap        ] GC(1709) PSYoungGen: 119392K(232960K)->1408K(232960K) Eden: 116736K(116736K)->0K(116736K) From: 2656K(116224K)->1408K(116224K)
[375.276s][info][gc,heap        ] GC(1709) ParOldGen: 465150K(699392K)->465198K(699392K)
[375.276s][info][gc,metaspace   ] GC(1709) Metaspace: 16600K(16896K)->16600K(16896K) NonClass: 14269K(14400K)->14269K(14400K) Class: 2331K(2496K)->2331K(2496K)
[375.276s][info][gc             ] GC(1709) Pause Young (Allocation Failure) 570M->455M(910M) 1.836ms
[375.276s][info][gc,cpu         ] GC(1709) User=0.00s Sys=0.00s Real=0.01s
[375.982s][info][gc,start       ] GC(1710) Pause Young (Allocation Failure)
[375.984s][info][gc,heap        ] GC(1710) PSYoungGen: 118144K(232960K)->2176K(232960K) Eden: 116736K(116736K)->0K(116736K) From: 1408K(116224K)->2176K(116224K)
[375.984s][info][gc,heap        ] GC(1710) ParOldGen: 465198K(699392K)->465198K(699392K)
[375.984s][info][gc,metaspace   ] GC(1710) Metaspace: 16600K(16896K)->16600K(16896K) NonClass: 14269K(14400K)->14269K(14400K) Class: 2331K(2496K)->2331K(2496K)
[375.984s][info][gc             ] GC(1710) Pause Young (Allocation Failure) 569M->456M(910M) 1.435ms
[375.984s][info][gc,cpu         ] GC(1710) User=0.00s Sys=0.00s Real=0.00s
[376.076s][info][gc,start       ] GC(1711) Pause Young (System.gc())
[376.076s][info][gc,heap        ] GC(1711) PSYoungGen: 15194K(232960K)->96K(232960K) Eden: 13018K(116736K)->0K(116736K) From: 2176K(116224K)->96K(116224K)
[376.077s][info][gc,heap        ] GC(1711) ParOldGen: 465198K(699392K)->465230K(699392K)
[376.077s][info][gc,metaspace   ] GC(1711) Metaspace: 16600K(16896K)->16600K(16896K) NonClass: 14269K(14400K)->14269K(14400K) Class: 2331K(2496K)->2331K(2496K)
[376.077s][info][gc             ] GC(1711) Pause Young (System.gc()) 469M->454M(910M) 0.888ms
[376.077s][info][gc,cpu         ] GC(1711) User=0.00s Sys=0.00s Real=0.00s
[376.077s][info][gc,start       ] GC(1712) Pause Full (System.gc())
[376.077s][info][gc,phases,start] GC(1712) Marking Phase
[376.082s][info][gc,phases      ] GC(1712) Marking Phase 5.495ms
[376.082s][info][gc,phases,start] GC(1712) Summary Phase
[376.082s][info][gc,phases      ] GC(1712) Summary Phase 0.012ms
[376.082s][info][gc,phases,start] GC(1712) Adjust Roots
[376.085s][info][gc,phases      ] GC(1712) Adjust Roots 3.060ms
[376.085s][info][gc,phases,start] GC(1712) Compaction Phase
[376.087s][info][gc,phases      ] GC(1712) Compaction Phase 1.542ms
[376.087s][info][gc,phases,start] GC(1712) Post Compact
[376.089s][info][gc,phases      ] GC(1712) Post Compact 1.947ms
[376.089s][info][gc,heap        ] GC(1712) PSYoungGen: 96K(232960K)->0K(232960K) Eden: 0K(116736K)->0K(116736K) From: 96K(116224K)->0K(116224K)
[376.089s][info][gc,heap        ] GC(1712) ParOldGen: 465230K(699392K)->5548K(699392K)
[376.089s][info][gc,metaspace   ] GC(1712) Metaspace: 16600K(16896K)->16600K(16896K) NonClass: 14269K(14400K)->14269K(14400K) Class: 2331K(2496K)->2331K(2496K)
[376.089s][info][gc             ] GC(1712) Pause Full (System.gc()) 454M->5M(910M) 12.367ms
[376.089s][info][gc,cpu         ] GC(1712) User=0.00s Sys=0.00s Real=0.00s
[377.510s][info][gc,start       ] GC(1713) Pause Young (Allocation Failure)
[377.510s][info][gc,heap        ] GC(1713) PSYoungGen: 116736K(232960K)->384K(232960K) Eden: 116736K(116736K)->0K(116736K) From: 0K(116224K)->384K(116224K)
[377.510s][info][gc,heap        ] GC(1713) ParOldGen: 5548K(699392K)->5548K(699392K)
[377.510s][info][gc,metaspace   ] GC(1713) Metaspace: 16602K(16896K)->16602K(16896K) NonClass: 14270K(14400K)->14270K(14400K) Class: 2331K(2496K)->2331K(2496K)
[377.510s][info][gc             ] GC(1713) Pause Young (Allocation Failure) 119M->5M(910M) 0.614ms
[377.510s][info][gc,cpu         ] GC(1713) User=0.00s Sys=0.00s Real=0.00s
[377.533s][info][gc,start       ] GC(1714) Pause Young (Allocation Failure)
[377.533s][info][gc,heap        ] GC(1714) PSYoungGen: 117120K(232960K)->256K(232960K) Eden: 116736K(116736K)->0K(116736K) From: 384K(116224K)->256K(116224K)
[377.533s][info][gc,heap        ] GC(1714) ParOldGen: 5548K(699392K)->5652K(699392K)
[377.533s][info][gc,metaspace   ] GC(1714) Metaspace: 16602K(16896K)->16602K(16896K) NonClass: 14270K(14400K)->14270K(14400K) Class: 2331K(2496K)->2331K(2496K)
[377.533s][info][gc             ] GC(1714) Pause Young (Allocation Failure) 119M->5M(910M) 0.774ms
[377.533s][info][gc,cpu         ] GC(1714) User=0.00s Sys=0.00s Real=0.00s
[377.559s][info][gc,start       ] GC(1715) Pause Young (Allocation Failure)
[377.560s][info][gc,heap        ] GC(1715) PSYoungGen: 116992K(232960K)->288K(232960K) Eden: 116736K(116736K)->0K(116736K) From: 256K(116224K)->288K(116224K)
[377.560s][info][gc,heap        ] GC(1715) ParOldGen: 5652K(699392K)->5692K(699392K)
[377.560s][info][gc,metaspace   ] GC(1715) Metaspace: 16602K(16896K)->16602K(16896K) NonClass: 14270K(14400K)->14270K(14400K) Class: 2331K(2496K)->2331K(2496K)
[377.560s][info][gc             ] GC(1715) Pause Young (Allocation Failure) 119M->5M(910M) 0.508ms
[377.560s][info][gc,cpu         ] GC(1715) User=0.00s Sys=0.00s Real=0.00s
[377.582s][info][gc,start       ] GC(1716) Pause Young (Allocation Failure)
[377.582s][info][gc,heap        ] GC(1716) PSYoungGen: 117024K(232960K)->256K(232960K) Eden: 116736K(116736K)->0K(116736K) From: 288K(116224K)->256K(116224K)
[377.582s][info][gc,heap        ] GC(1716) ParOldGen: 5692K(699392K)->5740K(699392K)
[377.583s][info][gc,metaspace   ] GC(1716) Metaspace: 16602K(16896K)->16602K(16896K) NonClass: 14270K(14400K)->14270K(14400K) Class: 2331K(2496K)->2331K(2496K)
[377.583s][info][gc             ] GC(1716) Pause Young (Allocation Failure) 119M->5M(910M) 0.448ms
[377.583s][info][gc,cpu         ] GC(1716) User=0.00s Sys=0.00s Real=0.00s
[377.604s][info][gc,start       ] GC(1717) Pause Young (Allocation Failure)
[377.605s][info][gc,heap        ] GC(1717) PSYoungGen: 116992K(232960K)->224K(232960K) Eden: 116736K(116736K)->0K(116736K) From: 256K(116224K)->224K(116224K)
[377.605s][info][gc,heap        ] GC(1717) ParOldGen: 5740K(699392K)->5780K(699392K)
[377.605s][info][gc,metaspace   ] GC(1717) Metaspace: 16602K(16896K)->16602K(16896K) NonClass: 14270K(14400K)->14270K(14400K) Class: 2331K(2496K)->2331K(2496K)
[377.605s][info][gc             ] GC(1717) Pause Young (Allocation Failure) 119M->5M(910M) 0.451ms
[377.605s][info][gc,cpu         ] GC(1717) User=0.00s Sys=0.00s Real=0.00s
[377.626s][info][gc,start       ] GC(1718) Pause Young (Allocation Failure)
[377.627s][info][gc,heap        ] GC(1718) PSYoungGen: 116960K(232960K)->224K(232960K) Eden: 116736K(116736K)->0K(116736K) From: 224K(116224K)->224K(116224K)
[377.627s][info][gc,heap        ] GC(1718) ParOldGen: 5780K(699392K)->5820K(699392K)
[377.627s][info][gc,metaspace   ] GC(1718) Metaspace: 16602K(16896K)->16602K(16896K) NonClass: 14270K(14400K)->14270K(14400K) Class: 2331K(2496K)->2331K(2496K)
[377.627s][info][gc             ] GC(1718) Pause Young (Allocation Failure) 119M->5M(910M) 0.472ms
[377.627s][info][gc,cpu         ] GC(1718) User=0.00s Sys=0.00s Real=0.00s
[377.649s][info][gc,start       ] GC(1719) Pause Young (Allocation Failure)
[377.649s][info][gc,heap        ] GC(1719) PSYoungGen: 116960K(232960K)->224K(232960K) Eden: 116736K(116736K)->0K(116736K) From: 224K(116224K)->224K(116224K)
[377.649s][info][gc,heap        ] GC(1719) ParOldGen: 5820K(699392K)->5868K(699392K)
[377.649s][info][gc,metaspace   ] GC(1719) Metaspace: 16602K(16896K)->16602K(16896K) NonClass: 14270K(14400K)->14270K(14400K) Class: 2331K(2496K)->2331K(2496K)
[377.649s][info][gc             ] GC(1719) Pause Young (Allocation Failure) 119M->5M(910M) 0.447ms
[377.649s][info][gc,cpu         ] GC(1719) User=0.00s Sys=0.00s Real=0.00s
[377.673s][info][gc,start       ] GC(1720) Pause Young (Allocation Failure)
[377.673s][info][gc,heap        ] GC(1720) PSYoungGen: 116960K(232960K)->288K(232960K) Eden: 116736K(116736K)->0K(116736K) From: 224K(116224K)->288K(116224K)
[377.673s][info][gc,heap        ] GC(1720) ParOldGen: 5868K(699392K)->5916K(699392K)
[377.673s][info][gc,metaspace   ] GC(1720) Metaspace: 16602K(16896K)->16602K(16896K) NonClass: 14270K(14400K)->14270K(14400K) Class: 2331K(2496K)->2331K(2496K)
[377.673s][info][gc             ] GC(1720) Pause Young (Allocation Failure) 119M->6M(910M) 0.568ms
[377.673s][info][gc,cpu         ] GC(1720) User=0.00s Sys=0.00s Real=0.00s
[377.700s][info][gc,start       ] GC(1721) Pause Young (Allocation Failure)
[377.701s][info][gc,heap        ] GC(1721) PSYoungGen: 117024K(232960K)->256K(232960K) Eden: 116736K(116736K)->0K(116736K) From: 288K(116224K)->256K(116224K)
[377.701s][info][gc,heap        ] GC(1721) ParOldGen: 5916K(699392K)->5956K(699392K)
[377.701s][info][gc,metaspace   ] GC(1721) Metaspace: 16602K(16896K)->16602K(16896K) NonClass: 14270K(14400K)->14270K(14400K) Class: 2331K(2496K)->2331K(2496K)
[377.701s][info][gc             ] GC(1721) Pause Young (Allocation Failure) 120M->6M(910M) 0.542ms
[377.701s][info][gc,cpu         ] GC(1721) User=0.00s Sys=0.00s Real=0.00s
[377.730s][info][gc,start       ] GC(1722) Pause Young (Allocation Failure)
[377.731s][info][gc,heap        ] GC(1722) PSYoungGen: 116992K(232960K)->320K(234496K) Eden: 116736K(116736K)->0K(118272K) From: 256K(116224K)->320K(116224K)
[377.731s][info][gc,heap        ] GC(1722) ParOldGen: 5956K(699392K)->5996K(699392K)
[377.731s][info][gc,metaspace   ] GC(1722) Metaspace: 16602K(16896K)->16602K(16896K) NonClass: 14270K(14400K)->14270K(14400K) Class: 2331K(2496K)->2331K(2496K)
[377.731s][info][gc             ] GC(1722) Pause Young (Allocation Failure) 120M->6M(912M) 0.883ms
[377.731s][info][gc,cpu         ] GC(1722) User=0.00s Sys=0.00s Real=0.00s
[377.765s][info][gc,start       ] GC(1723) Pause Young (Allocation Failure)
[377.765s][info][gc,heap        ] GC(1723) PSYoungGen: 118592K(234496K)->288K(232960K) Eden: 118272K(118272K)->0K(118272K) From: 320K(116224K)->288K(114688K)
[377.765s][info][gc,heap        ] GC(1723) ParOldGen: 5996K(699392K)->5996K(699392K)
[377.765s][info][gc,metaspace   ] GC(1723) Metaspace: 16602K(16896K)->16602K(16896K) NonClass: 14270K(14400K)->14270K(14400K) Class: 2331K(2496K)->2331K(2496K)
[377.765s][info][gc             ] GC(1723) Pause Young (Allocation Failure) 121M->6M(910M) 0.770ms
[377.765s][info][gc,cpu         ] GC(1723) User=0.00s Sys=0.00s Real=0.00s
[377.798s][info][gc,start       ] GC(1724) Pause Young (Allocation Failure)
[377.798s][info][gc,heap        ] GC(1724) PSYoungGen: 118560K(232960K)->320K(248832K) Eden: 118272K(118272K)->0K(141312K) From: 288K(114688K)->320K(107520K)
[377.798s][info][gc,heap        ] GC(1724) ParOldGen: 5996K(699392K)->5996K(699392K)
[377.798s][info][gc,metaspace   ] GC(1724) Metaspace: 16602K(16896K)->16602K(16896K) NonClass: 14270K(14400K)->14270K(14400K) Class: 2331K(2496K)->2331K(2496K)
[377.798s][info][gc             ] GC(1724) Pause Young (Allocation Failure) 121M->6M(926M) 0.683ms
[377.798s][info][gc,cpu         ] GC(1724) User=0.00s Sys=0.00s Real=0.00s
[377.841s][info][gc,start       ] GC(1725) Pause Young (Allocation Failure)
[377.842s][info][gc,heap        ] GC(1725) PSYoungGen: 141632K(248832K)->352K(241664K) Eden: 141312K(141312K)->0K(141312K) From: 320K(107520K)->352K(100352K)
[377.842s][info][gc,heap        ] GC(1725) ParOldGen: 5996K(699392K)->5996K(699392K)
[377.842s][info][gc,metaspace   ] GC(1725) Metaspace: 16602K(16896K)->16602K(16896K) NonClass: 14270K(14400K)->14270K(14400K) Class: 2331K(2496K)->2331K(2496K)
[377.842s][info][gc             ] GC(1725) Pause Young (Allocation Failure) 144M->6M(919M) 0.792ms
[377.842s][info][gc,cpu         ] GC(1725) User=0.00s Sys=0.00s Real=0.00s
[377.871s][info][gc,start       ] GC(1726) Pause Young (Allocation Failure)
[377.872s][info][gc,heap        ] GC(1726) PSYoungGen: 141664K(241664K)->384K(261632K) Eden: 141312K(141312K)->0K(167424K) From: 352K(100352K)->384K(94208K)
[377.872s][info][gc,heap        ] GC(1726) ParOldGen: 5996K(699392K)->5996K(699392K)
[377.872s][info][gc,metaspace   ] GC(1726) Metaspace: 16602K(16896K)->16602K(16896K) NonClass: 14270K(14400K)->14270K(14400K) Class: 2331K(2496K)->2331K(2496K)
[377.872s][info][gc             ] GC(1726) Pause Young (Allocation Failure) 144M->6M(938M) 0.505ms
[377.872s][info][gc,cpu         ] GC(1726) User=0.00s Sys=0.00s Real=0.00s
[377.905s][info][gc,start       ] GC(1727) Pause Young (Allocation Failure)
[377.905s][info][gc,heap        ] GC(1727) PSYoungGen: 167808K(261632K)->384K(254976K) Eden: 167424K(167424K)->0K(167424K) From: 384K(94208K)->384K(87552K)
[377.906s][info][gc,heap        ] GC(1727) ParOldGen: 5996K(699392K)->5996K(699392K)
[377.906s][info][gc,metaspace   ] GC(1727) Metaspace: 16602K(16896K)->16602K(16896K) NonClass: 14270K(14400K)->14270K(14400K) Class: 2331K(2496K)->2331K(2496K)
[377.906s][info][gc             ] GC(1727) Pause Young (Allocation Failure) 169M->6M(932M) 0.467ms
[377.906s][info][gc,cpu         ] GC(1727) User=0.00s Sys=0.00s Real=0.00s
[377.937s][info][gc,start       ] GC(1728) Pause Young (Allocation Failure)
[377.938s][info][gc,heap        ] GC(1728) PSYoungGen: 167808K(254976K)->384K(272896K) Eden: 167424K(167424K)->0K(190976K) From: 384K(87552K)->384K(81920K)
[377.938s][info][gc,heap        ] GC(1728) ParOldGen: 5996K(699392K)->5996K(699392K)
[377.938s][info][gc,metaspace   ] GC(1728) Metaspace: 16602K(16896K)->16602K(16896K) NonClass: 14270K(14400K)->14270K(14400K) Class: 2331K(2496K)->2331K(2496K)
[377.938s][info][gc             ] GC(1728) Pause Young (Allocation Failure) 169M->6M(949M) 0.473ms
[377.938s][info][gc,cpu         ] GC(1728) User=0.00s Sys=0.00s Real=0.00s
[377.974s][info][gc,start       ] GC(1729) Pause Young (Allocation Failure)
[377.974s][info][gc,heap        ] GC(1729) PSYoungGen: 191360K(272896K)->352K(267264K) Eden: 190976K(190976K)->0K(190976K) From: 384K(81920K)->352K(76288K)
[377.974s][info][gc,heap        ] GC(1729) ParOldGen: 5996K(699392K)->5996K(699392K)
[377.974s][info][gc,metaspace   ] GC(1729) Metaspace: 16602K(16896K)->16602K(16896K) NonClass: 14270K(14400K)->14270K(14400K) Class: 2331K(2496K)->2331K(2496K)
[377.974s][info][gc             ] GC(1729) Pause Young (Allocation Failure) 192M->6M(944M) 0.598ms
[377.974s][info][gc,cpu         ] GC(1729) User=0.00s Sys=0.00s Real=0.02s
[378.011s][info][gc,start       ] GC(1730) Pause Young (Allocation Failure)
[378.012s][info][gc,heap        ] GC(1730) PSYoungGen: 191328K(267264K)->320K(283136K) Eden: 190976K(190976K)->0K(212480K) From: 352K(76288K)->320K(70656K)
[378.012s][info][gc,heap        ] GC(1730) ParOldGen: 5996K(699392K)->5996K(699392K)
[378.012s][info][gc,metaspace   ] GC(1730) Metaspace: 16602K(16896K)->16602K(16896K) NonClass: 14270K(14400K)->14270K(14400K) Class: 2331K(2496K)->2331K(2496K)
[378.012s][info][gc             ] GC(1730) Pause Young (Allocation Failure) 192M->6M(959M) 0.492ms
[378.012s][info][gc,cpu         ] GC(1730) User=0.00s Sys=0.00s Real=0.00s
[378.055s][info][gc,start       ] GC(1731) Pause Young (Allocation Failure)
[378.056s][info][gc,heap        ] GC(1731) PSYoungGen: 212800K(283136K)->384K(278528K) Eden: 212480K(212480K)->0K(212480K) From: 320K(70656K)->384K(66048K)
[378.056s][info][gc,heap        ] GC(1731) ParOldGen: 5996K(699392K)->5996K(699392K)
[378.056s][info][gc,metaspace   ] GC(1731) Metaspace: 16602K(16896K)->16602K(16896K) NonClass: 14270K(14400K)->14270K(14400K) Class: 2331K(2496K)->2331K(2496K)
[378.056s][info][gc             ] GC(1731) Pause Young (Allocation Failure) 213M->6M(955M) 0.517ms
[378.056s][info][gc,cpu         ] GC(1731) User=0.00s Sys=0.00s Real=0.00s
[378.097s][info][gc,start       ] GC(1732) Pause Young (Allocation Failure)
[378.098s][info][gc,heap        ] GC(1732) PSYoungGen: 212864K(278528K)->352K(292352K) Eden: 212480K(212480K)->0K(231424K) From: 384K(66048K)->352K(60928K)
[378.098s][info][gc,heap        ] GC(1732) ParOldGen: 5996K(699392K)->5996K(699392K)
[378.098s][info][gc,metaspace   ] GC(1732) Metaspace: 16602K(16896K)->16602K(16896K) NonClass: 14270K(14400K)->14270K(14400K) Class: 2331K(2496K)->2331K(2496K)
[378.098s][info][gc             ] GC(1732) Pause Young (Allocation Failure) 213M->6M(968M) 0.576ms
[378.098s][info][gc,cpu         ] GC(1732) User=0.00s Sys=0.00s Real=0.00s
[378.226s][info][gc,start       ] GC(1733) Pause Young (Allocation Failure)
[378.301s][info][gc,heap        ] GC(1733) PSYoungGen: 231776K(292352K)->56803K(288256K) Eden: 231424K(231424K)->0K(231424K) From: 352K(60928K)->56803K(56832K)
[378.301s][info][gc,heap        ] GC(1733) ParOldGen: 5996K(699392K)->73196K(699392K)
[378.301s][info][gc,metaspace   ] GC(1733) Metaspace: 16602K(16896K)->16602K(16896K) NonClass: 14270K(14400K)->14270K(14400K) Class: 2331K(2496K)->2331K(2496K)
[378.301s][info][gc             ] GC(1733) Pause Young (Allocation Failure) 232M->126M(964M) 75.003ms
[378.301s][info][gc,cpu         ] GC(1733) User=0.34s Sys=0.00s Real=0.08s
[378.490s][info][gc,start       ] GC(1734) Pause Young (Allocation Failure)
[378.624s][info][gc,heap        ] GC(1734) PSYoungGen: 288227K(288256K)->60899K(177664K) Eden: 231424K(231424K)->0K(116736K) From: 56803K(56832K)->60899K(60928K)
[378.624s][info][gc,heap        ] GC(1734) ParOldGen: 73196K(699392K)->226204K(699392K)
[378.624s][info][gc,metaspace   ] GC(1734) Metaspace: 16602K(16896K)->16602K(16896K) NonClass: 14270K(14400K)->14270K(14400K) Class: 2331K(2496K)->2331K(2496K)
[378.624s][info][gc             ] GC(1734) Pause Young (Allocation Failure) 352M->280M(856M) 134.041ms
[378.624s][info][gc,cpu         ] GC(1734) User=0.83s Sys=0.00s Real=0.14s
[378.717s][info][gc,start       ] GC(1735) Pause Young (Allocation Failure)
[378.799s][info][gc,heap        ] GC(1735) PSYoungGen: 177635K(177664K)->116195K(232960K) Eden: 116736K(116736K)->0K(116736K) From: 60899K(60928K)->116195K(116224K)
[378.799s][info][gc,heap        ] GC(1735) ParOldGen: 226204K(699392K)->251676K(699392K)
[378.799s][info][gc,metaspace   ] GC(1735) Metaspace: 16602K(16896K)->16602K(16896K) NonClass: 14270K(14400K)->14270K(14400K) Class: 2331K(2496K)->2331K(2496K)
[378.799s][info][gc             ] GC(1735) Pause Young (Allocation Failure) 394M->359M(910M) 82.827ms
[378.799s][info][gc,cpu         ] GC(1735) User=0.41s Sys=0.00s Real=0.08s
[378.898s][info][gc,start       ] GC(1736) Pause Young (Allocation Failure)
[379.018s][info][gc,heap        ] GC(1736) PSYoungGen: 232931K(232960K)->116195K(232960K) Eden: 116736K(116736K)->0K(116736K) From: 116195K(116224K)->116195K(116224K)
[379.018s][info][gc,heap        ] GC(1736) ParOldGen: 251676K(699392K)->331988K(699392K)
[379.018s][info][gc,metaspace   ] GC(1736) Metaspace: 16602K(16896K)->16602K(16896K) NonClass: 14270K(14400K)->14270K(14400K) Class: 2331K(2496K)->2331K(2496K)
[379.018s][info][gc             ] GC(1736) Pause Young (Allocation Failure) 473M->437M(910M) 120.114ms
[379.018s][info][gc,cpu         ] GC(1736) User=0.62s Sys=0.00s Real=0.13s
[381.833s][info][gc,start       ] GC(1737) Pause Young (Allocation Failure)
[381.932s][info][gc,heap        ] GC(1737) PSYoungGen: 232931K(232960K)->116195K(232960K) Eden: 116736K(116736K)->0K(116736K) From: 116195K(116224K)->116195K(116224K)
[381.932s][info][gc,heap        ] GC(1737) ParOldGen: 331988K(699392K)->340468K(699392K)
[381.932s][info][gc,metaspace   ] GC(1737) Metaspace: 16602K(16896K)->16602K(16896K) NonClass: 14270K(14400K)->14270K(14400K) Class: 2331K(2496K)->2331K(2496K)
[381.932s][info][gc             ] GC(1737) Pause Young (Allocation Failure) 551M->445M(910M) 99.217ms
[381.932s][info][gc,cpu         ] GC(1737) User=0.50s Sys=0.00s Real=0.11s
[381.985s][info][gc,start       ] GC(1738) Pause Young (Allocation Failure)
[382.094s][info][gc,heap        ] GC(1738) PSYoungGen: 232931K(232960K)->116195K(232960K) Eden: 116736K(116736K)->0K(116736K) From: 116195K(116224K)->116195K(116224K)
[382.094s][info][gc,heap        ] GC(1738) ParOldGen: 340468K(699392K)->391580K(699392K)
[382.094s][info][gc,metaspace   ] GC(1738) Metaspace: 16602K(16896K)->16602K(16896K) NonClass: 14270K(14400K)->14270K(14400K) Class: 2331K(2496K)->2331K(2496K)
[382.094s][info][gc             ] GC(1738) Pause Young (Allocation Failure) 559M->495M(910M) 109.542ms
[382.094s][info][gc,cpu         ] GC(1738) User=0.59s Sys=0.00s Real=0.11s
[382.150s][info][gc,start       ] GC(1739) Pause Young (Allocation Failure)
[382.255s][info][gc,heap        ] GC(1739) PSYoungGen: 232931K(232960K)->116224K(232960K) Eden: 116736K(116736K)->0K(116736K) From: 116195K(116224K)->116224K(116224K)
[382.255s][info][gc,heap        ] GC(1739) ParOldGen: 391580K(699392K)->441855K(699392K)
[382.255s][info][gc,metaspace   ] GC(1739) Metaspace: 16602K(16896K)->16602K(16896K) NonClass: 14270K(14400K)->14270K(14400K) Class: 2331K(2496K)->2331K(2496K)
[382.255s][info][gc             ] GC(1739) Pause Young (Allocation Failure) 609M->544M(910M) 105.148ms
[382.255s][info][gc,cpu         ] GC(1739) User=0.53s Sys=0.00s Real=0.09s
[382.312s][info][gc,start       ] GC(1740) Pause Young (Allocation Failure)
[382.398s][info][gc,heap        ] GC(1740) PSYoungGen: 232960K(232960K)->111232K(232960K) Eden: 116736K(116736K)->0K(116736K) From: 116224K(116224K)->111232K(116224K)
[382.398s][info][gc,heap        ] GC(1740) ParOldGen: 441855K(699392K)->496743K(699392K)
[382.398s][info][gc,metaspace   ] GC(1740) Metaspace: 16602K(16896K)->16602K(16896K) NonClass: 14270K(14400K)->14270K(14400K) Class: 2331K(2496K)->2331K(2496K)
[382.398s][info][gc             ] GC(1740) Pause Young (Allocation Failure) 658M->593M(910M) 85.506ms
[382.398s][info][gc,cpu         ] GC(1740) User=0.44s Sys=0.02s Real=0.08s
[382.458s][info][gc,start       ] GC(1741) Pause Young (Allocation Failure)
[382.542s][info][gc,heap        ] GC(1741) PSYoungGen: 227968K(232960K)->116224K(232960K) Eden: 116736K(116736K)->0K(116736K) From: 111232K(116224K)->116224K(116224K)
[382.542s][info][gc,heap        ] GC(1741) ParOldGen: 496743K(699392K)->540047K(699392K)
[382.542s][info][gc,metaspace   ] GC(1741) Metaspace: 16602K(16896K)->16602K(16896K) NonClass: 14270K(14400K)->14270K(14400K) Class: 2331K(2496K)->2331K(2496K)
[382.542s][info][gc             ] GC(1741) Pause Young (Allocation Failure) 707M->640M(910M) 84.281ms
[382.542s][info][gc,cpu         ] GC(1741) User=0.47s Sys=0.00s Real=0.09s
[382.601s][info][gc,start       ] GC(1742) Pause Young (Allocation Failure)
[382.677s][info][gc,heap        ] GC(1742) PSYoungGen: 232960K(232960K)->116224K(232960K) Eden: 116736K(116736K)->0K(116736K) From: 116224K(116224K)->116224K(116224K)
[382.677s][info][gc,heap        ] GC(1742) ParOldGen: 540047K(699392K)->590071K(699392K)
[382.677s][info][gc,metaspace   ] GC(1742) Metaspace: 16602K(16896K)->16602K(16896K) NonClass: 14270K(14400K)->14270K(14400K) Class: 2331K(2496K)->2331K(2496K)
[382.677s][info][gc             ] GC(1742) Pause Young (Allocation Failure) 754M->689M(910M) 76.399ms
[382.677s][info][gc,cpu         ] GC(1742) User=0.39s Sys=0.00s Real=0.08s
[382.735s][info][gc,start       ] GC(1743) Pause Young (Allocation Failure)
[382.816s][info][gc,heap        ] GC(1743) PSYoungGen: 232960K(232960K)->82528K(232960K) Eden: 116736K(116736K)->0K(116736K) From: 116224K(116224K)->82528K(116224K)
[382.816s][info][gc,heap        ] GC(1743) ParOldGen: 590071K(699392K)->673999K(699392K)
[382.816s][info][gc,metaspace   ] GC(1743) Metaspace: 16602K(16896K)->16602K(16896K) NonClass: 14270K(14400K)->14270K(14400K) Class: 2331K(2496K)->2331K(2496K)
[382.816s][info][gc             ] GC(1743) Pause Young (Allocation Failure) 803M->738M(910M) 80.267ms
[382.816s][info][gc,cpu         ] GC(1743) User=0.44s Sys=0.00s Real=0.08s
[382.875s][info][gc,start       ] GC(1744) Pause Full (Ergonomics)
[382.875s][info][gc,phases,start] GC(1744) Marking Phase
[383.006s][info][gc,phases      ] GC(1744) Marking Phase 131.267ms
[383.006s][info][gc,phases,start] GC(1744) Summary Phase
[383.006s][info][gc,phases      ] GC(1744) Summary Phase 0.026ms
[383.006s][info][gc,phases,start] GC(1744) Adjust Roots
[383.008s][info][gc,phases      ] GC(1744) Adjust Roots 2.035ms
[383.008s][info][gc,phases,start] GC(1744) Compaction Phase
[383.277s][info][gc,phases      ] GC(1744) Compaction Phase 268.631ms
[383.277s][info][gc,phases,start] GC(1744) Post Compact
[383.279s][info][gc,phases      ] GC(1744) Post Compact 2.341ms
[383.279s][info][gc,heap        ] GC(1744) PSYoungGen: 199264K(232960K)->0K(232960K) Eden: 116736K(116736K)->0K(116736K) From: 82528K(116224K)->0K(116224K)
[383.279s][info][gc,heap        ] GC(1744) ParOldGen: 673999K(699392K)->355641K(699392K)
[383.279s][info][gc,metaspace   ] GC(1744) Metaspace: 16602K(16896K)->16602K(16896K) NonClass: 14270K(14400K)->14270K(14400K) Class: 2331K(2496K)->2331K(2496K)
[383.279s][info][gc             ] GC(1744) Pause Full (Ergonomics) 852M->347M(910M) 404.675ms
[383.279s][info][gc,cpu         ] GC(1744) User=2.09s Sys=0.03s Real=0.41s
[383.346s][info][gc,start       ] GC(1745) Pause Young (Allocation Failure)
[383.376s][info][gc,heap        ] GC(1745) PSYoungGen: 116736K(232960K)->51072K(232960K) Eden: 116736K(116736K)->0K(116736K) From: 0K(116224K)->51072K(116224K)
[383.376s][info][gc,heap        ] GC(1745) ParOldGen: 355641K(699392K)->355641K(699392K)
[383.376s][info][gc,metaspace   ] GC(1745) Metaspace: 16602K(16896K)->16602K(16896K) NonClass: 14270K(14400K)->14270K(14400K) Class: 2331K(2496K)->2331K(2496K)
[383.376s][info][gc             ] GC(1745) Pause Young (Allocation Failure) 461M->397M(910M) 30.776ms
[383.376s][info][gc,cpu         ] GC(1745) User=0.09s Sys=0.00s Real=0.03s
[383.506s][info][gc,start       ] GC(1746) Pause Young (Allocation Failure)
[383.613s][info][gc,heap        ] GC(1746) PSYoungGen: 167808K(232960K)->83722K(232960K) Eden: 116736K(116736K)->0K(116736K) From: 51072K(116224K)->83722K(116224K)
[383.613s][info][gc,heap        ] GC(1746) ParOldGen: 355641K(699392K)->404345K(699392K)
[383.613s][info][gc,metaspace   ] GC(1746) Metaspace: 16602K(16896K)->16602K(16896K) NonClass: 14270K(14400K)->14270K(14400K) Class: 2331K(2496K)->2331K(2496K)
[383.613s][info][gc             ] GC(1746) Pause Young (Allocation Failure) 511M->476M(910M) 107.221ms
[383.613s][info][gc,cpu         ] GC(1746) User=0.55s Sys=0.00s Real=0.11s
[383.952s][info][gc,start       ] GC(1747) Pause Young (Allocation Failure)
[384.036s][info][gc,heap        ] GC(1747) PSYoungGen: 200458K(232960K)->5504K(232960K) Eden: 116736K(116736K)->0K(116736K) From: 83722K(116224K)->5504K(116224K)
[384.036s][info][gc,heap        ] GC(1747) ParOldGen: 404345K(699392K)->466476K(699392K)
[384.036s][info][gc,metaspace   ] GC(1747) Metaspace: 16602K(16896K)->16602K(16896K) NonClass: 14270K(14400K)->14270K(14400K) Class: 2331K(2496K)->2331K(2496K)
[384.036s][info][gc             ] GC(1747) Pause Young (Allocation Failure) 590M->460M(910M) 83.927ms
[384.036s][info][gc,cpu         ] GC(1747) User=0.47s Sys=0.00s Real=0.09s
[384.227s][info][gc,start       ] GC(1748) Pause Young (Allocation Failure)
[384.233s][info][gc,heap        ] GC(1748) PSYoungGen: 122240K(232960K)->3552K(232960K) Eden: 116736K(116736K)->0K(116736K) From: 5504K(116224K)->3552K(116224K)
[384.233s][info][gc,heap        ] GC(1748) ParOldGen: 466476K(699392K)->468332K(699392K)
[384.233s][info][gc,metaspace   ] GC(1748) Metaspace: 16602K(16896K)->16602K(16896K) NonClass: 14270K(14400K)->14270K(14400K) Class: 2331K(2496K)->2331K(2496K)
[384.233s][info][gc             ] GC(1748) Pause Young (Allocation Failure) 574M->460M(910M) 6.817ms
[384.233s][info][gc,cpu         ] GC(1748) User=0.00s Sys=0.00s Real=0.00s
[384.379s][info][gc,start       ] GC(1749) Pause Young (Allocation Failure)
[384.383s][info][gc,heap        ] GC(1749) PSYoungGen: 120288K(232960K)->2816K(232960K) Eden: 116736K(116736K)->0K(116736K) From: 3552K(116224K)->2816K(116224K)
[384.383s][info][gc,heap        ] GC(1749) ParOldGen: 468332K(699392K)->468564K(699392K)
[384.383s][info][gc,metaspace   ] GC(1749) Metaspace: 16602K(16896K)->16602K(16896K) NonClass: 14270K(14400K)->14270K(14400K) Class: 2331K(2496K)->2331K(2496K)
[384.383s][info][gc             ] GC(1749) Pause Young (Allocation Failure) 574M->460M(910M) 3.274ms
[384.383s][info][gc,cpu         ] GC(1749) User=0.00s Sys=0.00s Real=0.00s
[384.512s][info][gc,start       ] GC(1750) Pause Young (Allocation Failure)
[384.514s][info][gc,heap        ] GC(1750) PSYoungGen: 119552K(232960K)->1888K(232960K) Eden: 116736K(116736K)->0K(116736K) From: 2816K(116224K)->1888K(116224K)
[384.514s][info][gc,heap        ] GC(1750) ParOldGen: 468564K(699392K)->468636K(699392K)
[384.514s][info][gc,metaspace   ] GC(1750) Metaspace: 16602K(16896K)->16602K(16896K) NonClass: 14270K(14400K)->14270K(14400K) Class: 2331K(2496K)->2331K(2496K)
[384.514s][info][gc             ] GC(1750) Pause Young (Allocation Failure) 574M->459M(910M) 2.628ms
[384.514s][info][gc,cpu         ] GC(1750) User=0.00s Sys=0.00s Real=0.00s
[385.043s][info][gc,start       ] GC(1751) Pause Young (Allocation Failure)
[385.044s][info][gc,heap        ] GC(1751) PSYoungGen: 118624K(232960K)->2144K(232960K) Eden: 116736K(116736K)->0K(116736K) From: 1888K(116224K)->2144K(116224K)
[385.044s][info][gc,heap        ] GC(1751) ParOldGen: 468636K(699392K)->468636K(699392K)
[385.044s][info][gc,metaspace   ] GC(1751) Metaspace: 16602K(16896K)->16602K(16896K) NonClass: 14270K(14400K)->14270K(14400K) Class: 2331K(2496K)->2331K(2496K)
[385.044s][info][gc             ] GC(1751) Pause Young (Allocation Failure) 573M->459M(910M) 1.619ms
[385.044s][info][gc,cpu         ] GC(1751) User=0.00s Sys=0.00s Real=0.00s
[385.320s][info][gc,start       ] GC(1752) Pause Young (System.gc())
[385.321s][info][gc,heap        ] GC(1752) PSYoungGen: 41695K(232960K)->96K(232960K) Eden: 39551K(116736K)->0K(116736K) From: 2144K(116224K)->96K(116224K)
[385.321s][info][gc,heap        ] GC(1752) ParOldGen: 468636K(699392K)->468660K(699392K)
[385.321s][info][gc,metaspace   ] GC(1752) Metaspace: 16602K(16896K)->16602K(16896K) NonClass: 14270K(14400K)->14270K(14400K) Class: 2331K(2496K)->2331K(2496K)
[385.321s][info][gc             ] GC(1752) Pause Young (System.gc()) 498M->457M(910M) 0.875ms
[385.321s][info][gc,cpu         ] GC(1752) User=0.00s Sys=0.00s Real=0.00s
[385.321s][info][gc,start       ] GC(1753) Pause Full (System.gc())
[385.321s][info][gc,phases,start] GC(1753) Marking Phase
[385.326s][info][gc,phases      ] GC(1753) Marking Phase 4.604ms
[385.326s][info][gc,phases,start] GC(1753) Summary Phase
[385.326s][info][gc,phases      ] GC(1753) Summary Phase 0.011ms
[385.326s][info][gc,phases,start] GC(1753) Adjust Roots
[385.328s][info][gc,phases      ] GC(1753) Adjust Roots 1.813ms
[385.328s][info][gc,phases,start] GC(1753) Compaction Phase
[385.329s][info][gc,phases      ] GC(1753) Compaction Phase 1.469ms
[385.329s][info][gc,phases,start] GC(1753) Post Compact
[385.331s][info][gc,phases      ] GC(1753) Post Compact 1.889ms
[385.331s][info][gc,heap        ] GC(1753) PSYoungGen: 96K(232960K)->0K(232960K) Eden: 0K(116736K)->0K(116736K) From: 96K(116224K)->0K(116224K)
[385.331s][info][gc,heap        ] GC(1753) ParOldGen: 468660K(699392K)->5548K(699392K)
[385.331s][info][gc,metaspace   ] GC(1753) Metaspace: 16602K(16896K)->16602K(16896K) NonClass: 14270K(14400K)->14270K(14400K) Class: 2331K(2496K)->2331K(2496K)
[385.331s][info][gc             ] GC(1753) Pause Full (System.gc()) 457M->5M(910M) 10.065ms
[385.331s][info][gc,cpu         ] GC(1753) User=0.00s Sys=0.00s Real=0.00s
[386.773s][info][gc,start       ] GC(1754) Pause Young (Allocation Failure)
[386.774s][info][gc,heap        ] GC(1754) PSYoungGen: 116736K(232960K)->352K(232960K) Eden: 116736K(116736K)->0K(116736K) From: 0K(116224K)->352K(116224K)
[386.774s][info][gc,heap        ] GC(1754) ParOldGen: 5548K(699392K)->5548K(699392K)
[386.774s][info][gc,metaspace   ] GC(1754) Metaspace: 16602K(16896K)->16602K(16896K) NonClass: 14270K(14400K)->14270K(14400K) Class: 2331K(2496K)->2331K(2496K)
[386.774s][info][gc             ] GC(1754) Pause Young (Allocation Failure) 119M->5M(910M) 0.566ms
[386.774s][info][gc,cpu         ] GC(1754) User=0.00s Sys=0.00s Real=0.00s
[386.797s][info][gc,start       ] GC(1755) Pause Young (Allocation Failure)
[386.797s][info][gc,heap        ] GC(1755) PSYoungGen: 117088K(232960K)->288K(232960K) Eden: 116736K(116736K)->0K(116736K) From: 352K(116224K)->288K(116224K)
[386.797s][info][gc,heap        ] GC(1755) ParOldGen: 5548K(699392K)->5652K(699392K)
[386.797s][info][gc,metaspace   ] GC(1755) Metaspace: 16602K(16896K)->16602K(16896K) NonClass: 14270K(14400K)->14270K(14400K) Class: 2331K(2496K)->2331K(2496K)
[386.797s][info][gc             ] GC(1755) Pause Young (Allocation Failure) 119M->5M(910M) 0.537ms
[386.797s][info][gc,cpu         ] GC(1755) User=0.00s Sys=0.00s Real=0.00s
[386.821s][info][gc,start       ] GC(1756) Pause Young (Allocation Failure)
[386.821s][info][gc,heap        ] GC(1756) PSYoungGen: 117024K(232960K)->224K(232960K) Eden: 116736K(116736K)->0K(116736K) From: 288K(116224K)->224K(116224K)
[386.821s][info][gc,heap        ] GC(1756) ParOldGen: 5652K(699392K)->5700K(699392K)
[386.821s][info][gc,metaspace   ] GC(1756) Metaspace: 16602K(16896K)->16602K(16896K) NonClass: 14270K(14400K)->14270K(14400K) Class: 2331K(2496K)->2331K(2496K)
[386.821s][info][gc             ] GC(1756) Pause Young (Allocation Failure) 119M->5M(910M) 0.512ms
[386.821s][info][gc,cpu         ] GC(1756) User=0.00s Sys=0.00s Real=0.00s
[386.842s][info][gc,start       ] GC(1757) Pause Young (Allocation Failure)
[386.843s][info][gc,heap        ] GC(1757) PSYoungGen: 116960K(232960K)->352K(232960K) Eden: 116736K(116736K)->0K(116736K) From: 224K(116224K)->352K(116224K)
[386.843s][info][gc,heap        ] GC(1757) ParOldGen: 5700K(699392K)->5748K(699392K)
[386.843s][info][gc,metaspace   ] GC(1757) Metaspace: 16602K(16896K)->16602K(16896K) NonClass: 14270K(14400K)->14270K(14400K) Class: 2331K(2496K)->2331K(2496K)
[386.843s][info][gc             ] GC(1757) Pause Young (Allocation Failure) 119M->5M(910M) 0.468ms
[386.843s][info][gc,cpu         ] GC(1757) User=0.00s Sys=0.00s Real=0.00s
[386.874s][info][gc,start       ] GC(1758) Pause Young (Allocation Failure)
[386.874s][info][gc,heap        ] GC(1758) PSYoungGen: 117088K(232960K)->288K(232960K) Eden: 116736K(116736K)->0K(116736K) From: 352K(116224K)->288K(116224K)
[386.874s][info][gc,heap        ] GC(1758) ParOldGen: 5748K(699392K)->5796K(699392K)
[386.874s][info][gc,metaspace   ] GC(1758) Metaspace: 16602K(16896K)->16602K(16896K) NonClass: 14270K(14400K)->14270K(14400K) Class: 2331K(2496K)->2331K(2496K)
[386.874s][info][gc             ] GC(1758) Pause Young (Allocation Failure) 119M->5M(910M) 0.774ms
[386.874s][info][gc,cpu         ] GC(1758) User=0.00s Sys=0.00s Real=0.00s
[386.904s][info][gc,start       ] GC(1759) Pause Young (Allocation Failure)
[386.905s][info][gc,heap        ] GC(1759) PSYoungGen: 117024K(232960K)->320K(232960K) Eden: 116736K(116736K)->0K(116736K) From: 288K(116224K)->320K(116224K)
[386.905s][info][gc,heap        ] GC(1759) ParOldGen: 5796K(699392K)->5844K(699392K)
[386.905s][info][gc,metaspace   ] GC(1759) Metaspace: 16602K(16896K)->16602K(16896K) NonClass: 14270K(14400K)->14270K(14400K) Class: 2331K(2496K)->2331K(2496K)
[386.905s][info][gc             ] GC(1759) Pause Young (Allocation Failure) 119M->6M(910M) 0.746ms
[386.905s][info][gc,cpu         ] GC(1759) User=0.00s Sys=0.00s Real=0.00s
[386.937s][info][gc,start       ] GC(1760) Pause Young (Allocation Failure)
[386.938s][info][gc,heap        ] GC(1760) PSYoungGen: 117056K(232960K)->320K(232960K) Eden: 116736K(116736K)->0K(116736K) From: 320K(116224K)->320K(116224K)
[386.938s][info][gc,heap        ] GC(1760) ParOldGen: 5844K(699392K)->5884K(699392K)
[386.938s][info][gc,metaspace   ] GC(1760) Metaspace: 16602K(16896K)->16602K(16896K) NonClass: 14270K(14400K)->14270K(14400K) Class: 2331K(2496K)->2331K(2496K)
[386.938s][info][gc             ] GC(1760) Pause Young (Allocation Failure) 120M->6M(910M) 0.646ms
[386.938s][info][gc,cpu         ] GC(1760) User=0.00s Sys=0.00s Real=0.00s
[386.973s][info][gc,start       ] GC(1761) Pause Young (Allocation Failure)
[386.973s][info][gc,heap        ] GC(1761) PSYoungGen: 117056K(232960K)->288K(232960K) Eden: 116736K(116736K)->0K(116736K) From: 320K(116224K)->288K(116224K)
[386.974s][info][gc,heap        ] GC(1761) ParOldGen: 5884K(699392K)->5924K(699392K)
[386.974s][info][gc,metaspace   ] GC(1761) Metaspace: 16602K(16896K)->16602K(16896K) NonClass: 14270K(14400K)->14270K(14400K) Class: 2331K(2496K)->2331K(2496K)
[386.974s][info][gc             ] GC(1761) Pause Young (Allocation Failure) 120M->6M(910M) 0.834ms
[386.974s][info][gc,cpu         ] GC(1761) User=0.00s Sys=0.00s Real=0.00s
[387.002s][info][gc,start       ] GC(1762) Pause Young (Allocation Failure)
[387.003s][info][gc,heap        ] GC(1762) PSYoungGen: 117024K(232960K)->320K(232960K) Eden: 116736K(116736K)->0K(116736K) From: 288K(116224K)->320K(116224K)
[387.003s][info][gc,heap        ] GC(1762) ParOldGen: 5924K(699392K)->5972K(699392K)
[387.003s][info][gc,metaspace   ] GC(1762) Metaspace: 16602K(16896K)->16602K(16896K) NonClass: 14270K(14400K)->14270K(14400K) Class: 2331K(2496K)->2331K(2496K)
[387.003s][info][gc             ] GC(1762) Pause Young (Allocation Failure) 120M->6M(910M) 0.682ms
[387.003s][info][gc,cpu         ] GC(1762) User=0.00s Sys=0.00s Real=0.00s
[387.028s][info][gc,start       ] GC(1763) Pause Young (Allocation Failure)
[387.029s][info][gc,heap        ] GC(1763) PSYoungGen: 117056K(232960K)->288K(232960K) Eden: 116736K(116736K)->0K(116736K) From: 320K(116224K)->288K(116224K)
[387.029s][info][gc,heap        ] GC(1763) ParOldGen: 5972K(699392K)->6020K(699392K)
[387.029s][info][gc,metaspace   ] GC(1763) Metaspace: 16602K(16896K)->16602K(16896K) NonClass: 14270K(14400K)->14270K(14400K) Class: 2331K(2496K)->2331K(2496K)
[387.029s][info][gc             ] GC(1763) Pause Young (Allocation Failure) 120M->6M(910M) 0.728ms
[387.029s][info][gc,cpu         ] GC(1763) User=0.00s Sys=0.00s Real=0.00s
[387.053s][info][gc,start       ] GC(1764) Pause Young (Allocation Failure)
[387.053s][info][gc,heap        ] GC(1764) PSYoungGen: 117024K(232960K)->256K(232960K) Eden: 116736K(116736K)->0K(116736K) From: 288K(116224K)->256K(116224K)
[387.053s][info][gc,heap        ] GC(1764) ParOldGen: 6020K(699392K)->6076K(699392K)
[387.053s][info][gc,metaspace   ] GC(1764) Metaspace: 16602K(16896K)->16602K(16896K) NonClass: 14270K(14400K)->14270K(14400K) Class: 2331K(2496K)->2331K(2496K)
[387.053s][info][gc             ] GC(1764) Pause Young (Allocation Failure) 120M->6M(910M) 0.462ms
[387.053s][info][gc,cpu         ] GC(1764) User=0.00s Sys=0.00s Real=0.00s
[387.080s][info][gc,start       ] GC(1765) Pause Young (Allocation Failure)
[387.080s][info][gc,heap        ] GC(1765) PSYoungGen: 116992K(232960K)->384K(234496K) Eden: 116736K(116736K)->0K(118272K) From: 256K(116224K)->384K(116224K)
[387.080s][info][gc,heap        ] GC(1765) ParOldGen: 6076K(699392K)->6116K(699392K)
[387.080s][info][gc,metaspace   ] GC(1765) Metaspace: 16602K(16896K)->16602K(16896K) NonClass: 14270K(14400K)->14270K(14400K) Class: 2331K(2496K)->2331K(2496K)
[387.080s][info][gc             ] GC(1765) Pause Young (Allocation Failure) 120M->6M(912M) 0.469ms
[387.080s][info][gc,cpu         ] GC(1765) User=0.00s Sys=0.00s Real=0.00s
[387.103s][info][gc,start       ] GC(1766) Pause Young (Allocation Failure)
[387.104s][info][gc,heap        ] GC(1766) PSYoungGen: 118656K(234496K)->320K(232960K) Eden: 118272K(118272K)->0K(118272K) From: 384K(116224K)->320K(114688K)
[387.104s][info][gc,heap        ] GC(1766) ParOldGen: 6116K(699392K)->6116K(699392K)
[387.104s][info][gc,metaspace   ] GC(1766) Metaspace: 16602K(16896K)->16602K(16896K) NonClass: 14270K(14400K)->14270K(14400K) Class: 2331K(2496K)->2331K(2496K)
[387.104s][info][gc             ] GC(1766) Pause Young (Allocation Failure) 121M->6M(910M) 0.516ms
[387.104s][info][gc,cpu         ] GC(1766) User=0.00s Sys=0.00s Real=0.00s
[387.126s][info][gc,start       ] GC(1767) Pause Young (Allocation Failure)
[387.127s][info][gc,heap        ] GC(1767) PSYoungGen: 118592K(232960K)->352K(249344K) Eden: 118272K(118272K)->0K(142336K) From: 320K(114688K)->352K(107008K)
[387.127s][info][gc,heap        ] GC(1767) ParOldGen: 6116K(699392K)->6116K(699392K)
[387.127s][info][gc,metaspace   ] GC(1767) Metaspace: 16602K(16896K)->16602K(16896K) NonClass: 14270K(14400K)->14270K(14400K) Class: 2331K(2496K)->2331K(2496K)
[387.127s][info][gc             ] GC(1767) Pause Young (Allocation Failure) 121M->6M(926M) 0.586ms
[387.127s][info][gc,cpu         ] GC(1767) User=0.00s Sys=0.00s Real=0.00s
[387.154s][info][gc,start       ] GC(1768) Pause Young (Allocation Failure)
[387.154s][info][gc,heap        ] GC(1768) PSYoungGen: 142688K(249344K)->384K(242176K) Eden: 142336K(142336K)->0K(142336K) From: 352K(107008K)->384K(99840K)
[387.154s][info][gc,heap        ] GC(1768) ParOldGen: 6116K(699392K)->6116K(699392K)
[387.154s][info][gc,metaspace   ] GC(1768) Metaspace: 16602K(16896K)->16602K(16896K) NonClass: 14270K(14400K)->14270K(14400K) Class: 2331K(2496K)->2331K(2496K)
[387.154s][info][gc             ] GC(1768) Pause Young (Allocation Failure) 145M->6M(919M) 0.525ms
[387.154s][info][gc,cpu         ] GC(1768) User=0.00s Sys=0.00s Real=0.00s
[387.182s][info][gc,start       ] GC(1769) Pause Young (Allocation Failure)
[387.183s][info][gc,heap        ] GC(1769) PSYoungGen: 142720K(242176K)->352K(262144K) Eden: 142336K(142336K)->0K(168960K) From: 384K(99840K)->352K(93184K)
[387.183s][info][gc,heap        ] GC(1769) ParOldGen: 6116K(699392K)->6116K(699392K)
[387.183s][info][gc,metaspace   ] GC(1769) Metaspace: 16602K(16896K)->16602K(16896K) NonClass: 14270K(14400K)->14270K(14400K) Class: 2331K(2496K)->2331K(2496K)
[387.183s][info][gc             ] GC(1769) Pause Young (Allocation Failure) 145M->6M(939M) 0.468ms
[387.183s][info][gc,cpu         ] GC(1769) User=0.00s Sys=0.00s Real=0.00s
[387.216s][info][gc,start       ] GC(1770) Pause Young (Allocation Failure)
[387.216s][info][gc,heap        ] GC(1770) PSYoungGen: 169312K(262144K)->352K(256000K) Eden: 168960K(168960K)->0K(168960K) From: 352K(93184K)->352K(87040K)
[387.216s][info][gc,heap        ] GC(1770) ParOldGen: 6116K(699392K)->6116K(699392K)
[387.216s][info][gc,metaspace   ] GC(1770) Metaspace: 16602K(16896K)->16602K(16896K) NonClass: 14270K(14400K)->14270K(14400K) Class: 2331K(2496K)->2331K(2496K)
[387.216s][info][gc             ] GC(1770) Pause Young (Allocation Failure) 171M->6M(933M) 0.464ms
[387.216s][info][gc,cpu         ] GC(1770) User=0.00s Sys=0.00s Real=0.00s
[387.249s][info][gc,start       ] GC(1771) Pause Young (Allocation Failure)
[387.250s][info][gc,heap        ] GC(1771) PSYoungGen: 169312K(256000K)->288K(273920K) Eden: 168960K(168960K)->0K(193024K) From: 352K(87040K)->288K(80896K)
[387.250s][info][gc,heap        ] GC(1771) ParOldGen: 6116K(699392K)->6116K(699392K)
[387.250s][info][gc,metaspace   ] GC(1771) Metaspace: 16602K(16896K)->16602K(16896K) NonClass: 14270K(14400K)->14270K(14400K) Class: 2331K(2496K)->2331K(2496K)
[387.250s][info][gc             ] GC(1771) Pause Young (Allocation Failure) 171M->6M(950M) 0.632ms
[387.250s][info][gc,cpu         ] GC(1771) User=0.02s Sys=0.00s Real=0.01s
[387.286s][info][gc,start       ] GC(1772) Pause Young (Allocation Failure)
[387.286s][info][gc,heap        ] GC(1772) PSYoungGen: 193312K(273920K)->352K(268288K) Eden: 193024K(193024K)->0K(193024K) From: 288K(80896K)->352K(75264K)
[387.286s][info][gc,heap        ] GC(1772) ParOldGen: 6116K(699392K)->6116K(699392K)
[387.286s][info][gc,metaspace   ] GC(1772) Metaspace: 16602K(16896K)->16602K(16896K) NonClass: 14270K(14400K)->14270K(14400K) Class: 2331K(2496K)->2331K(2496K)
[387.286s][info][gc             ] GC(1772) Pause Young (Allocation Failure) 194M->6M(945M) 0.563ms
[387.286s][info][gc,cpu         ] GC(1772) User=0.00s Sys=0.00s Real=0.00s
[387.323s][info][gc,start       ] GC(1773) Pause Young (Allocation Failure)
[387.323s][info][gc,heap        ] GC(1773) PSYoungGen: 193376K(268288K)->384K(284672K) Eden: 193024K(193024K)->0K(215040K) From: 352K(75264K)->384K(69632K)
[387.323s][info][gc,heap        ] GC(1773) ParOldGen: 6116K(699392K)->6116K(699392K)
[387.323s][info][gc,metaspace   ] GC(1773) Metaspace: 16602K(16896K)->16602K(16896K) NonClass: 14270K(14400K)->14270K(14400K) Class: 2331K(2496K)->2331K(2496K)
[387.323s][info][gc             ] GC(1773) Pause Young (Allocation Failure) 194M->6M(961M) 0.523ms
[387.323s][info][gc,cpu         ] GC(1773) User=0.00s Sys=0.00s Real=0.00s
[387.366s][info][gc,start       ] GC(1774) Pause Young (Allocation Failure)
[387.366s][info][gc,heap        ] GC(1774) PSYoungGen: 215424K(284672K)->352K(279552K) Eden: 215040K(215040K)->0K(215040K) From: 384K(69632K)->352K(64512K)
[387.366s][info][gc,heap        ] GC(1774) ParOldGen: 6116K(699392K)->6116K(699392K)
[387.366s][info][gc,metaspace   ] GC(1774) Metaspace: 16602K(16896K)->16602K(16896K) NonClass: 14270K(14400K)->14270K(14400K) Class: 2331K(2496K)->2331K(2496K)
[387.366s][info][gc             ] GC(1774) Pause Young (Allocation Failure) 216M->6M(956M) 0.491ms
[387.366s][info][gc,cpu         ] GC(1774) User=0.00s Sys=0.00s Real=0.00s
[387.491s][info][gc,start       ] GC(1775) Pause Young (Allocation Failure)
[387.565s][info][gc,heap        ] GC(1775) PSYoungGen: 215392K(279552K)->59875K(208384K) Eden: 215040K(215040K)->0K(148480K) From: 352K(64512K)->59875K(59904K)
[387.565s][info][gc,heap        ] GC(1775) ParOldGen: 6116K(699392K)->76596K(699392K)
[387.565s][info][gc,metaspace   ] GC(1775) Metaspace: 16602K(16896K)->16602K(16896K) NonClass: 14270K(14400K)->14270K(14400K) Class: 2331K(2496K)->2331K(2496K)
[387.565s][info][gc             ] GC(1775) Pause Young (Allocation Failure) 216M->133M(886M) 73.990ms
[387.565s][info][gc,cpu         ] GC(1775) User=0.39s Sys=0.00s Real=0.08s
[387.667s][info][gc,start       ] GC(1776) Pause Young (Allocation Failure)
[387.757s][info][gc,heap        ] GC(1776) PSYoungGen: 208355K(208384K)->100323K(248832K) Eden: 148480K(148480K)->0K(148480K) From: 59875K(59904K)->100323K(100352K)
[387.757s][info][gc,heap        ] GC(1776) ParOldGen: 76596K(699392K)->137548K(699392K)
[387.757s][info][gc,metaspace   ] GC(1776) Metaspace: 16602K(16896K)->16602K(16896K) NonClass: 14270K(14400K)->14270K(14400K) Class: 2331K(2496K)->2331K(2496K)
[387.757s][info][gc             ] GC(1776) Pause Young (Allocation Failure) 278M->232M(926M) 90.087ms
[387.757s][info][gc,cpu         ] GC(1776) User=0.47s Sys=0.00s Real=0.09s
[387.872s][info][gc,start       ] GC(1777) Pause Young (Allocation Failure)
[387.991s][info][gc,heap        ] GC(1777) PSYoungGen: 248803K(248832K)->100322K(217088K) Eden: 148480K(148480K)->0K(116736K) From: 100323K(100352K)->100322K(100352K)
[387.991s][info][gc,heap        ] GC(1777) ParOldGen: 137548K(699392K)->238276K(699392K)
[387.991s][info][gc,metaspace   ] GC(1777) Metaspace: 16602K(16896K)->16602K(16896K) NonClass: 14270K(14400K)->14270K(14400K) Class: 2331K(2496K)->2331K(2496K)
[387.991s][info][gc             ] GC(1777) Pause Young (Allocation Failure) 377M->330M(895M) 118.892ms
[387.991s][info][gc,cpu         ] GC(1777) User=0.62s Sys=0.00s Real=0.13s
[388.084s][info][gc,start       ] GC(1778) Pause Young (Allocation Failure)
[388.195s][info][gc,heap        ] GC(1778) PSYoungGen: 217058K(217088K)->116195K(232960K) Eden: 116736K(116736K)->0K(116736K) From: 100322K(100352K)->116195K(116224K)
[388.195s][info][gc,heap        ] GC(1778) ParOldGen: 238276K(699392K)->305380K(699392K)
[388.195s][info][gc,metaspace   ] GC(1778) Metaspace: 16602K(16896K)->16602K(16896K) NonClass: 14270K(14400K)->14270K(14400K) Class: 2331K(2496K)->2331K(2496K)
[388.195s][info][gc             ] GC(1778) Pause Young (Allocation Failure) 444M->411M(910M) 111.030ms
[388.195s][info][gc,cpu         ] GC(1778) User=0.58s Sys=0.00s Real=0.11s
[388.428s][info][gc,start       ] GC(1779) Pause Young (Allocation Failure)
[388.536s][info][gc,heap        ] GC(1779) PSYoungGen: 232931K(232960K)->116210K(232960K) Eden: 116736K(116736K)->0K(116736K) From: 116195K(116224K)->116210K(116224K)
[388.536s][info][gc,heap        ] GC(1779) ParOldGen: 305380K(699392K)->330396K(699392K)
[388.536s][info][gc,metaspace   ] GC(1779) Metaspace: 16602K(16896K)->16602K(16896K) NonClass: 14270K(14400K)->14270K(14400K) Class: 2331K(2496K)->2331K(2496K)
[388.536s][info][gc             ] GC(1779) Pause Young (Allocation Failure) 525M->436M(910M) 107.799ms
[388.536s][info][gc,cpu         ] GC(1779) User=0.73s Sys=0.00s Real=0.11s
[391.042s][info][gc,start       ] GC(1780) Pause Young (Allocation Failure)
[391.139s][info][gc,heap        ] GC(1780) PSYoungGen: 232946K(232960K)->116195K(232960K) Eden: 116736K(116736K)->0K(116736K) From: 116210K(116224K)->116195K(116224K)
[391.139s][info][gc,heap        ] GC(1780) ParOldGen: 330396K(699392K)->373964K(699392K)
[391.139s][info][gc,metaspace   ] GC(1780) Metaspace: 16602K(16896K)->16602K(16896K) NonClass: 14270K(14400K)->14270K(14400K) Class: 2331K(2496K)->2331K(2496K)
[391.139s][info][gc             ] GC(1780) Pause Young (Allocation Failure) 550M->478M(910M) 97.272ms
[391.139s][info][gc,cpu         ] GC(1780) User=0.53s Sys=0.02s Real=0.10s
[391.194s][info][gc,start       ] GC(1781) Pause Young (Allocation Failure)
[391.294s][info][gc,heap        ] GC(1781) PSYoungGen: 232931K(232960K)->115136K(232960K) Eden: 116736K(116736K)->0K(116736K) From: 116195K(116224K)->115136K(116224K)
[391.294s][info][gc,heap        ] GC(1781) ParOldGen: 373964K(699392K)->425744K(699392K)
[391.294s][info][gc,metaspace   ] GC(1781) Metaspace: 16602K(16896K)->16602K(16896K) NonClass: 14270K(14400K)->14270K(14400K) Class: 2331K(2496K)->2331K(2496K)
[391.294s][info][gc             ] GC(1781) Pause Young (Allocation Failure) 592M->528M(910M) 99.703ms
[391.294s][info][gc,cpu         ] GC(1781) User=0.66s Sys=0.00s Real=0.09s
[391.351s][info][gc,start       ] GC(1782) Pause Young (Allocation Failure)
[391.430s][info][gc,heap        ] GC(1782) PSYoungGen: 231872K(232960K)->116224K(232960K) Eden: 116736K(116736K)->0K(116736K) From: 115136K(116224K)->116224K(116224K)
[391.430s][info][gc,heap        ] GC(1782) ParOldGen: 425744K(699392K)->473280K(699392K)
[391.430s][info][gc,metaspace   ] GC(1782) Metaspace: 16602K(16896K)->16602K(16896K) NonClass: 14270K(14400K)->14270K(14400K) Class: 2331K(2496K)->2331K(2496K)
[391.430s][info][gc             ] GC(1782) Pause Young (Allocation Failure) 642M->575M(910M) 78.809ms
[391.430s][info][gc,cpu         ] GC(1782) User=0.41s Sys=0.00s Real=0.08s
[391.489s][info][gc,start       ] GC(1783) Pause Young (Allocation Failure)
[391.573s][info][gc,heap        ] GC(1783) PSYoungGen: 232960K(232960K)->116224K(232960K) Eden: 116736K(116736K)->0K(116736K) From: 116224K(116224K)->116224K(116224K)
[391.573s][info][gc,heap        ] GC(1783) ParOldGen: 473280K(699392K)->523280K(699392K)
[391.573s][info][gc,metaspace   ] GC(1783) Metaspace: 16602K(16896K)->16602K(16896K) NonClass: 14270K(14400K)->14270K(14400K) Class: 2331K(2496K)->2331K(2496K)
[391.573s][info][gc             ] GC(1783) Pause Young (Allocation Failure) 689M->624M(910M) 83.685ms
[391.573s][info][gc,cpu         ] GC(1783) User=0.55s Sys=0.00s Real=0.09s
[391.630s][info][gc,start       ] GC(1784) Pause Young (Allocation Failure)
[391.708s][info][gc,heap        ] GC(1784) PSYoungGen: 232960K(232960K)->85760K(232960K) Eden: 116736K(116736K)->0K(116736K) From: 116224K(116224K)->85760K(116224K)
[391.708s][info][gc,heap        ] GC(1784) ParOldGen: 523280K(699392K)->604336K(699392K)
[391.708s][info][gc,metaspace   ] GC(1784) Metaspace: 16602K(16896K)->16602K(16896K) NonClass: 14270K(14400K)->14270K(14400K) Class: 2331K(2496K)->2331K(2496K)
[391.708s][info][gc             ] GC(1784) Pause Young (Allocation Failure) 738M->673M(910M) 77.659ms
[391.708s][info][gc,cpu         ] GC(1784) User=0.45s Sys=0.00s Real=0.06s
[391.766s][info][gc,start       ] GC(1785) Pause Full (Ergonomics)
[391.766s][info][gc,phases,start] GC(1785) Marking Phase
[391.851s][info][gc,phases      ] GC(1785) Marking Phase 85.209ms
[391.851s][info][gc,phases,start] GC(1785) Summary Phase
[391.852s][info][gc,phases      ] GC(1785) Summary Phase 0.021ms
[391.852s][info][gc,phases,start] GC(1785) Adjust Roots
[391.853s][info][gc,phases      ] GC(1785) Adjust Roots 1.758ms
[391.853s][info][gc,phases,start] GC(1785) Compaction Phase
[392.061s][info][gc,phases      ] GC(1785) Compaction Phase 207.184ms
[392.061s][info][gc,phases,start] GC(1785) Post Compact
[392.063s][info][gc,phases      ] GC(1785) Post Compact 2.196ms
[392.063s][info][gc,heap        ] GC(1785) PSYoungGen: 202496K(232960K)->0K(232960K) Eden: 116736K(116736K)->0K(116736K) From: 85760K(116224K)->0K(116224K)
[392.063s][info][gc,heap        ] GC(1785) ParOldGen: 604336K(699392K)->291633K(699392K)
[392.063s][info][gc,metaspace   ] GC(1785) Metaspace: 16602K(16896K)->16602K(16896K) NonClass: 14270K(14400K)->14270K(14400K) Class: 2331K(2496K)->2331K(2496K)
[392.063s][info][gc             ] GC(1785) Pause Full (Ergonomics) 787M->284M(910M) 296.720ms
[392.063s][info][gc,cpu         ] GC(1785) User=1.61s Sys=0.00s Real=0.29s
[392.136s][info][gc,start       ] GC(1786) Pause Young (Allocation Failure)
[392.163s][info][gc,heap        ] GC(1786) PSYoungGen: 116736K(232960K)->50912K(232960K) Eden: 116736K(116736K)->0K(116736K) From: 0K(116224K)->50912K(116224K)
[392.163s][info][gc,heap        ] GC(1786) ParOldGen: 291633K(699392K)->291633K(699392K)
[392.163s][info][gc,metaspace   ] GC(1786) Metaspace: 16602K(16896K)->16602K(16896K) NonClass: 14270K(14400K)->14270K(14400K) Class: 2331K(2496K)->2331K(2496K)
[392.163s][info][gc             ] GC(1786) Pause Young (Allocation Failure) 398M->334M(910M) 27.050ms
[392.163s][info][gc,cpu         ] GC(1786) User=0.02s Sys=0.00s Real=0.02s
[392.234s][info][gc,start       ] GC(1787) Pause Young (Allocation Failure)
[392.281s][info][gc,heap        ] GC(1787) PSYoungGen: 167648K(232960K)->51040K(232960K) Eden: 116736K(116736K)->0K(116736K) From: 50912K(116224K)->51040K(116224K)
[392.286s][info][gc,heap        ] GC(1787) ParOldGen: 291633K(699392K)->339665K(699392K)
[392.286s][info][gc,metaspace   ] GC(1787) Metaspace: 16602K(16896K)->16602K(16896K) NonClass: 14270K(14400K)->14270K(14400K) Class: 2331K(2496K)->2331K(2496K)
[392.286s][info][gc             ] GC(1787) Pause Young (Allocation Failure) 448M->381M(910M) 52.148ms
[392.286s][info][gc,cpu         ] GC(1787) User=0.22s Sys=0.00s Real=0.06s
[392.376s][info][gc,start       ] GC(1788) Pause Young (Allocation Failure)
[392.443s][info][gc,heap        ] GC(1788) PSYoungGen: 167776K(232960K)->72522K(232960K) Eden: 116736K(116736K)->0K(116736K) From: 51040K(116224K)->72522K(116224K)
[392.443s][info][gc,heap        ] GC(1788) ParOldGen: 339665K(699392K)->387785K(699392K)
[392.443s][info][gc,metaspace   ] GC(1788) Metaspace: 16602K(16896K)->16602K(16896K) NonClass: 14270K(14400K)->14270K(14400K) Class: 2331K(2496K)->2331K(2496K)
[392.443s][info][gc             ] GC(1788) Pause Young (Allocation Failure) 495M->449M(910M) 66.533ms
[392.443s][info][gc,cpu         ] GC(1788) User=0.34s Sys=0.00s Real=0.06s
[392.764s][info][gc,start       ] GC(1789) Pause Young (Allocation Failure)
[392.862s][info][gc,heap        ] GC(1789) PSYoungGen: 189258K(232960K)->34560K(232960K) Eden: 116736K(116736K)->0K(116736K) From: 72522K(116224K)->34560K(116224K)
[392.862s][info][gc,heap        ] GC(1789) ParOldGen: 387785K(699392K)->447168K(699392K)
[392.862s][info][gc,metaspace   ] GC(1789) Metaspace: 16602K(16896K)->16602K(16896K) NonClass: 14270K(14400K)->14270K(14400K) Class: 2331K(2496K)->2331K(2496K)
[392.862s][info][gc             ] GC(1789) Pause Young (Allocation Failure) 563M->470M(910M) 97.957ms
[392.862s][info][gc,cpu         ] GC(1789) User=0.38s Sys=0.00s Real=0.09s
[393.009s][info][gc,start       ] GC(1790) Pause Young (Allocation Failure)
[393.054s][info][gc,heap        ] GC(1790) PSYoungGen: 151296K(232960K)->3840K(232960K) Eden: 116736K(116736K)->0K(116736K) From: 34560K(116224K)->3840K(116224K)
[393.054s][info][gc,heap        ] GC(1790) ParOldGen: 447168K(699392K)->477736K(699392K)
[393.054s][info][gc,metaspace   ] GC(1790) Metaspace: 16602K(16896K)->16602K(16896K) NonClass: 14270K(14400K)->14270K(14400K) Class: 2331K(2496K)->2331K(2496K)
[393.054s][info][gc             ] GC(1790) Pause Young (Allocation Failure) 584M->470M(910M) 45.122ms
[393.054s][info][gc,cpu         ] GC(1790) User=0.19s Sys=0.00s Real=0.05s
[393.194s][info][gc,start       ] GC(1791) Pause Young (Allocation Failure)
[393.197s][info][gc,heap        ] GC(1791) PSYoungGen: 120576K(232960K)->3072K(232960K) Eden: 116736K(116736K)->0K(116736K) From: 3840K(116224K)->3072K(116224K)
[393.197s][info][gc,heap        ] GC(1791) ParOldGen: 477736K(699392K)->478056K(699392K)
[393.197s][info][gc,metaspace   ] GC(1791) Metaspace: 16602K(16896K)->16602K(16896K) NonClass: 14270K(14400K)->14270K(14400K) Class: 2331K(2496K)->2331K(2496K)
[393.197s][info][gc             ] GC(1791) Pause Young (Allocation Failure) 584M->469M(910M) 2.991ms
[393.197s][info][gc,cpu         ] GC(1791) User=0.00s Sys=0.00s Real=0.00s
[393.327s][info][gc,start       ] GC(1792) Pause Young (Allocation Failure)
[393.329s][info][gc,heap        ] GC(1792) PSYoungGen: 119808K(232960K)->2304K(232960K) Eden: 116736K(116736K)->0K(116736K) From: 3072K(116224K)->2304K(116224K)
[393.329s][info][gc,heap        ] GC(1792) ParOldGen: 478056K(699392K)->478160K(699392K)
[393.329s][info][gc,metaspace   ] GC(1792) Metaspace: 16602K(16896K)->16602K(16896K) NonClass: 14270K(14400K)->14270K(14400K) Class: 2331K(2496K)->2331K(2496K)
[393.329s][info][gc             ] GC(1792) Pause Young (Allocation Failure) 583M->469M(910M) 2.694ms
[393.329s][info][gc,cpu         ] GC(1792) User=0.00s Sys=0.00s Real=0.00s
[393.546s][info][gc,start       ] GC(1793) Pause Young (Allocation Failure)
[393.548s][info][gc,heap        ] GC(1793) PSYoungGen: 119040K(232960K)->2208K(232960K) Eden: 116736K(116736K)->0K(116736K) From: 2304K(116224K)->2208K(116224K)
[393.548s][info][gc,heap        ] GC(1793) ParOldGen: 478160K(699392K)->478160K(699392K)
[393.548s][info][gc,metaspace   ] GC(1793) Metaspace: 16602K(16896K)->16602K(16896K) NonClass: 14270K(14400K)->14270K(14400K) Class: 2331K(2496K)->2331K(2496K)
[393.548s][info][gc             ] GC(1793) Pause Young (Allocation Failure) 583M->469M(910M) 1.948ms
[393.548s][info][gc,cpu         ] GC(1793) User=0.00s Sys=0.00s Real=0.00s
[394.229s][info][gc,start       ] GC(1794) Pause Young (System.gc())
[394.230s][info][gc,heap        ] GC(1794) PSYoungGen: 81067K(232960K)->96K(232960K) Eden: 78859K(116736K)->0K(116736K) From: 2208K(116224K)->96K(116224K)
[394.230s][info][gc,heap        ] GC(1794) ParOldGen: 478160K(699392K)->478200K(699392K)
[394.230s][info][gc,metaspace   ] GC(1794) Metaspace: 16602K(16896K)->16602K(16896K) NonClass: 14270K(14400K)->14270K(14400K) Class: 2331K(2496K)->2331K(2496K)
[394.230s][info][gc             ] GC(1794) Pause Young (System.gc()) 546M->467M(910M) 0.740ms
[394.230s][info][gc,cpu         ] GC(1794) User=0.00s Sys=0.00s Real=0.00s
[394.230s][info][gc,start       ] GC(1795) Pause Full (System.gc())
[394.230s][info][gc,phases,start] GC(1795) Marking Phase
[394.234s][info][gc,phases      ] GC(1795) Marking Phase 4.451ms
[394.234s][info][gc,phases,start] GC(1795) Summary Phase
[394.234s][info][gc,phases      ] GC(1795) Summary Phase 0.011ms
[394.234s][info][gc,phases,start] GC(1795) Adjust Roots
[394.237s][info][gc,phases      ] GC(1795) Adjust Roots 3.014ms
[394.237s][info][gc,phases,start] GC(1795) Compaction Phase
[394.239s][info][gc,phases      ] GC(1795) Compaction Phase 1.535ms
[394.239s][info][gc,phases,start] GC(1795) Post Compact
[394.241s][info][gc,phases      ] GC(1795) Post Compact 2.054ms
[394.241s][info][gc,heap        ] GC(1795) PSYoungGen: 96K(232960K)->0K(232960K) Eden: 0K(116736K)->0K(116736K) From: 96K(116224K)->0K(116224K)
[394.241s][info][gc,heap        ] GC(1795) ParOldGen: 478200K(699392K)->5548K(699392K)
[394.241s][info][gc,metaspace   ] GC(1795) Metaspace: 16602K(16896K)->16602K(16896K) NonClass: 14270K(14400K)->14270K(14400K) Class: 2331K(2496K)->2331K(2496K)
[394.241s][info][gc             ] GC(1795) Pause Full (System.gc()) 467M->5M(910M) 11.331ms
[394.241s][info][gc,cpu         ] GC(1795) User=0.00s Sys=0.00s Real=0.02s
[395.694s][info][gc,start       ] GC(1796) Pause Young (Allocation Failure)
[395.695s][info][gc,heap        ] GC(1796) PSYoungGen: 116736K(232960K)->384K(232960K) Eden: 116736K(116736K)->0K(116736K) From: 0K(116224K)->384K(116224K)
[395.695s][info][gc,heap        ] GC(1796) ParOldGen: 5548K(699392K)->5548K(699392K)
[395.695s][info][gc,metaspace   ] GC(1796) Metaspace: 16603K(16896K)->16603K(16896K) NonClass: 14271K(14400K)->14271K(14400K) Class: 2331K(2496K)->2331K(2496K)
[395.695s][info][gc             ] GC(1796) Pause Young (Allocation Failure) 119M->5M(910M) 0.648ms
[395.695s][info][gc,cpu         ] GC(1796) User=0.00s Sys=0.00s Real=0.00s
[395.717s][info][gc,start       ] GC(1797) Pause Young (Allocation Failure)
[395.718s][info][gc,heap        ] GC(1797) PSYoungGen: 117120K(232960K)->288K(232960K) Eden: 116736K(116736K)->0K(116736K) From: 384K(116224K)->288K(116224K)
[395.718s][info][gc,heap        ] GC(1797) ParOldGen: 5548K(699392K)->5644K(699392K)
[395.718s][info][gc,metaspace   ] GC(1797) Metaspace: 16603K(16896K)->16603K(16896K) NonClass: 14271K(14400K)->14271K(14400K) Class: 2331K(2496K)->2331K(2496K)
[395.718s][info][gc             ] GC(1797) Pause Young (Allocation Failure) 119M->5M(910M) 0.544ms
[395.718s][info][gc,cpu         ] GC(1797) User=0.00s Sys=0.00s Real=0.00s
[395.739s][info][gc,start       ] GC(1798) Pause Young (Allocation Failure)
[395.740s][info][gc,heap        ] GC(1798) PSYoungGen: 117024K(232960K)->320K(232960K) Eden: 116736K(116736K)->0K(116736K) From: 288K(116224K)->320K(116224K)
[395.740s][info][gc,heap        ] GC(1798) ParOldGen: 5644K(699392K)->5684K(699392K)
[395.740s][info][gc,metaspace   ] GC(1798) Metaspace: 16603K(16896K)->16603K(16896K) NonClass: 14271K(14400K)->14271K(14400K) Class: 2331K(2496K)->2331K(2496K)
[395.740s][info][gc             ] GC(1798) Pause Young (Allocation Failure) 119M->5M(910M) 0.709ms
[395.740s][info][gc,cpu         ] GC(1798) User=0.00s Sys=0.00s Real=0.00s
[395.762s][info][gc,start       ] GC(1799) Pause Young (Allocation Failure)
[395.762s][info][gc,heap        ] GC(1799) PSYoungGen: 117056K(232960K)->224K(232960K) Eden: 116736K(116736K)->0K(116736K) From: 320K(116224K)->224K(116224K)
[395.762s][info][gc,heap        ] GC(1799) ParOldGen: 5684K(699392K)->5732K(699392K)
[395.763s][info][gc,metaspace   ] GC(1799) Metaspace: 16603K(16896K)->16603K(16896K) NonClass: 14271K(14400K)->14271K(14400K) Class: 2331K(2496K)->2331K(2496K)
[395.763s][info][gc             ] GC(1799) Pause Young (Allocation Failure) 119M->5M(910M) 0.508ms
[395.763s][info][gc,cpu         ] GC(1799) User=0.00s Sys=0.00s Real=0.00s
[395.784s][info][gc,start       ] GC(1800) Pause Young (Allocation Failure)
[395.785s][info][gc,heap        ] GC(1800) PSYoungGen: 116960K(232960K)->192K(232960K) Eden: 116736K(116736K)->0K(116736K) From: 224K(116224K)->192K(116224K)
[395.785s][info][gc,heap        ] GC(1800) ParOldGen: 5732K(699392K)->5780K(699392K)
[395.785s][info][gc,metaspace   ] GC(1800) Metaspace: 16603K(16896K)->16603K(16896K) NonClass: 14271K(14400K)->14271K(14400K) Class: 2331K(2496K)->2331K(2496K)
[395.785s][info][gc             ] GC(1800) Pause Young (Allocation Failure) 119M->5M(910M) 0.523ms
[395.785s][info][gc,cpu         ] GC(1800) User=0.00s Sys=0.00s Real=0.00s
[395.808s][info][gc,start       ] GC(1801) Pause Young (Allocation Failure)
[395.808s][info][gc,heap        ] GC(1801) PSYoungGen: 116928K(232960K)->320K(232960K) Eden: 116736K(116736K)->0K(116736K) From: 192K(116224K)->320K(116224K)
[395.808s][info][gc,heap        ] GC(1801) ParOldGen: 5780K(699392K)->5804K(699392K)
[395.808s][info][gc,metaspace   ] GC(1801) Metaspace: 16603K(16896K)->16603K(16896K) NonClass: 14271K(14400K)->14271K(14400K) Class: 2331K(2496K)->2331K(2496K)
[395.808s][info][gc             ] GC(1801) Pause Young (Allocation Failure) 119M->5M(910M) 0.492ms
[395.808s][info][gc,cpu         ] GC(1801) User=0.00s Sys=0.00s Real=0.00s
[395.831s][info][gc,start       ] GC(1802) Pause Young (Allocation Failure)
[395.832s][info][gc,heap        ] GC(1802) PSYoungGen: 117056K(232960K)->288K(232960K) Eden: 116736K(116736K)->0K(116736K) From: 320K(116224K)->288K(116224K)
[395.832s][info][gc,heap        ] GC(1802) ParOldGen: 5804K(699392K)->5860K(699392K)
[395.832s][info][gc,metaspace   ] GC(1802) Metaspace: 16603K(16896K)->16603K(16896K) NonClass: 14271K(14400K)->14271K(14400K) Class: 2331K(2496K)->2331K(2496K)
[395.832s][info][gc             ] GC(1802) Pause Young (Allocation Failure) 119M->6M(910M) 0.782ms
[395.832s][info][gc,cpu         ] GC(1802) User=0.00s Sys=0.00s Real=0.00s
[395.856s][info][gc,start       ] GC(1803) Pause Young (Allocation Failure)
[395.857s][info][gc,heap        ] GC(1803) PSYoungGen: 117024K(232960K)->224K(232960K) Eden: 116736K(116736K)->0K(116736K) From: 288K(116224K)->224K(116224K)
[395.857s][info][gc,heap        ] GC(1803) ParOldGen: 5860K(699392K)->5908K(699392K)
[395.857s][info][gc,metaspace   ] GC(1803) Metaspace: 16603K(16896K)->16603K(16896K) NonClass: 14271K(14400K)->14271K(14400K) Class: 2331K(2496K)->2331K(2496K)
[395.857s][info][gc             ] GC(1803) Pause Young (Allocation Failure) 120M->5M(910M) 0.628ms
[395.857s][info][gc,cpu         ] GC(1803) User=0.00s Sys=0.00s Real=0.00s
[395.881s][info][gc,start       ] GC(1804) Pause Young (Allocation Failure)
[395.881s][info][gc,heap        ] GC(1804) PSYoungGen: 116960K(232960K)->320K(232960K) Eden: 116736K(116736K)->0K(116736K) From: 224K(116224K)->320K(116224K)
[395.881s][info][gc,heap        ] GC(1804) ParOldGen: 5908K(699392K)->5948K(699392K)
[395.881s][info][gc,metaspace   ] GC(1804) Metaspace: 16603K(16896K)->16603K(16896K) NonClass: 14271K(14400K)->14271K(14400K) Class: 2331K(2496K)->2331K(2496K)
[395.881s][info][gc             ] GC(1804) Pause Young (Allocation Failure) 119M->6M(910M) 0.513ms
[395.881s][info][gc,cpu         ] GC(1804) User=0.00s Sys=0.00s Real=0.00s
[395.905s][info][gc,start       ] GC(1805) Pause Young (Allocation Failure)
[395.906s][info][gc,heap        ] GC(1805) PSYoungGen: 117056K(232960K)->288K(232960K) Eden: 116736K(116736K)->0K(116736K) From: 320K(116224K)->288K(116224K)
[395.906s][info][gc,heap        ] GC(1805) ParOldGen: 5948K(699392K)->6004K(699392K)
[395.906s][info][gc,metaspace   ] GC(1805) Metaspace: 16603K(16896K)->16603K(16896K) NonClass: 14271K(14400K)->14271K(14400K) Class: 2331K(2496K)->2331K(2496K)
[395.906s][info][gc             ] GC(1805) Pause Young (Allocation Failure) 120M->6M(910M) 0.561ms
[395.906s][info][gc,cpu         ] GC(1805) User=0.00s Sys=0.00s Real=0.00s
[395.930s][info][gc,start       ] GC(1806) Pause Young (Allocation Failure)
[395.930s][info][gc,heap        ] GC(1806) PSYoungGen: 117024K(232960K)->192K(233984K) Eden: 116736K(116736K)->0K(117760K) From: 288K(116224K)->192K(116224K)
[395.930s][info][gc,heap        ] GC(1806) ParOldGen: 6004K(699392K)->6052K(699392K)
[395.931s][info][gc,metaspace   ] GC(1806) Metaspace: 16603K(16896K)->16603K(16896K) NonClass: 14271K(14400K)->14271K(14400K) Class: 2331K(2496K)->2331K(2496K)
[395.931s][info][gc             ] GC(1806) Pause Young (Allocation Failure) 120M->6M(911M) 0.492ms
[395.931s][info][gc,cpu         ] GC(1806) User=0.00s Sys=0.00s Real=0.00s
[395.956s][info][gc,start       ] GC(1807) Pause Young (Allocation Failure)
[395.957s][info][gc,heap        ] GC(1807) PSYoungGen: 117952K(233984K)->352K(232960K) Eden: 117760K(117760K)->0K(117760K) From: 192K(116224K)->352K(115200K)
[395.957s][info][gc,heap        ] GC(1807) ParOldGen: 6052K(699392K)->6052K(699392K)
[395.957s][info][gc,metaspace   ] GC(1807) Metaspace: 16603K(16896K)->16603K(16896K) NonClass: 14271K(14400K)->14271K(14400K) Class: 2331K(2496K)->2331K(2496K)
[395.957s][info][gc             ] GC(1807) Pause Young (Allocation Failure) 121M->6M(910M) 0.720ms
[395.957s][info][gc,cpu         ] GC(1807) User=0.00s Sys=0.00s Real=0.00s
[395.982s][info][gc,start       ] GC(1808) Pause Young (Allocation Failure)
[395.982s][info][gc,heap        ] GC(1808) PSYoungGen: 118112K(232960K)->320K(248320K) Eden: 117760K(117760K)->0K(140288K) From: 352K(115200K)->320K(108032K)
[395.982s][info][gc,heap        ] GC(1808) ParOldGen: 6052K(699392K)->6052K(699392K)
[395.982s][info][gc,metaspace   ] GC(1808) Metaspace: 16603K(16896K)->16603K(16896K) NonClass: 14271K(14400K)->14271K(14400K) Class: 2331K(2496K)->2331K(2496K)
[395.982s][info][gc             ] GC(1808) Pause Young (Allocation Failure) 121M->6M(925M) 0.668ms
[395.982s][info][gc,cpu         ] GC(1808) User=0.00s Sys=0.00s Real=0.00s
[396.010s][info][gc,start       ] GC(1809) Pause Young (Allocation Failure)
[396.011s][info][gc,heap        ] GC(1809) PSYoungGen: 140608K(248320K)->352K(241152K) Eden: 140288K(140288K)->0K(140288K) From: 320K(108032K)->352K(100864K)
[396.011s][info][gc,heap        ] GC(1809) ParOldGen: 6052K(699392K)->6052K(699392K)
[396.011s][info][gc,metaspace   ] GC(1809) Metaspace: 16603K(16896K)->16603K(16896K) NonClass: 14271K(14400K)->14271K(14400K) Class: 2331K(2496K)->2331K(2496K)
[396.011s][info][gc             ] GC(1809) Pause Young (Allocation Failure) 143M->6M(918M) 0.644ms
[396.011s][info][gc,cpu         ] GC(1809) User=0.00s Sys=0.00s Real=0.00s
[396.038s][info][gc,start       ] GC(1810) Pause Young (Allocation Failure)
[396.039s][info][gc,heap        ] GC(1810) PSYoungGen: 140640K(241152K)->320K(261120K) Eden: 140288K(140288K)->0K(166912K) From: 352K(100864K)->320K(94208K)
[396.039s][info][gc,heap        ] GC(1810) ParOldGen: 6052K(699392K)->6052K(699392K)
[396.039s][info][gc,metaspace   ] GC(1810) Metaspace: 16603K(16896K)->16603K(16896K) NonClass: 14271K(14400K)->14271K(14400K) Class: 2331K(2496K)->2331K(2496K)
[396.039s][info][gc             ] GC(1810) Pause Young (Allocation Failure) 143M->6M(938M) 0.469ms
[396.039s][info][gc,cpu         ] GC(1810) User=0.00s Sys=0.00s Real=0.00s
[396.070s][info][gc,start       ] GC(1811) Pause Young (Allocation Failure)
[396.071s][info][gc,heap        ] GC(1811) PSYoungGen: 167232K(261120K)->352K(254976K) Eden: 166912K(166912K)->0K(166912K) From: 320K(94208K)->352K(88064K)
[396.071s][info][gc,heap        ] GC(1811) ParOldGen: 6052K(699392K)->6052K(699392K)
[396.071s][info][gc,metaspace   ] GC(1811) Metaspace: 16603K(16896K)->16603K(16896K) NonClass: 14271K(14400K)->14271K(14400K) Class: 2331K(2496K)->2331K(2496K)
[396.071s][info][gc             ] GC(1811) Pause Young (Allocation Failure) 169M->6M(932M) 0.509ms
[396.071s][info][gc,cpu         ] GC(1811) User=0.00s Sys=0.00s Real=0.00s
[396.103s][info][gc,start       ] GC(1812) Pause Young (Allocation Failure)
[396.103s][info][gc,heap        ] GC(1812) PSYoungGen: 167264K(254976K)->352K(272896K) Eden: 166912K(166912K)->0K(190976K) From: 352K(88064K)->352K(81920K)
[396.104s][info][gc,heap        ] GC(1812) ParOldGen: 6052K(699392K)->6052K(699392K)
[396.104s][info][gc,metaspace   ] GC(1812) Metaspace: 16603K(16896K)->16603K(16896K) NonClass: 14271K(14400K)->14271K(14400K) Class: 2331K(2496K)->2331K(2496K)
[396.104s][info][gc             ] GC(1812) Pause Young (Allocation Failure) 169M->6M(949M) 0.616ms
[396.104s][info][gc,cpu         ] GC(1812) User=0.00s Sys=0.00s Real=0.00s
[396.140s][info][gc,start       ] GC(1813) Pause Young (Allocation Failure)
[396.141s][info][gc,heap        ] GC(1813) PSYoungGen: 191328K(272896K)->352K(267264K) Eden: 190976K(190976K)->0K(190976K) From: 352K(81920K)->352K(76288K)
[396.141s][info][gc,heap        ] GC(1813) ParOldGen: 6052K(699392K)->6052K(699392K)
[396.141s][info][gc,metaspace   ] GC(1813) Metaspace: 16603K(16896K)->16603K(16896K) NonClass: 14271K(14400K)->14271K(14400K) Class: 2331K(2496K)->2331K(2496K)
[396.141s][info][gc             ] GC(1813) Pause Young (Allocation Failure) 192M->6M(944M) 0.565ms
[396.141s][info][gc,cpu         ] GC(1813) User=0.00s Sys=0.00s Real=0.00s
[396.180s][info][gc,start       ] GC(1814) Pause Young (Allocation Failure)
[396.180s][info][gc,heap        ] GC(1814) PSYoungGen: 191328K(267264K)->352K(283648K) Eden: 190976K(190976K)->0K(212992K) From: 352K(76288K)->352K(70656K)
[396.180s][info][gc,heap        ] GC(1814) ParOldGen: 6052K(699392K)->6052K(699392K)
[396.180s][info][gc,metaspace   ] GC(1814) Metaspace: 16603K(16896K)->16603K(16896K) NonClass: 14271K(14400K)->14271K(14400K) Class: 2331K(2496K)->2331K(2496K)
[396.180s][info][gc             ] GC(1814) Pause Young (Allocation Failure) 192M->6M(960M) 0.557ms
[396.180s][info][gc,cpu         ] GC(1814) User=0.00s Sys=0.00s Real=0.00s
[396.225s][info][gc,start       ] GC(1815) Pause Young (Allocation Failure)
[396.225s][info][gc,heap        ] GC(1815) PSYoungGen: 213344K(283648K)->288K(278528K) Eden: 212992K(212992K)->0K(212992K) From: 352K(70656K)->288K(65536K)
[396.225s][info][gc,heap        ] GC(1815) ParOldGen: 6052K(699392K)->6052K(699392K)
[396.225s][info][gc,metaspace   ] GC(1815) Metaspace: 16603K(16896K)->16603K(16896K) NonClass: 14271K(14400K)->14271K(14400K) Class: 2331K(2496K)->2331K(2496K)
[396.225s][info][gc             ] GC(1815) Pause Young (Allocation Failure) 214M->6M(955M) 0.525ms
[396.225s][info][gc,cpu         ] GC(1815) User=0.00s Sys=0.00s Real=0.00s
[396.283s][info][gc,start       ] GC(1816) Pause Young (Allocation Failure)
[396.306s][info][gc,heap        ] GC(1816) PSYoungGen: 213280K(278528K)->39922K(273920K) Eden: 212992K(212992K)->0K(212992K) From: 288K(65536K)->39922K(60928K)
[396.306s][info][gc,heap        ] GC(1816) ParOldGen: 6052K(699392K)->6052K(699392K)
[396.306s][info][gc,metaspace   ] GC(1816) Metaspace: 16603K(16896K)->16603K(16896K) NonClass: 14271K(14400K)->14271K(14400K) Class: 2331K(2496K)->2331K(2496K)
[396.306s][info][gc             ] GC(1816) Pause Young (Allocation Failure) 214M->44M(950M) 22.808ms
[396.306s][info][gc,cpu         ] GC(1816) User=0.00s Sys=0.00s Real=0.02s
[396.490s][info][gc,start       ] GC(1817) Pause Young (Allocation Failure)
[396.598s][info][gc,heap        ] GC(1817) PSYoungGen: 252914K(273920K)->68067K(281088K) Eden: 212992K(212992K)->0K(212992K) From: 39922K(60928K)->68067K(68096K)
[396.598s][info][gc,heap        ] GC(1817) ParOldGen: 6052K(699392K)->120604K(699392K)
[396.598s][info][gc,metaspace   ] GC(1817) Metaspace: 16603K(16896K)->16603K(16896K) NonClass: 14271K(14400K)->14271K(14400K) Class: 2331K(2496K)->2331K(2496K)
[396.598s][info][gc             ] GC(1817) Pause Young (Allocation Failure) 252M->184M(957M) 108.245ms
[396.598s][info][gc,cpu         ] GC(1817) User=0.56s Sys=0.00s Real=0.11s
[396.756s][info][gc,start       ] GC(1818) Pause Young (Allocation Failure)
[396.890s][info][gc,heap        ] GC(1818) PSYoungGen: 281059K(281088K)->68067K(184832K) Eden: 212992K(212992K)->0K(116736K) From: 68067K(68096K)->68067K(68096K)
[396.890s][info][gc,heap        ] GC(1818) ParOldGen: 120604K(699392K)->267572K(699392K)
[396.890s][info][gc,metaspace   ] GC(1818) Metaspace: 16603K(16896K)->16603K(16896K) NonClass: 14271K(14400K)->14271K(14400K) Class: 2331K(2496K)->2331K(2496K)
[396.890s][info][gc             ] GC(1818) Pause Young (Allocation Failure) 392M->327M(863M) 133.387ms
[396.890s][info][gc,cpu         ] GC(1818) User=0.75s Sys=0.00s Real=0.12s
[396.984s][info][gc,start       ] GC(1819) Pause Young (Allocation Failure)
[397.071s][info][gc,heap        ] GC(1819) PSYoungGen: 184803K(184832K)->116195K(232960K) Eden: 116736K(116736K)->0K(116736K) From: 68067K(68096K)->116195K(116224K)
[397.071s][info][gc,heap        ] GC(1819) ParOldGen: 267572K(699392K)->299932K(699392K)
[397.071s][info][gc,metaspace   ] GC(1819) Metaspace: 16603K(16896K)->16603K(16896K) NonClass: 14271K(14400K)->14271K(14400K) Class: 2331K(2496K)->2331K(2496K)
[397.071s][info][gc             ] GC(1819) Pause Young (Allocation Failure) 441M->406M(910M) 87.588ms
[397.071s][info][gc,cpu         ] GC(1819) User=0.56s Sys=0.00s Real=0.10s
[397.276s][info][gc,start       ] GC(1820) Pause Young (Allocation Failure)
[397.402s][info][gc,heap        ] GC(1820) PSYoungGen: 232931K(232960K)->116195K(232960K) Eden: 116736K(116736K)->0K(116736K) From: 116195K(116224K)->116195K(116224K)
[397.402s][info][gc,heap        ] GC(1820) ParOldGen: 299932K(699392K)->331164K(699392K)
[397.402s][info][gc,metaspace   ] GC(1820) Metaspace: 16603K(16896K)->16603K(16896K) NonClass: 14271K(14400K)->14271K(14400K) Class: 2331K(2496K)->2331K(2496K)
[397.402s][info][gc             ] GC(1820) Pause Young (Allocation Failure) 520M->436M(910M) 126.255ms
[397.402s][info][gc,cpu         ] GC(1820) User=0.56s Sys=0.00s Real=0.12s
[400.013s][info][gc,start       ] GC(1821) Pause Young (Allocation Failure)
[400.112s][info][gc,heap        ] GC(1821) PSYoungGen: 232931K(232960K)->116195K(232960K) Eden: 116736K(116736K)->0K(116736K) From: 116195K(116224K)->116195K(116224K)
[400.112s][info][gc,heap        ] GC(1821) ParOldGen: 331164K(699392K)->370252K(699392K)
[400.112s][info][gc,metaspace   ] GC(1821) Metaspace: 16603K(16896K)->16603K(16896K) NonClass: 14271K(14400K)->14271K(14400K) Class: 2331K(2496K)->2331K(2496K)
[400.112s][info][gc             ] GC(1821) Pause Young (Allocation Failure) 550M->475M(910M) 99.386ms
[400.112s][info][gc,cpu         ] GC(1821) User=0.56s Sys=0.00s Real=0.11s
[400.167s][info][gc,start       ] GC(1822) Pause Young (Allocation Failure)
[400.271s][info][gc,heap        ] GC(1822) PSYoungGen: 232931K(232960K)->116224K(232960K) Eden: 116736K(116736K)->0K(116736K) From: 116195K(116224K)->116224K(116224K)
[400.271s][info][gc,heap        ] GC(1822) ParOldGen: 370252K(699392K)->420816K(699392K)
[400.271s][info][gc,metaspace   ] GC(1822) Metaspace: 16603K(16896K)->16603K(16896K) NonClass: 14271K(14400K)->14271K(14400K) Class: 2331K(2496K)->2331K(2496K)
[400.271s][info][gc             ] GC(1822) Pause Young (Allocation Failure) 589M->524M(910M) 104.144ms
[400.271s][info][gc,cpu         ] GC(1822) User=0.52s Sys=0.00s Real=0.11s
[400.328s][info][gc,start       ] GC(1823) Pause Young (Allocation Failure)
[400.411s][info][gc,heap        ] GC(1823) PSYoungGen: 232960K(232960K)->116224K(232960K) Eden: 116736K(116736K)->0K(116736K) From: 116224K(116224K)->116224K(116224K)
[400.411s][info][gc,heap        ] GC(1823) ParOldGen: 420816K(699392K)->471016K(699392K)
[400.411s][info][gc,metaspace   ] GC(1823) Metaspace: 16603K(16896K)->16603K(16896K) NonClass: 14271K(14400K)->14271K(14400K) Class: 2331K(2496K)->2331K(2496K)
[400.411s][info][gc             ] GC(1823) Pause Young (Allocation Failure) 638M->573M(910M) 83.836ms
[400.411s][info][gc,cpu         ] GC(1823) User=0.42s Sys=0.00s Real=0.09s
[400.471s][info][gc,start       ] GC(1824) Pause Young (Allocation Failure)
[400.554s][info][gc,heap        ] GC(1824) PSYoungGen: 232960K(232960K)->116224K(232960K) Eden: 116736K(116736K)->0K(116736K) From: 116224K(116224K)->116224K(116224K)
[400.554s][info][gc,heap        ] GC(1824) ParOldGen: 471016K(699392K)->520080K(699392K)
[400.554s][info][gc,metaspace   ] GC(1824) Metaspace: 16603K(16896K)->16603K(16896K) NonClass: 14271K(14400K)->14271K(14400K) Class: 2331K(2496K)->2331K(2496K)
[400.554s][info][gc             ] GC(1824) Pause Young (Allocation Failure) 687M->621M(910M) 83.462ms
[400.554s][info][gc,cpu         ] GC(1824) User=0.34s Sys=0.00s Real=0.08s
[400.613s][info][gc,start       ] GC(1825) Pause Young (Allocation Failure)
[400.691s][info][gc,heap        ] GC(1825) PSYoungGen: 232960K(232960K)->92416K(232960K) Eden: 116736K(116736K)->0K(116736K) From: 116224K(116224K)->92416K(116224K)
[400.691s][info][gc,heap        ] GC(1825) ParOldGen: 520080K(699392K)->594128K(699392K)
[400.691s][info][gc,metaspace   ] GC(1825) Metaspace: 16603K(16896K)->16603K(16896K) NonClass: 14271K(14400K)->14271K(14400K) Class: 2331K(2496K)->2331K(2496K)
[400.691s][info][gc             ] GC(1825) Pause Young (Allocation Failure) 735M->670M(910M) 77.530ms
[400.691s][info][gc,cpu         ] GC(1825) User=0.39s Sys=0.00s Real=0.08s
[400.750s][info][gc,start       ] GC(1826) Pause Full (Ergonomics)
[400.750s][info][gc,phases,start] GC(1826) Marking Phase
[400.841s][info][gc,phases      ] GC(1826) Marking Phase 91.467ms
[400.841s][info][gc,phases,start] GC(1826) Summary Phase
[400.841s][info][gc,phases      ] GC(1826) Summary Phase 0.022ms
[400.841s][info][gc,phases,start] GC(1826) Adjust Roots
[400.843s][info][gc,phases      ] GC(1826) Adjust Roots 1.822ms
[400.843s][info][gc,phases,start] GC(1826) Compaction Phase
[401.051s][info][gc,phases      ] GC(1826) Compaction Phase 207.398ms
[401.051s][info][gc,phases,start] GC(1826) Post Compact
[401.053s][info][gc,phases      ] GC(1826) Post Compact 1.825ms
[401.053s][info][gc,heap        ] GC(1826) PSYoungGen: 209152K(232960K)->0K(232960K) Eden: 116736K(116736K)->0K(116736K) From: 92416K(116224K)->0K(116224K)
[401.053s][info][gc,heap        ] GC(1826) ParOldGen: 594128K(699392K)->289400K(699392K)
[401.053s][info][gc,metaspace   ] GC(1826) Metaspace: 16603K(16896K)->16603K(16896K) NonClass: 14271K(14400K)->14271K(14400K) Class: 2331K(2496K)->2331K(2496K)
[401.053s][info][gc             ] GC(1826) Pause Full (Ergonomics) 784M->282M(910M) 302.900ms
[401.053s][info][gc,cpu         ] GC(1826) User=1.53s Sys=0.00s Real=0.30s
[401.113s][info][gc,start       ] GC(1827) Pause Young (Allocation Failure)
[401.138s][info][gc,heap        ] GC(1827) PSYoungGen: 116736K(232960K)->50944K(232960K) Eden: 116736K(116736K)->0K(116736K) From: 0K(116224K)->50944K(116224K)
[401.138s][info][gc,heap        ] GC(1827) ParOldGen: 289400K(699392K)->289400K(699392K)
[401.138s][info][gc,metaspace   ] GC(1827) Metaspace: 16603K(16896K)->16603K(16896K) NonClass: 14271K(14400K)->14271K(14400K) Class: 2331K(2496K)->2331K(2496K)
[401.138s][info][gc             ] GC(1827) Pause Young (Allocation Failure) 396M->332M(910M) 25.863ms
[401.139s][info][gc,cpu         ] GC(1827) User=0.08s Sys=0.00s Real=0.03s
[401.198s][info][gc,start       ] GC(1828) Pause Young (Allocation Failure)
[401.249s][info][gc,heap        ] GC(1828) PSYoungGen: 167680K(232960K)->51008K(232960K) Eden: 116736K(116736K)->0K(116736K) From: 50944K(116224K)->51008K(116224K)
[401.249s][info][gc,heap        ] GC(1828) ParOldGen: 289400K(699392K)->337448K(699392K)
[401.249s][info][gc,metaspace   ] GC(1828) Metaspace: 16603K(16896K)->16603K(16896K) NonClass: 14271K(14400K)->14271K(14400K) Class: 2331K(2496K)->2331K(2496K)
[401.249s][info][gc             ] GC(1828) Pause Young (Allocation Failure) 446M->379M(910M) 51.258ms
[401.249s][info][gc,cpu         ] GC(1828) User=0.23s Sys=0.00s Real=0.06s
[401.336s][info][gc,start       ] GC(1829) Pause Young (Allocation Failure)
[401.395s][info][gc,heap        ] GC(1829) PSYoungGen: 167744K(232960K)->70986K(232960K) Eden: 116736K(116736K)->0K(116736K) From: 51008K(116224K)->70986K(116224K)
[401.395s][info][gc,heap        ] GC(1829) ParOldGen: 337448K(699392K)->385536K(699392K)
[401.395s][info][gc,metaspace   ] GC(1829) Metaspace: 16603K(16896K)->16603K(16896K) NonClass: 14271K(14400K)->14271K(14400K) Class: 2331K(2496K)->2331K(2496K)
[401.395s][info][gc             ] GC(1829) Pause Young (Allocation Failure) 493M->445M(910M) 58.621ms
[401.395s][info][gc,cpu         ] GC(1829) User=0.25s Sys=0.00s Real=0.06s
[401.710s][info][gc,start       ] GC(1830) Pause Young (Allocation Failure)
[401.805s][info][gc,heap        ] GC(1830) PSYoungGen: 187722K(232960K)->38304K(232960K) Eden: 116736K(116736K)->0K(116736K) From: 70986K(116224K)->38304K(116224K)
[401.805s][info][gc,heap        ] GC(1830) ParOldGen: 385536K(699392K)->437972K(699392K)
[401.805s][info][gc,metaspace   ] GC(1830) Metaspace: 16603K(16896K)->16603K(16896K) NonClass: 14271K(14400K)->14271K(14400K) Class: 2331K(2496K)->2331K(2496K)
[401.805s][info][gc             ] GC(1830) Pause Young (Allocation Failure) 559M->465M(910M) 94.240ms
[401.805s][info][gc,cpu         ] GC(1830) User=0.39s Sys=0.00s Real=0.09s
[401.946s][info][gc,start       ] GC(1831) Pause Young (Allocation Failure)
[401.994s][info][gc,heap        ] GC(1831) PSYoungGen: 155040K(232960K)->3808K(232960K) Eden: 116736K(116736K)->0K(116736K) From: 38304K(116224K)->3808K(116224K)
[401.994s][info][gc,heap        ] GC(1831) ParOldGen: 437972K(699392K)->468940K(699392K)
[401.994s][info][gc,metaspace   ] GC(1831) Metaspace: 16603K(16896K)->16603K(16896K) NonClass: 14271K(14400K)->14271K(14400K) Class: 2331K(2496K)->2331K(2496K)
[401.994s][info][gc             ] GC(1831) Pause Young (Allocation Failure) 579M->461M(910M) 48.207ms
[401.994s][info][gc,cpu         ] GC(1831) User=0.25s Sys=0.00s Real=0.06s
[402.136s][info][gc,start       ] GC(1832) Pause Young (Allocation Failure)
[402.138s][info][gc,heap        ] GC(1832) PSYoungGen: 120544K(232960K)->3104K(232960K) Eden: 116736K(116736K)->0K(116736K) From: 3808K(116224K)->3104K(116224K)
[402.138s][info][gc,heap        ] GC(1832) ParOldGen: 468940K(699392K)->469268K(699392K)
[402.138s][info][gc,metaspace   ] GC(1832) Metaspace: 16603K(16896K)->16603K(16896K) NonClass: 14271K(14400K)->14271K(14400K) Class: 2331K(2496K)->2331K(2496K)
[402.138s][info][gc             ] GC(1832) Pause Young (Allocation Failure) 575M->461M(910M) 2.774ms
[402.138s][info][gc,cpu         ] GC(1832) User=0.00s Sys=0.00s Real=0.00s
[402.263s][info][gc,start       ] GC(1833) Pause Young (Allocation Failure)
[402.266s][info][gc,heap        ] GC(1833) PSYoungGen: 119840K(232960K)->2336K(232960K) Eden: 116736K(116736K)->0K(116736K) From: 3104K(116224K)->2336K(116224K)
[402.266s][info][gc,heap        ] GC(1833) ParOldGen: 469268K(699392K)->469396K(699392K)
[402.266s][info][gc,metaspace   ] GC(1833) Metaspace: 16603K(16896K)->16603K(16896K) NonClass: 14271K(14400K)->14271K(14400K) Class: 2331K(2496K)->2331K(2496K)
[402.266s][info][gc             ] GC(1833) Pause Young (Allocation Failure) 575M->460M(910M) 2.490ms
[402.266s][info][gc,cpu         ] GC(1833) User=0.00s Sys=0.00s Real=0.00s
[402.399s][info][gc,start       ] GC(1834) Pause Young (Allocation Failure)
[402.400s][info][gc,heap        ] GC(1834) PSYoungGen: 119072K(232960K)->224K(232960K) Eden: 116736K(116736K)->0K(116736K) From: 2336K(116224K)->224K(116224K)
[402.400s][info][gc,heap        ] GC(1834) ParOldGen: 469396K(699392K)->469396K(699392K)
[402.400s][info][gc,metaspace   ] GC(1834) Metaspace: 16603K(16896K)->16603K(16896K) NonClass: 14271K(14400K)->14271K(14400K) Class: 2331K(2496K)->2331K(2496K)
[402.400s][info][gc             ] GC(1834) Pause Young (Allocation Failure) 574M->458M(910M) 0.963ms
[402.400s][info][gc,cpu         ] GC(1834) User=0.00s Sys=0.00s Real=0.00s
[403.115s][info][gc,start       ] GC(1835) Pause Young (System.gc())
[403.115s][info][gc,heap        ] GC(1835) PSYoungGen: 82878K(232960K)->192K(232960K) Eden: 82654K(116736K)->0K(116736K) From: 224K(116224K)->192K(116224K)
[403.115s][info][gc,heap        ] GC(1835) ParOldGen: 469396K(699392K)->469420K(699392K)
[403.115s][info][gc,metaspace   ] GC(1835) Metaspace: 16603K(16896K)->16603K(16896K) NonClass: 14271K(14400K)->14271K(14400K) Class: 2331K(2496K)->2331K(2496K)
[403.115s][info][gc             ] GC(1835) Pause Young (System.gc()) 539M->458M(910M) 0.642ms
[403.115s][info][gc,cpu         ] GC(1835) User=0.00s Sys=0.00s Real=0.00s
[403.115s][info][gc,start       ] GC(1836) Pause Full (System.gc())
[403.115s][info][gc,phases,start] GC(1836) Marking Phase
[403.120s][info][gc,phases      ] GC(1836) Marking Phase 4.729ms
[403.120s][info][gc,phases,start] GC(1836) Summary Phase
[403.120s][info][gc,phases      ] GC(1836) Summary Phase 0.011ms
[403.120s][info][gc,phases,start] GC(1836) Adjust Roots
[403.122s][info][gc,phases      ] GC(1836) Adjust Roots 2.312ms
[403.123s][info][gc,phases,start] GC(1836) Compaction Phase
[403.124s][info][gc,phases      ] GC(1836) Compaction Phase 1.497ms
[403.124s][info][gc,phases,start] GC(1836) Post Compact
[403.126s][info][gc,phases      ] GC(1836) Post Compact 1.780ms
[403.126s][info][gc,heap        ] GC(1836) PSYoungGen: 192K(232960K)->0K(232960K) Eden: 0K(116736K)->0K(116736K) From: 192K(116224K)->0K(116224K)
[403.126s][info][gc,heap        ] GC(1836) ParOldGen: 469420K(699392K)->5548K(699392K)
[403.126s][info][gc,metaspace   ] GC(1836) Metaspace: 16603K(16896K)->16603K(16896K) NonClass: 14271K(14400K)->14271K(14400K) Class: 2331K(2496K)->2331K(2496K)
[403.126s][info][gc             ] GC(1836) Pause Full (System.gc()) 458M->5M(910M) 10.591ms
[403.126s][info][gc,cpu         ] GC(1836) User=0.00s Sys=0.00s Real=0.02s
[404.555s][info][gc,start       ] GC(1837) Pause Young (Allocation Failure)
[404.556s][info][gc,heap        ] GC(1837) PSYoungGen: 116736K(232960K)->352K(232960K) Eden: 116736K(116736K)->0K(116736K) From: 0K(116224K)->352K(116224K)
[404.556s][info][gc,heap        ] GC(1837) ParOldGen: 5548K(699392K)->5548K(699392K)
[404.556s][info][gc,metaspace   ] GC(1837) Metaspace: 16603K(16896K)->16603K(16896K) NonClass: 14271K(14400K)->14271K(14400K) Class: 2331K(2496K)->2331K(2496K)
[404.556s][info][gc             ] GC(1837) Pause Young (Allocation Failure) 119M->5M(910M) 0.697ms
[404.556s][info][gc,cpu         ] GC(1837) User=0.00s Sys=0.00s Real=0.00s
[404.578s][info][gc,start       ] GC(1838) Pause Young (Allocation Failure)
[404.579s][info][gc,heap        ] GC(1838) PSYoungGen: 117088K(232960K)->224K(232960K) Eden: 116736K(116736K)->0K(116736K) From: 352K(116224K)->224K(116224K)
[404.579s][info][gc,heap        ] GC(1838) ParOldGen: 5548K(699392K)->5636K(699392K)
[404.579s][info][gc,metaspace   ] GC(1838) Metaspace: 16603K(16896K)->16603K(16896K) NonClass: 14271K(14400K)->14271K(14400K) Class: 2331K(2496K)->2331K(2496K)
[404.579s][info][gc             ] GC(1838) Pause Young (Allocation Failure) 119M->5M(910M) 0.514ms
[404.579s][info][gc,cpu         ] GC(1838) User=0.00s Sys=0.00s Real=0.00s
[404.601s][info][gc,start       ] GC(1839) Pause Young (Allocation Failure)
[404.602s][info][gc,heap        ] GC(1839) PSYoungGen: 116960K(232960K)->320K(232960K) Eden: 116736K(116736K)->0K(116736K) From: 224K(116224K)->320K(116224K)
[404.602s][info][gc,heap        ] GC(1839) ParOldGen: 5636K(699392K)->5668K(699392K)
[404.602s][info][gc,metaspace   ] GC(1839) Metaspace: 16603K(16896K)->16603K(16896K) NonClass: 14271K(14400K)->14271K(14400K) Class: 2331K(2496K)->2331K(2496K)
[404.602s][info][gc             ] GC(1839) Pause Young (Allocation Failure) 119M->5M(910M) 0.591ms
[404.602s][info][gc,cpu         ] GC(1839) User=0.00s Sys=0.00s Real=0.00s
[404.623s][info][gc,start       ] GC(1840) Pause Young (Allocation Failure)
[404.624s][info][gc,heap        ] GC(1840) PSYoungGen: 117056K(232960K)->288K(232960K) Eden: 116736K(116736K)->0K(116736K) From: 320K(116224K)->288K(116224K)
[404.624s][info][gc,heap        ] GC(1840) ParOldGen: 5668K(699392K)->5716K(699392K)
[404.624s][info][gc,metaspace   ] GC(1840) Metaspace: 16603K(16896K)->16603K(16896K) NonClass: 14271K(14400K)->14271K(14400K) Class: 2331K(2496K)->2331K(2496K)
[404.624s][info][gc             ] GC(1840) Pause Young (Allocation Failure) 119M->5M(910M) 0.499ms
[404.624s][info][gc,cpu         ] GC(1840) User=0.00s Sys=0.00s Real=0.00s
[404.645s][info][gc,start       ] GC(1841) Pause Young (Allocation Failure)
[404.646s][info][gc,heap        ] GC(1841) PSYoungGen: 117024K(232960K)->192K(232960K) Eden: 116736K(116736K)->0K(116736K) From: 288K(116224K)->192K(116224K)
[404.646s][info][gc,heap        ] GC(1841) ParOldGen: 5716K(699392K)->5764K(699392K)
[404.646s][info][gc,metaspace   ] GC(1841) Metaspace: 16603K(16896K)->16603K(16896K) NonClass: 14271K(14400K)->14271K(14400K) Class: 2331K(2496K)->2331K(2496K)
[404.646s][info][gc             ] GC(1841) Pause Young (Allocation Failure) 119M->5M(910M) 0.493ms
[404.646s][info][gc,cpu         ] GC(1841) User=0.00s Sys=0.00s Real=0.00s
[404.667s][info][gc,start       ] GC(1842) Pause Young (Allocation Failure)
[404.668s][info][gc,heap        ] GC(1842) PSYoungGen: 116928K(232960K)->352K(232960K) Eden: 116736K(116736K)->0K(116736K) From: 192K(116224K)->352K(116224K)
[404.668s][info][gc,heap        ] GC(1842) ParOldGen: 5764K(699392K)->5772K(699392K)
[404.668s][info][gc,metaspace   ] GC(1842) Metaspace: 16603K(16896K)->16603K(16896K) NonClass: 14271K(14400K)->14271K(14400K) Class: 2331K(2496K)->2331K(2496K)
[404.668s][info][gc             ] GC(1842) Pause Young (Allocation Failure) 119M->5M(910M) 0.502ms
[404.668s][info][gc,cpu         ] GC(1842) User=0.00s Sys=0.00s Real=0.00s
[404.689s][info][gc,start       ] GC(1843) Pause Young (Allocation Failure)
[404.689s][info][gc,heap        ] GC(1843) PSYoungGen: 117088K(232960K)->224K(232960K) Eden: 116736K(116736K)->0K(116736K) From: 352K(116224K)->224K(116224K)
[404.689s][info][gc,heap        ] GC(1843) ParOldGen: 5772K(699392K)->5844K(699392K)
[404.689s][info][gc,metaspace   ] GC(1843) Metaspace: 16603K(16896K)->16603K(16896K) NonClass: 14271K(14400K)->14271K(14400K) Class: 2331K(2496K)->2331K(2496K)
[404.689s][info][gc             ] GC(1843) Pause Young (Allocation Failure) 119M->5M(910M) 0.536ms
[404.689s][info][gc,cpu         ] GC(1843) User=0.00s Sys=0.00s Real=0.00s
[404.711s][info][gc,start       ] GC(1844) Pause Young (Allocation Failure)
[404.711s][info][gc,heap        ] GC(1844) PSYoungGen: 116960K(232960K)->224K(232960K) Eden: 116736K(116736K)->0K(116736K) From: 224K(116224K)->224K(116224K)
[404.711s][info][gc,heap        ] GC(1844) ParOldGen: 5844K(699392K)->5892K(699392K)
[404.711s][info][gc,metaspace   ] GC(1844) Metaspace: 16603K(16896K)->16603K(16896K) NonClass: 14271K(14400K)->14271K(14400K) Class: 2331K(2496K)->2331K(2496K)
[404.711s][info][gc             ] GC(1844) Pause Young (Allocation Failure) 119M->5M(910M) 0.529ms
[404.711s][info][gc,cpu         ] GC(1844) User=0.00s Sys=0.00s Real=0.00s
[404.733s][info][gc,start       ] GC(1845) Pause Young (Allocation Failure)
[404.734s][info][gc,heap        ] GC(1845) PSYoungGen: 116960K(232960K)->352K(232960K) Eden: 116736K(116736K)->0K(116736K) From: 224K(116224K)->352K(116224K)
[404.734s][info][gc,heap        ] GC(1845) ParOldGen: 5892K(699392K)->5924K(699392K)
[404.734s][info][gc,metaspace   ] GC(1845) Metaspace: 16603K(16896K)->16603K(16896K) NonClass: 14271K(14400K)->14271K(14400K) Class: 2331K(2496K)->2331K(2496K)
[404.734s][info][gc             ] GC(1845) Pause Young (Allocation Failure) 119M->6M(910M) 0.584ms
[404.734s][info][gc,cpu         ] GC(1845) User=0.00s Sys=0.00s Real=0.00s
[404.755s][info][gc,start       ] GC(1846) Pause Young (Allocation Failure)
[404.755s][info][gc,heap        ] GC(1846) PSYoungGen: 117088K(232960K)->288K(232960K) Eden: 116736K(116736K)->0K(116736K) From: 352K(116224K)->288K(116224K)
[404.756s][info][gc,heap        ] GC(1846) ParOldGen: 5924K(699392K)->5972K(699392K)
[404.756s][info][gc,metaspace   ] GC(1846) Metaspace: 16603K(16896K)->16603K(16896K) NonClass: 14271K(14400K)->14271K(14400K) Class: 2331K(2496K)->2331K(2496K)
[404.756s][info][gc             ] GC(1846) Pause Young (Allocation Failure) 120M->6M(910M) 0.551ms
[404.756s][info][gc,cpu         ] GC(1846) User=0.00s Sys=0.00s Real=0.00s
[404.777s][info][gc,start       ] GC(1847) Pause Young (Allocation Failure)
[404.777s][info][gc,heap        ] GC(1847) PSYoungGen: 117024K(232960K)->224K(232960K) Eden: 116736K(116736K)->0K(116736K) From: 288K(116224K)->224K(116224K)
[404.777s][info][gc,heap        ] GC(1847) ParOldGen: 5972K(699392K)->6020K(699392K)
[404.777s][info][gc,metaspace   ] GC(1847) Metaspace: 16603K(16896K)->16603K(16896K) NonClass: 14271K(14400K)->14271K(14400K) Class: 2331K(2496K)->2331K(2496K)
[404.777s][info][gc             ] GC(1847) Pause Young (Allocation Failure) 120M->6M(910M) 0.539ms
[404.777s][info][gc,cpu         ] GC(1847) User=0.00s Sys=0.00s Real=0.00s
[404.798s][info][gc,start       ] GC(1848) Pause Young (Allocation Failure)
[404.799s][info][gc,heap        ] GC(1848) PSYoungGen: 116960K(232960K)->224K(232960K) Eden: 116736K(116736K)->0K(116736K) From: 224K(116224K)->224K(116224K)
[404.799s][info][gc,heap        ] GC(1848) ParOldGen: 6020K(699392K)->6068K(699392K)
[404.799s][info][gc,metaspace   ] GC(1848) Metaspace: 16603K(16896K)->16603K(16896K) NonClass: 14271K(14400K)->14271K(14400K) Class: 2331K(2496K)->2331K(2496K)
[404.799s][info][gc             ] GC(1848) Pause Young (Allocation Failure) 120M->6M(910M) 0.486ms
[404.799s][info][gc,cpu         ] GC(1848) User=0.00s Sys=0.00s Real=0.00s
[404.820s][info][gc,start       ] GC(1849) Pause Young (Allocation Failure)
[404.820s][info][gc,heap        ] GC(1849) PSYoungGen: 116960K(232960K)->320K(246784K) Eden: 116736K(116736K)->0K(137728K) From: 224K(116224K)->320K(109056K)
[404.820s][info][gc,heap        ] GC(1849) ParOldGen: 6068K(699392K)->6068K(699392K)
[404.820s][info][gc,metaspace   ] GC(1849) Metaspace: 16603K(16896K)->16603K(16896K) NonClass: 14271K(14400K)->14271K(14400K) Class: 2331K(2496K)->2331K(2496K)
[404.820s][info][gc             ] GC(1849) Pause Young (Allocation Failure) 120M->6M(924M) 0.723ms
[404.820s][info][gc,cpu         ] GC(1849) User=0.00s Sys=0.00s Real=0.02s
[404.846s][info][gc,start       ] GC(1850) Pause Young (Allocation Failure)
[404.847s][info][gc,heap        ] GC(1850) PSYoungGen: 138048K(246784K)->320K(240128K) Eden: 137728K(137728K)->0K(137728K) From: 320K(109056K)->320K(102400K)
[404.847s][info][gc,heap        ] GC(1850) ParOldGen: 6068K(699392K)->6068K(699392K)
[404.847s][info][gc,metaspace   ] GC(1850) Metaspace: 16603K(16896K)->16603K(16896K) NonClass: 14271K(14400K)->14271K(14400K) Class: 2331K(2496K)->2331K(2496K)
[404.847s][info][gc             ] GC(1850) Pause Young (Allocation Failure) 140M->6M(917M) 0.538ms
[404.847s][info][gc,cpu         ] GC(1850) User=0.00s Sys=0.00s Real=0.00s
[404.872s][info][gc,start       ] GC(1851) Pause Young (Allocation Failure)
[404.873s][info][gc,heap        ] GC(1851) PSYoungGen: 138048K(240128K)->384K(260096K) Eden: 137728K(137728K)->0K(164864K) From: 320K(102400K)->384K(95232K)
[404.873s][info][gc,heap        ] GC(1851) ParOldGen: 6068K(699392K)->6068K(699392K)
[404.873s][info][gc,metaspace   ] GC(1851) Metaspace: 16603K(16896K)->16603K(16896K) NonClass: 14271K(14400K)->14271K(14400K) Class: 2331K(2496K)->2331K(2496K)
[404.873s][info][gc             ] GC(1851) Pause Young (Allocation Failure) 140M->6M(937M) 0.498ms
[404.873s][info][gc,cpu         ] GC(1851) User=0.00s Sys=0.00s Real=0.00s
[404.904s][info][gc,start       ] GC(1852) Pause Young (Allocation Failure)
[404.905s][info][gc,heap        ] GC(1852) PSYoungGen: 165248K(260096K)->384K(253952K) Eden: 164864K(164864K)->0K(164864K) From: 384K(95232K)->384K(89088K)
[404.905s][info][gc,heap        ] GC(1852) ParOldGen: 6068K(699392K)->6068K(699392K)
[404.905s][info][gc,metaspace   ] GC(1852) Metaspace: 16603K(16896K)->16603K(16896K) NonClass: 14271K(14400K)->14271K(14400K) Class: 2331K(2496K)->2331K(2496K)
[404.905s][info][gc             ] GC(1852) Pause Young (Allocation Failure) 167M->6M(931M) 0.496ms
[404.905s][info][gc,cpu         ] GC(1852) User=0.00s Sys=0.00s Real=0.00s
[404.935s][info][gc,start       ] GC(1853) Pause Young (Allocation Failure)
[404.936s][info][gc,heap        ] GC(1853) PSYoungGen: 165248K(253952K)->320K(272384K) Eden: 164864K(164864K)->0K(189440K) From: 384K(89088K)->320K(82944K)
[404.936s][info][gc,heap        ] GC(1853) ParOldGen: 6068K(699392K)->6068K(699392K)
[404.936s][info][gc,metaspace   ] GC(1853) Metaspace: 16603K(16896K)->16603K(16896K) NonClass: 14271K(14400K)->14271K(14400K) Class: 2331K(2496K)->2331K(2496K)
[404.936s][info][gc             ] GC(1853) Pause Young (Allocation Failure) 167M->6M(949M) 0.673ms
[404.936s][info][gc,cpu         ] GC(1853) User=0.00s Sys=0.00s Real=0.00s
[404.971s][info][gc,start       ] GC(1854) Pause Young (Allocation Failure)
[404.971s][info][gc,heap        ] GC(1854) PSYoungGen: 189760K(272384K)->384K(266240K) Eden: 189440K(189440K)->0K(189440K) From: 320K(82944K)->384K(76800K)
[404.971s][info][gc,heap        ] GC(1854) ParOldGen: 6068K(699392K)->6068K(699392K)
[404.971s][info][gc,metaspace   ] GC(1854) Metaspace: 16603K(16896K)->16603K(16896K) NonClass: 14271K(14400K)->14271K(14400K) Class: 2331K(2496K)->2331K(2496K)
[404.971s][info][gc             ] GC(1854) Pause Young (Allocation Failure) 191M->6M(943M) 0.653ms
[404.971s][info][gc,cpu         ] GC(1854) User=0.00s Sys=0.00s Real=0.00s
[405.006s][info][gc,start       ] GC(1855) Pause Young (Allocation Failure)
[405.007s][info][gc,heap        ] GC(1855) PSYoungGen: 189824K(266240K)->320K(282624K) Eden: 189440K(189440K)->0K(210944K) From: 384K(76800K)->320K(71680K)
[405.007s][info][gc,heap        ] GC(1855) ParOldGen: 6068K(699392K)->6068K(699392K)
[405.007s][info][gc,metaspace   ] GC(1855) Metaspace: 16603K(16896K)->16603K(16896K) NonClass: 14271K(14400K)->14271K(14400K) Class: 2331K(2496K)->2331K(2496K)
[405.007s][info][gc             ] GC(1855) Pause Young (Allocation Failure) 191M->6M(959M) 0.501ms
[405.007s][info][gc,cpu         ] GC(1855) User=0.00s Sys=0.00s Real=0.00s
[405.047s][info][gc,start       ] GC(1856) Pause Young (Allocation Failure)
[405.048s][info][gc,heap        ] GC(1856) PSYoungGen: 211264K(282624K)->320K(277504K) Eden: 210944K(210944K)->0K(210944K) From: 320K(71680K)->320K(66560K)
[405.048s][info][gc,heap        ] GC(1856) ParOldGen: 6068K(699392K)->6068K(699392K)
[405.048s][info][gc,metaspace   ] GC(1856) Metaspace: 16603K(16896K)->16603K(16896K) NonClass: 14271K(14400K)->14271K(14400K) Class: 2331K(2496K)->2331K(2496K)
[405.048s][info][gc             ] GC(1856) Pause Young (Allocation Failure) 212M->6M(954M) 0.541ms
[405.048s][info][gc,cpu         ] GC(1856) User=0.00s Sys=0.00s Real=0.00s
[405.099s][info][gc,start       ] GC(1857) Pause Young (Allocation Failure)
[405.111s][info][gc,heap        ] GC(1857) PSYoungGen: 211264K(277504K)->31427K(279552K) Eden: 210944K(210944K)->0K(218112K) From: 320K(66560K)->31427K(61440K)
[405.111s][info][gc,heap        ] GC(1857) ParOldGen: 6068K(699392K)->6068K(699392K)
[405.111s][info][gc,metaspace   ] GC(1857) Metaspace: 16603K(16896K)->16603K(16896K) NonClass: 14271K(14400K)->14271K(14400K) Class: 2331K(2496K)->2331K(2496K)
[405.111s][info][gc             ] GC(1857) Pause Young (Allocation Failure) 212M->36M(956M) 12.726ms
[405.111s][info][gc,cpu         ] GC(1857) User=0.02s Sys=0.00s Real=0.02s
[405.252s][info][gc,start       ] GC(1858) Pause Young (Allocation Failure)
[405.353s][info][gc,heap        ] GC(1858) PSYoungGen: 249539K(279552K)->65507K(283648K) Eden: 218112K(218112K)->0K(218112K) From: 31427K(61440K)->65507K(65536K)
[405.353s][info][gc,heap        ] GC(1858) ParOldGen: 6068K(699392K)->117164K(699392K)
[405.353s][info][gc,metaspace   ] GC(1858) Metaspace: 16603K(16896K)->16603K(16896K) NonClass: 14271K(14400K)->14271K(14400K) Class: 2331K(2496K)->2331K(2496K)
[405.353s][info][gc             ] GC(1858) Pause Young (Allocation Failure) 249M->178M(960M) 101.015ms
[405.353s][info][gc,cpu         ] GC(1858) User=0.56s Sys=0.00s Real=0.09s
[405.529s][info][gc,start       ] GC(1859) Pause Young (Allocation Failure)
[405.663s][info][gc,heap        ] GC(1859) PSYoungGen: 283619K(283648K)->65507K(182272K) Eden: 218112K(218112K)->0K(116736K) From: 65507K(65536K)->65507K(65536K)
[405.663s][info][gc,heap        ] GC(1859) ParOldGen: 117164K(699392K)->266796K(699392K)
[405.663s][info][gc,metaspace   ] GC(1859) Metaspace: 16603K(16896K)->16603K(16896K) NonClass: 14271K(14400K)->14271K(14400K) Class: 2331K(2496K)->2331K(2496K)
[405.663s][info][gc             ] GC(1859) Pause Young (Allocation Failure) 391M->324M(861M) 133.776ms
[405.663s][info][gc,cpu         ] GC(1859) User=0.75s Sys=0.00s Real=0.13s
[405.756s][info][gc,start       ] GC(1860) Pause Young (Allocation Failure)
[405.842s][info][gc,heap        ] GC(1860) PSYoungGen: 182243K(182272K)->116195K(232960K) Eden: 116736K(116736K)->0K(116736K) From: 65507K(65536K)->116195K(116224K)
[405.842s][info][gc,heap        ] GC(1860) ParOldGen: 266796K(699392K)->297356K(699392K)
[405.842s][info][gc,metaspace   ] GC(1860) Metaspace: 16603K(16896K)->16603K(16896K) NonClass: 14271K(14400K)->14271K(14400K) Class: 2331K(2496K)->2331K(2496K)
[405.842s][info][gc             ] GC(1860) Pause Young (Allocation Failure) 438M->403M(910M) 85.778ms
[405.842s][info][gc,cpu         ] GC(1860) User=0.48s Sys=0.00s Real=0.09s
[406.067s][info][gc,start       ] GC(1861) Pause Young (Allocation Failure)
[406.166s][info][gc,heap        ] GC(1861) PSYoungGen: 232931K(232960K)->116195K(232960K) Eden: 116736K(116736K)->0K(116736K) From: 116195K(116224K)->116195K(116224K)
[406.166s][info][gc,heap        ] GC(1861) ParOldGen: 297356K(699392K)->332948K(699392K)
[406.166s][info][gc,metaspace   ] GC(1861) Metaspace: 16603K(16896K)->16603K(16896K) NonClass: 14271K(14400K)->14271K(14400K) Class: 2331K(2496K)->2331K(2496K)
[406.166s][info][gc             ] GC(1861) Pause Young (Allocation Failure) 517M->438M(910M) 99.452ms
[406.166s][info][gc,cpu         ] GC(1861) User=0.50s Sys=0.00s Real=0.10s
[408.699s][info][gc,start       ] GC(1862) Pause Young (Allocation Failure)
[408.792s][info][gc,heap        ] GC(1862) PSYoungGen: 232931K(232960K)->116224K(232960K) Eden: 116736K(116736K)->0K(116736K) From: 116195K(116224K)->116224K(116224K)
[408.792s][info][gc,heap        ] GC(1862) ParOldGen: 332948K(699392K)->368304K(699392K)
[408.792s][info][gc,metaspace   ] GC(1862) Metaspace: 16603K(16896K)->16603K(16896K) NonClass: 14271K(14400K)->14271K(14400K) Class: 2331K(2496K)->2331K(2496K)
[408.792s][info][gc             ] GC(1862) Pause Young (Allocation Failure) 552M->473M(910M) 92.597ms
[408.792s][info][gc,cpu         ] GC(1862) User=0.48s Sys=0.00s Real=0.09s
[408.847s][info][gc,start       ] GC(1863) Pause Young (Allocation Failure)
[408.925s][info][gc,heap        ] GC(1863) PSYoungGen: 232960K(232960K)->116224K(232960K) Eden: 116736K(116736K)->0K(116736K) From: 116224K(116224K)->116224K(116224K)
[408.925s][info][gc,heap        ] GC(1863) ParOldGen: 368304K(699392K)->418760K(699392K)
[408.925s][info][gc,metaspace   ] GC(1863) Metaspace: 16603K(16896K)->16603K(16896K) NonClass: 14271K(14400K)->14271K(14400K) Class: 2331K(2496K)->2331K(2496K)
[408.925s][info][gc             ] GC(1863) Pause Young (Allocation Failure) 587M->522M(910M) 77.808ms
[408.925s][info][gc,cpu         ] GC(1863) User=0.45s Sys=0.00s Real=0.08s
[408.982s][info][gc,start       ] GC(1864) Pause Young (Allocation Failure)
[409.069s][info][gc,heap        ] GC(1864) PSYoungGen: 232960K(232960K)->91808K(232960K) Eden: 116736K(116736K)->0K(116736K) From: 116224K(116224K)->91808K(116224K)
[409.069s][info][gc,heap        ] GC(1864) ParOldGen: 418760K(699392K)->493304K(699392K)
[409.069s][info][gc,metaspace   ] GC(1864) Metaspace: 16603K(16896K)->16603K(16896K) NonClass: 14271K(14400K)->14271K(14400K) Class: 2331K(2496K)->2331K(2496K)
[409.069s][info][gc             ] GC(1864) Pause Young (Allocation Failure) 636M->571M(910M) 86.747ms
[409.069s][info][gc,cpu         ] GC(1864) User=0.47s Sys=0.00s Real=0.09s
[409.126s][info][gc,start       ] GC(1865) Pause Young (Allocation Failure)
[409.193s][info][gc,heap        ] GC(1865) PSYoungGen: 208544K(232960K)->98912K(232960K) Eden: 116736K(116736K)->0K(116736K) From: 91808K(116224K)->98912K(116224K)
[409.193s][info][gc,heap        ] GC(1865) ParOldGen: 493304K(699392K)->534616K(699392K)
[409.193s][info][gc,metaspace   ] GC(1865) Metaspace: 16603K(16896K)->16603K(16896K) NonClass: 14271K(14400K)->14271K(14400K) Class: 2331K(2496K)->2331K(2496K)
[409.193s][info][gc             ] GC(1865) Pause Young (Allocation Failure) 685M->618M(910M) 67.584ms
[409.193s][info][gc,cpu         ] GC(1865) User=0.36s Sys=0.00s Real=0.06s
[409.250s][info][gc,start       ] GC(1866) Pause Young (Allocation Failure)
[409.321s][info][gc,heap        ] GC(1866) PSYoungGen: 215648K(232960K)->50784K(232960K) Eden: 116736K(116736K)->0K(116736K) From: 98912K(116224K)->50784K(116224K)
[409.321s][info][gc,heap        ] GC(1866) ParOldGen: 534616K(699392K)->631232K(699392K)
[409.321s][info][gc,metaspace   ] GC(1866) Metaspace: 16603K(16896K)->16603K(16896K) NonClass: 14271K(14400K)->14271K(14400K) Class: 2331K(2496K)->2331K(2496K)
[409.321s][info][gc             ] GC(1866) Pause Young (Allocation Failure) 732M->666M(910M) 70.535ms
[409.321s][info][gc,cpu         ] GC(1866) User=0.38s Sys=0.00s Real=0.06s
[409.379s][info][gc,start       ] GC(1867) Pause Full (Ergonomics)
[409.379s][info][gc,phases,start] GC(1867) Marking Phase
[409.466s][info][gc,phases      ] GC(1867) Marking Phase 86.933ms
[409.466s][info][gc,phases,start] GC(1867) Summary Phase
[409.466s][info][gc,phases      ] GC(1867) Summary Phase 0.027ms
[409.466s][info][gc,phases,start] GC(1867) Adjust Roots
[409.468s][info][gc,phases      ] GC(1867) Adjust Roots 2.109ms
[409.468s][info][gc,phases,start] GC(1867) Compaction Phase
[409.666s][info][gc,phases      ] GC(1867) Compaction Phase 198.215ms
[409.666s][info][gc,phases,start] GC(1867) Post Compact
[409.668s][info][gc,phases      ] GC(1867) Post Compact 1.695ms
[409.668s][info][gc,heap        ] GC(1867) PSYoungGen: 167520K(232960K)->0K(232960K) Eden: 116736K(116736K)->0K(116736K) From: 50784K(116224K)->0K(116224K)
[409.668s][info][gc,heap        ] GC(1867) ParOldGen: 631232K(699392K)->286872K(699392K)
[409.668s][info][gc,metaspace   ] GC(1867) Metaspace: 16603K(16896K)->16603K(16896K) NonClass: 14271K(14400K)->14271K(14400K) Class: 2331K(2496K)->2331K(2496K)
[409.668s][info][gc             ] GC(1867) Pause Full (Ergonomics) 780M->280M(910M) 289.308ms
[409.668s][info][gc,cpu         ] GC(1867) User=1.59s Sys=0.00s Real=0.29s
[409.728s][info][gc,start       ] GC(1868) Pause Young (Allocation Failure)
[409.753s][info][gc,heap        ] GC(1868) PSYoungGen: 116736K(232960K)->50944K(232960K) Eden: 116736K(116736K)->0K(116736K) From: 0K(116224K)->50944K(116224K)
[409.753s][info][gc,heap        ] GC(1868) ParOldGen: 286872K(699392K)->286872K(699392K)
[409.753s][info][gc,metaspace   ] GC(1868) Metaspace: 16603K(16896K)->16603K(16896K) NonClass: 14271K(14400K)->14271K(14400K) Class: 2331K(2496K)->2331K(2496K)
[409.753s][info][gc             ] GC(1868) Pause Young (Allocation Failure) 394M->329M(910M) 24.680ms
[409.753s][info][gc,cpu         ] GC(1868) User=0.09s Sys=0.00s Real=0.03s
[409.814s][info][gc,start       ] GC(1869) Pause Young (Allocation Failure)
[409.858s][info][gc,heap        ] GC(1869) PSYoungGen: 167680K(232960K)->51040K(232960K) Eden: 116736K(116736K)->0K(116736K) From: 50944K(116224K)->51040K(116224K)
[409.859s][info][gc,heap        ] GC(1869) ParOldGen: 286872K(699392K)->334928K(699392K)
[409.859s][info][gc,metaspace   ] GC(1869) Metaspace: 16603K(16896K)->16603K(16896K) NonClass: 14271K(14400K)->14271K(14400K) Class: 2331K(2496K)->2331K(2496K)
[409.859s][info][gc             ] GC(1869) Pause Young (Allocation Failure) 443M->376M(910M) 44.472ms
[409.859s][info][gc,cpu         ] GC(1869) User=0.17s Sys=0.00s Real=0.05s
[409.939s][info][gc,start       ] GC(1870) Pause Young (Allocation Failure)
[409.991s][info][gc,heap        ] GC(1870) PSYoungGen: 167776K(232960K)->66264K(232960K) Eden: 116736K(116736K)->0K(116736K) From: 51040K(116224K)->66264K(116224K)
[409.991s][info][gc,heap        ] GC(1870) ParOldGen: 334928K(699392K)->382952K(699392K)
[409.991s][info][gc,metaspace   ] GC(1870) Metaspace: 16603K(16896K)->16603K(16896K) NonClass: 14271K(14400K)->14271K(14400K) Class: 2331K(2496K)->2331K(2496K)
[409.991s][info][gc             ] GC(1870) Pause Young (Allocation Failure) 490M->438M(910M) 52.086ms
[409.991s][info][gc,cpu         ] GC(1870) User=0.28s Sys=0.00s Real=0.05s
[410.282s][info][gc,start       ] GC(1871) Pause Young (Allocation Failure)
[410.375s][info][gc,heap        ] GC(1871) PSYoungGen: 183000K(232960K)->42432K(232960K) Eden: 116735K(116736K)->0K(116736K) From: 66264K(116224K)->42432K(116224K)
[410.375s][info][gc,heap        ] GC(1871) ParOldGen: 382952K(699392K)->431473K(699392K)
[410.375s][info][gc,metaspace   ] GC(1871) Metaspace: 16603K(16896K)->16603K(16896K) NonClass: 14271K(14400K)->14271K(14400K) Class: 2331K(2496K)->2331K(2496K)
[410.375s][info][gc             ] GC(1871) Pause Young (Allocation Failure) 552M->462M(910M) 92.783ms
[410.375s][info][gc,cpu         ] GC(1871) User=0.41s Sys=0.00s Real=0.10s
[410.516s][info][gc,start       ] GC(1872) Pause Young (Allocation Failure)
[410.568s][info][gc,heap        ] GC(1872) PSYoungGen: 159168K(232960K)->3872K(232960K) Eden: 116736K(116736K)->0K(116736K) From: 42432K(116224K)->3872K(116224K)
[410.568s][info][gc,heap        ] GC(1872) ParOldGen: 431473K(699392K)->463065K(699392K)
[410.568s][info][gc,metaspace   ] GC(1872) Metaspace: 16603K(16896K)->16603K(16896K) NonClass: 14271K(14400K)->14271K(14400K) Class: 2331K(2496K)->2331K(2496K)
[410.568s][info][gc             ] GC(1872) Pause Young (Allocation Failure) 576M->455M(910M) 52.435ms
[410.568s][info][gc,cpu         ] GC(1872) User=0.31s Sys=0.00s Real=0.07s
[410.706s][info][gc,start       ] GC(1873) Pause Young (Allocation Failure)
[410.709s][info][gc,heap        ] GC(1873) PSYoungGen: 120608K(232960K)->3200K(232960K) Eden: 116736K(116736K)->0K(116736K) From: 3872K(116224K)->3200K(116224K)
[410.709s][info][gc,heap        ] GC(1873) ParOldGen: 463065K(699392K)->463401K(699392K)
[410.709s][info][gc,metaspace   ] GC(1873) Metaspace: 16603K(16896K)->16603K(16896K) NonClass: 14271K(14400K)->14271K(14400K) Class: 2331K(2496K)->2331K(2496K)
[410.709s][info][gc             ] GC(1873) Pause Young (Allocation Failure) 569M->455M(910M) 2.880ms
[410.709s][info][gc,cpu         ] GC(1873) User=0.02s Sys=0.00s Real=0.02s
[410.834s][info][gc,start       ] GC(1874) Pause Young (Allocation Failure)
[410.836s][info][gc,heap        ] GC(1874) PSYoungGen: 119936K(232960K)->2400K(232960K) Eden: 116736K(116736K)->0K(116736K) From: 3200K(116224K)->2400K(116224K)
[410.836s][info][gc,heap        ] GC(1874) ParOldGen: 463401K(699392K)->463529K(699392K)
[410.836s][info][gc,metaspace   ] GC(1874) Metaspace: 16603K(16896K)->16603K(16896K) NonClass: 14271K(14400K)->14271K(14400K) Class: 2331K(2496K)->2331K(2496K)
[410.836s][info][gc             ] GC(1874) Pause Young (Allocation Failure) 569M->455M(910M) 2.359ms
[410.836s][info][gc,cpu         ] GC(1874) User=0.00s Sys=0.00s Real=0.00s
[410.968s][info][gc,start       ] GC(1875) Pause Young (Allocation Failure)
[410.969s][info][gc,heap        ] GC(1875) PSYoungGen: 119136K(232960K)->256K(232960K) Eden: 116736K(116736K)->0K(116736K) From: 2400K(116224K)->256K(116224K)
[410.969s][info][gc,heap        ] GC(1875) ParOldGen: 463529K(699392K)->463577K(699392K)
[410.969s][info][gc,metaspace   ] GC(1875) Metaspace: 16603K(16896K)->16603K(16896K) NonClass: 14271K(14400K)->14271K(14400K) Class: 2331K(2496K)->2331K(2496K)
[410.969s][info][gc             ] GC(1875) Pause Young (Allocation Failure) 569M->452M(910M) 1.004ms
[410.969s][info][gc,cpu         ] GC(1875) User=0.00s Sys=0.00s Real=0.00s
[411.640s][info][gc,start       ] GC(1876) Pause Young (System.gc())
[411.641s][info][gc,heap        ] GC(1876) PSYoungGen: 92953K(232960K)->128K(232960K) Eden: 92697K(116736K)->0K(116736K) From: 256K(116224K)->128K(116224K)
[411.641s][info][gc,heap        ] GC(1876) ParOldGen: 463577K(699392K)->463577K(699392K)
[411.641s][info][gc,metaspace   ] GC(1876) Metaspace: 16603K(16896K)->16603K(16896K) NonClass: 14271K(14400K)->14271K(14400K) Class: 2331K(2496K)->2331K(2496K)
[411.641s][info][gc             ] GC(1876) Pause Young (System.gc()) 543M->452M(910M) 0.846ms
[411.641s][info][gc,cpu         ] GC(1876) User=0.00s Sys=0.00s Real=0.00s
[411.641s][info][gc,start       ] GC(1877) Pause Full (System.gc())
[411.641s][info][gc,phases,start] GC(1877) Marking Phase
[411.646s][info][gc,phases      ] GC(1877) Marking Phase 4.814ms
[411.646s][info][gc,phases,start] GC(1877) Summary Phase
[411.646s][info][gc,phases      ] GC(1877) Summary Phase 0.011ms
[411.646s][info][gc,phases,start] GC(1877) Adjust Roots
[411.648s][info][gc,phases      ] GC(1877) Adjust Roots 1.991ms
[411.648s][info][gc,phases,start] GC(1877) Compaction Phase
[411.650s][info][gc,phases      ] GC(1877) Compaction Phase 2.000ms
[411.650s][info][gc,phases,start] GC(1877) Post Compact
[411.652s][info][gc,phases      ] GC(1877) Post Compact 1.855ms
[411.652s][info][gc,heap        ] GC(1877) PSYoungGen: 128K(232960K)->0K(232960K) Eden: 0K(116736K)->0K(116736K) From: 128K(116224K)->0K(116224K)
[411.652s][info][gc,heap        ] GC(1877) ParOldGen: 463577K(699392K)->5548K(699392K)
[411.652s][info][gc,metaspace   ] GC(1877) Metaspace: 16603K(16896K)->16603K(16896K) NonClass: 14271K(14400K)->14271K(14400K) Class: 2331K(2496K)->2331K(2496K)
[411.652s][info][gc             ] GC(1877) Pause Full (System.gc()) 452M->5M(910M) 10.954ms
[411.652s][info][gc,cpu         ] GC(1877) User=0.02s Sys=0.00s Real=0.02s
[413.044s][info][gc,start       ] GC(1878) Pause Young (Allocation Failure)
[413.045s][info][gc,heap        ] GC(1878) PSYoungGen: 116736K(232960K)->320K(232960K) Eden: 116736K(116736K)->0K(116736K) From: 0K(116224K)->320K(116224K)
[413.045s][info][gc,heap        ] GC(1878) ParOldGen: 5548K(699392K)->5548K(699392K)
[413.045s][info][gc,metaspace   ] GC(1878) Metaspace: 16603K(16896K)->16603K(16896K) NonClass: 14271K(14400K)->14271K(14400K) Class: 2331K(2496K)->2331K(2496K)
[413.045s][info][gc             ] GC(1878) Pause Young (Allocation Failure) 119M->5M(910M) 0.593ms
[413.045s][info][gc,cpu         ] GC(1878) User=0.00s Sys=0.00s Real=0.00s
[413.067s][info][gc,start       ] GC(1879) Pause Young (Allocation Failure)
[413.067s][info][gc,heap        ] GC(1879) PSYoungGen: 117056K(232960K)->256K(232960K) Eden: 116736K(116736K)->0K(116736K) From: 320K(116224K)->256K(116224K)
[413.067s][info][gc,heap        ] GC(1879) ParOldGen: 5548K(699392K)->5644K(699392K)
[413.067s][info][gc,metaspace   ] GC(1879) Metaspace: 16603K(16896K)->16603K(16896K) NonClass: 14271K(14400K)->14271K(14400K) Class: 2331K(2496K)->2331K(2496K)
[413.067s][info][gc             ] GC(1879) Pause Young (Allocation Failure) 119M->5M(910M) 0.573ms
[413.067s][info][gc,cpu         ] GC(1879) User=0.00s Sys=0.00s Real=0.00s
[413.089s][info][gc,start       ] GC(1880) Pause Young (Allocation Failure)
[413.090s][info][gc,heap        ] GC(1880) PSYoungGen: 116992K(232960K)->320K(232960K) Eden: 116736K(116736K)->0K(116736K) From: 256K(116224K)->320K(116224K)
[413.090s][info][gc,heap        ] GC(1880) ParOldGen: 5644K(699392K)->5692K(699392K)
[413.090s][info][gc,metaspace   ] GC(1880) Metaspace: 16603K(16896K)->16603K(16896K) NonClass: 14271K(14400K)->14271K(14400K) Class: 2331K(2496K)->2331K(2496K)
[413.090s][info][gc             ] GC(1880) Pause Young (Allocation Failure) 119M->5M(910M) 0.547ms
[413.090s][info][gc,cpu         ] GC(1880) User=0.00s Sys=0.00s Real=0.00s
[413.111s][info][gc,start       ] GC(1881) Pause Young (Allocation Failure)
[413.112s][info][gc,heap        ] GC(1881) PSYoungGen: 117056K(232960K)->288K(232960K) Eden: 116736K(116736K)->0K(116736K) From: 320K(116224K)->288K(116224K)
[413.112s][info][gc,heap        ] GC(1881) ParOldGen: 5692K(699392K)->5740K(699392K)
[413.112s][info][gc,metaspace   ] GC(1881) Metaspace: 16603K(16896K)->16603K(16896K) NonClass: 14271K(14400K)->14271K(14400K) Class: 2331K(2496K)->2331K(2496K)
[413.112s][info][gc             ] GC(1881) Pause Young (Allocation Failure) 119M->5M(910M) 0.542ms
[413.112s][info][gc,cpu         ] GC(1881) User=0.00s Sys=0.00s Real=0.00s
[413.134s][info][gc,start       ] GC(1882) Pause Young (Allocation Failure)
[413.134s][info][gc,heap        ] GC(1882) PSYoungGen: 117024K(232960K)->192K(232960K) Eden: 116736K(116736K)->0K(116736K) From: 288K(116224K)->192K(116224K)
[413.134s][info][gc,heap        ] GC(1882) ParOldGen: 5740K(699392K)->5788K(699392K)
[413.135s][info][gc,metaspace   ] GC(1882) Metaspace: 16603K(16896K)->16603K(16896K) NonClass: 14271K(14400K)->14271K(14400K) Class: 2331K(2496K)->2331K(2496K)
[413.135s][info][gc             ] GC(1882) Pause Young (Allocation Failure) 119M->5M(910M) 0.513ms
[413.135s][info][gc,cpu         ] GC(1882) User=0.00s Sys=0.00s Real=0.00s
[413.157s][info][gc,start       ] GC(1883) Pause Young (Allocation Failure)
[413.157s][info][gc,heap        ] GC(1883) PSYoungGen: 116928K(232960K)->288K(232960K) Eden: 116736K(116736K)->0K(116736K) From: 192K(116224K)->288K(116224K)
[413.157s][info][gc,heap        ] GC(1883) ParOldGen: 5788K(699392K)->5820K(699392K)
[413.157s][info][gc,metaspace   ] GC(1883) Metaspace: 16603K(16896K)->16603K(16896K) NonClass: 14271K(14400K)->14271K(14400K) Class: 2331K(2496K)->2331K(2496K)
[413.157s][info][gc             ] GC(1883) Pause Young (Allocation Failure) 119M->5M(910M) 0.472ms
[413.157s][info][gc,cpu         ] GC(1883) User=0.00s Sys=0.00s Real=0.00s
[413.179s][info][gc,start       ] GC(1884) Pause Young (Allocation Failure)
[413.179s][info][gc,heap        ] GC(1884) PSYoungGen: 117024K(232960K)->192K(232960K) Eden: 116736K(116736K)->0K(116736K) From: 288K(116224K)->192K(116224K)
[413.179s][info][gc,heap        ] GC(1884) ParOldGen: 5820K(699392K)->5876K(699392K)
[413.179s][info][gc,metaspace   ] GC(1884) Metaspace: 16603K(16896K)->16603K(16896K) NonClass: 14271K(14400K)->14271K(14400K) Class: 2331K(2496K)->2331K(2496K)
[413.179s][info][gc             ] GC(1884) Pause Young (Allocation Failure) 119M->5M(910M) 0.522ms
[413.179s][info][gc,cpu         ] GC(1884) User=0.00s Sys=0.00s Real=0.00s
[413.201s][info][gc,start       ] GC(1885) Pause Young (Allocation Failure)
[413.201s][info][gc,heap        ] GC(1885) PSYoungGen: 116928K(232960K)->192K(232960K) Eden: 116736K(116736K)->0K(116736K) From: 192K(116224K)->192K(116224K)
[413.201s][info][gc,heap        ] GC(1885) ParOldGen: 5876K(699392K)->5924K(699392K)
[413.201s][info][gc,metaspace   ] GC(1885) Metaspace: 16603K(16896K)->16603K(16896K) NonClass: 14271K(14400K)->14271K(14400K) Class: 2331K(2496K)->2331K(2496K)
[413.201s][info][gc             ] GC(1885) Pause Young (Allocation Failure) 119M->5M(910M) 0.526ms
[413.201s][info][gc,cpu         ] GC(1885) User=0.00s Sys=0.00s Real=0.00s
[413.222s][info][gc,start       ] GC(1886) Pause Young (Allocation Failure)
[413.223s][info][gc,heap        ] GC(1886) PSYoungGen: 116928K(232960K)->352K(236544K) Eden: 116736K(116736K)->0K(120320K) From: 192K(116224K)->352K(116224K)
[413.223s][info][gc,heap        ] GC(1886) ParOldGen: 5924K(699392K)->5972K(699392K)
[413.223s][info][gc,metaspace   ] GC(1886) Metaspace: 16603K(16896K)->16603K(16896K) NonClass: 14271K(14400K)->14271K(14400K) Class: 2331K(2496K)->2331K(2496K)
[413.223s][info][gc             ] GC(1886) Pause Young (Allocation Failure) 119M->6M(914M) 0.507ms
[413.223s][info][gc,cpu         ] GC(1886) User=0.00s Sys=0.00s Real=0.00s
[413.245s][info][gc,start       ] GC(1887) Pause Young (Allocation Failure)
[413.246s][info][gc,heap        ] GC(1887) PSYoungGen: 120672K(236544K)->320K(232960K) Eden: 120320K(120320K)->0K(120320K) From: 352K(116224K)->320K(112640K)
[413.246s][info][gc,heap        ] GC(1887) ParOldGen: 5972K(699392K)->5972K(699392K)
[413.246s][info][gc,metaspace   ] GC(1887) Metaspace: 16603K(16896K)->16603K(16896K) NonClass: 14271K(14400K)->14271K(14400K) Class: 2331K(2496K)->2331K(2496K)
[413.246s][info][gc             ] GC(1887) Pause Young (Allocation Failure) 123M->6M(910M) 0.554ms
[413.246s][info][gc,cpu         ] GC(1887) User=0.00s Sys=0.00s Real=0.00s
[413.268s][info][gc,start       ] GC(1888) Pause Young (Allocation Failure)
[413.269s][info][gc,heap        ] GC(1888) PSYoungGen: 120640K(232960K)->384K(249856K) Eden: 120320K(120320K)->0K(143872K) From: 320K(112640K)->384K(105984K)
[413.269s][info][gc,heap        ] GC(1888) ParOldGen: 5972K(699392K)->5972K(699392K)
[413.269s][info][gc,metaspace   ] GC(1888) Metaspace: 16603K(16896K)->16603K(16896K) NonClass: 14271K(14400K)->14271K(14400K) Class: 2331K(2496K)->2331K(2496K)
[413.269s][info][gc             ] GC(1888) Pause Young (Allocation Failure) 123M->6M(927M) 0.517ms
[413.269s][info][gc,cpu         ] GC(1888) User=0.00s Sys=0.00s Real=0.00s
[413.295s][info][gc,start       ] GC(1889) Pause Young (Allocation Failure)
[413.295s][info][gc,heap        ] GC(1889) PSYoungGen: 144256K(249856K)->352K(243200K) Eden: 143872K(143872K)->0K(143872K) From: 384K(105984K)->352K(99328K)
[413.295s][info][gc,heap        ] GC(1889) ParOldGen: 5972K(699392K)->5972K(699392K)
[413.295s][info][gc,metaspace   ] GC(1889) Metaspace: 16603K(16896K)->16603K(16896K) NonClass: 14271K(14400K)->14271K(14400K) Class: 2331K(2496K)->2331K(2496K)
[413.295s][info][gc             ] GC(1889) Pause Young (Allocation Failure) 146M->6M(920M) 0.509ms
[413.295s][info][gc,cpu         ] GC(1889) User=0.00s Sys=0.00s Real=0.00s
[413.323s][info][gc,start       ] GC(1890) Pause Young (Allocation Failure)
[413.323s][info][gc,heap        ] GC(1890) PSYoungGen: 144224K(243200K)->352K(262144K) Eden: 143872K(143872K)->0K(168960K) From: 352K(99328K)->352K(93184K)
[413.323s][info][gc,heap        ] GC(1890) ParOldGen: 5972K(699392K)->5972K(699392K)
[413.323s][info][gc,metaspace   ] GC(1890) Metaspace: 16603K(16896K)->16603K(16896K) NonClass: 14271K(14400K)->14271K(14400K) Class: 2331K(2496K)->2331K(2496K)
[413.323s][info][gc             ] GC(1890) Pause Young (Allocation Failure) 146M->6M(939M) 0.615ms
[413.323s][info][gc,cpu         ] GC(1890) User=0.00s Sys=0.00s Real=0.00s
[413.355s][info][gc,start       ] GC(1891) Pause Young (Allocation Failure)
[413.355s][info][gc,heap        ] GC(1891) PSYoungGen: 169312K(262144K)->384K(256000K) Eden: 168960K(168960K)->0K(168960K) From: 352K(93184K)->384K(87040K)
[413.355s][info][gc,heap        ] GC(1891) ParOldGen: 5972K(699392K)->5972K(699392K)
[413.355s][info][gc,metaspace   ] GC(1891) Metaspace: 16603K(16896K)->16603K(16896K) NonClass: 14271K(14400K)->14271K(14400K) Class: 2331K(2496K)->2331K(2496K)
[413.355s][info][gc             ] GC(1891) Pause Young (Allocation Failure) 171M->6M(933M) 0.559ms
[413.355s][info][gc,cpu         ] GC(1891) User=0.00s Sys=0.00s Real=0.00s
[413.387s][info][gc,start       ] GC(1892) Pause Young (Allocation Failure)
[413.388s][info][gc,heap        ] GC(1892) PSYoungGen: 169344K(256000K)->384K(273408K) Eden: 168960K(168960K)->0K(192000K) From: 384K(87040K)->384K(81408K)
[413.388s][info][gc,heap        ] GC(1892) ParOldGen: 5972K(699392K)->5972K(699392K)
[413.388s][info][gc,metaspace   ] GC(1892) Metaspace: 16603K(16896K)->16603K(16896K) NonClass: 14271K(14400K)->14271K(14400K) Class: 2331K(2496K)->2331K(2496K)
[413.388s][info][gc             ] GC(1892) Pause Young (Allocation Failure) 171M->6M(950M) 0.625ms
[413.388s][info][gc,cpu         ] GC(1892) User=0.00s Sys=0.00s Real=0.00s
[413.427s][info][gc,start       ] GC(1893) Pause Young (Allocation Failure)
[413.427s][info][gc,heap        ] GC(1893) PSYoungGen: 192384K(273408K)->320K(267776K) Eden: 192000K(192000K)->0K(192000K) From: 384K(81408K)->320K(75776K)
[413.427s][info][gc,heap        ] GC(1893) ParOldGen: 5972K(699392K)->5972K(699392K)
[413.427s][info][gc,metaspace   ] GC(1893) Metaspace: 16603K(16896K)->16603K(16896K) NonClass: 14271K(14400K)->14271K(14400K) Class: 2331K(2496K)->2331K(2496K)
[413.427s][info][gc             ] GC(1893) Pause Young (Allocation Failure) 193M->6M(944M) 0.648ms
[413.427s][info][gc,cpu         ] GC(1893) User=0.00s Sys=0.00s Real=0.00s
[413.464s][info][gc,start       ] GC(1894) Pause Young (Allocation Failure)
[413.465s][info][gc,heap        ] GC(1894) PSYoungGen: 192320K(267776K)->320K(283136K) Eden: 192000K(192000K)->0K(212480K) From: 320K(75776K)->320K(70656K)
[413.465s][info][gc,heap        ] GC(1894) ParOldGen: 5972K(699392K)->5972K(699392K)
[413.465s][info][gc,metaspace   ] GC(1894) Metaspace: 16603K(16896K)->16603K(16896K) NonClass: 14271K(14400K)->14271K(14400K) Class: 2331K(2496K)->2331K(2496K)
[413.465s][info][gc             ] GC(1894) Pause Young (Allocation Failure) 193M->6M(959M) 0.732ms
[413.465s][info][gc,cpu         ] GC(1894) User=0.00s Sys=0.00s Real=0.00s
[413.505s][info][gc,start       ] GC(1895) Pause Young (Allocation Failure)
[413.505s][info][gc,heap        ] GC(1895) PSYoungGen: 212800K(283136K)->384K(278528K) Eden: 212480K(212480K)->0K(212480K) From: 320K(70656K)->384K(66048K)
[413.505s][info][gc,heap        ] GC(1895) ParOldGen: 5972K(699392K)->5972K(699392K)
[413.505s][info][gc,metaspace   ] GC(1895) Metaspace: 16603K(16896K)->16603K(16896K) NonClass: 14271K(14400K)->14271K(14400K) Class: 2331K(2496K)->2331K(2496K)
[413.505s][info][gc             ] GC(1895) Pause Young (Allocation Failure) 213M->6M(955M) 0.509ms
[413.505s][info][gc,cpu         ] GC(1895) User=0.00s Sys=0.00s Real=0.00s
[413.546s][info][gc,start       ] GC(1896) Pause Young (Allocation Failure)
[413.546s][info][gc,heap        ] GC(1896) PSYoungGen: 212864K(278528K)->384K(292352K) Eden: 212480K(212480K)->0K(230912K) From: 384K(66048K)->384K(61440K)
[413.546s][info][gc,heap        ] GC(1896) ParOldGen: 5972K(699392K)->5972K(699392K)
[413.546s][info][gc,metaspace   ] GC(1896) Metaspace: 16603K(16896K)->16603K(16896K) NonClass: 14271K(14400K)->14271K(14400K) Class: 2331K(2496K)->2331K(2496K)
[413.546s][info][gc             ] GC(1896) Pause Young (Allocation Failure) 213M->6M(968M) 0.552ms
[413.546s][info][gc,cpu         ] GC(1896) User=0.00s Sys=0.00s Real=0.00s
[413.608s][info][gc,start       ] GC(1897) Pause Young (Allocation Failure)
[413.630s][info][gc,heap        ] GC(1897) PSYoungGen: 231296K(292352K)->51619K(282624K) Eden: 230912K(230912K)->0K(230912K) From: 384K(61440K)->51619K(51712K)
[413.630s][info][gc,heap        ] GC(1897) ParOldGen: 5972K(699392K)->5972K(699392K)
[413.630s][info][gc,metaspace   ] GC(1897) Metaspace: 16603K(16896K)->16603K(16896K) NonClass: 14271K(14400K)->14271K(14400K) Class: 2331K(2496K)->2331K(2496K)
[413.630s][info][gc             ] GC(1897) Pause Young (Allocation Failure) 231M->56M(959M) 21.920ms
[413.630s][info][gc,cpu         ] GC(1897) User=0.05s Sys=0.00s Real=0.03s
[413.781s][info][gc,start       ] GC(1898) Pause Young (Allocation Failure)
[413.899s][info][gc,heap        ] GC(1898) PSYoungGen: 282531K(282624K)->66531K(183296K) Eden: 230912K(230912K)->0K(116736K) From: 51619K(51712K)->66531K(66560K)
[413.899s][info][gc,heap        ] GC(1898) ParOldGen: 5972K(699392K)->145948K(699392K)
[413.899s][info][gc,metaspace   ] GC(1898) Metaspace: 16603K(16896K)->16603K(16896K) NonClass: 14271K(14400K)->14271K(14400K) Class: 2331K(2496K)->2331K(2496K)
[413.899s][info][gc             ] GC(1898) Pause Young (Allocation Failure) 281M->207M(862M) 118.301ms
[413.899s][info][gc,cpu         ] GC(1898) User=0.66s Sys=0.00s Real=0.12s
[413.981s][info][gc,start       ] GC(1899) Pause Young (Allocation Failure)
[414.062s][info][gc,heap        ] GC(1899) PSYoungGen: 183267K(183296K)->116195K(232960K) Eden: 116736K(116736K)->0K(116736K) From: 66531K(66560K)->116195K(116224K)
[414.062s][info][gc,heap        ] GC(1899) ParOldGen: 145948K(699392K)->177076K(699392K)
[414.062s][info][gc,metaspace   ] GC(1899) Metaspace: 16603K(16896K)->16603K(16896K) NonClass: 14271K(14400K)->14271K(14400K) Class: 2331K(2496K)->2331K(2496K)
[414.062s][info][gc             ] GC(1899) Pause Young (Allocation Failure) 321M->286M(910M) 80.926ms
[414.062s][info][gc,cpu         ] GC(1899) User=0.44s Sys=0.00s Real=0.08s
[414.154s][info][gc,start       ] GC(1900) Pause Young (Allocation Failure)
[414.270s][info][gc,heap        ] GC(1900) PSYoungGen: 232931K(232960K)->116195K(232960K) Eden: 116736K(116736K)->0K(116736K) From: 116195K(116224K)->116195K(116224K)
[414.270s][info][gc,heap        ] GC(1900) ParOldGen: 177076K(699392K)->257916K(699392K)
[414.270s][info][gc,metaspace   ] GC(1900) Metaspace: 16603K(16896K)->16603K(16896K) NonClass: 14271K(14400K)->14271K(14400K) Class: 2331K(2496K)->2331K(2496K)
[414.270s][info][gc             ] GC(1900) Pause Young (Allocation Failure) 400M->365M(910M) 116.715ms
[414.270s][info][gc,cpu         ] GC(1900) User=0.59s Sys=0.00s Real=0.11s
[414.381s][info][gc,start       ] GC(1901) Pause Young (Allocation Failure)
[414.511s][info][gc,heap        ] GC(1901) PSYoungGen: 232931K(232960K)->116210K(232960K) Eden: 116736K(116736K)->0K(116736K) From: 116195K(116224K)->116210K(116224K)
[414.511s][info][gc,heap        ] GC(1901) ParOldGen: 257916K(699392K)->334060K(699392K)
[414.511s][info][gc,metaspace   ] GC(1901) Metaspace: 16603K(16896K)->16603K(16896K) NonClass: 14271K(14400K)->14271K(14400K) Class: 2331K(2496K)->2331K(2496K)
[414.511s][info][gc             ] GC(1901) Pause Young (Allocation Failure) 479M->439M(910M) 129.965ms
[414.511s][info][gc,cpu         ] GC(1901) User=0.61s Sys=0.00s Real=0.13s
[417.753s][info][gc,start       ] GC(1902) Pause Young (Allocation Failure)
[417.844s][info][gc,heap        ] GC(1902) PSYoungGen: 232946K(232960K)->116195K(232960K) Eden: 116736K(116736K)->0K(116736K) From: 116210K(116224K)->116195K(116224K)
[417.844s][info][gc,heap        ] GC(1902) ParOldGen: 334060K(699392K)->346388K(699392K)
[417.844s][info][gc,metaspace   ] GC(1902) Metaspace: 16603K(16896K)->16603K(16896K) NonClass: 14271K(14400K)->14271K(14400K) Class: 2331K(2496K)->2331K(2496K)
[417.844s][info][gc             ] GC(1902) Pause Young (Allocation Failure) 553M->451M(910M) 90.769ms
[417.844s][info][gc,cpu         ] GC(1902) User=0.52s Sys=0.00s Real=0.09s
[417.896s][info][gc,start       ] GC(1903) Pause Young (Allocation Failure)
[417.996s][info][gc,heap        ] GC(1903) PSYoungGen: 232931K(232960K)->116224K(232960K) Eden: 116736K(116736K)->0K(116736K) From: 116195K(116224K)->116224K(116224K)
[417.996s][info][gc,heap        ] GC(1903) ParOldGen: 346388K(699392K)->397472K(699392K)
[417.996s][info][gc,metaspace   ] GC(1903) Metaspace: 16603K(16896K)->16603K(16896K) NonClass: 14271K(14400K)->14271K(14400K) Class: 2331K(2496K)->2331K(2496K)
[417.996s][info][gc             ] GC(1903) Pause Young (Allocation Failure) 565M->501M(910M) 99.897ms
[417.996s][info][gc,cpu         ] GC(1903) User=0.64s Sys=0.00s Real=0.11s
[418.051s][info][gc,start       ] GC(1904) Pause Young (Allocation Failure)
[418.131s][info][gc,heap        ] GC(1904) PSYoungGen: 232960K(232960K)->116224K(232960K) Eden: 116736K(116736K)->0K(116736K) From: 116224K(116224K)->116224K(116224K)
[418.131s][info][gc,heap        ] GC(1904) ParOldGen: 397472K(699392K)->447840K(699392K)
[418.131s][info][gc,metaspace   ] GC(1904) Metaspace: 16603K(16896K)->16603K(16896K) NonClass: 14271K(14400K)->14271K(14400K) Class: 2331K(2496K)->2331K(2496K)
[418.131s][info][gc             ] GC(1904) Pause Young (Allocation Failure) 615M->550M(910M) 80.115ms
[418.131s][info][gc,cpu         ] GC(1904) User=0.47s Sys=0.00s Real=0.08s
[418.188s][info][gc,start       ] GC(1905) Pause Young (Allocation Failure)
[418.274s][info][gc,heap        ] GC(1905) PSYoungGen: 232960K(232960K)->108704K(232960K) Eden: 116736K(116736K)->0K(116736K) From: 116224K(116224K)->108704K(116224K)
[418.278s][info][gc,heap        ] GC(1905) ParOldGen: 447840K(699392K)->505272K(699392K)
[418.278s][info][gc,metaspace   ] GC(1905) Metaspace: 16603K(16896K)->16603K(16896K) NonClass: 14271K(14400K)->14271K(14400K) Class: 2331K(2496K)->2331K(2496K)
[418.278s][info][gc             ] GC(1905) Pause Young (Allocation Failure) 664M->599M(910M) 90.599ms
[418.278s][info][gc,cpu         ] GC(1905) User=0.47s Sys=0.00s Real=0.09s
[418.337s][info][gc,start       ] GC(1906) Pause Young (Allocation Failure)
[418.414s][info][gc,heap        ] GC(1906) PSYoungGen: 225440K(232960K)->116224K(232960K) Eden: 116736K(116736K)->0K(116736K) From: 108704K(116224K)->116224K(116224K)
[418.414s][info][gc,heap        ] GC(1906) ParOldGen: 505272K(699392K)->545808K(699392K)
[418.415s][info][gc,metaspace   ] GC(1906) Metaspace: 16603K(16896K)->16603K(16896K) NonClass: 14271K(14400K)->14271K(14400K) Class: 2331K(2496K)->2331K(2496K)
[418.415s][info][gc             ] GC(1906) Pause Young (Allocation Failure) 713M->646M(910M) 77.919ms
[418.415s][info][gc,cpu         ] GC(1906) User=0.30s Sys=0.00s Real=0.06s
[418.474s][info][gc,start       ] GC(1907) Pause Young (Allocation Failure)
[418.552s][info][gc,heap        ] GC(1907) PSYoungGen: 232960K(232960K)->89632K(232960K) Eden: 116736K(116736K)->0K(116736K) From: 116224K(116224K)->89632K(116224K)
[418.552s][info][gc,heap        ] GC(1907) ParOldGen: 545808K(699392K)->621656K(699392K)
[418.552s][info][gc,metaspace   ] GC(1907) Metaspace: 16603K(16896K)->16603K(16896K) NonClass: 14271K(14400K)->14271K(14400K) Class: 2331K(2496K)->2331K(2496K)
[418.552s][info][gc             ] GC(1907) Pause Young (Allocation Failure) 760M->694M(910M) 78.088ms
[418.552s][info][gc,cpu         ] GC(1907) User=0.41s Sys=0.00s Real=0.08s
[418.610s][info][gc,start       ] GC(1908) Pause Full (Ergonomics)
[418.611s][info][gc,phases,start] GC(1908) Marking Phase
[418.703s][info][gc,phases      ] GC(1908) Marking Phase 92.899ms
[418.703s][info][gc,phases,start] GC(1908) Summary Phase
[418.704s][info][gc,phases      ] GC(1908) Summary Phase 0.022ms
[418.704s][info][gc,phases,start] GC(1908) Adjust Roots
[418.705s][info][gc,phases      ] GC(1908) Adjust Roots 1.663ms
[418.705s][info][gc,phases,start] GC(1908) Compaction Phase
[418.923s][info][gc,phases      ] GC(1908) Compaction Phase 218.147ms
[418.923s][info][gc,phases,start] GC(1908) Post Compact
[418.925s][info][gc,phases      ] GC(1908) Post Compact 1.670ms
[418.925s][info][gc,heap        ] GC(1908) PSYoungGen: 206368K(232960K)->0K(232960K) Eden: 116736K(116736K)->0K(116736K) From: 89632K(116224K)->0K(116224K)
[418.925s][info][gc,heap        ] GC(1908) ParOldGen: 621656K(699392K)->311037K(699392K)
[418.925s][info][gc,metaspace   ] GC(1908) Metaspace: 16603K(16896K)->16603K(16896K) NonClass: 14271K(14400K)->14271K(14400K) Class: 2331K(2496K)->2331K(2496K)
[418.925s][info][gc             ] GC(1908) Pause Full (Ergonomics) 808M->303M(910M) 314.760ms
[418.925s][info][gc,cpu         ] GC(1908) User=1.72s Sys=0.00s Real=0.31s
[418.986s][info][gc,start       ] GC(1909) Pause Young (Allocation Failure)
[419.010s][info][gc,heap        ] GC(1909) PSYoungGen: 116736K(232960K)->50976K(232960K) Eden: 116736K(116736K)->0K(116736K) From: 0K(116224K)->50976K(116224K)
[419.011s][info][gc,heap        ] GC(1909) ParOldGen: 311037K(699392K)->311037K(699392K)
[419.011s][info][gc,metaspace   ] GC(1909) Metaspace: 16603K(16896K)->16603K(16896K) NonClass: 14271K(14400K)->14271K(14400K) Class: 2331K(2496K)->2331K(2496K)
[419.011s][info][gc             ] GC(1909) Pause Young (Allocation Failure) 417M->353M(910M) 24.378ms
[419.011s][info][gc,cpu         ] GC(1909) User=0.05s Sys=0.00s Real=0.02s
[419.072s][info][gc,start       ] GC(1910) Pause Young (Allocation Failure)
[419.119s][info][gc,heap        ] GC(1910) PSYoungGen: 167712K(232960K)->51104K(232960K) Eden: 116736K(116736K)->0K(116736K) From: 50976K(116224K)->51104K(116224K)
[419.119s][info][gc,heap        ] GC(1910) ParOldGen: 311037K(699392K)->359045K(699392K)
[419.119s][info][gc,metaspace   ] GC(1910) Metaspace: 16603K(16896K)->16603K(16896K) NonClass: 14271K(14400K)->14271K(14400K) Class: 2331K(2496K)->2331K(2496K)
[419.119s][info][gc             ] GC(1910) Pause Young (Allocation Failure) 467M->400M(910M) 47.314ms
[419.119s][info][gc,cpu         ] GC(1910) User=0.23s Sys=0.00s Real=0.05s
[419.283s][info][gc,start       ] GC(1911) Pause Young (Allocation Failure)
[419.378s][info][gc,heap        ] GC(1911) PSYoungGen: 167840K(232960K)->84763K(232960K) Eden: 116736K(116736K)->0K(116736K) From: 51104K(116224K)->84763K(116224K)
[419.378s][info][gc,heap        ] GC(1911) ParOldGen: 359045K(699392K)->407909K(699392K)
[419.378s][info][gc,metaspace   ] GC(1911) Metaspace: 16603K(16896K)->16603K(16896K) NonClass: 14271K(14400K)->14271K(14400K) Class: 2331K(2496K)->2331K(2496K)
[419.378s][info][gc             ] GC(1911) Pause Young (Allocation Failure) 514M->481M(910M) 94.470ms
[419.378s][info][gc,cpu         ] GC(1911) User=0.48s Sys=0.00s Real=0.09s
[419.661s][info][gc,start       ] GC(1912) Pause Young (Allocation Failure)
[419.741s][info][gc,heap        ] GC(1912) PSYoungGen: 201499K(232960K)->4320K(232960K) Eden: 116736K(116736K)->0K(116736K) From: 84763K(116224K)->4320K(116224K)
[419.741s][info][gc,heap        ] GC(1912) ParOldGen: 407909K(699392K)->467761K(699392K)
[419.741s][info][gc,metaspace   ] GC(1912) Metaspace: 16603K(16896K)->16603K(16896K) NonClass: 14271K(14400K)->14271K(14400K) Class: 2331K(2496K)->2331K(2496K)
[419.741s][info][gc             ] GC(1912) Pause Young (Allocation Failure) 595M->461M(910M) 80.239ms
[419.741s][info][gc,cpu         ] GC(1912) User=0.41s Sys=0.00s Real=0.08s
[419.880s][info][gc,start       ] GC(1913) Pause Young (Allocation Failure)
[419.884s][info][gc,heap        ] GC(1913) PSYoungGen: 121056K(232960K)->3520K(232960K) Eden: 116736K(116736K)->0K(116736K) From: 4320K(116224K)->3520K(116224K)
[419.884s][info][gc,heap        ] GC(1913) ParOldGen: 467761K(699392K)->468385K(699392K)
[419.884s][info][gc,metaspace   ] GC(1913) Metaspace: 16603K(16896K)->16603K(16896K) NonClass: 14271K(14400K)->14271K(14400K) Class: 2331K(2496K)->2331K(2496K)
[419.884s][info][gc             ] GC(1913) Pause Young (Allocation Failure) 575M->460M(910M) 3.147ms
[419.884s][info][gc,cpu         ] GC(1913) User=0.00s Sys=0.00s Real=0.00s
[420.021s][info][gc,start       ] GC(1914) Pause Young (Allocation Failure)
[420.023s][info][gc,heap        ] GC(1914) PSYoungGen: 120256K(232960K)->2816K(232960K) Eden: 116736K(116736K)->0K(116736K) From: 3520K(116224K)->2816K(116224K)
[420.023s][info][gc,heap        ] GC(1914) ParOldGen: 468385K(699392K)->468601K(699392K)
[420.023s][info][gc,metaspace   ] GC(1914) Metaspace: 16603K(16896K)->16603K(16896K) NonClass: 14271K(14400K)->14271K(14400K) Class: 2331K(2496K)->2331K(2496K)
[420.023s][info][gc             ] GC(1914) Pause Young (Allocation Failure) 574M->460M(910M) 2.677ms
[420.023s][info][gc,cpu         ] GC(1914) User=0.00s Sys=0.00s Real=0.00s
[420.150s][info][gc,start       ] GC(1915) Pause Young (Allocation Failure)
[420.152s][info][gc,heap        ] GC(1915) PSYoungGen: 119552K(232960K)->1760K(232960K) Eden: 116736K(116736K)->0K(116736K) From: 2816K(116224K)->1760K(116224K)
[420.152s][info][gc,heap        ] GC(1915) ParOldGen: 468601K(699392K)->468649K(699392K)
[420.152s][info][gc,metaspace   ] GC(1915) Metaspace: 16603K(16896K)->16603K(16896K) NonClass: 14271K(14400K)->14271K(14400K) Class: 2331K(2496K)->2331K(2496K)
[420.152s][info][gc             ] GC(1915) Pause Young (Allocation Failure) 574M->459M(910M) 1.917ms
[420.152s][info][gc,cpu         ] GC(1915) User=0.00s Sys=0.00s Real=0.00s
[420.689s][info][gc,start       ] GC(1916) Pause Young (Allocation Failure)
[420.690s][info][gc,heap        ] GC(1916) PSYoungGen: 118496K(232960K)->2176K(232960K) Eden: 116736K(116736K)->0K(116736K) From: 1760K(116224K)->2176K(116224K)
[420.690s][info][gc,heap        ] GC(1916) ParOldGen: 468649K(699392K)->468649K(699392K)
[420.690s][info][gc,metaspace   ] GC(1916) Metaspace: 16603K(16896K)->16603K(16896K) NonClass: 14271K(14400K)->14271K(14400K) Class: 2331K(2496K)->2331K(2496K)
[420.691s][info][gc             ] GC(1916) Pause Young (Allocation Failure) 573M->459M(910M) 1.752ms
[420.691s][info][gc,cpu         ] GC(1916) User=0.00s Sys=0.00s Real=0.01s
[420.904s][info][gc,start       ] GC(1917) Pause Young (System.gc())
[420.904s][info][gc,heap        ] GC(1917) PSYoungGen: 35506K(232960K)->96K(232960K) Eden: 33330K(116736K)->0K(116736K) From: 2176K(116224K)->96K(116224K)
[420.904s][info][gc,heap        ] GC(1917) ParOldGen: 468649K(699392K)->468689K(699392K)
[420.904s][info][gc,metaspace   ] GC(1917) Metaspace: 16603K(16896K)->16603K(16896K) NonClass: 14271K(14400K)->14271K(14400K) Class: 2331K(2496K)->2331K(2496K)
[420.904s][info][gc             ] GC(1917) Pause Young (System.gc()) 492M->457M(910M) 0.770ms
[420.904s][info][gc,cpu         ] GC(1917) User=0.00s Sys=0.00s Real=0.00s
[420.904s][info][gc,start       ] GC(1918) Pause Full (System.gc())
[420.904s][info][gc,phases,start] GC(1918) Marking Phase
[420.910s][info][gc,phases      ] GC(1918) Marking Phase 5.174ms
[420.910s][info][gc,phases,start] GC(1918) Summary Phase
[420.910s][info][gc,phases      ] GC(1918) Summary Phase 0.012ms
[420.910s][info][gc,phases,start] GC(1918) Adjust Roots
[420.912s][info][gc,phases      ] GC(1918) Adjust Roots 2.448ms
[420.912s][info][gc,phases,start] GC(1918) Compaction Phase
[420.914s][info][gc,phases      ] GC(1918) Compaction Phase 2.194ms
[420.914s][info][gc,phases,start] GC(1918) Post Compact
[420.916s][info][gc,phases      ] GC(1918) Post Compact 2.024ms
[420.916s][info][gc,heap        ] GC(1918) PSYoungGen: 96K(232960K)->0K(232960K) Eden: 0K(116736K)->0K(116736K) From: 96K(116224K)->0K(116224K)
[420.916s][info][gc,heap        ] GC(1918) ParOldGen: 468689K(699392K)->5549K(699392K)
[420.917s][info][gc,metaspace   ] GC(1918) Metaspace: 16603K(16896K)->16603K(16896K) NonClass: 14271K(14400K)->14271K(14400K) Class: 2331K(2496K)->2331K(2496K)
[420.917s][info][gc             ] GC(1918) Pause Full (System.gc()) 457M->5M(910M) 12.131ms
[420.917s][info][gc,cpu         ] GC(1918) User=0.00s Sys=0.00s Real=0.02s
[422.319s][info][gc,start       ] GC(1919) Pause Young (Allocation Failure)
[422.320s][info][gc,heap        ] GC(1919) PSYoungGen: 116736K(232960K)->352K(232960K) Eden: 116736K(116736K)->0K(116736K) From: 0K(116224K)->352K(116224K)
[422.320s][info][gc,heap        ] GC(1919) ParOldGen: 5549K(699392K)->5549K(699392K)
[422.320s][info][gc,metaspace   ] GC(1919) Metaspace: 16603K(16896K)->16603K(16896K) NonClass: 14271K(14400K)->14271K(14400K) Class: 2331K(2496K)->2331K(2496K)
[422.320s][info][gc             ] GC(1919) Pause Young (Allocation Failure) 119M->5M(910M) 0.602ms
[422.320s][info][gc,cpu         ] GC(1919) User=0.00s Sys=0.00s Real=0.00s
[422.342s][info][gc,start       ] GC(1920) Pause Young (Allocation Failure)
[422.343s][info][gc,heap        ] GC(1920) PSYoungGen: 117088K(232960K)->224K(232960K) Eden: 116736K(116736K)->0K(116736K) From: 352K(116224K)->224K(116224K)
[422.343s][info][gc,heap        ] GC(1920) ParOldGen: 5549K(699392K)->5645K(699392K)
[422.343s][info][gc,metaspace   ] GC(1920) Metaspace: 16603K(16896K)->16603K(16896K) NonClass: 14271K(14400K)->14271K(14400K) Class: 2331K(2496K)->2331K(2496K)
[422.343s][info][gc             ] GC(1920) Pause Young (Allocation Failure) 119M->5M(910M) 0.580ms
[422.343s][info][gc,cpu         ] GC(1920) User=0.00s Sys=0.00s Real=0.00s
[422.365s][info][gc,start       ] GC(1921) Pause Young (Allocation Failure)
[422.368s][info][gc,heap        ] GC(1921) PSYoungGen: 116960K(232960K)->256K(232960K) Eden: 116736K(116736K)->0K(116736K) From: 224K(116224K)->256K(116224K)
[422.368s][info][gc,heap        ] GC(1921) ParOldGen: 5645K(699392K)->5669K(699392K)
[422.368s][info][gc,metaspace   ] GC(1921) Metaspace: 16603K(16896K)->16603K(16896K) NonClass: 14271K(14400K)->14271K(14400K) Class: 2331K(2496K)->2331K(2496K)
[422.368s][info][gc             ] GC(1921) Pause Young (Allocation Failure) 119M->5M(910M) 2.861ms
[422.368s][info][gc,cpu         ] GC(1921) User=0.00s Sys=0.00s Real=0.00s
[422.392s][info][gc,start       ] GC(1922) Pause Young (Allocation Failure)
[422.392s][info][gc,heap        ] GC(1922) PSYoungGen: 116992K(232960K)->256K(232960K) Eden: 116736K(116736K)->0K(116736K) From: 256K(116224K)->256K(116224K)
[422.392s][info][gc,heap        ] GC(1922) ParOldGen: 5669K(699392K)->5717K(699392K)
[422.392s][info][gc,metaspace   ] GC(1922) Metaspace: 16603K(16896K)->16603K(16896K) NonClass: 14271K(14400K)->14271K(14400K) Class: 2331K(2496K)->2331K(2496K)
[422.392s][info][gc             ] GC(1922) Pause Young (Allocation Failure) 119M->5M(910M) 0.494ms
[422.392s][info][gc,cpu         ] GC(1922) User=0.00s Sys=0.00s Real=0.00s
[422.415s][info][gc,start       ] GC(1923) Pause Young (Allocation Failure)
[422.415s][info][gc,heap        ] GC(1923) PSYoungGen: 116992K(232960K)->288K(232960K) Eden: 116736K(116736K)->0K(116736K) From: 256K(116224K)->288K(116224K)
[422.415s][info][gc,heap        ] GC(1923) ParOldGen: 5717K(699392K)->5757K(699392K)
[422.415s][info][gc,metaspace   ] GC(1923) Metaspace: 16603K(16896K)->16603K(16896K) NonClass: 14271K(14400K)->14271K(14400K) Class: 2331K(2496K)->2331K(2496K)
[422.415s][info][gc             ] GC(1923) Pause Young (Allocation Failure) 119M->5M(910M) 0.653ms
[422.415s][info][gc,cpu         ] GC(1923) User=0.00s Sys=0.00s Real=0.00s
[422.440s][info][gc,start       ] GC(1924) Pause Young (Allocation Failure)
[422.441s][info][gc,heap        ] GC(1924) PSYoungGen: 117024K(232960K)->288K(232960K) Eden: 116736K(116736K)->0K(116736K) From: 288K(116224K)->288K(116224K)
[422.441s][info][gc,heap        ] GC(1924) ParOldGen: 5757K(699392K)->5797K(699392K)
[422.441s][info][gc,metaspace   ] GC(1924) Metaspace: 16603K(16896K)->16603K(16896K) NonClass: 14271K(14400K)->14271K(14400K) Class: 2331K(2496K)->2331K(2496K)
[422.441s][info][gc             ] GC(1924) Pause Young (Allocation Failure) 119M->5M(910M) 0.627ms
[422.441s][info][gc,cpu         ] GC(1924) User=0.00s Sys=0.00s Real=0.00s
[422.464s][info][gc,start       ] GC(1925) Pause Young (Allocation Failure)
[422.465s][info][gc,heap        ] GC(1925) PSYoungGen: 117024K(232960K)->320K(232960K) Eden: 116736K(116736K)->0K(116736K) From: 288K(116224K)->320K(116224K)
[422.465s][info][gc,heap        ] GC(1925) ParOldGen: 5797K(699392K)->5861K(699392K)
[422.465s][info][gc,metaspace   ] GC(1925) Metaspace: 16603K(16896K)->16603K(16896K) NonClass: 14271K(14400K)->14271K(14400K) Class: 2331K(2496K)->2331K(2496K)
[422.465s][info][gc             ] GC(1925) Pause Young (Allocation Failure) 119M->6M(910M) 0.759ms
[422.465s][info][gc,cpu         ] GC(1925) User=0.00s Sys=0.00s Real=0.02s
[422.487s][info][gc,start       ] GC(1926) Pause Young (Allocation Failure)
[422.488s][info][gc,heap        ] GC(1926) PSYoungGen: 117056K(232960K)->352K(232960K) Eden: 116736K(116736K)->0K(116736K) From: 320K(116224K)->352K(116224K)
[422.488s][info][gc,heap        ] GC(1926) ParOldGen: 5861K(699392K)->5893K(699392K)
[422.488s][info][gc,metaspace   ] GC(1926) Metaspace: 16603K(16896K)->16603K(16896K) NonClass: 14271K(14400K)->14271K(14400K) Class: 2331K(2496K)->2331K(2496K)
[422.488s][info][gc             ] GC(1926) Pause Young (Allocation Failure) 120M->6M(910M) 0.511ms
[422.488s][info][gc,cpu         ] GC(1926) User=0.00s Sys=0.00s Real=0.00s
[422.510s][info][gc,start       ] GC(1927) Pause Young (Allocation Failure)
[422.511s][info][gc,heap        ] GC(1927) PSYoungGen: 117088K(232960K)->256K(232960K) Eden: 116736K(116736K)->0K(116736K) From: 352K(116224K)->256K(116224K)
[422.511s][info][gc,heap        ] GC(1927) ParOldGen: 5893K(699392K)->5949K(699392K)
[422.511s][info][gc,metaspace   ] GC(1927) Metaspace: 16603K(16896K)->16603K(16896K) NonClass: 14271K(14400K)->14271K(14400K) Class: 2331K(2496K)->2331K(2496K)
[422.511s][info][gc             ] GC(1927) Pause Young (Allocation Failure) 120M->6M(910M) 0.542ms
[422.511s][info][gc,cpu         ] GC(1927) User=0.00s Sys=0.00s Real=0.00s
[422.533s][info][gc,start       ] GC(1928) Pause Young (Allocation Failure)
[422.533s][info][gc,heap        ] GC(1928) PSYoungGen: 116992K(232960K)->192K(232960K) Eden: 116736K(116736K)->0K(116736K) From: 256K(116224K)->192K(116224K)
[422.533s][info][gc,heap        ] GC(1928) ParOldGen: 5949K(699392K)->6005K(699392K)
[422.533s][info][gc,metaspace   ] GC(1928) Metaspace: 16603K(16896K)->16603K(16896K) NonClass: 14271K(14400K)->14271K(14400K) Class: 2331K(2496K)->2331K(2496K)
[422.533s][info][gc             ] GC(1928) Pause Young (Allocation Failure) 120M->6M(910M) 0.465ms
[422.533s][info][gc,cpu         ] GC(1928) User=0.00s Sys=0.00s Real=0.00s
[422.555s][info][gc,start       ] GC(1929) Pause Young (Allocation Failure)
[422.555s][info][gc,heap        ] GC(1929) PSYoungGen: 116928K(232960K)->288K(233472K) Eden: 116736K(116736K)->0K(117248K) From: 192K(116224K)->288K(116224K)
[422.555s][info][gc,heap        ] GC(1929) ParOldGen: 6005K(699392K)->6053K(699392K)
[422.555s][info][gc,metaspace   ] GC(1929) Metaspace: 16603K(16896K)->16603K(16896K) NonClass: 14271K(14400K)->14271K(14400K) Class: 2331K(2496K)->2331K(2496K)
[422.555s][info][gc             ] GC(1929) Pause Young (Allocation Failure) 120M->6M(911M) 0.497ms
[422.555s][info][gc,cpu         ] GC(1929) User=0.00s Sys=0.00s Real=0.00s
[422.577s][info][gc,start       ] GC(1930) Pause Young (Allocation Failure)
[422.577s][info][gc,heap        ] GC(1930) PSYoungGen: 117536K(233472K)->352K(232960K) Eden: 117248K(117248K)->0K(117248K) From: 288K(116224K)->352K(115712K)
[422.577s][info][gc,heap        ] GC(1930) ParOldGen: 6053K(699392K)->6053K(699392K)
[422.577s][info][gc,metaspace   ] GC(1930) Metaspace: 16603K(16896K)->16603K(16896K) NonClass: 14271K(14400K)->14271K(14400K) Class: 2331K(2496K)->2331K(2496K)
[422.577s][info][gc             ] GC(1930) Pause Young (Allocation Failure) 120M->6M(910M) 0.480ms
[422.577s][info][gc,cpu         ] GC(1930) User=0.00s Sys=0.00s Real=0.00s
[422.599s][info][gc,start       ] GC(1931) Pause Young (Allocation Failure)
[422.599s][info][gc,heap        ] GC(1931) PSYoungGen: 117600K(232960K)->224K(247808K) Eden: 117248K(117248K)->0K(139264K) From: 352K(115712K)->224K(108544K)
[422.599s][info][gc,heap        ] GC(1931) ParOldGen: 6053K(699392K)->6053K(699392K)
[422.599s][info][gc,metaspace   ] GC(1931) Metaspace: 16603K(16896K)->16603K(16896K) NonClass: 14271K(14400K)->14271K(14400K) Class: 2331K(2496K)->2331K(2496K)
[422.599s][info][gc             ] GC(1931) Pause Young (Allocation Failure) 120M->6M(925M) 0.464ms
[422.599s][info][gc,cpu         ] GC(1931) User=0.00s Sys=0.00s Real=0.00s
[422.626s][info][gc,start       ] GC(1932) Pause Young (Allocation Failure)
[422.627s][info][gc,heap        ] GC(1932) PSYoungGen: 139488K(247808K)->384K(240640K) Eden: 139264K(139264K)->0K(139264K) From: 224K(108544K)->384K(101376K)
[422.627s][info][gc,heap        ] GC(1932) ParOldGen: 6053K(699392K)->6053K(699392K)
[422.627s][info][gc,metaspace   ] GC(1932) Metaspace: 16603K(16896K)->16603K(16896K) NonClass: 14271K(14400K)->14271K(14400K) Class: 2331K(2496K)->2331K(2496K)
[422.627s][info][gc             ] GC(1932) Pause Young (Allocation Failure) 142M->6M(918M) 0.486ms
[422.627s][info][gc,cpu         ] GC(1932) User=0.00s Sys=0.00s Real=0.00s
[422.653s][info][gc,start       ] GC(1933) Pause Young (Allocation Failure)
[422.653s][info][gc,heap        ] GC(1933) PSYoungGen: 139648K(240640K)->352K(261120K) Eden: 139264K(139264K)->0K(166400K) From: 384K(101376K)->352K(94720K)
[422.653s][info][gc,heap        ] GC(1933) ParOldGen: 6053K(699392K)->6053K(699392K)
[422.653s][info][gc,metaspace   ] GC(1933) Metaspace: 16603K(16896K)->16603K(16896K) NonClass: 14271K(14400K)->14271K(14400K) Class: 2331K(2496K)->2331K(2496K)
[422.653s][info][gc             ] GC(1933) Pause Young (Allocation Failure) 142M->6M(938M) 0.631ms
[422.653s][info][gc,cpu         ] GC(1933) User=0.00s Sys=0.00s Real=0.02s
[422.683s][info][gc,start       ] GC(1934) Pause Young (Allocation Failure)
[422.684s][info][gc,heap        ] GC(1934) PSYoungGen: 166752K(261120K)->384K(254464K) Eden: 166400K(166400K)->0K(166400K) From: 352K(94720K)->384K(88064K)
[422.684s][info][gc,heap        ] GC(1934) ParOldGen: 6053K(699392K)->6053K(699392K)
[422.684s][info][gc,metaspace   ] GC(1934) Metaspace: 16603K(16896K)->16603K(16896K) NonClass: 14271K(14400K)->14271K(14400K) Class: 2331K(2496K)->2331K(2496K)
[422.684s][info][gc             ] GC(1934) Pause Young (Allocation Failure) 168M->6M(931M) 0.538ms
[422.684s][info][gc,cpu         ] GC(1934) User=0.00s Sys=0.00s Real=0.00s
[422.715s][info][gc,start       ] GC(1935) Pause Young (Allocation Failure)
[422.715s][info][gc,heap        ] GC(1935) PSYoungGen: 166784K(254464K)->352K(272896K) Eden: 166400K(166400K)->0K(190976K) From: 384K(88064K)->352K(81920K)
[422.715s][info][gc,heap        ] GC(1935) ParOldGen: 6053K(699392K)->6053K(699392K)
[422.715s][info][gc,metaspace   ] GC(1935) Metaspace: 16603K(16896K)->16603K(16896K) NonClass: 14271K(14400K)->14271K(14400K) Class: 2331K(2496K)->2331K(2496K)
[422.715s][info][gc             ] GC(1935) Pause Young (Allocation Failure) 168M->6M(949M) 0.524ms
[422.715s][info][gc,cpu         ] GC(1935) User=0.00s Sys=0.00s Real=0.00s
[422.750s][info][gc,start       ] GC(1936) Pause Young (Allocation Failure)
[422.751s][info][gc,heap        ] GC(1936) PSYoungGen: 191328K(272896K)->384K(267264K) Eden: 190976K(190976K)->0K(190976K) From: 352K(81920K)->384K(76288K)
[422.751s][info][gc,heap        ] GC(1936) ParOldGen: 6053K(699392K)->6053K(699392K)
[422.751s][info][gc,metaspace   ] GC(1936) Metaspace: 16603K(16896K)->16603K(16896K) NonClass: 14271K(14400K)->14271K(14400K) Class: 2331K(2496K)->2331K(2496K)
[422.751s][info][gc             ] GC(1936) Pause Young (Allocation Failure) 192M->6M(944M) 0.485ms
[422.751s][info][gc,cpu         ] GC(1936) User=0.00s Sys=0.00s Real=0.00s
[422.786s][info][gc,start       ] GC(1937) Pause Young (Allocation Failure)
[422.787s][info][gc,heap        ] GC(1937) PSYoungGen: 191360K(267264K)->384K(283136K) Eden: 190976K(190976K)->0K(211968K) From: 384K(76288K)->384K(71168K)
[422.787s][info][gc,heap        ] GC(1937) ParOldGen: 6053K(699392K)->6053K(699392K)
[422.787s][info][gc,metaspace   ] GC(1937) Metaspace: 16603K(16896K)->16603K(16896K) NonClass: 14271K(14400K)->14271K(14400K) Class: 2331K(2496K)->2331K(2496K)
[422.787s][info][gc             ] GC(1937) Pause Young (Allocation Failure) 192M->6M(959M) 0.540ms
[422.787s][info][gc,cpu         ] GC(1937) User=0.00s Sys=0.00s Real=0.00s
[422.826s][info][gc,start       ] GC(1938) Pause Young (Allocation Failure)
[422.827s][info][gc,heap        ] GC(1938) PSYoungGen: 212352K(283136K)->352K(278016K) Eden: 211968K(211968K)->0K(211968K) From: 384K(71168K)->352K(66048K)
[422.827s][info][gc,heap        ] GC(1938) ParOldGen: 6053K(699392K)->6053K(699392K)
[422.827s][info][gc,metaspace   ] GC(1938) Metaspace: 16603K(16896K)->16603K(16896K) NonClass: 14271K(14400K)->14271K(14400K) Class: 2331K(2496K)->2331K(2496K)
[422.827s][info][gc             ] GC(1938) Pause Young (Allocation Failure) 213M->6M(954M) 0.515ms
[422.827s][info][gc,cpu         ] GC(1938) User=0.00s Sys=0.00s Real=0.00s
[422.879s][info][gc,start       ] GC(1939) Pause Young (Allocation Failure)
[422.893s][info][gc,heap        ] GC(1939) PSYoungGen: 212320K(278016K)->34755K(278016K) Eden: 211968K(211968K)->0K(217088K) From: 352K(66048K)->34755K(60928K)
[422.893s][info][gc,heap        ] GC(1939) ParOldGen: 6053K(699392K)->6053K(699392K)
[422.893s][info][gc,metaspace   ] GC(1939) Metaspace: 16603K(16896K)->16603K(16896K) NonClass: 14271K(14400K)->14271K(14400K) Class: 2331K(2496K)->2331K(2496K)
[422.893s][info][gc             ] GC(1939) Pause Young (Allocation Failure) 213M->39M(954M) 14.433ms
[422.893s][info][gc,cpu         ] GC(1939) User=0.02s Sys=0.00s Real=0.01s
[423.031s][info][gc,start       ] GC(1940) Pause Young (Allocation Failure)
[423.133s][info][gc,heap        ] GC(1940) PSYoungGen: 251843K(278016K)->66034K(283136K) Eden: 217088K(217088K)->0K(217088K) From: 34755K(60928K)->66034K(66048K)
[423.133s][info][gc,heap        ] GC(1940) ParOldGen: 6053K(699392K)->118389K(699392K)
[423.133s][info][gc,metaspace   ] GC(1940) Metaspace: 16603K(16896K)->16603K(16896K) NonClass: 14271K(14400K)->14271K(14400K) Class: 2331K(2496K)->2331K(2496K)
[423.133s][info][gc             ] GC(1940) Pause Young (Allocation Failure) 251M->180M(959M) 102.065ms
[423.133s][info][gc,cpu         ] GC(1940) User=0.56s Sys=0.00s Real=0.09s
[423.299s][info][gc,start       ] GC(1941) Pause Young (Allocation Failure)
[423.434s][info][gc,heap        ] GC(1941) PSYoungGen: 283122K(283136K)->66019K(182784K) Eden: 217088K(217088K)->0K(116736K) From: 66034K(66048K)->66019K(66048K)
[423.434s][info][gc,heap        ] GC(1941) ParOldGen: 118389K(699392K)->268877K(699392K)
[423.434s][info][gc,metaspace   ] GC(1941) Metaspace: 16603K(16896K)->16603K(16896K) NonClass: 14271K(14400K)->14271K(14400K) Class: 2331K(2496K)->2331K(2496K)
[423.434s][info][gc             ] GC(1941) Pause Young (Allocation Failure) 392M->327M(861M) 134.735ms
[423.434s][info][gc,cpu         ] GC(1941) User=0.75s Sys=0.00s Real=0.12s
[423.523s][info][gc,start       ] GC(1942) Pause Young (Allocation Failure)
[423.611s][info][gc,heap        ] GC(1942) PSYoungGen: 182755K(182784K)->116195K(232960K) Eden: 116736K(116736K)->0K(116736K) From: 66019K(66048K)->116195K(116224K)
[423.611s][info][gc,heap        ] GC(1942) ParOldGen: 268877K(699392K)->299933K(699392K)
[423.611s][info][gc,metaspace   ] GC(1942) Metaspace: 16603K(16896K)->16603K(16896K) NonClass: 14271K(14400K)->14271K(14400K) Class: 2331K(2496K)->2331K(2496K)
[423.611s][info][gc             ] GC(1942) Pause Young (Allocation Failure) 441M->406M(910M) 87.292ms
[423.611s][info][gc,cpu         ] GC(1942) User=0.47s Sys=0.00s Real=0.09s
[423.901s][info][gc,start       ] GC(1943) Pause Young (Allocation Failure)
[423.999s][info][gc,heap        ] GC(1943) PSYoungGen: 232931K(232960K)->116195K(232960K) Eden: 116735K(116736K)->0K(116736K) From: 116195K(116224K)->116195K(116224K)
[423.999s][info][gc,heap        ] GC(1943) ParOldGen: 299933K(699392K)->332174K(699392K)
[423.999s][info][gc,metaspace   ] GC(1943) Metaspace: 16603K(16896K)->16603K(16896K) NonClass: 14271K(14400K)->14271K(14400K) Class: 2331K(2496K)->2331K(2496K)
[423.999s][info][gc             ] GC(1943) Pause Young (Allocation Failure) 520M->437M(910M) 98.606ms
[423.999s][info][gc,cpu         ] GC(1943) User=0.42s Sys=0.00s Real=0.10s
[426.395s][info][gc,start       ] GC(1944) Pause Young (Allocation Failure)
[426.490s][info][gc,heap        ] GC(1944) PSYoungGen: 232931K(232960K)->116210K(232960K) Eden: 116736K(116736K)->0K(116736K) From: 116195K(116224K)->116210K(116224K)
[426.492s][info][gc,heap        ] GC(1944) ParOldGen: 332174K(699392K)->368598K(699392K)
[426.492s][info][gc,metaspace   ] GC(1944) Metaspace: 16603K(16896K)->16603K(16896K) NonClass: 14271K(14400K)->14271K(14400K) Class: 2331K(2496K)->2331K(2496K)
[426.492s][info][gc             ] GC(1944) Pause Young (Allocation Failure) 551M->473M(910M) 97.409ms
[426.492s][info][gc,cpu         ] GC(1944) User=0.55s Sys=0.00s Real=0.09s
[426.548s][info][gc,start       ] GC(1945) Pause Young (Allocation Failure)
[426.650s][info][gc,heap        ] GC(1945) PSYoungGen: 232946K(232960K)->116224K(232960K) Eden: 116736K(116736K)->0K(116736K) From: 116210K(116224K)->116224K(116224K)
[426.650s][info][gc,heap        ] GC(1945) ParOldGen: 368598K(699392K)->420153K(699392K)
[426.650s][info][gc,metaspace   ] GC(1945) Metaspace: 16603K(16896K)->16603K(16896K) NonClass: 14271K(14400K)->14271K(14400K) Class: 2331K(2496K)->2331K(2496K)
[426.650s][info][gc             ] GC(1945) Pause Young (Allocation Failure) 587M->523M(910M) 101.306ms
[426.650s][info][gc,cpu         ] GC(1945) User=0.56s Sys=0.00s Real=0.09s
[426.706s][info][gc,start       ] GC(1946) Pause Young (Allocation Failure)
[426.787s][info][gc,heap        ] GC(1946) PSYoungGen: 232960K(232960K)->115168K(232960K) Eden: 116736K(116736K)->0K(116736K) From: 116224K(116224K)->115168K(116224K)
[426.787s][info][gc,heap        ] GC(1946) ParOldGen: 420153K(699392K)->471113K(699392K)
[426.787s][info][gc,metaspace   ] GC(1946) Metaspace: 16603K(16896K)->16603K(16896K) NonClass: 14271K(14400K)->14271K(14400K) Class: 2331K(2496K)->2331K(2496K)
[426.787s][info][gc             ] GC(1946) Pause Young (Allocation Failure) 637M->572M(910M) 80.934ms
[426.787s][info][gc,cpu         ] GC(1946) User=0.45s Sys=0.00s Real=0.08s
[426.844s][info][gc,start       ] GC(1947) Pause Young (Allocation Failure)
[426.925s][info][gc,heap        ] GC(1947) PSYoungGen: 231904K(232960K)->116224K(232960K) Eden: 116736K(116736K)->0K(116736K) From: 115168K(116224K)->116224K(116224K)
[426.925s][info][gc,heap        ] GC(1947) ParOldGen: 471113K(699392K)->518457K(699392K)
[426.925s][info][gc,metaspace   ] GC(1947) Metaspace: 16603K(16896K)->16603K(16896K) NonClass: 14271K(14400K)->14271K(14400K) Class: 2331K(2496K)->2331K(2496K)
[426.925s][info][gc             ] GC(1947) Pause Young (Allocation Failure) 686M->619M(910M) 81.875ms
[426.925s][info][gc,cpu         ] GC(1947) User=0.50s Sys=0.00s Real=0.10s
[426.983s][info][gc,start       ] GC(1948) Pause Young (Allocation Failure)
[427.056s][info][gc,heap        ] GC(1948) PSYoungGen: 232960K(232960K)->92896K(232960K) Eden: 116736K(116736K)->0K(116736K) From: 116224K(116224K)->92896K(116224K)
[427.056s][info][gc,heap        ] GC(1948) ParOldGen: 518457K(699392K)->591417K(699392K)
[427.056s][info][gc,metaspace   ] GC(1948) Metaspace: 16603K(16896K)->16603K(16896K) NonClass: 14271K(14400K)->14271K(14400K) Class: 2331K(2496K)->2331K(2496K)
[427.056s][info][gc             ] GC(1948) Pause Young (Allocation Failure) 733M->668M(910M) 73.221ms
[427.056s][info][gc,cpu         ] GC(1948) User=0.45s Sys=0.00s Real=0.08s
[427.114s][info][gc,start       ] GC(1949) Pause Full (Ergonomics)
[427.114s][info][gc,phases,start] GC(1949) Marking Phase
[427.196s][info][gc,phases      ] GC(1949) Marking Phase 81.508ms
[427.196s][info][gc,phases,start] GC(1949) Summary Phase
[427.196s][info][gc,phases      ] GC(1949) Summary Phase 0.020ms
[427.196s][info][gc,phases,start] GC(1949) Adjust Roots
[427.198s][info][gc,phases      ] GC(1949) Adjust Roots 2.155ms
[427.198s][info][gc,phases,start] GC(1949) Compaction Phase
[427.403s][info][gc,phases      ] GC(1949) Compaction Phase 204.779ms
[427.403s][info][gc,phases,start] GC(1949) Post Compact
[427.404s][info][gc,phases      ] GC(1949) Post Compact 1.676ms
[427.404s][info][gc,heap        ] GC(1949) PSYoungGen: 209632K(232960K)->0K(232960K) Eden: 116736K(116736K)->0K(116736K) From: 92896K(116224K)->0K(116224K)
[427.404s][info][gc,heap        ] GC(1949) ParOldGen: 591417K(699392K)->288087K(699392K)
[427.404s][info][gc,metaspace   ] GC(1949) Metaspace: 16603K(16896K)->16603K(16896K) NonClass: 14271K(14400K)->14271K(14400K) Class: 2331K(2496K)->2331K(2496K)
[427.405s][info][gc             ] GC(1949) Pause Full (Ergonomics) 782M->281M(910M) 290.447ms
[427.405s][info][gc,cpu         ] GC(1949) User=1.59s Sys=0.00s Real=0.29s
[427.467s][info][gc,start       ] GC(1950) Pause Young (Allocation Failure)
[427.492s][info][gc,heap        ] GC(1950) PSYoungGen: 116736K(232960K)->50944K(232960K) Eden: 116736K(116736K)->0K(116736K) From: 0K(116224K)->50944K(116224K)
[427.492s][info][gc,heap        ] GC(1950) ParOldGen: 288087K(699392K)->288087K(699392K)
[427.492s][info][gc,metaspace   ] GC(1950) Metaspace: 16603K(16896K)->16603K(16896K) NonClass: 14271K(14400K)->14271K(14400K) Class: 2331K(2496K)->2331K(2496K)
[427.492s][info][gc             ] GC(1950) Pause Young (Allocation Failure) 395M->331M(910M) 24.768ms
[427.492s][info][gc,cpu         ] GC(1950) User=0.09s Sys=0.00s Real=0.03s
[427.552s][info][gc,start       ] GC(1951) Pause Young (Allocation Failure)
[427.596s][info][gc,heap        ] GC(1951) PSYoungGen: 167680K(232960K)->51008K(232960K) Eden: 116736K(116736K)->0K(116736K) From: 50944K(116224K)->51008K(116224K)
[427.596s][info][gc,heap        ] GC(1951) ParOldGen: 288087K(699392K)->336135K(699392K)
[427.596s][info][gc,metaspace   ] GC(1951) Metaspace: 16603K(16896K)->16603K(16896K) NonClass: 14271K(14400K)->14271K(14400K) Class: 2331K(2496K)->2331K(2496K)
[427.596s][info][gc             ] GC(1951) Pause Young (Allocation Failure) 445M->378M(910M) 43.890ms
[427.596s][info][gc,cpu         ] GC(1951) User=0.09s Sys=0.00s Real=0.03s
[427.679s][info][gc,start       ] GC(1952) Pause Young (Allocation Failure)
[427.733s][info][gc,heap        ] GC(1952) PSYoungGen: 167744K(232960K)->70058K(232960K) Eden: 116736K(116736K)->0K(116736K) From: 51008K(116224K)->70058K(116224K)
[427.733s][info][gc,heap        ] GC(1952) ParOldGen: 336135K(699392K)->384175K(699392K)
[427.733s][info][gc,metaspace   ] GC(1952) Metaspace: 16603K(16896K)->16603K(16896K) NonClass: 14271K(14400K)->14271K(14400K) Class: 2331K(2496K)->2331K(2496K)
[427.733s][info][gc             ] GC(1952) Pause Young (Allocation Failure) 492M->443M(910M) 54.121ms
[427.733s][info][gc,cpu         ] GC(1952) User=0.28s Sys=0.00s Real=0.05s
[428.073s][info][gc,start       ] GC(1953) Pause Young (Allocation Failure)
[428.175s][info][gc,heap        ] GC(1953) PSYoungGen: 186794K(232960K)->40448K(232960K) Eden: 116736K(116736K)->0K(116736K) From: 70058K(116224K)->40448K(116224K)
[428.175s][info][gc,heap        ] GC(1953) ParOldGen: 384175K(699392K)->447761K(699392K)
[428.175s][info][gc,metaspace   ] GC(1953) Metaspace: 16603K(16896K)->16603K(16896K) NonClass: 14271K(14400K)->14271K(14400K) Class: 2331K(2496K)->2331K(2496K)
[428.175s][info][gc             ] GC(1953) Pause Young (Allocation Failure) 557M->476M(910M) 101.994ms
[428.175s][info][gc,cpu         ] GC(1953) User=0.41s Sys=0.00s Real=0.10s
[428.317s][info][gc,start       ] GC(1954) Pause Young (Allocation Failure)
[428.366s][info][gc,heap        ] GC(1954) PSYoungGen: 157184K(232960K)->3840K(232960K) Eden: 116736K(116736K)->0K(116736K) From: 40448K(116224K)->3840K(116224K)
[428.367s][info][gc,heap        ] GC(1954) ParOldGen: 447761K(699392K)->479017K(699392K)
[428.367s][info][gc,metaspace   ] GC(1954) Metaspace: 16603K(16896K)->16603K(16896K) NonClass: 14271K(14400K)->14271K(14400K) Class: 2331K(2496K)->2331K(2496K)
[428.367s][info][gc             ] GC(1954) Pause Young (Allocation Failure) 590M->471M(910M) 49.761ms
[428.367s][info][gc,cpu         ] GC(1954) User=0.28s Sys=0.00s Real=0.05s
[428.507s][info][gc,start       ] GC(1955) Pause Young (Allocation Failure)
[428.510s][info][gc,heap        ] GC(1955) PSYoungGen: 120576K(232960K)->3168K(232960K) Eden: 116736K(116736K)->0K(116736K) From: 3840K(116224K)->3168K(116224K)
[428.510s][info][gc,heap        ] GC(1955) ParOldGen: 479017K(699392K)->479353K(699392K)
[428.510s][info][gc,metaspace   ] GC(1955) Metaspace: 16603K(16896K)->16603K(16896K) NonClass: 14271K(14400K)->14271K(14400K) Class: 2331K(2496K)->2331K(2496K)
[428.510s][info][gc             ] GC(1955) Pause Young (Allocation Failure) 585M->471M(910M) 3.224ms
[428.510s][info][gc,cpu         ] GC(1955) User=0.00s Sys=0.00s Real=0.00s
[428.637s][info][gc,start       ] GC(1956) Pause Young (Allocation Failure)
[428.639s][info][gc,heap        ] GC(1956) PSYoungGen: 119904K(232960K)->2368K(232960K) Eden: 116736K(116736K)->0K(116736K) From: 3168K(116224K)->2368K(116224K)
[428.639s][info][gc,heap        ] GC(1956) ParOldGen: 479353K(699392K)->479481K(699392K)
[428.639s][info][gc,metaspace   ] GC(1956) Metaspace: 16603K(16896K)->16603K(16896K) NonClass: 14271K(14400K)->14271K(14400K) Class: 2331K(2496K)->2331K(2496K)
[428.639s][info][gc             ] GC(1956) Pause Young (Allocation Failure) 585M->470M(910M) 2.420ms
[428.639s][info][gc,cpu         ] GC(1956) User=0.00s Sys=0.00s Real=0.00s
[428.772s][info][gc,start       ] GC(1957) Pause Young (Allocation Failure)
[428.773s][info][gc,heap        ] GC(1957) PSYoungGen: 119104K(232960K)->192K(232960K) Eden: 116736K(116736K)->0K(116736K) From: 2368K(116224K)->192K(116224K)
[428.773s][info][gc,heap        ] GC(1957) ParOldGen: 479481K(699392K)->479505K(699392K)
[428.773s][info][gc,metaspace   ] GC(1957) Metaspace: 16603K(16896K)->16603K(16896K) NonClass: 14271K(14400K)->14271K(14400K) Class: 2331K(2496K)->2331K(2496K)
[428.773s][info][gc             ] GC(1957) Pause Young (Allocation Failure) 584M->468M(910M) 0.938ms
[428.773s][info][gc,cpu         ] GC(1957) User=0.00s Sys=0.00s Real=0.00s
[429.536s][info][gc,start       ] GC(1958) Pause Young (System.gc())
[429.537s][info][gc,heap        ] GC(1958) PSYoungGen: 88562K(232960K)->160K(232960K) Eden: 88370K(116736K)->0K(116736K) From: 192K(116224K)->160K(116224K)
[429.537s][info][gc,heap        ] GC(1958) ParOldGen: 479505K(699392K)->479505K(699392K)
[429.537s][info][gc,metaspace   ] GC(1958) Metaspace: 16610K(16896K)->16610K(16896K) NonClass: 14279K(14400K)->14279K(14400K) Class: 2331K(2496K)->2331K(2496K)
[429.537s][info][gc             ] GC(1958) Pause Young (System.gc()) 554M->468M(910M) 0.913ms
[429.537s][info][gc,cpu         ] GC(1958) User=0.00s Sys=0.00s Real=0.00s
[429.537s][info][gc,start       ] GC(1959) Pause Full (System.gc())
[429.537s][info][gc,phases,start] GC(1959) Marking Phase
[429.542s][info][gc,phases      ] GC(1959) Marking Phase 4.837ms
[429.542s][info][gc,phases,start] GC(1959) Summary Phase
[429.542s][info][gc,phases      ] GC(1959) Summary Phase 0.013ms
[429.542s][info][gc,phases,start] GC(1959) Adjust Roots
[429.544s][info][gc,phases      ] GC(1959) Adjust Roots 1.821ms
[429.544s][info][gc,phases,start] GC(1959) Compaction Phase
[429.546s][info][gc,phases      ] GC(1959) Compaction Phase 1.629ms
[429.546s][info][gc,phases,start] GC(1959) Post Compact
[429.548s][info][gc,phases      ] GC(1959) Post Compact 1.864ms
[429.548s][info][gc,heap        ] GC(1959) PSYoungGen: 160K(232960K)->0K(232960K) Eden: 0K(116736K)->0K(116736K) From: 160K(116224K)->0K(116224K)
[429.548s][info][gc,heap        ] GC(1959) ParOldGen: 479505K(699392K)->5549K(699392K)
[429.548s][info][gc,metaspace   ] GC(1959) Metaspace: 16610K(16896K)->16610K(16896K) NonClass: 14279K(14400K)->14279K(14400K) Class: 2331K(2496K)->2331K(2496K)
[429.548s][info][gc             ] GC(1959) Pause Full (System.gc()) 468M->5M(910M) 10.440ms
[429.548s][info][gc,cpu         ] GC(1959) User=0.02s Sys=0.00s Real=0.02s
[430.936s][info][gc,start       ] GC(1960) Pause Young (Allocation Failure)
[430.937s][info][gc,heap        ] GC(1960) PSYoungGen: 116736K(232960K)->352K(232960K) Eden: 116736K(116736K)->0K(116736K) From: 0K(116224K)->352K(116224K)
[430.937s][info][gc,heap        ] GC(1960) ParOldGen: 5549K(699392K)->5549K(699392K)
[430.937s][info][gc,metaspace   ] GC(1960) Metaspace: 16610K(16896K)->16610K(16896K) NonClass: 14279K(14400K)->14279K(14400K) Class: 2331K(2496K)->2331K(2496K)
[430.937s][info][gc             ] GC(1960) Pause Young (Allocation Failure) 119M->5M(910M) 0.631ms
[430.937s][info][gc,cpu         ] GC(1960) User=0.00s Sys=0.00s Real=0.00s
[430.961s][info][gc,start       ] GC(1961) Pause Young (Allocation Failure)
[430.961s][info][gc,heap        ] GC(1961) PSYoungGen: 117088K(232960K)->256K(232960K) Eden: 116736K(116736K)->0K(116736K) From: 352K(116224K)->256K(116224K)
[430.961s][info][gc,heap        ] GC(1961) ParOldGen: 5549K(699392K)->5653K(699392K)
[430.961s][info][gc,metaspace   ] GC(1961) Metaspace: 16610K(16896K)->16610K(16896K) NonClass: 14279K(14400K)->14279K(14400K) Class: 2331K(2496K)->2331K(2496K)
[430.961s][info][gc             ] GC(1961) Pause Young (Allocation Failure) 119M->5M(910M) 0.469ms
[430.961s][info][gc,cpu         ] GC(1961) User=0.00s Sys=0.00s Real=0.00s
[430.984s][info][gc,start       ] GC(1962) Pause Young (Allocation Failure)
[430.985s][info][gc,heap        ] GC(1962) PSYoungGen: 116992K(232960K)->192K(232960K) Eden: 116736K(116736K)->0K(116736K) From: 256K(116224K)->192K(116224K)
[430.985s][info][gc,heap        ] GC(1962) ParOldGen: 5653K(699392K)->5701K(699392K)
[430.985s][info][gc,metaspace   ] GC(1962) Metaspace: 16610K(16896K)->16610K(16896K) NonClass: 14279K(14400K)->14279K(14400K) Class: 2331K(2496K)->2331K(2496K)
[430.985s][info][gc             ] GC(1962) Pause Young (Allocation Failure) 119M->5M(910M) 0.594ms
[430.985s][info][gc,cpu         ] GC(1962) User=0.00s Sys=0.00s Real=0.00s
[431.009s][info][gc,start       ] GC(1963) Pause Young (Allocation Failure)
[431.009s][info][gc,heap        ] GC(1963) PSYoungGen: 116928K(232960K)->288K(232960K) Eden: 116736K(116736K)->0K(116736K) From: 192K(116224K)->288K(116224K)
[431.009s][info][gc,heap        ] GC(1963) ParOldGen: 5701K(699392K)->5741K(699392K)
[431.009s][info][gc,metaspace   ] GC(1963) Metaspace: 16610K(16896K)->16610K(16896K) NonClass: 14279K(14400K)->14279K(14400K) Class: 2331K(2496K)->2331K(2496K)
[431.009s][info][gc             ] GC(1963) Pause Young (Allocation Failure) 119M->5M(910M) 0.506ms
[431.009s][info][gc,cpu         ] GC(1963) User=0.00s Sys=0.00s Real=0.00s
[431.031s][info][gc,start       ] GC(1964) Pause Young (Allocation Failure)
[431.031s][info][gc,heap        ] GC(1964) PSYoungGen: 117024K(232960K)->224K(232960K) Eden: 116736K(116736K)->0K(116736K) From: 288K(116224K)->224K(116224K)
[431.031s][info][gc,heap        ] GC(1964) ParOldGen: 5741K(699392K)->5789K(699392K)
[431.031s][info][gc,metaspace   ] GC(1964) Metaspace: 16610K(16896K)->16610K(16896K) NonClass: 14279K(14400K)->14279K(14400K) Class: 2331K(2496K)->2331K(2496K)
[431.031s][info][gc             ] GC(1964) Pause Young (Allocation Failure) 119M->5M(910M) 0.510ms
[431.031s][info][gc,cpu         ] GC(1964) User=0.00s Sys=0.00s Real=0.00s
[431.054s][info][gc,start       ] GC(1965) Pause Young (Allocation Failure)
[431.054s][info][gc,heap        ] GC(1965) PSYoungGen: 116960K(232960K)->352K(232960K) Eden: 116736K(116736K)->0K(116736K) From: 224K(116224K)->352K(116224K)
[431.054s][info][gc,heap        ] GC(1965) ParOldGen: 5789K(699392K)->5813K(699392K)
[431.054s][info][gc,metaspace   ] GC(1965) Metaspace: 16610K(16896K)->16610K(16896K) NonClass: 14279K(14400K)->14279K(14400K) Class: 2331K(2496K)->2331K(2496K)
[431.054s][info][gc             ] GC(1965) Pause Young (Allocation Failure) 119M->6M(910M) 0.491ms
[431.054s][info][gc,cpu         ] GC(1965) User=0.00s Sys=0.00s Real=0.00s
[431.076s][info][gc,start       ] GC(1966) Pause Young (Allocation Failure)
[431.077s][info][gc,heap        ] GC(1966) PSYoungGen: 117088K(232960K)->224K(232960K) Eden: 116736K(116736K)->0K(116736K) From: 352K(116224K)->224K(116224K)
[431.077s][info][gc,heap        ] GC(1966) ParOldGen: 5813K(699392K)->5869K(699392K)
[431.077s][info][gc,metaspace   ] GC(1966) Metaspace: 16610K(16896K)->16610K(16896K) NonClass: 14279K(14400K)->14279K(14400K) Class: 2331K(2496K)->2331K(2496K)
[431.077s][info][gc             ] GC(1966) Pause Young (Allocation Failure) 120M->5M(910M) 0.532ms
[431.077s][info][gc,cpu         ] GC(1966) User=0.00s Sys=0.00s Real=0.00s
[431.100s][info][gc,start       ] GC(1967) Pause Young (Allocation Failure)
[431.100s][info][gc,heap        ] GC(1967) PSYoungGen: 116960K(232960K)->256K(232960K) Eden: 116736K(116736K)->0K(116736K) From: 224K(116224K)->256K(116224K)
[431.100s][info][gc,heap        ] GC(1967) ParOldGen: 5869K(699392K)->5901K(699392K)
[431.100s][info][gc,metaspace   ] GC(1967) Metaspace: 16610K(16896K)->16610K(16896K) NonClass: 14279K(14400K)->14279K(14400K) Class: 2331K(2496K)->2331K(2496K)
[431.100s][info][gc             ] GC(1967) Pause Young (Allocation Failure) 119M->6M(910M) 0.461ms
[431.100s][info][gc,cpu         ] GC(1967) User=0.00s Sys=0.00s Real=0.00s
[431.122s][info][gc,start       ] GC(1968) Pause Young (Allocation Failure)
[431.123s][info][gc,heap        ] GC(1968) PSYoungGen: 116992K(232960K)->224K(232960K) Eden: 116736K(116736K)->0K(116736K) From: 256K(116224K)->224K(116224K)
[431.123s][info][gc,heap        ] GC(1968) ParOldGen: 5901K(699392K)->5949K(699392K)
[431.123s][info][gc,metaspace   ] GC(1968) Metaspace: 16610K(16896K)->16610K(16896K) NonClass: 14279K(14400K)->14279K(14400K) Class: 2331K(2496K)->2331K(2496K)
[431.123s][info][gc             ] GC(1968) Pause Young (Allocation Failure) 120M->6M(910M) 0.585ms
[431.123s][info][gc,cpu         ] GC(1968) User=0.00s Sys=0.00s Real=0.00s
[431.146s][info][gc,start       ] GC(1969) Pause Young (Allocation Failure)
[431.147s][info][gc,heap        ] GC(1969) PSYoungGen: 116960K(232960K)->320K(232960K) Eden: 116736K(116736K)->0K(116736K) From: 224K(116224K)->320K(116224K)
[431.147s][info][gc,heap        ] GC(1969) ParOldGen: 5949K(699392K)->6005K(699392K)
[431.147s][info][gc,metaspace   ] GC(1969) Metaspace: 16610K(16896K)->16610K(16896K) NonClass: 14279K(14400K)->14279K(14400K) Class: 2331K(2496K)->2331K(2496K)
[431.147s][info][gc             ] GC(1969) Pause Young (Allocation Failure) 120M->6M(910M) 0.491ms
[431.147s][info][gc,cpu         ] GC(1969) User=0.00s Sys=0.00s Real=0.00s
[431.171s][info][gc,start       ] GC(1970) Pause Young (Allocation Failure)
[431.171s][info][gc,heap        ] GC(1970) PSYoungGen: 117056K(232960K)->288K(238080K) Eden: 116736K(116736K)->0K(121856K) From: 320K(116224K)->288K(116224K)
[431.172s][info][gc,heap        ] GC(1970) ParOldGen: 6005K(699392K)->6053K(699392K)
[431.172s][info][gc,metaspace   ] GC(1970) Metaspace: 16610K(16896K)->16610K(16896K) NonClass: 14279K(14400K)->14279K(14400K) Class: 2331K(2496K)->2331K(2496K)
[431.172s][info][gc             ] GC(1970) Pause Young (Allocation Failure) 120M->6M(915M) 0.560ms
[431.172s][info][gc,cpu         ] GC(1970) User=0.00s Sys=0.00s Real=0.00s
[431.196s][info][gc,start       ] GC(1971) Pause Young (Allocation Failure)
[431.196s][info][gc,heap        ] GC(1971) PSYoungGen: 122144K(238080K)->288K(232960K) Eden: 121856K(121856K)->0K(121856K) From: 288K(116224K)->288K(111104K)
[431.196s][info][gc,heap        ] GC(1971) ParOldGen: 6053K(699392K)->6053K(699392K)
[431.196s][info][gc,metaspace   ] GC(1971) Metaspace: 16610K(16896K)->16610K(16896K) NonClass: 14279K(14400K)->14279K(14400K) Class: 2331K(2496K)->2331K(2496K)
[431.196s][info][gc             ] GC(1971) Pause Young (Allocation Failure) 125M->6M(910M) 0.457ms
[431.196s][info][gc,cpu         ] GC(1971) User=0.00s Sys=0.00s Real=0.00s
[431.220s][info][gc,start       ] GC(1972) Pause Young (Allocation Failure)
[431.221s][info][gc,heap        ] GC(1972) PSYoungGen: 122144K(232960K)->256K(251904K) Eden: 121856K(121856K)->0K(147456K) From: 288K(111104K)->256K(104448K)
[431.221s][info][gc,heap        ] GC(1972) ParOldGen: 6053K(699392K)->6053K(699392K)
[431.221s][info][gc,metaspace   ] GC(1972) Metaspace: 16610K(16896K)->16610K(16896K) NonClass: 14279K(14400K)->14279K(14400K) Class: 2331K(2496K)->2331K(2496K)
[431.221s][info][gc             ] GC(1972) Pause Young (Allocation Failure) 125M->6M(929M) 0.506ms
[431.221s][info][gc,cpu         ] GC(1972) User=0.00s Sys=0.00s Real=0.00s
[431.250s][info][gc,start       ] GC(1973) Pause Young (Allocation Failure)
[431.251s][info][gc,heap        ] GC(1973) PSYoungGen: 147712K(251904K)->352K(244736K) Eden: 147456K(147456K)->0K(147456K) From: 256K(104448K)->352K(97280K)
[431.251s][info][gc,heap        ] GC(1973) ParOldGen: 6053K(699392K)->6053K(699392K)
[431.251s][info][gc,metaspace   ] GC(1973) Metaspace: 16610K(16896K)->16610K(16896K) NonClass: 14279K(14400K)->14279K(14400K) Class: 2331K(2496K)->2331K(2496K)
[431.251s][info][gc             ] GC(1973) Pause Young (Allocation Failure) 150M->6M(922M) 0.687ms
[431.251s][info][gc,cpu         ] GC(1973) User=0.00s Sys=0.00s Real=0.00s
[431.279s][info][gc,start       ] GC(1974) Pause Young (Allocation Failure)
[431.279s][info][gc,heap        ] GC(1974) PSYoungGen: 147808K(244736K)->288K(264192K) Eden: 147456K(147456K)->0K(173056K) From: 352K(97280K)->288K(91136K)
[431.279s][info][gc,heap        ] GC(1974) ParOldGen: 6053K(699392K)->6053K(699392K)
[431.279s][info][gc,metaspace   ] GC(1974) Metaspace: 16610K(16896K)->16610K(16896K) NonClass: 14279K(14400K)->14279K(14400K) Class: 2331K(2496K)->2331K(2496K)
[431.279s][info][gc             ] GC(1974) Pause Young (Allocation Failure) 150M->6M(941M) 0.522ms
[431.279s][info][gc,cpu         ] GC(1974) User=0.00s Sys=0.00s Real=0.00s
[431.312s][info][gc,start       ] GC(1975) Pause Young (Allocation Failure)
[431.313s][info][gc,heap        ] GC(1975) PSYoungGen: 173344K(264192K)->288K(258048K) Eden: 173056K(173056K)->0K(173056K) From: 288K(91136K)->288K(84992K)
[431.313s][info][gc,heap        ] GC(1975) ParOldGen: 6053K(699392K)->6053K(699392K)
[431.313s][info][gc,metaspace   ] GC(1975) Metaspace: 16610K(16896K)->16610K(16896K) NonClass: 14279K(14400K)->14279K(14400K) Class: 2331K(2496K)->2331K(2496K)
[431.313s][info][gc             ] GC(1975) Pause Young (Allocation Failure) 175M->6M(935M) 0.518ms
[431.313s][info][gc,cpu         ] GC(1975) User=0.00s Sys=0.00s Real=0.00s
[431.347s][info][gc,start       ] GC(1976) Pause Young (Allocation Failure)
[431.347s][info][gc,heap        ] GC(1976) PSYoungGen: 173344K(258048K)->352K(275456K) Eden: 173056K(173056K)->0K(196096K) From: 288K(84992K)->352K(79360K)
[431.347s][info][gc,heap        ] GC(1976) ParOldGen: 6053K(699392K)->6053K(699392K)
[431.347s][info][gc,metaspace   ] GC(1976) Metaspace: 16610K(16896K)->16610K(16896K) NonClass: 14279K(14400K)->14279K(14400K) Class: 2331K(2496K)->2331K(2496K)
[431.347s][info][gc             ] GC(1976) Pause Young (Allocation Failure) 175M->6M(952M) 0.490ms
[431.347s][info][gc,cpu         ] GC(1976) User=0.00s Sys=0.00s Real=0.00s
[431.386s][info][gc,start       ] GC(1977) Pause Young (Allocation Failure)
[431.387s][info][gc,heap        ] GC(1977) PSYoungGen: 196448K(275456K)->352K(269824K) Eden: 196096K(196096K)->0K(196096K) From: 352K(79360K)->352K(73728K)
[431.387s][info][gc,heap        ] GC(1977) ParOldGen: 6053K(699392K)->6053K(699392K)
[431.387s][info][gc,metaspace   ] GC(1977) Metaspace: 16610K(16896K)->16610K(16896K) NonClass: 14279K(14400K)->14279K(14400K) Class: 2331K(2496K)->2331K(2496K)
[431.387s][info][gc             ] GC(1977) Pause Young (Allocation Failure) 197M->6M(946M) 0.712ms
[431.387s][info][gc,cpu         ] GC(1977) User=0.00s Sys=0.00s Real=0.00s
[431.431s][info][gc,start       ] GC(1978) Pause Young (Allocation Failure)
[431.431s][info][gc,heap        ] GC(1978) PSYoungGen: 196448K(269824K)->384K(285696K) Eden: 196096K(196096K)->0K(217088K) From: 352K(73728K)->384K(68608K)
[431.431s][info][gc,heap        ] GC(1978) ParOldGen: 6053K(699392K)->6053K(699392K)
[431.431s][info][gc,metaspace   ] GC(1978) Metaspace: 16610K(16896K)->16610K(16896K) NonClass: 14279K(14400K)->14279K(14400K) Class: 2331K(2496K)->2331K(2496K)
[431.431s][info][gc             ] GC(1978) Pause Young (Allocation Failure) 197M->6M(962M) 0.493ms
[431.431s][info][gc,cpu         ] GC(1978) User=0.00s Sys=0.00s Real=0.00s
[431.475s][info][gc,start       ] GC(1979) Pause Young (Allocation Failure)
[431.475s][info][gc,heap        ] GC(1979) PSYoungGen: 217472K(285696K)->320K(280576K) Eden: 217088K(217088K)->0K(217088K) From: 384K(68608K)->320K(63488K)
[431.475s][info][gc,heap        ] GC(1979) ParOldGen: 6053K(699392K)->6053K(699392K)
[431.475s][info][gc,metaspace   ] GC(1979) Metaspace: 16610K(16896K)->16610K(16896K) NonClass: 14279K(14400K)->14279K(14400K) Class: 2331K(2496K)->2331K(2496K)
[431.475s][info][gc             ] GC(1979) Pause Young (Allocation Failure) 218M->6M(957M) 0.616ms
[431.475s][info][gc,cpu         ] GC(1979) User=0.00s Sys=0.00s Real=0.00s
[431.554s][info][gc,start       ] GC(1980) Pause Young (Allocation Failure)
[431.590s][info][gc,heap        ] GC(1980) PSYoungGen: 217408K(280576K)->58851K(249344K) Eden: 217088K(217088K)->0K(190464K) From: 320K(63488K)->58851K(58880K)
[431.590s][info][gc,heap        ] GC(1980) ParOldGen: 6053K(699392K)->22277K(699392K)
[431.590s][info][gc,metaspace   ] GC(1980) Metaspace: 16610K(16896K)->16610K(16896K) NonClass: 14279K(14400K)->14279K(14400K) Class: 2331K(2496K)->2331K(2496K)
[431.590s][info][gc             ] GC(1980) Pause Young (Allocation Failure) 218M->79M(926M) 36.111ms
[431.590s][info][gc,cpu         ] GC(1980) User=0.03s Sys=0.00s Real=0.03s
[431.725s][info][gc,start       ] GC(1981) Pause Young (Allocation Failure)
[431.831s][info][gc,heap        ] GC(1981) PSYoungGen: 249315K(249344K)->79331K(269824K) Eden: 190464K(190464K)->0K(190464K) From: 58851K(58880K)->79331K(79360K)
[431.831s][info][gc,heap        ] GC(1981) ParOldGen: 22277K(699392K)->129981K(699392K)
[431.831s][info][gc,metaspace   ] GC(1981) Metaspace: 16610K(16896K)->16610K(16896K) NonClass: 14279K(14400K)->14279K(14400K) Class: 2331K(2496K)->2331K(2496K)
[431.831s][info][gc             ] GC(1981) Pause Young (Allocation Failure) 265M->204M(946M) 106.472ms
[431.831s][info][gc,cpu         ] GC(1981) User=0.61s Sys=0.00s Real=0.11s
[431.990s][info][gc,start       ] GC(1982) Pause Young (Allocation Failure)
[432.118s][info][gc,heap        ] GC(1982) PSYoungGen: 269795K(269824K)->79331K(196096K) Eden: 190464K(190464K)->0K(116736K) From: 79331K(79360K)->79331K(79360K)
[432.118s][info][gc,heap        ] GC(1982) ParOldGen: 129981K(699392K)->261205K(699392K)
[432.118s][info][gc,metaspace   ] GC(1982) Metaspace: 16610K(16896K)->16610K(16896K) NonClass: 14279K(14400K)->14279K(14400K) Class: 2331K(2496K)->2331K(2496K)
[432.118s][info][gc             ] GC(1982) Pause Young (Allocation Failure) 390M->332M(874M) 127.357ms
[432.118s][info][gc,cpu         ] GC(1982) User=0.72s Sys=0.02s Real=0.13s
[432.211s][info][gc,start       ] GC(1983) Pause Young (Allocation Failure)
[432.316s][info][gc,heap        ] GC(1983) PSYoungGen: 196067K(196096K)->116195K(232960K) Eden: 116736K(116736K)->0K(116736K) From: 79331K(79360K)->116195K(116224K)
[432.316s][info][gc,heap        ] GC(1983) ParOldGen: 261205K(699392K)->305821K(699392K)
[432.316s][info][gc,metaspace   ] GC(1983) Metaspace: 16610K(16896K)->16610K(16896K) NonClass: 14279K(14400K)->14279K(14400K) Class: 2331K(2496K)->2331K(2496K)
[432.316s][info][gc             ] GC(1983) Pause Young (Allocation Failure) 446M->412M(910M) 105.029ms
[432.316s][info][gc,cpu         ] GC(1983) User=0.42s Sys=0.00s Real=0.12s
[432.527s][info][gc,start       ] GC(1984) Pause Young (Allocation Failure)
[432.624s][info][gc,heap        ] GC(1984) PSYoungGen: 232931K(232960K)->116195K(232960K) Eden: 116736K(116736K)->0K(116736K) From: 116195K(116224K)->116195K(116224K)
[432.624s][info][gc,heap        ] GC(1984) ParOldGen: 305821K(699392K)->331350K(699392K)
[432.624s][info][gc,metaspace   ] GC(1984) Metaspace: 16610K(16896K)->16610K(16896K) NonClass: 14279K(14400K)->14279K(14400K) Class: 2331K(2496K)->2331K(2496K)
[432.624s][info][gc             ] GC(1984) Pause Young (Allocation Failure) 526M->437M(910M) 96.479ms
[432.624s][info][gc,cpu         ] GC(1984) User=0.48s Sys=0.00s Real=0.09s
[435.619s][info][gc,start       ] GC(1985) Pause Young (Allocation Failure)
[435.740s][info][gc,heap        ] GC(1985) PSYoungGen: 232931K(232960K)->116210K(232960K) Eden: 116736K(116736K)->0K(116736K) From: 116195K(116224K)->116210K(116224K)
[435.740s][info][gc,heap        ] GC(1985) ParOldGen: 331350K(699392K)->373694K(699392K)
[435.740s][info][gc,metaspace   ] GC(1985) Metaspace: 16610K(16896K)->16610K(16896K) NonClass: 14279K(14400K)->14279K(14400K) Class: 2331K(2496K)->2331K(2496K)
[435.740s][info][gc             ] GC(1985) Pause Young (Allocation Failure) 551M->478M(910M) 120.931ms
[435.740s][info][gc,cpu         ] GC(1985) User=0.33s Sys=0.00s Real=0.11s
[435.804s][info][gc,start       ] GC(1986) Pause Young (Allocation Failure)
[435.910s][info][gc,heap        ] GC(1986) PSYoungGen: 232946K(232960K)->116224K(232960K) Eden: 116736K(116736K)->0K(116736K) From: 116210K(116224K)->116224K(116224K)
[435.910s][info][gc,heap        ] GC(1986) ParOldGen: 373694K(699392K)->424201K(699392K)
[435.910s][info][gc,metaspace   ] GC(1986) Metaspace: 16610K(16896K)->16610K(16896K) NonClass: 14279K(14400K)->14279K(14400K) Class: 2331K(2496K)->2331K(2496K)
[435.910s][info][gc             ] GC(1986) Pause Young (Allocation Failure) 592M->527M(910M) 106.585ms
[435.910s][info][gc,cpu         ] GC(1986) User=0.56s Sys=0.00s Real=0.11s
[435.968s][info][gc,start       ] GC(1987) Pause Young (Allocation Failure)
[436.051s][info][gc,heap        ] GC(1987) PSYoungGen: 232960K(232960K)->116224K(232960K) Eden: 116736K(116736K)->0K(116736K) From: 116224K(116224K)->116224K(116224K)
[436.051s][info][gc,heap        ] GC(1987) ParOldGen: 424201K(699392K)->473017K(699392K)
[436.051s][info][gc,metaspace   ] GC(1987) Metaspace: 16610K(16896K)->16610K(16896K) NonClass: 14279K(14400K)->14279K(14400K) Class: 2331K(2496K)->2331K(2496K)
[436.051s][info][gc             ] GC(1987) Pause Young (Allocation Failure) 641M->575M(910M) 82.880ms
[436.051s][info][gc,cpu         ] GC(1987) User=0.45s Sys=0.00s Real=0.08s
[436.108s][info][gc,start       ] GC(1988) Pause Young (Allocation Failure)
[436.193s][info][gc,heap        ] GC(1988) PSYoungGen: 232960K(232960K)->116224K(232960K) Eden: 116736K(116736K)->0K(116736K) From: 116224K(116224K)->116224K(116224K)
[436.193s][info][gc,heap        ] GC(1988) ParOldGen: 473017K(699392K)->522601K(699392K)
[436.193s][info][gc,metaspace   ] GC(1988) Metaspace: 16610K(16896K)->16610K(16896K) NonClass: 14279K(14400K)->14279K(14400K) Class: 2331K(2496K)->2331K(2496K)
[436.193s][info][gc             ] GC(1988) Pause Young (Allocation Failure) 689M->623M(910M) 85.180ms
[436.193s][info][gc,cpu         ] GC(1988) User=0.47s Sys=0.00s Real=0.08s
[436.251s][info][gc,start       ] GC(1989) Pause Young (Allocation Failure)
[436.331s][info][gc,heap        ] GC(1989) PSYoungGen: 232960K(232960K)->88320K(232960K) Eden: 116736K(116736K)->0K(116736K) From: 116224K(116224K)->88320K(116224K)
[436.331s][info][gc,heap        ] GC(1989) ParOldGen: 522601K(699392K)->600993K(699392K)
[436.331s][info][gc,metaspace   ] GC(1989) Metaspace: 16610K(16896K)->16610K(16896K) NonClass: 14279K(14400K)->14279K(14400K) Class: 2331K(2496K)->2331K(2496K)
[436.331s][info][gc             ] GC(1989) Pause Young (Allocation Failure) 737M->673M(910M) 79.393ms
[436.331s][info][gc,cpu         ] GC(1989) User=0.47s Sys=0.00s Real=0.08s
[436.403s][info][gc,start       ] GC(1990) Pause Full (Ergonomics)
[436.403s][info][gc,phases,start] GC(1990) Marking Phase
[436.513s][info][gc,phases      ] GC(1990) Marking Phase 109.577ms
[436.513s][info][gc,phases,start] GC(1990) Summary Phase
[436.513s][info][gc,phases      ] GC(1990) Summary Phase 0.037ms
[436.513s][info][gc,phases,start] GC(1990) Adjust Roots
[436.515s][info][gc,phases      ] GC(1990) Adjust Roots 2.235ms
[436.515s][info][gc,phases,start] GC(1990) Compaction Phase
[436.724s][info][gc,phases      ] GC(1990) Compaction Phase 209.341ms
[436.724s][info][gc,phases,start] GC(1990) Post Compact
[436.727s][info][gc,phases      ] GC(1990) Post Compact 2.209ms
[436.727s][info][gc,heap        ] GC(1990) PSYoungGen: 205056K(232960K)->0K(232960K) Eden: 116736K(116736K)->0K(116736K) From: 88320K(116224K)->0K(116224K)
[436.727s][info][gc,heap        ] GC(1990) ParOldGen: 600993K(699392K)->292318K(699392K)
[436.727s][info][gc,metaspace   ] GC(1990) Metaspace: 16610K(16896K)->16610K(16896K) NonClass: 14279K(14400K)->14279K(14400K) Class: 2331K(2496K)->2331K(2496K)
[436.727s][info][gc             ] GC(1990) Pause Full (Ergonomics) 787M->285M(910M) 323.808ms
[436.727s][info][gc,cpu         ] GC(1990) User=1.56s Sys=0.00s Real=0.33s
[436.786s][info][gc,start       ] GC(1991) Pause Young (Allocation Failure)
[436.811s][info][gc,heap        ] GC(1991) PSYoungGen: 116736K(232960K)->50976K(232960K) Eden: 116736K(116736K)->0K(116736K) From: 0K(116224K)->50976K(116224K)
[436.811s][info][gc,heap        ] GC(1991) ParOldGen: 292318K(699392K)->292318K(699392K)
[436.811s][info][gc,metaspace   ] GC(1991) Metaspace: 16610K(16896K)->16610K(16896K) NonClass: 14279K(14400K)->14279K(14400K) Class: 2331K(2496K)->2331K(2496K)
[436.811s][info][gc             ] GC(1991) Pause Young (Allocation Failure) 399M->335M(910M) 25.474ms
[436.811s][info][gc,cpu         ] GC(1991) User=0.08s Sys=0.00s Real=0.02s
[436.871s][info][gc,start       ] GC(1992) Pause Young (Allocation Failure)
[436.918s][info][gc,heap        ] GC(1992) PSYoungGen: 167712K(232960K)->51040K(232960K) Eden: 116736K(116736K)->0K(116736K) From: 50976K(116224K)->51040K(116224K)
[436.918s][info][gc,heap        ] GC(1992) ParOldGen: 292318K(699392K)->340350K(699392K)
[436.918s][info][gc,metaspace   ] GC(1992) Metaspace: 16610K(16896K)->16610K(16896K) NonClass: 14279K(14400K)->14279K(14400K) Class: 2331K(2496K)->2331K(2496K)
[436.918s][info][gc             ] GC(1992) Pause Young (Allocation Failure) 449M->382M(910M) 46.895ms
[436.918s][info][gc,cpu         ] GC(1992) User=0.17s Sys=0.00s Real=0.05s
[437.007s][info][gc,start       ] GC(1993) Pause Young (Allocation Failure)
[437.074s][info][gc,heap        ] GC(1993) PSYoungGen: 167776K(232960K)->73002K(232960K) Eden: 116736K(116736K)->0K(116736K) From: 51040K(116224K)->73002K(116224K)
[437.074s][info][gc,heap        ] GC(1993) ParOldGen: 340350K(699392K)->388494K(699392K)
[437.074s][info][gc,metaspace   ] GC(1993) Metaspace: 16610K(16896K)->16610K(16896K) NonClass: 14279K(14400K)->14279K(14400K) Class: 2331K(2496K)->2331K(2496K)
[437.074s][info][gc             ] GC(1993) Pause Young (Allocation Failure) 496M->450M(910M) 67.001ms
[437.074s][info][gc,cpu         ] GC(1993) User=0.33s Sys=0.00s Real=0.06s
[437.394s][info][gc,start       ] GC(1994) Pause Young (Allocation Failure)
[437.488s][info][gc,heap        ] GC(1994) PSYoungGen: 189738K(232960K)->33440K(232960K) Eden: 116736K(116736K)->0K(116736K) From: 73002K(116224K)->33440K(116224K)
[437.488s][info][gc,heap        ] GC(1994) ParOldGen: 388494K(699392K)->445291K(699392K)
[437.488s][info][gc,metaspace   ] GC(1994) Metaspace: 16610K(16896K)->16610K(16896K) NonClass: 14279K(14400K)->14279K(14400K) Class: 2331K(2496K)->2331K(2496K)
[437.488s][info][gc             ] GC(1994) Pause Young (Allocation Failure) 564M->467M(910M) 94.233ms
[437.488s][info][gc,cpu         ] GC(1994) User=0.42s Sys=0.00s Real=0.09s
[437.643s][info][gc,start       ] GC(1995) Pause Young (Allocation Failure)
[437.689s][info][gc,heap        ] GC(1995) PSYoungGen: 150176K(232960K)->3808K(232960K) Eden: 116736K(116736K)->0K(116736K) From: 33440K(116224K)->3808K(116224K)
[437.689s][info][gc,heap        ] GC(1995) ParOldGen: 445291K(699392K)->475379K(699392K)
[437.689s][info][gc,metaspace   ] GC(1995) Metaspace: 16610K(16896K)->16610K(16896K) NonClass: 14279K(14400K)->14279K(14400K) Class: 2331K(2496K)->2331K(2496K)
[437.689s][info][gc             ] GC(1995) Pause Young (Allocation Failure) 581M->467M(910M) 45.396ms
[437.689s][info][gc,cpu         ] GC(1995) User=0.23s Sys=0.00s Real=0.05s
[437.848s][info][gc,start       ] GC(1996) Pause Young (Allocation Failure)
[437.852s][info][gc,heap        ] GC(1996) PSYoungGen: 120544K(232960K)->3008K(232960K) Eden: 116736K(116736K)->0K(116736K) From: 3808K(116224K)->3008K(116224K)
[437.852s][info][gc,heap        ] GC(1996) ParOldGen: 475379K(699392K)->475691K(699392K)
[437.852s][info][gc,metaspace   ] GC(1996) Metaspace: 16610K(16896K)->16610K(16896K) NonClass: 14279K(14400K)->14279K(14400K) Class: 2331K(2496K)->2331K(2496K)
[437.852s][info][gc             ] GC(1996) Pause Young (Allocation Failure) 581M->467M(910M) 3.767ms
[437.852s][info][gc,cpu         ] GC(1996) User=0.00s Sys=0.00s Real=0.00s
[437.982s][info][gc,start       ] GC(1997) Pause Young (Allocation Failure)
[437.984s][info][gc,heap        ] GC(1997) PSYoungGen: 119744K(232960K)->2272K(232960K) Eden: 116736K(116736K)->0K(116736K) From: 3008K(116224K)->2272K(116224K)
[437.984s][info][gc,heap        ] GC(1997) ParOldGen: 475691K(699392K)->475787K(699392K)
[437.984s][info][gc,metaspace   ] GC(1997) Metaspace: 16610K(16896K)->16610K(16896K) NonClass: 14279K(14400K)->14279K(14400K) Class: 2331K(2496K)->2331K(2496K)
[437.984s][info][gc             ] GC(1997) Pause Young (Allocation Failure) 581M->466M(910M) 2.131ms
[437.984s][info][gc,cpu         ] GC(1997) User=0.00s Sys=0.00s Real=0.00s
[438.245s][info][gc,start       ] GC(1998) Pause Young (Allocation Failure)
[438.247s][info][gc,heap        ] GC(1998) PSYoungGen: 119008K(232960K)->2176K(232960K) Eden: 116736K(116736K)->0K(116736K) From: 2272K(116224K)->2176K(116224K)
[438.247s][info][gc,heap        ] GC(1998) ParOldGen: 475787K(699392K)->475787K(699392K)
[438.247s][info][gc,metaspace   ] GC(1998) Metaspace: 16610K(16896K)->16610K(16896K) NonClass: 14279K(14400K)->14279K(14400K) Class: 2331K(2496K)->2331K(2496K)
[438.247s][info][gc             ] GC(1998) Pause Young (Allocation Failure) 580M->466M(910M) 1.608ms
[438.247s][info][gc,cpu         ] GC(1998) User=0.00s Sys=0.00s Real=0.00s
[438.807s][info][gc,start       ] GC(1999) Pause Young (System.gc())
[438.808s][info][gc,heap        ] GC(1999) PSYoungGen: 79447K(232960K)->96K(232960K) Eden: 77271K(116736K)->0K(116736K) From: 2176K(116224K)->96K(116224K)
[438.808s][info][gc,heap        ] GC(1999) ParOldGen: 475787K(699392K)->475811K(699392K)
[438.808s][info][gc,metaspace   ] GC(1999) Metaspace: 16610K(16896K)->16610K(16896K) NonClass: 14279K(14400K)->14279K(14400K) Class: 2331K(2496K)->2331K(2496K)
[438.808s][info][gc             ] GC(1999) Pause Young (System.gc()) 542M->464M(910M) 0.781ms
[438.808s][info][gc,cpu         ] GC(1999) User=0.00s Sys=0.00s Real=0.00s
[438.808s][info][gc,start       ] GC(2000) Pause Full (System.gc())
[438.808s][info][gc,phases,start] GC(2000) Marking Phase
[438.813s][info][gc,phases      ] GC(2000) Marking Phase 4.800ms
[438.813s][info][gc,phases,start] GC(2000) Summary Phase
[438.813s][info][gc,phases      ] GC(2000) Summary Phase 0.011ms
[438.813s][info][gc,phases,start] GC(2000) Adjust Roots
[438.816s][info][gc,phases      ] GC(2000) Adjust Roots 3.110ms
[438.816s][info][gc,phases,start] GC(2000) Compaction Phase
[438.819s][info][gc,phases      ] GC(2000) Compaction Phase 2.618ms
[438.819s][info][gc,phases,start] GC(2000) Post Compact
[438.820s][info][gc,phases      ] GC(2000) Post Compact 1.774ms
[438.820s][info][gc,heap        ] GC(2000) PSYoungGen: 96K(232960K)->0K(232960K) Eden: 0K(116736K)->0K(116736K) From: 96K(116224K)->0K(116224K)
[438.821s][info][gc,heap        ] GC(2000) ParOldGen: 475811K(699392K)->5549K(699392K)
[438.821s][info][gc,metaspace   ] GC(2000) Metaspace: 16610K(16896K)->16610K(16896K) NonClass: 14279K(14400K)->14279K(14400K) Class: 2331K(2496K)->2331K(2496K)
[438.821s][info][gc             ] GC(2000) Pause Full (System.gc()) 464M->5M(910M) 12.579ms
[438.821s][info][gc,cpu         ] GC(2000) User=0.00s Sys=0.00s Real=0.00s
[440.360s][info][gc,start       ] GC(2001) Pause Young (Allocation Failure)
[440.361s][info][gc,heap        ] GC(2001) PSYoungGen: 116736K(232960K)->384K(232960K) Eden: 116736K(116736K)->0K(116736K) From: 0K(116224K)->384K(116224K)
[440.361s][info][gc,heap        ] GC(2001) ParOldGen: 5549K(699392K)->5549K(699392K)
[440.361s][info][gc,metaspace   ] GC(2001) Metaspace: 16610K(16896K)->16610K(16896K) NonClass: 14279K(14400K)->14279K(14400K) Class: 2331K(2496K)->2331K(2496K)
[440.361s][info][gc             ] GC(2001) Pause Young (Allocation Failure) 119M->5M(910M) 0.566ms
[440.361s][info][gc,cpu         ] GC(2001) User=0.00s Sys=0.00s Real=0.00s
[440.384s][info][gc,start       ] GC(2002) Pause Young (Allocation Failure)
[440.384s][info][gc,heap        ] GC(2002) PSYoungGen: 117120K(232960K)->288K(232960K) Eden: 116736K(116736K)->0K(116736K) From: 384K(116224K)->288K(116224K)
[440.384s][info][gc,heap        ] GC(2002) ParOldGen: 5549K(699392K)->5629K(699392K)
[440.384s][info][gc,metaspace   ] GC(2002) Metaspace: 16610K(16896K)->16610K(16896K) NonClass: 14279K(14400K)->14279K(14400K) Class: 2331K(2496K)->2331K(2496K)
[440.384s][info][gc             ] GC(2002) Pause Young (Allocation Failure) 119M->5M(910M) 0.704ms
[440.384s][info][gc,cpu         ] GC(2002) User=0.00s Sys=0.00s Real=0.00s
[440.408s][info][gc,start       ] GC(2003) Pause Young (Allocation Failure)
[440.408s][info][gc,heap        ] GC(2003) PSYoungGen: 117024K(232960K)->288K(232960K) Eden: 116736K(116736K)->0K(116736K) From: 288K(116224K)->288K(116224K)
[440.408s][info][gc,heap        ] GC(2003) ParOldGen: 5629K(699392K)->5677K(699392K)
[440.408s][info][gc,metaspace   ] GC(2003) Metaspace: 16610K(16896K)->16610K(16896K) NonClass: 14279K(14400K)->14279K(14400K) Class: 2331K(2496K)->2331K(2496K)
[440.408s][info][gc             ] GC(2003) Pause Young (Allocation Failure) 119M->5M(910M) 0.558ms
[440.408s][info][gc,cpu         ] GC(2003) User=0.00s Sys=0.00s Real=0.00s
[440.433s][info][gc,start       ] GC(2004) Pause Young (Allocation Failure)
[440.433s][info][gc,heap        ] GC(2004) PSYoungGen: 117024K(232960K)->320K(232960K) Eden: 116736K(116736K)->0K(116736K) From: 288K(116224K)->320K(116224K)
[440.433s][info][gc,heap        ] GC(2004) ParOldGen: 5677K(699392K)->5717K(699392K)
[440.433s][info][gc,metaspace   ] GC(2004) Metaspace: 16610K(16896K)->16610K(16896K) NonClass: 14279K(14400K)->14279K(14400K) Class: 2331K(2496K)->2331K(2496K)
[440.433s][info][gc             ] GC(2004) Pause Young (Allocation Failure) 119M->5M(910M) 0.617ms
[440.433s][info][gc,cpu         ] GC(2004) User=0.00s Sys=0.00s Real=0.00s
[440.455s][info][gc,start       ] GC(2005) Pause Young (Allocation Failure)
[440.456s][info][gc,heap        ] GC(2005) PSYoungGen: 117056K(232960K)->256K(232960K) Eden: 116736K(116736K)->0K(116736K) From: 320K(116224K)->256K(116224K)
[440.456s][info][gc,heap        ] GC(2005) ParOldGen: 5717K(699392K)->5765K(699392K)
[440.456s][info][gc,metaspace   ] GC(2005) Metaspace: 16610K(16896K)->16610K(16896K) NonClass: 14279K(14400K)->14279K(14400K) Class: 2331K(2496K)->2331K(2496K)
[440.456s][info][gc             ] GC(2005) Pause Young (Allocation Failure) 119M->5M(910M) 0.757ms
[440.456s][info][gc,cpu         ] GC(2005) User=0.02s Sys=0.00s Real=0.02s
[440.479s][info][gc,start       ] GC(2006) Pause Young (Allocation Failure)
[440.479s][info][gc,heap        ] GC(2006) PSYoungGen: 116992K(232960K)->320K(232960K) Eden: 116736K(116736K)->0K(116736K) From: 256K(116224K)->320K(116224K)
[440.479s][info][gc,heap        ] GC(2006) ParOldGen: 5765K(699392K)->5813K(699392K)
[440.479s][info][gc,metaspace   ] GC(2006) Metaspace: 16610K(16896K)->16610K(16896K) NonClass: 14279K(14400K)->14279K(14400K) Class: 2331K(2496K)->2331K(2496K)
[440.479s][info][gc             ] GC(2006) Pause Young (Allocation Failure) 119M->5M(910M) 0.529ms
[440.479s][info][gc,cpu         ] GC(2006) User=0.00s Sys=0.00s Real=0.00s
[440.503s][info][gc,start       ] GC(2007) Pause Young (Allocation Failure)
[440.504s][info][gc,heap        ] GC(2007) PSYoungGen: 117056K(232960K)->288K(232960K) Eden: 116736K(116736K)->0K(116736K) From: 320K(116224K)->288K(116224K)
[440.504s][info][gc,heap        ] GC(2007) ParOldGen: 5813K(699392K)->5853K(699392K)
[440.504s][info][gc,metaspace   ] GC(2007) Metaspace: 16610K(16896K)->16610K(16896K) NonClass: 14279K(14400K)->14279K(14400K) Class: 2331K(2496K)->2331K(2496K)
[440.504s][info][gc             ] GC(2007) Pause Young (Allocation Failure) 119M->5M(910M) 0.632ms
[440.504s][info][gc,cpu         ] GC(2007) User=0.00s Sys=0.00s Real=0.00s
[440.527s][info][gc,start       ] GC(2008) Pause Young (Allocation Failure)
[440.527s][info][gc,heap        ] GC(2008) PSYoungGen: 117024K(232960K)->320K(232960K) Eden: 116736K(116736K)->0K(116736K) From: 288K(116224K)->320K(116224K)
[440.527s][info][gc,heap        ] GC(2008) ParOldGen: 5853K(699392K)->5901K(699392K)
[440.527s][info][gc,metaspace   ] GC(2008) Metaspace: 16610K(16896K)->16610K(16896K) NonClass: 14279K(14400K)->14279K(14400K) Class: 2331K(2496K)->2331K(2496K)
[440.527s][info][gc             ] GC(2008) Pause Young (Allocation Failure) 119M->6M(910M) 0.480ms
[440.527s][info][gc,cpu         ] GC(2008) User=0.00s Sys=0.00s Real=0.00s
[440.548s][info][gc,start       ] GC(2009) Pause Young (Allocation Failure)
[440.549s][info][gc,heap        ] GC(2009) PSYoungGen: 117056K(232960K)->288K(232960K) Eden: 116736K(116736K)->0K(116736K) From: 320K(116224K)->288K(116224K)
[440.549s][info][gc,heap        ] GC(2009) ParOldGen: 5901K(699392K)->5957K(699392K)
[440.549s][info][gc,metaspace   ] GC(2009) Metaspace: 16610K(16896K)->16610K(16896K) NonClass: 14279K(14400K)->14279K(14400K) Class: 2331K(2496K)->2331K(2496K)
[440.549s][info][gc             ] GC(2009) Pause Young (Allocation Failure) 120M->6M(910M) 0.561ms
[440.549s][info][gc,cpu         ] GC(2009) User=0.00s Sys=0.00s Real=0.00s
[440.571s][info][gc,start       ] GC(2010) Pause Young (Allocation Failure)
[440.571s][info][gc,heap        ] GC(2010) PSYoungGen: 117024K(232960K)->256K(232960K) Eden: 116736K(116736K)->0K(116736K) From: 288K(116224K)->256K(116224K)
[440.571s][info][gc,heap        ] GC(2010) ParOldGen: 5957K(699392K)->6013K(699392K)
[440.571s][info][gc,metaspace   ] GC(2010) Metaspace: 16610K(16896K)->16610K(16896K) NonClass: 14279K(14400K)->14279K(14400K) Class: 2331K(2496K)->2331K(2496K)
[440.571s][info][gc             ] GC(2010) Pause Young (Allocation Failure) 120M->6M(910M) 0.510ms
[440.571s][info][gc,cpu         ] GC(2010) User=0.00s Sys=0.00s Real=0.00s
[440.592s][info][gc,start       ] GC(2011) Pause Young (Allocation Failure)
[440.593s][info][gc,heap        ] GC(2011) PSYoungGen: 116992K(232960K)->192K(232960K) Eden: 116736K(116736K)->0K(116736K) From: 256K(116224K)->192K(116224K)
[440.593s][info][gc,heap        ] GC(2011) ParOldGen: 6013K(699392K)->6053K(699392K)
[440.593s][info][gc,metaspace   ] GC(2011) Metaspace: 16610K(16896K)->16610K(16896K) NonClass: 14279K(14400K)->14279K(14400K) Class: 2331K(2496K)->2331K(2496K)
[440.593s][info][gc             ] GC(2011) Pause Young (Allocation Failure) 120M->6M(910M) 0.501ms
[440.593s][info][gc,cpu         ] GC(2011) User=0.00s Sys=0.00s Real=0.00s
[440.616s][info][gc,start       ] GC(2012) Pause Young (Allocation Failure)
[440.617s][info][gc,heap        ] GC(2012) PSYoungGen: 116928K(232960K)->352K(232960K) Eden: 116736K(116736K)->0K(116736K) From: 192K(116224K)->352K(116224K)
[440.617s][info][gc,heap        ] GC(2012) ParOldGen: 6053K(699392K)->6101K(699392K)
[440.617s][info][gc,metaspace   ] GC(2012) Metaspace: 16610K(16896K)->16610K(16896K) NonClass: 14279K(14400K)->14279K(14400K) Class: 2331K(2496K)->2331K(2496K)
[440.617s][info][gc             ] GC(2012) Pause Young (Allocation Failure) 120M->6M(910M) 0.626ms
[440.617s][info][gc,cpu         ] GC(2012) User=0.00s Sys=0.00s Real=0.00s
[440.639s][info][gc,start       ] GC(2013) Pause Young (Allocation Failure)
[440.640s][info][gc,heap        ] GC(2013) PSYoungGen: 117088K(232960K)->352K(245760K) Eden: 116736K(116736K)->0K(135168K) From: 352K(116224K)->352K(110592K)
[440.640s][info][gc,heap        ] GC(2013) ParOldGen: 6101K(699392K)->6101K(699392K)
[440.640s][info][gc,metaspace   ] GC(2013) Metaspace: 16610K(16896K)->16610K(16896K) NonClass: 14279K(14400K)->14279K(14400K) Class: 2331K(2496K)->2331K(2496K)
[440.640s][info][gc             ] GC(2013) Pause Young (Allocation Failure) 120M->6M(923M) 0.522ms
[440.640s][info][gc,cpu         ] GC(2013) User=0.00s Sys=0.00s Real=0.00s
[440.671s][info][gc,start       ] GC(2014) Pause Young (Allocation Failure)
[440.672s][info][gc,heap        ] GC(2014) PSYoungGen: 135520K(245760K)->352K(238592K) Eden: 135168K(135168K)->0K(135168K) From: 352K(110592K)->352K(103424K)
[440.672s][info][gc,heap        ] GC(2014) ParOldGen: 6101K(699392K)->6101K(699392K)
[440.672s][info][gc,metaspace   ] GC(2014) Metaspace: 16610K(16896K)->16610K(16896K) NonClass: 14279K(14400K)->14279K(14400K) Class: 2331K(2496K)->2331K(2496K)
[440.672s][info][gc             ] GC(2014) Pause Young (Allocation Failure) 138M->6M(916M) 0.458ms
[440.672s][info][gc,cpu         ] GC(2014) User=0.00s Sys=0.00s Real=0.00s
[440.699s][info][gc,start       ] GC(2015) Pause Young (Allocation Failure)
[440.699s][info][gc,heap        ] GC(2015) PSYoungGen: 135520K(238592K)->320K(259072K) Eden: 135168K(135168K)->0K(162816K) From: 352K(103424K)->320K(96256K)
[440.699s][info][gc,heap        ] GC(2015) ParOldGen: 6101K(699392K)->6101K(699392K)
[440.699s][info][gc,metaspace   ] GC(2015) Metaspace: 16610K(16896K)->16610K(16896K) NonClass: 14279K(14400K)->14279K(14400K) Class: 2331K(2496K)->2331K(2496K)
[440.699s][info][gc             ] GC(2015) Pause Young (Allocation Failure) 138M->6M(936M) 0.606ms
[440.699s][info][gc,cpu         ] GC(2015) User=0.00s Sys=0.00s Real=0.00s
[440.731s][info][gc,start       ] GC(2016) Pause Young (Allocation Failure)
[440.731s][info][gc,heap        ] GC(2016) PSYoungGen: 163136K(259072K)->352K(252928K) Eden: 162816K(162816K)->0K(162816K) From: 320K(96256K)->352K(90112K)
[440.731s][info][gc,heap        ] GC(2016) ParOldGen: 6101K(699392K)->6101K(699392K)
[440.731s][info][gc,metaspace   ] GC(2016) Metaspace: 16610K(16896K)->16610K(16896K) NonClass: 14279K(14400K)->14279K(14400K) Class: 2331K(2496K)->2331K(2496K)
[440.731s][info][gc             ] GC(2016) Pause Young (Allocation Failure) 165M->6M(930M) 0.624ms
[440.731s][info][gc,cpu         ] GC(2016) User=0.00s Sys=0.00s Real=0.00s
[440.764s][info][gc,start       ] GC(2017) Pause Young (Allocation Failure)
[440.764s][info][gc,heap        ] GC(2017) PSYoungGen: 163168K(252928K)->384K(271360K) Eden: 162816K(162816K)->0K(187392K) From: 352K(90112K)->384K(83968K)
[440.764s][info][gc,heap        ] GC(2017) ParOldGen: 6101K(699392K)->6101K(699392K)
[440.764s][info][gc,metaspace   ] GC(2017) Metaspace: 16610K(16896K)->16610K(16896K) NonClass: 14279K(14400K)->14279K(14400K) Class: 2331K(2496K)->2331K(2496K)
[440.764s][info][gc             ] GC(2017) Pause Young (Allocation Failure) 165M->6M(948M) 0.523ms
[440.764s][info][gc,cpu         ] GC(2017) User=0.00s Sys=0.00s Real=0.00s
[440.800s][info][gc,start       ] GC(2018) Pause Young (Allocation Failure)
[440.800s][info][gc,heap        ] GC(2018) PSYoungGen: 187776K(271360K)->384K(265216K) Eden: 187392K(187392K)->0K(187392K) From: 384K(83968K)->384K(77824K)
[440.800s][info][gc,heap        ] GC(2018) ParOldGen: 6101K(699392K)->6101K(699392K)
[440.800s][info][gc,metaspace   ] GC(2018) Metaspace: 16610K(16896K)->16610K(16896K) NonClass: 14279K(14400K)->14279K(14400K) Class: 2331K(2496K)->2331K(2496K)
[440.800s][info][gc             ] GC(2018) Pause Young (Allocation Failure) 189M->6M(942M) 0.544ms
[440.800s][info][gc,cpu         ] GC(2018) User=0.00s Sys=0.00s Real=0.00s
[440.842s][info][gc,start       ] GC(2019) Pause Young (Allocation Failure)
[440.842s][info][gc,heap        ] GC(2019) PSYoungGen: 187776K(265216K)->352K(282112K) Eden: 187392K(187392K)->0K(209920K) From: 384K(77824K)->352K(72192K)
[440.842s][info][gc,heap        ] GC(2019) ParOldGen: 6101K(699392K)->6101K(699392K)
[440.843s][info][gc,metaspace   ] GC(2019) Metaspace: 16610K(16896K)->16610K(16896K) NonClass: 14279K(14400K)->14279K(14400K) Class: 2331K(2496K)->2331K(2496K)
[440.843s][info][gc             ] GC(2019) Pause Young (Allocation Failure) 189M->6M(958M) 0.600ms
[440.843s][info][gc,cpu         ] GC(2019) User=0.00s Sys=0.00s Real=0.00s
[440.885s][info][gc,start       ] GC(2020) Pause Young (Allocation Failure)
[440.886s][info][gc,heap        ] GC(2020) PSYoungGen: 210272K(282112K)->320K(276992K) Eden: 209920K(209920K)->0K(209920K) From: 352K(72192K)->320K(67072K)
[440.886s][info][gc,heap        ] GC(2020) ParOldGen: 6101K(699392K)->6101K(699392K)
[440.886s][info][gc,metaspace   ] GC(2020) Metaspace: 16610K(16896K)->16610K(16896K) NonClass: 14279K(14400K)->14279K(14400K) Class: 2331K(2496K)->2331K(2496K)
[440.886s][info][gc             ] GC(2020) Pause Young (Allocation Failure) 211M->6M(953M) 0.583ms
[440.886s][info][gc,cpu         ] GC(2020) User=0.00s Sys=0.00s Real=0.00s
[440.934s][info][gc,start       ] GC(2021) Pause Young (Allocation Failure)
[440.942s][info][gc,heap        ] GC(2021) PSYoungGen: 210240K(276992K)->16466K(288768K) Eden: 209920K(209920K)->0K(226304K) From: 320K(67072K)->16466K(62464K)
[440.942s][info][gc,heap        ] GC(2021) ParOldGen: 6101K(699392K)->6101K(699392K)
[440.942s][info][gc,metaspace   ] GC(2021) Metaspace: 16610K(16896K)->16610K(16896K) NonClass: 14279K(14400K)->14279K(14400K) Class: 2331K(2496K)->2331K(2496K)
[440.942s][info][gc             ] GC(2021) Pause Young (Allocation Failure) 211M->22M(965M) 8.136ms
[440.942s][info][gc,cpu         ] GC(2021) User=0.00s Sys=0.00s Real=0.00s
[441.086s][info][gc,start       ] GC(2022) Pause Young (Allocation Failure)
[441.184s][info][gc,heap        ] GC(2022) PSYoungGen: 242770K(288768K)->60402K(286720K) Eden: 226304K(226304K)->0K(226304K) From: 16466K(62464K)->60402K(60416K)
[441.184s][info][gc,heap        ] GC(2022) ParOldGen: 6101K(699392K)->112877K(699392K)
[441.184s][info][gc,metaspace   ] GC(2022) Metaspace: 16610K(16896K)->16610K(16896K) NonClass: 14279K(14400K)->14279K(14400K) Class: 2331K(2496K)->2331K(2496K)
[441.184s][info][gc             ] GC(2022) Pause Young (Allocation Failure) 243M->169M(963M) 98.272ms
[441.184s][info][gc,cpu         ] GC(2022) User=0.47s Sys=0.00s Real=0.09s
[441.366s][info][gc,start       ] GC(2023) Pause Young (Allocation Failure)
[441.504s][info][gc,heap        ] GC(2023) PSYoungGen: 286706K(286720K)->62450K(179200K) Eden: 226304K(226304K)->0K(116736K) From: 60402K(60416K)->62450K(62464K)
[441.506s][info][gc,heap        ] GC(2023) ParOldGen: 112877K(699392K)->266893K(699392K)
[441.506s][info][gc,metaspace   ] GC(2023) Metaspace: 16610K(16896K)->16610K(16896K) NonClass: 14279K(14400K)->14279K(14400K) Class: 2331K(2496K)->2331K(2496K)
[441.506s][info][gc             ] GC(2023) Pause Young (Allocation Failure) 390M->321M(858M) 140.391ms
[441.506s][info][gc,cpu         ] GC(2023) User=0.77s Sys=0.00s Real=0.14s
[441.608s][info][gc,start       ] GC(2024) Pause Young (Allocation Failure)
[441.697s][info][gc,heap        ] GC(2024) PSYoungGen: 179186K(179200K)->116195K(232960K) Eden: 116736K(116736K)->0K(116736K) From: 62450K(62464K)->116195K(116224K)
[441.697s][info][gc,heap        ] GC(2024) ParOldGen: 266893K(699392K)->295037K(699392K)
[441.697s][info][gc,metaspace   ] GC(2024) Metaspace: 16610K(16896K)->16610K(16896K) NonClass: 14279K(14400K)->14279K(14400K) Class: 2331K(2496K)->2331K(2496K)
[441.697s][info][gc             ] GC(2024) Pause Young (Allocation Failure) 435M->401M(910M) 88.795ms
[441.697s][info][gc,cpu         ] GC(2024) User=0.47s Sys=0.00s Real=0.09s
[441.852s][info][gc,start       ] GC(2025) Pause Young (Allocation Failure)
[441.959s][info][gc,heap        ] GC(2025) PSYoungGen: 232931K(232960K)->116210K(232960K) Eden: 116736K(116736K)->0K(116736K) From: 116195K(116224K)->116210K(116224K)
[441.959s][info][gc,heap        ] GC(2025) ParOldGen: 295037K(699392K)->332246K(699392K)
[441.959s][info][gc,metaspace   ] GC(2025) Metaspace: 16610K(16896K)->16610K(16896K) NonClass: 14279K(14400K)->14279K(14400K) Class: 2331K(2496K)->2331K(2496K)
[441.959s][info][gc             ] GC(2025) Pause Young (Allocation Failure) 515M->437M(910M) 107.486ms
[441.959s][info][gc,cpu         ] GC(2025) User=0.62s Sys=0.00s Real=0.11s
[444.786s][info][gc,start       ] GC(2026) Pause Young (Allocation Failure)
[444.889s][info][gc,heap        ] GC(2026) PSYoungGen: 232946K(232960K)->116194K(232960K) Eden: 116736K(116736K)->0K(116736K) From: 116210K(116224K)->116194K(116224K)
[444.889s][info][gc,heap        ] GC(2026) ParOldGen: 332246K(699392K)->364878K(699392K)
[444.889s][info][gc,metaspace   ] GC(2026) Metaspace: 16610K(16896K)->16610K(16896K) NonClass: 14279K(14400K)->14279K(14400K) Class: 2331K(2496K)->2331K(2496K)
[444.889s][info][gc             ] GC(2026) Pause Young (Allocation Failure) 551M->469M(910M) 102.764ms
[444.889s][info][gc,cpu         ] GC(2026) User=0.48s Sys=0.00s Real=0.11s
[444.943s][info][gc,start       ] GC(2027) Pause Young (Allocation Failure)
[445.059s][info][gc,heap        ] GC(2027) PSYoungGen: 232930K(232960K)->116224K(232960K) Eden: 116736K(116736K)->0K(116736K) From: 116194K(116224K)->116224K(116224K)
[445.059s][info][gc,heap        ] GC(2027) ParOldGen: 364878K(699392K)->417401K(699392K)
[445.059s][info][gc,metaspace   ] GC(2027) Metaspace: 16610K(16896K)->16610K(16896K) NonClass: 14279K(14400K)->14279K(14400K) Class: 2331K(2496K)->2331K(2496K)
[445.059s][info][gc             ] GC(2027) Pause Young (Allocation Failure) 583M->521M(910M) 116.394ms
[445.059s][info][gc,cpu         ] GC(2027) User=0.59s Sys=0.00s Real=0.12s
[445.116s][info][gc,start       ] GC(2028) Pause Young (Allocation Failure)
[445.208s][info][gc,heap        ] GC(2028) PSYoungGen: 232960K(232960K)->116096K(232960K) Eden: 116736K(116736K)->0K(116736K) From: 116224K(116224K)->116096K(116224K)
[445.208s][info][gc,heap        ] GC(2028) ParOldGen: 417401K(699392K)->467697K(699392K)
[445.208s][info][gc,metaspace   ] GC(2028) Metaspace: 16610K(16896K)->16610K(16896K) NonClass: 14279K(14400K)->14279K(14400K) Class: 2331K(2496K)->2331K(2496K)
[445.208s][info][gc             ] GC(2028) Pause Young (Allocation Failure) 635M->570M(910M) 92.642ms
[445.208s][info][gc,cpu         ] GC(2028) User=0.42s Sys=0.02s Real=0.10s
[445.266s][info][gc,start       ] GC(2029) Pause Young (Allocation Failure)
[445.347s][info][gc,heap        ] GC(2029) PSYoungGen: 232832K(232960K)->116224K(232960K) Eden: 116736K(116736K)->0K(116736K) From: 116096K(116224K)->116224K(116224K)
[445.347s][info][gc,heap        ] GC(2029) ParOldGen: 467697K(699392K)->516001K(699392K)
[445.347s][info][gc,metaspace   ] GC(2029) Metaspace: 16610K(16896K)->16610K(16896K) NonClass: 14279K(14400K)->14279K(14400K) Class: 2331K(2496K)->2331K(2496K)
[445.347s][info][gc             ] GC(2029) Pause Young (Allocation Failure) 684M->617M(910M) 81.608ms
[445.347s][info][gc,cpu         ] GC(2029) User=0.45s Sys=0.00s Real=0.08s
[445.409s][info][gc,start       ] GC(2030) Pause Young (Allocation Failure)
[445.495s][info][gc,heap        ] GC(2030) PSYoungGen: 232960K(232960K)->97984K(232960K) Eden: 116736K(116736K)->0K(116736K) From: 116224K(116224K)->97984K(116224K)
[445.495s][info][gc,heap        ] GC(2030) ParOldGen: 516001K(699392K)->582777K(699392K)
[445.495s][info][gc,metaspace   ] GC(2030) Metaspace: 16610K(16896K)->16610K(16896K) NonClass: 14279K(14400K)->14279K(14400K) Class: 2331K(2496K)->2331K(2496K)
[445.495s][info][gc             ] GC(2030) Pause Young (Allocation Failure) 731M->664M(910M) 86.591ms
[445.495s][info][gc,cpu         ] GC(2030) User=0.45s Sys=0.00s Real=0.08s
[445.554s][info][gc,start       ] GC(2031) Pause Young (Allocation Failure)
[445.627s][info][gc,heap        ] GC(2031) PSYoungGen: 214720K(232960K)->50880K(232960K) Eden: 116736K(116736K)->0K(116736K) From: 97984K(116224K)->50880K(116224K)
[445.627s][info][gc,heap        ] GC(2031) ParOldGen: 582777K(699392K)->678217K(699392K)
[445.627s][info][gc,metaspace   ] GC(2031) Metaspace: 16610K(16896K)->16610K(16896K) NonClass: 14279K(14400K)->14279K(14400K) Class: 2331K(2496K)->2331K(2496K)
[445.627s][info][gc             ] GC(2031) Pause Young (Allocation Failure) 778M->712M(910M) 73.269ms
[445.627s][info][gc,cpu         ] GC(2031) User=0.39s Sys=0.00s Real=0.08s
[445.688s][info][gc,start       ] GC(2032) Pause Full (Ergonomics)
[445.689s][info][gc,phases,start] GC(2032) Marking Phase
[445.792s][info][gc,phases      ] GC(2032) Marking Phase 103.378ms
[445.792s][info][gc,phases,start] GC(2032) Summary Phase
[445.792s][info][gc,phases      ] GC(2032) Summary Phase 0.022ms
[445.792s][info][gc,phases,start] GC(2032) Adjust Roots
[445.794s][info][gc,phases      ] GC(2032) Adjust Roots 1.677ms
[445.794s][info][gc,phases,start] GC(2032) Compaction Phase
[446.033s][info][gc,phases      ] GC(2032) Compaction Phase 239.231ms
[446.033s][info][gc,phases,start] GC(2032) Post Compact
[446.035s][info][gc,phases      ] GC(2032) Post Compact 1.647ms
[446.035s][info][gc,heap        ] GC(2032) PSYoungGen: 167616K(232960K)->0K(232960K) Eden: 116736K(116736K)->0K(116736K) From: 50880K(116224K)->0K(116224K)
[446.035s][info][gc,heap        ] GC(2032) ParOldGen: 678217K(699392K)->333391K(699392K)
[446.035s][info][gc,metaspace   ] GC(2032) Metaspace: 16610K(16896K)->16610K(16896K) NonClass: 14279K(14400K)->14279K(14400K) Class: 2331K(2496K)->2331K(2496K)
[446.035s][info][gc             ] GC(2032) Pause Full (Ergonomics) 826M->325M(910M) 346.276ms
[446.035s][info][gc,cpu         ] GC(2032) User=1.84s Sys=0.00s Real=0.34s
[446.094s][info][gc,start       ] GC(2033) Pause Young (Allocation Failure)
[446.119s][info][gc,heap        ] GC(2033) PSYoungGen: 116736K(232960K)->51040K(232960K) Eden: 116736K(116736K)->0K(116736K) From: 0K(116224K)->51040K(116224K)
[446.119s][info][gc,heap        ] GC(2033) ParOldGen: 333391K(699392K)->333391K(699392K)
[446.119s][info][gc,metaspace   ] GC(2033) Metaspace: 16610K(16896K)->16610K(16896K) NonClass: 14279K(14400K)->14279K(14400K) Class: 2331K(2496K)->2331K(2496K)
[446.119s][info][gc             ] GC(2033) Pause Young (Allocation Failure) 439M->375M(910M) 25.905ms
[446.119s][info][gc,cpu         ] GC(2033) User=0.08s Sys=0.00s Real=0.01s
[446.199s][info][gc,start       ] GC(2034) Pause Young (Allocation Failure)
[446.250s][info][gc,heap        ] GC(2034) PSYoungGen: 167776K(232960K)->68426K(232960K) Eden: 116736K(116736K)->0K(116736K) From: 51040K(116224K)->68426K(116224K)
[446.250s][info][gc,heap        ] GC(2034) ParOldGen: 333391K(699392K)->381391K(699392K)
[446.250s][info][gc,metaspace   ] GC(2034) Metaspace: 16610K(16896K)->16610K(16896K) NonClass: 14279K(14400K)->14279K(14400K) Class: 2331K(2496K)->2331K(2496K)
[446.250s][info][gc             ] GC(2034) Pause Young (Allocation Failure) 489M->439M(910M) 51.047ms
[446.250s][info][gc,cpu         ] GC(2034) User=0.36s Sys=0.00s Real=0.06s
[446.571s][info][gc,start       ] GC(2035) Pause Young (Allocation Failure)
[446.665s][info][gc,heap        ] GC(2035) PSYoungGen: 185162K(232960K)->43552K(232960K) Eden: 116736K(116736K)->0K(116736K) From: 68426K(116224K)->43552K(116224K)
[446.665s][info][gc,heap        ] GC(2035) ParOldGen: 381391K(699392K)->444578K(699392K)
[446.666s][info][gc,metaspace   ] GC(2035) Metaspace: 16610K(16896K)->16610K(16896K) NonClass: 14279K(14400K)->14279K(14400K) Class: 2331K(2496K)->2331K(2496K)
[446.666s][info][gc             ] GC(2035) Pause Young (Allocation Failure) 553M->476M(910M) 94.127ms
[446.666s][info][gc,cpu         ] GC(2035) User=0.41s Sys=0.00s Real=0.09s
[446.805s][info][gc,start       ] GC(2036) Pause Young (Allocation Failure)
[446.858s][info][gc,heap        ] GC(2036) PSYoungGen: 160288K(232960K)->3904K(232960K) Eden: 116736K(116736K)->0K(116736K) From: 43552K(116224K)->3904K(116224K)
[446.858s][info][gc,heap        ] GC(2036) ParOldGen: 444578K(699392K)->476202K(699392K)
[446.858s][info][gc,metaspace   ] GC(2036) Metaspace: 16610K(16896K)->16610K(16896K) NonClass: 14279K(14400K)->14279K(14400K) Class: 2331K(2496K)->2331K(2496K)
[446.858s][info][gc             ] GC(2036) Pause Young (Allocation Failure) 590M->468M(910M) 53.346ms
[446.858s][info][gc,cpu         ] GC(2036) User=0.38s Sys=0.00s Real=0.06s
[446.996s][info][gc,start       ] GC(2037) Pause Young (Allocation Failure)
[446.999s][info][gc,heap        ] GC(2037) PSYoungGen: 120640K(232960K)->3168K(232960K) Eden: 116736K(116736K)->0K(116736K) From: 3904K(116224K)->3168K(116224K)
[446.999s][info][gc,heap        ] GC(2037) ParOldGen: 476202K(699392K)->476538K(699392K)
[446.999s][info][gc,metaspace   ] GC(2037) Metaspace: 16610K(16896K)->16610K(16896K) NonClass: 14279K(14400K)->14279K(14400K) Class: 2331K(2496K)->2331K(2496K)
[446.999s][info][gc             ] GC(2037) Pause Young (Allocation Failure) 582M->468M(910M) 2.873ms
[446.999s][info][gc,cpu         ] GC(2037) User=0.00s Sys=0.00s Real=0.00s
[447.129s][info][gc,start       ] GC(2038) Pause Young (Allocation Failure)
[447.131s][info][gc,heap        ] GC(2038) PSYoungGen: 119904K(232960K)->2432K(232960K) Eden: 116736K(116736K)->0K(116736K) From: 3168K(116224K)->2432K(116224K)
[447.131s][info][gc,heap        ] GC(2038) ParOldGen: 476538K(699392K)->476674K(699392K)
[447.131s][info][gc,metaspace   ] GC(2038) Metaspace: 16610K(16896K)->16610K(16896K) NonClass: 14279K(14400K)->14279K(14400K) Class: 2331K(2496K)->2331K(2496K)
[447.131s][info][gc             ] GC(2038) Pause Young (Allocation Failure) 582M->467M(910M) 2.433ms
[447.131s][info][gc,cpu         ] GC(2038) User=0.02s Sys=0.00s Real=0.02s
[447.260s][info][gc,start       ] GC(2039) Pause Young (Allocation Failure)
[447.261s][info][gc,heap        ] GC(2039) PSYoungGen: 119168K(232960K)->256K(232960K) Eden: 116736K(116736K)->0K(116736K) From: 2432K(116224K)->256K(116224K)
[447.261s][info][gc,heap        ] GC(2039) ParOldGen: 476674K(699392K)->476722K(699392K)
[447.261s][info][gc,metaspace   ] GC(2039) Metaspace: 16610K(16896K)->16610K(16896K) NonClass: 14279K(14400K)->14279K(14400K) Class: 2331K(2496K)->2331K(2496K)
[447.261s][info][gc             ] GC(2039) Pause Young (Allocation Failure) 581M->465M(910M) 1.133ms
[447.261s][info][gc,cpu         ] GC(2039) User=0.00s Sys=0.00s Real=0.00s
[448.017s][info][gc,start       ] GC(2040) Pause Young (System.gc())
[448.018s][info][gc,heap        ] GC(2040) PSYoungGen: 92144K(232960K)->128K(232960K) Eden: 91888K(116736K)->0K(116736K) From: 256K(116224K)->128K(116224K)
[448.018s][info][gc,heap        ] GC(2040) ParOldGen: 476722K(699392K)->476722K(699392K)
[448.018s][info][gc,metaspace   ] GC(2040) Metaspace: 16610K(16896K)->16610K(16896K) NonClass: 14279K(14400K)->14279K(14400K) Class: 2331K(2496K)->2331K(2496K)
[448.018s][info][gc             ] GC(2040) Pause Young (System.gc()) 555M->465M(910M) 0.925ms
[448.018s][info][gc,cpu         ] GC(2040) User=0.00s Sys=0.00s Real=0.00s
[448.018s][info][gc,start       ] GC(2041) Pause Full (System.gc())
[448.018s][info][gc,phases,start] GC(2041) Marking Phase
[448.023s][info][gc,phases      ] GC(2041) Marking Phase 4.752ms
[448.023s][info][gc,phases,start] GC(2041) Summary Phase
[448.023s][info][gc,phases      ] GC(2041) Summary Phase 0.012ms
[448.023s][info][gc,phases,start] GC(2041) Adjust Roots
[448.026s][info][gc,phases      ] GC(2041) Adjust Roots 2.329ms
[448.026s][info][gc,phases,start] GC(2041) Compaction Phase
[448.028s][info][gc,phases      ] GC(2041) Compaction Phase 1.997ms
[448.028s][info][gc,phases,start] GC(2041) Post Compact
[448.030s][info][gc,phases      ] GC(2041) Post Compact 1.991ms
[448.030s][info][gc,heap        ] GC(2041) PSYoungGen: 128K(232960K)->0K(232960K) Eden: 0K(116736K)->0K(116736K) From: 128K(116224K)->0K(116224K)
[448.030s][info][gc,heap        ] GC(2041) ParOldGen: 476722K(699392K)->5549K(699392K)
[448.030s][info][gc,metaspace   ] GC(2041) Metaspace: 16610K(16896K)->16610K(16896K) NonClass: 14279K(14400K)->14279K(14400K) Class: 2331K(2496K)->2331K(2496K)
[448.030s][info][gc             ] GC(2041) Pause Full (System.gc()) 465M->5M(910M) 11.389ms
[448.030s][info][gc,cpu         ] GC(2041) User=0.02s Sys=0.00s Real=0.01s
[449.520s][info][gc,start       ] GC(2042) Pause Young (Allocation Failure)
[449.520s][info][gc,heap        ] GC(2042) PSYoungGen: 116736K(232960K)->384K(232960K) Eden: 116736K(116736K)->0K(116736K) From: 0K(116224K)->384K(116224K)
[449.520s][info][gc,heap        ] GC(2042) ParOldGen: 5549K(699392K)->5549K(699392K)
[449.520s][info][gc,metaspace   ] GC(2042) Metaspace: 16610K(16896K)->16610K(16896K) NonClass: 14279K(14400K)->14279K(14400K) Class: 2331K(2496K)->2331K(2496K)
[449.520s][info][gc             ] GC(2042) Pause Young (Allocation Failure) 119M->5M(910M) 0.558ms
[449.520s][info][gc,cpu         ] GC(2042) User=0.00s Sys=0.00s Real=0.00s
[449.542s][info][gc,start       ] GC(2043) Pause Young (Allocation Failure)
[449.542s][info][gc,heap        ] GC(2043) PSYoungGen: 117120K(232960K)->288K(232960K) Eden: 116736K(116736K)->0K(116736K) From: 384K(116224K)->288K(116224K)
[449.542s][info][gc,heap        ] GC(2043) ParOldGen: 5549K(699392K)->5661K(699392K)
[449.542s][info][gc,metaspace   ] GC(2043) Metaspace: 16610K(16896K)->16610K(16896K) NonClass: 14279K(14400K)->14279K(14400K) Class: 2331K(2496K)->2331K(2496K)
[449.542s][info][gc             ] GC(2043) Pause Young (Allocation Failure) 119M->5M(910M) 0.644ms
[449.542s][info][gc,cpu         ] GC(2043) User=0.00s Sys=0.00s Real=0.00s
[449.570s][info][gc,start       ] GC(2044) Pause Young (Allocation Failure)
[449.571s][info][gc,heap        ] GC(2044) PSYoungGen: 117024K(232960K)->256K(232960K) Eden: 116736K(116736K)->0K(116736K) From: 288K(116224K)->256K(116224K)
[449.571s][info][gc,heap        ] GC(2044) ParOldGen: 5661K(699392K)->5685K(699392K)
[449.571s][info][gc,metaspace   ] GC(2044) Metaspace: 16610K(16896K)->16610K(16896K) NonClass: 14279K(14400K)->14279K(14400K) Class: 2331K(2496K)->2331K(2496K)
[449.571s][info][gc             ] GC(2044) Pause Young (Allocation Failure) 119M->5M(910M) 0.679ms
[449.571s][info][gc,cpu         ] GC(2044) User=0.00s Sys=0.00s Real=0.00s
[449.606s][info][gc,start       ] GC(2045) Pause Young (Allocation Failure)
[449.606s][info][gc,heap        ] GC(2045) PSYoungGen: 116992K(232960K)->288K(232960K) Eden: 116736K(116736K)->0K(116736K) From: 256K(116224K)->288K(116224K)
[449.606s][info][gc,heap        ] GC(2045) ParOldGen: 5685K(699392K)->5717K(699392K)
[449.606s][info][gc,metaspace   ] GC(2045) Metaspace: 16610K(16896K)->16610K(16896K) NonClass: 14279K(14400K)->14279K(14400K) Class: 2331K(2496K)->2331K(2496K)
[449.606s][info][gc             ] GC(2045) Pause Young (Allocation Failure) 119M->5M(910M) 0.780ms
[449.606s][info][gc,cpu         ] GC(2045) User=0.00s Sys=0.00s Real=0.00s
[449.643s][info][gc,start       ] GC(2046) Pause Young (Allocation Failure)
[449.644s][info][gc,heap        ] GC(2046) PSYoungGen: 117024K(232960K)->320K(232960K) Eden: 116736K(116736K)->0K(116736K) From: 288K(116224K)->320K(116224K)
[449.644s][info][gc,heap        ] GC(2046) ParOldGen: 5717K(699392K)->5765K(699392K)
[449.644s][info][gc,metaspace   ] GC(2046) Metaspace: 16610K(16896K)->16610K(16896K) NonClass: 14279K(14400K)->14279K(14400K) Class: 2331K(2496K)->2331K(2496K)
[449.644s][info][gc             ] GC(2046) Pause Young (Allocation Failure) 119M->5M(910M) 0.705ms
[449.644s][info][gc,cpu         ] GC(2046) User=0.00s Sys=0.00s Real=0.00s
[449.681s][info][gc,start       ] GC(2047) Pause Young (Allocation Failure)
[449.682s][info][gc,heap        ] GC(2047) PSYoungGen: 117056K(232960K)->288K(232960K) Eden: 116736K(116736K)->0K(116736K) From: 320K(116224K)->288K(116224K)
[449.682s][info][gc,heap        ] GC(2047) ParOldGen: 5765K(699392K)->5797K(699392K)
[449.682s][info][gc,metaspace   ] GC(2047) Metaspace: 16610K(16896K)->16610K(16896K) NonClass: 14279K(14400K)->14279K(14400K) Class: 2331K(2496K)->2331K(2496K)
[449.682s][info][gc             ] GC(2047) Pause Young (Allocation Failure) 119M->5M(910M) 0.954ms
[449.682s][info][gc,cpu         ] GC(2047) User=0.00s Sys=0.00s Real=0.00s
[449.706s][info][gc,start       ] GC(2048) Pause Young (Allocation Failure)
[449.706s][info][gc,heap        ] GC(2048) PSYoungGen: 117024K(232960K)->224K(232960K) Eden: 116736K(116736K)->0K(116736K) From: 288K(116224K)->224K(116224K)
[449.706s][info][gc,heap        ] GC(2048) ParOldGen: 5797K(699392K)->5837K(699392K)
[449.706s][info][gc,metaspace   ] GC(2048) Metaspace: 16610K(16896K)->16610K(16896K) NonClass: 14279K(14400K)->14279K(14400K) Class: 2331K(2496K)->2331K(2496K)
[449.706s][info][gc             ] GC(2048) Pause Young (Allocation Failure) 119M->5M(910M) 0.444ms
[449.706s][info][gc,cpu         ] GC(2048) User=0.00s Sys=0.00s Real=0.00s
[449.729s][info][gc,start       ] GC(2049) Pause Young (Allocation Failure)
[449.729s][info][gc,heap        ] GC(2049) PSYoungGen: 116960K(232960K)->192K(232960K) Eden: 116736K(116736K)->0K(116736K) From: 224K(116224K)->192K(116224K)
[449.729s][info][gc,heap        ] GC(2049) ParOldGen: 5837K(699392K)->5885K(699392K)
[449.729s][info][gc,metaspace   ] GC(2049) Metaspace: 16610K(16896K)->16610K(16896K) NonClass: 14279K(14400K)->14279K(14400K) Class: 2331K(2496K)->2331K(2496K)
[449.729s][info][gc             ] GC(2049) Pause Young (Allocation Failure) 119M->5M(910M) 0.505ms
[449.729s][info][gc,cpu         ] GC(2049) User=0.00s Sys=0.00s Real=0.00s
[449.751s][info][gc,start       ] GC(2050) Pause Young (Allocation Failure)
[449.752s][info][gc,heap        ] GC(2050) PSYoungGen: 116928K(232960K)->256K(232960K) Eden: 116736K(116736K)->0K(116736K) From: 192K(116224K)->256K(116224K)
[449.752s][info][gc,heap        ] GC(2050) ParOldGen: 5885K(699392K)->5933K(699392K)
[449.752s][info][gc,metaspace   ] GC(2050) Metaspace: 16610K(16896K)->16610K(16896K) NonClass: 14279K(14400K)->14279K(14400K) Class: 2331K(2496K)->2331K(2496K)
[449.752s][info][gc             ] GC(2050) Pause Young (Allocation Failure) 119M->6M(910M) 0.505ms
[449.752s][info][gc,cpu         ] GC(2050) User=0.00s Sys=0.00s Real=0.00s
[449.775s][info][gc,start       ] GC(2051) Pause Young (Allocation Failure)
[449.775s][info][gc,heap        ] GC(2051) PSYoungGen: 116992K(232960K)->256K(232960K) Eden: 116736K(116736K)->0K(116736K) From: 256K(116224K)->256K(116224K)
[449.775s][info][gc,heap        ] GC(2051) ParOldGen: 5933K(699392K)->5981K(699392K)
[449.775s][info][gc,metaspace   ] GC(2051) Metaspace: 16610K(16896K)->16610K(16896K) NonClass: 14279K(14400K)->14279K(14400K) Class: 2331K(2496K)->2331K(2496K)
[449.775s][info][gc             ] GC(2051) Pause Young (Allocation Failure) 120M->6M(910M) 0.553ms
[449.775s][info][gc,cpu         ] GC(2051) User=0.00s Sys=0.00s Real=0.00s
[449.798s][info][gc,start       ] GC(2052) Pause Young (Allocation Failure)
[449.799s][info][gc,heap        ] GC(2052) PSYoungGen: 116992K(232960K)->288K(238080K) Eden: 116736K(116736K)->0K(121856K) From: 256K(116224K)->288K(116224K)
[449.799s][info][gc,heap        ] GC(2052) ParOldGen: 5981K(699392K)->6029K(699392K)
[449.799s][info][gc,metaspace   ] GC(2052) Metaspace: 16610K(16896K)->16610K(16896K) NonClass: 14279K(14400K)->14279K(14400K) Class: 2331K(2496K)->2331K(2496K)
[449.799s][info][gc             ] GC(2052) Pause Young (Allocation Failure) 120M->6M(915M) 0.484ms
[449.799s][info][gc,cpu         ] GC(2052) User=0.00s Sys=0.00s Real=0.00s
[449.822s][info][gc,start       ] GC(2053) Pause Young (Allocation Failure)
[449.822s][info][gc,heap        ] GC(2053) PSYoungGen: 122144K(238080K)->352K(232960K) Eden: 121856K(121856K)->0K(121856K) From: 288K(116224K)->352K(111104K)
[449.822s][info][gc,heap        ] GC(2053) ParOldGen: 6029K(699392K)->6029K(699392K)
[449.822s][info][gc,metaspace   ] GC(2053) Metaspace: 16610K(16896K)->16610K(16896K) NonClass: 14279K(14400K)->14279K(14400K) Class: 2331K(2496K)->2331K(2496K)
[449.822s][info][gc             ] GC(2053) Pause Young (Allocation Failure) 125M->6M(910M) 0.527ms
[449.822s][info][gc,cpu         ] GC(2053) User=0.00s Sys=0.00s Real=0.00s
[449.846s][info][gc,start       ] GC(2054) Pause Young (Allocation Failure)
[449.847s][info][gc,heap        ] GC(2054) PSYoungGen: 122208K(232960K)->352K(251904K) Eden: 121856K(121856K)->0K(147968K) From: 352K(111104K)->352K(103936K)
[449.847s][info][gc,heap        ] GC(2054) ParOldGen: 6029K(699392K)->6029K(699392K)
[449.847s][info][gc,metaspace   ] GC(2054) Metaspace: 16610K(16896K)->16610K(16896K) NonClass: 14279K(14400K)->14279K(14400K) Class: 2331K(2496K)->2331K(2496K)
[449.847s][info][gc             ] GC(2054) Pause Young (Allocation Failure) 125M->6M(929M) 0.490ms
[449.847s][info][gc,cpu         ] GC(2054) User=0.00s Sys=0.00s Real=0.00s
[449.874s][info][gc,start       ] GC(2055) Pause Young (Allocation Failure)
[449.875s][info][gc,heap        ] GC(2055) PSYoungGen: 148320K(251904K)->384K(245248K) Eden: 147968K(147968K)->0K(147968K) From: 352K(103936K)->384K(97280K)
[449.875s][info][gc,heap        ] GC(2055) ParOldGen: 6029K(699392K)->6029K(699392K)
[449.875s][info][gc,metaspace   ] GC(2055) Metaspace: 16610K(16896K)->16610K(16896K) NonClass: 14279K(14400K)->14279K(14400K) Class: 2331K(2496K)->2331K(2496K)
[449.875s][info][gc             ] GC(2055) Pause Young (Allocation Failure) 150M->6M(922M) 0.634ms
[449.875s][info][gc,cpu         ] GC(2055) User=0.00s Sys=0.00s Real=0.00s
[449.905s][info][gc,start       ] GC(2056) Pause Young (Allocation Failure)
[449.905s][info][gc,heap        ] GC(2056) PSYoungGen: 148352K(245248K)->384K(264192K) Eden: 147968K(147968K)->0K(173056K) From: 384K(97280K)->384K(91136K)
[449.905s][info][gc,heap        ] GC(2056) ParOldGen: 6029K(699392K)->6029K(699392K)
[449.906s][info][gc,metaspace   ] GC(2056) Metaspace: 16610K(16896K)->16610K(16896K) NonClass: 14279K(14400K)->14279K(14400K) Class: 2331K(2496K)->2331K(2496K)
[449.906s][info][gc             ] GC(2056) Pause Young (Allocation Failure) 150M->6M(941M) 0.537ms
[449.906s][info][gc,cpu         ] GC(2056) User=0.00s Sys=0.00s Real=0.00s
[449.939s][info][gc,start       ] GC(2057) Pause Young (Allocation Failure)
[449.939s][info][gc,heap        ] GC(2057) PSYoungGen: 173440K(264192K)->384K(258048K) Eden: 173056K(173056K)->0K(173056K) From: 384K(91136K)->384K(84992K)
[449.940s][info][gc,heap        ] GC(2057) ParOldGen: 6029K(699392K)->6029K(699392K)
[449.940s][info][gc,metaspace   ] GC(2057) Metaspace: 16610K(16896K)->16610K(16896K) NonClass: 14279K(14400K)->14279K(14400K) Class: 2331K(2496K)->2331K(2496K)
[449.940s][info][gc             ] GC(2057) Pause Young (Allocation Failure) 175M->6M(935M) 0.601ms
[449.940s][info][gc,cpu         ] GC(2057) User=0.00s Sys=0.00s Real=0.00s
[449.973s][info][gc,start       ] GC(2058) Pause Young (Allocation Failure)
[449.973s][info][gc,heap        ] GC(2058) PSYoungGen: 173440K(258048K)->384K(275456K) Eden: 173056K(173056K)->0K(196608K) From: 384K(84992K)->384K(78848K)
[449.973s][info][gc,heap        ] GC(2058) ParOldGen: 6029K(699392K)->6029K(699392K)
[449.973s][info][gc,metaspace   ] GC(2058) Metaspace: 16610K(16896K)->16610K(16896K) NonClass: 14279K(14400K)->14279K(14400K) Class: 2331K(2496K)->2331K(2496K)
[449.973s][info][gc             ] GC(2058) Pause Young (Allocation Failure) 175M->6M(952M) 0.562ms
[449.973s][info][gc,cpu         ] GC(2058) User=0.00s Sys=0.00s Real=0.00s
[450.013s][info][gc,start       ] GC(2059) Pause Young (Allocation Failure)
[450.013s][info][gc,heap        ] GC(2059) PSYoungGen: 196992K(275456K)->352K(270336K) Eden: 196608K(196608K)->0K(196608K) From: 384K(78848K)->352K(73728K)
[450.013s][info][gc,heap        ] GC(2059) ParOldGen: 6029K(699392K)->6029K(699392K)
[450.013s][info][gc,metaspace   ] GC(2059) Metaspace: 16610K(16896K)->16610K(16896K) NonClass: 14279K(14400K)->14279K(14400K) Class: 2331K(2496K)->2331K(2496K)
[450.013s][info][gc             ] GC(2059) Pause Young (Allocation Failure) 198M->6M(947M) 0.470ms
[450.013s][info][gc,cpu         ] GC(2059) User=0.00s Sys=0.00s Real=0.00s
[450.051s][info][gc,start       ] GC(2060) Pause Young (Allocation Failure)
[450.052s][info][gc,heap        ] GC(2060) PSYoungGen: 196960K(270336K)->384K(285696K) Eden: 196608K(196608K)->0K(217600K) From: 352K(73728K)->384K(68096K)
[450.052s][info][gc,heap        ] GC(2060) ParOldGen: 6029K(699392K)->6029K(699392K)
[450.052s][info][gc,metaspace   ] GC(2060) Metaspace: 16610K(16896K)->16610K(16896K) NonClass: 14279K(14400K)->14279K(14400K) Class: 2331K(2496K)->2331K(2496K)
[450.052s][info][gc             ] GC(2060) Pause Young (Allocation Failure) 198M->6M(962M) 0.475ms
[450.052s][info][gc,cpu         ] GC(2060) User=0.00s Sys=0.00s Real=0.00s
[450.094s][info][gc,start       ] GC(2061) Pause Young (Allocation Failure)
[450.095s][info][gc,heap        ] GC(2061) PSYoungGen: 217984K(285696K)->352K(281088K) Eden: 217600K(217600K)->0K(217600K) From: 384K(68096K)->352K(63488K)
[450.095s][info][gc,heap        ] GC(2061) ParOldGen: 6029K(699392K)->6029K(699392K)
[450.095s][info][gc,metaspace   ] GC(2061) Metaspace: 16610K(16896K)->16610K(16896K) NonClass: 14279K(14400K)->14279K(14400K) Class: 2331K(2496K)->2331K(2496K)
[450.095s][info][gc             ] GC(2061) Pause Young (Allocation Failure) 218M->6M(957M) 0.544ms
[450.095s][info][gc,cpu         ] GC(2061) User=0.00s Sys=0.00s Real=0.00s
[450.174s][info][gc,start       ] GC(2062) Pause Young (Allocation Failure)
[450.214s][info][gc,heap        ] GC(2062) PSYoungGen: 217952K(281088K)->58851K(246272K) Eden: 217600K(217600K)->0K(187392K) From: 352K(63488K)->58851K(58880K)
[450.214s][info][gc,heap        ] GC(2062) ParOldGen: 6029K(699392K)->27357K(699392K)
[450.214s][info][gc,metaspace   ] GC(2062) Metaspace: 16610K(16896K)->16610K(16896K) NonClass: 14279K(14400K)->14279K(14400K) Class: 2331K(2496K)->2331K(2496K)
[450.214s][info][gc             ] GC(2062) Pause Young (Allocation Failure) 218M->84M(923M) 39.754ms
[450.214s][info][gc,cpu         ] GC(2062) User=0.08s Sys=0.00s Real=0.05s
[450.351s][info][gc,start       ] GC(2063) Pause Young (Allocation Failure)
[450.459s][info][gc,heap        ] GC(2063) PSYoungGen: 246243K(246272K)->80867K(268288K) Eden: 187392K(187392K)->0K(187392K) From: 58851K(58880K)->80867K(80896K)
[450.459s][info][gc,heap        ] GC(2063) ParOldGen: 27357K(699392K)->131709K(699392K)
[450.459s][info][gc,metaspace   ] GC(2063) Metaspace: 16610K(16896K)->16610K(16896K) NonClass: 14279K(14400K)->14279K(14400K) Class: 2331K(2496K)->2331K(2496K)
[450.459s][info][gc             ] GC(2063) Pause Young (Allocation Failure) 267M->207M(945M) 107.911ms
[450.459s][info][gc,cpu         ] GC(2063) User=0.56s Sys=0.00s Real=0.11s
[450.611s][info][gc,start       ] GC(2064) Pause Young (Allocation Failure)
[450.738s][info][gc,heap        ] GC(2064) PSYoungGen: 268259K(268288K)->80867K(197632K) Eden: 187392K(187392K)->0K(116736K) From: 80867K(80896K)->80867K(80896K)
[450.738s][info][gc,heap        ] GC(2064) ParOldGen: 131709K(699392K)->260925K(699392K)
[450.738s][info][gc,metaspace   ] GC(2064) Metaspace: 16610K(16896K)->16610K(16896K) NonClass: 14279K(14400K)->14279K(14400K) Class: 2331K(2496K)->2331K(2496K)
[450.738s][info][gc             ] GC(2064) Pause Young (Allocation Failure) 390M->333M(876M) 126.589ms
[450.738s][info][gc,cpu         ] GC(2064) User=0.66s Sys=0.00s Real=0.13s
[450.836s][info][gc,start       ] GC(2065) Pause Young (Allocation Failure)
[450.945s][info][gc,heap        ] GC(2065) PSYoungGen: 197603K(197632K)->116210K(232960K) Eden: 116736K(116736K)->0K(116736K) From: 80867K(80896K)->116210K(116224K)
[450.945s][info][gc,heap        ] GC(2065) ParOldGen: 260925K(699392K)->305213K(699392K)
[450.945s][info][gc,metaspace   ] GC(2065) Metaspace: 16610K(16896K)->16610K(16896K) NonClass: 14279K(14400K)->14279K(14400K) Class: 2331K(2496K)->2331K(2496K)
[450.945s][info][gc             ] GC(2065) Pause Young (Allocation Failure) 447M->411M(910M) 108.689ms
[450.945s][info][gc,cpu         ] GC(2065) User=0.48s Sys=0.00s Real=0.11s
[451.186s][info][gc,start       ] GC(2066) Pause Young (Allocation Failure)
[451.283s][info][gc,heap        ] GC(2066) PSYoungGen: 232946K(232960K)->116195K(232960K) Eden: 116736K(116736K)->0K(116736K) From: 116210K(116224K)->116195K(116224K)
[451.283s][info][gc,heap        ] GC(2066) ParOldGen: 305213K(699392K)->330926K(699392K)
[451.283s][info][gc,metaspace   ] GC(2066) Metaspace: 16610K(16896K)->16610K(16896K) NonClass: 14279K(14400K)->14279K(14400K) Class: 2331K(2496K)->2331K(2496K)
[451.283s][info][gc             ] GC(2066) Pause Young (Allocation Failure) 525M->436M(910M) 96.642ms
[451.283s][info][gc,cpu         ] GC(2066) User=0.48s Sys=0.00s Real=0.09s
[453.947s][info][gc,start       ] GC(2067) Pause Young (Allocation Failure)
[454.027s][info][gc,heap        ] GC(2067) PSYoungGen: 232931K(232960K)->116195K(232960K) Eden: 116736K(116736K)->0K(116736K) From: 116195K(116224K)->116195K(116224K)
[454.027s][info][gc,heap        ] GC(2067) ParOldGen: 330926K(699392K)->367390K(699392K)
[454.027s][info][gc,metaspace   ] GC(2067) Metaspace: 16611K(16896K)->16611K(16896K) NonClass: 14279K(14400K)->14279K(14400K) Class: 2331K(2496K)->2331K(2496K)
[454.027s][info][gc             ] GC(2067) Pause Young (Allocation Failure) 550M->472M(910M) 80.006ms
[454.027s][info][gc,cpu         ] GC(2067) User=0.42s Sys=0.00s Real=0.08s
[454.082s][info][gc,start       ] GC(2068) Pause Young (Allocation Failure)
[454.173s][info][gc,heap        ] GC(2068) PSYoungGen: 232931K(232960K)->116224K(232960K) Eden: 116736K(116736K)->0K(116736K) From: 116195K(116224K)->116224K(116224K)
[454.173s][info][gc,heap        ] GC(2068) ParOldGen: 367390K(699392K)->417969K(699392K)
[454.173s][info][gc,metaspace   ] GC(2068) Metaspace: 16611K(16896K)->16611K(16896K) NonClass: 14279K(14400K)->14279K(14400K) Class: 2331K(2496K)->2331K(2496K)
[454.173s][info][gc             ] GC(2068) Pause Young (Allocation Failure) 586M->521M(910M) 91.641ms
[454.173s][info][gc,cpu         ] GC(2068) User=0.45s Sys=0.00s Real=0.10s
[454.232s][info][gc,start       ] GC(2069) Pause Young (Allocation Failure)
[454.308s][info][gc,heap        ] GC(2069) PSYoungGen: 232960K(232960K)->116224K(232960K) Eden: 116736K(116736K)->0K(116736K) From: 116224K(116224K)->116224K(116224K)
[454.308s][info][gc,heap        ] GC(2069) ParOldGen: 417969K(699392K)->466993K(699392K)
[454.308s][info][gc,metaspace   ] GC(2069) Metaspace: 16611K(16896K)->16611K(16896K) NonClass: 14279K(14400K)->14279K(14400K) Class: 2331K(2496K)->2331K(2496K)
[454.308s][info][gc             ] GC(2069) Pause Young (Allocation Failure) 635M->569M(910M) 76.158ms
[454.308s][info][gc,cpu         ] GC(2069) User=0.36s Sys=0.02s Real=0.08s
[454.366s][info][gc,start       ] GC(2070) Pause Young (Allocation Failure)
[454.444s][info][gc,heap        ] GC(2070) PSYoungGen: 232960K(232960K)->116224K(232960K) Eden: 116736K(116736K)->0K(116736K) From: 116224K(116224K)->116224K(116224K)
[454.444s][info][gc,heap        ] GC(2070) ParOldGen: 466993K(699392K)->516497K(699392K)
[454.444s][info][gc,metaspace   ] GC(2070) Metaspace: 16611K(16896K)->16611K(16896K) NonClass: 14279K(14400K)->14279K(14400K) Class: 2331K(2496K)->2331K(2496K)
[454.444s][info][gc             ] GC(2070) Pause Young (Allocation Failure) 683M->617M(910M) 78.320ms
[454.444s][info][gc,cpu         ] GC(2070) User=0.44s Sys=0.00s Real=0.07s
[454.505s][info][gc,start       ] GC(2071) Pause Young (Allocation Failure)
[454.580s][info][gc,heap        ] GC(2071) PSYoungGen: 232960K(232960K)->87136K(232960K) Eden: 116736K(116736K)->0K(116736K) From: 116224K(116224K)->87136K(116224K)
[454.580s][info][gc,heap        ] GC(2071) ParOldGen: 516497K(699392K)->595049K(699392K)
[454.580s][info][gc,metaspace   ] GC(2071) Metaspace: 16611K(16896K)->16611K(16896K) NonClass: 14279K(14400K)->14279K(14400K) Class: 2331K(2496K)->2331K(2496K)
[454.580s][info][gc             ] GC(2071) Pause Young (Allocation Failure) 731M->666M(910M) 74.519ms
[454.580s][info][gc,cpu         ] GC(2071) User=0.39s Sys=0.00s Real=0.08s
[454.638s][info][gc,start       ] GC(2072) Pause Full (Ergonomics)
[454.638s][info][gc,phases,start] GC(2072) Marking Phase
[454.714s][info][gc,phases      ] GC(2072) Marking Phase 76.047ms
[454.714s][info][gc,phases,start] GC(2072) Summary Phase
[454.714s][info][gc,phases      ] GC(2072) Summary Phase 0.021ms
[454.714s][info][gc,phases,start] GC(2072) Adjust Roots
[454.716s][info][gc,phases      ] GC(2072) Adjust Roots 1.693ms
[454.716s][info][gc,phases,start] GC(2072) Compaction Phase
[454.870s][info][gc,phases      ] GC(2072) Compaction Phase 154.250ms
[454.870s][info][gc,phases,start] GC(2072) Post Compact
[454.872s][info][gc,phases      ] GC(2072) Post Compact 1.628ms
[454.872s][info][gc,heap        ] GC(2072) PSYoungGen: 203872K(232960K)->0K(232960K) Eden: 116736K(116736K)->0K(116736K) From: 87136K(116224K)->0K(116224K)
[454.872s][info][gc,heap        ] GC(2072) ParOldGen: 595049K(699392K)->285918K(699392K)
[454.872s][info][gc,metaspace   ] GC(2072) Metaspace: 16611K(16896K)->16611K(16896K) NonClass: 14279K(14400K)->14279K(14400K) Class: 2331K(2496K)->2331K(2496K)
[454.872s][info][gc             ] GC(2072) Pause Full (Ergonomics) 780M->279M(910M) 233.927ms
[454.872s][info][gc,cpu         ] GC(2072) User=1.20s Sys=0.00s Real=0.23s
[454.930s][info][gc,start       ] GC(2073) Pause Young (Allocation Failure)
[454.955s][info][gc,heap        ] GC(2073) PSYoungGen: 116736K(232960K)->50912K(232960K) Eden: 116736K(116736K)->0K(116736K) From: 0K(116224K)->50912K(116224K)
[454.955s][info][gc,heap        ] GC(2073) ParOldGen: 285918K(699392K)->285918K(699392K)
[454.955s][info][gc,metaspace   ] GC(2073) Metaspace: 16611K(16896K)->16611K(16896K) NonClass: 14279K(14400K)->14279K(14400K) Class: 2331K(2496K)->2331K(2496K)
[454.955s][info][gc             ] GC(2073) Pause Young (Allocation Failure) 393M->328M(910M) 24.610ms
[454.955s][info][gc,cpu         ] GC(2073) User=0.08s Sys=0.00s Real=0.03s
[455.015s][info][gc,start       ] GC(2074) Pause Young (Allocation Failure)
[455.058s][info][gc,heap        ] GC(2074) PSYoungGen: 167648K(232960K)->51008K(232960K) Eden: 116736K(116736K)->0K(116736K) From: 50912K(116224K)->51008K(116224K)
[455.058s][info][gc,heap        ] GC(2074) ParOldGen: 285918K(699392K)->333966K(699392K)
[455.059s][info][gc,metaspace   ] GC(2074) Metaspace: 16611K(16896K)->16611K(16896K) NonClass: 14279K(14400K)->14279K(14400K) Class: 2331K(2496K)->2331K(2496K)
[455.059s][info][gc             ] GC(2074) Pause Young (Allocation Failure) 442M->375M(910M) 43.666ms
[455.059s][info][gc,cpu         ] GC(2074) User=0.16s Sys=0.00s Real=0.05s
[455.140s][info][gc,start       ] GC(2075) Pause Young (Allocation Failure)
[455.196s][info][gc,heap        ] GC(2075) PSYoungGen: 167744K(232960K)->62726K(232960K) Eden: 116736K(116736K)->0K(116736K) From: 51008K(116224K)->62726K(116224K)
[455.196s][info][gc,heap        ] GC(2075) ParOldGen: 333966K(699392K)->381982K(699392K)
[455.196s][info][gc,metaspace   ] GC(2075) Metaspace: 16611K(16896K)->16611K(16896K) NonClass: 14279K(14400K)->14279K(14400K) Class: 2331K(2496K)->2331K(2496K)
[455.196s][info][gc             ] GC(2075) Pause Young (Allocation Failure) 489M->434M(910M) 56.012ms
[455.196s][info][gc,cpu         ] GC(2075) User=0.22s Sys=0.00s Real=0.04s
[455.497s][info][gc,start       ] GC(2076) Pause Young (Allocation Failure)
[455.587s][info][gc,heap        ] GC(2076) PSYoungGen: 179462K(232960K)->43616K(232960K) Eden: 116736K(116736K)->0K(116736K) From: 62726K(116224K)->43616K(116224K)
[455.587s][info][gc,heap        ] GC(2076) ParOldGen: 381982K(699392K)->442159K(699392K)
[455.587s][info][gc,metaspace   ] GC(2076) Metaspace: 16611K(16896K)->16611K(16896K) NonClass: 14280K(14400K)->14280K(14400K) Class: 2331K(2496K)->2331K(2496K)
[455.587s][info][gc             ] GC(2076) Pause Young (Allocation Failure) 548M->474M(910M) 90.050ms
[455.587s][info][gc,cpu         ] GC(2076) User=0.41s Sys=0.00s Real=0.09s
[455.730s][info][gc,start       ] GC(2077) Pause Young (Allocation Failure)
[455.777s][info][gc,heap        ] GC(2077) PSYoungGen: 160352K(232960K)->3904K(232960K) Eden: 116736K(116736K)->0K(116736K) From: 43616K(116224K)->3904K(116224K)
[455.777s][info][gc,heap        ] GC(2077) ParOldGen: 442159K(699392K)->473927K(699392K)
[455.777s][info][gc,metaspace   ] GC(2077) Metaspace: 16611K(16896K)->16611K(16896K) NonClass: 14280K(14400K)->14280K(14400K) Class: 2331K(2496K)->2331K(2496K)
[455.777s][info][gc             ] GC(2077) Pause Young (Allocation Failure) 588M->466M(910M) 46.730ms
[455.777s][info][gc,cpu         ] GC(2077) User=0.19s Sys=0.02s Real=0.05s
[455.918s][info][gc,start       ] GC(2078) Pause Young (Allocation Failure)
[455.921s][info][gc,heap        ] GC(2078) PSYoungGen: 120640K(232960K)->3168K(232960K) Eden: 116736K(116736K)->0K(116736K) From: 3904K(116224K)->3168K(116224K)
[455.921s][info][gc,heap        ] GC(2078) ParOldGen: 473927K(699392K)->474279K(699392K)
[455.921s][info][gc,metaspace   ] GC(2078) Metaspace: 16611K(16896K)->16611K(16896K) NonClass: 14280K(14400K)->14280K(14400K) Class: 2331K(2496K)->2331K(2496K)
[455.921s][info][gc             ] GC(2078) Pause Young (Allocation Failure) 580M->466M(910M) 3.087ms
[455.921s][info][gc,cpu         ] GC(2078) User=0.00s Sys=0.00s Real=0.00s
[456.048s][info][gc,start       ] GC(2079) Pause Young (Allocation Failure)
[456.051s][info][gc,heap        ] GC(2079) PSYoungGen: 119904K(232960K)->2400K(232960K) Eden: 116736K(116736K)->0K(116736K) From: 3168K(116224K)->2400K(116224K)
[456.051s][info][gc,heap        ] GC(2079) ParOldGen: 474279K(699392K)->474423K(699392K)
[456.051s][info][gc,metaspace   ] GC(2079) Metaspace: 16611K(16896K)->16611K(16896K) NonClass: 14280K(14400K)->14280K(14400K) Class: 2331K(2496K)->2331K(2496K)
[456.051s][info][gc             ] GC(2079) Pause Young (Allocation Failure) 580M->465M(910M) 2.685ms
[456.051s][info][gc,cpu         ] GC(2079) User=0.02s Sys=0.00s Real=0.02s
[456.185s][info][gc,start       ] GC(2080) Pause Young (Allocation Failure)
[456.186s][info][gc,heap        ] GC(2080) PSYoungGen: 119136K(232960K)->352K(232960K) Eden: 116736K(116736K)->0K(116736K) From: 2400K(116224K)->352K(116224K)
[456.186s][info][gc,heap        ] GC(2080) ParOldGen: 474423K(699392K)->474471K(699392K)
[456.186s][info][gc,metaspace   ] GC(2080) Metaspace: 16611K(16896K)->16611K(16896K) NonClass: 14280K(14400K)->14280K(14400K) Class: 2331K(2496K)->2331K(2496K)
[456.186s][info][gc             ] GC(2080) Pause Young (Allocation Failure) 579M->463M(910M) 1.165ms
[456.186s][info][gc,cpu         ] GC(2080) User=0.00s Sys=0.00s Real=0.00s
[456.891s][info][gc,start       ] GC(2081) Pause Young (System.gc())
[456.892s][info][gc,heap        ] GC(2081) PSYoungGen: 96292K(232960K)->192K(232960K) Eden: 95940K(116736K)->0K(116736K) From: 352K(116224K)->192K(116224K)
[456.892s][info][gc,heap        ] GC(2081) ParOldGen: 474471K(699392K)->474471K(699392K)
[456.892s][info][gc,metaspace   ] GC(2081) Metaspace: 16611K(16896K)->16611K(16896K) NonClass: 14280K(14400K)->14280K(14400K) Class: 2331K(2496K)->2331K(2496K)
[456.892s][info][gc             ] GC(2081) Pause Young (System.gc()) 557M->463M(910M) 0.732ms
[456.892s][info][gc,cpu         ] GC(2081) User=0.00s Sys=0.00s Real=0.00s
[456.892s][info][gc,start       ] GC(2082) Pause Full (System.gc())
[456.892s][info][gc,phases,start] GC(2082) Marking Phase
[456.897s][info][gc,phases      ] GC(2082) Marking Phase 4.911ms
[456.897s][info][gc,phases,start] GC(2082) Summary Phase
[456.897s][info][gc,phases      ] GC(2082) Summary Phase 0.010ms
[456.897s][info][gc,phases,start] GC(2082) Adjust Roots
[456.900s][info][gc,phases      ] GC(2082) Adjust Roots 2.932ms
[456.900s][info][gc,phases,start] GC(2082) Compaction Phase
[456.902s][info][gc,phases      ] GC(2082) Compaction Phase 1.961ms
[456.902s][info][gc,phases,start] GC(2082) Post Compact
[456.904s][info][gc,phases      ] GC(2082) Post Compact 1.946ms
[456.904s][info][gc,heap        ] GC(2082) PSYoungGen: 192K(232960K)->0K(232960K) Eden: 0K(116736K)->0K(116736K) From: 192K(116224K)->0K(116224K)
[456.904s][info][gc,heap        ] GC(2082) ParOldGen: 474471K(699392K)->5549K(699392K)
[456.904s][info][gc,metaspace   ] GC(2082) Metaspace: 16611K(16896K)->16611K(16896K) NonClass: 14280K(14400K)->14280K(14400K) Class: 2331K(2496K)->2331K(2496K)
[456.904s][info][gc             ] GC(2082) Pause Full (System.gc()) 463M->5M(910M) 12.013ms
[456.904s][info][gc,cpu         ] GC(2082) User=0.00s Sys=0.00s Real=0.02s
[458.491s][info][gc,start       ] GC(2083) Pause Young (Allocation Failure)
[458.491s][info][gc,heap        ] GC(2083) PSYoungGen: 116736K(232960K)->384K(232960K) Eden: 116736K(116736K)->0K(116736K) From: 0K(116224K)->384K(116224K)
[458.491s][info][gc,heap        ] GC(2083) ParOldGen: 5549K(699392K)->5549K(699392K)
[458.491s][info][gc,metaspace   ] GC(2083) Metaspace: 16611K(16896K)->16611K(16896K) NonClass: 14280K(14400K)->14280K(14400K) Class: 2331K(2496K)->2331K(2496K)
[458.491s][info][gc             ] GC(2083) Pause Young (Allocation Failure) 119M->5M(910M) 0.500ms
[458.492s][info][gc,cpu         ] GC(2083) User=0.00s Sys=0.00s Real=0.00s
[458.510s][info][gc,start       ] GC(2084) Pause Young (Allocation Failure)
[458.511s][info][gc,heap        ] GC(2084) PSYoungGen: 117120K(232960K)->288K(232960K) Eden: 116736K(116736K)->0K(116736K) From: 384K(116224K)->288K(116224K)
[458.511s][info][gc,heap        ] GC(2084) ParOldGen: 5549K(699392K)->5653K(699392K)
[458.511s][info][gc,metaspace   ] GC(2084) Metaspace: 16611K(16896K)->16611K(16896K) NonClass: 14280K(14400K)->14280K(14400K) Class: 2331K(2496K)->2331K(2496K)
[458.511s][info][gc             ] GC(2084) Pause Young (Allocation Failure) 119M->5M(910M) 0.522ms
[458.511s][info][gc,cpu         ] GC(2084) User=0.00s Sys=0.00s Real=0.00s
[458.529s][info][gc,start       ] GC(2085) Pause Young (Allocation Failure)
[458.530s][info][gc,heap        ] GC(2085) PSYoungGen: 117024K(232960K)->320K(232960K) Eden: 116736K(116736K)->0K(116736K) From: 288K(116224K)->320K(116224K)
[458.530s][info][gc,heap        ] GC(2085) ParOldGen: 5653K(699392K)->5701K(699392K)
[458.530s][info][gc,metaspace   ] GC(2085) Metaspace: 16611K(16896K)->16611K(16896K) NonClass: 14280K(14400K)->14280K(14400K) Class: 2331K(2496K)->2331K(2496K)
[458.530s][info][gc             ] GC(2085) Pause Young (Allocation Failure) 119M->5M(910M) 0.444ms
[458.530s][info][gc,cpu         ] GC(2085) User=0.00s Sys=0.00s Real=0.00s
[458.548s][info][gc,start       ] GC(2086) Pause Young (Allocation Failure)
[458.548s][info][gc,heap        ] GC(2086) PSYoungGen: 117056K(232960K)->288K(232960K) Eden: 116736K(116736K)->0K(116736K) From: 320K(116224K)->288K(116224K)
[458.548s][info][gc,heap        ] GC(2086) ParOldGen: 5701K(699392K)->5733K(699392K)
[458.548s][info][gc,metaspace   ] GC(2086) Metaspace: 16611K(16896K)->16611K(16896K) NonClass: 14280K(14400K)->14280K(14400K) Class: 2331K(2496K)->2331K(2496K)
[458.548s][info][gc             ] GC(2086) Pause Young (Allocation Failure) 119M->5M(910M) 0.419ms
[458.548s][info][gc,cpu         ] GC(2086) User=0.00s Sys=0.00s Real=0.00s
[458.566s][info][gc,start       ] GC(2087) Pause Young (Allocation Failure)
[458.567s][info][gc,heap        ] GC(2087) PSYoungGen: 117024K(232960K)->224K(232960K) Eden: 116736K(116736K)->0K(116736K) From: 288K(116224K)->224K(116224K)
[458.567s][info][gc,heap        ] GC(2087) ParOldGen: 5733K(699392K)->5781K(699392K)
[458.567s][info][gc,metaspace   ] GC(2087) Metaspace: 16611K(16896K)->16611K(16896K) NonClass: 14280K(14400K)->14280K(14400K) Class: 2331K(2496K)->2331K(2496K)
[458.567s][info][gc             ] GC(2087) Pause Young (Allocation Failure) 119M->5M(910M) 0.438ms
[458.567s][info][gc,cpu         ] GC(2087) User=0.00s Sys=0.00s Real=0.00s
[458.585s][info][gc,start       ] GC(2088) Pause Young (Allocation Failure)
[458.586s][info][gc,heap        ] GC(2088) PSYoungGen: 116960K(232960K)->320K(232960K) Eden: 116736K(116736K)->0K(116736K) From: 224K(116224K)->320K(116224K)
[458.586s][info][gc,heap        ] GC(2088) ParOldGen: 5781K(699392K)->5813K(699392K)
[458.586s][info][gc,metaspace   ] GC(2088) Metaspace: 16611K(16896K)->16611K(16896K) NonClass: 14280K(14400K)->14280K(14400K) Class: 2331K(2496K)->2331K(2496K)
[458.586s][info][gc             ] GC(2088) Pause Young (Allocation Failure) 119M->5M(910M) 0.451ms
[458.586s][info][gc,cpu         ] GC(2088) User=0.00s Sys=0.00s Real=0.00s
[458.604s][info][gc,start       ] GC(2089) Pause Young (Allocation Failure)
[458.605s][info][gc,heap        ] GC(2089) PSYoungGen: 117056K(232960K)->224K(232960K) Eden: 116736K(116736K)->0K(116736K) From: 320K(116224K)->224K(116224K)
[458.605s][info][gc,heap        ] GC(2089) ParOldGen: 5813K(699392K)->5861K(699392K)
[458.605s][info][gc,metaspace   ] GC(2089) Metaspace: 16611K(16896K)->16611K(16896K) NonClass: 14280K(14400K)->14280K(14400K) Class: 2331K(2496K)->2331K(2496K)
[458.605s][info][gc             ] GC(2089) Pause Young (Allocation Failure) 119M->5M(910M) 0.521ms
[458.605s][info][gc,cpu         ] GC(2089) User=0.00s Sys=0.00s Real=0.00s
[458.623s][info][gc,start       ] GC(2090) Pause Young (Allocation Failure)
[458.624s][info][gc,heap        ] GC(2090) PSYoungGen: 116960K(232960K)->288K(232960K) Eden: 116736K(116736K)->0K(116736K) From: 224K(116224K)->288K(116224K)
[458.624s][info][gc,heap        ] GC(2090) ParOldGen: 5861K(699392K)->5885K(699392K)
[458.624s][info][gc,metaspace   ] GC(2090) Metaspace: 16611K(16896K)->16611K(16896K) NonClass: 14280K(14400K)->14280K(14400K) Class: 2331K(2496K)->2331K(2496K)
[458.624s][info][gc             ] GC(2090) Pause Young (Allocation Failure) 119M->6M(910M) 0.465ms
[458.624s][info][gc,cpu         ] GC(2090) User=0.00s Sys=0.00s Real=0.00s
[458.642s][info][gc,start       ] GC(2091) Pause Young (Allocation Failure)
[458.642s][info][gc,heap        ] GC(2091) PSYoungGen: 117024K(232960K)->320K(232960K) Eden: 116736K(116736K)->0K(116736K) From: 288K(116224K)->320K(116224K)
[458.642s][info][gc,heap        ] GC(2091) ParOldGen: 5885K(699392K)->5949K(699392K)
[458.642s][info][gc,metaspace   ] GC(2091) Metaspace: 16611K(16896K)->16611K(16896K) NonClass: 14280K(14400K)->14280K(14400K) Class: 2331K(2496K)->2331K(2496K)
[458.642s][info][gc             ] GC(2091) Pause Young (Allocation Failure) 120M->6M(910M) 0.456ms
[458.642s][info][gc,cpu         ] GC(2091) User=0.00s Sys=0.00s Real=0.00s
[458.661s][info][gc,start       ] GC(2092) Pause Young (Allocation Failure)
[458.661s][info][gc,heap        ] GC(2092) PSYoungGen: 117056K(232960K)->320K(232960K) Eden: 116736K(116736K)->0K(116736K) From: 320K(116224K)->320K(116224K)
[458.661s][info][gc,heap        ] GC(2092) ParOldGen: 5949K(699392K)->6005K(699392K)
[458.661s][info][gc,metaspace   ] GC(2092) Metaspace: 16611K(16896K)->16611K(16896K) NonClass: 14280K(14400K)->14280K(14400K) Class: 2331K(2496K)->2331K(2496K)
[458.661s][info][gc             ] GC(2092) Pause Young (Allocation Failure) 120M->6M(910M) 0.490ms
[458.661s][info][gc,cpu         ] GC(2092) User=0.00s Sys=0.00s Real=0.00s
[458.681s][info][gc,start       ] GC(2093) Pause Young (Allocation Failure)
[458.681s][info][gc,heap        ] GC(2093) PSYoungGen: 117056K(232960K)->288K(232960K) Eden: 116736K(116736K)->0K(116736K) From: 320K(116224K)->288K(116224K)
[458.681s][info][gc,heap        ] GC(2093) ParOldGen: 6005K(699392K)->6053K(699392K)
[458.681s][info][gc,metaspace   ] GC(2093) Metaspace: 16611K(16896K)->16611K(16896K) NonClass: 14280K(14400K)->14280K(14400K) Class: 2331K(2496K)->2331K(2496K)
[458.681s][info][gc             ] GC(2093) Pause Young (Allocation Failure) 120M->6M(910M) 0.444ms
[458.681s][info][gc,cpu         ] GC(2093) User=0.00s Sys=0.00s Real=0.00s
[458.700s][info][gc,start       ] GC(2094) Pause Young (Allocation Failure)
[458.703s][info][gc,heap        ] GC(2094) PSYoungGen: 117024K(232960K)->320K(232960K) Eden: 116736K(116736K)->0K(116736K) From: 288K(116224K)->320K(116224K)
[458.703s][info][gc,heap        ] GC(2094) ParOldGen: 6053K(699392K)->6101K(699392K)
[458.703s][info][gc,metaspace   ] GC(2094) Metaspace: 16611K(16896K)->16611K(16896K) NonClass: 14280K(14400K)->14280K(14400K) Class: 2331K(2496K)->2331K(2496K)
[458.703s][info][gc             ] GC(2094) Pause Young (Allocation Failure) 120M->6M(910M) 2.779ms
[458.703s][info][gc,cpu         ] GC(2094) User=0.00s Sys=0.00s Real=0.00s
[458.722s][info][gc,start       ] GC(2095) Pause Young (Allocation Failure)
[458.723s][info][gc,heap        ] GC(2095) PSYoungGen: 117056K(232960K)->320K(246272K) Eden: 116736K(116736K)->0K(136192K) From: 320K(116224K)->320K(110080K)
[458.723s][info][gc,heap        ] GC(2095) ParOldGen: 6101K(699392K)->6101K(699392K)
[458.723s][info][gc,metaspace   ] GC(2095) Metaspace: 16611K(16896K)->16611K(16896K) NonClass: 14280K(14400K)->14280K(14400K) Class: 2331K(2496K)->2331K(2496K)
[458.723s][info][gc             ] GC(2095) Pause Young (Allocation Failure) 120M->6M(923M) 0.482ms
[458.723s][info][gc,cpu         ] GC(2095) User=0.00s Sys=0.00s Real=0.00s
[458.744s][info][gc,start       ] GC(2096) Pause Young (Allocation Failure)
[458.744s][info][gc,heap        ] GC(2096) PSYoungGen: 136512K(246272K)->320K(239104K) Eden: 136192K(136192K)->0K(136192K) From: 320K(110080K)->320K(102912K)
[458.744s][info][gc,heap        ] GC(2096) ParOldGen: 6101K(699392K)->6101K(699392K)
[458.744s][info][gc,metaspace   ] GC(2096) Metaspace: 16611K(16896K)->16611K(16896K) NonClass: 14280K(14400K)->14280K(14400K) Class: 2331K(2496K)->2331K(2496K)
[458.744s][info][gc             ] GC(2096) Pause Young (Allocation Failure) 139M->6M(916M) 0.465ms
[458.744s][info][gc,cpu         ] GC(2096) User=0.00s Sys=0.00s Real=0.00s
[458.766s][info][gc,start       ] GC(2097) Pause Young (Allocation Failure)
[458.766s][info][gc,heap        ] GC(2097) PSYoungGen: 136512K(239104K)->320K(259584K) Eden: 136192K(136192K)->0K(163328K) From: 320K(102912K)->320K(96256K)
[458.766s][info][gc,heap        ] GC(2097) ParOldGen: 6101K(699392K)->6101K(699392K)
[458.766s][info][gc,metaspace   ] GC(2097) Metaspace: 16611K(16896K)->16611K(16896K) NonClass: 14280K(14400K)->14280K(14400K) Class: 2331K(2496K)->2331K(2496K)
[458.766s][info][gc             ] GC(2097) Pause Young (Allocation Failure) 139M->6M(936M) 0.417ms
[458.766s][info][gc,cpu         ] GC(2097) User=0.00s Sys=0.00s Real=0.00s
[458.792s][info][gc,start       ] GC(2098) Pause Young (Allocation Failure)
[458.793s][info][gc,heap        ] GC(2098) PSYoungGen: 163648K(259584K)->320K(252928K) Eden: 163328K(163328K)->0K(163328K) From: 320K(96256K)->320K(89600K)
[458.793s][info][gc,heap        ] GC(2098) ParOldGen: 6101K(699392K)->6101K(699392K)
[458.793s][info][gc,metaspace   ] GC(2098) Metaspace: 16611K(16896K)->16611K(16896K) NonClass: 14280K(14400K)->14280K(14400K) Class: 2331K(2496K)->2331K(2496K)
[458.793s][info][gc             ] GC(2098) Pause Young (Allocation Failure) 165M->6M(930M) 0.486ms
[458.793s][info][gc,cpu         ] GC(2098) User=0.00s Sys=0.00s Real=0.00s
[458.820s][info][gc,start       ] GC(2099) Pause Young (Allocation Failure)
[458.821s][info][gc,heap        ] GC(2099) PSYoungGen: 163648K(252928K)->352K(271360K) Eden: 163328K(163328K)->0K(187904K) From: 320K(89600K)->352K(83456K)
[458.821s][info][gc,heap        ] GC(2099) ParOldGen: 6101K(699392K)->6101K(699392K)
[458.821s][info][gc,metaspace   ] GC(2099) Metaspace: 16611K(16896K)->16611K(16896K) NonClass: 14280K(14400K)->14280K(14400K) Class: 2331K(2496K)->2331K(2496K)
[458.821s][info][gc             ] GC(2099) Pause Young (Allocation Failure) 165M->6M(948M) 0.415ms
[458.821s][info][gc,cpu         ] GC(2099) User=0.00s Sys=0.00s Real=0.00s
[458.850s][info][gc,start       ] GC(2100) Pause Young (Allocation Failure)
[458.851s][info][gc,heap        ] GC(2100) PSYoungGen: 188256K(271360K)->384K(265728K) Eden: 187904K(187904K)->0K(187904K) From: 352K(83456K)->384K(77824K)
[458.851s][info][gc,heap        ] GC(2100) ParOldGen: 6101K(699392K)->6101K(699392K)
[458.851s][info][gc,metaspace   ] GC(2100) Metaspace: 16611K(16896K)->16611K(16896K) NonClass: 14280K(14400K)->14280K(14400K) Class: 2331K(2496K)->2331K(2496K)
[458.851s][info][gc             ] GC(2100) Pause Young (Allocation Failure) 189M->6M(942M) 0.430ms
[458.851s][info][gc,cpu         ] GC(2100) User=0.00s Sys=0.00s Real=0.00s
[458.881s][info][gc,start       ] GC(2101) Pause Young (Allocation Failure)
[458.881s][info][gc,heap        ] GC(2101) PSYoungGen: 188288K(265728K)->352K(282112K) Eden: 187904K(187904K)->0K(209920K) From: 384K(77824K)->352K(72192K)
[458.881s][info][gc,heap        ] GC(2101) ParOldGen: 6101K(699392K)->6101K(699392K)
[458.881s][info][gc,metaspace   ] GC(2101) Metaspace: 16611K(16896K)->16611K(16896K) NonClass: 14280K(14400K)->14280K(14400K) Class: 2331K(2496K)->2331K(2496K)
[458.881s][info][gc             ] GC(2101) Pause Young (Allocation Failure) 189M->6M(958M) 0.449ms
[458.881s][info][gc,cpu         ] GC(2101) User=0.00s Sys=0.00s Real=0.00s
[458.915s][info][gc,start       ] GC(2102) Pause Young (Allocation Failure)
[458.915s][info][gc,heap        ] GC(2102) PSYoungGen: 210272K(282112K)->320K(276992K) Eden: 209920K(209920K)->0K(209920K) From: 352K(72192K)->320K(67072K)
[458.915s][info][gc,heap        ] GC(2102) ParOldGen: 6101K(699392K)->6101K(699392K)
[458.915s][info][gc,metaspace   ] GC(2102) Metaspace: 16611K(16896K)->16611K(16896K) NonClass: 14280K(14400K)->14280K(14400K) Class: 2331K(2496K)->2331K(2496K)
[458.915s][info][gc             ] GC(2102) Pause Young (Allocation Failure) 211M->6M(953M) 0.477ms
[458.915s][info][gc,cpu         ] GC(2102) User=0.00s Sys=0.00s Real=0.00s
[458.957s][info][gc,start       ] GC(2103) Pause Young (Allocation Failure)
[458.967s][info][gc,heap        ] GC(2103) PSYoungGen: 210240K(276992K)->25699K(284160K) Eden: 209920K(209920K)->0K(222208K) From: 320K(67072K)->25699K(61952K)
[458.967s][info][gc,heap        ] GC(2103) ParOldGen: 6101K(699392K)->6101K(699392K)
[458.967s][info][gc,metaspace   ] GC(2103) Metaspace: 16612K(16896K)->16612K(16896K) NonClass: 14281K(14400K)->14281K(14400K) Class: 2331K(2496K)->2331K(2496K)
[458.967s][info][gc             ] GC(2103) Pause Young (Allocation Failure) 211M->31M(960M) 10.104ms
[458.967s][info][gc,cpu         ] GC(2103) User=0.02s Sys=0.00s Real=0.01s
[459.112s][info][gc,start       ] GC(2104) Pause Young (Allocation Failure)
[459.210s][info][gc,heap        ] GC(2104) PSYoungGen: 247907K(284160K)->63459K(285696K) Eden: 222208K(222208K)->0K(222208K) From: 25699K(61952K)->63459K(63488K)
[459.210s][info][gc,heap        ] GC(2104) ParOldGen: 6101K(699392K)->116389K(699392K)
[459.210s][info][gc,metaspace   ] GC(2104) Metaspace: 16612K(16896K)->16612K(16896K) NonClass: 14281K(14400K)->14281K(14400K) Class: 2331K(2496K)->2331K(2496K)
[459.210s][info][gc             ] GC(2104) Pause Young (Allocation Failure) 248M->175M(962M) 97.779ms
[459.210s][info][gc,cpu         ] GC(2104) User=0.58s Sys=0.00s Real=0.11s
[459.375s][info][gc,start       ] GC(2105) Pause Young (Allocation Failure)
[459.501s][info][gc,heap        ] GC(2105) PSYoungGen: 285667K(285696K)->63459K(180224K) Eden: 222208K(222208K)->0K(116736K) From: 63459K(63488K)->63459K(63488K)
[459.501s][info][gc,heap        ] GC(2105) ParOldGen: 116389K(699392K)->269117K(699392K)
[459.501s][info][gc,metaspace   ] GC(2105) Metaspace: 16612K(16896K)->16612K(16896K) NonClass: 14281K(14400K)->14281K(14400K) Class: 2331K(2496K)->2331K(2496K)
[459.501s][info][gc             ] GC(2105) Pause Young (Allocation Failure) 392M->324M(859M) 126.171ms
[459.501s][info][gc,cpu         ] GC(2105) User=0.64s Sys=0.00s Real=0.12s
[459.595s][info][gc,start       ] GC(2106) Pause Young (Allocation Failure)
[459.666s][info][gc,heap        ] GC(2106) PSYoungGen: 180195K(180224K)->116195K(232960K) Eden: 116736K(116736K)->0K(116736K) From: 63459K(63488K)->116195K(116224K)
[459.666s][info][gc,heap        ] GC(2106) ParOldGen: 269117K(699392K)->296925K(699392K)
[459.666s][info][gc,metaspace   ] GC(2106) Metaspace: 16612K(16896K)->16612K(16896K) NonClass: 14281K(14400K)->14281K(14400K) Class: 2331K(2496K)->2331K(2496K)
[459.666s][info][gc             ] GC(2106) Pause Young (Allocation Failure) 438M->403M(910M) 71.227ms
[459.666s][info][gc,cpu         ] GC(2106) User=0.44s Sys=0.00s Real=0.08s
[459.906s][info][gc,start       ] GC(2107) Pause Young (Allocation Failure)
[459.995s][info][gc,heap        ] GC(2107) PSYoungGen: 232931K(232960K)->116195K(232960K) Eden: 116736K(116736K)->0K(116736K) From: 116195K(116224K)->116195K(116224K)
[459.995s][info][gc,heap        ] GC(2107) ParOldGen: 296925K(699392K)->331654K(699392K)
[459.995s][info][gc,metaspace   ] GC(2107) Metaspace: 16612K(16896K)->16612K(16896K) NonClass: 14281K(14400K)->14281K(14400K) Class: 2331K(2496K)->2331K(2496K)
[459.995s][info][gc             ] GC(2107) Pause Young (Allocation Failure) 517M->437M(910M) 89.480ms
[459.995s][info][gc,cpu         ] GC(2107) User=0.42s Sys=0.00s Real=0.10s
[462.531s][info][gc,start       ] GC(2108) Pause Young (Allocation Failure)
[462.610s][info][gc,heap        ] GC(2108) PSYoungGen: 232931K(232960K)->116224K(232960K) Eden: 116736K(116736K)->0K(116736K) From: 116195K(116224K)->116224K(116224K)
[462.610s][info][gc,heap        ] GC(2108) ParOldGen: 331654K(699392K)->368337K(699392K)
[462.610s][info][gc,metaspace   ] GC(2108) Metaspace: 16612K(16896K)->16612K(16896K) NonClass: 14281K(14400K)->14281K(14400K) Class: 2331K(2496K)->2331K(2496K)
[462.610s][info][gc             ] GC(2108) Pause Young (Allocation Failure) 551M->473M(910M) 79.486ms
[462.610s][info][gc,cpu         ] GC(2108) User=0.39s Sys=0.00s Real=0.08s
[462.665s][info][gc,start       ] GC(2109) Pause Young (Allocation Failure)
[462.740s][info][gc,heap        ] GC(2109) PSYoungGen: 232960K(232960K)->116224K(232960K) Eden: 116736K(116736K)->0K(116736K) From: 116224K(116224K)->116224K(116224K)
[462.740s][info][gc,heap        ] GC(2109) ParOldGen: 368337K(699392K)->418601K(699392K)
[462.740s][info][gc,metaspace   ] GC(2109) Metaspace: 16612K(16896K)->16612K(16896K) NonClass: 14281K(14400K)->14281K(14400K) Class: 2331K(2496K)->2331K(2496K)
[462.740s][info][gc             ] GC(2109) Pause Young (Allocation Failure) 587M->522M(910M) 75.210ms
[462.740s][info][gc,cpu         ] GC(2109) User=0.36s Sys=0.00s Real=0.08s
[462.798s][info][gc,start       ] GC(2110) Pause Young (Allocation Failure)
[462.875s][info][gc,heap        ] GC(2110) PSYoungGen: 232960K(232960K)->97792K(232960K) Eden: 116736K(116736K)->0K(116736K) From: 116224K(116224K)->97792K(116224K)
[462.875s][info][gc,heap        ] GC(2110) ParOldGen: 418601K(699392K)->486993K(699392K)
[462.875s][info][gc,metaspace   ] GC(2110) Metaspace: 16612K(16896K)->16612K(16896K) NonClass: 14281K(14400K)->14281K(14400K) Class: 2331K(2496K)->2331K(2496K)
[462.875s][info][gc             ] GC(2110) Pause Young (Allocation Failure) 636M->571M(910M) 77.207ms
[462.875s][info][gc,cpu         ] GC(2110) User=0.38s Sys=0.00s Real=0.08s
[462.932s][info][gc,start       ] GC(2111) Pause Young (Allocation Failure)
[462.996s][info][gc,heap        ] GC(2111) PSYoungGen: 214528K(232960K)->98976K(232960K) Eden: 116736K(116736K)->0K(116736K) From: 97792K(116224K)->98976K(116224K)
[462.996s][info][gc,heap        ] GC(2111) ParOldGen: 486993K(699392K)->534297K(699392K)
[462.996s][info][gc,metaspace   ] GC(2111) Metaspace: 16612K(16896K)->16612K(16896K) NonClass: 14281K(14400K)->14281K(14400K) Class: 2331K(2496K)->2331K(2496K)
[462.996s][info][gc             ] GC(2111) Pause Young (Allocation Failure) 685M->618M(910M) 64.083ms
[462.996s][info][gc,cpu         ] GC(2111) User=0.36s Sys=0.00s Real=0.06s
[463.053s][info][gc,start       ] GC(2112) Pause Young (Allocation Failure)
[463.121s][info][gc,heap        ] GC(2112) PSYoungGen: 215712K(232960K)->50752K(232960K) Eden: 116736K(116736K)->0K(116736K) From: 98976K(116224K)->50752K(116224K)
[463.121s][info][gc,heap        ] GC(2112) ParOldGen: 534297K(699392K)->630913K(699392K)
[463.121s][info][gc,metaspace   ] GC(2112) Metaspace: 16612K(16896K)->16612K(16896K) NonClass: 14281K(14400K)->14281K(14400K) Class: 2331K(2496K)->2331K(2496K)
[463.121s][info][gc             ] GC(2112) Pause Young (Allocation Failure) 732M->665M(910M) 68.124ms
[463.121s][info][gc,cpu         ] GC(2112) User=0.30s Sys=0.00s Real=0.06s
[463.179s][info][gc,start       ] GC(2113) Pause Full (Ergonomics)
[463.180s][info][gc,phases,start] GC(2113) Marking Phase
[463.262s][info][gc,phases      ] GC(2113) Marking Phase 82.189ms
[463.262s][info][gc,phases,start] GC(2113) Summary Phase
[463.262s][info][gc,phases      ] GC(2113) Summary Phase 0.022ms
[463.262s][info][gc,phases,start] GC(2113) Adjust Roots
[463.264s][info][gc,phases      ] GC(2113) Adjust Roots 1.822ms
[463.264s][info][gc,phases,start] GC(2113) Compaction Phase
[463.424s][info][gc,phases      ] GC(2113) Compaction Phase 159.951ms
[463.424s][info][gc,phases,start] GC(2113) Post Compact
[463.426s][info][gc,phases      ] GC(2113) Post Compact 2.040ms
[463.426s][info][gc,heap        ] GC(2113) PSYoungGen: 167488K(232960K)->0K(232960K) Eden: 116736K(116736K)->0K(116736K) From: 50752K(116224K)->0K(116224K)
[463.426s][info][gc,heap        ] GC(2113) ParOldGen: 630913K(699392K)->287781K(699392K)
[463.426s][info][gc,metaspace   ] GC(2113) Metaspace: 16612K(16896K)->16612K(16896K) NonClass: 14281K(14400K)->14281K(14400K) Class: 2331K(2496K)->2331K(2496K)
[463.426s][info][gc             ] GC(2113) Pause Full (Ergonomics) 779M->281M(910M) 246.385ms
[463.426s][info][gc,cpu         ] GC(2113) User=1.33s Sys=0.00s Real=0.23s
[463.487s][info][gc,start       ] GC(2114) Pause Young (Allocation Failure)
[463.512s][info][gc,heap        ] GC(2114) PSYoungGen: 116736K(232960K)->50976K(232960K) Eden: 116736K(116736K)->0K(116736K) From: 0K(116224K)->50976K(116224K)
[463.512s][info][gc,heap        ] GC(2114) ParOldGen: 287781K(699392K)->287781K(699392K)
[463.512s][info][gc,metaspace   ] GC(2114) Metaspace: 16612K(16896K)->16612K(16896K) NonClass: 14281K(14400K)->14281K(14400K) Class: 2331K(2496K)->2331K(2496K)
[463.512s][info][gc             ] GC(2114) Pause Young (Allocation Failure) 395M->330M(910M) 25.125ms
[463.512s][info][gc,cpu         ] GC(2114) User=0.09s Sys=0.00s Real=0.03s
[463.574s][info][gc,start       ] GC(2115) Pause Young (Allocation Failure)
[463.622s][info][gc,heap        ] GC(2115) PSYoungGen: 167712K(232960K)->50976K(232960K) Eden: 116736K(116736K)->0K(116736K) From: 50976K(116224K)->50976K(116224K)
[463.622s][info][gc,heap        ] GC(2115) ParOldGen: 287781K(699392K)->335837K(699392K)
[463.622s][info][gc,metaspace   ] GC(2115) Metaspace: 16612K(16896K)->16612K(16896K) NonClass: 14281K(14400K)->14281K(14400K) Class: 2331K(2496K)->2331K(2496K)
[463.622s][info][gc             ] GC(2115) Pause Young (Allocation Failure) 444M->377M(910M) 48.043ms
[463.622s][info][gc,cpu         ] GC(2115) User=0.22s Sys=0.00s Real=0.05s
[463.704s][info][gc,start       ] GC(2116) Pause Young (Allocation Failure)
[463.756s][info][gc,heap        ] GC(2116) PSYoungGen: 167712K(232960K)->69834K(232960K) Eden: 116736K(116736K)->0K(116736K) From: 50976K(116224K)->69834K(116224K)
[463.757s][info][gc,heap        ] GC(2116) ParOldGen: 335837K(699392K)->383877K(699392K)
[463.757s][info][gc,metaspace   ] GC(2116) Metaspace: 16612K(16896K)->16612K(16896K) NonClass: 14281K(14400K)->14281K(14400K) Class: 2331K(2496K)->2331K(2496K)
[463.757s][info][gc             ] GC(2116) Pause Young (Allocation Failure) 491M->443M(910M) 52.303ms
[463.757s][info][gc,cpu         ] GC(2116) User=0.27s Sys=0.00s Real=0.05s
[464.062s][info][gc,start       ] GC(2117) Pause Young (Allocation Failure)
[464.144s][info][gc,heap        ] GC(2117) PSYoungGen: 186570K(232960K)->41024K(232960K) Eden: 116736K(116736K)->0K(116736K) From: 69834K(116224K)->41024K(116224K)
[464.144s][info][gc,heap        ] GC(2117) ParOldGen: 383877K(699392K)->447263K(699392K)
[464.144s][info][gc,metaspace   ] GC(2117) Metaspace: 16612K(16896K)->16612K(16896K) NonClass: 14281K(14400K)->14281K(14400K) Class: 2331K(2496K)->2331K(2496K)
[464.144s][info][gc             ] GC(2117) Pause Young (Allocation Failure) 557M->476M(910M) 82.298ms
[464.144s][info][gc,cpu         ] GC(2117) User=0.30s Sys=0.00s Real=0.08s
[464.284s][info][gc,start       ] GC(2118) Pause Young (Allocation Failure)
[464.323s][info][gc,heap        ] GC(2118) PSYoungGen: 157760K(232960K)->3840K(232960K) Eden: 116736K(116736K)->0K(116736K) From: 41024K(116224K)->3840K(116224K)
[464.323s][info][gc,heap        ] GC(2118) ParOldGen: 447263K(699392K)->478527K(699392K)
[464.323s][info][gc,metaspace   ] GC(2118) Metaspace: 16612K(16896K)->16612K(16896K) NonClass: 14281K(14400K)->14281K(14400K) Class: 2331K(2496K)->2331K(2496K)
[464.324s][info][gc             ] GC(2118) Pause Young (Allocation Failure) 590M->471M(910M) 39.051ms
[464.324s][info][gc,cpu         ] GC(2118) User=0.16s Sys=0.00s Real=0.03s
[464.462s][info][gc,start       ] GC(2119) Pause Young (Allocation Failure)
[464.465s][info][gc,heap        ] GC(2119) PSYoungGen: 120576K(232960K)->3136K(232960K) Eden: 116736K(116736K)->0K(116736K) From: 3840K(116224K)->3136K(116224K)
[464.465s][info][gc,heap        ] GC(2119) ParOldGen: 478527K(699392K)->478871K(699392K)
[464.465s][info][gc,metaspace   ] GC(2119) Metaspace: 16612K(16896K)->16612K(16896K) NonClass: 14281K(14400K)->14281K(14400K) Class: 2331K(2496K)->2331K(2496K)
[464.465s][info][gc             ] GC(2119) Pause Young (Allocation Failure) 585M->470M(910M) 2.957ms
[464.465s][info][gc,cpu         ] GC(2119) User=0.00s Sys=0.00s Real=0.00s
[464.592s][info][gc,start       ] GC(2120) Pause Young (Allocation Failure)
[464.594s][info][gc,heap        ] GC(2120) PSYoungGen: 119872K(232960K)->2368K(232960K) Eden: 116736K(116736K)->0K(116736K) From: 3136K(116224K)->2368K(116224K)
[464.594s][info][gc,heap        ] GC(2120) ParOldGen: 478871K(699392K)->479007K(699392K)
[464.594s][info][gc,metaspace   ] GC(2120) Metaspace: 16612K(16896K)->16612K(16896K) NonClass: 14281K(14400K)->14281K(14400K) Class: 2331K(2496K)->2331K(2496K)
[464.594s][info][gc             ] GC(2120) Pause Young (Allocation Failure) 584M->470M(910M) 2.534ms
[464.594s][info][gc,cpu         ] GC(2120) User=0.02s Sys=0.00s Real=0.02s
[464.736s][info][gc,start       ] GC(2121) Pause Young (Allocation Failure)
[464.737s][info][gc,heap        ] GC(2121) PSYoungGen: 119104K(232960K)->192K(232960K) Eden: 116736K(116736K)->0K(116736K) From: 2368K(116224K)->192K(116224K)
[464.737s][info][gc,heap        ] GC(2121) ParOldGen: 479007K(699392K)->479023K(699392K)
[464.737s][info][gc,metaspace   ] GC(2121) Metaspace: 16612K(16896K)->16612K(16896K) NonClass: 14281K(14400K)->14281K(14400K) Class: 2331K(2496K)->2331K(2496K)
[464.737s][info][gc             ] GC(2121) Pause Young (Allocation Failure) 584M->467M(910M) 0.731ms
[464.737s][info][gc,cpu         ] GC(2121) User=0.00s Sys=0.00s Real=0.00s
[465.462s][info][gc,start       ] GC(2122) Pause Young (System.gc())
[465.463s][info][gc,heap        ] GC(2122) PSYoungGen: 87542K(232960K)->128K(232960K) Eden: 87350K(116736K)->0K(116736K) From: 192K(116224K)->128K(116224K)
[465.463s][info][gc,heap        ] GC(2122) ParOldGen: 479023K(699392K)->479023K(699392K)
[465.463s][info][gc,metaspace   ] GC(2122) Metaspace: 16612K(16896K)->16612K(16896K) NonClass: 14281K(14400K)->14281K(14400K) Class: 2331K(2496K)->2331K(2496K)
[465.463s][info][gc             ] GC(2122) Pause Young (System.gc()) 553M->467M(910M) 0.929ms
[465.463s][info][gc,cpu         ] GC(2122) User=0.00s Sys=0.00s Real=0.00s
[465.463s][info][gc,start       ] GC(2123) Pause Full (System.gc())
[465.463s][info][gc,phases,start] GC(2123) Marking Phase
[465.468s][info][gc,phases      ] GC(2123) Marking Phase 4.839ms
[465.468s][info][gc,phases,start] GC(2123) Summary Phase
[465.468s][info][gc,phases      ] GC(2123) Summary Phase 0.012ms
[465.468s][info][gc,phases,start] GC(2123) Adjust Roots
[465.470s][info][gc,phases      ] GC(2123) Adjust Roots 1.862ms
[465.470s][info][gc,phases,start] GC(2123) Compaction Phase
[465.471s][info][gc,phases      ] GC(2123) Compaction Phase 1.495ms
[465.471s][info][gc,phases,start] GC(2123) Post Compact
[465.473s][info][gc,phases      ] GC(2123) Post Compact 1.876ms
[465.473s][info][gc,heap        ] GC(2123) PSYoungGen: 128K(232960K)->0K(232960K) Eden: 0K(116736K)->0K(116736K) From: 128K(116224K)->0K(116224K)
[465.473s][info][gc,heap        ] GC(2123) ParOldGen: 479023K(699392K)->5549K(699392K)
[465.473s][info][gc,metaspace   ] GC(2123) Metaspace: 16612K(16896K)->16612K(16896K) NonClass: 14281K(14400K)->14281K(14400K) Class: 2331K(2496K)->2331K(2496K)
[465.473s][info][gc             ] GC(2123) Pause Full (System.gc()) 467M->5M(910M) 10.371ms
[465.473s][info][gc,cpu         ] GC(2123) User=0.00s Sys=0.00s Real=0.02s
[466.968s][info][gc,start       ] GC(2124) Pause Young (Allocation Failure)
[466.969s][info][gc,heap        ] GC(2124) PSYoungGen: 116736K(232960K)->384K(232960K) Eden: 116736K(116736K)->0K(116736K) From: 0K(116224K)->384K(116224K)
[466.969s][info][gc,heap        ] GC(2124) ParOldGen: 5549K(699392K)->5549K(699392K)
[466.969s][info][gc,metaspace   ] GC(2124) Metaspace: 16612K(16896K)->16612K(16896K) NonClass: 14281K(14400K)->14281K(14400K) Class: 2331K(2496K)->2331K(2496K)
[466.969s][info][gc             ] GC(2124) Pause Young (Allocation Failure) 119M->5M(910M) 0.531ms
[466.969s][info][gc,cpu         ] GC(2124) User=0.00s Sys=0.00s Real=0.00s
[466.989s][info][gc,start       ] GC(2125) Pause Young (Allocation Failure)
[466.989s][info][gc,heap        ] GC(2125) PSYoungGen: 117120K(232960K)->224K(232960K) Eden: 116736K(116736K)->0K(116736K) From: 384K(116224K)->224K(116224K)
[466.989s][info][gc,heap        ] GC(2125) ParOldGen: 5549K(699392K)->5661K(699392K)
[466.989s][info][gc,metaspace   ] GC(2125) Metaspace: 16612K(16896K)->16612K(16896K) NonClass: 14281K(14400K)->14281K(14400K) Class: 2331K(2496K)->2331K(2496K)
[466.989s][info][gc             ] GC(2125) Pause Young (Allocation Failure) 119M->5M(910M) 0.501ms
[466.990s][info][gc,cpu         ] GC(2125) User=0.00s Sys=0.00s Real=0.00s
[467.008s][info][gc,start       ] GC(2126) Pause Young (Allocation Failure)
[467.009s][info][gc,heap        ] GC(2126) PSYoungGen: 116960K(232960K)->192K(232960K) Eden: 116736K(116736K)->0K(116736K) From: 224K(116224K)->192K(116224K)
[467.009s][info][gc,heap        ] GC(2126) ParOldGen: 5661K(699392K)->5701K(699392K)
[467.009s][info][gc,metaspace   ] GC(2126) Metaspace: 16612K(16896K)->16612K(16896K) NonClass: 14281K(14400K)->14281K(14400K) Class: 2331K(2496K)->2331K(2496K)
[467.009s][info][gc             ] GC(2126) Pause Young (Allocation Failure) 119M->5M(910M) 0.451ms
[467.009s][info][gc,cpu         ] GC(2126) User=0.00s Sys=0.00s Real=0.00s
[467.028s][info][gc,start       ] GC(2127) Pause Young (Allocation Failure)
[467.028s][info][gc,heap        ] GC(2127) PSYoungGen: 116928K(232960K)->256K(232960K) Eden: 116736K(116736K)->0K(116736K) From: 192K(116224K)->256K(116224K)
[467.028s][info][gc,heap        ] GC(2127) ParOldGen: 5701K(699392K)->5749K(699392K)
[467.028s][info][gc,metaspace   ] GC(2127) Metaspace: 16612K(16896K)->16612K(16896K) NonClass: 14281K(14400K)->14281K(14400K) Class: 2331K(2496K)->2331K(2496K)
[467.028s][info][gc             ] GC(2127) Pause Young (Allocation Failure) 119M->5M(910M) 0.426ms
[467.028s][info][gc,cpu         ] GC(2127) User=0.00s Sys=0.00s Real=0.00s
[467.047s][info][gc,start       ] GC(2128) Pause Young (Allocation Failure)
[467.048s][info][gc,heap        ] GC(2128) PSYoungGen: 116992K(232960K)->224K(232960K) Eden: 116736K(116736K)->0K(116736K) From: 256K(116224K)->224K(116224K)
[467.048s][info][gc,heap        ] GC(2128) ParOldGen: 5749K(699392K)->5797K(699392K)
[467.048s][info][gc,metaspace   ] GC(2128) Metaspace: 16612K(16896K)->16612K(16896K) NonClass: 14281K(14400K)->14281K(14400K) Class: 2331K(2496K)->2331K(2496K)
[467.048s][info][gc             ] GC(2128) Pause Young (Allocation Failure) 119M->5M(910M) 0.472ms
[467.048s][info][gc,cpu         ] GC(2128) User=0.00s Sys=0.00s Real=0.00s
[467.066s][info][gc,start       ] GC(2129) Pause Young (Allocation Failure)
[467.067s][info][gc,heap        ] GC(2129) PSYoungGen: 116960K(232960K)->352K(232960K) Eden: 116736K(116736K)->0K(116736K) From: 224K(116224K)->352K(116224K)
[467.067s][info][gc,heap        ] GC(2129) ParOldGen: 5797K(699392K)->5829K(699392K)
[467.067s][info][gc,metaspace   ] GC(2129) Metaspace: 16612K(16896K)->16612K(16896K) NonClass: 14281K(14400K)->14281K(14400K) Class: 2331K(2496K)->2331K(2496K)
[467.067s][info][gc             ] GC(2129) Pause Young (Allocation Failure) 119M->6M(910M) 0.410ms
[467.067s][info][gc,cpu         ] GC(2129) User=0.00s Sys=0.00s Real=0.00s
[467.087s][info][gc,start       ] GC(2130) Pause Young (Allocation Failure)
[467.088s][info][gc,heap        ] GC(2130) PSYoungGen: 117088K(232960K)->288K(232960K) Eden: 116736K(116736K)->0K(116736K) From: 352K(116224K)->288K(116224K)
[467.088s][info][gc,heap        ] GC(2130) ParOldGen: 5829K(699392K)->5901K(699392K)
[467.088s][info][gc,metaspace   ] GC(2130) Metaspace: 16612K(16896K)->16612K(16896K) NonClass: 14281K(14400K)->14281K(14400K) Class: 2331K(2496K)->2331K(2496K)
[467.088s][info][gc             ] GC(2130) Pause Young (Allocation Failure) 120M->6M(910M) 0.499ms
[467.088s][info][gc,cpu         ] GC(2130) User=0.00s Sys=0.00s Real=0.00s
[467.110s][info][gc,start       ] GC(2131) Pause Young (Allocation Failure)
[467.110s][info][gc,heap        ] GC(2131) PSYoungGen: 117024K(232960K)->224K(232960K) Eden: 116736K(116736K)->0K(116736K) From: 288K(116224K)->224K(116224K)
[467.110s][info][gc,heap        ] GC(2131) ParOldGen: 5901K(699392K)->5941K(699392K)
[467.110s][info][gc,metaspace   ] GC(2131) Metaspace: 16612K(16896K)->16612K(16896K) NonClass: 14281K(14400K)->14281K(14400K) Class: 2331K(2496K)->2331K(2496K)
[467.110s][info][gc             ] GC(2131) Pause Young (Allocation Failure) 120M->6M(910M) 0.418ms
[467.110s][info][gc,cpu         ] GC(2131) User=0.00s Sys=0.00s Real=0.00s
[467.130s][info][gc,start       ] GC(2132) Pause Young (Allocation Failure)
[467.130s][info][gc,heap        ] GC(2132) PSYoungGen: 116960K(232960K)->320K(236032K) Eden: 116736K(116736K)->0K(119808K) From: 224K(116224K)->320K(116224K)
[467.130s][info][gc,heap        ] GC(2132) ParOldGen: 5941K(699392K)->5981K(699392K)
[467.130s][info][gc,metaspace   ] GC(2132) Metaspace: 16612K(16896K)->16612K(16896K) NonClass: 14281K(14400K)->14281K(14400K) Class: 2331K(2496K)->2331K(2496K)
[467.130s][info][gc             ] GC(2132) Pause Young (Allocation Failure) 120M->6M(913M) 0.670ms
[467.130s][info][gc,cpu         ] GC(2132) User=0.00s Sys=0.00s Real=0.00s
[467.150s][info][gc,start       ] GC(2133) Pause Young (Allocation Failure)
[467.151s][info][gc,heap        ] GC(2133) PSYoungGen: 120128K(236032K)->352K(232960K) Eden: 119808K(119808K)->0K(119808K) From: 320K(116224K)->352K(113152K)
[467.151s][info][gc,heap        ] GC(2133) ParOldGen: 5981K(699392K)->5981K(699392K)
[467.151s][info][gc,metaspace   ] GC(2133) Metaspace: 16612K(16896K)->16612K(16896K) NonClass: 14281K(14400K)->14281K(14400K) Class: 2331K(2496K)->2331K(2496K)
[467.151s][info][gc             ] GC(2133) Pause Young (Allocation Failure) 123M->6M(910M) 0.493ms
[467.151s][info][gc,cpu         ] GC(2133) User=0.00s Sys=0.00s Real=0.02s
[467.171s][info][gc,start       ] GC(2134) Pause Young (Allocation Failure)
[467.172s][info][gc,heap        ] GC(2134) PSYoungGen: 120160K(232960K)->352K(249344K) Eden: 119808K(119808K)->0K(142848K) From: 352K(113152K)->352K(106496K)
[467.172s][info][gc,heap        ] GC(2134) ParOldGen: 5981K(699392K)->5981K(699392K)
[467.172s][info][gc,metaspace   ] GC(2134) Metaspace: 16612K(16896K)->16612K(16896K) NonClass: 14281K(14400K)->14281K(14400K) Class: 2331K(2496K)->2331K(2496K)
[467.172s][info][gc             ] GC(2134) Pause Young (Allocation Failure) 123M->6M(926M) 0.454ms
[467.172s][info][gc,cpu         ] GC(2134) User=0.00s Sys=0.00s Real=0.00s
[467.195s][info][gc,start       ] GC(2135) Pause Young (Allocation Failure)
[467.196s][info][gc,heap        ] GC(2135) PSYoungGen: 143200K(249344K)->352K(242688K) Eden: 142848K(142848K)->0K(142848K) From: 352K(106496K)->352K(99840K)
[467.196s][info][gc,heap        ] GC(2135) ParOldGen: 5981K(699392K)->5981K(699392K)
[467.196s][info][gc,metaspace   ] GC(2135) Metaspace: 16612K(16896K)->16612K(16896K) NonClass: 14281K(14400K)->14281K(14400K) Class: 2331K(2496K)->2331K(2496K)
[467.196s][info][gc             ] GC(2135) Pause Young (Allocation Failure) 145M->6M(920M) 0.545ms
[467.196s][info][gc,cpu         ] GC(2135) User=0.00s Sys=0.00s Real=0.00s
[467.219s][info][gc,start       ] GC(2136) Pause Young (Allocation Failure)
[467.219s][info][gc,heap        ] GC(2136) PSYoungGen: 143200K(242688K)->352K(261632K) Eden: 142848K(142848K)->0K(167936K) From: 352K(99840K)->352K(93696K)
[467.219s][info][gc,heap        ] GC(2136) ParOldGen: 5981K(699392K)->5981K(699392K)
[467.219s][info][gc,metaspace   ] GC(2136) Metaspace: 16612K(16896K)->16612K(16896K) NonClass: 14281K(14400K)->14281K(14400K) Class: 2331K(2496K)->2331K(2496K)
[467.219s][info][gc             ] GC(2136) Pause Young (Allocation Failure) 145M->6M(938M) 0.445ms
[467.219s][info][gc,cpu         ] GC(2136) User=0.00s Sys=0.00s Real=0.00s
[467.246s][info][gc,start       ] GC(2137) Pause Young (Allocation Failure)
[467.246s][info][gc,heap        ] GC(2137) PSYoungGen: 168288K(261632K)->384K(255488K) Eden: 167936K(167936K)->0K(167936K) From: 352K(93696K)->384K(87552K)
[467.246s][info][gc,heap        ] GC(2137) ParOldGen: 5981K(699392K)->5981K(699392K)
[467.246s][info][gc,metaspace   ] GC(2137) Metaspace: 16612K(16896K)->16612K(16896K) NonClass: 14281K(14400K)->14281K(14400K) Class: 2331K(2496K)->2331K(2496K)
[467.246s][info][gc             ] GC(2137) Pause Young (Allocation Failure) 170M->6M(932M) 0.455ms
[467.246s][info][gc,cpu         ] GC(2137) User=0.00s Sys=0.00s Real=0.00s
[467.273s][info][gc,start       ] GC(2138) Pause Young (Allocation Failure)
[467.274s][info][gc,heap        ] GC(2138) PSYoungGen: 168320K(255488K)->384K(272896K) Eden: 167936K(167936K)->0K(190976K) From: 384K(87552K)->384K(81920K)
[467.274s][info][gc,heap        ] GC(2138) ParOldGen: 5981K(699392K)->5981K(699392K)
[467.274s][info][gc,metaspace   ] GC(2138) Metaspace: 16612K(16896K)->16612K(16896K) NonClass: 14281K(14400K)->14281K(14400K) Class: 2331K(2496K)->2331K(2496K)
[467.274s][info][gc             ] GC(2138) Pause Young (Allocation Failure) 170M->6M(949M) 0.478ms
[467.274s][info][gc,cpu         ] GC(2138) User=0.00s Sys=0.00s Real=0.00s
[467.306s][info][gc,start       ] GC(2139) Pause Young (Allocation Failure)
[467.306s][info][gc,heap        ] GC(2139) PSYoungGen: 191360K(272896K)->384K(267264K) Eden: 190976K(190976K)->0K(190976K) From: 384K(81920K)->384K(76288K)
[467.306s][info][gc,heap        ] GC(2139) ParOldGen: 5981K(699392K)->5981K(699392K)
[467.306s][info][gc,metaspace   ] GC(2139) Metaspace: 16612K(16896K)->16612K(16896K) NonClass: 14281K(14400K)->14281K(14400K) Class: 2331K(2496K)->2331K(2496K)
[467.306s][info][gc             ] GC(2139) Pause Young (Allocation Failure) 192M->6M(944M) 0.468ms
[467.306s][info][gc,cpu         ] GC(2139) User=0.00s Sys=0.00s Real=0.00s
[467.337s][info][gc,start       ] GC(2140) Pause Young (Allocation Failure)
[467.338s][info][gc,heap        ] GC(2140) PSYoungGen: 191360K(267264K)->352K(283136K) Eden: 190976K(190976K)->0K(211968K) From: 384K(76288K)->352K(71168K)
[467.338s][info][gc,heap        ] GC(2140) ParOldGen: 5981K(699392K)->5981K(699392K)
[467.338s][info][gc,metaspace   ] GC(2140) Metaspace: 16612K(16896K)->16612K(16896K) NonClass: 14281K(14400K)->14281K(14400K) Class: 2331K(2496K)->2331K(2496K)
[467.338s][info][gc             ] GC(2140) Pause Young (Allocation Failure) 192M->6M(959M) 0.439ms
[467.338s][info][gc,cpu         ] GC(2140) User=0.00s Sys=0.00s Real=0.00s
[467.373s][info][gc,start       ] GC(2141) Pause Young (Allocation Failure)
[467.373s][info][gc,heap        ] GC(2141) PSYoungGen: 212320K(283136K)->384K(278016K) Eden: 211968K(211968K)->0K(211968K) From: 352K(71168K)->384K(66048K)
[467.373s][info][gc,heap        ] GC(2141) ParOldGen: 5981K(699392K)->5981K(699392K)
[467.373s][info][gc,metaspace   ] GC(2141) Metaspace: 16612K(16896K)->16612K(16896K) NonClass: 14281K(14400K)->14281K(14400K) Class: 2331K(2496K)->2331K(2496K)
[467.373s][info][gc             ] GC(2141) Pause Young (Allocation Failure) 213M->6M(954M) 0.424ms
[467.373s][info][gc,cpu         ] GC(2141) User=0.00s Sys=0.00s Real=0.00s
[467.408s][info][gc,start       ] GC(2142) Pause Young (Allocation Failure)
[467.408s][info][gc,heap        ] GC(2142) PSYoungGen: 212352K(278016K)->384K(291840K) Eden: 211968K(211968K)->0K(230400K) From: 384K(66048K)->384K(61440K)
[467.408s][info][gc,heap        ] GC(2142) ParOldGen: 5981K(699392K)->5981K(699392K)
[467.408s][info][gc,metaspace   ] GC(2142) Metaspace: 16612K(16896K)->16612K(16896K) NonClass: 14281K(14400K)->14281K(14400K) Class: 2331K(2496K)->2331K(2496K)
[467.408s][info][gc             ] GC(2142) Pause Young (Allocation Failure) 213M->6M(968M) 0.655ms
[467.408s][info][gc,cpu         ] GC(2142) User=0.00s Sys=0.00s Real=0.00s
[467.469s][info][gc,start       ] GC(2143) Pause Young (Allocation Failure)
[467.489s][info][gc,heap        ] GC(2143) PSYoungGen: 230784K(291840K)->47139K(278016K) Eden: 230400K(230400K)->0K(230400K) From: 384K(61440K)->47139K(47616K)
[467.489s][info][gc,heap        ] GC(2143) ParOldGen: 5981K(699392K)->5981K(699392K)
[467.489s][info][gc,metaspace   ] GC(2143) Metaspace: 16612K(16896K)->16612K(16896K) NonClass: 14281K(14400K)->14281K(14400K) Class: 2331K(2496K)->2331K(2496K)
[467.489s][info][gc             ] GC(2143) Pause Young (Allocation Failure) 231M->51M(954M) 20.016ms
[467.489s][info][gc,cpu         ] GC(2143) User=0.02s Sys=0.00s Real=0.02s
[467.647s][info][gc,start       ] GC(2144) Pause Young (Allocation Failure)
[467.751s][info][gc,heap        ] GC(2144) PSYoungGen: 277539K(278016K)->67043K(183808K) Eden: 230400K(230400K)->0K(116736K) From: 47139K(47616K)->67043K(67072K)
[467.752s][info][gc,heap        ] GC(2144) ParOldGen: 5981K(699392K)->139837K(699392K)
[467.752s][info][gc,metaspace   ] GC(2144) Metaspace: 16612K(16896K)->16612K(16896K) NonClass: 14281K(14400K)->14281K(14400K) Class: 2331K(2496K)->2331K(2496K)
[467.752s][info][gc             ] GC(2144) Pause Young (Allocation Failure) 276M->202M(862M) 104.741ms
[467.752s][info][gc,cpu         ] GC(2144) User=0.53s Sys=0.00s Real=0.11s
[467.836s][info][gc,start       ] GC(2145) Pause Young (Allocation Failure)
[467.919s][info][gc,heap        ] GC(2145) PSYoungGen: 183779K(183808K)->116195K(232960K) Eden: 116736K(116736K)->0K(116736K) From: 67043K(67072K)->116195K(116224K)
[467.919s][info][gc,heap        ] GC(2145) ParOldGen: 139837K(699392K)->171405K(699392K)
[467.919s][info][gc,metaspace   ] GC(2145) Metaspace: 16612K(16896K)->16612K(16896K) NonClass: 14281K(14400K)->14281K(14400K) Class: 2331K(2496K)->2331K(2496K)
[467.919s][info][gc             ] GC(2145) Pause Young (Allocation Failure) 316M->280M(910M) 82.674ms
[467.919s][info][gc,cpu         ] GC(2145) User=0.44s Sys=0.00s Real=0.08s
[468.008s][info][gc,start       ] GC(2146) Pause Young (Allocation Failure)
[468.109s][info][gc,heap        ] GC(2146) PSYoungGen: 232931K(232960K)->116195K(232960K) Eden: 116736K(116736K)->0K(116736K) From: 116195K(116224K)->116195K(116224K)
[468.109s][info][gc,heap        ] GC(2146) ParOldGen: 171405K(699392K)->252117K(699392K)
[468.109s][info][gc,metaspace   ] GC(2146) Metaspace: 16612K(16896K)->16612K(16896K) NonClass: 14281K(14400K)->14281K(14400K) Class: 2331K(2496K)->2331K(2496K)
[468.109s][info][gc             ] GC(2146) Pause Young (Allocation Failure) 394M->359M(910M) 100.749ms
[468.109s][info][gc,cpu         ] GC(2146) User=0.58s Sys=0.00s Real=0.11s
[468.187s][info][gc,start       ] GC(2147) Pause Young (Allocation Failure)
[468.290s][info][gc,heap        ] GC(2147) PSYoungGen: 232931K(232960K)->116210K(232960K) Eden: 116736K(116736K)->0K(116736K) From: 116195K(116224K)->116210K(116224K)
[468.290s][info][gc,heap        ] GC(2147) ParOldGen: 252117K(699392K)->331709K(699392K)
[468.290s][info][gc,metaspace   ] GC(2147) Metaspace: 16612K(16896K)->16612K(16896K) NonClass: 14281K(14400K)->14281K(14400K) Class: 2331K(2496K)->2331K(2496K)
[468.290s][info][gc             ] GC(2147) Pause Young (Allocation Failure) 473M->437M(910M) 103.285ms
[468.290s][info][gc,cpu         ] GC(2147) User=0.50s Sys=0.00s Real=0.10s
[471.164s][info][gc,start       ] GC(2148) Pause Young (Allocation Failure)
[471.247s][info][gc,heap        ] GC(2148) PSYoungGen: 232946K(232960K)->116195K(232960K) Eden: 116736K(116736K)->0K(116736K) From: 116210K(116224K)->116195K(116224K)
[471.247s][info][gc,heap        ] GC(2148) ParOldGen: 331709K(699392K)->341285K(699392K)
[471.247s][info][gc,metaspace   ] GC(2148) Metaspace: 16612K(16896K)->16612K(16896K) NonClass: 14281K(14400K)->14281K(14400K) Class: 2331K(2496K)->2331K(2496K)
[471.247s][info][gc             ] GC(2148) Pause Young (Allocation Failure) 551M->446M(910M) 83.233ms
[471.247s][info][gc,cpu         ] GC(2148) User=0.30s Sys=0.00s Real=0.09s
[471.301s][info][gc,start       ] GC(2149) Pause Young (Allocation Failure)
[471.390s][info][gc,heap        ] GC(2149) PSYoungGen: 232931K(232960K)->116224K(232960K) Eden: 116736K(116736K)->0K(116736K) From: 116195K(116224K)->116224K(116224K)
[471.390s][info][gc,heap        ] GC(2149) ParOldGen: 341285K(699392K)->392409K(699392K)
[471.390s][info][gc,metaspace   ] GC(2149) Metaspace: 16612K(16896K)->16612K(16896K) NonClass: 14281K(14400K)->14281K(14400K) Class: 2331K(2496K)->2331K(2496K)
[471.390s][info][gc             ] GC(2149) Pause Young (Allocation Failure) 560M->496M(910M) 88.751ms
[471.390s][info][gc,cpu         ] GC(2149) User=0.50s Sys=0.00s Real=0.09s
[471.447s][info][gc,start       ] GC(2150) Pause Young (Allocation Failure)
[471.517s][info][gc,heap        ] GC(2150) PSYoungGen: 232960K(232960K)->116224K(232960K) Eden: 116736K(116736K)->0K(116736K) From: 116224K(116224K)->116224K(116224K)
[471.517s][info][gc,heap        ] GC(2150) ParOldGen: 392409K(699392K)->442673K(699392K)
[471.517s][info][gc,metaspace   ] GC(2150) Metaspace: 16612K(16896K)->16612K(16896K) NonClass: 14281K(14400K)->14281K(14400K) Class: 2331K(2496K)->2331K(2496K)
[471.517s][info][gc             ] GC(2150) Pause Young (Allocation Failure) 610M->545M(910M) 70.475ms
[471.517s][info][gc,cpu         ] GC(2150) User=0.36s Sys=0.00s Real=0.08s
[471.576s][info][gc,start       ] GC(2151) Pause Young (Allocation Failure)
[471.654s][info][gc,heap        ] GC(2151) PSYoungGen: 232960K(232960K)->112928K(232960K) Eden: 116736K(116736K)->0K(116736K) From: 116224K(116224K)->112928K(116224K)
[471.655s][info][gc,heap        ] GC(2151) ParOldGen: 442673K(699392K)->496169K(699392K)
[471.655s][info][gc,metaspace   ] GC(2151) Metaspace: 16612K(16896K)->16612K(16896K) NonClass: 14281K(14400K)->14281K(14400K) Class: 2331K(2496K)->2331K(2496K)
[471.655s][info][gc             ] GC(2151) Pause Young (Allocation Failure) 659M->594M(910M) 78.544ms
[471.655s][info][gc,cpu         ] GC(2151) User=0.33s Sys=0.00s Real=0.08s
[471.713s][info][gc,start       ] GC(2152) Pause Young (Allocation Failure)
[471.788s][info][gc,heap        ] GC(2152) PSYoungGen: 229664K(232960K)->116224K(232960K) Eden: 116736K(116736K)->0K(116736K) From: 112928K(116224K)->116224K(116224K)
[471.788s][info][gc,heap        ] GC(2152) ParOldGen: 496169K(699392K)->541209K(699392K)
[471.788s][info][gc,metaspace   ] GC(2152) Metaspace: 16612K(16896K)->16612K(16896K) NonClass: 14281K(14400K)->14281K(14400K) Class: 2331K(2496K)->2331K(2496K)
[471.788s][info][gc             ] GC(2152) Pause Young (Allocation Failure) 708M->642M(910M) 74.634ms
[471.788s][info][gc,cpu         ] GC(2152) User=0.33s Sys=0.00s Real=0.08s
[471.848s][info][gc,start       ] GC(2153) Pause Young (Allocation Failure)
[471.921s][info][gc,heap        ] GC(2153) PSYoungGen: 232960K(232960K)->88608K(232960K) Eden: 116736K(116736K)->0K(116736K) From: 116224K(116224K)->88608K(116224K)
[471.922s][info][gc,heap        ] GC(2153) ParOldGen: 541209K(699392K)->618401K(699392K)
[471.922s][info][gc,metaspace   ] GC(2153) Metaspace: 16612K(16896K)->16612K(16896K) NonClass: 14281K(14400K)->14281K(14400K) Class: 2331K(2496K)->2331K(2496K)
[471.922s][info][gc             ] GC(2153) Pause Young (Allocation Failure) 756M->690M(910M) 73.802ms
[471.922s][info][gc,cpu         ] GC(2153) User=0.31s Sys=0.00s Real=0.07s
[471.982s][info][gc,start       ] GC(2154) Pause Full (Ergonomics)
[471.982s][info][gc,phases,start] GC(2154) Marking Phase
[472.063s][info][gc,phases      ] GC(2154) Marking Phase 81.334ms
[472.063s][info][gc,phases,start] GC(2154) Summary Phase
[472.063s][info][gc,phases      ] GC(2154) Summary Phase 0.021ms
[472.063s][info][gc,phases,start] GC(2154) Adjust Roots
[472.065s][info][gc,phases      ] GC(2154) Adjust Roots 2.012ms
[472.065s][info][gc,phases,start] GC(2154) Compaction Phase
[472.224s][info][gc,phases      ] GC(2154) Compaction Phase 158.905ms
[472.224s][info][gc,phases,start] GC(2154) Post Compact
[472.226s][info][gc,phases      ] GC(2154) Post Compact 1.668ms
[472.226s][info][gc,heap        ] GC(2154) PSYoungGen: 205344K(232960K)->0K(232960K) Eden: 116736K(116736K)->0K(116736K) From: 88608K(116224K)->0K(116224K)
[472.226s][info][gc,heap        ] GC(2154) ParOldGen: 618401K(699392K)->308504K(699392K)
[472.226s][info][gc,metaspace   ] GC(2154) Metaspace: 16612K(16896K)->16612K(16896K) NonClass: 14281K(14400K)->14281K(14400K) Class: 2331K(2496K)->2331K(2496K)
[472.226s][info][gc             ] GC(2154) Pause Full (Ergonomics) 804M->301M(910M) 244.245ms
[472.226s][info][gc,cpu         ] GC(2154) User=1.34s Sys=0.00s Real=0.25s
[472.285s][info][gc,start       ] GC(2155) Pause Young (Allocation Failure)
[472.311s][info][gc,heap        ] GC(2155) PSYoungGen: 116736K(232960K)->50944K(232960K) Eden: 116736K(116736K)->0K(116736K) From: 0K(116224K)->50944K(116224K)
[472.311s][info][gc,heap        ] GC(2155) ParOldGen: 308504K(699392K)->308504K(699392K)
[472.311s][info][gc,metaspace   ] GC(2155) Metaspace: 16612K(16896K)->16612K(16896K) NonClass: 14281K(14400K)->14281K(14400K) Class: 2331K(2496K)->2331K(2496K)
[472.311s][info][gc             ] GC(2155) Pause Young (Allocation Failure) 415M->351M(910M) 26.510ms
[472.311s][info][gc,cpu         ] GC(2155) User=0.06s Sys=0.00s Real=0.02s
[472.385s][info][gc,start       ] GC(2156) Pause Young (Allocation Failure)
[472.433s][info][gc,heap        ] GC(2156) PSYoungGen: 167680K(232960K)->51040K(232960K) Eden: 116736K(116736K)->0K(116736K) From: 50944K(116224K)->51040K(116224K)
[472.433s][info][gc,heap        ] GC(2156) ParOldGen: 308504K(699392K)->356520K(699392K)
[472.433s][info][gc,metaspace   ] GC(2156) Metaspace: 16612K(16896K)->16612K(16896K) NonClass: 14281K(14400K)->14281K(14400K) Class: 2331K(2496K)->2331K(2496K)
[472.433s][info][gc             ] GC(2156) Pause Young (Allocation Failure) 465M->398M(910M) 48.137ms
[472.433s][info][gc,cpu         ] GC(2156) User=0.11s Sys=0.00s Real=0.04s
[472.539s][info][gc,start       ] GC(2157) Pause Young (Allocation Failure)
[472.622s][info][gc,heap        ] GC(2157) PSYoungGen: 167471K(232960K)->83722K(232960K) Eden: 116431K(116736K)->0K(116736K) From: 51040K(116224K)->83722K(116224K)
[472.622s][info][gc,heap        ] GC(2157) ParOldGen: 356520K(699392K)->405240K(699392K)
[472.622s][info][gc,metaspace   ] GC(2157) Metaspace: 16612K(16896K)->16612K(16896K) NonClass: 14281K(14400K)->14281K(14400K) Class: 2331K(2496K)->2331K(2496K)
[472.622s][info][gc             ] GC(2157) Pause Young (Allocation Failure) 511M->477M(910M) 83.503ms
[472.622s][info][gc,cpu         ] GC(2157) User=0.47s Sys=0.00s Real=0.08s
[472.957s][info][gc,start       ] GC(2158) Pause Young (Allocation Failure)
[473.030s][info][gc,heap        ] GC(2158) PSYoungGen: 200458K(232960K)->6208K(232960K) Eden: 116736K(116736K)->0K(116736K) From: 83722K(116224K)->6208K(116224K)
[473.030s][info][gc,heap        ] GC(2158) ParOldGen: 405240K(699392K)->476032K(699392K)
[473.030s][info][gc,metaspace   ] GC(2158) Metaspace: 16612K(16896K)->16612K(16896K) NonClass: 14281K(14400K)->14281K(14400K) Class: 2331K(2496K)->2331K(2496K)
[473.030s][info][gc             ] GC(2158) Pause Young (Allocation Failure) 591M->470M(910M) 72.822ms
[473.030s][info][gc,cpu         ] GC(2158) User=0.23s Sys=0.00s Real=0.06s
[473.191s][info][gc,start       ] GC(2159) Pause Young (Allocation Failure)
[473.195s][info][gc,heap        ] GC(2159) PSYoungGen: 122944K(232960K)->3552K(232960K) Eden: 116736K(116736K)->0K(116736K) From: 6208K(116224K)->3552K(116224K)
[473.195s][info][gc,heap        ] GC(2159) ParOldGen: 476032K(699392K)->478664K(699392K)
[473.195s][info][gc,metaspace   ] GC(2159) Metaspace: 16612K(16896K)->16612K(16896K) NonClass: 14281K(14400K)->14281K(14400K) Class: 2331K(2496K)->2331K(2496K)
[473.195s][info][gc             ] GC(2159) Pause Young (Allocation Failure) 584M->470M(910M) 3.954ms
[473.195s][info][gc,cpu         ] GC(2159) User=0.00s Sys=0.00s Real=0.02s
[473.333s][info][gc,start       ] GC(2160) Pause Young (Allocation Failure)
[473.336s][info][gc,heap        ] GC(2160) PSYoungGen: 120288K(232960K)->2816K(232960K) Eden: 116736K(116736K)->0K(116736K) From: 3552K(116224K)->2816K(116224K)
[473.336s][info][gc,heap        ] GC(2160) ParOldGen: 478664K(699392K)->478888K(699392K)
[473.336s][info][gc,metaspace   ] GC(2160) Metaspace: 16612K(16896K)->16612K(16896K) NonClass: 14281K(14400K)->14281K(14400K) Class: 2331K(2496K)->2331K(2496K)
[473.336s][info][gc             ] GC(2160) Pause Young (Allocation Failure) 584M->470M(910M) 2.877ms
[473.336s][info][gc,cpu         ] GC(2160) User=0.02s Sys=0.00s Real=0.02s
[473.466s][info][gc,start       ] GC(2161) Pause Young (Allocation Failure)
[473.468s][info][gc,heap        ] GC(2161) PSYoungGen: 119552K(232960K)->1856K(232960K) Eden: 116736K(116736K)->0K(116736K) From: 2816K(116224K)->1856K(116224K)
[473.468s][info][gc,heap        ] GC(2161) ParOldGen: 478888K(699392K)->478952K(699392K)
[473.468s][info][gc,metaspace   ] GC(2161) Metaspace: 16612K(16896K)->16612K(16896K) NonClass: 14281K(14400K)->14281K(14400K) Class: 2331K(2496K)->2331K(2496K)
[473.468s][info][gc             ] GC(2161) Pause Young (Allocation Failure) 584M->469M(910M) 2.077ms
[473.468s][info][gc,cpu         ] GC(2161) User=0.00s Sys=0.00s Real=0.00s
[473.989s][info][gc,start       ] GC(2162) Pause Young (Allocation Failure)
[473.990s][info][gc,heap        ] GC(2162) PSYoungGen: 118592K(232960K)->2176K(232960K) Eden: 116736K(116736K)->0K(116736K) From: 1856K(116224K)->2176K(116224K)
[473.990s][info][gc,heap        ] GC(2162) ParOldGen: 478952K(699392K)->478952K(699392K)
[473.990s][info][gc,metaspace   ] GC(2162) Metaspace: 16612K(16896K)->16612K(16896K) NonClass: 14281K(14400K)->14281K(14400K) Class: 2331K(2496K)->2331K(2496K)
[473.990s][info][gc             ] GC(2162) Pause Young (Allocation Failure) 583M->469M(910M) 1.606ms
[473.990s][info][gc,cpu         ] GC(2162) User=0.00s Sys=0.00s Real=0.00s
[474.254s][info][gc,start       ] GC(2163) Pause Young (System.gc())
[474.255s][info][gc,heap        ] GC(2163) PSYoungGen: 41428K(232960K)->96K(232960K) Eden: 39252K(116736K)->0K(116736K) From: 2176K(116224K)->96K(116224K)
[474.255s][info][gc,heap        ] GC(2163) ParOldGen: 478952K(699392K)->478976K(699392K)
[474.255s][info][gc,metaspace   ] GC(2163) Metaspace: 16612K(16896K)->16612K(16896K) NonClass: 14281K(14400K)->14281K(14400K) Class: 2331K(2496K)->2331K(2496K)
[474.255s][info][gc             ] GC(2163) Pause Young (System.gc()) 508M->467M(910M) 1.115ms
[474.255s][info][gc,cpu         ] GC(2163) User=0.00s Sys=0.00s Real=0.00s
[474.255s][info][gc,start       ] GC(2164) Pause Full (System.gc())
[474.255s][info][gc,phases,start] GC(2164) Marking Phase
[474.260s][info][gc,phases      ] GC(2164) Marking Phase 4.774ms
[474.260s][info][gc,phases,start] GC(2164) Summary Phase
[474.260s][info][gc,phases      ] GC(2164) Summary Phase 0.011ms
[474.260s][info][gc,phases,start] GC(2164) Adjust Roots
[474.263s][info][gc,phases      ] GC(2164) Adjust Roots 2.238ms
[474.263s][info][gc,phases,start] GC(2164) Compaction Phase
[474.264s][info][gc,phases      ] GC(2164) Compaction Phase 1.423ms
[474.264s][info][gc,phases,start] GC(2164) Post Compact
[474.266s][info][gc,phases      ] GC(2164) Post Compact 1.743ms
[474.266s][info][gc,heap        ] GC(2164) PSYoungGen: 96K(232960K)->0K(232960K) Eden: 0K(116736K)->0K(116736K) From: 96K(116224K)->0K(116224K)
[474.266s][info][gc,heap        ] GC(2164) ParOldGen: 478976K(699392K)->5551K(699392K)
[474.266s][info][gc,metaspace   ] GC(2164) Metaspace: 16612K(16896K)->16612K(16896K) NonClass: 14281K(14400K)->14281K(14400K) Class: 2331K(2496K)->2331K(2496K)
[474.266s][info][gc             ] GC(2164) Pause Full (System.gc()) 467M->5M(910M) 10.462ms
[474.266s][info][gc,cpu         ] GC(2164) User=0.00s Sys=0.00s Real=0.02s
[475.604s][info][gc,start       ] GC(2165) Pause Young (Allocation Failure)
[475.605s][info][gc,heap        ] GC(2165) PSYoungGen: 116736K(232960K)->384K(232960K) Eden: 116736K(116736K)->0K(116736K) From: 0K(116224K)->384K(116224K)
[475.605s][info][gc,heap        ] GC(2165) ParOldGen: 5551K(699392K)->5551K(699392K)
[475.605s][info][gc,metaspace   ] GC(2165) Metaspace: 16612K(16896K)->16612K(16896K) NonClass: 14281K(14400K)->14281K(14400K) Class: 2331K(2496K)->2331K(2496K)
[475.605s][info][gc             ] GC(2165) Pause Young (Allocation Failure) 119M->5M(910M) 0.683ms
[475.605s][info][gc,cpu         ] GC(2165) User=0.00s Sys=0.00s Real=0.00s
[475.624s][info][gc,start       ] GC(2166) Pause Young (Allocation Failure)
[475.625s][info][gc,heap        ] GC(2166) PSYoungGen: 117120K(232960K)->288K(232960K) Eden: 116736K(116736K)->0K(116736K) From: 384K(116224K)->288K(116224K)
[475.625s][info][gc,heap        ] GC(2166) ParOldGen: 5551K(699392K)->5655K(699392K)
[475.625s][info][gc,metaspace   ] GC(2166) Metaspace: 16612K(16896K)->16612K(16896K) NonClass: 14281K(14400K)->14281K(14400K) Class: 2331K(2496K)->2331K(2496K)
[475.625s][info][gc             ] GC(2166) Pause Young (Allocation Failure) 119M->5M(910M) 0.662ms
[475.625s][info][gc,cpu         ] GC(2166) User=0.00s Sys=0.00s Real=0.00s
[475.647s][info][gc,start       ] GC(2167) Pause Young (Allocation Failure)
[475.647s][info][gc,heap        ] GC(2167) PSYoungGen: 117024K(232960K)->288K(232960K) Eden: 116736K(116736K)->0K(116736K) From: 288K(116224K)->288K(116224K)
[475.648s][info][gc,heap        ] GC(2167) ParOldGen: 5655K(699392K)->5695K(699392K)
[475.648s][info][gc,metaspace   ] GC(2167) Metaspace: 16612K(16896K)->16612K(16896K) NonClass: 14281K(14400K)->14281K(14400K) Class: 2331K(2496K)->2331K(2496K)
[475.648s][info][gc             ] GC(2167) Pause Young (Allocation Failure) 119M->5M(910M) 0.475ms
[475.648s][info][gc,cpu         ] GC(2167) User=0.00s Sys=0.00s Real=0.00s
[475.667s][info][gc,start       ] GC(2168) Pause Young (Allocation Failure)
[475.667s][info][gc,heap        ] GC(2168) PSYoungGen: 117024K(232960K)->288K(232960K) Eden: 116736K(116736K)->0K(116736K) From: 288K(116224K)->288K(116224K)
[475.667s][info][gc,heap        ] GC(2168) ParOldGen: 5695K(699392K)->5735K(699392K)
[475.667s][info][gc,metaspace   ] GC(2168) Metaspace: 16612K(16896K)->16612K(16896K) NonClass: 14281K(14400K)->14281K(14400K) Class: 2331K(2496K)->2331K(2496K)
[475.667s][info][gc             ] GC(2168) Pause Young (Allocation Failure) 119M->5M(910M) 0.476ms
[475.667s][info][gc,cpu         ] GC(2168) User=0.00s Sys=0.00s Real=0.00s
[475.687s][info][gc,start       ] GC(2169) Pause Young (Allocation Failure)
[475.687s][info][gc,heap        ] GC(2169) PSYoungGen: 117024K(232960K)->256K(232960K) Eden: 116736K(116736K)->0K(116736K) From: 288K(116224K)->256K(116224K)
[475.687s][info][gc,heap        ] GC(2169) ParOldGen: 5735K(699392K)->5791K(699392K)
[475.687s][info][gc,metaspace   ] GC(2169) Metaspace: 16612K(16896K)->16612K(16896K) NonClass: 14281K(14400K)->14281K(14400K) Class: 2331K(2496K)->2331K(2496K)
[475.687s][info][gc             ] GC(2169) Pause Young (Allocation Failure) 119M->5M(910M) 0.467ms
[475.687s][info][gc,cpu         ] GC(2169) User=0.00s Sys=0.00s Real=0.00s
[475.708s][info][gc,start       ] GC(2170) Pause Young (Allocation Failure)
[475.708s][info][gc,heap        ] GC(2170) PSYoungGen: 116992K(232960K)->320K(232960K) Eden: 116736K(116736K)->0K(116736K) From: 256K(116224K)->320K(116224K)
[475.708s][info][gc,heap        ] GC(2170) ParOldGen: 5791K(699392K)->5815K(699392K)
[475.708s][info][gc,metaspace   ] GC(2170) Metaspace: 16612K(16896K)->16612K(16896K) NonClass: 14281K(14400K)->14281K(14400K) Class: 2331K(2496K)->2331K(2496K)
[475.708s][info][gc             ] GC(2170) Pause Young (Allocation Failure) 119M->5M(910M) 0.419ms
[475.708s][info][gc,cpu         ] GC(2170) User=0.00s Sys=0.00s Real=0.00s
[475.728s][info][gc,start       ] GC(2171) Pause Young (Allocation Failure)
[475.729s][info][gc,heap        ] GC(2171) PSYoungGen: 117056K(232960K)->192K(232960K) Eden: 116736K(116736K)->0K(116736K) From: 320K(116224K)->192K(116224K)
[475.729s][info][gc,heap        ] GC(2171) ParOldGen: 5815K(699392K)->5863K(699392K)
[475.729s][info][gc,metaspace   ] GC(2171) Metaspace: 16612K(16896K)->16612K(16896K) NonClass: 14281K(14400K)->14281K(14400K) Class: 2331K(2496K)->2331K(2496K)
[475.729s][info][gc             ] GC(2171) Pause Young (Allocation Failure) 119M->5M(910M) 0.408ms
[475.729s][info][gc,cpu         ] GC(2171) User=0.00s Sys=0.00s Real=0.00s
[475.749s][info][gc,start       ] GC(2172) Pause Young (Allocation Failure)
[475.749s][info][gc,heap        ] GC(2172) PSYoungGen: 116928K(232960K)->192K(232960K) Eden: 116736K(116736K)->0K(116736K) From: 192K(116224K)->192K(116224K)
[475.749s][info][gc,heap        ] GC(2172) ParOldGen: 5863K(699392K)->5911K(699392K)
[475.749s][info][gc,metaspace   ] GC(2172) Metaspace: 16612K(16896K)->16612K(16896K) NonClass: 14281K(14400K)->14281K(14400K) Class: 2331K(2496K)->2331K(2496K)
[475.749s][info][gc             ] GC(2172) Pause Young (Allocation Failure) 119M->5M(910M) 0.451ms
[475.749s][info][gc,cpu         ] GC(2172) User=0.00s Sys=0.00s Real=0.00s
[475.769s][info][gc,start       ] GC(2173) Pause Young (Allocation Failure)
[475.769s][info][gc,heap        ] GC(2173) PSYoungGen: 116928K(232960K)->288K(232960K) Eden: 116736K(116736K)->0K(116736K) From: 192K(116224K)->288K(116224K)
[475.769s][info][gc,heap        ] GC(2173) ParOldGen: 5911K(699392K)->5951K(699392K)
[475.769s][info][gc,metaspace   ] GC(2173) Metaspace: 16612K(16896K)->16612K(16896K) NonClass: 14281K(14400K)->14281K(14400K) Class: 2331K(2496K)->2331K(2496K)
[475.769s][info][gc             ] GC(2173) Pause Young (Allocation Failure) 119M->6M(910M) 0.403ms
[475.769s][info][gc,cpu         ] GC(2173) User=0.00s Sys=0.00s Real=0.00s
[475.788s][info][gc,start       ] GC(2174) Pause Young (Allocation Failure)
[475.788s][info][gc,heap        ] GC(2174) PSYoungGen: 117024K(232960K)->320K(232960K) Eden: 116736K(116736K)->0K(116736K) From: 288K(116224K)->320K(116224K)
[475.788s][info][gc,heap        ] GC(2174) ParOldGen: 5951K(699392K)->6015K(699392K)
[475.788s][info][gc,metaspace   ] GC(2174) Metaspace: 16612K(16896K)->16612K(16896K) NonClass: 14281K(14400K)->14281K(14400K) Class: 2331K(2496K)->2331K(2496K)
[475.788s][info][gc             ] GC(2174) Pause Young (Allocation Failure) 120M->6M(910M) 0.554ms
[475.788s][info][gc,cpu         ] GC(2174) User=0.00s Sys=0.00s Real=0.00s
[475.808s][info][gc,start       ] GC(2175) Pause Young (Allocation Failure)
[475.809s][info][gc,heap        ] GC(2175) PSYoungGen: 117056K(232960K)->256K(232960K) Eden: 116736K(116736K)->0K(116736K) From: 320K(116224K)->256K(116224K)
[475.809s][info][gc,heap        ] GC(2175) ParOldGen: 6015K(699392K)->6071K(699392K)
[475.809s][info][gc,metaspace   ] GC(2175) Metaspace: 16612K(16896K)->16612K(16896K) NonClass: 14281K(14400K)->14281K(14400K) Class: 2331K(2496K)->2331K(2496K)
[475.809s][info][gc             ] GC(2175) Pause Young (Allocation Failure) 120M->6M(910M) 0.408ms
[475.809s][info][gc,cpu         ] GC(2175) User=0.00s Sys=0.00s Real=0.00s
[475.828s][info][gc,start       ] GC(2176) Pause Young (Allocation Failure)
[475.828s][info][gc,heap        ] GC(2176) PSYoungGen: 116992K(232960K)->288K(232960K) Eden: 116736K(116736K)->0K(116736K) From: 256K(116224K)->288K(116224K)
[475.828s][info][gc,heap        ] GC(2176) ParOldGen: 6071K(699392K)->6071K(699392K)
[475.828s][info][gc,metaspace   ] GC(2176) Metaspace: 16612K(16896K)->16612K(16896K) NonClass: 14281K(14400K)->14281K(14400K) Class: 2331K(2496K)->2331K(2496K)
[475.828s][info][gc             ] GC(2176) Pause Young (Allocation Failure) 120M->6M(910M) 0.404ms
[475.828s][info][gc,cpu         ] GC(2176) User=0.00s Sys=0.00s Real=0.00s
[475.847s][info][gc,start       ] GC(2177) Pause Young (Allocation Failure)
[475.847s][info][gc,heap        ] GC(2177) PSYoungGen: 117024K(232960K)->224K(247296K) Eden: 116736K(116736K)->0K(138240K) From: 288K(116224K)->224K(109056K)
[475.847s][info][gc,heap        ] GC(2177) ParOldGen: 6071K(699392K)->6071K(699392K)
[475.847s][info][gc,metaspace   ] GC(2177) Metaspace: 16612K(16896K)->16612K(16896K) NonClass: 14281K(14400K)->14281K(14400K) Class: 2331K(2496K)->2331K(2496K)
[475.847s][info][gc             ] GC(2177) Pause Young (Allocation Failure) 120M->6M(924M) 0.403ms
[475.847s][info][gc,cpu         ] GC(2177) User=0.00s Sys=0.00s Real=0.00s
[475.869s][info][gc,start       ] GC(2178) Pause Young (Allocation Failure)
[475.870s][info][gc,heap        ] GC(2178) PSYoungGen: 138464K(247296K)->352K(240128K) Eden: 138240K(138240K)->0K(138240K) From: 224K(109056K)->352K(101888K)
[475.870s][info][gc,heap        ] GC(2178) ParOldGen: 6071K(699392K)->6071K(699392K)
[475.870s][info][gc,metaspace   ] GC(2178) Metaspace: 16612K(16896K)->16612K(16896K) NonClass: 14281K(14400K)->14281K(14400K) Class: 2331K(2496K)->2331K(2496K)
[475.870s][info][gc             ] GC(2178) Pause Young (Allocation Failure) 141M->6M(917M) 0.470ms
[475.870s][info][gc,cpu         ] GC(2178) User=0.00s Sys=0.00s Real=0.00s
[475.891s][info][gc,start       ] GC(2179) Pause Young (Allocation Failure)
[475.892s][info][gc,heap        ] GC(2179) PSYoungGen: 138592K(240128K)->320K(260608K) Eden: 138240K(138240K)->0K(165376K) From: 352K(101888K)->320K(95232K)
[475.892s][info][gc,heap        ] GC(2179) ParOldGen: 6071K(699392K)->6071K(699392K)
[475.892s][info][gc,metaspace   ] GC(2179) Metaspace: 16612K(16896K)->16612K(16896K) NonClass: 14281K(14400K)->14281K(14400K) Class: 2331K(2496K)->2331K(2496K)
[475.892s][info][gc             ] GC(2179) Pause Young (Allocation Failure) 141M->6M(937M) 0.565ms
[475.892s][info][gc,cpu         ] GC(2179) User=0.02s Sys=0.00s Real=0.01s
[475.917s][info][gc,start       ] GC(2180) Pause Young (Allocation Failure)
[475.917s][info][gc,heap        ] GC(2180) PSYoungGen: 165696K(260608K)->352K(253952K) Eden: 165376K(165376K)->0K(165376K) From: 320K(95232K)->352K(88576K)
[475.917s][info][gc,heap        ] GC(2180) ParOldGen: 6071K(699392K)->6071K(699392K)
[475.917s][info][gc,metaspace   ] GC(2180) Metaspace: 16612K(16896K)->16612K(16896K) NonClass: 14281K(14400K)->14281K(14400K) Class: 2331K(2496K)->2331K(2496K)
[475.917s][info][gc             ] GC(2180) Pause Young (Allocation Failure) 167M->6M(931M) 0.510ms
[475.917s][info][gc,cpu         ] GC(2180) User=0.00s Sys=0.00s Real=0.00s
[475.943s][info][gc,start       ] GC(2181) Pause Young (Allocation Failure)
[475.943s][info][gc,heap        ] GC(2181) PSYoungGen: 165728K(253952K)->352K(272384K) Eden: 165376K(165376K)->0K(189952K) From: 352K(88576K)->352K(82432K)
[475.944s][info][gc,heap        ] GC(2181) ParOldGen: 6071K(699392K)->6071K(699392K)
[475.944s][info][gc,metaspace   ] GC(2181) Metaspace: 16612K(16896K)->16612K(16896K) NonClass: 14281K(14400K)->14281K(14400K) Class: 2331K(2496K)->2331K(2496K)
[475.944s][info][gc             ] GC(2181) Pause Young (Allocation Failure) 167M->6M(949M) 0.462ms
[475.944s][info][gc,cpu         ] GC(2181) User=0.00s Sys=0.00s Real=0.00s
[475.972s][info][gc,start       ] GC(2182) Pause Young (Allocation Failure)
[475.973s][info][gc,heap        ] GC(2182) PSYoungGen: 190304K(272384K)->320K(266752K) Eden: 189952K(189952K)->0K(189952K) From: 352K(82432K)->320K(76800K)
[475.973s][info][gc,heap        ] GC(2182) ParOldGen: 6071K(699392K)->6071K(699392K)
[475.973s][info][gc,metaspace   ] GC(2182) Metaspace: 16612K(16896K)->16612K(16896K) NonClass: 14281K(14400K)->14281K(14400K) Class: 2331K(2496K)->2331K(2496K)
[475.973s][info][gc             ] GC(2182) Pause Young (Allocation Failure) 191M->6M(943M) 0.435ms
[475.973s][info][gc,cpu         ] GC(2182) User=0.00s Sys=0.00s Real=0.00s
[476.003s][info][gc,start       ] GC(2183) Pause Young (Allocation Failure)
[476.004s][info][gc,heap        ] GC(2183) PSYoungGen: 190272K(266752K)->352K(283136K) Eden: 189952K(189952K)->0K(211968K) From: 320K(76800K)->352K(71168K)
[476.004s][info][gc,heap        ] GC(2183) ParOldGen: 6071K(699392K)->6071K(699392K)
[476.004s][info][gc,metaspace   ] GC(2183) Metaspace: 16612K(16896K)->16612K(16896K) NonClass: 14281K(14400K)->14281K(14400K) Class: 2331K(2496K)->2331K(2496K)
[476.004s][info][gc             ] GC(2183) Pause Young (Allocation Failure) 191M->6M(959M) 0.467ms
[476.004s][info][gc,cpu         ] GC(2183) User=0.00s Sys=0.00s Real=0.00s
[476.040s][info][gc,start       ] GC(2184) Pause Young (Allocation Failure)
[476.040s][info][gc,heap        ] GC(2184) PSYoungGen: 212320K(283136K)->384K(278016K) Eden: 211968K(211968K)->0K(211968K) From: 352K(71168K)->384K(66048K)
[476.040s][info][gc,heap        ] GC(2184) ParOldGen: 6071K(699392K)->6071K(699392K)
[476.040s][info][gc,metaspace   ] GC(2184) Metaspace: 16612K(16896K)->16612K(16896K) NonClass: 14281K(14400K)->14281K(14400K) Class: 2331K(2496K)->2331K(2496K)
[476.040s][info][gc             ] GC(2184) Pause Young (Allocation Failure) 213M->6M(954M) 0.473ms
[476.040s][info][gc,cpu         ] GC(2184) User=0.00s Sys=0.00s Real=0.00s
[476.084s][info][gc,start       ] GC(2185) Pause Young (Allocation Failure)
[476.095s][info][gc,heap        ] GC(2185) PSYoungGen: 212352K(278016K)->29091K(281600K) Eden: 211968K(211968K)->0K(220160K) From: 384K(66048K)->29091K(61440K)
[476.095s][info][gc,heap        ] GC(2185) ParOldGen: 6071K(699392K)->6071K(699392K)
[476.095s][info][gc,metaspace   ] GC(2185) Metaspace: 16612K(16896K)->16612K(16896K) NonClass: 14281K(14400K)->14281K(14400K) Class: 2331K(2496K)->2331K(2496K)
[476.095s][info][gc             ] GC(2185) Pause Young (Allocation Failure) 213M->34M(958M) 10.858ms
[476.095s][info][gc,cpu         ] GC(2185) User=0.00s Sys=0.00s Real=0.00s
[476.226s][info][gc,start       ] GC(2186) Pause Young (Allocation Failure)
[476.321s][info][gc,heap        ] GC(2186) PSYoungGen: 249251K(281600K)->64483K(284672K) Eden: 220160K(220160K)->0K(220160K) From: 29091K(61440K)->64483K(64512K)
[476.321s][info][gc,heap        ] GC(2186) ParOldGen: 6071K(699392K)->117359K(699392K)
[476.321s][info][gc,metaspace   ] GC(2186) Metaspace: 16612K(16896K)->16612K(16896K) NonClass: 14281K(14400K)->14281K(14400K) Class: 2331K(2496K)->2331K(2496K)
[476.321s][info][gc             ] GC(2186) Pause Young (Allocation Failure) 249M->177M(961M) 94.939ms
[476.321s][info][gc,cpu         ] GC(2186) User=0.45s Sys=0.00s Real=0.09s
[476.484s][info][gc,start       ] GC(2187) Pause Young (Allocation Failure)
[476.601s][info][gc,heap        ] GC(2187) PSYoungGen: 284643K(284672K)->64483K(181248K) Eden: 220160K(220160K)->0K(116736K) From: 64483K(64512K)->64483K(64512K)
[476.601s][info][gc,heap        ] GC(2187) ParOldGen: 117359K(699392K)->268207K(699392K)
[476.601s][info][gc,metaspace   ] GC(2187) Metaspace: 16612K(16896K)->16612K(16896K) NonClass: 14281K(14400K)->14281K(14400K) Class: 2331K(2496K)->2331K(2496K)
[476.601s][info][gc             ] GC(2187) Pause Young (Allocation Failure) 392M->324M(860M) 117.088ms
[476.601s][info][gc,cpu         ] GC(2187) User=0.69s Sys=0.00s Real=0.13s
[476.683s][info][gc,start       ] GC(2188) Pause Young (Allocation Failure)
[476.753s][info][gc,heap        ] GC(2188) PSYoungGen: 181219K(181248K)->116195K(232960K) Eden: 116736K(116736K)->0K(116736K) From: 64483K(64512K)->116195K(116224K)
[476.753s][info][gc,heap        ] GC(2188) ParOldGen: 268207K(699392K)->297559K(699392K)
[476.753s][info][gc,metaspace   ] GC(2188) Metaspace: 16612K(16896K)->16612K(16896K) NonClass: 14281K(14400K)->14281K(14400K) Class: 2331K(2496K)->2331K(2496K)
[476.753s][info][gc             ] GC(2188) Pause Young (Allocation Failure) 438M->404M(910M) 70.057ms
[476.753s][info][gc,cpu         ] GC(2188) User=0.38s Sys=0.00s Real=0.06s
[477.016s][info][gc,start       ] GC(2189) Pause Young (Allocation Failure)
[477.110s][info][gc,heap        ] GC(2189) PSYoungGen: 232931K(232960K)->116195K(232960K) Eden: 116736K(116736K)->0K(116736K) From: 116195K(116224K)->116195K(116224K)
[477.110s][info][gc,heap        ] GC(2189) ParOldGen: 297559K(699392K)->332752K(699392K)
[477.110s][info][gc,metaspace   ] GC(2189) Metaspace: 16612K(16896K)->16612K(16896K) NonClass: 14281K(14400K)->14281K(14400K) Class: 2331K(2496K)->2331K(2496K)
[477.110s][info][gc             ] GC(2189) Pause Young (Allocation Failure) 518M->438M(910M) 94.332ms
[477.110s][info][gc,cpu         ] GC(2189) User=0.45s Sys=0.00s Real=0.10s
[479.511s][info][gc,start       ] GC(2190) Pause Young (Allocation Failure)
[479.593s][info][gc,heap        ] GC(2190) PSYoungGen: 232931K(232960K)->116210K(232960K) Eden: 116736K(116736K)->0K(116736K) From: 116195K(116224K)->116210K(116224K)
[479.593s][info][gc,heap        ] GC(2190) ParOldGen: 332752K(699392K)->367704K(699392K)
[479.593s][info][gc,metaspace   ] GC(2190) Metaspace: 16612K(16896K)->16612K(16896K) NonClass: 14281K(14400K)->14281K(14400K) Class: 2331K(2496K)->2331K(2496K)
[479.593s][info][gc             ] GC(2190) Pause Young (Allocation Failure) 552M->472M(910M) 81.882ms
[479.593s][info][gc,cpu         ] GC(2190) User=0.39s Sys=0.00s Real=0.08s
[479.648s][info][gc,start       ] GC(2191) Pause Young (Allocation Failure)
[479.738s][info][gc,heap        ] GC(2191) PSYoungGen: 232946K(232960K)->116224K(232960K) Eden: 116736K(116736K)->0K(116736K) From: 116210K(116224K)->116224K(116224K)
[479.738s][info][gc,heap        ] GC(2191) ParOldGen: 367704K(699392K)->418314K(699392K)
[479.738s][info][gc,metaspace   ] GC(2191) Metaspace: 16612K(16896K)->16612K(16896K) NonClass: 14281K(14400K)->14281K(14400K) Class: 2331K(2496K)->2331K(2496K)
[479.738s][info][gc             ] GC(2191) Pause Young (Allocation Failure) 586M->522M(910M) 90.442ms
[479.738s][info][gc,cpu         ] GC(2191) User=0.45s Sys=0.00s Real=0.08s
[479.795s][info][gc,start       ] GC(2192) Pause Young (Allocation Failure)
[479.881s][info][gc,heap        ] GC(2192) PSYoungGen: 232960K(232960K)->113696K(232960K) Eden: 116736K(116736K)->0K(116736K) From: 116224K(116224K)->113696K(116224K)
[479.881s][info][gc,heap        ] GC(2192) ParOldGen: 418314K(699392K)->470826K(699392K)
[479.881s][info][gc,metaspace   ] GC(2192) Metaspace: 16612K(16896K)->16612K(16896K) NonClass: 14281K(14400K)->14281K(14400K) Class: 2331K(2496K)->2331K(2496K)
[479.881s][info][gc             ] GC(2192) Pause Young (Allocation Failure) 636M->570M(910M) 85.800ms
[479.881s][info][gc,cpu         ] GC(2192) User=0.45s Sys=0.00s Real=0.10s
[479.944s][info][gc,start       ] GC(2193) Pause Young (Allocation Failure)
[480.020s][info][gc,heap        ] GC(2193) PSYoungGen: 230432K(232960K)->116224K(232960K) Eden: 116736K(116736K)->0K(116736K) From: 113696K(116224K)->116224K(116224K)
[480.020s][info][gc,heap        ] GC(2193) ParOldGen: 470826K(699392K)->516698K(699392K)
[480.020s][info][gc,metaspace   ] GC(2193) Metaspace: 16612K(16896K)->16612K(16896K) NonClass: 14281K(14400K)->14281K(14400K) Class: 2331K(2496K)->2331K(2496K)
[480.020s][info][gc             ] GC(2193) Pause Young (Allocation Failure) 684M->618M(910M) 76.254ms
[480.021s][info][gc,cpu         ] GC(2193) User=0.34s Sys=0.00s Real=0.06s
[480.084s][info][gc,start       ] GC(2194) Pause Young (Allocation Failure)
[480.155s][info][gc,heap        ] GC(2194) PSYoungGen: 232960K(232960K)->94624K(232960K) Eden: 116736K(116736K)->0K(116736K) From: 116224K(116224K)->94624K(116224K)
[480.155s][info][gc,heap        ] GC(2194) ParOldGen: 516698K(699392K)->587818K(699392K)
[480.156s][info][gc,metaspace   ] GC(2194) Metaspace: 16612K(16896K)->16612K(16896K) NonClass: 14281K(14400K)->14281K(14400K) Class: 2331K(2496K)->2331K(2496K)
[480.156s][info][gc             ] GC(2194) Pause Young (Allocation Failure) 732M->666M(910M) 71.576ms
[480.156s][info][gc,cpu         ] GC(2194) User=0.44s Sys=0.02s Real=0.08s
[480.220s][info][gc,start       ] GC(2195) Pause Full (Ergonomics)
[480.220s][info][gc,phases,start] GC(2195) Marking Phase
[480.293s][info][gc,phases      ] GC(2195) Marking Phase 72.164ms
[480.293s][info][gc,phases,start] GC(2195) Summary Phase
[480.293s][info][gc,phases      ] GC(2195) Summary Phase 0.022ms
[480.293s][info][gc,phases,start] GC(2195) Adjust Roots
[480.294s][info][gc,phases      ] GC(2195) Adjust Roots 1.766ms
[480.294s][info][gc,phases,start] GC(2195) Compaction Phase
[480.446s][info][gc,phases      ] GC(2195) Compaction Phase 151.768ms
[480.446s][info][gc,phases,start] GC(2195) Post Compact
[480.448s][info][gc,phases      ] GC(2195) Post Compact 1.863ms
[480.448s][info][gc,heap        ] GC(2195) PSYoungGen: 211360K(232960K)->0K(232960K) Eden: 116736K(116736K)->0K(116736K) From: 94624K(116224K)->0K(116224K)
[480.448s][info][gc,heap        ] GC(2195) ParOldGen: 587818K(699392K)->287099K(699392K)
[480.448s][info][gc,metaspace   ] GC(2195) Metaspace: 16612K(16896K)->16612K(16896K) NonClass: 14281K(14400K)->14281K(14400K) Class: 2331K(2496K)->2331K(2496K)
[480.448s][info][gc             ] GC(2195) Pause Full (Ergonomics) 780M->280M(910M) 227.917ms
[480.448s][info][gc,cpu         ] GC(2195) User=1.23s Sys=0.00s Real=0.24s
[480.511s][info][gc,start       ] GC(2196) Pause Young (Allocation Failure)
[480.534s][info][gc,heap        ] GC(2196) PSYoungGen: 116736K(232960K)->50944K(232960K) Eden: 116736K(116736K)->0K(116736K) From: 0K(116224K)->50944K(116224K)
[480.534s][info][gc,heap        ] GC(2196) ParOldGen: 287099K(699392K)->287099K(699392K)
[480.534s][info][gc,metaspace   ] GC(2196) Metaspace: 16612K(16896K)->16612K(16896K) NonClass: 14281K(14400K)->14281K(14400K) Class: 2331K(2496K)->2331K(2496K)
[480.534s][info][gc             ] GC(2196) Pause Young (Allocation Failure) 394M->330M(910M) 23.902ms
[480.534s][info][gc,cpu         ] GC(2196) User=0.03s Sys=0.00s Real=0.02s
[480.596s][info][gc,start       ] GC(2197) Pause Young (Allocation Failure)
[480.638s][info][gc,heap        ] GC(2197) PSYoungGen: 167680K(232960K)->51008K(232960K) Eden: 116736K(116736K)->0K(116736K) From: 50944K(116224K)->51008K(116224K)
[480.638s][info][gc,heap        ] GC(2197) ParOldGen: 287099K(699392K)->335147K(699392K)
[480.638s][info][gc,metaspace   ] GC(2197) Metaspace: 16612K(16896K)->16612K(16896K) NonClass: 14281K(14400K)->14281K(14400K) Class: 2331K(2496K)->2331K(2496K)
[480.638s][info][gc             ] GC(2197) Pause Young (Allocation Failure) 444M->377M(910M) 42.437ms
[480.638s][info][gc,cpu         ] GC(2197) User=0.19s Sys=0.00s Real=0.05s
[480.721s][info][gc,start       ] GC(2198) Pause Young (Allocation Failure)
[480.772s][info][gc,heap        ] GC(2198) PSYoungGen: 167744K(232960K)->66424K(232960K) Eden: 116736K(116736K)->0K(116736K) From: 51008K(116224K)->66424K(116224K)
[480.772s][info][gc,heap        ] GC(2198) ParOldGen: 335147K(699392K)->383179K(699392K)
[480.772s][info][gc,metaspace   ] GC(2198) Metaspace: 16612K(16896K)->16612K(16896K) NonClass: 14281K(14400K)->14281K(14400K) Class: 2331K(2496K)->2331K(2496K)
[480.772s][info][gc             ] GC(2198) Pause Young (Allocation Failure) 491M->439M(910M) 51.140ms
[480.772s][info][gc,cpu         ] GC(2198) User=0.28s Sys=0.00s Real=0.05s
[481.084s][info][gc,start       ] GC(2199) Pause Young (Allocation Failure)
[481.164s][info][gc,heap        ] GC(2199) PSYoungGen: 183160K(232960K)->42112K(232960K) Eden: 116736K(116736K)->0K(116736K) From: 66424K(116224K)->42112K(116224K)
[481.164s][info][gc,heap        ] GC(2199) ParOldGen: 383179K(699392K)->443308K(699392K)
[481.164s][info][gc,metaspace   ] GC(2199) Metaspace: 16612K(16896K)->16612K(16896K) NonClass: 14281K(14400K)->14281K(14400K) Class: 2331K(2496K)->2331K(2496K)
[481.164s][info][gc             ] GC(2199) Pause Young (Allocation Failure) 553M->474M(910M) 80.185ms
[481.164s][info][gc,cpu         ] GC(2199) User=0.25s Sys=0.05s Real=0.08s
[481.317s][info][gc,start       ] GC(2200) Pause Young (Allocation Failure)
[481.366s][info][gc,heap        ] GC(2200) PSYoungGen: 158848K(232960K)->3872K(232960K) Eden: 116736K(116736K)->0K(116736K) From: 42112K(116224K)->3872K(116224K)
[481.366s][info][gc,heap        ] GC(2200) ParOldGen: 443308K(699392K)->474692K(699392K)
[481.366s][info][gc,metaspace   ] GC(2200) Metaspace: 16612K(16896K)->16612K(16896K) NonClass: 14281K(14400K)->14281K(14400K) Class: 2331K(2496K)->2331K(2496K)
[481.367s][info][gc             ] GC(2200) Pause Young (Allocation Failure) 588M->467M(910M) 49.786ms
[481.367s][info][gc,cpu         ] GC(2200) User=0.16s Sys=0.00s Real=0.05s
[481.507s][info][gc,start       ] GC(2201) Pause Young (Allocation Failure)
[481.510s][info][gc,heap        ] GC(2201) PSYoungGen: 120608K(232960K)->3136K(232960K) Eden: 116736K(116736K)->0K(116736K) From: 3872K(116224K)->3136K(116224K)
[481.510s][info][gc,heap        ] GC(2201) ParOldGen: 474692K(699392K)->475012K(699392K)
[481.510s][info][gc,metaspace   ] GC(2201) Metaspace: 16612K(16896K)->16612K(16896K) NonClass: 14281K(14400K)->14281K(14400K) Class: 2331K(2496K)->2331K(2496K)
[481.510s][info][gc             ] GC(2201) Pause Young (Allocation Failure) 581M->466M(910M) 3.063ms
[481.510s][info][gc,cpu         ] GC(2201) User=0.02s Sys=0.00s Real=0.01s
[481.641s][info][gc,start       ] GC(2202) Pause Young (Allocation Failure)
[481.643s][info][gc,heap        ] GC(2202) PSYoungGen: 119872K(232960K)->2368K(232960K) Eden: 116736K(116736K)->0K(116736K) From: 3136K(116224K)->2368K(116224K)
[481.643s][info][gc,heap        ] GC(2202) ParOldGen: 475012K(699392K)->475132K(699392K)
[481.643s][info][gc,metaspace   ] GC(2202) Metaspace: 16612K(16896K)->16612K(16896K) NonClass: 14281K(14400K)->14281K(14400K) Class: 2331K(2496K)->2331K(2496K)
[481.643s][info][gc             ] GC(2202) Pause Young (Allocation Failure) 580M->466M(910M) 2.430ms
[481.643s][info][gc,cpu         ] GC(2202) User=0.00s Sys=0.00s Real=0.00s
[481.779s][info][gc,start       ] GC(2203) Pause Young (Allocation Failure)
[481.780s][info][gc,heap        ] GC(2203) PSYoungGen: 119104K(232960K)->160K(232960K) Eden: 116736K(116736K)->0K(116736K) From: 2368K(116224K)->160K(116224K)
[481.780s][info][gc,heap        ] GC(2203) ParOldGen: 475132K(699392K)->475164K(699392K)
[481.780s][info][gc,metaspace   ] GC(2203) Metaspace: 16612K(16896K)->16612K(16896K) NonClass: 14281K(14400K)->14281K(14400K) Class: 2331K(2496K)->2331K(2496K)
[481.780s][info][gc             ] GC(2203) Pause Young (Allocation Failure) 580M->464M(910M) 0.979ms
[481.780s][info][gc,cpu         ] GC(2203) User=0.00s Sys=0.00s Real=0.00s
[482.481s][info][gc,start       ] GC(2204) Pause Young (System.gc())
[482.482s][info][gc,heap        ] GC(2204) PSYoungGen: 89151K(232960K)->128K(232960K) Eden: 88991K(116736K)->0K(116736K) From: 160K(116224K)->128K(116224K)
[482.482s][info][gc,heap        ] GC(2204) ParOldGen: 475164K(699392K)->475164K(699392K)
[482.482s][info][gc,metaspace   ] GC(2204) Metaspace: 16612K(16896K)->16612K(16896K) NonClass: 14281K(14400K)->14281K(14400K) Class: 2331K(2496K)->2331K(2496K)
[482.482s][info][gc             ] GC(2204) Pause Young (System.gc()) 551M->464M(910M) 0.985ms
[482.482s][info][gc,cpu         ] GC(2204) User=0.00s Sys=0.00s Real=0.00s
[482.482s][info][gc,start       ] GC(2205) Pause Full (System.gc())
[482.482s][info][gc,phases,start] GC(2205) Marking Phase
[482.488s][info][gc,phases      ] GC(2205) Marking Phase 5.772ms
[482.488s][info][gc,phases,start] GC(2205) Summary Phase
[482.488s][info][gc,phases      ] GC(2205) Summary Phase 0.011ms
[482.488s][info][gc,phases,start] GC(2205) Adjust Roots
[482.489s][info][gc,phases      ] GC(2205) Adjust Roots 1.882ms
[482.490s][info][gc,phases,start] GC(2205) Compaction Phase
[482.491s][info][gc,phases      ] GC(2205) Compaction Phase 1.417ms
[482.491s][info][gc,phases,start] GC(2205) Post Compact
[482.493s][info][gc,phases      ] GC(2205) Post Compact 1.761ms
[482.493s][info][gc,heap        ] GC(2205) PSYoungGen: 128K(232960K)->0K(232960K) Eden: 0K(116736K)->0K(116736K) From: 128K(116224K)->0K(116224K)
[482.493s][info][gc,heap        ] GC(2205) ParOldGen: 475164K(699392K)->5551K(699392K)
[482.493s][info][gc,metaspace   ] GC(2205) Metaspace: 16612K(16896K)->16612K(16896K) NonClass: 14281K(14400K)->14281K(14400K) Class: 2331K(2496K)->2331K(2496K)
[482.493s][info][gc             ] GC(2205) Pause Full (System.gc()) 464M->5M(910M) 11.084ms
[482.493s][info][gc,cpu         ] GC(2205) User=0.00s Sys=0.00s Real=0.02s
[483.930s][info][gc,start       ] GC(2206) Pause Young (Allocation Failure)
[483.930s][info][gc,heap        ] GC(2206) PSYoungGen: 116736K(232960K)->320K(232960K) Eden: 116736K(116736K)->0K(116736K) From: 0K(116224K)->320K(116224K)
[483.931s][info][gc,heap        ] GC(2206) ParOldGen: 5551K(699392K)->5551K(699392K)
[483.931s][info][gc,metaspace   ] GC(2206) Metaspace: 16612K(16896K)->16612K(16896K) NonClass: 14281K(14400K)->14281K(14400K) Class: 2331K(2496K)->2331K(2496K)
[483.931s][info][gc             ] GC(2206) Pause Young (Allocation Failure) 119M->5M(910M) 0.611ms
[483.931s][info][gc,cpu         ] GC(2206) User=0.02s Sys=0.00s Real=0.01s
[483.951s][info][gc,start       ] GC(2207) Pause Young (Allocation Failure)
[483.952s][info][gc,heap        ] GC(2207) PSYoungGen: 117056K(232960K)->288K(232960K) Eden: 116736K(116736K)->0K(116736K) From: 320K(116224K)->288K(116224K)
[483.952s][info][gc,heap        ] GC(2207) ParOldGen: 5551K(699392K)->5647K(699392K)
[483.952s][info][gc,metaspace   ] GC(2207) Metaspace: 16612K(16896K)->16612K(16896K) NonClass: 14281K(14400K)->14281K(14400K) Class: 2331K(2496K)->2331K(2496K)
[483.952s][info][gc             ] GC(2207) Pause Young (Allocation Failure) 119M->5M(910M) 0.781ms
[483.952s][info][gc,cpu         ] GC(2207) User=0.00s Sys=0.00s Real=0.00s
[483.971s][info][gc,start       ] GC(2208) Pause Young (Allocation Failure)
[483.972s][info][gc,heap        ] GC(2208) PSYoungGen: 117024K(232960K)->224K(232960K) Eden: 116736K(116736K)->0K(116736K) From: 288K(116224K)->224K(116224K)
[483.972s][info][gc,heap        ] GC(2208) ParOldGen: 5647K(699392K)->5679K(699392K)
[483.972s][info][gc,metaspace   ] GC(2208) Metaspace: 16612K(16896K)->16612K(16896K) NonClass: 14281K(14400K)->14281K(14400K) Class: 2331K(2496K)->2331K(2496K)
[483.972s][info][gc             ] GC(2208) Pause Young (Allocation Failure) 119M->5M(910M) 0.387ms
[483.972s][info][gc,cpu         ] GC(2208) User=0.00s Sys=0.00s Real=0.00s
[483.992s][info][gc,start       ] GC(2209) Pause Young (Allocation Failure)
[483.993s][info][gc,heap        ] GC(2209) PSYoungGen: 116960K(232960K)->320K(232960K) Eden: 116736K(116736K)->0K(116736K) From: 224K(116224K)->320K(116224K)
[483.993s][info][gc,heap        ] GC(2209) ParOldGen: 5679K(699392K)->5719K(699392K)
[483.993s][info][gc,metaspace   ] GC(2209) Metaspace: 16612K(16896K)->16612K(16896K) NonClass: 14281K(14400K)->14281K(14400K) Class: 2331K(2496K)->2331K(2496K)
[483.993s][info][gc             ] GC(2209) Pause Young (Allocation Failure) 119M->5M(910M) 0.651ms
[483.993s][info][gc,cpu         ] GC(2209) User=0.02s Sys=0.00s Real=0.02s
[484.013s][info][gc,start       ] GC(2210) Pause Young (Allocation Failure)
[484.013s][info][gc,heap        ] GC(2210) PSYoungGen: 117056K(232960K)->320K(232960K) Eden: 116736K(116736K)->0K(116736K) From: 320K(116224K)->320K(116224K)
[484.013s][info][gc,heap        ] GC(2210) ParOldGen: 5719K(699392K)->5767K(699392K)
[484.013s][info][gc,metaspace   ] GC(2210) Metaspace: 16612K(16896K)->16612K(16896K) NonClass: 14281K(14400K)->14281K(14400K) Class: 2331K(2496K)->2331K(2496K)
[484.013s][info][gc             ] GC(2210) Pause Young (Allocation Failure) 119M->5M(910M) 0.430ms
[484.013s][info][gc,cpu         ] GC(2210) User=0.00s Sys=0.00s Real=0.00s
[484.035s][info][gc,start       ] GC(2211) Pause Young (Allocation Failure)
[484.035s][info][gc,heap        ] GC(2211) PSYoungGen: 117056K(232960K)->224K(232960K) Eden: 116736K(116736K)->0K(116736K) From: 320K(116224K)->224K(116224K)
[484.035s][info][gc,heap        ] GC(2211) ParOldGen: 5767K(699392K)->5823K(699392K)
[484.035s][info][gc,metaspace   ] GC(2211) Metaspace: 16612K(16896K)->16612K(16896K) NonClass: 14281K(14400K)->14281K(14400K) Class: 2331K(2496K)->2331K(2496K)
[484.035s][info][gc             ] GC(2211) Pause Young (Allocation Failure) 119M->5M(910M) 0.412ms
[484.035s][info][gc,cpu         ] GC(2211) User=0.00s Sys=0.00s Real=0.00s
[484.053s][info][gc,start       ] GC(2212) Pause Young (Allocation Failure)
[484.053s][info][gc,heap        ] GC(2212) PSYoungGen: 116960K(232960K)->288K(232960K) Eden: 116736K(116736K)->0K(116736K) From: 224K(116224K)->288K(116224K)
[484.053s][info][gc,heap        ] GC(2212) ParOldGen: 5823K(699392K)->5871K(699392K)
[484.053s][info][gc,metaspace   ] GC(2212) Metaspace: 16612K(16896K)->16612K(16896K) NonClass: 14281K(14400K)->14281K(14400K) Class: 2331K(2496K)->2331K(2496K)
[484.053s][info][gc             ] GC(2212) Pause Young (Allocation Failure) 119M->6M(910M) 0.456ms
[484.053s][info][gc,cpu         ] GC(2212) User=0.00s Sys=0.00s Real=0.00s
[484.074s][info][gc,start       ] GC(2213) Pause Young (Allocation Failure)
[484.074s][info][gc,heap        ] GC(2213) PSYoungGen: 117024K(232960K)->256K(232960K) Eden: 116736K(116736K)->0K(116736K) From: 288K(116224K)->256K(116224K)
[484.074s][info][gc,heap        ] GC(2213) ParOldGen: 5871K(699392K)->5919K(699392K)
[484.074s][info][gc,metaspace   ] GC(2213) Metaspace: 16612K(16896K)->16612K(16896K) NonClass: 14281K(14400K)->14281K(14400K) Class: 2331K(2496K)->2331K(2496K)
[484.074s][info][gc             ] GC(2213) Pause Young (Allocation Failure) 120M->6M(910M) 0.403ms
[484.074s][info][gc,cpu         ] GC(2213) User=0.00s Sys=0.00s Real=0.00s
[484.093s][info][gc,start       ] GC(2214) Pause Young (Allocation Failure)
[484.093s][info][gc,heap        ] GC(2214) PSYoungGen: 116992K(232960K)->288K(232960K) Eden: 116736K(116736K)->0K(116736K) From: 256K(116224K)->288K(116224K)
[484.093s][info][gc,heap        ] GC(2214) ParOldGen: 5919K(699392K)->5967K(699392K)
[484.093s][info][gc,metaspace   ] GC(2214) Metaspace: 16612K(16896K)->16612K(16896K) NonClass: 14281K(14400K)->14281K(14400K) Class: 2331K(2496K)->2331K(2496K)
[484.093s][info][gc             ] GC(2214) Pause Young (Allocation Failure) 120M->6M(910M) 0.527ms
[484.093s][info][gc,cpu         ] GC(2214) User=0.00s Sys=0.00s Real=0.00s
[484.113s][info][gc,start       ] GC(2215) Pause Young (Allocation Failure)
[484.113s][info][gc,heap        ] GC(2215) PSYoungGen: 117024K(232960K)->320K(232960K) Eden: 116736K(116736K)->0K(116736K) From: 288K(116224K)->320K(116224K)
[484.113s][info][gc,heap        ] GC(2215) ParOldGen: 5967K(699392K)->5999K(699392K)
[484.113s][info][gc,metaspace   ] GC(2215) Metaspace: 16612K(16896K)->16612K(16896K) NonClass: 14281K(14400K)->14281K(14400K) Class: 2331K(2496K)->2331K(2496K)
[484.113s][info][gc             ] GC(2215) Pause Young (Allocation Failure) 120M->6M(910M) 0.525ms
[484.114s][info][gc,cpu         ] GC(2215) User=0.00s Sys=0.00s Real=0.00s
[484.133s][info][gc,start       ] GC(2216) Pause Young (Allocation Failure)
[484.133s][info][gc,heap        ] GC(2216) PSYoungGen: 117056K(232960K)->256K(238592K) Eden: 116736K(116736K)->0K(122368K) From: 320K(116224K)->256K(116224K)
[484.133s][info][gc,heap        ] GC(2216) ParOldGen: 5999K(699392K)->6039K(699392K)
[484.133s][info][gc,metaspace   ] GC(2216) Metaspace: 16612K(16896K)->16612K(16896K) NonClass: 14281K(14400K)->14281K(14400K) Class: 2331K(2496K)->2331K(2496K)
[484.133s][info][gc             ] GC(2216) Pause Young (Allocation Failure) 120M->6M(916M) 0.528ms
[484.133s][info][gc,cpu         ] GC(2216) User=0.00s Sys=0.00s Real=0.00s
[484.156s][info][gc,start       ] GC(2217) Pause Young (Allocation Failure)
[484.156s][info][gc,heap        ] GC(2217) PSYoungGen: 122624K(238592K)->352K(232960K) Eden: 122368K(122368K)->0K(122368K) From: 256K(116224K)->352K(110592K)
[484.156s][info][gc,heap        ] GC(2217) ParOldGen: 6039K(699392K)->6039K(699392K)
[484.156s][info][gc,metaspace   ] GC(2217) Metaspace: 16612K(16896K)->16612K(16896K) NonClass: 14281K(14400K)->14281K(14400K) Class: 2331K(2496K)->2331K(2496K)
[484.156s][info][gc             ] GC(2217) Pause Young (Allocation Failure) 125M->6M(910M) 0.536ms
[484.156s][info][gc,cpu         ] GC(2217) User=0.00s Sys=0.00s Real=0.00s
[484.178s][info][gc,start       ] GC(2218) Pause Young (Allocation Failure)
[484.179s][info][gc,heap        ] GC(2218) PSYoungGen: 122720K(232960K)->352K(252416K) Eden: 122368K(122368K)->0K(148992K) From: 352K(110592K)->352K(103424K)
[484.179s][info][gc,heap        ] GC(2218) ParOldGen: 6039K(699392K)->6039K(699392K)
[484.179s][info][gc,metaspace   ] GC(2218) Metaspace: 16612K(16896K)->16612K(16896K) NonClass: 14281K(14400K)->14281K(14400K) Class: 2331K(2496K)->2331K(2496K)
[484.179s][info][gc             ] GC(2218) Pause Young (Allocation Failure) 125M->6M(929M) 0.479ms
[484.179s][info][gc,cpu         ] GC(2218) User=0.00s Sys=0.00s Real=0.00s
[484.204s][info][gc,start       ] GC(2219) Pause Young (Allocation Failure)
[484.204s][info][gc,heap        ] GC(2219) PSYoungGen: 149344K(252416K)->352K(245760K) Eden: 148992K(148992K)->0K(148992K) From: 352K(103424K)->352K(96768K)
[484.204s][info][gc,heap        ] GC(2219) ParOldGen: 6039K(699392K)->6039K(699392K)
[484.204s][info][gc,metaspace   ] GC(2219) Metaspace: 16612K(16896K)->16612K(16896K) NonClass: 14281K(14400K)->14281K(14400K) Class: 2331K(2496K)->2331K(2496K)
[484.204s][info][gc             ] GC(2219) Pause Young (Allocation Failure) 151M->6M(923M) 0.452ms
[484.204s][info][gc,cpu         ] GC(2219) User=0.00s Sys=0.00s Real=0.00s
[484.230s][info][gc,start       ] GC(2220) Pause Young (Allocation Failure)
[484.230s][info][gc,heap        ] GC(2220) PSYoungGen: 149344K(245760K)->352K(264704K) Eden: 148992K(148992K)->0K(174080K) From: 352K(96768K)->352K(90624K)
[484.230s][info][gc,heap        ] GC(2220) ParOldGen: 6039K(699392K)->6039K(699392K)
[484.230s][info][gc,metaspace   ] GC(2220) Metaspace: 16612K(16896K)->16612K(16896K) NonClass: 14281K(14400K)->14281K(14400K) Class: 2331K(2496K)->2331K(2496K)
[484.230s][info][gc             ] GC(2220) Pause Young (Allocation Failure) 151M->6M(941M) 0.523ms
[484.230s][info][gc,cpu         ] GC(2220) User=0.00s Sys=0.00s Real=0.00s
[484.259s][info][gc,start       ] GC(2221) Pause Young (Allocation Failure)
[484.260s][info][gc,heap        ] GC(2221) PSYoungGen: 174432K(264704K)->352K(258560K) Eden: 174080K(174080K)->0K(174080K) From: 352K(90624K)->352K(84480K)
[484.260s][info][gc,heap        ] GC(2221) ParOldGen: 6039K(699392K)->6039K(699392K)
[484.260s][info][gc,metaspace   ] GC(2221) Metaspace: 16612K(16896K)->16612K(16896K) NonClass: 14281K(14400K)->14281K(14400K) Class: 2331K(2496K)->2331K(2496K)
[484.260s][info][gc             ] GC(2221) Pause Young (Allocation Failure) 176M->6M(935M) 0.436ms
[484.260s][info][gc,cpu         ] GC(2221) User=0.00s Sys=0.00s Real=0.00s
[484.288s][info][gc,start       ] GC(2222) Pause Young (Allocation Failure)
[484.288s][info][gc,heap        ] GC(2222) PSYoungGen: 174432K(258560K)->384K(275968K) Eden: 174080K(174080K)->0K(197120K) From: 352K(84480K)->384K(78848K)
[484.288s][info][gc,heap        ] GC(2222) ParOldGen: 6039K(699392K)->6039K(699392K)
[484.288s][info][gc,metaspace   ] GC(2222) Metaspace: 16612K(16896K)->16612K(16896K) NonClass: 14281K(14400K)->14281K(14400K) Class: 2331K(2496K)->2331K(2496K)
[484.288s][info][gc             ] GC(2222) Pause Young (Allocation Failure) 176M->6M(952M) 0.537ms
[484.288s][info][gc,cpu         ] GC(2222) User=0.00s Sys=0.00s Real=0.00s
[484.320s][info][gc,start       ] GC(2223) Pause Young (Allocation Failure)
[484.320s][info][gc,heap        ] GC(2223) PSYoungGen: 197504K(275968K)->320K(270336K) Eden: 197120K(197120K)->0K(197120K) From: 384K(78848K)->320K(73216K)
[484.320s][info][gc,heap        ] GC(2223) ParOldGen: 6039K(699392K)->6039K(699392K)
[484.320s][info][gc,metaspace   ] GC(2223) Metaspace: 16612K(16896K)->16612K(16896K) NonClass: 14281K(14400K)->14281K(14400K) Class: 2331K(2496K)->2331K(2496K)
[484.320s][info][gc             ] GC(2223) Pause Young (Allocation Failure) 198M->6M(947M) 0.537ms
[484.320s][info][gc,cpu         ] GC(2223) User=0.00s Sys=0.00s Real=0.00s
[484.351s][info][gc,start       ] GC(2224) Pause Young (Allocation Failure)
[484.352s][info][gc,heap        ] GC(2224) PSYoungGen: 197440K(270336K)->384K(286208K) Eden: 197120K(197120K)->0K(218112K) From: 320K(73216K)->384K(68096K)
[484.352s][info][gc,heap        ] GC(2224) ParOldGen: 6039K(699392K)->6039K(699392K)
[484.352s][info][gc,metaspace   ] GC(2224) Metaspace: 16612K(16896K)->16612K(16896K) NonClass: 14281K(14400K)->14281K(14400K) Class: 2331K(2496K)->2331K(2496K)
[484.352s][info][gc             ] GC(2224) Pause Young (Allocation Failure) 198M->6M(962M) 0.532ms
[484.352s][info][gc,cpu         ] GC(2224) User=0.00s Sys=0.00s Real=0.00s
[484.389s][info][gc,start       ] GC(2225) Pause Young (Allocation Failure)
[484.390s][info][gc,heap        ] GC(2225) PSYoungGen: 218496K(286208K)->320K(281088K) Eden: 218112K(218112K)->0K(218112K) From: 384K(68096K)->320K(62976K)
[484.390s][info][gc,heap        ] GC(2225) ParOldGen: 6039K(699392K)->6039K(699392K)
[484.390s][info][gc,metaspace   ] GC(2225) Metaspace: 16612K(16896K)->16612K(16896K) NonClass: 14281K(14400K)->14281K(14400K) Class: 2331K(2496K)->2331K(2496K)
[484.390s][info][gc             ] GC(2225) Pause Young (Allocation Failure) 219M->6M(957M) 0.610ms
[484.390s][info][gc,cpu         ] GC(2225) User=0.00s Sys=0.00s Real=0.00s
[484.465s][info][gc,start       ] GC(2226) Pause Young (Allocation Failure)
[484.502s][info][gc,heap        ] GC(2226) PSYoungGen: 218432K(281088K)->58851K(243200K) Eden: 218112K(218112K)->0K(184320K) From: 320K(62976K)->58851K(58880K)
[484.502s][info][gc,heap        ] GC(2226) ParOldGen: 6039K(699392K)->31231K(699392K)
[484.502s][info][gc,metaspace   ] GC(2226) Metaspace: 16612K(16896K)->16612K(16896K) NonClass: 14281K(14400K)->14281K(14400K) Class: 2331K(2496K)->2331K(2496K)
[484.502s][info][gc             ] GC(2226) Pause Young (Allocation Failure) 219M->87M(920M) 37.280ms
[484.502s][info][gc,cpu         ] GC(2226) User=0.03s Sys=0.00s Real=0.03s
[484.621s][info][gc,start       ] GC(2227) Pause Young (Allocation Failure)
[484.712s][info][gc,heap        ] GC(2227) PSYoungGen: 243171K(243200K)->82403K(266752K) Eden: 184320K(184320K)->0K(184320K) From: 58851K(58880K)->82403K(82432K)
[484.714s][info][gc,heap        ] GC(2227) ParOldGen: 31231K(699392K)->131951K(699392K)
[484.714s][info][gc,metaspace   ] GC(2227) Metaspace: 16612K(16896K)->16612K(16896K) NonClass: 14281K(14400K)->14281K(14400K) Class: 2331K(2496K)->2331K(2496K)
[484.714s][info][gc             ] GC(2227) Pause Young (Allocation Failure) 267M->209M(943M) 93.058ms
[484.714s][info][gc,cpu         ] GC(2227) User=0.45s Sys=0.00s Real=0.09s
[484.856s][info][gc,start       ] GC(2228) Pause Young (Allocation Failure)
[484.962s][info][gc,heap        ] GC(2228) PSYoungGen: 266723K(266752K)->82418K(199168K) Eden: 184320K(184320K)->0K(116736K) From: 82403K(82432K)->82418K(82432K)
[484.962s][info][gc,heap        ] GC(2228) ParOldGen: 131951K(699392K)->257815K(699392K)
[484.962s][info][gc,metaspace   ] GC(2228) Metaspace: 16612K(16896K)->16612K(16896K) NonClass: 14281K(14400K)->14281K(14400K) Class: 2331K(2496K)->2331K(2496K)
[484.962s][info][gc             ] GC(2228) Pause Young (Allocation Failure) 389M->332M(877M) 106.115ms
[484.962s][info][gc,cpu         ] GC(2228) User=0.56s Sys=0.00s Real=0.09s
[485.070s][info][gc,start       ] GC(2229) Pause Young (Allocation Failure)
[485.175s][info][gc,heap        ] GC(2229) PSYoungGen: 199154K(199168K)->116194K(232960K) Eden: 116736K(116736K)->0K(116736K) From: 82418K(82432K)->116194K(116224K)
[485.175s][info][gc,heap        ] GC(2229) ParOldGen: 257815K(699392K)->304183K(699392K)
[485.175s][info][gc,metaspace   ] GC(2229) Metaspace: 16612K(16896K)->16612K(16896K) NonClass: 14281K(14400K)->14281K(14400K) Class: 2331K(2496K)->2331K(2496K)
[485.175s][info][gc             ] GC(2229) Pause Young (Allocation Failure) 446M->410M(910M) 104.954ms
[485.175s][info][gc,cpu         ] GC(2229) User=0.30s Sys=0.02s Real=0.11s
[485.344s][info][gc,start       ] GC(2230) Pause Young (Allocation Failure)
[485.426s][info][gc,heap        ] GC(2230) PSYoungGen: 232930K(232960K)->116195K(232960K) Eden: 116736K(116736K)->0K(116736K) From: 116194K(116224K)->116195K(116224K)
[485.426s][info][gc,heap        ] GC(2230) ParOldGen: 304183K(699392K)->331271K(699392K)
[485.426s][info][gc,metaspace   ] GC(2230) Metaspace: 16612K(16896K)->16612K(16896K) NonClass: 14281K(14400K)->14281K(14400K) Class: 2331K(2496K)->2331K(2496K)
[485.426s][info][gc             ] GC(2230) Pause Young (Allocation Failure) 524M->436M(910M) 81.980ms
[485.426s][info][gc,cpu         ] GC(2230) User=0.47s Sys=0.00s Real=0.08s
[487.969s][info][gc,start       ] GC(2231) Pause Young (Allocation Failure)
[488.052s][info][gc,heap        ] GC(2231) PSYoungGen: 232931K(232960K)->116195K(232960K) Eden: 116736K(116736K)->0K(116736K) From: 116195K(116224K)->116195K(116224K)
[488.052s][info][gc,heap        ] GC(2231) ParOldGen: 331271K(699392K)->374711K(699392K)
[488.052s][info][gc,metaspace   ] GC(2231) Metaspace: 16612K(16896K)->16612K(16896K) NonClass: 14281K(14400K)->14281K(14400K) Class: 2331K(2496K)->2331K(2496K)
[488.052s][info][gc             ] GC(2231) Pause Young (Allocation Failure) 550M->479M(910M) 82.799ms
[488.052s][info][gc,cpu         ] GC(2231) User=0.47s Sys=0.00s Real=0.08s
[488.107s][info][gc,start       ] GC(2232) Pause Young (Allocation Failure)
[488.202s][info][gc,heap        ] GC(2232) PSYoungGen: 232931K(232960K)->116224K(232960K) Eden: 116736K(116736K)->0K(116736K) From: 116195K(116224K)->116224K(116224K)
[488.202s][info][gc,heap        ] GC(2232) ParOldGen: 374711K(699392K)->425243K(699392K)
[488.202s][info][gc,metaspace   ] GC(2232) Metaspace: 16612K(16896K)->16612K(16896K) NonClass: 14281K(14400K)->14281K(14400K) Class: 2331K(2496K)->2331K(2496K)
[488.202s][info][gc             ] GC(2232) Pause Young (Allocation Failure) 593M->528M(910M) 95.012ms
[488.202s][info][gc,cpu         ] GC(2232) User=0.45s Sys=0.00s Real=0.10s
[488.259s][info][gc,start       ] GC(2233) Pause Young (Allocation Failure)
[488.335s][info][gc,heap        ] GC(2233) PSYoungGen: 232960K(232960K)->116224K(232960K) Eden: 116736K(116736K)->0K(116736K) From: 116224K(116224K)->116224K(116224K)
[488.335s][info][gc,heap        ] GC(2233) ParOldGen: 425243K(699392K)->474931K(699392K)
[488.335s][info][gc,metaspace   ] GC(2233) Metaspace: 16612K(16896K)->16612K(16896K) NonClass: 14281K(14400K)->14281K(14400K) Class: 2331K(2496K)->2331K(2496K)
[488.335s][info][gc             ] GC(2233) Pause Young (Allocation Failure) 642M->577M(910M) 75.784ms
[488.335s][info][gc,cpu         ] GC(2233) User=0.41s Sys=0.00s Real=0.08s
[488.391s][info][gc,start       ] GC(2234) Pause Young (Allocation Failure)
[488.474s][info][gc,heap        ] GC(2234) PSYoungGen: 232960K(232960K)->116224K(232960K) Eden: 116736K(116736K)->0K(116736K) From: 116224K(116224K)->116224K(116224K)
[488.474s][info][gc,heap        ] GC(2234) ParOldGen: 474931K(699392K)->525035K(699392K)
[488.474s][info][gc,metaspace   ] GC(2234) Metaspace: 16612K(16896K)->16612K(16896K) NonClass: 14281K(14400K)->14281K(14400K) Class: 2331K(2496K)->2331K(2496K)
[488.474s][info][gc             ] GC(2234) Pause Young (Allocation Failure) 691M->626M(910M) 82.204ms
[488.474s][info][gc,cpu         ] GC(2234) User=0.42s Sys=0.00s Real=0.08s
[488.533s][info][gc,start       ] GC(2235) Pause Young (Allocation Failure)
[488.608s][info][gc,heap        ] GC(2235) PSYoungGen: 232960K(232960K)->85888K(232960K) Eden: 116736K(116736K)->0K(116736K) From: 116224K(116224K)->85888K(116224K)
[488.608s][info][gc,heap        ] GC(2235) ParOldGen: 525035K(699392K)->605363K(699392K)
[488.609s][info][gc,metaspace   ] GC(2235) Metaspace: 16612K(16896K)->16612K(16896K) NonClass: 14281K(14400K)->14281K(14400K) Class: 2331K(2496K)->2331K(2496K)
[488.609s][info][gc             ] GC(2235) Pause Young (Allocation Failure) 740M->675M(910M) 76.011ms
[488.609s][info][gc,cpu         ] GC(2235) User=0.36s Sys=0.00s Real=0.08s
[488.668s][info][gc,start       ] GC(2236) Pause Full (Ergonomics)
[488.668s][info][gc,phases,start] GC(2236) Marking Phase
[488.744s][info][gc,phases      ] GC(2236) Marking Phase 76.150ms
[488.745s][info][gc,phases,start] GC(2236) Summary Phase
[488.745s][info][gc,phases      ] GC(2236) Summary Phase 0.021ms
[488.745s][info][gc,phases,start] GC(2236) Adjust Roots
[488.746s][info][gc,phases      ] GC(2236) Adjust Roots 1.783ms
[488.746s][info][gc,phases,start] GC(2236) Compaction Phase
[488.904s][info][gc,phases      ] GC(2236) Compaction Phase 157.242ms
[488.907s][info][gc,phases,start] GC(2236) Post Compact
[488.909s][info][gc,phases      ] GC(2236) Post Compact 1.827ms
[488.909s][info][gc,heap        ] GC(2236) PSYoungGen: 202624K(232960K)->0K(232960K) Eden: 116736K(116736K)->0K(116736K) From: 85888K(116224K)->0K(116224K)
[488.909s][info][gc,heap        ] GC(2236) ParOldGen: 605363K(699392K)->292502K(699392K)
[488.909s][info][gc,metaspace   ] GC(2236) Metaspace: 16612K(16896K)->16612K(16896K) NonClass: 14281K(14400K)->14281K(14400K) Class: 2331K(2496K)->2331K(2496K)
[488.909s][info][gc             ] GC(2236) Pause Full (Ergonomics) 789M->285M(910M) 240.859ms
[488.909s][info][gc,cpu         ] GC(2236) User=1.34s Sys=0.00s Real=0.26s
[488.972s][info][gc,start       ] GC(2237) Pause Young (Allocation Failure)
[488.997s][info][gc,heap        ] GC(2237) PSYoungGen: 116736K(232960K)->50976K(232960K) Eden: 116736K(116736K)->0K(116736K) From: 0K(116224K)->50976K(116224K)
[488.997s][info][gc,heap        ] GC(2237) ParOldGen: 292502K(699392K)->292502K(699392K)
[488.997s][info][gc,metaspace   ] GC(2237) Metaspace: 16612K(16896K)->16612K(16896K) NonClass: 14281K(14400K)->14281K(14400K) Class: 2331K(2496K)->2331K(2496K)
[488.997s][info][gc             ] GC(2237) Pause Young (Allocation Failure) 399M->335M(910M) 25.627ms
[488.997s][info][gc,cpu         ] GC(2237) User=0.03s Sys=0.00s Real=0.02s
[489.058s][info][gc,start       ] GC(2238) Pause Young (Allocation Failure)
[489.103s][info][gc,heap        ] GC(2238) PSYoungGen: 167712K(232960K)->51040K(232960K) Eden: 116736K(116736K)->0K(116736K) From: 50976K(116224K)->51040K(116224K)
[489.103s][info][gc,heap        ] GC(2238) ParOldGen: 292502K(699392K)->340542K(699392K)
[489.103s][info][gc,metaspace   ] GC(2238) Metaspace: 16612K(16896K)->16612K(16896K) NonClass: 14281K(14400K)->14281K(14400K) Class: 2331K(2496K)->2331K(2496K)
[489.103s][info][gc             ] GC(2238) Pause Young (Allocation Failure) 449M->382M(910M) 45.215ms
[489.103s][info][gc,cpu         ] GC(2238) User=0.23s Sys=0.00s Real=0.05s
[489.195s][info][gc,start       ] GC(2239) Pause Young (Allocation Failure)
[489.255s][info][gc,heap        ] GC(2239) PSYoungGen: 167776K(232960K)->70200K(232960K) Eden: 116736K(116736K)->0K(116736K) From: 51040K(116224K)->70200K(116224K)
[489.255s][info][gc,heap        ] GC(2239) ParOldGen: 340542K(699392K)->388686K(699392K)
[489.255s][info][gc,metaspace   ] GC(2239) Metaspace: 16612K(16896K)->16612K(16896K) NonClass: 14281K(14400K)->14281K(14400K) Class: 2331K(2496K)->2331K(2496K)
[489.255s][info][gc             ] GC(2239) Pause Young (Allocation Failure) 496M->448M(910M) 60.299ms
[489.255s][info][gc,cpu         ] GC(2239) User=0.30s Sys=0.00s Real=0.06s
[489.581s][info][gc,start       ] GC(2240) Pause Young (Allocation Failure)
[489.662s][info][gc,heap        ] GC(2240) PSYoungGen: 186936K(232960K)->33120K(232960K) Eden: 116736K(116736K)->0K(116736K) From: 70200K(116224K)->33120K(116224K)
[489.662s][info][gc,heap        ] GC(2240) ParOldGen: 388686K(699392K)->439712K(699392K)
[489.662s][info][gc,metaspace   ] GC(2240) Metaspace: 16612K(16896K)->16612K(16896K) NonClass: 14281K(14400K)->14281K(14400K) Class: 2331K(2496K)->2331K(2496K)
[489.662s][info][gc             ] GC(2240) Pause Young (Allocation Failure) 562M->461M(910M) 80.100ms
[489.662s][info][gc,cpu         ] GC(2240) User=0.19s Sys=0.02s Real=0.08s
[489.809s][info][gc,start       ] GC(2241) Pause Young (Allocation Failure)
[489.843s][info][gc,heap        ] GC(2241) PSYoungGen: 149856K(232960K)->3744K(232960K) Eden: 116736K(116736K)->0K(116736K) From: 33120K(116224K)->3744K(116224K)
[489.843s][info][gc,heap        ] GC(2241) ParOldGen: 439712K(699392K)->469480K(699392K)
[489.843s][info][gc,metaspace   ] GC(2241) Metaspace: 16612K(16896K)->16612K(16896K) NonClass: 14281K(14400K)->14281K(14400K) Class: 2331K(2496K)->2331K(2496K)
[489.843s][info][gc             ] GC(2241) Pause Young (Allocation Failure) 575M->462M(910M) 33.886ms
[489.843s][info][gc,cpu         ] GC(2241) User=0.16s Sys=0.00s Real=0.03s
[489.983s][info][gc,start       ] GC(2242) Pause Young (Allocation Failure)
[489.986s][info][gc,heap        ] GC(2242) PSYoungGen: 120480K(232960K)->3072K(232960K) Eden: 116736K(116736K)->0K(116736K) From: 3744K(116224K)->3072K(116224K)
[489.986s][info][gc,heap        ] GC(2242) ParOldGen: 469480K(699392K)->469784K(699392K)
[489.986s][info][gc,metaspace   ] GC(2242) Metaspace: 16612K(16896K)->16612K(16896K) NonClass: 14281K(14400K)->14281K(14400K) Class: 2331K(2496K)->2331K(2496K)
[489.986s][info][gc             ] GC(2242) Pause Young (Allocation Failure) 576M->461M(910M) 2.730ms
[489.986s][info][gc,cpu         ] GC(2242) User=0.00s Sys=0.00s Real=0.00s
[490.112s][info][gc,start       ] GC(2243) Pause Young (Allocation Failure)
[490.114s][info][gc,heap        ] GC(2243) PSYoungGen: 119808K(232960K)->2272K(232960K) Eden: 116736K(116736K)->0K(116736K) From: 3072K(116224K)->2272K(116224K)
[490.114s][info][gc,heap        ] GC(2243) ParOldGen: 469784K(699392K)->469888K(699392K)
[490.114s][info][gc,metaspace   ] GC(2243) Metaspace: 16612K(16896K)->16612K(16896K) NonClass: 14281K(14400K)->14281K(14400K) Class: 2331K(2496K)->2331K(2496K)
[490.114s][info][gc             ] GC(2243) Pause Young (Allocation Failure) 575M->461M(910M) 2.549ms
[490.114s][info][gc,cpu         ] GC(2243) User=0.02s Sys=0.00s Real=0.02s
[490.376s][info][gc,start       ] GC(2244) Pause Young (Allocation Failure)
[490.378s][info][gc,heap        ] GC(2244) PSYoungGen: 119008K(232960K)->2208K(232960K) Eden: 116736K(116736K)->0K(116736K) From: 2272K(116224K)->2208K(116224K)
[490.378s][info][gc,heap        ] GC(2244) ParOldGen: 469888K(699392K)->469888K(699392K)
[490.378s][info][gc,metaspace   ] GC(2244) Metaspace: 16612K(16896K)->16612K(16896K) NonClass: 14281K(14400K)->14281K(14400K) Class: 2331K(2496K)->2331K(2496K)
[490.378s][info][gc             ] GC(2244) Pause Young (Allocation Failure) 575M->461M(910M) 1.655ms
[490.378s][info][gc,cpu         ] GC(2244) User=0.00s Sys=0.00s Real=0.00s
[490.974s][info][gc,start       ] GC(2245) Pause Young (System.gc())
[490.975s][info][gc,heap        ] GC(2245) PSYoungGen: 79272K(232960K)->64K(232960K) Eden: 77064K(116736K)->0K(116736K) From: 2208K(116224K)->64K(116224K)
[490.975s][info][gc,heap        ] GC(2245) ParOldGen: 469888K(699392K)->469928K(699392K)
[490.975s][info][gc,metaspace   ] GC(2245) Metaspace: 16612K(16896K)->16612K(16896K) NonClass: 14281K(14400K)->14281K(14400K) Class: 2331K(2496K)->2331K(2496K)
[490.975s][info][gc             ] GC(2245) Pause Young (System.gc()) 536M->458M(910M) 0.768ms
[490.975s][info][gc,cpu         ] GC(2245) User=0.00s Sys=0.00s Real=0.00s
[490.975s][info][gc,start       ] GC(2246) Pause Full (System.gc())
[490.975s][info][gc,phases,start] GC(2246) Marking Phase
[490.980s][info][gc,phases      ] GC(2246) Marking Phase 5.119ms
[490.980s][info][gc,phases,start] GC(2246) Summary Phase
[490.980s][info][gc,phases      ] GC(2246) Summary Phase 0.015ms
[490.980s][info][gc,phases,start] GC(2246) Adjust Roots
[490.982s][info][gc,phases      ] GC(2246) Adjust Roots 1.805ms
[490.982s][info][gc,phases,start] GC(2246) Compaction Phase
[490.984s][info][gc,phases      ] GC(2246) Compaction Phase 1.398ms
[490.984s][info][gc,phases,start] GC(2246) Post Compact
[490.985s][info][gc,phases      ] GC(2246) Post Compact 1.713ms
[490.985s][info][gc,heap        ] GC(2246) PSYoungGen: 64K(232960K)->0K(232960K) Eden: 0K(116736K)->0K(116736K) From: 64K(116224K)->0K(116224K)
[490.985s][info][gc,heap        ] GC(2246) ParOldGen: 469928K(699392K)->5551K(699392K)
[490.985s][info][gc,metaspace   ] GC(2246) Metaspace: 16612K(16896K)->16612K(16896K) NonClass: 14281K(14400K)->14281K(14400K) Class: 2331K(2496K)->2331K(2496K)
[490.985s][info][gc             ] GC(2246) Pause Full (System.gc()) 458M->5M(910M) 10.305ms
[490.985s][info][gc,cpu         ] GC(2246) User=0.00s Sys=0.00s Real=0.01s
[492.364s][info][gc,start       ] GC(2247) Pause Young (Allocation Failure)
[492.364s][info][gc,heap        ] GC(2247) PSYoungGen: 116736K(232960K)->320K(232960K) Eden: 116736K(116736K)->0K(116736K) From: 0K(116224K)->320K(116224K)
[492.364s][info][gc,heap        ] GC(2247) ParOldGen: 5551K(699392K)->5551K(699392K)
[492.365s][info][gc,metaspace   ] GC(2247) Metaspace: 16612K(16896K)->16612K(16896K) NonClass: 14281K(14400K)->14281K(14400K) Class: 2331K(2496K)->2331K(2496K)
[492.365s][info][gc             ] GC(2247) Pause Young (Allocation Failure) 119M->5M(910M) 0.496ms
[492.365s][info][gc,cpu         ] GC(2247) User=0.00s Sys=0.00s Real=0.00s
[492.383s][info][gc,start       ] GC(2248) Pause Young (Allocation Failure)
[492.383s][info][gc,heap        ] GC(2248) PSYoungGen: 117056K(232960K)->256K(232960K) Eden: 116736K(116736K)->0K(116736K) From: 320K(116224K)->256K(116224K)
[492.383s][info][gc,heap        ] GC(2248) ParOldGen: 5551K(699392K)->5647K(699392K)
[492.383s][info][gc,metaspace   ] GC(2248) Metaspace: 16612K(16896K)->16612K(16896K) NonClass: 14281K(14400K)->14281K(14400K) Class: 2331K(2496K)->2331K(2496K)
[492.383s][info][gc             ] GC(2248) Pause Young (Allocation Failure) 119M->5M(910M) 0.489ms
[492.383s][info][gc,cpu         ] GC(2248) User=0.00s Sys=0.00s Real=0.00s
[492.402s][info][gc,start       ] GC(2249) Pause Young (Allocation Failure)
[492.402s][info][gc,heap        ] GC(2249) PSYoungGen: 116992K(232960K)->256K(232960K) Eden: 116736K(116736K)->0K(116736K) From: 256K(116224K)->256K(116224K)
[492.402s][info][gc,heap        ] GC(2249) ParOldGen: 5647K(699392K)->5679K(699392K)
[492.402s][info][gc,metaspace   ] GC(2249) Metaspace: 16612K(16896K)->16612K(16896K) NonClass: 14281K(14400K)->14281K(14400K) Class: 2331K(2496K)->2331K(2496K)
[492.402s][info][gc             ] GC(2249) Pause Young (Allocation Failure) 119M->5M(910M) 0.424ms
[492.402s][info][gc,cpu         ] GC(2249) User=0.00s Sys=0.00s Real=0.00s
[492.422s][info][gc,start       ] GC(2250) Pause Young (Allocation Failure)
[492.422s][info][gc,heap        ] GC(2250) PSYoungGen: 116992K(232960K)->320K(232960K) Eden: 116736K(116736K)->0K(116736K) From: 256K(116224K)->320K(116224K)
[492.422s][info][gc,heap        ] GC(2250) ParOldGen: 5679K(699392K)->5727K(699392K)
[492.422s][info][gc,metaspace   ] GC(2250) Metaspace: 16612K(16896K)->16612K(16896K) NonClass: 14281K(14400K)->14281K(14400K) Class: 2331K(2496K)->2331K(2496K)
[492.422s][info][gc             ] GC(2250) Pause Young (Allocation Failure) 119M->5M(910M) 0.572ms
[492.422s][info][gc,cpu         ] GC(2250) User=0.00s Sys=0.00s Real=0.00s
[492.443s][info][gc,start       ] GC(2251) Pause Young (Allocation Failure)
[492.443s][info][gc,heap        ] GC(2251) PSYoungGen: 117056K(232960K)->256K(232960K) Eden: 116736K(116736K)->0K(116736K) From: 320K(116224K)->256K(116224K)
[492.444s][info][gc,heap        ] GC(2251) ParOldGen: 5727K(699392K)->5783K(699392K)
[492.444s][info][gc,metaspace   ] GC(2251) Metaspace: 16612K(16896K)->16612K(16896K) NonClass: 14281K(14400K)->14281K(14400K) Class: 2331K(2496K)->2331K(2496K)
[492.444s][info][gc             ] GC(2251) Pause Young (Allocation Failure) 119M->5M(910M) 0.449ms
[492.444s][info][gc,cpu         ] GC(2251) User=0.00s Sys=0.00s Real=0.00s
[492.462s][info][gc,start       ] GC(2252) Pause Young (Allocation Failure)
[492.462s][info][gc,heap        ] GC(2252) PSYoungGen: 116992K(232960K)->320K(232960K) Eden: 116736K(116736K)->0K(116736K) From: 256K(116224K)->320K(116224K)
[492.462s][info][gc,heap        ] GC(2252) ParOldGen: 5783K(699392K)->5815K(699392K)
[492.462s][info][gc,metaspace   ] GC(2252) Metaspace: 16612K(16896K)->16612K(16896K) NonClass: 14281K(14400K)->14281K(14400K) Class: 2331K(2496K)->2331K(2496K)
[492.462s][info][gc             ] GC(2252) Pause Young (Allocation Failure) 119M->5M(910M) 0.460ms
[492.462s][info][gc,cpu         ] GC(2252) User=0.00s Sys=0.00s Real=0.00s
[492.481s][info][gc,start       ] GC(2253) Pause Young (Allocation Failure)
[492.482s][info][gc,heap        ] GC(2253) PSYoungGen: 117056K(232960K)->192K(232960K) Eden: 116736K(116736K)->0K(116736K) From: 320K(116224K)->192K(116224K)
[492.482s][info][gc,heap        ] GC(2253) ParOldGen: 5815K(699392K)->5871K(699392K)
[492.482s][info][gc,metaspace   ] GC(2253) Metaspace: 16612K(16896K)->16612K(16896K) NonClass: 14281K(14400K)->14281K(14400K) Class: 2331K(2496K)->2331K(2496K)
[492.482s][info][gc             ] GC(2253) Pause Young (Allocation Failure) 119M->5M(910M) 0.436ms
[492.482s][info][gc,cpu         ] GC(2253) User=0.00s Sys=0.00s Real=0.00s
[492.501s][info][gc,start       ] GC(2254) Pause Young (Allocation Failure)
[492.502s][info][gc,heap        ] GC(2254) PSYoungGen: 116928K(232960K)->224K(232960K) Eden: 116736K(116736K)->0K(116736K) From: 192K(116224K)->224K(116224K)
[492.502s][info][gc,heap        ] GC(2254) ParOldGen: 5871K(699392K)->5919K(699392K)
[492.502s][info][gc,metaspace   ] GC(2254) Metaspace: 16612K(16896K)->16612K(16896K) NonClass: 14281K(14400K)->14281K(14400K) Class: 2331K(2496K)->2331K(2496K)
[492.502s][info][gc             ] GC(2254) Pause Young (Allocation Failure) 119M->5M(910M) 0.440ms
[492.502s][info][gc,cpu         ] GC(2254) User=0.00s Sys=0.00s Real=0.00s
[492.520s][info][gc,start       ] GC(2255) Pause Young (Allocation Failure)
[492.521s][info][gc,heap        ] GC(2255) PSYoungGen: 116960K(232960K)->192K(232960K) Eden: 116736K(116736K)->0K(116736K) From: 224K(116224K)->192K(116224K)
[492.521s][info][gc,heap        ] GC(2255) ParOldGen: 5919K(699392K)->5967K(699392K)
[492.521s][info][gc,metaspace   ] GC(2255) Metaspace: 16612K(16896K)->16612K(16896K) NonClass: 14281K(14400K)->14281K(14400K) Class: 2331K(2496K)->2331K(2496K)
[492.521s][info][gc             ] GC(2255) Pause Young (Allocation Failure) 119M->6M(910M) 0.449ms
[492.521s][info][gc,cpu         ] GC(2255) User=0.00s Sys=0.00s Real=0.00s
[492.563s][info][gc,start       ] GC(2256) Pause Young (Allocation Failure)
[492.563s][info][gc,heap        ] GC(2256) PSYoungGen: 116928K(232960K)->320K(232960K) Eden: 116736K(116736K)->0K(116736K) From: 192K(116224K)->320K(116224K)
[492.563s][info][gc,heap        ] GC(2256) ParOldGen: 5967K(699392K)->6023K(699392K)
[492.563s][info][gc,metaspace   ] GC(2256) Metaspace: 16612K(16896K)->16612K(16896K) NonClass: 14281K(14400K)->14281K(14400K) Class: 2331K(2496K)->2331K(2496K)
[492.563s][info][gc             ] GC(2256) Pause Young (Allocation Failure) 120M->6M(910M) 0.535ms
[492.563s][info][gc,cpu         ] GC(2256) User=0.00s Sys=0.00s Real=0.00s
[492.586s][info][gc,start       ] GC(2257) Pause Young (Allocation Failure)
[492.587s][info][gc,heap        ] GC(2257) PSYoungGen: 117056K(232960K)->288K(232960K) Eden: 116736K(116736K)->0K(116736K) From: 320K(116224K)->288K(116224K)
[492.587s][info][gc,heap        ] GC(2257) ParOldGen: 6023K(699392K)->6055K(699392K)
[492.587s][info][gc,metaspace   ] GC(2257) Metaspace: 16612K(16896K)->16612K(16896K) NonClass: 14281K(14400K)->14281K(14400K) Class: 2331K(2496K)->2331K(2496K)
[492.587s][info][gc             ] GC(2257) Pause Young (Allocation Failure) 120M->6M(910M) 0.564ms
[492.587s][info][gc,cpu         ] GC(2257) User=0.00s Sys=0.00s Real=0.00s
[492.611s][info][gc,start       ] GC(2258) Pause Young (Allocation Failure)
[492.612s][info][gc,heap        ] GC(2258) PSYoungGen: 117024K(232960K)->288K(232960K) Eden: 116736K(116736K)->0K(116736K) From: 288K(116224K)->288K(116224K)
[492.612s][info][gc,heap        ] GC(2258) ParOldGen: 6055K(699392K)->6095K(699392K)
[492.612s][info][gc,metaspace   ] GC(2258) Metaspace: 16612K(16896K)->16612K(16896K) NonClass: 14281K(14400K)->14281K(14400K) Class: 2331K(2496K)->2331K(2496K)
[492.612s][info][gc             ] GC(2258) Pause Young (Allocation Failure) 120M->6M(910M) 0.664ms
[492.612s][info][gc,cpu         ] GC(2258) User=0.00s Sys=0.00s Real=0.00s
[492.642s][info][gc,start       ] GC(2259) Pause Young (Allocation Failure)
[492.642s][info][gc,heap        ] GC(2259) PSYoungGen: 117024K(232960K)->320K(245760K) Eden: 116736K(116736K)->0K(135168K) From: 288K(116224K)->320K(110592K)
[492.643s][info][gc,heap        ] GC(2259) ParOldGen: 6095K(699392K)->6095K(699392K)
[492.643s][info][gc,metaspace   ] GC(2259) Metaspace: 16612K(16896K)->16612K(16896K) NonClass: 14281K(14400K)->14281K(14400K) Class: 2331K(2496K)->2331K(2496K)
[492.643s][info][gc             ] GC(2259) Pause Young (Allocation Failure) 120M->6M(923M) 0.886ms
[492.643s][info][gc,cpu         ] GC(2259) User=0.00s Sys=0.00s Real=0.00s
[492.668s][info][gc,start       ] GC(2260) Pause Young (Allocation Failure)
[492.669s][info][gc,heap        ] GC(2260) PSYoungGen: 135488K(245760K)->352K(238592K) Eden: 135168K(135168K)->0K(135168K) From: 320K(110592K)->352K(103424K)
[492.669s][info][gc,heap        ] GC(2260) ParOldGen: 6095K(699392K)->6095K(699392K)
[492.669s][info][gc,metaspace   ] GC(2260) Metaspace: 16612K(16896K)->16612K(16896K) NonClass: 14281K(14400K)->14281K(14400K) Class: 2331K(2496K)->2331K(2496K)
[492.669s][info][gc             ] GC(2260) Pause Young (Allocation Failure) 138M->6M(916M) 0.453ms
[492.669s][info][gc,cpu         ] GC(2260) User=0.00s Sys=0.00s Real=0.00s
[492.691s][info][gc,start       ] GC(2261) Pause Young (Allocation Failure)
[492.691s][info][gc,heap        ] GC(2261) PSYoungGen: 135520K(238592K)->384K(259072K) Eden: 135168K(135168K)->0K(162816K) From: 352K(103424K)->384K(96256K)
[492.691s][info][gc,heap        ] GC(2261) ParOldGen: 6095K(699392K)->6095K(699392K)
[492.691s][info][gc,metaspace   ] GC(2261) Metaspace: 16612K(16896K)->16612K(16896K) NonClass: 14281K(14400K)->14281K(14400K) Class: 2331K(2496K)->2331K(2496K)
[492.691s][info][gc             ] GC(2261) Pause Young (Allocation Failure) 138M->6M(936M) 0.634ms
[492.691s][info][gc,cpu         ] GC(2261) User=0.00s Sys=0.00s Real=0.00s
[492.718s][info][gc,start       ] GC(2262) Pause Young (Allocation Failure)
[492.718s][info][gc,heap        ] GC(2262) PSYoungGen: 163200K(259072K)->352K(252928K) Eden: 162816K(162816K)->0K(162816K) From: 384K(96256K)->352K(90112K)
[492.718s][info][gc,heap        ] GC(2262) ParOldGen: 6095K(699392K)->6095K(699392K)
[492.718s][info][gc,metaspace   ] GC(2262) Metaspace: 16612K(16896K)->16612K(16896K) NonClass: 14281K(14400K)->14281K(14400K) Class: 2331K(2496K)->2331K(2496K)
[492.718s][info][gc             ] GC(2262) Pause Young (Allocation Failure) 165M->6M(930M) 0.441ms
[492.718s][info][gc,cpu         ] GC(2262) User=0.00s Sys=0.00s Real=0.00s
[492.745s][info][gc,start       ] GC(2263) Pause Young (Allocation Failure)
[492.746s][info][gc,heap        ] GC(2263) PSYoungGen: 163168K(252928K)->352K(271360K) Eden: 162816K(162816K)->0K(187392K) From: 352K(90112K)->352K(83968K)
[492.746s][info][gc,heap        ] GC(2263) ParOldGen: 6095K(699392K)->6095K(699392K)
[492.746s][info][gc,metaspace   ] GC(2263) Metaspace: 16612K(16896K)->16612K(16896K) NonClass: 14281K(14400K)->14281K(14400K) Class: 2331K(2496K)->2331K(2496K)
[492.746s][info][gc             ] GC(2263) Pause Young (Allocation Failure) 165M->6M(948M) 0.397ms
[492.746s][info][gc,cpu         ] GC(2263) User=0.00s Sys=0.00s Real=0.00s
[492.776s][info][gc,start       ] GC(2264) Pause Young (Allocation Failure)
[492.777s][info][gc,heap        ] GC(2264) PSYoungGen: 187744K(271360K)->352K(265216K) Eden: 187392K(187392K)->0K(187392K) From: 352K(83968K)->352K(77824K)
[492.777s][info][gc,heap        ] GC(2264) ParOldGen: 6095K(699392K)->6095K(699392K)
[492.777s][info][gc,metaspace   ] GC(2264) Metaspace: 16612K(16896K)->16612K(16896K) NonClass: 14281K(14400K)->14281K(14400K) Class: 2331K(2496K)->2331K(2496K)
[492.777s][info][gc             ] GC(2264) Pause Young (Allocation Failure) 189M->6M(942M) 0.544ms
[492.777s][info][gc,cpu         ] GC(2264) User=0.00s Sys=0.00s Real=0.00s
[492.807s][info][gc,start       ] GC(2265) Pause Young (Allocation Failure)
[492.808s][info][gc,heap        ] GC(2265) PSYoungGen: 187744K(265216K)->384K(282112K) Eden: 187392K(187392K)->0K(209920K) From: 352K(77824K)->384K(72192K)
[492.808s][info][gc,heap        ] GC(2265) ParOldGen: 6095K(699392K)->6095K(699392K)
[492.808s][info][gc,metaspace   ] GC(2265) Metaspace: 16612K(16896K)->16612K(16896K) NonClass: 14281K(14400K)->14281K(14400K) Class: 2331K(2496K)->2331K(2496K)
[492.808s][info][gc             ] GC(2265) Pause Young (Allocation Failure) 189M->6M(958M) 0.628ms
[492.808s][info][gc,cpu         ] GC(2265) User=0.00s Sys=0.00s Real=0.00s
[492.842s][info][gc,start       ] GC(2266) Pause Young (Allocation Failure)
[492.843s][info][gc,heap        ] GC(2266) PSYoungGen: 210304K(282112K)->352K(276992K) Eden: 209920K(209920K)->0K(209920K) From: 384K(72192K)->352K(67072K)
[492.843s][info][gc,heap        ] GC(2266) ParOldGen: 6095K(699392K)->6095K(699392K)
[492.843s][info][gc,metaspace   ] GC(2266) Metaspace: 16612K(16896K)->16612K(16896K) NonClass: 14281K(14400K)->14281K(14400K) Class: 2331K(2496K)->2331K(2496K)
[492.843s][info][gc             ] GC(2266) Pause Young (Allocation Failure) 211M->6M(953M) 0.559ms
[492.843s][info][gc,cpu         ] GC(2266) User=0.00s Sys=0.00s Real=0.00s
[492.886s][info][gc,start       ] GC(2267) Pause Young (Allocation Failure)
[492.894s][info][gc,heap        ] GC(2267) PSYoungGen: 210272K(276992K)->21059K(286720K) Eden: 209920K(209920K)->0K(224256K) From: 352K(67072K)->21059K(62464K)
[492.894s][info][gc,heap        ] GC(2267) ParOldGen: 6095K(699392K)->6095K(699392K)
[492.894s][info][gc,metaspace   ] GC(2267) Metaspace: 16612K(16896K)->16612K(16896K) NonClass: 14281K(14400K)->14281K(14400K) Class: 2331K(2496K)->2331K(2496K)
[492.894s][info][gc             ] GC(2267) Pause Young (Allocation Failure) 211M->26M(963M) 8.158ms
[492.894s][info][gc,cpu         ] GC(2267) User=0.02s Sys=0.00s Real=0.02s
[493.034s][info][gc,start       ] GC(2268) Pause Young (Allocation Failure)
[493.121s][info][gc,heap        ] GC(2268) PSYoungGen: 245315K(286720K)->62435K(286720K) Eden: 224256K(224256K)->0K(224256K) From: 21059K(62464K)->62435K(62464K)
[493.122s][info][gc,heap        ] GC(2268) ParOldGen: 6095K(699392K)->113983K(699392K)
[493.122s][info][gc,metaspace   ] GC(2268) Metaspace: 16612K(16896K)->16612K(16896K) NonClass: 14281K(14400K)->14281K(14400K) Class: 2331K(2496K)->2331K(2496K)
[493.122s][info][gc             ] GC(2268) Pause Young (Allocation Failure) 245M->172M(963M) 87.445ms
[493.122s][info][gc,cpu         ] GC(2268) User=0.47s Sys=0.00s Real=0.08s
[493.303s][info][gc,start       ] GC(2269) Pause Young (Allocation Failure)
[493.422s][info][gc,heap        ] GC(2269) PSYoungGen: 286691K(286720K)->62435K(179200K) Eden: 224256K(224256K)->0K(116736K) From: 62435K(62464K)->62435K(62464K)
[493.422s][info][gc,heap        ] GC(2269) ParOldGen: 113983K(699392K)->268399K(699392K)
[493.422s][info][gc,metaspace   ] GC(2269) Metaspace: 16612K(16896K)->16612K(16896K) NonClass: 14281K(14400K)->14281K(14400K) Class: 2331K(2496K)->2331K(2496K)
[493.422s][info][gc             ] GC(2269) Pause Young (Allocation Failure) 391M->323M(858M) 119.205ms
[493.422s][info][gc,cpu         ] GC(2269) User=0.66s Sys=0.00s Real=0.11s
[493.516s][info][gc,start       ] GC(2270) Pause Young (Allocation Failure)
[493.589s][info][gc,heap        ] GC(2270) PSYoungGen: 179171K(179200K)->116195K(232960K) Eden: 116736K(116736K)->0K(116736K) From: 62435K(62464K)->116195K(116224K)
[493.589s][info][gc,heap        ] GC(2270) ParOldGen: 268399K(699392K)->295679K(699392K)
[493.589s][info][gc,metaspace   ] GC(2270) Metaspace: 16612K(16896K)->16612K(16896K) NonClass: 14281K(14400K)->14281K(14400K) Class: 2331K(2496K)->2331K(2496K)
[493.589s][info][gc             ] GC(2270) Pause Young (Allocation Failure) 437M->402M(910M) 72.559ms
[493.589s][info][gc,cpu         ] GC(2270) User=0.48s Sys=0.00s Real=0.08s
[493.817s][info][gc,start       ] GC(2271) Pause Young (Allocation Failure)
[493.902s][info][gc,heap        ] GC(2271) PSYoungGen: 232931K(232960K)->116210K(232960K) Eden: 116736K(116736K)->0K(116736K) From: 116195K(116224K)->116210K(116224K)
[493.902s][info][gc,heap        ] GC(2271) ParOldGen: 295679K(699392K)->332040K(699392K)
[493.902s][info][gc,metaspace   ] GC(2271) Metaspace: 16612K(16896K)->16612K(16896K) NonClass: 14281K(14400K)->14281K(14400K) Class: 2331K(2496K)->2331K(2496K)
[493.902s][info][gc             ] GC(2271) Pause Young (Allocation Failure) 516M->437M(910M) 84.173ms
[493.902s][info][gc,cpu         ] GC(2271) User=0.50s Sys=0.00s Real=0.09s
[496.315s][info][gc,start       ] GC(2272) Pause Young (Allocation Failure)
[496.398s][info][gc,heap        ] GC(2272) PSYoungGen: 232946K(232960K)->116224K(232960K) Eden: 116736K(116736K)->0K(116736K) From: 116210K(116224K)->116224K(116224K)
[496.398s][info][gc,heap        ] GC(2272) ParOldGen: 332040K(699392K)->367459K(699392K)
[496.398s][info][gc,metaspace   ] GC(2272) Metaspace: 16612K(16896K)->16612K(16896K) NonClass: 14281K(14400K)->14281K(14400K) Class: 2331K(2496K)->2331K(2496K)
[496.398s][info][gc             ] GC(2272) Pause Young (Allocation Failure) 551M->472M(910M) 83.145ms
[496.398s][info][gc,cpu         ] GC(2272) User=0.44s Sys=0.00s Real=0.08s
[496.453s][info][gc,start       ] GC(2273) Pause Young (Allocation Failure)
[496.521s][info][gc,heap        ] GC(2273) PSYoungGen: 232960K(232960K)->116224K(232960K) Eden: 116736K(116736K)->0K(116736K) From: 116224K(116224K)->116224K(116224K)
[496.522s][info][gc,heap        ] GC(2273) ParOldGen: 367459K(699392K)->417891K(699392K)
[496.522s][info][gc,metaspace   ] GC(2273) Metaspace: 16612K(16896K)->16612K(16896K) NonClass: 14281K(14400K)->14281K(14400K) Class: 2331K(2496K)->2331K(2496K)
[496.522s][info][gc             ] GC(2273) Pause Young (Allocation Failure) 586M->521M(910M) 68.291ms
[496.522s][info][gc,cpu         ] GC(2273) User=0.42s Sys=0.00s Real=0.08s
[496.579s][info][gc,start       ] GC(2274) Pause Young (Allocation Failure)
[496.665s][info][gc,heap        ] GC(2274) PSYoungGen: 232960K(232960K)->88544K(232960K) Eden: 116736K(116736K)->0K(116736K) From: 116224K(116224K)->88544K(116224K)
[496.665s][info][gc,heap        ] GC(2274) ParOldGen: 417891K(699392K)->495595K(699392K)
[496.665s][info][gc,metaspace   ] GC(2274) Metaspace: 16612K(16896K)->16612K(16896K) NonClass: 14281K(14400K)->14281K(14400K) Class: 2331K(2496K)->2331K(2496K)
[496.665s][info][gc             ] GC(2274) Pause Young (Allocation Failure) 635M->570M(910M) 86.227ms
[496.665s][info][gc,cpu         ] GC(2274) User=0.45s Sys=0.00s Real=0.09s
[496.724s][info][gc,start       ] GC(2275) Pause Young (Allocation Failure)
[496.787s][info][gc,heap        ] GC(2275) PSYoungGen: 205280K(232960K)->98944K(232960K) Eden: 116736K(116736K)->0K(116736K) From: 88544K(116224K)->98944K(116224K)
[496.787s][info][gc,heap        ] GC(2275) ParOldGen: 495595K(699392K)->533643K(699392K)
[496.787s][info][gc,metaspace   ] GC(2275) Metaspace: 16612K(16896K)->16612K(16896K) NonClass: 14281K(14400K)->14281K(14400K) Class: 2331K(2496K)->2331K(2496K)
[496.787s][info][gc             ] GC(2275) Pause Young (Allocation Failure) 684M->617M(910M) 62.746ms
[496.787s][info][gc,cpu         ] GC(2275) User=0.31s Sys=0.00s Real=0.06s
[496.844s][info][gc,start       ] GC(2276) Pause Young (Allocation Failure)
[496.916s][info][gc,heap        ] GC(2276) PSYoungGen: 215680K(232960K)->50752K(232960K) Eden: 116736K(116736K)->0K(116736K) From: 98944K(116224K)->50752K(116224K)
[496.916s][info][gc,heap        ] GC(2276) ParOldGen: 533643K(699392K)->630251K(699392K)
[496.916s][info][gc,metaspace   ] GC(2276) Metaspace: 16612K(16896K)->16612K(16896K) NonClass: 14281K(14400K)->14281K(14400K) Class: 2331K(2496K)->2331K(2496K)
[496.916s][info][gc             ] GC(2276) Pause Young (Allocation Failure) 731M->665M(910M) 71.912ms
[496.916s][info][gc,cpu         ] GC(2276) User=0.25s Sys=0.00s Real=0.07s
[496.976s][info][gc,start       ] GC(2277) Pause Full (Ergonomics)
[496.977s][info][gc,phases,start] GC(2277) Marking Phase
[497.055s][info][gc,phases      ] GC(2277) Marking Phase 78.396ms
[497.055s][info][gc,phases,start] GC(2277) Summary Phase
[497.055s][info][gc,phases      ] GC(2277) Summary Phase 0.021ms
[497.055s][info][gc,phases,start] GC(2277) Adjust Roots
[497.057s][info][gc,phases      ] GC(2277) Adjust Roots 1.770ms
[497.057s][info][gc,phases,start] GC(2277) Compaction Phase
[497.213s][info][gc,phases      ] GC(2277) Compaction Phase 156.128ms
[497.213s][info][gc,phases,start] GC(2277) Post Compact
[497.215s][info][gc,phases      ] GC(2277) Post Compact 1.657ms
[497.215s][info][gc,heap        ] GC(2277) PSYoungGen: 167488K(232960K)->0K(232960K) Eden: 116736K(116736K)->0K(116736K) From: 50752K(116224K)->0K(116224K)
[497.215s][info][gc,heap        ] GC(2277) ParOldGen: 630251K(699392K)->286197K(699392K)
[497.215s][info][gc,metaspace   ] GC(2277) Metaspace: 16612K(16896K)->16612K(16896K) NonClass: 14281K(14400K)->14281K(14400K) Class: 2331K(2496K)->2331K(2496K)
[497.215s][info][gc             ] GC(2277) Pause Full (Ergonomics) 779M->279M(910M) 238.322ms
[497.215s][info][gc,cpu         ] GC(2277) User=1.19s Sys=0.00s Real=0.24s
[497.274s][info][gc,start       ] GC(2278) Pause Young (Allocation Failure)
[497.298s][info][gc,heap        ] GC(2278) PSYoungGen: 116736K(232960K)->50976K(232960K) Eden: 116736K(116736K)->0K(116736K) From: 0K(116224K)->50976K(116224K)
[497.298s][info][gc,heap        ] GC(2278) ParOldGen: 286197K(699392K)->286197K(699392K)
[497.298s][info][gc,metaspace   ] GC(2278) Metaspace: 16612K(16896K)->16612K(16896K) NonClass: 14281K(14400K)->14281K(14400K) Class: 2331K(2496K)->2331K(2496K)
[497.298s][info][gc             ] GC(2278) Pause Young (Allocation Failure) 393M->329M(910M) 23.941ms
[497.298s][info][gc,cpu         ] GC(2278) User=0.08s Sys=0.00s Real=0.02s
[497.358s][info][gc,start       ] GC(2279) Pause Young (Allocation Failure)
[497.405s][info][gc,heap        ] GC(2279) PSYoungGen: 167712K(232960K)->51040K(232960K) Eden: 116736K(116736K)->0K(116736K) From: 50976K(116224K)->51040K(116224K)
[497.405s][info][gc,heap        ] GC(2279) ParOldGen: 286197K(699392K)->334245K(699392K)
[497.405s][info][gc,metaspace   ] GC(2279) Metaspace: 16612K(16896K)->16612K(16896K) NonClass: 14281K(14400K)->14281K(14400K) Class: 2331K(2496K)->2331K(2496K)
[497.405s][info][gc             ] GC(2279) Pause Young (Allocation Failure) 443M->376M(910M) 47.413ms
[497.405s][info][gc,cpu         ] GC(2279) User=0.17s Sys=0.00s Real=0.05s
[497.491s][info][gc,start       ] GC(2280) Pause Young (Allocation Failure)
[497.538s][info][gc,heap        ] GC(2280) PSYoungGen: 167776K(232960K)->68714K(232960K) Eden: 116736K(116736K)->0K(116736K) From: 51040K(116224K)->68714K(116224K)
[497.538s][info][gc,heap        ] GC(2280) ParOldGen: 334245K(699392K)->382269K(699392K)
[497.538s][info][gc,metaspace   ] GC(2280) Metaspace: 16612K(16896K)->16612K(16896K) NonClass: 14281K(14400K)->14281K(14400K) Class: 2331K(2496K)->2331K(2496K)
[497.538s][info][gc             ] GC(2280) Pause Young (Allocation Failure) 490M->440M(910M) 47.447ms
[497.538s][info][gc,cpu         ] GC(2280) User=0.16s Sys=0.00s Real=0.05s
[497.834s][info][gc,start       ] GC(2281) Pause Young (Allocation Failure)
[497.916s][info][gc,heap        ] GC(2281) PSYoungGen: 185450K(232960K)->43072K(232960K) Eden: 116736K(116736K)->0K(116736K) From: 68714K(116224K)->43072K(116224K)
[497.916s][info][gc,heap        ] GC(2281) ParOldGen: 382269K(699392K)->445064K(699392K)
[497.916s][info][gc,metaspace   ] GC(2281) Metaspace: 16612K(16896K)->16612K(16896K) NonClass: 14281K(14400K)->14281K(14400K) Class: 2331K(2496K)->2331K(2496K)
[497.916s][info][gc             ] GC(2281) Pause Young (Allocation Failure) 554M->476M(910M) 81.680ms
[497.916s][info][gc,cpu         ] GC(2281) User=0.31s Sys=0.00s Real=0.10s
[498.056s][info][gc,start       ] GC(2282) Pause Young (Allocation Failure)
[498.096s][info][gc,heap        ] GC(2282) PSYoungGen: 159808K(232960K)->3904K(232960K) Eden: 116736K(116736K)->0K(116736K) From: 43072K(116224K)->3904K(116224K)
[498.096s][info][gc,heap        ] GC(2282) ParOldGen: 445064K(699392K)->476280K(699392K)
[498.096s][info][gc,metaspace   ] GC(2282) Metaspace: 16612K(16896K)->16612K(16896K) NonClass: 14281K(14400K)->14281K(14400K) Class: 2331K(2496K)->2331K(2496K)
[498.096s][info][gc             ] GC(2282) Pause Young (Allocation Failure) 590M->468M(910M) 40.305ms
[498.096s][info][gc,cpu         ] GC(2282) User=0.17s Sys=0.00s Real=0.04s
[498.237s][info][gc,start       ] GC(2283) Pause Young (Allocation Failure)
[498.240s][info][gc,heap        ] GC(2283) PSYoungGen: 120640K(232960K)->3136K(232960K) Eden: 116736K(116736K)->0K(116736K) From: 3904K(116224K)->3136K(116224K)
[498.240s][info][gc,heap        ] GC(2283) ParOldGen: 476280K(699392K)->476632K(699392K)
[498.240s][info][gc,metaspace   ] GC(2283) Metaspace: 16612K(16896K)->16612K(16896K) NonClass: 14281K(14400K)->14281K(14400K) Class: 2331K(2496K)->2331K(2496K)
[498.240s][info][gc             ] GC(2283) Pause Young (Allocation Failure) 582M->468M(910M) 3.417ms
[498.240s][info][gc,cpu         ] GC(2283) User=0.00s Sys=0.00s Real=0.00s
[498.381s][info][gc,start       ] GC(2284) Pause Young (Allocation Failure)
[498.383s][info][gc,heap        ] GC(2284) PSYoungGen: 119872K(232960K)->2368K(232960K) Eden: 116736K(116736K)->0K(116736K) From: 3136K(116224K)->2368K(116224K)
[498.383s][info][gc,heap        ] GC(2284) ParOldGen: 476632K(699392K)->476752K(699392K)
[498.383s][info][gc,metaspace   ] GC(2284) Metaspace: 16612K(16896K)->16612K(16896K) NonClass: 14281K(14400K)->14281K(14400K) Class: 2331K(2496K)->2331K(2496K)
[498.383s][info][gc             ] GC(2284) Pause Young (Allocation Failure) 582M->467M(910M) 2.425ms
[498.383s][info][gc,cpu         ] GC(2284) User=0.00s Sys=0.00s Real=0.00s
[498.532s][info][gc,start       ] GC(2285) Pause Young (Allocation Failure)
[498.533s][info][gc,heap        ] GC(2285) PSYoungGen: 119104K(232960K)->320K(232960K) Eden: 116736K(116736K)->0K(116736K) From: 2368K(116224K)->320K(116224K)
[498.533s][info][gc,heap        ] GC(2285) ParOldGen: 476752K(699392K)->476800K(699392K)
[498.533s][info][gc,metaspace   ] GC(2285) Metaspace: 16612K(16896K)->16612K(16896K) NonClass: 14281K(14400K)->14281K(14400K) Class: 2331K(2496K)->2331K(2496K)
[498.533s][info][gc             ] GC(2285) Pause Young (Allocation Failure) 581M->465M(910M) 1.106ms
[498.533s][info][gc,cpu         ] GC(2285) User=0.00s Sys=0.00s Real=0.00s
[499.230s][info][gc,start       ] GC(2286) Pause Young (System.gc())
[499.231s][info][gc,heap        ] GC(2286) PSYoungGen: 93777K(232960K)->160K(232960K) Eden: 93457K(116736K)->0K(116736K) From: 320K(116224K)->160K(116224K)
[499.231s][info][gc,heap        ] GC(2286) ParOldGen: 476800K(699392K)->476800K(699392K)
[499.231s][info][gc,metaspace   ] GC(2286) Metaspace: 16612K(16896K)->16612K(16896K) NonClass: 14281K(14400K)->14281K(14400K) Class: 2331K(2496K)->2331K(2496K)
[499.231s][info][gc             ] GC(2286) Pause Young (System.gc()) 557M->465M(910M) 0.870ms
[499.231s][info][gc,cpu         ] GC(2286) User=0.00s Sys=0.00s Real=0.00s
[499.231s][info][gc,start       ] GC(2287) Pause Full (System.gc())
[499.231s][info][gc,phases,start] GC(2287) Marking Phase
[499.236s][info][gc,phases      ] GC(2287) Marking Phase 4.857ms
[499.236s][info][gc,phases,start] GC(2287) Summary Phase
[499.236s][info][gc,phases      ] GC(2287) Summary Phase 0.014ms
[499.236s][info][gc,phases,start] GC(2287) Adjust Roots
[499.238s][info][gc,phases      ] GC(2287) Adjust Roots 1.954ms
[499.238s][info][gc,phases,start] GC(2287) Compaction Phase
[499.240s][info][gc,phases      ] GC(2287) Compaction Phase 1.577ms
[499.240s][info][gc,phases,start] GC(2287) Post Compact
[499.242s][info][gc,phases      ] GC(2287) Post Compact 1.829ms
[499.242s][info][gc,heap        ] GC(2287) PSYoungGen: 160K(232960K)->0K(232960K) Eden: 0K(116736K)->0K(116736K) From: 160K(116224K)->0K(116224K)
[499.242s][info][gc,heap        ] GC(2287) ParOldGen: 476800K(699392K)->5551K(699392K)
[499.242s][info][gc,metaspace   ] GC(2287) Metaspace: 16612K(16896K)->16612K(16896K) NonClass: 14281K(14400K)->14281K(14400K) Class: 2331K(2496K)->2331K(2496K)
[499.242s][info][gc             ] GC(2287) Pause Full (System.gc()) 465M->5M(910M) 10.502ms
[499.242s][info][gc,cpu         ] GC(2287) User=0.00s Sys=0.00s Real=0.02s
[500.535s][info][gc,start       ] GC(2288) Pause Young (Allocation Failure)
[500.536s][info][gc,heap        ] GC(2288) PSYoungGen: 116736K(232960K)->352K(232960K) Eden: 116736K(116736K)->0K(116736K) From: 0K(116224K)->352K(116224K)
[500.536s][info][gc,heap        ] GC(2288) ParOldGen: 5551K(699392K)->5551K(699392K)
[500.536s][info][gc,metaspace   ] GC(2288) Metaspace: 16612K(16896K)->16612K(16896K) NonClass: 14281K(14400K)->14281K(14400K) Class: 2331K(2496K)->2331K(2496K)
[500.536s][info][gc             ] GC(2288) Pause Young (Allocation Failure) 119M->5M(910M) 0.628ms
[500.536s][info][gc,cpu         ] GC(2288) User=0.00s Sys=0.00s Real=0.00s
[500.558s][info][gc,start       ] GC(2289) Pause Young (Allocation Failure)
[500.558s][info][gc,heap        ] GC(2289) PSYoungGen: 117088K(232960K)->224K(232960K) Eden: 116736K(116736K)->0K(116736K) From: 352K(116224K)->224K(116224K)
[500.558s][info][gc,heap        ] GC(2289) ParOldGen: 5551K(699392K)->5655K(699392K)
[500.558s][info][gc,metaspace   ] GC(2289) Metaspace: 16612K(16896K)->16612K(16896K) NonClass: 14281K(14400K)->14281K(14400K) Class: 2331K(2496K)->2331K(2496K)
[500.558s][info][gc             ] GC(2289) Pause Young (Allocation Failure) 119M->5M(910M) 0.447ms
[500.558s][info][gc,cpu         ] GC(2289) User=0.00s Sys=0.00s Real=0.00s
[500.579s][info][gc,start       ] GC(2290) Pause Young (Allocation Failure)
[500.579s][info][gc,heap        ] GC(2290) PSYoungGen: 116960K(232960K)->288K(232960K) Eden: 116736K(116736K)->0K(116736K) From: 224K(116224K)->288K(116224K)
[500.579s][info][gc,heap        ] GC(2290) ParOldGen: 5655K(699392K)->5703K(699392K)
[500.579s][info][gc,metaspace   ] GC(2290) Metaspace: 16612K(16896K)->16612K(16896K) NonClass: 14281K(14400K)->14281K(14400K) Class: 2331K(2496K)->2331K(2496K)
[500.579s][info][gc             ] GC(2290) Pause Young (Allocation Failure) 119M->5M(910M) 0.405ms
[500.579s][info][gc,cpu         ] GC(2290) User=0.00s Sys=0.00s Real=0.00s
[500.600s][info][gc,start       ] GC(2291) Pause Young (Allocation Failure)
[500.600s][info][gc,heap        ] GC(2291) PSYoungGen: 117024K(232960K)->288K(232960K) Eden: 116736K(116736K)->0K(116736K) From: 288K(116224K)->288K(116224K)
[500.600s][info][gc,heap        ] GC(2291) ParOldGen: 5703K(699392K)->5743K(699392K)
[500.600s][info][gc,metaspace   ] GC(2291) Metaspace: 16612K(16896K)->16612K(16896K) NonClass: 14281K(14400K)->14281K(14400K) Class: 2331K(2496K)->2331K(2496K)
[500.600s][info][gc             ] GC(2291) Pause Young (Allocation Failure) 119M->5M(910M) 0.467ms
[500.600s][info][gc,cpu         ] GC(2291) User=0.00s Sys=0.00s Real=0.00s
[500.621s][info][gc,start       ] GC(2292) Pause Young (Allocation Failure)
[500.621s][info][gc,heap        ] GC(2292) PSYoungGen: 117024K(232960K)->224K(232960K) Eden: 116736K(116736K)->0K(116736K) From: 288K(116224K)->224K(116224K)
[500.621s][info][gc,heap        ] GC(2292) ParOldGen: 5743K(699392K)->5791K(699392K)
[500.621s][info][gc,metaspace   ] GC(2292) Metaspace: 16612K(16896K)->16612K(16896K) NonClass: 14281K(14400K)->14281K(14400K) Class: 2331K(2496K)->2331K(2496K)
[500.621s][info][gc             ] GC(2292) Pause Young (Allocation Failure) 119M->5M(910M) 0.410ms
[500.621s][info][gc,cpu         ] GC(2292) User=0.00s Sys=0.00s Real=0.00s
[500.641s][info][gc,start       ] GC(2293) Pause Young (Allocation Failure)
[500.641s][info][gc,heap        ] GC(2293) PSYoungGen: 116960K(232960K)->352K(232960K) Eden: 116736K(116736K)->0K(116736K) From: 224K(116224K)->352K(116224K)
[500.641s][info][gc,heap        ] GC(2293) ParOldGen: 5791K(699392K)->5839K(699392K)
[500.641s][info][gc,metaspace   ] GC(2293) Metaspace: 16612K(16896K)->16612K(16896K) NonClass: 14281K(14400K)->14281K(14400K) Class: 2331K(2496K)->2331K(2496K)
[500.641s][info][gc             ] GC(2293) Pause Young (Allocation Failure) 119M->6M(910M) 0.496ms
[500.641s][info][gc,cpu         ] GC(2293) User=0.00s Sys=0.00s Real=0.00s
[500.661s][info][gc,start       ] GC(2294) Pause Young (Allocation Failure)
[500.661s][info][gc,heap        ] GC(2294) PSYoungGen: 117088K(232960K)->320K(232960K) Eden: 116736K(116736K)->0K(116736K) From: 352K(116224K)->320K(116224K)
[500.662s][info][gc,heap        ] GC(2294) ParOldGen: 5839K(699392K)->5887K(699392K)
[500.662s][info][gc,metaspace   ] GC(2294) Metaspace: 16612K(16896K)->16612K(16896K) NonClass: 14281K(14400K)->14281K(14400K) Class: 2331K(2496K)->2331K(2496K)
[500.662s][info][gc             ] GC(2294) Pause Young (Allocation Failure) 120M->6M(910M) 0.500ms
[500.662s][info][gc,cpu         ] GC(2294) User=0.00s Sys=0.00s Real=0.00s
[500.681s][info][gc,start       ] GC(2295) Pause Young (Allocation Failure)
[500.684s][info][gc,heap        ] GC(2295) PSYoungGen: 117056K(232960K)->256K(232960K) Eden: 116736K(116736K)->0K(116736K) From: 320K(116224K)->256K(116224K)
[500.684s][info][gc,heap        ] GC(2295) ParOldGen: 5887K(699392K)->5927K(699392K)
[500.684s][info][gc,metaspace   ] GC(2295) Metaspace: 16612K(16896K)->16612K(16896K) NonClass: 14281K(14400K)->14281K(14400K) Class: 2331K(2496K)->2331K(2496K)
[500.684s][info][gc             ] GC(2295) Pause Young (Allocation Failure) 120M->6M(910M) 2.647ms
[500.684s][info][gc,cpu         ] GC(2295) User=0.00s Sys=0.00s Real=0.00s
[500.703s][info][gc,start       ] GC(2296) Pause Young (Allocation Failure)
[500.703s][info][gc,heap        ] GC(2296) PSYoungGen: 116992K(232960K)->384K(237056K) Eden: 116736K(116736K)->0K(120832K) From: 256K(116224K)->384K(116224K)
[500.703s][info][gc,heap        ] GC(2296) ParOldGen: 5927K(699392K)->5967K(699392K)
[500.703s][info][gc,metaspace   ] GC(2296) Metaspace: 16612K(16896K)->16612K(16896K) NonClass: 14281K(14400K)->14281K(14400K) Class: 2331K(2496K)->2331K(2496K)
[500.703s][info][gc             ] GC(2296) Pause Young (Allocation Failure) 120M->6M(914M) 0.434ms
[500.703s][info][gc,cpu         ] GC(2296) User=0.00s Sys=0.00s Real=0.00s
[500.722s][info][gc,start       ] GC(2297) Pause Young (Allocation Failure)
[500.722s][info][gc,heap        ] GC(2297) PSYoungGen: 121216K(237056K)->384K(232960K) Eden: 120832K(120832K)->0K(120832K) From: 384K(116224K)->384K(112128K)
[500.722s][info][gc,heap        ] GC(2297) ParOldGen: 5967K(699392K)->5967K(699392K)
[500.722s][info][gc,metaspace   ] GC(2297) Metaspace: 16612K(16896K)->16612K(16896K) NonClass: 14281K(14400K)->14281K(14400K) Class: 2331K(2496K)->2331K(2496K)
[500.723s][info][gc             ] GC(2297) Pause Young (Allocation Failure) 124M->6M(910M) 0.444ms
[500.723s][info][gc,cpu         ] GC(2297) User=0.00s Sys=0.00s Real=0.00s
[500.742s][info][gc,start       ] GC(2298) Pause Young (Allocation Failure)
[500.743s][info][gc,heap        ] GC(2298) PSYoungGen: 121216K(232960K)->384K(250368K) Eden: 120832K(120832K)->0K(145408K) From: 384K(112128K)->384K(104960K)
[500.743s][info][gc,heap        ] GC(2298) ParOldGen: 5967K(699392K)->5967K(699392K)
[500.743s][info][gc,metaspace   ] GC(2298) Metaspace: 16612K(16896K)->16612K(16896K) NonClass: 14281K(14400K)->14281K(14400K) Class: 2331K(2496K)->2331K(2496K)
[500.743s][info][gc             ] GC(2298) Pause Young (Allocation Failure) 124M->6M(927M) 0.428ms
[500.743s][info][gc,cpu         ] GC(2298) User=0.00s Sys=0.00s Real=0.02s
[500.766s][info][gc,start       ] GC(2299) Pause Young (Allocation Failure)
[500.766s][info][gc,heap        ] GC(2299) PSYoungGen: 145792K(250368K)->352K(244224K) Eden: 145408K(145408K)->0K(145408K) From: 384K(104960K)->352K(98816K)
[500.766s][info][gc,heap        ] GC(2299) ParOldGen: 5967K(699392K)->5967K(699392K)
[500.766s][info][gc,metaspace   ] GC(2299) Metaspace: 16612K(16896K)->16612K(16896K) NonClass: 14281K(14400K)->14281K(14400K) Class: 2331K(2496K)->2331K(2496K)
[500.766s][info][gc             ] GC(2299) Pause Young (Allocation Failure) 148M->6M(921M) 0.459ms
[500.766s][info][gc,cpu         ] GC(2299) User=0.00s Sys=0.00s Real=0.00s
[500.791s][info][gc,start       ] GC(2300) Pause Young (Allocation Failure)
[500.791s][info][gc,heap        ] GC(2300) PSYoungGen: 145760K(244224K)->384K(262656K) Eden: 145408K(145408K)->0K(169984K) From: 352K(98816K)->384K(92672K)
[500.791s][info][gc,heap        ] GC(2300) ParOldGen: 5967K(699392K)->5967K(699392K)
[500.791s][info][gc,metaspace   ] GC(2300) Metaspace: 16612K(16896K)->16612K(16896K) NonClass: 14281K(14400K)->14281K(14400K) Class: 2331K(2496K)->2331K(2496K)
[500.791s][info][gc             ] GC(2300) Pause Young (Allocation Failure) 148M->6M(939M) 0.405ms
[500.791s][info][gc,cpu         ] GC(2300) User=0.00s Sys=0.00s Real=0.00s
[500.818s][info][gc,start       ] GC(2301) Pause Young (Allocation Failure)
[500.818s][info][gc,heap        ] GC(2301) PSYoungGen: 170368K(262656K)->384K(256512K) Eden: 169984K(169984K)->0K(169984K) From: 384K(92672K)->384K(86528K)
[500.818s][info][gc,heap        ] GC(2301) ParOldGen: 5967K(699392K)->5967K(699392K)
[500.818s][info][gc,metaspace   ] GC(2301) Metaspace: 16612K(16896K)->16612K(16896K) NonClass: 14281K(14400K)->14281K(14400K) Class: 2331K(2496K)->2331K(2496K)
[500.818s][info][gc             ] GC(2301) Pause Young (Allocation Failure) 172M->6M(933M) 0.433ms
[500.818s][info][gc,cpu         ] GC(2301) User=0.00s Sys=0.00s Real=0.00s
[500.845s][info][gc,start       ] GC(2302) Pause Young (Allocation Failure)
[500.846s][info][gc,heap        ] GC(2302) PSYoungGen: 170368K(256512K)->384K(273920K) Eden: 169984K(169984K)->0K(193024K) From: 384K(86528K)->384K(80896K)
[500.846s][info][gc,heap        ] GC(2302) ParOldGen: 5967K(699392K)->5967K(699392K)
[500.846s][info][gc,metaspace   ] GC(2302) Metaspace: 16612K(16896K)->16612K(16896K) NonClass: 14281K(14400K)->14281K(14400K) Class: 2331K(2496K)->2331K(2496K)
[500.846s][info][gc             ] GC(2302) Pause Young (Allocation Failure) 172M->6M(950M) 0.595ms
[500.846s][info][gc,cpu         ] GC(2302) User=0.00s Sys=0.00s Real=0.00s
[500.879s][info][gc,start       ] GC(2303) Pause Young (Allocation Failure)
[500.879s][info][gc,heap        ] GC(2303) PSYoungGen: 193408K(273920K)->352K(268288K) Eden: 193024K(193024K)->0K(193024K) From: 384K(80896K)->352K(75264K)
[500.879s][info][gc,heap        ] GC(2303) ParOldGen: 5967K(699392K)->5967K(699392K)
[500.879s][info][gc,metaspace   ] GC(2303) Metaspace: 16612K(16896K)->16612K(16896K) NonClass: 14281K(14400K)->14281K(14400K) Class: 2331K(2496K)->2331K(2496K)
[500.879s][info][gc             ] GC(2303) Pause Young (Allocation Failure) 194M->6M(945M) 0.459ms
[500.879s][info][gc,cpu         ] GC(2303) User=0.00s Sys=0.00s Real=0.00s
[500.912s][info][gc,start       ] GC(2304) Pause Young (Allocation Failure)
[500.913s][info][gc,heap        ] GC(2304) PSYoungGen: 193376K(268288K)->352K(283648K) Eden: 193024K(193024K)->0K(213504K) From: 352K(75264K)->352K(70144K)
[500.913s][info][gc,heap        ] GC(2304) ParOldGen: 5967K(699392K)->5967K(699392K)
[500.913s][info][gc,metaspace   ] GC(2304) Metaspace: 16612K(16896K)->16612K(16896K) NonClass: 14281K(14400K)->14281K(14400K) Class: 2331K(2496K)->2331K(2496K)
[500.913s][info][gc             ] GC(2304) Pause Young (Allocation Failure) 194M->6M(960M) 0.579ms
[500.913s][info][gc,cpu         ] GC(2304) User=0.00s Sys=0.00s Real=0.00s
[500.950s][info][gc,start       ] GC(2305) Pause Young (Allocation Failure)
[500.950s][info][gc,heap        ] GC(2305) PSYoungGen: 213856K(283648K)->320K(279040K) Eden: 213504K(213504K)->0K(213504K) From: 352K(70144K)->320K(65536K)
[500.950s][info][gc,heap        ] GC(2305) ParOldGen: 5967K(699392K)->5967K(699392K)
[500.950s][info][gc,metaspace   ] GC(2305) Metaspace: 16612K(16896K)->16612K(16896K) NonClass: 14281K(14400K)->14281K(14400K) Class: 2331K(2496K)->2331K(2496K)
[500.950s][info][gc             ] GC(2305) Pause Young (Allocation Failure) 214M->6M(955M) 0.399ms
[500.950s][info][gc,cpu         ] GC(2305) User=0.00s Sys=0.00s Real=0.00s
[500.989s][info][gc,start       ] GC(2306) Pause Young (Allocation Failure)
[500.989s][info][gc,heap        ] GC(2306) PSYoungGen: 213824K(279040K)->320K(292352K) Eden: 213504K(213504K)->0K(231424K) From: 320K(65536K)->320K(60928K)
[500.989s][info][gc,heap        ] GC(2306) ParOldGen: 5967K(699392K)->5967K(699392K)
[500.989s][info][gc,metaspace   ] GC(2306) Metaspace: 16612K(16896K)->16612K(16896K) NonClass: 14281K(14400K)->14281K(14400K) Class: 2331K(2496K)->2331K(2496K)
[500.989s][info][gc             ] GC(2306) Pause Young (Allocation Failure) 214M->6M(968M) 0.615ms
[500.989s][info][gc,cpu         ] GC(2306) User=0.00s Sys=0.00s Real=0.00s
[501.050s][info][gc,start       ] GC(2307) Pause Young (Allocation Failure)
[501.077s][info][gc,heap        ] GC(2307) PSYoungGen: 231744K(292352K)->56803K(288256K) Eden: 231424K(231424K)->0K(231424K) From: 320K(60928K)->56803K(56832K)
[501.077s][info][gc,heap        ] GC(2307) ParOldGen: 5967K(699392K)->10087K(699392K)
[501.077s][info][gc,metaspace   ] GC(2307) Metaspace: 16612K(16896K)->16612K(16896K) NonClass: 14281K(14400K)->14281K(14400K) Class: 2331K(2496K)->2331K(2496K)
[501.077s][info][gc             ] GC(2307) Pause Young (Allocation Failure) 232M->65M(964M) 26.426ms
[501.077s][info][gc,cpu         ] GC(2307) User=0.03s Sys=0.00s Real=0.03s
[501.230s][info][gc,start       ] GC(2308) Pause Young (Allocation Failure)
[501.339s][info][gc,heap        ] GC(2308) PSYoungGen: 288227K(288256K)->60899K(177664K) Eden: 231424K(231424K)->0K(116736K) From: 56803K(56832K)->60899K(60928K)
[501.339s][info][gc,heap        ] GC(2308) ParOldGen: 10087K(699392K)->161711K(699392K)
[501.339s][info][gc,metaspace   ] GC(2308) Metaspace: 16612K(16896K)->16612K(16896K) NonClass: 14281K(14400K)->14281K(14400K) Class: 2331K(2496K)->2331K(2496K)
[501.339s][info][gc             ] GC(2308) Pause Young (Allocation Failure) 291M->217M(856M) 109.130ms
[501.339s][info][gc,cpu         ] GC(2308) User=0.55s Sys=0.00s Real=0.09s
[501.426s][info][gc,start       ] GC(2309) Pause Young (Allocation Failure)
[501.502s][info][gc,heap        ] GC(2309) PSYoungGen: 177635K(177664K)->116195K(232960K) Eden: 116736K(116736K)->0K(116736K) From: 60899K(60928K)->116195K(116224K)
[501.502s][info][gc,heap        ] GC(2309) ParOldGen: 161711K(699392K)->187215K(699392K)
[501.502s][info][gc,metaspace   ] GC(2309) Metaspace: 16612K(16896K)->16612K(16896K) NonClass: 14281K(14400K)->14281K(14400K) Class: 2331K(2496K)->2331K(2496K)
[501.502s][info][gc             ] GC(2309) Pause Young (Allocation Failure) 331M->296M(910M) 75.949ms
[501.502s][info][gc,cpu         ] GC(2309) User=0.33s Sys=0.00s Real=0.08s
[501.595s][info][gc,start       ] GC(2310) Pause Young (Allocation Failure)
[501.696s][info][gc,heap        ] GC(2310) PSYoungGen: 232931K(232960K)->116195K(232960K) Eden: 116736K(116736K)->0K(116736K) From: 116195K(116224K)->116195K(116224K)
[501.696s][info][gc,heap        ] GC(2310) ParOldGen: 187215K(699392K)->268439K(699392K)
[501.696s][info][gc,metaspace   ] GC(2310) Metaspace: 16612K(16896K)->16612K(16896K) NonClass: 14281K(14400K)->14281K(14400K) Class: 2331K(2496K)->2331K(2496K)
[501.696s][info][gc             ] GC(2310) Pause Young (Allocation Failure) 410M->375M(910M) 100.359ms
[501.696s][info][gc,cpu         ] GC(2310) User=0.47s Sys=0.00s Real=0.09s
[501.820s][info][gc,start       ] GC(2311) Pause Young (Allocation Failure)
[501.922s][info][gc,heap        ] GC(2311) PSYoungGen: 232931K(232960K)->116195K(232960K) Eden: 116736K(116736K)->0K(116736K) From: 116195K(116224K)->116195K(116224K)
[501.922s][info][gc,heap        ] GC(2311) ParOldGen: 268439K(699392K)->334679K(699392K)
[501.922s][info][gc,metaspace   ] GC(2311) Metaspace: 16612K(16896K)->16612K(16896K) NonClass: 14281K(14400K)->14281K(14400K) Class: 2331K(2496K)->2331K(2496K)
[501.922s][info][gc             ] GC(2311) Pause Young (Allocation Failure) 489M->440M(910M) 101.356ms
[501.922s][info][gc,cpu         ] GC(2311) User=0.56s Sys=0.00s Real=0.11s
[505.167s][info][gc,start       ] GC(2312) Pause Young (Allocation Failure)
[505.241s][info][gc,heap        ] GC(2312) PSYoungGen: 232931K(232960K)->116195K(232960K) Eden: 116736K(116736K)->0K(116736K) From: 116195K(116224K)->116195K(116224K)
[505.241s][info][gc,heap        ] GC(2312) ParOldGen: 334679K(699392K)->346535K(699392K)
[505.241s][info][gc,metaspace   ] GC(2312) Metaspace: 16612K(16896K)->16612K(16896K) NonClass: 14281K(14400K)->14281K(14400K) Class: 2331K(2496K)->2331K(2496K)
[505.241s][info][gc             ] GC(2312) Pause Young (Allocation Failure) 554M->451M(910M) 74.266ms
[505.241s][info][gc,cpu         ] GC(2312) User=0.39s Sys=0.00s Real=0.08s
[505.294s][info][gc,start       ] GC(2313) Pause Young (Allocation Failure)
[505.381s][info][gc,heap        ] GC(2313) PSYoungGen: 232931K(232960K)->116224K(232960K) Eden: 116736K(116736K)->0K(116736K) From: 116195K(116224K)->116224K(116224K)
[505.381s][info][gc,heap        ] GC(2313) ParOldGen: 346535K(699392K)->396610K(699392K)
[505.381s][info][gc,metaspace   ] GC(2313) Metaspace: 16612K(16896K)->16612K(16896K) NonClass: 14281K(14400K)->14281K(14400K) Class: 2331K(2496K)->2331K(2496K)
[505.381s][info][gc             ] GC(2313) Pause Young (Allocation Failure) 565M->500M(910M) 86.462ms
[505.381s][info][gc,cpu         ] GC(2313) User=0.55s Sys=0.00s Real=0.10s
[505.440s][info][gc,start       ] GC(2314) Pause Young (Allocation Failure)
[505.518s][info][gc,heap        ] GC(2314) PSYoungGen: 232960K(232960K)->116224K(232960K) Eden: 116736K(116736K)->0K(116736K) From: 116224K(116224K)->116224K(116224K)
[505.518s][info][gc,heap        ] GC(2314) ParOldGen: 396610K(699392K)->446842K(699392K)
[505.518s][info][gc,metaspace   ] GC(2314) Metaspace: 16612K(16896K)->16612K(16896K) NonClass: 14281K(14400K)->14281K(14400K) Class: 2331K(2496K)->2331K(2496K)
[505.518s][info][gc             ] GC(2314) Pause Young (Allocation Failure) 614M->549M(910M) 78.714ms
[505.518s][info][gc,cpu         ] GC(2314) User=0.42s Sys=0.00s Real=0.08s
[505.575s][info][gc,start       ] GC(2315) Pause Young (Allocation Failure)
[505.650s][info][gc,heap        ] GC(2315) PSYoungGen: 232960K(232960K)->116224K(232960K) Eden: 116736K(116736K)->0K(116736K) From: 116224K(116224K)->116224K(116224K)
[505.650s][info][gc,heap        ] GC(2315) ParOldGen: 446842K(699392K)->496426K(699392K)
[505.650s][info][gc,metaspace   ] GC(2315) Metaspace: 16612K(16896K)->16612K(16896K) NonClass: 14281K(14400K)->14281K(14400K) Class: 2331K(2496K)->2331K(2496K)
[505.650s][info][gc             ] GC(2315) Pause Young (Allocation Failure) 663M->598M(910M) 74.994ms
[505.650s][info][gc,cpu         ] GC(2315) User=0.47s Sys=0.00s Real=0.08s
[505.708s][info][gc,start       ] GC(2316) Pause Young (Allocation Failure)
[505.779s][info][gc,heap        ] GC(2316) PSYoungGen: 232960K(232960K)->116224K(232960K) Eden: 116736K(116736K)->0K(116736K) From: 116224K(116224K)->116224K(116224K)
[505.779s][info][gc,heap        ] GC(2316) ParOldGen: 496426K(699392K)->545578K(699392K)
[505.779s][info][gc,metaspace   ] GC(2316) Metaspace: 16612K(16896K)->16612K(16896K) NonClass: 14281K(14400K)->14281K(14400K) Class: 2331K(2496K)->2331K(2496K)
[505.779s][info][gc             ] GC(2316) Pause Young (Allocation Failure) 712M->646M(910M) 71.258ms
[505.779s][info][gc,cpu         ] GC(2316) User=0.38s Sys=0.00s Real=0.06s
[505.838s][info][gc,start       ] GC(2317) Pause Young (Allocation Failure)
[505.913s][info][gc,heap        ] GC(2317) PSYoungGen: 232960K(232960K)->87264K(232960K) Eden: 116736K(116736K)->0K(116736K) From: 116224K(116224K)->87264K(116224K)
[505.914s][info][gc,heap        ] GC(2317) ParOldGen: 545578K(699392K)->623842K(699392K)
[505.914s][info][gc,metaspace   ] GC(2317) Metaspace: 16612K(16896K)->16612K(16896K) NonClass: 14281K(14400K)->14281K(14400K) Class: 2331K(2496K)->2331K(2496K)
[505.914s][info][gc             ] GC(2317) Pause Young (Allocation Failure) 760M->694M(910M) 75.847ms
[505.914s][info][gc,cpu         ] GC(2317) User=0.42s Sys=0.00s Real=0.08s
[505.971s][info][gc,start       ] GC(2318) Pause Full (Ergonomics)
[505.972s][info][gc,phases,start] GC(2318) Marking Phase
[506.053s][info][gc,phases      ] GC(2318) Marking Phase 81.611ms
[506.053s][info][gc,phases,start] GC(2318) Summary Phase
[506.053s][info][gc,phases      ] GC(2318) Summary Phase 0.021ms
[506.053s][info][gc,phases,start] GC(2318) Adjust Roots
[506.055s][info][gc,phases      ] GC(2318) Adjust Roots 1.657ms
[506.055s][info][gc,phases,start] GC(2318) Compaction Phase
[506.235s][info][gc,phases      ] GC(2318) Compaction Phase 179.852ms
[506.235s][info][gc,phases,start] GC(2318) Post Compact
[506.237s][info][gc,phases      ] GC(2318) Post Compact 1.592ms
[506.237s][info][gc,heap        ] GC(2318) PSYoungGen: 204000K(232960K)->0K(232960K) Eden: 116736K(116736K)->0K(116736K) From: 87264K(116224K)->0K(116224K)
[506.237s][info][gc,heap        ] GC(2318) ParOldGen: 623842K(699392K)->312280K(699392K)
[506.237s][info][gc,metaspace   ] GC(2318) Metaspace: 16612K(16896K)->16612K(16896K) NonClass: 14281K(14400K)->14281K(14400K) Class: 2331K(2496K)->2331K(2496K)
[506.237s][info][gc             ] GC(2318) Pause Full (Ergonomics) 808M->304M(910M) 265.674ms
[506.237s][info][gc,cpu         ] GC(2318) User=1.41s Sys=0.00s Real=0.26s
[506.298s][info][gc,start       ] GC(2319) Pause Young (Allocation Failure)
[506.322s][info][gc,heap        ] GC(2319) PSYoungGen: 116736K(232960K)->51008K(232960K) Eden: 116736K(116736K)->0K(116736K) From: 0K(116224K)->51008K(116224K)
[506.322s][info][gc,heap        ] GC(2319) ParOldGen: 312280K(699392K)->312280K(699392K)
[506.322s][info][gc,metaspace   ] GC(2319) Metaspace: 16612K(16896K)->16612K(16896K) NonClass: 14281K(14400K)->14281K(14400K) Class: 2331K(2496K)->2331K(2496K)
[506.322s][info][gc             ] GC(2319) Pause Young (Allocation Failure) 418M->354M(910M) 24.317ms
[506.322s][info][gc,cpu         ] GC(2319) User=0.09s Sys=0.00s Real=0.03s
[506.382s][info][gc,start       ] GC(2320) Pause Young (Allocation Failure)
[506.424s][info][gc,heap        ] GC(2320) PSYoungGen: 167744K(232960K)->51072K(232960K) Eden: 116736K(116736K)->0K(116736K) From: 51008K(116224K)->51072K(116224K)
[506.424s][info][gc,heap        ] GC(2320) ParOldGen: 312280K(699392K)->360296K(699392K)
[506.424s][info][gc,metaspace   ] GC(2320) Metaspace: 16612K(16896K)->16612K(16896K) NonClass: 14281K(14400K)->14281K(14400K) Class: 2331K(2496K)->2331K(2496K)
[506.424s][info][gc             ] GC(2320) Pause Young (Allocation Failure) 468M->401M(910M) 41.923ms
[506.424s][info][gc,cpu         ] GC(2320) User=0.16s Sys=0.00s Real=0.03s
[506.611s][info][gc,start       ] GC(2321) Pause Young (Allocation Failure)
[506.693s][info][gc,heap        ] GC(2321) PSYoungGen: 167808K(232960K)->84091K(232960K) Eden: 116736K(116736K)->0K(116736K) From: 51072K(116224K)->84091K(116224K)
[506.693s][info][gc,heap        ] GC(2321) ParOldGen: 360296K(699392K)->409248K(699392K)
[506.693s][info][gc,metaspace   ] GC(2321) Metaspace: 16612K(16896K)->16612K(16896K) NonClass: 14281K(14400K)->14281K(14400K) Class: 2331K(2496K)->2331K(2496K)
[506.693s][info][gc             ] GC(2321) Pause Young (Allocation Failure) 515M->481M(910M) 82.506ms
[506.693s][info][gc,cpu         ] GC(2321) User=0.44s Sys=0.00s Real=0.08s
[506.954s][info][gc,start       ] GC(2322) Pause Young (Allocation Failure)
[507.019s][info][gc,heap        ] GC(2322) PSYoungGen: 200827K(232960K)->4192K(232960K) Eden: 116736K(116736K)->0K(116736K) From: 84091K(116224K)->4192K(116224K)
[507.019s][info][gc,heap        ] GC(2322) ParOldGen: 409248K(699392K)->465434K(699392K)
[507.019s][info][gc,metaspace   ] GC(2322) Metaspace: 16612K(16896K)->16612K(16896K) NonClass: 14281K(14400K)->14281K(14400K) Class: 2331K(2496K)->2331K(2496K)
[507.019s][info][gc             ] GC(2322) Pause Young (Allocation Failure) 595M->458M(910M) 65.095ms
[507.019s][info][gc,cpu         ] GC(2322) User=0.27s Sys=0.00s Real=0.06s
[507.163s][info][gc,start       ] GC(2323) Pause Young (Allocation Failure)
[507.166s][info][gc,heap        ] GC(2323) PSYoungGen: 120928K(232960K)->3488K(232960K) Eden: 116736K(116736K)->0K(116736K) From: 4192K(116224K)->3488K(116224K)
[507.166s][info][gc,heap        ] GC(2323) ParOldGen: 465434K(699392K)->465946K(699392K)
[507.166s][info][gc,metaspace   ] GC(2323) Metaspace: 16612K(16896K)->16612K(16896K) NonClass: 14281K(14400K)->14281K(14400K) Class: 2331K(2496K)->2331K(2496K)
[507.166s][info][gc             ] GC(2323) Pause Young (Allocation Failure) 572M->458M(910M) 2.984ms
[507.166s][info][gc,cpu         ] GC(2323) User=0.00s Sys=0.00s Real=0.00s
[507.303s][info][gc,start       ] GC(2324) Pause Young (Allocation Failure)
[507.306s][info][gc,heap        ] GC(2324) PSYoungGen: 120224K(232960K)->2784K(232960K) Eden: 116736K(116736K)->0K(116736K) From: 3488K(116224K)->2784K(116224K)
[507.306s][info][gc,heap        ] GC(2324) ParOldGen: 465946K(699392K)->466162K(699392K)
[507.306s][info][gc,metaspace   ] GC(2324) Metaspace: 16612K(16896K)->16612K(16896K) NonClass: 14281K(14400K)->14281K(14400K) Class: 2331K(2496K)->2331K(2496K)
[507.306s][info][gc             ] GC(2324) Pause Young (Allocation Failure) 572M->457M(910M) 2.600ms
[507.306s][info][gc,cpu         ] GC(2324) User=0.00s Sys=0.00s Real=0.00s
[507.437s][info][gc,start       ] GC(2325) Pause Young (Allocation Failure)
[507.439s][info][gc,heap        ] GC(2325) PSYoungGen: 119520K(232960K)->1760K(232960K) Eden: 116736K(116736K)->0K(116736K) From: 2784K(116224K)->1760K(116224K)
[507.439s][info][gc,heap        ] GC(2325) ParOldGen: 466162K(699392K)->466210K(699392K)
[507.439s][info][gc,metaspace   ] GC(2325) Metaspace: 16612K(16896K)->16612K(16896K) NonClass: 14281K(14400K)->14281K(14400K) Class: 2331K(2496K)->2331K(2496K)
[507.439s][info][gc             ] GC(2325) Pause Young (Allocation Failure) 571M->457M(910M) 1.948ms
[507.439s][info][gc,cpu         ] GC(2325) User=0.00s Sys=0.00s Real=0.00s
[508.009s][info][gc,start       ] GC(2326) Pause Young (Allocation Failure)
[508.010s][info][gc,heap        ] GC(2326) PSYoungGen: 118496K(232960K)->2144K(232960K) Eden: 116736K(116736K)->0K(116736K) From: 1760K(116224K)->2144K(116224K)
[508.011s][info][gc,heap        ] GC(2326) ParOldGen: 466210K(699392K)->466210K(699392K)
[508.011s][info][gc,metaspace   ] GC(2326) Metaspace: 16612K(16896K)->16612K(16896K) NonClass: 14281K(14400K)->14281K(14400K) Class: 2331K(2496K)->2331K(2496K)
[508.011s][info][gc             ] GC(2326) Pause Young (Allocation Failure) 571M->457M(910M) 1.550ms
[508.011s][info][gc,cpu         ] GC(2326) User=0.00s Sys=0.00s Real=0.00s
[508.242s][info][gc,start       ] GC(2327) Pause Young (System.gc())
[508.243s][info][gc,heap        ] GC(2327) PSYoungGen: 33564K(232960K)->96K(232960K) Eden: 31420K(116736K)->0K(116736K) From: 2144K(116224K)->96K(116224K)
[508.243s][info][gc,heap        ] GC(2327) ParOldGen: 466210K(699392K)->466250K(699392K)
[508.243s][info][gc,metaspace   ] GC(2327) Metaspace: 16612K(16896K)->16612K(16896K) NonClass: 14281K(14400K)->14281K(14400K) Class: 2331K(2496K)->2331K(2496K)
[508.243s][info][gc             ] GC(2327) Pause Young (System.gc()) 488M->455M(910M) 0.800ms
[508.243s][info][gc,cpu         ] GC(2327) User=0.00s Sys=0.00s Real=0.00s
[508.243s][info][gc,start       ] GC(2328) Pause Full (System.gc())
[508.243s][info][gc,phases,start] GC(2328) Marking Phase
[508.248s][info][gc,phases      ] GC(2328) Marking Phase 4.909ms
[508.248s][info][gc,phases,start] GC(2328) Summary Phase
[508.248s][info][gc,phases      ] GC(2328) Summary Phase 0.011ms
[508.248s][info][gc,phases,start] GC(2328) Adjust Roots
[508.250s][info][gc,phases      ] GC(2328) Adjust Roots 2.795ms
[508.251s][info][gc,phases,start] GC(2328) Compaction Phase
[508.252s][info][gc,phases      ] GC(2328) Compaction Phase 1.450ms
[508.252s][info][gc,phases,start] GC(2328) Post Compact
[508.254s][info][gc,phases      ] GC(2328) Post Compact 1.626ms
[508.254s][info][gc,heap        ] GC(2328) PSYoungGen: 96K(232960K)->0K(232960K) Eden: 0K(116736K)->0K(116736K) From: 96K(116224K)->0K(116224K)
[508.254s][info][gc,heap        ] GC(2328) ParOldGen: 466250K(699392K)->5551K(699392K)
[508.254s][info][gc,metaspace   ] GC(2328) Metaspace: 16612K(16896K)->16612K(16896K) NonClass: 14281K(14400K)->14281K(14400K) Class: 2331K(2496K)->2331K(2496K)
[508.254s][info][gc             ] GC(2328) Pause Full (System.gc()) 455M->5M(910M) 11.070ms
[508.254s][info][gc,cpu         ] GC(2328) User=0.00s Sys=0.00s Real=0.02s
[509.606s][info][gc,start       ] GC(2329) Pause Young (Allocation Failure)
[509.607s][info][gc,heap        ] GC(2329) PSYoungGen: 116736K(232960K)->320K(232960K) Eden: 116736K(116736K)->0K(116736K) From: 0K(116224K)->320K(116224K)
[509.607s][info][gc,heap        ] GC(2329) ParOldGen: 5551K(699392K)->5551K(699392K)
[509.607s][info][gc,metaspace   ] GC(2329) Metaspace: 16612K(16896K)->16612K(16896K) NonClass: 14281K(14400K)->14281K(14400K) Class: 2331K(2496K)->2331K(2496K)
[509.607s][info][gc             ] GC(2329) Pause Young (Allocation Failure) 119M->5M(910M) 0.714ms
[509.607s][info][gc,cpu         ] GC(2329) User=0.00s Sys=0.00s Real=0.00s
[509.627s][info][gc,start       ] GC(2330) Pause Young (Allocation Failure)
[509.627s][info][gc,heap        ] GC(2330) PSYoungGen: 117056K(232960K)->256K(232960K) Eden: 116736K(116736K)->0K(116736K) From: 320K(116224K)->256K(116224K)
[509.627s][info][gc,heap        ] GC(2330) ParOldGen: 5551K(699392K)->5655K(699392K)
[509.627s][info][gc,metaspace   ] GC(2330) Metaspace: 16612K(16896K)->16612K(16896K) NonClass: 14281K(14400K)->14281K(14400K) Class: 2331K(2496K)->2331K(2496K)
[509.627s][info][gc             ] GC(2330) Pause Young (Allocation Failure) 119M->5M(910M) 0.467ms
[509.627s][info][gc,cpu         ] GC(2330) User=0.00s Sys=0.00s Real=0.00s
[509.646s][info][gc,start       ] GC(2331) Pause Young (Allocation Failure)
[509.646s][info][gc,heap        ] GC(2331) PSYoungGen: 116992K(232960K)->256K(232960K) Eden: 116736K(116736K)->0K(116736K) From: 256K(116224K)->256K(116224K)
[509.646s][info][gc,heap        ] GC(2331) ParOldGen: 5655K(699392K)->5695K(699392K)
[509.646s][info][gc,metaspace   ] GC(2331) Metaspace: 16612K(16896K)->16612K(16896K) NonClass: 14281K(14400K)->14281K(14400K) Class: 2331K(2496K)->2331K(2496K)
[509.646s][info][gc             ] GC(2331) Pause Young (Allocation Failure) 119M->5M(910M) 0.438ms
[509.646s][info][gc,cpu         ] GC(2331) User=0.00s Sys=0.00s Real=0.00s
[509.665s][info][gc,start       ] GC(2332) Pause Young (Allocation Failure)
[509.665s][info][gc,heap        ] GC(2332) PSYoungGen: 116992K(232960K)->224K(232960K) Eden: 116736K(116736K)->0K(116736K) From: 256K(116224K)->224K(116224K)
[509.665s][info][gc,heap        ] GC(2332) ParOldGen: 5695K(699392K)->5743K(699392K)
[509.665s][info][gc,metaspace   ] GC(2332) Metaspace: 16612K(16896K)->16612K(16896K) NonClass: 14281K(14400K)->14281K(14400K) Class: 2331K(2496K)->2331K(2496K)
[509.665s][info][gc             ] GC(2332) Pause Young (Allocation Failure) 119M->5M(910M) 0.420ms
[509.665s][info][gc,cpu         ] GC(2332) User=0.00s Sys=0.00s Real=0.00s
[509.684s][info][gc,start       ] GC(2333) Pause Young (Allocation Failure)
[509.685s][info][gc,heap        ] GC(2333) PSYoungGen: 116960K(232960K)->256K(232960K) Eden: 116736K(116736K)->0K(116736K) From: 224K(116224K)->256K(116224K)
[509.685s][info][gc,heap        ] GC(2333) ParOldGen: 5743K(699392K)->5791K(699392K)
[509.685s][info][gc,metaspace   ] GC(2333) Metaspace: 16612K(16896K)->16612K(16896K) NonClass: 14281K(14400K)->14281K(14400K) Class: 2331K(2496K)->2331K(2496K)
[509.685s][info][gc             ] GC(2333) Pause Young (Allocation Failure) 119M->5M(910M) 0.514ms
[509.685s][info][gc,cpu         ] GC(2333) User=0.00s Sys=0.00s Real=0.00s
[509.703s][info][gc,start       ] GC(2334) Pause Young (Allocation Failure)
[509.704s][info][gc,heap        ] GC(2334) PSYoungGen: 116992K(232960K)->352K(232960K) Eden: 116736K(116736K)->0K(116736K) From: 256K(116224K)->352K(116224K)
[509.704s][info][gc,heap        ] GC(2334) ParOldGen: 5791K(699392K)->5831K(699392K)
[509.704s][info][gc,metaspace   ] GC(2334) Metaspace: 16612K(16896K)->16612K(16896K) NonClass: 14281K(14400K)->14281K(14400K) Class: 2331K(2496K)->2331K(2496K)
[509.704s][info][gc             ] GC(2334) Pause Young (Allocation Failure) 119M->6M(910M) 0.417ms
[509.704s][info][gc,cpu         ] GC(2334) User=0.00s Sys=0.00s Real=0.00s
[509.722s][info][gc,start       ] GC(2335) Pause Young (Allocation Failure)
[509.722s][info][gc,heap        ] GC(2335) PSYoungGen: 117088K(232960K)->224K(232960K) Eden: 116736K(116736K)->0K(116736K) From: 352K(116224K)->224K(116224K)
[509.722s][info][gc,heap        ] GC(2335) ParOldGen: 5831K(699392K)->5887K(699392K)
[509.722s][info][gc,metaspace   ] GC(2335) Metaspace: 16612K(16896K)->16612K(16896K) NonClass: 14281K(14400K)->14281K(14400K) Class: 2331K(2496K)->2331K(2496K)
[509.722s][info][gc             ] GC(2335) Pause Young (Allocation Failure) 120M->5M(910M) 0.428ms
[509.722s][info][gc,cpu         ] GC(2335) User=0.00s Sys=0.00s Real=0.00s
[509.741s][info][gc,start       ] GC(2336) Pause Young (Allocation Failure)
[509.742s][info][gc,heap        ] GC(2336) PSYoungGen: 116960K(232960K)->288K(232960K) Eden: 116736K(116736K)->0K(116736K) From: 224K(116224K)->288K(116224K)
[509.742s][info][gc,heap        ] GC(2336) ParOldGen: 5887K(699392K)->5935K(699392K)
[509.742s][info][gc,metaspace   ] GC(2336) Metaspace: 16612K(16896K)->16612K(16896K) NonClass: 14281K(14400K)->14281K(14400K) Class: 2331K(2496K)->2331K(2496K)
[509.742s][info][gc             ] GC(2336) Pause Young (Allocation Failure) 119M->6M(910M) 0.557ms
[509.742s][info][gc,cpu         ] GC(2336) User=0.00s Sys=0.00s Real=0.00s
[509.760s][info][gc,start       ] GC(2337) Pause Young (Allocation Failure)
[509.760s][info][gc,heap        ] GC(2337) PSYoungGen: 117024K(232960K)->320K(232960K) Eden: 116736K(116736K)->0K(116736K) From: 288K(116224K)->320K(116224K)
[509.760s][info][gc,heap        ] GC(2337) ParOldGen: 5935K(699392K)->5967K(699392K)
[509.760s][info][gc,metaspace   ] GC(2337) Metaspace: 16612K(16896K)->16612K(16896K) NonClass: 14281K(14400K)->14281K(14400K) Class: 2331K(2496K)->2331K(2496K)
[509.760s][info][gc             ] GC(2337) Pause Young (Allocation Failure) 120M->6M(910M) 0.410ms
[509.760s][info][gc,cpu         ] GC(2337) User=0.00s Sys=0.00s Real=0.00s
[509.779s][info][gc,start       ] GC(2338) Pause Young (Allocation Failure)
[509.780s][info][gc,heap        ] GC(2338) PSYoungGen: 117056K(232960K)->224K(232960K) Eden: 116736K(116736K)->0K(116736K) From: 320K(116224K)->224K(116224K)
[509.780s][info][gc,heap        ] GC(2338) ParOldGen: 5967K(699392K)->6023K(699392K)
[509.780s][info][gc,metaspace   ] GC(2338) Metaspace: 16612K(16896K)->16612K(16896K) NonClass: 14281K(14400K)->14281K(14400K) Class: 2331K(2496K)->2331K(2496K)
[509.780s][info][gc             ] GC(2338) Pause Young (Allocation Failure) 120M->6M(910M) 0.447ms
[509.780s][info][gc,cpu         ] GC(2338) User=0.00s Sys=0.00s Real=0.00s
[509.798s][info][gc,start       ] GC(2339) Pause Young (Allocation Failure)
[509.799s][info][gc,heap        ] GC(2339) PSYoungGen: 116960K(232960K)->320K(232960K) Eden: 116736K(116736K)->0K(116736K) From: 224K(116224K)->320K(116224K)
[509.799s][info][gc,heap        ] GC(2339) ParOldGen: 6023K(699392K)->6063K(699392K)
[509.799s][info][gc,metaspace   ] GC(2339) Metaspace: 16612K(16896K)->16612K(16896K) NonClass: 14281K(14400K)->14281K(14400K) Class: 2331K(2496K)->2331K(2496K)
[509.799s][info][gc             ] GC(2339) Pause Young (Allocation Failure) 120M->6M(910M) 0.509ms
[509.799s][info][gc,cpu         ] GC(2339) User=0.00s Sys=0.00s Real=0.00s
[509.818s][info][gc,start       ] GC(2340) Pause Young (Allocation Failure)
[509.818s][info][gc,heap        ] GC(2340) PSYoungGen: 117056K(232960K)->256K(232960K) Eden: 116736K(116736K)->0K(116736K) From: 320K(116224K)->256K(116224K)
[509.818s][info][gc,heap        ] GC(2340) ParOldGen: 6063K(699392K)->6111K(699392K)
[509.818s][info][gc,metaspace   ] GC(2340) Metaspace: 16612K(16896K)->16612K(16896K) NonClass: 14281K(14400K)->14281K(14400K) Class: 2331K(2496K)->2331K(2496K)
[509.818s][info][gc             ] GC(2340) Pause Young (Allocation Failure) 120M->6M(910M) 0.414ms
[509.818s][info][gc,cpu         ] GC(2340) User=0.00s Sys=0.00s Real=0.00s
[509.837s][info][gc,start       ] GC(2341) Pause Young (Allocation Failure)
[509.837s][info][gc,heap        ] GC(2341) PSYoungGen: 116992K(232960K)->256K(242688K) Eden: 116736K(116736K)->0K(129024K) From: 256K(116224K)->256K(113664K)
[509.837s][info][gc,heap        ] GC(2341) ParOldGen: 6111K(699392K)->6111K(699392K)
[509.837s][info][gc,metaspace   ] GC(2341) Metaspace: 16612K(16896K)->16612K(16896K) NonClass: 14281K(14400K)->14281K(14400K) Class: 2331K(2496K)->2331K(2496K)
[509.837s][info][gc             ] GC(2341) Pause Young (Allocation Failure) 120M->6M(920M) 0.417ms
[509.837s][info][gc,cpu         ] GC(2341) User=0.00s Sys=0.00s Real=0.00s
[509.860s][info][gc,start       ] GC(2342) Pause Young (Allocation Failure)
[509.861s][info][gc,heap        ] GC(2342) PSYoungGen: 129280K(242688K)->352K(235520K) Eden: 129024K(129024K)->0K(129024K) From: 256K(113664K)->352K(106496K)
[509.861s][info][gc,heap        ] GC(2342) ParOldGen: 6111K(699392K)->6111K(699392K)
[509.861s][info][gc,metaspace   ] GC(2342) Metaspace: 16612K(16896K)->16612K(16896K) NonClass: 14281K(14400K)->14281K(14400K) Class: 2331K(2496K)->2331K(2496K)
[509.861s][info][gc             ] GC(2342) Pause Young (Allocation Failure) 132M->6M(913M) 0.590ms
[509.861s][info][gc,cpu         ] GC(2342) User=0.00s Sys=0.00s Real=0.00s
[509.886s][info][gc,start       ] GC(2343) Pause Young (Allocation Failure)
[509.886s][info][gc,heap        ] GC(2343) PSYoungGen: 129376K(235520K)->352K(256512K) Eden: 129024K(129024K)->0K(157184K) From: 352K(106496K)->352K(99328K)
[509.886s][info][gc,heap        ] GC(2343) ParOldGen: 6111K(699392K)->6111K(699392K)
[509.886s][info][gc,metaspace   ] GC(2343) Metaspace: 16612K(16896K)->16612K(16896K) NonClass: 14281K(14400K)->14281K(14400K) Class: 2331K(2496K)->2331K(2496K)
[509.886s][info][gc             ] GC(2343) Pause Young (Allocation Failure) 132M->6M(933M) 0.422ms
[509.886s][info][gc,cpu         ] GC(2343) User=0.00s Sys=0.00s Real=0.00s
[509.915s][info][gc,start       ] GC(2344) Pause Young (Allocation Failure)
[509.915s][info][gc,heap        ] GC(2344) PSYoungGen: 157536K(256512K)->352K(249856K) Eden: 157184K(157184K)->0K(157184K) From: 352K(99328K)->352K(92672K)
[509.915s][info][gc,heap        ] GC(2344) ParOldGen: 6111K(699392K)->6111K(699392K)
[509.915s][info][gc,metaspace   ] GC(2344) Metaspace: 16612K(16896K)->16612K(16896K) NonClass: 14281K(14400K)->14281K(14400K) Class: 2331K(2496K)->2331K(2496K)
[509.915s][info][gc             ] GC(2344) Pause Young (Allocation Failure) 159M->6M(927M) 0.368ms
[509.915s][info][gc,cpu         ] GC(2344) User=0.00s Sys=0.00s Real=0.00s
[509.940s][info][gc,start       ] GC(2345) Pause Young (Allocation Failure)
[509.941s][info][gc,heap        ] GC(2345) PSYoungGen: 157536K(249856K)->320K(269312K) Eden: 157184K(157184K)->0K(183296K) From: 352K(92672K)->320K(86016K)
[509.941s][info][gc,heap        ] GC(2345) ParOldGen: 6111K(699392K)->6111K(699392K)
[509.941s][info][gc,metaspace   ] GC(2345) Metaspace: 16612K(16896K)->16612K(16896K) NonClass: 14281K(14400K)->14281K(14400K) Class: 2331K(2496K)->2331K(2496K)
[509.941s][info][gc             ] GC(2345) Pause Young (Allocation Failure) 159M->6M(946M) 0.461ms
[509.941s][info][gc,cpu         ] GC(2345) User=0.00s Sys=0.00s Real=0.00s
[509.969s][info][gc,start       ] GC(2346) Pause Young (Allocation Failure)
[509.969s][info][gc,heap        ] GC(2346) PSYoungGen: 183616K(269312K)->384K(263168K) Eden: 183296K(183296K)->0K(183296K) From: 320K(86016K)->384K(79872K)
[509.969s][info][gc,heap        ] GC(2346) ParOldGen: 6111K(699392K)->6111K(699392K)
[509.969s][info][gc,metaspace   ] GC(2346) Metaspace: 16612K(16896K)->16612K(16896K) NonClass: 14281K(14400K)->14281K(14400K) Class: 2331K(2496K)->2331K(2496K)
[509.969s][info][gc             ] GC(2346) Pause Young (Allocation Failure) 185M->6M(940M) 0.475ms
[509.969s][info][gc,cpu         ] GC(2346) User=0.00s Sys=0.00s Real=0.00s
[509.998s][info][gc,start       ] GC(2347) Pause Young (Allocation Failure)
[509.998s][info][gc,heap        ] GC(2347) PSYoungGen: 183680K(263168K)->352K(280064K) Eden: 183296K(183296K)->0K(205824K) From: 384K(79872K)->352K(74240K)
[509.998s][info][gc,heap        ] GC(2347) ParOldGen: 6111K(699392K)->6111K(699392K)
[509.998s][info][gc,metaspace   ] GC(2347) Metaspace: 16612K(16896K)->16612K(16896K) NonClass: 14281K(14400K)->14281K(14400K) Class: 2331K(2496K)->2331K(2496K)
[509.998s][info][gc             ] GC(2347) Pause Young (Allocation Failure) 185M->6M(956M) 0.402ms
[509.998s][info][gc,cpu         ] GC(2347) User=0.00s Sys=0.00s Real=0.00s
[510.031s][info][gc,start       ] GC(2348) Pause Young (Allocation Failure)
[510.031s][info][gc,heap        ] GC(2348) PSYoungGen: 206176K(280064K)->384K(274944K) Eden: 205824K(205824K)->0K(205824K) From: 352K(74240K)->384K(69120K)
[510.031s][info][gc,heap        ] GC(2348) ParOldGen: 6111K(699392K)->6111K(699392K)
[510.032s][info][gc,metaspace   ] GC(2348) Metaspace: 16612K(16896K)->16612K(16896K) NonClass: 14281K(14400K)->14281K(14400K) Class: 2331K(2496K)->2331K(2496K)
[510.032s][info][gc             ] GC(2348) Pause Young (Allocation Failure) 207M->6M(951M) 0.509ms
[510.032s][info][gc,cpu         ] GC(2348) User=0.00s Sys=0.00s Real=0.00s
[510.065s][info][gc,start       ] GC(2349) Pause Young (Allocation Failure)
[510.065s][info][gc,heap        ] GC(2349) PSYoungGen: 206208K(274944K)->352K(289792K) Eden: 205824K(205824K)->0K(225792K) From: 384K(69120K)->352K(64000K)
[510.065s][info][gc,heap        ] GC(2349) ParOldGen: 6111K(699392K)->6111K(699392K)
[510.065s][info][gc,metaspace   ] GC(2349) Metaspace: 16612K(16896K)->16612K(16896K) NonClass: 14281K(14400K)->14281K(14400K) Class: 2331K(2496K)->2331K(2496K)
[510.065s][info][gc             ] GC(2349) Pause Young (Allocation Failure) 207M->6M(966M) 0.467ms
[510.065s][info][gc,cpu         ] GC(2349) User=0.00s Sys=0.00s Real=0.00s
[510.187s][info][gc,start       ] GC(2350) Pause Young (Allocation Failure)
[510.266s][info][gc,heap        ] GC(2350) PSYoungGen: 226144K(289792K)->59363K(285184K) Eden: 225792K(225792K)->0K(225792K) From: 352K(64000K)->59363K(59392K)
[510.266s][info][gc,heap        ] GC(2350) ParOldGen: 6111K(699392K)->89943K(699392K)
[510.266s][info][gc,metaspace   ] GC(2350) Metaspace: 16612K(16896K)->16612K(16896K) NonClass: 14281K(14400K)->14281K(14400K) Class: 2331K(2496K)->2331K(2496K)
[510.266s][info][gc             ] GC(2350) Pause Young (Allocation Failure) 226M->145M(961M) 78.382ms
[510.266s][info][gc,cpu         ] GC(2350) User=0.33s Sys=0.00s Real=0.08s
[510.440s][info][gc,start       ] GC(2351) Pause Young (Allocation Failure)
[510.560s][info][gc,heap        ] GC(2351) PSYoungGen: 285155K(285184K)->63971K(180736K) Eden: 225792K(225792K)->0K(116736K) From: 59363K(59392K)->63971K(64000K)
[510.560s][info][gc,heap        ] GC(2351) ParOldGen: 89943K(699392K)->240399K(699392K)
[510.560s][info][gc,metaspace   ] GC(2351) Metaspace: 16612K(16896K)->16612K(16896K) NonClass: 14281K(14400K)->14281K(14400K) Class: 2331K(2496K)->2331K(2496K)
[510.560s][info][gc             ] GC(2351) Pause Young (Allocation Failure) 366M->297M(859M) 119.858ms
[510.560s][info][gc,cpu         ] GC(2351) User=0.67s Sys=0.00s Real=0.12s
[510.652s][info][gc,start       ] GC(2352) Pause Young (Allocation Failure)
[510.740s][info][gc,heap        ] GC(2352) PSYoungGen: 180707K(180736K)->116195K(232960K) Eden: 116736K(116736K)->0K(116736K) From: 63971K(64000K)->116195K(116224K)
[510.740s][info][gc,heap        ] GC(2352) ParOldGen: 240399K(699392K)->269615K(699392K)
[510.740s][info][gc,metaspace   ] GC(2352) Metaspace: 16612K(16896K)->16612K(16896K) NonClass: 14281K(14400K)->14281K(14400K) Class: 2331K(2496K)->2331K(2496K)
[510.740s][info][gc             ] GC(2352) Pause Young (Allocation Failure) 411M->376M(910M) 87.803ms
[510.740s][info][gc,cpu         ] GC(2352) User=0.39s Sys=0.00s Real=0.08s
[510.865s][info][gc,start       ] GC(2353) Pause Young (Allocation Failure)
[510.972s][info][gc,heap        ] GC(2353) PSYoungGen: 232931K(232960K)->116195K(232960K) Eden: 116736K(116736K)->0K(116736K) From: 116195K(116224K)->116195K(116224K)
[510.972s][info][gc,heap        ] GC(2353) ParOldGen: 269615K(699392K)->335375K(699392K)
[510.972s][info][gc,metaspace   ] GC(2353) Metaspace: 16612K(16896K)->16612K(16896K) NonClass: 14281K(14400K)->14281K(14400K) Class: 2331K(2496K)->2331K(2496K)
[510.972s][info][gc             ] GC(2353) Pause Young (Allocation Failure) 490M->440M(910M) 107.102ms
[510.972s][info][gc,cpu         ] GC(2353) User=0.45s Sys=0.03s Real=0.12s
[513.532s][info][gc,start       ] GC(2354) Pause Young (Allocation Failure)
[513.622s][info][gc,heap        ] GC(2354) PSYoungGen: 232931K(232960K)->116195K(232960K) Eden: 116736K(116736K)->0K(116736K) From: 116195K(116224K)->116195K(116224K)
[513.622s][info][gc,heap        ] GC(2354) ParOldGen: 335375K(699392K)->352887K(699392K)
[513.622s][info][gc,metaspace   ] GC(2354) Metaspace: 16612K(16896K)->16612K(16896K) NonClass: 14281K(14400K)->14281K(14400K) Class: 2331K(2496K)->2331K(2496K)
[513.622s][info][gc             ] GC(2354) Pause Young (Allocation Failure) 554M->458M(910M) 89.857ms
[513.622s][info][gc,cpu         ] GC(2354) User=0.41s Sys=0.00s Real=0.09s
[513.678s][info][gc,start       ] GC(2355) Pause Young (Allocation Failure)
[513.766s][info][gc,heap        ] GC(2355) PSYoungGen: 232931K(232960K)->116195K(232960K) Eden: 116736K(116736K)->0K(116736K) From: 116195K(116224K)->116195K(116224K)
[513.766s][info][gc,heap        ] GC(2355) ParOldGen: 352887K(699392K)->403687K(699392K)
[513.766s][info][gc,metaspace   ] GC(2355) Metaspace: 16612K(16896K)->16612K(16896K) NonClass: 14281K(14400K)->14281K(14400K) Class: 2331K(2496K)->2331K(2496K)
[513.766s][info][gc             ] GC(2355) Pause Young (Allocation Failure) 572M->507M(910M) 88.096ms
[513.766s][info][gc,cpu         ] GC(2355) User=0.48s Sys=0.00s Real=0.08s
[513.822s][info][gc,start       ] GC(2356) Pause Young (Allocation Failure)
[513.912s][info][gc,heap        ] GC(2356) PSYoungGen: 232931K(232960K)->112992K(232960K) Eden: 116736K(116736K)->0K(116736K) From: 116195K(116224K)->112992K(116224K)
[513.912s][info][gc,heap        ] GC(2356) ParOldGen: 403687K(699392K)->457531K(699392K)
[513.912s][info][gc,metaspace   ] GC(2356) Metaspace: 16612K(16896K)->16612K(16896K) NonClass: 14281K(14400K)->14281K(14400K) Class: 2331K(2496K)->2331K(2496K)
[513.912s][info][gc             ] GC(2356) Pause Young (Allocation Failure) 621M->557M(910M) 89.521ms
[513.912s][info][gc,cpu         ] GC(2356) User=0.44s Sys=0.00s Real=0.08s
[513.970s][info][gc,start       ] GC(2357) Pause Young (Allocation Failure)
[514.050s][info][gc,heap        ] GC(2357) PSYoungGen: 229728K(232960K)->111488K(232960K) Eden: 116736K(116736K)->0K(116736K) From: 112992K(116224K)->111488K(116224K)
[514.050s][info][gc,heap        ] GC(2357) ParOldGen: 457531K(699392K)->507675K(699392K)
[514.050s][info][gc,metaspace   ] GC(2357) Metaspace: 16612K(16896K)->16612K(16896K) NonClass: 14281K(14400K)->14281K(14400K) Class: 2331K(2496K)->2331K(2496K)
[514.050s][info][gc             ] GC(2357) Pause Young (Allocation Failure) 671M->604M(910M) 79.882ms
[514.050s][info][gc,cpu         ] GC(2357) User=0.31s Sys=0.00s Real=0.08s
[514.107s][info][gc,start       ] GC(2358) Pause Young (Allocation Failure)
[514.187s][info][gc,heap        ] GC(2358) PSYoungGen: 228224K(232960K)->116224K(232960K) Eden: 116736K(116736K)->0K(116736K) From: 111488K(116224K)->116224K(116224K)
[514.187s][info][gc,heap        ] GC(2358) ParOldGen: 507675K(699392K)->551163K(699392K)
[514.187s][info][gc,metaspace   ] GC(2358) Metaspace: 16612K(16896K)->16612K(16896K) NonClass: 14281K(14400K)->14281K(14400K) Class: 2331K(2496K)->2331K(2496K)
[514.187s][info][gc             ] GC(2358) Pause Young (Allocation Failure) 718M->651M(910M) 80.341ms
[514.187s][info][gc,cpu         ] GC(2358) User=0.44s Sys=0.00s Real=0.08s
[514.246s][info][gc,start       ] GC(2359) Pause Young (Allocation Failure)
[514.323s][info][gc,heap        ] GC(2359) PSYoungGen: 232960K(232960K)->89120K(232960K) Eden: 116736K(116736K)->0K(116736K) From: 116224K(116224K)->89120K(116224K)
[514.323s][info][gc,heap        ] GC(2359) ParOldGen: 551163K(699392K)->627627K(699392K)
[514.323s][info][gc,metaspace   ] GC(2359) Metaspace: 16612K(16896K)->16612K(16896K) NonClass: 14281K(14400K)->14281K(14400K) Class: 2331K(2496K)->2331K(2496K)
[514.323s][info][gc             ] GC(2359) Pause Young (Allocation Failure) 765M->699M(910M) 76.890ms
[514.323s][info][gc,cpu         ] GC(2359) User=0.33s Sys=0.00s Real=0.06s
[514.383s][info][gc,start       ] GC(2360) Pause Full (Ergonomics)
[514.383s][info][gc,phases,start] GC(2360) Marking Phase
[514.468s][info][gc,phases      ] GC(2360) Marking Phase 85.294ms
[514.469s][info][gc,phases,start] GC(2360) Summary Phase
[514.469s][info][gc,phases      ] GC(2360) Summary Phase 0.042ms
[514.469s][info][gc,phases,start] GC(2360) Adjust Roots
[514.471s][info][gc,phases      ] GC(2360) Adjust Roots 1.808ms
[514.471s][info][gc,phases,start] GC(2360) Compaction Phase
[514.652s][info][gc,phases      ] GC(2360) Compaction Phase 180.242ms
[514.652s][info][gc,phases,start] GC(2360) Post Compact
[514.654s][info][gc,phases      ] GC(2360) Post Compact 1.891ms
[514.654s][info][gc,heap        ] GC(2360) PSYoungGen: 205856K(232960K)->0K(232960K) Eden: 116736K(116736K)->0K(116736K) From: 89120K(116224K)->0K(116224K)
[514.654s][info][gc,heap        ] GC(2360) ParOldGen: 627627K(699392K)->317768K(699392K)
[514.654s][info][gc,metaspace   ] GC(2360) Metaspace: 16612K(16896K)->16612K(16896K) NonClass: 14281K(14400K)->14281K(14400K) Class: 2331K(2496K)->2331K(2496K)
[514.654s][info][gc             ] GC(2360) Pause Full (Ergonomics) 813M->310M(910M) 271.006ms
[514.654s][info][gc,cpu         ] GC(2360) User=1.52s Sys=0.00s Real=0.28s
[514.715s][info][gc,start       ] GC(2361) Pause Young (Allocation Failure)
[514.739s][info][gc,heap        ] GC(2361) PSYoungGen: 116736K(232960K)->51008K(232960K) Eden: 116736K(116736K)->0K(116736K) From: 0K(116224K)->51008K(116224K)
[514.739s][info][gc,heap        ] GC(2361) ParOldGen: 317768K(699392K)->317768K(699392K)
[514.739s][info][gc,metaspace   ] GC(2361) Metaspace: 16612K(16896K)->16612K(16896K) NonClass: 14281K(14400K)->14281K(14400K) Class: 2331K(2496K)->2331K(2496K)
[514.739s][info][gc             ] GC(2361) Pause Young (Allocation Failure) 424M->360M(910M) 24.367ms
[514.739s][info][gc,cpu         ] GC(2361) User=0.09s Sys=0.00s Real=0.03s
[514.799s][info][gc,start       ] GC(2362) Pause Young (Allocation Failure)
[514.844s][info][gc,heap        ] GC(2362) PSYoungGen: 167744K(232960K)->51072K(232960K) Eden: 116736K(116736K)->0K(116736K) From: 51008K(116224K)->51072K(116224K)
[514.844s][info][gc,heap        ] GC(2362) ParOldGen: 317768K(699392K)->365776K(699392K)
[514.844s][info][gc,metaspace   ] GC(2362) Metaspace: 16612K(16896K)->16612K(16896K) NonClass: 14281K(14400K)->14281K(14400K) Class: 2331K(2496K)->2331K(2496K)
[514.844s][info][gc             ] GC(2362) Pause Young (Allocation Failure) 474M->407M(910M) 44.916ms
[514.844s][info][gc,cpu         ] GC(2362) User=0.14s Sys=0.00s Real=0.05s
[515.137s][info][gc,start       ] GC(2363) Pause Young (Allocation Failure)
[515.222s][info][gc,heap        ] GC(2363) PSYoungGen: 167808K(232960K)->75914K(232960K) Eden: 116736K(116736K)->0K(116736K) From: 51072K(116224K)->75914K(116224K)
[515.222s][info][gc,heap        ] GC(2363) ParOldGen: 365776K(699392K)->414976K(699392K)
[515.222s][info][gc,metaspace   ] GC(2363) Metaspace: 16612K(16896K)->16612K(16896K) NonClass: 14281K(14400K)->14281K(14400K) Class: 2331K(2496K)->2331K(2496K)
[515.222s][info][gc             ] GC(2363) Pause Young (Allocation Failure) 521M->479M(910M) 85.525ms
[515.222s][info][gc,cpu         ] GC(2363) User=0.45s Sys=0.00s Real=0.09s
[515.363s][info][gc,start       ] GC(2364) Pause Young (Allocation Failure)
[515.423s][info][gc,heap        ] GC(2364) PSYoungGen: 192650K(232960K)->4096K(232960K) Eden: 116736K(116736K)->0K(116736K) From: 75914K(116224K)->4096K(116224K)
[515.423s][info][gc,heap        ] GC(2364) ParOldGen: 414976K(699392K)->471125K(699392K)
[515.423s][info][gc,metaspace   ] GC(2364) Metaspace: 16612K(16896K)->16612K(16896K) NonClass: 14281K(14400K)->14281K(14400K) Class: 2331K(2496K)->2331K(2496K)
[515.423s][info][gc             ] GC(2364) Pause Young (Allocation Failure) 593M->464M(910M) 60.228ms
[515.423s][info][gc,cpu         ] GC(2364) User=0.30s Sys=0.00s Real=0.06s
[515.565s][info][gc,start       ] GC(2365) Pause Young (Allocation Failure)
[515.568s][info][gc,heap        ] GC(2365) PSYoungGen: 120832K(232960K)->3392K(232960K) Eden: 116736K(116736K)->0K(116736K) From: 4096K(116224K)->3392K(116224K)
[515.568s][info][gc,heap        ] GC(2365) ParOldGen: 471125K(699392K)->471557K(699392K)
[515.568s][info][gc,metaspace   ] GC(2365) Metaspace: 16612K(16896K)->16612K(16896K) NonClass: 14281K(14400K)->14281K(14400K) Class: 2331K(2496K)->2331K(2496K)
[515.568s][info][gc             ] GC(2365) Pause Young (Allocation Failure) 578M->463M(910M) 2.988ms
[515.568s][info][gc,cpu         ] GC(2365) User=0.00s Sys=0.00s Real=0.00s
[515.702s][info][gc,start       ] GC(2366) Pause Young (Allocation Failure)
[515.705s][info][gc,heap        ] GC(2366) PSYoungGen: 120128K(232960K)->2688K(232960K) Eden: 116736K(116736K)->0K(116736K) From: 3392K(116224K)->2688K(116224K)
[515.705s][info][gc,heap        ] GC(2366) ParOldGen: 471557K(699392K)->471757K(699392K)
[515.705s][info][gc,metaspace   ] GC(2366) Metaspace: 16612K(16896K)->16612K(16896K) NonClass: 14281K(14400K)->14281K(14400K) Class: 2331K(2496K)->2331K(2496K)
[515.705s][info][gc             ] GC(2366) Pause Young (Allocation Failure) 577M->463M(910M) 2.599ms
[515.705s][info][gc,cpu         ] GC(2366) User=0.00s Sys=0.00s Real=0.00s
[515.834s][info][gc,start       ] GC(2367) Pause Young (Allocation Failure)
[515.836s][info][gc,heap        ] GC(2367) PSYoungGen: 119424K(232960K)->1408K(232960K) Eden: 116736K(116736K)->0K(116736K) From: 2688K(116224K)->1408K(116224K)
[515.836s][info][gc,heap        ] GC(2367) ParOldGen: 471757K(699392K)->471797K(699392K)
[515.836s][info][gc,metaspace   ] GC(2367) Metaspace: 16612K(16896K)->16612K(16896K) NonClass: 14281K(14400K)->14281K(14400K) Class: 2331K(2496K)->2331K(2496K)
[515.836s][info][gc             ] GC(2367) Pause Young (Allocation Failure) 577M->462M(910M) 2.363ms
[515.836s][info][gc,cpu         ] GC(2367) User=0.00s Sys=0.00s Real=0.00s
[516.482s][info][gc,start       ] GC(2368) Pause Young (Allocation Failure)
[516.483s][info][gc,heap        ] GC(2368) PSYoungGen: 118144K(232960K)->2176K(232960K) Eden: 116736K(116736K)->0K(116736K) From: 1408K(116224K)->2176K(116224K)
[516.483s][info][gc,heap        ] GC(2368) ParOldGen: 471797K(699392K)->471797K(699392K)
[516.483s][info][gc,metaspace   ] GC(2368) Metaspace: 16612K(16896K)->16612K(16896K) NonClass: 14281K(14400K)->14281K(14400K) Class: 2331K(2496K)->2331K(2496K)
[516.483s][info][gc             ] GC(2368) Pause Young (Allocation Failure) 576M->462M(910M) 1.593ms
[516.483s][info][gc,cpu         ] GC(2368) User=0.00s Sys=0.00s Real=0.00s
[516.583s][info][gc,start       ] GC(2369) Pause Young (System.gc())
[516.583s][info][gc,heap        ] GC(2369) PSYoungGen: 17406K(232960K)->64K(232960K) Eden: 15230K(116736K)->0K(116736K) From: 2176K(116224K)->64K(116224K)
[516.583s][info][gc,heap        ] GC(2369) ParOldGen: 471797K(699392K)->471821K(699392K)
[516.583s][info][gc,metaspace   ] GC(2369) Metaspace: 16612K(16896K)->16612K(16896K) NonClass: 14281K(14400K)->14281K(14400K) Class: 2331K(2496K)->2331K(2496K)
[516.583s][info][gc             ] GC(2369) Pause Young (System.gc()) 477M->460M(910M) 0.708ms
[516.583s][info][gc,cpu         ] GC(2369) User=0.00s Sys=0.00s Real=0.00s
[516.583s][info][gc,start       ] GC(2370) Pause Full (System.gc())
[516.584s][info][gc,phases,start] GC(2370) Marking Phase
[516.589s][info][gc,phases      ] GC(2370) Marking Phase 5.167ms
[516.589s][info][gc,phases,start] GC(2370) Summary Phase
[516.589s][info][gc,phases      ] GC(2370) Summary Phase 0.017ms
[516.589s][info][gc,phases,start] GC(2370) Adjust Roots
[516.591s][info][gc,phases      ] GC(2370) Adjust Roots 2.376ms
[516.591s][info][gc,phases,start] GC(2370) Compaction Phase
[516.593s][info][gc,phases      ] GC(2370) Compaction Phase 1.395ms
[516.593s][info][gc,phases,start] GC(2370) Post Compact
[516.594s][info][gc,phases      ] GC(2370) Post Compact 1.649ms
[516.594s][info][gc,heap        ] GC(2370) PSYoungGen: 64K(232960K)->0K(232960K) Eden: 0K(116736K)->0K(116736K) From: 64K(116224K)->0K(116224K)
[516.594s][info][gc,heap        ] GC(2370) ParOldGen: 471821K(699392K)->5551K(699392K)
[516.594s][info][gc,metaspace   ] GC(2370) Metaspace: 16612K(16896K)->16612K(16896K) NonClass: 14281K(14400K)->14281K(14400K) Class: 2331K(2496K)->2331K(2496K)
[516.594s][info][gc             ] GC(2370) Pause Full (System.gc()) 460M->5M(910M) 10.866ms
[516.594s][info][gc,cpu         ] GC(2370) User=0.02s Sys=0.00s Real=0.01s
[517.908s][info][gc,start       ] GC(2371) Pause Young (Allocation Failure)
[517.908s][info][gc,heap        ] GC(2371) PSYoungGen: 116736K(232960K)->320K(232960K) Eden: 116736K(116736K)->0K(116736K) From: 0K(116224K)->320K(116224K)
[517.908s][info][gc,heap        ] GC(2371) ParOldGen: 5551K(699392K)->5551K(699392K)
[517.908s][info][gc,metaspace   ] GC(2371) Metaspace: 16612K(16896K)->16612K(16896K) NonClass: 14281K(14400K)->14281K(14400K) Class: 2331K(2496K)->2331K(2496K)
[517.908s][info][gc             ] GC(2371) Pause Young (Allocation Failure) 119M->5M(910M) 0.478ms
[517.908s][info][gc,cpu         ] GC(2371) User=0.00s Sys=0.00s Real=0.00s
[517.926s][info][gc,start       ] GC(2372) Pause Young (Allocation Failure)
[517.927s][info][gc,heap        ] GC(2372) PSYoungGen: 117056K(232960K)->224K(232960K) Eden: 116736K(116736K)->0K(116736K) From: 320K(116224K)->224K(116224K)
[517.927s][info][gc,heap        ] GC(2372) ParOldGen: 5551K(699392K)->5647K(699392K)
[517.927s][info][gc,metaspace   ] GC(2372) Metaspace: 16612K(16896K)->16612K(16896K) NonClass: 14281K(14400K)->14281K(14400K) Class: 2331K(2496K)->2331K(2496K)
[517.927s][info][gc             ] GC(2372) Pause Young (Allocation Failure) 119M->5M(910M) 0.513ms
[517.927s][info][gc,cpu         ] GC(2372) User=0.00s Sys=0.00s Real=0.00s
[517.945s][info][gc,start       ] GC(2373) Pause Young (Allocation Failure)
[517.945s][info][gc,heap        ] GC(2373) PSYoungGen: 116960K(232960K)->288K(232960K) Eden: 116736K(116736K)->0K(116736K) From: 224K(116224K)->288K(116224K)
[517.945s][info][gc,heap        ] GC(2373) ParOldGen: 5647K(699392K)->5695K(699392K)
[517.945s][info][gc,metaspace   ] GC(2373) Metaspace: 16612K(16896K)->16612K(16896K) NonClass: 14281K(14400K)->14281K(14400K) Class: 2331K(2496K)->2331K(2496K)
[517.945s][info][gc             ] GC(2373) Pause Young (Allocation Failure) 119M->5M(910M) 0.446ms
[517.945s][info][gc,cpu         ] GC(2373) User=0.00s Sys=0.00s Real=0.00s
[517.964s][info][gc,start       ] GC(2374) Pause Young (Allocation Failure)
[517.964s][info][gc,heap        ] GC(2374) PSYoungGen: 117024K(232960K)->352K(232960K) Eden: 116736K(116736K)->0K(116736K) From: 288K(116224K)->352K(116224K)
[517.964s][info][gc,heap        ] GC(2374) ParOldGen: 5695K(699392K)->5735K(699392K)
[517.964s][info][gc,metaspace   ] GC(2374) Metaspace: 16612K(16896K)->16612K(16896K) NonClass: 14281K(14400K)->14281K(14400K) Class: 2331K(2496K)->2331K(2496K)
[517.964s][info][gc             ] GC(2374) Pause Young (Allocation Failure) 119M->5M(910M) 0.487ms
[517.964s][info][gc,cpu         ] GC(2374) User=0.00s Sys=0.00s Real=0.00s
[517.983s][info][gc,start       ] GC(2375) Pause Young (Allocation Failure)
[517.983s][info][gc,heap        ] GC(2375) PSYoungGen: 117088K(232960K)->224K(232960K) Eden: 116736K(116736K)->0K(116736K) From: 352K(116224K)->224K(116224K)
[517.983s][info][gc,heap        ] GC(2375) ParOldGen: 5735K(699392K)->5783K(699392K)
[517.983s][info][gc,metaspace   ] GC(2375) Metaspace: 16612K(16896K)->16612K(16896K) NonClass: 14281K(14400K)->14281K(14400K) Class: 2331K(2496K)->2331K(2496K)
[517.984s][info][gc             ] GC(2375) Pause Young (Allocation Failure) 119M->5M(910M) 0.461ms
[517.984s][info][gc,cpu         ] GC(2375) User=0.00s Sys=0.00s Real=0.00s
[518.003s][info][gc,start       ] GC(2376) Pause Young (Allocation Failure)
[518.003s][info][gc,heap        ] GC(2376) PSYoungGen: 116960K(232960K)->288K(232960K) Eden: 116736K(116736K)->0K(116736K) From: 224K(116224K)->288K(116224K)
[518.003s][info][gc,heap        ] GC(2376) ParOldGen: 5783K(699392K)->5807K(699392K)
[518.003s][info][gc,metaspace   ] GC(2376) Metaspace: 16612K(16896K)->16612K(16896K) NonClass: 14281K(14400K)->14281K(14400K) Class: 2331K(2496K)->2331K(2496K)
[518.003s][info][gc             ] GC(2376) Pause Young (Allocation Failure) 119M->5M(910M) 0.454ms
[518.003s][info][gc,cpu         ] GC(2376) User=0.00s Sys=0.00s Real=0.00s
[518.024s][info][gc,start       ] GC(2377) Pause Young (Allocation Failure)
[518.024s][info][gc,heap        ] GC(2377) PSYoungGen: 117024K(232960K)->320K(232960K) Eden: 116736K(116736K)->0K(116736K) From: 288K(116224K)->320K(116224K)
[518.024s][info][gc,heap        ] GC(2377) ParOldGen: 5807K(699392K)->5863K(699392K)
[518.024s][info][gc,metaspace   ] GC(2377) Metaspace: 16612K(16896K)->16612K(16896K) NonClass: 14281K(14400K)->14281K(14400K) Class: 2331K(2496K)->2331K(2496K)
[518.024s][info][gc             ] GC(2377) Pause Young (Allocation Failure) 119M->6M(910M) 0.460ms
[518.024s][info][gc,cpu         ] GC(2377) User=0.00s Sys=0.00s Real=0.00s
[518.043s][info][gc,start       ] GC(2378) Pause Young (Allocation Failure)
[518.043s][info][gc,heap        ] GC(2378) PSYoungGen: 117056K(232960K)->192K(232960K) Eden: 116736K(116736K)->0K(116736K) From: 320K(116224K)->192K(116224K)
[518.044s][info][gc,heap        ] GC(2378) ParOldGen: 5863K(699392K)->5911K(699392K)
[518.044s][info][gc,metaspace   ] GC(2378) Metaspace: 16612K(16896K)->16612K(16896K) NonClass: 14281K(14400K)->14281K(14400K) Class: 2331K(2496K)->2331K(2496K)
[518.044s][info][gc             ] GC(2378) Pause Young (Allocation Failure) 120M->5M(910M) 0.377ms
[518.044s][info][gc,cpu         ] GC(2378) User=0.00s Sys=0.00s Real=0.00s
[518.063s][info][gc,start       ] GC(2379) Pause Young (Allocation Failure)
[518.063s][info][gc,heap        ] GC(2379) PSYoungGen: 116928K(232960K)->320K(232960K) Eden: 116736K(116736K)->0K(116736K) From: 192K(116224K)->320K(116224K)
[518.063s][info][gc,heap        ] GC(2379) ParOldGen: 5911K(699392K)->5935K(699392K)
[518.063s][info][gc,metaspace   ] GC(2379) Metaspace: 16612K(16896K)->16612K(16896K) NonClass: 14281K(14400K)->14281K(14400K) Class: 2331K(2496K)->2331K(2496K)
[518.063s][info][gc             ] GC(2379) Pause Young (Allocation Failure) 119M->6M(910M) 0.512ms
[518.063s][info][gc,cpu         ] GC(2379) User=0.00s Sys=0.00s Real=0.00s
[518.082s][info][gc,start       ] GC(2380) Pause Young (Allocation Failure)
[518.082s][info][gc,heap        ] GC(2380) PSYoungGen: 117056K(232960K)->256K(233984K) Eden: 116736K(116736K)->0K(117760K) From: 320K(116224K)->256K(116224K)
[518.082s][info][gc,heap        ] GC(2380) ParOldGen: 5935K(699392K)->5983K(699392K)
[518.082s][info][gc,metaspace   ] GC(2380) Metaspace: 16612K(16896K)->16612K(16896K) NonClass: 14281K(14400K)->14281K(14400K) Class: 2331K(2496K)->2331K(2496K)
[518.082s][info][gc             ] GC(2380) Pause Young (Allocation Failure) 120M->6M(911M) 0.398ms
[518.082s][info][gc,cpu         ] GC(2380) User=0.00s Sys=0.00s Real=0.00s
[518.102s][info][gc,start       ] GC(2381) Pause Young (Allocation Failure)
[518.102s][info][gc,heap        ] GC(2381) PSYoungGen: 118016K(233984K)->288K(232960K) Eden: 117760K(117760K)->0K(117760K) From: 256K(116224K)->288K(115200K)
[518.102s][info][gc,heap        ] GC(2381) ParOldGen: 5983K(699392K)->5983K(699392K)
[518.102s][info][gc,metaspace   ] GC(2381) Metaspace: 16612K(16896K)->16612K(16896K) NonClass: 14281K(14400K)->14281K(14400K) Class: 2331K(2496K)->2331K(2496K)
[518.102s][info][gc             ] GC(2381) Pause Young (Allocation Failure) 121M->6M(910M) 0.418ms
[518.102s][info][gc,cpu         ] GC(2381) User=0.00s Sys=0.00s Real=0.00s
[518.122s][info][gc,start       ] GC(2382) Pause Young (Allocation Failure)
[518.122s][info][gc,heap        ] GC(2382) PSYoungGen: 118048K(232960K)->320K(248320K) Eden: 117760K(117760K)->0K(140288K) From: 288K(115200K)->320K(108032K)
[518.122s][info][gc,heap        ] GC(2382) ParOldGen: 5983K(699392K)->5983K(699392K)
[518.122s][info][gc,metaspace   ] GC(2382) Metaspace: 16612K(16896K)->16612K(16896K) NonClass: 14281K(14400K)->14281K(14400K) Class: 2331K(2496K)->2331K(2496K)
[518.122s][info][gc             ] GC(2382) Pause Young (Allocation Failure) 121M->6M(925M) 0.490ms
[518.122s][info][gc,cpu         ] GC(2382) User=0.00s Sys=0.00s Real=0.00s
[518.145s][info][gc,start       ] GC(2383) Pause Young (Allocation Failure)
[518.146s][info][gc,heap        ] GC(2383) PSYoungGen: 140608K(248320K)->288K(241152K) Eden: 140288K(140288K)->0K(140288K) From: 320K(108032K)->288K(100864K)
[518.146s][info][gc,heap        ] GC(2383) ParOldGen: 5983K(699392K)->5983K(699392K)
[518.146s][info][gc,metaspace   ] GC(2383) Metaspace: 16612K(16896K)->16612K(16896K) NonClass: 14281K(14400K)->14281K(14400K) Class: 2331K(2496K)->2331K(2496K)
[518.146s][info][gc             ] GC(2383) Pause Young (Allocation Failure) 143M->6M(918M) 0.409ms
[518.146s][info][gc,cpu         ] GC(2383) User=0.00s Sys=0.00s Real=0.00s
[518.169s][info][gc,start       ] GC(2384) Pause Young (Allocation Failure)
[518.170s][info][gc,heap        ] GC(2384) PSYoungGen: 140576K(241152K)->288K(261120K) Eden: 140288K(140288K)->0K(166912K) From: 288K(100864K)->288K(94208K)
[518.170s][info][gc,heap        ] GC(2384) ParOldGen: 5983K(699392K)->5983K(699392K)
[518.170s][info][gc,metaspace   ] GC(2384) Metaspace: 16612K(16896K)->16612K(16896K) NonClass: 14281K(14400K)->14281K(14400K) Class: 2331K(2496K)->2331K(2496K)
[518.170s][info][gc             ] GC(2384) Pause Young (Allocation Failure) 143M->6M(938M) 0.587ms
[518.170s][info][gc,cpu         ] GC(2384) User=0.00s Sys=0.00s Real=0.00s
[518.196s][info][gc,start       ] GC(2385) Pause Young (Allocation Failure)
[518.197s][info][gc,heap        ] GC(2385) PSYoungGen: 167200K(261120K)->384K(254976K) Eden: 166912K(166912K)->0K(166912K) From: 288K(94208K)->384K(88064K)
[518.197s][info][gc,heap        ] GC(2385) ParOldGen: 5983K(699392K)->5983K(699392K)
[518.197s][info][gc,metaspace   ] GC(2385) Metaspace: 16612K(16896K)->16612K(16896K) NonClass: 14281K(14400K)->14281K(14400K) Class: 2331K(2496K)->2331K(2496K)
[518.197s][info][gc             ] GC(2385) Pause Young (Allocation Failure) 169M->6M(932M) 0.456ms
[518.197s][info][gc,cpu         ] GC(2385) User=0.00s Sys=0.00s Real=0.00s
[518.223s][info][gc,start       ] GC(2386) Pause Young (Allocation Failure)
[518.224s][info][gc,heap        ] GC(2386) PSYoungGen: 167296K(254976K)->352K(272896K) Eden: 166912K(166912K)->0K(190976K) From: 384K(88064K)->352K(81920K)
[518.224s][info][gc,heap        ] GC(2386) ParOldGen: 5983K(699392K)->5983K(699392K)
[518.224s][info][gc,metaspace   ] GC(2386) Metaspace: 16612K(16896K)->16612K(16896K) NonClass: 14281K(14400K)->14281K(14400K) Class: 2331K(2496K)->2331K(2496K)
[518.224s][info][gc             ] GC(2386) Pause Young (Allocation Failure) 169M->6M(949M) 0.428ms
[518.224s][info][gc,cpu         ] GC(2386) User=0.00s Sys=0.00s Real=0.00s
[518.254s][info][gc,start       ] GC(2387) Pause Young (Allocation Failure)
[518.254s][info][gc,heap        ] GC(2387) PSYoungGen: 191328K(272896K)->352K(267264K) Eden: 190976K(190976K)->0K(190976K) From: 352K(81920K)->352K(76288K)
[518.254s][info][gc,heap        ] GC(2387) ParOldGen: 5983K(699392K)->5983K(699392K)
[518.254s][info][gc,metaspace   ] GC(2387) Metaspace: 16612K(16896K)->16612K(16896K) NonClass: 14281K(14400K)->14281K(14400K) Class: 2331K(2496K)->2331K(2496K)
[518.254s][info][gc             ] GC(2387) Pause Young (Allocation Failure) 192M->6M(944M) 0.472ms
[518.254s][info][gc,cpu         ] GC(2387) User=0.00s Sys=0.00s Real=0.00s
[518.284s][info][gc,start       ] GC(2388) Pause Young (Allocation Failure)
[518.285s][info][gc,heap        ] GC(2388) PSYoungGen: 191328K(267264K)->320K(283136K) Eden: 190976K(190976K)->0K(211968K) From: 352K(76288K)->320K(71168K)
[518.285s][info][gc,heap        ] GC(2388) ParOldGen: 5983K(699392K)->5983K(699392K)
[518.285s][info][gc,metaspace   ] GC(2388) Metaspace: 16612K(16896K)->16612K(16896K) NonClass: 14281K(14400K)->14281K(14400K) Class: 2331K(2496K)->2331K(2496K)
[518.285s][info][gc             ] GC(2388) Pause Young (Allocation Failure) 192M->6M(959M) 0.427ms
[518.285s][info][gc,cpu         ] GC(2388) User=0.00s Sys=0.00s Real=0.00s
[518.319s][info][gc,start       ] GC(2389) Pause Young (Allocation Failure)
[518.320s][info][gc,heap        ] GC(2389) PSYoungGen: 212288K(283136K)->352K(278016K) Eden: 211968K(211968K)->0K(211968K) From: 320K(71168K)->352K(66048K)
[518.320s][info][gc,heap        ] GC(2389) ParOldGen: 5983K(699392K)->5983K(699392K)
[518.320s][info][gc,metaspace   ] GC(2389) Metaspace: 16612K(16896K)->16612K(16896K) NonClass: 14281K(14400K)->14281K(14400K) Class: 2331K(2496K)->2331K(2496K)
[518.320s][info][gc             ] GC(2389) Pause Young (Allocation Failure) 213M->6M(954M) 0.558ms
[518.320s][info][gc,cpu         ] GC(2389) User=0.00s Sys=0.00s Real=0.00s
[518.356s][info][gc,start       ] GC(2390) Pause Young (Allocation Failure)
[518.356s][info][gc,heap        ] GC(2390) PSYoungGen: 212320K(278016K)->352K(292352K) Eden: 211968K(211968K)->0K(230912K) From: 352K(66048K)->352K(61440K)
[518.356s][info][gc,heap        ] GC(2390) ParOldGen: 5983K(699392K)->5983K(699392K)
[518.356s][info][gc,metaspace   ] GC(2390) Metaspace: 16612K(16896K)->16612K(16896K) NonClass: 14281K(14400K)->14281K(14400K) Class: 2331K(2496K)->2331K(2496K)
[518.356s][info][gc             ] GC(2390) Pause Young (Allocation Failure) 213M->6M(968M) 0.429ms
[518.356s][info][gc,cpu         ] GC(2390) User=0.00s Sys=0.00s Real=0.00s
[518.464s][info][gc,start       ] GC(2391) Pause Young (Allocation Failure)
[518.521s][info][gc,heap        ] GC(2391) PSYoungGen: 231264K(292352K)->56803K(287744K) Eden: 230912K(230912K)->0K(230912K) From: 352K(61440K)->56803K(56832K)
[518.521s][info][gc,heap        ] GC(2391) ParOldGen: 5983K(699392K)->64655K(699392K)
[518.521s][info][gc,metaspace   ] GC(2391) Metaspace: 16612K(16896K)->16612K(16896K) NonClass: 14281K(14400K)->14281K(14400K) Class: 2331K(2496K)->2331K(2496K)
[518.521s][info][gc             ] GC(2391) Pause Young (Allocation Failure) 231M->118M(964M) 57.081ms
[518.521s][info][gc,cpu         ] GC(2391) User=0.30s Sys=0.00s Real=0.06s
[518.689s][info][gc,start       ] GC(2392) Pause Young (Allocation Failure)
[518.812s][info][gc,heap        ] GC(2392) PSYoungGen: 287715K(287744K)->61411K(178176K) Eden: 230912K(230912K)->0K(116736K) From: 56803K(56832K)->61411K(61440K)
[518.812s][info][gc,heap        ] GC(2392) ParOldGen: 64655K(699392K)->217247K(699392K)
[518.812s][info][gc,metaspace   ] GC(2392) Metaspace: 16612K(16896K)->16612K(16896K) NonClass: 14281K(14400K)->14281K(14400K) Class: 2331K(2496K)->2331K(2496K)
[518.812s][info][gc             ] GC(2392) Pause Young (Allocation Failure) 344M->272M(857M) 123.016ms
[518.812s][info][gc,cpu         ] GC(2392) User=0.50s Sys=0.00s Real=0.11s
[518.904s][info][gc,start       ] GC(2393) Pause Young (Allocation Failure)
[518.972s][info][gc,heap        ] GC(2393) PSYoungGen: 178147K(178176K)->116210K(232960K) Eden: 116736K(116736K)->0K(116736K) From: 61411K(61440K)->116210K(116224K)
[518.972s][info][gc,heap        ] GC(2393) ParOldGen: 217247K(699392K)->242207K(699392K)
[518.972s][info][gc,metaspace   ] GC(2393) Metaspace: 16612K(16896K)->16612K(16896K) NonClass: 14281K(14400K)->14281K(14400K) Class: 2331K(2496K)->2331K(2496K)
[518.972s][info][gc             ] GC(2393) Pause Young (Allocation Failure) 386M->350M(910M) 68.605ms
[518.972s][info][gc,cpu         ] GC(2393) User=0.39s Sys=0.00s Real=0.08s
[519.060s][info][gc,start       ] GC(2394) Pause Young (Allocation Failure)
[519.160s][info][gc,heap        ] GC(2394) PSYoungGen: 232946K(232960K)->116210K(232960K) Eden: 116736K(116736K)->0K(116736K) From: 116210K(116224K)->116210K(116224K)
[519.160s][info][gc,heap        ] GC(2394) ParOldGen: 242207K(699392K)->321847K(699392K)
[519.160s][info][gc,metaspace   ] GC(2394) Metaspace: 16612K(16896K)->16612K(16896K) NonClass: 14281K(14400K)->14281K(14400K) Class: 2331K(2496K)->2331K(2496K)
[519.160s][info][gc             ] GC(2394) Pause Young (Allocation Failure) 464M->427M(910M) 100.172ms
[519.160s][info][gc,cpu         ] GC(2394) User=0.56s Sys=0.00s Real=0.11s
[522.173s][info][gc,start       ] GC(2395) Pause Young (Allocation Failure)
[522.256s][info][gc,heap        ] GC(2395) PSYoungGen: 232946K(232960K)->116210K(232960K) Eden: 116736K(116736K)->0K(116736K) From: 116210K(116224K)->116210K(116224K)
[522.256s][info][gc,heap        ] GC(2395) ParOldGen: 321847K(699392K)->332783K(699392K)
[522.256s][info][gc,metaspace   ] GC(2395) Metaspace: 16612K(16896K)->16612K(16896K) NonClass: 14281K(14400K)->14281K(14400K) Class: 2331K(2496K)->2331K(2496K)
[522.256s][info][gc             ] GC(2395) Pause Young (Allocation Failure) 541M->438M(910M) 83.245ms
[522.256s][info][gc,cpu         ] GC(2395) User=0.36s Sys=0.00s Real=0.08s
[522.308s][info][gc,start       ] GC(2396) Pause Young (Allocation Failure)
[522.401s][info][gc,heap        ] GC(2396) PSYoungGen: 232946K(232960K)->116195K(232960K) Eden: 116736K(116736K)->0K(116736K) From: 116210K(116224K)->116195K(116224K)
[522.401s][info][gc,heap        ] GC(2396) ParOldGen: 332783K(699392K)->385327K(699392K)
[522.401s][info][gc,metaspace   ] GC(2396) Metaspace: 16612K(16896K)->16612K(16896K) NonClass: 14281K(14400K)->14281K(14400K) Class: 2331K(2496K)->2331K(2496K)
[522.401s][info][gc             ] GC(2396) Pause Young (Allocation Failure) 552M->489M(910M) 92.827ms
[522.401s][info][gc,cpu         ] GC(2396) User=0.44s Sys=0.00s Real=0.09s
[522.458s][info][gc,start       ] GC(2397) Pause Young (Allocation Failure)
[522.548s][info][gc,heap        ] GC(2397) PSYoungGen: 232931K(232960K)->116224K(232960K) Eden: 116736K(116736K)->0K(116736K) From: 116195K(116224K)->116224K(116224K)
[522.548s][info][gc,heap        ] GC(2397) ParOldGen: 385327K(699392K)->435706K(699392K)
[522.548s][info][gc,metaspace   ] GC(2397) Metaspace: 16612K(16896K)->16612K(16896K) NonClass: 14281K(14400K)->14281K(14400K) Class: 2331K(2496K)->2331K(2496K)
[522.548s][info][gc             ] GC(2397) Pause Young (Allocation Failure) 603M->538M(910M) 90.959ms
[522.548s][info][gc,cpu         ] GC(2397) User=0.42s Sys=0.00s Real=0.08s
[522.605s][info][gc,start       ] GC(2398) Pause Young (Allocation Failure)
[522.681s][info][gc,heap        ] GC(2398) PSYoungGen: 232960K(232960K)->116224K(232960K) Eden: 116736K(116736K)->0K(116736K) From: 116224K(116224K)->116224K(116224K)
[522.686s][info][gc,heap        ] GC(2398) ParOldGen: 435706K(699392K)->486010K(699392K)
[522.686s][info][gc,metaspace   ] GC(2398) Metaspace: 16612K(16896K)->16612K(16896K) NonClass: 14281K(14400K)->14281K(14400K) Class: 2331K(2496K)->2331K(2496K)
[522.686s][info][gc             ] GC(2398) Pause Young (Allocation Failure) 652M->588M(910M) 80.531ms
[522.686s][info][gc,cpu         ] GC(2398) User=0.39s Sys=0.00s Real=0.09s
[522.743s][info][gc,start       ] GC(2399) Pause Young (Allocation Failure)
[522.822s][info][gc,heap        ] GC(2399) PSYoungGen: 232960K(232960K)->116224K(232960K) Eden: 116736K(116736K)->0K(116736K) From: 116224K(116224K)->116224K(116224K)
[522.823s][info][gc,heap        ] GC(2399) ParOldGen: 486010K(699392K)->535266K(699392K)
[522.823s][info][gc,metaspace   ] GC(2399) Metaspace: 16612K(16896K)->16612K(16896K) NonClass: 14281K(14400K)->14281K(14400K) Class: 2331K(2496K)->2331K(2496K)
[522.823s][info][gc             ] GC(2399) Pause Young (Allocation Failure) 702M->636M(910M) 79.463ms
[522.823s][info][gc,cpu         ] GC(2399) User=0.39s Sys=0.00s Real=0.08s
[522.881s][info][gc,start       ] GC(2400) Pause Young (Allocation Failure)
[522.957s][info][gc,heap        ] GC(2400) PSYoungGen: 232960K(232960K)->116224K(232960K) Eden: 116736K(116736K)->0K(116736K) From: 116224K(116224K)->116224K(116224K)
[522.957s][info][gc,heap        ] GC(2400) ParOldGen: 535266K(699392K)->584546K(699392K)
[522.957s][info][gc,metaspace   ] GC(2400) Metaspace: 16612K(16896K)->16612K(16896K) NonClass: 14281K(14400K)->14281K(14400K) Class: 2331K(2496K)->2331K(2496K)
[522.957s][info][gc             ] GC(2400) Pause Young (Allocation Failure) 750M->684M(910M) 76.373ms
[522.957s][info][gc,cpu         ] GC(2400) User=0.33s Sys=0.00s Real=0.06s
[523.018s][info][gc,start       ] GC(2401) Pause Young (Allocation Failure)
[523.092s][info][gc,heap        ] GC(2401) PSYoungGen: 232960K(232960K)->89312K(232960K) Eden: 116736K(116736K)->0K(116736K) From: 116224K(116224K)->89312K(116224K)
[523.092s][info][gc,heap        ] GC(2401) ParOldGen: 584546K(699392K)->661146K(699392K)
[523.092s][info][gc,metaspace   ] GC(2401) Metaspace: 16612K(16896K)->16612K(16896K) NonClass: 14281K(14400K)->14281K(14400K) Class: 2331K(2496K)->2331K(2496K)
[523.092s][info][gc             ] GC(2401) Pause Young (Allocation Failure) 798M->732M(910M) 74.324ms
[523.092s][info][gc,cpu         ] GC(2401) User=0.39s Sys=0.00s Real=0.08s
[523.151s][info][gc,start       ] GC(2402) Pause Full (Ergonomics)
[523.151s][info][gc,phases,start] GC(2402) Marking Phase
[523.247s][info][gc,phases      ] GC(2402) Marking Phase 96.059ms
[523.247s][info][gc,phases,start] GC(2402) Summary Phase
[523.247s][info][gc,phases      ] GC(2402) Summary Phase 0.022ms
[523.247s][info][gc,phases,start] GC(2402) Adjust Roots
[523.249s][info][gc,phases      ] GC(2402) Adjust Roots 1.777ms
[523.249s][info][gc,phases,start] GC(2402) Compaction Phase
[523.452s][info][gc,phases      ] GC(2402) Compaction Phase 203.157ms
[523.452s][info][gc,phases,start] GC(2402) Post Compact
[523.455s][info][gc,phases      ] GC(2402) Post Compact 2.343ms
[523.455s][info][gc,heap        ] GC(2402) PSYoungGen: 206048K(232960K)->0K(232960K) Eden: 116736K(116736K)->0K(116736K) From: 89312K(116224K)->0K(116224K)
[523.455s][info][gc,heap        ] GC(2402) ParOldGen: 661146K(699392K)->350961K(699392K)
[523.455s][info][gc,metaspace   ] GC(2402) Metaspace: 16612K(16896K)->16612K(16896K) NonClass: 14281K(14400K)->14281K(14400K) Class: 2331K(2496K)->2331K(2496K)
[523.455s][info][gc             ] GC(2402) Pause Full (Ergonomics) 846M->342M(910M) 303.692ms
[523.455s][info][gc,cpu         ] GC(2402) User=1.62s Sys=0.00s Real=0.30s
[523.515s][info][gc,start       ] GC(2403) Pause Young (Allocation Failure)
[523.541s][info][gc,heap        ] GC(2403) PSYoungGen: 116736K(232960K)->51040K(232960K) Eden: 116736K(116736K)->0K(116736K) From: 0K(116224K)->51040K(116224K)
[523.541s][info][gc,heap        ] GC(2403) ParOldGen: 350961K(699392K)->350961K(699392K)
[523.541s][info][gc,metaspace   ] GC(2403) Metaspace: 16612K(16896K)->16612K(16896K) NonClass: 14281K(14400K)->14281K(14400K) Class: 2331K(2496K)->2331K(2496K)
[523.541s][info][gc             ] GC(2403) Pause Young (Allocation Failure) 456M->392M(910M) 25.953ms
[523.541s][info][gc,cpu         ] GC(2403) User=0.09s Sys=0.00s Real=0.03s
[523.643s][info][gc,start       ] GC(2404) Pause Young (Allocation Failure)
[523.725s][info][gc,heap        ] GC(2404) PSYoungGen: 167776K(232960K)->80586K(232960K) Eden: 116736K(116736K)->0K(116736K) From: 51040K(116224K)->80586K(116224K)
[523.725s][info][gc,heap        ] GC(2404) ParOldGen: 350961K(699392K)->399449K(699392K)
[523.725s][info][gc,metaspace   ] GC(2404) Metaspace: 16612K(16896K)->16612K(16896K) NonClass: 14281K(14400K)->14281K(14400K) Class: 2331K(2496K)->2331K(2496K)
[523.725s][info][gc             ] GC(2404) Pause Young (Allocation Failure) 506M->468M(910M) 81.308ms
[523.725s][info][gc,cpu         ] GC(2404) User=0.41s Sys=0.00s Real=0.08s
[524.058s][info][gc,start       ] GC(2405) Pause Young (Allocation Failure)
[524.134s][info][gc,heap        ] GC(2405) PSYoungGen: 197322K(232960K)->14624K(232960K) Eden: 116736K(116736K)->0K(116736K) From: 80586K(116224K)->14624K(116224K)
[524.134s][info][gc,heap        ] GC(2405) ParOldGen: 399449K(699392K)->458996K(699392K)
[524.134s][info][gc,metaspace   ] GC(2405) Metaspace: 16612K(16896K)->16612K(16896K) NonClass: 14281K(14400K)->14281K(14400K) Class: 2331K(2496K)->2331K(2496K)
[524.134s][info][gc             ] GC(2405) Pause Young (Allocation Failure) 582M->462M(910M) 75.892ms
[524.134s][info][gc,cpu         ] GC(2405) User=0.19s Sys=0.00s Real=0.06s
[524.293s][info][gc,start       ] GC(2406) Pause Young (Allocation Failure)
[524.308s][info][gc,heap        ] GC(2406) PSYoungGen: 131360K(232960K)->3648K(232960K) Eden: 116736K(116736K)->0K(116736K) From: 14624K(116224K)->3648K(116224K)
[524.308s][info][gc,heap        ] GC(2406) ParOldGen: 458996K(699392K)->470092K(699392K)
[524.308s][info][gc,metaspace   ] GC(2406) Metaspace: 16612K(16896K)->16612K(16896K) NonClass: 14281K(14400K)->14281K(14400K) Class: 2331K(2496K)->2331K(2496K)
[524.308s][info][gc             ] GC(2406) Pause Young (Allocation Failure) 576M->462M(910M) 14.543ms
[524.308s][info][gc,cpu         ] GC(2406) User=0.00s Sys=0.00s Real=0.00s
[524.453s][info][gc,start       ] GC(2407) Pause Young (Allocation Failure)
[524.455s][info][gc,heap        ] GC(2407) PSYoungGen: 120384K(232960K)->2880K(232960K) Eden: 116736K(116736K)->0K(116736K) From: 3648K(116224K)->2880K(116224K)
[524.455s][info][gc,heap        ] GC(2407) ParOldGen: 470092K(699392K)->470356K(699392K)
[524.455s][info][gc,metaspace   ] GC(2407) Metaspace: 16612K(16896K)->16612K(16896K) NonClass: 14281K(14400K)->14281K(14400K) Class: 2331K(2496K)->2331K(2496K)
[524.455s][info][gc             ] GC(2407) Pause Young (Allocation Failure) 576M->462M(910M) 2.525ms
[524.455s][info][gc,cpu         ] GC(2407) User=0.00s Sys=0.00s Real=0.00s
[524.582s][info][gc,start       ] GC(2408) Pause Young (Allocation Failure)
[524.584s][info][gc,heap        ] GC(2408) PSYoungGen: 119616K(232960K)->1984K(232960K) Eden: 116736K(116736K)->0K(116736K) From: 2880K(116224K)->1984K(116224K)
[524.584s][info][gc,heap        ] GC(2408) ParOldGen: 470356K(699392K)->470436K(699392K)
[524.584s][info][gc,metaspace   ] GC(2408) Metaspace: 16612K(16896K)->16612K(16896K) NonClass: 14281K(14400K)->14281K(14400K) Class: 2331K(2496K)->2331K(2496K)
[524.584s][info][gc             ] GC(2408) Pause Young (Allocation Failure) 576M->461M(910M) 2.397ms
[524.584s][info][gc,cpu         ] GC(2408) User=0.02s Sys=0.00s Real=0.00s
[525.030s][info][gc,start       ] GC(2409) Pause Young (Allocation Failure)
[525.031s][info][gc,heap        ] GC(2409) PSYoungGen: 118720K(232960K)->2176K(232960K) Eden: 116736K(116736K)->0K(116736K) From: 1984K(116224K)->2176K(116224K)
[525.031s][info][gc,heap        ] GC(2409) ParOldGen: 470436K(699392K)->470436K(699392K)
[525.031s][info][gc,metaspace   ] GC(2409) Metaspace: 16612K(16896K)->16612K(16896K) NonClass: 14281K(14400K)->14281K(14400K) Class: 2331K(2496K)->2331K(2496K)
[525.031s][info][gc             ] GC(2409) Pause Young (Allocation Failure) 575M->461M(910M) 1.969ms
[525.032s][info][gc,cpu         ] GC(2409) User=0.02s Sys=0.00s Real=0.02s
[525.372s][info][gc,start       ] GC(2410) Pause Young (System.gc())
[525.373s][info][gc,heap        ] GC(2410) PSYoungGen: 51098K(232960K)->96K(232960K) Eden: 48922K(116736K)->0K(116736K) From: 2176K(116224K)->96K(116224K)
[525.373s][info][gc,heap        ] GC(2410) ParOldGen: 470436K(699392K)->470468K(699392K)
[525.373s][info][gc,metaspace   ] GC(2410) Metaspace: 16612K(16896K)->16612K(16896K) NonClass: 14281K(14400K)->14281K(14400K) Class: 2331K(2496K)->2331K(2496K)
[525.373s][info][gc             ] GC(2410) Pause Young (System.gc()) 509M->459M(910M) 0.716ms
[525.373s][info][gc,cpu         ] GC(2410) User=0.00s Sys=0.00s Real=0.00s
[525.373s][info][gc,start       ] GC(2411) Pause Full (System.gc())
[525.373s][info][gc,phases,start] GC(2411) Marking Phase
[525.377s][info][gc,phases      ] GC(2411) Marking Phase 4.730ms
[525.377s][info][gc,phases,start] GC(2411) Summary Phase
[525.377s][info][gc,phases      ] GC(2411) Summary Phase 0.011ms
[525.377s][info][gc,phases,start] GC(2411) Adjust Roots
[525.380s][info][gc,phases      ] GC(2411) Adjust Roots 2.181ms
[525.380s][info][gc,phases,start] GC(2411) Compaction Phase
[525.381s][info][gc,phases      ] GC(2411) Compaction Phase 1.458ms
[525.381s][info][gc,phases,start] GC(2411) Post Compact
[525.383s][info][gc,phases      ] GC(2411) Post Compact 1.937ms
[525.383s][info][gc,heap        ] GC(2411) PSYoungGen: 96K(232960K)->0K(232960K) Eden: 0K(116736K)->0K(116736K) From: 96K(116224K)->0K(116224K)
[525.383s][info][gc,heap        ] GC(2411) ParOldGen: 470468K(699392K)->5551K(699392K)
[525.383s][info][gc,metaspace   ] GC(2411) Metaspace: 16612K(16896K)->16612K(16896K) NonClass: 14281K(14400K)->14281K(14400K) Class: 2331K(2496K)->2331K(2496K)
[525.383s][info][gc             ] GC(2411) Pause Full (System.gc()) 459M->5M(910M) 10.586ms
[525.383s][info][gc,cpu         ] GC(2411) User=0.00s Sys=0.00s Real=0.02s
[526.720s][info][gc,start       ] GC(2412) Pause Young (Allocation Failure)
[526.721s][info][gc,heap        ] GC(2412) PSYoungGen: 116736K(232960K)->320K(232960K) Eden: 116736K(116736K)->0K(116736K) From: 0K(116224K)->320K(116224K)
[526.721s][info][gc,heap        ] GC(2412) ParOldGen: 5551K(699392K)->5551K(699392K)
[526.721s][info][gc,metaspace   ] GC(2412) Metaspace: 16612K(16896K)->16612K(16896K) NonClass: 14281K(14400K)->14281K(14400K) Class: 2331K(2496K)->2331K(2496K)
[526.721s][info][gc             ] GC(2412) Pause Young (Allocation Failure) 119M->5M(910M) 0.700ms
[526.721s][info][gc,cpu         ] GC(2412) User=0.00s Sys=0.00s Real=0.00s
[526.741s][info][gc,start       ] GC(2413) Pause Young (Allocation Failure)
[526.742s][info][gc,heap        ] GC(2413) PSYoungGen: 117056K(232960K)->224K(232960K) Eden: 116736K(116736K)->0K(116736K) From: 320K(116224K)->224K(116224K)
[526.742s][info][gc,heap        ] GC(2413) ParOldGen: 5551K(699392K)->5647K(699392K)
[526.742s][info][gc,metaspace   ] GC(2413) Metaspace: 16612K(16896K)->16612K(16896K) NonClass: 14281K(14400K)->14281K(14400K) Class: 2331K(2496K)->2331K(2496K)
[526.742s][info][gc             ] GC(2413) Pause Young (Allocation Failure) 119M->5M(910M) 0.543ms
[526.742s][info][gc,cpu         ] GC(2413) User=0.00s Sys=0.00s Real=0.02s
[526.761s][info][gc,start       ] GC(2414) Pause Young (Allocation Failure)
[526.761s][info][gc,heap        ] GC(2414) PSYoungGen: 116960K(232960K)->288K(232960K) Eden: 116736K(116736K)->0K(116736K) From: 224K(116224K)->288K(116224K)
[526.761s][info][gc,heap        ] GC(2414) ParOldGen: 5647K(699392K)->5687K(699392K)
[526.761s][info][gc,metaspace   ] GC(2414) Metaspace: 16612K(16896K)->16612K(16896K) NonClass: 14281K(14400K)->14281K(14400K) Class: 2331K(2496K)->2331K(2496K)
[526.761s][info][gc             ] GC(2414) Pause Young (Allocation Failure) 119M->5M(910M) 0.526ms
[526.761s][info][gc,cpu         ] GC(2414) User=0.00s Sys=0.00s Real=0.00s
[526.780s][info][gc,start       ] GC(2415) Pause Young (Allocation Failure)
[526.783s][info][gc,heap        ] GC(2415) PSYoungGen: 117024K(232960K)->288K(232960K) Eden: 116736K(116736K)->0K(116736K) From: 288K(116224K)->288K(116224K)
[526.783s][info][gc,heap        ] GC(2415) ParOldGen: 5687K(699392K)->5743K(699392K)
[526.783s][info][gc,metaspace   ] GC(2415) Metaspace: 16612K(16896K)->16612K(16896K) NonClass: 14281K(14400K)->14281K(14400K) Class: 2331K(2496K)->2331K(2496K)
[526.783s][info][gc             ] GC(2415) Pause Young (Allocation Failure) 119M->5M(910M) 2.973ms
[526.783s][info][gc,cpu         ] GC(2415) User=0.00s Sys=0.00s Real=0.00s
[526.802s][info][gc,start       ] GC(2416) Pause Young (Allocation Failure)
[526.802s][info][gc,heap        ] GC(2416) PSYoungGen: 117024K(232960K)->192K(232960K) Eden: 116736K(116736K)->0K(116736K) From: 288K(116224K)->192K(116224K)
[526.802s][info][gc,heap        ] GC(2416) ParOldGen: 5743K(699392K)->5799K(699392K)
[526.802s][info][gc,metaspace   ] GC(2416) Metaspace: 16612K(16896K)->16612K(16896K) NonClass: 14281K(14400K)->14281K(14400K) Class: 2331K(2496K)->2331K(2496K)
[526.802s][info][gc             ] GC(2416) Pause Young (Allocation Failure) 119M->5M(910M) 0.423ms
[526.803s][info][gc,cpu         ] GC(2416) User=0.00s Sys=0.00s Real=0.00s
[526.821s][info][gc,start       ] GC(2417) Pause Young (Allocation Failure)
[526.821s][info][gc,heap        ] GC(2417) PSYoungGen: 116928K(232960K)->288K(232960K) Eden: 116736K(116736K)->0K(116736K) From: 192K(116224K)->288K(116224K)
[526.821s][info][gc,heap        ] GC(2417) ParOldGen: 5799K(699392K)->5839K(699392K)
[526.821s][info][gc,metaspace   ] GC(2417) Metaspace: 16612K(16896K)->16612K(16896K) NonClass: 14281K(14400K)->14281K(14400K) Class: 2331K(2496K)->2331K(2496K)
[526.821s][info][gc             ] GC(2417) Pause Young (Allocation Failure) 119M->5M(910M) 0.413ms
[526.821s][info][gc,cpu         ] GC(2417) User=0.00s Sys=0.00s Real=0.00s
[526.841s][info][gc,start       ] GC(2418) Pause Young (Allocation Failure)
[526.841s][info][gc,heap        ] GC(2418) PSYoungGen: 117024K(232960K)->320K(232960K) Eden: 116736K(116736K)->0K(116736K) From: 288K(116224K)->320K(116224K)
[526.841s][info][gc,heap        ] GC(2418) ParOldGen: 5839K(699392K)->5871K(699392K)
[526.841s][info][gc,metaspace   ] GC(2418) Metaspace: 16612K(16896K)->16612K(16896K) NonClass: 14281K(14400K)->14281K(14400K) Class: 2331K(2496K)->2331K(2496K)
[526.841s][info][gc             ] GC(2418) Pause Young (Allocation Failure) 119M->6M(910M) 0.622ms
[526.841s][info][gc,cpu         ] GC(2418) User=0.00s Sys=0.00s Real=0.00s
[526.861s][info][gc,start       ] GC(2419) Pause Young (Allocation Failure)
[526.861s][info][gc,heap        ] GC(2419) PSYoungGen: 117056K(232960K)->288K(232960K) Eden: 116736K(116736K)->0K(116736K) From: 320K(116224K)->288K(116224K)
[526.861s][info][gc,heap        ] GC(2419) ParOldGen: 5871K(699392K)->5911K(699392K)
[526.861s][info][gc,metaspace   ] GC(2419) Metaspace: 16612K(16896K)->16612K(16896K) NonClass: 14281K(14400K)->14281K(14400K) Class: 2331K(2496K)->2331K(2496K)
[526.861s][info][gc             ] GC(2419) Pause Young (Allocation Failure) 120M->6M(910M) 0.727ms
[526.861s][info][gc,cpu         ] GC(2419) User=0.00s Sys=0.00s Real=0.00s
[526.881s][info][gc,start       ] GC(2420) Pause Young (Allocation Failure)
[526.881s][info][gc,heap        ] GC(2420) PSYoungGen: 117024K(232960K)->224K(232960K) Eden: 116736K(116736K)->0K(116736K) From: 288K(116224K)->224K(116224K)
[526.881s][info][gc,heap        ] GC(2420) ParOldGen: 5911K(699392K)->5959K(699392K)
[526.881s][info][gc,metaspace   ] GC(2420) Metaspace: 16612K(16896K)->16612K(16896K) NonClass: 14281K(14400K)->14281K(14400K) Class: 2331K(2496K)->2331K(2496K)
[526.881s][info][gc             ] GC(2420) Pause Young (Allocation Failure) 120M->6M(910M) 0.440ms
[526.881s][info][gc,cpu         ] GC(2420) User=0.00s Sys=0.00s Real=0.00s
[526.901s][info][gc,start       ] GC(2421) Pause Young (Allocation Failure)
[526.901s][info][gc,heap        ] GC(2421) PSYoungGen: 116960K(232960K)->288K(232960K) Eden: 116736K(116736K)->0K(116736K) From: 224K(116224K)->288K(116224K)
[526.901s][info][gc,heap        ] GC(2421) ParOldGen: 5959K(699392K)->6007K(699392K)
[526.901s][info][gc,metaspace   ] GC(2421) Metaspace: 16612K(16896K)->16612K(16896K) NonClass: 14281K(14400K)->14281K(14400K) Class: 2331K(2496K)->2331K(2496K)
[526.901s][info][gc             ] GC(2421) Pause Young (Allocation Failure) 120M->6M(910M) 0.476ms
[526.901s][info][gc,cpu         ] GC(2421) User=0.00s Sys=0.00s Real=0.00s
[526.922s][info][gc,start       ] GC(2422) Pause Young (Allocation Failure)
[526.923s][info][gc,heap        ] GC(2422) PSYoungGen: 117024K(232960K)->256K(232960K) Eden: 116736K(116736K)->0K(116736K) From: 288K(116224K)->256K(116224K)
[526.923s][info][gc,heap        ] GC(2422) ParOldGen: 6007K(699392K)->6047K(699392K)
[526.923s][info][gc,metaspace   ] GC(2422) Metaspace: 16612K(16896K)->16612K(16896K) NonClass: 14281K(14400K)->14281K(14400K) Class: 2331K(2496K)->2331K(2496K)
[526.923s][info][gc             ] GC(2422) Pause Young (Allocation Failure) 120M->6M(910M) 0.676ms
[526.923s][info][gc,cpu         ] GC(2422) User=0.00s Sys=0.00s Real=0.00s
[526.944s][info][gc,start       ] GC(2423) Pause Young (Allocation Failure)
[526.945s][info][gc,heap        ] GC(2423) PSYoungGen: 116992K(232960K)->256K(232960K) Eden: 116736K(116736K)->0K(116736K) From: 256K(116224K)->256K(116224K)
[526.945s][info][gc,heap        ] GC(2423) ParOldGen: 6047K(699392K)->6087K(699392K)
[526.945s][info][gc,metaspace   ] GC(2423) Metaspace: 16612K(16896K)->16612K(16896K) NonClass: 14281K(14400K)->14281K(14400K) Class: 2331K(2496K)->2331K(2496K)
[526.945s][info][gc             ] GC(2423) Pause Young (Allocation Failure) 120M->6M(910M) 0.523ms
[526.945s][info][gc,cpu         ] GC(2423) User=0.00s Sys=0.00s Real=0.00s
[526.967s][info][gc,start       ] GC(2424) Pause Young (Allocation Failure)
[526.967s][info][gc,heap        ] GC(2424) PSYoungGen: 116992K(232960K)->256K(232960K) Eden: 116736K(116736K)->0K(116736K) From: 256K(116224K)->256K(116224K)
[526.967s][info][gc,heap        ] GC(2424) ParOldGen: 6087K(699392K)->6135K(699392K)
[526.967s][info][gc,metaspace   ] GC(2424) Metaspace: 16612K(16896K)->16612K(16896K) NonClass: 14281K(14400K)->14281K(14400K) Class: 2331K(2496K)->2331K(2496K)
[526.967s][info][gc             ] GC(2424) Pause Young (Allocation Failure) 120M->6M(910M) 0.393ms
[526.967s][info][gc,cpu         ] GC(2424) User=0.00s Sys=0.00s Real=0.00s
[526.989s][info][gc,start       ] GC(2425) Pause Young (Allocation Failure)
[526.989s][info][gc,heap        ] GC(2425) PSYoungGen: 116992K(232960K)->288K(244224K) Eden: 116736K(116736K)->0K(131584K) From: 256K(116224K)->288K(112640K)
[526.989s][info][gc,heap        ] GC(2425) ParOldGen: 6135K(699392K)->6135K(699392K)
[526.989s][info][gc,metaspace   ] GC(2425) Metaspace: 16612K(16896K)->16612K(16896K) NonClass: 14281K(14400K)->14281K(14400K) Class: 2331K(2496K)->2331K(2496K)
[526.989s][info][gc             ] GC(2425) Pause Young (Allocation Failure) 120M->6M(921M) 0.583ms
[526.989s][info][gc,cpu         ] GC(2425) User=0.00s Sys=0.00s Real=0.00s
[527.014s][info][gc,start       ] GC(2426) Pause Young (Allocation Failure)
[527.015s][info][gc,heap        ] GC(2426) PSYoungGen: 131872K(244224K)->352K(236544K) Eden: 131584K(131584K)->0K(131584K) From: 288K(112640K)->352K(104960K)
[527.015s][info][gc,heap        ] GC(2426) ParOldGen: 6135K(699392K)->6135K(699392K)
[527.015s][info][gc,metaspace   ] GC(2426) Metaspace: 16612K(16896K)->16612K(16896K) NonClass: 14281K(14400K)->14281K(14400K) Class: 2331K(2496K)->2331K(2496K)
[527.015s][info][gc             ] GC(2426) Pause Young (Allocation Failure) 134M->6M(914M) 0.690ms
[527.015s][info][gc,cpu         ] GC(2426) User=0.00s Sys=0.00s Real=0.00s
[527.039s][info][gc,start       ] GC(2427) Pause Young (Allocation Failure)
[527.039s][info][gc,heap        ] GC(2427) PSYoungGen: 131936K(236544K)->320K(258048K) Eden: 131584K(131584K)->0K(160256K) From: 352K(104960K)->320K(97792K)
[527.039s][info][gc,heap        ] GC(2427) ParOldGen: 6135K(699392K)->6135K(699392K)
[527.039s][info][gc,metaspace   ] GC(2427) Metaspace: 16612K(16896K)->16612K(16896K) NonClass: 14281K(14400K)->14281K(14400K) Class: 2331K(2496K)->2331K(2496K)
[527.039s][info][gc             ] GC(2427) Pause Young (Allocation Failure) 134M->6M(935M) 0.651ms
[527.039s][info][gc,cpu         ] GC(2427) User=0.00s Sys=0.00s Real=0.00s
[527.066s][info][gc,start       ] GC(2428) Pause Young (Allocation Failure)
[527.067s][info][gc,heap        ] GC(2428) PSYoungGen: 160576K(258048K)->288K(251392K) Eden: 160256K(160256K)->0K(160256K) From: 320K(97792K)->288K(91136K)
[527.067s][info][gc,heap        ] GC(2428) ParOldGen: 6135K(699392K)->6135K(699392K)
[527.067s][info][gc,metaspace   ] GC(2428) Metaspace: 16612K(16896K)->16612K(16896K) NonClass: 14281K(14400K)->14281K(14400K) Class: 2331K(2496K)->2331K(2496K)
[527.067s][info][gc             ] GC(2428) Pause Young (Allocation Failure) 162M->6M(928M) 0.566ms
[527.067s][info][gc,cpu         ] GC(2428) User=0.00s Sys=0.00s Real=0.00s
[527.094s][info][gc,start       ] GC(2429) Pause Young (Allocation Failure)
[527.094s][info][gc,heap        ] GC(2429) PSYoungGen: 160544K(251392K)->352K(270336K) Eden: 160256K(160256K)->0K(185344K) From: 288K(91136K)->352K(84992K)
[527.095s][info][gc,heap        ] GC(2429) ParOldGen: 6135K(699392K)->6135K(699392K)
[527.095s][info][gc,metaspace   ] GC(2429) Metaspace: 16612K(16896K)->16612K(16896K) NonClass: 14281K(14400K)->14281K(14400K) Class: 2331K(2496K)->2331K(2496K)
[527.095s][info][gc             ] GC(2429) Pause Young (Allocation Failure) 162M->6M(947M) 0.491ms
[527.095s][info][gc,cpu         ] GC(2429) User=0.00s Sys=0.00s Real=0.00s
[527.126s][info][gc,start       ] GC(2430) Pause Young (Allocation Failure)
[527.126s][info][gc,heap        ] GC(2430) PSYoungGen: 185696K(270336K)->352K(264192K) Eden: 185344K(185344K)->0K(185344K) From: 352K(84992K)->352K(78848K)
[527.126s][info][gc,heap        ] GC(2430) ParOldGen: 6135K(699392K)->6135K(699392K)
[527.126s][info][gc,metaspace   ] GC(2430) Metaspace: 16612K(16896K)->16612K(16896K) NonClass: 14281K(14400K)->14281K(14400K) Class: 2331K(2496K)->2331K(2496K)
[527.126s][info][gc             ] GC(2430) Pause Young (Allocation Failure) 187M->6M(941M) 0.554ms
[527.126s][info][gc,cpu         ] GC(2430) User=0.00s Sys=0.00s Real=0.00s
[527.156s][info][gc,start       ] GC(2431) Pause Young (Allocation Failure)
[527.157s][info][gc,heap        ] GC(2431) PSYoungGen: 185696K(264192K)->352K(281600K) Eden: 185344K(185344K)->0K(208384K) From: 352K(78848K)->352K(73216K)
[527.157s][info][gc,heap        ] GC(2431) ParOldGen: 6135K(699392K)->6135K(699392K)
[527.157s][info][gc,metaspace   ] GC(2431) Metaspace: 16612K(16896K)->16612K(16896K) NonClass: 14281K(14400K)->14281K(14400K) Class: 2331K(2496K)->2331K(2496K)
[527.157s][info][gc             ] GC(2431) Pause Young (Allocation Failure) 187M->6M(958M) 0.597ms
[527.157s][info][gc,cpu         ] GC(2431) User=0.00s Sys=0.00s Real=0.00s
[527.195s][info][gc,start       ] GC(2432) Pause Young (Allocation Failure)
[527.196s][info][gc,heap        ] GC(2432) PSYoungGen: 208736K(281600K)->288K(275968K) Eden: 208384K(208384K)->0K(208384K) From: 352K(73216K)->288K(67584K)
[527.196s][info][gc,heap        ] GC(2432) ParOldGen: 6135K(699392K)->6135K(699392K)
[527.196s][info][gc,metaspace   ] GC(2432) Metaspace: 16612K(16896K)->16612K(16896K) NonClass: 14281K(14400K)->14281K(14400K) Class: 2331K(2496K)->2331K(2496K)
[527.196s][info][gc             ] GC(2432) Pause Young (Allocation Failure) 209M->6M(952M) 0.592ms
[527.196s][info][gc,cpu         ] GC(2432) User=0.00s Sys=0.00s Real=0.00s
[527.272s][info][gc,start       ] GC(2433) Pause Young (Allocation Failure)
[527.308s][info][gc,heap        ] GC(2433) PSYoungGen: 208672K(275968K)->62947K(242176K) Eden: 208384K(208384K)->0K(179200K) From: 288K(67584K)->62947K(62976K)
[527.308s][info][gc,heap        ] GC(2433) ParOldGen: 6135K(699392K)->24919K(699392K)
[527.308s][info][gc,metaspace   ] GC(2433) Metaspace: 16612K(16896K)->16612K(16896K) NonClass: 14281K(14400K)->14281K(14400K) Class: 2331K(2496K)->2331K(2496K)
[527.308s][info][gc             ] GC(2433) Pause Young (Allocation Failure) 209M->85M(919M) 35.929ms
[527.308s][info][gc,cpu         ] GC(2433) User=0.05s Sys=0.00s Real=0.05s
[527.435s][info][gc,start       ] GC(2434) Pause Young (Allocation Failure)
[527.524s][info][gc,heap        ] GC(2434) PSYoungGen: 242147K(242176K)->84963K(264192K) Eden: 179200K(179200K)->0K(179200K) From: 62947K(62976K)->84963K(84992K)
[527.524s][info][gc,heap        ] GC(2434) ParOldGen: 24919K(699392K)->123767K(699392K)
[527.524s][info][gc,metaspace   ] GC(2434) Metaspace: 16612K(16896K)->16612K(16896K) NonClass: 14281K(14400K)->14281K(14400K) Class: 2331K(2496K)->2331K(2496K)
[527.524s][info][gc             ] GC(2434) Pause Young (Allocation Failure) 260M->203M(941M) 88.975ms
[527.524s][info][gc,cpu         ] GC(2434) User=0.47s Sys=0.00s Real=0.08s
[527.663s][info][gc,start       ] GC(2435) Pause Young (Allocation Failure)
[527.772s][info][gc,heap        ] GC(2435) PSYoungGen: 264163K(264192K)->84963K(201728K) Eden: 179200K(179200K)->0K(116736K) From: 84963K(84992K)->84963K(84992K)
[527.772s][info][gc,heap        ] GC(2435) ParOldGen: 123767K(699392K)->247255K(699392K)
[527.772s][info][gc,metaspace   ] GC(2435) Metaspace: 16612K(16896K)->16612K(16896K) NonClass: 14281K(14400K)->14281K(14400K) Class: 2331K(2496K)->2331K(2496K)
[527.772s][info][gc             ] GC(2435) Pause Young (Allocation Failure) 378M->324M(880M) 109.288ms
[527.772s][info][gc,cpu         ] GC(2435) User=0.45s Sys=0.03s Real=0.11s
[527.868s][info][gc,start       ] GC(2436) Pause Young (Allocation Failure)
[527.959s][info][gc,heap        ] GC(2436) PSYoungGen: 201699K(201728K)->116195K(232960K) Eden: 116736K(116736K)->0K(116736K) From: 84963K(84992K)->116195K(116224K)
[527.959s][info][gc,heap        ] GC(2436) ParOldGen: 247255K(699392K)->297007K(699392K)
[527.959s][info][gc,metaspace   ] GC(2436) Metaspace: 16612K(16896K)->16612K(16896K) NonClass: 14281K(14400K)->14281K(14400K) Class: 2331K(2496K)->2331K(2496K)
[527.959s][info][gc             ] GC(2436) Pause Young (Allocation Failure) 438M->403M(910M) 90.575ms
[527.959s][info][gc,cpu         ] GC(2436) User=0.45s Sys=0.02s Real=0.09s
[528.188s][info][gc,start       ] GC(2437) Pause Young (Allocation Failure)
[528.275s][info][gc,heap        ] GC(2437) PSYoungGen: 232931K(232960K)->116195K(232960K) Eden: 116736K(116736K)->0K(116736K) From: 116195K(116224K)->116195K(116224K)
[528.276s][info][gc,heap        ] GC(2437) ParOldGen: 297007K(699392K)->332927K(699392K)
[528.276s][info][gc,metaspace   ] GC(2437) Metaspace: 16612K(16896K)->16612K(16896K) NonClass: 14281K(14400K)->14281K(14400K) Class: 2331K(2496K)->2331K(2496K)
[528.276s][info][gc             ] GC(2437) Pause Young (Allocation Failure) 517M->438M(910M) 87.929ms
[528.276s][info][gc,cpu         ] GC(2437) User=0.47s Sys=0.00s Real=0.08s
[531.022s][info][gc,start       ] GC(2438) Pause Young (Allocation Failure)
[531.104s][info][gc,heap        ] GC(2438) PSYoungGen: 232931K(232960K)->116224K(232960K) Eden: 116736K(116736K)->0K(116736K) From: 116195K(116224K)->116224K(116224K)
[531.104s][info][gc,heap        ] GC(2438) ParOldGen: 332927K(699392K)->368267K(699392K)
[531.104s][info][gc,metaspace   ] GC(2438) Metaspace: 16612K(16896K)->16612K(16896K) NonClass: 14281K(14400K)->14281K(14400K) Class: 2331K(2496K)->2331K(2496K)
[531.104s][info][gc             ] GC(2438) Pause Young (Allocation Failure) 552M->473M(910M) 81.405ms
[531.104s][info][gc,cpu         ] GC(2438) User=0.47s Sys=0.00s Real=0.08s
[531.158s][info][gc,start       ] GC(2439) Pause Young (Allocation Failure)
[531.225s][info][gc,heap        ] GC(2439) PSYoungGen: 232960K(232960K)->116224K(232960K) Eden: 116736K(116736K)->0K(116736K) From: 116224K(116224K)->116224K(116224K)
[531.225s][info][gc,heap        ] GC(2439) ParOldGen: 368267K(699392K)->418155K(699392K)
[531.225s][info][gc,metaspace   ] GC(2439) Metaspace: 16612K(16896K)->16612K(16896K) NonClass: 14281K(14400K)->14281K(14400K) Class: 2331K(2496K)->2331K(2496K)
[531.225s][info][gc             ] GC(2439) Pause Young (Allocation Failure) 587M->521M(910M) 67.697ms
[531.225s][info][gc,cpu         ] GC(2439) User=0.34s Sys=0.00s Real=0.06s
[531.281s][info][gc,start       ] GC(2440) Pause Young (Allocation Failure)
[531.358s][info][gc,heap        ] GC(2440) PSYoungGen: 232960K(232960K)->104608K(232960K) Eden: 116736K(116736K)->0K(116736K) From: 116224K(116224K)->104608K(116224K)
[531.358s][info][gc,heap        ] GC(2440) ParOldGen: 418155K(699392K)->479747K(699392K)
[531.358s][info][gc,metaspace   ] GC(2440) Metaspace: 16612K(16896K)->16612K(16896K) NonClass: 14281K(14400K)->14281K(14400K) Class: 2331K(2496K)->2331K(2496K)
[531.358s][info][gc             ] GC(2440) Pause Young (Allocation Failure) 635M->570M(910M) 76.745ms
[531.358s][info][gc,cpu         ] GC(2440) User=0.34s Sys=0.00s Real=0.06s
[531.419s][info][gc,start       ] GC(2441) Pause Young (Allocation Failure)
[531.489s][info][gc,heap        ] GC(2441) PSYoungGen: 221344K(232960K)->98944K(232960K) Eden: 116736K(116736K)->0K(116736K) From: 104608K(116224K)->98944K(116224K)
[531.489s][info][gc,heap        ] GC(2441) ParOldGen: 479747K(699392K)->533915K(699392K)
[531.489s][info][gc,metaspace   ] GC(2441) Metaspace: 16612K(16896K)->16612K(16896K) NonClass: 14281K(14400K)->14281K(14400K) Class: 2331K(2496K)->2331K(2496K)
[531.489s][info][gc             ] GC(2441) Pause Young (Allocation Failure) 684M->618M(910M) 69.976ms
[531.489s][info][gc,cpu         ] GC(2441) User=0.31s Sys=0.00s Real=0.08s
[531.547s][info][gc,start       ] GC(2442) Pause Young (Allocation Failure)
[531.613s][info][gc,heap        ] GC(2442) PSYoungGen: 215680K(232960K)->50752K(232960K) Eden: 116736K(116736K)->0K(116736K) From: 98944K(116224K)->50752K(116224K)
[531.613s][info][gc,heap        ] GC(2442) ParOldGen: 533915K(699392K)->630539K(699392K)
[531.613s][info][gc,metaspace   ] GC(2442) Metaspace: 16612K(16896K)->16612K(16896K) NonClass: 14281K(14400K)->14281K(14400K) Class: 2331K(2496K)->2331K(2496K)
[531.613s][info][gc             ] GC(2442) Pause Young (Allocation Failure) 732M->665M(910M) 66.144ms
[531.613s][info][gc,cpu         ] GC(2442) User=0.38s Sys=0.00s Real=0.08s
[531.671s][info][gc,start       ] GC(2443) Pause Full (Ergonomics)
[531.671s][info][gc,phases,start] GC(2443) Marking Phase
[531.754s][info][gc,phases      ] GC(2443) Marking Phase 82.850ms
[531.754s][info][gc,phases,start] GC(2443) Summary Phase
[531.754s][info][gc,phases      ] GC(2443) Summary Phase 0.020ms
[531.754s][info][gc,phases,start] GC(2443) Adjust Roots
[531.757s][info][gc,phases      ] GC(2443) Adjust Roots 2.795ms
[531.757s][info][gc,phases,start] GC(2443) Compaction Phase
[531.912s][info][gc,phases      ] GC(2443) Compaction Phase 154.594ms
[531.912s][info][gc,phases,start] GC(2443) Post Compact
[531.914s][info][gc,phases      ] GC(2443) Post Compact 1.811ms
[531.914s][info][gc,heap        ] GC(2443) PSYoungGen: 167488K(232960K)->0K(232960K) Eden: 116736K(116736K)->0K(116736K) From: 50752K(116224K)->0K(116224K)
[531.914s][info][gc,heap        ] GC(2443) ParOldGen: 630539K(699392K)->286276K(699392K)
[531.914s][info][gc,metaspace   ] GC(2443) Metaspace: 16612K(16896K)->16612K(16896K) NonClass: 14281K(14400K)->14281K(14400K) Class: 2331K(2496K)->2331K(2496K)
[531.914s][info][gc             ] GC(2443) Pause Full (Ergonomics) 779M->279M(910M) 242.412ms
[531.914s][info][gc,cpu         ] GC(2443) User=1.31s Sys=0.00s Real=0.25s
[531.975s][info][gc,start       ] GC(2444) Pause Young (Allocation Failure)
[532.000s][info][gc,heap        ] GC(2444) PSYoungGen: 116736K(232960K)->50944K(232960K) Eden: 116736K(116736K)->0K(116736K) From: 0K(116224K)->50944K(116224K)
[532.000s][info][gc,heap        ] GC(2444) ParOldGen: 286276K(699392K)->286276K(699392K)
[532.000s][info][gc,metaspace   ] GC(2444) Metaspace: 16612K(16896K)->16612K(16896K) NonClass: 14281K(14400K)->14281K(14400K) Class: 2331K(2496K)->2331K(2496K)
[532.000s][info][gc             ] GC(2444) Pause Young (Allocation Failure) 393M->329M(910M) 25.028ms
[532.000s][info][gc,cpu         ] GC(2444) User=0.08s Sys=0.00s Real=0.02s
[532.061s][info][gc,start       ] GC(2445) Pause Young (Allocation Failure)
[532.107s][info][gc,heap        ] GC(2445) PSYoungGen: 167680K(232960K)->51040K(232960K) Eden: 116736K(116736K)->0K(116736K) From: 50944K(116224K)->51040K(116224K)
[532.107s][info][gc,heap        ] GC(2445) ParOldGen: 286276K(699392K)->334332K(699392K)
[532.107s][info][gc,metaspace   ] GC(2445) Metaspace: 16612K(16896K)->16612K(16896K) NonClass: 14281K(14400K)->14281K(14400K) Class: 2331K(2496K)->2331K(2496K)
[532.107s][info][gc             ] GC(2445) Pause Young (Allocation Failure) 443M->376M(910M) 46.421ms
[532.107s][info][gc,cpu         ] GC(2445) User=0.17s Sys=0.00s Real=0.05s
[532.187s][info][gc,start       ] GC(2446) Pause Young (Allocation Failure)
[532.240s][info][gc,heap        ] GC(2446) PSYoungGen: 167776K(232960K)->68746K(232960K) Eden: 116736K(116736K)->0K(116736K) From: 51040K(116224K)->68746K(116224K)
[532.240s][info][gc,heap        ] GC(2446) ParOldGen: 334332K(699392K)->382364K(699392K)
[532.240s][info][gc,metaspace   ] GC(2446) Metaspace: 16612K(16896K)->16612K(16896K) NonClass: 14281K(14400K)->14281K(14400K) Class: 2331K(2496K)->2331K(2496K)
[532.240s][info][gc             ] GC(2446) Pause Young (Allocation Failure) 490M->440M(910M) 53.368ms
[532.240s][info][gc,cpu         ] GC(2446) User=0.23s Sys=0.00s Real=0.06s
[532.552s][info][gc,start       ] GC(2447) Pause Young (Allocation Failure)
[532.632s][info][gc,heap        ] GC(2447) PSYoungGen: 185482K(232960K)->42368K(232960K) Eden: 116736K(116736K)->0K(116736K) From: 68746K(116224K)->42368K(116224K)
[532.632s][info][gc,heap        ] GC(2447) ParOldGen: 382364K(699392K)->442069K(699392K)
[532.632s][info][gc,metaspace   ] GC(2447) Metaspace: 16612K(16896K)->16612K(16896K) NonClass: 14281K(14400K)->14281K(14400K) Class: 2331K(2496K)->2331K(2496K)
[532.632s][info][gc             ] GC(2447) Pause Young (Allocation Failure) 554M->473M(910M) 80.606ms
[532.632s][info][gc,cpu         ] GC(2447) User=0.38s Sys=0.00s Real=0.09s
[532.776s][info][gc,start       ] GC(2448) Pause Young (Allocation Failure)
[532.835s][info][gc,heap        ] GC(2448) PSYoungGen: 159104K(232960K)->3840K(232960K) Eden: 116736K(116736K)->0K(116736K) From: 42368K(116224K)->3840K(116224K)
[532.835s][info][gc,heap        ] GC(2448) ParOldGen: 442069K(699392K)->472405K(699392K)
[532.835s][info][gc,metaspace   ] GC(2448) Metaspace: 16612K(16896K)->16612K(16896K) NonClass: 14281K(14400K)->14281K(14400K) Class: 2331K(2496K)->2331K(2496K)
[532.835s][info][gc             ] GC(2448) Pause Young (Allocation Failure) 587M->465M(910M) 58.408ms
[532.835s][info][gc,cpu         ] GC(2448) User=0.14s Sys=0.00s Real=0.05s
[532.974s][info][gc,start       ] GC(2449) Pause Young (Allocation Failure)
[532.977s][info][gc,heap        ] GC(2449) PSYoungGen: 120576K(232960K)->3136K(232960K) Eden: 116736K(116736K)->0K(116736K) From: 3840K(116224K)->3136K(116224K)
[532.977s][info][gc,heap        ] GC(2449) ParOldGen: 472405K(699392K)->472749K(699392K)
[532.977s][info][gc,metaspace   ] GC(2449) Metaspace: 16612K(16896K)->16612K(16896K) NonClass: 14281K(14400K)->14281K(14400K) Class: 2331K(2496K)->2331K(2496K)
[532.977s][info][gc             ] GC(2449) Pause Young (Allocation Failure) 579M->464M(910M) 2.868ms
[532.977s][info][gc,cpu         ] GC(2449) User=0.02s Sys=0.00s Real=0.01s
[533.102s][info][gc,start       ] GC(2450) Pause Young (Allocation Failure)
[533.105s][info][gc,heap        ] GC(2450) PSYoungGen: 119872K(232960K)->2368K(232960K) Eden: 116736K(116736K)->0K(116736K) From: 3136K(116224K)->2368K(116224K)
[533.105s][info][gc,heap        ] GC(2450) ParOldGen: 472749K(699392K)->472877K(699392K)
[533.105s][info][gc,metaspace   ] GC(2450) Metaspace: 16612K(16896K)->16612K(16896K) NonClass: 14281K(14400K)->14281K(14400K) Class: 2331K(2496K)->2331K(2496K)
[533.105s][info][gc             ] GC(2450) Pause Young (Allocation Failure) 578M->464M(910M) 2.455ms
[533.105s][info][gc,cpu         ] GC(2450) User=0.00s Sys=0.00s Real=0.00s
[533.239s][info][gc,start       ] GC(2451) Pause Young (Allocation Failure)
[533.240s][info][gc,heap        ] GC(2451) PSYoungGen: 119104K(232960K)->224K(232960K) Eden: 116736K(116736K)->0K(116736K) From: 2368K(116224K)->224K(116224K)
[533.240s][info][gc,heap        ] GC(2451) ParOldGen: 472877K(699392K)->472925K(699392K)
[533.240s][info][gc,metaspace   ] GC(2451) Metaspace: 16612K(16896K)->16612K(16896K) NonClass: 14281K(14400K)->14281K(14400K) Class: 2331K(2496K)->2331K(2496K)
[533.240s][info][gc             ] GC(2451) Pause Young (Allocation Failure) 578M->462M(910M) 0.956ms
[533.240s][info][gc,cpu         ] GC(2451) User=0.00s Sys=0.00s Real=0.00s
[533.969s][info][gc,start       ] GC(2452) Pause Young (System.gc())
[533.970s][info][gc,heap        ] GC(2452) PSYoungGen: 88569K(232960K)->128K(232960K) Eden: 88345K(116736K)->0K(116736K) From: 224K(116224K)->128K(116224K)
[533.970s][info][gc,heap        ] GC(2452) ParOldGen: 472925K(699392K)->472925K(699392K)
[533.970s][info][gc,metaspace   ] GC(2452) Metaspace: 16612K(16896K)->16612K(16896K) NonClass: 14281K(14400K)->14281K(14400K) Class: 2331K(2496K)->2331K(2496K)
[533.970s][info][gc             ] GC(2452) Pause Young (System.gc()) 548M->461M(910M) 0.861ms
[533.970s][info][gc,cpu         ] GC(2452) User=0.00s Sys=0.00s Real=0.00s
[533.970s][info][gc,start       ] GC(2453) Pause Full (System.gc())
[533.970s][info][gc,phases,start] GC(2453) Marking Phase
[533.975s][info][gc,phases      ] GC(2453) Marking Phase 5.194ms
[533.975s][info][gc,phases,start] GC(2453) Summary Phase
[533.975s][info][gc,phases      ] GC(2453) Summary Phase 0.012ms
[533.975s][info][gc,phases,start] GC(2453) Adjust Roots
[533.977s][info][gc,phases      ] GC(2453) Adjust Roots 2.209ms
[533.977s][info][gc,phases,start] GC(2453) Compaction Phase
[533.979s][info][gc,phases      ] GC(2453) Compaction Phase 1.520ms
[533.979s][info][gc,phases,start] GC(2453) Post Compact
[533.981s][info][gc,phases      ] GC(2453) Post Compact 1.737ms
[533.981s][info][gc,heap        ] GC(2453) PSYoungGen: 128K(232960K)->0K(232960K) Eden: 0K(116736K)->0K(116736K) From: 128K(116224K)->0K(116224K)
[533.981s][info][gc,heap        ] GC(2453) ParOldGen: 472925K(699392K)->5552K(699392K)
[533.981s][info][gc,metaspace   ] GC(2453) Metaspace: 16612K(16896K)->16612K(16896K) NonClass: 14281K(14400K)->14281K(14400K) Class: 2331K(2496K)->2331K(2496K)
[533.981s][info][gc             ] GC(2453) Pause Full (System.gc()) 461M->5M(910M) 10.950ms
[533.981s][info][gc,cpu         ] GC(2453) User=0.00s Sys=0.00s Real=0.00s
[535.494s][info][gc,start       ] GC(2454) Pause Young (Allocation Failure)
[535.495s][info][gc,heap        ] GC(2454) PSYoungGen: 116736K(232960K)->320K(232960K) Eden: 116736K(116736K)->0K(116736K) From: 0K(116224K)->320K(116224K)
[535.495s][info][gc,heap        ] GC(2454) ParOldGen: 5552K(699392K)->5552K(699392K)
[535.495s][info][gc,metaspace   ] GC(2454) Metaspace: 16612K(16896K)->16612K(16896K) NonClass: 14281K(14400K)->14281K(14400K) Class: 2331K(2496K)->2331K(2496K)
[535.495s][info][gc             ] GC(2454) Pause Young (Allocation Failure) 119M->5M(910M) 0.645ms
[535.495s][info][gc,cpu         ] GC(2454) User=0.00s Sys=0.00s Real=0.00s
[535.513s][info][gc,start       ] GC(2455) Pause Young (Allocation Failure)
[535.514s][info][gc,heap        ] GC(2455) PSYoungGen: 117056K(232960K)->224K(232960K) Eden: 116736K(116736K)->0K(116736K) From: 320K(116224K)->224K(116224K)
[535.514s][info][gc,heap        ] GC(2455) ParOldGen: 5552K(699392K)->5648K(699392K)
[535.514s][info][gc,metaspace   ] GC(2455) Metaspace: 16612K(16896K)->16612K(16896K) NonClass: 14281K(14400K)->14281K(14400K) Class: 2331K(2496K)->2331K(2496K)
[535.514s][info][gc             ] GC(2455) Pause Young (Allocation Failure) 119M->5M(910M) 0.463ms
[535.514s][info][gc,cpu         ] GC(2455) User=0.00s Sys=0.00s Real=0.00s
[535.533s][info][gc,start       ] GC(2456) Pause Young (Allocation Failure)
[535.533s][info][gc,heap        ] GC(2456) PSYoungGen: 116960K(232960K)->224K(232960K) Eden: 116736K(116736K)->0K(116736K) From: 224K(116224K)->224K(116224K)
[535.533s][info][gc,heap        ] GC(2456) ParOldGen: 5648K(699392K)->5696K(699392K)
[535.533s][info][gc,metaspace   ] GC(2456) Metaspace: 16612K(16896K)->16612K(16896K) NonClass: 14281K(14400K)->14281K(14400K) Class: 2331K(2496K)->2331K(2496K)
[535.533s][info][gc             ] GC(2456) Pause Young (Allocation Failure) 119M->5M(910M) 0.463ms
[535.533s][info][gc,cpu         ] GC(2456) User=0.00s Sys=0.00s Real=0.00s
[535.552s][info][gc,start       ] GC(2457) Pause Young (Allocation Failure)
[535.552s][info][gc,heap        ] GC(2457) PSYoungGen: 116960K(232960K)->224K(232960K) Eden: 116736K(116736K)->0K(116736K) From: 224K(116224K)->224K(116224K)
[535.552s][info][gc,heap        ] GC(2457) ParOldGen: 5696K(699392K)->5736K(699392K)
[535.552s][info][gc,metaspace   ] GC(2457) Metaspace: 16612K(16896K)->16612K(16896K) NonClass: 14281K(14400K)->14281K(14400K) Class: 2331K(2496K)->2331K(2496K)
[535.552s][info][gc             ] GC(2457) Pause Young (Allocation Failure) 119M->5M(910M) 0.425ms
[535.552s][info][gc,cpu         ] GC(2457) User=0.00s Sys=0.00s Real=0.00s
[535.571s][info][gc,start       ] GC(2458) Pause Young (Allocation Failure)
[535.571s][info][gc,heap        ] GC(2458) PSYoungGen: 116960K(232960K)->256K(232960K) Eden: 116736K(116736K)->0K(116736K) From: 224K(116224K)->256K(116224K)
[535.571s][info][gc,heap        ] GC(2458) ParOldGen: 5736K(699392K)->5784K(699392K)
[535.571s][info][gc,metaspace   ] GC(2458) Metaspace: 16612K(16896K)->16612K(16896K) NonClass: 14281K(14400K)->14281K(14400K) Class: 2331K(2496K)->2331K(2496K)
[535.571s][info][gc             ] GC(2458) Pause Young (Allocation Failure) 119M->5M(910M) 0.486ms
[535.571s][info][gc,cpu         ] GC(2458) User=0.00s Sys=0.00s Real=0.00s
[535.589s][info][gc,start       ] GC(2459) Pause Young (Allocation Failure)
[535.590s][info][gc,heap        ] GC(2459) PSYoungGen: 116992K(232960K)->288K(232960K) Eden: 116736K(116736K)->0K(116736K) From: 256K(116224K)->288K(116224K)
[535.590s][info][gc,heap        ] GC(2459) ParOldGen: 5784K(699392K)->5832K(699392K)
[535.590s][info][gc,metaspace   ] GC(2459) Metaspace: 16612K(16896K)->16612K(16896K) NonClass: 14281K(14400K)->14281K(14400K) Class: 2331K(2496K)->2331K(2496K)
[535.590s][info][gc             ] GC(2459) Pause Young (Allocation Failure) 119M->5M(910M) 0.591ms
[535.590s][info][gc,cpu         ] GC(2459) User=0.00s Sys=0.00s Real=0.00s
[535.609s][info][gc,start       ] GC(2460) Pause Young (Allocation Failure)
[535.609s][info][gc,heap        ] GC(2460) PSYoungGen: 117024K(232960K)->256K(232960K) Eden: 116736K(116736K)->0K(116736K) From: 288K(116224K)->256K(116224K)
[535.609s][info][gc,heap        ] GC(2460) ParOldGen: 5832K(699392K)->5880K(699392K)
[535.609s][info][gc,metaspace   ] GC(2460) Metaspace: 16612K(16896K)->16612K(16896K) NonClass: 14281K(14400K)->14281K(14400K) Class: 2331K(2496K)->2331K(2496K)
[535.609s][info][gc             ] GC(2460) Pause Young (Allocation Failure) 119M->5M(910M) 0.543ms
[535.609s][info][gc,cpu         ] GC(2460) User=0.00s Sys=0.00s Real=0.00s
[535.628s][info][gc,start       ] GC(2461) Pause Young (Allocation Failure)
[535.628s][info][gc,heap        ] GC(2461) PSYoungGen: 116992K(232960K)->256K(232960K) Eden: 116736K(116736K)->0K(116736K) From: 256K(116224K)->256K(116224K)
[535.628s][info][gc,heap        ] GC(2461) ParOldGen: 5880K(699392K)->5928K(699392K)
[535.628s][info][gc,metaspace   ] GC(2461) Metaspace: 16612K(16896K)->16612K(16896K) NonClass: 14281K(14400K)->14281K(14400K) Class: 2331K(2496K)->2331K(2496K)
[535.628s][info][gc             ] GC(2461) Pause Young (Allocation Failure) 119M->6M(910M) 0.419ms
[535.628s][info][gc,cpu         ] GC(2461) User=0.00s Sys=0.00s Real=0.00s
[535.647s][info][gc,start       ] GC(2462) Pause Young (Allocation Failure)
[535.647s][info][gc,heap        ] GC(2462) PSYoungGen: 116992K(232960K)->288K(232960K) Eden: 116736K(116736K)->0K(116736K) From: 256K(116224K)->288K(116224K)
[535.647s][info][gc,heap        ] GC(2462) ParOldGen: 5928K(699392K)->5968K(699392K)
[535.647s][info][gc,metaspace   ] GC(2462) Metaspace: 16612K(16896K)->16612K(16896K) NonClass: 14281K(14400K)->14281K(14400K) Class: 2331K(2496K)->2331K(2496K)
[535.647s][info][gc             ] GC(2462) Pause Young (Allocation Failure) 120M->6M(910M) 0.565ms
[535.647s][info][gc,cpu         ] GC(2462) User=0.00s Sys=0.00s Real=0.00s
[535.666s][info][gc,start       ] GC(2463) Pause Young (Allocation Failure)
[535.666s][info][gc,heap        ] GC(2463) PSYoungGen: 117024K(232960K)->224K(232960K) Eden: 116736K(116736K)->0K(116736K) From: 288K(116224K)->224K(116224K)
[535.666s][info][gc,heap        ] GC(2463) ParOldGen: 5968K(699392K)->6016K(699392K)
[535.666s][info][gc,metaspace   ] GC(2463) Metaspace: 16612K(16896K)->16612K(16896K) NonClass: 14281K(14400K)->14281K(14400K) Class: 2331K(2496K)->2331K(2496K)
[535.667s][info][gc             ] GC(2463) Pause Young (Allocation Failure) 120M->6M(910M) 0.489ms
[535.667s][info][gc,cpu         ] GC(2463) User=0.00s Sys=0.00s Real=0.00s
[535.685s][info][gc,start       ] GC(2464) Pause Young (Allocation Failure)
[535.686s][info][gc,heap        ] GC(2464) PSYoungGen: 116960K(232960K)->320K(245248K) Eden: 116736K(116736K)->0K(134656K) From: 224K(116224K)->320K(110592K)
[535.686s][info][gc,heap        ] GC(2464) ParOldGen: 6016K(699392K)->6016K(699392K)
[535.686s][info][gc,metaspace   ] GC(2464) Metaspace: 16612K(16896K)->16612K(16896K) NonClass: 14281K(14400K)->14281K(14400K) Class: 2331K(2496K)->2331K(2496K)
[535.686s][info][gc             ] GC(2464) Pause Young (Allocation Failure) 120M->6M(922M) 0.463ms
[535.686s][info][gc,cpu         ] GC(2464) User=0.00s Sys=0.00s Real=0.00s
[535.706s][info][gc,start       ] GC(2465) Pause Young (Allocation Failure)
[535.707s][info][gc,heap        ] GC(2465) PSYoungGen: 134976K(245248K)->320K(238592K) Eden: 134656K(134656K)->0K(134656K) From: 320K(110592K)->320K(103936K)
[535.707s][info][gc,heap        ] GC(2465) ParOldGen: 6016K(699392K)->6016K(699392K)
[535.707s][info][gc,metaspace   ] GC(2465) Metaspace: 16612K(16896K)->16612K(16896K) NonClass: 14281K(14400K)->14281K(14400K) Class: 2331K(2496K)->2331K(2496K)
[535.707s][info][gc             ] GC(2465) Pause Young (Allocation Failure) 137M->6M(916M) 0.563ms
[535.707s][info][gc,cpu         ] GC(2465) User=0.00s Sys=0.00s Real=0.00s
[535.729s][info][gc,start       ] GC(2466) Pause Young (Allocation Failure)
[535.729s][info][gc,heap        ] GC(2466) PSYoungGen: 134976K(238592K)->352K(258560K) Eden: 134656K(134656K)->0K(161280K) From: 320K(103936K)->352K(97280K)
[535.729s][info][gc,heap        ] GC(2466) ParOldGen: 6016K(699392K)->6016K(699392K)
[535.729s][info][gc,metaspace   ] GC(2466) Metaspace: 16612K(16896K)->16612K(16896K) NonClass: 14281K(14400K)->14281K(14400K) Class: 2331K(2496K)->2331K(2496K)
[535.729s][info][gc             ] GC(2466) Pause Young (Allocation Failure) 137M->6M(935M) 0.406ms
[535.729s][info][gc,cpu         ] GC(2466) User=0.00s Sys=0.00s Real=0.00s
[535.755s][info][gc,start       ] GC(2467) Pause Young (Allocation Failure)
[535.755s][info][gc,heap        ] GC(2467) PSYoungGen: 161632K(258560K)->352K(251904K) Eden: 161280K(161280K)->0K(161280K) From: 352K(97280K)->352K(90624K)
[535.755s][info][gc,heap        ] GC(2467) ParOldGen: 6016K(699392K)->6016K(699392K)
[535.755s][info][gc,metaspace   ] GC(2467) Metaspace: 16612K(16896K)->16612K(16896K) NonClass: 14281K(14400K)->14281K(14400K) Class: 2331K(2496K)->2331K(2496K)
[535.755s][info][gc             ] GC(2467) Pause Young (Allocation Failure) 163M->6M(929M) 0.496ms
[535.755s][info][gc,cpu         ] GC(2467) User=0.00s Sys=0.00s Real=0.00s
[535.781s][info][gc,start       ] GC(2468) Pause Young (Allocation Failure)
[535.781s][info][gc,heap        ] GC(2468) PSYoungGen: 161632K(251904K)->384K(269824K) Eden: 161280K(161280K)->0K(184832K) From: 352K(90624K)->384K(84992K)
[535.781s][info][gc,heap        ] GC(2468) ParOldGen: 6016K(699392K)->6016K(699392K)
[535.781s][info][gc,metaspace   ] GC(2468) Metaspace: 16612K(16896K)->16612K(16896K) NonClass: 14281K(14400K)->14281K(14400K) Class: 2331K(2496K)->2331K(2496K)
[535.781s][info][gc             ] GC(2468) Pause Young (Allocation Failure) 163M->6M(946M) 0.470ms
[535.781s][info][gc,cpu         ] GC(2468) User=0.00s Sys=0.00s Real=0.00s
[535.810s][info][gc,start       ] GC(2469) Pause Young (Allocation Failure)
[535.811s][info][gc,heap        ] GC(2469) PSYoungGen: 185216K(269824K)->384K(264192K) Eden: 184832K(184832K)->0K(184832K) From: 384K(84992K)->384K(79360K)
[535.811s][info][gc,heap        ] GC(2469) ParOldGen: 6016K(699392K)->6016K(699392K)
[535.811s][info][gc,metaspace   ] GC(2469) Metaspace: 16612K(16896K)->16612K(16896K) NonClass: 14281K(14400K)->14281K(14400K) Class: 2331K(2496K)->2331K(2496K)
[535.811s][info][gc             ] GC(2469) Pause Young (Allocation Failure) 186M->6M(941M) 0.507ms
[535.811s][info][gc,cpu         ] GC(2469) User=0.00s Sys=0.00s Real=0.00s
[535.840s][info][gc,start       ] GC(2470) Pause Young (Allocation Failure)
[535.841s][info][gc,heap        ] GC(2470) PSYoungGen: 185216K(264192K)->384K(280576K) Eden: 184832K(184832K)->0K(206848K) From: 384K(79360K)->384K(73728K)
[535.841s][info][gc,heap        ] GC(2470) ParOldGen: 6016K(699392K)->6016K(699392K)
[535.841s][info][gc,metaspace   ] GC(2470) Metaspace: 16612K(16896K)->16612K(16896K) NonClass: 14281K(14400K)->14281K(14400K) Class: 2331K(2496K)->2331K(2496K)
[535.841s][info][gc             ] GC(2470) Pause Young (Allocation Failure) 186M->6M(957M) 0.514ms
[535.841s][info][gc,cpu         ] GC(2470) User=0.00s Sys=0.00s Real=0.00s
[535.873s][info][gc,start       ] GC(2471) Pause Young (Allocation Failure)
[535.874s][info][gc,heap        ] GC(2471) PSYoungGen: 207232K(280576K)->352K(275456K) Eden: 206848K(206848K)->0K(206848K) From: 384K(73728K)->352K(68608K)
[535.874s][info][gc,heap        ] GC(2471) ParOldGen: 6016K(699392K)->6016K(699392K)
[535.874s][info][gc,metaspace   ] GC(2471) Metaspace: 16612K(16896K)->16612K(16896K) NonClass: 14281K(14400K)->14281K(14400K) Class: 2331K(2496K)->2331K(2496K)
[535.874s][info][gc             ] GC(2471) Pause Young (Allocation Failure) 208M->6M(952M) 0.500ms
[535.874s][info][gc,cpu         ] GC(2471) User=0.00s Sys=0.00s Real=0.00s
[535.908s][info][gc,start       ] GC(2472) Pause Young (Allocation Failure)
[535.909s][info][gc,heap        ] GC(2472) PSYoungGen: 207200K(275456K)->352K(289792K) Eden: 206848K(206848K)->0K(225792K) From: 352K(68608K)->352K(64000K)
[535.909s][info][gc,heap        ] GC(2472) ParOldGen: 6016K(699392K)->6016K(699392K)
[535.909s][info][gc,metaspace   ] GC(2472) Metaspace: 16612K(16896K)->16612K(16896K) NonClass: 14281K(14400K)->14281K(14400K) Class: 2331K(2496K)->2331K(2496K)
[535.909s][info][gc             ] GC(2472) Pause Young (Allocation Failure) 208M->6M(966M) 0.494ms
[535.909s][info][gc,cpu         ] GC(2472) User=0.00s Sys=0.00s Real=0.00s
[535.958s][info][gc,start       ] GC(2473) Pause Young (Allocation Failure)
[535.959s][info][gc,heap        ] GC(2473) PSYoungGen: 226144K(289792K)->320K(285184K) Eden: 225792K(225792K)->0K(225792K) From: 352K(64000K)->320K(59392K)
[535.959s][info][gc,heap        ] GC(2473) ParOldGen: 6016K(699392K)->6016K(699392K)
[535.959s][info][gc,metaspace   ] GC(2473) Metaspace: 16612K(16896K)->16612K(16896K) NonClass: 14281K(14400K)->14281K(14400K) Class: 2331K(2496K)->2331K(2496K)
[535.959s][info][gc             ] GC(2473) Pause Young (Allocation Failure) 226M->6M(961M) 0.833ms
[535.959s][info][gc,cpu         ] GC(2473) User=0.14s Sys=0.05s Real=0.00s
[536.109s][info][gc,start       ] GC(2474) Pause Young (Allocation Failure)
[536.191s][info][gc,heap        ] GC(2474) PSYoungGen: 226112K(285184K)->54755K(193024K) Eden: 225792K(225792K)->0K(138240K) From: 320K(59392K)->54755K(54784K)
[536.191s][info][gc,heap        ] GC(2474) ParOldGen: 6016K(699392K)->105896K(699392K)
[536.191s][info][gc,metaspace   ] GC(2474) Metaspace: 16612K(16896K)->16612K(16896K) NonClass: 14281K(14400K)->14281K(14400K) Class: 2331K(2496K)->2331K(2496K)
[536.191s][info][gc             ] GC(2474) Pause Young (Allocation Failure) 226M->156M(871M) 81.243ms
[536.191s][info][gc,cpu         ] GC(2474) User=0.33s Sys=0.00s Real=0.08s
[536.284s][info][gc,start       ] GC(2475) Pause Young (Allocation Failure)
[536.358s][info][gc,heap        ] GC(2475) PSYoungGen: 192995K(193024K)->105443K(243712K) Eden: 138240K(138240K)->0K(138240K) From: 54755K(54784K)->105443K(105472K)
[536.358s][info][gc,heap        ] GC(2475) ParOldGen: 105896K(699392K)->150528K(699392K)
[536.359s][info][gc,metaspace   ] GC(2475) Metaspace: 16612K(16896K)->16612K(16896K) NonClass: 14281K(14400K)->14281K(14400K) Class: 2331K(2496K)->2331K(2496K)
[536.359s][info][gc             ] GC(2475) Pause Young (Allocation Failure) 291M->249M(921M) 74.799ms
[536.359s][info][gc,cpu         ] GC(2475) User=0.39s Sys=0.00s Real=0.08s
[536.467s][info][gc,start       ] GC(2476) Pause Young (Allocation Failure)
[536.568s][info][gc,heap        ] GC(2476) PSYoungGen: 243683K(243712K)->105458K(222208K) Eden: 138240K(138240K)->0K(116736K) From: 105443K(105472K)->105458K(105472K)
[536.568s][info][gc,heap        ] GC(2476) ParOldGen: 150528K(699392K)->244752K(699392K)
[536.568s][info][gc,metaspace   ] GC(2476) Metaspace: 16612K(16896K)->16612K(16896K) NonClass: 14281K(14400K)->14281K(14400K) Class: 2331K(2496K)->2331K(2496K)
[536.568s][info][gc             ] GC(2476) Pause Young (Allocation Failure) 384M->342M(900M) 101.554ms
[536.569s][info][gc,cpu         ] GC(2476) User=0.53s Sys=0.00s Real=0.09s
[536.663s][info][gc,start       ] GC(2477) Pause Young (Allocation Failure)
[536.758s][info][gc,heap        ] GC(2477) PSYoungGen: 222194K(222208K)->116195K(232960K) Eden: 116736K(116736K)->0K(116736K) From: 105458K(105472K)->116195K(116224K)
[536.758s][info][gc,heap        ] GC(2477) ParOldGen: 244752K(699392K)->316312K(699392K)
[536.758s][info][gc,metaspace   ] GC(2477) Metaspace: 16612K(16896K)->16612K(16896K) NonClass: 14281K(14400K)->14281K(14400K) Class: 2331K(2496K)->2331K(2496K)
[536.758s][info][gc             ] GC(2477) Pause Young (Allocation Failure) 456M->422M(910M) 95.118ms
[536.758s][info][gc,cpu         ] GC(2477) User=0.44s Sys=0.00s Real=0.09s
[537.218s][info][gc,start       ] GC(2478) Pause Young (Allocation Failure)
[537.311s][info][gc,heap        ] GC(2478) PSYoungGen: 232931K(232960K)->116194K(232960K) Eden: 116736K(116736K)->0K(116736K) From: 116195K(116224K)->116194K(116224K)
[537.311s][info][gc,heap        ] GC(2478) ParOldGen: 316312K(699392K)->329488K(699392K)
[537.311s][info][gc,metaspace   ] GC(2478) Metaspace: 16612K(16896K)->16612K(16896K) NonClass: 14281K(14400K)->14281K(14400K) Class: 2331K(2496K)->2331K(2496K)
[537.311s][info][gc             ] GC(2478) Pause Young (Allocation Failure) 536M->435M(910M) 92.319ms
[537.311s][info][gc,cpu         ] GC(2478) User=0.34s Sys=0.00s Real=0.09s
[539.943s][info][gc,start       ] GC(2479) Pause Young (Allocation Failure)
[540.031s][info][gc,heap        ] GC(2479) PSYoungGen: 232930K(232960K)->116210K(232960K) Eden: 116736K(116736K)->0K(116736K) From: 116194K(116224K)->116210K(116224K)
[540.031s][info][gc,heap        ] GC(2479) ParOldGen: 329488K(699392K)->379536K(699392K)
[540.031s][info][gc,metaspace   ] GC(2479) Metaspace: 16612K(16896K)->16612K(16896K) NonClass: 14281K(14400K)->14281K(14400K) Class: 2331K(2496K)->2331K(2496K)
[540.031s][info][gc             ] GC(2479) Pause Young (Allocation Failure) 549M->484M(910M) 88.752ms
[540.031s][info][gc,cpu         ] GC(2479) User=0.42s Sys=0.00s Real=0.09s
[540.088s][info][gc,start       ] GC(2480) Pause Young (Allocation Failure)
[540.178s][info][gc,heap        ] GC(2480) PSYoungGen: 232946K(232960K)->116224K(232960K) Eden: 116736K(116736K)->0K(116736K) From: 116210K(116224K)->116224K(116224K)
[540.178s][info][gc,heap        ] GC(2480) ParOldGen: 379536K(699392K)->430971K(699392K)
[540.178s][info][gc,metaspace   ] GC(2480) Metaspace: 16612K(16896K)->16612K(16896K) NonClass: 14281K(14400K)->14281K(14400K) Class: 2331K(2496K)->2331K(2496K)
[540.178s][info][gc             ] GC(2480) Pause Young (Allocation Failure) 598M->534M(910M) 89.274ms
[540.178s][info][gc,cpu         ] GC(2480) User=0.44s Sys=0.00s Real=0.09s
[540.235s][info][gc,start       ] GC(2481) Pause Young (Allocation Failure)
[540.310s][info][gc,heap        ] GC(2481) PSYoungGen: 232960K(232960K)->116224K(232960K) Eden: 116736K(116736K)->0K(116736K) From: 116224K(116224K)->116224K(116224K)
[540.310s][info][gc,heap        ] GC(2481) ParOldGen: 430971K(699392K)->481387K(699392K)
[540.310s][info][gc,metaspace   ] GC(2481) Metaspace: 16612K(16896K)->16612K(16896K) NonClass: 14281K(14400K)->14281K(14400K) Class: 2331K(2496K)->2331K(2496K)
[540.310s][info][gc             ] GC(2481) Pause Young (Allocation Failure) 648M->583M(910M) 75.041ms
[540.310s][info][gc,cpu         ] GC(2481) User=0.38s Sys=0.00s Real=0.08s
[540.366s][info][gc,start       ] GC(2482) Pause Young (Allocation Failure)
[540.446s][info][gc,heap        ] GC(2482) PSYoungGen: 232960K(232960K)->116224K(232960K) Eden: 116736K(116736K)->0K(116736K) From: 116224K(116224K)->116224K(116224K)
[540.446s][info][gc,heap        ] GC(2482) ParOldGen: 481387K(699392K)->530955K(699392K)
[540.446s][info][gc,metaspace   ] GC(2482) Metaspace: 16612K(16896K)->16612K(16896K) NonClass: 14281K(14400K)->14281K(14400K) Class: 2331K(2496K)->2331K(2496K)
[540.446s][info][gc             ] GC(2482) Pause Young (Allocation Failure) 697M->632M(910M) 80.507ms
[540.446s][info][gc,cpu         ] GC(2482) User=0.31s Sys=0.00s Real=0.08s
[540.505s][info][gc,start       ] GC(2483) Pause Young (Allocation Failure)
[540.584s][info][gc,heap        ] GC(2483) PSYoungGen: 232960K(232960K)->116224K(232960K) Eden: 116736K(116736K)->0K(116736K) From: 116224K(116224K)->116224K(116224K)
[540.584s][info][gc,heap        ] GC(2483) ParOldGen: 530955K(699392K)->580859K(699392K)
[540.584s][info][gc,metaspace   ] GC(2483) Metaspace: 16612K(16896K)->16612K(16896K) NonClass: 14281K(14400K)->14281K(14400K) Class: 2331K(2496K)->2331K(2496K)
[540.584s][info][gc             ] GC(2483) Pause Young (Allocation Failure) 746M->680M(910M) 79.105ms
[540.584s][info][gc,cpu         ] GC(2483) User=0.41s Sys=0.00s Real=0.08s
[540.643s][info][gc,start       ] GC(2484) Pause Young (Allocation Failure)
[540.720s][info][gc,heap        ] GC(2484) PSYoungGen: 232960K(232960K)->92192K(232960K) Eden: 116736K(116736K)->0K(116736K) From: 116224K(116224K)->92192K(116224K)
[540.720s][info][gc,heap        ] GC(2484) ParOldGen: 580859K(699392K)->654723K(699392K)
[540.720s][info][gc,metaspace   ] GC(2484) Metaspace: 16612K(16896K)->16612K(16896K) NonClass: 14281K(14400K)->14281K(14400K) Class: 2331K(2496K)->2331K(2496K)
[540.720s][info][gc             ] GC(2484) Pause Young (Allocation Failure) 794M->729M(910M) 77.231ms
[540.720s][info][gc,cpu         ] GC(2484) User=0.33s Sys=0.02s Real=0.08s
[540.779s][info][gc,start       ] GC(2485) Pause Full (Ergonomics)
[540.779s][info][gc,phases,start] GC(2485) Marking Phase
[540.870s][info][gc,phases      ] GC(2485) Marking Phase 90.550ms
[540.870s][info][gc,phases,start] GC(2485) Summary Phase
[540.870s][info][gc,phases      ] GC(2485) Summary Phase 0.024ms
[540.870s][info][gc,phases,start] GC(2485) Adjust Roots
[540.872s][info][gc,phases      ] GC(2485) Adjust Roots 1.881ms
[540.872s][info][gc,phases,start] GC(2485) Compaction Phase
[541.071s][info][gc,phases      ] GC(2485) Compaction Phase 199.434ms
[541.071s][info][gc,phases,start] GC(2485) Post Compact
[541.073s][info][gc,phases      ] GC(2485) Post Compact 2.066ms
[541.073s][info][gc,heap        ] GC(2485) PSYoungGen: 208928K(232960K)->0K(232960K) Eden: 116736K(116736K)->0K(116736K) From: 92192K(116224K)->0K(116224K)
[541.073s][info][gc,heap        ] GC(2485) ParOldGen: 654723K(699392K)->344959K(699392K)
[541.073s][info][gc,metaspace   ] GC(2485) Metaspace: 16612K(16896K)->16612K(16896K) NonClass: 14281K(14400K)->14281K(14400K) Class: 2331K(2496K)->2331K(2496K)
[541.073s][info][gc             ] GC(2485) Pause Full (Ergonomics) 843M->336M(910M) 294.265ms
[541.073s][info][gc,cpu         ] GC(2485) User=1.58s Sys=0.02s Real=0.30s
[541.133s][info][gc,start       ] GC(2486) Pause Young (Allocation Failure)
[541.157s][info][gc,heap        ] GC(2486) PSYoungGen: 116736K(232960K)->51072K(232960K) Eden: 116736K(116736K)->0K(116736K) From: 0K(116224K)->51072K(116224K)
[541.157s][info][gc,heap        ] GC(2486) ParOldGen: 344959K(699392K)->344959K(699392K)
[541.157s][info][gc,metaspace   ] GC(2486) Metaspace: 16612K(16896K)->16612K(16896K) NonClass: 14281K(14400K)->14281K(14400K) Class: 2331K(2496K)->2331K(2496K)
[541.157s][info][gc             ] GC(2486) Pause Young (Allocation Failure) 450M->386M(910M) 23.418ms
[541.157s][info][gc,cpu         ] GC(2486) User=0.08s Sys=0.00s Real=0.01s
[541.252s][info][gc,start       ] GC(2487) Pause Young (Allocation Failure)
[541.318s][info][gc,heap        ] GC(2487) PSYoungGen: 167808K(232960K)->76490K(232960K) Eden: 116736K(116736K)->0K(116736K) From: 51072K(116224K)->76490K(116224K)
[541.318s][info][gc,heap        ] GC(2487) ParOldGen: 344959K(699392K)->393239K(699392K)
[541.318s][info][gc,metaspace   ] GC(2487) Metaspace: 16612K(16896K)->16612K(16896K) NonClass: 14281K(14400K)->14281K(14400K) Class: 2331K(2496K)->2331K(2496K)
[541.318s][info][gc             ] GC(2487) Pause Young (Allocation Failure) 500M->458M(910M) 66.165ms
[541.318s][info][gc,cpu         ] GC(2487) User=0.38s Sys=0.00s Real=0.06s
[541.654s][info][gc,start       ] GC(2488) Pause Young (Allocation Failure)
[541.728s][info][gc,heap        ] GC(2488) PSYoungGen: 193226K(232960K)->24832K(232960K) Eden: 116736K(116736K)->0K(116736K) From: 76490K(116224K)->24832K(116224K)
[541.728s][info][gc,heap        ] GC(2488) ParOldGen: 393239K(699392K)->446737K(699392K)
[541.728s][info][gc,metaspace   ] GC(2488) Metaspace: 16612K(16896K)->16612K(16896K) NonClass: 14281K(14400K)->14281K(14400K) Class: 2331K(2496K)->2331K(2496K)
[541.728s][info][gc             ] GC(2488) Pause Young (Allocation Failure) 572M->460M(910M) 74.446ms
[541.728s][info][gc,cpu         ] GC(2488) User=0.28s Sys=0.00s Real=0.08s
[541.875s][info][gc,start       ] GC(2489) Pause Young (Allocation Failure)
[541.902s][info][gc,heap        ] GC(2489) PSYoungGen: 141568K(232960K)->3680K(232960K) Eden: 116736K(116736K)->0K(116736K) From: 24832K(116224K)->3680K(116224K)
[541.902s][info][gc,heap        ] GC(2489) ParOldGen: 446737K(699392K)->468137K(699392K)
[541.902s][info][gc,metaspace   ] GC(2489) Metaspace: 16612K(16896K)->16612K(16896K) NonClass: 14281K(14400K)->14281K(14400K) Class: 2331K(2496K)->2331K(2496K)
[541.902s][info][gc             ] GC(2489) Pause Young (Allocation Failure) 574M->460M(910M) 27.493ms
[541.902s][info][gc,cpu         ] GC(2489) User=0.08s Sys=0.00s Real=0.03s
[542.044s][info][gc,start       ] GC(2490) Pause Young (Allocation Failure)
[542.046s][info][gc,heap        ] GC(2490) PSYoungGen: 120416K(232960K)->2944K(232960K) Eden: 116736K(116736K)->0K(116736K) From: 3680K(116224K)->2944K(116224K)
[542.047s][info][gc,heap        ] GC(2490) ParOldGen: 468137K(699392K)->468409K(699392K)
[542.047s][info][gc,metaspace   ] GC(2490) Metaspace: 16612K(16896K)->16612K(16896K) NonClass: 14281K(14400K)->14281K(14400K) Class: 2331K(2496K)->2331K(2496K)
[542.047s][info][gc             ] GC(2490) Pause Young (Allocation Failure) 574M->460M(910M) 2.669ms
[542.047s][info][gc,cpu         ] GC(2490) User=0.00s Sys=0.00s Real=0.00s
[542.174s][info][gc,start       ] GC(2491) Pause Young (Allocation Failure)
[542.176s][info][gc,heap        ] GC(2491) PSYoungGen: 119680K(232960K)->2144K(232960K) Eden: 116736K(116736K)->0K(116736K) From: 2944K(116224K)->2144K(116224K)
[542.176s][info][gc,heap        ] GC(2491) ParOldGen: 468409K(699392K)->468505K(699392K)
[542.176s][info][gc,metaspace   ] GC(2491) Metaspace: 16612K(16896K)->16612K(16896K) NonClass: 14281K(14400K)->14281K(14400K) Class: 2331K(2496K)->2331K(2496K)
[542.176s][info][gc             ] GC(2491) Pause Young (Allocation Failure) 574M->459M(910M) 2.229ms
[542.176s][info][gc,cpu         ] GC(2491) User=0.00s Sys=0.00s Real=0.00s
[542.525s][info][gc,start       ] GC(2492) Pause Young (Allocation Failure)
[542.527s][info][gc,heap        ] GC(2492) PSYoungGen: 118880K(232960K)->2176K(232960K) Eden: 116736K(116736K)->0K(116736K) From: 2144K(116224K)->2176K(116224K)
[542.527s][info][gc,heap        ] GC(2492) ParOldGen: 468505K(699392K)->468505K(699392K)
[542.527s][info][gc,metaspace   ] GC(2492) Metaspace: 16614K(16896K)->16614K(16896K) NonClass: 14282K(14400K)->14282K(14400K) Class: 2331K(2496K)->2331K(2496K)
[542.527s][info][gc             ] GC(2492) Pause Young (Allocation Failure) 573M->459M(910M) 1.639ms
[542.527s][info][gc,cpu         ] GC(2492) User=0.00s Sys=0.00s Real=0.00s
[543.019s][info][gc,start       ] GC(2493) Pause Young (System.gc())
[543.020s][info][gc,heap        ] GC(2493) PSYoungGen: 68827K(232960K)->96K(232960K) Eden: 66651K(116736K)->0K(116736K) From: 2176K(116224K)->96K(116224K)
[543.020s][info][gc,heap        ] GC(2493) ParOldGen: 468505K(699392K)->468545K(699392K)
[543.020s][info][gc,metaspace   ] GC(2493) Metaspace: 16615K(16896K)->16615K(16896K) NonClass: 14283K(14400K)->14283K(14400K) Class: 2331K(2496K)->2331K(2496K)
[543.020s][info][gc             ] GC(2493) Pause Young (System.gc()) 524M->457M(910M) 0.893ms
[543.020s][info][gc,cpu         ] GC(2493) User=0.00s Sys=0.00s Real=0.00s
[543.020s][info][gc,start       ] GC(2494) Pause Full (System.gc())
[543.020s][info][gc,phases,start] GC(2494) Marking Phase
[543.025s][info][gc,phases      ] GC(2494) Marking Phase 4.561ms
[543.025s][info][gc,phases,start] GC(2494) Summary Phase
[543.025s][info][gc,phases      ] GC(2494) Summary Phase 0.011ms
[543.025s][info][gc,phases,start] GC(2494) Adjust Roots
[543.027s][info][gc,phases      ] GC(2494) Adjust Roots 1.719ms
[543.027s][info][gc,phases,start] GC(2494) Compaction Phase
[543.029s][info][gc,phases      ] GC(2494) Compaction Phase 1.928ms
[543.029s][info][gc,phases,start] GC(2494) Post Compact
[543.030s][info][gc,phases      ] GC(2494) Post Compact 1.638ms
[543.030s][info][gc,heap        ] GC(2494) PSYoungGen: 96K(232960K)->0K(232960K) Eden: 0K(116736K)->0K(116736K) From: 96K(116224K)->0K(116224K)
[543.030s][info][gc,heap        ] GC(2494) ParOldGen: 468545K(699392K)->5552K(699392K)
[543.030s][info][gc,metaspace   ] GC(2494) Metaspace: 16615K(16896K)->16615K(16896K) NonClass: 14283K(14400K)->14283K(14400K) Class: 2331K(2496K)->2331K(2496K)
[543.030s][info][gc             ] GC(2494) Pause Full (System.gc()) 457M->5M(910M) 10.110ms
[543.030s][info][gc,cpu         ] GC(2494) User=0.00s Sys=0.00s Real=0.02s
[544.559s][info][gc,start       ] GC(2495) Pause Young (Allocation Failure)
[544.560s][info][gc,heap        ] GC(2495) PSYoungGen: 116736K(232960K)->320K(232960K) Eden: 116736K(116736K)->0K(116736K) From: 0K(116224K)->320K(116224K)
[544.560s][info][gc,heap        ] GC(2495) ParOldGen: 5552K(699392K)->5552K(699392K)
[544.560s][info][gc,metaspace   ] GC(2495) Metaspace: 16617K(16896K)->16617K(16896K) NonClass: 14286K(14400K)->14286K(14400K) Class: 2331K(2496K)->2331K(2496K)
[544.560s][info][gc             ] GC(2495) Pause Young (Allocation Failure) 119M->5M(910M) 0.741ms
[544.560s][info][gc,cpu         ] GC(2495) User=0.00s Sys=0.00s Real=0.00s
[544.579s][info][gc,start       ] GC(2496) Pause Young (Allocation Failure)
[544.580s][info][gc,heap        ] GC(2496) PSYoungGen: 117056K(232960K)->256K(232960K) Eden: 116736K(116736K)->0K(116736K) From: 320K(116224K)->256K(116224K)
[544.580s][info][gc,heap        ] GC(2496) ParOldGen: 5552K(699392K)->5640K(699392K)
[544.580s][info][gc,metaspace   ] GC(2496) Metaspace: 16617K(16896K)->16617K(16896K) NonClass: 14286K(14400K)->14286K(14400K) Class: 2331K(2496K)->2331K(2496K)
[544.580s][info][gc             ] GC(2496) Pause Young (Allocation Failure) 119M->5M(910M) 0.464ms
[544.580s][info][gc,cpu         ] GC(2496) User=0.00s Sys=0.00s Real=0.00s
[544.599s][info][gc,start       ] GC(2497) Pause Young (Allocation Failure)
[544.599s][info][gc,heap        ] GC(2497) PSYoungGen: 116992K(232960K)->352K(232960K) Eden: 116736K(116736K)->0K(116736K) From: 256K(116224K)->352K(116224K)
[544.599s][info][gc,heap        ] GC(2497) ParOldGen: 5640K(699392K)->5672K(699392K)
[544.599s][info][gc,metaspace   ] GC(2497) Metaspace: 16617K(16896K)->16617K(16896K) NonClass: 14286K(14400K)->14286K(14400K) Class: 2331K(2496K)->2331K(2496K)
[544.599s][info][gc             ] GC(2497) Pause Young (Allocation Failure) 119M->5M(910M) 0.410ms
[544.599s][info][gc,cpu         ] GC(2497) User=0.00s Sys=0.00s Real=0.00s
[544.619s][info][gc,start       ] GC(2498) Pause Young (Allocation Failure)
[544.619s][info][gc,heap        ] GC(2498) PSYoungGen: 117088K(232960K)->288K(232960K) Eden: 116736K(116736K)->0K(116736K) From: 352K(116224K)->288K(116224K)
[544.619s][info][gc,heap        ] GC(2498) ParOldGen: 5672K(699392K)->5712K(699392K)
[544.619s][info][gc,metaspace   ] GC(2498) Metaspace: 16617K(16896K)->16617K(16896K) NonClass: 14286K(14400K)->14286K(14400K) Class: 2331K(2496K)->2331K(2496K)
[544.619s][info][gc             ] GC(2498) Pause Young (Allocation Failure) 119M->5M(910M) 0.463ms
[544.619s][info][gc,cpu         ] GC(2498) User=0.00s Sys=0.00s Real=0.00s
[544.639s][info][gc,start       ] GC(2499) Pause Young (Allocation Failure)
[544.639s][info][gc,heap        ] GC(2499) PSYoungGen: 117024K(232960K)->224K(232960K) Eden: 116736K(116736K)->0K(116736K) From: 288K(116224K)->224K(116224K)
[544.639s][info][gc,heap        ] GC(2499) ParOldGen: 5712K(699392K)->5760K(699392K)
[544.639s][info][gc,metaspace   ] GC(2499) Metaspace: 16617K(16896K)->16617K(16896K) NonClass: 14286K(14400K)->14286K(14400K) Class: 2331K(2496K)->2331K(2496K)
[544.639s][info][gc             ] GC(2499) Pause Young (Allocation Failure) 119M->5M(910M) 0.385ms
[544.639s][info][gc,cpu         ] GC(2499) User=0.00s Sys=0.00s Real=0.00s
[544.658s][info][gc,start       ] GC(2500) Pause Young (Allocation Failure)
[544.658s][info][gc,heap        ] GC(2500) PSYoungGen: 116960K(232960K)->320K(232960K) Eden: 116736K(116736K)->0K(116736K) From: 224K(116224K)->320K(116224K)
[544.658s][info][gc,heap        ] GC(2500) ParOldGen: 5760K(699392K)->5784K(699392K)
[544.658s][info][gc,metaspace   ] GC(2500) Metaspace: 16617K(16896K)->16617K(16896K) NonClass: 14286K(14400K)->14286K(14400K) Class: 2331K(2496K)->2331K(2496K)
[544.658s][info][gc             ] GC(2500) Pause Young (Allocation Failure) 119M->5M(910M) 0.404ms
[544.658s][info][gc,cpu         ] GC(2500) User=0.00s Sys=0.00s Real=0.00s
[544.677s][info][gc,start       ] GC(2501) Pause Young (Allocation Failure)
[544.677s][info][gc,heap        ] GC(2501) PSYoungGen: 117056K(232960K)->288K(232960K) Eden: 116736K(116736K)->0K(116736K) From: 320K(116224K)->288K(116224K)
[544.677s][info][gc,heap        ] GC(2501) ParOldGen: 5784K(699392K)->5848K(699392K)
[544.677s][info][gc,metaspace   ] GC(2501) Metaspace: 16617K(16896K)->16617K(16896K) NonClass: 14286K(14400K)->14286K(14400K) Class: 2331K(2496K)->2331K(2496K)
[544.677s][info][gc             ] GC(2501) Pause Young (Allocation Failure) 119M->5M(910M) 0.420ms
[544.677s][info][gc,cpu         ] GC(2501) User=0.00s Sys=0.00s Real=0.00s
[544.695s][info][gc,start       ] GC(2502) Pause Young (Allocation Failure)
[544.695s][info][gc,heap        ] GC(2502) PSYoungGen: 117024K(232960K)->224K(232960K) Eden: 116736K(116736K)->0K(116736K) From: 288K(116224K)->224K(116224K)
[544.695s][info][gc,heap        ] GC(2502) ParOldGen: 5848K(699392K)->5912K(699392K)
[544.695s][info][gc,metaspace   ] GC(2502) Metaspace: 16617K(16896K)->16617K(16896K) NonClass: 14286K(14400K)->14286K(14400K) Class: 2331K(2496K)->2331K(2496K)
[544.695s][info][gc             ] GC(2502) Pause Young (Allocation Failure) 119M->5M(910M) 0.432ms
[544.695s][info][gc,cpu         ] GC(2502) User=0.00s Sys=0.00s Real=0.00s
[544.715s][info][gc,start       ] GC(2503) Pause Young (Allocation Failure)
[544.715s][info][gc,heap        ] GC(2503) PSYoungGen: 116960K(232960K)->320K(232960K) Eden: 116736K(116736K)->0K(116736K) From: 224K(116224K)->320K(116224K)
[544.715s][info][gc,heap        ] GC(2503) ParOldGen: 5912K(699392K)->5944K(699392K)
[544.715s][info][gc,metaspace   ] GC(2503) Metaspace: 16617K(16896K)->16617K(16896K) NonClass: 14286K(14400K)->14286K(14400K) Class: 2331K(2496K)->2331K(2496K)
[544.715s][info][gc             ] GC(2503) Pause Young (Allocation Failure) 119M->6M(910M) 0.472ms
[544.715s][info][gc,cpu         ] GC(2503) User=0.00s Sys=0.00s Real=0.00s
[544.734s][info][gc,start       ] GC(2504) Pause Young (Allocation Failure)
[544.735s][info][gc,heap        ] GC(2504) PSYoungGen: 117056K(232960K)->224K(232960K) Eden: 116736K(116736K)->0K(116736K) From: 320K(116224K)->224K(116224K)
[544.735s][info][gc,heap        ] GC(2504) ParOldGen: 5944K(699392K)->6000K(699392K)
[544.735s][info][gc,metaspace   ] GC(2504) Metaspace: 16617K(16896K)->16617K(16896K) NonClass: 14286K(14400K)->14286K(14400K) Class: 2331K(2496K)->2331K(2496K)
[544.735s][info][gc             ] GC(2504) Pause Young (Allocation Failure) 120M->6M(910M) 0.570ms
[544.735s][info][gc,cpu         ] GC(2504) User=0.00s Sys=0.00s Real=0.02s
[544.754s][info][gc,start       ] GC(2505) Pause Young (Allocation Failure)
[544.754s][info][gc,heap        ] GC(2505) PSYoungGen: 116960K(232960K)->288K(232960K) Eden: 116736K(116736K)->0K(116736K) From: 224K(116224K)->288K(116224K)
[544.754s][info][gc,heap        ] GC(2505) ParOldGen: 6000K(699392K)->6048K(699392K)
[544.754s][info][gc,metaspace   ] GC(2505) Metaspace: 16617K(16896K)->16617K(16896K) NonClass: 14286K(14400K)->14286K(14400K) Class: 2331K(2496K)->2331K(2496K)
[544.754s][info][gc             ] GC(2505) Pause Young (Allocation Failure) 120M->6M(910M) 0.379ms
[544.754s][info][gc,cpu         ] GC(2505) User=0.00s Sys=0.00s Real=0.00s
[544.773s][info][gc,start       ] GC(2506) Pause Young (Allocation Failure)
[544.773s][info][gc,heap        ] GC(2506) PSYoungGen: 117024K(232960K)->224K(232960K) Eden: 116736K(116736K)->0K(116736K) From: 288K(116224K)->224K(116224K)
[544.773s][info][gc,heap        ] GC(2506) ParOldGen: 6048K(699392K)->6080K(699392K)
[544.773s][info][gc,metaspace   ] GC(2506) Metaspace: 16617K(16896K)->16617K(16896K) NonClass: 14286K(14400K)->14286K(14400K) Class: 2331K(2496K)->2331K(2496K)
[544.773s][info][gc             ] GC(2506) Pause Young (Allocation Failure) 120M->6M(910M) 0.397ms
[544.773s][info][gc,cpu         ] GC(2506) User=0.00s Sys=0.00s Real=0.00s
[544.792s][info][gc,start       ] GC(2507) Pause Young (Allocation Failure)
[544.792s][info][gc,heap        ] GC(2507) PSYoungGen: 116960K(232960K)->288K(235008K) Eden: 116736K(116736K)->0K(118784K) From: 224K(116224K)->288K(116224K)
[544.792s][info][gc,heap        ] GC(2507) ParOldGen: 6080K(699392K)->6128K(699392K)
[544.792s][info][gc,metaspace   ] GC(2507) Metaspace: 16617K(16896K)->16617K(16896K) NonClass: 14286K(14400K)->14286K(14400K) Class: 2331K(2496K)->2331K(2496K)
[544.792s][info][gc             ] GC(2507) Pause Young (Allocation Failure) 120M->6M(912M) 0.426ms
[544.792s][info][gc,cpu         ] GC(2507) User=0.00s Sys=0.00s Real=0.00s
[544.812s][info][gc,start       ] GC(2508) Pause Young (Allocation Failure)
[544.812s][info][gc,heap        ] GC(2508) PSYoungGen: 119072K(235008K)->352K(232960K) Eden: 118784K(118784K)->0K(118784K) From: 288K(116224K)->352K(114176K)
[544.812s][info][gc,heap        ] GC(2508) ParOldGen: 6128K(699392K)->6128K(699392K)
[544.812s][info][gc,metaspace   ] GC(2508) Metaspace: 16617K(16896K)->16617K(16896K) NonClass: 14286K(14400K)->14286K(14400K) Class: 2331K(2496K)->2331K(2496K)
[544.812s][info][gc             ] GC(2508) Pause Young (Allocation Failure) 122M->6M(910M) 0.457ms
[544.812s][info][gc,cpu         ] GC(2508) User=0.00s Sys=0.00s Real=0.00s
[544.834s][info][gc,start       ] GC(2509) Pause Young (Allocation Failure)
[544.835s][info][gc,heap        ] GC(2509) PSYoungGen: 119136K(232960K)->352K(249856K) Eden: 118784K(118784K)->0K(143360K) From: 352K(114176K)->352K(106496K)
[544.835s][info][gc,heap        ] GC(2509) ParOldGen: 6128K(699392K)->6128K(699392K)
[544.835s][info][gc,metaspace   ] GC(2509) Metaspace: 16617K(16896K)->16617K(16896K) NonClass: 14286K(14400K)->14286K(14400K) Class: 2331K(2496K)->2331K(2496K)
[544.835s][info][gc             ] GC(2509) Pause Young (Allocation Failure) 122M->6M(927M) 0.484ms
[544.835s][info][gc,cpu         ] GC(2509) User=0.00s Sys=0.00s Real=0.00s
[544.859s][info][gc,start       ] GC(2510) Pause Young (Allocation Failure)
[544.859s][info][gc,heap        ] GC(2510) PSYoungGen: 143712K(249856K)->384K(242688K) Eden: 143360K(143360K)->0K(143360K) From: 352K(106496K)->384K(99328K)
[544.859s][info][gc,heap        ] GC(2510) ParOldGen: 6128K(699392K)->6128K(699392K)
[544.859s][info][gc,metaspace   ] GC(2510) Metaspace: 16617K(16896K)->16617K(16896K) NonClass: 14286K(14400K)->14286K(14400K) Class: 2331K(2496K)->2331K(2496K)
[544.859s][info][gc             ] GC(2510) Pause Young (Allocation Failure) 146M->6M(920M) 0.423ms
[544.859s][info][gc,cpu         ] GC(2510) User=0.00s Sys=0.00s Real=0.00s
[544.882s][info][gc,start       ] GC(2511) Pause Young (Allocation Failure)
[544.882s][info][gc,heap        ] GC(2511) PSYoungGen: 143744K(242688K)->352K(263168K) Eden: 143360K(143360K)->0K(171008K) From: 384K(99328K)->352K(92160K)
[544.882s][info][gc,heap        ] GC(2511) ParOldGen: 6128K(699392K)->6128K(699392K)
[544.882s][info][gc,metaspace   ] GC(2511) Metaspace: 16617K(16896K)->16617K(16896K) NonClass: 14286K(14400K)->14286K(14400K) Class: 2331K(2496K)->2331K(2496K)
[544.882s][info][gc             ] GC(2511) Pause Young (Allocation Failure) 146M->6M(940M) 0.430ms
[544.882s][info][gc,cpu         ] GC(2511) User=0.00s Sys=0.00s Real=0.00s
[544.912s][info][gc,start       ] GC(2512) Pause Young (Allocation Failure)
[544.912s][info][gc,heap        ] GC(2512) PSYoungGen: 171360K(263168K)->352K(257024K) Eden: 171008K(171008K)->0K(171008K) From: 352K(92160K)->352K(86016K)
[544.912s][info][gc,heap        ] GC(2512) ParOldGen: 6128K(699392K)->6128K(699392K)
[544.912s][info][gc,metaspace   ] GC(2512) Metaspace: 16617K(16896K)->16617K(16896K) NonClass: 14286K(14400K)->14286K(14400K) Class: 2331K(2496K)->2331K(2496K)
[544.912s][info][gc             ] GC(2512) Pause Young (Allocation Failure) 173M->6M(934M) 0.453ms
[544.912s][info][gc,cpu         ] GC(2512) User=0.00s Sys=0.00s Real=0.00s
[544.940s][info][gc,start       ] GC(2513) Pause Young (Allocation Failure)
[544.943s][info][gc,heap        ] GC(2513) PSYoungGen: 171360K(257024K)->320K(274944K) Eden: 171008K(171008K)->0K(195072K) From: 352K(86016K)->320K(79872K)
[544.943s][info][gc,heap        ] GC(2513) ParOldGen: 6128K(699392K)->6128K(699392K)
[544.943s][info][gc,metaspace   ] GC(2513) Metaspace: 16617K(16896K)->16617K(16896K) NonClass: 14286K(14400K)->14286K(14400K) Class: 2331K(2496K)->2331K(2496K)
[544.943s][info][gc             ] GC(2513) Pause Young (Allocation Failure) 173M->6M(951M) 2.753ms
[544.943s][info][gc,cpu         ] GC(2513) User=0.00s Sys=0.00s Real=0.00s
[544.975s][info][gc,start       ] GC(2514) Pause Young (Allocation Failure)
[544.975s][info][gc,heap        ] GC(2514) PSYoungGen: 195392K(274944K)->352K(269312K) Eden: 195072K(195072K)->0K(195072K) From: 320K(79872K)->352K(74240K)
[544.975s][info][gc,heap        ] GC(2514) ParOldGen: 6128K(699392K)->6128K(699392K)
[544.975s][info][gc,metaspace   ] GC(2514) Metaspace: 16617K(16896K)->16617K(16896K) NonClass: 14286K(14400K)->14286K(14400K) Class: 2331K(2496K)->2331K(2496K)
[544.976s][info][gc             ] GC(2514) Pause Young (Allocation Failure) 196M->6M(946M) 0.528ms
[544.976s][info][gc,cpu         ] GC(2514) User=0.00s Sys=0.00s Real=0.00s
[545.008s][info][gc,start       ] GC(2515) Pause Young (Allocation Failure)
[545.008s][info][gc,heap        ] GC(2515) PSYoungGen: 195424K(269312K)->384K(285184K) Eden: 195072K(195072K)->0K(216576K) From: 352K(74240K)->384K(68608K)
[545.008s][info][gc,heap        ] GC(2515) ParOldGen: 6128K(699392K)->6128K(699392K)
[545.008s][info][gc,metaspace   ] GC(2515) Metaspace: 16617K(16896K)->16617K(16896K) NonClass: 14286K(14400K)->14286K(14400K) Class: 2331K(2496K)->2331K(2496K)
[545.009s][info][gc             ] GC(2515) Pause Young (Allocation Failure) 196M->6M(961M) 0.478ms
[545.009s][info][gc,cpu         ] GC(2515) User=0.00s Sys=0.00s Real=0.00s
[545.081s][info][gc,start       ] GC(2516) Pause Young (Allocation Failure)
[545.115s][info][gc,heap        ] GC(2516) PSYoungGen: 216960K(285184K)->63971K(280576K) Eden: 216576K(216576K)->0K(216576K) From: 384K(68608K)->63971K(64000K)
[545.115s][info][gc,heap        ] GC(2516) ParOldGen: 6128K(699392K)->19664K(699392K)
[545.115s][info][gc,metaspace   ] GC(2516) Metaspace: 16617K(16896K)->16617K(16896K) NonClass: 14286K(14400K)->14286K(14400K) Class: 2331K(2496K)->2331K(2496K)
[545.115s][info][gc             ] GC(2516) Pause Young (Allocation Failure) 217M->81M(957M) 34.215ms
[545.115s][info][gc,cpu         ] GC(2516) User=0.03s Sys=0.00s Real=0.03s
[545.255s][info][gc,start       ] GC(2517) Pause Young (Allocation Failure)
[545.365s][info][gc,heap        ] GC(2517) PSYoungGen: 280547K(280576K)->68594K(185344K) Eden: 216576K(216576K)->0K(116736K) From: 63971K(64000K)->68594K(68608K)
[545.365s][info][gc,heap        ] GC(2517) ParOldGen: 19664K(699392K)->159904K(699392K)
[545.365s][info][gc,metaspace   ] GC(2517) Metaspace: 16617K(16896K)->16617K(16896K) NonClass: 14286K(14400K)->14286K(14400K) Class: 2331K(2496K)->2331K(2496K)
[545.365s][info][gc             ] GC(2517) Pause Young (Allocation Failure) 293M->223M(864M) 110.423ms
[545.365s][info][gc,cpu         ] GC(2517) User=0.47s Sys=0.00s Real=0.11s
[545.452s][info][gc,start       ] GC(2518) Pause Young (Allocation Failure)
[545.524s][info][gc,heap        ] GC(2518) PSYoungGen: 185330K(185344K)->116195K(232960K) Eden: 116736K(116736K)->0K(116736K) From: 68594K(68608K)->116195K(116224K)
[545.524s][info][gc,heap        ] GC(2518) ParOldGen: 159904K(699392K)->194128K(699392K)
[545.524s][info][gc,metaspace   ] GC(2518) Metaspace: 16617K(16896K)->16617K(16896K) NonClass: 14286K(14400K)->14286K(14400K) Class: 2331K(2496K)->2331K(2496K)
[545.524s][info][gc             ] GC(2518) Pause Young (Allocation Failure) 337M->303M(910M) 71.578ms
[545.524s][info][gc,cpu         ] GC(2518) User=0.39s Sys=0.00s Real=0.08s
[545.612s][info][gc,start       ] GC(2519) Pause Young (Allocation Failure)
[545.709s][info][gc,heap        ] GC(2519) PSYoungGen: 232931K(232960K)->116195K(232960K) Eden: 116736K(116736K)->0K(116736K) From: 116195K(116224K)->116195K(116224K)
[545.709s][info][gc,heap        ] GC(2519) ParOldGen: 194128K(699392K)->274656K(699392K)
[545.709s][info][gc,metaspace   ] GC(2519) Metaspace: 16617K(16896K)->16617K(16896K) NonClass: 14286K(14400K)->14286K(14400K) Class: 2331K(2496K)->2331K(2496K)
[545.709s][info][gc             ] GC(2519) Pause Young (Allocation Failure) 417M->381M(910M) 97.214ms
[545.709s][info][gc,cpu         ] GC(2519) User=0.58s Sys=0.00s Real=0.11s
[545.871s][info][gc,start       ] GC(2520) Pause Young (Allocation Failure)
[545.967s][info][gc,heap        ] GC(2520) PSYoungGen: 232931K(232960K)->116195K(232960K) Eden: 116736K(116736K)->0K(116736K) From: 116195K(116224K)->116195K(116224K)
[545.967s][info][gc,heap        ] GC(2520) ParOldGen: 274656K(699392K)->333600K(699392K)
[545.967s][info][gc,metaspace   ] GC(2520) Metaspace: 16617K(16896K)->16617K(16896K) NonClass: 14286K(14400K)->14286K(14400K) Class: 2331K(2496K)->2331K(2496K)
[545.967s][info][gc             ] GC(2520) Pause Young (Allocation Failure) 495M->439M(910M) 96.040ms
[545.967s][info][gc,cpu         ] GC(2520) User=0.48s Sys=0.00s Real=0.09s
[548.895s][info][gc,start       ] GC(2521) Pause Young (Allocation Failure)
[548.973s][info][gc,heap        ] GC(2521) PSYoungGen: 232931K(232960K)->102080K(232960K) Eden: 116736K(116736K)->0K(116736K) From: 116195K(116224K)->102080K(116224K)
[548.973s][info][gc,heap        ] GC(2521) ParOldGen: 333600K(699392K)->370676K(699392K)
[548.973s][info][gc,metaspace   ] GC(2521) Metaspace: 16618K(16896K)->16618K(16896K) NonClass: 14287K(14400K)->14287K(14400K) Class: 2331K(2496K)->2331K(2496K)
[548.973s][info][gc             ] GC(2521) Pause Young (Allocation Failure) 553M->461M(910M) 78.671ms
[548.973s][info][gc,cpu         ] GC(2521) User=0.45s Sys=0.00s Real=0.08s
[549.036s][info][gc,start       ] GC(2522) Pause Young (Allocation Failure)
[549.114s][info][gc,heap        ] GC(2522) PSYoungGen: 218816K(232960K)->116224K(232960K) Eden: 116736K(116736K)->0K(116736K) From: 102080K(116224K)->116224K(116224K)
[549.114s][info][gc,heap        ] GC(2522) ParOldGen: 370676K(699392K)->406468K(699392K)
[549.114s][info][gc,metaspace   ] GC(2522) Metaspace: 16618K(16896K)->16618K(16896K) NonClass: 14287K(14400K)->14287K(14400K) Class: 2331K(2496K)->2331K(2496K)
[549.114s][info][gc             ] GC(2522) Pause Young (Allocation Failure) 575M->510M(910M) 78.922ms
[549.114s][info][gc,cpu         ] GC(2522) User=0.34s Sys=0.00s Real=0.09s
[549.174s][info][gc,start       ] GC(2523) Pause Young (Allocation Failure)
[549.251s][info][gc,heap        ] GC(2523) PSYoungGen: 232960K(232960K)->116224K(232960K) Eden: 116736K(116736K)->0K(116736K) From: 116224K(116224K)->116224K(116224K)
[549.251s][info][gc,heap        ] GC(2523) ParOldGen: 406468K(699392K)->455876K(699392K)
[549.251s][info][gc,metaspace   ] GC(2523) Metaspace: 16618K(16896K)->16618K(16896K) NonClass: 14287K(14400K)->14287K(14400K) Class: 2331K(2496K)->2331K(2496K)
[549.251s][info][gc             ] GC(2523) Pause Young (Allocation Failure) 624M->558M(910M) 76.862ms
[549.251s][info][gc,cpu         ] GC(2523) User=0.36s Sys=0.00s Real=0.08s
[549.307s][info][gc,start       ] GC(2524) Pause Young (Allocation Failure)
[549.383s][info][gc,heap        ] GC(2524) PSYoungGen: 232960K(232960K)->97120K(232960K) Eden: 116736K(116736K)->0K(116736K) From: 116224K(116224K)->97120K(116224K)
[549.383s][info][gc,heap        ] GC(2524) ParOldGen: 455876K(699392K)->523892K(699392K)
[549.383s][info][gc,metaspace   ] GC(2524) Metaspace: 16618K(16896K)->16618K(16896K) NonClass: 14287K(14400K)->14287K(14400K) Class: 2331K(2496K)->2331K(2496K)
[549.383s][info][gc             ] GC(2524) Pause Young (Allocation Failure) 672M->606M(910M) 75.992ms
[549.383s][info][gc,cpu         ] GC(2524) User=0.39s Sys=0.00s Real=0.08s
[549.442s][info][gc,start       ] GC(2525) Pause Young (Allocation Failure)
[549.511s][info][gc,heap        ] GC(2525) PSYoungGen: 213856K(232960K)->50720K(232960K) Eden: 116736K(116736K)->0K(116736K) From: 97120K(116224K)->50720K(116224K)
[549.511s][info][gc,heap        ] GC(2525) ParOldGen: 523892K(699392K)->618780K(699392K)
[549.511s][info][gc,metaspace   ] GC(2525) Metaspace: 16618K(16896K)->16618K(16896K) NonClass: 14287K(14400K)->14287K(14400K) Class: 2331K(2496K)->2331K(2496K)
[549.511s][info][gc             ] GC(2525) Pause Young (Allocation Failure) 720M->653M(910M) 69.112ms
[549.511s][info][gc,cpu         ] GC(2525) User=0.34s Sys=0.00s Real=0.08s
[549.586s][info][gc,start       ] GC(2526) Pause Full (Ergonomics)
[549.586s][info][gc,phases,start] GC(2526) Marking Phase
[549.664s][info][gc,phases      ] GC(2526) Marking Phase 78.353ms
[549.664s][info][gc,phases,start] GC(2526) Summary Phase
[549.664s][info][gc,phases      ] GC(2526) Summary Phase 0.025ms
[549.664s][info][gc,phases,start] GC(2526) Adjust Roots
[549.666s][info][gc,phases      ] GC(2526) Adjust Roots 1.808ms
[549.666s][info][gc,phases,start] GC(2526) Compaction Phase
[549.815s][info][gc,phases      ] GC(2526) Compaction Phase 148.543ms
[549.815s][info][gc,phases,start] GC(2526) Post Compact
[549.816s][info][gc,phases      ] GC(2526) Post Compact 1.580ms
[549.816s][info][gc,heap        ] GC(2526) PSYoungGen: 167456K(232960K)->0K(232960K) Eden: 116736K(116736K)->0K(116736K) From: 50720K(116224K)->0K(116224K)
[549.816s][info][gc,heap        ] GC(2526) ParOldGen: 618780K(699392K)->274048K(699392K)
[549.816s][info][gc,metaspace   ] GC(2526) Metaspace: 16618K(16896K)->16618K(16896K) NonClass: 14287K(14400K)->14287K(14400K) Class: 2331K(2496K)->2331K(2496K)
[549.816s][info][gc             ] GC(2526) Pause Full (Ergonomics) 767M->267M(910M) 230.631ms
[549.816s][info][gc,cpu         ] GC(2526) User=1.08s Sys=0.00s Real=0.22s
[549.879s][info][gc,start       ] GC(2527) Pause Young (Allocation Failure)
[549.904s][info][gc,heap        ] GC(2527) PSYoungGen: 116736K(232960K)->50912K(232960K) Eden: 116736K(116736K)->0K(116736K) From: 0K(116224K)->50912K(116224K)
[549.904s][info][gc,heap        ] GC(2527) ParOldGen: 274048K(699392K)->274048K(699392K)
[549.904s][info][gc,metaspace   ] GC(2527) Metaspace: 16618K(16896K)->16618K(16896K) NonClass: 14287K(14400K)->14287K(14400K) Class: 2331K(2496K)->2331K(2496K)
[549.904s][info][gc             ] GC(2527) Pause Young (Allocation Failure) 381M->317M(910M) 24.617ms
[549.904s][info][gc,cpu         ] GC(2527) User=0.11s Sys=0.00s Real=0.03s
[549.965s][info][gc,start       ] GC(2528) Pause Young (Allocation Failure)
[550.010s][info][gc,heap        ] GC(2528) PSYoungGen: 167648K(232960K)->51008K(232960K) Eden: 116736K(116736K)->0K(116736K) From: 50912K(116224K)->51008K(116224K)
[550.010s][info][gc,heap        ] GC(2528) ParOldGen: 274048K(699392K)->322128K(699392K)
[550.010s][info][gc,metaspace   ] GC(2528) Metaspace: 16618K(16896K)->16618K(16896K) NonClass: 14287K(14400K)->14287K(14400K) Class: 2331K(2496K)->2331K(2496K)
[550.010s][info][gc             ] GC(2528) Pause Young (Allocation Failure) 431M->364M(910M) 45.649ms
[550.010s][info][gc,cpu         ] GC(2528) User=0.16s Sys=0.00s Real=0.03s
[550.071s][info][gc,start       ] GC(2529) Pause Young (Allocation Failure)
[550.117s][info][gc,heap        ] GC(2529) PSYoungGen: 167744K(232960K)->51072K(232960K) Eden: 116736K(116736K)->0K(116736K) From: 51008K(116224K)->51072K(116224K)
[550.117s][info][gc,heap        ] GC(2529) ParOldGen: 322128K(699392K)->370120K(699392K)
[550.117s][info][gc,metaspace   ] GC(2529) Metaspace: 16618K(16896K)->16618K(16896K) NonClass: 14287K(14400K)->14287K(14400K) Class: 2331K(2496K)->2331K(2496K)
[550.117s][info][gc             ] GC(2529) Pause Young (Allocation Failure) 478M->411M(910M) 45.824ms
[550.117s][info][gc,cpu         ] GC(2529) User=0.19s Sys=0.00s Real=0.05s
[550.415s][info][gc,start       ] GC(2530) Pause Young (Allocation Failure)
[550.498s][info][gc,heap        ] GC(2530) PSYoungGen: 167808K(232960K)->68632K(232960K) Eden: 116736K(116736K)->0K(116736K) From: 51072K(116224K)->68632K(116224K)
[550.498s][info][gc,heap        ] GC(2530) ParOldGen: 370120K(699392K)->419008K(699392K)
[550.498s][info][gc,metaspace   ] GC(2530) Metaspace: 16618K(16896K)->16618K(16896K) NonClass: 14287K(14400K)->14287K(14400K) Class: 2331K(2496K)->2331K(2496K)
[550.498s][info][gc             ] GC(2530) Pause Young (Allocation Failure) 525M->476M(910M) 82.645ms
[550.498s][info][gc,cpu         ] GC(2530) User=0.47s Sys=0.00s Real=0.09s
[550.638s][info][gc,start       ] GC(2531) Pause Young (Allocation Failure)
[550.694s][info][gc,heap        ] GC(2531) PSYoungGen: 185368K(232960K)->4032K(232960K) Eden: 116736K(116736K)->0K(116736K) From: 68632K(116224K)->4032K(116224K)
[550.694s][info][gc,heap        ] GC(2531) ParOldGen: 419008K(699392K)->473479K(699392K)
[550.694s][info][gc,metaspace   ] GC(2531) Metaspace: 16618K(16896K)->16618K(16896K) NonClass: 14287K(14400K)->14287K(14400K) Class: 2331K(2496K)->2331K(2496K)
[550.694s][info][gc             ] GC(2531) Pause Young (Allocation Failure) 590M->466M(910M) 56.099ms
[550.694s][info][gc,cpu         ] GC(2531) User=0.23s Sys=0.00s Real=0.06s
[550.834s][info][gc,start       ] GC(2532) Pause Young (Allocation Failure)
[550.837s][info][gc,heap        ] GC(2532) PSYoungGen: 120768K(232960K)->3360K(232960K) Eden: 116736K(116736K)->0K(116736K) From: 4032K(116224K)->3360K(116224K)
[550.837s][info][gc,heap        ] GC(2532) ParOldGen: 473479K(699392K)->473887K(699392K)
[550.837s][info][gc,metaspace   ] GC(2532) Metaspace: 16618K(16896K)->16618K(16896K) NonClass: 14287K(14400K)->14287K(14400K) Class: 2331K(2496K)->2331K(2496K)
[550.837s][info][gc             ] GC(2532) Pause Young (Allocation Failure) 580M->466M(910M) 2.972ms
[550.837s][info][gc,cpu         ] GC(2532) User=0.00s Sys=0.00s Real=0.00s
[550.964s][info][gc,start       ] GC(2533) Pause Young (Allocation Failure)
[550.966s][info][gc,heap        ] GC(2533) PSYoungGen: 120096K(232960K)->2624K(232960K) Eden: 116736K(116736K)->0K(116736K) From: 3360K(116224K)->2624K(116224K)
[550.966s][info][gc,heap        ] GC(2533) ParOldGen: 473887K(699392K)->474063K(699392K)
[550.966s][info][gc,metaspace   ] GC(2533) Metaspace: 16618K(16896K)->16618K(16896K) NonClass: 14287K(14400K)->14287K(14400K) Class: 2331K(2496K)->2331K(2496K)
[550.966s][info][gc             ] GC(2533) Pause Young (Allocation Failure) 580M->465M(910M) 2.358ms
[550.966s][info][gc,cpu         ] GC(2533) User=0.00s Sys=0.00s Real=0.00s
[551.101s][info][gc,start       ] GC(2534) Pause Young (Allocation Failure)
[551.102s][info][gc,heap        ] GC(2534) PSYoungGen: 119360K(232960K)->1184K(232960K) Eden: 116736K(116736K)->0K(116736K) From: 2624K(116224K)->1184K(116224K)
[551.102s][info][gc,heap        ] GC(2534) ParOldGen: 474063K(699392K)->474111K(699392K)
[551.102s][info][gc,metaspace   ] GC(2534) Metaspace: 16618K(16896K)->16618K(16896K) NonClass: 14287K(14400K)->14287K(14400K) Class: 2331K(2496K)->2331K(2496K)
[551.102s][info][gc             ] GC(2534) Pause Young (Allocation Failure) 579M->464M(910M) 1.657ms
[551.102s][info][gc,cpu         ] GC(2534) User=0.00s Sys=0.00s Real=0.00s
[551.830s][info][gc,start       ] GC(2535) Pause Young (Allocation Failure)
[551.831s][info][gc,heap        ] GC(2535) PSYoungGen: 117920K(232960K)->2144K(232960K) Eden: 116736K(116736K)->0K(116736K) From: 1184K(116224K)->2144K(116224K)
[551.831s][info][gc,heap        ] GC(2535) ParOldGen: 474111K(699392K)->474111K(699392K)
[551.831s][info][gc,metaspace   ] GC(2535) Metaspace: 16618K(16896K)->16618K(16896K) NonClass: 14287K(14400K)->14287K(14400K) Class: 2331K(2496K)->2331K(2496K)
[551.831s][info][gc             ] GC(2535) Pause Young (Allocation Failure) 578M->465M(910M) 1.466ms
[551.831s][info][gc,cpu         ] GC(2535) User=0.00s Sys=0.00s Real=0.00s
[551.853s][info][gc,start       ] GC(2536) Pause Young (System.gc())
[551.854s][info][gc,heap        ] GC(2536) PSYoungGen: 7601K(232960K)->64K(232960K) Eden: 5457K(116736K)->0K(116736K) From: 2144K(116224K)->64K(116224K)
[551.854s][info][gc,heap        ] GC(2536) ParOldGen: 474111K(699392K)->474135K(699392K)
[551.854s][info][gc,metaspace   ] GC(2536) Metaspace: 16630K(16960K)->16630K(16960K) NonClass: 14299K(14464K)->14299K(14464K) Class: 2331K(2496K)->2331K(2496K)
[551.854s][info][gc             ] GC(2536) Pause Young (System.gc()) 470M->463M(910M) 1.133ms
[551.854s][info][gc,cpu         ] GC(2536) User=0.00s Sys=0.00s Real=0.00s
[551.854s][info][gc,start       ] GC(2537) Pause Full (System.gc())
[551.854s][info][gc,phases,start] GC(2537) Marking Phase
[551.859s][info][gc,phases      ] GC(2537) Marking Phase 4.780ms
[551.859s][info][gc,phases,start] GC(2537) Summary Phase
[551.859s][info][gc,phases      ] GC(2537) Summary Phase 0.011ms
[551.859s][info][gc,phases,start] GC(2537) Adjust Roots
[551.860s][info][gc,phases      ] GC(2537) Adjust Roots 1.861ms
[551.861s][info][gc,phases,start] GC(2537) Compaction Phase
[551.863s][info][gc,phases      ] GC(2537) Compaction Phase 1.979ms
[551.863s][info][gc,phases,start] GC(2537) Post Compact
[551.865s][info][gc,phases      ] GC(2537) Post Compact 2.125ms
[551.865s][info][gc,heap        ] GC(2537) PSYoungGen: 64K(232960K)->0K(232960K) Eden: 0K(116736K)->0K(116736K) From: 64K(116224K)->0K(116224K)
[551.865s][info][gc,heap        ] GC(2537) ParOldGen: 474135K(699392K)->5552K(699392K)
[551.865s][info][gc,metaspace   ] GC(2537) Metaspace: 16630K(16960K)->16630K(16960K) NonClass: 14299K(14464K)->14299K(14464K) Class: 2331K(2496K)->2331K(2496K)
[551.865s][info][gc             ] GC(2537) Pause Full (System.gc()) 463M->5M(910M) 11.064ms
[551.865s][info][gc,cpu         ] GC(2537) User=0.00s Sys=0.00s Real=0.02s
[553.289s][info][gc,start       ] GC(2538) Pause Young (Allocation Failure)
[553.290s][info][gc,heap        ] GC(2538) PSYoungGen: 116736K(232960K)->352K(232960K) Eden: 116736K(116736K)->0K(116736K) From: 0K(116224K)->352K(116224K)
[553.290s][info][gc,heap        ] GC(2538) ParOldGen: 5552K(699392K)->5552K(699392K)
[553.290s][info][gc,metaspace   ] GC(2538) Metaspace: 16630K(16960K)->16630K(16960K) NonClass: 14299K(14464K)->14299K(14464K) Class: 2331K(2496K)->2331K(2496K)
[553.290s][info][gc             ] GC(2538) Pause Young (Allocation Failure) 119M->5M(910M) 0.542ms
[553.290s][info][gc,cpu         ] GC(2538) User=0.00s Sys=0.00s Real=0.00s
[553.309s][info][gc,start       ] GC(2539) Pause Young (Allocation Failure)
[553.309s][info][gc,heap        ] GC(2539) PSYoungGen: 117088K(232960K)->224K(232960K) Eden: 116736K(116736K)->0K(116736K) From: 352K(116224K)->224K(116224K)
[553.309s][info][gc,heap        ] GC(2539) ParOldGen: 5552K(699392K)->5648K(699392K)
[553.309s][info][gc,metaspace   ] GC(2539) Metaspace: 16630K(16960K)->16630K(16960K) NonClass: 14299K(14464K)->14299K(14464K) Class: 2331K(2496K)->2331K(2496K)
[553.309s][info][gc             ] GC(2539) Pause Young (Allocation Failure) 119M->5M(910M) 0.498ms
[553.309s][info][gc,cpu         ] GC(2539) User=0.00s Sys=0.00s Real=0.00s
[553.328s][info][gc,start       ] GC(2540) Pause Young (Allocation Failure)
[553.329s][info][gc,heap        ] GC(2540) PSYoungGen: 116960K(232960K)->256K(232960K) Eden: 116736K(116736K)->0K(116736K) From: 224K(116224K)->256K(116224K)
[553.329s][info][gc,heap        ] GC(2540) ParOldGen: 5648K(699392K)->5688K(699392K)
[553.329s][info][gc,metaspace   ] GC(2540) Metaspace: 16630K(16960K)->16630K(16960K) NonClass: 14299K(14464K)->14299K(14464K) Class: 2331K(2496K)->2331K(2496K)
[553.329s][info][gc             ] GC(2540) Pause Young (Allocation Failure) 119M->5M(910M) 0.756ms
[553.329s][info][gc,cpu         ] GC(2540) User=0.00s Sys=0.00s Real=0.00s
[553.348s][info][gc,start       ] GC(2541) Pause Young (Allocation Failure)
[553.348s][info][gc,heap        ] GC(2541) PSYoungGen: 116992K(232960K)->224K(232960K) Eden: 116736K(116736K)->0K(116736K) From: 256K(116224K)->224K(116224K)
[553.348s][info][gc,heap        ] GC(2541) ParOldGen: 5688K(699392K)->5736K(699392K)
[553.348s][info][gc,metaspace   ] GC(2541) Metaspace: 16630K(16960K)->16630K(16960K) NonClass: 14299K(14464K)->14299K(14464K) Class: 2331K(2496K)->2331K(2496K)
[553.348s][info][gc             ] GC(2541) Pause Young (Allocation Failure) 119M->5M(910M) 0.422ms
[553.348s][info][gc,cpu         ] GC(2541) User=0.00s Sys=0.00s Real=0.00s
[553.366s][info][gc,start       ] GC(2542) Pause Young (Allocation Failure)
[553.367s][info][gc,heap        ] GC(2542) PSYoungGen: 116960K(232960K)->192K(232960K) Eden: 116736K(116736K)->0K(116736K) From: 224K(116224K)->192K(116224K)
[553.367s][info][gc,heap        ] GC(2542) ParOldGen: 5736K(699392K)->5784K(699392K)
[553.367s][info][gc,metaspace   ] GC(2542) Metaspace: 16630K(16960K)->16630K(16960K) NonClass: 14299K(14464K)->14299K(14464K) Class: 2331K(2496K)->2331K(2496K)
[553.367s][info][gc             ] GC(2542) Pause Young (Allocation Failure) 119M->5M(910M) 0.440ms
[553.367s][info][gc,cpu         ] GC(2542) User=0.00s Sys=0.00s Real=0.00s
[553.385s][info][gc,start       ] GC(2543) Pause Young (Allocation Failure)
[553.385s][info][gc,heap        ] GC(2543) PSYoungGen: 116928K(232960K)->256K(232960K) Eden: 116736K(116736K)->0K(116736K) From: 192K(116224K)->256K(116224K)
[553.385s][info][gc,heap        ] GC(2543) ParOldGen: 5784K(699392K)->5816K(699392K)
[553.385s][info][gc,metaspace   ] GC(2543) Metaspace: 16630K(16960K)->16630K(16960K) NonClass: 14299K(14464K)->14299K(14464K) Class: 2331K(2496K)->2331K(2496K)
[553.385s][info][gc             ] GC(2543) Pause Young (Allocation Failure) 119M->5M(910M) 0.460ms
[553.385s][info][gc,cpu         ] GC(2543) User=0.00s Sys=0.00s Real=0.00s
[553.405s][info][gc,start       ] GC(2544) Pause Young (Allocation Failure)
[553.406s][info][gc,heap        ] GC(2544) PSYoungGen: 116992K(232960K)->320K(232960K) Eden: 116736K(116736K)->0K(116736K) From: 256K(116224K)->320K(116224K)
[553.406s][info][gc,heap        ] GC(2544) ParOldGen: 5816K(699392K)->5864K(699392K)
[553.406s][info][gc,metaspace   ] GC(2544) Metaspace: 16630K(16960K)->16630K(16960K) NonClass: 14299K(14464K)->14299K(14464K) Class: 2331K(2496K)->2331K(2496K)
[553.406s][info][gc             ] GC(2544) Pause Young (Allocation Failure) 119M->6M(910M) 0.578ms
[553.406s][info][gc,cpu         ] GC(2544) User=0.00s Sys=0.00s Real=0.00s
[553.424s][info][gc,start       ] GC(2545) Pause Young (Allocation Failure)
[553.425s][info][gc,heap        ] GC(2545) PSYoungGen: 117056K(232960K)->224K(232960K) Eden: 116736K(116736K)->0K(116736K) From: 320K(116224K)->224K(116224K)
[553.425s][info][gc,heap        ] GC(2545) ParOldGen: 5864K(699392K)->5904K(699392K)
[553.425s][info][gc,metaspace   ] GC(2545) Metaspace: 16630K(16960K)->16630K(16960K) NonClass: 14299K(14464K)->14299K(14464K) Class: 2331K(2496K)->2331K(2496K)
[553.425s][info][gc             ] GC(2545) Pause Young (Allocation Failure) 120M->5M(910M) 0.520ms
[553.425s][info][gc,cpu         ] GC(2545) User=0.00s Sys=0.00s Real=0.00s
[553.446s][info][gc,start       ] GC(2546) Pause Young (Allocation Failure)
[553.447s][info][gc,heap        ] GC(2546) PSYoungGen: 116960K(232960K)->320K(235520K) Eden: 116736K(116736K)->0K(119296K) From: 224K(116224K)->320K(116224K)
[553.447s][info][gc,heap        ] GC(2546) ParOldGen: 5904K(699392K)->5936K(699392K)
[553.447s][info][gc,metaspace   ] GC(2546) Metaspace: 16630K(16960K)->16630K(16960K) NonClass: 14299K(14464K)->14299K(14464K) Class: 2331K(2496K)->2331K(2496K)
[553.447s][info][gc             ] GC(2546) Pause Young (Allocation Failure) 119M->6M(913M) 0.562ms
[553.447s][info][gc,cpu         ] GC(2546) User=0.00s Sys=0.00s Real=0.00s
[553.466s][info][gc,start       ] GC(2547) Pause Young (Allocation Failure)
[553.467s][info][gc,heap        ] GC(2547) PSYoungGen: 119616K(235520K)->352K(232960K) Eden: 119296K(119296K)->0K(119296K) From: 320K(116224K)->352K(113664K)
[553.467s][info][gc,heap        ] GC(2547) ParOldGen: 5936K(699392K)->5936K(699392K)
[553.467s][info][gc,metaspace   ] GC(2547) Metaspace: 16630K(16960K)->16630K(16960K) NonClass: 14299K(14464K)->14299K(14464K) Class: 2331K(2496K)->2331K(2496K)
[553.467s][info][gc             ] GC(2547) Pause Young (Allocation Failure) 122M->6M(910M) 0.458ms
[553.467s][info][gc,cpu         ] GC(2547) User=0.00s Sys=0.00s Real=0.00s
[553.486s][info][gc,start       ] GC(2548) Pause Young (Allocation Failure)
[553.486s][info][gc,heap        ] GC(2548) PSYoungGen: 119648K(232960K)->352K(249344K) Eden: 119296K(119296K)->0K(142848K) From: 352K(113664K)->352K(106496K)
[553.486s][info][gc,heap        ] GC(2548) ParOldGen: 5936K(699392K)->5936K(699392K)
[553.486s][info][gc,metaspace   ] GC(2548) Metaspace: 16630K(16960K)->16630K(16960K) NonClass: 14299K(14464K)->14299K(14464K) Class: 2331K(2496K)->2331K(2496K)
[553.486s][info][gc             ] GC(2548) Pause Young (Allocation Failure) 122M->6M(926M) 0.427ms
[553.486s][info][gc,cpu         ] GC(2548) User=0.00s Sys=0.00s Real=0.00s
[553.509s][info][gc,start       ] GC(2549) Pause Young (Allocation Failure)
[553.509s][info][gc,heap        ] GC(2549) PSYoungGen: 143200K(249344K)->352K(242688K) Eden: 142848K(142848K)->0K(142848K) From: 352K(106496K)->352K(99840K)
[553.509s][info][gc,heap        ] GC(2549) ParOldGen: 5936K(699392K)->5936K(699392K)
[553.509s][info][gc,metaspace   ] GC(2549) Metaspace: 16630K(16960K)->16630K(16960K) NonClass: 14299K(14464K)->14299K(14464K) Class: 2331K(2496K)->2331K(2496K)
[553.509s][info][gc             ] GC(2549) Pause Young (Allocation Failure) 145M->6M(920M) 0.490ms
[553.509s][info][gc,cpu         ] GC(2549) User=0.00s Sys=0.00s Real=0.00s
[553.532s][info][gc,start       ] GC(2550) Pause Young (Allocation Failure)
[553.532s][info][gc,heap        ] GC(2550) PSYoungGen: 143200K(242688K)->352K(262144K) Eden: 142848K(142848K)->0K(168960K) From: 352K(99840K)->352K(93184K)
[553.532s][info][gc,heap        ] GC(2550) ParOldGen: 5936K(699392K)->5936K(699392K)
[553.532s][info][gc,metaspace   ] GC(2550) Metaspace: 16630K(16960K)->16630K(16960K) NonClass: 14299K(14464K)->14299K(14464K) Class: 2331K(2496K)->2331K(2496K)
[553.532s][info][gc             ] GC(2550) Pause Young (Allocation Failure) 145M->6M(939M) 0.418ms
[553.532s][info][gc,cpu         ] GC(2550) User=0.00s Sys=0.00s Real=0.00s
[553.559s][info][gc,start       ] GC(2551) Pause Young (Allocation Failure)
[553.559s][info][gc,heap        ] GC(2551) PSYoungGen: 169312K(262144K)->352K(256000K) Eden: 168960K(168960K)->0K(168960K) From: 352K(93184K)->352K(87040K)
[553.559s][info][gc,heap        ] GC(2551) ParOldGen: 5936K(699392K)->5936K(699392K)
[553.559s][info][gc,metaspace   ] GC(2551) Metaspace: 16630K(16960K)->16630K(16960K) NonClass: 14299K(14464K)->14299K(14464K) Class: 2331K(2496K)->2331K(2496K)
[553.559s][info][gc             ] GC(2551) Pause Young (Allocation Failure) 171M->6M(933M) 0.565ms
[553.559s][info][gc,cpu         ] GC(2551) User=0.00s Sys=0.00s Real=0.00s
[553.585s][info][gc,start       ] GC(2552) Pause Young (Allocation Failure)
[553.586s][info][gc,heap        ] GC(2552) PSYoungGen: 169312K(256000K)->352K(273408K) Eden: 168960K(168960K)->0K(192000K) From: 352K(87040K)->352K(81408K)
[553.586s][info][gc,heap        ] GC(2552) ParOldGen: 5936K(699392K)->5936K(699392K)
[553.586s][info][gc,metaspace   ] GC(2552) Metaspace: 16630K(16960K)->16630K(16960K) NonClass: 14299K(14464K)->14299K(14464K) Class: 2331K(2496K)->2331K(2496K)
[553.586s][info][gc             ] GC(2552) Pause Young (Allocation Failure) 171M->6M(950M) 0.475ms
[553.586s][info][gc,cpu         ] GC(2552) User=0.00s Sys=0.00s Real=0.00s
[553.616s][info][gc,start       ] GC(2553) Pause Young (Allocation Failure)
[553.617s][info][gc,heap        ] GC(2553) PSYoungGen: 192352K(273408K)->288K(267776K) Eden: 192000K(192000K)->0K(192000K) From: 352K(81408K)->288K(75776K)
[553.617s][info][gc,heap        ] GC(2553) ParOldGen: 5936K(699392K)->5936K(699392K)
[553.617s][info][gc,metaspace   ] GC(2553) Metaspace: 16630K(16960K)->16630K(16960K) NonClass: 14299K(14464K)->14299K(14464K) Class: 2331K(2496K)->2331K(2496K)
[553.617s][info][gc             ] GC(2553) Pause Young (Allocation Failure) 193M->6M(944M) 0.514ms
[553.617s][info][gc,cpu         ] GC(2553) User=0.00s Sys=0.00s Real=0.00s
[553.648s][info][gc,start       ] GC(2554) Pause Young (Allocation Failure)
[553.648s][info][gc,heap        ] GC(2554) PSYoungGen: 192288K(267776K)->352K(283648K) Eden: 192000K(192000K)->0K(212992K) From: 288K(75776K)->352K(70656K)
[553.648s][info][gc,heap        ] GC(2554) ParOldGen: 5936K(699392K)->5936K(699392K)
[553.648s][info][gc,metaspace   ] GC(2554) Metaspace: 16630K(16960K)->16630K(16960K) NonClass: 14299K(14464K)->14299K(14464K) Class: 2331K(2496K)->2331K(2496K)
[553.648s][info][gc             ] GC(2554) Pause Young (Allocation Failure) 193M->6M(960M) 0.462ms
[553.648s][info][gc,cpu         ] GC(2554) User=0.00s Sys=0.00s Real=0.00s
[553.687s][info][gc,start       ] GC(2555) Pause Young (Allocation Failure)
[553.688s][info][gc,heap        ] GC(2555) PSYoungGen: 213344K(283648K)->384K(278528K) Eden: 212992K(212992K)->0K(212992K) From: 352K(70656K)->384K(65536K)
[553.688s][info][gc,heap        ] GC(2555) ParOldGen: 5936K(699392K)->5936K(699392K)
[553.688s][info][gc,metaspace   ] GC(2555) Metaspace: 16630K(16960K)->16630K(16960K) NonClass: 14299K(14464K)->14299K(14464K) Class: 2331K(2496K)->2331K(2496K)
[553.688s][info][gc             ] GC(2555) Pause Young (Allocation Failure) 214M->6M(955M) 0.405ms
[553.688s][info][gc,cpu         ] GC(2555) User=0.00s Sys=0.00s Real=0.00s
[553.723s][info][gc,start       ] GC(2556) Pause Young (Allocation Failure)
[553.724s][info][gc,heap        ] GC(2556) PSYoungGen: 213376K(278528K)->352K(292352K) Eden: 212992K(212992K)->0K(231424K) From: 384K(65536K)->352K(60928K)
[553.724s][info][gc,heap        ] GC(2556) ParOldGen: 5936K(699392K)->5936K(699392K)
[553.724s][info][gc,metaspace   ] GC(2556) Metaspace: 16630K(16960K)->16630K(16960K) NonClass: 14299K(14464K)->14299K(14464K) Class: 2331K(2496K)->2331K(2496K)
[553.724s][info][gc             ] GC(2556) Pause Young (Allocation Failure) 214M->6M(968M) 0.450ms
[553.724s][info][gc,cpu         ] GC(2556) User=0.00s Sys=0.00s Real=0.00s
[553.781s][info][gc,start       ] GC(2557) Pause Young (Allocation Failure)
[553.803s][info][gc,heap        ] GC(2557) PSYoungGen: 231776K(292352K)->53411K(285184K) Eden: 231424K(231424K)->0K(231424K) From: 352K(60928K)->53411K(53760K)
[553.803s][info][gc,heap        ] GC(2557) ParOldGen: 5936K(699392K)->5936K(699392K)
[553.803s][info][gc,metaspace   ] GC(2557) Metaspace: 16631K(16960K)->16631K(16960K) NonClass: 14300K(14464K)->14300K(14464K) Class: 2331K(2496K)->2331K(2496K)
[553.803s][info][gc             ] GC(2557) Pause Young (Allocation Failure) 232M->57M(961M) 21.648ms
[553.803s][info][gc,cpu         ] GC(2557) User=0.02s Sys=0.00s Real=0.02s
[553.964s][info][gc,start       ] GC(2558) Pause Young (Allocation Failure)
[554.071s][info][gc,heap        ] GC(2558) PSYoungGen: 284835K(285184K)->63971K(180736K) Eden: 231424K(231424K)->0K(116736K) From: 53411K(53760K)->63971K(64000K)
[554.071s][info][gc,heap        ] GC(2558) ParOldGen: 5936K(699392K)->150568K(699392K)
[554.071s][info][gc,metaspace   ] GC(2558) Metaspace: 16631K(16960K)->16631K(16960K) NonClass: 14300K(14464K)->14300K(14464K) Class: 2331K(2496K)->2331K(2496K)
[554.071s][info][gc             ] GC(2558) Pause Young (Allocation Failure) 283M->209M(859M) 106.615ms
[554.071s][info][gc,cpu         ] GC(2558) User=0.59s Sys=0.02s Real=0.11s
[554.150s][info][gc,start       ] GC(2559) Pause Young (Allocation Failure)
[554.220s][info][gc,heap        ] GC(2559) PSYoungGen: 180707K(180736K)->116195K(232960K) Eden: 116736K(116736K)->0K(116736K) From: 63971K(64000K)->116195K(116224K)
[554.220s][info][gc,heap        ] GC(2559) ParOldGen: 150568K(699392K)->179088K(699392K)
[554.220s][info][gc,metaspace   ] GC(2559) Metaspace: 16631K(16960K)->16631K(16960K) NonClass: 14300K(14464K)->14300K(14464K) Class: 2331K(2496K)->2331K(2496K)
[554.220s][info][gc             ] GC(2559) Pause Young (Allocation Failure) 323M->288M(910M) 70.252ms
[554.220s][info][gc,cpu         ] GC(2559) User=0.39s Sys=0.00s Real=0.08s
[554.306s][info][gc,start       ] GC(2560) Pause Young (Allocation Failure)
[554.404s][info][gc,heap        ] GC(2560) PSYoungGen: 232931K(232960K)->116195K(232960K) Eden: 116736K(116736K)->0K(116736K) From: 116195K(116224K)->116195K(116224K)
[554.404s][info][gc,heap        ] GC(2560) ParOldGen: 179088K(699392K)->259024K(699392K)
[554.404s][info][gc,metaspace   ] GC(2560) Metaspace: 16631K(16960K)->16631K(16960K) NonClass: 14300K(14464K)->14300K(14464K) Class: 2331K(2496K)->2331K(2496K)
[554.404s][info][gc             ] GC(2560) Pause Young (Allocation Failure) 402M->366M(910M) 97.837ms
[554.404s][info][gc,cpu         ] GC(2560) User=0.48s Sys=0.00s Real=0.09s
[554.525s][info][gc,start       ] GC(2561) Pause Young (Allocation Failure)
[554.632s][info][gc,heap        ] GC(2561) PSYoungGen: 232931K(232960K)->116195K(232960K) Eden: 116736K(116736K)->0K(116736K) From: 116195K(116224K)->116195K(116224K)
[554.632s][info][gc,heap        ] GC(2561) ParOldGen: 259024K(699392K)->334752K(699392K)
[554.632s][info][gc,metaspace   ] GC(2561) Metaspace: 16631K(16960K)->16631K(16960K) NonClass: 14300K(14464K)->14300K(14464K) Class: 2331K(2496K)->2331K(2496K)
[554.632s][info][gc             ] GC(2561) Pause Young (Allocation Failure) 480M->440M(910M) 107.140ms
[554.632s][info][gc,cpu         ] GC(2561) User=0.53s Sys=0.00s Real=0.11s
[557.541s][info][gc,start       ] GC(2562) Pause Young (Allocation Failure)
[557.618s][info][gc,heap        ] GC(2562) PSYoungGen: 232931K(232960K)->116195K(232960K) Eden: 116736K(116736K)->0K(116736K) From: 116195K(116224K)->116195K(116224K)
[557.618s][info][gc,heap        ] GC(2562) ParOldGen: 334752K(699392K)->347256K(699392K)
[557.618s][info][gc,metaspace   ] GC(2562) Metaspace: 16631K(16960K)->16631K(16960K) NonClass: 14300K(14464K)->14300K(14464K) Class: 2331K(2496K)->2331K(2496K)
[557.618s][info][gc             ] GC(2562) Pause Young (Allocation Failure) 554M->452M(910M) 77.024ms
[557.618s][info][gc,cpu         ] GC(2562) User=0.39s Sys=0.00s Real=0.08s
[557.671s][info][gc,start       ] GC(2563) Pause Young (Allocation Failure)
[557.756s][info][gc,heap        ] GC(2563) PSYoungGen: 232931K(232960K)->116224K(232960K) Eden: 116736K(116736K)->0K(116736K) From: 116195K(116224K)->116224K(116224K)
[557.756s][info][gc,heap        ] GC(2563) ParOldGen: 347256K(699392K)->398316K(699392K)
[557.756s][info][gc,metaspace   ] GC(2563) Metaspace: 16631K(16960K)->16631K(16960K) NonClass: 14300K(14464K)->14300K(14464K) Class: 2331K(2496K)->2331K(2496K)
[557.756s][info][gc             ] GC(2563) Pause Young (Allocation Failure) 566M->502M(910M) 84.983ms
[557.756s][info][gc,cpu         ] GC(2563) User=0.45s Sys=0.00s Real=0.09s
[557.812s][info][gc,start       ] GC(2564) Pause Young (Allocation Failure)
[557.882s][info][gc,heap        ] GC(2564) PSYoungGen: 232960K(232960K)->116224K(232960K) Eden: 116736K(116736K)->0K(116736K) From: 116224K(116224K)->116224K(116224K)
[557.882s][info][gc,heap        ] GC(2564) ParOldGen: 398316K(699392K)->448572K(699392K)
[557.882s][info][gc,metaspace   ] GC(2564) Metaspace: 16631K(16960K)->16631K(16960K) NonClass: 14300K(14464K)->14300K(14464K) Class: 2331K(2496K)->2331K(2496K)
[557.882s][info][gc             ] GC(2564) Pause Young (Allocation Failure) 616M->551M(910M) 70.655ms
[557.883s][info][gc,cpu         ] GC(2564) User=0.47s Sys=0.00s Real=0.08s
[557.940s][info][gc,start       ] GC(2565) Pause Young (Allocation Failure)
[558.017s][info][gc,heap        ] GC(2565) PSYoungGen: 232960K(232960K)->112000K(232960K) Eden: 116736K(116736K)->0K(116736K) From: 116224K(116224K)->112000K(116224K)
[558.017s][info][gc,heap        ] GC(2565) ParOldGen: 448572K(699392K)->502404K(699392K)
[558.017s][info][gc,metaspace   ] GC(2565) Metaspace: 16631K(16960K)->16631K(16960K) NonClass: 14300K(14464K)->14300K(14464K) Class: 2331K(2496K)->2331K(2496K)
[558.017s][info][gc             ] GC(2565) Pause Young (Allocation Failure) 665M->600M(910M) 77.331ms
[558.017s][info][gc,cpu         ] GC(2565) User=0.38s Sys=0.00s Real=0.06s
[558.075s][info][gc,start       ] GC(2566) Pause Young (Allocation Failure)
[558.147s][info][gc,heap        ] GC(2566) PSYoungGen: 228736K(232960K)->116224K(232960K) Eden: 116736K(116736K)->0K(116736K) From: 112000K(116224K)->116224K(116224K)
[558.147s][info][gc,heap        ] GC(2566) ParOldGen: 502404K(699392K)->546492K(699392K)
[558.147s][info][gc,metaspace   ] GC(2566) Metaspace: 16631K(16960K)->16631K(16960K) NonClass: 14300K(14464K)->14300K(14464K) Class: 2331K(2496K)->2331K(2496K)
[558.148s][info][gc             ] GC(2566) Pause Young (Allocation Failure) 714M->647M(910M) 72.340ms
[558.148s][info][gc,cpu         ] GC(2566) User=0.39s Sys=0.00s Real=0.08s
[558.205s][info][gc,start       ] GC(2567) Pause Young (Allocation Failure)
[558.278s][info][gc,heap        ] GC(2567) PSYoungGen: 232960K(232960K)->89440K(232960K) Eden: 116736K(116736K)->0K(116736K) From: 116224K(116224K)->89440K(116224K)
[558.278s][info][gc,heap        ] GC(2567) ParOldGen: 546492K(699392K)->622572K(699392K)
[558.278s][info][gc,metaspace   ] GC(2567) Metaspace: 16631K(16960K)->16631K(16960K) NonClass: 14300K(14464K)->14300K(14464K) Class: 2331K(2496K)->2331K(2496K)
[558.278s][info][gc             ] GC(2567) Pause Young (Allocation Failure) 761M->695M(910M) 72.768ms
[558.278s][info][gc,cpu         ] GC(2567) User=0.47s Sys=0.00s Real=0.08s
[558.338s][info][gc,start       ] GC(2568) Pause Full (Ergonomics)
[558.338s][info][gc,phases,start] GC(2568) Marking Phase
[558.416s][info][gc,phases      ] GC(2568) Marking Phase 78.495ms
[558.416s][info][gc,phases,start] GC(2568) Summary Phase
[558.416s][info][gc,phases      ] GC(2568) Summary Phase 0.023ms
[558.416s][info][gc,phases,start] GC(2568) Adjust Roots
[558.418s][info][gc,phases      ] GC(2568) Adjust Roots 1.792ms
[558.418s][info][gc,phases,start] GC(2568) Compaction Phase
[558.587s][info][gc,phases      ] GC(2568) Compaction Phase 168.876ms
[558.591s][info][gc,phases,start] GC(2568) Post Compact
[558.593s][info][gc,phases      ] GC(2568) Post Compact 1.954ms
[558.593s][info][gc,heap        ] GC(2568) PSYoungGen: 206176K(232960K)->0K(232960K) Eden: 116736K(116736K)->0K(116736K) From: 89440K(116224K)->0K(116224K)
[558.593s][info][gc,heap        ] GC(2568) ParOldGen: 622572K(699392K)->311991K(699392K)
[558.593s][info][gc,metaspace   ] GC(2568) Metaspace: 16631K(16960K)->16631K(16960K) NonClass: 14300K(14464K)->14300K(14464K) Class: 2331K(2496K)->2331K(2496K)
[558.593s][info][gc             ] GC(2568) Pause Full (Ergonomics) 809M->304M(910M) 255.476ms
[558.593s][info][gc,cpu         ] GC(2568) User=1.45s Sys=0.00s Real=0.26s
[558.653s][info][gc,start       ] GC(2569) Pause Young (Allocation Failure)
[558.676s][info][gc,heap        ] GC(2569) PSYoungGen: 116736K(232960K)->51008K(232960K) Eden: 116736K(116736K)->0K(116736K) From: 0K(116224K)->51008K(116224K)
[558.676s][info][gc,heap        ] GC(2569) ParOldGen: 311991K(699392K)->311991K(699392K)
[558.676s][info][gc,metaspace   ] GC(2569) Metaspace: 16631K(16960K)->16631K(16960K) NonClass: 14300K(14464K)->14300K(14464K) Class: 2331K(2496K)->2331K(2496K)
[558.676s][info][gc             ] GC(2569) Pause Young (Allocation Failure) 418M->354M(910M) 23.378ms
[558.676s][info][gc,cpu         ] GC(2569) User=0.09s Sys=0.00s Real=0.02s
[558.737s][info][gc,start       ] GC(2570) Pause Young (Allocation Failure)
[558.779s][info][gc,heap        ] GC(2570) PSYoungGen: 167744K(232960K)->51040K(232960K) Eden: 116736K(116736K)->0K(116736K) From: 51008K(116224K)->51040K(116224K)
[558.779s][info][gc,heap        ] GC(2570) ParOldGen: 311991K(699392K)->359999K(699392K)
[558.779s][info][gc,metaspace   ] GC(2570) Metaspace: 16631K(16960K)->16631K(16960K) NonClass: 14300K(14464K)->14300K(14464K) Class: 2331K(2496K)->2331K(2496K)
[558.779s][info][gc             ] GC(2570) Pause Young (Allocation Failure) 468M->401M(910M) 42.311ms
[558.779s][info][gc,cpu         ] GC(2570) User=0.17s Sys=0.00s Real=0.05s
[558.963s][info][gc,start       ] GC(2571) Pause Young (Allocation Failure)
[559.047s][info][gc,heap        ] GC(2571) PSYoungGen: 167776K(232960K)->84187K(232960K) Eden: 116736K(116736K)->0K(116736K) From: 51040K(116224K)->84187K(116224K)
[559.047s][info][gc,heap        ] GC(2571) ParOldGen: 359999K(699392K)->408927K(699392K)
[559.047s][info][gc,metaspace   ] GC(2571) Metaspace: 16631K(16960K)->16631K(16960K) NonClass: 14300K(14464K)->14300K(14464K) Class: 2331K(2496K)->2331K(2496K)
[559.047s][info][gc             ] GC(2571) Pause Young (Allocation Failure) 515M->481M(910M) 83.788ms
[559.047s][info][gc,cpu         ] GC(2571) User=0.47s Sys=0.00s Real=0.08s
[559.338s][info][gc,start       ] GC(2572) Pause Young (Allocation Failure)
[559.407s][info][gc,heap        ] GC(2572) PSYoungGen: 200923K(232960K)->4192K(232960K) Eden: 116736K(116736K)->0K(116736K) From: 84187K(116224K)->4192K(116224K)
[559.407s][info][gc,heap        ] GC(2572) ParOldGen: 408927K(699392K)->468034K(699392K)
[559.407s][info][gc,metaspace   ] GC(2572) Metaspace: 16631K(16960K)->16631K(16960K) NonClass: 14300K(14464K)->14300K(14464K) Class: 2331K(2496K)->2331K(2496K)
[559.407s][info][gc             ] GC(2572) Pause Young (Allocation Failure) 595M->461M(910M) 68.849ms
[559.407s][info][gc,cpu         ] GC(2572) User=0.28s Sys=0.00s Real=0.06s
[559.549s][info][gc,start       ] GC(2573) Pause Young (Allocation Failure)
[559.552s][info][gc,heap        ] GC(2573) PSYoungGen: 120928K(232960K)->3520K(232960K) Eden: 116736K(116736K)->0K(116736K) From: 4192K(116224K)->3520K(116224K)
[559.552s][info][gc,heap        ] GC(2573) ParOldGen: 468034K(699392K)->468546K(699392K)
[559.552s][info][gc,metaspace   ] GC(2573) Metaspace: 16631K(16960K)->16631K(16960K) NonClass: 14300K(14464K)->14300K(14464K) Class: 2331K(2496K)->2331K(2496K)
[559.552s][info][gc             ] GC(2573) Pause Young (Allocation Failure) 575M->461M(910M) 3.040ms
[559.552s][info][gc,cpu         ] GC(2573) User=0.00s Sys=0.00s Real=0.00s
[559.686s][info][gc,start       ] GC(2574) Pause Young (Allocation Failure)
[559.689s][info][gc,heap        ] GC(2574) PSYoungGen: 120256K(232960K)->2720K(232960K) Eden: 116736K(116736K)->0K(116736K) From: 3520K(116224K)->2720K(116224K)
[559.689s][info][gc,heap        ] GC(2574) ParOldGen: 468546K(699392K)->468770K(699392K)
[559.689s][info][gc,metaspace   ] GC(2574) Metaspace: 16631K(16960K)->16631K(16960K) NonClass: 14300K(14464K)->14300K(14464K) Class: 2331K(2496K)->2331K(2496K)
[559.689s][info][gc             ] GC(2574) Pause Young (Allocation Failure) 575M->460M(910M) 2.555ms
[559.689s][info][gc,cpu         ] GC(2574) User=0.00s Sys=0.00s Real=0.00s
[559.817s][info][gc,start       ] GC(2575) Pause Young (Allocation Failure)
[559.819s][info][gc,heap        ] GC(2575) PSYoungGen: 119456K(232960K)->1728K(232960K) Eden: 116736K(116736K)->0K(116736K) From: 2720K(116224K)->1728K(116224K)
[559.819s][info][gc,heap        ] GC(2575) ParOldGen: 468770K(699392K)->468818K(699392K)
[559.819s][info][gc,metaspace   ] GC(2575) Metaspace: 16631K(16960K)->16631K(16960K) NonClass: 14300K(14464K)->14300K(14464K) Class: 2331K(2496K)->2331K(2496K)
[559.819s][info][gc             ] GC(2575) Pause Young (Allocation Failure) 574M->459M(910M) 2.038ms
[559.819s][info][gc,cpu         ] GC(2575) User=0.00s Sys=0.00s Real=0.00s
[560.400s][info][gc,start       ] GC(2576) Pause Young (Allocation Failure)
[560.402s][info][gc,heap        ] GC(2576) PSYoungGen: 118464K(232960K)->2176K(232960K) Eden: 116736K(116736K)->0K(116736K) From: 1728K(116224K)->2176K(116224K)
[560.402s][info][gc,heap        ] GC(2576) ParOldGen: 468818K(699392K)->468818K(699392K)
[560.402s][info][gc,metaspace   ] GC(2576) Metaspace: 16631K(16960K)->16631K(16960K) NonClass: 14300K(14464K)->14300K(14464K) Class: 2331K(2496K)->2331K(2496K)
[560.402s][info][gc             ] GC(2576) Pause Young (Allocation Failure) 573M->459M(910M) 2.474ms
[560.402s][info][gc,cpu         ] GC(2576) User=0.00s Sys=0.00s Real=0.00s
[560.604s][info][gc,start       ] GC(2577) Pause Young (System.gc())
[560.605s][info][gc,heap        ] GC(2577) PSYoungGen: 30541K(232960K)->64K(232960K) Eden: 28365K(116736K)->0K(116736K) From: 2176K(116224K)->64K(116224K)
[560.605s][info][gc,heap        ] GC(2577) ParOldGen: 468818K(699392K)->468850K(699392K)
[560.605s][info][gc,metaspace   ] GC(2577) Metaspace: 16631K(16960K)->16631K(16960K) NonClass: 14300K(14464K)->14300K(14464K) Class: 2331K(2496K)->2331K(2496K)
[560.605s][info][gc             ] GC(2577) Pause Young (System.gc()) 487M->457M(910M) 1.148ms
[560.605s][info][gc,cpu         ] GC(2577) User=0.00s Sys=0.00s Real=0.00s
[560.605s][info][gc,start       ] GC(2578) Pause Full (System.gc())
[560.605s][info][gc,phases,start] GC(2578) Marking Phase
[560.610s][info][gc,phases      ] GC(2578) Marking Phase 4.779ms
[560.610s][info][gc,phases,start] GC(2578) Summary Phase
[560.610s][info][gc,phases      ] GC(2578) Summary Phase 0.011ms
[560.610s][info][gc,phases,start] GC(2578) Adjust Roots
[560.613s][info][gc,phases      ] GC(2578) Adjust Roots 2.514ms
[560.613s][info][gc,phases,start] GC(2578) Compaction Phase
[560.614s][info][gc,phases      ] GC(2578) Compaction Phase 1.363ms
[560.614s][info][gc,phases,start] GC(2578) Post Compact
[560.616s][info][gc,phases      ] GC(2578) Post Compact 1.696ms
[560.616s][info][gc,heap        ] GC(2578) PSYoungGen: 64K(232960K)->0K(232960K) Eden: 0K(116736K)->0K(116736K) From: 64K(116224K)->0K(116224K)
[560.616s][info][gc,heap        ] GC(2578) ParOldGen: 468850K(699392K)->5552K(699392K)
[560.616s][info][gc,metaspace   ] GC(2578) Metaspace: 16631K(16960K)->16631K(16960K) NonClass: 14300K(14464K)->14300K(14464K) Class: 2331K(2496K)->2331K(2496K)
[560.616s][info][gc             ] GC(2578) Pause Full (System.gc()) 457M->5M(910M) 10.604ms
[560.616s][info][gc,cpu         ] GC(2578) User=0.00s Sys=0.00s Real=0.02s
[561.900s][info][gc,start       ] GC(2579) Pause Young (Allocation Failure)
[561.901s][info][gc,heap        ] GC(2579) PSYoungGen: 116736K(232960K)->352K(232960K) Eden: 116736K(116736K)->0K(116736K) From: 0K(116224K)->352K(116224K)
[561.901s][info][gc,heap        ] GC(2579) ParOldGen: 5552K(699392K)->5552K(699392K)
[561.901s][info][gc,metaspace   ] GC(2579) Metaspace: 16631K(16960K)->16631K(16960K) NonClass: 14300K(14464K)->14300K(14464K) Class: 2331K(2496K)->2331K(2496K)
[561.901s][info][gc             ] GC(2579) Pause Young (Allocation Failure) 119M->5M(910M) 0.509ms
[561.901s][info][gc,cpu         ] GC(2579) User=0.00s Sys=0.00s Real=0.00s
[561.920s][info][gc,start       ] GC(2580) Pause Young (Allocation Failure)
[561.920s][info][gc,heap        ] GC(2580) PSYoungGen: 117088K(232960K)->288K(232960K) Eden: 116736K(116736K)->0K(116736K) From: 352K(116224K)->288K(116224K)
[561.921s][info][gc,heap        ] GC(2580) ParOldGen: 5552K(699392K)->5648K(699392K)
[561.921s][info][gc,metaspace   ] GC(2580) Metaspace: 16631K(16960K)->16631K(16960K) NonClass: 14300K(14464K)->14300K(14464K) Class: 2331K(2496K)->2331K(2496K)
[561.921s][info][gc             ] GC(2580) Pause Young (Allocation Failure) 119M->5M(910M) 0.765ms
[561.921s][info][gc,cpu         ] GC(2580) User=0.00s Sys=0.00s Real=0.00s
[561.940s][info][gc,start       ] GC(2581) Pause Young (Allocation Failure)
[561.940s][info][gc,heap        ] GC(2581) PSYoungGen: 117024K(232960K)->288K(232960K) Eden: 116736K(116736K)->0K(116736K) From: 288K(116224K)->288K(116224K)
[561.940s][info][gc,heap        ] GC(2581) ParOldGen: 5648K(699392K)->5688K(699392K)
[561.940s][info][gc,metaspace   ] GC(2581) Metaspace: 16631K(16960K)->16631K(16960K) NonClass: 14300K(14464K)->14300K(14464K) Class: 2331K(2496K)->2331K(2496K)
[561.940s][info][gc             ] GC(2581) Pause Young (Allocation Failure) 119M->5M(910M) 0.400ms
[561.940s][info][gc,cpu         ] GC(2581) User=0.00s Sys=0.00s Real=0.00s
[561.959s][info][gc,start       ] GC(2582) Pause Young (Allocation Failure)
[561.959s][info][gc,heap        ] GC(2582) PSYoungGen: 117024K(232960K)->352K(232960K) Eden: 116736K(116736K)->0K(116736K) From: 288K(116224K)->352K(116224K)
[561.959s][info][gc,heap        ] GC(2582) ParOldGen: 5688K(699392K)->5736K(699392K)
[561.959s][info][gc,metaspace   ] GC(2582) Metaspace: 16631K(16960K)->16631K(16960K) NonClass: 14300K(14464K)->14300K(14464K) Class: 2331K(2496K)->2331K(2496K)
[561.959s][info][gc             ] GC(2582) Pause Young (Allocation Failure) 119M->5M(910M) 0.532ms
[561.959s][info][gc,cpu         ] GC(2582) User=0.00s Sys=0.00s Real=0.00s
[561.978s][info][gc,start       ] GC(2583) Pause Young (Allocation Failure)
[561.978s][info][gc,heap        ] GC(2583) PSYoungGen: 117088K(232960K)->224K(232960K) Eden: 116736K(116736K)->0K(116736K) From: 352K(116224K)->224K(116224K)
[561.978s][info][gc,heap        ] GC(2583) ParOldGen: 5736K(699392K)->5792K(699392K)
[561.978s][info][gc,metaspace   ] GC(2583) Metaspace: 16631K(16960K)->16631K(16960K) NonClass: 14300K(14464K)->14300K(14464K) Class: 2331K(2496K)->2331K(2496K)
[561.978s][info][gc             ] GC(2583) Pause Young (Allocation Failure) 119M->5M(910M) 0.413ms
[561.978s][info][gc,cpu         ] GC(2583) User=0.00s Sys=0.00s Real=0.00s
[561.997s][info][gc,start       ] GC(2584) Pause Young (Allocation Failure)
[561.998s][info][gc,heap        ] GC(2584) PSYoungGen: 116960K(232960K)->320K(232960K) Eden: 116736K(116736K)->0K(116736K) From: 224K(116224K)->320K(116224K)
[561.998s][info][gc,heap        ] GC(2584) ParOldGen: 5792K(699392K)->5816K(699392K)
[561.998s][info][gc,metaspace   ] GC(2584) Metaspace: 16631K(16960K)->16631K(16960K) NonClass: 14300K(14464K)->14300K(14464K) Class: 2331K(2496K)->2331K(2496K)
[561.998s][info][gc             ] GC(2584) Pause Young (Allocation Failure) 119M->5M(910M) 0.462ms
[561.998s][info][gc,cpu         ] GC(2584) User=0.00s Sys=0.00s Real=0.00s
[562.016s][info][gc,start       ] GC(2585) Pause Young (Allocation Failure)
[562.017s][info][gc,heap        ] GC(2585) PSYoungGen: 117056K(232960K)->288K(232960K) Eden: 116736K(116736K)->0K(116736K) From: 320K(116224K)->288K(116224K)
[562.017s][info][gc,heap        ] GC(2585) ParOldGen: 5816K(699392K)->5872K(699392K)
[562.017s][info][gc,metaspace   ] GC(2585) Metaspace: 16631K(16960K)->16631K(16960K) NonClass: 14300K(14464K)->14300K(14464K) Class: 2331K(2496K)->2331K(2496K)
[562.017s][info][gc             ] GC(2585) Pause Young (Allocation Failure) 119M->6M(910M) 0.480ms
[562.017s][info][gc,cpu         ] GC(2585) User=0.00s Sys=0.00s Real=0.00s
[562.035s][info][gc,start       ] GC(2586) Pause Young (Allocation Failure)
[562.036s][info][gc,heap        ] GC(2586) PSYoungGen: 117024K(232960K)->288K(232960K) Eden: 116736K(116736K)->0K(116736K) From: 288K(116224K)->288K(116224K)
[562.036s][info][gc,heap        ] GC(2586) ParOldGen: 5872K(699392K)->5920K(699392K)
[562.036s][info][gc,metaspace   ] GC(2586) Metaspace: 16631K(16960K)->16631K(16960K) NonClass: 14300K(14464K)->14300K(14464K) Class: 2331K(2496K)->2331K(2496K)
[562.036s][info][gc             ] GC(2586) Pause Young (Allocation Failure) 120M->6M(910M) 0.504ms
[562.036s][info][gc,cpu         ] GC(2586) User=0.00s Sys=0.00s Real=0.00s
[562.054s][info][gc,start       ] GC(2587) Pause Young (Allocation Failure)
[562.054s][info][gc,heap        ] GC(2587) PSYoungGen: 117024K(232960K)->352K(232960K) Eden: 116736K(116736K)->0K(116736K) From: 288K(116224K)->352K(116224K)
[562.054s][info][gc,heap        ] GC(2587) ParOldGen: 5920K(699392K)->5944K(699392K)
[562.054s][info][gc,metaspace   ] GC(2587) Metaspace: 16631K(16960K)->16631K(16960K) NonClass: 14300K(14464K)->14300K(14464K) Class: 2331K(2496K)->2331K(2496K)
[562.055s][info][gc             ] GC(2587) Pause Young (Allocation Failure) 120M->6M(910M) 0.505ms
[562.055s][info][gc,cpu         ] GC(2587) User=0.00s Sys=0.00s Real=0.00s
[562.073s][info][gc,start       ] GC(2588) Pause Young (Allocation Failure)
[562.073s][info][gc,heap        ] GC(2588) PSYoungGen: 117088K(232960K)->192K(232960K) Eden: 116736K(116736K)->0K(116736K) From: 352K(116224K)->192K(116224K)
[562.073s][info][gc,heap        ] GC(2588) ParOldGen: 5944K(699392K)->6016K(699392K)
[562.073s][info][gc,metaspace   ] GC(2588) Metaspace: 16631K(16960K)->16631K(16960K) NonClass: 14300K(14464K)->14300K(14464K) Class: 2331K(2496K)->2331K(2496K)
[562.073s][info][gc             ] GC(2588) Pause Young (Allocation Failure) 120M->6M(910M) 0.404ms
[562.073s][info][gc,cpu         ] GC(2588) User=0.00s Sys=0.00s Real=0.00s
[562.091s][info][gc,start       ] GC(2589) Pause Young (Allocation Failure)
[562.092s][info][gc,heap        ] GC(2589) PSYoungGen: 116928K(232960K)->224K(232960K) Eden: 116736K(116736K)->0K(116736K) From: 192K(116224K)->224K(116224K)
[562.092s][info][gc,heap        ] GC(2589) ParOldGen: 6016K(699392K)->6040K(699392K)
[562.092s][info][gc,metaspace   ] GC(2589) Metaspace: 16631K(16960K)->16631K(16960K) NonClass: 14300K(14464K)->14300K(14464K) Class: 2331K(2496K)->2331K(2496K)
[562.092s][info][gc             ] GC(2589) Pause Young (Allocation Failure) 120M->6M(910M) 0.435ms
[562.092s][info][gc,cpu         ] GC(2589) User=0.00s Sys=0.00s Real=0.00s
[562.111s][info][gc,start       ] GC(2590) Pause Young (Allocation Failure)
[562.111s][info][gc,heap        ] GC(2590) PSYoungGen: 116960K(232960K)->320K(232960K) Eden: 116736K(116736K)->0K(116736K) From: 224K(116224K)->320K(116224K)
[562.111s][info][gc,heap        ] GC(2590) ParOldGen: 6040K(699392K)->6040K(699392K)
[562.111s][info][gc,metaspace   ] GC(2590) Metaspace: 16631K(16960K)->16631K(16960K) NonClass: 14300K(14464K)->14300K(14464K) Class: 2331K(2496K)->2331K(2496K)
[562.111s][info][gc             ] GC(2590) Pause Young (Allocation Failure) 120M->6M(910M) 0.433ms
[562.111s][info][gc,cpu         ] GC(2590) User=0.00s Sys=0.00s Real=0.00s
[562.130s][info][gc,start       ] GC(2591) Pause Young (Allocation Failure)
[562.130s][info][gc,heap        ] GC(2591) PSYoungGen: 117056K(232960K)->256K(247296K) Eden: 116736K(116736K)->0K(138240K) From: 320K(116224K)->256K(109056K)
[562.130s][info][gc,heap        ] GC(2591) ParOldGen: 6040K(699392K)->6040K(699392K)
[562.130s][info][gc,metaspace   ] GC(2591) Metaspace: 16631K(16960K)->16631K(16960K) NonClass: 14300K(14464K)->14300K(14464K) Class: 2331K(2496K)->2331K(2496K)
[562.130s][info][gc             ] GC(2591) Pause Young (Allocation Failure) 120M->6M(924M) 0.445ms
[562.130s][info][gc,cpu         ] GC(2591) User=0.00s Sys=0.00s Real=0.00s
[562.151s][info][gc,start       ] GC(2592) Pause Young (Allocation Failure)
[562.151s][info][gc,heap        ] GC(2592) PSYoungGen: 138496K(247296K)->384K(240128K) Eden: 138240K(138240K)->0K(138240K) From: 256K(109056K)->384K(101888K)
[562.151s][info][gc,heap        ] GC(2592) ParOldGen: 6040K(699392K)->6040K(699392K)
[562.151s][info][gc,metaspace   ] GC(2592) Metaspace: 16631K(16960K)->16631K(16960K) NonClass: 14300K(14464K)->14300K(14464K) Class: 2331K(2496K)->2331K(2496K)
[562.151s][info][gc             ] GC(2592) Pause Young (Allocation Failure) 141M->6M(917M) 0.437ms
[562.151s][info][gc,cpu         ] GC(2592) User=0.00s Sys=0.00s Real=0.00s
[562.173s][info][gc,start       ] GC(2593) Pause Young (Allocation Failure)
[562.173s][info][gc,heap        ] GC(2593) PSYoungGen: 138624K(240128K)->288K(260608K) Eden: 138240K(138240K)->0K(165376K) From: 384K(101888K)->288K(95232K)
[562.173s][info][gc,heap        ] GC(2593) ParOldGen: 6040K(699392K)->6040K(699392K)
[562.173s][info][gc,metaspace   ] GC(2593) Metaspace: 16631K(16960K)->16631K(16960K) NonClass: 14300K(14464K)->14300K(14464K) Class: 2331K(2496K)->2331K(2496K)
[562.173s][info][gc             ] GC(2593) Pause Young (Allocation Failure) 141M->6M(937M) 0.434ms
[562.173s][info][gc,cpu         ] GC(2593) User=0.00s Sys=0.00s Real=0.00s
[562.199s][info][gc,start       ] GC(2594) Pause Young (Allocation Failure)
[562.199s][info][gc,heap        ] GC(2594) PSYoungGen: 165664K(260608K)->320K(253952K) Eden: 165376K(165376K)->0K(165376K) From: 288K(95232K)->320K(88576K)
[562.199s][info][gc,heap        ] GC(2594) ParOldGen: 6040K(699392K)->6040K(699392K)
[562.199s][info][gc,metaspace   ] GC(2594) Metaspace: 16631K(16960K)->16631K(16960K) NonClass: 14300K(14464K)->14300K(14464K) Class: 2331K(2496K)->2331K(2496K)
[562.199s][info][gc             ] GC(2594) Pause Young (Allocation Failure) 167M->6M(931M) 0.486ms
[562.199s][info][gc,cpu         ] GC(2594) User=0.00s Sys=0.00s Real=0.00s
[562.225s][info][gc,start       ] GC(2595) Pause Young (Allocation Failure)
[562.225s][info][gc,heap        ] GC(2595) PSYoungGen: 165696K(253952K)->352K(272384K) Eden: 165376K(165376K)->0K(189952K) From: 320K(88576K)->352K(82432K)
[562.225s][info][gc,heap        ] GC(2595) ParOldGen: 6040K(699392K)->6040K(699392K)
[562.225s][info][gc,metaspace   ] GC(2595) Metaspace: 16631K(16960K)->16631K(16960K) NonClass: 14300K(14464K)->14300K(14464K) Class: 2331K(2496K)->2331K(2496K)
[562.225s][info][gc             ] GC(2595) Pause Young (Allocation Failure) 167M->6M(949M) 0.468ms
[562.225s][info][gc,cpu         ] GC(2595) User=0.00s Sys=0.00s Real=0.00s
[562.258s][info][gc,start       ] GC(2596) Pause Young (Allocation Failure)
[562.258s][info][gc,heap        ] GC(2596) PSYoungGen: 190304K(272384K)->320K(266752K) Eden: 189952K(189952K)->0K(189952K) From: 352K(82432K)->320K(76800K)
[562.258s][info][gc,heap        ] GC(2596) ParOldGen: 6040K(699392K)->6040K(699392K)
[562.258s][info][gc,metaspace   ] GC(2596) Metaspace: 16631K(16960K)->16631K(16960K) NonClass: 14300K(14464K)->14300K(14464K) Class: 2331K(2496K)->2331K(2496K)
[562.258s][info][gc             ] GC(2596) Pause Young (Allocation Failure) 191M->6M(943M) 0.516ms
[562.258s][info][gc,cpu         ] GC(2596) User=0.02s Sys=0.00s Real=0.01s
[562.287s][info][gc,start       ] GC(2597) Pause Young (Allocation Failure)
[562.288s][info][gc,heap        ] GC(2597) PSYoungGen: 190272K(266752K)->352K(283136K) Eden: 189952K(189952K)->0K(211968K) From: 320K(76800K)->352K(71168K)
[562.288s][info][gc,heap        ] GC(2597) ParOldGen: 6040K(699392K)->6040K(699392K)
[562.288s][info][gc,metaspace   ] GC(2597) Metaspace: 16631K(16960K)->16631K(16960K) NonClass: 14300K(14464K)->14300K(14464K) Class: 2331K(2496K)->2331K(2496K)
[562.288s][info][gc             ] GC(2597) Pause Young (Allocation Failure) 191M->6M(959M) 0.443ms
[562.288s][info][gc,cpu         ] GC(2597) User=0.00s Sys=0.00s Real=0.00s
[562.324s][info][gc,start       ] GC(2598) Pause Young (Allocation Failure)
[562.325s][info][gc,heap        ] GC(2598) PSYoungGen: 212320K(283136K)->288K(278016K) Eden: 211968K(211968K)->0K(211968K) From: 352K(71168K)->288K(66048K)
[562.325s][info][gc,heap        ] GC(2598) ParOldGen: 6040K(699392K)->6040K(699392K)
[562.325s][info][gc,metaspace   ] GC(2598) Metaspace: 16631K(16960K)->16631K(16960K) NonClass: 14300K(14464K)->14300K(14464K) Class: 2331K(2496K)->2331K(2496K)
[562.325s][info][gc             ] GC(2598) Pause Young (Allocation Failure) 213M->6M(954M) 0.458ms
[562.325s][info][gc,cpu         ] GC(2598) User=0.00s Sys=0.00s Real=0.00s
[562.371s][info][gc,start       ] GC(2599) Pause Young (Allocation Failure)
[562.385s][info][gc,heap        ] GC(2599) PSYoungGen: 212256K(278016K)->37091K(275456K) Eden: 211968K(211968K)->0K(214016K) From: 288K(66048K)->37091K(61440K)
[562.385s][info][gc,heap        ] GC(2599) ParOldGen: 6040K(699392K)->6040K(699392K)
[562.385s][info][gc,metaspace   ] GC(2599) Metaspace: 16631K(16960K)->16631K(16960K) NonClass: 14300K(14464K)->14300K(14464K) Class: 2331K(2496K)->2331K(2496K)
[562.385s][info][gc             ] GC(2599) Pause Young (Allocation Failure) 213M->42M(952M) 13.733ms
[562.385s][info][gc,cpu         ] GC(2599) User=0.02s Sys=0.00s Real=0.01s
[562.532s][info][gc,start       ] GC(2600) Pause Young (Allocation Failure)
[562.628s][info][gc,heap        ] GC(2600) PSYoungGen: 251107K(275456K)->67555K(281600K) Eden: 214016K(214016K)->0K(214016K) From: 37091K(61440K)->67555K(67584K)
[562.628s][info][gc,heap        ] GC(2600) ParOldGen: 6040K(699392K)->118208K(699392K)
[562.628s][info][gc,metaspace   ] GC(2600) Metaspace: 16631K(16960K)->16631K(16960K) NonClass: 14300K(14464K)->14300K(14464K) Class: 2331K(2496K)->2331K(2496K)
[562.628s][info][gc             ] GC(2600) Pause Young (Allocation Failure) 251M->181M(958M) 96.010ms
[562.628s][info][gc,cpu         ] GC(2600) User=0.48s Sys=0.00s Real=0.09s
[562.790s][info][gc,start       ] GC(2601) Pause Young (Allocation Failure)
[562.906s][info][gc,heap        ] GC(2601) PSYoungGen: 281571K(281600K)->67555K(184320K) Eden: 214016K(214016K)->0K(116736K) From: 67555K(67584K)->67555K(67584K)
[562.906s][info][gc,heap        ] GC(2601) ParOldGen: 118208K(699392K)->265824K(699392K)
[562.906s][info][gc,metaspace   ] GC(2601) Metaspace: 16631K(16960K)->16631K(16960K) NonClass: 14300K(14464K)->14300K(14464K) Class: 2331K(2496K)->2331K(2496K)
[562.906s][info][gc             ] GC(2601) Pause Young (Allocation Failure) 390M->325M(863M) 115.706ms
[562.906s][info][gc,cpu         ] GC(2601) User=0.75s Sys=0.00s Real=0.13s
[562.995s][info][gc,start       ] GC(2602) Pause Young (Allocation Failure)
[563.070s][info][gc,heap        ] GC(2602) PSYoungGen: 184291K(184320K)->116195K(232960K) Eden: 116736K(116736K)->0K(116736K) From: 67555K(67584K)->116195K(116224K)
[563.070s][info][gc,heap        ] GC(2602) ParOldGen: 265824K(699392K)->298120K(699392K)
[563.070s][info][gc,metaspace   ] GC(2602) Metaspace: 16631K(16960K)->16631K(16960K) NonClass: 14300K(14464K)->14300K(14464K) Class: 2331K(2496K)->2331K(2496K)
[563.070s][info][gc             ] GC(2602) Pause Young (Allocation Failure) 439M->404M(910M) 74.928ms
[563.070s][info][gc,cpu         ] GC(2602) User=0.45s Sys=0.00s Real=0.08s
[563.303s][info][gc,start       ] GC(2603) Pause Young (Allocation Failure)
[563.410s][info][gc,heap        ] GC(2603) PSYoungGen: 232931K(232960K)->116195K(232960K) Eden: 116736K(116736K)->0K(116736K) From: 116195K(116224K)->116195K(116224K)
[563.410s][info][gc,heap        ] GC(2603) ParOldGen: 298120K(699392K)->332561K(699392K)
[563.410s][info][gc,metaspace   ] GC(2603) Metaspace: 16631K(16960K)->16631K(16960K) NonClass: 14300K(14464K)->14300K(14464K) Class: 2331K(2496K)->2331K(2496K)
[563.410s][info][gc             ] GC(2603) Pause Young (Allocation Failure) 518M->438M(910M) 106.811ms
[563.410s][info][gc,cpu         ] GC(2603) User=0.38s Sys=0.02s Real=0.11s
[565.843s][info][gc,start       ] GC(2604) Pause Young (Allocation Failure)
[565.925s][info][gc,heap        ] GC(2604) PSYoungGen: 232931K(232960K)->116195K(232960K) Eden: 116736K(116736K)->0K(116736K) From: 116195K(116224K)->116195K(116224K)
[565.925s][info][gc,heap        ] GC(2604) ParOldGen: 332561K(699392K)->369289K(699392K)
[565.925s][info][gc,metaspace   ] GC(2604) Metaspace: 16631K(16960K)->16631K(16960K) NonClass: 14300K(14464K)->14300K(14464K) Class: 2331K(2496K)->2331K(2496K)
[565.925s][info][gc             ] GC(2604) Pause Young (Allocation Failure) 552M->474M(910M) 82.204ms
[565.925s][info][gc,cpu         ] GC(2604) User=0.45s Sys=0.00s Real=0.08s
[565.988s][info][gc,start       ] GC(2605) Pause Young (Allocation Failure)
[566.097s][info][gc,heap        ] GC(2605) PSYoungGen: 232931K(232960K)->116224K(232960K) Eden: 116736K(116736K)->0K(116736K) From: 116195K(116224K)->116224K(116224K)
[566.097s][info][gc,heap        ] GC(2605) ParOldGen: 369289K(699392K)->417899K(699392K)
[566.097s][info][gc,metaspace   ] GC(2605) Metaspace: 16631K(16960K)->16631K(16960K) NonClass: 14300K(14464K)->14300K(14464K) Class: 2331K(2496K)->2331K(2496K)
[566.097s][info][gc             ] GC(2605) Pause Young (Allocation Failure) 588M->521M(910M) 109.224ms
[566.097s][info][gc,cpu         ] GC(2605) User=0.47s Sys=0.00s Real=0.11s
[566.155s][info][gc,start       ] GC(2606) Pause Young (Allocation Failure)
[566.231s][info][gc,heap        ] GC(2606) PSYoungGen: 232960K(232960K)->116224K(232960K) Eden: 116736K(116736K)->0K(116736K) From: 116224K(116224K)->116224K(116224K)
[566.232s][info][gc,heap        ] GC(2606) ParOldGen: 417899K(699392K)->468131K(699392K)
[566.232s][info][gc,metaspace   ] GC(2606) Metaspace: 16631K(16960K)->16631K(16960K) NonClass: 14300K(14464K)->14300K(14464K) Class: 2331K(2496K)->2331K(2496K)
[566.232s][info][gc             ] GC(2606) Pause Young (Allocation Failure) 635M->570M(910M) 76.717ms
[566.232s][info][gc,cpu         ] GC(2606) User=0.31s Sys=0.00s Real=0.08s
[566.289s][info][gc,start       ] GC(2607) Pause Young (Allocation Failure)
[566.369s][info][gc,heap        ] GC(2607) PSYoungGen: 232960K(232960K)->116224K(232960K) Eden: 116736K(116736K)->0K(116736K) From: 116224K(116224K)->116224K(116224K)
[566.369s][info][gc,heap        ] GC(2607) ParOldGen: 468131K(699392K)->517171K(699392K)
[566.369s][info][gc,metaspace   ] GC(2607) Metaspace: 16631K(16960K)->16631K(16960K) NonClass: 14300K(14464K)->14300K(14464K) Class: 2331K(2496K)->2331K(2496K)
[566.369s][info][gc             ] GC(2607) Pause Young (Allocation Failure) 684M->618M(910M) 80.593ms
[566.369s][info][gc,cpu         ] GC(2607) User=0.39s Sys=0.00s Real=0.08s
[566.429s][info][gc,start       ] GC(2608) Pause Young (Allocation Failure)
[566.505s][info][gc,heap        ] GC(2608) PSYoungGen: 232960K(232960K)->89344K(232960K) Eden: 116736K(116736K)->0K(116736K) From: 116224K(116224K)->89344K(116224K)
[566.505s][info][gc,heap        ] GC(2608) ParOldGen: 517171K(699392K)->593371K(699392K)
[566.505s][info][gc,metaspace   ] GC(2608) Metaspace: 16631K(16960K)->16631K(16960K) NonClass: 14300K(14464K)->14300K(14464K) Class: 2331K(2496K)->2331K(2496K)
[566.505s][info][gc             ] GC(2608) Pause Young (Allocation Failure) 732M->666M(910M) 76.061ms
[566.505s][info][gc,cpu         ] GC(2608) User=0.38s Sys=0.00s Real=0.08s
[566.566s][info][gc,start       ] GC(2609) Pause Full (Ergonomics)
[566.566s][info][gc,phases,start] GC(2609) Marking Phase
[566.638s][info][gc,phases      ] GC(2609) Marking Phase 72.149ms
[566.638s][info][gc,phases,start] GC(2609) Summary Phase
[566.638s][info][gc,phases      ] GC(2609) Summary Phase 0.021ms
[566.638s][info][gc,phases,start] GC(2609) Adjust Roots
[566.640s][info][gc,phases      ] GC(2609) Adjust Roots 1.733ms
[566.640s][info][gc,phases,start] GC(2609) Compaction Phase
[566.801s][info][gc,phases      ] GC(2609) Compaction Phase 160.535ms
[566.801s][info][gc,phases,start] GC(2609) Post Compact
[566.802s][info][gc,phases      ] GC(2609) Post Compact 1.586ms
[566.802s][info][gc,heap        ] GC(2609) PSYoungGen: 206080K(232960K)->0K(232960K) Eden: 116736K(116736K)->0K(116736K) From: 89344K(116224K)->0K(116224K)
[566.802s][info][gc,heap        ] GC(2609) ParOldGen: 593371K(699392K)->287497K(699392K)
[566.802s][info][gc,metaspace   ] GC(2609) Metaspace: 16631K(16960K)->16631K(16960K) NonClass: 14300K(14464K)->14300K(14464K) Class: 2331K(2496K)->2331K(2496K)
[566.802s][info][gc             ] GC(2609) Pause Full (Ergonomics) 780M->280M(910M) 236.334ms
[566.802s][info][gc,cpu         ] GC(2609) User=1.23s Sys=0.00s Real=0.24s
[566.863s][info][gc,start       ] GC(2610) Pause Young (Allocation Failure)
[566.887s][info][gc,heap        ] GC(2610) PSYoungGen: 116736K(232960K)->50976K(232960K) Eden: 116736K(116736K)->0K(116736K) From: 0K(116224K)->50976K(116224K)
[566.887s][info][gc,heap        ] GC(2610) ParOldGen: 287497K(699392K)->287497K(699392K)
[566.887s][info][gc,metaspace   ] GC(2610) Metaspace: 16631K(16960K)->16631K(16960K) NonClass: 14300K(14464K)->14300K(14464K) Class: 2331K(2496K)->2331K(2496K)
[566.887s][info][gc             ] GC(2610) Pause Young (Allocation Failure) 394M->330M(910M) 23.678ms
[566.887s][info][gc,cpu         ] GC(2610) User=0.09s Sys=0.00s Real=0.02s
[566.947s][info][gc,start       ] GC(2611) Pause Young (Allocation Failure)
[566.995s][info][gc,heap        ] GC(2611) PSYoungGen: 167712K(232960K)->51040K(232960K) Eden: 116736K(116736K)->0K(116736K) From: 50976K(116224K)->51040K(116224K)
[566.995s][info][gc,heap        ] GC(2611) ParOldGen: 287497K(699392K)->335545K(699392K)
[566.995s][info][gc,metaspace   ] GC(2611) Metaspace: 16631K(16960K)->16631K(16960K) NonClass: 14300K(14464K)->14300K(14464K) Class: 2331K(2496K)->2331K(2496K)
[566.995s][info][gc             ] GC(2611) Pause Young (Allocation Failure) 444M->377M(910M) 47.607ms
[566.995s][info][gc,cpu         ] GC(2611) User=0.20s Sys=0.00s Real=0.05s
[567.079s][info][gc,start       ] GC(2612) Pause Young (Allocation Failure)
[567.130s][info][gc,heap        ] GC(2612) PSYoungGen: 167776K(232960K)->69674K(232960K) Eden: 116736K(116736K)->0K(116736K) From: 51040K(116224K)->69674K(116224K)
[567.130s][info][gc,heap        ] GC(2612) ParOldGen: 335545K(699392K)->383585K(699392K)
[567.130s][info][gc,metaspace   ] GC(2612) Metaspace: 16632K(16960K)->16632K(16960K) NonClass: 14300K(14464K)->14300K(14464K) Class: 2331K(2496K)->2331K(2496K)
[567.130s][info][gc             ] GC(2612) Pause Young (Allocation Failure) 491M->442M(910M) 50.695ms
[567.130s][info][gc,cpu         ] GC(2612) User=0.27s Sys=0.00s Real=0.05s
[567.439s][info][gc,start       ] GC(2613) Pause Young (Allocation Failure)
[567.533s][info][gc,heap        ] GC(2613) PSYoungGen: 186410K(232960K)->41440K(232960K) Eden: 116736K(116736K)->0K(116736K) From: 69674K(116224K)->41440K(116224K)
[567.533s][info][gc,heap        ] GC(2613) ParOldGen: 383585K(699392K)->446835K(699392K)
[567.533s][info][gc,metaspace   ] GC(2613) Metaspace: 16632K(16960K)->16632K(16960K) NonClass: 14300K(14464K)->14300K(14464K) Class: 2331K(2496K)->2331K(2496K)
[567.533s][info][gc             ] GC(2613) Pause Young (Allocation Failure) 556M->476M(910M) 93.556ms
[567.533s][info][gc,cpu         ] GC(2613) User=0.39s Sys=0.00s Real=0.09s
[567.674s][info][gc,start       ] GC(2614) Pause Young (Allocation Failure)
[567.722s][info][gc,heap        ] GC(2614) PSYoungGen: 158176K(232960K)->3840K(232960K) Eden: 116736K(116736K)->0K(116736K) From: 41440K(116224K)->3840K(116224K)
[567.722s][info][gc,heap        ] GC(2614) ParOldGen: 446835K(699392K)->478147K(699392K)
[567.722s][info][gc,metaspace   ] GC(2614) Metaspace: 16632K(16960K)->16632K(16960K) NonClass: 14300K(14464K)->14300K(14464K) Class: 2331K(2496K)->2331K(2496K)
[567.722s][info][gc             ] GC(2614) Pause Young (Allocation Failure) 590M->470M(910M) 47.618ms
[567.722s][info][gc,cpu         ] GC(2614) User=0.12s Sys=0.00s Real=0.05s
[567.860s][info][gc,start       ] GC(2615) Pause Young (Allocation Failure)
[567.863s][info][gc,heap        ] GC(2615) PSYoungGen: 120576K(232960K)->3104K(232960K) Eden: 116736K(116736K)->0K(116736K) From: 3840K(116224K)->3104K(116224K)
[567.863s][info][gc,heap        ] GC(2615) ParOldGen: 478147K(699392K)->478483K(699392K)
[567.863s][info][gc,metaspace   ] GC(2615) Metaspace: 16632K(16960K)->16632K(16960K) NonClass: 14300K(14464K)->14300K(14464K) Class: 2331K(2496K)->2331K(2496K)
[567.863s][info][gc             ] GC(2615) Pause Young (Allocation Failure) 584M->470M(910M) 3.023ms
[567.863s][info][gc,cpu         ] GC(2615) User=0.02s Sys=0.00s Real=0.01s
[567.992s][info][gc,start       ] GC(2616) Pause Young (Allocation Failure)
[567.994s][info][gc,heap        ] GC(2616) PSYoungGen: 119840K(232960K)->2400K(232960K) Eden: 116736K(116736K)->0K(116736K) From: 3104K(116224K)->2400K(116224K)
[567.994s][info][gc,heap        ] GC(2616) ParOldGen: 478483K(699392K)->478603K(699392K)
[567.994s][info][gc,metaspace   ] GC(2616) Metaspace: 16632K(16960K)->16632K(16960K) NonClass: 14300K(14464K)->14300K(14464K) Class: 2331K(2496K)->2331K(2496K)
[567.994s][info][gc             ] GC(2616) Pause Young (Allocation Failure) 584M->469M(910M) 2.521ms
[567.994s][info][gc,cpu         ] GC(2616) User=0.00s Sys=0.00s Real=0.00s
[568.129s][info][gc,start       ] GC(2617) Pause Young (Allocation Failure)
[568.130s][info][gc,heap        ] GC(2617) PSYoungGen: 119136K(232960K)->160K(232960K) Eden: 116736K(116736K)->0K(116736K) From: 2400K(116224K)->160K(116224K)
[568.130s][info][gc,heap        ] GC(2617) ParOldGen: 478603K(699392K)->478627K(699392K)
[568.130s][info][gc,metaspace   ] GC(2617) Metaspace: 16632K(16960K)->16632K(16960K) NonClass: 14300K(14464K)->14300K(14464K) Class: 2331K(2496K)->2331K(2496K)
[568.130s][info][gc             ] GC(2617) Pause Young (Allocation Failure) 583M->467M(910M) 1.494ms
[568.130s][info][gc,cpu         ] GC(2617) User=0.00s Sys=0.00s Real=0.00s
[568.819s][info][gc,start       ] GC(2618) Pause Young (System.gc())
[568.819s][info][gc,heap        ] GC(2618) PSYoungGen: 87059K(232960K)->160K(232960K) Eden: 86899K(116736K)->0K(116736K) From: 160K(116224K)->160K(116224K)
[568.819s][info][gc,heap        ] GC(2618) ParOldGen: 478627K(699392K)->478635K(699392K)
[568.819s][info][gc,metaspace   ] GC(2618) Metaspace: 16646K(16960K)->16646K(16960K) NonClass: 14314K(14464K)->14314K(14464K) Class: 2331K(2496K)->2331K(2496K)
[568.819s][info][gc             ] GC(2618) Pause Young (System.gc()) 552M->467M(910M) 0.799ms
[568.819s][info][gc,cpu         ] GC(2618) User=0.00s Sys=0.00s Real=0.00s
[568.819s][info][gc,start       ] GC(2619) Pause Full (System.gc())
[568.819s][info][gc,phases,start] GC(2619) Marking Phase
[568.824s][info][gc,phases      ] GC(2619) Marking Phase 4.475ms
[568.824s][info][gc,phases,start] GC(2619) Summary Phase
[568.824s][info][gc,phases      ] GC(2619) Summary Phase 0.011ms
[568.824s][info][gc,phases,start] GC(2619) Adjust Roots
[568.826s][info][gc,phases      ] GC(2619) Adjust Roots 2.046ms
[568.826s][info][gc,phases,start] GC(2619) Compaction Phase
[568.828s][info][gc,phases      ] GC(2619) Compaction Phase 1.439ms
[568.828s][info][gc,phases,start] GC(2619) Post Compact
[568.829s][info][gc,phases      ] GC(2619) Post Compact 1.674ms
[568.829s][info][gc,heap        ] GC(2619) PSYoungGen: 160K(232960K)->0K(232960K) Eden: 0K(116736K)->0K(116736K) From: 160K(116224K)->0K(116224K)
[568.829s][info][gc,heap        ] GC(2619) ParOldGen: 478635K(699392K)->5552K(699392K)
[568.829s][info][gc,metaspace   ] GC(2619) Metaspace: 16646K(16960K)->16646K(16960K) NonClass: 14314K(14464K)->14314K(14464K) Class: 2331K(2496K)->2331K(2496K)
[568.829s][info][gc             ] GC(2619) Pause Full (System.gc()) 467M->5M(910M) 9.906ms
[568.829s][info][gc,cpu         ] GC(2619) User=0.02s Sys=0.00s Real=0.02s
[570.199s][info][gc,start       ] GC(2620) Pause Young (Allocation Failure)
[570.200s][info][gc,heap        ] GC(2620) PSYoungGen: 116736K(232960K)->352K(232960K) Eden: 116736K(116736K)->0K(116736K) From: 0K(116224K)->352K(116224K)
[570.200s][info][gc,heap        ] GC(2620) ParOldGen: 5552K(699392K)->5552K(699392K)
[570.200s][info][gc,metaspace   ] GC(2620) Metaspace: 16646K(16960K)->16646K(16960K) NonClass: 14314K(14464K)->14314K(14464K) Class: 2331K(2496K)->2331K(2496K)
[570.200s][info][gc             ] GC(2620) Pause Young (Allocation Failure) 119M->5M(910M) 0.633ms
[570.200s][info][gc,cpu         ] GC(2620) User=0.00s Sys=0.00s Real=0.00s
[570.219s][info][gc,start       ] GC(2621) Pause Young (Allocation Failure)
[570.220s][info][gc,heap        ] GC(2621) PSYoungGen: 117088K(232960K)->256K(232960K) Eden: 116736K(116736K)->0K(116736K) From: 352K(116224K)->256K(116224K)
[570.220s][info][gc,heap        ] GC(2621) ParOldGen: 5552K(699392K)->5648K(699392K)
[570.220s][info][gc,metaspace   ] GC(2621) Metaspace: 16646K(16960K)->16646K(16960K) NonClass: 14314K(14464K)->14314K(14464K) Class: 2331K(2496K)->2331K(2496K)
[570.220s][info][gc             ] GC(2621) Pause Young (Allocation Failure) 119M->5M(910M) 0.557ms
[570.220s][info][gc,cpu         ] GC(2621) User=0.00s Sys=0.00s Real=0.00s
[570.241s][info][gc,start       ] GC(2622) Pause Young (Allocation Failure)
[570.241s][info][gc,heap        ] GC(2622) PSYoungGen: 116992K(232960K)->320K(232960K) Eden: 116736K(116736K)->0K(116736K) From: 256K(116224K)->320K(116224K)
[570.241s][info][gc,heap        ] GC(2622) ParOldGen: 5648K(699392K)->5688K(699392K)
[570.241s][info][gc,metaspace   ] GC(2622) Metaspace: 16646K(16960K)->16646K(16960K) NonClass: 14314K(14464K)->14314K(14464K) Class: 2331K(2496K)->2331K(2496K)
[570.241s][info][gc             ] GC(2622) Pause Young (Allocation Failure) 119M->5M(910M) 0.506ms
[570.241s][info][gc,cpu         ] GC(2622) User=0.00s Sys=0.00s Real=0.00s
[570.262s][info][gc,start       ] GC(2623) Pause Young (Allocation Failure)
[570.262s][info][gc,heap        ] GC(2623) PSYoungGen: 117056K(232960K)->224K(232960K) Eden: 116736K(116736K)->0K(116736K) From: 320K(116224K)->224K(116224K)
[570.262s][info][gc,heap        ] GC(2623) ParOldGen: 5688K(699392K)->5728K(699392K)
[570.262s][info][gc,metaspace   ] GC(2623) Metaspace: 16646K(16960K)->16646K(16960K) NonClass: 14314K(14464K)->14314K(14464K) Class: 2331K(2496K)->2331K(2496K)
[570.262s][info][gc             ] GC(2623) Pause Young (Allocation Failure) 119M->5M(910M) 0.440ms
[570.262s][info][gc,cpu         ] GC(2623) User=0.00s Sys=0.00s Real=0.00s
[570.283s][info][gc,start       ] GC(2624) Pause Young (Allocation Failure)
[570.283s][info][gc,heap        ] GC(2624) PSYoungGen: 116960K(232960K)->224K(232960K) Eden: 116736K(116736K)->0K(116736K) From: 224K(116224K)->224K(116224K)
[570.283s][info][gc,heap        ] GC(2624) ParOldGen: 5728K(699392K)->5776K(699392K)
[570.283s][info][gc,metaspace   ] GC(2624) Metaspace: 16646K(16960K)->16646K(16960K) NonClass: 14314K(14464K)->14314K(14464K) Class: 2331K(2496K)->2331K(2496K)
[570.283s][info][gc             ] GC(2624) Pause Young (Allocation Failure) 119M->5M(910M) 0.401ms
[570.283s][info][gc,cpu         ] GC(2624) User=0.00s Sys=0.00s Real=0.00s
[570.304s][info][gc,start       ] GC(2625) Pause Young (Allocation Failure)
[570.304s][info][gc,heap        ] GC(2625) PSYoungGen: 116960K(232960K)->288K(232960K) Eden: 116736K(116736K)->0K(116736K) From: 224K(116224K)->288K(116224K)
[570.304s][info][gc,heap        ] GC(2625) ParOldGen: 5776K(699392K)->5816K(699392K)
[570.304s][info][gc,metaspace   ] GC(2625) Metaspace: 16646K(16960K)->16646K(16960K) NonClass: 14314K(14464K)->14314K(14464K) Class: 2331K(2496K)->2331K(2496K)
[570.304s][info][gc             ] GC(2625) Pause Young (Allocation Failure) 119M->5M(910M) 0.384ms
[570.304s][info][gc,cpu         ] GC(2625) User=0.00s Sys=0.00s Real=0.00s
[570.323s][info][gc,start       ] GC(2626) Pause Young (Allocation Failure)
[570.324s][info][gc,heap        ] GC(2626) PSYoungGen: 117024K(232960K)->288K(232960K) Eden: 116736K(116736K)->0K(116736K) From: 288K(116224K)->288K(116224K)
[570.324s][info][gc,heap        ] GC(2626) ParOldGen: 5816K(699392K)->5864K(699392K)
[570.324s][info][gc,metaspace   ] GC(2626) Metaspace: 16646K(16960K)->16646K(16960K) NonClass: 14314K(14464K)->14314K(14464K) Class: 2331K(2496K)->2331K(2496K)
[570.324s][info][gc             ] GC(2626) Pause Young (Allocation Failure) 119M->6M(910M) 0.418ms
[570.324s][info][gc,cpu         ] GC(2626) User=0.00s Sys=0.00s Real=0.00s
[570.342s][info][gc,start       ] GC(2627) Pause Young (Allocation Failure)
[570.343s][info][gc,heap        ] GC(2627) PSYoungGen: 117024K(232960K)->192K(232960K) Eden: 116736K(116736K)->0K(116736K) From: 288K(116224K)->192K(116224K)
[570.343s][info][gc,heap        ] GC(2627) ParOldGen: 5864K(699392K)->5912K(699392K)
[570.343s][info][gc,metaspace   ] GC(2627) Metaspace: 16646K(16960K)->16646K(16960K) NonClass: 14314K(14464K)->14314K(14464K) Class: 2331K(2496K)->2331K(2496K)
[570.343s][info][gc             ] GC(2627) Pause Young (Allocation Failure) 120M->5M(910M) 0.432ms
[570.343s][info][gc,cpu         ] GC(2627) User=0.00s Sys=0.00s Real=0.00s
[570.361s][info][gc,start       ] GC(2628) Pause Young (Allocation Failure)
[570.362s][info][gc,heap        ] GC(2628) PSYoungGen: 116928K(232960K)->320K(232960K) Eden: 116736K(116736K)->0K(116736K) From: 192K(116224K)->320K(116224K)
[570.362s][info][gc,heap        ] GC(2628) ParOldGen: 5912K(699392K)->5952K(699392K)
[570.362s][info][gc,metaspace   ] GC(2628) Metaspace: 16646K(16960K)->16646K(16960K) NonClass: 14314K(14464K)->14314K(14464K) Class: 2331K(2496K)->2331K(2496K)
[570.362s][info][gc             ] GC(2628) Pause Young (Allocation Failure) 119M->6M(910M) 0.412ms
[570.362s][info][gc,cpu         ] GC(2628) User=0.00s Sys=0.00s Real=0.00s
[570.382s][info][gc,start       ] GC(2629) Pause Young (Allocation Failure)
[570.382s][info][gc,heap        ] GC(2629) PSYoungGen: 117056K(232960K)->256K(232960K) Eden: 116736K(116736K)->0K(116736K) From: 320K(116224K)->256K(116224K)
[570.382s][info][gc,heap        ] GC(2629) ParOldGen: 5952K(699392K)->6016K(699392K)
[570.382s][info][gc,metaspace   ] GC(2629) Metaspace: 16646K(16960K)->16646K(16960K) NonClass: 14314K(14464K)->14314K(14464K) Class: 2331K(2496K)->2331K(2496K)
[570.382s][info][gc             ] GC(2629) Pause Young (Allocation Failure) 120M->6M(910M) 0.393ms
[570.382s][info][gc,cpu         ] GC(2629) User=0.00s Sys=0.00s Real=0.00s
[570.402s][info][gc,start       ] GC(2630) Pause Young (Allocation Failure)
[570.402s][info][gc,heap        ] GC(2630) PSYoungGen: 116992K(232960K)->320K(232960K) Eden: 116736K(116736K)->0K(116736K) From: 256K(116224K)->320K(116224K)
[570.402s][info][gc,heap        ] GC(2630) ParOldGen: 6016K(699392K)->6072K(699392K)
[570.402s][info][gc,metaspace   ] GC(2630) Metaspace: 16646K(16960K)->16646K(16960K) NonClass: 14314K(14464K)->14314K(14464K) Class: 2331K(2496K)->2331K(2496K)
[570.402s][info][gc             ] GC(2630) Pause Young (Allocation Failure) 120M->6M(910M) 0.447ms
[570.402s][info][gc,cpu         ] GC(2630) User=0.00s Sys=0.00s Real=0.00s
[570.423s][info][gc,start       ] GC(2631) Pause Young (Allocation Failure)
[570.424s][info][gc,heap        ] GC(2631) PSYoungGen: 117056K(232960K)->256K(232960K) Eden: 116736K(116736K)->0K(116736K) From: 320K(116224K)->256K(116224K)
[570.424s][info][gc,heap        ] GC(2631) ParOldGen: 6072K(699392K)->6072K(699392K)
[570.424s][info][gc,metaspace   ] GC(2631) Metaspace: 16646K(16960K)->16646K(16960K) NonClass: 14314K(14464K)->14314K(14464K) Class: 2331K(2496K)->2331K(2496K)
[570.424s][info][gc             ] GC(2631) Pause Young (Allocation Failure) 120M->6M(910M) 0.394ms
[570.424s][info][gc,cpu         ] GC(2631) User=0.00s Sys=0.00s Real=0.00s
[570.445s][info][gc,start       ] GC(2632) Pause Young (Allocation Failure)
[570.446s][info][gc,heap        ] GC(2632) PSYoungGen: 116992K(232960K)->288K(247296K) Eden: 116736K(116736K)->0K(138240K) From: 256K(116224K)->288K(109056K)
[570.446s][info][gc,heap        ] GC(2632) ParOldGen: 6072K(699392K)->6072K(699392K)
[570.446s][info][gc,metaspace   ] GC(2632) Metaspace: 16646K(16960K)->16646K(16960K) NonClass: 14314K(14464K)->14314K(14464K) Class: 2331K(2496K)->2331K(2496K)
[570.446s][info][gc             ] GC(2632) Pause Young (Allocation Failure) 120M->6M(924M) 0.526ms
[570.446s][info][gc,cpu         ] GC(2632) User=0.00s Sys=0.00s Real=0.00s
[570.469s][info][gc,start       ] GC(2633) Pause Young (Allocation Failure)
[570.469s][info][gc,heap        ] GC(2633) PSYoungGen: 138528K(247296K)->320K(240128K) Eden: 138240K(138240K)->0K(138240K) From: 288K(109056K)->320K(101888K)
[570.469s][info][gc,heap        ] GC(2633) ParOldGen: 6072K(699392K)->6072K(699392K)
[570.469s][info][gc,metaspace   ] GC(2633) Metaspace: 16646K(16960K)->16646K(16960K) NonClass: 14314K(14464K)->14314K(14464K) Class: 2331K(2496K)->2331K(2496K)
[570.469s][info][gc             ] GC(2633) Pause Young (Allocation Failure) 141M->6M(917M) 0.400ms
[570.469s][info][gc,cpu         ] GC(2633) User=0.00s Sys=0.00s Real=0.00s
[570.492s][info][gc,start       ] GC(2634) Pause Young (Allocation Failure)
[570.492s][info][gc,heap        ] GC(2634) PSYoungGen: 138560K(240128K)->320K(260608K) Eden: 138240K(138240K)->0K(165376K) From: 320K(101888K)->320K(95232K)
[570.492s][info][gc,heap        ] GC(2634) ParOldGen: 6072K(699392K)->6072K(699392K)
[570.492s][info][gc,metaspace   ] GC(2634) Metaspace: 16646K(16960K)->16646K(16960K) NonClass: 14314K(14464K)->14314K(14464K) Class: 2331K(2496K)->2331K(2496K)
[570.492s][info][gc             ] GC(2634) Pause Young (Allocation Failure) 141M->6M(937M) 0.550ms
[570.492s][info][gc,cpu         ] GC(2634) User=0.00s Sys=0.00s Real=0.00s
[570.518s][info][gc,start       ] GC(2635) Pause Young (Allocation Failure)
[570.519s][info][gc,heap        ] GC(2635) PSYoungGen: 165696K(260608K)->320K(253952K) Eden: 165376K(165376K)->0K(165376K) From: 320K(95232K)->320K(88576K)
[570.519s][info][gc,heap        ] GC(2635) ParOldGen: 6072K(699392K)->6072K(699392K)
[570.519s][info][gc,metaspace   ] GC(2635) Metaspace: 16646K(16960K)->16646K(16960K) NonClass: 14314K(14464K)->14314K(14464K) Class: 2331K(2496K)->2331K(2496K)
[570.519s][info][gc             ] GC(2635) Pause Young (Allocation Failure) 167M->6M(931M) 0.417ms
[570.519s][info][gc,cpu         ] GC(2635) User=0.00s Sys=0.00s Real=0.00s
[570.546s][info][gc,start       ] GC(2636) Pause Young (Allocation Failure)
[570.546s][info][gc,heap        ] GC(2636) PSYoungGen: 165696K(253952K)->352K(272384K) Eden: 165376K(165376K)->0K(189952K) From: 320K(88576K)->352K(82432K)
[570.546s][info][gc,heap        ] GC(2636) ParOldGen: 6072K(699392K)->6072K(699392K)
[570.546s][info][gc,metaspace   ] GC(2636) Metaspace: 16646K(16960K)->16646K(16960K) NonClass: 14314K(14464K)->14314K(14464K) Class: 2331K(2496K)->2331K(2496K)
[570.546s][info][gc             ] GC(2636) Pause Young (Allocation Failure) 167M->6M(949M) 0.450ms
[570.546s][info][gc,cpu         ] GC(2636) User=0.00s Sys=0.00s Real=0.00s
[570.578s][info][gc,start       ] GC(2637) Pause Young (Allocation Failure)
[570.579s][info][gc,heap        ] GC(2637) PSYoungGen: 190304K(272384K)->320K(266752K) Eden: 189952K(189952K)->0K(189952K) From: 352K(82432K)->320K(76800K)
[570.579s][info][gc,heap        ] GC(2637) ParOldGen: 6072K(699392K)->6072K(699392K)
[570.579s][info][gc,metaspace   ] GC(2637) Metaspace: 16646K(16960K)->16646K(16960K) NonClass: 14314K(14464K)->14314K(14464K) Class: 2331K(2496K)->2331K(2496K)
[570.579s][info][gc             ] GC(2637) Pause Young (Allocation Failure) 191M->6M(943M) 0.666ms
[570.579s][info][gc,cpu         ] GC(2637) User=0.00s Sys=0.00s Real=0.00s
[570.612s][info][gc,start       ] GC(2638) Pause Young (Allocation Failure)
[570.613s][info][gc,heap        ] GC(2638) PSYoungGen: 190272K(266752K)->352K(283136K) Eden: 189952K(189952K)->0K(211968K) From: 320K(76800K)->352K(71168K)
[570.613s][info][gc,heap        ] GC(2638) ParOldGen: 6072K(699392K)->6072K(699392K)
[570.613s][info][gc,metaspace   ] GC(2638) Metaspace: 16646K(16960K)->16646K(16960K) NonClass: 14314K(14464K)->14314K(14464K) Class: 2331K(2496K)->2331K(2496K)
[570.613s][info][gc             ] GC(2638) Pause Young (Allocation Failure) 191M->6M(959M) 0.604ms
[570.613s][info][gc,cpu         ] GC(2638) User=0.00s Sys=0.00s Real=0.00s
[570.649s][info][gc,start       ] GC(2639) Pause Young (Allocation Failure)
[570.649s][info][gc,heap        ] GC(2639) PSYoungGen: 212320K(283136K)->352K(278016K) Eden: 211968K(211968K)->0K(211968K) From: 352K(71168K)->352K(66048K)
[570.650s][info][gc,heap        ] GC(2639) ParOldGen: 6072K(699392K)->6072K(699392K)
[570.650s][info][gc,metaspace   ] GC(2639) Metaspace: 16646K(16960K)->16646K(16960K) NonClass: 14314K(14464K)->14314K(14464K) Class: 2331K(2496K)->2331K(2496K)
[570.650s][info][gc             ] GC(2639) Pause Young (Allocation Failure) 213M->6M(954M) 0.458ms
[570.650s][info][gc,cpu         ] GC(2639) User=0.00s Sys=0.00s Real=0.00s
[570.698s][info][gc,start       ] GC(2640) Pause Young (Allocation Failure)
[570.711s][info][gc,heap        ] GC(2640) PSYoungGen: 212320K(278016K)->36323K(276480K) Eden: 211968K(211968K)->0K(215040K) From: 352K(66048K)->36323K(61440K)
[570.711s][info][gc,heap        ] GC(2640) ParOldGen: 6072K(699392K)->6072K(699392K)
[570.711s][info][gc,metaspace   ] GC(2640) Metaspace: 16646K(16960K)->16646K(16960K) NonClass: 14314K(14464K)->14314K(14464K) Class: 2331K(2496K)->2331K(2496K)
[570.711s][info][gc             ] GC(2640) Pause Young (Allocation Failure) 213M->41M(953M) 13.410ms
[570.711s][info][gc,cpu         ] GC(2640) User=0.02s Sys=0.00s Real=0.02s
[570.845s][info][gc,start       ] GC(2641) Pause Young (Allocation Failure)
[570.939s][info][gc,heap        ] GC(2641) PSYoungGen: 251363K(276480K)->67043K(282112K) Eden: 215040K(215040K)->0K(215040K) From: 36323K(61440K)->67043K(67072K)
[570.941s][info][gc,heap        ] GC(2641) ParOldGen: 6072K(699392K)->118776K(699392K)
[570.941s][info][gc,metaspace   ] GC(2641) Metaspace: 16646K(16960K)->16646K(16960K) NonClass: 14314K(14464K)->14314K(14464K) Class: 2331K(2496K)->2331K(2496K)
[570.941s][info][gc             ] GC(2641) Pause Young (Allocation Failure) 251M->181M(958M) 95.882ms
[570.941s][info][gc,cpu         ] GC(2641) User=0.50s Sys=0.00s Real=0.11s
[571.097s][info][gc,start       ] GC(2642) Pause Young (Allocation Failure)
[571.213s][info][gc,heap        ] GC(2642) PSYoungGen: 282083K(282112K)->67043K(183808K) Eden: 215040K(215040K)->0K(116736K) From: 67043K(67072K)->67043K(67072K)
[571.213s][info][gc,heap        ] GC(2642) ParOldGen: 118776K(699392K)->267008K(699392K)
[571.213s][info][gc,metaspace   ] GC(2642) Metaspace: 16646K(16960K)->16646K(16960K) NonClass: 14314K(14464K)->14314K(14464K) Class: 2331K(2496K)->2331K(2496K)
[571.213s][info][gc             ] GC(2642) Pause Young (Allocation Failure) 391M->326M(862M) 115.903ms
[571.213s][info][gc,cpu         ] GC(2642) User=0.70s Sys=0.00s Real=0.12s
[571.298s][info][gc,start       ] GC(2643) Pause Young (Allocation Failure)
[571.371s][info][gc,heap        ] GC(2643) PSYoungGen: 183779K(183808K)->116195K(232960K) Eden: 116736K(116736K)->0K(116736K) From: 67043K(67072K)->116195K(116224K)
[571.371s][info][gc,heap        ] GC(2643) ParOldGen: 267008K(699392K)->298744K(699392K)
[571.371s][info][gc,metaspace   ] GC(2643) Metaspace: 16646K(16960K)->16646K(16960K) NonClass: 14314K(14464K)->14314K(14464K) Class: 2331K(2496K)->2331K(2496K)
[571.372s][info][gc             ] GC(2643) Pause Young (Allocation Failure) 440M->405M(910M) 73.544ms
[571.372s][info][gc,cpu         ] GC(2643) User=0.39s Sys=0.00s Real=0.08s
[571.653s][info][gc,start       ] GC(2644) Pause Young (Allocation Failure)
[571.739s][info][gc,heap        ] GC(2644) PSYoungGen: 232931K(232960K)->116195K(232960K) Eden: 116736K(116736K)->0K(116736K) From: 116195K(116224K)->116195K(116224K)
[571.739s][info][gc,heap        ] GC(2644) ParOldGen: 298744K(699392K)->331888K(699392K)
[571.739s][info][gc,metaspace   ] GC(2644) Metaspace: 16646K(16960K)->16646K(16960K) NonClass: 14314K(14464K)->14314K(14464K) Class: 2331K(2496K)->2331K(2496K)
[571.739s][info][gc             ] GC(2644) Pause Young (Allocation Failure) 519M->437M(910M) 85.635ms
[571.739s][info][gc,cpu         ] GC(2644) User=0.47s Sys=0.00s Real=0.08s
[574.770s][info][gc,start       ] GC(2645) Pause Young (Allocation Failure)
[574.866s][info][gc,heap        ] GC(2645) PSYoungGen: 232931K(232960K)->116195K(232960K) Eden: 116736K(116736K)->0K(116736K) From: 116195K(116224K)->116195K(116224K)
[574.866s][info][gc,heap        ] GC(2645) ParOldGen: 331888K(699392K)->368816K(699392K)
[574.866s][info][gc,metaspace   ] GC(2645) Metaspace: 16646K(16960K)->16646K(16960K) NonClass: 14314K(14464K)->14314K(14464K) Class: 2331K(2496K)->2331K(2496K)
[574.866s][info][gc             ] GC(2645) Pause Young (Allocation Failure) 551M->473M(910M) 95.712ms
[574.866s][info][gc,cpu         ] GC(2645) User=0.48s Sys=0.00s Real=0.09s
[574.922s][info][gc,start       ] GC(2646) Pause Young (Allocation Failure)
[575.011s][info][gc,heap        ] GC(2646) PSYoungGen: 232931K(232960K)->116224K(232960K) Eden: 116736K(116736K)->0K(116736K) From: 116195K(116224K)->116224K(116224K)
[575.016s][info][gc,heap        ] GC(2646) ParOldGen: 368816K(699392K)->419340K(699392K)
[575.016s][info][gc,metaspace   ] GC(2646) Metaspace: 16646K(16960K)->16646K(16960K) NonClass: 14314K(14464K)->14314K(14464K) Class: 2331K(2496K)->2331K(2496K)
[575.016s][info][gc             ] GC(2646) Pause Young (Allocation Failure) 587M->523M(910M) 93.547ms
[575.016s][info][gc,cpu         ] GC(2646) User=0.41s Sys=0.02s Real=0.10s
[575.073s][info][gc,start       ] GC(2647) Pause Young (Allocation Failure)
[575.149s][info][gc,heap        ] GC(2647) PSYoungGen: 232960K(232960K)->112512K(232960K) Eden: 116736K(116736K)->0K(116736K) From: 116224K(116224K)->112512K(116224K)
[575.149s][info][gc,heap        ] GC(2647) ParOldGen: 419340K(699392K)->473036K(699392K)
[575.149s][info][gc,metaspace   ] GC(2647) Metaspace: 16646K(16960K)->16646K(16960K) NonClass: 14314K(14464K)->14314K(14464K) Class: 2331K(2496K)->2331K(2496K)
[575.149s][info][gc             ] GC(2647) Pause Young (Allocation Failure) 637M->571M(910M) 76.551ms
[575.149s][info][gc,cpu         ] GC(2647) User=0.36s Sys=0.00s Real=0.06s
[575.208s][info][gc,start       ] GC(2648) Pause Young (Allocation Failure)
[575.284s][info][gc,heap        ] GC(2648) PSYoungGen: 229248K(232960K)->116224K(232960K) Eden: 116736K(116736K)->0K(116736K) From: 112512K(116224K)->116224K(116224K)
[575.284s][info][gc,heap        ] GC(2648) ParOldGen: 473036K(699392K)->517740K(699392K)
[575.284s][info][gc,metaspace   ] GC(2648) Metaspace: 16646K(16960K)->16646K(16960K) NonClass: 14314K(14464K)->14314K(14464K) Class: 2331K(2496K)->2331K(2496K)
[575.284s][info][gc             ] GC(2648) Pause Young (Allocation Failure) 685M->619M(910M) 76.129ms
[575.284s][info][gc,cpu         ] GC(2648) User=0.41s Sys=0.05s Real=0.08s
[575.342s][info][gc,start       ] GC(2649) Pause Young (Allocation Failure)
[575.415s][info][gc,heap        ] GC(2649) PSYoungGen: 232960K(232960K)->96288K(232960K) Eden: 116736K(116736K)->0K(116736K) From: 116224K(116224K)->96288K(116224K)
[575.415s][info][gc,heap        ] GC(2649) ParOldGen: 517740K(699392K)->587252K(699392K)
[575.415s][info][gc,metaspace   ] GC(2649) Metaspace: 16646K(16960K)->16646K(16960K) NonClass: 14314K(14464K)->14314K(14464K) Class: 2331K(2496K)->2331K(2496K)
[575.415s][info][gc             ] GC(2649) Pause Young (Allocation Failure) 733M->667M(910M) 73.811ms
[575.415s][info][gc,cpu         ] GC(2649) User=0.34s Sys=0.00s Real=0.06s
[575.476s][info][gc,start       ] GC(2650) Pause Young (Allocation Failure)
[575.545s][info][gc,heap        ] GC(2650) PSYoungGen: 213024K(232960K)->50848K(232960K) Eden: 116736K(116736K)->0K(116736K) From: 96288K(116224K)->50848K(116224K)
[575.545s][info][gc,heap        ] GC(2650) ParOldGen: 587252K(699392K)->681020K(699392K)
[575.545s][info][gc,metaspace   ] GC(2650) Metaspace: 16646K(16960K)->16646K(16960K) NonClass: 14314K(14464K)->14314K(14464K) Class: 2331K(2496K)->2331K(2496K)
[575.545s][info][gc             ] GC(2650) Pause Young (Allocation Failure) 781M->714M(910M) 68.535ms
[575.545s][info][gc,cpu         ] GC(2650) User=0.33s Sys=0.00s Real=0.08s
[575.604s][info][gc,start       ] GC(2651) Pause Full (Ergonomics)
[575.604s][info][gc,phases,start] GC(2651) Marking Phase
[575.691s][info][gc,phases      ] GC(2651) Marking Phase 87.179ms
[575.691s][info][gc,phases,start] GC(2651) Summary Phase
[575.691s][info][gc,phases      ] GC(2651) Summary Phase 0.021ms
[575.691s][info][gc,phases,start] GC(2651) Adjust Roots
[575.693s][info][gc,phases      ] GC(2651) Adjust Roots 1.764ms
[575.693s][info][gc,phases,start] GC(2651) Compaction Phase
[575.875s][info][gc,phases      ] GC(2651) Compaction Phase 182.410ms
[575.875s][info][gc,phases,start] GC(2651) Post Compact
[575.877s][info][gc,phases      ] GC(2651) Post Compact 1.719ms
[575.877s][info][gc,heap        ] GC(2651) PSYoungGen: 167584K(232960K)->0K(232960K) Eden: 116736K(116736K)->0K(116736K) From: 50848K(116224K)->0K(116224K)
[575.877s][info][gc,heap        ] GC(2651) ParOldGen: 681020K(699392K)->335447K(699392K)
[575.877s][info][gc,metaspace   ] GC(2651) Metaspace: 16646K(16960K)->16646K(16960K) NonClass: 14314K(14464K)->14314K(14464K) Class: 2331K(2496K)->2331K(2496K)
[575.877s][info][gc             ] GC(2651) Pause Full (Ergonomics) 828M->327M(910M) 273.389ms
[575.877s][info][gc,cpu         ] GC(2651) User=1.36s Sys=0.00s Real=0.27s
[575.938s][info][gc,start       ] GC(2652) Pause Young (Allocation Failure)
[575.963s][info][gc,heap        ] GC(2652) PSYoungGen: 116736K(232960K)->51072K(232960K) Eden: 116736K(116736K)->0K(116736K) From: 0K(116224K)->51072K(116224K)
[575.963s][info][gc,heap        ] GC(2652) ParOldGen: 335447K(699392K)->335447K(699392K)
[575.963s][info][gc,metaspace   ] GC(2652) Metaspace: 16646K(16960K)->16646K(16960K) NonClass: 14314K(14464K)->14314K(14464K) Class: 2331K(2496K)->2331K(2496K)
[575.963s][info][gc             ] GC(2652) Pause Young (Allocation Failure) 441M->377M(910M) 25.504ms
[575.963s][info][gc,cpu         ] GC(2652) User=0.08s Sys=0.00s Real=0.02s
[576.047s][info][gc,start       ] GC(2653) Pause Young (Allocation Failure)
[576.099s][info][gc,heap        ] GC(2653) PSYoungGen: 167808K(232960K)->69866K(232960K) Eden: 116736K(116736K)->0K(116736K) From: 51072K(116224K)->69866K(116224K)
[576.100s][info][gc,heap        ] GC(2653) ParOldGen: 335447K(699392K)->383479K(699392K)
[576.100s][info][gc,metaspace   ] GC(2653) Metaspace: 16646K(16960K)->16646K(16960K) NonClass: 14314K(14464K)->14314K(14464K) Class: 2331K(2496K)->2331K(2496K)
[576.100s][info][gc             ] GC(2653) Pause Young (Allocation Failure) 491M->442M(910M) 52.764ms
[576.100s][info][gc,cpu         ] GC(2653) User=0.27s Sys=0.00s Real=0.05s
[576.420s][info][gc,start       ] GC(2654) Pause Young (Allocation Failure)
[576.504s][info][gc,heap        ] GC(2654) PSYoungGen: 186602K(232960K)->40832K(232960K) Eden: 116736K(116736K)->0K(116736K) From: 69866K(116224K)->40832K(116224K)
[576.504s][info][gc,heap        ] GC(2654) ParOldGen: 383479K(699392K)->446890K(699392K)
[576.504s][info][gc,metaspace   ] GC(2654) Metaspace: 16646K(16960K)->16646K(16960K) NonClass: 14314K(14464K)->14314K(14464K) Class: 2331K(2496K)->2331K(2496K)
[576.504s][info][gc             ] GC(2654) Pause Young (Allocation Failure) 556M->476M(910M) 84.180ms
[576.504s][info][gc,cpu         ] GC(2654) User=0.42s Sys=0.00s Real=0.09s
[576.645s][info][gc,start       ] GC(2655) Pause Young (Allocation Failure)
[576.686s][info][gc,heap        ] GC(2655) PSYoungGen: 157568K(232960K)->3904K(232960K) Eden: 116736K(116736K)->0K(116736K) From: 40832K(116224K)->3904K(116224K)
[576.686s][info][gc,heap        ] GC(2655) ParOldGen: 446890K(699392K)->478138K(699392K)
[576.686s][info][gc,metaspace   ] GC(2655) Metaspace: 16646K(16960K)->16646K(16960K) NonClass: 14314K(14464K)->14314K(14464K) Class: 2331K(2496K)->2331K(2496K)
[576.686s][info][gc             ] GC(2655) Pause Young (Allocation Failure) 590M->470M(910M) 40.590ms
[576.686s][info][gc,cpu         ] GC(2655) User=0.19s Sys=0.00s Real=0.03s
[576.828s][info][gc,start       ] GC(2656) Pause Young (Allocation Failure)
[576.831s][info][gc,heap        ] GC(2656) PSYoungGen: 120640K(232960K)->3136K(232960K) Eden: 116736K(116736K)->0K(116736K) From: 3904K(116224K)->3136K(116224K)
[576.831s][info][gc,heap        ] GC(2656) ParOldGen: 478138K(699392K)->478458K(699392K)
[576.831s][info][gc,metaspace   ] GC(2656) Metaspace: 16646K(16960K)->16646K(16960K) NonClass: 14314K(14464K)->14314K(14464K) Class: 2331K(2496K)->2331K(2496K)
[576.831s][info][gc             ] GC(2656) Pause Young (Allocation Failure) 584M->470M(910M) 2.945ms
[576.831s][info][gc,cpu         ] GC(2656) User=0.02s Sys=0.00s Real=0.02s
[576.960s][info][gc,start       ] GC(2657) Pause Young (Allocation Failure)
[576.963s][info][gc,heap        ] GC(2657) PSYoungGen: 119872K(232960K)->2368K(232960K) Eden: 116736K(116736K)->0K(116736K) From: 3136K(116224K)->2368K(116224K)
[576.963s][info][gc,heap        ] GC(2657) ParOldGen: 478458K(699392K)->478586K(699392K)
[576.963s][info][gc,metaspace   ] GC(2657) Metaspace: 16646K(16960K)->16646K(16960K) NonClass: 14314K(14464K)->14314K(14464K) Class: 2331K(2496K)->2331K(2496K)
[576.963s][info][gc             ] GC(2657) Pause Young (Allocation Failure) 584M->469M(910M) 2.508ms
[576.963s][info][gc,cpu         ] GC(2657) User=0.00s Sys=0.00s Real=0.00s
[577.092s][info][gc,start       ] GC(2658) Pause Young (Allocation Failure)
[577.093s][info][gc,heap        ] GC(2658) PSYoungGen: 119104K(232960K)->192K(232960K) Eden: 116736K(116736K)->0K(116736K) From: 2368K(116224K)->192K(116224K)
[577.093s][info][gc,heap        ] GC(2658) ParOldGen: 478586K(699392K)->478594K(699392K)
[577.093s][info][gc,metaspace   ] GC(2658) Metaspace: 16646K(16960K)->16646K(16960K) NonClass: 14314K(14464K)->14314K(14464K) Class: 2331K(2496K)->2331K(2496K)
[577.093s][info][gc             ] GC(2658) Pause Young (Allocation Failure) 583M->467M(910M) 1.041ms
[577.093s][info][gc,cpu         ] GC(2658) User=0.00s Sys=0.00s Real=0.00s
[577.778s][info][gc,start       ] GC(2659) Pause Young (System.gc())
[577.779s][info][gc,heap        ] GC(2659) PSYoungGen: 87370K(232960K)->160K(232960K) Eden: 87178K(116736K)->0K(116736K) From: 192K(116224K)->160K(116224K)
[577.779s][info][gc,heap        ] GC(2659) ParOldGen: 478594K(699392K)->478594K(699392K)
[577.779s][info][gc,metaspace   ] GC(2659) Metaspace: 16646K(16960K)->16646K(16960K) NonClass: 14314K(14464K)->14314K(14464K) Class: 2331K(2496K)->2331K(2496K)
[577.779s][info][gc             ] GC(2659) Pause Young (System.gc()) 552M->467M(910M) 0.826ms
[577.779s][info][gc,cpu         ] GC(2659) User=0.00s Sys=0.00s Real=0.00s
[577.779s][info][gc,start       ] GC(2660) Pause Full (System.gc())
[577.779s][info][gc,phases,start] GC(2660) Marking Phase
[577.784s][info][gc,phases      ] GC(2660) Marking Phase 4.720ms
[577.784s][info][gc,phases,start] GC(2660) Summary Phase
[577.784s][info][gc,phases      ] GC(2660) Summary Phase 0.010ms
[577.784s][info][gc,phases,start] GC(2660) Adjust Roots
[577.786s][info][gc,phases      ] GC(2660) Adjust Roots 1.973ms
[577.786s][info][gc,phases,start] GC(2660) Compaction Phase
[577.787s][info][gc,phases      ] GC(2660) Compaction Phase 1.530ms
[577.788s][info][gc,phases,start] GC(2660) Post Compact
[577.789s][info][gc,phases      ] GC(2660) Post Compact 1.674ms
[577.789s][info][gc,heap        ] GC(2660) PSYoungGen: 160K(232960K)->0K(232960K) Eden: 0K(116736K)->0K(116736K) From: 160K(116224K)->0K(116224K)
[577.789s][info][gc,heap        ] GC(2660) ParOldGen: 478594K(699392K)->5552K(699392K)
[577.789s][info][gc,metaspace   ] GC(2660) Metaspace: 16646K(16960K)->16646K(16960K) NonClass: 14314K(14464K)->14314K(14464K) Class: 2331K(2496K)->2331K(2496K)
[577.789s][info][gc             ] GC(2660) Pause Full (System.gc()) 467M->5M(910M) 10.168ms
[577.789s][info][gc,cpu         ] GC(2660) User=0.00s Sys=0.00s Real=0.02s
[579.278s][info][gc,start       ] GC(2661) Pause Young (Allocation Failure)
[579.278s][info][gc,heap        ] GC(2661) PSYoungGen: 116736K(232960K)->288K(232960K) Eden: 116736K(116736K)->0K(116736K) From: 0K(116224K)->288K(116224K)
[579.278s][info][gc,heap        ] GC(2661) ParOldGen: 5552K(699392K)->5552K(699392K)
[579.278s][info][gc,metaspace   ] GC(2661) Metaspace: 16646K(16960K)->16646K(16960K) NonClass: 14314K(14464K)->14314K(14464K) Class: 2331K(2496K)->2331K(2496K)
[579.278s][info][gc             ] GC(2661) Pause Young (Allocation Failure) 119M->5M(910M) 0.589ms
[579.278s][info][gc,cpu         ] GC(2661) User=0.00s Sys=0.00s Real=0.00s
[579.298s][info][gc,start       ] GC(2662) Pause Young (Allocation Failure)
[579.298s][info][gc,heap        ] GC(2662) PSYoungGen: 117024K(232960K)->288K(232960K) Eden: 116736K(116736K)->0K(116736K) From: 288K(116224K)->288K(116224K)
[579.298s][info][gc,heap        ] GC(2662) ParOldGen: 5552K(699392K)->5648K(699392K)
[579.298s][info][gc,metaspace   ] GC(2662) Metaspace: 16646K(16960K)->16646K(16960K) NonClass: 14314K(14464K)->14314K(14464K) Class: 2331K(2496K)->2331K(2496K)
[579.298s][info][gc             ] GC(2662) Pause Young (Allocation Failure) 119M->5M(910M) 0.466ms
[579.298s][info][gc,cpu         ] GC(2662) User=0.00s Sys=0.00s Real=0.00s
[579.317s][info][gc,start       ] GC(2663) Pause Young (Allocation Failure)
[579.318s][info][gc,heap        ] GC(2663) PSYoungGen: 117024K(232960K)->192K(232960K) Eden: 116736K(116736K)->0K(116736K) From: 288K(116224K)->192K(116224K)
[579.318s][info][gc,heap        ] GC(2663) ParOldGen: 5648K(699392K)->5696K(699392K)
[579.318s][info][gc,metaspace   ] GC(2663) Metaspace: 16646K(16960K)->16646K(16960K) NonClass: 14314K(14464K)->14314K(14464K) Class: 2331K(2496K)->2331K(2496K)
[579.318s][info][gc             ] GC(2663) Pause Young (Allocation Failure) 119M->5M(910M) 0.436ms
[579.318s][info][gc,cpu         ] GC(2663) User=0.00s Sys=0.00s Real=0.00s
[579.338s][info][gc,start       ] GC(2664) Pause Young (Allocation Failure)
[579.338s][info][gc,heap        ] GC(2664) PSYoungGen: 116928K(232960K)->288K(232960K) Eden: 116736K(116736K)->0K(116736K) From: 192K(116224K)->288K(116224K)
[579.338s][info][gc,heap        ] GC(2664) ParOldGen: 5696K(699392K)->5736K(699392K)
[579.338s][info][gc,metaspace   ] GC(2664) Metaspace: 16646K(16960K)->16646K(16960K) NonClass: 14314K(14464K)->14314K(14464K) Class: 2331K(2496K)->2331K(2496K)
[579.338s][info][gc             ] GC(2664) Pause Young (Allocation Failure) 119M->5M(910M) 0.447ms
[579.338s][info][gc,cpu         ] GC(2664) User=0.00s Sys=0.00s Real=0.00s
[579.358s][info][gc,start       ] GC(2665) Pause Young (Allocation Failure)
[579.358s][info][gc,heap        ] GC(2665) PSYoungGen: 117024K(232960K)->320K(232960K) Eden: 116736K(116736K)->0K(116736K) From: 288K(116224K)->320K(116224K)
[579.358s][info][gc,heap        ] GC(2665) ParOldGen: 5736K(699392K)->5792K(699392K)
[579.358s][info][gc,metaspace   ] GC(2665) Metaspace: 16646K(16960K)->16646K(16960K) NonClass: 14314K(14464K)->14314K(14464K) Class: 2331K(2496K)->2331K(2496K)
[579.358s][info][gc             ] GC(2665) Pause Young (Allocation Failure) 119M->5M(910M) 0.683ms
[579.358s][info][gc,cpu         ] GC(2665) User=0.00s Sys=0.00s Real=0.00s
[579.378s][info][gc,start       ] GC(2666) Pause Young (Allocation Failure)
[579.378s][info][gc,heap        ] GC(2666) PSYoungGen: 117056K(232960K)->256K(232960K) Eden: 116736K(116736K)->0K(116736K) From: 320K(116224K)->256K(116224K)
[579.378s][info][gc,heap        ] GC(2666) ParOldGen: 5792K(699392K)->5840K(699392K)
[579.378s][info][gc,metaspace   ] GC(2666) Metaspace: 16646K(16960K)->16646K(16960K) NonClass: 14314K(14464K)->14314K(14464K) Class: 2331K(2496K)->2331K(2496K)
[579.378s][info][gc             ] GC(2666) Pause Young (Allocation Failure) 119M->5M(910M) 0.434ms
[579.378s][info][gc,cpu         ] GC(2666) User=0.00s Sys=0.00s Real=0.00s
[579.397s][info][gc,start       ] GC(2667) Pause Young (Allocation Failure)
[579.398s][info][gc,heap        ] GC(2667) PSYoungGen: 116992K(232960K)->256K(232960K) Eden: 116736K(116736K)->0K(116736K) From: 256K(116224K)->256K(116224K)
[579.398s][info][gc,heap        ] GC(2667) ParOldGen: 5840K(699392K)->5880K(699392K)
[579.398s][info][gc,metaspace   ] GC(2667) Metaspace: 16646K(16960K)->16646K(16960K) NonClass: 14314K(14464K)->14314K(14464K) Class: 2331K(2496K)->2331K(2496K)
[579.398s][info][gc             ] GC(2667) Pause Young (Allocation Failure) 119M->5M(910M) 0.555ms
[579.398s][info][gc,cpu         ] GC(2667) User=0.00s Sys=0.00s Real=0.00s
[579.418s][info][gc,start       ] GC(2668) Pause Young (Allocation Failure)
[579.418s][info][gc,heap        ] GC(2668) PSYoungGen: 116992K(232960K)->192K(232960K) Eden: 116736K(116736K)->0K(116736K) From: 256K(116224K)->192K(116224K)
[579.418s][info][gc,heap        ] GC(2668) ParOldGen: 5880K(699392K)->5920K(699392K)
[579.418s][info][gc,metaspace   ] GC(2668) Metaspace: 16646K(16960K)->16646K(16960K) NonClass: 14314K(14464K)->14314K(14464K) Class: 2331K(2496K)->2331K(2496K)
[579.418s][info][gc             ] GC(2668) Pause Young (Allocation Failure) 119M->5M(910M) 0.447ms
[579.418s][info][gc,cpu         ] GC(2668) User=0.00s Sys=0.00s Real=0.00s
[579.441s][info][gc,start       ] GC(2669) Pause Young (Allocation Failure)
[579.442s][info][gc,heap        ] GC(2669) PSYoungGen: 116928K(232960K)->288K(232960K) Eden: 116736K(116736K)->0K(116736K) From: 192K(116224K)->288K(116224K)
[579.442s][info][gc,heap        ] GC(2669) ParOldGen: 5920K(699392K)->5944K(699392K)
[579.442s][info][gc,metaspace   ] GC(2669) Metaspace: 16646K(16960K)->16646K(16960K) NonClass: 14314K(14464K)->14314K(14464K) Class: 2331K(2496K)->2331K(2496K)
[579.442s][info][gc             ] GC(2669) Pause Young (Allocation Failure) 119M->6M(910M) 0.704ms
[579.442s][info][gc,cpu         ] GC(2669) User=0.00s Sys=0.00s Real=0.00s
[579.464s][info][gc,start       ] GC(2670) Pause Young (Allocation Failure)
[579.464s][info][gc,heap        ] GC(2670) PSYoungGen: 117024K(232960K)->288K(232960K) Eden: 116736K(116736K)->0K(116736K) From: 288K(116224K)->288K(116224K)
[579.464s][info][gc,heap        ] GC(2670) ParOldGen: 5944K(699392K)->6000K(699392K)
[579.464s][info][gc,metaspace   ] GC(2670) Metaspace: 16646K(16960K)->16646K(16960K) NonClass: 14314K(14464K)->14314K(14464K) Class: 2331K(2496K)->2331K(2496K)
[579.464s][info][gc             ] GC(2670) Pause Young (Allocation Failure) 120M->6M(910M) 0.498ms
[579.464s][info][gc,cpu         ] GC(2670) User=0.00s Sys=0.00s Real=0.00s
[579.484s][info][gc,start       ] GC(2671) Pause Young (Allocation Failure)
[579.484s][info][gc,heap        ] GC(2671) PSYoungGen: 117024K(232960K)->224K(238080K) Eden: 116736K(116736K)->0K(121856K) From: 288K(116224K)->224K(116224K)
[579.484s][info][gc,heap        ] GC(2671) ParOldGen: 6000K(699392K)->6064K(699392K)
[579.484s][info][gc,metaspace   ] GC(2671) Metaspace: 16646K(16960K)->16646K(16960K) NonClass: 14314K(14464K)->14314K(14464K) Class: 2331K(2496K)->2331K(2496K)
[579.484s][info][gc             ] GC(2671) Pause Young (Allocation Failure) 120M->6M(915M) 0.444ms
[579.484s][info][gc,cpu         ] GC(2671) User=0.00s Sys=0.00s Real=0.00s
[579.504s][info][gc,start       ] GC(2672) Pause Young (Allocation Failure)
[579.504s][info][gc,heap        ] GC(2672) PSYoungGen: 122080K(238080K)->224K(232960K) Eden: 121856K(121856K)->0K(121856K) From: 224K(116224K)->224K(111104K)
[579.504s][info][gc,heap        ] GC(2672) ParOldGen: 6064K(699392K)->6064K(699392K)
[579.504s][info][gc,metaspace   ] GC(2672) Metaspace: 16646K(16960K)->16646K(16960K) NonClass: 14314K(14464K)->14314K(14464K) Class: 2331K(2496K)->2331K(2496K)
[579.504s][info][gc             ] GC(2672) Pause Young (Allocation Failure) 125M->6M(910M) 0.480ms
[579.504s][info][gc,cpu         ] GC(2672) User=0.00s Sys=0.00s Real=0.00s
[579.525s][info][gc,start       ] GC(2673) Pause Young (Allocation Failure)
[579.525s][info][gc,heap        ] GC(2673) PSYoungGen: 122080K(232960K)->288K(251904K) Eden: 121856K(121856K)->0K(147456K) From: 224K(111104K)->288K(104448K)
[579.525s][info][gc,heap        ] GC(2673) ParOldGen: 6064K(699392K)->6064K(699392K)
[579.525s][info][gc,metaspace   ] GC(2673) Metaspace: 16646K(16960K)->16646K(16960K) NonClass: 14314K(14464K)->14314K(14464K) Class: 2331K(2496K)->2331K(2496K)
[579.525s][info][gc             ] GC(2673) Pause Young (Allocation Failure) 125M->6M(929M) 0.593ms
[579.525s][info][gc,cpu         ] GC(2673) User=0.00s Sys=0.00s Real=0.00s
[579.548s][info][gc,start       ] GC(2674) Pause Young (Allocation Failure)
[579.549s][info][gc,heap        ] GC(2674) PSYoungGen: 147744K(251904K)->352K(244736K) Eden: 147456K(147456K)->0K(147456K) From: 288K(104448K)->352K(97280K)
[579.549s][info][gc,heap        ] GC(2674) ParOldGen: 6064K(699392K)->6064K(699392K)
[579.549s][info][gc,metaspace   ] GC(2674) Metaspace: 16646K(16960K)->16646K(16960K) NonClass: 14314K(14464K)->14314K(14464K) Class: 2331K(2496K)->2331K(2496K)
[579.549s][info][gc             ] GC(2674) Pause Young (Allocation Failure) 150M->6M(922M) 0.503ms
[579.549s][info][gc,cpu         ] GC(2674) User=0.00s Sys=0.00s Real=0.00s
[579.572s][info][gc,start       ] GC(2675) Pause Young (Allocation Failure)
[579.573s][info][gc,heap        ] GC(2675) PSYoungGen: 147808K(244736K)->320K(264192K) Eden: 147456K(147456K)->0K(173056K) From: 352K(97280K)->320K(91136K)
[579.573s][info][gc,heap        ] GC(2675) ParOldGen: 6064K(699392K)->6064K(699392K)
[579.573s][info][gc,metaspace   ] GC(2675) Metaspace: 16646K(16960K)->16646K(16960K) NonClass: 14314K(14464K)->14314K(14464K) Class: 2331K(2496K)->2331K(2496K)
[579.573s][info][gc             ] GC(2675) Pause Young (Allocation Failure) 150M->6M(941M) 0.538ms
[579.573s][info][gc,cpu         ] GC(2675) User=0.00s Sys=0.00s Real=0.00s
[579.602s][info][gc,start       ] GC(2676) Pause Young (Allocation Failure)
[579.602s][info][gc,heap        ] GC(2676) PSYoungGen: 173376K(264192K)->352K(258048K) Eden: 173056K(173056K)->0K(173056K) From: 320K(91136K)->352K(84992K)
[579.602s][info][gc,heap        ] GC(2676) ParOldGen: 6064K(699392K)->6064K(699392K)
[579.602s][info][gc,metaspace   ] GC(2676) Metaspace: 16646K(16960K)->16646K(16960K) NonClass: 14314K(14464K)->14314K(14464K) Class: 2331K(2496K)->2331K(2496K)
[579.602s][info][gc             ] GC(2676) Pause Young (Allocation Failure) 175M->6M(935M) 0.480ms
[579.602s][info][gc,cpu         ] GC(2676) User=0.00s Sys=0.00s Real=0.00s
[579.629s][info][gc,start       ] GC(2677) Pause Young (Allocation Failure)
[579.630s][info][gc,heap        ] GC(2677) PSYoungGen: 173408K(258048K)->384K(275456K) Eden: 173056K(173056K)->0K(196096K) From: 352K(84992K)->384K(79360K)
[579.630s][info][gc,heap        ] GC(2677) ParOldGen: 6064K(699392K)->6064K(699392K)
[579.630s][info][gc,metaspace   ] GC(2677) Metaspace: 16646K(16960K)->16646K(16960K) NonClass: 14314K(14464K)->14314K(14464K) Class: 2331K(2496K)->2331K(2496K)
[579.630s][info][gc             ] GC(2677) Pause Young (Allocation Failure) 175M->6M(952M) 0.463ms
[579.630s][info][gc,cpu         ] GC(2677) User=0.00s Sys=0.00s Real=0.00s
[579.671s][info][gc,start       ] GC(2678) Pause Young (Allocation Failure)
[579.672s][info][gc,heap        ] GC(2678) PSYoungGen: 196480K(275456K)->352K(269824K) Eden: 196096K(196096K)->0K(196096K) From: 384K(79360K)->352K(73728K)
[579.672s][info][gc,heap        ] GC(2678) ParOldGen: 6064K(699392K)->6064K(699392K)
[579.672s][info][gc,metaspace   ] GC(2678) Metaspace: 16646K(16960K)->16646K(16960K) NonClass: 14314K(14464K)->14314K(14464K) Class: 2331K(2496K)->2331K(2496K)
[579.672s][info][gc             ] GC(2678) Pause Young (Allocation Failure) 197M->6M(946M) 1.203ms
[579.672s][info][gc,cpu         ] GC(2678) User=0.00s Sys=0.00s Real=0.00s
[579.715s][info][gc,start       ] GC(2679) Pause Young (Allocation Failure)
[579.715s][info][gc,heap        ] GC(2679) PSYoungGen: 196448K(269824K)->320K(285696K) Eden: 196096K(196096K)->0K(217088K) From: 352K(73728K)->320K(68608K)
[579.715s][info][gc,heap        ] GC(2679) ParOldGen: 6064K(699392K)->6064K(699392K)
[579.715s][info][gc,metaspace   ] GC(2679) Metaspace: 16646K(16960K)->16646K(16960K) NonClass: 14314K(14464K)->14314K(14464K) Class: 2331K(2496K)->2331K(2496K)
[579.715s][info][gc             ] GC(2679) Pause Young (Allocation Failure) 197M->6M(962M) 0.532ms
[579.715s][info][gc,cpu         ] GC(2679) User=0.00s Sys=0.00s Real=0.00s
[579.764s][info][gc,start       ] GC(2680) Pause Young (Allocation Failure)
[579.765s][info][gc,heap        ] GC(2680) PSYoungGen: 217408K(285696K)->320K(280576K) Eden: 217088K(217088K)->0K(217088K) From: 320K(68608K)->320K(63488K)
[579.765s][info][gc,heap        ] GC(2680) ParOldGen: 6064K(699392K)->6064K(699392K)
[579.765s][info][gc,metaspace   ] GC(2680) Metaspace: 16646K(16960K)->16646K(16960K) NonClass: 14314K(14464K)->14314K(14464K) Class: 2331K(2496K)->2331K(2496K)
[579.765s][info][gc             ] GC(2680) Pause Young (Allocation Failure) 218M->6M(957M) 0.636ms
[579.765s][info][gc,cpu         ] GC(2680) User=0.00s Sys=0.00s Real=0.00s
[579.836s][info][gc,start       ] GC(2681) Pause Young (Allocation Failure)
[579.872s][info][gc,heap        ] GC(2681) PSYoungGen: 217408K(280576K)->58851K(247296K) Eden: 217088K(217088K)->0K(188416K) From: 320K(63488K)->58851K(58880K)
[579.872s][info][gc,heap        ] GC(2681) ParOldGen: 6064K(699392K)->25424K(699392K)
[579.872s][info][gc,metaspace   ] GC(2681) Metaspace: 16646K(16960K)->16646K(16960K) NonClass: 14314K(14464K)->14314K(14464K) Class: 2331K(2496K)->2331K(2496K)
[579.872s][info][gc             ] GC(2681) Pause Young (Allocation Failure) 218M->82M(924M) 35.500ms
[579.872s][info][gc,cpu         ] GC(2681) User=0.03s Sys=0.00s Real=0.03s
[579.999s][info][gc,start       ] GC(2682) Pause Young (Allocation Failure)
[580.092s][info][gc,heap        ] GC(2682) PSYoungGen: 247267K(247296K)->80355K(268800K) Eden: 188416K(188416K)->0K(188416K) From: 58851K(58880K)->80355K(80384K)
[580.092s][info][gc,heap        ] GC(2682) ParOldGen: 25424K(699392K)->130888K(699392K)
[580.092s][info][gc,metaspace   ] GC(2682) Metaspace: 16646K(16960K)->16646K(16960K) NonClass: 14314K(14464K)->14314K(14464K) Class: 2331K(2496K)->2331K(2496K)
[580.092s][info][gc             ] GC(2682) Pause Young (Allocation Failure) 266M->206M(945M) 92.927ms
[580.092s][info][gc,cpu         ] GC(2682) User=0.47s Sys=0.00s Real=0.08s
[580.230s][info][gc,start       ] GC(2683) Pause Young (Allocation Failure)
[580.336s][info][gc,heap        ] GC(2683) PSYoungGen: 268771K(268800K)->80355K(197120K) Eden: 188416K(188416K)->0K(116736K) From: 80355K(80384K)->80355K(80384K)
[580.336s][info][gc,heap        ] GC(2683) ParOldGen: 130888K(699392K)->260840K(699392K)
[580.336s][info][gc,metaspace   ] GC(2683) Metaspace: 16646K(16960K)->16646K(16960K) NonClass: 14314K(14464K)->14314K(14464K) Class: 2331K(2496K)->2331K(2496K)
[580.336s][info][gc             ] GC(2683) Pause Young (Allocation Failure) 390M->333M(875M) 106.156ms
[580.336s][info][gc,cpu         ] GC(2683) User=0.58s Sys=0.00s Real=0.11s
[580.429s][info][gc,start       ] GC(2684) Pause Young (Allocation Failure)
[580.516s][info][gc,heap        ] GC(2684) PSYoungGen: 197091K(197120K)->116195K(232960K) Eden: 116736K(116736K)->0K(116736K) From: 80355K(80384K)->116195K(116224K)
[580.516s][info][gc,heap        ] GC(2684) ParOldGen: 260840K(699392K)->305288K(699392K)
[580.516s][info][gc,metaspace   ] GC(2684) Metaspace: 16646K(16960K)->16646K(16960K) NonClass: 14314K(14464K)->14314K(14464K) Class: 2331K(2496K)->2331K(2496K)
[580.516s][info][gc             ] GC(2684) Pause Young (Allocation Failure) 447M->411M(910M) 86.950ms
[580.516s][info][gc,cpu         ] GC(2684) User=0.53s Sys=0.00s Real=0.09s
[580.732s][info][gc,start       ] GC(2685) Pause Young (Allocation Failure)
[580.814s][info][gc,heap        ] GC(2685) PSYoungGen: 232931K(232960K)->116195K(232960K) Eden: 116736K(116736K)->0K(116736K) From: 116195K(116224K)->116195K(116224K)
[580.814s][info][gc,heap        ] GC(2685) ParOldGen: 305288K(699392K)->330233K(699392K)
[580.814s][info][gc,metaspace   ] GC(2685) Metaspace: 16646K(16960K)->16646K(16960K) NonClass: 14314K(14464K)->14314K(14464K) Class: 2331K(2496K)->2331K(2496K)
[580.814s][info][gc             ] GC(2685) Pause Young (Allocation Failure) 525M->435M(910M) 82.296ms
[580.814s][info][gc,cpu         ] GC(2685) User=0.41s Sys=0.00s Real=0.09s
[583.296s][info][gc,start       ] GC(2686) Pause Young (Allocation Failure)
[583.376s][info][gc,heap        ] GC(2686) PSYoungGen: 232931K(232960K)->116195K(232960K) Eden: 116736K(116736K)->0K(116736K) From: 116195K(116224K)->116195K(116224K)
[583.376s][info][gc,heap        ] GC(2686) ParOldGen: 330233K(699392K)->372489K(699392K)
[583.376s][info][gc,metaspace   ] GC(2686) Metaspace: 16646K(16960K)->16646K(16960K) NonClass: 14314K(14464K)->14314K(14464K) Class: 2331K(2496K)->2331K(2496K)
[583.376s][info][gc             ] GC(2686) Pause Young (Allocation Failure) 549M->477M(910M) 80.269ms
[583.376s][info][gc,cpu         ] GC(2686) User=0.45s Sys=0.00s Real=0.08s
[583.432s][info][gc,start       ] GC(2687) Pause Young (Allocation Failure)
[583.517s][info][gc,heap        ] GC(2687) PSYoungGen: 232931K(232960K)->116224K(232960K) Eden: 116736K(116736K)->0K(116736K) From: 116195K(116224K)->116224K(116224K)
[583.517s][info][gc,heap        ] GC(2687) ParOldGen: 372489K(699392K)->423068K(699392K)
[583.517s][info][gc,metaspace   ] GC(2687) Metaspace: 16646K(16960K)->16646K(16960K) NonClass: 14314K(14464K)->14314K(14464K) Class: 2331K(2496K)->2331K(2496K)
[583.517s][info][gc             ] GC(2687) Pause Young (Allocation Failure) 591M->526M(910M) 85.393ms
[583.517s][info][gc,cpu         ] GC(2687) User=0.53s Sys=0.00s Real=0.09s
[583.573s][info][gc,start       ] GC(2688) Pause Young (Allocation Failure)
[583.644s][info][gc,heap        ] GC(2688) PSYoungGen: 232960K(232960K)->116224K(232960K) Eden: 116736K(116736K)->0K(116736K) From: 116224K(116224K)->116224K(116224K)
[583.644s][info][gc,heap        ] GC(2688) ParOldGen: 423068K(699392K)->471948K(699392K)
[583.644s][info][gc,metaspace   ] GC(2688) Metaspace: 16646K(16960K)->16646K(16960K) NonClass: 14314K(14464K)->14314K(14464K) Class: 2331K(2496K)->2331K(2496K)
[583.644s][info][gc             ] GC(2688) Pause Young (Allocation Failure) 640M->574M(910M) 70.903ms
[583.644s][info][gc,cpu         ] GC(2688) User=0.44s Sys=0.00s Real=0.08s
[583.701s][info][gc,start       ] GC(2689) Pause Young (Allocation Failure)
[583.778s][info][gc,heap        ] GC(2689) PSYoungGen: 232960K(232960K)->116224K(232960K) Eden: 116736K(116736K)->0K(116736K) From: 116224K(116224K)->116224K(116224K)
[583.778s][info][gc,heap        ] GC(2689) ParOldGen: 471948K(699392K)->521508K(699392K)
[583.778s][info][gc,metaspace   ] GC(2689) Metaspace: 16646K(16960K)->16646K(16960K) NonClass: 14314K(14464K)->14314K(14464K) Class: 2331K(2496K)->2331K(2496K)
[583.778s][info][gc             ] GC(2689) Pause Young (Allocation Failure) 688M->622M(910M) 76.664ms
[583.778s][info][gc,cpu         ] GC(2689) User=0.47s Sys=0.00s Real=0.08s
[583.835s][info][gc,start       ] GC(2690) Pause Young (Allocation Failure)
[583.907s][info][gc,heap        ] GC(2690) PSYoungGen: 232960K(232960K)->86144K(232960K) Eden: 116736K(116736K)->0K(116736K) From: 116224K(116224K)->86144K(116224K)
[583.907s][info][gc,heap        ] GC(2690) ParOldGen: 521508K(699392K)->601620K(699392K)
[583.907s][info][gc,metaspace   ] GC(2690) Metaspace: 16646K(16960K)->16646K(16960K) NonClass: 14314K(14464K)->14314K(14464K) Class: 2331K(2496K)->2331K(2496K)
[583.907s][info][gc             ] GC(2690) Pause Young (Allocation Failure) 736M->671M(910M) 72.279ms
[583.907s][info][gc,cpu         ] GC(2690) User=0.38s Sys=0.00s Real=0.08s
[583.965s][info][gc,start       ] GC(2691) Pause Full (Ergonomics)
[583.965s][info][gc,phases,start] GC(2691) Marking Phase
[584.038s][info][gc,phases      ] GC(2691) Marking Phase 73.501ms
[584.038s][info][gc,phases,start] GC(2691) Summary Phase
[584.038s][info][gc,phases      ] GC(2691) Summary Phase 0.021ms
[584.038s][info][gc,phases,start] GC(2691) Adjust Roots
[584.040s][info][gc,phases      ] GC(2691) Adjust Roots 1.739ms
[584.040s][info][gc,phases,start] GC(2691) Compaction Phase
[584.196s][info][gc,phases      ] GC(2691) Compaction Phase 156.017ms
[584.196s][info][gc,phases,start] GC(2691) Post Compact
[584.198s][info][gc,phases      ] GC(2691) Post Compact 1.613ms
[584.198s][info][gc,heap        ] GC(2691) PSYoungGen: 202880K(232960K)->0K(232960K) Eden: 116736K(116736K)->0K(116736K) From: 86144K(116224K)->0K(116224K)
[584.198s][info][gc,heap        ] GC(2691) ParOldGen: 601620K(699392K)->291238K(699392K)
[584.198s][info][gc,metaspace   ] GC(2691) Metaspace: 16646K(16960K)->16646K(16960K) NonClass: 14314K(14464K)->14314K(14464K) Class: 2331K(2496K)->2331K(2496K)
[584.198s][info][gc             ] GC(2691) Pause Full (Ergonomics) 785M->284M(910M) 233.200ms
[584.198s][info][gc,cpu         ] GC(2691) User=1.33s Sys=0.00s Real=0.24s
[584.256s][info][gc,start       ] GC(2692) Pause Young (Allocation Failure)
[584.279s][info][gc,heap        ] GC(2692) PSYoungGen: 116736K(232960K)->50944K(232960K) Eden: 116736K(116736K)->0K(116736K) From: 0K(116224K)->50944K(116224K)
[584.280s][info][gc,heap        ] GC(2692) ParOldGen: 291238K(699392K)->291238K(699392K)
[584.280s][info][gc,metaspace   ] GC(2692) Metaspace: 16646K(16960K)->16646K(16960K) NonClass: 14314K(14464K)->14314K(14464K) Class: 2331K(2496K)->2331K(2496K)
[584.280s][info][gc             ] GC(2692) Pause Young (Allocation Failure) 398M->334M(910M) 23.495ms
[584.280s][info][gc,cpu         ] GC(2692) User=0.09s Sys=0.00s Real=0.02s
[584.340s][info][gc,start       ] GC(2693) Pause Young (Allocation Failure)
[584.385s][info][gc,heap        ] GC(2693) PSYoungGen: 167680K(232960K)->51008K(232960K) Eden: 116736K(116736K)->0K(116736K) From: 50944K(116224K)->51008K(116224K)
[584.385s][info][gc,heap        ] GC(2693) ParOldGen: 291238K(699392K)->339278K(699392K)
[584.385s][info][gc,metaspace   ] GC(2693) Metaspace: 16646K(16960K)->16646K(16960K) NonClass: 14314K(14464K)->14314K(14464K) Class: 2331K(2496K)->2331K(2496K)
[584.385s][info][gc             ] GC(2693) Pause Young (Allocation Failure) 448M->381M(910M) 45.161ms
[584.385s][info][gc,cpu         ] GC(2693) User=0.20s Sys=0.00s Real=0.05s
[584.473s][info][gc,start       ] GC(2694) Pause Young (Allocation Failure)
[584.528s][info][gc,heap        ] GC(2694) PSYoungGen: 167744K(232960K)->72234K(232960K) Eden: 116736K(116736K)->0K(116736K) From: 51008K(116224K)->72234K(116224K)
[584.528s][info][gc,heap        ] GC(2694) ParOldGen: 339278K(699392K)->387390K(699392K)
[584.528s][info][gc,metaspace   ] GC(2694) Metaspace: 16646K(16960K)->16646K(16960K) NonClass: 14314K(14464K)->14314K(14464K) Class: 2331K(2496K)->2331K(2496K)
[584.528s][info][gc             ] GC(2694) Pause Young (Allocation Failure) 495M->448M(910M) 54.982ms
[584.528s][info][gc,cpu         ] GC(2694) User=0.27s Sys=0.00s Real=0.05s
[584.822s][info][gc,start       ] GC(2695) Pause Young (Allocation Failure)
[584.903s][info][gc,heap        ] GC(2695) PSYoungGen: 188970K(232960K)->33440K(232960K) Eden: 116736K(116736K)->0K(116736K) From: 72234K(116224K)->33440K(116224K)
[584.903s][info][gc,heap        ] GC(2695) ParOldGen: 387390K(699392K)->440609K(699392K)
[584.903s][info][gc,metaspace   ] GC(2695) Metaspace: 16646K(16960K)->16646K(16960K) NonClass: 14314K(14464K)->14314K(14464K) Class: 2331K(2496K)->2331K(2496K)
[584.903s][info][gc             ] GC(2695) Pause Young (Allocation Failure) 562M->462M(910M) 81.139ms
[584.903s][info][gc,cpu         ] GC(2695) User=0.30s Sys=0.00s Real=0.08s
[585.046s][info][gc,start       ] GC(2696) Pause Young (Allocation Failure)
[585.082s][info][gc,heap        ] GC(2696) PSYoungGen: 150176K(232960K)->3776K(232960K) Eden: 116736K(116736K)->0K(116736K) From: 33440K(116224K)->3776K(116224K)
[585.082s][info][gc,heap        ] GC(2696) ParOldGen: 440609K(699392K)->469249K(699392K)
[585.082s][info][gc,metaspace   ] GC(2696) Metaspace: 16646K(16960K)->16646K(16960K) NonClass: 14314K(14464K)->14314K(14464K) Class: 2331K(2496K)->2331K(2496K)
[585.082s][info][gc             ] GC(2696) Pause Young (Allocation Failure) 576M->461M(910M) 35.491ms
[585.082s][info][gc,cpu         ] GC(2696) User=0.16s Sys=0.00s Real=0.03s
[585.220s][info][gc,start       ] GC(2697) Pause Young (Allocation Failure)
[585.223s][info][gc,heap        ] GC(2697) PSYoungGen: 120512K(232960K)->3040K(232960K) Eden: 116736K(116736K)->0K(116736K) From: 3776K(116224K)->3040K(116224K)
[585.223s][info][gc,heap        ] GC(2697) ParOldGen: 469249K(699392K)->469561K(699392K)
[585.223s][info][gc,metaspace   ] GC(2697) Metaspace: 16646K(16960K)->16646K(16960K) NonClass: 14314K(14464K)->14314K(14464K) Class: 2331K(2496K)->2331K(2496K)
[585.223s][info][gc             ] GC(2697) Pause Young (Allocation Failure) 575M->461M(910M) 2.807ms
[585.223s][info][gc,cpu         ] GC(2697) User=0.00s Sys=0.00s Real=0.00s
[585.348s][info][gc,start       ] GC(2698) Pause Young (Allocation Failure)
[585.350s][info][gc,heap        ] GC(2698) PSYoungGen: 119776K(232960K)->2304K(232960K) Eden: 116736K(116736K)->0K(116736K) From: 3040K(116224K)->2304K(116224K)
[585.350s][info][gc,heap        ] GC(2698) ParOldGen: 469561K(699392K)->469673K(699392K)
[585.350s][info][gc,metaspace   ] GC(2698) Metaspace: 16646K(16960K)->16646K(16960K) NonClass: 14314K(14464K)->14314K(14464K) Class: 2331K(2496K)->2331K(2496K)
[585.350s][info][gc             ] GC(2698) Pause Young (Allocation Failure) 575M->460M(910M) 2.318ms
[585.350s][info][gc,cpu         ] GC(2698) User=0.00s Sys=0.00s Real=0.00s
[585.561s][info][gc,start       ] GC(2699) Pause Young (Allocation Failure)
[585.563s][info][gc,heap        ] GC(2699) PSYoungGen: 119040K(232960K)->2144K(232960K) Eden: 116736K(116736K)->0K(116736K) From: 2304K(116224K)->2144K(116224K)
[585.563s][info][gc,heap        ] GC(2699) ParOldGen: 469673K(699392K)->469673K(699392K)
[585.563s][info][gc,metaspace   ] GC(2699) Metaspace: 16646K(16960K)->16646K(16960K) NonClass: 14314K(14464K)->14314K(14464K) Class: 2331K(2496K)->2331K(2496K)
[585.563s][info][gc             ] GC(2699) Pause Young (Allocation Failure) 574M->460M(910M) 1.614ms
[585.563s][info][gc,cpu         ] GC(2699) User=0.00s Sys=0.00s Real=0.00s
[586.188s][info][gc,start       ] GC(2700) Pause Young (System.gc())
[586.189s][info][gc,heap        ] GC(2700) PSYoungGen: 81291K(232960K)->96K(232960K) Eden: 79147K(116736K)->0K(116736K) From: 2144K(116224K)->96K(116224K)
[586.189s][info][gc,heap        ] GC(2700) ParOldGen: 469673K(699392K)->469721K(699392K)
[586.189s][info][gc,metaspace   ] GC(2700) Metaspace: 16646K(16960K)->16646K(16960K) NonClass: 14314K(14464K)->14314K(14464K) Class: 2331K(2496K)->2331K(2496K)
[586.189s][info][gc             ] GC(2700) Pause Young (System.gc()) 538M->458M(910M) 0.671ms
[586.189s][info][gc,cpu         ] GC(2700) User=0.00s Sys=0.00s Real=0.00s
[586.189s][info][gc,start       ] GC(2701) Pause Full (System.gc())
[586.189s][info][gc,phases,start] GC(2701) Marking Phase
[586.193s][info][gc,phases      ] GC(2701) Marking Phase 4.810ms
[586.193s][info][gc,phases,start] GC(2701) Summary Phase
[586.193s][info][gc,phases      ] GC(2701) Summary Phase 0.020ms
[586.193s][info][gc,phases,start] GC(2701) Adjust Roots
[586.196s][info][gc,phases      ] GC(2701) Adjust Roots 2.860ms
[586.196s][info][gc,phases,start] GC(2701) Compaction Phase
[586.198s][info][gc,phases      ] GC(2701) Compaction Phase 1.535ms
[586.198s][info][gc,phases,start] GC(2701) Post Compact
[586.200s][info][gc,phases      ] GC(2701) Post Compact 1.945ms
[586.200s][info][gc,heap        ] GC(2701) PSYoungGen: 96K(232960K)->0K(232960K) Eden: 0K(116736K)->0K(116736K) From: 96K(116224K)->0K(116224K)
[586.200s][info][gc,heap        ] GC(2701) ParOldGen: 469721K(699392K)->5552K(699392K)
[586.200s][info][gc,metaspace   ] GC(2701) Metaspace: 16646K(16960K)->16646K(16960K) NonClass: 14314K(14464K)->14314K(14464K) Class: 2331K(2496K)->2331K(2496K)
[586.200s][info][gc             ] GC(2701) Pause Full (System.gc()) 458M->5M(910M) 11.424ms
[586.200s][info][gc,cpu         ] GC(2701) User=0.00s Sys=0.00s Real=0.02s
[587.452s][info][gc,start       ] GC(2702) Pause Young (Allocation Failure)
[587.452s][info][gc,heap        ] GC(2702) PSYoungGen: 116736K(232960K)->352K(232960K) Eden: 116736K(116736K)->0K(116736K) From: 0K(116224K)->352K(116224K)
[587.452s][info][gc,heap        ] GC(2702) ParOldGen: 5552K(699392K)->5552K(699392K)
[587.452s][info][gc,metaspace   ] GC(2702) Metaspace: 16646K(16960K)->16646K(16960K) NonClass: 14314K(14464K)->14314K(14464K) Class: 2331K(2496K)->2331K(2496K)
[587.452s][info][gc             ] GC(2702) Pause Young (Allocation Failure) 119M->5M(910M) 0.676ms
[587.452s][info][gc,cpu         ] GC(2702) User=0.00s Sys=0.00s Real=0.00s
[587.471s][info][gc,start       ] GC(2703) Pause Young (Allocation Failure)
[587.471s][info][gc,heap        ] GC(2703) PSYoungGen: 117088K(232960K)->320K(232960K) Eden: 116736K(116736K)->0K(116736K) From: 352K(116224K)->320K(116224K)
[587.471s][info][gc,heap        ] GC(2703) ParOldGen: 5552K(699392K)->5656K(699392K)
[587.471s][info][gc,metaspace   ] GC(2703) Metaspace: 16646K(16960K)->16646K(16960K) NonClass: 14314K(14464K)->14314K(14464K) Class: 2331K(2496K)->2331K(2496K)
[587.471s][info][gc             ] GC(2703) Pause Young (Allocation Failure) 119M->5M(910M) 0.632ms
[587.471s][info][gc,cpu         ] GC(2703) User=0.00s Sys=0.02s Real=0.02s
[587.490s][info][gc,start       ] GC(2704) Pause Young (Allocation Failure)
[587.491s][info][gc,heap        ] GC(2704) PSYoungGen: 117056K(232960K)->224K(232960K) Eden: 116736K(116736K)->0K(116736K) From: 320K(116224K)->224K(116224K)
[587.491s][info][gc,heap        ] GC(2704) ParOldGen: 5656K(699392K)->5688K(699392K)
[587.491s][info][gc,metaspace   ] GC(2704) Metaspace: 16646K(16960K)->16646K(16960K) NonClass: 14314K(14464K)->14314K(14464K) Class: 2331K(2496K)->2331K(2496K)
[587.491s][info][gc             ] GC(2704) Pause Young (Allocation Failure) 119M->5M(910M) 0.419ms
[587.491s][info][gc,cpu         ] GC(2704) User=0.00s Sys=0.00s Real=0.00s
[587.509s][info][gc,start       ] GC(2705) Pause Young (Allocation Failure)
[587.509s][info][gc,heap        ] GC(2705) PSYoungGen: 116960K(232960K)->320K(232960K) Eden: 116736K(116736K)->0K(116736K) From: 224K(116224K)->320K(116224K)
[587.509s][info][gc,heap        ] GC(2705) ParOldGen: 5688K(699392K)->5728K(699392K)
[587.509s][info][gc,metaspace   ] GC(2705) Metaspace: 16646K(16960K)->16646K(16960K) NonClass: 14314K(14464K)->14314K(14464K) Class: 2331K(2496K)->2331K(2496K)
[587.509s][info][gc             ] GC(2705) Pause Young (Allocation Failure) 119M->5M(910M) 0.451ms
[587.509s][info][gc,cpu         ] GC(2705) User=0.00s Sys=0.00s Real=0.00s
[587.527s][info][gc,start       ] GC(2706) Pause Young (Allocation Failure)
[587.528s][info][gc,heap        ] GC(2706) PSYoungGen: 117056K(232960K)->192K(232960K) Eden: 116736K(116736K)->0K(116736K) From: 320K(116224K)->192K(116224K)
[587.528s][info][gc,heap        ] GC(2706) ParOldGen: 5728K(699392K)->5776K(699392K)
[587.528s][info][gc,metaspace   ] GC(2706) Metaspace: 16646K(16960K)->16646K(16960K) NonClass: 14314K(14464K)->14314K(14464K) Class: 2331K(2496K)->2331K(2496K)
[587.528s][info][gc             ] GC(2706) Pause Young (Allocation Failure) 119M->5M(910M) 0.500ms
[587.528s][info][gc,cpu         ] GC(2706) User=0.00s Sys=0.00s Real=0.00s
[587.545s][info][gc,start       ] GC(2707) Pause Young (Allocation Failure)
[587.546s][info][gc,heap        ] GC(2707) PSYoungGen: 116928K(232960K)->320K(232960K) Eden: 116736K(116736K)->0K(116736K) From: 192K(116224K)->320K(116224K)
[587.546s][info][gc,heap        ] GC(2707) ParOldGen: 5776K(699392K)->5816K(699392K)
[587.546s][info][gc,metaspace   ] GC(2707) Metaspace: 16646K(16960K)->16646K(16960K) NonClass: 14314K(14464K)->14314K(14464K) Class: 2331K(2496K)->2331K(2496K)
[587.546s][info][gc             ] GC(2707) Pause Young (Allocation Failure) 119M->5M(910M) 0.463ms
[587.546s][info][gc,cpu         ] GC(2707) User=0.00s Sys=0.00s Real=0.00s
[587.564s][info][gc,start       ] GC(2708) Pause Young (Allocation Failure)
[587.564s][info][gc,heap        ] GC(2708) PSYoungGen: 117056K(232960K)->224K(232960K) Eden: 116736K(116736K)->0K(116736K) From: 320K(116224K)->224K(116224K)
[587.564s][info][gc,heap        ] GC(2708) ParOldGen: 5816K(699392K)->5864K(699392K)
[587.564s][info][gc,metaspace   ] GC(2708) Metaspace: 16646K(16960K)->16646K(16960K) NonClass: 14314K(14464K)->14314K(14464K) Class: 2331K(2496K)->2331K(2496K)
[587.564s][info][gc             ] GC(2708) Pause Young (Allocation Failure) 119M->5M(910M) 0.465ms
[587.564s][info][gc,cpu         ] GC(2708) User=0.00s Sys=0.00s Real=0.00s
[587.582s][info][gc,start       ] GC(2709) Pause Young (Allocation Failure)
[587.582s][info][gc,heap        ] GC(2709) PSYoungGen: 116960K(232960K)->192K(232960K) Eden: 116736K(116736K)->0K(116736K) From: 224K(116224K)->192K(116224K)
[587.582s][info][gc,heap        ] GC(2709) ParOldGen: 5864K(699392K)->5904K(699392K)
[587.582s][info][gc,metaspace   ] GC(2709) Metaspace: 16646K(16960K)->16646K(16960K) NonClass: 14314K(14464K)->14314K(14464K) Class: 2331K(2496K)->2331K(2496K)
[587.582s][info][gc             ] GC(2709) Pause Young (Allocation Failure) 119M->5M(910M) 0.424ms
[587.582s][info][gc,cpu         ] GC(2709) User=0.00s Sys=0.00s Real=0.00s
[587.600s][info][gc,start       ] GC(2710) Pause Young (Allocation Failure)
[587.601s][info][gc,heap        ] GC(2710) PSYoungGen: 116928K(232960K)->320K(232960K) Eden: 116736K(116736K)->0K(116736K) From: 192K(116224K)->320K(116224K)
[587.601s][info][gc,heap        ] GC(2710) ParOldGen: 5904K(699392K)->5952K(699392K)
[587.601s][info][gc,metaspace   ] GC(2710) Metaspace: 16646K(16960K)->16646K(16960K) NonClass: 14314K(14464K)->14314K(14464K) Class: 2331K(2496K)->2331K(2496K)
[587.601s][info][gc             ] GC(2710) Pause Young (Allocation Failure) 119M->6M(910M) 0.418ms
[587.601s][info][gc,cpu         ] GC(2710) User=0.00s Sys=0.00s Real=0.00s
[587.619s][info][gc,start       ] GC(2711) Pause Young (Allocation Failure)
[587.619s][info][gc,heap        ] GC(2711) PSYoungGen: 117056K(232960K)->224K(232960K) Eden: 116736K(116736K)->0K(116736K) From: 320K(116224K)->224K(116224K)
[587.619s][info][gc,heap        ] GC(2711) ParOldGen: 5952K(699392K)->6008K(699392K)
[587.619s][info][gc,metaspace   ] GC(2711) Metaspace: 16646K(16960K)->16646K(16960K) NonClass: 14314K(14464K)->14314K(14464K) Class: 2331K(2496K)->2331K(2496K)
[587.619s][info][gc             ] GC(2711) Pause Young (Allocation Failure) 120M->6M(910M) 0.467ms
[587.619s][info][gc,cpu         ] GC(2711) User=0.00s Sys=0.00s Real=0.00s
[587.638s][info][gc,start       ] GC(2712) Pause Young (Allocation Failure)
[587.638s][info][gc,heap        ] GC(2712) PSYoungGen: 116960K(232960K)->224K(232960K) Eden: 116736K(116736K)->0K(116736K) From: 224K(116224K)->224K(116224K)
[587.638s][info][gc,heap        ] GC(2712) ParOldGen: 6008K(699392K)->6048K(699392K)
[587.638s][info][gc,metaspace   ] GC(2712) Metaspace: 16646K(16960K)->16646K(16960K) NonClass: 14314K(14464K)->14314K(14464K) Class: 2331K(2496K)->2331K(2496K)
[587.638s][info][gc             ] GC(2712) Pause Young (Allocation Failure) 120M->6M(910M) 0.461ms
[587.638s][info][gc,cpu         ] GC(2712) User=0.00s Sys=0.00s Real=0.00s
[587.656s][info][gc,start       ] GC(2713) Pause Young (Allocation Failure)
[587.657s][info][gc,heap        ] GC(2713) PSYoungGen: 116960K(232960K)->256K(232960K) Eden: 116736K(116736K)->0K(116736K) From: 224K(116224K)->256K(116224K)
[587.657s][info][gc,heap        ] GC(2713) ParOldGen: 6048K(699392K)->6096K(699392K)
[587.657s][info][gc,metaspace   ] GC(2713) Metaspace: 16646K(16960K)->16646K(16960K) NonClass: 14314K(14464K)->14314K(14464K) Class: 2331K(2496K)->2331K(2496K)
[587.657s][info][gc             ] GC(2713) Pause Young (Allocation Failure) 120M->6M(910M) 0.461ms
[587.657s][info][gc,cpu         ] GC(2713) User=0.00s Sys=0.00s Real=0.00s
[587.674s][info][gc,start       ] GC(2714) Pause Young (Allocation Failure)
[587.675s][info][gc,heap        ] GC(2714) PSYoungGen: 116992K(232960K)->224K(245760K) Eden: 116736K(116736K)->0K(135168K) From: 256K(116224K)->224K(110592K)
[587.675s][info][gc,heap        ] GC(2714) ParOldGen: 6096K(699392K)->6096K(699392K)
[587.675s][info][gc,metaspace   ] GC(2714) Metaspace: 16646K(16960K)->16646K(16960K) NonClass: 14314K(14464K)->14314K(14464K) Class: 2331K(2496K)->2331K(2496K)
[587.675s][info][gc             ] GC(2714) Pause Young (Allocation Failure) 120M->6M(923M) 0.497ms
[587.675s][info][gc,cpu         ] GC(2714) User=0.00s Sys=0.00s Real=0.00s
[587.696s][info][gc,start       ] GC(2715) Pause Young (Allocation Failure)
[587.696s][info][gc,heap        ] GC(2715) PSYoungGen: 135392K(245760K)->384K(238592K) Eden: 135168K(135168K)->0K(135168K) From: 224K(110592K)->384K(103424K)
[587.696s][info][gc,heap        ] GC(2715) ParOldGen: 6096K(699392K)->6096K(699392K)
[587.696s][info][gc,metaspace   ] GC(2715) Metaspace: 16646K(16960K)->16646K(16960K) NonClass: 14314K(14464K)->14314K(14464K) Class: 2331K(2496K)->2331K(2496K)
[587.697s][info][gc             ] GC(2715) Pause Young (Allocation Failure) 138M->6M(916M) 0.550ms
[587.697s][info][gc,cpu         ] GC(2715) User=0.00s Sys=0.00s Real=0.00s
[587.717s][info][gc,start       ] GC(2716) Pause Young (Allocation Failure)
[587.718s][info][gc,heap        ] GC(2716) PSYoungGen: 135552K(238592K)->352K(259584K) Eden: 135168K(135168K)->0K(163328K) From: 384K(103424K)->352K(96256K)
[587.718s][info][gc,heap        ] GC(2716) ParOldGen: 6096K(699392K)->6096K(699392K)
[587.718s][info][gc,metaspace   ] GC(2716) Metaspace: 16646K(16960K)->16646K(16960K) NonClass: 14314K(14464K)->14314K(14464K) Class: 2331K(2496K)->2331K(2496K)
[587.718s][info][gc             ] GC(2716) Pause Young (Allocation Failure) 138M->6M(936M) 0.491ms
[587.718s][info][gc,cpu         ] GC(2716) User=0.00s Sys=0.00s Real=0.00s
[587.743s][info][gc,start       ] GC(2717) Pause Young (Allocation Failure)
[587.743s][info][gc,heap        ] GC(2717) PSYoungGen: 163680K(259584K)->384K(252928K) Eden: 163328K(163328K)->0K(163328K) From: 352K(96256K)->384K(89600K)
[587.743s][info][gc,heap        ] GC(2717) ParOldGen: 6096K(699392K)->6096K(699392K)
[587.743s][info][gc,metaspace   ] GC(2717) Metaspace: 16646K(16960K)->16646K(16960K) NonClass: 14314K(14464K)->14314K(14464K) Class: 2331K(2496K)->2331K(2496K)
[587.743s][info][gc             ] GC(2717) Pause Young (Allocation Failure) 165M->6M(930M) 0.443ms
[587.743s][info][gc,cpu         ] GC(2717) User=0.00s Sys=0.00s Real=0.00s
[587.768s][info][gc,start       ] GC(2718) Pause Young (Allocation Failure)
[587.769s][info][gc,heap        ] GC(2718) PSYoungGen: 163712K(252928K)->352K(271360K) Eden: 163328K(163328K)->0K(187904K) From: 384K(89600K)->352K(83456K)
[587.769s][info][gc,heap        ] GC(2718) ParOldGen: 6096K(699392K)->6096K(699392K)
[587.769s][info][gc,metaspace   ] GC(2718) Metaspace: 16646K(16960K)->16646K(16960K) NonClass: 14314K(14464K)->14314K(14464K) Class: 2331K(2496K)->2331K(2496K)
[587.769s][info][gc             ] GC(2718) Pause Young (Allocation Failure) 165M->6M(948M) 0.488ms
[587.769s][info][gc,cpu         ] GC(2718) User=0.00s Sys=0.00s Real=0.00s
[587.797s][info][gc,start       ] GC(2719) Pause Young (Allocation Failure)
[587.798s][info][gc,heap        ] GC(2719) PSYoungGen: 188256K(271360K)->352K(265728K) Eden: 187904K(187904K)->0K(187904K) From: 352K(83456K)->352K(77824K)
[587.798s][info][gc,heap        ] GC(2719) ParOldGen: 6096K(699392K)->6096K(699392K)
[587.798s][info][gc,metaspace   ] GC(2719) Metaspace: 16646K(16960K)->16646K(16960K) NonClass: 14314K(14464K)->14314K(14464K) Class: 2331K(2496K)->2331K(2496K)
[587.798s][info][gc             ] GC(2719) Pause Young (Allocation Failure) 189M->6M(942M) 0.474ms
[587.798s][info][gc,cpu         ] GC(2719) User=0.00s Sys=0.00s Real=0.00s
[587.828s][info][gc,start       ] GC(2720) Pause Young (Allocation Failure)
[587.829s][info][gc,heap        ] GC(2720) PSYoungGen: 188256K(265728K)->384K(282112K) Eden: 187904K(187904K)->0K(209920K) From: 352K(77824K)->384K(72192K)
[587.829s][info][gc,heap        ] GC(2720) ParOldGen: 6096K(699392K)->6096K(699392K)
[587.829s][info][gc,metaspace   ] GC(2720) Metaspace: 16646K(16960K)->16646K(16960K) NonClass: 14314K(14464K)->14314K(14464K) Class: 2331K(2496K)->2331K(2496K)
[587.829s][info][gc             ] GC(2720) Pause Young (Allocation Failure) 189M->6M(958M) 0.456ms
[587.829s][info][gc,cpu         ] GC(2720) User=0.00s Sys=0.00s Real=0.00s
[587.863s][info][gc,start       ] GC(2721) Pause Young (Allocation Failure)
[587.864s][info][gc,heap        ] GC(2721) PSYoungGen: 210304K(282112K)->320K(276992K) Eden: 209920K(209920K)->0K(209920K) From: 384K(72192K)->320K(67072K)
[587.864s][info][gc,heap        ] GC(2721) ParOldGen: 6096K(699392K)->6096K(699392K)
[587.864s][info][gc,metaspace   ] GC(2721) Metaspace: 16646K(16960K)->16646K(16960K) NonClass: 14314K(14464K)->14314K(14464K) Class: 2331K(2496K)->2331K(2496K)
[587.864s][info][gc             ] GC(2721) Pause Young (Allocation Failure) 211M->6M(953M) 0.495ms
[587.864s][info][gc,cpu         ] GC(2721) User=0.00s Sys=0.00s Real=0.00s
[587.905s][info][gc,start       ] GC(2722) Pause Young (Allocation Failure)
[587.913s][info][gc,heap        ] GC(2722) PSYoungGen: 210240K(276992K)->23043K(285696K) Eden: 209920K(209920K)->0K(223232K) From: 320K(67072K)->23043K(62464K)
[587.913s][info][gc,heap        ] GC(2722) ParOldGen: 6096K(699392K)->6096K(699392K)
[587.913s][info][gc,metaspace   ] GC(2722) Metaspace: 16646K(16960K)->16646K(16960K) NonClass: 14314K(14464K)->14314K(14464K) Class: 2331K(2496K)->2331K(2496K)
[587.913s][info][gc             ] GC(2722) Pause Young (Allocation Failure) 211M->28M(962M) 7.920ms
[587.913s][info][gc,cpu         ] GC(2722) User=0.02s Sys=0.00s Real=0.01s
[588.046s][info][gc,start       ] GC(2723) Pause Young (Allocation Failure)
[588.132s][info][gc,heap        ] GC(2723) PSYoungGen: 246275K(285696K)->62947K(286208K) Eden: 223232K(223232K)->0K(223232K) From: 23043K(62464K)->62947K(62976K)
[588.132s][info][gc,heap        ] GC(2723) ParOldGen: 6096K(699392K)->114240K(699392K)
[588.132s][info][gc,metaspace   ] GC(2723) Metaspace: 16646K(16960K)->16646K(16960K) NonClass: 14314K(14464K)->14314K(14464K) Class: 2331K(2496K)->2331K(2496K)
[588.132s][info][gc             ] GC(2723) Pause Young (Allocation Failure) 246M->173M(962M) 85.828ms
[588.132s][info][gc,cpu         ] GC(2723) User=0.48s Sys=0.00s Real=0.09s
[588.291s][info][gc,start       ] GC(2724) Pause Young (Allocation Failure)
[588.407s][info][gc,heap        ] GC(2724) PSYoungGen: 286179K(286208K)->62947K(179712K) Eden: 223232K(223232K)->0K(116736K) From: 62947K(62976K)->62947K(62976K)
[588.407s][info][gc,heap        ] GC(2724) ParOldGen: 114240K(699392K)->268000K(699392K)
[588.407s][info][gc,metaspace   ] GC(2724) Metaspace: 16646K(16960K)->16646K(16960K) NonClass: 14314K(14464K)->14314K(14464K) Class: 2331K(2496K)->2331K(2496K)
[588.407s][info][gc             ] GC(2724) Pause Young (Allocation Failure) 391M->323M(858M) 116.078ms
[588.407s][info][gc,cpu         ] GC(2724) User=0.66s Sys=0.00s Real=0.11s
[588.497s][info][gc,start       ] GC(2725) Pause Young (Allocation Failure)
[588.567s][info][gc,heap        ] GC(2725) PSYoungGen: 179683K(179712K)->116195K(232960K) Eden: 116736K(116736K)->0K(116736K) From: 62947K(62976K)->116195K(116224K)
[588.567s][info][gc,heap        ] GC(2725) ParOldGen: 268000K(699392K)->296032K(699392K)
[588.567s][info][gc,metaspace   ] GC(2725) Metaspace: 16646K(16960K)->16646K(16960K) NonClass: 14314K(14464K)->14314K(14464K) Class: 2331K(2496K)->2331K(2496K)
[588.567s][info][gc             ] GC(2725) Pause Young (Allocation Failure) 437M->402M(910M) 69.821ms
[588.567s][info][gc,cpu         ] GC(2725) User=0.38s Sys=0.00s Real=0.06s
[588.799s][info][gc,start       ] GC(2726) Pause Young (Allocation Failure)
[588.881s][info][gc,heap        ] GC(2726) PSYoungGen: 232931K(232960K)->116195K(232960K) Eden: 116736K(116736K)->0K(116736K) From: 116195K(116224K)->116195K(116224K)
[588.881s][info][gc,heap        ] GC(2726) ParOldGen: 296032K(699392K)->333040K(699392K)
[588.881s][info][gc,metaspace   ] GC(2726) Metaspace: 16646K(16960K)->16646K(16960K) NonClass: 14314K(14464K)->14314K(14464K) Class: 2331K(2496K)->2331K(2496K)
[588.881s][info][gc             ] GC(2726) Pause Young (Allocation Failure) 516M->438M(910M) 82.640ms
[588.881s][info][gc,cpu         ] GC(2726) User=0.41s Sys=0.00s Real=0.08s
[591.901s][info][gc,start       ] GC(2727) Pause Young (Allocation Failure)
[591.981s][info][gc,heap        ] GC(2727) PSYoungGen: 232931K(232960K)->116224K(232960K) Eden: 116736K(116736K)->0K(116736K) From: 116195K(116224K)->116224K(116224K)
[591.981s][info][gc,heap        ] GC(2727) ParOldGen: 333040K(699392K)->367684K(699392K)
[591.981s][info][gc,metaspace   ] GC(2727) Metaspace: 16646K(16960K)->16646K(16960K) NonClass: 14314K(14464K)->14314K(14464K) Class: 2331K(2496K)->2331K(2496K)
[591.981s][info][gc             ] GC(2727) Pause Young (Allocation Failure) 552M->472M(910M) 79.492ms
[591.981s][info][gc,cpu         ] GC(2727) User=0.44s Sys=0.00s Real=0.08s
[592.036s][info][gc,start       ] GC(2728) Pause Young (Allocation Failure)
[592.105s][info][gc,heap        ] GC(2728) PSYoungGen: 232960K(232960K)->116224K(232960K) Eden: 116736K(116736K)->0K(116736K) From: 116224K(116224K)->116224K(116224K)
[592.105s][info][gc,heap        ] GC(2728) ParOldGen: 367684K(699392K)->418028K(699392K)
[592.105s][info][gc,metaspace   ] GC(2728) Metaspace: 16646K(16960K)->16646K(16960K) NonClass: 14314K(14464K)->14314K(14464K) Class: 2331K(2496K)->2331K(2496K)
[592.105s][info][gc             ] GC(2728) Pause Young (Allocation Failure) 586M->521M(910M) 68.811ms
[592.105s][info][gc,cpu         ] GC(2728) User=0.45s Sys=0.00s Real=0.07s
[592.161s][info][gc,start       ] GC(2729) Pause Young (Allocation Failure)
[592.240s][info][gc,heap        ] GC(2729) PSYoungGen: 232960K(232960K)->92064K(232960K) Eden: 116736K(116736K)->0K(116736K) From: 116224K(116224K)->92064K(116224K)
[592.240s][info][gc,heap        ] GC(2729) ParOldGen: 418028K(699392K)->492308K(699392K)
[592.240s][info][gc,metaspace   ] GC(2729) Metaspace: 16646K(16960K)->16646K(16960K) NonClass: 14314K(14464K)->14314K(14464K) Class: 2331K(2496K)->2331K(2496K)
[592.240s][info][gc             ] GC(2729) Pause Young (Allocation Failure) 635M->570M(910M) 78.634ms
[592.240s][info][gc,cpu         ] GC(2729) User=0.47s Sys=0.00s Real=0.09s
[592.297s][info][gc,start       ] GC(2730) Pause Young (Allocation Failure)
[592.358s][info][gc,heap        ] GC(2730) PSYoungGen: 208800K(232960K)->98944K(232960K) Eden: 116736K(116736K)->0K(116736K) From: 92064K(116224K)->98944K(116224K)
[592.358s][info][gc,heap        ] GC(2730) ParOldGen: 492308K(699392K)->533892K(699392K)
[592.358s][info][gc,metaspace   ] GC(2730) Metaspace: 16646K(16960K)->16646K(16960K) NonClass: 14314K(14464K)->14314K(14464K) Class: 2331K(2496K)->2331K(2496K)
[592.358s][info][gc             ] GC(2730) Pause Young (Allocation Failure) 684M->618M(910M) 61.116ms
[592.358s][info][gc,cpu         ] GC(2730) User=0.36s Sys=0.00s Real=0.06s
[592.417s][info][gc,start       ] GC(2731) Pause Young (Allocation Failure)
[592.482s][info][gc,heap        ] GC(2731) PSYoungGen: 215680K(232960K)->50784K(232960K) Eden: 116736K(116736K)->0K(116736K) From: 98944K(116224K)->50784K(116224K)
[592.482s][info][gc,heap        ] GC(2731) ParOldGen: 533892K(699392K)->630508K(699392K)
[592.482s][info][gc,metaspace   ] GC(2731) Metaspace: 16646K(16960K)->16646K(16960K) NonClass: 14314K(14464K)->14314K(14464K) Class: 2331K(2496K)->2331K(2496K)
[592.482s][info][gc             ] GC(2731) Pause Young (Allocation Failure) 732M->665M(910M) 64.689ms
[592.482s][info][gc,cpu         ] GC(2731) User=0.28s Sys=0.00s Real=0.06s
[592.540s][info][gc,start       ] GC(2732) Pause Full (Ergonomics)
[592.540s][info][gc,phases,start] GC(2732) Marking Phase
[592.608s][info][gc,phases      ] GC(2732) Marking Phase 68.444ms
[592.609s][info][gc,phases,start] GC(2732) Summary Phase
[592.609s][info][gc,phases      ] GC(2732) Summary Phase 0.020ms
[592.609s][info][gc,phases,start] GC(2732) Adjust Roots
[592.610s][info][gc,phases      ] GC(2732) Adjust Roots 1.685ms
[592.610s][info][gc,phases,start] GC(2732) Compaction Phase
[592.763s][info][gc,phases      ] GC(2732) Compaction Phase 152.370ms
[592.763s][info][gc,phases,start] GC(2732) Post Compact
[592.764s][info][gc,phases      ] GC(2732) Post Compact 1.488ms
[592.764s][info][gc,heap        ] GC(2732) PSYoungGen: 167520K(232960K)->0K(232960K) Eden: 116736K(116736K)->0K(116736K) From: 50784K(116224K)->0K(116224K)
[592.764s][info][gc,heap        ] GC(2732) ParOldGen: 630508K(699392K)->286097K(699392K)
[592.764s][info][gc,metaspace   ] GC(2732) Metaspace: 16646K(16960K)->16646K(16960K) NonClass: 14314K(14464K)->14314K(14464K) Class: 2331K(2496K)->2331K(2496K)
[592.764s][info][gc             ] GC(2732) Pause Full (Ergonomics) 779M->279M(910M) 224.307ms
[592.764s][info][gc,cpu         ] GC(2732) User=1.19s Sys=0.00s Real=0.22s
[592.823s][info][gc,start       ] GC(2733) Pause Young (Allocation Failure)
[592.846s][info][gc,heap        ] GC(2733) PSYoungGen: 116736K(232960K)->50976K(232960K) Eden: 116736K(116736K)->0K(116736K) From: 0K(116224K)->50976K(116224K)
[592.846s][info][gc,heap        ] GC(2733) ParOldGen: 286097K(699392K)->286097K(699392K)
[592.846s][info][gc,metaspace   ] GC(2733) Metaspace: 16646K(16960K)->16646K(16960K) NonClass: 14314K(14464K)->14314K(14464K) Class: 2331K(2496K)->2331K(2496K)
[592.846s][info][gc             ] GC(2733) Pause Young (Allocation Failure) 393M->329M(910M) 23.668ms
[592.846s][info][gc,cpu         ] GC(2733) User=0.08s Sys=0.00s Real=0.03s
[592.906s][info][gc,start       ] GC(2734) Pause Young (Allocation Failure)
[592.950s][info][gc,heap        ] GC(2734) PSYoungGen: 167712K(232960K)->51040K(232960K) Eden: 116736K(116736K)->0K(116736K) From: 50976K(116224K)->51040K(116224K)
[592.950s][info][gc,heap        ] GC(2734) ParOldGen: 286097K(699392K)->334145K(699392K)
[592.950s][info][gc,metaspace   ] GC(2734) Metaspace: 16646K(16960K)->16646K(16960K) NonClass: 14314K(14464K)->14314K(14464K) Class: 2331K(2496K)->2331K(2496K)
[592.951s][info][gc             ] GC(2734) Pause Young (Allocation Failure) 443M->376M(910M) 44.074ms
[592.951s][info][gc,cpu         ] GC(2734) User=0.17s Sys=0.00s Real=0.05s
[593.030s][info][gc,start       ] GC(2735) Pause Young (Allocation Failure)
[593.076s][info][gc,heap        ] GC(2735) PSYoungGen: 167776K(232960K)->68682K(232960K) Eden: 116736K(116736K)->0K(116736K) From: 51040K(116224K)->68682K(116224K)
[593.076s][info][gc,heap        ] GC(2735) ParOldGen: 334145K(699392K)->382169K(699392K)
[593.076s][info][gc,metaspace   ] GC(2735) Metaspace: 16646K(16960K)->16646K(16960K) NonClass: 14314K(14464K)->14314K(14464K) Class: 2331K(2496K)->2331K(2496K)
[593.076s][info][gc             ] GC(2735) Pause Young (Allocation Failure) 490M->440M(910M) 45.727ms
[593.076s][info][gc,cpu         ] GC(2735) User=0.17s Sys=0.00s Real=0.05s
[593.396s][info][gc,start       ] GC(2736) Pause Young (Allocation Failure)
[593.479s][info][gc,heap        ] GC(2736) PSYoungGen: 185418K(232960K)->42080K(232960K) Eden: 116736K(116736K)->0K(116736K) From: 68682K(116224K)->42080K(116224K)
[593.479s][info][gc,heap        ] GC(2736) ParOldGen: 382169K(699392K)->445004K(699392K)
[593.480s][info][gc,metaspace   ] GC(2736) Metaspace: 16646K(16960K)->16646K(16960K) NonClass: 14314K(14464K)->14314K(14464K) Class: 2331K(2496K)->2331K(2496K)
[593.480s][info][gc             ] GC(2736) Pause Young (Allocation Failure) 554M->475M(910M) 83.116ms
[593.480s][info][gc,cpu         ] GC(2736) User=0.39s Sys=0.00s Real=0.08s
[593.618s][info][gc,start       ] GC(2737) Pause Young (Allocation Failure)
[593.660s][info][gc,heap        ] GC(2737) PSYoungGen: 158816K(232960K)->3872K(232960K) Eden: 116736K(116736K)->0K(116736K) From: 42080K(116224K)->3872K(116224K)
[593.660s][info][gc,heap        ] GC(2737) ParOldGen: 445004K(699392K)->475100K(699392K)
[593.660s][info][gc,metaspace   ] GC(2737) Metaspace: 16646K(16960K)->16646K(16960K) NonClass: 14314K(14464K)->14314K(14464K) Class: 2331K(2496K)->2331K(2496K)
[593.660s][info][gc             ] GC(2737) Pause Young (Allocation Failure) 589M->467M(910M) 41.999ms
[593.660s][info][gc,cpu         ] GC(2737) User=0.17s Sys=0.00s Real=0.05s
[593.796s][info][gc,start       ] GC(2738) Pause Young (Allocation Failure)
[593.799s][info][gc,heap        ] GC(2738) PSYoungGen: 120608K(232960K)->3168K(232960K) Eden: 116736K(116736K)->0K(116736K) From: 3872K(116224K)->3168K(116224K)
[593.799s][info][gc,heap        ] GC(2738) ParOldGen: 475100K(699392K)->475436K(699392K)
[593.799s][info][gc,metaspace   ] GC(2738) Metaspace: 16646K(16960K)->16646K(16960K) NonClass: 14314K(14464K)->14314K(14464K) Class: 2331K(2496K)->2331K(2496K)
[593.799s][info][gc             ] GC(2738) Pause Young (Allocation Failure) 581M->467M(910M) 3.090ms
[593.799s][info][gc,cpu         ] GC(2738) User=0.05s Sys=0.00s Real=0.02s
[593.924s][info][gc,start       ] GC(2739) Pause Young (Allocation Failure)
[593.926s][info][gc,heap        ] GC(2739) PSYoungGen: 119904K(232960K)->2432K(232960K) Eden: 116736K(116736K)->0K(116736K) From: 3168K(116224K)->2432K(116224K)
[593.927s][info][gc,heap        ] GC(2739) ParOldGen: 475436K(699392K)->475564K(699392K)
[593.927s][info][gc,metaspace   ] GC(2739) Metaspace: 16646K(16960K)->16646K(16960K) NonClass: 14314K(14464K)->14314K(14464K) Class: 2331K(2496K)->2331K(2496K)
[593.927s][info][gc             ] GC(2739) Pause Young (Allocation Failure) 581M->466M(910M) 2.491ms
[593.927s][info][gc,cpu         ] GC(2739) User=0.00s Sys=0.00s Real=0.00s
[594.059s][info][gc,start       ] GC(2740) Pause Young (Allocation Failure)
[594.060s][info][gc,heap        ] GC(2740) PSYoungGen: 119168K(232960K)->256K(232960K) Eden: 116736K(116736K)->0K(116736K) From: 2432K(116224K)->256K(116224K)
[594.060s][info][gc,heap        ] GC(2740) ParOldGen: 475564K(699392K)->475604K(699392K)
[594.060s][info][gc,metaspace   ] GC(2740) Metaspace: 16646K(16960K)->16646K(16960K) NonClass: 14314K(14464K)->14314K(14464K) Class: 2331K(2496K)->2331K(2496K)
[594.060s][info][gc             ] GC(2740) Pause Young (Allocation Failure) 580M->464M(910M) 1.113ms
[594.060s][info][gc,cpu         ] GC(2740) User=0.00s Sys=0.00s Real=0.00s
[594.719s][info][gc,start       ] GC(2741) Pause Young (System.gc())
[594.719s][info][gc,heap        ] GC(2741) PSYoungGen: 92220K(232960K)->96K(232960K) Eden: 91964K(116736K)->0K(116736K) From: 256K(116224K)->96K(116224K)
[594.720s][info][gc,heap        ] GC(2741) ParOldGen: 475604K(699392K)->475604K(699392K)
[594.720s][info][gc,metaspace   ] GC(2741) Metaspace: 16646K(16960K)->16646K(16960K) NonClass: 14314K(14464K)->14314K(14464K) Class: 2331K(2496K)->2331K(2496K)
[594.720s][info][gc             ] GC(2741) Pause Young (System.gc()) 554M->464M(910M) 1.004ms
[594.720s][info][gc,cpu         ] GC(2741) User=0.00s Sys=0.00s Real=0.00s
[594.720s][info][gc,start       ] GC(2742) Pause Full (System.gc())
[594.720s][info][gc,phases,start] GC(2742) Marking Phase
[594.725s][info][gc,phases      ] GC(2742) Marking Phase 4.982ms
[594.725s][info][gc,phases,start] GC(2742) Summary Phase
[594.725s][info][gc,phases      ] GC(2742) Summary Phase 0.011ms
[594.725s][info][gc,phases,start] GC(2742) Adjust Roots
[594.727s][info][gc,phases      ] GC(2742) Adjust Roots 2.256ms
[594.727s][info][gc,phases,start] GC(2742) Compaction Phase
[594.729s][info][gc,phases      ] GC(2742) Compaction Phase 1.496ms
[594.729s][info][gc,phases,start] GC(2742) Post Compact
[594.730s][info][gc,phases      ] GC(2742) Post Compact 1.671ms
[594.730s][info][gc,heap        ] GC(2742) PSYoungGen: 96K(232960K)->0K(232960K) Eden: 0K(116736K)->0K(116736K) From: 96K(116224K)->0K(116224K)
[594.730s][info][gc,heap        ] GC(2742) ParOldGen: 475604K(699392K)->5552K(699392K)
[594.730s][info][gc,metaspace   ] GC(2742) Metaspace: 16646K(16960K)->16646K(16960K) NonClass: 14314K(14464K)->14314K(14464K) Class: 2331K(2496K)->2331K(2496K)
[594.730s][info][gc             ] GC(2742) Pause Full (System.gc()) 464M->5M(910M) 10.677ms
[594.730s][info][gc,cpu         ] GC(2742) User=0.00s Sys=0.00s Real=0.02s
[595.987s][info][gc,start       ] GC(2743) Pause Young (Allocation Failure)
[595.988s][info][gc,heap        ] GC(2743) PSYoungGen: 116736K(232960K)->352K(232960K) Eden: 116736K(116736K)->0K(116736K) From: 0K(116224K)->352K(116224K)
[595.988s][info][gc,heap        ] GC(2743) ParOldGen: 5552K(699392K)->5552K(699392K)
[595.988s][info][gc,metaspace   ] GC(2743) Metaspace: 16646K(16960K)->16646K(16960K) NonClass: 14314K(14464K)->14314K(14464K) Class: 2331K(2496K)->2331K(2496K)
[595.988s][info][gc             ] GC(2743) Pause Young (Allocation Failure) 119M->5M(910M) 0.549ms
[595.988s][info][gc,cpu         ] GC(2743) User=0.00s Sys=0.00s Real=0.00s
[596.006s][info][gc,start       ] GC(2744) Pause Young (Allocation Failure)
[596.007s][info][gc,heap        ] GC(2744) PSYoungGen: 117088K(232960K)->224K(232960K) Eden: 116736K(116736K)->0K(116736K) From: 352K(116224K)->224K(116224K)
[596.007s][info][gc,heap        ] GC(2744) ParOldGen: 5552K(699392K)->5656K(699392K)
[596.007s][info][gc,metaspace   ] GC(2744) Metaspace: 16646K(16960K)->16646K(16960K) NonClass: 14314K(14464K)->14314K(14464K) Class: 2331K(2496K)->2331K(2496K)
[596.007s][info][gc             ] GC(2744) Pause Young (Allocation Failure) 119M->5M(910M) 0.462ms
[596.007s][info][gc,cpu         ] GC(2744) User=0.00s Sys=0.00s Real=0.00s
[596.025s][info][gc,start       ] GC(2745) Pause Young (Allocation Failure)
[596.025s][info][gc,heap        ] GC(2745) PSYoungGen: 116960K(232960K)->224K(232960K) Eden: 116736K(116736K)->0K(116736K) From: 224K(116224K)->224K(116224K)
[596.025s][info][gc,heap        ] GC(2745) ParOldGen: 5656K(699392K)->5696K(699392K)
[596.025s][info][gc,metaspace   ] GC(2745) Metaspace: 16646K(16960K)->16646K(16960K) NonClass: 14314K(14464K)->14314K(14464K) Class: 2331K(2496K)->2331K(2496K)
[596.025s][info][gc             ] GC(2745) Pause Young (Allocation Failure) 119M->5M(910M) 0.651ms
[596.025s][info][gc,cpu         ] GC(2745) User=0.00s Sys=0.00s Real=0.02s
[596.044s][info][gc,start       ] GC(2746) Pause Young (Allocation Failure)
[596.045s][info][gc,heap        ] GC(2746) PSYoungGen: 116960K(232960K)->192K(232960K) Eden: 116736K(116736K)->0K(116736K) From: 224K(116224K)->192K(116224K)
[596.045s][info][gc,heap        ] GC(2746) ParOldGen: 5696K(699392K)->5744K(699392K)
[596.045s][info][gc,metaspace   ] GC(2746) Metaspace: 16646K(16960K)->16646K(16960K) NonClass: 14314K(14464K)->14314K(14464K) Class: 2331K(2496K)->2331K(2496K)
[596.045s][info][gc             ] GC(2746) Pause Young (Allocation Failure) 119M->5M(910M) 0.421ms
[596.045s][info][gc,cpu         ] GC(2746) User=0.00s Sys=0.00s Real=0.00s
[596.063s][info][gc,start       ] GC(2747) Pause Young (Allocation Failure)
[596.064s][info][gc,heap        ] GC(2747) PSYoungGen: 116928K(232960K)->224K(232960K) Eden: 116736K(116736K)->0K(116736K) From: 192K(116224K)->224K(116224K)
[596.064s][info][gc,heap        ] GC(2747) ParOldGen: 5744K(699392K)->5792K(699392K)
[596.064s][info][gc,metaspace   ] GC(2747) Metaspace: 16646K(16960K)->16646K(16960K) NonClass: 14314K(14464K)->14314K(14464K) Class: 2331K(2496K)->2331K(2496K)
[596.064s][info][gc             ] GC(2747) Pause Young (Allocation Failure) 119M->5M(910M) 0.429ms
[596.064s][info][gc,cpu         ] GC(2747) User=0.00s Sys=0.00s Real=0.00s
[596.082s][info][gc,start       ] GC(2748) Pause Young (Allocation Failure)
[596.083s][info][gc,heap        ] GC(2748) PSYoungGen: 116960K(232960K)->224K(232960K) Eden: 116736K(116736K)->0K(116736K) From: 224K(116224K)->224K(116224K)
[596.083s][info][gc,heap        ] GC(2748) ParOldGen: 5792K(699392K)->5840K(699392K)
[596.083s][info][gc,metaspace   ] GC(2748) Metaspace: 16646K(16960K)->16646K(16960K) NonClass: 14314K(14464K)->14314K(14464K) Class: 2331K(2496K)->2331K(2496K)
[596.083s][info][gc             ] GC(2748) Pause Young (Allocation Failure) 119M->5M(910M) 0.468ms
[596.083s][info][gc,cpu         ] GC(2748) User=0.00s Sys=0.00s Real=0.00s
[596.101s][info][gc,start       ] GC(2749) Pause Young (Allocation Failure)
[596.101s][info][gc,heap        ] GC(2749) PSYoungGen: 116960K(232960K)->256K(232960K) Eden: 116736K(116736K)->0K(116736K) From: 224K(116224K)->256K(116224K)
[596.101s][info][gc,heap        ] GC(2749) ParOldGen: 5840K(699392K)->5888K(699392K)
[596.101s][info][gc,metaspace   ] GC(2749) Metaspace: 16646K(16960K)->16646K(16960K) NonClass: 14314K(14464K)->14314K(14464K) Class: 2331K(2496K)->2331K(2496K)
[596.101s][info][gc             ] GC(2749) Pause Young (Allocation Failure) 119M->6M(910M) 0.478ms
[596.101s][info][gc,cpu         ] GC(2749) User=0.00s Sys=0.00s Real=0.00s
[596.120s][info][gc,start       ] GC(2750) Pause Young (Allocation Failure)
[596.120s][info][gc,heap        ] GC(2750) PSYoungGen: 116992K(232960K)->256K(232960K) Eden: 116736K(116736K)->0K(116736K) From: 256K(116224K)->256K(116224K)
[596.120s][info][gc,heap        ] GC(2750) ParOldGen: 5888K(699392K)->5936K(699392K)
[596.120s][info][gc,metaspace   ] GC(2750) Metaspace: 16646K(16960K)->16646K(16960K) NonClass: 14314K(14464K)->14314K(14464K) Class: 2331K(2496K)->2331K(2496K)
[596.120s][info][gc             ] GC(2750) Pause Young (Allocation Failure) 120M->6M(910M) 0.435ms
[596.120s][info][gc,cpu         ] GC(2750) User=0.00s Sys=0.00s Real=0.00s
[596.139s][info][gc,start       ] GC(2751) Pause Young (Allocation Failure)
[596.139s][info][gc,heap        ] GC(2751) PSYoungGen: 116992K(232960K)->352K(237056K) Eden: 116736K(116736K)->0K(120832K) From: 256K(116224K)->352K(116224K)
[596.140s][info][gc,heap        ] GC(2751) ParOldGen: 5936K(699392K)->5960K(699392K)
[596.140s][info][gc,metaspace   ] GC(2751) Metaspace: 16646K(16960K)->16646K(16960K) NonClass: 14314K(14464K)->14314K(14464K) Class: 2331K(2496K)->2331K(2496K)
[596.140s][info][gc             ] GC(2751) Pause Young (Allocation Failure) 120M->6M(914M) 0.494ms
[596.140s][info][gc,cpu         ] GC(2751) User=0.00s Sys=0.00s Real=0.00s
[596.158s][info][gc,start       ] GC(2752) Pause Young (Allocation Failure)
[596.159s][info][gc,heap        ] GC(2752) PSYoungGen: 121184K(237056K)->320K(232960K) Eden: 120832K(120832K)->0K(120832K) From: 352K(116224K)->320K(112128K)
[596.159s][info][gc,heap        ] GC(2752) ParOldGen: 5960K(699392K)->5960K(699392K)
[596.159s][info][gc,metaspace   ] GC(2752) Metaspace: 16646K(16960K)->16646K(16960K) NonClass: 14314K(14464K)->14314K(14464K) Class: 2331K(2496K)->2331K(2496K)
[596.159s][info][gc             ] GC(2752) Pause Young (Allocation Failure) 124M->6M(910M) 0.451ms
[596.159s][info][gc,cpu         ] GC(2752) User=0.00s Sys=0.00s Real=0.00s
[596.178s][info][gc,start       ] GC(2753) Pause Young (Allocation Failure)
[596.178s][info][gc,heap        ] GC(2753) PSYoungGen: 121152K(232960K)->320K(249856K) Eden: 120832K(120832K)->0K(144384K) From: 320K(112128K)->320K(105472K)
[596.178s][info][gc,heap        ] GC(2753) ParOldGen: 5960K(699392K)->5960K(699392K)
[596.178s][info][gc,metaspace   ] GC(2753) Metaspace: 16646K(16960K)->16646K(16960K) NonClass: 14314K(14464K)->14314K(14464K) Class: 2331K(2496K)->2331K(2496K)
[596.178s][info][gc             ] GC(2753) Pause Young (Allocation Failure) 124M->6M(927M) 0.491ms
[596.178s][info][gc,cpu         ] GC(2753) User=0.00s Sys=0.00s Real=0.00s
[596.201s][info][gc,start       ] GC(2754) Pause Young (Allocation Failure)
[596.201s][info][gc,heap        ] GC(2754) PSYoungGen: 144704K(249856K)->352K(243712K) Eden: 144384K(144384K)->0K(144384K) From: 320K(105472K)->352K(99328K)
[596.201s][info][gc,heap        ] GC(2754) ParOldGen: 5960K(699392K)->5960K(699392K)
[596.201s][info][gc,metaspace   ] GC(2754) Metaspace: 16646K(16960K)->16646K(16960K) NonClass: 14314K(14464K)->14314K(14464K) Class: 2331K(2496K)->2331K(2496K)
[596.201s][info][gc             ] GC(2754) Pause Young (Allocation Failure) 147M->6M(921M) 0.478ms
[596.201s][info][gc,cpu         ] GC(2754) User=0.00s Sys=0.00s Real=0.00s
[596.223s][info][gc,start       ] GC(2755) Pause Young (Allocation Failure)
[596.223s][info][gc,heap        ] GC(2755) PSYoungGen: 144736K(243712K)->352K(262144K) Eden: 144384K(144384K)->0K(169472K) From: 352K(99328K)->352K(92672K)
[596.223s][info][gc,heap        ] GC(2755) ParOldGen: 5960K(699392K)->5960K(699392K)
[596.223s][info][gc,metaspace   ] GC(2755) Metaspace: 16646K(16960K)->16646K(16960K) NonClass: 14314K(14464K)->14314K(14464K) Class: 2331K(2496K)->2331K(2496K)
[596.223s][info][gc             ] GC(2755) Pause Young (Allocation Failure) 147M->6M(939M) 0.483ms
[596.223s][info][gc,cpu         ] GC(2755) User=0.00s Sys=0.00s Real=0.00s
[596.249s][info][gc,start       ] GC(2756) Pause Young (Allocation Failure)
[596.250s][info][gc,heap        ] GC(2756) PSYoungGen: 169824K(262144K)->352K(256512K) Eden: 169472K(169472K)->0K(169472K) From: 352K(92672K)->352K(87040K)
[596.250s][info][gc,heap        ] GC(2756) ParOldGen: 5960K(699392K)->5960K(699392K)
[596.250s][info][gc,metaspace   ] GC(2756) Metaspace: 16646K(16960K)->16646K(16960K) NonClass: 14314K(14464K)->14314K(14464K) Class: 2331K(2496K)->2331K(2496K)
[596.250s][info][gc             ] GC(2756) Pause Young (Allocation Failure) 171M->6M(933M) 0.439ms
[596.250s][info][gc,cpu         ] GC(2756) User=0.00s Sys=0.00s Real=0.00s
[596.276s][info][gc,start       ] GC(2757) Pause Young (Allocation Failure)
[596.276s][info][gc,heap        ] GC(2757) PSYoungGen: 169824K(256512K)->384K(273408K) Eden: 169472K(169472K)->0K(192512K) From: 352K(87040K)->384K(80896K)
[596.276s][info][gc,heap        ] GC(2757) ParOldGen: 5960K(699392K)->5960K(699392K)
[596.276s][info][gc,metaspace   ] GC(2757) Metaspace: 16646K(16960K)->16646K(16960K) NonClass: 14314K(14464K)->14314K(14464K) Class: 2331K(2496K)->2331K(2496K)
[596.276s][info][gc             ] GC(2757) Pause Young (Allocation Failure) 171M->6M(950M) 0.491ms
[596.276s][info][gc,cpu         ] GC(2757) User=0.00s Sys=0.00s Real=0.00s
[596.306s][info][gc,start       ] GC(2758) Pause Young (Allocation Failure)
[596.306s][info][gc,heap        ] GC(2758) PSYoungGen: 192896K(273408K)->320K(268288K) Eden: 192512K(192512K)->0K(192512K) From: 384K(80896K)->320K(75776K)
[596.306s][info][gc,heap        ] GC(2758) ParOldGen: 5960K(699392K)->5960K(699392K)
[596.306s][info][gc,metaspace   ] GC(2758) Metaspace: 16646K(16960K)->16646K(16960K) NonClass: 14314K(14464K)->14314K(14464K) Class: 2331K(2496K)->2331K(2496K)
[596.306s][info][gc             ] GC(2758) Pause Young (Allocation Failure) 194M->6M(945M) 0.488ms
[596.306s][info][gc,cpu         ] GC(2758) User=0.00s Sys=0.00s Real=0.00s
[596.336s][info][gc,start       ] GC(2759) Pause Young (Allocation Failure)
[596.336s][info][gc,heap        ] GC(2759) PSYoungGen: 192832K(268288K)->352K(283648K) Eden: 192512K(192512K)->0K(212992K) From: 320K(75776K)->352K(70656K)
[596.336s][info][gc,heap        ] GC(2759) ParOldGen: 5960K(699392K)->5960K(699392K)
[596.336s][info][gc,metaspace   ] GC(2759) Metaspace: 16646K(16960K)->16646K(16960K) NonClass: 14314K(14464K)->14314K(14464K) Class: 2331K(2496K)->2331K(2496K)
[596.336s][info][gc             ] GC(2759) Pause Young (Allocation Failure) 194M->6M(960M) 0.468ms
[596.336s][info][gc,cpu         ] GC(2759) User=0.00s Sys=0.00s Real=0.00s
[596.370s][info][gc,start       ] GC(2760) Pause Young (Allocation Failure)
[596.370s][info][gc,heap        ] GC(2760) PSYoungGen: 213344K(283648K)->352K(278528K) Eden: 212992K(212992K)->0K(212992K) From: 352K(70656K)->352K(65536K)
[596.370s][info][gc,heap        ] GC(2760) ParOldGen: 5960K(699392K)->5960K(699392K)
[596.370s][info][gc,metaspace   ] GC(2760) Metaspace: 16646K(16960K)->16646K(16960K) NonClass: 14314K(14464K)->14314K(14464K) Class: 2331K(2496K)->2331K(2496K)
[596.370s][info][gc             ] GC(2760) Pause Young (Allocation Failure) 214M->6M(955M) 0.496ms
[596.370s][info][gc,cpu         ] GC(2760) User=0.00s Sys=0.00s Real=0.00s
[596.405s][info][gc,start       ] GC(2761) Pause Young (Allocation Failure)
[596.405s][info][gc,heap        ] GC(2761) PSYoungGen: 213344K(278528K)->288K(292352K) Eden: 212992K(212992K)->0K(231424K) From: 352K(65536K)->288K(60928K)
[596.405s][info][gc,heap        ] GC(2761) ParOldGen: 5960K(699392K)->5960K(699392K)
[596.405s][info][gc,metaspace   ] GC(2761) Metaspace: 16646K(16960K)->16646K(16960K) NonClass: 14314K(14464K)->14314K(14464K) Class: 2331K(2496K)->2331K(2496K)
[596.405s][info][gc             ] GC(2761) Pause Young (Allocation Failure) 214M->6M(968M) 0.480ms
[596.405s][info][gc,cpu         ] GC(2761) User=0.00s Sys=0.00s Real=0.00s
[596.465s][info][gc,start       ] GC(2762) Pause Young (Allocation Failure)
[596.493s][info][gc,heap        ] GC(2762) PSYoungGen: 231712K(292352K)->53585K(285184K) Eden: 231424K(231424K)->0K(231424K) From: 288K(60928K)->53585K(53760K)
[596.493s][info][gc,heap        ] GC(2762) ParOldGen: 5960K(699392K)->5960K(699392K)
[596.493s][info][gc,metaspace   ] GC(2762) Metaspace: 16646K(16960K)->16646K(16960K) NonClass: 14314K(14464K)->14314K(14464K) Class: 2331K(2496K)->2331K(2496K)
[596.493s][info][gc             ] GC(2762) Pause Young (Allocation Failure) 232M->58M(961M) 27.777ms
[596.493s][info][gc,cpu         ] GC(2762) User=0.00s Sys=0.00s Real=0.02s
[596.641s][info][gc,start       ] GC(2763) Pause Young (Allocation Failure)
[596.747s][info][gc,heap        ] GC(2763) PSYoungGen: 285009K(285184K)->63971K(180736K) Eden: 231424K(231424K)->0K(116736K) From: 53585K(53760K)->63971K(64000K)
[596.747s][info][gc,heap        ] GC(2763) ParOldGen: 5960K(699392K)->153552K(699392K)
[596.747s][info][gc,metaspace   ] GC(2763) Metaspace: 16646K(16960K)->16646K(16960K) NonClass: 14314K(14464K)->14314K(14464K) Class: 2331K(2496K)->2331K(2496K)
[596.747s][info][gc             ] GC(2763) Pause Young (Allocation Failure) 284M->212M(859M) 106.216ms
[596.747s][info][gc,cpu         ] GC(2763) User=0.58s Sys=0.00s Real=0.11s
[596.828s][info][gc,start       ] GC(2764) Pause Young (Allocation Failure)
[596.897s][info][gc,heap        ] GC(2764) PSYoungGen: 180707K(180736K)->116210K(232960K) Eden: 116736K(116736K)->0K(116736K) From: 63971K(64000K)->116210K(116224K)
[596.900s][info][gc,heap        ] GC(2764) ParOldGen: 153552K(699392K)->181168K(699392K)
[596.900s][info][gc,metaspace   ] GC(2764) Metaspace: 16646K(16960K)->16646K(16960K) NonClass: 14314K(14464K)->14314K(14464K) Class: 2331K(2496K)->2331K(2496K)
[596.900s][info][gc             ] GC(2764) Pause Young (Allocation Failure) 326M->290M(910M) 72.045ms
[596.900s][info][gc,cpu         ] GC(2764) User=0.36s Sys=0.00s Real=0.06s
[596.989s][info][gc,start       ] GC(2765) Pause Young (Allocation Failure)
[597.086s][info][gc,heap        ] GC(2765) PSYoungGen: 232946K(232960K)->116195K(232960K) Eden: 116736K(116736K)->0K(116736K) From: 116210K(116224K)->116195K(116224K)
[597.086s][info][gc,heap        ] GC(2765) ParOldGen: 181168K(699392K)->263048K(699392K)
[597.086s][info][gc,metaspace   ] GC(2765) Metaspace: 16646K(16960K)->16646K(16960K) NonClass: 14314K(14464K)->14314K(14464K) Class: 2331K(2496K)->2331K(2496K)
[597.086s][info][gc             ] GC(2765) Pause Young (Allocation Failure) 404M->370M(910M) 96.850ms
[597.086s][info][gc,cpu         ] GC(2765) User=0.48s Sys=0.00s Real=0.09s
[597.194s][info][gc,start       ] GC(2766) Pause Young (Allocation Failure)
[597.296s][info][gc,heap        ] GC(2766) PSYoungGen: 232931K(232960K)->116195K(232960K) Eden: 116736K(116736K)->0K(116736K) From: 116195K(116224K)->116195K(116224K)
[597.296s][info][gc,heap        ] GC(2766) ParOldGen: 263048K(699392K)->334945K(699392K)
[597.296s][info][gc,metaspace   ] GC(2766) Metaspace: 16646K(16960K)->16646K(16960K) NonClass: 14314K(14464K)->14314K(14464K) Class: 2331K(2496K)->2331K(2496K)
[597.296s][info][gc             ] GC(2766) Pause Young (Allocation Failure) 484M->440M(910M) 102.335ms
[597.296s][info][gc,cpu         ] GC(2766) User=0.50s Sys=0.00s Real=0.09s
[599.703s][info][gc,start       ] GC(2767) Pause Young (Allocation Failure)
[599.780s][info][gc,heap        ] GC(2767) PSYoungGen: 232931K(232960K)->116195K(232960K) Eden: 116735K(116736K)->0K(116736K) From: 116195K(116224K)->116195K(116224K)
[599.780s][info][gc,heap        ] GC(2767) ParOldGen: 334945K(699392K)->349025K(699392K)
[599.780s][info][gc,metaspace   ] GC(2767) Metaspace: 16646K(16960K)->16646K(16960K) NonClass: 14314K(14464K)->14314K(14464K) Class: 2331K(2496K)->2331K(2496K)
[599.780s][info][gc             ] GC(2767) Pause Young (Allocation Failure) 554M->454M(910M) 77.655ms
[599.780s][info][gc,cpu         ] GC(2767) User=0.39s Sys=0.00s Real=0.08s
[599.833s][info][gc,start       ] GC(2768) Pause Young (Allocation Failure)
[599.917s][info][gc,heap        ] GC(2768) PSYoungGen: 232931K(232960K)->116224K(232960K) Eden: 116736K(116736K)->0K(116736K) From: 116195K(116224K)->116224K(116224K)
[599.917s][info][gc,heap        ] GC(2768) ParOldGen: 349025K(699392K)->399996K(699392K)
[599.917s][info][gc,metaspace   ] GC(2768) Metaspace: 16646K(16960K)->16646K(16960K) NonClass: 14314K(14464K)->14314K(14464K) Class: 2331K(2496K)->2331K(2496K)
[599.917s][info][gc             ] GC(2768) Pause Young (Allocation Failure) 568M->504M(910M) 84.127ms
[599.917s][info][gc,cpu         ] GC(2768) User=0.47s Sys=0.00s Real=0.08s
[599.972s][info][gc,start       ] GC(2769) Pause Young (Allocation Failure)
[600.043s][info][gc,heap        ] GC(2769) PSYoungGen: 232960K(232960K)->116224K(232960K) Eden: 116736K(116736K)->0K(116736K) From: 116224K(116224K)->116224K(116224K)
[600.043s][info][gc,heap        ] GC(2769) ParOldGen: 399996K(699392K)->450340K(699392K)
[600.043s][info][gc,metaspace   ] GC(2769) Metaspace: 16646K(16960K)->16646K(16960K) NonClass: 14314K(14464K)->14314K(14464K) Class: 2331K(2496K)->2331K(2496K)
[600.043s][info][gc             ] GC(2769) Pause Young (Allocation Failure) 618M->553M(910M) 70.616ms
[600.043s][info][gc,cpu         ] GC(2769) User=0.38s Sys=0.00s Real=0.06s
[600.099s][info][gc,start       ] GC(2770) Pause Young (Allocation Failure)
[600.178s][info][gc,heap        ] GC(2770) PSYoungGen: 232960K(232960K)->109248K(232960K) Eden: 116736K(116736K)->0K(116736K) From: 116224K(116224K)->109248K(116224K)
[600.178s][info][gc,heap        ] GC(2770) ParOldGen: 450340K(699392K)->507308K(699392K)
[600.178s][info][gc,metaspace   ] GC(2770) Metaspace: 16646K(16960K)->16646K(16960K) NonClass: 14314K(14464K)->14314K(14464K) Class: 2331K(2496K)->2331K(2496K)
[600.178s][info][gc             ] GC(2770) Pause Young (Allocation Failure) 667M->602M(910M) 78.747ms
[600.178s][info][gc,cpu         ] GC(2770) User=0.41s Sys=0.00s Real=0.08s
[600.234s][info][gc,start       ] GC(2771) Pause Young (Allocation Failure)
[600.306s][info][gc,heap        ] GC(2771) PSYoungGen: 225984K(232960K)->116224K(232960K) Eden: 116736K(116736K)->0K(116736K) From: 109248K(116224K)->116224K(116224K)
[600.306s][info][gc,heap        ] GC(2771) ParOldGen: 507308K(699392K)->548596K(699392K)
[600.306s][info][gc,metaspace   ] GC(2771) Metaspace: 16646K(16960K)->16646K(16960K) NonClass: 14314K(14464K)->14314K(14464K) Class: 2331K(2496K)->2331K(2496K)
[600.306s][info][gc             ] GC(2771) Pause Young (Allocation Failure) 716M->649M(910M) 71.996ms
[600.306s][info][gc,cpu         ] GC(2771) User=0.38s Sys=0.00s Real=0.06s
[600.364s][info][gc,start       ] GC(2772) Pause Young (Allocation Failure)
[600.440s][info][gc,heap        ] GC(2772) PSYoungGen: 232960K(232960K)->92832K(232960K) Eden: 116736K(116736K)->0K(116736K) From: 116224K(116224K)->92832K(116224K)
[600.440s][info][gc,heap        ] GC(2772) ParOldGen: 548596K(699392K)->620924K(699392K)
[600.440s][info][gc,metaspace   ] GC(2772) Metaspace: 16646K(16960K)->16646K(16960K) NonClass: 14314K(14464K)->14314K(14464K) Class: 2331K(2496K)->2331K(2496K)
[600.440s][info][gc             ] GC(2772) Pause Young (Allocation Failure) 763M->697M(910M) 75.894ms
[600.440s][info][gc,cpu         ] GC(2772) User=0.41s Sys=0.00s Real=0.08s
[600.498s][info][gc,start       ] GC(2773) Pause Full (Ergonomics)
[600.498s][info][gc,phases,start] GC(2773) Marking Phase
[600.579s][info][gc,phases      ] GC(2773) Marking Phase 80.203ms
[600.579s][info][gc,phases,start] GC(2773) Summary Phase
[600.579s][info][gc,phases      ] GC(2773) Summary Phase 0.022ms
[600.579s][info][gc,phases,start] GC(2773) Adjust Roots
[600.580s][info][gc,phases      ] GC(2773) Adjust Roots 1.743ms
[600.580s][info][gc,phases,start] GC(2773) Compaction Phase
[600.749s][info][gc,phases      ] GC(2773) Compaction Phase 168.751ms
[600.749s][info][gc,phases,start] GC(2773) Post Compact
[600.751s][info][gc,phases      ] GC(2773) Post Compact 1.730ms
[600.751s][info][gc,heap        ] GC(2773) PSYoungGen: 209568K(232960K)->0K(232960K) Eden: 116736K(116736K)->0K(116736K) From: 92832K(116224K)->0K(116224K)
[600.751s][info][gc,heap        ] GC(2773) ParOldGen: 620924K(699392K)->314179K(699392K)
[600.751s][info][gc,metaspace   ] GC(2773) Metaspace: 16646K(16960K)->16646K(16960K) NonClass: 14314K(14464K)->14314K(14464K) Class: 2331K(2496K)->2331K(2496K)
[600.751s][info][gc             ] GC(2773) Pause Full (Ergonomics) 811M->306M(910M) 252.816ms
[600.751s][info][gc,cpu         ] GC(2773) User=1.41s Sys=0.00s Real=0.27s
[600.810s][info][gc,start       ] GC(2774) Pause Young (Allocation Failure)
[600.834s][info][gc,heap        ] GC(2774) PSYoungGen: 116736K(232960K)->50976K(232960K) Eden: 116736K(116736K)->0K(116736K) From: 0K(116224K)->50976K(116224K)
[600.834s][info][gc,heap        ] GC(2774) ParOldGen: 314179K(699392K)->314179K(699392K)
[600.834s][info][gc,metaspace   ] GC(2774) Metaspace: 16646K(16960K)->16646K(16960K) NonClass: 14314K(14464K)->14314K(14464K) Class: 2331K(2496K)->2331K(2496K)
[600.834s][info][gc             ] GC(2774) Pause Young (Allocation Failure) 420M->356M(910M) 23.865ms
[600.834s][info][gc,cpu         ] GC(2774) User=0.09s Sys=0.00s Real=0.03s
[600.894s][info][gc,start       ] GC(2775) Pause Young (Allocation Failure)
[600.938s][info][gc,heap        ] GC(2775) PSYoungGen: 167712K(232960K)->51072K(232960K) Eden: 116736K(116736K)->0K(116736K) From: 50976K(116224K)->51072K(116224K)
[600.938s][info][gc,heap        ] GC(2775) ParOldGen: 314179K(699392K)->362179K(699392K)
[600.938s][info][gc,metaspace   ] GC(2775) Metaspace: 16646K(16960K)->16646K(16960K) NonClass: 14314K(14464K)->14314K(14464K) Class: 2331K(2496K)->2331K(2496K)
[600.938s][info][gc             ] GC(2775) Pause Young (Allocation Failure) 470M->403M(910M) 43.656ms
[600.938s][info][gc,cpu         ] GC(2775) User=0.16s Sys=0.00s Real=0.03s
[601.155s][info][gc,start       ] GC(2776) Pause Young (Allocation Failure)
[601.236s][info][gc,heap        ] GC(2776) PSYoungGen: 167808K(232960K)->79850K(232960K) Eden: 116736K(116736K)->0K(116736K) From: 51072K(116224K)->79850K(116224K)
[601.236s][info][gc,heap        ] GC(2776) ParOldGen: 362179K(699392K)->411243K(699392K)
[601.236s][info][gc,metaspace   ] GC(2776) Metaspace: 16646K(16960K)->16646K(16960K) NonClass: 14314K(14464K)->14314K(14464K) Class: 2331K(2496K)->2331K(2496K)
[601.236s][info][gc             ] GC(2776) Pause Young (Allocation Failure) 517M->479M(910M) 81.394ms
[601.236s][info][gc,cpu         ] GC(2776) User=0.31s Sys=0.00s Real=0.07s
[601.447s][info][gc,start       ] GC(2777) Pause Young (Allocation Failure)
[601.510s][info][gc,heap        ] GC(2777) PSYoungGen: 196586K(232960K)->4128K(232960K) Eden: 116736K(116736K)->0K(116736K) From: 79850K(116224K)->4128K(116224K)
[601.510s][info][gc,heap        ] GC(2777) ParOldGen: 411243K(699392K)->474562K(699392K)
[601.510s][info][gc,metaspace   ] GC(2777) Metaspace: 16646K(16960K)->16646K(16960K) NonClass: 14314K(14464K)->14314K(14464K) Class: 2331K(2496K)->2331K(2496K)
[601.510s][info][gc             ] GC(2777) Pause Young (Allocation Failure) 593M->467M(910M) 62.416ms
[601.510s][info][gc,cpu         ] GC(2777) User=0.39s Sys=0.00s Real=0.06s
[601.646s][info][gc,start       ] GC(2778) Pause Young (Allocation Failure)
[601.649s][info][gc,heap        ] GC(2778) PSYoungGen: 120864K(232960K)->3488K(232960K) Eden: 116736K(116736K)->0K(116736K) From: 4128K(116224K)->3488K(116224K)
[601.649s][info][gc,heap        ] GC(2778) ParOldGen: 474562K(699392K)->474986K(699392K)
[601.649s][info][gc,metaspace   ] GC(2778) Metaspace: 16646K(16960K)->16646K(16960K) NonClass: 14314K(14464K)->14314K(14464K) Class: 2331K(2496K)->2331K(2496K)
[601.649s][info][gc             ] GC(2778) Pause Young (Allocation Failure) 581M->467M(910M) 2.862ms
[601.649s][info][gc,cpu         ] GC(2778) User=0.00s Sys=0.00s Real=0.00s
[601.784s][info][gc,start       ] GC(2779) Pause Young (Allocation Failure)
[601.787s][info][gc,heap        ] GC(2779) PSYoungGen: 120224K(232960K)->2752K(232960K) Eden: 116736K(116736K)->0K(116736K) From: 3488K(116224K)->2752K(116224K)
[601.787s][info][gc,heap        ] GC(2779) ParOldGen: 474986K(699392K)->475194K(699392K)
[601.787s][info][gc,metaspace   ] GC(2779) Metaspace: 16646K(16960K)->16646K(16960K) NonClass: 14314K(14464K)->14314K(14464K) Class: 2331K(2496K)->2331K(2496K)
[601.787s][info][gc             ] GC(2779) Pause Young (Allocation Failure) 581M->466M(910M) 2.631ms
[601.787s][info][gc,cpu         ] GC(2779) User=0.00s Sys=0.00s Real=0.00s
[601.915s][info][gc,start       ] GC(2780) Pause Young (Allocation Failure)
[601.917s][info][gc,heap        ] GC(2780) PSYoungGen: 119488K(232960K)->1632K(232960K) Eden: 116736K(116736K)->0K(116736K) From: 2752K(116224K)->1632K(116224K)
[601.917s][info][gc,heap        ] GC(2780) ParOldGen: 475194K(699392K)->475242K(699392K)
[601.917s][info][gc,metaspace   ] GC(2780) Metaspace: 16646K(16960K)->16646K(16960K) NonClass: 14314K(14464K)->14314K(14464K) Class: 2331K(2496K)->2331K(2496K)
[601.917s][info][gc             ] GC(2780) Pause Young (Allocation Failure) 580M->465M(910M) 2.011ms
[601.917s][info][gc,cpu         ] GC(2780) User=0.00s Sys=0.00s Real=0.00s
[602.507s][info][gc,start       ] GC(2781) Pause Young (Allocation Failure)
[602.509s][info][gc,heap        ] GC(2781) PSYoungGen: 118368K(232960K)->2176K(232960K) Eden: 116736K(116736K)->0K(116736K) From: 1632K(116224K)->2176K(116224K)
[602.509s][info][gc,heap        ] GC(2781) ParOldGen: 475242K(699392K)->475242K(699392K)
[602.509s][info][gc,metaspace   ] GC(2781) Metaspace: 16646K(16960K)->16646K(16960K) NonClass: 14314K(14464K)->14314K(14464K) Class: 2331K(2496K)->2331K(2496K)
[602.509s][info][gc             ] GC(2781) Pause Young (Allocation Failure) 579M->466M(910M) 1.568ms
[602.509s][info][gc,cpu         ] GC(2781) User=0.00s Sys=0.00s Real=0.00s
[602.661s][info][gc,start       ] GC(2782) Pause Young (System.gc())
[602.662s][info][gc,heap        ] GC(2782) PSYoungGen: 26709K(232960K)->128K(232960K) Eden: 24533K(116736K)->0K(116736K) From: 2176K(116224K)->128K(116224K)
[602.662s][info][gc,heap        ] GC(2782) ParOldGen: 475242K(699392K)->475290K(699392K)
[602.662s][info][gc,metaspace   ] GC(2782) Metaspace: 16646K(16960K)->16646K(16960K) NonClass: 14314K(14464K)->14314K(14464K) Class: 2331K(2496K)->2331K(2496K)
[602.662s][info][gc             ] GC(2782) Pause Young (System.gc()) 490M->464M(910M) 0.636ms
[602.662s][info][gc,cpu         ] GC(2782) User=0.00s Sys=0.00s Real=0.00s
[602.662s][info][gc,start       ] GC(2783) Pause Full (System.gc())
[602.662s][info][gc,phases,start] GC(2783) Marking Phase
[602.667s][info][gc,phases      ] GC(2783) Marking Phase 5.314ms
[602.667s][info][gc,phases,start] GC(2783) Summary Phase
[602.667s][info][gc,phases      ] GC(2783) Summary Phase 0.011ms
[602.667s][info][gc,phases,start] GC(2783) Adjust Roots
[602.669s][info][gc,phases      ] GC(2783) Adjust Roots 1.801ms
[602.669s][info][gc,phases,start] GC(2783) Compaction Phase
[602.671s][info][gc,phases      ] GC(2783) Compaction Phase 1.414ms
[602.671s][info][gc,phases,start] GC(2783) Post Compact
[602.672s][info][gc,phases      ] GC(2783) Post Compact 1.854ms
[602.673s][info][gc,heap        ] GC(2783) PSYoungGen: 128K(232960K)->0K(232960K) Eden: 0K(116736K)->0K(116736K) From: 128K(116224K)->0K(116224K)
[602.673s][info][gc,heap        ] GC(2783) ParOldGen: 475290K(699392K)->5552K(699392K)
[602.673s][info][gc,metaspace   ] GC(2783) Metaspace: 16646K(16960K)->16646K(16960K) NonClass: 14314K(14464K)->14314K(14464K) Class: 2331K(2496K)->2331K(2496K)
[602.673s][info][gc             ] GC(2783) Pause Full (System.gc()) 464M->5M(910M) 10.634ms
[602.673s][info][gc,cpu         ] GC(2783) User=0.00s Sys=0.00s Real=0.01s
[603.922s][info][gc,start       ] GC(2784) Pause Young (Allocation Failure)
[603.923s][info][gc,heap        ] GC(2784) PSYoungGen: 116736K(232960K)->352K(232960K) Eden: 116736K(116736K)->0K(116736K) From: 0K(116224K)->352K(116224K)
[603.923s][info][gc,heap        ] GC(2784) ParOldGen: 5552K(699392K)->5552K(699392K)
[603.923s][info][gc,metaspace   ] GC(2784) Metaspace: 16646K(16960K)->16646K(16960K) NonClass: 14314K(14464K)->14314K(14464K) Class: 2331K(2496K)->2331K(2496K)
[603.923s][info][gc             ] GC(2784) Pause Young (Allocation Failure) 119M->5M(910M) 0.488ms
[603.923s][info][gc,cpu         ] GC(2784) User=0.00s Sys=0.00s Real=0.00s
[603.942s][info][gc,start       ] GC(2785) Pause Young (Allocation Failure)
[603.942s][info][gc,heap        ] GC(2785) PSYoungGen: 117088K(232960K)->288K(232960K) Eden: 116736K(116736K)->0K(116736K) From: 352K(116224K)->288K(116224K)
[603.942s][info][gc,heap        ] GC(2785) ParOldGen: 5552K(699392K)->5640K(699392K)
[603.942s][info][gc,metaspace   ] GC(2785) Metaspace: 16646K(16960K)->16646K(16960K) NonClass: 14314K(14464K)->14314K(14464K) Class: 2331K(2496K)->2331K(2496K)
[603.942s][info][gc             ] GC(2785) Pause Young (Allocation Failure) 119M->5M(910M) 0.460ms
[603.942s][info][gc,cpu         ] GC(2785) User=0.00s Sys=0.00s Real=0.00s
[603.961s][info][gc,start       ] GC(2786) Pause Young (Allocation Failure)
[603.962s][info][gc,heap        ] GC(2786) PSYoungGen: 117024K(232960K)->224K(232960K) Eden: 116736K(116736K)->0K(116736K) From: 288K(116224K)->224K(116224K)
[603.962s][info][gc,heap        ] GC(2786) ParOldGen: 5640K(699392K)->5688K(699392K)
[603.962s][info][gc,metaspace   ] GC(2786) Metaspace: 16646K(16960K)->16646K(16960K) NonClass: 14314K(14464K)->14314K(14464K) Class: 2331K(2496K)->2331K(2496K)
[603.962s][info][gc             ] GC(2786) Pause Young (Allocation Failure) 119M->5M(910M) 0.435ms
[603.962s][info][gc,cpu         ] GC(2786) User=0.00s Sys=0.00s Real=0.00s
[603.980s][info][gc,start       ] GC(2787) Pause Young (Allocation Failure)
[603.981s][info][gc,heap        ] GC(2787) PSYoungGen: 116960K(232960K)->352K(232960K) Eden: 116736K(116736K)->0K(116736K) From: 224K(116224K)->352K(116224K)
[603.981s][info][gc,heap        ] GC(2787) ParOldGen: 5688K(699392K)->5736K(699392K)
[603.981s][info][gc,metaspace   ] GC(2787) Metaspace: 16646K(16960K)->16646K(16960K) NonClass: 14314K(14464K)->14314K(14464K) Class: 2331K(2496K)->2331K(2496K)
[603.981s][info][gc             ] GC(2787) Pause Young (Allocation Failure) 119M->5M(910M) 0.520ms
[603.981s][info][gc,cpu         ] GC(2787) User=0.00s Sys=0.00s Real=0.00s
[604.000s][info][gc,start       ] GC(2788) Pause Young (Allocation Failure)
[604.000s][info][gc,heap        ] GC(2788) PSYoungGen: 117088K(232960K)->320K(232960K) Eden: 116736K(116736K)->0K(116736K) From: 352K(116224K)->320K(116224K)
[604.000s][info][gc,heap        ] GC(2788) ParOldGen: 5736K(699392K)->5776K(699392K)
[604.000s][info][gc,metaspace   ] GC(2788) Metaspace: 16646K(16960K)->16646K(16960K) NonClass: 14314K(14464K)->14314K(14464K) Class: 2331K(2496K)->2331K(2496K)
[604.000s][info][gc             ] GC(2788) Pause Young (Allocation Failure) 119M->5M(910M) 0.505ms
[604.000s][info][gc,cpu         ] GC(2788) User=0.00s Sys=0.00s Real=0.00s
[604.019s][info][gc,start       ] GC(2789) Pause Young (Allocation Failure)
[604.019s][info][gc,heap        ] GC(2789) PSYoungGen: 117056K(232960K)->288K(232960K) Eden: 116736K(116736K)->0K(116736K) From: 320K(116224K)->288K(116224K)
[604.019s][info][gc,heap        ] GC(2789) ParOldGen: 5776K(699392K)->5824K(699392K)
[604.019s][info][gc,metaspace   ] GC(2789) Metaspace: 16646K(16960K)->16646K(16960K) NonClass: 14314K(14464K)->14314K(14464K) Class: 2331K(2496K)->2331K(2496K)
[604.019s][info][gc             ] GC(2789) Pause Young (Allocation Failure) 119M->5M(910M) 0.431ms
[604.019s][info][gc,cpu         ] GC(2789) User=0.00s Sys=0.00s Real=0.00s
[604.038s][info][gc,start       ] GC(2790) Pause Young (Allocation Failure)
[604.039s][info][gc,heap        ] GC(2790) PSYoungGen: 117024K(232960K)->256K(232960K) Eden: 116736K(116736K)->0K(116736K) From: 288K(116224K)->256K(116224K)
[604.039s][info][gc,heap        ] GC(2790) ParOldGen: 5824K(699392K)->5872K(699392K)
[604.039s][info][gc,metaspace   ] GC(2790) Metaspace: 16646K(16960K)->16646K(16960K) NonClass: 14314K(14464K)->14314K(14464K) Class: 2331K(2496K)->2331K(2496K)
[604.039s][info][gc             ] GC(2790) Pause Young (Allocation Failure) 119M->5M(910M) 0.404ms
[604.039s][info][gc,cpu         ] GC(2790) User=0.00s Sys=0.00s Real=0.00s
[604.057s][info][gc,start       ] GC(2791) Pause Young (Allocation Failure)
[604.057s][info][gc,heap        ] GC(2791) PSYoungGen: 116992K(232960K)->256K(232960K) Eden: 116736K(116736K)->0K(116736K) From: 256K(116224K)->256K(116224K)
[604.057s][info][gc,heap        ] GC(2791) ParOldGen: 5872K(699392K)->5920K(699392K)
[604.057s][info][gc,metaspace   ] GC(2791) Metaspace: 16646K(16960K)->16646K(16960K) NonClass: 14314K(14464K)->14314K(14464K) Class: 2331K(2496K)->2331K(2496K)
[604.057s][info][gc             ] GC(2791) Pause Young (Allocation Failure) 119M->6M(910M) 0.479ms
[604.057s][info][gc,cpu         ] GC(2791) User=0.00s Sys=0.00s Real=0.00s
[604.075s][info][gc,start       ] GC(2792) Pause Young (Allocation Failure)
[604.075s][info][gc,heap        ] GC(2792) PSYoungGen: 116992K(232960K)->320K(232960K) Eden: 116736K(116736K)->0K(116736K) From: 256K(116224K)->320K(116224K)
[604.075s][info][gc,heap        ] GC(2792) ParOldGen: 5920K(699392K)->5960K(699392K)
[604.075s][info][gc,metaspace   ] GC(2792) Metaspace: 16646K(16960K)->16646K(16960K) NonClass: 14314K(14464K)->14314K(14464K) Class: 2331K(2496K)->2331K(2496K)
[604.075s][info][gc             ] GC(2792) Pause Young (Allocation Failure) 120M->6M(910M) 0.447ms
[604.075s][info][gc,cpu         ] GC(2792) User=0.00s Sys=0.00s Real=0.00s
[604.094s][info][gc,start       ] GC(2793) Pause Young (Allocation Failure)
[604.094s][info][gc,heap        ] GC(2793) PSYoungGen: 117056K(232960K)->192K(232960K) Eden: 116736K(116736K)->0K(116736K) From: 320K(116224K)->192K(116224K)
[604.094s][info][gc,heap        ] GC(2793) ParOldGen: 5960K(699392K)->6024K(699392K)
[604.094s][info][gc,metaspace   ] GC(2793) Metaspace: 16646K(16960K)->16646K(16960K) NonClass: 14314K(14464K)->14314K(14464K) Class: 2331K(2496K)->2331K(2496K)
[604.094s][info][gc             ] GC(2793) Pause Young (Allocation Failure) 120M->6M(910M) 0.445ms
[604.094s][info][gc,cpu         ] GC(2793) User=0.00s Sys=0.00s Real=0.00s
[604.112s][info][gc,start       ] GC(2794) Pause Young (Allocation Failure)
[604.112s][info][gc,heap        ] GC(2794) PSYoungGen: 116928K(232960K)->320K(233472K) Eden: 116736K(116736K)->0K(117248K) From: 192K(116224K)->320K(116224K)
[604.112s][info][gc,heap        ] GC(2794) ParOldGen: 6024K(699392K)->6072K(699392K)
[604.112s][info][gc,metaspace   ] GC(2794) Metaspace: 16646K(16960K)->16646K(16960K) NonClass: 14314K(14464K)->14314K(14464K) Class: 2331K(2496K)->2331K(2496K)
[604.112s][info][gc             ] GC(2794) Pause Young (Allocation Failure) 120M->6M(911M) 0.436ms
[604.112s][info][gc,cpu         ] GC(2794) User=0.00s Sys=0.00s Real=0.00s
[604.130s][info][gc,start       ] GC(2795) Pause Young (Allocation Failure)
[604.130s][info][gc,heap        ] GC(2795) PSYoungGen: 117568K(233472K)->320K(232960K) Eden: 117248K(117248K)->0K(117248K) From: 320K(116224K)->320K(115712K)
[604.130s][info][gc,heap        ] GC(2795) ParOldGen: 6072K(699392K)->6072K(699392K)
[604.131s][info][gc,metaspace   ] GC(2795) Metaspace: 16646K(16960K)->16646K(16960K) NonClass: 14314K(14464K)->14314K(14464K) Class: 2331K(2496K)->2331K(2496K)
[604.131s][info][gc             ] GC(2795) Pause Young (Allocation Failure) 120M->6M(910M) 0.536ms
[604.131s][info][gc,cpu         ] GC(2795) User=0.00s Sys=0.00s Real=0.00s
[604.149s][info][gc,start       ] GC(2796) Pause Young (Allocation Failure)
[604.149s][info][gc,heap        ] GC(2796) PSYoungGen: 117568K(232960K)->320K(247808K) Eden: 117248K(117248K)->0K(139264K) From: 320K(115712K)->320K(108544K)
[604.149s][info][gc,heap        ] GC(2796) ParOldGen: 6072K(699392K)->6072K(699392K)
[604.149s][info][gc,metaspace   ] GC(2796) Metaspace: 16646K(16960K)->16646K(16960K) NonClass: 14314K(14464K)->14314K(14464K) Class: 2331K(2496K)->2331K(2496K)
[604.149s][info][gc             ] GC(2796) Pause Young (Allocation Failure) 120M->6M(925M) 0.396ms
[604.149s][info][gc,cpu         ] GC(2796) User=0.00s Sys=0.00s Real=0.00s
[604.171s][info][gc,start       ] GC(2797) Pause Young (Allocation Failure)
[604.171s][info][gc,heap        ] GC(2797) PSYoungGen: 139584K(247808K)->384K(240640K) Eden: 139264K(139264K)->0K(139264K) From: 320K(108544K)->384K(101376K)
[604.171s][info][gc,heap        ] GC(2797) ParOldGen: 6072K(699392K)->6072K(699392K)
[604.171s][info][gc,metaspace   ] GC(2797) Metaspace: 16646K(16960K)->16646K(16960K) NonClass: 14314K(14464K)->14314K(14464K) Class: 2331K(2496K)->2331K(2496K)
[604.171s][info][gc             ] GC(2797) Pause Young (Allocation Failure) 142M->6M(918M) 0.456ms
[604.171s][info][gc,cpu         ] GC(2797) User=0.00s Sys=0.00s Real=0.00s
[604.193s][info][gc,start       ] GC(2798) Pause Young (Allocation Failure)
[604.193s][info][gc,heap        ] GC(2798) PSYoungGen: 139648K(240640K)->352K(261120K) Eden: 139264K(139264K)->0K(166400K) From: 384K(101376K)->352K(94720K)
[604.193s][info][gc,heap        ] GC(2798) ParOldGen: 6072K(699392K)->6072K(699392K)
[604.193s][info][gc,metaspace   ] GC(2798) Metaspace: 16646K(16960K)->16646K(16960K) NonClass: 14314K(14464K)->14314K(14464K) Class: 2331K(2496K)->2331K(2496K)
[604.193s][info][gc             ] GC(2798) Pause Young (Allocation Failure) 142M->6M(938M) 0.622ms
[604.193s][info][gc,cpu         ] GC(2798) User=0.02s Sys=0.00s Real=0.02s
[604.219s][info][gc,start       ] GC(2799) Pause Young (Allocation Failure)
[604.219s][info][gc,heap        ] GC(2799) PSYoungGen: 166752K(261120K)->384K(254464K) Eden: 166400K(166400K)->0K(166400K) From: 352K(94720K)->384K(88064K)
[604.219s][info][gc,heap        ] GC(2799) ParOldGen: 6072K(699392K)->6072K(699392K)
[604.220s][info][gc,metaspace   ] GC(2799) Metaspace: 16646K(16960K)->16646K(16960K) NonClass: 14314K(14464K)->14314K(14464K) Class: 2331K(2496K)->2331K(2496K)
[604.220s][info][gc             ] GC(2799) Pause Young (Allocation Failure) 168M->6M(931M) 0.495ms
[604.220s][info][gc,cpu         ] GC(2799) User=0.00s Sys=0.00s Real=0.00s
[604.246s][info][gc,start       ] GC(2800) Pause Young (Allocation Failure)
[604.246s][info][gc,heap        ] GC(2800) PSYoungGen: 166784K(254464K)->384K(272896K) Eden: 166400K(166400K)->0K(190976K) From: 384K(88064K)->384K(81920K)
[604.246s][info][gc,heap        ] GC(2800) ParOldGen: 6072K(699392K)->6072K(699392K)
[604.246s][info][gc,metaspace   ] GC(2800) Metaspace: 16646K(16960K)->16646K(16960K) NonClass: 14314K(14464K)->14314K(14464K) Class: 2331K(2496K)->2331K(2496K)
[604.246s][info][gc             ] GC(2800) Pause Young (Allocation Failure) 168M->6M(949M) 0.423ms
[604.246s][info][gc,cpu         ] GC(2800) User=0.00s Sys=0.00s Real=0.00s
[604.276s][info][gc,start       ] GC(2801) Pause Young (Allocation Failure)
[604.277s][info][gc,heap        ] GC(2801) PSYoungGen: 191360K(272896K)->384K(267264K) Eden: 190976K(190976K)->0K(190976K) From: 384K(81920K)->384K(76288K)
[604.277s][info][gc,heap        ] GC(2801) ParOldGen: 6072K(699392K)->6072K(699392K)
[604.277s][info][gc,metaspace   ] GC(2801) Metaspace: 16646K(16960K)->16646K(16960K) NonClass: 14314K(14464K)->14314K(14464K) Class: 2331K(2496K)->2331K(2496K)
[604.277s][info][gc             ] GC(2801) Pause Young (Allocation Failure) 192M->6M(944M) 0.445ms
[604.277s][info][gc,cpu         ] GC(2801) User=0.00s Sys=0.00s Real=0.00s
[604.307s][info][gc,start       ] GC(2802) Pause Young (Allocation Failure)
[604.307s][info][gc,heap        ] GC(2802) PSYoungGen: 191360K(267264K)->320K(283136K) Eden: 190976K(190976K)->0K(211968K) From: 384K(76288K)->320K(71168K)
[604.307s][info][gc,heap        ] GC(2802) ParOldGen: 6072K(699392K)->6072K(699392K)
[604.307s][info][gc,metaspace   ] GC(2802) Metaspace: 16646K(16960K)->16646K(16960K) NonClass: 14314K(14464K)->14314K(14464K) Class: 2331K(2496K)->2331K(2496K)
[604.307s][info][gc             ] GC(2802) Pause Young (Allocation Failure) 192M->6M(959M) 0.413ms
[604.307s][info][gc,cpu         ] GC(2802) User=0.00s Sys=0.00s Real=0.00s
[604.341s][info][gc,start       ] GC(2803) Pause Young (Allocation Failure)
[604.342s][info][gc,heap        ] GC(2803) PSYoungGen: 212288K(283136K)->288K(278016K) Eden: 211968K(211968K)->0K(211968K) From: 320K(71168K)->288K(66048K)
[604.342s][info][gc,heap        ] GC(2803) ParOldGen: 6072K(699392K)->6072K(699392K)
[604.342s][info][gc,metaspace   ] GC(2803) Metaspace: 16646K(16960K)->16646K(16960K) NonClass: 14314K(14464K)->14314K(14464K) Class: 2331K(2496K)->2331K(2496K)
[604.342s][info][gc             ] GC(2803) Pause Young (Allocation Failure) 213M->6M(954M) 0.413ms
[604.342s][info][gc,cpu         ] GC(2803) User=0.00s Sys=0.00s Real=0.00s
[604.390s][info][gc,start       ] GC(2804) Pause Young (Allocation Failure)
[604.406s][info][gc,heap        ] GC(2804) PSYoungGen: 212256K(278016K)->41187K(272896K) Eden: 211968K(211968K)->0K(211968K) From: 288K(66048K)->41187K(60928K)
[604.406s][info][gc,heap        ] GC(2804) ParOldGen: 6072K(699392K)->6072K(699392K)
[604.406s][info][gc,metaspace   ] GC(2804) Metaspace: 16646K(16960K)->16646K(16960K) NonClass: 14314K(14464K)->14314K(14464K) Class: 2331K(2496K)->2331K(2496K)
[604.406s][info][gc             ] GC(2804) Pause Young (Allocation Failure) 213M->46M(949M) 16.025ms
[604.406s][info][gc,cpu         ] GC(2804) User=0.02s Sys=0.00s Real=0.02s
[604.539s][info][gc,start       ] GC(2805) Pause Young (Allocation Failure)
[604.629s][info][gc,heap        ] GC(2805) PSYoungGen: 253155K(272896K)->68579K(280576K) Eden: 211968K(211968K)->0K(211968K) From: 41187K(60928K)->68579K(68608K)
[604.629s][info][gc,heap        ] GC(2805) ParOldGen: 6072K(699392K)->119808K(699392K)
[604.629s][info][gc,metaspace   ] GC(2805) Metaspace: 16646K(16960K)->16646K(16960K) NonClass: 14314K(14464K)->14314K(14464K) Class: 2331K(2496K)->2331K(2496K)
[604.629s][info][gc             ] GC(2805) Pause Young (Allocation Failure) 253M->183M(957M) 90.072ms
[604.629s][info][gc,cpu         ] GC(2805) User=0.47s Sys=0.00s Real=0.08s
[604.781s][info][gc,start       ] GC(2806) Pause Young (Allocation Failure)
[604.894s][info][gc,heap        ] GC(2806) PSYoungGen: 280547K(280576K)->68579K(185344K) Eden: 211968K(211968K)->0K(116736K) From: 68579K(68608K)->68579K(68608K)
[604.895s][info][gc,heap        ] GC(2806) ParOldGen: 119808K(699392K)->265672K(699392K)
[604.895s][info][gc,metaspace   ] GC(2806) Metaspace: 16646K(16960K)->16646K(16960K) NonClass: 14314K(14464K)->14314K(14464K) Class: 2331K(2496K)->2331K(2496K)
[604.895s][info][gc             ] GC(2806) Pause Young (Allocation Failure) 390M->326M(864M) 114.026ms
[604.895s][info][gc,cpu         ] GC(2806) User=0.66s Sys=0.00s Real=0.11s
[604.980s][info][gc,start       ] GC(2807) Pause Young (Allocation Failure)
[605.052s][info][gc,heap        ] GC(2807) PSYoungGen: 185315K(185344K)->116195K(232960K) Eden: 116736K(116736K)->0K(116736K) From: 68579K(68608K)->116195K(116224K)
[605.052s][info][gc,heap        ] GC(2807) ParOldGen: 265672K(699392K)->298760K(699392K)
[605.052s][info][gc,metaspace   ] GC(2807) Metaspace: 16646K(16960K)->16646K(16960K) NonClass: 14314K(14464K)->14314K(14464K) Class: 2331K(2496K)->2331K(2496K)
[605.052s][info][gc             ] GC(2807) Pause Young (Allocation Failure) 440M->405M(910M) 71.388ms
[605.052s][info][gc,cpu         ] GC(2807) User=0.38s Sys=0.00s Real=0.06s
[605.302s][info][gc,start       ] GC(2808) Pause Young (Allocation Failure)
[605.384s][info][gc,heap        ] GC(2808) PSYoungGen: 232931K(232960K)->116195K(232960K) Eden: 116736K(116736K)->0K(116736K) From: 116195K(116224K)->116195K(116224K)
[605.384s][info][gc,heap        ] GC(2808) ParOldGen: 298760K(699392K)->331465K(699392K)
[605.384s][info][gc,metaspace   ] GC(2808) Metaspace: 16646K(16960K)->16646K(16960K) NonClass: 14314K(14464K)->14314K(14464K) Class: 2331K(2496K)->2331K(2496K)
[605.384s][info][gc             ] GC(2808) Pause Young (Allocation Failure) 519M->437M(910M) 81.874ms
[605.384s][info][gc,cpu         ] GC(2808) User=0.39s Sys=0.00s Real=0.08s
[608.124s][info][gc,start       ] GC(2809) Pause Young (Allocation Failure)
[608.205s][info][gc,heap        ] GC(2809) PSYoungGen: 232931K(232960K)->116195K(232960K) Eden: 116736K(116736K)->0K(116736K) From: 116195K(116224K)->116195K(116224K)
[608.205s][info][gc,heap        ] GC(2809) ParOldGen: 331465K(699392K)->369753K(699392K)
[608.205s][info][gc,metaspace   ] GC(2809) Metaspace: 16646K(16960K)->16646K(16960K) NonClass: 14314K(14464K)->14314K(14464K) Class: 2331K(2496K)->2331K(2496K)
[608.205s][info][gc             ] GC(2809) Pause Young (Allocation Failure) 551M->474M(910M) 80.974ms
[608.205s][info][gc,cpu         ] GC(2809) User=0.47s Sys=0.00s Real=0.08s
[608.261s][info][gc,start       ] GC(2810) Pause Young (Allocation Failure)
[608.347s][info][gc,heap        ] GC(2810) PSYoungGen: 232931K(232960K)->116224K(232960K) Eden: 116736K(116736K)->0K(116736K) From: 116195K(116224K)->116224K(116224K)
[608.347s][info][gc,heap        ] GC(2810) ParOldGen: 369753K(699392K)->420332K(699392K)
[608.347s][info][gc,metaspace   ] GC(2810) Metaspace: 16646K(16960K)->16646K(16960K) NonClass: 14314K(14464K)->14314K(14464K) Class: 2331K(2496K)->2331K(2496K)
[608.347s][info][gc             ] GC(2810) Pause Young (Allocation Failure) 588M->523M(910M) 85.871ms
[608.347s][info][gc,cpu         ] GC(2810) User=0.44s Sys=0.02s Real=0.08s
[608.404s][info][gc,start       ] GC(2811) Pause Young (Allocation Failure)
[608.477s][info][gc,heap        ] GC(2811) PSYoungGen: 232960K(232960K)->116224K(232960K) Eden: 116736K(116736K)->0K(116736K) From: 116224K(116224K)->116224K(116224K)
[608.477s][info][gc,heap        ] GC(2811) ParOldGen: 420332K(699392K)->470604K(699392K)
[608.477s][info][gc,metaspace   ] GC(2811) Metaspace: 16646K(16960K)->16646K(16960K) NonClass: 14314K(14464K)->14314K(14464K) Class: 2331K(2496K)->2331K(2496K)
[608.477s][info][gc             ] GC(2811) Pause Young (Allocation Failure) 637M->573M(910M) 72.473ms
[608.477s][info][gc,cpu         ] GC(2811) User=0.36s Sys=0.00s Real=0.07s
[608.534s][info][gc,start       ] GC(2812) Pause Young (Allocation Failure)
[608.606s][info][gc,heap        ] GC(2812) PSYoungGen: 232960K(232960K)->116224K(232960K) Eden: 116736K(116736K)->0K(116736K) From: 116224K(116224K)->116224K(116224K)
[608.606s][info][gc,heap        ] GC(2812) ParOldGen: 470604K(699392K)->519796K(699392K)
[608.606s][info][gc,metaspace   ] GC(2812) Metaspace: 16646K(16960K)->16646K(16960K) NonClass: 14314K(14464K)->14314K(14464K) Class: 2331K(2496K)->2331K(2496K)
[608.606s][info][gc             ] GC(2812) Pause Young (Allocation Failure) 687M->621M(910M) 72.640ms
[608.606s][info][gc,cpu         ] GC(2812) User=0.45s Sys=0.00s Real=0.08s
[608.664s][info][gc,start       ] GC(2813) Pause Young (Allocation Failure)
[608.736s][info][gc,heap        ] GC(2813) PSYoungGen: 232960K(232960K)->90528K(232960K) Eden: 116736K(116736K)->0K(116736K) From: 116224K(116224K)->90528K(116224K)
[608.736s][info][gc,heap        ] GC(2813) ParOldGen: 519796K(699392K)->595236K(699392K)
[608.736s][info][gc,metaspace   ] GC(2813) Metaspace: 16646K(16960K)->16646K(16960K) NonClass: 14314K(14464K)->14314K(14464K) Class: 2331K(2496K)->2331K(2496K)
[608.736s][info][gc             ] GC(2813) Pause Young (Allocation Failure) 735M->669M(910M) 72.104ms
[608.736s][info][gc,cpu         ] GC(2813) User=0.45s Sys=0.00s Real=0.07s
[608.794s][info][gc,start       ] GC(2814) Pause Full (Ergonomics)
[608.795s][info][gc,phases,start] GC(2814) Marking Phase
[608.868s][info][gc,phases      ] GC(2814) Marking Phase 73.396ms
[608.868s][info][gc,phases,start] GC(2814) Summary Phase
[608.868s][info][gc,phases      ] GC(2814) Summary Phase 0.020ms
[608.868s][info][gc,phases,start] GC(2814) Adjust Roots
[608.870s][info][gc,phases      ] GC(2814) Adjust Roots 1.688ms
[608.870s][info][gc,phases,start] GC(2814) Compaction Phase
[609.019s][info][gc,phases      ] GC(2814) Compaction Phase 149.707ms
[609.019s][info][gc,phases,start] GC(2814) Post Compact
[609.021s][info][gc,phases      ] GC(2814) Post Compact 1.607ms
[609.021s][info][gc,heap        ] GC(2814) PSYoungGen: 207264K(232960K)->0K(232960K) Eden: 116736K(116736K)->0K(116736K) From: 90528K(116224K)->0K(116224K)
[609.021s][info][gc,heap        ] GC(2814) ParOldGen: 595236K(699392K)->288624K(699392K)
[609.021s][info][gc,metaspace   ] GC(2814) Metaspace: 16646K(16960K)->16646K(16960K) NonClass: 14314K(14464K)->14314K(14464K) Class: 2331K(2496K)->2331K(2496K)
[609.021s][info][gc             ] GC(2814) Pause Full (Ergonomics) 783M->281M(910M) 226.724ms
[609.021s][info][gc,cpu         ] GC(2814) User=1.16s Sys=0.00s Real=0.22s
[609.079s][info][gc,start       ] GC(2815) Pause Young (Allocation Failure)
[609.103s][info][gc,heap        ] GC(2815) PSYoungGen: 116736K(232960K)->50944K(232960K) Eden: 116736K(116736K)->0K(116736K) From: 0K(116224K)->50944K(116224K)
[609.103s][info][gc,heap        ] GC(2815) ParOldGen: 288624K(699392K)->288624K(699392K)
[609.103s][info][gc,metaspace   ] GC(2815) Metaspace: 16646K(16960K)->16646K(16960K) NonClass: 14314K(14464K)->14314K(14464K) Class: 2331K(2496K)->2331K(2496K)
[609.103s][info][gc             ] GC(2815) Pause Young (Allocation Failure) 395M->331M(910M) 23.960ms
[609.103s][info][gc,cpu         ] GC(2815) User=0.08s Sys=0.00s Real=0.02s
[609.163s][info][gc,start       ] GC(2816) Pause Young (Allocation Failure)
[609.207s][info][gc,heap        ] GC(2816) PSYoungGen: 167680K(232960K)->51040K(232960K) Eden: 116736K(116736K)->0K(116736K) From: 50944K(116224K)->51040K(116224K)
[609.212s][info][gc,heap        ] GC(2816) ParOldGen: 288624K(699392K)->336664K(699392K)
[609.212s][info][gc,metaspace   ] GC(2816) Metaspace: 16646K(16960K)->16646K(16960K) NonClass: 14314K(14464K)->14314K(14464K) Class: 2331K(2496K)->2331K(2496K)
[609.212s][info][gc             ] GC(2816) Pause Young (Allocation Failure) 445M->378M(910M) 48.567ms
[609.212s][info][gc,cpu         ] GC(2816) User=0.20s Sys=0.00s Real=0.06s
[609.295s][info][gc,start       ] GC(2817) Pause Young (Allocation Failure)
[609.344s][info][gc,heap        ] GC(2817) PSYoungGen: 167776K(232960K)->70410K(232960K) Eden: 116736K(116736K)->0K(116736K) From: 51040K(116224K)->70410K(116224K)
[609.344s][info][gc,heap        ] GC(2817) ParOldGen: 336664K(699392K)->384728K(699392K)
[609.344s][info][gc,metaspace   ] GC(2817) Metaspace: 16646K(16960K)->16646K(16960K) NonClass: 14314K(14464K)->14314K(14464K) Class: 2331K(2496K)->2331K(2496K)
[609.344s][info][gc             ] GC(2817) Pause Young (Allocation Failure) 492M->444M(910M) 49.043ms
[609.344s][info][gc,cpu         ] GC(2817) User=0.28s Sys=0.00s Real=0.05s
[609.645s][info][gc,start       ] GC(2818) Pause Young (Allocation Failure)
[609.724s][info][gc,heap        ] GC(2818) PSYoungGen: 187146K(232960K)->37728K(232960K) Eden: 116736K(116736K)->0K(116736K) From: 70410K(116224K)->37728K(116224K)
[609.724s][info][gc,heap        ] GC(2818) ParOldGen: 384728K(699392K)->433697K(699392K)
[609.724s][info][gc,metaspace   ] GC(2818) Metaspace: 16646K(16960K)->16646K(16960K) NonClass: 14314K(14464K)->14314K(14464K) Class: 2331K(2496K)->2331K(2496K)
[609.724s][info][gc             ] GC(2818) Pause Young (Allocation Failure) 558M->460M(910M) 78.900ms
[609.724s][info][gc,cpu         ] GC(2818) User=0.31s Sys=0.00s Real=0.08s
[609.866s][info][gc,start       ] GC(2819) Pause Young (Allocation Failure)
[609.905s][info][gc,heap        ] GC(2819) PSYoungGen: 154464K(232960K)->3840K(232960K) Eden: 116736K(116736K)->0K(116736K) From: 37728K(116224K)->3840K(116224K)
[609.905s][info][gc,heap        ] GC(2819) ParOldGen: 433697K(699392K)->462689K(699392K)
[609.905s][info][gc,metaspace   ] GC(2819) Metaspace: 16646K(16960K)->16646K(16960K) NonClass: 14314K(14464K)->14314K(14464K) Class: 2331K(2496K)->2331K(2496K)
[609.905s][info][gc             ] GC(2819) Pause Young (Allocation Failure) 574M->455M(910M) 38.387ms
[609.905s][info][gc,cpu         ] GC(2819) User=0.19s Sys=0.00s Real=0.03s
[610.043s][info][gc,start       ] GC(2820) Pause Young (Allocation Failure)
[610.045s][info][gc,heap        ] GC(2820) PSYoungGen: 120576K(232960K)->3136K(232960K) Eden: 116736K(116736K)->0K(116736K) From: 3840K(116224K)->3136K(116224K)
[610.045s][info][gc,heap        ] GC(2820) ParOldGen: 462689K(699392K)->463009K(699392K)
[610.045s][info][gc,metaspace   ] GC(2820) Metaspace: 16646K(16960K)->16646K(16960K) NonClass: 14314K(14464K)->14314K(14464K) Class: 2331K(2496K)->2331K(2496K)
[610.045s][info][gc             ] GC(2820) Pause Young (Allocation Failure) 569M->455M(910M) 2.886ms
[610.045s][info][gc,cpu         ] GC(2820) User=0.00s Sys=0.00s Real=0.00s
[610.172s][info][gc,start       ] GC(2821) Pause Young (Allocation Failure)
[610.174s][info][gc,heap        ] GC(2821) PSYoungGen: 119872K(232960K)->2336K(232960K) Eden: 116736K(116736K)->0K(116736K) From: 3136K(116224K)->2336K(116224K)
[610.175s][info][gc,heap        ] GC(2821) ParOldGen: 463009K(699392K)->463129K(699392K)
[610.175s][info][gc,metaspace   ] GC(2821) Metaspace: 16646K(16960K)->16646K(16960K) NonClass: 14314K(14464K)->14314K(14464K) Class: 2331K(2496K)->2331K(2496K)
[610.175s][info][gc             ] GC(2821) Pause Young (Allocation Failure) 569M->454M(910M) 2.325ms
[610.175s][info][gc,cpu         ] GC(2821) User=0.02s Sys=0.00s Real=0.00s
[610.307s][info][gc,start       ] GC(2822) Pause Young (Allocation Failure)
[610.308s][info][gc,heap        ] GC(2822) PSYoungGen: 119072K(232960K)->224K(232960K) Eden: 116736K(116736K)->0K(116736K) From: 2336K(116224K)->224K(116224K)
[610.308s][info][gc,heap        ] GC(2822) ParOldGen: 463129K(699392K)->463129K(699392K)
[610.308s][info][gc,metaspace   ] GC(2822) Metaspace: 16646K(16960K)->16646K(16960K) NonClass: 14314K(14464K)->14314K(14464K) Class: 2331K(2496K)->2331K(2496K)
[610.308s][info][gc             ] GC(2822) Pause Young (Allocation Failure) 568M->452M(910M) 0.841ms
[610.308s][info][gc,cpu         ] GC(2822) User=0.00s Sys=0.00s Real=0.00s
[610.976s][info][gc,start       ] GC(2823) Pause Young (System.gc())
[610.977s][info][gc,heap        ] GC(2823) PSYoungGen: 83460K(232960K)->160K(232960K) Eden: 83236K(116736K)->0K(116736K) From: 224K(116224K)->160K(116224K)
[610.977s][info][gc,heap        ] GC(2823) ParOldGen: 463129K(699392K)->463169K(699392K)
[610.977s][info][gc,metaspace   ] GC(2823) Metaspace: 16646K(16960K)->16646K(16960K) NonClass: 14314K(14464K)->14314K(14464K) Class: 2331K(2496K)->2331K(2496K)
[610.977s][info][gc             ] GC(2823) Pause Young (System.gc()) 533M->452M(910M) 0.729ms
[610.977s][info][gc,cpu         ] GC(2823) User=0.00s Sys=0.00s Real=0.00s
[610.977s][info][gc,start       ] GC(2824) Pause Full (System.gc())
[610.977s][info][gc,phases,start] GC(2824) Marking Phase
[610.982s][info][gc,phases      ] GC(2824) Marking Phase 4.838ms
[610.982s][info][gc,phases,start] GC(2824) Summary Phase
[610.982s][info][gc,phases      ] GC(2824) Summary Phase 0.011ms
[610.982s][info][gc,phases,start] GC(2824) Adjust Roots
[610.984s][info][gc,phases      ] GC(2824) Adjust Roots 2.420ms
[610.984s][info][gc,phases,start] GC(2824) Compaction Phase
[610.986s][info][gc,phases      ] GC(2824) Compaction Phase 1.509ms
[610.986s][info][gc,phases,start] GC(2824) Post Compact
[610.987s][info][gc,phases      ] GC(2824) Post Compact 1.611ms
[610.988s][info][gc,heap        ] GC(2824) PSYoungGen: 160K(232960K)->0K(232960K) Eden: 0K(116736K)->0K(116736K) From: 160K(116224K)->0K(116224K)
[610.988s][info][gc,heap        ] GC(2824) ParOldGen: 463169K(699392K)->5552K(699392K)
[610.988s][info][gc,metaspace   ] GC(2824) Metaspace: 16646K(16960K)->16646K(16960K) NonClass: 14314K(14464K)->14314K(14464K) Class: 2331K(2496K)->2331K(2496K)
[610.988s][info][gc             ] GC(2824) Pause Full (System.gc()) 452M->5M(910M) 10.651ms
[610.988s][info][gc,cpu         ] GC(2824) User=0.00s Sys=0.00s Real=0.00s
[612.402s][info][gc,start       ] GC(2825) Pause Young (Allocation Failure)
[612.403s][info][gc,heap        ] GC(2825) PSYoungGen: 116736K(232960K)->352K(232960K) Eden: 116736K(116736K)->0K(116736K) From: 0K(116224K)->352K(116224K)
[612.403s][info][gc,heap        ] GC(2825) ParOldGen: 5552K(699392K)->5552K(699392K)
[612.403s][info][gc,metaspace   ] GC(2825) Metaspace: 16646K(16960K)->16646K(16960K) NonClass: 14314K(14464K)->14314K(14464K) Class: 2331K(2496K)->2331K(2496K)
[612.403s][info][gc             ] GC(2825) Pause Young (Allocation Failure) 119M->5M(910M) 0.660ms
[612.403s][info][gc,cpu         ] GC(2825) User=0.00s Sys=0.00s Real=0.00s
[612.422s][info][gc,start       ] GC(2826) Pause Young (Allocation Failure)
[612.423s][info][gc,heap        ] GC(2826) PSYoungGen: 117088K(232960K)->288K(232960K) Eden: 116736K(116736K)->0K(116736K) From: 352K(116224K)->288K(116224K)
[612.423s][info][gc,heap        ] GC(2826) ParOldGen: 5552K(699392K)->5664K(699392K)
[612.423s][info][gc,metaspace   ] GC(2826) Metaspace: 16646K(16960K)->16646K(16960K) NonClass: 14314K(14464K)->14314K(14464K) Class: 2331K(2496K)->2331K(2496K)
[612.423s][info][gc             ] GC(2826) Pause Young (Allocation Failure) 119M->5M(910M) 0.706ms
[612.423s][info][gc,cpu         ] GC(2826) User=0.00s Sys=0.00s Real=0.00s
[612.445s][info][gc,start       ] GC(2827) Pause Young (Allocation Failure)
[612.445s][info][gc,heap        ] GC(2827) PSYoungGen: 117024K(232960K)->320K(232960K) Eden: 116736K(116736K)->0K(116736K) From: 288K(116224K)->320K(116224K)
[612.445s][info][gc,heap        ] GC(2827) ParOldGen: 5664K(699392K)->5704K(699392K)
[612.445s][info][gc,metaspace   ] GC(2827) Metaspace: 16646K(16960K)->16646K(16960K) NonClass: 14314K(14464K)->14314K(14464K) Class: 2331K(2496K)->2331K(2496K)
[612.445s][info][gc             ] GC(2827) Pause Young (Allocation Failure) 119M->5M(910M) 0.513ms
[612.445s][info][gc,cpu         ] GC(2827) User=0.00s Sys=0.00s Real=0.00s
[612.465s][info][gc,start       ] GC(2828) Pause Young (Allocation Failure)
[612.465s][info][gc,heap        ] GC(2828) PSYoungGen: 117056K(232960K)->288K(232960K) Eden: 116736K(116736K)->0K(116736K) From: 320K(116224K)->288K(116224K)
[612.465s][info][gc,heap        ] GC(2828) ParOldGen: 5704K(699392K)->5744K(699392K)
[612.465s][info][gc,metaspace   ] GC(2828) Metaspace: 16646K(16960K)->16646K(16960K) NonClass: 14314K(14464K)->14314K(14464K) Class: 2331K(2496K)->2331K(2496K)
[612.465s][info][gc             ] GC(2828) Pause Young (Allocation Failure) 119M->5M(910M) 0.414ms
[612.465s][info][gc,cpu         ] GC(2828) User=0.00s Sys=0.00s Real=0.00s
[612.483s][info][gc,start       ] GC(2829) Pause Young (Allocation Failure)
[612.484s][info][gc,heap        ] GC(2829) PSYoungGen: 117024K(232960K)->192K(232960K) Eden: 116736K(116736K)->0K(116736K) From: 288K(116224K)->192K(116224K)
[612.484s][info][gc,heap        ] GC(2829) ParOldGen: 5744K(699392K)->5792K(699392K)
[612.484s][info][gc,metaspace   ] GC(2829) Metaspace: 16646K(16960K)->16646K(16960K) NonClass: 14314K(14464K)->14314K(14464K) Class: 2331K(2496K)->2331K(2496K)
[612.484s][info][gc             ] GC(2829) Pause Young (Allocation Failure) 119M->5M(910M) 0.420ms
[612.484s][info][gc,cpu         ] GC(2829) User=0.00s Sys=0.00s Real=0.00s
[612.502s][info][gc,start       ] GC(2830) Pause Young (Allocation Failure)
[612.502s][info][gc,heap        ] GC(2830) PSYoungGen: 116928K(232960K)->320K(232960K) Eden: 116736K(116736K)->0K(116736K) From: 192K(116224K)->320K(116224K)
[612.502s][info][gc,heap        ] GC(2830) ParOldGen: 5792K(699392K)->5832K(699392K)
[612.502s][info][gc,metaspace   ] GC(2830) Metaspace: 16646K(16960K)->16646K(16960K) NonClass: 14314K(14464K)->14314K(14464K) Class: 2331K(2496K)->2331K(2496K)
[612.502s][info][gc             ] GC(2830) Pause Young (Allocation Failure) 119M->6M(910M) 0.449ms
[612.502s][info][gc,cpu         ] GC(2830) User=0.00s Sys=0.00s Real=0.00s
[612.520s][info][gc,start       ] GC(2831) Pause Young (Allocation Failure)
[612.520s][info][gc,heap        ] GC(2831) PSYoungGen: 117056K(232960K)->256K(232960K) Eden: 116736K(116736K)->0K(116736K) From: 320K(116224K)->256K(116224K)
[612.520s][info][gc,heap        ] GC(2831) ParOldGen: 5832K(699392K)->5880K(699392K)
[612.520s][info][gc,metaspace   ] GC(2831) Metaspace: 16646K(16960K)->16646K(16960K) NonClass: 14314K(14464K)->14314K(14464K) Class: 2331K(2496K)->2331K(2496K)
[612.520s][info][gc             ] GC(2831) Pause Young (Allocation Failure) 120M->5M(910M) 0.469ms
[612.520s][info][gc,cpu         ] GC(2831) User=0.00s Sys=0.00s Real=0.00s
[612.538s][info][gc,start       ] GC(2832) Pause Young (Allocation Failure)
[612.539s][info][gc,heap        ] GC(2832) PSYoungGen: 116992K(232960K)->192K(232960K) Eden: 116736K(116736K)->0K(116736K) From: 256K(116224K)->192K(116224K)
[612.539s][info][gc,heap        ] GC(2832) ParOldGen: 5880K(699392K)->5928K(699392K)
[612.539s][info][gc,metaspace   ] GC(2832) Metaspace: 16646K(16960K)->16646K(16960K) NonClass: 14314K(14464K)->14314K(14464K) Class: 2331K(2496K)->2331K(2496K)
[612.539s][info][gc             ] GC(2832) Pause Young (Allocation Failure) 119M->5M(910M) 0.448ms
[612.539s][info][gc,cpu         ] GC(2832) User=0.00s Sys=0.00s Real=0.00s
[612.557s][info][gc,start       ] GC(2833) Pause Young (Allocation Failure)
[612.557s][info][gc,heap        ] GC(2833) PSYoungGen: 116928K(232960K)->352K(232960K) Eden: 116736K(116736K)->0K(116736K) From: 192K(116224K)->352K(116224K)
[612.557s][info][gc,heap        ] GC(2833) ParOldGen: 5928K(699392K)->5968K(699392K)
[612.557s][info][gc,metaspace   ] GC(2833) Metaspace: 16646K(16960K)->16646K(16960K) NonClass: 14314K(14464K)->14314K(14464K) Class: 2331K(2496K)->2331K(2496K)
[612.557s][info][gc             ] GC(2833) Pause Young (Allocation Failure) 119M->6M(910M) 0.475ms
[612.557s][info][gc,cpu         ] GC(2833) User=0.00s Sys=0.00s Real=0.00s
[612.575s][info][gc,start       ] GC(2834) Pause Young (Allocation Failure)
[612.576s][info][gc,heap        ] GC(2834) PSYoungGen: 117088K(232960K)->288K(232960K) Eden: 116736K(116736K)->0K(116736K) From: 352K(116224K)->288K(116224K)
[612.576s][info][gc,heap        ] GC(2834) ParOldGen: 5968K(699392K)->6032K(699392K)
[612.576s][info][gc,metaspace   ] GC(2834) Metaspace: 16646K(16960K)->16646K(16960K) NonClass: 14314K(14464K)->14314K(14464K) Class: 2331K(2496K)->2331K(2496K)
[612.576s][info][gc             ] GC(2834) Pause Young (Allocation Failure) 120M->6M(910M) 0.581ms
[612.576s][info][gc,cpu         ] GC(2834) User=0.00s Sys=0.00s Real=0.00s
[612.595s][info][gc,start       ] GC(2835) Pause Young (Allocation Failure)
[612.595s][info][gc,heap        ] GC(2835) PSYoungGen: 117024K(232960K)->256K(232960K) Eden: 116736K(116736K)->0K(116736K) From: 288K(116224K)->256K(116224K)
[612.595s][info][gc,heap        ] GC(2835) ParOldGen: 6032K(699392K)->6080K(699392K)
[612.595s][info][gc,metaspace   ] GC(2835) Metaspace: 16646K(16960K)->16646K(16960K) NonClass: 14314K(14464K)->14314K(14464K) Class: 2331K(2496K)->2331K(2496K)
[612.595s][info][gc             ] GC(2835) Pause Young (Allocation Failure) 120M->6M(910M) 0.417ms
[612.595s][info][gc,cpu         ] GC(2835) User=0.00s Sys=0.00s Real=0.00s
[612.613s][info][gc,start       ] GC(2836) Pause Young (Allocation Failure)
[612.613s][info][gc,heap        ] GC(2836) PSYoungGen: 116992K(232960K)->288K(232960K) Eden: 116736K(116736K)->0K(116736K) From: 256K(116224K)->288K(116224K)
[612.613s][info][gc,heap        ] GC(2836) ParOldGen: 6080K(699392K)->6136K(699392K)
[612.613s][info][gc,metaspace   ] GC(2836) Metaspace: 16646K(16960K)->16646K(16960K) NonClass: 14314K(14464K)->14314K(14464K) Class: 2331K(2496K)->2331K(2496K)
[612.613s][info][gc             ] GC(2836) Pause Young (Allocation Failure) 120M->6M(910M) 0.427ms
[612.613s][info][gc,cpu         ] GC(2836) User=0.00s Sys=0.00s Real=0.00s
[612.631s][info][gc,start       ] GC(2837) Pause Young (Allocation Failure)
[612.632s][info][gc,heap        ] GC(2837) PSYoungGen: 117024K(232960K)->288K(247296K) Eden: 116736K(116736K)->0K(138240K) From: 288K(116224K)->288K(109056K)
[612.632s][info][gc,heap        ] GC(2837) ParOldGen: 6136K(699392K)->6136K(699392K)
[612.632s][info][gc,metaspace   ] GC(2837) Metaspace: 16646K(16960K)->16646K(16960K) NonClass: 14314K(14464K)->14314K(14464K) Class: 2331K(2496K)->2331K(2496K)
[612.632s][info][gc             ] GC(2837) Pause Young (Allocation Failure) 120M->6M(924M) 0.427ms
[612.632s][info][gc,cpu         ] GC(2837) User=0.00s Sys=0.00s Real=0.00s
[612.653s][info][gc,start       ] GC(2838) Pause Young (Allocation Failure)
[612.653s][info][gc,heap        ] GC(2838) PSYoungGen: 138528K(247296K)->320K(240128K) Eden: 138240K(138240K)->0K(138240K) From: 288K(109056K)->320K(101888K)
[612.653s][info][gc,heap        ] GC(2838) ParOldGen: 6136K(699392K)->6136K(699392K)
[612.653s][info][gc,metaspace   ] GC(2838) Metaspace: 16646K(16960K)->16646K(16960K) NonClass: 14314K(14464K)->14314K(14464K) Class: 2331K(2496K)->2331K(2496K)
[612.653s][info][gc             ] GC(2838) Pause Young (Allocation Failure) 141M->6M(917M) 0.431ms
[612.653s][info][gc,cpu         ] GC(2838) User=0.00s Sys=0.00s Real=0.00s
[612.675s][info][gc,start       ] GC(2839) Pause Young (Allocation Failure)
[612.676s][info][gc,heap        ] GC(2839) PSYoungGen: 138560K(240128K)->352K(260096K) Eden: 138240K(138240K)->0K(164864K) From: 320K(101888K)->352K(95232K)
[612.676s][info][gc,heap        ] GC(2839) ParOldGen: 6136K(699392K)->6136K(699392K)
[612.676s][info][gc,metaspace   ] GC(2839) Metaspace: 16646K(16960K)->16646K(16960K) NonClass: 14314K(14464K)->14314K(14464K) Class: 2331K(2496K)->2331K(2496K)
[612.676s][info][gc             ] GC(2839) Pause Young (Allocation Failure) 141M->6M(937M) 0.432ms
[612.676s][info][gc,cpu         ] GC(2839) User=0.00s Sys=0.00s Real=0.00s
[612.701s][info][gc,start       ] GC(2840) Pause Young (Allocation Failure)
[612.701s][info][gc,heap        ] GC(2840) PSYoungGen: 165216K(260096K)->320K(253952K) Eden: 164864K(164864K)->0K(164864K) From: 352K(95232K)->320K(89088K)
[612.701s][info][gc,heap        ] GC(2840) ParOldGen: 6136K(699392K)->6136K(699392K)
[612.701s][info][gc,metaspace   ] GC(2840) Metaspace: 16646K(16960K)->16646K(16960K) NonClass: 14314K(14464K)->14314K(14464K) Class: 2331K(2496K)->2331K(2496K)
[612.701s][info][gc             ] GC(2840) Pause Young (Allocation Failure) 167M->6M(931M) 0.567ms
[612.702s][info][gc,cpu         ] GC(2840) User=0.02s Sys=0.00s Real=0.02s
[612.727s][info][gc,start       ] GC(2841) Pause Young (Allocation Failure)
[612.728s][info][gc,heap        ] GC(2841) PSYoungGen: 165184K(253952K)->352K(272384K) Eden: 164864K(164864K)->0K(189440K) From: 320K(89088K)->352K(82944K)
[612.728s][info][gc,heap        ] GC(2841) ParOldGen: 6136K(699392K)->6136K(699392K)
[612.728s][info][gc,metaspace   ] GC(2841) Metaspace: 16646K(16960K)->16646K(16960K) NonClass: 14314K(14464K)->14314K(14464K) Class: 2331K(2496K)->2331K(2496K)
[612.728s][info][gc             ] GC(2841) Pause Young (Allocation Failure) 167M->6M(949M) 0.491ms
[612.728s][info][gc,cpu         ] GC(2841) User=0.00s Sys=0.00s Real=0.00s
[612.757s][info][gc,start       ] GC(2842) Pause Young (Allocation Failure)
[612.757s][info][gc,heap        ] GC(2842) PSYoungGen: 189792K(272384K)->352K(266240K) Eden: 189440K(189440K)->0K(189440K) From: 352K(82944K)->352K(76800K)
[612.757s][info][gc,heap        ] GC(2842) ParOldGen: 6136K(699392K)->6136K(699392K)
[612.757s][info][gc,metaspace   ] GC(2842) Metaspace: 16646K(16960K)->16646K(16960K) NonClass: 14314K(14464K)->14314K(14464K) Class: 2331K(2496K)->2331K(2496K)
[612.757s][info][gc             ] GC(2842) Pause Young (Allocation Failure) 191M->6M(943M) 0.453ms
[612.757s][info][gc,cpu         ] GC(2842) User=0.00s Sys=0.00s Real=0.00s
[612.787s][info][gc,start       ] GC(2843) Pause Young (Allocation Failure)
[612.787s][info][gc,heap        ] GC(2843) PSYoungGen: 189792K(266240K)->384K(282624K) Eden: 189440K(189440K)->0K(210944K) From: 352K(76800K)->384K(71680K)
[612.787s][info][gc,heap        ] GC(2843) ParOldGen: 6136K(699392K)->6136K(699392K)
[612.787s][info][gc,metaspace   ] GC(2843) Metaspace: 16646K(16960K)->16646K(16960K) NonClass: 14314K(14464K)->14314K(14464K) Class: 2331K(2496K)->2331K(2496K)
[612.787s][info][gc             ] GC(2843) Pause Young (Allocation Failure) 191M->6M(959M) 0.487ms
[612.787s][info][gc,cpu         ] GC(2843) User=0.00s Sys=0.00s Real=0.00s
[612.821s][info][gc,start       ] GC(2844) Pause Young (Allocation Failure)
[612.821s][info][gc,heap        ] GC(2844) PSYoungGen: 211328K(282624K)->256K(277504K) Eden: 210944K(210944K)->0K(210944K) From: 384K(71680K)->256K(66560K)
[612.821s][info][gc,heap        ] GC(2844) ParOldGen: 6136K(699392K)->6136K(699392K)
[612.821s][info][gc,metaspace   ] GC(2844) Metaspace: 16646K(16960K)->16646K(16960K) NonClass: 14314K(14464K)->14314K(14464K) Class: 2331K(2496K)->2331K(2496K)
[612.821s][info][gc             ] GC(2844) Pause Young (Allocation Failure) 212M->6M(954M) 0.460ms
[612.821s][info][gc,cpu         ] GC(2844) User=0.00s Sys=0.00s Real=0.00s
[612.866s][info][gc,start       ] GC(2845) Pause Young (Allocation Failure)
[612.877s][info][gc,heap        ] GC(2845) PSYoungGen: 211200K(277504K)->31427K(279552K) Eden: 210944K(210944K)->0K(218112K) From: 256K(66560K)->31427K(61440K)
[612.877s][info][gc,heap        ] GC(2845) ParOldGen: 6136K(699392K)->6136K(699392K)
[612.877s][info][gc,metaspace   ] GC(2845) Metaspace: 16646K(16960K)->16646K(16960K) NonClass: 14314K(14464K)->14314K(14464K) Class: 2331K(2496K)->2331K(2496K)
[612.877s][info][gc             ] GC(2845) Pause Young (Allocation Failure) 212M->36M(956M) 11.306ms
[612.877s][info][gc,cpu         ] GC(2845) User=0.02s Sys=0.00s Real=0.02s
[613.011s][info][gc,start       ] GC(2846) Pause Young (Allocation Failure)
[613.099s][info][gc,heap        ] GC(2846) PSYoungGen: 249539K(279552K)->65507K(283648K) Eden: 218112K(218112K)->0K(218112K) From: 31427K(61440K)->65507K(65536K)
[613.099s][info][gc,heap        ] GC(2846) ParOldGen: 6136K(699392K)->117112K(699392K)
[613.099s][info][gc,metaspace   ] GC(2846) Metaspace: 16646K(16960K)->16646K(16960K) NonClass: 14314K(14464K)->14314K(14464K) Class: 2331K(2496K)->2331K(2496K)
[613.099s][info][gc             ] GC(2846) Pause Young (Allocation Failure) 249M->178M(960M) 87.814ms
[613.099s][info][gc,cpu         ] GC(2846) User=0.47s Sys=0.02s Real=0.10s
[613.283s][info][gc,start       ] GC(2847) Pause Young (Allocation Failure)
[613.399s][info][gc,heap        ] GC(2847) PSYoungGen: 283619K(283648K)->65507K(182272K) Eden: 218112K(218112K)->0K(116736K) From: 65507K(65536K)->65507K(65536K)
[613.401s][info][gc,heap        ] GC(2847) ParOldGen: 117112K(699392K)->267480K(699392K)
[613.401s][info][gc,metaspace   ] GC(2847) Metaspace: 16646K(16960K)->16646K(16960K) NonClass: 14314K(14464K)->14314K(14464K) Class: 2331K(2496K)->2331K(2496K)
[613.401s][info][gc             ] GC(2847) Pause Young (Allocation Failure) 391M->325M(861M) 118.514ms
[613.401s][info][gc,cpu         ] GC(2847) User=0.66s Sys=0.00s Real=0.11s
[613.510s][info][gc,start       ] GC(2848) Pause Young (Allocation Failure)
[613.600s][info][gc,heap        ] GC(2848) PSYoungGen: 182243K(182272K)->116195K(232960K) Eden: 116736K(116736K)->0K(116736K) From: 65507K(65536K)->116195K(116224K)
[613.600s][info][gc,heap        ] GC(2848) ParOldGen: 267480K(699392K)->298120K(699392K)
[613.600s][info][gc,metaspace   ] GC(2848) Metaspace: 16646K(16960K)->16646K(16960K) NonClass: 14314K(14464K)->14314K(14464K) Class: 2331K(2496K)->2331K(2496K)
[613.600s][info][gc             ] GC(2848) Pause Young (Allocation Failure) 439M->404M(910M) 90.588ms
[613.600s][info][gc,cpu         ] GC(2848) User=0.39s Sys=0.00s Real=0.09s
[613.797s][info][gc,start       ] GC(2849) Pause Young (Allocation Failure)
[613.890s][info][gc,heap        ] GC(2849) PSYoungGen: 232931K(232960K)->116195K(232960K) Eden: 116736K(116736K)->0K(116736K) From: 116195K(116224K)->116195K(116224K)
[613.890s][info][gc,heap        ] GC(2849) ParOldGen: 298120K(699392K)->332881K(699392K)
[613.890s][info][gc,metaspace   ] GC(2849) Metaspace: 16646K(16960K)->16646K(16960K) NonClass: 14314K(14464K)->14314K(14464K) Class: 2331K(2496K)->2331K(2496K)
[613.890s][info][gc             ] GC(2849) Pause Young (Allocation Failure) 518M->438M(910M) 93.202ms
[613.890s][info][gc,cpu         ] GC(2849) User=0.48s Sys=0.00s Real=0.10s
[616.443s][info][gc,start       ] GC(2850) Pause Young (Allocation Failure)
[616.524s][info][gc,heap        ] GC(2850) PSYoungGen: 232931K(232960K)->116224K(232960K) Eden: 116736K(116736K)->0K(116736K) From: 116195K(116224K)->116224K(116224K)
[616.524s][info][gc,heap        ] GC(2850) ParOldGen: 332881K(699392K)->368332K(699392K)
[616.524s][info][gc,metaspace   ] GC(2850) Metaspace: 16646K(16960K)->16646K(16960K) NonClass: 14314K(14464K)->14314K(14464K) Class: 2331K(2496K)->2331K(2496K)
[616.524s][info][gc             ] GC(2850) Pause Young (Allocation Failure) 552M->473M(910M) 81.369ms
[616.524s][info][gc,cpu         ] GC(2850) User=0.44s Sys=0.00s Real=0.08s
[616.578s][info][gc,start       ] GC(2851) Pause Young (Allocation Failure)
[616.646s][info][gc,heap        ] GC(2851) PSYoungGen: 232960K(232960K)->116224K(232960K) Eden: 116736K(116736K)->0K(116736K) From: 116224K(116224K)->116224K(116224K)
[616.646s][info][gc,heap        ] GC(2851) ParOldGen: 368332K(699392K)->418700K(699392K)
[616.646s][info][gc,metaspace   ] GC(2851) Metaspace: 16646K(16960K)->16646K(16960K) NonClass: 14314K(14464K)->14314K(14464K) Class: 2331K(2496K)->2331K(2496K)
[616.646s][info][gc             ] GC(2851) Pause Young (Allocation Failure) 587M->522M(910M) 67.548ms
[616.646s][info][gc,cpu         ] GC(2851) User=0.38s Sys=0.00s Real=0.06s
[616.703s][info][gc,start       ] GC(2852) Pause Young (Allocation Failure)
[616.782s][info][gc,heap        ] GC(2852) PSYoungGen: 232960K(232960K)->96736K(232960K) Eden: 116736K(116736K)->0K(116736K) From: 116224K(116224K)->96736K(116224K)
[616.782s][info][gc,heap        ] GC(2852) ParOldGen: 418700K(699392K)->488020K(699392K)
[616.782s][info][gc,metaspace   ] GC(2852) Metaspace: 16646K(16960K)->16646K(16960K) NonClass: 14314K(14464K)->14314K(14464K) Class: 2331K(2496K)->2331K(2496K)
[616.782s][info][gc             ] GC(2852) Pause Young (Allocation Failure) 636M->571M(910M) 78.966ms
[616.782s][info][gc,cpu         ] GC(2852) User=0.47s Sys=0.00s Real=0.09s
[616.839s][info][gc,start       ] GC(2853) Pause Young (Allocation Failure)
[616.903s][info][gc,heap        ] GC(2853) PSYoungGen: 213472K(232960K)->98944K(232960K) Eden: 116736K(116736K)->0K(116736K) From: 96736K(116224K)->98944K(116224K)
[616.903s][info][gc,heap        ] GC(2853) ParOldGen: 488020K(699392K)->534316K(699392K)
[616.903s][info][gc,metaspace   ] GC(2853) Metaspace: 16646K(16960K)->16646K(16960K) NonClass: 14314K(14464K)->14314K(14464K) Class: 2331K(2496K)->2331K(2496K)
[616.903s][info][gc             ] GC(2853) Pause Young (Allocation Failure) 685M->618M(910M) 63.896ms
[616.903s][info][gc,cpu         ] GC(2853) User=0.38s Sys=0.00s Real=0.06s
[616.960s][info][gc,start       ] GC(2854) Pause Young (Allocation Failure)
[617.026s][info][gc,heap        ] GC(2854) PSYoungGen: 215680K(232960K)->50752K(232960K) Eden: 116736K(116736K)->0K(116736K) From: 98944K(116224K)->50752K(116224K)
[617.027s][info][gc,heap        ] GC(2854) ParOldGen: 534316K(699392K)->630916K(699392K)
[617.027s][info][gc,metaspace   ] GC(2854) Metaspace: 16646K(16960K)->16646K(16960K) NonClass: 14314K(14464K)->14314K(14464K) Class: 2331K(2496K)->2331K(2496K)
[617.027s][info][gc             ] GC(2854) Pause Young (Allocation Failure) 732M->665M(910M) 66.324ms
[617.027s][info][gc,cpu         ] GC(2854) User=0.38s Sys=0.00s Real=0.06s
[617.084s][info][gc,start       ] GC(2855) Pause Full (Ergonomics)
[617.084s][info][gc,phases,start] GC(2855) Marking Phase
[617.159s][info][gc,phases      ] GC(2855) Marking Phase 74.335ms
[617.159s][info][gc,phases,start] GC(2855) Summary Phase
[617.159s][info][gc,phases      ] GC(2855) Summary Phase 0.021ms
[617.159s][info][gc,phases,start] GC(2855) Adjust Roots
[617.161s][info][gc,phases      ] GC(2855) Adjust Roots 1.779ms
[617.161s][info][gc,phases,start] GC(2855) Compaction Phase
[617.317s][info][gc,phases      ] GC(2855) Compaction Phase 156.431ms
[617.317s][info][gc,phases,start] GC(2855) Post Compact
[617.319s][info][gc,phases      ] GC(2855) Post Compact 1.546ms
[617.319s][info][gc,heap        ] GC(2855) PSYoungGen: 167488K(232960K)->0K(232960K) Eden: 116736K(116736K)->0K(116736K) From: 50752K(116224K)->0K(116224K)
[617.319s][info][gc,heap        ] GC(2855) ParOldGen: 630916K(699392K)->287083K(699392K)
[617.319s][info][gc,metaspace   ] GC(2855) Metaspace: 16646K(16960K)->16646K(16960K) NonClass: 14314K(14464K)->14314K(14464K) Class: 2331K(2496K)->2331K(2496K)
[617.319s][info][gc             ] GC(2855) Pause Full (Ergonomics) 779M->280M(910M) 234.444ms
[617.319s][info][gc,cpu         ] GC(2855) User=1.22s Sys=0.00s Real=0.23s
[617.377s][info][gc,start       ] GC(2856) Pause Young (Allocation Failure)
[617.401s][info][gc,heap        ] GC(2856) PSYoungGen: 116736K(232960K)->50944K(232960K) Eden: 116736K(116736K)->0K(116736K) From: 0K(116224K)->50944K(116224K)
[617.401s][info][gc,heap        ] GC(2856) ParOldGen: 287083K(699392K)->287083K(699392K)
[617.401s][info][gc,metaspace   ] GC(2856) Metaspace: 16646K(16960K)->16646K(16960K) NonClass: 14314K(14464K)->14314K(14464K) Class: 2331K(2496K)->2331K(2496K)
[617.401s][info][gc             ] GC(2856) Pause Young (Allocation Failure) 394M->330M(910M) 23.897ms
[617.401s][info][gc,cpu         ] GC(2856) User=0.06s Sys=0.00s Real=0.03s
[617.464s][info][gc,start       ] GC(2857) Pause Young (Allocation Failure)
[617.507s][info][gc,heap        ] GC(2857) PSYoungGen: 167680K(232960K)->51040K(232960K) Eden: 116736K(116736K)->0K(116736K) From: 50944K(116224K)->51040K(116224K)
[617.509s][info][gc,heap        ] GC(2857) ParOldGen: 287083K(699392K)->335139K(699392K)
[617.509s][info][gc,metaspace   ] GC(2857) Metaspace: 16646K(16960K)->16646K(16960K) NonClass: 14314K(14464K)->14314K(14464K) Class: 2331K(2496K)->2331K(2496K)
[617.510s][info][gc             ] GC(2857) Pause Young (Allocation Failure) 444M->377M(910M) 45.201ms
[617.510s][info][gc,cpu         ] GC(2857) User=0.22s Sys=0.00s Real=0.05s
[617.590s][info][gc,start       ] GC(2858) Pause Young (Allocation Failure)
[617.638s][info][gc,heap        ] GC(2858) PSYoungGen: 167776K(232960K)->69354K(232960K) Eden: 116736K(116736K)->0K(116736K) From: 51040K(116224K)->69354K(116224K)
[617.638s][info][gc,heap        ] GC(2858) ParOldGen: 335139K(699392K)->383163K(699392K)
[617.638s][info][gc,metaspace   ] GC(2858) Metaspace: 16646K(16960K)->16646K(16960K) NonClass: 14314K(14464K)->14314K(14464K) Class: 2331K(2496K)->2331K(2496K)
[617.638s][info][gc             ] GC(2858) Pause Young (Allocation Failure) 491M->441M(910M) 47.965ms
[617.638s][info][gc,cpu         ] GC(2858) User=0.23s Sys=0.00s Real=0.04s
[617.938s][info][gc,start       ] GC(2859) Pause Young (Allocation Failure)
[618.018s][info][gc,heap        ] GC(2859) PSYoungGen: 186090K(232960K)->42080K(232960K) Eden: 116736K(116736K)->0K(116736K) From: 69354K(116224K)->42080K(116224K)
[618.019s][info][gc,heap        ] GC(2859) ParOldGen: 383163K(699392K)->434495K(699392K)
[618.019s][info][gc,metaspace   ] GC(2859) Metaspace: 16646K(16960K)->16646K(16960K) NonClass: 14314K(14464K)->14314K(14464K) Class: 2331K(2496K)->2331K(2496K)
[618.019s][info][gc             ] GC(2859) Pause Young (Allocation Failure) 555M->465M(910M) 80.470ms
[618.019s][info][gc,cpu         ] GC(2859) User=0.38s Sys=0.00s Real=0.08s
[618.157s][info][gc,start       ] GC(2860) Pause Young (Allocation Failure)
[618.198s][info][gc,heap        ] GC(2860) PSYoungGen: 158816K(232960K)->3904K(232960K) Eden: 116736K(116736K)->0K(116736K) From: 42080K(116224K)->3904K(116224K)
[618.198s][info][gc,heap        ] GC(2860) ParOldGen: 434495K(699392K)->465879K(699392K)
[618.198s][info][gc,metaspace   ] GC(2860) Metaspace: 16646K(16960K)->16646K(16960K) NonClass: 14314K(14464K)->14314K(14464K) Class: 2331K(2496K)->2331K(2496K)
[618.198s][info][gc             ] GC(2860) Pause Young (Allocation Failure) 579M->458M(910M) 40.763ms
[618.198s][info][gc,cpu         ] GC(2860) User=0.17s Sys=0.00s Real=0.05s
[618.336s][info][gc,start       ] GC(2861) Pause Young (Allocation Failure)
[618.338s][info][gc,heap        ] GC(2861) PSYoungGen: 120640K(232960K)->3136K(232960K) Eden: 116736K(116736K)->0K(116736K) From: 3904K(116224K)->3136K(116224K)
[618.338s][info][gc,heap        ] GC(2861) ParOldGen: 465879K(699392K)->466223K(699392K)
[618.338s][info][gc,metaspace   ] GC(2861) Metaspace: 16646K(16960K)->16646K(16960K) NonClass: 14314K(14464K)->14314K(14464K) Class: 2331K(2496K)->2331K(2496K)
[618.338s][info][gc             ] GC(2861) Pause Young (Allocation Failure) 572M->458M(910M) 2.822ms
[618.338s][info][gc,cpu         ] GC(2861) User=0.00s Sys=0.00s Real=0.00s
[618.466s][info][gc,start       ] GC(2862) Pause Young (Allocation Failure)
[618.468s][info][gc,heap        ] GC(2862) PSYoungGen: 119872K(232960K)->2336K(232960K) Eden: 116736K(116736K)->0K(116736K) From: 3136K(116224K)->2336K(116224K)
[618.468s][info][gc,heap        ] GC(2862) ParOldGen: 466223K(699392K)->466359K(699392K)
[618.468s][info][gc,metaspace   ] GC(2862) Metaspace: 16646K(16960K)->16646K(16960K) NonClass: 14314K(14464K)->14314K(14464K) Class: 2331K(2496K)->2331K(2496K)
[618.468s][info][gc             ] GC(2862) Pause Young (Allocation Failure) 572M->457M(910M) 2.601ms
[618.468s][info][gc,cpu         ] GC(2862) User=0.00s Sys=0.00s Real=0.00s
[618.599s][info][gc,start       ] GC(2863) Pause Young (Allocation Failure)
[618.600s][info][gc,heap        ] GC(2863) PSYoungGen: 119072K(232960K)->224K(232960K) Eden: 116736K(116736K)->0K(116736K) From: 2336K(116224K)->224K(116224K)
[618.600s][info][gc,heap        ] GC(2863) ParOldGen: 466359K(699392K)->466407K(699392K)
[618.600s][info][gc,metaspace   ] GC(2863) Metaspace: 16646K(16960K)->16646K(16960K) NonClass: 14314K(14464K)->14314K(14464K) Class: 2331K(2496K)->2331K(2496K)
[618.600s][info][gc             ] GC(2863) Pause Young (Allocation Failure) 571M->455M(910M) 1.060ms
[618.600s][info][gc,cpu         ] GC(2863) User=0.00s Sys=0.00s Real=0.00s
[619.268s][info][gc,start       ] GC(2864) Pause Young (System.gc())
[619.269s][info][gc,heap        ] GC(2864) PSYoungGen: 90125K(232960K)->192K(232960K) Eden: 89901K(116736K)->0K(116736K) From: 224K(116224K)->192K(116224K)
[619.269s][info][gc,heap        ] GC(2864) ParOldGen: 466407K(699392K)->466407K(699392K)
[619.269s][info][gc,metaspace   ] GC(2864) Metaspace: 16646K(16960K)->16646K(16960K) NonClass: 14314K(14464K)->14314K(14464K) Class: 2331K(2496K)->2331K(2496K)
[619.269s][info][gc             ] GC(2864) Pause Young (System.gc()) 543M->455M(910M) 0.630ms
[619.269s][info][gc,cpu         ] GC(2864) User=0.00s Sys=0.00s Real=0.00s
[619.269s][info][gc,start       ] GC(2865) Pause Full (System.gc())
[619.269s][info][gc,phases,start] GC(2865) Marking Phase
[619.274s][info][gc,phases      ] GC(2865) Marking Phase 4.758ms
[619.274s][info][gc,phases,start] GC(2865) Summary Phase
[619.274s][info][gc,phases      ] GC(2865) Summary Phase 0.012ms
[619.274s][info][gc,phases,start] GC(2865) Adjust Roots
[619.276s][info][gc,phases      ] GC(2865) Adjust Roots 2.609ms
[619.276s][info][gc,phases,start] GC(2865) Compaction Phase
[619.278s][info][gc,phases      ] GC(2865) Compaction Phase 1.840ms
[619.278s][info][gc,phases,start] GC(2865) Post Compact
[619.280s][info][gc,phases      ] GC(2865) Post Compact 1.839ms
[619.280s][info][gc,heap        ] GC(2865) PSYoungGen: 192K(232960K)->0K(232960K) Eden: 0K(116736K)->0K(116736K) From: 192K(116224K)->0K(116224K)
[619.280s][info][gc,heap        ] GC(2865) ParOldGen: 466407K(699392K)->5552K(699392K)
[619.280s][info][gc,metaspace   ] GC(2865) Metaspace: 16646K(16960K)->16646K(16960K) NonClass: 14314K(14464K)->14314K(14464K) Class: 2331K(2496K)->2331K(2496K)
[619.280s][info][gc             ] GC(2865) Pause Full (System.gc()) 455M->5M(910M) 11.296ms
[619.280s][info][gc,cpu         ] GC(2865) User=0.00s Sys=0.00s Real=0.01s
[620.556s][info][gc,start       ] GC(2866) Pause Young (Allocation Failure)
[620.556s][info][gc,heap        ] GC(2866) PSYoungGen: 116736K(232960K)->320K(232960K) Eden: 116736K(116736K)->0K(116736K) From: 0K(116224K)->320K(116224K)
[620.556s][info][gc,heap        ] GC(2866) ParOldGen: 5552K(699392K)->5552K(699392K)
[620.556s][info][gc,metaspace   ] GC(2866) Metaspace: 16646K(16960K)->16646K(16960K) NonClass: 14314K(14464K)->14314K(14464K) Class: 2331K(2496K)->2331K(2496K)
[620.556s][info][gc             ] GC(2866) Pause Young (Allocation Failure) 119M->5M(910M) 0.529ms
[620.556s][info][gc,cpu         ] GC(2866) User=0.00s Sys=0.00s Real=0.00s
[620.575s][info][gc,start       ] GC(2867) Pause Young (Allocation Failure)
[620.576s][info][gc,heap        ] GC(2867) PSYoungGen: 117056K(232960K)->256K(232960K) Eden: 116736K(116736K)->0K(116736K) From: 320K(116224K)->256K(116224K)
[620.576s][info][gc,heap        ] GC(2867) ParOldGen: 5552K(699392K)->5656K(699392K)
[620.576s][info][gc,metaspace   ] GC(2867) Metaspace: 16646K(16960K)->16646K(16960K) NonClass: 14314K(14464K)->14314K(14464K) Class: 2331K(2496K)->2331K(2496K)
[620.576s][info][gc             ] GC(2867) Pause Young (Allocation Failure) 119M->5M(910M) 0.550ms
[620.576s][info][gc,cpu         ] GC(2867) User=0.00s Sys=0.00s Real=0.00s
[620.594s][info][gc,start       ] GC(2868) Pause Young (Allocation Failure)
[620.595s][info][gc,heap        ] GC(2868) PSYoungGen: 116992K(232960K)->256K(232960K) Eden: 116736K(116736K)->0K(116736K) From: 256K(116224K)->256K(116224K)
[620.595s][info][gc,heap        ] GC(2868) ParOldGen: 5656K(699392K)->5696K(699392K)
[620.595s][info][gc,metaspace   ] GC(2868) Metaspace: 16646K(16960K)->16646K(16960K) NonClass: 14314K(14464K)->14314K(14464K) Class: 2331K(2496K)->2331K(2496K)
[620.595s][info][gc             ] GC(2868) Pause Young (Allocation Failure) 119M->5M(910M) 0.437ms
[620.595s][info][gc,cpu         ] GC(2868) User=0.00s Sys=0.00s Real=0.00s
[620.613s][info][gc,start       ] GC(2869) Pause Young (Allocation Failure)
[620.613s][info][gc,heap        ] GC(2869) PSYoungGen: 116992K(232960K)->256K(232960K) Eden: 116736K(116736K)->0K(116736K) From: 256K(116224K)->256K(116224K)
[620.613s][info][gc,heap        ] GC(2869) ParOldGen: 5696K(699392K)->5744K(699392K)
[620.613s][info][gc,metaspace   ] GC(2869) Metaspace: 16646K(16960K)->16646K(16960K) NonClass: 14314K(14464K)->14314K(14464K) Class: 2331K(2496K)->2331K(2496K)
[620.613s][info][gc             ] GC(2869) Pause Young (Allocation Failure) 119M->5M(910M) 0.405ms
[620.613s][info][gc,cpu         ] GC(2869) User=0.00s Sys=0.00s Real=0.00s
[620.632s][info][gc,start       ] GC(2870) Pause Young (Allocation Failure)
[620.632s][info][gc,heap        ] GC(2870) PSYoungGen: 116992K(232960K)->192K(232960K) Eden: 116736K(116736K)->0K(116736K) From: 256K(116224K)->192K(116224K)
[620.633s][info][gc,heap        ] GC(2870) ParOldGen: 5744K(699392K)->5800K(699392K)
[620.633s][info][gc,metaspace   ] GC(2870) Metaspace: 16646K(16960K)->16646K(16960K) NonClass: 14314K(14464K)->14314K(14464K) Class: 2331K(2496K)->2331K(2496K)
[620.633s][info][gc             ] GC(2870) Pause Young (Allocation Failure) 119M->5M(910M) 0.414ms
[620.633s][info][gc,cpu         ] GC(2870) User=0.00s Sys=0.00s Real=0.00s
[620.650s][info][gc,start       ] GC(2871) Pause Young (Allocation Failure)
[620.651s][info][gc,heap        ] GC(2871) PSYoungGen: 116928K(232960K)->256K(232960K) Eden: 116736K(116736K)->0K(116736K) From: 192K(116224K)->256K(116224K)
[620.651s][info][gc,heap        ] GC(2871) ParOldGen: 5800K(699392K)->5824K(699392K)
[620.651s][info][gc,metaspace   ] GC(2871) Metaspace: 16646K(16960K)->16646K(16960K) NonClass: 14314K(14464K)->14314K(14464K) Class: 2331K(2496K)->2331K(2496K)
[620.651s][info][gc             ] GC(2871) Pause Young (Allocation Failure) 119M->5M(910M) 0.456ms
[620.651s][info][gc,cpu         ] GC(2871) User=0.00s Sys=0.00s Real=0.00s
[620.668s][info][gc,start       ] GC(2872) Pause Young (Allocation Failure)
[620.669s][info][gc,heap        ] GC(2872) PSYoungGen: 116992K(232960K)->256K(232960K) Eden: 116736K(116736K)->0K(116736K) From: 256K(116224K)->256K(116224K)
[620.669s][info][gc,heap        ] GC(2872) ParOldGen: 5824K(699392K)->5880K(699392K)
[620.669s][info][gc,metaspace   ] GC(2872) Metaspace: 16646K(16960K)->16646K(16960K) NonClass: 14314K(14464K)->14314K(14464K) Class: 2331K(2496K)->2331K(2496K)
[620.669s][info][gc             ] GC(2872) Pause Young (Allocation Failure) 119M->5M(910M) 0.476ms
[620.669s][info][gc,cpu         ] GC(2872) User=0.00s Sys=0.00s Real=0.00s
[620.687s][info][gc,start       ] GC(2873) Pause Young (Allocation Failure)
[620.687s][info][gc,heap        ] GC(2873) PSYoungGen: 116992K(232960K)->224K(232960K) Eden: 116736K(116736K)->0K(116736K) From: 256K(116224K)->224K(116224K)
[620.687s][info][gc,heap        ] GC(2873) ParOldGen: 5880K(699392K)->5920K(699392K)
[620.687s][info][gc,metaspace   ] GC(2873) Metaspace: 16646K(16960K)->16646K(16960K) NonClass: 14314K(14464K)->14314K(14464K) Class: 2331K(2496K)->2331K(2496K)
[620.687s][info][gc             ] GC(2873) Pause Young (Allocation Failure) 119M->6M(910M) 0.457ms
[620.687s][info][gc,cpu         ] GC(2873) User=0.00s Sys=0.00s Real=0.00s
[620.705s][info][gc,start       ] GC(2874) Pause Young (Allocation Failure)
[620.706s][info][gc,heap        ] GC(2874) PSYoungGen: 116960K(232960K)->320K(235520K) Eden: 116736K(116736K)->0K(119296K) From: 224K(116224K)->320K(116224K)
[620.706s][info][gc,heap        ] GC(2874) ParOldGen: 5920K(699392K)->5960K(699392K)
[620.706s][info][gc,metaspace   ] GC(2874) Metaspace: 16646K(16960K)->16646K(16960K) NonClass: 14314K(14464K)->14314K(14464K) Class: 2331K(2496K)->2331K(2496K)
[620.706s][info][gc             ] GC(2874) Pause Young (Allocation Failure) 120M->6M(913M) 0.605ms
[620.706s][info][gc,cpu         ] GC(2874) User=0.00s Sys=0.00s Real=0.01s
[620.724s][info][gc,start       ] GC(2875) Pause Young (Allocation Failure)
[620.724s][info][gc,heap        ] GC(2875) PSYoungGen: 119616K(235520K)->320K(232960K) Eden: 119296K(119296K)->0K(119296K) From: 320K(116224K)->320K(113664K)
[620.724s][info][gc,heap        ] GC(2875) ParOldGen: 5960K(699392K)->5960K(699392K)
[620.724s][info][gc,metaspace   ] GC(2875) Metaspace: 16646K(16960K)->16646K(16960K) NonClass: 14314K(14464K)->14314K(14464K) Class: 2331K(2496K)->2331K(2496K)
[620.725s][info][gc             ] GC(2875) Pause Young (Allocation Failure) 122M->6M(910M) 0.407ms
[620.725s][info][gc,cpu         ] GC(2875) User=0.00s Sys=0.00s Real=0.00s
[620.743s][info][gc,start       ] GC(2876) Pause Young (Allocation Failure)
[620.743s][info][gc,heap        ] GC(2876) PSYoungGen: 119616K(232960K)->384K(248832K) Eden: 119296K(119296K)->0K(142336K) From: 320K(113664K)->384K(106496K)
[620.743s][info][gc,heap        ] GC(2876) ParOldGen: 5960K(699392K)->5960K(699392K)
[620.743s][info][gc,metaspace   ] GC(2876) Metaspace: 16646K(16960K)->16646K(16960K) NonClass: 14314K(14464K)->14314K(14464K) Class: 2331K(2496K)->2331K(2496K)
[620.743s][info][gc             ] GC(2876) Pause Young (Allocation Failure) 122M->6M(926M) 0.441ms
[620.743s][info][gc,cpu         ] GC(2876) User=0.00s Sys=0.00s Real=0.00s
[620.765s][info][gc,start       ] GC(2877) Pause Young (Allocation Failure)
[620.766s][info][gc,heap        ] GC(2877) PSYoungGen: 142720K(248832K)->352K(242688K) Eden: 142336K(142336K)->0K(142336K) From: 384K(106496K)->352K(100352K)
[620.766s][info][gc,heap        ] GC(2877) ParOldGen: 5960K(699392K)->5960K(699392K)
[620.766s][info][gc,metaspace   ] GC(2877) Metaspace: 16646K(16960K)->16646K(16960K) NonClass: 14314K(14464K)->14314K(14464K) Class: 2331K(2496K)->2331K(2496K)
[620.766s][info][gc             ] GC(2877) Pause Young (Allocation Failure) 145M->6M(920M) 0.488ms
[620.766s][info][gc,cpu         ] GC(2877) User=0.00s Sys=0.00s Real=0.00s
[620.788s][info][gc,start       ] GC(2878) Pause Young (Allocation Failure)
[620.788s][info][gc,heap        ] GC(2878) PSYoungGen: 142688K(242688K)->320K(261632K) Eden: 142336K(142336K)->0K(167936K) From: 352K(100352K)->320K(93696K)
[620.788s][info][gc,heap        ] GC(2878) ParOldGen: 5960K(699392K)->5960K(699392K)
[620.788s][info][gc,metaspace   ] GC(2878) Metaspace: 16646K(16960K)->16646K(16960K) NonClass: 14314K(14464K)->14314K(14464K) Class: 2331K(2496K)->2331K(2496K)
[620.788s][info][gc             ] GC(2878) Pause Young (Allocation Failure) 145M->6M(938M) 0.441ms
[620.788s][info][gc,cpu         ] GC(2878) User=0.00s Sys=0.00s Real=0.00s
[620.815s][info][gc,start       ] GC(2879) Pause Young (Allocation Failure)
[620.815s][info][gc,heap        ] GC(2879) PSYoungGen: 168256K(261632K)->352K(255488K) Eden: 167936K(167936K)->0K(167936K) From: 320K(93696K)->352K(87552K)
[620.815s][info][gc,heap        ] GC(2879) ParOldGen: 5960K(699392K)->5960K(699392K)
[620.815s][info][gc,metaspace   ] GC(2879) Metaspace: 16646K(16960K)->16646K(16960K) NonClass: 14314K(14464K)->14314K(14464K) Class: 2331K(2496K)->2331K(2496K)
[620.815s][info][gc             ] GC(2879) Pause Young (Allocation Failure) 170M->6M(932M) 0.454ms
[620.815s][info][gc,cpu         ] GC(2879) User=0.00s Sys=0.00s Real=0.00s
[620.843s][info][gc,start       ] GC(2880) Pause Young (Allocation Failure)
[620.843s][info][gc,heap        ] GC(2880) PSYoungGen: 168288K(255488K)->384K(272896K) Eden: 167936K(167936K)->0K(190976K) From: 352K(87552K)->384K(81920K)
[620.843s][info][gc,heap        ] GC(2880) ParOldGen: 5960K(699392K)->5960K(699392K)
[620.843s][info][gc,metaspace   ] GC(2880) Metaspace: 16646K(16960K)->16646K(16960K) NonClass: 14314K(14464K)->14314K(14464K) Class: 2331K(2496K)->2331K(2496K)
[620.843s][info][gc             ] GC(2880) Pause Young (Allocation Failure) 170M->6M(949M) 0.482ms
[620.843s][info][gc,cpu         ] GC(2880) User=0.00s Sys=0.00s Real=0.00s
[620.874s][info][gc,start       ] GC(2881) Pause Young (Allocation Failure)
[620.874s][info][gc,heap        ] GC(2881) PSYoungGen: 191360K(272896K)->352K(267264K) Eden: 190976K(190976K)->0K(190976K) From: 384K(81920K)->352K(76288K)
[620.874s][info][gc,heap        ] GC(2881) ParOldGen: 5960K(699392K)->5960K(699392K)
[620.874s][info][gc,metaspace   ] GC(2881) Metaspace: 16646K(16960K)->16646K(16960K) NonClass: 14314K(14464K)->14314K(14464K) Class: 2331K(2496K)->2331K(2496K)
[620.874s][info][gc             ] GC(2881) Pause Young (Allocation Failure) 192M->6M(944M) 0.456ms
[620.874s][info][gc,cpu         ] GC(2881) User=0.00s Sys=0.00s Real=0.00s
[620.905s][info][gc,start       ] GC(2882) Pause Young (Allocation Failure)
[620.905s][info][gc,heap        ] GC(2882) PSYoungGen: 191328K(267264K)->384K(282624K) Eden: 190976K(190976K)->0K(211456K) From: 352K(76288K)->384K(71168K)
[620.905s][info][gc,heap        ] GC(2882) ParOldGen: 5960K(699392K)->5960K(699392K)
[620.905s][info][gc,metaspace   ] GC(2882) Metaspace: 16646K(16960K)->16646K(16960K) NonClass: 14314K(14464K)->14314K(14464K) Class: 2331K(2496K)->2331K(2496K)
[620.905s][info][gc             ] GC(2882) Pause Young (Allocation Failure) 192M->6M(959M) 0.612ms
[620.905s][info][gc,cpu         ] GC(2882) User=0.00s Sys=0.00s Real=0.00s
[620.939s][info][gc,start       ] GC(2883) Pause Young (Allocation Failure)
[620.940s][info][gc,heap        ] GC(2883) PSYoungGen: 211840K(282624K)->384K(278016K) Eden: 211456K(211456K)->0K(211456K) From: 384K(71168K)->384K(66560K)
[620.940s][info][gc,heap        ] GC(2883) ParOldGen: 5960K(699392K)->5960K(699392K)
[620.940s][info][gc,metaspace   ] GC(2883) Metaspace: 16646K(16960K)->16646K(16960K) NonClass: 14314K(14464K)->14314K(14464K) Class: 2331K(2496K)->2331K(2496K)
[620.940s][info][gc             ] GC(2883) Pause Young (Allocation Failure) 212M->6M(954M) 0.486ms
[620.940s][info][gc,cpu         ] GC(2883) User=0.00s Sys=0.00s Real=0.00s
[620.973s][info][gc,start       ] GC(2884) Pause Young (Allocation Failure)
[620.974s][info][gc,heap        ] GC(2884) PSYoungGen: 211840K(278016K)->384K(291840K) Eden: 211456K(211456K)->0K(230400K) From: 384K(66560K)->384K(61440K)
[620.974s][info][gc,heap        ] GC(2884) ParOldGen: 5960K(699392K)->5960K(699392K)
[620.974s][info][gc,metaspace   ] GC(2884) Metaspace: 16646K(16960K)->16646K(16960K) NonClass: 14314K(14464K)->14314K(14464K) Class: 2331K(2496K)->2331K(2496K)
[620.974s][info][gc             ] GC(2884) Pause Young (Allocation Failure) 212M->6M(968M) 0.504ms
[620.974s][info][gc,cpu         ] GC(2884) User=0.00s Sys=0.00s Real=0.00s
[621.026s][info][gc,start       ] GC(2885) Pause Young (Allocation Failure)
[621.042s][info][gc,heap        ] GC(2885) PSYoungGen: 230784K(291840K)->44867K(275456K) Eden: 230400K(230400K)->0K(230400K) From: 384K(61440K)->44867K(45056K)
[621.042s][info][gc,heap        ] GC(2885) ParOldGen: 5960K(699392K)->5960K(699392K)
[621.042s][info][gc,metaspace   ] GC(2885) Metaspace: 16646K(16960K)->16646K(16960K) NonClass: 14314K(14464K)->14314K(14464K) Class: 2331K(2496K)->2331K(2496K)
[621.042s][info][gc             ] GC(2885) Pause Young (Allocation Failure) 231M->49M(952M) 16.853ms
[621.042s][info][gc,cpu         ] GC(2885) User=0.02s Sys=0.00s Real=0.02s
[621.190s][info][gc,start       ] GC(2886) Pause Young (Allocation Failure)
[621.289s][info][gc,heap        ] GC(2886) PSYoungGen: 275267K(275456K)->66531K(183296K) Eden: 230400K(230400K)->0K(116736K) From: 44867K(45056K)->66531K(66560K)
[621.289s][info][gc,heap        ] GC(2886) ParOldGen: 5960K(699392K)->138136K(699392K)
[621.289s][info][gc,metaspace   ] GC(2886) Metaspace: 16646K(16960K)->16646K(16960K) NonClass: 14314K(14464K)->14314K(14464K) Class: 2331K(2496K)->2331K(2496K)
[621.289s][info][gc             ] GC(2886) Pause Young (Allocation Failure) 274M->199M(862M) 99.215ms
[621.289s][info][gc,cpu         ] GC(2886) User=0.73s Sys=0.00s Real=0.11s
[621.369s][info][gc,start       ] GC(2887) Pause Young (Allocation Failure)
[621.440s][info][gc,heap        ] GC(2887) PSYoungGen: 183267K(183296K)->116195K(232960K) Eden: 116736K(116736K)->0K(116736K) From: 66531K(66560K)->116195K(116224K)
[621.440s][info][gc,heap        ] GC(2887) ParOldGen: 138136K(699392K)->169200K(699392K)
[621.440s][info][gc,metaspace   ] GC(2887) Metaspace: 16646K(16960K)->16646K(16960K) NonClass: 14314K(14464K)->14314K(14464K) Class: 2331K(2496K)->2331K(2496K)
[621.440s][info][gc             ] GC(2887) Pause Young (Allocation Failure) 313M->278M(910M) 71.391ms
[621.440s][info][gc,cpu         ] GC(2887) User=0.38s Sys=0.00s Real=0.06s
[621.529s][info][gc,start       ] GC(2888) Pause Young (Allocation Failure)
[621.627s][info][gc,heap        ] GC(2888) PSYoungGen: 232931K(232960K)->116195K(232960K) Eden: 116736K(116736K)->0K(116736K) From: 116195K(116224K)->116195K(116224K)
[621.627s][info][gc,heap        ] GC(2888) ParOldGen: 169200K(699392K)->249024K(699392K)
[621.627s][info][gc,metaspace   ] GC(2888) Metaspace: 16646K(16960K)->16646K(16960K) NonClass: 14314K(14464K)->14314K(14464K) Class: 2331K(2496K)->2331K(2496K)
[621.627s][info][gc             ] GC(2888) Pause Young (Allocation Failure) 392M->356M(910M) 97.683ms
[621.627s][info][gc,cpu         ] GC(2888) User=0.48s Sys=0.00s Real=0.09s
[621.717s][info][gc,start       ] GC(2889) Pause Young (Allocation Failure)
[621.823s][info][gc,heap        ] GC(2889) PSYoungGen: 232931K(232960K)->116195K(232960K) Eden: 116736K(116736K)->0K(116736K) From: 116195K(116224K)->116195K(116224K)
[621.823s][info][gc,heap        ] GC(2889) ParOldGen: 249024K(699392K)->330368K(699392K)
[621.823s][info][gc,metaspace   ] GC(2889) Metaspace: 16646K(16960K)->16646K(16960K) NonClass: 14314K(14464K)->14314K(14464K) Class: 2331K(2496K)->2331K(2496K)
[621.823s][info][gc             ] GC(2889) Pause Young (Allocation Failure) 470M->436M(910M) 106.040ms
[621.823s][info][gc,cpu         ] GC(2889) User=0.50s Sys=0.00s Real=0.11s
[624.419s][info][gc,start       ] GC(2890) Pause Young (Allocation Failure)
[624.504s][info][gc,heap        ] GC(2890) PSYoungGen: 232931K(232960K)->116209K(232960K) Eden: 116736K(116736K)->0K(116736K) From: 116195K(116224K)->116209K(116224K)
[624.504s][info][gc,heap        ] GC(2890) ParOldGen: 330368K(699392K)->337360K(699392K)
[624.504s][info][gc,metaspace   ] GC(2890) Metaspace: 16646K(16960K)->16646K(16960K) NonClass: 14314K(14464K)->14314K(14464K) Class: 2331K(2496K)->2331K(2496K)
[624.504s][info][gc             ] GC(2890) Pause Young (Allocation Failure) 550M->442M(910M) 85.288ms
[624.504s][info][gc,cpu         ] GC(2890) User=0.39s Sys=0.00s Real=0.09s
[624.557s][info][gc,start       ] GC(2891) Pause Young (Allocation Failure)
[624.643s][info][gc,heap        ] GC(2891) PSYoungGen: 232945K(232960K)->116224K(232960K) Eden: 116736K(116736K)->0K(116736K) From: 116209K(116224K)->116224K(116224K)
[624.643s][info][gc,heap        ] GC(2891) ParOldGen: 337360K(699392K)->391443K(699392K)
[624.643s][info][gc,metaspace   ] GC(2891) Metaspace: 16646K(16960K)->16646K(16960K) NonClass: 14314K(14464K)->14314K(14464K) Class: 2331K(2496K)->2331K(2496K)
[624.643s][info][gc             ] GC(2891) Pause Young (Allocation Failure) 556M->495M(910M) 85.983ms
[624.643s][info][gc,cpu         ] GC(2891) User=0.47s Sys=0.00s Real=0.08s
[624.698s][info][gc,start       ] GC(2892) Pause Young (Allocation Failure)
[624.768s][info][gc,heap        ] GC(2892) PSYoungGen: 232960K(232960K)->116224K(232960K) Eden: 116736K(116736K)->0K(116736K) From: 116224K(116224K)->116224K(116224K)
[624.768s][info][gc,heap        ] GC(2892) ParOldGen: 391443K(699392K)->441739K(699392K)
[624.768s][info][gc,metaspace   ] GC(2892) Metaspace: 16646K(16960K)->16646K(16960K) NonClass: 14314K(14464K)->14314K(14464K) Class: 2331K(2496K)->2331K(2496K)
[624.768s][info][gc             ] GC(2892) Pause Young (Allocation Failure) 609M->544M(910M) 69.645ms
[624.768s][info][gc,cpu         ] GC(2892) User=0.47s Sys=0.00s Real=0.06s
[624.824s][info][gc,start       ] GC(2893) Pause Young (Allocation Failure)
[624.898s][info][gc,heap        ] GC(2893) PSYoungGen: 232960K(232960K)->116224K(232960K) Eden: 116736K(116736K)->0K(116736K) From: 116224K(116224K)->116224K(116224K)
[624.898s][info][gc,heap        ] GC(2893) ParOldGen: 441739K(699392K)->490955K(699392K)
[624.898s][info][gc,metaspace   ] GC(2893) Metaspace: 16646K(16960K)->16646K(16960K) NonClass: 14314K(14464K)->14314K(14464K) Class: 2331K(2496K)->2331K(2496K)
[624.898s][info][gc             ] GC(2893) Pause Young (Allocation Failure) 658M->592M(910M) 74.517ms
[624.898s][info][gc,cpu         ] GC(2893) User=0.41s Sys=0.00s Real=0.08s
[624.955s][info][gc,start       ] GC(2894) Pause Young (Allocation Failure)
[625.031s][info][gc,heap        ] GC(2894) PSYoungGen: 232960K(232960K)->116224K(232960K) Eden: 116736K(116736K)->0K(116736K) From: 116224K(116224K)->116224K(116224K)
[625.031s][info][gc,heap        ] GC(2894) ParOldGen: 490955K(699392K)->539531K(699392K)
[625.031s][info][gc,metaspace   ] GC(2894) Metaspace: 16646K(16960K)->16646K(16960K) NonClass: 14314K(14464K)->14314K(14464K) Class: 2331K(2496K)->2331K(2496K)
[625.031s][info][gc             ] GC(2894) Pause Young (Allocation Failure) 706M->640M(910M) 76.057ms
[625.031s][info][gc,cpu         ] GC(2894) User=0.45s Sys=0.00s Real=0.08s
[625.090s][info][gc,start       ] GC(2895) Pause Young (Allocation Failure)
[625.165s][info][gc,heap        ] GC(2895) PSYoungGen: 232960K(232960K)->86560K(232960K) Eden: 116736K(116736K)->0K(116736K) From: 116224K(116224K)->86560K(116224K)
[625.165s][info][gc,heap        ] GC(2895) ParOldGen: 539531K(699392K)->618979K(699392K)
[625.165s][info][gc,metaspace   ] GC(2895) Metaspace: 16646K(16960K)->16646K(16960K) NonClass: 14314K(14464K)->14314K(14464K) Class: 2331K(2496K)->2331K(2496K)
[625.165s][info][gc             ] GC(2895) Pause Young (Allocation Failure) 754M->689M(910M) 74.588ms
[625.165s][info][gc,cpu         ] GC(2895) User=0.41s Sys=0.00s Real=0.08s
[625.224s][info][gc,start       ] GC(2896) Pause Full (Ergonomics)
[625.224s][info][gc,phases,start] GC(2896) Marking Phase
[625.304s][info][gc,phases      ] GC(2896) Marking Phase 80.252ms
[625.304s][info][gc,phases,start] GC(2896) Summary Phase
[625.304s][info][gc,phases      ] GC(2896) Summary Phase 0.021ms
[625.304s][info][gc,phases,start] GC(2896) Adjust Roots
[625.306s][info][gc,phases      ] GC(2896) Adjust Roots 1.718ms
[625.306s][info][gc,phases,start] GC(2896) Compaction Phase
[625.463s][info][gc,phases      ] GC(2896) Compaction Phase 157.414ms
[625.463s][info][gc,phases,start] GC(2896) Post Compact
[625.465s][info][gc,phases      ] GC(2896) Post Compact 1.959ms
[625.465s][info][gc,heap        ] GC(2896) PSYoungGen: 203296K(232960K)->0K(232960K) Eden: 116736K(116736K)->0K(116736K) From: 86560K(116224K)->0K(116224K)
[625.465s][info][gc,heap        ] GC(2896) ParOldGen: 618979K(699392K)->306781K(699392K)
[625.465s][info][gc,metaspace   ] GC(2896) Metaspace: 16646K(16960K)->16646K(16960K) NonClass: 14314K(14464K)->14314K(14464K) Class: 2331K(2496K)->2331K(2496K)
[625.465s][info][gc             ] GC(2896) Pause Full (Ergonomics) 803M->299M(910M) 241.661ms
[625.465s][info][gc,cpu         ] GC(2896) User=1.34s Sys=0.00s Real=0.25s
[625.525s][info][gc,start       ] GC(2897) Pause Young (Allocation Failure)
[625.549s][info][gc,heap        ] GC(2897) PSYoungGen: 116736K(232960K)->50976K(232960K) Eden: 116736K(116736K)->0K(116736K) From: 0K(116224K)->50976K(116224K)
[625.549s][info][gc,heap        ] GC(2897) ParOldGen: 306781K(699392K)->306781K(699392K)
[625.549s][info][gc,metaspace   ] GC(2897) Metaspace: 16646K(16960K)->16646K(16960K) NonClass: 14314K(14464K)->14314K(14464K) Class: 2331K(2496K)->2331K(2496K)
[625.549s][info][gc             ] GC(2897) Pause Young (Allocation Failure) 413M->349M(910M) 24.435ms
[625.549s][info][gc,cpu         ] GC(2897) User=0.06s Sys=0.00s Real=0.02s
[625.609s][info][gc,start       ] GC(2898) Pause Young (Allocation Failure)
[625.651s][info][gc,heap        ] GC(2898) PSYoungGen: 167712K(232960K)->51072K(232960K) Eden: 116736K(116736K)->0K(116736K) From: 50976K(116224K)->51072K(116224K)
[625.651s][info][gc,heap        ] GC(2898) ParOldGen: 306781K(699392K)->354797K(699392K)
[625.651s][info][gc,metaspace   ] GC(2898) Metaspace: 16646K(16960K)->16646K(16960K) NonClass: 14314K(14464K)->14314K(14464K) Class: 2331K(2496K)->2331K(2496K)
[625.651s][info][gc             ] GC(2898) Pause Young (Allocation Failure) 463M->396M(910M) 41.805ms
[625.651s][info][gc,cpu         ] GC(2898) User=0.20s Sys=0.00s Real=0.05s
[625.754s][info][gc,start       ] GC(2899) Pause Young (Allocation Failure)
[625.833s][info][gc,heap        ] GC(2899) PSYoungGen: 167808K(232960K)->82826K(232960K) Eden: 116736K(116736K)->0K(116736K) From: 51072K(116224K)->82826K(116224K)
[625.834s][info][gc,heap        ] GC(2899) ParOldGen: 354797K(699392K)->403429K(699392K)
[625.834s][info][gc,metaspace   ] GC(2899) Metaspace: 16646K(16960K)->16646K(16960K) NonClass: 14314K(14464K)->14314K(14464K) Class: 2331K(2496K)->2331K(2496K)
[625.834s][info][gc             ] GC(2899) Pause Young (Allocation Failure) 510M->474M(910M) 79.990ms
[625.834s][info][gc,cpu         ] GC(2899) User=0.47s Sys=0.00s Real=0.09s
[626.195s][info][gc,start       ] GC(2900) Pause Young (Allocation Failure)
[626.261s][info][gc,heap        ] GC(2900) PSYoungGen: 199562K(232960K)->7360K(232960K) Eden: 116736K(116736K)->0K(116736K) From: 82826K(116224K)->7360K(116224K)
[626.261s][info][gc,heap        ] GC(2900) ParOldGen: 403429K(699392K)->470611K(699392K)
[626.262s][info][gc,metaspace   ] GC(2900) Metaspace: 16646K(16960K)->16646K(16960K) NonClass: 14314K(14464K)->14314K(14464K) Class: 2331K(2496K)->2331K(2496K)
[626.262s][info][gc             ] GC(2900) Pause Young (Allocation Failure) 588M->466M(910M) 66.240ms
[626.262s][info][gc,cpu         ] GC(2900) User=0.30s Sys=0.00s Real=0.08s
[626.404s][info][gc,start       ] GC(2901) Pause Young (Allocation Failure)
[626.413s][info][gc,heap        ] GC(2901) PSYoungGen: 124096K(232960K)->3552K(232960K) Eden: 116736K(116736K)->0K(116736K) From: 7360K(116224K)->3552K(116224K)
[626.413s][info][gc,heap        ] GC(2901) ParOldGen: 470611K(699392K)->474299K(699392K)
[626.413s][info][gc,metaspace   ] GC(2901) Metaspace: 16646K(16960K)->16646K(16960K) NonClass: 14314K(14464K)->14314K(14464K) Class: 2331K(2496K)->2331K(2496K)
[626.413s][info][gc             ] GC(2901) Pause Young (Allocation Failure) 580M->466M(910M) 9.698ms
[626.413s][info][gc,cpu         ] GC(2901) User=0.00s Sys=0.00s Real=0.00s
[626.551s][info][gc,start       ] GC(2902) Pause Young (Allocation Failure)
[626.553s][info][gc,heap        ] GC(2902) PSYoungGen: 120288K(232960K)->2880K(232960K) Eden: 116736K(116736K)->0K(116736K) From: 3552K(116224K)->2880K(116224K)
[626.553s][info][gc,heap        ] GC(2902) ParOldGen: 474299K(699392K)->474531K(699392K)
[626.553s][info][gc,metaspace   ] GC(2902) Metaspace: 16646K(16960K)->16646K(16960K) NonClass: 14314K(14464K)->14314K(14464K) Class: 2331K(2496K)->2331K(2496K)
[626.553s][info][gc             ] GC(2902) Pause Young (Allocation Failure) 580M->466M(910M) 2.577ms
[626.553s][info][gc,cpu         ] GC(2902) User=0.00s Sys=0.00s Real=0.00s
[626.679s][info][gc,start       ] GC(2903) Pause Young (Allocation Failure)
[626.681s][info][gc,heap        ] GC(2903) PSYoungGen: 119616K(232960K)->1888K(232960K) Eden: 116736K(116736K)->0K(116736K) From: 2880K(116224K)->1888K(116224K)
[626.681s][info][gc,heap        ] GC(2903) ParOldGen: 474531K(699392K)->474603K(699392K)
[626.681s][info][gc,metaspace   ] GC(2903) Metaspace: 16646K(16960K)->16646K(16960K) NonClass: 14314K(14464K)->14314K(14464K) Class: 2331K(2496K)->2331K(2496K)
[626.681s][info][gc             ] GC(2903) Pause Young (Allocation Failure) 580M->465M(910M) 2.025ms
[626.681s][info][gc,cpu         ] GC(2903) User=0.00s Sys=0.00s Real=0.00s
[627.148s][info][gc,start       ] GC(2904) Pause Young (Allocation Failure)
[627.149s][info][gc,heap        ] GC(2904) PSYoungGen: 118624K(232960K)->2144K(232960K) Eden: 116736K(116736K)->0K(116736K) From: 1888K(116224K)->2144K(116224K)
[627.149s][info][gc,heap        ] GC(2904) ParOldGen: 474603K(699392K)->474603K(699392K)
[627.149s][info][gc,metaspace   ] GC(2904) Metaspace: 16646K(16960K)->16646K(16960K) NonClass: 14314K(14464K)->14314K(14464K) Class: 2331K(2496K)->2331K(2496K)
[627.149s][info][gc             ] GC(2904) Pause Young (Allocation Failure) 579M->465M(910M) 1.600ms
[627.149s][info][gc,cpu         ] GC(2904) User=0.00s Sys=0.00s Real=0.00s
[627.441s][info][gc,start       ] GC(2905) Pause Young (System.gc())
[627.441s][info][gc,heap        ] GC(2905) PSYoungGen: 43984K(232960K)->96K(232960K) Eden: 41840K(116736K)->0K(116736K) From: 2144K(116224K)->96K(116224K)
[627.441s][info][gc,heap        ] GC(2905) ParOldGen: 474603K(699392K)->474643K(699392K)
[627.441s][info][gc,metaspace   ] GC(2905) Metaspace: 16646K(16960K)->16646K(16960K) NonClass: 14314K(14464K)->14314K(14464K) Class: 2331K(2496K)->2331K(2496K)
[627.441s][info][gc             ] GC(2905) Pause Young (System.gc()) 506M->463M(910M) 0.875ms
[627.441s][info][gc,cpu         ] GC(2905) User=0.00s Sys=0.00s Real=0.00s
[627.441s][info][gc,start       ] GC(2906) Pause Full (System.gc())
[627.441s][info][gc,phases,start] GC(2906) Marking Phase
[627.446s][info][gc,phases      ] GC(2906) Marking Phase 4.586ms
[627.446s][info][gc,phases,start] GC(2906) Summary Phase
[627.446s][info][gc,phases      ] GC(2906) Summary Phase 0.011ms
[627.446s][info][gc,phases,start] GC(2906) Adjust Roots
[627.448s][info][gc,phases      ] GC(2906) Adjust Roots 1.845ms
[627.448s][info][gc,phases,start] GC(2906) Compaction Phase
[627.449s][info][gc,phases      ] GC(2906) Compaction Phase 1.447ms
[627.450s][info][gc,phases,start] GC(2906) Post Compact
[627.452s][info][gc,phases      ] GC(2906) Post Compact 1.990ms
[627.452s][info][gc,heap        ] GC(2906) PSYoungGen: 96K(232960K)->0K(232960K) Eden: 0K(116736K)->0K(116736K) From: 96K(116224K)->0K(116224K)
[627.452s][info][gc,heap        ] GC(2906) ParOldGen: 474643K(699392K)->5552K(699392K)
[627.452s][info][gc,metaspace   ] GC(2906) Metaspace: 16646K(16960K)->16646K(16960K) NonClass: 14314K(14464K)->14314K(14464K) Class: 2331K(2496K)->2331K(2496K)
[627.452s][info][gc             ] GC(2906) Pause Full (System.gc()) 463M->5M(910M) 10.139ms
[627.452s][info][gc,cpu         ] GC(2906) User=0.00s Sys=0.00s Real=0.00s
[628.729s][info][gc,start       ] GC(2907) Pause Young (Allocation Failure)
[628.730s][info][gc,heap        ] GC(2907) PSYoungGen: 116736K(232960K)->352K(232960K) Eden: 116736K(116736K)->0K(116736K) From: 0K(116224K)->352K(116224K)
[628.730s][info][gc,heap        ] GC(2907) ParOldGen: 5552K(699392K)->5552K(699392K)
[628.730s][info][gc,metaspace   ] GC(2907) Metaspace: 16646K(16960K)->16646K(16960K) NonClass: 14314K(14464K)->14314K(14464K) Class: 2331K(2496K)->2331K(2496K)
[628.730s][info][gc             ] GC(2907) Pause Young (Allocation Failure) 119M->5M(910M) 0.700ms
[628.730s][info][gc,cpu         ] GC(2907) User=0.00s Sys=0.00s Real=0.00s
[628.748s][info][gc,start       ] GC(2908) Pause Young (Allocation Failure)
[628.749s][info][gc,heap        ] GC(2908) PSYoungGen: 117088K(232960K)->288K(232960K) Eden: 116736K(116736K)->0K(116736K) From: 352K(116224K)->288K(116224K)
[628.749s][info][gc,heap        ] GC(2908) ParOldGen: 5552K(699392K)->5648K(699392K)
[628.749s][info][gc,metaspace   ] GC(2908) Metaspace: 16646K(16960K)->16646K(16960K) NonClass: 14314K(14464K)->14314K(14464K) Class: 2331K(2496K)->2331K(2496K)
[628.749s][info][gc             ] GC(2908) Pause Young (Allocation Failure) 119M->5M(910M) 0.561ms
[628.749s][info][gc,cpu         ] GC(2908) User=0.00s Sys=0.00s Real=0.00s
[628.767s][info][gc,start       ] GC(2909) Pause Young (Allocation Failure)
[628.768s][info][gc,heap        ] GC(2909) PSYoungGen: 117024K(232960K)->288K(232960K) Eden: 116736K(116736K)->0K(116736K) From: 288K(116224K)->288K(116224K)
[628.768s][info][gc,heap        ] GC(2909) ParOldGen: 5648K(699392K)->5696K(699392K)
[628.768s][info][gc,metaspace   ] GC(2909) Metaspace: 16646K(16960K)->16646K(16960K) NonClass: 14314K(14464K)->14314K(14464K) Class: 2331K(2496K)->2331K(2496K)
[628.768s][info][gc             ] GC(2909) Pause Young (Allocation Failure) 119M->5M(910M) 0.478ms
[628.768s][info][gc,cpu         ] GC(2909) User=0.00s Sys=0.00s Real=0.00s
[628.786s][info][gc,start       ] GC(2910) Pause Young (Allocation Failure)
[628.786s][info][gc,heap        ] GC(2910) PSYoungGen: 117024K(232960K)->320K(232960K) Eden: 116736K(116736K)->0K(116736K) From: 288K(116224K)->320K(116224K)
[628.786s][info][gc,heap        ] GC(2910) ParOldGen: 5696K(699392K)->5744K(699392K)
[628.786s][info][gc,metaspace   ] GC(2910) Metaspace: 16646K(16960K)->16646K(16960K) NonClass: 14314K(14464K)->14314K(14464K) Class: 2331K(2496K)->2331K(2496K)
[628.786s][info][gc             ] GC(2910) Pause Young (Allocation Failure) 119M->5M(910M) 0.463ms
[628.786s][info][gc,cpu         ] GC(2910) User=0.00s Sys=0.00s Real=0.00s
[628.804s][info][gc,start       ] GC(2911) Pause Young (Allocation Failure)
[628.805s][info][gc,heap        ] GC(2911) PSYoungGen: 117056K(232960K)->256K(232960K) Eden: 116736K(116736K)->0K(116736K) From: 320K(116224K)->256K(116224K)
[628.805s][info][gc,heap        ] GC(2911) ParOldGen: 5744K(699392K)->5792K(699392K)
[628.805s][info][gc,metaspace   ] GC(2911) Metaspace: 16646K(16960K)->16646K(16960K) NonClass: 14314K(14464K)->14314K(14464K) Class: 2331K(2496K)->2331K(2496K)
[628.805s][info][gc             ] GC(2911) Pause Young (Allocation Failure) 119M->5M(910M) 0.439ms
[628.805s][info][gc,cpu         ] GC(2911) User=0.00s Sys=0.00s Real=0.00s
[628.823s][info][gc,start       ] GC(2912) Pause Young (Allocation Failure)
[628.824s][info][gc,heap        ] GC(2912) PSYoungGen: 116992K(232960K)->224K(232960K) Eden: 116736K(116736K)->0K(116736K) From: 256K(116224K)->224K(116224K)
[628.824s][info][gc,heap        ] GC(2912) ParOldGen: 5792K(699392K)->5808K(699392K)
[628.824s][info][gc,metaspace   ] GC(2912) Metaspace: 16646K(16960K)->16646K(16960K) NonClass: 14314K(14464K)->14314K(14464K) Class: 2331K(2496K)->2331K(2496K)
[628.824s][info][gc             ] GC(2912) Pause Young (Allocation Failure) 119M->5M(910M) 0.427ms
[628.824s][info][gc,cpu         ] GC(2912) User=0.00s Sys=0.00s Real=0.00s
[628.842s][info][gc,start       ] GC(2913) Pause Young (Allocation Failure)
[628.842s][info][gc,heap        ] GC(2913) PSYoungGen: 116960K(232960K)->224K(232960K) Eden: 116736K(116736K)->0K(116736K) From: 224K(116224K)->224K(116224K)
[628.842s][info][gc,heap        ] GC(2913) ParOldGen: 5808K(699392K)->5856K(699392K)
[628.842s][info][gc,metaspace   ] GC(2913) Metaspace: 16646K(16960K)->16646K(16960K) NonClass: 14314K(14464K)->14314K(14464K) Class: 2331K(2496K)->2331K(2496K)
[628.842s][info][gc             ] GC(2913) Pause Young (Allocation Failure) 119M->5M(910M) 0.430ms
[628.843s][info][gc,cpu         ] GC(2913) User=0.00s Sys=0.00s Real=0.00s
[628.861s][info][gc,start       ] GC(2914) Pause Young (Allocation Failure)
[628.861s][info][gc,heap        ] GC(2914) PSYoungGen: 116960K(232960K)->192K(232960K) Eden: 116736K(116736K)->0K(116736K) From: 224K(116224K)->192K(116224K)
[628.861s][info][gc,heap        ] GC(2914) ParOldGen: 5856K(699392K)->5896K(699392K)
[628.861s][info][gc,metaspace   ] GC(2914) Metaspace: 16646K(16960K)->16646K(16960K) NonClass: 14314K(14464K)->14314K(14464K) Class: 2331K(2496K)->2331K(2496K)
[628.861s][info][gc             ] GC(2914) Pause Young (Allocation Failure) 119M->5M(910M) 0.437ms
[628.861s][info][gc,cpu         ] GC(2914) User=0.00s Sys=0.00s Real=0.00s
[628.880s][info][gc,start       ] GC(2915) Pause Young (Allocation Failure)
[628.880s][info][gc,heap        ] GC(2915) PSYoungGen: 116928K(232960K)->320K(232960K) Eden: 116736K(116736K)->0K(116736K) From: 192K(116224K)->320K(116224K)
[628.880s][info][gc,heap        ] GC(2915) ParOldGen: 5896K(699392K)->5936K(699392K)
[628.880s][info][gc,metaspace   ] GC(2915) Metaspace: 16646K(16960K)->16646K(16960K) NonClass: 14314K(14464K)->14314K(14464K) Class: 2331K(2496K)->2331K(2496K)
[628.880s][info][gc             ] GC(2915) Pause Young (Allocation Failure) 119M->6M(910M) 0.449ms
[628.880s][info][gc,cpu         ] GC(2915) User=0.00s Sys=0.00s Real=0.00s
[628.899s][info][gc,start       ] GC(2916) Pause Young (Allocation Failure)
[628.899s][info][gc,heap        ] GC(2916) PSYoungGen: 117056K(232960K)->288K(232960K) Eden: 116736K(116736K)->0K(116736K) From: 320K(116224K)->288K(116224K)
[628.899s][info][gc,heap        ] GC(2916) ParOldGen: 5936K(699392K)->6000K(699392K)
[628.899s][info][gc,metaspace   ] GC(2916) Metaspace: 16646K(16960K)->16646K(16960K) NonClass: 14314K(14464K)->14314K(14464K) Class: 2331K(2496K)->2331K(2496K)
[628.899s][info][gc             ] GC(2916) Pause Young (Allocation Failure) 120M->6M(910M) 0.445ms
[628.899s][info][gc,cpu         ] GC(2916) User=0.00s Sys=0.00s Real=0.00s
[628.917s][info][gc,start       ] GC(2917) Pause Young (Allocation Failure)
[628.918s][info][gc,heap        ] GC(2917) PSYoungGen: 117024K(232960K)->256K(232960K) Eden: 116736K(116736K)->0K(116736K) From: 288K(116224K)->256K(116224K)
[628.918s][info][gc,heap        ] GC(2917) ParOldGen: 6000K(699392K)->6048K(699392K)
[628.918s][info][gc,metaspace   ] GC(2917) Metaspace: 16646K(16960K)->16646K(16960K) NonClass: 14314K(14464K)->14314K(14464K) Class: 2331K(2496K)->2331K(2496K)
[628.918s][info][gc             ] GC(2917) Pause Young (Allocation Failure) 120M->6M(910M) 0.437ms
[628.918s][info][gc,cpu         ] GC(2917) User=0.00s Sys=0.00s Real=0.00s
[628.936s][info][gc,start       ] GC(2918) Pause Young (Allocation Failure)
[628.936s][info][gc,heap        ] GC(2918) PSYoungGen: 116992K(232960K)->224K(232960K) Eden: 116736K(116736K)->0K(116736K) From: 256K(116224K)->224K(116224K)
[628.936s][info][gc,heap        ] GC(2918) ParOldGen: 6048K(699392K)->6088K(699392K)
[628.936s][info][gc,metaspace   ] GC(2918) Metaspace: 16646K(16960K)->16646K(16960K) NonClass: 14314K(14464K)->14314K(14464K) Class: 2331K(2496K)->2331K(2496K)
[628.936s][info][gc             ] GC(2918) Pause Young (Allocation Failure) 120M->6M(910M) 0.418ms
[628.936s][info][gc,cpu         ] GC(2918) User=0.00s Sys=0.00s Real=0.00s
[628.955s][info][gc,start       ] GC(2919) Pause Young (Allocation Failure)
[628.955s][info][gc,heap        ] GC(2919) PSYoungGen: 116960K(232960K)->288K(242688K) Eden: 116736K(116736K)->0K(129024K) From: 224K(116224K)->288K(113664K)
[628.955s][info][gc,heap        ] GC(2919) ParOldGen: 6088K(699392K)->6088K(699392K)
[628.955s][info][gc,metaspace   ] GC(2919) Metaspace: 16646K(16960K)->16646K(16960K) NonClass: 14314K(14464K)->14314K(14464K) Class: 2331K(2496K)->2331K(2496K)
[628.955s][info][gc             ] GC(2919) Pause Young (Allocation Failure) 120M->6M(920M) 0.432ms
[628.955s][info][gc,cpu         ] GC(2919) User=0.00s Sys=0.00s Real=0.00s
[628.976s][info][gc,start       ] GC(2920) Pause Young (Allocation Failure)
[628.977s][info][gc,heap        ] GC(2920) PSYoungGen: 129312K(242688K)->288K(235520K) Eden: 129024K(129024K)->0K(129024K) From: 288K(113664K)->288K(106496K)
[628.977s][info][gc,heap        ] GC(2920) ParOldGen: 6088K(699392K)->6088K(699392K)
[628.977s][info][gc,metaspace   ] GC(2920) Metaspace: 16646K(16960K)->16646K(16960K) NonClass: 14314K(14464K)->14314K(14464K) Class: 2331K(2496K)->2331K(2496K)
[628.977s][info][gc             ] GC(2920) Pause Young (Allocation Failure) 132M->6M(913M) 0.472ms
[628.977s][info][gc,cpu         ] GC(2920) User=0.00s Sys=0.00s Real=0.00s
[628.997s][info][gc,start       ] GC(2921) Pause Young (Allocation Failure)
[628.998s][info][gc,heap        ] GC(2921) PSYoungGen: 129312K(235520K)->352K(256512K) Eden: 129024K(129024K)->0K(157184K) From: 288K(106496K)->352K(99328K)
[628.998s][info][gc,heap        ] GC(2921) ParOldGen: 6088K(699392K)->6088K(699392K)
[628.998s][info][gc,metaspace   ] GC(2921) Metaspace: 16646K(16960K)->16646K(16960K) NonClass: 14314K(14464K)->14314K(14464K) Class: 2331K(2496K)->2331K(2496K)
[628.998s][info][gc             ] GC(2921) Pause Young (Allocation Failure) 132M->6M(933M) 0.419ms
[628.998s][info][gc,cpu         ] GC(2921) User=0.00s Sys=0.00s Real=0.00s
[629.022s][info][gc,start       ] GC(2922) Pause Young (Allocation Failure)
[629.022s][info][gc,heap        ] GC(2922) PSYoungGen: 157536K(256512K)->320K(249856K) Eden: 157184K(157184K)->0K(157184K) From: 352K(99328K)->320K(92672K)
[629.022s][info][gc,heap        ] GC(2922) ParOldGen: 6088K(699392K)->6088K(699392K)
[629.022s][info][gc,metaspace   ] GC(2922) Metaspace: 16646K(16960K)->16646K(16960K) NonClass: 14314K(14464K)->14314K(14464K) Class: 2331K(2496K)->2331K(2496K)
[629.022s][info][gc             ] GC(2922) Pause Young (Allocation Failure) 159M->6M(927M) 0.453ms
[629.022s][info][gc,cpu         ] GC(2922) User=0.00s Sys=0.00s Real=0.00s
[629.047s][info][gc,start       ] GC(2923) Pause Young (Allocation Failure)
[629.047s][info][gc,heap        ] GC(2923) PSYoungGen: 157504K(249856K)->384K(269312K) Eden: 157184K(157184K)->0K(183296K) From: 320K(92672K)->384K(86016K)
[629.047s][info][gc,heap        ] GC(2923) ParOldGen: 6088K(699392K)->6088K(699392K)
[629.047s][info][gc,metaspace   ] GC(2923) Metaspace: 16646K(16960K)->16646K(16960K) NonClass: 14314K(14464K)->14314K(14464K) Class: 2331K(2496K)->2331K(2496K)
[629.047s][info][gc             ] GC(2923) Pause Young (Allocation Failure) 159M->6M(946M) 0.427ms
[629.047s][info][gc,cpu         ] GC(2923) User=0.00s Sys=0.00s Real=0.00s
[629.076s][info][gc,start       ] GC(2924) Pause Young (Allocation Failure)
[629.077s][info][gc,heap        ] GC(2924) PSYoungGen: 183680K(269312K)->352K(263168K) Eden: 183296K(183296K)->0K(183296K) From: 384K(86016K)->352K(79872K)
[629.077s][info][gc,heap        ] GC(2924) ParOldGen: 6088K(699392K)->6088K(699392K)
[629.077s][info][gc,metaspace   ] GC(2924) Metaspace: 16646K(16960K)->16646K(16960K) NonClass: 14314K(14464K)->14314K(14464K) Class: 2331K(2496K)->2331K(2496K)
[629.077s][info][gc             ] GC(2924) Pause Young (Allocation Failure) 185M->6M(940M) 0.467ms
[629.077s][info][gc,cpu         ] GC(2924) User=0.00s Sys=0.00s Real=0.00s
[629.107s][info][gc,start       ] GC(2925) Pause Young (Allocation Failure)
[629.107s][info][gc,heap        ] GC(2925) PSYoungGen: 183648K(263168K)->288K(280064K) Eden: 183296K(183296K)->0K(205824K) From: 352K(79872K)->288K(74240K)
