OpenJDK 64-Bit Server VM (25.422-b05) for windows-amd64 JRE (1.8.0_422-422-b05), built on Jul 18 2024 05:34:18 by "Administrator" with MS VC++ 16.10 / 16.11 (VS2019)
Memory: 4k page, physical 15965620k(10910580k free), swap 19635636k(12468020k free)
CommandLine flags: -XX:InitialHeapSize=8589934592 -XX:MaxHeapSize=8589934592 -XX:+PrintGC -XX:+PrintGCApplicationConcurrentTime -XX:+PrintGCApplicationStoppedTime -XX:+PrintGCDateStamps -XX:+PrintGCDetails -XX:+PrintGCTimeStamps -XX:+UnlockExperimentalVMOptions -XX:+UseCompressedClassPointers -XX:+UseCompressedOops -XX:-UseLargePagesIndividualAllocation -XX:+UseParallelGC -XX:+UseParallelOldGC 
2024-10-05T07:33:31.369+0300: 0.075: Application time: 0.0169571 seconds
2024-10-05T07:33:31.369+0300: 0.076: Total time for which application threads were stopped: 0.0001119 seconds, Stopping threads took: 0.0000401 seconds
2024-10-05T07:33:31.384+0300: 0.084: Application time: 0.0081186 seconds
2024-10-05T07:33:31.384+0300: 0.084: Total time for which application threads were stopped: 0.0000666 seconds, Stopping threads took: 0.0000239 seconds
2024-10-05T07:33:31.557+0300: 0.255: Application time: 0.1715459 seconds
2024-10-05T07:33:31.557+0300: 0.255: [GC (System.gc()) [PSYoungGen: 167813K->3917K(2446848K)] 167813K->3925K(8039424K), 0.0034868 secs] [Times: user=0.00 sys=0.00, real=0.00 secs] 
2024-10-05T07:33:31.557+0300: 0.259: [Full GC (System.gc()) [PSYoungGen: 3917K->0K(2446848K)] [ParOldGen: 8K->3705K(5592576K)] 3925K->3705K(8039424K), [Metaspace: 7070K->7070K(1056768K)], 0.0095621 secs] [Times: user=0.00 sys=0.00, real=0.02 secs] 
2024-10-05T07:33:31.573+0300: 0.269: Total time for which application threads were stopped: 0.0133453 seconds, Stopping threads took: 0.0000316 seconds
2024-10-05T07:33:31.573+0300: 0.269: Application time: 0.0001069 seconds
2024-10-05T07:33:31.573+0300: 0.269: [GC (System.gc()) [PSYoungGen: 0K->0K(2446848K)] 3705K->3705K(8039424K), 0.0004215 secs] [Times: user=0.00 sys=0.00, real=0.00 secs] 
2024-10-05T07:33:31.573+0300: 0.269: [Full GC (System.gc()) [PSYoungGen: 0K->0K(2446848K)] [ParOldGen: 3705K->3705K(5592576K)] 3705K->3705K(8039424K), [Metaspace: 7070K->7070K(1056768K)], 0.0054442 secs] [Times: user=0.00 sys=0.00, real=0.00 secs] 
2024-10-05T07:33:31.573+0300: 0.275: Total time for which application threads were stopped: 0.0060830 seconds, Stopping threads took: 0.0000612 seconds
2024-10-05T07:33:32.579+0300: 1.271: Application time: 0.9957868 seconds
2024-10-05T07:33:32.579+0300: 1.271: Total time for which application threads were stopped: 0.0002898 seconds, Stopping threads took: 0.0002077 seconds
2024-10-05T07:33:35.420+0300: 4.112: Application time: 2.8412079 seconds
2024-10-05T07:33:35.420+0300: 4.113: Total time for which application threads were stopped: 0.0004380 seconds, Stopping threads took: 0.0003234 seconds
2024-10-05T07:33:51.507+0300: 20.199: Application time: 16.0861018 seconds
2024-10-05T07:33:51.522+0300: 20.214: Total time for which application threads were stopped: 0.0155963 seconds, Stopping threads took: 0.0155334 seconds
2024-10-05T07:33:57.302+0300: 26.005: Application time: 5.7903267 seconds
2024-10-05T07:33:57.302+0300: 26.005: Total time for which application threads were stopped: 0.0003268 seconds, Stopping threads took: 0.0002997 seconds
2024-10-05T07:34:04.338+0300: 33.030: Application time: 7.0246148 seconds
2024-10-05T07:34:04.338+0300: 33.030: Total time for which application threads were stopped: 0.0003075 seconds, Stopping threads took: 0.0002604 seconds
2024-10-05T07:34:17.909+0300: 46.602: Application time: 13.5717727 seconds
2024-10-05T07:34:17.909+0300: 46.602: [GC (Allocation Failure) [PSYoungGen: 2086317K->262480K(2446848K)] 2090022K->266193K(8039424K), 0.0469165 secs] [Times: user=0.05 sys=0.03, real=0.05 secs] 
2024-10-05T07:34:17.957+0300: 46.649: Total time for which application threads were stopped: 0.0474409 seconds, Stopping threads took: 0.0003087 seconds
2024-10-05T07:34:20.974+0300: 49.665: Application time: 3.0163100 seconds
2024-10-05T07:34:20.974+0300: 49.666: Total time for which application threads were stopped: 0.0003653 seconds, Stopping threads took: 0.0003030 seconds
2024-10-05T07:34:41.082+0300: 69.774: Application time: 20.1080155 seconds
2024-10-05T07:34:41.082+0300: 69.774: Total time for which application threads were stopped: 0.0004526 seconds, Stopping threads took: 0.0003902 seconds
2024-10-05T07:35:04.204+0300: 92.896: Application time: 23.1220276 seconds
2024-10-05T07:35:04.204+0300: 92.897: Total time for which application threads were stopped: 0.0003825 seconds, Stopping threads took: 0.0003128 seconds
2024-10-05T07:35:10.236+0300: 98.928: Application time: 6.0308056 seconds
2024-10-05T07:35:10.236+0300: 98.928: Total time for which application threads were stopped: 0.0004985 seconds, Stopping threads took: 0.0003921 seconds
2024-10-05T07:35:17.100+0300: 105.797: Application time: 6.8692834 seconds
2024-10-05T07:35:17.100+0300: 105.798: [GC (Allocation Failure) [PSYoungGen: 2332166K->295264K(2446848K)] 2335879K->298985K(8039424K), 0.0459413 secs] [Times: user=0.00 sys=0.05, real=0.05 secs] 
2024-10-05T07:35:17.152+0300: 105.844: Total time for which application threads were stopped: 0.0464203 seconds, Stopping threads took: 0.0002267 seconds
2024-10-05T07:35:35.239+0300: 123.931: Application time: 18.0874417 seconds
2024-10-05T07:35:35.239+0300: 123.932: Total time for which application threads were stopped: 0.0004896 seconds, Stopping threads took: 0.0003397 seconds
2024-10-05T07:35:37.251+0300: 125.943: Application time: 2.0110696 seconds
2024-10-05T07:35:37.266+0300: 125.959: Total time for which application threads were stopped: 0.0157918 seconds, Stopping threads took: 0.0157028 seconds
2024-10-05T07:35:38.273+0300: 126.964: Application time: 1.0057950 seconds
2024-10-05T07:35:38.288+0300: 126.980: Total time for which application threads were stopped: 0.0158776 seconds, Stopping threads took: 0.0157901 seconds
2024-10-05T07:35:41.305+0300: 129.997: Application time: 3.0165572 seconds
2024-10-05T07:35:41.305+0300: 129.997: Total time for which application threads were stopped: 0.0006458 seconds, Stopping threads took: 0.0005593 seconds
2024-10-05T07:35:43.317+0300: 132.008: Application time: 2.0109149 seconds
2024-10-05T07:35:43.317+0300: 132.009: Total time for which application threads were stopped: 0.0003581 seconds, Stopping threads took: 0.0002522 seconds
2024-10-05T07:36:15.331+0300: 164.024: Application time: 32.0152496 seconds
2024-10-05T07:36:15.331+0300: 164.025: [GC (Allocation Failure) [PSYoungGen: 2385955K->328000K(2446848K)] 2389676K->364497K(8039424K), 0.0450806 secs] [Times: user=0.06 sys=0.00, real=0.05 secs] 
2024-10-05T07:36:15.378+0300: 164.070: Total time for which application threads were stopped: 0.0456797 seconds, Stopping threads took: 0.0003713 seconds
2024-10-05T07:36:38.500+0300: 187.192: Application time: 23.1218137 seconds
2024-10-05T07:36:38.515+0300: 187.207: Total time for which application threads were stopped: 0.0158219 seconds, Stopping threads took: 0.0157396 seconds
2024-10-05T07:37:13.999+0300: 222.696: Application time: 35.4884471 seconds
2024-10-05T07:37:13.999+0300: 222.696: [GC (Allocation Failure) [PSYoungGen: 2403685K->328048K(2446848K)] 2440182K->397313K(8039424K), 0.0420563 secs] [Times: user=0.03 sys=0.03, real=0.05 secs] 
2024-10-05T07:37:14.046+0300: 222.738: Total time for which application threads were stopped: 0.0425404 seconds, Stopping threads took: 0.0002683 seconds
2024-10-05T07:38:02.871+0300: 271.577: Application time: 48.8382449 seconds
2024-10-05T07:38:02.871+0300: 271.577: Total time for which application threads were stopped: 0.0002418 seconds, Stopping threads took: 0.0001861 seconds
2024-10-05T07:38:05.117+0300: 273.824: Application time: 2.2469050 seconds
2024-10-05T07:38:05.117+0300: 273.824: Total time for which application threads were stopped: 0.0002704 seconds, Stopping threads took: 0.0001964 seconds
2024-10-05T07:38:06.138+0300: 274.830: Application time: 1.0057045 seconds
2024-10-05T07:38:06.138+0300: 274.830: Total time for which application threads were stopped: 0.0001846 seconds, Stopping threads took: 0.0001483 seconds
2024-10-05T07:38:06.296+0300: 274.990: Application time: 0.1596275 seconds
2024-10-05T07:38:06.296+0300: 274.990: Total time for which application threads were stopped: 0.0001382 seconds, Stopping threads took: 0.0001022 seconds
2024-10-05T07:38:06.704+0300: 275.409: Application time: 0.4194245 seconds
2024-10-05T07:38:06.704+0300: 275.409: Total time for which application threads were stopped: 0.0003502 seconds, Stopping threads took: 0.0003229 seconds
2024-10-05T07:38:09.074+0300: 277.774: Application time: 2.3644479 seconds
2024-10-05T07:38:09.074+0300: 277.774: [GC (Allocation Failure) [PSYoungGen: 2395450K->262528K(2308096K)] 2464715K->331801K(7900672K), 0.0194451 secs] [Times: user=0.03 sys=0.00, real=0.02 secs] 
2024-10-05T07:38:09.090+0300: 277.794: Total time for which application threads were stopped: 0.0200317 seconds, Stopping threads took: 0.0003611 seconds
2024-10-05T07:39:07.357+0300: 336.060: Application time: 58.2663259 seconds
2024-10-05T07:39:07.357+0300: 336.061: [GC (Allocation Failure) [PSYoungGen: 2283776K->328016K(2210816K)] 2353049K->397289K(7803392K), 0.0242576 secs] [Times: user=0.05 sys=0.02, real=0.03 secs] 
2024-10-05T07:39:07.388+0300: 336.085: Total time for which application threads were stopped: 0.0248318 seconds, Stopping threads took: 0.0003274 seconds
2024-10-05T07:39:32.522+0300: 361.214: Application time: 25.1290073 seconds
2024-10-05T07:39:32.522+0300: 361.215: Total time for which application threads were stopped: 0.0005026 seconds, Stopping threads took: 0.0003508 seconds
2024-10-05T07:39:39.560+0300: 368.252: Application time: 7.0376357 seconds
2024-10-05T07:39:39.560+0300: 368.253: Total time for which application threads were stopped: 0.0004804 seconds, Stopping threads took: 0.0003598 seconds
2024-10-05T07:39:50.622+0300: 379.314: Application time: 11.0611102 seconds
2024-10-05T07:39:50.622+0300: 379.314: Total time for which application threads were stopped: 0.0004246 seconds, Stopping threads took: 0.0003399 seconds
2024-10-05T07:39:58.068+0300: 386.768: Application time: 7.4536125 seconds
2024-10-05T07:39:58.068+0300: 386.768: [GC (Allocation Failure) [PSYoungGen: 2093513K->360768K(2095616K)] 2162786K->430081K(7688192K), 0.0389760 secs] [Times: user=0.12 sys=0.02, real=0.05 secs] 
2024-10-05T07:39:58.115+0300: 386.807: Total time for which application threads were stopped: 0.0393839 seconds, Stopping threads took: 0.0002214 seconds
2024-10-05T07:40:48.359+0300: 437.051: Application time: 50.2434166 seconds
2024-10-05T07:40:48.359+0300: 437.051: Total time for which application threads were stopped: 0.0003679 seconds, Stopping threads took: 0.0002799 seconds
2024-10-05T07:41:01.526+0300: 450.233: Application time: 13.1814235 seconds
2024-10-05T07:41:01.526+0300: 450.233: [GC (Allocation Failure) [PSYoungGen: 2092099K->328000K(2254848K)] 2161412K->397345K(7847424K), 0.0260575 secs] [Times: user=0.11 sys=0.00, real=0.03 secs] 
2024-10-05T07:41:01.558+0300: 450.259: Total time for which application threads were stopped: 0.0267178 seconds, Stopping threads took: 0.0004449 seconds
2024-10-05T07:41:28.698+0300: 477.390: Application time: 27.1310440 seconds
2024-10-05T07:41:28.698+0300: 477.391: Total time for which application threads were stopped: 0.0003961 seconds, Stopping threads took: 0.0003155 seconds
2024-10-05T07:41:52.292+0300: 500.995: Application time: 23.6041798 seconds
2024-10-05T07:41:52.292+0300: 500.995: [GC (Allocation Failure) [PSYoungGen: 2029172K->98608K(2258432K)] 2098518K->430161K(7851008K), 0.0513660 secs] [Times: user=0.06 sys=0.12, real=0.06 secs] 
2024-10-05T07:41:52.354+0300: 501.047: Total time for which application threads were stopped: 0.0518163 seconds, Stopping threads took: 0.0002648 seconds
2024-10-05T07:42:03.415+0300: 512.107: Application time: 11.0603298 seconds
2024-10-05T07:42:03.415+0300: 512.107: Total time for which application threads were stopped: 0.0003141 seconds, Stopping threads took: 0.0002358 seconds
2024-10-05T07:42:13.110+0300: 521.813: Application time: 9.7056752 seconds
2024-10-05T07:42:13.110+0300: 521.813: Total time for which application threads were stopped: 0.0003230 seconds, Stopping threads took: 0.0002608 seconds
2024-10-05T07:42:15.198+0300: 523.896: Application time: 2.0828060 seconds
2024-10-05T07:42:15.214+0300: 523.906: Total time for which application threads were stopped: 0.0099052 seconds, Stopping threads took: 0.0097928 seconds
2024-10-05T07:42:15.308+0300: 524.009: Application time: 0.1027943 seconds
2024-10-05T07:42:15.308+0300: 524.009: Total time for which application threads were stopped: 0.0001368 seconds, Stopping threads took: 0.0000853 seconds
2024-10-05T07:42:16.549+0300: 525.255: Application time: 1.2459035 seconds
2024-10-05T07:42:16.549+0300: 525.255: Total time for which application threads were stopped: 0.0001287 seconds, Stopping threads took: 0.0000902 seconds
2024-10-05T07:42:16.800+0300: 525.494: Application time: 0.2389082 seconds
2024-10-05T07:42:16.800+0300: 525.494: Total time for which application threads were stopped: 0.0002115 seconds, Stopping threads took: 0.0001917 seconds
2024-10-05T07:42:42.801+0300: 551.500: Application time: 26.0059711 seconds
2024-10-05T07:42:42.801+0300: 551.501: [GC (Allocation Failure) [PSYoungGen: 1806287K->328016K(2251776K)] 2137840K->659577K(7844352K), 0.0393156 secs] [Times: user=0.05 sys=0.00, real=0.05 secs] 
2024-10-05T07:42:42.848+0300: 551.540: Total time for which application threads were stopped: 0.0397511 seconds, Stopping threads took: 0.0002488 seconds
2024-10-05T07:43:33.445+0300: 602.138: Application time: 50.5983157 seconds
2024-10-05T07:43:33.445+0300: 602.139: [GC (Allocation Failure) [PSYoungGen: 2025262K->65792K(1783808K)] 2356823K->692313K(7376384K), 0.0471682 secs] [Times: user=0.09 sys=0.03, real=0.05 secs] 
2024-10-05T07:43:33.492+0300: 602.186: Total time for which application threads were stopped: 0.0475451 seconds, Stopping threads took: 0.0001900 seconds
2024-10-05T07:44:30.271+0300: 658.963: Application time: 56.7771419 seconds
2024-10-05T07:44:30.271+0300: 658.963: [GC (Allocation Failure) [PSYoungGen: 1765297K->33024K(2254336K)] 2391818K->659553K(7846912K), 0.0045258 secs] [Times: user=0.00 sys=0.00, real=0.00 secs] 
2024-10-05T07:44:30.271+0300: 658.968: Total time for which application threads were stopped: 0.0050281 seconds, Stopping threads took: 0.0003583 seconds
2024-10-05T07:45:24.671+0300: 713.365: Application time: 54.3973159 seconds
2024-10-05T07:45:24.671+0300: 713.366: [GC (Allocation Failure) [PSYoungGen: 1734179K->98624K(2255360K)] 2360708K->725161K(7847936K), 0.0128881 secs] [Times: user=0.01 sys=0.00, real=0.02 secs] 
2024-10-05T07:45:24.686+0300: 713.379: Total time for which application threads were stopped: 0.0133928 seconds, Stopping threads took: 0.0003201 seconds
2024-10-05T07:46:22.976+0300: 771.680: Application time: 58.3011374 seconds
2024-10-05T07:46:22.976+0300: 771.680: [GC (Allocation Failure) [PSYoungGen: 1800873K->33008K(2275840K)] 2427410K->659577K(7868416K), 0.0043701 secs] [Times: user=0.03 sys=0.00, real=0.01 secs] 
2024-10-05T07:46:22.991+0300: 771.685: Total time for which application threads were stopped: 0.0048130 seconds, Stopping threads took: 0.0002741 seconds
2024-10-05T07:46:23.070+0300: 771.764: Application time: 0.0791313 seconds
2024-10-05T07:46:23.070+0300: 771.764: Total time for which application threads were stopped: 0.0003025 seconds, Stopping threads took: 0.0002383 seconds
2024-10-05T07:46:26.244+0300: 774.941: Application time: 3.1773665 seconds
2024-10-05T07:46:26.260+0300: 774.952: Total time for which application threads were stopped: 0.0104362 seconds, Stopping threads took: 0.0103603 seconds
2024-10-05T07:46:26.464+0300: 775.162: Application time: 0.2103406 seconds
2024-10-05T07:46:26.464+0300: 775.162: Total time for which application threads were stopped: 0.0001396 seconds, Stopping threads took: 0.0000856 seconds
2024-10-05T07:46:27.234+0300: 775.940: Application time: 0.7775769 seconds
2024-10-05T07:46:27.234+0300: 775.940: Total time for which application threads were stopped: 0.0002586 seconds, Stopping threads took: 0.0002279 seconds
2024-10-05T07:46:47.338+0300: 796.030: Application time: 20.0896659 seconds
2024-10-05T07:46:47.338+0300: 796.030: Total time for which application threads were stopped: 0.0003129 seconds, Stopping threads took: 0.0002077 seconds
2024-10-05T07:46:59.400+0300: 808.091: Application time: 12.0611759 seconds
2024-10-05T07:46:59.400+0300: 808.092: Total time for which application threads were stopped: 0.0004495 seconds, Stopping threads took: 0.0003394 seconds
2024-10-05T07:47:10.318+0300: 819.021: Application time: 10.9293466 seconds
2024-10-05T07:47:10.350+0300: 819.042: [GC (Allocation Failure) [PSYoungGen: 1774806K->393504K(2104832K)] 2401376K->1020081K(7697408K), 0.0944564 secs] [Times: user=0.11 sys=0.33, real=0.09 secs] 
2024-10-05T07:47:10.444+0300: 819.136: Total time for which application threads were stopped: 0.1148790 seconds, Stopping threads took: 0.0202726 seconds
2024-10-05T07:48:08.758+0300: 877.458: Application time: 58.3217245 seconds
2024-10-05T07:48:08.758+0300: 877.458: [GC (Allocation Failure) [PSYoungGen: 2096591K->98592K(2249728K)] 2723169K->987361K(7842304K), 0.0721435 secs] [Times: user=0.05 sys=0.31, real=0.08 secs] 
2024-10-05T07:48:08.837+0300: 877.531: Total time for which application threads were stopped: 0.0727547 seconds, Stopping threads took: 0.0003926 seconds
2024-10-05T07:49:02.393+0300: 931.096: Application time: 53.5651974 seconds
2024-10-05T07:49:02.393+0300: 931.096: [GC (Allocation Failure) [PSYoungGen: 1768555K->164176K(2230784K)] 2657325K->1052953K(7823360K), 0.0187664 secs] [Times: user=0.05 sys=0.02, real=0.02 secs] 
2024-10-05T07:49:02.409+0300: 931.115: Total time for which application threads were stopped: 0.0192820 seconds, Stopping threads took: 0.0002930 seconds
2024-10-05T07:49:59.346+0300: 988.045: Application time: 56.9295161 seconds
2024-10-05T07:49:59.346+0300: 988.045: [GC (Allocation Failure) [PSYoungGen: 1834689K->33056K(2287616K)] 2723466K->921841K(7880192K), 0.0045310 secs] [Times: user=0.00 sys=0.00, real=0.00 secs] 
2024-10-05T07:49:59.346+0300: 988.050: Total time for which application threads were stopped: 0.0050329 seconds, Stopping threads took: 0.0003023 seconds
2024-10-05T07:50:31.568+0300: 1020.260: Application time: 32.2105404 seconds
2024-10-05T07:50:31.568+0300: 1020.261: Total time for which application threads were stopped: 0.0003775 seconds, Stopping threads took: 0.0002512 seconds
2024-10-05T07:50:36.027+0300: 1024.723: Application time: 4.4625030 seconds
2024-10-05T07:50:36.027+0300: 1024.724: Total time for which application threads were stopped: 0.0004480 seconds, Stopping threads took: 0.0004196 seconds
2024-10-05T07:50:48.527+0300: 1037.234: Application time: 12.5103424 seconds
2024-10-05T07:50:48.542+0300: 1037.234: [GC (Allocation Failure) [PSYoungGen: 1775946K->295264K(2067968K)] 2664732K->1184065K(7660544K), 0.0316135 secs] [Times: user=0.08 sys=0.00, real=0.03 secs] 
2024-10-05T07:50:48.574+0300: 1037.266: Total time for which application threads were stopped: 0.0321024 seconds, Stopping threads took: 0.0002396 seconds
2024-10-05T07:51:50.443+0300: 1099.142: Application time: 61.8761637 seconds
2024-10-05T07:51:50.443+0300: 1099.143: [GC (Allocation Failure) [PSYoungGen: 2055359K->33088K(2283520K)] 2944161K->1184081K(7876096K), 0.0550945 secs] [Times: user=0.06 sys=0.06, real=0.06 secs] 
2024-10-05T07:51:50.505+0300: 1099.198: Total time for which application threads were stopped: 0.0556497 seconds, Stopping threads took: 0.0003440 seconds
2024-10-05T07:52:45.813+0300: 1154.517: Application time: 55.3195243 seconds
2024-10-05T07:52:45.826+0300: 1154.518: [GC (Allocation Failure) [PSYoungGen: 1763867K->131360K(2275328K)] 2914861K->1282361K(7867904K), 0.0141196 secs] [Times: user=0.00 sys=0.00, real=0.00 secs] 
2024-10-05T07:52:45.829+0300: 1154.532: Total time for which application threads were stopped: 0.0146256 seconds, Stopping threads took: 0.0002925 seconds
2024-10-05T07:53:44.855+0300: 1213.555: Application time: 59.0229430 seconds
2024-10-05T07:53:44.855+0300: 1213.555: [GC (Allocation Failure) [PSYoungGen: 1864456K->65824K(2326016K)] 3015458K->1216833K(7918592K), 0.0068704 secs] [Times: user=0.02 sys=0.00, real=0.00 secs] 
2024-10-05T07:53:44.855+0300: 1213.562: Total time for which application threads were stopped: 0.0073336 seconds, Stopping threads took: 0.0003001 seconds
2024-10-05T07:54:42.567+0300: 1271.270: Application time: 57.7081764 seconds
2024-10-05T07:54:42.567+0300: 1271.271: Total time for which application threads were stopped: 0.0002884 seconds, Stopping threads took: 0.0002329 seconds
2024-10-05T07:54:43.651+0300: 1272.351: Application time: 1.0805190 seconds
2024-10-05T07:54:43.651+0300: 1272.351: Total time for which application threads were stopped: 0.0002183 seconds, Stopping threads took: 0.0001571 seconds
2024-10-05T07:54:44.357+0300: 1273.056: Application time: 0.7043966 seconds
2024-10-05T07:54:44.357+0300: 1273.056: Total time for which application threads were stopped: 0.0001692 seconds, Stopping threads took: 0.0001113 seconds
2024-10-05T07:54:44.389+0300: 1273.091: Application time: 0.0348992 seconds
2024-10-05T07:54:44.389+0300: 1273.091: [GC (Allocation Failure) [PSYoungGen: 1901292K->65696K(2311168K)] 3052301K->1216713K(7903744K), 0.0073502 secs] [Times: user=0.02 sys=0.00, real=0.02 secs] 
2024-10-05T07:54:44.404+0300: 1273.099: Total time for which application threads were stopped: 0.0076313 seconds, Stopping threads took: 0.0001438 seconds
2024-10-05T07:54:45.143+0300: 1273.839: Application time: 0.7403960 seconds
2024-10-05T07:54:45.143+0300: 1273.839: Total time for which application threads were stopped: 0.0001745 seconds, Stopping threads took: 0.0001179 seconds
2024-10-05T07:54:45.725+0300: 1274.417: Application time: 0.5781387 seconds
2024-10-05T07:54:45.725+0300: 1274.418: Total time for which application threads were stopped: 0.0002096 seconds, Stopping threads took: 0.0001610 seconds
2024-10-05T07:54:45.898+0300: 1274.601: Application time: 0.1838273 seconds
2024-10-05T07:54:45.898+0300: 1274.602: Total time for which application threads were stopped: 0.0001611 seconds, Stopping threads took: 0.0000258 seconds
2024-10-05T07:54:46.007+0300: 1274.707: Application time: 0.1058550 seconds
2024-10-05T07:54:46.007+0300: 1274.708: Total time for which application threads were stopped: 0.0002825 seconds, Stopping threads took: 0.0000339 seconds
2024-10-05T07:54:46.054+0300: 1274.756: Application time: 0.0480080 seconds
2024-10-05T07:54:46.054+0300: 1274.756: Total time for which application threads were stopped: 0.0001229 seconds, Stopping threads took: 0.0000779 seconds
2024-10-05T07:54:46.164+0300: 1274.866: Application time: 0.1097607 seconds
2024-10-05T07:54:46.164+0300: 1274.866: Total time for which application threads were stopped: 0.0002697 seconds, Stopping threads took: 0.0000192 seconds
2024-10-05T07:54:46.180+0300: 1274.873: Application time: 0.0067207 seconds
2024-10-05T07:54:46.180+0300: 1274.873: Total time for which application threads were stopped: 0.0002482 seconds, Stopping threads took: 0.0000315 seconds
2024-10-05T07:54:46.180+0300: 1274.875: Application time: 0.0017313 seconds
2024-10-05T07:54:46.180+0300: 1274.875: Total time for which application threads were stopped: 0.0001151 seconds, Stopping threads took: 0.0000194 seconds
2024-10-05T07:54:46.478+0300: 1275.172: Application time: 0.2976861 seconds
2024-10-05T07:54:46.478+0300: 1275.172: Total time for which application threads were stopped: 0.0000723 seconds, Stopping threads took: 0.0000266 seconds
2024-10-05T07:54:46.698+0300: 1275.403: Application time: 0.2308962 seconds
2024-10-05T07:54:46.698+0300: 1275.403: Total time for which application threads were stopped: 0.0001063 seconds, Stopping threads took: 0.0000214 seconds
2024-10-05T07:54:46.824+0300: 1275.529: Application time: 0.1257484 seconds
2024-10-05T07:54:46.824+0300: 1275.529: Total time for which application threads were stopped: 0.0000810 seconds, Stopping threads took: 0.0000310 seconds
2024-10-05T07:54:47.170+0300: 1275.862: Application time: 0.3325565 seconds
2024-10-05T07:54:47.170+0300: 1275.862: Total time for which application threads were stopped: 0.0001058 seconds, Stopping threads took: 0.0000479 seconds
2024-10-05T07:54:47.170+0300: 1275.862: Application time: 0.0005419 seconds
2024-10-05T07:54:47.170+0300: 1275.863: Total time for which application threads were stopped: 0.0000457 seconds, Stopping threads took: 0.0000259 seconds
2024-10-05T07:54:47.170+0300: 1275.863: Application time: 0.0003005 seconds
2024-10-05T07:54:47.170+0300: 1275.863: Total time for which application threads were stopped: 0.0000301 seconds, Stopping threads took: 0.0000157 seconds
2024-10-05T07:54:47.170+0300: 1275.863: Application time: 0.0001709 seconds
2024-10-05T07:54:47.170+0300: 1275.863: Total time for which application threads were stopped: 0.0000575 seconds, Stopping threads took: 0.0000227 seconds
2024-10-05T07:54:47.170+0300: 1275.864: Application time: 0.0009192 seconds
2024-10-05T07:54:47.170+0300: 1275.864: Total time for which application threads were stopped: 0.0000552 seconds, Stopping threads took: 0.0000399 seconds
2024-10-05T07:54:47.170+0300: 1275.874: Application time: 0.0100954 seconds
2024-10-05T07:54:47.170+0300: 1275.874: Total time for which application threads were stopped: 0.0000461 seconds, Stopping threads took: 0.0000238 seconds
Heap
 PSYoungGen      total 2311168K, used 285589K [0x0000000715580000, 0x00000007c0000000, 0x00000007c0000000)
  eden space 1841152K, 11% used [0x0000000715580000,0x0000000722c3d598,0x0000000785b80000)
  from space 470016K, 13% used [0x0000000785b80000,0x0000000789ba8040,0x00000007a2680000)
  to   space 453632K, 0% used [0x00000007a4500000,0x00000007a4500000,0x00000007c0000000)
 ParOldGen       total 5592576K, used 1151017K [0x00000005c0000000, 0x0000000715580000, 0x0000000715580000)
  object space 5592576K, 20% used [0x00000005c0000000,0x000000060640a6a8,0x0000000715580000)
 Metaspace       used 15872K, capacity 16068K, committed 16384K, reserved 1064960K
  class space    used 1646K, capacity 1718K, committed 1792K, reserved 1048576K
2024-10-05T07:54:47.280+0300: 1275.972: Application time: 0.0982355 seconds
