OpenJDK 64-Bit Server VM (25.422-b05) for windows-amd64 JRE (1.8.0_422-422-b05), built on Jul 18 2024 05:34:18 by "Administrator" with MS VC++ 16.10 / 16.11 (VS2019)
Memory: 4k page, physical 15965620k(10913452k free), swap 19635636k(12464188k free)
CommandLine flags: -XX:InitialHeapSize=943718400 -XX:MaxHeapSize=943718400 -XX:+PrintGC -XX:+PrintGCApplicationConcurrentTime -XX:+PrintGCApplicationStoppedTime -XX:+PrintGCDateStamps -XX:+PrintGCDetails -XX:+PrintGCTimeStamps -XX:+UnlockExperimentalVMOptions -XX:+UseCompressedClassPointers -XX:+UseCompressedOops -XX:-UseLargePagesIndividualAllocation -XX:+UseParallelGC -XX:+UseParallelOldGC 
2024-10-05T06:09:01.425+0300: 0.066: Application time: 0.0182598 seconds
2024-10-05T06:09:01.425+0300: 0.066: Total time for which application threads were stopped: 0.0001429 seconds, Stopping threads took: 0.0000806 seconds
2024-10-05T06:09:01.441+0300: 0.074: Application time: 0.0083889 seconds
2024-10-05T06:09:01.441+0300: 0.074: Total time for which application threads were stopped: 0.0000678 seconds, Stopping threads took: 0.0000237 seconds
2024-10-05T06:09:01.617+0300: 0.247: Application time: 0.1720908 seconds
2024-10-05T06:09:01.617+0300: 0.247: [GC (System.gc()) [PSYoungGen: 27655K->3846K(268800K)] 27655K->3854K(883200K), 0.0036948 secs] [Times: user=0.00 sys=0.00, real=0.00 secs] 
2024-10-05T06:09:01.617+0300: 0.251: [Full GC (System.gc()) [PSYoungGen: 3846K->0K(268800K)] [ParOldGen: 8K->3704K(614400K)] 3854K->3704K(883200K), [Metaspace: 7076K->7076K(1056768K)], 0.0115885 secs] [Times: user=0.00 sys=0.00, real=0.01 secs] 
2024-10-05T06:09:01.629+0300: 0.262: Total time for which application threads were stopped: 0.0156157 seconds, Stopping threads took: 0.0000353 seconds
2024-10-05T06:09:01.629+0300: 0.262: Application time: 0.0000684 seconds
2024-10-05T06:09:01.629+0300: 0.262: [GC (System.gc()) [PSYoungGen: 0K->0K(268800K)] 3704K->3704K(883200K), 0.0003749 secs] [Times: user=0.00 sys=0.00, real=0.00 secs] 
2024-10-05T06:09:01.629+0300: 0.263: [Full GC (System.gc()) [PSYoungGen: 0K->0K(268800K)] [ParOldGen: 3704K->3704K(614400K)] 3704K->3704K(883200K), [Metaspace: 7076K->7076K(1056768K)], 0.0043471 secs] [Times: user=0.00 sys=0.00, real=0.00 secs] 
2024-10-05T06:09:01.629+0300: 0.267: Total time for which application threads were stopped: 0.0048912 seconds, Stopping threads took: 0.0000368 seconds
2024-10-05T06:09:02.634+0300: 1.262: Application time: 0.9944934 seconds
2024-10-05T06:09:02.634+0300: 1.262: Total time for which application threads were stopped: 0.0003162 seconds, Stopping threads took: 0.0002371 seconds
2024-10-05T06:09:04.927+0300: 3.570: Application time: 2.3078087 seconds
2024-10-05T06:09:04.943+0300: 3.570: [GC (Allocation Failure) [PSYoungGen: 221185K->33056K(268800K)] 224889K->298904K(883200K), 0.0472211 secs] [Times: user=0.00 sys=0.03, real=0.05 secs] 
2024-10-05T06:09:04.990+0300: 3.618: Total time for which application threads were stopped: 0.0478753 seconds, Stopping threads took: 0.0003197 seconds
2024-10-05T06:09:05.462+0300: 4.090: Application time: 0.4720209 seconds
2024-10-05T06:09:05.462+0300: 4.090: Total time for which application threads were stopped: 0.0005148 seconds, Stopping threads took: 0.0003418 seconds
2024-10-05T06:09:10.662+0300: 9.291: Application time: 5.2008998 seconds
2024-10-05T06:09:10.662+0300: 9.291: [GC (Allocation Failure) [PSYoungGen: 236320K->33088K(268800K)] 502168K->331704K(883200K), 0.0162261 secs] [Times: user=0.02 sys=0.02, real=0.02 secs] 
2024-10-05T06:09:10.677+0300: 9.308: Total time for which application threads were stopped: 0.0166698 seconds, Stopping threads took: 0.0002584 seconds
2024-10-05T06:09:16.427+0300: 15.066: Application time: 5.7579674 seconds
2024-10-05T06:09:16.427+0300: 15.066: [GC (Allocation Failure) [PSYoungGen: 234284K->33120K(268800K)] 532901K->364504K(883200K), 0.0201692 secs] [Times: user=0.03 sys=0.02, real=0.03 secs] 
2024-10-05T06:09:16.458+0300: 15.087: Total time for which application threads were stopped: 0.0208306 seconds, Stopping threads took: 0.0004055 seconds
2024-10-05T06:09:19.474+0300: 18.101: Application time: 3.0147150 seconds
2024-10-05T06:09:19.489+0300: 18.117: Total time for which application threads were stopped: 0.0158974 seconds, Stopping threads took: 0.0157755 seconds
2024-10-05T06:09:21.719+0300: 20.359: Application time: 2.2420333 seconds
2024-10-05T06:09:21.719+0300: 20.360: [GC (Allocation Failure) [PSYoungGen: 238898K->33040K(268800K)] 570283K->397200K(883200K), 0.0188539 secs] [Times: user=0.02 sys=0.00, real=0.03 secs] 
2024-10-05T06:09:21.751+0300: 20.379: Total time for which application threads were stopped: 0.0192830 seconds, Stopping threads took: 0.0002274 seconds
2024-10-05T06:09:24.452+0300: 23.092: Application time: 2.7134212 seconds
2024-10-05T06:09:24.452+0300: 23.092: Total time for which application threads were stopped: 0.0002758 seconds, Stopping threads took: 0.0002265 seconds
2024-10-05T06:09:24.452+0300: 23.092: Application time: 0.0002433 seconds
2024-10-05T06:09:24.452+0300: 23.094: [GC (Allocation Failure) [PSYoungGen: 238033K->32992K(258048K)] 602194K->397160K(872448K), 0.0037372 secs] [Times: user=0.02 sys=0.00, real=0.02 secs] 
2024-10-05T06:09:24.468+0300: 23.098: Total time for which application threads were stopped: 0.0051959 seconds, Stopping threads took: 0.0013491 seconds
2024-10-05T06:09:27.374+0300: 26.011: Application time: 2.9129546 seconds
2024-10-05T06:09:27.389+0300: 26.017: [GC (Allocation Failure) --[PSYoungGen: 231115K->231115K(258048K)] 595283K->824659K(872448K), 0.0478519 secs] [Times: user=0.01 sys=0.02, real=0.05 secs] 
2024-10-05T06:09:27.437+0300: 26.065: [Full GC (Ergonomics) [PSYoungGen: 231115K->0K(258048K)] [ParOldGen: 593544K->232310K(614400K)] 824659K->232310K(872448K), [Metaspace: 7148K->7148K(1056768K)], 0.0429816 secs] [Times: user=0.03 sys=0.00, real=0.03 secs] 
2024-10-05T06:09:27.468+0300: 26.108: Total time for which application threads were stopped: 0.0973102 seconds, Stopping threads took: 0.0061889 seconds
2024-10-05T06:09:33.894+0300: 32.533: Application time: 6.4252892 seconds
2024-10-05T06:09:33.927+0300: 32.554: [GC (Allocation Failure) [PSYoungGen: 199845K->33088K(241152K)] 432156K->265398K(855552K), 0.0036979 secs] [Times: user=0.01 sys=0.00, real=0.00 secs] 
2024-10-05T06:09:33.930+0300: 32.558: Total time for which application threads were stopped: 0.0247513 seconds, Stopping threads took: 0.0208838 seconds
2024-10-05T06:09:39.852+0300: 38.484: Application time: 5.9263568 seconds
2024-10-05T06:09:39.852+0300: 38.485: [GC (Allocation Failure) [PSYoungGen: 199231K->288K(198144K)] 431542K->232598K(812544K), 0.0007897 secs] [Times: user=0.00 sys=0.00, real=0.00 secs] 
2024-10-05T06:09:39.852+0300: 38.486: Total time for which application threads were stopped: 0.0013493 seconds, Stopping threads took: 0.0003617 seconds
2024-10-05T06:09:41.267+0300: 39.901: Application time: 1.4157327 seconds
2024-10-05T06:09:41.282+0300: 39.910: [GC (Allocation Failure) [PSYoungGen: 165847K->33088K(249856K)] 398158K->396471K(864256K), 0.0130844 secs] [Times: user=0.00 sys=0.00, real=0.00 secs] 
2024-10-05T06:09:41.282+0300: 39.923: Total time for which application threads were stopped: 0.0214449 seconds, Stopping threads took: 0.0082256 seconds
2024-10-05T06:09:44.296+0300: 42.924: Application time: 3.0006640 seconds
2024-10-05T06:09:44.296+0300: 42.925: Total time for which application threads were stopped: 0.0009713 seconds, Stopping threads took: 0.0008224 seconds
2024-10-05T06:09:45.301+0300: 43.929: Application time: 1.0040163 seconds
2024-10-05T06:09:45.301+0300: 43.929: Total time for which application threads were stopped: 0.0004710 seconds, Stopping threads took: 0.0003883 seconds
2024-10-05T06:09:47.769+0300: 46.411: Application time: 2.4822252 seconds
2024-10-05T06:09:47.769+0300: 46.412: [GC (Allocation Failure) [PSYoungGen: 201887K->33120K(250368K)] 565270K->494815K(864768K), 0.0162995 secs] [Times: user=0.02 sys=0.00, real=0.03 secs] 
2024-10-05T06:09:47.800+0300: 46.428: [Full GC (Ergonomics) [PSYoungGen: 33120K->0K(250368K)] [ParOldGen: 461695K->330617K(614400K)] 494815K->330617K(864768K), [Metaspace: 7153K->7153K(1056768K)], 0.0363926 secs] [Times: user=0.03 sys=0.00, real=0.03 secs] 
2024-10-05T06:09:47.831+0300: 46.465: Total time for which application threads were stopped: 0.0534982 seconds, Stopping threads took: 0.0003939 seconds
2024-10-05T06:09:54.351+0300: 52.990: Application time: 6.5254631 seconds
2024-10-05T06:09:54.351+0300: 52.991: [GC (Allocation Failure) [PSYoungGen: 168172K->33104K(250368K)] 498790K->429257K(864768K), 0.0087063 secs] [Times: user=0.05 sys=0.00, real=0.02 secs] 
2024-10-05T06:09:54.370+0300: 53.000: Total time for which application threads were stopped: 0.0094047 seconds, Stopping threads took: 0.0005562 seconds
2024-10-05T06:10:00.413+0300: 59.055: Application time: 6.0552239 seconds
2024-10-05T06:10:00.413+0300: 59.055: [GC (Allocation Failure) [PSYoungGen: 200816K->33072K(250368K)] 596969K->462009K(864768K), 0.0062135 secs] [Times: user=0.03 sys=0.00, real=0.02 secs] 
2024-10-05T06:10:00.429+0300: 59.062: Total time for which application threads were stopped: 0.0066405 seconds, Stopping threads took: 0.0002579 seconds
2024-10-05T06:10:06.776+0300: 65.404: Application time: 6.3427691 seconds
2024-10-05T06:10:06.776+0300: 65.405: [GC (Allocation Failure) [PSYoungGen: 200491K->256K(248320K)] 629429K->429201K(862720K), 0.0010048 secs] [Times: user=0.00 sys=0.00, real=0.00 secs] 
2024-10-05T06:10:06.776+0300: 65.406: Total time for which application threads were stopped: 0.0014908 seconds, Stopping threads took: 0.0003237 seconds
2024-10-05T06:10:09.415+0300: 68.049: Application time: 2.6427956 seconds
2024-10-05T06:10:09.415+0300: 68.049: [GC (Allocation Failure) [PSYoungGen: 166254K->32768K(249344K)] 595200K->592997K(863744K), 0.0249753 secs] [Times: user=0.02 sys=0.00, real=0.03 secs] 
2024-10-05T06:10:09.446+0300: 68.074: [Full GC (Ergonomics) [PSYoungGen: 32768K->0K(249344K)] [ParOldGen: 560229K->363386K(614400K)] 592997K->363386K(863744K), [Metaspace: 7157K->7157K(1056768K)], 0.0276824 secs] [Times: user=0.02 sys=0.00, real=0.02 secs] 
2024-10-05T06:10:09.462+0300: 68.102: Total time for which application threads were stopped: 0.0532991 seconds, Stopping threads took: 0.0003502 seconds
2024-10-05T06:10:10.467+0300: 69.094: Application time: 0.9924431 seconds
2024-10-05T06:10:10.467+0300: 69.095: Total time for which application threads were stopped: 0.0004895 seconds, Stopping threads took: 0.0003955 seconds
2024-10-05T06:10:11.472+0300: 70.099: Application time: 1.0044212 seconds
2024-10-05T06:10:11.472+0300: 70.100: Total time for which application threads were stopped: 0.0004912 seconds, Stopping threads took: 0.0004046 seconds
2024-10-05T06:10:14.535+0300: 73.165: Application time: 3.0648239 seconds
2024-10-05T06:10:14.535+0300: 73.165: [GC (Allocation Failure) [PSYoungGen: 167236K->33120K(249344K)] 530623K->494810K(863744K), 0.0142032 secs] [Times: user=0.00 sys=0.00, real=0.02 secs] 
2024-10-05T06:10:14.551+0300: 73.179: [Full GC (Ergonomics) [PSYoungGen: 33120K->0K(249344K)] [ParOldGen: 461690K->330619K(614400K)] 494810K->330619K(863744K), [Metaspace: 7163K->7163K(1056768K)], 0.0242138 secs] [Times: user=0.02 sys=0.00, real=0.02 secs] 
2024-10-05T06:10:14.567+0300: 73.204: Total time for which application threads were stopped: 0.0389246 seconds, Stopping threads took: 0.0002349 seconds
2024-10-05T06:10:21.040+0300: 79.675: Application time: 6.4715895 seconds
2024-10-05T06:10:21.040+0300: 79.676: [GC (Allocation Failure) [PSYoungGen: 167360K->33136K(249344K)] 497980K->429291K(863744K), 0.0241707 secs] [Times: user=0.02 sys=0.00, real=0.03 secs] 
2024-10-05T06:10:21.072+0300: 79.700: Total time for which application threads were stopped: 0.0246929 seconds, Stopping threads took: 0.0003105 seconds
2024-10-05T06:10:27.341+0300: 85.982: Application time: 6.2823668 seconds
2024-10-05T06:10:27.341+0300: 85.983: [GC (Allocation Failure) [PSYoungGen: 201559K->33088K(250368K)] 597714K->462035K(864768K), 0.0064556 secs] [Times: user=0.01 sys=0.00, real=0.01 secs] 
2024-10-05T06:10:27.356+0300: 85.989: Total time for which application threads were stopped: 0.0068907 seconds, Stopping threads took: 0.0002016 seconds
2024-10-05T06:10:33.215+0300: 91.848: Application time: 5.8591767 seconds
2024-10-05T06:10:33.215+0300: 91.849: [GC (Allocation Failure) [PSYoungGen: 200162K->33088K(249344K)] 629109K->462051K(863744K), 0.0040640 secs] [Times: user=0.00 sys=0.00, real=0.00 secs] 
2024-10-05T06:10:33.215+0300: 91.853: Total time for which application threads were stopped: 0.0045795 seconds, Stopping threads took: 0.0003007 seconds
2024-10-05T06:10:37.235+0300: 95.862: Application time: 4.0096480 seconds
2024-10-05T06:10:37.251+0300: 95.878: Total time for which application threads were stopped: 0.0158558 seconds, Stopping threads took: 0.0157940 seconds
2024-10-05T06:10:39.168+0300: 97.804: Application time: 1.9252853 seconds
2024-10-05T06:10:39.168+0300: 97.804: [GC (Allocation Failure) [PSYoungGen: 200091K->208K(246784K)] 629054K->429179K(861184K), 0.0008907 secs] [Times: user=0.00 sys=0.00, real=0.00 secs] 
2024-10-05T06:10:39.168+0300: 97.805: Total time for which application threads were stopped: 0.0013977 seconds, Stopping threads took: 0.0003310 seconds
2024-10-05T06:10:40.944+0300: 99.580: Application time: 1.7753119 seconds
2024-10-05T06:10:40.944+0300: 99.581: [GC (Allocation Failure) [PSYoungGen: 165707K->33120K(248832K)] 594678K->593163K(863232K), 0.0128299 secs] [Times: user=0.03 sys=0.00, real=0.02 secs] 
2024-10-05T06:10:40.960+0300: 99.594: [Full GC (Ergonomics) [PSYoungGen: 33120K->0K(248832K)] [ParOldGen: 560043K->363389K(614400K)] 593163K->363389K(863232K), [Metaspace: 7168K->7168K(1056768K)], 0.0276494 secs] [Times: user=0.03 sys=0.00, real=0.03 secs] 
2024-10-05T06:10:40.991+0300: 99.621: Total time for which application threads were stopped: 0.0409270 seconds, Stopping threads took: 0.0001755 seconds
2024-10-05T06:10:47.117+0300: 105.751: Application time: 6.1292461 seconds
2024-10-05T06:10:47.117+0300: 105.751: [GC (Allocation Failure) [PSYoungGen: 167942K->33152K(249856K)] 531332K->494853K(864256K), 0.0106174 secs] [Times: user=0.03 sys=0.00, real=0.02 secs] 
2024-10-05T06:10:47.133+0300: 105.762: [Full GC (Ergonomics) [PSYoungGen: 33152K->0K(249856K)] [ParOldGen: 461701K->330621K(614400K)] 494853K->330621K(864256K), [Metaspace: 7171K->7171K(1056768K)], 0.0238217 secs] [Times: user=0.02 sys=0.00, real=0.02 secs] 
2024-10-05T06:10:47.149+0300: 105.786: Total time for which application threads were stopped: 0.0350680 seconds, Stopping threads took: 0.0003238 seconds
2024-10-05T06:10:53.635+0300: 112.270: Application time: 6.4843787 seconds
2024-10-05T06:10:53.635+0300: 112.270: [GC (Allocation Failure) [PSYoungGen: 167312K->33152K(249344K)] 497934K->429309K(863744K), 0.0084101 secs] [Times: user=0.05 sys=0.00, real=0.02 secs] 
2024-10-05T06:10:53.651+0300: 112.279: Total time for which application threads were stopped: 0.0089522 seconds, Stopping threads took: 0.0002908 seconds
2024-10-05T06:10:59.995+0300: 118.631: Application time: 6.3517392 seconds
2024-10-05T06:10:59.995+0300: 118.631: [GC (Allocation Failure) [PSYoungGen: 200301K->33008K(250880K)] 596459K->429181K(865280K), 0.0038444 secs] [Times: user=0.02 sys=0.00, real=0.00 secs] 
2024-10-05T06:10:59.995+0300: 118.635: Total time for which application threads were stopped: 0.0043507 seconds, Stopping threads took: 0.0003264 seconds
2024-10-05T06:11:05.810+0300: 124.438: Application time: 5.8033015 seconds
2024-10-05T06:11:05.810+0300: 124.439: [GC (Allocation Failure) [PSYoungGen: 200091K->240K(194560K)] 596265K->396413K(808960K), 0.0010072 secs] [Times: user=0.00 sys=0.00, real=0.00 secs] 
2024-10-05T06:11:05.810+0300: 124.440: Total time for which application threads were stopped: 0.0013376 seconds, Stopping threads took: 0.0001981 seconds
2024-10-05T06:11:08.700+0300: 127.340: Application time: 2.8998433 seconds
2024-10-05T06:11:08.700+0300: 127.340: [GC (Allocation Failure) [PSYoungGen: 166065K->33120K(249344K)] 562239K->560365K(863744K), 0.0127581 secs] [Times: user=0.03 sys=0.00, real=0.02 secs] 
2024-10-05T06:11:08.716+0300: 127.353: [Full GC (Ergonomics) [PSYoungGen: 33120K->0K(249344K)] [ParOldGen: 527245K->363391K(614400K)] 560365K->363391K(863744K), [Metaspace: 7172K->7172K(1056768K)], 0.0307465 secs] [Times: user=0.06 sys=0.00, real=0.03 secs] 
2024-10-05T06:11:08.747+0300: 127.384: Total time for which application threads were stopped: 0.0440203 seconds, Stopping threads took: 0.0002152 seconds
2024-10-05T06:11:15.408+0300: 134.038: Application time: 6.6543488 seconds
2024-10-05T06:11:15.408+0300: 134.038: [GC (Allocation Failure) [PSYoungGen: 167350K->33072K(249344K)] 530742K->429239K(863744K), 0.0402699 secs] [Times: user=0.03 sys=0.00, real=0.03 secs] 
2024-10-05T06:11:15.439+0300: 134.079: Total time for which application threads were stopped: 0.0407025 seconds, Stopping threads took: 0.0002734 seconds
2024-10-05T06:11:21.465+0300: 140.093: Application time: 6.0140426 seconds
2024-10-05T06:11:21.481+0300: 140.108: Total time for which application threads were stopped: 0.0156723 seconds, Stopping threads took: 0.0155641 seconds
2024-10-05T06:11:21.496+0300: 140.124: Application time: 0.0160184 seconds
2024-10-05T06:11:21.496+0300: 140.125: [GC (Allocation Failure) [PSYoungGen: 200164K->33056K(250368K)] 596331K->461991K(864768K), 0.0322350 secs] [Times: user=0.06 sys=0.00, real=0.03 secs] 
2024-10-05T06:11:21.528+0300: 140.157: Total time for which application threads were stopped: 0.0326138 seconds, Stopping threads took: 0.0002468 seconds
2024-10-05T06:11:27.809+0300: 146.445: Application time: 6.2879588 seconds
2024-10-05T06:11:27.809+0300: 146.445: [GC (Allocation Failure) [PSYoungGen: 199562K->33072K(249856K)] 628497K->462031K(864256K), 0.0049888 secs] [Times: user=0.03 sys=0.00, real=0.00 secs] 
2024-10-05T06:11:27.809+0300: 146.450: Total time for which application threads were stopped: 0.0054548 seconds, Stopping threads took: 0.0002768 seconds
2024-10-05T06:11:31.831+0300: 150.461: Application time: 4.0105080 seconds
2024-10-05T06:11:31.831+0300: 150.461: [GC (Allocation Failure) [PSYoungGen: 199977K->33056K(251904K)] 628937K->494867K(866304K), 0.0080589 secs] [Times: user=0.00 sys=0.00, real=0.00 secs] 
2024-10-05T06:11:31.831+0300: 150.469: [Full GC (Ergonomics) [PSYoungGen: 33056K->0K(251904K)] [ParOldGen: 461811K->265089K(614400K)] 494867K->265089K(866304K), [Metaspace: 7189K->7189K(1056768K)], 0.0197426 secs] [Times: user=0.03 sys=0.02, real=0.02 secs] 
2024-10-05T06:11:31.854+0300: 150.489: Total time for which application threads were stopped: 0.0283444 seconds, Stopping threads took: 0.0002772 seconds
2024-10-05T06:11:37.329+0300: 155.959: Application time: 5.4696607 seconds
2024-10-05T06:11:37.329+0300: 155.959: [GC (Allocation Failure) [PSYoungGen: 166946K->33024K(251392K)] 432035K->363649K(865792K), 0.0129610 secs] [Times: user=0.02 sys=0.00, real=0.02 secs] 
2024-10-05T06:11:37.345+0300: 155.972: Total time for which application threads were stopped: 0.0134314 seconds, Stopping threads took: 0.0002958 seconds
2024-10-05T06:11:41.917+0300: 160.550: Application time: 4.5773642 seconds
2024-10-05T06:11:41.917+0300: 160.550: [GC (Allocation Failure) [PSYoungGen: 199422K->33024K(253952K)] 530047K->429233K(868352K), 0.0101055 secs] [Times: user=0.02 sys=0.00, real=0.00 secs] 
2024-10-05T06:11:41.917+0300: 160.560: Total time for which application threads were stopped: 0.0105532 seconds, Stopping threads took: 0.0002581 seconds
2024-10-05T06:11:47.857+0300: 166.499: Application time: 5.9382205 seconds
2024-10-05T06:11:47.857+0300: 166.499: [GC (Allocation Failure) [PSYoungGen: 200211K->33088K(252928K)] 596420K->494881K(867328K), 0.0173073 secs] [Times: user=0.05 sys=0.01, real=0.03 secs] 
2024-10-05T06:11:47.889+0300: 166.516: Total time for which application threads were stopped: 0.0179381 seconds, Stopping threads took: 0.0003288 seconds
2024-10-05T06:11:54.266+0300: 172.898: Application time: 6.3815280 seconds
2024-10-05T06:11:54.266+0300: 172.898: [GC (Allocation Failure) [PSYoungGen: 200477K->33056K(255488K)] 662270K->527633K(869888K), 0.0084821 secs] [Times: user=0.06 sys=0.00, real=0.00 secs] 
2024-10-05T06:11:54.266+0300: 172.907: [Full GC (Ergonomics) [PSYoungGen: 33056K->0K(255488K)] [ParOldGen: 494577K->265090K(614400K)] 527633K->265090K(869888K), [Metaspace: 7191K->7191K(1056768K)], 0.0156113 secs] [Times: user=0.00 sys=0.00, real=0.02 secs] 
2024-10-05T06:11:54.282+0300: 172.923: Total time for which application threads were stopped: 0.0246115 seconds, Stopping threads took: 0.0002585 seconds
2024-10-05T06:12:00.977+0300: 179.617: Application time: 6.6941778 seconds
2024-10-05T06:12:00.977+0300: 179.617: [GC (Allocation Failure) [PSYoungGen: 200352K->33056K(254976K)] 465443K->298146K(869376K), 0.0085032 secs] [Times: user=0.00 sys=0.02, real=0.02 secs] 
2024-10-05T06:12:00.992+0300: 179.626: Total time for which application threads were stopped: 0.0089677 seconds, Stopping threads took: 0.0002848 seconds
2024-10-05T06:12:07.621+0300: 186.252: Application time: 6.6264647 seconds
2024-10-05T06:12:07.621+0300: 186.253: [GC (Allocation Failure) [PSYoungGen: 232796K->33056K(257536K)] 497886K->298162K(871936K), 0.0057144 secs] [Times: user=0.00 sys=0.00, real=0.00 secs] 
2024-10-05T06:12:07.621+0300: 186.258: Total time for which application threads were stopped: 0.0061667 seconds, Stopping threads took: 0.0003056 seconds
2024-10-05T06:12:14.282+0300: 192.924: Application time: 6.6659990 seconds
2024-10-05T06:12:14.282+0300: 192.925: [GC (Allocation Failure) [PSYoungGen: 232927K->33072K(256512K)] 498034K->298194K(870912K), 0.0083138 secs] [Times: user=0.03 sys=0.00, real=0.02 secs] 
2024-10-05T06:12:14.298+0300: 192.933: Total time for which application threads were stopped: 0.0087761 seconds, Stopping threads took: 0.0002955 seconds
2024-10-05T06:12:20.849+0300: 199.485: Application time: 6.5520356 seconds
2024-10-05T06:12:20.865+0300: 199.492: [GC (Allocation Failure) [PSYoungGen: 233598K->33088K(259584K)] 498721K->298234K(873984K), 0.0064318 secs] [Times: user=0.03 sys=0.01, real=0.00 secs] 
2024-10-05T06:12:20.865+0300: 199.499: Total time for which application threads were stopped: 0.0135099 seconds, Stopping threads took: 0.0068986 seconds
2024-10-05T06:12:21.869+0300: 200.497: Application time: 0.9978872 seconds
2024-10-05T06:12:21.869+0300: 200.497: Total time for which application threads were stopped: 0.0003550 seconds, Stopping threads took: 0.0002817 seconds
2024-10-05T06:12:24.884+0300: 203.512: Application time: 3.0147063 seconds
2024-10-05T06:12:24.884+0300: 203.512: Total time for which application threads were stopped: 0.0006308 seconds, Stopping threads took: 0.0005208 seconds
2024-10-05T06:12:26.723+0300: 205.360: Application time: 1.8472823 seconds
2024-10-05T06:12:26.723+0300: 205.360: [GC (Allocation Failure) [PSYoungGen: 233499K->33040K(258560K)] 498646K->298202K(872960K), 0.0216542 secs] [Times: user=0.02 sys=0.02, real=0.03 secs] 
2024-10-05T06:12:26.754+0300: 205.382: Total time for which application threads were stopped: 0.0222589 seconds, Stopping threads took: 0.0003435 seconds
2024-10-05T06:12:27.760+0300: 206.387: Application time: 1.0053244 seconds
2024-10-05T06:12:27.760+0300: 206.388: Total time for which application threads were stopped: 0.0003976 seconds, Stopping threads took: 0.0003300 seconds
2024-10-05T06:12:29.770+0300: 208.397: Application time: 2.0095525 seconds
2024-10-05T06:12:29.770+0300: 208.398: Total time for which application threads were stopped: 0.0004075 seconds, Stopping threads took: 0.0003040 seconds
2024-10-05T06:12:32.595+0300: 211.233: Application time: 2.8357588 seconds
2024-10-05T06:12:32.595+0300: 211.234: [GC (Allocation Failure) [PSYoungGen: 233572K->33008K(261120K)] 498735K->330994K(875520K), 0.0078794 secs] [Times: user=0.01 sys=0.00, real=0.01 secs] 
2024-10-05T06:12:32.610+0300: 211.242: Total time for which application threads were stopped: 0.0084349 seconds, Stopping threads took: 0.0003812 seconds
2024-10-05T06:12:38.473+0300: 217.106: Application time: 5.8644895 seconds
2024-10-05T06:12:38.473+0300: 217.107: [GC (Allocation Failure) [PSYoungGen: 233676K->33088K(260096K)] 531663K->363850K(874496K), 0.0252496 secs] [Times: user=0.00 sys=0.02, real=0.03 secs] 
2024-10-05T06:12:38.504+0300: 217.132: Total time for which application threads were stopped: 0.0258367 seconds, Stopping threads took: 0.0003228 seconds
2024-10-05T06:12:44.378+0300: 223.010: Application time: 5.8780309 seconds
2024-10-05T06:12:44.378+0300: 223.011: [GC (Allocation Failure) [PSYoungGen: 234050K->33104K(262656K)] 564813K->396650K(877056K), 0.0084994 secs] [Times: user=0.00 sys=0.01, real=0.00 secs] 
2024-10-05T06:12:44.378+0300: 223.019: Total time for which application threads were stopped: 0.0090352 seconds, Stopping threads took: 0.0003182 seconds
2024-10-05T06:12:50.661+0300: 229.297: Application time: 6.2778242 seconds
2024-10-05T06:12:50.661+0300: 229.298: [GC (Allocation Failure) [PSYoungGen: 234083K->33072K(262144K)] 597630K->462211K(876544K), 0.0230001 secs] [Times: user=0.02 sys=0.00, real=0.03 secs] 
2024-10-05T06:12:50.693+0300: 229.321: Total time for which application threads were stopped: 0.0237084 seconds, Stopping threads took: 0.0004760 seconds
2024-10-05T06:12:57.281+0300: 235.908: Application time: 6.5874767 seconds
2024-10-05T06:12:57.281+0300: 235.909: [GC (Allocation Failure) [PSYoungGen: 234015K->33104K(264192K)] 663154K->527787K(878592K), 0.0101278 secs] [Times: user=0.01 sys=0.00, real=0.01 secs] 
2024-10-05T06:12:57.291+0300: 235.919: Total time for which application threads were stopped: 0.0106540 seconds, Stopping threads took: 0.0003090 seconds
2024-10-05T06:13:03.905+0300: 242.533: Application time: 6.6142006 seconds
2024-10-05T06:13:03.905+0300: 242.534: [GC (Allocation Failure) [PSYoungGen: 234336K->33088K(263680K)] 729019K->560555K(878080K), 0.0060209 secs] [Times: user=0.00 sys=0.00, real=0.00 secs] 
2024-10-05T06:13:03.905+0300: 242.540: [Full GC (Ergonomics) [PSYoungGen: 33088K->0K(263680K)] [ParOldGen: 527467K->265097K(614400K)] 560555K->265097K(878080K), [Metaspace: 7200K->7200K(1056768K)], 0.0147255 secs] [Times: user=0.02 sys=0.00, real=0.02 secs] 
2024-10-05T06:13:03.925+0300: 242.555: Total time for which application threads were stopped: 0.0214055 seconds, Stopping threads took: 0.0003875 seconds
2024-10-05T06:13:10.392+0300: 249.020: Application time: 6.4656949 seconds
2024-10-05T06:13:10.408+0300: 249.036: [GC (Allocation Failure) [PSYoungGen: 201126K->32992K(265728K)] 466224K->396393K(880128K), 0.0158769 secs] [Times: user=0.00 sys=0.00, real=0.02 secs] 
2024-10-05T06:13:10.424+0300: 249.052: Total time for which application threads were stopped: 0.0314345 seconds, Stopping threads took: 0.0152666 seconds
2024-10-05T06:13:16.989+0300: 255.618: Application time: 6.5661248 seconds
2024-10-05T06:13:17.005+0300: 255.632: [GC (Allocation Failure) [PSYoungGen: 233594K->33120K(264704K)] 596995K->462065K(879104K), 0.0093584 secs] [Times: user=0.00 sys=0.00, real=0.00 secs] 
2024-10-05T06:13:17.005+0300: 255.642: Total time for which application threads were stopped: 0.0240329 seconds, Stopping threads took: 0.0143776 seconds
2024-10-05T06:13:23.745+0300: 262.376: Application time: 6.7341414 seconds
2024-10-05T06:13:23.760+0300: 262.388: [GC (Allocation Failure) [PSYoungGen: 234454K->33072K(266752K)] 663400K->494809K(881152K), 0.0060484 secs] [Times: user=0.00 sys=0.00, real=0.00 secs] 
2024-10-05T06:13:23.760+0300: 262.394: Total time for which application threads were stopped: 0.0179613 seconds, Stopping threads took: 0.0117125 seconds
2024-10-05T06:13:30.405+0300: 269.045: Application time: 6.6508094 seconds
2024-10-05T06:13:30.436+0300: 269.064: [GC (Allocation Failure) [PSYoungGen: 233821K->33008K(266240K)] 695559K->494753K(880640K), 0.0046793 secs] [Times: user=0.00 sys=0.00, real=0.00 secs] 
2024-10-05T06:13:30.436+0300: 269.068: Total time for which application threads were stopped: 0.0234694 seconds, Stopping threads took: 0.0186494 seconds
2024-10-05T06:13:30.436+0300: 269.069: Application time: 0.0005726 seconds
2024-10-05T06:13:30.452+0300: 269.079: Total time for which application threads were stopped: 0.0104499 seconds, Stopping threads took: 0.0103765 seconds
2024-10-05T06:13:32.006+0300: 270.648: Application time: 1.5683589 seconds
2024-10-05T06:13:32.006+0300: 270.648: Total time for which application threads were stopped: 0.0003983 seconds, Stopping threads took: 0.0003379 seconds
2024-10-05T06:13:32.964+0300: 271.607: Application time: 0.9587329 seconds
2024-10-05T06:13:32.980+0300: 271.607: Total time for which application threads were stopped: 0.0002711 seconds, Stopping threads took: 0.0002075 seconds
2024-10-05T06:13:33.263+0300: 271.892: Application time: 0.2851220 seconds
2024-10-05T06:13:33.263+0300: 271.892: Total time for which application threads were stopped: 0.0001448 seconds, Stopping threads took: 0.0000971 seconds
2024-10-05T06:13:34.212+0300: 272.844: Application time: 0.9513609 seconds
2024-10-05T06:13:34.212+0300: 272.844: Total time for which application threads were stopped: 0.0001664 seconds, Stopping threads took: 0.0001178 seconds
2024-10-05T06:13:34.347+0300: 272.981: Application time: 0.1376275 seconds
2024-10-05T06:13:34.347+0300: 272.982: Total time for which application threads were stopped: 0.0004119 seconds, Stopping threads took: 0.0003722 seconds
2024-10-05T06:13:34.347+0300: 272.982: Application time: 0.0001955 seconds
2024-10-05T06:13:34.347+0300: 272.984: [GC (Allocation Failure) [PSYoungGen: 239097K->33040K(267776K)] 700843K->527561K(882176K), 0.0059686 secs] [Times: user=0.00 sys=0.00, real=0.02 secs] 
2024-10-05T06:13:34.363+0300: 272.990: Total time for which application threads were stopped: 0.0082311 seconds, Stopping threads took: 0.0021575 seconds
2024-10-05T06:13:37.457+0300: 276.086: Application time: 3.0956787 seconds
2024-10-05T06:13:37.457+0300: 276.086: [GC (Allocation Failure) --[PSYoungGen: 232822K->232822K(267776K)] 727344K->825744K(882176K), 0.0141064 secs] [Times: user=0.00 sys=0.00, real=0.02 secs] 
2024-10-05T06:13:37.473+0300: 276.101: [Full GC (Ergonomics) [PSYoungGen: 232822K->0K(267776K)] [ParOldGen: 592921K->265433K(614400K)] 825744K->265433K(882176K), [Metaspace: 7305K->7305K(1056768K)], 0.0416928 secs] [Times: user=0.03 sys=0.00, real=0.03 secs] 
2024-10-05T06:13:37.504+0300: 276.142: Total time for which application threads were stopped: 0.0564483 seconds, Stopping threads took: 0.0003358 seconds
2024-10-05T06:13:40.520+0300: 279.148: Application time: 3.0051157 seconds
2024-10-05T06:13:40.520+0300: 279.148: Total time for which application threads were stopped: 0.0004564 seconds, Stopping threads took: 0.0003829 seconds
2024-10-05T06:13:43.678+0300: 282.306: Application time: 3.1582259 seconds
2024-10-05T06:13:43.678+0300: 282.307: [GC (Allocation Failure) [PSYoungGen: 200130K->33056K(267264K)] 465564K->331257K(881664K), 0.0065010 secs] [Times: user=0.00 sys=0.00, real=0.00 secs] 
2024-10-05T06:13:43.678+0300: 282.313: Total time for which application threads were stopped: 0.0069882 seconds, Stopping threads took: 0.0003201 seconds
2024-10-05T06:13:50.228+0300: 288.862: Application time: 6.5483822 seconds
2024-10-05T06:13:50.228+0300: 288.862: [GC (Allocation Failure) [PSYoungGen: 232737K->33072K(268800K)] 530938K->364049K(883200K), 0.0059409 secs] [Times: user=0.00 sys=0.00, real=0.00 secs] 
2024-10-05T06:13:50.228+0300: 288.868: Total time for which application threads were stopped: 0.0063454 seconds, Stopping threads took: 0.0002075 seconds
2024-10-05T06:13:56.559+0300: 295.199: Application time: 6.3307066 seconds
2024-10-05T06:13:56.559+0300: 295.199: [GC (Allocation Failure) [PSYoungGen: 233283K->33024K(268288K)] 564261K->396777K(882688K), 0.0059942 secs] [Times: user=0.01 sys=0.00, real=0.02 secs] 
2024-10-05T06:13:56.575+0300: 295.205: Total time for which application threads were stopped: 0.0064711 seconds, Stopping threads took: 0.0003169 seconds
2024-10-05T06:14:03.063+0300: 301.698: Application time: 6.4924092 seconds
2024-10-05T06:14:03.063+0300: 301.698: [GC (Allocation Failure) [PSYoungGen: 233558K->33120K(269312K)] 597312K->429649K(883712K), 0.0066932 secs] [Times: user=0.00 sys=0.00, real=0.00 secs] 
2024-10-05T06:14:03.063+0300: 301.705: Total time for which application threads were stopped: 0.0070998 seconds, Stopping threads took: 0.0001880 seconds
2024-10-05T06:14:09.615+0300: 308.252: Application time: 6.5472176 seconds
2024-10-05T06:14:09.615+0300: 308.252: [GC (Allocation Failure) [PSYoungGen: 233880K->33088K(268800K)] 630409K->429625K(883200K), 0.0041600 secs] [Times: user=0.00 sys=0.00, real=0.00 secs] 
2024-10-05T06:14:09.615+0300: 308.257: Total time for which application threads were stopped: 0.0046294 seconds, Stopping threads took: 0.0002715 seconds
2024-10-05T06:14:16.132+0300: 314.761: Application time: 6.5039955 seconds
2024-10-05T06:14:16.132+0300: 314.761: [GC (Allocation Failure) [PSYoungGen: 233981K->256K(259584K)] 630519K->396809K(873984K), 0.0010055 secs] [Times: user=0.00 sys=0.00, real=0.00 secs] 
2024-10-05T06:14:16.134+0300: 314.762: Total time for which application threads were stopped: 0.0014753 seconds, Stopping threads took: 0.0002848 seconds
2024-10-05T06:14:22.671+0300: 321.314: Application time: 6.5518510 seconds
2024-10-05T06:14:22.687+0300: 321.314: [GC (Allocation Failure) [PSYoungGen: 200817K->208K(216576K)] 597371K->396761K(830976K), 0.0011224 secs] [Times: user=0.00 sys=0.00, real=0.00 secs] 
2024-10-05T06:14:22.687+0300: 321.316: Total time for which application threads were stopped: 0.0017125 seconds, Stopping threads took: 0.0003985 seconds
2024-10-05T06:14:29.219+0300: 327.857: Application time: 6.5414481 seconds
2024-10-05T06:14:29.219+0300: 327.858: [GC (Allocation Failure) [PSYoungGen: 200554K->256K(256000K)] 597107K->396809K(870400K), 0.0011316 secs] [Times: user=0.00 sys=0.00, real=0.00 secs] 
2024-10-05T06:14:29.219+0300: 327.859: Total time for which application threads were stopped: 0.0016438 seconds, Stopping threads took: 0.0003093 seconds
2024-10-05T06:14:35.473+0300: 334.103: Application time: 6.2446265 seconds
2024-10-05T06:14:35.473+0300: 334.104: [GC (Allocation Failure) [PSYoungGen: 200670K->256K(210432K)] 597223K->396809K(824832K), 0.0010808 secs] [Times: user=0.00 sys=0.00, real=0.00 secs] 
2024-10-05T06:14:35.473+0300: 334.105: Total time for which application threads were stopped: 0.0014922 seconds, Stopping threads took: 0.0002637 seconds
2024-10-05T06:14:41.219+0300: 339.862: Application time: 5.7570565 seconds
2024-10-05T06:14:41.235+0300: 339.862: [GC (Allocation Failure) [PSYoungGen: 200783K->288K(254976K)] 597336K->396841K(869376K), 0.0011642 secs] [Times: user=0.00 sys=0.00, real=0.00 secs] 
2024-10-05T06:14:41.235+0300: 339.864: Total time for which application threads were stopped: 0.0017680 seconds, Stopping threads took: 0.0003818 seconds
2024-10-05T06:14:47.000+0300: 345.641: Application time: 5.7770928 seconds
2024-10-05T06:14:47.000+0300: 345.641: [GC (Allocation Failure) [PSYoungGen: 200790K->208K(256000K)] 597343K->396761K(870400K), 0.0010711 secs] [Times: user=0.00 sys=0.00, real=0.00 secs] 
2024-10-05T06:14:47.000+0300: 345.642: Total time for which application threads were stopped: 0.0014828 seconds, Stopping threads took: 0.0002278 seconds
2024-10-05T06:14:52.825+0300: 351.464: Application time: 5.8219451 seconds
2024-10-05T06:14:52.841+0300: 351.468: [GC (Allocation Failure) [PSYoungGen: 200756K->33040K(250880K)] 597309K->462361K(865280K), 0.0060993 secs] [Times: user=0.00 sys=0.00, real=0.00 secs] 
2024-10-05T06:14:52.843+0300: 351.474: Total time for which application threads were stopped: 0.0100242 seconds, Stopping threads took: 0.0037836 seconds
2024-10-05T06:14:56.438+0300: 355.076: Application time: 3.6021011 seconds
2024-10-05T06:14:56.438+0300: 355.077: [GC (Allocation Failure) [PSYoungGen: 200751K->33120K(232960K)] 630072K->560745K(847360K), 0.0111661 secs] [Times: user=0.02 sys=0.00, real=0.02 secs] 
2024-10-05T06:14:56.454+0300: 355.088: [Full GC (Ergonomics) [PSYoungGen: 33120K->0K(232960K)] [ParOldGen: 527625K->331030K(614400K)] 560745K->331030K(847360K), [Metaspace: 7315K->7315K(1056768K)], 0.0272316 secs] [Times: user=0.05 sys=0.00, real=0.03 secs] 
2024-10-05T06:14:56.485+0300: 355.115: Total time for which application threads were stopped: 0.0389712 seconds, Stopping threads took: 0.0003093 seconds
2024-10-05T06:15:02.942+0300: 361.580: Application time: 6.4643618 seconds
2024-10-05T06:15:02.942+0300: 361.580: [GC (Allocation Failure) [PSYoungGen: 168543K->33120K(248832K)] 499573K->429686K(863232K), 0.0087595 secs] [Times: user=0.02 sys=0.00, real=0.02 secs] 
2024-10-05T06:15:02.957+0300: 361.589: Total time for which application threads were stopped: 0.0092188 seconds, Stopping threads took: 0.0002989 seconds
2024-10-05T06:15:09.193+0300: 367.825: Application time: 6.2362476 seconds
2024-10-05T06:15:09.193+0300: 367.826: [GC (Allocation Failure) [PSYoungGen: 200976K->33088K(226816K)] 597542K->462422K(841216K), 0.0061526 secs] [Times: user=0.00 sys=0.00, real=0.00 secs] 
2024-10-05T06:15:09.193+0300: 367.832: Total time for which application threads were stopped: 0.0066347 seconds, Stopping threads took: 0.0003225 seconds
2024-10-05T06:15:15.475+0300: 374.117: Application time: 6.2847264 seconds
2024-10-05T06:15:15.475+0300: 374.117: [GC (Allocation Failure) [PSYoungGen: 200600K->33056K(248832K)] 629934K->462390K(863232K), 0.0042949 secs] [Times: user=0.03 sys=0.00, real=0.02 secs] 
2024-10-05T06:15:15.491+0300: 374.121: Total time for which application threads were stopped: 0.0048257 seconds, Stopping threads took: 0.0003540 seconds
2024-10-05T06:15:20.015+0300: 378.648: Application time: 4.5268079 seconds
2024-10-05T06:15:20.015+0300: 378.649: [GC (Allocation Failure) [PSYoungGen: 200310K->288K(192000K)] 629644K->429622K(806400K), 0.0010603 secs] [Times: user=0.00 sys=0.00, real=0.00 secs] 
2024-10-05T06:15:20.015+0300: 378.650: Total time for which application threads were stopped: 0.0015301 seconds, Stopping threads took: 0.0002696 seconds
2024-10-05T06:15:22.986+0300: 381.621: Application time: 2.9717655 seconds
2024-10-05T06:15:22.986+0300: 381.622: [GC (Allocation Failure) [PSYoungGen: 166390K->33120K(247808K)] 595724K->593526K(862208K), 0.0134376 secs] [Times: user=0.03 sys=0.00, real=0.02 secs] 
2024-10-05T06:15:23.002+0300: 381.635: [Full GC (Ergonomics) [PSYoungGen: 33120K->0K(247808K)] [ParOldGen: 560406K->363799K(614400K)] 593526K->363799K(862208K), [Metaspace: 7315K->7315K(1056768K)], 0.0292639 secs] [Times: user=0.03 sys=0.00, real=0.03 secs] 
2024-10-05T06:15:23.033+0300: 381.665: Total time for which application threads were stopped: 0.0432479 seconds, Stopping threads took: 0.0001952 seconds
2024-10-05T06:15:29.254+0300: 387.891: Application time: 6.2262061 seconds
2024-10-05T06:15:29.254+0300: 387.891: [GC (Allocation Failure) [PSYoungGen: 167082K->33136K(222720K)] 530882K->495239K(837120K), 0.0105111 secs] [Times: user=0.05 sys=0.00, real=0.02 secs] 
2024-10-05T06:15:29.270+0300: 387.902: Total time for which application threads were stopped: 0.0109637 seconds, Stopping threads took: 0.0003110 seconds
2024-10-05T06:15:33.292+0300: 391.920: Application time: 4.0175929 seconds
2024-10-05T06:15:33.292+0300: 391.920: Total time for which application threads were stopped: 0.0003999 seconds, Stopping threads took: 0.0002904 seconds
2024-10-05T06:15:35.367+0300: 393.998: Application time: 2.0779453 seconds
2024-10-05T06:15:35.382+0300: 394.009: [GC (Allocation Failure) [PSYoungGen: 200477K->33120K(247808K)] 662580K->560767K(862208K), 0.0082664 secs] [Times: user=0.03 sys=0.00, real=0.00 secs] 
2024-10-05T06:15:35.382+0300: 394.017: [Full GC (Ergonomics) [PSYoungGen: 33120K->0K(247808K)] [ParOldGen: 527647K->298264K(614400K)] 560767K->298264K(862208K), [Metaspace: 7315K->7315K(1056768K)], 0.0193146 secs] [Times: user=0.02 sys=0.00, real=0.02 secs] 
2024-10-05T06:15:35.397+0300: 394.037: Total time for which application threads were stopped: 0.0390180 seconds, Stopping threads took: 0.0111541 seconds
2024-10-05T06:15:41.932+0300: 400.572: Application time: 6.5346431 seconds
2024-10-05T06:15:41.932+0300: 400.572: [GC (Allocation Failure) [PSYoungGen: 167080K->33072K(247808K)] 465344K->364104K(862208K), 0.0061118 secs] [Times: user=0.00 sys=0.00, real=0.02 secs] 
2024-10-05T06:15:41.947+0300: 400.578: Total time for which application threads were stopped: 0.0067934 seconds, Stopping threads took: 0.0004131 seconds
2024-10-05T06:15:43.958+0300: 402.585: Application time: 2.0069053 seconds
2024-10-05T06:15:43.958+0300: 402.586: Total time for which application threads were stopped: 0.0004494 seconds, Stopping threads took: 0.0003208 seconds
2024-10-05T06:15:46.659+0300: 405.299: Application time: 2.7128881 seconds
2024-10-05T06:15:46.659+0300: 405.299: [GC (Allocation Failure) [PSYoungGen: 199794K->33056K(248832K)] 530826K->364088K(863232K), 0.0041981 secs] [Times: user=0.02 sys=0.00, real=0.02 secs] 
2024-10-05T06:15:46.675+0300: 405.303: Total time for which application threads were stopped: 0.0046028 seconds, Stopping threads took: 0.0002209 seconds
2024-10-05T06:15:51.296+0300: 409.923: Application time: 4.6200884 seconds
2024-10-05T06:15:51.296+0300: 409.924: [GC (Allocation Failure) [PSYoungGen: 199833K->33120K(248320K)] 530866K->462464K(862720K), 0.0110123 secs] [Times: user=0.03 sys=0.00, real=0.00 secs] 
2024-10-05T06:15:51.296+0300: 409.935: Total time for which application threads were stopped: 0.0115699 seconds, Stopping threads took: 0.0002914 seconds
2024-10-05T06:15:54.311+0300: 412.938: Application time: 3.0032846 seconds
2024-10-05T06:15:54.311+0300: 412.939: Total time for which application threads were stopped: 0.0004508 seconds, Stopping threads took: 0.0003273 seconds
2024-10-05T06:15:55.867+0300: 414.497: Application time: 1.5588630 seconds
2024-10-05T06:15:55.867+0300: 414.498: [GC (Allocation Failure) [PSYoungGen: 199979K->33056K(250368K)] 629323K->560744K(864768K), 0.0114853 secs] [Times: user=0.05 sys=0.00, real=0.01 secs] 
2024-10-05T06:15:55.882+0300: 414.510: [Full GC (Ergonomics) [PSYoungGen: 33056K->0K(250368K)] [ParOldGen: 527688K->331034K(614400K)] 560744K->331034K(864768K), [Metaspace: 7327K->7327K(1056768K)], 0.0235421 secs] [Times: user=0.03 sys=0.00, real=0.02 secs] 
2024-10-05T06:15:55.898+0300: 414.533: Total time for which application threads were stopped: 0.0359465 seconds, Stopping threads took: 0.0006324 seconds
2024-10-05T06:16:02.009+0300: 420.641: Application time: 6.1071085 seconds
2024-10-05T06:16:02.009+0300: 420.641: [GC (Allocation Failure) [PSYoungGen: 167907K->33120K(249344K)] 498941K->429690K(863744K), 0.0088893 secs] [Times: user=0.00 sys=0.00, real=0.00 secs] 
2024-10-05T06:16:02.009+0300: 420.650: Total time for which application threads were stopped: 0.0093338 seconds, Stopping threads took: 0.0002114 seconds
2024-10-05T06:16:08.564+0300: 427.194: Application time: 6.5436427 seconds
2024-10-05T06:16:08.564+0300: 427.194: [GC (Allocation Failure) [PSYoungGen: 200655K->33056K(251904K)] 597225K->462418K(866304K), 0.0059854 secs] [Times: user=0.02 sys=0.00, real=0.00 secs] 
2024-10-05T06:16:08.564+0300: 427.200: Total time for which application threads were stopped: 0.0065032 seconds, Stopping threads took: 0.0003527 seconds
2024-10-05T06:16:14.611+0300: 433.243: Application time: 6.0425168 seconds
2024-10-05T06:16:14.611+0300: 433.243: [GC (Allocation Failure) [PSYoungGen: 200411K->33056K(250880K)] 629773K->462426K(865280K), 0.0041273 secs] [Times: user=0.02 sys=0.00, real=0.00 secs] 
2024-10-05T06:16:14.611+0300: 433.247: Total time for which application threads were stopped: 0.0047285 seconds, Stopping threads took: 0.0003340 seconds
2024-10-05T06:16:19.811+0300: 438.440: Application time: 5.1932052 seconds
2024-10-05T06:16:19.811+0300: 438.441: [GC (Allocation Failure) [PSYoungGen: 200257K->240K(248832K)] 629627K->429618K(863232K), 0.0011539 secs] [Times: user=0.00 sys=0.00, real=0.00 secs] 
2024-10-05T06:16:19.811+0300: 438.442: Total time for which application threads were stopped: 0.0015561 seconds, Stopping threads took: 0.0002343 seconds
2024-10-05T06:16:22.450+0300: 441.084: Application time: 2.6418210 seconds
2024-10-05T06:16:22.450+0300: 441.084: [GC (Allocation Failure) [PSYoungGen: 166273K->33120K(250880K)] 595651K->593570K(865280K), 0.0250084 secs] [Times: user=0.02 sys=0.00, real=0.03 secs] 
2024-10-05T06:16:22.481+0300: 441.109: [Full GC (Ergonomics) [PSYoungGen: 33120K->0K(250880K)] [ParOldGen: 560450K->363803K(614400K)] 593570K->363803K(865280K), [Metaspace: 7328K->7328K(1056768K)], 0.0278012 secs] [Times: user=0.02 sys=0.00, real=0.02 secs] 
2024-10-05T06:16:22.505+0300: 441.137: Total time for which application threads were stopped: 0.0533560 seconds, Stopping threads took: 0.0002719 seconds
2024-10-05T06:16:28.436+0300: 447.074: Application time: 5.9368674 seconds
2024-10-05T06:16:28.436+0300: 447.075: [GC (Allocation Failure) [PSYoungGen: 167126K->33088K(251904K)] 530929K->495195K(866304K), 0.0203494 secs] [Times: user=0.02 sys=0.00, real=0.03 secs] 
2024-10-05T06:16:28.467+0300: 447.095: [Full GC (Ergonomics) [PSYoungGen: 33088K->0K(251904K)] [ParOldGen: 462107K->331035K(614400K)] 495195K->331035K(866304K), [Metaspace: 7328K->7328K(1056768K)], 0.0244463 secs] [Times: user=0.02 sys=0.00, real=0.02 secs] 
2024-10-05T06:16:28.483+0300: 447.120: Total time for which application threads were stopped: 0.0455995 seconds, Stopping threads took: 0.0003945 seconds
2024-10-05T06:16:35.035+0300: 453.666: Application time: 6.5465926 seconds
2024-10-05T06:16:35.051+0300: 453.678: [GC (Allocation Failure) [PSYoungGen: 167329K->33104K(250880K)] 498364K->429675K(865280K), 0.0159518 secs] [Times: user=0.00 sys=0.00, real=0.01 secs] 
2024-10-05T06:16:35.066+0300: 453.695: Total time for which application threads were stopped: 0.0282263 seconds, Stopping threads took: 0.0119670 seconds
2024-10-05T06:16:40.941+0300: 459.582: Application time: 5.8874206 seconds
2024-10-05T06:16:40.941+0300: 459.582: [GC (Allocation Failure) [PSYoungGen: 200284K->33056K(252928K)] 596856K->462411K(867328K), 0.0072808 secs] [Times: user=0.05 sys=0.00, real=0.02 secs] 
2024-10-05T06:16:40.960+0300: 459.590: Total time for which application threads were stopped: 0.0077952 seconds, Stopping threads took: 0.0002731 seconds
2024-10-05T06:16:46.707+0300: 465.345: Application time: 5.7552321 seconds
2024-10-05T06:16:46.707+0300: 465.345: [GC (Allocation Failure) [PSYoungGen: 200187K->33008K(252416K)] 629542K->462371K(866816K), 0.0043953 secs] [Times: user=0.00 sys=0.00, real=0.01 secs] 
2024-10-05T06:16:46.722+0300: 465.350: Total time for which application threads were stopped: 0.0048111 seconds, Stopping threads took: 0.0002401 seconds
2024-10-05T06:16:49.788+0300: 468.416: Application time: 3.0661590 seconds
2024-10-05T06:16:49.788+0300: 468.416: [GC (Allocation Failure) [PSYoungGen: 199634K->32800K(254976K)] 628998K->593419K(869376K), 0.0137138 secs] [Times: user=0.02 sys=0.00, real=0.01 secs] 
2024-10-05T06:16:49.801+0300: 468.430: [Full GC (Ergonomics) [PSYoungGen: 32800K->0K(254976K)] [ParOldGen: 560619K->363804K(614400K)] 593419K->363804K(869376K), [Metaspace: 7328K->7328K(1056768K)], 0.0276621 secs] [Times: user=0.05 sys=0.00, real=0.02 secs] 
2024-10-05T06:16:49.817+0300: 468.458: Total time for which application threads were stopped: 0.0419262 seconds, Stopping threads took: 0.0002521 seconds
2024-10-05T06:16:55.676+0300: 474.316: Application time: 5.8579541 seconds
2024-10-05T06:16:55.676+0300: 474.316: [GC (Allocation Failure) [PSYoungGen: 199741K->33120K(253952K)] 563545K->527996K(868352K), 0.0137768 secs] [Times: user=0.01 sys=0.00, real=0.02 secs] 
2024-10-05T06:16:55.692+0300: 474.330: [Full GC (Ergonomics) [PSYoungGen: 33120K->0K(253952K)] [ParOldGen: 494876K->363805K(614400K)] 527996K->363805K(868352K), [Metaspace: 7328K->7328K(1056768K)], 0.0284144 secs] [Times: user=0.02 sys=0.00, real=0.03 secs] 
2024-10-05T06:16:55.724+0300: 474.359: Total time for which application threads were stopped: 0.0428760 seconds, Stopping threads took: 0.0003719 seconds
2024-10-05T06:17:02.306+0300: 480.938: Application time: 6.5788976 seconds
2024-10-05T06:17:02.306+0300: 480.938: [GC (Allocation Failure) [PSYoungGen: 200034K->33088K(257024K)] 563839K->527965K(871424K), 0.0148326 secs] [Times: user=0.03 sys=0.00, real=0.02 secs] 
2024-10-05T06:17:02.323+0300: 480.953: [Full GC (Ergonomics) [PSYoungGen: 33088K->0K(257024K)] [ParOldGen: 494877K->363805K(614400K)] 527965K->363805K(871424K), [Metaspace: 7328K->7328K(1056768K)], 0.0297003 secs] [Times: user=0.01 sys=0.00, real=0.03 secs] 
2024-10-05T06:17:02.353+0300: 480.983: Total time for which application threads were stopped: 0.0451194 seconds, Stopping threads took: 0.0003012 seconds
2024-10-05T06:17:08.683+0300: 487.318: Application time: 6.3355953 seconds
2024-10-05T06:17:08.683+0300: 487.319: [GC (Allocation Failure) [PSYoungGen: 200296K->33120K(256000K)] 564102K->527997K(870400K), 0.0133597 secs] [Times: user=0.08 sys=0.00, real=0.02 secs] 
2024-10-05T06:17:08.699+0300: 487.332: [Full GC (Ergonomics) [PSYoungGen: 33120K->0K(256000K)] [ParOldGen: 494877K->363806K(614400K)] 527997K->363806K(870400K), [Metaspace: 7328K->7328K(1056768K)], 0.0295056 secs] [Times: user=0.05 sys=0.00, real=0.03 secs] 
2024-10-05T06:17:08.730+0300: 487.362: Total time for which application threads were stopped: 0.0435119 seconds, Stopping threads took: 0.0003024 seconds
2024-10-05T06:17:15.283+0300: 493.919: Application time: 6.5568261 seconds
2024-10-05T06:17:15.283+0300: 493.919: [GC (Allocation Failure) [PSYoungGen: 200419K->33120K(258560K)] 564225K->527998K(872960K), 0.0137342 secs] [Times: user=0.03 sys=0.00, real=0.02 secs] 
2024-10-05T06:17:15.298+0300: 493.933: [Full GC (Ergonomics) [PSYoungGen: 33120K->0K(258560K)] [ParOldGen: 494878K->363424K(614400K)] 527998K->363424K(872960K), [Metaspace: 7328K->7328K(1056768K)], 0.0580918 secs] [Times: user=0.08 sys=0.00, real=0.06 secs] 
2024-10-05T06:17:15.361+0300: 493.991: Total time for which application threads were stopped: 0.0723716 seconds, Stopping threads took: 0.0002609 seconds
2024-10-05T06:17:21.189+0300: 499.820: Application time: 5.8293019 seconds
2024-10-05T06:17:21.189+0300: 499.821: [GC (Allocation Failure) [PSYoungGen: 200557K->33120K(257536K)] 563981K->527616K(871936K), 0.0133427 secs] [Times: user=0.02 sys=0.00, real=0.02 secs] 
2024-10-05T06:17:21.205+0300: 499.834: [Full GC (Ergonomics) [PSYoungGen: 33120K->0K(257536K)] [ParOldGen: 494496K->363425K(614400K)] 527616K->363425K(871936K), [Metaspace: 7328K->7328K(1056768K)], 0.0284050 secs] [Times: user=0.02 sys=0.00, real=0.02 secs] 
2024-10-05T06:17:21.220+0300: 499.863: Total time for which application threads were stopped: 0.0423558 seconds, Stopping threads took: 0.0003074 seconds
2024-10-05T06:17:23.231+0300: 501.859: Application time: 1.9957849 seconds
2024-10-05T06:17:23.247+0300: 501.874: Total time for which application threads were stopped: 0.0157400 seconds, Stopping threads took: 0.0156324 seconds
2024-10-05T06:17:26.922+0300: 505.556: Application time: 3.6820726 seconds
2024-10-05T06:17:26.938+0300: 505.566: [GC (Allocation Failure) [PSYoungGen: 200608K->33120K(260096K)] 564033K->527617K(874496K), 0.0157748 secs] [Times: user=0.00 sys=0.00, real=0.02 secs] 
2024-10-05T06:17:26.954+0300: 505.582: [Full GC (Ergonomics) [PSYoungGen: 33120K->0K(260096K)] [ParOldGen: 494497K->363425K(614400K)] 527617K->363425K(874496K), [Metaspace: 7328K->7328K(1056768K)], 0.0288236 secs] [Times: user=0.02 sys=0.00, real=0.02 secs] 
2024-10-05T06:17:26.969+0300: 505.611: Total time for which application threads were stopped: 0.0541820 seconds, Stopping threads took: 0.0091938 seconds
2024-10-05T06:17:32.798+0300: 511.438: Application time: 5.8278769 seconds
2024-10-05T06:17:32.798+0300: 511.439: [GC (Allocation Failure) [PSYoungGen: 200710K->33120K(259584K)] 564136K->527617K(873984K), 0.0186637 secs] [Times: user=0.03 sys=0.00, real=0.03 secs] 
2024-10-05T06:17:32.830+0300: 511.458: [Full GC (Ergonomics) [PSYoungGen: 33120K->0K(259584K)] [ParOldGen: 494497K->363425K(614400K)] 527617K->363425K(873984K), [Metaspace: 7328K->7328K(1056768K)], 0.0287993 secs] [Times: user=0.02 sys=0.00, real=0.02 secs] 
2024-10-05T06:17:32.845+0300: 511.487: Total time for which application threads were stopped: 0.0482454 seconds, Stopping threads took: 0.0003430 seconds
2024-10-05T06:17:39.396+0300: 518.024: Application time: 6.5371893 seconds
2024-10-05T06:17:39.396+0300: 518.024: Total time for which application threads were stopped: 0.0004815 seconds, Stopping threads took: 0.0004250 seconds
2024-10-05T06:17:40.136+0300: 518.765: Application time: 0.7401892 seconds
2024-10-05T06:17:40.136+0300: 518.765: Total time for which application threads were stopped: 0.0003743 seconds, Stopping threads took: 0.0003530 seconds
2024-10-05T06:17:40.136+0300: 518.765: Application time: 0.0000920 seconds
2024-10-05T06:17:40.136+0300: 518.765: [GC (Allocation Failure) [PSYoungGen: 205586K->304K(252928K)] 569012K->363729K(867328K), 0.0007903 secs] [Times: user=0.00 sys=0.00, real=0.00 secs] 
2024-10-05T06:17:40.136+0300: 518.766: Total time for which application threads were stopped: 0.0009102 seconds, Stopping threads took: 0.0000244 seconds
2024-10-05T06:17:43.184+0300: 521.824: Application time: 3.0576990 seconds
2024-10-05T06:17:43.184+0300: 521.824: [GC (Allocation Failure) --[PSYoungGen: 198980K->198980K(252928K)] 562406K->791782K(867328K), 0.0197330 secs] [Times: user=0.05 sys=0.00, real=0.03 secs] 
2024-10-05T06:17:43.215+0300: 521.844: [Full GC (Ergonomics) [PSYoungGen: 198980K->0K(252928K)] [ParOldGen: 592802K->199585K(614400K)] 791782K->199585K(867328K), [Metaspace: 7331K->7331K(1056768K)], 0.0321128 secs] [Times: user=0.01 sys=0.00, real=0.03 secs] 
2024-10-05T06:17:43.247+0300: 521.876: Total time for which application threads were stopped: 0.0524359 seconds, Stopping threads took: 0.0003130 seconds
2024-10-05T06:17:48.885+0300: 527.522: Application time: 5.6462647 seconds
2024-10-05T06:17:48.885+0300: 527.523: [GC (Allocation Failure) [PSYoungGen: 199386K->320K(207360K)] 398972K->199905K(821760K), 0.0008558 secs] [Times: user=0.00 sys=0.00, real=0.00 secs] 
2024-10-05T06:17:48.885+0300: 527.524: Total time for which application threads were stopped: 0.0013606 seconds, Stopping threads took: 0.0003298 seconds
2024-10-05T06:17:54.575+0300: 533.203: Application time: 5.6788959 seconds
2024-10-05T06:17:54.575+0300: 533.203: [GC (Allocation Failure) [PSYoungGen: 198972K->272K(251392K)] 398557K->199857K(865792K), 0.0008591 secs] [Times: user=0.00 sys=0.00, real=0.00 secs] 
2024-10-05T06:17:54.575+0300: 533.204: Total time for which application threads were stopped: 0.0011963 seconds, Stopping threads took: 0.0001740 seconds
2024-10-05T06:17:57.447+0300: 536.083: Application time: 2.8795626 seconds
2024-10-05T06:17:57.447+0300: 536.084: [GC (Allocation Failure) [PSYoungGen: 198928K->33120K(231936K)] 398513K->363777K(846336K), 0.0134550 secs] [Times: user=0.02 sys=0.00, real=0.01 secs] 
2024-10-05T06:17:57.462+0300: 536.097: Total time for which application threads were stopped: 0.0138752 seconds, Stopping threads took: 0.0002598 seconds
2024-10-05T06:18:02.472+0300: 541.105: Application time: 5.0080446 seconds
2024-10-05T06:18:02.472+0300: 541.106: [GC (Allocation Failure) [PSYoungGen: 200065K->33120K(251392K)] 530723K->494849K(865792K), 0.0138823 secs] [Times: user=0.03 sys=0.00, real=0.02 secs] 
2024-10-05T06:18:02.487+0300: 541.120: [Full GC (Ergonomics) [PSYoungGen: 33120K->0K(251392K)] [ParOldGen: 461729K->363456K(614400K)] 494849K->363456K(865792K), [Metaspace: 7331K->7331K(1056768K)], 0.0274366 secs] [Times: user=0.03 sys=0.00, real=0.03 secs] 
2024-10-05T06:18:02.519+0300: 541.147: Total time for which application threads were stopped: 0.0419089 seconds, Stopping threads took: 0.0003104 seconds
2024-10-05T06:18:06.825+0300: 545.458: Application time: 4.3112250 seconds
2024-10-05T06:18:06.825+0300: 545.459: [GC (Allocation Failure) [PSYoungGen: 168539K->33120K(251904K)] 531995K->494880K(866304K), 0.0110124 secs] [Times: user=0.05 sys=0.00, real=0.01 secs] 
2024-10-05T06:18:06.840+0300: 545.472: [Full GC (Ergonomics) [PSYoungGen: 33120K->0K(251904K)] [ParOldGen: 461760K->330688K(614400K)] 494880K->330688K(866304K), [Metaspace: 7336K->7326K(1056768K)], 0.0235238 secs] [Times: user=0.02 sys=0.00, real=0.02 secs] 
2024-10-05T06:18:06.856+0300: 545.496: Total time for which application threads were stopped: 0.0371596 seconds, Stopping threads took: 0.0003414 seconds
2024-10-05T06:18:09.871+0300: 548.499: Application time: 3.0031641 seconds
2024-10-05T06:18:09.871+0300: 548.499: Total time for which application threads were stopped: 0.0004014 seconds, Stopping threads took: 0.0002909 seconds
2024-10-05T06:18:12.494+0300: 551.135: Application time: 2.6362144 seconds
2024-10-05T06:18:12.494+0300: 551.136: [GC (Allocation Failure) [PSYoungGen: 168232K->33120K(252416K)] 498921K->429344K(866816K), 0.0171501 secs] [Times: user=0.03 sys=0.00, real=0.03 secs] 
2024-10-05T06:18:12.525+0300: 551.153: Total time for which application threads were stopped: 0.0177917 seconds, Stopping threads took: 0.0003928 seconds
2024-10-05T06:18:18.311+0300: 556.939: Application time: 5.7855798 seconds
2024-10-05T06:18:18.312+0300: 556.939: [GC (Allocation Failure) [PSYoungGen: 200897K->33072K(251904K)] 597122K->494832K(866304K), 0.0085116 secs] [Times: user=0.02 sys=0.00, real=0.00 secs] 
2024-10-05T06:18:18.316+0300: 556.948: [Full GC (Ergonomics) [PSYoungGen: 33072K->0K(251904K)] [ParOldGen: 461760K->297921K(614400K)] 494832K->297921K(866304K), [Metaspace: 7329K->7329K(1056768K)], 0.0195139 secs] [Times: user=0.03 sys=0.02, real=0.02 secs] 
2024-10-05T06:18:18.337+0300: 556.967: Total time for which application threads were stopped: 0.0286511 seconds, Stopping threads took: 0.0002721 seconds
2024-10-05T06:18:23.522+0300: 562.150: Application time: 5.1830182 seconds
2024-10-05T06:18:23.522+0300: 562.151: [GC (Allocation Failure) [PSYoungGen: 167481K->33056K(252928K)] 465402K->363745K(867328K), 0.0059686 secs] [Times: user=0.02 sys=0.00, real=0.00 secs] 
2024-10-05T06:18:23.522+0300: 562.157: Total time for which application threads were stopped: 0.0063407 seconds, Stopping threads took: 0.0002559 seconds
2024-10-05T06:18:29.285+0300: 567.925: Application time: 5.7682745 seconds
2024-10-05T06:18:29.285+0300: 567.925: [GC (Allocation Failure) [PSYoungGen: 200089K->33024K(252416K)] 530778K->363713K(866816K), 0.0042498 secs] [Times: user=0.02 sys=0.00, real=0.01 secs] 
2024-10-05T06:18:29.300+0300: 567.930: Total time for which application threads were stopped: 0.0046591 seconds, Stopping threads took: 0.0002681 seconds
2024-10-05T06:18:34.627+0300: 573.260: Application time: 5.3302733 seconds
2024-10-05T06:18:34.627+0300: 573.261: [GC (Allocation Failure) [PSYoungGen: 200032K->256K(248832K)] 530721K->330945K(863232K), 0.0009598 secs] [Times: user=0.00 sys=0.00, real=0.00 secs] 
2024-10-05T06:18:34.627+0300: 573.262: Total time for which application threads were stopped: 0.0014306 seconds, Stopping threads took: 0.0003240 seconds
2024-10-05T06:18:35.946+0300: 574.578: Application time: 1.3165132 seconds
2024-10-05T06:18:35.946+0300: 574.578: [GC (Allocation Failure) [PSYoungGen: 166155K->33120K(251392K)] 496845K->494881K(865792K), 0.0127726 secs] [Times: user=0.03 sys=0.00, real=0.02 secs] 
2024-10-05T06:18:35.962+0300: 574.591: [Full GC (Ergonomics) [PSYoungGen: 33120K->0K(251392K)] [ParOldGen: 461761K->363458K(614400K)] 494881K->363458K(865792K), [Metaspace: 7329K->7329K(1056768K)], 0.0279930 secs] [Times: user=0.02 sys=0.00, real=0.02 secs] 
2024-10-05T06:18:35.977+0300: 574.619: Total time for which application threads were stopped: 0.0412898 seconds, Stopping threads took: 0.0002186 seconds
2024-10-05T06:18:41.616+0300: 580.249: Application time: 5.6296081 seconds
2024-10-05T06:18:41.616+0300: 580.250: [GC (Allocation Failure) [PSYoungGen: 167044K->33088K(251904K)] 530502K->494850K(866304K), 0.0107909 secs] [Times: user=0.01 sys=0.00, real=0.02 secs] 
2024-10-05T06:18:41.632+0300: 580.260: [Full GC (Ergonomics) [PSYoungGen: 33088K->0K(251904K)] [ParOldGen: 461762K->330691K(614400K)] 494850K->330691K(866304K), [Metaspace: 7329K->7329K(1056768K)], 0.0233400 secs] [Times: user=0.02 sys=0.00, real=0.02 secs] 
2024-10-05T06:18:41.648+0300: 580.284: Total time for which application threads were stopped: 0.0349080 seconds, Stopping threads took: 0.0004159 seconds
2024-10-05T06:18:47.381+0300: 586.018: Application time: 5.7341430 seconds
2024-10-05T06:18:47.381+0300: 586.018: [GC (Allocation Failure) [PSYoungGen: 167274K->33120K(251392K)] 497965K->429347K(865792K), 0.0220242 secs] [Times: user=0.03 sys=0.00, real=0.03 secs] 
2024-10-05T06:18:47.412+0300: 586.041: Total time for which application threads were stopped: 0.0226071 seconds, Stopping threads took: 0.0003561 seconds
2024-10-05T06:18:53.152+0300: 591.784: Application time: 5.7433401 seconds
2024-10-05T06:18:53.161+0300: 591.789: [GC (Allocation Failure) [PSYoungGen: 200267K->33088K(252928K)] 596495K->462083K(867328K), 0.0060049 secs] [Times: user=0.00 sys=0.00, real=0.00 secs] 
2024-10-05T06:18:53.161+0300: 591.795: Total time for which application threads were stopped: 0.0111984 seconds, Stopping threads took: 0.0050131 seconds
2024-10-05T06:18:58.347+0300: 596.986: Application time: 5.1911219 seconds
2024-10-05T06:18:58.347+0300: 596.987: [GC (Allocation Failure) [PSYoungGen: 200192K->33040K(252416K)] 629187K->462035K(866816K), 0.0041646 secs] [Times: user=0.02 sys=0.00, real=0.02 secs] 
2024-10-05T06:18:58.363+0300: 596.991: Total time for which application threads were stopped: 0.0046718 seconds, Stopping threads took: 0.0003284 seconds
2024-10-05T06:19:04.035+0300: 602.664: Application time: 5.6732320 seconds
2024-10-05T06:19:04.035+0300: 602.665: [GC (Allocation Failure) [PSYoungGen: 200093K->224K(248832K)] 629088K->429219K(863232K), 0.0011245 secs] [Times: user=0.00 sys=0.00, real=0.00 secs] 
2024-10-05T06:19:04.035+0300: 602.666: Total time for which application threads were stopped: 0.0015081 seconds, Stopping threads took: 0.0002620 seconds
2024-10-05T06:19:06.864+0300: 605.504: Application time: 2.8381733 seconds
2024-10-05T06:19:06.864+0300: 605.504: [GC (Allocation Failure) [PSYoungGen: 166204K->33120K(251392K)] 595199K->593187K(865792K), 0.0189595 secs] [Times: user=0.03 sys=0.00, real=0.03 secs] 
2024-10-05T06:19:06.896+0300: 605.523: [Full GC (Ergonomics) [PSYoungGen: 33120K->0K(251392K)] [ParOldGen: 560067K->363460K(614400K)] 593187K->363460K(865792K), [Metaspace: 7329K->7329K(1056768K)], 0.0270378 secs] [Times: user=0.03 sys=0.00, real=0.02 secs] 
2024-10-05T06:19:06.911+0300: 605.550: Total time for which application threads were stopped: 0.0466064 seconds, Stopping threads took: 0.0002512 seconds
2024-10-05T06:19:10.713+0300: 609.353: Application time: 3.8020924 seconds
2024-10-05T06:19:10.713+0300: 609.353: [GC (Allocation Failure) [PSYoungGen: 167044K->33088K(251904K)] 530505K->494852K(866304K), 0.0117448 secs] [Times: user=0.05 sys=0.00, real=0.02 secs] 
2024-10-05T06:19:10.729+0300: 609.365: [Full GC (Ergonomics) [PSYoungGen: 33088K->0K(251904K)] [ParOldGen: 461764K->330693K(614400K)] 494852K->330693K(866304K), [Metaspace: 7329K->7329K(1056768K)], 0.0235904 secs] [Times: user=0.02 sys=0.00, real=0.03 secs] 
2024-10-05T06:19:10.760+0300: 609.388: Total time for which application threads were stopped: 0.0358698 seconds, Stopping threads took: 0.0002173 seconds
2024-10-05T06:19:16.523+0300: 615.153: Application time: 5.7648867 seconds
2024-10-05T06:19:16.526+0300: 615.154: [GC (Allocation Failure) [PSYoungGen: 167283K->33024K(251904K)] 497976K->462021K(866304K), 0.0158382 secs] [Times: user=0.00 sys=0.00, real=0.02 secs] 
2024-10-05T06:19:16.542+0300: 615.170: Total time for which application threads were stopped: 0.0165561 seconds, Stopping threads took: 0.0004602 seconds
2024-10-05T06:19:22.214+0300: 620.851: Application time: 5.6809462 seconds
2024-10-05T06:19:22.214+0300: 620.851: [GC (Allocation Failure) [PSYoungGen: 200180K->33104K(253440K)] 629178K->527637K(867840K), 0.0222096 secs] [Times: user=0.03 sys=0.00, real=0.03 secs] 
2024-10-05T06:19:22.246+0300: 620.874: [Full GC (Ergonomics) [PSYoungGen: 33104K->0K(253440K)] [ParOldGen: 494533K->297926K(614400K)] 527637K->297926K(867840K), [Metaspace: 7329K->7329K(1056768K)], 0.0195403 secs] [Times: user=0.02 sys=0.00, real=0.01 secs] 
2024-10-05T06:19:22.261+0300: 620.893: Total time for which application threads were stopped: 0.0424202 seconds, Stopping threads took: 0.0003318 seconds
2024-10-05T06:19:27.415+0300: 626.057: Application time: 5.1638984 seconds
2024-10-05T06:19:27.415+0300: 626.058: [GC (Allocation Failure) [PSYoungGen: 167393K->33088K(252928K)] 465319K->363782K(867328K), 0.0061595 secs] [Times: user=0.00 sys=0.00, real=0.02 secs] 
2024-10-05T06:19:27.430+0300: 626.064: Total time for which application threads were stopped: 0.0068003 seconds, Stopping threads took: 0.0003273 seconds
2024-10-05T06:19:33.133+0300: 631.773: Application time: 5.7090532 seconds
2024-10-05T06:19:33.133+0300: 631.773: [GC (Allocation Failure) [PSYoungGen: 200056K->33056K(254976K)] 530750K->363750K(869376K), 0.0039949 secs] [Times: user=0.05 sys=0.00, real=0.02 secs] 
2024-10-05T06:19:33.149+0300: 631.778: Total time for which application threads were stopped: 0.0045003 seconds, Stopping threads took: 0.0003182 seconds
2024-10-05T06:19:38.913+0300: 637.541: Application time: 5.7635953 seconds
2024-10-05T06:19:38.929+0300: 637.556: [GC (Allocation Failure) [PSYoungGen: 232836K->33040K(253952K)] 563530K->363734K(868352K), 0.0038149 secs] [Times: user=0.00 sys=0.00, real=0.00 secs] 
2024-10-05T06:19:38.929+0300: 637.560: Total time for which application threads were stopped: 0.0189488 seconds, Stopping threads took: 0.0149683 seconds
2024-10-05T06:19:44.805+0300: 643.445: Application time: 5.8845408 seconds
2024-10-05T06:19:44.805+0300: 643.445: [GC (Allocation Failure) [PSYoungGen: 232871K->33040K(256512K)] 563565K->363734K(870912K), 0.0041282 secs] [Times: user=0.05 sys=0.00, real=0.01 secs] 
2024-10-05T06:19:44.820+0300: 643.449: Total time for which application threads were stopped: 0.0045778 seconds, Stopping threads took: 0.0002988 seconds
2024-10-05T06:19:50.491+0300: 649.120: Application time: 5.6704633 seconds
2024-10-05T06:19:50.506+0300: 649.134: [GC (Allocation Failure) [PSYoungGen: 233197K->33056K(256000K)] 563891K->363750K(870400K), 0.0042759 secs] [Times: user=0.00 sys=0.00, real=0.00 secs] 
2024-10-05T06:19:50.506+0300: 649.138: Total time for which application threads were stopped: 0.0184672 seconds, Stopping threads took: 0.0140070 seconds
2024-10-05T06:19:56.381+0300: 655.020: Application time: 5.8813928 seconds
2024-10-05T06:19:56.381+0300: 655.020: [GC (Allocation Failure) [PSYoungGen: 233386K->33024K(258560K)] 564080K->363718K(872960K), 0.0041028 secs] [Times: user=0.01 sys=0.00, real=0.02 secs] 
2024-10-05T06:19:56.397+0300: 655.024: Total time for which application threads were stopped: 0.0046732 seconds, Stopping threads took: 0.0003521 seconds
2024-10-05T06:20:02.164+0300: 660.793: Application time: 5.7688680 seconds
2024-10-05T06:20:02.164+0300: 660.794: [GC (Allocation Failure) [PSYoungGen: 233532K->33072K(257536K)] 564226K->363766K(871936K), 0.0037780 secs] [Times: user=0.00 sys=0.00, real=0.00 secs] 
2024-10-05T06:20:02.164+0300: 660.797: Total time for which application threads were stopped: 0.0042374 seconds, Stopping threads took: 0.0003079 seconds
2024-10-05T06:20:08.022+0300: 666.650: Application time: 5.8527852 seconds
2024-10-05T06:20:08.022+0300: 666.650: [GC (Allocation Failure) [PSYoungGen: 233652K->33072K(260096K)] 564346K->396534K(874496K), 0.0058386 secs] [Times: user=0.00 sys=0.00, real=0.00 secs] 
2024-10-05T06:20:08.022+0300: 666.656: Total time for which application threads were stopped: 0.0061912 seconds, Stopping threads took: 0.0002027 seconds
2024-10-05T06:20:13.787+0300: 672.416: Application time: 5.7597991 seconds
2024-10-05T06:20:13.787+0300: 672.417: [GC (Allocation Failure) [PSYoungGen: 233758K->33136K(259072K)] 597220K->429366K(873472K), 0.0065360 secs] [Times: user=0.02 sys=0.00, real=0.01 secs] 
2024-10-05T06:20:13.794+0300: 672.423: Total time for which application threads were stopped: 0.0069520 seconds, Stopping threads took: 0.0002650 seconds
2024-10-05T06:20:19.599+0300: 678.232: Application time: 5.8086739 seconds
2024-10-05T06:20:19.599+0300: 678.232: [GC (Allocation Failure) [PSYoungGen: 234093K->33104K(261632K)] 630323K->462102K(876032K), 0.0060373 secs] [Times: user=0.00 sys=0.00, real=0.00 secs] 
2024-10-05T06:20:19.599+0300: 678.238: Total time for which application threads were stopped: 0.0065259 seconds, Stopping threads took: 0.0002832 seconds
2024-10-05T06:20:25.410+0300: 684.042: Application time: 5.8034802 seconds
2024-10-05T06:20:25.410+0300: 684.042: [GC (Allocation Failure) [PSYoungGen: 234066K->33072K(261120K)] 663065K->494838K(875520K), 0.0063142 secs] [Times: user=0.00 sys=0.00, real=0.00 secs] 
2024-10-05T06:20:25.410+0300: 684.049: Total time for which application threads were stopped: 0.0066873 seconds, Stopping threads took: 0.0001604 seconds
2024-10-05T06:20:31.102+0300: 689.730: Application time: 5.6815057 seconds
2024-10-05T06:20:31.113+0300: 689.741: [GC (Allocation Failure) [PSYoungGen: 233990K->33088K(263168K)] 695756K->527622K(877568K), 0.0061447 secs] [Times: user=0.00 sys=0.00, real=0.00 secs] 
2024-10-05T06:20:31.113+0300: 689.747: Total time for which application threads were stopped: 0.0171834 seconds, Stopping threads took: 0.0108508 seconds
2024-10-05T06:20:36.865+0300: 695.496: Application time: 5.7490505 seconds
2024-10-05T06:20:36.865+0300: 695.497: [GC (Allocation Failure) [PSYoungGen: 234038K->33056K(262656K)] 728573K->560358K(877056K), 0.0065189 secs] [Times: user=0.00 sys=0.00, real=0.00 secs] 
2024-10-05T06:20:36.865+0300: 695.503: [Full GC (Ergonomics) [PSYoungGen: 33056K->0K(262656K)] [ParOldGen: 527302K->265163K(614400K)] 560358K->265163K(877056K), [Metaspace: 7329K->7329K(1056768K)], 0.0140288 secs] [Times: user=0.02 sys=0.00, real=0.02 secs] 
2024-10-05T06:20:36.880+0300: 695.517: Total time for which application threads were stopped: 0.0209619 seconds, Stopping threads took: 0.0001958 seconds
2024-10-05T06:20:43.226+0300: 701.867: Application time: 6.3494857 seconds
2024-10-05T06:20:43.226+0300: 701.867: [GC (Allocation Failure) [PSYoungGen: 200931K->33040K(264704K)] 466095K->330971K(879104K), 0.0061136 secs] [Times: user=0.06 sys=0.00, real=0.02 secs] 
2024-10-05T06:20:43.242+0300: 701.874: Total time for which application threads were stopped: 0.0068378 seconds, Stopping threads took: 0.0004652 seconds
2024-10-05T06:20:49.163+0300: 707.796: Application time: 5.9219756 seconds
2024-10-05T06:20:49.163+0300: 707.796: [GC (Allocation Failure) [PSYoungGen: 233248K->33056K(263680K)] 531180K->363755K(878080K), 0.0061668 secs] [Times: user=0.00 sys=0.00, real=0.00 secs] 
2024-10-05T06:20:49.163+0300: 707.802: Total time for which application threads were stopped: 0.0066778 seconds, Stopping threads took: 0.0003372 seconds
2024-10-05T06:20:54.883+0300: 713.515: Application time: 5.7123032 seconds
2024-10-05T06:20:54.883+0300: 713.515: [GC (Allocation Failure) [PSYoungGen: 233528K->33024K(265728K)] 564228K->396491K(880128K), 0.0064210 secs] [Times: user=0.00 sys=0.00, real=0.00 secs] 
2024-10-05T06:20:54.883+0300: 713.521: Total time for which application threads were stopped: 0.0068290 seconds, Stopping threads took: 0.0002828 seconds
2024-10-05T06:21:00.681+0300: 719.313: Application time: 5.7919922 seconds
2024-10-05T06:21:00.681+0300: 719.314: [GC (Allocation Failure) [PSYoungGen: 233712K->33088K(265216K)] 597180K->429323K(879616K), 0.0067550 secs] [Times: user=0.00 sys=0.00, real=0.00 secs] 
2024-10-05T06:21:00.681+0300: 719.321: Total time for which application threads were stopped: 0.0072854 seconds, Stopping threads took: 0.0003124 seconds
2024-10-05T06:21:06.462+0300: 725.097: Application time: 5.7764518 seconds
2024-10-05T06:21:06.462+0300: 725.097: [GC (Allocation Failure) [PSYoungGen: 233886K->33088K(266752K)] 630122K->462091K(881152K), 0.0059129 secs] [Times: user=0.03 sys=0.00, real=0.00 secs] 
2024-10-05T06:21:06.462+0300: 725.103: Total time for which application threads were stopped: 0.0063644 seconds, Stopping threads took: 0.0002974 seconds
2024-10-05T06:21:12.210+0300: 730.848: Application time: 5.7446696 seconds
2024-10-05T06:21:12.210+0300: 730.849: [GC (Allocation Failure) [PSYoungGen: 233996K->33120K(266240K)] 662999K->527659K(880640K), 0.0209032 secs] [Times: user=0.03 sys=0.00, real=0.03 secs] 
2024-10-05T06:21:12.242+0300: 730.872: Total time for which application threads were stopped: 0.0234234 seconds, Stopping threads took: 0.0003272 seconds
2024-10-05T06:21:18.023+0300: 736.651: Application time: 5.7792293 seconds
2024-10-05T06:21:18.023+0300: 736.651: [GC (Allocation Failure) [PSYoungGen: 234073K->33120K(267776K)] 728613K->593195K(882176K), 0.0148905 secs] [Times: user=0.00 sys=0.00, real=0.02 secs] 
2024-10-05T06:21:18.038+0300: 736.666: [Full GC (Ergonomics) [PSYoungGen: 33120K->0K(267776K)] [ParOldGen: 560075K->297934K(614400K)] 593195K->297934K(882176K), [Metaspace: 7329K->7329K(1056768K)], 0.0183593 secs] [Times: user=0.02 sys=0.00, real=0.02 secs] 
2024-10-05T06:21:18.054+0300: 736.685: Total time for which application threads were stopped: 0.0337751 seconds, Stopping threads took: 0.0001886 seconds
2024-10-05T06:21:23.725+0300: 742.362: Application time: 5.6779145 seconds
2024-10-05T06:21:23.725+0300: 742.363: [GC (Allocation Failure) [PSYoungGen: 201281K->33056K(267264K)] 499216K->396526K(881664K), 0.0092756 secs] [Times: user=0.05 sys=0.00, real=0.02 secs] 
2024-10-05T06:21:23.740+0300: 742.372: Total time for which application threads were stopped: 0.0097377 seconds, Stopping threads took: 0.0002690 seconds
2024-10-05T06:21:29.536+0300: 748.166: Application time: 5.7937036 seconds
2024-10-05T06:21:29.536+0300: 748.166: [GC (Allocation Failure) [PSYoungGen: 233740K->33104K(268800K)] 597211K->462110K(883200K), 0.0137810 secs] [Times: user=0.00 sys=0.00, real=0.02 secs] 
2024-10-05T06:21:29.552+0300: 748.180: Total time for which application threads were stopped: 0.0141678 seconds, Stopping threads took: 0.0001682 seconds
2024-10-05T06:21:35.257+0300: 753.892: Application time: 5.7115304 seconds
2024-10-05T06:21:35.257+0300: 753.892: [GC (Allocation Failure) [PSYoungGen: 233966K->33104K(268288K)] 662972K->527646K(882688K), 0.0245549 secs] [Times: user=0.00 sys=0.00, real=0.03 secs] 
2024-10-05T06:21:35.289+0300: 753.917: Total time for which application threads were stopped: 0.0250816 seconds, Stopping threads took: 0.0002924 seconds
2024-10-05T06:21:38.305+0300: 756.932: Application time: 3.0156048 seconds
2024-10-05T06:21:38.305+0300: 756.933: Total time for which application threads were stopped: 0.0004916 seconds, Stopping threads took: 0.0004236 seconds
2024-10-05T06:21:41.117+0300: 759.755: Application time: 2.8226206 seconds
2024-10-05T06:21:41.117+0300: 759.756: [GC (Allocation Failure) [PSYoungGen: 234056K->33104K(269312K)] 728598K->593182K(883712K), 0.0201926 secs] [Times: user=0.03 sys=0.00, real=0.03 secs] 
2024-10-05T06:21:41.148+0300: 759.776: [Full GC (Ergonomics) [PSYoungGen: 33104K->0K(269312K)] [ParOldGen: 560078K->297936K(614400K)] 593182K->297936K(883712K), [Metaspace: 7329K->7329K(1056768K)], 0.0190921 secs] [Times: user=0.02 sys=0.00, real=0.02 secs] 
2024-10-05T06:21:41.164+0300: 759.796: Total time for which application threads were stopped: 0.0400468 seconds, Stopping threads took: 0.0004058 seconds
2024-10-05T06:21:46.756+0300: 765.399: Application time: 5.6036696 seconds
2024-10-05T06:21:46.772+0300: 765.400: [GC (Allocation Failure) [PSYoungGen: 201039K->33024K(269312K)] 498975K->396496K(883712K), 0.0079667 secs] [Times: user=0.02 sys=0.00, real=0.00 secs] 
2024-10-05T06:21:46.774+0300: 765.408: Total time for which application threads were stopped: 0.0084846 seconds, Stopping threads took: 0.0003566 seconds
2024-10-05T06:21:48.610+0300: 767.237: Application time: 1.8297668 seconds
2024-10-05T06:21:48.625+0300: 767.253: Total time for which application threads were stopped: 0.0155897 seconds, Stopping threads took: 0.0154827 seconds
2024-10-05T06:21:48.625+0300: 767.254: Application time: 0.0005570 seconds
2024-10-05T06:21:48.625+0300: 767.254: Total time for which application threads were stopped: 0.0002143 seconds, Stopping threads took: 0.0001521 seconds
2024-10-05T06:21:49.223+0300: 767.854: Application time: 0.6003696 seconds
2024-10-05T06:21:49.223+0300: 767.854: Total time for which application threads were stopped: 0.0002710 seconds, Stopping threads took: 0.0002423 seconds
2024-10-05T06:21:49.239+0300: 767.870: Application time: 0.0152189 seconds
2024-10-05T06:21:49.254+0300: 767.882: [GC (Allocation Failure) [PSYoungGen: 238404K->33088K(270336K)] 601877K->593168K(884736K), 0.0182378 secs] [Times: user=0.05 sys=0.00, real=0.02 secs] 
2024-10-05T06:21:49.270+0300: 767.900: [Full GC (Ergonomics) [PSYoungGen: 33088K->0K(270336K)] [ParOldGen: 560080K->134025K(614400K)] 593168K->134025K(884736K), [Metaspace: 7329K->7329K(1056768K)], 0.0216792 secs] [Times: user=0.03 sys=0.00, real=0.02 secs] 
2024-10-05T06:21:49.286+0300: 767.922: Total time for which application threads were stopped: 0.0522462 seconds, Stopping threads took: 0.0120176 seconds
2024-10-05T06:21:52.113+0300: 770.746: Application time: 2.8235675 seconds
2024-10-05T06:21:52.129+0300: 770.757: [GC (Allocation Failure) [PSYoungGen: 200424K->32960K(269824K)] 334450K->396362K(884224K), 0.0196267 secs] [Times: user=0.01 sys=0.00, real=0.02 secs] 
2024-10-05T06:21:52.145+0300: 770.776: Total time for which application threads were stopped: 0.0308039 seconds, Stopping threads took: 0.0109361 seconds
2024-10-05T06:21:58.175+0300: 776.809: Application time: 6.0322221 seconds
2024-10-05T06:21:58.175+0300: 776.809: [GC (Allocation Failure) [PSYoungGen: 233648K->33120K(270848K)] 597050K->560362K(885248K), 0.0149654 secs] [Times: user=0.03 sys=0.00, real=0.02 secs] 
2024-10-05T06:21:58.191+0300: 776.824: [Full GC (Ergonomics) [PSYoungGen: 33120K->0K(270848K)] [ParOldGen: 527242K->330806K(614400K)] 560362K->330806K(885248K), [Metaspace: 7329K->7329K(1056768K)], 0.0271373 secs] [Times: user=0.03 sys=0.00, real=0.03 secs] 
2024-10-05T06:21:58.223+0300: 776.851: Total time for which application threads were stopped: 0.0426782 seconds, Stopping threads took: 0.0002459 seconds
2024-10-05T06:22:08.367+0300: 787.003: Application time: 10.1519124 seconds
2024-10-05T06:22:08.367+0300: 787.004: [GC (Allocation Failure) [PSYoungGen: 233377K->256K(226816K)] 564183K->331062K(841216K), 0.0010329 secs] [Times: user=0.00 sys=0.00, real=0.00 secs] 
2024-10-05T06:22:08.367+0300: 787.005: Total time for which application threads were stopped: 0.0014521 seconds, Stopping threads took: 0.0002613 seconds
2024-10-05T06:22:14.131+0300: 792.772: Application time: 5.7669150 seconds
2024-10-05T06:22:14.131+0300: 792.772: [GC (Allocation Failure) [PSYoungGen: 200500K->33040K(264704K)] 531307K->363846K(879104K), 0.0042659 secs] [Times: user=0.02 sys=0.00, real=0.02 secs] 
2024-10-05T06:22:14.147+0300: 792.776: Total time for which application threads were stopped: 0.0047141 seconds, Stopping threads took: 0.0002888 seconds
2024-10-05T06:22:19.668+0300: 798.304: Application time: 5.5277392 seconds
2024-10-05T06:22:19.668+0300: 798.304: [GC (Allocation Failure) [PSYoungGen: 232707K->33024K(265216K)] 563513K->396598K(879616K), 0.0062589 secs] [Times: user=0.03 sys=0.00, real=0.01 secs] 
2024-10-05T06:22:19.679+0300: 798.311: Total time for which application threads were stopped: 0.0066507 seconds, Stopping threads took: 0.0001686 seconds
2024-10-05T06:22:20.684+0300: 799.311: Application time: 1.0007200 seconds
2024-10-05T06:22:20.684+0300: 799.312: Total time for which application threads were stopped: 0.0003859 seconds, Stopping threads took: 0.0003181 seconds
2024-10-05T06:22:25.740+0300: 804.381: Application time: 5.0692960 seconds
2024-10-05T06:22:25.740+0300: 804.382: [GC (Allocation Failure) [PSYoungGen: 233162K->33056K(265728K)] 596736K->429398K(880128K), 0.0064734 secs] [Times: user=0.06 sys=0.02, real=0.02 secs] 
2024-10-05T06:22:25.756+0300: 804.388: Total time for which application threads were stopped: 0.0070273 seconds, Stopping threads took: 0.0002940 seconds
2024-10-05T06:22:31.380+0300: 810.015: Application time: 5.6264978 seconds
2024-10-05T06:22:31.380+0300: 810.015: [GC (Allocation Failure) [PSYoungGen: 233762K->33072K(265216K)] 630104K->494950K(879616K), 0.0246851 secs] [Times: user=0.00 sys=0.00, real=0.03 secs] 
2024-10-05T06:22:31.412+0300: 810.040: [Full GC (Ergonomics) [PSYoungGen: 33072K->0K(265216K)] [ParOldGen: 461878K->298040K(614400K)] 494950K->298040K(879616K), [Metaspace: 7329K->7329K(1056768K)], 0.0248483 secs] [Times: user=0.02 sys=0.00, real=0.02 secs] 
2024-10-05T06:22:31.427+0300: 810.065: Total time for which application threads were stopped: 0.0501880 seconds, Stopping threads took: 0.0003165 seconds
2024-10-05T06:22:37.208+0300: 815.841: Application time: 5.7764258 seconds
2024-10-05T06:22:37.208+0300: 815.842: [GC (Allocation Failure) [PSYoungGen: 200809K->33088K(265728K)] 498850K->429432K(880128K), 0.0261747 secs] [Times: user=0.02 sys=0.00, real=0.03 secs] 
2024-10-05T06:22:37.240+0300: 815.868: Total time for which application threads were stopped: 0.0268309 seconds, Stopping threads took: 0.0003625 seconds
2024-10-05T06:22:42.975+0300: 821.605: Application time: 5.7374393 seconds
2024-10-05T06:22:42.975+0300: 821.606: [GC (Allocation Failure) [PSYoungGen: 233458K->33088K(265728K)] 629802K->527736K(880128K), 0.0111299 secs] [Times: user=0.00 sys=0.00, real=0.00 secs] 
2024-10-05T06:22:42.975+0300: 821.617: [Full GC (Ergonomics) [PSYoungGen: 33088K->0K(265728K)] [ParOldGen: 494648K->330809K(614400K)] 527736K->330809K(880128K), [Metaspace: 7329K->7329K(1056768K)], 0.0235114 secs] [Times: user=0.02 sys=0.00, real=0.03 secs] 
2024-10-05T06:22:43.007+0300: 821.641: Total time for which application threads were stopped: 0.0351411 seconds, Stopping threads took: 0.0002386 seconds
2024-10-05T06:22:48.661+0300: 827.292: Application time: 5.6517491 seconds
2024-10-05T06:22:48.661+0300: 827.293: [GC (Allocation Failure) [PSYoungGen: 200853K->33120K(266240K)] 531662K->462233K(880640K), 0.0113199 secs] [Times: user=0.00 sys=0.00, real=0.02 secs] 
2024-10-05T06:22:48.677+0300: 827.304: Total time for which application threads were stopped: 0.0118195 seconds, Stopping threads took: 0.0002956 seconds
2024-10-05T06:22:54.506+0300: 833.144: Application time: 5.8402193 seconds
2024-10-05T06:22:54.506+0300: 833.145: [GC (Allocation Failure) [PSYoungGen: 233786K->33120K(266240K)] 662899K->560537K(880640K), 0.0198601 secs] [Times: user=0.03 sys=0.00, real=0.03 secs] 
2024-10-05T06:22:54.537+0300: 833.165: [Full GC (Ergonomics) [PSYoungGen: 33120K->0K(266240K)] [ParOldGen: 527417K->330810K(614400K)] 560537K->330810K(880640K), [Metaspace: 7329K->7329K(1056768K)], 0.0227384 secs] [Times: user=0.05 sys=0.00, real=0.02 secs] 
2024-10-05T06:22:54.553+0300: 833.188: Total time for which application threads were stopped: 0.0431342 seconds, Stopping threads took: 0.0002259 seconds
2024-10-05T06:23:00.554+0300: 839.195: Application time: 6.0074712 seconds
2024-10-05T06:23:00.554+0300: 839.196: [GC (Allocation Failure) [PSYoungGen: 200794K->33120K(266752K)] 531604K->462234K(881152K), 0.0171820 secs] [Times: user=0.02 sys=0.00, real=0.03 secs] 
2024-10-05T06:23:00.585+0300: 839.213: Total time for which application threads were stopped: 0.0177806 seconds, Stopping threads took: 0.0003317 seconds
2024-10-05T06:23:07.072+0300: 845.704: Application time: 6.4908560 seconds
2024-10-05T06:23:07.072+0300: 845.704: [GC (Allocation Failure) [PSYoungGen: 233754K->33120K(266752K)] 662868K->560538K(881152K), 0.0115883 secs] [Times: user=0.03 sys=0.00, real=0.02 secs] 
2024-10-05T06:23:07.088+0300: 845.716: [Full GC (Ergonomics) [PSYoungGen: 33120K->0K(266752K)] [ParOldGen: 527418K->329562K(614400K)] 560538K->329562K(881152K), [Metaspace: 7329K->7329K(1056768K)], 0.0483678 secs] [Times: user=0.03 sys=0.00, real=0.05 secs] 
2024-10-05T06:23:07.135+0300: 845.764: Total time for which application threads were stopped: 0.0605876 seconds, Stopping threads took: 0.0003409 seconds
2024-10-05T06:23:13.685+0300: 852.319: Application time: 6.5544519 seconds
2024-10-05T06:23:13.685+0300: 852.319: [GC (Allocation Failure) [PSYoungGen: 200781K->33120K(267776K)] 530343K->460986K(882176K), 0.0109920 secs] [Times: user=0.02 sys=0.00, real=0.02 secs] 
2024-10-05T06:23:13.701+0300: 852.330: Total time for which application threads were stopped: 0.0115087 seconds, Stopping threads took: 0.0003466 seconds
2024-10-05T06:23:20.189+0300: 858.818: Application time: 6.4879582 seconds
2024-10-05T06:23:20.204+0300: 858.832: [GC (Allocation Failure) [PSYoungGen: 233760K->33056K(267264K)] 661627K->493698K(881664K), 0.0062389 secs] [Times: user=0.00 sys=0.00, real=0.00 secs] 
2024-10-05T06:23:20.204+0300: 858.838: [Full GC (Ergonomics) [PSYoungGen: 33056K->0K(267264K)] [ParOldGen: 460642K->264027K(614400K)] 493698K->264027K(881664K), [Metaspace: 7329K->7329K(1056768K)], 0.0145976 secs] [Times: user=0.01 sys=0.00, real=0.02 secs] 
2024-10-05T06:23:20.220+0300: 858.853: Total time for which application threads were stopped: 0.0348416 seconds, Stopping threads took: 0.0137025 seconds
2024-10-05T06:23:26.785+0300: 865.416: Application time: 6.5630533 seconds
2024-10-05T06:23:26.785+0300: 865.417: [GC (Allocation Failure) [PSYoungGen: 200795K->33056K(268288K)] 464823K->297083K(882688K), 0.0041492 secs] [Times: user=0.00 sys=0.00, real=0.00 secs] 
2024-10-05T06:23:26.785+0300: 865.421: Total time for which application threads were stopped: 0.0047459 seconds, Stopping threads took: 0.0003377 seconds
2024-10-05T06:23:33.384+0300: 872.013: Application time: 6.5916643 seconds
2024-10-05T06:23:33.384+0300: 872.013: [GC (Allocation Failure) [PSYoungGen: 233444K->33072K(267776K)] 497471K->297099K(882176K), 0.0040288 secs] [Times: user=0.00 sys=0.00, real=0.00 secs] 
2024-10-05T06:23:33.384+0300: 872.017: Total time for which application threads were stopped: 0.0044885 seconds, Stopping threads took: 0.0003333 seconds
2024-10-05T06:23:39.950+0300: 878.585: Application time: 6.5682086 seconds
2024-10-05T06:23:39.950+0300: 878.586: [GC (Allocation Failure) [PSYoungGen: 233190K->33088K(268800K)] 497217K->297115K(883200K), 0.0039292 secs] [Times: user=0.01 sys=0.00, real=0.00 secs] 
2024-10-05T06:23:39.950+0300: 878.590: Total time for which application threads were stopped: 0.0043882 seconds, Stopping threads took: 0.0002457 seconds
2024-10-05T06:23:46.251+0300: 884.892: Application time: 6.3027344 seconds
2024-10-05T06:23:46.251+0300: 884.893: [GC (Allocation Failure) [PSYoungGen: 233581K->33072K(268800K)] 497608K->297099K(883200K), 0.0039423 secs] [Times: user=0.02 sys=0.00, real=0.02 secs] 
2024-10-05T06:23:46.267+0300: 884.897: Total time for which application threads were stopped: 0.0044356 seconds, Stopping threads took: 0.0003081 seconds
2024-10-05T06:23:52.063+0300: 890.705: Application time: 5.8085204 seconds
2024-10-05T06:23:52.063+0300: 890.706: [GC (Allocation Failure) [PSYoungGen: 233790K->33056K(269312K)] 497818K->297083K(883712K), 0.0038569 secs] [Times: user=0.02 sys=0.00, real=0.02 secs] 
2024-10-05T06:23:52.079+0300: 890.710: Total time for which application threads were stopped: 0.0043963 seconds, Stopping threads took: 0.0003711 seconds
2024-10-05T06:23:57.890+0300: 896.519: Application time: 5.8087780 seconds
2024-10-05T06:23:57.890+0300: 896.519: [GC (Allocation Failure) [PSYoungGen: 233938K->33024K(269312K)] 497966K->297051K(883712K), 0.0040026 secs] [Times: user=0.00 sys=0.00, real=0.00 secs] 
2024-10-05T06:23:57.890+0300: 896.523: Total time for which application threads were stopped: 0.0045697 seconds, Stopping threads took: 0.0003660 seconds
2024-10-05T06:24:03.784+0300: 902.413: Application time: 5.8895973 seconds
2024-10-05T06:24:03.784+0300: 902.413: [GC (Allocation Failure) [PSYoungGen: 233999K->33008K(269824K)] 498027K->297035K(884224K), 0.0041281 secs] [Times: user=0.06 sys=0.00, real=0.00 secs] 
2024-10-05T06:24:03.784+0300: 902.417: Total time for which application threads were stopped: 0.0046401 seconds, Stopping threads took: 0.0002620 seconds
2024-10-05T06:24:09.608+0300: 908.249: Application time: 5.8316337 seconds
2024-10-05T06:24:09.608+0300: 908.250: [GC (Allocation Failure) [PSYoungGen: 234063K->33040K(269824K)] 498090K->297067K(884224K), 0.0041539 secs] [Times: user=0.02 sys=0.00, real=0.02 secs] 
2024-10-05T06:24:09.624+0300: 908.254: Total time for which application threads were stopped: 0.0047331 seconds, Stopping threads took: 0.0003963 seconds
2024-10-05T06:24:15.370+0300: 914.010: Application time: 5.7563364 seconds
2024-10-05T06:24:15.370+0300: 914.011: [GC (Allocation Failure) [PSYoungGen: 234133K->33072K(270336K)] 498161K->362635K(884736K), 0.0189133 secs] [Times: user=0.02 sys=0.00, real=0.03 secs] 
2024-10-05T06:24:15.402+0300: 914.030: Total time for which application threads were stopped: 0.0195140 seconds, Stopping threads took: 0.0003513 seconds
2024-10-05T06:24:21.167+0300: 919.805: Application time: 5.7751028 seconds
2024-10-05T06:24:21.167+0300: 919.805: [GC (Allocation Failure) [PSYoungGen: 234210K->33088K(270336K)] 563773K->428187K(884736K), 0.0090276 secs] [Times: user=0.03 sys=0.00, real=0.01 secs] 
2024-10-05T06:24:21.182+0300: 919.814: Total time for which application threads were stopped: 0.0095695 seconds, Stopping threads took: 0.0003693 seconds
2024-10-05T06:24:27.121+0300: 925.761: Application time: 5.9471613 seconds
2024-10-05T06:24:27.121+0300: 925.762: [GC (Allocation Failure) [PSYoungGen: 234773K->33152K(270848K)] 629872K->526555K(885248K), 0.0187069 secs] [Times: user=0.02 sys=0.00, real=0.03 secs] 
2024-10-05T06:24:27.153+0300: 925.781: [Full GC (Ergonomics) [PSYoungGen: 33152K->0K(270848K)] [ParOldGen: 493403K->329568K(614400K)] 526555K->329568K(885248K), [Metaspace: 7329K->7329K(1056768K)], 0.0237188 secs] [Times: user=0.02 sys=0.00, real=0.02 secs] 
2024-10-05T06:24:27.169+0300: 925.805: Total time for which application threads were stopped: 0.0431076 seconds, Stopping threads took: 0.0002221 seconds
2024-10-05T06:24:33.656+0300: 932.291: Application time: 6.4862361 seconds
2024-10-05T06:24:33.656+0300: 932.291: [GC (Allocation Failure) [PSYoungGen: 234294K->33120K(270848K)] 563862K->493760K(885248K), 0.0244057 secs] [Times: user=0.02 sys=0.00, real=0.03 secs] 
2024-10-05T06:24:33.688+0300: 932.316: [Full GC (Ergonomics) [PSYoungGen: 33120K->0K(270848K)] [ParOldGen: 460640K->362336K(614400K)] 493760K->362336K(885248K), [Metaspace: 7329K->7329K(1056768K)], 0.0288862 secs] [Times: user=0.03 sys=0.00, real=0.02 secs] 
2024-10-05T06:24:33.710+0300: 932.345: Total time for which application threads were stopped: 0.0539236 seconds, Stopping threads took: 0.0002942 seconds
2024-10-05T06:24:43.791+0300: 942.427: Application time: 10.0825471 seconds
2024-10-05T06:24:43.791+0300: 942.428: [GC (Allocation Failure) [PSYoungGen: 233950K->240K(260096K)] 596287K->362576K(874496K), 0.0015129 secs] [Times: user=0.00 sys=0.00, real=0.00 secs] 
2024-10-05T06:24:43.791+0300: 942.430: Total time for which application threads were stopped: 0.0022197 seconds, Stopping threads took: 0.0004698 seconds
2024-10-05T06:24:50.126+0300: 948.755: Application time: 6.3254012 seconds
2024-10-05T06:24:50.126+0300: 948.755: [GC (Allocation Failure) [PSYoungGen: 201230K->288K(224768K)] 563567K->362624K(839168K), 0.0010782 secs] [Times: user=0.00 sys=0.00, real=0.00 secs] 
2024-10-05T06:24:50.126+0300: 948.757: Total time for which application threads were stopped: 0.0015833 seconds, Stopping threads took: 0.0002854 seconds
2024-10-05T06:24:55.904+0300: 954.533: Application time: 5.7764788 seconds
2024-10-05T06:24:55.904+0300: 954.533: [GC (Allocation Failure) [PSYoungGen: 200008K->256K(257024K)] 562344K->362592K(871424K), 0.0008774 secs] [Times: user=0.00 sys=0.00, real=0.00 secs] 
2024-10-05T06:24:55.904+0300: 954.534: Total time for which application threads were stopped: 0.0013151 seconds, Stopping threads took: 0.0002755 seconds
2024-10-05T06:25:01.749+0300: 960.388: Application time: 5.8533502 seconds
2024-10-05T06:25:01.749+0300: 960.388: [GC (Allocation Failure) [PSYoungGen: 200240K->33008K(245248K)] 562577K->395344K(859648K), 0.0044189 secs] [Times: user=0.00 sys=0.00, real=0.02 secs] 
2024-10-05T06:25:01.765+0300: 960.393: Total time for which application threads were stopped: 0.0049550 seconds, Stopping threads took: 0.0003419 seconds
2024-10-05T06:25:07.561+0300: 966.201: Application time: 5.8082801 seconds
2024-10-05T06:25:07.561+0300: 966.201: [GC (Allocation Failure) [PSYoungGen: 233272K->33088K(256512K)] 595609K->428192K(870912K), 0.0062848 secs] [Times: user=0.00 sys=0.00, real=0.02 secs] 
2024-10-05T06:25:07.579+0300: 966.208: Total time for which application threads were stopped: 0.0067823 seconds, Stopping threads took: 0.0003431 seconds
2024-10-05T06:25:13.358+0300: 971.996: Application time: 5.7878454 seconds
2024-10-05T06:25:13.358+0300: 971.996: [GC (Allocation Failure) [PSYoungGen: 233696K->33072K(257536K)] 628801K->460944K(871936K), 0.0064849 secs] [Times: user=0.02 sys=0.00, real=0.02 secs] 
2024-10-05T06:25:13.375+0300: 972.003: Total time for which application threads were stopped: 0.0070557 seconds, Stopping threads took: 0.0003678 seconds
2024-10-05T06:25:19.264+0300: 977.896: Application time: 5.8932444 seconds
2024-10-05T06:25:19.264+0300: 977.896: [GC (Allocation Failure) [PSYoungGen: 233947K->33120K(256512K)] 661819K->526528K(870912K), 0.0085557 secs] [Times: user=0.03 sys=0.00, real=0.00 secs] 
2024-10-05T06:25:19.264+0300: 977.905: [Full GC (Ergonomics) [PSYoungGen: 33120K->0K(256512K)] [ParOldGen: 493408K->296803K(614400K)] 526528K->296803K(870912K), [Metaspace: 7329K->7329K(1056768K)], 0.0199671 secs] [Times: user=0.02 sys=0.00, real=0.03 secs] 
2024-10-05T06:25:19.296+0300: 977.925: Total time for which application threads were stopped: 0.0290403 seconds, Stopping threads took: 0.0002268 seconds
2024-10-05T06:25:25.188+0300: 983.823: Application time: 5.8977256 seconds
2024-10-05T06:25:25.188+0300: 983.823: [GC (Allocation Failure) [PSYoungGen: 200788K->33088K(257024K)] 497592K->395427K(871424K), 0.0236597 secs] [Times: user=0.00 sys=0.00, real=0.03 secs] 
2024-10-05T06:25:25.219+0300: 983.847: Total time for which application threads were stopped: 0.0241690 seconds, Stopping threads took: 0.0003084 seconds
2024-10-05T06:25:31.251+0300: 989.883: Application time: 6.0358960 seconds
2024-10-05T06:25:31.251+0300: 989.883: [GC (Allocation Failure) [PSYoungGen: 233358K->33072K(257536K)] 595698K->460947K(871936K), 0.0110064 secs] [Times: user=0.02 sys=0.00, real=0.02 secs] 
2024-10-05T06:25:31.266+0300: 989.894: Total time for which application threads were stopped: 0.0115559 seconds, Stopping threads took: 0.0003182 seconds
2024-10-05T06:25:37.142+0300: 995.779: Application time: 5.8846735 seconds
2024-10-05T06:25:37.142+0300: 995.779: [GC (Allocation Failure) [PSYoungGen: 233504K->33088K(257536K)] 661380K->526499K(871936K), 0.0087280 secs] [Times: user=0.02 sys=0.00, real=0.02 secs] 
2024-10-05T06:25:37.157+0300: 995.788: [Full GC (Ergonomics) [PSYoungGen: 33088K->0K(257536K)] [ParOldGen: 493411K->296805K(614400K)] 526499K->296805K(871936K), [Metaspace: 7329K->7329K(1056768K)], 0.0196647 secs] [Times: user=0.00 sys=0.00, real=0.02 secs] 
2024-10-05T06:25:37.173+0300: 995.808: Total time for which application threads were stopped: 0.0288782 seconds, Stopping threads took: 0.0001715 seconds
2024-10-05T06:25:43.350+0300: 1001.985: Application time: 6.1769220 seconds
2024-10-05T06:25:43.350+0300: 1001.985: [GC (Allocation Failure) [PSYoungGen: 200524K->33056K(258048K)] 497329K->395397K(872448K), 0.0088492 secs] [Times: user=0.03 sys=0.00, real=0.02 secs] 
2024-10-05T06:25:43.365+0300: 1001.994: Total time for which application threads were stopped: 0.0094052 seconds, Stopping threads took: 0.0003356 seconds
2024-10-05T06:25:49.463+0300: 1008.097: Application time: 6.1026285 seconds
2024-10-05T06:25:49.463+0300: 1008.097: [GC (Allocation Failure) [PSYoungGen: 233178K->33072K(258048K)] 595519K->460949K(872448K), 0.0091500 secs] [Times: user=0.01 sys=0.00, real=0.01 secs] 
2024-10-05T06:25:49.478+0300: 1008.107: Total time for which application threads were stopped: 0.0096883 seconds, Stopping threads took: 0.0003255 seconds
2024-10-05T06:25:54.213+0300: 1012.843: Application time: 4.7368921 seconds
2024-10-05T06:25:54.213+0300: 1012.844: Total time for which application threads were stopped: 0.0003492 seconds, Stopping threads took: 0.0002335 seconds
2024-10-05T06:25:55.434+0300: 1014.064: Application time: 1.2203562 seconds
2024-10-05T06:25:55.434+0300: 1014.064: [GC (Allocation Failure) [PSYoungGen: 233404K->33024K(259584K)] 661281K->526437K(873984K), 0.0084887 secs] [Times: user=0.00 sys=0.00, real=0.00 secs] 
2024-10-05T06:25:55.434+0300: 1014.073: [Full GC (Ergonomics) [PSYoungGen: 33024K->0K(259584K)] [ParOldGen: 493413K->264009K(614400K)] 526437K->264009K(873984K), [Metaspace: 7329K->7329K(1056768K)], 0.0240226 secs] [Times: user=0.01 sys=0.00, real=0.03 secs] 
2024-10-05T06:25:55.466+0300: 1014.097: Total time for which application threads were stopped: 0.0330570 seconds, Stopping threads took: 0.0002873 seconds
2024-10-05T06:25:57.964+0300: 1016.602: Application time: 2.5050751 seconds
2024-10-05T06:25:57.964+0300: 1016.603: Total time for which application threads were stopped: 0.0004331 seconds, Stopping threads took: 0.0003973 seconds
2024-10-05T06:25:57.979+0300: 1016.608: Application time: 0.0054879 seconds
2024-10-05T06:25:58.011+0300: 1016.639: [GC (Allocation Failure) [PSYoungGen: 204061K->33056K(258560K)] 468070K->526441K(872960K), 0.0203712 secs] [Times: user=0.06 sys=0.00, real=0.02 secs] 
2024-10-05T06:25:58.027+0300: 1016.659: [Full GC (Ergonomics) [PSYoungGen: 33056K->0K(258560K)] [ParOldGen: 493385K->132936K(614400K)] 526441K->132936K(872960K), [Metaspace: 7329K->7329K(1056768K)], 0.0230623 secs] [Times: user=0.03 sys=0.00, real=0.02 secs] 
2024-10-05T06:25:58.042+0300: 1016.682: Total time for which application threads were stopped: 0.0739883 seconds, Stopping threads took: 0.0302112 seconds
2024-10-05T06:26:01.057+0300: 1019.692: Application time: 3.0099971 seconds
2024-10-05T06:26:01.057+0300: 1019.693: [GC (Allocation Failure) [PSYoungGen: 200423K->32928K(260608K)] 333360K->362472K(875008K), 0.0187406 secs] [Times: user=0.02 sys=0.00, real=0.02 secs] 
2024-10-05T06:26:01.073+0300: 1019.712: Total time for which application threads were stopped: 0.0194068 seconds, Stopping threads took: 0.0004778 seconds
2024-10-05T06:26:07.552+0300: 1026.182: Application time: 6.4704665 seconds
2024-10-05T06:26:07.552+0300: 1026.182: [GC (Allocation Failure) [PSYoungGen: 233615K->33088K(260096K)] 563160K->460936K(874496K), 0.0110861 secs] [Times: user=0.03 sys=0.00, real=0.01 secs] 
2024-10-05T06:26:07.561+0300: 1026.194: [Full GC (Ergonomics) [PSYoungGen: 33088K->0K(260096K)] [ParOldGen: 427848K->329717K(614400K)] 460936K->329717K(874496K), [Metaspace: 7329K->7329K(1056768K)], 0.0273167 secs] [Times: user=0.03 sys=0.00, real=0.03 secs] 
2024-10-05T06:26:07.593+0300: 1026.221: Total time for which application threads were stopped: 0.0389701 seconds, Stopping threads took: 0.0002940 seconds
2024-10-05T06:26:14.129+0300: 1032.766: Application time: 6.5453889 seconds
2024-10-05T06:26:14.129+0300: 1032.767: [GC (Allocation Failure) [PSYoungGen: 200479K->33104K(261632K)] 530196K->461125K(876032K), 0.0215312 secs] [Times: user=0.02 sys=0.00, real=0.03 secs] 
2024-10-05T06:26:14.160+0300: 1032.789: [Full GC (Ergonomics) [PSYoungGen: 33104K->0K(261632K)] [ParOldGen: 428021K->329717K(614400K)] 461125K->329717K(876032K), [Metaspace: 7329K->7329K(1056768K)], 0.0237531 secs] [Times: user=0.01 sys=0.00, real=0.02 secs] 
2024-10-05T06:26:14.177+0300: 1032.812: Total time for which application threads were stopped: 0.0460014 seconds, Stopping threads took: 0.0003235 seconds
2024-10-05T06:26:20.713+0300: 1039.348: Application time: 6.5355360 seconds
2024-10-05T06:26:20.713+0300: 1039.348: [GC (Allocation Failure) [PSYoungGen: 200382K->33120K(261120K)] 530099K->461141K(875520K), 0.0108289 secs] [Times: user=0.05 sys=0.00, real=0.01 secs] 
2024-10-05T06:26:20.728+0300: 1039.359: [Full GC (Ergonomics) [PSYoungGen: 33120K->0K(261120K)] [ParOldGen: 428021K->329717K(614400K)] 461141K->329717K(875520K), [Metaspace: 7329K->7329K(1056768K)], 0.0248720 secs] [Times: user=0.02 sys=0.00, real=0.02 secs] 
2024-10-05T06:26:20.744+0300: 1039.384: Total time for which application threads were stopped: 0.0363438 seconds, Stopping threads took: 0.0002655 seconds
2024-10-05T06:26:27.326+0300: 1045.966: Application time: 6.5815449 seconds
2024-10-05T06:26:27.326+0300: 1045.966: [GC (Allocation Failure) [PSYoungGen: 200294K->33104K(263168K)] 530012K->395589K(877568K), 0.0060538 secs] [Times: user=0.00 sys=0.00, real=0.02 secs] 
2024-10-05T06:26:27.342+0300: 1045.973: Total time for which application threads were stopped: 0.0066785 seconds, Stopping threads took: 0.0004261 seconds
2024-10-05T06:26:34.163+0300: 1052.802: Application time: 6.8295176 seconds
2024-10-05T06:26:34.195+0300: 1052.822: [GC (Allocation Failure) [PSYoungGen: 233394K->33056K(262656K)] 595880K->395541K(877056K), 0.0344406 secs] [Times: user=0.01 sys=0.01, real=0.03 secs] 
2024-10-05T06:26:34.226+0300: 1052.857: Total time for which application threads were stopped: 0.0545104 seconds, Stopping threads took: 0.0198877 seconds
2024-10-05T06:26:40.209+0300: 1058.848: Application time: 5.9918291 seconds
2024-10-05T06:26:40.209+0300: 1058.849: [GC (Allocation Failure) [PSYoungGen: 233063K->33008K(264192K)] 595549K->395493K(878592K), 0.0352208 secs] [Times: user=0.06 sys=0.00, real=0.05 secs] 
2024-10-05T06:26:40.256+0300: 1058.884: Total time for which application threads were stopped: 0.0358791 seconds, Stopping threads took: 0.0003992 seconds
2024-10-05T06:26:46.165+0300: 1064.797: Application time: 5.9131763 seconds
2024-10-05T06:26:46.170+0300: 1064.798: [GC (Allocation Failure) [PSYoungGen: 233368K->33104K(263680K)] 595854K->395589K(878080K), 0.0061592 secs] [Times: user=0.00 sys=0.00, real=0.00 secs] 
2024-10-05T06:26:46.170+0300: 1064.804: Total time for which application threads were stopped: 0.0066172 seconds, Stopping threads took: 0.0002863 seconds
2024-10-05T06:26:51.992+0300: 1070.629: Application time: 5.8244397 seconds
2024-10-05T06:26:51.992+0300: 1070.629: [GC (Allocation Failure) [PSYoungGen: 233418K->33040K(265728K)] 595904K->395525K(880128K), 0.0049460 secs] [Times: user=0.01 sys=0.00, real=0.00 secs] 
2024-10-05T06:26:51.992+0300: 1070.634: Total time for which application threads were stopped: 0.0055300 seconds, Stopping threads took: 0.0004145 seconds
2024-10-05T06:26:57.961+0300: 1076.602: Application time: 5.9682483 seconds
2024-10-05T06:26:57.961+0300: 1076.603: [GC (Allocation Failure) [PSYoungGen: 233622K->33056K(264704K)] 596108K->428309K(879104K), 0.0089097 secs] [Times: user=0.06 sys=0.00, real=0.02 secs] 
2024-10-05T06:26:57.976+0300: 1076.612: Total time for which application threads were stopped: 0.0096407 seconds, Stopping threads took: 0.0005136 seconds
2024-10-05T06:27:04.569+0300: 1083.201: Application time: 6.5889234 seconds
2024-10-05T06:27:04.569+0300: 1083.201: [GC (Allocation Failure) [PSYoungGen: 233783K->33088K(266752K)] 629036K->461109K(881152K), 0.0082458 secs] [Times: user=0.02 sys=0.00, real=0.01 secs] 
2024-10-05T06:27:04.575+0300: 1083.210: Total time for which application threads were stopped: 0.0087711 seconds, Stopping threads took: 0.0003534 seconds
2024-10-05T06:27:11.094+0300: 1089.736: Application time: 6.5259622 seconds
2024-10-05T06:27:11.094+0300: 1089.736: [GC (Allocation Failure) [PSYoungGen: 234213K->33056K(266240K)] 662235K->493845K(880640K), 0.0090207 secs] [Times: user=0.05 sys=0.00, real=0.02 secs] 
2024-10-05T06:27:11.110+0300: 1089.745: Total time for which application threads were stopped: 0.0096904 seconds, Stopping threads took: 0.0004240 seconds
2024-10-05T06:27:17.631+0300: 1096.259: Application time: 6.5138003 seconds
2024-10-05T06:27:17.631+0300: 1096.259: [GC (Allocation Failure) [PSYoungGen: 234149K->33088K(267264K)] 694939K->526645K(881664K), 0.0068510 secs] [Times: user=0.00 sys=0.00, real=0.00 secs] 
2024-10-05T06:27:17.631+0300: 1096.266: [Full GC (Ergonomics) [PSYoungGen: 33088K->0K(267264K)] [ParOldGen: 493557K->264185K(614400K)] 526645K->264185K(881664K), [Metaspace: 7329K->7329K(1056768K)], 0.0192445 secs] [Times: user=0.03 sys=0.00, real=0.01 secs] 
2024-10-05T06:27:17.645+0300: 1096.286: Total time for which application threads were stopped: 0.0265807 seconds, Stopping threads took: 0.0001895 seconds
2024-10-05T06:27:23.458+0300: 1102.097: Application time: 5.8114229 seconds
2024-10-05T06:27:23.458+0300: 1102.098: [GC (Allocation Failure) [PSYoungGen: 201102K->33008K(267264K)] 465288K->362729K(881664K), 0.0194992 secs] [Times: user=0.05 sys=0.00, real=0.03 secs] 
2024-10-05T06:27:23.489+0300: 1102.117: Total time for which application threads were stopped: 0.0202012 seconds, Stopping threads took: 0.0004081 seconds
2024-10-05T06:27:29.334+0300: 1107.963: Application time: 5.8457814 seconds
2024-10-05T06:27:29.334+0300: 1107.964: [GC (Allocation Failure) [PSYoungGen: 233315K->33088K(268288K)] 563037K->428345K(882688K), 0.0137638 secs] [Times: user=0.00 sys=0.00, real=0.01 secs] 
2024-10-05T06:27:29.349+0300: 1107.978: Total time for which application threads were stopped: 0.0143949 seconds, Stopping threads took: 0.0003446 seconds
2024-10-05T06:27:35.130+0300: 1113.761: Application time: 5.7836890 seconds
2024-10-05T06:27:35.130+0300: 1113.762: [GC (Allocation Failure) [PSYoungGen: 233954K->33104K(267776K)] 629212K->493897K(882176K), 0.0116000 secs] [Times: user=0.00 sys=0.00, real=0.02 secs] 
2024-10-05T06:27:35.146+0300: 1113.773: Total time for which application threads were stopped: 0.0121202 seconds, Stopping threads took: 0.0003385 seconds
2024-10-05T06:27:40.929+0300: 1119.558: Application time: 5.7850040 seconds
2024-10-05T06:27:40.944+0300: 1119.572: [GC (Allocation Failure) [PSYoungGen: 234052K->33088K(269312K)] 694845K->559417K(883712K), 0.0089339 secs] [Times: user=0.00 sys=0.00, real=0.00 secs] 
2024-10-05T06:27:40.944+0300: 1119.581: [Full GC (Ergonomics) [PSYoungGen: 33088K->0K(269312K)] [ParOldGen: 526329K->296955K(614400K)] 559417K->296955K(883712K), [Metaspace: 7329K->7329K(1056768K)], 0.0181669 secs] [Times: user=0.02 sys=0.00, real=0.02 secs] 
2024-10-05T06:27:40.960+0300: 1119.599: Total time for which application threads were stopped: 0.0404789 seconds, Stopping threads took: 0.0131535 seconds
2024-10-05T06:27:47.247+0300: 1125.881: Application time: 6.2818148 seconds
2024-10-05T06:27:47.247+0300: 1125.881: [GC (Allocation Failure) [PSYoungGen: 201039K->33088K(268800K)] 497994K->395579K(883200K), 0.0212910 secs] [Times: user=0.02 sys=0.00, real=0.03 secs] 
2024-10-05T06:27:47.274+0300: 1125.903: Total time for which application threads were stopped: 0.0218987 seconds, Stopping threads took: 0.0003367 seconds
2024-10-05T06:27:53.168+0300: 1131.797: Application time: 5.8942320 seconds
2024-10-05T06:27:53.184+0300: 1131.811: [GC (Allocation Failure) [PSYoungGen: 233630K->33088K(269824K)] 596121K->493883K(884224K), 0.0160028 secs] [Times: user=0.00 sys=0.00, real=0.01 secs] 
2024-10-05T06:27:53.199+0300: 1131.828: Total time for which application threads were stopped: 0.0307215 seconds, Stopping threads took: 0.0144162 seconds
2024-10-05T06:27:59.736+0300: 1138.376: Application time: 6.5489365 seconds
2024-10-05T06:27:59.736+0300: 1138.377: [GC (Allocation Failure) [PSYoungGen: 233860K->33072K(269312K)] 694655K->559403K(883712K), 0.0090154 secs] [Times: user=0.09 sys=0.00, real=0.02 secs] 
2024-10-05T06:27:59.758+0300: 1138.386: [Full GC (Ergonomics) [PSYoungGen: 33072K->0K(269312K)] [ParOldGen: 526331K->296956K(614400K)] 559403K->296956K(883712K), [Metaspace: 7329K->7329K(1056768K)], 0.0188413 secs] [Times: user=0.00 sys=0.00, real=0.01 secs] 
2024-10-05T06:27:59.768+0300: 1138.405: Total time for which application threads were stopped: 0.0284981 seconds, Stopping threads took: 0.0002736 seconds
2024-10-05T06:28:06.320+0300: 1144.956: Application time: 6.5512775 seconds
2024-10-05T06:28:06.320+0300: 1144.957: [GC (Allocation Failure) [PSYoungGen: 201172K->33088K(270336K)] 498129K->395580K(884736K), 0.0221705 secs] [Times: user=0.02 sys=0.00, real=0.03 secs] 
2024-10-05T06:28:06.351+0300: 1144.979: Total time for which application threads were stopped: 0.0228068 seconds, Stopping threads took: 0.0003673 seconds
2024-10-05T06:28:13.731+0300: 1152.359: Application time: 7.3797997 seconds
2024-10-05T06:28:13.747+0300: 1152.374: [GC (Allocation Failure) [PSYoungGen: 266515K->33072K(270336K)] 629008K->395564K(884736K), 0.0040539 secs] [Times: user=0.00 sys=0.00, real=0.00 secs] 
2024-10-05T06:28:13.747+0300: 1152.379: Total time for which application threads were stopped: 0.0196782 seconds, Stopping threads took: 0.0154620 seconds
2024-10-05T06:28:19.637+0300: 1158.266: Application time: 5.8870735 seconds
2024-10-05T06:28:19.637+0300: 1158.266: [GC (Allocation Failure) [PSYoungGen: 233922K->33040K(270848K)] 596415K->395532K(885248K), 0.0042359 secs] [Times: user=0.00 sys=0.00, real=0.00 secs] 
2024-10-05T06:28:19.642+0300: 1158.270: Total time for which application threads were stopped: 0.0047126 seconds, Stopping threads took: 0.0002822 seconds
2024-10-05T06:28:26.706+0300: 1165.345: Application time: 7.0743743 seconds
2024-10-05T06:28:26.706+0300: 1165.345: [GC (Allocation Failure) [PSYoungGen: 266530K->33056K(270848K)] 629023K->428316K(885248K), 0.0060110 secs] [Times: user=0.02 sys=0.00, real=0.02 secs] 
2024-10-05T06:28:26.722+0300: 1165.351: Total time for which application threads were stopped: 0.0064966 seconds, Stopping threads took: 0.0003214 seconds
2024-10-05T06:28:33.351+0300: 1171.980: Application time: 6.6288956 seconds
2024-10-05T06:28:33.351+0300: 1171.981: [GC (Allocation Failure) [PSYoungGen: 266492K->33120K(271360K)] 661752K->493916K(885760K), 0.0137858 secs] [Times: user=0.00 sys=0.00, real=0.02 secs] 
2024-10-05T06:28:33.367+0300: 1171.994: Total time for which application threads were stopped: 0.0142398 seconds, Stopping threads took: 0.0002646 seconds
2024-10-05T06:28:40.166+0300: 1178.801: Application time: 6.8064512 seconds
2024-10-05T06:28:40.166+0300: 1178.801: [GC (Allocation Failure) [PSYoungGen: 267001K->33072K(271360K)] 727798K->559404K(885760K), 0.0090825 secs] [Times: user=0.02 sys=0.02, real=0.02 secs] 
2024-10-05T06:28:40.182+0300: 1178.811: [Full GC (Ergonomics) [PSYoungGen: 33072K->0K(271360K)] [ParOldGen: 526332K->296959K(614400K)] 559404K->296959K(885760K), [Metaspace: 7329K->7329K(1056768K)], 0.0187034 secs] [Times: user=0.03 sys=0.00, real=0.02 secs] 
2024-10-05T06:28:40.198+0300: 1178.829: Total time for which application threads were stopped: 0.0284987 seconds, Stopping threads took: 0.0004109 seconds
2024-10-05T06:28:48.885+0300: 1187.513: Application time: 8.6835104 seconds
2024-10-05T06:28:48.885+0300: 1187.513: [GC (Allocation Failure) [PSYoungGen: 234155K->33072K(271872K)] 531115K->330031K(886272K), 0.0039698 secs] [Times: user=0.00 sys=0.00, real=0.00 secs] 
2024-10-05T06:28:48.885+0300: 1187.517: Total time for which application threads were stopped: 0.0044396 seconds, Stopping threads took: 0.0003238 seconds
2024-10-05T06:28:55.420+0300: 1194.050: Application time: 6.5331749 seconds
2024-10-05T06:28:55.420+0300: 1194.051: [GC (Allocation Failure) [PSYoungGen: 266717K->33040K(271360K)] 563677K->362767K(885760K), 0.0060018 secs] [Times: user=0.00 sys=0.00, real=0.00 secs] 
2024-10-05T06:28:55.420+0300: 1194.057: Total time for which application threads were stopped: 0.0064278 seconds, Stopping threads took: 0.0002354 seconds
2024-10-05T06:29:02.224+0300: 1200.855: Application time: 6.7984046 seconds
2024-10-05T06:29:02.224+0300: 1200.856: [GC (Allocation Failure) [PSYoungGen: 266355K->33088K(271872K)] 596082K->428351K(886272K), 0.0088738 secs] [Times: user=0.00 sys=0.00, real=0.00 secs] 
2024-10-05T06:29:02.224+0300: 1200.865: Total time for which application threads were stopped: 0.0093843 seconds, Stopping threads took: 0.0003545 seconds
2024-10-05T06:29:09.217+0300: 1207.856: Application time: 6.9912420 seconds
2024-10-05T06:29:09.217+0300: 1207.856: [GC (Allocation Failure) [PSYoungGen: 266893K->33104K(271872K)] 662157K->493903K(886272K), 0.0088572 secs] [Times: user=0.02 sys=0.00, real=0.02 secs] 
2024-10-05T06:29:09.233+0300: 1207.865: Total time for which application threads were stopped: 0.0093131 seconds, Stopping threads took: 0.0002958 seconds
2024-10-05T06:29:17.655+0300: 1216.285: Application time: 8.4192377 seconds
2024-10-05T06:29:17.655+0300: 1216.285: [GC (Allocation Failure) [PSYoungGen: 267219K->33072K(272384K)] 728018K->526639K(886784K), 0.0060202 secs] [Times: user=0.00 sys=0.00, real=0.00 secs] 
2024-10-05T06:29:17.655+0300: 1216.291: Total time for which application threads were stopped: 0.0064804 seconds, Stopping threads took: 0.0003077 seconds
2024-10-05T06:29:25.024+0300: 1223.654: Application time: 7.3633908 seconds
2024-10-05T06:29:25.024+0300: 1223.655: [GC (Allocation Failure) [PSYoungGen: 267175K->33008K(272384K)] 760742K->526575K(886784K), 0.0040766 secs] [Times: user=0.00 sys=0.00, real=0.00 secs] 
2024-10-05T06:29:25.024+0300: 1223.659: Total time for which application threads were stopped: 0.0044957 seconds, Stopping threads took: 0.0002475 seconds
2024-10-05T06:29:31.688+0300: 1230.329: Application time: 6.6701933 seconds
2024-10-05T06:29:31.688+0300: 1230.330: [GC (Allocation Failure) [PSYoungGen: 266857K->33040K(272384K)] 760425K->559375K(886784K), 0.0063139 secs] [Times: user=0.02 sys=0.00, real=0.02 secs] 
2024-10-05T06:29:31.704+0300: 1230.336: [Full GC (Ergonomics) [PSYoungGen: 33040K->0K(272384K)] [ParOldGen: 526335K->264194K(614400K)] 559375K->264194K(886784K), [Metaspace: 7329K->7329K(1056768K)], 0.0142552 secs] [Times: user=0.01 sys=0.00, real=0.02 secs] 
2024-10-05T06:29:31.721+0300: 1230.350: Total time for which application threads were stopped: 0.0211082 seconds, Stopping threads took: 0.0003004 seconds
2024-10-05T06:29:38.478+0300: 1237.111: Application time: 6.7611497 seconds
2024-10-05T06:29:38.478+0300: 1237.112: [GC (Allocation Failure) [PSYoungGen: 233686K->33056K(272384K)] 497881K->330019K(886784K), 0.0061565 secs] [Times: user=0.00 sys=0.00, real=0.00 secs] 
2024-10-05T06:29:38.478+0300: 1237.118: Total time for which application threads were stopped: 0.0065466 seconds, Stopping threads took: 0.0001719 seconds
2024-10-05T06:29:45.686+0300: 1244.320: Application time: 7.2022249 seconds
2024-10-05T06:29:45.686+0300: 1244.321: [GC (Allocation Failure) [PSYoungGen: 266166K->33056K(272896K)] 563129K->362787K(887296K), 0.0059748 secs] [Times: user=0.03 sys=0.00, real=0.00 secs] 
2024-10-05T06:29:45.686+0300: 1244.327: Total time for which application threads were stopped: 0.0066642 seconds, Stopping threads took: 0.0004690 seconds
2024-10-05T06:29:52.300+0300: 1250.940: Application time: 6.6132616 seconds
2024-10-05T06:29:52.300+0300: 1250.941: [GC (Allocation Failure) [PSYoungGen: 266517K->33056K(272896K)] 596248K->428323K(887296K), 0.0195116 secs] [Times: user=0.06 sys=0.00, real=0.03 secs] 
2024-10-05T06:29:52.332+0300: 1250.960: Total time for which application threads were stopped: 0.0201032 seconds, Stopping threads took: 0.0003806 seconds
2024-10-05T06:29:59.951+0300: 1258.579: Application time: 7.6189583 seconds
2024-10-05T06:29:59.951+0300: 1258.580: [GC (Allocation Failure) [PSYoungGen: 266732K->33056K(272896K)] 661999K->493859K(887296K), 0.0088398 secs] [Times: user=0.05 sys=0.00, real=0.00 secs] 
2024-10-05T06:29:59.951+0300: 1258.588: Total time for which application threads were stopped: 0.0092638 seconds, Stopping threads took: 0.0002587 seconds
2024-10-05T06:30:03.957+0300: 1262.596: Application time: 4.0076337 seconds
2024-10-05T06:30:03.957+0300: 1262.597: Total time for which application threads were stopped: 0.0005120 seconds, Stopping threads took: 0.0003918 seconds
2024-10-05T06:30:04.177+0300: 1262.815: Application time: 0.2185345 seconds
2024-10-05T06:30:04.177+0300: 1262.815: Total time for which application threads were stopped: 0.0002436 seconds, Stopping threads took: 0.0001765 seconds
2024-10-05T06:30:05.889+0300: 1264.525: Application time: 1.7096184 seconds
2024-10-05T06:30:05.889+0300: 1264.525: Total time for which application threads were stopped: 0.0002635 seconds, Stopping threads took: 0.0001949 seconds
2024-10-05T06:30:06.501+0300: 1265.133: Application time: 0.6082014 seconds
2024-10-05T06:30:06.501+0300: 1265.134: Total time for which application threads were stopped: 0.0001694 seconds, Stopping threads took: 0.0001048 seconds
2024-10-05T06:30:06.924+0300: 1265.564: Application time: 0.4298797 seconds
2024-10-05T06:30:06.924+0300: 1265.564: Total time for which application threads were stopped: 0.0001758 seconds, Stopping threads took: 0.0000319 seconds
2024-10-05T06:30:06.987+0300: 1265.624: Application time: 0.0598393 seconds
2024-10-05T06:30:06.987+0300: 1265.624: [GC (Allocation Failure) [PSYoungGen: 271648K->1916K(231936K)] 732451K->462727K(846336K), 0.0017564 secs] [Times: user=0.00 sys=0.00, real=0.00 secs] 
2024-10-05T06:30:06.987+0300: 1265.626: Total time for which application threads were stopped: 0.0020338 seconds, Stopping threads took: 0.0000971 seconds
2024-10-05T06:30:06.987+0300: 1265.626: Application time: 0.0002423 seconds
2024-10-05T06:30:06.987+0300: 1265.626: Total time for which application threads were stopped: 0.0001071 seconds, Stopping threads took: 0.0000639 seconds
2024-10-05T06:30:06.987+0300: 1265.626: Application time: 0.0000701 seconds
2024-10-05T06:30:06.987+0300: 1265.626: Total time for which application threads were stopped: 0.0000648 seconds, Stopping threads took: 0.0000372 seconds
2024-10-05T06:30:07.034+0300: 1265.670: Application time: 0.0437207 seconds
2024-10-05T06:30:07.034+0300: 1265.670: Total time for which application threads were stopped: 0.0002502 seconds, Stopping threads took: 0.0000317 seconds
2024-10-05T06:30:07.082+0300: 1265.717: Application time: 0.0471881 seconds
2024-10-05T06:30:07.082+0300: 1265.717: Total time for which application threads were stopped: 0.0000965 seconds, Stopping threads took: 0.0000516 seconds
2024-10-05T06:30:07.192+0300: 1265.824: Application time: 0.1063937 seconds
2024-10-05T06:30:07.192+0300: 1265.824: Total time for which application threads were stopped: 0.0002090 seconds, Stopping threads took: 0.0000195 seconds
2024-10-05T06:30:07.192+0300: 1265.830: Application time: 0.0060043 seconds
2024-10-05T06:30:07.192+0300: 1265.830: Total time for which application threads were stopped: 0.0001706 seconds, Stopping threads took: 0.0000207 seconds
2024-10-05T06:30:07.192+0300: 1265.832: Application time: 0.0016297 seconds
2024-10-05T06:30:07.192+0300: 1265.832: Total time for which application threads were stopped: 0.0001501 seconds, Stopping threads took: 0.0000215 seconds
2024-10-05T06:30:07.491+0300: 1266.120: Application time: 0.2876110 seconds
2024-10-05T06:30:07.491+0300: 1266.120: Total time for which application threads were stopped: 0.0000794 seconds, Stopping threads took: 0.0000279 seconds
2024-10-05T06:30:07.711+0300: 1266.343: Application time: 0.2236950 seconds
2024-10-05T06:30:07.711+0300: 1266.344: Total time for which application threads were stopped: 0.0001786 seconds, Stopping threads took: 0.0000430 seconds
2024-10-05T06:30:07.764+0300: 1266.395: Application time: 0.0511081 seconds
2024-10-05T06:30:07.764+0300: 1266.395: Total time for which application threads were stopped: 0.0000988 seconds, Stopping threads took: 0.0000371 seconds
2024-10-05T06:30:08.198+0300: 1266.826: Application time: 0.4313574 seconds
2024-10-05T06:30:08.198+0300: 1266.826: Total time for which application threads were stopped: 0.0001444 seconds, Stopping threads took: 0.0000631 seconds
2024-10-05T06:30:08.198+0300: 1266.827: Application time: 0.0007790 seconds
2024-10-05T06:30:08.198+0300: 1266.827: Total time for which application threads were stopped: 0.0000238 seconds, Stopping threads took: 0.0000143 seconds
2024-10-05T06:30:08.198+0300: 1266.827: Application time: 0.0003177 seconds
2024-10-05T06:30:08.198+0300: 1266.827: Total time for which application threads were stopped: 0.0000193 seconds, Stopping threads took: 0.0000095 seconds
2024-10-05T06:30:08.198+0300: 1266.828: Application time: 0.0001480 seconds
2024-10-05T06:30:08.198+0300: 1266.828: Total time for which application threads were stopped: 0.0000290 seconds, Stopping threads took: 0.0000154 seconds
2024-10-05T06:30:08.198+0300: 1266.828: Application time: 0.0005942 seconds
2024-10-05T06:30:08.198+0300: 1266.828: Total time for which application threads were stopped: 0.0001382 seconds, Stopping threads took: 0.0001210 seconds
2024-10-05T06:30:08.198+0300: 1266.839: Application time: 0.0110889 seconds
2024-10-05T06:30:08.198+0300: 1266.839: Total time for which application threads were stopped: 0.0000596 seconds, Stopping threads took: 0.0000237 seconds
Heap
 PSYoungGen      total 231936K, used 132739K [0x00000000ed400000, 0x0000000100000000, 0x0000000100000000)
  eden space 229888K, 56% used [0x00000000ed400000,0x00000000f53c1ad8,0x00000000fb480000)
  from space 2048K, 93% used [0x00000000fbd00000,0x00000000fbedf280,0x00000000fbf00000)
  to   space 39424K, 0% used [0x00000000fd980000,0x00000000fd980000,0x0000000100000000)
 ParOldGen       total 614400K, used 460811K [0x00000000c7c00000, 0x00000000ed400000, 0x00000000ed400000)
  object space 614400K, 75% used [0x00000000c7c00000,0x00000000e3e02c58,0x00000000ed400000)
 Metaspace       used 15869K, capacity 16050K, committed 16384K, reserved 1064960K
  class space    used 1643K, capacity 1711K, committed 1792K, reserved 1048576K
2024-10-05T06:30:08.309+0300: 1266.937: Application time: 0.0974349 seconds
