[0.007s][info][gc,init] CardTable entry size: 512
[0.007s][info][gc     ] Using Parallel
[0.010s][info][gc,init] Version: 21.0.4+7-adhoc.Administrator.jdk21u (release)
[0.010s][info][gc,init] CPUs: 6 total, 6 available
[0.010s][info][gc,init] Memory: 15591M
[0.010s][info][gc,init] Large Page Support: Disabled
[0.010s][info][gc,init] NUMA Support: Disabled
[0.010s][info][gc,init] Compressed Oops: Enabled (32-bit)
[0.010s][info][gc,init] Alignments: Space 512K, Generation 512K, Heap 2M
[0.010s][info][gc,init] Heap Min Capacity: 1G
[0.010s][info][gc,init] Heap Initial Capacity: 1G
[0.010s][info][gc,init] Heap Max Capacity: 1G
[0.014s][info][gc,init] Pre-touch: Disabled
[0.014s][info][gc,init] Parallel Workers: 6
[0.024s][info][gc,metaspace] CDS archive(s) mapped at: [0x000001a419000000-0x000001a419c90000-0x000001a419c90000), size 13172736, SharedBaseAddress: 0x000001a419000000, ArchiveRelocationMode: 1.
[0.024s][info][gc,metaspace] Compressed class space mapped at: 0x000001a41a000000-0x000001a45a000000, reserved size: 1073741824
[0.024s][info][gc,metaspace] Narrow klass base: 0x000001a419000000, Narrow klass shift: 0, Narrow klass range: 0x100000000
[3.880s][info][gc,start    ] GC(0) Pause Young (Metadata GC Threshold)
[3.885s][info][gc,heap     ] GC(0) PSYoungGen: 105146K(305664K)->7858K(305664K) Eden: 105146K(262144K)->0K(262144K) From: 0K(43520K)->7858K(43520K)
[3.885s][info][gc,heap     ] GC(0) ParOldGen: 0K(699392K)->24K(699392K)
[3.885s][info][gc,metaspace] GC(0) Metaspace: 21283K(21504K)->21283K(21504K) NonClass: 18602K(18688K)->18602K(18688K) Class: 2681K(2816K)->2681K(2816K)
[3.885s][info][gc          ] GC(0) Pause Young (Metadata GC Threshold) 102M->7M(981M) 5.189ms
[3.885s][info][gc,cpu      ] GC(0) User=0.00s Sys=0.00s Real=0.00s
[3.885s][info][gc,start    ] GC(1) Pause Full (Metadata GC Threshold)
[3.885s][info][gc,phases,start] GC(1) Marking Phase
[3.889s][info][gc,phases      ] GC(1) Marking Phase 4.257ms
[3.889s][info][gc,phases,start] GC(1) Summary Phase
[3.889s][info][gc,phases      ] GC(1) Summary Phase 0.012ms
[3.889s][info][gc,phases,start] GC(1) Adjust Roots
[3.891s][info][gc,phases      ] GC(1) Adjust Roots 2.026ms
[3.891s][info][gc,phases,start] GC(1) Compaction Phase
[3.896s][info][gc,phases      ] GC(1) Compaction Phase 4.176ms
[3.896s][info][gc,phases,start] GC(1) Post Compact
[3.897s][info][gc,phases      ] GC(1) Post Compact 0.881ms
[3.897s][info][gc,heap        ] GC(1) PSYoungGen: 7858K(305664K)->0K(305664K) Eden: 0K(262144K)->0K(262144K) From: 7858K(43520K)->0K(43520K)
[3.897s][info][gc,heap        ] GC(1) ParOldGen: 24K(699392K)->7720K(699392K)
[3.897s][info][gc,metaspace   ] GC(1) Metaspace: 21283K(21504K)->21283K(21504K) NonClass: 18602K(18688K)->18602K(18688K) Class: 2681K(2816K)->2681K(2816K)
[3.897s][info][gc             ] GC(1) Pause Full (Metadata GC Threshold) 7M->7M(981M) 11.575ms
[3.897s][info][gc,cpu         ] GC(1) User=0.02s Sys=0.00s Real=0.02s
[4.704s][info][gc,start       ] GC(2) Pause Young (System.gc())
[4.707s][info][gc,heap        ] GC(2) PSYoungGen: 69552K(305664K)->3664K(305664K) Eden: 69552K(262144K)->0K(262144K) From: 0K(43520K)->3664K(43520K)
[4.707s][info][gc,heap        ] GC(2) ParOldGen: 7720K(699392K)->7728K(699392K)
[4.707s][info][gc,metaspace   ] GC(2) Metaspace: 34375K(34752K)->34375K(34752K) NonClass: 29765K(29952K)->29765K(29952K) Class: 4609K(4800K)->4609K(4800K)
[4.707s][info][gc             ] GC(2) Pause Young (System.gc()) 75M->11M(981M) 3.374ms
[4.707s][info][gc,cpu         ] GC(2) User=0.00s Sys=0.02s Real=0.00s
[4.707s][info][gc,start       ] GC(3) Pause Full (System.gc())
[4.707s][info][gc,phases,start] GC(3) Marking Phase
[4.714s][info][gc,phases      ] GC(3) Marking Phase 6.626ms
[4.714s][info][gc,phases,start] GC(3) Summary Phase
[4.714s][info][gc,phases      ] GC(3) Summary Phase 0.010ms
[4.714s][info][gc,phases,start] GC(3) Adjust Roots
[4.717s][info][gc,phases      ] GC(3) Adjust Roots 3.302ms
[4.717s][info][gc,phases,start] GC(3) Compaction Phase
[4.724s][info][gc,phases      ] GC(3) Compaction Phase 7.084ms
[4.724s][info][gc,phases,start] GC(3) Post Compact
[4.725s][info][gc,phases      ] GC(3) Post Compact 0.554ms
[4.725s][info][gc,heap        ] GC(3) PSYoungGen: 3664K(305664K)->0K(305664K) Eden: 0K(262144K)->0K(262144K) From: 3664K(43520K)->0K(43520K)
[4.725s][info][gc,heap        ] GC(3) ParOldGen: 7728K(699392K)->11090K(699392K)
[4.725s][info][gc,metaspace   ] GC(3) Metaspace: 34375K(34752K)->34375K(34752K) NonClass: 29765K(29952K)->29765K(29952K) Class: 4609K(4800K)->4609K(4800K)
[4.725s][info][gc             ] GC(3) Pause Full (System.gc()) 11M->10M(981M) 17.853ms
[4.725s][info][gc,cpu         ] GC(3) User=0.02s Sys=0.00s Real=0.02s
[7.549s][info][gc,start       ] GC(4) Pause Young (Allocation Failure)
[7.555s][info][gc,heap        ] GC(4) PSYoungGen: 262144K(305664K)->5616K(305664K) Eden: 262144K(262144K)->0K(262144K) From: 0K(43520K)->5616K(43520K)
[7.555s][info][gc,heap        ] GC(4) ParOldGen: 11090K(699392K)->11098K(699392K)
[7.555s][info][gc,metaspace   ] GC(4) Metaspace: 51316K(51904K)->51316K(51904K) NonClass: 43858K(44160K)->43858K(44160K) Class: 7457K(7744K)->7457K(7744K)
[7.555s][info][gc             ] GC(4) Pause Young (Allocation Failure) 266M->16M(981M) 6.205ms
[7.555s][info][gc,cpu         ] GC(4) User=0.05s Sys=0.00s Real=0.00s
[9.138s][info][gc,start       ] GC(5) Pause Young (Allocation Failure)
[9.142s][info][gc,heap        ] GC(5) PSYoungGen: 267760K(305664K)->5528K(305664K) Eden: 262144K(262144K)->0K(262144K) From: 5616K(43520K)->5528K(43520K)
[9.142s][info][gc,heap        ] GC(5) ParOldGen: 11098K(699392K)->11114K(699392K)
[9.142s][info][gc,metaspace   ] GC(5) Metaspace: 51376K(52032K)->51376K(52032K) NonClass: 43915K(44288K)->43915K(44288K) Class: 7461K(7744K)->7461K(7744K)
[9.142s][info][gc             ] GC(5) Pause Young (Allocation Failure) 272M->16M(981M) 4.505ms
[9.142s][info][gc,cpu         ] GC(5) User=0.00s Sys=0.00s Real=0.00s
[10.081s][info][gc,start       ] GC(6) Pause Young (Allocation Failure)
[10.085s][info][gc,heap        ] GC(6) PSYoungGen: 267672K(305664K)->5408K(305664K) Eden: 262144K(262144K)->0K(262144K) From: 5528K(43520K)->5408K(43520K)
[10.085s][info][gc,heap        ] GC(6) ParOldGen: 11114K(699392K)->11122K(699392K)
[10.085s][info][gc,metaspace   ] GC(6) Metaspace: 51399K(52032K)->51399K(52032K) NonClass: 43937K(44288K)->43937K(44288K) Class: 7461K(7744K)->7461K(7744K)
[10.085s][info][gc             ] GC(6) Pause Young (Allocation Failure) 272M->16M(981M) 4.042ms
[10.085s][info][gc,cpu         ] GC(6) User=0.03s Sys=0.00s Real=0.00s
[10.767s][info][gc,start       ] GC(7) Pause Young (Allocation Failure)
[10.771s][info][gc,heap        ] GC(7) PSYoungGen: 267552K(305664K)->5432K(342016K) Eden: 262144K(262144K)->0K(298496K) From: 5408K(43520K)->5432K(43520K)
[10.771s][info][gc,heap        ] GC(7) ParOldGen: 11122K(699392K)->11130K(699392K)
[10.771s][info][gc,metaspace   ] GC(7) Metaspace: 51419K(52096K)->51419K(52096K) NonClass: 43956K(44352K)->43956K(44352K) Class: 7463K(7744K)->7463K(7744K)
[10.771s][info][gc             ] GC(7) Pause Young (Allocation Failure) 272M->16M(1017M) 3.954ms
[10.771s][info][gc,cpu         ] GC(7) User=0.00s Sys=0.00s Real=0.00s
[11.183s][info][gc,start       ] GC(8) Pause Young (Allocation Failure)
[11.187s][info][gc,heap        ] GC(8) PSYoungGen: 303928K(342016K)->5440K(305664K) Eden: 298496K(298496K)->0K(298496K) From: 5432K(43520K)->5440K(7168K)
[11.187s][info][gc,heap        ] GC(8) ParOldGen: 11130K(699392K)->11138K(699392K)
[11.187s][info][gc,metaspace   ] GC(8) Metaspace: 51421K(52096K)->51421K(52096K) NonClass: 43957K(44352K)->43957K(44352K) Class: 7463K(7744K)->7463K(7744K)
[11.187s][info][gc             ] GC(8) Pause Young (Allocation Failure) 307M->16M(981M) 4.157ms
[11.187s][info][gc,cpu         ] GC(8) User=0.00s Sys=0.00s Real=0.00s
[11.546s][info][gc,start       ] GC(9) Pause Young (Allocation Failure)
[11.550s][info][gc,heap        ] GC(9) PSYoungGen: 303936K(305664K)->288K(340992K) Eden: 298496K(298496K)->0K(333824K) From: 5440K(7168K)->288K(7168K)
[11.550s][info][gc,heap        ] GC(9) ParOldGen: 11138K(699392K)->16357K(699392K)
[11.550s][info][gc,metaspace   ] GC(9) Metaspace: 51425K(52096K)->51425K(52096K) NonClass: 43961K(44352K)->43961K(44352K) Class: 7463K(7744K)->7463K(7744K)
[11.550s][info][gc             ] GC(9) Pause Young (Allocation Failure) 307M->16M(1016M) 4.548ms
[11.550s][info][gc,cpu         ] GC(9) User=0.00s Sys=0.00s Real=0.00s
[11.964s][info][gc,start       ] GC(10) Pause Young (Allocation Failure)
[11.965s][info][gc,heap        ] GC(10) PSYoungGen: 334112K(340992K)->256K(334336K) Eden: 333824K(333824K)->0K(333824K) From: 288K(7168K)->256K(512K)
[11.965s][info][gc,heap        ] GC(10) ParOldGen: 16357K(699392K)->16421K(699392K)
[11.965s][info][gc,metaspace   ] GC(10) Metaspace: 51435K(52096K)->51435K(52096K) NonClass: 43972K(44352K)->43972K(44352K) Class: 7463K(7744K)->7463K(7744K)
[11.965s][info][gc             ] GC(10) Pause Young (Allocation Failure) 342M->16M(1009M) 0.530ms
[11.965s][info][gc,cpu         ] GC(10) User=0.00s Sys=0.00s Real=0.00s
[12.419s][info][gc,start       ] GC(11) Pause Young (Allocation Failure)
[12.419s][info][gc,heap        ] GC(11) PSYoungGen: 334080K(334336K)->288K(340480K) Eden: 333824K(333824K)->0K(331776K) From: 256K(512K)->288K(8704K)
[12.419s][info][gc,heap        ] GC(11) ParOldGen: 16421K(699392K)->16469K(699392K)
[12.419s][info][gc,metaspace   ] GC(11) Metaspace: 51437K(52096K)->51437K(52096K) NonClass: 43973K(44352K)->43973K(44352K) Class: 7463K(7744K)->7463K(7744K)
[12.419s][info][gc             ] GC(11) Pause Young (Allocation Failure) 342M->16M(1015M) 0.520ms
[12.420s][info][gc,cpu         ] GC(11) User=0.00s Sys=0.00s Real=0.00s
[12.964s][info][gc,start       ] GC(12) Pause Young (Allocation Failure)
[12.965s][info][gc,heap        ] GC(12) PSYoungGen: 332064K(340480K)->320K(332288K) Eden: 331776K(331776K)->0K(331776K) From: 288K(8704K)->320K(512K)
[12.965s][info][gc,heap        ] GC(12) ParOldGen: 16469K(699392K)->16509K(699392K)
[12.965s][info][gc,metaspace   ] GC(12) Metaspace: 51673K(52288K)->51673K(52288K) NonClass: 44162K(44480K)->44162K(44480K) Class: 7511K(7808K)->7511K(7808K)
[12.965s][info][gc             ] GC(12) Pause Young (Allocation Failure) 340M->16M(1007M) 0.775ms
[12.965s][info][gc,cpu         ] GC(12) User=0.00s Sys=0.00s Real=0.00s
[13.449s][info][gc,start       ] GC(13) Pause Young (System.gc())
[13.450s][info][gc,heap        ] GC(13) PSYoungGen: 294985K(332288K)->288K(339968K) Eden: 294665K(331776K)->0K(330752K) From: 320K(512K)->288K(9216K)
[13.450s][info][gc,heap        ] GC(13) ParOldGen: 16509K(699392K)->16645K(699392K)
[13.450s][info][gc,metaspace   ] GC(13) Metaspace: 51742K(52416K)->51742K(52416K) NonClass: 44225K(44608K)->44225K(44608K) Class: 7516K(7808K)->7516K(7808K)
[13.450s][info][gc             ] GC(13) Pause Young (System.gc()) 304M->16M(1015M) 1.220ms
[13.450s][info][gc,cpu         ] GC(13) User=0.00s Sys=0.00s Real=0.00s
[13.450s][info][gc,start       ] GC(14) Pause Full (System.gc())
[13.450s][info][gc,phases,start] GC(14) Marking Phase
[13.472s][info][gc,phases      ] GC(14) Marking Phase 22.040ms
[13.472s][info][gc,phases,start] GC(14) Summary Phase
[13.472s][info][gc,phases      ] GC(14) Summary Phase 0.010ms
[13.472s][info][gc,phases,start] GC(14) Adjust Roots
[13.481s][info][gc,phases      ] GC(14) Adjust Roots 9.184ms
[13.481s][info][gc,phases,start] GC(14) Compaction Phase
[13.489s][info][gc,phases      ] GC(14) Compaction Phase 7.272ms
[13.489s][info][gc,phases,start] GC(14) Post Compact
[13.489s][info][gc,phases      ] GC(14) Post Compact 0.698ms
[13.489s][info][gc,heap        ] GC(14) PSYoungGen: 288K(339968K)->0K(339968K) Eden: 0K(330752K)->0K(330752K) From: 288K(9216K)->0K(9216K)
[13.489s][info][gc,heap        ] GC(14) ParOldGen: 16645K(699392K)->15939K(699392K)
[13.489s][info][gc,metaspace   ] GC(14) Metaspace: 51742K(52416K)->51503K(52416K) NonClass: 44225K(44608K)->44058K(44608K) Class: 7516K(7808K)->7445K(7808K)
[13.490s][info][gc             ] GC(14) Pause Full (System.gc()) 16M->15M(1015M) 39.456ms
[13.490s][info][gc,cpu         ] GC(14) User=0.00s Sys=0.00s Real=0.03s
[14.769s][info][gc,start       ] GC(15) Pause Young (Allocation Failure)
[14.769s][info][gc,heap        ] GC(15) PSYoungGen: 330752K(339968K)->512K(339968K) Eden: 330752K(330752K)->0K(330752K) From: 0K(9216K)->512K(9216K)
[14.770s][info][gc,heap        ] GC(15) ParOldGen: 15939K(699392K)->15947K(699392K)
[14.770s][info][gc,metaspace   ] GC(15) Metaspace: 51531K(52416K)->51531K(52416K) NonClass: 44077K(44608K)->44077K(44608K) Class: 7454K(7808K)->7454K(7808K)
[14.770s][info][gc             ] GC(15) Pause Young (Allocation Failure) 338M->16M(1015M) 0.896ms
[14.770s][info][gc,cpu         ] GC(15) User=0.00s Sys=0.00s Real=0.00s
[15.549s][info][gc,start       ] GC(16) Pause Young (Allocation Failure)
[15.549s][info][gc,heap        ] GC(16) PSYoungGen: 331264K(339968K)->256K(340480K) Eden: 330752K(330752K)->0K(331264K) From: 512K(9216K)->256K(9216K)
[15.550s][info][gc,heap        ] GC(16) ParOldGen: 15947K(699392K)->16251K(699392K)
[15.550s][info][gc,metaspace   ] GC(16) Metaspace: 51564K(52416K)->51564K(52416K) NonClass: 44098K(44608K)->44098K(44608K) Class: 7466K(7808K)->7466K(7808K)
[15.550s][info][gc             ] GC(16) Pause Young (Allocation Failure) 339M->16M(1015M) 0.859ms
[15.550s][info][gc,cpu         ] GC(16) User=0.00s Sys=0.00s Real=0.00s
[16.006s][info][gc,start       ] GC(17) Pause Young (Allocation Failure)
[16.006s][info][gc,heap        ] GC(17) PSYoungGen: 331520K(340480K)->256K(339968K) Eden: 331264K(331264K)->0K(331264K) From: 256K(9216K)->256K(8704K)
[16.006s][info][gc,heap        ] GC(17) ParOldGen: 16251K(699392K)->16299K(699392K)
[16.006s][info][gc,metaspace   ] GC(17) Metaspace: 51564K(52416K)->51564K(52416K) NonClass: 44098K(44608K)->44098K(44608K) Class: 7466K(7808K)->7466K(7808K)
[16.006s][info][gc             ] GC(17) Pause Young (Allocation Failure) 339M->16M(1015M) 0.517ms
[16.006s][info][gc,cpu         ] GC(17) User=0.00s Sys=0.00s Real=0.00s
[16.470s][info][gc,start       ] GC(18) Pause Young (Allocation Failure)
[16.471s][info][gc,heap        ] GC(18) PSYoungGen: 331520K(339968K)->256K(340480K) Eden: 331264K(331264K)->0K(331776K) From: 256K(8704K)->256K(8704K)
[16.471s][info][gc,heap        ] GC(18) ParOldGen: 16299K(699392K)->16307K(699392K)
[16.471s][info][gc,metaspace   ] GC(18) Metaspace: 51568K(52416K)->51568K(52416K) NonClass: 44102K(44608K)->44102K(44608K) Class: 7466K(7808K)->7466K(7808K)
[16.471s][info][gc             ] GC(18) Pause Young (Allocation Failure) 339M->16M(1015M) 0.487ms
[16.471s][info][gc,cpu         ] GC(18) User=0.00s Sys=0.00s Real=0.00s
[16.956s][info][gc,start       ] GC(19) Pause Young (Allocation Failure)
[16.956s][info][gc,heap        ] GC(19) PSYoungGen: 332032K(340480K)->256K(340480K) Eden: 331776K(331776K)->0K(331776K) From: 256K(8704K)->256K(8704K)
[16.956s][info][gc,heap        ] GC(19) ParOldGen: 16307K(699392K)->16347K(699392K)
[16.956s][info][gc,metaspace   ] GC(19) Metaspace: 51568K(52416K)->51568K(52416K) NonClass: 44102K(44608K)->44102K(44608K) Class: 7466K(7808K)->7466K(7808K)
[16.957s][info][gc             ] GC(19) Pause Young (Allocation Failure) 340M->16M(1015M) 0.576ms
[16.957s][info][gc,cpu         ] GC(19) User=0.00s Sys=0.00s Real=0.00s
[17.461s][info][gc,start       ] GC(20) Pause Young (Allocation Failure)
[17.461s][info][gc,heap        ] GC(20) PSYoungGen: 332032K(340480K)->224K(340992K) Eden: 331776K(331776K)->0K(332800K) From: 256K(8704K)->224K(8192K)
[17.461s][info][gc,heap        ] GC(20) ParOldGen: 16347K(699392K)->16363K(699392K)
[17.461s][info][gc,metaspace   ] GC(20) Metaspace: 51568K(52416K)->51568K(52416K) NonClass: 44102K(44608K)->44102K(44608K) Class: 7466K(7808K)->7466K(7808K)
[17.461s][info][gc             ] GC(20) Pause Young (Allocation Failure) 340M->16M(1016M) 0.487ms
[17.461s][info][gc,cpu         ] GC(20) User=0.00s Sys=0.00s Real=0.00s
[17.900s][info][gc,start       ] GC(21) Pause Young (Allocation Failure)
[17.900s][info][gc,heap        ] GC(21) PSYoungGen: 333024K(340992K)->256K(340992K) Eden: 332800K(332800K)->0K(332800K) From: 224K(8192K)->256K(8192K)
[17.900s][info][gc,heap        ] GC(21) ParOldGen: 16363K(699392K)->16403K(699392K)
[17.900s][info][gc,metaspace   ] GC(21) Metaspace: 51568K(52416K)->51568K(52416K) NonClass: 44102K(44608K)->44102K(44608K) Class: 7466K(7808K)->7466K(7808K)
[17.900s][info][gc             ] GC(21) Pause Young (Allocation Failure) 341M->16M(1016M) 0.576ms
[17.900s][info][gc,cpu         ] GC(21) User=0.00s Sys=0.00s Real=0.00s
[18.335s][info][gc,start       ] GC(22) Pause Young (Allocation Failure)
[18.335s][info][gc,heap        ] GC(22) PSYoungGen: 333056K(340992K)->256K(342016K) Eden: 332800K(332800K)->0K(334336K) From: 256K(8192K)->256K(7680K)
[18.335s][info][gc,heap        ] GC(22) ParOldGen: 16403K(699392K)->16419K(699392K)
[18.335s][info][gc,metaspace   ] GC(22) Metaspace: 51568K(52416K)->51568K(52416K) NonClass: 44102K(44608K)->44102K(44608K) Class: 7466K(7808K)->7466K(7808K)
[18.335s][info][gc             ] GC(22) Pause Young (Allocation Failure) 341M->16M(1017M) 0.523ms
[18.335s][info][gc,cpu         ] GC(22) User=0.00s Sys=0.00s Real=0.00s
[18.533s][info][gc,start       ] GC(23) Pause Young (System.gc())
[18.534s][info][gc,heap        ] GC(23) PSYoungGen: 129102K(342016K)->384K(341504K) Eden: 128846K(334336K)->0K(334336K) From: 256K(7680K)->384K(7168K)
[18.534s][info][gc,heap        ] GC(23) ParOldGen: 16419K(699392K)->16459K(699392K)
[18.534s][info][gc,metaspace   ] GC(23) Metaspace: 51609K(52416K)->51609K(52416K) NonClass: 44141K(44608K)->44141K(44608K) Class: 7467K(7808K)->7467K(7808K)
[18.534s][info][gc             ] GC(23) Pause Young (System.gc()) 142M->16M(1016M) 0.855ms
[18.534s][info][gc,cpu         ] GC(23) User=0.00s Sys=0.00s Real=0.00s
[18.534s][info][gc,start       ] GC(24) Pause Full (System.gc())
[18.534s][info][gc,phases,start] GC(24) Marking Phase
[18.559s][info][gc,phases      ] GC(24) Marking Phase 24.822ms
[18.559s][info][gc,phases,start] GC(24) Summary Phase
[18.559s][info][gc,phases      ] GC(24) Summary Phase 0.009ms
[18.559s][info][gc,phases,start] GC(24) Adjust Roots
[18.566s][info][gc,phases      ] GC(24) Adjust Roots 6.987ms
[18.566s][info][gc,phases,start] GC(24) Compaction Phase
[18.572s][info][gc,phases      ] GC(24) Compaction Phase 5.757ms
[18.572s][info][gc,phases,start] GC(24) Post Compact
[18.573s][info][gc,phases      ] GC(24) Post Compact 0.507ms
[18.573s][info][gc,heap        ] GC(24) PSYoungGen: 384K(341504K)->0K(341504K) Eden: 0K(334336K)->0K(334336K) From: 384K(7168K)->0K(7168K)
[18.573s][info][gc,heap        ] GC(24) ParOldGen: 16459K(699392K)->15831K(699392K)
[18.573s][info][gc,metaspace   ] GC(24) Metaspace: 51609K(52416K)->51597K(52416K) NonClass: 44141K(44608K)->44133K(44608K) Class: 7467K(7808K)->7463K(7808K)
[18.573s][info][gc             ] GC(24) Pause Full (System.gc()) 16M->15M(1016M) 38.392ms
[18.573s][info][gc,cpu         ] GC(24) User=0.02s Sys=0.00s Real=0.03s
[19.260s][info][gc,start       ] GC(25) Pause Young (Allocation Failure)
[19.260s][info][gc,heap        ] GC(25) PSYoungGen: 334336K(341504K)->544K(342528K) Eden: 334336K(334336K)->0K(335360K) From: 0K(7168K)->544K(7168K)
[19.260s][info][gc,heap        ] GC(25) ParOldGen: 15831K(699392K)->15839K(699392K)
[19.260s][info][gc,metaspace   ] GC(25) Metaspace: 51638K(52416K)->51638K(52416K) NonClass: 44174K(44608K)->44174K(44608K) Class: 7463K(7808K)->7463K(7808K)
[19.260s][info][gc             ] GC(25) Pause Young (Allocation Failure) 341M->15M(1017M) 0.709ms
[19.260s][info][gc,cpu         ] GC(25) User=0.00s Sys=0.00s Real=0.00s
[19.744s][info][gc,start       ] GC(26) Pause Young (Allocation Failure)
[19.745s][info][gc,heap        ] GC(26) PSYoungGen: 335904K(342528K)->256K(342016K) Eden: 335360K(335360K)->0K(335360K) From: 544K(7168K)->256K(6656K)
[19.745s][info][gc,heap        ] GC(26) ParOldGen: 15839K(699392K)->16135K(699392K)
[19.745s][info][gc,metaspace   ] GC(26) Metaspace: 51647K(52416K)->51647K(52416K) NonClass: 44183K(44608K)->44183K(44608K) Class: 7463K(7808K)->7463K(7808K)
[19.745s][info][gc             ] GC(26) Pause Young (Allocation Failure) 343M->16M(1017M) 0.626ms
[19.745s][info][gc,cpu         ] GC(26) User=0.00s Sys=0.00s Real=0.00s
[20.147s][info][gc,start       ] GC(27) Pause Young (Allocation Failure)
[20.147s][info][gc,heap        ] GC(27) PSYoungGen: 335616K(342016K)->288K(343040K) Eden: 335360K(335360K)->0K(336896K) From: 256K(6656K)->288K(6144K)
[20.147s][info][gc,heap        ] GC(27) ParOldGen: 16135K(699392K)->16143K(699392K)
[20.147s][info][gc,metaspace   ] GC(27) Metaspace: 51647K(52416K)->51647K(52416K) NonClass: 44183K(44608K)->44183K(44608K) Class: 7463K(7808K)->7463K(7808K)
[20.147s][info][gc             ] GC(27) Pause Young (Allocation Failure) 343M->16M(1018M) 0.488ms
[20.147s][info][gc,cpu         ] GC(27) User=0.00s Sys=0.00s Real=0.00s
[20.563s][info][gc,start       ] GC(28) Pause Young (Allocation Failure)
[20.563s][info][gc,heap        ] GC(28) PSYoungGen: 337184K(343040K)->256K(343040K) Eden: 336896K(336896K)->0K(336896K) From: 288K(6144K)->256K(6144K)
[20.563s][info][gc,heap        ] GC(28) ParOldGen: 16143K(699392K)->16159K(699392K)
[20.563s][info][gc,metaspace   ] GC(28) Metaspace: 51647K(52416K)->51647K(52416K) NonClass: 44184K(44608K)->44184K(44608K) Class: 7463K(7808K)->7463K(7808K)
[20.563s][info][gc             ] GC(28) Pause Young (Allocation Failure) 345M->16M(1018M) 0.480ms
[20.563s][info][gc,cpu         ] GC(28) User=0.00s Sys=0.00s Real=0.00s
[20.979s][info][gc,start       ] GC(29) Pause Young (Allocation Failure)
[20.979s][info][gc,heap        ] GC(29) PSYoungGen: 337152K(343040K)->256K(343552K) Eden: 336896K(336896K)->0K(337920K) From: 256K(6144K)->256K(5632K)
[20.980s][info][gc,heap        ] GC(29) ParOldGen: 16159K(699392K)->16199K(699392K)
[20.980s][info][gc,metaspace   ] GC(29) Metaspace: 51647K(52416K)->51647K(52416K) NonClass: 44184K(44608K)->44184K(44608K) Class: 7463K(7808K)->7463K(7808K)
[20.980s][info][gc             ] GC(29) Pause Young (Allocation Failure) 345M->16M(1018M) 0.580ms
[20.980s][info][gc,cpu         ] GC(29) User=0.00s Sys=0.00s Real=0.00s
[21.442s][info][gc,start       ] GC(30) Pause Young (Allocation Failure)
[21.443s][info][gc,heap        ] GC(30) PSYoungGen: 338176K(343552K)->288K(343552K) Eden: 337920K(337920K)->0K(337920K) From: 256K(5632K)->288K(5632K)
[21.443s][info][gc,heap        ] GC(30) ParOldGen: 16199K(699392K)->16199K(699392K)
[21.443s][info][gc,metaspace   ] GC(30) Metaspace: 51647K(52416K)->51647K(52416K) NonClass: 44184K(44608K)->44184K(44608K) Class: 7463K(7808K)->7463K(7808K)
[21.443s][info][gc             ] GC(30) Pause Young (Allocation Failure) 346M->16M(1018M) 0.487ms
[21.443s][info][gc,cpu         ] GC(30) User=0.00s Sys=0.00s Real=0.00s
[21.860s][info][gc,start       ] GC(31) Pause Young (Allocation Failure)
[21.861s][info][gc,heap        ] GC(31) PSYoungGen: 338208K(343552K)->224K(344576K) Eden: 337920K(337920K)->0K(339456K) From: 288K(5632K)->224K(5120K)
[21.861s][info][gc,heap        ] GC(31) ParOldGen: 16199K(699392K)->16247K(699392K)
[21.861s][info][gc,metaspace   ] GC(31) Metaspace: 51648K(52416K)->51648K(52416K) NonClass: 44184K(44608K)->44184K(44608K) Class: 7464K(7808K)->7464K(7808K)
[21.861s][info][gc             ] GC(31) Pause Young (Allocation Failure) 346M->16M(1019M) 0.563ms
[21.861s][info][gc,cpu         ] GC(31) User=0.00s Sys=0.00s Real=0.00s
[22.273s][info][gc,start       ] GC(32) Pause Young (Allocation Failure)
[22.274s][info][gc,heap        ] GC(32) PSYoungGen: 339680K(344576K)->224K(344064K) Eden: 339456K(339456K)->0K(339456K) From: 224K(5120K)->224K(4608K)
[22.274s][info][gc,heap        ] GC(32) ParOldGen: 16247K(699392K)->16263K(699392K)
[22.274s][info][gc,metaspace   ] GC(32) Metaspace: 51652K(52416K)->51652K(52416K) NonClass: 44187K(44608K)->44187K(44608K) Class: 7464K(7808K)->7464K(7808K)
[22.274s][info][gc             ] GC(32) Pause Young (Allocation Failure) 347M->16M(1019M) 0.627ms
[22.274s][info][gc,cpu         ] GC(32) User=0.00s Sys=0.00s Real=0.00s
[22.394s][info][gc,start       ] GC(33) Pause Young (System.gc())
[22.394s][info][gc,heap        ] GC(33) PSYoungGen: 76087K(344064K)->224K(345088K) Eden: 75863K(339456K)->0K(340480K) From: 224K(4608K)->224K(4608K)
[22.394s][info][gc,heap        ] GC(33) ParOldGen: 16263K(699392K)->16327K(699392K)
[22.394s][info][gc,metaspace   ] GC(33) Metaspace: 51659K(52416K)->51659K(52416K) NonClass: 44194K(44608K)->44194K(44608K) Class: 7464K(7808K)->7464K(7808K)
[22.394s][info][gc             ] GC(33) Pause Young (System.gc()) 90M->16M(1020M) 0.538ms
[22.394s][info][gc,cpu         ] GC(33) User=0.00s Sys=0.00s Real=0.00s
[22.394s][info][gc,start       ] GC(34) Pause Full (System.gc())
[22.394s][info][gc,phases,start] GC(34) Marking Phase
[22.410s][info][gc,phases      ] GC(34) Marking Phase 16.055ms
[22.410s][info][gc,phases,start] GC(34) Summary Phase
[22.410s][info][gc,phases      ] GC(34) Summary Phase 0.009ms
[22.410s][info][gc,phases,start] GC(34) Adjust Roots
[22.417s][info][gc,phases      ] GC(34) Adjust Roots 6.647ms
[22.417s][info][gc,phases,start] GC(34) Compaction Phase
[22.421s][info][gc,phases      ] GC(34) Compaction Phase 3.328ms
[22.421s][info][gc,phases,start] GC(34) Post Compact
[22.421s][info][gc,phases      ] GC(34) Post Compact 0.351ms
[22.421s][info][gc,heap        ] GC(34) PSYoungGen: 224K(345088K)->0K(345088K) Eden: 0K(340480K)->0K(340480K) From: 224K(4608K)->0K(4608K)
[22.421s][info][gc,heap        ] GC(34) ParOldGen: 16327K(699392K)->15897K(699392K)
[22.421s][info][gc,metaspace   ] GC(34) Metaspace: 51659K(52416K)->51659K(52416K) NonClass: 44194K(44608K)->44194K(44608K) Class: 7464K(7808K)->7464K(7808K)
[22.421s][info][gc             ] GC(34) Pause Full (System.gc()) 16M->15M(1020M) 26.622ms
[22.421s][info][gc,cpu         ] GC(34) User=0.00s Sys=0.00s Real=0.02s
[22.889s][info][gc,start       ] GC(35) Pause Young (Allocation Failure)
[22.889s][info][gc,heap        ] GC(35) PSYoungGen: 340480K(345088K)->672K(344576K) Eden: 340480K(340480K)->0K(340480K) From: 0K(4608K)->672K(4096K)
[22.889s][info][gc,heap        ] GC(35) ParOldGen: 15897K(699392K)->15905K(699392K)
[22.889s][info][gc,metaspace   ] GC(35) Metaspace: 51720K(52480K)->51720K(52480K) NonClass: 44256K(44672K)->44256K(44672K) Class: 7464K(7808K)->7464K(7808K)
[22.889s][info][gc             ] GC(35) Pause Young (Allocation Failure) 348M->16M(1019M) 0.749ms
[22.889s][info][gc,cpu         ] GC(35) User=0.00s Sys=0.00s Real=0.00s
[23.300s][info][gc,start       ] GC(36) Pause Young (Allocation Failure)
[23.300s][info][gc,heap        ] GC(36) PSYoungGen: 341152K(344576K)->256K(345600K) Eden: 340480K(340480K)->0K(341504K) From: 672K(4096K)->256K(4096K)
[23.300s][info][gc,heap        ] GC(36) ParOldGen: 15905K(699392K)->16336K(699392K)
[23.300s][info][gc,metaspace   ] GC(36) Metaspace: 51720K(52480K)->51720K(52480K) NonClass: 44256K(44672K)->44256K(44672K) Class: 7464K(7808K)->7464K(7808K)
[23.300s][info][gc             ] GC(36) Pause Young (Allocation Failure) 348M->16M(1020M) 0.748ms
[23.300s][info][gc,cpu         ] GC(36) User=0.00s Sys=0.00s Real=0.00s
[23.773s][info][gc,start       ] GC(37) Pause Young (Allocation Failure)
[23.774s][info][gc,heap        ] GC(37) PSYoungGen: 341760K(345600K)->256K(345088K) Eden: 341504K(341504K)->0K(341504K) From: 256K(4096K)->256K(3584K)
[23.774s][info][gc,heap        ] GC(37) ParOldGen: 16336K(699392K)->16376K(699392K)
[23.774s][info][gc,metaspace   ] GC(37) Metaspace: 51722K(52480K)->51722K(52480K) NonClass: 44258K(44672K)->44258K(44672K) Class: 7464K(7808K)->7464K(7808K)
[23.774s][info][gc             ] GC(37) Pause Young (Allocation Failure) 349M->16M(1020M) 0.513ms
[23.774s][info][gc,cpu         ] GC(37) User=0.00s Sys=0.00s Real=0.00s
[24.185s][info][gc,start       ] GC(38) Pause Young (Allocation Failure)
[24.185s][info][gc,heap        ] GC(38) PSYoungGen: 341760K(345088K)->256K(345600K) Eden: 341504K(341504K)->0K(342016K) From: 256K(3584K)->256K(3584K)
[24.185s][info][gc,heap        ] GC(38) ParOldGen: 16376K(699392K)->16424K(699392K)
[24.185s][info][gc,metaspace   ] GC(38) Metaspace: 51722K(52480K)->51722K(52480K) NonClass: 44258K(44672K)->44258K(44672K) Class: 7464K(7808K)->7464K(7808K)
[24.185s][info][gc             ] GC(38) Pause Young (Allocation Failure) 349M->16M(1020M) 0.490ms
[24.185s][info][gc,cpu         ] GC(38) User=0.00s Sys=0.00s Real=0.00s
[24.616s][info][gc,start       ] GC(39) Pause Young (Allocation Failure)
[24.616s][info][gc,heap        ] GC(39) PSYoungGen: 342272K(345600K)->288K(345600K) Eden: 342016K(342016K)->0K(342016K) From: 256K(3584K)->288K(3584K)
[24.616s][info][gc,heap        ] GC(39) ParOldGen: 16424K(699392K)->16440K(699392K)
[24.616s][info][gc,metaspace   ] GC(39) Metaspace: 51722K(52480K)->51722K(52480K) NonClass: 44258K(44672K)->44258K(44672K) Class: 7464K(7808K)->7464K(7808K)
[24.616s][info][gc             ] GC(39) Pause Young (Allocation Failure) 350M->16M(1020M) 0.488ms
[24.616s][info][gc,cpu         ] GC(39) User=0.00s Sys=0.00s Real=0.00s
[25.040s][info][gc,start       ] GC(40) Pause Young (Allocation Failure)
[25.041s][info][gc,heap        ] GC(40) PSYoungGen: 342304K(345600K)->288K(346112K) Eden: 342016K(342016K)->0K(343040K) From: 288K(3584K)->288K(3072K)
[25.041s][info][gc,heap        ] GC(40) ParOldGen: 16440K(699392K)->16480K(699392K)
[25.041s][info][gc,metaspace   ] GC(40) Metaspace: 51722K(52480K)->51722K(52480K) NonClass: 44258K(44672K)->44258K(44672K) Class: 7464K(7808K)->7464K(7808K)
[25.041s][info][gc             ] GC(40) Pause Young (Allocation Failure) 350M->16M(1021M) 0.547ms
[25.041s][info][gc,cpu         ] GC(40) User=0.00s Sys=0.00s Real=0.00s
[25.516s][info][gc,start       ] GC(41) Pause Young (Allocation Failure)
[25.516s][info][gc,heap        ] GC(41) PSYoungGen: 343328K(346112K)->288K(346112K) Eden: 343040K(343040K)->0K(343040K) From: 288K(3072K)->288K(3072K)
[25.516s][info][gc,heap        ] GC(41) ParOldGen: 16480K(699392K)->16520K(699392K)
[25.516s][info][gc,metaspace   ] GC(41) Metaspace: 51722K(52480K)->51722K(52480K) NonClass: 44258K(44672K)->44258K(44672K) Class: 7464K(7808K)->7464K(7808K)
[25.516s][info][gc             ] GC(41) Pause Young (Allocation Failure) 351M->16M(1021M) 0.523ms
[25.516s][info][gc,cpu         ] GC(41) User=0.00s Sys=0.00s Real=0.00s
[25.946s][info][gc,start       ] GC(42) Pause Young (Allocation Failure)
[25.946s][info][gc,heap        ] GC(42) PSYoungGen: 343328K(346112K)->256K(346624K) Eden: 343040K(343040K)->0K(344064K) From: 288K(3072K)->256K(2560K)
[25.946s][info][gc,heap        ] GC(42) ParOldGen: 16520K(699392K)->16552K(699392K)
[25.946s][info][gc,metaspace   ] GC(42) Metaspace: 51732K(52480K)->51732K(52480K) NonClass: 44268K(44672K)->44268K(44672K) Class: 7464K(7808K)->7464K(7808K)
[25.946s][info][gc             ] GC(42) Pause Young (Allocation Failure) 351M->16M(1021M) 0.499ms
[25.946s][info][gc,cpu         ] GC(42) User=0.00s Sys=0.00s Real=0.00s
[25.999s][info][gc,start       ] GC(43) Pause Young (System.gc())
[25.999s][info][gc,heap        ] GC(43) PSYoungGen: 34316K(346624K)->192K(346624K) Eden: 34060K(344064K)->0K(344064K) From: 256K(2560K)->192K(2560K)
[25.999s][info][gc,heap        ] GC(43) ParOldGen: 16552K(699392K)->16656K(699392K)
[25.999s][info][gc,metaspace   ] GC(43) Metaspace: 51741K(52480K)->51741K(52480K) NonClass: 44276K(44672K)->44276K(44672K) Class: 7464K(7808K)->7464K(7808K)
[25.999s][info][gc             ] GC(43) Pause Young (System.gc()) 49M->16M(1021M) 0.514ms
[25.999s][info][gc,cpu         ] GC(43) User=0.00s Sys=0.00s Real=0.00s
[25.999s][info][gc,start       ] GC(44) Pause Full (System.gc())
[25.999s][info][gc,phases,start] GC(44) Marking Phase
[26.014s][info][gc,phases      ] GC(44) Marking Phase 14.923ms
[26.014s][info][gc,phases,start] GC(44) Summary Phase
[26.014s][info][gc,phases      ] GC(44) Summary Phase 0.008ms
[26.014s][info][gc,phases,start] GC(44) Adjust Roots
[26.020s][info][gc,phases      ] GC(44) Adjust Roots 6.111ms
[26.020s][info][gc,phases,start] GC(44) Compaction Phase
[26.024s][info][gc,phases      ] GC(44) Compaction Phase 3.591ms
[26.024s][info][gc,phases,start] GC(44) Post Compact
[26.024s][info][gc,phases      ] GC(44) Post Compact 0.321ms
[26.024s][info][gc,heap        ] GC(44) PSYoungGen: 192K(346624K)->0K(346624K) Eden: 0K(344064K)->0K(344064K) From: 192K(2560K)->0K(2560K)
[26.024s][info][gc,heap        ] GC(44) ParOldGen: 16656K(699392K)->15948K(699392K)
[26.024s][info][gc,metaspace   ] GC(44) Metaspace: 51741K(52480K)->51741K(52480K) NonClass: 44276K(44672K)->44276K(44672K) Class: 7464K(7808K)->7464K(7808K)
[26.024s][info][gc             ] GC(44) Pause Full (System.gc()) 16M->15M(1021M) 25.282ms
[26.024s][info][gc,cpu         ] GC(44) User=0.00s Sys=0.02s Real=0.02s
[26.529s][info][gc,start       ] GC(45) Pause Young (Allocation Failure)
[26.530s][info][gc,heap        ] GC(45) PSYoungGen: 344064K(346624K)->640K(346624K) Eden: 344064K(344064K)->0K(344064K) From: 0K(2560K)->640K(2560K)
[26.530s][info][gc,heap        ] GC(45) ParOldGen: 15948K(699392K)->15956K(699392K)
[26.530s][info][gc,metaspace   ] GC(45) Metaspace: 51795K(52480K)->51795K(52480K) NonClass: 44331K(44672K)->44331K(44672K) Class: 7464K(7808K)->7464K(7808K)
[26.530s][info][gc             ] GC(45) Pause Young (Allocation Failure) 351M->16M(1021M) 0.737ms
[26.530s][info][gc,cpu         ] GC(45) User=0.00s Sys=0.00s Real=0.00s
[26.954s][info][gc,start       ] GC(46) Pause Young (Allocation Failure)
[26.955s][info][gc,heap        ] GC(46) PSYoungGen: 344704K(346624K)->192K(346624K) Eden: 344064K(344064K)->0K(344064K) From: 640K(2560K)->192K(2560K)
[26.955s][info][gc,heap        ] GC(46) ParOldGen: 15956K(699392K)->16348K(699392K)
[26.955s][info][gc,metaspace   ] GC(46) Metaspace: 51795K(52480K)->51795K(52480K) NonClass: 44331K(44672K)->44331K(44672K) Class: 7464K(7808K)->7464K(7808K)
[26.955s][info][gc             ] GC(46) Pause Young (Allocation Failure) 352M->16M(1021M) 0.690ms
[26.955s][info][gc,cpu         ] GC(46) User=0.00s Sys=0.00s Real=0.00s
[27.417s][info][gc,start       ] GC(47) Pause Young (Allocation Failure)
[27.417s][info][gc,heap        ] GC(47) PSYoungGen: 344256K(346624K)->256K(347136K) Eden: 344064K(344064K)->0K(345088K) From: 192K(2560K)->256K(2048K)
[27.417s][info][gc,heap        ] GC(47) ParOldGen: 16348K(699392K)->16356K(699392K)
[27.417s][info][gc,metaspace   ] GC(47) Metaspace: 51796K(52480K)->51796K(52480K) NonClass: 44332K(44672K)->44332K(44672K) Class: 7464K(7808K)->7464K(7808K)
[27.417s][info][gc             ] GC(47) Pause Young (Allocation Failure) 352M->16M(1022M) 0.492ms
[27.417s][info][gc,cpu         ] GC(47) User=0.00s Sys=0.00s Real=0.00s
[27.845s][info][gc,start       ] GC(48) Pause Young (Allocation Failure)
[27.846s][info][gc,heap        ] GC(48) PSYoungGen: 345344K(347136K)->256K(347136K) Eden: 345088K(345088K)->0K(345088K) From: 256K(2048K)->256K(2048K)
[27.846s][info][gc,heap        ] GC(48) ParOldGen: 16356K(699392K)->16396K(699392K)
[27.846s][info][gc,metaspace   ] GC(48) Metaspace: 51796K(52480K)->51796K(52480K) NonClass: 44332K(44672K)->44332K(44672K) Class: 7464K(7808K)->7464K(7808K)
[27.846s][info][gc             ] GC(48) Pause Young (Allocation Failure) 353M->16M(1022M) 0.521ms
[27.846s][info][gc,cpu         ] GC(48) User=0.00s Sys=0.00s Real=0.00s
[28.267s][info][gc,start       ] GC(49) Pause Young (Allocation Failure)
[28.268s][info][gc,heap        ] GC(49) PSYoungGen: 345344K(347136K)->256K(347136K) Eden: 345088K(345088K)->0K(345088K) From: 256K(2048K)->256K(2048K)
[28.268s][info][gc,heap        ] GC(49) ParOldGen: 16396K(699392K)->16412K(699392K)
[28.268s][info][gc,metaspace   ] GC(49) Metaspace: 51796K(52480K)->51796K(52480K) NonClass: 44332K(44672K)->44332K(44672K) Class: 7464K(7808K)->7464K(7808K)
[28.268s][info][gc             ] GC(49) Pause Young (Allocation Failure) 353M->16M(1022M) 0.654ms
[28.268s][info][gc,cpu         ] GC(49) User=0.00s Sys=0.00s Real=0.00s
[28.698s][info][gc,start       ] GC(50) Pause Young (Allocation Failure)
[28.699s][info][gc,heap        ] GC(50) PSYoungGen: 345344K(347136K)->256K(347136K) Eden: 345088K(345088K)->0K(345088K) From: 256K(2048K)->256K(2048K)
[28.699s][info][gc,heap        ] GC(50) ParOldGen: 16412K(699392K)->16452K(699392K)
[28.699s][info][gc,metaspace   ] GC(50) Metaspace: 51799K(52480K)->51799K(52480K) NonClass: 44334K(44672K)->44334K(44672K) Class: 7464K(7808K)->7464K(7808K)
[28.699s][info][gc             ] GC(50) Pause Young (Allocation Failure) 353M->16M(1022M) 0.512ms
[28.699s][info][gc,cpu         ] GC(50) User=0.00s Sys=0.00s Real=0.00s
[29.106s][info][gc,start       ] GC(51) Pause Young (Allocation Failure)
[29.106s][info][gc,heap        ] GC(51) PSYoungGen: 345344K(347136K)->256K(347648K) Eden: 345088K(345088K)->0K(345600K) From: 256K(2048K)->256K(2048K)
[29.106s][info][gc,heap        ] GC(51) ParOldGen: 16452K(699392K)->16468K(699392K)
[29.106s][info][gc,metaspace   ] GC(51) Metaspace: 51799K(52480K)->51799K(52480K) NonClass: 44334K(44672K)->44334K(44672K) Class: 7464K(7808K)->7464K(7808K)
[29.106s][info][gc             ] GC(51) Pause Young (Allocation Failure) 353M->16M(1022M) 0.514ms
[29.106s][info][gc,cpu         ] GC(51) User=0.00s Sys=0.00s Real=0.00s
[29.556s][info][gc,start       ] GC(52) Pause Young (Allocation Failure)
[29.556s][info][gc,heap        ] GC(52) PSYoungGen: 345856K(347648K)->256K(347136K) Eden: 345600K(345600K)->0K(345600K) From: 256K(2048K)->256K(1536K)
[29.556s][info][gc,heap        ] GC(52) ParOldGen: 16468K(699392K)->16476K(699392K)
[29.556s][info][gc,metaspace   ] GC(52) Metaspace: 51809K(52480K)->51809K(52480K) NonClass: 44345K(44672K)->44345K(44672K) Class: 7464K(7808K)->7464K(7808K)
[29.556s][info][gc             ] GC(52) Pause Young (Allocation Failure) 353M->16M(1022M) 0.478ms
[29.556s][info][gc,cpu         ] GC(52) User=0.00s Sys=0.00s Real=0.00s
[29.569s][info][gc,start       ] GC(53) Pause Young (System.gc())
[29.570s][info][gc,heap        ] GC(53) PSYoungGen: 7484K(347136K)->224K(347648K) Eden: 7228K(345600K)->0K(346112K) From: 256K(1536K)->224K(1536K)
[29.570s][info][gc,heap        ] GC(53) ParOldGen: 16476K(699392K)->16604K(699392K)
[29.570s][info][gc,metaspace   ] GC(53) Metaspace: 51810K(52480K)->51810K(52480K) NonClass: 44346K(44672K)->44346K(44672K) Class: 7464K(7808K)->7464K(7808K)
[29.570s][info][gc             ] GC(53) Pause Young (System.gc()) 23M->16M(1022M) 0.857ms
[29.570s][info][gc,cpu         ] GC(53) User=0.00s Sys=0.00s Real=0.00s
[29.570s][info][gc,start       ] GC(54) Pause Full (System.gc())
[29.570s][info][gc,phases,start] GC(54) Marking Phase
[29.586s][info][gc,phases      ] GC(54) Marking Phase 16.630ms
[29.586s][info][gc,phases,start] GC(54) Summary Phase
[29.586s][info][gc,phases      ] GC(54) Summary Phase 0.009ms
[29.586s][info][gc,phases,start] GC(54) Adjust Roots
[29.592s][info][gc,phases      ] GC(54) Adjust Roots 5.872ms
[29.592s][info][gc,phases,start] GC(54) Compaction Phase
[29.595s][info][gc,phases      ] GC(54) Compaction Phase 3.004ms
[29.595s][info][gc,phases,start] GC(54) Post Compact
[29.596s][info][gc,phases      ] GC(54) Post Compact 0.167ms
[29.596s][info][gc,heap        ] GC(54) PSYoungGen: 224K(347648K)->0K(347648K) Eden: 0K(346112K)->0K(346112K) From: 224K(1536K)->0K(1536K)
[29.596s][info][gc,heap        ] GC(54) ParOldGen: 16604K(699392K)->16014K(699392K)
[29.596s][info][gc,metaspace   ] GC(54) Metaspace: 51810K(52480K)->51810K(52480K) NonClass: 44346K(44672K)->44346K(44672K) Class: 7464K(7808K)->7464K(7808K)
[29.596s][info][gc             ] GC(54) Pause Full (System.gc()) 16M->15M(1022M) 25.914ms
[29.596s][info][gc,cpu         ] GC(54) User=0.00s Sys=0.00s Real=0.02s
[30.032s][info][gc,start       ] GC(55) Pause Young (Allocation Failure)
[30.033s][info][gc,heap        ] GC(55) PSYoungGen: 346112K(347648K)->608K(347648K) Eden: 346112K(346112K)->0K(346112K) From: 0K(1536K)->608K(1536K)
[30.033s][info][gc,heap        ] GC(55) ParOldGen: 16014K(699392K)->16022K(699392K)
[30.033s][info][gc,metaspace   ] GC(55) Metaspace: 51841K(52480K)->51841K(52480K) NonClass: 44377K(44672K)->44377K(44672K) Class: 7464K(7808K)->7464K(7808K)
[30.033s][info][gc             ] GC(55) Pause Young (Allocation Failure) 353M->16M(1022M) 0.777ms
[30.033s][info][gc,cpu         ] GC(55) User=0.00s Sys=0.00s Real=0.00s
[30.476s][info][gc,start       ] GC(56) Pause Young (Allocation Failure)
[30.476s][info][gc,heap        ] GC(56) PSYoungGen: 346720K(347648K)->192K(347648K) Eden: 346112K(346112K)->0K(346112K) From: 608K(1536K)->192K(1536K)
[30.476s][info][gc,heap        ] GC(56) ParOldGen: 16022K(699392K)->16398K(699392K)
[30.476s][info][gc,metaspace   ] GC(56) Metaspace: 51841K(52480K)->51841K(52480K) NonClass: 44377K(44672K)->44377K(44672K) Class: 7464K(7808K)->7464K(7808K)
[30.476s][info][gc             ] GC(56) Pause Young (Allocation Failure) 354M->16M(1022M) 0.709ms
[30.476s][info][gc,cpu         ] GC(56) User=0.00s Sys=0.00s Real=0.00s
[30.904s][info][gc,start       ] GC(57) Pause Young (Allocation Failure)
[30.905s][info][gc,heap        ] GC(57) PSYoungGen: 346304K(347648K)->224K(347648K) Eden: 346112K(346112K)->0K(346112K) From: 192K(1536K)->224K(1536K)
[30.905s][info][gc,heap        ] GC(57) ParOldGen: 16398K(699392K)->16438K(699392K)
[30.905s][info][gc,metaspace   ] GC(57) Metaspace: 51842K(52480K)->51842K(52480K) NonClass: 44378K(44672K)->44378K(44672K) Class: 7464K(7808K)->7464K(7808K)
[30.905s][info][gc             ] GC(57) Pause Young (Allocation Failure) 354M->16M(1022M) 0.508ms
[30.905s][info][gc,cpu         ] GC(57) User=0.00s Sys=0.00s Real=0.00s
[31.337s][info][gc,start       ] GC(58) Pause Young (Allocation Failure)
[31.338s][info][gc,heap        ] GC(58) PSYoungGen: 346336K(347648K)->256K(347648K) Eden: 346112K(346112K)->0K(346112K) From: 224K(1536K)->256K(1536K)
[31.338s][info][gc,heap        ] GC(58) ParOldGen: 16438K(699392K)->16446K(699392K)
[31.338s][info][gc,metaspace   ] GC(58) Metaspace: 51842K(52480K)->51842K(52480K) NonClass: 44378K(44672K)->44378K(44672K) Class: 7464K(7808K)->7464K(7808K)
[31.338s][info][gc             ] GC(58) Pause Young (Allocation Failure) 354M->16M(1022M) 0.448ms
[31.338s][info][gc,cpu         ] GC(58) User=0.00s Sys=0.00s Real=0.00s
[31.814s][info][gc,start       ] GC(59) Pause Young (Allocation Failure)
[31.814s][info][gc,heap        ] GC(59) PSYoungGen: 346368K(347648K)->224K(347648K) Eden: 346112K(346112K)->0K(346112K) From: 256K(1536K)->224K(1536K)
[31.814s][info][gc,heap        ] GC(59) ParOldGen: 16446K(699392K)->16486K(699392K)
[31.814s][info][gc,metaspace   ] GC(59) Metaspace: 51842K(52480K)->51842K(52480K) NonClass: 44378K(44672K)->44378K(44672K) Class: 7464K(7808K)->7464K(7808K)
[31.814s][info][gc             ] GC(59) Pause Young (Allocation Failure) 354M->16M(1022M) 0.641ms
[31.814s][info][gc,cpu         ] GC(59) User=0.00s Sys=0.00s Real=0.00s
[32.276s][info][gc,start       ] GC(60) Pause Young (Allocation Failure)
[32.276s][info][gc,heap        ] GC(60) PSYoungGen: 346336K(347648K)->224K(348160K) Eden: 346112K(346112K)->0K(346624K) From: 224K(1536K)->224K(1536K)
[32.276s][info][gc,heap        ] GC(60) ParOldGen: 16486K(699392K)->16486K(699392K)
[32.276s][info][gc,metaspace   ] GC(60) Metaspace: 51842K(52480K)->51842K(52480K) NonClass: 44378K(44672K)->44378K(44672K) Class: 7464K(7808K)->7464K(7808K)
[32.276s][info][gc             ] GC(60) Pause Young (Allocation Failure) 354M->16M(1023M) 0.567ms
[32.277s][info][gc,cpu         ] GC(60) User=0.00s Sys=0.00s Real=0.00s
[32.821s][info][gc,start       ] GC(61) Pause Young (Allocation Failure)
[32.822s][info][gc,heap        ] GC(61) PSYoungGen: 346848K(348160K)->224K(347648K) Eden: 346624K(346624K)->0K(346624K) From: 224K(1536K)->224K(1024K)
[32.822s][info][gc,heap        ] GC(61) ParOldGen: 16486K(699392K)->16526K(699392K)
[32.822s][info][gc,metaspace   ] GC(61) Metaspace: 51843K(52480K)->51843K(52480K) NonClass: 44379K(44672K)->44379K(44672K) Class: 7464K(7808K)->7464K(7808K)
[32.822s][info][gc             ] GC(61) Pause Young (Allocation Failure) 354M->16M(1022M) 0.491ms
[32.822s][info][gc,cpu         ] GC(61) User=0.00s Sys=0.00s Real=0.00s
[33.338s][info][gc,start       ] GC(62) Pause Young (System.gc())
[33.339s][info][gc,heap        ] GC(62) PSYoungGen: 338931K(347648K)->352K(348160K) Eden: 338707K(346624K)->0K(347136K) From: 224K(1024K)->352K(1024K)
[33.339s][info][gc,heap        ] GC(62) ParOldGen: 16526K(699392K)->16534K(699392K)
[33.339s][info][gc,metaspace   ] GC(62) Metaspace: 51868K(52480K)->51868K(52480K) NonClass: 44404K(44672K)->44404K(44672K) Class: 7464K(7808K)->7464K(7808K)
[33.339s][info][gc             ] GC(62) Pause Young (System.gc()) 347M->16M(1023M) 0.599ms
[33.339s][info][gc,cpu         ] GC(62) User=0.00s Sys=0.00s Real=0.00s
[33.339s][info][gc,start       ] GC(63) Pause Full (System.gc())
[33.339s][info][gc,phases,start] GC(63) Marking Phase
[33.354s][info][gc,phases      ] GC(63) Marking Phase 14.839ms
[33.354s][info][gc,phases,start] GC(63) Summary Phase
[33.354s][info][gc,phases      ] GC(63) Summary Phase 0.009ms
[33.354s][info][gc,phases,start] GC(63) Adjust Roots
[33.359s][info][gc,phases      ] GC(63) Adjust Roots 5.564ms
[33.359s][info][gc,phases,start] GC(63) Compaction Phase
[33.362s][info][gc,phases      ] GC(63) Compaction Phase 3.126ms
[33.363s][info][gc,phases,start] GC(63) Post Compact
[33.363s][info][gc,phases      ] GC(63) Post Compact 0.204ms
[33.363s][info][gc,heap        ] GC(63) PSYoungGen: 352K(348160K)->0K(348160K) Eden: 0K(347136K)->0K(347136K) From: 352K(1024K)->0K(1024K)
[33.363s][info][gc,heap        ] GC(63) ParOldGen: 16534K(699392K)->16069K(699392K)
[33.363s][info][gc,metaspace   ] GC(63) Metaspace: 51868K(52480K)->51868K(52480K) NonClass: 44404K(44672K)->44404K(44672K) Class: 7464K(7808K)->7464K(7808K)
[33.363s][info][gc             ] GC(63) Pause Full (System.gc()) 16M->15M(1023M) 23.953ms
[33.363s][info][gc,cpu         ] GC(63) User=0.00s Sys=0.00s Real=0.02s
[33.915s][info][gc,start       ] GC(64) Pause Young (Allocation Failure)
[33.916s][info][gc,heap        ] GC(64) PSYoungGen: 347136K(348160K)->512K(348160K) Eden: 347136K(347136K)->0K(347136K) From: 0K(1024K)->512K(1024K)
[33.916s][info][gc,heap        ] GC(64) ParOldGen: 16069K(699392K)->16077K(699392K)
[33.916s][info][gc,metaspace   ] GC(64) Metaspace: 51914K(52480K)->51914K(52480K) NonClass: 44450K(44672K)->44450K(44672K) Class: 7464K(7808K)->7464K(7808K)
[33.916s][info][gc             ] GC(64) Pause Young (Allocation Failure) 354M->16M(1023M) 0.881ms
[33.916s][info][gc,cpu         ] GC(64) User=0.00s Sys=0.00s Real=0.00s
[34.380s][info][gc,start       ] GC(65) Pause Young (Allocation Failure)
[34.381s][info][gc,heap        ] GC(65) PSYoungGen: 347648K(348160K)->256K(348160K) Eden: 347136K(347136K)->0K(347136K) From: 512K(1024K)->256K(1024K)
[34.381s][info][gc,heap        ] GC(65) ParOldGen: 16077K(699392K)->16365K(699392K)
[34.381s][info][gc,metaspace   ] GC(65) Metaspace: 51918K(52480K)->51918K(52480K) NonClass: 44453K(44672K)->44453K(44672K) Class: 7464K(7808K)->7464K(7808K)
[34.381s][info][gc             ] GC(65) Pause Young (Allocation Failure) 355M->16M(1023M) 0.614ms
[34.381s][info][gc,cpu         ] GC(65) User=0.00s Sys=0.00s Real=0.00s
[34.817s][info][gc,start       ] GC(66) Pause Young (Allocation Failure)
[34.818s][info][gc,heap        ] GC(66) PSYoungGen: 347392K(348160K)->256K(348160K) Eden: 347136K(347136K)->0K(347136K) From: 256K(1024K)->256K(1024K)
[34.818s][info][gc,heap        ] GC(66) ParOldGen: 16365K(699392K)->16405K(699392K)
[34.818s][info][gc,metaspace   ] GC(66) Metaspace: 51927K(52480K)->51927K(52480K) NonClass: 44462K(44672K)->44462K(44672K) Class: 7464K(7808K)->7464K(7808K)
[34.818s][info][gc             ] GC(66) Pause Young (Allocation Failure) 355M->16M(1023M) 0.512ms
[34.818s][info][gc,cpu         ] GC(66) User=0.00s Sys=0.00s Real=0.00s
[35.231s][info][gc,start       ] GC(67) Pause Young (Allocation Failure)
[35.231s][info][gc,heap        ] GC(67) PSYoungGen: 347392K(348160K)->256K(348160K) Eden: 347136K(347136K)->0K(347136K) From: 256K(1024K)->256K(1024K)
[35.231s][info][gc,heap        ] GC(67) ParOldGen: 16405K(699392K)->16421K(699392K)
[35.231s][info][gc,metaspace   ] GC(67) Metaspace: 51927K(52480K)->51927K(52480K) NonClass: 44462K(44672K)->44462K(44672K) Class: 7464K(7808K)->7464K(7808K)
[35.231s][info][gc             ] GC(67) Pause Young (Allocation Failure) 355M->16M(1023M) 0.518ms
[35.231s][info][gc,cpu         ] GC(67) User=0.00s Sys=0.00s Real=0.00s
[35.669s][info][gc,start       ] GC(68) Pause Young (Allocation Failure)
[35.670s][info][gc,heap        ] GC(68) PSYoungGen: 347392K(348160K)->224K(348160K) Eden: 347136K(347136K)->0K(347136K) From: 256K(1024K)->224K(1024K)
[35.670s][info][gc,heap        ] GC(68) ParOldGen: 16421K(699392K)->16429K(699392K)
[35.670s][info][gc,metaspace   ] GC(68) Metaspace: 51927K(52480K)->51927K(52480K) NonClass: 44462K(44672K)->44462K(44672K) Class: 7464K(7808K)->7464K(7808K)
[35.670s][info][gc             ] GC(68) Pause Young (Allocation Failure) 355M->16M(1023M) 0.542ms
[35.670s][info][gc,cpu         ] GC(68) User=0.00s Sys=0.00s Real=0.00s
[36.084s][info][gc,start       ] GC(69) Pause Young (Allocation Failure)
[36.085s][info][gc,heap        ] GC(69) PSYoungGen: 347360K(348160K)->224K(348160K) Eden: 347136K(347136K)->0K(347136K) From: 224K(1024K)->224K(1024K)
[36.085s][info][gc,heap        ] GC(69) ParOldGen: 16429K(699392K)->16477K(699392K)
[36.085s][info][gc,metaspace   ] GC(69) Metaspace: 51927K(52480K)->51927K(52480K) NonClass: 44462K(44672K)->44462K(44672K) Class: 7464K(7808K)->7464K(7808K)
[36.085s][info][gc             ] GC(69) Pause Young (Allocation Failure) 355M->16M(1023M) 0.468ms
[36.085s][info][gc,cpu         ] GC(69) User=0.00s Sys=0.00s Real=0.00s
[36.539s][info][gc,start       ] GC(70) Pause Young (Allocation Failure)
[36.539s][info][gc,heap        ] GC(70) PSYoungGen: 347360K(348160K)->256K(348160K) Eden: 347136K(347136K)->0K(347136K) From: 224K(1024K)->256K(1024K)
[36.539s][info][gc,heap        ] GC(70) ParOldGen: 16477K(699392K)->16485K(699392K)
[36.539s][info][gc,metaspace   ] GC(70) Metaspace: 51927K(52480K)->51927K(52480K) NonClass: 44462K(44672K)->44462K(44672K) Class: 7464K(7808K)->7464K(7808K)
[36.539s][info][gc             ] GC(70) Pause Young (Allocation Failure) 355M->16M(1023M) 0.511ms
[36.539s][info][gc,cpu         ] GC(70) User=0.00s Sys=0.00s Real=0.00s
[36.958s][info][gc,start       ] GC(71) Pause Young (System.gc())
[36.959s][info][gc,heap        ] GC(71) PSYoungGen: 330338K(348160K)->256K(348160K) Eden: 330082K(347136K)->0K(347136K) From: 256K(1024K)->256K(1024K)
[36.959s][info][gc,heap        ] GC(71) ParOldGen: 16485K(699392K)->16525K(699392K)
[36.959s][info][gc,metaspace   ] GC(71) Metaspace: 51937K(52480K)->51937K(52480K) NonClass: 44472K(44672K)->44472K(44672K) Class: 7464K(7808K)->7464K(7808K)
[36.959s][info][gc             ] GC(71) Pause Young (System.gc()) 338M->16M(1023M) 0.668ms
[36.959s][info][gc,cpu         ] GC(71) User=0.00s Sys=0.00s Real=0.00s
[36.959s][info][gc,start       ] GC(72) Pause Full (System.gc())
[36.959s][info][gc,phases,start] GC(72) Marking Phase
[36.974s][info][gc,phases      ] GC(72) Marking Phase 14.984ms
[36.974s][info][gc,phases,start] GC(72) Summary Phase
[36.974s][info][gc,phases      ] GC(72) Summary Phase 0.009ms
[36.974s][info][gc,phases,start] GC(72) Adjust Roots
[36.980s][info][gc,phases      ] GC(72) Adjust Roots 6.124ms
[36.980s][info][gc,phases,start] GC(72) Compaction Phase
[36.983s][info][gc,phases      ] GC(72) Compaction Phase 3.453ms
[36.983s][info][gc,phases,start] GC(72) Post Compact
[36.984s][info][gc,phases      ] GC(72) Post Compact 0.273ms
[36.984s][info][gc,heap        ] GC(72) PSYoungGen: 256K(348160K)->0K(348160K) Eden: 0K(347136K)->0K(347136K) From: 256K(1024K)->0K(1024K)
[36.984s][info][gc,heap        ] GC(72) ParOldGen: 16525K(699392K)->16001K(699392K)
[36.984s][info][gc,metaspace   ] GC(72) Metaspace: 51937K(52480K)->51937K(52480K) NonClass: 44472K(44672K)->44472K(44672K) Class: 7464K(7808K)->7464K(7808K)
[36.984s][info][gc             ] GC(72) Pause Full (System.gc()) 16M->15M(1023M) 25.111ms
[36.984s][info][gc,cpu         ] GC(72) User=0.02s Sys=0.00s Real=0.02s
[37.437s][info][gc,start       ] GC(73) Pause Young (Allocation Failure)
[37.437s][info][gc,heap        ] GC(73) PSYoungGen: 347136K(348160K)->608K(348160K) Eden: 347136K(347136K)->0K(347136K) From: 0K(1024K)->608K(1024K)
[37.438s][info][gc,heap        ] GC(73) ParOldGen: 16001K(699392K)->16009K(699392K)
[37.438s][info][gc,metaspace   ] GC(73) Metaspace: 51971K(52544K)->51971K(52544K) NonClass: 44506K(44736K)->44506K(44736K) Class: 7464K(7808K)->7464K(7808K)
[37.438s][info][gc             ] GC(73) Pause Young (Allocation Failure) 354M->16M(1023M) 0.690ms
[37.438s][info][gc,cpu         ] GC(73) User=0.00s Sys=0.00s Real=0.00s
[37.875s][info][gc,start       ] GC(74) Pause Young (Allocation Failure)
[37.876s][info][gc,heap        ] GC(74) PSYoungGen: 347744K(348160K)->224K(348160K) Eden: 347136K(347136K)->0K(347136K) From: 608K(1024K)->224K(1024K)
[37.876s][info][gc,heap        ] GC(74) ParOldGen: 16009K(699392K)->16369K(699392K)
[37.876s][info][gc,metaspace   ] GC(74) Metaspace: 51971K(52544K)->51971K(52544K) NonClass: 44506K(44736K)->44506K(44736K) Class: 7464K(7808K)->7464K(7808K)
[37.876s][info][gc             ] GC(74) Pause Young (Allocation Failure) 355M->16M(1023M) 0.689ms
[37.876s][info][gc,cpu         ] GC(74) User=0.00s Sys=0.00s Real=0.00s
[38.304s][info][gc,start       ] GC(75) Pause Young (Allocation Failure)
[38.305s][info][gc,heap        ] GC(75) PSYoungGen: 347360K(348160K)->256K(348160K) Eden: 347136K(347136K)->0K(347136K) From: 224K(1024K)->256K(1024K)
[38.305s][info][gc,heap        ] GC(75) ParOldGen: 16369K(699392K)->16385K(699392K)
[38.305s][info][gc,metaspace   ] GC(75) Metaspace: 51971K(52544K)->51971K(52544K) NonClass: 44506K(44736K)->44506K(44736K) Class: 7464K(7808K)->7464K(7808K)
[38.305s][info][gc             ] GC(75) Pause Young (Allocation Failure) 355M->16M(1023M) 0.476ms
[38.305s][info][gc,cpu         ] GC(75) User=0.00s Sys=0.00s Real=0.00s
[38.782s][info][gc,start       ] GC(76) Pause Young (Allocation Failure)
[38.782s][info][gc,heap        ] GC(76) PSYoungGen: 347392K(348160K)->224K(348160K) Eden: 347136K(347136K)->0K(347136K) From: 256K(1024K)->224K(1024K)
[38.782s][info][gc,heap        ] GC(76) ParOldGen: 16385K(699392K)->16433K(699392K)
[38.782s][info][gc,metaspace   ] GC(76) Metaspace: 51971K(52544K)->51971K(52544K) NonClass: 44506K(44736K)->44506K(44736K) Class: 7464K(7808K)->7464K(7808K)
[38.782s][info][gc             ] GC(76) Pause Young (Allocation Failure) 355M->16M(1023M) 0.491ms
[38.782s][info][gc,cpu         ] GC(76) User=0.00s Sys=0.00s Real=0.00s
[39.204s][info][gc,start       ] GC(77) Pause Young (Allocation Failure)
[39.205s][info][gc,heap        ] GC(77) PSYoungGen: 347360K(348160K)->288K(348160K) Eden: 347136K(347136K)->0K(347136K) From: 224K(1024K)->288K(1024K)
[39.205s][info][gc,heap        ] GC(77) ParOldGen: 16433K(699392K)->16449K(699392K)
[39.205s][info][gc,metaspace   ] GC(77) Metaspace: 51971K(52544K)->51971K(52544K) NonClass: 44506K(44736K)->44506K(44736K) Class: 7464K(7808K)->7464K(7808K)
[39.205s][info][gc             ] GC(77) Pause Young (Allocation Failure) 355M->16M(1023M) 0.597ms
[39.205s][info][gc,cpu         ] GC(77) User=0.00s Sys=0.00s Real=0.00s
[39.644s][info][gc,start       ] GC(78) Pause Young (Allocation Failure)
[39.645s][info][gc,heap        ] GC(78) PSYoungGen: 347424K(348160K)->224K(348160K) Eden: 347136K(347136K)->0K(347136K) From: 288K(1024K)->224K(1024K)
[39.645s][info][gc,heap        ] GC(78) ParOldGen: 16449K(699392K)->16457K(699392K)
[39.645s][info][gc,metaspace   ] GC(78) Metaspace: 51971K(52544K)->51971K(52544K) NonClass: 44506K(44736K)->44506K(44736K) Class: 7464K(7808K)->7464K(7808K)
[39.645s][info][gc             ] GC(78) Pause Young (Allocation Failure) 355M->16M(1023M) 0.467ms
[39.645s][info][gc,cpu         ] GC(78) User=0.00s Sys=0.00s Real=0.00s
[40.068s][info][gc,start       ] GC(79) Pause Young (Allocation Failure)
[40.068s][info][gc,heap        ] GC(79) PSYoungGen: 347360K(348160K)->224K(348160K) Eden: 347136K(347136K)->0K(347136K) From: 224K(1024K)->224K(1024K)
[40.068s][info][gc,heap        ] GC(79) ParOldGen: 16457K(699392K)->16497K(699392K)
[40.068s][info][gc,metaspace   ] GC(79) Metaspace: 51971K(52544K)->51971K(52544K) NonClass: 44506K(44736K)->44506K(44736K) Class: 7464K(7808K)->7464K(7808K)
[40.068s][info][gc             ] GC(79) Pause Young (Allocation Failure) 355M->16M(1023M) 0.487ms
[40.068s][info][gc,cpu         ] GC(79) User=0.00s Sys=0.00s Real=0.00s
[40.540s][info][gc,start       ] GC(80) Pause Young (System.gc())
[40.541s][info][gc,heap        ] GC(80) PSYoungGen: 332683K(348160K)->256K(348160K) Eden: 332459K(347136K)->0K(347136K) From: 224K(1024K)->256K(1024K)
[40.541s][info][gc,heap        ] GC(80) ParOldGen: 16497K(699392K)->16513K(699392K)
[40.541s][info][gc,metaspace   ] GC(80) Metaspace: 51976K(52544K)->51976K(52544K) NonClass: 44511K(44736K)->44511K(44736K) Class: 7464K(7808K)->7464K(7808K)
[40.541s][info][gc             ] GC(80) Pause Young (System.gc()) 340M->16M(1023M) 0.526ms
[40.541s][info][gc,cpu         ] GC(80) User=0.00s Sys=0.00s Real=0.00s
[40.541s][info][gc,start       ] GC(81) Pause Full (System.gc())
[40.541s][info][gc,phases,start] GC(81) Marking Phase
[40.556s][info][gc,phases      ] GC(81) Marking Phase 14.661ms
[40.556s][info][gc,phases,start] GC(81) Summary Phase
[40.556s][info][gc,phases      ] GC(81) Summary Phase 0.009ms
[40.556s][info][gc,phases,start] GC(81) Adjust Roots
[40.563s][info][gc,phases      ] GC(81) Adjust Roots 7.052ms
[40.563s][info][gc,phases,start] GC(81) Compaction Phase
[40.566s][info][gc,phases      ] GC(81) Compaction Phase 3.518ms
[40.566s][info][gc,phases,start] GC(81) Post Compact
[40.567s][info][gc,phases      ] GC(81) Post Compact 0.226ms
[40.567s][info][gc,heap        ] GC(81) PSYoungGen: 256K(348160K)->0K(348160K) Eden: 0K(347136K)->0K(347136K) From: 256K(1024K)->0K(1024K)
[40.567s][info][gc,heap        ] GC(81) ParOldGen: 16513K(699392K)->16011K(699392K)
[40.567s][info][gc,metaspace   ] GC(81) Metaspace: 51976K(52544K)->51976K(52544K) NonClass: 44511K(44736K)->44511K(44736K) Class: 7464K(7808K)->7464K(7808K)
[40.567s][info][gc             ] GC(81) Pause Full (System.gc()) 16M->15M(1023M) 25.725ms
[40.567s][info][gc,cpu         ] GC(81) User=0.02s Sys=0.00s Real=0.02s
[41.021s][info][gc,start       ] GC(82) Pause Young (Allocation Failure)
[41.022s][info][gc,heap        ] GC(82) PSYoungGen: 347136K(348160K)->576K(348160K) Eden: 347136K(347136K)->0K(347136K) From: 0K(1024K)->576K(1024K)
[41.022s][info][gc,heap        ] GC(82) ParOldGen: 16011K(699392K)->16011K(699392K)
[41.022s][info][gc,metaspace   ] GC(82) Metaspace: 52014K(52544K)->52014K(52544K) NonClass: 44549K(44736K)->44549K(44736K) Class: 7464K(7808K)->7464K(7808K)
[41.022s][info][gc             ] GC(82) Pause Young (Allocation Failure) 354M->16M(1023M) 0.747ms
[41.022s][info][gc,cpu         ] GC(82) User=0.00s Sys=0.00s Real=0.00s
[41.443s][info][gc,start       ] GC(83) Pause Young (Allocation Failure)
[41.444s][info][gc,heap        ] GC(83) PSYoungGen: 347712K(348160K)->192K(348160K) Eden: 347136K(347136K)->0K(347136K) From: 576K(1024K)->192K(1024K)
[41.444s][info][gc,heap        ] GC(83) ParOldGen: 16011K(699392K)->16379K(699392K)
[41.444s][info][gc,metaspace   ] GC(83) Metaspace: 52014K(52544K)->52014K(52544K) NonClass: 44549K(44736K)->44549K(44736K) Class: 7464K(7808K)->7464K(7808K)
[41.444s][info][gc             ] GC(83) Pause Young (Allocation Failure) 355M->16M(1023M) 0.665ms
[41.444s][info][gc,cpu         ] GC(83) User=0.00s Sys=0.00s Real=0.00s
[41.876s][info][gc,start       ] GC(84) Pause Young (Allocation Failure)
[41.876s][info][gc,heap        ] GC(84) PSYoungGen: 347328K(348160K)->224K(348160K) Eden: 347136K(347136K)->0K(347136K) From: 192K(1024K)->224K(1024K)
[41.876s][info][gc,heap        ] GC(84) ParOldGen: 16379K(699392K)->16419K(699392K)
[41.876s][info][gc,metaspace   ] GC(84) Metaspace: 52014K(52544K)->52014K(52544K) NonClass: 44550K(44736K)->44550K(44736K) Class: 7464K(7808K)->7464K(7808K)
[41.876s][info][gc             ] GC(84) Pause Young (Allocation Failure) 355M->16M(1023M) 0.483ms
[41.876s][info][gc,cpu         ] GC(84) User=0.00s Sys=0.00s Real=0.00s
[42.298s][info][gc,start       ] GC(85) Pause Young (Allocation Failure)
[42.298s][info][gc,heap        ] GC(85) PSYoungGen: 347360K(348160K)->256K(348160K) Eden: 347136K(347136K)->0K(347136K) From: 224K(1024K)->256K(1024K)
[42.298s][info][gc,heap        ] GC(85) ParOldGen: 16419K(699392K)->16435K(699392K)
[42.298s][info][gc,metaspace   ] GC(85) Metaspace: 52014K(52544K)->52014K(52544K) NonClass: 44550K(44736K)->44550K(44736K) Class: 7464K(7808K)->7464K(7808K)
[42.298s][info][gc             ] GC(85) Pause Young (Allocation Failure) 355M->16M(1023M) 0.492ms
[42.298s][info][gc,cpu         ] GC(85) User=0.00s Sys=0.00s Real=0.00s
[42.772s][info][gc,start       ] GC(86) Pause Young (Allocation Failure)
[42.772s][info][gc,heap        ] GC(86) PSYoungGen: 347392K(348160K)->288K(348160K) Eden: 347136K(347136K)->0K(347136K) From: 256K(1024K)->288K(1024K)
[42.772s][info][gc,heap        ] GC(86) ParOldGen: 16435K(699392K)->16483K(699392K)
[42.772s][info][gc,metaspace   ] GC(86) Metaspace: 52015K(52544K)->52015K(52544K) NonClass: 44551K(44736K)->44551K(44736K) Class: 7464K(7808K)->7464K(7808K)
[42.772s][info][gc             ] GC(86) Pause Young (Allocation Failure) 355M->16M(1023M) 0.544ms
[42.772s][info][gc,cpu         ] GC(86) User=0.00s Sys=0.00s Real=0.00s
[43.190s][info][gc,start       ] GC(87) Pause Young (Allocation Failure)
[43.190s][info][gc,heap        ] GC(87) PSYoungGen: 347424K(348160K)->256K(348160K) Eden: 347136K(347136K)->0K(347136K) From: 288K(1024K)->256K(1024K)
[43.190s][info][gc,heap        ] GC(87) ParOldGen: 16483K(699392K)->16499K(699392K)
[43.190s][info][gc,metaspace   ] GC(87) Metaspace: 52016K(52544K)->52016K(52544K) NonClass: 44551K(44736K)->44551K(44736K) Class: 7464K(7808K)->7464K(7808K)
[43.190s][info][gc             ] GC(87) Pause Young (Allocation Failure) 355M->16M(1023M) 0.569ms
[43.190s][info][gc,cpu         ] GC(87) User=0.00s Sys=0.00s Real=0.00s
[43.628s][info][gc,start       ] GC(88) Pause Young (Allocation Failure)
[43.628s][info][gc,heap        ] GC(88) PSYoungGen: 347392K(348160K)->288K(348160K) Eden: 347136K(347136K)->0K(347136K) From: 256K(1024K)->288K(1024K)
[43.628s][info][gc,heap        ] GC(88) ParOldGen: 16499K(699392K)->16515K(699392K)
[43.628s][info][gc,metaspace   ] GC(88) Metaspace: 52019K(52544K)->52019K(52544K) NonClass: 44554K(44736K)->44554K(44736K) Class: 7464K(7808K)->7464K(7808K)
[43.628s][info][gc             ] GC(88) Pause Young (Allocation Failure) 355M->16M(1023M) 0.519ms
[43.628s][info][gc,cpu         ] GC(88) User=0.00s Sys=0.00s Real=0.00s
[44.053s][info][gc,start       ] GC(89) Pause Young (System.gc())
[44.054s][info][gc,heap        ] GC(89) PSYoungGen: 333080K(348160K)->320K(348672K) Eden: 332792K(347136K)->0K(348160K) From: 288K(1024K)->320K(512K)
[44.054s][info][gc,heap        ] GC(89) ParOldGen: 16515K(699392K)->16563K(699392K)
[44.054s][info][gc,metaspace   ] GC(89) Metaspace: 52044K(52608K)->52044K(52608K) NonClass: 44579K(44800K)->44579K(44800K) Class: 7464K(7808K)->7464K(7808K)
[44.054s][info][gc             ] GC(89) Pause Young (System.gc()) 341M->16M(1023M) 0.567ms
[44.054s][info][gc,cpu         ] GC(89) User=0.00s Sys=0.00s Real=0.00s
[44.054s][info][gc,start       ] GC(90) Pause Full (System.gc())
[44.054s][info][gc,phases,start] GC(90) Marking Phase
[44.069s][info][gc,phases      ] GC(90) Marking Phase 14.848ms
[44.069s][info][gc,phases,start] GC(90) Summary Phase
[44.069s][info][gc,phases      ] GC(90) Summary Phase 0.009ms
[44.069s][info][gc,phases,start] GC(90) Adjust Roots
[44.075s][info][gc,phases      ] GC(90) Adjust Roots 5.882ms
[44.075s][info][gc,phases,start] GC(90) Compaction Phase
[44.078s][info][gc,phases      ] GC(90) Compaction Phase 2.749ms
[44.078s][info][gc,phases,start] GC(90) Post Compact
[44.078s][info][gc,phases      ] GC(90) Post Compact 0.178ms
[44.078s][info][gc,heap        ] GC(90) PSYoungGen: 320K(348672K)->0K(348672K) Eden: 0K(348160K)->0K(348160K) From: 320K(512K)->0K(512K)
[44.078s][info][gc,heap        ] GC(90) ParOldGen: 16563K(699392K)->16054K(699392K)
[44.078s][info][gc,metaspace   ] GC(90) Metaspace: 52044K(52608K)->52044K(52608K) NonClass: 44579K(44800K)->44579K(44800K) Class: 7464K(7808K)->7464K(7808K)
[44.078s][info][gc             ] GC(90) Pause Full (System.gc()) 16M->15M(1023M) 23.888ms
[44.078s][info][gc,cpu         ] GC(90) User=0.02s Sys=0.00s Real=0.02s
[44.574s][info][gc,start       ] GC(91) Pause Young (Allocation Failure)
[44.575s][info][gc,heap        ] GC(91) PSYoungGen: 348160K(348672K)->512K(348672K) Eden: 348160K(348160K)->0K(348160K) From: 0K(512K)->512K(512K)
[44.575s][info][gc,heap        ] GC(91) ParOldGen: 16054K(699392K)->16078K(699392K)
[44.575s][info][gc,metaspace   ] GC(91) Metaspace: 52068K(52672K)->52068K(52672K) NonClass: 44603K(44864K)->44603K(44864K) Class: 7464K(7808K)->7464K(7808K)
[44.575s][info][gc             ] GC(91) Pause Young (Allocation Failure) 355M->16M(1023M) 1.121ms
[44.575s][info][gc,cpu         ] GC(91) User=0.00s Sys=0.00s Real=0.00s
[45.015s][info][gc,start       ] GC(92) Pause Young (Allocation Failure)
[45.016s][info][gc,heap        ] GC(92) PSYoungGen: 348672K(348672K)->192K(347648K) Eden: 348160K(348160K)->0K(347136K) From: 512K(512K)->192K(512K)
[45.016s][info][gc,heap        ] GC(92) ParOldGen: 16078K(699392K)->16414K(699392K)
[45.016s][info][gc,metaspace   ] GC(92) Metaspace: 52069K(52672K)->52069K(52672K) NonClass: 44604K(44864K)->44604K(44864K) Class: 7464K(7808K)->7464K(7808K)
[45.016s][info][gc             ] GC(92) Pause Young (Allocation Failure) 356M->16M(1022M) 0.662ms
[45.016s][info][gc,cpu         ] GC(92) User=0.00s Sys=0.00s Real=0.00s
[45.452s][info][gc,start       ] GC(93) Pause Young (Allocation Failure)
[45.452s][info][gc,heap        ] GC(93) PSYoungGen: 347328K(347648K)->224K(348160K) Eden: 347136K(347136K)->0K(347136K) From: 192K(512K)->224K(1024K)
[45.452s][info][gc,heap        ] GC(93) ParOldGen: 16414K(699392K)->16422K(699392K)
[45.452s][info][gc,metaspace   ] GC(93) Metaspace: 52069K(52672K)->52069K(52672K) NonClass: 44604K(44864K)->44604K(44864K) Class: 7464K(7808K)->7464K(7808K)
[45.452s][info][gc             ] GC(93) Pause Young (Allocation Failure) 355M->16M(1023M) 0.521ms
[45.452s][info][gc,cpu         ] GC(93) User=0.00s Sys=0.00s Real=0.00s
[45.887s][info][gc,start       ] GC(94) Pause Young (Allocation Failure)
[45.887s][info][gc,heap        ] GC(94) PSYoungGen: 347360K(348160K)->224K(348160K) Eden: 347136K(347136K)->0K(347136K) From: 224K(1024K)->224K(1024K)
[45.887s][info][gc,heap        ] GC(94) ParOldGen: 16422K(699392K)->16462K(699392K)
[45.887s][info][gc,metaspace   ] GC(94) Metaspace: 52070K(52672K)->52070K(52672K) NonClass: 44605K(44864K)->44605K(44864K) Class: 7464K(7808K)->7464K(7808K)
[45.888s][info][gc             ] GC(94) Pause Young (Allocation Failure) 355M->16M(1023M) 0.504ms
[45.888s][info][gc,cpu         ] GC(94) User=0.00s Sys=0.00s Real=0.00s
[46.372s][info][gc,start       ] GC(95) Pause Young (Allocation Failure)
[46.373s][info][gc,heap        ] GC(95) PSYoungGen: 347360K(348160K)->224K(348160K) Eden: 347136K(347136K)->0K(347136K) From: 224K(1024K)->224K(1024K)
[46.373s][info][gc,heap        ] GC(95) ParOldGen: 16462K(699392K)->16486K(699392K)
[46.373s][info][gc,metaspace   ] GC(95) Metaspace: 52070K(52672K)->52070K(52672K) NonClass: 44605K(44864K)->44605K(44864K) Class: 7464K(7808K)->7464K(7808K)
[46.373s][info][gc             ] GC(95) Pause Young (Allocation Failure) 355M->16M(1023M) 0.670ms
[46.373s][info][gc,cpu         ] GC(95) User=0.00s Sys=0.00s Real=0.00s
[46.839s][info][gc,start       ] GC(96) Pause Young (Allocation Failure)
[46.839s][info][gc,heap        ] GC(96) PSYoungGen: 347360K(348160K)->224K(348672K) Eden: 347136K(347136K)->0K(347648K) From: 224K(1024K)->224K(1024K)
[46.839s][info][gc,heap        ] GC(96) ParOldGen: 16486K(699392K)->16534K(699392K)
[46.839s][info][gc,metaspace   ] GC(96) Metaspace: 52070K(52672K)->52070K(52672K) NonClass: 44605K(44864K)->44605K(44864K) Class: 7464K(7808K)->7464K(7808K)
[46.839s][info][gc             ] GC(96) Pause Young (Allocation Failure) 355M->16M(1023M) 0.622ms
[46.839s][info][gc,cpu         ] GC(96) User=0.00s Sys=0.00s Real=0.00s
[47.272s][info][gc,start       ] GC(97) Pause Young (Allocation Failure)
[47.272s][info][gc,heap        ] GC(97) PSYoungGen: 347872K(348672K)->256K(348160K) Eden: 347648K(347648K)->0K(347648K) From: 224K(1024K)->256K(512K)
[47.272s][info][gc,heap        ] GC(97) ParOldGen: 16534K(699392K)->16542K(699392K)
[47.272s][info][gc,metaspace   ] GC(97) Metaspace: 52070K(52672K)->52070K(52672K) NonClass: 44605K(44864K)->44605K(44864K) Class: 7464K(7808K)->7464K(7808K)
[47.272s][info][gc             ] GC(97) Pause Young (Allocation Failure) 355M->16M(1023M) 0.483ms
[47.272s][info][gc,cpu         ] GC(97) User=0.00s Sys=0.00s Real=0.00s
[47.712s][info][gc,start       ] GC(98) Pause Young (System.gc())
[47.713s][info][gc,heap        ] GC(98) PSYoungGen: 324858K(348160K)->224K(348672K) Eden: 324602K(347648K)->0K(348160K) From: 256K(512K)->224K(512K)
[47.713s][info][gc,heap        ] GC(98) ParOldGen: 16542K(699392K)->16582K(699392K)
[47.713s][info][gc,metaspace   ] GC(98) Metaspace: 52074K(52672K)->52074K(52672K) NonClass: 44609K(44864K)->44609K(44864K) Class: 7464K(7808K)->7464K(7808K)
[47.713s][info][gc             ] GC(98) Pause Young (System.gc()) 333M->16M(1023M) 0.740ms
[47.713s][info][gc,cpu         ] GC(98) User=0.00s Sys=0.00s Real=0.00s
[47.713s][info][gc,start       ] GC(99) Pause Full (System.gc())
[47.713s][info][gc,phases,start] GC(99) Marking Phase
[47.728s][info][gc,phases      ] GC(99) Marking Phase 15.459ms
[47.728s][info][gc,phases,start] GC(99) Summary Phase
[47.728s][info][gc,phases      ] GC(99) Summary Phase 0.009ms
[47.728s][info][gc,phases,start] GC(99) Adjust Roots
[47.734s][info][gc,phases      ] GC(99) Adjust Roots 5.989ms
[47.734s][info][gc,phases,start] GC(99) Compaction Phase
[47.737s][info][gc,phases      ] GC(99) Compaction Phase 2.992ms
[47.737s][info][gc,phases,start] GC(99) Post Compact
[47.738s][info][gc,phases      ] GC(99) Post Compact 0.172ms
[47.738s][info][gc,heap        ] GC(99) PSYoungGen: 224K(348672K)->0K(348672K) Eden: 0K(348160K)->0K(348160K) From: 224K(512K)->0K(512K)
[47.738s][info][gc,heap        ] GC(99) ParOldGen: 16582K(699392K)->15979K(699392K)
[47.738s][info][gc,metaspace   ] GC(99) Metaspace: 52074K(52672K)->52074K(52672K) NonClass: 44609K(44864K)->44609K(44864K) Class: 7464K(7808K)->7464K(7808K)
[47.738s][info][gc             ] GC(99) Pause Full (System.gc()) 16M->15M(1023M) 24.854ms
[47.738s][info][gc,cpu         ] GC(99) User=0.02s Sys=0.00s Real=0.02s
[48.206s][info][gc,start       ] GC(100) Pause Young (Allocation Failure)
[48.208s][info][gc,heap        ] GC(100) PSYoungGen: 348160K(348672K)->512K(348672K) Eden: 348160K(348160K)->0K(348160K) From: 0K(512K)->512K(512K)
[48.208s][info][gc,heap        ] GC(100) ParOldGen: 15979K(699392K)->16043K(699392K)
[48.208s][info][gc,metaspace   ] GC(100) Metaspace: 52108K(52672K)->52108K(52672K) NonClass: 44643K(44864K)->44643K(44864K) Class: 7464K(7808K)->7464K(7808K)
[48.208s][info][gc             ] GC(100) Pause Young (Allocation Failure) 355M->16M(1023M) 1.500ms
[48.208s][info][gc,cpu         ] GC(100) User=0.00s Sys=0.00s Real=0.00s
[48.684s][info][gc,start       ] GC(101) Pause Young (Allocation Failure)
[48.684s][info][gc,heap        ] GC(101) PSYoungGen: 348672K(348672K)->256K(347648K) Eden: 348160K(348160K)->0K(347136K) From: 512K(512K)->256K(512K)
[48.684s][info][gc,heap        ] GC(101) ParOldGen: 16043K(699392K)->16411K(699392K)
[48.684s][info][gc,metaspace   ] GC(101) Metaspace: 52108K(52672K)->52108K(52672K) NonClass: 44643K(44864K)->44643K(44864K) Class: 7464K(7808K)->7464K(7808K)
[48.685s][info][gc             ] GC(101) Pause Young (Allocation Failure) 356M->16M(1022M) 0.712ms
[48.685s][info][gc,cpu         ] GC(101) User=0.00s Sys=0.00s Real=0.00s
[49.102s][info][gc,start       ] GC(102) Pause Young (Allocation Failure)
[49.103s][info][gc,heap        ] GC(102) PSYoungGen: 347392K(347648K)->256K(348160K) Eden: 347136K(347136K)->0K(347136K) From: 256K(512K)->256K(1024K)
[49.103s][info][gc,heap        ] GC(102) ParOldGen: 16411K(699392K)->16459K(699392K)
[49.103s][info][gc,metaspace   ] GC(102) Metaspace: 52110K(52672K)->52110K(52672K) NonClass: 44645K(44864K)->44645K(44864K) Class: 7464K(7808K)->7464K(7808K)
[49.103s][info][gc             ] GC(102) Pause Young (Allocation Failure) 355M->16M(1023M) 0.498ms
[49.103s][info][gc,cpu         ] GC(102) User=0.00s Sys=0.00s Real=0.00s
[49.530s][info][gc,start       ] GC(103) Pause Young (Allocation Failure)
[49.531s][info][gc,heap        ] GC(103) PSYoungGen: 347392K(348160K)->256K(348672K) Eden: 347136K(347136K)->0K(347648K) From: 256K(1024K)->256K(1024K)
[49.531s][info][gc,heap        ] GC(103) ParOldGen: 16459K(699392K)->16483K(699392K)
[49.531s][info][gc,metaspace   ] GC(103) Metaspace: 52110K(52672K)->52110K(52672K) NonClass: 44645K(44864K)->44645K(44864K) Class: 7464K(7808K)->7464K(7808K)
[49.531s][info][gc             ] GC(103) Pause Young (Allocation Failure) 355M->16M(1023M) 0.549ms
[49.531s][info][gc,cpu         ] GC(103) User=0.00s Sys=0.00s Real=0.00s
[49.966s][info][gc,start       ] GC(104) Pause Young (Allocation Failure)
[49.966s][info][gc,heap        ] GC(104) PSYoungGen: 347904K(348672K)->256K(348160K) Eden: 347648K(347648K)->0K(347648K) From: 256K(1024K)->256K(512K)
[49.966s][info][gc,heap        ] GC(104) ParOldGen: 16483K(699392K)->16531K(699392K)
[49.966s][info][gc,metaspace   ] GC(104) Metaspace: 52111K(52672K)->52111K(52672K) NonClass: 44646K(44864K)->44646K(44864K) Class: 7464K(7808K)->7464K(7808K)
[49.966s][info][gc             ] GC(104) Pause Young (Allocation Failure) 355M->16M(1023M) 0.510ms
[49.966s][info][gc,cpu         ] GC(104) User=0.00s Sys=0.00s Real=0.00s
[50.428s][info][gc,start       ] GC(105) Pause Young (Allocation Failure)
[50.429s][info][gc,heap        ] GC(105) PSYoungGen: 347904K(348160K)->256K(348672K) Eden: 347648K(347648K)->0K(348160K) From: 256K(512K)->256K(512K)
[50.429s][info][gc,heap        ] GC(105) ParOldGen: 16531K(699392K)->16539K(699392K)
[50.429s][info][gc,metaspace   ] GC(105) Metaspace: 52111K(52672K)->52111K(52672K) NonClass: 44647K(44864K)->44647K(44864K) Class: 7464K(7808K)->7464K(7808K)
[50.429s][info][gc             ] GC(105) Pause Young (Allocation Failure) 355M->16M(1023M) 0.565ms
[50.429s][info][gc,cpu         ] GC(105) User=0.00s Sys=0.00s Real=0.00s
[50.867s][info][gc,start       ] GC(106) Pause Young (Allocation Failure)
[50.868s][info][gc,heap        ] GC(106) PSYoungGen: 348416K(348672K)->288K(348672K) Eden: 348160K(348160K)->0K(348160K) From: 256K(512K)->288K(512K)
[50.868s][info][gc,heap        ] GC(106) ParOldGen: 16539K(699392K)->16579K(699392K)
[50.868s][info][gc,metaspace   ] GC(106) Metaspace: 52111K(52672K)->52111K(52672K) NonClass: 44647K(44864K)->44647K(44864K) Class: 7464K(7808K)->7464K(7808K)
[50.868s][info][gc             ] GC(106) Pause Young (Allocation Failure) 356M->16M(1023M) 0.510ms
[50.868s][info][gc,cpu         ] GC(106) User=0.00s Sys=0.00s Real=0.00s
[51.288s][info][gc,start       ] GC(107) Pause Young (System.gc())
[51.288s][info][gc,heap        ] GC(107) PSYoungGen: 329679K(348672K)->256K(348672K) Eden: 329391K(348160K)->0K(348160K) From: 288K(512K)->256K(512K)
[51.289s][info][gc,heap        ] GC(107) ParOldGen: 16579K(699392K)->16595K(699392K)
[51.289s][info][gc,metaspace   ] GC(107) Metaspace: 52136K(52672K)->52136K(52672K) NonClass: 44671K(44864K)->44671K(44864K) Class: 7464K(7808K)->7464K(7808K)
[51.289s][info][gc             ] GC(107) Pause Young (System.gc()) 338M->16M(1023M) 0.535ms
[51.289s][info][gc,cpu         ] GC(107) User=0.00s Sys=0.00s Real=0.00s
[51.289s][info][gc,start       ] GC(108) Pause Full (System.gc())
[51.289s][info][gc,phases,start] GC(108) Marking Phase
[51.304s][info][gc,phases      ] GC(108) Marking Phase 15.262ms
[51.304s][info][gc,phases,start] GC(108) Summary Phase
[51.304s][info][gc,phases      ] GC(108) Summary Phase 0.009ms
[51.304s][info][gc,phases,start] GC(108) Adjust Roots
[51.311s][info][gc,phases      ] GC(108) Adjust Roots 6.628ms
[51.311s][info][gc,phases,start] GC(108) Compaction Phase
[51.313s][info][gc,phases      ] GC(108) Compaction Phase 2.436ms
[51.313s][info][gc,phases,start] GC(108) Post Compact
[51.313s][info][gc,phases      ] GC(108) Post Compact 0.234ms
[51.313s][info][gc,heap        ] GC(108) PSYoungGen: 256K(348672K)->0K(348672K) Eden: 0K(348160K)->0K(348160K) From: 256K(512K)->0K(512K)
[51.313s][info][gc,heap        ] GC(108) ParOldGen: 16595K(699392K)->16000K(699392K)
[51.313s][info][gc,metaspace   ] GC(108) Metaspace: 52136K(52672K)->52136K(52672K) NonClass: 44671K(44864K)->44671K(44864K) Class: 7464K(7808K)->7464K(7808K)
[51.313s][info][gc             ] GC(108) Pause Full (System.gc()) 16M->15M(1023M) 24.791ms
[51.313s][info][gc,cpu         ] GC(108) User=0.00s Sys=0.00s Real=0.02s
[51.810s][info][gc,start       ] GC(109) Pause Young (Allocation Failure)
[51.810s][info][gc,heap        ] GC(109) PSYoungGen: 348160K(348672K)->512K(348672K) Eden: 348160K(348160K)->0K(348160K) From: 0K(512K)->512K(512K)
[51.810s][info][gc,heap        ] GC(109) ParOldGen: 16000K(699392K)->16048K(699392K)
[51.810s][info][gc,metaspace   ] GC(109) Metaspace: 52151K(52672K)->52151K(52672K) NonClass: 44686K(44864K)->44686K(44864K) Class: 7464K(7808K)->7464K(7808K)
[51.810s][info][gc             ] GC(109) Pause Young (Allocation Failure) 355M->16M(1023M) 0.732ms
[51.810s][info][gc,cpu         ] GC(109) User=0.00s Sys=0.00s Real=0.00s
[52.235s][info][gc,start       ] GC(110) Pause Young (Allocation Failure)
[52.236s][info][gc,heap        ] GC(110) PSYoungGen: 348672K(348672K)->224K(347648K) Eden: 348160K(348160K)->0K(347136K) From: 512K(512K)->224K(512K)
[52.236s][info][gc,heap        ] GC(110) ParOldGen: 16048K(699392K)->16408K(699392K)
[52.236s][info][gc,metaspace   ] GC(110) Metaspace: 52151K(52672K)->52151K(52672K) NonClass: 44686K(44864K)->44686K(44864K) Class: 7464K(7808K)->7464K(7808K)
[52.236s][info][gc             ] GC(110) Pause Young (Allocation Failure) 356M->16M(1022M) 0.701ms
[52.236s][info][gc,cpu         ] GC(110) User=0.00s Sys=0.00s Real=0.00s
[52.718s][info][gc,start       ] GC(111) Pause Young (Allocation Failure)
[52.718s][info][gc,heap        ] GC(111) PSYoungGen: 347360K(347648K)->320K(348160K) Eden: 347136K(347136K)->0K(347136K) From: 224K(512K)->320K(1024K)
[52.718s][info][gc,heap        ] GC(111) ParOldGen: 16408K(699392K)->16408K(699392K)
[52.718s][info][gc,metaspace   ] GC(111) Metaspace: 52151K(52672K)->52151K(52672K) NonClass: 44686K(44864K)->44686K(44864K) Class: 7464K(7808K)->7464K(7808K)
[52.718s][info][gc             ] GC(111) Pause Young (Allocation Failure) 355M->16M(1023M) 0.555ms
[52.718s][info][gc,cpu         ] GC(111) User=0.00s Sys=0.00s Real=0.00s
[53.136s][info][gc,start       ] GC(112) Pause Young (Allocation Failure)
[53.137s][info][gc,heap        ] GC(112) PSYoungGen: 347456K(348160K)->320K(348672K) Eden: 347136K(347136K)->0K(348160K) From: 320K(1024K)->320K(512K)
[53.137s][info][gc,heap        ] GC(112) ParOldGen: 16408K(699392K)->16440K(699392K)
[53.137s][info][gc,metaspace   ] GC(112) Metaspace: 52151K(52672K)->52151K(52672K) NonClass: 44686K(44864K)->44686K(44864K) Class: 7464K(7808K)->7464K(7808K)
[53.137s][info][gc             ] GC(112) Pause Young (Allocation Failure) 355M->16M(1023M) 0.541ms
[53.137s][info][gc,cpu         ] GC(112) User=0.00s Sys=0.00s Real=0.00s
[53.563s][info][gc,start       ] GC(113) Pause Young (Allocation Failure)
[53.564s][info][gc,heap        ] GC(113) PSYoungGen: 348480K(348672K)->256K(348672K) Eden: 348160K(348160K)->0K(348160K) From: 320K(512K)->256K(512K)
[53.564s][info][gc,heap        ] GC(113) ParOldGen: 16440K(699392K)->16464K(699392K)
[53.564s][info][gc,metaspace   ] GC(113) Metaspace: 52151K(52672K)->52151K(52672K) NonClass: 44686K(44864K)->44686K(44864K) Class: 7464K(7808K)->7464K(7808K)
[53.564s][info][gc             ] GC(113) Pause Young (Allocation Failure) 356M->16M(1023M) 0.490ms
[53.564s][info][gc,cpu         ] GC(113) User=0.00s Sys=0.00s Real=0.00s
[54.000s][info][gc,start       ] GC(114) Pause Young (Allocation Failure)
[54.001s][info][gc,heap        ] GC(114) PSYoungGen: 348416K(348672K)->192K(348672K) Eden: 348160K(348160K)->0K(348160K) From: 256K(512K)->192K(512K)
[54.001s][info][gc,heap        ] GC(114) ParOldGen: 16464K(699392K)->16504K(699392K)
[54.001s][info][gc,metaspace   ] GC(114) Metaspace: 52151K(52672K)->52151K(52672K) NonClass: 44686K(44864K)->44686K(44864K) Class: 7464K(7808K)->7464K(7808K)
[54.001s][info][gc             ] GC(114) Pause Young (Allocation Failure) 356M->16M(1023M) 0.469ms
[54.001s][info][gc,cpu         ] GC(114) User=0.00s Sys=0.00s Real=0.00s
[54.464s][info][gc,start       ] GC(115) Pause Young (Allocation Failure)
[54.464s][info][gc,heap        ] GC(115) PSYoungGen: 348352K(348672K)->224K(348672K) Eden: 348160K(348160K)->0K(348160K) From: 192K(512K)->224K(512K)
[54.465s][info][gc,heap        ] GC(115) ParOldGen: 16504K(699392K)->16504K(699392K)
[54.465s][info][gc,metaspace   ] GC(115) Metaspace: 52151K(52672K)->52151K(52672K) NonClass: 44686K(44864K)->44686K(44864K) Class: 7464K(7808K)->7464K(7808K)
[54.465s][info][gc             ] GC(115) Pause Young (Allocation Failure) 356M->16M(1023M) 0.471ms
[54.465s][info][gc,cpu         ] GC(115) User=0.00s Sys=0.00s Real=0.00s
[54.906s][info][gc,start       ] GC(116) Pause Young (System.gc())
[54.906s][info][gc,heap        ] GC(116) PSYoungGen: 325423K(348672K)->320K(348672K) Eden: 325199K(348160K)->0K(348160K) From: 224K(512K)->320K(512K)
[54.907s][info][gc,heap        ] GC(116) ParOldGen: 16504K(699392K)->16552K(699392K)
[54.907s][info][gc,metaspace   ] GC(116) Metaspace: 52154K(52672K)->52154K(52672K) NonClass: 44689K(44864K)->44689K(44864K) Class: 7464K(7808K)->7464K(7808K)
[54.907s][info][gc             ] GC(116) Pause Young (System.gc()) 333M->16M(1023M) 0.515ms
[54.907s][info][gc,cpu         ] GC(116) User=0.00s Sys=0.00s Real=0.00s
[54.907s][info][gc,start       ] GC(117) Pause Full (System.gc())
[54.907s][info][gc,phases,start] GC(117) Marking Phase
[54.922s][info][gc,phases      ] GC(117) Marking Phase 15.309ms
[54.922s][info][gc,phases,start] GC(117) Summary Phase
[54.922s][info][gc,phases      ] GC(117) Summary Phase 0.009ms
[54.922s][info][gc,phases,start] GC(117) Adjust Roots
[54.928s][info][gc,phases      ] GC(117) Adjust Roots 5.962ms
[54.928s][info][gc,phases,start] GC(117) Compaction Phase
[54.931s][info][gc,phases      ] GC(117) Compaction Phase 2.690ms
[54.931s][info][gc,phases,start] GC(117) Post Compact
[54.931s][info][gc,phases      ] GC(117) Post Compact 0.222ms
[54.931s][info][gc,heap        ] GC(117) PSYoungGen: 320K(348672K)->0K(348672K) Eden: 0K(348160K)->0K(348160K) From: 320K(512K)->0K(512K)
[54.931s][info][gc,heap        ] GC(117) ParOldGen: 16552K(699392K)->16008K(699392K)
[54.931s][info][gc,metaspace   ] GC(117) Metaspace: 52154K(52672K)->52154K(52672K) NonClass: 44689K(44864K)->44689K(44864K) Class: 7464K(7808K)->7464K(7808K)
[54.931s][info][gc             ] GC(117) Pause Full (System.gc()) 16M->15M(1023M) 24.441ms
[54.931s][info][gc,cpu         ] GC(117) User=0.02s Sys=0.00s Real=0.02s
[55.384s][info][gc,start       ] GC(118) Pause Young (Allocation Failure)
[55.385s][info][gc,heap        ] GC(118) PSYoungGen: 348160K(348672K)->512K(348672K) Eden: 348160K(348160K)->0K(348160K) From: 0K(512K)->512K(512K)
[55.385s][info][gc,heap        ] GC(118) ParOldGen: 16008K(699392K)->16032K(699392K)
[55.385s][info][gc,metaspace   ] GC(118) Metaspace: 52174K(52736K)->52174K(52736K) NonClass: 44709K(44928K)->44709K(44928K) Class: 7464K(7808K)->7464K(7808K)
[55.385s][info][gc             ] GC(118) Pause Young (Allocation Failure) 355M->16M(1023M) 0.806ms
[55.385s][info][gc,cpu         ] GC(118) User=0.00s Sys=0.00s Real=0.00s
[55.827s][info][gc,start       ] GC(119) Pause Young (Allocation Failure)
[55.828s][info][gc,heap        ] GC(119) PSYoungGen: 348672K(348672K)->224K(347648K) Eden: 348160K(348160K)->0K(347136K) From: 512K(512K)->224K(512K)
[55.828s][info][gc,heap        ] GC(119) ParOldGen: 16032K(699392K)->16392K(699392K)
[55.828s][info][gc,metaspace   ] GC(119) Metaspace: 52174K(52736K)->52174K(52736K) NonClass: 44709K(44928K)->44709K(44928K) Class: 7464K(7808K)->7464K(7808K)
[55.828s][info][gc             ] GC(119) Pause Young (Allocation Failure) 356M->16M(1022M) 0.695ms
[55.828s][info][gc,cpu         ] GC(119) User=0.00s Sys=0.00s Real=0.00s
[56.249s][info][gc,start       ] GC(120) Pause Young (Allocation Failure)
[56.249s][info][gc,heap        ] GC(120) PSYoungGen: 347360K(347648K)->288K(348160K) Eden: 347136K(347136K)->0K(347136K) From: 224K(512K)->288K(1024K)
[56.249s][info][gc,heap        ] GC(120) ParOldGen: 16392K(699392K)->16416K(699392K)
[56.249s][info][gc,metaspace   ] GC(120) Metaspace: 52174K(52736K)->52174K(52736K) NonClass: 44709K(44928K)->44709K(44928K) Class: 7464K(7808K)->7464K(7808K)
[56.249s][info][gc             ] GC(120) Pause Young (Allocation Failure) 355M->16M(1023M) 0.525ms
[56.249s][info][gc,cpu         ] GC(120) User=0.00s Sys=0.00s Real=0.00s
[56.712s][info][gc,start       ] GC(121) Pause Young (Allocation Failure)
[56.713s][info][gc,heap        ] GC(121) PSYoungGen: 347424K(348160K)->256K(348672K) Eden: 347136K(347136K)->0K(347648K) From: 288K(1024K)->256K(1024K)
[56.713s][info][gc,heap        ] GC(121) ParOldGen: 16416K(699392K)->16424K(699392K)
[56.713s][info][gc,metaspace   ] GC(121) Metaspace: 52174K(52736K)->52174K(52736K) NonClass: 44709K(44928K)->44709K(44928K) Class: 7464K(7808K)->7464K(7808K)
[56.713s][info][gc             ] GC(121) Pause Young (Allocation Failure) 355M->16M(1023M) 0.491ms
[56.713s][info][gc,cpu         ] GC(121) User=0.00s Sys=0.00s Real=0.00s
[57.139s][info][gc,start       ] GC(122) Pause Young (Allocation Failure)
[57.139s][info][gc,heap        ] GC(122) PSYoungGen: 347904K(348672K)->288K(348160K) Eden: 347648K(347648K)->0K(347648K) From: 256K(1024K)->288K(512K)
[57.139s][info][gc,heap        ] GC(122) ParOldGen: 16424K(699392K)->16464K(699392K)
[57.139s][info][gc,metaspace   ] GC(122) Metaspace: 52174K(52736K)->52174K(52736K) NonClass: 44709K(44928K)->44709K(44928K) Class: 7464K(7808K)->7464K(7808K)
[57.139s][info][gc             ] GC(122) Pause Young (Allocation Failure) 355M->16M(1023M) 0.526ms
[57.139s][info][gc,cpu         ] GC(122) User=0.00s Sys=0.00s Real=0.00s
[57.622s][info][gc,start       ] GC(123) Pause Young (Allocation Failure)
[57.622s][info][gc,heap        ] GC(123) PSYoungGen: 347936K(348160K)->288K(348672K) Eden: 347648K(347648K)->0K(348160K) From: 288K(512K)->288K(512K)
[57.622s][info][gc,heap        ] GC(123) ParOldGen: 16464K(699392K)->16480K(699392K)
[57.622s][info][gc,metaspace   ] GC(123) Metaspace: 52174K(52736K)->52174K(52736K) NonClass: 44709K(44928K)->44709K(44928K) Class: 7464K(7808K)->7464K(7808K)
[57.622s][info][gc             ] GC(123) Pause Young (Allocation Failure) 355M->16M(1023M) 0.551ms
[57.622s][info][gc,cpu         ] GC(123) User=0.00s Sys=0.00s Real=0.00s
[58.062s][info][gc,start       ] GC(124) Pause Young (Allocation Failure)
[58.062s][info][gc,heap        ] GC(124) PSYoungGen: 348448K(348672K)->224K(348672K) Eden: 348160K(348160K)->0K(348160K) From: 288K(512K)->224K(512K)
[58.062s][info][gc,heap        ] GC(124) ParOldGen: 16480K(699392K)->16520K(699392K)
[58.062s][info][gc,metaspace   ] GC(124) Metaspace: 52177K(52736K)->52177K(52736K) NonClass: 44712K(44928K)->44712K(44928K) Class: 7464K(7808K)->7464K(7808K)
[58.062s][info][gc             ] GC(124) Pause Young (Allocation Failure) 356M->16M(1023M) 0.603ms
[58.063s][info][gc,cpu         ] GC(124) User=0.00s Sys=0.00s Real=0.00s
[58.533s][info][gc,start       ] GC(125) Pause Young (System.gc())
[58.534s][info][gc,heap        ] GC(125) PSYoungGen: 326798K(348672K)->320K(348672K) Eden: 326574K(348160K)->0K(348160K) From: 224K(512K)->320K(512K)
[58.534s][info][gc,heap        ] GC(125) ParOldGen: 16520K(699392K)->16536K(699392K)
[58.534s][info][gc,metaspace   ] GC(125) Metaspace: 52197K(52800K)->52197K(52800K) NonClass: 44732K(44992K)->44732K(44992K) Class: 7464K(7808K)->7464K(7808K)
[58.534s][info][gc             ] GC(125) Pause Young (System.gc()) 335M->16M(1023M) 0.777ms
[58.534s][info][gc,cpu         ] GC(125) User=0.00s Sys=0.00s Real=0.00s
[58.534s][info][gc,start       ] GC(126) Pause Full (System.gc())
[58.534s][info][gc,phases,start] GC(126) Marking Phase
[58.550s][info][gc,phases      ] GC(126) Marking Phase 15.608ms
[58.550s][info][gc,phases,start] GC(126) Summary Phase
[58.550s][info][gc,phases      ] GC(126) Summary Phase 0.010ms
[58.550s][info][gc,phases,start] GC(126) Adjust Roots
[58.556s][info][gc,phases      ] GC(126) Adjust Roots 6.140ms
[58.556s][info][gc,phases,start] GC(126) Compaction Phase
[58.559s][info][gc,phases      ] GC(126) Compaction Phase 3.219ms
[58.559s][info][gc,phases,start] GC(126) Post Compact
[58.560s][info][gc,phases      ] GC(126) Post Compact 0.194ms
[58.560s][info][gc,heap        ] GC(126) PSYoungGen: 320K(348672K)->0K(348672K) Eden: 0K(348160K)->0K(348160K) From: 320K(512K)->0K(512K)
[58.560s][info][gc,heap        ] GC(126) ParOldGen: 16536K(699392K)->16046K(699392K)
[58.560s][info][gc,metaspace   ] GC(126) Metaspace: 52197K(52800K)->52197K(52800K) NonClass: 44732K(44992K)->44732K(44992K) Class: 7464K(7808K)->7464K(7808K)
[58.560s][info][gc             ] GC(126) Pause Full (System.gc()) 16M->15M(1023M) 25.407ms
[58.560s][info][gc,cpu         ] GC(126) User=0.02s Sys=0.00s Real=0.02s
[59.027s][info][gc,start       ] GC(127) Pause Young (Allocation Failure)
[59.028s][info][gc,heap        ] GC(127) PSYoungGen: 348160K(348672K)->512K(348672K) Eden: 348160K(348160K)->0K(348160K) From: 0K(512K)->512K(512K)
[59.028s][info][gc,heap        ] GC(127) ParOldGen: 16046K(699392K)->16062K(699392K)
[59.028s][info][gc,metaspace   ] GC(127) Metaspace: 52210K(52800K)->52210K(52800K) NonClass: 44745K(44992K)->44745K(44992K) Class: 7464K(7808K)->7464K(7808K)
[59.028s][info][gc             ] GC(127) Pause Young (Allocation Failure) 355M->16M(1023M) 0.882ms
[59.028s][info][gc,cpu         ] GC(127) User=0.00s Sys=0.00s Real=0.00s
[59.482s][info][gc,start       ] GC(128) Pause Young (Allocation Failure)
[59.483s][info][gc,heap        ] GC(128) PSYoungGen: 348672K(348672K)->224K(347648K) Eden: 348160K(348160K)->0K(347136K) From: 512K(512K)->224K(512K)
[59.483s][info][gc,heap        ] GC(128) ParOldGen: 16062K(699392K)->16398K(699392K)
[59.483s][info][gc,metaspace   ] GC(128) Metaspace: 52210K(52800K)->52210K(52800K) NonClass: 44745K(44992K)->44745K(44992K) Class: 7464K(7808K)->7464K(7808K)
[59.483s][info][gc             ] GC(128) Pause Young (Allocation Failure) 356M->16M(1022M) 0.672ms
[59.483s][info][gc,cpu         ] GC(128) User=0.00s Sys=0.00s Real=0.00s
[59.911s][info][gc,start       ] GC(129) Pause Young (Allocation Failure)
[59.912s][info][gc,heap        ] GC(129) PSYoungGen: 347360K(347648K)->256K(348160K) Eden: 347136K(347136K)->0K(347136K) From: 224K(512K)->256K(1024K)
[59.912s][info][gc,heap        ] GC(129) ParOldGen: 16398K(699392K)->16438K(699392K)
[59.912s][info][gc,metaspace   ] GC(129) Metaspace: 52216K(52800K)->52216K(52800K) NonClass: 44751K(44992K)->44751K(44992K) Class: 7464K(7808K)->7464K(7808K)
[59.912s][info][gc             ] GC(129) Pause Young (Allocation Failure) 355M->16M(1023M) 0.517ms
[59.912s][info][gc,cpu         ] GC(129) User=0.00s Sys=0.00s Real=0.00s
[60.336s][info][gc,start       ] GC(130) Pause Young (Allocation Failure)
[60.336s][info][gc,heap        ] GC(130) PSYoungGen: 347392K(348160K)->256K(348672K) Eden: 347136K(347136K)->0K(348160K) From: 256K(1024K)->256K(512K)
[60.336s][info][gc,heap        ] GC(130) ParOldGen: 16438K(699392K)->16462K(699392K)
[60.337s][info][gc,metaspace   ] GC(130) Metaspace: 52224K(52800K)->52224K(52800K) NonClass: 44759K(44992K)->44759K(44992K) Class: 7465K(7808K)->7465K(7808K)
[60.337s][info][gc             ] GC(130) Pause Young (Allocation Failure) 355M->16M(1023M) 0.575ms
[60.337s][info][gc,cpu         ] GC(130) User=0.00s Sys=0.00s Real=0.00s
[60.769s][info][gc,start       ] GC(131) Pause Young (Allocation Failure)
[60.770s][info][gc,heap        ] GC(131) PSYoungGen: 348416K(348672K)->256K(348672K) Eden: 348160K(348160K)->0K(348160K) From: 256K(512K)->256K(512K)
[60.770s][info][gc,heap        ] GC(131) ParOldGen: 16462K(699392K)->16510K(699392K)
[60.770s][info][gc,metaspace   ] GC(131) Metaspace: 52224K(52800K)->52224K(52800K) NonClass: 44759K(44992K)->44759K(44992K) Class: 7465K(7808K)->7465K(7808K)
[60.770s][info][gc             ] GC(131) Pause Young (Allocation Failure) 356M->16M(1023M) 0.500ms
[60.770s][info][gc,cpu         ] GC(131) User=0.00s Sys=0.00s Real=0.00s
[61.186s][info][gc,start       ] GC(132) Pause Young (Allocation Failure)
[61.186s][info][gc,heap        ] GC(132) PSYoungGen: 348416K(348672K)->256K(348672K) Eden: 348160K(348160K)->0K(348160K) From: 256K(512K)->256K(512K)
[61.186s][info][gc,heap        ] GC(132) ParOldGen: 16510K(699392K)->16510K(699392K)
[61.186s][info][gc,metaspace   ] GC(132) Metaspace: 52224K(52800K)->52224K(52800K) NonClass: 44759K(44992K)->44759K(44992K) Class: 7465K(7808K)->7465K(7808K)
[61.186s][info][gc             ] GC(132) Pause Young (Allocation Failure) 356M->16M(1023M) 0.520ms
[61.186s][info][gc,cpu         ] GC(132) User=0.00s Sys=0.00s Real=0.00s
[61.656s][info][gc,start       ] GC(133) Pause Young (Allocation Failure)
[61.657s][info][gc,heap        ] GC(133) PSYoungGen: 348416K(348672K)->224K(348672K) Eden: 348160K(348160K)->0K(348160K) From: 256K(512K)->224K(512K)
[61.657s][info][gc,heap        ] GC(133) ParOldGen: 16510K(699392K)->16518K(699392K)
[61.657s][info][gc,metaspace   ] GC(133) Metaspace: 52224K(52800K)->52224K(52800K) NonClass: 44759K(44992K)->44759K(44992K) Class: 7465K(7808K)->7465K(7808K)
[61.657s][info][gc             ] GC(133) Pause Young (Allocation Failure) 356M->16M(1023M) 0.535ms
[61.657s][info][gc,cpu         ] GC(133) User=0.00s Sys=0.00s Real=0.00s
[62.076s][info][gc,start       ] GC(134) Pause Young (System.gc())
[62.076s][info][gc,heap        ] GC(134) PSYoungGen: 325000K(348672K)->288K(348672K) Eden: 324776K(348160K)->0K(348160K) From: 224K(512K)->288K(512K)
[62.076s][info][gc,heap        ] GC(134) ParOldGen: 16518K(699392K)->16558K(699392K)
[62.076s][info][gc,metaspace   ] GC(134) Metaspace: 52235K(52800K)->52235K(52800K) NonClass: 44770K(44992K)->44770K(44992K) Class: 7465K(7808K)->7465K(7808K)
[62.076s][info][gc             ] GC(134) Pause Young (System.gc()) 333M->16M(1023M) 0.546ms
[62.076s][info][gc,cpu         ] GC(134) User=0.00s Sys=0.00s Real=0.00s
[62.076s][info][gc,start       ] GC(135) Pause Full (System.gc())
[62.076s][info][gc,phases,start] GC(135) Marking Phase
[62.091s][info][gc,phases      ] GC(135) Marking Phase 14.972ms
[62.091s][info][gc,phases,start] GC(135) Summary Phase
[62.092s][info][gc,phases      ] GC(135) Summary Phase 0.009ms
[62.092s][info][gc,phases,start] GC(135) Adjust Roots
[62.098s][info][gc,phases      ] GC(135) Adjust Roots 6.235ms
[62.098s][info][gc,phases,start] GC(135) Compaction Phase
[62.101s][info][gc,phases      ] GC(135) Compaction Phase 3.068ms
[62.101s][info][gc,phases,start] GC(135) Post Compact
[62.101s][info][gc,phases      ] GC(135) Post Compact 0.180ms
[62.101s][info][gc,heap        ] GC(135) PSYoungGen: 288K(348672K)->0K(348672K) Eden: 0K(348160K)->0K(348160K) From: 288K(512K)->0K(512K)
[62.101s][info][gc,heap        ] GC(135) ParOldGen: 16558K(699392K)->16057K(699392K)
[62.101s][info][gc,metaspace   ] GC(135) Metaspace: 52235K(52800K)->52235K(52800K) NonClass: 44770K(44992K)->44770K(44992K) Class: 7465K(7808K)->7465K(7808K)
[62.101s][info][gc             ] GC(135) Pause Full (System.gc()) 16M->15M(1023M) 24.702ms
[62.101s][info][gc,cpu         ] GC(135) User=0.00s Sys=0.00s Real=0.02s
[62.543s][info][gc,start       ] GC(136) Pause Young (Allocation Failure)
[62.544s][info][gc,heap        ] GC(136) PSYoungGen: 348160K(348672K)->512K(348672K) Eden: 348160K(348160K)->0K(348160K) From: 0K(512K)->512K(512K)
[62.544s][info][gc,heap        ] GC(136) ParOldGen: 16057K(699392K)->16073K(699392K)
[62.544s][info][gc,metaspace   ] GC(136) Metaspace: 52274K(52864K)->52274K(52864K) NonClass: 44808K(45056K)->44808K(45056K) Class: 7465K(7808K)->7465K(7808K)
[62.544s][info][gc             ] GC(136) Pause Young (Allocation Failure) 355M->16M(1023M) 0.692ms
[62.544s][info][gc,cpu         ] GC(136) User=0.00s Sys=0.00s Real=0.00s
[62.975s][info][gc,start       ] GC(137) Pause Young (Allocation Failure)
[62.976s][info][gc,heap        ] GC(137) PSYoungGen: 348672K(348672K)->224K(347648K) Eden: 348160K(348160K)->0K(347136K) From: 512K(512K)->224K(512K)
[62.976s][info][gc,heap        ] GC(137) ParOldGen: 16073K(699392K)->16417K(699392K)
[62.976s][info][gc,metaspace   ] GC(137) Metaspace: 52274K(52864K)->52274K(52864K) NonClass: 44808K(45056K)->44808K(45056K) Class: 7465K(7808K)->7465K(7808K)
[62.976s][info][gc             ] GC(137) Pause Young (Allocation Failure) 356M->16M(1022M) 0.635ms
[62.976s][info][gc,cpu         ] GC(137) User=0.00s Sys=0.00s Real=0.00s
[63.441s][info][gc,start       ] GC(138) Pause Young (Allocation Failure)
[63.441s][info][gc,heap        ] GC(138) PSYoungGen: 347360K(347648K)->288K(348160K) Eden: 347136K(347136K)->0K(347136K) From: 224K(512K)->288K(1024K)
[63.441s][info][gc,heap        ] GC(138) ParOldGen: 16417K(699392K)->16433K(699392K)
[63.441s][info][gc,metaspace   ] GC(138) Metaspace: 52274K(52864K)->52274K(52864K) NonClass: 44808K(45056K)->44808K(45056K) Class: 7465K(7808K)->7465K(7808K)
[63.441s][info][gc             ] GC(138) Pause Young (Allocation Failure) 355M->16M(1023M) 0.534ms
[63.441s][info][gc,cpu         ] GC(138) User=0.00s Sys=0.00s Real=0.00s
[63.875s][info][gc,start       ] GC(139) Pause Young (Allocation Failure)
[63.875s][info][gc,heap        ] GC(139) PSYoungGen: 347424K(348160K)->256K(348672K) Eden: 347136K(347136K)->0K(348160K) From: 288K(1024K)->256K(512K)
[63.875s][info][gc,heap        ] GC(139) ParOldGen: 16433K(699392K)->16473K(699392K)
[63.875s][info][gc,metaspace   ] GC(139) Metaspace: 52277K(52864K)->52277K(52864K) NonClass: 44812K(45056K)->44812K(45056K) Class: 7465K(7808K)->7465K(7808K)
[63.875s][info][gc             ] GC(139) Pause Young (Allocation Failure) 355M->16M(1023M) 0.532ms
[63.875s][info][gc,cpu         ] GC(139) User=0.00s Sys=0.00s Real=0.00s
[64.292s][info][gc,start       ] GC(140) Pause Young (Allocation Failure)
[64.293s][info][gc,heap        ] GC(140) PSYoungGen: 348416K(348672K)->288K(348672K) Eden: 348160K(348160K)->0K(348160K) From: 256K(512K)->288K(512K)
[64.293s][info][gc,heap        ] GC(140) ParOldGen: 16473K(699392K)->16497K(699392K)
[64.293s][info][gc,metaspace   ] GC(140) Metaspace: 52277K(52864K)->52277K(52864K) NonClass: 44812K(45056K)->44812K(45056K) Class: 7465K(7808K)->7465K(7808K)
[64.293s][info][gc             ] GC(140) Pause Young (Allocation Failure) 356M->16M(1023M) 0.524ms
[64.293s][info][gc,cpu         ] GC(140) User=0.00s Sys=0.00s Real=0.00s
[64.731s][info][gc,start       ] GC(141) Pause Young (Allocation Failure)
[64.731s][info][gc,heap        ] GC(141) PSYoungGen: 348448K(348672K)->288K(348672K) Eden: 348160K(348160K)->0K(348160K) From: 288K(512K)->288K(512K)
[64.731s][info][gc,heap        ] GC(141) ParOldGen: 16497K(699392K)->16537K(699392K)
[64.731s][info][gc,metaspace   ] GC(141) Metaspace: 52277K(52864K)->52277K(52864K) NonClass: 44812K(45056K)->44812K(45056K) Class: 7465K(7808K)->7465K(7808K)
[64.731s][info][gc             ] GC(141) Pause Young (Allocation Failure) 356M->16M(1023M) 0.494ms
[64.731s][info][gc,cpu         ] GC(141) User=0.00s Sys=0.00s Real=0.00s
[65.149s][info][gc,start       ] GC(142) Pause Young (Allocation Failure)
[65.150s][info][gc,heap        ] GC(142) PSYoungGen: 348448K(348672K)->224K(348672K) Eden: 348160K(348160K)->0K(348160K) From: 288K(512K)->224K(512K)
[65.150s][info][gc,heap        ] GC(142) ParOldGen: 16537K(699392K)->16553K(699392K)
[65.150s][info][gc,metaspace   ] GC(142) Metaspace: 52277K(52864K)->52277K(52864K) NonClass: 44812K(45056K)->44812K(45056K) Class: 7465K(7808K)->7465K(7808K)
[65.150s][info][gc             ] GC(142) Pause Young (Allocation Failure) 356M->16M(1023M) 0.489ms
[65.150s][info][gc,cpu         ] GC(142) User=0.00s Sys=0.00s Real=0.00s
[65.628s][info][gc,start       ] GC(143) Pause Young (System.gc())
[65.628s][info][gc,heap        ] GC(143) PSYoungGen: 323358K(348672K)->288K(348672K) Eden: 323134K(348160K)->0K(348160K) From: 224K(512K)->288K(512K)
[65.628s][info][gc,heap        ] GC(143) ParOldGen: 16553K(699392K)->16577K(699392K)
[65.628s][info][gc,metaspace   ] GC(143) Metaspace: 52288K(52864K)->52288K(52864K) NonClass: 44823K(45056K)->44823K(45056K) Class: 7465K(7808K)->7465K(7808K)
[65.628s][info][gc             ] GC(143) Pause Young (System.gc()) 331M->16M(1023M) 0.486ms
[65.628s][info][gc,cpu         ] GC(143) User=0.00s Sys=0.00s Real=0.00s
[65.629s][info][gc,start       ] GC(144) Pause Full (System.gc())
[65.629s][info][gc,phases,start] GC(144) Marking Phase
[65.645s][info][gc,phases      ] GC(144) Marking Phase 16.137ms
[65.645s][info][gc,phases,start] GC(144) Summary Phase
[65.645s][info][gc,phases      ] GC(144) Summary Phase 0.009ms
[65.645s][info][gc,phases,start] GC(144) Adjust Roots
[65.651s][info][gc,phases      ] GC(144) Adjust Roots 6.060ms
[65.651s][info][gc,phases,start] GC(144) Compaction Phase
[65.654s][info][gc,phases      ] GC(144) Compaction Phase 2.863ms
[65.654s][info][gc,phases,start] GC(144) Post Compact
[65.654s][info][gc,phases      ] GC(144) Post Compact 0.197ms
[65.654s][info][gc,heap        ] GC(144) PSYoungGen: 288K(348672K)->0K(348672K) Eden: 0K(348160K)->0K(348160K) From: 288K(512K)->0K(512K)
[65.654s][info][gc,heap        ] GC(144) ParOldGen: 16577K(699392K)->15995K(699392K)
[65.654s][info][gc,metaspace   ] GC(144) Metaspace: 52288K(52864K)->52288K(52864K) NonClass: 44823K(45056K)->44823K(45056K) Class: 7465K(7808K)->7465K(7808K)
[65.654s][info][gc             ] GC(144) Pause Full (System.gc()) 16M->15M(1023M) 25.530ms
[65.654s][info][gc,cpu         ] GC(144) User=0.00s Sys=0.00s Real=0.02s
[66.087s][info][gc,start       ] GC(145) Pause Young (Allocation Failure)
[66.088s][info][gc,heap        ] GC(145) PSYoungGen: 348160K(348672K)->512K(348672K) Eden: 348160K(348160K)->0K(348160K) From: 0K(512K)->512K(512K)
[66.088s][info][gc,heap        ] GC(145) ParOldGen: 15995K(699392K)->16035K(699392K)
[66.088s][info][gc,metaspace   ] GC(145) Metaspace: 52310K(52864K)->52310K(52864K) NonClass: 44845K(45056K)->44845K(45056K) Class: 7465K(7808K)->7465K(7808K)
[66.088s][info][gc             ] GC(145) Pause Young (Allocation Failure) 355M->16M(1023M) 0.807ms
[66.088s][info][gc,cpu         ] GC(145) User=0.00s Sys=0.00s Real=0.00s
[66.522s][info][gc,start       ] GC(146) Pause Young (Allocation Failure)
[66.522s][info][gc,heap        ] GC(146) PSYoungGen: 348672K(348672K)->288K(348672K) Eden: 348160K(348160K)->0K(348160K) From: 512K(512K)->288K(512K)
[66.522s][info][gc,heap        ] GC(146) ParOldGen: 16035K(699392K)->16411K(699392K)
[66.522s][info][gc,metaspace   ] GC(146) Metaspace: 52310K(52864K)->52310K(52864K) NonClass: 44845K(45056K)->44845K(45056K) Class: 7465K(7808K)->7465K(7808K)
[66.522s][info][gc             ] GC(146) Pause Young (Allocation Failure) 356M->16M(1023M) 0.827ms
[66.523s][info][gc,cpu         ] GC(146) User=0.00s Sys=0.00s Real=0.00s
[66.958s][info][gc,start       ] GC(147) Pause Young (Allocation Failure)
[66.959s][info][gc,heap        ] GC(147) PSYoungGen: 348448K(348672K)->256K(348672K) Eden: 348160K(348160K)->0K(348160K) From: 288K(512K)->256K(512K)
[66.959s][info][gc,heap        ] GC(147) ParOldGen: 16411K(699392K)->16443K(699392K)
[66.959s][info][gc,metaspace   ] GC(147) Metaspace: 52310K(52864K)->52310K(52864K) NonClass: 44845K(45056K)->44845K(45056K) Class: 7465K(7808K)->7465K(7808K)
[66.959s][info][gc             ] GC(147) Pause Young (Allocation Failure) 356M->16M(1023M) 0.530ms
[66.959s][info][gc,cpu         ] GC(147) User=0.00s Sys=0.00s Real=0.00s
[67.412s][info][gc,start       ] GC(148) Pause Young (Allocation Failure)
[67.412s][info][gc,heap        ] GC(148) PSYoungGen: 348416K(348672K)->256K(348672K) Eden: 348160K(348160K)->0K(348160K) From: 256K(512K)->256K(512K)
[67.412s][info][gc,heap        ] GC(148) ParOldGen: 16443K(699392K)->16451K(699392K)
[67.412s][info][gc,metaspace   ] GC(148) Metaspace: 52312K(52864K)->52312K(52864K) NonClass: 44847K(45056K)->44847K(45056K) Class: 7465K(7808K)->7465K(7808K)
[67.412s][info][gc             ] GC(148) Pause Young (Allocation Failure) 356M->16M(1023M) 0.682ms
[67.412s][info][gc,cpu         ] GC(148) User=0.00s Sys=0.00s Real=0.00s
[67.855s][info][gc,start       ] GC(149) Pause Young (Allocation Failure)
[67.856s][info][gc,heap        ] GC(149) PSYoungGen: 348416K(348672K)->192K(348672K) Eden: 348160K(348160K)->0K(348160K) From: 256K(512K)->192K(512K)
[67.856s][info][gc,heap        ] GC(149) ParOldGen: 16451K(699392K)->16491K(699392K)
[67.856s][info][gc,metaspace   ] GC(149) Metaspace: 52312K(52864K)->52312K(52864K) NonClass: 44847K(45056K)->44847K(45056K) Class: 7465K(7808K)->7465K(7808K)
[67.856s][info][gc             ] GC(149) Pause Young (Allocation Failure) 356M->16M(1023M) 0.489ms
[67.856s][info][gc,cpu         ] GC(149) User=0.00s Sys=0.00s Real=0.00s
[68.285s][info][gc,start       ] GC(150) Pause Young (Allocation Failure)
[68.285s][info][gc,heap        ] GC(150) PSYoungGen: 348352K(348672K)->256K(348672K) Eden: 348160K(348160K)->0K(348160K) From: 192K(512K)->256K(512K)
[68.285s][info][gc,heap        ] GC(150) ParOldGen: 16491K(699392K)->16499K(699392K)
[68.285s][info][gc,metaspace   ] GC(150) Metaspace: 52312K(52864K)->52312K(52864K) NonClass: 44847K(45056K)->44847K(45056K) Class: 7465K(7808K)->7465K(7808K)
[68.285s][info][gc             ] GC(150) Pause Young (Allocation Failure) 356M->16M(1023M) 0.506ms
[68.285s][info][gc,cpu         ] GC(150) User=0.00s Sys=0.00s Real=0.00s
[68.727s][info][gc,start       ] GC(151) Pause Young (Allocation Failure)
[68.728s][info][gc,heap        ] GC(151) PSYoungGen: 348416K(348672K)->224K(348672K) Eden: 348160K(348160K)->0K(348160K) From: 256K(512K)->224K(512K)
[68.728s][info][gc,heap        ] GC(151) ParOldGen: 16499K(699392K)->16539K(699392K)
[68.728s][info][gc,metaspace   ] GC(151) Metaspace: 52312K(52864K)->52312K(52864K) NonClass: 44847K(45056K)->44847K(45056K) Class: 7465K(7808K)->7465K(7808K)
[68.728s][info][gc             ] GC(151) Pause Young (Allocation Failure) 356M->16M(1023M) 0.578ms
[68.728s][info][gc,cpu         ] GC(151) User=0.00s Sys=0.00s Real=0.00s
[69.141s][info][gc,start       ] GC(152) Pause Young (System.gc())
[69.142s][info][gc,heap        ] GC(152) PSYoungGen: 323080K(348672K)->352K(348672K) Eden: 322856K(348160K)->0K(348160K) From: 224K(512K)->352K(512K)
[69.142s][info][gc,heap        ] GC(152) ParOldGen: 16539K(699392K)->16547K(699392K)
[69.142s][info][gc,metaspace   ] GC(152) Metaspace: 52323K(52864K)->52323K(52864K) NonClass: 44857K(45056K)->44857K(45056K) Class: 7465K(7808K)->7465K(7808K)
[69.142s][info][gc             ] GC(152) Pause Young (System.gc()) 331M->16M(1023M) 0.623ms
[69.142s][info][gc,cpu         ] GC(152) User=0.00s Sys=0.00s Real=0.00s
[69.142s][info][gc,start       ] GC(153) Pause Full (System.gc())
[69.142s][info][gc,phases,start] GC(153) Marking Phase
[69.158s][info][gc,phases      ] GC(153) Marking Phase 15.717ms
[69.158s][info][gc,phases,start] GC(153) Summary Phase
[69.158s][info][gc,phases      ] GC(153) Summary Phase 0.009ms
[69.158s][info][gc,phases,start] GC(153) Adjust Roots
[69.164s][info][gc,phases      ] GC(153) Adjust Roots 6.450ms
[69.164s][info][gc,phases,start] GC(153) Compaction Phase
[69.167s][info][gc,phases      ] GC(153) Compaction Phase 3.211ms
[69.167s][info][gc,phases,start] GC(153) Post Compact
[69.168s][info][gc,phases      ] GC(153) Post Compact 0.196ms
[69.168s][info][gc,heap        ] GC(153) PSYoungGen: 352K(348672K)->0K(348672K) Eden: 0K(348160K)->0K(348160K) From: 352K(512K)->0K(512K)
[69.168s][info][gc,heap        ] GC(153) ParOldGen: 16547K(699392K)->16076K(699392K)
[69.168s][info][gc,metaspace   ] GC(153) Metaspace: 52323K(52864K)->52323K(52864K) NonClass: 44857K(45056K)->44857K(45056K) Class: 7465K(7808K)->7465K(7808K)
[69.168s][info][gc             ] GC(153) Pause Full (System.gc()) 16M->15M(1023M) 25.809ms
[69.168s][info][gc,cpu         ] GC(153) User=0.00s Sys=0.00s Real=0.02s
[69.650s][info][gc,start       ] GC(154) Pause Young (Allocation Failure)
[69.651s][info][gc,heap        ] GC(154) PSYoungGen: 348160K(348672K)->512K(348672K) Eden: 348160K(348160K)->0K(348160K) From: 0K(512K)->512K(512K)
[69.651s][info][gc,heap        ] GC(154) ParOldGen: 16076K(699392K)->16092K(699392K)
[69.651s][info][gc,metaspace   ] GC(154) Metaspace: 52344K(52928K)->52344K(52928K) NonClass: 44879K(45120K)->44879K(45120K) Class: 7465K(7808K)->7465K(7808K)
[69.651s][info][gc             ] GC(154) Pause Young (Allocation Failure) 355M->16M(1023M) 0.806ms
[69.651s][info][gc,cpu         ] GC(154) User=0.00s Sys=0.00s Real=0.00s
[70.067s][info][gc,start       ] GC(155) Pause Young (Allocation Failure)
[70.067s][info][gc,heap        ] GC(155) PSYoungGen: 348672K(348672K)->256K(347648K) Eden: 348160K(348160K)->0K(347136K) From: 512K(512K)->256K(512K)
[70.067s][info][gc,heap        ] GC(155) ParOldGen: 16092K(699392K)->16412K(699392K)
[70.067s][info][gc,metaspace   ] GC(155) Metaspace: 52344K(52928K)->52344K(52928K) NonClass: 44879K(45120K)->44879K(45120K) Class: 7465K(7808K)->7465K(7808K)
[70.067s][info][gc             ] GC(155) Pause Young (Allocation Failure) 356M->16M(1022M) 0.671ms
[70.067s][info][gc,cpu         ] GC(155) User=0.00s Sys=0.00s Real=0.00s
[70.510s][info][gc,start       ] GC(156) Pause Young (Allocation Failure)
[70.510s][info][gc,heap        ] GC(156) PSYoungGen: 347392K(347648K)->256K(348160K) Eden: 347136K(347136K)->0K(347136K) From: 256K(512K)->256K(1024K)
[70.510s][info][gc,heap        ] GC(156) ParOldGen: 16412K(699392K)->16420K(699392K)
[70.510s][info][gc,metaspace   ] GC(156) Metaspace: 52345K(52928K)->52345K(52928K) NonClass: 44879K(45120K)->44879K(45120K) Class: 7465K(7808K)->7465K(7808K)
[70.510s][info][gc             ] GC(156) Pause Young (Allocation Failure) 355M->16M(1023M) 0.466ms
[70.510s][info][gc,cpu         ] GC(156) User=0.00s Sys=0.00s Real=0.00s
[70.941s][info][gc,start       ] GC(157) Pause Young (Allocation Failure)
[70.941s][info][gc,heap        ] GC(157) PSYoungGen: 347392K(348160K)->224K(348672K) Eden: 347136K(347136K)->0K(348160K) From: 256K(1024K)->224K(512K)
[70.941s][info][gc,heap        ] GC(157) ParOldGen: 16420K(699392K)->16460K(699392K)
[70.941s][info][gc,metaspace   ] GC(157) Metaspace: 52345K(52928K)->52345K(52928K) NonClass: 44879K(45120K)->44879K(45120K) Class: 7465K(7808K)->7465K(7808K)
[70.941s][info][gc             ] GC(157) Pause Young (Allocation Failure) 355M->16M(1023M) 0.486ms
[70.941s][info][gc,cpu         ] GC(157) User=0.00s Sys=0.00s Real=0.00s
[71.383s][info][gc,start       ] GC(158) Pause Young (Allocation Failure)
[71.384s][info][gc,heap        ] GC(158) PSYoungGen: 348384K(348672K)->288K(348672K) Eden: 348160K(348160K)->0K(348160K) From: 224K(512K)->288K(512K)
[71.384s][info][gc,heap        ] GC(158) ParOldGen: 16460K(699392K)->16484K(699392K)
[71.384s][info][gc,metaspace   ] GC(158) Metaspace: 52345K(52928K)->52345K(52928K) NonClass: 44879K(45120K)->44879K(45120K) Class: 7465K(7808K)->7465K(7808K)
[71.384s][info][gc             ] GC(158) Pause Young (Allocation Failure) 356M->16M(1023M) 0.503ms
[71.384s][info][gc,cpu         ] GC(158) User=0.00s Sys=0.00s Real=0.00s
[71.821s][info][gc,start       ] GC(159) Pause Young (Allocation Failure)
[71.821s][info][gc,heap        ] GC(159) PSYoungGen: 348448K(348672K)->256K(348672K) Eden: 348160K(348160K)->0K(348160K) From: 288K(512K)->256K(512K)
[71.821s][info][gc,heap        ] GC(159) ParOldGen: 16484K(699392K)->16516K(699392K)
[71.822s][info][gc,metaspace   ] GC(159) Metaspace: 52345K(52928K)->52345K(52928K) NonClass: 44879K(45120K)->44879K(45120K) Class: 7465K(7808K)->7465K(7808K)
[71.822s][info][gc             ] GC(159) Pause Young (Allocation Failure) 356M->16M(1023M) 0.506ms
[71.822s][info][gc,cpu         ] GC(159) User=0.00s Sys=0.00s Real=0.00s
[72.235s][info][gc,start       ] GC(160) Pause Young (Allocation Failure)
[72.236s][info][gc,heap        ] GC(160) PSYoungGen: 348416K(348672K)->320K(348672K) Eden: 348160K(348160K)->0K(348160K) From: 256K(512K)->320K(512K)
[72.236s][info][gc,heap        ] GC(160) ParOldGen: 16516K(699392K)->16532K(699392K)
[72.236s][info][gc,metaspace   ] GC(160) Metaspace: 52345K(52928K)->52345K(52928K) NonClass: 44879K(45120K)->44879K(45120K) Class: 7465K(7808K)->7465K(7808K)
[72.236s][info][gc             ] GC(160) Pause Young (Allocation Failure) 356M->16M(1023M) 0.517ms
[72.236s][info][gc,cpu         ] GC(160) User=0.00s Sys=0.00s Real=0.00s
[72.674s][info][gc,start       ] GC(161) Pause Young (System.gc())
[72.675s][info][gc,heap        ] GC(161) PSYoungGen: 323356K(348672K)->256K(348672K) Eden: 323036K(348160K)->0K(348160K) From: 320K(512K)->256K(512K)
[72.675s][info][gc,heap        ] GC(161) ParOldGen: 16532K(699392K)->16540K(699392K)
[72.675s][info][gc,metaspace   ] GC(161) Metaspace: 52350K(52928K)->52350K(52928K) NonClass: 44884K(45120K)->44884K(45120K) Class: 7465K(7808K)->7465K(7808K)
[72.675s][info][gc             ] GC(161) Pause Young (System.gc()) 331M->16M(1023M) 0.535ms
[72.675s][info][gc,cpu         ] GC(161) User=0.02s Sys=0.00s Real=0.00s
[72.675s][info][gc,start       ] GC(162) Pause Full (System.gc())
[72.675s][info][gc,phases,start] GC(162) Marking Phase
[72.691s][info][gc,phases      ] GC(162) Marking Phase 16.106ms
[72.691s][info][gc,phases,start] GC(162) Summary Phase
[72.691s][info][gc,phases      ] GC(162) Summary Phase 0.009ms
[72.691s][info][gc,phases,start] GC(162) Adjust Roots
[72.697s][info][gc,phases      ] GC(162) Adjust Roots 6.254ms
[72.697s][info][gc,phases,start] GC(162) Compaction Phase
[72.700s][info][gc,phases      ] GC(162) Compaction Phase 3.072ms
[72.700s][info][gc,phases,start] GC(162) Post Compact
[72.701s][info][gc,phases      ] GC(162) Post Compact 0.174ms
[72.701s][info][gc,heap        ] GC(162) PSYoungGen: 256K(348672K)->0K(348672K) Eden: 0K(348160K)->0K(348160K) From: 256K(512K)->0K(512K)
[72.701s][info][gc,heap        ] GC(162) ParOldGen: 16540K(699392K)->15991K(699392K)
[72.701s][info][gc,metaspace   ] GC(162) Metaspace: 52350K(52928K)->52350K(52928K) NonClass: 44884K(45120K)->44884K(45120K) Class: 7465K(7808K)->7465K(7808K)
[72.701s][info][gc             ] GC(162) Pause Full (System.gc()) 16M->15M(1023M) 25.835ms
[72.701s][info][gc,cpu         ] GC(162) User=0.02s Sys=0.00s Real=0.02s
[73.148s][info][gc,start       ] GC(163) Pause Young (Allocation Failure)
[73.148s][info][gc,heap        ] GC(163) PSYoungGen: 348160K(348672K)->512K(348672K) Eden: 348160K(348160K)->0K(348160K) From: 0K(512K)->512K(512K)
[73.149s][info][gc,heap        ] GC(163) ParOldGen: 15991K(699392K)->16023K(699392K)
[73.149s][info][gc,metaspace   ] GC(163) Metaspace: 52355K(52928K)->52355K(52928K) NonClass: 44890K(45120K)->44890K(45120K) Class: 7465K(7808K)->7465K(7808K)
[73.149s][info][gc             ] GC(163) Pause Young (Allocation Failure) 355M->16M(1023M) 0.795ms
[73.149s][info][gc,cpu         ] GC(163) User=0.00s Sys=0.00s Real=0.00s
[73.601s][info][gc,start       ] GC(164) Pause Young (Allocation Failure)
[73.601s][info][gc,heap        ] GC(164) PSYoungGen: 348672K(348672K)->256K(347648K) Eden: 348160K(348160K)->0K(347136K) From: 512K(512K)->256K(512K)
[73.601s][info][gc,heap        ] GC(164) ParOldGen: 16023K(699392K)->16399K(699392K)
[73.601s][info][gc,metaspace   ] GC(164) Metaspace: 52355K(52928K)->52355K(52928K) NonClass: 44890K(45120K)->44890K(45120K) Class: 7465K(7808K)->7465K(7808K)
[73.602s][info][gc             ] GC(164) Pause Young (Allocation Failure) 356M->16M(1022M) 0.815ms
[73.602s][info][gc,cpu         ] GC(164) User=0.00s Sys=0.00s Real=0.00s
[74.031s][info][gc,start       ] GC(165) Pause Young (Allocation Failure)
[74.032s][info][gc,heap        ] GC(165) PSYoungGen: 347391K(347648K)->256K(348160K) Eden: 347135K(347136K)->0K(347136K) From: 256K(512K)->256K(1024K)
[74.032s][info][gc,heap        ] GC(165) ParOldGen: 16399K(699392K)->16439K(699392K)
[74.032s][info][gc,metaspace   ] GC(165) Metaspace: 52355K(52928K)->52355K(52928K) NonClass: 44890K(45120K)->44890K(45120K) Class: 7465K(7808K)->7465K(7808K)
[74.032s][info][gc             ] GC(165) Pause Young (Allocation Failure) 355M->16M(1023M) 0.494ms
[74.032s][info][gc,cpu         ] GC(165) User=0.00s Sys=0.00s Real=0.00s
[74.454s][info][gc,start       ] GC(166) Pause Young (Allocation Failure)
[74.455s][info][gc,heap        ] GC(166) PSYoungGen: 347392K(348160K)->256K(348672K) Eden: 347136K(347136K)->0K(348160K) From: 256K(1024K)->256K(512K)
[74.455s][info][gc,heap        ] GC(166) ParOldGen: 16439K(699392K)->16455K(699392K)
[74.455s][info][gc,metaspace   ] GC(166) Metaspace: 52355K(52928K)->52355K(52928K) NonClass: 44890K(45120K)->44890K(45120K) Class: 7465K(7808K)->7465K(7808K)
[74.455s][info][gc             ] GC(166) Pause Young (Allocation Failure) 355M->16M(1023M) 0.506ms
[74.455s][info][gc,cpu         ] GC(166) User=0.00s Sys=0.00s Real=0.00s
[74.898s][info][gc,start       ] GC(167) Pause Young (Allocation Failure)
[74.898s][info][gc,heap        ] GC(167) PSYoungGen: 348416K(348672K)->224K(348672K) Eden: 348160K(348160K)->0K(348160K) From: 256K(512K)->224K(512K)
[74.898s][info][gc,heap        ] GC(167) ParOldGen: 16455K(699392K)->16495K(699392K)
[74.898s][info][gc,metaspace   ] GC(167) Metaspace: 52355K(52928K)->52355K(52928K) NonClass: 44890K(45120K)->44890K(45120K) Class: 7465K(7808K)->7465K(7808K)
[74.898s][info][gc             ] GC(167) Pause Young (Allocation Failure) 356M->16M(1023M) 0.504ms
[74.898s][info][gc,cpu         ] GC(167) User=0.00s Sys=0.00s Real=0.00s
[75.342s][info][gc,start       ] GC(168) Pause Young (Allocation Failure)
[75.342s][info][gc,heap        ] GC(168) PSYoungGen: 348384K(348672K)->192K(348672K) Eden: 348160K(348160K)->0K(348160K) From: 224K(512K)->192K(512K)
[75.342s][info][gc,heap        ] GC(168) ParOldGen: 16495K(699392K)->16511K(699392K)
[75.342s][info][gc,metaspace   ] GC(168) Metaspace: 52355K(52928K)->52355K(52928K) NonClass: 44890K(45120K)->44890K(45120K) Class: 7465K(7808K)->7465K(7808K)
[75.342s][info][gc             ] GC(168) Pause Young (Allocation Failure) 356M->16M(1023M) 0.453ms
[75.342s][info][gc,cpu         ] GC(168) User=0.00s Sys=0.00s Real=0.00s
[75.778s][info][gc,start       ] GC(169) Pause Young (Allocation Failure)
[75.778s][info][gc,heap        ] GC(169) PSYoungGen: 348352K(348672K)->192K(348672K) Eden: 348160K(348160K)->0K(348160K) From: 192K(512K)->192K(512K)
[75.778s][info][gc,heap        ] GC(169) ParOldGen: 16511K(699392K)->16551K(699392K)
[75.778s][info][gc,metaspace   ] GC(169) Metaspace: 52355K(52928K)->52355K(52928K) NonClass: 44890K(45120K)->44890K(45120K) Class: 7465K(7808K)->7465K(7808K)
[75.778s][info][gc             ] GC(169) Pause Young (Allocation Failure) 356M->16M(1023M) 0.509ms
[75.778s][info][gc,cpu         ] GC(169) User=0.00s Sys=0.00s Real=0.00s
[76.199s][info][gc,start       ] GC(170) Pause Young (System.gc())
[76.200s][info][gc,heap        ] GC(170) PSYoungGen: 326884K(348672K)->384K(348672K) Eden: 326692K(348160K)->0K(348160K) From: 192K(512K)->384K(512K)
[76.200s][info][gc,heap        ] GC(170) ParOldGen: 16551K(699392K)->16551K(699392K)
[76.200s][info][gc,metaspace   ] GC(170) Metaspace: 52358K(52928K)->52358K(52928K) NonClass: 44892K(45120K)->44892K(45120K) Class: 7465K(7808K)->7465K(7808K)
[76.200s][info][gc             ] GC(170) Pause Young (System.gc()) 335M->16M(1023M) 0.716ms
[76.200s][info][gc,cpu         ] GC(170) User=0.00s Sys=0.00s Real=0.00s
[76.200s][info][gc,start       ] GC(171) Pause Full (System.gc())
[76.200s][info][gc,phases,start] GC(171) Marking Phase
[76.216s][info][gc,phases      ] GC(171) Marking Phase 16.188ms
[76.216s][info][gc,phases,start] GC(171) Summary Phase
[76.216s][info][gc,phases      ] GC(171) Summary Phase 0.009ms
[76.216s][info][gc,phases,start] GC(171) Adjust Roots
[76.223s][info][gc,phases      ] GC(171) Adjust Roots 6.316ms
[76.223s][info][gc,phases,start] GC(171) Compaction Phase
[76.226s][info][gc,phases      ] GC(171) Compaction Phase 3.253ms
[76.226s][info][gc,phases,start] GC(171) Post Compact
[76.226s][info][gc,phases      ] GC(171) Post Compact 0.172ms
[76.226s][info][gc,heap        ] GC(171) PSYoungGen: 384K(348672K)->0K(348672K) Eden: 0K(348160K)->0K(348160K) From: 384K(512K)->0K(512K)
[76.226s][info][gc,heap        ] GC(171) ParOldGen: 16551K(699392K)->16124K(699392K)
[76.226s][info][gc,metaspace   ] GC(171) Metaspace: 52358K(52928K)->52358K(52928K) NonClass: 44892K(45120K)->44892K(45120K) Class: 7465K(7808K)->7465K(7808K)
[76.226s][info][gc             ] GC(171) Pause Full (System.gc()) 16M->15M(1023M) 26.149ms
[76.226s][info][gc,cpu         ] GC(171) User=0.02s Sys=0.00s Real=0.02s
[76.683s][info][gc,start       ] GC(172) Pause Young (Allocation Failure)
[76.684s][info][gc,heap        ] GC(172) PSYoungGen: 348160K(348672K)->512K(348672K) Eden: 348160K(348160K)->0K(348160K) From: 0K(512K)->512K(512K)
[76.684s][info][gc,heap        ] GC(172) ParOldGen: 16124K(699392K)->16124K(699392K)
[76.684s][info][gc,metaspace   ] GC(172) Metaspace: 52366K(52928K)->52366K(52928K) NonClass: 44901K(45120K)->44901K(45120K) Class: 7465K(7808K)->7465K(7808K)
[76.684s][info][gc             ] GC(172) Pause Young (Allocation Failure) 355M->16M(1023M) 0.688ms
[76.684s][info][gc,cpu         ] GC(172) User=0.00s Sys=0.00s Real=0.00s
[77.101s][info][gc,start       ] GC(173) Pause Young (Allocation Failure)
[77.101s][info][gc,heap        ] GC(173) PSYoungGen: 348672K(348672K)->192K(347648K) Eden: 348160K(348160K)->0K(347136K) From: 512K(512K)->192K(512K)
[77.101s][info][gc,heap        ] GC(173) ParOldGen: 16124K(699392K)->16388K(699392K)
[77.101s][info][gc,metaspace   ] GC(173) Metaspace: 52366K(52928K)->52366K(52928K) NonClass: 44901K(45120K)->44901K(45120K) Class: 7465K(7808K)->7465K(7808K)
[77.101s][info][gc             ] GC(173) Pause Young (Allocation Failure) 356M->16M(1022M) 0.609ms
[77.101s][info][gc,cpu         ] GC(173) User=0.00s Sys=0.00s Real=0.00s
[77.542s][info][gc,start       ] GC(174) Pause Young (Allocation Failure)
[77.542s][info][gc,heap        ] GC(174) PSYoungGen: 347328K(347648K)->224K(348160K) Eden: 347136K(347136K)->0K(347136K) From: 192K(512K)->224K(1024K)
[77.542s][info][gc,heap        ] GC(174) ParOldGen: 16388K(699392K)->16388K(699392K)
[77.542s][info][gc,metaspace   ] GC(174) Metaspace: 52366K(52928K)->52366K(52928K) NonClass: 44901K(45120K)->44901K(45120K) Class: 7465K(7808K)->7465K(7808K)
[77.542s][info][gc             ] GC(174) Pause Young (Allocation Failure) 355M->16M(1023M) 0.508ms
[77.542s][info][gc,cpu         ] GC(174) User=0.00s Sys=0.00s Real=0.00s
[77.977s][info][gc,start       ] GC(175) Pause Young (Allocation Failure)
[77.978s][info][gc,heap        ] GC(175) PSYoungGen: 347360K(348160K)->288K(348160K) Eden: 347136K(347136K)->0K(347136K) From: 224K(1024K)->288K(1024K)
[77.978s][info][gc,heap        ] GC(175) ParOldGen: 16388K(699392K)->16428K(699392K)
[77.978s][info][gc,metaspace   ] GC(175) Metaspace: 52366K(52928K)->52366K(52928K) NonClass: 44901K(45120K)->44901K(45120K) Class: 7465K(7808K)->7465K(7808K)
[77.978s][info][gc             ] GC(175) Pause Young (Allocation Failure) 355M->16M(1023M) 0.528ms
[77.978s][info][gc,cpu         ] GC(175) User=0.00s Sys=0.00s Real=0.00s
[78.395s][info][gc,start       ] GC(176) Pause Young (Allocation Failure)
[78.395s][info][gc,heap        ] GC(176) PSYoungGen: 347424K(348160K)->224K(348160K) Eden: 347136K(347136K)->0K(347136K) From: 288K(1024K)->224K(1024K)
[78.395s][info][gc,heap        ] GC(176) ParOldGen: 16428K(699392K)->16468K(699392K)
[78.395s][info][gc,metaspace   ] GC(176) Metaspace: 52366K(52928K)->52366K(52928K) NonClass: 44901K(45120K)->44901K(45120K) Class: 7465K(7808K)->7465K(7808K)
[78.395s][info][gc             ] GC(176) Pause Young (Allocation Failure) 355M->16M(1023M) 0.610ms
[78.395s][info][gc,cpu         ] GC(176) User=0.00s Sys=0.00s Real=0.00s
[78.833s][info][gc,start       ] GC(177) Pause Young (Allocation Failure)
[78.834s][info][gc,heap        ] GC(177) PSYoungGen: 347360K(348160K)->288K(348672K) Eden: 347136K(347136K)->0K(348160K) From: 224K(1024K)->288K(512K)
[78.834s][info][gc,heap        ] GC(177) ParOldGen: 16468K(699392K)->16500K(699392K)
[78.834s][info][gc,metaspace   ] GC(177) Metaspace: 52366K(52928K)->52366K(52928K) NonClass: 44901K(45120K)->44901K(45120K) Class: 7465K(7808K)->7465K(7808K)
[78.834s][info][gc             ] GC(177) Pause Young (Allocation Failure) 355M->16M(1023M) 0.543ms
[78.834s][info][gc,cpu         ] GC(177) User=0.00s Sys=0.00s Real=0.00s
[79.258s][info][gc,start       ] GC(178) Pause Young (Allocation Failure)
[79.259s][info][gc,heap        ] GC(178) PSYoungGen: 348448K(348672K)->256K(348672K) Eden: 348160K(348160K)->0K(348160K) From: 288K(512K)->256K(512K)
[79.259s][info][gc,heap        ] GC(178) ParOldGen: 16500K(699392K)->16516K(699392K)
[79.259s][info][gc,metaspace   ] GC(178) Metaspace: 52366K(52928K)->52366K(52928K) NonClass: 44901K(45120K)->44901K(45120K) Class: 7465K(7808K)->7465K(7808K)
[79.259s][info][gc             ] GC(178) Pause Young (Allocation Failure) 356M->16M(1023M) 0.675ms
[79.259s][info][gc,cpu         ] GC(178) User=0.00s Sys=0.00s Real=0.00s
[79.717s][info][gc,start       ] GC(179) Pause Young (System.gc())
[79.717s][info][gc,heap        ] GC(179) PSYoungGen: 324125K(348672K)->256K(348672K) Eden: 323869K(348160K)->0K(348160K) From: 256K(512K)->256K(512K)
[79.717s][info][gc,heap        ] GC(179) ParOldGen: 16516K(699392K)->16556K(699392K)
[79.717s][info][gc,metaspace   ] GC(179) Metaspace: 52367K(52928K)->52367K(52928K) NonClass: 44901K(45120K)->44901K(45120K) Class: 7465K(7808K)->7465K(7808K)
[79.717s][info][gc             ] GC(179) Pause Young (System.gc()) 332M->16M(1023M) 0.677ms
[79.717s][info][gc,cpu         ] GC(179) User=0.00s Sys=0.00s Real=0.00s
[79.718s][info][gc,start       ] GC(180) Pause Full (System.gc())
[79.718s][info][gc,phases,start] GC(180) Marking Phase
[79.734s][info][gc,phases      ] GC(180) Marking Phase 16.356ms
[79.734s][info][gc,phases,start] GC(180) Summary Phase
[79.734s][info][gc,phases      ] GC(180) Summary Phase 0.009ms
[79.734s][info][gc,phases,start] GC(180) Adjust Roots
[79.741s][info][gc,phases      ] GC(180) Adjust Roots 6.650ms
[79.741s][info][gc,phases,start] GC(180) Compaction Phase
[79.744s][info][gc,phases      ] GC(180) Compaction Phase 3.068ms
[79.744s][info][gc,phases,start] GC(180) Post Compact
[79.744s][info][gc,phases      ] GC(180) Post Compact 0.204ms
[79.744s][info][gc,heap        ] GC(180) PSYoungGen: 256K(348672K)->0K(348672K) Eden: 0K(348160K)->0K(348160K) From: 256K(512K)->0K(512K)
[79.744s][info][gc,heap        ] GC(180) ParOldGen: 16556K(699392K)->16007K(699392K)
[79.744s][info][gc,metaspace   ] GC(180) Metaspace: 52367K(52928K)->52367K(52928K) NonClass: 44901K(45120K)->44901K(45120K) Class: 7465K(7808K)->7465K(7808K)
[79.744s][info][gc             ] GC(180) Pause Full (System.gc()) 16M->15M(1023M) 26.531ms
[79.744s][info][gc,cpu         ] GC(180) User=0.03s Sys=0.00s Real=0.03s
[80.193s][info][gc,start       ] GC(181) Pause Young (Allocation Failure)
[80.194s][info][gc,heap        ] GC(181) PSYoungGen: 348160K(348672K)->512K(348672K) Eden: 348160K(348160K)->0K(348160K) From: 0K(512K)->512K(512K)
[80.194s][info][gc,heap        ] GC(181) ParOldGen: 16007K(699392K)->16055K(699392K)
[80.194s][info][gc,metaspace   ] GC(181) Metaspace: 52378K(52928K)->52378K(52928K) NonClass: 44913K(45120K)->44913K(45120K) Class: 7465K(7808K)->7465K(7808K)
[80.194s][info][gc             ] GC(181) Pause Young (Allocation Failure) 355M->16M(1023M) 0.822ms
[80.194s][info][gc,cpu         ] GC(181) User=0.00s Sys=0.00s Real=0.00s
[80.632s][info][gc,start       ] GC(182) Pause Young (Allocation Failure)
[80.633s][info][gc,heap        ] GC(182) PSYoungGen: 348672K(348672K)->224K(347648K) Eden: 348160K(348160K)->0K(347136K) From: 512K(512K)->224K(512K)
[80.633s][info][gc,heap        ] GC(182) ParOldGen: 16055K(699392K)->16431K(699392K)
[80.633s][info][gc,metaspace   ] GC(182) Metaspace: 52378K(52928K)->52378K(52928K) NonClass: 44913K(45120K)->44913K(45120K) Class: 7465K(7808K)->7465K(7808K)
[80.633s][info][gc             ] GC(182) Pause Young (Allocation Failure) 356M->16M(1022M) 0.687ms
[80.633s][info][gc,cpu         ] GC(182) User=0.00s Sys=0.00s Real=0.00s
[81.057s][info][gc,start       ] GC(183) Pause Young (Allocation Failure)
[81.057s][info][gc,heap        ] GC(183) PSYoungGen: 347360K(347648K)->256K(348160K) Eden: 347136K(347136K)->0K(347136K) From: 224K(512K)->256K(1024K)
[81.057s][info][gc,heap        ] GC(183) ParOldGen: 16431K(699392K)->16471K(699392K)
[81.057s][info][gc,metaspace   ] GC(183) Metaspace: 52378K(52928K)->52378K(52928K) NonClass: 44913K(45120K)->44913K(45120K) Class: 7465K(7808K)->7465K(7808K)
[81.057s][info][gc             ] GC(183) Pause Young (Allocation Failure) 355M->16M(1023M) 0.534ms
[81.057s][info][gc,cpu         ] GC(183) User=0.00s Sys=0.00s Real=0.00s
[81.506s][info][gc,start       ] GC(184) Pause Young (Allocation Failure)
[81.507s][info][gc,heap        ] GC(184) PSYoungGen: 347392K(348160K)->256K(348672K) Eden: 347136K(347136K)->0K(347648K) From: 256K(1024K)->256K(1024K)
[81.507s][info][gc,heap        ] GC(184) ParOldGen: 16471K(699392K)->16471K(699392K)
[81.507s][info][gc,metaspace   ] GC(184) Metaspace: 52380K(52928K)->52380K(52928K) NonClass: 44915K(45120K)->44915K(45120K) Class: 7465K(7808K)->7465K(7808K)
[81.507s][info][gc             ] GC(184) Pause Young (Allocation Failure) 355M->16M(1023M) 0.592ms
[81.507s][info][gc,cpu         ] GC(184) User=0.00s Sys=0.00s Real=0.00s
[81.941s][info][gc,start       ] GC(185) Pause Young (Allocation Failure)
[81.941s][info][gc,heap        ] GC(185) PSYoungGen: 347904K(348672K)->224K(348160K) Eden: 347648K(347648K)->0K(347648K) From: 256K(1024K)->224K(512K)
[81.941s][info][gc,heap        ] GC(185) ParOldGen: 16471K(699392K)->16519K(699392K)
[81.941s][info][gc,metaspace   ] GC(185) Metaspace: 52380K(52928K)->52380K(52928K) NonClass: 44915K(45120K)->44915K(45120K) Class: 7465K(7808K)->7465K(7808K)
[81.941s][info][gc             ] GC(185) Pause Young (Allocation Failure) 355M->16M(1023M) 0.480ms
[81.941s][info][gc,cpu         ] GC(185) User=0.00s Sys=0.00s Real=0.00s
[82.369s][info][gc,start       ] GC(186) Pause Young (Allocation Failure)
[82.369s][info][gc,heap        ] GC(186) PSYoungGen: 347872K(348160K)->256K(348672K) Eden: 347648K(347648K)->0K(348160K) From: 224K(512K)->256K(512K)
[82.369s][info][gc,heap        ] GC(186) ParOldGen: 16519K(699392K)->16527K(699392K)
[82.369s][info][gc,metaspace   ] GC(186) Metaspace: 52380K(52928K)->52380K(52928K) NonClass: 44915K(45120K)->44915K(45120K) Class: 7465K(7808K)->7465K(7808K)
[82.370s][info][gc             ] GC(186) Pause Young (Allocation Failure) 355M->16M(1023M) 0.584ms
[82.370s][info][gc,cpu         ] GC(186) User=0.00s Sys=0.00s Real=0.00s
[82.804s][info][gc,start       ] GC(187) Pause Young (Allocation Failure)
[82.805s][info][gc,heap        ] GC(187) PSYoungGen: 348416K(348672K)->256K(348672K) Eden: 348160K(348160K)->0K(348160K) From: 256K(512K)->256K(512K)
[82.805s][info][gc,heap        ] GC(187) ParOldGen: 16527K(699392K)->16567K(699392K)
[82.805s][info][gc,metaspace   ] GC(187) Metaspace: 52380K(52928K)->52380K(52928K) NonClass: 44915K(45120K)->44915K(45120K) Class: 7465K(7808K)->7465K(7808K)
[82.805s][info][gc             ] GC(187) Pause Young (Allocation Failure) 356M->16M(1023M) 0.476ms
[82.805s][info][gc,cpu         ] GC(187) User=0.00s Sys=0.00s Real=0.00s
[83.229s][info][gc,start       ] GC(188) Pause Young (System.gc())
[83.230s][info][gc,heap        ] GC(188) PSYoungGen: 328939K(348672K)->256K(348672K) Eden: 328683K(348160K)->0K(348160K) From: 256K(512K)->256K(512K)
[83.230s][info][gc,heap        ] GC(188) ParOldGen: 16567K(699392K)->16575K(699392K)
[83.230s][info][gc,metaspace   ] GC(188) Metaspace: 52383K(52928K)->52383K(52928K) NonClass: 44918K(45120K)->44918K(45120K) Class: 7465K(7808K)->7465K(7808K)
[83.230s][info][gc             ] GC(188) Pause Young (System.gc()) 337M->16M(1023M) 0.501ms
[83.230s][info][gc,cpu         ] GC(188) User=0.00s Sys=0.00s Real=0.00s
[83.230s][info][gc,start       ] GC(189) Pause Full (System.gc())
[83.230s][info][gc,phases,start] GC(189) Marking Phase
[83.246s][info][gc,phases      ] GC(189) Marking Phase 15.942ms
[83.246s][info][gc,phases,start] GC(189) Summary Phase
[83.246s][info][gc,phases      ] GC(189) Summary Phase 0.010ms
[83.246s][info][gc,phases,start] GC(189) Adjust Roots
[83.253s][info][gc,phases      ] GC(189) Adjust Roots 7.206ms
[83.253s][info][gc,phases,start] GC(189) Compaction Phase
[83.256s][info][gc,phases      ] GC(189) Compaction Phase 2.778ms
[83.256s][info][gc,phases,start] GC(189) Post Compact
[83.256s][info][gc,phases      ] GC(189) Post Compact 0.174ms
[83.256s][info][gc,heap        ] GC(189) PSYoungGen: 256K(348672K)->0K(348672K) Eden: 0K(348160K)->0K(348160K) From: 256K(512K)->0K(512K)
[83.256s][info][gc,heap        ] GC(189) ParOldGen: 16575K(699392K)->16011K(699392K)
[83.256s][info][gc,metaspace   ] GC(189) Metaspace: 52383K(52928K)->52383K(52928K) NonClass: 44918K(45120K)->44918K(45120K) Class: 7465K(7808K)->7465K(7808K)
[83.256s][info][gc             ] GC(189) Pause Full (System.gc()) 16M->15M(1023M) 26.365ms
[83.256s][info][gc,cpu         ] GC(189) User=0.02s Sys=0.00s Real=0.03s
[83.716s][info][gc,start       ] GC(190) Pause Young (Allocation Failure)
[83.716s][info][gc,heap        ] GC(190) PSYoungGen: 348160K(348672K)->512K(348672K) Eden: 348160K(348160K)->0K(348160K) From: 0K(512K)->512K(512K)
[83.716s][info][gc,heap        ] GC(190) ParOldGen: 16011K(699392K)->16051K(699392K)
[83.716s][info][gc,metaspace   ] GC(190) Metaspace: 52406K(52928K)->52406K(52928K) NonClass: 44940K(45120K)->44940K(45120K) Class: 7465K(7808K)->7465K(7808K)
[83.717s][info][gc             ] GC(190) Pause Young (Allocation Failure) 355M->16M(1023M) 0.754ms
[83.717s][info][gc,cpu         ] GC(190) User=0.00s Sys=0.00s Real=0.00s
[84.131s][info][gc,start       ] GC(191) Pause Young (Allocation Failure)
[84.131s][info][gc,heap        ] GC(191) PSYoungGen: 348672K(348672K)->256K(347648K) Eden: 348160K(348160K)->0K(347136K) From: 512K(512K)->256K(512K)
[84.131s][info][gc,heap        ] GC(191) ParOldGen: 16051K(699392K)->16395K(699392K)
[84.131s][info][gc,metaspace   ] GC(191) Metaspace: 52406K(52928K)->52406K(52928K) NonClass: 44940K(45120K)->44940K(45120K) Class: 7465K(7808K)->7465K(7808K)
[84.131s][info][gc             ] GC(191) Pause Young (Allocation Failure) 356M->16M(1022M) 0.666ms
[84.131s][info][gc,cpu         ] GC(191) User=0.00s Sys=0.00s Real=0.00s
[84.548s][info][gc,start       ] GC(192) Pause Young (Allocation Failure)
[84.548s][info][gc,heap        ] GC(192) PSYoungGen: 347392K(347648K)->224K(348160K) Eden: 347136K(347136K)->0K(347136K) From: 256K(512K)->224K(1024K)
[84.548s][info][gc,heap        ] GC(192) ParOldGen: 16395K(699392K)->16419K(699392K)
[84.548s][info][gc,metaspace   ] GC(192) Metaspace: 52406K(52928K)->52406K(52928K) NonClass: 44940K(45120K)->44940K(45120K) Class: 7465K(7808K)->7465K(7808K)
[84.548s][info][gc             ] GC(192) Pause Young (Allocation Failure) 355M->16M(1023M) 0.492ms
[84.548s][info][gc,cpu         ] GC(192) User=0.00s Sys=0.00s Real=0.00s
[84.970s][info][gc,start       ] GC(193) Pause Young (Allocation Failure)
[84.971s][info][gc,heap        ] GC(193) PSYoungGen: 347360K(348160K)->256K(348672K) Eden: 347136K(347136K)->0K(348160K) From: 224K(1024K)->256K(512K)
[84.971s][info][gc,heap        ] GC(193) ParOldGen: 16419K(699392K)->16467K(699392K)
[84.971s][info][gc,metaspace   ] GC(193) Metaspace: 52406K(52928K)->52406K(52928K) NonClass: 44940K(45120K)->44940K(45120K) Class: 7465K(7808K)->7465K(7808K)
[84.971s][info][gc             ] GC(193) Pause Young (Allocation Failure) 355M->16M(1023M) 0.481ms
[84.971s][info][gc,cpu         ] GC(193) User=0.00s Sys=0.00s Real=0.00s
[85.396s][info][gc,start       ] GC(194) Pause Young (Allocation Failure)
[85.396s][info][gc,heap        ] GC(194) PSYoungGen: 348416K(348672K)->256K(348672K) Eden: 348160K(348160K)->0K(348160K) From: 256K(512K)->256K(512K)
[85.396s][info][gc,heap        ] GC(194) ParOldGen: 16467K(699392K)->16475K(699392K)
[85.396s][info][gc,metaspace   ] GC(194) Metaspace: 52409K(52992K)->52409K(52992K) NonClass: 44944K(45184K)->44944K(45184K) Class: 7465K(7808K)->7465K(7808K)
[85.396s][info][gc             ] GC(194) Pause Young (Allocation Failure) 356M->16M(1023M) 0.503ms
[85.396s][info][gc,cpu         ] GC(194) User=0.00s Sys=0.00s Real=0.00s
[85.821s][info][gc,start       ] GC(195) Pause Young (Allocation Failure)
[85.821s][info][gc,heap        ] GC(195) PSYoungGen: 348416K(348672K)->224K(348672K) Eden: 348160K(348160K)->0K(348160K) From: 256K(512K)->224K(512K)
[85.821s][info][gc,heap        ] GC(195) ParOldGen: 16475K(699392K)->16515K(699392K)
[85.821s][info][gc,metaspace   ] GC(195) Metaspace: 52409K(52992K)->52409K(52992K) NonClass: 44944K(45184K)->44944K(45184K) Class: 7465K(7808K)->7465K(7808K)
[85.821s][info][gc             ] GC(195) Pause Young (Allocation Failure) 356M->16M(1023M) 0.504ms
[85.821s][info][gc,cpu         ] GC(195) User=0.00s Sys=0.00s Real=0.00s
[86.235s][info][gc,start       ] GC(196) Pause Young (Allocation Failure)
[86.236s][info][gc,heap        ] GC(196) PSYoungGen: 348384K(348672K)->224K(348672K) Eden: 348160K(348160K)->0K(348160K) From: 224K(512K)->224K(512K)
[86.236s][info][gc,heap        ] GC(196) ParOldGen: 16515K(699392K)->16523K(699392K)
[86.236s][info][gc,metaspace   ] GC(196) Metaspace: 52409K(52992K)->52409K(52992K) NonClass: 44944K(45184K)->44944K(45184K) Class: 7465K(7808K)->7465K(7808K)
[86.236s][info][gc             ] GC(196) Pause Young (Allocation Failure) 356M->16M(1023M) 0.504ms
[86.236s][info][gc,cpu         ] GC(196) User=0.00s Sys=0.00s Real=0.00s
[86.674s][info][gc,start       ] GC(197) Pause Young (System.gc())
[86.674s][info][gc,heap        ] GC(197) PSYoungGen: 326479K(348672K)->256K(348672K) Eden: 326255K(348160K)->0K(348160K) From: 224K(512K)->256K(512K)
[86.674s][info][gc,heap        ] GC(197) ParOldGen: 16523K(699392K)->16539K(699392K)
[86.674s][info][gc,metaspace   ] GC(197) Metaspace: 52413K(53056K)->52413K(53056K) NonClass: 44948K(45248K)->44948K(45248K) Class: 7465K(7808K)->7465K(7808K)
[86.674s][info][gc             ] GC(197) Pause Young (System.gc()) 334M->16M(1023M) 0.505ms
[86.674s][info][gc,cpu         ] GC(197) User=0.00s Sys=0.00s Real=0.00s
[86.675s][info][gc,start       ] GC(198) Pause Full (System.gc())
[86.675s][info][gc,phases,start] GC(198) Marking Phase
[86.691s][info][gc,phases      ] GC(198) Marking Phase 16.277ms
[86.691s][info][gc,phases,start] GC(198) Summary Phase
[86.691s][info][gc,phases      ] GC(198) Summary Phase 0.018ms
[86.691s][info][gc,phases,start] GC(198) Adjust Roots
[86.698s][info][gc,phases      ] GC(198) Adjust Roots 6.955ms
[86.698s][info][gc,phases,start] GC(198) Compaction Phase
[86.701s][info][gc,phases      ] GC(198) Compaction Phase 3.115ms
[86.701s][info][gc,phases,start] GC(198) Post Compact
[86.701s][info][gc,phases      ] GC(198) Post Compact 0.163ms
[86.701s][info][gc,heap        ] GC(198) PSYoungGen: 256K(348672K)->0K(348672K) Eden: 0K(348160K)->0K(348160K) From: 256K(512K)->0K(512K)
[86.701s][info][gc,heap        ] GC(198) ParOldGen: 16539K(699392K)->16001K(699392K)
[86.701s][info][gc,metaspace   ] GC(198) Metaspace: 52413K(53056K)->52413K(53056K) NonClass: 44948K(45248K)->44948K(45248K) Class: 7465K(7808K)->7465K(7808K)
[86.701s][info][gc             ] GC(198) Pause Full (System.gc()) 16M->15M(1023M) 26.781ms
[86.701s][info][gc,cpu         ] GC(198) User=0.02s Sys=0.00s Real=0.02s
[87.146s][info][gc,start       ] GC(199) Pause Young (Allocation Failure)
[87.146s][info][gc,heap        ] GC(199) PSYoungGen: 348160K(348672K)->512K(348672K) Eden: 348160K(348160K)->0K(348160K) From: 0K(512K)->512K(512K)
[87.146s][info][gc,heap        ] GC(199) ParOldGen: 16001K(699392K)->16057K(699392K)
[87.146s][info][gc,metaspace   ] GC(199) Metaspace: 52484K(53056K)->52484K(53056K) NonClass: 45018K(45248K)->45018K(45248K) Class: 7465K(7808K)->7465K(7808K)
[87.146s][info][gc             ] GC(199) Pause Young (Allocation Failure) 355M->16M(1023M) 0.737ms
[87.146s][info][gc,cpu         ] GC(199) User=0.00s Sys=0.00s Real=0.00s
[87.570s][info][gc,start       ] GC(200) Pause Young (Allocation Failure)
[87.570s][info][gc,heap        ] GC(200) PSYoungGen: 348672K(348672K)->224K(347648K) Eden: 348160K(348160K)->0K(347136K) From: 512K(512K)->224K(512K)
[87.570s][info][gc,heap        ] GC(200) ParOldGen: 16057K(699392K)->16417K(699392K)
[87.570s][info][gc,metaspace   ] GC(200) Metaspace: 52484K(53056K)->52484K(53056K) NonClass: 45018K(45248K)->45018K(45248K) Class: 7465K(7808K)->7465K(7808K)
[87.570s][info][gc             ] GC(200) Pause Young (Allocation Failure) 356M->16M(1022M) 0.721ms
[87.570s][info][gc,cpu         ] GC(200) User=0.00s Sys=0.00s Real=0.00s
[87.996s][info][gc,start       ] GC(201) Pause Young (Allocation Failure)
[87.997s][info][gc,heap        ] GC(201) PSYoungGen: 347360K(347648K)->224K(348160K) Eden: 347136K(347136K)->0K(347136K) From: 224K(512K)->224K(1024K)
[87.997s][info][gc,heap        ] GC(201) ParOldGen: 16417K(699392K)->16457K(699392K)
[87.997s][info][gc,metaspace   ] GC(201) Metaspace: 52484K(53056K)->52484K(53056K) NonClass: 45018K(45248K)->45018K(45248K) Class: 7465K(7808K)->7465K(7808K)
[87.997s][info][gc             ] GC(201) Pause Young (Allocation Failure) 355M->16M(1023M) 0.549ms
[87.997s][info][gc,cpu         ] GC(201) User=0.00s Sys=0.00s Real=0.00s
[88.426s][info][gc,start       ] GC(202) Pause Young (Allocation Failure)
[88.426s][info][gc,heap        ] GC(202) PSYoungGen: 347360K(348160K)->288K(348672K) Eden: 347136K(347136K)->0K(347648K) From: 224K(1024K)->288K(1024K)
[88.426s][info][gc,heap        ] GC(202) ParOldGen: 16457K(699392K)->16473K(699392K)
[88.426s][info][gc,metaspace   ] GC(202) Metaspace: 52485K(53056K)->52485K(53056K) NonClass: 45020K(45248K)->45020K(45248K) Class: 7465K(7808K)->7465K(7808K)
[88.426s][info][gc             ] GC(202) Pause Young (Allocation Failure) 355M->16M(1023M) 0.512ms
[88.426s][info][gc,cpu         ] GC(202) User=0.00s Sys=0.00s Real=0.00s
[88.851s][info][gc,start       ] GC(203) Pause Young (Allocation Failure)
[88.851s][info][gc,heap        ] GC(203) PSYoungGen: 347936K(348672K)->224K(348160K) Eden: 347648K(347648K)->0K(347648K) From: 288K(1024K)->224K(512K)
[88.851s][info][gc,heap        ] GC(203) ParOldGen: 16473K(699392K)->16513K(699392K)
[88.851s][info][gc,metaspace   ] GC(203) Metaspace: 52485K(53056K)->52485K(53056K) NonClass: 45020K(45248K)->45020K(45248K) Class: 7465K(7808K)->7465K(7808K)
[88.851s][info][gc             ] GC(203) Pause Young (Allocation Failure) 355M->16M(1023M) 0.469ms
[88.851s][info][gc,cpu         ] GC(203) User=0.00s Sys=0.00s Real=0.00s
[89.283s][info][gc,start       ] GC(204) Pause Young (Allocation Failure)
[89.284s][info][gc,heap        ] GC(204) PSYoungGen: 347872K(348160K)->224K(348672K) Eden: 347648K(347648K)->0K(348160K) From: 224K(512K)->224K(512K)
[89.284s][info][gc,heap        ] GC(204) ParOldGen: 16513K(699392K)->16521K(699392K)
[89.284s][info][gc,metaspace   ] GC(204) Metaspace: 52486K(53056K)->52486K(53056K) NonClass: 45020K(45248K)->45020K(45248K) Class: 7465K(7808K)->7465K(7808K)
[89.284s][info][gc             ] GC(204) Pause Young (Allocation Failure) 355M->16M(1023M) 0.474ms
[89.284s][info][gc,cpu         ] GC(204) User=0.02s Sys=0.00s Real=0.00s
[89.719s][info][gc,start       ] GC(205) Pause Young (Allocation Failure)
[89.719s][info][gc,heap        ] GC(205) PSYoungGen: 348384K(348672K)->224K(348672K) Eden: 348160K(348160K)->0K(348160K) From: 224K(512K)->224K(512K)
[89.719s][info][gc,heap        ] GC(205) ParOldGen: 16521K(699392K)->16561K(699392K)
[89.719s][info][gc,metaspace   ] GC(205) Metaspace: 52486K(53056K)->52486K(53056K) NonClass: 45020K(45248K)->45020K(45248K) Class: 7465K(7808K)->7465K(7808K)
[89.719s][info][gc             ] GC(205) Pause Young (Allocation Failure) 356M->16M(1023M) 0.564ms
[89.719s][info][gc,cpu         ] GC(205) User=0.00s Sys=0.00s Real=0.00s
[90.151s][info][gc,start       ] GC(206) Pause Young (System.gc())
[90.151s][info][gc,heap        ] GC(206) PSYoungGen: 325777K(348672K)->224K(348672K) Eden: 325553K(348160K)->0K(348160K) From: 224K(512K)->224K(512K)
[90.151s][info][gc,heap        ] GC(206) ParOldGen: 16561K(699392K)->16569K(699392K)
[90.151s][info][gc,metaspace   ] GC(206) Metaspace: 52522K(53120K)->52522K(53120K) NonClass: 45056K(45312K)->45056K(45312K) Class: 7465K(7808K)->7465K(7808K)
[90.151s][info][gc             ] GC(206) Pause Young (System.gc()) 334M->16M(1023M) 0.533ms
[90.151s][info][gc,cpu         ] GC(206) User=0.00s Sys=0.00s Real=0.00s
[90.151s][info][gc,start       ] GC(207) Pause Full (System.gc())
[90.151s][info][gc,phases,start] GC(207) Marking Phase
[90.167s][info][gc,phases      ] GC(207) Marking Phase 15.680ms
[90.167s][info][gc,phases,start] GC(207) Summary Phase
[90.167s][info][gc,phases      ] GC(207) Summary Phase 0.009ms
[90.167s][info][gc,phases,start] GC(207) Adjust Roots
[90.173s][info][gc,phases      ] GC(207) Adjust Roots 6.473ms
[90.174s][info][gc,phases,start] GC(207) Compaction Phase
[90.176s][info][gc,phases      ] GC(207) Compaction Phase 2.516ms
[90.176s][info][gc,phases,start] GC(207) Post Compact
[90.176s][info][gc,phases      ] GC(207) Post Compact 0.257ms
[90.176s][info][gc,heap        ] GC(207) PSYoungGen: 224K(348672K)->0K(348672K) Eden: 0K(348160K)->0K(348160K) From: 224K(512K)->0K(512K)
[90.176s][info][gc,heap        ] GC(207) ParOldGen: 16569K(699392K)->15991K(699392K)
[90.176s][info][gc,metaspace   ] GC(207) Metaspace: 52522K(53120K)->52522K(53120K) NonClass: 45056K(45312K)->45056K(45312K) Class: 7465K(7808K)->7465K(7808K)
[90.176s][info][gc             ] GC(207) Pause Full (System.gc()) 16M->15M(1023M) 25.183ms
[90.176s][info][gc,cpu         ] GC(207) User=0.00s Sys=0.00s Real=0.02s
[90.747s][info][gc,start       ] GC(208) Pause Young (Allocation Failure)
[90.748s][info][gc,heap        ] GC(208) PSYoungGen: 348160K(348672K)->512K(348672K) Eden: 348160K(348160K)->0K(348160K) From: 0K(512K)->512K(512K)
[90.748s][info][gc,heap        ] GC(208) ParOldGen: 15991K(699392K)->16039K(699392K)
[90.748s][info][gc,metaspace   ] GC(208) Metaspace: 52561K(53120K)->52561K(53120K) NonClass: 45095K(45312K)->45095K(45312K) Class: 7465K(7808K)->7465K(7808K)
[90.748s][info][gc             ] GC(208) Pause Young (Allocation Failure) 355M->16M(1023M) 0.763ms
[90.748s][info][gc,cpu         ] GC(208) User=0.00s Sys=0.00s Real=0.00s
[91.259s][info][gc,start       ] GC(209) Pause Young (Allocation Failure)
[91.260s][info][gc,heap        ] GC(209) PSYoungGen: 348672K(348672K)->256K(347648K) Eden: 348160K(348160K)->0K(347136K) From: 512K(512K)->256K(512K)
[91.260s][info][gc,heap        ] GC(209) ParOldGen: 16039K(699392K)->16407K(699392K)
[91.260s][info][gc,metaspace   ] GC(209) Metaspace: 52561K(53120K)->52561K(53120K) NonClass: 45095K(45312K)->45095K(45312K) Class: 7465K(7808K)->7465K(7808K)
[91.260s][info][gc             ] GC(209) Pause Young (Allocation Failure) 356M->16M(1022M) 0.999ms
[91.260s][info][gc,cpu         ] GC(209) User=0.00s Sys=0.00s Real=0.00s
[91.783s][info][gc,start       ] GC(210) Pause Young (Allocation Failure)
[91.783s][info][gc,heap        ] GC(210) PSYoungGen: 347392K(347648K)->256K(348160K) Eden: 347136K(347136K)->0K(347136K) From: 256K(512K)->256K(1024K)
[91.784s][info][gc,heap        ] GC(210) ParOldGen: 16407K(699392K)->16447K(699392K)
[91.784s][info][gc,metaspace   ] GC(210) Metaspace: 52568K(53184K)->52568K(53184K) NonClass: 45103K(45376K)->45103K(45376K) Class: 7465K(7808K)->7465K(7808K)
[91.784s][info][gc             ] GC(210) Pause Young (Allocation Failure) 355M->16M(1023M) 0.643ms
[91.784s][info][gc,cpu         ] GC(210) User=0.00s Sys=0.00s Real=0.00s
[92.259s][info][gc,start       ] GC(211) Pause Young (Allocation Failure)
[92.259s][info][gc,heap        ] GC(211) PSYoungGen: 347392K(348160K)->256K(348672K) Eden: 347136K(347136K)->0K(348160K) From: 256K(1024K)->256K(512K)
[92.259s][info][gc,heap        ] GC(211) ParOldGen: 16447K(699392K)->16471K(699392K)
[92.259s][info][gc,metaspace   ] GC(211) Metaspace: 52568K(53184K)->52568K(53184K) NonClass: 45103K(45376K)->45103K(45376K) Class: 7465K(7808K)->7465K(7808K)
[92.259s][info][gc             ] GC(211) Pause Young (Allocation Failure) 355M->16M(1023M) 0.705ms
[92.259s][info][gc,cpu         ] GC(211) User=0.00s Sys=0.00s Real=0.00s
[92.719s][info][gc,start       ] GC(212) Pause Young (Allocation Failure)
[92.720s][info][gc,heap        ] GC(212) PSYoungGen: 348416K(348672K)->256K(348672K) Eden: 348160K(348160K)->0K(348160K) From: 256K(512K)->256K(512K)
[92.720s][info][gc,heap        ] GC(212) ParOldGen: 16471K(699392K)->16511K(699392K)
[92.720s][info][gc,metaspace   ] GC(212) Metaspace: 52568K(53184K)->52568K(53184K) NonClass: 45103K(45376K)->45103K(45376K) Class: 7465K(7808K)->7465K(7808K)
[92.720s][info][gc             ] GC(212) Pause Young (Allocation Failure) 356M->16M(1023M) 0.496ms
[92.720s][info][gc,cpu         ] GC(212) User=0.00s Sys=0.00s Real=0.00s
[93.140s][info][gc,start       ] GC(213) Pause Young (Allocation Failure)
[93.140s][info][gc,heap        ] GC(213) PSYoungGen: 348416K(348672K)->288K(348672K) Eden: 348160K(348160K)->0K(348160K) From: 256K(512K)->288K(512K)
[93.140s][info][gc,heap        ] GC(213) ParOldGen: 16511K(699392K)->16527K(699392K)
[93.140s][info][gc,metaspace   ] GC(213) Metaspace: 52568K(53184K)->52568K(53184K) NonClass: 45103K(45376K)->45103K(45376K) Class: 7465K(7808K)->7465K(7808K)
[93.140s][info][gc             ] GC(213) Pause Young (Allocation Failure) 356M->16M(1023M) 0.519ms
[93.140s][info][gc,cpu         ] GC(213) User=0.00s Sys=0.00s Real=0.00s
[93.575s][info][gc,start       ] GC(214) Pause Young (Allocation Failure)
[93.575s][info][gc,heap        ] GC(214) PSYoungGen: 348448K(348672K)->288K(348672K) Eden: 348160K(348160K)->0K(348160K) From: 288K(512K)->288K(512K)
[93.575s][info][gc,heap        ] GC(214) ParOldGen: 16527K(699392K)->16535K(699392K)
[93.575s][info][gc,metaspace   ] GC(214) Metaspace: 52568K(53184K)->52568K(53184K) NonClass: 45103K(45376K)->45103K(45376K) Class: 7465K(7808K)->7465K(7808K)
[93.575s][info][gc             ] GC(214) Pause Young (Allocation Failure) 356M->16M(1023M) 0.506ms
[93.575s][info][gc,cpu         ] GC(214) User=0.00s Sys=0.00s Real=0.00s
[94.027s][info][gc,start       ] GC(215) Pause Young (System.gc())
[94.027s][info][gc,heap        ] GC(215) PSYoungGen: 324528K(348672K)->320K(348672K) Eden: 324240K(348160K)->0K(348160K) From: 288K(512K)->320K(512K)
[94.027s][info][gc,heap        ] GC(215) ParOldGen: 16535K(699392K)->16575K(699392K)
[94.027s][info][gc,metaspace   ] GC(215) Metaspace: 52574K(53184K)->52574K(53184K) NonClass: 45109K(45376K)->45109K(45376K) Class: 7465K(7808K)->7465K(7808K)
[94.027s][info][gc             ] GC(215) Pause Young (System.gc()) 333M->16M(1023M) 0.537ms
[94.027s][info][gc,cpu         ] GC(215) User=0.00s Sys=0.00s Real=0.00s
[94.027s][info][gc,start       ] GC(216) Pause Full (System.gc())
[94.027s][info][gc,phases,start] GC(216) Marking Phase
[94.043s][info][gc,phases      ] GC(216) Marking Phase 15.943ms
[94.043s][info][gc,phases,start] GC(216) Summary Phase
[94.043s][info][gc,phases      ] GC(216) Summary Phase 0.009ms
[94.043s][info][gc,phases,start] GC(216) Adjust Roots
[94.050s][info][gc,phases      ] GC(216) Adjust Roots 6.464ms
[94.050s][info][gc,phases,start] GC(216) Compaction Phase
[94.053s][info][gc,phases      ] GC(216) Compaction Phase 2.699ms
[94.053s][info][gc,phases,start] GC(216) Post Compact
[94.053s][info][gc,phases      ] GC(216) Post Compact 0.220ms
[94.053s][info][gc,heap        ] GC(216) PSYoungGen: 320K(348672K)->0K(348672K) Eden: 0K(348160K)->0K(348160K) From: 320K(512K)->0K(512K)
[94.053s][info][gc,heap        ] GC(216) ParOldGen: 16575K(699392K)->16057K(699392K)
[94.053s][info][gc,metaspace   ] GC(216) Metaspace: 52574K(53184K)->52574K(53184K) NonClass: 45109K(45376K)->45109K(45376K) Class: 7465K(7808K)->7465K(7808K)
[94.053s][info][gc             ] GC(216) Pause Full (System.gc()) 16M->15M(1023M) 25.553ms
[94.053s][info][gc,cpu         ] GC(216) User=0.00s Sys=0.00s Real=0.02s
[94.606s][info][gc,start       ] GC(217) Pause Young (Allocation Failure)
[94.607s][info][gc,heap        ] GC(217) PSYoungGen: 348160K(348672K)->512K(348672K) Eden: 348160K(348160K)->0K(348160K) From: 0K(512K)->512K(512K)
[94.607s][info][gc,heap        ] GC(217) ParOldGen: 16057K(699392K)->16073K(699392K)
[94.607s][info][gc,metaspace   ] GC(217) Metaspace: 52584K(53184K)->52584K(53184K) NonClass: 45118K(45376K)->45118K(45376K) Class: 7465K(7808K)->7465K(7808K)
[94.607s][info][gc             ] GC(217) Pause Young (Allocation Failure) 355M->16M(1023M) 1.308ms
[94.607s][info][gc,cpu         ] GC(217) User=0.00s Sys=0.00s Real=0.00s
[95.090s][info][gc,start       ] GC(218) Pause Young (Allocation Failure)
[95.091s][info][gc,heap        ] GC(218) PSYoungGen: 348672K(348672K)->192K(347648K) Eden: 348160K(348160K)->0K(347136K) From: 512K(512K)->192K(512K)
[95.091s][info][gc,heap        ] GC(218) ParOldGen: 16073K(699392K)->16425K(699392K)
[95.091s][info][gc,metaspace   ] GC(218) Metaspace: 52584K(53184K)->52584K(53184K) NonClass: 45118K(45376K)->45118K(45376K) Class: 7465K(7808K)->7465K(7808K)
[95.091s][info][gc             ] GC(218) Pause Young (Allocation Failure) 356M->16M(1022M) 0.707ms
[95.091s][info][gc,cpu         ] GC(218) User=0.00s Sys=0.00s Real=0.00s
[95.562s][info][gc,start       ] GC(219) Pause Young (Allocation Failure)
[95.563s][info][gc,heap        ] GC(219) PSYoungGen: 347328K(347648K)->256K(348160K) Eden: 347136K(347136K)->0K(347136K) From: 192K(512K)->256K(1024K)
[95.563s][info][gc,heap        ] GC(219) ParOldGen: 16425K(699392K)->16441K(699392K)
[95.563s][info][gc,metaspace   ] GC(219) Metaspace: 52584K(53184K)->52584K(53184K) NonClass: 45119K(45376K)->45119K(45376K) Class: 7465K(7808K)->7465K(7808K)
[95.563s][info][gc             ] GC(219) Pause Young (Allocation Failure) 355M->16M(1023M) 0.659ms
[95.563s][info][gc,cpu         ] GC(219) User=0.00s Sys=0.00s Real=0.00s
[96.039s][info][gc,start       ] GC(220) Pause Young (Allocation Failure)
[96.039s][info][gc,heap        ] GC(220) PSYoungGen: 347392K(348160K)->224K(348672K) Eden: 347136K(347136K)->0K(348160K) From: 256K(1024K)->224K(512K)
[96.039s][info][gc,heap        ] GC(220) ParOldGen: 16441K(699392K)->16481K(699392K)
[96.039s][info][gc,metaspace   ] GC(220) Metaspace: 52584K(53184K)->52584K(53184K) NonClass: 45119K(45376K)->45119K(45376K) Class: 7465K(7808K)->7465K(7808K)
[96.039s][info][gc             ] GC(220) Pause Young (Allocation Failure) 355M->16M(1023M) 0.481ms
[96.039s][info][gc,cpu         ] GC(220) User=0.00s Sys=0.00s Real=0.00s
[96.536s][info][gc,start       ] GC(221) Pause Young (Allocation Failure)
[96.537s][info][gc,heap        ] GC(221) PSYoungGen: 348384K(348672K)->224K(348672K) Eden: 348160K(348160K)->0K(348160K) From: 224K(512K)->224K(512K)
[96.537s][info][gc,heap        ] GC(221) ParOldGen: 16481K(699392K)->16481K(699392K)
[96.537s][info][gc,metaspace   ] GC(221) Metaspace: 52584K(53184K)->52584K(53184K) NonClass: 45119K(45376K)->45119K(45376K) Class: 7465K(7808K)->7465K(7808K)
[96.537s][info][gc             ] GC(221) Pause Young (Allocation Failure) 356M->16M(1023M) 0.653ms
[96.537s][info][gc,cpu         ] GC(221) User=0.00s Sys=0.00s Real=0.00s
[97.028s][info][gc,start       ] GC(222) Pause Young (Allocation Failure)
[97.029s][info][gc,heap        ] GC(222) PSYoungGen: 348384K(348672K)->256K(348672K) Eden: 348160K(348160K)->0K(348160K) From: 224K(512K)->256K(512K)
[97.029s][info][gc,heap        ] GC(222) ParOldGen: 16481K(699392K)->16513K(699392K)
[97.029s][info][gc,metaspace   ] GC(222) Metaspace: 52584K(53184K)->52584K(53184K) NonClass: 45119K(45376K)->45119K(45376K) Class: 7465K(7808K)->7465K(7808K)
[97.029s][info][gc             ] GC(222) Pause Young (Allocation Failure) 356M->16M(1023M) 0.635ms
[97.029s][info][gc,cpu         ] GC(222) User=0.00s Sys=0.00s Real=0.00s
[97.507s][info][gc,start       ] GC(223) Pause Young (Allocation Failure)
[97.508s][info][gc,heap        ] GC(223) PSYoungGen: 348416K(348672K)->288K(348672K) Eden: 348160K(348160K)->0K(348160K) From: 256K(512K)->288K(512K)
[97.508s][info][gc,heap        ] GC(223) ParOldGen: 16513K(699392K)->16529K(699392K)
[97.508s][info][gc,metaspace   ] GC(223) Metaspace: 52584K(53184K)->52584K(53184K) NonClass: 45119K(45376K)->45119K(45376K) Class: 7465K(7808K)->7465K(7808K)
[97.508s][info][gc             ] GC(223) Pause Young (Allocation Failure) 356M->16M(1023M) 0.536ms
[97.508s][info][gc,cpu         ] GC(223) User=0.00s Sys=0.00s Real=0.00s
[98.030s][info][gc,start       ] GC(224) Pause Young (System.gc())
[98.030s][info][gc,heap        ] GC(224) PSYoungGen: 326246K(348672K)->224K(348672K) Eden: 325958K(348160K)->0K(348160K) From: 288K(512K)->224K(512K)
[98.030s][info][gc,heap        ] GC(224) ParOldGen: 16529K(699392K)->16561K(699392K)
[98.030s][info][gc,metaspace   ] GC(224) Metaspace: 52586K(53184K)->52586K(53184K) NonClass: 45121K(45376K)->45121K(45376K) Class: 7465K(7808K)->7465K(7808K)
[98.030s][info][gc             ] GC(224) Pause Young (System.gc()) 334M->16M(1023M) 0.607ms
[98.030s][info][gc,cpu         ] GC(224) User=0.00s Sys=0.00s Real=0.00s
[98.030s][info][gc,start       ] GC(225) Pause Full (System.gc())
[98.030s][info][gc,phases,start] GC(225) Marking Phase
[98.047s][info][gc,phases      ] GC(225) Marking Phase 16.281ms
[98.047s][info][gc,phases,start] GC(225) Summary Phase
[98.047s][info][gc,phases      ] GC(225) Summary Phase 0.009ms
[98.047s][info][gc,phases,start] GC(225) Adjust Roots
[98.054s][info][gc,phases      ] GC(225) Adjust Roots 7.089ms
[98.054s][info][gc,phases,start] GC(225) Compaction Phase
[98.057s][info][gc,phases      ] GC(225) Compaction Phase 3.254ms
[98.057s][info][gc,phases,start] GC(225) Post Compact
[98.057s][info][gc,phases      ] GC(225) Post Compact 0.166ms
[98.057s][info][gc,heap        ] GC(225) PSYoungGen: 224K(348672K)->0K(348672K) Eden: 0K(348160K)->0K(348160K) From: 224K(512K)->0K(512K)
[98.057s][info][gc,heap        ] GC(225) ParOldGen: 16561K(699392K)->16004K(699392K)
[98.057s][info][gc,metaspace   ] GC(225) Metaspace: 52586K(53184K)->52586K(53184K) NonClass: 45121K(45376K)->45121K(45376K) Class: 7465K(7808K)->7465K(7808K)
[98.057s][info][gc             ] GC(225) Pause Full (System.gc()) 16M->15M(1023M) 27.048ms
[98.057s][info][gc,cpu         ] GC(225) User=0.02s Sys=0.00s Real=0.03s
[98.514s][info][gc,start       ] GC(226) Pause Young (Allocation Failure)
[98.515s][info][gc,heap        ] GC(226) PSYoungGen: 348160K(348672K)->512K(348672K) Eden: 348160K(348160K)->0K(348160K) From: 0K(512K)->512K(512K)
[98.515s][info][gc,heap        ] GC(226) ParOldGen: 16004K(699392K)->16044K(699392K)
[98.515s][info][gc,metaspace   ] GC(226) Metaspace: 52599K(53184K)->52599K(53184K) NonClass: 45133K(45376K)->45133K(45376K) Class: 7465K(7808K)->7465K(7808K)
[98.515s][info][gc             ] GC(226) Pause Young (Allocation Failure) 355M->16M(1023M) 0.795ms
[98.515s][info][gc,cpu         ] GC(226) User=0.00s Sys=0.00s Real=0.00s
[98.951s][info][gc,start       ] GC(227) Pause Young (Allocation Failure)
[98.951s][info][gc,heap        ] GC(227) PSYoungGen: 348672K(348672K)->256K(347648K) Eden: 348160K(348160K)->0K(347136K) From: 512K(512K)->256K(512K)
[98.951s][info][gc,heap        ] GC(227) ParOldGen: 16044K(699392K)->16412K(699392K)
[98.951s][info][gc,metaspace   ] GC(227) Metaspace: 52599K(53184K)->52599K(53184K) NonClass: 45133K(45376K)->45133K(45376K) Class: 7465K(7808K)->7465K(7808K)
[98.951s][info][gc             ] GC(227) Pause Young (Allocation Failure) 356M->16M(1022M) 0.721ms
[98.951s][info][gc,cpu         ] GC(227) User=0.00s Sys=0.00s Real=0.00s
[99.368s][info][gc,start       ] GC(228) Pause Young (Allocation Failure)
[99.368s][info][gc,heap        ] GC(228) PSYoungGen: 347392K(347648K)->256K(348160K) Eden: 347136K(347136K)->0K(347136K) From: 256K(512K)->256K(1024K)
[99.368s][info][gc,heap        ] GC(228) ParOldGen: 16412K(699392K)->16444K(699392K)
[99.368s][info][gc,metaspace   ] GC(228) Metaspace: 52599K(53184K)->52599K(53184K) NonClass: 45133K(45376K)->45133K(45376K) Class: 7465K(7808K)->7465K(7808K)
[99.368s][info][gc             ] GC(228) Pause Young (Allocation Failure) 355M->16M(1023M) 0.552ms
[99.368s][info][gc,cpu         ] GC(228) User=0.00s Sys=0.00s Real=0.00s
[99.796s][info][gc,start       ] GC(229) Pause Young (Allocation Failure)
[99.796s][info][gc,heap        ] GC(229) PSYoungGen: 347392K(348160K)->256K(348672K) Eden: 347136K(347136K)->0K(348160K) From: 256K(1024K)->256K(512K)
[99.796s][info][gc,heap        ] GC(229) ParOldGen: 16444K(699392K)->16484K(699392K)
[99.796s][info][gc,metaspace   ] GC(229) Metaspace: 52599K(53184K)->52599K(53184K) NonClass: 45133K(45376K)->45133K(45376K) Class: 7465K(7808K)->7465K(7808K)
[99.796s][info][gc             ] GC(229) Pause Young (Allocation Failure) 355M->16M(1023M) 0.528ms
[99.796s][info][gc,cpu         ] GC(229) User=0.00s Sys=0.00s Real=0.00s
[100.216s][info][gc,start       ] GC(230) Pause Young (Allocation Failure)
[100.216s][info][gc,heap        ] GC(230) PSYoungGen: 348416K(348672K)->288K(348672K) Eden: 348160K(348160K)->0K(348160K) From: 256K(512K)->288K(512K)
[100.217s][info][gc,heap        ] GC(230) ParOldGen: 16484K(699392K)->16508K(699392K)
[100.217s][info][gc,metaspace   ] GC(230) Metaspace: 52599K(53184K)->52599K(53184K) NonClass: 45133K(45376K)->45133K(45376K) Class: 7465K(7808K)->7465K(7808K)
[100.217s][info][gc             ] GC(230) Pause Young (Allocation Failure) 356M->16M(1023M) 0.761ms
[100.217s][info][gc,cpu         ] GC(230) User=0.00s Sys=0.00s Real=0.00s
[100.661s][info][gc,start       ] GC(231) Pause Young (Allocation Failure)
[100.661s][info][gc,heap        ] GC(231) PSYoungGen: 348448K(348672K)->256K(348672K) Eden: 348160K(348160K)->0K(348160K) From: 288K(512K)->256K(512K)
[100.661s][info][gc,heap        ] GC(231) ParOldGen: 16508K(699392K)->16516K(699392K)
[100.661s][info][gc,metaspace   ] GC(231) Metaspace: 52599K(53184K)->52599K(53184K) NonClass: 45133K(45376K)->45133K(45376K) Class: 7465K(7808K)->7465K(7808K)
[100.661s][info][gc             ] GC(231) Pause Young (Allocation Failure) 356M->16M(1023M) 0.495ms
[100.661s][info][gc,cpu         ] GC(231) User=0.00s Sys=0.00s Real=0.00s
[101.081s][info][gc,start       ] GC(232) Pause Young (Allocation Failure)
[101.082s][info][gc,heap        ] GC(232) PSYoungGen: 348416K(348672K)->288K(348672K) Eden: 348160K(348160K)->0K(348160K) From: 256K(512K)->288K(512K)
[101.082s][info][gc,heap        ] GC(232) ParOldGen: 16516K(699392K)->16556K(699392K)
[101.082s][info][gc,metaspace   ] GC(232) Metaspace: 52599K(53184K)->52599K(53184K) NonClass: 45133K(45376K)->45133K(45376K) Class: 7465K(7808K)->7465K(7808K)
[101.082s][info][gc             ] GC(232) Pause Young (Allocation Failure) 356M->16M(1023M) 0.517ms
[101.082s][info][gc,cpu         ] GC(232) User=0.00s Sys=0.00s Real=0.00s
[101.496s][info][gc,start       ] GC(233) Pause Young (System.gc())
[101.497s][info][gc,heap        ] GC(233) PSYoungGen: 324528K(348672K)->256K(348672K) Eden: 324240K(348160K)->0K(348160K) From: 288K(512K)->256K(512K)
[101.497s][info][gc,heap        ] GC(233) ParOldGen: 16556K(699392K)->16564K(699392K)
[101.497s][info][gc,metaspace   ] GC(233) Metaspace: 52600K(53184K)->52600K(53184K) NonClass: 45134K(45376K)->45134K(45376K) Class: 7465K(7808K)->7465K(7808K)
[101.497s][info][gc             ] GC(233) Pause Young (System.gc()) 333M->16M(1023M) 0.465ms
[101.497s][info][gc,cpu         ] GC(233) User=0.00s Sys=0.00s Real=0.00s
[101.497s][info][gc,start       ] GC(234) Pause Full (System.gc())
[101.497s][info][gc,phases,start] GC(234) Marking Phase
[101.513s][info][gc,phases      ] GC(234) Marking Phase 16.320ms
[101.513s][info][gc,phases,start] GC(234) Summary Phase
[101.513s][info][gc,phases      ] GC(234) Summary Phase 0.009ms
[101.513s][info][gc,phases,start] GC(234) Adjust Roots
[101.520s][info][gc,phases      ] GC(234) Adjust Roots 6.658ms
[101.520s][info][gc,phases,start] GC(234) Compaction Phase
[101.523s][info][gc,phases      ] GC(234) Compaction Phase 3.004ms
[101.523s][info][gc,phases,start] GC(234) Post Compact
[101.523s][info][gc,phases      ] GC(234) Post Compact 0.170ms
[101.523s][info][gc,heap        ] GC(234) PSYoungGen: 256K(348672K)->0K(348672K) Eden: 0K(348160K)->0K(348160K) From: 256K(512K)->0K(512K)
[101.523s][info][gc,heap        ] GC(234) ParOldGen: 16564K(699392K)->16011K(699392K)
[101.523s][info][gc,metaspace   ] GC(234) Metaspace: 52600K(53184K)->52600K(53184K) NonClass: 45134K(45376K)->45134K(45376K) Class: 7465K(7808K)->7465K(7808K)
[101.523s][info][gc             ] GC(234) Pause Full (System.gc()) 16M->15M(1023M) 26.360ms
[101.523s][info][gc,cpu         ] GC(234) User=0.00s Sys=0.00s Real=0.02s
[101.973s][info][gc,start       ] GC(235) Pause Young (Allocation Failure)
[101.974s][info][gc,heap        ] GC(235) PSYoungGen: 348160K(348672K)->512K(348672K) Eden: 348160K(348160K)->0K(348160K) From: 0K(512K)->512K(512K)
[101.974s][info][gc,heap        ] GC(235) ParOldGen: 16011K(699392K)->16043K(699392K)
[101.974s][info][gc,metaspace   ] GC(235) Metaspace: 52616K(53184K)->52616K(53184K) NonClass: 45150K(45376K)->45150K(45376K) Class: 7465K(7808K)->7465K(7808K)
[101.974s][info][gc             ] GC(235) Pause Young (Allocation Failure) 355M->16M(1023M) 0.727ms
[101.974s][info][gc,cpu         ] GC(235) User=0.00s Sys=0.00s Real=0.00s
[102.403s][info][gc,start       ] GC(236) Pause Young (Allocation Failure)
[102.403s][info][gc,heap        ] GC(236) PSYoungGen: 348672K(348672K)->224K(348672K) Eden: 348160K(348160K)->0K(348160K) From: 512K(512K)->224K(512K)
[102.403s][info][gc,heap        ] GC(236) ParOldGen: 16043K(699392K)->16435K(699392K)
[102.403s][info][gc,metaspace   ] GC(236) Metaspace: 52616K(53184K)->52616K(53184K) NonClass: 45150K(45376K)->45150K(45376K) Class: 7465K(7808K)->7465K(7808K)
[102.403s][info][gc             ] GC(236) Pause Young (Allocation Failure) 356M->16M(1023M) 0.687ms
[102.403s][info][gc,cpu         ] GC(236) User=0.00s Sys=0.00s Real=0.00s
[102.832s][info][gc,start       ] GC(237) Pause Young (Allocation Failure)
[102.833s][info][gc,heap        ] GC(237) PSYoungGen: 348384K(348672K)->224K(348672K) Eden: 348160K(348160K)->0K(348160K) From: 224K(512K)->224K(512K)
[102.833s][info][gc,heap        ] GC(237) ParOldGen: 16435K(699392K)->16467K(699392K)
[102.833s][info][gc,metaspace   ] GC(237) Metaspace: 52619K(53184K)->52619K(53184K) NonClass: 45153K(45376K)->45153K(45376K) Class: 7465K(7808K)->7465K(7808K)
[102.833s][info][gc             ] GC(237) Pause Young (Allocation Failure) 356M->16M(1023M) 0.532ms
[102.833s][info][gc,cpu         ] GC(237) User=0.00s Sys=0.00s Real=0.00s
[103.250s][info][gc,start       ] GC(238) Pause Young (Allocation Failure)
[103.251s][info][gc,heap        ] GC(238) PSYoungGen: 348384K(348672K)->288K(348672K) Eden: 348160K(348160K)->0K(348160K) From: 224K(512K)->288K(512K)
[103.251s][info][gc,heap        ] GC(238) ParOldGen: 16467K(699392K)->16467K(699392K)
[103.251s][info][gc,metaspace   ] GC(238) Metaspace: 52621K(53184K)->52621K(53184K) NonClass: 45155K(45376K)->45155K(45376K) Class: 7465K(7808K)->7465K(7808K)
[103.251s][info][gc             ] GC(238) Pause Young (Allocation Failure) 356M->16M(1023M) 0.491ms
[103.251s][info][gc,cpu         ] GC(238) User=0.00s Sys=0.00s Real=0.00s
[103.681s][info][gc,start       ] GC(239) Pause Young (Allocation Failure)
[103.682s][info][gc,heap        ] GC(239) PSYoungGen: 348448K(348672K)->256K(348672K) Eden: 348160K(348160K)->0K(348160K) From: 288K(512K)->256K(512K)
[103.682s][info][gc,heap        ] GC(239) ParOldGen: 16467K(699392K)->16499K(699392K)
[103.682s][info][gc,metaspace   ] GC(239) Metaspace: 52621K(53184K)->52621K(53184K) NonClass: 45155K(45376K)->45155K(45376K) Class: 7465K(7808K)->7465K(7808K)
[103.682s][info][gc             ] GC(239) Pause Young (Allocation Failure) 356M->16M(1023M) 0.513ms
[103.682s][info][gc,cpu         ] GC(239) User=0.00s Sys=0.00s Real=0.00s
[104.103s][info][gc,start       ] GC(240) Pause Young (Allocation Failure)
[104.104s][info][gc,heap        ] GC(240) PSYoungGen: 348416K(348672K)->288K(348672K) Eden: 348160K(348160K)->0K(348160K) From: 256K(512K)->288K(512K)
[104.104s][info][gc,heap        ] GC(240) ParOldGen: 16499K(699392K)->16531K(699392K)
[104.104s][info][gc,metaspace   ] GC(240) Metaspace: 52621K(53184K)->52621K(53184K) NonClass: 45155K(45376K)->45155K(45376K) Class: 7465K(7808K)->7465K(7808K)
[104.104s][info][gc             ] GC(240) Pause Young (Allocation Failure) 356M->16M(1023M) 0.489ms
[104.104s][info][gc,cpu         ] GC(240) User=0.00s Sys=0.00s Real=0.00s
[104.533s][info][gc,start       ] GC(241) Pause Young (Allocation Failure)
[104.533s][info][gc,heap        ] GC(241) PSYoungGen: 348448K(348672K)->320K(348672K) Eden: 348160K(348160K)->0K(348160K) From: 288K(512K)->320K(512K)
[104.533s][info][gc,heap        ] GC(241) ParOldGen: 16531K(699392K)->16555K(699392K)
[104.533s][info][gc,metaspace   ] GC(241) Metaspace: 52621K(53184K)->52621K(53184K) NonClass: 45155K(45376K)->45155K(45376K) Class: 7465K(7808K)->7465K(7808K)
[104.533s][info][gc             ] GC(241) Pause Young (Allocation Failure) 356M->16M(1023M) 0.577ms
[104.533s][info][gc,cpu         ] GC(241) User=0.00s Sys=0.00s Real=0.00s
[104.964s][info][gc,start       ] GC(242) Pause Young (System.gc())
[104.965s][info][gc,heap        ] GC(242) PSYoungGen: 324090K(348672K)->320K(348672K) Eden: 323770K(348160K)->0K(348160K) From: 320K(512K)->320K(512K)
[104.965s][info][gc,heap        ] GC(242) ParOldGen: 16555K(699392K)->16587K(699392K)
[104.965s][info][gc,metaspace   ] GC(242) Metaspace: 52625K(53184K)->52625K(53184K) NonClass: 45159K(45376K)->45159K(45376K) Class: 7465K(7808K)->7465K(7808K)
[104.965s][info][gc             ] GC(242) Pause Young (System.gc()) 332M->16M(1023M) 0.566ms
[104.965s][info][gc,cpu         ] GC(242) User=0.00s Sys=0.00s Real=0.00s
[104.965s][info][gc,start       ] GC(243) Pause Full (System.gc())
[104.965s][info][gc,phases,start] GC(243) Marking Phase
[104.981s][info][gc,phases      ] GC(243) Marking Phase 16.340ms
[104.981s][info][gc,phases,start] GC(243) Summary Phase
[104.981s][info][gc,phases      ] GC(243) Summary Phase 0.009ms
[104.981s][info][gc,phases,start] GC(243) Adjust Roots
[104.988s][info][gc,phases      ] GC(243) Adjust Roots 6.682ms
[104.988s][info][gc,phases,start] GC(243) Compaction Phase
[104.992s][info][gc,phases      ] GC(243) Compaction Phase 3.259ms
[104.992s][info][gc,phases,start] GC(243) Post Compact
[104.992s][info][gc,phases      ] GC(243) Post Compact 0.167ms
[104.992s][info][gc,heap        ] GC(243) PSYoungGen: 320K(348672K)->0K(348672K) Eden: 0K(348160K)->0K(348160K) From: 320K(512K)->0K(512K)
[104.992s][info][gc,heap        ] GC(243) ParOldGen: 16587K(699392K)->16085K(699392K)
[104.992s][info][gc,metaspace   ] GC(243) Metaspace: 52625K(53184K)->52625K(53184K) NonClass: 45159K(45376K)->45159K(45376K) Class: 7465K(7808K)->7465K(7808K)
[104.992s][info][gc             ] GC(243) Pause Full (System.gc()) 16M->15M(1023M) 26.688ms
[104.992s][info][gc,cpu         ] GC(243) User=0.00s Sys=0.00s Real=0.02s
[105.427s][info][gc,start       ] GC(244) Pause Young (Allocation Failure)
[105.427s][info][gc,heap        ] GC(244) PSYoungGen: 348160K(348672K)->512K(348672K) Eden: 348160K(348160K)->0K(348160K) From: 0K(512K)->512K(512K)
[105.427s][info][gc,heap        ] GC(244) ParOldGen: 16085K(699392K)->16101K(699392K)
[105.427s][info][gc,metaspace   ] GC(244) Metaspace: 52626K(53184K)->52626K(53184K) NonClass: 45160K(45376K)->45160K(45376K) Class: 7465K(7808K)->7465K(7808K)
[105.427s][info][gc             ] GC(244) Pause Young (Allocation Failure) 355M->16M(1023M) 0.751ms
[105.427s][info][gc,cpu         ] GC(244) User=0.00s Sys=0.00s Real=0.00s
[105.859s][info][gc,start       ] GC(245) Pause Young (Allocation Failure)
[105.859s][info][gc,heap        ] GC(245) PSYoungGen: 348672K(348672K)->224K(348672K) Eden: 348160K(348160K)->0K(348160K) From: 512K(512K)->224K(512K)
[105.859s][info][gc,heap        ] GC(245) ParOldGen: 16101K(699392K)->16437K(699392K)
[105.859s][info][gc,metaspace   ] GC(245) Metaspace: 52626K(53184K)->52626K(53184K) NonClass: 45160K(45376K)->45160K(45376K) Class: 7465K(7808K)->7465K(7808K)
[105.859s][info][gc             ] GC(245) Pause Young (Allocation Failure) 356M->16M(1023M) 0.681ms
[105.859s][info][gc,cpu         ] GC(245) User=0.00s Sys=0.00s Real=0.00s
[106.297s][info][gc,start       ] GC(246) Pause Young (Allocation Failure)
[106.298s][info][gc,heap        ] GC(246) PSYoungGen: 348384K(348672K)->288K(348672K) Eden: 348160K(348160K)->0K(348160K) From: 224K(512K)->288K(512K)
[106.298s][info][gc,heap        ] GC(246) ParOldGen: 16437K(699392K)->16453K(699392K)
[106.298s][info][gc,metaspace   ] GC(246) Metaspace: 52626K(53184K)->52626K(53184K) NonClass: 45160K(45376K)->45160K(45376K) Class: 7465K(7808K)->7465K(7808K)
[106.298s][info][gc             ] GC(246) Pause Young (Allocation Failure) 356M->16M(1023M) 0.614ms
[106.298s][info][gc,cpu         ] GC(246) User=0.00s Sys=0.00s Real=0.00s
[106.754s][info][gc,start       ] GC(247) Pause Young (Allocation Failure)
[106.755s][info][gc,heap        ] GC(247) PSYoungGen: 348448K(348672K)->224K(348672K) Eden: 348160K(348160K)->0K(348160K) From: 288K(512K)->224K(512K)
[106.755s][info][gc,heap        ] GC(247) ParOldGen: 16453K(699392K)->16501K(699392K)
[106.755s][info][gc,metaspace   ] GC(247) Metaspace: 52626K(53184K)->52626K(53184K) NonClass: 45160K(45376K)->45160K(45376K) Class: 7465K(7808K)->7465K(7808K)
[106.755s][info][gc             ] GC(247) Pause Young (Allocation Failure) 356M->16M(1023M) 0.573ms
[106.755s][info][gc,cpu         ] GC(247) User=0.00s Sys=0.00s Real=0.00s
[107.170s][info][gc,start       ] GC(248) Pause Young (Allocation Failure)
[107.170s][info][gc,heap        ] GC(248) PSYoungGen: 348384K(348672K)->288K(348672K) Eden: 348160K(348160K)->0K(348160K) From: 224K(512K)->288K(512K)
[107.170s][info][gc,heap        ] GC(248) ParOldGen: 16501K(699392K)->16509K(699392K)
[107.170s][info][gc,metaspace   ] GC(248) Metaspace: 52626K(53184K)->52626K(53184K) NonClass: 45160K(45376K)->45160K(45376K) Class: 7465K(7808K)->7465K(7808K)
[107.170s][info][gc             ] GC(248) Pause Young (Allocation Failure) 356M->16M(1023M) 0.504ms
[107.170s][info][gc,cpu         ] GC(248) User=0.00s Sys=0.00s Real=0.00s
[107.594s][info][gc,start       ] GC(249) Pause Young (Allocation Failure)
[107.594s][info][gc,heap        ] GC(249) PSYoungGen: 348448K(348672K)->256K(348672K) Eden: 348160K(348160K)->0K(348160K) From: 288K(512K)->256K(512K)
[107.594s][info][gc,heap        ] GC(249) ParOldGen: 16509K(699392K)->16517K(699392K)
[107.594s][info][gc,metaspace   ] GC(249) Metaspace: 52626K(53184K)->52626K(53184K) NonClass: 45160K(45376K)->45160K(45376K) Class: 7465K(7808K)->7465K(7808K)
[107.594s][info][gc             ] GC(249) Pause Young (Allocation Failure) 356M->16M(1023M) 0.496ms
[107.594s][info][gc,cpu         ] GC(249) User=0.00s Sys=0.00s Real=0.00s
[108.023s][info][gc,start       ] GC(250) Pause Young (Allocation Failure)
[108.024s][info][gc,heap        ] GC(250) PSYoungGen: 348416K(348672K)->192K(348672K) Eden: 348160K(348160K)->0K(348160K) From: 256K(512K)->192K(512K)
[108.024s][info][gc,heap        ] GC(250) ParOldGen: 16517K(699392K)->16565K(699392K)
[108.024s][info][gc,metaspace   ] GC(250) Metaspace: 52626K(53184K)->52626K(53184K) NonClass: 45160K(45376K)->45160K(45376K) Class: 7465K(7808K)->7465K(7808K)
[108.024s][info][gc             ] GC(250) Pause Young (Allocation Failure) 356M->16M(1023M) 0.483ms
[108.024s][info][gc,cpu         ] GC(250) User=0.00s Sys=0.00s Real=0.00s
[108.446s][info][gc,start       ] GC(251) Pause Young (System.gc())
[108.447s][info][gc,heap        ] GC(251) PSYoungGen: 325031K(348672K)->192K(348672K) Eden: 324839K(348160K)->0K(348160K) From: 192K(512K)->192K(512K)
[108.447s][info][gc,heap        ] GC(251) ParOldGen: 16565K(699392K)->16581K(699392K)
[108.447s][info][gc,metaspace   ] GC(251) Metaspace: 52629K(53184K)->52629K(53184K) NonClass: 45164K(45376K)->45164K(45376K) Class: 7465K(7808K)->7465K(7808K)
[108.447s][info][gc             ] GC(251) Pause Young (System.gc()) 333M->16M(1023M) 0.515ms
[108.447s][info][gc,cpu         ] GC(251) User=0.00s Sys=0.00s Real=0.00s
[108.447s][info][gc,start       ] GC(252) Pause Full (System.gc())
[108.447s][info][gc,phases,start] GC(252) Marking Phase
[108.463s][info][gc,phases      ] GC(252) Marking Phase 16.110ms
[108.463s][info][gc,phases,start] GC(252) Summary Phase
[108.463s][info][gc,phases      ] GC(252) Summary Phase 0.009ms
[108.463s][info][gc,phases,start] GC(252) Adjust Roots
[108.470s][info][gc,phases      ] GC(252) Adjust Roots 6.647ms
[108.470s][info][gc,phases,start] GC(252) Compaction Phase
[108.473s][info][gc,phases      ] GC(252) Compaction Phase 3.034ms
[108.473s][info][gc,phases,start] GC(252) Post Compact
[108.473s][info][gc,phases      ] GC(252) Post Compact 0.191ms
[108.473s][info][gc,heap        ] GC(252) PSYoungGen: 192K(348672K)->0K(348672K) Eden: 0K(348160K)->0K(348160K) From: 192K(512K)->0K(512K)
[108.473s][info][gc,heap        ] GC(252) ParOldGen: 16581K(699392K)->16009K(699392K)
[108.473s][info][gc,metaspace   ] GC(252) Metaspace: 52629K(53184K)->52629K(53184K) NonClass: 45164K(45376K)->45164K(45376K) Class: 7465K(7808K)->7465K(7808K)
[108.473s][info][gc             ] GC(252) Pause Full (System.gc()) 16M->15M(1023M) 26.208ms
[108.473s][info][gc,cpu         ] GC(252) User=0.02s Sys=0.00s Real=0.02s
[108.930s][info][gc,start       ] GC(253) Pause Young (Allocation Failure)
[108.931s][info][gc,heap        ] GC(253) PSYoungGen: 348160K(348672K)->512K(348672K) Eden: 348160K(348160K)->0K(348160K) From: 0K(512K)->512K(512K)
[108.931s][info][gc,heap        ] GC(253) ParOldGen: 16009K(699392K)->16057K(699392K)
[108.931s][info][gc,metaspace   ] GC(253) Metaspace: 52660K(53184K)->52660K(53184K) NonClass: 45194K(45376K)->45194K(45376K) Class: 7465K(7808K)->7465K(7808K)
[108.931s][info][gc             ] GC(253) Pause Young (Allocation Failure) 355M->16M(1023M) 0.758ms
[108.931s][info][gc,cpu         ] GC(253) User=0.00s Sys=0.00s Real=0.00s
[109.362s][info][gc,start       ] GC(254) Pause Young (Allocation Failure)
[109.363s][info][gc,heap        ] GC(254) PSYoungGen: 348672K(348672K)->192K(347648K) Eden: 348160K(348160K)->0K(347136K) From: 512K(512K)->192K(512K)
[109.363s][info][gc,heap        ] GC(254) ParOldGen: 16057K(699392K)->16417K(699392K)
[109.363s][info][gc,metaspace   ] GC(254) Metaspace: 52661K(53184K)->52661K(53184K) NonClass: 45195K(45376K)->45195K(45376K) Class: 7465K(7808K)->7465K(7808K)
[109.363s][info][gc             ] GC(254) Pause Young (Allocation Failure) 356M->16M(1022M) 0.716ms
[109.363s][info][gc,cpu         ] GC(254) User=0.00s Sys=0.00s Real=0.00s
[109.804s][info][gc,start       ] GC(255) Pause Young (Allocation Failure)
[109.805s][info][gc,heap        ] GC(255) PSYoungGen: 347328K(347648K)->224K(348160K) Eden: 347136K(347136K)->0K(347136K) From: 192K(512K)->224K(1024K)
[109.805s][info][gc,heap        ] GC(255) ParOldGen: 16417K(699392K)->16457K(699392K)
[109.805s][info][gc,metaspace   ] GC(255) Metaspace: 52661K(53184K)->52661K(53184K) NonClass: 45195K(45376K)->45195K(45376K) Class: 7465K(7808K)->7465K(7808K)
[109.805s][info][gc             ] GC(255) Pause Young (Allocation Failure) 355M->16M(1023M) 0.478ms
[109.805s][info][gc,cpu         ] GC(255) User=0.00s Sys=0.00s Real=0.00s
[110.229s][info][gc,start       ] GC(256) Pause Young (Allocation Failure)
[110.230s][info][gc,heap        ] GC(256) PSYoungGen: 347360K(348160K)->256K(348672K) Eden: 347136K(347136K)->0K(347648K) From: 224K(1024K)->256K(1024K)
[110.230s][info][gc,heap        ] GC(256) ParOldGen: 16457K(699392K)->16473K(699392K)
[110.230s][info][gc,metaspace   ] GC(256) Metaspace: 52668K(53248K)->52668K(53248K) NonClass: 45203K(45440K)->45203K(45440K) Class: 7465K(7808K)->7465K(7808K)
[110.230s][info][gc             ] GC(256) Pause Young (Allocation Failure) 355M->16M(1023M) 0.577ms
[110.230s][info][gc,cpu         ] GC(256) User=0.00s Sys=0.00s Real=0.00s
[110.676s][info][gc,start       ] GC(257) Pause Young (Allocation Failure)
[110.677s][info][gc,heap        ] GC(257) PSYoungGen: 347904K(348672K)->224K(348160K) Eden: 347648K(347648K)->0K(347648K) From: 256K(1024K)->224K(512K)
[110.677s][info][gc,heap        ] GC(257) ParOldGen: 16473K(699392K)->16481K(699392K)
[110.677s][info][gc,metaspace   ] GC(257) Metaspace: 52668K(53248K)->52668K(53248K) NonClass: 45203K(45440K)->45203K(45440K) Class: 7465K(7808K)->7465K(7808K)
[110.677s][info][gc             ] GC(257) Pause Young (Allocation Failure) 355M->16M(1023M) 0.579ms
[110.677s][info][gc,cpu         ] GC(257) User=0.00s Sys=0.00s Real=0.00s
[111.099s][info][gc,start       ] GC(258) Pause Young (Allocation Failure)
[111.100s][info][gc,heap        ] GC(258) PSYoungGen: 347872K(348160K)->256K(348672K) Eden: 347648K(347648K)->0K(348160K) From: 224K(512K)->256K(512K)
[111.100s][info][gc,heap        ] GC(258) ParOldGen: 16481K(699392K)->16505K(699392K)
[111.100s][info][gc,metaspace   ] GC(258) Metaspace: 52695K(53312K)->52695K(53312K) NonClass: 45230K(45504K)->45230K(45504K) Class: 7465K(7808K)->7465K(7808K)
[111.100s][info][gc             ] GC(258) Pause Young (Allocation Failure) 355M->16M(1023M) 0.517ms
[111.100s][info][gc,cpu         ] GC(258) User=0.00s Sys=0.00s Real=0.00s
[111.532s][info][gc,start       ] GC(259) Pause Young (Allocation Failure)
[111.532s][info][gc,heap        ] GC(259) PSYoungGen: 348416K(348672K)->288K(348672K) Eden: 348160K(348160K)->0K(348160K) From: 256K(512K)->288K(512K)
[111.532s][info][gc,heap        ] GC(259) ParOldGen: 16505K(699392K)->16521K(699392K)
[111.532s][info][gc,metaspace   ] GC(259) Metaspace: 52695K(53312K)->52695K(53312K) NonClass: 45230K(45504K)->45230K(45504K) Class: 7465K(7808K)->7465K(7808K)
[111.532s][info][gc             ] GC(259) Pause Young (Allocation Failure) 356M->16M(1023M) 0.528ms
[111.533s][info][gc,cpu         ] GC(259) User=0.00s Sys=0.00s Real=0.00s
[111.971s][info][gc,start       ] GC(260) Pause Young (System.gc())
[111.971s][info][gc,heap        ] GC(260) PSYoungGen: 326344K(348672K)->352K(348672K) Eden: 326056K(348160K)->0K(348160K) From: 288K(512K)->352K(512K)
[111.971s][info][gc,heap        ] GC(260) ParOldGen: 16521K(699392K)->16545K(699392K)
[111.971s][info][gc,metaspace   ] GC(260) Metaspace: 52706K(53312K)->52706K(53312K) NonClass: 45240K(45504K)->45240K(45504K) Class: 7465K(7808K)->7465K(7808K)
[111.971s][info][gc             ] GC(260) Pause Young (System.gc()) 334M->16M(1023M) 0.661ms
[111.971s][info][gc,cpu         ] GC(260) User=0.00s Sys=0.00s Real=0.00s
[111.971s][info][gc,start       ] GC(261) Pause Full (System.gc())
[111.971s][info][gc,phases,start] GC(261) Marking Phase
[111.989s][info][gc,phases      ] GC(261) Marking Phase 17.322ms
[111.989s][info][gc,phases,start] GC(261) Summary Phase
[111.989s][info][gc,phases      ] GC(261) Summary Phase 0.010ms
[111.989s][info][gc,phases,start] GC(261) Adjust Roots
[111.996s][info][gc,phases      ] GC(261) Adjust Roots 7.194ms
[111.996s][info][gc,phases,start] GC(261) Compaction Phase
[111.999s][info][gc,phases      ] GC(261) Compaction Phase 3.365ms
[111.999s][info][gc,phases,start] GC(261) Post Compact
[112.000s][info][gc,phases      ] GC(261) Post Compact 0.197ms
[112.000s][info][gc,heap        ] GC(261) PSYoungGen: 352K(348672K)->0K(348672K) Eden: 0K(348160K)->0K(348160K) From: 352K(512K)->0K(512K)
[112.000s][info][gc,heap        ] GC(261) ParOldGen: 16545K(699392K)->16122K(699392K)
[112.000s][info][gc,metaspace   ] GC(261) Metaspace: 52706K(53312K)->52706K(53312K) NonClass: 45240K(45504K)->45240K(45504K) Class: 7465K(7808K)->7465K(7808K)
[112.000s][info][gc             ] GC(261) Pause Full (System.gc()) 16M->15M(1023M) 28.329ms
[112.000s][info][gc,cpu         ] GC(261) User=0.02s Sys=0.00s Real=0.02s
[112.447s][info][gc,start       ] GC(262) Pause Young (Allocation Failure)
[112.448s][info][gc,heap        ] GC(262) PSYoungGen: 348160K(348672K)->448K(348672K) Eden: 348160K(348160K)->0K(348160K) From: 0K(512K)->448K(512K)
[112.448s][info][gc,heap        ] GC(262) ParOldGen: 16122K(699392K)->16122K(699392K)
[112.448s][info][gc,metaspace   ] GC(262) Metaspace: 52718K(53312K)->52718K(53312K) NonClass: 45252K(45504K)->45252K(45504K) Class: 7465K(7808K)->7465K(7808K)
[112.448s][info][gc             ] GC(262) Pause Young (Allocation Failure) 355M->16M(1023M) 0.649ms
[112.448s][info][gc,cpu         ] GC(262) User=0.00s Sys=0.00s Real=0.00s
[112.880s][info][gc,start       ] GC(263) Pause Young (Allocation Failure)
[112.881s][info][gc,heap        ] GC(263) PSYoungGen: 348608K(348672K)->192K(348672K) Eden: 348160K(348160K)->0K(348160K) From: 448K(512K)->192K(512K)
[112.881s][info][gc,heap        ] GC(263) ParOldGen: 16122K(699392K)->16386K(699392K)
[112.881s][info][gc,metaspace   ] GC(263) Metaspace: 52718K(53312K)->52718K(53312K) NonClass: 45252K(45504K)->45252K(45504K) Class: 7465K(7808K)->7465K(7808K)
[112.881s][info][gc             ] GC(263) Pause Young (Allocation Failure) 356M->16M(1023M) 0.635ms
[112.881s][info][gc,cpu         ] GC(263) User=0.00s Sys=0.00s Real=0.00s
[113.303s][info][gc,start       ] GC(264) Pause Young (Allocation Failure)
[113.303s][info][gc,heap        ] GC(264) PSYoungGen: 348352K(348672K)->288K(348672K) Eden: 348160K(348160K)->0K(348160K) From: 192K(512K)->288K(512K)
[113.303s][info][gc,heap        ] GC(264) ParOldGen: 16386K(699392K)->16394K(699392K)
[113.303s][info][gc,metaspace   ] GC(264) Metaspace: 52718K(53312K)->52718K(53312K) NonClass: 45252K(45504K)->45252K(45504K) Class: 7465K(7808K)->7465K(7808K)
[113.303s][info][gc             ] GC(264) Pause Young (Allocation Failure) 356M->16M(1023M) 0.543ms
[113.303s][info][gc,cpu         ] GC(264) User=0.00s Sys=0.00s Real=0.00s
[113.732s][info][gc,start       ] GC(265) Pause Young (Allocation Failure)
[113.733s][info][gc,heap        ] GC(265) PSYoungGen: 348448K(348672K)->224K(348672K) Eden: 348160K(348160K)->0K(348160K) From: 288K(512K)->224K(512K)
[113.733s][info][gc,heap        ] GC(265) ParOldGen: 16394K(699392K)->16434K(699392K)
[113.733s][info][gc,metaspace   ] GC(265) Metaspace: 52719K(53312K)->52719K(53312K) NonClass: 45253K(45504K)->45253K(45504K) Class: 7465K(7808K)->7465K(7808K)
[113.733s][info][gc             ] GC(265) Pause Young (Allocation Failure) 356M->16M(1023M) 0.503ms
[113.733s][info][gc,cpu         ] GC(265) User=0.00s Sys=0.00s Real=0.00s
[114.151s][info][gc,start       ] GC(266) Pause Young (Allocation Failure)
[114.152s][info][gc,heap        ] GC(266) PSYoungGen: 348384K(348672K)->288K(348672K) Eden: 348160K(348160K)->0K(348160K) From: 224K(512K)->288K(512K)
[114.152s][info][gc,heap        ] GC(266) ParOldGen: 16434K(699392K)->16450K(699392K)
[114.152s][info][gc,metaspace   ] GC(266) Metaspace: 52719K(53312K)->52719K(53312K) NonClass: 45253K(45504K)->45253K(45504K) Class: 7465K(7808K)->7465K(7808K)
[114.152s][info][gc             ] GC(266) Pause Young (Allocation Failure) 356M->16M(1023M) 0.527ms
[114.152s][info][gc,cpu         ] GC(266) User=0.00s Sys=0.00s Real=0.00s
[114.576s][info][gc,start       ] GC(267) Pause Young (Allocation Failure)
[114.577s][info][gc,heap        ] GC(267) PSYoungGen: 348448K(348672K)->288K(348672K) Eden: 348160K(348160K)->0K(348160K) From: 288K(512K)->288K(512K)
[114.577s][info][gc,heap        ] GC(267) ParOldGen: 16450K(699392K)->16458K(699392K)
[114.577s][info][gc,metaspace   ] GC(267) Metaspace: 52719K(53312K)->52719K(53312K) NonClass: 45253K(45504K)->45253K(45504K) Class: 7465K(7808K)->7465K(7808K)
[114.577s][info][gc             ] GC(267) Pause Young (Allocation Failure) 356M->16M(1023M) 0.474ms
[114.577s][info][gc,cpu         ] GC(267) User=0.00s Sys=0.00s Real=0.00s
[115.008s][info][gc,start       ] GC(268) Pause Young (Allocation Failure)
[115.008s][info][gc,heap        ] GC(268) PSYoungGen: 348448K(348672K)->256K(348672K) Eden: 348160K(348160K)->0K(348160K) From: 288K(512K)->256K(512K)
[115.008s][info][gc,heap        ] GC(268) ParOldGen: 16458K(699392K)->16498K(699392K)
[115.008s][info][gc,metaspace   ] GC(268) Metaspace: 52719K(53312K)->52719K(53312K) NonClass: 45253K(45504K)->45253K(45504K) Class: 7465K(7808K)->7465K(7808K)
[115.008s][info][gc             ] GC(268) Pause Young (Allocation Failure) 356M->16M(1023M) 0.446ms
[115.008s][info][gc,cpu         ] GC(268) User=0.00s Sys=0.00s Real=0.00s
[115.425s][info][gc,start       ] GC(269) Pause Young (System.gc())
[115.426s][info][gc,heap        ] GC(269) PSYoungGen: 323432K(348672K)->288K(348672K) Eden: 323176K(348160K)->0K(348160K) From: 256K(512K)->288K(512K)
[115.426s][info][gc,heap        ] GC(269) ParOldGen: 16498K(699392K)->16498K(699392K)
[115.426s][info][gc,metaspace   ] GC(269) Metaspace: 52719K(53312K)->52719K(53312K) NonClass: 45254K(45504K)->45254K(45504K) Class: 7465K(7808K)->7465K(7808K)
[115.426s][info][gc             ] GC(269) Pause Young (System.gc()) 331M->16M(1023M) 0.466ms
[115.426s][info][gc,cpu         ] GC(269) User=0.00s Sys=0.00s Real=0.00s
[115.426s][info][gc,start       ] GC(270) Pause Full (System.gc())
[115.426s][info][gc,phases,start] GC(270) Marking Phase
[115.443s][info][gc,phases      ] GC(270) Marking Phase 17.276ms
[115.443s][info][gc,phases,start] GC(270) Summary Phase
[115.443s][info][gc,phases      ] GC(270) Summary Phase 0.009ms
[115.443s][info][gc,phases,start] GC(270) Adjust Roots
[115.450s][info][gc,phases      ] GC(270) Adjust Roots 7.174ms
[115.450s][info][gc,phases,start] GC(270) Compaction Phase
[115.453s][info][gc,phases      ] GC(270) Compaction Phase 2.712ms
[115.453s][info][gc,phases,start] GC(270) Post Compact
[115.453s][info][gc,phases      ] GC(270) Post Compact 0.164ms
[115.453s][info][gc,heap        ] GC(270) PSYoungGen: 288K(348672K)->0K(348672K) Eden: 0K(348160K)->0K(348160K) From: 288K(512K)->0K(512K)
[115.453s][info][gc,heap        ] GC(270) ParOldGen: 16498K(699392K)->16008K(699392K)
[115.453s][info][gc,metaspace   ] GC(270) Metaspace: 52719K(53312K)->52719K(53312K) NonClass: 45254K(45504K)->45254K(45504K) Class: 7465K(7808K)->7465K(7808K)
[115.453s][info][gc             ] GC(270) Pause Full (System.gc()) 16M->15M(1023M) 27.570ms
[115.453s][info][gc,cpu         ] GC(270) User=0.02s Sys=0.00s Real=0.02s
[115.897s][info][gc,start       ] GC(271) Pause Young (Allocation Failure)
[115.898s][info][gc,heap        ] GC(271) PSYoungGen: 348160K(348672K)->512K(348672K) Eden: 348160K(348160K)->0K(348160K) From: 0K(512K)->512K(512K)
[115.898s][info][gc,heap        ] GC(271) ParOldGen: 16008K(699392K)->16064K(699392K)
[115.898s][info][gc,metaspace   ] GC(271) Metaspace: 52746K(53312K)->52746K(53312K) NonClass: 45280K(45504K)->45280K(45504K) Class: 7465K(7808K)->7465K(7808K)
[115.898s][info][gc             ] GC(271) Pause Young (Allocation Failure) 355M->16M(1023M) 0.715ms
[115.898s][info][gc,cpu         ] GC(271) User=0.00s Sys=0.00s Real=0.00s
[116.322s][info][gc,start       ] GC(272) Pause Young (Allocation Failure)
[116.323s][info][gc,heap        ] GC(272) PSYoungGen: 348672K(348672K)->288K(348672K) Eden: 348160K(348160K)->0K(348160K) From: 512K(512K)->288K(512K)
[116.323s][info][gc,heap        ] GC(272) ParOldGen: 16064K(699392K)->16424K(699392K)
[116.323s][info][gc,metaspace   ] GC(272) Metaspace: 52746K(53312K)->52746K(53312K) NonClass: 45280K(45504K)->45280K(45504K) Class: 7465K(7808K)->7465K(7808K)
[116.323s][info][gc             ] GC(272) Pause Young (Allocation Failure) 356M->16M(1023M) 0.710ms
[116.323s][info][gc,cpu         ] GC(272) User=0.00s Sys=0.00s Real=0.00s
[116.751s][info][gc,start       ] GC(273) Pause Young (Allocation Failure)
[116.751s][info][gc,heap        ] GC(273) PSYoungGen: 348448K(348672K)->288K(348672K) Eden: 348160K(348160K)->0K(348160K) From: 288K(512K)->288K(512K)
[116.751s][info][gc,heap        ] GC(273) ParOldGen: 16424K(699392K)->16472K(699392K)
[116.751s][info][gc,metaspace   ] GC(273) Metaspace: 52746K(53312K)->52746K(53312K) NonClass: 45280K(45504K)->45280K(45504K) Class: 7465K(7808K)->7465K(7808K)
[116.751s][info][gc             ] GC(273) Pause Young (Allocation Failure) 356M->16M(1023M) 0.536ms
[116.751s][info][gc,cpu         ] GC(273) User=0.00s Sys=0.00s Real=0.00s
[117.167s][info][gc,start       ] GC(274) Pause Young (Allocation Failure)
[117.167s][info][gc,heap        ] GC(274) PSYoungGen: 348448K(348672K)->224K(348672K) Eden: 348160K(348160K)->0K(348160K) From: 288K(512K)->224K(512K)
[117.167s][info][gc,heap        ] GC(274) ParOldGen: 16472K(699392K)->16480K(699392K)
[117.167s][info][gc,metaspace   ] GC(274) Metaspace: 52746K(53312K)->52746K(53312K) NonClass: 45280K(45504K)->45280K(45504K) Class: 7465K(7808K)->7465K(7808K)
[117.167s][info][gc             ] GC(274) Pause Young (Allocation Failure) 356M->16M(1023M) 0.464ms
[117.167s][info][gc,cpu         ] GC(274) User=0.00s Sys=0.00s Real=0.00s
[117.602s][info][gc,start       ] GC(275) Pause Young (Allocation Failure)
[117.603s][info][gc,heap        ] GC(275) PSYoungGen: 348384K(348672K)->288K(348672K) Eden: 348160K(348160K)->0K(348160K) From: 224K(512K)->288K(512K)
[117.603s][info][gc,heap        ] GC(275) ParOldGen: 16480K(699392K)->16504K(699392K)
[117.603s][info][gc,metaspace   ] GC(275) Metaspace: 52746K(53312K)->52746K(53312K) NonClass: 45280K(45504K)->45280K(45504K) Class: 7465K(7808K)->7465K(7808K)
[117.603s][info][gc             ] GC(275) Pause Young (Allocation Failure) 356M->16M(1023M) 1.084ms
[117.603s][info][gc,cpu         ] GC(275) User=0.00s Sys=0.00s Real=0.00s
[118.045s][info][gc,start       ] GC(276) Pause Young (Allocation Failure)
[118.045s][info][gc,heap        ] GC(276) PSYoungGen: 348448K(348672K)->288K(348672K) Eden: 348160K(348160K)->0K(348160K) From: 288K(512K)->288K(512K)
[118.045s][info][gc,heap        ] GC(276) ParOldGen: 16504K(699392K)->16552K(699392K)
[118.045s][info][gc,metaspace   ] GC(276) Metaspace: 52746K(53312K)->52746K(53312K) NonClass: 45280K(45504K)->45280K(45504K) Class: 7465K(7808K)->7465K(7808K)
[118.046s][info][gc             ] GC(276) Pause Young (Allocation Failure) 356M->16M(1023M) 0.574ms
[118.046s][info][gc,cpu         ] GC(276) User=0.00s Sys=0.00s Real=0.00s
[118.483s][info][gc,start       ] GC(277) Pause Young (Allocation Failure)
[118.483s][info][gc,heap        ] GC(277) PSYoungGen: 348448K(348672K)->288K(348672K) Eden: 348160K(348160K)->0K(348160K) From: 288K(512K)->288K(512K)
[118.484s][info][gc,heap        ] GC(277) ParOldGen: 16552K(699392K)->16568K(699392K)
[118.484s][info][gc,metaspace   ] GC(277) Metaspace: 52746K(53312K)->52746K(53312K) NonClass: 45280K(45504K)->45280K(45504K) Class: 7465K(7808K)->7465K(7808K)
[118.484s][info][gc             ] GC(277) Pause Young (Allocation Failure) 356M->16M(1023M) 0.519ms
[118.484s][info][gc,cpu         ] GC(277) User=0.00s Sys=0.00s Real=0.00s
[118.970s][info][gc,start       ] GC(278) Pause Young (System.gc())
[118.970s][info][gc,heap        ] GC(278) PSYoungGen: 323882K(348672K)->224K(348672K) Eden: 323594K(348160K)->0K(348160K) From: 288K(512K)->224K(512K)
[118.970s][info][gc,heap        ] GC(278) ParOldGen: 16568K(699392K)->16616K(699392K)
[118.970s][info][gc,metaspace   ] GC(278) Metaspace: 52763K(53312K)->52763K(53312K) NonClass: 45297K(45504K)->45297K(45504K) Class: 7465K(7808K)->7465K(7808K)
[118.970s][info][gc             ] GC(278) Pause Young (System.gc()) 332M->16M(1023M) 0.554ms
[118.970s][info][gc,cpu         ] GC(278) User=0.00s Sys=0.00s Real=0.00s
[118.970s][info][gc,start       ] GC(279) Pause Full (System.gc())
[118.970s][info][gc,phases,start] GC(279) Marking Phase
[118.986s][info][gc,phases      ] GC(279) Marking Phase 15.560ms
[118.986s][info][gc,phases,start] GC(279) Summary Phase
[118.986s][info][gc,phases      ] GC(279) Summary Phase 0.009ms
[118.986s][info][gc,phases,start] GC(279) Adjust Roots
[118.993s][info][gc,phases      ] GC(279) Adjust Roots 6.676ms
[118.993s][info][gc,phases,start] GC(279) Compaction Phase
[118.996s][info][gc,phases      ] GC(279) Compaction Phase 3.058ms
[118.996s][info][gc,phases,start] GC(279) Post Compact
[118.996s][info][gc,phases      ] GC(279) Post Compact 0.205ms
[118.996s][info][gc,heap        ] GC(279) PSYoungGen: 224K(348672K)->0K(348672K) Eden: 0K(348160K)->0K(348160K) From: 224K(512K)->0K(512K)
[118.996s][info][gc,heap        ] GC(279) ParOldGen: 16616K(699392K)->16007K(699392K)
[118.996s][info][gc,metaspace   ] GC(279) Metaspace: 52763K(53312K)->52763K(53312K) NonClass: 45297K(45504K)->45297K(45504K) Class: 7465K(7808K)->7465K(7808K)
[118.996s][info][gc             ] GC(279) Pause Full (System.gc()) 16M->15M(1023M) 25.707ms
[118.996s][info][gc,cpu         ] GC(279) User=0.02s Sys=0.00s Real=0.02s
[119.441s][info][gc,start       ] GC(280) Pause Young (Allocation Failure)
[119.442s][info][gc,heap        ] GC(280) PSYoungGen: 348160K(348672K)->512K(348672K) Eden: 348160K(348160K)->0K(348160K) From: 0K(512K)->512K(512K)
[119.442s][info][gc,heap        ] GC(280) ParOldGen: 16007K(699392K)->16055K(699392K)
[119.442s][info][gc,metaspace   ] GC(280) Metaspace: 52770K(53312K)->52770K(53312K) NonClass: 45304K(45504K)->45304K(45504K) Class: 7465K(7808K)->7465K(7808K)
[119.442s][info][gc             ] GC(280) Pause Young (Allocation Failure) 355M->16M(1023M) 0.706ms
[119.442s][info][gc,cpu         ] GC(280) User=0.00s Sys=0.00s Real=0.00s
[119.880s][info][gc,start       ] GC(281) Pause Young (Allocation Failure)
[119.880s][info][gc,heap        ] GC(281) PSYoungGen: 348672K(348672K)->224K(347648K) Eden: 348160K(348160K)->0K(347136K) From: 512K(512K)->224K(512K)
[119.880s][info][gc,heap        ] GC(281) ParOldGen: 16055K(699392K)->16415K(699392K)
[119.880s][info][gc,metaspace   ] GC(281) Metaspace: 52770K(53312K)->52770K(53312K) NonClass: 45304K(45504K)->45304K(45504K) Class: 7465K(7808K)->7465K(7808K)
[119.880s][info][gc             ] GC(281) Pause Young (Allocation Failure) 356M->16M(1022M) 0.660ms
[119.880s][info][gc,cpu         ] GC(281) User=0.00s Sys=0.00s Real=0.00s
[120.307s][info][gc,start       ] GC(282) Pause Young (Allocation Failure)
[120.307s][info][gc,heap        ] GC(282) PSYoungGen: 347360K(347648K)->256K(348160K) Eden: 347136K(347136K)->0K(347136K) From: 224K(512K)->256K(1024K)
[120.307s][info][gc,heap        ] GC(282) ParOldGen: 16415K(699392K)->16463K(699392K)
[120.307s][info][gc,metaspace   ] GC(282) Metaspace: 52770K(53312K)->52770K(53312K) NonClass: 45304K(45504K)->45304K(45504K) Class: 7465K(7808K)->7465K(7808K)
[120.307s][info][gc             ] GC(282) Pause Young (Allocation Failure) 355M->16M(1023M) 0.493ms
[120.307s][info][gc,cpu         ] GC(282) User=0.00s Sys=0.00s Real=0.00s
[120.741s][info][gc,start       ] GC(283) Pause Young (Allocation Failure)
[120.741s][info][gc,heap        ] GC(283) PSYoungGen: 347392K(348160K)->224K(348672K) Eden: 347136K(347136K)->0K(348160K) From: 256K(1024K)->224K(512K)
[120.741s][info][gc,heap        ] GC(283) ParOldGen: 16463K(699392K)->16503K(699392K)
[120.741s][info][gc,metaspace   ] GC(283) Metaspace: 52772K(53312K)->52772K(53312K) NonClass: 45306K(45504K)->45306K(45504K) Class: 7465K(7808K)->7465K(7808K)
[120.741s][info][gc             ] GC(283) Pause Young (Allocation Failure) 355M->16M(1023M) 0.496ms
[120.741s][info][gc,cpu         ] GC(283) User=0.00s Sys=0.00s Real=0.00s
[121.166s][info][gc,start       ] GC(284) Pause Young (Allocation Failure)
[121.167s][info][gc,heap        ] GC(284) PSYoungGen: 348384K(348672K)->224K(348672K) Eden: 348160K(348160K)->0K(348160K) From: 224K(512K)->224K(512K)
[121.167s][info][gc,heap        ] GC(284) ParOldGen: 16503K(699392K)->16527K(699392K)
[121.167s][info][gc,metaspace   ] GC(284) Metaspace: 52772K(53312K)->52772K(53312K) NonClass: 45306K(45504K)->45306K(45504K) Class: 7465K(7808K)->7465K(7808K)
[121.167s][info][gc             ] GC(284) Pause Young (Allocation Failure) 356M->16M(1023M) 0.495ms
[121.167s][info][gc,cpu         ] GC(284) User=0.00s Sys=0.00s Real=0.00s
[121.589s][info][gc,start       ] GC(285) Pause Young (Allocation Failure)
[121.589s][info][gc,heap        ] GC(285) PSYoungGen: 348384K(348672K)->256K(348672K) Eden: 348160K(348160K)->0K(348160K) From: 224K(512K)->256K(512K)
[121.589s][info][gc,heap        ] GC(285) ParOldGen: 16527K(699392K)->16527K(699392K)
[121.589s][info][gc,metaspace   ] GC(285) Metaspace: 52772K(53312K)->52772K(53312K) NonClass: 45306K(45504K)->45306K(45504K) Class: 7465K(7808K)->7465K(7808K)
[121.589s][info][gc             ] GC(285) Pause Young (Allocation Failure) 356M->16M(1023M) 0.518ms
[121.589s][info][gc,cpu         ] GC(285) User=0.00s Sys=0.00s Real=0.00s
[122.029s][info][gc,start       ] GC(286) Pause Young (Allocation Failure)
[122.029s][info][gc,heap        ] GC(286) PSYoungGen: 348416K(348672K)->224K(348672K) Eden: 348160K(348160K)->0K(348160K) From: 256K(512K)->224K(512K)
[122.029s][info][gc,heap        ] GC(286) ParOldGen: 16527K(699392K)->16567K(699392K)
[122.029s][info][gc,metaspace   ] GC(286) Metaspace: 52772K(53312K)->52772K(53312K) NonClass: 45306K(45504K)->45306K(45504K) Class: 7465K(7808K)->7465K(7808K)
[122.029s][info][gc             ] GC(286) Pause Young (Allocation Failure) 356M->16M(1023M) 0.460ms
[122.029s][info][gc,cpu         ] GC(286) User=0.00s Sys=0.00s Real=0.00s
[122.442s][info][gc,start       ] GC(287) Pause Young (System.gc())
[122.442s][info][gc,heap        ] GC(287) PSYoungGen: 325519K(348672K)->224K(348672K) Eden: 325295K(348160K)->0K(348160K) From: 224K(512K)->224K(512K)
[122.442s][info][gc,heap        ] GC(287) ParOldGen: 16567K(699392K)->16591K(699392K)
[122.442s][info][gc,metaspace   ] GC(287) Metaspace: 52773K(53312K)->52773K(53312K) NonClass: 45308K(45504K)->45308K(45504K) Class: 7465K(7808K)->7465K(7808K)
[122.442s][info][gc             ] GC(287) Pause Young (System.gc()) 334M->16M(1023M) 0.461ms
[122.442s][info][gc,cpu         ] GC(287) User=0.00s Sys=0.00s Real=0.00s
[122.442s][info][gc,start       ] GC(288) Pause Full (System.gc())
[122.442s][info][gc,phases,start] GC(288) Marking Phase
[122.458s][info][gc,phases      ] GC(288) Marking Phase 16.145ms
[122.458s][info][gc,phases,start] GC(288) Summary Phase
[122.458s][info][gc,phases      ] GC(288) Summary Phase 0.013ms
[122.458s][info][gc,phases,start] GC(288) Adjust Roots
[122.465s][info][gc,phases      ] GC(288) Adjust Roots 6.835ms
[122.465s][info][gc,phases,start] GC(288) Compaction Phase
[122.468s][info][gc,phases      ] GC(288) Compaction Phase 2.832ms
[122.468s][info][gc,phases,start] GC(288) Post Compact
[122.468s][info][gc,phases      ] GC(288) Post Compact 0.161ms
[122.468s][info][gc,heap        ] GC(288) PSYoungGen: 224K(348672K)->0K(348672K) Eden: 0K(348160K)->0K(348160K) From: 224K(512K)->0K(512K)
[122.468s][info][gc,heap        ] GC(288) ParOldGen: 16591K(699392K)->16011K(699392K)
[122.468s][info][gc,metaspace   ] GC(288) Metaspace: 52773K(53312K)->52773K(53312K) NonClass: 45308K(45504K)->45308K(45504K) Class: 7465K(7808K)->7465K(7808K)
[122.468s][info][gc             ] GC(288) Pause Full (System.gc()) 16M->15M(1023M) 26.215ms
[122.468s][info][gc,cpu         ] GC(288) User=0.02s Sys=0.00s Real=0.02s
[122.918s][info][gc,start       ] GC(289) Pause Young (Allocation Failure)
[122.918s][info][gc,heap        ] GC(289) PSYoungGen: 348160K(348672K)->512K(348672K) Eden: 348160K(348160K)->0K(348160K) From: 0K(512K)->512K(512K)
[122.918s][info][gc,heap        ] GC(289) ParOldGen: 16011K(699392K)->16059K(699392K)
[122.918s][info][gc,metaspace   ] GC(289) Metaspace: 52794K(53312K)->52794K(53312K) NonClass: 45328K(45504K)->45328K(45504K) Class: 7465K(7808K)->7465K(7808K)
[122.918s][info][gc             ] GC(289) Pause Young (Allocation Failure) 355M->16M(1023M) 0.725ms
[122.918s][info][gc,cpu         ] GC(289) User=0.00s Sys=0.00s Real=0.00s
[123.344s][info][gc,start       ] GC(290) Pause Young (Allocation Failure)
[123.345s][info][gc,heap        ] GC(290) PSYoungGen: 348672K(348672K)->224K(347648K) Eden: 348160K(348160K)->0K(347136K) From: 512K(512K)->224K(512K)
[123.345s][info][gc,heap        ] GC(290) ParOldGen: 16059K(699392K)->16435K(699392K)
[123.345s][info][gc,metaspace   ] GC(290) Metaspace: 52794K(53312K)->52794K(53312K) NonClass: 45328K(45504K)->45328K(45504K) Class: 7465K(7808K)->7465K(7808K)
[123.345s][info][gc             ] GC(290) Pause Young (Allocation Failure) 356M->16M(1022M) 0.693ms
[123.345s][info][gc,cpu         ] GC(290) User=0.00s Sys=0.00s Real=0.00s
[123.774s][info][gc,start       ] GC(291) Pause Young (Allocation Failure)
[123.775s][info][gc,heap        ] GC(291) PSYoungGen: 347360K(347648K)->256K(348160K) Eden: 347136K(347136K)->0K(347136K) From: 224K(512K)->256K(1024K)
[123.775s][info][gc,heap        ] GC(291) ParOldGen: 16435K(699392K)->16483K(699392K)
[123.775s][info][gc,metaspace   ] GC(291) Metaspace: 52794K(53312K)->52794K(53312K) NonClass: 45328K(45504K)->45328K(45504K) Class: 7465K(7808K)->7465K(7808K)
[123.775s][info][gc             ] GC(291) Pause Young (Allocation Failure) 355M->16M(1023M) 0.494ms
[123.775s][info][gc,cpu         ] GC(291) User=0.00s Sys=0.00s Real=0.00s
[124.201s][info][gc,start       ] GC(292) Pause Young (Allocation Failure)
[124.201s][info][gc,heap        ] GC(292) PSYoungGen: 347392K(348160K)->256K(348672K) Eden: 347136K(347136K)->0K(347648K) From: 256K(1024K)->256K(1024K)
[124.201s][info][gc,heap        ] GC(292) ParOldGen: 16483K(699392K)->16491K(699392K)
[124.201s][info][gc,metaspace   ] GC(292) Metaspace: 52794K(53312K)->52794K(53312K) NonClass: 45328K(45504K)->45328K(45504K) Class: 7465K(7808K)->7465K(7808K)
[124.201s][info][gc             ] GC(292) Pause Young (Allocation Failure) 355M->16M(1023M) 0.497ms
[124.201s][info][gc,cpu         ] GC(292) User=0.00s Sys=0.00s Real=0.00s
[124.635s][info][gc,start       ] GC(293) Pause Young (Allocation Failure)
[124.635s][info][gc,heap        ] GC(293) PSYoungGen: 347904K(348672K)->256K(348160K) Eden: 347648K(347648K)->0K(347648K) From: 256K(1024K)->256K(512K)
[124.635s][info][gc,heap        ] GC(293) ParOldGen: 16491K(699392K)->16507K(699392K)
[124.635s][info][gc,metaspace   ] GC(293) Metaspace: 52794K(53312K)->52794K(53312K) NonClass: 45328K(45504K)->45328K(45504K) Class: 7465K(7808K)->7465K(7808K)
[124.636s][info][gc             ] GC(293) Pause Young (Allocation Failure) 355M->16M(1023M) 0.520ms
[124.636s][info][gc,cpu         ] GC(293) User=0.00s Sys=0.00s Real=0.00s
[125.059s][info][gc,start       ] GC(294) Pause Young (Allocation Failure)
[125.060s][info][gc,heap        ] GC(294) PSYoungGen: 347904K(348160K)->256K(348672K) Eden: 347648K(347648K)->0K(348160K) From: 256K(512K)->256K(512K)
[125.060s][info][gc,heap        ] GC(294) ParOldGen: 16507K(699392K)->16555K(699392K)
[125.060s][info][gc,metaspace   ] GC(294) Metaspace: 52794K(53312K)->52794K(53312K) NonClass: 45328K(45504K)->45328K(45504K) Class: 7465K(7808K)->7465K(7808K)
[125.060s][info][gc             ] GC(294) Pause Young (Allocation Failure) 355M->16M(1023M) 0.501ms
[125.060s][info][gc,cpu         ] GC(294) User=0.00s Sys=0.00s Real=0.00s
[125.481s][info][gc,start       ] GC(295) Pause Young (Allocation Failure)
[125.482s][info][gc,heap        ] GC(295) PSYoungGen: 348416K(348672K)->288K(348672K) Eden: 348160K(348160K)->0K(348160K) From: 256K(512K)->288K(512K)
[125.482s][info][gc,heap        ] GC(295) ParOldGen: 16555K(699392K)->16563K(699392K)
[125.482s][info][gc,metaspace   ] GC(295) Metaspace: 52794K(53312K)->52794K(53312K) NonClass: 45328K(45504K)->45328K(45504K) Class: 7465K(7808K)->7465K(7808K)
[125.482s][info][gc             ] GC(295) Pause Young (Allocation Failure) 356M->16M(1023M) 0.549ms
[125.482s][info][gc,cpu         ] GC(295) User=0.00s Sys=0.00s Real=0.00s
[125.916s][info][gc,start       ] GC(296) Pause Young (System.gc())
[125.917s][info][gc,heap        ] GC(296) PSYoungGen: 328320K(348672K)->224K(348672K) Eden: 328032K(348160K)->0K(348160K) From: 288K(512K)->224K(512K)
[125.917s][info][gc,heap        ] GC(296) ParOldGen: 16563K(699392K)->16611K(699392K)
[125.917s][info][gc,metaspace   ] GC(296) Metaspace: 52800K(53376K)->52800K(53376K) NonClass: 45334K(45568K)->45334K(45568K) Class: 7465K(7808K)->7465K(7808K)
[125.917s][info][gc             ] GC(296) Pause Young (System.gc()) 336M->16M(1023M) 0.547ms
[125.917s][info][gc,cpu         ] GC(296) User=0.00s Sys=0.00s Real=0.00s
[125.917s][info][gc,start       ] GC(297) Pause Full (System.gc())
[125.917s][info][gc,phases,start] GC(297) Marking Phase
[125.933s][info][gc,phases      ] GC(297) Marking Phase 16.243ms
[125.933s][info][gc,phases,start] GC(297) Summary Phase
[125.933s][info][gc,phases      ] GC(297) Summary Phase 0.009ms
[125.933s][info][gc,phases,start] GC(297) Adjust Roots
[125.940s][info][gc,phases      ] GC(297) Adjust Roots 6.874ms
[125.940s][info][gc,phases,start] GC(297) Compaction Phase
[125.943s][info][gc,phases      ] GC(297) Compaction Phase 3.172ms
[125.943s][info][gc,phases,start] GC(297) Post Compact
[125.944s][info][gc,phases      ] GC(297) Post Compact 0.192ms
[125.944s][info][gc,heap        ] GC(297) PSYoungGen: 224K(348672K)->0K(348672K) Eden: 0K(348160K)->0K(348160K) From: 224K(512K)->0K(512K)
[125.944s][info][gc,heap        ] GC(297) ParOldGen: 16611K(699392K)->16008K(699392K)
[125.944s][info][gc,metaspace   ] GC(297) Metaspace: 52800K(53376K)->52800K(53376K) NonClass: 45334K(45568K)->45334K(45568K) Class: 7465K(7808K)->7465K(7808K)
[125.944s][info][gc             ] GC(297) Pause Full (System.gc()) 16M->15M(1023M) 26.717ms
[125.944s][info][gc,cpu         ] GC(297) User=0.02s Sys=0.00s Real=0.02s
[126.399s][info][gc,start       ] GC(298) Pause Young (Allocation Failure)
[126.399s][info][gc,heap        ] GC(298) PSYoungGen: 348160K(348672K)->512K(348672K) Eden: 348160K(348160K)->0K(348160K) From: 0K(512K)->512K(512K)
[126.399s][info][gc,heap        ] GC(298) ParOldGen: 16008K(699392K)->16056K(699392K)
[126.399s][info][gc,metaspace   ] GC(298) Metaspace: 52847K(53376K)->52847K(53376K) NonClass: 45382K(45568K)->45382K(45568K) Class: 7465K(7808K)->7465K(7808K)
[126.399s][info][gc             ] GC(298) Pause Young (Allocation Failure) 355M->16M(1023M) 0.717ms
[126.399s][info][gc,cpu         ] GC(298) User=0.00s Sys=0.00s Real=0.00s
[126.846s][info][gc,start       ] GC(299) Pause Young (Allocation Failure)
[126.847s][info][gc,heap        ] GC(299) PSYoungGen: 348672K(348672K)->224K(347648K) Eden: 348160K(348160K)->0K(347136K) From: 512K(512K)->224K(512K)
[126.847s][info][gc,heap        ] GC(299) ParOldGen: 16056K(699392K)->16432K(699392K)
[126.847s][info][gc,metaspace   ] GC(299) Metaspace: 52847K(53376K)->52847K(53376K) NonClass: 45382K(45568K)->45382K(45568K) Class: 7465K(7808K)->7465K(7808K)
[126.847s][info][gc             ] GC(299) Pause Young (Allocation Failure) 356M->16M(1022M) 0.693ms
[126.847s][info][gc,cpu         ] GC(299) User=0.00s Sys=0.00s Real=0.00s
[127.279s][info][gc,start       ] GC(300) Pause Young (Allocation Failure)
[127.280s][info][gc,heap        ] GC(300) PSYoungGen: 347360K(347648K)->288K(348160K) Eden: 347136K(347136K)->0K(347136K) From: 224K(512K)->288K(1024K)
[127.280s][info][gc,heap        ] GC(300) ParOldGen: 16432K(699392K)->16440K(699392K)
[127.280s][info][gc,metaspace   ] GC(300) Metaspace: 52847K(53376K)->52847K(53376K) NonClass: 45382K(45568K)->45382K(45568K) Class: 7465K(7808K)->7465K(7808K)
[127.280s][info][gc             ] GC(300) Pause Young (Allocation Failure) 355M->16M(1023M) 0.509ms
[127.280s][info][gc,cpu         ] GC(300) User=0.00s Sys=0.00s Real=0.00s
[127.731s][info][gc,start       ] GC(301) Pause Young (Allocation Failure)
[127.732s][info][gc,heap        ] GC(301) PSYoungGen: 347424K(348160K)->288K(348672K) Eden: 347136K(347136K)->0K(348160K) From: 288K(1024K)->288K(512K)
[127.732s][info][gc,heap        ] GC(301) ParOldGen: 16440K(699392K)->16472K(699392K)
[127.732s][info][gc,metaspace   ] GC(301) Metaspace: 52854K(53376K)->52854K(53376K) NonClass: 45388K(45568K)->45388K(45568K) Class: 7465K(7808K)->7465K(7808K)
[127.732s][info][gc             ] GC(301) Pause Young (Allocation Failure) 355M->16M(1023M) 0.494ms
[127.732s][info][gc,cpu         ] GC(301) User=0.00s Sys=0.00s Real=0.00s
[128.163s][info][gc,start       ] GC(302) Pause Young (Allocation Failure)
[128.164s][info][gc,heap        ] GC(302) PSYoungGen: 348448K(348672K)->288K(348672K) Eden: 348160K(348160K)->0K(348160K) From: 288K(512K)->288K(512K)
[128.164s][info][gc,heap        ] GC(302) ParOldGen: 16472K(699392K)->16496K(699392K)
[128.164s][info][gc,metaspace   ] GC(302) Metaspace: 52854K(53376K)->52854K(53376K) NonClass: 45388K(45568K)->45388K(45568K) Class: 7465K(7808K)->7465K(7808K)
[128.164s][info][gc             ] GC(302) Pause Young (Allocation Failure) 356M->16M(1023M) 0.491ms
[128.164s][info][gc,cpu         ] GC(302) User=0.00s Sys=0.00s Real=0.00s
[128.594s][info][gc,start       ] GC(303) Pause Young (Allocation Failure)
[128.595s][info][gc,heap        ] GC(303) PSYoungGen: 348448K(348672K)->288K(348672K) Eden: 348160K(348160K)->0K(348160K) From: 288K(512K)->288K(512K)
[128.595s][info][gc,heap        ] GC(303) ParOldGen: 16496K(699392K)->16504K(699392K)
[128.595s][info][gc,metaspace   ] GC(303) Metaspace: 52854K(53376K)->52854K(53376K) NonClass: 45388K(45568K)->45388K(45568K) Class: 7465K(7808K)->7465K(7808K)
[128.595s][info][gc             ] GC(303) Pause Young (Allocation Failure) 356M->16M(1023M) 0.482ms
[128.595s][info][gc,cpu         ] GC(303) User=0.00s Sys=0.00s Real=0.00s
[129.041s][info][gc,start       ] GC(304) Pause Young (Allocation Failure)
[129.042s][info][gc,heap        ] GC(304) PSYoungGen: 348448K(348672K)->288K(348672K) Eden: 348160K(348160K)->0K(348160K) From: 288K(512K)->288K(512K)
[129.042s][info][gc,heap        ] GC(304) ParOldGen: 16504K(699392K)->16552K(699392K)
[129.042s][info][gc,metaspace   ] GC(304) Metaspace: 52854K(53376K)->52854K(53376K) NonClass: 45388K(45568K)->45388K(45568K) Class: 7465K(7808K)->7465K(7808K)
[129.042s][info][gc             ] GC(304) Pause Young (Allocation Failure) 356M->16M(1023M) 0.503ms
[129.042s][info][gc,cpu         ] GC(304) User=0.00s Sys=0.00s Real=0.00s
[129.486s][info][gc,start       ] GC(305) Pause Young (System.gc())
[129.486s][info][gc,heap        ] GC(305) PSYoungGen: 325883K(348672K)->288K(348672K) Eden: 325595K(348160K)->0K(348160K) From: 288K(512K)->288K(512K)
[129.486s][info][gc,heap        ] GC(305) ParOldGen: 16552K(699392K)->16560K(699392K)
[129.486s][info][gc,metaspace   ] GC(305) Metaspace: 52872K(53440K)->52872K(53440K) NonClass: 45406K(45632K)->45406K(45632K) Class: 7465K(7808K)->7465K(7808K)
[129.486s][info][gc             ] GC(305) Pause Young (System.gc()) 334M->16M(1023M) 0.461ms
[129.486s][info][gc,cpu         ] GC(305) User=0.00s Sys=0.00s Real=0.00s
[129.486s][info][gc,start       ] GC(306) Pause Full (System.gc())
[129.486s][info][gc,phases,start] GC(306) Marking Phase
[129.503s][info][gc,phases      ] GC(306) Marking Phase 16.761ms
[129.503s][info][gc,phases,start] GC(306) Summary Phase
[129.503s][info][gc,phases      ] GC(306) Summary Phase 0.009ms
[129.503s][info][gc,phases,start] GC(306) Adjust Roots
[129.510s][info][gc,phases      ] GC(306) Adjust Roots 6.852ms
[129.510s][info][gc,phases,start] GC(306) Compaction Phase
[129.513s][info][gc,phases      ] GC(306) Compaction Phase 2.892ms
[129.513s][info][gc,phases,start] GC(306) Post Compact
[129.513s][info][gc,phases      ] GC(306) Post Compact 0.176ms
[129.513s][info][gc,heap        ] GC(306) PSYoungGen: 288K(348672K)->0K(348672K) Eden: 0K(348160K)->0K(348160K) From: 288K(512K)->0K(512K)
[129.513s][info][gc,heap        ] GC(306) ParOldGen: 16560K(699392K)->16017K(699392K)
[129.513s][info][gc,metaspace   ] GC(306) Metaspace: 52872K(53440K)->52872K(53440K) NonClass: 45406K(45632K)->45406K(45632K) Class: 7465K(7808K)->7465K(7808K)
[129.513s][info][gc             ] GC(306) Pause Full (System.gc()) 16M->15M(1023M) 26.899ms
[129.513s][info][gc,cpu         ] GC(306) User=0.03s Sys=0.00s Real=0.02s
[129.955s][info][gc,start       ] GC(307) Pause Young (Allocation Failure)
[129.956s][info][gc,heap        ] GC(307) PSYoungGen: 348160K(348672K)->512K(348672K) Eden: 348160K(348160K)->0K(348160K) From: 0K(512K)->512K(512K)
[129.956s][info][gc,heap        ] GC(307) ParOldGen: 16017K(699392K)->16065K(699392K)
[129.956s][info][gc,metaspace   ] GC(307) Metaspace: 52919K(53440K)->52919K(53440K) NonClass: 45453K(45632K)->45453K(45632K) Class: 7465K(7808K)->7465K(7808K)
[129.956s][info][gc             ] GC(307) Pause Young (Allocation Failure) 355M->16M(1023M) 0.747ms
[129.956s][info][gc,cpu         ] GC(307) User=0.00s Sys=0.00s Real=0.00s
[130.398s][info][gc,start       ] GC(308) Pause Young (Allocation Failure)
[130.398s][info][gc,heap        ] GC(308) PSYoungGen: 348672K(348672K)->256K(348672K) Eden: 348160K(348160K)->0K(348160K) From: 512K(512K)->256K(512K)
[130.398s][info][gc,heap        ] GC(308) ParOldGen: 16065K(699392K)->16425K(699392K)
[130.398s][info][gc,metaspace   ] GC(308) Metaspace: 52919K(53440K)->52919K(53440K) NonClass: 45453K(45632K)->45453K(45632K) Class: 7465K(7808K)->7465K(7808K)
[130.398s][info][gc             ] GC(308) Pause Young (Allocation Failure) 356M->16M(1023M) 0.913ms
[130.398s][info][gc,cpu         ] GC(308) User=0.00s Sys=0.00s Real=0.00s
[130.831s][info][gc,start       ] GC(309) Pause Young (Allocation Failure)
[130.832s][info][gc,heap        ] GC(309) PSYoungGen: 348416K(348672K)->192K(348672K) Eden: 348160K(348160K)->0K(348160K) From: 256K(512K)->192K(512K)
[130.832s][info][gc,heap        ] GC(309) ParOldGen: 16425K(699392K)->16465K(699392K)
[130.832s][info][gc,metaspace   ] GC(309) Metaspace: 52919K(53440K)->52919K(53440K) NonClass: 45453K(45632K)->45453K(45632K) Class: 7465K(7808K)->7465K(7808K)
[130.832s][info][gc             ] GC(309) Pause Young (Allocation Failure) 356M->16M(1023M) 0.478ms
[130.832s][info][gc,cpu         ] GC(309) User=0.00s Sys=0.00s Real=0.00s
[131.254s][info][gc,start       ] GC(310) Pause Young (Allocation Failure)
[131.254s][info][gc,heap        ] GC(310) PSYoungGen: 348352K(348672K)->192K(348672K) Eden: 348160K(348160K)->0K(348160K) From: 192K(512K)->192K(512K)
[131.254s][info][gc,heap        ] GC(310) ParOldGen: 16465K(699392K)->16473K(699392K)
[131.254s][info][gc,metaspace   ] GC(310) Metaspace: 52919K(53440K)->52919K(53440K) NonClass: 45453K(45632K)->45453K(45632K) Class: 7465K(7808K)->7465K(7808K)
[131.254s][info][gc             ] GC(310) Pause Young (Allocation Failure) 356M->16M(1023M) 0.478ms
[131.254s][info][gc,cpu         ] GC(310) User=0.00s Sys=0.00s Real=0.00s
[131.682s][info][gc,start       ] GC(311) Pause Young (Allocation Failure)
[131.682s][info][gc,heap        ] GC(311) PSYoungGen: 348352K(348672K)->224K(348672K) Eden: 348160K(348160K)->0K(348160K) From: 192K(512K)->224K(512K)
[131.682s][info][gc,heap        ] GC(311) ParOldGen: 16473K(699392K)->16521K(699392K)
[131.682s][info][gc,metaspace   ] GC(311) Metaspace: 52919K(53440K)->52919K(53440K) NonClass: 45453K(45632K)->45453K(45632K) Class: 7465K(7808K)->7465K(7808K)
[131.683s][info][gc             ] GC(311) Pause Young (Allocation Failure) 356M->16M(1023M) 0.558ms
[131.683s][info][gc,cpu         ] GC(311) User=0.00s Sys=0.00s Real=0.00s
[132.102s][info][gc,start       ] GC(312) Pause Young (Allocation Failure)
[132.102s][info][gc,heap        ] GC(312) PSYoungGen: 348384K(348672K)->192K(348672K) Eden: 348160K(348160K)->0K(348160K) From: 224K(512K)->192K(512K)
[132.102s][info][gc,heap        ] GC(312) ParOldGen: 16521K(699392K)->16529K(699392K)
[132.102s][info][gc,metaspace   ] GC(312) Metaspace: 52919K(53440K)->52919K(53440K) NonClass: 45453K(45632K)->45453K(45632K) Class: 7465K(7808K)->7465K(7808K)
[132.102s][info][gc             ] GC(312) Pause Young (Allocation Failure) 356M->16M(1023M) 0.492ms
[132.102s][info][gc,cpu         ] GC(312) User=0.00s Sys=0.00s Real=0.00s
[132.518s][info][gc,start       ] GC(313) Pause Young (Allocation Failure)
[132.518s][info][gc,heap        ] GC(313) PSYoungGen: 348352K(348672K)->224K(348672K) Eden: 348160K(348160K)->0K(348160K) From: 192K(512K)->224K(512K)
[132.518s][info][gc,heap        ] GC(313) ParOldGen: 16529K(699392K)->16537K(699392K)
[132.518s][info][gc,metaspace   ] GC(313) Metaspace: 52919K(53440K)->52919K(53440K) NonClass: 45453K(45632K)->45453K(45632K) Class: 7465K(7808K)->7465K(7808K)
[132.518s][info][gc             ] GC(313) Pause Young (Allocation Failure) 356M->16M(1023M) 0.532ms
[132.518s][info][gc,cpu         ] GC(313) User=0.00s Sys=0.00s Real=0.00s
[132.931s][info][gc,start       ] GC(314) Pause Young (System.gc())
[132.932s][info][gc,heap        ] GC(314) PSYoungGen: 324320K(348672K)->384K(348672K) Eden: 324096K(348160K)->0K(348160K) From: 224K(512K)->384K(512K)
[132.932s][info][gc,heap        ] GC(314) ParOldGen: 16537K(699392K)->16577K(699392K)
[132.932s][info][gc,metaspace   ] GC(314) Metaspace: 52928K(53440K)->52928K(53440K) NonClass: 45462K(45632K)->45462K(45632K) Class: 7465K(7808K)->7465K(7808K)
[132.932s][info][gc             ] GC(314) Pause Young (System.gc()) 332M->16M(1023M) 0.625ms
[132.932s][info][gc,cpu         ] GC(314) User=0.00s Sys=0.00s Real=0.00s
[132.932s][info][gc,start       ] GC(315) Pause Full (System.gc())
[132.932s][info][gc,phases,start] GC(315) Marking Phase
[132.949s][info][gc,phases      ] GC(315) Marking Phase 17.195ms
[132.949s][info][gc,phases,start] GC(315) Summary Phase
[132.949s][info][gc,phases      ] GC(315) Summary Phase 0.009ms
[132.949s][info][gc,phases,start] GC(315) Adjust Roots
[132.956s][info][gc,phases      ] GC(315) Adjust Roots 6.842ms
[132.956s][info][gc,phases,start] GC(315) Compaction Phase
[132.959s][info][gc,phases      ] GC(315) Compaction Phase 3.137ms
[132.959s][info][gc,phases,start] GC(315) Post Compact
[132.960s][info][gc,phases      ] GC(315) Post Compact 0.165ms
[132.960s][info][gc,heap        ] GC(315) PSYoungGen: 384K(348672K)->0K(348672K) Eden: 0K(348160K)->0K(348160K) From: 384K(512K)->0K(512K)
[132.960s][info][gc,heap        ] GC(315) ParOldGen: 16577K(699392K)->16107K(699392K)
[132.960s][info][gc,metaspace   ] GC(315) Metaspace: 52928K(53440K)->52928K(53440K) NonClass: 45462K(45632K)->45462K(45632K) Class: 7465K(7808K)->7465K(7808K)
[132.960s][info][gc             ] GC(315) Pause Full (System.gc()) 16M->15M(1023M) 27.550ms
[132.960s][info][gc,cpu         ] GC(315) User=0.02s Sys=0.00s Real=0.02s
[133.407s][info][gc,start       ] GC(316) Pause Young (Allocation Failure)
[133.407s][info][gc,heap        ] GC(316) PSYoungGen: 348160K(348672K)->512K(348672K) Eden: 348160K(348160K)->0K(348160K) From: 0K(512K)->512K(512K)
[133.407s][info][gc,heap        ] GC(316) ParOldGen: 16107K(699392K)->16107K(699392K)
[133.407s][info][gc,metaspace   ] GC(316) Metaspace: 52956K(53504K)->52956K(53504K) NonClass: 45490K(45696K)->45490K(45696K) Class: 7465K(7808K)->7465K(7808K)
[133.407s][info][gc             ] GC(316) Pause Young (Allocation Failure) 355M->16M(1023M) 0.686ms
[133.407s][info][gc,cpu         ] GC(316) User=0.00s Sys=0.00s Real=0.00s
[133.842s][info][gc,start       ] GC(317) Pause Young (Allocation Failure)
[133.843s][info][gc,heap        ] GC(317) PSYoungGen: 348672K(348672K)->288K(347648K) Eden: 348160K(348160K)->0K(347136K) From: 512K(512K)->288K(512K)
[133.843s][info][gc,heap        ] GC(317) ParOldGen: 16107K(699392K)->16403K(699392K)
[133.843s][info][gc,metaspace   ] GC(317) Metaspace: 52956K(53504K)->52956K(53504K) NonClass: 45490K(45696K)->45490K(45696K) Class: 7465K(7808K)->7465K(7808K)
[133.843s][info][gc             ] GC(317) Pause Young (Allocation Failure) 356M->16M(1022M) 0.691ms
[133.843s][info][gc,cpu         ] GC(317) User=0.00s Sys=0.00s Real=0.00s
[134.262s][info][gc,start       ] GC(318) Pause Young (Allocation Failure)
[134.263s][info][gc,heap        ] GC(318) PSYoungGen: 347424K(347648K)->288K(348160K) Eden: 347136K(347136K)->0K(347136K) From: 288K(512K)->288K(1024K)
[134.263s][info][gc,heap        ] GC(318) ParOldGen: 16403K(699392K)->16411K(699392K)
[134.263s][info][gc,metaspace   ] GC(318) Metaspace: 52956K(53504K)->52956K(53504K) NonClass: 45490K(45696K)->45490K(45696K) Class: 7465K(7808K)->7465K(7808K)
[134.263s][info][gc             ] GC(318) Pause Young (Allocation Failure) 355M->16M(1023M) 0.472ms
[134.263s][info][gc,cpu         ] GC(318) User=0.00s Sys=0.00s Real=0.00s
[134.696s][info][gc,start       ] GC(319) Pause Young (Allocation Failure)
[134.697s][info][gc,heap        ] GC(319) PSYoungGen: 347424K(348160K)->288K(348672K) Eden: 347136K(347136K)->0K(347648K) From: 288K(1024K)->288K(1024K)
[134.697s][info][gc,heap        ] GC(319) ParOldGen: 16411K(699392K)->16451K(699392K)
[134.697s][info][gc,metaspace   ] GC(319) Metaspace: 52957K(53504K)->52957K(53504K) NonClass: 45491K(45696K)->45491K(45696K) Class: 7465K(7808K)->7465K(7808K)
[134.697s][info][gc             ] GC(319) Pause Young (Allocation Failure) 355M->16M(1023M) 0.489ms
[134.697s][info][gc,cpu         ] GC(319) User=0.00s Sys=0.00s Real=0.00s
[135.115s][info][gc,start       ] GC(320) Pause Young (Allocation Failure)
[135.115s][info][gc,heap        ] GC(320) PSYoungGen: 347936K(348672K)->224K(348160K) Eden: 347648K(347648K)->0K(347648K) From: 288K(1024K)->224K(512K)
[135.115s][info][gc,heap        ] GC(320) ParOldGen: 16451K(699392K)->16459K(699392K)
[135.115s][info][gc,metaspace   ] GC(320) Metaspace: 52957K(53504K)->52957K(53504K) NonClass: 45491K(45696K)->45491K(45696K) Class: 7465K(7808K)->7465K(7808K)
[135.115s][info][gc             ] GC(320) Pause Young (Allocation Failure) 355M->16M(1023M) 0.472ms
[135.115s][info][gc,cpu         ] GC(320) User=0.00s Sys=0.00s Real=0.00s
[135.536s][info][gc,start       ] GC(321) Pause Young (Allocation Failure)
[135.537s][info][gc,heap        ] GC(321) PSYoungGen: 347872K(348160K)->256K(348672K) Eden: 347648K(347648K)->0K(348160K) From: 224K(512K)->256K(512K)
[135.537s][info][gc,heap        ] GC(321) ParOldGen: 16459K(699392K)->16475K(699392K)
[135.537s][info][gc,metaspace   ] GC(321) Metaspace: 52957K(53504K)->52957K(53504K) NonClass: 45491K(45696K)->45491K(45696K) Class: 7465K(7808K)->7465K(7808K)
[135.537s][info][gc             ] GC(321) Pause Young (Allocation Failure) 355M->16M(1023M) 0.524ms
[135.537s][info][gc,cpu         ] GC(321) User=0.00s Sys=0.00s Real=0.00s
[135.969s][info][gc,start       ] GC(322) Pause Young (Allocation Failure)
[135.969s][info][gc,heap        ] GC(322) PSYoungGen: 348416K(348672K)->288K(348672K) Eden: 348160K(348160K)->0K(348160K) From: 256K(512K)->288K(512K)
[135.969s][info][gc,heap        ] GC(322) ParOldGen: 16475K(699392K)->16515K(699392K)
[135.969s][info][gc,metaspace   ] GC(322) Metaspace: 52957K(53504K)->52957K(53504K) NonClass: 45491K(45696K)->45491K(45696K) Class: 7465K(7808K)->7465K(7808K)
[135.969s][info][gc             ] GC(322) Pause Young (Allocation Failure) 356M->16M(1023M) 0.499ms
[135.969s][info][gc,cpu         ] GC(322) User=0.00s Sys=0.00s Real=0.00s
[136.395s][info][gc,start       ] GC(323) Pause Young (System.gc())
[136.395s][info][gc,heap        ] GC(323) PSYoungGen: 326873K(348672K)->256K(348672K) Eden: 326585K(348160K)->0K(348160K) From: 288K(512K)->256K(512K)
[136.395s][info][gc,heap        ] GC(323) ParOldGen: 16515K(699392K)->16523K(699392K)
[136.395s][info][gc,metaspace   ] GC(323) Metaspace: 52967K(53568K)->52967K(53568K) NonClass: 45501K(45760K)->45501K(45760K) Class: 7465K(7808K)->7465K(7808K)
[136.395s][info][gc             ] GC(323) Pause Young (System.gc()) 335M->16M(1023M) 0.519ms
[136.395s][info][gc,cpu         ] GC(323) User=0.00s Sys=0.00s Real=0.00s
[136.395s][info][gc,start       ] GC(324) Pause Full (System.gc())
[136.395s][info][gc,phases,start] GC(324) Marking Phase
[136.412s][info][gc,phases      ] GC(324) Marking Phase 17.002ms
[136.412s][info][gc,phases,start] GC(324) Summary Phase
[136.412s][info][gc,phases      ] GC(324) Summary Phase 0.009ms
[136.412s][info][gc,phases,start] GC(324) Adjust Roots
[136.420s][info][gc,phases      ] GC(324) Adjust Roots 8.185ms
[136.421s][info][gc,phases,start] GC(324) Compaction Phase
[136.424s][info][gc,phases      ] GC(324) Compaction Phase 3.012ms
[136.424s][info][gc,phases,start] GC(324) Post Compact
[136.424s][info][gc,phases      ] GC(324) Post Compact 0.178ms
[136.424s][info][gc,heap        ] GC(324) PSYoungGen: 256K(348672K)->0K(348672K) Eden: 0K(348160K)->0K(348160K) From: 256K(512K)->0K(512K)
[136.424s][info][gc,heap        ] GC(324) ParOldGen: 16523K(699392K)->16028K(699392K)
[136.424s][info][gc,metaspace   ] GC(324) Metaspace: 52967K(53568K)->52967K(53568K) NonClass: 45501K(45760K)->45501K(45760K) Class: 7465K(7808K)->7465K(7808K)
[136.424s][info][gc             ] GC(324) Pause Full (System.gc()) 16M->15M(1023M) 28.630ms
[136.424s][info][gc,cpu         ] GC(324) User=0.02s Sys=0.00s Real=0.02s
[136.877s][info][gc,start       ] GC(325) Pause Young (Allocation Failure)
[136.878s][info][gc,heap        ] GC(325) PSYoungGen: 348160K(348672K)->512K(348672K) Eden: 348160K(348160K)->0K(348160K) From: 0K(512K)->512K(512K)
[136.878s][info][gc,heap        ] GC(325) ParOldGen: 16028K(699392K)->16052K(699392K)
[136.878s][info][gc,metaspace   ] GC(325) Metaspace: 52974K(53568K)->52974K(53568K) NonClass: 45508K(45760K)->45508K(45760K) Class: 7465K(7808K)->7465K(7808K)
[136.878s][info][gc             ] GC(325) Pause Young (Allocation Failure) 355M->16M(1023M) 0.726ms
[136.878s][info][gc,cpu         ] GC(325) User=0.02s Sys=0.00s Real=0.00s
[137.299s][info][gc,start       ] GC(326) Pause Young (Allocation Failure)
[137.300s][info][gc,heap        ] GC(326) PSYoungGen: 348672K(348672K)->256K(348672K) Eden: 348160K(348160K)->0K(348160K) From: 512K(512K)->256K(512K)
[137.300s][info][gc,heap        ] GC(326) ParOldGen: 16052K(699392K)->16412K(699392K)
[137.300s][info][gc,metaspace   ] GC(326) Metaspace: 52974K(53568K)->52974K(53568K) NonClass: 45508K(45760K)->45508K(45760K) Class: 7465K(7808K)->7465K(7808K)
[137.300s][info][gc             ] GC(326) Pause Young (Allocation Failure) 356M->16M(1023M) 0.751ms
[137.300s][info][gc,cpu         ] GC(326) User=0.00s Sys=0.00s Real=0.00s
[137.733s][info][gc,start       ] GC(327) Pause Young (Allocation Failure)
[137.734s][info][gc,heap        ] GC(327) PSYoungGen: 348416K(348672K)->256K(348672K) Eden: 348160K(348160K)->0K(348160K) From: 256K(512K)->256K(512K)
[137.734s][info][gc,heap        ] GC(327) ParOldGen: 16412K(699392K)->16460K(699392K)
[137.734s][info][gc,metaspace   ] GC(327) Metaspace: 52974K(53568K)->52974K(53568K) NonClass: 45508K(45760K)->45508K(45760K) Class: 7465K(7808K)->7465K(7808K)
[137.734s][info][gc             ] GC(327) Pause Young (Allocation Failure) 356M->16M(1023M) 0.499ms
[137.734s][info][gc,cpu         ] GC(327) User=0.00s Sys=0.00s Real=0.00s
[138.150s][info][gc,start       ] GC(328) Pause Young (Allocation Failure)
[138.150s][info][gc,heap        ] GC(328) PSYoungGen: 348416K(348672K)->192K(348672K) Eden: 348160K(348160K)->0K(348160K) From: 256K(512K)->192K(512K)
[138.150s][info][gc,heap        ] GC(328) ParOldGen: 16460K(699392K)->16476K(699392K)
[138.150s][info][gc,metaspace   ] GC(328) Metaspace: 52974K(53568K)->52974K(53568K) NonClass: 45508K(45760K)->45508K(45760K) Class: 7465K(7808K)->7465K(7808K)
[138.150s][info][gc             ] GC(328) Pause Young (Allocation Failure) 356M->16M(1023M) 0.496ms
[138.150s][info][gc,cpu         ] GC(328) User=0.00s Sys=0.00s Real=0.00s
[138.575s][info][gc,start       ] GC(329) Pause Young (Allocation Failure)
[138.576s][info][gc,heap        ] GC(329) PSYoungGen: 348352K(348672K)->288K(348672K) Eden: 348160K(348160K)->0K(348160K) From: 192K(512K)->288K(512K)
[138.576s][info][gc,heap        ] GC(329) ParOldGen: 16476K(699392K)->16508K(699392K)
[138.576s][info][gc,metaspace   ] GC(329) Metaspace: 52974K(53568K)->52974K(53568K) NonClass: 45508K(45760K)->45508K(45760K) Class: 7465K(7808K)->7465K(7808K)
[138.576s][info][gc             ] GC(329) Pause Young (Allocation Failure) 356M->16M(1023M) 0.495ms
[138.576s][info][gc,cpu         ] GC(329) User=0.00s Sys=0.00s Real=0.00s
[139.005s][info][gc,start       ] GC(330) Pause Young (Allocation Failure)
[139.006s][info][gc,heap        ] GC(330) PSYoungGen: 348448K(348672K)->224K(348672K) Eden: 348160K(348160K)->0K(348160K) From: 288K(512K)->224K(512K)
[139.006s][info][gc,heap        ] GC(330) ParOldGen: 16508K(699392K)->16548K(699392K)
[139.006s][info][gc,metaspace   ] GC(330) Metaspace: 52974K(53568K)->52974K(53568K) NonClass: 45508K(45760K)->45508K(45760K) Class: 7465K(7808K)->7465K(7808K)
[139.006s][info][gc             ] GC(330) Pause Young (Allocation Failure) 356M->16M(1023M) 0.506ms
[139.006s][info][gc,cpu         ] GC(330) User=0.00s Sys=0.00s Real=0.00s
[139.432s][info][gc,start       ] GC(331) Pause Young (Allocation Failure)
[139.432s][info][gc,heap        ] GC(331) PSYoungGen: 348384K(348672K)->288K(348672K) Eden: 348160K(348160K)->0K(348160K) From: 224K(512K)->288K(512K)
[139.432s][info][gc,heap        ] GC(331) ParOldGen: 16548K(699392K)->16556K(699392K)
[139.432s][info][gc,metaspace   ] GC(331) Metaspace: 52974K(53568K)->52974K(53568K) NonClass: 45508K(45760K)->45508K(45760K) Class: 7465K(7808K)->7465K(7808K)
[139.432s][info][gc             ] GC(331) Pause Young (Allocation Failure) 356M->16M(1023M) 0.496ms
[139.432s][info][gc,cpu         ] GC(331) User=0.00s Sys=0.00s Real=0.00s
[139.866s][info][gc,start       ] GC(332) Pause Young (System.gc())
[139.867s][info][gc,heap        ] GC(332) PSYoungGen: 323094K(348672K)->384K(348672K) Eden: 322806K(348160K)->0K(348160K) From: 288K(512K)->384K(512K)
[139.867s][info][gc,heap        ] GC(332) ParOldGen: 16556K(699392K)->16604K(699392K)
[139.867s][info][gc,metaspace   ] GC(332) Metaspace: 52979K(53568K)->52979K(53568K) NonClass: 45513K(45760K)->45513K(45760K) Class: 7465K(7808K)->7465K(7808K)
[139.867s][info][gc             ] GC(332) Pause Young (System.gc()) 331M->16M(1023M) 0.631ms
[139.867s][info][gc,cpu         ] GC(332) User=0.00s Sys=0.00s Real=0.00s
[139.867s][info][gc,start       ] GC(333) Pause Full (System.gc())
[139.867s][info][gc,phases,start] GC(333) Marking Phase
[139.884s][info][gc,phases      ] GC(333) Marking Phase 16.593ms
[139.884s][info][gc,phases,start] GC(333) Summary Phase
[139.884s][info][gc,phases      ] GC(333) Summary Phase 0.022ms
[139.884s][info][gc,phases,start] GC(333) Adjust Roots
[139.891s][info][gc,phases      ] GC(333) Adjust Roots 6.938ms
[139.891s][info][gc,phases,start] GC(333) Compaction Phase
[139.894s][info][gc,phases      ] GC(333) Compaction Phase 3.210ms
[139.895s][info][gc,phases,start] GC(333) Post Compact
[139.895s][info][gc,phases      ] GC(333) Post Compact 0.199ms
[139.895s][info][gc,heap        ] GC(333) PSYoungGen: 384K(348672K)->0K(348672K) Eden: 0K(348160K)->0K(348160K) From: 384K(512K)->0K(512K)
[139.895s][info][gc,heap        ] GC(333) ParOldGen: 16604K(699392K)->16137K(699392K)
[139.895s][info][gc,metaspace   ] GC(333) Metaspace: 52979K(53568K)->52979K(53568K) NonClass: 45513K(45760K)->45513K(45760K) Class: 7465K(7808K)->7465K(7808K)
[139.895s][info][gc             ] GC(333) Pause Full (System.gc()) 16M->15M(1023M) 27.734ms
[139.895s][info][gc,cpu         ] GC(333) User=0.00s Sys=0.00s Real=0.02s
[140.326s][info][gc,start       ] GC(334) Pause Young (Allocation Failure)
[140.326s][info][gc,heap        ] GC(334) PSYoungGen: 348160K(348672K)->512K(348672K) Eden: 348160K(348160K)->0K(348160K) From: 0K(512K)->512K(512K)
[140.326s][info][gc,heap        ] GC(334) ParOldGen: 16137K(699392K)->16145K(699392K)
[140.326s][info][gc,metaspace   ] GC(334) Metaspace: 52979K(53568K)->52979K(53568K) NonClass: 45513K(45760K)->45513K(45760K) Class: 7465K(7808K)->7465K(7808K)
[140.326s][info][gc             ] GC(334) Pause Young (Allocation Failure) 355M->16M(1023M) 0.647ms
[140.326s][info][gc,cpu         ] GC(334) User=0.00s Sys=0.00s Real=0.00s
[140.756s][info][gc,start       ] GC(335) Pause Young (Allocation Failure)
[140.757s][info][gc,heap        ] GC(335) PSYoungGen: 348672K(348672K)->224K(347648K) Eden: 348160K(348160K)->0K(347136K) From: 512K(512K)->224K(512K)
[140.757s][info][gc,heap        ] GC(335) ParOldGen: 16145K(699392K)->16409K(699392K)
[140.757s][info][gc,metaspace   ] GC(335) Metaspace: 52979K(53568K)->52979K(53568K) NonClass: 45513K(45760K)->45513K(45760K) Class: 7465K(7808K)->7465K(7808K)
[140.757s][info][gc             ] GC(335) Pause Young (Allocation Failure) 356M->16M(1022M) 0.646ms
[140.757s][info][gc,cpu         ] GC(335) User=0.00s Sys=0.00s Real=0.00s
[141.169s][info][gc,start       ] GC(336) Pause Young (Allocation Failure)
[141.169s][info][gc,heap        ] GC(336) PSYoungGen: 347360K(347648K)->224K(348160K) Eden: 347136K(347136K)->0K(347136K) From: 224K(512K)->224K(1024K)
[141.169s][info][gc,heap        ] GC(336) ParOldGen: 16409K(699392K)->16409K(699392K)
[141.169s][info][gc,metaspace   ] GC(336) Metaspace: 52979K(53568K)->52979K(53568K) NonClass: 45513K(45760K)->45513K(45760K) Class: 7465K(7808K)->7465K(7808K)
[141.169s][info][gc             ] GC(336) Pause Young (Allocation Failure) 355M->16M(1023M) 0.569ms
[141.169s][info][gc,cpu         ] GC(336) User=0.00s Sys=0.00s Real=0.00s
[141.580s][info][gc,start       ] GC(337) Pause Young (Allocation Failure)
[141.580s][info][gc,heap        ] GC(337) PSYoungGen: 347360K(348160K)->256K(348672K) Eden: 347136K(347136K)->0K(347648K) From: 224K(1024K)->256K(1024K)
[141.580s][info][gc,heap        ] GC(337) ParOldGen: 16409K(699392K)->16417K(699392K)
[141.580s][info][gc,metaspace   ] GC(337) Metaspace: 52979K(53568K)->52979K(53568K) NonClass: 45513K(45760K)->45513K(45760K) Class: 7465K(7808K)->7465K(7808K)
[141.580s][info][gc             ] GC(337) Pause Young (Allocation Failure) 355M->16M(1023M) 0.499ms
[141.580s][info][gc,cpu         ] GC(337) User=0.00s Sys=0.00s Real=0.00s
[142.008s][info][gc,start       ] GC(338) Pause Young (Allocation Failure)
[142.008s][info][gc,heap        ] GC(338) PSYoungGen: 347904K(348672K)->256K(348160K) Eden: 347648K(347648K)->0K(347648K) From: 256K(1024K)->256K(512K)
[142.008s][info][gc,heap        ] GC(338) ParOldGen: 16417K(699392K)->16457K(699392K)
[142.008s][info][gc,metaspace   ] GC(338) Metaspace: 52979K(53568K)->52979K(53568K) NonClass: 45513K(45760K)->45513K(45760K) Class: 7465K(7808K)->7465K(7808K)
[142.008s][info][gc             ] GC(338) Pause Young (Allocation Failure) 355M->16M(1023M) 0.515ms
[142.008s][info][gc,cpu         ] GC(338) User=0.00s Sys=0.00s Real=0.00s
[142.425s][info][gc,start       ] GC(339) Pause Young (Allocation Failure)
[142.425s][info][gc,heap        ] GC(339) PSYoungGen: 347904K(348160K)->224K(348672K) Eden: 347648K(347648K)->0K(348160K) From: 256K(512K)->224K(512K)
[142.425s][info][gc,heap        ] GC(339) ParOldGen: 16457K(699392K)->16473K(699392K)
[142.425s][info][gc,metaspace   ] GC(339) Metaspace: 52979K(53568K)->52979K(53568K) NonClass: 45513K(45760K)->45513K(45760K) Class: 7465K(7808K)->7465K(7808K)
[142.425s][info][gc             ] GC(339) Pause Young (Allocation Failure) 355M->16M(1023M) 0.612ms
[142.426s][info][gc,cpu         ] GC(339) User=0.00s Sys=0.00s Real=0.00s
[142.853s][info][gc,start       ] GC(340) Pause Young (Allocation Failure)
[142.854s][info][gc,heap        ] GC(340) PSYoungGen: 348384K(348672K)->224K(348672K) Eden: 348160K(348160K)->0K(348160K) From: 224K(512K)->224K(512K)
[142.854s][info][gc,heap        ] GC(340) ParOldGen: 16473K(699392K)->16505K(699392K)
[142.854s][info][gc,metaspace   ] GC(340) Metaspace: 52979K(53568K)->52979K(53568K) NonClass: 45513K(45760K)->45513K(45760K) Class: 7465K(7808K)->7465K(7808K)
[142.854s][info][gc             ] GC(340) Pause Young (Allocation Failure) 356M->16M(1023M) 0.503ms
[142.854s][info][gc,cpu         ] GC(340) User=0.00s Sys=0.00s Real=0.00s
[143.259s][info][gc,start       ] GC(341) Pause Young (System.gc())
[143.259s][info][gc,heap        ] GC(341) PSYoungGen: 323994K(348672K)->256K(348672K) Eden: 323770K(348160K)->0K(348160K) From: 224K(512K)->256K(512K)
[143.259s][info][gc,heap        ] GC(341) ParOldGen: 16505K(699392K)->16513K(699392K)
[143.259s][info][gc,metaspace   ] GC(341) Metaspace: 52989K(53568K)->52989K(53568K) NonClass: 45523K(45760K)->45523K(45760K) Class: 7465K(7808K)->7465K(7808K)
[143.259s][info][gc             ] GC(341) Pause Young (System.gc()) 332M->16M(1023M) 0.507ms
[143.259s][info][gc,cpu         ] GC(341) User=0.00s Sys=0.00s Real=0.00s
[143.259s][info][gc,start       ] GC(342) Pause Full (System.gc())
[143.259s][info][gc,phases,start] GC(342) Marking Phase
[143.276s][info][gc,phases      ] GC(342) Marking Phase 16.779ms
[143.276s][info][gc,phases,start] GC(342) Summary Phase
[143.276s][info][gc,phases      ] GC(342) Summary Phase 0.009ms
[143.276s][info][gc,phases,start] GC(342) Adjust Roots
[143.284s][info][gc,phases      ] GC(342) Adjust Roots 7.745ms
[143.284s][info][gc,phases,start] GC(342) Compaction Phase
[143.287s][info][gc,phases      ] GC(342) Compaction Phase 2.569ms
[143.287s][info][gc,phases,start] GC(342) Post Compact
[143.287s][info][gc,phases      ] GC(342) Post Compact 0.163ms
[143.287s][info][gc,heap        ] GC(342) PSYoungGen: 256K(348672K)->0K(348672K) Eden: 0K(348160K)->0K(348160K) From: 256K(512K)->0K(512K)
[143.287s][info][gc,heap        ] GC(342) ParOldGen: 16513K(699392K)->16009K(699392K)
[143.287s][info][gc,metaspace   ] GC(342) Metaspace: 52989K(53568K)->52989K(53568K) NonClass: 45523K(45760K)->45523K(45760K) Class: 7465K(7808K)->7465K(7808K)
[143.287s][info][gc             ] GC(342) Pause Full (System.gc()) 16M->15M(1023M) 27.479ms
[143.287s][info][gc,cpu         ] GC(342) User=0.02s Sys=0.00s Real=0.03s
[143.740s][info][gc,start       ] GC(343) Pause Young (Allocation Failure)
[143.741s][info][gc,heap        ] GC(343) PSYoungGen: 348160K(348672K)->512K(348672K) Eden: 348160K(348160K)->0K(348160K) From: 0K(512K)->512K(512K)
[143.741s][info][gc,heap        ] GC(343) ParOldGen: 16009K(699392K)->16073K(699392K)
[143.741s][info][gc,metaspace   ] GC(343) Metaspace: 52995K(53568K)->52995K(53568K) NonClass: 45529K(45760K)->45529K(45760K) Class: 7465K(7808K)->7465K(7808K)
[143.741s][info][gc             ] GC(343) Pause Young (Allocation Failure) 355M->16M(1023M) 0.842ms
[143.741s][info][gc,cpu         ] GC(343) User=0.00s Sys=0.00s Real=0.00s
[144.166s][info][gc,start       ] GC(344) Pause Young (Allocation Failure)
[144.167s][info][gc,heap        ] GC(344) PSYoungGen: 348672K(348672K)->224K(347648K) Eden: 348160K(348160K)->0K(347136K) From: 512K(512K)->224K(512K)
[144.167s][info][gc,heap        ] GC(344) ParOldGen: 16073K(699392K)->16417K(699392K)
[144.167s][info][gc,metaspace   ] GC(344) Metaspace: 52995K(53568K)->52995K(53568K) NonClass: 45529K(45760K)->45529K(45760K) Class: 7465K(7808K)->7465K(7808K)
[144.167s][info][gc             ] GC(344) Pause Young (Allocation Failure) 356M->16M(1022M) 0.684ms
[144.167s][info][gc,cpu         ] GC(344) User=0.00s Sys=0.00s Real=0.00s
[144.586s][info][gc,start       ] GC(345) Pause Young (Allocation Failure)
[144.587s][info][gc,heap        ] GC(345) PSYoungGen: 347360K(347648K)->256K(348160K) Eden: 347136K(347136K)->0K(347136K) From: 224K(512K)->256K(1024K)
[144.587s][info][gc,heap        ] GC(345) ParOldGen: 16417K(699392K)->16441K(699392K)
[144.587s][info][gc,metaspace   ] GC(345) Metaspace: 52995K(53568K)->52995K(53568K) NonClass: 45529K(45760K)->45529K(45760K) Class: 7465K(7808K)->7465K(7808K)
[144.587s][info][gc             ] GC(345) Pause Young (Allocation Failure) 355M->16M(1023M) 0.525ms
[144.587s][info][gc,cpu         ] GC(345) User=0.00s Sys=0.00s Real=0.00s
[145.024s][info][gc,start       ] GC(346) Pause Young (Allocation Failure)
[145.025s][info][gc,heap        ] GC(346) PSYoungGen: 347392K(348160K)->224K(348672K) Eden: 347136K(347136K)->0K(347648K) From: 256K(1024K)->224K(1024K)
[145.025s][info][gc,heap        ] GC(346) ParOldGen: 16441K(699392K)->16481K(699392K)
[145.025s][info][gc,metaspace   ] GC(346) Metaspace: 52995K(53568K)->52995K(53568K) NonClass: 45529K(45760K)->45529K(45760K) Class: 7465K(7808K)->7465K(7808K)
[145.025s][info][gc             ] GC(346) Pause Young (Allocation Failure) 355M->16M(1023M) 0.519ms
[145.025s][info][gc,cpu         ] GC(346) User=0.00s Sys=0.00s Real=0.00s
[145.449s][info][gc,start       ] GC(347) Pause Young (Allocation Failure)
[145.450s][info][gc,heap        ] GC(347) PSYoungGen: 347872K(348672K)->224K(348160K) Eden: 347648K(347648K)->0K(347648K) From: 224K(1024K)->224K(512K)
[145.450s][info][gc,heap        ] GC(347) ParOldGen: 16481K(699392K)->16513K(699392K)
[145.450s][info][gc,metaspace   ] GC(347) Metaspace: 52995K(53568K)->52995K(53568K) NonClass: 45529K(45760K)->45529K(45760K) Class: 7465K(7808K)->7465K(7808K)
[145.450s][info][gc             ] GC(347) Pause Young (Allocation Failure) 355M->16M(1023M) 0.490ms
[145.450s][info][gc,cpu         ] GC(347) User=0.00s Sys=0.00s Real=0.00s
[145.881s][info][gc,start       ] GC(348) Pause Young (Allocation Failure)
[145.882s][info][gc,heap        ] GC(348) PSYoungGen: 347872K(348160K)->288K(348672K) Eden: 347648K(347648K)->0K(348160K) From: 224K(512K)->288K(512K)
[145.882s][info][gc,heap        ] GC(348) ParOldGen: 16513K(699392K)->16553K(699392K)
[145.882s][info][gc,metaspace   ] GC(348) Metaspace: 52995K(53568K)->52995K(53568K) NonClass: 45529K(45760K)->45529K(45760K) Class: 7465K(7808K)->7465K(7808K)
[145.882s][info][gc             ] GC(348) Pause Young (Allocation Failure) 355M->16M(1023M) 0.537ms
[145.882s][info][gc,cpu         ] GC(348) User=0.00s Sys=0.00s Real=0.00s
[146.318s][info][gc,start       ] GC(349) Pause Young (Allocation Failure)
[146.318s][info][gc,heap        ] GC(349) PSYoungGen: 348448K(348672K)->256K(348672K) Eden: 348160K(348160K)->0K(348160K) From: 288K(512K)->256K(512K)
[146.318s][info][gc,heap        ] GC(349) ParOldGen: 16553K(699392K)->16553K(699392K)
[146.318s][info][gc,metaspace   ] GC(349) Metaspace: 52995K(53568K)->52995K(53568K) NonClass: 45529K(45760K)->45529K(45760K) Class: 7465K(7808K)->7465K(7808K)
[146.318s][info][gc             ] GC(349) Pause Young (Allocation Failure) 356M->16M(1023M) 0.539ms
[146.318s][info][gc,cpu         ] GC(349) User=0.00s Sys=0.00s Real=0.00s
[146.754s][info][gc,start       ] GC(350) Pause Young (System.gc())
[146.754s][info][gc,heap        ] GC(350) PSYoungGen: 327642K(348672K)->224K(348672K) Eden: 327386K(348160K)->0K(348160K) From: 256K(512K)->224K(512K)
[146.754s][info][gc,heap        ] GC(350) ParOldGen: 16553K(699392K)->16593K(699392K)
[146.754s][info][gc,metaspace   ] GC(350) Metaspace: 52995K(53568K)->52995K(53568K) NonClass: 45529K(45760K)->45529K(45760K) Class: 7465K(7808K)->7465K(7808K)
[146.754s][info][gc             ] GC(350) Pause Young (System.gc()) 336M->16M(1023M) 0.493ms
[146.754s][info][gc,cpu         ] GC(350) User=0.00s Sys=0.00s Real=0.00s
[146.754s][info][gc,start       ] GC(351) Pause Full (System.gc())
[146.754s][info][gc,phases,start] GC(351) Marking Phase
[146.770s][info][gc,phases      ] GC(351) Marking Phase 16.285ms
[146.771s][info][gc,phases,start] GC(351) Summary Phase
[146.771s][info][gc,phases      ] GC(351) Summary Phase 0.015ms
[146.771s][info][gc,phases,start] GC(351) Adjust Roots
[146.778s][info][gc,phases      ] GC(351) Adjust Roots 7.037ms
[146.778s][info][gc,phases,start] GC(351) Compaction Phase
[146.781s][info][gc,phases      ] GC(351) Compaction Phase 3.160ms
[146.781s][info][gc,phases,start] GC(351) Post Compact
[146.781s][info][gc,phases      ] GC(351) Post Compact 0.170ms
[146.781s][info][gc,heap        ] GC(351) PSYoungGen: 224K(348672K)->0K(348672K) Eden: 0K(348160K)->0K(348160K) From: 224K(512K)->0K(512K)
[146.781s][info][gc,heap        ] GC(351) ParOldGen: 16593K(699392K)->16016K(699392K)
[146.781s][info][gc,metaspace   ] GC(351) Metaspace: 52995K(53568K)->52995K(53568K) NonClass: 45529K(45760K)->45529K(45760K) Class: 7465K(7808K)->7465K(7808K)
[146.781s][info][gc             ] GC(351) Pause Full (System.gc()) 16M->15M(1023M) 26.901ms
[146.781s][info][gc,cpu         ] GC(351) User=0.00s Sys=0.00s Real=0.02s
[147.230s][info][gc,start       ] GC(352) Pause Young (Allocation Failure)
[147.231s][info][gc,heap        ] GC(352) PSYoungGen: 348160K(348672K)->512K(348672K) Eden: 348160K(348160K)->0K(348160K) From: 0K(512K)->512K(512K)
[147.231s][info][gc,heap        ] GC(352) ParOldGen: 16016K(699392K)->16056K(699392K)
[147.231s][info][gc,metaspace   ] GC(352) Metaspace: 52999K(53568K)->52999K(53568K) NonClass: 45533K(45760K)->45533K(45760K) Class: 7465K(7808K)->7465K(7808K)
[147.231s][info][gc             ] GC(352) Pause Young (Allocation Failure) 355M->16M(1023M) 0.700ms
[147.231s][info][gc,cpu         ] GC(352) User=0.00s Sys=0.00s Real=0.00s
[147.677s][info][gc,start       ] GC(353) Pause Young (Allocation Failure)
[147.678s][info][gc,heap        ] GC(353) PSYoungGen: 348672K(348672K)->192K(347648K) Eden: 348160K(348160K)->0K(347136K) From: 512K(512K)->192K(512K)
[147.678s][info][gc,heap        ] GC(353) ParOldGen: 16056K(699392K)->16432K(699392K)
[147.678s][info][gc,metaspace   ] GC(353) Metaspace: 52999K(53568K)->52999K(53568K) NonClass: 45533K(45760K)->45533K(45760K) Class: 7465K(7808K)->7465K(7808K)
[147.678s][info][gc             ] GC(353) Pause Young (Allocation Failure) 356M->16M(1022M) 0.686ms
[147.678s][info][gc,cpu         ] GC(353) User=0.00s Sys=0.00s Real=0.00s
[148.115s][info][gc,start       ] GC(354) Pause Young (Allocation Failure)
[148.115s][info][gc,heap        ] GC(354) PSYoungGen: 347328K(347648K)->256K(348160K) Eden: 347136K(347136K)->0K(347136K) From: 192K(512K)->256K(1024K)
[148.115s][info][gc,heap        ] GC(354) ParOldGen: 16432K(699392K)->16472K(699392K)
[148.115s][info][gc,metaspace   ] GC(354) Metaspace: 52999K(53568K)->52999K(53568K) NonClass: 45533K(45760K)->45533K(45760K) Class: 7465K(7808K)->7465K(7808K)
[148.115s][info][gc             ] GC(354) Pause Young (Allocation Failure) 355M->16M(1023M) 0.493ms
[148.115s][info][gc,cpu         ] GC(354) User=0.00s Sys=0.00s Real=0.00s
[148.543s][info][gc,start       ] GC(355) Pause Young (Allocation Failure)
[148.543s][info][gc,heap        ] GC(355) PSYoungGen: 347392K(348160K)->256K(348672K) Eden: 347136K(347136K)->0K(347648K) From: 256K(1024K)->256K(1024K)
[148.544s][info][gc,heap        ] GC(355) ParOldGen: 16472K(699392K)->16480K(699392K)
[148.544s][info][gc,metaspace   ] GC(355) Metaspace: 52999K(53568K)->52999K(53568K) NonClass: 45533K(45760K)->45533K(45760K) Class: 7465K(7808K)->7465K(7808K)
[148.544s][info][gc             ] GC(355) Pause Young (Allocation Failure) 355M->16M(1023M) 0.507ms
[148.544s][info][gc,cpu         ] GC(355) User=0.00s Sys=0.00s Real=0.00s
[148.987s][info][gc,start       ] GC(356) Pause Young (Allocation Failure)
[148.987s][info][gc,heap        ] GC(356) PSYoungGen: 347904K(348672K)->256K(348160K) Eden: 347648K(347648K)->0K(347648K) From: 256K(1024K)->256K(512K)
[148.987s][info][gc,heap        ] GC(356) ParOldGen: 16480K(699392K)->16520K(699392K)
[148.987s][info][gc,metaspace   ] GC(356) Metaspace: 52999K(53568K)->52999K(53568K) NonClass: 45533K(45760K)->45533K(45760K) Class: 7465K(7808K)->7465K(7808K)
[148.987s][info][gc             ] GC(356) Pause Young (Allocation Failure) 355M->16M(1023M) 0.489ms
[148.987s][info][gc,cpu         ] GC(356) User=0.00s Sys=0.00s Real=0.00s
[149.421s][info][gc,start       ] GC(357) Pause Young (Allocation Failure)
[149.421s][info][gc,heap        ] GC(357) PSYoungGen: 347904K(348160K)->224K(348672K) Eden: 347648K(347648K)->0K(348160K) From: 256K(512K)->224K(512K)
[149.421s][info][gc,heap        ] GC(357) ParOldGen: 16520K(699392K)->16536K(699392K)
[149.421s][info][gc,metaspace   ] GC(357) Metaspace: 52999K(53568K)->52999K(53568K) NonClass: 45533K(45760K)->45533K(45760K) Class: 7465K(7808K)->7465K(7808K)
[149.421s][info][gc             ] GC(357) Pause Young (Allocation Failure) 355M->16M(1023M) 0.475ms
[149.421s][info][gc,cpu         ] GC(357) User=0.00s Sys=0.00s Real=0.00s
[149.870s][info][gc,start       ] GC(358) Pause Young (Allocation Failure)
[149.870s][info][gc,heap        ] GC(358) PSYoungGen: 348384K(348672K)->256K(348672K) Eden: 348160K(348160K)->0K(348160K) From: 224K(512K)->256K(512K)
[149.870s][info][gc,heap        ] GC(358) ParOldGen: 16536K(699392K)->16584K(699392K)
[149.870s][info][gc,metaspace   ] GC(358) Metaspace: 52999K(53568K)->52999K(53568K) NonClass: 45533K(45760K)->45533K(45760K) Class: 7465K(7808K)->7465K(7808K)
[149.870s][info][gc             ] GC(358) Pause Young (Allocation Failure) 356M->16M(1023M) 0.497ms
[149.870s][info][gc,cpu         ] GC(358) User=0.00s Sys=0.00s Real=0.00s
[150.291s][info][gc,start       ] GC(359) Pause Young (System.gc())
[150.292s][info][gc,heap        ] GC(359) PSYoungGen: 328767K(348672K)->224K(348672K) Eden: 328511K(348160K)->0K(348160K) From: 256K(512K)->224K(512K)
[150.292s][info][gc,heap        ] GC(359) ParOldGen: 16584K(699392K)->16600K(699392K)
[150.292s][info][gc,metaspace   ] GC(359) Metaspace: 52999K(53568K)->52999K(53568K) NonClass: 45533K(45760K)->45533K(45760K) Class: 7465K(7808K)->7465K(7808K)
[150.292s][info][gc             ] GC(359) Pause Young (System.gc()) 337M->16M(1023M) 0.507ms
[150.292s][info][gc,cpu         ] GC(359) User=0.00s Sys=0.00s Real=0.00s
[150.292s][info][gc,start       ] GC(360) Pause Full (System.gc())
[150.292s][info][gc,phases,start] GC(360) Marking Phase
[150.309s][info][gc,phases      ] GC(360) Marking Phase 17.415ms
[150.309s][info][gc,phases,start] GC(360) Summary Phase
[150.309s][info][gc,phases      ] GC(360) Summary Phase 0.009ms
[150.309s][info][gc,phases,start] GC(360) Adjust Roots
[150.317s][info][gc,phases      ] GC(360) Adjust Roots 7.507ms
[150.317s][info][gc,phases,start] GC(360) Compaction Phase
[150.320s][info][gc,phases      ] GC(360) Compaction Phase 2.990ms
[150.320s][info][gc,phases,start] GC(360) Post Compact
[150.320s][info][gc,phases      ] GC(360) Post Compact 0.203ms
[150.320s][info][gc,heap        ] GC(360) PSYoungGen: 224K(348672K)->0K(348672K) Eden: 0K(348160K)->0K(348160K) From: 224K(512K)->0K(512K)
[150.320s][info][gc,heap        ] GC(360) ParOldGen: 16600K(699392K)->16017K(699392K)
[150.320s][info][gc,metaspace   ] GC(360) Metaspace: 52999K(53568K)->52999K(53568K) NonClass: 45533K(45760K)->45533K(45760K) Class: 7465K(7808K)->7465K(7808K)
[150.320s][info][gc             ] GC(360) Pause Full (System.gc()) 16M->15M(1023M) 28.358ms
[150.320s][info][gc,cpu         ] GC(360) User=0.00s Sys=0.00s Real=0.02s
[150.775s][info][gc,start       ] GC(361) Pause Young (Allocation Failure)
[150.776s][info][gc,heap        ] GC(361) PSYoungGen: 348160K(348672K)->512K(348672K) Eden: 348160K(348160K)->0K(348160K) From: 0K(512K)->512K(512K)
[150.776s][info][gc,heap        ] GC(361) ParOldGen: 16017K(699392K)->16081K(699392K)
[150.776s][info][gc,metaspace   ] GC(361) Metaspace: 53006K(53568K)->53006K(53568K) NonClass: 45540K(45760K)->45540K(45760K) Class: 7465K(7808K)->7465K(7808K)
[150.776s][info][gc             ] GC(361) Pause Young (Allocation Failure) 355M->16M(1023M) 0.724ms
[150.776s][info][gc,cpu         ] GC(361) User=0.00s Sys=0.00s Real=0.00s
[151.199s][info][gc,start       ] GC(362) Pause Young (Allocation Failure)
[151.200s][info][gc,heap        ] GC(362) PSYoungGen: 348672K(348672K)->224K(347648K) Eden: 348160K(348160K)->0K(347136K) From: 512K(512K)->224K(512K)
[151.200s][info][gc,heap        ] GC(362) ParOldGen: 16081K(699392K)->16441K(699392K)
[151.200s][info][gc,metaspace   ] GC(362) Metaspace: 53006K(53568K)->53006K(53568K) NonClass: 45540K(45760K)->45540K(45760K) Class: 7465K(7808K)->7465K(7808K)
[151.200s][info][gc             ] GC(362) Pause Young (Allocation Failure) 356M->16M(1022M) 0.712ms
[151.200s][info][gc,cpu         ] GC(362) User=0.00s Sys=0.00s Real=0.00s
[151.626s][info][gc,start       ] GC(363) Pause Young (Allocation Failure)
[151.626s][info][gc,heap        ] GC(363) PSYoungGen: 347360K(347648K)->288K(348160K) Eden: 347136K(347136K)->0K(347136K) From: 224K(512K)->288K(1024K)
[151.626s][info][gc,heap        ] GC(363) ParOldGen: 16441K(699392K)->16457K(699392K)
[151.626s][info][gc,metaspace   ] GC(363) Metaspace: 53006K(53568K)->53006K(53568K) NonClass: 45540K(45760K)->45540K(45760K) Class: 7465K(7808K)->7465K(7808K)
[151.626s][info][gc             ] GC(363) Pause Young (Allocation Failure) 355M->16M(1023M) 0.697ms
[151.626s][info][gc,cpu         ] GC(363) User=0.00s Sys=0.00s Real=0.00s
[152.053s][info][gc,start       ] GC(364) Pause Young (Allocation Failure)
[152.053s][info][gc,heap        ] GC(364) PSYoungGen: 347424K(348160K)->224K(348672K) Eden: 347136K(347136K)->0K(348160K) From: 288K(1024K)->224K(512K)
[152.053s][info][gc,heap        ] GC(364) ParOldGen: 16457K(699392K)->16497K(699392K)
[152.053s][info][gc,metaspace   ] GC(364) Metaspace: 53006K(53568K)->53006K(53568K) NonClass: 45540K(45760K)->45540K(45760K) Class: 7465K(7808K)->7465K(7808K)
[152.053s][info][gc             ] GC(364) Pause Young (Allocation Failure) 355M->16M(1023M) 0.455ms
[152.053s][info][gc,cpu         ] GC(364) User=0.00s Sys=0.00s Real=0.00s
[152.480s][info][gc,start       ] GC(365) Pause Young (Allocation Failure)
[152.480s][info][gc,heap        ] GC(365) PSYoungGen: 348384K(348672K)->224K(348672K) Eden: 348160K(348160K)->0K(348160K) From: 224K(512K)->224K(512K)
[152.480s][info][gc,heap        ] GC(365) ParOldGen: 16497K(699392K)->16505K(699392K)
[152.480s][info][gc,metaspace   ] GC(365) Metaspace: 53006K(53568K)->53006K(53568K) NonClass: 45540K(45760K)->45540K(45760K) Class: 7465K(7808K)->7465K(7808K)
[152.480s][info][gc             ] GC(365) Pause Young (Allocation Failure) 356M->16M(1023M) 0.548ms
[152.480s][info][gc,cpu         ] GC(365) User=0.00s Sys=0.00s Real=0.00s
[152.915s][info][gc,start       ] GC(366) Pause Young (Allocation Failure)
[152.915s][info][gc,heap        ] GC(366) PSYoungGen: 348384K(348672K)->256K(348672K) Eden: 348160K(348160K)->0K(348160K) From: 224K(512K)->256K(512K)
[152.916s][info][gc,heap        ] GC(366) ParOldGen: 16505K(699392K)->16545K(699392K)
[152.916s][info][gc,metaspace   ] GC(366) Metaspace: 53006K(53568K)->53006K(53568K) NonClass: 45540K(45760K)->45540K(45760K) Class: 7465K(7808K)->7465K(7808K)
[152.916s][info][gc             ] GC(366) Pause Young (Allocation Failure) 356M->16M(1023M) 0.504ms
[152.916s][info][gc,cpu         ] GC(366) User=0.00s Sys=0.00s Real=0.00s
[153.342s][info][gc,start       ] GC(367) Pause Young (Allocation Failure)
[153.343s][info][gc,heap        ] GC(367) PSYoungGen: 348416K(348672K)->256K(348672K) Eden: 348160K(348160K)->0K(348160K) From: 256K(512K)->256K(512K)
[153.343s][info][gc,heap        ] GC(367) ParOldGen: 16545K(699392K)->16561K(699392K)
[153.343s][info][gc,metaspace   ] GC(367) Metaspace: 53006K(53568K)->53006K(53568K) NonClass: 45540K(45760K)->45540K(45760K) Class: 7465K(7808K)->7465K(7808K)
[153.343s][info][gc             ] GC(367) Pause Young (Allocation Failure) 356M->16M(1023M) 0.526ms
[153.343s][info][gc,cpu         ] GC(367) User=0.00s Sys=0.00s Real=0.00s
[153.777s][info][gc,start       ] GC(368) Pause Young (System.gc())
[153.777s][info][gc,heap        ] GC(368) PSYoungGen: 326115K(348672K)->256K(348672K) Eden: 325859K(348160K)->0K(348160K) From: 256K(512K)->256K(512K)
[153.777s][info][gc,heap        ] GC(368) ParOldGen: 16561K(699392K)->16609K(699392K)
[153.777s][info][gc,metaspace   ] GC(368) Metaspace: 53006K(53568K)->53006K(53568K) NonClass: 45540K(45760K)->45540K(45760K) Class: 7465K(7808K)->7465K(7808K)
[153.777s][info][gc             ] GC(368) Pause Young (System.gc()) 334M->16M(1023M) 0.558ms
[153.777s][info][gc,cpu         ] GC(368) User=0.00s Sys=0.00s Real=0.00s
[153.777s][info][gc,start       ] GC(369) Pause Full (System.gc())
[153.777s][info][gc,phases,start] GC(369) Marking Phase
[153.793s][info][gc,phases      ] GC(369) Marking Phase 16.005ms
[153.793s][info][gc,phases,start] GC(369) Summary Phase
[153.793s][info][gc,phases      ] GC(369) Summary Phase 0.009ms
[153.793s][info][gc,phases,start] GC(369) Adjust Roots
[153.800s][info][gc,phases      ] GC(369) Adjust Roots 6.998ms
[153.801s][info][gc,phases,start] GC(369) Compaction Phase
[153.804s][info][gc,phases      ] GC(369) Compaction Phase 3.892ms
[153.804s][info][gc,phases,start] GC(369) Post Compact
[153.805s][info][gc,phases      ] GC(369) Post Compact 0.313ms
[153.805s][info][gc,heap        ] GC(369) PSYoungGen: 256K(348672K)->0K(348672K) Eden: 0K(348160K)->0K(348160K) From: 256K(512K)->0K(512K)
[153.805s][info][gc,heap        ] GC(369) ParOldGen: 16609K(699392K)->16035K(699392K)
[153.805s][info][gc,metaspace   ] GC(369) Metaspace: 53006K(53568K)->53006K(53568K) NonClass: 45540K(45760K)->45540K(45760K) Class: 7465K(7808K)->7465K(7808K)
[153.805s][info][gc             ] GC(369) Pause Full (System.gc()) 16M->15M(1023M) 27.489ms
[153.805s][info][gc,cpu         ] GC(369) User=0.03s Sys=0.00s Real=0.03s
[154.230s][info][gc,start       ] GC(370) Pause Young (Allocation Failure)
[154.231s][info][gc,heap        ] GC(370) PSYoungGen: 348160K(348672K)->512K(348672K) Eden: 348160K(348160K)->0K(348160K) From: 0K(512K)->512K(512K)
[154.231s][info][gc,heap        ] GC(370) ParOldGen: 16035K(699392K)->16051K(699392K)
[154.231s][info][gc,metaspace   ] GC(370) Metaspace: 53014K(53568K)->53014K(53568K) NonClass: 45548K(45760K)->45548K(45760K) Class: 7465K(7808K)->7465K(7808K)
[154.231s][info][gc             ] GC(370) Pause Young (Allocation Failure) 355M->16M(1023M) 0.703ms
[154.231s][info][gc,cpu         ] GC(370) User=0.00s Sys=0.00s Real=0.00s
[154.660s][info][gc,start       ] GC(371) Pause Young (Allocation Failure)
[154.660s][info][gc,heap        ] GC(371) PSYoungGen: 348672K(348672K)->224K(348672K) Eden: 348160K(348160K)->0K(348160K) From: 512K(512K)->224K(512K)
[154.660s][info][gc,heap        ] GC(371) ParOldGen: 16051K(699392K)->16411K(699392K)
[154.660s][info][gc,metaspace   ] GC(371) Metaspace: 53014K(53568K)->53014K(53568K) NonClass: 45548K(45760K)->45548K(45760K) Class: 7465K(7808K)->7465K(7808K)
[154.661s][info][gc             ] GC(371) Pause Young (Allocation Failure) 356M->16M(1023M) 0.717ms
[154.661s][info][gc,cpu         ] GC(371) User=0.00s Sys=0.00s Real=0.00s
[155.070s][info][gc,start       ] GC(372) Pause Young (Allocation Failure)
[155.070s][info][gc,heap        ] GC(372) PSYoungGen: 348384K(348672K)->256K(348672K) Eden: 348160K(348160K)->0K(348160K) From: 224K(512K)->256K(512K)
[155.070s][info][gc,heap        ] GC(372) ParOldGen: 16411K(699392K)->16451K(699392K)
[155.070s][info][gc,metaspace   ] GC(372) Metaspace: 53014K(53568K)->53014K(53568K) NonClass: 45548K(45760K)->45548K(45760K) Class: 7465K(7808K)->7465K(7808K)
[155.071s][info][gc             ] GC(372) Pause Young (Allocation Failure) 356M->16M(1023M) 0.603ms
[155.071s][info][gc,cpu         ] GC(372) User=0.00s Sys=0.00s Real=0.00s
[155.480s][info][gc,start       ] GC(373) Pause Young (Allocation Failure)
[155.480s][info][gc,heap        ] GC(373) PSYoungGen: 348416K(348672K)->256K(348672K) Eden: 348160K(348160K)->0K(348160K) From: 256K(512K)->256K(512K)
[155.480s][info][gc,heap        ] GC(373) ParOldGen: 16451K(699392K)->16467K(699392K)
[155.480s][info][gc,metaspace   ] GC(373) Metaspace: 53015K(53568K)->53015K(53568K) NonClass: 45549K(45760K)->45549K(45760K) Class: 7465K(7808K)->7465K(7808K)
[155.480s][info][gc             ] GC(373) Pause Young (Allocation Failure) 356M->16M(1023M) 0.494ms
[155.480s][info][gc,cpu         ] GC(373) User=0.00s Sys=0.00s Real=0.00s
[155.897s][info][gc,start       ] GC(374) Pause Young (Allocation Failure)
[155.898s][info][gc,heap        ] GC(374) PSYoungGen: 348416K(348672K)->288K(348672K) Eden: 348160K(348160K)->0K(348160K) From: 256K(512K)->288K(512K)
[155.898s][info][gc,heap        ] GC(374) ParOldGen: 16467K(699392K)->16515K(699392K)
[155.898s][info][gc,metaspace   ] GC(374) Metaspace: 53015K(53568K)->53015K(53568K) NonClass: 45549K(45760K)->45549K(45760K) Class: 7465K(7808K)->7465K(7808K)
[155.898s][info][gc             ] GC(374) Pause Young (Allocation Failure) 356M->16M(1023M) 0.540ms
[155.898s][info][gc,cpu         ] GC(374) User=0.00s Sys=0.00s Real=0.00s
[156.308s][info][gc,start       ] GC(375) Pause Young (Allocation Failure)
[156.309s][info][gc,heap        ] GC(375) PSYoungGen: 348448K(348672K)->256K(348672K) Eden: 348160K(348160K)->0K(348160K) From: 288K(512K)->256K(512K)
[156.309s][info][gc,heap        ] GC(375) ParOldGen: 16515K(699392K)->16531K(699392K)
[156.309s][info][gc,metaspace   ] GC(375) Metaspace: 53015K(53568K)->53015K(53568K) NonClass: 45549K(45760K)->45549K(45760K) Class: 7465K(7808K)->7465K(7808K)
[156.309s][info][gc             ] GC(375) Pause Young (Allocation Failure) 356M->16M(1023M) 0.462ms
[156.309s][info][gc,cpu         ] GC(375) User=0.00s Sys=0.00s Real=0.00s
[156.727s][info][gc,start       ] GC(376) Pause Young (Allocation Failure)
[156.727s][info][gc,heap        ] GC(376) PSYoungGen: 348416K(348672K)->288K(348672K) Eden: 348160K(348160K)->0K(348160K) From: 256K(512K)->288K(512K)
[156.727s][info][gc,heap        ] GC(376) ParOldGen: 16531K(699392K)->16571K(699392K)
[156.727s][info][gc,metaspace   ] GC(376) Metaspace: 53015K(53568K)->53015K(53568K) NonClass: 45549K(45760K)->45549K(45760K) Class: 7465K(7808K)->7465K(7808K)
[156.727s][info][gc             ] GC(376) Pause Young (Allocation Failure) 356M->16M(1023M) 0.530ms
[156.727s][info][gc,cpu         ] GC(376) User=0.00s Sys=0.00s Real=0.00s
[157.114s][info][gc,start       ] GC(377) Pause Young (System.gc())
[157.115s][info][gc,heap        ] GC(377) PSYoungGen: 320869K(348672K)->352K(348672K) Eden: 320581K(348160K)->0K(348160K) From: 288K(512K)->352K(512K)
[157.115s][info][gc,heap        ] GC(377) ParOldGen: 16571K(699392K)->16579K(699392K)
[157.115s][info][gc,metaspace   ] GC(377) Metaspace: 53029K(53568K)->53029K(53568K) NonClass: 45563K(45760K)->45563K(45760K) Class: 7465K(7808K)->7465K(7808K)
[157.115s][info][gc             ] GC(377) Pause Young (System.gc()) 329M->16M(1023M) 0.594ms
[157.115s][info][gc,cpu         ] GC(377) User=0.00s Sys=0.00s Real=0.00s
[157.115s][info][gc,start       ] GC(378) Pause Full (System.gc())
[157.115s][info][gc,phases,start] GC(378) Marking Phase
[157.132s][info][gc,phases      ] GC(378) Marking Phase 17.008ms
[157.132s][info][gc,phases,start] GC(378) Summary Phase
[157.132s][info][gc,phases      ] GC(378) Summary Phase 0.009ms
[157.132s][info][gc,phases,start] GC(378) Adjust Roots
[157.140s][info][gc,phases      ] GC(378) Adjust Roots 7.586ms
[157.140s][info][gc,phases,start] GC(378) Compaction Phase
[157.143s][info][gc,phases      ] GC(378) Compaction Phase 3.111ms
[157.143s][info][gc,phases,start] GC(378) Post Compact
[157.143s][info][gc,phases      ] GC(378) Post Compact 0.163ms
[157.143s][info][gc,heap        ] GC(378) PSYoungGen: 352K(348672K)->0K(348672K) Eden: 0K(348160K)->0K(348160K) From: 352K(512K)->0K(512K)
[157.143s][info][gc,heap        ] GC(378) ParOldGen: 16579K(699392K)->16128K(699392K)
[157.143s][info][gc,metaspace   ] GC(378) Metaspace: 53029K(53568K)->53029K(53568K) NonClass: 45563K(45760K)->45563K(45760K) Class: 7465K(7808K)->7465K(7808K)
[157.143s][info][gc             ] GC(378) Pause Full (System.gc()) 16M->15M(1023M) 28.107ms
[157.143s][info][gc,cpu         ] GC(378) User=0.00s Sys=0.00s Real=0.02s
[157.588s][info][gc,start       ] GC(379) Pause Young (Allocation Failure)
[157.589s][info][gc,heap        ] GC(379) PSYoungGen: 348160K(348672K)->512K(348672K) Eden: 348160K(348160K)->0K(348160K) From: 0K(512K)->512K(512K)
[157.589s][info][gc,heap        ] GC(379) ParOldGen: 16128K(699392K)->16136K(699392K)
[157.589s][info][gc,metaspace   ] GC(379) Metaspace: 53035K(53568K)->53035K(53568K) NonClass: 45569K(45760K)->45569K(45760K) Class: 7465K(7808K)->7465K(7808K)
[157.589s][info][gc             ] GC(379) Pause Young (Allocation Failure) 355M->16M(1023M) 0.677ms
[157.589s][info][gc,cpu         ] GC(379) User=0.00s Sys=0.00s Real=0.00s
[158.078s][info][gc,start       ] GC(380) Pause Young (Allocation Failure)
[158.079s][info][gc,heap        ] GC(380) PSYoungGen: 348672K(348672K)->288K(348672K) Eden: 348160K(348160K)->0K(348160K) From: 512K(512K)->288K(512K)
[158.079s][info][gc,heap        ] GC(380) ParOldGen: 16136K(699392K)->16424K(699392K)
[158.079s][info][gc,metaspace   ] GC(380) Metaspace: 53035K(53568K)->53035K(53568K) NonClass: 45569K(45760K)->45569K(45760K) Class: 7465K(7808K)->7465K(7808K)
[158.079s][info][gc             ] GC(380) Pause Young (Allocation Failure) 356M->16M(1023M) 0.864ms
[158.079s][info][gc,cpu         ] GC(380) User=0.00s Sys=0.00s Real=0.00s
[158.554s][info][gc,start       ] GC(381) Pause Young (Allocation Failure)
[158.555s][info][gc,heap        ] GC(381) PSYoungGen: 348448K(348672K)->288K(348672K) Eden: 348160K(348160K)->0K(348160K) From: 288K(512K)->288K(512K)
[158.555s][info][gc,heap        ] GC(381) ParOldGen: 16424K(699392K)->16432K(699392K)
[158.555s][info][gc,metaspace   ] GC(381) Metaspace: 53035K(53568K)->53035K(53568K) NonClass: 45569K(45760K)->45569K(45760K) Class: 7465K(7808K)->7465K(7808K)
[158.555s][info][gc             ] GC(381) Pause Young (Allocation Failure) 356M->16M(1023M) 0.537ms
[158.555s][info][gc,cpu         ] GC(381) User=0.00s Sys=0.00s Real=0.00s
[159.075s][info][gc,start       ] GC(382) Pause Young (Allocation Failure)
[159.075s][info][gc,heap        ] GC(382) PSYoungGen: 348448K(348672K)->256K(348672K) Eden: 348160K(348160K)->0K(348160K) From: 288K(512K)->256K(512K)
[159.075s][info][gc,heap        ] GC(382) ParOldGen: 16432K(699392K)->16472K(699392K)
[159.075s][info][gc,metaspace   ] GC(382) Metaspace: 53035K(53568K)->53035K(53568K) NonClass: 45569K(45760K)->45569K(45760K) Class: 7465K(7808K)->7465K(7808K)
[159.075s][info][gc             ] GC(382) Pause Young (Allocation Failure) 356M->16M(1023M) 0.625ms
[159.075s][info][gc,cpu         ] GC(382) User=0.00s Sys=0.00s Real=0.00s
[159.562s][info][gc,start       ] GC(383) Pause Young (Allocation Failure)
[159.563s][info][gc,heap        ] GC(383) PSYoungGen: 348416K(348672K)->224K(348672K) Eden: 348160K(348160K)->0K(348160K) From: 256K(512K)->224K(512K)
[159.563s][info][gc,heap        ] GC(383) ParOldGen: 16472K(699392K)->16488K(699392K)
[159.563s][info][gc,metaspace   ] GC(383) Metaspace: 53035K(53568K)->53035K(53568K) NonClass: 45569K(45760K)->45569K(45760K) Class: 7465K(7808K)->7465K(7808K)
[159.563s][info][gc             ] GC(383) Pause Young (Allocation Failure) 356M->16M(1023M) 0.548ms
[159.563s][info][gc,cpu         ] GC(383) User=0.00s Sys=0.00s Real=0.00s
[160.051s][info][gc,start       ] GC(384) Pause Young (Allocation Failure)
[160.051s][info][gc,heap        ] GC(384) PSYoungGen: 348384K(348672K)->224K(348672K) Eden: 348160K(348160K)->0K(348160K) From: 224K(512K)->224K(512K)
[160.051s][info][gc,heap        ] GC(384) ParOldGen: 16488K(699392K)->16520K(699392K)
[160.051s][info][gc,metaspace   ] GC(384) Metaspace: 53035K(53568K)->53035K(53568K) NonClass: 45569K(45760K)->45569K(45760K) Class: 7465K(7808K)->7465K(7808K)
[160.051s][info][gc             ] GC(384) Pause Young (Allocation Failure) 356M->16M(1023M) 0.472ms
[160.051s][info][gc,cpu         ] GC(384) User=0.00s Sys=0.00s Real=0.00s
[160.537s][info][gc,start       ] GC(385) Pause Young (Allocation Failure)
[160.537s][info][gc,heap        ] GC(385) PSYoungGen: 348384K(348672K)->256K(348672K) Eden: 348160K(348160K)->0K(348160K) From: 224K(512K)->256K(512K)
[160.537s][info][gc,heap        ] GC(385) ParOldGen: 16520K(699392K)->16544K(699392K)
[160.537s][info][gc,metaspace   ] GC(385) Metaspace: 53036K(53568K)->53036K(53568K) NonClass: 45570K(45760K)->45570K(45760K) Class: 7465K(7808K)->7465K(7808K)
[160.537s][info][gc             ] GC(385) Pause Young (Allocation Failure) 356M->16M(1023M) 0.633ms
[160.537s][info][gc,cpu         ] GC(385) User=0.00s Sys=0.00s Real=0.00s
[161.071s][info][gc,start       ] GC(386) Pause Young (System.gc())
[161.072s][info][gc,heap        ] GC(386) PSYoungGen: 322120K(348672K)->256K(348672K) Eden: 321864K(348160K)->0K(348160K) From: 256K(512K)->256K(512K)
[161.072s][info][gc,heap        ] GC(386) ParOldGen: 16544K(699392K)->16584K(699392K)
[161.072s][info][gc,metaspace   ] GC(386) Metaspace: 53046K(53568K)->53046K(53568K) NonClass: 45580K(45760K)->45580K(45760K) Class: 7465K(7808K)->7465K(7808K)
[161.072s][info][gc             ] GC(386) Pause Young (System.gc()) 330M->16M(1023M) 0.789ms
[161.072s][info][gc,cpu         ] GC(386) User=0.00s Sys=0.00s Real=0.00s
[161.072s][info][gc,start       ] GC(387) Pause Full (System.gc())
[161.072s][info][gc,phases,start] GC(387) Marking Phase
[161.089s][info][gc,phases      ] GC(387) Marking Phase 16.711ms
[161.089s][info][gc,phases,start] GC(387) Summary Phase
[161.089s][info][gc,phases      ] GC(387) Summary Phase 0.010ms
[161.089s][info][gc,phases,start] GC(387) Adjust Roots
[161.096s][info][gc,phases      ] GC(387) Adjust Roots 7.331ms
[161.096s][info][gc,phases,start] GC(387) Compaction Phase
[161.099s][info][gc,phases      ] GC(387) Compaction Phase 2.795ms
[161.099s][info][gc,phases,start] GC(387) Post Compact
[161.099s][info][gc,phases      ] GC(387) Post Compact 0.181ms
[161.099s][info][gc,heap        ] GC(387) PSYoungGen: 256K(348672K)->0K(348672K) Eden: 0K(348160K)->0K(348160K) From: 256K(512K)->0K(512K)
[161.099s][info][gc,heap        ] GC(387) ParOldGen: 16584K(699392K)->16022K(699392K)
[161.099s][info][gc,metaspace   ] GC(387) Metaspace: 53046K(53568K)->53046K(53568K) NonClass: 45580K(45760K)->45580K(45760K) Class: 7465K(7808K)->7465K(7808K)
[161.099s][info][gc             ] GC(387) Pause Full (System.gc()) 16M->15M(1023M) 27.276ms
[161.099s][info][gc,cpu         ] GC(387) User=0.00s Sys=0.00s Real=0.02s
[161.537s][info][gc,start       ] GC(388) Pause Young (Allocation Failure)
[161.538s][info][gc,heap        ] GC(388) PSYoungGen: 348160K(348672K)->512K(348672K) Eden: 348160K(348160K)->0K(348160K) From: 0K(512K)->512K(512K)
[161.538s][info][gc,heap        ] GC(388) ParOldGen: 16022K(699392K)->16038K(699392K)
[161.538s][info][gc,metaspace   ] GC(388) Metaspace: 53080K(53632K)->53080K(53632K) NonClass: 45614K(45824K)->45614K(45824K) Class: 7465K(7808K)->7465K(7808K)
[161.538s][info][gc             ] GC(388) Pause Young (Allocation Failure) 355M->16M(1023M) 0.726ms
[161.538s][info][gc,cpu         ] GC(388) User=0.00s Sys=0.00s Real=0.00s
[161.973s][info][gc,start       ] GC(389) Pause Young (Allocation Failure)
[161.973s][info][gc,heap        ] GC(389) PSYoungGen: 348672K(348672K)->224K(348672K) Eden: 348160K(348160K)->0K(348160K) From: 512K(512K)->224K(512K)
[161.973s][info][gc,heap        ] GC(389) ParOldGen: 16038K(699392K)->16414K(699392K)
[161.973s][info][gc,metaspace   ] GC(389) Metaspace: 53080K(53632K)->53080K(53632K) NonClass: 45614K(45824K)->45614K(45824K) Class: 7465K(7808K)->7465K(7808K)
[161.973s][info][gc             ] GC(389) Pause Young (Allocation Failure) 356M->16M(1023M) 0.654ms
[161.973s][info][gc,cpu         ] GC(389) User=0.00s Sys=0.00s Real=0.00s
[162.402s][info][gc,start       ] GC(390) Pause Young (Allocation Failure)
[162.402s][info][gc,heap        ] GC(390) PSYoungGen: 348384K(348672K)->256K(348672K) Eden: 348160K(348160K)->0K(348160K) From: 224K(512K)->256K(512K)
[162.402s][info][gc,heap        ] GC(390) ParOldGen: 16414K(699392K)->16422K(699392K)
[162.402s][info][gc,metaspace   ] GC(390) Metaspace: 53082K(53632K)->53082K(53632K) NonClass: 45616K(45824K)->45616K(45824K) Class: 7465K(7808K)->7465K(7808K)
[162.402s][info][gc             ] GC(390) Pause Young (Allocation Failure) 356M->16M(1023M) 0.605ms
[162.402s][info][gc,cpu         ] GC(390) User=0.00s Sys=0.00s Real=0.00s
[162.842s][info][gc,start       ] GC(391) Pause Young (Allocation Failure)
[162.842s][info][gc,heap        ] GC(391) PSYoungGen: 348416K(348672K)->224K(348672K) Eden: 348160K(348160K)->0K(348160K) From: 256K(512K)->224K(512K)
[162.842s][info][gc,heap        ] GC(391) ParOldGen: 16422K(699392K)->16462K(699392K)
[162.842s][info][gc,metaspace   ] GC(391) Metaspace: 53082K(53632K)->53082K(53632K) NonClass: 45616K(45824K)->45616K(45824K) Class: 7465K(7808K)->7465K(7808K)
[162.842s][info][gc             ] GC(391) Pause Young (Allocation Failure) 356M->16M(1023M) 0.499ms
[162.842s][info][gc,cpu         ] GC(391) User=0.00s Sys=0.00s Real=0.00s
[163.267s][info][gc,start       ] GC(392) Pause Young (Allocation Failure)
[163.267s][info][gc,heap        ] GC(392) PSYoungGen: 348384K(348672K)->256K(348672K) Eden: 348160K(348160K)->0K(348160K) From: 224K(512K)->256K(512K)
[163.267s][info][gc,heap        ] GC(392) ParOldGen: 16462K(699392K)->16470K(699392K)
[163.267s][info][gc,metaspace   ] GC(392) Metaspace: 53082K(53632K)->53082K(53632K) NonClass: 45616K(45824K)->45616K(45824K) Class: 7465K(7808K)->7465K(7808K)
[163.267s][info][gc             ] GC(392) Pause Young (Allocation Failure) 356M->16M(1023M) 0.496ms
[163.267s][info][gc,cpu         ] GC(392) User=0.00s Sys=0.00s Real=0.00s
[163.703s][info][gc,start       ] GC(393) Pause Young (Allocation Failure)
[163.703s][info][gc,heap        ] GC(393) PSYoungGen: 348416K(348672K)->224K(348672K) Eden: 348160K(348160K)->0K(348160K) From: 256K(512K)->224K(512K)
[163.703s][info][gc,heap        ] GC(393) ParOldGen: 16470K(699392K)->16510K(699392K)
[163.703s][info][gc,metaspace   ] GC(393) Metaspace: 53082K(53632K)->53082K(53632K) NonClass: 45616K(45824K)->45616K(45824K) Class: 7465K(7808K)->7465K(7808K)
[163.703s][info][gc             ] GC(393) Pause Young (Allocation Failure) 356M->16M(1023M) 0.521ms
[163.703s][info][gc,cpu         ] GC(393) User=0.00s Sys=0.00s Real=0.00s
[164.123s][info][gc,start       ] GC(394) Pause Young (Allocation Failure)
[164.124s][info][gc,heap        ] GC(394) PSYoungGen: 348384K(348672K)->224K(348672K) Eden: 348160K(348160K)->0K(348160K) From: 224K(512K)->224K(512K)
[164.124s][info][gc,heap        ] GC(394) ParOldGen: 16510K(699392K)->16518K(699392K)
[164.124s][info][gc,metaspace   ] GC(394) Metaspace: 53082K(53632K)->53082K(53632K) NonClass: 45616K(45824K)->45616K(45824K) Class: 7465K(7808K)->7465K(7808K)
[164.124s][info][gc             ] GC(394) Pause Young (Allocation Failure) 356M->16M(1023M) 0.474ms
[164.124s][info][gc,cpu         ] GC(394) User=0.00s Sys=0.00s Real=0.00s
[164.550s][info][gc,start       ] GC(395) Pause Young (System.gc())
[164.551s][info][gc,heap        ] GC(395) PSYoungGen: 324331K(348672K)->224K(348672K) Eden: 324107K(348160K)->0K(348160K) From: 224K(512K)->224K(512K)
[164.551s][info][gc,heap        ] GC(395) ParOldGen: 16518K(699392K)->16534K(699392K)
[164.551s][info][gc,metaspace   ] GC(395) Metaspace: 53102K(53632K)->53102K(53632K) NonClass: 45637K(45824K)->45637K(45824K) Class: 7465K(7808K)->7465K(7808K)
[164.551s][info][gc             ] GC(395) Pause Young (System.gc()) 332M->16M(1023M) 0.468ms
[164.551s][info][gc,cpu         ] GC(395) User=0.00s Sys=0.00s Real=0.00s
[164.551s][info][gc,start       ] GC(396) Pause Full (System.gc())
[164.551s][info][gc,phases,start] GC(396) Marking Phase
[164.568s][info][gc,phases      ] GC(396) Marking Phase 17.477ms
[164.568s][info][gc,phases,start] GC(396) Summary Phase
[164.568s][info][gc,phases      ] GC(396) Summary Phase 0.009ms
[164.568s][info][gc,phases,start] GC(396) Adjust Roots
[164.576s][info][gc,phases      ] GC(396) Adjust Roots 7.171ms
[164.576s][info][gc,phases,start] GC(396) Compaction Phase
[164.579s][info][gc,phases      ] GC(396) Compaction Phase 2.833ms
[164.579s][info][gc,phases,start] GC(396) Post Compact
[164.579s][info][gc,phases      ] GC(396) Post Compact 0.162ms
[164.579s][info][gc,heap        ] GC(396) PSYoungGen: 224K(348672K)->0K(348672K) Eden: 0K(348160K)->0K(348160K) From: 224K(512K)->0K(512K)
[164.579s][info][gc,heap        ] GC(396) ParOldGen: 16534K(699392K)->16021K(699392K)
[164.579s][info][gc,metaspace   ] GC(396) Metaspace: 53102K(53632K)->53102K(53632K) NonClass: 45637K(45824K)->45637K(45824K) Class: 7465K(7808K)->7465K(7808K)
[164.579s][info][gc             ] GC(396) Pause Full (System.gc()) 16M->15M(1023M) 27.898ms
[164.579s][info][gc,cpu         ] GC(396) User=0.03s Sys=0.00s Real=0.03s
[165.035s][info][gc,start       ] GC(397) Pause Young (Allocation Failure)
[165.036s][info][gc,heap        ] GC(397) PSYoungGen: 348160K(348672K)->512K(348672K) Eden: 348160K(348160K)->0K(348160K) From: 0K(512K)->512K(512K)
[165.036s][info][gc,heap        ] GC(397) ParOldGen: 16021K(699392K)->16069K(699392K)
[165.036s][info][gc,metaspace   ] GC(397) Metaspace: 53167K(53696K)->53167K(53696K) NonClass: 45702K(45888K)->45702K(45888K) Class: 7465K(7808K)->7465K(7808K)
[165.036s][info][gc             ] GC(397) Pause Young (Allocation Failure) 355M->16M(1023M) 0.723ms
[165.036s][info][gc,cpu         ] GC(397) User=0.00s Sys=0.00s Real=0.00s
[165.467s][info][gc,start       ] GC(398) Pause Young (Allocation Failure)
[165.468s][info][gc,heap        ] GC(398) PSYoungGen: 348672K(348672K)->256K(347648K) Eden: 348160K(348160K)->0K(347136K) From: 512K(512K)->256K(512K)
[165.468s][info][gc,heap        ] GC(398) ParOldGen: 16069K(699392K)->16445K(699392K)
[165.468s][info][gc,metaspace   ] GC(398) Metaspace: 53167K(53696K)->53167K(53696K) NonClass: 45702K(45888K)->45702K(45888K) Class: 7465K(7808K)->7465K(7808K)
[165.468s][info][gc             ] GC(398) Pause Young (Allocation Failure) 356M->16M(1022M) 0.727ms
[165.468s][info][gc,cpu         ] GC(398) User=0.00s Sys=0.00s Real=0.00s
[165.906s][info][gc,start       ] GC(399) Pause Young (Allocation Failure)
[165.906s][info][gc,heap        ] GC(399) PSYoungGen: 347392K(347648K)->256K(348160K) Eden: 347136K(347136K)->0K(347136K) From: 256K(512K)->256K(1024K)
[165.906s][info][gc,heap        ] GC(399) ParOldGen: 16445K(699392K)->16485K(699392K)
[165.906s][info][gc,metaspace   ] GC(399) Metaspace: 53167K(53696K)->53167K(53696K) NonClass: 45702K(45888K)->45702K(45888K) Class: 7465K(7808K)->7465K(7808K)
[165.906s][info][gc             ] GC(399) Pause Young (Allocation Failure) 355M->16M(1023M) 0.504ms
[165.906s][info][gc,cpu         ] GC(399) User=0.00s Sys=0.00s Real=0.00s
[166.369s][info][gc,start       ] GC(400) Pause Young (Allocation Failure)
[166.370s][info][gc,heap        ] GC(400) PSYoungGen: 347392K(348160K)->224K(348672K) Eden: 347136K(347136K)->0K(348160K) From: 256K(1024K)->224K(512K)
[166.370s][info][gc,heap        ] GC(400) ParOldGen: 16485K(699392K)->16493K(699392K)
[166.370s][info][gc,metaspace   ] GC(400) Metaspace: 53168K(53696K)->53168K(53696K) NonClass: 45702K(45888K)->45702K(45888K) Class: 7465K(7808K)->7465K(7808K)
[166.370s][info][gc             ] GC(400) Pause Young (Allocation Failure) 355M->16M(1023M) 0.659ms
[166.370s][info][gc,cpu         ] GC(400) User=0.00s Sys=0.00s Real=0.00s
[166.811s][info][gc,start       ] GC(401) Pause Young (Allocation Failure)
[166.812s][info][gc,heap        ] GC(401) PSYoungGen: 348384K(348672K)->224K(348672K) Eden: 348160K(348160K)->0K(348160K) From: 224K(512K)->224K(512K)
[166.812s][info][gc,heap        ] GC(401) ParOldGen: 16493K(699392K)->16533K(699392K)
[166.812s][info][gc,metaspace   ] GC(401) Metaspace: 53168K(53696K)->53168K(53696K) NonClass: 45702K(45888K)->45702K(45888K) Class: 7465K(7808K)->7465K(7808K)
[166.812s][info][gc             ] GC(401) Pause Young (Allocation Failure) 356M->16M(1023M) 0.537ms
[166.812s][info][gc,cpu         ] GC(401) User=0.00s Sys=0.00s Real=0.00s
[167.238s][info][gc,start       ] GC(402) Pause Young (Allocation Failure)
[167.238s][info][gc,heap        ] GC(402) PSYoungGen: 348384K(348672K)->288K(348672K) Eden: 348160K(348160K)->0K(348160K) From: 224K(512K)->288K(512K)
[167.238s][info][gc,heap        ] GC(402) ParOldGen: 16533K(699392K)->16541K(699392K)
[167.238s][info][gc,metaspace   ] GC(402) Metaspace: 53168K(53696K)->53168K(53696K) NonClass: 45702K(45888K)->45702K(45888K) Class: 7465K(7808K)->7465K(7808K)
[167.238s][info][gc             ] GC(402) Pause Young (Allocation Failure) 356M->16M(1023M) 0.524ms
[167.238s][info][gc,cpu         ] GC(402) User=0.00s Sys=0.00s Real=0.00s
[167.679s][info][gc,start       ] GC(403) Pause Young (Allocation Failure)
[167.679s][info][gc,heap        ] GC(403) PSYoungGen: 348448K(348672K)->224K(348672K) Eden: 348160K(348160K)->0K(348160K) From: 288K(512K)->224K(512K)
[167.679s][info][gc,heap        ] GC(403) ParOldGen: 16541K(699392K)->16541K(699392K)
[167.679s][info][gc,metaspace   ] GC(403) Metaspace: 53168K(53696K)->53168K(53696K) NonClass: 45702K(45888K)->45702K(45888K) Class: 7465K(7808K)->7465K(7808K)
[167.679s][info][gc             ] GC(403) Pause Young (Allocation Failure) 356M->16M(1023M) 0.503ms
[167.679s][info][gc,cpu         ] GC(403) User=0.00s Sys=0.00s Real=0.00s
[168.103s][info][gc,start       ] GC(404) Pause Young (System.gc())
[168.104s][info][gc,heap        ] GC(404) PSYoungGen: 327759K(348672K)->256K(348672K) Eden: 327535K(348160K)->0K(348160K) From: 224K(512K)->256K(512K)
[168.104s][info][gc,heap        ] GC(404) ParOldGen: 16541K(699392K)->16581K(699392K)
[168.104s][info][gc,metaspace   ] GC(404) Metaspace: 53169K(53696K)->53169K(53696K) NonClass: 45703K(45888K)->45703K(45888K) Class: 7465K(7808K)->7465K(7808K)
[168.104s][info][gc             ] GC(404) Pause Young (System.gc()) 336M->16M(1023M) 0.467ms
[168.104s][info][gc,cpu         ] GC(404) User=0.00s Sys=0.00s Real=0.00s
[168.104s][info][gc,start       ] GC(405) Pause Full (System.gc())
[168.104s][info][gc,phases,start] GC(405) Marking Phase
[168.121s][info][gc,phases      ] GC(405) Marking Phase 17.203ms
[168.121s][info][gc,phases,start] GC(405) Summary Phase
[168.121s][info][gc,phases      ] GC(405) Summary Phase 0.009ms
[168.121s][info][gc,phases,start] GC(405) Adjust Roots
[168.129s][info][gc,phases      ] GC(405) Adjust Roots 8.033ms
[168.129s][info][gc,phases,start] GC(405) Compaction Phase
[168.132s][info][gc,phases      ] GC(405) Compaction Phase 3.151ms
[168.132s][info][gc,phases,start] GC(405) Post Compact
[168.132s][info][gc,phases      ] GC(405) Post Compact 0.166ms
[168.132s][info][gc,heap        ] GC(405) PSYoungGen: 256K(348672K)->0K(348672K) Eden: 0K(348160K)->0K(348160K) From: 256K(512K)->0K(512K)
[168.132s][info][gc,heap        ] GC(405) ParOldGen: 16581K(699392K)->16019K(699392K)
[168.132s][info][gc,metaspace   ] GC(405) Metaspace: 53169K(53696K)->53169K(53696K) NonClass: 45703K(45888K)->45703K(45888K) Class: 7465K(7808K)->7465K(7808K)
[168.132s][info][gc             ] GC(405) Pause Full (System.gc()) 16M->15M(1023M) 28.782ms
[168.132s][info][gc,cpu         ] GC(405) User=0.02s Sys=0.00s Real=0.02s
[168.587s][info][gc,start       ] GC(406) Pause Young (Allocation Failure)
[168.588s][info][gc,heap        ] GC(406) PSYoungGen: 348160K(348672K)->512K(348672K) Eden: 348160K(348160K)->0K(348160K) From: 0K(512K)->512K(512K)
[168.588s][info][gc,heap        ] GC(406) ParOldGen: 16019K(699392K)->16051K(699392K)
[168.588s][info][gc,metaspace   ] GC(406) Metaspace: 53223K(53824K)->53223K(53824K) NonClass: 45757K(46016K)->45757K(46016K) Class: 7465K(7808K)->7465K(7808K)
[168.588s][info][gc             ] GC(406) Pause Young (Allocation Failure) 355M->16M(1023M) 0.865ms
[168.588s][info][gc,cpu         ] GC(406) User=0.00s Sys=0.00s Real=0.00s
[169.015s][info][gc,start       ] GC(407) Pause Young (Allocation Failure)
[169.016s][info][gc,heap        ] GC(407) PSYoungGen: 348672K(348672K)->224K(347648K) Eden: 348160K(348160K)->0K(347136K) From: 512K(512K)->224K(512K)
[169.016s][info][gc,heap        ] GC(407) ParOldGen: 16051K(699392K)->16435K(699392K)
[169.016s][info][gc,metaspace   ] GC(407) Metaspace: 53223K(53824K)->53223K(53824K) NonClass: 45757K(46016K)->45757K(46016K) Class: 7465K(7808K)->7465K(7808K)
[169.016s][info][gc             ] GC(407) Pause Young (Allocation Failure) 356M->16M(1022M) 0.699ms
[169.016s][info][gc,cpu         ] GC(407) User=0.00s Sys=0.00s Real=0.00s
[169.442s][info][gc,start       ] GC(408) Pause Young (Allocation Failure)
[169.442s][info][gc,heap        ] GC(408) PSYoungGen: 347360K(347648K)->288K(348160K) Eden: 347136K(347136K)->0K(347136K) From: 224K(512K)->288K(1024K)
[169.442s][info][gc,heap        ] GC(408) ParOldGen: 16435K(699392K)->16443K(699392K)
[169.442s][info][gc,metaspace   ] GC(408) Metaspace: 53223K(53824K)->53223K(53824K) NonClass: 45757K(46016K)->45757K(46016K) Class: 7465K(7808K)->7465K(7808K)
[169.443s][info][gc             ] GC(408) Pause Young (Allocation Failure) 355M->16M(1023M) 0.543ms
[169.443s][info][gc,cpu         ] GC(408) User=0.00s Sys=0.00s Real=0.00s
[169.871s][info][gc,start       ] GC(409) Pause Young (Allocation Failure)
[169.872s][info][gc,heap        ] GC(409) PSYoungGen: 347424K(348160K)->224K(348672K) Eden: 347136K(347136K)->0K(348160K) From: 288K(1024K)->224K(512K)
[169.872s][info][gc,heap        ] GC(409) ParOldGen: 16443K(699392K)->16483K(699392K)
[169.872s][info][gc,metaspace   ] GC(409) Metaspace: 53224K(53824K)->53224K(53824K) NonClass: 45758K(46016K)->45758K(46016K) Class: 7465K(7808K)->7465K(7808K)
[169.872s][info][gc             ] GC(409) Pause Young (Allocation Failure) 355M->16M(1023M) 0.494ms
[169.872s][info][gc,cpu         ] GC(409) User=0.00s Sys=0.00s Real=0.00s
[170.297s][info][gc,start       ] GC(410) Pause Young (Allocation Failure)
[170.297s][info][gc,heap        ] GC(410) PSYoungGen: 348384K(348672K)->224K(348672K) Eden: 348160K(348160K)->0K(348160K) From: 224K(512K)->224K(512K)
[170.297s][info][gc,heap        ] GC(410) ParOldGen: 16483K(699392K)->16499K(699392K)
[170.297s][info][gc,metaspace   ] GC(410) Metaspace: 53224K(53824K)->53224K(53824K) NonClass: 45758K(46016K)->45758K(46016K) Class: 7465K(7808K)->7465K(7808K)
[170.297s][info][gc             ] GC(410) Pause Young (Allocation Failure) 356M->16M(1023M) 0.493ms
[170.297s][info][gc,cpu         ] GC(410) User=0.00s Sys=0.00s Real=0.00s
[170.731s][info][gc,start       ] GC(411) Pause Young (Allocation Failure)
[170.731s][info][gc,heap        ] GC(411) PSYoungGen: 348384K(348672K)->224K(348672K) Eden: 348160K(348160K)->0K(348160K) From: 224K(512K)->224K(512K)
[170.731s][info][gc,heap        ] GC(411) ParOldGen: 16499K(699392K)->16539K(699392K)
[170.731s][info][gc,metaspace   ] GC(411) Metaspace: 53224K(53824K)->53224K(53824K) NonClass: 45758K(46016K)->45758K(46016K) Class: 7465K(7808K)->7465K(7808K)
[170.731s][info][gc             ] GC(411) Pause Young (Allocation Failure) 356M->16M(1023M) 0.504ms
[170.731s][info][gc,cpu         ] GC(411) User=0.00s Sys=0.00s Real=0.00s
[171.148s][info][gc,start       ] GC(412) Pause Young (Allocation Failure)
[171.148s][info][gc,heap        ] GC(412) PSYoungGen: 348384K(348672K)->256K(348672K) Eden: 348160K(348160K)->0K(348160K) From: 224K(512K)->256K(512K)
[171.148s][info][gc,heap        ] GC(412) ParOldGen: 16539K(699392K)->16547K(699392K)
[171.148s][info][gc,metaspace   ] GC(412) Metaspace: 53224K(53824K)->53224K(53824K) NonClass: 45758K(46016K)->45758K(46016K) Class: 7465K(7808K)->7465K(7808K)
[171.148s][info][gc             ] GC(412) Pause Young (Allocation Failure) 356M->16M(1023M) 0.497ms
[171.148s][info][gc,cpu         ] GC(412) User=0.00s Sys=0.00s Real=0.00s
[171.565s][info][gc,start       ] GC(413) Pause Young (System.gc())
[171.565s][info][gc,heap        ] GC(413) PSYoungGen: 326841K(348672K)->256K(348672K) Eden: 326585K(348160K)->0K(348160K) From: 256K(512K)->256K(512K)
[171.565s][info][gc,heap        ] GC(413) ParOldGen: 16547K(699392K)->16571K(699392K)
[171.565s][info][gc,metaspace   ] GC(413) Metaspace: 53225K(53824K)->53225K(53824K) NonClass: 45759K(46016K)->45759K(46016K) Class: 7465K(7808K)->7465K(7808K)
[171.565s][info][gc             ] GC(413) Pause Young (System.gc()) 335M->16M(1023M) 0.496ms
[171.565s][info][gc,cpu         ] GC(413) User=0.00s Sys=0.00s Real=0.00s
[171.566s][info][gc,start       ] GC(414) Pause Full (System.gc())
[171.566s][info][gc,phases,start] GC(414) Marking Phase
[171.583s][info][gc,phases      ] GC(414) Marking Phase 17.365ms
[171.583s][info][gc,phases,start] GC(414) Summary Phase
[171.583s][info][gc,phases      ] GC(414) Summary Phase 0.009ms
[171.583s][info][gc,phases,start] GC(414) Adjust Roots
[171.591s][info][gc,phases      ] GC(414) Adjust Roots 7.701ms
[171.591s][info][gc,phases,start] GC(414) Compaction Phase
[171.594s][info][gc,phases      ] GC(414) Compaction Phase 3.062ms
[171.594s][info][gc,phases,start] GC(414) Post Compact
[171.594s][info][gc,phases      ] GC(414) Post Compact 0.179ms
[171.594s][info][gc,heap        ] GC(414) PSYoungGen: 256K(348672K)->0K(348672K) Eden: 0K(348160K)->0K(348160K) From: 256K(512K)->0K(512K)
[171.594s][info][gc,heap        ] GC(414) ParOldGen: 16571K(699392K)->16022K(699392K)
[171.594s][info][gc,metaspace   ] GC(414) Metaspace: 53225K(53824K)->53225K(53824K) NonClass: 45759K(46016K)->45759K(46016K) Class: 7465K(7808K)->7465K(7808K)
[171.594s][info][gc             ] GC(414) Pause Full (System.gc()) 16M->15M(1023M) 28.539ms
[171.594s][info][gc,cpu         ] GC(414) User=0.02s Sys=0.00s Real=0.02s
[172.040s][info][gc,start       ] GC(415) Pause Young (Allocation Failure)
[172.040s][info][gc,heap        ] GC(415) PSYoungGen: 348160K(348672K)->512K(348672K) Eden: 348160K(348160K)->0K(348160K) From: 0K(512K)->512K(512K)
[172.040s][info][gc,heap        ] GC(415) ParOldGen: 16022K(699392K)->16070K(699392K)
[172.040s][info][gc,metaspace   ] GC(415) Metaspace: 53272K(53888K)->53272K(53888K) NonClass: 45806K(46080K)->45806K(46080K) Class: 7465K(7808K)->7465K(7808K)
[172.040s][info][gc             ] GC(415) Pause Young (Allocation Failure) 355M->16M(1023M) 0.744ms
[172.041s][info][gc,cpu         ] GC(415) User=0.00s Sys=0.00s Real=0.00s
[172.463s][info][gc,start       ] GC(416) Pause Young (Allocation Failure)
[172.464s][info][gc,heap        ] GC(416) PSYoungGen: 348672K(348672K)->224K(347648K) Eden: 348160K(348160K)->0K(347136K) From: 512K(512K)->224K(512K)
[172.464s][info][gc,heap        ] GC(416) ParOldGen: 16070K(699392K)->16446K(699392K)
[172.464s][info][gc,metaspace   ] GC(416) Metaspace: 53272K(53888K)->53272K(53888K) NonClass: 45806K(46080K)->45806K(46080K) Class: 7465K(7808K)->7465K(7808K)
[172.464s][info][gc             ] GC(416) Pause Young (Allocation Failure) 356M->16M(1022M) 0.893ms
[172.464s][info][gc,cpu         ] GC(416) User=0.00s Sys=0.00s Real=0.00s
[172.898s][info][gc,start       ] GC(417) Pause Young (Allocation Failure)
[172.898s][info][gc,heap        ] GC(417) PSYoungGen: 347360K(347648K)->256K(348160K) Eden: 347136K(347136K)->0K(347136K) From: 224K(512K)->256K(1024K)
[172.898s][info][gc,heap        ] GC(417) ParOldGen: 16446K(699392K)->16486K(699392K)
[172.898s][info][gc,metaspace   ] GC(417) Metaspace: 53272K(53888K)->53272K(53888K) NonClass: 45806K(46080K)->45806K(46080K) Class: 7465K(7808K)->7465K(7808K)
[172.898s][info][gc             ] GC(417) Pause Young (Allocation Failure) 355M->16M(1023M) 0.552ms
[172.899s][info][gc,cpu         ] GC(417) User=0.00s Sys=0.00s Real=0.00s
[173.317s][info][gc,start       ] GC(418) Pause Young (Allocation Failure)
[173.317s][info][gc,heap        ] GC(418) PSYoungGen: 347392K(348160K)->256K(348672K) Eden: 347136K(347136K)->0K(348160K) From: 256K(1024K)->256K(512K)
[173.317s][info][gc,heap        ] GC(418) ParOldGen: 16486K(699392K)->16486K(699392K)
[173.317s][info][gc,metaspace   ] GC(418) Metaspace: 53275K(53888K)->53275K(53888K) NonClass: 45809K(46080K)->45809K(46080K) Class: 7465K(7808K)->7465K(7808K)
[173.317s][info][gc             ] GC(418) Pause Young (Allocation Failure) 355M->16M(1023M) 0.481ms
[173.317s][info][gc,cpu         ] GC(418) User=0.00s Sys=0.00s Real=0.00s
[173.744s][info][gc,start       ] GC(419) Pause Young (Allocation Failure)
[173.745s][info][gc,heap        ] GC(419) PSYoungGen: 348416K(348672K)->256K(348672K) Eden: 348160K(348160K)->0K(348160K) From: 256K(512K)->256K(512K)
[173.745s][info][gc,heap        ] GC(419) ParOldGen: 16486K(699392K)->16534K(699392K)
[173.745s][info][gc,metaspace   ] GC(419) Metaspace: 53275K(53888K)->53275K(53888K) NonClass: 45809K(46080K)->45809K(46080K) Class: 7465K(7808K)->7465K(7808K)
[173.745s][info][gc             ] GC(419) Pause Young (Allocation Failure) 356M->16M(1023M) 0.528ms
[173.745s][info][gc,cpu         ] GC(419) User=0.00s Sys=0.00s Real=0.00s
[174.161s][info][gc,start       ] GC(420) Pause Young (Allocation Failure)
[174.161s][info][gc,heap        ] GC(420) PSYoungGen: 348416K(348672K)->256K(348672K) Eden: 348160K(348160K)->0K(348160K) From: 256K(512K)->256K(512K)
[174.161s][info][gc,heap        ] GC(420) ParOldGen: 16534K(699392K)->16550K(699392K)
[174.161s][info][gc,metaspace   ] GC(420) Metaspace: 53275K(53888K)->53275K(53888K) NonClass: 45809K(46080K)->45809K(46080K) Class: 7465K(7808K)->7465K(7808K)
[174.161s][info][gc             ] GC(420) Pause Young (Allocation Failure) 356M->16M(1023M) 0.468ms
[174.161s][info][gc,cpu         ] GC(420) User=0.00s Sys=0.00s Real=0.00s
[174.579s][info][gc,start       ] GC(421) Pause Young (Allocation Failure)
[174.579s][info][gc,heap        ] GC(421) PSYoungGen: 348416K(348672K)->256K(348672K) Eden: 348160K(348160K)->0K(348160K) From: 256K(512K)->256K(512K)
[174.579s][info][gc,heap        ] GC(421) ParOldGen: 16550K(699392K)->16558K(699392K)
[174.579s][info][gc,metaspace   ] GC(421) Metaspace: 53275K(53888K)->53275K(53888K) NonClass: 45809K(46080K)->45809K(46080K) Class: 7465K(7808K)->7465K(7808K)
[174.579s][info][gc             ] GC(421) Pause Young (Allocation Failure) 356M->16M(1023M) 0.461ms
[174.579s][info][gc,cpu         ] GC(421) User=0.00s Sys=0.00s Real=0.00s
[175.002s][info][gc,start       ] GC(422) Pause Young (System.gc())
[175.002s][info][gc,heap        ] GC(422) PSYoungGen: 324035K(348672K)->256K(348672K) Eden: 323779K(348160K)->0K(348160K) From: 256K(512K)->256K(512K)
[175.002s][info][gc,heap        ] GC(422) ParOldGen: 16558K(699392K)->16598K(699392K)
[175.002s][info][gc,metaspace   ] GC(422) Metaspace: 53283K(53888K)->53283K(53888K) NonClass: 45817K(46080K)->45817K(46080K) Class: 7465K(7808K)->7465K(7808K)
[175.003s][info][gc             ] GC(422) Pause Young (System.gc()) 332M->16M(1023M) 0.519ms
[175.003s][info][gc,cpu         ] GC(422) User=0.00s Sys=0.00s Real=0.00s
[175.003s][info][gc,start       ] GC(423) Pause Full (System.gc())
[175.003s][info][gc,phases,start] GC(423) Marking Phase
[175.020s][info][gc,phases      ] GC(423) Marking Phase 17.232ms
[175.020s][info][gc,phases,start] GC(423) Summary Phase
[175.020s][info][gc,phases      ] GC(423) Summary Phase 0.009ms
[175.020s][info][gc,phases,start] GC(423) Adjust Roots
[175.028s][info][gc,phases      ] GC(423) Adjust Roots 7.806ms
[175.028s][info][gc,phases,start] GC(423) Compaction Phase
[175.031s][info][gc,phases      ] GC(423) Compaction Phase 2.850ms
[175.031s][info][gc,phases,start] GC(423) Post Compact
[175.031s][info][gc,phases      ] GC(423) Post Compact 0.163ms
[175.031s][info][gc,heap        ] GC(423) PSYoungGen: 256K(348672K)->0K(348672K) Eden: 0K(348160K)->0K(348160K) From: 256K(512K)->0K(512K)
[175.031s][info][gc,heap        ] GC(423) ParOldGen: 16598K(699392K)->16051K(699392K)
[175.031s][info][gc,metaspace   ] GC(423) Metaspace: 53283K(53888K)->53283K(53888K) NonClass: 45817K(46080K)->45817K(46080K) Class: 7465K(7808K)->7465K(7808K)
[175.031s][info][gc             ] GC(423) Pause Full (System.gc()) 16M->15M(1023M) 28.286ms
[175.031s][info][gc,cpu         ] GC(423) User=0.00s Sys=0.00s Real=0.02s
[175.462s][info][gc,start       ] GC(424) Pause Young (Allocation Failure)
[175.463s][info][gc,heap        ] GC(424) PSYoungGen: 348160K(348672K)->512K(348672K) Eden: 348160K(348160K)->0K(348160K) From: 0K(512K)->512K(512K)
[175.463s][info][gc,heap        ] GC(424) ParOldGen: 16051K(699392K)->16091K(699392K)
[175.463s][info][gc,metaspace   ] GC(424) Metaspace: 53318K(53888K)->53318K(53888K) NonClass: 45852K(46080K)->45852K(46080K) Class: 7465K(7808K)->7465K(7808K)
[175.463s][info][gc             ] GC(424) Pause Young (Allocation Failure) 355M->16M(1023M) 0.719ms
[175.463s][info][gc,cpu         ] GC(424) User=0.00s Sys=0.00s Real=0.00s
[175.888s][info][gc,start       ] GC(425) Pause Young (Allocation Failure)
[175.889s][info][gc,heap        ] GC(425) PSYoungGen: 348672K(348672K)->192K(348672K) Eden: 348160K(348160K)->0K(348160K) From: 512K(512K)->192K(512K)
[175.889s][info][gc,heap        ] GC(425) ParOldGen: 16091K(699392K)->16483K(699392K)
[175.889s][info][gc,metaspace   ] GC(425) Metaspace: 53318K(53888K)->53318K(53888K) NonClass: 45852K(46080K)->45852K(46080K) Class: 7465K(7808K)->7465K(7808K)
[175.889s][info][gc             ] GC(425) Pause Young (Allocation Failure) 356M->16M(1023M) 0.687ms
[175.889s][info][gc,cpu         ] GC(425) User=0.00s Sys=0.00s Real=0.00s
[176.304s][info][gc,start       ] GC(426) Pause Young (Allocation Failure)
[176.305s][info][gc,heap        ] GC(426) PSYoungGen: 348352K(348672K)->288K(348672K) Eden: 348160K(348160K)->0K(348160K) From: 192K(512K)->288K(512K)
[176.305s][info][gc,heap        ] GC(426) ParOldGen: 16483K(699392K)->16483K(699392K)
[176.305s][info][gc,metaspace   ] GC(426) Metaspace: 53318K(53888K)->53318K(53888K) NonClass: 45852K(46080K)->45852K(46080K) Class: 7465K(7808K)->7465K(7808K)
[176.305s][info][gc             ] GC(426) Pause Young (Allocation Failure) 356M->16M(1023M) 0.522ms
[176.305s][info][gc,cpu         ] GC(426) User=0.00s Sys=0.00s Real=0.00s
[176.730s][info][gc,start       ] GC(427) Pause Young (Allocation Failure)
[176.730s][info][gc,heap        ] GC(427) PSYoungGen: 348448K(348672K)->256K(348672K) Eden: 348160K(348160K)->0K(348160K) From: 288K(512K)->256K(512K)
[176.730s][info][gc,heap        ] GC(427) ParOldGen: 16483K(699392K)->16523K(699392K)
[176.730s][info][gc,metaspace   ] GC(427) Metaspace: 53318K(53888K)->53318K(53888K) NonClass: 45852K(46080K)->45852K(46080K) Class: 7465K(7808K)->7465K(7808K)
[176.730s][info][gc             ] GC(427) Pause Young (Allocation Failure) 356M->16M(1023M) 0.538ms
[176.730s][info][gc,cpu         ] GC(427) User=0.00s Sys=0.00s Real=0.00s
[177.141s][info][gc,start       ] GC(428) Pause Young (Allocation Failure)
[177.141s][info][gc,heap        ] GC(428) PSYoungGen: 348416K(348672K)->224K(348672K) Eden: 348160K(348160K)->0K(348160K) From: 256K(512K)->224K(512K)
[177.141s][info][gc,heap        ] GC(428) ParOldGen: 16523K(699392K)->16539K(699392K)
[177.141s][info][gc,metaspace   ] GC(428) Metaspace: 53318K(53888K)->53318K(53888K) NonClass: 45852K(46080K)->45852K(46080K) Class: 7465K(7808K)->7465K(7808K)
[177.141s][info][gc             ] GC(428) Pause Young (Allocation Failure) 356M->16M(1023M) 0.541ms
[177.141s][info][gc,cpu         ] GC(428) User=0.00s Sys=0.00s Real=0.00s
[177.567s][info][gc,start       ] GC(429) Pause Young (Allocation Failure)
[177.567s][info][gc,heap        ] GC(429) PSYoungGen: 348384K(348672K)->256K(348672K) Eden: 348160K(348160K)->0K(348160K) From: 224K(512K)->256K(512K)
[177.567s][info][gc,heap        ] GC(429) ParOldGen: 16539K(699392K)->16555K(699392K)
[177.567s][info][gc,metaspace   ] GC(429) Metaspace: 53318K(53888K)->53318K(53888K) NonClass: 45852K(46080K)->45852K(46080K) Class: 7465K(7808K)->7465K(7808K)
[177.567s][info][gc             ] GC(429) Pause Young (Allocation Failure) 356M->16M(1023M) 0.490ms
[177.567s][info][gc,cpu         ] GC(429) User=0.00s Sys=0.00s Real=0.00s
[178.005s][info][gc,start       ] GC(430) Pause Young (Allocation Failure)
[178.005s][info][gc,heap        ] GC(430) PSYoungGen: 348416K(348672K)->256K(348672K) Eden: 348160K(348160K)->0K(348160K) From: 256K(512K)->256K(512K)
[178.005s][info][gc,heap        ] GC(430) ParOldGen: 16555K(699392K)->16587K(699392K)
[178.005s][info][gc,metaspace   ] GC(430) Metaspace: 53318K(53888K)->53318K(53888K) NonClass: 45852K(46080K)->45852K(46080K) Class: 7465K(7808K)->7465K(7808K)
[178.005s][info][gc             ] GC(430) Pause Young (Allocation Failure) 356M->16M(1023M) 0.609ms
[178.005s][info][gc,cpu         ] GC(430) User=0.00s Sys=0.00s Real=0.00s
[178.452s][info][gc,start       ] GC(431) Pause Young (System.gc())
[178.452s][info][gc,heap        ] GC(431) PSYoungGen: 322249K(348672K)->320K(348672K) Eden: 321993K(348160K)->0K(348160K) From: 256K(512K)->320K(512K)
[178.452s][info][gc,heap        ] GC(431) ParOldGen: 16587K(699392K)->16587K(699392K)
[178.452s][info][gc,metaspace   ] GC(431) Metaspace: 53323K(53888K)->53323K(53888K) NonClass: 45858K(46080K)->45858K(46080K) Class: 7465K(7808K)->7465K(7808K)
[178.452s][info][gc             ] GC(431) Pause Young (System.gc()) 330M->16M(1023M) 0.618ms
[178.452s][info][gc,cpu         ] GC(431) User=0.00s Sys=0.00s Real=0.00s
[178.452s][info][gc,start       ] GC(432) Pause Full (System.gc())
[178.452s][info][gc,phases,start] GC(432) Marking Phase
[178.472s][info][gc,phases      ] GC(432) Marking Phase 19.413ms
[178.472s][info][gc,phases,start] GC(432) Summary Phase
[178.472s][info][gc,phases      ] GC(432) Summary Phase 0.009ms
[178.472s][info][gc,phases,start] GC(432) Adjust Roots
[178.479s][info][gc,phases      ] GC(432) Adjust Roots 7.421ms
[178.479s][info][gc,phases,start] GC(432) Compaction Phase
[178.483s][info][gc,phases      ] GC(432) Compaction Phase 3.270ms
[178.483s][info][gc,phases,start] GC(432) Post Compact
[178.483s][info][gc,phases      ] GC(432) Post Compact 0.208ms
[178.483s][info][gc,heap        ] GC(432) PSYoungGen: 320K(348672K)->0K(348672K) Eden: 0K(348160K)->0K(348160K) From: 320K(512K)->0K(512K)
[178.483s][info][gc,heap        ] GC(432) ParOldGen: 16587K(699392K)->16108K(699392K)
[178.483s][info][gc,metaspace   ] GC(432) Metaspace: 53323K(53888K)->53323K(53888K) NonClass: 45858K(46080K)->45858K(46080K) Class: 7465K(7808K)->7465K(7808K)
[178.483s][info][gc             ] GC(432) Pause Full (System.gc()) 16M->15M(1023M) 30.547ms
[178.483s][info][gc,cpu         ] GC(432) User=0.00s Sys=0.00s Real=0.02s
[178.962s][info][gc,start       ] GC(433) Pause Young (Allocation Failure)
[178.962s][info][gc,heap        ] GC(433) PSYoungGen: 348160K(348672K)->512K(348672K) Eden: 348160K(348160K)->0K(348160K) From: 0K(512K)->512K(512K)
[178.962s][info][gc,heap        ] GC(433) ParOldGen: 16108K(699392K)->16124K(699392K)
[178.962s][info][gc,metaspace   ] GC(433) Metaspace: 53361K(53952K)->53361K(53952K) NonClass: 45895K(46144K)->45895K(46144K) Class: 7465K(7808K)->7465K(7808K)
[178.962s][info][gc             ] GC(433) Pause Young (Allocation Failure) 355M->16M(1023M) 0.728ms
[178.962s][info][gc,cpu         ] GC(433) User=0.00s Sys=0.00s Real=0.00s
[179.383s][info][gc,start       ] GC(434) Pause Young (Allocation Failure)
[179.384s][info][gc,heap        ] GC(434) PSYoungGen: 348672K(348672K)->192K(347648K) Eden: 348160K(348160K)->0K(347136K) From: 512K(512K)->192K(512K)
[179.384s][info][gc,heap        ] GC(434) ParOldGen: 16124K(699392K)->16428K(699392K)
[179.384s][info][gc,metaspace   ] GC(434) Metaspace: 53361K(53952K)->53361K(53952K) NonClass: 45895K(46144K)->45895K(46144K) Class: 7465K(7808K)->7465K(7808K)
[179.384s][info][gc             ] GC(434) Pause Young (Allocation Failure) 356M->16M(1022M) 0.804ms
[179.384s][info][gc,cpu         ] GC(434) User=0.00s Sys=0.00s Real=0.00s
[179.822s][info][gc,start       ] GC(435) Pause Young (Allocation Failure)
[179.822s][info][gc,heap        ] GC(435) PSYoungGen: 347328K(347648K)->256K(348160K) Eden: 347136K(347136K)->0K(347136K) From: 192K(512K)->256K(1024K)
[179.822s][info][gc,heap        ] GC(435) ParOldGen: 16428K(699392K)->16468K(699392K)
[179.822s][info][gc,metaspace   ] GC(435) Metaspace: 53361K(53952K)->53361K(53952K) NonClass: 45895K(46144K)->45895K(46144K) Class: 7465K(7808K)->7465K(7808K)
[179.822s][info][gc             ] GC(435) Pause Young (Allocation Failure) 355M->16M(1023M) 0.484ms
[179.822s][info][gc,cpu         ] GC(435) User=0.00s Sys=0.00s Real=0.00s
[180.244s][info][gc,start       ] GC(436) Pause Young (Allocation Failure)
[180.244s][info][gc,heap        ] GC(436) PSYoungGen: 347392K(348160K)->288K(348672K) Eden: 347136K(347136K)->0K(348160K) From: 256K(1024K)->288K(512K)
[180.244s][info][gc,heap        ] GC(436) ParOldGen: 16468K(699392K)->16468K(699392K)
[180.244s][info][gc,metaspace   ] GC(436) Metaspace: 53361K(53952K)->53361K(53952K) NonClass: 45895K(46144K)->45895K(46144K) Class: 7465K(7808K)->7465K(7808K)
[180.244s][info][gc             ] GC(436) Pause Young (Allocation Failure) 355M->16M(1023M) 0.504ms
[180.244s][info][gc,cpu         ] GC(436) User=0.00s Sys=0.00s Real=0.00s
[180.682s][info][gc,start       ] GC(437) Pause Young (Allocation Failure)
[180.682s][info][gc,heap        ] GC(437) PSYoungGen: 348448K(348672K)->288K(348672K) Eden: 348160K(348160K)->0K(348160K) From: 288K(512K)->288K(512K)
[180.682s][info][gc,heap        ] GC(437) ParOldGen: 16468K(699392K)->16516K(699392K)
[180.682s][info][gc,metaspace   ] GC(437) Metaspace: 53361K(53952K)->53361K(53952K) NonClass: 45895K(46144K)->45895K(46144K) Class: 7465K(7808K)->7465K(7808K)
[180.682s][info][gc             ] GC(437) Pause Young (Allocation Failure) 356M->16M(1023M) 0.484ms
[180.682s][info][gc,cpu         ] GC(437) User=0.00s Sys=0.00s Real=0.00s
[181.108s][info][gc,start       ] GC(438) Pause Young (Allocation Failure)
[181.109s][info][gc,heap        ] GC(438) PSYoungGen: 348448K(348672K)->288K(348672K) Eden: 348160K(348160K)->0K(348160K) From: 288K(512K)->288K(512K)
[181.109s][info][gc,heap        ] GC(438) ParOldGen: 16516K(699392K)->16556K(699392K)
[181.109s][info][gc,metaspace   ] GC(438) Metaspace: 53361K(53952K)->53361K(53952K) NonClass: 45895K(46144K)->45895K(46144K) Class: 7465K(7808K)->7465K(7808K)
[181.109s][info][gc             ] GC(438) Pause Young (Allocation Failure) 356M->16M(1023M) 0.570ms
[181.109s][info][gc,cpu         ] GC(438) User=0.00s Sys=0.00s Real=0.00s
[181.539s][info][gc,start       ] GC(439) Pause Young (Allocation Failure)
[181.540s][info][gc,heap        ] GC(439) PSYoungGen: 348448K(348672K)->224K(348672K) Eden: 348160K(348160K)->0K(348160K) From: 288K(512K)->224K(512K)
[181.540s][info][gc,heap        ] GC(439) ParOldGen: 16556K(699392K)->16556K(699392K)
[181.540s][info][gc,metaspace   ] GC(439) Metaspace: 53361K(53952K)->53361K(53952K) NonClass: 45895K(46144K)->45895K(46144K) Class: 7465K(7808K)->7465K(7808K)
[181.540s][info][gc             ] GC(439) Pause Young (Allocation Failure) 356M->16M(1023M) 0.530ms
[181.540s][info][gc,cpu         ] GC(439) User=0.00s Sys=0.00s Real=0.00s
[181.974s][info][gc,start       ] GC(440) Pause Young (System.gc())
[181.975s][info][gc,heap        ] GC(440) PSYoungGen: 324912K(348672K)->384K(348672K) Eden: 324688K(348160K)->0K(348160K) From: 224K(512K)->384K(512K)
[181.975s][info][gc,heap        ] GC(440) ParOldGen: 16556K(699392K)->16604K(699392K)
[181.975s][info][gc,metaspace   ] GC(440) Metaspace: 53371K(53952K)->53371K(53952K) NonClass: 45905K(46144K)->45905K(46144K) Class: 7465K(7808K)->7465K(7808K)
[181.975s][info][gc             ] GC(440) Pause Young (System.gc()) 333M->16M(1023M) 0.966ms
[181.975s][info][gc,cpu         ] GC(440) User=0.00s Sys=0.00s Real=0.00s
[181.975s][info][gc,start       ] GC(441) Pause Full (System.gc())
[181.975s][info][gc,phases,start] GC(441) Marking Phase
[181.993s][info][gc,phases      ] GC(441) Marking Phase 17.449ms
[181.993s][info][gc,phases,start] GC(441) Summary Phase
[181.993s][info][gc,phases      ] GC(441) Summary Phase 0.009ms
[181.993s][info][gc,phases,start] GC(441) Adjust Roots
[182.000s][info][gc,phases      ] GC(441) Adjust Roots 7.375ms
[182.000s][info][gc,phases,start] GC(441) Compaction Phase
[182.004s][info][gc,phases      ] GC(441) Compaction Phase 3.196ms
[182.004s][info][gc,phases,start] GC(441) Post Compact
[182.004s][info][gc,phases      ] GC(441) Post Compact 0.161ms
[182.004s][info][gc,heap        ] GC(441) PSYoungGen: 384K(348672K)->0K(348672K) Eden: 0K(348160K)->0K(348160K) From: 384K(512K)->0K(512K)
[182.004s][info][gc,heap        ] GC(441) ParOldGen: 16604K(699392K)->16116K(699392K)
[182.004s][info][gc,metaspace   ] GC(441) Metaspace: 53371K(53952K)->53371K(53952K) NonClass: 45905K(46144K)->45905K(46144K) Class: 7465K(7808K)->7465K(7808K)
[182.004s][info][gc             ] GC(441) Pause Full (System.gc()) 16M->15M(1023M) 28.432ms
[182.004s][info][gc,cpu         ] GC(441) User=0.00s Sys=0.00s Real=0.02s
[182.434s][info][gc,start       ] GC(442) Pause Young (Allocation Failure)
[182.435s][info][gc,heap        ] GC(442) PSYoungGen: 348160K(348672K)->512K(348672K) Eden: 348160K(348160K)->0K(348160K) From: 0K(512K)->512K(512K)
[182.435s][info][gc,heap        ] GC(442) ParOldGen: 16116K(699392K)->16124K(699392K)
[182.435s][info][gc,metaspace   ] GC(442) Metaspace: 53401K(54016K)->53401K(54016K) NonClass: 45935K(46208K)->45935K(46208K) Class: 7465K(7808K)->7465K(7808K)
[182.435s][info][gc             ] GC(442) Pause Young (Allocation Failure) 355M->16M(1023M) 0.695ms
[182.435s][info][gc,cpu         ] GC(442) User=0.00s Sys=0.00s Real=0.00s
[182.857s][info][gc,start       ] GC(443) Pause Young (Allocation Failure)
[182.858s][info][gc,heap        ] GC(443) PSYoungGen: 348672K(348672K)->192K(347648K) Eden: 348160K(348160K)->0K(347136K) From: 512K(512K)->192K(512K)
[182.858s][info][gc,heap        ] GC(443) ParOldGen: 16124K(699392K)->16436K(699392K)
[182.858s][info][gc,metaspace   ] GC(443) Metaspace: 53401K(54016K)->53401K(54016K) NonClass: 45935K(46208K)->45935K(46208K) Class: 7465K(7808K)->7465K(7808K)
[182.858s][info][gc             ] GC(443) Pause Young (Allocation Failure) 356M->16M(1022M) 0.632ms
[182.858s][info][gc,cpu         ] GC(443) User=0.00s Sys=0.00s Real=0.00s
[183.266s][info][gc,start       ] GC(444) Pause Young (Allocation Failure)
[183.267s][info][gc,heap        ] GC(444) PSYoungGen: 347328K(347648K)->224K(348160K) Eden: 347136K(347136K)->0K(347136K) From: 192K(512K)->224K(1024K)
[183.267s][info][gc,heap        ] GC(444) ParOldGen: 16436K(699392K)->16444K(699392K)
[183.267s][info][gc,metaspace   ] GC(444) Metaspace: 53401K(54016K)->53401K(54016K) NonClass: 45935K(46208K)->45935K(46208K) Class: 7465K(7808K)->7465K(7808K)
[183.267s][info][gc             ] GC(444) Pause Young (Allocation Failure) 355M->16M(1023M) 0.478ms
[183.267s][info][gc,cpu         ] GC(444) User=0.00s Sys=0.00s Real=0.00s
[183.684s][info][gc,start       ] GC(445) Pause Young (Allocation Failure)
[183.684s][info][gc,heap        ] GC(445) PSYoungGen: 347360K(348160K)->288K(348672K) Eden: 347136K(347136K)->0K(347648K) From: 224K(1024K)->288K(1024K)
[183.684s][info][gc,heap        ] GC(445) ParOldGen: 16444K(699392K)->16492K(699392K)
[183.684s][info][gc,metaspace   ] GC(445) Metaspace: 53401K(54016K)->53401K(54016K) NonClass: 45935K(46208K)->45935K(46208K) Class: 7465K(7808K)->7465K(7808K)
[183.684s][info][gc             ] GC(445) Pause Young (Allocation Failure) 355M->16M(1023M) 0.511ms
[183.684s][info][gc,cpu         ] GC(445) User=0.00s Sys=0.00s Real=0.00s
[184.096s][info][gc,start       ] GC(446) Pause Young (Allocation Failure)
[184.096s][info][gc,heap        ] GC(446) PSYoungGen: 347936K(348672K)->288K(348160K) Eden: 347648K(347648K)->0K(347648K) From: 288K(1024K)->288K(512K)
[184.096s][info][gc,heap        ] GC(446) ParOldGen: 16492K(699392K)->16540K(699392K)
[184.096s][info][gc,metaspace   ] GC(446) Metaspace: 53401K(54016K)->53401K(54016K) NonClass: 45935K(46208K)->45935K(46208K) Class: 7465K(7808K)->7465K(7808K)
[184.096s][info][gc             ] GC(446) Pause Young (Allocation Failure) 355M->16M(1023M) 0.516ms
[184.097s][info][gc,cpu         ] GC(446) User=0.00s Sys=0.00s Real=0.00s
[184.510s][info][gc,start       ] GC(447) Pause Young (Allocation Failure)
[184.511s][info][gc,heap        ] GC(447) PSYoungGen: 347936K(348160K)->288K(348672K) Eden: 347648K(347648K)->0K(348160K) From: 288K(512K)->288K(512K)
[184.511s][info][gc,heap        ] GC(447) ParOldGen: 16540K(699392K)->16548K(699392K)
[184.511s][info][gc,metaspace   ] GC(447) Metaspace: 53401K(54016K)->53401K(54016K) NonClass: 45935K(46208K)->45935K(46208K) Class: 7465K(7808K)->7465K(7808K)
[184.511s][info][gc             ] GC(447) Pause Young (Allocation Failure) 355M->16M(1023M) 0.509ms
[184.511s][info][gc,cpu         ] GC(447) User=0.00s Sys=0.00s Real=0.00s
[184.929s][info][gc,start       ] GC(448) Pause Young (Allocation Failure)
[184.929s][info][gc,heap        ] GC(448) PSYoungGen: 348448K(348672K)->288K(348672K) Eden: 348160K(348160K)->0K(348160K) From: 288K(512K)->288K(512K)
[184.929s][info][gc,heap        ] GC(448) ParOldGen: 16548K(699392K)->16596K(699392K)
[184.929s][info][gc,metaspace   ] GC(448) Metaspace: 53401K(54016K)->53401K(54016K) NonClass: 45935K(46208K)->45935K(46208K) Class: 7465K(7808K)->7465K(7808K)
[184.929s][info][gc             ] GC(448) Pause Young (Allocation Failure) 356M->16M(1023M) 0.491ms
[184.929s][info][gc,cpu         ] GC(448) User=0.00s Sys=0.00s Real=0.00s
[185.345s][info][gc,start       ] GC(449) Pause Young (System.gc())
[185.345s][info][gc,heap        ] GC(449) PSYoungGen: 325244K(348672K)->288K(348672K) Eden: 324956K(348160K)->0K(348160K) From: 288K(512K)->288K(512K)
[185.345s][info][gc,heap        ] GC(449) ParOldGen: 16596K(699392K)->16604K(699392K)
[185.345s][info][gc,metaspace   ] GC(449) Metaspace: 53403K(54016K)->53403K(54016K) NonClass: 45937K(46208K)->45937K(46208K) Class: 7465K(7808K)->7465K(7808K)
[185.345s][info][gc             ] GC(449) Pause Young (System.gc()) 333M->16M(1023M) 0.501ms
[185.345s][info][gc,cpu         ] GC(449) User=0.00s Sys=0.00s Real=0.00s
[185.345s][info][gc,start       ] GC(450) Pause Full (System.gc())
[185.345s][info][gc,phases,start] GC(450) Marking Phase
[185.363s][info][gc,phases      ] GC(450) Marking Phase 18.070ms
[185.363s][info][gc,phases,start] GC(450) Summary Phase
[185.363s][info][gc,phases      ] GC(450) Summary Phase 0.009ms
[185.363s][info][gc,phases,start] GC(450) Adjust Roots
[185.372s][info][gc,phases      ] GC(450) Adjust Roots 8.654ms
[185.372s][info][gc,phases,start] GC(450) Compaction Phase
[185.375s][info][gc,phases      ] GC(450) Compaction Phase 2.663ms
[185.375s][info][gc,phases,start] GC(450) Post Compact
[185.375s][info][gc,phases      ] GC(450) Post Compact 0.181ms
[185.375s][info][gc,heap        ] GC(450) PSYoungGen: 288K(348672K)->0K(348672K) Eden: 0K(348160K)->0K(348160K) From: 288K(512K)->0K(512K)
[185.375s][info][gc,heap        ] GC(450) ParOldGen: 16604K(699392K)->16017K(699392K)
[185.375s][info][gc,metaspace   ] GC(450) Metaspace: 53403K(54016K)->53403K(54016K) NonClass: 45937K(46208K)->45937K(46208K) Class: 7465K(7808K)->7465K(7808K)
[185.375s][info][gc             ] GC(450) Pause Full (System.gc()) 16M->15M(1023M) 29.804ms
[185.375s][info][gc,cpu         ] GC(450) User=0.00s Sys=0.00s Real=0.03s
[185.827s][info][gc,start       ] GC(451) Pause Young (Allocation Failure)
[185.827s][info][gc,heap        ] GC(451) PSYoungGen: 348160K(348672K)->512K(348672K) Eden: 348160K(348160K)->0K(348160K) From: 0K(512K)->512K(512K)
[185.827s][info][gc,heap        ] GC(451) ParOldGen: 16017K(699392K)->16065K(699392K)
[185.827s][info][gc,metaspace   ] GC(451) Metaspace: 53411K(54016K)->53411K(54016K) NonClass: 45945K(46208K)->45945K(46208K) Class: 7465K(7808K)->7465K(7808K)
[185.827s][info][gc             ] GC(451) Pause Young (Allocation Failure) 355M->16M(1023M) 0.717ms
[185.827s][info][gc,cpu         ] GC(451) User=0.00s Sys=0.00s Real=0.00s
[186.249s][info][gc,start       ] GC(452) Pause Young (Allocation Failure)
[186.250s][info][gc,heap        ] GC(452) PSYoungGen: 348672K(348672K)->224K(348672K) Eden: 348160K(348160K)->0K(348160K) From: 512K(512K)->224K(512K)
[186.250s][info][gc,heap        ] GC(452) ParOldGen: 16065K(699392K)->16425K(699392K)
[186.250s][info][gc,metaspace   ] GC(452) Metaspace: 53411K(54016K)->53411K(54016K) NonClass: 45945K(46208K)->45945K(46208K) Class: 7465K(7808K)->7465K(7808K)
[186.250s][info][gc             ] GC(452) Pause Young (Allocation Failure) 356M->16M(1023M) 0.711ms
[186.250s][info][gc,cpu         ] GC(452) User=0.00s Sys=0.00s Real=0.00s
[186.683s][info][gc,start       ] GC(453) Pause Young (Allocation Failure)
[186.684s][info][gc,heap        ] GC(453) PSYoungGen: 348384K(348672K)->256K(348672K) Eden: 348160K(348160K)->0K(348160K) From: 224K(512K)->256K(512K)
[186.684s][info][gc,heap        ] GC(453) ParOldGen: 16425K(699392K)->16449K(699392K)
[186.684s][info][gc,metaspace   ] GC(453) Metaspace: 53411K(54016K)->53411K(54016K) NonClass: 45945K(46208K)->45945K(46208K) Class: 7465K(7808K)->7465K(7808K)
[186.684s][info][gc             ] GC(453) Pause Young (Allocation Failure) 356M->16M(1023M) 0.554ms
[186.684s][info][gc,cpu         ] GC(453) User=0.00s Sys=0.00s Real=0.00s
[187.111s][info][gc,start       ] GC(454) Pause Young (Allocation Failure)
[187.111s][info][gc,heap        ] GC(454) PSYoungGen: 348416K(348672K)->256K(348672K) Eden: 348160K(348160K)->0K(348160K) From: 256K(512K)->256K(512K)
[187.111s][info][gc,heap        ] GC(454) ParOldGen: 16449K(699392K)->16489K(699392K)
[187.111s][info][gc,metaspace   ] GC(454) Metaspace: 53411K(54016K)->53411K(54016K) NonClass: 45945K(46208K)->45945K(46208K) Class: 7465K(7808K)->7465K(7808K)
[187.111s][info][gc             ] GC(454) Pause Young (Allocation Failure) 356M->16M(1023M) 0.538ms
[187.111s][info][gc,cpu         ] GC(454) User=0.00s Sys=0.00s Real=0.00s
[187.536s][info][gc,start       ] GC(455) Pause Young (Allocation Failure)
[187.536s][info][gc,heap        ] GC(455) PSYoungGen: 348416K(348672K)->288K(348672K) Eden: 348160K(348160K)->0K(348160K) From: 256K(512K)->288K(512K)
[187.536s][info][gc,heap        ] GC(455) ParOldGen: 16489K(699392K)->16513K(699392K)
[187.536s][info][gc,metaspace   ] GC(455) Metaspace: 53411K(54016K)->53411K(54016K) NonClass: 45945K(46208K)->45945K(46208K) Class: 7465K(7808K)->7465K(7808K)
[187.536s][info][gc             ] GC(455) Pause Young (Allocation Failure) 356M->16M(1023M) 0.526ms
[187.536s][info][gc,cpu         ] GC(455) User=0.00s Sys=0.00s Real=0.00s
[187.972s][info][gc,start       ] GC(456) Pause Young (Allocation Failure)
[187.973s][info][gc,heap        ] GC(456) PSYoungGen: 348448K(348672K)->288K(348672K) Eden: 348160K(348160K)->0K(348160K) From: 288K(512K)->288K(512K)
[187.973s][info][gc,heap        ] GC(456) ParOldGen: 16513K(699392K)->16561K(699392K)
[187.973s][info][gc,metaspace   ] GC(456) Metaspace: 53411K(54016K)->53411K(54016K) NonClass: 45945K(46208K)->45945K(46208K) Class: 7465K(7808K)->7465K(7808K)
[187.973s][info][gc             ] GC(456) Pause Young (Allocation Failure) 356M->16M(1023M) 0.547ms
[187.973s][info][gc,cpu         ] GC(456) User=0.00s Sys=0.00s Real=0.00s
[188.397s][info][gc,start       ] GC(457) Pause Young (Allocation Failure)
[188.398s][info][gc,heap        ] GC(457) PSYoungGen: 348448K(348672K)->288K(348672K) Eden: 348160K(348160K)->0K(348160K) From: 288K(512K)->288K(512K)
[188.398s][info][gc,heap        ] GC(457) ParOldGen: 16561K(699392K)->16561K(699392K)
[188.398s][info][gc,metaspace   ] GC(457) Metaspace: 53411K(54016K)->53411K(54016K) NonClass: 45945K(46208K)->45945K(46208K) Class: 7465K(7808K)->7465K(7808K)
[188.398s][info][gc             ] GC(457) Pause Young (Allocation Failure) 356M->16M(1023M) 0.520ms
[188.398s][info][gc,cpu         ] GC(457) User=0.00s Sys=0.00s Real=0.00s
[188.827s][info][gc,start       ] GC(458) Pause Young (System.gc())
[188.828s][info][gc,heap        ] GC(458) PSYoungGen: 322582K(348672K)->224K(348672K) Eden: 322294K(348160K)->0K(348160K) From: 288K(512K)->224K(512K)
[188.828s][info][gc,heap        ] GC(458) ParOldGen: 16561K(699392K)->16601K(699392K)
[188.828s][info][gc,metaspace   ] GC(458) Metaspace: 53413K(54016K)->53413K(54016K) NonClass: 45947K(46208K)->45947K(46208K) Class: 7465K(7808K)->7465K(7808K)
[188.828s][info][gc             ] GC(458) Pause Young (System.gc()) 331M->16M(1023M) 0.502ms
[188.828s][info][gc,cpu         ] GC(458) User=0.00s Sys=0.00s Real=0.00s
[188.828s][info][gc,start       ] GC(459) Pause Full (System.gc())
[188.828s][info][gc,phases,start] GC(459) Marking Phase
[188.846s][info][gc,phases      ] GC(459) Marking Phase 17.601ms
[188.846s][info][gc,phases,start] GC(459) Summary Phase
[188.846s][info][gc,phases      ] GC(459) Summary Phase 0.009ms
[188.846s][info][gc,phases,start] GC(459) Adjust Roots
[188.853s][info][gc,phases      ] GC(459) Adjust Roots 7.527ms
[188.853s][info][gc,phases,start] GC(459) Compaction Phase
[188.856s][info][gc,phases      ] GC(459) Compaction Phase 3.200ms
[188.856s][info][gc,phases,start] GC(459) Post Compact
[188.857s][info][gc,phases      ] GC(459) Post Compact 0.204ms
[188.857s][info][gc,heap        ] GC(459) PSYoungGen: 224K(348672K)->0K(348672K) Eden: 0K(348160K)->0K(348160K) From: 224K(512K)->0K(512K)
[188.857s][info][gc,heap        ] GC(459) ParOldGen: 16601K(699392K)->16014K(699392K)
[188.857s][info][gc,metaspace   ] GC(459) Metaspace: 53413K(54016K)->53413K(54016K) NonClass: 45947K(46208K)->45947K(46208K) Class: 7465K(7808K)->7465K(7808K)
[188.857s][info][gc             ] GC(459) Pause Full (System.gc()) 16M->15M(1023M) 28.860ms
[188.857s][info][gc,cpu         ] GC(459) User=0.03s Sys=0.00s Real=0.03s
[189.300s][info][gc,start       ] GC(460) Pause Young (Allocation Failure)
[189.301s][info][gc,heap        ] GC(460) PSYoungGen: 348160K(348672K)->512K(348672K) Eden: 348160K(348160K)->0K(348160K) From: 0K(512K)->512K(512K)
[189.301s][info][gc,heap        ] GC(460) ParOldGen: 16014K(699392K)->16046K(699392K)
[189.301s][info][gc,metaspace   ] GC(460) Metaspace: 53416K(54016K)->53416K(54016K) NonClass: 45950K(46208K)->45950K(46208K) Class: 7465K(7808K)->7465K(7808K)
[189.301s][info][gc             ] GC(460) Pause Young (Allocation Failure) 355M->16M(1023M) 0.763ms
[189.301s][info][gc,cpu         ] GC(460) User=0.00s Sys=0.00s Real=0.00s
[189.734s][info][gc,start       ] GC(461) Pause Young (Allocation Failure)
[189.734s][info][gc,heap        ] GC(461) PSYoungGen: 348672K(348672K)->256K(348672K) Eden: 348160K(348160K)->0K(348160K) From: 512K(512K)->256K(512K)
[189.734s][info][gc,heap        ] GC(461) ParOldGen: 16046K(699392K)->16414K(699392K)
[189.734s][info][gc,metaspace   ] GC(461) Metaspace: 53416K(54016K)->53416K(54016K) NonClass: 45950K(46208K)->45950K(46208K) Class: 7465K(7808K)->7465K(7808K)
[189.734s][info][gc             ] GC(461) Pause Young (Allocation Failure) 356M->16M(1023M) 0.704ms
[189.734s][info][gc,cpu         ] GC(461) User=0.00s Sys=0.00s Real=0.00s
[190.154s][info][gc,start       ] GC(462) Pause Young (Allocation Failure)
[190.155s][info][gc,heap        ] GC(462) PSYoungGen: 348416K(348672K)->288K(348672K) Eden: 348160K(348160K)->0K(348160K) From: 256K(512K)->288K(512K)
[190.155s][info][gc,heap        ] GC(462) ParOldGen: 16414K(699392K)->16422K(699392K)
[190.155s][info][gc,metaspace   ] GC(462) Metaspace: 53416K(54016K)->53416K(54016K) NonClass: 45950K(46208K)->45950K(46208K) Class: 7465K(7808K)->7465K(7808K)
[190.155s][info][gc             ] GC(462) Pause Young (Allocation Failure) 356M->16M(1023M) 0.515ms
[190.155s][info][gc,cpu         ] GC(462) User=0.00s Sys=0.00s Real=0.00s
[190.602s][info][gc,start       ] GC(463) Pause Young (Allocation Failure)
[190.603s][info][gc,heap        ] GC(463) PSYoungGen: 348448K(348672K)->224K(348672K) Eden: 348160K(348160K)->0K(348160K) From: 288K(512K)->224K(512K)
[190.603s][info][gc,heap        ] GC(463) ParOldGen: 16422K(699392K)->16430K(699392K)
[190.603s][info][gc,metaspace   ] GC(463) Metaspace: 53416K(54016K)->53416K(54016K) NonClass: 45950K(46208K)->45950K(46208K) Class: 7465K(7808K)->7465K(7808K)
[190.603s][info][gc             ] GC(463) Pause Young (Allocation Failure) 356M->16M(1023M) 0.489ms
[190.603s][info][gc,cpu         ] GC(463) User=0.00s Sys=0.00s Real=0.00s
[191.039s][info][gc,start       ] GC(464) Pause Young (Allocation Failure)
[191.039s][info][gc,heap        ] GC(464) PSYoungGen: 348384K(348672K)->224K(348672K) Eden: 348160K(348160K)->0K(348160K) From: 224K(512K)->224K(512K)
[191.039s][info][gc,heap        ] GC(464) ParOldGen: 16430K(699392K)->16470K(699392K)
[191.039s][info][gc,metaspace   ] GC(464) Metaspace: 53416K(54016K)->53416K(54016K) NonClass: 45950K(46208K)->45950K(46208K) Class: 7465K(7808K)->7465K(7808K)
[191.039s][info][gc             ] GC(464) Pause Young (Allocation Failure) 356M->16M(1023M) 0.471ms
[191.039s][info][gc,cpu         ] GC(464) User=0.00s Sys=0.00s Real=0.00s
[191.462s][info][gc,start       ] GC(465) Pause Young (Allocation Failure)
[191.463s][info][gc,heap        ] GC(465) PSYoungGen: 348384K(348672K)->256K(348672K) Eden: 348160K(348160K)->0K(348160K) From: 224K(512K)->256K(512K)
[191.463s][info][gc,heap        ] GC(465) ParOldGen: 16470K(699392K)->16470K(699392K)
[191.463s][info][gc,metaspace   ] GC(465) Metaspace: 53416K(54016K)->53416K(54016K) NonClass: 45950K(46208K)->45950K(46208K) Class: 7465K(7808K)->7465K(7808K)
[191.463s][info][gc             ] GC(465) Pause Young (Allocation Failure) 356M->16M(1023M) 0.461ms
[191.463s][info][gc,cpu         ] GC(465) User=0.00s Sys=0.00s Real=0.00s
[191.901s][info][gc,start       ] GC(466) Pause Young (Allocation Failure)
[191.901s][info][gc,heap        ] GC(466) PSYoungGen: 348416K(348672K)->256K(348672K) Eden: 348160K(348160K)->0K(348160K) From: 256K(512K)->256K(512K)
[191.901s][info][gc,heap        ] GC(466) ParOldGen: 16470K(699392K)->16510K(699392K)
[191.901s][info][gc,metaspace   ] GC(466) Metaspace: 53416K(54016K)->53416K(54016K) NonClass: 45950K(46208K)->45950K(46208K) Class: 7465K(7808K)->7465K(7808K)
[191.901s][info][gc             ] GC(466) Pause Young (Allocation Failure) 356M->16M(1023M) 0.555ms
[191.901s][info][gc,cpu         ] GC(466) User=0.00s Sys=0.00s Real=0.00s
[192.319s][info][gc,start       ] GC(467) Pause Young (System.gc())
[192.320s][info][gc,heap        ] GC(467) PSYoungGen: 323130K(348672K)->320K(348672K) Eden: 322874K(348160K)->0K(348160K) From: 256K(512K)->320K(512K)
[192.320s][info][gc,heap        ] GC(467) ParOldGen: 16510K(699392K)->16526K(699392K)
[192.320s][info][gc,metaspace   ] GC(467) Metaspace: 53416K(54016K)->53416K(54016K) NonClass: 45950K(46208K)->45950K(46208K) Class: 7465K(7808K)->7465K(7808K)
[192.320s][info][gc             ] GC(467) Pause Young (System.gc()) 331M->16M(1023M) 0.579ms
[192.320s][info][gc,cpu         ] GC(467) User=0.00s Sys=0.00s Real=0.00s
[192.320s][info][gc,start       ] GC(468) Pause Full (System.gc())
[192.320s][info][gc,phases,start] GC(468) Marking Phase
[192.337s][info][gc,phases      ] GC(468) Marking Phase 16.987ms
[192.337s][info][gc,phases,start] GC(468) Summary Phase
[192.337s][info][gc,phases      ] GC(468) Summary Phase 0.009ms
[192.337s][info][gc,phases,start] GC(468) Adjust Roots
[192.345s][info][gc,phases      ] GC(468) Adjust Roots 8.010ms
[192.345s][info][gc,phases,start] GC(468) Compaction Phase
[192.349s][info][gc,phases      ] GC(468) Compaction Phase 3.257ms
[192.349s][info][gc,phases,start] GC(468) Post Compact
[192.349s][info][gc,phases      ] GC(468) Post Compact 0.164ms
[192.349s][info][gc,heap        ] GC(468) PSYoungGen: 320K(348672K)->0K(348672K) Eden: 0K(348160K)->0K(348160K) From: 320K(512K)->0K(512K)
[192.349s][info][gc,heap        ] GC(468) ParOldGen: 16526K(699392K)->16091K(699392K)
[192.349s][info][gc,metaspace   ] GC(468) Metaspace: 53416K(54016K)->53416K(54016K) NonClass: 45950K(46208K)->45950K(46208K) Class: 7465K(7808K)->7465K(7808K)
[192.349s][info][gc             ] GC(468) Pause Full (System.gc()) 16M->15M(1023M) 28.663ms
[192.349s][info][gc,cpu         ] GC(468) User=0.00s Sys=0.00s Real=0.02s
[192.805s][info][gc,start       ] GC(469) Pause Young (Allocation Failure)
[192.805s][info][gc,heap        ] GC(469) PSYoungGen: 348160K(348672K)->512K(348672K) Eden: 348160K(348160K)->0K(348160K) From: 0K(512K)->512K(512K)
[192.805s][info][gc,heap        ] GC(469) ParOldGen: 16091K(699392K)->16123K(699392K)
[192.805s][info][gc,metaspace   ] GC(469) Metaspace: 53418K(54016K)->53418K(54016K) NonClass: 45952K(46208K)->45952K(46208K) Class: 7465K(7808K)->7465K(7808K)
[192.805s][info][gc             ] GC(469) Pause Young (Allocation Failure) 355M->16M(1023M) 0.718ms
[192.805s][info][gc,cpu         ] GC(469) User=0.00s Sys=0.00s Real=0.00s
[193.233s][info][gc,start       ] GC(470) Pause Young (Allocation Failure)
[193.233s][info][gc,heap        ] GC(470) PSYoungGen: 348672K(348672K)->224K(347648K) Eden: 348160K(348160K)->0K(347136K) From: 512K(512K)->224K(512K)
[193.233s][info][gc,heap        ] GC(470) ParOldGen: 16123K(699392K)->16467K(699392K)
[193.233s][info][gc,metaspace   ] GC(470) Metaspace: 53418K(54016K)->53418K(54016K) NonClass: 45952K(46208K)->45952K(46208K) Class: 7465K(7808K)->7465K(7808K)
[193.233s][info][gc             ] GC(470) Pause Young (Allocation Failure) 356M->16M(1022M) 0.676ms
[193.233s][info][gc,cpu         ] GC(470) User=0.00s Sys=0.00s Real=0.00s
[193.658s][info][gc,start       ] GC(471) Pause Young (Allocation Failure)
[193.659s][info][gc,heap        ] GC(471) PSYoungGen: 347360K(347648K)->256K(348160K) Eden: 347136K(347136K)->0K(347136K) From: 224K(512K)->256K(1024K)
[193.659s][info][gc,heap        ] GC(471) ParOldGen: 16467K(699392K)->16491K(699392K)
[193.659s][info][gc,metaspace   ] GC(471) Metaspace: 53418K(54016K)->53418K(54016K) NonClass: 45952K(46208K)->45952K(46208K) Class: 7465K(7808K)->7465K(7808K)
[193.659s][info][gc             ] GC(471) Pause Young (Allocation Failure) 355M->16M(1023M) 0.842ms
[193.659s][info][gc,cpu         ] GC(471) User=0.00s Sys=0.00s Real=0.00s
[194.104s][info][gc,start       ] GC(472) Pause Young (Allocation Failure)
[194.104s][info][gc,heap        ] GC(472) PSYoungGen: 347392K(348160K)->224K(348672K) Eden: 347136K(347136K)->0K(348160K) From: 256K(1024K)->224K(512K)
[194.104s][info][gc,heap        ] GC(472) ParOldGen: 16491K(699392K)->16531K(699392K)
[194.104s][info][gc,metaspace   ] GC(472) Metaspace: 53418K(54016K)->53418K(54016K) NonClass: 45952K(46208K)->45952K(46208K) Class: 7465K(7808K)->7465K(7808K)
[194.104s][info][gc             ] GC(472) Pause Young (Allocation Failure) 355M->16M(1023M) 0.428ms
[194.104s][info][gc,cpu         ] GC(472) User=0.00s Sys=0.00s Real=0.00s
[194.531s][info][gc,start       ] GC(473) Pause Young (Allocation Failure)
[194.532s][info][gc,heap        ] GC(473) PSYoungGen: 348384K(348672K)->288K(348672K) Eden: 348160K(348160K)->0K(348160K) From: 224K(512K)->288K(512K)
[194.532s][info][gc,heap        ] GC(473) ParOldGen: 16531K(699392K)->16563K(699392K)
[194.532s][info][gc,metaspace   ] GC(473) Metaspace: 53418K(54016K)->53418K(54016K) NonClass: 45952K(46208K)->45952K(46208K) Class: 7465K(7808K)->7465K(7808K)
[194.532s][info][gc             ] GC(473) Pause Young (Allocation Failure) 356M->16M(1023M) 0.497ms
[194.532s][info][gc,cpu         ] GC(473) User=0.00s Sys=0.00s Real=0.00s
[194.968s][info][gc,start       ] GC(474) Pause Young (Allocation Failure)
[194.968s][info][gc,heap        ] GC(474) PSYoungGen: 348448K(348672K)->288K(348672K) Eden: 348160K(348160K)->0K(348160K) From: 288K(512K)->288K(512K)
[194.968s][info][gc,heap        ] GC(474) ParOldGen: 16563K(699392K)->16603K(699392K)
[194.968s][info][gc,metaspace   ] GC(474) Metaspace: 53418K(54016K)->53418K(54016K) NonClass: 45952K(46208K)->45952K(46208K) Class: 7465K(7808K)->7465K(7808K)
[194.968s][info][gc             ] GC(474) Pause Young (Allocation Failure) 356M->16M(1023M) 0.519ms
[194.968s][info][gc,cpu         ] GC(474) User=0.00s Sys=0.00s Real=0.00s
[195.398s][info][gc,start       ] GC(475) Pause Young (Allocation Failure)
[195.398s][info][gc,heap        ] GC(475) PSYoungGen: 348448K(348672K)->256K(348672K) Eden: 348160K(348160K)->0K(348160K) From: 288K(512K)->256K(512K)
[195.398s][info][gc,heap        ] GC(475) ParOldGen: 16603K(699392K)->16611K(699392K)
[195.398s][info][gc,metaspace   ] GC(475) Metaspace: 53418K(54016K)->53418K(54016K) NonClass: 45952K(46208K)->45952K(46208K) Class: 7465K(7808K)->7465K(7808K)
[195.398s][info][gc             ] GC(475) Pause Young (Allocation Failure) 356M->16M(1023M) 0.446ms
[195.398s][info][gc,cpu         ] GC(475) User=0.00s Sys=0.00s Real=0.00s
[195.828s][info][gc,start       ] GC(476) Pause Young (System.gc())
[195.829s][info][gc,heap        ] GC(476) PSYoungGen: 323741K(348672K)->352K(348672K) Eden: 323485K(348160K)->0K(348160K) From: 256K(512K)->352K(512K)
[195.829s][info][gc,heap        ] GC(476) ParOldGen: 16611K(699392K)->16651K(699392K)
[195.829s][info][gc,metaspace   ] GC(476) Metaspace: 53418K(54016K)->53418K(54016K) NonClass: 45952K(46208K)->45952K(46208K) Class: 7465K(7808K)->7465K(7808K)
[195.829s][info][gc             ] GC(476) Pause Young (System.gc()) 332M->16M(1023M) 0.757ms
[195.829s][info][gc,cpu         ] GC(476) User=0.00s Sys=0.00s Real=0.00s
[195.829s][info][gc,start       ] GC(477) Pause Full (System.gc())
[195.829s][info][gc,phases,start] GC(477) Marking Phase
[195.847s][info][gc,phases      ] GC(477) Marking Phase 17.556ms
[195.847s][info][gc,phases,start] GC(477) Summary Phase
[195.847s][info][gc,phases      ] GC(477) Summary Phase 0.009ms
[195.847s][info][gc,phases,start] GC(477) Adjust Roots
[195.855s][info][gc,phases      ] GC(477) Adjust Roots 7.967ms
[195.855s][info][gc,phases,start] GC(477) Compaction Phase
[195.858s][info][gc,phases      ] GC(477) Compaction Phase 3.213ms
[195.858s][info][gc,phases,start] GC(477) Post Compact
[195.858s][info][gc,phases      ] GC(477) Post Compact 0.170ms
[195.858s][info][gc,heap        ] GC(477) PSYoungGen: 352K(348672K)->0K(348672K) Eden: 0K(348160K)->0K(348160K) From: 352K(512K)->0K(512K)
[195.858s][info][gc,heap        ] GC(477) ParOldGen: 16651K(699392K)->16131K(699392K)
[195.858s][info][gc,metaspace   ] GC(477) Metaspace: 53418K(54016K)->53418K(54016K) NonClass: 45952K(46208K)->45952K(46208K) Class: 7465K(7808K)->7465K(7808K)
[195.858s][info][gc             ] GC(477) Pause Full (System.gc()) 16M->15M(1023M) 29.126ms
[195.858s][info][gc,cpu         ] GC(477) User=0.02s Sys=0.00s Real=0.02s
[196.305s][info][gc,start       ] GC(478) Pause Young (Allocation Failure)
[196.305s][info][gc,heap        ] GC(478) PSYoungGen: 348160K(348672K)->512K(348672K) Eden: 348160K(348160K)->0K(348160K) From: 0K(512K)->512K(512K)
[196.306s][info][gc,heap        ] GC(478) ParOldGen: 16131K(699392K)->16131K(699392K)
[196.306s][info][gc,metaspace   ] GC(478) Metaspace: 53420K(54016K)->53420K(54016K) NonClass: 45954K(46208K)->45954K(46208K) Class: 7465K(7808K)->7465K(7808K)
[196.306s][info][gc             ] GC(478) Pause Young (Allocation Failure) 355M->16M(1023M) 0.681ms
[196.306s][info][gc,cpu         ] GC(478) User=0.00s Sys=0.00s Real=0.00s
[196.747s][info][gc,start       ] GC(479) Pause Young (Allocation Failure)
[196.748s][info][gc,heap        ] GC(479) PSYoungGen: 348672K(348672K)->192K(347648K) Eden: 348160K(348160K)->0K(347136K) From: 512K(512K)->192K(512K)
[196.748s][info][gc,heap        ] GC(479) ParOldGen: 16131K(699392K)->16419K(699392K)
[196.748s][info][gc,metaspace   ] GC(479) Metaspace: 53420K(54016K)->53420K(54016K) NonClass: 45954K(46208K)->45954K(46208K) Class: 7465K(7808K)->7465K(7808K)
[196.748s][info][gc             ] GC(479) Pause Young (Allocation Failure) 356M->16M(1022M) 0.663ms
[196.748s][info][gc,cpu         ] GC(479) User=0.00s Sys=0.00s Real=0.00s
[197.174s][info][gc,start       ] GC(480) Pause Young (Allocation Failure)
[197.175s][info][gc,heap        ] GC(480) PSYoungGen: 347328K(347648K)->256K(348160K) Eden: 347136K(347136K)->0K(347136K) From: 192K(512K)->256K(1024K)
[197.175s][info][gc,heap        ] GC(480) ParOldGen: 16419K(699392K)->16427K(699392K)
[197.175s][info][gc,metaspace   ] GC(480) Metaspace: 53420K(54016K)->53420K(54016K) NonClass: 45954K(46208K)->45954K(46208K) Class: 7465K(7808K)->7465K(7808K)
[197.175s][info][gc             ] GC(480) Pause Young (Allocation Failure) 355M->16M(1023M) 0.549ms
[197.175s][info][gc,cpu         ] GC(480) User=0.00s Sys=0.00s Real=0.00s
[197.600s][info][gc,start       ] GC(481) Pause Young (Allocation Failure)
[197.600s][info][gc,heap        ] GC(481) PSYoungGen: 347392K(348160K)->256K(348672K) Eden: 347136K(347136K)->0K(348160K) From: 256K(1024K)->256K(512K)
[197.600s][info][gc,heap        ] GC(481) ParOldGen: 16427K(699392K)->16435K(699392K)
[197.600s][info][gc,metaspace   ] GC(481) Metaspace: 53420K(54016K)->53420K(54016K) NonClass: 45954K(46208K)->45954K(46208K) Class: 7465K(7808K)->7465K(7808K)
[197.600s][info][gc             ] GC(481) Pause Young (Allocation Failure) 355M->16M(1023M) 0.483ms
[197.600s][info][gc,cpu         ] GC(481) User=0.00s Sys=0.00s Real=0.00s
[198.037s][info][gc,start       ] GC(482) Pause Young (Allocation Failure)
[198.038s][info][gc,heap        ] GC(482) PSYoungGen: 348416K(348672K)->224K(348672K) Eden: 348160K(348160K)->0K(348160K) From: 256K(512K)->224K(512K)
[198.038s][info][gc,heap        ] GC(482) ParOldGen: 16435K(699392K)->16483K(699392K)
[198.038s][info][gc,metaspace   ] GC(482) Metaspace: 53420K(54016K)->53420K(54016K) NonClass: 45954K(46208K)->45954K(46208K) Class: 7465K(7808K)->7465K(7808K)
[198.038s][info][gc             ] GC(482) Pause Young (Allocation Failure) 356M->16M(1023M) 0.443ms
[198.038s][info][gc,cpu         ] GC(482) User=0.00s Sys=0.00s Real=0.00s
[198.470s][info][gc,start       ] GC(483) Pause Young (Allocation Failure)
[198.471s][info][gc,heap        ] GC(483) PSYoungGen: 348384K(348672K)->288K(348672K) Eden: 348160K(348160K)->0K(348160K) From: 224K(512K)->288K(512K)
[198.471s][info][gc,heap        ] GC(483) ParOldGen: 16483K(699392K)->16499K(699392K)
[198.471s][info][gc,metaspace   ] GC(483) Metaspace: 53420K(54016K)->53420K(54016K) NonClass: 45954K(46208K)->45954K(46208K) Class: 7465K(7808K)->7465K(7808K)
[198.471s][info][gc             ] GC(483) Pause Young (Allocation Failure) 356M->16M(1023M) 0.518ms
[198.471s][info][gc,cpu         ] GC(483) User=0.00s Sys=0.00s Real=0.00s
[198.911s][info][gc,start       ] GC(484) Pause Young (Allocation Failure)
[198.911s][info][gc,heap        ] GC(484) PSYoungGen: 348448K(348672K)->224K(348672K) Eden: 348160K(348160K)->0K(348160K) From: 288K(512K)->224K(512K)
[198.911s][info][gc,heap        ] GC(484) ParOldGen: 16499K(699392K)->16547K(699392K)
[198.911s][info][gc,metaspace   ] GC(484) Metaspace: 53420K(54016K)->53420K(54016K) NonClass: 45954K(46208K)->45954K(46208K) Class: 7465K(7808K)->7465K(7808K)
[198.911s][info][gc             ] GC(484) Pause Young (Allocation Failure) 356M->16M(1023M) 0.510ms
[198.911s][info][gc,cpu         ] GC(484) User=0.00s Sys=0.00s Real=0.00s
[199.342s][info][gc,start       ] GC(485) Pause Young (System.gc())
[199.342s][info][gc,heap        ] GC(485) PSYoungGen: 324466K(348672K)->256K(348672K) Eden: 324242K(348160K)->0K(348160K) From: 224K(512K)->256K(512K)
[199.342s][info][gc,heap        ] GC(485) ParOldGen: 16547K(699392K)->16547K(699392K)
[199.342s][info][gc,metaspace   ] GC(485) Metaspace: 53420K(54016K)->53420K(54016K) NonClass: 45954K(46208K)->45954K(46208K) Class: 7465K(7808K)->7465K(7808K)
[199.342s][info][gc             ] GC(485) Pause Young (System.gc()) 333M->16M(1023M) 0.535ms
[199.342s][info][gc,cpu         ] GC(485) User=0.00s Sys=0.00s Real=0.00s
[199.342s][info][gc,start       ] GC(486) Pause Full (System.gc())
[199.342s][info][gc,phases,start] GC(486) Marking Phase
[199.360s][info][gc,phases      ] GC(486) Marking Phase 17.252ms
[199.360s][info][gc,phases,start] GC(486) Summary Phase
[199.360s][info][gc,phases      ] GC(486) Summary Phase 0.009ms
[199.360s][info][gc,phases,start] GC(486) Adjust Roots
[199.368s][info][gc,phases      ] GC(486) Adjust Roots 7.902ms
[199.368s][info][gc,phases,start] GC(486) Compaction Phase
[199.370s][info][gc,phases      ] GC(486) Compaction Phase 2.737ms
[199.371s][info][gc,phases,start] GC(486) Post Compact
[199.371s][info][gc,phases      ] GC(486) Post Compact 0.174ms
[199.371s][info][gc,heap        ] GC(486) PSYoungGen: 256K(348672K)->0K(348672K) Eden: 0K(348160K)->0K(348160K) From: 256K(512K)->0K(512K)
[199.371s][info][gc,heap        ] GC(486) ParOldGen: 16547K(699392K)->16020K(699392K)
[199.371s][info][gc,metaspace   ] GC(486) Metaspace: 53420K(54016K)->53420K(54016K) NonClass: 45954K(46208K)->45954K(46208K) Class: 7465K(7808K)->7465K(7808K)
[199.371s][info][gc             ] GC(486) Pause Full (System.gc()) 16M->15M(1023M) 28.297ms
[199.371s][info][gc,cpu         ] GC(486) User=0.00s Sys=0.00s Real=0.02s
[199.815s][info][gc,start       ] GC(487) Pause Young (Allocation Failure)
[199.816s][info][gc,heap        ] GC(487) PSYoungGen: 348160K(348672K)->512K(348672K) Eden: 348160K(348160K)->0K(348160K) From: 0K(512K)->512K(512K)
[199.816s][info][gc,heap        ] GC(487) ParOldGen: 16020K(699392K)->16044K(699392K)
[199.816s][info][gc,metaspace   ] GC(487) Metaspace: 53422K(54016K)->53422K(54016K) NonClass: 45956K(46208K)->45956K(46208K) Class: 7465K(7808K)->7465K(7808K)
[199.816s][info][gc             ] GC(487) Pause Young (Allocation Failure) 355M->16M(1023M) 0.723ms
[199.816s][info][gc,cpu         ] GC(487) User=0.00s Sys=0.00s Real=0.00s
[200.232s][info][gc,start       ] GC(488) Pause Young (Allocation Failure)
[200.233s][info][gc,heap        ] GC(488) PSYoungGen: 348672K(348672K)->224K(347648K) Eden: 348160K(348160K)->0K(347136K) From: 512K(512K)->224K(512K)
[200.233s][info][gc,heap        ] GC(488) ParOldGen: 16044K(699392K)->16412K(699392K)
[200.233s][info][gc,metaspace   ] GC(488) Metaspace: 53422K(54016K)->53422K(54016K) NonClass: 45956K(46208K)->45956K(46208K) Class: 7465K(7808K)->7465K(7808K)
[200.233s][info][gc             ] GC(488) Pause Young (Allocation Failure) 356M->16M(1022M) 0.752ms
[200.233s][info][gc,cpu         ] GC(488) User=0.00s Sys=0.00s Real=0.00s
[200.642s][info][gc,start       ] GC(489) Pause Young (Allocation Failure)
[200.643s][info][gc,heap        ] GC(489) PSYoungGen: 347360K(347648K)->320K(348160K) Eden: 347136K(347136K)->0K(347136K) From: 224K(512K)->320K(1024K)
[200.643s][info][gc,heap        ] GC(489) ParOldGen: 16412K(699392K)->16420K(699392K)
[200.643s][info][gc,metaspace   ] GC(489) Metaspace: 53422K(54016K)->53422K(54016K) NonClass: 45956K(46208K)->45956K(46208K) Class: 7465K(7808K)->7465K(7808K)
[200.643s][info][gc             ] GC(489) Pause Young (Allocation Failure) 355M->16M(1023M) 0.554ms
[200.643s][info][gc,cpu         ] GC(489) User=0.00s Sys=0.00s Real=0.00s
[201.069s][info][gc,start       ] GC(490) Pause Young (Allocation Failure)
[201.069s][info][gc,heap        ] GC(490) PSYoungGen: 347456K(348160K)->288K(348672K) Eden: 347136K(347136K)->0K(348160K) From: 320K(1024K)->288K(512K)
[201.070s][info][gc,heap        ] GC(490) ParOldGen: 16420K(699392K)->16468K(699392K)
[201.070s][info][gc,metaspace   ] GC(490) Metaspace: 53422K(54016K)->53422K(54016K) NonClass: 45956K(46208K)->45956K(46208K) Class: 7465K(7808K)->7465K(7808K)
[201.070s][info][gc             ] GC(490) Pause Young (Allocation Failure) 355M->16M(1023M) 0.508ms
[201.070s][info][gc,cpu         ] GC(490) User=0.00s Sys=0.00s Real=0.00s
[201.482s][info][gc,start       ] GC(491) Pause Young (Allocation Failure)
[201.482s][info][gc,heap        ] GC(491) PSYoungGen: 348448K(348672K)->256K(348672K) Eden: 348160K(348160K)->0K(348160K) From: 288K(512K)->256K(512K)
[201.482s][info][gc,heap        ] GC(491) ParOldGen: 16468K(699392K)->16484K(699392K)
[201.482s][info][gc,metaspace   ] GC(491) Metaspace: 53422K(54016K)->53422K(54016K) NonClass: 45956K(46208K)->45956K(46208K) Class: 7465K(7808K)->7465K(7808K)
[201.482s][info][gc             ] GC(491) Pause Young (Allocation Failure) 356M->16M(1023M) 0.497ms
[201.482s][info][gc,cpu         ] GC(491) User=0.00s Sys=0.00s Real=0.00s
[201.908s][info][gc,start       ] GC(492) Pause Young (Allocation Failure)
[201.909s][info][gc,heap        ] GC(492) PSYoungGen: 348416K(348672K)->320K(348672K) Eden: 348160K(348160K)->0K(348160K) From: 256K(512K)->320K(512K)
[201.909s][info][gc,heap        ] GC(492) ParOldGen: 16484K(699392K)->16524K(699392K)
[201.909s][info][gc,metaspace   ] GC(492) Metaspace: 53422K(54016K)->53422K(54016K) NonClass: 45956K(46208K)->45956K(46208K) Class: 7465K(7808K)->7465K(7808K)
[201.909s][info][gc             ] GC(492) Pause Young (Allocation Failure) 356M->16M(1023M) 0.503ms
[201.909s][info][gc,cpu         ] GC(492) User=0.00s Sys=0.00s Real=0.00s
[202.326s][info][gc,start       ] GC(493) Pause Young (Allocation Failure)
[202.326s][info][gc,heap        ] GC(493) PSYoungGen: 348480K(348672K)->288K(348672K) Eden: 348160K(348160K)->0K(348160K) From: 320K(512K)->288K(512K)
[202.326s][info][gc,heap        ] GC(493) ParOldGen: 16524K(699392K)->16532K(699392K)
[202.326s][info][gc,metaspace   ] GC(493) Metaspace: 53422K(54016K)->53422K(54016K) NonClass: 45956K(46208K)->45956K(46208K) Class: 7465K(7808K)->7465K(7808K)
[202.327s][info][gc             ] GC(493) Pause Young (Allocation Failure) 356M->16M(1023M) 0.496ms
[202.327s][info][gc,cpu         ] GC(493) User=0.00s Sys=0.00s Real=0.00s
[202.749s][info][gc,start       ] GC(494) Pause Young (System.gc())
[202.749s][info][gc,heap        ] GC(494) PSYoungGen: 324206K(348672K)->384K(348672K) Eden: 323918K(348160K)->0K(348160K) From: 288K(512K)->384K(512K)
[202.749s][info][gc,heap        ] GC(494) ParOldGen: 16532K(699392K)->16564K(699392K)
[202.749s][info][gc,metaspace   ] GC(494) Metaspace: 53422K(54016K)->53422K(54016K) NonClass: 45957K(46208K)->45957K(46208K) Class: 7465K(7808K)->7465K(7808K)
[202.750s][info][gc             ] GC(494) Pause Young (System.gc()) 332M->16M(1023M) 0.663ms
[202.750s][info][gc,cpu         ] GC(494) User=0.00s Sys=0.00s Real=0.00s
[202.750s][info][gc,start       ] GC(495) Pause Full (System.gc())
[202.750s][info][gc,phases,start] GC(495) Marking Phase
[202.768s][info][gc,phases      ] GC(495) Marking Phase 18.176ms
[202.768s][info][gc,phases,start] GC(495) Summary Phase
[202.768s][info][gc,phases      ] GC(495) Summary Phase 0.009ms
[202.768s][info][gc,phases,start] GC(495) Adjust Roots
[202.775s][info][gc,phases      ] GC(495) Adjust Roots 7.600ms
[202.776s][info][gc,phases,start] GC(495) Compaction Phase
[202.779s][info][gc,phases      ] GC(495) Compaction Phase 3.630ms
[202.779s][info][gc,phases,start] GC(495) Post Compact
[202.779s][info][gc,phases      ] GC(495) Post Compact 0.202ms
[202.779s][info][gc,heap        ] GC(495) PSYoungGen: 384K(348672K)->0K(348672K) Eden: 0K(348160K)->0K(348160K) From: 384K(512K)->0K(512K)
[202.779s][info][gc,heap        ] GC(495) ParOldGen: 16564K(699392K)->16143K(699392K)
[202.779s][info][gc,metaspace   ] GC(495) Metaspace: 53422K(54016K)->53422K(54016K) NonClass: 45957K(46208K)->45957K(46208K) Class: 7465K(7808K)->7465K(7808K)
[202.779s][info][gc             ] GC(495) Pause Full (System.gc()) 16M->15M(1023M) 29.858ms
[202.779s][info][gc,cpu         ] GC(495) User=0.02s Sys=0.00s Real=0.01s
[203.218s][info][gc,start       ] GC(496) Pause Young (Allocation Failure)
[203.218s][info][gc,heap        ] GC(496) PSYoungGen: 348160K(348672K)->448K(348672K) Eden: 348160K(348160K)->0K(348160K) From: 0K(512K)->448K(512K)
[203.218s][info][gc,heap        ] GC(496) ParOldGen: 16143K(699392K)->16151K(699392K)
[203.218s][info][gc,metaspace   ] GC(496) Metaspace: 53427K(54016K)->53427K(54016K) NonClass: 45961K(46208K)->45961K(46208K) Class: 7465K(7808K)->7465K(7808K)
[203.218s][info][gc             ] GC(496) Pause Young (Allocation Failure) 355M->16M(1023M) 0.628ms
[203.219s][info][gc,cpu         ] GC(496) User=0.00s Sys=0.00s Real=0.00s
[203.638s][info][gc,start       ] GC(497) Pause Young (Allocation Failure)
[203.638s][info][gc,heap        ] GC(497) PSYoungGen: 348608K(348672K)->256K(348672K) Eden: 348160K(348160K)->0K(348160K) From: 448K(512K)->256K(512K)
[203.638s][info][gc,heap        ] GC(497) ParOldGen: 16151K(699392K)->16399K(699392K)
[203.638s][info][gc,metaspace   ] GC(497) Metaspace: 53427K(54016K)->53427K(54016K) NonClass: 45961K(46208K)->45961K(46208K) Class: 7465K(7808K)->7465K(7808K)
[203.638s][info][gc             ] GC(497) Pause Young (Allocation Failure) 356M->16M(1023M) 0.665ms
[203.638s][info][gc,cpu         ] GC(497) User=0.00s Sys=0.00s Real=0.00s
[204.075s][info][gc,start       ] GC(498) Pause Young (Allocation Failure)
[204.075s][info][gc,heap        ] GC(498) PSYoungGen: 348416K(348672K)->256K(348672K) Eden: 348160K(348160K)->0K(348160K) From: 256K(512K)->256K(512K)
[204.075s][info][gc,heap        ] GC(498) ParOldGen: 16399K(699392K)->16431K(699392K)
[204.075s][info][gc,metaspace   ] GC(498) Metaspace: 53427K(54016K)->53427K(54016K) NonClass: 45961K(46208K)->45961K(46208K) Class: 7465K(7808K)->7465K(7808K)
[204.075s][info][gc             ] GC(498) Pause Young (Allocation Failure) 356M->16M(1023M) 0.534ms
[204.075s][info][gc,cpu         ] GC(498) User=0.00s Sys=0.00s Real=0.00s
[204.498s][info][gc,start       ] GC(499) Pause Young (Allocation Failure)
[204.498s][info][gc,heap        ] GC(499) PSYoungGen: 348416K(348672K)->256K(348672K) Eden: 348160K(348160K)->0K(348160K) From: 256K(512K)->256K(512K)
[204.498s][info][gc,heap        ] GC(499) ParOldGen: 16431K(699392K)->16447K(699392K)
[204.498s][info][gc,metaspace   ] GC(499) Metaspace: 53427K(54016K)->53427K(54016K) NonClass: 45961K(46208K)->45961K(46208K) Class: 7465K(7808K)->7465K(7808K)
[204.498s][info][gc             ] GC(499) Pause Young (Allocation Failure) 356M->16M(1023M) 0.482ms
[204.498s][info][gc,cpu         ] GC(499) User=0.00s Sys=0.00s Real=0.00s
[204.938s][info][gc,start       ] GC(500) Pause Young (Allocation Failure)
[204.938s][info][gc,heap        ] GC(500) PSYoungGen: 348416K(348672K)->256K(348672K) Eden: 348160K(348160K)->0K(348160K) From: 256K(512K)->256K(512K)
[204.938s][info][gc,heap        ] GC(500) ParOldGen: 16447K(699392K)->16495K(699392K)
[204.938s][info][gc,metaspace   ] GC(500) Metaspace: 53427K(54016K)->53427K(54016K) NonClass: 45961K(46208K)->45961K(46208K) Class: 7465K(7808K)->7465K(7808K)
[204.938s][info][gc             ] GC(500) Pause Young (Allocation Failure) 356M->16M(1023M) 0.532ms
[204.938s][info][gc,cpu         ] GC(500) User=0.00s Sys=0.00s Real=0.00s
[205.358s][info][gc,start       ] GC(501) Pause Young (Allocation Failure)
[205.358s][info][gc,heap        ] GC(501) PSYoungGen: 348416K(348672K)->256K(348672K) Eden: 348160K(348160K)->0K(348160K) From: 256K(512K)->256K(512K)
[205.358s][info][gc,heap        ] GC(501) ParOldGen: 16495K(699392K)->16495K(699392K)
[205.358s][info][gc,metaspace   ] GC(501) Metaspace: 53427K(54016K)->53427K(54016K) NonClass: 45961K(46208K)->45961K(46208K) Class: 7465K(7808K)->7465K(7808K)
[205.358s][info][gc             ] GC(501) Pause Young (Allocation Failure) 356M->16M(1023M) 0.495ms
[205.358s][info][gc,cpu         ] GC(501) User=0.00s Sys=0.00s Real=0.00s
[205.785s][info][gc,start       ] GC(502) Pause Young (Allocation Failure)
[205.785s][info][gc,heap        ] GC(502) PSYoungGen: 348416K(348672K)->256K(348672K) Eden: 348160K(348160K)->0K(348160K) From: 256K(512K)->256K(512K)
[205.785s][info][gc,heap        ] GC(502) ParOldGen: 16495K(699392K)->16535K(699392K)
[205.785s][info][gc,metaspace   ] GC(502) Metaspace: 53427K(54016K)->53427K(54016K) NonClass: 45961K(46208K)->45961K(46208K) Class: 7465K(7808K)->7465K(7808K)
[205.785s][info][gc             ] GC(502) Pause Young (Allocation Failure) 356M->16M(1023M) 0.479ms
[205.785s][info][gc,cpu         ] GC(502) User=0.00s Sys=0.00s Real=0.00s
[206.195s][info][gc,start       ] GC(503) Pause Young (System.gc())
[206.195s][info][gc,heap        ] GC(503) PSYoungGen: 322849K(348672K)->256K(348672K) Eden: 322593K(348160K)->0K(348160K) From: 256K(512K)->256K(512K)
[206.195s][info][gc,heap        ] GC(503) ParOldGen: 16535K(699392K)->16551K(699392K)
[206.195s][info][gc,metaspace   ] GC(503) Metaspace: 53427K(54016K)->53427K(54016K) NonClass: 45961K(46208K)->45961K(46208K) Class: 7465K(7808K)->7465K(7808K)
[206.195s][info][gc             ] GC(503) Pause Young (System.gc()) 331M->16M(1023M) 0.495ms
[206.195s][info][gc,cpu         ] GC(503) User=0.00s Sys=0.00s Real=0.00s
[206.195s][info][gc,start       ] GC(504) Pause Full (System.gc())
[206.195s][info][gc,phases,start] GC(504) Marking Phase
[206.213s][info][gc,phases      ] GC(504) Marking Phase 17.440ms
[206.213s][info][gc,phases,start] GC(504) Summary Phase
[206.213s][info][gc,phases      ] GC(504) Summary Phase 0.009ms
[206.213s][info][gc,phases,start] GC(504) Adjust Roots
[206.221s][info][gc,phases      ] GC(504) Adjust Roots 7.952ms
[206.221s][info][gc,phases,start] GC(504) Compaction Phase
[206.224s][info][gc,phases      ] GC(504) Compaction Phase 3.356ms
[206.224s][info][gc,phases,start] GC(504) Post Compact
[206.224s][info][gc,phases      ] GC(504) Post Compact 0.173ms
[206.224s][info][gc,heap        ] GC(504) PSYoungGen: 256K(348672K)->0K(348672K) Eden: 0K(348160K)->0K(348160K) From: 256K(512K)->0K(512K)
[206.224s][info][gc,heap        ] GC(504) ParOldGen: 16551K(699392K)->16018K(699392K)
[206.224s][info][gc,metaspace   ] GC(504) Metaspace: 53427K(54016K)->53427K(54016K) NonClass: 45961K(46208K)->45961K(46208K) Class: 7465K(7808K)->7465K(7808K)
[206.224s][info][gc             ] GC(504) Pause Full (System.gc()) 16M->15M(1023M) 29.173ms
[206.224s][info][gc,cpu         ] GC(504) User=0.02s Sys=0.00s Real=0.02s
[206.669s][info][gc,start       ] GC(505) Pause Young (Allocation Failure)
[206.670s][info][gc,heap        ] GC(505) PSYoungGen: 348160K(348672K)->512K(348672K) Eden: 348160K(348160K)->0K(348160K) From: 0K(512K)->512K(512K)
[206.670s][info][gc,heap        ] GC(505) ParOldGen: 16018K(699392K)->16042K(699392K)
[206.670s][info][gc,metaspace   ] GC(505) Metaspace: 53429K(54016K)->53429K(54016K) NonClass: 45963K(46208K)->45963K(46208K) Class: 7465K(7808K)->7465K(7808K)
[206.670s][info][gc             ] GC(505) Pause Young (Allocation Failure) 355M->16M(1023M) 0.910ms
[206.670s][info][gc,cpu         ] GC(505) User=0.00s Sys=0.00s Real=0.00s
[207.092s][info][gc,start       ] GC(506) Pause Young (Allocation Failure)
[207.092s][info][gc,heap        ] GC(506) PSYoungGen: 348672K(348672K)->192K(347648K) Eden: 348160K(348160K)->0K(347136K) From: 512K(512K)->192K(512K)
[207.092s][info][gc,heap        ] GC(506) ParOldGen: 16042K(699392K)->16418K(699392K)
[207.092s][info][gc,metaspace   ] GC(506) Metaspace: 53429K(54016K)->53429K(54016K) NonClass: 45963K(46208K)->45963K(46208K) Class: 7465K(7808K)->7465K(7808K)
[207.092s][info][gc             ] GC(506) Pause Young (Allocation Failure) 356M->16M(1022M) 0.669ms
[207.092s][info][gc,cpu         ] GC(506) User=0.00s Sys=0.00s Real=0.00s
[207.508s][info][gc,start       ] GC(507) Pause Young (Allocation Failure)
[207.508s][info][gc,heap        ] GC(507) PSYoungGen: 347328K(347648K)->256K(348160K) Eden: 347136K(347136K)->0K(347136K) From: 192K(512K)->256K(1024K)
[207.508s][info][gc,heap        ] GC(507) ParOldGen: 16418K(699392K)->16418K(699392K)
[207.508s][info][gc,metaspace   ] GC(507) Metaspace: 53429K(54016K)->53429K(54016K) NonClass: 45963K(46208K)->45963K(46208K) Class: 7465K(7808K)->7465K(7808K)
[207.508s][info][gc             ] GC(507) Pause Young (Allocation Failure) 355M->16M(1023M) 0.524ms
[207.508s][info][gc,cpu         ] GC(507) User=0.00s Sys=0.00s Real=0.00s
[207.937s][info][gc,start       ] GC(508) Pause Young (Allocation Failure)
[207.937s][info][gc,heap        ] GC(508) PSYoungGen: 347392K(348160K)->224K(348672K) Eden: 347136K(347136K)->0K(348160K) From: 256K(1024K)->224K(512K)
[207.937s][info][gc,heap        ] GC(508) ParOldGen: 16418K(699392K)->16450K(699392K)
[207.937s][info][gc,metaspace   ] GC(508) Metaspace: 53431K(54016K)->53431K(54016K) NonClass: 45965K(46208K)->45965K(46208K) Class: 7465K(7808K)->7465K(7808K)
[207.937s][info][gc             ] GC(508) Pause Young (Allocation Failure) 355M->16M(1023M) 0.526ms
[207.937s][info][gc,cpu         ] GC(508) User=0.00s Sys=0.00s Real=0.00s
[208.359s][info][gc,start       ] GC(509) Pause Young (Allocation Failure)
[208.359s][info][gc,heap        ] GC(509) PSYoungGen: 348384K(348672K)->256K(348672K) Eden: 348160K(348160K)->0K(348160K) From: 224K(512K)->256K(512K)
[208.359s][info][gc,heap        ] GC(509) ParOldGen: 16450K(699392K)->16490K(699392K)
[208.359s][info][gc,metaspace   ] GC(509) Metaspace: 53431K(54016K)->53431K(54016K) NonClass: 45965K(46208K)->45965K(46208K) Class: 7465K(7808K)->7465K(7808K)
[208.359s][info][gc             ] GC(509) Pause Young (Allocation Failure) 356M->16M(1023M) 0.600ms
[208.359s][info][gc,cpu         ] GC(509) User=0.00s Sys=0.00s Real=0.00s
[208.792s][info][gc,start       ] GC(510) Pause Young (Allocation Failure)
[208.792s][info][gc,heap        ] GC(510) PSYoungGen: 348416K(348672K)->224K(348672K) Eden: 348160K(348160K)->0K(348160K) From: 256K(512K)->224K(512K)
[208.792s][info][gc,heap        ] GC(510) ParOldGen: 16490K(699392K)->16522K(699392K)
[208.792s][info][gc,metaspace   ] GC(510) Metaspace: 53431K(54016K)->53431K(54016K) NonClass: 45965K(46208K)->45965K(46208K) Class: 7465K(7808K)->7465K(7808K)
[208.792s][info][gc             ] GC(510) Pause Young (Allocation Failure) 356M->16M(1023M) 0.558ms
[208.792s][info][gc,cpu         ] GC(510) User=0.00s Sys=0.00s Real=0.00s
[209.209s][info][gc,start       ] GC(511) Pause Young (Allocation Failure)
[209.209s][info][gc,heap        ] GC(511) PSYoungGen: 348384K(348672K)->224K(348672K) Eden: 348160K(348160K)->0K(348160K) From: 224K(512K)->224K(512K)
[209.209s][info][gc,heap        ] GC(511) ParOldGen: 16522K(699392K)->16522K(699392K)
[209.209s][info][gc,metaspace   ] GC(511) Metaspace: 53431K(54016K)->53431K(54016K) NonClass: 45965K(46208K)->45965K(46208K) Class: 7465K(7808K)->7465K(7808K)
[209.209s][info][gc             ] GC(511) Pause Young (Allocation Failure) 356M->16M(1023M) 0.489ms
[209.209s][info][gc,cpu         ] GC(511) User=0.00s Sys=0.00s Real=0.00s
[209.629s][info][gc,start       ] GC(512) Pause Young (System.gc())
[209.629s][info][gc,heap        ] GC(512) PSYoungGen: 324768K(348672K)->224K(348672K) Eden: 324544K(348160K)->0K(348160K) From: 224K(512K)->224K(512K)
[209.629s][info][gc,heap        ] GC(512) ParOldGen: 16522K(699392K)->16530K(699392K)
[209.629s][info][gc,metaspace   ] GC(512) Metaspace: 53431K(54016K)->53431K(54016K) NonClass: 45965K(46208K)->45965K(46208K) Class: 7465K(7808K)->7465K(7808K)
[209.629s][info][gc             ] GC(512) Pause Young (System.gc()) 333M->16M(1023M) 0.484ms
[209.629s][info][gc,cpu         ] GC(512) User=0.00s Sys=0.00s Real=0.00s
[209.629s][info][gc,start       ] GC(513) Pause Full (System.gc())
[209.629s][info][gc,phases,start] GC(513) Marking Phase
[209.647s][info][gc,phases      ] GC(513) Marking Phase 17.726ms
[209.647s][info][gc,phases,start] GC(513) Summary Phase
[209.647s][info][gc,phases      ] GC(513) Summary Phase 0.010ms
[209.647s][info][gc,phases,start] GC(513) Adjust Roots
[209.655s][info][gc,phases      ] GC(513) Adjust Roots 7.585ms
[209.655s][info][gc,phases,start] GC(513) Compaction Phase
[209.658s][info][gc,phases      ] GC(513) Compaction Phase 3.227ms
[209.658s][info][gc,phases,start] GC(513) Post Compact
[209.658s][info][gc,phases      ] GC(513) Post Compact 0.187ms
[209.658s][info][gc,heap        ] GC(513) PSYoungGen: 224K(348672K)->0K(348672K) Eden: 0K(348160K)->0K(348160K) From: 224K(512K)->0K(512K)
[209.658s][info][gc,heap        ] GC(513) ParOldGen: 16530K(699392K)->16019K(699392K)
[209.658s][info][gc,metaspace   ] GC(513) Metaspace: 53431K(54016K)->53431K(54016K) NonClass: 45965K(46208K)->45965K(46208K) Class: 7465K(7808K)->7465K(7808K)
[209.658s][info][gc             ] GC(513) Pause Full (System.gc()) 16M->15M(1023M) 28.968ms
[209.658s][info][gc,cpu         ] GC(513) User=0.02s Sys=0.00s Real=0.02s
[210.120s][info][gc,start       ] GC(514) Pause Young (Allocation Failure)
[210.121s][info][gc,heap        ] GC(514) PSYoungGen: 348160K(348672K)->512K(348672K) Eden: 348160K(348160K)->0K(348160K) From: 0K(512K)->512K(512K)
[210.121s][info][gc,heap        ] GC(514) ParOldGen: 16019K(699392K)->16059K(699392K)
[210.121s][info][gc,metaspace   ] GC(514) Metaspace: 53460K(54016K)->53460K(54016K) NonClass: 45995K(46208K)->45995K(46208K) Class: 7465K(7808K)->7465K(7808K)
[210.121s][info][gc             ] GC(514) Pause Young (Allocation Failure) 355M->16M(1023M) 0.727ms
[210.121s][info][gc,cpu         ] GC(514) User=0.00s Sys=0.00s Real=0.00s
[210.547s][info][gc,start       ] GC(515) Pause Young (Allocation Failure)
[210.548s][info][gc,heap        ] GC(515) PSYoungGen: 348672K(348672K)->192K(347648K) Eden: 348160K(348160K)->0K(347136K) From: 512K(512K)->192K(512K)
[210.548s][info][gc,heap        ] GC(515) ParOldGen: 16059K(699392K)->16427K(699392K)
[210.548s][info][gc,metaspace   ] GC(515) Metaspace: 53460K(54016K)->53460K(54016K) NonClass: 45995K(46208K)->45995K(46208K) Class: 7465K(7808K)->7465K(7808K)
[210.548s][info][gc             ] GC(515) Pause Young (Allocation Failure) 356M->16M(1022M) 0.674ms
[210.548s][info][gc,cpu         ] GC(515) User=0.00s Sys=0.00s Real=0.00s
[210.983s][info][gc,start       ] GC(516) Pause Young (Allocation Failure)
[210.983s][info][gc,heap        ] GC(516) PSYoungGen: 347328K(347648K)->256K(348160K) Eden: 347136K(347136K)->0K(347136K) From: 192K(512K)->256K(1024K)
[210.983s][info][gc,heap        ] GC(516) ParOldGen: 16427K(699392K)->16467K(699392K)
[210.983s][info][gc,metaspace   ] GC(516) Metaspace: 53460K(54016K)->53460K(54016K) NonClass: 45995K(46208K)->45995K(46208K) Class: 7465K(7808K)->7465K(7808K)
[210.983s][info][gc             ] GC(516) Pause Young (Allocation Failure) 355M->16M(1023M) 0.508ms
[210.983s][info][gc,cpu         ] GC(516) User=0.00s Sys=0.00s Real=0.00s
[211.412s][info][gc,start       ] GC(517) Pause Young (Allocation Failure)
[211.413s][info][gc,heap        ] GC(517) PSYoungGen: 347392K(348160K)->288K(348672K) Eden: 347136K(347136K)->0K(348160K) From: 256K(1024K)->288K(512K)
[211.413s][info][gc,heap        ] GC(517) ParOldGen: 16467K(699392K)->16475K(699392K)
[211.413s][info][gc,metaspace   ] GC(517) Metaspace: 53460K(54016K)->53460K(54016K) NonClass: 45995K(46208K)->45995K(46208K) Class: 7465K(7808K)->7465K(7808K)
[211.413s][info][gc             ] GC(517) Pause Young (Allocation Failure) 355M->16M(1023M) 0.646ms
[211.413s][info][gc,cpu         ] GC(517) User=0.00s Sys=0.00s Real=0.00s
[211.852s][info][gc,start       ] GC(518) Pause Young (Allocation Failure)
[211.853s][info][gc,heap        ] GC(518) PSYoungGen: 348448K(348672K)->256K(348672K) Eden: 348160K(348160K)->0K(348160K) From: 288K(512K)->256K(512K)
[211.853s][info][gc,heap        ] GC(518) ParOldGen: 16475K(699392K)->16515K(699392K)
[211.853s][info][gc,metaspace   ] GC(518) Metaspace: 53460K(54016K)->53460K(54016K) NonClass: 45995K(46208K)->45995K(46208K) Class: 7465K(7808K)->7465K(7808K)
[211.853s][info][gc             ] GC(518) Pause Young (Allocation Failure) 356M->16M(1023M) 0.590ms
[211.853s][info][gc,cpu         ] GC(518) User=0.00s Sys=0.00s Real=0.00s
[212.282s][info][gc,start       ] GC(519) Pause Young (Allocation Failure)
[212.283s][info][gc,heap        ] GC(519) PSYoungGen: 348416K(348672K)->256K(348672K) Eden: 348160K(348160K)->0K(348160K) From: 256K(512K)->256K(512K)
[212.283s][info][gc,heap        ] GC(519) ParOldGen: 16515K(699392K)->16531K(699392K)
[212.283s][info][gc,metaspace   ] GC(519) Metaspace: 53460K(54016K)->53460K(54016K) NonClass: 45995K(46208K)->45995K(46208K) Class: 7465K(7808K)->7465K(7808K)
[212.283s][info][gc             ] GC(519) Pause Young (Allocation Failure) 356M->16M(1023M) 0.495ms
[212.283s][info][gc,cpu         ] GC(519) User=0.00s Sys=0.00s Real=0.00s
[212.720s][info][gc,start       ] GC(520) Pause Young (Allocation Failure)
[212.721s][info][gc,heap        ] GC(520) PSYoungGen: 348416K(348672K)->256K(348672K) Eden: 348160K(348160K)->0K(348160K) From: 256K(512K)->256K(512K)
[212.721s][info][gc,heap        ] GC(520) ParOldGen: 16531K(699392K)->16563K(699392K)
[212.721s][info][gc,metaspace   ] GC(520) Metaspace: 53460K(54016K)->53460K(54016K) NonClass: 45995K(46208K)->45995K(46208K) Class: 7465K(7808K)->7465K(7808K)
[212.721s][info][gc             ] GC(520) Pause Young (Allocation Failure) 356M->16M(1023M) 0.704ms
[212.721s][info][gc,cpu         ] GC(520) User=0.00s Sys=0.00s Real=0.00s
[213.137s][info][gc,start       ] GC(521) Pause Young (System.gc())
[213.137s][info][gc,heap        ] GC(521) PSYoungGen: 325848K(348672K)->256K(348672K) Eden: 325592K(348160K)->0K(348160K) From: 256K(512K)->256K(512K)
[213.137s][info][gc,heap        ] GC(521) ParOldGen: 16563K(699392K)->16587K(699392K)
[213.137s][info][gc,metaspace   ] GC(521) Metaspace: 53460K(54016K)->53460K(54016K) NonClass: 45995K(46208K)->45995K(46208K) Class: 7465K(7808K)->7465K(7808K)
[213.137s][info][gc             ] GC(521) Pause Young (System.gc()) 334M->16M(1023M) 0.479ms
[213.137s][info][gc,cpu         ] GC(521) User=0.00s Sys=0.00s Real=0.00s
[213.137s][info][gc,start       ] GC(522) Pause Full (System.gc())
[213.137s][info][gc,phases,start] GC(522) Marking Phase
[213.155s][info][gc,phases      ] GC(522) Marking Phase 17.409ms
[213.155s][info][gc,phases,start] GC(522) Summary Phase
[213.155s][info][gc,phases      ] GC(522) Summary Phase 0.009ms
[213.155s][info][gc,phases,start] GC(522) Adjust Roots
[213.162s][info][gc,phases      ] GC(522) Adjust Roots 7.737ms
[213.162s][info][gc,phases,start] GC(522) Compaction Phase
[213.166s][info][gc,phases      ] GC(522) Compaction Phase 3.193ms
[213.166s][info][gc,phases,start] GC(522) Post Compact
[213.166s][info][gc,phases      ] GC(522) Post Compact 0.162ms
[213.166s][info][gc,heap        ] GC(522) PSYoungGen: 256K(348672K)->0K(348672K) Eden: 0K(348160K)->0K(348160K) From: 256K(512K)->0K(512K)
[213.166s][info][gc,heap        ] GC(522) ParOldGen: 16587K(699392K)->16023K(699392K)
[213.166s][info][gc,metaspace   ] GC(522) Metaspace: 53460K(54016K)->53460K(54016K) NonClass: 45995K(46208K)->45995K(46208K) Class: 7465K(7808K)->7465K(7808K)
[213.166s][info][gc             ] GC(522) Pause Full (System.gc()) 16M->15M(1023M) 28.752ms
[213.166s][info][gc,cpu         ] GC(522) User=0.03s Sys=0.00s Real=0.03s
[213.611s][info][gc,start       ] GC(523) Pause Young (Allocation Failure)
[213.612s][info][gc,heap        ] GC(523) PSYoungGen: 348160K(348672K)->512K(348672K) Eden: 348160K(348160K)->0K(348160K) From: 0K(512K)->512K(512K)
[213.612s][info][gc,heap        ] GC(523) ParOldGen: 16023K(699392K)->16063K(699392K)
[213.612s][info][gc,metaspace   ] GC(523) Metaspace: 53462K(54016K)->53462K(54016K) NonClass: 45996K(46208K)->45996K(46208K) Class: 7465K(7808K)->7465K(7808K)
[213.612s][info][gc             ] GC(523) Pause Young (Allocation Failure) 355M->16M(1023M) 0.710ms
[213.612s][info][gc,cpu         ] GC(523) User=0.00s Sys=0.00s Real=0.00s
[214.052s][info][gc,start       ] GC(524) Pause Young (Allocation Failure)
[214.053s][info][gc,heap        ] GC(524) PSYoungGen: 348672K(348672K)->224K(348672K) Eden: 348160K(348160K)->0K(348160K) From: 512K(512K)->224K(512K)
[214.053s][info][gc,heap        ] GC(524) ParOldGen: 16063K(699392K)->16439K(699392K)
[214.053s][info][gc,metaspace   ] GC(524) Metaspace: 53462K(54016K)->53462K(54016K) NonClass: 45996K(46208K)->45996K(46208K) Class: 7465K(7808K)->7465K(7808K)
[214.053s][info][gc             ] GC(524) Pause Young (Allocation Failure) 356M->16M(1023M) 0.715ms
[214.053s][info][gc,cpu         ] GC(524) User=0.00s Sys=0.00s Real=0.00s
[214.478s][info][gc,start       ] GC(525) Pause Young (Allocation Failure)
[214.478s][info][gc,heap        ] GC(525) PSYoungGen: 348384K(348672K)->256K(348672K) Eden: 348160K(348160K)->0K(348160K) From: 224K(512K)->256K(512K)
[214.478s][info][gc,heap        ] GC(525) ParOldGen: 16439K(699392K)->16447K(699392K)
[214.478s][info][gc,metaspace   ] GC(525) Metaspace: 53462K(54016K)->53462K(54016K) NonClass: 45996K(46208K)->45996K(46208K) Class: 7465K(7808K)->7465K(7808K)
[214.478s][info][gc             ] GC(525) Pause Young (Allocation Failure) 356M->16M(1023M) 0.487ms
[214.478s][info][gc,cpu         ] GC(525) User=0.00s Sys=0.00s Real=0.00s
[214.918s][info][gc,start       ] GC(526) Pause Young (Allocation Failure)
[214.918s][info][gc,heap        ] GC(526) PSYoungGen: 348416K(348672K)->256K(348672K) Eden: 348160K(348160K)->0K(348160K) From: 256K(512K)->256K(512K)
[214.918s][info][gc,heap        ] GC(526) ParOldGen: 16447K(699392K)->16487K(699392K)
[214.918s][info][gc,metaspace   ] GC(526) Metaspace: 53462K(54016K)->53462K(54016K) NonClass: 45996K(46208K)->45996K(46208K) Class: 7465K(7808K)->7465K(7808K)
[214.918s][info][gc             ] GC(526) Pause Young (Allocation Failure) 356M->16M(1023M) 0.455ms
[214.918s][info][gc,cpu         ] GC(526) User=0.00s Sys=0.00s Real=0.00s
[215.342s][info][gc,start       ] GC(527) Pause Young (Allocation Failure)
[215.342s][info][gc,heap        ] GC(527) PSYoungGen: 348416K(348672K)->256K(348672K) Eden: 348160K(348160K)->0K(348160K) From: 256K(512K)->256K(512K)
[215.342s][info][gc,heap        ] GC(527) ParOldGen: 16487K(699392K)->16495K(699392K)
[215.342s][info][gc,metaspace   ] GC(527) Metaspace: 53462K(54016K)->53462K(54016K) NonClass: 45996K(46208K)->45996K(46208K) Class: 7465K(7808K)->7465K(7808K)
[215.342s][info][gc             ] GC(527) Pause Young (Allocation Failure) 356M->16M(1023M) 0.528ms
[215.342s][info][gc,cpu         ] GC(527) User=0.00s Sys=0.00s Real=0.00s
[215.781s][info][gc,start       ] GC(528) Pause Young (Allocation Failure)
[215.782s][info][gc,heap        ] GC(528) PSYoungGen: 348416K(348672K)->224K(348672K) Eden: 348160K(348160K)->0K(348160K) From: 256K(512K)->224K(512K)
[215.782s][info][gc,heap        ] GC(528) ParOldGen: 16495K(699392K)->16535K(699392K)
[215.782s][info][gc,metaspace   ] GC(528) Metaspace: 53462K(54016K)->53462K(54016K) NonClass: 45996K(46208K)->45996K(46208K) Class: 7465K(7808K)->7465K(7808K)
[215.782s][info][gc             ] GC(528) Pause Young (Allocation Failure) 356M->16M(1023M) 0.454ms
[215.782s][info][gc,cpu         ] GC(528) User=0.00s Sys=0.00s Real=0.00s
[216.203s][info][gc,start       ] GC(529) Pause Young (Allocation Failure)
[216.203s][info][gc,heap        ] GC(529) PSYoungGen: 348384K(348672K)->288K(348672K) Eden: 348160K(348160K)->0K(348160K) From: 224K(512K)->288K(512K)
[216.203s][info][gc,heap        ] GC(529) ParOldGen: 16535K(699392K)->16551K(699392K)
[216.203s][info][gc,metaspace   ] GC(529) Metaspace: 53462K(54016K)->53462K(54016K) NonClass: 45996K(46208K)->45996K(46208K) Class: 7465K(7808K)->7465K(7808K)
[216.203s][info][gc             ] GC(529) Pause Young (Allocation Failure) 356M->16M(1023M) 0.498ms
[216.203s][info][gc,cpu         ] GC(529) User=0.00s Sys=0.00s Real=0.00s
[216.611s][info][gc,start       ] GC(530) Pause Young (System.gc())
[216.611s][info][gc,heap        ] GC(530) PSYoungGen: 320482K(348672K)->256K(348672K) Eden: 320194K(348160K)->0K(348160K) From: 288K(512K)->256K(512K)
[216.611s][info][gc,heap        ] GC(530) ParOldGen: 16551K(699392K)->16559K(699392K)
[216.611s][info][gc,metaspace   ] GC(530) Metaspace: 53462K(54016K)->53462K(54016K) NonClass: 45996K(46208K)->45996K(46208K) Class: 7465K(7808K)->7465K(7808K)
[216.611s][info][gc             ] GC(530) Pause Young (System.gc()) 329M->16M(1023M) 0.472ms
[216.611s][info][gc,cpu         ] GC(530) User=0.00s Sys=0.00s Real=0.02s
[216.612s][info][gc,start       ] GC(531) Pause Full (System.gc())
[216.612s][info][gc,phases,start] GC(531) Marking Phase
[216.630s][info][gc,phases      ] GC(531) Marking Phase 18.212ms
[216.630s][info][gc,phases,start] GC(531) Summary Phase
[216.630s][info][gc,phases      ] GC(531) Summary Phase 0.009ms
[216.630s][info][gc,phases,start] GC(531) Adjust Roots
[216.638s][info][gc,phases      ] GC(531) Adjust Roots 8.103ms
[216.638s][info][gc,phases,start] GC(531) Compaction Phase
[216.641s][info][gc,phases      ] GC(531) Compaction Phase 3.218ms
[216.641s][info][gc,phases,start] GC(531) Post Compact
[216.641s][info][gc,phases      ] GC(531) Post Compact 0.158ms
[216.641s][info][gc,heap        ] GC(531) PSYoungGen: 256K(348672K)->0K(348672K) Eden: 0K(348160K)->0K(348160K) From: 256K(512K)->0K(512K)
[216.641s][info][gc,heap        ] GC(531) ParOldGen: 16559K(699392K)->16018K(699392K)
[216.641s][info][gc,metaspace   ] GC(531) Metaspace: 53462K(54016K)->53462K(54016K) NonClass: 45996K(46208K)->45996K(46208K) Class: 7465K(7808K)->7465K(7808K)
[216.641s][info][gc             ] GC(531) Pause Full (System.gc()) 16M->15M(1023M) 29.929ms
[216.641s][info][gc,cpu         ] GC(531) User=0.00s Sys=0.00s Real=0.02s
[217.101s][info][gc,start       ] GC(532) Pause Young (Allocation Failure)
[217.101s][info][gc,heap        ] GC(532) PSYoungGen: 348160K(348672K)->512K(348672K) Eden: 348160K(348160K)->0K(348160K) From: 0K(512K)->512K(512K)
[217.101s][info][gc,heap        ] GC(532) ParOldGen: 16018K(699392K)->16066K(699392K)
[217.101s][info][gc,metaspace   ] GC(532) Metaspace: 53466K(54016K)->53466K(54016K) NonClass: 46000K(46208K)->46000K(46208K) Class: 7465K(7808K)->7465K(7808K)
[217.101s][info][gc             ] GC(532) Pause Young (Allocation Failure) 355M->16M(1023M) 0.731ms
[217.101s][info][gc,cpu         ] GC(532) User=0.00s Sys=0.00s Real=0.00s
[217.532s][info][gc,start       ] GC(533) Pause Young (Allocation Failure)
[217.533s][info][gc,heap        ] GC(533) PSYoungGen: 348672K(348672K)->224K(347648K) Eden: 348160K(348160K)->0K(347136K) From: 512K(512K)->224K(512K)
[217.533s][info][gc,heap        ] GC(533) ParOldGen: 16066K(699392K)->16426K(699392K)
[217.533s][info][gc,metaspace   ] GC(533) Metaspace: 53466K(54016K)->53466K(54016K) NonClass: 46000K(46208K)->46000K(46208K) Class: 7465K(7808K)->7465K(7808K)
[217.533s][info][gc             ] GC(533) Pause Young (Allocation Failure) 356M->16M(1022M) 0.681ms
[217.533s][info][gc,cpu         ] GC(533) User=0.00s Sys=0.00s Real=0.00s
[217.978s][info][gc,start       ] GC(534) Pause Young (Allocation Failure)
[217.978s][info][gc,heap        ] GC(534) PSYoungGen: 347360K(347648K)->224K(348160K) Eden: 347136K(347136K)->0K(347136K) From: 224K(512K)->224K(1024K)
[217.979s][info][gc,heap        ] GC(534) ParOldGen: 16426K(699392K)->16474K(699392K)
[217.979s][info][gc,metaspace   ] GC(534) Metaspace: 53466K(54016K)->53466K(54016K) NonClass: 46000K(46208K)->46000K(46208K) Class: 7465K(7808K)->7465K(7808K)
[217.979s][info][gc             ] GC(534) Pause Young (Allocation Failure) 355M->16M(1023M) 0.481ms
[217.979s][info][gc,cpu         ] GC(534) User=0.00s Sys=0.00s Real=0.00s
[218.404s][info][gc,start       ] GC(535) Pause Young (Allocation Failure)
[218.405s][info][gc,heap        ] GC(535) PSYoungGen: 347360K(348160K)->224K(348672K) Eden: 347136K(347136K)->0K(348160K) From: 224K(1024K)->224K(512K)
[218.405s][info][gc,heap        ] GC(535) ParOldGen: 16474K(699392K)->16482K(699392K)
[218.405s][info][gc,metaspace   ] GC(535) Metaspace: 53466K(54016K)->53466K(54016K) NonClass: 46000K(46208K)->46000K(46208K) Class: 7465K(7808K)->7465K(7808K)
[218.405s][info][gc             ] GC(535) Pause Young (Allocation Failure) 355M->16M(1023M) 0.500ms
[218.405s][info][gc,cpu         ] GC(535) User=0.00s Sys=0.00s Real=0.00s
[218.849s][info][gc,start       ] GC(536) Pause Young (Allocation Failure)
[218.850s][info][gc,heap        ] GC(536) PSYoungGen: 348384K(348672K)->224K(348672K) Eden: 348160K(348160K)->0K(348160K) From: 224K(512K)->224K(512K)
[218.850s][info][gc,heap        ] GC(536) ParOldGen: 16482K(699392K)->16530K(699392K)
[218.850s][info][gc,metaspace   ] GC(536) Metaspace: 53466K(54016K)->53466K(54016K) NonClass: 46000K(46208K)->46000K(46208K) Class: 7465K(7808K)->7465K(7808K)
[218.850s][info][gc             ] GC(536) Pause Young (Allocation Failure) 356M->16M(1023M) 0.498ms
[218.850s][info][gc,cpu         ] GC(536) User=0.00s Sys=0.00s Real=0.00s
[219.281s][info][gc,start       ] GC(537) Pause Young (Allocation Failure)
[219.281s][info][gc,heap        ] GC(537) PSYoungGen: 348384K(348672K)->224K(348672K) Eden: 348160K(348160K)->0K(348160K) From: 224K(512K)->224K(512K)
[219.281s][info][gc,heap        ] GC(537) ParOldGen: 16530K(699392K)->16546K(699392K)
[219.281s][info][gc,metaspace   ] GC(537) Metaspace: 53466K(54016K)->53466K(54016K) NonClass: 46000K(46208K)->46000K(46208K) Class: 7465K(7808K)->7465K(7808K)
[219.281s][info][gc             ] GC(537) Pause Young (Allocation Failure) 356M->16M(1023M) 0.496ms
[219.281s][info][gc,cpu         ] GC(537) User=0.00s Sys=0.00s Real=0.00s
[219.722s][info][gc,start       ] GC(538) Pause Young (Allocation Failure)
[219.723s][info][gc,heap        ] GC(538) PSYoungGen: 348384K(348672K)->224K(348672K) Eden: 348160K(348160K)->0K(348160K) From: 224K(512K)->224K(512K)
[219.723s][info][gc,heap        ] GC(538) ParOldGen: 16546K(699392K)->16594K(699392K)
[219.723s][info][gc,metaspace   ] GC(538) Metaspace: 53466K(54016K)->53466K(54016K) NonClass: 46000K(46208K)->46000K(46208K) Class: 7465K(7808K)->7465K(7808K)
[219.723s][info][gc             ] GC(538) Pause Young (Allocation Failure) 356M->16M(1023M) 0.521ms
[219.723s][info][gc,cpu         ] GC(538) User=0.00s Sys=0.00s Real=0.00s
[220.153s][info][gc,start       ] GC(539) Pause Young (System.gc())
[220.154s][info][gc,heap        ] GC(539) PSYoungGen: 326340K(348672K)->192K(348672K) Eden: 326116K(348160K)->0K(348160K) From: 224K(512K)->192K(512K)
[220.154s][info][gc,heap        ] GC(539) ParOldGen: 16594K(699392K)->16602K(699392K)
[220.154s][info][gc,metaspace   ] GC(539) Metaspace: 53466K(54016K)->53466K(54016K) NonClass: 46000K(46208K)->46000K(46208K) Class: 7465K(7808K)->7465K(7808K)
[220.154s][info][gc             ] GC(539) Pause Young (System.gc()) 334M->16M(1023M) 0.497ms
[220.154s][info][gc,cpu         ] GC(539) User=0.00s Sys=0.00s Real=0.00s
[220.154s][info][gc,start       ] GC(540) Pause Full (System.gc())
[220.154s][info][gc,phases,start] GC(540) Marking Phase
[220.173s][info][gc,phases      ] GC(540) Marking Phase 18.650ms
[220.173s][info][gc,phases,start] GC(540) Summary Phase
[220.173s][info][gc,phases      ] GC(540) Summary Phase 0.009ms
[220.173s][info][gc,phases,start] GC(540) Adjust Roots
[220.180s][info][gc,phases      ] GC(540) Adjust Roots 7.654ms
[220.180s][info][gc,phases,start] GC(540) Compaction Phase
[220.184s][info][gc,phases      ] GC(540) Compaction Phase 3.171ms
[220.184s][info][gc,phases,start] GC(540) Post Compact
[220.184s][info][gc,phases      ] GC(540) Post Compact 0.196ms
[220.184s][info][gc,heap        ] GC(540) PSYoungGen: 192K(348672K)->0K(348672K) Eden: 0K(348160K)->0K(348160K) From: 192K(512K)->0K(512K)
[220.184s][info][gc,heap        ] GC(540) ParOldGen: 16602K(699392K)->16037K(699392K)
[220.184s][info][gc,metaspace   ] GC(540) Metaspace: 53466K(54016K)->53466K(54016K) NonClass: 46000K(46208K)->46000K(46208K) Class: 7465K(7808K)->7465K(7808K)
[220.184s][info][gc             ] GC(540) Pause Full (System.gc()) 16M->15M(1023M) 29.913ms
[220.184s][info][gc,cpu         ] GC(540) User=0.03s Sys=0.00s Real=0.02s
[220.625s][info][gc,start       ] GC(541) Pause Young (Allocation Failure)
[220.626s][info][gc,heap        ] GC(541) PSYoungGen: 348160K(348672K)->512K(348672K) Eden: 348160K(348160K)->0K(348160K) From: 0K(512K)->512K(512K)
[220.626s][info][gc,heap        ] GC(541) ParOldGen: 16037K(699392K)->16069K(699392K)
[220.626s][info][gc,metaspace   ] GC(541) Metaspace: 53467K(54016K)->53467K(54016K) NonClass: 46001K(46208K)->46001K(46208K) Class: 7465K(7808K)->7465K(7808K)
[220.626s][info][gc             ] GC(541) Pause Young (Allocation Failure) 355M->16M(1023M) 0.708ms
[220.626s][info][gc,cpu         ] GC(541) User=0.00s Sys=0.00s Real=0.00s
[221.070s][info][gc,start       ] GC(542) Pause Young (Allocation Failure)
[221.071s][info][gc,heap        ] GC(542) PSYoungGen: 348672K(348672K)->224K(347648K) Eden: 348160K(348160K)->0K(347136K) From: 512K(512K)->224K(512K)
[221.071s][info][gc,heap        ] GC(542) ParOldGen: 16069K(699392K)->16429K(699392K)
[221.071s][info][gc,metaspace   ] GC(542) Metaspace: 53467K(54016K)->53467K(54016K) NonClass: 46001K(46208K)->46001K(46208K) Class: 7465K(7808K)->7465K(7808K)
[221.071s][info][gc             ] GC(542) Pause Young (Allocation Failure) 356M->16M(1022M) 0.870ms
[221.071s][info][gc,cpu         ] GC(542) User=0.00s Sys=0.00s Real=0.00s
[221.557s][info][gc,start       ] GC(543) Pause Young (Allocation Failure)
[221.558s][info][gc,heap        ] GC(543) PSYoungGen: 347360K(347648K)->256K(348160K) Eden: 347136K(347136K)->0K(347136K) From: 224K(512K)->256K(1024K)
[221.558s][info][gc,heap        ] GC(543) ParOldGen: 16429K(699392K)->16437K(699392K)
[221.558s][info][gc,metaspace   ] GC(543) Metaspace: 53467K(54016K)->53467K(54016K) NonClass: 46001K(46208K)->46001K(46208K) Class: 7465K(7808K)->7465K(7808K)
[221.558s][info][gc             ] GC(543) Pause Young (Allocation Failure) 355M->16M(1023M) 0.541ms
[221.558s][info][gc,cpu         ] GC(543) User=0.00s Sys=0.00s Real=0.00s
[222.044s][info][gc,start       ] GC(544) Pause Young (Allocation Failure)
[222.044s][info][gc,heap        ] GC(544) PSYoungGen: 347392K(348160K)->288K(348672K) Eden: 347136K(347136K)->0K(348160K) From: 256K(1024K)->288K(512K)
[222.044s][info][gc,heap        ] GC(544) ParOldGen: 16437K(699392K)->16477K(699392K)
[222.044s][info][gc,metaspace   ] GC(544) Metaspace: 53467K(54016K)->53467K(54016K) NonClass: 46001K(46208K)->46001K(46208K) Class: 7465K(7808K)->7465K(7808K)
[222.044s][info][gc             ] GC(544) Pause Young (Allocation Failure) 355M->16M(1023M) 0.493ms
[222.044s][info][gc,cpu         ] GC(544) User=0.00s Sys=0.00s Real=0.00s
[222.559s][info][gc,start       ] GC(545) Pause Young (Allocation Failure)
[222.559s][info][gc,heap        ] GC(545) PSYoungGen: 348448K(348672K)->288K(348672K) Eden: 348160K(348160K)->0K(348160K) From: 288K(512K)->288K(512K)
[222.559s][info][gc,heap        ] GC(545) ParOldGen: 16477K(699392K)->16517K(699392K)
[222.559s][info][gc,metaspace   ] GC(545) Metaspace: 53467K(54016K)->53467K(54016K) NonClass: 46001K(46208K)->46001K(46208K) Class: 7465K(7808K)->7465K(7808K)
[222.559s][info][gc             ] GC(545) Pause Young (Allocation Failure) 356M->16M(1023M) 0.606ms
[222.559s][info][gc,cpu         ] GC(545) User=0.00s Sys=0.00s Real=0.00s
[223.049s][info][gc,start       ] GC(546) Pause Young (Allocation Failure)
[223.050s][info][gc,heap        ] GC(546) PSYoungGen: 348448K(348672K)->256K(348672K) Eden: 348160K(348160K)->0K(348160K) From: 288K(512K)->256K(512K)
[223.050s][info][gc,heap        ] GC(546) ParOldGen: 16517K(699392K)->16557K(699392K)
[223.050s][info][gc,metaspace   ] GC(546) Metaspace: 53467K(54016K)->53467K(54016K) NonClass: 46001K(46208K)->46001K(46208K) Class: 7465K(7808K)->7465K(7808K)
[223.050s][info][gc             ] GC(546) Pause Young (Allocation Failure) 356M->16M(1023M) 0.478ms
[223.050s][info][gc,cpu         ] GC(546) User=0.02s Sys=0.00s Real=0.00s
[223.520s][info][gc,start       ] GC(547) Pause Young (Allocation Failure)
[223.520s][info][gc,heap        ] GC(547) PSYoungGen: 348416K(348672K)->224K(348672K) Eden: 348160K(348160K)->0K(348160K) From: 256K(512K)->224K(512K)
[223.521s][info][gc,heap        ] GC(547) ParOldGen: 16557K(699392K)->16573K(699392K)
[223.521s][info][gc,metaspace   ] GC(547) Metaspace: 53467K(54016K)->53467K(54016K) NonClass: 46001K(46208K)->46001K(46208K) Class: 7465K(7808K)->7465K(7808K)
[223.521s][info][gc             ] GC(547) Pause Young (Allocation Failure) 356M->16M(1023M) 0.527ms
[223.521s][info][gc,cpu         ] GC(547) User=0.00s Sys=0.00s Real=0.00s
[224.064s][info][gc,start       ] GC(548) Pause Young (System.gc())
[224.064s][info][gc,heap        ] GC(548) PSYoungGen: 327051K(348672K)->288K(348672K) Eden: 326827K(348160K)->0K(348160K) From: 224K(512K)->288K(512K)
[224.064s][info][gc,heap        ] GC(548) ParOldGen: 16573K(699392K)->16605K(699392K)
[224.064s][info][gc,metaspace   ] GC(548) Metaspace: 53467K(54016K)->53467K(54016K) NonClass: 46001K(46208K)->46001K(46208K) Class: 7465K(7808K)->7465K(7808K)
[224.064s][info][gc             ] GC(548) Pause Young (System.gc()) 335M->16M(1023M) 0.597ms
[224.064s][info][gc,cpu         ] GC(548) User=0.00s Sys=0.00s Real=0.00s
[224.064s][info][gc,start       ] GC(549) Pause Full (System.gc())
[224.064s][info][gc,phases,start] GC(549) Marking Phase
[224.084s][info][gc,phases      ] GC(549) Marking Phase 19.148ms
[224.084s][info][gc,phases,start] GC(549) Summary Phase
[224.084s][info][gc,phases      ] GC(549) Summary Phase 0.009ms
[224.084s][info][gc,phases,start] GC(549) Adjust Roots
[224.092s][info][gc,phases      ] GC(549) Adjust Roots 8.414ms
[224.092s][info][gc,phases,start] GC(549) Compaction Phase
[224.095s][info][gc,phases      ] GC(549) Compaction Phase 2.956ms
[224.095s][info][gc,phases,start] GC(549) Post Compact
[224.095s][info][gc,phases      ] GC(549) Post Compact 0.187ms
[224.095s][info][gc,heap        ] GC(549) PSYoungGen: 288K(348672K)->0K(348672K) Eden: 0K(348160K)->0K(348160K) From: 288K(512K)->0K(512K)
[224.095s][info][gc,heap        ] GC(549) ParOldGen: 16605K(699392K)->16057K(699392K)
[224.095s][info][gc,metaspace   ] GC(549) Metaspace: 53467K(54016K)->53467K(54016K) NonClass: 46001K(46208K)->46001K(46208K) Class: 7465K(7808K)->7465K(7808K)
[224.095s][info][gc             ] GC(549) Pause Full (System.gc()) 16M->15M(1023M) 30.929ms
[224.095s][info][gc,cpu         ] GC(549) User=0.03s Sys=0.00s Real=0.02s
[224.535s][info][gc,start       ] GC(550) Pause Young (Allocation Failure)
[224.536s][info][gc,heap        ] GC(550) PSYoungGen: 348160K(348672K)->512K(348672K) Eden: 348160K(348160K)->0K(348160K) From: 0K(512K)->512K(512K)
[224.536s][info][gc,heap        ] GC(550) ParOldGen: 16057K(699392K)->16097K(699392K)
[224.536s][info][gc,metaspace   ] GC(550) Metaspace: 53468K(54016K)->53468K(54016K) NonClass: 46002K(46208K)->46002K(46208K) Class: 7465K(7808K)->7465K(7808K)
[224.536s][info][gc             ] GC(550) Pause Young (Allocation Failure) 355M->16M(1023M) 0.702ms
[224.536s][info][gc,cpu         ] GC(550) User=0.00s Sys=0.00s Real=0.00s
[224.973s][info][gc,start       ] GC(551) Pause Young (Allocation Failure)
[224.974s][info][gc,heap        ] GC(551) PSYoungGen: 348672K(348672K)->224K(348672K) Eden: 348160K(348160K)->0K(348160K) From: 512K(512K)->224K(512K)
[224.974s][info][gc,heap        ] GC(551) ParOldGen: 16097K(699392K)->16481K(699392K)
[224.974s][info][gc,metaspace   ] GC(551) Metaspace: 53468K(54016K)->53468K(54016K) NonClass: 46002K(46208K)->46002K(46208K) Class: 7465K(7808K)->7465K(7808K)
[224.974s][info][gc             ] GC(551) Pause Young (Allocation Failure) 356M->16M(1023M) 0.661ms
[224.974s][info][gc,cpu         ] GC(551) User=0.00s Sys=0.00s Real=0.00s
[225.400s][info][gc,start       ] GC(552) Pause Young (Allocation Failure)
[225.401s][info][gc,heap        ] GC(552) PSYoungGen: 348384K(348672K)->256K(348672K) Eden: 348160K(348160K)->0K(348160K) From: 224K(512K)->256K(512K)
[225.401s][info][gc,heap        ] GC(552) ParOldGen: 16481K(699392K)->16497K(699392K)
[225.401s][info][gc,metaspace   ] GC(552) Metaspace: 53468K(54016K)->53468K(54016K) NonClass: 46002K(46208K)->46002K(46208K) Class: 7465K(7808K)->7465K(7808K)
[225.401s][info][gc             ] GC(552) Pause Young (Allocation Failure) 356M->16M(1023M) 0.465ms
[225.401s][info][gc,cpu         ] GC(552) User=0.00s Sys=0.00s Real=0.00s
[225.840s][info][gc,start       ] GC(553) Pause Young (Allocation Failure)
[225.840s][info][gc,heap        ] GC(553) PSYoungGen: 348416K(348672K)->256K(348672K) Eden: 348160K(348160K)->0K(348160K) From: 256K(512K)->256K(512K)
[225.840s][info][gc,heap        ] GC(553) ParOldGen: 16497K(699392K)->16537K(699392K)
[225.841s][info][gc,metaspace   ] GC(553) Metaspace: 53468K(54016K)->53468K(54016K) NonClass: 46002K(46208K)->46002K(46208K) Class: 7465K(7808K)->7465K(7808K)
[225.841s][info][gc             ] GC(553) Pause Young (Allocation Failure) 356M->16M(1023M) 0.526ms
[225.841s][info][gc,cpu         ] GC(553) User=0.00s Sys=0.00s Real=0.00s
[226.278s][info][gc,start       ] GC(554) Pause Young (Allocation Failure)
[226.278s][info][gc,heap        ] GC(554) PSYoungGen: 348416K(348672K)->256K(348672K) Eden: 348160K(348160K)->0K(348160K) From: 256K(512K)->256K(512K)
[226.278s][info][gc,heap        ] GC(554) ParOldGen: 16537K(699392K)->16545K(699392K)
[226.278s][info][gc,metaspace   ] GC(554) Metaspace: 53468K(54016K)->53468K(54016K) NonClass: 46002K(46208K)->46002K(46208K) Class: 7465K(7808K)->7465K(7808K)
[226.278s][info][gc             ] GC(554) Pause Young (Allocation Failure) 356M->16M(1023M) 0.674ms
[226.278s][info][gc,cpu         ] GC(554) User=0.00s Sys=0.00s Real=0.00s
[226.727s][info][gc,start       ] GC(555) Pause Young (Allocation Failure)
[226.728s][info][gc,heap        ] GC(555) PSYoungGen: 348416K(348672K)->256K(348672K) Eden: 348160K(348160K)->0K(348160K) From: 256K(512K)->256K(512K)
[226.728s][info][gc,heap        ] GC(555) ParOldGen: 16545K(699392K)->16585K(699392K)
[226.728s][info][gc,metaspace   ] GC(555) Metaspace: 53468K(54016K)->53468K(54016K) NonClass: 46002K(46208K)->46002K(46208K) Class: 7465K(7808K)->7465K(7808K)
[226.728s][info][gc             ] GC(555) Pause Young (Allocation Failure) 356M->16M(1023M) 0.752ms
[226.728s][info][gc,cpu         ] GC(555) User=0.00s Sys=0.00s Real=0.00s
[227.154s][info][gc,start       ] GC(556) Pause Young (Allocation Failure)
[227.155s][info][gc,heap        ] GC(556) PSYoungGen: 348416K(348672K)->224K(348672K) Eden: 348160K(348160K)->0K(348160K) From: 256K(512K)->224K(512K)
[227.155s][info][gc,heap        ] GC(556) ParOldGen: 16585K(699392K)->16585K(699392K)
[227.155s][info][gc,metaspace   ] GC(556) Metaspace: 53468K(54016K)->53468K(54016K) NonClass: 46002K(46208K)->46002K(46208K) Class: 7465K(7808K)->7465K(7808K)
[227.155s][info][gc             ] GC(556) Pause Young (Allocation Failure) 356M->16M(1023M) 0.513ms
[227.155s][info][gc,cpu         ] GC(556) User=0.00s Sys=0.00s Real=0.00s
[227.565s][info][gc,start       ] GC(557) Pause Young (System.gc())
[227.565s][info][gc,heap        ] GC(557) PSYoungGen: 322669K(348672K)->224K(348672K) Eden: 322445K(348160K)->0K(348160K) From: 224K(512K)->224K(512K)
[227.565s][info][gc,heap        ] GC(557) ParOldGen: 16585K(699392K)->16601K(699392K)
[227.565s][info][gc,metaspace   ] GC(557) Metaspace: 53468K(54016K)->53468K(54016K) NonClass: 46002K(46208K)->46002K(46208K) Class: 7465K(7808K)->7465K(7808K)
[227.565s][info][gc             ] GC(557) Pause Young (System.gc()) 331M->16M(1023M) 0.534ms
[227.565s][info][gc,cpu         ] GC(557) User=0.00s Sys=0.00s Real=0.00s
[227.565s][info][gc,start       ] GC(558) Pause Full (System.gc())
[227.565s][info][gc,phases,start] GC(558) Marking Phase
[227.583s][info][gc,phases      ] GC(558) Marking Phase 18.185ms
[227.584s][info][gc,phases,start] GC(558) Summary Phase
[227.584s][info][gc,phases      ] GC(558) Summary Phase 0.009ms
[227.584s][info][gc,phases,start] GC(558) Adjust Roots
[227.591s][info][gc,phases      ] GC(558) Adjust Roots 7.599ms
[227.591s][info][gc,phases,start] GC(558) Compaction Phase
[227.594s][info][gc,phases      ] GC(558) Compaction Phase 3.240ms
[227.594s][info][gc,phases,start] GC(558) Post Compact
[227.595s][info][gc,phases      ] GC(558) Post Compact 0.198ms
[227.595s][info][gc,heap        ] GC(558) PSYoungGen: 224K(348672K)->0K(348672K) Eden: 0K(348160K)->0K(348160K) From: 224K(512K)->0K(512K)
[227.595s][info][gc,heap        ] GC(558) ParOldGen: 16601K(699392K)->16020K(699392K)
[227.595s][info][gc,metaspace   ] GC(558) Metaspace: 53468K(54016K)->53468K(54016K) NonClass: 46002K(46208K)->46002K(46208K) Class: 7465K(7808K)->7465K(7808K)
[227.595s][info][gc             ] GC(558) Pause Full (System.gc()) 16M->15M(1023M) 29.479ms
[227.595s][info][gc,cpu         ] GC(558) User=0.00s Sys=0.00s Real=0.02s
[228.046s][info][gc,start       ] GC(559) Pause Young (Allocation Failure)
[228.047s][info][gc,heap        ] GC(559) PSYoungGen: 348160K(348672K)->512K(348672K) Eden: 348160K(348160K)->0K(348160K) From: 0K(512K)->512K(512K)
[228.047s][info][gc,heap        ] GC(559) ParOldGen: 16020K(699392K)->16060K(699392K)
[228.047s][info][gc,metaspace   ] GC(559) Metaspace: 53475K(54016K)->53475K(54016K) NonClass: 46009K(46208K)->46009K(46208K) Class: 7465K(7808K)->7465K(7808K)
[228.047s][info][gc             ] GC(559) Pause Young (Allocation Failure) 355M->16M(1023M) 0.684ms
[228.047s][info][gc,cpu         ] GC(559) User=0.00s Sys=0.00s Real=0.00s
[228.467s][info][gc,start       ] GC(560) Pause Young (Allocation Failure)
[228.468s][info][gc,heap        ] GC(560) PSYoungGen: 348672K(348672K)->192K(347648K) Eden: 348160K(348160K)->0K(347136K) From: 512K(512K)->192K(512K)
[228.468s][info][gc,heap        ] GC(560) ParOldGen: 16060K(699392K)->16428K(699392K)
[228.468s][info][gc,metaspace   ] GC(560) Metaspace: 53475K(54016K)->53475K(54016K) NonClass: 46009K(46208K)->46009K(46208K) Class: 7465K(7808K)->7465K(7808K)
[228.468s][info][gc             ] GC(560) Pause Young (Allocation Failure) 356M->16M(1022M) 0.748ms
[228.468s][info][gc,cpu         ] GC(560) User=0.00s Sys=0.00s Real=0.00s
[228.900s][info][gc,start       ] GC(561) Pause Young (Allocation Failure)
[228.900s][info][gc,heap        ] GC(561) PSYoungGen: 347328K(347648K)->320K(348160K) Eden: 347136K(347136K)->0K(347136K) From: 192K(512K)->320K(1024K)
[228.900s][info][gc,heap        ] GC(561) ParOldGen: 16428K(699392K)->16476K(699392K)
[228.900s][info][gc,metaspace   ] GC(561) Metaspace: 53475K(54016K)->53475K(54016K) NonClass: 46009K(46208K)->46009K(46208K) Class: 7465K(7808K)->7465K(7808K)
[228.900s][info][gc             ] GC(561) Pause Young (Allocation Failure) 355M->16M(1023M) 0.521ms
[228.900s][info][gc,cpu         ] GC(561) User=0.00s Sys=0.00s Real=0.00s
[229.314s][info][gc,start       ] GC(562) Pause Young (Allocation Failure)
[229.315s][info][gc,heap        ] GC(562) PSYoungGen: 347456K(348160K)->224K(348672K) Eden: 347136K(347136K)->0K(348160K) From: 320K(1024K)->224K(512K)
[229.315s][info][gc,heap        ] GC(562) ParOldGen: 16476K(699392K)->16484K(699392K)
[229.315s][info][gc,metaspace   ] GC(562) Metaspace: 53475K(54016K)->53475K(54016K) NonClass: 46009K(46208K)->46009K(46208K) Class: 7465K(7808K)->7465K(7808K)
[229.315s][info][gc             ] GC(562) Pause Young (Allocation Failure) 355M->16M(1023M) 0.524ms
[229.315s][info][gc,cpu         ] GC(562) User=0.00s Sys=0.00s Real=0.00s
[229.748s][info][gc,start       ] GC(563) Pause Young (Allocation Failure)
[229.748s][info][gc,heap        ] GC(563) PSYoungGen: 348384K(348672K)->256K(348672K) Eden: 348160K(348160K)->0K(348160K) From: 224K(512K)->256K(512K)
[229.748s][info][gc,heap        ] GC(563) ParOldGen: 16484K(699392K)->16524K(699392K)
[229.748s][info][gc,metaspace   ] GC(563) Metaspace: 53475K(54016K)->53475K(54016K) NonClass: 46009K(46208K)->46009K(46208K) Class: 7465K(7808K)->7465K(7808K)
[229.748s][info][gc             ] GC(563) Pause Young (Allocation Failure) 356M->16M(1023M) 0.543ms
[229.748s][info][gc,cpu         ] GC(563) User=0.00s Sys=0.00s Real=0.00s
[230.179s][info][gc,start       ] GC(564) Pause Young (Allocation Failure)
[230.179s][info][gc,heap        ] GC(564) PSYoungGen: 348416K(348672K)->256K(348672K) Eden: 348160K(348160K)->0K(348160K) From: 256K(512K)->256K(512K)
[230.179s][info][gc,heap        ] GC(564) ParOldGen: 16524K(699392K)->16532K(699392K)
[230.179s][info][gc,metaspace   ] GC(564) Metaspace: 53475K(54016K)->53475K(54016K) NonClass: 46009K(46208K)->46009K(46208K) Class: 7465K(7808K)->7465K(7808K)
[230.179s][info][gc             ] GC(564) Pause Young (Allocation Failure) 356M->16M(1023M) 0.539ms
[230.179s][info][gc,cpu         ] GC(564) User=0.00s Sys=0.00s Real=0.00s
[230.599s][info][gc,start       ] GC(565) Pause Young (Allocation Failure)
[230.599s][info][gc,heap        ] GC(565) PSYoungGen: 348416K(348672K)->288K(348672K) Eden: 348160K(348160K)->0K(348160K) From: 256K(512K)->288K(512K)
[230.599s][info][gc,heap        ] GC(565) ParOldGen: 16532K(699392K)->16548K(699392K)
[230.599s][info][gc,metaspace   ] GC(565) Metaspace: 53475K(54016K)->53475K(54016K) NonClass: 46009K(46208K)->46009K(46208K) Class: 7465K(7808K)->7465K(7808K)
[230.599s][info][gc             ] GC(565) Pause Young (Allocation Failure) 356M->16M(1023M) 0.534ms
[230.599s][info][gc,cpu         ] GC(565) User=0.00s Sys=0.00s Real=0.00s
[231.036s][info][gc,start       ] GC(566) Pause Young (System.gc())
[231.037s][info][gc,heap        ] GC(566) PSYoungGen: 324708K(348672K)->288K(348672K) Eden: 324420K(348160K)->0K(348160K) From: 288K(512K)->288K(512K)
[231.037s][info][gc,heap        ] GC(566) ParOldGen: 16548K(699392K)->16588K(699392K)
[231.037s][info][gc,metaspace   ] GC(566) Metaspace: 53475K(54016K)->53475K(54016K) NonClass: 46009K(46208K)->46009K(46208K) Class: 7465K(7808K)->7465K(7808K)
[231.037s][info][gc             ] GC(566) Pause Young (System.gc()) 333M->16M(1023M) 0.527ms
[231.037s][info][gc,cpu         ] GC(566) User=0.00s Sys=0.00s Real=0.00s
[231.037s][info][gc,start       ] GC(567) Pause Full (System.gc())
[231.037s][info][gc,phases,start] GC(567) Marking Phase
[231.054s][info][gc,phases      ] GC(567) Marking Phase 17.328ms
[231.054s][info][gc,phases,start] GC(567) Summary Phase
[231.054s][info][gc,phases      ] GC(567) Summary Phase 0.008ms
[231.054s][info][gc,phases,start] GC(567) Adjust Roots
[231.062s][info][gc,phases      ] GC(567) Adjust Roots 8.149ms
[231.063s][info][gc,phases,start] GC(567) Compaction Phase
[231.066s][info][gc,phases      ] GC(567) Compaction Phase 2.970ms
[231.066s][info][gc,phases,start] GC(567) Post Compact
[231.066s][info][gc,phases      ] GC(567) Post Compact 0.163ms
[231.066s][info][gc,heap        ] GC(567) PSYoungGen: 288K(348672K)->0K(348672K) Eden: 0K(348160K)->0K(348160K) From: 288K(512K)->0K(512K)
[231.066s][info][gc,heap        ] GC(567) ParOldGen: 16588K(699392K)->16059K(699392K)
[231.066s][info][gc,metaspace   ] GC(567) Metaspace: 53475K(54016K)->53475K(54016K) NonClass: 46009K(46208K)->46009K(46208K) Class: 7465K(7808K)->7465K(7808K)
[231.066s][info][gc             ] GC(567) Pause Full (System.gc()) 16M->15M(1023M) 28.833ms
[231.066s][info][gc,cpu         ] GC(567) User=0.02s Sys=0.00s Real=0.02s
[231.509s][info][gc,start       ] GC(568) Pause Young (Allocation Failure)
[231.509s][info][gc,heap        ] GC(568) PSYoungGen: 348160K(348672K)->512K(348672K) Eden: 348160K(348160K)->0K(348160K) From: 0K(512K)->512K(512K)
[231.510s][info][gc,heap        ] GC(568) ParOldGen: 16059K(699392K)->16123K(699392K)
[231.510s][info][gc,metaspace   ] GC(568) Metaspace: 53479K(54016K)->53479K(54016K) NonClass: 46013K(46208K)->46013K(46208K) Class: 7465K(7808K)->7465K(7808K)
[231.510s][info][gc             ] GC(568) Pause Young (Allocation Failure) 355M->16M(1023M) 0.743ms
[231.510s][info][gc,cpu         ] GC(568) User=0.00s Sys=0.00s Real=0.00s
[231.951s][info][gc,start       ] GC(569) Pause Young (Allocation Failure)
[231.952s][info][gc,heap        ] GC(569) PSYoungGen: 348672K(348672K)->256K(347648K) Eden: 348160K(348160K)->0K(347136K) From: 512K(512K)->256K(512K)
[231.952s][info][gc,heap        ] GC(569) ParOldGen: 16123K(699392K)->16483K(699392K)
[231.952s][info][gc,metaspace   ] GC(569) Metaspace: 53479K(54016K)->53479K(54016K) NonClass: 46013K(46208K)->46013K(46208K) Class: 7465K(7808K)->7465K(7808K)
[231.952s][info][gc             ] GC(569) Pause Young (Allocation Failure) 356M->16M(1022M) 0.762ms
[231.952s][info][gc,cpu         ] GC(569) User=0.00s Sys=0.00s Real=0.00s
[232.380s][info][gc,start       ] GC(570) Pause Young (Allocation Failure)
[232.381s][info][gc,heap        ] GC(570) PSYoungGen: 347392K(347648K)->256K(348160K) Eden: 347136K(347136K)->0K(347136K) From: 256K(512K)->256K(1024K)
[232.381s][info][gc,heap        ] GC(570) ParOldGen: 16483K(699392K)->16515K(699392K)
[232.381s][info][gc,metaspace   ] GC(570) Metaspace: 53479K(54016K)->53479K(54016K) NonClass: 46013K(46208K)->46013K(46208K) Class: 7465K(7808K)->7465K(7808K)
[232.381s][info][gc             ] GC(570) Pause Young (Allocation Failure) 355M->16M(1023M) 0.550ms
[232.381s][info][gc,cpu         ] GC(570) User=0.00s Sys=0.00s Real=0.00s
[232.817s][info][gc,start       ] GC(571) Pause Young (Allocation Failure)
[232.817s][info][gc,heap        ] GC(571) PSYoungGen: 347392K(348160K)->256K(348672K) Eden: 347136K(347136K)->0K(348160K) From: 256K(1024K)->256K(512K)
[232.818s][info][gc,heap        ] GC(571) ParOldGen: 16515K(699392K)->16555K(699392K)
[232.818s][info][gc,metaspace   ] GC(571) Metaspace: 53479K(54016K)->53479K(54016K) NonClass: 46013K(46208K)->46013K(46208K) Class: 7465K(7808K)->7465K(7808K)
[232.818s][info][gc             ] GC(571) Pause Young (Allocation Failure) 355M->16M(1023M) 0.537ms
[232.818s][info][gc,cpu         ] GC(571) User=0.00s Sys=0.00s Real=0.00s
[233.243s][info][gc,start       ] GC(572) Pause Young (Allocation Failure)
[233.244s][info][gc,heap        ] GC(572) PSYoungGen: 348416K(348672K)->256K(348672K) Eden: 348160K(348160K)->0K(348160K) From: 256K(512K)->256K(512K)
[233.244s][info][gc,heap        ] GC(572) ParOldGen: 16555K(699392K)->16563K(699392K)
[233.244s][info][gc,metaspace   ] GC(572) Metaspace: 53479K(54016K)->53479K(54016K) NonClass: 46013K(46208K)->46013K(46208K) Class: 7465K(7808K)->7465K(7808K)
[233.244s][info][gc             ] GC(572) Pause Young (Allocation Failure) 356M->16M(1023M) 0.525ms
[233.244s][info][gc,cpu         ] GC(572) User=0.00s Sys=0.00s Real=0.00s
[233.666s][info][gc,start       ] GC(573) Pause Young (Allocation Failure)
[233.667s][info][gc,heap        ] GC(573) PSYoungGen: 348416K(348672K)->256K(348672K) Eden: 348160K(348160K)->0K(348160K) From: 256K(512K)->256K(512K)
[233.667s][info][gc,heap        ] GC(573) ParOldGen: 16563K(699392K)->16563K(699392K)
[233.667s][info][gc,metaspace   ] GC(573) Metaspace: 53479K(54016K)->53479K(54016K) NonClass: 46013K(46208K)->46013K(46208K) Class: 7465K(7808K)->7465K(7808K)
[233.667s][info][gc             ] GC(573) Pause Young (Allocation Failure) 356M->16M(1023M) 0.511ms
[233.667s][info][gc,cpu         ] GC(573) User=0.00s Sys=0.00s Real=0.00s
[234.105s][info][gc,start       ] GC(574) Pause Young (Allocation Failure)
[234.106s][info][gc,heap        ] GC(574) PSYoungGen: 348416K(348672K)->256K(348672K) Eden: 348160K(348160K)->0K(348160K) From: 256K(512K)->256K(512K)
[234.106s][info][gc,heap        ] GC(574) ParOldGen: 16563K(699392K)->16603K(699392K)
[234.106s][info][gc,metaspace   ] GC(574) Metaspace: 53479K(54016K)->53479K(54016K) NonClass: 46013K(46208K)->46013K(46208K) Class: 7465K(7808K)->7465K(7808K)
[234.106s][info][gc             ] GC(574) Pause Young (Allocation Failure) 356M->16M(1023M) 0.579ms
[234.106s][info][gc,cpu         ] GC(574) User=0.00s Sys=0.00s Real=0.00s
[234.524s][info][gc,start       ] GC(575) Pause Young (System.gc())
[234.525s][info][gc,heap        ] GC(575) PSYoungGen: 324258K(348672K)->320K(348672K) Eden: 324002K(348160K)->0K(348160K) From: 256K(512K)->320K(512K)
[234.525s][info][gc,heap        ] GC(575) ParOldGen: 16603K(699392K)->16627K(699392K)
[234.525s][info][gc,metaspace   ] GC(575) Metaspace: 53479K(54016K)->53479K(54016K) NonClass: 46013K(46208K)->46013K(46208K) Class: 7465K(7808K)->7465K(7808K)
[234.525s][info][gc             ] GC(575) Pause Young (System.gc()) 332M->16M(1023M) 0.587ms
[234.525s][info][gc,cpu         ] GC(575) User=0.00s Sys=0.00s Real=0.00s
[234.525s][info][gc,start       ] GC(576) Pause Full (System.gc())
[234.525s][info][gc,phases,start] GC(576) Marking Phase
[234.543s][info][gc,phases      ] GC(576) Marking Phase 18.041ms
[234.543s][info][gc,phases,start] GC(576) Summary Phase
[234.543s][info][gc,phases      ] GC(576) Summary Phase 0.009ms
[234.543s][info][gc,phases,start] GC(576) Adjust Roots
[234.551s][info][gc,phases      ] GC(576) Adjust Roots 8.145ms
[234.551s][info][gc,phases,start] GC(576) Compaction Phase
[234.555s][info][gc,phases      ] GC(576) Compaction Phase 3.292ms
[234.555s][info][gc,phases,start] GC(576) Post Compact
[234.555s][info][gc,phases      ] GC(576) Post Compact 0.197ms
[234.555s][info][gc,heap        ] GC(576) PSYoungGen: 320K(348672K)->0K(348672K) Eden: 0K(348160K)->0K(348160K) From: 320K(512K)->0K(512K)
[234.555s][info][gc,heap        ] GC(576) ParOldGen: 16627K(699392K)->16104K(699392K)
[234.555s][info][gc,metaspace   ] GC(576) Metaspace: 53479K(54016K)->53479K(54016K) NonClass: 46013K(46208K)->46013K(46208K) Class: 7465K(7808K)->7465K(7808K)
[234.555s][info][gc             ] GC(576) Pause Full (System.gc()) 16M->15M(1023M) 29.876ms
[234.555s][info][gc,cpu         ] GC(576) User=0.02s Sys=0.00s Real=0.02s
[235.010s][info][gc,start       ] GC(577) Pause Young (Allocation Failure)
[235.011s][info][gc,heap        ] GC(577) PSYoungGen: 348160K(348672K)->512K(348672K) Eden: 348160K(348160K)->0K(348160K) From: 0K(512K)->512K(512K)
[235.011s][info][gc,heap        ] GC(577) ParOldGen: 16104K(699392K)->16120K(699392K)
[235.011s][info][gc,metaspace   ] GC(577) Metaspace: 53500K(54080K)->53500K(54080K) NonClass: 46034K(46272K)->46034K(46272K) Class: 7465K(7808K)->7465K(7808K)
[235.011s][info][gc             ] GC(577) Pause Young (Allocation Failure) 355M->16M(1023M) 0.727ms
[235.011s][info][gc,cpu         ] GC(577) User=0.00s Sys=0.00s Real=0.00s
[235.437s][info][gc,start       ] GC(578) Pause Young (Allocation Failure)
[235.438s][info][gc,heap        ] GC(578) PSYoungGen: 348672K(348672K)->192K(347648K) Eden: 348160K(348160K)->0K(347136K) From: 512K(512K)->192K(512K)
[235.438s][info][gc,heap        ] GC(578) ParOldGen: 16120K(699392K)->16440K(699392K)
[235.438s][info][gc,metaspace   ] GC(578) Metaspace: 53500K(54080K)->53500K(54080K) NonClass: 46034K(46272K)->46034K(46272K) Class: 7465K(7808K)->7465K(7808K)
[235.438s][info][gc             ] GC(578) Pause Young (Allocation Failure) 356M->16M(1022M) 0.606ms
[235.438s][info][gc,cpu         ] GC(578) User=0.00s Sys=0.00s Real=0.00s
[235.876s][info][gc,start       ] GC(579) Pause Young (Allocation Failure)
[235.876s][info][gc,heap        ] GC(579) PSYoungGen: 347328K(347648K)->256K(348160K) Eden: 347136K(347136K)->0K(347136K) From: 192K(512K)->256K(1024K)
[235.876s][info][gc,heap        ] GC(579) ParOldGen: 16440K(699392K)->16488K(699392K)
[235.876s][info][gc,metaspace   ] GC(579) Metaspace: 53500K(54080K)->53500K(54080K) NonClass: 46034K(46272K)->46034K(46272K) Class: 7465K(7808K)->7465K(7808K)
[235.876s][info][gc             ] GC(579) Pause Young (Allocation Failure) 355M->16M(1023M) 0.541ms
[235.876s][info][gc,cpu         ] GC(579) User=0.00s Sys=0.00s Real=0.00s
[236.305s][info][gc,start       ] GC(580) Pause Young (Allocation Failure)
[236.305s][info][gc,heap        ] GC(580) PSYoungGen: 347392K(348160K)->288K(348672K) Eden: 347136K(347136K)->0K(348160K) From: 256K(1024K)->288K(512K)
[236.305s][info][gc,heap        ] GC(580) ParOldGen: 16488K(699392K)->16504K(699392K)
[236.305s][info][gc,metaspace   ] GC(580) Metaspace: 53501K(54080K)->53501K(54080K) NonClass: 46035K(46272K)->46035K(46272K) Class: 7465K(7808K)->7465K(7808K)
[236.306s][info][gc             ] GC(580) Pause Young (Allocation Failure) 355M->16M(1023M) 0.518ms
[236.306s][info][gc,cpu         ] GC(580) User=0.00s Sys=0.00s Real=0.00s
[236.741s][info][gc,start       ] GC(581) Pause Young (Allocation Failure)
[236.741s][info][gc,heap        ] GC(581) PSYoungGen: 348448K(348672K)->320K(348672K) Eden: 348160K(348160K)->0K(348160K) From: 288K(512K)->320K(512K)
[236.741s][info][gc,heap        ] GC(581) ParOldGen: 16504K(699392K)->16544K(699392K)
[236.741s][info][gc,metaspace   ] GC(581) Metaspace: 53501K(54080K)->53501K(54080K) NonClass: 46035K(46272K)->46035K(46272K) Class: 7465K(7808K)->7465K(7808K)
[236.741s][info][gc             ] GC(581) Pause Young (Allocation Failure) 356M->16M(1023M) 0.550ms
[236.741s][info][gc,cpu         ] GC(581) User=0.00s Sys=0.00s Real=0.00s
[237.166s][info][gc,start       ] GC(582) Pause Young (Allocation Failure)
[237.167s][info][gc,heap        ] GC(582) PSYoungGen: 348480K(348672K)->256K(348672K) Eden: 348160K(348160K)->0K(348160K) From: 320K(512K)->256K(512K)
[237.167s][info][gc,heap        ] GC(582) ParOldGen: 16544K(699392K)->16544K(699392K)
[237.167s][info][gc,metaspace   ] GC(582) Metaspace: 53501K(54080K)->53501K(54080K) NonClass: 46035K(46272K)->46035K(46272K) Class: 7465K(7808K)->7465K(7808K)
[237.167s][info][gc             ] GC(582) Pause Young (Allocation Failure) 356M->16M(1023M) 0.520ms
[237.167s][info][gc,cpu         ] GC(582) User=0.00s Sys=0.00s Real=0.00s
[237.606s][info][gc,start       ] GC(583) Pause Young (Allocation Failure)
[237.606s][info][gc,heap        ] GC(583) PSYoungGen: 348416K(348672K)->224K(348672K) Eden: 348160K(348160K)->0K(348160K) From: 256K(512K)->224K(512K)
[237.607s][info][gc,heap        ] GC(583) ParOldGen: 16544K(699392K)->16560K(699392K)
[237.607s][info][gc,metaspace   ] GC(583) Metaspace: 53501K(54080K)->53501K(54080K) NonClass: 46035K(46272K)->46035K(46272K) Class: 7465K(7808K)->7465K(7808K)
[237.607s][info][gc             ] GC(583) Pause Young (Allocation Failure) 356M->16M(1023M) 0.623ms
[237.607s][info][gc,cpu         ] GC(583) User=0.00s Sys=0.00s Real=0.00s
[238.071s][info][gc,start       ] GC(584) Pause Young (System.gc())
[238.072s][info][gc,heap        ] GC(584) PSYoungGen: 324035K(348672K)->320K(348672K) Eden: 323811K(348160K)->0K(348160K) From: 224K(512K)->320K(512K)
[238.072s][info][gc,heap        ] GC(584) ParOldGen: 16560K(699392K)->16584K(699392K)
[238.072s][info][gc,metaspace   ] GC(584) Metaspace: 53505K(54080K)->53505K(54080K) NonClass: 46040K(46272K)->46040K(46272K) Class: 7465K(7808K)->7465K(7808K)
[238.072s][info][gc             ] GC(584) Pause Young (System.gc()) 332M->16M(1023M) 0.767ms
[238.072s][info][gc,cpu         ] GC(584) User=0.00s Sys=0.00s Real=0.00s
[238.072s][info][gc,start       ] GC(585) Pause Full (System.gc())
[238.072s][info][gc,phases,start] GC(585) Marking Phase
[238.090s][info][gc,phases      ] GC(585) Marking Phase 18.217ms
[238.090s][info][gc,phases,start] GC(585) Summary Phase
[238.090s][info][gc,phases      ] GC(585) Summary Phase 0.009ms
[238.090s][info][gc,phases,start] GC(585) Adjust Roots
[238.098s][info][gc,phases      ] GC(585) Adjust Roots 7.573ms
[238.098s][info][gc,phases,start] GC(585) Compaction Phase
[238.101s][info][gc,phases      ] GC(585) Compaction Phase 2.964ms
[238.101s][info][gc,phases,start] GC(585) Post Compact
[238.101s][info][gc,phases      ] GC(585) Post Compact 0.210ms
[238.101s][info][gc,heap        ] GC(585) PSYoungGen: 320K(348672K)->0K(348672K) Eden: 0K(348160K)->0K(348160K) From: 320K(512K)->0K(512K)
[238.101s][info][gc,heap        ] GC(585) ParOldGen: 16584K(699392K)->16094K(699392K)
[238.101s][info][gc,metaspace   ] GC(585) Metaspace: 53505K(54080K)->53505K(54080K) NonClass: 46040K(46272K)->46040K(46272K) Class: 7465K(7808K)->7465K(7808K)
[238.101s][info][gc             ] GC(585) Pause Full (System.gc()) 16M->15M(1023M) 29.238ms
[238.101s][info][gc,cpu         ] GC(585) User=0.02s Sys=0.00s Real=0.02s
[238.560s][info][gc,start       ] GC(586) Pause Young (Allocation Failure)
[238.561s][info][gc,heap        ] GC(586) PSYoungGen: 348160K(348672K)->512K(348672K) Eden: 348160K(348160K)->0K(348160K) From: 0K(512K)->512K(512K)
[238.561s][info][gc,heap        ] GC(586) ParOldGen: 16094K(699392K)->16118K(699392K)
[238.561s][info][gc,metaspace   ] GC(586) Metaspace: 53530K(54080K)->53530K(54080K) NonClass: 46064K(46272K)->46064K(46272K) Class: 7465K(7808K)->7465K(7808K)
[238.561s][info][gc             ] GC(586) Pause Young (Allocation Failure) 355M->16M(1023M) 0.891ms
[238.561s][info][gc,cpu         ] GC(586) User=0.00s Sys=0.00s Real=0.00s
[239.018s][info][gc,start       ] GC(587) Pause Young (Allocation Failure)
[239.019s][info][gc,heap        ] GC(587) PSYoungGen: 348672K(348672K)->256K(347648K) Eden: 348160K(348160K)->0K(347136K) From: 512K(512K)->256K(512K)
[239.019s][info][gc,heap        ] GC(587) ParOldGen: 16118K(699392K)->16462K(699392K)
[239.019s][info][gc,metaspace   ] GC(587) Metaspace: 53530K(54080K)->53530K(54080K) NonClass: 46064K(46272K)->46064K(46272K) Class: 7465K(7808K)->7465K(7808K)
[239.019s][info][gc             ] GC(587) Pause Young (Allocation Failure) 356M->16M(1022M) 0.830ms
[239.019s][info][gc,cpu         ] GC(587) User=0.00s Sys=0.00s Real=0.00s
[239.464s][info][gc,start       ] GC(588) Pause Young (Allocation Failure)
[239.465s][info][gc,heap        ] GC(588) PSYoungGen: 347392K(347648K)->256K(348160K) Eden: 347136K(347136K)->0K(347136K) From: 256K(512K)->256K(1024K)
[239.465s][info][gc,heap        ] GC(588) ParOldGen: 16462K(699392K)->16478K(699392K)
[239.465s][info][gc,metaspace   ] GC(588) Metaspace: 53530K(54080K)->53530K(54080K) NonClass: 46064K(46272K)->46064K(46272K) Class: 7465K(7808K)->7465K(7808K)
[239.465s][info][gc             ] GC(588) Pause Young (Allocation Failure) 355M->16M(1023M) 0.530ms
[239.465s][info][gc,cpu         ] GC(588) User=0.00s Sys=0.00s Real=0.00s
[239.919s][info][gc,start       ] GC(589) Pause Young (Allocation Failure)
[239.920s][info][gc,heap        ] GC(589) PSYoungGen: 347392K(348160K)->224K(348672K) Eden: 347136K(347136K)->0K(348160K) From: 256K(1024K)->224K(512K)
[239.920s][info][gc,heap        ] GC(589) ParOldGen: 16478K(699392K)->16518K(699392K)
[239.920s][info][gc,metaspace   ] GC(589) Metaspace: 53532K(54080K)->53532K(54080K) NonClass: 46066K(46272K)->46066K(46272K) Class: 7465K(7808K)->7465K(7808K)
[239.920s][info][gc             ] GC(589) Pause Young (Allocation Failure) 355M->16M(1023M) 0.592ms
[239.920s][info][gc,cpu         ] GC(589) User=0.00s Sys=0.00s Real=0.00s
[240.349s][info][gc,start       ] GC(590) Pause Young (Allocation Failure)
[240.349s][info][gc,heap        ] GC(590) PSYoungGen: 348384K(348672K)->256K(348672K) Eden: 348160K(348160K)->0K(348160K) From: 224K(512K)->256K(512K)
[240.349s][info][gc,heap        ] GC(590) ParOldGen: 16518K(699392K)->16534K(699392K)
[240.349s][info][gc,metaspace   ] GC(590) Metaspace: 53532K(54080K)->53532K(54080K) NonClass: 46066K(46272K)->46066K(46272K) Class: 7465K(7808K)->7465K(7808K)
[240.349s][info][gc             ] GC(590) Pause Young (Allocation Failure) 356M->16M(1023M) 0.493ms
[240.349s][info][gc,cpu         ] GC(590) User=0.00s Sys=0.00s Real=0.00s
[240.787s][info][gc,start       ] GC(591) Pause Young (Allocation Failure)
[240.787s][info][gc,heap        ] GC(591) PSYoungGen: 348416K(348672K)->224K(348672K) Eden: 348160K(348160K)->0K(348160K) From: 256K(512K)->224K(512K)
[240.787s][info][gc,heap        ] GC(591) ParOldGen: 16534K(699392K)->16574K(699392K)
[240.787s][info][gc,metaspace   ] GC(591) Metaspace: 53532K(54080K)->53532K(54080K) NonClass: 46066K(46272K)->46066K(46272K) Class: 7465K(7808K)->7465K(7808K)
[240.787s][info][gc             ] GC(591) Pause Young (Allocation Failure) 356M->16M(1023M) 0.531ms
[240.787s][info][gc,cpu         ] GC(591) User=0.00s Sys=0.00s Real=0.00s
[241.215s][info][gc,start       ] GC(592) Pause Young (Allocation Failure)
[241.215s][info][gc,heap        ] GC(592) PSYoungGen: 348384K(348672K)->256K(348672K) Eden: 348160K(348160K)->0K(348160K) From: 224K(512K)->256K(512K)
[241.215s][info][gc,heap        ] GC(592) ParOldGen: 16574K(699392K)->16574K(699392K)
[241.215s][info][gc,metaspace   ] GC(592) Metaspace: 53532K(54080K)->53532K(54080K) NonClass: 46066K(46272K)->46066K(46272K) Class: 7465K(7808K)->7465K(7808K)
[241.215s][info][gc             ] GC(592) Pause Young (Allocation Failure) 356M->16M(1023M) 0.510ms
[241.215s][info][gc,cpu         ] GC(592) User=0.00s Sys=0.00s Real=0.00s
[241.664s][info][gc,start       ] GC(593) Pause Young (System.gc())
[241.664s][info][gc,heap        ] GC(593) PSYoungGen: 325926K(348672K)->256K(348672K) Eden: 325670K(348160K)->0K(348160K) From: 256K(512K)->256K(512K)
[241.664s][info][gc,heap        ] GC(593) ParOldGen: 16574K(699392K)->16582K(699392K)
[241.664s][info][gc,metaspace   ] GC(593) Metaspace: 53546K(54080K)->53546K(54080K) NonClass: 46080K(46272K)->46080K(46272K) Class: 7465K(7808K)->7465K(7808K)
[241.664s][info][gc             ] GC(593) Pause Young (System.gc()) 334M->16M(1023M) 0.461ms
[241.665s][info][gc,cpu         ] GC(593) User=0.00s Sys=0.00s Real=0.00s
[241.665s][info][gc,start       ] GC(594) Pause Full (System.gc())
[241.665s][info][gc,phases,start] GC(594) Marking Phase
[241.683s][info][gc,phases      ] GC(594) Marking Phase 18.537ms
[241.683s][info][gc,phases,start] GC(594) Summary Phase
[241.683s][info][gc,phases      ] GC(594) Summary Phase 0.009ms
[241.683s][info][gc,phases,start] GC(594) Adjust Roots
[241.691s][info][gc,phases      ] GC(594) Adjust Roots 7.856ms
[241.691s][info][gc,phases,start] GC(594) Compaction Phase
[241.694s][info][gc,phases      ] GC(594) Compaction Phase 2.611ms
[241.694s][info][gc,phases,start] GC(594) Post Compact
[241.694s][info][gc,phases      ] GC(594) Post Compact 0.197ms
[241.694s][info][gc,heap        ] GC(594) PSYoungGen: 256K(348672K)->0K(348672K) Eden: 0K(348160K)->0K(348160K) From: 256K(512K)->0K(512K)
[241.694s][info][gc,heap        ] GC(594) ParOldGen: 16582K(699392K)->16025K(699392K)
[241.694s][info][gc,metaspace   ] GC(594) Metaspace: 53546K(54080K)->53546K(54080K) NonClass: 46080K(46272K)->46080K(46272K) Class: 7465K(7808K)->7465K(7808K)
[241.694s][info][gc             ] GC(594) Pause Full (System.gc()) 16M->15M(1023M) 29.430ms
[241.694s][info][gc,cpu         ] GC(594) User=0.00s Sys=0.00s Real=0.02s
[242.140s][info][gc,start       ] GC(595) Pause Young (Allocation Failure)
[242.140s][info][gc,heap        ] GC(595) PSYoungGen: 348160K(348672K)->512K(348672K) Eden: 348160K(348160K)->0K(348160K) From: 0K(512K)->512K(512K)
[242.140s][info][gc,heap        ] GC(595) ParOldGen: 16025K(699392K)->16065K(699392K)
[242.140s][info][gc,metaspace   ] GC(595) Metaspace: 53613K(54144K)->53613K(54144K) NonClass: 46147K(46336K)->46147K(46336K) Class: 7465K(7808K)->7465K(7808K)
[242.140s][info][gc             ] GC(595) Pause Young (Allocation Failure) 355M->16M(1023M) 0.714ms
[242.140s][info][gc,cpu         ] GC(595) User=0.00s Sys=0.00s Real=0.00s
[242.563s][info][gc,start       ] GC(596) Pause Young (Allocation Failure)
[242.564s][info][gc,heap        ] GC(596) PSYoungGen: 348672K(348672K)->256K(347648K) Eden: 348160K(348160K)->0K(347136K) From: 512K(512K)->256K(512K)
[242.564s][info][gc,heap        ] GC(596) ParOldGen: 16065K(699392K)->16425K(699392K)
[242.564s][info][gc,metaspace   ] GC(596) Metaspace: 53613K(54144K)->53613K(54144K) NonClass: 46147K(46336K)->46147K(46336K) Class: 7465K(7808K)->7465K(7808K)
[242.564s][info][gc             ] GC(596) Pause Young (Allocation Failure) 356M->16M(1022M) 0.686ms
[242.564s][info][gc,cpu         ] GC(596) User=0.00s Sys=0.00s Real=0.00s
[243.000s][info][gc,start       ] GC(597) Pause Young (Allocation Failure)
[243.001s][info][gc,heap        ] GC(597) PSYoungGen: 347392K(347648K)->224K(348160K) Eden: 347136K(347136K)->0K(347136K) From: 256K(512K)->224K(1024K)
[243.001s][info][gc,heap        ] GC(597) ParOldGen: 16425K(699392K)->16465K(699392K)
[243.001s][info][gc,metaspace   ] GC(597) Metaspace: 53613K(54144K)->53613K(54144K) NonClass: 46147K(46336K)->46147K(46336K) Class: 7465K(7808K)->7465K(7808K)
[243.001s][info][gc             ] GC(597) Pause Young (Allocation Failure) 355M->16M(1023M) 0.516ms
[243.001s][info][gc,cpu         ] GC(597) User=0.00s Sys=0.00s Real=0.00s
[243.424s][info][gc,start       ] GC(598) Pause Young (Allocation Failure)
[243.424s][info][gc,heap        ] GC(598) PSYoungGen: 347360K(348160K)->288K(348672K) Eden: 347136K(347136K)->0K(348160K) From: 224K(1024K)->288K(512K)
[243.424s][info][gc,heap        ] GC(598) ParOldGen: 16465K(699392K)->16473K(699392K)
[243.424s][info][gc,metaspace   ] GC(598) Metaspace: 53615K(54144K)->53615K(54144K) NonClass: 46149K(46336K)->46149K(46336K) Class: 7465K(7808K)->7465K(7808K)
[243.424s][info][gc             ] GC(598) Pause Young (Allocation Failure) 355M->16M(1023M) 0.545ms
[243.424s][info][gc,cpu         ] GC(598) User=0.00s Sys=0.00s Real=0.00s
[243.859s][info][gc,start       ] GC(599) Pause Young (Allocation Failure)
[243.859s][info][gc,heap        ] GC(599) PSYoungGen: 348448K(348672K)->192K(348672K) Eden: 348160K(348160K)->0K(348160K) From: 288K(512K)->192K(512K)
[243.859s][info][gc,heap        ] GC(599) ParOldGen: 16473K(699392K)->16521K(699392K)
[243.859s][info][gc,metaspace   ] GC(599) Metaspace: 53615K(54144K)->53615K(54144K) NonClass: 46149K(46336K)->46149K(46336K) Class: 7465K(7808K)->7465K(7808K)
[243.859s][info][gc             ] GC(599) Pause Young (Allocation Failure) 356M->16M(1023M) 0.512ms
[243.859s][info][gc,cpu         ] GC(599) User=0.00s Sys=0.00s Real=0.00s
[244.283s][info][gc,start       ] GC(600) Pause Young (Allocation Failure)
[244.284s][info][gc,heap        ] GC(600) PSYoungGen: 348352K(348672K)->256K(348672K) Eden: 348160K(348160K)->0K(348160K) From: 192K(512K)->256K(512K)
[244.284s][info][gc,heap        ] GC(600) ParOldGen: 16521K(699392K)->16529K(699392K)
[244.284s][info][gc,metaspace   ] GC(600) Metaspace: 53615K(54144K)->53615K(54144K) NonClass: 46149K(46336K)->46149K(46336K) Class: 7465K(7808K)->7465K(7808K)
[244.284s][info][gc             ] GC(600) Pause Young (Allocation Failure) 356M->16M(1023M) 0.483ms
[244.284s][info][gc,cpu         ] GC(600) User=0.00s Sys=0.00s Real=0.00s
[244.726s][info][gc,start       ] GC(601) Pause Young (Allocation Failure)
[244.727s][info][gc,heap        ] GC(601) PSYoungGen: 348416K(348672K)->288K(348672K) Eden: 348160K(348160K)->0K(348160K) From: 256K(512K)->288K(512K)
[244.727s][info][gc,heap        ] GC(601) ParOldGen: 16529K(699392K)->16569K(699392K)
[244.727s][info][gc,metaspace   ] GC(601) Metaspace: 53615K(54144K)->53615K(54144K) NonClass: 46149K(46336K)->46149K(46336K) Class: 7465K(7808K)->7465K(7808K)
[244.727s][info][gc             ] GC(601) Pause Young (Allocation Failure) 356M->16M(1023M) 0.596ms
[244.727s][info][gc,cpu         ] GC(601) User=0.00s Sys=0.00s Real=0.00s
[245.130s][info][gc,start       ] GC(602) Pause Young (System.gc())
[245.131s][info][gc,heap        ] GC(602) PSYoungGen: 327557K(348672K)->256K(348672K) Eden: 327269K(348160K)->0K(348160K) From: 288K(512K)->256K(512K)
[245.131s][info][gc,heap        ] GC(602) ParOldGen: 16569K(699392K)->16585K(699392K)
[245.131s][info][gc,metaspace   ] GC(602) Metaspace: 53615K(54144K)->53615K(54144K) NonClass: 46149K(46336K)->46149K(46336K) Class: 7465K(7808K)->7465K(7808K)
[245.131s][info][gc             ] GC(602) Pause Young (System.gc()) 336M->16M(1023M) 0.500ms
[245.131s][info][gc,cpu         ] GC(602) User=0.00s Sys=0.00s Real=0.00s
[245.131s][info][gc,start       ] GC(603) Pause Full (System.gc())
[245.131s][info][gc,phases,start] GC(603) Marking Phase
[245.150s][info][gc,phases      ] GC(603) Marking Phase 19.418ms
[245.151s][info][gc,phases,start] GC(603) Summary Phase
[245.151s][info][gc,phases      ] GC(603) Summary Phase 0.010ms
[245.151s][info][gc,phases,start] GC(603) Adjust Roots
[245.158s][info][gc,phases      ] GC(603) Adjust Roots 7.754ms
[245.158s][info][gc,phases,start] GC(603) Compaction Phase
[245.161s][info][gc,phases      ] GC(603) Compaction Phase 2.455ms
[245.161s][info][gc,phases,start] GC(603) Post Compact
[245.161s][info][gc,phases      ] GC(603) Post Compact 0.190ms
[245.161s][info][gc,heap        ] GC(603) PSYoungGen: 256K(348672K)->0K(348672K) Eden: 0K(348160K)->0K(348160K) From: 256K(512K)->0K(512K)
[245.161s][info][gc,heap        ] GC(603) ParOldGen: 16585K(699392K)->16016K(699392K)
[245.161s][info][gc,metaspace   ] GC(603) Metaspace: 53615K(54144K)->53615K(54144K) NonClass: 46149K(46336K)->46149K(46336K) Class: 7465K(7808K)->7465K(7808K)
[245.161s][info][gc             ] GC(603) Pause Full (System.gc()) 16M->15M(1023M) 30.056ms
[245.161s][info][gc,cpu         ] GC(603) User=0.03s Sys=0.00s Real=0.03s
[245.612s][info][gc,start       ] GC(604) Pause Young (Allocation Failure)
[245.613s][info][gc,heap        ] GC(604) PSYoungGen: 348160K(348672K)->512K(348672K) Eden: 348160K(348160K)->0K(348160K) From: 0K(512K)->512K(512K)
[245.613s][info][gc,heap        ] GC(604) ParOldGen: 16016K(699392K)->16064K(699392K)
[245.613s][info][gc,metaspace   ] GC(604) Metaspace: 53671K(54208K)->53671K(54208K) NonClass: 46205K(46400K)->46205K(46400K) Class: 7465K(7808K)->7465K(7808K)
[245.613s][info][gc             ] GC(604) Pause Young (Allocation Failure) 355M->16M(1023M) 0.680ms
[245.613s][info][gc,cpu         ] GC(604) User=0.00s Sys=0.00s Real=0.00s
[246.059s][info][gc,start       ] GC(605) Pause Young (Allocation Failure)
[246.059s][info][gc,heap        ] GC(605) PSYoungGen: 348672K(348672K)->224K(347648K) Eden: 348160K(348160K)->0K(347136K) From: 512K(512K)->224K(512K)
[246.059s][info][gc,heap        ] GC(605) ParOldGen: 16064K(699392K)->16432K(699392K)
[246.059s][info][gc,metaspace   ] GC(605) Metaspace: 53671K(54208K)->53671K(54208K) NonClass: 46205K(46400K)->46205K(46400K) Class: 7465K(7808K)->7465K(7808K)
[246.059s][info][gc             ] GC(605) Pause Young (Allocation Failure) 356M->16M(1022M) 0.658ms
[246.059s][info][gc,cpu         ] GC(605) User=0.00s Sys=0.00s Real=0.00s
[246.489s][info][gc,start       ] GC(606) Pause Young (Allocation Failure)
[246.490s][info][gc,heap        ] GC(606) PSYoungGen: 347360K(347648K)->256K(348160K) Eden: 347136K(347136K)->0K(347136K) From: 224K(512K)->256K(1024K)
[246.490s][info][gc,heap        ] GC(606) ParOldGen: 16432K(699392K)->16432K(699392K)
[246.490s][info][gc,metaspace   ] GC(606) Metaspace: 53671K(54208K)->53671K(54208K) NonClass: 46205K(46400K)->46205K(46400K) Class: 7465K(7808K)->7465K(7808K)
[246.490s][info][gc             ] GC(606) Pause Young (Allocation Failure) 355M->16M(1023M) 0.495ms
[246.490s][info][gc,cpu         ] GC(606) User=0.00s Sys=0.00s Real=0.00s
[246.930s][info][gc,start       ] GC(607) Pause Young (Allocation Failure)
[246.930s][info][gc,heap        ] GC(607) PSYoungGen: 347392K(348160K)->224K(348672K) Eden: 347136K(347136K)->0K(348160K) From: 256K(1024K)->224K(512K)
[246.930s][info][gc,heap        ] GC(607) ParOldGen: 16432K(699392K)->16472K(699392K)
[246.930s][info][gc,metaspace   ] GC(607) Metaspace: 53675K(54208K)->53675K(54208K) NonClass: 46209K(46400K)->46209K(46400K) Class: 7465K(7808K)->7465K(7808K)
[246.930s][info][gc             ] GC(607) Pause Young (Allocation Failure) 355M->16M(1023M) 0.511ms
[246.930s][info][gc,cpu         ] GC(607) User=0.00s Sys=0.00s Real=0.00s
[247.361s][info][gc,start       ] GC(608) Pause Young (Allocation Failure)
[247.361s][info][gc,heap        ] GC(608) PSYoungGen: 348384K(348672K)->256K(348672K) Eden: 348160K(348160K)->0K(348160K) From: 224K(512K)->256K(512K)
[247.361s][info][gc,heap        ] GC(608) ParOldGen: 16472K(699392K)->16496K(699392K)
[247.362s][info][gc,metaspace   ] GC(608) Metaspace: 53675K(54208K)->53675K(54208K) NonClass: 46209K(46400K)->46209K(46400K) Class: 7465K(7808K)->7465K(7808K)
[247.362s][info][gc             ] GC(608) Pause Young (Allocation Failure) 356M->16M(1023M) 0.510ms
[247.362s][info][gc,cpu         ] GC(608) User=0.00s Sys=0.00s Real=0.00s
[247.803s][info][gc,start       ] GC(609) Pause Young (Allocation Failure)
[247.803s][info][gc,heap        ] GC(609) PSYoungGen: 348416K(348672K)->256K(348672K) Eden: 348160K(348160K)->0K(348160K) From: 256K(512K)->256K(512K)
[247.803s][info][gc,heap        ] GC(609) ParOldGen: 16496K(699392K)->16544K(699392K)
[247.803s][info][gc,metaspace   ] GC(609) Metaspace: 53675K(54208K)->53675K(54208K) NonClass: 46209K(46400K)->46209K(46400K) Class: 7465K(7808K)->7465K(7808K)
[247.803s][info][gc             ] GC(609) Pause Young (Allocation Failure) 356M->16M(1023M) 0.547ms
[247.803s][info][gc,cpu         ] GC(609) User=0.00s Sys=0.00s Real=0.00s
[248.228s][info][gc,start       ] GC(610) Pause Young (Allocation Failure)
[248.228s][info][gc,heap        ] GC(610) PSYoungGen: 348416K(348672K)->256K(348672K) Eden: 348160K(348160K)->0K(348160K) From: 256K(512K)->256K(512K)
[248.228s][info][gc,heap        ] GC(610) ParOldGen: 16544K(699392K)->16544K(699392K)
[248.228s][info][gc,metaspace   ] GC(610) Metaspace: 53675K(54208K)->53675K(54208K) NonClass: 46209K(46400K)->46209K(46400K) Class: 7465K(7808K)->7465K(7808K)
[248.228s][info][gc             ] GC(610) Pause Young (Allocation Failure) 356M->16M(1023M) 0.500ms
[248.228s][info][gc,cpu         ] GC(610) User=0.00s Sys=0.00s Real=0.00s
[248.672s][info][gc,start       ] GC(611) Pause Young (System.gc())
[248.672s][info][gc,heap        ] GC(611) PSYoungGen: 327416K(348672K)->256K(348672K) Eden: 327160K(348160K)->0K(348160K) From: 256K(512K)->256K(512K)
[248.672s][info][gc,heap        ] GC(611) ParOldGen: 16544K(699392K)->16568K(699392K)
[248.672s][info][gc,metaspace   ] GC(611) Metaspace: 53676K(54208K)->53676K(54208K) NonClass: 46210K(46400K)->46210K(46400K) Class: 7465K(7808K)->7465K(7808K)
[248.672s][info][gc             ] GC(611) Pause Young (System.gc()) 335M->16M(1023M) 0.456ms
[248.672s][info][gc,cpu         ] GC(611) User=0.00s Sys=0.00s Real=0.00s
[248.673s][info][gc,start       ] GC(612) Pause Full (System.gc())
[248.673s][info][gc,phases,start] GC(612) Marking Phase
[248.690s][info][gc,phases      ] GC(612) Marking Phase 17.502ms
[248.690s][info][gc,phases,start] GC(612) Summary Phase
[248.690s][info][gc,phases      ] GC(612) Summary Phase 0.010ms
[248.690s][info][gc,phases,start] GC(612) Adjust Roots
[248.698s][info][gc,phases      ] GC(612) Adjust Roots 7.958ms
[248.698s][info][gc,phases,start] GC(612) Compaction Phase
[248.701s][info][gc,phases      ] GC(612) Compaction Phase 2.605ms
[248.701s][info][gc,phases,start] GC(612) Post Compact
[248.701s][info][gc,phases      ] GC(612) Post Compact 0.180ms
[248.701s][info][gc,heap        ] GC(612) PSYoungGen: 256K(348672K)->0K(348672K) Eden: 0K(348160K)->0K(348160K) From: 256K(512K)->0K(512K)
[248.701s][info][gc,heap        ] GC(612) ParOldGen: 16568K(699392K)->16025K(699392K)
[248.701s][info][gc,metaspace   ] GC(612) Metaspace: 53676K(54208K)->53676K(54208K) NonClass: 46210K(46400K)->46210K(46400K) Class: 7465K(7808K)->7465K(7808K)
[248.701s][info][gc             ] GC(612) Pause Full (System.gc()) 16M->15M(1023M) 28.481ms
[248.701s][info][gc,cpu         ] GC(612) User=0.00s Sys=0.00s Real=0.02s
[249.145s][info][gc,start       ] GC(613) Pause Young (Allocation Failure)
[249.145s][info][gc,heap        ] GC(613) PSYoungGen: 348160K(348672K)->512K(348672K) Eden: 348160K(348160K)->0K(348160K) From: 0K(512K)->512K(512K)
[249.145s][info][gc,heap        ] GC(613) ParOldGen: 16025K(699392K)->16065K(699392K)
[249.145s][info][gc,metaspace   ] GC(613) Metaspace: 53735K(54272K)->53735K(54272K) NonClass: 46269K(46464K)->46269K(46464K) Class: 7465K(7808K)->7465K(7808K)
[249.145s][info][gc             ] GC(613) Pause Young (Allocation Failure) 355M->16M(1023M) 0.714ms
[249.145s][info][gc,cpu         ] GC(613) User=0.00s Sys=0.00s Real=0.00s
[249.576s][info][gc,start       ] GC(614) Pause Young (Allocation Failure)
[249.577s][info][gc,heap        ] GC(614) PSYoungGen: 348672K(348672K)->224K(347648K) Eden: 348160K(348160K)->0K(347136K) From: 512K(512K)->224K(512K)
[249.577s][info][gc,heap        ] GC(614) ParOldGen: 16065K(699392K)->16441K(699392K)
[249.577s][info][gc,metaspace   ] GC(614) Metaspace: 53735K(54272K)->53735K(54272K) NonClass: 46270K(46464K)->46270K(46464K) Class: 7465K(7808K)->7465K(7808K)
[249.577s][info][gc             ] GC(614) Pause Young (Allocation Failure) 356M->16M(1022M) 0.660ms
[249.577s][info][gc,cpu         ] GC(614) User=0.00s Sys=0.00s Real=0.00s
[250.013s][info][gc,start       ] GC(615) Pause Young (Allocation Failure)
[250.013s][info][gc,heap        ] GC(615) PSYoungGen: 347360K(347648K)->288K(348160K) Eden: 347136K(347136K)->0K(347136K) From: 224K(512K)->288K(1024K)
[250.013s][info][gc,heap        ] GC(615) ParOldGen: 16441K(699392K)->16481K(699392K)
[250.013s][info][gc,metaspace   ] GC(615) Metaspace: 53735K(54272K)->53735K(54272K) NonClass: 46270K(46464K)->46270K(46464K) Class: 7465K(7808K)->7465K(7808K)
[250.013s][info][gc             ] GC(615) Pause Young (Allocation Failure) 355M->16M(1023M) 0.475ms
[250.013s][info][gc,cpu         ] GC(615) User=0.00s Sys=0.00s Real=0.00s
[250.473s][info][gc,start       ] GC(616) Pause Young (Allocation Failure)
[250.473s][info][gc,heap        ] GC(616) PSYoungGen: 347424K(348160K)->224K(348672K) Eden: 347136K(347136K)->0K(348160K) From: 288K(1024K)->224K(512K)
[250.473s][info][gc,heap        ] GC(616) ParOldGen: 16481K(699392K)->16489K(699392K)
[250.473s][info][gc,metaspace   ] GC(616) Metaspace: 53736K(54272K)->53736K(54272K) NonClass: 46270K(46464K)->46270K(46464K) Class: 7465K(7808K)->7465K(7808K)
[250.473s][info][gc             ] GC(616) Pause Young (Allocation Failure) 355M->16M(1023M) 0.600ms
[250.473s][info][gc,cpu         ] GC(616) User=0.00s Sys=0.00s Real=0.00s
[250.912s][info][gc,start       ] GC(617) Pause Young (Allocation Failure)
[250.912s][info][gc,heap        ] GC(617) PSYoungGen: 348384K(348672K)->256K(348672K) Eden: 348160K(348160K)->0K(348160K) From: 224K(512K)->256K(512K)
[250.912s][info][gc,heap        ] GC(617) ParOldGen: 16489K(699392K)->16537K(699392K)
[250.912s][info][gc,metaspace   ] GC(617) Metaspace: 53736K(54272K)->53736K(54272K) NonClass: 46270K(46464K)->46270K(46464K) Class: 7465K(7808K)->7465K(7808K)
[250.912s][info][gc             ] GC(617) Pause Young (Allocation Failure) 356M->16M(1023M) 0.523ms
[250.912s][info][gc,cpu         ] GC(617) User=0.00s Sys=0.00s Real=0.00s
[251.338s][info][gc,start       ] GC(618) Pause Young (Allocation Failure)
[251.339s][info][gc,heap        ] GC(618) PSYoungGen: 348416K(348672K)->288K(348672K) Eden: 348160K(348160K)->0K(348160K) From: 256K(512K)->288K(512K)
[251.339s][info][gc,heap        ] GC(618) ParOldGen: 16537K(699392K)->16545K(699392K)
[251.339s][info][gc,metaspace   ] GC(618) Metaspace: 53736K(54272K)->53736K(54272K) NonClass: 46270K(46464K)->46270K(46464K) Class: 7465K(7808K)->7465K(7808K)
[251.339s][info][gc             ] GC(618) Pause Young (Allocation Failure) 356M->16M(1023M) 0.569ms
[251.339s][info][gc,cpu         ] GC(618) User=0.00s Sys=0.00s Real=0.00s
[251.782s][info][gc,start       ] GC(619) Pause Young (Allocation Failure)
[251.783s][info][gc,heap        ] GC(619) PSYoungGen: 348448K(348672K)->320K(348672K) Eden: 348160K(348160K)->0K(348160K) From: 288K(512K)->320K(512K)
[251.783s][info][gc,heap        ] GC(619) ParOldGen: 16545K(699392K)->16585K(699392K)
[251.783s][info][gc,metaspace   ] GC(619) Metaspace: 53736K(54272K)->53736K(54272K) NonClass: 46270K(46464K)->46270K(46464K) Class: 7465K(7808K)->7465K(7808K)
[251.783s][info][gc             ] GC(619) Pause Young (Allocation Failure) 356M->16M(1023M) 0.516ms
[251.783s][info][gc,cpu         ] GC(619) User=0.00s Sys=0.00s Real=0.00s
[252.199s][info][gc,start       ] GC(620) Pause Young (System.gc())
[252.199s][info][gc,heap        ] GC(620) PSYoungGen: 326080K(348672K)->256K(348672K) Eden: 325760K(348160K)->0K(348160K) From: 320K(512K)->256K(512K)
[252.199s][info][gc,heap        ] GC(620) ParOldGen: 16585K(699392K)->16593K(699392K)
[252.199s][info][gc,metaspace   ] GC(620) Metaspace: 53737K(54272K)->53737K(54272K) NonClass: 46271K(46464K)->46271K(46464K) Class: 7465K(7808K)->7465K(7808K)
[252.199s][info][gc             ] GC(620) Pause Young (System.gc()) 334M->16M(1023M) 0.477ms
[252.199s][info][gc,cpu         ] GC(620) User=0.00s Sys=0.00s Real=0.00s
[252.199s][info][gc,start       ] GC(621) Pause Full (System.gc())
[252.199s][info][gc,phases,start] GC(621) Marking Phase
[252.217s][info][gc,phases      ] GC(621) Marking Phase 17.979ms
[252.217s][info][gc,phases,start] GC(621) Summary Phase
[252.217s][info][gc,phases      ] GC(621) Summary Phase 0.009ms
[252.217s][info][gc,phases,start] GC(621) Adjust Roots
[252.226s][info][gc,phases      ] GC(621) Adjust Roots 8.633ms
[252.226s][info][gc,phases,start] GC(621) Compaction Phase
[252.229s][info][gc,phases      ] GC(621) Compaction Phase 3.049ms
[252.229s][info][gc,phases,start] GC(621) Post Compact
[252.229s][info][gc,phases      ] GC(621) Post Compact 0.162ms
[252.229s][info][gc,heap        ] GC(621) PSYoungGen: 256K(348672K)->0K(348672K) Eden: 0K(348160K)->0K(348160K) From: 256K(512K)->0K(512K)
[252.229s][info][gc,heap        ] GC(621) ParOldGen: 16593K(699392K)->16023K(699392K)
[252.229s][info][gc,metaspace   ] GC(621) Metaspace: 53737K(54272K)->53737K(54272K) NonClass: 46271K(46464K)->46271K(46464K) Class: 7465K(7808K)->7465K(7808K)
[252.229s][info][gc             ] GC(621) Pause Full (System.gc()) 16M->15M(1023M) 30.054ms
[252.230s][info][gc,cpu         ] GC(621) User=0.02s Sys=0.00s Real=0.03s
[252.677s][info][gc,start       ] GC(622) Pause Young (Allocation Failure)
[252.678s][info][gc,heap        ] GC(622) PSYoungGen: 348160K(348672K)->512K(348672K) Eden: 348160K(348160K)->0K(348160K) From: 0K(512K)->512K(512K)
[252.678s][info][gc,heap        ] GC(622) ParOldGen: 16023K(699392K)->16063K(699392K)
[252.678s][info][gc,metaspace   ] GC(622) Metaspace: 53802K(54400K)->53802K(54400K) NonClass: 46336K(46592K)->46336K(46592K) Class: 7465K(7808K)->7465K(7808K)
[252.678s][info][gc             ] GC(622) Pause Young (Allocation Failure) 355M->16M(1023M) 1.206ms
[252.678s][info][gc,cpu         ] GC(622) User=0.00s Sys=0.00s Real=0.00s
[253.113s][info][gc,start       ] GC(623) Pause Young (Allocation Failure)
[253.114s][info][gc,heap        ] GC(623) PSYoungGen: 348672K(348672K)->256K(347648K) Eden: 348160K(348160K)->0K(347136K) From: 512K(512K)->256K(512K)
[253.114s][info][gc,heap        ] GC(623) ParOldGen: 16063K(699392K)->16439K(699392K)
[253.114s][info][gc,metaspace   ] GC(623) Metaspace: 53802K(54400K)->53802K(54400K) NonClass: 46336K(46592K)->46336K(46592K) Class: 7465K(7808K)->7465K(7808K)
[253.114s][info][gc             ] GC(623) Pause Young (Allocation Failure) 356M->16M(1022M) 0.709ms
[253.114s][info][gc,cpu         ] GC(623) User=0.00s Sys=0.00s Real=0.00s
[253.538s][info][gc,start       ] GC(624) Pause Young (Allocation Failure)
[253.539s][info][gc,heap        ] GC(624) PSYoungGen: 347392K(347648K)->224K(348160K) Eden: 347136K(347136K)->0K(347136K) From: 256K(512K)->224K(1024K)
[253.539s][info][gc,heap        ] GC(624) ParOldGen: 16439K(699392K)->16447K(699392K)
[253.539s][info][gc,metaspace   ] GC(624) Metaspace: 53802K(54400K)->53802K(54400K) NonClass: 46336K(46592K)->46336K(46592K) Class: 7465K(7808K)->7465K(7808K)
[253.539s][info][gc             ] GC(624) Pause Young (Allocation Failure) 355M->16M(1023M) 0.487ms
[253.539s][info][gc,cpu         ] GC(624) User=0.00s Sys=0.00s Real=0.00s
[253.970s][info][gc,start       ] GC(625) Pause Young (Allocation Failure)
[253.971s][info][gc,heap        ] GC(625) PSYoungGen: 347360K(348160K)->224K(348672K) Eden: 347136K(347136K)->0K(348160K) From: 224K(1024K)->224K(512K)
[253.971s][info][gc,heap        ] GC(625) ParOldGen: 16447K(699392K)->16487K(699392K)
[253.971s][info][gc,metaspace   ] GC(625) Metaspace: 53802K(54400K)->53802K(54400K) NonClass: 46336K(46592K)->46336K(46592K) Class: 7465K(7808K)->7465K(7808K)
[253.971s][info][gc             ] GC(625) Pause Young (Allocation Failure) 355M->16M(1023M) 0.492ms
[253.971s][info][gc,cpu         ] GC(625) User=0.00s Sys=0.00s Real=0.00s
[254.395s][info][gc,start       ] GC(626) Pause Young (Allocation Failure)
[254.395s][info][gc,heap        ] GC(626) PSYoungGen: 348384K(348672K)->256K(348672K) Eden: 348160K(348160K)->0K(348160K) From: 224K(512K)->256K(512K)
[254.395s][info][gc,heap        ] GC(626) ParOldGen: 16487K(699392K)->16519K(699392K)
[254.395s][info][gc,metaspace   ] GC(626) Metaspace: 53802K(54400K)->53802K(54400K) NonClass: 46336K(46592K)->46336K(46592K) Class: 7465K(7808K)->7465K(7808K)
[254.395s][info][gc             ] GC(626) Pause Young (Allocation Failure) 356M->16M(1023M) 0.513ms
[254.395s][info][gc,cpu         ] GC(626) User=0.00s Sys=0.00s Real=0.00s
[254.829s][info][gc,start       ] GC(627) Pause Young (Allocation Failure)
[254.829s][info][gc,heap        ] GC(627) PSYoungGen: 348416K(348672K)->256K(348672K) Eden: 348160K(348160K)->0K(348160K) From: 256K(512K)->256K(512K)
[254.829s][info][gc,heap        ] GC(627) ParOldGen: 16519K(699392K)->16559K(699392K)
[254.829s][info][gc,metaspace   ] GC(627) Metaspace: 53802K(54400K)->53802K(54400K) NonClass: 46336K(46592K)->46336K(46592K) Class: 7465K(7808K)->7465K(7808K)
[254.829s][info][gc             ] GC(627) Pause Young (Allocation Failure) 356M->16M(1023M) 0.467ms
[254.829s][info][gc,cpu         ] GC(627) User=0.00s Sys=0.00s Real=0.00s
[255.248s][info][gc,start       ] GC(628) Pause Young (Allocation Failure)
[255.248s][info][gc,heap        ] GC(628) PSYoungGen: 348416K(348672K)->224K(348672K) Eden: 348160K(348160K)->0K(348160K) From: 256K(512K)->224K(512K)
[255.248s][info][gc,heap        ] GC(628) ParOldGen: 16559K(699392K)->16575K(699392K)
[255.248s][info][gc,metaspace   ] GC(628) Metaspace: 53802K(54400K)->53802K(54400K) NonClass: 46336K(46592K)->46336K(46592K) Class: 7465K(7808K)->7465K(7808K)
[255.248s][info][gc             ] GC(628) Pause Young (Allocation Failure) 356M->16M(1023M) 0.489ms
[255.248s][info][gc,cpu         ] GC(628) User=0.00s Sys=0.00s Real=0.00s
[255.665s][info][gc,start       ] GC(629) Pause Young (System.gc())
[255.665s][info][gc,heap        ] GC(629) PSYoungGen: 326739K(348672K)->256K(348672K) Eden: 326515K(348160K)->0K(348160K) From: 224K(512K)->256K(512K)
[255.665s][info][gc,heap        ] GC(629) ParOldGen: 16575K(699392K)->16583K(699392K)
[255.665s][info][gc,metaspace   ] GC(629) Metaspace: 53802K(54400K)->53802K(54400K) NonClass: 46336K(46592K)->46336K(46592K) Class: 7465K(7808K)->7465K(7808K)
[255.665s][info][gc             ] GC(629) Pause Young (System.gc()) 335M->16M(1023M) 0.469ms
[255.665s][info][gc,cpu         ] GC(629) User=0.00s Sys=0.00s Real=0.00s
[255.665s][info][gc,start       ] GC(630) Pause Full (System.gc())
[255.665s][info][gc,phases,start] GC(630) Marking Phase
[255.684s][info][gc,phases      ] GC(630) Marking Phase 18.940ms
[255.684s][info][gc,phases,start] GC(630) Summary Phase
[255.684s][info][gc,phases      ] GC(630) Summary Phase 0.009ms
[255.684s][info][gc,phases,start] GC(630) Adjust Roots
[255.693s][info][gc,phases      ] GC(630) Adjust Roots 8.359ms
[255.693s][info][gc,phases,start] GC(630) Compaction Phase
[255.695s][info][gc,phases      ] GC(630) Compaction Phase 2.821ms
[255.695s][info][gc,phases,start] GC(630) Post Compact
[255.696s][info][gc,phases      ] GC(630) Post Compact 0.174ms
[255.696s][info][gc,heap        ] GC(630) PSYoungGen: 256K(348672K)->0K(348672K) Eden: 0K(348160K)->0K(348160K) From: 256K(512K)->0K(512K)
[255.696s][info][gc,heap        ] GC(630) ParOldGen: 16583K(699392K)->16027K(699392K)
[255.696s][info][gc,metaspace   ] GC(630) Metaspace: 53802K(54400K)->53802K(54400K) NonClass: 46336K(46592K)->46336K(46592K) Class: 7465K(7808K)->7465K(7808K)
[255.696s][info][gc             ] GC(630) Pause Full (System.gc()) 16M->15M(1023M) 30.536ms
[255.696s][info][gc,cpu         ] GC(630) User=0.02s Sys=0.00s Real=0.02s
[256.133s][info][gc,start       ] GC(631) Pause Young (Allocation Failure)
[256.133s][info][gc,heap        ] GC(631) PSYoungGen: 348160K(348672K)->512K(348672K) Eden: 348160K(348160K)->0K(348160K) From: 0K(512K)->512K(512K)
[256.133s][info][gc,heap        ] GC(631) ParOldGen: 16027K(699392K)->16091K(699392K)
[256.133s][info][gc,metaspace   ] GC(631) Metaspace: 53840K(54400K)->53840K(54400K) NonClass: 46374K(46592K)->46374K(46592K) Class: 7465K(7808K)->7465K(7808K)
[256.133s][info][gc             ] GC(631) Pause Young (Allocation Failure) 355M->16M(1023M) 0.742ms
[256.133s][info][gc,cpu         ] GC(631) User=0.00s Sys=0.00s Real=0.00s
[256.548s][info][gc,start       ] GC(632) Pause Young (Allocation Failure)
[256.549s][info][gc,heap        ] GC(632) PSYoungGen: 348672K(348672K)->192K(347648K) Eden: 348160K(348160K)->0K(347136K) From: 512K(512K)->192K(512K)
[256.549s][info][gc,heap        ] GC(632) ParOldGen: 16091K(699392K)->16443K(699392K)
[256.549s][info][gc,metaspace   ] GC(632) Metaspace: 53840K(54400K)->53840K(54400K) NonClass: 46374K(46592K)->46374K(46592K) Class: 7465K(7808K)->7465K(7808K)
[256.549s][info][gc             ] GC(632) Pause Young (Allocation Failure) 356M->16M(1022M) 0.694ms
[256.549s][info][gc,cpu         ] GC(632) User=0.00s Sys=0.00s Real=0.00s
[256.976s][info][gc,start       ] GC(633) Pause Young (Allocation Failure)
[256.977s][info][gc,heap        ] GC(633) PSYoungGen: 347328K(347648K)->256K(348160K) Eden: 347136K(347136K)->0K(347136K) From: 192K(512K)->256K(1024K)
[256.977s][info][gc,heap        ] GC(633) ParOldGen: 16443K(699392K)->16475K(699392K)
[256.977s][info][gc,metaspace   ] GC(633) Metaspace: 53840K(54400K)->53840K(54400K) NonClass: 46374K(46592K)->46374K(46592K) Class: 7465K(7808K)->7465K(7808K)
[256.977s][info][gc             ] GC(633) Pause Young (Allocation Failure) 355M->16M(1023M) 0.496ms
[256.977s][info][gc,cpu         ] GC(633) User=0.00s Sys=0.00s Real=0.00s
[257.396s][info][gc,start       ] GC(634) Pause Young (Allocation Failure)
[257.397s][info][gc,heap        ] GC(634) PSYoungGen: 347392K(348160K)->224K(348672K) Eden: 347136K(347136K)->0K(347648K) From: 256K(1024K)->224K(1024K)
[257.397s][info][gc,heap        ] GC(634) ParOldGen: 16475K(699392K)->16483K(699392K)
[257.397s][info][gc,metaspace   ] GC(634) Metaspace: 53840K(54400K)->53840K(54400K) NonClass: 46375K(46592K)->46375K(46592K) Class: 7465K(7808K)->7465K(7808K)
[257.397s][info][gc             ] GC(634) Pause Young (Allocation Failure) 355M->16M(1023M) 0.555ms
[257.397s][info][gc,cpu         ] GC(634) User=0.00s Sys=0.00s Real=0.00s
[257.828s][info][gc,start       ] GC(635) Pause Young (Allocation Failure)
[257.828s][info][gc,heap        ] GC(635) PSYoungGen: 347872K(348672K)->224K(348160K) Eden: 347648K(347648K)->0K(347648K) From: 224K(1024K)->224K(512K)
[257.828s][info][gc,heap        ] GC(635) ParOldGen: 16483K(699392K)->16531K(699392K)
[257.828s][info][gc,metaspace   ] GC(635) Metaspace: 53840K(54400K)->53840K(54400K) NonClass: 46375K(46592K)->46375K(46592K) Class: 7465K(7808K)->7465K(7808K)
[257.828s][info][gc             ] GC(635) Pause Young (Allocation Failure) 355M->16M(1023M) 0.498ms
[257.828s][info][gc,cpu         ] GC(635) User=0.00s Sys=0.00s Real=0.00s
[258.247s][info][gc,start       ] GC(636) Pause Young (Allocation Failure)
[258.248s][info][gc,heap        ] GC(636) PSYoungGen: 347872K(348160K)->256K(348672K) Eden: 347648K(347648K)->0K(348160K) From: 224K(512K)->256K(512K)
[258.248s][info][gc,heap        ] GC(636) ParOldGen: 16531K(699392K)->16539K(699392K)
[258.248s][info][gc,metaspace   ] GC(636) Metaspace: 53840K(54400K)->53840K(54400K) NonClass: 46375K(46592K)->46375K(46592K) Class: 7465K(7808K)->7465K(7808K)
[258.248s][info][gc             ] GC(636) Pause Young (Allocation Failure) 355M->16M(1023M) 0.503ms
[258.248s][info][gc,cpu         ] GC(636) User=0.00s Sys=0.00s Real=0.00s
[258.665s][info][gc,start       ] GC(637) Pause Young (Allocation Failure)
[258.665s][info][gc,heap        ] GC(637) PSYoungGen: 348416K(348672K)->256K(348672K) Eden: 348160K(348160K)->0K(348160K) From: 256K(512K)->256K(512K)
[258.665s][info][gc,heap        ] GC(637) ParOldGen: 16539K(699392K)->16547K(699392K)
[258.665s][info][gc,metaspace   ] GC(637) Metaspace: 53840K(54400K)->53840K(54400K) NonClass: 46375K(46592K)->46375K(46592K) Class: 7465K(7808K)->7465K(7808K)
[258.665s][info][gc             ] GC(637) Pause Young (Allocation Failure) 356M->16M(1023M) 0.517ms
[258.666s][info][gc,cpu         ] GC(637) User=0.00s Sys=0.00s Real=0.00s
[259.092s][info][gc,start       ] GC(638) Pause Young (System.gc())
[259.092s][info][gc,heap        ] GC(638) PSYoungGen: 327451K(348672K)->224K(348672K) Eden: 327195K(348160K)->0K(348160K) From: 256K(512K)->224K(512K)
[259.092s][info][gc,heap        ] GC(638) ParOldGen: 16547K(699392K)->16579K(699392K)
[259.092s][info][gc,metaspace   ] GC(638) Metaspace: 53840K(54400K)->53840K(54400K) NonClass: 46375K(46592K)->46375K(46592K) Class: 7465K(7808K)->7465K(7808K)
[259.092s][info][gc             ] GC(638) Pause Young (System.gc()) 335M->16M(1023M) 0.861ms
[259.092s][info][gc,cpu         ] GC(638) User=0.00s Sys=0.00s Real=0.00s
[259.093s][info][gc,start       ] GC(639) Pause Full (System.gc())
[259.093s][info][gc,phases,start] GC(639) Marking Phase
[259.111s][info][gc,phases      ] GC(639) Marking Phase 18.558ms
[259.111s][info][gc,phases,start] GC(639) Summary Phase
[259.111s][info][gc,phases      ] GC(639) Summary Phase 0.009ms
[259.111s][info][gc,phases,start] GC(639) Adjust Roots
[259.119s][info][gc,phases      ] GC(639) Adjust Roots 8.003ms
[259.119s][info][gc,phases,start] GC(639) Compaction Phase
[259.122s][info][gc,phases      ] GC(639) Compaction Phase 2.736ms
[259.122s][info][gc,phases,start] GC(639) Post Compact
[259.122s][info][gc,phases      ] GC(639) Post Compact 0.178ms
[259.122s][info][gc,heap        ] GC(639) PSYoungGen: 224K(348672K)->0K(348672K) Eden: 0K(348160K)->0K(348160K) From: 224K(512K)->0K(512K)
[259.122s][info][gc,heap        ] GC(639) ParOldGen: 16579K(699392K)->16025K(699392K)
[259.122s][info][gc,metaspace   ] GC(639) Metaspace: 53840K(54400K)->53840K(54400K) NonClass: 46375K(46592K)->46375K(46592K) Class: 7465K(7808K)->7465K(7808K)
[259.122s][info][gc             ] GC(639) Pause Full (System.gc()) 16M->15M(1023M) 29.721ms
[259.122s][info][gc,cpu         ] GC(639) User=0.02s Sys=0.00s Real=0.02s
[259.569s][info][gc,start       ] GC(640) Pause Young (Allocation Failure)
[259.569s][info][gc,heap        ] GC(640) PSYoungGen: 348160K(348672K)->512K(348672K) Eden: 348160K(348160K)->0K(348160K) From: 0K(512K)->512K(512K)
[259.569s][info][gc,heap        ] GC(640) ParOldGen: 16025K(699392K)->16057K(699392K)
[259.569s][info][gc,metaspace   ] GC(640) Metaspace: 53881K(54464K)->53881K(54464K) NonClass: 46415K(46656K)->46415K(46656K) Class: 7465K(7808K)->7465K(7808K)
[259.569s][info][gc             ] GC(640) Pause Young (Allocation Failure) 355M->16M(1023M) 0.798ms
[259.569s][info][gc,cpu         ] GC(640) User=0.00s Sys=0.00s Real=0.00s
[260.004s][info][gc,start       ] GC(641) Pause Young (Allocation Failure)
[260.004s][info][gc,heap        ] GC(641) PSYoungGen: 348672K(348672K)->224K(347648K) Eden: 348160K(348160K)->0K(347136K) From: 512K(512K)->224K(512K)
[260.004s][info][gc,heap        ] GC(641) ParOldGen: 16057K(699392K)->16433K(699392K)
[260.004s][info][gc,metaspace   ] GC(641) Metaspace: 53881K(54464K)->53881K(54464K) NonClass: 46415K(46656K)->46415K(46656K) Class: 7465K(7808K)->7465K(7808K)
[260.004s][info][gc             ] GC(641) Pause Young (Allocation Failure) 356M->16M(1022M) 0.687ms
[260.004s][info][gc,cpu         ] GC(641) User=0.00s Sys=0.00s Real=0.00s
[260.429s][info][gc,start       ] GC(642) Pause Young (Allocation Failure)
[260.429s][info][gc,heap        ] GC(642) PSYoungGen: 347360K(347648K)->288K(348160K) Eden: 347136K(347136K)->0K(347136K) From: 224K(512K)->288K(1024K)
[260.429s][info][gc,heap        ] GC(642) ParOldGen: 16433K(699392K)->16441K(699392K)
[260.429s][info][gc,metaspace   ] GC(642) Metaspace: 53881K(54464K)->53881K(54464K) NonClass: 46415K(46656K)->46415K(46656K) Class: 7465K(7808K)->7465K(7808K)
[260.429s][info][gc             ] GC(642) Pause Young (Allocation Failure) 355M->16M(1023M) 0.509ms
[260.429s][info][gc,cpu         ] GC(642) User=0.00s Sys=0.00s Real=0.00s
[260.858s][info][gc,start       ] GC(643) Pause Young (Allocation Failure)
[260.859s][info][gc,heap        ] GC(643) PSYoungGen: 347424K(348160K)->256K(348672K) Eden: 347136K(347136K)->0K(348160K) From: 288K(1024K)->256K(512K)
[260.859s][info][gc,heap        ] GC(643) ParOldGen: 16441K(699392K)->16481K(699392K)
[260.859s][info][gc,metaspace   ] GC(643) Metaspace: 53881K(54464K)->53881K(54464K) NonClass: 46415K(46656K)->46415K(46656K) Class: 7465K(7808K)->7465K(7808K)
[260.859s][info][gc             ] GC(643) Pause Young (Allocation Failure) 355M->16M(1023M) 0.571ms
[260.859s][info][gc,cpu         ] GC(643) User=0.00s Sys=0.00s Real=0.00s
[261.278s][info][gc,start       ] GC(644) Pause Young (Allocation Failure)
[261.279s][info][gc,heap        ] GC(644) PSYoungGen: 348416K(348672K)->288K(348672K) Eden: 348160K(348160K)->0K(348160K) From: 256K(512K)->288K(512K)
[261.279s][info][gc,heap        ] GC(644) ParOldGen: 16481K(699392K)->16513K(699392K)
[261.279s][info][gc,metaspace   ] GC(644) Metaspace: 53881K(54464K)->53881K(54464K) NonClass: 46415K(46656K)->46415K(46656K) Class: 7465K(7808K)->7465K(7808K)
[261.279s][info][gc             ] GC(644) Pause Young (Allocation Failure) 356M->16M(1023M) 0.517ms
[261.279s][info][gc,cpu         ] GC(644) User=0.00s Sys=0.00s Real=0.00s
[261.696s][info][gc,start       ] GC(645) Pause Young (Allocation Failure)
[261.696s][info][gc,heap        ] GC(645) PSYoungGen: 348448K(348672K)->256K(348672K) Eden: 348160K(348160K)->0K(348160K) From: 288K(512K)->256K(512K)
[261.696s][info][gc,heap        ] GC(645) ParOldGen: 16513K(699392K)->16561K(699392K)
[261.696s][info][gc,metaspace   ] GC(645) Metaspace: 53881K(54464K)->53881K(54464K) NonClass: 46415K(46656K)->46415K(46656K) Class: 7465K(7808K)->7465K(7808K)
[261.696s][info][gc             ] GC(645) Pause Young (Allocation Failure) 356M->16M(1023M) 0.504ms
[261.696s][info][gc,cpu         ] GC(645) User=0.00s Sys=0.00s Real=0.00s
[262.129s][info][gc,start       ] GC(646) Pause Young (Allocation Failure)
[262.130s][info][gc,heap        ] GC(646) PSYoungGen: 348416K(348672K)->256K(348672K) Eden: 348160K(348160K)->0K(348160K) From: 256K(512K)->256K(512K)
[262.130s][info][gc,heap        ] GC(646) ParOldGen: 16561K(699392K)->16569K(699392K)
[262.130s][info][gc,metaspace   ] GC(646) Metaspace: 53881K(54464K)->53881K(54464K) NonClass: 46415K(46656K)->46415K(46656K) Class: 7465K(7808K)->7465K(7808K)
[262.130s][info][gc             ] GC(646) Pause Young (Allocation Failure) 356M->16M(1023M) 0.522ms
[262.130s][info][gc,cpu         ] GC(646) User=0.00s Sys=0.00s Real=0.00s
[262.548s][info][gc,start       ] GC(647) Pause Young (System.gc())
[262.548s][info][gc,heap        ] GC(647) PSYoungGen: 325188K(348672K)->256K(348672K) Eden: 324932K(348160K)->0K(348160K) From: 256K(512K)->256K(512K)
[262.548s][info][gc,heap        ] GC(647) ParOldGen: 16569K(699392K)->16569K(699392K)
[262.548s][info][gc,metaspace   ] GC(647) Metaspace: 53881K(54464K)->53881K(54464K) NonClass: 46415K(46656K)->46415K(46656K) Class: 7465K(7808K)->7465K(7808K)
[262.548s][info][gc             ] GC(647) Pause Young (System.gc()) 333M->16M(1023M) 0.509ms
[262.548s][info][gc,cpu         ] GC(647) User=0.00s Sys=0.00s Real=0.00s
[262.548s][info][gc,start       ] GC(648) Pause Full (System.gc())
[262.548s][info][gc,phases,start] GC(648) Marking Phase
[262.567s][info][gc,phases      ] GC(648) Marking Phase 18.947ms
[262.568s][info][gc,phases,start] GC(648) Summary Phase
[262.568s][info][gc,phases      ] GC(648) Summary Phase 0.039ms
[262.568s][info][gc,phases,start] GC(648) Adjust Roots
[262.577s][info][gc,phases      ] GC(648) Adjust Roots 8.516ms
[262.577s][info][gc,phases,start] GC(648) Compaction Phase
[262.580s][info][gc,phases      ] GC(648) Compaction Phase 3.342ms
[262.580s][info][gc,phases,start] GC(648) Post Compact
[262.581s][info][gc,phases      ] GC(648) Post Compact 0.192ms
[262.581s][info][gc,heap        ] GC(648) PSYoungGen: 256K(348672K)->0K(348672K) Eden: 0K(348160K)->0K(348160K) From: 256K(512K)->0K(512K)
[262.581s][info][gc,heap        ] GC(648) ParOldGen: 16569K(699392K)->16028K(699392K)
[262.581s][info][gc,metaspace   ] GC(648) Metaspace: 53881K(54464K)->53881K(54464K) NonClass: 46415K(46656K)->46415K(46656K) Class: 7465K(7808K)->7465K(7808K)
[262.581s][info][gc             ] GC(648) Pause Full (System.gc()) 16M->15M(1023M) 32.473ms
[262.581s][info][gc,cpu         ] GC(648) User=0.03s Sys=0.00s Real=0.02s
[263.030s][info][gc,start       ] GC(649) Pause Young (Allocation Failure)
[263.031s][info][gc,heap        ] GC(649) PSYoungGen: 348160K(348672K)->512K(348672K) Eden: 348160K(348160K)->0K(348160K) From: 0K(512K)->512K(512K)
[263.031s][info][gc,heap        ] GC(649) ParOldGen: 16028K(699392K)->16060K(699392K)
[263.031s][info][gc,metaspace   ] GC(649) Metaspace: 53899K(54464K)->53899K(54464K) NonClass: 46433K(46656K)->46433K(46656K) Class: 7465K(7808K)->7465K(7808K)
[263.031s][info][gc             ] GC(649) Pause Young (Allocation Failure) 355M->16M(1023M) 0.713ms
[263.031s][info][gc,cpu         ] GC(649) User=0.00s Sys=0.00s Real=0.00s
[263.453s][info][gc,start       ] GC(650) Pause Young (Allocation Failure)
[263.454s][info][gc,heap        ] GC(650) PSYoungGen: 348672K(348672K)->224K(348672K) Eden: 348160K(348160K)->0K(348160K) From: 512K(512K)->224K(512K)
[263.454s][info][gc,heap        ] GC(650) ParOldGen: 16060K(699392K)->16436K(699392K)
[263.454s][info][gc,metaspace   ] GC(650) Metaspace: 53899K(54464K)->53899K(54464K) NonClass: 46433K(46656K)->46433K(46656K) Class: 7465K(7808K)->7465K(7808K)
[263.454s][info][gc             ] GC(650) Pause Young (Allocation Failure) 356M->16M(1023M) 0.734ms
[263.454s][info][gc,cpu         ] GC(650) User=0.00s Sys=0.00s Real=0.00s
[263.889s][info][gc,start       ] GC(651) Pause Young (Allocation Failure)
[263.890s][info][gc,heap        ] GC(651) PSYoungGen: 348384K(348672K)->256K(348672K) Eden: 348160K(348160K)->0K(348160K) From: 224K(512K)->256K(512K)
[263.890s][info][gc,heap        ] GC(651) ParOldGen: 16436K(699392K)->16476K(699392K)
[263.890s][info][gc,metaspace   ] GC(651) Metaspace: 53899K(54464K)->53899K(54464K) NonClass: 46433K(46656K)->46433K(46656K) Class: 7465K(7808K)->7465K(7808K)
[263.890s][info][gc             ] GC(651) Pause Young (Allocation Failure) 356M->16M(1023M) 0.474ms
[263.890s][info][gc,cpu         ] GC(651) User=0.00s Sys=0.00s Real=0.00s
[264.310s][info][gc,start       ] GC(652) Pause Young (Allocation Failure)
[264.310s][info][gc,heap        ] GC(652) PSYoungGen: 348416K(348672K)->288K(348672K) Eden: 348160K(348160K)->0K(348160K) From: 256K(512K)->288K(512K)
[264.310s][info][gc,heap        ] GC(652) ParOldGen: 16476K(699392K)->16484K(699392K)
[264.310s][info][gc,metaspace   ] GC(652) Metaspace: 53899K(54464K)->53899K(54464K) NonClass: 46433K(46656K)->46433K(46656K) Class: 7465K(7808K)->7465K(7808K)
[264.310s][info][gc             ] GC(652) Pause Young (Allocation Failure) 356M->16M(1023M) 0.509ms
[264.310s][info][gc,cpu         ] GC(652) User=0.00s Sys=0.00s Real=0.00s
[264.727s][info][gc,start       ] GC(653) Pause Young (Allocation Failure)
[264.727s][info][gc,heap        ] GC(653) PSYoungGen: 348448K(348672K)->256K(348672K) Eden: 348160K(348160K)->0K(348160K) From: 288K(512K)->256K(512K)
[264.727s][info][gc,heap        ] GC(653) ParOldGen: 16484K(699392K)->16524K(699392K)
[264.727s][info][gc,metaspace   ] GC(653) Metaspace: 53899K(54464K)->53899K(54464K) NonClass: 46433K(46656K)->46433K(46656K) Class: 7465K(7808K)->7465K(7808K)
[264.727s][info][gc             ] GC(653) Pause Young (Allocation Failure) 356M->16M(1023M) 0.487ms
[264.727s][info][gc,cpu         ] GC(653) User=0.00s Sys=0.00s Real=0.00s
[265.167s][info][gc,start       ] GC(654) Pause Young (Allocation Failure)
[265.167s][info][gc,heap        ] GC(654) PSYoungGen: 348416K(348672K)->256K(348672K) Eden: 348160K(348160K)->0K(348160K) From: 256K(512K)->256K(512K)
[265.167s][info][gc,heap        ] GC(654) ParOldGen: 16524K(699392K)->16532K(699392K)
[265.167s][info][gc,metaspace   ] GC(654) Metaspace: 53899K(54464K)->53899K(54464K) NonClass: 46433K(46656K)->46433K(46656K) Class: 7465K(7808K)->7465K(7808K)
[265.167s][info][gc             ] GC(654) Pause Young (Allocation Failure) 356M->16M(1023M) 0.532ms
[265.167s][info][gc,cpu         ] GC(654) User=0.00s Sys=0.00s Real=0.00s
[265.584s][info][gc,start       ] GC(655) Pause Young (Allocation Failure)
[265.585s][info][gc,heap        ] GC(655) PSYoungGen: 348416K(348672K)->256K(348672K) Eden: 348160K(348160K)->0K(348160K) From: 256K(512K)->256K(512K)
[265.585s][info][gc,heap        ] GC(655) ParOldGen: 16532K(699392K)->16540K(699392K)
[265.585s][info][gc,metaspace   ] GC(655) Metaspace: 53899K(54464K)->53899K(54464K) NonClass: 46433K(46656K)->46433K(46656K) Class: 7465K(7808K)->7465K(7808K)
[265.585s][info][gc             ] GC(655) Pause Young (Allocation Failure) 356M->16M(1023M) 0.542ms
[265.585s][info][gc,cpu         ] GC(655) User=0.00s Sys=0.00s Real=0.00s
[266.020s][info][gc,start       ] GC(656) Pause Young (System.gc())
[266.021s][info][gc,heap        ] GC(656) PSYoungGen: 325102K(348672K)->320K(348672K) Eden: 324846K(348160K)->0K(348160K) From: 256K(512K)->320K(512K)
[266.021s][info][gc,heap        ] GC(656) ParOldGen: 16540K(699392K)->16588K(699392K)
[266.021s][info][gc,metaspace   ] GC(656) Metaspace: 53908K(54464K)->53908K(54464K) NonClass: 46442K(46656K)->46442K(46656K) Class: 7465K(7808K)->7465K(7808K)
[266.021s][info][gc             ] GC(656) Pause Young (System.gc()) 333M->16M(1023M) 0.628ms
[266.021s][info][gc,cpu         ] GC(656) User=0.00s Sys=0.00s Real=0.00s
[266.021s][info][gc,start       ] GC(657) Pause Full (System.gc())
[266.021s][info][gc,phases,start] GC(657) Marking Phase
[266.039s][info][gc,phases      ] GC(657) Marking Phase 17.904ms
[266.039s][info][gc,phases,start] GC(657) Summary Phase
[266.039s][info][gc,phases      ] GC(657) Summary Phase 0.008ms
[266.039s][info][gc,phases,start] GC(657) Adjust Roots
[266.048s][info][gc,phases      ] GC(657) Adjust Roots 8.918ms
[266.048s][info][gc,phases,start] GC(657) Compaction Phase
[266.051s][info][gc,phases      ] GC(657) Compaction Phase 3.320ms
[266.051s][info][gc,phases,start] GC(657) Post Compact
[266.051s][info][gc,phases      ] GC(657) Post Compact 0.184ms
[266.051s][info][gc,heap        ] GC(657) PSYoungGen: 320K(348672K)->0K(348672K) Eden: 0K(348160K)->0K(348160K) From: 320K(512K)->0K(512K)
[266.051s][info][gc,heap        ] GC(657) ParOldGen: 16588K(699392K)->16130K(699392K)
[266.051s][info][gc,metaspace   ] GC(657) Metaspace: 53908K(54464K)->53908K(54464K) NonClass: 46442K(46656K)->46442K(46656K) Class: 7465K(7808K)->7465K(7808K)
[266.051s][info][gc             ] GC(657) Pause Full (System.gc()) 16M->15M(1023M) 30.550ms
[266.051s][info][gc,cpu         ] GC(657) User=0.02s Sys=0.00s Real=0.02s
[266.496s][info][gc,start       ] GC(658) Pause Young (Allocation Failure)
[266.497s][info][gc,heap        ] GC(658) PSYoungGen: 348160K(348672K)->480K(348672K) Eden: 348160K(348160K)->0K(348160K) From: 0K(512K)->480K(512K)
[266.497s][info][gc,heap        ] GC(658) ParOldGen: 16130K(699392K)->16130K(699392K)
[266.497s][info][gc,metaspace   ] GC(658) Metaspace: 53922K(54528K)->53922K(54528K) NonClass: 46456K(46720K)->46456K(46720K) Class: 7465K(7808K)->7465K(7808K)
[266.497s][info][gc             ] GC(658) Pause Young (Allocation Failure) 355M->16M(1023M) 0.684ms
[266.497s][info][gc,cpu         ] GC(658) User=0.00s Sys=0.00s Real=0.00s
[266.940s][info][gc,start       ] GC(659) Pause Young (Allocation Failure)
[266.940s][info][gc,heap        ] GC(659) PSYoungGen: 348640K(348672K)->192K(348672K) Eden: 348160K(348160K)->0K(348160K) From: 480K(512K)->192K(512K)
[266.940s][info][gc,heap        ] GC(659) ParOldGen: 16130K(699392K)->16426K(699392K)
[266.940s][info][gc,metaspace   ] GC(659) Metaspace: 53922K(54528K)->53922K(54528K) NonClass: 46456K(46720K)->46456K(46720K) Class: 7465K(7808K)->7465K(7808K)
[266.940s][info][gc             ] GC(659) Pause Young (Allocation Failure) 356M->16M(1023M) 0.644ms
[266.940s][info][gc,cpu         ] GC(659) User=0.02s Sys=0.00s Real=0.00s
[267.363s][info][gc,start       ] GC(660) Pause Young (Allocation Failure)
[267.364s][info][gc,heap        ] GC(660) PSYoungGen: 348352K(348672K)->256K(348672K) Eden: 348160K(348160K)->0K(348160K) From: 192K(512K)->256K(512K)
[267.364s][info][gc,heap        ] GC(660) ParOldGen: 16426K(699392K)->16442K(699392K)
[267.364s][info][gc,metaspace   ] GC(660) Metaspace: 53922K(54528K)->53922K(54528K) NonClass: 46456K(46720K)->46456K(46720K) Class: 7465K(7808K)->7465K(7808K)
[267.364s][info][gc             ] GC(660) Pause Young (Allocation Failure) 356M->16M(1023M) 0.515ms
[267.364s][info][gc,cpu         ] GC(660) User=0.00s Sys=0.00s Real=0.00s
[267.798s][info][gc,start       ] GC(661) Pause Young (Allocation Failure)
[267.798s][info][gc,heap        ] GC(661) PSYoungGen: 348416K(348672K)->256K(348672K) Eden: 348160K(348160K)->0K(348160K) From: 256K(512K)->256K(512K)
[267.798s][info][gc,heap        ] GC(661) ParOldGen: 16442K(699392K)->16474K(699392K)
[267.798s][info][gc,metaspace   ] GC(661) Metaspace: 53922K(54528K)->53922K(54528K) NonClass: 46456K(46720K)->46456K(46720K) Class: 7465K(7808K)->7465K(7808K)
[267.798s][info][gc             ] GC(661) Pause Young (Allocation Failure) 356M->16M(1023M) 0.507ms
[267.798s][info][gc,cpu         ] GC(661) User=0.00s Sys=0.00s Real=0.00s
[268.224s][info][gc,start       ] GC(662) Pause Young (Allocation Failure)
[268.225s][info][gc,heap        ] GC(662) PSYoungGen: 348416K(348672K)->256K(348672K) Eden: 348160K(348160K)->0K(348160K) From: 256K(512K)->256K(512K)
[268.225s][info][gc,heap        ] GC(662) ParOldGen: 16474K(699392K)->16498K(699392K)
[268.225s][info][gc,metaspace   ] GC(662) Metaspace: 53922K(54528K)->53922K(54528K) NonClass: 46456K(46720K)->46456K(46720K) Class: 7465K(7808K)->7465K(7808K)
[268.225s][info][gc             ] GC(662) Pause Young (Allocation Failure) 356M->16M(1023M) 0.587ms
[268.225s][info][gc,cpu         ] GC(662) User=0.00s Sys=0.00s Real=0.00s
[268.646s][info][gc,start       ] GC(663) Pause Young (Allocation Failure)
[268.646s][info][gc,heap        ] GC(663) PSYoungGen: 348416K(348672K)->224K(348672K) Eden: 348160K(348160K)->0K(348160K) From: 256K(512K)->224K(512K)
[268.646s][info][gc,heap        ] GC(663) ParOldGen: 16498K(699392K)->16506K(699392K)
[268.646s][info][gc,metaspace   ] GC(663) Metaspace: 53922K(54528K)->53922K(54528K) NonClass: 46456K(46720K)->46456K(46720K) Class: 7465K(7808K)->7465K(7808K)
[268.646s][info][gc             ] GC(663) Pause Young (Allocation Failure) 356M->16M(1023M) 0.512ms
[268.646s][info][gc,cpu         ] GC(663) User=0.00s Sys=0.00s Real=0.00s
[269.083s][info][gc,start       ] GC(664) Pause Young (Allocation Failure)
[269.083s][info][gc,heap        ] GC(664) PSYoungGen: 348384K(348672K)->224K(348672K) Eden: 348160K(348160K)->0K(348160K) From: 224K(512K)->224K(512K)
[269.083s][info][gc,heap        ] GC(664) ParOldGen: 16506K(699392K)->16554K(699392K)
[269.083s][info][gc,metaspace   ] GC(664) Metaspace: 53922K(54528K)->53922K(54528K) NonClass: 46456K(46720K)->46456K(46720K) Class: 7465K(7808K)->7465K(7808K)
[269.083s][info][gc             ] GC(664) Pause Young (Allocation Failure) 356M->16M(1023M) 0.470ms
[269.083s][info][gc,cpu         ] GC(664) User=0.00s Sys=0.00s Real=0.00s
[269.500s][info][gc,start       ] GC(665) Pause Young (System.gc())
[269.500s][info][gc,heap        ] GC(665) PSYoungGen: 323976K(348672K)->224K(348672K) Eden: 323752K(348160K)->0K(348160K) From: 224K(512K)->224K(512K)
[269.500s][info][gc,heap        ] GC(665) ParOldGen: 16554K(699392K)->16554K(699392K)
[269.500s][info][gc,metaspace   ] GC(665) Metaspace: 53922K(54528K)->53922K(54528K) NonClass: 46456K(46720K)->46456K(46720K) Class: 7465K(7808K)->7465K(7808K)
[269.500s][info][gc             ] GC(665) Pause Young (System.gc()) 332M->16M(1023M) 0.481ms
[269.500s][info][gc,cpu         ] GC(665) User=0.00s Sys=0.00s Real=0.00s
[269.500s][info][gc,start       ] GC(666) Pause Full (System.gc())
[269.500s][info][gc,phases,start] GC(666) Marking Phase
[269.520s][info][gc,phases      ] GC(666) Marking Phase 19.790ms
[269.520s][info][gc,phases,start] GC(666) Summary Phase
[269.520s][info][gc,phases      ] GC(666) Summary Phase 0.009ms
[269.520s][info][gc,phases,start] GC(666) Adjust Roots
[269.529s][info][gc,phases      ] GC(666) Adjust Roots 8.799ms
[269.529s][info][gc,phases,start] GC(666) Compaction Phase
[269.532s][info][gc,phases      ] GC(666) Compaction Phase 2.838ms
[269.532s][info][gc,phases,start] GC(666) Post Compact
[269.532s][info][gc,phases      ] GC(666) Post Compact 0.166ms
[269.532s][info][gc,heap        ] GC(666) PSYoungGen: 224K(348672K)->0K(348672K) Eden: 0K(348160K)->0K(348160K) From: 224K(512K)->0K(512K)
[269.532s][info][gc,heap        ] GC(666) ParOldGen: 16554K(699392K)->16029K(699392K)
[269.532s][info][gc,metaspace   ] GC(666) Metaspace: 53922K(54528K)->53922K(54528K) NonClass: 46456K(46720K)->46456K(46720K) Class: 7465K(7808K)->7465K(7808K)
[269.532s][info][gc             ] GC(666) Pause Full (System.gc()) 16M->15M(1023M) 31.823ms
[269.532s][info][gc,cpu         ] GC(666) User=0.03s Sys=0.00s Real=0.03s
[269.985s][info][gc,start       ] GC(667) Pause Young (Allocation Failure)
[269.986s][info][gc,heap        ] GC(667) PSYoungGen: 348160K(348672K)->512K(348672K) Eden: 348160K(348160K)->0K(348160K) From: 0K(512K)->512K(512K)
[269.986s][info][gc,heap        ] GC(667) ParOldGen: 16029K(699392K)->16085K(699392K)
[269.986s][info][gc,metaspace   ] GC(667) Metaspace: 53929K(54528K)->53929K(54528K) NonClass: 46463K(46720K)->46463K(46720K) Class: 7465K(7808K)->7465K(7808K)
[269.986s][info][gc             ] GC(667) Pause Young (Allocation Failure) 355M->16M(1023M) 0.709ms
[269.986s][info][gc,cpu         ] GC(667) User=0.00s Sys=0.00s Real=0.00s
[270.409s][info][gc,start       ] GC(668) Pause Young (Allocation Failure)
[270.409s][info][gc,heap        ] GC(668) PSYoungGen: 348672K(348672K)->320K(348672K) Eden: 348160K(348160K)->0K(348160K) From: 512K(512K)->320K(512K)
[270.409s][info][gc,heap        ] GC(668) ParOldGen: 16085K(699392K)->16453K(699392K)
[270.409s][info][gc,metaspace   ] GC(668) Metaspace: 53929K(54528K)->53929K(54528K) NonClass: 46463K(46720K)->46463K(46720K) Class: 7465K(7808K)->7465K(7808K)
[270.409s][info][gc             ] GC(668) Pause Young (Allocation Failure) 356M->16M(1023M) 0.694ms
[270.409s][info][gc,cpu         ] GC(668) User=0.00s Sys=0.00s Real=0.00s
[270.841s][info][gc,start       ] GC(669) Pause Young (Allocation Failure)
[270.841s][info][gc,heap        ] GC(669) PSYoungGen: 348480K(348672K)->256K(348672K) Eden: 348160K(348160K)->0K(348160K) From: 320K(512K)->256K(512K)
[270.841s][info][gc,heap        ] GC(669) ParOldGen: 16453K(699392K)->16485K(699392K)
[270.841s][info][gc,metaspace   ] GC(669) Metaspace: 53929K(54528K)->53929K(54528K) NonClass: 46463K(46720K)->46463K(46720K) Class: 7465K(7808K)->7465K(7808K)
[270.841s][info][gc             ] GC(669) Pause Young (Allocation Failure) 356M->16M(1023M) 0.499ms
[270.841s][info][gc,cpu         ] GC(669) User=0.00s Sys=0.00s Real=0.00s
[271.268s][info][gc,start       ] GC(670) Pause Young (Allocation Failure)
[271.268s][info][gc,heap        ] GC(670) PSYoungGen: 348416K(348672K)->288K(348672K) Eden: 348160K(348160K)->0K(348160K) From: 256K(512K)->288K(512K)
[271.269s][info][gc,heap        ] GC(670) ParOldGen: 16485K(699392K)->16493K(699392K)
[271.269s][info][gc,metaspace   ] GC(670) Metaspace: 53929K(54528K)->53929K(54528K) NonClass: 46463K(46720K)->46463K(46720K) Class: 7465K(7808K)->7465K(7808K)
[271.269s][info][gc             ] GC(670) Pause Young (Allocation Failure) 356M->16M(1023M) 0.492ms
[271.269s][info][gc,cpu         ] GC(670) User=0.00s Sys=0.00s Real=0.00s
[271.686s][info][gc,start       ] GC(671) Pause Young (Allocation Failure)
[271.686s][info][gc,heap        ] GC(671) PSYoungGen: 348448K(348672K)->256K(348672K) Eden: 348160K(348160K)->0K(348160K) From: 288K(512K)->256K(512K)
[271.686s][info][gc,heap        ] GC(671) ParOldGen: 16493K(699392K)->16525K(699392K)
[271.686s][info][gc,metaspace   ] GC(671) Metaspace: 53929K(54528K)->53929K(54528K) NonClass: 46463K(46720K)->46463K(46720K) Class: 7465K(7808K)->7465K(7808K)
[271.686s][info][gc             ] GC(671) Pause Young (Allocation Failure) 356M->16M(1023M) 0.518ms
[271.686s][info][gc,cpu         ] GC(671) User=0.00s Sys=0.00s Real=0.00s
[272.121s][info][gc,start       ] GC(672) Pause Young (Allocation Failure)
[272.121s][info][gc,heap        ] GC(672) PSYoungGen: 348416K(348672K)->224K(348672K) Eden: 348160K(348160K)->0K(348160K) From: 256K(512K)->224K(512K)
[272.121s][info][gc,heap        ] GC(672) ParOldGen: 16525K(699392K)->16533K(699392K)
[272.121s][info][gc,metaspace   ] GC(672) Metaspace: 53929K(54528K)->53929K(54528K) NonClass: 46463K(46720K)->46463K(46720K) Class: 7465K(7808K)->7465K(7808K)
[272.121s][info][gc             ] GC(672) Pause Young (Allocation Failure) 356M->16M(1023M) 0.510ms
[272.121s][info][gc,cpu         ] GC(672) User=0.00s Sys=0.00s Real=0.00s
[272.543s][info][gc,start       ] GC(673) Pause Young (Allocation Failure)
[272.544s][info][gc,heap        ] GC(673) PSYoungGen: 348384K(348672K)->288K(348672K) Eden: 348160K(348160K)->0K(348160K) From: 224K(512K)->288K(512K)
[272.544s][info][gc,heap        ] GC(673) ParOldGen: 16533K(699392K)->16533K(699392K)
[272.544s][info][gc,metaspace   ] GC(673) Metaspace: 53929K(54528K)->53929K(54528K) NonClass: 46463K(46720K)->46463K(46720K) Class: 7465K(7808K)->7465K(7808K)
[272.544s][info][gc             ] GC(673) Pause Young (Allocation Failure) 356M->16M(1023M) 0.536ms
[272.544s][info][gc,cpu         ] GC(673) User=0.00s Sys=0.00s Real=0.00s
[272.974s][info][gc,start       ] GC(674) Pause Young (System.gc())
[272.974s][info][gc,heap        ] GC(674) PSYoungGen: 323213K(348672K)->288K(348672K) Eden: 322925K(348160K)->0K(348160K) From: 288K(512K)->288K(512K)
[272.974s][info][gc,heap        ] GC(674) ParOldGen: 16533K(699392K)->16565K(699392K)
[272.974s][info][gc,metaspace   ] GC(674) Metaspace: 53929K(54528K)->53929K(54528K) NonClass: 46463K(46720K)->46463K(46720K) Class: 7465K(7808K)->7465K(7808K)
[272.974s][info][gc             ] GC(674) Pause Young (System.gc()) 331M->16M(1023M) 0.600ms
[272.974s][info][gc,cpu         ] GC(674) User=0.00s Sys=0.00s Real=0.00s
[272.974s][info][gc,start       ] GC(675) Pause Full (System.gc())
[272.974s][info][gc,phases,start] GC(675) Marking Phase
[272.993s][info][gc,phases      ] GC(675) Marking Phase 18.996ms
[272.993s][info][gc,phases,start] GC(675) Summary Phase
[272.993s][info][gc,phases      ] GC(675) Summary Phase 0.009ms
[272.993s][info][gc,phases,start] GC(675) Adjust Roots
[273.003s][info][gc,phases      ] GC(675) Adjust Roots 9.232ms
[273.003s][info][gc,phases,start] GC(675) Compaction Phase
[273.006s][info][gc,phases      ] GC(675) Compaction Phase 3.368ms
[273.006s][info][gc,phases,start] GC(675) Post Compact
[273.006s][info][gc,phases      ] GC(675) Post Compact 0.193ms
[273.006s][info][gc,heap        ] GC(675) PSYoungGen: 288K(348672K)->0K(348672K) Eden: 0K(348160K)->0K(348160K) From: 288K(512K)->0K(512K)
[273.006s][info][gc,heap        ] GC(675) ParOldGen: 16565K(699392K)->16088K(699392K)
[273.006s][info][gc,metaspace   ] GC(675) Metaspace: 53929K(54528K)->53929K(54528K) NonClass: 46463K(46720K)->46463K(46720K) Class: 7465K(7808K)->7465K(7808K)
[273.006s][info][gc             ] GC(675) Pause Full (System.gc()) 16M->15M(1023M) 32.030ms
[273.006s][info][gc,cpu         ] GC(675) User=0.02s Sys=0.00s Real=0.03s
[273.442s][info][gc,start       ] GC(676) Pause Young (Allocation Failure)
[273.443s][info][gc,heap        ] GC(676) PSYoungGen: 348160K(348672K)->512K(348672K) Eden: 348160K(348160K)->0K(348160K) From: 0K(512K)->512K(512K)
[273.443s][info][gc,heap        ] GC(676) ParOldGen: 16088K(699392K)->16112K(699392K)
[273.443s][info][gc,metaspace   ] GC(676) Metaspace: 53932K(54528K)->53932K(54528K) NonClass: 46466K(46720K)->46466K(46720K) Class: 7465K(7808K)->7465K(7808K)
[273.443s][info][gc             ] GC(676) Pause Young (Allocation Failure) 355M->16M(1023M) 0.735ms
[273.443s][info][gc,cpu         ] GC(676) User=0.00s Sys=0.00s Real=0.00s
[273.874s][info][gc,start       ] GC(677) Pause Young (Allocation Failure)
[273.875s][info][gc,heap        ] GC(677) PSYoungGen: 348672K(348672K)->224K(348672K) Eden: 348160K(348160K)->0K(348160K) From: 512K(512K)->224K(512K)
[273.875s][info][gc,heap        ] GC(677) ParOldGen: 16112K(699392K)->16440K(699392K)
[273.875s][info][gc,metaspace   ] GC(677) Metaspace: 53932K(54528K)->53932K(54528K) NonClass: 46466K(46720K)->46466K(46720K) Class: 7465K(7808K)->7465K(7808K)
[273.875s][info][gc             ] GC(677) Pause Young (Allocation Failure) 356M->16M(1023M) 0.685ms
[273.875s][info][gc,cpu         ] GC(677) User=0.00s Sys=0.00s Real=0.00s
[274.293s][info][gc,start       ] GC(678) Pause Young (Allocation Failure)
[274.293s][info][gc,heap        ] GC(678) PSYoungGen: 348384K(348672K)->288K(348672K) Eden: 348160K(348160K)->0K(348160K) From: 224K(512K)->288K(512K)
[274.293s][info][gc,heap        ] GC(678) ParOldGen: 16440K(699392K)->16464K(699392K)
[274.294s][info][gc,metaspace   ] GC(678) Metaspace: 53932K(54528K)->53932K(54528K) NonClass: 46466K(46720K)->46466K(46720K) Class: 7465K(7808K)->7465K(7808K)
[274.294s][info][gc             ] GC(678) Pause Young (Allocation Failure) 356M->16M(1023M) 0.524ms
[274.294s][info][gc,cpu         ] GC(678) User=0.00s Sys=0.00s Real=0.00s
[274.708s][info][gc,start       ] GC(679) Pause Young (Allocation Failure)
[274.709s][info][gc,heap        ] GC(679) PSYoungGen: 348448K(348672K)->288K(348672K) Eden: 348160K(348160K)->0K(348160K) From: 288K(512K)->288K(512K)
[274.709s][info][gc,heap        ] GC(679) ParOldGen: 16464K(699392K)->16504K(699392K)
[274.709s][info][gc,metaspace   ] GC(679) Metaspace: 53932K(54528K)->53932K(54528K) NonClass: 46466K(46720K)->46466K(46720K) Class: 7465K(7808K)->7465K(7808K)
[274.709s][info][gc             ] GC(679) Pause Young (Allocation Failure) 356M->16M(1023M) 0.525ms
[274.709s][info][gc,cpu         ] GC(679) User=0.00s Sys=0.00s Real=0.00s
[275.141s][info][gc,start       ] GC(680) Pause Young (Allocation Failure)
[275.141s][info][gc,heap        ] GC(680) PSYoungGen: 348448K(348672K)->256K(348672K) Eden: 348160K(348160K)->0K(348160K) From: 288K(512K)->256K(512K)
[275.141s][info][gc,heap        ] GC(680) ParOldGen: 16504K(699392K)->16536K(699392K)
[275.141s][info][gc,metaspace   ] GC(680) Metaspace: 53932K(54528K)->53932K(54528K) NonClass: 46466K(46720K)->46466K(46720K) Class: 7465K(7808K)->7465K(7808K)
[275.141s][info][gc             ] GC(680) Pause Young (Allocation Failure) 356M->16M(1023M) 0.497ms
[275.141s][info][gc,cpu         ] GC(680) User=0.00s Sys=0.00s Real=0.00s
[275.559s][info][gc,start       ] GC(681) Pause Young (Allocation Failure)
[275.560s][info][gc,heap        ] GC(681) PSYoungGen: 348416K(348672K)->256K(348672K) Eden: 348160K(348160K)->0K(348160K) From: 256K(512K)->256K(512K)
[275.560s][info][gc,heap        ] GC(681) ParOldGen: 16536K(699392K)->16544K(699392K)
[275.560s][info][gc,metaspace   ] GC(681) Metaspace: 53932K(54528K)->53932K(54528K) NonClass: 46466K(46720K)->46466K(46720K) Class: 7465K(7808K)->7465K(7808K)
[275.560s][info][gc             ] GC(681) Pause Young (Allocation Failure) 356M->16M(1023M) 0.519ms
[275.560s][info][gc,cpu         ] GC(681) User=0.00s Sys=0.00s Real=0.00s
[275.989s][info][gc,start       ] GC(682) Pause Young (Allocation Failure)
[275.990s][info][gc,heap        ] GC(682) PSYoungGen: 348416K(348672K)->256K(348672K) Eden: 348160K(348160K)->0K(348160K) From: 256K(512K)->256K(512K)
[275.990s][info][gc,heap        ] GC(682) ParOldGen: 16544K(699392K)->16576K(699392K)
[275.990s][info][gc,metaspace   ] GC(682) Metaspace: 53932K(54528K)->53932K(54528K) NonClass: 46466K(46720K)->46466K(46720K) Class: 7465K(7808K)->7465K(7808K)
[275.990s][info][gc             ] GC(682) Pause Young (Allocation Failure) 356M->16M(1023M) 0.488ms
[275.990s][info][gc,cpu         ] GC(682) User=0.00s Sys=0.00s Real=0.00s
[276.403s][info][gc,start       ] GC(683) Pause Young (System.gc())
[276.404s][info][gc,heap        ] GC(683) PSYoungGen: 322356K(348672K)->256K(348672K) Eden: 322100K(348160K)->0K(348160K) From: 256K(512K)->256K(512K)
[276.404s][info][gc,heap        ] GC(683) ParOldGen: 16576K(699392K)->16576K(699392K)
[276.404s][info][gc,metaspace   ] GC(683) Metaspace: 53932K(54528K)->53932K(54528K) NonClass: 46466K(46720K)->46466K(46720K) Class: 7465K(7808K)->7465K(7808K)
[276.404s][info][gc             ] GC(683) Pause Young (System.gc()) 330M->16M(1023M) 0.493ms
[276.404s][info][gc,cpu         ] GC(683) User=0.00s Sys=0.00s Real=0.00s
[276.404s][info][gc,start       ] GC(684) Pause Full (System.gc())
[276.404s][info][gc,phases,start] GC(684) Marking Phase
[276.423s][info][gc,phases      ] GC(684) Marking Phase 18.504ms
[276.423s][info][gc,phases,start] GC(684) Summary Phase
[276.423s][info][gc,phases      ] GC(684) Summary Phase 0.009ms
[276.423s][info][gc,phases,start] GC(684) Adjust Roots
[276.431s][info][gc,phases      ] GC(684) Adjust Roots 8.636ms
[276.431s][info][gc,phases,start] GC(684) Compaction Phase
[276.434s][info][gc,phases      ] GC(684) Compaction Phase 2.811ms
[276.434s][info][gc,phases,start] GC(684) Post Compact
[276.434s][info][gc,phases      ] GC(684) Post Compact 0.164ms
[276.434s][info][gc,heap        ] GC(684) PSYoungGen: 256K(348672K)->0K(348672K) Eden: 0K(348160K)->0K(348160K) From: 256K(512K)->0K(512K)
[276.434s][info][gc,heap        ] GC(684) ParOldGen: 16576K(699392K)->16043K(699392K)
[276.434s][info][gc,metaspace   ] GC(684) Metaspace: 53932K(54528K)->53932K(54528K) NonClass: 46466K(46720K)->46466K(46720K) Class: 7465K(7808K)->7465K(7808K)
[276.434s][info][gc             ] GC(684) Pause Full (System.gc()) 16M->15M(1023M) 30.358ms
[276.434s][info][gc,cpu         ] GC(684) User=0.02s Sys=0.00s Real=0.03s
[276.880s][info][gc,start       ] GC(685) Pause Young (Allocation Failure)
[276.880s][info][gc,heap        ] GC(685) PSYoungGen: 348160K(348672K)->512K(348672K) Eden: 348160K(348160K)->0K(348160K) From: 0K(512K)->512K(512K)
[276.880s][info][gc,heap        ] GC(685) ParOldGen: 16043K(699392K)->16067K(699392K)
[276.880s][info][gc,metaspace   ] GC(685) Metaspace: 53935K(54528K)->53935K(54528K) NonClass: 46469K(46720K)->46469K(46720K) Class: 7465K(7808K)->7465K(7808K)
[276.880s][info][gc             ] GC(685) Pause Young (Allocation Failure) 355M->16M(1023M) 0.711ms
[276.880s][info][gc,cpu         ] GC(685) User=0.00s Sys=0.00s Real=0.00s
[277.300s][info][gc,start       ] GC(686) Pause Young (Allocation Failure)
[277.301s][info][gc,heap        ] GC(686) PSYoungGen: 348672K(348672K)->224K(348672K) Eden: 348160K(348160K)->0K(348160K) From: 512K(512K)->224K(512K)
[277.301s][info][gc,heap        ] GC(686) ParOldGen: 16067K(699392K)->16427K(699392K)
[277.301s][info][gc,metaspace   ] GC(686) Metaspace: 53935K(54528K)->53935K(54528K) NonClass: 46469K(46720K)->46469K(46720K) Class: 7465K(7808K)->7465K(7808K)
[277.301s][info][gc             ] GC(686) Pause Young (Allocation Failure) 356M->16M(1023M) 0.675ms
[277.301s][info][gc,cpu         ] GC(686) User=0.00s Sys=0.00s Real=0.00s
[277.719s][info][gc,start       ] GC(687) Pause Young (Allocation Failure)
[277.719s][info][gc,heap        ] GC(687) PSYoungGen: 348384K(348672K)->256K(348672K) Eden: 348160K(348160K)->0K(348160K) From: 224K(512K)->256K(512K)
[277.719s][info][gc,heap        ] GC(687) ParOldGen: 16427K(699392K)->16467K(699392K)
[277.719s][info][gc,metaspace   ] GC(687) Metaspace: 53935K(54528K)->53935K(54528K) NonClass: 46469K(46720K)->46469K(46720K) Class: 7465K(7808K)->7465K(7808K)
[277.719s][info][gc             ] GC(687) Pause Young (Allocation Failure) 356M->16M(1023M) 0.539ms
[277.719s][info][gc,cpu         ] GC(687) User=0.00s Sys=0.00s Real=0.00s
[278.146s][info][gc,start       ] GC(688) Pause Young (Allocation Failure)
[278.146s][info][gc,heap        ] GC(688) PSYoungGen: 348416K(348672K)->224K(348672K) Eden: 348160K(348160K)->0K(348160K) From: 256K(512K)->224K(512K)
[278.146s][info][gc,heap        ] GC(688) ParOldGen: 16467K(699392K)->16483K(699392K)
[278.146s][info][gc,metaspace   ] GC(688) Metaspace: 53935K(54528K)->53935K(54528K) NonClass: 46469K(46720K)->46469K(46720K) Class: 7465K(7808K)->7465K(7808K)
[278.146s][info][gc             ] GC(688) Pause Young (Allocation Failure) 356M->16M(1023M) 0.485ms
[278.146s][info][gc,cpu         ] GC(688) User=0.00s Sys=0.00s Real=0.00s
[278.567s][info][gc,start       ] GC(689) Pause Young (Allocation Failure)
[278.567s][info][gc,heap        ] GC(689) PSYoungGen: 348384K(348672K)->288K(348672K) Eden: 348160K(348160K)->0K(348160K) From: 224K(512K)->288K(512K)
[278.567s][info][gc,heap        ] GC(689) ParOldGen: 16483K(699392K)->16491K(699392K)
[278.567s][info][gc,metaspace   ] GC(689) Metaspace: 53935K(54528K)->53935K(54528K) NonClass: 46469K(46720K)->46469K(46720K) Class: 7465K(7808K)->7465K(7808K)
[278.567s][info][gc             ] GC(689) Pause Young (Allocation Failure) 356M->16M(1023M) 0.544ms
[278.567s][info][gc,cpu         ] GC(689) User=0.00s Sys=0.00s Real=0.00s
[278.992s][info][gc,start       ] GC(690) Pause Young (Allocation Failure)
[278.992s][info][gc,heap        ] GC(690) PSYoungGen: 348448K(348672K)->192K(348672K) Eden: 348160K(348160K)->0K(348160K) From: 288K(512K)->192K(512K)
[278.992s][info][gc,heap        ] GC(690) ParOldGen: 16491K(699392K)->16531K(699392K)
[278.992s][info][gc,metaspace   ] GC(690) Metaspace: 53935K(54528K)->53935K(54528K) NonClass: 46469K(46720K)->46469K(46720K) Class: 7465K(7808K)->7465K(7808K)
[278.992s][info][gc             ] GC(690) Pause Young (Allocation Failure) 356M->16M(1023M) 0.494ms
[278.992s][info][gc,cpu         ] GC(690) User=0.00s Sys=0.00s Real=0.00s
[279.411s][info][gc,start       ] GC(691) Pause Young (Allocation Failure)
[279.411s][info][gc,heap        ] GC(691) PSYoungGen: 348352K(348672K)->288K(348672K) Eden: 348160K(348160K)->0K(348160K) From: 192K(512K)->288K(512K)
[279.411s][info][gc,heap        ] GC(691) ParOldGen: 16531K(699392K)->16539K(699392K)
[279.411s][info][gc,metaspace   ] GC(691) Metaspace: 53935K(54528K)->53935K(54528K) NonClass: 46469K(46720K)->46469K(46720K) Class: 7465K(7808K)->7465K(7808K)
[279.411s][info][gc             ] GC(691) Pause Young (Allocation Failure) 356M->16M(1023M) 0.508ms
[279.411s][info][gc,cpu         ] GC(691) User=0.00s Sys=0.00s Real=0.00s
[279.829s][info][gc,start       ] GC(692) Pause Young (System.gc())
[279.830s][info][gc,heap        ] GC(692) PSYoungGen: 323086K(348672K)->224K(348672K) Eden: 322798K(348160K)->0K(348160K) From: 288K(512K)->224K(512K)
[279.830s][info][gc,heap        ] GC(692) ParOldGen: 16539K(699392K)->16571K(699392K)
[279.830s][info][gc,metaspace   ] GC(692) Metaspace: 53935K(54528K)->53935K(54528K) NonClass: 46469K(46720K)->46469K(46720K) Class: 7465K(7808K)->7465K(7808K)
[279.830s][info][gc             ] GC(692) Pause Young (System.gc()) 331M->16M(1023M) 0.485ms
[279.830s][info][gc,cpu         ] GC(692) User=0.00s Sys=0.00s Real=0.00s
[279.830s][info][gc,start       ] GC(693) Pause Full (System.gc())
[279.830s][info][gc,phases,start] GC(693) Marking Phase
[279.848s][info][gc,phases      ] GC(693) Marking Phase 18.440ms
[279.848s][info][gc,phases,start] GC(693) Summary Phase
[279.848s][info][gc,phases      ] GC(693) Summary Phase 0.009ms
[279.848s][info][gc,phases,start] GC(693) Adjust Roots
[279.857s][info][gc,phases      ] GC(693) Adjust Roots 8.331ms
[279.857s][info][gc,phases,start] GC(693) Compaction Phase
[279.860s][info][gc,phases      ] GC(693) Compaction Phase 2.937ms
[279.860s][info][gc,phases,start] GC(693) Post Compact
[279.860s][info][gc,phases      ] GC(693) Post Compact 0.162ms
[279.860s][info][gc,heap        ] GC(693) PSYoungGen: 224K(348672K)->0K(348672K) Eden: 0K(348160K)->0K(348160K) From: 224K(512K)->0K(512K)
[279.860s][info][gc,heap        ] GC(693) ParOldGen: 16571K(699392K)->16019K(699392K)
[279.860s][info][gc,metaspace   ] GC(693) Metaspace: 53935K(54528K)->53935K(54528K) NonClass: 46469K(46720K)->46469K(46720K) Class: 7465K(7808K)->7465K(7808K)
[279.860s][info][gc             ] GC(693) Pause Full (System.gc()) 16M->15M(1023M) 30.110ms
[279.860s][info][gc,cpu         ] GC(693) User=0.02s Sys=0.00s Real=0.02s
[280.298s][info][gc,start       ] GC(694) Pause Young (Allocation Failure)
[280.299s][info][gc,heap        ] GC(694) PSYoungGen: 348160K(348672K)->512K(348672K) Eden: 348160K(348160K)->0K(348160K) From: 0K(512K)->512K(512K)
[280.299s][info][gc,heap        ] GC(694) ParOldGen: 16019K(699392K)->16067K(699392K)
[280.299s][info][gc,metaspace   ] GC(694) Metaspace: 53937K(54528K)->53937K(54528K) NonClass: 46471K(46720K)->46471K(46720K) Class: 7465K(7808K)->7465K(7808K)
[280.299s][info][gc             ] GC(694) Pause Young (Allocation Failure) 355M->16M(1023M) 0.854ms
[280.299s][info][gc,cpu         ] GC(694) User=0.00s Sys=0.00s Real=0.00s
[280.719s][info][gc,start       ] GC(695) Pause Young (Allocation Failure)
[280.720s][info][gc,heap        ] GC(695) PSYoungGen: 348672K(348672K)->192K(347648K) Eden: 348160K(348160K)->0K(347136K) From: 512K(512K)->192K(512K)
[280.720s][info][gc,heap        ] GC(695) ParOldGen: 16067K(699392K)->16419K(699392K)
[280.720s][info][gc,metaspace   ] GC(695) Metaspace: 53937K(54528K)->53937K(54528K) NonClass: 46471K(46720K)->46471K(46720K) Class: 7465K(7808K)->7465K(7808K)
[280.720s][info][gc             ] GC(695) Pause Young (Allocation Failure) 356M->16M(1022M) 0.674ms
[280.720s][info][gc,cpu         ] GC(695) User=0.00s Sys=0.00s Real=0.00s
[281.144s][info][gc,start       ] GC(696) Pause Young (Allocation Failure)
[281.144s][info][gc,heap        ] GC(696) PSYoungGen: 347328K(347648K)->256K(348160K) Eden: 347136K(347136K)->0K(347136K) From: 192K(512K)->256K(1024K)
[281.144s][info][gc,heap        ] GC(696) ParOldGen: 16419K(699392K)->16443K(699392K)
[281.144s][info][gc,metaspace   ] GC(696) Metaspace: 53937K(54528K)->53937K(54528K) NonClass: 46471K(46720K)->46471K(46720K) Class: 7465K(7808K)->7465K(7808K)
[281.144s][info][gc             ] GC(696) Pause Young (Allocation Failure) 355M->16M(1023M) 0.504ms
[281.144s][info][gc,cpu         ] GC(696) User=0.00s Sys=0.00s Real=0.00s
[281.564s][info][gc,start       ] GC(697) Pause Young (Allocation Failure)
[281.565s][info][gc,heap        ] GC(697) PSYoungGen: 347392K(348160K)->256K(348672K) Eden: 347136K(347136K)->0K(348160K) From: 256K(1024K)->256K(512K)
[281.565s][info][gc,heap        ] GC(697) ParOldGen: 16443K(699392K)->16451K(699392K)
[281.565s][info][gc,metaspace   ] GC(697) Metaspace: 53937K(54528K)->53937K(54528K) NonClass: 46471K(46720K)->46471K(46720K) Class: 7465K(7808K)->7465K(7808K)
[281.565s][info][gc             ] GC(697) Pause Young (Allocation Failure) 355M->16M(1023M) 0.504ms
[281.565s][info][gc,cpu         ] GC(697) User=0.00s Sys=0.00s Real=0.00s
[281.992s][info][gc,start       ] GC(698) Pause Young (Allocation Failure)
[281.992s][info][gc,heap        ] GC(698) PSYoungGen: 348416K(348672K)->224K(348672K) Eden: 348160K(348160K)->0K(348160K) From: 256K(512K)->224K(512K)
[281.992s][info][gc,heap        ] GC(698) ParOldGen: 16451K(699392K)->16491K(699392K)
[281.992s][info][gc,metaspace   ] GC(698) Metaspace: 53937K(54528K)->53937K(54528K) NonClass: 46471K(46720K)->46471K(46720K) Class: 7465K(7808K)->7465K(7808K)
[281.992s][info][gc             ] GC(698) Pause Young (Allocation Failure) 356M->16M(1023M) 0.444ms
[281.992s][info][gc,cpu         ] GC(698) User=0.00s Sys=0.00s Real=0.00s
[282.411s][info][gc,start       ] GC(699) Pause Young (Allocation Failure)
[282.412s][info][gc,heap        ] GC(699) PSYoungGen: 348384K(348672K)->320K(348672K) Eden: 348160K(348160K)->0K(348160K) From: 224K(512K)->320K(512K)
[282.412s][info][gc,heap        ] GC(699) ParOldGen: 16491K(699392K)->16507K(699392K)
[282.412s][info][gc,metaspace   ] GC(699) Metaspace: 53937K(54528K)->53937K(54528K) NonClass: 46471K(46720K)->46471K(46720K) Class: 7465K(7808K)->7465K(7808K)
[282.412s][info][gc             ] GC(699) Pause Young (Allocation Failure) 356M->16M(1023M) 0.502ms
[282.412s][info][gc,cpu         ] GC(699) User=0.00s Sys=0.00s Real=0.00s
[282.843s][info][gc,start       ] GC(700) Pause Young (Allocation Failure)
[282.843s][info][gc,heap        ] GC(700) PSYoungGen: 348480K(348672K)->288K(348672K) Eden: 348160K(348160K)->0K(348160K) From: 320K(512K)->288K(512K)
[282.843s][info][gc,heap        ] GC(700) ParOldGen: 16507K(699392K)->16547K(699392K)
[282.843s][info][gc,metaspace   ] GC(700) Metaspace: 53937K(54528K)->53937K(54528K) NonClass: 46471K(46720K)->46471K(46720K) Class: 7465K(7808K)->7465K(7808K)
[282.843s][info][gc             ] GC(700) Pause Young (Allocation Failure) 356M->16M(1023M) 0.511ms
[282.844s][info][gc,cpu         ] GC(700) User=0.00s Sys=0.00s Real=0.00s
[283.258s][info][gc,start       ] GC(701) Pause Young (System.gc())
[283.259s][info][gc,heap        ] GC(701) PSYoungGen: 326027K(348672K)->384K(348672K) Eden: 325739K(348160K)->0K(348160K) From: 288K(512K)->384K(512K)
[283.259s][info][gc,heap        ] GC(701) ParOldGen: 16547K(699392K)->16563K(699392K)
[283.259s][info][gc,metaspace   ] GC(701) Metaspace: 53937K(54528K)->53937K(54528K) NonClass: 46471K(46720K)->46471K(46720K) Class: 7465K(7808K)->7465K(7808K)
[283.259s][info][gc             ] GC(701) Pause Young (System.gc()) 334M->16M(1023M) 0.769ms
[283.259s][info][gc,cpu         ] GC(701) User=0.00s Sys=0.00s Real=0.00s
[283.259s][info][gc,start       ] GC(702) Pause Full (System.gc())
[283.259s][info][gc,phases,start] GC(702) Marking Phase
[283.278s][info][gc,phases      ] GC(702) Marking Phase 19.207ms
[283.278s][info][gc,phases,start] GC(702) Summary Phase
[283.278s][info][gc,phases      ] GC(702) Summary Phase 0.009ms
[283.278s][info][gc,phases,start] GC(702) Adjust Roots
[283.287s][info][gc,phases      ] GC(702) Adjust Roots 8.314ms
[283.287s][info][gc,phases,start] GC(702) Compaction Phase
[283.291s][info][gc,phases      ] GC(702) Compaction Phase 3.995ms
[283.291s][info][gc,phases,start] GC(702) Post Compact
[283.291s][info][gc,phases      ] GC(702) Post Compact 0.232ms
[283.291s][info][gc,heap        ] GC(702) PSYoungGen: 384K(348672K)->0K(348672K) Eden: 0K(348160K)->0K(348160K) From: 384K(512K)->0K(512K)
[283.291s][info][gc,heap        ] GC(702) ParOldGen: 16563K(699392K)->16156K(699392K)
[283.291s][info][gc,metaspace   ] GC(702) Metaspace: 53937K(54528K)->53937K(54528K) NonClass: 46471K(46720K)->46471K(46720K) Class: 7465K(7808K)->7465K(7808K)
[283.291s][info][gc             ] GC(702) Pause Full (System.gc()) 16M->15M(1023M) 32.017ms
[283.291s][info][gc,cpu         ] GC(702) User=0.02s Sys=0.00s Real=0.03s
[283.722s][info][gc,start       ] GC(703) Pause Young (Allocation Failure)
[283.722s][info][gc,heap        ] GC(703) PSYoungGen: 348160K(348672K)->448K(348672K) Eden: 348160K(348160K)->0K(348160K) From: 0K(512K)->448K(512K)
[283.722s][info][gc,heap        ] GC(703) ParOldGen: 16156K(699392K)->16156K(699392K)
[283.722s][info][gc,metaspace   ] GC(703) Metaspace: 53938K(54528K)->53938K(54528K) NonClass: 46472K(46720K)->46472K(46720K) Class: 7465K(7808K)->7465K(7808K)
[283.722s][info][gc             ] GC(703) Pause Young (Allocation Failure) 355M->16M(1023M) 0.679ms
[283.722s][info][gc,cpu         ] GC(703) User=0.00s Sys=0.00s Real=0.00s
[284.204s][info][gc,start       ] GC(704) Pause Young (Allocation Failure)
[284.205s][info][gc,heap        ] GC(704) PSYoungGen: 348608K(348672K)->192K(347648K) Eden: 348160K(348160K)->0K(347136K) From: 448K(512K)->192K(512K)
[284.205s][info][gc,heap        ] GC(704) ParOldGen: 16156K(699392K)->16404K(699392K)
[284.205s][info][gc,metaspace   ] GC(704) Metaspace: 53938K(54528K)->53938K(54528K) NonClass: 46472K(46720K)->46472K(46720K) Class: 7465K(7808K)->7465K(7808K)
[284.205s][info][gc             ] GC(704) Pause Young (Allocation Failure) 356M->16M(1022M) 0.592ms
[284.205s][info][gc,cpu         ] GC(704) User=0.00s Sys=0.00s Real=0.00s
[284.657s][info][gc,start       ] GC(705) Pause Young (Allocation Failure)
[284.657s][info][gc,heap        ] GC(705) PSYoungGen: 347328K(347648K)->256K(348160K) Eden: 347136K(347136K)->0K(347136K) From: 192K(512K)->256K(1024K)
[284.657s][info][gc,heap        ] GC(705) ParOldGen: 16404K(699392K)->16420K(699392K)
[284.657s][info][gc,metaspace   ] GC(705) Metaspace: 53938K(54528K)->53938K(54528K) NonClass: 46472K(46720K)->46472K(46720K) Class: 7465K(7808K)->7465K(7808K)
[284.657s][info][gc             ] GC(705) Pause Young (Allocation Failure) 355M->16M(1023M) 0.503ms
[284.657s][info][gc,cpu         ] GC(705) User=0.00s Sys=0.00s Real=0.00s
[285.160s][info][gc,start       ] GC(706) Pause Young (Allocation Failure)
[285.161s][info][gc,heap        ] GC(706) PSYoungGen: 347392K(348160K)->256K(348672K) Eden: 347136K(347136K)->0K(348160K) From: 256K(1024K)->256K(512K)
[285.161s][info][gc,heap        ] GC(706) ParOldGen: 16420K(699392K)->16460K(699392K)
[285.161s][info][gc,metaspace   ] GC(706) Metaspace: 53938K(54528K)->53938K(54528K) NonClass: 46472K(46720K)->46472K(46720K) Class: 7465K(7808K)->7465K(7808K)
[285.161s][info][gc             ] GC(706) Pause Young (Allocation Failure) 355M->16M(1023M) 0.491ms
[285.161s][info][gc,cpu         ] GC(706) User=0.00s Sys=0.00s Real=0.00s
[285.634s][info][gc,start       ] GC(707) Pause Young (Allocation Failure)
[285.634s][info][gc,heap        ] GC(707) PSYoungGen: 348416K(348672K)->256K(348672K) Eden: 348160K(348160K)->0K(348160K) From: 256K(512K)->256K(512K)
[285.634s][info][gc,heap        ] GC(707) ParOldGen: 16460K(699392K)->16484K(699392K)
[285.634s][info][gc,metaspace   ] GC(707) Metaspace: 53938K(54528K)->53938K(54528K) NonClass: 46472K(46720K)->46472K(46720K) Class: 7465K(7808K)->7465K(7808K)
[285.634s][info][gc             ] GC(707) Pause Young (Allocation Failure) 356M->16M(1023M) 0.593ms
[285.635s][info][gc,cpu         ] GC(707) User=0.00s Sys=0.00s Real=0.00s
[286.108s][info][gc,start       ] GC(708) Pause Young (Allocation Failure)
[286.109s][info][gc,heap        ] GC(708) PSYoungGen: 348416K(348672K)->256K(348672K) Eden: 348160K(348160K)->0K(348160K) From: 256K(512K)->256K(512K)
[286.109s][info][gc,heap        ] GC(708) ParOldGen: 16484K(699392K)->16508K(699392K)
[286.109s][info][gc,metaspace   ] GC(708) Metaspace: 53938K(54528K)->53938K(54528K) NonClass: 46472K(46720K)->46472K(46720K) Class: 7465K(7808K)->7465K(7808K)
[286.109s][info][gc             ] GC(708) Pause Young (Allocation Failure) 356M->16M(1023M) 0.495ms
[286.109s][info][gc,cpu         ] GC(708) User=0.00s Sys=0.00s Real=0.00s
[286.599s][info][gc,start       ] GC(709) Pause Young (Allocation Failure)
[286.600s][info][gc,heap        ] GC(709) PSYoungGen: 348416K(348672K)->256K(348672K) Eden: 348160K(348160K)->0K(348160K) From: 256K(512K)->256K(512K)
[286.600s][info][gc,heap        ] GC(709) ParOldGen: 16508K(699392K)->16516K(699392K)
[286.600s][info][gc,metaspace   ] GC(709) Metaspace: 53938K(54528K)->53938K(54528K) NonClass: 46472K(46720K)->46472K(46720K) Class: 7465K(7808K)->7465K(7808K)
[286.600s][info][gc             ] GC(709) Pause Young (Allocation Failure) 356M->16M(1023M) 0.696ms
[286.600s][info][gc,cpu         ] GC(709) User=0.00s Sys=0.00s Real=0.00s
[287.135s][info][gc,start       ] GC(710) Pause Young (System.gc())
[287.136s][info][gc,heap        ] GC(710) PSYoungGen: 324675K(348672K)->256K(348672K) Eden: 324419K(348160K)->0K(348160K) From: 256K(512K)->256K(512K)
[287.136s][info][gc,heap        ] GC(710) ParOldGen: 16516K(699392K)->16564K(699392K)
[287.136s][info][gc,metaspace   ] GC(710) Metaspace: 53938K(54528K)->53938K(54528K) NonClass: 46472K(46720K)->46472K(46720K) Class: 7465K(7808K)->7465K(7808K)
[287.136s][info][gc             ] GC(710) Pause Young (System.gc()) 333M->16M(1023M) 0.489ms
[287.136s][info][gc,cpu         ] GC(710) User=0.00s Sys=0.00s Real=0.00s
[287.136s][info][gc,start       ] GC(711) Pause Full (System.gc())
[287.136s][info][gc,phases,start] GC(711) Marking Phase
[287.155s][info][gc,phases      ] GC(711) Marking Phase 18.757ms
[287.155s][info][gc,phases,start] GC(711) Summary Phase
[287.155s][info][gc,phases      ] GC(711) Summary Phase 0.009ms
[287.155s][info][gc,phases,start] GC(711) Adjust Roots
[287.163s][info][gc,phases      ] GC(711) Adjust Roots 8.329ms
[287.163s][info][gc,phases,start] GC(711) Compaction Phase
[287.166s][info][gc,phases      ] GC(711) Compaction Phase 3.089ms
[287.166s][info][gc,phases,start] GC(711) Post Compact
[287.166s][info][gc,phases      ] GC(711) Post Compact 0.198ms
[287.166s][info][gc,heap        ] GC(711) PSYoungGen: 256K(348672K)->0K(348672K) Eden: 0K(348160K)->0K(348160K) From: 256K(512K)->0K(512K)
[287.166s][info][gc,heap        ] GC(711) ParOldGen: 16564K(699392K)->16029K(699392K)
[287.166s][info][gc,metaspace   ] GC(711) Metaspace: 53938K(54528K)->53938K(54528K) NonClass: 46472K(46720K)->46472K(46720K) Class: 7465K(7808K)->7465K(7808K)
[287.167s][info][gc             ] GC(711) Pause Full (System.gc()) 16M->15M(1023M) 30.661ms
[287.167s][info][gc,cpu         ] GC(711) User=0.03s Sys=0.00s Real=0.03s
[287.596s][info][gc,start       ] GC(712) Pause Young (Allocation Failure)
[287.597s][info][gc,heap        ] GC(712) PSYoungGen: 348160K(348672K)->512K(348672K) Eden: 348160K(348160K)->0K(348160K) From: 0K(512K)->512K(512K)
[287.597s][info][gc,heap        ] GC(712) ParOldGen: 16029K(699392K)->16077K(699392K)
[287.597s][info][gc,metaspace   ] GC(712) Metaspace: 53943K(54528K)->53943K(54528K) NonClass: 46478K(46720K)->46478K(46720K) Class: 7465K(7808K)->7465K(7808K)
[287.597s][info][gc             ] GC(712) Pause Young (Allocation Failure) 355M->16M(1023M) 0.734ms
[287.597s][info][gc,cpu         ] GC(712) User=0.00s Sys=0.00s Real=0.00s
[288.024s][info][gc,start       ] GC(713) Pause Young (Allocation Failure)
[288.025s][info][gc,heap        ] GC(713) PSYoungGen: 348672K(348672K)->192K(347648K) Eden: 348160K(348160K)->0K(347136K) From: 512K(512K)->192K(512K)
[288.025s][info][gc,heap        ] GC(713) ParOldGen: 16077K(699392K)->16437K(699392K)
[288.025s][info][gc,metaspace   ] GC(713) Metaspace: 53943K(54528K)->53943K(54528K) NonClass: 46478K(46720K)->46478K(46720K) Class: 7465K(7808K)->7465K(7808K)
[288.025s][info][gc             ] GC(713) Pause Young (Allocation Failure) 356M->16M(1022M) 0.666ms
[288.025s][info][gc,cpu         ] GC(713) User=0.00s Sys=0.00s Real=0.00s
[288.440s][info][gc,start       ] GC(714) Pause Young (Allocation Failure)
[288.441s][info][gc,heap        ] GC(714) PSYoungGen: 347328K(347648K)->256K(348160K) Eden: 347136K(347136K)->0K(347136K) From: 192K(512K)->256K(1024K)
[288.441s][info][gc,heap        ] GC(714) ParOldGen: 16437K(699392K)->16477K(699392K)
[288.441s][info][gc,metaspace   ] GC(714) Metaspace: 53943K(54528K)->53943K(54528K) NonClass: 46478K(46720K)->46478K(46720K) Class: 7465K(7808K)->7465K(7808K)
[288.441s][info][gc             ] GC(714) Pause Young (Allocation Failure) 355M->16M(1023M) 0.530ms
[288.441s][info][gc,cpu         ] GC(714) User=0.00s Sys=0.00s Real=0.00s
[288.866s][info][gc,start       ] GC(715) Pause Young (Allocation Failure)
[288.867s][info][gc,heap        ] GC(715) PSYoungGen: 347392K(348160K)->256K(348672K) Eden: 347136K(347136K)->0K(348160K) From: 256K(1024K)->256K(512K)
[288.867s][info][gc,heap        ] GC(715) ParOldGen: 16477K(699392K)->16517K(699392K)
[288.867s][info][gc,metaspace   ] GC(715) Metaspace: 53943K(54528K)->53943K(54528K) NonClass: 46478K(46720K)->46478K(46720K) Class: 7465K(7808K)->7465K(7808K)
[288.867s][info][gc             ] GC(715) Pause Young (Allocation Failure) 355M->16M(1023M) 0.503ms
[288.867s][info][gc,cpu         ] GC(715) User=0.00s Sys=0.00s Real=0.00s
[289.281s][info][gc,start       ] GC(716) Pause Young (Allocation Failure)
[289.282s][info][gc,heap        ] GC(716) PSYoungGen: 348416K(348672K)->224K(348672K) Eden: 348160K(348160K)->0K(348160K) From: 256K(512K)->224K(512K)
[289.282s][info][gc,heap        ] GC(716) ParOldGen: 16517K(699392K)->16533K(699392K)
[289.282s][info][gc,metaspace   ] GC(716) Metaspace: 53943K(54528K)->53943K(54528K) NonClass: 46478K(46720K)->46478K(46720K) Class: 7465K(7808K)->7465K(7808K)
[289.282s][info][gc             ] GC(716) Pause Young (Allocation Failure) 356M->16M(1023M) 0.500ms
[289.282s][info][gc,cpu         ] GC(716) User=0.00s Sys=0.00s Real=0.00s
[289.699s][info][gc,start       ] GC(717) Pause Young (Allocation Failure)
[289.700s][info][gc,heap        ] GC(717) PSYoungGen: 348384K(348672K)->256K(348672K) Eden: 348160K(348160K)->0K(348160K) From: 224K(512K)->256K(512K)
[289.700s][info][gc,heap        ] GC(717) ParOldGen: 16533K(699392K)->16565K(699392K)
[289.700s][info][gc,metaspace   ] GC(717) Metaspace: 53943K(54528K)->53943K(54528K) NonClass: 46478K(46720K)->46478K(46720K) Class: 7465K(7808K)->7465K(7808K)
[289.700s][info][gc             ] GC(717) Pause Young (Allocation Failure) 356M->16M(1023M) 0.474ms
[289.700s][info][gc,cpu         ] GC(717) User=0.00s Sys=0.00s Real=0.00s
[290.123s][info][gc,start       ] GC(718) Pause Young (Allocation Failure)
[290.124s][info][gc,heap        ] GC(718) PSYoungGen: 348416K(348672K)->256K(348672K) Eden: 348160K(348160K)->0K(348160K) From: 256K(512K)->256K(512K)
[290.124s][info][gc,heap        ] GC(718) ParOldGen: 16565K(699392K)->16573K(699392K)
[290.124s][info][gc,metaspace   ] GC(718) Metaspace: 53943K(54528K)->53943K(54528K) NonClass: 46478K(46720K)->46478K(46720K) Class: 7465K(7808K)->7465K(7808K)
[290.124s][info][gc             ] GC(718) Pause Young (Allocation Failure) 356M->16M(1023M) 0.487ms
[290.124s][info][gc,cpu         ] GC(718) User=0.00s Sys=0.00s Real=0.00s
[290.544s][info][gc,start       ] GC(719) Pause Young (System.gc())
[290.544s][info][gc,heap        ] GC(719) PSYoungGen: 325850K(348672K)->256K(348672K) Eden: 325594K(348160K)->0K(348160K) From: 256K(512K)->256K(512K)
[290.544s][info][gc,heap        ] GC(719) ParOldGen: 16573K(699392K)->16573K(699392K)
[290.544s][info][gc,metaspace   ] GC(719) Metaspace: 53943K(54528K)->53943K(54528K) NonClass: 46478K(46720K)->46478K(46720K) Class: 7465K(7808K)->7465K(7808K)
[290.544s][info][gc             ] GC(719) Pause Young (System.gc()) 334M->16M(1023M) 0.465ms
[290.544s][info][gc,cpu         ] GC(719) User=0.00s Sys=0.00s Real=0.00s
[290.544s][info][gc,start       ] GC(720) Pause Full (System.gc())
[290.544s][info][gc,phases,start] GC(720) Marking Phase
[290.564s][info][gc,phases      ] GC(720) Marking Phase 19.276ms
[290.564s][info][gc,phases,start] GC(720) Summary Phase
[290.564s][info][gc,phases      ] GC(720) Summary Phase 0.009ms
[290.564s][info][gc,phases,start] GC(720) Adjust Roots
[290.573s][info][gc,phases      ] GC(720) Adjust Roots 8.865ms
[290.573s][info][gc,phases,start] GC(720) Compaction Phase
[290.576s][info][gc,phases      ] GC(720) Compaction Phase 3.194ms
[290.576s][info][gc,phases,start] GC(720) Post Compact
[290.576s][info][gc,phases      ] GC(720) Post Compact 0.211ms
[290.576s][info][gc,heap        ] GC(720) PSYoungGen: 256K(348672K)->0K(348672K) Eden: 0K(348160K)->0K(348160K) From: 256K(512K)->0K(512K)
[290.576s][info][gc,heap        ] GC(720) ParOldGen: 16573K(699392K)->16030K(699392K)
[290.576s][info][gc,metaspace   ] GC(720) Metaspace: 53943K(54528K)->53943K(54528K) NonClass: 46478K(46720K)->46478K(46720K) Class: 7465K(7808K)->7465K(7808K)
[290.576s][info][gc             ] GC(720) Pause Full (System.gc()) 16M->15M(1023M) 31.788ms
[290.576s][info][gc,cpu         ] GC(720) User=0.02s Sys=0.00s Real=0.03s
[291.020s][info][gc,start       ] GC(721) Pause Young (Allocation Failure)
[291.020s][info][gc,heap        ] GC(721) PSYoungGen: 348160K(348672K)->512K(348672K) Eden: 348160K(348160K)->0K(348160K) From: 0K(512K)->512K(512K)
[291.020s][info][gc,heap        ] GC(721) ParOldGen: 16030K(699392K)->16070K(699392K)
[291.020s][info][gc,metaspace   ] GC(721) Metaspace: 53946K(54528K)->53946K(54528K) NonClass: 46480K(46720K)->46480K(46720K) Class: 7465K(7808K)->7465K(7808K)
[291.020s][info][gc             ] GC(721) Pause Young (Allocation Failure) 355M->16M(1023M) 0.755ms
[291.020s][info][gc,cpu         ] GC(721) User=0.00s Sys=0.00s Real=0.00s
[291.441s][info][gc,start       ] GC(722) Pause Young (Allocation Failure)
[291.442s][info][gc,heap        ] GC(722) PSYoungGen: 348672K(348672K)->192K(347648K) Eden: 348160K(348160K)->0K(347136K) From: 512K(512K)->192K(512K)
[291.442s][info][gc,heap        ] GC(722) ParOldGen: 16070K(699392K)->16446K(699392K)
[291.442s][info][gc,metaspace   ] GC(722) Metaspace: 53946K(54528K)->53946K(54528K) NonClass: 46480K(46720K)->46480K(46720K) Class: 7465K(7808K)->7465K(7808K)
[291.442s][info][gc             ] GC(722) Pause Young (Allocation Failure) 356M->16M(1022M) 0.715ms
[291.442s][info][gc,cpu         ] GC(722) User=0.00s Sys=0.00s Real=0.00s
[291.871s][info][gc,start       ] GC(723) Pause Young (Allocation Failure)
[291.871s][info][gc,heap        ] GC(723) PSYoungGen: 347328K(347648K)->256K(348160K) Eden: 347136K(347136K)->0K(347136K) From: 192K(512K)->256K(1024K)
[291.871s][info][gc,heap        ] GC(723) ParOldGen: 16446K(699392K)->16494K(699392K)
[291.871s][info][gc,metaspace   ] GC(723) Metaspace: 53946K(54528K)->53946K(54528K) NonClass: 46480K(46720K)->46480K(46720K) Class: 7465K(7808K)->7465K(7808K)
[291.871s][info][gc             ] GC(723) Pause Young (Allocation Failure) 355M->16M(1023M) 0.485ms
[291.871s][info][gc,cpu         ] GC(723) User=0.00s Sys=0.00s Real=0.00s
[292.286s][info][gc,start       ] GC(724) Pause Young (Allocation Failure)
[292.286s][info][gc,heap        ] GC(724) PSYoungGen: 347392K(348160K)->256K(348672K) Eden: 347136K(347136K)->0K(348160K) From: 256K(1024K)->256K(512K)
[292.286s][info][gc,heap        ] GC(724) ParOldGen: 16494K(699392K)->16502K(699392K)
[292.286s][info][gc,metaspace   ] GC(724) Metaspace: 53946K(54528K)->53946K(54528K) NonClass: 46480K(46720K)->46480K(46720K) Class: 7465K(7808K)->7465K(7808K)
[292.287s][info][gc             ] GC(724) Pause Young (Allocation Failure) 355M->16M(1023M) 0.529ms
[292.287s][info][gc,cpu         ] GC(724) User=0.00s Sys=0.00s Real=0.00s
[292.701s][info][gc,start       ] GC(725) Pause Young (Allocation Failure)
[292.701s][info][gc,heap        ] GC(725) PSYoungGen: 348416K(348672K)->256K(348672K) Eden: 348160K(348160K)->0K(348160K) From: 256K(512K)->256K(512K)
[292.701s][info][gc,heap        ] GC(725) ParOldGen: 16502K(699392K)->16550K(699392K)
[292.701s][info][gc,metaspace   ] GC(725) Metaspace: 53946K(54528K)->53946K(54528K) NonClass: 46480K(46720K)->46480K(46720K) Class: 7465K(7808K)->7465K(7808K)
[292.701s][info][gc             ] GC(725) Pause Young (Allocation Failure) 356M->16M(1023M) 0.540ms
[292.701s][info][gc,cpu         ] GC(725) User=0.00s Sys=0.00s Real=0.00s
[293.131s][info][gc,start       ] GC(726) Pause Young (Allocation Failure)
[293.131s][info][gc,heap        ] GC(726) PSYoungGen: 348416K(348672K)->256K(348672K) Eden: 348160K(348160K)->0K(348160K) From: 256K(512K)->256K(512K)
[293.131s][info][gc,heap        ] GC(726) ParOldGen: 16550K(699392K)->16574K(699392K)
[293.131s][info][gc,metaspace   ] GC(726) Metaspace: 53946K(54528K)->53946K(54528K) NonClass: 46480K(46720K)->46480K(46720K) Class: 7465K(7808K)->7465K(7808K)
[293.131s][info][gc             ] GC(726) Pause Young (Allocation Failure) 356M->16M(1023M) 0.508ms
[293.131s][info][gc,cpu         ] GC(726) User=0.00s Sys=0.00s Real=0.00s
[293.549s][info][gc,start       ] GC(727) Pause Young (Allocation Failure)
[293.550s][info][gc,heap        ] GC(727) PSYoungGen: 348416K(348672K)->256K(348672K) Eden: 348160K(348160K)->0K(348160K) From: 256K(512K)->256K(512K)
[293.550s][info][gc,heap        ] GC(727) ParOldGen: 16574K(699392K)->16582K(699392K)
[293.550s][info][gc,metaspace   ] GC(727) Metaspace: 53946K(54528K)->53946K(54528K) NonClass: 46480K(46720K)->46480K(46720K) Class: 7465K(7808K)->7465K(7808K)
[293.550s][info][gc             ] GC(727) Pause Young (Allocation Failure) 356M->16M(1023M) 0.538ms
[293.550s][info][gc,cpu         ] GC(727) User=0.00s Sys=0.00s Real=0.00s
[293.987s][info][gc,start       ] GC(728) Pause Young (System.gc())
[293.988s][info][gc,heap        ] GC(728) PSYoungGen: 328237K(348672K)->352K(348672K) Eden: 327981K(348160K)->0K(348160K) From: 256K(512K)->352K(512K)
[293.988s][info][gc,heap        ] GC(728) ParOldGen: 16582K(699392K)->16622K(699392K)
[293.988s][info][gc,metaspace   ] GC(728) Metaspace: 53946K(54528K)->53946K(54528K) NonClass: 46480K(46720K)->46480K(46720K) Class: 7465K(7808K)->7465K(7808K)
[293.988s][info][gc             ] GC(728) Pause Young (System.gc()) 336M->16M(1023M) 0.589ms
[293.988s][info][gc,cpu         ] GC(728) User=0.00s Sys=0.00s Real=0.00s
[293.988s][info][gc,start       ] GC(729) Pause Full (System.gc())
[293.988s][info][gc,phases,start] GC(729) Marking Phase
[294.007s][info][gc,phases      ] GC(729) Marking Phase 18.785ms
[294.007s][info][gc,phases,start] GC(729) Summary Phase
[294.007s][info][gc,phases      ] GC(729) Summary Phase 0.009ms
[294.007s][info][gc,phases,start] GC(729) Adjust Roots
[294.015s][info][gc,phases      ] GC(729) Adjust Roots 8.202ms
[294.015s][info][gc,phases,start] GC(729) Compaction Phase
[294.018s][info][gc,phases      ] GC(729) Compaction Phase 3.428ms
[294.018s][info][gc,phases,start] GC(729) Post Compact
[294.019s][info][gc,phases      ] GC(729) Post Compact 0.168ms
[294.019s][info][gc,heap        ] GC(729) PSYoungGen: 352K(348672K)->0K(348672K) Eden: 0K(348160K)->0K(348160K) From: 352K(512K)->0K(512K)
[294.019s][info][gc,heap        ] GC(729) ParOldGen: 16622K(699392K)->16099K(699392K)
[294.019s][info][gc,metaspace   ] GC(729) Metaspace: 53946K(54528K)->53946K(54528K) NonClass: 46480K(46720K)->46480K(46720K) Class: 7465K(7808K)->7465K(7808K)
[294.019s][info][gc             ] GC(729) Pause Full (System.gc()) 16M->15M(1023M) 30.797ms
[294.019s][info][gc,cpu         ] GC(729) User=0.02s Sys=0.00s Real=0.02s
[294.466s][info][gc,start       ] GC(730) Pause Young (Allocation Failure)
[294.467s][info][gc,heap        ] GC(730) PSYoungGen: 348160K(348672K)->512K(348672K) Eden: 348160K(348160K)->0K(348160K) From: 0K(512K)->512K(512K)
[294.467s][info][gc,heap        ] GC(730) ParOldGen: 16099K(699392K)->16115K(699392K)
[294.467s][info][gc,metaspace   ] GC(730) Metaspace: 53946K(54528K)->53946K(54528K) NonClass: 46480K(46720K)->46480K(46720K) Class: 7465K(7808K)->7465K(7808K)
[294.467s][info][gc             ] GC(730) Pause Young (Allocation Failure) 355M->16M(1023M) 0.707ms
[294.467s][info][gc,cpu         ] GC(730) User=0.00s Sys=0.00s Real=0.00s
[294.907s][info][gc,start       ] GC(731) Pause Young (Allocation Failure)
[294.908s][info][gc,heap        ] GC(731) PSYoungGen: 348672K(348672K)->192K(347648K) Eden: 348160K(348160K)->0K(347136K) From: 512K(512K)->192K(512K)
[294.908s][info][gc,heap        ] GC(731) ParOldGen: 16115K(699392K)->16443K(699392K)
[294.908s][info][gc,metaspace   ] GC(731) Metaspace: 53946K(54528K)->53946K(54528K) NonClass: 46480K(46720K)->46480K(46720K) Class: 7465K(7808K)->7465K(7808K)
[294.908s][info][gc             ] GC(731) Pause Young (Allocation Failure) 356M->16M(1022M) 0.638ms
[294.908s][info][gc,cpu         ] GC(731) User=0.00s Sys=0.00s Real=0.00s
[295.334s][info][gc,start       ] GC(732) Pause Young (Allocation Failure)
[295.334s][info][gc,heap        ] GC(732) PSYoungGen: 347328K(347648K)->320K(348160K) Eden: 347136K(347136K)->0K(347136K) From: 192K(512K)->320K(1024K)
[295.334s][info][gc,heap        ] GC(732) ParOldGen: 16443K(699392K)->16467K(699392K)
[295.334s][info][gc,metaspace   ] GC(732) Metaspace: 53946K(54528K)->53946K(54528K) NonClass: 46480K(46720K)->46480K(46720K) Class: 7465K(7808K)->7465K(7808K)
[295.334s][info][gc             ] GC(732) Pause Young (Allocation Failure) 355M->16M(1023M) 0.557ms
[295.334s][info][gc,cpu         ] GC(732) User=0.00s Sys=0.00s Real=0.00s
[295.770s][info][gc,start       ] GC(733) Pause Young (Allocation Failure)
[295.771s][info][gc,heap        ] GC(733) PSYoungGen: 347456K(348160K)->288K(348672K) Eden: 347136K(347136K)->0K(348160K) From: 320K(1024K)->288K(512K)
[295.771s][info][gc,heap        ] GC(733) ParOldGen: 16467K(699392K)->16499K(699392K)
[295.771s][info][gc,metaspace   ] GC(733) Metaspace: 53946K(54528K)->53946K(54528K) NonClass: 46480K(46720K)->46480K(46720K) Class: 7465K(7808K)->7465K(7808K)
[295.771s][info][gc             ] GC(733) Pause Young (Allocation Failure) 355M->16M(1023M) 0.950ms
[295.771s][info][gc,cpu         ] GC(733) User=0.00s Sys=0.00s Real=0.00s
[296.206s][info][gc,start       ] GC(734) Pause Young (Allocation Failure)
[296.207s][info][gc,heap        ] GC(734) PSYoungGen: 348448K(348672K)->256K(348672K) Eden: 348160K(348160K)->0K(348160K) From: 288K(512K)->256K(512K)
[296.207s][info][gc,heap        ] GC(734) ParOldGen: 16499K(699392K)->16515K(699392K)
[296.207s][info][gc,metaspace   ] GC(734) Metaspace: 53946K(54528K)->53946K(54528K) NonClass: 46480K(46720K)->46480K(46720K) Class: 7465K(7808K)->7465K(7808K)
[296.207s][info][gc             ] GC(734) Pause Young (Allocation Failure) 356M->16M(1023M) 0.804ms
[296.207s][info][gc,cpu         ] GC(734) User=0.00s Sys=0.00s Real=0.00s
[296.632s][info][gc,start       ] GC(735) Pause Young (Allocation Failure)
[296.632s][info][gc,heap        ] GC(735) PSYoungGen: 348416K(348672K)->224K(348672K) Eden: 348160K(348160K)->0K(348160K) From: 256K(512K)->224K(512K)
[296.632s][info][gc,heap        ] GC(735) ParOldGen: 16515K(699392K)->16515K(699392K)
[296.632s][info][gc,metaspace   ] GC(735) Metaspace: 53946K(54528K)->53946K(54528K) NonClass: 46480K(46720K)->46480K(46720K) Class: 7465K(7808K)->7465K(7808K)
[296.632s][info][gc             ] GC(735) Pause Young (Allocation Failure) 356M->16M(1023M) 0.597ms
[296.632s][info][gc,cpu         ] GC(735) User=0.00s Sys=0.00s Real=0.00s
[297.070s][info][gc,start       ] GC(736) Pause Young (Allocation Failure)
[297.070s][info][gc,heap        ] GC(736) PSYoungGen: 348384K(348672K)->320K(348672K) Eden: 348160K(348160K)->0K(348160K) From: 224K(512K)->320K(512K)
[297.070s][info][gc,heap        ] GC(736) ParOldGen: 16515K(699392K)->16555K(699392K)
[297.070s][info][gc,metaspace   ] GC(736) Metaspace: 53946K(54528K)->53946K(54528K) NonClass: 46480K(46720K)->46480K(46720K) Class: 7465K(7808K)->7465K(7808K)
[297.070s][info][gc             ] GC(736) Pause Young (Allocation Failure) 356M->16M(1023M) 0.527ms
[297.070s][info][gc,cpu         ] GC(736) User=0.00s Sys=0.00s Real=0.00s
[297.506s][info][gc,start       ] GC(737) Pause Young (System.gc())
[297.507s][info][gc,heap        ] GC(737) PSYoungGen: 326092K(348672K)->288K(348672K) Eden: 325772K(348160K)->0K(348160K) From: 320K(512K)->288K(512K)
[297.507s][info][gc,heap        ] GC(737) ParOldGen: 16555K(699392K)->16555K(699392K)
[297.507s][info][gc,metaspace   ] GC(737) Metaspace: 53946K(54528K)->53946K(54528K) NonClass: 46480K(46720K)->46480K(46720K) Class: 7465K(7808K)->7465K(7808K)
[297.507s][info][gc             ] GC(737) Pause Young (System.gc()) 334M->16M(1023M) 0.503ms
[297.507s][info][gc,cpu         ] GC(737) User=0.00s Sys=0.00s Real=0.00s
[297.507s][info][gc,start       ] GC(738) Pause Full (System.gc())
[297.507s][info][gc,phases,start] GC(738) Marking Phase
[297.526s][info][gc,phases      ] GC(738) Marking Phase 18.774ms
[297.526s][info][gc,phases,start] GC(738) Summary Phase
[297.526s][info][gc,phases      ] GC(738) Summary Phase 0.009ms
[297.526s][info][gc,phases,start] GC(738) Adjust Roots
[297.534s][info][gc,phases      ] GC(738) Adjust Roots 8.080ms
[297.534s][info][gc,phases,start] GC(738) Compaction Phase
[297.537s][info][gc,phases      ] GC(738) Compaction Phase 3.235ms
[297.537s][info][gc,phases,start] GC(738) Post Compact
[297.537s][info][gc,phases      ] GC(738) Post Compact 0.182ms
[297.537s][info][gc,heap        ] GC(738) PSYoungGen: 288K(348672K)->0K(348672K) Eden: 0K(348160K)->0K(348160K) From: 288K(512K)->0K(512K)
[297.537s][info][gc,heap        ] GC(738) ParOldGen: 16555K(699392K)->16042K(699392K)
[297.537s][info][gc,metaspace   ] GC(738) Metaspace: 53946K(54528K)->53946K(54528K) NonClass: 46480K(46720K)->46480K(46720K) Class: 7465K(7808K)->7465K(7808K)
[297.537s][info][gc             ] GC(738) Pause Full (System.gc()) 16M->15M(1023M) 30.509ms
[297.537s][info][gc,cpu         ] GC(738) User=0.00s Sys=0.00s Real=0.02s
[298.007s][info][gc,start       ] GC(739) Pause Young (Allocation Failure)
[298.008s][info][gc,heap        ] GC(739) PSYoungGen: 348160K(348672K)->512K(348672K) Eden: 348160K(348160K)->0K(348160K) From: 0K(512K)->512K(512K)
[298.008s][info][gc,heap        ] GC(739) ParOldGen: 16042K(699392K)->16058K(699392K)
[298.008s][info][gc,metaspace   ] GC(739) Metaspace: 53946K(54528K)->53946K(54528K) NonClass: 46480K(46720K)->46480K(46720K) Class: 7465K(7808K)->7465K(7808K)
[298.008s][info][gc             ] GC(739) Pause Young (Allocation Failure) 355M->16M(1023M) 0.783ms
[298.008s][info][gc,cpu         ] GC(739) User=0.00s Sys=0.00s Real=0.00s
[298.453s][info][gc,start       ] GC(740) Pause Young (Allocation Failure)
[298.454s][info][gc,heap        ] GC(740) PSYoungGen: 348672K(348672K)->224K(347648K) Eden: 348160K(348160K)->0K(347136K) From: 512K(512K)->224K(512K)
[298.454s][info][gc,heap        ] GC(740) ParOldGen: 16058K(699392K)->16442K(699392K)
[298.454s][info][gc,metaspace   ] GC(740) Metaspace: 53946K(54528K)->53946K(54528K) NonClass: 46480K(46720K)->46480K(46720K) Class: 7465K(7808K)->7465K(7808K)
[298.454s][info][gc             ] GC(740) Pause Young (Allocation Failure) 356M->16M(1022M) 0.900ms
[298.454s][info][gc,cpu         ] GC(740) User=0.00s Sys=0.00s Real=0.00s
[298.911s][info][gc,start       ] GC(741) Pause Young (Allocation Failure)
[298.911s][info][gc,heap        ] GC(741) PSYoungGen: 347360K(347648K)->256K(348160K) Eden: 347136K(347136K)->0K(347136K) From: 224K(512K)->256K(1024K)
[298.912s][info][gc,heap        ] GC(741) ParOldGen: 16442K(699392K)->16466K(699392K)
[298.912s][info][gc,metaspace   ] GC(741) Metaspace: 53946K(54528K)->53946K(54528K) NonClass: 46480K(46720K)->46480K(46720K) Class: 7465K(7808K)->7465K(7808K)
[298.912s][info][gc             ] GC(741) Pause Young (Allocation Failure) 355M->16M(1023M) 0.789ms
[298.912s][info][gc,cpu         ] GC(741) User=0.00s Sys=0.00s Real=0.00s
[299.354s][info][gc,start       ] GC(742) Pause Young (Allocation Failure)
[299.355s][info][gc,heap        ] GC(742) PSYoungGen: 347391K(348160K)->256K(348672K) Eden: 347135K(347136K)->0K(348160K) From: 256K(1024K)->256K(512K)
[299.355s][info][gc,heap        ] GC(742) ParOldGen: 16466K(699392K)->16490K(699392K)
[299.355s][info][gc,metaspace   ] GC(742) Metaspace: 53946K(54528K)->53946K(54528K) NonClass: 46480K(46720K)->46480K(46720K) Class: 7465K(7808K)->7465K(7808K)
[299.355s][info][gc             ] GC(742) Pause Young (Allocation Failure) 355M->16M(1023M) 0.523ms
[299.355s][info][gc,cpu         ] GC(742) User=0.00s Sys=0.00s Real=0.00s
[299.809s][info][gc,start       ] GC(743) Pause Young (Allocation Failure)
[299.809s][info][gc,heap        ] GC(743) PSYoungGen: 348416K(348672K)->256K(348672K) Eden: 348160K(348160K)->0K(348160K) From: 256K(512K)->256K(512K)
[299.810s][info][gc,heap        ] GC(743) ParOldGen: 16490K(699392K)->16522K(699392K)
[299.810s][info][gc,metaspace   ] GC(743) Metaspace: 53946K(54528K)->53946K(54528K) NonClass: 46480K(46720K)->46480K(46720K) Class: 7465K(7808K)->7465K(7808K)
[299.810s][info][gc             ] GC(743) Pause Young (Allocation Failure) 356M->16M(1023M) 0.537ms
[299.810s][info][gc,cpu         ] GC(743) User=0.00s Sys=0.00s Real=0.00s
[300.248s][info][gc,start       ] GC(744) Pause Young (Allocation Failure)
[300.249s][info][gc,heap        ] GC(744) PSYoungGen: 348416K(348672K)->224K(348672K) Eden: 348160K(348160K)->0K(348160K) From: 256K(512K)->224K(512K)
[300.249s][info][gc,heap        ] GC(744) ParOldGen: 16522K(699392K)->16546K(699392K)
[300.249s][info][gc,metaspace   ] GC(744) Metaspace: 53946K(54528K)->53946K(54528K) NonClass: 46480K(46720K)->46480K(46720K) Class: 7465K(7808K)->7465K(7808K)
[300.249s][info][gc             ] GC(744) Pause Young (Allocation Failure) 356M->16M(1023M) 0.539ms
[300.249s][info][gc,cpu         ] GC(744) User=0.00s Sys=0.00s Real=0.00s
[300.672s][info][gc,start       ] GC(745) Pause Young (Allocation Failure)
[300.672s][info][gc,heap        ] GC(745) PSYoungGen: 348384K(348672K)->288K(348672K) Eden: 348160K(348160K)->0K(348160K) From: 224K(512K)->288K(512K)
[300.672s][info][gc,heap        ] GC(745) ParOldGen: 16546K(699392K)->16546K(699392K)
[300.672s][info][gc,metaspace   ] GC(745) Metaspace: 53946K(54528K)->53946K(54528K) NonClass: 46480K(46720K)->46480K(46720K) Class: 7465K(7808K)->7465K(7808K)
[300.672s][info][gc             ] GC(745) Pause Young (Allocation Failure) 356M->16M(1023M) 0.527ms
[300.672s][info][gc,cpu         ] GC(745) User=0.00s Sys=0.00s Real=0.00s
[301.177s][info][gc,start       ] GC(746) Pause Young (System.gc())
[301.178s][info][gc,heap        ] GC(746) PSYoungGen: 327500K(348672K)->256K(348672K) Eden: 327212K(348160K)->0K(348160K) From: 288K(512K)->256K(512K)
[301.178s][info][gc,heap        ] GC(746) ParOldGen: 16546K(699392K)->16578K(699392K)
[301.178s][info][gc,metaspace   ] GC(746) Metaspace: 53946K(54528K)->53946K(54528K) NonClass: 46480K(46720K)->46480K(46720K) Class: 7465K(7808K)->7465K(7808K)
[301.178s][info][gc             ] GC(746) Pause Young (System.gc()) 335M->16M(1023M) 0.491ms
[301.178s][info][gc,cpu         ] GC(746) User=0.00s Sys=0.00s Real=0.00s
[301.178s][info][gc,start       ] GC(747) Pause Full (System.gc())
[301.178s][info][gc,phases,start] GC(747) Marking Phase
[301.197s][info][gc,phases      ] GC(747) Marking Phase 18.649ms
[301.197s][info][gc,phases,start] GC(747) Summary Phase
[301.197s][info][gc,phases      ] GC(747) Summary Phase 0.010ms
[301.197s][info][gc,phases,start] GC(747) Adjust Roots
[301.205s][info][gc,phases      ] GC(747) Adjust Roots 8.153ms
[301.205s][info][gc,phases,start] GC(747) Compaction Phase
[301.208s][info][gc,phases      ] GC(747) Compaction Phase 2.994ms
[301.208s][info][gc,phases,start] GC(747) Post Compact
[301.208s][info][gc,phases      ] GC(747) Post Compact 0.164ms
[301.208s][info][gc,heap        ] GC(747) PSYoungGen: 256K(348672K)->0K(348672K) Eden: 0K(348160K)->0K(348160K) From: 256K(512K)->0K(512K)
[301.208s][info][gc,heap        ] GC(747) ParOldGen: 16578K(699392K)->16029K(699392K)
[301.208s][info][gc,metaspace   ] GC(747) Metaspace: 53946K(54528K)->53946K(54528K) NonClass: 46480K(46720K)->46480K(46720K) Class: 7465K(7808K)->7465K(7808K)
[301.208s][info][gc             ] GC(747) Pause Full (System.gc()) 16M->15M(1023M) 30.211ms
[301.208s][info][gc,cpu         ] GC(747) User=0.02s Sys=0.00s Real=0.02s
[301.630s][info][gc,start       ] GC(748) Pause Young (Allocation Failure)
[301.630s][info][gc,heap        ] GC(748) PSYoungGen: 348160K(348672K)->512K(348672K) Eden: 348160K(348160K)->0K(348160K) From: 0K(512K)->512K(512K)
[301.630s][info][gc,heap        ] GC(748) ParOldGen: 16029K(699392K)->16061K(699392K)
[301.630s][info][gc,metaspace   ] GC(748) Metaspace: 53946K(54528K)->53946K(54528K) NonClass: 46480K(46720K)->46480K(46720K) Class: 7465K(7808K)->7465K(7808K)
[301.630s][info][gc             ] GC(748) Pause Young (Allocation Failure) 355M->16M(1023M) 0.697ms
[301.630s][info][gc,cpu         ] GC(748) User=0.00s Sys=0.00s Real=0.00s
[302.056s][info][gc,start       ] GC(749) Pause Young (Allocation Failure)
[302.057s][info][gc,heap        ] GC(749) PSYoungGen: 348672K(348672K)->192K(347648K) Eden: 348160K(348160K)->0K(347136K) From: 512K(512K)->192K(512K)
[302.057s][info][gc,heap        ] GC(749) ParOldGen: 16061K(699392K)->16429K(699392K)
[302.057s][info][gc,metaspace   ] GC(749) Metaspace: 53946K(54528K)->53946K(54528K) NonClass: 46480K(46720K)->46480K(46720K) Class: 7465K(7808K)->7465K(7808K)
[302.057s][info][gc             ] GC(749) Pause Young (Allocation Failure) 356M->16M(1022M) 0.699ms
[302.057s][info][gc,cpu         ] GC(749) User=0.00s Sys=0.00s Real=0.00s
[302.471s][info][gc,start       ] GC(750) Pause Young (Allocation Failure)
[302.472s][info][gc,heap        ] GC(750) PSYoungGen: 347328K(347648K)->224K(348160K) Eden: 347136K(347136K)->0K(347136K) From: 192K(512K)->224K(1024K)
[302.472s][info][gc,heap        ] GC(750) ParOldGen: 16429K(699392K)->16445K(699392K)
[302.472s][info][gc,metaspace   ] GC(750) Metaspace: 53946K(54528K)->53946K(54528K) NonClass: 46480K(46720K)->46480K(46720K) Class: 7465K(7808K)->7465K(7808K)
[302.472s][info][gc             ] GC(750) Pause Young (Allocation Failure) 355M->16M(1023M) 0.513ms
[302.472s][info][gc,cpu         ] GC(750) User=0.02s Sys=0.00s Real=0.00s
[302.897s][info][gc,start       ] GC(751) Pause Young (Allocation Failure)
[302.897s][info][gc,heap        ] GC(751) PSYoungGen: 347360K(348160K)->288K(348672K) Eden: 347136K(347136K)->0K(348160K) From: 224K(1024K)->288K(512K)
[302.897s][info][gc,heap        ] GC(751) ParOldGen: 16445K(699392K)->16485K(699392K)
[302.897s][info][gc,metaspace   ] GC(751) Metaspace: 53946K(54528K)->53946K(54528K) NonClass: 46480K(46720K)->46480K(46720K) Class: 7465K(7808K)->7465K(7808K)
[302.897s][info][gc             ] GC(751) Pause Young (Allocation Failure) 355M->16M(1023M) 0.532ms
[302.897s][info][gc,cpu         ] GC(751) User=0.00s Sys=0.00s Real=0.00s
[303.313s][info][gc,start       ] GC(752) Pause Young (Allocation Failure)
[303.314s][info][gc,heap        ] GC(752) PSYoungGen: 348448K(348672K)->224K(348672K) Eden: 348160K(348160K)->0K(348160K) From: 288K(512K)->224K(512K)
[303.314s][info][gc,heap        ] GC(752) ParOldGen: 16485K(699392K)->16525K(699392K)
[303.314s][info][gc,metaspace   ] GC(752) Metaspace: 53946K(54528K)->53946K(54528K) NonClass: 46480K(46720K)->46480K(46720K) Class: 7465K(7808K)->7465K(7808K)
[303.314s][info][gc             ] GC(752) Pause Young (Allocation Failure) 356M->16M(1023M) 0.612ms
[303.314s][info][gc,cpu         ] GC(752) User=0.00s Sys=0.00s Real=0.00s
[303.724s][info][gc,start       ] GC(753) Pause Young (Allocation Failure)
[303.725s][info][gc,heap        ] GC(753) PSYoungGen: 348384K(348672K)->224K(348672K) Eden: 348160K(348160K)->0K(348160K) From: 224K(512K)->224K(512K)
[303.725s][info][gc,heap        ] GC(753) ParOldGen: 16525K(699392K)->16565K(699392K)
[303.725s][info][gc,metaspace   ] GC(753) Metaspace: 53946K(54528K)->53946K(54528K) NonClass: 46480K(46720K)->46480K(46720K) Class: 7465K(7808K)->7465K(7808K)
[303.725s][info][gc             ] GC(753) Pause Young (Allocation Failure) 356M->16M(1023M) 0.516ms
[303.725s][info][gc,cpu         ] GC(753) User=0.00s Sys=0.00s Real=0.00s
[304.155s][info][gc,start       ] GC(754) Pause Young (Allocation Failure)
[304.155s][info][gc,heap        ] GC(754) PSYoungGen: 348384K(348672K)->224K(348672K) Eden: 348160K(348160K)->0K(348160K) From: 224K(512K)->224K(512K)
[304.155s][info][gc,heap        ] GC(754) ParOldGen: 16565K(699392K)->16573K(699392K)
[304.155s][info][gc,metaspace   ] GC(754) Metaspace: 53946K(54528K)->53946K(54528K) NonClass: 46480K(46720K)->46480K(46720K) Class: 7465K(7808K)->7465K(7808K)
[304.155s][info][gc             ] GC(754) Pause Young (Allocation Failure) 356M->16M(1023M) 0.510ms
[304.155s][info][gc,cpu         ] GC(754) User=0.00s Sys=0.00s Real=0.00s
[304.568s][info][gc,start       ] GC(755) Pause Young (System.gc())
[304.568s][info][gc,heap        ] GC(755) PSYoungGen: 324847K(348672K)->256K(348672K) Eden: 324623K(348160K)->0K(348160K) From: 224K(512K)->256K(512K)
[304.568s][info][gc,heap        ] GC(755) ParOldGen: 16573K(699392K)->16589K(699392K)
[304.568s][info][gc,metaspace   ] GC(755) Metaspace: 53946K(54528K)->53946K(54528K) NonClass: 46480K(46720K)->46480K(46720K) Class: 7465K(7808K)->7465K(7808K)
[304.568s][info][gc             ] GC(755) Pause Young (System.gc()) 333M->16M(1023M) 0.566ms
[304.568s][info][gc,cpu         ] GC(755) User=0.00s Sys=0.00s Real=0.00s
[304.569s][info][gc,start       ] GC(756) Pause Full (System.gc())
[304.569s][info][gc,phases,start] GC(756) Marking Phase
[304.588s][info][gc,phases      ] GC(756) Marking Phase 19.177ms
[304.588s][info][gc,phases,start] GC(756) Summary Phase
[304.588s][info][gc,phases      ] GC(756) Summary Phase 0.009ms
[304.588s][info][gc,phases,start] GC(756) Adjust Roots
[304.596s][info][gc,phases      ] GC(756) Adjust Roots 8.630ms
[304.596s][info][gc,phases,start] GC(756) Compaction Phase
[304.600s][info][gc,phases      ] GC(756) Compaction Phase 3.770ms
[304.600s][info][gc,phases,start] GC(756) Post Compact
[304.601s][info][gc,phases      ] GC(756) Post Compact 0.222ms
[304.601s][info][gc,heap        ] GC(756) PSYoungGen: 256K(348672K)->0K(348672K) Eden: 0K(348160K)->0K(348160K) From: 256K(512K)->0K(512K)
[304.601s][info][gc,heap        ] GC(756) ParOldGen: 16589K(699392K)->16056K(699392K)
[304.601s][info][gc,metaspace   ] GC(756) Metaspace: 53946K(54528K)->53946K(54528K) NonClass: 46480K(46720K)->46480K(46720K) Class: 7465K(7808K)->7465K(7808K)
[304.601s][info][gc             ] GC(756) Pause Full (System.gc()) 16M->15M(1023M) 32.053ms
[304.601s][info][gc,cpu         ] GC(756) User=0.03s Sys=0.00s Real=0.03s
[305.043s][info][gc,start       ] GC(757) Pause Young (Allocation Failure)
[305.044s][info][gc,heap        ] GC(757) PSYoungGen: 348160K(348672K)->512K(348672K) Eden: 348160K(348160K)->0K(348160K) From: 0K(512K)->512K(512K)
[305.044s][info][gc,heap        ] GC(757) ParOldGen: 16056K(699392K)->16104K(699392K)
[305.044s][info][gc,metaspace   ] GC(757) Metaspace: 53947K(54528K)->53947K(54528K) NonClass: 46481K(46720K)->46481K(46720K) Class: 7465K(7808K)->7465K(7808K)
[305.044s][info][gc             ] GC(757) Pause Young (Allocation Failure) 355M->16M(1023M) 0.729ms
[305.044s][info][gc,cpu         ] GC(757) User=0.00s Sys=0.00s Real=0.00s
[305.463s][info][gc,start       ] GC(758) Pause Young (Allocation Failure)
[305.464s][info][gc,heap        ] GC(758) PSYoungGen: 348672K(348672K)->256K(347648K) Eden: 348160K(348160K)->0K(347136K) From: 512K(512K)->256K(512K)
[305.464s][info][gc,heap        ] GC(758) ParOldGen: 16104K(699392K)->16488K(699392K)
[305.464s][info][gc,metaspace   ] GC(758) Metaspace: 53947K(54528K)->53947K(54528K) NonClass: 46481K(46720K)->46481K(46720K) Class: 7465K(7808K)->7465K(7808K)
[305.464s][info][gc             ] GC(758) Pause Young (Allocation Failure) 356M->16M(1022M) 0.723ms
[305.464s][info][gc,cpu         ] GC(758) User=0.00s Sys=0.00s Real=0.00s
[305.892s][info][gc,start       ] GC(759) Pause Young (Allocation Failure)
[305.893s][info][gc,heap        ] GC(759) PSYoungGen: 347392K(347648K)->224K(348160K) Eden: 347136K(347136K)->0K(347136K) From: 256K(512K)->224K(1024K)
[305.893s][info][gc,heap        ] GC(759) ParOldGen: 16488K(699392K)->16528K(699392K)
[305.893s][info][gc,metaspace   ] GC(759) Metaspace: 53947K(54528K)->53947K(54528K) NonClass: 46481K(46720K)->46481K(46720K) Class: 7465K(7808K)->7465K(7808K)
[305.893s][info][gc             ] GC(759) Pause Young (Allocation Failure) 355M->16M(1023M) 0.516ms
[305.893s][info][gc,cpu         ] GC(759) User=0.00s Sys=0.00s Real=0.00s
[306.312s][info][gc,start       ] GC(760) Pause Young (Allocation Failure)
[306.313s][info][gc,heap        ] GC(760) PSYoungGen: 347360K(348160K)->288K(348672K) Eden: 347136K(347136K)->0K(348160K) From: 224K(1024K)->288K(512K)
[306.313s][info][gc,heap        ] GC(760) ParOldGen: 16528K(699392K)->16536K(699392K)
[306.313s][info][gc,metaspace   ] GC(760) Metaspace: 53947K(54528K)->53947K(54528K) NonClass: 46481K(46720K)->46481K(46720K) Class: 7465K(7808K)->7465K(7808K)
[306.313s][info][gc             ] GC(760) Pause Young (Allocation Failure) 355M->16M(1023M) 0.538ms
[306.313s][info][gc,cpu         ] GC(760) User=0.00s Sys=0.00s Real=0.00s
[306.726s][info][gc,start       ] GC(761) Pause Young (Allocation Failure)
[306.726s][info][gc,heap        ] GC(761) PSYoungGen: 348448K(348672K)->224K(348672K) Eden: 348160K(348160K)->0K(348160K) From: 288K(512K)->224K(512K)
[306.726s][info][gc,heap        ] GC(761) ParOldGen: 16536K(699392K)->16584K(699392K)
[306.726s][info][gc,metaspace   ] GC(761) Metaspace: 53947K(54528K)->53947K(54528K) NonClass: 46481K(46720K)->46481K(46720K) Class: 7465K(7808K)->7465K(7808K)
[306.726s][info][gc             ] GC(761) Pause Young (Allocation Failure) 356M->16M(1023M) 0.493ms
[306.726s][info][gc,cpu         ] GC(761) User=0.00s Sys=0.00s Real=0.00s
[307.158s][info][gc,start       ] GC(762) Pause Young (Allocation Failure)
[307.159s][info][gc,heap        ] GC(762) PSYoungGen: 348384K(348672K)->224K(348672K) Eden: 348160K(348160K)->0K(348160K) From: 224K(512K)->224K(512K)
[307.159s][info][gc,heap        ] GC(762) ParOldGen: 16584K(699392K)->16592K(699392K)
[307.159s][info][gc,metaspace   ] GC(762) Metaspace: 53947K(54528K)->53947K(54528K) NonClass: 46481K(46720K)->46481K(46720K) Class: 7465K(7808K)->7465K(7808K)
[307.159s][info][gc             ] GC(762) Pause Young (Allocation Failure) 356M->16M(1023M) 0.515ms
[307.159s][info][gc,cpu         ] GC(762) User=0.00s Sys=0.00s Real=0.00s
[307.579s][info][gc,start       ] GC(763) Pause Young (Allocation Failure)
[307.580s][info][gc,heap        ] GC(763) PSYoungGen: 348384K(348672K)->224K(348672K) Eden: 348160K(348160K)->0K(348160K) From: 224K(512K)->224K(512K)
[307.580s][info][gc,heap        ] GC(763) ParOldGen: 16592K(699392K)->16600K(699392K)
[307.580s][info][gc,metaspace   ] GC(763) Metaspace: 53947K(54528K)->53947K(54528K) NonClass: 46481K(46720K)->46481K(46720K) Class: 7465K(7808K)->7465K(7808K)
[307.580s][info][gc             ] GC(763) Pause Young (Allocation Failure) 356M->16M(1023M) 0.502ms
[307.580s][info][gc,cpu         ] GC(763) User=0.00s Sys=0.00s Real=0.00s
[308.009s][info][gc,start       ] GC(764) Pause Young (System.gc())
[308.010s][info][gc,heap        ] GC(764) PSYoungGen: 326370K(348672K)->224K(348672K) Eden: 326146K(348160K)->0K(348160K) From: 224K(512K)->224K(512K)
[308.010s][info][gc,heap        ] GC(764) ParOldGen: 16600K(699392K)->16640K(699392K)
[308.010s][info][gc,metaspace   ] GC(764) Metaspace: 53947K(54528K)->53947K(54528K) NonClass: 46481K(46720K)->46481K(46720K) Class: 7465K(7808K)->7465K(7808K)
[308.010s][info][gc             ] GC(764) Pause Young (System.gc()) 334M->16M(1023M) 0.523ms
[308.010s][info][gc,cpu         ] GC(764) User=0.00s Sys=0.00s Real=0.00s
[308.010s][info][gc,start       ] GC(765) Pause Full (System.gc())
[308.010s][info][gc,phases,start] GC(765) Marking Phase
[308.029s][info][gc,phases      ] GC(765) Marking Phase 19.464ms
[308.029s][info][gc,phases,start] GC(765) Summary Phase
[308.029s][info][gc,phases      ] GC(765) Summary Phase 0.009ms
[308.029s][info][gc,phases,start] GC(765) Adjust Roots
[308.037s][info][gc,phases      ] GC(765) Adjust Roots 8.135ms
[308.038s][info][gc,phases,start] GC(765) Compaction Phase
[308.041s][info][gc,phases      ] GC(765) Compaction Phase 3.066ms
[308.041s][info][gc,phases,start] GC(765) Post Compact
[308.041s][info][gc,phases      ] GC(765) Post Compact 0.166ms
[308.041s][info][gc,heap        ] GC(765) PSYoungGen: 224K(348672K)->0K(348672K) Eden: 0K(348160K)->0K(348160K) From: 224K(512K)->0K(512K)
[308.041s][info][gc,heap        ] GC(765) ParOldGen: 16640K(699392K)->16022K(699392K)
[308.041s][info][gc,metaspace   ] GC(765) Metaspace: 53947K(54528K)->53947K(54528K) NonClass: 46481K(46720K)->46481K(46720K) Class: 7465K(7808K)->7465K(7808K)
[308.041s][info][gc             ] GC(765) Pause Full (System.gc()) 16M->15M(1023M) 31.063ms
[308.041s][info][gc,cpu         ] GC(765) User=0.03s Sys=0.00s Real=0.03s
[308.478s][info][gc,start       ] GC(766) Pause Young (Allocation Failure)
[308.479s][info][gc,heap        ] GC(766) PSYoungGen: 348160K(348672K)->512K(348672K) Eden: 348160K(348160K)->0K(348160K) From: 0K(512K)->512K(512K)
[308.479s][info][gc,heap        ] GC(766) ParOldGen: 16022K(699392K)->16062K(699392K)
[308.479s][info][gc,metaspace   ] GC(766) Metaspace: 53947K(54528K)->53947K(54528K) NonClass: 46481K(46720K)->46481K(46720K) Class: 7465K(7808K)->7465K(7808K)
[308.479s][info][gc             ] GC(766) Pause Young (Allocation Failure) 355M->16M(1023M) 0.745ms
[308.479s][info][gc,cpu         ] GC(766) User=0.00s Sys=0.00s Real=0.00s
[308.909s][info][gc,start       ] GC(767) Pause Young (Allocation Failure)
[308.910s][info][gc,heap        ] GC(767) PSYoungGen: 348672K(348672K)->224K(347648K) Eden: 348160K(348160K)->0K(347136K) From: 512K(512K)->224K(512K)
[308.910s][info][gc,heap        ] GC(767) ParOldGen: 16062K(699392K)->16430K(699392K)
[308.910s][info][gc,metaspace   ] GC(767) Metaspace: 53947K(54528K)->53947K(54528K) NonClass: 46481K(46720K)->46481K(46720K) Class: 7465K(7808K)->7465K(7808K)
[308.910s][info][gc             ] GC(767) Pause Young (Allocation Failure) 356M->16M(1022M) 0.688ms
[308.910s][info][gc,cpu         ] GC(767) User=0.00s Sys=0.00s Real=0.00s
[309.330s][info][gc,start       ] GC(768) Pause Young (Allocation Failure)
[309.331s][info][gc,heap        ] GC(768) PSYoungGen: 347360K(347648K)->224K(348160K) Eden: 347136K(347136K)->0K(347136K) From: 224K(512K)->224K(1024K)
[309.331s][info][gc,heap        ] GC(768) ParOldGen: 16430K(699392K)->16454K(699392K)
[309.331s][info][gc,metaspace   ] GC(768) Metaspace: 53947K(54528K)->53947K(54528K) NonClass: 46481K(46720K)->46481K(46720K) Class: 7465K(7808K)->7465K(7808K)
[309.331s][info][gc             ] GC(768) Pause Young (Allocation Failure) 355M->16M(1023M) 0.622ms
[309.331s][info][gc,cpu         ] GC(768) User=0.00s Sys=0.00s Real=0.00s
[309.745s][info][gc,start       ] GC(769) Pause Young (Allocation Failure)
[309.745s][info][gc,heap        ] GC(769) PSYoungGen: 347360K(348160K)->256K(348672K) Eden: 347136K(347136K)->0K(348160K) From: 224K(1024K)->256K(512K)
[309.745s][info][gc,heap        ] GC(769) ParOldGen: 16454K(699392K)->16494K(699392K)
[309.745s][info][gc,metaspace   ] GC(769) Metaspace: 53947K(54528K)->53947K(54528K) NonClass: 46481K(46720K)->46481K(46720K) Class: 7465K(7808K)->7465K(7808K)
[309.745s][info][gc             ] GC(769) Pause Young (Allocation Failure) 355M->16M(1023M) 0.494ms
[309.745s][info][gc,cpu         ] GC(769) User=0.00s Sys=0.00s Real=0.00s
[310.176s][info][gc,start       ] GC(770) Pause Young (Allocation Failure)
[310.177s][info][gc,heap        ] GC(770) PSYoungGen: 348416K(348672K)->256K(348672K) Eden: 348160K(348160K)->0K(348160K) From: 256K(512K)->256K(512K)
[310.177s][info][gc,heap        ] GC(770) ParOldGen: 16494K(699392K)->16510K(699392K)
[310.177s][info][gc,metaspace   ] GC(770) Metaspace: 53947K(54528K)->53947K(54528K) NonClass: 46481K(46720K)->46481K(46720K) Class: 7465K(7808K)->7465K(7808K)
[310.177s][info][gc             ] GC(770) Pause Young (Allocation Failure) 356M->16M(1023M) 0.514ms
[310.177s][info][gc,cpu         ] GC(770) User=0.00s Sys=0.00s Real=0.00s
[310.624s][info][gc,start       ] GC(771) Pause Young (Allocation Failure)
[310.624s][info][gc,heap        ] GC(771) PSYoungGen: 348416K(348672K)->288K(348672K) Eden: 348160K(348160K)->0K(348160K) From: 256K(512K)->288K(512K)
[310.625s][info][gc,heap        ] GC(771) ParOldGen: 16510K(699392K)->16518K(699392K)
[310.625s][info][gc,metaspace   ] GC(771) Metaspace: 53947K(54528K)->53947K(54528K) NonClass: 46481K(46720K)->46481K(46720K) Class: 7465K(7808K)->7465K(7808K)
[310.625s][info][gc             ] GC(771) Pause Young (Allocation Failure) 356M->16M(1023M) 0.522ms
[310.625s][info][gc,cpu         ] GC(771) User=0.00s Sys=0.00s Real=0.00s
[311.054s][info][gc,start       ] GC(772) Pause Young (Allocation Failure)
[311.055s][info][gc,heap        ] GC(772) PSYoungGen: 348448K(348672K)->224K(348672K) Eden: 348160K(348160K)->0K(348160K) From: 288K(512K)->224K(512K)
[311.055s][info][gc,heap        ] GC(772) ParOldGen: 16518K(699392K)->16550K(699392K)
[311.055s][info][gc,metaspace   ] GC(772) Metaspace: 53947K(54528K)->53947K(54528K) NonClass: 46481K(46720K)->46481K(46720K) Class: 7465K(7808K)->7465K(7808K)
[311.055s][info][gc             ] GC(772) Pause Young (Allocation Failure) 356M->16M(1023M) 0.522ms
[311.055s][info][gc,cpu         ] GC(772) User=0.00s Sys=0.00s Real=0.00s
[311.469s][info][gc,start       ] GC(773) Pause Young (System.gc())
[311.469s][info][gc,heap        ] GC(773) PSYoungGen: 324556K(348672K)->224K(348672K) Eden: 324332K(348160K)->0K(348160K) From: 224K(512K)->224K(512K)
[311.469s][info][gc,heap        ] GC(773) ParOldGen: 16550K(699392K)->16566K(699392K)
[311.469s][info][gc,metaspace   ] GC(773) Metaspace: 53948K(54528K)->53948K(54528K) NonClass: 46482K(46720K)->46482K(46720K) Class: 7465K(7808K)->7465K(7808K)
[311.469s][info][gc             ] GC(773) Pause Young (System.gc()) 333M->16M(1023M) 0.503ms
[311.469s][info][gc,cpu         ] GC(773) User=0.00s Sys=0.00s Real=0.00s
[311.469s][info][gc,start       ] GC(774) Pause Full (System.gc())
[311.469s][info][gc,phases,start] GC(774) Marking Phase
[311.488s][info][gc,phases      ] GC(774) Marking Phase 19.124ms
[311.488s][info][gc,phases,start] GC(774) Summary Phase
[311.488s][info][gc,phases      ] GC(774) Summary Phase 0.009ms
[311.488s][info][gc,phases,start] GC(774) Adjust Roots
[311.497s][info][gc,phases      ] GC(774) Adjust Roots 8.523ms
[311.497s][info][gc,phases,start] GC(774) Compaction Phase
[311.500s][info][gc,phases      ] GC(774) Compaction Phase 2.806ms
[311.500s][info][gc,phases,start] GC(774) Post Compact
[311.500s][info][gc,phases      ] GC(774) Post Compact 0.163ms
[311.500s][info][gc,heap        ] GC(774) PSYoungGen: 224K(348672K)->0K(348672K) Eden: 0K(348160K)->0K(348160K) From: 224K(512K)->0K(512K)
[311.500s][info][gc,heap        ] GC(774) ParOldGen: 16566K(699392K)->16036K(699392K)
[311.500s][info][gc,metaspace   ] GC(774) Metaspace: 53948K(54528K)->53948K(54528K) NonClass: 46482K(46720K)->46482K(46720K) Class: 7465K(7808K)->7465K(7808K)
[311.500s][info][gc             ] GC(774) Pause Full (System.gc()) 16M->15M(1023M) 30.851ms
[311.500s][info][gc,cpu         ] GC(774) User=0.02s Sys=0.00s Real=0.02s
[311.946s][info][gc,start       ] GC(775) Pause Young (Allocation Failure)
[311.946s][info][gc,heap        ] GC(775) PSYoungGen: 348160K(348672K)->512K(348672K) Eden: 348160K(348160K)->0K(348160K) From: 0K(512K)->512K(512K)
[311.946s][info][gc,heap        ] GC(775) ParOldGen: 16036K(699392K)->16052K(699392K)
[311.946s][info][gc,metaspace   ] GC(775) Metaspace: 53972K(54528K)->53972K(54528K) NonClass: 46506K(46720K)->46506K(46720K) Class: 7465K(7808K)->7465K(7808K)
[311.946s][info][gc             ] GC(775) Pause Young (Allocation Failure) 355M->16M(1023M) 0.706ms
[311.946s][info][gc,cpu         ] GC(775) User=0.00s Sys=0.00s Real=0.00s
[312.377s][info][gc,start       ] GC(776) Pause Young (Allocation Failure)
[312.377s][info][gc,heap        ] GC(776) PSYoungGen: 348672K(348672K)->224K(348672K) Eden: 348160K(348160K)->0K(348160K) From: 512K(512K)->224K(512K)
[312.377s][info][gc,heap        ] GC(776) ParOldGen: 16052K(699392K)->16420K(699392K)
[312.377s][info][gc,metaspace   ] GC(776) Metaspace: 53972K(54528K)->53972K(54528K) NonClass: 46506K(46720K)->46506K(46720K) Class: 7465K(7808K)->7465K(7808K)
[312.377s][info][gc             ] GC(776) Pause Young (Allocation Failure) 356M->16M(1023M) 0.837ms
[312.377s][info][gc,cpu         ] GC(776) User=0.00s Sys=0.00s Real=0.00s
[312.810s][info][gc,start       ] GC(777) Pause Young (Allocation Failure)
[312.810s][info][gc,heap        ] GC(777) PSYoungGen: 348384K(348672K)->224K(348672K) Eden: 348160K(348160K)->0K(348160K) From: 224K(512K)->224K(512K)
[312.810s][info][gc,heap        ] GC(777) ParOldGen: 16420K(699392K)->16452K(699392K)
[312.810s][info][gc,metaspace   ] GC(777) Metaspace: 53972K(54528K)->53972K(54528K) NonClass: 46506K(46720K)->46506K(46720K) Class: 7465K(7808K)->7465K(7808K)
[312.811s][info][gc             ] GC(777) Pause Young (Allocation Failure) 356M->16M(1023M) 0.613ms
[312.811s][info][gc,cpu         ] GC(777) User=0.00s Sys=0.00s Real=0.00s
[313.238s][info][gc,start       ] GC(778) Pause Young (Allocation Failure)
[313.238s][info][gc,heap        ] GC(778) PSYoungGen: 348384K(348672K)->224K(348672K) Eden: 348160K(348160K)->0K(348160K) From: 224K(512K)->224K(512K)
[313.238s][info][gc,heap        ] GC(778) ParOldGen: 16452K(699392K)->16460K(699392K)
[313.238s][info][gc,metaspace   ] GC(778) Metaspace: 53972K(54528K)->53972K(54528K) NonClass: 46506K(46720K)->46506K(46720K) Class: 7465K(7808K)->7465K(7808K)
[313.238s][info][gc             ] GC(778) Pause Young (Allocation Failure) 356M->16M(1023M) 0.492ms
[313.238s][info][gc,cpu         ] GC(778) User=0.00s Sys=0.00s Real=0.00s
[313.657s][info][gc,start       ] GC(779) Pause Young (Allocation Failure)
[313.657s][info][gc,heap        ] GC(779) PSYoungGen: 348384K(348672K)->256K(348672K) Eden: 348160K(348160K)->0K(348160K) From: 224K(512K)->256K(512K)
[313.657s][info][gc,heap        ] GC(779) ParOldGen: 16460K(699392K)->16476K(699392K)
[313.657s][info][gc,metaspace   ] GC(779) Metaspace: 53972K(54528K)->53972K(54528K) NonClass: 46506K(46720K)->46506K(46720K) Class: 7465K(7808K)->7465K(7808K)
[313.657s][info][gc             ] GC(779) Pause Young (Allocation Failure) 356M->16M(1023M) 0.512ms
[313.657s][info][gc,cpu         ] GC(779) User=0.00s Sys=0.00s Real=0.00s
[314.091s][info][gc,start       ] GC(780) Pause Young (Allocation Failure)
[314.091s][info][gc,heap        ] GC(780) PSYoungGen: 348416K(348672K)->224K(348672K) Eden: 348160K(348160K)->0K(348160K) From: 256K(512K)->224K(512K)
[314.091s][info][gc,heap        ] GC(780) ParOldGen: 16476K(699392K)->16508K(699392K)
[314.091s][info][gc,metaspace   ] GC(780) Metaspace: 53972K(54528K)->53972K(54528K) NonClass: 46506K(46720K)->46506K(46720K) Class: 7465K(7808K)->7465K(7808K)
[314.091s][info][gc             ] GC(780) Pause Young (Allocation Failure) 356M->16M(1023M) 0.453ms
[314.091s][info][gc,cpu         ] GC(780) User=0.00s Sys=0.00s Real=0.00s
[314.515s][info][gc,start       ] GC(781) Pause Young (Allocation Failure)
[314.516s][info][gc,heap        ] GC(781) PSYoungGen: 348384K(348672K)->256K(348672K) Eden: 348160K(348160K)->0K(348160K) From: 224K(512K)->256K(512K)
[314.516s][info][gc,heap        ] GC(781) ParOldGen: 16508K(699392K)->16508K(699392K)
[314.516s][info][gc,metaspace   ] GC(781) Metaspace: 53972K(54528K)->53972K(54528K) NonClass: 46506K(46720K)->46506K(46720K) Class: 7465K(7808K)->7465K(7808K)
[314.516s][info][gc             ] GC(781) Pause Young (Allocation Failure) 356M->16M(1023M) 0.496ms
[314.516s][info][gc,cpu         ] GC(781) User=0.00s Sys=0.00s Real=0.00s
[314.944s][info][gc,start       ] GC(782) Pause Young (System.gc())
[314.944s][info][gc,heap        ] GC(782) PSYoungGen: 324644K(348672K)->224K(348672K) Eden: 324388K(348160K)->0K(348160K) From: 256K(512K)->224K(512K)
[314.944s][info][gc,heap        ] GC(782) ParOldGen: 16508K(699392K)->16556K(699392K)
[314.944s][info][gc,metaspace   ] GC(782) Metaspace: 54035K(54592K)->54035K(54592K) NonClass: 46569K(46784K)->46569K(46784K) Class: 7465K(7808K)->7465K(7808K)
[314.944s][info][gc             ] GC(782) Pause Young (System.gc()) 333M->16M(1023M) 0.442ms
[314.944s][info][gc,cpu         ] GC(782) User=0.00s Sys=0.00s Real=0.00s
[314.944s][info][gc,start       ] GC(783) Pause Full (System.gc())
[314.944s][info][gc,phases,start] GC(783) Marking Phase
[314.964s][info][gc,phases      ] GC(783) Marking Phase 19.337ms
[314.964s][info][gc,phases,start] GC(783) Summary Phase
[314.964s][info][gc,phases      ] GC(783) Summary Phase 0.009ms
[314.964s][info][gc,phases,start] GC(783) Adjust Roots
[314.972s][info][gc,phases      ] GC(783) Adjust Roots 8.602ms
[314.972s][info][gc,phases,start] GC(783) Compaction Phase
[314.975s][info][gc,phases      ] GC(783) Compaction Phase 3.057ms
[314.975s][info][gc,phases,start] GC(783) Post Compact
[314.976s][info][gc,phases      ] GC(783) Post Compact 0.204ms
[314.976s][info][gc,heap        ] GC(783) PSYoungGen: 224K(348672K)->0K(348672K) Eden: 0K(348160K)->0K(348160K) From: 224K(512K)->0K(512K)
[314.976s][info][gc,heap        ] GC(783) ParOldGen: 16556K(699392K)->16040K(699392K)
[314.976s][info][gc,metaspace   ] GC(783) Metaspace: 54035K(54592K)->54035K(54592K) NonClass: 46569K(46784K)->46569K(46784K) Class: 7465K(7808K)->7465K(7808K)
[314.976s][info][gc             ] GC(783) Pause Full (System.gc()) 16M->15M(1023M) 31.461ms
[314.976s][info][gc,cpu         ] GC(783) User=0.02s Sys=0.00s Real=0.03s
[315.419s][info][gc,start       ] GC(784) Pause Young (Allocation Failure)
[315.420s][info][gc,heap        ] GC(784) PSYoungGen: 348160K(348672K)->512K(348672K) Eden: 348160K(348160K)->0K(348160K) From: 0K(512K)->512K(512K)
[315.420s][info][gc,heap        ] GC(784) ParOldGen: 16040K(699392K)->16072K(699392K)
[315.420s][info][gc,metaspace   ] GC(784) Metaspace: 54060K(54656K)->54060K(54656K) NonClass: 46595K(46848K)->46595K(46848K) Class: 7465K(7808K)->7465K(7808K)
[315.420s][info][gc             ] GC(784) Pause Young (Allocation Failure) 355M->16M(1023M) 0.715ms
[315.420s][info][gc,cpu         ] GC(784) User=0.00s Sys=0.00s Real=0.00s
[315.862s][info][gc,start       ] GC(785) Pause Young (Allocation Failure)
[315.862s][info][gc,heap        ] GC(785) PSYoungGen: 348672K(348672K)->224K(348672K) Eden: 348160K(348160K)->0K(348160K) From: 512K(512K)->224K(512K)
[315.862s][info][gc,heap        ] GC(785) ParOldGen: 16072K(699392K)->16448K(699392K)
[315.862s][info][gc,metaspace   ] GC(785) Metaspace: 54060K(54656K)->54060K(54656K) NonClass: 46595K(46848K)->46595K(46848K) Class: 7465K(7808K)->7465K(7808K)
[315.862s][info][gc             ] GC(785) Pause Young (Allocation Failure) 356M->16M(1023M) 0.729ms
[315.862s][info][gc,cpu         ] GC(785) User=0.00s Sys=0.00s Real=0.00s
[316.293s][info][gc,start       ] GC(786) Pause Young (Allocation Failure)
[316.293s][info][gc,heap        ] GC(786) PSYoungGen: 348384K(348672K)->224K(348672K) Eden: 348160K(348160K)->0K(348160K) From: 224K(512K)->224K(512K)
[316.293s][info][gc,heap        ] GC(786) ParOldGen: 16448K(699392K)->16456K(699392K)
[316.293s][info][gc,metaspace   ] GC(786) Metaspace: 54060K(54656K)->54060K(54656K) NonClass: 46595K(46848K)->46595K(46848K) Class: 7465K(7808K)->7465K(7808K)
[316.293s][info][gc             ] GC(786) Pause Young (Allocation Failure) 356M->16M(1023M) 0.510ms
[316.293s][info][gc,cpu         ] GC(786) User=0.00s Sys=0.00s Real=0.00s
[316.713s][info][gc,start       ] GC(787) Pause Young (Allocation Failure)
[316.713s][info][gc,heap        ] GC(787) PSYoungGen: 348384K(348672K)->224K(348672K) Eden: 348160K(348160K)->0K(348160K) From: 224K(512K)->224K(512K)
[316.713s][info][gc,heap        ] GC(787) ParOldGen: 16456K(699392K)->16504K(699392K)
[316.713s][info][gc,metaspace   ] GC(787) Metaspace: 54060K(54656K)->54060K(54656K) NonClass: 46595K(46848K)->46595K(46848K) Class: 7465K(7808K)->7465K(7808K)
[316.713s][info][gc             ] GC(787) Pause Young (Allocation Failure) 356M->16M(1023M) 0.453ms
[316.713s][info][gc,cpu         ] GC(787) User=0.00s Sys=0.00s Real=0.00s
[317.156s][info][gc,start       ] GC(788) Pause Young (Allocation Failure)
[317.157s][info][gc,heap        ] GC(788) PSYoungGen: 348384K(348672K)->224K(348672K) Eden: 348160K(348160K)->0K(348160K) From: 224K(512K)->224K(512K)
[317.157s][info][gc,heap        ] GC(788) ParOldGen: 16504K(699392K)->16520K(699392K)
[317.157s][info][gc,metaspace   ] GC(788) Metaspace: 54060K(54656K)->54060K(54656K) NonClass: 46595K(46848K)->46595K(46848K) Class: 7465K(7808K)->7465K(7808K)
[317.157s][info][gc             ] GC(788) Pause Young (Allocation Failure) 356M->16M(1023M) 0.506ms
[317.157s][info][gc,cpu         ] GC(788) User=0.00s Sys=0.00s Real=0.00s
[317.645s][info][gc,start       ] GC(789) Pause Young (Allocation Failure)
[317.645s][info][gc,heap        ] GC(789) PSYoungGen: 348384K(348672K)->256K(348672K) Eden: 348160K(348160K)->0K(348160K) From: 224K(512K)->256K(512K)
[317.645s][info][gc,heap        ] GC(789) ParOldGen: 16520K(699392K)->16536K(699392K)
[317.645s][info][gc,metaspace   ] GC(789) Metaspace: 54060K(54656K)->54060K(54656K) NonClass: 46595K(46848K)->46595K(46848K) Class: 7465K(7808K)->7465K(7808K)
[317.645s][info][gc             ] GC(789) Pause Young (Allocation Failure) 356M->16M(1023M) 0.567ms
[317.645s][info][gc,cpu         ] GC(789) User=0.00s Sys=0.00s Real=0.00s
[318.081s][info][gc,start       ] GC(790) Pause Young (Allocation Failure)
[318.081s][info][gc,heap        ] GC(790) PSYoungGen: 348416K(348672K)->224K(348672K) Eden: 348160K(348160K)->0K(348160K) From: 256K(512K)->224K(512K)
[318.081s][info][gc,heap        ] GC(790) ParOldGen: 16536K(699392K)->16584K(699392K)
[318.081s][info][gc,metaspace   ] GC(790) Metaspace: 54060K(54656K)->54060K(54656K) NonClass: 46595K(46848K)->46595K(46848K) Class: 7465K(7808K)->7465K(7808K)
[318.081s][info][gc             ] GC(790) Pause Young (Allocation Failure) 356M->16M(1023M) 0.476ms
[318.081s][info][gc,cpu         ] GC(790) User=0.00s Sys=0.00s Real=0.00s
[318.507s][info][gc,start       ] GC(791) Pause Young (System.gc())
[318.508s][info][gc,heap        ] GC(791) PSYoungGen: 324058K(348672K)->352K(348672K) Eden: 323834K(348160K)->0K(348160K) From: 224K(512K)->352K(512K)
[318.508s][info][gc,heap        ] GC(791) ParOldGen: 16584K(699392K)->16600K(699392K)
[318.508s][info][gc,metaspace   ] GC(791) Metaspace: 54063K(54656K)->54063K(54656K) NonClass: 46597K(46848K)->46597K(46848K) Class: 7465K(7808K)->7465K(7808K)
[318.508s][info][gc             ] GC(791) Pause Young (System.gc()) 332M->16M(1023M) 0.597ms
[318.508s][info][gc,cpu         ] GC(791) User=0.00s Sys=0.00s Real=0.00s
[318.508s][info][gc,start       ] GC(792) Pause Full (System.gc())
[318.508s][info][gc,phases,start] GC(792) Marking Phase
[318.528s][info][gc,phases      ] GC(792) Marking Phase 19.811ms
[318.528s][info][gc,phases,start] GC(792) Summary Phase
[318.528s][info][gc,phases      ] GC(792) Summary Phase 0.009ms
[318.528s][info][gc,phases,start] GC(792) Adjust Roots
[318.536s][info][gc,phases      ] GC(792) Adjust Roots 8.338ms
[318.536s][info][gc,phases,start] GC(792) Compaction Phase
[318.540s][info][gc,phases      ] GC(792) Compaction Phase 3.158ms
[318.540s][info][gc,phases,start] GC(792) Post Compact
[318.540s][info][gc,phases      ] GC(792) Post Compact 0.181ms
[318.540s][info][gc,heap        ] GC(792) PSYoungGen: 352K(348672K)->0K(348672K) Eden: 0K(348160K)->0K(348160K) From: 352K(512K)->0K(512K)
[318.540s][info][gc,heap        ] GC(792) ParOldGen: 16600K(699392K)->16099K(699392K)
[318.540s][info][gc,metaspace   ] GC(792) Metaspace: 54063K(54656K)->54063K(54656K) NonClass: 46597K(46848K)->46597K(46848K) Class: 7465K(7808K)->7465K(7808K)
[318.540s][info][gc             ] GC(792) Pause Full (System.gc()) 16M->15M(1023M) 31.751ms
[318.540s][info][gc,cpu         ] GC(792) User=0.03s Sys=0.00s Real=0.03s
[318.983s][info][gc,start       ] GC(793) Pause Young (Allocation Failure)
[318.984s][info][gc,heap        ] GC(793) PSYoungGen: 348160K(348672K)->512K(348672K) Eden: 348160K(348160K)->0K(348160K) From: 0K(512K)->512K(512K)
[318.984s][info][gc,heap        ] GC(793) ParOldGen: 16099K(699392K)->16115K(699392K)
[318.984s][info][gc,metaspace   ] GC(793) Metaspace: 54084K(54656K)->54084K(54656K) NonClass: 46618K(46848K)->46618K(46848K) Class: 7465K(7808K)->7465K(7808K)
[318.984s][info][gc             ] GC(793) Pause Young (Allocation Failure) 355M->16M(1023M) 0.685ms
[318.984s][info][gc,cpu         ] GC(793) User=0.00s Sys=0.00s Real=0.00s
[319.405s][info][gc,start       ] GC(794) Pause Young (Allocation Failure)
[319.406s][info][gc,heap        ] GC(794) PSYoungGen: 348672K(348672K)->192K(347648K) Eden: 348160K(348160K)->0K(347136K) From: 512K(512K)->192K(512K)
[319.406s][info][gc,heap        ] GC(794) ParOldGen: 16115K(699392K)->16443K(699392K)
[319.406s][info][gc,metaspace   ] GC(794) Metaspace: 54084K(54656K)->54084K(54656K) NonClass: 46618K(46848K)->46618K(46848K) Class: 7465K(7808K)->7465K(7808K)
[319.406s][info][gc             ] GC(794) Pause Young (Allocation Failure) 356M->16M(1022M) 0.616ms
[319.406s][info][gc,cpu         ] GC(794) User=0.00s Sys=0.00s Real=0.00s
[319.829s][info][gc,start       ] GC(795) Pause Young (Allocation Failure)
[319.829s][info][gc,heap        ] GC(795) PSYoungGen: 347328K(347648K)->288K(348160K) Eden: 347136K(347136K)->0K(347136K) From: 192K(512K)->288K(1024K)
[319.830s][info][gc,heap        ] GC(795) ParOldGen: 16443K(699392K)->16475K(699392K)
[319.830s][info][gc,metaspace   ] GC(795) Metaspace: 54084K(54656K)->54084K(54656K) NonClass: 46618K(46848K)->46618K(46848K) Class: 7465K(7808K)->7465K(7808K)
[319.830s][info][gc             ] GC(795) Pause Young (Allocation Failure) 355M->16M(1023M) 0.519ms
[319.830s][info][gc,cpu         ] GC(795) User=0.00s Sys=0.00s Real=0.00s
[320.245s][info][gc,start       ] GC(796) Pause Young (Allocation Failure)
[320.245s][info][gc,heap        ] GC(796) PSYoungGen: 347424K(348160K)->288K(348672K) Eden: 347136K(347136K)->0K(348160K) From: 288K(1024K)->288K(512K)
[320.245s][info][gc,heap        ] GC(796) ParOldGen: 16475K(699392K)->16483K(699392K)
[320.245s][info][gc,metaspace   ] GC(796) Metaspace: 54084K(54656K)->54084K(54656K) NonClass: 46618K(46848K)->46618K(46848K) Class: 7465K(7808K)->7465K(7808K)
[320.245s][info][gc             ] GC(796) Pause Young (Allocation Failure) 355M->16M(1023M) 0.487ms
[320.245s][info][gc,cpu         ] GC(796) User=0.00s Sys=0.00s Real=0.00s
[320.661s][info][gc,start       ] GC(797) Pause Young (Allocation Failure)
[320.661s][info][gc,heap        ] GC(797) PSYoungGen: 348448K(348672K)->288K(348672K) Eden: 348160K(348160K)->0K(348160K) From: 288K(512K)->288K(512K)
[320.661s][info][gc,heap        ] GC(797) ParOldGen: 16483K(699392K)->16507K(699392K)
[320.662s][info][gc,metaspace   ] GC(797) Metaspace: 54084K(54656K)->54084K(54656K) NonClass: 46618K(46848K)->46618K(46848K) Class: 7465K(7808K)->7465K(7808K)
[320.662s][info][gc             ] GC(797) Pause Young (Allocation Failure) 356M->16M(1023M) 0.512ms
[320.662s][info][gc,cpu         ] GC(797) User=0.00s Sys=0.00s Real=0.00s
[321.085s][info][gc,start       ] GC(798) Pause Young (Allocation Failure)
[321.086s][info][gc,heap        ] GC(798) PSYoungGen: 348448K(348672K)->256K(348672K) Eden: 348160K(348160K)->0K(348160K) From: 288K(512K)->256K(512K)
[321.086s][info][gc,heap        ] GC(798) ParOldGen: 16507K(699392K)->16539K(699392K)
[321.086s][info][gc,metaspace   ] GC(798) Metaspace: 54084K(54656K)->54084K(54656K) NonClass: 46618K(46848K)->46618K(46848K) Class: 7465K(7808K)->7465K(7808K)
[321.086s][info][gc             ] GC(798) Pause Young (Allocation Failure) 356M->16M(1023M) 0.527ms
[321.086s][info][gc,cpu         ] GC(798) User=0.00s Sys=0.00s Real=0.00s
[321.504s][info][gc,start       ] GC(799) Pause Young (Allocation Failure)
[321.505s][info][gc,heap        ] GC(799) PSYoungGen: 348416K(348672K)->288K(348672K) Eden: 348160K(348160K)->0K(348160K) From: 256K(512K)->288K(512K)
[321.505s][info][gc,heap        ] GC(799) ParOldGen: 16539K(699392K)->16555K(699392K)
[321.505s][info][gc,metaspace   ] GC(799) Metaspace: 54084K(54656K)->54084K(54656K) NonClass: 46618K(46848K)->46618K(46848K) Class: 7465K(7808K)->7465K(7808K)
[321.505s][info][gc             ] GC(799) Pause Young (Allocation Failure) 356M->16M(1023M) 0.518ms
[321.505s][info][gc,cpu         ] GC(799) User=0.00s Sys=0.00s Real=0.00s
[321.941s][info][gc,start       ] GC(800) Pause Young (System.gc())
[321.941s][info][gc,heap        ] GC(800) PSYoungGen: 324476K(348672K)->288K(348672K) Eden: 324188K(348160K)->0K(348160K) From: 288K(512K)->288K(512K)
[321.941s][info][gc,heap        ] GC(800) ParOldGen: 16555K(699392K)->16587K(699392K)
[321.941s][info][gc,metaspace   ] GC(800) Metaspace: 54084K(54656K)->54084K(54656K) NonClass: 46618K(46848K)->46618K(46848K) Class: 7465K(7808K)->7465K(7808K)
[321.941s][info][gc             ] GC(800) Pause Young (System.gc()) 333M->16M(1023M) 0.482ms
[321.941s][info][gc,cpu         ] GC(800) User=0.00s Sys=0.00s Real=0.00s
[321.941s][info][gc,start       ] GC(801) Pause Full (System.gc())
[321.941s][info][gc,phases,start] GC(801) Marking Phase
[321.960s][info][gc,phases      ] GC(801) Marking Phase 18.674ms
[321.960s][info][gc,phases,start] GC(801) Summary Phase
[321.960s][info][gc,phases      ] GC(801) Summary Phase 0.009ms
[321.960s][info][gc,phases,start] GC(801) Adjust Roots
[321.968s][info][gc,phases      ] GC(801) Adjust Roots 8.366ms
[321.968s][info][gc,phases,start] GC(801) Compaction Phase
[321.971s][info][gc,phases      ] GC(801) Compaction Phase 2.982ms
[321.971s][info][gc,phases,start] GC(801) Post Compact
[321.972s][info][gc,phases      ] GC(801) Post Compact 0.180ms
[321.972s][info][gc,heap        ] GC(801) PSYoungGen: 288K(348672K)->0K(348672K) Eden: 0K(348160K)->0K(348160K) From: 288K(512K)->0K(512K)
[321.972s][info][gc,heap        ] GC(801) ParOldGen: 16587K(699392K)->16030K(699392K)
[321.972s][info][gc,metaspace   ] GC(801) Metaspace: 54084K(54656K)->54084K(54656K) NonClass: 46618K(46848K)->46618K(46848K) Class: 7465K(7808K)->7465K(7808K)
[321.972s][info][gc             ] GC(801) Pause Full (System.gc()) 16M->15M(1023M) 30.442ms
[321.972s][info][gc,cpu         ] GC(801) User=0.02s Sys=0.00s Real=0.02s
[322.416s][info][gc,start       ] GC(802) Pause Young (Allocation Failure)
[322.417s][info][gc,heap        ] GC(802) PSYoungGen: 348160K(348672K)->512K(348672K) Eden: 348160K(348160K)->0K(348160K) From: 0K(512K)->512K(512K)
[322.417s][info][gc,heap        ] GC(802) ParOldGen: 16030K(699392K)->16078K(699392K)
[322.417s][info][gc,metaspace   ] GC(802) Metaspace: 54115K(54656K)->54115K(54656K) NonClass: 46649K(46848K)->46649K(46848K) Class: 7465K(7808K)->7465K(7808K)
[322.417s][info][gc             ] GC(802) Pause Young (Allocation Failure) 355M->16M(1023M) 0.722ms
[322.417s][info][gc,cpu         ] GC(802) User=0.00s Sys=0.00s Real=0.00s
[322.850s][info][gc,start       ] GC(803) Pause Young (Allocation Failure)
[322.851s][info][gc,heap        ] GC(803) PSYoungGen: 348672K(348672K)->224K(348672K) Eden: 348160K(348160K)->0K(348160K) From: 512K(512K)->224K(512K)
[322.851s][info][gc,heap        ] GC(803) ParOldGen: 16078K(699392K)->16438K(699392K)
[322.851s][info][gc,metaspace   ] GC(803) Metaspace: 54115K(54656K)->54115K(54656K) NonClass: 46649K(46848K)->46649K(46848K) Class: 7465K(7808K)->7465K(7808K)
[322.851s][info][gc             ] GC(803) Pause Young (Allocation Failure) 356M->16M(1023M) 0.786ms
[322.851s][info][gc,cpu         ] GC(803) User=0.00s Sys=0.00s Real=0.00s
[323.277s][info][gc,start       ] GC(804) Pause Young (Allocation Failure)
[323.277s][info][gc,heap        ] GC(804) PSYoungGen: 348384K(348672K)->288K(348672K) Eden: 348160K(348160K)->0K(348160K) From: 224K(512K)->288K(512K)
[323.277s][info][gc,heap        ] GC(804) ParOldGen: 16438K(699392K)->16438K(699392K)
[323.277s][info][gc,metaspace   ] GC(804) Metaspace: 54115K(54656K)->54115K(54656K) NonClass: 46649K(46848K)->46649K(46848K) Class: 7465K(7808K)->7465K(7808K)
[323.277s][info][gc             ] GC(804) Pause Young (Allocation Failure) 356M->16M(1023M) 0.490ms
[323.277s][info][gc,cpu         ] GC(804) User=0.00s Sys=0.00s Real=0.00s
[323.702s][info][gc,start       ] GC(805) Pause Young (Allocation Failure)
[323.702s][info][gc,heap        ] GC(805) PSYoungGen: 348448K(348672K)->288K(348672K) Eden: 348160K(348160K)->0K(348160K) From: 288K(512K)->288K(512K)
[323.702s][info][gc,heap        ] GC(805) ParOldGen: 16438K(699392K)->16486K(699392K)
[323.702s][info][gc,metaspace   ] GC(805) Metaspace: 54115K(54656K)->54115K(54656K) NonClass: 46649K(46848K)->46649K(46848K) Class: 7465K(7808K)->7465K(7808K)
[323.702s][info][gc             ] GC(805) Pause Young (Allocation Failure) 356M->16M(1023M) 0.494ms
[323.702s][info][gc,cpu         ] GC(805) User=0.00s Sys=0.00s Real=0.00s
[324.138s][info][gc,start       ] GC(806) Pause Young (Allocation Failure)
[324.139s][info][gc,heap        ] GC(806) PSYoungGen: 348448K(348672K)->256K(348672K) Eden: 348160K(348160K)->0K(348160K) From: 288K(512K)->256K(512K)
[324.139s][info][gc,heap        ] GC(806) ParOldGen: 16486K(699392K)->16502K(699392K)
[324.139s][info][gc,metaspace   ] GC(806) Metaspace: 54115K(54656K)->54115K(54656K) NonClass: 46649K(46848K)->46649K(46848K) Class: 7465K(7808K)->7465K(7808K)
[324.139s][info][gc             ] GC(806) Pause Young (Allocation Failure) 356M->16M(1023M) 0.498ms
[324.139s][info][gc,cpu         ] GC(806) User=0.00s Sys=0.00s Real=0.00s
[324.565s][info][gc,start       ] GC(807) Pause Young (Allocation Failure)
[324.565s][info][gc,heap        ] GC(807) PSYoungGen: 348416K(348672K)->256K(348672K) Eden: 348160K(348160K)->0K(348160K) From: 256K(512K)->256K(512K)
[324.565s][info][gc,heap        ] GC(807) ParOldGen: 16502K(699392K)->16502K(699392K)
[324.565s][info][gc,metaspace   ] GC(807) Metaspace: 54115K(54656K)->54115K(54656K) NonClass: 46649K(46848K)->46649K(46848K) Class: 7465K(7808K)->7465K(7808K)
[324.565s][info][gc             ] GC(807) Pause Young (Allocation Failure) 356M->16M(1023M) 0.516ms
[324.565s][info][gc,cpu         ] GC(807) User=0.00s Sys=0.00s Real=0.00s
[324.999s][info][gc,start       ] GC(808) Pause Young (Allocation Failure)
[325.000s][info][gc,heap        ] GC(808) PSYoungGen: 348416K(348672K)->288K(348672K) Eden: 348160K(348160K)->0K(348160K) From: 256K(512K)->288K(512K)
[325.000s][info][gc,heap        ] GC(808) ParOldGen: 16502K(699392K)->16550K(699392K)
[325.000s][info][gc,metaspace   ] GC(808) Metaspace: 54115K(54656K)->54115K(54656K) NonClass: 46649K(46848K)->46649K(46848K) Class: 7465K(7808K)->7465K(7808K)
[325.000s][info][gc             ] GC(808) Pause Young (Allocation Failure) 356M->16M(1023M) 0.600ms
[325.000s][info][gc,cpu         ] GC(808) User=0.00s Sys=0.00s Real=0.00s
[325.413s][info][gc,start       ] GC(809) Pause Young (System.gc())
[325.413s][info][gc,heap        ] GC(809) PSYoungGen: 322561K(348672K)->256K(348672K) Eden: 322273K(348160K)->0K(348160K) From: 288K(512K)->256K(512K)
[325.413s][info][gc,heap        ] GC(809) ParOldGen: 16550K(699392K)->16550K(699392K)
[325.413s][info][gc,metaspace   ] GC(809) Metaspace: 54115K(54656K)->54115K(54656K) NonClass: 46649K(46848K)->46649K(46848K) Class: 7465K(7808K)->7465K(7808K)
[325.414s][info][gc             ] GC(809) Pause Young (System.gc()) 331M->16M(1023M) 0.514ms
[325.414s][info][gc,cpu         ] GC(809) User=0.00s Sys=0.00s Real=0.00s
[325.414s][info][gc,start       ] GC(810) Pause Full (System.gc())
[325.414s][info][gc,phases,start] GC(810) Marking Phase
[325.433s][info][gc,phases      ] GC(810) Marking Phase 19.682ms
[325.433s][info][gc,phases,start] GC(810) Summary Phase
[325.433s][info][gc,phases      ] GC(810) Summary Phase 0.009ms
[325.433s][info][gc,phases,start] GC(810) Adjust Roots
[325.442s][info][gc,phases      ] GC(810) Adjust Roots 8.849ms
[325.442s][info][gc,phases,start] GC(810) Compaction Phase
[325.445s][info][gc,phases      ] GC(810) Compaction Phase 3.184ms
[325.445s][info][gc,phases,start] GC(810) Post Compact
[325.446s][info][gc,phases      ] GC(810) Post Compact 0.166ms
[325.446s][info][gc,heap        ] GC(810) PSYoungGen: 256K(348672K)->0K(348672K) Eden: 0K(348160K)->0K(348160K) From: 256K(512K)->0K(512K)
[325.446s][info][gc,heap        ] GC(810) ParOldGen: 16550K(699392K)->16027K(699392K)
[325.446s][info][gc,metaspace   ] GC(810) Metaspace: 54115K(54656K)->54115K(54656K) NonClass: 46649K(46848K)->46649K(46848K) Class: 7465K(7808K)->7465K(7808K)
[325.446s][info][gc             ] GC(810) Pause Full (System.gc()) 16M->15M(1023M) 32.114ms
[325.446s][info][gc,cpu         ] GC(810) User=0.03s Sys=0.00s Real=0.04s
[325.913s][info][gc,start       ] GC(811) Pause Young (Allocation Failure)
[325.914s][info][gc,heap        ] GC(811) PSYoungGen: 348160K(348672K)->512K(348672K) Eden: 348160K(348160K)->0K(348160K) From: 0K(512K)->512K(512K)
[325.914s][info][gc,heap        ] GC(811) ParOldGen: 16027K(699392K)->16067K(699392K)
[325.914s][info][gc,metaspace   ] GC(811) Metaspace: 54140K(54720K)->54140K(54720K) NonClass: 46674K(46912K)->46674K(46912K) Class: 7465K(7808K)->7465K(7808K)
[325.914s][info][gc             ] GC(811) Pause Young (Allocation Failure) 355M->16M(1023M) 0.724ms
[325.914s][info][gc,cpu         ] GC(811) User=0.00s Sys=0.00s Real=0.00s
[326.341s][info][gc,start       ] GC(812) Pause Young (Allocation Failure)
[326.342s][info][gc,heap        ] GC(812) PSYoungGen: 348672K(348672K)->224K(348672K) Eden: 348160K(348160K)->0K(348160K) From: 512K(512K)->224K(512K)
[326.342s][info][gc,heap        ] GC(812) ParOldGen: 16067K(699392K)->16443K(699392K)
[326.342s][info][gc,metaspace   ] GC(812) Metaspace: 54140K(54720K)->54140K(54720K) NonClass: 46674K(46912K)->46674K(46912K) Class: 7465K(7808K)->7465K(7808K)
[326.342s][info][gc             ] GC(812) Pause Young (Allocation Failure) 356M->16M(1023M) 0.865ms
[326.342s][info][gc,cpu         ] GC(812) User=0.00s Sys=0.00s Real=0.00s
[326.763s][info][gc,start       ] GC(813) Pause Young (Allocation Failure)
[326.764s][info][gc,heap        ] GC(813) PSYoungGen: 348384K(348672K)->256K(348672K) Eden: 348160K(348160K)->0K(348160K) From: 224K(512K)->256K(512K)
[326.764s][info][gc,heap        ] GC(813) ParOldGen: 16443K(699392K)->16491K(699392K)
[326.764s][info][gc,metaspace   ] GC(813) Metaspace: 54140K(54720K)->54140K(54720K) NonClass: 46674K(46912K)->46674K(46912K) Class: 7465K(7808K)->7465K(7808K)
[326.764s][info][gc             ] GC(813) Pause Young (Allocation Failure) 356M->16M(1023M) 0.532ms
[326.764s][info][gc,cpu         ] GC(813) User=0.00s Sys=0.00s Real=0.00s
[327.199s][info][gc,start       ] GC(814) Pause Young (Allocation Failure)
[327.199s][info][gc,heap        ] GC(814) PSYoungGen: 348416K(348672K)->224K(348672K) Eden: 348160K(348160K)->0K(348160K) From: 256K(512K)->224K(512K)
[327.199s][info][gc,heap        ] GC(814) ParOldGen: 16491K(699392K)->16499K(699392K)
[327.199s][info][gc,metaspace   ] GC(814) Metaspace: 54140K(54720K)->54140K(54720K) NonClass: 46674K(46912K)->46674K(46912K) Class: 7465K(7808K)->7465K(7808K)
[327.199s][info][gc             ] GC(814) Pause Young (Allocation Failure) 356M->16M(1023M) 0.549ms
[327.199s][info][gc,cpu         ] GC(814) User=0.00s Sys=0.00s Real=0.00s
[327.629s][info][gc,start       ] GC(815) Pause Young (Allocation Failure)
[327.629s][info][gc,heap        ] GC(815) PSYoungGen: 348384K(348672K)->224K(348672K) Eden: 348160K(348160K)->0K(348160K) From: 224K(512K)->224K(512K)
[327.629s][info][gc,heap        ] GC(815) ParOldGen: 16499K(699392K)->16531K(699392K)
[327.629s][info][gc,metaspace   ] GC(815) Metaspace: 54140K(54720K)->54140K(54720K) NonClass: 46674K(46912K)->46674K(46912K) Class: 7465K(7808K)->7465K(7808K)
[327.629s][info][gc             ] GC(815) Pause Young (Allocation Failure) 356M->16M(1023M) 0.495ms
[327.629s][info][gc,cpu         ] GC(815) User=0.00s Sys=0.00s Real=0.00s
[328.067s][info][gc,start       ] GC(816) Pause Young (Allocation Failure)
[328.067s][info][gc,heap        ] GC(816) PSYoungGen: 348384K(348672K)->224K(348672K) Eden: 348160K(348160K)->0K(348160K) From: 224K(512K)->224K(512K)
[328.067s][info][gc,heap        ] GC(816) ParOldGen: 16531K(699392K)->16571K(699392K)
[328.067s][info][gc,metaspace   ] GC(816) Metaspace: 54140K(54720K)->54140K(54720K) NonClass: 46674K(46912K)->46674K(46912K) Class: 7465K(7808K)->7465K(7808K)
[328.067s][info][gc             ] GC(816) Pause Young (Allocation Failure) 356M->16M(1023M) 0.501ms
[328.067s][info][gc,cpu         ] GC(816) User=0.00s Sys=0.00s Real=0.00s
[328.494s][info][gc,start       ] GC(817) Pause Young (Allocation Failure)
[328.495s][info][gc,heap        ] GC(817) PSYoungGen: 348384K(348672K)->224K(348672K) Eden: 348160K(348160K)->0K(348160K) From: 224K(512K)->224K(512K)
[328.495s][info][gc,heap        ] GC(817) ParOldGen: 16571K(699392K)->16579K(699392K)
[328.495s][info][gc,metaspace   ] GC(817) Metaspace: 54140K(54720K)->54140K(54720K) NonClass: 46674K(46912K)->46674K(46912K) Class: 7465K(7808K)->7465K(7808K)
[328.495s][info][gc             ] GC(817) Pause Young (Allocation Failure) 356M->16M(1023M) 0.469ms
[328.495s][info][gc,cpu         ] GC(817) User=0.00s Sys=0.00s Real=0.00s
[328.934s][info][gc,start       ] GC(818) Pause Young (System.gc())
[328.935s][info][gc,heap        ] GC(818) PSYoungGen: 323543K(348672K)->288K(348672K) Eden: 323319K(348160K)->0K(348160K) From: 224K(512K)->288K(512K)
[328.935s][info][gc,heap        ] GC(818) ParOldGen: 16579K(699392K)->16619K(699392K)
[328.935s][info][gc,metaspace   ] GC(818) Metaspace: 54140K(54720K)->54140K(54720K) NonClass: 46674K(46912K)->46674K(46912K) Class: 7465K(7808K)->7465K(7808K)
[328.935s][info][gc             ] GC(818) Pause Young (System.gc()) 332M->16M(1023M) 0.537ms
[328.935s][info][gc,cpu         ] GC(818) User=0.00s Sys=0.00s Real=0.00s
[328.935s][info][gc,start       ] GC(819) Pause Full (System.gc())
[328.935s][info][gc,phases,start] GC(819) Marking Phase
[328.954s][info][gc,phases      ] GC(819) Marking Phase 19.265ms
[328.954s][info][gc,phases,start] GC(819) Summary Phase
[328.954s][info][gc,phases      ] GC(819) Summary Phase 0.009ms
[328.954s][info][gc,phases,start] GC(819) Adjust Roots
[328.962s][info][gc,phases      ] GC(819) Adjust Roots 8.362ms
[328.963s][info][gc,phases,start] GC(819) Compaction Phase
[328.965s][info][gc,phases      ] GC(819) Compaction Phase 2.917ms
[328.965s][info][gc,phases,start] GC(819) Post Compact
[328.966s][info][gc,phases      ] GC(819) Post Compact 0.175ms
[328.966s][info][gc,heap        ] GC(819) PSYoungGen: 288K(348672K)->0K(348672K) Eden: 0K(348160K)->0K(348160K) From: 288K(512K)->0K(512K)
[328.966s][info][gc,heap        ] GC(819) ParOldGen: 16619K(699392K)->16077K(699392K)
[328.966s][info][gc,metaspace   ] GC(819) Metaspace: 54140K(54720K)->54140K(54720K) NonClass: 46674K(46912K)->46674K(46912K) Class: 7465K(7808K)->7465K(7808K)
[328.966s][info][gc             ] GC(819) Pause Full (System.gc()) 16M->15M(1023M) 30.949ms
[328.966s][info][gc,cpu         ] GC(819) User=0.00s Sys=0.00s Real=0.02s
[329.399s][info][gc,start       ] GC(820) Pause Young (Allocation Failure)
[329.399s][info][gc,heap        ] GC(820) PSYoungGen: 348160K(348672K)->512K(348672K) Eden: 348160K(348160K)->0K(348160K) From: 0K(512K)->512K(512K)
[329.399s][info][gc,heap        ] GC(820) ParOldGen: 16077K(699392K)->16133K(699392K)
[329.399s][info][gc,metaspace   ] GC(820) Metaspace: 54181K(54720K)->54181K(54720K) NonClass: 46715K(46912K)->46715K(46912K) Class: 7465K(7808K)->7465K(7808K)
[329.399s][info][gc             ] GC(820) Pause Young (Allocation Failure) 355M->16M(1023M) 0.753ms
[329.399s][info][gc,cpu         ] GC(820) User=0.00s Sys=0.00s Real=0.00s
[329.826s][info][gc,start       ] GC(821) Pause Young (Allocation Failure)
[329.827s][info][gc,heap        ] GC(821) PSYoungGen: 348672K(348672K)->224K(347648K) Eden: 348160K(348160K)->0K(347136K) From: 512K(512K)->224K(512K)
[329.827s][info][gc,heap        ] GC(821) ParOldGen: 16133K(699392K)->16485K(699392K)
[329.827s][info][gc,metaspace   ] GC(821) Metaspace: 54181K(54720K)->54181K(54720K) NonClass: 46715K(46912K)->46715K(46912K) Class: 7465K(7808K)->7465K(7808K)
[329.827s][info][gc             ] GC(821) Pause Young (Allocation Failure) 356M->16M(1022M) 0.959ms
[329.827s][info][gc,cpu         ] GC(821) User=0.00s Sys=0.00s Real=0.00s
[330.239s][info][gc,start       ] GC(822) Pause Young (Allocation Failure)
[330.240s][info][gc,heap        ] GC(822) PSYoungGen: 347360K(347648K)->256K(348160K) Eden: 347136K(347136K)->0K(347136K) From: 224K(512K)->256K(1024K)
[330.240s][info][gc,heap        ] GC(822) ParOldGen: 16485K(699392K)->16525K(699392K)
[330.240s][info][gc,metaspace   ] GC(822) Metaspace: 54181K(54720K)->54181K(54720K) NonClass: 46715K(46912K)->46715K(46912K) Class: 7465K(7808K)->7465K(7808K)
[330.240s][info][gc             ] GC(822) Pause Young (Allocation Failure) 355M->16M(1023M) 0.704ms
[330.240s][info][gc,cpu         ] GC(822) User=0.00s Sys=0.00s Real=0.00s
[330.655s][info][gc,start       ] GC(823) Pause Young (Allocation Failure)
[330.655s][info][gc,heap        ] GC(823) PSYoungGen: 347392K(348160K)->288K(348672K) Eden: 347136K(347136K)->0K(347648K) From: 256K(1024K)->288K(1024K)
[330.655s][info][gc,heap        ] GC(823) ParOldGen: 16525K(699392K)->16525K(699392K)
[330.655s][info][gc,metaspace   ] GC(823) Metaspace: 54181K(54720K)->54181K(54720K) NonClass: 46715K(46912K)->46715K(46912K) Class: 7465K(7808K)->7465K(7808K)
[330.655s][info][gc             ] GC(823) Pause Young (Allocation Failure) 355M->16M(1023M) 0.505ms
[330.656s][info][gc,cpu         ] GC(823) User=0.00s Sys=0.00s Real=0.00s
[331.080s][info][gc,start       ] GC(824) Pause Young (Allocation Failure)
[331.080s][info][gc,heap        ] GC(824) PSYoungGen: 347936K(348672K)->256K(348160K) Eden: 347648K(347648K)->0K(347648K) From: 288K(1024K)->256K(512K)
[331.080s][info][gc,heap        ] GC(824) ParOldGen: 16525K(699392K)->16573K(699392K)
[331.080s][info][gc,metaspace   ] GC(824) Metaspace: 54181K(54720K)->54181K(54720K) NonClass: 46715K(46912K)->46715K(46912K) Class: 7465K(7808K)->7465K(7808K)
[331.080s][info][gc             ] GC(824) Pause Young (Allocation Failure) 355M->16M(1023M) 0.517ms
[331.080s][info][gc,cpu         ] GC(824) User=0.00s Sys=0.00s Real=0.00s
[331.497s][info][gc,start       ] GC(825) Pause Young (Allocation Failure)
[331.497s][info][gc,heap        ] GC(825) PSYoungGen: 347904K(348160K)->256K(348672K) Eden: 347648K(347648K)->0K(348160K) From: 256K(512K)->256K(512K)
[331.497s][info][gc,heap        ] GC(825) ParOldGen: 16573K(699392K)->16581K(699392K)
[331.498s][info][gc,metaspace   ] GC(825) Metaspace: 54181K(54720K)->54181K(54720K) NonClass: 46715K(46912K)->46715K(46912K) Class: 7465K(7808K)->7465K(7808K)
[331.498s][info][gc             ] GC(825) Pause Young (Allocation Failure) 355M->16M(1023M) 0.494ms
[331.498s][info][gc,cpu         ] GC(825) User=0.00s Sys=0.00s Real=0.00s
[331.923s][info][gc,start       ] GC(826) Pause Young (Allocation Failure)
[331.923s][info][gc,heap        ] GC(826) PSYoungGen: 348416K(348672K)->256K(348672K) Eden: 348160K(348160K)->0K(348160K) From: 256K(512K)->256K(512K)
[331.923s][info][gc,heap        ] GC(826) ParOldGen: 16581K(699392K)->16621K(699392K)
[331.923s][info][gc,metaspace   ] GC(826) Metaspace: 54181K(54720K)->54181K(54720K) NonClass: 46715K(46912K)->46715K(46912K) Class: 7465K(7808K)->7465K(7808K)
[331.923s][info][gc             ] GC(826) Pause Young (Allocation Failure) 356M->16M(1023M) 0.498ms
[331.923s][info][gc,cpu         ] GC(826) User=0.00s Sys=0.00s Real=0.00s
[332.339s][info][gc,start       ] GC(827) Pause Young (System.gc())
[332.340s][info][gc,heap        ] GC(827) PSYoungGen: 330057K(348672K)->320K(348672K) Eden: 329801K(348160K)->0K(348160K) From: 256K(512K)->320K(512K)
[332.340s][info][gc,heap        ] GC(827) ParOldGen: 16621K(699392K)->16629K(699392K)
[332.340s][info][gc,metaspace   ] GC(827) Metaspace: 54181K(54720K)->54181K(54720K) NonClass: 46715K(46912K)->46715K(46912K) Class: 7465K(7808K)->7465K(7808K)
[332.340s][info][gc             ] GC(827) Pause Young (System.gc()) 338M->16M(1023M) 0.529ms
[332.340s][info][gc,cpu         ] GC(827) User=0.00s Sys=0.00s Real=0.00s
[332.340s][info][gc,start       ] GC(828) Pause Full (System.gc())
[332.340s][info][gc,phases,start] GC(828) Marking Phase
[332.360s][info][gc,phases      ] GC(828) Marking Phase 19.658ms
[332.360s][info][gc,phases,start] GC(828) Summary Phase
[332.360s][info][gc,phases      ] GC(828) Summary Phase 0.009ms
[332.360s][info][gc,phases,start] GC(828) Adjust Roots
[332.368s][info][gc,phases      ] GC(828) Adjust Roots 8.683ms
[332.368s][info][gc,phases,start] GC(828) Compaction Phase
[332.372s][info][gc,phases      ] GC(828) Compaction Phase 3.067ms
[332.372s][info][gc,phases,start] GC(828) Post Compact
[332.372s][info][gc,phases      ] GC(828) Post Compact 0.198ms
[332.372s][info][gc,heap        ] GC(828) PSYoungGen: 320K(348672K)->0K(348672K) Eden: 0K(348160K)->0K(348160K) From: 320K(512K)->0K(512K)
[332.372s][info][gc,heap        ] GC(828) ParOldGen: 16629K(699392K)->16102K(699392K)
[332.372s][info][gc,metaspace   ] GC(828) Metaspace: 54181K(54720K)->54181K(54720K) NonClass: 46715K(46912K)->46715K(46912K) Class: 7465K(7808K)->7465K(7808K)
[332.372s][info][gc             ] GC(828) Pause Full (System.gc()) 16M->15M(1023M) 31.867ms
[332.372s][info][gc,cpu         ] GC(828) User=0.03s Sys=0.00s Real=0.03s
[332.822s][info][gc,start       ] GC(829) Pause Young (Allocation Failure)
[332.823s][info][gc,heap        ] GC(829) PSYoungGen: 348160K(348672K)->512K(348672K) Eden: 348160K(348160K)->0K(348160K) From: 0K(512K)->512K(512K)
[332.823s][info][gc,heap        ] GC(829) ParOldGen: 16102K(699392K)->16110K(699392K)
[332.823s][info][gc,metaspace   ] GC(829) Metaspace: 54203K(54784K)->54203K(54784K) NonClass: 46737K(46976K)->46737K(46976K) Class: 7465K(7808K)->7465K(7808K)
[332.823s][info][gc             ] GC(829) Pause Young (Allocation Failure) 355M->16M(1023M) 0.685ms
[332.823s][info][gc,cpu         ] GC(829) User=0.00s Sys=0.00s Real=0.00s
[333.245s][info][gc,start       ] GC(830) Pause Young (Allocation Failure)
[333.246s][info][gc,heap        ] GC(830) PSYoungGen: 348672K(348672K)->256K(348672K) Eden: 348160K(348160K)->0K(348160K) From: 512K(512K)->256K(512K)
[333.246s][info][gc,heap        ] GC(830) ParOldGen: 16110K(699392K)->16470K(699392K)
[333.246s][info][gc,metaspace   ] GC(830) Metaspace: 54203K(54784K)->54203K(54784K) NonClass: 46737K(46976K)->46737K(46976K) Class: 7465K(7808K)->7465K(7808K)
[333.246s][info][gc             ] GC(830) Pause Young (Allocation Failure) 356M->16M(1023M) 0.991ms
[333.246s][info][gc,cpu         ] GC(830) User=0.00s Sys=0.00s Real=0.00s
[333.672s][info][gc,start       ] GC(831) Pause Young (Allocation Failure)
[333.672s][info][gc,heap        ] GC(831) PSYoungGen: 348416K(348672K)->224K(348672K) Eden: 348160K(348160K)->0K(348160K) From: 256K(512K)->224K(512K)
[333.672s][info][gc,heap        ] GC(831) ParOldGen: 16470K(699392K)->16478K(699392K)
[333.672s][info][gc,metaspace   ] GC(831) Metaspace: 54203K(54784K)->54203K(54784K) NonClass: 46737K(46976K)->46737K(46976K) Class: 7465K(7808K)->7465K(7808K)
[333.672s][info][gc             ] GC(831) Pause Young (Allocation Failure) 356M->16M(1023M) 0.469ms
[333.672s][info][gc,cpu         ] GC(831) User=0.00s Sys=0.00s Real=0.00s
[334.107s][info][gc,start       ] GC(832) Pause Young (Allocation Failure)
[334.107s][info][gc,heap        ] GC(832) PSYoungGen: 348384K(348672K)->256K(348672K) Eden: 348160K(348160K)->0K(348160K) From: 224K(512K)->256K(512K)
[334.107s][info][gc,heap        ] GC(832) ParOldGen: 16478K(699392K)->16526K(699392K)
[334.107s][info][gc,metaspace   ] GC(832) Metaspace: 54203K(54784K)->54203K(54784K) NonClass: 46737K(46976K)->46737K(46976K) Class: 7465K(7808K)->7465K(7808K)
[334.107s][info][gc             ] GC(832) Pause Young (Allocation Failure) 356M->16M(1023M) 0.496ms
[334.107s][info][gc,cpu         ] GC(832) User=0.00s Sys=0.00s Real=0.00s
[334.530s][info][gc,start       ] GC(833) Pause Young (Allocation Failure)
[334.530s][info][gc,heap        ] GC(833) PSYoungGen: 348416K(348672K)->256K(348672K) Eden: 348160K(348160K)->0K(348160K) From: 256K(512K)->256K(512K)
[334.530s][info][gc,heap        ] GC(833) ParOldGen: 16526K(699392K)->16558K(699392K)
[334.530s][info][gc,metaspace   ] GC(833) Metaspace: 54203K(54784K)->54203K(54784K) NonClass: 46737K(46976K)->46737K(46976K) Class: 7465K(7808K)->7465K(7808K)
[334.530s][info][gc             ] GC(833) Pause Young (Allocation Failure) 356M->16M(1023M) 0.480ms
[334.530s][info][gc,cpu         ] GC(833) User=0.00s Sys=0.00s Real=0.00s
[334.969s][info][gc,start       ] GC(834) Pause Young (Allocation Failure)
[334.969s][info][gc,heap        ] GC(834) PSYoungGen: 348416K(348672K)->256K(348672K) Eden: 348160K(348160K)->0K(348160K) From: 256K(512K)->256K(512K)
[334.969s][info][gc,heap        ] GC(834) ParOldGen: 16558K(699392K)->16606K(699392K)
[334.969s][info][gc,metaspace   ] GC(834) Metaspace: 54203K(54784K)->54203K(54784K) NonClass: 46737K(46976K)->46737K(46976K) Class: 7465K(7808K)->7465K(7808K)
[334.969s][info][gc             ] GC(834) Pause Young (Allocation Failure) 356M->16M(1023M) 0.510ms
[334.969s][info][gc,cpu         ] GC(834) User=0.00s Sys=0.00s Real=0.00s
[335.395s][info][gc,start       ] GC(835) Pause Young (Allocation Failure)
[335.395s][info][gc,heap        ] GC(835) PSYoungGen: 348416K(348672K)->256K(348672K) Eden: 348160K(348160K)->0K(348160K) From: 256K(512K)->256K(512K)
[335.395s][info][gc,heap        ] GC(835) ParOldGen: 16606K(699392K)->16606K(699392K)
[335.395s][info][gc,metaspace   ] GC(835) Metaspace: 54203K(54784K)->54203K(54784K) NonClass: 46737K(46976K)->46737K(46976K) Class: 7465K(7808K)->7465K(7808K)
[335.395s][info][gc             ] GC(835) Pause Young (Allocation Failure) 356M->16M(1023M) 0.473ms
[335.395s][info][gc,cpu         ] GC(835) User=0.00s Sys=0.00s Real=0.00s
[335.827s][info][gc,start       ] GC(836) Pause Young (System.gc())
[335.827s][info][gc,heap        ] GC(836) PSYoungGen: 325878K(348672K)->288K(348672K) Eden: 325622K(348160K)->0K(348160K) From: 256K(512K)->288K(512K)
[335.827s][info][gc,heap        ] GC(836) ParOldGen: 16606K(699392K)->16654K(699392K)
[335.827s][info][gc,metaspace   ] GC(836) Metaspace: 54203K(54784K)->54203K(54784K) NonClass: 46737K(46976K)->46737K(46976K) Class: 7465K(7808K)->7465K(7808K)
[335.827s][info][gc             ] GC(836) Pause Young (System.gc()) 334M->16M(1023M) 0.495ms
[335.827s][info][gc,cpu         ] GC(836) User=0.00s Sys=0.00s Real=0.00s
[335.827s][info][gc,start       ] GC(837) Pause Full (System.gc())
[335.827s][info][gc,phases,start] GC(837) Marking Phase
[335.847s][info][gc,phases      ] GC(837) Marking Phase 19.487ms
[335.847s][info][gc,phases,start] GC(837) Summary Phase
[335.847s][info][gc,phases      ] GC(837) Summary Phase 0.009ms
[335.847s][info][gc,phases,start] GC(837) Adjust Roots
[335.856s][info][gc,phases      ] GC(837) Adjust Roots 9.094ms
[335.856s][info][gc,phases,start] GC(837) Compaction Phase
[335.859s][info][gc,phases      ] GC(837) Compaction Phase 2.662ms
[335.859s][info][gc,phases,start] GC(837) Post Compact
[335.859s][info][gc,phases      ] GC(837) Post Compact 0.227ms
[335.859s][info][gc,heap        ] GC(837) PSYoungGen: 288K(348672K)->0K(348672K) Eden: 0K(348160K)->0K(348160K) From: 288K(512K)->0K(512K)
[335.859s][info][gc,heap        ] GC(837) ParOldGen: 16654K(699392K)->16065K(699392K)
[335.859s][info][gc,metaspace   ] GC(837) Metaspace: 54203K(54784K)->54203K(54784K) NonClass: 46737K(46976K)->46737K(46976K) Class: 7465K(7808K)->7465K(7808K)
[335.859s][info][gc             ] GC(837) Pause Full (System.gc()) 16M->15M(1023M) 31.714ms
[335.859s][info][gc,cpu         ] GC(837) User=0.02s Sys=0.00s Real=0.03s
[336.301s][info][gc,start       ] GC(838) Pause Young (Allocation Failure)
[336.301s][info][gc,heap        ] GC(838) PSYoungGen: 348160K(348672K)->512K(348672K) Eden: 348160K(348160K)->0K(348160K) From: 0K(512K)->512K(512K)
[336.301s][info][gc,heap        ] GC(838) ParOldGen: 16065K(699392K)->16105K(699392K)
[336.301s][info][gc,metaspace   ] GC(838) Metaspace: 54232K(54784K)->54232K(54784K) NonClass: 46766K(46976K)->46766K(46976K) Class: 7465K(7808K)->7465K(7808K)
[336.301s][info][gc             ] GC(838) Pause Young (Allocation Failure) 355M->16M(1023M) 0.693ms
[336.301s][info][gc,cpu         ] GC(838) User=0.00s Sys=0.00s Real=0.00s
[336.719s][info][gc,start       ] GC(839) Pause Young (Allocation Failure)
[336.719s][info][gc,heap        ] GC(839) PSYoungGen: 348672K(348672K)->192K(347648K) Eden: 348160K(348160K)->0K(347136K) From: 512K(512K)->192K(512K)
[336.719s][info][gc,heap        ] GC(839) ParOldGen: 16105K(699392K)->16489K(699392K)
[336.719s][info][gc,metaspace   ] GC(839) Metaspace: 54232K(54784K)->54232K(54784K) NonClass: 46766K(46976K)->46766K(46976K) Class: 7465K(7808K)->7465K(7808K)
[336.719s][info][gc             ] GC(839) Pause Young (Allocation Failure) 356M->16M(1022M) 0.691ms
[336.719s][info][gc,cpu         ] GC(839) User=0.00s Sys=0.00s Real=0.00s
[337.152s][info][gc,start       ] GC(840) Pause Young (Allocation Failure)
[337.152s][info][gc,heap        ] GC(840) PSYoungGen: 347328K(347648K)->224K(348160K) Eden: 347136K(347136K)->0K(347136K) From: 192K(512K)->224K(1024K)
[337.152s][info][gc,heap        ] GC(840) ParOldGen: 16489K(699392K)->16505K(699392K)
[337.152s][info][gc,metaspace   ] GC(840) Metaspace: 54232K(54784K)->54232K(54784K) NonClass: 46766K(46976K)->46766K(46976K) Class: 7465K(7808K)->7465K(7808K)
[337.152s][info][gc             ] GC(840) Pause Young (Allocation Failure) 355M->16M(1023M) 0.486ms
[337.152s][info][gc,cpu         ] GC(840) User=0.00s Sys=0.00s Real=0.00s
[337.582s][info][gc,start       ] GC(841) Pause Young (Allocation Failure)
[337.582s][info][gc,heap        ] GC(841) PSYoungGen: 347360K(348160K)->256K(348672K) Eden: 347136K(347136K)->0K(348160K) From: 224K(1024K)->256K(512K)
[337.582s][info][gc,heap        ] GC(841) ParOldGen: 16505K(699392K)->16529K(699392K)
[337.582s][info][gc,metaspace   ] GC(841) Metaspace: 54232K(54784K)->54232K(54784K) NonClass: 46766K(46976K)->46766K(46976K) Class: 7465K(7808K)->7465K(7808K)
[337.582s][info][gc             ] GC(841) Pause Young (Allocation Failure) 355M->16M(1023M) 0.497ms
[337.582s][info][gc,cpu         ] GC(841) User=0.00s Sys=0.00s Real=0.00s
[338.019s][info][gc,start       ] GC(842) Pause Young (Allocation Failure)
[338.019s][info][gc,heap        ] GC(842) PSYoungGen: 348416K(348672K)->224K(348672K) Eden: 348160K(348160K)->0K(348160K) From: 256K(512K)->224K(512K)
[338.019s][info][gc,heap        ] GC(842) ParOldGen: 16529K(699392K)->16569K(699392K)
[338.019s][info][gc,metaspace   ] GC(842) Metaspace: 54232K(54784K)->54232K(54784K) NonClass: 46766K(46976K)->46766K(46976K) Class: 7465K(7808K)->7465K(7808K)
[338.019s][info][gc             ] GC(842) Pause Young (Allocation Failure) 356M->16M(1023M) 0.510ms
[338.019s][info][gc,cpu         ] GC(842) User=0.00s Sys=0.00s Real=0.00s
[338.442s][info][gc,start       ] GC(843) Pause Young (Allocation Failure)
[338.443s][info][gc,heap        ] GC(843) PSYoungGen: 348384K(348672K)->224K(348672K) Eden: 348160K(348160K)->0K(348160K) From: 224K(512K)->224K(512K)
[338.443s][info][gc,heap        ] GC(843) ParOldGen: 16569K(699392K)->16577K(699392K)
[338.443s][info][gc,metaspace   ] GC(843) Metaspace: 54232K(54784K)->54232K(54784K) NonClass: 46766K(46976K)->46766K(46976K) Class: 7465K(7808K)->7465K(7808K)
[338.443s][info][gc             ] GC(843) Pause Young (Allocation Failure) 356M->16M(1023M) 0.456ms
[338.443s][info][gc,cpu         ] GC(843) User=0.00s Sys=0.00s Real=0.00s
[338.875s][info][gc,start       ] GC(844) Pause Young (Allocation Failure)
[338.876s][info][gc,heap        ] GC(844) PSYoungGen: 348384K(348672K)->224K(348672K) Eden: 348160K(348160K)->0K(348160K) From: 224K(512K)->224K(512K)
[338.876s][info][gc,heap        ] GC(844) ParOldGen: 16577K(699392K)->16617K(699392K)
[338.876s][info][gc,metaspace   ] GC(844) Metaspace: 54232K(54784K)->54232K(54784K) NonClass: 46766K(46976K)->46766K(46976K) Class: 7465K(7808K)->7465K(7808K)
[338.876s][info][gc             ] GC(844) Pause Young (Allocation Failure) 356M->16M(1023M) 0.584ms
[338.876s][info][gc,cpu         ] GC(844) User=0.00s Sys=0.00s Real=0.00s
[339.298s][info][gc,start       ] GC(845) Pause Young (System.gc())
[339.299s][info][gc,heap        ] GC(845) PSYoungGen: 325222K(348672K)->224K(348672K) Eden: 324998K(348160K)->0K(348160K) From: 224K(512K)->224K(512K)
[339.299s][info][gc,heap        ] GC(845) ParOldGen: 16617K(699392K)->16641K(699392K)
[339.299s][info][gc,metaspace   ] GC(845) Metaspace: 54232K(54784K)->54232K(54784K) NonClass: 46766K(46976K)->46766K(46976K) Class: 7465K(7808K)->7465K(7808K)
[339.299s][info][gc             ] GC(845) Pause Young (System.gc()) 333M->16M(1023M) 0.483ms
[339.299s][info][gc,cpu         ] GC(845) User=0.00s Sys=0.00s Real=0.00s
[339.299s][info][gc,start       ] GC(846) Pause Full (System.gc())
[339.299s][info][gc,phases,start] GC(846) Marking Phase
[339.319s][info][gc,phases      ] GC(846) Marking Phase 19.543ms
[339.319s][info][gc,phases,start] GC(846) Summary Phase
[339.319s][info][gc,phases      ] GC(846) Summary Phase 0.009ms
[339.319s][info][gc,phases,start] GC(846) Adjust Roots
[339.328s][info][gc,phases      ] GC(846) Adjust Roots 9.588ms
[339.328s][info][gc,phases,start] GC(846) Compaction Phase
[339.331s][info][gc,phases      ] GC(846) Compaction Phase 2.880ms
[339.331s][info][gc,phases,start] GC(846) Post Compact
[339.331s][info][gc,phases      ] GC(846) Post Compact 0.163ms
[339.331s][info][gc,heap        ] GC(846) PSYoungGen: 224K(348672K)->0K(348672K) Eden: 0K(348160K)->0K(348160K) From: 224K(512K)->0K(512K)
[339.331s][info][gc,heap        ] GC(846) ParOldGen: 16641K(699392K)->16030K(699392K)
[339.331s][info][gc,metaspace   ] GC(846) Metaspace: 54232K(54784K)->54232K(54784K) NonClass: 46766K(46976K)->46766K(46976K) Class: 7465K(7808K)->7465K(7808K)
[339.331s][info][gc             ] GC(846) Pause Full (System.gc()) 16M->15M(1023M) 32.413ms
[339.331s][info][gc,cpu         ] GC(846) User=0.03s Sys=0.00s Real=0.02s
[339.763s][info][gc,start       ] GC(847) Pause Young (Allocation Failure)
[339.764s][info][gc,heap        ] GC(847) PSYoungGen: 348160K(348672K)->512K(348672K) Eden: 348160K(348160K)->0K(348160K) From: 0K(512K)->512K(512K)
[339.764s][info][gc,heap        ] GC(847) ParOldGen: 16030K(699392K)->16070K(699392K)
[339.764s][info][gc,metaspace   ] GC(847) Metaspace: 54253K(54784K)->54253K(54784K) NonClass: 46787K(46976K)->46787K(46976K) Class: 7465K(7808K)->7465K(7808K)
[339.764s][info][gc             ] GC(847) Pause Young (Allocation Failure) 355M->16M(1023M) 0.702ms
[339.764s][info][gc,cpu         ] GC(847) User=0.00s Sys=0.00s Real=0.00s
[340.198s][info][gc,start       ] GC(848) Pause Young (Allocation Failure)
[340.199s][info][gc,heap        ] GC(848) PSYoungGen: 348672K(348672K)->224K(347648K) Eden: 348160K(348160K)->0K(347136K) From: 512K(512K)->224K(512K)
[340.199s][info][gc,heap        ] GC(848) ParOldGen: 16070K(699392K)->16430K(699392K)
[340.199s][info][gc,metaspace   ] GC(848) Metaspace: 54253K(54784K)->54253K(54784K) NonClass: 46787K(46976K)->46787K(46976K) Class: 7465K(7808K)->7465K(7808K)
[340.199s][info][gc             ] GC(848) Pause Young (Allocation Failure) 356M->16M(1022M) 0.695ms
[340.199s][info][gc,cpu         ] GC(848) User=0.00s Sys=0.00s Real=0.00s
[340.619s][info][gc,start       ] GC(849) Pause Young (Allocation Failure)
[340.620s][info][gc,heap        ] GC(849) PSYoungGen: 347360K(347648K)->192K(348160K) Eden: 347136K(347136K)->0K(347136K) From: 224K(512K)->192K(1024K)
[340.620s][info][gc,heap        ] GC(849) ParOldGen: 16430K(699392K)->16430K(699392K)
[340.620s][info][gc,metaspace   ] GC(849) Metaspace: 54253K(54784K)->54253K(54784K) NonClass: 46787K(46976K)->46787K(46976K) Class: 7465K(7808K)->7465K(7808K)
[340.620s][info][gc             ] GC(849) Pause Young (Allocation Failure) 355M->16M(1023M) 0.493ms
[340.620s][info][gc,cpu         ] GC(849) User=0.00s Sys=0.00s Real=0.00s
[341.064s][info][gc,start       ] GC(850) Pause Young (Allocation Failure)
[341.064s][info][gc,heap        ] GC(850) PSYoungGen: 347328K(348160K)->256K(348672K) Eden: 347136K(347136K)->0K(347648K) From: 192K(1024K)->256K(1024K)
[341.064s][info][gc,heap        ] GC(850) ParOldGen: 16430K(699392K)->16478K(699392K)
[341.064s][info][gc,metaspace   ] GC(850) Metaspace: 54253K(54784K)->54253K(54784K) NonClass: 46787K(46976K)->46787K(46976K) Class: 7465K(7808K)->7465K(7808K)
[341.064s][info][gc             ] GC(850) Pause Young (Allocation Failure) 355M->16M(1023M) 0.501ms
[341.064s][info][gc,cpu         ] GC(850) User=0.00s Sys=0.00s Real=0.00s
[341.485s][info][gc,start       ] GC(851) Pause Young (Allocation Failure)
[341.486s][info][gc,heap        ] GC(851) PSYoungGen: 347904K(348672K)->224K(348160K) Eden: 347648K(347648K)->0K(347648K) From: 256K(1024K)->224K(512K)
[341.486s][info][gc,heap        ] GC(851) ParOldGen: 16478K(699392K)->16494K(699392K)
[341.486s][info][gc,metaspace   ] GC(851) Metaspace: 54253K(54784K)->54253K(54784K) NonClass: 46787K(46976K)->46787K(46976K) Class: 7465K(7808K)->7465K(7808K)
[341.486s][info][gc             ] GC(851) Pause Young (Allocation Failure) 355M->16M(1023M) 0.465ms
[341.486s][info][gc,cpu         ] GC(851) User=0.00s Sys=0.00s Real=0.00s
[341.917s][info][gc,start       ] GC(852) Pause Young (Allocation Failure)
[341.918s][info][gc,heap        ] GC(852) PSYoungGen: 347872K(348160K)->256K(348672K) Eden: 347648K(347648K)->0K(348160K) From: 224K(512K)->256K(512K)
[341.918s][info][gc,heap        ] GC(852) ParOldGen: 16494K(699392K)->16534K(699392K)
[341.918s][info][gc,metaspace   ] GC(852) Metaspace: 54253K(54784K)->54253K(54784K) NonClass: 46787K(46976K)->46787K(46976K) Class: 7465K(7808K)->7465K(7808K)
[341.918s][info][gc             ] GC(852) Pause Young (Allocation Failure) 355M->16M(1023M) 0.529ms
[341.918s][info][gc,cpu         ] GC(852) User=0.00s Sys=0.00s Real=0.00s
[342.340s][info][gc,start       ] GC(853) Pause Young (Allocation Failure)
[342.341s][info][gc,heap        ] GC(853) PSYoungGen: 348416K(348672K)->224K(348672K) Eden: 348160K(348160K)->0K(348160K) From: 256K(512K)->224K(512K)
[342.341s][info][gc,heap        ] GC(853) ParOldGen: 16534K(699392K)->16542K(699392K)
[342.341s][info][gc,metaspace   ] GC(853) Metaspace: 54253K(54784K)->54253K(54784K) NonClass: 46787K(46976K)->46787K(46976K) Class: 7465K(7808K)->7465K(7808K)
[342.341s][info][gc             ] GC(853) Pause Young (Allocation Failure) 356M->16M(1023M) 0.520ms
[342.341s][info][gc,cpu         ] GC(853) User=0.00s Sys=0.00s Real=0.00s
[342.749s][info][gc,start       ] GC(854) Pause Young (System.gc())
[342.749s][info][gc,heap        ] GC(854) PSYoungGen: 326284K(348672K)->224K(348672K) Eden: 326060K(348160K)->0K(348160K) From: 224K(512K)->224K(512K)
[342.749s][info][gc,heap        ] GC(854) ParOldGen: 16542K(699392K)->16590K(699392K)
[342.749s][info][gc,metaspace   ] GC(854) Metaspace: 54253K(54784K)->54253K(54784K) NonClass: 46787K(46976K)->46787K(46976K) Class: 7465K(7808K)->7465K(7808K)
[342.749s][info][gc             ] GC(854) Pause Young (System.gc()) 334M->16M(1023M) 0.516ms
[342.749s][info][gc,cpu         ] GC(854) User=0.00s Sys=0.00s Real=0.00s
[342.750s][info][gc,start       ] GC(855) Pause Full (System.gc())
[342.750s][info][gc,phases,start] GC(855) Marking Phase
[342.769s][info][gc,phases      ] GC(855) Marking Phase 19.797ms
[342.769s][info][gc,phases,start] GC(855) Summary Phase
[342.769s][info][gc,phases      ] GC(855) Summary Phase 0.009ms
[342.769s][info][gc,phases,start] GC(855) Adjust Roots
[342.778s][info][gc,phases      ] GC(855) Adjust Roots 9.078ms
[342.779s][info][gc,phases,start] GC(855) Compaction Phase
[342.781s][info][gc,phases      ] GC(855) Compaction Phase 2.318ms
[342.781s][info][gc,phases,start] GC(855) Post Compact
[342.781s][info][gc,phases      ] GC(855) Post Compact 0.161ms
[342.781s][info][gc,heap        ] GC(855) PSYoungGen: 224K(348672K)->0K(348672K) Eden: 0K(348160K)->0K(348160K) From: 224K(512K)->0K(512K)
[342.781s][info][gc,heap        ] GC(855) ParOldGen: 16590K(699392K)->16028K(699392K)
[342.781s][info][gc,metaspace   ] GC(855) Metaspace: 54253K(54784K)->54253K(54784K) NonClass: 46787K(46976K)->46787K(46976K) Class: 7465K(7808K)->7465K(7808K)
[342.781s][info][gc             ] GC(855) Pause Full (System.gc()) 16M->15M(1023M) 31.584ms
[342.781s][info][gc,cpu         ] GC(855) User=0.02s Sys=0.00s Real=0.03s
[343.225s][info][gc,start       ] GC(856) Pause Young (Allocation Failure)
[343.226s][info][gc,heap        ] GC(856) PSYoungGen: 348160K(348672K)->512K(348672K) Eden: 348160K(348160K)->0K(348160K) From: 0K(512K)->512K(512K)
[343.226s][info][gc,heap        ] GC(856) ParOldGen: 16028K(699392K)->16060K(699392K)
[343.226s][info][gc,metaspace   ] GC(856) Metaspace: 54268K(54784K)->54268K(54784K) NonClass: 46802K(46976K)->46802K(46976K) Class: 7465K(7808K)->7465K(7808K)
[343.226s][info][gc             ] GC(856) Pause Young (Allocation Failure) 355M->16M(1023M) 0.750ms
[343.226s][info][gc,cpu         ] GC(856) User=0.00s Sys=0.00s Real=0.00s
[343.652s][info][gc,start       ] GC(857) Pause Young (Allocation Failure)
[343.653s][info][gc,heap        ] GC(857) PSYoungGen: 348672K(348672K)->192K(347648K) Eden: 348160K(348160K)->0K(347136K) From: 512K(512K)->192K(512K)
[343.653s][info][gc,heap        ] GC(857) ParOldGen: 16060K(699392K)->16436K(699392K)
[343.653s][info][gc,metaspace   ] GC(857) Metaspace: 54268K(54784K)->54268K(54784K) NonClass: 46802K(46976K)->46802K(46976K) Class: 7465K(7808K)->7465K(7808K)
[343.653s][info][gc             ] GC(857) Pause Young (Allocation Failure) 356M->16M(1022M) 0.705ms
[343.653s][info][gc,cpu         ] GC(857) User=0.00s Sys=0.00s Real=0.00s
[344.084s][info][gc,start       ] GC(858) Pause Young (Allocation Failure)
[344.085s][info][gc,heap        ] GC(858) PSYoungGen: 347328K(347648K)->256K(348160K) Eden: 347136K(347136K)->0K(347136K) From: 192K(512K)->256K(1024K)
[344.085s][info][gc,heap        ] GC(858) ParOldGen: 16436K(699392K)->16484K(699392K)
[344.085s][info][gc,metaspace   ] GC(858) Metaspace: 54268K(54784K)->54268K(54784K) NonClass: 46802K(46976K)->46802K(46976K) Class: 7465K(7808K)->7465K(7808K)
[344.085s][info][gc             ] GC(858) Pause Young (Allocation Failure) 355M->16M(1023M) 0.547ms
[344.085s][info][gc,cpu         ] GC(858) User=0.00s Sys=0.00s Real=0.00s
[344.507s][info][gc,start       ] GC(859) Pause Young (Allocation Failure)
[344.508s][info][gc,heap        ] GC(859) PSYoungGen: 347392K(348160K)->224K(348672K) Eden: 347136K(347136K)->0K(348160K) From: 256K(1024K)->224K(512K)
[344.508s][info][gc,heap        ] GC(859) ParOldGen: 16484K(699392K)->16484K(699392K)
[344.508s][info][gc,metaspace   ] GC(859) Metaspace: 54268K(54784K)->54268K(54784K) NonClass: 46802K(46976K)->46802K(46976K) Class: 7465K(7808K)->7465K(7808K)
[344.508s][info][gc             ] GC(859) Pause Young (Allocation Failure) 355M->16M(1023M) 0.527ms
[344.508s][info][gc,cpu         ] GC(859) User=0.00s Sys=0.00s Real=0.00s
[344.937s][info][gc,start       ] GC(860) Pause Young (Allocation Failure)
[344.937s][info][gc,heap        ] GC(860) PSYoungGen: 348384K(348672K)->256K(348672K) Eden: 348160K(348160K)->0K(348160K) From: 224K(512K)->256K(512K)
[344.937s][info][gc,heap        ] GC(860) ParOldGen: 16484K(699392K)->16524K(699392K)
[344.937s][info][gc,metaspace   ] GC(860) Metaspace: 54268K(54784K)->54268K(54784K) NonClass: 46802K(46976K)->46802K(46976K) Class: 7465K(7808K)->7465K(7808K)
[344.937s][info][gc             ] GC(860) Pause Young (Allocation Failure) 356M->16M(1023M) 0.522ms
[344.937s][info][gc,cpu         ] GC(860) User=0.00s Sys=0.00s Real=0.00s
[345.356s][info][gc,start       ] GC(861) Pause Young (Allocation Failure)
[345.357s][info][gc,heap        ] GC(861) PSYoungGen: 348416K(348672K)->288K(348672K) Eden: 348160K(348160K)->0K(348160K) From: 256K(512K)->288K(512K)
[345.357s][info][gc,heap        ] GC(861) ParOldGen: 16524K(699392K)->16532K(699392K)
[345.357s][info][gc,metaspace   ] GC(861) Metaspace: 54268K(54784K)->54268K(54784K) NonClass: 46802K(46976K)->46802K(46976K) Class: 7465K(7808K)->7465K(7808K)
[345.357s][info][gc             ] GC(861) Pause Young (Allocation Failure) 356M->16M(1023M) 0.515ms
[345.357s][info][gc,cpu         ] GC(861) User=0.00s Sys=0.00s Real=0.00s
[345.777s][info][gc,start       ] GC(862) Pause Young (Allocation Failure)
[345.777s][info][gc,heap        ] GC(862) PSYoungGen: 348448K(348672K)->256K(348672K) Eden: 348160K(348160K)->0K(348160K) From: 288K(512K)->256K(512K)
[345.777s][info][gc,heap        ] GC(862) ParOldGen: 16532K(699392K)->16580K(699392K)
[345.777s][info][gc,metaspace   ] GC(862) Metaspace: 54268K(54784K)->54268K(54784K) NonClass: 46802K(46976K)->46802K(46976K) Class: 7465K(7808K)->7465K(7808K)
[345.777s][info][gc             ] GC(862) Pause Young (Allocation Failure) 356M->16M(1023M) 0.485ms
[345.777s][info][gc,cpu         ] GC(862) User=0.00s Sys=0.00s Real=0.00s
[346.223s][info][gc,start       ] GC(863) Pause Young (System.gc())
[346.224s][info][gc,heap        ] GC(863) PSYoungGen: 325016K(348672K)->384K(348672K) Eden: 324760K(348160K)->0K(348160K) From: 256K(512K)->384K(512K)
[346.224s][info][gc,heap        ] GC(863) ParOldGen: 16580K(699392K)->16588K(699392K)
[346.224s][info][gc,metaspace   ] GC(863) Metaspace: 54269K(54784K)->54269K(54784K) NonClass: 46803K(46976K)->46803K(46976K) Class: 7465K(7808K)->7465K(7808K)
[346.224s][info][gc             ] GC(863) Pause Young (System.gc()) 333M->16M(1023M) 0.786ms
[346.224s][info][gc,cpu         ] GC(863) User=0.00s Sys=0.00s Real=0.00s
[346.224s][info][gc,start       ] GC(864) Pause Full (System.gc())
[346.224s][info][gc,phases,start] GC(864) Marking Phase
[346.246s][info][gc,phases      ] GC(864) Marking Phase 21.748ms
[346.246s][info][gc,phases,start] GC(864) Summary Phase
[346.246s][info][gc,phases      ] GC(864) Summary Phase 0.009ms
[346.246s][info][gc,phases,start] GC(864) Adjust Roots
[346.255s][info][gc,phases      ] GC(864) Adjust Roots 8.886ms
[346.255s][info][gc,phases,start] GC(864) Compaction Phase
[346.257s][info][gc,phases      ] GC(864) Compaction Phase 2.820ms
[346.257s][info][gc,phases,start] GC(864) Post Compact
[346.258s][info][gc,phases      ] GC(864) Post Compact 0.228ms
[346.258s][info][gc,heap        ] GC(864) PSYoungGen: 384K(348672K)->0K(348672K) Eden: 0K(348160K)->0K(348160K) From: 384K(512K)->0K(512K)
[346.258s][info][gc,heap        ] GC(864) ParOldGen: 16588K(699392K)->16152K(699392K)
[346.258s][info][gc,metaspace   ] GC(864) Metaspace: 54269K(54784K)->54269K(54784K) NonClass: 46803K(46976K)->46803K(46976K) Class: 7465K(7808K)->7465K(7808K)
[346.258s][info][gc             ] GC(864) Pause Full (System.gc()) 16M->15M(1023M) 33.905ms
[346.258s][info][gc,cpu         ] GC(864) User=0.02s Sys=0.00s Real=0.03s
[346.718s][info][gc,start       ] GC(865) Pause Young (Allocation Failure)
[346.719s][info][gc,heap        ] GC(865) PSYoungGen: 348160K(348672K)->480K(348672K) Eden: 348160K(348160K)->0K(348160K) From: 0K(512K)->480K(512K)
[346.719s][info][gc,heap        ] GC(865) ParOldGen: 16152K(699392K)->16160K(699392K)
[346.719s][info][gc,metaspace   ] GC(865) Metaspace: 54271K(54848K)->54271K(54848K) NonClass: 46805K(47040K)->46805K(47040K) Class: 7465K(7808K)->7465K(7808K)
[346.719s][info][gc             ] GC(865) Pause Young (Allocation Failure) 355M->16M(1023M) 0.636ms
[346.719s][info][gc,cpu         ] GC(865) User=0.00s Sys=0.00s Real=0.00s
[347.183s][info][gc,start       ] GC(866) Pause Young (Allocation Failure)
[347.184s][info][gc,heap        ] GC(866) PSYoungGen: 348640K(348672K)->224K(348672K) Eden: 348160K(348160K)->0K(348160K) From: 480K(512K)->224K(512K)
[347.184s][info][gc,heap        ] GC(866) ParOldGen: 16160K(699392K)->16408K(699392K)
[347.184s][info][gc,metaspace   ] GC(866) Metaspace: 54271K(54848K)->54271K(54848K) NonClass: 46805K(47040K)->46805K(47040K) Class: 7465K(7808K)->7465K(7808K)
[347.184s][info][gc             ] GC(866) Pause Young (Allocation Failure) 356M->16M(1023M) 0.670ms
[347.184s][info][gc,cpu         ] GC(866) User=0.03s Sys=0.00s Real=0.00s
[347.664s][info][gc,start       ] GC(867) Pause Young (Allocation Failure)
[347.665s][info][gc,heap        ] GC(867) PSYoungGen: 348384K(348672K)->224K(348672K) Eden: 348160K(348160K)->0K(348160K) From: 224K(512K)->224K(512K)
[347.665s][info][gc,heap        ] GC(867) ParOldGen: 16408K(699392K)->16416K(699392K)
[347.665s][info][gc,metaspace   ] GC(867) Metaspace: 54271K(54848K)->54271K(54848K) NonClass: 46805K(47040K)->46805K(47040K) Class: 7465K(7808K)->7465K(7808K)
[347.665s][info][gc             ] GC(867) Pause Young (Allocation Failure) 356M->16M(1023M) 0.516ms
[347.665s][info][gc,cpu         ] GC(867) User=0.00s Sys=0.00s Real=0.00s
[348.167s][info][gc,start       ] GC(868) Pause Young (Allocation Failure)
[348.167s][info][gc,heap        ] GC(868) PSYoungGen: 348384K(348672K)->256K(348672K) Eden: 348160K(348160K)->0K(348160K) From: 224K(512K)->256K(512K)
[348.167s][info][gc,heap        ] GC(868) ParOldGen: 16416K(699392K)->16448K(699392K)
[348.167s][info][gc,metaspace   ] GC(868) Metaspace: 54271K(54848K)->54271K(54848K) NonClass: 46805K(47040K)->46805K(47040K) Class: 7465K(7808K)->7465K(7808K)
[348.167s][info][gc             ] GC(868) Pause Young (Allocation Failure) 356M->16M(1023M) 0.480ms
[348.167s][info][gc,cpu         ] GC(868) User=0.00s Sys=0.00s Real=0.00s
[348.676s][info][gc,start       ] GC(869) Pause Young (Allocation Failure)
[348.676s][info][gc,heap        ] GC(869) PSYoungGen: 348416K(348672K)->256K(348672K) Eden: 348160K(348160K)->0K(348160K) From: 256K(512K)->256K(512K)
[348.676s][info][gc,heap        ] GC(869) ParOldGen: 16448K(699392K)->16480K(699392K)
[348.676s][info][gc,metaspace   ] GC(869) Metaspace: 54271K(54848K)->54271K(54848K) NonClass: 46805K(47040K)->46805K(47040K) Class: 7465K(7808K)->7465K(7808K)
[348.676s][info][gc             ] GC(869) Pause Young (Allocation Failure) 356M->16M(1023M) 0.740ms
[348.676s][info][gc,cpu         ] GC(869) User=0.00s Sys=0.00s Real=0.00s
[349.179s][info][gc,start       ] GC(870) Pause Young (Allocation Failure)
[349.179s][info][gc,heap        ] GC(870) PSYoungGen: 348416K(348672K)->288K(348672K) Eden: 348160K(348160K)->0K(348160K) From: 256K(512K)->288K(512K)
[349.179s][info][gc,heap        ] GC(870) ParOldGen: 16480K(699392K)->16528K(699392K)
[349.179s][info][gc,metaspace   ] GC(870) Metaspace: 54271K(54848K)->54271K(54848K) NonClass: 46805K(47040K)->46805K(47040K) Class: 7465K(7808K)->7465K(7808K)
[349.179s][info][gc             ] GC(870) Pause Young (Allocation Failure) 356M->16M(1023M) 0.524ms
[349.179s][info][gc,cpu         ] GC(870) User=0.00s Sys=0.00s Real=0.00s
[349.667s][info][gc,start       ] GC(871) Pause Young (Allocation Failure)
[349.668s][info][gc,heap        ] GC(871) PSYoungGen: 348448K(348672K)->288K(348672K) Eden: 348160K(348160K)->0K(348160K) From: 288K(512K)->288K(512K)
[349.668s][info][gc,heap        ] GC(871) ParOldGen: 16528K(699392K)->16528K(699392K)
[349.668s][info][gc,metaspace   ] GC(871) Metaspace: 54271K(54848K)->54271K(54848K) NonClass: 46805K(47040K)->46805K(47040K) Class: 7465K(7808K)->7465K(7808K)
[349.668s][info][gc             ] GC(871) Pause Young (Allocation Failure) 356M->16M(1023M) 0.794ms
[349.668s][info][gc,cpu         ] GC(871) User=0.00s Sys=0.00s Real=0.00s
[350.190s][info][gc,start       ] GC(872) Pause Young (System.gc())
[350.190s][info][gc,heap        ] GC(872) PSYoungGen: 322503K(348672K)->256K(348672K) Eden: 322215K(348160K)->0K(348160K) From: 288K(512K)->256K(512K)
[350.190s][info][gc,heap        ] GC(872) ParOldGen: 16528K(699392K)->16576K(699392K)
[350.190s][info][gc,metaspace   ] GC(872) Metaspace: 54271K(54848K)->54271K(54848K) NonClass: 46805K(47040K)->46805K(47040K) Class: 7465K(7808K)->7465K(7808K)
[350.190s][info][gc             ] GC(872) Pause Young (System.gc()) 331M->16M(1023M) 0.572ms
[350.190s][info][gc,cpu         ] GC(872) User=0.00s Sys=0.00s Real=0.00s
[350.190s][info][gc,start       ] GC(873) Pause Full (System.gc())
[350.190s][info][gc,phases,start] GC(873) Marking Phase
[350.210s][info][gc,phases      ] GC(873) Marking Phase 19.749ms
[350.210s][info][gc,phases,start] GC(873) Summary Phase
[350.210s][info][gc,phases      ] GC(873) Summary Phase 0.009ms
[350.210s][info][gc,phases,start] GC(873) Adjust Roots
[350.219s][info][gc,phases      ] GC(873) Adjust Roots 8.748ms
[350.219s][info][gc,phases,start] GC(873) Compaction Phase
[350.222s][info][gc,phases      ] GC(873) Compaction Phase 2.946ms
[350.222s][info][gc,phases,start] GC(873) Post Compact
[350.222s][info][gc,phases      ] GC(873) Post Compact 0.164ms
[350.222s][info][gc,heap        ] GC(873) PSYoungGen: 256K(348672K)->0K(348672K) Eden: 0K(348160K)->0K(348160K) From: 256K(512K)->0K(512K)
[350.222s][info][gc,heap        ] GC(873) ParOldGen: 16576K(699392K)->16023K(699392K)
[350.222s][info][gc,metaspace   ] GC(873) Metaspace: 54271K(54848K)->54271K(54848K) NonClass: 46805K(47040K)->46805K(47040K) Class: 7465K(7808K)->7465K(7808K)
[350.222s][info][gc             ] GC(873) Pause Full (System.gc()) 16M->15M(1023M) 31.842ms
[350.222s][info][gc,cpu         ] GC(873) User=0.02s Sys=0.00s Real=0.03s
[350.660s][info][gc,start       ] GC(874) Pause Young (Allocation Failure)
[350.661s][info][gc,heap        ] GC(874) PSYoungGen: 348160K(348672K)->512K(348672K) Eden: 348160K(348160K)->0K(348160K) From: 0K(512K)->512K(512K)
[350.661s][info][gc,heap        ] GC(874) ParOldGen: 16023K(699392K)->16063K(699392K)
[350.661s][info][gc,metaspace   ] GC(874) Metaspace: 54286K(54848K)->54286K(54848K) NonClass: 46820K(47040K)->46820K(47040K) Class: 7465K(7808K)->7465K(7808K)
[350.661s][info][gc             ] GC(874) Pause Young (Allocation Failure) 355M->16M(1023M) 0.739ms
[350.661s][info][gc,cpu         ] GC(874) User=0.00s Sys=0.00s Real=0.00s
[351.079s][info][gc,start       ] GC(875) Pause Young (Allocation Failure)
[351.079s][info][gc,heap        ] GC(875) PSYoungGen: 348672K(348672K)->192K(347648K) Eden: 348160K(348160K)->0K(347136K) From: 512K(512K)->192K(512K)
[351.079s][info][gc,heap        ] GC(875) ParOldGen: 16063K(699392K)->16439K(699392K)
[351.079s][info][gc,metaspace   ] GC(875) Metaspace: 54286K(54848K)->54286K(54848K) NonClass: 46820K(47040K)->46820K(47040K) Class: 7465K(7808K)->7465K(7808K)
[351.080s][info][gc             ] GC(875) Pause Young (Allocation Failure) 356M->16M(1022M) 0.714ms
[351.080s][info][gc,cpu         ] GC(875) User=0.00s Sys=0.00s Real=0.00s
[351.491s][info][gc,start       ] GC(876) Pause Young (Allocation Failure)
[351.492s][info][gc,heap        ] GC(876) PSYoungGen: 347328K(347648K)->256K(348160K) Eden: 347136K(347136K)->0K(347136K) From: 192K(512K)->256K(1024K)
[351.492s][info][gc,heap        ] GC(876) ParOldGen: 16439K(699392K)->16463K(699392K)
[351.492s][info][gc,metaspace   ] GC(876) Metaspace: 54286K(54848K)->54286K(54848K) NonClass: 46820K(47040K)->46820K(47040K) Class: 7465K(7808K)->7465K(7808K)
[351.492s][info][gc             ] GC(876) Pause Young (Allocation Failure) 355M->16M(1023M) 0.472ms
[351.492s][info][gc,cpu         ] GC(876) User=0.00s Sys=0.00s Real=0.00s
[351.908s][info][gc,start       ] GC(877) Pause Young (Allocation Failure)
[351.908s][info][gc,heap        ] GC(877) PSYoungGen: 347392K(348160K)->224K(348672K) Eden: 347136K(347136K)->0K(348160K) From: 256K(1024K)->224K(512K)
[351.908s][info][gc,heap        ] GC(877) ParOldGen: 16463K(699392K)->16511K(699392K)
[351.908s][info][gc,metaspace   ] GC(877) Metaspace: 54286K(54848K)->54286K(54848K) NonClass: 46820K(47040K)->46820K(47040K) Class: 7465K(7808K)->7465K(7808K)
[351.908s][info][gc             ] GC(877) Pause Young (Allocation Failure) 355M->16M(1023M) 0.479ms
[351.908s][info][gc,cpu         ] GC(877) User=0.00s Sys=0.00s Real=0.00s
[352.321s][info][gc,start       ] GC(878) Pause Young (Allocation Failure)
[352.321s][info][gc,heap        ] GC(878) PSYoungGen: 348384K(348672K)->224K(348672K) Eden: 348160K(348160K)->0K(348160K) From: 224K(512K)->224K(512K)
[352.321s][info][gc,heap        ] GC(878) ParOldGen: 16511K(699392K)->16519K(699392K)
[352.321s][info][gc,metaspace   ] GC(878) Metaspace: 54286K(54848K)->54286K(54848K) NonClass: 46820K(47040K)->46820K(47040K) Class: 7465K(7808K)->7465K(7808K)
[352.321s][info][gc             ] GC(878) Pause Young (Allocation Failure) 356M->16M(1023M) 0.526ms
[352.321s][info][gc,cpu         ] GC(878) User=0.00s Sys=0.00s Real=0.00s
[352.728s][info][gc,start       ] GC(879) Pause Young (Allocation Failure)
[352.729s][info][gc,heap        ] GC(879) PSYoungGen: 348384K(348672K)->224K(348672K) Eden: 348160K(348160K)->0K(348160K) From: 224K(512K)->224K(512K)
[352.729s][info][gc,heap        ] GC(879) ParOldGen: 16519K(699392K)->16567K(699392K)
[352.729s][info][gc,metaspace   ] GC(879) Metaspace: 54286K(54848K)->54286K(54848K) NonClass: 46820K(47040K)->46820K(47040K) Class: 7465K(7808K)->7465K(7808K)
[352.729s][info][gc             ] GC(879) Pause Young (Allocation Failure) 356M->16M(1023M) 0.566ms
[352.729s][info][gc,cpu         ] GC(879) User=0.00s Sys=0.00s Real=0.00s
[353.146s][info][gc,start       ] GC(880) Pause Young (Allocation Failure)
[353.147s][info][gc,heap        ] GC(880) PSYoungGen: 348384K(348672K)->224K(348672K) Eden: 348160K(348160K)->0K(348160K) From: 224K(512K)->224K(512K)
[353.147s][info][gc,heap        ] GC(880) ParOldGen: 16567K(699392K)->16591K(699392K)
[353.147s][info][gc,metaspace   ] GC(880) Metaspace: 54286K(54848K)->54286K(54848K) NonClass: 46820K(47040K)->46820K(47040K) Class: 7465K(7808K)->7465K(7808K)
[353.147s][info][gc             ] GC(880) Pause Young (Allocation Failure) 356M->16M(1023M) 0.547ms
[353.147s][info][gc,cpu         ] GC(880) User=0.00s Sys=0.00s Real=0.00s
[353.562s][info][gc,start       ] GC(881) Pause Young (System.gc())
[353.562s][info][gc,heap        ] GC(881) PSYoungGen: 325830K(348672K)->224K(348672K) Eden: 325606K(348160K)->0K(348160K) From: 224K(512K)->224K(512K)
[353.562s][info][gc,heap        ] GC(881) ParOldGen: 16591K(699392K)->16591K(699392K)
[353.562s][info][gc,metaspace   ] GC(881) Metaspace: 54286K(54848K)->54286K(54848K) NonClass: 46820K(47040K)->46820K(47040K) Class: 7465K(7808K)->7465K(7808K)
[353.562s][info][gc             ] GC(881) Pause Young (System.gc()) 334M->16M(1023M) 0.565ms
[353.562s][info][gc,cpu         ] GC(881) User=0.00s Sys=0.00s Real=0.00s
[353.562s][info][gc,start       ] GC(882) Pause Full (System.gc())
[353.562s][info][gc,phases,start] GC(882) Marking Phase
[353.582s][info][gc,phases      ] GC(882) Marking Phase 20.155ms
[353.582s][info][gc,phases,start] GC(882) Summary Phase
[353.582s][info][gc,phases      ] GC(882) Summary Phase 0.009ms
[353.582s][info][gc,phases,start] GC(882) Adjust Roots
[353.591s][info][gc,phases      ] GC(882) Adjust Roots 8.621ms
[353.591s][info][gc,phases,start] GC(882) Compaction Phase
[353.594s][info][gc,phases      ] GC(882) Compaction Phase 2.964ms
[353.594s][info][gc,phases,start] GC(882) Post Compact
[353.594s][info][gc,phases      ] GC(882) Post Compact 0.180ms
[353.594s][info][gc,heap        ] GC(882) PSYoungGen: 224K(348672K)->0K(348672K) Eden: 0K(348160K)->0K(348160K) From: 224K(512K)->0K(512K)
[353.594s][info][gc,heap        ] GC(882) ParOldGen: 16591K(699392K)->16033K(699392K)
[353.594s][info][gc,metaspace   ] GC(882) Metaspace: 54286K(54848K)->54286K(54848K) NonClass: 46820K(47040K)->46820K(47040K) Class: 7465K(7808K)->7465K(7808K)
[353.594s][info][gc             ] GC(882) Pause Full (System.gc()) 16M->15M(1023M) 32.156ms
[353.594s][info][gc,cpu         ] GC(882) User=0.03s Sys=0.00s Real=0.03s
[354.049s][info][gc,start       ] GC(883) Pause Young (Allocation Failure)
[354.050s][info][gc,heap        ] GC(883) PSYoungGen: 348160K(348672K)->512K(348672K) Eden: 348160K(348160K)->0K(348160K) From: 0K(512K)->512K(512K)
[354.050s][info][gc,heap        ] GC(883) ParOldGen: 16033K(699392K)->16073K(699392K)
[354.050s][info][gc,metaspace   ] GC(883) Metaspace: 54286K(54848K)->54286K(54848K) NonClass: 46820K(47040K)->46820K(47040K) Class: 7465K(7808K)->7465K(7808K)
[354.050s][info][gc             ] GC(883) Pause Young (Allocation Failure) 355M->16M(1023M) 0.721ms
[354.050s][info][gc,cpu         ] GC(883) User=0.00s Sys=0.00s Real=0.00s
[354.491s][info][gc,start       ] GC(884) Pause Young (Allocation Failure)
[354.492s][info][gc,heap        ] GC(884) PSYoungGen: 348672K(348672K)->192K(347648K) Eden: 348160K(348160K)->0K(347136K) From: 512K(512K)->192K(512K)
[354.492s][info][gc,heap        ] GC(884) ParOldGen: 16073K(699392K)->16441K(699392K)
[354.492s][info][gc,metaspace   ] GC(884) Metaspace: 54286K(54848K)->54286K(54848K) NonClass: 46820K(47040K)->46820K(47040K) Class: 7465K(7808K)->7465K(7808K)
[354.492s][info][gc             ] GC(884) Pause Young (Allocation Failure) 356M->16M(1022M) 0.685ms
[354.492s][info][gc,cpu         ] GC(884) User=0.00s Sys=0.00s Real=0.00s
[354.931s][info][gc,start       ] GC(885) Pause Young (Allocation Failure)
[354.931s][info][gc,heap        ] GC(885) PSYoungGen: 347328K(347648K)->256K(348160K) Eden: 347136K(347136K)->0K(347136K) From: 192K(512K)->256K(1024K)
[354.932s][info][gc,heap        ] GC(885) ParOldGen: 16441K(699392K)->16473K(699392K)
[354.932s][info][gc,metaspace   ] GC(885) Metaspace: 54286K(54848K)->54286K(54848K) NonClass: 46820K(47040K)->46820K(47040K) Class: 7465K(7808K)->7465K(7808K)
[354.932s][info][gc             ] GC(885) Pause Young (Allocation Failure) 355M->16M(1023M) 0.489ms
[354.932s][info][gc,cpu         ] GC(885) User=0.00s Sys=0.00s Real=0.00s
[355.368s][info][gc,start       ] GC(886) Pause Young (Allocation Failure)
[355.368s][info][gc,heap        ] GC(886) PSYoungGen: 347392K(348160K)->288K(348672K) Eden: 347136K(347136K)->0K(348160K) From: 256K(1024K)->288K(512K)
[355.369s][info][gc,heap        ] GC(886) ParOldGen: 16473K(699392K)->16481K(699392K)
[355.369s][info][gc,metaspace   ] GC(886) Metaspace: 54286K(54848K)->54286K(54848K) NonClass: 46820K(47040K)->46820K(47040K) Class: 7465K(7808K)->7465K(7808K)
[355.369s][info][gc             ] GC(886) Pause Young (Allocation Failure) 355M->16M(1023M) 0.537ms
[355.369s][info][gc,cpu         ] GC(886) User=0.00s Sys=0.00s Real=0.00s
[355.799s][info][gc,start       ] GC(887) Pause Young (Allocation Failure)
[355.799s][info][gc,heap        ] GC(887) PSYoungGen: 348448K(348672K)->288K(348672K) Eden: 348160K(348160K)->0K(348160K) From: 288K(512K)->288K(512K)
[355.799s][info][gc,heap        ] GC(887) ParOldGen: 16481K(699392K)->16529K(699392K)
[355.799s][info][gc,metaspace   ] GC(887) Metaspace: 54286K(54848K)->54286K(54848K) NonClass: 46820K(47040K)->46820K(47040K) Class: 7465K(7808K)->7465K(7808K)
[355.799s][info][gc             ] GC(887) Pause Young (Allocation Failure) 356M->16M(1023M) 0.512ms
[355.799s][info][gc,cpu         ] GC(887) User=0.02s Sys=0.00s Real=0.00s
[356.243s][info][gc,start       ] GC(888) Pause Young (Allocation Failure)
[356.243s][info][gc,heap        ] GC(888) PSYoungGen: 348448K(348672K)->256K(348672K) Eden: 348160K(348160K)->0K(348160K) From: 288K(512K)->256K(512K)
[356.244s][info][gc,heap        ] GC(888) ParOldGen: 16529K(699392K)->16537K(699392K)
[356.244s][info][gc,metaspace   ] GC(888) Metaspace: 54286K(54848K)->54286K(54848K) NonClass: 46820K(47040K)->46820K(47040K) Class: 7465K(7808K)->7465K(7808K)
[356.244s][info][gc             ] GC(888) Pause Young (Allocation Failure) 356M->16M(1023M) 0.474ms
[356.244s][info][gc,cpu         ] GC(888) User=0.00s Sys=0.00s Real=0.00s
[356.680s][info][gc,start       ] GC(889) Pause Young (Allocation Failure)
[356.680s][info][gc,heap        ] GC(889) PSYoungGen: 348416K(348672K)->288K(348672K) Eden: 348160K(348160K)->0K(348160K) From: 256K(512K)->288K(512K)
[356.680s][info][gc,heap        ] GC(889) ParOldGen: 16537K(699392K)->16537K(699392K)
[356.680s][info][gc,metaspace   ] GC(889) Metaspace: 54286K(54848K)->54286K(54848K) NonClass: 46820K(47040K)->46820K(47040K) Class: 7465K(7808K)->7465K(7808K)
[356.680s][info][gc             ] GC(889) Pause Young (Allocation Failure) 356M->16M(1023M) 0.489ms
[356.680s][info][gc,cpu         ] GC(889) User=0.00s Sys=0.00s Real=0.00s
[357.118s][info][gc,start       ] GC(890) Pause Young (System.gc())
[357.118s][info][gc,heap        ] GC(890) PSYoungGen: 327497K(348672K)->288K(348672K) Eden: 327209K(348160K)->0K(348160K) From: 288K(512K)->288K(512K)
[357.118s][info][gc,heap        ] GC(890) ParOldGen: 16537K(699392K)->16577K(699392K)
[357.118s][info][gc,metaspace   ] GC(890) Metaspace: 54286K(54848K)->54286K(54848K) NonClass: 46820K(47040K)->46820K(47040K) Class: 7465K(7808K)->7465K(7808K)
[357.118s][info][gc             ] GC(890) Pause Young (System.gc()) 335M->16M(1023M) 0.518ms
[357.118s][info][gc,cpu         ] GC(890) User=0.00s Sys=0.00s Real=0.00s
[357.118s][info][gc,start       ] GC(891) Pause Full (System.gc())
[357.118s][info][gc,phases,start] GC(891) Marking Phase
[357.138s][info][gc,phases      ] GC(891) Marking Phase 20.223ms
[357.139s][info][gc,phases,start] GC(891) Summary Phase
[357.139s][info][gc,phases      ] GC(891) Summary Phase 0.010ms
[357.139s][info][gc,phases,start] GC(891) Adjust Roots
[357.148s][info][gc,phases      ] GC(891) Adjust Roots 9.050ms
[357.148s][info][gc,phases,start] GC(891) Compaction Phase
[357.151s][info][gc,phases      ] GC(891) Compaction Phase 3.208ms
[357.151s][info][gc,phases,start] GC(891) Post Compact
[357.151s][info][gc,phases      ] GC(891) Post Compact 0.161ms
[357.151s][info][gc,heap        ] GC(891) PSYoungGen: 288K(348672K)->0K(348672K) Eden: 0K(348160K)->0K(348160K) From: 288K(512K)->0K(512K)
[357.151s][info][gc,heap        ] GC(891) ParOldGen: 16577K(699392K)->16100K(699392K)
[357.151s][info][gc,metaspace   ] GC(891) Metaspace: 54286K(54848K)->54286K(54848K) NonClass: 46820K(47040K)->46820K(47040K) Class: 7465K(7808K)->7465K(7808K)
[357.151s][info][gc             ] GC(891) Pause Full (System.gc()) 16M->15M(1023M) 32.882ms
[357.151s][info][gc,cpu         ] GC(891) User=0.03s Sys=0.00s Real=0.03s
[357.602s][info][gc,start       ] GC(892) Pause Young (Allocation Failure)
[357.603s][info][gc,heap        ] GC(892) PSYoungGen: 348160K(348672K)->512K(348672K) Eden: 348160K(348160K)->0K(348160K) From: 0K(512K)->512K(512K)
[357.603s][info][gc,heap        ] GC(892) ParOldGen: 16100K(699392K)->16108K(699392K)
[357.603s][info][gc,metaspace   ] GC(892) Metaspace: 54288K(54848K)->54288K(54848K) NonClass: 46822K(47040K)->46822K(47040K) Class: 7465K(7808K)->7465K(7808K)
[357.603s][info][gc             ] GC(892) Pause Young (Allocation Failure) 355M->16M(1023M) 0.826ms
[357.603s][info][gc,cpu         ] GC(892) User=0.00s Sys=0.00s Real=0.00s
[358.052s][info][gc,start       ] GC(893) Pause Young (Allocation Failure)
[358.053s][info][gc,heap        ] GC(893) PSYoungGen: 348672K(348672K)->256K(348672K) Eden: 348160K(348160K)->0K(348160K) From: 512K(512K)->256K(512K)
[358.053s][info][gc,heap        ] GC(893) ParOldGen: 16108K(699392K)->16468K(699392K)
[358.053s][info][gc,metaspace   ] GC(893) Metaspace: 54288K(54848K)->54288K(54848K) NonClass: 46822K(47040K)->46822K(47040K) Class: 7465K(7808K)->7465K(7808K)
[358.053s][info][gc             ] GC(893) Pause Young (Allocation Failure) 356M->16M(1023M) 0.878ms
[358.053s][info][gc,cpu         ] GC(893) User=0.00s Sys=0.00s Real=0.00s
[358.502s][info][gc,start       ] GC(894) Pause Young (Allocation Failure)
[358.502s][info][gc,heap        ] GC(894) PSYoungGen: 348416K(348672K)->224K(348672K) Eden: 348160K(348160K)->0K(348160K) From: 256K(512K)->224K(512K)
[358.503s][info][gc,heap        ] GC(894) ParOldGen: 16468K(699392K)->16484K(699392K)
[358.503s][info][gc,metaspace   ] GC(894) Metaspace: 54288K(54848K)->54288K(54848K) NonClass: 46822K(47040K)->46822K(47040K) Class: 7465K(7808K)->7465K(7808K)
[358.503s][info][gc             ] GC(894) Pause Young (Allocation Failure) 356M->16M(1023M) 0.481ms
[358.503s][info][gc,cpu         ] GC(894) User=0.00s Sys=0.00s Real=0.00s
[358.953s][info][gc,start       ] GC(895) Pause Young (Allocation Failure)
[358.953s][info][gc,heap        ] GC(895) PSYoungGen: 348384K(348672K)->224K(348672K) Eden: 348160K(348160K)->0K(348160K) From: 224K(512K)->224K(512K)
[358.953s][info][gc,heap        ] GC(895) ParOldGen: 16484K(699392K)->16516K(699392K)
[358.953s][info][gc,metaspace   ] GC(895) Metaspace: 54288K(54848K)->54288K(54848K) NonClass: 46822K(47040K)->46822K(47040K) Class: 7465K(7808K)->7465K(7808K)
[358.953s][info][gc             ] GC(895) Pause Young (Allocation Failure) 356M->16M(1023M) 0.556ms
[358.953s][info][gc,cpu         ] GC(895) User=0.00s Sys=0.00s Real=0.00s
[359.397s][info][gc,start       ] GC(896) Pause Young (Allocation Failure)
[359.397s][info][gc,heap        ] GC(896) PSYoungGen: 348384K(348672K)->256K(348672K) Eden: 348160K(348160K)->0K(348160K) From: 224K(512K)->256K(512K)
[359.397s][info][gc,heap        ] GC(896) ParOldGen: 16516K(699392K)->16524K(699392K)
[359.397s][info][gc,metaspace   ] GC(896) Metaspace: 54288K(54848K)->54288K(54848K) NonClass: 46822K(47040K)->46822K(47040K) Class: 7465K(7808K)->7465K(7808K)
[359.398s][info][gc             ] GC(896) Pause Young (Allocation Failure) 356M->16M(1023M) 0.506ms
[359.398s][info][gc,cpu         ] GC(896) User=0.00s Sys=0.00s Real=0.00s
[359.835s][info][gc,start       ] GC(897) Pause Young (Allocation Failure)
[359.836s][info][gc,heap        ] GC(897) PSYoungGen: 348416K(348672K)->224K(348672K) Eden: 348160K(348160K)->0K(348160K) From: 256K(512K)->224K(512K)
[359.836s][info][gc,heap        ] GC(897) ParOldGen: 16524K(699392K)->16556K(699392K)
[359.836s][info][gc,metaspace   ] GC(897) Metaspace: 54288K(54848K)->54288K(54848K) NonClass: 46822K(47040K)->46822K(47040K) Class: 7465K(7808K)->7465K(7808K)
[359.836s][info][gc             ] GC(897) Pause Young (Allocation Failure) 356M->16M(1023M) 0.623ms
[359.836s][info][gc,cpu         ] GC(897) User=0.00s Sys=0.00s Real=0.00s
[360.295s][info][gc,start       ] GC(898) Pause Young (Allocation Failure)
[360.296s][info][gc,heap        ] GC(898) PSYoungGen: 348384K(348672K)->256K(348672K) Eden: 348160K(348160K)->0K(348160K) From: 224K(512K)->256K(512K)
[360.296s][info][gc,heap        ] GC(898) ParOldGen: 16556K(699392K)->16556K(699392K)
[360.296s][info][gc,metaspace   ] GC(898) Metaspace: 54288K(54848K)->54288K(54848K) NonClass: 46822K(47040K)->46822K(47040K) Class: 7465K(7808K)->7465K(7808K)
[360.296s][info][gc             ] GC(898) Pause Young (Allocation Failure) 356M->16M(1023M) 0.696ms
[360.296s][info][gc,cpu         ] GC(898) User=0.00s Sys=0.00s Real=0.00s
[360.792s][info][gc,start       ] GC(899) Pause Young (System.gc())
[360.793s][info][gc,heap        ] GC(899) PSYoungGen: 323211K(348672K)->352K(348672K) Eden: 322955K(348160K)->0K(348160K) From: 256K(512K)->352K(512K)
[360.793s][info][gc,heap        ] GC(899) ParOldGen: 16556K(699392K)->16588K(699392K)
[360.793s][info][gc,metaspace   ] GC(899) Metaspace: 54288K(54848K)->54288K(54848K) NonClass: 46822K(47040K)->46822K(47040K) Class: 7465K(7808K)->7465K(7808K)
[360.793s][info][gc             ] GC(899) Pause Young (System.gc()) 331M->16M(1023M) 0.706ms
[360.793s][info][gc,cpu         ] GC(899) User=0.00s Sys=0.00s Real=0.00s
[360.793s][info][gc,start       ] GC(900) Pause Full (System.gc())
[360.793s][info][gc,phases,start] GC(900) Marking Phase
[360.813s][info][gc,phases      ] GC(900) Marking Phase 20.384ms
[360.813s][info][gc,phases,start] GC(900) Summary Phase
[360.813s][info][gc,phases      ] GC(900) Summary Phase 0.009ms
[360.813s][info][gc,phases,start] GC(900) Adjust Roots
[360.822s][info][gc,phases      ] GC(900) Adjust Roots 8.929ms
[360.822s][info][gc,phases,start] GC(900) Compaction Phase
[360.825s][info][gc,phases      ] GC(900) Compaction Phase 2.884ms
[360.825s][info][gc,phases,start] GC(900) Post Compact
[360.825s][info][gc,phases      ] GC(900) Post Compact 0.166ms
[360.825s][info][gc,heap        ] GC(900) PSYoungGen: 352K(348672K)->0K(348672K) Eden: 0K(348160K)->0K(348160K) From: 352K(512K)->0K(512K)
[360.825s][info][gc,heap        ] GC(900) ParOldGen: 16588K(699392K)->16097K(699392K)
[360.825s][info][gc,metaspace   ] GC(900) Metaspace: 54288K(54848K)->54288K(54848K) NonClass: 46822K(47040K)->46822K(47040K) Class: 7465K(7808K)->7465K(7808K)
[360.825s][info][gc             ] GC(900) Pause Full (System.gc()) 16M->15M(1023M) 32.591ms
[360.825s][info][gc,cpu         ] GC(900) User=0.02s Sys=0.00s Real=0.03s
[361.272s][info][gc,start       ] GC(901) Pause Young (Allocation Failure)
[361.273s][info][gc,heap        ] GC(901) PSYoungGen: 348160K(348672K)->512K(348672K) Eden: 348160K(348160K)->0K(348160K) From: 0K(512K)->512K(512K)
[361.273s][info][gc,heap        ] GC(901) ParOldGen: 16097K(699392K)->16105K(699392K)
[361.273s][info][gc,metaspace   ] GC(901) Metaspace: 54288K(54848K)->54288K(54848K) NonClass: 46822K(47040K)->46822K(47040K) Class: 7465K(7808K)->7465K(7808K)
[361.273s][info][gc             ] GC(901) Pause Young (Allocation Failure) 355M->16M(1023M) 0.790ms
[361.273s][info][gc,cpu         ] GC(901) User=0.00s Sys=0.00s Real=0.00s
[361.697s][info][gc,start       ] GC(902) Pause Young (Allocation Failure)
[361.698s][info][gc,heap        ] GC(902) PSYoungGen: 348672K(348672K)->224K(347648K) Eden: 348160K(348160K)->0K(347136K) From: 512K(512K)->224K(512K)
[361.698s][info][gc,heap        ] GC(902) ParOldGen: 16105K(699392K)->16441K(699392K)
[361.698s][info][gc,metaspace   ] GC(902) Metaspace: 54288K(54848K)->54288K(54848K) NonClass: 46822K(47040K)->46822K(47040K) Class: 7465K(7808K)->7465K(7808K)
[361.698s][info][gc             ] GC(902) Pause Young (Allocation Failure) 356M->16M(1022M) 0.653ms
[361.698s][info][gc,cpu         ] GC(902) User=0.00s Sys=0.00s Real=0.00s
[362.123s][info][gc,start       ] GC(903) Pause Young (Allocation Failure)
[362.123s][info][gc,heap        ] GC(903) PSYoungGen: 347360K(347648K)->224K(348160K) Eden: 347136K(347136K)->0K(347136K) From: 224K(512K)->224K(1024K)
[362.123s][info][gc,heap        ] GC(903) ParOldGen: 16441K(699392K)->16465K(699392K)
[362.123s][info][gc,metaspace   ] GC(903) Metaspace: 54288K(54848K)->54288K(54848K) NonClass: 46822K(47040K)->46822K(47040K) Class: 7465K(7808K)->7465K(7808K)
[362.123s][info][gc             ] GC(903) Pause Young (Allocation Failure) 355M->16M(1023M) 0.479ms
[362.123s][info][gc,cpu         ] GC(903) User=0.00s Sys=0.00s Real=0.00s
[362.542s][info][gc,start       ] GC(904) Pause Young (Allocation Failure)
[362.542s][info][gc,heap        ] GC(904) PSYoungGen: 347360K(348160K)->256K(348672K) Eden: 347136K(347136K)->0K(348160K) From: 224K(1024K)->256K(512K)
[362.542s][info][gc,heap        ] GC(904) ParOldGen: 16465K(699392K)->16465K(699392K)
[362.542s][info][gc,metaspace   ] GC(904) Metaspace: 54288K(54848K)->54288K(54848K) NonClass: 46822K(47040K)->46822K(47040K) Class: 7465K(7808K)->7465K(7808K)
[362.542s][info][gc             ] GC(904) Pause Young (Allocation Failure) 355M->16M(1023M) 0.577ms
[362.542s][info][gc,cpu         ] GC(904) User=0.00s Sys=0.00s Real=0.00s
[362.978s][info][gc,start       ] GC(905) Pause Young (Allocation Failure)
[362.979s][info][gc,heap        ] GC(905) PSYoungGen: 348416K(348672K)->256K(348672K) Eden: 348160K(348160K)->0K(348160K) From: 256K(512K)->256K(512K)
[362.979s][info][gc,heap        ] GC(905) ParOldGen: 16465K(699392K)->16505K(699392K)
[362.979s][info][gc,metaspace   ] GC(905) Metaspace: 54288K(54848K)->54288K(54848K) NonClass: 46822K(47040K)->46822K(47040K) Class: 7465K(7808K)->7465K(7808K)
[362.979s][info][gc             ] GC(905) Pause Young (Allocation Failure) 356M->16M(1023M) 0.536ms
[362.979s][info][gc,cpu         ] GC(905) User=0.00s Sys=0.00s Real=0.00s
[363.398s][info][gc,start       ] GC(906) Pause Young (Allocation Failure)
[363.399s][info][gc,heap        ] GC(906) PSYoungGen: 348416K(348672K)->224K(348672K) Eden: 348160K(348160K)->0K(348160K) From: 256K(512K)->224K(512K)
[363.399s][info][gc,heap        ] GC(906) ParOldGen: 16505K(699392K)->16513K(699392K)
[363.399s][info][gc,metaspace   ] GC(906) Metaspace: 54288K(54848K)->54288K(54848K) NonClass: 46822K(47040K)->46822K(47040K) Class: 7465K(7808K)->7465K(7808K)
[363.399s][info][gc             ] GC(906) Pause Young (Allocation Failure) 356M->16M(1023M) 0.488ms
[363.399s][info][gc,cpu         ] GC(906) User=0.00s Sys=0.00s Real=0.00s
[363.823s][info][gc,start       ] GC(907) Pause Young (Allocation Failure)
[363.823s][info][gc,heap        ] GC(907) PSYoungGen: 348384K(348672K)->256K(348672K) Eden: 348160K(348160K)->0K(348160K) From: 224K(512K)->256K(512K)
[363.823s][info][gc,heap        ] GC(907) ParOldGen: 16513K(699392K)->16553K(699392K)
[363.823s][info][gc,metaspace   ] GC(907) Metaspace: 54288K(54848K)->54288K(54848K) NonClass: 46822K(47040K)->46822K(47040K) Class: 7465K(7808K)->7465K(7808K)
[363.823s][info][gc             ] GC(907) Pause Young (Allocation Failure) 356M->16M(1023M) 0.491ms
[363.823s][info][gc,cpu         ] GC(907) User=0.00s Sys=0.00s Real=0.00s
[364.251s][info][gc,heap,exit   ] Heap
[364.251s][info][gc,heap,exit   ]  PSYoungGen      total 348672K, used 321814K [0x00000000eab00000, 0x0000000100000000, 0x0000000100000000)
[364.251s][info][gc,heap,exit   ]   eden space 348160K, 92% used [0x00000000eab00000,0x00000000fe5059f0,0x00000000fff00000)
[364.251s][info][gc,heap,exit   ]   from space 512K, 50% used [0x00000000fff00000,0x00000000fff40000,0x00000000fff80000)
[364.251s][info][gc,heap,exit   ]   to   space 512K, 0% used [0x00000000fff80000,0x00000000fff80000,0x0000000100000000)
[364.251s][info][gc,heap,exit   ]  ParOldGen       total 699392K, used 16553K [0x00000000c0000000, 0x00000000eab00000, 0x00000000eab00000)
[364.251s][info][gc,heap,exit   ]   object space 699392K, 2% used [0x00000000c0000000,0x00000000c102a7d8,0x00000000eab00000)
[364.251s][info][gc,heap,exit   ]  Metaspace       used 54343K, committed 54912K, reserved 1114112K
[364.251s][info][gc,heap,exit   ]   class space    used 7481K, committed 7808K, reserved 1048576K
