[0.014s][info][gc] Using Concurrent Mark Sweep
[0.015s][info][gc,heap,coops] Heap address: 0x0000000080000000, size: 2048 MB, Compressed Oops mode: 32-bit
[0.876s][info][gc,start     ] GC(0) Pause Full (System.gc())
[0.876s][info][gc,phases,start] GC(0) Phase 1: Mark live objects
[0.879s][info][gc,phases      ] GC(0) Phase 1: Mark live objects 3.347ms
[0.879s][info][gc,phases,start] GC(0) Phase 2: Compute new object addresses
[0.881s][info][gc,phases      ] GC(0) Phase 2: Compute new object addresses 1.454ms
[0.881s][info][gc,phases,start] GC(0) Phase 3: Adjust pointers
[0.883s][info][gc,phases      ] GC(0) Phase 3: Adjust pointers 1.931ms
[0.885s][info][gc,phases,start] GC(0) Phase 4: Move objects
[0.888s][info][gc,phases      ] GC(0) Phase 4: Move objects 2.556ms
[0.891s][info][gc,heap        ] GC(0) ParNew: 32786K->0K(460096K)
[0.891s][info][gc,heap        ] GC(0) CMS: 0K->4496K(1585984K)
[0.891s][info][gc,metaspace   ] GC(0) Metaspace: 10693K(11136K)->10693K(11136K) NonClass: 9716K(9984K)->9716K(9984K) Class: 977K(1152K)->977K(1152K)
[0.891s][info][gc             ] GC(0) Pause Full (System.gc()) 32M->4M(1998M) 15.723ms
[0.891s][info][gc,cpu         ] GC(0) User=0.00s Sys=0.02s Real=0.02s
[2.892s][info][gc,start       ] GC(1) Pause Initial Mark
[2.932s][info][gc             ] GC(1) Pause Initial Mark 169M->169M(1998M) 40.453ms
[2.933s][info][gc,cpu         ] GC(1) User=0.02s Sys=0.02s Real=0.03s
[2.933s][info][gc             ] GC(1) Concurrent Mark
[2.933s][info][gc,task        ] GC(1) Using 2 workers of 2 for marking
[2.935s][info][gc             ] GC(1) Concurrent Mark 2.637ms
[2.935s][info][gc,cpu         ] GC(1) User=0.00s Sys=0.03s Real=0.01s
[2.935s][info][gc             ] GC(1) Concurrent Preclean
[2.938s][info][gc             ] GC(1) Concurrent Preclean 3.039ms
[2.938s][info][gc,cpu         ] GC(1) User=0.00s Sys=0.00s Real=0.00s
[2.938s][info][gc             ] GC(1) Concurrent Abortable Preclean
[7.942s][info][gc             ] GC(1) Concurrent Abortable Preclean 5003.976ms
[7.942s][info][gc,cpu         ] GC(1) User=0.19s Sys=0.31s Real=5.00s
[7.943s][info][gc,start       ] GC(1) Pause Remark
[7.988s][info][gc             ] GC(1) Pause Remark 169M->169M(1998M) 45.577ms
[7.988s][info][gc,cpu         ] GC(1) User=0.03s Sys=0.02s Real=0.03s
[7.989s][info][gc             ] GC(1) Concurrent Sweep
[7.990s][info][gc             ] GC(1) Concurrent Sweep 1.224ms
[7.990s][info][gc,cpu         ] GC(1) User=0.00s Sys=0.00s Real=0.00s
[7.990s][info][gc             ] GC(1) Concurrent Reset
[7.993s][info][gc             ] GC(1) Concurrent Reset 2.706ms
[7.993s][info][gc,cpu         ] GC(1) User=0.00s Sys=0.00s Real=0.00s
[7.993s][info][gc,heap        ] GC(1) Old: 4496K->4476K(1585984K)
[8.601s][info][gc,start       ] GC(2) Pause Full (System.gc())
[8.602s][info][gc,phases,start] GC(2) Phase 1: Mark live objects
[8.609s][info][gc,phases      ] GC(2) Phase 1: Mark live objects 7.721ms
[8.609s][info][gc,phases,start] GC(2) Phase 2: Compute new object addresses
[8.629s][info][gc,phases      ] GC(2) Phase 2: Compute new object addresses 19.388ms
[8.629s][info][gc,phases,start] GC(2) Phase 3: Adjust pointers
[8.634s][info][gc,phases      ] GC(2) Phase 3: Adjust pointers 4.643ms
[8.634s][info][gc,phases,start] GC(2) Phase 4: Move objects
[8.636s][info][gc,phases      ] GC(2) Phase 4: Move objects 2.926ms
[8.638s][info][gc,heap        ] GC(2) ParNew: 169279K->0K(460096K)
[8.638s][info][gc,heap        ] GC(2) CMS: 4476K->7926K(1585984K)
[8.638s][info][gc,metaspace   ] GC(2) Metaspace: 22460K(23116K)->22460K(23116K) NonClass: 20105K(20480K)->20105K(20480K) Class: 2355K(2636K)->2355K(2636K)
[8.638s][info][gc             ] GC(2) Pause Full (System.gc()) 169M->7M(1998M) 36.793ms
[8.638s][info][gc,cpu         ] GC(2) User=0.03s Sys=0.00s Real=0.03s
[8.648s][info][gc,start       ] GC(3) Pause Full (System.gc())
[8.649s][info][gc,phases,start] GC(3) Phase 1: Mark live objects
[8.655s][info][gc,phases      ] GC(3) Phase 1: Mark live objects 6.545ms
[8.655s][info][gc,phases,start] GC(3) Phase 2: Compute new object addresses
[8.657s][info][gc,phases      ] GC(3) Phase 2: Compute new object addresses 1.941ms
[8.657s][info][gc,phases,start] GC(3) Phase 3: Adjust pointers
[8.662s][info][gc,phases      ] GC(3) Phase 3: Adjust pointers 4.459ms
[8.662s][info][gc,phases,start] GC(3) Phase 4: Move objects
[8.663s][info][gc,phases      ] GC(3) Phase 4: Move objects 1.699ms
[8.665s][info][gc,heap        ] GC(3) ParNew: 24541K->0K(460096K)
[8.665s][info][gc,heap        ] GC(3) CMS: 7926K->7753K(1585984K)
[8.665s][info][gc,metaspace   ] GC(3) Metaspace: 22519K(23116K)->22519K(23116K) NonClass: 20159K(20480K)->20159K(20480K) Class: 2359K(2636K)->2359K(2636K)
[8.665s][info][gc             ] GC(3) Pause Full (System.gc()) 31M->7M(1998M) 16.678ms
[8.665s][info][gc,cpu         ] GC(3) User=0.02s Sys=0.00s Real=0.02s
[15.611s][info][gc,start       ] GC(4) Pause Full (System.gc())
[15.611s][info][gc,phases,start] GC(4) Phase 1: Mark live objects
[15.618s][info][gc,phases      ] GC(4) Phase 1: Mark live objects 6.884ms
[15.618s][info][gc,phases,start] GC(4) Phase 2: Compute new object addresses
[15.621s][info][gc,phases      ] GC(4) Phase 2: Compute new object addresses 3.160ms
[15.621s][info][gc,phases,start] GC(4) Phase 3: Adjust pointers
[15.626s][info][gc,phases      ] GC(4) Phase 3: Adjust pointers 5.003ms
[15.626s][info][gc,phases,start] GC(4) Phase 4: Move objects
[15.627s][info][gc,phases      ] GC(4) Phase 4: Move objects 1.277ms
[15.629s][info][gc,heap        ] GC(4) ParNew: 56375K->0K(460096K)
[15.629s][info][gc,heap        ] GC(4) CMS: 7753K->7951K(1585984K)
[15.629s][info][gc,metaspace   ] GC(4) Metaspace: 22617K(23372K)->22617K(23372K) NonClass: 20257K(20736K)->20257K(20736K) Class: 2359K(2636K)->2359K(2636K)
[15.630s][info][gc             ] GC(4) Pause Full (System.gc()) 62M->7M(1998M) 18.824ms
[15.630s][info][gc,cpu         ] GC(4) User=0.02s Sys=0.00s Real=0.02s
[15.636s][info][gc,start       ] GC(5) Pause Full (System.gc())
[15.636s][info][gc,phases,start] GC(5) Phase 1: Mark live objects
[15.644s][info][gc,phases      ] GC(5) Phase 1: Mark live objects 7.865ms
[15.644s][info][gc,phases,start] GC(5) Phase 2: Compute new object addresses
[15.646s][info][gc,phases      ] GC(5) Phase 2: Compute new object addresses 1.845ms
[15.646s][info][gc,phases,start] GC(5) Phase 3: Adjust pointers
[15.650s][info][gc,phases      ] GC(5) Phase 3: Adjust pointers 4.139ms
[15.650s][info][gc,phases,start] GC(5) Phase 4: Move objects
[15.651s][info][gc,phases      ] GC(5) Phase 4: Move objects 0.463ms
[15.653s][info][gc,heap        ] GC(5) ParNew: 13634K->0K(460096K)
[15.653s][info][gc,heap        ] GC(5) CMS: 7951K->7831K(1585984K)
[15.653s][info][gc,metaspace   ] GC(5) Metaspace: 22618K(23372K)->22618K(23372K) NonClass: 20258K(20736K)->20258K(20736K) Class: 2359K(2636K)->2359K(2636K)
[15.654s][info][gc             ] GC(5) Pause Full (System.gc()) 21M->7M(1998M) 18.124ms
[15.654s][info][gc,cpu         ] GC(5) User=0.03s Sys=0.00s Real=0.01s
[22.564s][info][gc,start       ] GC(6) Pause Full (System.gc())
[22.564s][info][gc,phases,start] GC(6) Phase 1: Mark live objects
[22.572s][info][gc,phases      ] GC(6) Phase 1: Mark live objects 7.212ms
[22.572s][info][gc,phases,start] GC(6) Phase 2: Compute new object addresses
[22.575s][info][gc,phases      ] GC(6) Phase 2: Compute new object addresses 3.044ms
[22.575s][info][gc,phases,start] GC(6) Phase 3: Adjust pointers
[22.579s][info][gc,phases      ] GC(6) Phase 3: Adjust pointers 4.603ms
[22.579s][info][gc,phases,start] GC(6) Phase 4: Move objects
[22.582s][info][gc,phases      ] GC(6) Phase 4: Move objects 2.434ms
[22.584s][info][gc,heap        ] GC(6) ParNew: 56375K->0K(460096K)
[22.584s][info][gc,heap        ] GC(6) CMS: 7831K->7960K(1585984K)
[22.584s][info][gc,metaspace   ] GC(6) Metaspace: 22669K(23372K)->22669K(23372K) NonClass: 20309K(20736K)->20309K(20736K) Class: 2359K(2636K)->2359K(2636K)
[22.585s][info][gc             ] GC(6) Pause Full (System.gc()) 62M->7M(1998M) 20.557ms
[22.585s][info][gc,cpu         ] GC(6) User=0.02s Sys=0.00s Real=0.02s
[22.591s][info][gc,start       ] GC(7) Pause Full (System.gc())
[22.591s][info][gc,phases,start] GC(7) Phase 1: Mark live objects
[22.599s][info][gc,phases      ] GC(7) Phase 1: Mark live objects 7.884ms
[22.599s][info][gc,phases,start] GC(7) Phase 2: Compute new object addresses
[22.601s][info][gc,phases      ] GC(7) Phase 2: Compute new object addresses 1.831ms
[22.601s][info][gc,phases,start] GC(7) Phase 3: Adjust pointers
[22.605s][info][gc,phases      ] GC(7) Phase 3: Adjust pointers 4.330ms
[22.605s][info][gc,phases,start] GC(7) Phase 4: Move objects
[22.606s][info][gc,phases      ] GC(7) Phase 4: Move objects 0.438ms
[22.607s][info][gc,heap        ] GC(7) ParNew: 13634K->0K(460096K)
[22.607s][info][gc,heap        ] GC(7) CMS: 7960K->7849K(1585984K)
[22.607s][info][gc,metaspace   ] GC(7) Metaspace: 22673K(23372K)->22673K(23372K) NonClass: 20314K(20736K)->20314K(20736K) Class: 2359K(2636K)->2359K(2636K)
[22.608s][info][gc             ] GC(7) Pause Full (System.gc()) 21M->7M(1998M) 16.712ms
[22.608s][info][gc,cpu         ] GC(7) User=0.03s Sys=0.00s Real=0.02s
[29.519s][info][gc,start       ] GC(8) Pause Full (System.gc())
[29.520s][info][gc,phases,start] GC(8) Phase 1: Mark live objects
[29.527s][info][gc,phases      ] GC(8) Phase 1: Mark live objects 7.513ms
[29.527s][info][gc,phases,start] GC(8) Phase 2: Compute new object addresses
[29.530s][info][gc,phases      ] GC(8) Phase 2: Compute new object addresses 3.178ms
[29.530s][info][gc,phases,start] GC(8) Phase 3: Adjust pointers
[29.535s][info][gc,phases      ] GC(8) Phase 3: Adjust pointers 4.566ms
[29.535s][info][gc,phases,start] GC(8) Phase 4: Move objects
[29.536s][info][gc,phases      ] GC(8) Phase 4: Move objects 0.707ms
[29.537s][info][gc,heap        ] GC(8) ParNew: 48194K->0K(460096K)
[29.537s][info][gc,heap        ] GC(8) CMS: 7849K->7966K(1585984K)
[29.537s][info][gc,metaspace   ] GC(8) Metaspace: 22740K(23372K)->22740K(23372K) NonClass: 20380K(20736K)->20380K(20736K) Class: 2359K(2636K)->2359K(2636K)
[29.538s][info][gc             ] GC(8) Pause Full (System.gc()) 54M->7M(1998M) 18.398ms
[29.538s][info][gc,cpu         ] GC(8) User=0.02s Sys=0.00s Real=0.02s
[29.545s][info][gc,start       ] GC(9) Pause Full (System.gc())
[29.546s][info][gc,phases,start] GC(9) Phase 1: Mark live objects
[29.552s][info][gc,phases      ] GC(9) Phase 1: Mark live objects 6.776ms
[29.552s][info][gc,phases,start] GC(9) Phase 2: Compute new object addresses
[29.554s][info][gc,phases      ] GC(9) Phase 2: Compute new object addresses 1.873ms
[29.554s][info][gc,phases,start] GC(9) Phase 3: Adjust pointers
[29.560s][info][gc,phases      ] GC(9) Phase 3: Adjust pointers 5.332ms
[29.560s][info][gc,phases,start] GC(9) Phase 4: Move objects
[29.560s][info][gc,phases      ] GC(9) Phase 4: Move objects 0.758ms
[29.562s][info][gc,heap        ] GC(9) ParNew: 13634K->0K(460096K)
[29.562s][info][gc,heap        ] GC(9) CMS: 7966K->7846K(1585984K)
[29.562s][info][gc,metaspace   ] GC(9) Metaspace: 22741K(23372K)->22741K(23372K) NonClass: 20382K(20736K)->20382K(20736K) Class: 2359K(2636K)->2359K(2636K)
[29.563s][info][gc             ] GC(9) Pause Full (System.gc()) 21M->7M(1998M) 17.471ms
[29.563s][info][gc,cpu         ] GC(9) User=0.03s Sys=0.00s Real=0.01s
[36.474s][info][gc,start       ] GC(10) Pause Full (System.gc())
[36.474s][info][gc,phases,start] GC(10) Phase 1: Mark live objects
[36.481s][info][gc,phases      ] GC(10) Phase 1: Mark live objects 7.020ms
[36.481s][info][gc,phases,start] GC(10) Phase 2: Compute new object addresses
[36.484s][info][gc,phases      ] GC(10) Phase 2: Compute new object addresses 3.057ms
[36.484s][info][gc,phases,start] GC(10) Phase 3: Adjust pointers
[36.489s][info][gc,phases      ] GC(10) Phase 3: Adjust pointers 4.905ms
[36.489s][info][gc,phases,start] GC(10) Phase 4: Move objects
[36.490s][info][gc,phases      ] GC(10) Phase 4: Move objects 0.706ms
[36.492s][info][gc,heap        ] GC(10) ParNew: 56371K->0K(460096K)
[36.492s][info][gc,heap        ] GC(10) CMS: 7846K->7968K(1585984K)
[36.492s][info][gc,metaspace   ] GC(10) Metaspace: 22771K(23372K)->22771K(23372K) NonClass: 20411K(20736K)->20411K(20736K) Class: 2359K(2636K)->2359K(2636K)
[36.492s][info][gc             ] GC(10) Pause Full (System.gc()) 62M->7M(1998M) 18.153ms
[36.492s][info][gc,cpu         ] GC(10) User=0.02s Sys=0.00s Real=0.02s
[36.499s][info][gc,start       ] GC(11) Pause Full (System.gc())
[36.499s][info][gc,phases,start] GC(11) Phase 1: Mark live objects
[36.508s][info][gc,phases      ] GC(11) Phase 1: Mark live objects 8.486ms
[36.508s][info][gc,phases,start] GC(11) Phase 2: Compute new object addresses
[36.509s][info][gc,phases      ] GC(11) Phase 2: Compute new object addresses 1.861ms
[36.509s][info][gc,phases,start] GC(11) Phase 3: Adjust pointers
[36.514s][info][gc,phases      ] GC(11) Phase 3: Adjust pointers 4.438ms
[36.514s][info][gc,phases,start] GC(11) Phase 4: Move objects
[36.514s][info][gc,phases      ] GC(11) Phase 4: Move objects 0.467ms
[36.516s][info][gc,heap        ] GC(11) ParNew: 13634K->0K(460096K)
[36.516s][info][gc,heap        ] GC(11) CMS: 7968K->7854K(1585984K)
[36.516s][info][gc,metaspace   ] GC(11) Metaspace: 22772K(23372K)->22772K(23372K) NonClass: 20412K(20736K)->20412K(20736K) Class: 2359K(2636K)->2359K(2636K)
[36.516s][info][gc             ] GC(11) Pause Full (System.gc()) 21M->7M(1998M) 17.596ms
[36.516s][info][gc,cpu         ] GC(11) User=0.02s Sys=0.00s Real=0.02s
[43.416s][info][gc,start       ] GC(12) Pause Full (System.gc())
[43.416s][info][gc,phases,start] GC(12) Phase 1: Mark live objects
[43.428s][info][gc,phases      ] GC(12) Phase 1: Mark live objects 11.108ms
[43.428s][info][gc,phases,start] GC(12) Phase 2: Compute new object addresses
[43.431s][info][gc,phases      ] GC(12) Phase 2: Compute new object addresses 3.572ms
[43.431s][info][gc,phases,start] GC(12) Phase 3: Adjust pointers
[43.439s][info][gc,phases      ] GC(12) Phase 3: Adjust pointers 7.252ms
[43.439s][info][gc,phases,start] GC(12) Phase 4: Move objects
[43.440s][info][gc,phases      ] GC(12) Phase 4: Move objects 1.218ms
[43.442s][info][gc,heap        ] GC(12) ParNew: 56371K->0K(460096K)
[43.442s][info][gc,heap        ] GC(12) CMS: 7854K->7971K(1585984K)
[43.442s][info][gc,metaspace   ] GC(12) Metaspace: 22806K(23372K)->22806K(23372K) NonClass: 20446K(20736K)->20446K(20736K) Class: 2359K(2636K)->2359K(2636K)
[43.443s][info][gc             ] GC(12) Pause Full (System.gc()) 62M->7M(1998M) 26.321ms
[43.443s][info][gc,cpu         ] GC(12) User=0.03s Sys=0.00s Real=0.03s
[43.453s][info][gc,start       ] GC(13) Pause Full (System.gc())
[43.453s][info][gc,phases,start] GC(13) Phase 1: Mark live objects
[43.464s][info][gc,phases      ] GC(13) Phase 1: Mark live objects 10.627ms
[43.464s][info][gc,phases,start] GC(13) Phase 2: Compute new object addresses
[43.466s][info][gc,phases      ] GC(13) Phase 2: Compute new object addresses 2.258ms
[43.466s][info][gc,phases,start] GC(13) Phase 3: Adjust pointers
[43.473s][info][gc,phases      ] GC(13) Phase 3: Adjust pointers 6.576ms
[43.473s][info][gc,phases,start] GC(13) Phase 4: Move objects
[43.474s][info][gc,phases      ] GC(13) Phase 4: Move objects 0.669ms
[43.476s][info][gc,heap        ] GC(13) ParNew: 13634K->0K(460096K)
[43.476s][info][gc,heap        ] GC(13) CMS: 7971K->7776K(1585984K)
[43.476s][info][gc,metaspace   ] GC(13) Metaspace: 22809K(23372K)->22809K(23372K) NonClass: 20449K(20736K)->20449K(20736K) Class: 2359K(2636K)->2359K(2636K)
[43.476s][info][gc             ] GC(13) Pause Full (System.gc()) 21M->7M(1998M) 23.311ms
[43.477s][info][gc,cpu         ] GC(13) User=0.02s Sys=0.00s Real=0.02s
[50.411s][info][gc,start       ] GC(14) Pause Full (System.gc())
[50.412s][info][gc,phases,start] GC(14) Phase 1: Mark live objects
[50.420s][info][gc,phases      ] GC(14) Phase 1: Mark live objects 8.088ms
[50.420s][info][gc,phases,start] GC(14) Phase 2: Compute new object addresses
[50.423s][info][gc,phases      ] GC(14) Phase 2: Compute new object addresses 3.112ms
[50.423s][info][gc,phases,start] GC(14) Phase 3: Adjust pointers
[50.429s][info][gc,phases      ] GC(14) Phase 3: Adjust pointers 6.256ms
[50.429s][info][gc,phases,start] GC(14) Phase 4: Move objects
[50.430s][info][gc,phases      ] GC(14) Phase 4: Move objects 1.051ms
[50.432s][info][gc,heap        ] GC(14) ParNew: 56371K->0K(460096K)
[50.432s][info][gc,heap        ] GC(14) CMS: 7776K->7974K(1585984K)
[50.432s][info][gc,metaspace   ] GC(14) Metaspace: 22836K(23628K)->22836K(23628K) NonClass: 20476K(20992K)->20476K(20992K) Class: 2359K(2636K)->2359K(2636K)
[50.432s][info][gc             ] GC(14) Pause Full (System.gc()) 62M->7M(1998M) 20.980ms
[50.433s][info][gc,cpu         ] GC(14) User=0.02s Sys=0.00s Real=0.02s
[50.438s][info][gc,start       ] GC(15) Pause Full (System.gc())
[50.438s][info][gc,phases,start] GC(15) Phase 1: Mark live objects
[50.447s][info][gc,phases      ] GC(15) Phase 1: Mark live objects 9.010ms
[50.447s][info][gc,phases,start] GC(15) Phase 2: Compute new object addresses
[50.449s][info][gc,phases      ] GC(15) Phase 2: Compute new object addresses 1.775ms
[50.449s][info][gc,phases,start] GC(15) Phase 3: Adjust pointers
[50.454s][info][gc,phases      ] GC(15) Phase 3: Adjust pointers 4.800ms
[50.454s][info][gc,phases,start] GC(15) Phase 4: Move objects
[50.454s][info][gc,phases      ] GC(15) Phase 4: Move objects 0.504ms
[50.456s][info][gc,heap        ] GC(15) ParNew: 13634K->0K(460096K)
[50.456s][info][gc,heap        ] GC(15) CMS: 7974K->7865K(1585984K)
[50.456s][info][gc,metaspace   ] GC(15) Metaspace: 22836K(23628K)->22836K(23628K) NonClass: 20476K(20992K)->20476K(20992K) Class: 2359K(2636K)->2359K(2636K)
[50.456s][info][gc             ] GC(15) Pause Full (System.gc()) 21M->7M(1998M) 18.531ms
[50.456s][info][gc,cpu         ] GC(15) User=0.02s Sys=0.00s Real=0.03s
[57.344s][info][gc,start       ] GC(16) Pause Full (System.gc())
[57.344s][info][gc,phases,start] GC(16) Phase 1: Mark live objects
[57.353s][info][gc,phases      ] GC(16) Phase 1: Mark live objects 8.263ms
[57.353s][info][gc,phases,start] GC(16) Phase 2: Compute new object addresses
[57.356s][info][gc,phases      ] GC(16) Phase 2: Compute new object addresses 3.611ms
[57.356s][info][gc,phases,start] GC(16) Phase 3: Adjust pointers
[57.361s][info][gc,phases      ] GC(16) Phase 3: Adjust pointers 4.953ms
[57.361s][info][gc,phases,start] GC(16) Phase 4: Move objects
[57.363s][info][gc,phases      ] GC(16) Phase 4: Move objects 1.295ms
[57.364s][info][gc,heap        ] GC(16) ParNew: 56383K->0K(460096K)
[57.364s][info][gc,heap        ] GC(16) CMS: 7865K->7976K(1585984K)
[57.364s][info][gc,metaspace   ] GC(16) Metaspace: 22859K(23628K)->22859K(23628K) NonClass: 20499K(20992K)->20499K(20992K) Class: 2359K(2636K)->2359K(2636K)
[57.365s][info][gc             ] GC(16) Pause Full (System.gc()) 62M->7M(1998M) 20.596ms
[57.365s][info][gc,cpu         ] GC(16) User=0.02s Sys=0.00s Real=0.02s
[57.372s][info][gc,start       ] GC(17) Pause Full (System.gc())
[57.372s][info][gc,phases,start] GC(17) Phase 1: Mark live objects
[57.382s][info][gc,phases      ] GC(17) Phase 1: Mark live objects 9.553ms
[57.382s][info][gc,phases,start] GC(17) Phase 2: Compute new object addresses
[57.384s][info][gc,phases      ] GC(17) Phase 2: Compute new object addresses 1.757ms
[57.384s][info][gc,phases,start] GC(17) Phase 3: Adjust pointers
[57.390s][info][gc,phases      ] GC(17) Phase 3: Adjust pointers 5.952ms
[57.390s][info][gc,phases,start] GC(17) Phase 4: Move objects
[57.390s][info][gc,phases      ] GC(17) Phase 4: Move objects 0.502ms
[57.392s][info][gc,heap        ] GC(17) ParNew: 21814K->0K(460096K)
[57.392s][info][gc,heap        ] GC(17) CMS: 7976K->7850K(1585984K)
[57.392s][info][gc,metaspace   ] GC(17) Metaspace: 22866K(23628K)->22866K(23628K) NonClass: 20505K(20992K)->20505K(20992K) Class: 2360K(2636K)->2360K(2636K)
[57.392s][info][gc             ] GC(17) Pause Full (System.gc()) 29M->7M(1998M) 20.067ms
[57.392s][info][gc,cpu         ] GC(17) User=0.03s Sys=0.00s Real=0.01s
[64.287s][info][gc,start       ] GC(18) Pause Full (System.gc())
[64.287s][info][gc,phases,start] GC(18) Phase 1: Mark live objects
[64.295s][info][gc,phases      ] GC(18) Phase 1: Mark live objects 7.402ms
[64.295s][info][gc,phases,start] GC(18) Phase 2: Compute new object addresses
[64.298s][info][gc,phases      ] GC(18) Phase 2: Compute new object addresses 3.123ms
[64.298s][info][gc,phases,start] GC(18) Phase 3: Adjust pointers
[64.303s][info][gc,phases      ] GC(18) Phase 3: Adjust pointers 4.966ms
[64.303s][info][gc,phases,start] GC(18) Phase 4: Move objects
[64.304s][info][gc,phases      ] GC(18) Phase 4: Move objects 0.802ms
[64.306s][info][gc,heap        ] GC(18) ParNew: 56383K->0K(460096K)
[64.306s][info][gc,heap        ] GC(18) CMS: 7850K->7980K(1585984K)
[64.306s][info][gc,metaspace   ] GC(18) Metaspace: 22918K(23628K)->22918K(23628K) NonClass: 20558K(20992K)->20558K(20992K) Class: 2360K(2636K)->2360K(2636K)
[64.307s][info][gc             ] GC(18) Pause Full (System.gc()) 62M->7M(1998M) 19.901ms
[64.307s][info][gc,cpu         ] GC(18) User=0.02s Sys=0.00s Real=0.02s
[64.313s][info][gc,start       ] GC(19) Pause Full (System.gc())
[64.314s][info][gc,phases,start] GC(19) Phase 1: Mark live objects
[64.325s][info][gc,phases      ] GC(19) Phase 1: Mark live objects 11.118ms
[64.325s][info][gc,phases,start] GC(19) Phase 2: Compute new object addresses
[64.327s][info][gc,phases      ] GC(19) Phase 2: Compute new object addresses 1.881ms
[64.327s][info][gc,phases,start] GC(19) Phase 3: Adjust pointers
[64.335s][info][gc,phases      ] GC(19) Phase 3: Adjust pointers 7.740ms
[64.335s][info][gc,phases,start] GC(19) Phase 4: Move objects
[64.335s][info][gc,phases      ] GC(19) Phase 4: Move objects 0.619ms
[64.338s][info][gc,heap        ] GC(19) ParNew: 13634K->0K(460096K)
[64.338s][info][gc,heap        ] GC(19) CMS: 7980K->7862K(1585984K)
[64.338s][info][gc,metaspace   ] GC(19) Metaspace: 22918K(23628K)->22918K(23628K) NonClass: 20558K(20992K)->20558K(20992K) Class: 2360K(2636K)->2360K(2636K)
[64.338s][info][gc             ] GC(19) Pause Full (System.gc()) 21M->7M(1998M) 24.622ms
[64.338s][info][gc,cpu         ] GC(19) User=0.02s Sys=0.00s Real=0.02s
[71.243s][info][gc,start       ] GC(20) Pause Full (System.gc())
[71.243s][info][gc,phases,start] GC(20) Phase 1: Mark live objects
[71.254s][info][gc,phases      ] GC(20) Phase 1: Mark live objects 10.969ms
[71.254s][info][gc,phases,start] GC(20) Phase 2: Compute new object addresses
[71.258s][info][gc,phases      ] GC(20) Phase 2: Compute new object addresses 3.769ms
[71.258s][info][gc,phases,start] GC(20) Phase 3: Adjust pointers
[71.266s][info][gc,phases      ] GC(20) Phase 3: Adjust pointers 8.130ms
[71.266s][info][gc,phases,start] GC(20) Phase 4: Move objects
[71.267s][info][gc,phases      ] GC(20) Phase 4: Move objects 1.227ms
[71.269s][info][gc,heap        ] GC(20) ParNew: 56383K->0K(460096K)
[71.269s][info][gc,heap        ] GC(20) CMS: 7862K->7982K(1585984K)
[71.269s][info][gc,metaspace   ] GC(20) Metaspace: 22940K(23628K)->22940K(23628K) NonClass: 20579K(20992K)->20579K(20992K) Class: 2360K(2636K)->2360K(2636K)
[71.270s][info][gc             ] GC(20) Pause Full (System.gc()) 62M->7M(1998M) 27.036ms
[71.270s][info][gc,cpu         ] GC(20) User=0.03s Sys=0.00s Real=0.03s
[71.386s][info][gc,heap,exit   ] Heap
[71.386s][info][gc,heap,exit   ]  par new generation   total 460096K, used 23178K [0x0000000080000000, 0x000000009f330000, 0x000000009f330000)
[71.386s][info][gc,heap,exit   ]   eden space 409024K,   5% used [0x0000000080000000, 0x00000000816a2898, 0x0000000098f70000)
[71.386s][info][gc,heap,exit   ]   from space 51072K,   0% used [0x0000000098f70000, 0x0000000098f70000, 0x000000009c150000)
[71.386s][info][gc,heap,exit   ]   to   space 51072K,   0% used [0x000000009c150000, 0x000000009c150000, 0x000000009f330000)
[71.386s][info][gc,heap,exit   ]  concurrent mark-sweep generation total 1585984K, used 7982K [0x000000009f330000, 0x0000000100000000, 0x0000000100000000)
[71.386s][info][gc,heap,exit   ]  Metaspace       used 22941K, capacity 23406K, committed 23628K, reserved 1071104K
[71.386s][info][gc,heap,exit   ]   class space    used 2360K, capacity 2568K, committed 2636K, reserved 1048576K
