[0.018s][info][gc] Using Concurrent Mark Sweep
[0.018s][info][gc,heap,coops] Heap address: 0x0000000700000000, size: 4096 MB, Compressed Oops mode: Zero based, Oop shift amount: 3
[4.069s][info][gc,start     ] GC(0) Pause Initial Mark
[4.080s][info][gc           ] GC(0) Pause Initial Mark 64M->64M(4046M) 11.670ms
[4.080s][info][gc,cpu       ] GC(0) User=0.00s Sys=0.00s Real=0.01s
[4.081s][info][gc           ] GC(0) Concurrent Mark
[4.081s][info][gc,task      ] GC(0) Using 2 workers of 2 for marking
[4.082s][info][gc           ] GC(0) Concurrent Mark 1.818ms
[4.082s][info][gc,cpu       ] GC(0) User=0.00s Sys=0.00s Real=0.00s
[4.083s][info][gc           ] GC(0) Concurrent Preclean
[4.089s][info][gc           ] GC(0) Concurrent Preclean 6.094ms
[4.089s][info][gc,cpu       ] GC(0) User=0.00s Sys=0.00s Real=0.00s
[4.089s][info][gc           ] GC(0) Concurrent Abortable Preclean
[9.181s][info][gc           ] GC(0) Concurrent Abortable Preclean 5091.852ms
[9.181s][info][gc,cpu       ] GC(0) User=0.27s Sys=0.00s Real=5.09s
[9.181s][info][gc,start     ] GC(0) Pause Remark
[9.203s][info][gc           ] GC(0) Pause Remark 88M->88M(4046M) 22.088ms
[9.203s][info][gc,cpu       ] GC(0) User=0.03s Sys=0.00s Real=0.02s
[9.203s][info][gc           ] GC(0) Concurrent Sweep
[9.203s][info][gc           ] GC(0) Concurrent Sweep 0.087ms
[9.203s][info][gc,cpu       ] GC(0) User=0.00s Sys=0.00s Real=0.00s
[9.203s][info][gc           ] GC(0) Concurrent Reset
[9.225s][info][gc           ] GC(0) Concurrent Reset 21.492ms
[9.225s][info][gc,cpu       ] GC(0) User=0.02s Sys=0.00s Real=0.03s
[9.225s][info][gc,heap      ] GC(0) Old: 0K->0K(3683136K)
[11.233s][info][gc,start     ] GC(1) Pause Initial Mark
[11.263s][info][gc           ] GC(1) Pause Initial Mark 176M->176M(4046M) 30.505ms
[11.263s][info][gc,cpu       ] GC(1) User=0.02s Sys=0.00s Real=0.02s
[11.263s][info][gc           ] GC(1) Concurrent Mark
[11.263s][info][gc,task      ] GC(1) Using 2 workers of 2 for marking
[11.265s][info][gc           ] GC(1) Concurrent Mark 1.355ms
[11.265s][info][gc,cpu       ] GC(1) User=0.00s Sys=0.03s Real=0.02s
[11.265s][info][gc           ] GC(1) Concurrent Preclean
[11.269s][info][gc           ] GC(1) Concurrent Preclean 4.387ms
[11.269s][info][gc,cpu       ] GC(1) User=0.00s Sys=0.00s Real=0.00s
[11.269s][info][gc           ] GC(1) Concurrent Abortable Preclean
[11.970s][info][gc,start     ] GC(2) Pause Young (Allocation Failure)
[11.970s][info][gc,task      ] GC(2) Using 6 workers of 6 for evacuation
[11.987s][info][gc,heap      ] GC(2) ParNew: 409024K->23973K(460096K)
[11.987s][info][gc,heap      ] GC(2) CMS: 0K->0K(3683136K)
[11.987s][info][gc,metaspace ] GC(2) Metaspace: 50031K(51632K)->50031K(51632K) NonClass: 43817K(44700K)->43817K(44700K) Class: 6213K(6932K)->6213K(6932K)
[11.987s][info][gc           ] GC(2) Pause Young (Allocation Failure) 399M->23M(4046M) 17.315ms
[11.987s][info][gc,cpu       ] GC(2) User=0.02s Sys=0.00s Real=0.03s
[12.818s][info][gc,start     ] GC(3) Pause Young (Allocation Failure)
[12.818s][info][gc,task      ] GC(3) Using 6 workers of 6 for evacuation
[12.913s][info][gc           ] GC(1) Concurrent Abortable Preclean 1643.578ms
[12.913s][info][gc,cpu       ] GC(1) User=0.91s Sys=0.14s Real=1.65s
[13.275s][info][gc,heap      ] GC(3) ParNew: 432997K->51072K(460096K)
[13.275s][info][gc,heap      ] GC(3) CMS: 0K->103712K(3683136K)
[13.275s][info][gc,metaspace ] GC(3) Metaspace: 58565K(60696K)->58565K(60696K) NonClass: 51178K(52232K)->51178K(52232K) Class: 7386K(8464K)->7386K(8464K)
[13.275s][info][gc           ] GC(3) Pause Young (Allocation Failure) 422M->151M(4046M) 456.348ms
[13.275s][info][gc,cpu       ] GC(3) User=0.23s Sys=0.06s Real=0.46s
[13.275s][info][gc,start     ] GC(1) Pause Remark
[13.303s][info][gc           ] GC(1) Pause Remark 157M->157M(4046M) 27.541ms
[13.303s][info][gc,cpu       ] GC(1) User=0.02s Sys=0.00s Real=0.01s
[13.303s][info][gc           ] GC(1) Concurrent Sweep
[13.333s][info][gc           ] GC(1) Concurrent Sweep 30.370ms
[13.333s][info][gc,cpu       ] GC(1) User=0.02s Sys=0.00s Real=0.03s
[13.333s][info][gc           ] GC(1) Concurrent Reset
[13.341s][info][gc           ] GC(1) Concurrent Reset 7.534ms
[13.341s][info][gc,cpu       ] GC(1) User=0.02s Sys=0.00s Real=0.02s
[13.341s][info][gc,heap      ] GC(1) Old: 0K->103712K(3683136K)
[13.543s][info][gc,start     ] GC(4) Pause Young (Allocation Failure)
[13.543s][info][gc,task      ] GC(4) Using 6 workers of 6 for evacuation
[13.628s][info][gc,heap      ] GC(4) ParNew: 460096K->51072K(460096K)
[13.628s][info][gc,heap      ] GC(4) CMS: 103712K->172383K(3683136K)
[13.628s][info][gc,metaspace ] GC(4) Metaspace: 58565K(60696K)->58565K(60696K) NonClass: 51178K(52232K)->51178K(52232K) Class: 7386K(8464K)->7386K(8464K)
[13.628s][info][gc           ] GC(4) Pause Young (Allocation Failure) 550M->218M(4046M) 85.437ms
[13.628s][info][gc,cpu       ] GC(4) User=0.12s Sys=0.00s Real=0.08s
[16.107s][info][gc,start     ] GC(5) Pause Full (System.gc())
[16.107s][info][gc,phases,start] GC(5) Phase 1: Mark live objects
[16.156s][info][gc,phases      ] GC(5) Phase 1: Mark live objects 48.611ms
[16.156s][info][gc,phases,start] GC(5) Phase 2: Compute new object addresses
[16.251s][info][gc,phases      ] GC(5) Phase 2: Compute new object addresses 95.425ms
[16.251s][info][gc,phases,start] GC(5) Phase 3: Adjust pointers
[16.271s][info][gc,phases      ] GC(5) Phase 3: Adjust pointers 19.313ms
[16.271s][info][gc,phases,start] GC(5) Phase 4: Move objects
[16.281s][info][gc,phases      ] GC(5) Phase 4: Move objects 10.309ms
[16.284s][info][gc,heap        ] GC(5) ParNew: 353552K->0K(460096K)
[16.284s][info][gc,heap        ] GC(5) CMS: 172383K->33810K(3683136K)
[16.284s][info][gc,metaspace   ] GC(5) Metaspace: 93860K(97388K)->93860K(97388K) NonClass: 81649K(83420K)->81649K(83420K) Class: 12210K(13968K)->12210K(13968K)
[16.285s][info][gc             ] GC(5) Pause Full (System.gc()) 513M->33M(4046M) 178.233ms
[16.285s][info][gc,cpu         ] GC(5) User=0.17s Sys=0.00s Real=0.17s
[18.196s][info][gc,start       ] GC(6) Pause Young (Allocation Failure)
[18.196s][info][gc,task        ] GC(6) Using 6 workers of 6 for evacuation
[18.209s][info][gc,heap        ] GC(6) ParNew: 409024K->47867K(460096K)
[18.209s][info][gc,heap        ] GC(6) CMS: 33810K->33810K(3683136K)
[18.210s][info][gc,metaspace   ] GC(6) Metaspace: 115638K(122604K)->115638K(122604K) NonClass: 99040K(102364K)->99040K(102364K) Class: 16597K(20240K)->16597K(20240K)
[18.210s][info][gc             ] GC(6) Pause Young (Allocation Failure) 432M->79M(4046M) 13.346ms
[18.210s][info][gc,cpu         ] GC(6) User=0.02s Sys=0.00s Real=0.02s
[18.445s][info][gc,start       ] GC(7) Pause Young (Allocation Failure)
[18.445s][info][gc,task        ] GC(7) Using 6 workers of 6 for evacuation
[18.456s][info][gc,heap        ] GC(7) ParNew: 456891K->30650K(460096K)
[18.456s][info][gc,heap        ] GC(7) CMS: 33810K->33810K(3683136K)
[18.456s][info][gc,metaspace   ] GC(7) Metaspace: 116488K(123500K)->116488K(123500K) NonClass: 99712K(103132K)->99712K(103132K) Class: 16776K(20368K)->16776K(20368K)
[18.456s][info][gc             ] GC(7) Pause Young (Allocation Failure) 479M->62M(4046M) 11.514ms
[18.456s][info][gc,cpu         ] GC(7) User=0.02s Sys=0.00s Real=0.02s
[18.673s][info][gc,start       ] GC(8) Pause Young (Allocation Failure)
[18.673s][info][gc,task        ] GC(8) Using 6 workers of 6 for evacuation
[18.685s][info][gc,heap        ] GC(8) ParNew: 439674K->31781K(460096K)
[18.685s][info][gc,heap        ] GC(8) CMS: 33810K->33810K(3683136K)
[18.685s][info][gc,metaspace   ] GC(8) Metaspace: 116537K(123500K)->116537K(123500K) NonClass: 99760K(103132K)->99760K(103132K) Class: 16777K(20368K)->16777K(20368K)
[18.685s][info][gc             ] GC(8) Pause Young (Allocation Failure) 462M->64M(4046M) 11.992ms
[18.685s][info][gc,cpu         ] GC(8) User=0.00s Sys=0.00s Real=0.00s
[19.752s][info][gc,start       ] GC(9) Pause Young (Allocation Failure)
[19.752s][info][gc,task        ] GC(9) Using 6 workers of 6 for evacuation
[19.771s][info][gc,heap        ] GC(9) ParNew: 440805K->35009K(460096K)
[19.771s][info][gc,heap        ] GC(9) CMS: 33810K->41300K(3683136K)
[19.771s][info][gc,metaspace   ] GC(9) Metaspace: 121928K(130412K)->121928K(130412K) NonClass: 104184K(108508K)->104184K(108508K) Class: 17743K(21904K)->17743K(21904K)
[19.771s][info][gc             ] GC(9) Pause Young (Allocation Failure) 463M->74M(4046M) 19.023ms
[19.771s][info][gc,cpu         ] GC(9) User=0.05s Sys=0.00s Real=0.03s
[20.214s][info][gc,start       ] GC(10) Pause Young (Allocation Failure)
[20.214s][info][gc,task        ] GC(10) Using 6 workers of 6 for evacuation
[20.226s][info][gc,heap        ] GC(10) ParNew: 444033K->43806K(460096K)
[20.226s][info][gc,heap        ] GC(10) CMS: 41300K->41300K(3683136K)
[20.226s][info][gc,metaspace   ] GC(10) Metaspace: 122576K(131180K)->122576K(131180K) NonClass: 104699K(109020K)->104699K(109020K) Class: 17877K(22160K)->17877K(22160K)
[20.226s][info][gc             ] GC(10) Pause Young (Allocation Failure) 473M->83M(4046M) 12.226ms
[20.226s][info][gc,cpu         ] GC(10) User=0.02s Sys=0.00s Real=0.02s
[20.999s][info][gc,start       ] GC(11) Pause Young (Allocation Failure)
[20.999s][info][gc,task        ] GC(11) Using 6 workers of 6 for evacuation
[21.016s][info][gc,heap        ] GC(11) ParNew: 451872K->51072K(460096K)
[21.016s][info][gc,heap        ] GC(11) CMS: 41300K->56926K(3683136K)
[21.016s][info][gc,metaspace   ] GC(11) Metaspace: 124611K(133612K)->124611K(133612K) NonClass: 106250K(110812K)->106250K(110812K) Class: 18361K(22800K)->18361K(22800K)
[21.016s][info][gc             ] GC(11) Pause Young (Allocation Failure) 481M->105M(4046M) 17.042ms
[21.016s][info][gc,cpu         ] GC(11) User=0.08s Sys=0.00s Real=0.02s
[21.394s][info][gc,start       ] GC(12) Pause Young (Allocation Failure)
[21.394s][info][gc,task        ] GC(12) Using 6 workers of 6 for evacuation
[21.410s][info][gc,heap        ] GC(12) ParNew: 460096K->51072K(460096K)
[21.410s][info][gc,heap        ] GC(12) CMS: 56926K->84395K(3683136K)
[21.410s][info][gc,metaspace   ] GC(12) Metaspace: 124878K(133996K)->124878K(133996K) NonClass: 106477K(111068K)->106477K(111068K) Class: 18400K(22928K)->18400K(22928K)
[21.410s][info][gc             ] GC(12) Pause Young (Allocation Failure) 504M->132M(4046M) 15.581ms
[21.410s][info][gc,cpu         ] GC(12) User=0.03s Sys=0.00s Real=0.02s
[21.736s][info][gc,start       ] GC(13) Pause Young (Allocation Failure)
[21.736s][info][gc,task        ] GC(13) Using 6 workers of 6 for evacuation
[21.746s][info][gc,heap        ] GC(13) ParNew: 457775K->45246K(460096K)
[21.746s][info][gc,heap        ] GC(13) CMS: 84395K->92351K(3683136K)
[21.746s][info][gc,metaspace   ] GC(13) Metaspace: 125071K(133996K)->125071K(133996K) NonClass: 106653K(111068K)->106653K(111068K) Class: 18417K(22928K)->18417K(22928K)
[21.746s][info][gc             ] GC(13) Pause Young (Allocation Failure) 529M->134M(4046M) 10.640ms
[21.746s][info][gc,cpu         ] GC(13) User=0.06s Sys=0.00s Real=0.00s
[21.874s][info][gc,start       ] GC(14) Pause Young (Allocation Failure)
[21.874s][info][gc,task        ] GC(14) Using 6 workers of 6 for evacuation
[21.883s][info][gc,heap        ] GC(14) ParNew: 451195K->30560K(460096K)
[21.883s][info][gc,heap        ] GC(14) CMS: 92351K->92351K(3683136K)
[21.883s][info][gc,metaspace   ] GC(14) Metaspace: 125080K(133996K)->125080K(133996K) NonClass: 106663K(111068K)->106663K(111068K) Class: 18417K(22928K)->18417K(22928K)
[21.883s][info][gc             ] GC(14) Pause Young (Allocation Failure) 530M->120M(4046M) 8.877ms
[21.883s][info][gc,cpu         ] GC(14) User=0.05s Sys=0.00s Real=0.02s
[22.472s][info][gc,start       ] GC(15) Pause Young (Allocation Failure)
[22.472s][info][gc,task        ] GC(15) Using 6 workers of 6 for evacuation
[22.481s][info][gc,heap        ] GC(15) ParNew: 438891K->33489K(460096K)
[22.481s][info][gc,heap        ] GC(15) CMS: 92351K->92351K(3683136K)
[22.481s][info][gc,metaspace   ] GC(15) Metaspace: 125217K(134252K)->125217K(134252K) NonClass: 106797K(111324K)->106797K(111324K) Class: 18419K(22928K)->18419K(22928K)
[22.481s][info][gc             ] GC(15) Pause Young (Allocation Failure) 518M->122M(4046M) 9.429ms
[22.481s][info][gc,cpu         ] GC(15) User=0.00s Sys=0.00s Real=0.00s
[24.819s][info][gc,start       ] GC(16) Pause Young (Allocation Failure)
[24.819s][info][gc,task        ] GC(16) Using 6 workers of 6 for evacuation
[24.831s][info][gc,heap        ] GC(16) ParNew: 442513K->27277K(460096K)
[24.831s][info][gc,heap        ] GC(16) CMS: 92351K->99695K(3683136K)
[24.831s][info][gc,metaspace   ] GC(16) Metaspace: 128760K(138092K)->128760K(138092K) NonClass: 109966K(114652K)->109966K(114652K) Class: 18793K(23440K)->18793K(23440K)
[24.831s][info][gc             ] GC(16) Pause Young (Allocation Failure) 522M->123M(4046M) 11.625ms
[24.831s][info][gc,cpu         ] GC(16) User=0.02s Sys=0.00s Real=0.02s
[26.846s][info][gc,start       ] GC(17) Pause Young (Allocation Failure)
[26.846s][info][gc,task        ] GC(17) Using 6 workers of 6 for evacuation
[26.855s][info][gc,heap        ] GC(17) ParNew: 436301K->23649K(460096K)
[26.855s][info][gc,heap        ] GC(17) CMS: 99695K->99695K(3683136K)
[26.855s][info][gc,metaspace   ] GC(17) Metaspace: 129509K(138988K)->129509K(138988K) NonClass: 110626K(115420K)->110626K(115420K) Class: 18883K(23568K)->18883K(23568K)
[26.855s][info][gc             ] GC(17) Pause Young (Allocation Failure) 523M->120M(4046M) 9.508ms
[26.855s][info][gc,cpu         ] GC(17) User=0.02s Sys=0.00s Real=0.02s
[28.735s][info][gc,start       ] GC(18) Pause Young (Allocation Failure)
[28.735s][info][gc,task        ] GC(18) Using 6 workers of 6 for evacuation
[28.745s][info][gc,heap        ] GC(18) ParNew: 432673K->25791K(460096K)
[28.745s][info][gc,heap        ] GC(18) CMS: 99695K->99695K(3683136K)
[28.745s][info][gc,metaspace   ] GC(18) Metaspace: 129783K(139372K)->129783K(139372K) NonClass: 110890K(115676K)->110890K(115676K) Class: 18893K(23696K)->18893K(23696K)
[28.745s][info][gc             ] GC(18) Pause Young (Allocation Failure) 519M->122M(4046M) 9.608ms
[28.745s][info][gc,cpu         ] GC(18) User=0.05s Sys=0.00s Real=0.02s
[30.488s][info][gc,start       ] GC(19) Pause Young (Allocation Failure)
[30.488s][info][gc,task        ] GC(19) Using 6 workers of 6 for evacuation
[30.497s][info][gc,heap        ] GC(19) ParNew: 434815K->21926K(460096K)
[30.497s][info][gc,heap        ] GC(19) CMS: 99695K->99695K(3683136K)
[30.497s][info][gc,metaspace   ] GC(19) Metaspace: 130027K(139628K)->130027K(139628K) NonClass: 111133K(115932K)->111133K(115932K) Class: 18893K(23696K)->18893K(23696K)
[30.497s][info][gc             ] GC(19) Pause Young (Allocation Failure) 521M->118M(4046M) 9.578ms
[30.497s][info][gc,cpu         ] GC(19) User=0.03s Sys=0.00s Real=0.01s
[31.877s][info][gc,start       ] GC(20) Pause Full (System.gc())
[31.880s][info][gc,phases,start] GC(20) Phase 1: Mark live objects
[31.969s][info][gc,phases      ] GC(20) Phase 1: Mark live objects 88.500ms
[31.969s][info][gc,phases,start] GC(20) Phase 2: Compute new object addresses
[32.008s][info][gc,phases      ] GC(20) Phase 2: Compute new object addresses 38.958ms
[32.008s][info][gc,phases,start] GC(20) Phase 3: Adjust pointers
[32.043s][info][gc,phases      ] GC(20) Phase 3: Adjust pointers 35.572ms
[32.043s][info][gc,phases,start] GC(20) Phase 4: Move objects
[32.058s][info][gc,phases      ] GC(20) Phase 4: Move objects 14.548ms
[32.062s][info][gc,heap        ] GC(20) ParNew: 311503K->0K(460096K)
[32.062s][info][gc,heap        ] GC(20) CMS: 99695K->60755K(3683136K)
[32.062s][info][gc,metaspace   ] GC(20) Metaspace: 143948K(153836K)->143948K(153836K) NonClass: 123289K(128220K)->123289K(128220K) Class: 20659K(25616K)->20659K(25616K)
[32.066s][info][gc             ] GC(20) Pause Full (System.gc()) 401M->59M(4046M) 188.458ms
[32.066s][info][gc,cpu         ] GC(20) User=0.19s Sys=0.00s Real=0.19s
[32.264s][info][gc,start       ] GC(21) Pause Young (Allocation Failure)
[32.264s][info][gc,task        ] GC(21) Using 6 workers of 6 for evacuation
[32.272s][info][gc,heap        ] GC(21) ParNew: 409024K->20595K(460096K)
[32.272s][info][gc,heap        ] GC(21) CMS: 60755K->60755K(3683136K)
[32.272s][info][gc,metaspace   ] GC(21) Metaspace: 138806K(153836K)->138806K(153836K) NonClass: 120091K(128220K)->120091K(128220K) Class: 18714K(25616K)->18714K(25616K)
[32.272s][info][gc             ] GC(21) Pause Young (Allocation Failure) 458M->79M(4046M) 8.444ms
[32.273s][info][gc,cpu         ] GC(21) User=0.02s Sys=0.00s Real=0.02s
[32.467s][info][gc,start       ] GC(22) Pause Young (Allocation Failure)
[32.468s][info][gc,task        ] GC(22) Using 6 workers of 6 for evacuation
[32.478s][info][gc,heap        ] GC(22) ParNew: 427880K->44312K(460096K)
[32.478s][info][gc,heap        ] GC(22) CMS: 60755K->60755K(3683136K)
[32.478s][info][gc,metaspace   ] GC(22) Metaspace: 138820K(153836K)->138820K(153836K) NonClass: 120105K(128220K)->120105K(128220K) Class: 18714K(25616K)->18714K(25616K)
[32.478s][info][gc             ] GC(22) Pause Young (Allocation Failure) 477M->102M(4046M) 10.119ms
[32.478s][info][gc,cpu         ] GC(22) User=0.02s Sys=0.00s Real=0.02s
[32.551s][info][gc,start       ] GC(23) Pause Young (Allocation Failure)
[32.551s][info][gc,task        ] GC(23) Using 6 workers of 6 for evacuation
[32.561s][info][gc,heap        ] GC(23) ParNew: 452582K->22495K(460096K)
[32.561s][info][gc,heap        ] GC(23) CMS: 60755K->85625K(3683136K)
[32.561s][info][gc,metaspace   ] GC(23) Metaspace: 138820K(153836K)->138820K(153836K) NonClass: 120106K(128220K)->120106K(128220K) Class: 18714K(25616K)->18714K(25616K)
[32.562s][info][gc             ] GC(23) Pause Young (Allocation Failure) 501M->105M(4046M) 10.273ms
[32.562s][info][gc,cpu         ] GC(23) User=0.00s Sys=0.00s Real=0.00s
[32.773s][info][gc,start       ] GC(24) Pause Young (Allocation Failure)
[32.773s][info][gc,task        ] GC(24) Using 6 workers of 6 for evacuation
[32.781s][info][gc,heap        ] GC(24) ParNew: 431519K->21542K(460096K)
[32.781s][info][gc,heap        ] GC(24) CMS: 85625K->85625K(3683136K)
[32.781s][info][gc,metaspace   ] GC(24) Metaspace: 138841K(153836K)->138841K(153836K) NonClass: 120127K(128220K)->120127K(128220K) Class: 18714K(25616K)->18714K(25616K)
[32.781s][info][gc             ] GC(24) Pause Young (Allocation Failure) 505M->104M(4046M) 7.921ms
[32.781s][info][gc,cpu         ] GC(24) User=0.00s Sys=0.00s Real=0.00s
[32.903s][info][gc,start       ] GC(25) Pause Young (Allocation Failure)
[32.903s][info][gc,task        ] GC(25) Using 6 workers of 6 for evacuation
[32.911s][info][gc,heap        ] GC(25) ParNew: 430566K->30632K(460096K)
[32.911s][info][gc,heap        ] GC(25) CMS: 85625K->85625K(3683136K)
[32.911s][info][gc,metaspace   ] GC(25) Metaspace: 138846K(153836K)->138846K(153836K) NonClass: 120131K(128220K)->120131K(128220K) Class: 18714K(25616K)->18714K(25616K)
[32.911s][info][gc             ] GC(25) Pause Young (Allocation Failure) 504M->113M(4046M) 8.582ms
[32.911s][info][gc,cpu         ] GC(25) User=0.02s Sys=0.00s Real=0.02s
[33.197s][info][gc,start       ] GC(26) Pause Young (Allocation Failure)
[33.197s][info][gc,task        ] GC(26) Using 6 workers of 6 for evacuation
[33.211s][info][gc,heap        ] GC(26) ParNew: 439634K->44877K(460096K)
[33.211s][info][gc,heap        ] GC(26) CMS: 85625K->102355K(3683136K)
[33.211s][info][gc,metaspace   ] GC(26) Metaspace: 138861K(153836K)->138861K(153836K) NonClass: 120146K(128220K)->120146K(128220K) Class: 18714K(25616K)->18714K(25616K)
[33.211s][info][gc             ] GC(26) Pause Young (Allocation Failure) 512M->143M(4046M) 14.313ms
[33.211s][info][gc,cpu         ] GC(26) User=0.02s Sys=0.00s Real=0.02s
[33.974s][info][gc,start       ] GC(27) Pause Young (Allocation Failure)
[33.974s][info][gc,task        ] GC(27) Using 6 workers of 6 for evacuation
[33.983s][info][gc,heap        ] GC(27) ParNew: 453516K->13984K(460096K)
[33.983s][info][gc,heap        ] GC(27) CMS: 102355K->110328K(3683136K)
[33.983s][info][gc,metaspace   ] GC(27) Metaspace: 138980K(153836K)->138980K(153836K) NonClass: 120265K(128220K)->120265K(128220K) Class: 18714K(25616K)->18714K(25616K)
[33.983s][info][gc             ] GC(27) Pause Young (Allocation Failure) 542M->121M(4046M) 9.725ms
[33.983s][info][gc,cpu         ] GC(27) User=0.05s Sys=0.00s Real=0.02s
[35.850s][info][gc,start       ] GC(28) Pause Young (Allocation Failure)
[35.850s][info][gc,task        ] GC(28) Using 6 workers of 6 for evacuation
[35.859s][info][gc,heap        ] GC(28) ParNew: 423008K->15534K(460096K)
[35.859s][info][gc,heap        ] GC(28) CMS: 110328K->110328K(3683136K)
[35.859s][info][gc,metaspace   ] GC(28) Metaspace: 139082K(154092K)->139082K(154092K) NonClass: 120367K(128476K)->120367K(128476K) Class: 18714K(25616K)->18714K(25616K)
[35.859s][info][gc             ] GC(28) Pause Young (Allocation Failure) 520M->122M(4046M) 8.329ms
[35.859s][info][gc,cpu         ] GC(28) User=0.03s Sys=0.00s Real=0.01s
[37.769s][info][gc,start       ] GC(29) Pause Young (Allocation Failure)
[37.769s][info][gc,task        ] GC(29) Using 6 workers of 6 for evacuation
[37.776s][info][gc,heap        ] GC(29) ParNew: 424558K->13817K(460096K)
[37.776s][info][gc,heap        ] GC(29) CMS: 110328K->110328K(3683136K)
[37.776s][info][gc,metaspace   ] GC(29) Metaspace: 139336K(154092K)->139336K(154092K) NonClass: 120622K(128476K)->120622K(128476K) Class: 18714K(25616K)->18714K(25616K)
[37.776s][info][gc             ] GC(29) Pause Young (Allocation Failure) 522M->121M(4046M) 7.399ms
[37.776s][info][gc,cpu         ] GC(29) User=0.02s Sys=0.00s Real=0.02s
[39.435s][info][gc,start       ] GC(30) Pause Young (Allocation Failure)
[39.435s][info][gc,task        ] GC(30) Using 6 workers of 6 for evacuation
[39.442s][info][gc,heap        ] GC(30) ParNew: 422841K->13921K(460096K)
[39.442s][info][gc,heap        ] GC(30) CMS: 110328K->110328K(3683136K)
[39.442s][info][gc,metaspace   ] GC(30) Metaspace: 139423K(154348K)->139423K(154348K) NonClass: 120708K(128732K)->120708K(128732K) Class: 18714K(25616K)->18714K(25616K)
[39.443s][info][gc             ] GC(30) Pause Young (Allocation Failure) 520M->121M(4046M) 7.990ms
[39.443s][info][gc,cpu         ] GC(30) User=0.09s Sys=0.00s Real=0.02s
[40.261s][info][gc,start       ] GC(31) Pause Full (System.gc())
[40.263s][info][gc,phases,start] GC(31) Phase 1: Mark live objects
[40.332s][info][gc,phases      ] GC(31) Phase 1: Mark live objects 69.471ms
[40.333s][info][gc,phases,start] GC(31) Phase 2: Compute new object addresses
[40.375s][info][gc,phases      ] GC(31) Phase 2: Compute new object addresses 42.801ms
[40.375s][info][gc,phases,start] GC(31) Phase 3: Adjust pointers
[40.414s][info][gc,phases      ] GC(31) Phase 3: Adjust pointers 38.348ms
[40.414s][info][gc,phases,start] GC(31) Phase 4: Move objects
[40.428s][info][gc,phases      ] GC(31) Phase 4: Move objects 14.101ms
[40.431s][info][gc,heap        ] GC(31) ParNew: 317406K->0K(460096K)
[40.431s][info][gc,heap        ] GC(31) CMS: 110328K->63627K(3683136K)
[40.431s][info][gc,metaspace   ] GC(31) Metaspace: 139667K(154348K)->139667K(154348K) NonClass: 120952K(128732K)->120952K(128732K) Class: 18714K(25616K)->18714K(25616K)
[40.432s][info][gc             ] GC(31) Pause Full (System.gc()) 417M->62M(4046M) 171.199ms
[40.432s][info][gc,cpu         ] GC(31) User=0.14s Sys=0.00s Real=0.17s
[40.650s][info][gc,start       ] GC(32) Pause Young (Allocation Failure)
[40.650s][info][gc,task        ] GC(32) Using 6 workers of 6 for evacuation
[40.660s][info][gc,heap        ] GC(32) ParNew: 409024K->20100K(460096K)
[40.660s][info][gc,heap        ] GC(32) CMS: 63627K->63627K(3683136K)
[40.660s][info][gc,metaspace   ] GC(32) Metaspace: 140012K(154604K)->140012K(154604K) NonClass: 121251K(128988K)->121251K(128988K) Class: 18760K(25616K)->18760K(25616K)
[40.660s][info][gc             ] GC(32) Pause Young (Allocation Failure) 461M->81M(4046M) 10.052ms
[40.660s][info][gc,cpu         ] GC(32) User=0.03s Sys=0.00s Real=0.01s
[40.846s][info][gc,start       ] GC(33) Pause Young (GCLocker Initiated GC)
[40.847s][info][gc,task        ] GC(33) Using 6 workers of 6 for evacuation
[40.857s][info][gc,heap        ] GC(33) ParNew: 429252K->35442K(460096K)
[40.857s][info][gc,heap        ] GC(33) CMS: 63627K->63627K(3683136K)
[40.857s][info][gc,metaspace   ] GC(33) Metaspace: 140043K(154604K)->140043K(154604K) NonClass: 121282K(128988K)->121282K(128988K) Class: 18760K(25616K)->18760K(25616K)
[40.857s][info][gc             ] GC(33) Pause Young (GCLocker Initiated GC) 481M->96M(4046M) 10.238ms
[40.857s][info][gc,cpu         ] GC(33) User=0.02s Sys=0.00s Real=0.02s
[40.910s][info][gc,start       ] GC(34) Pause Young (Allocation Failure)
[40.910s][info][gc,task        ] GC(34) Using 6 workers of 6 for evacuation
[40.920s][info][gc,heap        ] GC(34) ParNew: 441123K->29108K(460096K)
[40.920s][info][gc,heap        ] GC(34) CMS: 63627K->87133K(3683136K)
[40.920s][info][gc,metaspace   ] GC(34) Metaspace: 140044K(154604K)->140044K(154604K) NonClass: 121283K(128988K)->121283K(128988K) Class: 18760K(25616K)->18760K(25616K)
[40.920s][info][gc             ] GC(34) Pause Young (Allocation Failure) 492M->113M(4046M) 10.239ms
[40.920s][info][gc,cpu         ] GC(34) User=0.02s Sys=0.02s Real=0.02s
[41.116s][info][gc,start       ] GC(35) Pause Young (Allocation Failure)
[41.116s][info][gc,task        ] GC(35) Using 6 workers of 6 for evacuation
[41.125s][info][gc,heap        ] GC(35) ParNew: 438132K->25152K(460096K)
[41.125s][info][gc,heap        ] GC(35) CMS: 87133K->87133K(3683136K)
[41.125s][info][gc,metaspace   ] GC(35) Metaspace: 140051K(154604K)->140051K(154604K) NonClass: 121290K(128988K)->121290K(128988K) Class: 18760K(25616K)->18760K(25616K)
[41.125s][info][gc             ] GC(35) Pause Young (Allocation Failure) 512M->109M(4046M) 9.188ms
[41.125s][info][gc,cpu         ] GC(35) User=0.02s Sys=0.00s Real=0.01s
[41.248s][info][gc,start       ] GC(36) Pause Young (Allocation Failure)
[41.249s][info][gc,task        ] GC(36) Using 6 workers of 6 for evacuation
[41.259s][info][gc,heap        ] GC(36) ParNew: 430219K->33318K(460096K)
[41.259s][info][gc,heap        ] GC(36) CMS: 87133K->87133K(3683136K)
[41.259s][info][gc,metaspace   ] GC(36) Metaspace: 140067K(154604K)->140067K(154604K) NonClass: 121306K(128988K)->121306K(128988K) Class: 18760K(25616K)->18760K(25616K)
[41.259s][info][gc             ] GC(36) Pause Young (Allocation Failure) 505M->117M(4046M) 10.727ms
[41.259s][info][gc,cpu         ] GC(36) User=0.03s Sys=0.00s Real=0.02s
[41.493s][info][gc,start       ] GC(37) Pause Young (Allocation Failure)
[41.493s][info][gc,task        ] GC(37) Using 6 workers of 6 for evacuation
[41.506s][info][gc,heap        ] GC(37) ParNew: 442342K->43732K(460096K)
[41.506s][info][gc,heap        ] GC(37) CMS: 87133K->105488K(3683136K)
[41.506s][info][gc,metaspace   ] GC(37) Metaspace: 140072K(154604K)->140072K(154604K) NonClass: 121311K(128988K)->121311K(128988K) Class: 18760K(25616K)->18760K(25616K)
[41.506s][info][gc             ] GC(37) Pause Young (Allocation Failure) 517M->145M(4046M) 13.007ms
[41.506s][info][gc,cpu         ] GC(37) User=0.03s Sys=0.00s Real=0.02s
[42.192s][info][gc,start       ] GC(38) Pause Young (Allocation Failure)
[42.192s][info][gc,task        ] GC(38) Using 6 workers of 6 for evacuation
[42.201s][info][gc,heap        ] GC(38) ParNew: 452756K->21560K(460096K)
[42.201s][info][gc,heap        ] GC(38) CMS: 105488K->113468K(3683136K)
[42.201s][info][gc,metaspace   ] GC(38) Metaspace: 140108K(154604K)->140108K(154604K) NonClass: 121347K(128988K)->121347K(128988K) Class: 18760K(25616K)->18760K(25616K)
[42.201s][info][gc             ] GC(38) Pause Young (Allocation Failure) 545M->131M(4046M) 8.627ms
[42.201s][info][gc,cpu         ] GC(38) User=0.02s Sys=0.00s Real=0.00s
[44.017s][info][gc,start       ] GC(39) Pause Young (Allocation Failure)
[44.017s][info][gc,task        ] GC(39) Using 6 workers of 6 for evacuation
[44.025s][info][gc,heap        ] GC(39) ParNew: 430584K->19807K(460096K)
[44.025s][info][gc,heap        ] GC(39) CMS: 113468K->113468K(3683136K)
[44.025s][info][gc,metaspace   ] GC(39) Metaspace: 140163K(154604K)->140163K(154604K) NonClass: 121402K(128988K)->121402K(128988K) Class: 18760K(25616K)->18760K(25616K)
[44.026s][info][gc             ] GC(39) Pause Young (Allocation Failure) 531M->130M(4046M) 8.466ms
[44.026s][info][gc,cpu         ] GC(39) User=0.02s Sys=0.00s Real=0.02s
[45.945s][info][gc,start       ] GC(40) Pause Young (GCLocker Initiated GC)
[45.945s][info][gc,task        ] GC(40) Using 6 workers of 6 for evacuation
[45.952s][info][gc,heap        ] GC(40) ParNew: 428831K->16223K(460096K)
[45.952s][info][gc,heap        ] GC(40) CMS: 113468K->113468K(3683136K)
[45.952s][info][gc,metaspace   ] GC(40) Metaspace: 140209K(154860K)->140209K(154860K) NonClass: 121448K(129244K)->121448K(129244K) Class: 18760K(25616K)->18760K(25616K)
[45.952s][info][gc             ] GC(40) Pause Young (GCLocker Initiated GC) 529M->126M(4046M) 7.063ms
[45.952s][info][gc,cpu         ] GC(40) User=0.00s Sys=0.00s Real=0.00s
[47.680s][info][gc,start       ] GC(41) Pause Young (Allocation Failure)
[47.680s][info][gc,task        ] GC(41) Using 6 workers of 6 for evacuation
[47.688s][info][gc,heap        ] GC(41) ParNew: 425198K->12963K(460096K)
[47.688s][info][gc,heap        ] GC(41) CMS: 113468K->113468K(3683136K)
[47.688s][info][gc,metaspace   ] GC(41) Metaspace: 140223K(154860K)->140223K(154860K) NonClass: 121462K(129244K)->121462K(129244K) Class: 18761K(25616K)->18761K(25616K)
[47.688s][info][gc             ] GC(41) Pause Young (Allocation Failure) 526M->123M(4046M) 8.555ms
[47.688s][info][gc,cpu         ] GC(41) User=0.03s Sys=0.00s Real=0.01s
[48.405s][info][gc,start       ] GC(42) Pause Full (System.gc())
[48.407s][info][gc,phases,start] GC(42) Phase 1: Mark live objects
[48.498s][info][gc,phases      ] GC(42) Phase 1: Mark live objects 90.671ms
[48.498s][info][gc,phases,start] GC(42) Phase 2: Compute new object addresses
[48.538s][info][gc,phases      ] GC(42) Phase 2: Compute new object addresses 40.573ms
[48.538s][info][gc,phases,start] GC(42) Phase 3: Adjust pointers
[48.576s][info][gc,phases      ] GC(42) Phase 3: Adjust pointers 37.693ms
[48.576s][info][gc,phases,start] GC(42) Phase 4: Move objects
[48.590s][info][gc,phases      ] GC(42) Phase 4: Move objects 13.460ms
[48.593s][info][gc,heap        ] GC(42) ParNew: 311471K->0K(460096K)
[48.593s][info][gc,heap        ] GC(42) CMS: 113468K->64051K(3683136K)
[48.593s][info][gc,metaspace   ] GC(42) Metaspace: 140289K(154860K)->140289K(154860K) NonClass: 121527K(129244K)->121527K(129244K) Class: 18761K(25616K)->18761K(25616K)
[48.594s][info][gc             ] GC(42) Pause Full (System.gc()) 414M->62M(4046M) 189.296ms
[48.594s][info][gc,cpu         ] GC(42) User=0.06s Sys=0.03s Real=0.19s
[48.789s][info][gc,start       ] GC(43) Pause Young (Allocation Failure)
[48.790s][info][gc,task        ] GC(43) Using 6 workers of 6 for evacuation
[48.798s][info][gc,heap        ] GC(43) ParNew: 409024K->18840K(460096K)
[48.798s][info][gc,heap        ] GC(43) CMS: 64051K->64051K(3683136K)
[48.798s][info][gc,metaspace   ] GC(43) Metaspace: 140338K(154860K)->140338K(154860K) NonClass: 121598K(129244K)->121598K(129244K) Class: 18740K(25616K)->18740K(25616K)
[48.798s][info][gc             ] GC(43) Pause Young (Allocation Failure) 461M->80M(4046M) 8.152ms
[48.798s][info][gc,cpu         ] GC(43) User=0.02s Sys=0.00s Real=0.01s
[48.978s][info][gc,start       ] GC(44) Pause Young (Allocation Failure)
[48.978s][info][gc,task        ] GC(44) Using 6 workers of 6 for evacuation
[48.988s][info][gc,heap        ] GC(44) ParNew: 425211K->41061K(460096K)
[48.988s][info][gc,heap        ] GC(44) CMS: 64051K->64051K(3683136K)
[48.988s][info][gc,metaspace   ] GC(44) Metaspace: 140341K(154860K)->140341K(154860K) NonClass: 121601K(129244K)->121601K(129244K) Class: 18740K(25616K)->18740K(25616K)
[48.988s][info][gc             ] GC(44) Pause Young (Allocation Failure) 477M->102M(4046M) 10.111ms
[48.988s][info][gc,cpu         ] GC(44) User=0.00s Sys=0.00s Real=0.01s
[49.046s][info][gc,start       ] GC(45) Pause Young (Allocation Failure)
[49.046s][info][gc,task        ] GC(45) Using 6 workers of 6 for evacuation
[49.060s][info][gc,heap        ] GC(45) ParNew: 447503K->24767K(460096K)
[49.060s][info][gc,heap        ] GC(45) CMS: 64051K->86800K(3683136K)
[49.060s][info][gc,metaspace   ] GC(45) Metaspace: 140342K(154860K)->140342K(154860K) NonClass: 121602K(129244K)->121602K(129244K) Class: 18740K(25616K)->18740K(25616K)
[49.060s][info][gc             ] GC(45) Pause Young (Allocation Failure) 499M->108M(4046M) 13.938ms
[49.060s][info][gc,cpu         ] GC(45) User=0.08s Sys=0.00s Real=0.02s
[49.275s][info][gc,start       ] GC(46) Pause Young (Allocation Failure)
[49.275s][info][gc,task        ] GC(46) Using 6 workers of 6 for evacuation
[49.283s][info][gc,heap        ] GC(46) ParNew: 433791K->22126K(460096K)
[49.283s][info][gc,heap        ] GC(46) CMS: 86800K->86800K(3683136K)
[49.283s][info][gc,metaspace   ] GC(46) Metaspace: 140359K(154860K)->140359K(154860K) NonClass: 121618K(129244K)->121618K(129244K) Class: 18741K(25616K)->18741K(25616K)
[49.283s][info][gc             ] GC(46) Pause Young (Allocation Failure) 508M->106M(4046M) 8.458ms
[49.283s][info][gc,cpu         ] GC(46) User=0.02s Sys=0.00s Real=0.02s
[49.343s][info][gc,start       ] GC(47) Pause Young (Allocation Failure)
[49.343s][info][gc,task        ] GC(47) Using 6 workers of 6 for evacuation
[49.354s][info][gc,heap        ] GC(47) ParNew: 428320K->35165K(460096K)
[49.354s][info][gc,heap        ] GC(47) CMS: 86800K->86800K(3683136K)
[49.354s][info][gc,metaspace   ] GC(47) Metaspace: 140359K(154860K)->140359K(154860K) NonClass: 121618K(129244K)->121618K(129244K) Class: 18741K(25616K)->18741K(25616K)
[49.354s][info][gc             ] GC(47) Pause Young (Allocation Failure) 503M->119M(4046M) 11.188ms
[49.354s][info][gc,cpu         ] GC(47) User=0.02s Sys=0.00s Real=0.02s
[49.558s][info][gc,start       ] GC(48) Pause Young (Allocation Failure)
[49.558s][info][gc,task        ] GC(48) Using 6 workers of 6 for evacuation
[49.571s][info][gc,heap        ] GC(48) ParNew: 444189K->48319K(460096K)
[49.571s][info][gc,heap        ] GC(48) CMS: 86800K->105631K(3683136K)
[49.571s][info][gc,metaspace   ] GC(48) Metaspace: 140364K(154860K)->140364K(154860K) NonClass: 121623K(129244K)->121623K(129244K) Class: 18741K(25616K)->18741K(25616K)
[49.571s][info][gc             ] GC(48) Pause Young (Allocation Failure) 518M->150M(4046M) 13.114ms
[49.571s][info][gc,cpu         ] GC(48) User=0.02s Sys=0.00s Real=0.02s
[50.245s][info][gc,start       ] GC(49) Pause Young (Allocation Failure)
[50.245s][info][gc,task        ] GC(49) Using 6 workers of 6 for evacuation
[50.254s][info][gc,heap        ] GC(49) ParNew: 457343K->25015K(460096K)
[50.254s][info][gc,heap        ] GC(49) CMS: 105631K->112823K(3683136K)
[50.254s][info][gc,metaspace   ] GC(49) Metaspace: 140399K(154860K)->140399K(154860K) NonClass: 121658K(129244K)->121658K(129244K) Class: 18741K(25616K)->18741K(25616K)
[50.254s][info][gc             ] GC(49) Pause Young (Allocation Failure) 549M->134M(4046M) 8.217ms
[50.254s][info][gc,cpu         ] GC(49) User=0.02s Sys=0.00s Real=0.00s
[52.026s][info][gc,start       ] GC(50) Pause Young (Allocation Failure)
[52.026s][info][gc,task        ] GC(50) Using 6 workers of 6 for evacuation
[52.035s][info][gc,heap        ] GC(50) ParNew: 434039K->19253K(460096K)
[52.035s][info][gc,heap        ] GC(50) CMS: 112823K->112823K(3683136K)
[52.035s][info][gc,metaspace   ] GC(50) Metaspace: 140407K(154860K)->140407K(154860K) NonClass: 121666K(129244K)->121666K(129244K) Class: 18741K(25616K)->18741K(25616K)
[52.035s][info][gc             ] GC(50) Pause Young (Allocation Failure) 534M->128M(4046M) 9.344ms
[52.035s][info][gc,cpu         ] GC(50) User=0.02s Sys=0.00s Real=0.02s
[53.871s][info][gc,start       ] GC(51) Pause Young (GCLocker Initiated GC)
[53.872s][info][gc,task        ] GC(51) Using 6 workers of 6 for evacuation
[53.879s][info][gc,heap        ] GC(51) ParNew: 428304K->18438K(460096K)
[53.880s][info][gc,heap        ] GC(51) CMS: 112823K->112823K(3683136K)
[53.880s][info][gc,metaspace   ] GC(51) Metaspace: 140417K(155116K)->140417K(155116K) NonClass: 121675K(129500K)->121675K(129500K) Class: 18741K(25616K)->18741K(25616K)
[53.880s][info][gc             ] GC(51) Pause Young (GCLocker Initiated GC) 528M->128M(4046M) 8.095ms
[53.880s][info][gc,cpu         ] GC(51) User=0.00s Sys=0.00s Real=0.00s
[55.578s][info][gc,start       ] GC(52) Pause Young (Allocation Failure)
[55.578s][info][gc,task        ] GC(52) Using 6 workers of 6 for evacuation
[55.586s][info][gc,heap        ] GC(52) ParNew: 427267K->17198K(460096K)
[55.586s][info][gc,heap        ] GC(52) CMS: 112823K->112823K(3683136K)
[55.586s][info][gc,metaspace   ] GC(52) Metaspace: 140421K(155116K)->140421K(155116K) NonClass: 121679K(129500K)->121679K(129500K) Class: 18741K(25616K)->18741K(25616K)
[55.586s][info][gc             ] GC(52) Pause Young (Allocation Failure) 527M->126M(4046M) 7.644ms
[55.586s][info][gc,cpu         ] GC(52) User=0.00s Sys=0.00s Real=0.00s
[56.262s][info][gc,start       ] GC(53) Pause Full (System.gc())
[56.267s][info][gc,phases,start] GC(53) Phase 1: Mark live objects
[56.335s][info][gc,phases      ] GC(53) Phase 1: Mark live objects 67.870ms
[56.335s][info][gc,phases,start] GC(53) Phase 2: Compute new object addresses
[56.377s][info][gc,phases      ] GC(53) Phase 2: Compute new object addresses 41.666ms
[56.377s][info][gc,phases,start] GC(53) Phase 3: Adjust pointers
[56.415s][info][gc,phases      ] GC(53) Phase 3: Adjust pointers 38.594ms
[56.415s][info][gc,phases,start] GC(53) Phase 4: Move objects
[56.429s][info][gc,phases      ] GC(53) Phase 4: Move objects 13.903ms
[56.433s][info][gc,heap        ] GC(53) ParNew: 301414K->0K(460096K)
[56.433s][info][gc,heap        ] GC(53) CMS: 112823K->64452K(3683136K)
[56.433s][info][gc,metaspace   ] GC(53) Metaspace: 140495K(155116K)->140495K(155116K) NonClass: 121753K(129500K)->121753K(129500K) Class: 18741K(25616K)->18741K(25616K)
[56.433s][info][gc             ] GC(53) Pause Full (System.gc()) 404M->62M(4046M) 171.366ms
[56.434s][info][gc,cpu         ] GC(53) User=0.17s Sys=0.00s Real=0.17s
[56.645s][info][gc,start       ] GC(54) Pause Young (Allocation Failure)
[56.645s][info][gc,task        ] GC(54) Using 6 workers of 6 for evacuation
[56.654s][info][gc,heap        ] GC(54) ParNew: 409024K->20069K(460096K)
[56.654s][info][gc,heap        ] GC(54) CMS: 64452K->64452K(3683136K)
[56.654s][info][gc,metaspace   ] GC(54) Metaspace: 140617K(155116K)->140617K(155116K) NonClass: 121875K(129500K)->121875K(129500K) Class: 18741K(25616K)->18741K(25616K)
[56.654s][info][gc             ] GC(54) Pause Young (Allocation Failure) 462M->82M(4046M) 8.465ms
[56.654s][info][gc,cpu         ] GC(54) User=0.03s Sys=0.00s Real=0.00s
[56.856s][info][gc,start       ] GC(55) Pause Young (Allocation Failure)
[56.856s][info][gc,task        ] GC(55) Using 6 workers of 6 for evacuation
[56.865s][info][gc,heap        ] GC(55) ParNew: 429093K->45219K(460096K)
[56.865s][info][gc,heap        ] GC(55) CMS: 64452K->64452K(3683136K)
[56.865s][info][gc,metaspace   ] GC(55) Metaspace: 140618K(155116K)->140618K(155116K) NonClass: 121877K(129500K)->121877K(129500K) Class: 18741K(25616K)->18741K(25616K)
[56.865s][info][gc             ] GC(55) Pause Young (Allocation Failure) 481M->107M(4046M) 9.413ms
[56.865s][info][gc,cpu         ] GC(55) User=0.02s Sys=0.00s Real=0.02s
[56.920s][info][gc,start       ] GC(56) Pause Young (Allocation Failure)
[56.920s][info][gc,task        ] GC(56) Using 6 workers of 6 for evacuation
[56.929s][info][gc,heap        ] GC(56) ParNew: 451257K->26150K(460096K)
[56.929s][info][gc,heap        ] GC(56) CMS: 64452K->88622K(3683136K)
[56.929s][info][gc,metaspace   ] GC(56) Metaspace: 140618K(155116K)->140618K(155116K) NonClass: 121877K(129500K)->121877K(129500K) Class: 18741K(25616K)->18741K(25616K)
[56.929s][info][gc             ] GC(56) Pause Young (Allocation Failure) 503M->112M(4046M) 9.417ms
[56.929s][info][gc,cpu         ] GC(56) User=0.02s Sys=0.00s Real=0.02s
[57.129s][info][gc,start       ] GC(57) Pause Young (Allocation Failure)
[57.129s][info][gc,task        ] GC(57) Using 6 workers of 6 for evacuation
[57.136s][info][gc,heap        ] GC(57) ParNew: 431873K->21375K(460096K)
[57.136s][info][gc,heap        ] GC(57) CMS: 88622K->88622K(3683136K)
[57.136s][info][gc,metaspace   ] GC(57) Metaspace: 140619K(155116K)->140619K(155116K) NonClass: 121878K(129500K)->121878K(129500K) Class: 18741K(25616K)->18741K(25616K)
[57.136s][info][gc             ] GC(57) Pause Young (Allocation Failure) 508M->107M(4046M) 7.463ms
[57.136s][info][gc,cpu         ] GC(57) User=0.03s Sys=0.00s Real=0.02s
[57.197s][info][gc,start       ] GC(58) Pause Young (Allocation Failure)
[57.197s][info][gc,task        ] GC(58) Using 6 workers of 6 for evacuation
[57.207s][info][gc,heap        ] GC(58) ParNew: 427794K->34280K(460096K)
[57.207s][info][gc,heap        ] GC(58) CMS: 88622K->88622K(3683136K)
[57.207s][info][gc,metaspace   ] GC(58) Metaspace: 140620K(155116K)->140620K(155116K) NonClass: 121878K(129500K)->121878K(129500K) Class: 18741K(25616K)->18741K(25616K)
[57.207s][info][gc             ] GC(58) Pause Young (Allocation Failure) 504M->120M(4046M) 9.588ms
[57.207s][info][gc,cpu         ] GC(58) User=0.00s Sys=0.00s Real=0.00s
[57.384s][info][gc,start       ] GC(59) Pause Young (Allocation Failure)
[57.384s][info][gc,task        ] GC(59) Using 6 workers of 6 for evacuation
[57.397s][info][gc,heap        ] GC(59) ParNew: 443268K->49165K(460096K)
[57.397s][info][gc,heap        ] GC(59) CMS: 88622K->106099K(3683136K)
[57.397s][info][gc,metaspace   ] GC(59) Metaspace: 140620K(155116K)->140620K(155116K) NonClass: 121879K(129500K)->121879K(129500K) Class: 18741K(25616K)->18741K(25616K)
[57.397s][info][gc             ] GC(59) Pause Young (Allocation Failure) 519M->151M(4046M) 12.982ms
[57.397s][info][gc,cpu         ] GC(59) User=0.02s Sys=0.00s Real=0.02s
[58.064s][info][gc,start       ] GC(60) Pause Young (GCLocker Initiated GC)
[58.064s][info][gc,task        ] GC(60) Using 6 workers of 6 for evacuation
[58.073s][info][gc,heap        ] GC(60) ParNew: 458189K->23054K(460096K)
[58.073s][info][gc,heap        ] GC(60) CMS: 106099K->114010K(3683136K)
[58.073s][info][gc,metaspace   ] GC(60) Metaspace: 140655K(155116K)->140655K(155116K) NonClass: 121912K(129500K)->121912K(129500K) Class: 18742K(25616K)->18742K(25616K)
[58.073s][info][gc             ] GC(60) Pause Young (GCLocker Initiated GC) 551M->133M(4046M) 8.747ms
[58.073s][info][gc,cpu         ] GC(60) User=0.03s Sys=0.00s Real=0.02s
[59.898s][info][gc,start       ] GC(61) Pause Young (Allocation Failure)
[59.898s][info][gc,task        ] GC(61) Using 6 workers of 6 for evacuation
[59.905s][info][gc,heap        ] GC(61) ParNew: 432078K->17777K(460096K)
[59.905s][info][gc,heap        ] GC(61) CMS: 114010K->114010K(3683136K)
[59.905s][info][gc,metaspace   ] GC(61) Metaspace: 140658K(155116K)->140658K(155116K) NonClass: 121916K(129500K)->121916K(129500K) Class: 18742K(25616K)->18742K(25616K)
[59.905s][info][gc             ] GC(61) Pause Young (Allocation Failure) 533M->128M(4046M) 6.861ms
[59.905s][info][gc,cpu         ] GC(61) User=0.06s Sys=0.00s Real=0.00s
[61.715s][info][gc,start       ] GC(62) Pause Young (GCLocker Initiated GC)
[61.716s][info][gc,task        ] GC(62) Using 6 workers of 6 for evacuation
[61.723s][info][gc,heap        ] GC(62) ParNew: 426801K->18499K(460096K)
[61.723s][info][gc,heap        ] GC(62) CMS: 114010K->114010K(3683136K)
[61.723s][info][gc,metaspace   ] GC(62) Metaspace: 140661K(155116K)->140661K(155116K) NonClass: 121919K(129500K)->121919K(129500K) Class: 18742K(25616K)->18742K(25616K)
[61.723s][info][gc             ] GC(62) Pause Young (GCLocker Initiated GC) 528M->129M(4046M) 7.489ms
[61.723s][info][gc,cpu         ] GC(62) User=0.00s Sys=0.00s Real=0.00s
[63.390s][info][gc,start       ] GC(63) Pause Young (Allocation Failure)
[63.391s][info][gc,task        ] GC(63) Using 6 workers of 6 for evacuation
[63.398s][info][gc,heap        ] GC(63) ParNew: 427523K->17522K(460096K)
[63.398s][info][gc,heap        ] GC(63) CMS: 114010K->114010K(3683136K)
[63.398s][info][gc,metaspace   ] GC(63) Metaspace: 140678K(155116K)->140678K(155116K) NonClass: 121936K(129500K)->121936K(129500K) Class: 18742K(25616K)->18742K(25616K)
[63.398s][info][gc             ] GC(63) Pause Young (Allocation Failure) 528M->128M(4046M) 7.574ms
[63.398s][info][gc,cpu         ] GC(63) User=0.05s Sys=0.00s Real=0.02s
[64.058s][info][gc,start       ] GC(64) Pause Full (System.gc())
[64.062s][info][gc,phases,start] GC(64) Phase 1: Mark live objects
[64.132s][info][gc,phases      ] GC(64) Phase 1: Mark live objects 70.588ms
[64.132s][info][gc,phases,start] GC(64) Phase 2: Compute new object addresses
[64.175s][info][gc,phases      ] GC(64) Phase 2: Compute new object addresses 42.237ms
[64.175s][info][gc,phases,start] GC(64) Phase 3: Adjust pointers
[64.214s][info][gc,phases      ] GC(64) Phase 3: Adjust pointers 39.422ms
[64.214s][info][gc,phases,start] GC(64) Phase 4: Move objects
[64.228s][info][gc,phases      ] GC(64) Phase 4: Move objects 13.988ms
[64.232s][info][gc,heap        ] GC(64) ParNew: 300658K->0K(460096K)
[64.232s][info][gc,heap        ] GC(64) CMS: 114010K->64842K(3683136K)
[64.232s][info][gc,metaspace   ] GC(64) Metaspace: 140790K(155372K)->140790K(155372K) NonClass: 122047K(129756K)->122047K(129756K) Class: 18742K(25616K)->18742K(25616K)
[64.232s][info][gc             ] GC(64) Pause Full (System.gc()) 404M->63M(4046M) 173.957ms
[64.232s][info][gc,cpu         ] GC(64) User=0.22s Sys=0.00s Real=0.17s
[64.418s][info][gc,start       ] GC(65) Pause Young (Allocation Failure)
[64.418s][info][gc,task        ] GC(65) Using 6 workers of 6 for evacuation
[64.426s][info][gc,heap        ] GC(65) ParNew: 409024K->19645K(460096K)
[64.426s][info][gc,heap        ] GC(65) CMS: 64842K->64842K(3683136K)
[64.426s][info][gc,metaspace   ] GC(65) Metaspace: 140886K(155372K)->140886K(155372K) NonClass: 122143K(129756K)->122143K(129756K) Class: 18742K(25616K)->18742K(25616K)
[64.426s][info][gc             ] GC(65) Pause Young (Allocation Failure) 462M->82M(4046M) 8.460ms
[64.426s][info][gc,cpu         ] GC(65) User=0.00s Sys=0.00s Real=0.00s
[64.609s][info][gc,start       ] GC(66) Pause Young (Allocation Failure)
[64.609s][info][gc,task        ] GC(66) Using 6 workers of 6 for evacuation
[64.619s][info][gc,heap        ] GC(66) ParNew: 428669K->40579K(460096K)
[64.619s][info][gc,heap        ] GC(66) CMS: 64842K->64842K(3683136K)
[64.619s][info][gc,metaspace   ] GC(66) Metaspace: 140886K(155372K)->140886K(155372K) NonClass: 122143K(129756K)->122143K(129756K) Class: 18742K(25616K)->18742K(25616K)
[64.619s][info][gc             ] GC(66) Pause Young (Allocation Failure) 481M->102M(4046M) 10.211ms
[64.619s][info][gc,cpu         ] GC(66) User=0.00s Sys=0.00s Real=0.01s
[64.671s][info][gc,start       ] GC(67) Pause Young (Allocation Failure)
[64.671s][info][gc,task        ] GC(67) Using 6 workers of 6 for evacuation
[64.682s][info][gc,heap        ] GC(67) ParNew: 448166K->34636K(460096K)
[64.682s][info][gc,heap        ] GC(67) CMS: 64842K->89768K(3683136K)
[64.682s][info][gc,metaspace   ] GC(67) Metaspace: 140886K(155372K)->140886K(155372K) NonClass: 122143K(129756K)->122143K(129756K) Class: 18742K(25616K)->18742K(25616K)
[64.682s][info][gc             ] GC(67) Pause Young (Allocation Failure) 500M->121M(4046M) 11.112ms
[64.682s][info][gc,cpu         ] GC(67) User=0.03s Sys=0.00s Real=0.02s
[64.890s][info][gc,start       ] GC(68) Pause Young (Allocation Failure)
[64.890s][info][gc,task        ] GC(68) Using 6 workers of 6 for evacuation
[64.898s][info][gc,heap        ] GC(68) ParNew: 443660K->23133K(460096K)
[64.898s][info][gc,heap        ] GC(68) CMS: 89768K->89768K(3683136K)
[64.898s][info][gc,metaspace   ] GC(68) Metaspace: 140886K(155372K)->140886K(155372K) NonClass: 122143K(129756K)->122143K(129756K) Class: 18742K(25616K)->18742K(25616K)
[64.898s][info][gc             ] GC(68) Pause Young (Allocation Failure) 520M->110M(4046M) 8.803ms
[64.898s][info][gc,cpu         ] GC(68) User=0.00s Sys=0.00s Real=0.00s
[64.949s][info][gc,start       ] GC(69) Pause Young (Allocation Failure)
[64.950s][info][gc,task        ] GC(69) Using 6 workers of 6 for evacuation
[64.958s][info][gc,heap        ] GC(69) ParNew: 431898K->36553K(460096K)
[64.958s][info][gc,heap        ] GC(69) CMS: 89768K->89768K(3683136K)
[64.959s][info][gc,metaspace   ] GC(69) Metaspace: 140886K(155372K)->140886K(155372K) NonClass: 122143K(129756K)->122143K(129756K) Class: 18742K(25616K)->18742K(25616K)
[64.959s][info][gc             ] GC(69) Pause Young (Allocation Failure) 509M->123M(4046M) 9.064ms
[64.959s][info][gc,cpu         ] GC(69) User=0.00s Sys=0.00s Real=0.00s
[65.150s][info][gc,start       ] GC(70) Pause Young (Allocation Failure)
[65.150s][info][gc,task        ] GC(70) Using 6 workers of 6 for evacuation
[65.167s][info][gc,heap        ] GC(70) ParNew: 445577K->51072K(460096K)
[65.167s][info][gc,heap        ] GC(70) CMS: 89768K->108691K(3683136K)
[65.167s][info][gc,metaspace   ] GC(70) Metaspace: 140886K(155372K)->140886K(155372K) NonClass: 122143K(129756K)->122143K(129756K) Class: 18742K(25616K)->18742K(25616K)
[65.167s][info][gc             ] GC(70) Pause Young (Allocation Failure) 522M->156M(4046M) 17.209ms
[65.167s][info][gc,cpu         ] GC(70) User=0.02s Sys=0.00s Real=0.02s
[65.827s][info][gc,start       ] GC(71) Pause Young (Allocation Failure)
[65.827s][info][gc,task        ] GC(71) Using 6 workers of 6 for evacuation
[65.835s][info][gc,heap        ] GC(71) ParNew: 460096K->19628K(460096K)
[65.835s][info][gc,heap        ] GC(71) CMS: 108691K->120510K(3683136K)
[65.835s][info][gc,metaspace   ] GC(71) Metaspace: 140902K(155372K)->140902K(155372K) NonClass: 122159K(129756K)->122159K(129756K) Class: 18742K(25616K)->18742K(25616K)
[65.835s][info][gc             ] GC(71) Pause Young (Allocation Failure) 555M->136M(4046M) 8.543ms
[65.835s][info][gc,cpu         ] GC(71) User=0.00s Sys=0.00s Real=0.00s
[67.695s][info][gc,start       ] GC(72) Pause Young (Allocation Failure)
[67.696s][info][gc,task        ] GC(72) Using 6 workers of 6 for evacuation
[67.703s][info][gc,heap        ] GC(72) ParNew: 428652K->17139K(460096K)
[67.703s][info][gc,heap        ] GC(72) CMS: 120510K->120510K(3683136K)
[67.703s][info][gc,metaspace   ] GC(72) Metaspace: 140908K(155372K)->140908K(155372K) NonClass: 122165K(129756K)->122165K(129756K) Class: 18742K(25616K)->18742K(25616K)
[67.703s][info][gc             ] GC(72) Pause Young (Allocation Failure) 536M->134M(4046M) 7.217ms
[67.703s][info][gc,cpu         ] GC(72) User=0.06s Sys=0.00s Real=0.00s
[69.485s][info][gc,start       ] GC(73) Pause Young (Allocation Failure)
[69.485s][info][gc,task        ] GC(73) Using 6 workers of 6 for evacuation
[69.493s][info][gc,heap        ] GC(73) ParNew: 426163K->19266K(460096K)
[69.493s][info][gc,heap        ] GC(73) CMS: 120510K->120510K(3683136K)
[69.493s][info][gc,metaspace   ] GC(73) Metaspace: 140909K(155372K)->140909K(155372K) NonClass: 122166K(129756K)->122166K(129756K) Class: 18742K(25616K)->18742K(25616K)
[69.493s][info][gc             ] GC(73) Pause Young (Allocation Failure) 533M->136M(4046M) 7.768ms
[69.493s][info][gc,cpu         ] GC(73) User=0.00s Sys=0.00s Real=0.00s
[71.228s][info][gc,start       ] GC(74) Pause Young (Allocation Failure)
[71.228s][info][gc,task        ] GC(74) Using 6 workers of 6 for evacuation
[71.235s][info][gc,heap        ] GC(74) ParNew: 427855K->12721K(460096K)
[71.235s][info][gc,heap        ] GC(74) CMS: 120510K->120510K(3683136K)
[71.235s][info][gc,metaspace   ] GC(74) Metaspace: 140910K(155372K)->140910K(155372K) NonClass: 122167K(129756K)->122167K(129756K) Class: 18742K(25616K)->18742K(25616K)
[71.235s][info][gc             ] GC(74) Pause Young (Allocation Failure) 535M->130M(4046M) 6.946ms
[71.235s][info][gc,cpu         ] GC(74) User=0.00s Sys=0.00s Real=0.00s
[71.795s][info][gc,start       ] GC(75) Pause Full (System.gc())
[71.798s][info][gc,phases,start] GC(75) Phase 1: Mark live objects
[71.867s][info][gc,phases      ] GC(75) Phase 1: Mark live objects 68.422ms
[71.867s][info][gc,phases,start] GC(75) Phase 2: Compute new object addresses
[71.908s][info][gc,phases      ] GC(75) Phase 2: Compute new object addresses 41.269ms
[71.908s][info][gc,phases,start] GC(75) Phase 3: Adjust pointers
[71.946s][info][gc,phases      ] GC(75) Phase 3: Adjust pointers 38.021ms
[71.946s][info][gc,phases,start] GC(75) Phase 4: Move objects
[71.954s][info][gc,phases      ] GC(75) Phase 4: Move objects 7.407ms
[71.957s][info][gc,heap        ] GC(75) ParNew: 286294K->0K(460096K)
[71.957s][info][gc,heap        ] GC(75) CMS: 120510K->65296K(3683136K)
[71.957s][info][gc,metaspace   ] GC(75) Metaspace: 140970K(155372K)->140970K(155372K) NonClass: 122227K(129756K)->122227K(129756K) Class: 18742K(25616K)->18742K(25616K)
[71.958s][info][gc             ] GC(75) Pause Full (System.gc()) 397M->63M(4046M) 163.471ms
[71.958s][info][gc,cpu         ] GC(75) User=0.14s Sys=0.00s Real=0.17s
[72.154s][info][gc,start       ] GC(76) Pause Young (GCLocker Initiated GC)
[72.154s][info][gc,task        ] GC(76) Using 6 workers of 6 for evacuation
[72.163s][info][gc,heap        ] GC(76) ParNew: 409049K->19293K(460096K)
[72.163s][info][gc,heap        ] GC(76) CMS: 65296K->65296K(3683136K)
[72.163s][info][gc,metaspace   ] GC(76) Metaspace: 141046K(155372K)->141046K(155372K) NonClass: 122304K(129756K)->122304K(129756K) Class: 18742K(25616K)->18742K(25616K)
[72.163s][info][gc             ] GC(76) Pause Young (GCLocker Initiated GC) 463M->82M(4046M) 9.307ms
[72.163s][info][gc,cpu         ] GC(76) User=0.00s Sys=0.00s Real=0.00s
[72.336s][info][gc,start       ] GC(77) Pause Young (Allocation Failure)
[72.336s][info][gc,task        ] GC(77) Using 6 workers of 6 for evacuation
[72.345s][info][gc,heap        ] GC(77) ParNew: 428317K->44370K(460096K)
[72.345s][info][gc,heap        ] GC(77) CMS: 65296K->65296K(3683136K)
[72.345s][info][gc,metaspace   ] GC(77) Metaspace: 141047K(155372K)->141047K(155372K) NonClass: 122304K(129756K)->122304K(129756K) Class: 18742K(25616K)->18742K(25616K)
[72.345s][info][gc             ] GC(77) Pause Young (Allocation Failure) 482M->107M(4046M) 9.455ms
[72.345s][info][gc,cpu         ] GC(77) User=0.02s Sys=0.00s Real=0.02s
[72.398s][info][gc,start       ] GC(78) Pause Young (Allocation Failure)
[72.398s][info][gc,task        ] GC(78) Using 6 workers of 6 for evacuation
[72.407s][info][gc,heap        ] GC(78) ParNew: 452318K->28543K(460096K)
[72.407s][info][gc,heap        ] GC(78) CMS: 65296K->88489K(3683136K)
[72.408s][info][gc,metaspace   ] GC(78) Metaspace: 141047K(155372K)->141047K(155372K) NonClass: 122304K(129756K)->122304K(129756K) Class: 18742K(25616K)->18742K(25616K)
[72.408s][info][gc             ] GC(78) Pause Young (Allocation Failure) 505M->114M(4046M) 9.419ms
[72.408s][info][gc,cpu         ] GC(78) User=0.02s Sys=0.00s Real=0.01s
[72.597s][info][gc,start       ] GC(79) Pause Young (Allocation Failure)
[72.597s][info][gc,task        ] GC(79) Using 6 workers of 6 for evacuation
[72.605s][info][gc,heap        ] GC(79) ParNew: 437567K->22365K(460096K)
[72.605s][info][gc,heap        ] GC(79) CMS: 88489K->88489K(3683136K)
[72.605s][info][gc,metaspace   ] GC(79) Metaspace: 141056K(155372K)->141056K(155372K) NonClass: 122313K(129756K)->122313K(129756K) Class: 18742K(25616K)->18742K(25616K)
[72.605s][info][gc             ] GC(79) Pause Young (Allocation Failure) 513M->108M(4046M) 8.091ms
[72.605s][info][gc,cpu         ] GC(79) User=0.00s Sys=0.00s Real=0.01s
[72.670s][info][gc,start       ] GC(80) Pause Young (GCLocker Initiated GC)
[72.670s][info][gc,task        ] GC(80) Using 6 workers of 6 for evacuation
[72.679s][info][gc,heap        ] GC(80) ParNew: 431463K->35072K(460096K)
[72.679s][info][gc,heap        ] GC(80) CMS: 88489K->88489K(3683136K)
[72.679s][info][gc,metaspace   ] GC(80) Metaspace: 141056K(155372K)->141056K(155372K) NonClass: 122313K(129756K)->122313K(129756K) Class: 18742K(25616K)->18742K(25616K)
[72.679s][info][gc             ] GC(80) Pause Young (GCLocker Initiated GC) 507M->120M(4046M) 8.975ms
[72.679s][info][gc,cpu         ] GC(80) User=0.00s Sys=0.00s Real=0.00s
[72.856s][info][gc,start       ] GC(81) Pause Young (Allocation Failure)
[72.856s][info][gc,task        ] GC(81) Using 6 workers of 6 for evacuation
[72.869s][info][gc,heap        ] GC(81) ParNew: 443593K->45543K(460096K)
[72.869s][info][gc,heap        ] GC(81) CMS: 88489K->106821K(3683136K)
[72.869s][info][gc,metaspace   ] GC(81) Metaspace: 141058K(155372K)->141058K(155372K) NonClass: 122315K(129756K)->122315K(129756K) Class: 18742K(25616K)->18742K(25616K)
[72.869s][info][gc             ] GC(81) Pause Young (Allocation Failure) 519M->148M(4046M) 12.912ms
[72.869s][info][gc,cpu         ] GC(81) User=0.02s Sys=0.00s Real=0.02s
[73.538s][info][gc,start       ] GC(82) Pause Young (Allocation Failure)
[73.538s][info][gc,task        ] GC(82) Using 6 workers of 6 for evacuation
[73.546s][info][gc,heap        ] GC(82) ParNew: 454567K->26610K(460096K)
[73.546s][info][gc,heap        ] GC(82) CMS: 106821K->112447K(3683136K)
[73.546s][info][gc,metaspace   ] GC(82) Metaspace: 141077K(155372K)->141077K(155372K) NonClass: 122333K(129756K)->122333K(129756K) Class: 18743K(25616K)->18743K(25616K)
[73.546s][info][gc             ] GC(82) Pause Young (Allocation Failure) 548M->135M(4046M) 8.335ms
[73.547s][info][gc,cpu         ] GC(82) User=0.00s Sys=0.00s Real=0.00s
[75.332s][info][gc,start       ] GC(83) Pause Young (Allocation Failure)
[75.332s][info][gc,task        ] GC(83) Using 6 workers of 6 for evacuation
[75.340s][info][gc,heap        ] GC(83) ParNew: 434598K->18983K(460096K)
[75.340s][info][gc,heap        ] GC(83) CMS: 112447K->112447K(3683136K)
[75.340s][info][gc,metaspace   ] GC(83) Metaspace: 141079K(155372K)->141079K(155372K) NonClass: 122336K(129756K)->122336K(129756K) Class: 18743K(25616K)->18743K(25616K)
[75.340s][info][gc             ] GC(83) Pause Young (Allocation Failure) 534M->128M(4046M) 7.884ms
[75.340s][info][gc,cpu         ] GC(83) User=0.03s Sys=0.00s Real=0.01s
[77.159s][info][gc,start       ] GC(84) Pause Young (Allocation Failure)
[77.159s][info][gc,task        ] GC(84) Using 6 workers of 6 for evacuation
[77.169s][info][gc,heap        ] GC(84) ParNew: 428007K->18015K(460096K)
[77.169s][info][gc,heap        ] GC(84) CMS: 112447K->112447K(3683136K)
[77.169s][info][gc,metaspace   ] GC(84) Metaspace: 141082K(155372K)->141082K(155372K) NonClass: 122339K(129756K)->122339K(129756K) Class: 18743K(25616K)->18743K(25616K)
[77.169s][info][gc             ] GC(84) Pause Young (Allocation Failure) 527M->127M(4046M) 9.885ms
[77.169s][info][gc,cpu         ] GC(84) User=0.00s Sys=0.00s Real=0.02s
[78.808s][info][gc,start       ] GC(85) Pause Young (Allocation Failure)
[78.808s][info][gc,task        ] GC(85) Using 6 workers of 6 for evacuation
[78.818s][info][gc,heap        ] GC(85) ParNew: 427039K->15533K(460096K)
[78.818s][info][gc,heap        ] GC(85) CMS: 112447K->112447K(3683136K)
[78.818s][info][gc,metaspace   ] GC(85) Metaspace: 141088K(155372K)->141088K(155372K) NonClass: 122345K(129756K)->122345K(129756K) Class: 18743K(25616K)->18743K(25616K)
[78.818s][info][gc             ] GC(85) Pause Young (Allocation Failure) 526M->124M(4046M) 9.579ms
[78.818s][info][gc,cpu         ] GC(85) User=0.00s Sys=0.00s Real=0.00s
[79.484s][info][gc,start       ] GC(86) Pause Full (System.gc())
[79.487s][info][gc,phases,start] GC(86) Phase 1: Mark live objects
[79.554s][info][gc,phases      ] GC(86) Phase 1: Mark live objects 67.740ms
[79.554s][info][gc,phases,start] GC(86) Phase 2: Compute new object addresses
[79.594s][info][gc,phases      ] GC(86) Phase 2: Compute new object addresses 39.779ms
[79.594s][info][gc,phases,start] GC(86) Phase 3: Adjust pointers
[79.633s][info][gc,phases      ] GC(86) Phase 3: Adjust pointers 38.967ms
[79.633s][info][gc,phases,start] GC(86) Phase 4: Move objects
[79.647s][info][gc,phases      ] GC(86) Phase 4: Move objects 13.521ms
[79.650s][info][gc,heap        ] GC(86) ParNew: 303766K->0K(460096K)
[79.650s][info][gc,heap        ] GC(86) CMS: 112447K->65589K(3683136K)
[79.650s][info][gc,metaspace   ] GC(86) Metaspace: 141130K(155628K)->141130K(155628K) NonClass: 122386K(130012K)->122386K(130012K) Class: 18743K(25616K)->18743K(25616K)
[79.651s][info][gc             ] GC(86) Pause Full (System.gc()) 406M->64M(4046M) 166.955ms
[79.651s][info][gc,cpu         ] GC(86) User=0.16s Sys=0.00s Real=0.16s
[79.855s][info][gc,start       ] GC(87) Pause Young (Allocation Failure)
[79.855s][info][gc,task        ] GC(87) Using 6 workers of 6 for evacuation
[79.863s][info][gc,heap        ] GC(87) ParNew: 409024K->20081K(460096K)
[79.863s][info][gc,heap        ] GC(87) CMS: 65589K->65589K(3683136K)
[79.863s][info][gc,metaspace   ] GC(87) Metaspace: 141192K(155628K)->141192K(155628K) NonClass: 122449K(130012K)->122449K(130012K) Class: 18743K(25616K)->18743K(25616K)
[79.863s][info][gc             ] GC(87) Pause Young (Allocation Failure) 463M->83M(4046M) 8.202ms
[79.863s][info][gc,cpu         ] GC(87) User=0.03s Sys=0.00s Real=0.02s
[80.044s][info][gc,start       ] GC(88) Pause Young (Allocation Failure)
[80.044s][info][gc,task        ] GC(88) Using 6 workers of 6 for evacuation
[80.054s][info][gc,heap        ] GC(88) ParNew: 427538K->47374K(460096K)
[80.054s][info][gc,heap        ] GC(88) CMS: 65589K->65589K(3683136K)
[80.054s][info][gc,metaspace   ] GC(88) Metaspace: 141193K(155628K)->141193K(155628K) NonClass: 122450K(130012K)->122450K(130012K) Class: 18743K(25616K)->18743K(25616K)
[80.054s][info][gc             ] GC(88) Pause Young (Allocation Failure) 481M->110M(4046M) 9.602ms
[80.054s][info][gc,cpu         ] GC(88) User=0.02s Sys=0.00s Real=0.01s
[80.107s][info][gc,start       ] GC(89) Pause Young (Allocation Failure)
[80.107s][info][gc,task        ] GC(89) Using 6 workers of 6 for evacuation
[80.117s][info][gc,heap        ] GC(89) ParNew: 455063K->29794K(460096K)
[80.117s][info][gc,heap        ] GC(89) CMS: 65589K->90418K(3683136K)
[80.117s][info][gc,metaspace   ] GC(89) Metaspace: 141193K(155628K)->141193K(155628K) NonClass: 122450K(130012K)->122450K(130012K) Class: 18743K(25616K)->18743K(25616K)
[80.117s][info][gc             ] GC(89) Pause Young (Allocation Failure) 508M->117M(4046M) 10.047ms
[80.117s][info][gc,cpu         ] GC(89) User=0.02s Sys=0.00s Real=0.02s
[80.331s][info][gc,start       ] GC(90) Pause Young (Allocation Failure)
[80.331s][info][gc,task        ] GC(90) Using 6 workers of 6 for evacuation
[80.338s][info][gc,heap        ] GC(90) ParNew: 436306K->20138K(460096K)
[80.338s][info][gc,heap        ] GC(90) CMS: 90418K->90418K(3683136K)
[80.338s][info][gc,metaspace   ] GC(90) Metaspace: 141195K(155628K)->141195K(155628K) NonClass: 122452K(130012K)->122452K(130012K) Class: 18743K(25616K)->18743K(25616K)
[80.338s][info][gc             ] GC(90) Pause Young (Allocation Failure) 514M->107M(4046M) 6.665ms
[80.338s][info][gc,cpu         ] GC(90) User=0.00s Sys=0.00s Real=0.00s
[80.391s][info][gc,start       ] GC(91) Pause Young (Allocation Failure)
[80.391s][info][gc,task        ] GC(91) Using 6 workers of 6 for evacuation
[80.401s][info][gc,heap        ] GC(91) ParNew: 428618K->45697K(460096K)
[80.401s][info][gc,heap        ] GC(91) CMS: 90418K->90418K(3683136K)
[80.401s][info][gc,metaspace   ] GC(91) Metaspace: 141197K(155628K)->141197K(155628K) NonClass: 122454K(130012K)->122454K(130012K) Class: 18743K(25616K)->18743K(25616K)
[80.401s][info][gc             ] GC(91) Pause Young (Allocation Failure) 506M->132M(4046M) 9.805ms
[80.401s][info][gc,cpu         ] GC(91) User=0.00s Sys=0.00s Real=0.02s
[80.574s][info][gc,start       ] GC(92) Pause Young (Allocation Failure)
[80.574s][info][gc,task        ] GC(92) Using 6 workers of 6 for evacuation
[80.587s][info][gc,heap        ] GC(92) ParNew: 454721K->51072K(460096K)
[80.587s][info][gc,heap        ] GC(92) CMS: 90418K->108860K(3683136K)
[80.587s][info][gc,metaspace   ] GC(92) Metaspace: 141197K(155628K)->141197K(155628K) NonClass: 122454K(130012K)->122454K(130012K) Class: 18743K(25616K)->18743K(25616K)
[80.587s][info][gc             ] GC(92) Pause Young (Allocation Failure) 532M->156M(4046M) 13.003ms
[80.587s][info][gc,cpu         ] GC(92) User=0.02s Sys=0.00s Real=0.01s
[81.287s][info][gc,start       ] GC(93) Pause Young (Allocation Failure)
[81.287s][info][gc,task        ] GC(93) Using 6 workers of 6 for evacuation
[81.295s][info][gc,heap        ] GC(93) ParNew: 460096K->20305K(460096K)
[81.295s][info][gc,heap        ] GC(93) CMS: 108860K->116763K(3683136K)
[81.295s][info][gc,metaspace   ] GC(93) Metaspace: 141230K(155628K)->141230K(155628K) NonClass: 122487K(130012K)->122487K(130012K) Class: 18743K(25616K)->18743K(25616K)
[81.295s][info][gc             ] GC(93) Pause Young (Allocation Failure) 555M->133M(4046M) 8.301ms
[81.295s][info][gc,cpu         ] GC(93) User=0.02s Sys=0.00s Real=0.02s
[83.125s][info][gc,start       ] GC(94) Pause Young (Allocation Failure)
[83.125s][info][gc,task        ] GC(94) Using 6 workers of 6 for evacuation
[83.134s][info][gc,heap        ] GC(94) ParNew: 429329K->13652K(460096K)
[83.134s][info][gc,heap        ] GC(94) CMS: 116763K->116763K(3683136K)
[83.134s][info][gc,metaspace   ] GC(94) Metaspace: 141231K(155628K)->141231K(155628K) NonClass: 122488K(130012K)->122488K(130012K) Class: 18743K(25616K)->18743K(25616K)
[83.134s][info][gc             ] GC(94) Pause Young (Allocation Failure) 533M->127M(4046M) 8.707ms
[83.134s][info][gc,cpu         ] GC(94) User=0.06s Sys=0.00s Real=0.00s
[84.924s][info][gc,start       ] GC(95) Pause Young (Allocation Failure)
[84.924s][info][gc,task        ] GC(95) Using 6 workers of 6 for evacuation
[84.932s][info][gc,heap        ] GC(95) ParNew: 422676K->15928K(460096K)
[84.932s][info][gc,heap        ] GC(95) CMS: 116763K->116763K(3683136K)
[84.932s][info][gc,metaspace   ] GC(95) Metaspace: 141239K(155628K)->141239K(155628K) NonClass: 122495K(130012K)->122495K(130012K) Class: 18743K(25616K)->18743K(25616K)
[84.932s][info][gc             ] GC(95) Pause Young (Allocation Failure) 526M->129M(4046M) 7.709ms
[84.932s][info][gc,cpu         ] GC(95) User=0.02s Sys=0.00s Real=0.02s
[86.566s][info][gc,start       ] GC(96) Pause Young (Allocation Failure)
[86.566s][info][gc,task        ] GC(96) Using 6 workers of 6 for evacuation
[86.574s][info][gc,heap        ] GC(96) ParNew: 424952K->16749K(460096K)
[86.574s][info][gc,heap        ] GC(96) CMS: 116763K->116763K(3683136K)
[86.574s][info][gc,metaspace   ] GC(96) Metaspace: 141245K(155628K)->141245K(155628K) NonClass: 122502K(130012K)->122502K(130012K) Class: 18743K(25616K)->18743K(25616K)
[86.574s][info][gc             ] GC(96) Pause Young (Allocation Failure) 529M->130M(4046M) 7.349ms
[86.574s][info][gc,cpu         ] GC(96) User=0.00s Sys=0.00s Real=0.00s
[87.209s][info][gc,start       ] GC(97) Pause Full (System.gc())
[87.212s][info][gc,phases,start] GC(97) Phase 1: Mark live objects
[87.281s][info][gc,phases      ] GC(97) Phase 1: Mark live objects 68.685ms
[87.281s][info][gc,phases,start] GC(97) Phase 2: Compute new object addresses
[87.322s][info][gc,phases      ] GC(97) Phase 2: Compute new object addresses 41.096ms
[87.322s][info][gc,phases,start] GC(97) Phase 3: Adjust pointers
[87.362s][info][gc,phases      ] GC(97) Phase 3: Adjust pointers 39.495ms
[87.362s][info][gc,phases,start] GC(97) Phase 4: Move objects
[87.376s][info][gc,phases      ] GC(97) Phase 4: Move objects 13.971ms
[87.379s][info][gc,heap        ] GC(97) ParNew: 297645K->0K(460096K)
[87.379s][info][gc,heap        ] GC(97) CMS: 116763K->66036K(3683136K)
[87.379s][info][gc,metaspace   ] GC(97) Metaspace: 141317K(155628K)->141317K(155628K) NonClass: 122574K(130012K)->122574K(130012K) Class: 18743K(25616K)->18743K(25616K)
[87.380s][info][gc             ] GC(97) Pause Full (System.gc()) 404M->64M(4046M) 171.626ms
[87.380s][info][gc,cpu         ] GC(97) User=0.16s Sys=0.00s Real=0.17s
[87.568s][info][gc,start       ] GC(98) Pause Young (Allocation Failure)
[87.568s][info][gc,task        ] GC(98) Using 6 workers of 6 for evacuation
[87.575s][info][gc,heap        ] GC(98) ParNew: 409024K->20287K(460096K)
[87.575s][info][gc,heap        ] GC(98) CMS: 66036K->66036K(3683136K)
[87.575s][info][gc,metaspace   ] GC(98) Metaspace: 141361K(155628K)->141361K(155628K) NonClass: 122618K(130012K)->122618K(130012K) Class: 18743K(25616K)->18743K(25616K)
[87.575s][info][gc             ] GC(98) Pause Young (Allocation Failure) 463M->84M(4046M) 7.907ms
[87.575s][info][gc,cpu         ] GC(98) User=0.02s Sys=0.00s Real=0.00s
[87.764s][info][gc,start       ] GC(99) Pause Young (Allocation Failure)
[87.764s][info][gc,task        ] GC(99) Using 6 workers of 6 for evacuation
[87.774s][info][gc,heap        ] GC(99) ParNew: 429311K->51072K(460096K)
[87.774s][info][gc,heap        ] GC(99) CMS: 66036K->66668K(3683136K)
[87.774s][info][gc,metaspace   ] GC(99) Metaspace: 141366K(155628K)->141366K(155628K) NonClass: 122623K(130012K)->122623K(130012K) Class: 18743K(25616K)->18743K(25616K)
[87.774s][info][gc             ] GC(99) Pause Young (Allocation Failure) 483M->114M(4046M) 10.210ms
[87.774s][info][gc,cpu         ] GC(99) User=0.02s Sys=0.00s Real=0.02s
[87.829s][info][gc,start       ] GC(100) Pause Young (Allocation Failure)
[87.829s][info][gc,task        ] GC(100) Using 6 workers of 6 for evacuation
[87.838s][info][gc,heap        ] GC(100) ParNew: 458286K->29491K(460096K)
[87.838s][info][gc,heap        ] GC(100) CMS: 66668K->90705K(3683136K)
[87.838s][info][gc,metaspace   ] GC(100) Metaspace: 141366K(155628K)->141366K(155628K) NonClass: 122623K(130012K)->122623K(130012K) Class: 18743K(25616K)->18743K(25616K)
[87.838s][info][gc             ] GC(100) Pause Young (Allocation Failure) 512M->117M(4046M) 9.901ms
[87.838s][info][gc,cpu         ] GC(100) User=0.06s Sys=0.00s Real=0.02s
[88.038s][info][gc,start       ] GC(101) Pause Young (Allocation Failure)
[88.038s][info][gc,task        ] GC(101) Using 6 workers of 6 for evacuation
[88.047s][info][gc,heap        ] GC(101) ParNew: 438515K->24976K(460096K)
[88.047s][info][gc,heap        ] GC(101) CMS: 90705K->90705K(3683136K)
[88.047s][info][gc,metaspace   ] GC(101) Metaspace: 141372K(155628K)->141372K(155628K) NonClass: 122629K(130012K)->122629K(130012K) Class: 18743K(25616K)->18743K(25616K)
[88.047s][info][gc             ] GC(101) Pause Young (Allocation Failure) 516M->112M(4046M) 8.338ms
[88.047s][info][gc,cpu         ] GC(101) User=0.00s Sys=0.00s Real=0.00s
[88.096s][info][gc,start       ] GC(102) Pause Young (Allocation Failure)
[88.096s][info][gc,task        ] GC(102) Using 6 workers of 6 for evacuation
[88.106s][info][gc,heap        ] GC(102) ParNew: 433839K->41899K(460096K)
[88.106s][info][gc,heap        ] GC(102) CMS: 90705K->90705K(3683136K)
[88.106s][info][gc,metaspace   ] GC(102) Metaspace: 141372K(155628K)->141372K(155628K) NonClass: 122629K(130012K)->122629K(130012K) Class: 18743K(25616K)->18743K(25616K)
[88.106s][info][gc             ] GC(102) Pause Young (Allocation Failure) 512M->129M(4046M) 9.957ms
[88.106s][info][gc,cpu         ] GC(102) User=0.02s Sys=0.00s Real=0.02s
[88.292s][info][gc,start       ] GC(103) Pause Young (Allocation Failure)
[88.292s][info][gc,task        ] GC(103) Using 6 workers of 6 for evacuation
[88.305s][info][gc,heap        ] GC(103) ParNew: 450923K->50872K(460096K)
[88.306s][info][gc,heap        ] GC(103) CMS: 90705K->110338K(3683136K)
[88.306s][info][gc,metaspace   ] GC(103) Metaspace: 141373K(155628K)->141373K(155628K) NonClass: 122630K(130012K)->122630K(130012K) Class: 18743K(25616K)->18743K(25616K)
[88.306s][info][gc             ] GC(103) Pause Young (Allocation Failure) 528M->157M(4046M) 13.329ms
[88.306s][info][gc,cpu         ] GC(103) User=0.02s Sys=0.00s Real=0.02s
[88.974s][info][gc,start       ] GC(104) Pause Young (Allocation Failure)
[88.974s][info][gc,task        ] GC(104) Using 6 workers of 6 for evacuation
[88.984s][info][gc,heap        ] GC(104) ParNew: 459896K->27040K(460096K)
[88.984s][info][gc,heap        ] GC(104) CMS: 110338K->119023K(3683136K)
[88.984s][info][gc,metaspace   ] GC(104) Metaspace: 141379K(155628K)->141379K(155628K) NonClass: 122634K(130012K)->122634K(130012K) Class: 18744K(25616K)->18744K(25616K)
[88.984s][info][gc             ] GC(104) Pause Young (Allocation Failure) 556M->142M(4046M) 10.133ms
[88.984s][info][gc,cpu         ] GC(104) User=0.02s Sys=0.00s Real=0.02s
[90.856s][info][gc,start       ] GC(105) Pause Young (Allocation Failure)
[90.856s][info][gc,task        ] GC(105) Using 6 workers of 6 for evacuation
[90.864s][info][gc,heap        ] GC(105) ParNew: 436064K->12337K(460096K)
[90.864s][info][gc,heap        ] GC(105) CMS: 119023K->119023K(3683136K)
[90.864s][info][gc,metaspace   ] GC(105) Metaspace: 141381K(155628K)->141381K(155628K) NonClass: 122637K(130012K)->122637K(130012K) Class: 18744K(25616K)->18744K(25616K)
[90.865s][info][gc             ] GC(105) Pause Young (Allocation Failure) 542M->128M(4046M) 8.910ms
[90.865s][info][gc,cpu         ] GC(105) User=0.05s Sys=0.00s Real=0.02s
[92.664s][info][gc,start       ] GC(106) Pause Young (GCLocker Initiated GC)
[92.664s][info][gc,task        ] GC(106) Using 6 workers of 6 for evacuation
[92.672s][info][gc,heap        ] GC(106) ParNew: 421362K->16692K(460096K)
[92.673s][info][gc,heap        ] GC(106) CMS: 119023K->119023K(3683136K)
[92.673s][info][gc,metaspace   ] GC(106) Metaspace: 141381K(155628K)->141381K(155628K) NonClass: 122637K(130012K)->122637K(130012K) Class: 18744K(25616K)->18744K(25616K)
[92.673s][info][gc             ] GC(106) Pause Young (GCLocker Initiated GC) 527M->132M(4046M) 8.196ms
[92.673s][info][gc,cpu         ] GC(106) User=0.00s Sys=0.00s Real=0.00s
[94.357s][info][gc,start       ] GC(107) Pause Young (Allocation Failure)
[94.357s][info][gc,task        ] GC(107) Using 6 workers of 6 for evacuation
[94.364s][info][gc,heap        ] GC(107) ParNew: 425673K->13791K(460096K)
[94.364s][info][gc,heap        ] GC(107) CMS: 119023K->119023K(3683136K)
[94.364s][info][gc,metaspace   ] GC(107) Metaspace: 141384K(155628K)->141384K(155628K) NonClass: 122639K(130012K)->122639K(130012K) Class: 18744K(25616K)->18744K(25616K)
[94.364s][info][gc             ] GC(107) Pause Young (Allocation Failure) 531M->129M(4046M) 6.704ms
[94.364s][info][gc,cpu         ] GC(107) User=0.02s Sys=0.00s Real=0.02s
[94.909s][info][gc,start       ] GC(108) Pause Full (System.gc())
[94.914s][info][gc,phases,start] GC(108) Phase 1: Mark live objects
[94.983s][info][gc,phases      ] GC(108) Phase 1: Mark live objects 69.183ms
[94.983s][info][gc,phases,start] GC(108) Phase 2: Compute new object addresses
[95.024s][info][gc,phases      ] GC(108) Phase 2: Compute new object addresses 40.888ms
[95.024s][info][gc,phases,start] GC(108) Phase 3: Adjust pointers
[95.063s][info][gc,phases      ] GC(108) Phase 3: Adjust pointers 39.716ms
[95.063s][info][gc,phases,start] GC(108) Phase 4: Move objects
[95.071s][info][gc,phases      ] GC(108) Phase 4: Move objects 7.941ms
[95.075s][info][gc,heap        ] GC(108) ParNew: 286552K->0K(460096K)
[95.075s][info][gc,heap        ] GC(108) CMS: 119023K->66424K(3683136K)
[95.075s][info][gc,metaspace   ] GC(108) Metaspace: 141447K(155884K)->141447K(155884K) NonClass: 122702K(130268K)->122702K(130268K) Class: 18744K(25616K)->18744K(25616K)
[95.076s][info][gc             ] GC(108) Pause Full (System.gc()) 396M->64M(4046M) 166.744ms
[95.076s][info][gc,cpu         ] GC(108) User=0.19s Sys=0.00s Real=0.18s
[95.263s][info][gc,start       ] GC(109) Pause Young (Allocation Failure)
[95.263s][info][gc,task        ] GC(109) Using 6 workers of 6 for evacuation
[95.271s][info][gc,heap        ] GC(109) ParNew: 409024K->20115K(460096K)
[95.271s][info][gc,heap        ] GC(109) CMS: 66424K->66424K(3683136K)
[95.271s][info][gc,metaspace   ] GC(109) Metaspace: 141565K(155884K)->141565K(155884K) NonClass: 122821K(130268K)->122821K(130268K) Class: 18744K(25616K)->18744K(25616K)
[95.271s][info][gc             ] GC(109) Pause Young (Allocation Failure) 464M->84M(4046M) 8.140ms
[95.271s][info][gc,cpu         ] GC(109) User=0.05s Sys=0.00s Real=0.02s
[95.453s][info][gc,start       ] GC(110) Pause Young (Allocation Failure)
[95.453s][info][gc,task        ] GC(110) Using 6 workers of 6 for evacuation
[95.463s][info][gc,heap        ] GC(110) ParNew: 427347K->44481K(460096K)
[95.463s][info][gc,heap        ] GC(110) CMS: 66424K->66424K(3683136K)
[95.463s][info][gc,metaspace   ] GC(110) Metaspace: 141580K(155884K)->141580K(155884K) NonClass: 122836K(130268K)->122836K(130268K) Class: 18744K(25616K)->18744K(25616K)
[95.463s][info][gc             ] GC(110) Pause Young (Allocation Failure) 482M->108M(4046M) 9.694ms
[95.463s][info][gc,cpu         ] GC(110) User=0.02s Sys=0.00s Real=0.02s
[95.516s][info][gc,start       ] GC(111) Pause Young (Allocation Failure)
[95.516s][info][gc,task        ] GC(111) Using 6 workers of 6 for evacuation
[95.528s][info][gc,heap        ] GC(111) ParNew: 450845K->27046K(460096K)
[95.529s][info][gc,heap        ] GC(111) CMS: 66424K->91267K(3683136K)
[95.529s][info][gc,metaspace   ] GC(111) Metaspace: 141580K(155884K)->141580K(155884K) NonClass: 122836K(130268K)->122836K(130268K) Class: 18744K(25616K)->18744K(25616K)
[95.529s][info][gc             ] GC(111) Pause Young (Allocation Failure) 505M->115M(4046M) 12.302ms
[95.529s][info][gc,cpu         ] GC(111) User=0.00s Sys=0.00s Real=0.01s
[95.741s][info][gc,start       ] GC(112) Pause Young (Allocation Failure)
[95.741s][info][gc,task        ] GC(112) Using 6 workers of 6 for evacuation
[95.749s][info][gc,heap        ] GC(112) ParNew: 436070K->23984K(460096K)
[95.749s][info][gc,heap        ] GC(112) CMS: 91267K->91267K(3683136K)
[95.749s][info][gc,metaspace   ] GC(112) Metaspace: 141586K(155884K)->141586K(155884K) NonClass: 122842K(130268K)->122842K(130268K) Class: 18744K(25616K)->18744K(25616K)
[95.749s][info][gc             ] GC(112) Pause Young (Allocation Failure) 514M->112M(4046M) 8.602ms
[95.749s][info][gc,cpu         ] GC(112) User=0.00s Sys=0.00s Real=0.00s
[95.803s][info][gc,start       ] GC(113) Pause Young (Allocation Failure)
[95.803s][info][gc,task        ] GC(113) Using 6 workers of 6 for evacuation
[95.813s][info][gc,heap        ] GC(113) ParNew: 433008K->43722K(460096K)
[95.813s][info][gc,heap        ] GC(113) CMS: 91267K->91267K(3683136K)
[95.813s][info][gc,metaspace   ] GC(113) Metaspace: 141593K(155884K)->141593K(155884K) NonClass: 122848K(130268K)->122848K(130268K) Class: 18744K(25616K)->18744K(25616K)
[95.813s][info][gc             ] GC(113) Pause Young (Allocation Failure) 511M->131M(4046M) 10.024ms
[95.813s][info][gc,cpu         ] GC(113) User=0.02s Sys=0.00s Real=0.02s
[96.004s][info][gc,start       ] GC(114) Pause Young (Allocation Failure)
[96.004s][info][gc,task        ] GC(114) Using 6 workers of 6 for evacuation
[96.017s][info][gc,heap        ] GC(114) ParNew: 452746K->51072K(460096K)
[96.017s][info][gc,heap        ] GC(114) CMS: 91267K->109850K(3683136K)
[96.017s][info][gc,metaspace   ] GC(114) Metaspace: 141603K(155884K)->141603K(155884K) NonClass: 122859K(130268K)->122859K(130268K) Class: 18744K(25616K)->18744K(25616K)
[96.017s][info][gc             ] GC(114) Pause Young (Allocation Failure) 531M->157M(4046M) 13.606ms
[96.017s][info][gc,cpu         ] GC(114) User=0.02s Sys=0.00s Real=0.02s
[96.728s][info][gc,start       ] GC(115) Pause Young (Allocation Failure)
[96.728s][info][gc,task        ] GC(115) Using 6 workers of 6 for evacuation
[96.736s][info][gc,heap        ] GC(115) ParNew: 460096K->22252K(460096K)
[96.736s][info][gc,heap        ] GC(115) CMS: 109850K->117752K(3683136K)
[96.736s][info][gc,metaspace   ] GC(115) Metaspace: 141635K(155884K)->141635K(155884K) NonClass: 122891K(130268K)->122891K(130268K) Class: 18744K(25616K)->18744K(25616K)
[96.736s][info][gc             ] GC(115) Pause Young (Allocation Failure) 556M->136M(4046M) 8.063ms
[96.737s][info][gc,cpu         ] GC(115) User=0.02s Sys=0.00s Real=0.01s
[98.578s][info][gc,start       ] GC(116) Pause Young (Allocation Failure)
[98.578s][info][gc,task        ] GC(116) Using 6 workers of 6 for evacuation
[98.585s][info][gc,heap        ] GC(116) ParNew: 431276K->15764K(460096K)
[98.585s][info][gc,heap        ] GC(116) CMS: 117752K->117752K(3683136K)
[98.585s][info][gc,metaspace   ] GC(116) Metaspace: 141641K(155884K)->141641K(155884K) NonClass: 122897K(130268K)->122897K(130268K) Class: 18744K(25616K)->18744K(25616K)
[98.585s][info][gc             ] GC(116) Pause Young (Allocation Failure) 536M->130M(4046M) 6.908ms
[98.585s][info][gc,cpu         ] GC(116) User=0.09s Sys=0.00s Real=0.01s
[100.383s][info][gc,start       ] GC(117) Pause Young (Allocation Failure)
[100.383s][info][gc,task        ] GC(117) Using 6 workers of 6 for evacuation
[100.391s][info][gc,heap        ] GC(117) ParNew: 424788K->19389K(460096K)
[100.391s][info][gc,heap        ] GC(117) CMS: 117752K->117752K(3683136K)
[100.391s][info][gc,metaspace   ] GC(117) Metaspace: 141643K(155884K)->141643K(155884K) NonClass: 122899K(130268K)->122899K(130268K) Class: 18744K(25616K)->18744K(25616K)
[100.391s][info][gc             ] GC(117) Pause Young (Allocation Failure) 529M->133M(4046M) 8.373ms
[100.391s][info][gc,cpu         ] GC(117) User=0.02s Sys=0.00s Real=0.01s
[102.109s][info][gc,start       ] GC(118) Pause Young (Allocation Failure)
[102.109s][info][gc,task        ] GC(118) Using 6 workers of 6 for evacuation
[102.115s][info][gc,heap        ] GC(118) ParNew: 428364K->13411K(460096K)
[102.115s][info][gc,heap        ] GC(118) CMS: 117752K->117752K(3683136K)
[102.115s][info][gc,metaspace   ] GC(118) Metaspace: 141647K(155884K)->141647K(155884K) NonClass: 122903K(130268K)->122903K(130268K) Class: 18744K(25616K)->18744K(25616K)
[102.115s][info][gc             ] GC(118) Pause Young (Allocation Failure) 533M->128M(4046M) 6.427ms
[102.115s][info][gc,cpu         ] GC(118) User=0.00s Sys=0.00s Real=0.00s
[102.709s][info][gc,start       ] GC(119) Pause Full (System.gc())
[102.711s][info][gc,phases,start] GC(119) Phase 1: Mark live objects
[102.780s][info][gc,phases      ] GC(119) Phase 1: Mark live objects 68.891ms
[102.780s][info][gc,phases,start] GC(119) Phase 2: Compute new object addresses
[102.819s][info][gc,phases      ] GC(119) Phase 2: Compute new object addresses 39.499ms
[102.819s][info][gc,phases,start] GC(119) Phase 3: Adjust pointers
[102.859s][info][gc,phases      ] GC(119) Phase 3: Adjust pointers 40.395ms
[102.860s][info][gc,phases,start] GC(119) Phase 4: Move objects
[102.867s][info][gc,phases      ] GC(119) Phase 4: Move objects 7.450ms
[102.871s][info][gc,heap        ] GC(119) ParNew: 283480K->0K(460096K)
[102.871s][info][gc,heap        ] GC(119) CMS: 117752K->66798K(3683136K)
[102.871s][info][gc,metaspace   ] GC(119) Metaspace: 141692K(155884K)->141692K(155884K) NonClass: 122948K(130268K)->122948K(130268K) Class: 18744K(25616K)->18744K(25616K)
[102.872s][info][gc             ] GC(119) Pause Full (System.gc()) 391M->65M(4046M) 162.931ms
[102.872s][info][gc,cpu         ] GC(119) User=0.16s Sys=0.00s Real=0.17s
[103.049s][info][gc,start       ] GC(120) Pause Young (Allocation Failure)
[103.049s][info][gc,task        ] GC(120) Using 6 workers of 6 for evacuation
[103.057s][info][gc,heap        ] GC(120) ParNew: 409024K->19960K(460096K)
[103.057s][info][gc,heap        ] GC(120) CMS: 66798K->66798K(3683136K)
[103.057s][info][gc,metaspace   ] GC(120) Metaspace: 141746K(156140K)->141746K(156140K) NonClass: 123001K(130524K)->123001K(130524K) Class: 18744K(25616K)->18744K(25616K)
[103.057s][info][gc             ] GC(120) Pause Young (Allocation Failure) 464M->84M(4046M) 8.115ms
[103.057s][info][gc,cpu         ] GC(120) User=0.02s Sys=0.00s Real=0.02s
[103.240s][info][gc,start       ] GC(121) Pause Young (Allocation Failure)
[103.241s][info][gc,task        ] GC(121) Using 6 workers of 6 for evacuation
[103.250s][info][gc,heap        ] GC(121) ParNew: 428624K->51072K(460096K)
[103.250s][info][gc,heap        ] GC(121) CMS: 66798K->66798K(3683136K)
[103.250s][info][gc,metaspace   ] GC(121) Metaspace: 141749K(156140K)->141749K(156140K) NonClass: 123004K(130524K)->123004K(130524K) Class: 18744K(25616K)->18744K(25616K)
[103.250s][info][gc             ] GC(121) Pause Young (Allocation Failure) 483M->115M(4046M) 9.860ms
[103.250s][info][gc,cpu         ] GC(121) User=0.02s Sys=0.00s Real=0.01s
[103.304s][info][gc,start       ] GC(122) Pause Young (Allocation Failure)
[103.304s][info][gc,task        ] GC(122) Using 6 workers of 6 for evacuation
[103.314s][info][gc,heap        ] GC(122) ParNew: 459832K->29405K(460096K)
[103.314s][info][gc,heap        ] GC(122) CMS: 66798K->91162K(3683136K)
[103.314s][info][gc,metaspace   ] GC(122) Metaspace: 141749K(156140K)->141749K(156140K) NonClass: 123005K(130524K)->123005K(130524K) Class: 18744K(25616K)->18744K(25616K)
[103.314s][info][gc             ] GC(122) Pause Young (Allocation Failure) 514M->117M(4046M) 9.873ms
[103.314s][info][gc,cpu         ] GC(122) User=0.02s Sys=0.00s Real=0.01s
[103.515s][info][gc,start       ] GC(123) Pause Young (Allocation Failure)
[103.515s][info][gc,task        ] GC(123) Using 6 workers of 6 for evacuation
[103.523s][info][gc,heap        ] GC(123) ParNew: 438429K->26468K(460096K)
[103.523s][info][gc,heap        ] GC(123) CMS: 91162K->91162K(3683136K)
[103.523s][info][gc,metaspace   ] GC(123) Metaspace: 141749K(156140K)->141749K(156140K) NonClass: 123005K(130524K)->123005K(130524K) Class: 18744K(25616K)->18744K(25616K)
[103.523s][info][gc             ] GC(123) Pause Young (Allocation Failure) 517M->114M(4046M) 8.213ms
[103.523s][info][gc,cpu         ] GC(123) User=0.00s Sys=0.00s Real=0.00s
[103.573s][info][gc,start       ] GC(124) Pause Young (Allocation Failure)
[103.573s][info][gc,task        ] GC(124) Using 6 workers of 6 for evacuation
[103.583s][info][gc,heap        ] GC(124) ParNew: 432328K->36888K(460096K)
[103.583s][info][gc,heap        ] GC(124) CMS: 91162K->91162K(3683136K)
[103.583s][info][gc,metaspace   ] GC(124) Metaspace: 141749K(156140K)->141749K(156140K) NonClass: 123005K(130524K)->123005K(130524K) Class: 18744K(25616K)->18744K(25616K)
[103.583s][info][gc             ] GC(124) Pause Young (Allocation Failure) 511M->125M(4046M) 9.658ms
[103.583s][info][gc,cpu         ] GC(124) User=0.02s Sys=0.00s Real=0.02s
[103.774s][info][gc,start       ] GC(125) Pause Young (Allocation Failure)
[103.775s][info][gc,task        ] GC(125) Using 6 workers of 6 for evacuation
[103.788s][info][gc,heap        ] GC(125) ParNew: 445912K->51072K(460096K)
[103.788s][info][gc,heap        ] GC(125) CMS: 91162K->108758K(3683136K)
[103.788s][info][gc,metaspace   ] GC(125) Metaspace: 141749K(156140K)->141749K(156140K) NonClass: 123005K(130524K)->123005K(130524K) Class: 18744K(25616K)->18744K(25616K)
[103.788s][info][gc             ] GC(125) Pause Young (Allocation Failure) 524M->156M(4046M) 13.433ms
[103.788s][info][gc,cpu         ] GC(125) User=0.02s Sys=0.00s Real=0.02s
[104.428s][info][gc,start       ] GC(126) Pause Young (Allocation Failure)
[104.428s][info][gc,task        ] GC(126) Using 6 workers of 6 for evacuation
[104.436s][info][gc,heap        ] GC(126) ParNew: 460096K->19188K(460096K)
[104.436s][info][gc,heap        ] GC(126) CMS: 108758K->118224K(3683136K)
[104.436s][info][gc,metaspace   ] GC(126) Metaspace: 141756K(156140K)->141756K(156140K) NonClass: 123012K(130524K)->123012K(130524K) Class: 18744K(25616K)->18744K(25616K)
[104.436s][info][gc             ] GC(126) Pause Young (Allocation Failure) 555M->134M(4046M) 8.392ms
[104.437s][info][gc,cpu         ] GC(126) User=0.00s Sys=0.00s Real=0.00s
[106.254s][info][gc,start       ] GC(127) Pause Young (Allocation Failure)
[106.254s][info][gc,task        ] GC(127) Using 6 workers of 6 for evacuation
[106.263s][info][gc,heap        ] GC(127) ParNew: 428212K->14633K(460096K)
[106.263s][info][gc,heap        ] GC(127) CMS: 118224K->118224K(3683136K)
[106.263s][info][gc,metaspace   ] GC(127) Metaspace: 141762K(156140K)->141762K(156140K) NonClass: 123017K(130524K)->123017K(130524K) Class: 18744K(25616K)->18744K(25616K)
[106.263s][info][gc             ] GC(127) Pause Young (Allocation Failure) 533M->129M(4046M) 9.269ms
[106.263s][info][gc,cpu         ] GC(127) User=0.02s Sys=0.00s Real=0.02s
[108.068s][info][gc,start       ] GC(128) Pause Young (Allocation Failure)
[108.069s][info][gc,task        ] GC(128) Using 6 workers of 6 for evacuation
[108.079s][info][gc,heap        ] GC(128) ParNew: 423657K->16398K(460096K)
[108.079s][info][gc,heap        ] GC(128) CMS: 118224K->118224K(3683136K)
[108.079s][info][gc,metaspace   ] GC(128) Metaspace: 141770K(156140K)->141770K(156140K) NonClass: 123026K(130524K)->123026K(130524K) Class: 18744K(25616K)->18744K(25616K)
[108.079s][info][gc             ] GC(128) Pause Young (Allocation Failure) 529M->131M(4046M) 10.625ms
[108.079s][info][gc,cpu         ] GC(128) User=0.00s Sys=0.00s Real=0.00s
[109.803s][info][gc,start       ] GC(129) Pause Young (Allocation Failure)
[109.803s][info][gc,task        ] GC(129) Using 6 workers of 6 for evacuation
[109.811s][info][gc,heap        ] GC(129) ParNew: 425422K->13614K(460096K)
[109.811s][info][gc,heap        ] GC(129) CMS: 118224K->118224K(3683136K)
[109.811s][info][gc,metaspace   ] GC(129) Metaspace: 141770K(156140K)->141770K(156140K) NonClass: 123026K(130524K)->123026K(130524K) Class: 18744K(25616K)->18744K(25616K)
[109.811s][info][gc             ] GC(129) Pause Young (Allocation Failure) 530M->128M(4046M) 8.025ms
[109.811s][info][gc,cpu         ] GC(129) User=0.02s Sys=0.00s Real=0.01s
[110.353s][info][gc,start       ] GC(130) Pause Full (System.gc())
[110.355s][info][gc,phases,start] GC(130) Phase 1: Mark live objects
[110.424s][info][gc,phases      ] GC(130) Phase 1: Mark live objects 69.030ms
[110.424s][info][gc,phases,start] GC(130) Phase 2: Compute new object addresses
[110.464s][info][gc,phases      ] GC(130) Phase 2: Compute new object addresses 39.897ms
[110.464s][info][gc,phases,start] GC(130) Phase 3: Adjust pointers
[110.505s][info][gc,phases      ] GC(130) Phase 3: Adjust pointers 40.774ms
[110.505s][info][gc,phases,start] GC(130) Phase 4: Move objects
[110.516s][info][gc,phases      ] GC(130) Phase 4: Move objects 11.045ms
[110.520s][info][gc,heap        ] GC(130) ParNew: 288210K->0K(460096K)
[110.520s][info][gc,heap        ] GC(130) CMS: 118224K->67175K(3683136K)
[110.520s][info][gc,metaspace   ] GC(130) Metaspace: 141813K(156140K)->141813K(156140K) NonClass: 123069K(130524K)->123069K(130524K) Class: 18744K(25616K)->18744K(25616K)
[110.521s][info][gc             ] GC(130) Pause Full (System.gc()) 396M->65M(4046M) 167.159ms
[110.521s][info][gc,cpu         ] GC(130) User=0.17s Sys=0.00s Real=0.17s
[110.685s][info][gc,start       ] GC(131) Pause Young (Allocation Failure)
[110.685s][info][gc,task        ] GC(131) Using 6 workers of 6 for evacuation
[110.694s][info][gc,heap        ] GC(131) ParNew: 409024K->19090K(460096K)
[110.694s][info][gc,heap        ] GC(131) CMS: 67175K->67175K(3683136K)
[110.694s][info][gc,metaspace   ] GC(131) Metaspace: 141868K(156140K)->141868K(156140K) NonClass: 123123K(130524K)->123123K(130524K) Class: 18744K(25616K)->18744K(25616K)
[110.694s][info][gc             ] GC(131) Pause Young (Allocation Failure) 465M->84M(4046M) 8.502ms
[110.694s][info][gc,cpu         ] GC(131) User=0.00s Sys=0.00s Real=0.01s
[110.873s][info][gc,start       ] GC(132) Pause Young (Allocation Failure)
[110.873s][info][gc,task        ] GC(132) Using 6 workers of 6 for evacuation
[110.882s][info][gc,heap        ] GC(132) ParNew: 427014K->48054K(460096K)
[110.882s][info][gc,heap        ] GC(132) CMS: 67175K->67175K(3683136K)
[110.882s][info][gc,metaspace   ] GC(132) Metaspace: 141868K(156140K)->141868K(156140K) NonClass: 123123K(130524K)->123123K(130524K) Class: 18744K(25616K)->18744K(25616K)
[110.882s][info][gc             ] GC(132) Pause Young (Allocation Failure) 482M->112M(4046M) 9.544ms
[110.882s][info][gc,cpu         ] GC(132) User=0.02s Sys=0.00s Real=0.02s
[110.938s][info][gc,start       ] GC(133) Pause Young (Allocation Failure)
[110.938s][info][gc,task        ] GC(133) Using 6 workers of 6 for evacuation
[110.949s][info][gc,heap        ] GC(133) ParNew: 453810K->25862K(460096K)
[110.949s][info][gc,heap        ] GC(133) CMS: 67175K->90835K(3683136K)
[110.949s][info][gc,metaspace   ] GC(133) Metaspace: 141868K(156140K)->141868K(156140K) NonClass: 123123K(130524K)->123123K(130524K) Class: 18744K(25616K)->18744K(25616K)
[110.949s][info][gc             ] GC(133) Pause Young (Allocation Failure) 508M->113M(4046M) 10.696ms
[110.949s][info][gc,cpu         ] GC(133) User=0.05s Sys=0.00s Real=0.00s
[111.141s][info][gc,start       ] GC(134) Pause Young (Allocation Failure)
[111.141s][info][gc,task        ] GC(134) Using 6 workers of 6 for evacuation
[111.150s][info][gc,heap        ] GC(134) ParNew: 434886K->24600K(460096K)
[111.150s][info][gc,heap        ] GC(134) CMS: 90835K->90835K(3683136K)
[111.150s][info][gc,metaspace   ] GC(134) Metaspace: 141881K(156140K)->141881K(156140K) NonClass: 123136K(130524K)->123136K(130524K) Class: 18744K(25616K)->18744K(25616K)
[111.150s][info][gc             ] GC(134) Pause Young (Allocation Failure) 513M->112M(4046M) 9.056ms
[111.150s][info][gc,cpu         ] GC(134) User=0.02s Sys=0.00s Real=0.02s
[111.205s][info][gc,start       ] GC(135) Pause Young (Allocation Failure)
[111.205s][info][gc,task        ] GC(135) Using 6 workers of 6 for evacuation
[111.214s][info][gc,heap        ] GC(135) ParNew: 433624K->40936K(460096K)
[111.214s][info][gc,heap        ] GC(135) CMS: 90835K->90835K(3683136K)
[111.214s][info][gc,metaspace   ] GC(135) Metaspace: 141882K(156140K)->141882K(156140K) NonClass: 123137K(130524K)->123137K(130524K) Class: 18744K(25616K)->18744K(25616K)
[111.214s][info][gc             ] GC(135) Pause Young (Allocation Failure) 512M->128M(4046M) 9.410ms
[111.214s][info][gc,cpu         ] GC(135) User=0.00s Sys=0.00s Real=0.00s
[111.394s][info][gc,start       ] GC(136) Pause Young (Allocation Failure)
[111.394s][info][gc,task        ] GC(136) Using 6 workers of 6 for evacuation
[111.409s][info][gc,heap        ] GC(136) ParNew: 449960K->51072K(460096K)
[111.409s][info][gc,heap        ] GC(136) CMS: 90835K->110456K(3683136K)
[111.409s][info][gc,metaspace   ] GC(136) Metaspace: 141886K(156140K)->141886K(156140K) NonClass: 123141K(130524K)->123141K(130524K) Class: 18744K(25616K)->18744K(25616K)
[111.409s][info][gc             ] GC(136) Pause Young (Allocation Failure) 528M->157M(4046M) 14.556ms
[111.409s][info][gc,cpu         ] GC(136) User=0.02s Sys=0.00s Real=0.02s
[112.075s][info][gc,start       ] GC(137) Pause Young (Allocation Failure)
[112.075s][info][gc,task        ] GC(137) Using 6 workers of 6 for evacuation
[112.084s][info][gc,heap        ] GC(137) ParNew: 460096K->25465K(460096K)
[112.084s][info][gc,heap        ] GC(137) CMS: 110456K->118360K(3683136K)
[112.084s][info][gc,metaspace   ] GC(137) Metaspace: 141889K(156140K)->141889K(156140K) NonClass: 123144K(130524K)->123144K(130524K) Class: 18745K(25616K)->18745K(25616K)
[112.084s][info][gc             ] GC(137) Pause Young (Allocation Failure) 557M->140M(4046M) 9.633ms
[112.084s][info][gc,cpu         ] GC(137) User=0.02s Sys=0.00s Real=0.02s
[113.907s][info][gc,start       ] GC(138) Pause Young (Allocation Failure)
[113.907s][info][gc,task        ] GC(138) Using 6 workers of 6 for evacuation
[113.916s][info][gc,heap        ] GC(138) ParNew: 434489K->16660K(460096K)
[113.916s][info][gc,heap        ] GC(138) CMS: 118360K->118360K(3683136K)
[113.916s][info][gc,metaspace   ] GC(138) Metaspace: 141889K(156140K)->141889K(156140K) NonClass: 123144K(130524K)->123144K(130524K) Class: 18745K(25616K)->18745K(25616K)
[113.916s][info][gc             ] GC(138) Pause Young (Allocation Failure) 539M->131M(4046M) 9.525ms
[113.916s][info][gc,cpu         ] GC(138) User=0.02s Sys=0.00s Real=0.01s
[115.691s][info][gc,start       ] GC(139) Pause Young (Allocation Failure)
[115.691s][info][gc,task        ] GC(139) Using 6 workers of 6 for evacuation
[115.700s][info][gc,heap        ] GC(139) ParNew: 425693K->19039K(460096K)
[115.700s][info][gc,heap        ] GC(139) CMS: 118360K->118360K(3683136K)
[115.700s][info][gc,metaspace   ] GC(139) Metaspace: 141895K(156140K)->141895K(156140K) NonClass: 123150K(130524K)->123150K(130524K) Class: 18745K(25616K)->18745K(25616K)
[115.700s][info][gc             ] GC(139) Pause Young (Allocation Failure) 531M->134M(4046M) 9.333ms
[115.700s][info][gc,cpu         ] GC(139) User=0.02s Sys=0.00s Real=0.02s
[117.412s][info][gc,start       ] GC(140) Pause Young (Allocation Failure)
[117.412s][info][gc,task        ] GC(140) Using 6 workers of 6 for evacuation
[117.419s][info][gc,heap        ] GC(140) ParNew: 426059K->12616K(460096K)
[117.419s][info][gc,heap        ] GC(140) CMS: 118360K->118360K(3683136K)
[117.419s][info][gc,metaspace   ] GC(140) Metaspace: 141909K(156140K)->141909K(156140K) NonClass: 123164K(130524K)->123164K(130524K) Class: 18745K(25616K)->18745K(25616K)
[117.419s][info][gc             ] GC(140) Pause Young (Allocation Failure) 531M->127M(4046M) 7.009ms
[117.419s][info][gc,cpu         ] GC(140) User=0.02s Sys=0.00s Real=0.02s
[117.952s][info][gc,start       ] GC(141) Pause Full (System.gc())
[117.955s][info][gc,phases,start] GC(141) Phase 1: Mark live objects
[118.030s][info][gc,phases      ] GC(141) Phase 1: Mark live objects 75.266ms
[118.030s][info][gc,phases,start] GC(141) Phase 2: Compute new object addresses
[118.070s][info][gc,phases      ] GC(141) Phase 2: Compute new object addresses 39.424ms
[118.070s][info][gc,phases,start] GC(141) Phase 3: Adjust pointers
[118.111s][info][gc,phases      ] GC(141) Phase 3: Adjust pointers 41.267ms
[118.111s][info][gc,phases,start] GC(141) Phase 4: Move objects
[118.124s][info][gc,phases      ] GC(141) Phase 4: Move objects 13.310ms
[118.128s][info][gc,heap        ] GC(141) ParNew: 281579K->0K(460096K)
[118.128s][info][gc,heap        ] GC(141) CMS: 118360K->67570K(3683136K)
[118.128s][info][gc,metaspace   ] GC(141) Metaspace: 141951K(156140K)->141951K(156140K) NonClass: 123205K(130524K)->123205K(130524K) Class: 18745K(25616K)->18745K(25616K)
[118.129s][info][gc             ] GC(141) Pause Full (System.gc()) 390M->65M(4046M) 177.258ms
[118.129s][info][gc,cpu         ] GC(141) User=0.22s Sys=0.00s Real=0.19s
[118.308s][info][gc,start       ] GC(142) Pause Young (Allocation Failure)
[118.308s][info][gc,task        ] GC(142) Using 6 workers of 6 for evacuation
[118.316s][info][gc,heap        ] GC(142) ParNew: 409024K->19737K(460096K)
[118.316s][info][gc,heap        ] GC(142) CMS: 67570K->67570K(3683136K)
[118.316s][info][gc,metaspace   ] GC(142) Metaspace: 142002K(156140K)->142002K(156140K) NonClass: 123257K(130524K)->123257K(130524K) Class: 18745K(25616K)->18745K(25616K)
[118.316s][info][gc             ] GC(142) Pause Young (Allocation Failure) 465M->85M(4046M) 8.075ms
[118.316s][info][gc,cpu         ] GC(142) User=0.02s Sys=0.00s Real=0.02s
[118.493s][info][gc,start       ] GC(143) Pause Young (Allocation Failure)
[118.493s][info][gc,task        ] GC(143) Using 6 workers of 6 for evacuation
[118.502s][info][gc,heap        ] GC(143) ParNew: 428252K->41753K(460096K)
[118.502s][info][gc,heap        ] GC(143) CMS: 67570K->67570K(3683136K)
[118.502s][info][gc,metaspace   ] GC(143) Metaspace: 142002K(156140K)->142002K(156140K) NonClass: 123257K(130524K)->123257K(130524K) Class: 18745K(25616K)->18745K(25616K)
[118.502s][info][gc             ] GC(143) Pause Young (Allocation Failure) 484M->106M(4046M) 9.366ms
[118.502s][info][gc,cpu         ] GC(143) User=0.00s Sys=0.00s Real=0.02s
[118.555s][info][gc,start       ] GC(144) Pause Young (Allocation Failure)
[118.555s][info][gc,task        ] GC(144) Using 6 workers of 6 for evacuation
[118.566s][info][gc,heap        ] GC(144) ParNew: 449014K->30599K(460096K)
[118.566s][info][gc,heap        ] GC(144) CMS: 67570K->92402K(3683136K)
[118.566s][info][gc,metaspace   ] GC(144) Metaspace: 142002K(156140K)->142002K(156140K) NonClass: 123257K(130524K)->123257K(130524K) Class: 18745K(25616K)->18745K(25616K)
[118.566s][info][gc             ] GC(144) Pause Young (Allocation Failure) 504M->120M(4046M) 11.051ms
[118.566s][info][gc,cpu         ] GC(144) User=0.02s Sys=0.00s Real=0.02s
[118.768s][info][gc,start       ] GC(145) Pause Young (Allocation Failure)
[118.768s][info][gc,task        ] GC(145) Using 6 workers of 6 for evacuation
[118.776s][info][gc,heap        ] GC(145) ParNew: 439623K->24682K(460096K)
[118.776s][info][gc,heap        ] GC(145) CMS: 92402K->92402K(3683136K)
[118.776s][info][gc,metaspace   ] GC(145) Metaspace: 142002K(156140K)->142002K(156140K) NonClass: 123257K(130524K)->123257K(130524K) Class: 18745K(25616K)->18745K(25616K)
[118.776s][info][gc             ] GC(145) Pause Young (Allocation Failure) 519M->114M(4046M) 8.042ms
[118.776s][info][gc,cpu         ] GC(145) User=0.02s Sys=0.00s Real=0.02s
[118.827s][info][gc,start       ] GC(146) Pause Young (Allocation Failure)
[118.827s][info][gc,task        ] GC(146) Using 6 workers of 6 for evacuation
[118.837s][info][gc,heap        ] GC(146) ParNew: 433706K->39949K(460096K)
[118.837s][info][gc,heap        ] GC(146) CMS: 92402K->92402K(3683136K)
[118.837s][info][gc,metaspace   ] GC(146) Metaspace: 142002K(156140K)->142002K(156140K) NonClass: 123257K(130524K)->123257K(130524K) Class: 18745K(25616K)->18745K(25616K)
[118.837s][info][gc             ] GC(146) Pause Young (Allocation Failure) 513M->129M(4046M) 9.898ms
[118.837s][info][gc,cpu         ] GC(146) User=0.02s Sys=0.00s Real=0.02s
[119.020s][info][gc,start       ] GC(147) Pause Young (Allocation Failure)
[119.020s][info][gc,task        ] GC(147) Using 6 workers of 6 for evacuation
[119.033s][info][gc,heap        ] GC(147) ParNew: 448973K->51072K(460096K)
[119.033s][info][gc,heap        ] GC(147) CMS: 92402K->110226K(3683136K)
[119.033s][info][gc,metaspace   ] GC(147) Metaspace: 142006K(156140K)->142006K(156140K) NonClass: 123260K(130524K)->123260K(130524K) Class: 18745K(25616K)->18745K(25616K)
[119.033s][info][gc             ] GC(147) Pause Young (Allocation Failure) 528M->157M(4046M) 13.504ms
[119.033s][info][gc,cpu         ] GC(147) User=0.00s Sys=0.00s Real=0.00s
[119.682s][info][gc,start       ] GC(148) Pause Young (Allocation Failure)
[119.682s][info][gc,task        ] GC(148) Using 6 workers of 6 for evacuation
[119.691s][info][gc,heap        ] GC(148) ParNew: 460096K->24040K(460096K)
[119.691s][info][gc,heap        ] GC(148) CMS: 110226K->119691K(3683136K)
[119.691s][info][gc,metaspace   ] GC(148) Metaspace: 142026K(156140K)->142026K(156140K) NonClass: 123281K(130524K)->123281K(130524K) Class: 18745K(25616K)->18745K(25616K)
[119.691s][info][gc             ] GC(148) Pause Young (Allocation Failure) 556M->140M(4046M) 8.690ms
[119.691s][info][gc,cpu         ] GC(148) User=0.00s Sys=0.00s Real=0.00s
[121.524s][info][gc,start       ] GC(149) Pause Young (Allocation Failure)
[121.524s][info][gc,task        ] GC(149) Using 6 workers of 6 for evacuation
[121.533s][info][gc,heap        ] GC(149) ParNew: 433064K->15269K(460096K)
[121.533s][info][gc,heap        ] GC(149) CMS: 119691K->119691K(3683136K)
[121.533s][info][gc,metaspace   ] GC(149) Metaspace: 142028K(156140K)->142028K(156140K) NonClass: 123283K(130524K)->123283K(130524K) Class: 18745K(25616K)->18745K(25616K)
[121.533s][info][gc             ] GC(149) Pause Young (Allocation Failure) 539M->131M(4046M) 8.413ms
[121.533s][info][gc,cpu         ] GC(149) User=0.02s Sys=0.00s Real=0.01s
[123.297s][info][gc,start       ] GC(150) Pause Young (Allocation Failure)
[123.298s][info][gc,task        ] GC(150) Using 6 workers of 6 for evacuation
[123.306s][info][gc,heap        ] GC(150) ParNew: 424293K->18477K(460096K)
[123.306s][info][gc,heap        ] GC(150) CMS: 119691K->119691K(3683136K)
[123.306s][info][gc,metaspace   ] GC(150) Metaspace: 142028K(156140K)->142028K(156140K) NonClass: 123283K(130524K)->123283K(130524K) Class: 18745K(25616K)->18745K(25616K)
[123.306s][info][gc             ] GC(150) Pause Young (Allocation Failure) 531M->134M(4046M) 8.268ms
[123.306s][info][gc,cpu         ] GC(150) User=0.00s Sys=0.00s Real=0.02s
[125.021s][info][gc,start       ] GC(151) Pause Young (Allocation Failure)
[125.021s][info][gc,task        ] GC(151) Using 6 workers of 6 for evacuation
[125.028s][info][gc,heap        ] GC(151) ParNew: 426433K->14072K(460096K)
[125.028s][info][gc,heap        ] GC(151) CMS: 119691K->119691K(3683136K)
[125.028s][info][gc,metaspace   ] GC(151) Metaspace: 142028K(156140K)->142028K(156140K) NonClass: 123283K(130524K)->123283K(130524K) Class: 18745K(25616K)->18745K(25616K)
[125.028s][info][gc             ] GC(151) Pause Young (Allocation Failure) 533M->130M(4046M) 6.965ms
[125.028s][info][gc,cpu         ] GC(151) User=0.00s Sys=0.00s Real=0.00s
[125.556s][info][gc,start       ] GC(152) Pause Full (System.gc())
[125.558s][info][gc,phases,start] GC(152) Phase 1: Mark live objects
[125.654s][info][gc,phases      ] GC(152) Phase 1: Mark live objects 95.669ms
[125.654s][info][gc,phases,start] GC(152) Phase 2: Compute new object addresses
[125.694s][info][gc,phases      ] GC(152) Phase 2: Compute new object addresses 40.103ms
[125.694s][info][gc,phases,start] GC(152) Phase 3: Adjust pointers
[125.734s][info][gc,phases      ] GC(152) Phase 3: Adjust pointers 40.223ms
[125.734s][info][gc,phases,start] GC(152) Phase 4: Move objects
[125.742s][info][gc,phases      ] GC(152) Phase 4: Move objects 7.873ms
[125.746s][info][gc,heap        ] GC(152) ParNew: 283890K->0K(460096K)
[125.746s][info][gc,heap        ] GC(152) CMS: 119691K->67962K(3683136K)
[125.746s][info][gc,metaspace   ] GC(152) Metaspace: 142072K(156396K)->142072K(156396K) NonClass: 123322K(130780K)->123322K(130780K) Class: 18750K(25616K)->18750K(25616K)
[125.747s][info][gc             ] GC(152) Pause Full (System.gc()) 394M->66M(4046M) 190.319ms
[125.747s][info][gc,cpu         ] GC(152) User=0.19s Sys=0.00s Real=0.19s
[125.921s][info][gc,start       ] GC(153) Pause Young (Allocation Failure)
[125.921s][info][gc,task        ] GC(153) Using 6 workers of 6 for evacuation
[125.929s][info][gc,heap        ] GC(153) ParNew: 409024K->19450K(460096K)
[125.929s][info][gc,heap        ] GC(153) CMS: 67962K->67962K(3683136K)
[125.929s][info][gc,metaspace   ] GC(153) Metaspace: 142109K(156396K)->142109K(156396K) NonClass: 123361K(130780K)->123361K(130780K) Class: 18747K(25616K)->18747K(25616K)
[125.929s][info][gc             ] GC(153) Pause Young (Allocation Failure) 465M->85M(4046M) 8.462ms
[125.929s][info][gc,cpu         ] GC(153) User=0.02s Sys=0.00s Real=0.02s
[126.112s][info][gc,start       ] GC(154) Pause Young (Allocation Failure)
[126.112s][info][gc,task        ] GC(154) Using 6 workers of 6 for evacuation
[126.122s][info][gc,heap        ] GC(154) ParNew: 424952K->48245K(460096K)
[126.122s][info][gc,heap        ] GC(154) CMS: 67962K->67962K(3683136K)
[126.122s][info][gc,metaspace   ] GC(154) Metaspace: 142113K(156396K)->142113K(156396K) NonClass: 123365K(130780K)->123365K(130780K) Class: 18747K(25616K)->18747K(25616K)
[126.123s][info][gc             ] GC(154) Pause Young (Allocation Failure) 481M->113M(4046M) 10.561ms
[126.123s][info][gc,cpu         ] GC(154) User=0.02s Sys=0.00s Real=0.02s
[126.184s][info][gc,start       ] GC(155) Pause Young (Allocation Failure)
[126.184s][info][gc,task        ] GC(155) Using 6 workers of 6 for evacuation
[126.195s][info][gc,heap        ] GC(155) ParNew: 456875K->35023K(460096K)
[126.195s][info][gc,heap        ] GC(155) CMS: 67962K->92320K(3683136K)
[126.195s][info][gc,metaspace   ] GC(155) Metaspace: 142113K(156396K)->142113K(156396K) NonClass: 123366K(130780K)->123366K(130780K) Class: 18747K(25616K)->18747K(25616K)
[126.195s][info][gc             ] GC(155) Pause Young (Allocation Failure) 512M->124M(4046M) 11.370ms
[126.195s][info][gc,cpu         ] GC(155) User=0.06s Sys=0.00s Real=0.02s
[126.388s][info][gc,start       ] GC(156) Pause Young (Allocation Failure)
[126.388s][info][gc,task        ] GC(156) Using 6 workers of 6 for evacuation
[126.397s][info][gc,heap        ] GC(156) ParNew: 444047K->24823K(460096K)
[126.397s][info][gc,heap        ] GC(156) CMS: 92320K->92320K(3683136K)
[126.397s][info][gc,metaspace   ] GC(156) Metaspace: 142117K(156396K)->142117K(156396K) NonClass: 123369K(130780K)->123369K(130780K) Class: 18747K(25616K)->18747K(25616K)
[126.397s][info][gc             ] GC(156) Pause Young (Allocation Failure) 523M->114M(4046M) 8.434ms
[126.397s][info][gc,cpu         ] GC(156) User=0.02s Sys=0.00s Real=0.01s
[126.447s][info][gc,start       ] GC(157) Pause Young (Allocation Failure)
[126.447s][info][gc,task        ] GC(157) Using 6 workers of 6 for evacuation
[126.456s][info][gc,heap        ] GC(157) ParNew: 432087K->37517K(460096K)
[126.456s][info][gc,heap        ] GC(157) CMS: 92320K->92320K(3683136K)
[126.456s][info][gc,metaspace   ] GC(157) Metaspace: 142117K(156396K)->142117K(156396K) NonClass: 123369K(130780K)->123369K(130780K) Class: 18747K(25616K)->18747K(25616K)
[126.456s][info][gc             ] GC(157) Pause Young (Allocation Failure) 512M->126M(4046M) 9.654ms
[126.456s][info][gc,cpu         ] GC(157) User=0.00s Sys=0.00s Real=0.00s
[126.640s][info][gc,start       ] GC(158) Pause Young (Allocation Failure)
[126.640s][info][gc,task        ] GC(158) Using 6 workers of 6 for evacuation
[126.652s][info][gc,heap        ] GC(158) ParNew: 446541K->34522K(460096K)
[126.652s][info][gc,heap        ] GC(158) CMS: 92320K->109582K(3683136K)
[126.652s][info][gc,metaspace   ] GC(158) Metaspace: 142117K(156396K)->142117K(156396K) NonClass: 123369K(130780K)->123369K(130780K) Class: 18747K(25616K)->18747K(25616K)
[126.652s][info][gc             ] GC(158) Pause Young (Allocation Failure) 526M->140M(4046M) 11.556ms
[126.652s][info][gc,cpu         ] GC(158) User=0.00s Sys=0.00s Real=0.01s
[127.307s][info][gc,start       ] GC(159) Pause Young (Allocation Failure)
[127.307s][info][gc,task        ] GC(159) Using 6 workers of 6 for evacuation
[127.316s][info][gc,heap        ] GC(159) ParNew: 443547K->18885K(460096K)
[127.316s][info][gc,heap        ] GC(159) CMS: 109582K->119047K(3683136K)
[127.316s][info][gc,metaspace   ] GC(159) Metaspace: 142117K(156396K)->142117K(156396K) NonClass: 123369K(130780K)->123369K(130780K) Class: 18747K(25616K)->18747K(25616K)
[127.316s][info][gc             ] GC(159) Pause Young (Allocation Failure) 540M->134M(4046M) 9.190ms
[127.316s][info][gc,cpu         ] GC(159) User=0.00s Sys=0.00s Real=0.00s
[129.131s][info][gc,start       ] GC(160) Pause Young (Allocation Failure)
[129.131s][info][gc,task        ] GC(160) Using 6 workers of 6 for evacuation
[129.142s][info][gc,heap        ] GC(160) ParNew: 427909K->18729K(460096K)
[129.142s][info][gc,heap        ] GC(160) CMS: 119047K->119047K(3683136K)
[129.142s][info][gc,metaspace   ] GC(160) Metaspace: 142118K(156396K)->142118K(156396K) NonClass: 123371K(130780K)->123371K(130780K) Class: 18747K(25616K)->18747K(25616K)
[129.142s][info][gc             ] GC(160) Pause Young (Allocation Failure) 534M->134M(4046M) 11.035ms
[129.142s][info][gc,cpu         ] GC(160) User=0.02s Sys=0.00s Real=0.01s
[130.893s][info][gc,start       ] GC(161) Pause Young (Allocation Failure)
[130.893s][info][gc,task        ] GC(161) Using 6 workers of 6 for evacuation
[130.902s][info][gc,heap        ] GC(161) ParNew: 427753K->17575K(460096K)
[130.902s][info][gc,heap        ] GC(161) CMS: 119047K->119047K(3683136K)
[130.902s][info][gc,metaspace   ] GC(161) Metaspace: 142181K(156396K)->142181K(156396K) NonClass: 123434K(130780K)->123434K(130780K) Class: 18747K(25616K)->18747K(25616K)
[130.902s][info][gc             ] GC(161) Pause Young (Allocation Failure) 533M->133M(4046M) 8.629ms
[130.902s][info][gc,cpu         ] GC(161) User=0.00s Sys=0.00s Real=0.01s
[132.513s][info][gc,start       ] GC(162) Pause Young (Allocation Failure)
[132.513s][info][gc,task        ] GC(162) Using 6 workers of 6 for evacuation
[132.522s][info][gc,heap        ] GC(162) ParNew: 425871K->13016K(460096K)
[132.522s][info][gc,heap        ] GC(162) CMS: 119047K->119047K(3683136K)
[132.522s][info][gc,metaspace   ] GC(162) Metaspace: 142183K(156396K)->142183K(156396K) NonClass: 123436K(130780K)->123436K(130780K) Class: 18747K(25616K)->18747K(25616K)
[132.522s][info][gc             ] GC(162) Pause Young (Allocation Failure) 532M->128M(4046M) 9.657ms
[132.522s][info][gc,cpu         ] GC(162) User=0.02s Sys=0.00s Real=0.02s
[133.146s][info][gc,start       ] GC(163) Pause Full (System.gc())
[133.150s][info][gc,phases,start] GC(163) Phase 1: Mark live objects
[133.222s][info][gc,phases      ] GC(163) Phase 1: Mark live objects 72.324ms
[133.222s][info][gc,phases,start] GC(163) Phase 2: Compute new object addresses
[133.263s][info][gc,phases      ] GC(163) Phase 2: Compute new object addresses 40.724ms
[133.263s][info][gc,phases,start] GC(163) Phase 3: Adjust pointers
[133.304s][info][gc,phases      ] GC(163) Phase 3: Adjust pointers 41.107ms
[133.304s][info][gc,phases,start] GC(163) Phase 4: Move objects
[133.318s][info][gc,phases      ] GC(163) Phase 4: Move objects 14.104ms
[133.322s][info][gc,heap        ] GC(163) ParNew: 299400K->0K(460096K)
[133.322s][info][gc,heap        ] GC(163) CMS: 119047K->68344K(3683136K)
[133.322s][info][gc,metaspace   ] GC(163) Metaspace: 142238K(156396K)->142238K(156396K) NonClass: 123490K(130780K)->123490K(130780K) Class: 18747K(25616K)->18747K(25616K)
[133.322s][info][gc             ] GC(163) Pause Full (System.gc()) 408M->66M(4046M) 176.028ms
[133.322s][info][gc,cpu         ] GC(163) User=0.17s Sys=0.00s Real=0.17s
[133.486s][info][gc,start       ] GC(164) Pause Young (Allocation Failure)
[133.486s][info][gc,task        ] GC(164) Using 6 workers of 6 for evacuation
[133.495s][info][gc,heap        ] GC(164) ParNew: 409024K->19851K(460096K)
[133.495s][info][gc,heap        ] GC(164) CMS: 68344K->68344K(3683136K)
[133.495s][info][gc,metaspace   ] GC(164) Metaspace: 142303K(156396K)->142303K(156396K) NonClass: 123555K(130780K)->123555K(130780K) Class: 18748K(25616K)->18748K(25616K)
[133.495s][info][gc             ] GC(164) Pause Young (Allocation Failure) 466M->86M(4046M) 9.009ms
[133.495s][info][gc,cpu         ] GC(164) User=0.02s Sys=0.00s Real=0.01s
[133.674s][info][gc,start       ] GC(165) Pause Young (Allocation Failure)
[133.674s][info][gc,task        ] GC(165) Using 6 workers of 6 for evacuation
[133.685s][info][gc,heap        ] GC(165) ParNew: 428875K->48689K(460096K)
[133.685s][info][gc,heap        ] GC(165) CMS: 68344K->68344K(3683136K)
[133.685s][info][gc,metaspace   ] GC(165) Metaspace: 142303K(156396K)->142303K(156396K) NonClass: 123555K(130780K)->123555K(130780K) Class: 18748K(25616K)->18748K(25616K)
[133.685s][info][gc             ] GC(165) Pause Young (Allocation Failure) 485M->114M(4046M) 10.481ms
[133.685s][info][gc,cpu         ] GC(165) User=0.02s Sys=0.00s Real=0.01s
[133.739s][info][gc,start       ] GC(166) Pause Young (Allocation Failure)
[133.739s][info][gc,task        ] GC(166) Using 6 workers of 6 for evacuation
[133.750s][info][gc,heap        ] GC(166) ParNew: 455164K->26361K(460096K)
[133.750s][info][gc,heap        ] GC(166) CMS: 68344K->93099K(3683136K)
[133.750s][info][gc,metaspace   ] GC(166) Metaspace: 142303K(156396K)->142303K(156396K) NonClass: 123555K(130780K)->123555K(130780K) Class: 18748K(25616K)->18748K(25616K)
[133.750s][info][gc             ] GC(166) Pause Young (Allocation Failure) 511M->116M(4046M) 11.242ms
[133.750s][info][gc,cpu         ] GC(166) User=0.11s Sys=0.00s Real=0.02s
[133.943s][info][gc,start       ] GC(167) Pause Young (Allocation Failure)
[133.943s][info][gc,task        ] GC(167) Using 6 workers of 6 for evacuation
[133.951s][info][gc,heap        ] GC(167) ParNew: 435385K->25825K(460096K)
[133.951s][info][gc,heap        ] GC(167) CMS: 93099K->93099K(3683136K)
[133.951s][info][gc,metaspace   ] GC(167) Metaspace: 142305K(156396K)->142305K(156396K) NonClass: 123556K(130780K)->123556K(130780K) Class: 18748K(25616K)->18748K(25616K)
[133.951s][info][gc             ] GC(167) Pause Young (Allocation Failure) 516M->116M(4046M) 8.482ms
[133.951s][info][gc,cpu         ] GC(167) User=0.03s Sys=0.00s Real=0.02s
[134.002s][info][gc,start       ] GC(168) Pause Young (Allocation Failure)
[134.002s][info][gc,task        ] GC(168) Using 6 workers of 6 for evacuation
[134.012s][info][gc,heap        ] GC(168) ParNew: 431123K->49610K(460096K)
[134.012s][info][gc,heap        ] GC(168) CMS: 93099K->93099K(3683136K)
[134.012s][info][gc,metaspace   ] GC(168) Metaspace: 142305K(156396K)->142305K(156396K) NonClass: 123556K(130780K)->123556K(130780K) Class: 18748K(25616K)->18748K(25616K)
[134.012s][info][gc             ] GC(168) Pause Young (Allocation Failure) 511M->139M(4046M) 10.257ms
[134.012s][info][gc,cpu         ] GC(168) User=0.02s Sys=0.00s Real=0.02s
[134.190s][info][gc,start       ] GC(169) Pause Young (Allocation Failure)
[134.190s][info][gc,task        ] GC(169) Using 6 workers of 6 for evacuation
[134.202s][info][gc,heap        ] GC(169) ParNew: 458634K->34385K(460096K)
[134.202s][info][gc,heap        ] GC(169) CMS: 93099K->109978K(3683136K)
[134.202s][info][gc,metaspace   ] GC(169) Metaspace: 142309K(156396K)->142309K(156396K) NonClass: 123561K(130780K)->123561K(130780K) Class: 18748K(25616K)->18748K(25616K)
[134.202s][info][gc             ] GC(169) Pause Young (Allocation Failure) 538M->140M(4046M) 12.429ms
[134.202s][info][gc,cpu         ] GC(169) User=0.02s Sys=0.00s Real=0.02s
[134.863s][info][gc,start       ] GC(170) Pause Young (Allocation Failure)
[134.863s][info][gc,task        ] GC(170) Using 6 workers of 6 for evacuation
[134.872s][info][gc,heap        ] GC(170) ParNew: 443409K->20853K(460096K)
[134.872s][info][gc,heap        ] GC(170) CMS: 109978K->119443K(3683136K)
[134.872s][info][gc,metaspace   ] GC(170) Metaspace: 142317K(156396K)->142317K(156396K) NonClass: 123568K(130780K)->123568K(130780K) Class: 18748K(25616K)->18748K(25616K)
[134.872s][info][gc             ] GC(170) Pause Young (Allocation Failure) 540M->137M(4046M) 9.082ms
[134.872s][info][gc,cpu         ] GC(170) User=0.02s Sys=0.00s Real=0.02s
[136.679s][info][gc,start       ] GC(171) Pause Young (Allocation Failure)
[136.679s][info][gc,task        ] GC(171) Using 6 workers of 6 for evacuation
[136.686s][info][gc,heap        ] GC(171) ParNew: 429210K->12090K(460096K)
[136.686s][info][gc,heap        ] GC(171) CMS: 119443K->119443K(3683136K)
[136.686s][info][gc,metaspace   ] GC(171) Metaspace: 142318K(156396K)->142318K(156396K) NonClass: 123569K(130780K)->123569K(130780K) Class: 18748K(25616K)->18748K(25616K)
[136.686s][info][gc             ] GC(171) Pause Young (Allocation Failure) 535M->128M(4046M) 7.260ms
[136.686s][info][gc,cpu         ] GC(171) User=0.00s Sys=0.00s Real=0.00s
[138.440s][info][gc,start       ] GC(172) Pause Young (GCLocker Initiated GC)
[138.440s][info][gc,task        ] GC(172) Using 6 workers of 6 for evacuation
[138.448s][info][gc,heap        ] GC(172) ParNew: 421122K->16137K(460096K)
[138.448s][info][gc,heap        ] GC(172) CMS: 119443K->119443K(3683136K)
[138.448s][info][gc,metaspace   ] GC(172) Metaspace: 142319K(156396K)->142319K(156396K) NonClass: 123570K(130780K)->123570K(130780K) Class: 18748K(25616K)->18748K(25616K)
[138.448s][info][gc             ] GC(172) Pause Young (GCLocker Initiated GC) 527M->132M(4046M) 7.664ms
[138.448s][info][gc,cpu         ] GC(172) User=0.00s Sys=0.00s Real=0.00s
[140.075s][info][gc,start       ] GC(173) Pause Young (Allocation Failure)
[140.075s][info][gc,task        ] GC(173) Using 6 workers of 6 for evacuation
[140.084s][info][gc,heap        ] GC(173) ParNew: 425161K->16251K(460096K)
[140.084s][info][gc,heap        ] GC(173) CMS: 119443K->119443K(3683136K)
[140.084s][info][gc,metaspace   ] GC(173) Metaspace: 142319K(156396K)->142319K(156396K) NonClass: 123570K(130780K)->123570K(130780K) Class: 18748K(25616K)->18748K(25616K)
[140.084s][info][gc             ] GC(173) Pause Young (Allocation Failure) 531M->132M(4046M) 8.958ms
[140.084s][info][gc,cpu         ] GC(173) User=0.02s Sys=0.00s Real=0.02s
[140.688s][info][gc,start       ] GC(174) Pause Full (System.gc())
[140.691s][info][gc,phases,start] GC(174) Phase 1: Mark live objects
[140.761s][info][gc,phases      ] GC(174) Phase 1: Mark live objects 70.263ms
[140.761s][info][gc,phases,start] GC(174) Phase 2: Compute new object addresses
[140.802s][info][gc,phases      ] GC(174) Phase 2: Compute new object addresses 41.147ms
[140.802s][info][gc,phases,start] GC(174) Phase 3: Adjust pointers
[140.844s][info][gc,phases      ] GC(174) Phase 3: Adjust pointers 41.667ms
[140.844s][info][gc,phases,start] GC(174) Phase 4: Move objects
[140.852s][info][gc,phases      ] GC(174) Phase 4: Move objects 8.182ms
[140.856s][info][gc,heap        ] GC(174) ParNew: 294140K->0K(460096K)
[140.856s][info][gc,heap        ] GC(174) CMS: 119443K->68696K(3683136K)
[140.856s][info][gc,metaspace   ] GC(174) Metaspace: 142371K(156396K)->142371K(156396K) NonClass: 123622K(130780K)->123622K(130780K) Class: 18748K(25616K)->18748K(25616K)
[140.857s][info][gc             ] GC(174) Pause Full (System.gc()) 403M->67M(4046M) 168.396ms
[140.857s][info][gc,cpu         ] GC(174) User=0.16s Sys=0.00s Real=0.17s
[141.055s][info][gc,start       ] GC(175) Pause Young (Allocation Failure)
[141.055s][info][gc,task        ] GC(175) Using 6 workers of 6 for evacuation
[141.064s][info][gc,heap        ] GC(175) ParNew: 409024K->19782K(460096K)
[141.064s][info][gc,heap        ] GC(175) CMS: 68696K->68696K(3683136K)
[141.064s][info][gc,metaspace   ] GC(175) Metaspace: 142446K(156652K)->142446K(156652K) NonClass: 123687K(131036K)->123687K(131036K) Class: 18758K(25616K)->18758K(25616K)
[141.064s][info][gc             ] GC(175) Pause Young (Allocation Failure) 466M->86M(4046M) 9.552ms
[141.065s][info][gc,cpu         ] GC(175) User=0.03s Sys=0.00s Real=0.02s
[141.275s][info][gc,start       ] GC(176) Pause Young (Allocation Failure)
[141.275s][info][gc,task        ] GC(176) Using 6 workers of 6 for evacuation
[141.284s][info][gc,heap        ] GC(176) ParNew: 428068K->37760K(460096K)
[141.284s][info][gc,heap        ] GC(176) CMS: 68696K->68696K(3683136K)
[141.284s][info][gc,metaspace   ] GC(176) Metaspace: 142446K(156652K)->142446K(156652K) NonClass: 123687K(131036K)->123687K(131036K) Class: 18758K(25616K)->18758K(25616K)
[141.284s][info][gc             ] GC(176) Pause Young (Allocation Failure) 485M->103M(4046M) 9.247ms
[141.284s][info][gc,cpu         ] GC(176) User=0.02s Sys=0.00s Real=0.01s
[141.343s][info][gc,start       ] GC(177) Pause Young (Allocation Failure)
[141.344s][info][gc,task        ] GC(177) Using 6 workers of 6 for evacuation
[141.355s][info][gc,heap        ] GC(177) ParNew: 445337K->49133K(460096K)
[141.355s][info][gc,heap        ] GC(177) CMS: 68696K->68696K(3683136K)
[141.355s][info][gc,metaspace   ] GC(177) Metaspace: 142446K(156652K)->142446K(156652K) NonClass: 123687K(131036K)->123687K(131036K) Class: 18758K(25616K)->18758K(25616K)
[141.355s][info][gc             ] GC(177) Pause Young (Allocation Failure) 501M->115M(4046M) 11.453ms
[141.355s][info][gc,cpu         ] GC(177) User=0.05s Sys=0.00s Real=0.02s
[141.559s][info][gc,start       ] GC(178) Pause Young (Allocation Failure)
[141.559s][info][gc,task        ] GC(178) Using 6 workers of 6 for evacuation
[141.569s][info][gc,heap        ] GC(178) ParNew: 458157K->26766K(460096K)
[141.569s][info][gc,heap        ] GC(178) CMS: 68696K->92846K(3683136K)
[141.569s][info][gc,metaspace   ] GC(178) Metaspace: 142446K(156652K)->142446K(156652K) NonClass: 123687K(131036K)->123687K(131036K) Class: 18758K(25616K)->18758K(25616K)
[141.569s][info][gc             ] GC(178) Pause Young (Allocation Failure) 514M->116M(4046M) 10.306ms
[141.569s][info][gc,cpu         ] GC(178) User=0.00s Sys=0.00s Real=0.00s
[141.618s][info][gc,start       ] GC(179) Pause Young (Allocation Failure)
[141.618s][info][gc,task        ] GC(179) Using 6 workers of 6 for evacuation
[141.628s][info][gc,heap        ] GC(179) ParNew: 434928K->45210K(460096K)
[141.628s][info][gc,heap        ] GC(179) CMS: 92846K->92846K(3683136K)
[141.628s][info][gc,metaspace   ] GC(179) Metaspace: 142446K(156652K)->142446K(156652K) NonClass: 123687K(131036K)->123687K(131036K) Class: 18758K(25616K)->18758K(25616K)
[141.628s][info][gc             ] GC(179) Pause Young (Allocation Failure) 515M->134M(4046M) 10.078ms
[141.628s][info][gc,cpu         ] GC(179) User=0.02s Sys=0.00s Real=0.02s
[141.813s][info][gc,start       ] GC(180) Pause Young (Allocation Failure)
[141.813s][info][gc,task        ] GC(180) Using 6 workers of 6 for evacuation
[141.825s][info][gc,heap        ] GC(180) ParNew: 454234K->41630K(460096K)
[141.825s][info][gc,heap        ] GC(180) CMS: 92846K->109555K(3683136K)
[141.825s][info][gc,metaspace   ] GC(180) Metaspace: 142446K(156652K)->142446K(156652K) NonClass: 123687K(131036K)->123687K(131036K) Class: 18758K(25616K)->18758K(25616K)
[141.825s][info][gc             ] GC(180) Pause Young (Allocation Failure) 534M->147M(4046M) 11.971ms
[141.825s][info][gc,cpu         ] GC(180) User=0.00s Sys=0.00s Real=0.00s
[142.465s][info][gc,start       ] GC(181) Pause Young (Allocation Failure)
[142.465s][info][gc,task        ] GC(181) Using 6 workers of 6 for evacuation
[142.473s][info][gc,heap        ] GC(181) ParNew: 450654K->22650K(460096K)
[142.474s][info][gc,heap        ] GC(181) CMS: 109555K->119021K(3683136K)
[142.474s][info][gc,metaspace   ] GC(181) Metaspace: 142447K(156652K)->142447K(156652K) NonClass: 123689K(131036K)->123689K(131036K) Class: 18758K(25616K)->18758K(25616K)
[142.474s][info][gc             ] GC(181) Pause Young (Allocation Failure) 547M->138M(4046M) 8.762ms
[142.474s][info][gc,cpu         ] GC(181) User=0.00s Sys=0.00s Real=0.00s
[144.281s][info][gc,start       ] GC(182) Pause Young (Allocation Failure)
[144.281s][info][gc,task        ] GC(182) Using 6 workers of 6 for evacuation
[144.290s][info][gc,heap        ] GC(182) ParNew: 431674K->14917K(460096K)
[144.290s][info][gc,heap        ] GC(182) CMS: 119021K->119021K(3683136K)
[144.290s][info][gc,metaspace   ] GC(182) Metaspace: 142463K(156652K)->142463K(156652K) NonClass: 123704K(131036K)->123704K(131036K) Class: 18758K(25616K)->18758K(25616K)
[144.291s][info][gc             ] GC(182) Pause Young (Allocation Failure) 537M->130M(4046M) 9.212ms
[144.291s][info][gc,cpu         ] GC(182) User=0.05s Sys=0.00s Real=0.01s
[146.042s][info][gc,start       ] GC(183) Pause Young (Allocation Failure)
[146.042s][info][gc,task        ] GC(183) Using 6 workers of 6 for evacuation
[146.051s][info][gc,heap        ] GC(183) ParNew: 423941K->18444K(460096K)
[146.051s][info][gc,heap        ] GC(183) CMS: 119021K->119021K(3683136K)
[146.051s][info][gc,metaspace   ] GC(183) Metaspace: 142463K(156652K)->142463K(156652K) NonClass: 123704K(131036K)->123704K(131036K) Class: 18758K(25616K)->18758K(25616K)
[146.051s][info][gc             ] GC(183) Pause Young (Allocation Failure) 530M->134M(4046M) 9.860ms
[146.052s][info][gc,cpu         ] GC(183) User=0.02s Sys=0.00s Real=0.02s
[147.752s][info][gc,start       ] GC(184) Pause Young (Allocation Failure)
[147.752s][info][gc,task        ] GC(184) Using 6 workers of 6 for evacuation
[147.759s][info][gc,heap        ] GC(184) ParNew: 426810K->13729K(460096K)
[147.759s][info][gc,heap        ] GC(184) CMS: 119021K->119021K(3683136K)
[147.759s][info][gc,metaspace   ] GC(184) Metaspace: 142463K(156652K)->142463K(156652K) NonClass: 123704K(131036K)->123704K(131036K) Class: 18758K(25616K)->18758K(25616K)
[147.759s][info][gc             ] GC(184) Pause Young (Allocation Failure) 533M->129M(4046M) 7.113ms
[147.759s][info][gc,cpu         ] GC(184) User=0.00s Sys=0.00s Real=0.02s
[148.287s][info][gc,start       ] GC(185) Pause Full (System.gc())
[148.289s][info][gc,phases,start] GC(185) Phase 1: Mark live objects
[148.360s][info][gc,phases      ] GC(185) Phase 1: Mark live objects 71.316ms
[148.360s][info][gc,phases,start] GC(185) Phase 2: Compute new object addresses
[148.401s][info][gc,phases      ] GC(185) Phase 2: Compute new object addresses 40.886ms
[148.401s][info][gc,phases,start] GC(185) Phase 3: Adjust pointers
[148.442s][info][gc,phases      ] GC(185) Phase 3: Adjust pointers 41.071ms
[148.442s][info][gc,phases,start] GC(185) Phase 4: Move objects
[148.450s][info][gc,phases      ] GC(185) Phase 4: Move objects 7.986ms
[148.454s][info][gc,heap        ] GC(185) ParNew: 284982K->0K(460096K)
[148.454s][info][gc,heap        ] GC(185) CMS: 119021K->69093K(3683136K)
[148.454s][info][gc,metaspace   ] GC(185) Metaspace: 142507K(156652K)->142507K(156652K) NonClass: 123746K(131036K)->123746K(131036K) Class: 18761K(25616K)->18761K(25616K)
[148.455s][info][gc             ] GC(185) Pause Full (System.gc()) 394M->67M(4046M) 167.660ms
[148.455s][info][gc,cpu         ] GC(185) User=0.16s Sys=0.00s Real=0.17s
[148.610s][info][gc,start       ] GC(186) Pause Young (Allocation Failure)
[148.610s][info][gc,task        ] GC(186) Using 6 workers of 6 for evacuation
[148.618s][info][gc,heap        ] GC(186) ParNew: 409024K->19623K(460096K)
[148.618s][info][gc,heap        ] GC(186) CMS: 69093K->69093K(3683136K)
[148.618s][info][gc,metaspace   ] GC(186) Metaspace: 142524K(156652K)->142524K(156652K) NonClass: 123762K(131036K)->123762K(131036K) Class: 18761K(25616K)->18761K(25616K)
[148.618s][info][gc             ] GC(186) Pause Young (Allocation Failure) 466M->86M(4046M) 8.098ms
[148.618s][info][gc,cpu         ] GC(186) User=0.00s Sys=0.00s Real=0.00s
[148.797s][info][gc,start       ] GC(187) Pause Young (Allocation Failure)
[148.797s][info][gc,task        ] GC(187) Using 6 workers of 6 for evacuation
[148.806s][info][gc,heap        ] GC(187) ParNew: 425552K->51072K(460096K)
[148.807s][info][gc,heap        ] GC(187) CMS: 69093K->69110K(3683136K)
[148.807s][info][gc,metaspace   ] GC(187) Metaspace: 142524K(156652K)->142524K(156652K) NonClass: 123762K(131036K)->123762K(131036K) Class: 18761K(25616K)->18761K(25616K)
[148.807s][info][gc             ] GC(187) Pause Young (Allocation Failure) 483M->117M(4046M) 9.770ms
[148.807s][info][gc,cpu         ] GC(187) User=0.00s Sys=0.00s Real=0.00s
[148.859s][info][gc,start       ] GC(188) Pause Young (Allocation Failure)
[148.859s][info][gc,task        ] GC(188) Using 6 workers of 6 for evacuation
[148.869s][info][gc,heap        ] GC(188) ParNew: 457212K->34751K(460096K)
[148.869s][info][gc,heap        ] GC(188) CMS: 69110K->93234K(3683136K)
[148.869s][info][gc,metaspace   ] GC(188) Metaspace: 142524K(156652K)->142524K(156652K) NonClass: 123762K(131036K)->123762K(131036K) Class: 18761K(25616K)->18761K(25616K)
[148.869s][info][gc             ] GC(188) Pause Young (Allocation Failure) 513M->124M(4046M) 10.767ms
[148.869s][info][gc,cpu         ] GC(188) User=0.00s Sys=0.00s Real=0.00s
[149.066s][info][gc,start       ] GC(189) Pause Young (Allocation Failure)
[149.066s][info][gc,task        ] GC(189) Using 6 workers of 6 for evacuation
[149.073s][info][gc,heap        ] GC(189) ParNew: 442360K->19897K(460096K)
[149.073s][info][gc,heap        ] GC(189) CMS: 93234K->93234K(3683136K)
[149.073s][info][gc,metaspace   ] GC(189) Metaspace: 142528K(156652K)->142528K(156652K) NonClass: 123767K(131036K)->123767K(131036K) Class: 18761K(25616K)->18761K(25616K)
[149.073s][info][gc             ] GC(189) Pause Young (Allocation Failure) 523M->110M(4046M) 7.222ms
[149.073s][info][gc,cpu         ] GC(189) User=0.00s Sys=0.00s Real=0.00s
[149.125s][info][gc,start       ] GC(190) Pause Young (Allocation Failure)
[149.125s][info][gc,task        ] GC(190) Using 6 workers of 6 for evacuation
[149.135s][info][gc,heap        ] GC(190) ParNew: 428921K->42189K(460096K)
[149.135s][info][gc,heap        ] GC(190) CMS: 93234K->93234K(3683136K)
[149.135s][info][gc,metaspace   ] GC(190) Metaspace: 142528K(156652K)->142528K(156652K) NonClass: 123767K(131036K)->123767K(131036K) Class: 18761K(25616K)->18761K(25616K)
[149.135s][info][gc             ] GC(190) Pause Young (Allocation Failure) 509M->132M(4046M) 9.589ms
[149.135s][info][gc,cpu         ] GC(190) User=0.00s Sys=0.00s Real=0.00s
[149.317s][info][gc,start       ] GC(191) Pause Young (Allocation Failure)
[149.317s][info][gc,task        ] GC(191) Using 6 workers of 6 for evacuation
[149.329s][info][gc,heap        ] GC(191) ParNew: 451213K->35458K(460096K)
[149.329s][info][gc,heap        ] GC(191) CMS: 93234K->110797K(3683136K)
[149.329s][info][gc,metaspace   ] GC(191) Metaspace: 142529K(156652K)->142529K(156652K) NonClass: 123767K(131036K)->123767K(131036K) Class: 18761K(25616K)->18761K(25616K)
[149.329s][info][gc             ] GC(191) Pause Young (Allocation Failure) 531M->142M(4046M) 12.020ms
[149.329s][info][gc,cpu         ] GC(191) User=0.00s Sys=0.00s Real=0.02s
[149.969s][info][gc,start       ] GC(192) Pause Young (GCLocker Initiated GC)
[149.969s][info][gc,task        ] GC(192) Using 6 workers of 6 for evacuation
[149.978s][info][gc,heap        ] GC(192) ParNew: 444482K->26379K(460096K)
[149.978s][info][gc,heap        ] GC(192) CMS: 110797K->120265K(3683136K)
[149.978s][info][gc,metaspace   ] GC(192) Metaspace: 142543K(156652K)->142543K(156652K) NonClass: 123781K(131036K)->123781K(131036K) Class: 18761K(25616K)->18761K(25616K)
[149.978s][info][gc             ] GC(192) Pause Young (GCLocker Initiated GC) 542M->143M(4046M) 9.230ms
[149.979s][info][gc,cpu         ] GC(192) User=0.02s Sys=0.00s Real=0.02s
[151.798s][info][gc,start       ] GC(193) Pause Young (Allocation Failure)
[151.798s][info][gc,task        ] GC(193) Using 6 workers of 6 for evacuation
[151.807s][info][gc,heap        ] GC(193) ParNew: 435403K->12301K(460096K)
[151.808s][info][gc,heap        ] GC(193) CMS: 120265K->120265K(3683136K)
[151.808s][info][gc,metaspace   ] GC(193) Metaspace: 142543K(156652K)->142543K(156652K) NonClass: 123781K(131036K)->123781K(131036K) Class: 18761K(25616K)->18761K(25616K)
[151.808s][info][gc             ] GC(193) Pause Young (Allocation Failure) 542M->129M(4046M) 9.360ms
[151.808s][info][gc,cpu         ] GC(193) User=0.02s Sys=0.00s Real=0.00s
[153.571s][info][gc,start       ] GC(194) Pause Young (GCLocker Initiated GC)
[153.571s][info][gc,task        ] GC(194) Using 6 workers of 6 for evacuation
[153.579s][info][gc,heap        ] GC(194) ParNew: 421325K->16511K(460096K)
[153.579s][info][gc,heap        ] GC(194) CMS: 120265K->120265K(3683136K)
[153.579s][info][gc,metaspace   ] GC(194) Metaspace: 142554K(156652K)->142554K(156652K) NonClass: 123792K(131036K)->123792K(131036K) Class: 18761K(25616K)->18761K(25616K)
[153.579s][info][gc             ] GC(194) Pause Young (GCLocker Initiated GC) 528M->133M(4046M) 8.153ms
[153.579s][info][gc,cpu         ] GC(194) User=0.00s Sys=0.00s Real=0.00s
[155.191s][info][gc,start       ] GC(195) Pause Young (Allocation Failure)
[155.191s][info][gc,task        ] GC(195) Using 6 workers of 6 for evacuation
[155.202s][info][gc,heap        ] GC(195) ParNew: 425535K->13090K(460096K)
[155.202s][info][gc,heap        ] GC(195) CMS: 120265K->120265K(3683136K)
[155.202s][info][gc,metaspace   ] GC(195) Metaspace: 142554K(156652K)->142554K(156652K) NonClass: 123792K(131036K)->123792K(131036K) Class: 18761K(25616K)->18761K(25616K)
[155.202s][info][gc             ] GC(195) Pause Young (Allocation Failure) 533M->130M(4046M) 10.374ms
[155.202s][info][gc,cpu         ] GC(195) User=0.02s Sys=0.00s Real=0.01s
[155.808s][info][gc,start       ] GC(196) Pause Full (System.gc())
[155.809s][info][gc,phases,start] GC(196) Phase 1: Mark live objects
[155.880s][info][gc,phases      ] GC(196) Phase 1: Mark live objects 71.031ms
[155.880s][info][gc,phases,start] GC(196) Phase 2: Compute new object addresses
[155.921s][info][gc,phases      ] GC(196) Phase 2: Compute new object addresses 40.972ms
[155.921s][info][gc,phases,start] GC(196) Phase 3: Adjust pointers
[155.963s][info][gc,phases      ] GC(196) Phase 3: Adjust pointers 41.991ms
[155.964s][info][gc,phases,start] GC(196) Phase 4: Move objects
[155.975s][info][gc,phases      ] GC(196) Phase 4: Move objects 11.582ms
[155.979s][info][gc,heap        ] GC(196) ParNew: 292049K->0K(460096K)
[155.979s][info][gc,heap        ] GC(196) CMS: 120265K->69421K(3683136K)
[155.979s][info][gc,metaspace   ] GC(196) Metaspace: 142603K(156652K)->142603K(156652K) NonClass: 123841K(131036K)->123841K(131036K) Class: 18761K(25616K)->18761K(25616K)
[155.979s][info][gc             ] GC(196) Pause Full (System.gc()) 402M->67M(4046M) 171.943ms
[155.980s][info][gc,cpu         ] GC(196) User=0.17s Sys=0.00s Real=0.17s
[156.174s][info][gc,start       ] GC(197) Pause Young (Allocation Failure)
[156.174s][info][gc,task        ] GC(197) Using 6 workers of 6 for evacuation
[156.183s][info][gc,heap        ] GC(197) ParNew: 409024K->20715K(460096K)
[156.183s][info][gc,heap        ] GC(197) CMS: 69421K->69421K(3683136K)
[156.183s][info][gc,metaspace   ] GC(197) Metaspace: 142646K(156652K)->142646K(156652K) NonClass: 123884K(131036K)->123884K(131036K) Class: 18761K(25616K)->18761K(25616K)
[156.183s][info][gc             ] GC(197) Pause Young (Allocation Failure) 467M->88M(4046M) 9.027ms
[156.183s][info][gc,cpu         ] GC(197) User=0.06s Sys=0.00s Real=0.00s
[156.369s][info][gc,start       ] GC(198) Pause Young (GCLocker Initiated GC)
[156.369s][info][gc,task        ] GC(198) Using 6 workers of 6 for evacuation
[156.380s][info][gc,heap        ] GC(198) ParNew: 431883K->46888K(460096K)
[156.380s][info][gc,heap        ] GC(198) CMS: 69421K->69421K(3683136K)
[156.380s][info][gc,metaspace   ] GC(198) Metaspace: 142646K(156652K)->142646K(156652K) NonClass: 123884K(131036K)->123884K(131036K) Class: 18761K(25616K)->18761K(25616K)
[156.380s][info][gc             ] GC(198) Pause Young (GCLocker Initiated GC) 489M->113M(4046M) 10.250ms
[156.380s][info][gc,cpu         ] GC(198) User=0.02s Sys=0.00s Real=0.02s
[156.435s][info][gc,start       ] GC(199) Pause Young (Allocation Failure)
[156.435s][info][gc,task        ] GC(199) Using 6 workers of 6 for evacuation
[156.445s][info][gc,heap        ] GC(199) ParNew: 452135K->30504K(460096K)
[156.446s][info][gc,heap        ] GC(199) CMS: 69421K->93810K(3683136K)
[156.446s][info][gc,metaspace   ] GC(199) Metaspace: 142646K(156652K)->142646K(156652K) NonClass: 123884K(131036K)->123884K(131036K) Class: 18761K(25616K)->18761K(25616K)
[156.446s][info][gc             ] GC(199) Pause Young (Allocation Failure) 509M->121M(4046M) 10.282ms
[156.446s][info][gc,cpu         ] GC(199) User=0.05s Sys=0.00s Real=0.02s
[156.649s][info][gc,start       ] GC(200) Pause Young (Allocation Failure)
[156.649s][info][gc,task        ] GC(200) Using 6 workers of 6 for evacuation
[156.656s][info][gc,heap        ] GC(200) ParNew: 436268K->18871K(460096K)
[156.656s][info][gc,heap        ] GC(200) CMS: 93810K->93810K(3683136K)
[156.656s][info][gc,metaspace   ] GC(200) Metaspace: 142648K(156652K)->142648K(156652K) NonClass: 123886K(131036K)->123886K(131036K) Class: 18761K(25616K)->18761K(25616K)
[156.656s][info][gc             ] GC(200) Pause Young (Allocation Failure) 517M->110M(4046M) 7.405ms
[156.656s][info][gc,cpu         ] GC(200) User=0.00s Sys=0.00s Real=0.00s
[156.709s][info][gc,start       ] GC(201) Pause Young (Allocation Failure)
[156.709s][info][gc,task        ] GC(201) Using 6 workers of 6 for evacuation
[156.719s][info][gc,heap        ] GC(201) ParNew: 427895K->45411K(460096K)
[156.719s][info][gc,heap        ] GC(201) CMS: 93810K->93810K(3683136K)
[156.719s][info][gc,metaspace   ] GC(201) Metaspace: 142648K(156652K)->142648K(156652K) NonClass: 123886K(131036K)->123886K(131036K) Class: 18761K(25616K)->18761K(25616K)
[156.719s][info][gc             ] GC(201) Pause Young (Allocation Failure) 509M->135M(4046M) 9.581ms
[156.719s][info][gc,cpu         ] GC(201) User=0.00s Sys=0.00s Real=0.00s
[156.911s][info][gc,start       ] GC(202) Pause Young (Allocation Failure)
[156.911s][info][gc,task        ] GC(202) Using 6 workers of 6 for evacuation
[156.923s][info][gc,heap        ] GC(202) ParNew: 454435K->40491K(460096K)
[156.923s][info][gc,heap        ] GC(202) CMS: 93810K->111056K(3683136K)
[156.923s][info][gc,metaspace   ] GC(202) Metaspace: 142648K(156652K)->142648K(156652K) NonClass: 123886K(131036K)->123886K(131036K) Class: 18761K(25616K)->18761K(25616K)
[156.923s][info][gc             ] GC(202) Pause Young (Allocation Failure) 535M->147M(4046M) 12.348ms
[156.923s][info][gc,cpu         ] GC(202) User=0.02s Sys=0.00s Real=0.02s
[157.563s][info][gc,start       ] GC(203) Pause Young (Allocation Failure)
[157.563s][info][gc,task        ] GC(203) Using 6 workers of 6 for evacuation
[157.573s][info][gc,heap        ] GC(203) ParNew: 449515K->22965K(460096K)
[157.573s][info][gc,heap        ] GC(203) CMS: 111056K->119741K(3683136K)
[157.573s][info][gc,metaspace   ] GC(203) Metaspace: 142648K(156652K)->142648K(156652K) NonClass: 123886K(131036K)->123886K(131036K) Class: 18761K(25616K)->18761K(25616K)
[157.573s][info][gc             ] GC(203) Pause Young (Allocation Failure) 547M->139M(4046M) 10.051ms
[157.573s][info][gc,cpu         ] GC(203) User=0.03s Sys=0.00s Real=0.02s
[159.442s][info][gc,start       ] GC(204) Pause Young (Allocation Failure)
[159.442s][info][gc,task        ] GC(204) Using 6 workers of 6 for evacuation
[159.451s][info][gc,heap        ] GC(204) ParNew: 431137K->12644K(460096K)
[159.451s][info][gc,heap        ] GC(204) CMS: 119741K->119741K(3683136K)
[159.451s][info][gc,metaspace   ] GC(204) Metaspace: 142654K(156652K)->142654K(156652K) NonClass: 123892K(131036K)->123892K(131036K) Class: 18761K(25616K)->18761K(25616K)
[159.451s][info][gc             ] GC(204) Pause Young (Allocation Failure) 537M->129M(4046M) 9.472ms
[159.452s][info][gc,cpu         ] GC(204) User=0.00s Sys=0.00s Real=0.00s
[161.220s][info][gc,start       ] GC(205) Pause Young (Allocation Failure)
[161.220s][info][gc,task        ] GC(205) Using 6 workers of 6 for evacuation
[161.227s][info][gc,heap        ] GC(205) ParNew: 421668K->16446K(460096K)
[161.227s][info][gc,heap        ] GC(205) CMS: 119741K->119741K(3683136K)
[161.227s][info][gc,metaspace   ] GC(205) Metaspace: 142654K(156652K)->142654K(156652K) NonClass: 123892K(131036K)->123892K(131036K) Class: 18761K(25616K)->18761K(25616K)
[161.228s][info][gc             ] GC(205) Pause Young (Allocation Failure) 528M->132M(4046M) 7.955ms
[161.228s][info][gc,cpu         ] GC(205) User=0.00s Sys=0.00s Real=0.00s
[162.880s][info][gc,start       ] GC(206) Pause Young (Allocation Failure)
[162.880s][info][gc,task        ] GC(206) Using 6 workers of 6 for evacuation
[162.889s][info][gc,heap        ] GC(206) ParNew: 425340K->13260K(460096K)
[162.889s][info][gc,heap        ] GC(206) CMS: 119741K->119741K(3683136K)
[162.889s][info][gc,metaspace   ] GC(206) Metaspace: 142654K(156652K)->142654K(156652K) NonClass: 123892K(131036K)->123892K(131036K) Class: 18761K(25616K)->18761K(25616K)
[162.889s][info][gc             ] GC(206) Pause Young (Allocation Failure) 532M->129M(4046M) 9.424ms
[162.889s][info][gc,cpu         ] GC(206) User=0.00s Sys=0.00s Real=0.00s
[163.525s][info][gc,start       ] GC(207) Pause Full (System.gc())
[163.527s][info][gc,phases,start] GC(207) Phase 1: Mark live objects
[163.598s][info][gc,phases      ] GC(207) Phase 1: Mark live objects 71.065ms
[163.598s][info][gc,phases,start] GC(207) Phase 2: Compute new object addresses
[163.639s][info][gc,phases      ] GC(207) Phase 2: Compute new object addresses 40.976ms
[163.639s][info][gc,phases,start] GC(207) Phase 3: Adjust pointers
[163.681s][info][gc,phases      ] GC(207) Phase 3: Adjust pointers 41.961ms
[163.681s][info][gc,phases,start] GC(207) Phase 4: Move objects
[163.689s][info][gc,phases      ] GC(207) Phase 4: Move objects 8.042ms
[163.693s][info][gc,heap        ] GC(207) ParNew: 294629K->0K(460096K)
[163.693s][info][gc,heap        ] GC(207) CMS: 119741K->69854K(3683136K)
[163.693s][info][gc,metaspace   ] GC(207) Metaspace: 142669K(156652K)->142669K(156652K) NonClass: 123907K(131036K)->123907K(131036K) Class: 18761K(25616K)->18761K(25616K)
[163.694s][info][gc             ] GC(207) Pause Full (System.gc()) 404M->68M(4046M) 168.530ms
[163.694s][info][gc,cpu         ] GC(207) User=0.17s Sys=0.00s Real=0.17s
[163.848s][info][gc,start       ] GC(208) Pause Young (Allocation Failure)
[163.849s][info][gc,task        ] GC(208) Using 6 workers of 6 for evacuation
[163.857s][info][gc,heap        ] GC(208) ParNew: 409024K->19165K(460096K)
[163.857s][info][gc,heap        ] GC(208) CMS: 69854K->69854K(3683136K)
[163.857s][info][gc,metaspace   ] GC(208) Metaspace: 142745K(156652K)->142745K(156652K) NonClass: 123983K(131036K)->123983K(131036K) Class: 18761K(25616K)->18761K(25616K)
[163.857s][info][gc             ] GC(208) Pause Young (Allocation Failure) 467M->86M(4046M) 8.248ms
[163.857s][info][gc,cpu         ] GC(208) User=0.00s Sys=0.00s Real=0.01s
[164.034s][info][gc,start       ] GC(209) Pause Young (Allocation Failure)
[164.034s][info][gc,task        ] GC(209) Using 6 workers of 6 for evacuation
[164.044s][info][gc,heap        ] GC(209) ParNew: 424895K->50453K(460096K)
[164.044s][info][gc,heap        ] GC(209) CMS: 69854K->69854K(3683136K)
[164.044s][info][gc,metaspace   ] GC(209) Metaspace: 142745K(156652K)->142745K(156652K) NonClass: 123983K(131036K)->123983K(131036K) Class: 18761K(25616K)->18761K(25616K)
[164.044s][info][gc             ] GC(209) Pause Young (Allocation Failure) 483M->117M(4046M) 10.470ms
[164.044s][info][gc,cpu         ] GC(209) User=0.02s Sys=0.00s Real=0.02s
[164.098s][info][gc,start       ] GC(210) Pause Young (Allocation Failure)
[164.098s][info][gc,task        ] GC(210) Using 6 workers of 6 for evacuation
[164.108s][info][gc,heap        ] GC(210) ParNew: 459283K->34303K(460096K)
[164.108s][info][gc,heap        ] GC(210) CMS: 69854K->93986K(3683136K)
[164.108s][info][gc,metaspace   ] GC(210) Metaspace: 142745K(156652K)->142745K(156652K) NonClass: 123983K(131036K)->123983K(131036K) Class: 18761K(25616K)->18761K(25616K)
[164.108s][info][gc             ] GC(210) Pause Young (Allocation Failure) 516M->125M(4046M) 10.156ms
[164.108s][info][gc,cpu         ] GC(210) User=0.03s Sys=0.00s Real=0.02s
[164.309s][info][gc,start       ] GC(211) Pause Young (Allocation Failure)
[164.309s][info][gc,task        ] GC(211) Using 6 workers of 6 for evacuation
[164.316s][info][gc,heap        ] GC(211) ParNew: 443327K->25643K(460096K)
[164.316s][info][gc,heap        ] GC(211) CMS: 93986K->93986K(3683136K)
[164.316s][info][gc,metaspace   ] GC(211) Metaspace: 142745K(156652K)->142745K(156652K) NonClass: 123983K(131036K)->123983K(131036K) Class: 18761K(25616K)->18761K(25616K)
[164.316s][info][gc             ] GC(211) Pause Young (Allocation Failure) 524M->116M(4046M) 7.808ms
[164.316s][info][gc,cpu         ] GC(211) User=0.00s Sys=0.00s Real=0.00s
[164.366s][info][gc,start       ] GC(212) Pause Young (Allocation Failure)
[164.367s][info][gc,task        ] GC(212) Using 6 workers of 6 for evacuation
[164.377s][info][gc,heap        ] GC(212) ParNew: 431822K->50152K(460096K)
[164.377s][info][gc,heap        ] GC(212) CMS: 93986K->93986K(3683136K)
[164.377s][info][gc,metaspace   ] GC(212) Metaspace: 142745K(156652K)->142745K(156652K) NonClass: 123983K(131036K)->123983K(131036K) Class: 18761K(25616K)->18761K(25616K)
[164.377s][info][gc             ] GC(212) Pause Young (Allocation Failure) 513M->140M(4046M) 10.564ms
[164.377s][info][gc,cpu         ] GC(212) User=0.02s Sys=0.00s Real=0.02s
[164.551s][info][gc,start       ] GC(213) Pause Young (Allocation Failure)
[164.551s][info][gc,task        ] GC(213) Using 6 workers of 6 for evacuation
[164.563s][info][gc,heap        ] GC(213) ParNew: 459176K->37128K(460096K)
[164.564s][info][gc,heap        ] GC(213) CMS: 93986K->111473K(3683136K)
[164.564s][info][gc,metaspace   ] GC(213) Metaspace: 142769K(156652K)->142769K(156652K) NonClass: 124007K(131036K)->124007K(131036K) Class: 18761K(25616K)->18761K(25616K)
[164.564s][info][gc             ] GC(213) Pause Young (Allocation Failure) 540M->145M(4046M) 12.364ms
[164.564s][info][gc,cpu         ] GC(213) User=0.02s Sys=0.00s Real=0.02s
[165.232s][info][gc,start       ] GC(214) Pause Young (Allocation Failure)
[165.232s][info][gc,task        ] GC(214) Using 6 workers of 6 for evacuation
[165.241s][info][gc,heap        ] GC(214) ParNew: 446152K->22475K(460096K)
[165.241s][info][gc,heap        ] GC(214) CMS: 111473K->120938K(3683136K)
[165.241s][info][gc,metaspace   ] GC(214) Metaspace: 142913K(156908K)->142913K(156908K) NonClass: 124128K(131292K)->124128K(131292K) Class: 18784K(25616K)->18784K(25616K)
[165.241s][info][gc             ] GC(214) Pause Young (Allocation Failure) 544M->140M(4046M) 8.839ms
[165.241s][info][gc,cpu         ] GC(214) User=0.00s Sys=0.00s Real=0.00s
[167.061s][info][gc,start       ] GC(215) Pause Young (Allocation Failure)
[167.061s][info][gc,task        ] GC(215) Using 6 workers of 6 for evacuation
[167.069s][info][gc,heap        ] GC(215) ParNew: 431051K->12871K(460096K)
[167.069s][info][gc,heap        ] GC(215) CMS: 120938K->120938K(3683136K)
[167.069s][info][gc,metaspace   ] GC(215) Metaspace: 142913K(156908K)->142913K(156908K) NonClass: 124129K(131292K)->124129K(131292K) Class: 18784K(25616K)->18784K(25616K)
[167.069s][info][gc             ] GC(215) Pause Young (Allocation Failure) 539M->130M(4046M) 7.745ms
[167.069s][info][gc,cpu         ] GC(215) User=0.02s Sys=0.00s Real=0.02s
[168.815s][info][gc,start       ] GC(216) Pause Young (Allocation Failure)
[168.815s][info][gc,task        ] GC(216) Using 6 workers of 6 for evacuation
[168.823s][info][gc,heap        ] GC(216) ParNew: 421895K->15428K(460096K)
[168.823s][info][gc,heap        ] GC(216) CMS: 120938K->120938K(3683136K)
[168.823s][info][gc,metaspace   ] GC(216) Metaspace: 142935K(156908K)->142935K(156908K) NonClass: 124150K(131292K)->124150K(131292K) Class: 18785K(25616K)->18785K(25616K)
[168.823s][info][gc             ] GC(216) Pause Young (Allocation Failure) 530M->133M(4046M) 8.486ms
[168.823s][info][gc,cpu         ] GC(216) User=0.00s Sys=0.00s Real=0.01s
[170.448s][info][gc,start       ] GC(217) Pause Young (Allocation Failure)
[170.448s][info][gc,task        ] GC(217) Using 6 workers of 6 for evacuation
[170.455s][info][gc,heap        ] GC(217) ParNew: 424452K->15010K(460096K)
[170.455s][info][gc,heap        ] GC(217) CMS: 120938K->120938K(3683136K)
[170.455s][info][gc,metaspace   ] GC(217) Metaspace: 142936K(156908K)->142936K(156908K) NonClass: 124151K(131292K)->124151K(131292K) Class: 18785K(25616K)->18785K(25616K)
[170.455s][info][gc             ] GC(217) Pause Young (Allocation Failure) 532M->132M(4046M) 7.877ms
[170.456s][info][gc,cpu         ] GC(217) User=0.00s Sys=0.00s Real=0.00s
[171.068s][info][gc,start       ] GC(218) Pause Full (System.gc())
[171.071s][info][gc,phases,start] GC(218) Phase 1: Mark live objects
[171.143s][info][gc,phases      ] GC(218) Phase 1: Mark live objects 71.853ms
[171.143s][info][gc,phases,start] GC(218) Phase 2: Compute new object addresses
[171.186s][info][gc,phases      ] GC(218) Phase 2: Compute new object addresses 42.672ms
[171.186s][info][gc,phases,start] GC(218) Phase 3: Adjust pointers
[171.230s][info][gc,phases      ] GC(218) Phase 3: Adjust pointers 44.197ms
[171.230s][info][gc,phases,start] GC(218) Phase 4: Move objects
[171.241s][info][gc,phases      ] GC(218) Phase 4: Move objects 10.845ms
[171.244s][info][gc,heap        ] GC(218) ParNew: 297377K->0K(460096K)
[171.245s][info][gc,heap        ] GC(218) CMS: 120938K->69977K(3683136K)
[171.245s][info][gc,metaspace   ] GC(218) Metaspace: 142956K(156908K)->142956K(156908K) NonClass: 124170K(131292K)->124170K(131292K) Class: 18785K(25616K)->18785K(25616K)
[171.245s][info][gc             ] GC(218) Pause Full (System.gc()) 408M->68M(4046M) 176.938ms
[171.245s][info][gc,cpu         ] GC(218) User=0.16s Sys=0.00s Real=0.19s
[171.407s][info][gc,start       ] GC(219) Pause Young (Allocation Failure)
[171.408s][info][gc,task        ] GC(219) Using 6 workers of 6 for evacuation
[171.417s][info][gc,heap        ] GC(219) ParNew: 409024K->23142K(460096K)
[171.417s][info][gc,heap        ] GC(219) CMS: 69977K->69977K(3683136K)
[171.417s][info][gc,metaspace   ] GC(219) Metaspace: 142984K(156908K)->142984K(156908K) NonClass: 124199K(131292K)->124199K(131292K) Class: 18785K(25616K)->18785K(25616K)
[171.417s][info][gc             ] GC(219) Pause Young (Allocation Failure) 467M->90M(4046M) 9.672ms
[171.417s][info][gc,cpu         ] GC(219) User=0.02s Sys=0.00s Real=0.01s
[171.592s][info][gc,start       ] GC(220) Pause Young (Allocation Failure)
[171.592s][info][gc,task        ] GC(220) Using 6 workers of 6 for evacuation
[171.602s][info][gc,heap        ] GC(220) ParNew: 429974K->44533K(460096K)
[171.602s][info][gc,heap        ] GC(220) CMS: 69977K->69977K(3683136K)
[171.602s][info][gc,metaspace   ] GC(220) Metaspace: 142984K(156908K)->142984K(156908K) NonClass: 124199K(131292K)->124199K(131292K) Class: 18785K(25616K)->18785K(25616K)
[171.602s][info][gc             ] GC(220) Pause Young (Allocation Failure) 488M->111M(4046M) 10.152ms
[171.602s][info][gc,cpu         ] GC(220) User=0.02s Sys=0.00s Real=0.02s
[171.655s][info][gc,start       ] GC(221) Pause Young (Allocation Failure)
[171.655s][info][gc,task        ] GC(221) Using 6 workers of 6 for evacuation
[171.667s][info][gc,heap        ] GC(221) ParNew: 450199K->30633K(460096K)
[171.667s][info][gc,heap        ] GC(221) CMS: 69977K->94342K(3683136K)
[171.667s][info][gc,metaspace   ] GC(221) Metaspace: 142984K(156908K)->142984K(156908K) NonClass: 124199K(131292K)->124199K(131292K) Class: 18785K(25616K)->18785K(25616K)
[171.667s][info][gc             ] GC(221) Pause Young (Allocation Failure) 507M->122M(4046M) 12.643ms
[171.667s][info][gc,cpu         ] GC(221) User=0.02s Sys=0.00s Real=0.02s
[171.860s][info][gc,start       ] GC(222) Pause Young (Allocation Failure)
[171.860s][info][gc,task        ] GC(222) Using 6 workers of 6 for evacuation
[171.867s][info][gc,heap        ] GC(222) ParNew: 437379K->19999K(460096K)
[171.867s][info][gc,heap        ] GC(222) CMS: 94342K->94342K(3683136K)
[171.867s][info][gc,metaspace   ] GC(222) Metaspace: 142984K(156908K)->142984K(156908K) NonClass: 124199K(131292K)->124199K(131292K) Class: 18785K(25616K)->18785K(25616K)
[171.867s][info][gc             ] GC(222) Pause Young (Allocation Failure) 519M->111M(4046M) 7.560ms
[171.867s][info][gc,cpu         ] GC(222) User=0.00s Sys=0.00s Real=0.00s
[171.920s][info][gc,start       ] GC(223) Pause Young (Allocation Failure)
[171.920s][info][gc,task        ] GC(223) Using 6 workers of 6 for evacuation
[171.930s][info][gc,heap        ] GC(223) ParNew: 429023K->45952K(460096K)
[171.930s][info][gc,heap        ] GC(223) CMS: 94342K->94342K(3683136K)
[171.930s][info][gc,metaspace   ] GC(223) Metaspace: 142984K(156908K)->142984K(156908K) NonClass: 124199K(131292K)->124199K(131292K) Class: 18785K(25616K)->18785K(25616K)
[171.930s][info][gc             ] GC(223) Pause Young (Allocation Failure) 511M->137M(4046M) 10.243ms
[171.930s][info][gc,cpu         ] GC(223) User=0.00s Sys=0.00s Real=0.01s
[172.101s][info][gc,start       ] GC(224) Pause Young (Allocation Failure)
[172.102s][info][gc,task        ] GC(224) Using 6 workers of 6 for evacuation
[172.113s][info][gc,heap        ] GC(224) ParNew: 454976K->34116K(460096K)
[172.113s][info][gc,heap        ] GC(224) CMS: 94342K->111599K(3683136K)
[172.113s][info][gc,metaspace   ] GC(224) Metaspace: 142995K(156908K)->142995K(156908K) NonClass: 124210K(131292K)->124210K(131292K) Class: 18785K(25616K)->18785K(25616K)
[172.113s][info][gc             ] GC(224) Pause Young (Allocation Failure) 536M->142M(4046M) 12.022ms
[172.114s][info][gc,cpu         ] GC(224) User=0.02s Sys=0.00s Real=0.02s
[172.744s][info][gc,start       ] GC(225) Pause Young (Allocation Failure)
[172.744s][info][gc,task        ] GC(225) Using 6 workers of 6 for evacuation
[172.752s][info][gc,heap        ] GC(225) ParNew: 443140K->21252K(460096K)
[172.752s][info][gc,heap        ] GC(225) CMS: 111599K->121063K(3683136K)
[172.752s][info][gc,metaspace   ] GC(225) Metaspace: 142996K(156908K)->142996K(156908K) NonClass: 124211K(131292K)->124211K(131292K) Class: 18785K(25616K)->18785K(25616K)
[172.752s][info][gc             ] GC(225) Pause Young (Allocation Failure) 541M->138M(4046M) 8.316ms
[172.752s][info][gc,cpu         ] GC(225) User=0.02s Sys=0.00s Real=0.02s
[174.550s][info][gc,start       ] GC(226) Pause Young (Allocation Failure)
[174.550s][info][gc,task        ] GC(226) Using 6 workers of 6 for evacuation
[174.557s][info][gc,heap        ] GC(226) ParNew: 430072K->11489K(460096K)
[174.557s][info][gc,heap        ] GC(226) CMS: 121063K->121063K(3683136K)
[174.557s][info][gc,metaspace   ] GC(226) Metaspace: 142996K(156908K)->142996K(156908K) NonClass: 124211K(131292K)->124211K(131292K) Class: 18785K(25616K)->18785K(25616K)
[174.557s][info][gc             ] GC(226) Pause Young (Allocation Failure) 538M->129M(4046M) 7.716ms
[174.557s][info][gc,cpu         ] GC(226) User=0.06s Sys=0.00s Real=0.02s
[176.308s][info][gc,start       ] GC(227) Pause Young (Allocation Failure)
[176.308s][info][gc,task        ] GC(227) Using 6 workers of 6 for evacuation
[176.316s][info][gc,heap        ] GC(227) ParNew: 420513K->14468K(460096K)
[176.317s][info][gc,heap        ] GC(227) CMS: 121063K->121063K(3683136K)
[176.317s][info][gc,metaspace   ] GC(227) Metaspace: 142996K(156908K)->142996K(156908K) NonClass: 124211K(131292K)->124211K(131292K) Class: 18785K(25616K)->18785K(25616K)
[176.317s][info][gc             ] GC(227) Pause Young (Allocation Failure) 528M->132M(4046M) 8.222ms
[176.317s][info][gc,cpu         ] GC(227) User=0.00s Sys=0.00s Real=0.01s
[177.985s][info][gc,start       ] GC(228) Pause Young (Allocation Failure)
[177.985s][info][gc,task        ] GC(228) Using 6 workers of 6 for evacuation
[177.993s][info][gc,heap        ] GC(228) ParNew: 423492K->13080K(460096K)
[177.993s][info][gc,heap        ] GC(228) CMS: 121063K->121063K(3683136K)
[177.993s][info][gc,metaspace   ] GC(228) Metaspace: 142999K(156908K)->142999K(156908K) NonClass: 124213K(131292K)->124213K(131292K) Class: 18785K(25616K)->18785K(25616K)
[177.993s][info][gc             ] GC(228) Pause Young (Allocation Failure) 531M->131M(4046M) 7.431ms
[177.993s][info][gc,cpu         ] GC(228) User=0.02s Sys=0.00s Real=0.02s
[178.607s][info][gc,start       ] GC(229) Pause Full (System.gc())
[178.609s][info][gc,phases,start] GC(229) Phase 1: Mark live objects
[178.681s][info][gc,phases      ] GC(229) Phase 1: Mark live objects 72.430ms
[178.682s][info][gc,phases,start] GC(229) Phase 2: Compute new object addresses
[178.723s][info][gc,phases      ] GC(229) Phase 2: Compute new object addresses 41.655ms
[178.723s][info][gc,phases,start] GC(229) Phase 3: Adjust pointers
[178.765s][info][gc,phases      ] GC(229) Phase 3: Adjust pointers 42.125ms
[178.765s][info][gc,phases,start] GC(229) Phase 4: Move objects
[178.773s][info][gc,phases      ] GC(229) Phase 4: Move objects 7.115ms
[178.776s][info][gc,heap        ] GC(229) ParNew: 290976K->0K(460096K)
[178.776s][info][gc,heap        ] GC(229) CMS: 121063K->70377K(3683136K)
[178.776s][info][gc,metaspace   ] GC(229) Metaspace: 143009K(156908K)->143009K(156908K) NonClass: 124224K(131292K)->124224K(131292K) Class: 18785K(25616K)->18785K(25616K)
[178.777s][info][gc             ] GC(229) Pause Full (System.gc()) 402M->68M(4046M) 170.154ms
[178.777s][info][gc,cpu         ] GC(229) User=0.17s Sys=0.00s Real=0.17s
[178.947s][info][gc,start       ] GC(230) Pause Young (Allocation Failure)
[178.947s][info][gc,task        ] GC(230) Using 6 workers of 6 for evacuation
[178.956s][info][gc,heap        ] GC(230) ParNew: 409024K->19582K(460096K)
[178.956s][info][gc,heap        ] GC(230) CMS: 70377K->70377K(3683136K)
[178.956s][info][gc,metaspace   ] GC(230) Metaspace: 143091K(157164K)->143091K(157164K) NonClass: 124306K(131548K)->124306K(131548K) Class: 18785K(25616K)->18785K(25616K)
[178.956s][info][gc             ] GC(230) Pause Young (Allocation Failure) 468M->87M(4046M) 8.475ms
[178.956s][info][gc,cpu         ] GC(230) User=0.05s Sys=0.00s Real=0.00s
[179.146s][info][gc,start       ] GC(231) Pause Young (Allocation Failure)
[179.146s][info][gc,task        ] GC(231) Using 6 workers of 6 for evacuation
[179.156s][info][gc,heap        ] GC(231) ParNew: 426688K->46706K(460096K)
[179.156s][info][gc,heap        ] GC(231) CMS: 70377K->70377K(3683136K)
[179.156s][info][gc,metaspace   ] GC(231) Metaspace: 143091K(157164K)->143091K(157164K) NonClass: 124306K(131548K)->124306K(131548K) Class: 18785K(25616K)->18785K(25616K)
[179.156s][info][gc             ] GC(231) Pause Young (Allocation Failure) 485M->114M(4046M) 10.228ms
[179.156s][info][gc,cpu         ] GC(231) User=0.02s Sys=0.00s Real=0.01s
[179.215s][info][gc,start       ] GC(232) Pause Young (Allocation Failure)
[179.215s][info][gc,task        ] GC(232) Using 6 workers of 6 for evacuation
[179.225s][info][gc,heap        ] GC(232) ParNew: 455730K->28803K(460096K)
[179.225s][info][gc,heap        ] GC(232) CMS: 70377K->93090K(3683136K)
[179.225s][info][gc,metaspace   ] GC(232) Metaspace: 143091K(157164K)->143091K(157164K) NonClass: 124306K(131548K)->124306K(131548K) Class: 18785K(25616K)->18785K(25616K)
[179.225s][info][gc             ] GC(232) Pause Young (Allocation Failure) 513M->119M(4046M) 10.303ms
[179.225s][info][gc,cpu         ] GC(232) User=0.00s Sys=0.00s Real=0.00s
[179.422s][info][gc,start       ] GC(233) Pause Young (Allocation Failure)
[179.422s][info][gc,task        ] GC(233) Using 6 workers of 6 for evacuation
[179.431s][info][gc,heap        ] GC(233) ParNew: 437827K->27705K(460096K)
[179.431s][info][gc,heap        ] GC(233) CMS: 93090K->93090K(3683136K)
[179.431s][info][gc,metaspace   ] GC(233) Metaspace: 143091K(157164K)->143091K(157164K) NonClass: 124306K(131548K)->124306K(131548K) Class: 18785K(25616K)->18785K(25616K)
[179.431s][info][gc             ] GC(233) Pause Young (Allocation Failure) 518M->117M(4046M) 8.421ms
[179.431s][info][gc,cpu         ] GC(233) User=0.00s Sys=0.00s Real=0.00s
[179.481s][info][gc,start       ] GC(234) Pause Young (Allocation Failure)
[179.481s][info][gc,task        ] GC(234) Using 6 workers of 6 for evacuation
[179.491s][info][gc,heap        ] GC(234) ParNew: 436729K->47583K(460096K)
[179.491s][info][gc,heap        ] GC(234) CMS: 93090K->93090K(3683136K)
[179.491s][info][gc,metaspace   ] GC(234) Metaspace: 143091K(157164K)->143091K(157164K) NonClass: 124306K(131548K)->124306K(131548K) Class: 18785K(25616K)->18785K(25616K)
[179.491s][info][gc             ] GC(234) Pause Young (Allocation Failure) 517M->137M(4046M) 10.358ms
[179.491s][info][gc,cpu         ] GC(234) User=0.00s Sys=0.00s Real=0.00s
[179.673s][info][gc,start       ] GC(235) Pause Young (Allocation Failure)
[179.673s][info][gc,task        ] GC(235) Using 6 workers of 6 for evacuation
[179.686s][info][gc,heap        ] GC(235) ParNew: 456543K->41302K(460096K)
[179.686s][info][gc,heap        ] GC(235) CMS: 93090K->111992K(3683136K)
[179.686s][info][gc,metaspace   ] GC(235) Metaspace: 143091K(157164K)->143091K(157164K) NonClass: 124306K(131548K)->124306K(131548K) Class: 18785K(25616K)->18785K(25616K)
[179.686s][info][gc             ] GC(235) Pause Young (Allocation Failure) 536M->149M(4046M) 12.509ms
[179.686s][info][gc,cpu         ] GC(235) User=0.02s Sys=0.00s Real=0.02s
[180.319s][info][gc,start       ] GC(236) Pause Young (Allocation Failure)
[180.319s][info][gc,task        ] GC(236) Using 6 workers of 6 for evacuation
[180.329s][info][gc,heap        ] GC(236) ParNew: 450326K->29332K(460096K)
[180.329s][info][gc,heap        ] GC(236) CMS: 111992K->121457K(3683136K)
[180.329s][info][gc,metaspace   ] GC(236) Metaspace: 143101K(157164K)->143101K(157164K) NonClass: 124316K(131548K)->124316K(131548K) Class: 18785K(25616K)->18785K(25616K)
[180.329s][info][gc             ] GC(236) Pause Young (Allocation Failure) 549M->147M(4046M) 9.902ms
[180.329s][info][gc,cpu         ] GC(236) User=0.02s Sys=0.00s Real=0.02s
[182.152s][info][gc,start       ] GC(237) Pause Young (Allocation Failure)
[182.152s][info][gc,task        ] GC(237) Using 6 workers of 6 for evacuation
[182.161s][info][gc,heap        ] GC(237) ParNew: 438356K->13914K(460096K)
[182.161s][info][gc,heap        ] GC(237) CMS: 121457K->121457K(3683136K)
[182.161s][info][gc,metaspace   ] GC(237) Metaspace: 143101K(157164K)->143101K(157164K) NonClass: 124316K(131548K)->124316K(131548K) Class: 18785K(25616K)->18785K(25616K)
[182.162s][info][gc             ] GC(237) Pause Young (Allocation Failure) 546M->132M(4046M) 9.435ms
[182.162s][info][gc,cpu         ] GC(237) User=0.02s Sys=0.00s Real=0.00s
[183.931s][info][gc,start       ] GC(238) Pause Young (Allocation Failure)
[183.931s][info][gc,task        ] GC(238) Using 6 workers of 6 for evacuation
[183.941s][info][gc,heap        ] GC(238) ParNew: 422938K->18719K(460096K)
[183.941s][info][gc,heap        ] GC(238) CMS: 121457K->121457K(3683136K)
[183.941s][info][gc,metaspace   ] GC(238) Metaspace: 143101K(157164K)->143101K(157164K) NonClass: 124316K(131548K)->124316K(131548K) Class: 18785K(25616K)->18785K(25616K)
[183.941s][info][gc             ] GC(238) Pause Young (Allocation Failure) 531M->136M(4046M) 9.652ms
[183.941s][info][gc,cpu         ] GC(238) User=0.02s Sys=0.00s Real=0.01s
[185.656s][info][gc,start       ] GC(239) Pause Young (Allocation Failure)
[185.657s][info][gc,task        ] GC(239) Using 6 workers of 6 for evacuation
[185.664s][info][gc,heap        ] GC(239) ParNew: 427362K->12602K(460096K)
[185.664s][info][gc,heap        ] GC(239) CMS: 121457K->121457K(3683136K)
[185.664s][info][gc,metaspace   ] GC(239) Metaspace: 143102K(157164K)->143102K(157164K) NonClass: 124316K(131548K)->124316K(131548K) Class: 18785K(25616K)->18785K(25616K)
[185.664s][info][gc             ] GC(239) Pause Young (Allocation Failure) 535M->130M(4046M) 7.454ms
[185.664s][info][gc,cpu         ] GC(239) User=0.00s Sys=0.02s Real=0.01s
[186.199s][info][gc,start       ] GC(240) Pause Full (System.gc())
[186.201s][info][gc,phases,start] GC(240) Phase 1: Mark live objects
[186.272s][info][gc,phases      ] GC(240) Phase 1: Mark live objects 71.689ms
[186.272s][info][gc,phases,start] GC(240) Phase 2: Compute new object addresses
[186.313s][info][gc,phases      ] GC(240) Phase 2: Compute new object addresses 40.691ms
[186.313s][info][gc,phases,start] GC(240) Phase 3: Adjust pointers
[186.356s][info][gc,phases      ] GC(240) Phase 3: Adjust pointers 42.893ms
[186.356s][info][gc,phases,start] GC(240) Phase 4: Move objects
[186.364s][info][gc,phases      ] GC(240) Phase 4: Move objects 8.280ms
[186.368s][info][gc,heap        ] GC(240) ParNew: 285525K->0K(460096K)
[186.368s][info][gc,heap        ] GC(240) CMS: 121457K->70483K(3683136K)
[186.368s][info][gc,metaspace   ] GC(240) Metaspace: 143124K(157164K)->143124K(157164K) NonClass: 124339K(131548K)->124339K(131548K) Class: 18785K(25616K)->18785K(25616K)
[186.369s][info][gc             ] GC(240) Pause Full (System.gc()) 397M->68M(4046M) 170.082ms
[186.369s][info][gc,cpu         ] GC(240) User=0.16s Sys=0.00s Real=0.16s
[186.525s][info][gc,start       ] GC(241) Pause Young (Allocation Failure)
[186.525s][info][gc,task        ] GC(241) Using 6 workers of 6 for evacuation
[186.534s][info][gc,heap        ] GC(241) ParNew: 409024K->21174K(460096K)
[186.534s][info][gc,heap        ] GC(241) CMS: 70483K->70483K(3683136K)
[186.534s][info][gc,metaspace   ] GC(241) Metaspace: 143179K(157164K)->143179K(157164K) NonClass: 124394K(131548K)->124394K(131548K) Class: 18785K(25616K)->18785K(25616K)
[186.534s][info][gc             ] GC(241) Pause Young (Allocation Failure) 468M->89M(4046M) 9.319ms
[186.534s][info][gc,cpu         ] GC(241) User=0.02s Sys=0.00s Real=0.01s
[186.707s][info][gc,start       ] GC(242) Pause Young (Allocation Failure)
[186.707s][info][gc,task        ] GC(242) Using 6 workers of 6 for evacuation
[186.717s][info][gc,heap        ] GC(242) ParNew: 426454K->50240K(460096K)
[186.717s][info][gc,heap        ] GC(242) CMS: 70483K->70483K(3683136K)
[186.717s][info][gc,metaspace   ] GC(242) Metaspace: 143179K(157164K)->143179K(157164K) NonClass: 124394K(131548K)->124394K(131548K) Class: 18785K(25616K)->18785K(25616K)
[186.717s][info][gc             ] GC(242) Pause Young (Allocation Failure) 485M->117M(4046M) 10.034ms
[186.717s][info][gc,cpu         ] GC(242) User=0.02s Sys=0.00s Real=0.02s
[186.772s][info][gc,start       ] GC(243) Pause Young (GCLocker Initiated GC)
[186.772s][info][gc,task        ] GC(243) Using 6 workers of 6 for evacuation
[186.783s][info][gc,heap        ] GC(243) ParNew: 459342K->29310K(460096K)
[186.783s][info][gc,heap        ] GC(243) CMS: 70483K->94610K(3683136K)
[186.783s][info][gc,metaspace   ] GC(243) Metaspace: 143179K(157164K)->143179K(157164K) NonClass: 124394K(131548K)->124394K(131548K) Class: 18785K(25616K)->18785K(25616K)
[186.783s][info][gc             ] GC(243) Pause Young (GCLocker Initiated GC) 517M->121M(4046M) 11.680ms
[186.783s][info][gc,cpu         ] GC(243) User=0.00s Sys=0.00s Real=0.02s
[186.979s][info][gc,start       ] GC(244) Pause Young (Allocation Failure)
[186.979s][info][gc,task        ] GC(244) Using 6 workers of 6 for evacuation
[186.987s][info][gc,heap        ] GC(244) ParNew: 438334K->24322K(460096K)
[186.987s][info][gc,heap        ] GC(244) CMS: 94610K->94610K(3683136K)
[186.987s][info][gc,metaspace   ] GC(244) Metaspace: 143179K(157164K)->143179K(157164K) NonClass: 124394K(131548K)->124394K(131548K) Class: 18785K(25616K)->18785K(25616K)
[186.987s][info][gc             ] GC(244) Pause Young (Allocation Failure) 520M->116M(4046M) 8.196ms
[186.987s][info][gc,cpu         ] GC(244) User=0.02s Sys=0.00s Real=0.02s
[187.037s][info][gc,start       ] GC(245) Pause Young (Allocation Failure)
[187.037s][info][gc,task        ] GC(245) Using 6 workers of 6 for evacuation
[187.046s][info][gc,heap        ] GC(245) ParNew: 433346K->36422K(460096K)
[187.046s][info][gc,heap        ] GC(245) CMS: 94610K->94610K(3683136K)
[187.046s][info][gc,metaspace   ] GC(245) Metaspace: 143179K(157164K)->143179K(157164K) NonClass: 124394K(131548K)->124394K(131548K) Class: 18785K(25616K)->18785K(25616K)
[187.046s][info][gc             ] GC(245) Pause Young (Allocation Failure) 515M->127M(4046M) 9.276ms
[187.046s][info][gc,cpu         ] GC(245) User=0.02s Sys=0.00s Real=0.02s
[187.232s][info][gc,start       ] GC(246) Pause Young (Allocation Failure)
[187.232s][info][gc,task        ] GC(246) Using 6 workers of 6 for evacuation
[187.244s][info][gc,heap        ] GC(246) ParNew: 445446K->37020K(460096K)
[187.244s][info][gc,heap        ] GC(246) CMS: 94610K->112109K(3683136K)
[187.244s][info][gc,metaspace   ] GC(246) Metaspace: 143179K(157164K)->143179K(157164K) NonClass: 124394K(131548K)->124394K(131548K) Class: 18785K(25616K)->18785K(25616K)
[187.244s][info][gc             ] GC(246) Pause Young (Allocation Failure) 527M->145M(4046M) 12.055ms
[187.244s][info][gc,cpu         ] GC(246) User=0.02s Sys=0.00s Real=0.02s
[187.898s][info][gc,start       ] GC(247) Pause Young (Allocation Failure)
[187.898s][info][gc,task        ] GC(247) Using 6 workers of 6 for evacuation
[187.908s][info][gc,heap        ] GC(247) ParNew: 446044K->18913K(460096K)
[187.908s][info][gc,heap        ] GC(247) CMS: 112109K->121574K(3683136K)
[187.908s][info][gc,metaspace   ] GC(247) Metaspace: 143180K(157164K)->143180K(157164K) NonClass: 124394K(131548K)->124394K(131548K) Class: 18785K(25616K)->18785K(25616K)
[187.908s][info][gc             ] GC(247) Pause Young (Allocation Failure) 545M->137M(4046M) 9.899ms
[187.908s][info][gc,cpu         ] GC(247) User=0.00s Sys=0.00s Real=0.00s
[189.773s][info][gc,start       ] GC(248) Pause Young (Allocation Failure)
[189.774s][info][gc,task        ] GC(248) Using 6 workers of 6 for evacuation
[189.781s][info][gc,heap        ] GC(248) ParNew: 427301K->17845K(460096K)
[189.781s][info][gc,heap        ] GC(248) CMS: 121574K->121574K(3683136K)
[189.781s][info][gc,metaspace   ] GC(248) Metaspace: 143194K(157164K)->143194K(157164K) NonClass: 124406K(131548K)->124406K(131548K) Class: 18788K(25616K)->18788K(25616K)
[189.781s][info][gc             ] GC(248) Pause Young (Allocation Failure) 536M->136M(4046M) 7.937ms
[189.781s][info][gc,cpu         ] GC(248) User=0.02s Sys=0.00s Real=0.01s
[191.609s][info][gc,start       ] GC(249) Pause Young (GCLocker Initiated GC)
[191.609s][info][gc,task        ] GC(249) Using 6 workers of 6 for evacuation
[191.618s][info][gc,heap        ] GC(249) ParNew: 426869K->19270K(460096K)
[191.619s][info][gc,heap        ] GC(249) CMS: 121574K->121574K(3683136K)
[191.619s][info][gc,metaspace   ] GC(249) Metaspace: 143194K(157164K)->143194K(157164K) NonClass: 124406K(131548K)->124406K(131548K) Class: 18788K(25616K)->18788K(25616K)
[191.619s][info][gc             ] GC(249) Pause Young (GCLocker Initiated GC) 535M->137M(4046M) 9.516ms
[191.619s][info][gc,cpu         ] GC(249) User=0.02s Sys=0.00s Real=0.02s
[193.264s][info][gc,start       ] GC(250) Pause Young (Allocation Failure)
[193.264s][info][gc,task        ] GC(250) Using 6 workers of 6 for evacuation
[193.273s][info][gc,heap        ] GC(250) ParNew: 428294K->15164K(460096K)
[193.273s][info][gc,heap        ] GC(250) CMS: 121574K->121574K(3683136K)
[193.273s][info][gc,metaspace   ] GC(250) Metaspace: 143194K(157164K)->143194K(157164K) NonClass: 124406K(131548K)->124406K(131548K) Class: 18788K(25616K)->18788K(25616K)
[193.273s][info][gc             ] GC(250) Pause Young (Allocation Failure) 536M->133M(4046M) 9.604ms
[193.273s][info][gc,cpu         ] GC(250) User=0.00s Sys=0.00s Real=0.00s
[193.867s][info][gc,start       ] GC(251) Pause Full (System.gc())
[193.869s][info][gc,phases,start] GC(251) Phase 1: Mark live objects
[193.941s][info][gc,phases      ] GC(251) Phase 1: Mark live objects 71.789ms
[193.941s][info][gc,phases,start] GC(251) Phase 2: Compute new object addresses
[193.982s][info][gc,phases      ] GC(251) Phase 2: Compute new object addresses 41.577ms
[193.982s][info][gc,phases,start] GC(251) Phase 3: Adjust pointers
[194.026s][info][gc,phases      ] GC(251) Phase 3: Adjust pointers 43.254ms
[194.026s][info][gc,phases,start] GC(251) Phase 4: Move objects
[194.034s][info][gc,phases      ] GC(251) Phase 4: Move objects 8.279ms
[194.037s][info][gc,heap        ] GC(251) ParNew: 288987K->0K(460096K)
[194.038s][info][gc,heap        ] GC(251) CMS: 121574K->70859K(3683136K)
[194.038s][info][gc,metaspace   ] GC(251) Metaspace: 143210K(157164K)->143210K(157164K) NonClass: 124421K(131548K)->124421K(131548K) Class: 18788K(25616K)->18788K(25616K)
[194.038s][info][gc             ] GC(251) Pause Full (System.gc()) 400M->69M(4046M) 171.566ms
[194.038s][info][gc,cpu         ] GC(251) User=0.14s Sys=0.00s Real=0.17s
[194.203s][info][gc,start       ] GC(252) Pause Young (GCLocker Initiated GC)
[194.203s][info][gc,task        ] GC(252) Using 6 workers of 6 for evacuation
[194.212s][info][gc,heap        ] GC(252) ParNew: 410048K->21058K(460096K)
[194.212s][info][gc,heap        ] GC(252) CMS: 70859K->70859K(3683136K)
[194.212s][info][gc,metaspace   ] GC(252) Metaspace: 143228K(157164K)->143228K(157164K) NonClass: 124439K(131548K)->124439K(131548K) Class: 18788K(25616K)->18788K(25616K)
[194.212s][info][gc             ] GC(252) Pause Young (GCLocker Initiated GC) 469M->89M(4046M) 8.505ms
[194.212s][info][gc,cpu         ] GC(252) User=0.02s Sys=0.00s Real=0.00s
[194.389s][info][gc,start       ] GC(253) Pause Young (Allocation Failure)
[194.389s][info][gc,task        ] GC(253) Using 6 workers of 6 for evacuation
[194.398s][info][gc,heap        ] GC(253) ParNew: 427921K->44871K(460096K)
[194.398s][info][gc,heap        ] GC(253) CMS: 70859K->70859K(3683136K)
[194.398s][info][gc,metaspace   ] GC(253) Metaspace: 143228K(157164K)->143228K(157164K) NonClass: 124440K(131548K)->124440K(131548K) Class: 18788K(25616K)->18788K(25616K)
[194.398s][info][gc             ] GC(253) Pause Young (Allocation Failure) 487M->113M(4046M) 9.762ms
[194.398s][info][gc,cpu         ] GC(253) User=0.02s Sys=0.00s Real=0.01s
[194.458s][info][gc,start       ] GC(254) Pause Young (Allocation Failure)
[194.459s][info][gc,task        ] GC(254) Using 6 workers of 6 for evacuation
[194.471s][info][gc,heap        ] GC(254) ParNew: 453895K->26362K(460096K)
[194.471s][info][gc,heap        ] GC(254) CMS: 70859K->95223K(3683136K)
[194.471s][info][gc,metaspace   ] GC(254) Metaspace: 143228K(157164K)->143228K(157164K) NonClass: 124440K(131548K)->124440K(131548K) Class: 18788K(25616K)->18788K(25616K)
[194.471s][info][gc             ] GC(254) Pause Young (Allocation Failure) 512M->118M(4046M) 12.331ms
[194.471s][info][gc,cpu         ] GC(254) User=0.06s Sys=0.00s Real=0.02s
[194.671s][info][gc,start       ] GC(255) Pause Young (Allocation Failure)
[194.671s][info][gc,task        ] GC(255) Using 6 workers of 6 for evacuation
[194.678s][info][gc,heap        ] GC(255) ParNew: 435386K->19961K(460096K)
[194.679s][info][gc,heap        ] GC(255) CMS: 95223K->95223K(3683136K)
[194.679s][info][gc,metaspace   ] GC(255) Metaspace: 143228K(157164K)->143228K(157164K) NonClass: 124440K(131548K)->124440K(131548K) Class: 18788K(25616K)->18788K(25616K)
[194.679s][info][gc             ] GC(255) Pause Young (Allocation Failure) 518M->112M(4046M) 7.747ms
[194.679s][info][gc,cpu         ] GC(255) User=0.02s Sys=0.00s Real=0.00s
[194.728s][info][gc,start       ] GC(256) Pause Young (Allocation Failure)
[194.728s][info][gc,task        ] GC(256) Using 6 workers of 6 for evacuation
[194.737s][info][gc,heap        ] GC(256) ParNew: 428042K->42261K(460096K)
[194.737s][info][gc,heap        ] GC(256) CMS: 95223K->95223K(3683136K)
[194.737s][info][gc,metaspace   ] GC(256) Metaspace: 143228K(157164K)->143228K(157164K) NonClass: 124440K(131548K)->124440K(131548K) Class: 18788K(25616K)->18788K(25616K)
[194.737s][info][gc             ] GC(256) Pause Young (Allocation Failure) 511M->134M(4046M) 9.718ms
[194.737s][info][gc,cpu         ] GC(256) User=0.00s Sys=0.00s Real=0.02s
[194.917s][info][gc,start       ] GC(257) Pause Young (Allocation Failure)
[194.917s][info][gc,task        ] GC(257) Using 6 workers of 6 for evacuation
[194.928s][info][gc,heap        ] GC(257) ParNew: 451285K->38194K(460096K)
[194.928s][info][gc,heap        ] GC(257) CMS: 95223K->112488K(3683136K)
[194.928s][info][gc,metaspace   ] GC(257) Metaspace: 143228K(157164K)->143228K(157164K) NonClass: 124440K(131548K)->124440K(131548K) Class: 18788K(25616K)->18788K(25616K)
[194.928s][info][gc             ] GC(257) Pause Young (Allocation Failure) 533M->147M(4046M) 11.108ms
[194.928s][info][gc,cpu         ] GC(257) User=0.02s Sys=0.00s Real=0.02s
[195.564s][info][gc,start       ] GC(258) Pause Young (Allocation Failure)
[195.564s][info][gc,task        ] GC(258) Using 6 workers of 6 for evacuation
[195.572s][info][gc,heap        ] GC(258) ParNew: 447218K->19872K(460096K)
[195.572s][info][gc,heap        ] GC(258) CMS: 112488K->121953K(3683136K)
[195.572s][info][gc,metaspace   ] GC(258) Metaspace: 143246K(157164K)->143246K(157164K) NonClass: 124458K(131548K)->124458K(131548K) Class: 18788K(25616K)->18788K(25616K)
[195.572s][info][gc             ] GC(258) Pause Young (Allocation Failure) 546M->138M(4046M) 8.652ms
[195.572s][info][gc,cpu         ] GC(258) User=0.05s Sys=0.00s Real=0.02s
[197.394s][info][gc,start       ] GC(259) Pause Young (Allocation Failure)
[197.394s][info][gc,task        ] GC(259) Using 6 workers of 6 for evacuation
[197.401s][info][gc,heap        ] GC(259) ParNew: 428896K->14911K(460096K)
[197.401s][info][gc,heap        ] GC(259) CMS: 121953K->121953K(3683136K)
[197.401s][info][gc,metaspace   ] GC(259) Metaspace: 143251K(157164K)->143251K(157164K) NonClass: 124462K(131548K)->124462K(131548K) Class: 18788K(25616K)->18788K(25616K)
[197.401s][info][gc             ] GC(259) Pause Young (Allocation Failure) 537M->133M(4046M) 7.096ms
[197.401s][info][gc,cpu         ] GC(259) User=0.00s Sys=0.00s Real=0.00s
[199.142s][info][gc,start       ] GC(260) Pause Young (Allocation Failure)
[199.142s][info][gc,task        ] GC(260) Using 6 workers of 6 for evacuation
[199.150s][info][gc,heap        ] GC(260) ParNew: 423937K->18900K(460096K)
[199.150s][info][gc,heap        ] GC(260) CMS: 121953K->121953K(3683136K)
[199.150s][info][gc,metaspace   ] GC(260) Metaspace: 143251K(157164K)->143251K(157164K) NonClass: 124462K(131548K)->124462K(131548K) Class: 18788K(25616K)->18788K(25616K)
[199.150s][info][gc             ] GC(260) Pause Young (Allocation Failure) 533M->137M(4046M) 8.596ms
[199.150s][info][gc,cpu         ] GC(260) User=0.02s Sys=0.00s Real=0.02s
[200.856s][info][gc,start       ] GC(261) Pause Young (Allocation Failure)
[200.856s][info][gc,task        ] GC(261) Using 6 workers of 6 for evacuation
[200.864s][info][gc,heap        ] GC(261) ParNew: 427657K->12888K(460096K)
[200.864s][info][gc,heap        ] GC(261) CMS: 121953K->121953K(3683136K)
[200.864s][info][gc,metaspace   ] GC(261) Metaspace: 143253K(157164K)->143253K(157164K) NonClass: 124464K(131548K)->124464K(131548K) Class: 18788K(25616K)->18788K(25616K)
[200.864s][info][gc             ] GC(261) Pause Young (Allocation Failure) 536M->131M(4046M) 8.654ms
[200.865s][info][gc,cpu         ] GC(261) User=0.02s Sys=0.00s Real=0.01s
[201.387s][info][gc,start       ] GC(262) Pause Full (System.gc())
[201.389s][info][gc,phases,start] GC(262) Phase 1: Mark live objects
[201.464s][info][gc,phases      ] GC(262) Phase 1: Mark live objects 74.257ms
[201.464s][info][gc,phases,start] GC(262) Phase 2: Compute new object addresses
[201.505s][info][gc,phases      ] GC(262) Phase 2: Compute new object addresses 41.203ms
[201.505s][info][gc,phases,start] GC(262) Phase 3: Adjust pointers
[201.548s][info][gc,phases      ] GC(262) Phase 3: Adjust pointers 43.135ms
[201.548s][info][gc,phases,start] GC(262) Phase 4: Move objects
[201.557s][info][gc,phases      ] GC(262) Phase 4: Move objects 8.571ms
[201.560s][info][gc,heap        ] GC(262) ParNew: 283814K->0K(460096K)
[201.560s][info][gc,heap        ] GC(262) CMS: 121953K->70918K(3683136K)
[201.560s][info][gc,metaspace   ] GC(262) Metaspace: 143279K(157164K)->143279K(157164K) NonClass: 124490K(131548K)->124490K(131548K) Class: 18788K(25616K)->18788K(25616K)
[201.561s][info][gc             ] GC(262) Pause Full (System.gc()) 396M->69M(4046M) 173.729ms
[201.561s][info][gc,cpu         ] GC(262) User=0.16s Sys=0.00s Real=0.16s
[201.715s][info][gc,start       ] GC(263) Pause Young (Allocation Failure)
[201.715s][info][gc,task        ] GC(263) Using 6 workers of 6 for evacuation
[201.724s][info][gc,heap        ] GC(263) ParNew: 409024K->20426K(460096K)
[201.724s][info][gc,heap        ] GC(263) CMS: 70918K->70918K(3683136K)
[201.724s][info][gc,metaspace   ] GC(263) Metaspace: 143290K(157164K)->143290K(157164K) NonClass: 124501K(131548K)->124501K(131548K) Class: 18788K(25616K)->18788K(25616K)
[201.724s][info][gc             ] GC(263) Pause Young (Allocation Failure) 468M->89M(4046M) 8.534ms
[201.724s][info][gc,cpu         ] GC(263) User=0.03s Sys=0.00s Real=0.01s
[201.897s][info][gc,start       ] GC(264) Pause Young (Allocation Failure)
[201.897s][info][gc,task        ] GC(264) Using 6 workers of 6 for evacuation
[201.907s][info][gc,heap        ] GC(264) ParNew: 428408K->51072K(460096K)
[201.907s][info][gc,heap        ] GC(264) CMS: 70918K->70918K(3683136K)
[201.907s][info][gc,metaspace   ] GC(264) Metaspace: 143290K(157164K)->143290K(157164K) NonClass: 124501K(131548K)->124501K(131548K) Class: 18788K(25616K)->18788K(25616K)
[201.907s][info][gc             ] GC(264) Pause Young (Allocation Failure) 487M->119M(4046M) 10.077ms
[201.907s][info][gc,cpu         ] GC(264) User=0.00s Sys=0.00s Real=0.00s
[201.961s][info][gc,start       ] GC(265) Pause Young (Allocation Failure)
[201.961s][info][gc,task        ] GC(265) Using 6 workers of 6 for evacuation
[201.971s][info][gc,heap        ] GC(265) ParNew: 459934K->30003K(460096K)
[201.971s][info][gc,heap        ] GC(265) CMS: 70918K->95509K(3683136K)
[201.971s][info][gc,metaspace   ] GC(265) Metaspace: 143290K(157164K)->143290K(157164K) NonClass: 124501K(131548K)->124501K(131548K) Class: 18788K(25616K)->18788K(25616K)
[201.971s][info][gc             ] GC(265) Pause Young (Allocation Failure) 518M->122M(4046M) 9.871ms
[201.971s][info][gc,cpu         ] GC(265) User=0.00s Sys=0.00s Real=0.00s
[202.162s][info][gc,start       ] GC(266) Pause Young (Allocation Failure)
[202.162s][info][gc,task        ] GC(266) Using 6 workers of 6 for evacuation
[202.171s][info][gc,heap        ] GC(266) ParNew: 439027K->22469K(460096K)
[202.171s][info][gc,heap        ] GC(266) CMS: 95509K->95509K(3683136K)
[202.171s][info][gc,metaspace   ] GC(266) Metaspace: 143290K(157164K)->143290K(157164K) NonClass: 124501K(131548K)->124501K(131548K) Class: 18788K(25616K)->18788K(25616K)
[202.171s][info][gc             ] GC(266) Pause Young (Allocation Failure) 522M->115M(4046M) 9.115ms
[202.171s][info][gc,cpu         ] GC(266) User=0.00s Sys=0.00s Real=0.00s
[202.225s][info][gc,start       ] GC(267) Pause Young (Allocation Failure)
[202.225s][info][gc,task        ] GC(267) Using 6 workers of 6 for evacuation
[202.235s][info][gc,heap        ] GC(267) ParNew: 431493K->48076K(460096K)
[202.235s][info][gc,heap        ] GC(267) CMS: 95509K->95509K(3683136K)
[202.235s][info][gc,metaspace   ] GC(267) Metaspace: 143290K(157164K)->143290K(157164K) NonClass: 124501K(131548K)->124501K(131548K) Class: 18788K(25616K)->18788K(25616K)
[202.235s][info][gc             ] GC(267) Pause Young (Allocation Failure) 514M->140M(4046M) 10.278ms
[202.235s][info][gc,cpu         ] GC(267) User=0.00s Sys=0.00s Real=0.00s
[202.415s][info][gc,start       ] GC(268) Pause Young (Allocation Failure)
[202.415s][info][gc,task        ] GC(268) Using 6 workers of 6 for evacuation
[202.426s][info][gc,heap        ] GC(268) ParNew: 457100K->35533K(460096K)
[202.426s][info][gc,heap        ] GC(268) CMS: 95509K->112532K(3683136K)
[202.426s][info][gc,metaspace   ] GC(268) Metaspace: 143290K(157164K)->143290K(157164K) NonClass: 124501K(131548K)->124501K(131548K) Class: 18788K(25616K)->18788K(25616K)
[202.426s][info][gc             ] GC(268) Pause Young (Allocation Failure) 539M->144M(4046M) 11.288ms
[202.426s][info][gc,cpu         ] GC(268) User=0.00s Sys=0.00s Real=0.00s
[203.075s][info][gc,start       ] GC(269) Pause Young (Allocation Failure)
[203.075s][info][gc,task        ] GC(269) Using 6 workers of 6 for evacuation
[203.083s][info][gc,heap        ] GC(269) ParNew: 444557K->19466K(460096K)
[203.083s][info][gc,heap        ] GC(269) CMS: 112532K->121997K(3683136K)
[203.083s][info][gc,metaspace   ] GC(269) Metaspace: 143290K(157164K)->143290K(157164K) NonClass: 124501K(131548K)->124501K(131548K) Class: 18788K(25616K)->18788K(25616K)
[203.083s][info][gc             ] GC(269) Pause Young (Allocation Failure) 544M->138M(4046M) 8.871ms
[203.084s][info][gc,cpu         ] GC(269) User=0.00s Sys=0.00s Real=0.00s
[204.919s][info][gc,start       ] GC(270) Pause Young (Allocation Failure)
[204.920s][info][gc,task        ] GC(270) Using 6 workers of 6 for evacuation
[204.927s][info][gc,heap        ] GC(270) ParNew: 428490K->18126K(460096K)
[204.927s][info][gc,heap        ] GC(270) CMS: 121997K->121997K(3683136K)
[204.927s][info][gc,metaspace   ] GC(270) Metaspace: 143290K(157164K)->143290K(157164K) NonClass: 124501K(131548K)->124501K(131548K) Class: 18788K(25616K)->18788K(25616K)
[204.928s][info][gc             ] GC(270) Pause Young (Allocation Failure) 537M->136M(4046M) 8.091ms
[204.928s][info][gc,cpu         ] GC(270) User=0.02s Sys=0.00s Real=0.02s
[206.688s][info][gc,start       ] GC(271) Pause Young (Allocation Failure)
[206.688s][info][gc,task        ] GC(271) Using 6 workers of 6 for evacuation
[206.698s][info][gc,heap        ] GC(271) ParNew: 427150K->18839K(460096K)
[206.698s][info][gc,heap        ] GC(271) CMS: 121997K->121997K(3683136K)
[206.698s][info][gc,metaspace   ] GC(271) Metaspace: 143290K(157164K)->143290K(157164K) NonClass: 124501K(131548K)->124501K(131548K) Class: 18788K(25616K)->18788K(25616K)
[206.698s][info][gc             ] GC(271) Pause Young (Allocation Failure) 536M->137M(4046M) 9.440ms
[206.698s][info][gc,cpu         ] GC(271) User=0.02s Sys=0.00s Real=0.02s
[208.425s][info][gc,start       ] GC(272) Pause Young (Allocation Failure)
[208.425s][info][gc,task        ] GC(272) Using 6 workers of 6 for evacuation
[208.432s][info][gc,heap        ] GC(272) ParNew: 424025K->15431K(460096K)
[208.432s][info][gc,heap        ] GC(272) CMS: 121997K->121997K(3683136K)
[208.432s][info][gc,metaspace   ] GC(272) Metaspace: 143292K(157164K)->143292K(157164K) NonClass: 124504K(131548K)->124504K(131548K) Class: 18788K(25616K)->18788K(25616K)
[208.432s][info][gc             ] GC(272) Pause Young (Allocation Failure) 533M->134M(4046M) 7.814ms
[208.432s][info][gc,cpu         ] GC(272) User=0.00s Sys=0.00s Real=0.00s
[208.941s][info][gc,start       ] GC(273) Pause Full (System.gc())
[208.943s][info][gc,phases,start] GC(273) Phase 1: Mark live objects
[209.015s][info][gc,phases      ] GC(273) Phase 1: Mark live objects 72.014ms
[209.015s][info][gc,phases,start] GC(273) Phase 2: Compute new object addresses
[209.055s][info][gc,phases      ] GC(273) Phase 2: Compute new object addresses 40.548ms
[209.056s][info][gc,phases,start] GC(273) Phase 3: Adjust pointers
[209.099s][info][gc,phases      ] GC(273) Phase 3: Adjust pointers 43.588ms
[209.099s][info][gc,phases,start] GC(273) Phase 4: Move objects
[209.108s][info][gc,phases      ] GC(273) Phase 4: Move objects 8.365ms
[209.111s][info][gc,heap        ] GC(273) ParNew: 282490K->0K(460096K)
[209.111s][info][gc,heap        ] GC(273) CMS: 121997K->71331K(3683136K)
[209.111s][info][gc,metaspace   ] GC(273) Metaspace: 143311K(157164K)->143311K(157164K) NonClass: 124522K(131548K)->124522K(131548K) Class: 18788K(25616K)->18788K(25616K)
[209.112s][info][gc             ] GC(273) Pause Full (System.gc()) 395M->69M(4046M) 171.209ms
[209.112s][info][gc,cpu         ] GC(273) User=0.16s Sys=0.00s Real=0.17s
[209.283s][info][gc,start       ] GC(274) Pause Young (Allocation Failure)
[209.284s][info][gc,task        ] GC(274) Using 6 workers of 6 for evacuation
[209.295s][info][gc,heap        ] GC(274) ParNew: 409024K->20240K(460096K)
[209.295s][info][gc,heap        ] GC(274) CMS: 71331K->71331K(3683136K)
[209.295s][info][gc,metaspace   ] GC(274) Metaspace: 143359K(157164K)->143359K(157164K) NonClass: 124571K(131548K)->124571K(131548K) Class: 18788K(25616K)->18788K(25616K)
[209.295s][info][gc             ] GC(274) Pause Young (Allocation Failure) 469M->89M(4046M) 11.603ms
[209.295s][info][gc,cpu         ] GC(274) User=0.02s Sys=0.00s Real=0.02s
[209.471s][info][gc,start       ] GC(275) Pause Young (Allocation Failure)
[209.471s][info][gc,task        ] GC(275) Using 6 workers of 6 for evacuation
[209.481s][info][gc,heap        ] GC(275) ParNew: 426828K->48403K(460096K)
[209.481s][info][gc,heap        ] GC(275) CMS: 71331K->71331K(3683136K)
[209.481s][info][gc,metaspace   ] GC(275) Metaspace: 143359K(157164K)->143359K(157164K) NonClass: 124571K(131548K)->124571K(131548K) Class: 18788K(25616K)->18788K(25616K)
[209.481s][info][gc             ] GC(275) Pause Young (Allocation Failure) 486M->116M(4046M) 10.712ms
[209.482s][info][gc,cpu         ] GC(275) User=0.02s Sys=0.00s Real=0.02s
[209.538s][info][gc,start       ] GC(276) Pause Young (Allocation Failure)
[209.538s][info][gc,task        ] GC(276) Using 6 workers of 6 for evacuation
[209.548s][info][gc,heap        ] GC(276) ParNew: 454394K->29575K(460096K)
[209.548s][info][gc,heap        ] GC(276) CMS: 71331K->95691K(3683136K)
[209.548s][info][gc,metaspace   ] GC(276) Metaspace: 143359K(157164K)->143359K(157164K) NonClass: 124571K(131548K)->124571K(131548K) Class: 18788K(25616K)->18788K(25616K)
[209.548s][info][gc             ] GC(276) Pause Young (Allocation Failure) 513M->122M(4046M) 9.700ms
[209.548s][info][gc,cpu         ] GC(276) User=0.11s Sys=0.00s Real=0.00s
[209.736s][info][gc,start       ] GC(277) Pause Young (Allocation Failure)
[209.736s][info][gc,task        ] GC(277) Using 6 workers of 6 for evacuation
[209.744s][info][gc,heap        ] GC(277) ParNew: 435622K->22464K(460096K)
[209.744s][info][gc,heap        ] GC(277) CMS: 95691K->95691K(3683136K)
[209.744s][info][gc,metaspace   ] GC(277) Metaspace: 143359K(157164K)->143359K(157164K) NonClass: 124571K(131548K)->124571K(131548K) Class: 18788K(25616K)->18788K(25616K)
[209.744s][info][gc             ] GC(277) Pause Young (Allocation Failure) 518M->115M(4046M) 8.066ms
[209.745s][info][gc,cpu         ] GC(277) User=0.02s Sys=0.00s Real=0.02s
[209.797s][info][gc,start       ] GC(278) Pause Young (Allocation Failure)
[209.797s][info][gc,task        ] GC(278) Using 6 workers of 6 for evacuation
[209.806s][info][gc,heap        ] GC(278) ParNew: 431488K->36556K(460096K)
[209.806s][info][gc,heap        ] GC(278) CMS: 95691K->95691K(3683136K)
[209.806s][info][gc,metaspace   ] GC(278) Metaspace: 143359K(157164K)->143359K(157164K) NonClass: 124571K(131548K)->124571K(131548K) Class: 18788K(25616K)->18788K(25616K)
[209.806s][info][gc             ] GC(278) Pause Young (Allocation Failure) 514M->129M(4046M) 9.445ms
[209.806s][info][gc,cpu         ] GC(278) User=0.02s Sys=0.00s Real=0.02s
[209.987s][info][gc,start       ] GC(279) Pause Young (Allocation Failure)
[209.987s][info][gc,task        ] GC(279) Using 6 workers of 6 for evacuation
[209.998s][info][gc,heap        ] GC(279) ParNew: 445580K->33963K(460096K)
[209.998s][info][gc,heap        ] GC(279) CMS: 95691K->113026K(3683136K)
[209.998s][info][gc,metaspace   ] GC(279) Metaspace: 143360K(157164K)->143360K(157164K) NonClass: 124571K(131548K)->124571K(131548K) Class: 18788K(25616K)->18788K(25616K)
[209.998s][info][gc             ] GC(279) Pause Young (Allocation Failure) 528M->143M(4046M) 11.718ms
[209.998s][info][gc,cpu         ] GC(279) User=0.02s Sys=0.00s Real=0.01s
[210.671s][info][gc,start       ] GC(280) Pause Young (Allocation Failure)
[210.671s][info][gc,task        ] GC(280) Using 6 workers of 6 for evacuation
[210.680s][info][gc,heap        ] GC(280) ParNew: 442987K->20116K(460096K)
[210.680s][info][gc,heap        ] GC(280) CMS: 113026K->122494K(3683136K)
[210.680s][info][gc,metaspace   ] GC(280) Metaspace: 143361K(157164K)->143361K(157164K) NonClass: 124572K(131548K)->124572K(131548K) Class: 18788K(25616K)->18788K(25616K)
[210.680s][info][gc             ] GC(280) Pause Young (Allocation Failure) 542M->139M(4046M) 9.281ms
[210.680s][info][gc,cpu         ] GC(280) User=0.02s Sys=0.00s Real=0.00s
[212.497s][info][gc,start       ] GC(281) Pause Young (Allocation Failure)
[212.497s][info][gc,task        ] GC(281) Using 6 workers of 6 for evacuation
[212.507s][info][gc,heap        ] GC(281) ParNew: 429140K->14441K(460096K)
[212.507s][info][gc,heap        ] GC(281) CMS: 122494K->122494K(3683136K)
[212.507s][info][gc,metaspace   ] GC(281) Metaspace: 143361K(157164K)->143361K(157164K) NonClass: 124572K(131548K)->124572K(131548K) Class: 18788K(25616K)->18788K(25616K)
[212.507s][info][gc             ] GC(281) Pause Young (Allocation Failure) 538M->133M(4046M) 10.091ms
[212.507s][info][gc,cpu         ] GC(281) User=0.03s Sys=0.00s Real=0.02s
[214.293s][info][gc,start       ] GC(282) Pause Young (Allocation Failure)
[214.293s][info][gc,task        ] GC(282) Using 6 workers of 6 for evacuation
[214.302s][info][gc,heap        ] GC(282) ParNew: 423465K->17164K(460096K)
[214.302s][info][gc,heap        ] GC(282) CMS: 122494K->122494K(3683136K)
[214.302s][info][gc,metaspace   ] GC(282) Metaspace: 143361K(157164K)->143361K(157164K) NonClass: 124572K(131548K)->124572K(131548K) Class: 18788K(25616K)->18788K(25616K)
[214.302s][info][gc             ] GC(282) Pause Young (Allocation Failure) 533M->136M(4046M) 9.168ms
[214.302s][info][gc,cpu         ] GC(282) User=0.00s Sys=0.00s Real=0.00s
[215.940s][info][gc,start       ] GC(283) Pause Young (Allocation Failure)
[215.940s][info][gc,task        ] GC(283) Using 6 workers of 6 for evacuation
[215.948s][info][gc,heap        ] GC(283) ParNew: 426188K->13944K(460096K)
[215.948s][info][gc,heap        ] GC(283) CMS: 122494K->122494K(3683136K)
[215.948s][info][gc,metaspace   ] GC(283) Metaspace: 143361K(157164K)->143361K(157164K) NonClass: 124572K(131548K)->124572K(131548K) Class: 18788K(25616K)->18788K(25616K)
[215.948s][info][gc             ] GC(283) Pause Young (Allocation Failure) 535M->133M(4046M) 8.210ms
[215.948s][info][gc,cpu         ] GC(283) User=0.00s Sys=0.00s Real=0.00s
[216.541s][info][gc,start       ] GC(284) Pause Full (System.gc())
[216.543s][info][gc,phases,start] GC(284) Phase 1: Mark live objects
[216.616s][info][gc,phases      ] GC(284) Phase 1: Mark live objects 72.326ms
[216.616s][info][gc,phases,start] GC(284) Phase 2: Compute new object addresses
[216.657s][info][gc,phases      ] GC(284) Phase 2: Compute new object addresses 41.617ms
[216.657s][info][gc,phases,start] GC(284) Phase 3: Adjust pointers
[216.700s][info][gc,phases      ] GC(284) Phase 3: Adjust pointers 42.162ms
[216.700s][info][gc,phases,start] GC(284) Phase 4: Move objects
[216.705s][info][gc,phases      ] GC(284) Phase 4: Move objects 5.763ms
[216.709s][info][gc,heap        ] GC(284) ParNew: 286989K->0K(460096K)
[216.709s][info][gc,heap        ] GC(284) CMS: 122494K->71367K(3683136K)
[216.709s][info][gc,metaspace   ] GC(284) Metaspace: 143368K(157164K)->143368K(157164K) NonClass: 124579K(131548K)->124579K(131548K) Class: 18788K(25616K)->18788K(25616K)
[216.710s][info][gc             ] GC(284) Pause Full (System.gc()) 399M->69M(4046M) 169.082ms
[216.710s][info][gc,cpu         ] GC(284) User=0.16s Sys=0.00s Real=0.17s
[216.857s][info][gc,start       ] GC(285) Pause Young (Allocation Failure)
[216.857s][info][gc,task        ] GC(285) Using 6 workers of 6 for evacuation
[216.865s][info][gc,heap        ] GC(285) ParNew: 409024K->20715K(460096K)
[216.865s][info][gc,heap        ] GC(285) CMS: 71367K->71367K(3683136K)
[216.865s][info][gc,metaspace   ] GC(285) Metaspace: 143415K(157420K)->143415K(157420K) NonClass: 124627K(131804K)->124627K(131804K) Class: 18788K(25616K)->18788K(25616K)
[216.865s][info][gc             ] GC(285) Pause Young (Allocation Failure) 469M->89M(4046M) 8.384ms
[216.865s][info][gc,cpu         ] GC(285) User=0.02s Sys=0.00s Real=0.02s
[217.042s][info][gc,start       ] GC(286) Pause Young (Allocation Failure)
[217.042s][info][gc,task        ] GC(286) Using 6 workers of 6 for evacuation
[217.052s][info][gc,heap        ] GC(286) ParNew: 429476K->49727K(460096K)
[217.052s][info][gc,heap        ] GC(286) CMS: 71367K->71367K(3683136K)
[217.052s][info][gc,metaspace   ] GC(286) Metaspace: 143415K(157420K)->143415K(157420K) NonClass: 124627K(131804K)->124627K(131804K) Class: 18788K(25616K)->18788K(25616K)
[217.052s][info][gc             ] GC(286) Pause Young (Allocation Failure) 489M->118M(4046M) 9.851ms
[217.052s][info][gc,cpu         ] GC(286) User=0.00s Sys=0.00s Real=0.00s
[217.109s][info][gc,start       ] GC(287) Pause Young (Allocation Failure)
[217.109s][info][gc,task        ] GC(287) Using 6 workers of 6 for evacuation
[217.121s][info][gc,heap        ] GC(287) ParNew: 455607K->26459K(460096K)
[217.121s][info][gc,heap        ] GC(287) CMS: 71367K->95960K(3683136K)
[217.121s][info][gc,metaspace   ] GC(287) Metaspace: 143415K(157420K)->143415K(157420K) NonClass: 124627K(131804K)->124627K(131804K) Class: 18788K(25616K)->18788K(25616K)
[217.121s][info][gc             ] GC(287) Pause Young (Allocation Failure) 514M->119M(4046M) 11.923ms
[217.121s][info][gc,cpu         ] GC(287) User=0.08s Sys=0.00s Real=0.02s
[217.316s][info][gc,start       ] GC(288) Pause Young (Allocation Failure)
[217.316s][info][gc,task        ] GC(288) Using 6 workers of 6 for evacuation
[217.324s][info][gc,heap        ] GC(288) ParNew: 435483K->23333K(460096K)
[217.324s][info][gc,heap        ] GC(288) CMS: 95960K->95960K(3683136K)
[217.324s][info][gc,metaspace   ] GC(288) Metaspace: 143416K(157420K)->143416K(157420K) NonClass: 124628K(131804K)->124628K(131804K) Class: 18788K(25616K)->18788K(25616K)
[217.324s][info][gc             ] GC(288) Pause Young (Allocation Failure) 518M->116M(4046M) 8.160ms
[217.324s][info][gc,cpu         ] GC(288) User=0.02s Sys=0.00s Real=0.02s
[217.373s][info][gc,start       ] GC(289) Pause Young (Allocation Failure)
[217.373s][info][gc,task        ] GC(289) Using 6 workers of 6 for evacuation
[217.382s][info][gc,heap        ] GC(289) ParNew: 432357K->40715K(460096K)
[217.382s][info][gc,heap        ] GC(289) CMS: 95960K->95960K(3683136K)
[217.382s][info][gc,metaspace   ] GC(289) Metaspace: 143416K(157420K)->143416K(157420K) NonClass: 124628K(131804K)->124628K(131804K) Class: 18788K(25616K)->18788K(25616K)
[217.382s][info][gc             ] GC(289) Pause Young (Allocation Failure) 515M->133M(4046M) 9.550ms
[217.382s][info][gc,cpu         ] GC(289) User=0.00s Sys=0.00s Real=0.01s
[217.560s][info][gc,start       ] GC(290) Pause Young (Allocation Failure)
[217.560s][info][gc,task        ] GC(290) Using 6 workers of 6 for evacuation
[217.571s][info][gc,heap        ] GC(290) ParNew: 449739K->33787K(460096K)
[217.571s][info][gc,heap        ] GC(290) CMS: 95960K->112984K(3683136K)
[217.571s][info][gc,metaspace   ] GC(290) Metaspace: 143416K(157420K)->143416K(157420K) NonClass: 124628K(131804K)->124628K(131804K) Class: 18788K(25616K)->18788K(25616K)
[217.571s][info][gc             ] GC(290) Pause Young (Allocation Failure) 532M->143M(4046M) 11.597ms
[217.571s][info][gc,cpu         ] GC(290) User=0.02s Sys=0.00s Real=0.02s
[218.227s][info][gc,start       ] GC(291) Pause Young (Allocation Failure)
[218.227s][info][gc,task        ] GC(291) Using 6 workers of 6 for evacuation
[218.236s][info][gc,heap        ] GC(291) ParNew: 442811K->19876K(460096K)
[218.236s][info][gc,heap        ] GC(291) CMS: 112984K->122449K(3683136K)
[218.236s][info][gc,metaspace   ] GC(291) Metaspace: 143426K(157420K)->143426K(157420K) NonClass: 124638K(131804K)->124638K(131804K) Class: 18788K(25616K)->18788K(25616K)
[218.236s][info][gc             ] GC(291) Pause Young (Allocation Failure) 542M->138M(4046M) 9.115ms
[218.236s][info][gc,cpu         ] GC(291) User=0.03s Sys=0.00s Real=0.01s
[220.119s][info][gc,start       ] GC(292) Pause Young (Allocation Failure)
[220.119s][info][gc,task        ] GC(292) Using 6 workers of 6 for evacuation
[220.126s][info][gc,heap        ] GC(292) ParNew: 428900K->12693K(460096K)
[220.126s][info][gc,heap        ] GC(292) CMS: 122449K->122449K(3683136K)
[220.126s][info][gc,metaspace   ] GC(292) Metaspace: 143426K(157420K)->143426K(157420K) NonClass: 124638K(131804K)->124638K(131804K) Class: 18788K(25616K)->18788K(25616K)
[220.126s][info][gc             ] GC(292) Pause Young (Allocation Failure) 538M->131M(4046M) 7.284ms
[220.126s][info][gc,cpu         ] GC(292) User=0.02s Sys=0.00s Real=0.01s
[221.888s][info][gc,start       ] GC(293) Pause Young (GCLocker Initiated GC)
[221.888s][info][gc,task        ] GC(293) Using 6 workers of 6 for evacuation
[221.896s][info][gc,heap        ] GC(293) ParNew: 421717K->18797K(460096K)
[221.896s][info][gc,heap        ] GC(293) CMS: 122449K->122449K(3683136K)
[221.896s][info][gc,metaspace   ] GC(293) Metaspace: 143426K(157420K)->143426K(157420K) NonClass: 124638K(131804K)->124638K(131804K) Class: 18788K(25616K)->18788K(25616K)
[221.896s][info][gc             ] GC(293) Pause Young (GCLocker Initiated GC) 531M->137M(4046M) 8.829ms
[221.896s][info][gc,cpu         ] GC(293) User=0.00s Sys=0.00s Real=0.00s
[223.589s][info][gc,start       ] GC(294) Pause Young (Allocation Failure)
[223.589s][info][gc,task        ] GC(294) Using 6 workers of 6 for evacuation
[223.598s][info][gc,heap        ] GC(294) ParNew: 427618K->14317K(460096K)
[223.598s][info][gc,heap        ] GC(294) CMS: 122449K->122449K(3683136K)
[223.598s][info][gc,metaspace   ] GC(294) Metaspace: 143426K(157420K)->143426K(157420K) NonClass: 124638K(131804K)->124638K(131804K) Class: 18788K(25616K)->18788K(25616K)
[223.598s][info][gc             ] GC(294) Pause Young (Allocation Failure) 537M->133M(4046M) 9.441ms
[223.598s][info][gc,cpu         ] GC(294) User=0.02s Sys=0.00s Real=0.02s
[224.125s][info][gc,start       ] GC(295) Pause Full (System.gc())
[224.127s][info][gc,phases,start] GC(295) Phase 1: Mark live objects
[224.201s][info][gc,phases      ] GC(295) Phase 1: Mark live objects 73.571ms
[224.201s][info][gc,phases,start] GC(295) Phase 2: Compute new object addresses
[224.243s][info][gc,phases      ] GC(295) Phase 2: Compute new object addresses 41.945ms
[224.243s][info][gc,phases,start] GC(295) Phase 3: Adjust pointers
[224.285s][info][gc,phases      ] GC(295) Phase 3: Adjust pointers 41.930ms
[224.285s][info][gc,phases,start] GC(295) Phase 4: Move objects
[224.290s][info][gc,phases      ] GC(295) Phase 4: Move objects 4.888ms
[224.293s][info][gc,heap        ] GC(295) ParNew: 287487K->0K(460096K)
[224.293s][info][gc,heap        ] GC(295) CMS: 122449K->71530K(3683136K)
[224.293s][info][gc,metaspace   ] GC(295) Metaspace: 143460K(157420K)->143460K(157420K) NonClass: 124671K(131804K)->124671K(131804K) Class: 18788K(25616K)->18788K(25616K)
[224.294s][info][gc             ] GC(295) Pause Full (System.gc()) 400M->69M(4046M) 169.072ms
[224.294s][info][gc,cpu         ] GC(295) User=0.17s Sys=0.00s Real=0.17s
[224.448s][info][gc,start       ] GC(296) Pause Young (Allocation Failure)
[224.448s][info][gc,task        ] GC(296) Using 6 workers of 6 for evacuation
[224.455s][info][gc,heap        ] GC(296) ParNew: 409024K->19450K(460096K)
[224.456s][info][gc,heap        ] GC(296) CMS: 71530K->71530K(3683136K)
[224.456s][info][gc,metaspace   ] GC(296) Metaspace: 143462K(157420K)->143462K(157420K) NonClass: 124673K(131804K)->124673K(131804K) Class: 18788K(25616K)->18788K(25616K)
[224.456s][info][gc             ] GC(296) Pause Young (Allocation Failure) 469M->88M(4046M) 8.023ms
[224.456s][info][gc,cpu         ] GC(296) User=0.00s Sys=0.00s Real=0.00s
[224.630s][info][gc,start       ] GC(297) Pause Young (Allocation Failure)
[224.630s][info][gc,task        ] GC(297) Using 6 workers of 6 for evacuation
[224.641s][info][gc,heap        ] GC(297) ParNew: 425438K->50261K(460096K)
[224.641s][info][gc,heap        ] GC(297) CMS: 71530K->71530K(3683136K)
[224.641s][info][gc,metaspace   ] GC(297) Metaspace: 143462K(157420K)->143462K(157420K) NonClass: 124673K(131804K)->124673K(131804K) Class: 18788K(25616K)->18788K(25616K)
[224.641s][info][gc             ] GC(297) Pause Young (Allocation Failure) 485M->118M(4046M) 10.413ms
[224.641s][info][gc,cpu         ] GC(297) User=0.03s Sys=0.00s Real=0.01s
[224.692s][info][gc,start       ] GC(298) Pause Young (Allocation Failure)
[224.693s][info][gc,task        ] GC(298) Using 6 workers of 6 for evacuation
[224.703s][info][gc,heap        ] GC(298) ParNew: 458713K->30840K(460096K)
[224.703s][info][gc,heap        ] GC(298) CMS: 71530K->95897K(3683136K)
[224.703s][info][gc,metaspace   ] GC(298) Metaspace: 143462K(157420K)->143462K(157420K) NonClass: 124673K(131804K)->124673K(131804K) Class: 18788K(25616K)->18788K(25616K)
[224.703s][info][gc             ] GC(298) Pause Young (Allocation Failure) 517M->123M(4046M) 10.691ms
[224.703s][info][gc,cpu         ] GC(298) User=0.02s Sys=0.00s Real=0.01s
[224.893s][info][gc,start       ] GC(299) Pause Young (Allocation Failure)
[224.893s][info][gc,task        ] GC(299) Using 6 workers of 6 for evacuation
[224.901s][info][gc,heap        ] GC(299) ParNew: 439864K->28558K(460096K)
[224.901s][info][gc,heap        ] GC(299) CMS: 95897K->95897K(3683136K)
[224.901s][info][gc,metaspace   ] GC(299) Metaspace: 143462K(157420K)->143462K(157420K) NonClass: 124673K(131804K)->124673K(131804K) Class: 18788K(25616K)->18788K(25616K)
[224.901s][info][gc             ] GC(299) Pause Young (Allocation Failure) 523M->121M(4046M) 7.942ms
[224.901s][info][gc,cpu         ] GC(299) User=0.00s Sys=0.00s Real=0.00s
[224.951s][info][gc,start       ] GC(300) Pause Young (Allocation Failure)
[224.951s][info][gc,task        ] GC(300) Using 6 workers of 6 for evacuation
[224.960s][info][gc,heap        ] GC(300) ParNew: 435271K->46924K(460096K)
[224.960s][info][gc,heap        ] GC(300) CMS: 95897K->95897K(3683136K)
[224.960s][info][gc,metaspace   ] GC(300) Metaspace: 143462K(157420K)->143462K(157420K) NonClass: 124673K(131804K)->124673K(131804K) Class: 18788K(25616K)->18788K(25616K)
[224.960s][info][gc             ] GC(300) Pause Young (Allocation Failure) 518M->139M(4046M) 9.339ms
[224.960s][info][gc,cpu         ] GC(300) User=0.00s Sys=0.00s Real=0.00s
[225.139s][info][gc,start       ] GC(301) Pause Young (Allocation Failure)
[225.139s][info][gc,task        ] GC(301) Using 6 workers of 6 for evacuation
[225.150s][info][gc,heap        ] GC(301) ParNew: 455948K->37179K(460096K)
[225.150s][info][gc,heap        ] GC(301) CMS: 95897K->113148K(3683136K)
[225.150s][info][gc,metaspace   ] GC(301) Metaspace: 143462K(157420K)->143462K(157420K) NonClass: 124673K(131804K)->124673K(131804K) Class: 18788K(25616K)->18788K(25616K)
[225.150s][info][gc             ] GC(301) Pause Young (Allocation Failure) 538M->146M(4046M) 11.778ms
[225.150s][info][gc,cpu         ] GC(301) User=0.00s Sys=0.00s Real=0.00s
[225.777s][info][gc,start       ] GC(302) Pause Young (GCLocker Initiated GC)
[225.777s][info][gc,task        ] GC(302) Using 6 workers of 6 for evacuation
[225.786s][info][gc,heap        ] GC(302) ParNew: 446219K->23484K(460096K)
[225.786s][info][gc,heap        ] GC(302) CMS: 113148K->122613K(3683136K)
[225.786s][info][gc,metaspace   ] GC(302) Metaspace: 143463K(157420K)->143463K(157420K) NonClass: 124675K(131804K)->124675K(131804K) Class: 18788K(25616K)->18788K(25616K)
[225.786s][info][gc             ] GC(302) Pause Young (GCLocker Initiated GC) 546M->142M(4046M) 9.798ms
[225.786s][info][gc,cpu         ] GC(302) User=0.02s Sys=0.00s Real=0.02s
[227.603s][info][gc,start       ] GC(303) Pause Young (Allocation Failure)
[227.603s][info][gc,task        ] GC(303) Using 6 workers of 6 for evacuation
[227.613s][info][gc,heap        ] GC(303) ParNew: 432508K->14955K(460096K)
[227.613s][info][gc,heap        ] GC(303) CMS: 122613K->122613K(3683136K)
[227.613s][info][gc,metaspace   ] GC(303) Metaspace: 143463K(157420K)->143463K(157420K) NonClass: 124675K(131804K)->124675K(131804K) Class: 18788K(25616K)->18788K(25616K)
[227.613s][info][gc             ] GC(303) Pause Young (Allocation Failure) 542M->134M(4046M) 10.032ms
[227.613s][info][gc,cpu         ] GC(303) User=0.03s Sys=0.00s Real=0.00s
[229.360s][info][gc,start       ] GC(304) Pause Young (Allocation Failure)
[229.360s][info][gc,task        ] GC(304) Using 6 workers of 6 for evacuation
[229.368s][info][gc,heap        ] GC(304) ParNew: 423979K->18019K(460096K)
[229.368s][info][gc,heap        ] GC(304) CMS: 122613K->122613K(3683136K)
[229.368s][info][gc,metaspace   ] GC(304) Metaspace: 143463K(157420K)->143463K(157420K) NonClass: 124675K(131804K)->124675K(131804K) Class: 18788K(25616K)->18788K(25616K)
[229.368s][info][gc             ] GC(304) Pause Young (Allocation Failure) 533M->137M(4046M) 8.526ms
[229.368s][info][gc,cpu         ] GC(304) User=0.02s Sys=0.00s Real=0.02s
[231.066s][info][gc,start       ] GC(305) Pause Young (Allocation Failure)
[231.066s][info][gc,task        ] GC(305) Using 6 workers of 6 for evacuation
[231.074s][info][gc,heap        ] GC(305) ParNew: 426359K->14884K(460096K)
[231.074s][info][gc,heap        ] GC(305) CMS: 122613K->122613K(3683136K)
[231.074s][info][gc,metaspace   ] GC(305) Metaspace: 143463K(157420K)->143463K(157420K) NonClass: 124675K(131804K)->124675K(131804K) Class: 18788K(25616K)->18788K(25616K)
[231.074s][info][gc             ] GC(305) Pause Young (Allocation Failure) 536M->134M(4046M) 8.132ms
[231.074s][info][gc,cpu         ] GC(305) User=0.00s Sys=0.00s Real=0.02s
[231.598s][info][gc,start       ] GC(306) Pause Full (System.gc())
[231.600s][info][gc,phases,start] GC(306) Phase 1: Mark live objects
[231.673s][info][gc,phases      ] GC(306) Phase 1: Mark live objects 72.384ms
[231.673s][info][gc,phases,start] GC(306) Phase 2: Compute new object addresses
[231.714s][info][gc,phases      ] GC(306) Phase 2: Compute new object addresses 40.934ms
[231.714s][info][gc,phases,start] GC(306) Phase 3: Adjust pointers
[231.757s][info][gc,phases      ] GC(306) Phase 3: Adjust pointers 43.038ms
[231.757s][info][gc,phases,start] GC(306) Phase 4: Move objects
[231.765s][info][gc,phases      ] GC(306) Phase 4: Move objects 7.720ms
[231.768s][info][gc,heap        ] GC(306) ParNew: 286904K->0K(460096K)
[231.768s][info][gc,heap        ] GC(306) CMS: 122613K->71904K(3683136K)
[231.768s][info][gc,metaspace   ] GC(306) Metaspace: 143644K(157420K)->143644K(157420K) NonClass: 124855K(131804K)->124855K(131804K) Class: 18788K(25616K)->18788K(25616K)
[231.769s][info][gc             ] GC(306) Pause Full (System.gc()) 399M->70M(4046M) 170.990ms
[231.769s][info][gc,cpu         ] GC(306) User=0.17s Sys=0.00s Real=0.17s
[231.927s][info][gc,start       ] GC(307) Pause Young (Allocation Failure)
[231.928s][info][gc,task        ] GC(307) Using 6 workers of 6 for evacuation
[231.936s][info][gc,heap        ] GC(307) ParNew: 409024K->20431K(460096K)
[231.936s][info][gc,heap        ] GC(307) CMS: 71904K->71904K(3683136K)
[231.936s][info][gc,metaspace   ] GC(307) Metaspace: 143677K(157420K)->143677K(157420K) NonClass: 124889K(131804K)->124889K(131804K) Class: 18788K(25616K)->18788K(25616K)
[231.936s][info][gc             ] GC(307) Pause Young (Allocation Failure) 469M->90M(4046M) 8.737ms
[231.936s][info][gc,cpu         ] GC(307) User=0.03s Sys=0.00s Real=0.02s
[232.107s][info][gc,start       ] GC(308) Pause Young (Allocation Failure)
[232.107s][info][gc,task        ] GC(308) Using 6 workers of 6 for evacuation
[232.118s][info][gc,heap        ] GC(308) ParNew: 427449K->44679K(460096K)
[232.118s][info][gc,heap        ] GC(308) CMS: 71904K->71904K(3683136K)
[232.118s][info][gc,metaspace   ] GC(308) Metaspace: 143677K(157420K)->143677K(157420K) NonClass: 124889K(131804K)->124889K(131804K) Class: 18788K(25616K)->18788K(25616K)
[232.118s][info][gc             ] GC(308) Pause Young (Allocation Failure) 487M->113M(4046M) 10.560ms
[232.118s][info][gc,cpu         ] GC(308) User=0.02s Sys=0.00s Real=0.01s
[232.177s][info][gc,start       ] GC(309) Pause Young (Allocation Failure)
[232.178s][info][gc,task        ] GC(309) Using 6 workers of 6 for evacuation
[232.189s][info][gc,heap        ] GC(309) ParNew: 452274K->26305K(460096K)
[232.189s][info][gc,heap        ] GC(309) CMS: 71904K->96499K(3683136K)
[232.189s][info][gc,metaspace   ] GC(309) Metaspace: 143677K(157420K)->143677K(157420K) NonClass: 124889K(131804K)->124889K(131804K) Class: 18788K(25616K)->18788K(25616K)
[232.189s][info][gc             ] GC(309) Pause Young (Allocation Failure) 511M->119M(4046M) 11.603ms
[232.189s][info][gc,cpu         ] GC(309) User=0.06s Sys=0.00s Real=0.02s
[232.382s][info][gc,start       ] GC(310) Pause Young (Allocation Failure)
[232.382s][info][gc,task        ] GC(310) Using 6 workers of 6 for evacuation
[232.390s][info][gc,heap        ] GC(310) ParNew: 435329K->24633K(460096K)
[232.390s][info][gc,heap        ] GC(310) CMS: 96499K->96499K(3683136K)
[232.390s][info][gc,metaspace   ] GC(310) Metaspace: 143677K(157420K)->143677K(157420K) NonClass: 124889K(131804K)->124889K(131804K) Class: 18788K(25616K)->18788K(25616K)
[232.390s][info][gc             ] GC(310) Pause Young (Allocation Failure) 519M->118M(4046M) 7.842ms
[232.390s][info][gc,cpu         ] GC(310) User=0.00s Sys=0.00s Real=0.00s
[232.440s][info][gc,start       ] GC(311) Pause Young (Allocation Failure)
[232.440s][info][gc,task        ] GC(311) Using 6 workers of 6 for evacuation
[232.449s][info][gc,heap        ] GC(311) ParNew: 432220K->31645K(460096K)
[232.449s][info][gc,heap        ] GC(311) CMS: 96499K->96499K(3683136K)
[232.449s][info][gc,metaspace   ] GC(311) Metaspace: 143677K(157420K)->143677K(157420K) NonClass: 124889K(131804K)->124889K(131804K) Class: 18788K(25616K)->18788K(25616K)
[232.449s][info][gc             ] GC(311) Pause Young (Allocation Failure) 516M->125M(4046M) 9.015ms
[232.449s][info][gc,cpu         ] GC(311) User=0.02s Sys=0.00s Real=0.01s
[232.629s][info][gc,start       ] GC(312) Pause Young (Allocation Failure)
[232.629s][info][gc,task        ] GC(312) Using 6 workers of 6 for evacuation
[232.640s][info][gc,heap        ] GC(312) ParNew: 440669K->35283K(460096K)
[232.640s][info][gc,heap        ] GC(312) CMS: 96499K->113524K(3683136K)
[232.640s][info][gc,metaspace   ] GC(312) Metaspace: 143677K(157420K)->143677K(157420K) NonClass: 124889K(131804K)->124889K(131804K) Class: 18788K(25616K)->18788K(25616K)
[232.640s][info][gc             ] GC(312) Pause Young (Allocation Failure) 524M->145M(4046M) 11.203ms
[232.640s][info][gc,cpu         ] GC(312) User=0.00s Sys=0.00s Real=0.00s
[233.262s][info][gc,start       ] GC(313) Pause Young (Allocation Failure)
[233.262s][info][gc,task        ] GC(313) Using 6 workers of 6 for evacuation
[233.271s][info][gc,heap        ] GC(313) ParNew: 444307K->22743K(460096K)
[233.271s][info][gc,heap        ] GC(313) CMS: 113524K->122989K(3683136K)
[233.271s][info][gc,metaspace   ] GC(313) Metaspace: 143677K(157420K)->143677K(157420K) NonClass: 124889K(131804K)->124889K(131804K) Class: 18788K(25616K)->18788K(25616K)
[233.271s][info][gc             ] GC(313) Pause Young (Allocation Failure) 544M->142M(4046M) 8.945ms
[233.271s][info][gc,cpu         ] GC(313) User=0.02s Sys=0.00s Real=0.02s
[235.062s][info][gc,start       ] GC(314) Pause Young (Allocation Failure)
[235.062s][info][gc,task        ] GC(314) Using 6 workers of 6 for evacuation
[235.069s][info][gc,heap        ] GC(314) ParNew: 431767K->14449K(460096K)
[235.069s][info][gc,heap        ] GC(314) CMS: 122989K->122989K(3683136K)
[235.069s][info][gc,metaspace   ] GC(314) Metaspace: 143679K(157420K)->143679K(157420K) NonClass: 124891K(131804K)->124891K(131804K) Class: 18788K(25616K)->18788K(25616K)
[235.069s][info][gc             ] GC(314) Pause Young (Allocation Failure) 541M->134M(4046M) 7.335ms
[235.069s][info][gc,cpu         ] GC(314) User=0.00s Sys=0.00s Real=0.00s
[236.808s][info][gc,start       ] GC(315) Pause Young (GCLocker Initiated GC)
[236.808s][info][gc,task        ] GC(315) Using 6 workers of 6 for evacuation
[236.817s][info][gc,heap        ] GC(315) ParNew: 423501K->17099K(460096K)
[236.817s][info][gc,heap        ] GC(315) CMS: 122989K->122989K(3683136K)
[236.817s][info][gc,metaspace   ] GC(315) Metaspace: 143680K(157420K)->143680K(157420K) NonClass: 124891K(131804K)->124891K(131804K) Class: 18788K(25616K)->18788K(25616K)
[236.817s][info][gc             ] GC(315) Pause Young (GCLocker Initiated GC) 533M->136M(4046M) 8.967ms
[236.817s][info][gc,cpu         ] GC(315) User=0.00s Sys=0.00s Real=0.02s
[238.522s][info][gc,start       ] GC(316) Pause Young (Allocation Failure)
[238.522s][info][gc,task        ] GC(316) Using 6 workers of 6 for evacuation
[238.531s][info][gc,heap        ] GC(316) ParNew: 425181K->13368K(460096K)
[238.531s][info][gc,heap        ] GC(316) CMS: 122989K->122989K(3683136K)
[238.531s][info][gc,metaspace   ] GC(316) Metaspace: 143680K(157420K)->143680K(157420K) NonClass: 124891K(131804K)->124891K(131804K) Class: 18788K(25616K)->18788K(25616K)
[238.531s][info][gc             ] GC(316) Pause Young (Allocation Failure) 535M->133M(4046M) 9.069ms
[238.531s][info][gc,cpu         ] GC(316) User=0.02s Sys=0.00s Real=0.01s
[239.037s][info][gc,start       ] GC(317) Pause Full (System.gc())
[239.039s][info][gc,phases,start] GC(317) Phase 1: Mark live objects
[239.110s][info][gc,phases      ] GC(317) Phase 1: Mark live objects 71.803ms
[239.111s][info][gc,phases,start] GC(317) Phase 2: Compute new object addresses
[239.152s][info][gc,phases      ] GC(317) Phase 2: Compute new object addresses 41.116ms
[239.152s][info][gc,phases,start] GC(317) Phase 3: Adjust pointers
[239.198s][info][gc,phases      ] GC(317) Phase 3: Adjust pointers 45.964ms
[239.198s][info][gc,phases,start] GC(317) Phase 4: Move objects
[239.206s][info][gc,phases      ] GC(317) Phase 4: Move objects 8.567ms
[239.210s][info][gc,heap        ] GC(317) ParNew: 287913K->0K(460096K)
[239.210s][info][gc,heap        ] GC(317) CMS: 122989K->71997K(3683136K)
[239.210s][info][gc,metaspace   ] GC(317) Metaspace: 143720K(157676K)->143720K(157676K) NonClass: 124931K(132060K)->124931K(132060K) Class: 18788K(25616K)->18788K(25616K)
[239.211s][info][gc             ] GC(317) Pause Full (System.gc()) 401M->70M(4046M) 173.911ms
[239.211s][info][gc,cpu         ] GC(317) User=0.17s Sys=0.00s Real=0.17s
[239.373s][info][gc,start       ] GC(318) Pause Young (Allocation Failure)
[239.373s][info][gc,task        ] GC(318) Using 6 workers of 6 for evacuation
[239.382s][info][gc,heap        ] GC(318) ParNew: 409024K->19979K(460096K)
[239.382s][info][gc,heap        ] GC(318) CMS: 71997K->71997K(3683136K)
[239.382s][info][gc,metaspace   ] GC(318) Metaspace: 143770K(157676K)->143770K(157676K) NonClass: 124981K(132060K)->124981K(132060K) Class: 18788K(25616K)->18788K(25616K)
[239.382s][info][gc             ] GC(318) Pause Young (Allocation Failure) 469M->89M(4046M) 8.517ms
[239.382s][info][gc,cpu         ] GC(318) User=0.00s Sys=0.00s Real=0.01s
[239.553s][info][gc,start       ] GC(319) Pause Young (Allocation Failure)
[239.554s][info][gc,task        ] GC(319) Using 6 workers of 6 for evacuation
[239.563s][info][gc,heap        ] GC(319) ParNew: 428126K->47049K(460096K)
[239.563s][info][gc,heap        ] GC(319) CMS: 71997K->71997K(3683136K)
[239.563s][info][gc,metaspace   ] GC(319) Metaspace: 143770K(157676K)->143770K(157676K) NonClass: 124981K(132060K)->124981K(132060K) Class: 18788K(25616K)->18788K(25616K)
[239.563s][info][gc             ] GC(319) Pause Young (Allocation Failure) 488M->116M(4046M) 9.751ms
[239.563s][info][gc,cpu         ] GC(319) User=0.02s Sys=0.00s Real=0.02s
[239.619s][info][gc,start       ] GC(320) Pause Young (Allocation Failure)
[239.619s][info][gc,task        ] GC(320) Using 6 workers of 6 for evacuation
[239.629s][info][gc,heap        ] GC(320) ParNew: 454592K->26470K(460096K)
[239.629s][info][gc,heap        ] GC(320) CMS: 71997K->96826K(3683136K)
[239.629s][info][gc,metaspace   ] GC(320) Metaspace: 143770K(157676K)->143770K(157676K) NonClass: 124981K(132060K)->124981K(132060K) Class: 18788K(25616K)->18788K(25616K)
[239.629s][info][gc             ] GC(320) Pause Young (Allocation Failure) 514M->120M(4046M) 10.472ms
[239.629s][info][gc,cpu         ] GC(320) User=0.09s Sys=0.00s Real=0.02s
[239.825s][info][gc,start       ] GC(321) Pause Young (Allocation Failure)
[239.825s][info][gc,task        ] GC(321) Using 6 workers of 6 for evacuation
[239.833s][info][gc,heap        ] GC(321) ParNew: 435494K->23593K(460096K)
[239.833s][info][gc,heap        ] GC(321) CMS: 96826K->96826K(3683136K)
[239.833s][info][gc,metaspace   ] GC(321) Metaspace: 143770K(157676K)->143770K(157676K) NonClass: 124981K(132060K)->124981K(132060K) Class: 18788K(25616K)->18788K(25616K)
[239.833s][info][gc             ] GC(321) Pause Young (Allocation Failure) 519M->117M(4046M) 8.161ms
[239.833s][info][gc,cpu         ] GC(321) User=0.02s Sys=0.00s Real=0.02s
[239.883s][info][gc,start       ] GC(322) Pause Young (Allocation Failure)
[239.883s][info][gc,task        ] GC(322) Using 6 workers of 6 for evacuation
[239.893s][info][gc,heap        ] GC(322) ParNew: 432617K->36133K(460096K)
[239.893s][info][gc,heap        ] GC(322) CMS: 96826K->96826K(3683136K)
[239.893s][info][gc,metaspace   ] GC(322) Metaspace: 143770K(157676K)->143770K(157676K) NonClass: 124981K(132060K)->124981K(132060K) Class: 18788K(25616K)->18788K(25616K)
[239.893s][info][gc             ] GC(322) Pause Young (Allocation Failure) 517M->129M(4046M) 9.914ms
[239.893s][info][gc,cpu         ] GC(322) User=0.02s Sys=0.00s Real=0.02s
[240.079s][info][gc,start       ] GC(323) Pause Young (Allocation Failure)
[240.079s][info][gc,task        ] GC(323) Using 6 workers of 6 for evacuation
[240.090s][info][gc,heap        ] GC(323) ParNew: 445157K->34983K(460096K)
[240.090s][info][gc,heap        ] GC(323) CMS: 96826K->113609K(3683136K)
[240.090s][info][gc,metaspace   ] GC(323) Metaspace: 143770K(157676K)->143770K(157676K) NonClass: 124981K(132060K)->124981K(132060K) Class: 18788K(25616K)->18788K(25616K)
[240.090s][info][gc             ] GC(323) Pause Young (Allocation Failure) 529M->145M(4046M) 11.580ms
[240.090s][info][gc,cpu         ] GC(323) User=0.00s Sys=0.02s Real=0.02s
[240.718s][info][gc,start       ] GC(324) Pause Young (Allocation Failure)
[240.718s][info][gc,task        ] GC(324) Using 6 workers of 6 for evacuation
[240.727s][info][gc,heap        ] GC(324) ParNew: 444007K->22897K(460096K)
[240.727s][info][gc,heap        ] GC(324) CMS: 113609K->123073K(3683136K)
[240.727s][info][gc,metaspace   ] GC(324) Metaspace: 143770K(157676K)->143770K(157676K) NonClass: 124981K(132060K)->124981K(132060K) Class: 18788K(25616K)->18788K(25616K)
[240.727s][info][gc             ] GC(324) Pause Young (Allocation Failure) 544M->142M(4046M) 8.648ms
[240.727s][info][gc,cpu         ] GC(324) User=0.02s Sys=0.00s Real=0.02s
[242.536s][info][gc,start       ] GC(325) Pause Young (Allocation Failure)
[242.536s][info][gc,task        ] GC(325) Using 6 workers of 6 for evacuation
[242.543s][info][gc,heap        ] GC(325) ParNew: 431788K->15340K(460096K)
[242.543s][info][gc,heap        ] GC(325) CMS: 123073K->123073K(3683136K)
[242.543s][info][gc,metaspace   ] GC(325) Metaspace: 143771K(157676K)->143771K(157676K) NonClass: 124982K(132060K)->124982K(132060K) Class: 18788K(25616K)->18788K(25616K)
[242.543s][info][gc             ] GC(325) Pause Young (Allocation Failure) 541M->135M(4046M) 7.129ms
[242.543s][info][gc,cpu         ] GC(325) User=0.02s Sys=0.00s Real=0.00s
[244.312s][info][gc,start       ] GC(326) Pause Young (Allocation Failure)
[244.312s][info][gc,task        ] GC(326) Using 6 workers of 6 for evacuation
[244.320s][info][gc,heap        ] GC(326) ParNew: 424364K->17899K(460096K)
[244.320s][info][gc,heap        ] GC(326) CMS: 123073K->123073K(3683136K)
[244.320s][info][gc,metaspace   ] GC(326) Metaspace: 143771K(157676K)->143771K(157676K) NonClass: 124982K(132060K)->124982K(132060K) Class: 18788K(25616K)->18788K(25616K)
[244.320s][info][gc             ] GC(326) Pause Young (Allocation Failure) 534M->137M(4046M) 8.679ms
[244.320s][info][gc,cpu         ] GC(326) User=0.02s Sys=0.00s Real=0.02s
[246.019s][info][gc,start       ] GC(327) Pause Young (Allocation Failure)
[246.019s][info][gc,task        ] GC(327) Using 6 workers of 6 for evacuation
[246.025s][info][gc,heap        ] GC(327) ParNew: 423505K->13107K(460096K)
[246.025s][info][gc,heap        ] GC(327) CMS: 123073K->123073K(3683136K)
[246.025s][info][gc,metaspace   ] GC(327) Metaspace: 143771K(157676K)->143771K(157676K) NonClass: 124982K(132060K)->124982K(132060K) Class: 18788K(25616K)->18788K(25616K)
[246.025s][info][gc             ] GC(327) Pause Young (Allocation Failure) 533M->132M(4046M) 6.326ms
[246.025s][info][gc,cpu         ] GC(327) User=0.00s Sys=0.00s Real=0.00s
[246.546s][info][gc,start       ] GC(328) Pause Full (System.gc())
[246.550s][info][gc,phases,start] GC(328) Phase 1: Mark live objects
[246.622s][info][gc,phases      ] GC(328) Phase 1: Mark live objects 72.397ms
[246.622s][info][gc,phases,start] GC(328) Phase 2: Compute new object addresses
[246.664s][info][gc,phases      ] GC(328) Phase 2: Compute new object addresses 41.496ms
[246.664s][info][gc,phases,start] GC(328) Phase 3: Adjust pointers
[246.707s][info][gc,phases      ] GC(328) Phase 3: Adjust pointers 42.841ms
[246.707s][info][gc,phases,start] GC(328) Phase 4: Move objects
[246.712s][info][gc,phases      ] GC(328) Phase 4: Move objects 5.942ms
[246.716s][info][gc,heap        ] GC(328) ParNew: 281842K->0K(460096K)
[246.716s][info][gc,heap        ] GC(328) CMS: 123073K->72369K(3683136K)
[246.716s][info][gc,metaspace   ] GC(328) Metaspace: 143785K(157676K)->143785K(157676K) NonClass: 124996K(132060K)->124996K(132060K) Class: 18788K(25616K)->18788K(25616K)
[246.717s][info][gc             ] GC(328) Pause Full (System.gc()) 395M->70M(4046M) 171.325ms
[246.717s][info][gc,cpu         ] GC(328) User=0.17s Sys=0.00s Real=0.17s
[246.878s][info][gc,start       ] GC(329) Pause Young (Allocation Failure)
[246.878s][info][gc,task        ] GC(329) Using 6 workers of 6 for evacuation
[246.887s][info][gc,heap        ] GC(329) ParNew: 409024K->19323K(460096K)
[246.887s][info][gc,heap        ] GC(329) CMS: 72369K->72369K(3683136K)
[246.887s][info][gc,metaspace   ] GC(329) Metaspace: 143797K(157676K)->143797K(157676K) NonClass: 125008K(132060K)->125008K(132060K) Class: 18788K(25616K)->18788K(25616K)
[246.887s][info][gc             ] GC(329) Pause Young (Allocation Failure) 470M->89M(4046M) 8.746ms
[246.887s][info][gc,cpu         ] GC(329) User=0.00s Sys=0.00s Real=0.00s
[247.064s][info][gc,start       ] GC(330) Pause Young (Allocation Failure)
[247.064s][info][gc,task        ] GC(330) Using 6 workers of 6 for evacuation
[247.075s][info][gc,heap        ] GC(330) ParNew: 426554K->48521K(460096K)
[247.075s][info][gc,heap        ] GC(330) CMS: 72369K->76467K(3683136K)
[247.075s][info][gc,metaspace   ] GC(330) Metaspace: 143797K(157676K)->143797K(157676K) NonClass: 125008K(132060K)->125008K(132060K) Class: 18788K(25616K)->18788K(25616K)
[247.075s][info][gc             ] GC(330) Pause Young (Allocation Failure) 487M->122M(4046M) 10.936ms
[247.075s][info][gc,cpu         ] GC(330) User=0.02s Sys=0.00s Real=0.02s
[247.133s][info][gc,start       ] GC(331) Pause Young (Allocation Failure)
[247.133s][info][gc,task        ] GC(331) Using 6 workers of 6 for evacuation
[247.142s][info][gc,heap        ] GC(331) ParNew: 457545K->26140K(460096K)
[247.142s][info][gc,heap        ] GC(331) CMS: 76467K->100822K(3683136K)
[247.142s][info][gc,metaspace   ] GC(331) Metaspace: 143797K(157676K)->143797K(157676K) NonClass: 125008K(132060K)->125008K(132060K) Class: 18788K(25616K)->18788K(25616K)
[247.143s][info][gc             ] GC(331) Pause Young (Allocation Failure) 521M->123M(4046M) 10.004ms
[247.143s][info][gc,cpu         ] GC(331) User=0.02s Sys=0.00s Real=0.00s
[247.342s][info][gc,start       ] GC(332) Pause Young (Allocation Failure)
[247.342s][info][gc,task        ] GC(332) Using 6 workers of 6 for evacuation
[247.350s][info][gc,heap        ] GC(332) ParNew: 435164K->23281K(460096K)
[247.350s][info][gc,heap        ] GC(332) CMS: 100822K->100822K(3683136K)
[247.350s][info][gc,metaspace   ] GC(332) Metaspace: 143797K(157676K)->143797K(157676K) NonClass: 125008K(132060K)->125008K(132060K) Class: 18788K(25616K)->18788K(25616K)
[247.350s][info][gc             ] GC(332) Pause Young (Allocation Failure) 523M->121M(4046M) 8.379ms
[247.350s][info][gc,cpu         ] GC(332) User=0.02s Sys=0.00s Real=0.02s
[247.401s][info][gc,start       ] GC(333) Pause Young (GCLocker Initiated GC)
[247.401s][info][gc,task        ] GC(333) Using 6 workers of 6 for evacuation
[247.411s][info][gc,heap        ] GC(333) ParNew: 436541K->41589K(460096K)
[247.411s][info][gc,heap        ] GC(333) CMS: 100822K->100822K(3683136K)
[247.411s][info][gc,metaspace   ] GC(333) Metaspace: 143797K(157676K)->143797K(157676K) NonClass: 125008K(132060K)->125008K(132060K) Class: 18788K(25616K)->18788K(25616K)
[247.411s][info][gc             ] GC(333) Pause Young (GCLocker Initiated GC) 524M->139M(4046M) 9.773ms
[247.411s][info][gc,cpu         ] GC(333) User=0.02s Sys=0.00s Real=0.01s
[247.600s][info][gc,start       ] GC(334) Pause Young (Allocation Failure)
[247.600s][info][gc,task        ] GC(334) Using 6 workers of 6 for evacuation
[247.611s][info][gc,heap        ] GC(334) ParNew: 450613K->35651K(460096K)
[247.611s][info][gc,heap        ] GC(334) CMS: 100822K->118073K(3683136K)
[247.611s][info][gc,metaspace   ] GC(334) Metaspace: 143797K(157676K)->143797K(157676K) NonClass: 125008K(132060K)->125008K(132060K) Class: 18788K(25616K)->18788K(25616K)
[247.611s][info][gc             ] GC(334) Pause Young (Allocation Failure) 538M->150M(4046M) 11.348ms
[247.611s][info][gc,cpu         ] GC(334) User=0.02s Sys=0.00s Real=0.02s
[248.270s][info][gc,start       ] GC(335) Pause Young (Allocation Failure)
[248.270s][info][gc,task        ] GC(335) Using 6 workers of 6 for evacuation
[248.278s][info][gc,heap        ] GC(335) ParNew: 444675K->19315K(460096K)
[248.278s][info][gc,heap        ] GC(335) CMS: 118073K->127538K(3683136K)
[248.278s][info][gc,metaspace   ] GC(335) Metaspace: 143797K(157676K)->143797K(157676K) NonClass: 125008K(132060K)->125008K(132060K) Class: 18788K(25616K)->18788K(25616K)
[248.278s][info][gc             ] GC(335) Pause Young (Allocation Failure) 549M->143M(4046M) 8.141ms
[248.278s][info][gc,cpu         ] GC(335) User=0.02s Sys=0.00s Real=0.02s
[250.070s][info][gc,start       ] GC(336) Pause Young (Allocation Failure)
[250.070s][info][gc,task        ] GC(336) Using 6 workers of 6 for evacuation
[250.079s][info][gc,heap        ] GC(336) ParNew: 428339K->16627K(460096K)
[250.079s][info][gc,heap        ] GC(336) CMS: 127538K->127538K(3683136K)
[250.079s][info][gc,metaspace   ] GC(336) Metaspace: 143797K(157676K)->143797K(157676K) NonClass: 125008K(132060K)->125008K(132060K) Class: 18788K(25616K)->18788K(25616K)
[250.079s][info][gc             ] GC(336) Pause Young (Allocation Failure) 542M->140M(4046M) 8.884ms
[250.079s][info][gc,cpu         ] GC(336) User=0.00s Sys=0.00s Real=0.02s
[251.857s][info][gc,start       ] GC(337) Pause Young (Allocation Failure)
[251.857s][info][gc,task        ] GC(337) Using 6 workers of 6 for evacuation
[251.865s][info][gc,heap        ] GC(337) ParNew: 425651K->16638K(460096K)
[251.865s][info][gc,heap        ] GC(337) CMS: 127538K->127538K(3683136K)
[251.865s][info][gc,metaspace   ] GC(337) Metaspace: 143797K(157676K)->143797K(157676K) NonClass: 125008K(132060K)->125008K(132060K) Class: 18788K(25616K)->18788K(25616K)
[251.865s][info][gc             ] GC(337) Pause Young (Allocation Failure) 540M->140M(4046M) 8.208ms
[251.866s][info][gc,cpu         ] GC(337) User=0.00s Sys=0.00s Real=0.00s
[253.545s][info][gc,start       ] GC(338) Pause Young (Allocation Failure)
[253.545s][info][gc,task        ] GC(338) Using 6 workers of 6 for evacuation
[253.551s][info][gc,heap        ] GC(338) ParNew: 423008K->12268K(460096K)
[253.551s][info][gc,heap        ] GC(338) CMS: 127538K->127538K(3683136K)
[253.551s][info][gc,metaspace   ] GC(338) Metaspace: 143797K(157676K)->143797K(157676K) NonClass: 125008K(132060K)->125008K(132060K) Class: 18788K(25616K)->18788K(25616K)
[253.551s][info][gc             ] GC(338) Pause Young (Allocation Failure) 537M->136M(4046M) 6.928ms
[253.552s][info][gc,cpu         ] GC(338) User=0.02s Sys=0.00s Real=0.02s
[254.057s][info][gc,start       ] GC(339) Pause Full (System.gc())
[254.059s][info][gc,phases,start] GC(339) Phase 1: Mark live objects
[254.132s][info][gc,phases      ] GC(339) Phase 1: Mark live objects 72.339ms
[254.132s][info][gc,phases,start] GC(339) Phase 2: Compute new object addresses
[254.173s][info][gc,phases      ] GC(339) Phase 2: Compute new object addresses 41.061ms
[254.173s][info][gc,phases,start] GC(339) Phase 3: Adjust pointers
[254.216s][info][gc,phases      ] GC(339) Phase 3: Adjust pointers 43.316ms
[254.216s][info][gc,phases,start] GC(339) Phase 4: Move objects
[254.221s][info][gc,phases      ] GC(339) Phase 4: Move objects 5.180ms
[254.225s][info][gc,heap        ] GC(339) ParNew: 282231K->0K(460096K)
[254.225s][info][gc,heap        ] GC(339) CMS: 127538K->72476K(3683136K)
[254.225s][info][gc,metaspace   ] GC(339) Metaspace: 143886K(157676K)->143886K(157676K) NonClass: 125097K(132060K)->125097K(132060K) Class: 18788K(25616K)->18788K(25616K)
[254.226s][info][gc             ] GC(339) Pause Full (System.gc()) 400M->70M(4046M) 168.829ms
[254.226s][info][gc,cpu         ] GC(339) User=0.17s Sys=0.00s Real=0.17s
[254.383s][info][gc,start       ] GC(340) Pause Young (Allocation Failure)
[254.383s][info][gc,task        ] GC(340) Using 6 workers of 6 for evacuation
[254.392s][info][gc,heap        ] GC(340) ParNew: 409024K->19400K(460096K)
[254.392s][info][gc,heap        ] GC(340) CMS: 72476K->72476K(3683136K)
[254.392s][info][gc,metaspace   ] GC(340) Metaspace: 143901K(157676K)->143901K(157676K) NonClass: 125113K(132060K)->125113K(132060K) Class: 18788K(25616K)->18788K(25616K)
[254.392s][info][gc             ] GC(340) Pause Young (Allocation Failure) 470M->89M(4046M) 9.330ms
[254.392s][info][gc,cpu         ] GC(340) User=0.02s Sys=0.00s Real=0.01s
[254.569s][info][gc,start       ] GC(341) Pause Young (Allocation Failure)
[254.569s][info][gc,task        ] GC(341) Using 6 workers of 6 for evacuation
[254.579s][info][gc,heap        ] GC(341) ParNew: 427925K->43093K(460096K)
[254.579s][info][gc,heap        ] GC(341) CMS: 72476K->72476K(3683136K)
[254.579s][info][gc,metaspace   ] GC(341) Metaspace: 143901K(157676K)->143901K(157676K) NonClass: 125113K(132060K)->125113K(132060K) Class: 18788K(25616K)->18788K(25616K)
[254.579s][info][gc             ] GC(341) Pause Young (Allocation Failure) 488M->112M(4046M) 9.865ms
[254.579s][info][gc,cpu         ] GC(341) User=0.00s Sys=0.00s Real=0.00s
[254.631s][info][gc,start       ] GC(342) Pause Young (Allocation Failure)
[254.631s][info][gc,task        ] GC(342) Using 6 workers of 6 for evacuation
[254.643s][info][gc,heap        ] GC(342) ParNew: 450849K->34599K(460096K)
[254.643s][info][gc,heap        ] GC(342) CMS: 72476K->97309K(3683136K)
[254.643s][info][gc,metaspace   ] GC(342) Metaspace: 143901K(157676K)->143901K(157676K) NonClass: 125113K(132060K)->125113K(132060K) Class: 18788K(25616K)->18788K(25616K)
[254.643s][info][gc             ] GC(342) Pause Young (Allocation Failure) 511M->128M(4046M) 11.962ms
[254.643s][info][gc,cpu         ] GC(342) User=0.05s Sys=0.00s Real=0.02s
[254.843s][info][gc,start       ] GC(343) Pause Young (Allocation Failure)
[254.843s][info][gc,task        ] GC(343) Using 6 workers of 6 for evacuation
[254.851s][info][gc,heap        ] GC(343) ParNew: 443623K->23348K(460096K)
[254.851s][info][gc,heap        ] GC(343) CMS: 97309K->97309K(3683136K)
[254.851s][info][gc,metaspace   ] GC(343) Metaspace: 143901K(157676K)->143901K(157676K) NonClass: 125113K(132060K)->125113K(132060K) Class: 18788K(25616K)->18788K(25616K)
[254.851s][info][gc             ] GC(343) Pause Young (Allocation Failure) 528M->117M(4046M) 7.934ms
[254.851s][info][gc,cpu         ] GC(343) User=0.00s Sys=0.00s Real=0.00s
[254.901s][info][gc,start       ] GC(344) Pause Young (Allocation Failure)
[254.902s][info][gc,task        ] GC(344) Using 6 workers of 6 for evacuation
[254.910s][info][gc,heap        ] GC(344) ParNew: 432372K->32248K(460096K)
[254.910s][info][gc,heap        ] GC(344) CMS: 97309K->97309K(3683136K)
[254.910s][info][gc,metaspace   ] GC(344) Metaspace: 143901K(157676K)->143901K(157676K) NonClass: 125113K(132060K)->125113K(132060K) Class: 18788K(25616K)->18788K(25616K)
[254.910s][info][gc             ] GC(344) Pause Young (Allocation Failure) 517M->126M(4046M) 8.767ms
[254.910s][info][gc,cpu         ] GC(344) User=0.00s Sys=0.00s Real=0.00s
[255.088s][info][gc,start       ] GC(345) Pause Young (Allocation Failure)
[255.088s][info][gc,task        ] GC(345) Using 6 workers of 6 for evacuation
[255.099s][info][gc,heap        ] GC(345) ParNew: 441091K->36788K(460096K)
[255.099s][info][gc,heap        ] GC(345) CMS: 97309K->114190K(3683136K)
[255.099s][info][gc,metaspace   ] GC(345) Metaspace: 143901K(157676K)->143901K(157676K) NonClass: 125113K(132060K)->125113K(132060K) Class: 18788K(25616K)->18788K(25616K)
[255.099s][info][gc             ] GC(345) Pause Young (Allocation Failure) 525M->147M(4046M) 11.307ms
[255.099s][info][gc,cpu         ] GC(345) User=0.00s Sys=0.00s Real=0.01s
[255.731s][info][gc,start       ] GC(346) Pause Young (Allocation Failure)
[255.731s][info][gc,task        ] GC(346) Using 6 workers of 6 for evacuation
[255.740s][info][gc,heap        ] GC(346) ParNew: 444872K->18781K(460096K)
[255.740s][info][gc,heap        ] GC(346) CMS: 114190K->123655K(3683136K)
[255.740s][info][gc,metaspace   ] GC(346) Metaspace: 143901K(157676K)->143901K(157676K) NonClass: 125113K(132060K)->125113K(132060K) Class: 18788K(25616K)->18788K(25616K)
[255.740s][info][gc             ] GC(346) Pause Young (Allocation Failure) 545M->139M(4046M) 8.674ms
[255.740s][info][gc,cpu         ] GC(346) User=0.00s Sys=0.00s Real=0.00s
[257.535s][info][gc,start       ] GC(347) Pause Young (Allocation Failure)
[257.535s][info][gc,task        ] GC(347) Using 6 workers of 6 for evacuation
[257.542s][info][gc,heap        ] GC(347) ParNew: 427805K->17047K(460096K)
[257.542s][info][gc,heap        ] GC(347) CMS: 123655K->123655K(3683136K)
[257.542s][info][gc,metaspace   ] GC(347) Metaspace: 143901K(157676K)->143901K(157676K) NonClass: 125113K(132060K)->125113K(132060K) Class: 18788K(25616K)->18788K(25616K)
[257.542s][info][gc             ] GC(347) Pause Young (Allocation Failure) 538M->137M(4046M) 7.182ms
[257.542s][info][gc,cpu         ] GC(347) User=0.02s Sys=0.00s Real=0.02s
[259.295s][info][gc,start       ] GC(348) Pause Young (Allocation Failure)
[259.295s][info][gc,task        ] GC(348) Using 6 workers of 6 for evacuation
[259.303s][info][gc,heap        ] GC(348) ParNew: 426071K->18884K(460096K)
[259.303s][info][gc,heap        ] GC(348) CMS: 123655K->123655K(3683136K)
[259.303s][info][gc,metaspace   ] GC(348) Metaspace: 143901K(157676K)->143901K(157676K) NonClass: 125113K(132060K)->125113K(132060K) Class: 18788K(25616K)->18788K(25616K)
[259.303s][info][gc             ] GC(348) Pause Young (Allocation Failure) 536M->139M(4046M) 8.441ms
[259.303s][info][gc,cpu         ] GC(348) User=0.00s Sys=0.00s Real=0.01s
[260.991s][info][gc,start       ] GC(349) Pause Young (Allocation Failure)
[260.991s][info][gc,task        ] GC(349) Using 6 workers of 6 for evacuation
[260.998s][info][gc,heap        ] GC(349) ParNew: 424902K->15055K(460096K)
[260.998s][info][gc,heap        ] GC(349) CMS: 123655K->123655K(3683136K)
[260.998s][info][gc,metaspace   ] GC(349) Metaspace: 143901K(157676K)->143901K(157676K) NonClass: 125113K(132060K)->125113K(132060K) Class: 18788K(25616K)->18788K(25616K)
[260.998s][info][gc             ] GC(349) Pause Young (Allocation Failure) 535M->135M(4046M) 6.843ms
[260.998s][info][gc,cpu         ] GC(349) User=0.00s Sys=0.00s Real=0.00s
[261.511s][info][gc,start       ] GC(350) Pause Full (System.gc())
[261.513s][info][gc,phases,start] GC(350) Phase 1: Mark live objects
[261.585s][info][gc,phases      ] GC(350) Phase 1: Mark live objects 72.476ms
[261.585s][info][gc,phases,start] GC(350) Phase 2: Compute new object addresses
[261.626s][info][gc,phases      ] GC(350) Phase 2: Compute new object addresses 40.958ms
[261.626s][info][gc,phases,start] GC(350) Phase 3: Adjust pointers
[261.670s][info][gc,phases      ] GC(350) Phase 3: Adjust pointers 43.763ms
[261.670s][info][gc,phases,start] GC(350) Phase 4: Move objects
[261.679s][info][gc,phases      ] GC(350) Phase 4: Move objects 8.566ms
[261.682s][info][gc,heap        ] GC(350) ParNew: 283096K->0K(460096K)
[261.682s][info][gc,heap        ] GC(350) CMS: 123655K->72851K(3683136K)
[261.683s][info][gc,metaspace   ] GC(350) Metaspace: 143910K(157676K)->143910K(157676K) NonClass: 125122K(132060K)->125122K(132060K) Class: 18788K(25616K)->18788K(25616K)
[261.683s][info][gc             ] GC(350) Pause Full (System.gc()) 397M->71M(4046M) 172.411ms
[261.683s][info][gc,cpu         ] GC(350) User=0.17s Sys=0.00s Real=0.17s
[261.842s][info][gc,start       ] GC(351) Pause Young (Allocation Failure)
[261.842s][info][gc,task        ] GC(351) Using 6 workers of 6 for evacuation
[261.850s][info][gc,heap        ] GC(351) ParNew: 409024K->19659K(460096K)
[261.850s][info][gc,heap        ] GC(351) CMS: 72851K->72851K(3683136K)
[261.850s][info][gc,metaspace   ] GC(351) Metaspace: 143960K(157676K)->143960K(157676K) NonClass: 125171K(132060K)->125171K(132060K) Class: 18788K(25616K)->18788K(25616K)
[261.850s][info][gc             ] GC(351) Pause Young (Allocation Failure) 470M->90M(4046M) 8.426ms
[261.850s][info][gc,cpu         ] GC(351) User=0.00s Sys=0.00s Real=0.00s
[262.027s][info][gc,start       ] GC(352) Pause Young (Allocation Failure)
[262.027s][info][gc,task        ] GC(352) Using 6 workers of 6 for evacuation
[262.037s][info][gc,heap        ] GC(352) ParNew: 428683K->45251K(460096K)
[262.037s][info][gc,heap        ] GC(352) CMS: 72851K->72851K(3683136K)
[262.037s][info][gc,metaspace   ] GC(352) Metaspace: 143960K(157676K)->143960K(157676K) NonClass: 125171K(132060K)->125171K(132060K) Class: 18788K(25616K)->18788K(25616K)
[262.037s][info][gc             ] GC(352) Pause Young (Allocation Failure) 489M->115M(4046M) 10.239ms
[262.037s][info][gc,cpu         ] GC(352) User=0.02s Sys=0.00s Real=0.02s
[262.092s][info][gc,start       ] GC(353) Pause Young (Allocation Failure)
[262.092s][info][gc,task        ] GC(353) Using 6 workers of 6 for evacuation
[262.102s][info][gc,heap        ] GC(353) ParNew: 454275K->30571K(460096K)
[262.102s][info][gc,heap        ] GC(353) CMS: 72851K->97214K(3683136K)
[262.102s][info][gc,metaspace   ] GC(353) Metaspace: 143960K(157676K)->143960K(157676K) NonClass: 125171K(132060K)->125171K(132060K) Class: 18788K(25616K)->18788K(25616K)
[262.102s][info][gc             ] GC(353) Pause Young (Allocation Failure) 514M->124M(4046M) 10.650ms
[262.102s][info][gc,cpu         ] GC(353) User=0.02s Sys=0.00s Real=0.00s
[262.297s][info][gc,start       ] GC(354) Pause Young (Allocation Failure)
[262.297s][info][gc,task        ] GC(354) Using 6 workers of 6 for evacuation
[262.304s][info][gc,heap        ] GC(354) ParNew: 439595K->23437K(460096K)
[262.305s][info][gc,heap        ] GC(354) CMS: 97214K->97214K(3683136K)
[262.305s][info][gc,metaspace   ] GC(354) Metaspace: 143960K(157676K)->143960K(157676K) NonClass: 125171K(132060K)->125171K(132060K) Class: 18788K(25616K)->18788K(25616K)
[262.305s][info][gc             ] GC(354) Pause Young (Allocation Failure) 524M->117M(4046M) 7.394ms
[262.305s][info][gc,cpu         ] GC(354) User=0.00s Sys=0.00s Real=0.00s
[262.355s][info][gc,start       ] GC(355) Pause Young (Allocation Failure)
[262.355s][info][gc,task        ] GC(355) Using 6 workers of 6 for evacuation
[262.365s][info][gc,heap        ] GC(355) ParNew: 429630K->49566K(460096K)
[262.365s][info][gc,heap        ] GC(355) CMS: 97214K->97214K(3683136K)
[262.365s][info][gc,metaspace   ] GC(355) Metaspace: 143960K(157676K)->143960K(157676K) NonClass: 125171K(132060K)->125171K(132060K) Class: 18788K(25616K)->18788K(25616K)
[262.365s][info][gc             ] GC(355) Pause Young (Allocation Failure) 514M->143M(4046M) 10.108ms
[262.365s][info][gc,cpu         ] GC(355) User=0.02s Sys=0.00s Real=0.01s
[262.537s][info][gc,start       ] GC(356) Pause Young (Allocation Failure)
[262.537s][info][gc,task        ] GC(356) Using 6 workers of 6 for evacuation
[262.548s][info][gc,heap        ] GC(356) ParNew: 458590K->34365K(460096K)
[262.548s][info][gc,heap        ] GC(356) CMS: 97214K->114477K(3683136K)
[262.548s][info][gc,metaspace   ] GC(356) Metaspace: 143960K(157676K)->143960K(157676K) NonClass: 125171K(132060K)->125171K(132060K) Class: 18788K(25616K)->18788K(25616K)
[262.548s][info][gc             ] GC(356) Pause Young (Allocation Failure) 542M->145M(4046M) 11.157ms
[262.548s][info][gc,cpu         ] GC(356) User=0.02s Sys=0.00s Real=0.02s
[263.169s][info][gc,start       ] GC(357) Pause Young (GCLocker Initiated GC)
[263.169s][info][gc,task        ] GC(357) Using 6 workers of 6 for evacuation
[263.178s][info][gc,heap        ] GC(357) ParNew: 443498K->21695K(460096K)
[263.178s][info][gc,heap        ] GC(357) CMS: 114477K->123940K(3683136K)
[263.178s][info][gc,metaspace   ] GC(357) Metaspace: 143960K(157676K)->143960K(157676K) NonClass: 125171K(132060K)->125171K(132060K) Class: 18788K(25616K)->18788K(25616K)
[263.178s][info][gc             ] GC(357) Pause Young (GCLocker Initiated GC) 544M->142M(4046M) 8.584ms
[263.178s][info][gc,cpu         ] GC(357) User=0.03s Sys=0.00s Real=0.02s
[264.980s][info][gc,start       ] GC(358) Pause Young (Allocation Failure)
[264.980s][info][gc,task        ] GC(358) Using 6 workers of 6 for evacuation
[264.986s][info][gc,heap        ] GC(358) ParNew: 430353K->11056K(460096K)
[264.986s][info][gc,heap        ] GC(358) CMS: 123940K->123940K(3683136K)
[264.986s][info][gc,metaspace   ] GC(358) Metaspace: 143960K(157676K)->143960K(157676K) NonClass: 125171K(132060K)->125171K(132060K) Class: 18788K(25616K)->18788K(25616K)
[264.986s][info][gc             ] GC(358) Pause Young (Allocation Failure) 541M->131M(4046M) 6.676ms
[264.986s][info][gc,cpu         ] GC(358) User=0.00s Sys=0.00s Real=0.00s
[266.723s][info][gc,start       ] GC(359) Pause Young (GCLocker Initiated GC)
[266.723s][info][gc,task        ] GC(359) Using 6 workers of 6 for evacuation
[266.731s][info][gc,heap        ] GC(359) ParNew: 420082K->16171K(460096K)
[266.731s][info][gc,heap        ] GC(359) CMS: 123940K->123940K(3683136K)
[266.731s][info][gc,metaspace   ] GC(359) Metaspace: 143960K(157676K)->143960K(157676K) NonClass: 125171K(132060K)->125171K(132060K) Class: 18788K(25616K)->18788K(25616K)
[266.731s][info][gc             ] GC(359) Pause Young (GCLocker Initiated GC) 531M->136M(4046M) 7.429ms
[266.731s][info][gc,cpu         ] GC(359) User=0.02s Sys=0.00s Real=0.01s
[268.375s][info][gc,start       ] GC(360) Pause Young (Allocation Failure)
[268.375s][info][gc,task        ] GC(360) Using 6 workers of 6 for evacuation
[268.383s][info][gc,heap        ] GC(360) ParNew: 425195K->12494K(460096K)
[268.383s][info][gc,heap        ] GC(360) CMS: 123940K->123940K(3683136K)
[268.383s][info][gc,metaspace   ] GC(360) Metaspace: 143960K(157676K)->143960K(157676K) NonClass: 125171K(132060K)->125171K(132060K) Class: 18788K(25616K)->18788K(25616K)
[268.383s][info][gc             ] GC(360) Pause Young (Allocation Failure) 536M->133M(4046M) 8.195ms
[268.383s][info][gc,cpu         ] GC(360) User=0.00s Sys=0.00s Real=0.00s
[268.970s][info][gc,start       ] GC(361) Pause Full (System.gc())
[268.972s][info][gc,phases,start] GC(361) Phase 1: Mark live objects
[269.045s][info][gc,phases      ] GC(361) Phase 1: Mark live objects 72.881ms
[269.045s][info][gc,phases,start] GC(361) Phase 2: Compute new object addresses
[269.086s][info][gc,phases      ] GC(361) Phase 2: Compute new object addresses 41.480ms
[269.086s][info][gc,phases,start] GC(361) Phase 3: Adjust pointers
[269.129s][info][gc,phases      ] GC(361) Phase 3: Adjust pointers 43.363ms
[269.129s][info][gc,phases,start] GC(361) Phase 4: Move objects
[269.136s][info][gc,phases      ] GC(361) Phase 4: Move objects 6.010ms
[269.139s][info][gc,heap        ] GC(361) ParNew: 288604K->0K(460096K)
[269.139s][info][gc,heap        ] GC(361) CMS: 123940K->72941K(3683136K)
[269.139s][info][gc,metaspace   ] GC(361) Metaspace: 143986K(157932K)->143986K(157932K) NonClass: 125197K(132316K)->125197K(132316K) Class: 18788K(25616K)->18788K(25616K)
[269.140s][info][gc             ] GC(361) Pause Full (System.gc()) 402M->71M(4046M) 170.569ms
[269.140s][info][gc,cpu         ] GC(361) User=0.16s Sys=0.00s Real=0.17s
[269.300s][info][gc,start       ] GC(362) Pause Young (Allocation Failure)
[269.300s][info][gc,task        ] GC(362) Using 6 workers of 6 for evacuation
[269.308s][info][gc,heap        ] GC(362) ParNew: 409024K->19816K(460096K)
[269.308s][info][gc,heap        ] GC(362) CMS: 72941K->72941K(3683136K)
[269.308s][info][gc,metaspace   ] GC(362) Metaspace: 143995K(157932K)->143995K(157932K) NonClass: 125207K(132316K)->125207K(132316K) Class: 18788K(25616K)->18788K(25616K)
[269.308s][info][gc             ] GC(362) Pause Young (Allocation Failure) 470M->90M(4046M) 7.949ms
[269.308s][info][gc,cpu         ] GC(362) User=0.00s Sys=0.00s Real=0.00s
[269.482s][info][gc,start       ] GC(363) Pause Young (Allocation Failure)
[269.482s][info][gc,task        ] GC(363) Using 6 workers of 6 for evacuation
[269.492s][info][gc,heap        ] GC(363) ParNew: 427637K->42874K(460096K)
[269.492s][info][gc,heap        ] GC(363) CMS: 72941K->72941K(3683136K)
[269.492s][info][gc,metaspace   ] GC(363) Metaspace: 143995K(157932K)->143995K(157932K) NonClass: 125207K(132316K)->125207K(132316K) Class: 18788K(25616K)->18788K(25616K)
[269.492s][info][gc             ] GC(363) Pause Young (Allocation Failure) 488M->113M(4046M) 9.498ms
[269.492s][info][gc,cpu         ] GC(363) User=0.02s Sys=0.00s Real=0.01s
[269.544s][info][gc,start       ] GC(364) Pause Young (Allocation Failure)
[269.544s][info][gc,task        ] GC(364) Using 6 workers of 6 for evacuation
[269.554s][info][gc,heap        ] GC(364) ParNew: 448113K->30763K(460096K)
[269.554s][info][gc,heap        ] GC(364) CMS: 72941K->97534K(3683136K)
[269.554s][info][gc,metaspace   ] GC(364) Metaspace: 143995K(157932K)->143995K(157932K) NonClass: 125207K(132316K)->125207K(132316K) Class: 18788K(25616K)->18788K(25616K)
[269.554s][info][gc             ] GC(364) Pause Young (Allocation Failure) 508M->125M(4046M) 10.248ms
[269.554s][info][gc,cpu         ] GC(364) User=0.02s Sys=0.00s Real=0.02s
[269.752s][info][gc,start       ] GC(365) Pause Young (Allocation Failure)
[269.752s][info][gc,task        ] GC(365) Using 6 workers of 6 for evacuation
[269.759s][info][gc,heap        ] GC(365) ParNew: 439787K->26903K(460096K)
[269.759s][info][gc,heap        ] GC(365) CMS: 97534K->97534K(3683136K)
[269.759s][info][gc,metaspace   ] GC(365) Metaspace: 143995K(157932K)->143995K(157932K) NonClass: 125207K(132316K)->125207K(132316K) Class: 18788K(25616K)->18788K(25616K)
[269.759s][info][gc             ] GC(365) Pause Young (Allocation Failure) 524M->121M(4046M) 7.582ms
[269.759s][info][gc,cpu         ] GC(365) User=0.00s Sys=0.00s Real=0.00s
[269.810s][info][gc,start       ] GC(366) Pause Young (Allocation Failure)
[269.810s][info][gc,task        ] GC(366) Using 6 workers of 6 for evacuation
[269.819s][info][gc,heap        ] GC(366) ParNew: 435927K->42561K(460096K)
[269.819s][info][gc,heap        ] GC(366) CMS: 97534K->97534K(3683136K)
[269.819s][info][gc,metaspace   ] GC(366) Metaspace: 143995K(157932K)->143995K(157932K) NonClass: 125207K(132316K)->125207K(132316K) Class: 18788K(25616K)->18788K(25616K)
[269.819s][info][gc             ] GC(366) Pause Young (Allocation Failure) 520M->136M(4046M) 9.293ms
[269.819s][info][gc,cpu         ] GC(366) User=0.02s Sys=0.00s Real=0.02s
[270.005s][info][gc,start       ] GC(367) Pause Young (Allocation Failure)
[270.006s][info][gc,task        ] GC(367) Using 6 workers of 6 for evacuation
[270.016s][info][gc,heap        ] GC(367) ParNew: 451585K->36996K(460096K)
[270.016s][info][gc,heap        ] GC(367) CMS: 97534K->114653K(3683136K)
[270.016s][info][gc,metaspace   ] GC(367) Metaspace: 143995K(157932K)->143995K(157932K) NonClass: 125207K(132316K)->125207K(132316K) Class: 18788K(25616K)->18788K(25616K)
[270.016s][info][gc             ] GC(367) Pause Young (Allocation Failure) 536M->148M(4046M) 10.833ms
[270.016s][info][gc,cpu         ] GC(367) User=0.00s Sys=0.00s Real=0.00s
[270.637s][info][gc,start       ] GC(368) Pause Young (Allocation Failure)
[270.637s][info][gc,task        ] GC(368) Using 6 workers of 6 for evacuation
[270.645s][info][gc,heap        ] GC(368) ParNew: 446020K->18632K(460096K)
[270.645s][info][gc,heap        ] GC(368) CMS: 114653K->124118K(3683136K)
[270.645s][info][gc,metaspace   ] GC(368) Metaspace: 143997K(157932K)->143997K(157932K) NonClass: 125208K(132316K)->125208K(132316K) Class: 18788K(25616K)->18788K(25616K)
[270.645s][info][gc             ] GC(368) Pause Young (Allocation Failure) 547M->139M(4046M) 8.734ms
[270.645s][info][gc,cpu         ] GC(368) User=0.00s Sys=0.00s Real=0.00s
[272.444s][info][gc,start       ] GC(369) Pause Young (Allocation Failure)
[272.444s][info][gc,task        ] GC(369) Using 6 workers of 6 for evacuation
[272.453s][info][gc,heap        ] GC(369) ParNew: 427690K->18930K(460096K)
[272.453s][info][gc,heap        ] GC(369) CMS: 124118K->124118K(3683136K)
[272.453s][info][gc,metaspace   ] GC(369) Metaspace: 143997K(157932K)->143997K(157932K) NonClass: 125208K(132316K)->125208K(132316K) Class: 18788K(25616K)->18788K(25616K)
[272.453s][info][gc             ] GC(369) Pause Young (Allocation Failure) 538M->139M(4046M) 8.969ms
[272.453s][info][gc,cpu         ] GC(369) User=0.03s Sys=0.00s Real=0.02s
[274.200s][info][gc,start       ] GC(370) Pause Young (GCLocker Initiated GC)
[274.200s][info][gc,task        ] GC(370) Using 6 workers of 6 for evacuation
[274.210s][info][gc,heap        ] GC(370) ParNew: 427995K->18262K(460096K)
[274.210s][info][gc,heap        ] GC(370) CMS: 124118K->124118K(3683136K)
[274.210s][info][gc,metaspace   ] GC(370) Metaspace: 143997K(157932K)->143997K(157932K) NonClass: 125208K(132316K)->125208K(132316K) Class: 18788K(25616K)->18788K(25616K)
[274.210s][info][gc             ] GC(370) Pause Young (GCLocker Initiated GC) 539M->139M(4046M) 9.713ms
[274.210s][info][gc,cpu         ] GC(370) User=0.02s Sys=0.00s Real=0.02s
[275.889s][info][gc,start       ] GC(371) Pause Young (Allocation Failure)
[275.889s][info][gc,task        ] GC(371) Using 6 workers of 6 for evacuation
[275.896s][info][gc,heap        ] GC(371) ParNew: 427286K->14744K(460096K)
[275.896s][info][gc,heap        ] GC(371) CMS: 124118K->124118K(3683136K)
[275.896s][info][gc,metaspace   ] GC(371) Metaspace: 143997K(157932K)->143997K(157932K) NonClass: 125208K(132316K)->125208K(132316K) Class: 18788K(25616K)->18788K(25616K)
[275.896s][info][gc             ] GC(371) Pause Young (Allocation Failure) 538M->135M(4046M) 7.221ms
[275.896s][info][gc,cpu         ] GC(371) User=0.00s Sys=0.00s Real=0.00s
[276.405s][info][gc,start       ] GC(372) Pause Full (System.gc())
[276.410s][info][gc,phases,start] GC(372) Phase 1: Mark live objects
[276.484s][info][gc,phases      ] GC(372) Phase 1: Mark live objects 73.749ms
[276.484s][info][gc,phases,start] GC(372) Phase 2: Compute new object addresses
[276.525s][info][gc,phases      ] GC(372) Phase 2: Compute new object addresses 41.126ms
[276.525s][info][gc,phases,start] GC(372) Phase 3: Adjust pointers
[276.568s][info][gc,phases      ] GC(372) Phase 3: Adjust pointers 43.056ms
[276.568s][info][gc,phases,start] GC(372) Phase 4: Move objects
[276.573s][info][gc,phases      ] GC(372) Phase 4: Move objects 5.064ms
[276.577s][info][gc,heap        ] GC(372) ParNew: 282711K->0K(460096K)
[276.577s][info][gc,heap        ] GC(372) CMS: 124118K->73311K(3683136K)
[276.577s][info][gc,metaspace   ] GC(372) Metaspace: 144006K(157932K)->144006K(157932K) NonClass: 125215K(132316K)->125215K(132316K) Class: 18790K(25616K)->18790K(25616K)
[276.577s][info][gc             ] GC(372) Pause Full (System.gc()) 397M->71M(4046M) 172.585ms
[276.578s][info][gc,cpu         ] GC(372) User=0.16s Sys=0.00s Real=0.17s
[276.716s][info][gc,start       ] GC(373) Pause Young (Allocation Failure)
[276.716s][info][gc,task        ] GC(373) Using 6 workers of 6 for evacuation
[276.724s][info][gc,heap        ] GC(373) ParNew: 409024K->19537K(460096K)
[276.724s][info][gc,heap        ] GC(373) CMS: 73311K->73311K(3683136K)
[276.724s][info][gc,metaspace   ] GC(373) Metaspace: 144013K(157932K)->144013K(157932K) NonClass: 125222K(132316K)->125222K(132316K) Class: 18790K(25616K)->18790K(25616K)
[276.724s][info][gc             ] GC(373) Pause Young (Allocation Failure) 471M->90M(4046M) 8.371ms
[276.724s][info][gc,cpu         ] GC(373) User=0.03s Sys=0.00s Real=0.02s
[276.893s][info][gc,start       ] GC(374) Pause Young (Allocation Failure)
[276.893s][info][gc,task        ] GC(374) Using 6 workers of 6 for evacuation
[276.902s][info][gc,heap        ] GC(374) ParNew: 427811K->44695K(460096K)
[276.902s][info][gc,heap        ] GC(374) CMS: 73311K->73311K(3683136K)
[276.902s][info][gc,metaspace   ] GC(374) Metaspace: 144013K(157932K)->144013K(157932K) NonClass: 125222K(132316K)->125222K(132316K) Class: 18790K(25616K)->18790K(25616K)
[276.902s][info][gc             ] GC(374) Pause Young (Allocation Failure) 489M->115M(4046M) 8.519ms
[276.902s][info][gc,cpu         ] GC(374) User=0.00s Sys=0.00s Real=0.00s
[276.953s][info][gc,start       ] GC(375) Pause Young (Allocation Failure)
[276.954s][info][gc,task        ] GC(375) Using 6 workers of 6 for evacuation
[276.963s][info][gc,heap        ] GC(375) ParNew: 451134K->30499K(460096K)
[276.963s][info][gc,heap        ] GC(375) CMS: 73311K->97904K(3683136K)
[276.963s][info][gc,metaspace   ] GC(375) Metaspace: 144013K(157932K)->144013K(157932K) NonClass: 125222K(132316K)->125222K(132316K) Class: 18790K(25616K)->18790K(25616K)
[276.963s][info][gc             ] GC(375) Pause Young (Allocation Failure) 512M->125M(4046M) 9.684ms
[276.963s][info][gc,cpu         ] GC(375) User=0.00s Sys=0.00s Real=0.02s
[277.154s][info][gc,start       ] GC(376) Pause Young (Allocation Failure)
[277.155s][info][gc,task        ] GC(376) Using 6 workers of 6 for evacuation
[277.162s][info][gc,heap        ] GC(376) ParNew: 439523K->24503K(460096K)
[277.162s][info][gc,heap        ] GC(376) CMS: 97904K->97904K(3683136K)
[277.162s][info][gc,metaspace   ] GC(376) Metaspace: 144013K(157932K)->144013K(157932K) NonClass: 125222K(132316K)->125222K(132316K) Class: 18790K(25616K)->18790K(25616K)
[277.162s][info][gc             ] GC(376) Pause Young (Allocation Failure) 524M->119M(4046M) 8.019ms
[277.163s][info][gc,cpu         ] GC(376) User=0.02s Sys=0.00s Real=0.02s
[277.217s][info][gc,start       ] GC(377) Pause Young (Allocation Failure)
[277.217s][info][gc,task        ] GC(377) Using 6 workers of 6 for evacuation
[277.227s][info][gc,heap        ] GC(377) ParNew: 433527K->36269K(460096K)
[277.227s][info][gc,heap        ] GC(377) CMS: 97904K->97904K(3683136K)
[277.227s][info][gc,metaspace   ] GC(377) Metaspace: 144013K(157932K)->144013K(157932K) NonClass: 125222K(132316K)->125222K(132316K) Class: 18790K(25616K)->18790K(25616K)
[277.227s][info][gc             ] GC(377) Pause Young (Allocation Failure) 518M->131M(4046M) 9.840ms
[277.227s][info][gc,cpu         ] GC(377) User=0.02s Sys=0.00s Real=0.02s
[277.398s][info][gc,start       ] GC(378) Pause Young (Allocation Failure)
[277.398s][info][gc,task        ] GC(378) Using 6 workers of 6 for evacuation
[277.409s][info][gc,heap        ] GC(378) ParNew: 445293K->36692K(460096K)
[277.409s][info][gc,heap        ] GC(378) CMS: 97904K->114923K(3683136K)
[277.409s][info][gc,metaspace   ] GC(378) Metaspace: 144013K(157932K)->144013K(157932K) NonClass: 125222K(132316K)->125222K(132316K) Class: 18790K(25616K)->18790K(25616K)
[277.409s][info][gc             ] GC(378) Pause Young (Allocation Failure) 530M->148M(4046M) 10.986ms
[277.409s][info][gc,cpu         ] GC(378) User=0.00s Sys=0.00s Real=0.00s
[278.004s][info][gc,start       ] GC(379) Pause Young (Allocation Failure)
[278.004s][info][gc,task        ] GC(379) Using 6 workers of 6 for evacuation
[278.013s][info][gc,heap        ] GC(379) ParNew: 445716K->20328K(460096K)
[278.013s][info][gc,heap        ] GC(379) CMS: 114923K->124388K(3683136K)
[278.013s][info][gc,metaspace   ] GC(379) Metaspace: 144013K(157932K)->144013K(157932K) NonClass: 125223K(132316K)->125223K(132316K) Class: 18790K(25616K)->18790K(25616K)
[278.013s][info][gc             ] GC(379) Pause Young (Allocation Failure) 547M->141M(4046M) 9.137ms
[278.013s][info][gc,cpu         ] GC(379) User=0.02s Sys=0.00s Real=0.02s
[279.675s][info][gc,start       ] GC(380) Pause Young (Allocation Failure)
[279.675s][info][gc,task        ] GC(380) Using 6 workers of 6 for evacuation
[279.682s][info][gc,heap        ] GC(380) ParNew: 429352K->14099K(460096K)
[279.682s][info][gc,heap        ] GC(380) CMS: 124388K->124388K(3683136K)
[279.682s][info][gc,metaspace   ] GC(380) Metaspace: 144013K(157932K)->144013K(157932K) NonClass: 125223K(132316K)->125223K(132316K) Class: 18790K(25616K)->18790K(25616K)
[279.682s][info][gc             ] GC(380) Pause Young (Allocation Failure) 540M->135M(4046M) 6.796ms
[279.682s][info][gc,cpu         ] GC(380) User=0.00s Sys=0.00s Real=0.00s
[281.276s][info][gc,start       ] GC(381) Pause Young (Allocation Failure)
[281.276s][info][gc,task        ] GC(381) Using 6 workers of 6 for evacuation
[281.284s][info][gc,heap        ] GC(381) ParNew: 423123K->18065K(460096K)
[281.284s][info][gc,heap        ] GC(381) CMS: 124388K->124388K(3683136K)
[281.284s][info][gc,metaspace   ] GC(381) Metaspace: 144013K(157932K)->144013K(157932K) NonClass: 125223K(132316K)->125223K(132316K) Class: 18790K(25616K)->18790K(25616K)
[281.284s][info][gc             ] GC(381) Pause Young (Allocation Failure) 534M->139M(4046M) 7.822ms
[281.284s][info][gc,cpu         ] GC(381) User=0.00s Sys=0.00s Real=0.00s
[282.748s][info][gc,start       ] GC(382) Pause Young (Allocation Failure)
[282.748s][info][gc,task        ] GC(382) Using 6 workers of 6 for evacuation
[282.755s][info][gc,heap        ] GC(382) ParNew: 426228K->15417K(460096K)
[282.755s][info][gc,heap        ] GC(382) CMS: 124388K->124388K(3683136K)
[282.755s][info][gc,metaspace   ] GC(382) Metaspace: 144014K(157932K)->144014K(157932K) NonClass: 125223K(132316K)->125223K(132316K) Class: 18790K(25616K)->18790K(25616K)
[282.755s][info][gc             ] GC(382) Pause Young (Allocation Failure) 537M->136M(4046M) 6.500ms
[282.755s][info][gc,cpu         ] GC(382) User=0.00s Sys=0.00s Real=0.00s
[283.207s][info][gc,start       ] GC(383) Pause Full (System.gc())
[283.209s][info][gc,phases,start] GC(383) Phase 1: Mark live objects
[283.281s][info][gc,phases      ] GC(383) Phase 1: Mark live objects 72.675ms
[283.281s][info][gc,phases,start] GC(383) Phase 2: Compute new object addresses
[283.322s][info][gc,phases      ] GC(383) Phase 2: Compute new object addresses 41.260ms
[283.323s][info][gc,phases,start] GC(383) Phase 3: Adjust pointers
[283.367s][info][gc,phases      ] GC(383) Phase 3: Adjust pointers 44.154ms
[283.367s][info][gc,phases,start] GC(383) Phase 4: Move objects
[283.376s][info][gc,phases      ] GC(383) Phase 4: Move objects 9.045ms
[283.379s][info][gc,heap        ] GC(383) ParNew: 287972K->0K(460096K)
[283.379s][info][gc,heap        ] GC(383) CMS: 124388K->73153K(3683136K)
[283.379s][info][gc,metaspace   ] GC(383) Metaspace: 144052K(157932K)->144052K(157932K) NonClass: 125262K(132316K)->125262K(132316K) Class: 18790K(25616K)->18790K(25616K)
[283.380s][info][gc             ] GC(383) Pause Full (System.gc()) 402M->71M(4046M) 173.458ms
[283.380s][info][gc,cpu         ] GC(383) User=0.16s Sys=0.00s Real=0.17s
[283.503s][info][gc,start       ] GC(384) Pause Young (Allocation Failure)
[283.503s][info][gc,task        ] GC(384) Using 6 workers of 6 for evacuation
[283.510s][info][gc,heap        ] GC(384) ParNew: 409024K->19972K(460096K)
[283.510s][info][gc,heap        ] GC(384) CMS: 73153K->73153K(3683136K)
[283.510s][info][gc,metaspace   ] GC(384) Metaspace: 144066K(157932K)->144066K(157932K) NonClass: 125276K(132316K)->125276K(132316K) Class: 18790K(25616K)->18790K(25616K)
[283.510s][info][gc             ] GC(384) Pause Young (Allocation Failure) 470M->90M(4046M) 7.811ms
[283.511s][info][gc,cpu         ] GC(384) User=0.00s Sys=0.00s Real=0.00s
[283.667s][info][gc,start       ] GC(385) Pause Young (Allocation Failure)
[283.667s][info][gc,task        ] GC(385) Using 6 workers of 6 for evacuation
[283.677s][info][gc,heap        ] GC(385) ParNew: 427431K->51072K(460096K)
[283.677s][info][gc,heap        ] GC(385) CMS: 73153K->73153K(3683136K)
[283.677s][info][gc,metaspace   ] GC(385) Metaspace: 144066K(157932K)->144066K(157932K) NonClass: 125276K(132316K)->125276K(132316K) Class: 18790K(25616K)->18790K(25616K)
[283.677s][info][gc             ] GC(385) Pause Young (Allocation Failure) 488M->121M(4046M) 9.421ms
[283.677s][info][gc,cpu         ] GC(385) User=0.02s Sys=0.00s Real=0.02s
[283.728s][info][gc,start       ] GC(386) Pause Young (Allocation Failure)
[283.728s][info][gc,task        ] GC(386) Using 6 workers of 6 for evacuation
[283.738s][info][gc,heap        ] GC(386) ParNew: 457074K->26256K(460096K)
[283.738s][info][gc,heap        ] GC(386) CMS: 73153K->97982K(3683136K)
[283.738s][info][gc,metaspace   ] GC(386) Metaspace: 144066K(157932K)->144066K(157932K) NonClass: 125276K(132316K)->125276K(132316K) Class: 18790K(25616K)->18790K(25616K)
[283.738s][info][gc             ] GC(386) Pause Young (Allocation Failure) 517M->121M(4046M) 9.444ms
[283.738s][info][gc,cpu         ] GC(386) User=0.02s Sys=0.00s Real=0.02s
[283.924s][info][gc,start       ] GC(387) Pause Young (Allocation Failure)
[283.924s][info][gc,task        ] GC(387) Using 6 workers of 6 for evacuation
[283.932s][info][gc,heap        ] GC(387) ParNew: 435280K->24043K(460096K)
[283.932s][info][gc,heap        ] GC(387) CMS: 97982K->97982K(3683136K)
[283.932s][info][gc,metaspace   ] GC(387) Metaspace: 144066K(157932K)->144066K(157932K) NonClass: 125276K(132316K)->125276K(132316K) Class: 18790K(25616K)->18790K(25616K)
[283.932s][info][gc             ] GC(387) Pause Young (Allocation Failure) 520M->119M(4046M) 7.631ms
[283.932s][info][gc,cpu         ] GC(387) User=0.00s Sys=0.00s Real=0.00s
[283.982s][info][gc,start       ] GC(388) Pause Young (Allocation Failure)
[283.982s][info][gc,task        ] GC(388) Using 6 workers of 6 for evacuation
[283.992s][info][gc,heap        ] GC(388) ParNew: 433067K->48416K(460096K)
[283.992s][info][gc,heap        ] GC(388) CMS: 97982K->97982K(3683136K)
[283.992s][info][gc,metaspace   ] GC(388) Metaspace: 144066K(157932K)->144066K(157932K) NonClass: 125276K(132316K)->125276K(132316K) Class: 18790K(25616K)->18790K(25616K)
[283.992s][info][gc             ] GC(388) Pause Young (Allocation Failure) 518M->142M(4046M) 9.912ms
[283.992s][info][gc,cpu         ] GC(388) User=0.02s Sys=0.00s Real=0.02s
[284.159s][info][gc,start       ] GC(389) Pause Young (Allocation Failure)
[284.159s][info][gc,task        ] GC(389) Using 6 workers of 6 for evacuation
[284.170s][info][gc,heap        ] GC(389) ParNew: 457440K->35630K(460096K)
[284.170s][info][gc,heap        ] GC(389) CMS: 97982K->114773K(3683136K)
[284.170s][info][gc,metaspace   ] GC(389) Metaspace: 144066K(157932K)->144066K(157932K) NonClass: 125276K(132316K)->125276K(132316K) Class: 18790K(25616K)->18790K(25616K)
[284.170s][info][gc             ] GC(389) Pause Young (Allocation Failure) 542M->146M(4046M) 11.225ms
[284.170s][info][gc,cpu         ] GC(389) User=0.00s Sys=0.00s Real=0.00s
[284.722s][info][gc,start       ] GC(390) Pause Young (Allocation Failure)
[284.722s][info][gc,task        ] GC(390) Using 6 workers of 6 for evacuation
[284.730s][info][gc,heap        ] GC(390) ParNew: 444654K->23728K(460096K)
[284.730s][info][gc,heap        ] GC(390) CMS: 114773K->124237K(3683136K)
[284.730s][info][gc,metaspace   ] GC(390) Metaspace: 144066K(157932K)->144066K(157932K) NonClass: 125276K(132316K)->125276K(132316K) Class: 18790K(25616K)->18790K(25616K)
[284.730s][info][gc             ] GC(390) Pause Young (Allocation Failure) 546M->144M(4046M) 8.110ms
[284.730s][info][gc,cpu         ] GC(390) User=0.02s Sys=0.00s Real=0.01s
[286.303s][info][gc,start       ] GC(391) Pause Young (Allocation Failure)
[286.303s][info][gc,task        ] GC(391) Using 6 workers of 6 for evacuation
[286.309s][info][gc,heap        ] GC(391) ParNew: 432752K->13085K(460096K)
[286.310s][info][gc,heap        ] GC(391) CMS: 124237K->124237K(3683136K)
[286.310s][info][gc,metaspace   ] GC(391) Metaspace: 144066K(157932K)->144066K(157932K) NonClass: 125276K(132316K)->125276K(132316K) Class: 18790K(25616K)->18790K(25616K)
[286.310s][info][gc             ] GC(391) Pause Young (Allocation Failure) 543M->134M(4046M) 6.742ms
[286.310s][info][gc,cpu         ] GC(391) User=0.02s Sys=0.00s Real=0.02s
[287.835s][info][gc,start       ] GC(392) Pause Young (Allocation Failure)
[287.835s][info][gc,task        ] GC(392) Using 6 workers of 6 for evacuation
[287.845s][info][gc,heap        ] GC(392) ParNew: 422109K->19374K(460096K)
[287.845s][info][gc,heap        ] GC(392) CMS: 124237K->124237K(3683136K)
[287.845s][info][gc,metaspace   ] GC(392) Metaspace: 144069K(157932K)->144069K(157932K) NonClass: 125278K(132316K)->125278K(132316K) Class: 18790K(25616K)->18790K(25616K)
[287.845s][info][gc             ] GC(392) Pause Young (Allocation Failure) 533M->140M(4046M) 9.601ms
[287.845s][info][gc,cpu         ] GC(392) User=0.00s Sys=0.00s Real=0.00s
[289.339s][info][gc,start       ] GC(393) Pause Young (Allocation Failure)
[289.339s][info][gc,task        ] GC(393) Using 6 workers of 6 for evacuation
[289.346s][info][gc,heap        ] GC(393) ParNew: 428065K->14700K(460096K)
[289.346s][info][gc,heap        ] GC(393) CMS: 124237K->124237K(3683136K)
[289.346s][info][gc,metaspace   ] GC(393) Metaspace: 144069K(157932K)->144069K(157932K) NonClass: 125278K(132316K)->125278K(132316K) Class: 18790K(25616K)->18790K(25616K)
[289.346s][info][gc             ] GC(393) Pause Young (Allocation Failure) 539M->135M(4046M) 6.889ms
[289.346s][info][gc,cpu         ] GC(393) User=0.00s Sys=0.00s Real=0.00s
[289.793s][info][gc,start       ] GC(394) Pause Full (System.gc())
[289.796s][info][gc,phases,start] GC(394) Phase 1: Mark live objects
[289.869s][info][gc,phases      ] GC(394) Phase 1: Mark live objects 73.615ms
[289.869s][info][gc,phases,start] GC(394) Phase 2: Compute new object addresses
[289.911s][info][gc,phases      ] GC(394) Phase 2: Compute new object addresses 41.559ms
[289.911s][info][gc,phases,start] GC(394) Phase 3: Adjust pointers
[289.955s][info][gc,phases      ] GC(394) Phase 3: Adjust pointers 44.437ms
[289.955s][info][gc,phases,start] GC(394) Phase 4: Move objects
[289.962s][info][gc,phases      ] GC(394) Phase 4: Move objects 6.204ms
[289.965s][info][gc,heap        ] GC(394) ParNew: 284691K->0K(460096K)
[289.965s][info][gc,heap        ] GC(394) CMS: 124237K->73525K(3683136K)
[289.965s][info][gc,metaspace   ] GC(394) Metaspace: 144081K(157932K)->144081K(157932K) NonClass: 125291K(132316K)->125291K(132316K) Class: 18790K(25616K)->18790K(25616K)
[289.966s][info][gc             ] GC(394) Pause Full (System.gc()) 399M->71M(4046M) 172.773ms
[289.966s][info][gc,cpu         ] GC(394) User=0.14s Sys=0.00s Real=0.17s
[290.091s][info][gc,start       ] GC(395) Pause Young (Allocation Failure)
[290.092s][info][gc,task        ] GC(395) Using 6 workers of 6 for evacuation
[290.099s][info][gc,heap        ] GC(395) ParNew: 409024K->19835K(460096K)
[290.099s][info][gc,heap        ] GC(395) CMS: 73525K->73525K(3683136K)
[290.099s][info][gc,metaspace   ] GC(395) Metaspace: 144101K(157932K)->144101K(157932K) NonClass: 125311K(132316K)->125311K(132316K) Class: 18790K(25616K)->18790K(25616K)
[290.099s][info][gc             ] GC(395) Pause Young (Allocation Failure) 471M->91M(4046M) 7.835ms
[290.099s][info][gc,cpu         ] GC(395) User=0.00s Sys=0.00s Real=0.00s
[290.264s][info][gc,start       ] GC(396) Pause Young (Allocation Failure)
[290.264s][info][gc,task        ] GC(396) Using 6 workers of 6 for evacuation
[290.273s][info][gc,heap        ] GC(396) ParNew: 425684K->44849K(460096K)
[290.273s][info][gc,heap        ] GC(396) CMS: 73525K->73525K(3683136K)
[290.273s][info][gc,metaspace   ] GC(396) Metaspace: 144101K(157932K)->144101K(157932K) NonClass: 125311K(132316K)->125311K(132316K) Class: 18790K(25616K)->18790K(25616K)
[290.273s][info][gc             ] GC(396) Pause Young (Allocation Failure) 487M->115M(4046M) 9.050ms
[290.273s][info][gc,cpu         ] GC(396) User=0.00s Sys=0.00s Real=0.00s
[290.324s][info][gc,start       ] GC(397) Pause Young (Allocation Failure)
[290.325s][info][gc,task        ] GC(397) Using 6 workers of 6 for evacuation
[290.335s][info][gc,heap        ] GC(397) ParNew: 452245K->34849K(460096K)
[290.335s][info][gc,heap        ] GC(397) CMS: 73525K->98361K(3683136K)
[290.335s][info][gc,metaspace   ] GC(397) Metaspace: 144101K(157932K)->144101K(157932K) NonClass: 125311K(132316K)->125311K(132316K) Class: 18790K(25616K)->18790K(25616K)
[290.335s][info][gc             ] GC(397) Pause Young (Allocation Failure) 513M->130M(4046M) 10.837ms
[290.335s][info][gc,cpu         ] GC(397) User=0.00s Sys=0.00s Real=0.02s
[290.508s][info][gc,start       ] GC(398) Pause Young (Allocation Failure)
[290.508s][info][gc,task        ] GC(398) Using 6 workers of 6 for evacuation
[290.516s][info][gc,heap        ] GC(398) ParNew: 441604K->22555K(460096K)
[290.516s][info][gc,heap        ] GC(398) CMS: 98361K->98361K(3683136K)
[290.516s][info][gc,metaspace   ] GC(398) Metaspace: 144101K(157932K)->144101K(157932K) NonClass: 125311K(132316K)->125311K(132316K) Class: 18790K(25616K)->18790K(25616K)
[290.516s][info][gc             ] GC(398) Pause Young (Allocation Failure) 527M->118M(4046M) 7.665ms
[290.516s][info][gc,cpu         ] GC(398) User=0.02s Sys=0.00s Real=0.02s
[290.567s][info][gc,start       ] GC(399) Pause Young (Allocation Failure)
[290.567s][info][gc,task        ] GC(399) Using 6 workers of 6 for evacuation
[290.577s][info][gc,heap        ] GC(399) ParNew: 430793K->44810K(460096K)
[290.577s][info][gc,heap        ] GC(399) CMS: 98361K->98361K(3683136K)
[290.577s][info][gc,metaspace   ] GC(399) Metaspace: 144101K(157932K)->144101K(157932K) NonClass: 125311K(132316K)->125311K(132316K) Class: 18790K(25616K)->18790K(25616K)
[290.577s][info][gc             ] GC(399) Pause Young (Allocation Failure) 516M->139M(4046M) 10.048ms
[290.577s][info][gc,cpu         ] GC(399) User=0.00s Sys=0.00s Real=0.00s
[290.747s][info][gc,start       ] GC(400) Pause Young (Allocation Failure)
[290.747s][info][gc,task        ] GC(400) Using 6 workers of 6 for evacuation
[290.758s][info][gc,heap        ] GC(400) ParNew: 453834K->33609K(460096K)
[290.758s][info][gc,heap        ] GC(400) CMS: 98361K->115150K(3683136K)
[290.758s][info][gc,metaspace   ] GC(400) Metaspace: 144101K(157932K)->144101K(157932K) NonClass: 125311K(132316K)->125311K(132316K) Class: 18790K(25616K)->18790K(25616K)
[290.758s][info][gc             ] GC(400) Pause Young (Allocation Failure) 539M->145M(4046M) 10.740ms
[290.758s][info][gc,cpu         ] GC(400) User=0.02s Sys=0.00s Real=0.02s
[291.317s][info][gc,start       ] GC(401) Pause Young (Allocation Failure)
[291.317s][info][gc,task        ] GC(401) Using 6 workers of 6 for evacuation
[291.325s][info][gc,heap        ] GC(401) ParNew: 442633K->17841K(460096K)
[291.325s][info][gc,heap        ] GC(401) CMS: 115150K->124613K(3683136K)
[291.325s][info][gc,metaspace   ] GC(401) Metaspace: 144104K(157932K)->144104K(157932K) NonClass: 125313K(132316K)->125313K(132316K) Class: 18790K(25616K)->18790K(25616K)
[291.325s][info][gc             ] GC(401) Pause Young (Allocation Failure) 544M->139M(4046M) 8.053ms
[291.325s][info][gc,cpu         ] GC(401) User=0.00s Sys=0.00s Real=0.00s
[292.893s][info][gc,start       ] GC(402) Pause Young (Allocation Failure)
[292.893s][info][gc,task        ] GC(402) Using 6 workers of 6 for evacuation
[292.901s][info][gc,heap        ] GC(402) ParNew: 426737K->13408K(460096K)
[292.901s][info][gc,heap        ] GC(402) CMS: 124613K->124613K(3683136K)
[292.901s][info][gc,metaspace   ] GC(402) Metaspace: 144104K(157932K)->144104K(157932K) NonClass: 125313K(132316K)->125313K(132316K) Class: 18790K(25616K)->18790K(25616K)
[292.901s][info][gc             ] GC(402) Pause Young (Allocation Failure) 538M->134M(4046M) 7.753ms
[292.901s][info][gc,cpu         ] GC(402) User=0.05s Sys=0.00s Real=0.00s
[294.459s][info][gc,start       ] GC(403) Pause Young (Allocation Failure)
[294.459s][info][gc,task        ] GC(403) Using 6 workers of 6 for evacuation
[294.466s][info][gc,heap        ] GC(403) ParNew: 422432K->15962K(460096K)
[294.466s][info][gc,heap        ] GC(403) CMS: 124613K->124613K(3683136K)
[294.466s][info][gc,metaspace   ] GC(403) Metaspace: 144104K(157932K)->144104K(157932K) NonClass: 125313K(132316K)->125313K(132316K) Class: 18790K(25616K)->18790K(25616K)
[294.466s][info][gc             ] GC(403) Pause Young (Allocation Failure) 534M->137M(4046M) 7.568ms
[294.466s][info][gc,cpu         ] GC(403) User=0.00s Sys=0.00s Real=0.00s
[295.884s][info][gc,start       ] GC(404) Pause Young (Allocation Failure)
[295.884s][info][gc,task        ] GC(404) Using 6 workers of 6 for evacuation
[295.892s][info][gc,heap        ] GC(404) ParNew: 424986K->13830K(460096K)
[295.892s][info][gc,heap        ] GC(404) CMS: 124613K->124613K(3683136K)
[295.892s][info][gc,metaspace   ] GC(404) Metaspace: 144104K(157932K)->144104K(157932K) NonClass: 125313K(132316K)->125313K(132316K) Class: 18790K(25616K)->18790K(25616K)
[295.892s][info][gc             ] GC(404) Pause Young (Allocation Failure) 536M->135M(4046M) 7.934ms
[295.892s][info][gc,cpu         ] GC(404) User=0.02s Sys=0.00s Real=0.01s
[296.432s][info][gc,start       ] GC(405) Pause Full (System.gc())
[296.434s][info][gc,phases,start] GC(405) Phase 1: Mark live objects
[296.507s][info][gc,phases      ] GC(405) Phase 1: Mark live objects 72.433ms
[296.507s][info][gc,phases,start] GC(405) Phase 2: Compute new object addresses
[296.548s][info][gc,phases      ] GC(405) Phase 2: Compute new object addresses 41.601ms
[296.548s][info][gc,phases,start] GC(405) Phase 3: Adjust pointers
[296.593s][info][gc,phases      ] GC(405) Phase 3: Adjust pointers 44.100ms
[296.593s][info][gc,phases,start] GC(405) Phase 4: Move objects
[296.601s][info][gc,phases      ] GC(405) Phase 4: Move objects 8.800ms
[296.605s][info][gc,heap        ] GC(405) ParNew: 292037K->0K(460096K)
[296.605s][info][gc,heap        ] GC(405) CMS: 124613K->73242K(3683136K)
[296.605s][info][gc,metaspace   ] GC(405) Metaspace: 144106K(157932K)->144106K(157932K) NonClass: 125315K(132316K)->125315K(132316K) Class: 18790K(25616K)->18790K(25616K)
[296.606s][info][gc             ] GC(405) Pause Full (System.gc()) 406M->71M(4046M) 173.589ms
[296.606s][info][gc,cpu         ] GC(405) User=0.17s Sys=0.00s Real=0.17s
[296.741s][info][gc,start       ] GC(406) Pause Young (Allocation Failure)
[296.741s][info][gc,task        ] GC(406) Using 6 workers of 6 for evacuation
[296.749s][info][gc,heap        ] GC(406) ParNew: 409024K->19955K(460096K)
[296.749s][info][gc,heap        ] GC(406) CMS: 73242K->73242K(3683136K)
[296.749s][info][gc,metaspace   ] GC(406) Metaspace: 144189K(157932K)->144189K(157932K) NonClass: 125399K(132316K)->125399K(132316K) Class: 18790K(25616K)->18790K(25616K)
[296.749s][info][gc             ] GC(406) Pause Young (Allocation Failure) 470M->91M(4046M) 7.876ms
[296.749s][info][gc,cpu         ] GC(406) User=0.03s Sys=0.00s Real=0.02s
[296.908s][info][gc,start       ] GC(407) Pause Young (Allocation Failure)
[296.908s][info][gc,task        ] GC(407) Using 6 workers of 6 for evacuation
[296.918s][info][gc,heap        ] GC(407) ParNew: 428974K->51072K(460096K)
[296.918s][info][gc,heap        ] GC(407) CMS: 73242K->73631K(3683136K)
[296.918s][info][gc,metaspace   ] GC(407) Metaspace: 144189K(157932K)->144189K(157932K) NonClass: 125399K(132316K)->125399K(132316K) Class: 18790K(25616K)->18790K(25616K)
[296.918s][info][gc             ] GC(407) Pause Young (Allocation Failure) 490M->121M(4046M) 10.041ms
[296.918s][info][gc,cpu         ] GC(407) User=0.00s Sys=0.00s Real=0.00s
[296.970s][info][gc,start       ] GC(408) Pause Young (Allocation Failure)
[296.970s][info][gc,task        ] GC(408) Using 6 workers of 6 for evacuation
[296.979s][info][gc,heap        ] GC(408) ParNew: 458620K->33961K(460096K)
[296.979s][info][gc,heap        ] GC(408) CMS: 73631K->97563K(3683136K)
[296.979s][info][gc,metaspace   ] GC(408) Metaspace: 144190K(157932K)->144190K(157932K) NonClass: 125400K(132316K)->125400K(132316K) Class: 18790K(25616K)->18790K(25616K)
[296.979s][info][gc             ] GC(408) Pause Young (Allocation Failure) 519M->128M(4046M) 8.861ms
[296.979s][info][gc,cpu         ] GC(408) User=0.00s Sys=0.00s Real=0.01s
[297.156s][info][gc,start       ] GC(409) Pause Young (Allocation Failure)
[297.156s][info][gc,task        ] GC(409) Using 6 workers of 6 for evacuation
[297.164s][info][gc,heap        ] GC(409) ParNew: 442019K->27013K(460096K)
[297.164s][info][gc,heap        ] GC(409) CMS: 97563K->97563K(3683136K)
[297.164s][info][gc,metaspace   ] GC(409) Metaspace: 144193K(157932K)->144193K(157932K) NonClass: 125403K(132316K)->125403K(132316K) Class: 18790K(25616K)->18790K(25616K)
[297.164s][info][gc             ] GC(409) Pause Young (Allocation Failure) 526M->121M(4046M) 7.853ms
[297.164s][info][gc,cpu         ] GC(409) User=0.00s Sys=0.00s Real=0.00s
[297.216s][info][gc,start       ] GC(410) Pause Young (Allocation Failure)
[297.216s][info][gc,task        ] GC(410) Using 6 workers of 6 for evacuation
[297.226s][info][gc,heap        ] GC(410) ParNew: 435678K->40799K(460096K)
[297.226s][info][gc,heap        ] GC(410) CMS: 97563K->97563K(3683136K)
[297.226s][info][gc,metaspace   ] GC(410) Metaspace: 144193K(157932K)->144193K(157932K) NonClass: 125403K(132316K)->125403K(132316K) Class: 18790K(25616K)->18790K(25616K)
[297.226s][info][gc             ] GC(410) Pause Young (Allocation Failure) 520M->135M(4046M) 9.996ms
[297.226s][info][gc,cpu         ] GC(410) User=0.00s Sys=0.00s Real=0.02s
[297.397s][info][gc,start       ] GC(411) Pause Young (Allocation Failure)
[297.397s][info][gc,task        ] GC(411) Using 6 workers of 6 for evacuation
[297.408s][info][gc,heap        ] GC(411) ParNew: 449823K->35318K(460096K)
[297.408s][info][gc,heap        ] GC(411) CMS: 97563K->115283K(3683136K)
[297.408s][info][gc,metaspace   ] GC(411) Metaspace: 144193K(157932K)->144193K(157932K) NonClass: 125403K(132316K)->125403K(132316K) Class: 18790K(25616K)->18790K(25616K)
[297.408s][info][gc             ] GC(411) Pause Young (Allocation Failure) 534M->147M(4046M) 11.221ms
[297.408s][info][gc,cpu         ] GC(411) User=0.02s Sys=0.00s Real=0.02s
[297.965s][info][gc,start       ] GC(412) Pause Young (Allocation Failure)
[297.965s][info][gc,task        ] GC(412) Using 6 workers of 6 for evacuation
[297.973s][info][gc,heap        ] GC(412) ParNew: 444342K->23095K(460096K)
[297.974s][info][gc,heap        ] GC(412) CMS: 115283K->124748K(3683136K)
[297.974s][info][gc,metaspace   ] GC(412) Metaspace: 144193K(157932K)->144193K(157932K) NonClass: 125403K(132316K)->125403K(132316K) Class: 18790K(25616K)->18790K(25616K)
[297.974s][info][gc             ] GC(412) Pause Young (Allocation Failure) 546M->144M(4046M) 8.312ms
[297.974s][info][gc,cpu         ] GC(412) User=0.02s Sys=0.00s Real=0.01s
[299.546s][info][gc,start       ] GC(413) Pause Young (Allocation Failure)
[299.546s][info][gc,task        ] GC(413) Using 6 workers of 6 for evacuation
[299.558s][info][gc,heap        ] GC(413) ParNew: 432119K->15212K(460096K)
[299.558s][info][gc,heap        ] GC(413) CMS: 124748K->124748K(3683136K)
[299.558s][info][gc,metaspace   ] GC(413) Metaspace: 144193K(157932K)->144193K(157932K) NonClass: 125403K(132316K)->125403K(132316K) Class: 18790K(25616K)->18790K(25616K)
[299.558s][info][gc             ] GC(413) Pause Young (Allocation Failure) 543M->136M(4046M) 11.850ms
[299.558s][info][gc,cpu         ] GC(413) User=0.02s Sys=0.00s Real=0.02s
[301.112s][info][gc,start       ] GC(414) Pause Young (Allocation Failure)
[301.113s][info][gc,task        ] GC(414) Using 6 workers of 6 for evacuation
[301.121s][info][gc,heap        ] GC(414) ParNew: 424236K->17323K(460096K)
[301.121s][info][gc,heap        ] GC(414) CMS: 124748K->124748K(3683136K)
[301.121s][info][gc,metaspace   ] GC(414) Metaspace: 144193K(157932K)->144193K(157932K) NonClass: 125403K(132316K)->125403K(132316K) Class: 18790K(25616K)->18790K(25616K)
[301.121s][info][gc             ] GC(414) Pause Young (Allocation Failure) 536M->138M(4046M) 8.353ms
[301.121s][info][gc,cpu         ] GC(414) User=0.00s Sys=0.00s Real=0.00s
[302.617s][info][gc,start       ] GC(415) Pause Young (Allocation Failure)
[302.617s][info][gc,task        ] GC(415) Using 6 workers of 6 for evacuation
[302.623s][info][gc,heap        ] GC(415) ParNew: 425878K->12936K(460096K)
[302.624s][info][gc,heap        ] GC(415) CMS: 124748K->124748K(3683136K)
[302.624s][info][gc,metaspace   ] GC(415) Metaspace: 144193K(157932K)->144193K(157932K) NonClass: 125403K(132316K)->125403K(132316K) Class: 18790K(25616K)->18790K(25616K)
[302.624s][info][gc             ] GC(415) Pause Young (Allocation Failure) 537M->134M(4046M) 6.825ms
[302.624s][info][gc,cpu         ] GC(415) User=0.02s Sys=0.00s Real=0.02s
[303.061s][info][gc,start       ] GC(416) Pause Full (System.gc())
[303.063s][info][gc,phases,start] GC(416) Phase 1: Mark live objects
[303.136s][info][gc,phases      ] GC(416) Phase 1: Mark live objects 72.627ms
[303.136s][info][gc,phases,start] GC(416) Phase 2: Compute new object addresses
[303.177s][info][gc,phases      ] GC(416) Phase 2: Compute new object addresses 41.077ms
[303.177s][info][gc,phases,start] GC(416) Phase 3: Adjust pointers
[303.222s][info][gc,phases      ] GC(416) Phase 3: Adjust pointers 44.407ms
[303.222s][info][gc,phases,start] GC(416) Phase 4: Move objects
[303.227s][info][gc,phases      ] GC(416) Phase 4: Move objects 5.130ms
[303.231s][info][gc,heap        ] GC(416) ParNew: 280947K->0K(460096K)
[303.231s][info][gc,heap        ] GC(416) CMS: 124748K->73628K(3683136K)
[303.231s][info][gc,metaspace   ] GC(416) Metaspace: 144208K(157932K)->144208K(157932K) NonClass: 125417K(132316K)->125417K(132316K) Class: 18790K(25616K)->18790K(25616K)
[303.232s][info][gc             ] GC(416) Pause Full (System.gc()) 396M->71M(4046M) 170.603ms
[303.232s][info][gc,cpu         ] GC(416) User=0.16s Sys=0.00s Real=0.17s
[303.351s][info][gc,start       ] GC(417) Pause Young (Allocation Failure)
[303.351s][info][gc,task        ] GC(417) Using 6 workers of 6 for evacuation
[303.358s][info][gc,heap        ] GC(417) ParNew: 409024K->19570K(460096K)
[303.359s][info][gc,heap        ] GC(417) CMS: 73628K->73628K(3683136K)
[303.359s][info][gc,metaspace   ] GC(417) Metaspace: 144238K(157932K)->144238K(157932K) NonClass: 125447K(132316K)->125447K(132316K) Class: 18790K(25616K)->18790K(25616K)
[303.359s][info][gc             ] GC(417) Pause Young (Allocation Failure) 471M->91M(4046M) 7.966ms
[303.359s][info][gc,cpu         ] GC(417) User=0.03s Sys=0.00s Real=0.02s
[303.510s][info][gc,start       ] GC(418) Pause Young (Allocation Failure)
[303.510s][info][gc,task        ] GC(418) Using 6 workers of 6 for evacuation
[303.520s][info][gc,heap        ] GC(418) ParNew: 427112K->51072K(460096K)
[303.520s][info][gc,heap        ] GC(418) CMS: 73628K->73628K(3683136K)
[303.520s][info][gc,metaspace   ] GC(418) Metaspace: 144238K(157932K)->144238K(157932K) NonClass: 125447K(132316K)->125447K(132316K) Class: 18790K(25616K)->18790K(25616K)
[303.520s][info][gc             ] GC(418) Pause Young (Allocation Failure) 489M->121M(4046M) 10.111ms
[303.520s][info][gc,cpu         ] GC(418) User=0.02s Sys=0.00s Real=0.02s
[303.574s][info][gc,start       ] GC(419) Pause Young (Allocation Failure)
[303.574s][info][gc,task        ] GC(419) Using 6 workers of 6 for evacuation
[303.584s][info][gc,heap        ] GC(419) ParNew: 458532K->29649K(460096K)
[303.584s][info][gc,heap        ] GC(419) CMS: 73628K->97986K(3683136K)
[303.584s][info][gc,metaspace   ] GC(419) Metaspace: 144238K(157932K)->144238K(157932K) NonClass: 125447K(132316K)->125447K(132316K) Class: 18790K(25616K)->18790K(25616K)
[303.584s][info][gc             ] GC(419) Pause Young (Allocation Failure) 519M->124M(4046M) 10.166ms
[303.584s][info][gc,cpu         ] GC(419) User=0.02s Sys=0.00s Real=0.02s
[303.764s][info][gc,start       ] GC(420) Pause Young (Allocation Failure)
[303.764s][info][gc,task        ] GC(420) Using 6 workers of 6 for evacuation
[303.772s][info][gc,heap        ] GC(420) ParNew: 438673K->24048K(460096K)
[303.772s][info][gc,heap        ] GC(420) CMS: 97986K->97986K(3683136K)
[303.772s][info][gc,metaspace   ] GC(420) Metaspace: 144238K(157932K)->144238K(157932K) NonClass: 125447K(132316K)->125447K(132316K) Class: 18790K(25616K)->18790K(25616K)
[303.772s][info][gc             ] GC(420) Pause Young (Allocation Failure) 524M->119M(4046M) 7.662ms
[303.772s][info][gc,cpu         ] GC(420) User=0.00s Sys=0.00s Real=0.00s
[303.821s][info][gc,start       ] GC(421) Pause Young (Allocation Failure)
[303.821s][info][gc,task        ] GC(421) Using 6 workers of 6 for evacuation
[303.831s][info][gc,heap        ] GC(421) ParNew: 430005K->49253K(460096K)
[303.831s][info][gc,heap        ] GC(421) CMS: 97986K->97986K(3683136K)
[303.831s][info][gc,metaspace   ] GC(421) Metaspace: 144238K(157932K)->144238K(157932K) NonClass: 125447K(132316K)->125447K(132316K) Class: 18790K(25616K)->18790K(25616K)
[303.831s][info][gc             ] GC(421) Pause Young (Allocation Failure) 515M->143M(4046M) 10.015ms
[303.831s][info][gc,cpu         ] GC(421) User=0.02s Sys=0.00s Real=0.02s
[303.995s][info][gc,start       ] GC(422) Pause Young (Allocation Failure)
[303.995s][info][gc,task        ] GC(422) Using 6 workers of 6 for evacuation
[304.006s][info][gc,heap        ] GC(422) ParNew: 458277K->35710K(460096K)
[304.006s][info][gc,heap        ] GC(422) CMS: 97986K->115239K(3683136K)
[304.006s][info][gc,metaspace   ] GC(422) Metaspace: 144238K(157932K)->144238K(157932K) NonClass: 125447K(132316K)->125447K(132316K) Class: 18790K(25616K)->18790K(25616K)
[304.006s][info][gc             ] GC(422) Pause Young (Allocation Failure) 543M->147M(4046M) 11.113ms
[304.006s][info][gc,cpu         ] GC(422) User=0.02s Sys=0.00s Real=0.01s
[304.557s][info][gc,start       ] GC(423) Pause Young (Allocation Failure)
[304.557s][info][gc,task        ] GC(423) Using 6 workers of 6 for evacuation
[304.564s][info][gc,heap        ] GC(423) ParNew: 444734K->20998K(460096K)
[304.565s][info][gc,heap        ] GC(423) CMS: 115239K->123142K(3683136K)
[304.565s][info][gc,metaspace   ] GC(423) Metaspace: 144238K(157932K)->144238K(157932K) NonClass: 125447K(132316K)->125447K(132316K) Class: 18790K(25616K)->18790K(25616K)
[304.565s][info][gc             ] GC(423) Pause Young (Allocation Failure) 546M->140M(4046M) 8.049ms
[304.565s][info][gc,cpu         ] GC(423) User=0.02s Sys=0.00s Real=0.02s
[306.129s][info][gc,start       ] GC(424) Pause Young (Allocation Failure)
[306.129s][info][gc,task        ] GC(424) Using 6 workers of 6 for evacuation
[306.137s][info][gc,heap        ] GC(424) ParNew: 430022K->19732K(460096K)
[306.137s][info][gc,heap        ] GC(424) CMS: 123142K->123142K(3683136K)
[306.137s][info][gc,metaspace   ] GC(424) Metaspace: 144238K(157932K)->144238K(157932K) NonClass: 125447K(132316K)->125447K(132316K) Class: 18790K(25616K)->18790K(25616K)
[306.137s][info][gc             ] GC(424) Pause Young (Allocation Failure) 540M->139M(4046M) 8.502ms
[306.137s][info][gc,cpu         ] GC(424) User=0.06s Sys=0.00s Real=0.01s
[307.687s][info][gc,start       ] GC(425) Pause Young (GCLocker Initiated GC)
[307.687s][info][gc,task        ] GC(425) Using 6 workers of 6 for evacuation
[307.695s][info][gc,heap        ] GC(425) ParNew: 428797K->20202K(460096K)
[307.695s][info][gc,heap        ] GC(425) CMS: 123142K->123142K(3683136K)
[307.695s][info][gc,metaspace   ] GC(425) Metaspace: 144238K(157932K)->144238K(157932K) NonClass: 125447K(132316K)->125447K(132316K) Class: 18790K(25616K)->18790K(25616K)
[307.695s][info][gc             ] GC(425) Pause Young (GCLocker Initiated GC) 539M->139M(4046M) 8.049ms
[307.695s][info][gc,cpu         ] GC(425) User=0.03s Sys=0.00s Real=0.02s
[309.129s][info][gc,start       ] GC(426) Pause Young (GCLocker Initiated GC)
[309.129s][info][gc,task        ] GC(426) Using 6 workers of 6 for evacuation
[309.137s][info][gc,heap        ] GC(426) ParNew: 429226K->20278K(460096K)
[309.137s][info][gc,heap        ] GC(426) CMS: 123142K->123142K(3683136K)
[309.137s][info][gc,metaspace   ] GC(426) Metaspace: 144239K(157932K)->144239K(157932K) NonClass: 125448K(132316K)->125448K(132316K) Class: 18790K(25616K)->18790K(25616K)
[309.137s][info][gc             ] GC(426) Pause Young (GCLocker Initiated GC) 539M->140M(4046M) 8.497ms
[309.137s][info][gc,cpu         ] GC(426) User=0.02s Sys=0.00s Real=0.02s
[309.660s][info][gc,start       ] GC(427) Pause Full (System.gc())
[309.663s][info][gc,phases,start] GC(427) Phase 1: Mark live objects
[309.736s][info][gc,phases      ] GC(427) Phase 1: Mark live objects 72.736ms
[309.736s][info][gc,phases,start] GC(427) Phase 2: Compute new object addresses
[309.777s][info][gc,phases      ] GC(427) Phase 2: Compute new object addresses 41.461ms
[309.777s][info][gc,phases,start] GC(427) Phase 3: Adjust pointers
[309.821s][info][gc,phases      ] GC(427) Phase 3: Adjust pointers 43.515ms
[309.821s][info][gc,phases,start] GC(427) Phase 4: Move objects
[309.827s][info][gc,phases      ] GC(427) Phase 4: Move objects 6.243ms
[309.830s][info][gc,heap        ] GC(427) ParNew: 296328K->0K(460096K)
[309.830s][info][gc,heap        ] GC(427) CMS: 123142K->73328K(3683136K)
[309.830s][info][gc,metaspace   ] GC(427) Metaspace: 144241K(157932K)->144241K(157932K) NonClass: 125450K(132316K)->125450K(132316K) Class: 18790K(25616K)->18790K(25616K)
[309.831s][info][gc             ] GC(427) Pause Full (System.gc()) 409M->71M(4046M) 170.771ms
[309.831s][info][gc,cpu         ] GC(427) User=0.17s Sys=0.00s Real=0.17s
[309.957s][info][gc,start       ] GC(428) Pause Young (Allocation Failure)
[309.957s][info][gc,task        ] GC(428) Using 6 workers of 6 for evacuation
[309.965s][info][gc,heap        ] GC(428) ParNew: 409024K->20737K(460096K)
[309.965s][info][gc,heap        ] GC(428) CMS: 73328K->73328K(3683136K)
[309.965s][info][gc,metaspace   ] GC(428) Metaspace: 144261K(157932K)->144261K(157932K) NonClass: 125471K(132316K)->125471K(132316K) Class: 18790K(25616K)->18790K(25616K)
[309.965s][info][gc             ] GC(428) Pause Young (Allocation Failure) 471M->91M(4046M) 7.762ms
[309.965s][info][gc,cpu         ] GC(428) User=0.00s Sys=0.00s Real=0.00s
[310.114s][info][gc,start       ] GC(429) Pause Young (Allocation Failure)
[310.114s][info][gc,task        ] GC(429) Using 6 workers of 6 for evacuation
[310.124s][info][gc,heap        ] GC(429) ParNew: 429661K->49439K(460096K)
[310.124s][info][gc,heap        ] GC(429) CMS: 73328K->73328K(3683136K)
[310.124s][info][gc,metaspace   ] GC(429) Metaspace: 144261K(157932K)->144261K(157932K) NonClass: 125471K(132316K)->125471K(132316K) Class: 18790K(25616K)->18790K(25616K)
[310.124s][info][gc             ] GC(429) Pause Young (Allocation Failure) 491M->119M(4046M) 9.586ms
[310.124s][info][gc,cpu         ] GC(429) User=0.02s Sys=0.00s Real=0.02s
[310.178s][info][gc,start       ] GC(430) Pause Young (Allocation Failure)
[310.179s][info][gc,task        ] GC(430) Using 6 workers of 6 for evacuation
[310.190s][info][gc,heap        ] GC(430) ParNew: 456064K->25999K(460096K)
[310.190s][info][gc,heap        ] GC(430) CMS: 73328K->96984K(3683136K)
[310.190s][info][gc,metaspace   ] GC(430) Metaspace: 144261K(157932K)->144261K(157932K) NonClass: 125471K(132316K)->125471K(132316K) Class: 18790K(25616K)->18790K(25616K)
[310.190s][info][gc             ] GC(430) Pause Young (Allocation Failure) 516M->120M(4046M) 11.581ms
[310.190s][info][gc,cpu         ] GC(430) User=0.09s Sys=0.00s Real=0.02s
[310.368s][info][gc,start       ] GC(431) Pause Young (Allocation Failure)
[310.368s][info][gc,task        ] GC(431) Using 6 workers of 6 for evacuation
[310.376s][info][gc,heap        ] GC(431) ParNew: 435023K->24034K(460096K)
[310.376s][info][gc,heap        ] GC(431) CMS: 96984K->96984K(3683136K)
[310.376s][info][gc,metaspace   ] GC(431) Metaspace: 144261K(157932K)->144261K(157932K) NonClass: 125471K(132316K)->125471K(132316K) Class: 18790K(25616K)->18790K(25616K)
[310.376s][info][gc             ] GC(431) Pause Young (Allocation Failure) 519M->118M(4046M) 8.246ms
[310.376s][info][gc,cpu         ] GC(431) User=0.02s Sys=0.00s Real=0.02s
[310.427s][info][gc,start       ] GC(432) Pause Young (Allocation Failure)
[310.427s][info][gc,task        ] GC(432) Using 6 workers of 6 for evacuation
[310.437s][info][gc,heap        ] GC(432) ParNew: 433058K->50211K(460096K)
[310.437s][info][gc,heap        ] GC(432) CMS: 96984K->101080K(3683136K)
[310.437s][info][gc,metaspace   ] GC(432) Metaspace: 144261K(157932K)->144261K(157932K) NonClass: 125471K(132316K)->125471K(132316K) Class: 18790K(25616K)->18790K(25616K)
[310.437s][info][gc             ] GC(432) Pause Young (Allocation Failure) 517M->147M(4046M) 10.384ms
[310.437s][info][gc,cpu         ] GC(432) User=0.00s Sys=0.00s Real=0.02s
[310.606s][info][gc,start       ] GC(433) Pause Young (Allocation Failure)
[310.606s][info][gc,task        ] GC(433) Using 6 workers of 6 for evacuation
[310.616s][info][gc,heap        ] GC(433) ParNew: 459235K->37361K(460096K)
[310.616s][info][gc,heap        ] GC(433) CMS: 101080K->119137K(3683136K)
[310.616s][info][gc,metaspace   ] GC(433) Metaspace: 144261K(157932K)->144261K(157932K) NonClass: 125471K(132316K)->125471K(132316K) Class: 18790K(25616K)->18790K(25616K)
[310.616s][info][gc             ] GC(433) Pause Young (Allocation Failure) 547M->152M(4046M) 10.750ms
[310.616s][info][gc,cpu         ] GC(433) User=0.02s Sys=0.00s Real=0.01s
[311.177s][info][gc,start       ] GC(434) Pause Young (Allocation Failure)
[311.178s][info][gc,task        ] GC(434) Using 6 workers of 6 for evacuation
[311.186s][info][gc,heap        ] GC(434) ParNew: 446385K->22359K(460096K)
[311.186s][info][gc,heap        ] GC(434) CMS: 119137K->128601K(3683136K)
[311.186s][info][gc,metaspace   ] GC(434) Metaspace: 144262K(157932K)->144262K(157932K) NonClass: 125472K(132316K)->125472K(132316K) Class: 18790K(25616K)->18790K(25616K)
[311.186s][info][gc             ] GC(434) Pause Young (Allocation Failure) 552M->147M(4046M) 8.933ms
[311.186s][info][gc,cpu         ] GC(434) User=0.00s Sys=0.00s Real=0.00s
[312.768s][info][gc,start       ] GC(435) Pause Young (Allocation Failure)
[312.768s][info][gc,task        ] GC(435) Using 6 workers of 6 for evacuation
[312.774s][info][gc,heap        ] GC(435) ParNew: 431383K->12231K(460096K)
[312.774s][info][gc,heap        ] GC(435) CMS: 128601K->128601K(3683136K)
[312.774s][info][gc,metaspace   ] GC(435) Metaspace: 144262K(157932K)->144262K(157932K) NonClass: 125472K(132316K)->125472K(132316K) Class: 18790K(25616K)->18790K(25616K)
[312.774s][info][gc             ] GC(435) Pause Young (Allocation Failure) 546M->137M(4046M) 6.346ms
[312.774s][info][gc,cpu         ] GC(435) User=0.03s Sys=0.00s Real=0.00s
[314.322s][info][gc,start       ] GC(436) Pause Young (Allocation Failure)
[314.322s][info][gc,task        ] GC(436) Using 6 workers of 6 for evacuation
[314.330s][info][gc,heap        ] GC(436) ParNew: 421255K->17671K(460096K)
[314.330s][info][gc,heap        ] GC(436) CMS: 128601K->128601K(3683136K)
[314.330s][info][gc,metaspace   ] GC(436) Metaspace: 144262K(157932K)->144262K(157932K) NonClass: 125472K(132316K)->125472K(132316K) Class: 18790K(25616K)->18790K(25616K)
[314.331s][info][gc             ] GC(436) Pause Young (Allocation Failure) 536M->142M(4046M) 8.331ms
[314.331s][info][gc,cpu         ] GC(436) User=0.02s Sys=0.00s Real=0.02s
[315.809s][info][gc,start       ] GC(437) Pause Young (Allocation Failure)
[315.810s][info][gc,task        ] GC(437) Using 6 workers of 6 for evacuation
[315.817s][info][gc,heap        ] GC(437) ParNew: 426695K->15540K(460096K)
[315.817s][info][gc,heap        ] GC(437) CMS: 128601K->128601K(3683136K)
[315.817s][info][gc,metaspace   ] GC(437) Metaspace: 144263K(157932K)->144263K(157932K) NonClass: 125472K(132316K)->125472K(132316K) Class: 18790K(25616K)->18790K(25616K)
[315.817s][info][gc             ] GC(437) Pause Young (Allocation Failure) 542M->140M(4046M) 7.379ms
[315.817s][info][gc,cpu         ] GC(437) User=0.00s Sys=0.00s Real=0.01s
[316.276s][info][gc,start       ] GC(438) Pause Full (System.gc())
[316.278s][info][gc,phases,start] GC(438) Phase 1: Mark live objects
[316.351s][info][gc,phases      ] GC(438) Phase 1: Mark live objects 72.297ms
[316.351s][info][gc,phases,start] GC(438) Phase 2: Compute new object addresses
[316.392s][info][gc,phases      ] GC(438) Phase 2: Compute new object addresses 41.341ms
[316.392s][info][gc,phases,start] GC(438) Phase 3: Adjust pointers
[316.435s][info][gc,phases      ] GC(438) Phase 3: Adjust pointers 43.225ms
[316.435s][info][gc,phases,start] GC(438) Phase 4: Move objects
[316.440s][info][gc,phases      ] GC(438) Phase 4: Move objects 5.097ms
[316.444s][info][gc,heap        ] GC(438) ParNew: 287339K->0K(460096K)
[316.444s][info][gc,heap        ] GC(438) CMS: 128601K->72907K(3683136K)
[316.444s][info][gc,metaspace   ] GC(438) Metaspace: 144278K(158188K)->144278K(158188K) NonClass: 125487K(132572K)->125487K(132572K) Class: 18790K(25616K)->18790K(25616K)
[316.445s][info][gc             ] GC(438) Pause Full (System.gc()) 406M->71M(4046M) 169.093ms
[316.445s][info][gc,cpu         ] GC(438) User=0.16s Sys=0.00s Real=0.16s
[316.575s][info][gc,start       ] GC(439) Pause Young (Allocation Failure)
[316.575s][info][gc,task        ] GC(439) Using 6 workers of 6 for evacuation
[316.582s][info][gc,heap        ] GC(439) ParNew: 409024K->20678K(460096K)
[316.582s][info][gc,heap        ] GC(439) CMS: 72907K->72907K(3683136K)
[316.582s][info][gc,metaspace   ] GC(439) Metaspace: 144430K(158188K)->144430K(158188K) NonClass: 125639K(132572K)->125639K(132572K) Class: 18790K(25616K)->18790K(25616K)
[316.582s][info][gc             ] GC(439) Pause Young (Allocation Failure) 470M->91M(4046M) 7.528ms
[316.582s][info][gc,cpu         ] GC(439) User=0.02s Sys=0.00s Real=0.00s
[316.745s][info][gc,start       ] GC(440) Pause Young (Allocation Failure)
[316.745s][info][gc,task        ] GC(440) Using 6 workers of 6 for evacuation
[316.754s][info][gc,heap        ] GC(440) ParNew: 429702K->44199K(460096K)
[316.754s][info][gc,heap        ] GC(440) CMS: 72907K->72907K(3683136K)
[316.754s][info][gc,metaspace   ] GC(440) Metaspace: 144430K(158188K)->144430K(158188K) NonClass: 125639K(132572K)->125639K(132572K) Class: 18790K(25616K)->18790K(25616K)
[316.754s][info][gc             ] GC(440) Pause Young (Allocation Failure) 490M->114M(4046M) 9.113ms
[316.754s][info][gc,cpu         ] GC(440) User=0.00s Sys=0.00s Real=0.00s
[316.808s][info][gc,start       ] GC(441) Pause Young (GCLocker Initiated GC)
[316.808s][info][gc,task        ] GC(441) Using 6 workers of 6 for evacuation
[316.817s][info][gc,heap        ] GC(441) ParNew: 455673K->30520K(460096K)
[316.817s][info][gc,heap        ] GC(441) CMS: 72907K->97512K(3683136K)
[316.817s][info][gc,metaspace   ] GC(441) Metaspace: 144430K(158188K)->144430K(158188K) NonClass: 125639K(132572K)->125639K(132572K) Class: 18790K(25616K)->18790K(25616K)
[316.817s][info][gc             ] GC(441) Pause Young (GCLocker Initiated GC) 516M->125M(4046M) 9.824ms
[316.818s][info][gc,cpu         ] GC(441) User=0.00s Sys=0.00s Real=0.01s
[316.996s][info][gc,start       ] GC(442) Pause Young (Allocation Failure)
[316.996s][info][gc,task        ] GC(442) Using 6 workers of 6 for evacuation
[317.003s][info][gc,heap        ] GC(442) ParNew: 436024K->23376K(460096K)
[317.003s][info][gc,heap        ] GC(442) CMS: 97512K->97512K(3683136K)
[317.003s][info][gc,metaspace   ] GC(442) Metaspace: 144430K(158188K)->144430K(158188K) NonClass: 125639K(132572K)->125639K(132572K) Class: 18790K(25616K)->18790K(25616K)
[317.003s][info][gc             ] GC(442) Pause Young (Allocation Failure) 521M->118M(4046M) 7.363ms
[317.003s][info][gc,cpu         ] GC(442) User=0.00s Sys=0.00s Real=0.00s
[317.052s][info][gc,start       ] GC(443) Pause Young (Allocation Failure)
[317.052s][info][gc,task        ] GC(443) Using 6 workers of 6 for evacuation
[317.061s][info][gc,heap        ] GC(443) ParNew: 432400K->45002K(460096K)
[317.061s][info][gc,heap        ] GC(443) CMS: 97512K->97512K(3683136K)
[317.061s][info][gc,metaspace   ] GC(443) Metaspace: 144430K(158188K)->144430K(158188K) NonClass: 125639K(132572K)->125639K(132572K) Class: 18790K(25616K)->18790K(25616K)
[317.061s][info][gc             ] GC(443) Pause Young (Allocation Failure) 517M->139M(4046M) 9.112ms
[317.061s][info][gc,cpu         ] GC(443) User=0.02s Sys=0.00s Real=0.02s
[317.231s][info][gc,start       ] GC(444) Pause Young (Allocation Failure)
[317.231s][info][gc,task        ] GC(444) Using 6 workers of 6 for evacuation
[317.242s][info][gc,heap        ] GC(444) ParNew: 454026K->36174K(460096K)
[317.242s][info][gc,heap        ] GC(444) CMS: 97512K->114535K(3683136K)
[317.242s][info][gc,metaspace   ] GC(444) Metaspace: 144430K(158188K)->144430K(158188K) NonClass: 125639K(132572K)->125639K(132572K) Class: 18790K(25616K)->18790K(25616K)
[317.242s][info][gc             ] GC(444) Pause Young (Allocation Failure) 538M->147M(4046M) 11.144ms
[317.242s][info][gc,cpu         ] GC(444) User=0.00s Sys=0.00s Real=0.00s
[317.799s][info][gc,start       ] GC(445) Pause Young (Allocation Failure)
[317.799s][info][gc,task        ] GC(445) Using 6 workers of 6 for evacuation
[317.807s][info][gc,heap        ] GC(445) ParNew: 445198K->23103K(460096K)
[317.807s][info][gc,heap        ] GC(445) CMS: 114535K->124000K(3683136K)
[317.807s][info][gc,metaspace   ] GC(445) Metaspace: 144430K(158188K)->144430K(158188K) NonClass: 125639K(132572K)->125639K(132572K) Class: 18790K(25616K)->18790K(25616K)
[317.807s][info][gc             ] GC(445) Pause Young (Allocation Failure) 546M->143M(4046M) 8.282ms
[317.807s][info][gc,cpu         ] GC(445) User=0.03s Sys=0.00s Real=0.00s
[319.382s][info][gc,start       ] GC(446) Pause Young (Allocation Failure)
[319.382s][info][gc,task        ] GC(446) Using 6 workers of 6 for evacuation
[319.388s][info][gc,heap        ] GC(446) ParNew: 432127K->13266K(460096K)
[319.389s][info][gc,heap        ] GC(446) CMS: 124000K->124000K(3683136K)
[319.389s][info][gc,metaspace   ] GC(446) Metaspace: 144430K(158188K)->144430K(158188K) NonClass: 125639K(132572K)->125639K(132572K) Class: 18790K(25616K)->18790K(25616K)
[319.389s][info][gc             ] GC(446) Pause Young (Allocation Failure) 543M->134M(4046M) 6.526ms
[319.389s][info][gc,cpu         ] GC(446) User=0.00s Sys=0.00s Real=0.00s
[320.956s][info][gc,start       ] GC(447) Pause Young (Allocation Failure)
[320.956s][info][gc,task        ] GC(447) Using 6 workers of 6 for evacuation
[320.964s][info][gc,heap        ] GC(447) ParNew: 422290K->18449K(460096K)
[320.964s][info][gc,heap        ] GC(447) CMS: 124000K->124000K(3683136K)
[320.964s][info][gc,metaspace   ] GC(447) Metaspace: 144430K(158188K)->144430K(158188K) NonClass: 125639K(132572K)->125639K(132572K) Class: 18790K(25616K)->18790K(25616K)
[320.964s][info][gc             ] GC(447) Pause Young (Allocation Failure) 533M->139M(4046M) 8.096ms
[320.964s][info][gc,cpu         ] GC(447) User=0.00s Sys=0.00s Real=0.00s
[322.450s][info][gc,start       ] GC(448) Pause Young (Allocation Failure)
[322.450s][info][gc,task        ] GC(448) Using 6 workers of 6 for evacuation
[322.456s][info][gc,heap        ] GC(448) ParNew: 427266K->14586K(460096K)
[322.456s][info][gc,heap        ] GC(448) CMS: 124000K->124000K(3683136K)
[322.456s][info][gc,metaspace   ] GC(448) Metaspace: 144430K(158188K)->144430K(158188K) NonClass: 125639K(132572K)->125639K(132572K) Class: 18790K(25616K)->18790K(25616K)
[322.456s][info][gc             ] GC(448) Pause Young (Allocation Failure) 538M->135M(4046M) 6.560ms
[322.456s][info][gc,cpu         ] GC(448) User=0.02s Sys=0.00s Real=0.02s
[322.900s][info][gc,start       ] GC(449) Pause Full (System.gc())
[322.903s][info][gc,phases,start] GC(449) Phase 1: Mark live objects
[322.975s][info][gc,phases      ] GC(449) Phase 1: Mark live objects 72.777ms
[322.975s][info][gc,phases,start] GC(449) Phase 2: Compute new object addresses
[323.017s][info][gc,phases      ] GC(449) Phase 2: Compute new object addresses 41.403ms
[323.017s][info][gc,phases,start] GC(449) Phase 3: Adjust pointers
[323.061s][info][gc,phases      ] GC(449) Phase 3: Adjust pointers 43.742ms
[323.061s][info][gc,phases,start] GC(449) Phase 4: Move objects
[323.067s][info][gc,phases      ] GC(449) Phase 4: Move objects 6.118ms
[323.070s][info][gc,heap        ] GC(449) ParNew: 282030K->0K(460096K)
[323.070s][info][gc,heap        ] GC(449) CMS: 124000K->73278K(3683136K)
[323.070s][info][gc,metaspace   ] GC(449) Metaspace: 144447K(158188K)->144447K(158188K) NonClass: 125657K(132572K)->125657K(132572K) Class: 18790K(25616K)->18790K(25616K)
[323.071s][info][gc             ] GC(449) Pause Full (System.gc()) 396M->71M(4046M) 171.331ms
[323.071s][info][gc,cpu         ] GC(449) User=0.16s Sys=0.00s Real=0.17s
[323.210s][info][gc,start       ] GC(450) Pause Young (Allocation Failure)
[323.210s][info][gc,task        ] GC(450) Using 6 workers of 6 for evacuation
[323.218s][info][gc,heap        ] GC(450) ParNew: 409024K->20268K(460096K)
[323.218s][info][gc,heap        ] GC(450) CMS: 73278K->73278K(3683136K)
[323.218s][info][gc,metaspace   ] GC(450) Metaspace: 144490K(158188K)->144490K(158188K) NonClass: 125700K(132572K)->125700K(132572K) Class: 18790K(25616K)->18790K(25616K)
[323.218s][info][gc             ] GC(450) Pause Young (Allocation Failure) 470M->91M(4046M) 8.759ms
[323.219s][info][gc,cpu         ] GC(450) User=0.06s Sys=0.00s Real=0.00s
[323.373s][info][gc,start       ] GC(451) Pause Young (Allocation Failure)
[323.373s][info][gc,task        ] GC(451) Using 6 workers of 6 for evacuation
[323.382s][info][gc,heap        ] GC(451) ParNew: 426942K->46089K(460096K)
[323.382s][info][gc,heap        ] GC(451) CMS: 73278K->73278K(3683136K)
[323.382s][info][gc,metaspace   ] GC(451) Metaspace: 144490K(158188K)->144490K(158188K) NonClass: 125700K(132572K)->125700K(132572K) Class: 18790K(25616K)->18790K(25616K)
[323.382s][info][gc             ] GC(451) Pause Young (Allocation Failure) 488M->116M(4046M) 9.235ms
[323.382s][info][gc,cpu         ] GC(451) User=0.02s Sys=0.00s Real=0.02s
[323.433s][info][gc,start       ] GC(452) Pause Young (Allocation Failure)
[323.433s][info][gc,task        ] GC(452) Using 6 workers of 6 for evacuation
[323.444s][info][gc,heap        ] GC(452) ParNew: 454528K->30537K(460096K)
[323.444s][info][gc,heap        ] GC(452) CMS: 73278K->97644K(3683136K)
[323.444s][info][gc,metaspace   ] GC(452) Metaspace: 144490K(158188K)->144490K(158188K) NonClass: 125700K(132572K)->125700K(132572K) Class: 18790K(25616K)->18790K(25616K)
[323.444s][info][gc             ] GC(452) Pause Young (Allocation Failure) 515M->125M(4046M) 10.220ms
[323.444s][info][gc,cpu         ] GC(452) User=0.00s Sys=0.00s Real=0.00s
[323.623s][info][gc,start       ] GC(453) Pause Young (Allocation Failure)
[323.623s][info][gc,task        ] GC(453) Using 6 workers of 6 for evacuation
[323.631s][info][gc,heap        ] GC(453) ParNew: 439561K->27025K(460096K)
[323.631s][info][gc,heap        ] GC(453) CMS: 97644K->97644K(3683136K)
[323.631s][info][gc,metaspace   ] GC(453) Metaspace: 144491K(158188K)->144491K(158188K) NonClass: 125700K(132572K)->125700K(132572K) Class: 18790K(25616K)->18790K(25616K)
[323.631s][info][gc             ] GC(453) Pause Young (Allocation Failure) 524M->121M(4046M) 8.302ms
[323.631s][info][gc,cpu         ] GC(453) User=0.00s Sys=0.00s Real=0.01s
[323.681s][info][gc,start       ] GC(454) Pause Young (Allocation Failure)
[323.681s][info][gc,task        ] GC(454) Using 6 workers of 6 for evacuation
[323.691s][info][gc,heap        ] GC(454) ParNew: 432925K->50631K(460096K)
[323.691s][info][gc,heap        ] GC(454) CMS: 97644K->97644K(3683136K)
[323.691s][info][gc,metaspace   ] GC(454) Metaspace: 144491K(158188K)->144491K(158188K) NonClass: 125700K(132572K)->125700K(132572K) Class: 18790K(25616K)->18790K(25616K)
[323.691s][info][gc             ] GC(454) Pause Young (Allocation Failure) 518M->144M(4046M) 9.807ms
[323.691s][info][gc,cpu         ] GC(454) User=0.00s Sys=0.00s Real=0.00s
[323.863s][info][gc,start       ] GC(455) Pause Young (Allocation Failure)
[323.863s][info][gc,task        ] GC(455) Using 6 workers of 6 for evacuation
[323.873s][info][gc,heap        ] GC(455) ParNew: 459655K->36779K(460096K)
[323.873s][info][gc,heap        ] GC(455) CMS: 97644K->114904K(3683136K)
[323.873s][info][gc,metaspace   ] GC(455) Metaspace: 144491K(158188K)->144491K(158188K) NonClass: 125700K(132572K)->125700K(132572K) Class: 18790K(25616K)->18790K(25616K)
[323.873s][info][gc             ] GC(455) Pause Young (Allocation Failure) 544M->148M(4046M) 10.592ms
[323.874s][info][gc,cpu         ] GC(455) User=0.02s Sys=0.00s Real=0.02s
[324.432s][info][gc,start       ] GC(456) Pause Young (Allocation Failure)
[324.433s][info][gc,task        ] GC(456) Using 6 workers of 6 for evacuation
[324.441s][info][gc,heap        ] GC(456) ParNew: 445832K->21456K(460096K)
[324.441s][info][gc,heap        ] GC(456) CMS: 114904K->124368K(3683136K)
[324.441s][info][gc,metaspace   ] GC(456) Metaspace: 144491K(158188K)->144491K(158188K) NonClass: 125700K(132572K)->125700K(132572K) Class: 18790K(25616K)->18790K(25616K)
[324.441s][info][gc             ] GC(456) Pause Young (Allocation Failure) 547M->142M(4046M) 8.783ms
[324.441s][info][gc,cpu         ] GC(456) User=0.00s Sys=0.00s Real=0.01s
[326.012s][info][gc,start       ] GC(457) Pause Young (Allocation Failure)
[326.012s][info][gc,task        ] GC(457) Using 6 workers of 6 for evacuation
[326.019s][info][gc,heap        ] GC(457) ParNew: 430480K->13205K(460096K)
[326.019s][info][gc,heap        ] GC(457) CMS: 124368K->124368K(3683136K)
[326.019s][info][gc,metaspace   ] GC(457) Metaspace: 144491K(158188K)->144491K(158188K) NonClass: 125700K(132572K)->125700K(132572K) Class: 18790K(25616K)->18790K(25616K)
[326.019s][info][gc             ] GC(457) Pause Young (Allocation Failure) 541M->134M(4046M) 7.532ms
[326.019s][info][gc,cpu         ] GC(457) User=0.00s Sys=0.00s Real=0.01s
[327.558s][info][gc,start       ] GC(458) Pause Young (Allocation Failure)
[327.558s][info][gc,task        ] GC(458) Using 6 workers of 6 for evacuation
[327.565s][info][gc,heap        ] GC(458) ParNew: 422229K->16759K(460096K)
[327.566s][info][gc,heap        ] GC(458) CMS: 124368K->124368K(3683136K)
[327.566s][info][gc,metaspace   ] GC(458) Metaspace: 144491K(158188K)->144491K(158188K) NonClass: 125700K(132572K)->125700K(132572K) Class: 18790K(25616K)->18790K(25616K)
[327.566s][info][gc             ] GC(458) Pause Young (Allocation Failure) 533M->137M(4046M) 7.817ms
[327.566s][info][gc,cpu         ] GC(458) User=0.00s Sys=0.00s Real=0.00s
[328.994s][info][gc,start       ] GC(459) Pause Young (Allocation Failure)
[328.994s][info][gc,task        ] GC(459) Using 6 workers of 6 for evacuation
[329.001s][info][gc,heap        ] GC(459) ParNew: 425783K->14027K(460096K)
[329.001s][info][gc,heap        ] GC(459) CMS: 124368K->124368K(3683136K)
[329.001s][info][gc,metaspace   ] GC(459) Metaspace: 144491K(158188K)->144491K(158188K) NonClass: 125700K(132572K)->125700K(132572K) Class: 18790K(25616K)->18790K(25616K)
[329.002s][info][gc             ] GC(459) Pause Young (Allocation Failure) 537M->135M(4046M) 7.265ms
[329.002s][info][gc,cpu         ] GC(459) User=0.02s Sys=0.00s Real=0.02s
[329.527s][info][gc,start       ] GC(460) Pause Full (System.gc())
[329.530s][info][gc,phases,start] GC(460) Phase 1: Mark live objects
[329.603s][info][gc,phases      ] GC(460) Phase 1: Mark live objects 73.263ms
[329.603s][info][gc,phases,start] GC(460) Phase 2: Compute new object addresses
[329.645s][info][gc,phases      ] GC(460) Phase 2: Compute new object addresses 41.755ms
[329.645s][info][gc,phases,start] GC(460) Phase 3: Adjust pointers
[329.688s][info][gc,phases      ] GC(460) Phase 3: Adjust pointers 43.497ms
[329.688s][info][gc,phases,start] GC(460) Phase 4: Move objects
[329.694s][info][gc,phases      ] GC(460) Phase 4: Move objects 5.178ms
[329.697s][info][gc,heap        ] GC(460) ParNew: 289277K->0K(460096K)
[329.697s][info][gc,heap        ] GC(460) CMS: 124368K->72996K(3683136K)
[329.697s][info][gc,metaspace   ] GC(460) Metaspace: 144494K(158188K)->144494K(158188K) NonClass: 125703K(132572K)->125703K(132572K) Class: 18790K(25616K)->18790K(25616K)
[329.698s][info][gc             ] GC(460) Pause Full (System.gc()) 403M->71M(4046M) 170.926ms
[329.698s][info][gc,cpu         ] GC(460) User=0.16s Sys=0.00s Real=0.17s
[329.821s][info][gc,start       ] GC(461) Pause Young (Allocation Failure)
[329.821s][info][gc,task        ] GC(461) Using 6 workers of 6 for evacuation
[329.829s][info][gc,heap        ] GC(461) ParNew: 409024K->20209K(460096K)
[329.829s][info][gc,heap        ] GC(461) CMS: 72996K->72996K(3683136K)
[329.829s][info][gc,metaspace   ] GC(461) Metaspace: 144519K(158188K)->144519K(158188K) NonClass: 125729K(132572K)->125729K(132572K) Class: 18790K(25616K)->18790K(25616K)
[329.829s][info][gc             ] GC(461) Pause Young (Allocation Failure) 470M->91M(4046M) 7.974ms
[329.829s][info][gc,cpu         ] GC(461) User=0.00s Sys=0.00s Real=0.00s
[329.988s][info][gc,start       ] GC(462) Pause Young (Allocation Failure)
[329.988s][info][gc,task        ] GC(462) Using 6 workers of 6 for evacuation
[329.998s][info][gc,heap        ] GC(462) ParNew: 426783K->50069K(460096K)
[329.998s][info][gc,heap        ] GC(462) CMS: 72996K->72996K(3683136K)
[329.998s][info][gc,metaspace   ] GC(462) Metaspace: 144519K(158188K)->144519K(158188K) NonClass: 125729K(132572K)->125729K(132572K) Class: 18790K(25616K)->18790K(25616K)
[329.998s][info][gc             ] GC(462) Pause Young (Allocation Failure) 488M->120M(4046M) 10.407ms
[329.998s][info][gc,cpu         ] GC(462) User=0.00s Sys=0.00s Real=0.00s
[330.053s][info][gc,start       ] GC(463) Pause Young (Allocation Failure)
[330.053s][info][gc,task        ] GC(463) Using 6 workers of 6 for evacuation
[330.063s][info][gc,heap        ] GC(463) ParNew: 458734K->30199K(460096K)
[330.063s][info][gc,heap        ] GC(463) CMS: 72996K->97508K(3683136K)
[330.063s][info][gc,metaspace   ] GC(463) Metaspace: 144519K(158188K)->144519K(158188K) NonClass: 125729K(132572K)->125729K(132572K) Class: 18790K(25616K)->18790K(25616K)
[330.063s][info][gc             ] GC(463) Pause Young (Allocation Failure) 519M->124M(4046M) 10.201ms
[330.063s][info][gc,cpu         ] GC(463) User=0.02s Sys=0.00s Real=0.00s
[330.242s][info][gc,start       ] GC(464) Pause Young (Allocation Failure)
[330.242s][info][gc,task        ] GC(464) Using 6 workers of 6 for evacuation
[330.250s][info][gc,heap        ] GC(464) ParNew: 438562K->23764K(460096K)
[330.250s][info][gc,heap        ] GC(464) CMS: 97508K->97508K(3683136K)
[330.250s][info][gc,metaspace   ] GC(464) Metaspace: 144519K(158188K)->144519K(158188K) NonClass: 125729K(132572K)->125729K(132572K) Class: 18790K(25616K)->18790K(25616K)
[330.250s][info][gc             ] GC(464) Pause Young (Allocation Failure) 523M->118M(4046M) 8.085ms
[330.250s][info][gc,cpu         ] GC(464) User=0.00s Sys=0.00s Real=0.00s
[330.299s][info][gc,start       ] GC(465) Pause Young (Allocation Failure)
[330.299s][info][gc,task        ] GC(465) Using 6 workers of 6 for evacuation
[330.309s][info][gc,heap        ] GC(465) ParNew: 429872K->37282K(460096K)
[330.309s][info][gc,heap        ] GC(465) CMS: 97508K->97508K(3683136K)
[330.309s][info][gc,metaspace   ] GC(465) Metaspace: 144519K(158188K)->144519K(158188K) NonClass: 125729K(132572K)->125729K(132572K) Class: 18790K(25616K)->18790K(25616K)
[330.309s][info][gc             ] GC(465) Pause Young (Allocation Failure) 515M->131M(4046M) 9.297ms
[330.309s][info][gc,cpu         ] GC(465) User=0.02s Sys=0.00s Real=0.01s
[330.476s][info][gc,start       ] GC(466) Pause Young (Allocation Failure)
[330.476s][info][gc,task        ] GC(466) Using 6 workers of 6 for evacuation
[330.487s][info][gc,heap        ] GC(466) ParNew: 446306K->34350K(460096K)
[330.487s][info][gc,heap        ] GC(466) CMS: 97508K->114609K(3683136K)
[330.487s][info][gc,metaspace   ] GC(466) Metaspace: 144519K(158188K)->144519K(158188K) NonClass: 125729K(132572K)->125729K(132572K) Class: 18790K(25616K)->18790K(25616K)
[330.487s][info][gc             ] GC(466) Pause Young (Allocation Failure) 531M->145M(4046M) 11.106ms
[330.487s][info][gc,cpu         ] GC(466) User=0.00s Sys=0.00s Real=0.00s
[331.041s][info][gc,start       ] GC(467) Pause Young (Allocation Failure)
[331.041s][info][gc,task        ] GC(467) Using 6 workers of 6 for evacuation
[331.049s][info][gc,heap        ] GC(467) ParNew: 443374K->20919K(460096K)
[331.050s][info][gc,heap        ] GC(467) CMS: 114609K->124074K(3683136K)
[331.050s][info][gc,metaspace   ] GC(467) Metaspace: 144519K(158188K)->144519K(158188K) NonClass: 125729K(132572K)->125729K(132572K) Class: 18790K(25616K)->18790K(25616K)
[331.050s][info][gc             ] GC(467) Pause Young (Allocation Failure) 544M->141M(4046M) 8.628ms
[331.050s][info][gc,cpu         ] GC(467) User=0.00s Sys=0.00s Real=0.00s
[332.617s][info][gc,start       ] GC(468) Pause Young (Allocation Failure)
[332.617s][info][gc,task        ] GC(468) Using 6 workers of 6 for evacuation
[332.625s][info][gc,heap        ] GC(468) ParNew: 429943K->13019K(460096K)
[332.625s][info][gc,heap        ] GC(468) CMS: 124074K->124074K(3683136K)
[332.625s][info][gc,metaspace   ] GC(468) Metaspace: 144519K(158188K)->144519K(158188K) NonClass: 125729K(132572K)->125729K(132572K) Class: 18790K(25616K)->18790K(25616K)
[332.625s][info][gc             ] GC(468) Pause Young (Allocation Failure) 541M->133M(4046M) 7.409ms
[332.625s][info][gc,cpu         ] GC(468) User=0.02s Sys=0.00s Real=0.02s
[334.166s][info][gc,start       ] GC(469) Pause Young (Allocation Failure)
[334.166s][info][gc,task        ] GC(469) Using 6 workers of 6 for evacuation
[334.173s][info][gc,heap        ] GC(469) ParNew: 422043K->16333K(460096K)
[334.173s][info][gc,heap        ] GC(469) CMS: 124074K->124074K(3683136K)
[334.173s][info][gc,metaspace   ] GC(469) Metaspace: 144519K(158188K)->144519K(158188K) NonClass: 125729K(132572K)->125729K(132572K) Class: 18790K(25616K)->18790K(25616K)
[334.173s][info][gc             ] GC(469) Pause Young (Allocation Failure) 533M->137M(4046M) 7.265ms
[334.173s][info][gc,cpu         ] GC(469) User=0.00s Sys=0.00s Real=0.00s
[335.644s][info][gc,start       ] GC(470) Pause Young (Allocation Failure)
[335.645s][info][gc,task        ] GC(470) Using 6 workers of 6 for evacuation
[335.651s][info][gc,heap        ] GC(470) ParNew: 425357K->12474K(460096K)
[335.651s][info][gc,heap        ] GC(470) CMS: 124074K->124074K(3683136K)
[335.651s][info][gc,metaspace   ] GC(470) Metaspace: 144519K(158188K)->144519K(158188K) NonClass: 125729K(132572K)->125729K(132572K) Class: 18790K(25616K)->18790K(25616K)
[335.651s][info][gc             ] GC(470) Pause Young (Allocation Failure) 536M->133M(4046M) 6.693ms
[335.651s][info][gc,cpu         ] GC(470) User=0.02s Sys=0.00s Real=0.01s
[336.121s][info][gc,start       ] GC(471) Pause Full (System.gc())
[336.123s][info][gc,phases,start] GC(471) Phase 1: Mark live objects
[336.197s][info][gc,phases      ] GC(471) Phase 1: Mark live objects 73.356ms
[336.197s][info][gc,phases,start] GC(471) Phase 2: Compute new object addresses
[336.239s][info][gc,phases      ] GC(471) Phase 2: Compute new object addresses 41.860ms
[336.239s][info][gc,phases,start] GC(471) Phase 3: Adjust pointers
[336.282s][info][gc,phases      ] GC(471) Phase 3: Adjust pointers 43.627ms
[336.282s][info][gc,phases,start] GC(471) Phase 4: Move objects
[336.287s][info][gc,phases      ] GC(471) Phase 4: Move objects 4.981ms
[336.291s][info][gc,heap        ] GC(471) ParNew: 286653K->0K(460096K)
[336.291s][info][gc,heap        ] GC(471) CMS: 124074K->73379K(3683136K)
[336.291s][info][gc,metaspace   ] GC(471) Metaspace: 144529K(158188K)->144529K(158188K) NonClass: 125739K(132572K)->125739K(132572K) Class: 18790K(25616K)->18790K(25616K)
[336.292s][info][gc             ] GC(471) Pause Full (System.gc()) 401M->71M(4046M) 170.790ms
[336.292s][info][gc,cpu         ] GC(471) User=0.16s Sys=0.00s Real=0.17s
[336.436s][info][gc,start       ] GC(472) Pause Young (Allocation Failure)
[336.436s][info][gc,task        ] GC(472) Using 6 workers of 6 for evacuation
[336.444s][info][gc,heap        ] GC(472) ParNew: 409024K->19888K(460096K)
[336.444s][info][gc,heap        ] GC(472) CMS: 73379K->73379K(3683136K)
[336.444s][info][gc,metaspace   ] GC(472) Metaspace: 144621K(158444K)->144621K(158444K) NonClass: 125831K(132828K)->125831K(132828K) Class: 18790K(25616K)->18790K(25616K)
[336.444s][info][gc             ] GC(472) Pause Young (Allocation Failure) 471M->91M(4046M) 8.074ms
[336.445s][info][gc,cpu         ] GC(472) User=0.02s Sys=0.00s Real=0.02s
[336.595s][info][gc,start       ] GC(473) Pause Young (Allocation Failure)
[336.596s][info][gc,task        ] GC(473) Using 6 workers of 6 for evacuation
[336.606s][info][gc,heap        ] GC(473) ParNew: 428859K->51072K(460096K)
[336.606s][info][gc,heap        ] GC(473) CMS: 73379K->74144K(3683136K)
[336.606s][info][gc,metaspace   ] GC(473) Metaspace: 144623K(158444K)->144623K(158444K) NonClass: 125833K(132828K)->125833K(132828K) Class: 18790K(25616K)->18790K(25616K)
[336.606s][info][gc             ] GC(473) Pause Young (Allocation Failure) 490M->122M(4046M) 10.393ms
[336.606s][info][gc,cpu         ] GC(473) User=0.02s Sys=0.00s Real=0.01s
[336.658s][info][gc,start       ] GC(474) Pause Young (Allocation Failure)
[336.658s][info][gc,task        ] GC(474) Using 6 workers of 6 for evacuation
[336.669s][info][gc,heap        ] GC(474) ParNew: 460096K->29817K(460096K)
[336.669s][info][gc,heap        ] GC(474) CMS: 74144K->97961K(3683136K)
[336.669s][info][gc,metaspace   ] GC(474) Metaspace: 144623K(158444K)->144623K(158444K) NonClass: 125833K(132828K)->125833K(132828K) Class: 18790K(25616K)->18790K(25616K)
[336.669s][info][gc             ] GC(474) Pause Young (Allocation Failure) 521M->124M(4046M) 10.506ms
[336.669s][info][gc,cpu         ] GC(474) User=0.00s Sys=0.00s Real=0.01s
[336.851s][info][gc,start       ] GC(475) Pause Young (Allocation Failure)
[336.851s][info][gc,task        ] GC(475) Using 6 workers of 6 for evacuation
[336.859s][info][gc,heap        ] GC(475) ParNew: 436790K->24893K(460096K)
[336.859s][info][gc,heap        ] GC(475) CMS: 97961K->97961K(3683136K)
[336.859s][info][gc,metaspace   ] GC(475) Metaspace: 144623K(158444K)->144623K(158444K) NonClass: 125833K(132828K)->125833K(132828K) Class: 18790K(25616K)->18790K(25616K)
[336.859s][info][gc             ] GC(475) Pause Young (Allocation Failure) 522M->119M(4046M) 7.707ms
[336.859s][info][gc,cpu         ] GC(475) User=0.00s Sys=0.00s Real=0.00s
[336.908s][info][gc,start       ] GC(476) Pause Young (Allocation Failure)
[336.908s][info][gc,task        ] GC(476) Using 6 workers of 6 for evacuation
[336.916s][info][gc,heap        ] GC(476) ParNew: 433917K->32469K(460096K)
[336.916s][info][gc,heap        ] GC(476) CMS: 97961K->97961K(3683136K)
[336.916s][info][gc,metaspace   ] GC(476) Metaspace: 144623K(158444K)->144623K(158444K) NonClass: 125833K(132828K)->125833K(132828K) Class: 18790K(25616K)->18790K(25616K)
[336.916s][info][gc             ] GC(476) Pause Young (Allocation Failure) 519M->127M(4046M) 8.891ms
[336.917s][info][gc,cpu         ] GC(476) User=0.02s Sys=0.00s Real=0.02s
[337.080s][info][gc,start       ] GC(477) Pause Young (Allocation Failure)
[337.080s][info][gc,task        ] GC(477) Using 6 workers of 6 for evacuation
[337.091s][info][gc,heap        ] GC(477) ParNew: 441493K->39679K(460096K)
[337.091s][info][gc,heap        ] GC(477) CMS: 97961K->115132K(3683136K)
[337.091s][info][gc,metaspace   ] GC(477) Metaspace: 144623K(158444K)->144623K(158444K) NonClass: 125833K(132828K)->125833K(132828K) Class: 18790K(25616K)->18790K(25616K)
[337.091s][info][gc             ] GC(477) Pause Young (Allocation Failure) 526M->151M(4046M) 10.975ms
[337.091s][info][gc,cpu         ] GC(477) User=0.02s Sys=0.00s Real=0.02s
[337.651s][info][gc,start       ] GC(478) Pause Young (Allocation Failure)
[337.651s][info][gc,task        ] GC(478) Using 6 workers of 6 for evacuation
[337.659s][info][gc,heap        ] GC(478) ParNew: 448703K->23375K(460096K)
[337.659s][info][gc,heap        ] GC(478) CMS: 115132K->124596K(3683136K)
[337.659s][info][gc,metaspace   ] GC(478) Metaspace: 144625K(158444K)->144625K(158444K) NonClass: 125835K(132828K)->125835K(132828K) Class: 18790K(25616K)->18790K(25616K)
[337.659s][info][gc             ] GC(478) Pause Young (Allocation Failure) 550M->144M(4046M) 8.466ms
[337.659s][info][gc,cpu         ] GC(478) User=0.02s Sys=0.00s Real=0.01s
[339.227s][info][gc,start       ] GC(479) Pause Young (Allocation Failure)
[339.227s][info][gc,task        ] GC(479) Using 6 workers of 6 for evacuation
[339.236s][info][gc,heap        ] GC(479) ParNew: 432399K->15150K(460096K)
[339.236s][info][gc,heap        ] GC(479) CMS: 124596K->124596K(3683136K)
[339.236s][info][gc,metaspace   ] GC(479) Metaspace: 144625K(158444K)->144625K(158444K) NonClass: 125835K(132828K)->125835K(132828K) Class: 18790K(25616K)->18790K(25616K)
[339.236s][info][gc             ] GC(479) Pause Young (Allocation Failure) 543M->136M(4046M) 8.794ms
[339.236s][info][gc,cpu         ] GC(479) User=0.02s Sys=0.00s Real=0.02s
[340.815s][info][gc,start       ] GC(480) Pause Young (Allocation Failure)
[340.815s][info][gc,task        ] GC(480) Using 6 workers of 6 for evacuation
[340.823s][info][gc,heap        ] GC(480) ParNew: 424206K->17562K(460096K)
[340.823s][info][gc,heap        ] GC(480) CMS: 124596K->124596K(3683136K)
[340.823s][info][gc,metaspace   ] GC(480) Metaspace: 144625K(158444K)->144625K(158444K) NonClass: 125835K(132828K)->125835K(132828K) Class: 18790K(25616K)->18790K(25616K)
[340.823s][info][gc             ] GC(480) Pause Young (Allocation Failure) 535M->138M(4046M) 8.541ms
[340.823s][info][gc,cpu         ] GC(480) User=0.02s Sys=0.00s Real=0.02s
[342.342s][info][gc,start       ] GC(481) Pause Young (Allocation Failure)
[342.343s][info][gc,task        ] GC(481) Using 6 workers of 6 for evacuation
[342.350s][info][gc,heap        ] GC(481) ParNew: 426478K->12529K(460096K)
[342.350s][info][gc,heap        ] GC(481) CMS: 124596K->124596K(3683136K)
[342.350s][info][gc,metaspace   ] GC(481) Metaspace: 144625K(158444K)->144625K(158444K) NonClass: 125835K(132828K)->125835K(132828K) Class: 18790K(25616K)->18790K(25616K)
[342.350s][info][gc             ] GC(481) Pause Young (Allocation Failure) 538M->133M(4046M) 7.869ms
[342.350s][info][gc,cpu         ] GC(481) User=0.00s Sys=0.00s Real=0.00s
[342.803s][info][gc,start       ] GC(482) Pause Full (System.gc())
[342.806s][info][gc,phases,start] GC(482) Phase 1: Mark live objects
[342.880s][info][gc,phases      ] GC(482) Phase 1: Mark live objects 73.751ms
[342.880s][info][gc,phases,start] GC(482) Phase 2: Compute new object addresses
[342.921s][info][gc,phases      ] GC(482) Phase 2: Compute new object addresses 41.480ms
[342.921s][info][gc,phases,start] GC(482) Phase 3: Adjust pointers
[342.966s][info][gc,phases      ] GC(482) Phase 3: Adjust pointers 44.379ms
[342.966s][info][gc,phases,start] GC(482) Phase 4: Move objects
[342.972s][info][gc,phases      ] GC(482) Phase 4: Move objects 6.195ms
[342.975s][info][gc,heap        ] GC(482) ParNew: 284052K->0K(460096K)
[342.975s][info][gc,heap        ] GC(482) CMS: 124596K->73092K(3683136K)
[342.975s][info][gc,metaspace   ] GC(482) Metaspace: 144675K(158444K)->144675K(158444K) NonClass: 125885K(132828K)->125885K(132828K) Class: 18790K(25616K)->18790K(25616K)
[342.976s][info][gc             ] GC(482) Pause Full (System.gc()) 399M->71M(4046M) 173.491ms
[342.976s][info][gc,cpu         ] GC(482) User=0.16s Sys=0.00s Real=0.17s
[343.117s][info][gc,start       ] GC(483) Pause Young (Allocation Failure)
[343.117s][info][gc,task        ] GC(483) Using 6 workers of 6 for evacuation
[343.125s][info][gc,heap        ] GC(483) ParNew: 409024K->18975K(460096K)
[343.125s][info][gc,heap        ] GC(483) CMS: 73092K->73092K(3683136K)
[343.125s][info][gc,metaspace   ] GC(483) Metaspace: 144695K(158444K)->144695K(158444K) NonClass: 125905K(132828K)->125905K(132828K) Class: 18790K(25616K)->18790K(25616K)
[343.125s][info][gc             ] GC(483) Pause Young (Allocation Failure) 470M->89M(4046M) 8.216ms
[343.125s][info][gc,cpu         ] GC(483) User=0.03s Sys=0.00s Real=0.00s
[343.306s][info][gc,start       ] GC(484) Pause Young (Allocation Failure)
[343.306s][info][gc,task        ] GC(484) Using 6 workers of 6 for evacuation
[343.317s][info][gc,heap        ] GC(484) ParNew: 424622K->47892K(460096K)
[343.317s][info][gc,heap        ] GC(484) CMS: 73092K->73092K(3683136K)
[343.317s][info][gc,metaspace   ] GC(484) Metaspace: 144695K(158444K)->144695K(158444K) NonClass: 125905K(132828K)->125905K(132828K) Class: 18790K(25616K)->18790K(25616K)
[343.317s][info][gc             ] GC(484) Pause Young (Allocation Failure) 486M->118M(4046M) 10.413ms
[343.317s][info][gc,cpu         ] GC(484) User=0.02s Sys=0.00s Real=0.02s
[343.370s][info][gc,start       ] GC(485) Pause Young (Allocation Failure)
[343.370s][info][gc,task        ] GC(485) Using 6 workers of 6 for evacuation
[343.380s][info][gc,heap        ] GC(485) ParNew: 453169K->33826K(460096K)
[343.380s][info][gc,heap        ] GC(485) CMS: 73092K->96978K(3683136K)
[343.380s][info][gc,metaspace   ] GC(485) Metaspace: 144695K(158444K)->144695K(158444K) NonClass: 125905K(132828K)->125905K(132828K) Class: 18790K(25616K)->18790K(25616K)
[343.380s][info][gc             ] GC(485) Pause Young (Allocation Failure) 513M->127M(4046M) 10.498ms
[343.380s][info][gc,cpu         ] GC(485) User=0.02s Sys=0.02s Real=0.02s
[343.553s][info][gc,start       ] GC(486) Pause Young (Allocation Failure)
[343.553s][info][gc,task        ] GC(486) Using 6 workers of 6 for evacuation
[343.561s][info][gc,heap        ] GC(486) ParNew: 438988K->23218K(460096K)
[343.561s][info][gc,heap        ] GC(486) CMS: 96978K->96978K(3683136K)
[343.561s][info][gc,metaspace   ] GC(486) Metaspace: 144695K(158444K)->144695K(158444K) NonClass: 125905K(132828K)->125905K(132828K) Class: 18790K(25616K)->18790K(25616K)
[343.561s][info][gc             ] GC(486) Pause Young (Allocation Failure) 523M->117M(4046M) 7.603ms
[343.561s][info][gc,cpu         ] GC(486) User=0.00s Sys=0.00s Real=0.00s
[343.613s][info][gc,start       ] GC(487) Pause Young (Allocation Failure)
[343.613s][info][gc,task        ] GC(487) Using 6 workers of 6 for evacuation
[343.622s][info][gc,heap        ] GC(487) ParNew: 432242K->37099K(460096K)
[343.622s][info][gc,heap        ] GC(487) CMS: 96978K->96978K(3683136K)
[343.622s][info][gc,metaspace   ] GC(487) Metaspace: 144695K(158444K)->144695K(158444K) NonClass: 125905K(132828K)->125905K(132828K) Class: 18790K(25616K)->18790K(25616K)
[343.622s][info][gc             ] GC(487) Pause Young (Allocation Failure) 516M->130M(4046M) 8.663ms
[343.622s][info][gc,cpu         ] GC(487) User=0.02s Sys=0.00s Real=0.02s
[343.792s][info][gc,start       ] GC(488) Pause Young (Allocation Failure)
[343.792s][info][gc,task        ] GC(488) Using 6 workers of 6 for evacuation
[343.803s][info][gc,heap        ] GC(488) ParNew: 446123K->32068K(460096K)
[343.803s][info][gc,heap        ] GC(488) CMS: 96978K->114686K(3683136K)
[343.803s][info][gc,metaspace   ] GC(488) Metaspace: 144695K(158444K)->144695K(158444K) NonClass: 125905K(132828K)->125905K(132828K) Class: 18790K(25616K)->18790K(25616K)
[343.803s][info][gc             ] GC(488) Pause Young (Allocation Failure) 530M->143M(4046M) 11.313ms
[343.803s][info][gc,cpu         ] GC(488) User=0.00s Sys=0.00s Real=0.02s
[344.354s][info][gc,start       ] GC(489) Pause Young (GCLocker Initiated GC)
[344.354s][info][gc,task        ] GC(489) Using 6 workers of 6 for evacuation
[344.362s][info][gc,heap        ] GC(489) ParNew: 441094K->19997K(460096K)
[344.362s][info][gc,heap        ] GC(489) CMS: 114686K->124152K(3683136K)
[344.362s][info][gc,metaspace   ] GC(489) Metaspace: 144695K(158444K)->144695K(158444K) NonClass: 125905K(132828K)->125905K(132828K) Class: 18790K(25616K)->18790K(25616K)
[344.362s][info][gc             ] GC(489) Pause Young (GCLocker Initiated GC) 542M->140M(4046M) 8.547ms
[344.362s][info][gc,cpu         ] GC(489) User=0.00s Sys=0.00s Real=0.00s
[345.944s][info][gc,start       ] GC(490) Pause Young (Allocation Failure)
[345.944s][info][gc,task        ] GC(490) Using 6 workers of 6 for evacuation
[345.952s][info][gc,heap        ] GC(490) ParNew: 429021K->13557K(460096K)
[345.952s][info][gc,heap        ] GC(490) CMS: 124152K->124152K(3683136K)
[345.952s][info][gc,metaspace   ] GC(490) Metaspace: 144695K(158444K)->144695K(158444K) NonClass: 125905K(132828K)->125905K(132828K) Class: 18790K(25616K)->18790K(25616K)
[345.952s][info][gc             ] GC(490) Pause Young (Allocation Failure) 540M->134M(4046M) 7.365ms
[345.952s][info][gc,cpu         ] GC(490) User=0.00s Sys=0.00s Real=0.00s
[347.492s][info][gc,start       ] GC(491) Pause Young (Allocation Failure)
[347.492s][info][gc,task        ] GC(491) Using 6 workers of 6 for evacuation
[347.500s][info][gc,heap        ] GC(491) ParNew: 422581K->16700K(460096K)
[347.500s][info][gc,heap        ] GC(491) CMS: 124152K->124152K(3683136K)
[347.500s][info][gc,metaspace   ] GC(491) Metaspace: 144695K(158444K)->144695K(158444K) NonClass: 125905K(132828K)->125905K(132828K) Class: 18790K(25616K)->18790K(25616K)
[347.500s][info][gc             ] GC(491) Pause Young (Allocation Failure) 533M->137M(4046M) 8.034ms
[347.500s][info][gc,cpu         ] GC(491) User=0.00s Sys=0.00s Real=0.00s
[348.976s][info][gc,start       ] GC(492) Pause Young (Allocation Failure)
[348.976s][info][gc,task        ] GC(492) Using 6 workers of 6 for evacuation
[348.984s][info][gc,heap        ] GC(492) ParNew: 425151K->14518K(460096K)
[348.984s][info][gc,heap        ] GC(492) CMS: 124152K->124152K(3683136K)
[348.984s][info][gc,metaspace   ] GC(492) Metaspace: 144695K(158444K)->144695K(158444K) NonClass: 125905K(132828K)->125905K(132828K) Class: 18790K(25616K)->18790K(25616K)
[348.984s][info][gc             ] GC(492) Pause Young (Allocation Failure) 536M->135M(4046M) 7.969ms
[348.984s][info][gc,cpu         ] GC(492) User=0.02s Sys=0.00s Real=0.01s
[349.457s][info][gc,start       ] GC(493) Pause Full (System.gc())
[349.460s][info][gc,phases,start] GC(493) Phase 1: Mark live objects
[349.533s][info][gc,phases      ] GC(493) Phase 1: Mark live objects 73.279ms
[349.533s][info][gc,phases,start] GC(493) Phase 2: Compute new object addresses
[349.574s][info][gc,phases      ] GC(493) Phase 2: Compute new object addresses 40.998ms
[349.574s][info][gc,phases,start] GC(493) Phase 3: Adjust pointers
[349.619s][info][gc,phases      ] GC(493) Phase 3: Adjust pointers 45.208ms
[349.619s][info][gc,phases,start] GC(493) Phase 4: Move objects
[349.628s][info][gc,phases      ] GC(493) Phase 4: Move objects 8.829ms
[349.632s][info][gc,heap        ] GC(493) ParNew: 287997K->0K(460096K)
[349.632s][info][gc,heap        ] GC(493) CMS: 124152K->73401K(3683136K)
[349.632s][info][gc,metaspace   ] GC(493) Metaspace: 144700K(158444K)->144700K(158444K) NonClass: 125909K(132828K)->125909K(132828K) Class: 18790K(25616K)->18790K(25616K)
[349.632s][info][gc             ] GC(493) Pause Full (System.gc()) 402M->71M(4046M) 175.222ms
[349.632s][info][gc,cpu         ] GC(493) User=0.17s Sys=0.00s Real=0.17s
[349.762s][info][gc,start       ] GC(494) Pause Young (Allocation Failure)
[349.762s][info][gc,task        ] GC(494) Using 6 workers of 6 for evacuation
[349.770s][info][gc,heap        ] GC(494) ParNew: 409024K->19219K(460096K)
[349.770s][info][gc,heap        ] GC(494) CMS: 73401K->73401K(3683136K)
[349.770s][info][gc,metaspace   ] GC(494) Metaspace: 144701K(158444K)->144701K(158444K) NonClass: 125910K(132828K)->125910K(132828K) Class: 18790K(25616K)->18790K(25616K)
[349.770s][info][gc             ] GC(494) Pause Young (Allocation Failure) 471M->90M(4046M) 8.104ms
[349.770s][info][gc,cpu         ] GC(494) User=0.02s Sys=0.00s Real=0.02s
[349.926s][info][gc,start       ] GC(495) Pause Young (Allocation Failure)
[349.926s][info][gc,task        ] GC(495) Using 6 workers of 6 for evacuation
[349.935s][info][gc,heap        ] GC(495) ParNew: 427866K->44231K(460096K)
[349.935s][info][gc,heap        ] GC(495) CMS: 73401K->73401K(3683136K)
[349.935s][info][gc,metaspace   ] GC(495) Metaspace: 144701K(158444K)->144701K(158444K) NonClass: 125910K(132828K)->125910K(132828K) Class: 18790K(25616K)->18790K(25616K)
[349.935s][info][gc             ] GC(495) Pause Young (Allocation Failure) 489M->114M(4046M) 9.402ms
[349.935s][info][gc,cpu         ] GC(495) User=0.00s Sys=0.00s Real=0.00s
[349.989s][info][gc,start       ] GC(496) Pause Young (Allocation Failure)
[349.989s][info][gc,task        ] GC(496) Using 6 workers of 6 for evacuation
[349.999s][info][gc,heap        ] GC(496) ParNew: 451388K->26286K(460096K)
[349.999s][info][gc,heap        ] GC(496) CMS: 73401K->97995K(3683136K)
[349.999s][info][gc,metaspace   ] GC(496) Metaspace: 144701K(158444K)->144701K(158444K) NonClass: 125910K(132828K)->125910K(132828K) Class: 18790K(25616K)->18790K(25616K)
[350.000s][info][gc             ] GC(496) Pause Young (Allocation Failure) 512M->121M(4046M) 10.282ms
[350.000s][info][gc,cpu         ] GC(496) User=0.02s Sys=0.00s Real=0.00s
[350.180s][info][gc,start       ] GC(497) Pause Young (Allocation Failure)
[350.180s][info][gc,task        ] GC(497) Using 6 workers of 6 for evacuation
[350.188s][info][gc,heap        ] GC(497) ParNew: 435310K->21219K(460096K)
[350.188s][info][gc,heap        ] GC(497) CMS: 97995K->97995K(3683136K)
[350.188s][info][gc,metaspace   ] GC(497) Metaspace: 144701K(158444K)->144701K(158444K) NonClass: 125910K(132828K)->125910K(132828K) Class: 18790K(25616K)->18790K(25616K)
[350.188s][info][gc             ] GC(497) Pause Young (Allocation Failure) 520M->116M(4046M) 7.750ms
[350.188s][info][gc,cpu         ] GC(497) User=0.00s Sys=0.00s Real=0.00s
[350.241s][info][gc,start       ] GC(498) Pause Young (Allocation Failure)
[350.241s][info][gc,task        ] GC(498) Using 6 workers of 6 for evacuation
[350.250s][info][gc,heap        ] GC(498) ParNew: 430243K->36362K(460096K)
[350.250s][info][gc,heap        ] GC(498) CMS: 97995K->97995K(3683136K)
[350.250s][info][gc,metaspace   ] GC(498) Metaspace: 144701K(158444K)->144701K(158444K) NonClass: 125910K(132828K)->125910K(132828K) Class: 18790K(25616K)->18790K(25616K)
[350.250s][info][gc             ] GC(498) Pause Young (Allocation Failure) 515M->131M(4046M) 8.542ms
[350.250s][info][gc,cpu         ] GC(498) User=0.00s Sys=0.00s Real=0.00s
[350.412s][info][gc,start       ] GC(499) Pause Young (Allocation Failure)
[350.412s][info][gc,task        ] GC(499) Using 6 workers of 6 for evacuation
[350.423s][info][gc,heap        ] GC(499) ParNew: 445386K->35594K(460096K)
[350.423s][info][gc,heap        ] GC(499) CMS: 97995K->115013K(3683136K)
[350.423s][info][gc,metaspace   ] GC(499) Metaspace: 144701K(158444K)->144701K(158444K) NonClass: 125910K(132828K)->125910K(132828K) Class: 18790K(25616K)->18790K(25616K)
[350.423s][info][gc             ] GC(499) Pause Young (Allocation Failure) 530M->147M(4046M) 11.178ms
[350.423s][info][gc,cpu         ] GC(499) User=0.00s Sys=0.00s Real=0.00s
[350.987s][info][gc,start       ] GC(500) Pause Young (Allocation Failure)
[350.987s][info][gc,task        ] GC(500) Using 6 workers of 6 for evacuation
[350.996s][info][gc,heap        ] GC(500) ParNew: 444618K->23748K(460096K)
[350.996s][info][gc,heap        ] GC(500) CMS: 115013K->124477K(3683136K)
[350.996s][info][gc,metaspace   ] GC(500) Metaspace: 144701K(158444K)->144701K(158444K) NonClass: 125910K(132828K)->125910K(132828K) Class: 18790K(25616K)->18790K(25616K)
[350.996s][info][gc             ] GC(500) Pause Young (Allocation Failure) 546M->144M(4046M) 8.233ms
[350.996s][info][gc,cpu         ] GC(500) User=0.00s Sys=0.00s Real=0.01s
[352.576s][info][gc,start       ] GC(501) Pause Young (Allocation Failure)
[352.576s][info][gc,task        ] GC(501) Using 6 workers of 6 for evacuation
[352.582s][info][gc,heap        ] GC(501) ParNew: 432772K->13858K(460096K)
[352.582s][info][gc,heap        ] GC(501) CMS: 124477K->124477K(3683136K)
[352.582s][info][gc,metaspace   ] GC(501) Metaspace: 144701K(158444K)->144701K(158444K) NonClass: 125910K(132828K)->125910K(132828K) Class: 18790K(25616K)->18790K(25616K)
[352.583s][info][gc             ] GC(501) Pause Young (Allocation Failure) 544M->135M(4046M) 6.522ms
[352.583s][info][gc,cpu         ] GC(501) User=0.00s Sys=0.00s Real=0.01s
[354.128s][info][gc,start       ] GC(502) Pause Young (GCLocker Initiated GC)
[354.128s][info][gc,task        ] GC(502) Using 6 workers of 6 for evacuation
[354.137s][info][gc,heap        ] GC(502) ParNew: 422882K->17779K(460096K)
[354.137s][info][gc,heap        ] GC(502) CMS: 124477K->124477K(3683136K)
[354.137s][info][gc,metaspace   ] GC(502) Metaspace: 144701K(158444K)->144701K(158444K) NonClass: 125910K(132828K)->125910K(132828K) Class: 18790K(25616K)->18790K(25616K)
[354.137s][info][gc             ] GC(502) Pause Young (GCLocker Initiated GC) 534M->138M(4046M) 9.375ms
[354.137s][info][gc,cpu         ] GC(502) User=0.02s Sys=0.00s Real=0.02s
[355.612s][info][gc,start       ] GC(503) Pause Young (Allocation Failure)
[355.612s][info][gc,task        ] GC(503) Using 6 workers of 6 for evacuation
[355.620s][info][gc,heap        ] GC(503) ParNew: 426083K->14329K(460096K)
[355.621s][info][gc,heap        ] GC(503) CMS: 124477K->124477K(3683136K)
[355.621s][info][gc,metaspace   ] GC(503) Metaspace: 144701K(158444K)->144701K(158444K) NonClass: 125910K(132828K)->125910K(132828K) Class: 18790K(25616K)->18790K(25616K)
[355.621s][info][gc             ] GC(503) Pause Young (Allocation Failure) 537M->135M(4046M) 8.436ms
[355.621s][info][gc,cpu         ] GC(503) User=0.00s Sys=0.00s Real=0.02s
[356.075s][info][gc,start       ] GC(504) Pause Full (System.gc())
[356.079s][info][gc,phases,start] GC(504) Phase 1: Mark live objects
[356.151s][info][gc,phases      ] GC(504) Phase 1: Mark live objects 72.026ms
[356.151s][info][gc,phases,start] GC(504) Phase 2: Compute new object addresses
[356.193s][info][gc,phases      ] GC(504) Phase 2: Compute new object addresses 41.831ms
[356.193s][info][gc,phases,start] GC(504) Phase 3: Adjust pointers
[356.239s][info][gc,phases      ] GC(504) Phase 3: Adjust pointers 45.427ms
[356.239s][info][gc,phases,start] GC(504) Phase 4: Move objects
[356.247s][info][gc,phases      ] GC(504) Phase 4: Move objects 8.870ms
[356.251s][info][gc,heap        ] GC(504) ParNew: 287118K->0K(460096K)
[356.251s][info][gc,heap        ] GC(504) CMS: 124477K->73172K(3683136K)
[356.251s][info][gc,metaspace   ] GC(504) Metaspace: 144701K(158444K)->144701K(158444K) NonClass: 125910K(132828K)->125910K(132828K) Class: 18790K(25616K)->18790K(25616K)
[356.252s][info][gc             ] GC(504) Pause Full (System.gc()) 401M->71M(4046M) 176.514ms
[356.252s][info][gc,cpu         ] GC(504) User=0.16s Sys=0.00s Real=0.17s
[356.380s][info][gc,start       ] GC(505) Pause Young (Allocation Failure)
[356.380s][info][gc,task        ] GC(505) Using 6 workers of 6 for evacuation
[356.388s][info][gc,heap        ] GC(505) ParNew: 409024K->19946K(460096K)
[356.388s][info][gc,heap        ] GC(505) CMS: 73172K->73172K(3683136K)
[356.388s][info][gc,metaspace   ] GC(505) Metaspace: 144708K(158444K)->144708K(158444K) NonClass: 125915K(132828K)->125915K(132828K) Class: 18792K(25616K)->18792K(25616K)
[356.388s][info][gc             ] GC(505) Pause Young (Allocation Failure) 470M->90M(4046M) 7.862ms
[356.388s][info][gc,cpu         ] GC(505) User=0.00s Sys=0.00s Real=0.00s
[356.541s][info][gc,start       ] GC(506) Pause Young (Allocation Failure)
[356.541s][info][gc,task        ] GC(506) Using 6 workers of 6 for evacuation
[356.551s][info][gc,heap        ] GC(506) ParNew: 428970K->48829K(460096K)
[356.551s][info][gc,heap        ] GC(506) CMS: 73172K->73172K(3683136K)
[356.551s][info][gc,metaspace   ] GC(506) Metaspace: 144708K(158444K)->144708K(158444K) NonClass: 125915K(132828K)->125915K(132828K) Class: 18792K(25616K)->18792K(25616K)
[356.551s][info][gc             ] GC(506) Pause Young (Allocation Failure) 490M->119M(4046M) 9.402ms
[356.551s][info][gc,cpu         ] GC(506) User=0.02s Sys=0.00s Real=0.02s
[356.603s][info][gc,start       ] GC(507) Pause Young (Allocation Failure)
[356.603s][info][gc,task        ] GC(507) Using 6 workers of 6 for evacuation
[356.614s][info][gc,heap        ] GC(507) ParNew: 454787K->26415K(460096K)
[356.614s][info][gc,heap        ] GC(507) CMS: 73172K->97781K(3683136K)
[356.614s][info][gc,metaspace   ] GC(507) Metaspace: 144708K(158444K)->144708K(158444K) NonClass: 125915K(132828K)->125915K(132828K) Class: 18792K(25616K)->18792K(25616K)
[356.614s][info][gc             ] GC(507) Pause Young (Allocation Failure) 515M->121M(4046M) 11.032ms
[356.614s][info][gc,cpu         ] GC(507) User=0.02s Sys=0.00s Real=0.02s
[356.794s][info][gc,start       ] GC(508) Pause Young (Allocation Failure)
[356.795s][info][gc,task        ] GC(508) Using 6 workers of 6 for evacuation
[356.802s][info][gc,heap        ] GC(508) ParNew: 435439K->23087K(460096K)
[356.803s][info][gc,heap        ] GC(508) CMS: 97781K->97781K(3683136K)
[356.803s][info][gc,metaspace   ] GC(508) Metaspace: 144708K(158444K)->144708K(158444K) NonClass: 125915K(132828K)->125915K(132828K) Class: 18792K(25616K)->18792K(25616K)
[356.803s][info][gc             ] GC(508) Pause Young (Allocation Failure) 520M->118M(4046M) 8.095ms
[356.803s][info][gc,cpu         ] GC(508) User=0.00s Sys=0.00s Real=0.01s
[356.853s][info][gc,start       ] GC(509) Pause Young (Allocation Failure)
[356.853s][info][gc,task        ] GC(509) Using 6 workers of 6 for evacuation
[356.863s][info][gc,heap        ] GC(509) ParNew: 432111K->41486K(460096K)
[356.863s][info][gc,heap        ] GC(509) CMS: 97781K->97781K(3683136K)
[356.863s][info][gc,metaspace   ] GC(509) Metaspace: 144708K(158444K)->144708K(158444K) NonClass: 125915K(132828K)->125915K(132828K) Class: 18792K(25616K)->18792K(25616K)
[356.863s][info][gc             ] GC(509) Pause Young (Allocation Failure) 517M->136M(4046M) 9.707ms
[356.863s][info][gc,cpu         ] GC(509) User=0.06s Sys=0.00s Real=0.02s
[357.030s][info][gc,start       ] GC(510) Pause Young (Allocation Failure)
[357.030s][info][gc,task        ] GC(510) Using 6 workers of 6 for evacuation
[357.041s][info][gc,heap        ] GC(510) ParNew: 450510K->38269K(460096K)
[357.041s][info][gc,heap        ] GC(510) CMS: 97781K->114794K(3683136K)
[357.041s][info][gc,metaspace   ] GC(510) Metaspace: 144708K(158444K)->144708K(158444K) NonClass: 125915K(132828K)->125915K(132828K) Class: 18792K(25616K)->18792K(25616K)
[357.041s][info][gc             ] GC(510) Pause Young (Allocation Failure) 535M->149M(4046M) 11.143ms
[357.042s][info][gc,cpu         ] GC(510) User=0.02s Sys=0.00s Real=0.02s
[357.601s][info][gc,start       ] GC(511) Pause Young (Allocation Failure)
[357.601s][info][gc,task        ] GC(511) Using 6 workers of 6 for evacuation
[357.609s][info][gc,heap        ] GC(511) ParNew: 447293K->20065K(460096K)
[357.609s][info][gc,heap        ] GC(511) CMS: 114794K->124260K(3683136K)
[357.609s][info][gc,metaspace   ] GC(511) Metaspace: 144708K(158444K)->144708K(158444K) NonClass: 125915K(132828K)->125915K(132828K) Class: 18792K(25616K)->18792K(25616K)
[357.609s][info][gc             ] GC(511) Pause Young (Allocation Failure) 548M->140M(4046M) 8.167ms
[357.609s][info][gc,cpu         ] GC(511) User=0.00s Sys=0.00s Real=0.00s
[359.203s][info][gc,start       ] GC(512) Pause Young (Allocation Failure)
[359.203s][info][gc,task        ] GC(512) Using 6 workers of 6 for evacuation
[359.210s][info][gc,heap        ] GC(512) ParNew: 428858K->18073K(460096K)
[359.210s][info][gc,heap        ] GC(512) CMS: 124260K->124260K(3683136K)
[359.210s][info][gc,metaspace   ] GC(512) Metaspace: 144708K(158444K)->144708K(158444K) NonClass: 125915K(132828K)->125915K(132828K) Class: 18792K(25616K)->18792K(25616K)
[359.210s][info][gc             ] GC(512) Pause Young (Allocation Failure) 540M->138M(4046M) 6.735ms
[359.210s][info][gc,cpu         ] GC(512) User=0.00s Sys=0.00s Real=0.00s
[360.776s][info][gc,start       ] GC(513) Pause Young (Allocation Failure)
[360.776s][info][gc,task        ] GC(513) Using 6 workers of 6 for evacuation
[360.785s][info][gc,heap        ] GC(513) ParNew: 427097K->18777K(460096K)
[360.785s][info][gc,heap        ] GC(513) CMS: 124260K->124260K(3683136K)
[360.785s][info][gc,metaspace   ] GC(513) Metaspace: 144708K(158444K)->144708K(158444K) NonClass: 125915K(132828K)->125915K(132828K) Class: 18792K(25616K)->18792K(25616K)
[360.785s][info][gc             ] GC(513) Pause Young (Allocation Failure) 538M->139M(4046M) 9.048ms
[360.785s][info][gc,cpu         ] GC(513) User=0.02s Sys=0.00s Real=0.02s
[362.278s][info][gc,start       ] GC(514) Pause Young (Allocation Failure)
[362.278s][info][gc,task        ] GC(514) Using 6 workers of 6 for evacuation
[362.285s][info][gc,heap        ] GC(514) ParNew: 427801K->14348K(460096K)
[362.285s][info][gc,heap        ] GC(514) CMS: 124260K->124260K(3683136K)
[362.285s][info][gc,metaspace   ] GC(514) Metaspace: 144708K(158444K)->144708K(158444K) NonClass: 125915K(132828K)->125915K(132828K) Class: 18792K(25616K)->18792K(25616K)
[362.285s][info][gc             ] GC(514) Pause Young (Allocation Failure) 539M->135M(4046M) 7.147ms
[362.285s][info][gc,cpu         ] GC(514) User=0.00s Sys=0.00s Real=0.00s
[362.735s][info][gc,start       ] GC(515) Pause Full (System.gc())
[362.737s][info][gc,phases,start] GC(515) Phase 1: Mark live objects
[362.811s][info][gc,phases      ] GC(515) Phase 1: Mark live objects 73.559ms
[362.811s][info][gc,phases,start] GC(515) Phase 2: Compute new object addresses
[362.852s][info][gc,phases      ] GC(515) Phase 2: Compute new object addresses 41.211ms
[362.852s][info][gc,phases,start] GC(515) Phase 3: Adjust pointers
[362.896s][info][gc,phases      ] GC(515) Phase 3: Adjust pointers 44.224ms
[362.896s][info][gc,phases,start] GC(515) Phase 4: Move objects
[362.901s][info][gc,phases      ] GC(515) Phase 4: Move objects 5.014ms
[362.905s][info][gc,heap        ] GC(515) ParNew: 283014K->0K(460096K)
[362.905s][info][gc,heap        ] GC(515) CMS: 124260K->73540K(3683136K)
[362.905s][info][gc,metaspace   ] GC(515) Metaspace: 144709K(158444K)->144709K(158444K) NonClass: 125916K(132828K)->125916K(132828K) Class: 18792K(25616K)->18792K(25616K)
[362.906s][info][gc             ] GC(515) Pause Full (System.gc()) 397M->71M(4046M) 170.891ms
[362.906s][info][gc,cpu         ] GC(515) User=0.17s Sys=0.00s Real=0.17s
[363.038s][info][gc,start       ] GC(516) Pause Young (Allocation Failure)
[363.038s][info][gc,task        ] GC(516) Using 6 workers of 6 for evacuation
[363.046s][info][gc,heap        ] GC(516) ParNew: 409024K->19762K(460096K)
[363.046s][info][gc,heap        ] GC(516) CMS: 73540K->73540K(3683136K)
[363.046s][info][gc,metaspace   ] GC(516) Metaspace: 144721K(158444K)->144721K(158444K) NonClass: 125928K(132828K)->125928K(132828K) Class: 18792K(25616K)->18792K(25616K)
[363.046s][info][gc             ] GC(516) Pause Young (Allocation Failure) 471M->91M(4046M) 7.844ms
[363.046s][info][gc,cpu         ] GC(516) User=0.02s Sys=0.00s Real=0.02s
[363.193s][info][gc,start       ] GC(517) Pause Young (Allocation Failure)
[363.193s][info][gc,task        ] GC(517) Using 6 workers of 6 for evacuation
[363.202s][info][gc,heap        ] GC(517) ParNew: 427103K->36523K(460096K)
[363.202s][info][gc,heap        ] GC(517) CMS: 73540K->73540K(3683136K)
[363.202s][info][gc,metaspace   ] GC(517) Metaspace: 144721K(158444K)->144721K(158444K) NonClass: 125928K(132828K)->125928K(132828K) Class: 18792K(25616K)->18792K(25616K)
[363.202s][info][gc             ] GC(517) Pause Young (Allocation Failure) 488M->107M(4046M) 8.995ms
[363.202s][info][gc,cpu         ] GC(517) User=0.02s Sys=0.00s Real=0.02s
[363.256s][info][gc,start       ] GC(518) Pause Young (Allocation Failure)
[363.256s][info][gc,task        ] GC(518) Using 6 workers of 6 for evacuation
[363.266s][info][gc,heap        ] GC(518) ParNew: 444554K->45711K(460096K)
[363.266s][info][gc,heap        ] GC(518) CMS: 73540K->73540K(3683136K)
[363.266s][info][gc,metaspace   ] GC(518) Metaspace: 144721K(158444K)->144721K(158444K) NonClass: 125928K(132828K)->125928K(132828K) Class: 18792K(25616K)->18792K(25616K)
[363.267s][info][gc             ] GC(518) Pause Young (Allocation Failure) 505M->116M(4046M) 10.553ms
[363.267s][info][gc,cpu         ] GC(518) User=0.02s Sys=0.00s Real=0.02s
[363.444s][info][gc,start       ] GC(519) Pause Young (Allocation Failure)
[363.444s][info][gc,task        ] GC(519) Using 6 workers of 6 for evacuation
[363.454s][info][gc,heap        ] GC(519) ParNew: 454735K->35844K(460096K)
[363.454s][info][gc,heap        ] GC(519) CMS: 73540K->97661K(3683136K)
[363.454s][info][gc,metaspace   ] GC(519) Metaspace: 144721K(158444K)->144721K(158444K) NonClass: 125928K(132828K)->125928K(132828K) Class: 18792K(25616K)->18792K(25616K)
[363.454s][info][gc             ] GC(519) Pause Young (Allocation Failure) 515M->130M(4046M) 10.437ms
[363.454s][info][gc,cpu         ] GC(519) User=0.02s Sys=0.00s Real=0.02s
[363.503s][info][gc,start       ] GC(520) Pause Young (Allocation Failure)
[363.503s][info][gc,task        ] GC(520) Using 6 workers of 6 for evacuation
[363.513s][info][gc,heap        ] GC(520) ParNew: 444868K->49551K(460096K)
[363.513s][info][gc,heap        ] GC(520) CMS: 97661K->97661K(3683136K)
[363.513s][info][gc,metaspace   ] GC(520) Metaspace: 144721K(158444K)->144721K(158444K) NonClass: 125928K(132828K)->125928K(132828K) Class: 18792K(25616K)->18792K(25616K)
[363.513s][info][gc             ] GC(520) Pause Young (Allocation Failure) 529M->143M(4046M) 9.985ms
[363.513s][info][gc,cpu         ] GC(520) User=0.00s Sys=0.00s Real=0.01s
[363.677s][info][gc,start       ] GC(521) Pause Young (Allocation Failure)
[363.677s][info][gc,task        ] GC(521) Using 6 workers of 6 for evacuation
[363.688s][info][gc,heap        ] GC(521) ParNew: 458575K->36340K(460096K)
[363.688s][info][gc,heap        ] GC(521) CMS: 97661K->114370K(3683136K)
[363.688s][info][gc,metaspace   ] GC(521) Metaspace: 144721K(158444K)->144721K(158444K) NonClass: 125928K(132828K)->125928K(132828K) Class: 18792K(25616K)->18792K(25616K)
[363.688s][info][gc             ] GC(521) Pause Young (Allocation Failure) 543M->147M(4046M) 10.963ms
[363.688s][info][gc,cpu         ] GC(521) User=0.05s Sys=0.00s Real=0.02s
[364.253s][info][gc,start       ] GC(522) Pause Young (Allocation Failure)
[364.253s][info][gc,task        ] GC(522) Using 6 workers of 6 for evacuation
[364.261s][info][gc,heap        ] GC(522) ParNew: 445364K->17890K(460096K)
[364.261s][info][gc,heap        ] GC(522) CMS: 114370K->123834K(3683136K)
[364.261s][info][gc,metaspace   ] GC(522) Metaspace: 144721K(158444K)->144721K(158444K) NonClass: 125928K(132828K)->125928K(132828K) Class: 18792K(25616K)->18792K(25616K)
[364.261s][info][gc             ] GC(522) Pause Young (Allocation Failure) 546M->138M(4046M) 8.656ms
[364.261s][info][gc,cpu         ] GC(522) User=0.00s Sys=0.00s Real=0.01s
[365.837s][info][gc,start       ] GC(523) Pause Young (Allocation Failure)
[365.837s][info][gc,task        ] GC(523) Using 6 workers of 6 for evacuation
[365.845s][info][gc,heap        ] GC(523) ParNew: 426914K->18970K(460096K)
[365.845s][info][gc,heap        ] GC(523) CMS: 123834K->123834K(3683136K)
[365.845s][info][gc,metaspace   ] GC(523) Metaspace: 144721K(158444K)->144721K(158444K) NonClass: 125928K(132828K)->125928K(132828K) Class: 18792K(25616K)->18792K(25616K)
[365.845s][info][gc             ] GC(523) Pause Young (Allocation Failure) 537M->139M(4046M) 8.397ms
[365.845s][info][gc,cpu         ] GC(523) User=0.03s Sys=0.00s Real=0.02s
[367.415s][info][gc,start       ] GC(524) Pause Young (Allocation Failure)
[367.415s][info][gc,task        ] GC(524) Using 6 workers of 6 for evacuation
[367.424s][info][gc,heap        ] GC(524) ParNew: 427994K->19633K(460096K)
[367.424s][info][gc,heap        ] GC(524) CMS: 123834K->123834K(3683136K)
[367.424s][info][gc,metaspace   ] GC(524) Metaspace: 144721K(158444K)->144721K(158444K) NonClass: 125928K(132828K)->125928K(132828K) Class: 18792K(25616K)->18792K(25616K)
[367.424s][info][gc             ] GC(524) Pause Young (Allocation Failure) 538M->140M(4046M) 8.636ms
[367.424s][info][gc,cpu         ] GC(524) User=0.00s Sys=0.00s Real=0.01s
[368.914s][info][gc,start       ] GC(525) Pause Young (Allocation Failure)
[368.914s][info][gc,task        ] GC(525) Using 6 workers of 6 for evacuation
[368.920s][info][gc,heap        ] GC(525) ParNew: 428571K->16654K(460096K)
[368.920s][info][gc,heap        ] GC(525) CMS: 123834K->123834K(3683136K)
[368.920s][info][gc,metaspace   ] GC(525) Metaspace: 144721K(158444K)->144721K(158444K) NonClass: 125928K(132828K)->125928K(132828K) Class: 18792K(25616K)->18792K(25616K)
[368.920s][info][gc             ] GC(525) Pause Young (Allocation Failure) 539M->137M(4046M) 6.786ms
[368.920s][info][gc,cpu         ] GC(525) User=0.00s Sys=0.00s Real=0.02s
[369.368s][info][gc,start       ] GC(526) Pause Full (System.gc())
[369.370s][info][gc,phases,start] GC(526) Phase 1: Mark live objects
[369.443s][info][gc,phases      ] GC(526) Phase 1: Mark live objects 72.575ms
[369.443s][info][gc,phases,start] GC(526) Phase 2: Compute new object addresses
[369.484s][info][gc,phases      ] GC(526) Phase 2: Compute new object addresses 40.967ms
[369.484s][info][gc,phases,start] GC(526) Phase 3: Adjust pointers
[369.529s][info][gc,phases      ] GC(526) Phase 3: Adjust pointers 44.912ms
[369.529s][info][gc,phases,start] GC(526) Phase 4: Move objects
[369.537s][info][gc,phases      ] GC(526) Phase 4: Move objects 8.665ms
[369.541s][info][gc,heap        ] GC(526) ParNew: 285956K->0K(460096K)
[369.541s][info][gc,heap        ] GC(526) CMS: 123834K->73258K(3683136K)
[369.541s][info][gc,metaspace   ] GC(526) Metaspace: 144722K(158444K)->144722K(158444K) NonClass: 125929K(132828K)->125929K(132828K) Class: 18792K(25616K)->18792K(25616K)
[369.542s][info][gc             ] GC(526) Pause Full (System.gc()) 400M->71M(4046M) 174.050ms
[369.542s][info][gc,cpu         ] GC(526) User=0.17s Sys=0.00s Real=0.17s
[369.675s][info][gc,start       ] GC(527) Pause Young (Allocation Failure)
[369.675s][info][gc,task        ] GC(527) Using 6 workers of 6 for evacuation
[369.683s][info][gc,heap        ] GC(527) ParNew: 409024K->20940K(460096K)
[369.683s][info][gc,heap        ] GC(527) CMS: 73258K->73258K(3683136K)
[369.683s][info][gc,metaspace   ] GC(527) Metaspace: 144761K(158444K)->144761K(158444K) NonClass: 125969K(132828K)->125969K(132828K) Class: 18792K(25616K)->18792K(25616K)
[369.683s][info][gc             ] GC(527) Pause Young (Allocation Failure) 470M->91M(4046M) 8.006ms
[369.683s][info][gc,cpu         ] GC(527) User=0.02s Sys=0.00s Real=0.00s
[369.842s][info][gc,start       ] GC(528) Pause Young (Allocation Failure)
[369.843s][info][gc,task        ] GC(528) Using 6 workers of 6 for evacuation
[369.853s][info][gc,heap        ] GC(528) ParNew: 429964K->51072K(460096K)
[369.853s][info][gc,heap        ] GC(528) CMS: 73258K->73258K(3683136K)
[369.853s][info][gc,metaspace   ] GC(528) Metaspace: 144761K(158444K)->144761K(158444K) NonClass: 125969K(132828K)->125969K(132828K) Class: 18792K(25616K)->18792K(25616K)
[369.853s][info][gc             ] GC(528) Pause Young (Allocation Failure) 491M->121M(4046M) 10.222ms
[369.853s][info][gc,cpu         ] GC(528) User=0.00s Sys=0.00s Real=0.00s
[369.908s][info][gc,start       ] GC(529) Pause Young (Allocation Failure)
[369.909s][info][gc,task        ] GC(529) Using 6 workers of 6 for evacuation
[369.920s][info][gc,heap        ] GC(529) ParNew: 459545K->30940K(460096K)
[369.920s][info][gc,heap        ] GC(529) CMS: 73258K->97852K(3683136K)
[369.920s][info][gc,metaspace   ] GC(529) Metaspace: 144761K(158444K)->144761K(158444K) NonClass: 125969K(132828K)->125969K(132828K) Class: 18792K(25616K)->18792K(25616K)
[369.920s][info][gc             ] GC(529) Pause Young (Allocation Failure) 520M->125M(4046M) 11.729ms
[369.920s][info][gc,cpu         ] GC(529) User=0.09s Sys=0.00s Real=0.02s
[370.092s][info][gc,start       ] GC(530) Pause Young (Allocation Failure)
[370.092s][info][gc,task        ] GC(530) Using 6 workers of 6 for evacuation
[370.100s][info][gc,heap        ] GC(530) ParNew: 437333K->23679K(460096K)
[370.100s][info][gc,heap        ] GC(530) CMS: 97852K->97852K(3683136K)
[370.100s][info][gc,metaspace   ] GC(530) Metaspace: 144761K(158444K)->144761K(158444K) NonClass: 125969K(132828K)->125969K(132828K) Class: 18792K(25616K)->18792K(25616K)
[370.100s][info][gc             ] GC(530) Pause Young (Allocation Failure) 522M->118M(4046M) 7.531ms
[370.100s][info][gc,cpu         ] GC(530) User=0.00s Sys=0.00s Real=0.00s
[370.149s][info][gc,start       ] GC(531) Pause Young (Allocation Failure)
[370.149s][info][gc,task        ] GC(531) Using 6 workers of 6 for evacuation
[370.158s][info][gc,heap        ] GC(531) ParNew: 432703K->37125K(460096K)
[370.158s][info][gc,heap        ] GC(531) CMS: 97852K->97852K(3683136K)
[370.158s][info][gc,metaspace   ] GC(531) Metaspace: 144761K(158444K)->144761K(158444K) NonClass: 125969K(132828K)->125969K(132828K) Class: 18792K(25616K)->18792K(25616K)
[370.158s][info][gc             ] GC(531) Pause Young (Allocation Failure) 518M->131M(4046M) 8.600ms
[370.158s][info][gc,cpu         ] GC(531) User=0.02s Sys=0.00s Real=0.02s
[370.338s][info][gc,start       ] GC(532) Pause Young (Allocation Failure)
[370.338s][info][gc,task        ] GC(532) Using 6 workers of 6 for evacuation
[370.349s][info][gc,heap        ] GC(532) ParNew: 446149K->38053K(460096K)
[370.349s][info][gc,heap        ] GC(532) CMS: 97852K->114967K(3683136K)
[370.349s][info][gc,metaspace   ] GC(532) Metaspace: 144761K(158444K)->144761K(158444K) NonClass: 125969K(132828K)->125969K(132828K) Class: 18792K(25616K)->18792K(25616K)
[370.349s][info][gc             ] GC(532) Pause Young (Allocation Failure) 531M->149M(4046M) 10.796ms
[370.349s][info][gc,cpu         ] GC(532) User=0.02s Sys=0.00s Real=0.02s
[370.911s][info][gc,start       ] GC(533) Pause Young (Allocation Failure)
[370.911s][info][gc,task        ] GC(533) Using 6 workers of 6 for evacuation
[370.919s][info][gc,heap        ] GC(533) ParNew: 447077K->23081K(460096K)
[370.919s][info][gc,heap        ] GC(533) CMS: 114967K->124433K(3683136K)
[370.919s][info][gc,metaspace   ] GC(533) Metaspace: 144761K(158444K)->144761K(158444K) NonClass: 125969K(132828K)->125969K(132828K) Class: 18792K(25616K)->18792K(25616K)
[370.920s][info][gc             ] GC(533) Pause Young (Allocation Failure) 548M->144M(4046M) 8.478ms
[370.920s][info][gc,cpu         ] GC(533) User=0.02s Sys=0.00s Real=0.01s
[372.495s][info][gc,start       ] GC(534) Pause Young (Allocation Failure)
[372.495s][info][gc,task        ] GC(534) Using 6 workers of 6 for evacuation
[372.502s][info][gc,heap        ] GC(534) ParNew: 432105K->15116K(460096K)
[372.502s][info][gc,heap        ] GC(534) CMS: 124433K->124433K(3683136K)
[372.502s][info][gc,metaspace   ] GC(534) Metaspace: 144761K(158444K)->144761K(158444K) NonClass: 125969K(132828K)->125969K(132828K) Class: 18792K(25616K)->18792K(25616K)
[372.502s][info][gc             ] GC(534) Pause Young (Allocation Failure) 543M->136M(4046M) 6.847ms
[372.502s][info][gc,cpu         ] GC(534) User=0.00s Sys=0.00s Real=0.00s
[374.053s][info][gc,start       ] GC(535) Pause Young (GCLocker Initiated GC)
[374.053s][info][gc,task        ] GC(535) Using 6 workers of 6 for evacuation
[374.061s][info][gc,heap        ] GC(535) ParNew: 424151K->18450K(460096K)
[374.061s][info][gc,heap        ] GC(535) CMS: 124433K->124433K(3683136K)
[374.061s][info][gc,metaspace   ] GC(535) Metaspace: 144761K(158444K)->144761K(158444K) NonClass: 125969K(132828K)->125969K(132828K) Class: 18792K(25616K)->18792K(25616K)
[374.061s][info][gc             ] GC(535) Pause Young (GCLocker Initiated GC) 535M->139M(4046M) 8.511ms
[374.061s][info][gc,cpu         ] GC(535) User=0.00s Sys=0.00s Real=0.00s
[375.552s][info][gc,start       ] GC(536) Pause Young (Allocation Failure)
[375.552s][info][gc,task        ] GC(536) Using 6 workers of 6 for evacuation
[375.559s][info][gc,heap        ] GC(536) ParNew: 426372K->14684K(460096K)
[375.559s][info][gc,heap        ] GC(536) CMS: 124433K->124433K(3683136K)
[375.559s][info][gc,metaspace   ] GC(536) Metaspace: 144761K(158444K)->144761K(158444K) NonClass: 125969K(132828K)->125969K(132828K) Class: 18792K(25616K)->18792K(25616K)
[375.559s][info][gc             ] GC(536) Pause Young (Allocation Failure) 537M->135M(4046M) 7.369ms
[375.559s][info][gc,cpu         ] GC(536) User=0.02s Sys=0.00s Real=0.02s
[376.010s][info][gc,start       ] GC(537) Pause Full (System.gc())
[376.012s][info][gc,phases,start] GC(537) Phase 1: Mark live objects
[376.086s][info][gc,phases      ] GC(537) Phase 1: Mark live objects 74.478ms
[376.087s][info][gc,phases,start] GC(537) Phase 2: Compute new object addresses
[376.128s][info][gc,phases      ] GC(537) Phase 2: Compute new object addresses 41.082ms
[376.128s][info][gc,phases,start] GC(537) Phase 3: Adjust pointers
[376.173s][info][gc,phases      ] GC(537) Phase 3: Adjust pointers 45.224ms
[376.173s][info][gc,phases,start] GC(537) Phase 4: Move objects
[376.182s][info][gc,phases      ] GC(537) Phase 4: Move objects 8.967ms
[376.186s][info][gc,heap        ] GC(537) ParNew: 282701K->0K(460096K)
[376.186s][info][gc,heap        ] GC(537) CMS: 124433K->73646K(3683136K)
[376.186s][info][gc,metaspace   ] GC(537) Metaspace: 144788K(158444K)->144788K(158444K) NonClass: 125995K(132828K)->125995K(132828K) Class: 18792K(25616K)->18792K(25616K)
[376.187s][info][gc             ] GC(537) Pause Full (System.gc()) 397M->71M(4046M) 177.492ms
[376.187s][info][gc,cpu         ] GC(537) User=0.16s Sys=0.00s Real=0.17s
[376.319s][info][gc,start       ] GC(538) Pause Young (Allocation Failure)
[376.319s][info][gc,task        ] GC(538) Using 6 workers of 6 for evacuation
[376.326s][info][gc,heap        ] GC(538) ParNew: 409024K->19819K(460096K)
[376.327s][info][gc,heap        ] GC(538) CMS: 73646K->73646K(3683136K)
[376.327s][info][gc,metaspace   ] GC(538) Metaspace: 144788K(158444K)->144788K(158444K) NonClass: 125996K(132828K)->125996K(132828K) Class: 18792K(25616K)->18792K(25616K)
[376.327s][info][gc             ] GC(538) Pause Young (Allocation Failure) 471M->91M(4046M) 8.080ms
[376.327s][info][gc,cpu         ] GC(538) User=0.02s Sys=0.00s Real=0.02s
[376.477s][info][gc,start       ] GC(539) Pause Young (Allocation Failure)
[376.477s][info][gc,task        ] GC(539) Using 6 workers of 6 for evacuation
[376.486s][info][gc,heap        ] GC(539) ParNew: 424940K->51072K(460096K)
[376.486s][info][gc,heap        ] GC(539) CMS: 73646K->73646K(3683136K)
[376.486s][info][gc,metaspace   ] GC(539) Metaspace: 144788K(158444K)->144788K(158444K) NonClass: 125996K(132828K)->125996K(132828K) Class: 18792K(25616K)->18792K(25616K)
[376.486s][info][gc             ] GC(539) Pause Young (Allocation Failure) 486M->121M(4046M) 9.671ms
[376.486s][info][gc,cpu         ] GC(539) User=0.02s Sys=0.00s Real=0.02s
[376.539s][info][gc,start       ] GC(540) Pause Young (Allocation Failure)
[376.539s][info][gc,task        ] GC(540) Using 6 workers of 6 for evacuation
[376.550s][info][gc,heap        ] GC(540) ParNew: 456364K->29614K(460096K)
[376.550s][info][gc,heap        ] GC(540) CMS: 73646K->97775K(3683136K)
[376.550s][info][gc,metaspace   ] GC(540) Metaspace: 144788K(158444K)->144788K(158444K) NonClass: 125996K(132828K)->125996K(132828K) Class: 18792K(25616K)->18792K(25616K)
[376.550s][info][gc             ] GC(540) Pause Young (Allocation Failure) 517M->124M(4046M) 10.504ms
[376.550s][info][gc,cpu         ] GC(540) User=0.02s Sys=0.00s Real=0.01s
[376.725s][info][gc,start       ] GC(541) Pause Young (Allocation Failure)
[376.725s][info][gc,task        ] GC(541) Using 6 workers of 6 for evacuation
[376.732s][info][gc,heap        ] GC(541) ParNew: 434956K->23023K(460096K)
[376.732s][info][gc,heap        ] GC(541) CMS: 97775K->97775K(3683136K)
[376.732s][info][gc,metaspace   ] GC(541) Metaspace: 144788K(158444K)->144788K(158444K) NonClass: 125996K(132828K)->125996K(132828K) Class: 18792K(25616K)->18792K(25616K)
[376.732s][info][gc             ] GC(541) Pause Young (Allocation Failure) 520M->117M(4046M) 7.494ms
[376.732s][info][gc,cpu         ] GC(541) User=0.02s Sys=0.00s Real=0.02s
[376.784s][info][gc,start       ] GC(542) Pause Young (Allocation Failure)
[376.784s][info][gc,task        ] GC(542) Using 6 workers of 6 for evacuation
[376.794s][info][gc,heap        ] GC(542) ParNew: 431047K->45116K(460096K)
[376.794s][info][gc,heap        ] GC(542) CMS: 97775K->97775K(3683136K)
[376.794s][info][gc,metaspace   ] GC(542) Metaspace: 144788K(158444K)->144788K(158444K) NonClass: 125996K(132828K)->125996K(132828K) Class: 18792K(25616K)->18792K(25616K)
[376.794s][info][gc             ] GC(542) Pause Young (Allocation Failure) 516M->139M(4046M) 9.760ms
[376.794s][info][gc,cpu         ] GC(542) User=0.00s Sys=0.00s Real=0.00s
[376.960s][info][gc,start       ] GC(543) Pause Young (Allocation Failure)
[376.960s][info][gc,task        ] GC(543) Using 6 workers of 6 for evacuation
[376.970s][info][gc,heap        ] GC(543) ParNew: 454140K->34120K(460096K)
[376.970s][info][gc,heap        ] GC(543) CMS: 97775K->115363K(3683136K)
[376.970s][info][gc,metaspace   ] GC(543) Metaspace: 144788K(158444K)->144788K(158444K) NonClass: 125996K(132828K)->125996K(132828K) Class: 18792K(25616K)->18792K(25616K)
[376.970s][info][gc             ] GC(543) Pause Young (Allocation Failure) 538M->145M(4046M) 10.671ms
[376.970s][info][gc,cpu         ] GC(543) User=0.02s Sys=0.00s Real=0.02s
[377.532s][info][gc,start       ] GC(544) Pause Young (Allocation Failure)
[377.532s][info][gc,task        ] GC(544) Using 6 workers of 6 for evacuation
[377.541s][info][gc,heap        ] GC(544) ParNew: 443144K->17323K(460096K)
[377.541s][info][gc,heap        ] GC(544) CMS: 115363K->124827K(3683136K)
[377.541s][info][gc,metaspace   ] GC(544) Metaspace: 144788K(158444K)->144788K(158444K) NonClass: 125996K(132828K)->125996K(132828K) Class: 18792K(25616K)->18792K(25616K)
[377.541s][info][gc             ] GC(544) Pause Young (Allocation Failure) 545M->138M(4046M) 8.371ms
[377.541s][info][gc,cpu         ] GC(544) User=0.00s Sys=0.00s Real=0.00s
[379.089s][info][gc,start       ] GC(545) Pause Young (Allocation Failure)
[379.089s][info][gc,task        ] GC(545) Using 6 workers of 6 for evacuation
[379.098s][info][gc,heap        ] GC(545) ParNew: 426347K->14387K(460096K)
[379.098s][info][gc,heap        ] GC(545) CMS: 124827K->124827K(3683136K)
[379.098s][info][gc,metaspace   ] GC(545) Metaspace: 144788K(158444K)->144788K(158444K) NonClass: 125996K(132828K)->125996K(132828K) Class: 18792K(25616K)->18792K(25616K)
[379.098s][info][gc             ] GC(545) Pause Young (Allocation Failure) 538M->135M(4046M) 8.364ms
[379.098s][info][gc,cpu         ] GC(545) User=0.00s Sys=0.00s Real=0.00s
[380.713s][info][gc,start       ] GC(546) Pause Young (GCLocker Initiated GC)
[380.713s][info][gc,task        ] GC(546) Using 6 workers of 6 for evacuation
[380.721s][info][gc,heap        ] GC(546) ParNew: 423438K->15063K(460096K)
[380.721s][info][gc,heap        ] GC(546) CMS: 124827K->124827K(3683136K)
[380.721s][info][gc,metaspace   ] GC(546) Metaspace: 144788K(158444K)->144788K(158444K) NonClass: 125996K(132828K)->125996K(132828K) Class: 18792K(25616K)->18792K(25616K)
[380.721s][info][gc             ] GC(546) Pause Young (GCLocker Initiated GC) 535M->136M(4046M) 8.193ms
[380.721s][info][gc,cpu         ] GC(546) User=0.00s Sys=0.00s Real=0.01s
[382.131s][info][gc,start       ] GC(547) Pause Young (GCLocker Initiated GC)
[382.131s][info][gc,task        ] GC(547) Using 6 workers of 6 for evacuation
[382.139s][info][gc,heap        ] GC(547) ParNew: 424103K->13287K(460096K)
[382.139s][info][gc,heap        ] GC(547) CMS: 124827K->124827K(3683136K)
[382.139s][info][gc,metaspace   ] GC(547) Metaspace: 144788K(158444K)->144788K(158444K) NonClass: 125996K(132828K)->125996K(132828K) Class: 18792K(25616K)->18792K(25616K)
[382.139s][info][gc             ] GC(547) Pause Young (GCLocker Initiated GC) 536M->134M(4046M) 7.930ms
[382.139s][info][gc,cpu         ] GC(547) User=0.00s Sys=0.00s Real=0.00s
[382.657s][info][gc,start       ] GC(548) Pause Full (System.gc())
[382.659s][info][gc,phases,start] GC(548) Phase 1: Mark live objects
[382.733s][info][gc,phases      ] GC(548) Phase 1: Mark live objects 73.652ms
[382.733s][info][gc,phases,start] GC(548) Phase 2: Compute new object addresses
[382.775s][info][gc,phases      ] GC(548) Phase 2: Compute new object addresses 41.788ms
[382.775s][info][gc,phases,start] GC(548) Phase 3: Adjust pointers
[382.820s][info][gc,phases      ] GC(548) Phase 3: Adjust pointers 45.185ms
[382.820s][info][gc,phases,start] GC(548) Phase 4: Move objects
[382.829s][info][gc,phases      ] GC(548) Phase 4: Move objects 8.885ms
[382.833s][info][gc,heap        ] GC(548) ParNew: 291813K->0K(460096K)
[382.833s][info][gc,heap        ] GC(548) CMS: 124827K->73354K(3683136K)
[382.833s][info][gc,metaspace   ] GC(548) Metaspace: 144788K(158444K)->144788K(158444K) NonClass: 125996K(132828K)->125996K(132828K) Class: 18792K(25616K)->18792K(25616K)
[382.834s][info][gc             ] GC(548) Pause Full (System.gc()) 406M->71M(4046M) 176.371ms
[382.834s][info][gc,cpu         ] GC(548) User=0.16s Sys=0.00s Real=0.17s
[382.970s][info][gc,start       ] GC(549) Pause Young (Allocation Failure)
[382.970s][info][gc,task        ] GC(549) Using 6 workers of 6 for evacuation
[382.978s][info][gc,heap        ] GC(549) ParNew: 409024K->21825K(460096K)
[382.979s][info][gc,heap        ] GC(549) CMS: 73354K->73354K(3683136K)
[382.979s][info][gc,metaspace   ] GC(549) Metaspace: 144853K(158444K)->144853K(158444K) NonClass: 126060K(132828K)->126060K(132828K) Class: 18792K(25616K)->18792K(25616K)
[382.979s][info][gc             ] GC(549) Pause Young (Allocation Failure) 471M->92M(4046M) 8.778ms
[382.979s][info][gc,cpu         ] GC(549) User=0.03s Sys=0.00s Real=0.02s
[383.129s][info][gc,start       ] GC(550) Pause Young (Allocation Failure)
[383.129s][info][gc,task        ] GC(550) Using 6 workers of 6 for evacuation
[383.139s][info][gc,heap        ] GC(550) ParNew: 430849K->50709K(460096K)
[383.139s][info][gc,heap        ] GC(550) CMS: 73354K->73354K(3683136K)
[383.139s][info][gc,metaspace   ] GC(550) Metaspace: 144853K(158444K)->144853K(158444K) NonClass: 126060K(132828K)->126060K(132828K) Class: 18792K(25616K)->18792K(25616K)
[383.139s][info][gc             ] GC(550) Pause Young (Allocation Failure) 492M->121M(4046M) 9.880ms
[383.139s][info][gc,cpu         ] GC(550) User=0.02s Sys=0.00s Real=0.01s
[383.202s][info][gc,start       ] GC(551) Pause Young (Allocation Failure)
[383.202s][info][gc,task        ] GC(551) Using 6 workers of 6 for evacuation
[383.212s][info][gc,heap        ] GC(551) ParNew: 459733K->26237K(460096K)
[383.212s][info][gc,heap        ] GC(551) CMS: 73354K->97712K(3683136K)
[383.212s][info][gc,metaspace   ] GC(551) Metaspace: 144853K(158444K)->144853K(158444K) NonClass: 126060K(132828K)->126060K(132828K) Class: 18792K(25616K)->18792K(25616K)
[383.212s][info][gc             ] GC(551) Pause Young (Allocation Failure) 520M->121M(4046M) 10.056ms
[383.212s][info][gc,cpu         ] GC(551) User=0.02s Sys=0.00s Real=0.00s
[383.391s][info][gc,start       ] GC(552) Pause Young (Allocation Failure)
[383.391s][info][gc,task        ] GC(552) Using 6 workers of 6 for evacuation
[383.399s][info][gc,heap        ] GC(552) ParNew: 432742K->22304K(460096K)
[383.399s][info][gc,heap        ] GC(552) CMS: 97712K->97712K(3683136K)
[383.399s][info][gc,metaspace   ] GC(552) Metaspace: 144853K(158444K)->144853K(158444K) NonClass: 126060K(132828K)->126060K(132828K) Class: 18792K(25616K)->18792K(25616K)
[383.399s][info][gc             ] GC(552) Pause Young (Allocation Failure) 518M->117M(4046M) 8.016ms
[383.399s][info][gc,cpu         ] GC(552) User=0.00s Sys=0.00s Real=0.00s
[383.448s][info][gc,start       ] GC(553) Pause Young (Allocation Failure)
[383.449s][info][gc,task        ] GC(553) Using 6 workers of 6 for evacuation
[383.458s][info][gc,heap        ] GC(553) ParNew: 431328K->32547K(460096K)
[383.458s][info][gc,heap        ] GC(553) CMS: 97712K->97712K(3683136K)
[383.458s][info][gc,metaspace   ] GC(553) Metaspace: 144853K(158444K)->144853K(158444K) NonClass: 126060K(132828K)->126060K(132828K) Class: 18792K(25616K)->18792K(25616K)
[383.458s][info][gc             ] GC(553) Pause Young (Allocation Failure) 516M->127M(4046M) 9.218ms
[383.458s][info][gc,cpu         ] GC(553) User=0.02s Sys=0.00s Real=0.01s
[383.625s][info][gc,start       ] GC(554) Pause Young (Allocation Failure)
[383.625s][info][gc,task        ] GC(554) Using 6 workers of 6 for evacuation
[383.636s][info][gc,heap        ] GC(554) ParNew: 441571K->35821K(460096K)
[383.636s][info][gc,heap        ] GC(554) CMS: 97712K->114968K(3683136K)
[383.636s][info][gc,metaspace   ] GC(554) Metaspace: 144853K(158444K)->144853K(158444K) NonClass: 126060K(132828K)->126060K(132828K) Class: 18792K(25616K)->18792K(25616K)
[383.636s][info][gc             ] GC(554) Pause Young (Allocation Failure) 526M->147M(4046M) 10.934ms
[383.636s][info][gc,cpu         ] GC(554) User=0.00s Sys=0.00s Real=0.00s
[384.198s][info][gc,start       ] GC(555) Pause Young (Allocation Failure)
[384.198s][info][gc,task        ] GC(555) Using 6 workers of 6 for evacuation
[384.209s][info][gc,heap        ] GC(555) ParNew: 444845K->20277K(460096K)
[384.209s][info][gc,heap        ] GC(555) CMS: 114968K->124432K(3683136K)
[384.209s][info][gc,metaspace   ] GC(555) Metaspace: 144854K(158444K)->144854K(158444K) NonClass: 126061K(132828K)->126061K(132828K) Class: 18792K(25616K)->18792K(25616K)
[384.209s][info][gc             ] GC(555) Pause Young (Allocation Failure) 546M->141M(4046M) 10.718ms
[384.209s][info][gc,cpu         ] GC(555) User=0.03s Sys=0.00s Real=0.02s
[385.792s][info][gc,start       ] GC(556) Pause Young (Allocation Failure)
[385.792s][info][gc,task        ] GC(556) Using 6 workers of 6 for evacuation
[385.799s][info][gc,heap        ] GC(556) ParNew: 429301K->17217K(460096K)
[385.799s][info][gc,heap        ] GC(556) CMS: 124432K->124432K(3683136K)
[385.799s][info][gc,metaspace   ] GC(556) Metaspace: 144854K(158444K)->144854K(158444K) NonClass: 126061K(132828K)->126061K(132828K) Class: 18792K(25616K)->18792K(25616K)
[385.799s][info][gc             ] GC(556) Pause Young (Allocation Failure) 540M->138M(4046M) 6.916ms
[385.799s][info][gc,cpu         ] GC(556) User=0.00s Sys=0.00s Real=0.00s
[387.348s][info][gc,start       ] GC(557) Pause Young (Allocation Failure)
[387.348s][info][gc,task        ] GC(557) Using 6 workers of 6 for evacuation
[387.356s][info][gc,heap        ] GC(557) ParNew: 426274K->18626K(460096K)
[387.356s][info][gc,heap        ] GC(557) CMS: 124432K->124432K(3683136K)
[387.356s][info][gc,metaspace   ] GC(557) Metaspace: 144854K(158444K)->144854K(158444K) NonClass: 126061K(132828K)->126061K(132828K) Class: 18792K(25616K)->18792K(25616K)
[387.356s][info][gc             ] GC(557) Pause Young (Allocation Failure) 537M->139M(4046M) 8.167ms
[387.356s][info][gc,cpu         ] GC(557) User=0.02s Sys=0.00s Real=0.01s
[388.822s][info][gc,start       ] GC(558) Pause Young (Allocation Failure)
[388.822s][info][gc,task        ] GC(558) Using 6 workers of 6 for evacuation
[388.829s][info][gc,heap        ] GC(558) ParNew: 427650K->14014K(460096K)
[388.829s][info][gc,heap        ] GC(558) CMS: 124432K->124432K(3683136K)
[388.829s][info][gc,metaspace   ] GC(558) Metaspace: 144854K(158444K)->144854K(158444K) NonClass: 126061K(132828K)->126061K(132828K) Class: 18792K(25616K)->18792K(25616K)
[388.829s][info][gc             ] GC(558) Pause Young (Allocation Failure) 539M->135M(4046M) 7.133ms
[388.829s][info][gc,cpu         ] GC(558) User=0.00s Sys=0.00s Real=0.00s
[389.273s][info][gc,start       ] GC(559) Pause Full (System.gc())
[389.275s][info][gc,phases,start] GC(559) Phase 1: Mark live objects
[389.348s][info][gc,phases      ] GC(559) Phase 1: Mark live objects 72.929ms
[389.348s][info][gc,phases,start] GC(559) Phase 2: Compute new object addresses
[389.389s][info][gc,phases      ] GC(559) Phase 2: Compute new object addresses 41.247ms
[389.389s][info][gc,phases,start] GC(559) Phase 3: Adjust pointers
[389.433s][info][gc,phases      ] GC(559) Phase 3: Adjust pointers 44.029ms
[389.433s][info][gc,phases,start] GC(559) Phase 4: Move objects
[389.438s][info][gc,phases      ] GC(559) Phase 4: Move objects 4.937ms
[389.442s][info][gc,heap        ] GC(559) ParNew: 282399K->0K(460096K)
[389.442s][info][gc,heap        ] GC(559) CMS: 124432K->72898K(3683136K)
[389.442s][info][gc,metaspace   ] GC(559) Metaspace: 144854K(158444K)->144854K(158444K) NonClass: 126061K(132828K)->126061K(132828K) Class: 18792K(25616K)->18792K(25616K)
[389.443s][info][gc             ] GC(559) Pause Full (System.gc()) 397M->71M(4046M) 169.958ms
[389.443s][info][gc,cpu         ] GC(559) User=0.17s Sys=0.00s Real=0.16s
[389.566s][info][gc,start       ] GC(560) Pause Young (Allocation Failure)
[389.566s][info][gc,task        ] GC(560) Using 6 workers of 6 for evacuation
[389.574s][info][gc,heap        ] GC(560) ParNew: 409024K->19842K(460096K)
[389.574s][info][gc,heap        ] GC(560) CMS: 72898K->72898K(3683136K)
[389.574s][info][gc,metaspace   ] GC(560) Metaspace: 144885K(158444K)->144885K(158444K) NonClass: 126093K(132828K)->126093K(132828K) Class: 18792K(25616K)->18792K(25616K)
[389.574s][info][gc             ] GC(560) Pause Young (Allocation Failure) 470M->90M(4046M) 7.902ms
[389.574s][info][gc,cpu         ] GC(560) User=0.02s Sys=0.00s Real=0.02s
[389.733s][info][gc,start       ] GC(561) Pause Young (Allocation Failure)
[389.733s][info][gc,task        ] GC(561) Using 6 workers of 6 for evacuation
[389.744s][info][gc,heap        ] GC(561) ParNew: 428866K->51072K(460096K)
[389.744s][info][gc,heap        ] GC(561) CMS: 72898K->73142K(3683136K)
[389.744s][info][gc,metaspace   ] GC(561) Metaspace: 144885K(158444K)->144885K(158444K) NonClass: 126093K(132828K)->126093K(132828K) Class: 18792K(25616K)->18792K(25616K)
[389.744s][info][gc             ] GC(561) Pause Young (Allocation Failure) 490M->121M(4046M) 10.978ms
[389.744s][info][gc,cpu         ] GC(561) User=0.00s Sys=0.00s Real=0.01s
[389.796s][info][gc,start       ] GC(562) Pause Young (Allocation Failure)
[389.796s][info][gc,task        ] GC(562) Using 6 workers of 6 for evacuation
[389.806s][info][gc,heap        ] GC(562) ParNew: 456153K->29374K(460096K)
[389.806s][info][gc,heap        ] GC(562) CMS: 73142K->97332K(3683136K)
[389.806s][info][gc,metaspace   ] GC(562) Metaspace: 144885K(158444K)->144885K(158444K) NonClass: 126093K(132828K)->126093K(132828K) Class: 18792K(25616K)->18792K(25616K)
[389.806s][info][gc             ] GC(562) Pause Young (Allocation Failure) 516M->123M(4046M) 10.095ms
[389.806s][info][gc,cpu         ] GC(562) User=0.00s Sys=0.00s Real=0.01s
[389.981s][info][gc,start       ] GC(563) Pause Young (Allocation Failure)
[389.981s][info][gc,task        ] GC(563) Using 6 workers of 6 for evacuation
[389.988s][info][gc,heap        ] GC(563) ParNew: 438398K->24807K(460096K)
[389.988s][info][gc,heap        ] GC(563) CMS: 97332K->97332K(3683136K)
[389.988s][info][gc,metaspace   ] GC(563) Metaspace: 144888K(158700K)->144888K(158700K) NonClass: 126096K(133084K)->126096K(133084K) Class: 18792K(25616K)->18792K(25616K)
[389.988s][info][gc             ] GC(563) Pause Young (Allocation Failure) 523M->119M(4046M) 7.887ms
[389.988s][info][gc,cpu         ] GC(563) User=0.00s Sys=0.00s Real=0.00s
[390.037s][info][gc,start       ] GC(564) Pause Young (Allocation Failure)
[390.037s][info][gc,task        ] GC(564) Using 6 workers of 6 for evacuation
[390.047s][info][gc,heap        ] GC(564) ParNew: 433831K->50299K(460096K)
[390.047s][info][gc,heap        ] GC(564) CMS: 97332K->97332K(3683136K)
[390.047s][info][gc,metaspace   ] GC(564) Metaspace: 144888K(158700K)->144888K(158700K) NonClass: 126096K(133084K)->126096K(133084K) Class: 18792K(25616K)->18792K(25616K)
[390.047s][info][gc             ] GC(564) Pause Young (Allocation Failure) 518M->144M(4046M) 9.752ms
[390.047s][info][gc,cpu         ] GC(564) User=0.02s Sys=0.00s Real=0.02s
[390.215s][info][gc,start       ] GC(565) Pause Young (Allocation Failure)
[390.215s][info][gc,task        ] GC(565) Using 6 workers of 6 for evacuation
[390.226s][info][gc,heap        ] GC(565) ParNew: 459323K->34392K(460096K)
[390.226s][info][gc,heap        ] GC(565) CMS: 97332K->114585K(3683136K)
[390.226s][info][gc,metaspace   ] GC(565) Metaspace: 144888K(158700K)->144888K(158700K) NonClass: 126096K(133084K)->126096K(133084K) Class: 18792K(25616K)->18792K(25616K)
[390.226s][info][gc             ] GC(565) Pause Young (Allocation Failure) 543M->145M(4046M) 10.998ms
[390.226s][info][gc,cpu         ] GC(565) User=0.00s Sys=0.00s Real=0.00s
[390.773s][info][gc,start       ] GC(566) Pause Young (Allocation Failure)
[390.773s][info][gc,task        ] GC(566) Using 6 workers of 6 for evacuation
[390.782s][info][gc,heap        ] GC(566) ParNew: 443416K->20708K(460096K)
[390.782s][info][gc,heap        ] GC(566) CMS: 114585K->124049K(3683136K)
[390.782s][info][gc,metaspace   ] GC(566) Metaspace: 144888K(158700K)->144888K(158700K) NonClass: 126096K(133084K)->126096K(133084K) Class: 18792K(25616K)->18792K(25616K)
[390.782s][info][gc             ] GC(566) Pause Young (Allocation Failure) 544M->141M(4046M) 9.013ms
[390.782s][info][gc,cpu         ] GC(566) User=0.02s Sys=0.00s Real=0.02s
[392.354s][info][gc,start       ] GC(567) Pause Young (Allocation Failure)
[392.354s][info][gc,task        ] GC(567) Using 6 workers of 6 for evacuation
[392.361s][info][gc,heap        ] GC(567) ParNew: 429732K->16950K(460096K)
[392.361s][info][gc,heap        ] GC(567) CMS: 124049K->124049K(3683136K)
[392.361s][info][gc,metaspace   ] GC(567) Metaspace: 144888K(158700K)->144888K(158700K) NonClass: 126096K(133084K)->126096K(133084K) Class: 18792K(25616K)->18792K(25616K)
[392.361s][info][gc             ] GC(567) Pause Young (Allocation Failure) 540M->137M(4046M) 6.846ms
[392.361s][info][gc,cpu         ] GC(567) User=0.00s Sys=0.00s Real=0.00s
[393.914s][info][gc,start       ] GC(568) Pause Young (GCLocker Initiated GC)
[393.914s][info][gc,task        ] GC(568) Using 6 workers of 6 for evacuation
[393.922s][info][gc,heap        ] GC(568) ParNew: 425974K->19349K(460096K)
[393.922s][info][gc,heap        ] GC(568) CMS: 124049K->124049K(3683136K)
[393.922s][info][gc,metaspace   ] GC(568) Metaspace: 144888K(158700K)->144888K(158700K) NonClass: 126096K(133084K)->126096K(133084K) Class: 18792K(25616K)->18792K(25616K)
[393.923s][info][gc             ] GC(568) Pause Young (GCLocker Initiated GC) 537M->140M(4046M) 8.189ms
[393.923s][info][gc,cpu         ] GC(568) User=0.02s Sys=0.00s Real=0.02s
[395.407s][info][gc,start       ] GC(569) Pause Young (Allocation Failure)
[395.407s][info][gc,task        ] GC(569) Using 6 workers of 6 for evacuation
[395.415s][info][gc,heap        ] GC(569) ParNew: 427683K->14625K(460096K)
[395.415s][info][gc,heap        ] GC(569) CMS: 124049K->124049K(3683136K)
[395.415s][info][gc,metaspace   ] GC(569) Metaspace: 144888K(158700K)->144888K(158700K) NonClass: 126096K(133084K)->126096K(133084K) Class: 18792K(25616K)->18792K(25616K)
[395.415s][info][gc             ] GC(569) Pause Young (Allocation Failure) 538M->135M(4046M) 7.212ms
[395.415s][info][gc,cpu         ] GC(569) User=0.02s Sys=0.00s Real=0.02s
[395.859s][info][gc,start       ] GC(570) Pause Full (System.gc())
[395.861s][info][gc,phases,start] GC(570) Phase 1: Mark live objects
[395.934s][info][gc,phases      ] GC(570) Phase 1: Mark live objects 73.125ms
[395.935s][info][gc,phases,start] GC(570) Phase 2: Compute new object addresses
[395.976s][info][gc,phases      ] GC(570) Phase 2: Compute new object addresses 41.224ms
[395.976s][info][gc,phases,start] GC(570) Phase 3: Adjust pointers
[396.020s][info][gc,phases      ] GC(570) Phase 3: Adjust pointers 44.281ms
[396.020s][info][gc,phases,start] GC(570) Phase 4: Move objects
[396.025s][info][gc,phases      ] GC(570) Phase 4: Move objects 5.117ms
[396.029s][info][gc,heap        ] GC(570) ParNew: 284207K->0K(460096K)
[396.029s][info][gc,heap        ] GC(570) CMS: 124049K->73282K(3683136K)
[396.029s][info][gc,metaspace   ] GC(570) Metaspace: 144909K(158700K)->144909K(158700K) NonClass: 126117K(133084K)->126117K(133084K) Class: 18792K(25616K)->18792K(25616K)
[396.030s][info][gc             ] GC(570) Pause Full (System.gc()) 398M->71M(4046M) 170.742ms
[396.030s][info][gc,cpu         ] GC(570) User=0.16s Sys=0.00s Real=0.17s
[396.160s][info][gc,start       ] GC(571) Pause Young (Allocation Failure)
[396.160s][info][gc,task        ] GC(571) Using 6 workers of 6 for evacuation
[396.168s][info][gc,heap        ] GC(571) ParNew: 409024K->20693K(460096K)
[396.168s][info][gc,heap        ] GC(571) CMS: 73282K->73282K(3683136K)
[396.168s][info][gc,metaspace   ] GC(571) Metaspace: 144942K(158700K)->144942K(158700K) NonClass: 126150K(133084K)->126150K(133084K) Class: 18792K(25616K)->18792K(25616K)
[396.168s][info][gc             ] GC(571) Pause Young (Allocation Failure) 471M->91M(4046M) 8.274ms
[396.168s][info][gc,cpu         ] GC(571) User=0.03s Sys=0.00s Real=0.02s
[396.333s][info][gc,start       ] GC(572) Pause Young (Allocation Failure)
[396.334s][info][gc,task        ] GC(572) Using 6 workers of 6 for evacuation
[396.343s][info][gc,heap        ] GC(572) ParNew: 426290K->44469K(460096K)
[396.343s][info][gc,heap        ] GC(572) CMS: 73282K->73282K(3683136K)
[396.343s][info][gc,metaspace   ] GC(572) Metaspace: 144942K(158700K)->144942K(158700K) NonClass: 126150K(133084K)->126150K(133084K) Class: 18792K(25616K)->18792K(25616K)
[396.343s][info][gc             ] GC(572) Pause Young (Allocation Failure) 487M->114M(4046M) 9.307ms
[396.343s][info][gc,cpu         ] GC(572) User=0.02s Sys=0.00s Real=0.02s
[396.398s][info][gc,start       ] GC(573) Pause Young (GCLocker Initiated GC)
[396.399s][info][gc,task        ] GC(573) Using 6 workers of 6 for evacuation
[396.409s][info][gc,heap        ] GC(573) ParNew: 454466K->30364K(460096K)
[396.409s][info][gc,heap        ] GC(573) CMS: 73282K->97633K(3683136K)
[396.409s][info][gc,metaspace   ] GC(573) Metaspace: 144942K(158700K)->144942K(158700K) NonClass: 126150K(133084K)->126150K(133084K) Class: 18792K(25616K)->18792K(25616K)
[396.409s][info][gc             ] GC(573) Pause Young (GCLocker Initiated GC) 515M->124M(4046M) 10.441ms
[396.409s][info][gc,cpu         ] GC(573) User=0.00s Sys=0.00s Real=0.00s
[396.583s][info][gc,start       ] GC(574) Pause Young (Allocation Failure)
[396.583s][info][gc,task        ] GC(574) Using 6 workers of 6 for evacuation
[396.591s][info][gc,heap        ] GC(574) ParNew: 439388K->24808K(460096K)
[396.591s][info][gc,heap        ] GC(574) CMS: 97633K->97633K(3683136K)
[396.591s][info][gc,metaspace   ] GC(574) Metaspace: 144942K(158700K)->144942K(158700K) NonClass: 126150K(133084K)->126150K(133084K) Class: 18792K(25616K)->18792K(25616K)
[396.591s][info][gc             ] GC(574) Pause Young (Allocation Failure) 524M->119M(4046M) 8.007ms
[396.591s][info][gc,cpu         ] GC(574) User=0.02s Sys=0.00s Real=0.02s
[396.641s][info][gc,start       ] GC(575) Pause Young (Allocation Failure)
[396.641s][info][gc,task        ] GC(575) Using 6 workers of 6 for evacuation
[396.650s][info][gc,heap        ] GC(575) ParNew: 433832K->32518K(460096K)
[396.650s][info][gc,heap        ] GC(575) CMS: 97633K->97633K(3683136K)
[396.650s][info][gc,metaspace   ] GC(575) Metaspace: 144942K(158700K)->144942K(158700K) NonClass: 126150K(133084K)->126150K(133084K) Class: 18792K(25616K)->18792K(25616K)
[396.650s][info][gc             ] GC(575) Pause Young (Allocation Failure) 519M->127M(4046M) 9.165ms
[396.650s][info][gc,cpu         ] GC(575) User=0.02s Sys=0.00s Real=0.02s
[396.817s][info][gc,start       ] GC(576) Pause Young (Allocation Failure)
[396.817s][info][gc,task        ] GC(576) Using 6 workers of 6 for evacuation
[396.828s][info][gc,heap        ] GC(576) ParNew: 441542K->35816K(460096K)
[396.828s][info][gc,heap        ] GC(576) CMS: 97633K->114904K(3683136K)
[396.828s][info][gc,metaspace   ] GC(576) Metaspace: 144942K(158700K)->144942K(158700K) NonClass: 126150K(133084K)->126150K(133084K) Class: 18792K(25616K)->18792K(25616K)
[396.829s][info][gc             ] GC(576) Pause Young (Allocation Failure) 526M->147M(4046M) 11.113ms
[396.829s][info][gc,cpu         ] GC(576) User=0.02s Sys=0.00s Real=0.01s
[397.393s][info][gc,start       ] GC(577) Pause Young (Allocation Failure)
[397.393s][info][gc,task        ] GC(577) Using 6 workers of 6 for evacuation
[397.401s][info][gc,heap        ] GC(577) ParNew: 444840K->21602K(460096K)
[397.401s][info][gc,heap        ] GC(577) CMS: 114904K->124370K(3683136K)
[397.401s][info][gc,metaspace   ] GC(577) Metaspace: 144942K(158700K)->144942K(158700K) NonClass: 126150K(133084K)->126150K(133084K) Class: 18792K(25616K)->18792K(25616K)
[397.401s][info][gc             ] GC(577) Pause Young (Allocation Failure) 546M->142M(4046M) 8.127ms
[397.401s][info][gc,cpu         ] GC(577) User=0.00s Sys=0.00s Real=0.00s
[398.984s][info][gc,start       ] GC(578) Pause Young (Allocation Failure)
[398.984s][info][gc,task        ] GC(578) Using 6 workers of 6 for evacuation
[398.991s][info][gc,heap        ] GC(578) ParNew: 430626K->14829K(460096K)
[398.991s][info][gc,heap        ] GC(578) CMS: 124370K->124370K(3683136K)
[398.991s][info][gc,metaspace   ] GC(578) Metaspace: 144942K(158700K)->144942K(158700K) NonClass: 126150K(133084K)->126150K(133084K) Class: 18792K(25616K)->18792K(25616K)
[398.991s][info][gc             ] GC(578) Pause Young (Allocation Failure) 541M->135M(4046M) 7.601ms
[398.991s][info][gc,cpu         ] GC(578) User=0.00s Sys=0.00s Real=0.01s
[400.544s][info][gc,start       ] GC(579) Pause Young (GCLocker Initiated GC)
[400.544s][info][gc,task        ] GC(579) Using 6 workers of 6 for evacuation
[400.552s][info][gc,heap        ] GC(579) ParNew: 423853K->18341K(460096K)
[400.552s][info][gc,heap        ] GC(579) CMS: 124370K->124370K(3683136K)
[400.552s][info][gc,metaspace   ] GC(579) Metaspace: 144942K(158700K)->144942K(158700K) NonClass: 126150K(133084K)->126150K(133084K) Class: 18792K(25616K)->18792K(25616K)
[400.552s][info][gc             ] GC(579) Pause Young (GCLocker Initiated GC) 535M->139M(4046M) 8.564ms
[400.552s][info][gc,cpu         ] GC(579) User=0.00s Sys=0.00s Real=0.00s
[402.059s][info][gc,start       ] GC(580) Pause Young (Allocation Failure)
[402.059s][info][gc,task        ] GC(580) Using 6 workers of 6 for evacuation
[402.066s][info][gc,heap        ] GC(580) ParNew: 426642K->15527K(460096K)
[402.066s][info][gc,heap        ] GC(580) CMS: 124370K->124370K(3683136K)
[402.066s][info][gc,metaspace   ] GC(580) Metaspace: 144942K(158700K)->144942K(158700K) NonClass: 126150K(133084K)->126150K(133084K) Class: 18792K(25616K)->18792K(25616K)
[402.066s][info][gc             ] GC(580) Pause Young (Allocation Failure) 538M->136M(4046M) 6.813ms
[402.066s][info][gc,cpu         ] GC(580) User=0.02s Sys=0.00s Real=0.02s
[402.512s][info][gc,start       ] GC(581) Pause Full (System.gc())
[402.515s][info][gc,phases,start] GC(581) Phase 1: Mark live objects
[402.588s][info][gc,phases      ] GC(581) Phase 1: Mark live objects 73.205ms
[402.588s][info][gc,phases,start] GC(581) Phase 2: Compute new object addresses
[402.630s][info][gc,phases      ] GC(581) Phase 2: Compute new object addresses 41.577ms
[402.630s][info][gc,phases,start] GC(581) Phase 3: Adjust pointers
[402.675s][info][gc,phases      ] GC(581) Phase 3: Adjust pointers 45.132ms
[402.675s][info][gc,phases,start] GC(581) Phase 4: Move objects
[402.680s][info][gc,phases      ] GC(581) Phase 4: Move objects 5.107ms
[402.684s][info][gc,heap        ] GC(581) ParNew: 286747K->0K(460096K)
[402.684s][info][gc,heap        ] GC(581) CMS: 124370K->73006K(3683136K)
[402.684s][info][gc,metaspace   ] GC(581) Metaspace: 144964K(158700K)->144964K(158700K) NonClass: 126172K(133084K)->126172K(133084K) Class: 18792K(25616K)->18792K(25616K)
[402.685s][info][gc             ] GC(581) Pause Full (System.gc()) 401M->71M(4046M) 172.408ms
[402.685s][info][gc,cpu         ] GC(581) User=0.16s Sys=0.00s Real=0.18s
[402.831s][info][gc,start       ] GC(582) Pause Young (Allocation Failure)
[402.831s][info][gc,task        ] GC(582) Using 6 workers of 6 for evacuation
[402.839s][info][gc,heap        ] GC(582) ParNew: 409024K->19867K(460096K)
[402.839s][info][gc,heap        ] GC(582) CMS: 73006K->73006K(3683136K)
[402.839s][info][gc,metaspace   ] GC(582) Metaspace: 144965K(158700K)->144965K(158700K) NonClass: 126173K(133084K)->126173K(133084K) Class: 18792K(25616K)->18792K(25616K)
[402.839s][info][gc             ] GC(582) Pause Young (Allocation Failure) 470M->90M(4046M) 8.363ms
[402.839s][info][gc,cpu         ] GC(582) User=0.02s Sys=0.00s Real=0.02s
[402.990s][info][gc,start       ] GC(583) Pause Young (Allocation Failure)
[402.990s][info][gc,task        ] GC(583) Using 6 workers of 6 for evacuation
[402.999s][info][gc,heap        ] GC(583) ParNew: 426542K->48774K(460096K)
[402.999s][info][gc,heap        ] GC(583) CMS: 73006K->73006K(3683136K)
[402.999s][info][gc,metaspace   ] GC(583) Metaspace: 144965K(158700K)->144965K(158700K) NonClass: 126173K(133084K)->126173K(133084K) Class: 18792K(25616K)->18792K(25616K)
[402.999s][info][gc             ] GC(583) Pause Young (Allocation Failure) 487M->118M(4046M) 9.803ms
[402.999s][info][gc,cpu         ] GC(583) User=0.00s Sys=0.00s Real=0.01s
[403.051s][info][gc,start       ] GC(584) Pause Young (Allocation Failure)
[403.051s][info][gc,task        ] GC(584) Using 6 workers of 6 for evacuation
[403.062s][info][gc,heap        ] GC(584) ParNew: 456911K->37162K(460096K)
[403.062s][info][gc,heap        ] GC(584) CMS: 73006K->95437K(3683136K)
[403.063s][info][gc,metaspace   ] GC(584) Metaspace: 144965K(158700K)->144965K(158700K) NonClass: 126173K(133084K)->126173K(133084K) Class: 18792K(25616K)->18792K(25616K)
[403.063s][info][gc             ] GC(584) Pause Young (Allocation Failure) 517M->129M(4046M) 11.695ms
[403.063s][info][gc,cpu         ] GC(584) User=0.02s Sys=0.00s Real=0.01s
[403.245s][info][gc,start       ] GC(585) Pause Young (Allocation Failure)
[403.245s][info][gc,task        ] GC(585) Using 6 workers of 6 for evacuation
[403.253s][info][gc,heap        ] GC(585) ParNew: 446186K->24014K(460096K)
[403.253s][info][gc,heap        ] GC(585) CMS: 95437K->95437K(3683136K)
[403.253s][info][gc,metaspace   ] GC(585) Metaspace: 144965K(158700K)->144965K(158700K) NonClass: 126173K(133084K)->126173K(133084K) Class: 18792K(25616K)->18792K(25616K)
[403.253s][info][gc             ] GC(585) Pause Young (Allocation Failure) 528M->116M(4046M) 7.909ms
[403.253s][info][gc,cpu         ] GC(585) User=0.00s Sys=0.00s Real=0.00s
[403.301s][info][gc,start       ] GC(586) Pause Young (Allocation Failure)
[403.301s][info][gc,task        ] GC(586) Using 6 workers of 6 for evacuation
[403.311s][info][gc,heap        ] GC(586) ParNew: 433038K->51072K(460096K)
[403.311s][info][gc,heap        ] GC(586) CMS: 95437K->95822K(3683136K)
[403.311s][info][gc,metaspace   ] GC(586) Metaspace: 144965K(158700K)->144965K(158700K) NonClass: 126173K(133084K)->126173K(133084K) Class: 18792K(25616K)->18792K(25616K)
[403.311s][info][gc             ] GC(586) Pause Young (Allocation Failure) 516M->143M(4046M) 10.232ms
[403.311s][info][gc,cpu         ] GC(586) User=0.02s Sys=0.00s Real=0.02s
[403.483s][info][gc,start       ] GC(587) Pause Young (Allocation Failure)
[403.483s][info][gc,task        ] GC(587) Using 6 workers of 6 for evacuation
[403.494s][info][gc,heap        ] GC(587) ParNew: 460096K->39083K(460096K)
[403.494s][info][gc,heap        ] GC(587) CMS: 95822K->115384K(3683136K)
[403.494s][info][gc,metaspace   ] GC(587) Metaspace: 144965K(158700K)->144965K(158700K) NonClass: 126173K(133084K)->126173K(133084K) Class: 18792K(25616K)->18792K(25616K)
[403.494s][info][gc             ] GC(587) Pause Young (Allocation Failure) 542M->150M(4046M) 11.565ms
[403.495s][info][gc,cpu         ] GC(587) User=0.02s Sys=0.00s Real=0.02s
[404.062s][info][gc,start       ] GC(588) Pause Young (Allocation Failure)
[404.062s][info][gc,task        ] GC(588) Using 6 workers of 6 for evacuation
[404.070s][info][gc,heap        ] GC(588) ParNew: 448107K->23296K(460096K)
[404.070s][info][gc,heap        ] GC(588) CMS: 115384K->124848K(3683136K)
[404.070s][info][gc,metaspace   ] GC(588) Metaspace: 144965K(158700K)->144965K(158700K) NonClass: 126173K(133084K)->126173K(133084K) Class: 18792K(25616K)->18792K(25616K)
[404.070s][info][gc             ] GC(588) Pause Young (Allocation Failure) 550M->144M(4046M) 8.291ms
[404.070s][info][gc,cpu         ] GC(588) User=0.00s Sys=0.00s Real=0.00s
[405.639s][info][gc,start       ] GC(589) Pause Young (Allocation Failure)
[405.639s][info][gc,task        ] GC(589) Using 6 workers of 6 for evacuation
[405.648s][info][gc,heap        ] GC(589) ParNew: 432320K->14381K(460096K)
[405.648s][info][gc,heap        ] GC(589) CMS: 124848K->124848K(3683136K)
[405.648s][info][gc,metaspace   ] GC(589) Metaspace: 144965K(158700K)->144965K(158700K) NonClass: 126173K(133084K)->126173K(133084K) Class: 18792K(25616K)->18792K(25616K)
[405.648s][info][gc             ] GC(589) Pause Young (Allocation Failure) 544M->135M(4046M) 8.523ms
[405.648s][info][gc,cpu         ] GC(589) User=0.02s Sys=0.00s Real=0.02s
[407.205s][info][gc,start       ] GC(590) Pause Young (GCLocker Initiated GC)
[407.205s][info][gc,task        ] GC(590) Using 6 workers of 6 for evacuation
[407.213s][info][gc,heap        ] GC(590) ParNew: 423405K->20675K(460096K)
[407.213s][info][gc,heap        ] GC(590) CMS: 124848K->124848K(3683136K)
[407.213s][info][gc,metaspace   ] GC(590) Metaspace: 144965K(158700K)->144965K(158700K) NonClass: 126173K(133084K)->126173K(133084K) Class: 18792K(25616K)->18792K(25616K)
[407.213s][info][gc             ] GC(590) Pause Young (GCLocker Initiated GC) 535M->142M(4046M) 8.303ms
[407.213s][info][gc,cpu         ] GC(590) User=0.00s Sys=0.00s Real=0.00s
[408.711s][info][gc,start       ] GC(591) Pause Young (Allocation Failure)
[408.711s][info][gc,task        ] GC(591) Using 6 workers of 6 for evacuation
[408.718s][info][gc,heap        ] GC(591) ParNew: 427415K->17042K(460096K)
[408.718s][info][gc,heap        ] GC(591) CMS: 124848K->124848K(3683136K)
[408.718s][info][gc,metaspace   ] GC(591) Metaspace: 144965K(158700K)->144965K(158700K) NonClass: 126173K(133084K)->126173K(133084K) Class: 18792K(25616K)->18792K(25616K)
[408.718s][info][gc             ] GC(591) Pause Young (Allocation Failure) 539M->138M(4046M) 6.670ms
[408.718s][info][gc,cpu         ] GC(591) User=0.00s Sys=0.00s Real=0.00s
[409.164s][info][gc,start       ] GC(592) Pause Full (System.gc())
[409.169s][info][gc,phases,start] GC(592) Phase 1: Mark live objects
[409.249s][info][gc,phases      ] GC(592) Phase 1: Mark live objects 79.987ms
[409.249s][info][gc,phases,start] GC(592) Phase 2: Compute new object addresses
[409.292s][info][gc,phases      ] GC(592) Phase 2: Compute new object addresses 42.865ms
[409.292s][info][gc,phases,start] GC(592) Phase 3: Adjust pointers
[409.338s][info][gc,phases      ] GC(592) Phase 3: Adjust pointers 46.215ms
[409.338s][info][gc,phases,start] GC(592) Phase 4: Move objects
[409.343s][info][gc,phases      ] GC(592) Phase 4: Move objects 4.970ms
[409.347s][info][gc,heap        ] GC(592) ParNew: 283844K->0K(460096K)
[409.347s][info][gc,heap        ] GC(592) CMS: 124848K->73379K(3683136K)
[409.347s][info][gc,metaspace   ] GC(592) Metaspace: 144968K(158700K)->144968K(158700K) NonClass: 126176K(133084K)->126176K(133084K) Class: 18792K(25616K)->18792K(25616K)
[409.348s][info][gc             ] GC(592) Pause Full (System.gc()) 399M->71M(4046M) 183.290ms
[409.348s][info][gc,cpu         ] GC(592) User=0.28s Sys=0.00s Real=0.19s
[409.467s][info][gc,start       ] GC(593) Pause Young (Allocation Failure)
[409.467s][info][gc,task        ] GC(593) Using 6 workers of 6 for evacuation
[409.477s][info][gc,heap        ] GC(593) ParNew: 409024K->20582K(460096K)
[409.477s][info][gc,heap        ] GC(593) CMS: 73379K->73379K(3683136K)
[409.477s][info][gc,metaspace   ] GC(593) Metaspace: 145000K(158700K)->145000K(158700K) NonClass: 126207K(133084K)->126207K(133084K) Class: 18792K(25616K)->18792K(25616K)
[409.477s][info][gc             ] GC(593) Pause Young (Allocation Failure) 471M->91M(4046M) 9.441ms
[409.477s][info][gc,cpu         ] GC(593) User=0.02s Sys=0.00s Real=0.02s
[409.633s][info][gc,start       ] GC(594) Pause Young (Allocation Failure)
[409.633s][info][gc,task        ] GC(594) Using 6 workers of 6 for evacuation
[409.643s][info][gc,heap        ] GC(594) ParNew: 428101K->46968K(460096K)
[409.643s][info][gc,heap        ] GC(594) CMS: 73379K->73379K(3683136K)
[409.643s][info][gc,metaspace   ] GC(594) Metaspace: 145000K(158700K)->145000K(158700K) NonClass: 126207K(133084K)->126207K(133084K) Class: 18792K(25616K)->18792K(25616K)
[409.643s][info][gc             ] GC(594) Pause Young (Allocation Failure) 489M->117M(4046M) 9.654ms
[409.643s][info][gc,cpu         ] GC(594) User=0.00s Sys=0.00s Real=0.00s
[409.700s][info][gc,start       ] GC(595) Pause Young (Allocation Failure)
[409.700s][info][gc,task        ] GC(595) Using 6 workers of 6 for evacuation
[409.710s][info][gc,heap        ] GC(595) ParNew: 455720K->25824K(460096K)
[409.710s][info][gc,heap        ] GC(595) CMS: 73379K->97964K(3683136K)
[409.710s][info][gc,metaspace   ] GC(595) Metaspace: 145000K(158700K)->145000K(158700K) NonClass: 126208K(133084K)->126208K(133084K) Class: 18792K(25616K)->18792K(25616K)
[409.710s][info][gc             ] GC(595) Pause Young (Allocation Failure) 516M->120M(4046M) 10.129ms
[409.710s][info][gc,cpu         ] GC(595) User=0.03s Sys=0.00s Real=0.01s
[409.897s][info][gc,start       ] GC(596) Pause Young (Allocation Failure)
[409.897s][info][gc,task        ] GC(596) Using 6 workers of 6 for evacuation
[409.904s][info][gc,heap        ] GC(596) ParNew: 434848K->23875K(460096K)
[409.904s][info][gc,heap        ] GC(596) CMS: 97964K->97964K(3683136K)
[409.904s][info][gc,metaspace   ] GC(596) Metaspace: 145000K(158700K)->145000K(158700K) NonClass: 126208K(133084K)->126208K(133084K) Class: 18792K(25616K)->18792K(25616K)
[409.904s][info][gc             ] GC(596) Pause Young (Allocation Failure) 520M->118M(4046M) 7.330ms
[409.904s][info][gc,cpu         ] GC(596) User=0.00s Sys=0.00s Real=0.00s
[409.954s][info][gc,start       ] GC(597) Pause Young (Allocation Failure)
[409.955s][info][gc,task        ] GC(597) Using 6 workers of 6 for evacuation
[409.963s][info][gc,heap        ] GC(597) ParNew: 432899K->40123K(460096K)
[409.963s][info][gc,heap        ] GC(597) CMS: 97964K->97964K(3683136K)
[409.963s][info][gc,metaspace   ] GC(597) Metaspace: 145000K(158700K)->145000K(158700K) NonClass: 126208K(133084K)->126208K(133084K) Class: 18792K(25616K)->18792K(25616K)
[409.963s][info][gc             ] GC(597) Pause Young (Allocation Failure) 518M->134M(4046M) 8.842ms
[409.963s][info][gc,cpu         ] GC(597) User=0.02s Sys=0.00s Real=0.02s
[410.133s][info][gc,start       ] GC(598) Pause Young (Allocation Failure)
[410.133s][info][gc,task        ] GC(598) Using 6 workers of 6 for evacuation
[410.143s][info][gc,heap        ] GC(598) ParNew: 449147K->36185K(460096K)
[410.143s][info][gc,heap        ] GC(598) CMS: 97964K->114978K(3683136K)
[410.143s][info][gc,metaspace   ] GC(598) Metaspace: 145000K(158700K)->145000K(158700K) NonClass: 126208K(133084K)->126208K(133084K) Class: 18792K(25616K)->18792K(25616K)
[410.143s][info][gc             ] GC(598) Pause Young (Allocation Failure) 534M->147M(4046M) 10.590ms
[410.143s][info][gc,cpu         ] GC(598) User=0.00s Sys=0.00s Real=0.00s
[410.703s][info][gc,start       ] GC(599) Pause Young (Allocation Failure)
[410.703s][info][gc,task        ] GC(599) Using 6 workers of 6 for evacuation
[410.711s][info][gc,heap        ] GC(599) ParNew: 445209K->20830K(460096K)
[410.712s][info][gc,heap        ] GC(599) CMS: 114978K->124443K(3683136K)
[410.712s][info][gc,metaspace   ] GC(599) Metaspace: 145000K(158700K)->145000K(158700K) NonClass: 126208K(133084K)->126208K(133084K) Class: 18792K(25616K)->18792K(25616K)
[410.712s][info][gc             ] GC(599) Pause Young (Allocation Failure) 547M->141M(4046M) 8.165ms
[410.712s][info][gc,cpu         ] GC(599) User=0.00s Sys=0.00s Real=0.00s
[412.300s][info][gc,start       ] GC(600) Pause Young (Allocation Failure)
[412.300s][info][gc,task        ] GC(600) Using 6 workers of 6 for evacuation
[412.308s][info][gc,heap        ] GC(600) ParNew: 429854K->14833K(460096K)
[412.308s][info][gc,heap        ] GC(600) CMS: 124443K->124443K(3683136K)
[412.308s][info][gc,metaspace   ] GC(600) Metaspace: 145000K(158700K)->145000K(158700K) NonClass: 126208K(133084K)->126208K(133084K) Class: 18792K(25616K)->18792K(25616K)
[412.308s][info][gc             ] GC(600) Pause Young (Allocation Failure) 541M->136M(4046M) 8.479ms
[412.308s][info][gc,cpu         ] GC(600) User=0.06s Sys=0.00s Real=0.00s
[413.869s][info][gc,start       ] GC(601) Pause Young (Allocation Failure)
[413.869s][info][gc,task        ] GC(601) Using 6 workers of 6 for evacuation
[413.876s][info][gc,heap        ] GC(601) ParNew: 423857K->16206K(460096K)
[413.877s][info][gc,heap        ] GC(601) CMS: 124443K->124443K(3683136K)
[413.877s][info][gc,metaspace   ] GC(601) Metaspace: 145000K(158700K)->145000K(158700K) NonClass: 126208K(133084K)->126208K(133084K) Class: 18792K(25616K)->18792K(25616K)
[413.877s][info][gc             ] GC(601) Pause Young (Allocation Failure) 535M->137M(4046M) 7.475ms
[413.877s][info][gc,cpu         ] GC(601) User=0.00s Sys=0.00s Real=0.00s
[415.363s][info][gc,start       ] GC(602) Pause Young (Allocation Failure)
[415.364s][info][gc,task        ] GC(602) Using 6 workers of 6 for evacuation
[415.370s][info][gc,heap        ] GC(602) ParNew: 425087K->13264K(460096K)
[415.370s][info][gc,heap        ] GC(602) CMS: 124443K->124443K(3683136K)
[415.370s][info][gc,metaspace   ] GC(602) Metaspace: 145000K(158700K)->145000K(158700K) NonClass: 126208K(133084K)->126208K(133084K) Class: 18792K(25616K)->18792K(25616K)
[415.370s][info][gc             ] GC(602) Pause Young (Allocation Failure) 536M->134M(4046M) 6.769ms
[415.370s][info][gc,cpu         ] GC(602) User=0.00s Sys=0.00s Real=0.00s
[415.817s][info][gc,start       ] GC(603) Pause Full (System.gc())
[415.820s][info][gc,phases,start] GC(603) Phase 1: Mark live objects
[415.894s][info][gc,phases      ] GC(603) Phase 1: Mark live objects 73.722ms
[415.894s][info][gc,phases,start] GC(603) Phase 2: Compute new object addresses
[415.935s][info][gc,phases      ] GC(603) Phase 2: Compute new object addresses 41.483ms
[415.935s][info][gc,phases,start] GC(603) Phase 3: Adjust pointers
[415.981s][info][gc,phases      ] GC(603) Phase 3: Adjust pointers 45.912ms
[415.981s][info][gc,phases,start] GC(603) Phase 4: Move objects
[415.986s][info][gc,phases      ] GC(603) Phase 4: Move objects 5.002ms
[415.990s][info][gc,heap        ] GC(603) ParNew: 281013K->0K(460096K)
[415.990s][info][gc,heap        ] GC(603) CMS: 124443K->73099K(3683136K)
[415.990s][info][gc,metaspace   ] GC(603) Metaspace: 145003K(158700K)->145003K(158700K) NonClass: 126210K(133084K)->126210K(133084K) Class: 18792K(25616K)->18792K(25616K)
[415.991s][info][gc             ] GC(603) Pause Full (System.gc()) 395M->71M(4046M) 173.553ms
[415.991s][info][gc,cpu         ] GC(603) User=0.17s Sys=0.00s Real=0.17s
[416.116s][info][gc,start       ] GC(604) Pause Young (Allocation Failure)
[416.116s][info][gc,task        ] GC(604) Using 6 workers of 6 for evacuation
[416.124s][info][gc,heap        ] GC(604) ParNew: 409024K->19753K(460096K)
[416.124s][info][gc,heap        ] GC(604) CMS: 73099K->73099K(3683136K)
[416.124s][info][gc,metaspace   ] GC(604) Metaspace: 145048K(158700K)->145048K(158700K) NonClass: 126255K(133084K)->126255K(133084K) Class: 18792K(25616K)->18792K(25616K)
[416.124s][info][gc             ] GC(604) Pause Young (Allocation Failure) 470M->90M(4046M) 7.854ms
[416.124s][info][gc,cpu         ] GC(604) User=0.00s Sys=0.00s Real=0.00s
[416.279s][info][gc,start       ] GC(605) Pause Young (Allocation Failure)
[416.279s][info][gc,task        ] GC(605) Using 6 workers of 6 for evacuation
[416.288s][info][gc,heap        ] GC(605) ParNew: 425970K->49202K(460096K)
[416.288s][info][gc,heap        ] GC(605) CMS: 73099K->73099K(3683136K)
[416.288s][info][gc,metaspace   ] GC(605) Metaspace: 145048K(158700K)->145048K(158700K) NonClass: 126255K(133084K)->126255K(133084K) Class: 18792K(25616K)->18792K(25616K)
[416.288s][info][gc             ] GC(605) Pause Young (Allocation Failure) 487M->119M(4046M) 9.635ms
[416.288s][info][gc,cpu         ] GC(605) User=0.02s Sys=0.00s Real=0.02s
[416.344s][info][gc,start       ] GC(606) Pause Young (Allocation Failure)
[416.344s][info][gc,task        ] GC(606) Using 6 workers of 6 for evacuation
[416.354s][info][gc,heap        ] GC(606) ParNew: 457463K->26267K(460096K)
[416.354s][info][gc,heap        ] GC(606) CMS: 73099K->97681K(3683136K)
[416.354s][info][gc,metaspace   ] GC(606) Metaspace: 145048K(158700K)->145048K(158700K) NonClass: 126255K(133084K)->126255K(133084K) Class: 18792K(25616K)->18792K(25616K)
[416.354s][info][gc             ] GC(606) Pause Young (Allocation Failure) 518M->121M(4046M) 10.405ms
[416.355s][info][gc,cpu         ] GC(606) User=0.03s Sys=0.00s Real=0.02s
[416.532s][info][gc,start       ] GC(607) Pause Young (Allocation Failure)
[416.532s][info][gc,task        ] GC(607) Using 6 workers of 6 for evacuation
[416.540s][info][gc,heap        ] GC(607) ParNew: 435291K->23247K(460096K)
[416.540s][info][gc,heap        ] GC(607) CMS: 97681K->97681K(3683136K)
[416.540s][info][gc,metaspace   ] GC(607) Metaspace: 145051K(158700K)->145051K(158700K) NonClass: 126259K(133084K)->126259K(133084K) Class: 18792K(25616K)->18792K(25616K)
[416.540s][info][gc             ] GC(607) Pause Young (Allocation Failure) 520M->118M(4046M) 7.884ms
[416.540s][info][gc,cpu         ] GC(607) User=0.02s Sys=0.00s Real=0.02s
[416.590s][info][gc,start       ] GC(608) Pause Young (Allocation Failure)
[416.590s][info][gc,task        ] GC(608) Using 6 workers of 6 for evacuation
[416.599s][info][gc,heap        ] GC(608) ParNew: 428456K->45336K(460096K)
[416.599s][info][gc,heap        ] GC(608) CMS: 97681K->97681K(3683136K)
[416.599s][info][gc,metaspace   ] GC(608) Metaspace: 145051K(158700K)->145051K(158700K) NonClass: 126259K(133084K)->126259K(133084K) Class: 18792K(25616K)->18792K(25616K)
[416.600s][info][gc             ] GC(608) Pause Young (Allocation Failure) 513M->139M(4046M) 9.914ms
[416.600s][info][gc,cpu         ] GC(608) User=0.00s Sys=0.00s Real=0.00s
[416.766s][info][gc,start       ] GC(609) Pause Young (Allocation Failure)
[416.766s][info][gc,task        ] GC(609) Using 6 workers of 6 for evacuation
[416.777s][info][gc,heap        ] GC(609) ParNew: 454360K->34658K(460096K)
[416.777s][info][gc,heap        ] GC(609) CMS: 97681K->114711K(3683136K)
[416.777s][info][gc,metaspace   ] GC(609) Metaspace: 145052K(158700K)->145052K(158700K) NonClass: 126259K(133084K)->126259K(133084K) Class: 18792K(25616K)->18792K(25616K)
[416.777s][info][gc             ] GC(609) Pause Young (Allocation Failure) 539M->145M(4046M) 11.004ms
[416.777s][info][gc,cpu         ] GC(609) User=0.02s Sys=0.00s Real=0.01s
[417.341s][info][gc,start       ] GC(610) Pause Young (Allocation Failure)
[417.341s][info][gc,task        ] GC(610) Using 6 workers of 6 for evacuation
[417.348s][info][gc,heap        ] GC(610) ParNew: 443682K->20803K(460096K)
[417.348s][info][gc,heap        ] GC(610) CMS: 114711K->124175K(3683136K)
[417.348s][info][gc,metaspace   ] GC(610) Metaspace: 145052K(158700K)->145052K(158700K) NonClass: 126259K(133084K)->126259K(133084K) Class: 18792K(25616K)->18792K(25616K)
[417.348s][info][gc             ] GC(610) Pause Young (Allocation Failure) 545M->141M(4046M) 7.676ms
[417.348s][info][gc,cpu         ] GC(610) User=0.00s Sys=0.00s Real=0.00s
[418.931s][info][gc,start       ] GC(611) Pause Young (GCLocker Initiated GC)
[418.932s][info][gc,task        ] GC(611) Using 6 workers of 6 for evacuation
[418.940s][info][gc,heap        ] GC(611) ParNew: 430546K->13581K(460096K)
[418.940s][info][gc,heap        ] GC(611) CMS: 124175K->124175K(3683136K)
[418.940s][info][gc,metaspace   ] GC(611) Metaspace: 145052K(158700K)->145052K(158700K) NonClass: 126259K(133084K)->126259K(133084K) Class: 18792K(25616K)->18792K(25616K)
[418.940s][info][gc             ] GC(611) Pause Young (GCLocker Initiated GC) 541M->134M(4046M) 8.636ms
[418.940s][info][gc,cpu         ] GC(611) User=0.02s Sys=0.00s Real=0.01s
[420.481s][info][gc,start       ] GC(612) Pause Young (GCLocker Initiated GC)
[420.481s][info][gc,task        ] GC(612) Using 6 workers of 6 for evacuation
[420.489s][info][gc,heap        ] GC(612) ParNew: 422605K->15937K(460096K)
[420.489s][info][gc,heap        ] GC(612) CMS: 124175K->124175K(3683136K)
[420.489s][info][gc,metaspace   ] GC(612) Metaspace: 145052K(158700K)->145052K(158700K) NonClass: 126259K(133084K)->126259K(133084K) Class: 18792K(25616K)->18792K(25616K)
[420.489s][info][gc             ] GC(612) Pause Young (GCLocker Initiated GC) 533M->136M(4046M) 7.899ms
[420.489s][info][gc,cpu         ] GC(612) User=0.00s Sys=0.00s Real=0.00s
[421.927s][info][gc,start       ] GC(613) Pause Young (GCLocker Initiated GC)
[421.927s][info][gc,task        ] GC(613) Using 6 workers of 6 for evacuation
[421.934s][info][gc,heap        ] GC(613) ParNew: 424993K->12692K(460096K)
[421.934s][info][gc,heap        ] GC(613) CMS: 124175K->124175K(3683136K)
[421.934s][info][gc,metaspace   ] GC(613) Metaspace: 145052K(158700K)->145052K(158700K) NonClass: 126259K(133084K)->126259K(133084K) Class: 18792K(25616K)->18792K(25616K)
[421.934s][info][gc             ] GC(613) Pause Young (GCLocker Initiated GC) 536M->133M(4046M) 6.902ms
[421.934s][info][gc,cpu         ] GC(613) User=0.00s Sys=0.00s Real=0.00s
[422.459s][info][gc,start       ] GC(614) Pause Full (System.gc())
[422.462s][info][gc,phases,start] GC(614) Phase 1: Mark live objects
[422.535s][info][gc,phases      ] GC(614) Phase 1: Mark live objects 73.352ms
[422.535s][info][gc,phases,start] GC(614) Phase 2: Compute new object addresses
[422.577s][info][gc,phases      ] GC(614) Phase 2: Compute new object addresses 41.684ms
[422.577s][info][gc,phases,start] GC(614) Phase 3: Adjust pointers
[422.622s][info][gc,phases      ] GC(614) Phase 3: Adjust pointers 44.692ms
[422.622s][info][gc,phases,start] GC(614) Phase 4: Move objects
[422.627s][info][gc,phases      ] GC(614) Phase 4: Move objects 5.020ms
[422.630s][info][gc,heap        ] GC(614) ParNew: 288004K->0K(460096K)
[422.630s][info][gc,heap        ] GC(614) CMS: 124175K->73468K(3683136K)
[422.630s][info][gc,metaspace   ] GC(614) Metaspace: 145071K(158700K)->145071K(158700K) NonClass: 126278K(133084K)->126278K(133084K) Class: 18792K(25616K)->18792K(25616K)
[422.631s][info][gc             ] GC(614) Pause Full (System.gc()) 402M->71M(4046M) 171.600ms
[422.631s][info][gc,cpu         ] GC(614) User=0.16s Sys=0.00s Real=0.17s
[422.753s][info][gc,start       ] GC(615) Pause Young (Allocation Failure)
[422.753s][info][gc,task        ] GC(615) Using 6 workers of 6 for evacuation
[422.762s][info][gc,heap        ] GC(615) ParNew: 409024K->21998K(460096K)
[422.762s][info][gc,heap        ] GC(615) CMS: 73468K->73468K(3683136K)
[422.762s][info][gc,metaspace   ] GC(615) Metaspace: 145088K(158700K)->145088K(158700K) NonClass: 126296K(133084K)->126296K(133084K) Class: 18792K(25616K)->18792K(25616K)
[422.762s][info][gc             ] GC(615) Pause Young (Allocation Failure) 471M->93M(4046M) 8.500ms
[422.762s][info][gc,cpu         ] GC(615) User=0.00s Sys=0.00s Real=0.00s
[422.922s][info][gc,start       ] GC(616) Pause Young (Allocation Failure)
[422.922s][info][gc,task        ] GC(616) Using 6 workers of 6 for evacuation
[422.931s][info][gc,heap        ] GC(616) ParNew: 429852K->46384K(460096K)
[422.931s][info][gc,heap        ] GC(616) CMS: 73468K->73468K(3683136K)
[422.931s][info][gc,metaspace   ] GC(616) Metaspace: 145088K(158700K)->145088K(158700K) NonClass: 126296K(133084K)->126296K(133084K) Class: 18792K(25616K)->18792K(25616K)
[422.931s][info][gc             ] GC(616) Pause Young (Allocation Failure) 491M->117M(4046M) 9.455ms
[422.931s][info][gc,cpu         ] GC(616) User=0.00s Sys=0.00s Real=0.00s
[422.982s][info][gc,start       ] GC(617) Pause Young (GCLocker Initiated GC)
[422.983s][info][gc,task        ] GC(617) Using 6 workers of 6 for evacuation
[422.992s][info][gc,heap        ] GC(617) ParNew: 455584K->26593K(460096K)
[422.992s][info][gc,heap        ] GC(617) CMS: 73468K->98064K(3683136K)
[422.992s][info][gc,metaspace   ] GC(617) Metaspace: 145088K(158700K)->145088K(158700K) NonClass: 126296K(133084K)->126296K(133084K) Class: 18792K(25616K)->18792K(25616K)
[422.992s][info][gc             ] GC(617) Pause Young (GCLocker Initiated GC) 516M->121M(4046M) 9.697ms
[422.992s][info][gc,cpu         ] GC(617) User=0.02s Sys=0.00s Real=0.02s
[423.167s][info][gc,start       ] GC(618) Pause Young (Allocation Failure)
[423.167s][info][gc,task        ] GC(618) Using 6 workers of 6 for evacuation
[423.175s][info][gc,heap        ] GC(618) ParNew: 435617K->35449K(460096K)
[423.175s][info][gc,heap        ] GC(618) CMS: 98064K->98064K(3683136K)
[423.175s][info][gc,metaspace   ] GC(618) Metaspace: 145088K(158700K)->145088K(158700K) NonClass: 126296K(133084K)->126296K(133084K) Class: 18792K(25616K)->18792K(25616K)
[423.175s][info][gc             ] GC(618) Pause Young (Allocation Failure) 521M->130M(4046M) 8.016ms
[423.175s][info][gc,cpu         ] GC(618) User=0.00s Sys=0.00s Real=0.01s
[423.229s][info][gc,start       ] GC(619) Pause Young (Allocation Failure)
[423.229s][info][gc,task        ] GC(619) Using 6 workers of 6 for evacuation
[423.239s][info][gc,heap        ] GC(619) ParNew: 442442K->49739K(460096K)
[423.239s][info][gc,heap        ] GC(619) CMS: 98064K->98064K(3683136K)
[423.239s][info][gc,metaspace   ] GC(619) Metaspace: 145088K(158700K)->145088K(158700K) NonClass: 126296K(133084K)->126296K(133084K) Class: 18792K(25616K)->18792K(25616K)
[423.239s][info][gc             ] GC(619) Pause Young (Allocation Failure) 527M->144M(4046M) 10.206ms
[423.239s][info][gc,cpu         ] GC(619) User=0.02s Sys=0.00s Real=0.02s
[423.400s][info][gc,start       ] GC(620) Pause Young (Allocation Failure)
[423.401s][info][gc,task        ] GC(620) Using 6 workers of 6 for evacuation
[423.412s][info][gc,heap        ] GC(620) ParNew: 458763K->36755K(460096K)
[423.412s][info][gc,heap        ] GC(620) CMS: 98064K->115082K(3683136K)
[423.412s][info][gc,metaspace   ] GC(620) Metaspace: 145088K(158700K)->145088K(158700K) NonClass: 126296K(133084K)->126296K(133084K) Class: 18792K(25616K)->18792K(25616K)
[423.412s][info][gc             ] GC(620) Pause Young (Allocation Failure) 543M->148M(4046M) 11.626ms
[423.412s][info][gc,cpu         ] GC(620) User=0.02s Sys=0.00s Real=0.02s
[423.969s][info][gc,start       ] GC(621) Pause Young (Allocation Failure)
[423.969s][info][gc,task        ] GC(621) Using 6 workers of 6 for evacuation
[423.977s][info][gc,heap        ] GC(621) ParNew: 445779K->19201K(460096K)
[423.977s][info][gc,heap        ] GC(621) CMS: 115082K->124547K(3683136K)
[423.977s][info][gc,metaspace   ] GC(621) Metaspace: 145092K(158700K)->145092K(158700K) NonClass: 126299K(133084K)->126299K(133084K) Class: 18792K(25616K)->18792K(25616K)
[423.977s][info][gc             ] GC(621) Pause Young (Allocation Failure) 547M->140M(4046M) 8.050ms
[423.977s][info][gc,cpu         ] GC(621) User=0.02s Sys=0.00s Real=0.02s
[425.554s][info][gc,start       ] GC(622) Pause Young (GCLocker Initiated GC)
[425.554s][info][gc,task        ] GC(622) Using 6 workers of 6 for evacuation
[425.561s][info][gc,heap        ] GC(622) ParNew: 428225K->15348K(460096K)
[425.561s][info][gc,heap        ] GC(622) CMS: 124547K->124547K(3683136K)
[425.561s][info][gc,metaspace   ] GC(622) Metaspace: 145092K(158700K)->145092K(158700K) NonClass: 126299K(133084K)->126299K(133084K) Class: 18792K(25616K)->18792K(25616K)
[425.561s][info][gc             ] GC(622) Pause Young (GCLocker Initiated GC) 539M->136M(4046M) 6.991ms
[425.561s][info][gc,cpu         ] GC(622) User=0.00s Sys=0.00s Real=0.02s
[427.118s][info][gc,start       ] GC(623) Pause Young (Allocation Failure)
[427.118s][info][gc,task        ] GC(623) Using 6 workers of 6 for evacuation
[427.125s][info][gc,heap        ] GC(623) ParNew: 424372K->15594K(460096K)
[427.125s][info][gc,heap        ] GC(623) CMS: 124547K->124547K(3683136K)
[427.125s][info][gc,metaspace   ] GC(623) Metaspace: 145092K(158700K)->145092K(158700K) NonClass: 126299K(133084K)->126299K(133084K) Class: 18792K(25616K)->18792K(25616K)
[427.125s][info][gc             ] GC(623) Pause Young (Allocation Failure) 536M->136M(4046M) 7.734ms
[427.125s][info][gc,cpu         ] GC(623) User=0.00s Sys=0.00s Real=0.00s
[428.606s][info][gc,start       ] GC(624) Pause Young (Allocation Failure)
[428.606s][info][gc,task        ] GC(624) Using 6 workers of 6 for evacuation
[428.614s][info][gc,heap        ] GC(624) ParNew: 424618K->13808K(460096K)
[428.614s][info][gc,heap        ] GC(624) CMS: 124547K->124547K(3683136K)
[428.614s][info][gc,metaspace   ] GC(624) Metaspace: 145092K(158700K)->145092K(158700K) NonClass: 126299K(133084K)->126299K(133084K) Class: 18792K(25616K)->18792K(25616K)
[428.614s][info][gc             ] GC(624) Pause Young (Allocation Failure) 536M->135M(4046M) 8.041ms
[428.614s][info][gc,cpu         ] GC(624) User=0.00s Sys=0.00s Real=0.00s
[429.093s][info][gc,start       ] GC(625) Pause Full (System.gc())
[429.095s][info][gc,phases,start] GC(625) Phase 1: Mark live objects
[429.169s][info][gc,phases      ] GC(625) Phase 1: Mark live objects 73.579ms
[429.169s][info][gc,phases,start] GC(625) Phase 2: Compute new object addresses
[429.211s][info][gc,phases      ] GC(625) Phase 2: Compute new object addresses 42.220ms
[429.211s][info][gc,phases,start] GC(625) Phase 3: Adjust pointers
[429.256s][info][gc,phases      ] GC(625) Phase 3: Adjust pointers 44.944ms
[429.256s][info][gc,phases,start] GC(625) Phase 4: Move objects
[429.261s][info][gc,phases      ] GC(625) Phase 4: Move objects 5.055ms
[429.265s][info][gc,heap        ] GC(625) ParNew: 287384K->0K(460096K)
[429.265s][info][gc,heap        ] GC(625) CMS: 124547K->73163K(3683136K)
[429.265s][info][gc,metaspace   ] GC(625) Metaspace: 145098K(158700K)->145098K(158700K) NonClass: 126306K(133084K)->126306K(133084K) Class: 18792K(25616K)->18792K(25616K)
[429.266s][info][gc             ] GC(625) Pause Full (System.gc()) 402M->71M(4046M) 172.592ms
[429.266s][info][gc,cpu         ] GC(625) User=0.16s Sys=0.02s Real=0.16s
[429.402s][info][gc,start       ] GC(626) Pause Young (Allocation Failure)
[429.402s][info][gc,task        ] GC(626) Using 6 workers of 6 for evacuation
[429.410s][info][gc,heap        ] GC(626) ParNew: 409024K->19569K(460096K)
[429.410s][info][gc,heap        ] GC(626) CMS: 73163K->73163K(3683136K)
[429.410s][info][gc,metaspace   ] GC(626) Metaspace: 145135K(158700K)->145135K(158700K) NonClass: 126342K(133084K)->126342K(133084K) Class: 18792K(25616K)->18792K(25616K)
[429.410s][info][gc             ] GC(626) Pause Young (Allocation Failure) 470M->90M(4046M) 8.190ms
[429.410s][info][gc,cpu         ] GC(626) User=0.02s Sys=0.00s Real=0.02s
[429.564s][info][gc,start       ] GC(627) Pause Young (Allocation Failure)
[429.564s][info][gc,task        ] GC(627) Using 6 workers of 6 for evacuation
[429.575s][info][gc,heap        ] GC(627) ParNew: 428589K->51072K(460096K)
[429.575s][info][gc,heap        ] GC(627) CMS: 73163K->79147K(3683136K)
[429.575s][info][gc,metaspace   ] GC(627) Metaspace: 145135K(158700K)->145135K(158700K) NonClass: 126342K(133084K)->126342K(133084K) Class: 18792K(25616K)->18792K(25616K)
[429.575s][info][gc             ] GC(627) Pause Young (Allocation Failure) 489M->127M(4046M) 11.355ms
[429.575s][info][gc,cpu         ] GC(627) User=0.02s Sys=0.00s Real=0.02s
[429.630s][info][gc,start       ] GC(628) Pause Young (Allocation Failure)
[429.630s][info][gc,task        ] GC(628) Using 6 workers of 6 for evacuation
[429.639s][info][gc,heap        ] GC(628) ParNew: 458744K->29100K(460096K)
[429.639s][info][gc,heap        ] GC(628) CMS: 79147K->100027K(3683136K)
[429.639s][info][gc,metaspace   ] GC(628) Metaspace: 145135K(158700K)->145135K(158700K) NonClass: 126342K(133084K)->126342K(133084K) Class: 18792K(25616K)->18792K(25616K)
[429.639s][info][gc             ] GC(628) Pause Young (Allocation Failure) 525M->126M(4046M) 9.653ms
[429.639s][info][gc,cpu         ] GC(628) User=0.02s Sys=0.00s Real=0.01s
[429.823s][info][gc,start       ] GC(629) Pause Young (Allocation Failure)
[429.823s][info][gc,task        ] GC(629) Using 6 workers of 6 for evacuation
[429.830s][info][gc,heap        ] GC(629) ParNew: 435079K->23649K(460096K)
[429.830s][info][gc,heap        ] GC(629) CMS: 100027K->100027K(3683136K)
[429.830s][info][gc,metaspace   ] GC(629) Metaspace: 145135K(158700K)->145135K(158700K) NonClass: 126342K(133084K)->126342K(133084K) Class: 18792K(25616K)->18792K(25616K)
[429.830s][info][gc             ] GC(629) Pause Young (Allocation Failure) 522M->120M(4046M) 7.627ms
[429.830s][info][gc,cpu         ] GC(629) User=0.00s Sys=0.00s Real=0.00s
[429.879s][info][gc,start       ] GC(630) Pause Young (Allocation Failure)
[429.880s][info][gc,task        ] GC(630) Using 6 workers of 6 for evacuation
[429.889s][info][gc,heap        ] GC(630) ParNew: 429743K->48287K(460096K)
[429.889s][info][gc,heap        ] GC(630) CMS: 100027K->100027K(3683136K)
[429.889s][info][gc,metaspace   ] GC(630) Metaspace: 145135K(158700K)->145135K(158700K) NonClass: 126342K(133084K)->126342K(133084K) Class: 18792K(25616K)->18792K(25616K)
[429.889s][info][gc             ] GC(630) Pause Young (Allocation Failure) 517M->144M(4046M) 9.532ms
[429.889s][info][gc,cpu         ] GC(630) User=0.00s Sys=0.00s Real=0.00s
[430.059s][info][gc,start       ] GC(631) Pause Young (Allocation Failure)
[430.059s][info][gc,task        ] GC(631) Using 6 workers of 6 for evacuation
[430.070s][info][gc,heap        ] GC(631) ParNew: 457311K->38160K(460096K)
[430.070s][info][gc,heap        ] GC(631) CMS: 100027K->118135K(3683136K)
[430.070s][info][gc,metaspace   ] GC(631) Metaspace: 145135K(158700K)->145135K(158700K) NonClass: 126342K(133084K)->126342K(133084K) Class: 18792K(25616K)->18792K(25616K)
[430.070s][info][gc             ] GC(631) Pause Young (Allocation Failure) 544M->152M(4046M) 11.298ms
[430.070s][info][gc,cpu         ] GC(631) User=0.02s Sys=0.00s Real=0.02s
[430.630s][info][gc,start       ] GC(632) Pause Young (Allocation Failure)
[430.630s][info][gc,task        ] GC(632) Using 6 workers of 6 for evacuation
[430.639s][info][gc,heap        ] GC(632) ParNew: 447184K->25637K(460096K)
[430.639s][info][gc,heap        ] GC(632) CMS: 118135K->127598K(3683136K)
[430.639s][info][gc,metaspace   ] GC(632) Metaspace: 145135K(158700K)->145135K(158700K) NonClass: 126342K(133084K)->126342K(133084K) Class: 18792K(25616K)->18792K(25616K)
[430.639s][info][gc             ] GC(632) Pause Young (Allocation Failure) 552M->149M(4046M) 8.801ms
[430.639s][info][gc,cpu         ] GC(632) User=0.03s Sys=0.00s Real=0.02s
[432.229s][info][gc,start       ] GC(633) Pause Young (Allocation Failure)
[432.229s][info][gc,task        ] GC(633) Using 6 workers of 6 for evacuation
[432.236s][info][gc,heap        ] GC(633) ParNew: 434661K->13799K(460096K)
[432.236s][info][gc,heap        ] GC(633) CMS: 127598K->127598K(3683136K)
[432.236s][info][gc,metaspace   ] GC(633) Metaspace: 145135K(158700K)->145135K(158700K) NonClass: 126342K(133084K)->126342K(133084K) Class: 18792K(25616K)->18792K(25616K)
[432.236s][info][gc             ] GC(633) Pause Young (Allocation Failure) 549M->138M(4046M) 6.626ms
[432.236s][info][gc,cpu         ] GC(633) User=0.02s Sys=0.00s Real=0.02s
[433.779s][info][gc,start       ] GC(634) Pause Young (Allocation Failure)
[433.779s][info][gc,task        ] GC(634) Using 6 workers of 6 for evacuation
[433.787s][info][gc,heap        ] GC(634) ParNew: 422823K->17338K(460096K)
[433.787s][info][gc,heap        ] GC(634) CMS: 127598K->127598K(3683136K)
[433.787s][info][gc,metaspace   ] GC(634) Metaspace: 145135K(158700K)->145135K(158700K) NonClass: 126342K(133084K)->126342K(133084K) Class: 18792K(25616K)->18792K(25616K)
[433.787s][info][gc             ] GC(634) Pause Young (Allocation Failure) 537M->141M(4046M) 8.141ms
[433.787s][info][gc,cpu         ] GC(634) User=0.00s Sys=0.00s Real=0.02s
[435.277s][info][gc,start       ] GC(635) Pause Young (Allocation Failure)
[435.277s][info][gc,task        ] GC(635) Using 6 workers of 6 for evacuation
[435.283s][info][gc,heap        ] GC(635) ParNew: 425959K->12673K(460096K)
[435.283s][info][gc,heap        ] GC(635) CMS: 127598K->127598K(3683136K)
[435.283s][info][gc,metaspace   ] GC(635) Metaspace: 145135K(158700K)->145135K(158700K) NonClass: 126342K(133084K)->126342K(133084K) Class: 18792K(25616K)->18792K(25616K)
[435.283s][info][gc             ] GC(635) Pause Young (Allocation Failure) 540M->136M(4046M) 6.459ms
[435.283s][info][gc,cpu         ] GC(635) User=0.02s Sys=0.00s Real=0.02s
[435.728s][info][gc,start       ] GC(636) Pause Full (System.gc())
[435.730s][info][gc,phases,start] GC(636) Phase 1: Mark live objects
[435.803s][info][gc,phases      ] GC(636) Phase 1: Mark live objects 72.588ms
[435.803s][info][gc,phases,start] GC(636) Phase 2: Compute new object addresses
[435.845s][info][gc,phases      ] GC(636) Phase 2: Compute new object addresses 41.868ms
[435.845s][info][gc,phases,start] GC(636) Phase 3: Adjust pointers
[435.891s][info][gc,phases      ] GC(636) Phase 3: Adjust pointers 45.896ms
[435.891s][info][gc,phases,start] GC(636) Phase 4: Move objects
[435.896s][info][gc,phases      ] GC(636) Phase 4: Move objects 5.101ms
[435.899s][info][gc,heap        ] GC(636) ParNew: 284048K->0K(460096K)
[435.900s][info][gc,heap        ] GC(636) CMS: 127598K->73545K(3683136K)
[435.900s][info][gc,metaspace   ] GC(636) Metaspace: 145142K(158700K)->145142K(158700K) NonClass: 126350K(133084K)->126350K(133084K) Class: 18792K(25616K)->18792K(25616K)
[435.900s][info][gc             ] GC(636) Pause Full (System.gc()) 401M->71M(4046M) 172.256ms
[435.900s][info][gc,cpu         ] GC(636) User=0.16s Sys=0.00s Real=0.17s
[436.040s][info][gc,start       ] GC(637) Pause Young (Allocation Failure)
[436.040s][info][gc,task        ] GC(637) Using 6 workers of 6 for evacuation
[436.048s][info][gc,heap        ] GC(637) ParNew: 409024K->20809K(460096K)
[436.048s][info][gc,heap        ] GC(637) CMS: 73545K->73545K(3683136K)
[436.048s][info][gc,metaspace   ] GC(637) Metaspace: 145145K(158700K)->145145K(158700K) NonClass: 126353K(133084K)->126353K(133084K) Class: 18792K(25616K)->18792K(25616K)
[436.048s][info][gc             ] GC(637) Pause Young (Allocation Failure) 471M->92M(4046M) 8.244ms
[436.048s][info][gc,cpu         ] GC(637) User=0.02s Sys=0.00s Real=0.02s
[436.213s][info][gc,start       ] GC(638) Pause Young (Allocation Failure)
[436.213s][info][gc,task        ] GC(638) Using 6 workers of 6 for evacuation
[436.223s][info][gc,heap        ] GC(638) ParNew: 429833K->48626K(460096K)
[436.223s][info][gc,heap        ] GC(638) CMS: 73545K->73545K(3683136K)
[436.223s][info][gc,metaspace   ] GC(638) Metaspace: 145145K(158700K)->145145K(158700K) NonClass: 126353K(133084K)->126353K(133084K) Class: 18792K(25616K)->18792K(25616K)
[436.223s][info][gc             ] GC(638) Pause Young (Allocation Failure) 491M->119M(4046M) 10.387ms
[436.223s][info][gc,cpu         ] GC(638) User=0.02s Sys=0.00s Real=0.02s
[436.274s][info][gc,start       ] GC(639) Pause Young (Allocation Failure)
[436.274s][info][gc,task        ] GC(639) Using 6 workers of 6 for evacuation
[436.284s][info][gc,heap        ] GC(639) ParNew: 453842K->34284K(460096K)
[436.284s][info][gc,heap        ] GC(639) CMS: 73545K->97430K(3683136K)
[436.284s][info][gc,metaspace   ] GC(639) Metaspace: 145145K(158700K)->145145K(158700K) NonClass: 126353K(133084K)->126353K(133084K) Class: 18792K(25616K)->18792K(25616K)
[436.285s][info][gc             ] GC(639) Pause Young (Allocation Failure) 515M->128M(4046M) 10.586ms
[436.285s][info][gc,cpu         ] GC(639) User=0.02s Sys=0.00s Real=0.01s
[436.472s][info][gc,start       ] GC(640) Pause Young (Allocation Failure)
[436.472s][info][gc,task        ] GC(640) Using 6 workers of 6 for evacuation
[436.480s][info][gc,heap        ] GC(640) ParNew: 443308K->27058K(460096K)
[436.480s][info][gc,heap        ] GC(640) CMS: 97430K->97430K(3683136K)
[436.480s][info][gc,metaspace   ] GC(640) Metaspace: 145146K(158700K)->145146K(158700K) NonClass: 126354K(133084K)->126354K(133084K) Class: 18792K(25616K)->18792K(25616K)
[436.480s][info][gc             ] GC(640) Pause Young (Allocation Failure) 528M->121M(4046M) 7.969ms
[436.480s][info][gc,cpu         ] GC(640) User=0.00s Sys=0.00s Real=0.00s
[436.529s][info][gc,start       ] GC(641) Pause Young (Allocation Failure)
[436.529s][info][gc,task        ] GC(641) Using 6 workers of 6 for evacuation
[436.539s][info][gc,heap        ] GC(641) ParNew: 432225K->50385K(460096K)
[436.539s][info][gc,heap        ] GC(641) CMS: 97430K->97430K(3683136K)
[436.539s][info][gc,metaspace   ] GC(641) Metaspace: 145146K(158700K)->145146K(158700K) NonClass: 126354K(133084K)->126354K(133084K) Class: 18792K(25616K)->18792K(25616K)
[436.539s][info][gc             ] GC(641) Pause Young (Allocation Failure) 517M->144M(4046M) 10.184ms
[436.539s][info][gc,cpu         ] GC(641) User=0.02s Sys=0.00s Real=0.02s
[436.701s][info][gc,start       ] GC(642) Pause Young (Allocation Failure)
[436.701s][info][gc,task        ] GC(642) Using 6 workers of 6 for evacuation
[436.712s][info][gc,heap        ] GC(642) ParNew: 459409K->38951K(460096K)
[436.712s][info][gc,heap        ] GC(642) CMS: 97430K->115172K(3683136K)
[436.712s][info][gc,metaspace   ] GC(642) Metaspace: 145146K(158700K)->145146K(158700K) NonClass: 126354K(133084K)->126354K(133084K) Class: 18792K(25616K)->18792K(25616K)
[436.712s][info][gc             ] GC(642) Pause Young (Allocation Failure) 543M->150M(4046M) 11.207ms
[436.712s][info][gc,cpu         ] GC(642) User=0.08s Sys=0.00s Real=0.02s
[437.284s][info][gc,start       ] GC(643) Pause Young (Allocation Failure)
[437.284s][info][gc,task        ] GC(643) Using 6 workers of 6 for evacuation
[437.293s][info][gc,heap        ] GC(643) ParNew: 447975K->24531K(460096K)
[437.293s][info][gc,heap        ] GC(643) CMS: 115172K->124636K(3683136K)
[437.293s][info][gc,metaspace   ] GC(643) Metaspace: 145146K(158700K)->145146K(158700K) NonClass: 126354K(133084K)->126354K(133084K) Class: 18792K(25616K)->18792K(25616K)
[437.293s][info][gc             ] GC(643) Pause Young (Allocation Failure) 549M->145M(4046M) 8.603ms
[437.293s][info][gc,cpu         ] GC(643) User=0.00s Sys=0.00s Real=0.01s
[438.863s][info][gc,start       ] GC(644) Pause Young (Allocation Failure)
[438.863s][info][gc,task        ] GC(644) Using 6 workers of 6 for evacuation
[438.871s][info][gc,heap        ] GC(644) ParNew: 433555K->15255K(460096K)
[438.871s][info][gc,heap        ] GC(644) CMS: 124636K->124636K(3683136K)
[438.871s][info][gc,metaspace   ] GC(644) Metaspace: 145146K(158700K)->145146K(158700K) NonClass: 126354K(133084K)->126354K(133084K) Class: 18792K(25616K)->18792K(25616K)
[438.871s][info][gc             ] GC(644) Pause Young (Allocation Failure) 545M->136M(4046M) 8.399ms
[438.871s][info][gc,cpu         ] GC(644) User=0.00s Sys=0.00s Real=0.00s
[440.422s][info][gc,start       ] GC(645) Pause Young (Allocation Failure)
[440.422s][info][gc,task        ] GC(645) Using 6 workers of 6 for evacuation
[440.431s][info][gc,heap        ] GC(645) ParNew: 424279K->16767K(460096K)
[440.431s][info][gc,heap        ] GC(645) CMS: 124636K->124636K(3683136K)
[440.431s][info][gc,metaspace   ] GC(645) Metaspace: 145146K(158700K)->145146K(158700K) NonClass: 126354K(133084K)->126354K(133084K) Class: 18792K(25616K)->18792K(25616K)
[440.431s][info][gc             ] GC(645) Pause Young (Allocation Failure) 536M->138M(4046M) 9.086ms
[440.431s][info][gc,cpu         ] GC(645) User=0.02s Sys=0.00s Real=0.02s
[441.915s][info][gc,start       ] GC(646) Pause Young (Allocation Failure)
[441.915s][info][gc,task        ] GC(646) Using 6 workers of 6 for evacuation
[441.922s][info][gc,heap        ] GC(646) ParNew: 425791K->13161K(460096K)
[441.923s][info][gc,heap        ] GC(646) CMS: 124636K->124636K(3683136K)
[441.923s][info][gc,metaspace   ] GC(646) Metaspace: 145146K(158700K)->145146K(158700K) NonClass: 126354K(133084K)->126354K(133084K) Class: 18792K(25616K)->18792K(25616K)
[441.923s][info][gc             ] GC(646) Pause Young (Allocation Failure) 537M->134M(4046M) 7.344ms
[441.923s][info][gc,cpu         ] GC(646) User=0.02s Sys=0.00s Real=0.02s
[442.383s][info][gc,start       ] GC(647) Pause Full (System.gc())
[442.386s][info][gc,phases,start] GC(647) Phase 1: Mark live objects
[442.459s][info][gc,phases      ] GC(647) Phase 1: Mark live objects 73.285ms
[442.459s][info][gc,phases,start] GC(647) Phase 2: Compute new object addresses
[442.501s][info][gc,phases      ] GC(647) Phase 2: Compute new object addresses 41.734ms
[442.501s][info][gc,phases,start] GC(647) Phase 3: Adjust pointers
[442.545s][info][gc,phases      ] GC(647) Phase 3: Adjust pointers 44.055ms
[442.545s][info][gc,phases,start] GC(647) Phase 4: Move objects
[442.551s][info][gc,phases      ] GC(647) Phase 4: Move objects 5.316ms
[442.554s][info][gc,heap        ] GC(647) ParNew: 286247K->0K(460096K)
[442.554s][info][gc,heap        ] GC(647) CMS: 124636K->73267K(3683136K)
[442.554s][info][gc,metaspace   ] GC(647) Metaspace: 145146K(158700K)->145146K(158700K) NonClass: 126354K(133084K)->126354K(133084K) Class: 18792K(25616K)->18792K(25616K)
[442.555s][info][gc             ] GC(647) Pause Full (System.gc()) 401M->71M(4046M) 171.669ms
[442.555s][info][gc,cpu         ] GC(647) User=0.16s Sys=0.00s Real=0.17s
[442.683s][info][gc,start       ] GC(648) Pause Young (Allocation Failure)
[442.683s][info][gc,task        ] GC(648) Using 6 workers of 6 for evacuation
[442.692s][info][gc,heap        ] GC(648) ParNew: 409024K->20589K(460096K)
[442.692s][info][gc,heap        ] GC(648) CMS: 73267K->73267K(3683136K)
[442.692s][info][gc,metaspace   ] GC(648) Metaspace: 145149K(158700K)->145149K(158700K) NonClass: 126356K(133084K)->126356K(133084K) Class: 18792K(25616K)->18792K(25616K)
[442.692s][info][gc             ] GC(648) Pause Young (Allocation Failure) 470M->91M(4046M) 9.165ms
[442.692s][info][gc,cpu         ] GC(648) User=0.03s Sys=0.00s Real=0.02s
[442.851s][info][gc,start       ] GC(649) Pause Young (Allocation Failure)
[442.851s][info][gc,task        ] GC(649) Using 6 workers of 6 for evacuation
[442.861s][info][gc,heap        ] GC(649) ParNew: 429267K->49515K(460096K)
[442.861s][info][gc,heap        ] GC(649) CMS: 73267K->73267K(3683136K)
[442.861s][info][gc,metaspace   ] GC(649) Metaspace: 145149K(158700K)->145149K(158700K) NonClass: 126356K(133084K)->126356K(133084K) Class: 18792K(25616K)->18792K(25616K)
[442.861s][info][gc             ] GC(649) Pause Young (Allocation Failure) 490M->119M(4046M) 10.354ms
[442.862s][info][gc,cpu         ] GC(649) User=0.02s Sys=0.00s Real=0.02s
[442.914s][info][gc,start       ] GC(650) Pause Young (GCLocker Initiated GC)
[442.914s][info][gc,task        ] GC(650) Using 6 workers of 6 for evacuation
[442.925s][info][gc,heap        ] GC(650) ParNew: 457256K->34750K(460096K)
[442.925s][info][gc,heap        ] GC(650) CMS: 77363K->101954K(3683136K)
[442.925s][info][gc,metaspace   ] GC(650) Metaspace: 145149K(158700K)->145149K(158700K) NonClass: 126357K(133084K)->126357K(133084K) Class: 18792K(25616K)->18792K(25616K)
[442.925s][info][gc             ] GC(650) Pause Young (GCLocker Initiated GC) 522M->133M(4046M) 10.278ms
[442.925s][info][gc,cpu         ] GC(650) User=0.02s Sys=0.00s Real=0.02s
[443.105s][info][gc,start       ] GC(651) Pause Young (Allocation Failure)
[443.105s][info][gc,task        ] GC(651) Using 6 workers of 6 for evacuation
[443.113s][info][gc,heap        ] GC(651) ParNew: 442670K->24386K(460096K)
[443.113s][info][gc,heap        ] GC(651) CMS: 101954K->101954K(3683136K)
[443.113s][info][gc,metaspace   ] GC(651) Metaspace: 145149K(158700K)->145149K(158700K) NonClass: 126357K(133084K)->126357K(133084K) Class: 18792K(25616K)->18792K(25616K)
[443.113s][info][gc             ] GC(651) Pause Young (Allocation Failure) 531M->123M(4046M) 8.373ms
[443.113s][info][gc,cpu         ] GC(651) User=0.02s Sys=0.00s Real=0.01s
[443.162s][info][gc,start       ] GC(652) Pause Young (Allocation Failure)
[443.162s][info][gc,task        ] GC(652) Using 6 workers of 6 for evacuation
[443.172s][info][gc,heap        ] GC(652) ParNew: 433410K->48107K(460096K)
[443.172s][info][gc,heap        ] GC(652) CMS: 101954K->106050K(3683136K)
[443.172s][info][gc,metaspace   ] GC(652) Metaspace: 145149K(158700K)->145149K(158700K) NonClass: 126357K(133084K)->126357K(133084K) Class: 18792K(25616K)->18792K(25616K)
[443.172s][info][gc             ] GC(652) Pause Young (Allocation Failure) 522M->150M(4046M) 9.875ms
[443.172s][info][gc,cpu         ] GC(652) User=0.00s Sys=0.00s Real=0.00s
[443.357s][info][gc,start       ] GC(653) Pause Young (Allocation Failure)
[443.357s][info][gc,task        ] GC(653) Using 6 workers of 6 for evacuation
[443.368s][info][gc,heap        ] GC(653) ParNew: 457131K->36713K(460096K)
[443.368s][info][gc,heap        ] GC(653) CMS: 106050K->123069K(3683136K)
[443.368s][info][gc,metaspace   ] GC(653) Metaspace: 145149K(158700K)->145149K(158700K) NonClass: 126357K(133084K)->126357K(133084K) Class: 18792K(25616K)->18792K(25616K)
[443.368s][info][gc             ] GC(653) Pause Young (Allocation Failure) 549M->156M(4046M) 10.962ms
[443.368s][info][gc,cpu         ] GC(653) User=0.03s Sys=0.00s Real=0.02s
[443.929s][info][gc,start       ] GC(654) Pause Young (Allocation Failure)
[443.929s][info][gc,task        ] GC(654) Using 6 workers of 6 for evacuation
[443.937s][info][gc,heap        ] GC(654) ParNew: 445737K->21575K(460096K)
[443.937s][info][gc,heap        ] GC(654) CMS: 123069K->132532K(3683136K)
[443.937s][info][gc,metaspace   ] GC(654) Metaspace: 145149K(158700K)->145149K(158700K) NonClass: 126357K(133084K)->126357K(133084K) Class: 18792K(25616K)->18792K(25616K)
[443.937s][info][gc             ] GC(654) Pause Young (Allocation Failure) 555M->150M(4046M) 8.488ms
[443.937s][info][gc,cpu         ] GC(654) User=0.00s Sys=0.00s Real=0.00s
[445.509s][info][gc,start       ] GC(655) Pause Young (Allocation Failure)
[445.509s][info][gc,task        ] GC(655) Using 6 workers of 6 for evacuation
[445.516s][info][gc,heap        ] GC(655) ParNew: 430631K->15361K(460096K)
[445.516s][info][gc,heap        ] GC(655) CMS: 132532K->132532K(3683136K)
[445.516s][info][gc,metaspace   ] GC(655) Metaspace: 145149K(158700K)->145149K(158700K) NonClass: 126357K(133084K)->126357K(133084K) Class: 18792K(25616K)->18792K(25616K)
[445.516s][info][gc             ] GC(655) Pause Young (Allocation Failure) 549M->144M(4046M) 6.968ms
[445.516s][info][gc,cpu         ] GC(655) User=0.02s Sys=0.00s Real=0.02s
[447.074s][info][gc,start       ] GC(656) Pause Young (GCLocker Initiated GC)
[447.074s][info][gc,task        ] GC(656) Using 6 workers of 6 for evacuation
[447.082s][info][gc,heap        ] GC(656) ParNew: 424393K->17520K(460096K)
[447.082s][info][gc,heap        ] GC(656) CMS: 132532K->132532K(3683136K)
[447.082s][info][gc,metaspace   ] GC(656) Metaspace: 145149K(158700K)->145149K(158700K) NonClass: 126357K(133084K)->126357K(133084K) Class: 18792K(25616K)->18792K(25616K)
[447.082s][info][gc             ] GC(656) Pause Young (GCLocker Initiated GC) 543M->146M(4046M) 8.593ms
[447.082s][info][gc,cpu         ] GC(656) User=0.02s Sys=0.00s Real=0.01s
[448.560s][info][gc,start       ] GC(657) Pause Young (Allocation Failure)
[448.560s][info][gc,task        ] GC(657) Using 6 workers of 6 for evacuation
[448.567s][info][gc,heap        ] GC(657) ParNew: 426216K->13632K(460096K)
[448.567s][info][gc,heap        ] GC(657) CMS: 132532K->132532K(3683136K)
[448.567s][info][gc,metaspace   ] GC(657) Metaspace: 145150K(158700K)->145150K(158700K) NonClass: 126357K(133084K)->126357K(133084K) Class: 18792K(25616K)->18792K(25616K)
[448.567s][info][gc             ] GC(657) Pause Young (Allocation Failure) 545M->142M(4046M) 7.304ms
[448.567s][info][gc,cpu         ] GC(657) User=0.00s Sys=0.00s Real=0.00s
[449.011s][info][gc,start       ] GC(658) Pause Full (System.gc())
[449.013s][info][gc,phases,start] GC(658) Phase 1: Mark live objects
[449.087s][info][gc,phases      ] GC(658) Phase 1: Mark live objects 73.290ms
[449.087s][info][gc,phases,start] GC(658) Phase 2: Compute new object addresses
[449.128s][info][gc,phases      ] GC(658) Phase 2: Compute new object addresses 41.424ms
[449.128s][info][gc,phases,start] GC(658) Phase 3: Adjust pointers
[449.172s][info][gc,phases      ] GC(658) Phase 3: Adjust pointers 43.919ms
[449.172s][info][gc,phases,start] GC(658) Phase 4: Move objects
[449.177s][info][gc,phases      ] GC(658) Phase 4: Move objects 5.020ms
[449.181s][info][gc,heap        ] GC(658) ParNew: 284269K->0K(460096K)
[449.181s][info][gc,heap        ] GC(658) CMS: 132532K->73637K(3683136K)
[449.181s][info][gc,metaspace   ] GC(658) Metaspace: 145151K(158700K)->145151K(158700K) NonClass: 126358K(133084K)->126358K(133084K) Class: 18792K(25616K)->18792K(25616K)
[449.181s][info][gc             ] GC(658) Pause Full (System.gc()) 407M->71M(4046M) 170.449ms
[449.182s][info][gc,cpu         ] GC(658) User=0.16s Sys=0.00s Real=0.16s
[449.320s][info][gc,start       ] GC(659) Pause Young (Allocation Failure)
[449.320s][info][gc,task        ] GC(659) Using 6 workers of 6 for evacuation
[449.328s][info][gc,heap        ] GC(659) ParNew: 409024K->19403K(460096K)
[449.328s][info][gc,heap        ] GC(659) CMS: 73637K->73637K(3683136K)
[449.328s][info][gc,metaspace   ] GC(659) Metaspace: 145165K(158700K)->145165K(158700K) NonClass: 126373K(133084K)->126373K(133084K) Class: 18792K(25616K)->18792K(25616K)
[449.328s][info][gc             ] GC(659) Pause Young (Allocation Failure) 471M->90M(4046M) 8.094ms
[449.328s][info][gc,cpu         ] GC(659) User=0.02s Sys=0.00s Real=0.02s
[449.503s][info][gc,start       ] GC(660) Pause Young (Allocation Failure)
[449.503s][info][gc,task        ] GC(660) Using 6 workers of 6 for evacuation
[449.512s][info][gc,heap        ] GC(660) ParNew: 427852K->41375K(460096K)
[449.512s][info][gc,heap        ] GC(660) CMS: 73637K->73637K(3683136K)
[449.512s][info][gc,metaspace   ] GC(660) Metaspace: 145165K(158700K)->145165K(158700K) NonClass: 126373K(133084K)->126373K(133084K) Class: 18792K(25616K)->18792K(25616K)
[449.513s][info][gc             ] GC(660) Pause Young (Allocation Failure) 489M->112M(4046M) 9.686ms
[449.513s][info][gc,cpu         ] GC(660) User=0.02s Sys=0.00s Real=0.02s
[449.567s][info][gc,start       ] GC(661) Pause Young (Allocation Failure)
[449.567s][info][gc,task        ] GC(661) Using 6 workers of 6 for evacuation
[449.577s][info][gc,heap        ] GC(661) ParNew: 447860K->24936K(460096K)
[449.577s][info][gc,heap        ] GC(661) CMS: 73637K->98484K(3683136K)
[449.577s][info][gc,metaspace   ] GC(661) Metaspace: 145165K(158700K)->145165K(158700K) NonClass: 126373K(133084K)->126373K(133084K) Class: 18792K(25616K)->18792K(25616K)
[449.577s][info][gc             ] GC(661) Pause Young (Allocation Failure) 509M->120M(4046M) 10.269ms
[449.577s][info][gc,cpu         ] GC(661) User=0.00s Sys=0.00s Real=0.02s
[449.753s][info][gc,start       ] GC(662) Pause Young (Allocation Failure)
[449.753s][info][gc,task        ] GC(662) Using 6 workers of 6 for evacuation
[449.761s][info][gc,heap        ] GC(662) ParNew: 433960K->24664K(460096K)
[449.761s][info][gc,heap        ] GC(662) CMS: 98484K->98484K(3683136K)
[449.761s][info][gc,metaspace   ] GC(662) Metaspace: 145165K(158700K)->145165K(158700K) NonClass: 126373K(133084K)->126373K(133084K) Class: 18792K(25616K)->18792K(25616K)
[449.761s][info][gc             ] GC(662) Pause Young (Allocation Failure) 519M->120M(4046M) 7.535ms
[449.761s][info][gc,cpu         ] GC(662) User=0.00s Sys=0.00s Real=0.00s
[449.810s][info][gc,start       ] GC(663) Pause Young (Allocation Failure)
[449.810s][info][gc,task        ] GC(663) Using 6 workers of 6 for evacuation
[449.820s][info][gc,heap        ] GC(663) ParNew: 433688K->40303K(460096K)
[449.820s][info][gc,heap        ] GC(663) CMS: 98484K->98484K(3683136K)
[449.820s][info][gc,metaspace   ] GC(663) Metaspace: 145165K(158700K)->145165K(158700K) NonClass: 126373K(133084K)->126373K(133084K) Class: 18792K(25616K)->18792K(25616K)
[449.820s][info][gc             ] GC(663) Pause Young (Allocation Failure) 519M->135M(4046M) 9.418ms
[449.820s][info][gc,cpu         ] GC(663) User=0.02s Sys=0.00s Real=0.02s
[449.992s][info][gc,start       ] GC(664) Pause Young (Allocation Failure)
[449.992s][info][gc,task        ] GC(664) Using 6 workers of 6 for evacuation
[450.003s][info][gc,heap        ] GC(664) ParNew: 449327K->35313K(460096K)
[450.003s][info][gc,heap        ] GC(664) CMS: 98484K->115504K(3683136K)
[450.003s][info][gc,metaspace   ] GC(664) Metaspace: 145165K(158700K)->145165K(158700K) NonClass: 126373K(133084K)->126373K(133084K) Class: 18792K(25616K)->18792K(25616K)
[450.003s][info][gc             ] GC(664) Pause Young (Allocation Failure) 534M->147M(4046M) 11.171ms
[450.003s][info][gc,cpu         ] GC(664) User=0.02s Sys=0.00s Real=0.02s
[450.565s][info][gc,start       ] GC(665) Pause Young (Allocation Failure)
[450.565s][info][gc,task        ] GC(665) Using 6 workers of 6 for evacuation
[450.573s][info][gc,heap        ] GC(665) ParNew: 443418K->20518K(460096K)
[450.573s][info][gc,heap        ] GC(665) CMS: 115504K->124968K(3683136K)
[450.573s][info][gc,metaspace   ] GC(665) Metaspace: 145165K(158700K)->145165K(158700K) NonClass: 126373K(133084K)->126373K(133084K) Class: 18792K(25616K)->18792K(25616K)
[450.573s][info][gc             ] GC(665) Pause Young (Allocation Failure) 545M->142M(4046M) 8.089ms
[450.574s][info][gc,cpu         ] GC(665) User=0.00s Sys=0.00s Real=0.00s
[452.154s][info][gc,start       ] GC(666) Pause Young (Allocation Failure)
[452.154s][info][gc,task        ] GC(666) Using 6 workers of 6 for evacuation
[452.162s][info][gc,heap        ] GC(666) ParNew: 429542K->13901K(460096K)
[452.162s][info][gc,heap        ] GC(666) CMS: 124968K->124968K(3683136K)
[452.162s][info][gc,metaspace   ] GC(666) Metaspace: 145165K(158700K)->145165K(158700K) NonClass: 126373K(133084K)->126373K(133084K) Class: 18792K(25616K)->18792K(25616K)
[452.162s][info][gc             ] GC(666) Pause Young (Allocation Failure) 541M->135M(4046M) 8.283ms
[452.162s][info][gc,cpu         ] GC(666) User=0.02s Sys=0.00s Real=0.00s
[453.733s][info][gc,start       ] GC(667) Pause Young (GCLocker Initiated GC)
[453.733s][info][gc,task        ] GC(667) Using 6 workers of 6 for evacuation
[453.741s][info][gc,heap        ] GC(667) ParNew: 422925K->16987K(460096K)
[453.741s][info][gc,heap        ] GC(667) CMS: 124968K->124968K(3683136K)
[453.741s][info][gc,metaspace   ] GC(667) Metaspace: 145165K(158700K)->145165K(158700K) NonClass: 126373K(133084K)->126373K(133084K) Class: 18792K(25616K)->18792K(25616K)
[453.741s][info][gc             ] GC(667) Pause Young (GCLocker Initiated GC) 535M->138M(4046M) 7.895ms
[453.741s][info][gc,cpu         ] GC(667) User=0.02s Sys=0.00s Real=0.01s
[455.213s][info][gc,start       ] GC(668) Pause Young (Allocation Failure)
[455.213s][info][gc,task        ] GC(668) Using 6 workers of 6 for evacuation
[455.221s][info][gc,heap        ] GC(668) ParNew: 426007K->13308K(460096K)
[455.221s][info][gc,heap        ] GC(668) CMS: 124968K->124968K(3683136K)
[455.221s][info][gc,metaspace   ] GC(668) Metaspace: 145165K(158700K)->145165K(158700K) NonClass: 126373K(133084K)->126373K(133084K) Class: 18792K(25616K)->18792K(25616K)
[455.221s][info][gc             ] GC(668) Pause Young (Allocation Failure) 538M->135M(4046M) 8.011ms
[455.221s][info][gc,cpu         ] GC(668) User=0.00s Sys=0.00s Real=0.00s
[455.678s][info][gc,start       ] GC(669) Pause Full (System.gc())
[455.681s][info][gc,phases,start] GC(669) Phase 1: Mark live objects
[455.754s][info][gc,phases      ] GC(669) Phase 1: Mark live objects 72.686ms
[455.754s][info][gc,phases,start] GC(669) Phase 2: Compute new object addresses
[455.795s][info][gc,phases      ] GC(669) Phase 2: Compute new object addresses 41.470ms
[455.795s][info][gc,phases,start] GC(669) Phase 3: Adjust pointers
[455.839s][info][gc,phases      ] GC(669) Phase 3: Adjust pointers 44.109ms
[455.839s][info][gc,phases,start] GC(669) Phase 4: Move objects
[455.845s][info][gc,phases      ] GC(669) Phase 4: Move objects 5.173ms
[455.848s][info][gc,heap        ] GC(669) ParNew: 287188K->0K(460096K)
[455.848s][info][gc,heap        ] GC(669) CMS: 124968K->73372K(3683136K)
[455.848s][info][gc,metaspace   ] GC(669) Metaspace: 145166K(158700K)->145166K(158700K) NonClass: 126374K(133084K)->126374K(133084K) Class: 18792K(25616K)->18792K(25616K)
[455.849s][info][gc             ] GC(669) Pause Full (System.gc()) 402M->71M(4046M) 170.519ms
[455.849s][info][gc,cpu         ] GC(669) User=0.16s Sys=0.00s Real=0.17s
[455.984s][info][gc,start       ] GC(670) Pause Young (Allocation Failure)
[455.984s][info][gc,task        ] GC(670) Using 6 workers of 6 for evacuation
[455.992s][info][gc,heap        ] GC(670) ParNew: 409024K->19488K(460096K)
[455.992s][info][gc,heap        ] GC(670) CMS: 73372K->73372K(3683136K)
[455.992s][info][gc,metaspace   ] GC(670) Metaspace: 145169K(158700K)->145169K(158700K) NonClass: 126377K(133084K)->126377K(133084K) Class: 18792K(25616K)->18792K(25616K)
[455.992s][info][gc             ] GC(670) Pause Young (Allocation Failure) 471M->90M(4046M) 7.858ms
[455.992s][info][gc,cpu         ] GC(670) User=0.00s Sys=0.00s Real=0.01s
[456.145s][info][gc,start       ] GC(671) Pause Young (Allocation Failure)
[456.145s][info][gc,task        ] GC(671) Using 6 workers of 6 for evacuation
[456.156s][info][gc,heap        ] GC(671) ParNew: 425905K->49514K(460096K)
[456.156s][info][gc,heap        ] GC(671) CMS: 73372K->73372K(3683136K)
[456.156s][info][gc,metaspace   ] GC(671) Metaspace: 145169K(158700K)->145169K(158700K) NonClass: 126377K(133084K)->126377K(133084K) Class: 18792K(25616K)->18792K(25616K)
[456.156s][info][gc             ] GC(671) Pause Young (Allocation Failure) 487M->120M(4046M) 10.488ms
[456.156s][info][gc,cpu         ] GC(671) User=0.02s Sys=0.00s Real=0.02s
[456.220s][info][gc,start       ] GC(672) Pause Young (Allocation Failure)
[456.220s][info][gc,task        ] GC(672) Using 6 workers of 6 for evacuation
[456.232s][info][gc,heap        ] GC(672) ParNew: 458083K->34612K(460096K)
[456.232s][info][gc,heap        ] GC(672) CMS: 73372K->97727K(3683136K)
[456.232s][info][gc,metaspace   ] GC(672) Metaspace: 145169K(158700K)->145169K(158700K) NonClass: 126377K(133084K)->126377K(133084K) Class: 18792K(25616K)->18792K(25616K)
[456.232s][info][gc             ] GC(672) Pause Young (Allocation Failure) 518M->129M(4046M) 12.073ms
[456.232s][info][gc,cpu         ] GC(672) User=0.05s Sys=0.00s Real=0.02s
[456.408s][info][gc,start       ] GC(673) Pause Young (Allocation Failure)
[456.408s][info][gc,task        ] GC(673) Using 6 workers of 6 for evacuation
[456.416s][info][gc,heap        ] GC(673) ParNew: 443636K->25368K(460096K)
[456.416s][info][gc,heap        ] GC(673) CMS: 97727K->97727K(3683136K)
[456.416s][info][gc,metaspace   ] GC(673) Metaspace: 145171K(158700K)->145171K(158700K) NonClass: 126379K(133084K)->126379K(133084K) Class: 18792K(25616K)->18792K(25616K)
[456.416s][info][gc             ] GC(673) Pause Young (Allocation Failure) 528M->120M(4046M) 8.420ms
[456.416s][info][gc,cpu         ] GC(673) User=0.00s Sys=0.00s Real=0.00s
[456.467s][info][gc,start       ] GC(674) Pause Young (Allocation Failure)
[456.467s][info][gc,task        ] GC(674) Using 6 workers of 6 for evacuation
[456.476s][info][gc,heap        ] GC(674) ParNew: 434392K->45438K(460096K)
[456.476s][info][gc,heap        ] GC(674) CMS: 97727K->97727K(3683136K)
[456.476s][info][gc,metaspace   ] GC(674) Metaspace: 145171K(158700K)->145171K(158700K) NonClass: 126379K(133084K)->126379K(133084K) Class: 18792K(25616K)->18792K(25616K)
[456.476s][info][gc             ] GC(674) Pause Young (Allocation Failure) 519M->139M(4046M) 9.439ms
[456.476s][info][gc,cpu         ] GC(674) User=0.00s Sys=0.00s Real=0.00s
[456.643s][info][gc,start       ] GC(675) Pause Young (Allocation Failure)
[456.643s][info][gc,task        ] GC(675) Using 6 workers of 6 for evacuation
[456.654s][info][gc,heap        ] GC(675) ParNew: 454462K->35591K(460096K)
[456.654s][info][gc,heap        ] GC(675) CMS: 97727K->114987K(3683136K)
[456.654s][info][gc,metaspace   ] GC(675) Metaspace: 145171K(158700K)->145171K(158700K) NonClass: 126379K(133084K)->126379K(133084K) Class: 18792K(25616K)->18792K(25616K)
[456.654s][info][gc             ] GC(675) Pause Young (Allocation Failure) 539M->147M(4046M) 10.407ms
[456.654s][info][gc,cpu         ] GC(675) User=0.00s Sys=0.00s Real=0.00s
[457.229s][info][gc,start       ] GC(676) Pause Young (Allocation Failure)
[457.229s][info][gc,task        ] GC(676) Using 6 workers of 6 for evacuation
[457.237s][info][gc,heap        ] GC(676) ParNew: 444615K->23234K(460096K)
[457.237s][info][gc,heap        ] GC(676) CMS: 114987K->124451K(3683136K)
[457.237s][info][gc,metaspace   ] GC(676) Metaspace: 145171K(158700K)->145171K(158700K) NonClass: 126379K(133084K)->126379K(133084K) Class: 18792K(25616K)->18792K(25616K)
[457.237s][info][gc             ] GC(676) Pause Young (Allocation Failure) 546M->144M(4046M) 8.813ms
[457.237s][info][gc,cpu         ] GC(676) User=0.02s Sys=0.00s Real=0.02s
[458.840s][info][gc,start       ] GC(677) Pause Young (GCLocker Initiated GC)
[458.840s][info][gc,task        ] GC(677) Using 6 workers of 6 for evacuation
[458.846s][info][gc,heap        ] GC(677) ParNew: 432290K->12072K(460096K)
[458.846s][info][gc,heap        ] GC(677) CMS: 124451K->124451K(3683136K)
[458.846s][info][gc,metaspace   ] GC(677) Metaspace: 145171K(158700K)->145171K(158700K) NonClass: 126379K(133084K)->126379K(133084K) Class: 18792K(25616K)->18792K(25616K)
[458.846s][info][gc             ] GC(677) Pause Young (GCLocker Initiated GC) 543M->133M(4046M) 6.486ms
[458.846s][info][gc,cpu         ] GC(677) User=0.00s Sys=0.00s Real=0.00s
[460.396s][info][gc,start       ] GC(678) Pause Young (Allocation Failure)
[460.396s][info][gc,task        ] GC(678) Using 6 workers of 6 for evacuation
[460.405s][info][gc,heap        ] GC(678) ParNew: 421134K->18017K(460096K)
[460.405s][info][gc,heap        ] GC(678) CMS: 124451K->124451K(3683136K)
[460.405s][info][gc,metaspace   ] GC(678) Metaspace: 145171K(158700K)->145171K(158700K) NonClass: 126379K(133084K)->126379K(133084K) Class: 18792K(25616K)->18792K(25616K)
[460.405s][info][gc             ] GC(678) Pause Young (Allocation Failure) 532M->139M(4046M) 8.885ms
[460.405s][info][gc,cpu         ] GC(678) User=0.00s Sys=0.00s Real=0.00s
[461.920s][info][gc,start       ] GC(679) Pause Young (Allocation Failure)
[461.920s][info][gc,task        ] GC(679) Using 6 workers of 6 for evacuation
[461.927s][info][gc,heap        ] GC(679) ParNew: 427041K->14759K(460096K)
[461.927s][info][gc,heap        ] GC(679) CMS: 124451K->124451K(3683136K)
[461.927s][info][gc,metaspace   ] GC(679) Metaspace: 145171K(158700K)->145171K(158700K) NonClass: 126379K(133084K)->126379K(133084K) Class: 18792K(25616K)->18792K(25616K)
[461.927s][info][gc             ] GC(679) Pause Young (Allocation Failure) 538M->135M(4046M) 7.285ms
[461.927s][info][gc,cpu         ] GC(679) User=0.00s Sys=0.00s Real=0.00s
[462.373s][info][gc,start       ] GC(680) Pause Full (System.gc())
[462.375s][info][gc,phases,start] GC(680) Phase 1: Mark live objects
[462.448s][info][gc,phases      ] GC(680) Phase 1: Mark live objects 73.057ms
[462.448s][info][gc,phases,start] GC(680) Phase 2: Compute new object addresses
[462.490s][info][gc,phases      ] GC(680) Phase 2: Compute new object addresses 41.467ms
[462.490s][info][gc,phases,start] GC(680) Phase 3: Adjust pointers
[462.534s][info][gc,phases      ] GC(680) Phase 3: Adjust pointers 44.104ms
[462.534s][info][gc,phases,start] GC(680) Phase 4: Move objects
[462.539s][info][gc,phases      ] GC(680) Phase 4: Move objects 5.048ms
[462.543s][info][gc,heap        ] GC(680) ParNew: 284331K->0K(460096K)
[462.543s][info][gc,heap        ] GC(680) CMS: 124451K->73743K(3683136K)
[462.543s][info][gc,metaspace   ] GC(680) Metaspace: 145173K(158700K)->145173K(158700K) NonClass: 126381K(133084K)->126381K(133084K) Class: 18792K(25616K)->18792K(25616K)
[462.543s][info][gc             ] GC(680) Pause Full (System.gc()) 399M->72M(4046M) 170.864ms
[462.543s][info][gc,cpu         ] GC(680) User=0.16s Sys=0.00s Real=0.17s
[462.679s][info][gc,start       ] GC(681) Pause Young (Allocation Failure)
[462.679s][info][gc,task        ] GC(681) Using 6 workers of 6 for evacuation
[462.687s][info][gc,heap        ] GC(681) ParNew: 409025K->19264K(460096K)
[462.688s][info][gc,heap        ] GC(681) CMS: 73743K->73743K(3683136K)
[462.688s][info][gc,metaspace   ] GC(681) Metaspace: 145174K(158700K)->145174K(158700K) NonClass: 126381K(133084K)->126381K(133084K) Class: 18792K(25616K)->18792K(25616K)
[462.688s][info][gc             ] GC(681) Pause Young (Allocation Failure) 471M->90M(4046M) 8.879ms
[462.688s][info][gc,cpu         ] GC(681) User=0.03s Sys=0.00s Real=0.02s
[462.847s][info][gc,start       ] GC(682) Pause Young (Allocation Failure)
[462.847s][info][gc,task        ] GC(682) Using 6 workers of 6 for evacuation
[462.857s][info][gc,heap        ] GC(682) ParNew: 428060K->48654K(460096K)
[462.857s][info][gc,heap        ] GC(682) CMS: 73743K->73743K(3683136K)
[462.857s][info][gc,metaspace   ] GC(682) Metaspace: 145174K(158700K)->145174K(158700K) NonClass: 126381K(133084K)->126381K(133084K) Class: 18792K(25616K)->18792K(25616K)
[462.857s][info][gc             ] GC(682) Pause Young (Allocation Failure) 490M->119M(4046M) 9.619ms
[462.857s][info][gc,cpu         ] GC(682) User=0.02s Sys=0.00s Real=0.02s
[462.909s][info][gc,start       ] GC(683) Pause Young (Allocation Failure)
[462.909s][info][gc,task        ] GC(683) Using 6 workers of 6 for evacuation
[462.919s][info][gc,heap        ] GC(683) ParNew: 454731K->29775K(460096K)
[462.919s][info][gc,heap        ] GC(683) CMS: 73743K->97869K(3683136K)
[462.919s][info][gc,metaspace   ] GC(683) Metaspace: 145174K(158700K)->145174K(158700K) NonClass: 126381K(133084K)->126381K(133084K) Class: 18792K(25616K)->18792K(25616K)
[462.919s][info][gc             ] GC(683) Pause Young (Allocation Failure) 516M->124M(4046M) 10.742ms
[462.920s][info][gc,cpu         ] GC(683) User=0.00s Sys=0.00s Real=0.02s
[463.092s][info][gc,start       ] GC(684) Pause Young (Allocation Failure)
[463.092s][info][gc,task        ] GC(684) Using 6 workers of 6 for evacuation
[463.100s][info][gc,heap        ] GC(684) ParNew: 438799K->24382K(460096K)
[463.100s][info][gc,heap        ] GC(684) CMS: 97869K->97869K(3683136K)
[463.100s][info][gc,metaspace   ] GC(684) Metaspace: 145174K(158700K)->145174K(158700K) NonClass: 126381K(133084K)->126381K(133084K) Class: 18792K(25616K)->18792K(25616K)
[463.100s][info][gc             ] GC(684) Pause Young (Allocation Failure) 524M->119M(4046M) 8.159ms
[463.100s][info][gc,cpu         ] GC(684) User=0.00s Sys=0.00s Real=0.01s
[463.151s][info][gc,start       ] GC(685) Pause Young (Allocation Failure)
[463.151s][info][gc,task        ] GC(685) Using 6 workers of 6 for evacuation
[463.162s][info][gc,heap        ] GC(685) ParNew: 432145K->38506K(460096K)
[463.162s][info][gc,heap        ] GC(685) CMS: 97869K->97869K(3683136K)
[463.162s][info][gc,metaspace   ] GC(685) Metaspace: 145174K(158700K)->145174K(158700K) NonClass: 126381K(133084K)->126381K(133084K) Class: 18792K(25616K)->18792K(25616K)
[463.162s][info][gc             ] GC(685) Pause Young (Allocation Failure) 517M->133M(4046M) 11.152ms
[463.162s][info][gc,cpu         ] GC(685) User=0.02s Sys=0.00s Real=0.02s
[463.337s][info][gc,start       ] GC(686) Pause Young (Allocation Failure)
[463.337s][info][gc,task        ] GC(686) Using 6 workers of 6 for evacuation
[463.350s][info][gc,heap        ] GC(686) ParNew: 447530K->35050K(460096K)
[463.350s][info][gc,heap        ] GC(686) CMS: 97869K->115455K(3683136K)
[463.350s][info][gc,metaspace   ] GC(686) Metaspace: 145174K(158700K)->145174K(158700K) NonClass: 126381K(133084K)->126381K(133084K) Class: 18792K(25616K)->18792K(25616K)
[463.350s][info][gc             ] GC(686) Pause Young (Allocation Failure) 532M->146M(4046M) 12.953ms
[463.350s][info][gc,cpu         ] GC(686) User=0.02s Sys=0.00s Real=0.02s
[463.902s][info][gc,start       ] GC(687) Pause Young (Allocation Failure)
[463.902s][info][gc,task        ] GC(687) Using 6 workers of 6 for evacuation
[463.910s][info][gc,heap        ] GC(687) ParNew: 444074K->17318K(460096K)
[463.911s][info][gc,heap        ] GC(687) CMS: 115455K->124919K(3683136K)
[463.911s][info][gc,metaspace   ] GC(687) Metaspace: 145174K(158700K)->145174K(158700K) NonClass: 126381K(133084K)->126381K(133084K) Class: 18792K(25616K)->18792K(25616K)
[463.911s][info][gc             ] GC(687) Pause Young (Allocation Failure) 546M->138M(4046M) 9.023ms
[463.911s][info][gc,cpu         ] GC(687) User=0.00s Sys=0.00s Real=0.01s
[465.511s][info][gc,start       ] GC(688) Pause Young (GCLocker Initiated GC)
[465.512s][info][gc,task        ] GC(688) Using 6 workers of 6 for evacuation
[465.519s][info][gc,heap        ] GC(688) ParNew: 426877K->18300K(460096K)
[465.519s][info][gc,heap        ] GC(688) CMS: 124919K->124919K(3683136K)
[465.519s][info][gc,metaspace   ] GC(688) Metaspace: 145174K(158700K)->145174K(158700K) NonClass: 126381K(133084K)->126381K(133084K) Class: 18792K(25616K)->18792K(25616K)
[465.519s][info][gc             ] GC(688) Pause Young (GCLocker Initiated GC) 538M->139M(4046M) 7.525ms
[465.519s][info][gc,cpu         ] GC(688) User=0.02s Sys=0.00s Real=0.00s
[467.062s][info][gc,start       ] GC(689) Pause Young (GCLocker Initiated GC)
[467.062s][info][gc,task        ] GC(689) Using 6 workers of 6 for evacuation
[467.071s][info][gc,heap        ] GC(689) ParNew: 427324K->18542K(460096K)
[467.071s][info][gc,heap        ] GC(689) CMS: 124919K->124919K(3683136K)
[467.071s][info][gc,metaspace   ] GC(689) Metaspace: 145174K(158700K)->145174K(158700K) NonClass: 126381K(133084K)->126381K(133084K) Class: 18792K(25616K)->18792K(25616K)
[467.071s][info][gc             ] GC(689) Pause Young (GCLocker Initiated GC) 539M->140M(4046M) 8.748ms
[467.071s][info][gc,cpu         ] GC(689) User=0.00s Sys=0.00s Real=0.00s
[468.549s][info][gc,start       ] GC(690) Pause Young (Allocation Failure)
[468.549s][info][gc,task        ] GC(690) Using 6 workers of 6 for evacuation
[468.556s][info][gc,heap        ] GC(690) ParNew: 427562K->14944K(460096K)
[468.556s][info][gc,heap        ] GC(690) CMS: 124919K->124919K(3683136K)
[468.556s][info][gc,metaspace   ] GC(690) Metaspace: 145174K(158700K)->145174K(158700K) NonClass: 126381K(133084K)->126381K(133084K) Class: 18792K(25616K)->18792K(25616K)
[468.556s][info][gc             ] GC(690) Pause Young (Allocation Failure) 539M->136M(4046M) 7.302ms
[468.556s][info][gc,cpu         ] GC(690) User=0.02s Sys=0.00s Real=0.02s
[469.009s][info][gc,start       ] GC(691) Pause Full (System.gc())
[469.011s][info][gc,phases,start] GC(691) Phase 1: Mark live objects
[469.084s][info][gc,phases      ] GC(691) Phase 1: Mark live objects 73.248ms
[469.084s][info][gc,phases,start] GC(691) Phase 2: Compute new object addresses
[469.126s][info][gc,phases      ] GC(691) Phase 2: Compute new object addresses 41.352ms
[469.126s][info][gc,phases,start] GC(691) Phase 3: Adjust pointers
[469.171s][info][gc,phases      ] GC(691) Phase 3: Adjust pointers 45.481ms
[469.171s][info][gc,phases,start] GC(691) Phase 4: Move objects
[469.179s][info][gc,phases      ] GC(691) Phase 4: Move objects 8.086ms
[469.183s][info][gc,heap        ] GC(691) ParNew: 285465K->0K(460096K)
[469.183s][info][gc,heap        ] GC(691) CMS: 124919K->73441K(3683136K)
[469.183s][info][gc,metaspace   ] GC(691) Metaspace: 145176K(158700K)->145176K(158700K) NonClass: 126384K(133084K)->126384K(133084K) Class: 18792K(25616K)->18792K(25616K)
[469.184s][info][gc             ] GC(691) Pause Full (System.gc()) 400M->71M(4046M) 175.032ms
[469.184s][info][gc,cpu         ] GC(691) User=0.17s Sys=0.00s Real=0.17s
[469.323s][info][gc,start       ] GC(692) Pause Young (Allocation Failure)
[469.323s][info][gc,task        ] GC(692) Using 6 workers of 6 for evacuation
[469.331s][info][gc,heap        ] GC(692) ParNew: 409024K->20205K(460096K)
[469.331s][info][gc,heap        ] GC(692) CMS: 73441K->73441K(3683136K)
[469.331s][info][gc,metaspace   ] GC(692) Metaspace: 145208K(158956K)->145208K(158956K) NonClass: 126415K(133340K)->126415K(133340K) Class: 18792K(25616K)->18792K(25616K)
[469.331s][info][gc             ] GC(692) Pause Young (Allocation Failure) 471M->91M(4046M) 7.683ms
[469.331s][info][gc,cpu         ] GC(692) User=0.00s Sys=0.00s Real=0.00s
[469.483s][info][gc,start       ] GC(693) Pause Young (Allocation Failure)
[469.483s][info][gc,task        ] GC(693) Using 6 workers of 6 for evacuation
[469.493s][info][gc,heap        ] GC(693) ParNew: 429229K->51072K(460096K)
[469.494s][info][gc,heap        ] GC(693) CMS: 73441K->77786K(3683136K)
[469.494s][info][gc,metaspace   ] GC(693) Metaspace: 145208K(158956K)->145208K(158956K) NonClass: 126415K(133340K)->126415K(133340K) Class: 18792K(25616K)->18792K(25616K)
[469.494s][info][gc             ] GC(693) Pause Young (Allocation Failure) 490M->125M(4046M) 10.768ms
[469.494s][info][gc,cpu         ] GC(693) User=0.00s Sys=0.00s Real=0.00s
[469.546s][info][gc,start       ] GC(694) Pause Young (Allocation Failure)
[469.546s][info][gc,task        ] GC(694) Using 6 workers of 6 for evacuation
[469.556s][info][gc,heap        ] GC(694) ParNew: 459673K->31070K(460096K)
[469.556s][info][gc,heap        ] GC(694) CMS: 77786K->98133K(3683136K)
[469.556s][info][gc,metaspace   ] GC(694) Metaspace: 145208K(158956K)->145208K(158956K) NonClass: 126415K(133340K)->126415K(133340K) Class: 18792K(25616K)->18792K(25616K)
[469.556s][info][gc             ] GC(694) Pause Young (Allocation Failure) 524M->126M(4046M) 10.039ms
[469.556s][info][gc,cpu         ] GC(694) User=0.00s Sys=0.00s Real=0.00s
[469.740s][info][gc,start       ] GC(695) Pause Young (Allocation Failure)
[469.740s][info][gc,task        ] GC(695) Using 6 workers of 6 for evacuation
[469.747s][info][gc,heap        ] GC(695) ParNew: 438585K->23573K(460096K)
[469.747s][info][gc,heap        ] GC(695) CMS: 98133K->98133K(3683136K)
[469.747s][info][gc,metaspace   ] GC(695) Metaspace: 145208K(158956K)->145208K(158956K) NonClass: 126415K(133340K)->126415K(133340K) Class: 18792K(25616K)->18792K(25616K)
[469.747s][info][gc             ] GC(695) Pause Young (Allocation Failure) 524M->118M(4046M) 7.755ms
[469.747s][info][gc,cpu         ] GC(695) User=0.03s Sys=0.00s Real=0.02s
[469.796s][info][gc,start       ] GC(696) Pause Young (Allocation Failure)
[469.796s][info][gc,task        ] GC(696) Using 6 workers of 6 for evacuation
[469.804s][info][gc,heap        ] GC(696) ParNew: 429617K->29048K(460096K)
[469.804s][info][gc,heap        ] GC(696) CMS: 98133K->98133K(3683136K)
[469.804s][info][gc,metaspace   ] GC(696) Metaspace: 145208K(158956K)->145208K(158956K) NonClass: 126415K(133340K)->126415K(133340K) Class: 18792K(25616K)->18792K(25616K)
[469.804s][info][gc             ] GC(696) Pause Young (Allocation Failure) 515M->124M(4046M) 8.553ms
[469.804s][info][gc,cpu         ] GC(696) User=0.00s Sys=0.00s Real=0.00s
[469.976s][info][gc,start       ] GC(697) Pause Young (Allocation Failure)
[469.976s][info][gc,task        ] GC(697) Using 6 workers of 6 for evacuation
[469.988s][info][gc,heap        ] GC(697) ParNew: 438072K->35959K(460096K)
[469.988s][info][gc,heap        ] GC(697) CMS: 98133K->115149K(3683136K)
[469.988s][info][gc,metaspace   ] GC(697) Metaspace: 145208K(158956K)->145208K(158956K) NonClass: 126415K(133340K)->126415K(133340K) Class: 18792K(25616K)->18792K(25616K)
[469.988s][info][gc             ] GC(697) Pause Young (Allocation Failure) 523M->147M(4046M) 11.795ms
[469.988s][info][gc,cpu         ] GC(697) User=0.02s Sys=0.00s Real=0.02s
[470.558s][info][gc,start       ] GC(698) Pause Young (Allocation Failure)
[470.558s][info][gc,task        ] GC(698) Using 6 workers of 6 for evacuation
[470.567s][info][gc,heap        ] GC(698) ParNew: 444786K->22249K(460096K)
[470.567s][info][gc,heap        ] GC(698) CMS: 115149K->124614K(3683136K)
[470.567s][info][gc,metaspace   ] GC(698) Metaspace: 145208K(158956K)->145208K(158956K) NonClass: 126415K(133340K)->126415K(133340K) Class: 18792K(25616K)->18792K(25616K)
[470.567s][info][gc             ] GC(698) Pause Young (Allocation Failure) 546M->143M(4046M) 8.471ms
[470.567s][info][gc,cpu         ] GC(698) User=0.03s Sys=0.00s Real=0.02s
[472.127s][info][gc,start       ] GC(699) Pause Young (Allocation Failure)
[472.127s][info][gc,task        ] GC(699) Using 6 workers of 6 for evacuation
[472.135s][info][gc,heap        ] GC(699) ParNew: 431273K->14330K(460096K)
[472.135s][info][gc,heap        ] GC(699) CMS: 124614K->124614K(3683136K)
[472.135s][info][gc,metaspace   ] GC(699) Metaspace: 145208K(158956K)->145208K(158956K) NonClass: 126415K(133340K)->126415K(133340K) Class: 18792K(25616K)->18792K(25616K)
[472.135s][info][gc             ] GC(699) Pause Young (Allocation Failure) 542M->135M(4046M) 8.072ms
[472.135s][info][gc,cpu         ] GC(699) User=0.02s Sys=0.00s Real=0.01s
[473.697s][info][gc,start       ] GC(700) Pause Young (Allocation Failure)
[473.697s][info][gc,task        ] GC(700) Using 6 workers of 6 for evacuation
[473.706s][info][gc,heap        ] GC(700) ParNew: 423354K->18491K(460096K)
[473.706s][info][gc,heap        ] GC(700) CMS: 124614K->124614K(3683136K)
[473.706s][info][gc,metaspace   ] GC(700) Metaspace: 145208K(158956K)->145208K(158956K) NonClass: 126415K(133340K)->126415K(133340K) Class: 18792K(25616K)->18792K(25616K)
[473.706s][info][gc             ] GC(700) Pause Young (Allocation Failure) 535M->139M(4046M) 8.714ms
[473.706s][info][gc,cpu         ] GC(700) User=0.02s Sys=0.00s Real=0.02s
[475.183s][info][gc,start       ] GC(701) Pause Young (Allocation Failure)
[475.183s][info][gc,task        ] GC(701) Using 6 workers of 6 for evacuation
[475.190s][info][gc,heap        ] GC(701) ParNew: 426205K->13861K(460096K)
[475.190s][info][gc,heap        ] GC(701) CMS: 124614K->124614K(3683136K)
[475.190s][info][gc,metaspace   ] GC(701) Metaspace: 145208K(158956K)->145208K(158956K) NonClass: 126415K(133340K)->126415K(133340K) Class: 18792K(25616K)->18792K(25616K)
[475.190s][info][gc             ] GC(701) Pause Young (Allocation Failure) 537M->135M(4046M) 6.913ms
[475.190s][info][gc,cpu         ] GC(701) User=0.00s Sys=0.00s Real=0.00s
[475.637s][info][gc,start       ] GC(702) Pause Full (System.gc())
[475.639s][info][gc,phases,start] GC(702) Phase 1: Mark live objects
[475.712s][info][gc,phases      ] GC(702) Phase 1: Mark live objects 72.720ms
[475.712s][info][gc,phases,start] GC(702) Phase 2: Compute new object addresses
[475.754s][info][gc,phases      ] GC(702) Phase 2: Compute new object addresses 41.314ms
[475.754s][info][gc,phases,start] GC(702) Phase 3: Adjust pointers
[475.798s][info][gc,phases      ] GC(702) Phase 3: Adjust pointers 43.997ms
[475.798s][info][gc,phases,start] GC(702) Phase 4: Move objects
[475.803s][info][gc,phases      ] GC(702) Phase 4: Move objects 5.008ms
[475.806s][info][gc,heap        ] GC(702) ParNew: 283031K->0K(460096K)
[475.806s][info][gc,heap        ] GC(702) CMS: 124614K->73008K(3683136K)
[475.806s][info][gc,metaspace   ] GC(702) Metaspace: 145208K(158956K)->145208K(158956K) NonClass: 126415K(133340K)->126415K(133340K) Class: 18792K(25616K)->18792K(25616K)
[475.807s][info][gc             ] GC(702) Pause Full (System.gc()) 398M->71M(4046M) 169.931ms
[475.807s][info][gc,cpu         ] GC(702) User=0.17s Sys=0.00s Real=0.17s
[475.928s][info][gc,start       ] GC(703) Pause Young (Allocation Failure)
[475.928s][info][gc,task        ] GC(703) Using 6 workers of 6 for evacuation
[475.936s][info][gc,heap        ] GC(703) ParNew: 409024K->19927K(460096K)
[475.936s][info][gc,heap        ] GC(703) CMS: 73008K->73008K(3683136K)
[475.936s][info][gc,metaspace   ] GC(703) Metaspace: 145270K(158956K)->145270K(158956K) NonClass: 126478K(133340K)->126478K(133340K) Class: 18792K(25616K)->18792K(25616K)
[475.936s][info][gc             ] GC(703) Pause Young (Allocation Failure) 470M->90M(4046M) 7.873ms
[475.936s][info][gc,cpu         ] GC(703) User=0.02s Sys=0.00s Real=0.01s
[476.086s][info][gc,start       ] GC(704) Pause Young (Allocation Failure)
[476.086s][info][gc,task        ] GC(704) Using 6 workers of 6 for evacuation
[476.096s][info][gc,heap        ] GC(704) ParNew: 428288K->48656K(460096K)
[476.096s][info][gc,heap        ] GC(704) CMS: 73008K->73008K(3683136K)
[476.096s][info][gc,metaspace   ] GC(704) Metaspace: 145270K(158956K)->145270K(158956K) NonClass: 126478K(133340K)->126478K(133340K) Class: 18792K(25616K)->18792K(25616K)
[476.096s][info][gc             ] GC(704) Pause Young (Allocation Failure) 489M->118M(4046M) 10.606ms
[476.096s][info][gc,cpu         ] GC(704) User=0.02s Sys=0.00s Real=0.02s
[476.148s][info][gc,start       ] GC(705) Pause Young (Allocation Failure)
[476.148s][info][gc,task        ] GC(705) Using 6 workers of 6 for evacuation
[476.160s][info][gc,heap        ] GC(705) ParNew: 457604K->30559K(460096K)
[476.160s][info][gc,heap        ] GC(705) CMS: 73008K->96902K(3683136K)
[476.160s][info][gc,metaspace   ] GC(705) Metaspace: 145270K(158956K)->145270K(158956K) NonClass: 126478K(133340K)->126478K(133340K) Class: 18792K(25616K)->18792K(25616K)
[476.160s][info][gc             ] GC(705) Pause Young (Allocation Failure) 518M->124M(4046M) 12.388ms
[476.160s][info][gc,cpu         ] GC(705) User=0.02s Sys=0.00s Real=0.02s
[476.344s][info][gc,start       ] GC(706) Pause Young (Allocation Failure)
[476.344s][info][gc,task        ] GC(706) Using 6 workers of 6 for evacuation
[476.352s][info][gc,heap        ] GC(706) ParNew: 437109K->23865K(460096K)
[476.352s][info][gc,heap        ] GC(706) CMS: 96902K->96902K(3683136K)
[476.352s][info][gc,metaspace   ] GC(706) Metaspace: 145273K(158956K)->145273K(158956K) NonClass: 126480K(133340K)->126480K(133340K) Class: 18792K(25616K)->18792K(25616K)
[476.352s][info][gc             ] GC(706) Pause Young (Allocation Failure) 521M->117M(4046M) 7.841ms
[476.352s][info][gc,cpu         ] GC(706) User=0.00s Sys=0.00s Real=0.00s
[476.401s][info][gc,start       ] GC(707) Pause Young (Allocation Failure)
[476.401s][info][gc,task        ] GC(707) Using 6 workers of 6 for evacuation
[476.409s][info][gc,heap        ] GC(707) ParNew: 432889K->29698K(460096K)
[476.409s][info][gc,heap        ] GC(707) CMS: 96902K->96902K(3683136K)
[476.409s][info][gc,metaspace   ] GC(707) Metaspace: 145273K(158956K)->145273K(158956K) NonClass: 126480K(133340K)->126480K(133340K) Class: 18792K(25616K)->18792K(25616K)
[476.409s][info][gc             ] GC(707) Pause Young (Allocation Failure) 517M->123M(4046M) 8.336ms
[476.409s][info][gc,cpu         ] GC(707) User=0.00s Sys=0.00s Real=0.00s
[476.583s][info][gc,start       ] GC(708) Pause Young (Allocation Failure)
[476.584s][info][gc,task        ] GC(708) Using 6 workers of 6 for evacuation
[476.594s][info][gc,heap        ] GC(708) ParNew: 438722K->37848K(460096K)
[476.594s][info][gc,heap        ] GC(708) CMS: 96902K->114634K(3683136K)
[476.594s][info][gc,metaspace   ] GC(708) Metaspace: 145273K(158956K)->145273K(158956K) NonClass: 126480K(133340K)->126480K(133340K) Class: 18792K(25616K)->18792K(25616K)
[476.595s][info][gc             ] GC(708) Pause Young (Allocation Failure) 523M->148M(4046M) 11.052ms
[476.595s][info][gc,cpu         ] GC(708) User=0.02s Sys=0.00s Real=0.02s
[477.156s][info][gc,start       ] GC(709) Pause Young (Allocation Failure)
[477.156s][info][gc,task        ] GC(709) Using 6 workers of 6 for evacuation
[477.164s][info][gc,heap        ] GC(709) ParNew: 446872K->21446K(460096K)
[477.164s][info][gc,heap        ] GC(709) CMS: 114634K->124098K(3683136K)
[477.164s][info][gc,metaspace   ] GC(709) Metaspace: 145273K(158956K)->145273K(158956K) NonClass: 126480K(133340K)->126480K(133340K) Class: 18792K(25616K)->18792K(25616K)
[477.164s][info][gc             ] GC(709) Pause Young (Allocation Failure) 548M->142M(4046M) 8.152ms
[477.164s][info][gc,cpu         ] GC(709) User=0.00s Sys=0.00s Real=0.00s
[478.730s][info][gc,start       ] GC(710) Pause Young (GCLocker Initiated GC)
[478.730s][info][gc,task        ] GC(710) Using 6 workers of 6 for evacuation
[478.738s][info][gc,heap        ] GC(710) ParNew: 430471K->15593K(460096K)
[478.738s][info][gc,heap        ] GC(710) CMS: 124098K->124098K(3683136K)
[478.738s][info][gc,metaspace   ] GC(710) Metaspace: 145274K(158956K)->145274K(158956K) NonClass: 126481K(133340K)->126481K(133340K) Class: 18792K(25616K)->18792K(25616K)
[478.738s][info][gc             ] GC(710) Pause Young (GCLocker Initiated GC) 541M->136M(4046M) 8.154ms
[478.738s][info][gc,cpu         ] GC(710) User=0.03s Sys=0.00s Real=0.00s
[480.273s][info][gc,start       ] GC(711) Pause Young (Allocation Failure)
[480.274s][info][gc,task        ] GC(711) Using 6 workers of 6 for evacuation
[480.282s][info][gc,heap        ] GC(711) ParNew: 424617K->17670K(460096K)
[480.282s][info][gc,heap        ] GC(711) CMS: 124098K->124098K(3683136K)
[480.282s][info][gc,metaspace   ] GC(711) Metaspace: 145274K(158956K)->145274K(158956K) NonClass: 126481K(133340K)->126481K(133340K) Class: 18792K(25616K)->18792K(25616K)
[480.282s][info][gc             ] GC(711) Pause Young (Allocation Failure) 535M->138M(4046M) 8.400ms
[480.282s][info][gc,cpu         ] GC(711) User=0.02s Sys=0.00s Real=0.01s
[481.764s][info][gc,start       ] GC(712) Pause Young (Allocation Failure)
[481.764s][info][gc,task        ] GC(712) Using 6 workers of 6 for evacuation
[481.772s][info][gc,heap        ] GC(712) ParNew: 426350K->15341K(460096K)
[481.772s][info][gc,heap        ] GC(712) CMS: 124098K->124098K(3683136K)
[481.772s][info][gc,metaspace   ] GC(712) Metaspace: 145274K(158956K)->145274K(158956K) NonClass: 126481K(133340K)->126481K(133340K) Class: 18792K(25616K)->18792K(25616K)
[481.772s][info][gc             ] GC(712) Pause Young (Allocation Failure) 537M->136M(4046M) 7.568ms
[481.772s][info][gc,cpu         ] GC(712) User=0.02s Sys=0.00s Real=0.02s
[482.222s][info][gc,start       ] GC(713) Pause Full (System.gc())
[482.224s][info][gc,phases,start] GC(713) Phase 1: Mark live objects
[482.297s][info][gc,phases      ] GC(713) Phase 1: Mark live objects 73.135ms
[482.298s][info][gc,phases,start] GC(713) Phase 2: Compute new object addresses
[482.339s][info][gc,phases      ] GC(713) Phase 2: Compute new object addresses 41.139ms
[482.339s][info][gc,phases,start] GC(713) Phase 3: Adjust pointers
[482.384s][info][gc,phases      ] GC(713) Phase 3: Adjust pointers 44.961ms
[482.384s][info][gc,phases,start] GC(713) Phase 4: Move objects
[482.392s][info][gc,phases      ] GC(713) Phase 4: Move objects 7.829ms
[482.395s][info][gc,heap        ] GC(713) ParNew: 285339K->0K(460096K)
[482.395s][info][gc,heap        ] GC(713) CMS: 124098K->73376K(3683136K)
[482.395s][info][gc,metaspace   ] GC(713) Metaspace: 145426K(158956K)->145426K(158956K) NonClass: 126634K(133340K)->126634K(133340K) Class: 18792K(25616K)->18792K(25616K)
[482.396s][info][gc             ] GC(713) Pause Full (System.gc()) 399M->71M(4046M) 174.066ms
[482.396s][info][gc,cpu         ] GC(713) User=0.16s Sys=0.00s Real=0.17s
[482.519s][info][gc,start       ] GC(714) Pause Young (Allocation Failure)
[482.519s][info][gc,task        ] GC(714) Using 6 workers of 6 for evacuation
[482.526s][info][gc,heap        ] GC(714) ParNew: 409024K->20065K(460096K)
[482.527s][info][gc,heap        ] GC(714) CMS: 73376K->73376K(3683136K)
[482.527s][info][gc,metaspace   ] GC(714) Metaspace: 145434K(158956K)->145434K(158956K) NonClass: 126641K(133340K)->126641K(133340K) Class: 18792K(25616K)->18792K(25616K)
[482.527s][info][gc             ] GC(714) Pause Young (Allocation Failure) 471M->91M(4046M) 7.668ms
[482.527s][info][gc,cpu         ] GC(714) User=0.02s Sys=0.00s Real=0.02s
[482.682s][info][gc,start       ] GC(715) Pause Young (Allocation Failure)
[482.682s][info][gc,task        ] GC(715) Using 6 workers of 6 for evacuation
[482.692s][info][gc,heap        ] GC(715) ParNew: 428797K->50710K(460096K)
[482.692s][info][gc,heap        ] GC(715) CMS: 73376K->73376K(3683136K)
[482.692s][info][gc,metaspace   ] GC(715) Metaspace: 145434K(158956K)->145434K(158956K) NonClass: 126641K(133340K)->126641K(133340K) Class: 18792K(25616K)->18792K(25616K)
[482.692s][info][gc             ] GC(715) Pause Young (Allocation Failure) 490M->121M(4046M) 10.151ms
[482.692s][info][gc,cpu         ] GC(715) User=0.02s Sys=0.00s Real=0.02s
[482.746s][info][gc,start       ] GC(716) Pause Young (Allocation Failure)
[482.746s][info][gc,task        ] GC(716) Using 6 workers of 6 for evacuation
[482.757s][info][gc,heap        ] GC(716) ParNew: 458269K->30656K(460096K)
[482.757s][info][gc,heap        ] GC(716) CMS: 73376K->97975K(3683136K)
[482.757s][info][gc,metaspace   ] GC(716) Metaspace: 145434K(158956K)->145434K(158956K) NonClass: 126641K(133340K)->126641K(133340K) Class: 18792K(25616K)->18792K(25616K)
[482.757s][info][gc             ] GC(716) Pause Young (Allocation Failure) 519M->125M(4046M) 11.431ms
[482.757s][info][gc,cpu         ] GC(716) User=0.03s Sys=0.00s Real=0.02s
[482.938s][info][gc,start       ] GC(717) Pause Young (Allocation Failure)
[482.938s][info][gc,task        ] GC(717) Using 6 workers of 6 for evacuation
[482.946s][info][gc,heap        ] GC(717) ParNew: 437810K->24249K(460096K)
[482.946s][info][gc,heap        ] GC(717) CMS: 97975K->97975K(3683136K)
[482.946s][info][gc,metaspace   ] GC(717) Metaspace: 145434K(158956K)->145434K(158956K) NonClass: 126641K(133340K)->126641K(133340K) Class: 18792K(25616K)->18792K(25616K)
[482.946s][info][gc             ] GC(717) Pause Young (Allocation Failure) 523M->119M(4046M) 8.409ms
[482.946s][info][gc,cpu         ] GC(717) User=0.00s Sys=0.00s Real=0.01s
[482.995s][info][gc,start       ] GC(718) Pause Young (Allocation Failure)
[482.995s][info][gc,task        ] GC(718) Using 6 workers of 6 for evacuation
[483.004s][info][gc,heap        ] GC(718) ParNew: 433273K->37443K(460096K)
[483.004s][info][gc,heap        ] GC(718) CMS: 97975K->97975K(3683136K)
[483.004s][info][gc,metaspace   ] GC(718) Metaspace: 145434K(158956K)->145434K(158956K) NonClass: 126641K(133340K)->126641K(133340K) Class: 18792K(25616K)->18792K(25616K)
[483.004s][info][gc             ] GC(718) Pause Young (Allocation Failure) 518M->132M(4046M) 9.368ms
[483.004s][info][gc,cpu         ] GC(718) User=0.00s Sys=0.00s Real=0.00s
[483.170s][info][gc,start       ] GC(719) Pause Young (Allocation Failure)
[483.170s][info][gc,task        ] GC(719) Using 6 workers of 6 for evacuation
[483.181s][info][gc,heap        ] GC(719) ParNew: 446467K->35763K(460096K)
[483.181s][info][gc,heap        ] GC(719) CMS: 97975K->114991K(3683136K)
[483.181s][info][gc,metaspace   ] GC(719) Metaspace: 145434K(158956K)->145434K(158956K) NonClass: 126641K(133340K)->126641K(133340K) Class: 18792K(25616K)->18792K(25616K)
[483.181s][info][gc             ] GC(719) Pause Young (Allocation Failure) 531M->147M(4046M) 10.822ms
[483.181s][info][gc,cpu         ] GC(719) User=0.02s Sys=0.00s Real=0.02s
[483.738s][info][gc,start       ] GC(720) Pause Young (Allocation Failure)
[483.738s][info][gc,task        ] GC(720) Using 6 workers of 6 for evacuation
[483.747s][info][gc,heap        ] GC(720) ParNew: 444787K->18141K(460096K)
[483.747s][info][gc,heap        ] GC(720) CMS: 114991K->124455K(3683136K)
[483.747s][info][gc,metaspace   ] GC(720) Metaspace: 145434K(158956K)->145434K(158956K) NonClass: 126641K(133340K)->126641K(133340K) Class: 18792K(25616K)->18792K(25616K)
[483.747s][info][gc             ] GC(720) Pause Young (Allocation Failure) 546M->139M(4046M) 8.504ms
[483.747s][info][gc,cpu         ] GC(720) User=0.02s Sys=0.00s Real=0.01s
[485.316s][info][gc,start       ] GC(721) Pause Young (GCLocker Initiated GC)
[485.316s][info][gc,task        ] GC(721) Using 6 workers of 6 for evacuation
[485.322s][info][gc,heap        ] GC(721) ParNew: 427197K->18346K(460096K)
[485.322s][info][gc,heap        ] GC(721) CMS: 124455K->124455K(3683136K)
[485.322s][info][gc,metaspace   ] GC(721) Metaspace: 145434K(158956K)->145434K(158956K) NonClass: 126641K(133340K)->126641K(133340K) Class: 18792K(25616K)->18792K(25616K)
[485.322s][info][gc             ] GC(721) Pause Young (GCLocker Initiated GC) 538M->139M(4046M) 6.687ms
[485.323s][info][gc,cpu         ] GC(721) User=0.00s Sys=0.00s Real=0.00s
[486.862s][info][gc,start       ] GC(722) Pause Young (Allocation Failure)
[486.862s][info][gc,task        ] GC(722) Using 6 workers of 6 for evacuation
[486.871s][info][gc,heap        ] GC(722) ParNew: 427370K->18084K(460096K)
[486.871s][info][gc,heap        ] GC(722) CMS: 124455K->124455K(3683136K)
[486.871s][info][gc,metaspace   ] GC(722) Metaspace: 145435K(158956K)->145435K(158956K) NonClass: 126642K(133340K)->126642K(133340K) Class: 18792K(25616K)->18792K(25616K)
[486.871s][info][gc             ] GC(722) Pause Young (Allocation Failure) 538M->139M(4046M) 9.161ms
[486.871s][info][gc,cpu         ] GC(722) User=0.02s Sys=0.00s Real=0.02s
[488.363s][info][gc,start       ] GC(723) Pause Young (Allocation Failure)
[488.363s][info][gc,task        ] GC(723) Using 6 workers of 6 for evacuation
[488.371s][info][gc,heap        ] GC(723) ParNew: 426486K->15988K(460096K)
[488.371s][info][gc,heap        ] GC(723) CMS: 124455K->124455K(3683136K)
[488.371s][info][gc,metaspace   ] GC(723) Metaspace: 145435K(158956K)->145435K(158956K) NonClass: 126643K(133340K)->126643K(133340K) Class: 18792K(25616K)->18792K(25616K)
[488.371s][info][gc             ] GC(723) Pause Young (Allocation Failure) 538M->137M(4046M) 7.460ms
[488.371s][info][gc,cpu         ] GC(723) User=0.00s Sys=0.00s Real=0.00s
[488.812s][info][gc,start       ] GC(724) Pause Full (System.gc())
[488.815s][info][gc,phases,start] GC(724) Phase 1: Mark live objects
[488.888s][info][gc,phases      ] GC(724) Phase 1: Mark live objects 72.811ms
[488.888s][info][gc,phases,start] GC(724) Phase 2: Compute new object addresses
[488.930s][info][gc,phases      ] GC(724) Phase 2: Compute new object addresses 42.176ms
[488.930s][info][gc,phases,start] GC(724) Phase 3: Adjust pointers
[488.974s][info][gc,phases      ] GC(724) Phase 3: Adjust pointers 44.038ms
[488.974s][info][gc,phases,start] GC(724) Phase 4: Move objects
[488.979s][info][gc,phases      ] GC(724) Phase 4: Move objects 5.050ms
[488.983s][info][gc,heap        ] GC(724) ParNew: 285087K->0K(460096K)
[488.983s][info][gc,heap        ] GC(724) CMS: 124455K->73095K(3683136K)
[488.983s][info][gc,metaspace   ] GC(724) Metaspace: 145435K(158956K)->145435K(158956K) NonClass: 126643K(133340K)->126643K(133340K) Class: 18792K(25616K)->18792K(25616K)
[488.983s][info][gc             ] GC(724) Pause Full (System.gc()) 399M->71M(4046M) 171.174ms
[488.984s][info][gc,cpu         ] GC(724) User=0.17s Sys=0.00s Real=0.17s
[489.124s][info][gc,start       ] GC(725) Pause Young (Allocation Failure)
[489.124s][info][gc,task        ] GC(725) Using 6 workers of 6 for evacuation
[489.131s][info][gc,heap        ] GC(725) ParNew: 409024K->19601K(460096K)
[489.131s][info][gc,heap        ] GC(725) CMS: 73095K->73095K(3683136K)
[489.131s][info][gc,metaspace   ] GC(725) Metaspace: 145435K(158956K)->145435K(158956K) NonClass: 126643K(133340K)->126643K(133340K) Class: 18792K(25616K)->18792K(25616K)
[489.132s][info][gc             ] GC(725) Pause Young (Allocation Failure) 470M->90M(4046M) 7.700ms
[489.132s][info][gc,cpu         ] GC(725) User=0.02s Sys=0.00s Real=0.02s
[489.297s][info][gc,start       ] GC(726) Pause Young (Allocation Failure)
[489.297s][info][gc,task        ] GC(726) Using 6 workers of 6 for evacuation
[489.307s][info][gc,heap        ] GC(726) ParNew: 428625K->50666K(460096K)
[489.307s][info][gc,heap        ] GC(726) CMS: 73095K->73095K(3683136K)
[489.307s][info][gc,metaspace   ] GC(726) Metaspace: 145435K(158956K)->145435K(158956K) NonClass: 126643K(133340K)->126643K(133340K) Class: 18792K(25616K)->18792K(25616K)
[489.307s][info][gc             ] GC(726) Pause Young (Allocation Failure) 489M->120M(4046M) 9.838ms
[489.307s][info][gc,cpu         ] GC(726) User=0.02s Sys=0.00s Real=0.02s
[489.360s][info][gc,start       ] GC(727) Pause Young (Allocation Failure)
[489.360s][info][gc,task        ] GC(727) Using 6 workers of 6 for evacuation
[489.370s][info][gc,heap        ] GC(727) ParNew: 459362K->33616K(460096K)
[489.370s][info][gc,heap        ] GC(727) CMS: 73095K->97215K(3683136K)
[489.370s][info][gc,metaspace   ] GC(727) Metaspace: 145435K(158956K)->145435K(158956K) NonClass: 126643K(133340K)->126643K(133340K) Class: 18792K(25616K)->18792K(25616K)
[489.370s][info][gc             ] GC(727) Pause Young (Allocation Failure) 519M->127M(4046M) 10.110ms
[489.370s][info][gc,cpu         ] GC(727) User=0.02s Sys=0.00s Real=0.02s
[489.549s][info][gc,start       ] GC(728) Pause Young (Allocation Failure)
[489.549s][info][gc,task        ] GC(728) Using 6 workers of 6 for evacuation
[489.557s][info][gc,heap        ] GC(728) ParNew: 440319K->24914K(460096K)
[489.557s][info][gc,heap        ] GC(728) CMS: 97215K->97215K(3683136K)
[489.557s][info][gc,metaspace   ] GC(728) Metaspace: 145435K(158956K)->145435K(158956K) NonClass: 126643K(133340K)->126643K(133340K) Class: 18792K(25616K)->18792K(25616K)
[489.557s][info][gc             ] GC(728) Pause Young (Allocation Failure) 524M->119M(4046M) 8.139ms
[489.557s][info][gc,cpu         ] GC(728) User=0.00s Sys=0.00s Real=0.00s
[489.606s][info][gc,start       ] GC(729) Pause Young (Allocation Failure)
[489.606s][info][gc,task        ] GC(729) Using 6 workers of 6 for evacuation
[489.616s][info][gc,heap        ] GC(729) ParNew: 432707K->41364K(460096K)
[489.616s][info][gc,heap        ] GC(729) CMS: 97215K->97215K(3683136K)
[489.616s][info][gc,metaspace   ] GC(729) Metaspace: 145435K(158956K)->145435K(158956K) NonClass: 126643K(133340K)->126643K(133340K) Class: 18792K(25616K)->18792K(25616K)
[489.616s][info][gc             ] GC(729) Pause Young (Allocation Failure) 517M->135M(4046M) 9.919ms
[489.616s][info][gc,cpu         ] GC(729) User=0.02s Sys=0.00s Real=0.02s
[489.789s][info][gc,start       ] GC(730) Pause Young (Allocation Failure)
[489.789s][info][gc,task        ] GC(730) Using 6 workers of 6 for evacuation
[489.800s][info][gc,heap        ] GC(730) ParNew: 450349K->37550K(460096K)
[489.800s][info][gc,heap        ] GC(730) CMS: 97215K->114699K(3683136K)
[489.800s][info][gc,metaspace   ] GC(730) Metaspace: 145435K(158956K)->145435K(158956K) NonClass: 126643K(133340K)->126643K(133340K) Class: 18792K(25616K)->18792K(25616K)
[489.800s][info][gc             ] GC(730) Pause Young (Allocation Failure) 534M->148M(4046M) 10.924ms
[489.800s][info][gc,cpu         ] GC(730) User=0.00s Sys=0.00s Real=0.00s
[490.357s][info][gc,start       ] GC(731) Pause Young (Allocation Failure)
[490.357s][info][gc,task        ] GC(731) Using 6 workers of 6 for evacuation
[490.365s][info][gc,heap        ] GC(731) ParNew: 446574K->21963K(460096K)
[490.365s][info][gc,heap        ] GC(731) CMS: 114699K->124163K(3683136K)
[490.365s][info][gc,metaspace   ] GC(731) Metaspace: 145435K(158956K)->145435K(158956K) NonClass: 126643K(133340K)->126643K(133340K) Class: 18792K(25616K)->18792K(25616K)
[490.365s][info][gc             ] GC(731) Pause Young (Allocation Failure) 548M->142M(4046M) 7.840ms
[490.365s][info][gc,cpu         ] GC(731) User=0.00s Sys=0.00s Real=0.00s
[491.941s][info][gc,start       ] GC(732) Pause Young (Allocation Failure)
[491.941s][info][gc,task        ] GC(732) Using 6 workers of 6 for evacuation
[491.948s][info][gc,heap        ] GC(732) ParNew: 430987K->12739K(460096K)
[491.949s][info][gc,heap        ] GC(732) CMS: 124163K->124163K(3683136K)
[491.949s][info][gc,metaspace   ] GC(732) Metaspace: 145435K(158956K)->145435K(158956K) NonClass: 126643K(133340K)->126643K(133340K) Class: 18792K(25616K)->18792K(25616K)
[491.949s][info][gc             ] GC(732) Pause Young (Allocation Failure) 542M->133M(4046M) 7.511ms
[491.949s][info][gc,cpu         ] GC(732) User=0.05s Sys=0.00s Real=0.00s
[493.514s][info][gc,start       ] GC(733) Pause Young (Allocation Failure)
[493.514s][info][gc,task        ] GC(733) Using 6 workers of 6 for evacuation
[493.522s][info][gc,heap        ] GC(733) ParNew: 421763K->18908K(460096K)
[493.522s][info][gc,heap        ] GC(733) CMS: 124163K->124163K(3683136K)
[493.522s][info][gc,metaspace   ] GC(733) Metaspace: 145437K(158956K)->145437K(158956K) NonClass: 126645K(133340K)->126645K(133340K) Class: 18792K(25616K)->18792K(25616K)
[493.522s][info][gc             ] GC(733) Pause Young (Allocation Failure) 533M->139M(4046M) 8.478ms
[493.522s][info][gc,cpu         ] GC(733) User=0.00s Sys=0.00s Real=0.02s
[495.001s][info][gc,start       ] GC(734) Pause Young (Allocation Failure)
[495.001s][info][gc,task        ] GC(734) Using 6 workers of 6 for evacuation
[495.007s][info][gc,heap        ] GC(734) ParNew: 427460K->13513K(460096K)
[495.007s][info][gc,heap        ] GC(734) CMS: 124163K->124163K(3683136K)
[495.007s][info][gc,metaspace   ] GC(734) Metaspace: 145437K(158956K)->145437K(158956K) NonClass: 126645K(133340K)->126645K(133340K) Class: 18792K(25616K)->18792K(25616K)
[495.007s][info][gc             ] GC(734) Pause Young (Allocation Failure) 538M->134M(4046M) 6.588ms
[495.007s][info][gc,cpu         ] GC(734) User=0.00s Sys=0.00s Real=0.00s
[495.456s][info][gc,start       ] GC(735) Pause Full (System.gc())
[495.458s][info][gc,phases,start] GC(735) Phase 1: Mark live objects
[495.531s][info][gc,phases      ] GC(735) Phase 1: Mark live objects 72.844ms
[495.531s][info][gc,phases,start] GC(735) Phase 2: Compute new object addresses
[495.572s][info][gc,phases      ] GC(735) Phase 2: Compute new object addresses 41.202ms
[495.572s][info][gc,phases,start] GC(735) Phase 3: Adjust pointers
[495.617s][info][gc,phases      ] GC(735) Phase 3: Adjust pointers 44.432ms
[495.617s][info][gc,phases,start] GC(735) Phase 4: Move objects
[495.622s][info][gc,phases      ] GC(735) Phase 4: Move objects 5.116ms
[495.625s][info][gc,heap        ] GC(735) ParNew: 285459K->0K(460096K)
[495.626s][info][gc,heap        ] GC(735) CMS: 124163K->73480K(3683136K)
[495.626s][info][gc,metaspace   ] GC(735) Metaspace: 145444K(158956K)->145444K(158956K) NonClass: 126651K(133340K)->126651K(133340K) Class: 18792K(25616K)->18792K(25616K)
[495.626s][info][gc             ] GC(735) Pause Full (System.gc()) 400M->71M(4046M) 170.802ms
[495.627s][info][gc,cpu         ] GC(735) User=0.17s Sys=0.00s Real=0.17s
[495.754s][info][gc,start       ] GC(736) Pause Young (Allocation Failure)
[495.754s][info][gc,task        ] GC(736) Using 6 workers of 6 for evacuation
[495.761s][info][gc,heap        ] GC(736) ParNew: 409024K->20951K(460096K)
[495.761s][info][gc,heap        ] GC(736) CMS: 73480K->73480K(3683136K)
[495.761s][info][gc,metaspace   ] GC(736) Metaspace: 145447K(158956K)->145447K(158956K) NonClass: 126655K(133340K)->126655K(133340K) Class: 18792K(25616K)->18792K(25616K)
[495.762s][info][gc             ] GC(736) Pause Young (Allocation Failure) 471M->92M(4046M) 7.936ms
[495.762s][info][gc,cpu         ] GC(736) User=0.02s Sys=0.00s Real=0.01s
[495.918s][info][gc,start       ] GC(737) Pause Young (Allocation Failure)
[495.918s][info][gc,task        ] GC(737) Using 6 workers of 6 for evacuation
[495.928s][info][gc,heap        ] GC(737) ParNew: 428013K->48569K(460096K)
[495.928s][info][gc,heap        ] GC(737) CMS: 73480K->73480K(3683136K)
[495.928s][info][gc,metaspace   ] GC(737) Metaspace: 145447K(158956K)->145447K(158956K) NonClass: 126655K(133340K)->126655K(133340K) Class: 18792K(25616K)->18792K(25616K)
[495.928s][info][gc             ] GC(737) Pause Young (Allocation Failure) 489M->119M(4046M) 10.071ms
[495.928s][info][gc,cpu         ] GC(737) User=0.02s Sys=0.00s Real=0.02s
[495.981s][info][gc,start       ] GC(738) Pause Young (Allocation Failure)
[495.981s][info][gc,task        ] GC(738) Using 6 workers of 6 for evacuation
[495.991s][info][gc,heap        ] GC(738) ParNew: 454115K->26238K(460096K)
[495.991s][info][gc,heap        ] GC(738) CMS: 73480K->97600K(3683136K)
[495.991s][info][gc,metaspace   ] GC(738) Metaspace: 145447K(158956K)->145447K(158956K) NonClass: 126655K(133340K)->126655K(133340K) Class: 18792K(25616K)->18792K(25616K)
[495.991s][info][gc             ] GC(738) Pause Young (Allocation Failure) 515M->120M(4046M) 10.241ms
[495.991s][info][gc,cpu         ] GC(738) User=0.02s Sys=0.00s Real=0.02s
[496.161s][info][gc,start       ] GC(739) Pause Young (Allocation Failure)
[496.161s][info][gc,task        ] GC(739) Using 6 workers of 6 for evacuation
[496.169s][info][gc,heap        ] GC(739) ParNew: 432455K->24522K(460096K)
[496.169s][info][gc,heap        ] GC(739) CMS: 97600K->97600K(3683136K)
[496.169s][info][gc,metaspace   ] GC(739) Metaspace: 145447K(158956K)->145447K(158956K) NonClass: 126655K(133340K)->126655K(133340K) Class: 18792K(25616K)->18792K(25616K)
[496.169s][info][gc             ] GC(739) Pause Young (Allocation Failure) 517M->119M(4046M) 7.537ms
[496.169s][info][gc,cpu         ] GC(739) User=0.00s Sys=0.00s Real=0.00s
[496.223s][info][gc,start       ] GC(740) Pause Young (Allocation Failure)
[496.223s][info][gc,task        ] GC(740) Using 6 workers of 6 for evacuation
[496.234s][info][gc,heap        ] GC(740) ParNew: 433546K->37071K(460096K)
[496.234s][info][gc,heap        ] GC(740) CMS: 97600K->97600K(3683136K)
[496.234s][info][gc,metaspace   ] GC(740) Metaspace: 145447K(158956K)->145447K(158956K) NonClass: 126655K(133340K)->126655K(133340K) Class: 18792K(25616K)->18792K(25616K)
[496.234s][info][gc             ] GC(740) Pause Young (Allocation Failure) 518M->131M(4046M) 11.677ms
[496.234s][info][gc,cpu         ] GC(740) User=0.00s Sys=0.00s Real=0.00s
[496.399s][info][gc,start       ] GC(741) Pause Young (Allocation Failure)
[496.399s][info][gc,task        ] GC(741) Using 6 workers of 6 for evacuation
[496.409s][info][gc,heap        ] GC(741) ParNew: 446095K->33533K(460096K)
[496.409s][info][gc,heap        ] GC(741) CMS: 97600K->115064K(3683136K)
[496.409s][info][gc,metaspace   ] GC(741) Metaspace: 145447K(158956K)->145447K(158956K) NonClass: 126655K(133340K)->126655K(133340K) Class: 18792K(25616K)->18792K(25616K)
[496.410s][info][gc             ] GC(741) Pause Young (Allocation Failure) 530M->145M(4046M) 10.680ms
[496.410s][info][gc,cpu         ] GC(741) User=0.00s Sys=0.00s Real=0.00s
[496.963s][info][gc,start       ] GC(742) Pause Young (Allocation Failure)
[496.963s][info][gc,task        ] GC(742) Using 6 workers of 6 for evacuation
[496.972s][info][gc,heap        ] GC(742) ParNew: 442557K->17023K(460096K)
[496.972s][info][gc,heap        ] GC(742) CMS: 115064K->124540K(3683136K)
[496.972s][info][gc,metaspace   ] GC(742) Metaspace: 145447K(158956K)->145447K(158956K) NonClass: 126655K(133340K)->126655K(133340K) Class: 18792K(25616K)->18792K(25616K)
[496.972s][info][gc             ] GC(742) Pause Young (Allocation Failure) 544M->138M(4046M) 8.760ms
[496.972s][info][gc,cpu         ] GC(742) User=0.00s Sys=0.00s Real=0.00s
[498.549s][info][gc,start       ] GC(743) Pause Young (Allocation Failure)
[498.549s][info][gc,task        ] GC(743) Using 6 workers of 6 for evacuation
[498.557s][info][gc,heap        ] GC(743) ParNew: 426047K->12755K(460096K)
[498.557s][info][gc,heap        ] GC(743) CMS: 124540K->124540K(3683136K)
[498.557s][info][gc,metaspace   ] GC(743) Metaspace: 145448K(158956K)->145448K(158956K) NonClass: 126655K(133340K)->126655K(133340K) Class: 18792K(25616K)->18792K(25616K)
[498.557s][info][gc             ] GC(743) Pause Young (Allocation Failure) 537M->134M(4046M) 8.079ms
[498.557s][info][gc,cpu         ] GC(743) User=0.05s Sys=0.00s Real=0.00s
[500.122s][info][gc,start       ] GC(744) Pause Young (Allocation Failure)
[500.122s][info][gc,task        ] GC(744) Using 6 workers of 6 for evacuation
[500.129s][info][gc,heap        ] GC(744) ParNew: 421779K->15991K(460096K)
[500.129s][info][gc,heap        ] GC(744) CMS: 124540K->124540K(3683136K)
[500.129s][info][gc,metaspace   ] GC(744) Metaspace: 145448K(158956K)->145448K(158956K) NonClass: 126655K(133340K)->126655K(133340K) Class: 18792K(25616K)->18792K(25616K)
[500.129s][info][gc             ] GC(744) Pause Young (Allocation Failure) 533M->137M(4046M) 7.643ms
[500.129s][info][gc,cpu         ] GC(744) User=0.02s Sys=0.00s Real=0.02s
[501.558s][info][gc,start       ] GC(745) Pause Young (Allocation Failure)
[501.558s][info][gc,task        ] GC(745) Using 6 workers of 6 for evacuation
[501.565s][info][gc,heap        ] GC(745) ParNew: 425015K->14089K(460096K)
[501.565s][info][gc,heap        ] GC(745) CMS: 124540K->124540K(3683136K)
[501.565s][info][gc,metaspace   ] GC(745) Metaspace: 145448K(158956K)->145448K(158956K) NonClass: 126655K(133340K)->126655K(133340K) Class: 18792K(25616K)->18792K(25616K)
[501.565s][info][gc             ] GC(745) Pause Young (Allocation Failure) 536M->135M(4046M) 6.842ms
[501.565s][info][gc,cpu         ] GC(745) User=0.00s Sys=0.00s Real=0.00s
[502.090s][info][gc,start       ] GC(746) Pause Full (System.gc())
[502.093s][info][gc,phases,start] GC(746) Phase 1: Mark live objects
[502.165s][info][gc,phases      ] GC(746) Phase 1: Mark live objects 72.479ms
[502.165s][info][gc,phases,start] GC(746) Phase 2: Compute new object addresses
[502.207s][info][gc,phases      ] GC(746) Phase 2: Compute new object addresses 41.904ms
[502.207s][info][gc,phases,start] GC(746) Phase 3: Adjust pointers
[502.252s][info][gc,phases      ] GC(746) Phase 3: Adjust pointers 44.748ms
[502.252s][info][gc,phases,start] GC(746) Phase 4: Move objects
[502.257s][info][gc,phases      ] GC(746) Phase 4: Move objects 5.233ms
[502.261s][info][gc,heap        ] GC(746) ParNew: 292239K->0K(460096K)
[502.261s][info][gc,heap        ] GC(746) CMS: 124540K->73118K(3683136K)
[502.261s][info][gc,metaspace   ] GC(746) Metaspace: 145448K(158956K)->145448K(158956K) NonClass: 126655K(133340K)->126655K(133340K) Class: 18792K(25616K)->18792K(25616K)
[502.261s][info][gc             ] GC(746) Pause Full (System.gc()) 407M->71M(4046M) 171.871ms
[502.262s][info][gc,cpu         ] GC(746) User=0.17s Sys=0.00s Real=0.17s
[502.386s][info][gc,start       ] GC(747) Pause Young (Allocation Failure)
[502.386s][info][gc,task        ] GC(747) Using 6 workers of 6 for evacuation
[502.393s][info][gc,heap        ] GC(747) ParNew: 409024K->21171K(460096K)
[502.393s][info][gc,heap        ] GC(747) CMS: 73118K->73118K(3683136K)
[502.393s][info][gc,metaspace   ] GC(747) Metaspace: 145448K(158956K)->145448K(158956K) NonClass: 126655K(133340K)->126655K(133340K) Class: 18792K(25616K)->18792K(25616K)
[502.393s][info][gc             ] GC(747) Pause Young (Allocation Failure) 470M->92M(4046M) 7.569ms
[502.393s][info][gc,cpu         ] GC(747) User=0.02s Sys=0.00s Real=0.02s
[502.543s][info][gc,start       ] GC(748) Pause Young (Allocation Failure)
[502.543s][info][gc,task        ] GC(748) Using 6 workers of 6 for evacuation
[502.552s][info][gc,heap        ] GC(748) ParNew: 430195K->43675K(460096K)
[502.552s][info][gc,heap        ] GC(748) CMS: 73118K->73118K(3683136K)
[502.552s][info][gc,metaspace   ] GC(748) Metaspace: 145448K(158956K)->145448K(158956K) NonClass: 126655K(133340K)->126655K(133340K) Class: 18792K(25616K)->18792K(25616K)
[502.552s][info][gc             ] GC(748) Pause Young (Allocation Failure) 491M->114M(4046M) 9.718ms
[502.552s][info][gc,cpu         ] GC(748) User=0.02s Sys=0.00s Real=0.02s
[502.605s][info][gc,start       ] GC(749) Pause Young (Allocation Failure)
[502.605s][info][gc,task        ] GC(749) Using 6 workers of 6 for evacuation
[502.616s][info][gc,heap        ] GC(749) ParNew: 448826K->30229K(460096K)
[502.616s][info][gc,heap        ] GC(749) CMS: 73118K->97318K(3683136K)
[502.616s][info][gc,metaspace   ] GC(749) Metaspace: 145448K(158956K)->145448K(158956K) NonClass: 126655K(133340K)->126655K(133340K) Class: 18792K(25616K)->18792K(25616K)
[502.616s][info][gc             ] GC(749) Pause Young (Allocation Failure) 509M->124M(4046M) 11.197ms
[502.616s][info][gc,cpu         ] GC(749) User=0.00s Sys=0.00s Real=0.02s
[502.797s][info][gc,start       ] GC(750) Pause Young (Allocation Failure)
[502.797s][info][gc,task        ] GC(750) Using 6 workers of 6 for evacuation
[502.806s][info][gc,heap        ] GC(750) ParNew: 439253K->23539K(460096K)
[502.806s][info][gc,heap        ] GC(750) CMS: 97318K->97318K(3683136K)
[502.806s][info][gc,metaspace   ] GC(750) Metaspace: 145448K(158956K)->145448K(158956K) NonClass: 126655K(133340K)->126655K(133340K) Class: 18792K(25616K)->18792K(25616K)
[502.806s][info][gc             ] GC(750) Pause Young (Allocation Failure) 523M->118M(4046M) 8.402ms
[502.806s][info][gc,cpu         ] GC(750) User=0.02s Sys=0.00s Real=0.02s
[502.855s][info][gc,start       ] GC(751) Pause Young (Allocation Failure)
[502.855s][info][gc,task        ] GC(751) Using 6 workers of 6 for evacuation
[502.864s][info][gc,heap        ] GC(751) ParNew: 432357K->30274K(460096K)
[502.864s][info][gc,heap        ] GC(751) CMS: 97318K->97318K(3683136K)
[502.864s][info][gc,metaspace   ] GC(751) Metaspace: 145448K(158956K)->145448K(158956K) NonClass: 126655K(133340K)->126655K(133340K) Class: 18792K(25616K)->18792K(25616K)
[502.864s][info][gc             ] GC(751) Pause Young (Allocation Failure) 517M->124M(4046M) 9.015ms
[502.864s][info][gc,cpu         ] GC(751) User=0.02s Sys=0.00s Real=0.02s
[503.029s][info][gc,start       ] GC(752) Pause Young (Allocation Failure)
[503.029s][info][gc,task        ] GC(752) Using 6 workers of 6 for evacuation
[503.040s][info][gc,heap        ] GC(752) ParNew: 439298K->36110K(460096K)
[503.040s][info][gc,heap        ] GC(752) CMS: 97318K->114801K(3683136K)
[503.040s][info][gc,metaspace   ] GC(752) Metaspace: 145448K(158956K)->145448K(158956K) NonClass: 126655K(133340K)->126655K(133340K) Class: 18792K(25616K)->18792K(25616K)
[503.040s][info][gc             ] GC(752) Pause Young (Allocation Failure) 524M->147M(4046M) 11.295ms
[503.040s][info][gc,cpu         ] GC(752) User=0.02s Sys=0.00s Real=0.02s
[503.599s][info][gc,start       ] GC(753) Pause Young (Allocation Failure)
[503.599s][info][gc,task        ] GC(753) Using 6 workers of 6 for evacuation
[503.607s][info][gc,heap        ] GC(753) ParNew: 445134K->21707K(460096K)
[503.607s][info][gc,heap        ] GC(753) CMS: 114801K->124266K(3683136K)
[503.607s][info][gc,metaspace   ] GC(753) Metaspace: 145448K(158956K)->145448K(158956K) NonClass: 126655K(133340K)->126655K(133340K) Class: 18792K(25616K)->18792K(25616K)
[503.607s][info][gc             ] GC(753) Pause Young (Allocation Failure) 546M->142M(4046M) 7.796ms
[503.607s][info][gc,cpu         ] GC(753) User=0.00s Sys=0.00s Real=0.00s
[505.174s][info][gc,start       ] GC(754) Pause Young (Allocation Failure)
[505.174s][info][gc,task        ] GC(754) Using 6 workers of 6 for evacuation
[505.181s][info][gc,heap        ] GC(754) ParNew: 430288K->14846K(460096K)
[505.181s][info][gc,heap        ] GC(754) CMS: 124266K->124266K(3683136K)
[505.181s][info][gc,metaspace   ] GC(754) Metaspace: 145448K(158956K)->145448K(158956K) NonClass: 126655K(133340K)->126655K(133340K) Class: 18792K(25616K)->18792K(25616K)
[505.181s][info][gc             ] GC(754) Pause Young (Allocation Failure) 541M->135M(4046M) 6.332ms
[505.181s][info][gc,cpu         ] GC(754) User=0.00s Sys=0.00s Real=0.01s
[506.737s][info][gc,start       ] GC(755) Pause Young (Allocation Failure)
[506.737s][info][gc,task        ] GC(755) Using 6 workers of 6 for evacuation
[506.746s][info][gc,heap        ] GC(755) ParNew: 423870K->18054K(460096K)
[506.746s][info][gc,heap        ] GC(755) CMS: 124266K->124266K(3683136K)
[506.746s][info][gc,metaspace   ] GC(755) Metaspace: 145449K(158956K)->145449K(158956K) NonClass: 126657K(133340K)->126657K(133340K) Class: 18792K(25616K)->18792K(25616K)
[506.746s][info][gc             ] GC(755) Pause Young (Allocation Failure) 535M->138M(4046M) 9.460ms
[506.746s][info][gc,cpu         ] GC(755) User=0.02s Sys=0.00s Real=0.02s
[508.220s][info][gc,start       ] GC(756) Pause Young (Allocation Failure)
[508.220s][info][gc,task        ] GC(756) Using 6 workers of 6 for evacuation
[508.226s][info][gc,heap        ] GC(756) ParNew: 426442K->13957K(460096K)
[508.226s][info][gc,heap        ] GC(756) CMS: 124266K->124266K(3683136K)
[508.226s][info][gc,metaspace   ] GC(756) Metaspace: 145449K(158956K)->145449K(158956K) NonClass: 126657K(133340K)->126657K(133340K) Class: 18792K(25616K)->18792K(25616K)
[508.226s][info][gc             ] GC(756) Pause Young (Allocation Failure) 537M->134M(4046M) 6.475ms
[508.226s][info][gc,cpu         ] GC(756) User=0.00s Sys=0.00s Real=0.00s
[508.670s][info][gc,start       ] GC(757) Pause Full (System.gc())
[508.673s][info][gc,phases,start] GC(757) Phase 1: Mark live objects
[508.746s][info][gc,phases      ] GC(757) Phase 1: Mark live objects 72.950ms
[508.746s][info][gc,phases,start] GC(757) Phase 2: Compute new object addresses
[508.787s][info][gc,phases      ] GC(757) Phase 2: Compute new object addresses 41.293ms
[508.787s][info][gc,phases,start] GC(757) Phase 3: Adjust pointers
[508.831s][info][gc,phases      ] GC(757) Phase 3: Adjust pointers 44.270ms
[508.831s][info][gc,phases,start] GC(757) Phase 4: Move objects
[508.836s][info][gc,phases      ] GC(757) Phase 4: Move objects 5.001ms
[508.840s][info][gc,heap        ] GC(757) ParNew: 283970K->0K(460096K)
[508.840s][info][gc,heap        ] GC(757) CMS: 124266K->73550K(3683136K)
[508.840s][info][gc,metaspace   ] GC(757) Metaspace: 145449K(158956K)->145449K(158956K) NonClass: 126657K(133340K)->126657K(133340K) Class: 18792K(25616K)->18792K(25616K)
[508.841s][info][gc             ] GC(757) Pause Full (System.gc()) 398M->71M(4046M) 170.628ms
[508.841s][info][gc,cpu         ] GC(757) User=0.16s Sys=0.00s Real=0.17s
[508.976s][info][gc,start       ] GC(758) Pause Young (Allocation Failure)
[508.976s][info][gc,task        ] GC(758) Using 6 workers of 6 for evacuation
[508.984s][info][gc,heap        ] GC(758) ParNew: 409024K->19942K(460096K)
[508.984s][info][gc,heap        ] GC(758) CMS: 73550K->73550K(3683136K)
[508.984s][info][gc,metaspace   ] GC(758) Metaspace: 145458K(158956K)->145458K(158956K) NonClass: 126666K(133340K)->126666K(133340K) Class: 18792K(25616K)->18792K(25616K)
[508.984s][info][gc             ] GC(758) Pause Young (Allocation Failure) 471M->91M(4046M) 7.909ms
[508.984s][info][gc,cpu         ] GC(758) User=0.02s Sys=0.00s Real=0.02s
[509.133s][info][gc,start       ] GC(759) Pause Young (Allocation Failure)
[509.133s][info][gc,task        ] GC(759) Using 6 workers of 6 for evacuation
[509.143s][info][gc,heap        ] GC(759) ParNew: 428966K->51072K(460096K)
[509.143s][info][gc,heap        ] GC(759) CMS: 73550K->73709K(3683136K)
[509.143s][info][gc,metaspace   ] GC(759) Metaspace: 145458K(158956K)->145458K(158956K) NonClass: 126666K(133340K)->126666K(133340K) Class: 18792K(25616K)->18792K(25616K)
[509.143s][info][gc             ] GC(759) Pause Young (Allocation Failure) 490M->121M(4046M) 10.221ms
[509.143s][info][gc,cpu         ] GC(759) User=0.02s Sys=0.00s Real=0.02s
[509.197s][info][gc,start       ] GC(760) Pause Young (Allocation Failure)
[509.197s][info][gc,task        ] GC(760) Using 6 workers of 6 for evacuation
[509.208s][info][gc,heap        ] GC(760) ParNew: 460096K->29267K(460096K)
[509.208s][info][gc,heap        ] GC(760) CMS: 73709K->96972K(3683136K)
[509.208s][info][gc,metaspace   ] GC(760) Metaspace: 145458K(158956K)->145458K(158956K) NonClass: 126666K(133340K)->126666K(133340K) Class: 18792K(25616K)->18792K(25616K)
[509.208s][info][gc             ] GC(760) Pause Young (Allocation Failure) 521M->123M(4046M) 10.902ms
[509.208s][info][gc,cpu         ] GC(760) User=0.02s Sys=0.00s Real=0.02s
[509.387s][info][gc,start       ] GC(761) Pause Young (Allocation Failure)
[509.387s][info][gc,task        ] GC(761) Using 6 workers of 6 for evacuation
[509.395s][info][gc,heap        ] GC(761) ParNew: 438291K->25362K(460096K)
[509.396s][info][gc,heap        ] GC(761) CMS: 96972K->96972K(3683136K)
[509.396s][info][gc,metaspace   ] GC(761) Metaspace: 145458K(158956K)->145458K(158956K) NonClass: 126666K(133340K)->126666K(133340K) Class: 18792K(25616K)->18792K(25616K)
[509.396s][info][gc             ] GC(761) Pause Young (Allocation Failure) 522M->119M(4046M) 8.162ms
[509.396s][info][gc,cpu         ] GC(761) User=0.00s Sys=0.00s Real=0.01s
[509.445s][info][gc,start       ] GC(762) Pause Young (Allocation Failure)
[509.445s][info][gc,task        ] GC(762) Using 6 workers of 6 for evacuation
[509.455s][info][gc,heap        ] GC(762) ParNew: 431236K->51072K(460096K)
[509.455s][info][gc,heap        ] GC(762) CMS: 96972K->97036K(3683136K)
[509.455s][info][gc,metaspace   ] GC(762) Metaspace: 145458K(158956K)->145458K(158956K) NonClass: 126666K(133340K)->126666K(133340K) Class: 18792K(25616K)->18792K(25616K)
[509.455s][info][gc             ] GC(762) Pause Young (Allocation Failure) 515M->144M(4046M) 10.526ms
[509.456s][info][gc,cpu         ] GC(762) User=0.02s Sys=0.00s Real=0.02s
[509.631s][info][gc,start       ] GC(763) Pause Young (Allocation Failure)
[509.631s][info][gc,task        ] GC(763) Using 6 workers of 6 for evacuation
[509.642s][info][gc,heap        ] GC(763) ParNew: 460096K->34194K(460096K)
[509.642s][info][gc,heap        ] GC(763) CMS: 97036K->115230K(3683136K)
[509.642s][info][gc,metaspace   ] GC(763) Metaspace: 145458K(158956K)->145458K(158956K) NonClass: 126666K(133340K)->126666K(133340K) Class: 18792K(25616K)->18792K(25616K)
[509.642s][info][gc             ] GC(763) Pause Young (Allocation Failure) 544M->145M(4046M) 11.327ms
[509.642s][info][gc,cpu         ] GC(763) User=0.02s Sys=0.00s Real=0.02s
[510.199s][info][gc,start       ] GC(764) Pause Young (Allocation Failure)
[510.199s][info][gc,task        ] GC(764) Using 6 workers of 6 for evacuation
[510.208s][info][gc,heap        ] GC(764) ParNew: 443218K->19879K(460096K)
[510.208s][info][gc,heap        ] GC(764) CMS: 115230K->124694K(3683136K)
[510.208s][info][gc,metaspace   ] GC(764) Metaspace: 145458K(158956K)->145458K(158956K) NonClass: 126666K(133340K)->126666K(133340K) Class: 18792K(25616K)->18792K(25616K)
[510.208s][info][gc             ] GC(764) Pause Young (Allocation Failure) 545M->141M(4046M) 8.928ms
[510.208s][info][gc,cpu         ] GC(764) User=0.02s Sys=0.00s Real=0.02s
[511.771s][info][gc,start       ] GC(765) Pause Young (Allocation Failure)
[511.771s][info][gc,task        ] GC(765) Using 6 workers of 6 for evacuation
[511.779s][info][gc,heap        ] GC(765) ParNew: 428903K->13921K(460096K)
[511.779s][info][gc,heap        ] GC(765) CMS: 124694K->124694K(3683136K)
[511.779s][info][gc,metaspace   ] GC(765) Metaspace: 145458K(158956K)->145458K(158956K) NonClass: 126666K(133340K)->126666K(133340K) Class: 18792K(25616K)->18792K(25616K)
[511.779s][info][gc             ] GC(765) Pause Young (Allocation Failure) 540M->135M(4046M) 8.249ms
[511.779s][info][gc,cpu         ] GC(765) User=0.02s Sys=0.00s Real=0.02s
[513.332s][info][gc,start       ] GC(766) Pause Young (GCLocker Initiated GC)
[513.333s][info][gc,task        ] GC(766) Using 6 workers of 6 for evacuation
[513.340s][info][gc,heap        ] GC(766) ParNew: 422945K->15820K(460096K)
[513.340s][info][gc,heap        ] GC(766) CMS: 124694K->124694K(3683136K)
[513.340s][info][gc,metaspace   ] GC(766) Metaspace: 145458K(158956K)->145458K(158956K) NonClass: 126666K(133340K)->126666K(133340K) Class: 18792K(25616K)->18792K(25616K)
[513.340s][info][gc             ] GC(766) Pause Young (GCLocker Initiated GC) 534M->137M(4046M) 7.933ms
[513.340s][info][gc,cpu         ] GC(766) User=0.00s Sys=0.00s Real=0.00s
[514.754s][info][gc,start       ] GC(767) Pause Young (Allocation Failure)
[514.754s][info][gc,task        ] GC(767) Using 6 workers of 6 for evacuation
[514.763s][info][gc,heap        ] GC(767) ParNew: 424844K->14957K(460096K)
[514.763s][info][gc,heap        ] GC(767) CMS: 124694K->124694K(3683136K)
[514.763s][info][gc,metaspace   ] GC(767) Metaspace: 145458K(158956K)->145458K(158956K) NonClass: 126666K(133340K)->126666K(133340K) Class: 18792K(25616K)->18792K(25616K)
[514.763s][info][gc             ] GC(767) Pause Young (Allocation Failure) 536M->136M(4046M) 8.735ms
[514.763s][info][gc,cpu         ] GC(767) User=0.02s Sys=0.00s Real=0.02s
[515.282s][info][gc,start       ] GC(768) Pause Full (System.gc())
[515.285s][info][gc,phases,start] GC(768) Phase 1: Mark live objects
[515.358s][info][gc,phases      ] GC(768) Phase 1: Mark live objects 73.238ms
[515.358s][info][gc,phases,start] GC(768) Phase 2: Compute new object addresses
[515.399s][info][gc,phases      ] GC(768) Phase 2: Compute new object addresses 41.433ms
[515.399s][info][gc,phases,start] GC(768) Phase 3: Adjust pointers
[515.445s][info][gc,phases      ] GC(768) Phase 3: Adjust pointers 45.218ms
[515.445s][info][gc,phases,start] GC(768) Phase 4: Move objects
[515.450s][info][gc,phases      ] GC(768) Phase 4: Move objects 5.092ms
[515.453s][info][gc,heap        ] GC(768) ParNew: 289464K->0K(460096K)
[515.453s][info][gc,heap        ] GC(768) CMS: 124694K->73257K(3683136K)
[515.453s][info][gc,metaspace   ] GC(768) Metaspace: 145458K(158956K)->145458K(158956K) NonClass: 126666K(133340K)->126666K(133340K) Class: 18792K(25616K)->18792K(25616K)
[515.454s][info][gc             ] GC(768) Pause Full (System.gc()) 404M->71M(4046M) 172.095ms
[515.454s][info][gc,cpu         ] GC(768) User=0.17s Sys=0.00s Real=0.17s
[515.579s][info][gc,start       ] GC(769) Pause Young (Allocation Failure)
[515.580s][info][gc,task        ] GC(769) Using 6 workers of 6 for evacuation
[515.587s][info][gc,heap        ] GC(769) ParNew: 409024K->19295K(460096K)
[515.587s][info][gc,heap        ] GC(769) CMS: 73257K->73257K(3683136K)
[515.587s][info][gc,metaspace   ] GC(769) Metaspace: 145458K(158956K)->145458K(158956K) NonClass: 126666K(133340K)->126666K(133340K) Class: 18792K(25616K)->18792K(25616K)
[515.587s][info][gc             ] GC(769) Pause Young (Allocation Failure) 470M->90M(4046M) 7.362ms
[515.587s][info][gc,cpu         ] GC(769) User=0.00s Sys=0.00s Real=0.00s
[515.748s][info][gc,start       ] GC(770) Pause Young (Allocation Failure)
[515.748s][info][gc,task        ] GC(770) Using 6 workers of 6 for evacuation
[515.757s][info][gc,heap        ] GC(770) ParNew: 427295K->43904K(460096K)
[515.757s][info][gc,heap        ] GC(770) CMS: 73257K->73257K(3683136K)
[515.757s][info][gc,metaspace   ] GC(770) Metaspace: 145458K(158956K)->145458K(158956K) NonClass: 126666K(133340K)->126666K(133340K) Class: 18792K(25616K)->18792K(25616K)
[515.757s][info][gc             ] GC(770) Pause Young (Allocation Failure) 488M->114M(4046M) 9.365ms
[515.757s][info][gc,cpu         ] GC(770) User=0.00s Sys=0.00s Real=0.01s
[515.810s][info][gc,start       ] GC(771) Pause Young (Allocation Failure)
[515.810s][info][gc,task        ] GC(771) Using 6 workers of 6 for evacuation
[515.819s][info][gc,heap        ] GC(771) ParNew: 451951K->26091K(460096K)
[515.820s][info][gc,heap        ] GC(771) CMS: 73257K->97615K(3683136K)
[515.820s][info][gc,metaspace   ] GC(771) Metaspace: 145458K(158956K)->145458K(158956K) NonClass: 126666K(133340K)->126666K(133340K) Class: 18792K(25616K)->18792K(25616K)
[515.820s][info][gc             ] GC(771) Pause Young (Allocation Failure) 512M->120M(4046M) 9.691ms
[515.820s][info][gc,cpu         ] GC(771) User=0.00s Sys=0.00s Real=0.00s
[515.999s][info][gc,start       ] GC(772) Pause Young (Allocation Failure)
[515.999s][info][gc,task        ] GC(772) Using 6 workers of 6 for evacuation
[516.007s][info][gc,heap        ] GC(772) ParNew: 435115K->23036K(460096K)
[516.007s][info][gc,heap        ] GC(772) CMS: 97615K->97615K(3683136K)
[516.007s][info][gc,metaspace   ] GC(772) Metaspace: 145458K(158956K)->145458K(158956K) NonClass: 126666K(133340K)->126666K(133340K) Class: 18792K(25616K)->18792K(25616K)
[516.007s][info][gc             ] GC(772) Pause Young (Allocation Failure) 520M->117M(4046M) 7.709ms
[516.007s][info][gc,cpu         ] GC(772) User=0.00s Sys=0.00s Real=0.00s
[516.056s][info][gc,start       ] GC(773) Pause Young (Allocation Failure)
[516.056s][info][gc,task        ] GC(773) Using 6 workers of 6 for evacuation
[516.065s][info][gc,heap        ] GC(773) ParNew: 430010K->31300K(460096K)
[516.065s][info][gc,heap        ] GC(773) CMS: 97615K->97615K(3683136K)
[516.065s][info][gc,metaspace   ] GC(773) Metaspace: 145458K(158956K)->145458K(158956K) NonClass: 126666K(133340K)->126666K(133340K) Class: 18792K(25616K)->18792K(25616K)
[516.065s][info][gc             ] GC(773) Pause Young (Allocation Failure) 515M->125M(4046M) 8.484ms
[516.065s][info][gc,cpu         ] GC(773) User=0.02s Sys=0.00s Real=0.02s
[516.229s][info][gc,start       ] GC(774) Pause Young (Allocation Failure)
[516.229s][info][gc,task        ] GC(774) Using 6 workers of 6 for evacuation
[516.240s][info][gc,heap        ] GC(774) ParNew: 440324K->41612K(460096K)
[516.240s][info][gc,heap        ] GC(774) CMS: 97615K->114870K(3683136K)
[516.240s][info][gc,metaspace   ] GC(774) Metaspace: 145458K(158956K)->145458K(158956K) NonClass: 126666K(133340K)->126666K(133340K) Class: 18792K(25616K)->18792K(25616K)
[516.240s][info][gc             ] GC(774) Pause Young (Allocation Failure) 525M->152M(4046M) 11.219ms
[516.240s][info][gc,cpu         ] GC(774) User=0.02s Sys=0.00s Real=0.02s
[516.786s][info][gc,start       ] GC(775) Pause Young (Allocation Failure)
[516.786s][info][gc,task        ] GC(775) Using 6 workers of 6 for evacuation
[516.794s][info][gc,heap        ] GC(775) ParNew: 450636K->26773K(460096K)
[516.794s][info][gc,heap        ] GC(775) CMS: 114870K->123553K(3683136K)
[516.794s][info][gc,metaspace   ] GC(775) Metaspace: 145458K(158956K)->145458K(158956K) NonClass: 126666K(133340K)->126666K(133340K) Class: 18792K(25616K)->18792K(25616K)
[516.794s][info][gc             ] GC(775) Pause Young (Allocation Failure) 552M->146M(4046M) 8.617ms
[516.795s][info][gc,cpu         ] GC(775) User=0.00s Sys=0.00s Real=0.00s
[518.369s][info][gc,start       ] GC(776) Pause Young (GCLocker Initiated GC)
[518.369s][info][gc,task        ] GC(776) Using 6 workers of 6 for evacuation
[518.377s][info][gc,heap        ] GC(776) ParNew: 435797K->18178K(460096K)
[518.377s][info][gc,heap        ] GC(776) CMS: 123553K->123553K(3683136K)
[518.377s][info][gc,metaspace   ] GC(776) Metaspace: 145458K(158956K)->145458K(158956K) NonClass: 126666K(133340K)->126666K(133340K) Class: 18792K(25616K)->18792K(25616K)
[518.378s][info][gc             ] GC(776) Pause Young (GCLocker Initiated GC) 546M->138M(4046M) 8.963ms
[518.378s][info][gc,cpu         ] GC(776) User=0.00s Sys=0.00s Real=0.00s
[519.933s][info][gc,start       ] GC(777) Pause Young (Allocation Failure)
[519.933s][info][gc,task        ] GC(777) Using 6 workers of 6 for evacuation
[519.943s][info][gc,heap        ] GC(777) ParNew: 427202K->18835K(460096K)
[519.943s][info][gc,heap        ] GC(777) CMS: 123553K->123553K(3683136K)
[519.943s][info][gc,metaspace   ] GC(777) Metaspace: 145458K(158956K)->145458K(158956K) NonClass: 126666K(133340K)->126666K(133340K) Class: 18792K(25616K)->18792K(25616K)
[519.943s][info][gc             ] GC(777) Pause Young (Allocation Failure) 537M->139M(4046M) 9.317ms
[519.943s][info][gc,cpu         ] GC(777) User=0.02s Sys=0.00s Real=0.02s
[521.444s][info][gc,start       ] GC(778) Pause Young (Allocation Failure)
[521.444s][info][gc,task        ] GC(778) Using 6 workers of 6 for evacuation
[521.452s][info][gc,heap        ] GC(778) ParNew: 427859K->14659K(460096K)
[521.453s][info][gc,heap        ] GC(778) CMS: 123553K->123553K(3683136K)
[521.453s][info][gc,metaspace   ] GC(778) Metaspace: 145458K(158956K)->145458K(158956K) NonClass: 126666K(133340K)->126666K(133340K) Class: 18792K(25616K)->18792K(25616K)
[521.453s][info][gc             ] GC(778) Pause Young (Allocation Failure) 538M->134M(4046M) 8.544ms
[521.453s][info][gc,cpu         ] GC(778) User=0.00s Sys=0.00s Real=0.02s
[521.905s][info][gc,start       ] GC(779) Pause Full (System.gc())
[521.909s][info][gc,phases,start] GC(779) Phase 1: Mark live objects
[521.982s][info][gc,phases      ] GC(779) Phase 1: Mark live objects 72.935ms
[521.982s][info][gc,phases,start] GC(779) Phase 2: Compute new object addresses
[522.023s][info][gc,phases      ] GC(779) Phase 2: Compute new object addresses 41.223ms
[522.023s][info][gc,phases,start] GC(779) Phase 3: Adjust pointers
[522.069s][info][gc,phases      ] GC(779) Phase 3: Adjust pointers 45.468ms
[522.069s][info][gc,phases,start] GC(779) Phase 4: Move objects
[522.078s][info][gc,phases      ] GC(779) Phase 4: Move objects 9.008ms
[522.081s][info][gc,heap        ] GC(779) ParNew: 284097K->0K(460096K)
[522.081s][info][gc,heap        ] GC(779) CMS: 123553K->73610K(3683136K)
[522.081s][info][gc,metaspace   ] GC(779) Metaspace: 145458K(158956K)->145458K(158956K) NonClass: 126666K(133340K)->126666K(133340K) Class: 18792K(25616K)->18792K(25616K)
[522.082s][info][gc             ] GC(779) Pause Full (System.gc()) 398M->71M(4046M) 177.257ms
[522.082s][info][gc,cpu         ] GC(779) User=0.17s Sys=0.00s Real=0.17s
[522.204s][info][gc,start       ] GC(780) Pause Young (Allocation Failure)
[522.204s][info][gc,task        ] GC(780) Using 6 workers of 6 for evacuation
[522.216s][info][gc,heap        ] GC(780) ParNew: 409024K->20125K(460096K)
[522.216s][info][gc,heap        ] GC(780) CMS: 73610K->73610K(3683136K)
[522.216s][info][gc,metaspace   ] GC(780) Metaspace: 145458K(158956K)->145458K(158956K) NonClass: 126666K(133340K)->126666K(133340K) Class: 18792K(25616K)->18792K(25616K)
[522.216s][info][gc             ] GC(780) Pause Young (Allocation Failure) 471M->91M(4046M) 11.816ms
[522.216s][info][gc,cpu         ] GC(780) User=0.06s Sys=0.00s Real=0.02s
[522.370s][info][gc,start       ] GC(781) Pause Young (Allocation Failure)
[522.370s][info][gc,task        ] GC(781) Using 6 workers of 6 for evacuation
[522.380s][info][gc,heap        ] GC(781) ParNew: 429149K->50170K(460096K)
[522.380s][info][gc,heap        ] GC(781) CMS: 73610K->73610K(3683136K)
[522.380s][info][gc,metaspace   ] GC(781) Metaspace: 145458K(158956K)->145458K(158956K) NonClass: 126666K(133340K)->126666K(133340K) Class: 18792K(25616K)->18792K(25616K)
[522.380s][info][gc             ] GC(781) Pause Young (Allocation Failure) 490M->120M(4046M) 9.997ms
[522.380s][info][gc,cpu         ] GC(781) User=0.00s Sys=0.00s Real=0.00s
[522.434s][info][gc,start       ] GC(782) Pause Young (GCLocker Initiated GC)
[522.434s][info][gc,task        ] GC(782) Using 6 workers of 6 for evacuation
[522.444s][info][gc,heap        ] GC(782) ParNew: 458895K->26007K(460096K)
[522.444s][info][gc,heap        ] GC(782) CMS: 77706K->101832K(3683136K)
[522.444s][info][gc,metaspace   ] GC(782) Metaspace: 145458K(158956K)->145458K(158956K) NonClass: 126666K(133340K)->126666K(133340K) Class: 18792K(25616K)->18792K(25616K)
[522.444s][info][gc             ] GC(782) Pause Young (GCLocker Initiated GC) 524M->124M(4046M) 9.948ms
[522.444s][info][gc,cpu         ] GC(782) User=0.00s Sys=0.00s Real=0.00s
[522.623s][info][gc,start       ] GC(783) Pause Young (Allocation Failure)
[522.623s][info][gc,task        ] GC(783) Using 6 workers of 6 for evacuation
[522.631s][info][gc,heap        ] GC(783) ParNew: 432963K->28622K(460096K)
[522.631s][info][gc,heap        ] GC(783) CMS: 101832K->101832K(3683136K)
[522.631s][info][gc,metaspace   ] GC(783) Metaspace: 145458K(158956K)->145458K(158956K) NonClass: 126666K(133340K)->126666K(133340K) Class: 18792K(25616K)->18792K(25616K)
[522.631s][info][gc             ] GC(783) Pause Young (Allocation Failure) 522M->127M(4046M) 8.462ms
[522.631s][info][gc,cpu         ] GC(783) User=0.00s Sys=0.00s Real=0.00s
[522.680s][info][gc,start       ] GC(784) Pause Young (Allocation Failure)
[522.680s][info][gc,task        ] GC(784) Using 6 workers of 6 for evacuation
[522.689s][info][gc,heap        ] GC(784) ParNew: 437124K->29173K(460096K)
[522.689s][info][gc,heap        ] GC(784) CMS: 101832K->101832K(3683136K)
[522.689s][info][gc,metaspace   ] GC(784) Metaspace: 145458K(158956K)->145458K(158956K) NonClass: 126666K(133340K)->126666K(133340K) Class: 18792K(25616K)->18792K(25616K)
[522.689s][info][gc             ] GC(784) Pause Young (Allocation Failure) 526M->127M(4046M) 9.071ms
[522.689s][info][gc,cpu         ] GC(784) User=0.02s Sys=0.00s Real=0.02s
[522.855s][info][gc,start       ] GC(785) Pause Young (Allocation Failure)
[522.855s][info][gc,task        ] GC(785) Using 6 workers of 6 for evacuation
[522.867s][info][gc,heap        ] GC(785) ParNew: 438197K->36172K(460096K)
[522.867s][info][gc,heap        ] GC(785) CMS: 101832K->119323K(3683136K)
[522.867s][info][gc,metaspace   ] GC(785) Metaspace: 145458K(158956K)->145458K(158956K) NonClass: 126666K(133340K)->126666K(133340K) Class: 18792K(25616K)->18792K(25616K)
[522.867s][info][gc             ] GC(785) Pause Young (Allocation Failure) 527M->151M(4046M) 11.372ms
[522.867s][info][gc,cpu         ] GC(785) User=0.02s Sys=0.00s Real=0.01s
[523.425s][info][gc,start       ] GC(786) Pause Young (Allocation Failure)
[523.425s][info][gc,task        ] GC(786) Using 6 workers of 6 for evacuation
[523.433s][info][gc,heap        ] GC(786) ParNew: 445196K->21263K(460096K)
[523.433s][info][gc,heap        ] GC(786) CMS: 119323K->128788K(3683136K)
[523.433s][info][gc,metaspace   ] GC(786) Metaspace: 145458K(158956K)->145458K(158956K) NonClass: 126666K(133340K)->126666K(133340K) Class: 18792K(25616K)->18792K(25616K)
[523.433s][info][gc             ] GC(786) Pause Young (Allocation Failure) 551M->146M(4046M) 7.991ms
[523.433s][info][gc,cpu         ] GC(786) User=0.00s Sys=0.00s Real=0.00s
[524.995s][info][gc,start       ] GC(787) Pause Young (Allocation Failure)
[524.995s][info][gc,task        ] GC(787) Using 6 workers of 6 for evacuation
[525.003s][info][gc,heap        ] GC(787) ParNew: 430287K->14580K(460096K)
[525.003s][info][gc,heap        ] GC(787) CMS: 128788K->128788K(3683136K)
[525.003s][info][gc,metaspace   ] GC(787) Metaspace: 145458K(158956K)->145458K(158956K) NonClass: 126666K(133340K)->126666K(133340K) Class: 18792K(25616K)->18792K(25616K)
[525.003s][info][gc             ] GC(787) Pause Young (Allocation Failure) 545M->140M(4046M) 7.970ms
[525.003s][info][gc,cpu         ] GC(787) User=0.00s Sys=0.00s Real=0.00s
[526.558s][info][gc,start       ] GC(788) Pause Young (GCLocker Initiated GC)
[526.558s][info][gc,task        ] GC(788) Using 6 workers of 6 for evacuation
[526.566s][info][gc,heap        ] GC(788) ParNew: 423604K->17349K(460096K)
[526.566s][info][gc,heap        ] GC(788) CMS: 128788K->128788K(3683136K)
[526.566s][info][gc,metaspace   ] GC(788) Metaspace: 145458K(158956K)->145458K(158956K) NonClass: 126666K(133340K)->126666K(133340K) Class: 18792K(25616K)->18792K(25616K)
[526.566s][info][gc             ] GC(788) Pause Young (GCLocker Initiated GC) 539M->142M(4046M) 8.240ms
[526.567s][info][gc,cpu         ] GC(788) User=0.02s Sys=0.00s Real=0.02s
[528.048s][info][gc,start       ] GC(789) Pause Young (Allocation Failure)
[528.048s][info][gc,task        ] GC(789) Using 6 workers of 6 for evacuation
[528.055s][info][gc,heap        ] GC(789) ParNew: 426373K->15136K(460096K)
[528.055s][info][gc,heap        ] GC(789) CMS: 128788K->128788K(3683136K)
[528.055s][info][gc,metaspace   ] GC(789) Metaspace: 145458K(158956K)->145458K(158956K) NonClass: 126666K(133340K)->126666K(133340K) Class: 18792K(25616K)->18792K(25616K)
[528.055s][info][gc             ] GC(789) Pause Young (Allocation Failure) 542M->140M(4046M) 7.179ms
[528.055s][info][gc,cpu         ] GC(789) User=0.02s Sys=0.00s Real=0.02s
[528.499s][info][gc,start       ] GC(790) Pause Full (System.gc())
[528.501s][info][gc,phases,start] GC(790) Phase 1: Mark live objects
[528.575s][info][gc,phases      ] GC(790) Phase 1: Mark live objects 73.765ms
[528.575s][info][gc,phases,start] GC(790) Phase 2: Compute new object addresses
[528.616s][info][gc,phases      ] GC(790) Phase 2: Compute new object addresses 41.229ms
[528.617s][info][gc,phases,start] GC(790) Phase 3: Adjust pointers
[528.662s][info][gc,phases      ] GC(790) Phase 3: Adjust pointers 45.438ms
[528.662s][info][gc,phases,start] GC(790) Phase 4: Move objects
[528.671s][info][gc,phases      ] GC(790) Phase 4: Move objects 8.839ms
[528.674s][info][gc,heap        ] GC(790) ParNew: 281733K->0K(460096K)
[528.674s][info][gc,heap        ] GC(790) CMS: 128788K->73331K(3683136K)
[528.674s][info][gc,metaspace   ] GC(790) Metaspace: 145458K(158956K)->145458K(158956K) NonClass: 126666K(133340K)->126666K(133340K) Class: 18792K(25616K)->18792K(25616K)
[528.675s][info][gc             ] GC(790) Pause Full (System.gc()) 400M->71M(4046M) 176.184ms
[528.675s][info][gc,cpu         ] GC(790) User=0.17s Sys=0.00s Real=0.17s
[528.795s][info][gc,start       ] GC(791) Pause Young (Allocation Failure)
[528.796s][info][gc,task        ] GC(791) Using 6 workers of 6 for evacuation
[528.803s][info][gc,heap        ] GC(791) ParNew: 409024K->19758K(460096K)
[528.803s][info][gc,heap        ] GC(791) CMS: 73331K->73331K(3683136K)
[528.803s][info][gc,metaspace   ] GC(791) Metaspace: 145459K(158956K)->145459K(158956K) NonClass: 126666K(133340K)->126666K(133340K) Class: 18792K(25616K)->18792K(25616K)
[528.803s][info][gc             ] GC(791) Pause Young (Allocation Failure) 471M->90M(4046M) 7.837ms
[528.803s][info][gc,cpu         ] GC(791) User=0.02s Sys=0.00s Real=0.00s
[528.959s][info][gc,start       ] GC(792) Pause Young (Allocation Failure)
[528.959s][info][gc,task        ] GC(792) Using 6 workers of 6 for evacuation
[528.969s][info][gc,heap        ] GC(792) ParNew: 426050K->51072K(460096K)
[528.969s][info][gc,heap        ] GC(792) CMS: 73331K->73331K(3683136K)
[528.969s][info][gc,metaspace   ] GC(792) Metaspace: 145459K(158956K)->145459K(158956K) NonClass: 126666K(133340K)->126666K(133340K) Class: 18792K(25616K)->18792K(25616K)
[528.969s][info][gc             ] GC(792) Pause Young (Allocation Failure) 487M->121M(4046M) 9.943ms
[528.969s][info][gc,cpu         ] GC(792) User=0.02s Sys=0.00s Real=0.01s
[529.021s][info][gc,start       ] GC(793) Pause Young (Allocation Failure)
[529.021s][info][gc,task        ] GC(793) Using 6 workers of 6 for evacuation
[529.033s][info][gc,heap        ] GC(793) ParNew: 456639K->29826K(460096K)
[529.033s][info][gc,heap        ] GC(793) CMS: 73331K->97299K(3683136K)
[529.033s][info][gc,metaspace   ] GC(793) Metaspace: 145459K(158956K)->145459K(158956K) NonClass: 126666K(133340K)->126666K(133340K) Class: 18792K(25616K)->18792K(25616K)
[529.033s][info][gc             ] GC(793) Pause Young (Allocation Failure) 517M->124M(4046M) 12.139ms
[529.033s][info][gc,cpu         ] GC(793) User=0.00s Sys=0.00s Real=0.02s
[529.213s][info][gc,start       ] GC(794) Pause Young (Allocation Failure)
[529.213s][info][gc,task        ] GC(794) Using 6 workers of 6 for evacuation
[529.222s][info][gc,heap        ] GC(794) ParNew: 437728K->26516K(460096K)
[529.222s][info][gc,heap        ] GC(794) CMS: 97299K->97299K(3683136K)
[529.222s][info][gc,metaspace   ] GC(794) Metaspace: 145459K(158956K)->145459K(158956K) NonClass: 126666K(133340K)->126666K(133340K) Class: 18792K(25616K)->18792K(25616K)
[529.222s][info][gc             ] GC(794) Pause Young (Allocation Failure) 522M->120M(4046M) 9.199ms
[529.222s][info][gc,cpu         ] GC(794) User=0.00s Sys=0.00s Real=0.02s
[529.274s][info][gc,start       ] GC(795) Pause Young (Allocation Failure)
[529.274s][info][gc,task        ] GC(795) Using 6 workers of 6 for evacuation
[529.283s][info][gc,heap        ] GC(795) ParNew: 435540K->28044K(460096K)
[529.283s][info][gc,heap        ] GC(795) CMS: 97299K->97299K(3683136K)
[529.283s][info][gc,metaspace   ] GC(795) Metaspace: 145459K(158956K)->145459K(158956K) NonClass: 126666K(133340K)->126666K(133340K) Class: 18792K(25616K)->18792K(25616K)
[529.283s][info][gc             ] GC(795) Pause Young (Allocation Failure) 520M->122M(4046M) 9.240ms
[529.283s][info][gc,cpu         ] GC(795) User=0.02s Sys=0.00s Real=0.02s
[529.447s][info][gc,start       ] GC(796) Pause Young (Allocation Failure)
[529.447s][info][gc,task        ] GC(796) Using 6 workers of 6 for evacuation
[529.457s][info][gc,heap        ] GC(796) ParNew: 437068K->34818K(460096K)
[529.457s][info][gc,heap        ] GC(796) CMS: 97299K->114919K(3683136K)
[529.457s][info][gc,metaspace   ] GC(796) Metaspace: 145459K(158956K)->145459K(158956K) NonClass: 126666K(133340K)->126666K(133340K) Class: 18792K(25616K)->18792K(25616K)
[529.457s][info][gc             ] GC(796) Pause Young (Allocation Failure) 521M->146M(4046M) 10.777ms
[529.457s][info][gc,cpu         ] GC(796) User=0.02s Sys=0.00s Real=0.02s
[530.010s][info][gc,start       ] GC(797) Pause Young (Allocation Failure)
[530.010s][info][gc,task        ] GC(797) Using 6 workers of 6 for evacuation
[530.019s][info][gc,heap        ] GC(797) ParNew: 443842K->20215K(460096K)
[530.020s][info][gc,heap        ] GC(797) CMS: 114919K->124386K(3683136K)
[530.020s][info][gc,metaspace   ] GC(797) Metaspace: 145459K(158956K)->145459K(158956K) NonClass: 126666K(133340K)->126666K(133340K) Class: 18792K(25616K)->18792K(25616K)
[530.020s][info][gc             ] GC(797) Pause Young (Allocation Failure) 545M->141M(4046M) 9.787ms
[530.020s][info][gc,cpu         ] GC(797) User=0.02s Sys=0.00s Real=0.02s
[531.599s][info][gc,start       ] GC(798) Pause Young (Allocation Failure)
[531.600s][info][gc,task        ] GC(798) Using 6 workers of 6 for evacuation
[531.608s][info][gc,heap        ] GC(798) ParNew: 429239K->12372K(460096K)
[531.608s][info][gc,heap        ] GC(798) CMS: 124386K->124386K(3683136K)
[531.608s][info][gc,metaspace   ] GC(798) Metaspace: 145459K(158956K)->145459K(158956K) NonClass: 126666K(133340K)->126666K(133340K) Class: 18792K(25616K)->18792K(25616K)
[531.608s][info][gc             ] GC(798) Pause Young (Allocation Failure) 540M->133M(4046M) 8.218ms
[531.608s][info][gc,cpu         ] GC(798) User=0.02s Sys=0.00s Real=0.02s
[533.165s][info][gc,start       ] GC(799) Pause Young (Allocation Failure)
[533.165s][info][gc,task        ] GC(799) Using 6 workers of 6 for evacuation
[533.173s][info][gc,heap        ] GC(799) ParNew: 421396K->15834K(460096K)
[533.173s][info][gc,heap        ] GC(799) CMS: 124386K->124386K(3683136K)
[533.173s][info][gc,metaspace   ] GC(799) Metaspace: 145459K(158956K)->145459K(158956K) NonClass: 126666K(133340K)->126666K(133340K) Class: 18792K(25616K)->18792K(25616K)
[533.173s][info][gc             ] GC(799) Pause Young (Allocation Failure) 532M->136M(4046M) 8.127ms
[533.173s][info][gc,cpu         ] GC(799) User=0.02s Sys=0.00s Real=0.02s
[534.595s][info][gc,start       ] GC(800) Pause Young (Allocation Failure)
[534.595s][info][gc,task        ] GC(800) Using 6 workers of 6 for evacuation
[534.602s][info][gc,heap        ] GC(800) ParNew: 424858K->13382K(460096K)
[534.602s][info][gc,heap        ] GC(800) CMS: 124386K->124386K(3683136K)
[534.602s][info][gc,metaspace   ] GC(800) Metaspace: 145459K(158956K)->145459K(158956K) NonClass: 126666K(133340K)->126666K(133340K) Class: 18792K(25616K)->18792K(25616K)
[534.602s][info][gc             ] GC(800) Pause Young (Allocation Failure) 536M->134M(4046M) 7.082ms
[534.602s][info][gc,cpu         ] GC(800) User=0.02s Sys=0.00s Real=0.02s
[535.128s][info][gc,start       ] GC(801) Pause Full (System.gc())
[535.130s][info][gc,phases,start] GC(801) Phase 1: Mark live objects
[535.204s][info][gc,phases      ] GC(801) Phase 1: Mark live objects 73.620ms
[535.204s][info][gc,phases,start] GC(801) Phase 2: Compute new object addresses
[535.247s][info][gc,phases      ] GC(801) Phase 2: Compute new object addresses 42.672ms
[535.247s][info][gc,phases,start] GC(801) Phase 3: Adjust pointers
[535.291s][info][gc,phases      ] GC(801) Phase 3: Adjust pointers 44.463ms
[535.291s][info][gc,phases,start] GC(801) Phase 4: Move objects
[535.296s][info][gc,phases      ] GC(801) Phase 4: Move objects 5.012ms
[535.300s][info][gc,heap        ] GC(801) ParNew: 287481K->0K(460096K)
[535.300s][info][gc,heap        ] GC(801) CMS: 124386K->73651K(3683136K)
[535.300s][info][gc,metaspace   ] GC(801) Metaspace: 145460K(158956K)->145460K(158956K) NonClass: 126667K(133340K)->126667K(133340K) Class: 18792K(25616K)->18792K(25616K)
[535.301s][info][gc             ] GC(801) Pause Full (System.gc()) 402M->71M(4046M) 172.710ms
[535.301s][info][gc,cpu         ] GC(801) User=0.12s Sys=0.02s Real=0.17s
[535.420s][info][gc,start       ] GC(802) Pause Young (Allocation Failure)
[535.420s][info][gc,task        ] GC(802) Using 6 workers of 6 for evacuation
[535.428s][info][gc,heap        ] GC(802) ParNew: 409024K->22230K(460096K)
[535.429s][info][gc,heap        ] GC(802) CMS: 73651K->73651K(3683136K)
[535.429s][info][gc,metaspace   ] GC(802) Metaspace: 145464K(158956K)->145464K(158956K) NonClass: 126671K(133340K)->126671K(133340K) Class: 18792K(25616K)->18792K(25616K)
[535.429s][info][gc             ] GC(802) Pause Young (Allocation Failure) 471M->93M(4046M) 8.601ms
[535.429s][info][gc,cpu         ] GC(802) User=0.06s Sys=0.00s Real=0.00s
[535.583s][info][gc,start       ] GC(803) Pause Young (Allocation Failure)
[535.583s][info][gc,task        ] GC(803) Using 6 workers of 6 for evacuation
[535.592s][info][gc,heap        ] GC(803) ParNew: 431254K->47804K(460096K)
[535.592s][info][gc,heap        ] GC(803) CMS: 73651K->73651K(3683136K)
[535.592s][info][gc,metaspace   ] GC(803) Metaspace: 145464K(158956K)->145464K(158956K) NonClass: 126671K(133340K)->126671K(133340K) Class: 18792K(25616K)->18792K(25616K)
[535.592s][info][gc             ] GC(803) Pause Young (Allocation Failure) 493M->118M(4046M) 9.612ms
[535.592s][info][gc,cpu         ] GC(803) User=0.02s Sys=0.00s Real=0.02s
[535.644s][info][gc,start       ] GC(804) Pause Young (Allocation Failure)
[535.645s][info][gc,task        ] GC(804) Using 6 workers of 6 for evacuation
[535.655s][info][gc,heap        ] GC(804) ParNew: 456828K->26125K(460096K)
[535.655s][info][gc,heap        ] GC(804) CMS: 73651K->97772K(3683136K)
[535.655s][info][gc,metaspace   ] GC(804) Metaspace: 145464K(158956K)->145464K(158956K) NonClass: 126671K(133340K)->126671K(133340K) Class: 18792K(25616K)->18792K(25616K)
[535.655s][info][gc             ] GC(804) Pause Young (Allocation Failure) 518M->120M(4046M) 10.899ms
[535.655s][info][gc,cpu         ] GC(804) User=0.02s Sys=0.00s Real=0.01s
[535.835s][info][gc,start       ] GC(805) Pause Young (Allocation Failure)
[535.836s][info][gc,task        ] GC(805) Using 6 workers of 6 for evacuation
[535.844s][info][gc,heap        ] GC(805) ParNew: 432805K->24099K(460096K)
[535.844s][info][gc,heap        ] GC(805) CMS: 97772K->97772K(3683136K)
[535.844s][info][gc,metaspace   ] GC(805) Metaspace: 145464K(158956K)->145464K(158956K) NonClass: 126671K(133340K)->126671K(133340K) Class: 18792K(25616K)->18792K(25616K)
[535.844s][info][gc             ] GC(805) Pause Young (Allocation Failure) 518M->119M(4046M) 8.098ms
[535.844s][info][gc,cpu         ] GC(805) User=0.02s Sys=0.00s Real=0.02s
[535.893s][info][gc,start       ] GC(806) Pause Young (Allocation Failure)
[535.893s][info][gc,task        ] GC(806) Using 6 workers of 6 for evacuation
[535.901s][info][gc,heap        ] GC(806) ParNew: 433123K->27390K(460096K)
[535.901s][info][gc,heap        ] GC(806) CMS: 97772K->97772K(3683136K)
[535.901s][info][gc,metaspace   ] GC(806) Metaspace: 145464K(158956K)->145464K(158956K) NonClass: 126671K(133340K)->126671K(133340K) Class: 18792K(25616K)->18792K(25616K)
[535.901s][info][gc             ] GC(806) Pause Young (Allocation Failure) 518M->122M(4046M) 8.482ms
[535.901s][info][gc,cpu         ] GC(806) User=0.06s Sys=0.00s Real=0.02s
[536.068s][info][gc,start       ] GC(807) Pause Young (Allocation Failure)
[536.068s][info][gc,task        ] GC(807) Using 6 workers of 6 for evacuation
[536.079s][info][gc,heap        ] GC(807) ParNew: 436414K->37894K(460096K)
[536.079s][info][gc,heap        ] GC(807) CMS: 97772K->115258K(3683136K)
[536.079s][info][gc,metaspace   ] GC(807) Metaspace: 145464K(158956K)->145464K(158956K) NonClass: 126671K(133340K)->126671K(133340K) Class: 18792K(25616K)->18792K(25616K)
[536.079s][info][gc             ] GC(807) Pause Young (Allocation Failure) 521M->149M(4046M) 11.317ms
[536.079s][info][gc,cpu         ] GC(807) User=0.02s Sys=0.00s Real=0.02s
[536.632s][info][gc,start       ] GC(808) Pause Young (Allocation Failure)
[536.632s][info][gc,task        ] GC(808) Using 6 workers of 6 for evacuation
[536.641s][info][gc,heap        ] GC(808) ParNew: 446918K->19558K(460096K)
[536.641s][info][gc,heap        ] GC(808) CMS: 115258K->124721K(3683136K)
[536.641s][info][gc,metaspace   ] GC(808) Metaspace: 145464K(158956K)->145464K(158956K) NonClass: 126672K(133340K)->126672K(133340K) Class: 18792K(25616K)->18792K(25616K)
[536.641s][info][gc             ] GC(808) Pause Young (Allocation Failure) 549M->140M(4046M) 8.860ms
[536.641s][info][gc,cpu         ] GC(808) User=0.02s Sys=0.00s Real=0.02s
[538.228s][info][gc,start       ] GC(809) Pause Young (Allocation Failure)
[538.228s][info][gc,task        ] GC(809) Using 6 workers of 6 for evacuation
[538.236s][info][gc,heap        ] GC(809) ParNew: 428582K->20402K(460096K)
[538.236s][info][gc,heap        ] GC(809) CMS: 124721K->124721K(3683136K)
[538.236s][info][gc,metaspace   ] GC(809) Metaspace: 145464K(158956K)->145464K(158956K) NonClass: 126672K(133340K)->126672K(133340K) Class: 18792K(25616K)->18792K(25616K)
[538.236s][info][gc             ] GC(809) Pause Young (Allocation Failure) 540M->141M(4046M) 8.638ms
[538.236s][info][gc,cpu         ] GC(809) User=0.00s Sys=0.00s Real=0.00s
[539.798s][info][gc,start       ] GC(810) Pause Young (Allocation Failure)
[539.798s][info][gc,task        ] GC(810) Using 6 workers of 6 for evacuation
[539.807s][info][gc,heap        ] GC(810) ParNew: 429426K->19292K(460096K)
[539.807s][info][gc,heap        ] GC(810) CMS: 124721K->124721K(3683136K)
[539.807s][info][gc,metaspace   ] GC(810) Metaspace: 145464K(158956K)->145464K(158956K) NonClass: 126672K(133340K)->126672K(133340K) Class: 18792K(25616K)->18792K(25616K)
[539.807s][info][gc             ] GC(810) Pause Young (Allocation Failure) 541M->140M(4046M) 9.179ms
[539.807s][info][gc,cpu         ] GC(810) User=0.00s Sys=0.00s Real=0.00s
[541.300s][info][gc,start       ] GC(811) Pause Young (Allocation Failure)
[541.300s][info][gc,task        ] GC(811) Using 6 workers of 6 for evacuation
[541.307s][info][gc,heap        ] GC(811) ParNew: 428316K->13966K(460096K)
[541.307s][info][gc,heap        ] GC(811) CMS: 124721K->124721K(3683136K)
[541.307s][info][gc,metaspace   ] GC(811) Metaspace: 145464K(158956K)->145464K(158956K) NonClass: 126672K(133340K)->126672K(133340K) Class: 18792K(25616K)->18792K(25616K)
[541.307s][info][gc             ] GC(811) Pause Young (Allocation Failure) 540M->135M(4046M) 6.813ms
[541.307s][info][gc,cpu         ] GC(811) User=0.00s Sys=0.00s Real=0.00s
[541.748s][info][gc,start       ] GC(812) Pause Full (System.gc())
[541.751s][info][gc,phases,start] GC(812) Phase 1: Mark live objects
[541.825s][info][gc,phases      ] GC(812) Phase 1: Mark live objects 73.621ms
[541.825s][info][gc,phases,start] GC(812) Phase 2: Compute new object addresses
[541.866s][info][gc,phases      ] GC(812) Phase 2: Compute new object addresses 41.529ms
[541.866s][info][gc,phases,start] GC(812) Phase 3: Adjust pointers
[541.911s][info][gc,phases      ] GC(812) Phase 3: Adjust pointers 44.344ms
[541.911s][info][gc,phases,start] GC(812) Phase 4: Move objects
[541.916s][info][gc,phases      ] GC(812) Phase 4: Move objects 5.097ms
[541.919s][info][gc,heap        ] GC(812) ParNew: 278130K->0K(460096K)
[541.919s][info][gc,heap        ] GC(812) CMS: 124721K->73333K(3683136K)
[541.919s][info][gc,metaspace   ] GC(812) Metaspace: 145473K(158956K)->145473K(158956K) NonClass: 126681K(133340K)->126681K(133340K) Class: 18792K(25616K)->18792K(25616K)
[541.920s][info][gc             ] GC(812) Pause Full (System.gc()) 393M->71M(4046M) 171.692ms
[541.920s][info][gc,cpu         ] GC(812) User=0.16s Sys=0.00s Real=0.17s
[542.047s][info][gc,start       ] GC(813) Pause Young (Allocation Failure)
[542.047s][info][gc,task        ] GC(813) Using 6 workers of 6 for evacuation
[542.055s][info][gc,heap        ] GC(813) ParNew: 409024K->19884K(460096K)
[542.055s][info][gc,heap        ] GC(813) CMS: 73333K->73333K(3683136K)
[542.055s][info][gc,metaspace   ] GC(813) Metaspace: 145487K(158956K)->145487K(158956K) NonClass: 126695K(133340K)->126695K(133340K) Class: 18792K(25616K)->18792K(25616K)
[542.055s][info][gc             ] GC(813) Pause Young (Allocation Failure) 471M->91M(4046M) 7.491ms
[542.055s][info][gc,cpu         ] GC(813) User=0.02s Sys=0.00s Real=0.02s
[542.211s][info][gc,start       ] GC(814) Pause Young (Allocation Failure)
[542.211s][info][gc,task        ] GC(814) Using 6 workers of 6 for evacuation
[542.220s][info][gc,heap        ] GC(814) ParNew: 425765K->46118K(460096K)
[542.220s][info][gc,heap        ] GC(814) CMS: 73333K->73333K(3683136K)
[542.220s][info][gc,metaspace   ] GC(814) Metaspace: 145487K(158956K)->145487K(158956K) NonClass: 126695K(133340K)->126695K(133340K) Class: 18792K(25616K)->18792K(25616K)
[542.220s][info][gc             ] GC(814) Pause Young (Allocation Failure) 487M->116M(4046M) 9.791ms
[542.220s][info][gc,cpu         ] GC(814) User=0.00s Sys=0.00s Real=0.00s
[542.279s][info][gc,start       ] GC(815) Pause Young (GCLocker Initiated GC)
[542.279s][info][gc,task        ] GC(815) Using 6 workers of 6 for evacuation
[542.289s][info][gc,heap        ] GC(815) ParNew: 457950K->30707K(460096K)
[542.289s][info][gc,heap        ] GC(815) CMS: 73333K->97695K(3683136K)
[542.289s][info][gc,metaspace   ] GC(815) Metaspace: 145487K(158956K)->145487K(158956K) NonClass: 126695K(133340K)->126695K(133340K) Class: 18792K(25616K)->18792K(25616K)
[542.289s][info][gc             ] GC(815) Pause Young (GCLocker Initiated GC) 518M->125M(4046M) 9.579ms
[542.289s][info][gc,cpu         ] GC(815) User=0.00s Sys=0.00s Real=0.02s
[542.467s][info][gc,start       ] GC(816) Pause Young (Allocation Failure)
[542.467s][info][gc,task        ] GC(816) Using 6 workers of 6 for evacuation
[542.475s][info][gc,heap        ] GC(816) ParNew: 437265K->22750K(460096K)
[542.475s][info][gc,heap        ] GC(816) CMS: 97695K->97695K(3683136K)
[542.475s][info][gc,metaspace   ] GC(816) Metaspace: 145487K(158956K)->145487K(158956K) NonClass: 126695K(133340K)->126695K(133340K) Class: 18792K(25616K)->18792K(25616K)
[542.475s][info][gc             ] GC(816) Pause Young (Allocation Failure) 522M->117M(4046M) 8.010ms
[542.475s][info][gc,cpu         ] GC(816) User=0.00s Sys=0.00s Real=0.00s
[542.524s][info][gc,start       ] GC(817) Pause Young (Allocation Failure)
[542.524s][info][gc,task        ] GC(817) Using 6 workers of 6 for evacuation
[542.534s][info][gc,heap        ] GC(817) ParNew: 428449K->45785K(460096K)
[542.534s][info][gc,heap        ] GC(817) CMS: 97695K->97695K(3683136K)
[542.534s][info][gc,metaspace   ] GC(817) Metaspace: 145487K(158956K)->145487K(158956K) NonClass: 126695K(133340K)->126695K(133340K) Class: 18792K(25616K)->18792K(25616K)
[542.534s][info][gc             ] GC(817) Pause Young (Allocation Failure) 513M->140M(4046M) 10.078ms
[542.534s][info][gc,cpu         ] GC(817) User=0.00s Sys=0.00s Real=0.00s
[542.696s][info][gc,start       ] GC(818) Pause Young (Allocation Failure)
[542.696s][info][gc,task        ] GC(818) Using 6 workers of 6 for evacuation
[542.707s][info][gc,heap        ] GC(818) ParNew: 454809K->34667K(460096K)
[542.707s][info][gc,heap        ] GC(818) CMS: 97695K->114947K(3683136K)
[542.707s][info][gc,metaspace   ] GC(818) Metaspace: 145487K(158956K)->145487K(158956K) NonClass: 126695K(133340K)->126695K(133340K) Class: 18792K(25616K)->18792K(25616K)
[542.707s][info][gc             ] GC(818) Pause Young (Allocation Failure) 539M->146M(4046M) 11.189ms
[542.707s][info][gc,cpu         ] GC(818) User=0.00s Sys=0.00s Real=0.00s
[543.279s][info][gc,start       ] GC(819) Pause Young (Allocation Failure)
[543.279s][info][gc,task        ] GC(819) Using 6 workers of 6 for evacuation
[543.288s][info][gc,heap        ] GC(819) ParNew: 443691K->22709K(460096K)
[543.288s][info][gc,heap        ] GC(819) CMS: 114947K->124411K(3683136K)
[543.288s][info][gc,metaspace   ] GC(819) Metaspace: 145487K(158956K)->145487K(158956K) NonClass: 126695K(133340K)->126695K(133340K) Class: 18792K(25616K)->18792K(25616K)
[543.288s][info][gc             ] GC(819) Pause Young (Allocation Failure) 545M->143M(4046M) 9.062ms
[543.288s][info][gc,cpu         ] GC(819) User=0.00s Sys=0.00s Real=0.00s
[544.868s][info][gc,start       ] GC(820) Pause Young (Allocation Failure)
[544.868s][info][gc,task        ] GC(820) Using 6 workers of 6 for evacuation
[544.876s][info][gc,heap        ] GC(820) ParNew: 431733K->15605K(460096K)
[544.876s][info][gc,heap        ] GC(820) CMS: 124411K->124411K(3683136K)
[544.876s][info][gc,metaspace   ] GC(820) Metaspace: 145487K(158956K)->145487K(158956K) NonClass: 126695K(133340K)->126695K(133340K) Class: 18792K(25616K)->18792K(25616K)
[544.876s][info][gc             ] GC(820) Pause Young (Allocation Failure) 543M->136M(4046M) 7.890ms
[544.876s][info][gc,cpu         ] GC(820) User=0.00s Sys=0.00s Real=0.00s
[546.439s][info][gc,start       ] GC(821) Pause Young (Allocation Failure)
[546.439s][info][gc,task        ] GC(821) Using 6 workers of 6 for evacuation
[546.447s][info][gc,heap        ] GC(821) ParNew: 424655K->18308K(460096K)
[546.447s][info][gc,heap        ] GC(821) CMS: 124411K->124411K(3683136K)
[546.447s][info][gc,metaspace   ] GC(821) Metaspace: 145488K(158956K)->145488K(158956K) NonClass: 126696K(133340K)->126696K(133340K) Class: 18792K(25616K)->18792K(25616K)
[546.447s][info][gc             ] GC(821) Pause Young (Allocation Failure) 536M->139M(4046M) 8.467ms
[546.447s][info][gc,cpu         ] GC(821) User=0.00s Sys=0.00s Real=0.00s
[547.929s][info][gc,start       ] GC(822) Pause Young (Allocation Failure)
[547.929s][info][gc,task        ] GC(822) Using 6 workers of 6 for evacuation
[547.935s][info][gc,heap        ] GC(822) ParNew: 425861K->14432K(460096K)
[547.935s][info][gc,heap        ] GC(822) CMS: 124411K->124411K(3683136K)
[547.935s][info][gc,metaspace   ] GC(822) Metaspace: 145488K(158956K)->145488K(158956K) NonClass: 126696K(133340K)->126696K(133340K) Class: 18792K(25616K)->18792K(25616K)
[547.935s][info][gc             ] GC(822) Pause Young (Allocation Failure) 537M->135M(4046M) 6.588ms
[547.935s][info][gc,cpu         ] GC(822) User=0.00s Sys=0.00s Real=0.00s
[548.378s][info][gc,start       ] GC(823) Pause Full (System.gc())
[548.380s][info][gc,phases,start] GC(823) Phase 1: Mark live objects
[548.454s][info][gc,phases      ] GC(823) Phase 1: Mark live objects 73.440ms
[548.454s][info][gc,phases,start] GC(823) Phase 2: Compute new object addresses
[548.495s][info][gc,phases      ] GC(823) Phase 2: Compute new object addresses 41.050ms
[548.495s][info][gc,phases,start] GC(823) Phase 3: Adjust pointers
[548.540s][info][gc,phases      ] GC(823) Phase 3: Adjust pointers 45.540ms
[548.541s][info][gc,phases,start] GC(823) Phase 4: Move objects
[548.556s][info][gc,phases      ] GC(823) Phase 4: Move objects 15.081ms
[548.559s][info][gc,heap        ] GC(823) ParNew: 282660K->0K(460096K)
[548.559s][info][gc,heap        ] GC(823) CMS: 124411K->73802K(3683136K)
[548.559s][info][gc,metaspace   ] GC(823) Metaspace: 145528K(159212K)->145528K(159212K) NonClass: 126736K(133596K)->126736K(133596K) Class: 18792K(25616K)->18792K(25616K)
[548.560s][info][gc             ] GC(823) Pause Full (System.gc()) 397M->72M(4046M) 181.977ms
[548.560s][info][gc,cpu         ] GC(823) User=0.19s Sys=0.00s Real=0.19s
[548.691s][info][gc,start       ] GC(824) Pause Young (Allocation Failure)
[548.691s][info][gc,task        ] GC(824) Using 6 workers of 6 for evacuation
[548.699s][info][gc,heap        ] GC(824) ParNew: 409024K->19803K(460096K)
[548.699s][info][gc,heap        ] GC(824) CMS: 73802K->73802K(3683136K)
[548.699s][info][gc,metaspace   ] GC(824) Metaspace: 145529K(159212K)->145529K(159212K) NonClass: 126737K(133596K)->126737K(133596K) Class: 18792K(25616K)->18792K(25616K)
[548.699s][info][gc             ] GC(824) Pause Young (Allocation Failure) 471M->91M(4046M) 7.911ms
[548.699s][info][gc,cpu         ] GC(824) User=0.02s Sys=0.00s Real=0.02s
[548.860s][info][gc,start       ] GC(825) Pause Young (Allocation Failure)
[548.860s][info][gc,task        ] GC(825) Using 6 workers of 6 for evacuation
[548.870s][info][gc,heap        ] GC(825) ParNew: 427468K->47200K(460096K)
[548.870s][info][gc,heap        ] GC(825) CMS: 73802K->73802K(3683136K)
[548.870s][info][gc,metaspace   ] GC(825) Metaspace: 145529K(159212K)->145529K(159212K) NonClass: 126737K(133596K)->126737K(133596K) Class: 18792K(25616K)->18792K(25616K)
[548.870s][info][gc             ] GC(825) Pause Young (Allocation Failure) 489M->118M(4046M) 10.225ms
[548.870s][info][gc,cpu         ] GC(825) User=0.02s Sys=0.00s Real=0.02s
[548.924s][info][gc,start       ] GC(826) Pause Young (Allocation Failure)
[548.924s][info][gc,task        ] GC(826) Using 6 workers of 6 for evacuation
[548.934s][info][gc,heap        ] GC(826) ParNew: 454556K->26797K(460096K)
[548.934s][info][gc,heap        ] GC(826) CMS: 73802K->98712K(3683136K)
[548.934s][info][gc,metaspace   ] GC(826) Metaspace: 145529K(159212K)->145529K(159212K) NonClass: 126737K(133596K)->126737K(133596K) Class: 18792K(25616K)->18792K(25616K)
[548.934s][info][gc             ] GC(826) Pause Young (Allocation Failure) 515M->122M(4046M) 10.304ms
[548.934s][info][gc,cpu         ] GC(826) User=0.02s Sys=0.00s Real=0.02s
[549.115s][info][gc,start       ] GC(827) Pause Young (Allocation Failure)
[549.115s][info][gc,task        ] GC(827) Using 6 workers of 6 for evacuation
[549.123s][info][gc,heap        ] GC(827) ParNew: 435821K->21186K(460096K)
[549.123s][info][gc,heap        ] GC(827) CMS: 98712K->98712K(3683136K)
[549.123s][info][gc,metaspace   ] GC(827) Metaspace: 145529K(159212K)->145529K(159212K) NonClass: 126737K(133596K)->126737K(133596K) Class: 18792K(25616K)->18792K(25616K)
[549.123s][info][gc             ] GC(827) Pause Young (Allocation Failure) 522M->117M(4046M) 8.073ms
[549.123s][info][gc,cpu         ] GC(827) User=0.02s Sys=0.00s Real=0.02s
[549.172s][info][gc,start       ] GC(828) Pause Young (Allocation Failure)
[549.172s][info][gc,task        ] GC(828) Using 6 workers of 6 for evacuation
[549.181s][info][gc,heap        ] GC(828) ParNew: 430210K->32546K(460096K)
[549.181s][info][gc,heap        ] GC(828) CMS: 98712K->98712K(3683136K)
[549.181s][info][gc,metaspace   ] GC(828) Metaspace: 145529K(159212K)->145529K(159212K) NonClass: 126737K(133596K)->126737K(133596K) Class: 18792K(25616K)->18792K(25616K)
[549.181s][info][gc             ] GC(828) Pause Young (Allocation Failure) 516M->128M(4046M) 9.122ms
[549.181s][info][gc,cpu         ] GC(828) User=0.02s Sys=0.00s Real=0.02s
[549.353s][info][gc,start       ] GC(829) Pause Young (Allocation Failure)
[549.353s][info][gc,task        ] GC(829) Using 6 workers of 6 for evacuation
[549.364s][info][gc,heap        ] GC(829) ParNew: 441570K->34140K(460096K)
[549.364s][info][gc,heap        ] GC(829) CMS: 98712K->115492K(3683136K)
[549.364s][info][gc,metaspace   ] GC(829) Metaspace: 145529K(159212K)->145529K(159212K) NonClass: 126737K(133596K)->126737K(133596K) Class: 18792K(25616K)->18792K(25616K)
[549.364s][info][gc             ] GC(829) Pause Young (Allocation Failure) 527M->146M(4046M) 10.836ms
[549.364s][info][gc,cpu         ] GC(829) User=0.00s Sys=0.00s Real=0.00s
[549.916s][info][gc,start       ] GC(830) Pause Young (Allocation Failure)
[549.916s][info][gc,task        ] GC(830) Using 6 workers of 6 for evacuation
[549.924s][info][gc,heap        ] GC(830) ParNew: 443164K->23028K(460096K)
[549.924s][info][gc,heap        ] GC(830) CMS: 115492K->124956K(3683136K)
[549.924s][info][gc,metaspace   ] GC(830) Metaspace: 145529K(159212K)->145529K(159212K) NonClass: 126737K(133596K)->126737K(133596K) Class: 18792K(25616K)->18792K(25616K)
[549.924s][info][gc             ] GC(830) Pause Young (Allocation Failure) 545M->144M(4046M) 7.948ms
[549.924s][info][gc,cpu         ] GC(830) User=0.02s Sys=0.00s Real=0.02s
[551.519s][info][gc,start       ] GC(831) Pause Young (Allocation Failure)
[551.519s][info][gc,task        ] GC(831) Using 6 workers of 6 for evacuation
[551.526s][info][gc,heap        ] GC(831) ParNew: 432052K->13831K(460096K)
[551.526s][info][gc,heap        ] GC(831) CMS: 124956K->124956K(3683136K)
[551.526s][info][gc,metaspace   ] GC(831) Metaspace: 145529K(159212K)->145529K(159212K) NonClass: 126737K(133596K)->126737K(133596K) Class: 18792K(25616K)->18792K(25616K)
[551.526s][info][gc             ] GC(831) Pause Young (Allocation Failure) 543M->135M(4046M) 7.317ms
[551.526s][info][gc,cpu         ] GC(831) User=0.03s Sys=0.02s Real=0.02s
[553.075s][info][gc,start       ] GC(832) Pause Young (GCLocker Initiated GC)
[553.075s][info][gc,task        ] GC(832) Using 6 workers of 6 for evacuation
[553.083s][info][gc,heap        ] GC(832) ParNew: 422855K->17009K(460096K)
[553.083s][info][gc,heap        ] GC(832) CMS: 124956K->124956K(3683136K)
[553.083s][info][gc,metaspace   ] GC(832) Metaspace: 145529K(159212K)->145529K(159212K) NonClass: 126737K(133596K)->126737K(133596K) Class: 18792K(25616K)->18792K(25616K)
[553.083s][info][gc             ] GC(832) Pause Young (GCLocker Initiated GC) 534M->138M(4046M) 8.174ms
[553.083s][info][gc,cpu         ] GC(832) User=0.00s Sys=0.00s Real=0.00s
[554.589s][info][gc,start       ] GC(833) Pause Young (Allocation Failure)
[554.589s][info][gc,task        ] GC(833) Using 6 workers of 6 for evacuation
[554.596s][info][gc,heap        ] GC(833) ParNew: 425281K->14801K(460096K)
[554.596s][info][gc,heap        ] GC(833) CMS: 124956K->124956K(3683136K)
[554.596s][info][gc,metaspace   ] GC(833) Metaspace: 145529K(159212K)->145529K(159212K) NonClass: 126737K(133596K)->126737K(133596K) Class: 18792K(25616K)->18792K(25616K)
[554.596s][info][gc             ] GC(833) Pause Young (Allocation Failure) 537M->136M(4046M) 7.275ms
[554.597s][info][gc,cpu         ] GC(833) User=0.00s Sys=0.00s Real=0.02s
[555.040s][info][gc,start       ] GC(834) Pause Full (System.gc())
[555.042s][info][gc,phases,start] GC(834) Phase 1: Mark live objects
[555.115s][info][gc,phases      ] GC(834) Phase 1: Mark live objects 73.066ms
[555.115s][info][gc,phases,start] GC(834) Phase 2: Compute new object addresses
[555.156s][info][gc,phases      ] GC(834) Phase 2: Compute new object addresses 41.169ms
[555.156s][info][gc,phases,start] GC(834) Phase 3: Adjust pointers
[555.201s][info][gc,phases      ] GC(834) Phase 3: Adjust pointers 44.429ms
[555.201s][info][gc,phases,start] GC(834) Phase 4: Move objects
[555.206s][info][gc,phases      ] GC(834) Phase 4: Move objects 5.109ms
[555.210s][info][gc,heap        ] GC(834) ParNew: 284286K->0K(460096K)
[555.210s][info][gc,heap        ] GC(834) CMS: 124956K->73509K(3683136K)
[555.210s][info][gc,metaspace   ] GC(834) Metaspace: 145529K(159212K)->145529K(159212K) NonClass: 126737K(133596K)->126737K(133596K) Class: 18792K(25616K)->18792K(25616K)
[555.211s][info][gc             ] GC(834) Pause Full (System.gc()) 399M->71M(4046M) 171.382ms
[555.211s][info][gc,cpu         ] GC(834) User=0.17s Sys=0.00s Real=0.17s
[555.340s][info][gc,start       ] GC(835) Pause Young (Allocation Failure)
[555.340s][info][gc,task        ] GC(835) Using 6 workers of 6 for evacuation
[555.348s][info][gc,heap        ] GC(835) ParNew: 409024K->19454K(460096K)
[555.348s][info][gc,heap        ] GC(835) CMS: 73509K->73509K(3683136K)
[555.348s][info][gc,metaspace   ] GC(835) Metaspace: 145557K(159212K)->145557K(159212K) NonClass: 126765K(133596K)->126765K(133596K) Class: 18792K(25616K)->18792K(25616K)
[555.348s][info][gc             ] GC(835) Pause Young (Allocation Failure) 471M->90M(4046M) 7.646ms
[555.348s][info][gc,cpu         ] GC(835) User=0.05s Sys=0.00s Real=0.00s
[555.529s][info][gc,start       ] GC(836) Pause Young (Allocation Failure)
[555.529s][info][gc,task        ] GC(836) Using 6 workers of 6 for evacuation
[555.540s][info][gc,heap        ] GC(836) ParNew: 428463K->43371K(460096K)
[555.540s][info][gc,heap        ] GC(836) CMS: 73509K->73509K(3683136K)
[555.540s][info][gc,metaspace   ] GC(836) Metaspace: 145557K(159212K)->145557K(159212K) NonClass: 126765K(133596K)->126765K(133596K) Class: 18792K(25616K)->18792K(25616K)
[555.540s][info][gc             ] GC(836) Pause Young (Allocation Failure) 490M->114M(4046M) 10.732ms
[555.540s][info][gc,cpu         ] GC(836) User=0.05s Sys=0.00s Real=0.02s
[555.602s][info][gc,start       ] GC(837) Pause Young (GCLocker Initiated GC)
[555.602s][info][gc,task        ] GC(837) Using 6 workers of 6 for evacuation
[555.612s][info][gc,heap        ] GC(837) ParNew: 453303K->33432K(460096K)
[555.612s][info][gc,heap        ] GC(837) CMS: 73509K->96872K(3683136K)
[555.612s][info][gc,metaspace   ] GC(837) Metaspace: 145557K(159212K)->145557K(159212K) NonClass: 126765K(133596K)->126765K(133596K) Class: 18792K(25616K)->18792K(25616K)
[555.612s][info][gc             ] GC(837) Pause Young (GCLocker Initiated GC) 514M->127M(4046M) 10.174ms
[555.612s][info][gc,cpu         ] GC(837) User=0.05s Sys=0.00s Real=0.00s
[555.794s][info][gc,start       ] GC(838) Pause Young (Allocation Failure)
[555.794s][info][gc,task        ] GC(838) Using 6 workers of 6 for evacuation
[555.802s][info][gc,heap        ] GC(838) ParNew: 441100K->24442K(460096K)
[555.802s][info][gc,heap        ] GC(838) CMS: 96872K->96872K(3683136K)
[555.802s][info][gc,metaspace   ] GC(838) Metaspace: 145557K(159212K)->145557K(159212K) NonClass: 126765K(133596K)->126765K(133596K) Class: 18792K(25616K)->18792K(25616K)
[555.802s][info][gc             ] GC(838) Pause Young (Allocation Failure) 525M->118M(4046M) 7.763ms
[555.802s][info][gc,cpu         ] GC(838) User=0.00s Sys=0.00s Real=0.00s
[555.853s][info][gc,start       ] GC(839) Pause Young (Allocation Failure)
[555.853s][info][gc,task        ] GC(839) Using 6 workers of 6 for evacuation
[555.864s][info][gc,heap        ] GC(839) ParNew: 433466K->44492K(460096K)
[555.864s][info][gc,heap        ] GC(839) CMS: 96872K->96872K(3683136K)
[555.864s][info][gc,metaspace   ] GC(839) Metaspace: 145557K(159212K)->145557K(159212K) NonClass: 126765K(133596K)->126765K(133596K) Class: 18792K(25616K)->18792K(25616K)
[555.864s][info][gc             ] GC(839) Pause Young (Allocation Failure) 517M->138M(4046M) 11.091ms
[555.864s][info][gc,cpu         ] GC(839) User=0.00s Sys=0.00s Real=0.00s
[556.033s][info][gc,start       ] GC(840) Pause Young (Allocation Failure)
[556.033s][info][gc,task        ] GC(840) Using 6 workers of 6 for evacuation
[556.044s][info][gc,heap        ] GC(840) ParNew: 453516K->37982K(460096K)
[556.044s][info][gc,heap        ] GC(840) CMS: 96872K->115395K(3683136K)
[556.044s][info][gc,metaspace   ] GC(840) Metaspace: 145557K(159212K)->145557K(159212K) NonClass: 126765K(133596K)->126765K(133596K) Class: 18792K(25616K)->18792K(25616K)
[556.044s][info][gc             ] GC(840) Pause Young (Allocation Failure) 537M->149M(4046M) 11.156ms
[556.044s][info][gc,cpu         ] GC(840) User=0.02s Sys=0.00s Real=0.02s
[556.598s][info][gc,start       ] GC(841) Pause Young (GCLocker Initiated GC)
[556.598s][info][gc,task        ] GC(841) Using 6 workers of 6 for evacuation
[556.607s][info][gc,heap        ] GC(841) ParNew: 448030K->22523K(460096K)
[556.607s][info][gc,heap        ] GC(841) CMS: 115395K->124861K(3683136K)
[556.607s][info][gc,metaspace   ] GC(841) Metaspace: 145560K(159212K)->145560K(159212K) NonClass: 126768K(133596K)->126768K(133596K) Class: 18792K(25616K)->18792K(25616K)
[556.607s][info][gc             ] GC(841) Pause Young (GCLocker Initiated GC) 550M->143M(4046M) 8.652ms
[556.607s][info][gc,cpu         ] GC(841) User=0.06s Sys=0.00s Real=0.02s
[558.191s][info][gc,start       ] GC(842) Pause Young (Allocation Failure)
[558.191s][info][gc,task        ] GC(842) Using 6 workers of 6 for evacuation
[558.199s][info][gc,heap        ] GC(842) ParNew: 431547K->17134K(460096K)
[558.199s][info][gc,heap        ] GC(842) CMS: 124861K->124861K(3683136K)
[558.199s][info][gc,metaspace   ] GC(842) Metaspace: 145561K(159212K)->145561K(159212K) NonClass: 126768K(133596K)->126768K(133596K) Class: 18792K(25616K)->18792K(25616K)
[558.199s][info][gc             ] GC(842) Pause Young (Allocation Failure) 543M->138M(4046M) 8.712ms
[558.200s][info][gc,cpu         ] GC(842) User=0.00s Sys=0.00s Real=0.00s
[559.761s][info][gc,start       ] GC(843) Pause Young (Allocation Failure)
[559.761s][info][gc,task        ] GC(843) Using 6 workers of 6 for evacuation
[559.769s][info][gc,heap        ] GC(843) ParNew: 426158K->21913K(460096K)
[559.769s][info][gc,heap        ] GC(843) CMS: 124861K->124861K(3683136K)
[559.769s][info][gc,metaspace   ] GC(843) Metaspace: 145561K(159212K)->145561K(159212K) NonClass: 126768K(133596K)->126768K(133596K) Class: 18792K(25616K)->18792K(25616K)
[559.769s][info][gc             ] GC(843) Pause Young (Allocation Failure) 538M->143M(4046M) 8.383ms
[559.769s][info][gc,cpu         ] GC(843) User=0.00s Sys=0.00s Real=0.00s
[561.241s][info][gc,start       ] GC(844) Pause Young (Allocation Failure)
[561.241s][info][gc,task        ] GC(844) Using 6 workers of 6 for evacuation
[561.248s][info][gc,heap        ] GC(844) ParNew: 430155K->17991K(460096K)
[561.248s][info][gc,heap        ] GC(844) CMS: 124861K->124861K(3683136K)
[561.248s][info][gc,metaspace   ] GC(844) Metaspace: 145561K(159212K)->145561K(159212K) NonClass: 126768K(133596K)->126768K(133596K) Class: 18792K(25616K)->18792K(25616K)
[561.248s][info][gc             ] GC(844) Pause Young (Allocation Failure) 542M->139M(4046M) 7.353ms
[561.248s][info][gc,cpu         ] GC(844) User=0.00s Sys=0.00s Real=0.00s
[561.684s][info][gc,start       ] GC(845) Pause Full (System.gc())
[561.687s][info][gc,phases,start] GC(845) Phase 1: Mark live objects
[561.760s][info][gc,phases      ] GC(845) Phase 1: Mark live objects 73.168ms
[561.760s][info][gc,phases,start] GC(845) Phase 2: Compute new object addresses
[561.801s][info][gc,phases      ] GC(845) Phase 2: Compute new object addresses 41.343ms
[561.801s][info][gc,phases,start] GC(845) Phase 3: Adjust pointers
[561.846s][info][gc,phases      ] GC(845) Phase 3: Adjust pointers 44.553ms
[561.846s][info][gc,phases,start] GC(845) Phase 4: Move objects
[561.851s][info][gc,phases      ] GC(845) Phase 4: Move objects 5.117ms
[561.854s][info][gc,heap        ] GC(845) ParNew: 286447K->0K(460096K)
[561.854s][info][gc,heap        ] GC(845) CMS: 124861K->73069K(3683136K)
[561.854s][info][gc,metaspace   ] GC(845) Metaspace: 145565K(159212K)->145565K(159212K) NonClass: 126773K(133596K)->126773K(133596K) Class: 18792K(25616K)->18792K(25616K)
[561.855s][info][gc             ] GC(845) Pause Full (System.gc()) 401M->71M(4046M) 170.958ms
[561.855s][info][gc,cpu         ] GC(845) User=0.16s Sys=0.00s Real=0.17s
[561.992s][info][gc,start       ] GC(846) Pause Young (Allocation Failure)
[561.992s][info][gc,task        ] GC(846) Using 6 workers of 6 for evacuation
[562.000s][info][gc,heap        ] GC(846) ParNew: 409024K->20466K(460096K)
[562.000s][info][gc,heap        ] GC(846) CMS: 73069K->73069K(3683136K)
[562.000s][info][gc,metaspace   ] GC(846) Metaspace: 145601K(159212K)->145601K(159212K) NonClass: 126807K(133596K)->126807K(133596K) Class: 18793K(25616K)->18793K(25616K)
[562.000s][info][gc             ] GC(846) Pause Young (Allocation Failure) 470M->91M(4046M) 8.211ms
[562.000s][info][gc,cpu         ] GC(846) User=0.00s Sys=0.00s Real=0.00s
[562.156s][info][gc,start       ] GC(847) Pause Young (Allocation Failure)
[562.156s][info][gc,task        ] GC(847) Using 6 workers of 6 for evacuation
[562.166s][info][gc,heap        ] GC(847) ParNew: 429322K->45012K(460096K)
[562.166s][info][gc,heap        ] GC(847) CMS: 73069K->73069K(3683136K)
[562.166s][info][gc,metaspace   ] GC(847) Metaspace: 145601K(159212K)->145601K(159212K) NonClass: 126807K(133596K)->126807K(133596K) Class: 18793K(25616K)->18793K(25616K)
[562.166s][info][gc             ] GC(847) Pause Young (Allocation Failure) 490M->115M(4046M) 9.881ms
[562.166s][info][gc,cpu         ] GC(847) User=0.02s Sys=0.00s Real=0.02s
[562.221s][info][gc,start       ] GC(848) Pause Young (Allocation Failure)
[562.221s][info][gc,task        ] GC(848) Using 6 workers of 6 for evacuation
[562.235s][info][gc,heap        ] GC(848) ParNew: 451110K->35368K(460096K)
[562.235s][info][gc,heap        ] GC(848) CMS: 73069K->97669K(3683136K)
[562.235s][info][gc,metaspace   ] GC(848) Metaspace: 145601K(159212K)->145601K(159212K) NonClass: 126807K(133596K)->126807K(133596K) Class: 18793K(25616K)->18793K(25616K)
[562.235s][info][gc             ] GC(848) Pause Young (Allocation Failure) 511M->129M(4046M) 13.790ms
[562.235s][info][gc,cpu         ] GC(848) User=0.05s Sys=0.00s Real=0.01s
[562.416s][info][gc,start       ] GC(849) Pause Young (Allocation Failure)
[562.416s][info][gc,task        ] GC(849) Using 6 workers of 6 for evacuation
[562.424s][info][gc,heap        ] GC(849) ParNew: 444392K->23487K(460096K)
[562.424s][info][gc,heap        ] GC(849) CMS: 97669K->97669K(3683136K)
[562.424s][info][gc,metaspace   ] GC(849) Metaspace: 145620K(159212K)->145620K(159212K) NonClass: 126826K(133596K)->126826K(133596K) Class: 18793K(25616K)->18793K(25616K)
[562.424s][info][gc             ] GC(849) Pause Young (Allocation Failure) 529M->118M(4046M) 8.135ms
[562.424s][info][gc,cpu         ] GC(849) User=0.00s Sys=0.00s Real=0.00s
[562.473s][info][gc,start       ] GC(850) Pause Young (Allocation Failure)
[562.473s][info][gc,task        ] GC(850) Using 6 workers of 6 for evacuation
[562.482s][info][gc,heap        ] GC(850) ParNew: 432511K->40649K(460096K)
[562.482s][info][gc,heap        ] GC(850) CMS: 97669K->97669K(3683136K)
[562.482s][info][gc,metaspace   ] GC(850) Metaspace: 145620K(159212K)->145620K(159212K) NonClass: 126826K(133596K)->126826K(133596K) Class: 18793K(25616K)->18793K(25616K)
[562.482s][info][gc             ] GC(850) Pause Young (Allocation Failure) 517M->135M(4046M) 9.365ms
[562.482s][info][gc,cpu         ] GC(850) User=0.02s Sys=0.00s Real=0.02s
[562.657s][info][gc,start       ] GC(851) Pause Young (Allocation Failure)
[562.657s][info][gc,task        ] GC(851) Using 6 workers of 6 for evacuation
[562.668s][info][gc,heap        ] GC(851) ParNew: 449650K->34485K(460096K)
[562.668s][info][gc,heap        ] GC(851) CMS: 97669K->114697K(3683136K)
[562.668s][info][gc,metaspace   ] GC(851) Metaspace: 145622K(159212K)->145622K(159212K) NonClass: 126828K(133596K)->126828K(133596K) Class: 18793K(25616K)->18793K(25616K)
[562.668s][info][gc             ] GC(851) Pause Young (Allocation Failure) 534M->145M(4046M) 11.265ms
[562.669s][info][gc,cpu         ] GC(851) User=0.03s Sys=0.00s Real=0.02s
[563.231s][info][gc,start       ] GC(852) Pause Young (Allocation Failure)
[563.231s][info][gc,task        ] GC(852) Using 6 workers of 6 for evacuation
[563.240s][info][gc,heap        ] GC(852) ParNew: 443509K->24523K(460096K)
[563.240s][info][gc,heap        ] GC(852) CMS: 114697K->124162K(3683136K)
[563.240s][info][gc,metaspace   ] GC(852) Metaspace: 145626K(159212K)->145626K(159212K) NonClass: 126832K(133596K)->126832K(133596K) Class: 18793K(25616K)->18793K(25616K)
[563.240s][info][gc             ] GC(852) Pause Young (Allocation Failure) 545M->145M(4046M) 9.085ms
[563.240s][info][gc,cpu         ] GC(852) User=0.00s Sys=0.00s Real=0.00s
[564.850s][info][gc,start       ] GC(853) Pause Young (Allocation Failure)
[564.850s][info][gc,task        ] GC(853) Using 6 workers of 6 for evacuation
[564.858s][info][gc,heap        ] GC(853) ParNew: 433547K->13906K(460096K)
[564.858s][info][gc,heap        ] GC(853) CMS: 124162K->124162K(3683136K)
[564.858s][info][gc,metaspace   ] GC(853) Metaspace: 145626K(159212K)->145626K(159212K) NonClass: 126832K(133596K)->126832K(133596K) Class: 18793K(25616K)->18793K(25616K)
[564.858s][info][gc             ] GC(853) Pause Young (Allocation Failure) 544M->134M(4046M) 8.485ms
[564.858s][info][gc,cpu         ] GC(853) User=0.00s Sys=0.00s Real=0.02s
[566.427s][info][gc,start       ] GC(854) Pause Young (Allocation Failure)
[566.427s][info][gc,task        ] GC(854) Using 6 workers of 6 for evacuation
[566.435s][info][gc,heap        ] GC(854) ParNew: 422930K->17938K(460096K)
[566.435s][info][gc,heap        ] GC(854) CMS: 124162K->124162K(3683136K)
[566.435s][info][gc,metaspace   ] GC(854) Metaspace: 145629K(159212K)->145629K(159212K) NonClass: 126835K(133596K)->126835K(133596K) Class: 18793K(25616K)->18793K(25616K)
[566.435s][info][gc             ] GC(854) Pause Young (Allocation Failure) 534M->138M(4046M) 8.382ms
[566.436s][info][gc,cpu         ] GC(854) User=0.00s Sys=0.00s Real=0.00s
[567.927s][info][gc,start       ] GC(855) Pause Young (Allocation Failure)
[567.927s][info][gc,task        ] GC(855) Using 6 workers of 6 for evacuation
[567.933s][info][gc,heap        ] GC(855) ParNew: 426198K->14135K(460096K)
[567.933s][info][gc,heap        ] GC(855) CMS: 124162K->124162K(3683136K)
[567.933s][info][gc,metaspace   ] GC(855) Metaspace: 145629K(159212K)->145629K(159212K) NonClass: 126835K(133596K)->126835K(133596K) Class: 18793K(25616K)->18793K(25616K)
[567.933s][info][gc             ] GC(855) Pause Young (Allocation Failure) 537M->135M(4046M) 6.634ms
[567.933s][info][gc,cpu         ] GC(855) User=0.00s Sys=0.00s Real=0.00s
[568.376s][info][gc,start       ] GC(856) Pause Full (System.gc())
[568.379s][info][gc,phases,start] GC(856) Phase 1: Mark live objects
[568.454s][info][gc,phases      ] GC(856) Phase 1: Mark live objects 75.031ms
[568.454s][info][gc,phases,start] GC(856) Phase 2: Compute new object addresses
[568.495s][info][gc,phases      ] GC(856) Phase 2: Compute new object addresses 41.207ms
[568.495s][info][gc,phases,start] GC(856) Phase 3: Adjust pointers
[568.540s][info][gc,phases      ] GC(856) Phase 3: Adjust pointers 45.480ms
[568.540s][info][gc,phases,start] GC(856) Phase 4: Move objects
[568.546s][info][gc,phases      ] GC(856) Phase 4: Move objects 5.040ms
[568.549s][info][gc,heap        ] GC(856) ParNew: 282785K->0K(460096K)
[568.549s][info][gc,heap        ] GC(856) CMS: 124162K->73443K(3683136K)
[568.549s][info][gc,metaspace   ] GC(856) Metaspace: 145635K(159212K)->145635K(159212K) NonClass: 126841K(133596K)->126841K(133596K) Class: 18793K(25616K)->18793K(25616K)
[568.550s][info][gc             ] GC(856) Pause Full (System.gc()) 397M->71M(4046M) 173.449ms
[568.550s][info][gc,cpu         ] GC(856) User=0.16s Sys=0.00s Real=0.17s
[568.664s][info][gc,start       ] GC(857) Pause Young (Allocation Failure)
[568.664s][info][gc,task        ] GC(857) Using 6 workers of 6 for evacuation
[568.672s][info][gc,heap        ] GC(857) ParNew: 409024K->20208K(460096K)
[568.672s][info][gc,heap        ] GC(857) CMS: 73443K->73443K(3683136K)
[568.672s][info][gc,metaspace   ] GC(857) Metaspace: 145635K(159212K)->145635K(159212K) NonClass: 126842K(133596K)->126842K(133596K) Class: 18793K(25616K)->18793K(25616K)
[568.672s][info][gc             ] GC(857) Pause Young (Allocation Failure) 471M->91M(4046M) 7.734ms
[568.672s][info][gc,cpu         ] GC(857) User=0.02s Sys=0.00s Real=0.02s
[568.831s][info][gc,start       ] GC(858) Pause Young (Allocation Failure)
[568.831s][info][gc,task        ] GC(858) Using 6 workers of 6 for evacuation
[568.841s][info][gc,heap        ] GC(858) ParNew: 428727K->48378K(460096K)
[568.841s][info][gc,heap        ] GC(858) CMS: 73443K->73443K(3683136K)
[568.841s][info][gc,metaspace   ] GC(858) Metaspace: 145635K(159212K)->145635K(159212K) NonClass: 126842K(133596K)->126842K(133596K) Class: 18793K(25616K)->18793K(25616K)
[568.841s][info][gc             ] GC(858) Pause Young (Allocation Failure) 490M->118M(4046M) 9.926ms
[568.841s][info][gc,cpu         ] GC(858) User=0.00s Sys=0.00s Real=0.00s
[568.894s][info][gc,start       ] GC(859) Pause Young (Allocation Failure)
[568.894s][info][gc,task        ] GC(859) Using 6 workers of 6 for evacuation
[568.904s][info][gc,heap        ] GC(859) ParNew: 454484K->26161K(460096K)
[568.905s][info][gc,heap        ] GC(859) CMS: 73443K->97565K(3683136K)
[568.905s][info][gc,metaspace   ] GC(859) Metaspace: 145635K(159212K)->145635K(159212K) NonClass: 126842K(133596K)->126842K(133596K) Class: 18793K(25616K)->18793K(25616K)
[568.905s][info][gc             ] GC(859) Pause Young (Allocation Failure) 515M->120M(4046M) 10.969ms
[568.905s][info][gc,cpu         ] GC(859) User=0.00s Sys=0.00s Real=0.01s
[569.080s][info][gc,start       ] GC(860) Pause Young (Allocation Failure)
[569.080s][info][gc,task        ] GC(860) Using 6 workers of 6 for evacuation
[569.088s][info][gc,heap        ] GC(860) ParNew: 435065K->23196K(460096K)
[569.088s][info][gc,heap        ] GC(860) CMS: 97565K->97565K(3683136K)
[569.088s][info][gc,metaspace   ] GC(860) Metaspace: 145636K(159212K)->145636K(159212K) NonClass: 126842K(133596K)->126842K(133596K) Class: 18793K(25616K)->18793K(25616K)
[569.088s][info][gc             ] GC(860) Pause Young (Allocation Failure) 520M->117M(4046M) 7.792ms
[569.088s][info][gc,cpu         ] GC(860) User=0.00s Sys=0.00s Real=0.00s
[569.138s][info][gc,start       ] GC(861) Pause Young (Allocation Failure)
[569.138s][info][gc,task        ] GC(861) Using 6 workers of 6 for evacuation
[569.146s][info][gc,heap        ] GC(861) ParNew: 432220K->36813K(460096K)
[569.147s][info][gc,heap        ] GC(861) CMS: 97565K->97565K(3683136K)
[569.147s][info][gc,metaspace   ] GC(861) Metaspace: 145636K(159212K)->145636K(159212K) NonClass: 126842K(133596K)->126842K(133596K) Class: 18793K(25616K)->18793K(25616K)
[569.147s][info][gc             ] GC(861) Pause Young (Allocation Failure) 517M->131M(4046M) 8.914ms
[569.147s][info][gc,cpu         ] GC(861) User=0.02s Sys=0.00s Real=0.02s
[569.329s][info][gc,start       ] GC(862) Pause Young (Allocation Failure)
[569.329s][info][gc,task        ] GC(862) Using 6 workers of 6 for evacuation
[569.340s][info][gc,heap        ] GC(862) ParNew: 445837K->36207K(460096K)
[569.340s][info][gc,heap        ] GC(862) CMS: 97565K->115047K(3683136K)
[569.340s][info][gc,metaspace   ] GC(862) Metaspace: 145636K(159212K)->145636K(159212K) NonClass: 126842K(133596K)->126842K(133596K) Class: 18793K(25616K)->18793K(25616K)
[569.340s][info][gc             ] GC(862) Pause Young (Allocation Failure) 530M->147M(4046M) 11.727ms
[569.340s][info][gc,cpu         ] GC(862) User=0.00s Sys=0.00s Real=0.01s
[569.903s][info][gc,start       ] GC(863) Pause Young (Allocation Failure)
[569.903s][info][gc,task        ] GC(863) Using 6 workers of 6 for evacuation
[569.910s][info][gc,heap        ] GC(863) ParNew: 445231K->21323K(460096K)
[569.911s][info][gc,heap        ] GC(863) CMS: 115047K->124512K(3683136K)
[569.911s][info][gc,metaspace   ] GC(863) Metaspace: 145636K(159212K)->145636K(159212K) NonClass: 126842K(133596K)->126842K(133596K) Class: 18793K(25616K)->18793K(25616K)
[569.911s][info][gc             ] GC(863) Pause Young (Allocation Failure) 547M->142M(4046M) 7.930ms
[569.911s][info][gc,cpu         ] GC(863) User=0.02s Sys=0.00s Real=0.01s
[571.500s][info][gc,start       ] GC(864) Pause Young (Allocation Failure)
[571.500s][info][gc,task        ] GC(864) Using 6 workers of 6 for evacuation
[571.507s][info][gc,heap        ] GC(864) ParNew: 430347K->15540K(460096K)
[571.507s][info][gc,heap        ] GC(864) CMS: 124512K->124512K(3683136K)
[571.507s][info][gc,metaspace   ] GC(864) Metaspace: 145636K(159212K)->145636K(159212K) NonClass: 126842K(133596K)->126842K(133596K) Class: 18793K(25616K)->18793K(25616K)
[571.507s][info][gc             ] GC(864) Pause Young (Allocation Failure) 541M->136M(4046M) 6.951ms
[571.507s][info][gc,cpu         ] GC(864) User=0.02s Sys=0.00s Real=0.01s
[573.066s][info][gc,start       ] GC(865) Pause Young (Allocation Failure)
[573.066s][info][gc,task        ] GC(865) Using 6 workers of 6 for evacuation
[573.074s][info][gc,heap        ] GC(865) ParNew: 424564K->18350K(460096K)
[573.074s][info][gc,heap        ] GC(865) CMS: 124512K->124512K(3683136K)
[573.074s][info][gc,metaspace   ] GC(865) Metaspace: 145636K(159212K)->145636K(159212K) NonClass: 126842K(133596K)->126842K(133596K) Class: 18793K(25616K)->18793K(25616K)
[573.074s][info][gc             ] GC(865) Pause Young (Allocation Failure) 536M->139M(4046M) 8.225ms
[573.074s][info][gc,cpu         ] GC(865) User=0.00s Sys=0.00s Real=0.00s
[574.573s][info][gc,start       ] GC(866) Pause Young (Allocation Failure)
[574.573s][info][gc,task        ] GC(866) Using 6 workers of 6 for evacuation
[574.580s][info][gc,heap        ] GC(866) ParNew: 425717K->15358K(460096K)
[574.580s][info][gc,heap        ] GC(866) CMS: 124512K->124512K(3683136K)
[574.580s][info][gc,metaspace   ] GC(866) Metaspace: 145636K(159212K)->145636K(159212K) NonClass: 126842K(133596K)->126842K(133596K) Class: 18793K(25616K)->18793K(25616K)
[574.580s][info][gc             ] GC(866) Pause Young (Allocation Failure) 537M->136M(4046M) 6.887ms
[574.580s][info][gc,cpu         ] GC(866) User=0.00s Sys=0.00s Real=0.00s
[575.021s][info][gc,start       ] GC(867) Pause Full (System.gc())
[575.025s][info][gc,phases,start] GC(867) Phase 1: Mark live objects
[575.098s][info][gc,phases      ] GC(867) Phase 1: Mark live objects 72.860ms
[575.098s][info][gc,phases,start] GC(867) Phase 2: Compute new object addresses
[575.139s][info][gc,phases      ] GC(867) Phase 2: Compute new object addresses 41.201ms
[575.139s][info][gc,phases,start] GC(867) Phase 3: Adjust pointers
[575.184s][info][gc,phases      ] GC(867) Phase 3: Adjust pointers 45.088ms
[575.184s][info][gc,phases,start] GC(867) Phase 4: Move objects
[575.190s][info][gc,phases      ] GC(867) Phase 4: Move objects 6.111ms
[575.194s][info][gc,heap        ] GC(867) ParNew: 282169K->0K(460096K)
[575.194s][info][gc,heap        ] GC(867) CMS: 124512K->73171K(3683136K)
[575.194s][info][gc,metaspace   ] GC(867) Metaspace: 145644K(159212K)->145644K(159212K) NonClass: 126850K(133596K)->126850K(133596K) Class: 18793K(25616K)->18793K(25616K)
[575.195s][info][gc             ] GC(867) Pause Full (System.gc()) 397M->71M(4046M) 173.714ms
[575.195s][info][gc,cpu         ] GC(867) User=0.17s Sys=0.00s Real=0.17s
[575.315s][info][gc,start       ] GC(868) Pause Young (Allocation Failure)
[575.315s][info][gc,task        ] GC(868) Using 6 workers of 6 for evacuation
[575.323s][info][gc,heap        ] GC(868) ParNew: 409024K->19624K(460096K)
[575.323s][info][gc,heap        ] GC(868) CMS: 73171K->73171K(3683136K)
[575.323s][info][gc,metaspace   ] GC(868) Metaspace: 145645K(159212K)->145645K(159212K) NonClass: 126851K(133596K)->126851K(133596K) Class: 18793K(25616K)->18793K(25616K)
[575.323s][info][gc             ] GC(868) Pause Young (Allocation Failure) 470M->90M(4046M) 7.632ms
[575.323s][info][gc,cpu         ] GC(868) User=0.00s Sys=0.00s Real=0.00s
[575.488s][info][gc,start       ] GC(869) Pause Young (Allocation Failure)
[575.488s][info][gc,task        ] GC(869) Using 6 workers of 6 for evacuation
[575.497s][info][gc,heap        ] GC(869) ParNew: 425643K->44653K(460096K)
[575.498s][info][gc,heap        ] GC(869) CMS: 73171K->73171K(3683136K)
[575.498s][info][gc,metaspace   ] GC(869) Metaspace: 145645K(159212K)->145645K(159212K) NonClass: 126851K(133596K)->126851K(133596K) Class: 18793K(25616K)->18793K(25616K)
[575.498s][info][gc             ] GC(869) Pause Young (Allocation Failure) 487M->115M(4046M) 9.401ms
[575.498s][info][gc,cpu         ] GC(869) User=0.00s Sys=0.00s Real=0.02s
[575.552s][info][gc,start       ] GC(870) Pause Young (Allocation Failure)
[575.552s][info][gc,task        ] GC(870) Using 6 workers of 6 for evacuation
[575.561s][info][gc,heap        ] GC(870) ParNew: 451125K->30403K(460096K)
[575.561s][info][gc,heap        ] GC(870) CMS: 73171K->97286K(3683136K)
[575.561s][info][gc,metaspace   ] GC(870) Metaspace: 145645K(159212K)->145645K(159212K) NonClass: 126851K(133596K)->126851K(133596K) Class: 18793K(25616K)->18793K(25616K)
[575.561s][info][gc             ] GC(870) Pause Young (Allocation Failure) 512M->124M(4046M) 9.694ms
[575.561s][info][gc,cpu         ] GC(870) User=0.02s Sys=0.00s Real=0.02s
[575.734s][info][gc,start       ] GC(871) Pause Young (Allocation Failure)
[575.734s][info][gc,task        ] GC(871) Using 6 workers of 6 for evacuation
[575.742s][info][gc,heap        ] GC(871) ParNew: 436865K->23499K(460096K)
[575.742s][info][gc,heap        ] GC(871) CMS: 97286K->97286K(3683136K)
[575.742s][info][gc,metaspace   ] GC(871) Metaspace: 145645K(159212K)->145645K(159212K) NonClass: 126851K(133596K)->126851K(133596K) Class: 18793K(25616K)->18793K(25616K)
[575.742s][info][gc             ] GC(871) Pause Young (Allocation Failure) 521M->117M(4046M) 7.940ms
[575.742s][info][gc,cpu         ] GC(871) User=0.00s Sys=0.00s Real=0.00s
[575.794s][info][gc,start       ] GC(872) Pause Young (Allocation Failure)
[575.794s][info][gc,task        ] GC(872) Using 6 workers of 6 for evacuation
[575.803s][info][gc,heap        ] GC(872) ParNew: 429614K->32880K(460096K)
[575.803s][info][gc,heap        ] GC(872) CMS: 97286K->97286K(3683136K)
[575.803s][info][gc,metaspace   ] GC(872) Metaspace: 145645K(159212K)->145645K(159212K) NonClass: 126851K(133596K)->126851K(133596K) Class: 18793K(25616K)->18793K(25616K)
[575.803s][info][gc             ] GC(872) Pause Young (Allocation Failure) 514M->127M(4046M) 9.119ms
[575.803s][info][gc,cpu         ] GC(872) User=0.02s Sys=0.00s Real=0.02s
[575.963s][info][gc,start       ] GC(873) Pause Young (Allocation Failure)
[575.963s][info][gc,task        ] GC(873) Using 6 workers of 6 for evacuation
[575.975s][info][gc,heap        ] GC(873) ParNew: 441136K->38797K(460096K)
[575.975s][info][gc,heap        ] GC(873) CMS: 97286K->114751K(3683136K)
[575.975s][info][gc,metaspace   ] GC(873) Metaspace: 145645K(159212K)->145645K(159212K) NonClass: 126851K(133596K)->126851K(133596K) Class: 18793K(25616K)->18793K(25616K)
[575.975s][info][gc             ] GC(873) Pause Young (Allocation Failure) 525M->149M(4046M) 11.625ms
[575.975s][info][gc,cpu         ] GC(873) User=0.02s Sys=0.00s Real=0.02s
[576.534s][info][gc,start       ] GC(874) Pause Young (GCLocker Initiated GC)
[576.534s][info][gc,task        ] GC(874) Using 6 workers of 6 for evacuation
[576.543s][info][gc,heap        ] GC(874) ParNew: 447821K->22925K(460096K)
[576.543s][info][gc,heap        ] GC(874) CMS: 114751K->122655K(3683136K)
[576.543s][info][gc,metaspace   ] GC(874) Metaspace: 145651K(159212K)->145651K(159212K) NonClass: 126857K(133596K)->126857K(133596K) Class: 18793K(25616K)->18793K(25616K)
[576.543s][info][gc             ] GC(874) Pause Young (GCLocker Initiated GC) 549M->142M(4046M) 8.860ms
[576.543s][info][gc,cpu         ] GC(874) User=0.00s Sys=0.00s Real=0.00s
[578.080s][info][gc,start       ] GC(875) Pause Young (Allocation Failure)
[578.080s][info][gc,task        ] GC(875) Using 6 workers of 6 for evacuation
[578.088s][info][gc,heap        ] GC(875) ParNew: 431949K->15287K(460096K)
[578.088s][info][gc,heap        ] GC(875) CMS: 122655K->122655K(3683136K)
[578.088s][info][gc,metaspace   ] GC(875) Metaspace: 145651K(159212K)->145651K(159212K) NonClass: 126857K(133596K)->126857K(133596K) Class: 18793K(25616K)->18793K(25616K)
[578.088s][info][gc             ] GC(875) Pause Young (Allocation Failure) 541M->134M(4046M) 7.976ms
[578.088s][info][gc,cpu         ] GC(875) User=0.02s Sys=0.00s Real=0.02s
[579.666s][info][gc,start       ] GC(876) Pause Young (Allocation Failure)
[579.667s][info][gc,task        ] GC(876) Using 6 workers of 6 for evacuation
[579.675s][info][gc,heap        ] GC(876) ParNew: 424311K->18861K(460096K)
[579.675s][info][gc,heap        ] GC(876) CMS: 122655K->122655K(3683136K)
[579.675s][info][gc,metaspace   ] GC(876) Metaspace: 145651K(159212K)->145651K(159212K) NonClass: 126857K(133596K)->126857K(133596K) Class: 18793K(25616K)->18793K(25616K)
[579.675s][info][gc             ] GC(876) Pause Young (Allocation Failure) 534M->138M(4046M) 8.306ms
[579.675s][info][gc,cpu         ] GC(876) User=0.02s Sys=0.00s Real=0.02s
[581.088s][info][gc,start       ] GC(877) Pause Young (Allocation Failure)
[581.088s][info][gc,task        ] GC(877) Using 6 workers of 6 for evacuation
[581.095s][info][gc,heap        ] GC(877) ParNew: 427885K->15160K(460096K)
[581.095s][info][gc,heap        ] GC(877) CMS: 122655K->122655K(3683136K)
[581.095s][info][gc,metaspace   ] GC(877) Metaspace: 145651K(159212K)->145651K(159212K) NonClass: 126857K(133596K)->126857K(133596K) Class: 18793K(25616K)->18793K(25616K)
[581.095s][info][gc             ] GC(877) Pause Young (Allocation Failure) 537M->134M(4046M) 7.482ms
[581.095s][info][gc,cpu         ] GC(877) User=0.00s Sys=0.00s Real=0.00s
[581.640s][info][gc,start       ] GC(878) Pause Full (System.gc())
[581.643s][info][gc,phases,start] GC(878) Phase 1: Mark live objects
[581.721s][info][gc,phases      ] GC(878) Phase 1: Mark live objects 77.820ms
[581.721s][info][gc,phases,start] GC(878) Phase 2: Compute new object addresses
[581.763s][info][gc,phases      ] GC(878) Phase 2: Compute new object addresses 42.854ms
[581.763s][info][gc,phases,start] GC(878) Phase 3: Adjust pointers
[581.811s][info][gc,phases      ] GC(878) Phase 3: Adjust pointers 47.370ms
[581.811s][info][gc,phases,start] GC(878) Phase 4: Move objects
[581.816s][info][gc,phases      ] GC(878) Phase 4: Move objects 5.114ms
[581.820s][info][gc,heap        ] GC(878) ParNew: 293653K->0K(460096K)
[581.820s][info][gc,heap        ] GC(878) CMS: 122655K->73479K(3683136K)
[581.820s][info][gc,metaspace   ] GC(878) Metaspace: 145651K(159212K)->145651K(159212K) NonClass: 126857K(133596K)->126857K(133596K) Class: 18793K(25616K)->18793K(25616K)
[581.821s][info][gc             ] GC(878) Pause Full (System.gc()) 406M->71M(4046M) 180.843ms
[581.821s][info][gc,cpu         ] GC(878) User=0.17s Sys=0.00s Real=0.17s
[581.937s][info][gc,start       ] GC(879) Pause Young (Allocation Failure)
[581.938s][info][gc,task        ] GC(879) Using 6 workers of 6 for evacuation
[581.946s][info][gc,heap        ] GC(879) ParNew: 409024K->22197K(460096K)
[581.946s][info][gc,heap        ] GC(879) CMS: 73479K->73479K(3683136K)
[581.946s][info][gc,metaspace   ] GC(879) Metaspace: 145654K(159212K)->145654K(159212K) NonClass: 126861K(133596K)->126861K(133596K) Class: 18793K(25616K)->18793K(25616K)
[581.947s][info][gc             ] GC(879) Pause Young (Allocation Failure) 471M->93M(4046M) 9.028ms
[581.947s][info][gc,cpu         ] GC(879) User=0.05s Sys=0.00s Real=0.00s
[582.110s][info][gc,start       ] GC(880) Pause Young (Allocation Failure)
[582.110s][info][gc,task        ] GC(880) Using 6 workers of 6 for evacuation
[582.120s][info][gc,heap        ] GC(880) ParNew: 428813K->51072K(460096K)
[582.120s][info][gc,heap        ] GC(880) CMS: 73479K->73479K(3683136K)
[582.120s][info][gc,metaspace   ] GC(880) Metaspace: 145654K(159212K)->145654K(159212K) NonClass: 126861K(133596K)->126861K(133596K) Class: 18793K(25616K)->18793K(25616K)
[582.120s][info][gc             ] GC(880) Pause Young (Allocation Failure) 490M->121M(4046M) 10.345ms
[582.120s][info][gc,cpu         ] GC(880) User=0.02s Sys=0.00s Real=0.02s
[582.176s][info][gc,start       ] GC(881) Pause Young (GCLocker Initiated GC)
[582.176s][info][gc,task        ] GC(881) Using 6 workers of 6 for evacuation
[582.186s][info][gc,heap        ] GC(881) ParNew: 459588K->30812K(460096K)
[582.186s][info][gc,heap        ] GC(881) CMS: 77575K->102171K(3683136K)
[582.186s][info][gc,metaspace   ] GC(881) Metaspace: 145654K(159212K)->145654K(159212K) NonClass: 126861K(133596K)->126861K(133596K) Class: 18793K(25616K)->18793K(25616K)
[582.186s][info][gc             ] GC(881) Pause Young (GCLocker Initiated GC) 524M->129M(4046M) 9.758ms
[582.186s][info][gc,cpu         ] GC(881) User=0.02s Sys=0.00s Real=0.02s
[582.373s][info][gc,start       ] GC(882) Pause Young (Allocation Failure)
[582.373s][info][gc,task        ] GC(882) Using 6 workers of 6 for evacuation
[582.380s][info][gc,heap        ] GC(882) ParNew: 439041K->21523K(460096K)
[582.380s][info][gc,heap        ] GC(882) CMS: 102171K->102171K(3683136K)
[582.380s][info][gc,metaspace   ] GC(882) Metaspace: 145654K(159212K)->145654K(159212K) NonClass: 126861K(133596K)->126861K(133596K) Class: 18793K(25616K)->18793K(25616K)
[582.380s][info][gc             ] GC(882) Pause Young (Allocation Failure) 528M->120M(4046M) 7.353ms
[582.380s][info][gc,cpu         ] GC(882) User=0.00s Sys=0.00s Real=0.00s
[582.430s][info][gc,start       ] GC(883) Pause Young (Allocation Failure)
[582.430s][info][gc,task        ] GC(883) Using 6 workers of 6 for evacuation
[582.439s][info][gc,heap        ] GC(883) ParNew: 430547K->48680K(460096K)
[582.439s][info][gc,heap        ] GC(883) CMS: 102171K->102171K(3683136K)
[582.439s][info][gc,metaspace   ] GC(883) Metaspace: 145654K(159212K)->145654K(159212K) NonClass: 126861K(133596K)->126861K(133596K) Class: 18793K(25616K)->18793K(25616K)
[582.439s][info][gc             ] GC(883) Pause Young (Allocation Failure) 520M->147M(4046M) 9.446ms
[582.439s][info][gc,cpu         ] GC(883) User=0.00s Sys=0.00s Real=0.01s
[582.603s][info][gc,start       ] GC(884) Pause Young (Allocation Failure)
[582.603s][info][gc,task        ] GC(884) Using 6 workers of 6 for evacuation
[582.614s][info][gc,heap        ] GC(884) ParNew: 457704K->38512K(460096K)
[582.614s][info][gc,heap        ] GC(884) CMS: 102171K->119190K(3683136K)
[582.614s][info][gc,metaspace   ] GC(884) Metaspace: 145654K(159212K)->145654K(159212K) NonClass: 126861K(133596K)->126861K(133596K) Class: 18793K(25616K)->18793K(25616K)
[582.614s][info][gc             ] GC(884) Pause Young (Allocation Failure) 546M->154M(4046M) 11.170ms
[582.614s][info][gc,cpu         ] GC(884) User=0.02s Sys=0.00s Real=0.02s
[583.180s][info][gc,start       ] GC(885) Pause Young (Allocation Failure)
[583.180s][info][gc,task        ] GC(885) Using 6 workers of 6 for evacuation
[583.189s][info][gc,heap        ] GC(885) ParNew: 447536K->25443K(460096K)
[583.189s][info][gc,heap        ] GC(885) CMS: 119190K->128655K(3683136K)
[583.189s][info][gc,metaspace   ] GC(885) Metaspace: 145654K(159212K)->145654K(159212K) NonClass: 126861K(133596K)->126861K(133596K) Class: 18793K(25616K)->18793K(25616K)
[583.189s][info][gc             ] GC(885) Pause Young (Allocation Failure) 553M->150M(4046M) 8.961ms
[583.189s][info][gc,cpu         ] GC(885) User=0.02s Sys=0.00s Real=0.02s
[584.797s][info][gc,start       ] GC(886) Pause Young (Allocation Failure)
[584.797s][info][gc,task        ] GC(886) Using 6 workers of 6 for evacuation
[584.804s][info][gc,heap        ] GC(886) ParNew: 434467K->14875K(460096K)
[584.804s][info][gc,heap        ] GC(886) CMS: 128655K->128655K(3683136K)
[584.804s][info][gc,metaspace   ] GC(886) Metaspace: 145654K(159212K)->145654K(159212K) NonClass: 126861K(133596K)->126861K(133596K) Class: 18793K(25616K)->18793K(25616K)
[584.804s][info][gc             ] GC(886) Pause Young (Allocation Failure) 549M->140M(4046M) 7.240ms
[584.804s][info][gc,cpu         ] GC(886) User=0.00s Sys=0.00s Real=0.02s
[586.364s][info][gc,start       ] GC(887) Pause Young (Allocation Failure)
[586.364s][info][gc,task        ] GC(887) Using 6 workers of 6 for evacuation
[586.372s][info][gc,heap        ] GC(887) ParNew: 423899K->21125K(460096K)
[586.372s][info][gc,heap        ] GC(887) CMS: 128655K->128655K(3683136K)
[586.372s][info][gc,metaspace   ] GC(887) Metaspace: 145654K(159212K)->145654K(159212K) NonClass: 126861K(133596K)->126861K(133596K) Class: 18793K(25616K)->18793K(25616K)
[586.372s][info][gc             ] GC(887) Pause Young (Allocation Failure) 539M->146M(4046M) 8.014ms
[586.372s][info][gc,cpu         ] GC(887) User=0.00s Sys=0.00s Real=0.00s
[587.846s][info][gc,start       ] GC(888) Pause Young (Allocation Failure)
[587.846s][info][gc,task        ] GC(888) Using 6 workers of 6 for evacuation
[587.853s][info][gc,heap        ] GC(888) ParNew: 426877K->14616K(460096K)
[587.853s][info][gc,heap        ] GC(888) CMS: 128655K->128655K(3683136K)
[587.853s][info][gc,metaspace   ] GC(888) Metaspace: 145654K(159212K)->145654K(159212K) NonClass: 126861K(133596K)->126861K(133596K) Class: 18793K(25616K)->18793K(25616K)
[587.853s][info][gc             ] GC(888) Pause Young (Allocation Failure) 542M->139M(4046M) 7.465ms
[587.853s][info][gc,cpu         ] GC(888) User=0.00s Sys=0.00s Real=0.01s
[588.298s][info][gc,start       ] GC(889) Pause Full (System.gc())
[588.301s][info][gc,phases,start] GC(889) Phase 1: Mark live objects
[588.374s][info][gc,phases      ] GC(889) Phase 1: Mark live objects 72.958ms
[588.374s][info][gc,phases,start] GC(889) Phase 2: Compute new object addresses
[588.415s][info][gc,phases      ] GC(889) Phase 2: Compute new object addresses 41.356ms
[588.415s][info][gc,phases,start] GC(889) Phase 3: Adjust pointers
[588.461s][info][gc,phases      ] GC(889) Phase 3: Adjust pointers 46.155ms
[588.461s][info][gc,phases,start] GC(889) Phase 4: Move objects
[588.467s][info][gc,phases      ] GC(889) Phase 4: Move objects 5.186ms
[588.470s][info][gc,heap        ] GC(889) ParNew: 282276K->0K(460096K)
[588.470s][info][gc,heap        ] GC(889) CMS: 128655K->73247K(3683136K)
[588.470s][info][gc,metaspace   ] GC(889) Metaspace: 145660K(159212K)->145660K(159212K) NonClass: 126865K(133596K)->126865K(133596K) Class: 18794K(25616K)->18794K(25616K)
[588.471s][info][gc             ] GC(889) Pause Full (System.gc()) 401M->71M(4046M) 172.534ms
[588.471s][info][gc,cpu         ] GC(889) User=0.19s Sys=0.00s Real=0.17s
[588.594s][info][gc,start       ] GC(890) Pause Young (Allocation Failure)
[588.594s][info][gc,task        ] GC(890) Using 6 workers of 6 for evacuation
[588.602s][info][gc,heap        ] GC(890) ParNew: 409024K->20755K(460096K)
[588.602s][info][gc,heap        ] GC(890) CMS: 73247K->73247K(3683136K)
[588.602s][info][gc,metaspace   ] GC(890) Metaspace: 145660K(159212K)->145660K(159212K) NonClass: 126865K(133596K)->126865K(133596K) Class: 18794K(25616K)->18794K(25616K)
[588.602s][info][gc             ] GC(890) Pause Young (Allocation Failure) 470M->91M(4046M) 8.207ms
[588.602s][info][gc,cpu         ] GC(890) User=0.02s Sys=0.00s Real=0.02s
[588.758s][info][gc,start       ] GC(891) Pause Young (Allocation Failure)
[588.758s][info][gc,task        ] GC(891) Using 6 workers of 6 for evacuation
[588.768s][info][gc,heap        ] GC(891) ParNew: 427366K->49934K(460096K)
[588.768s][info][gc,heap        ] GC(891) CMS: 73247K->73247K(3683136K)
[588.768s][info][gc,metaspace   ] GC(891) Metaspace: 145660K(159212K)->145660K(159212K) NonClass: 126865K(133596K)->126865K(133596K) Class: 18794K(25616K)->18794K(25616K)
[588.768s][info][gc             ] GC(891) Pause Young (Allocation Failure) 488M->120M(4046M) 10.221ms
[588.768s][info][gc,cpu         ] GC(891) User=0.02s Sys=0.00s Real=0.02s
[588.820s][info][gc,start       ] GC(892) Pause Young (Allocation Failure)
[588.820s][info][gc,task        ] GC(892) Using 6 workers of 6 for evacuation
[588.830s][info][gc,heap        ] GC(892) ParNew: 455685K->34834K(460096K)
[588.830s][info][gc,heap        ] GC(892) CMS: 73247K->97369K(3683136K)
[588.830s][info][gc,metaspace   ] GC(892) Metaspace: 145660K(159212K)->145660K(159212K) NonClass: 126865K(133596K)->126865K(133596K) Class: 18794K(25616K)->18794K(25616K)
[588.830s][info][gc             ] GC(892) Pause Young (Allocation Failure) 516M->129M(4046M) 10.134ms
[588.830s][info][gc,cpu         ] GC(892) User=0.02s Sys=0.00s Real=0.01s
[589.013s][info][gc,start       ] GC(893) Pause Young (Allocation Failure)
[589.013s][info][gc,task        ] GC(893) Using 6 workers of 6 for evacuation
[589.021s][info][gc,heap        ] GC(893) ParNew: 440000K->25558K(460096K)
[589.021s][info][gc,heap        ] GC(893) CMS: 97369K->97369K(3683136K)
[589.021s][info][gc,metaspace   ] GC(893) Metaspace: 145660K(159212K)->145660K(159212K) NonClass: 126865K(133596K)->126865K(133596K) Class: 18794K(25616K)->18794K(25616K)
[589.021s][info][gc             ] GC(893) Pause Young (Allocation Failure) 524M->120M(4046M) 8.054ms
[589.021s][info][gc,cpu         ] GC(893) User=0.00s Sys=0.00s Real=0.00s
[589.072s][info][gc,start       ] GC(894) Pause Young (Allocation Failure)
[589.072s][info][gc,task        ] GC(894) Using 6 workers of 6 for evacuation
[589.082s][info][gc,heap        ] GC(894) ParNew: 432663K->46792K(460096K)
[589.082s][info][gc,heap        ] GC(894) CMS: 97369K->97369K(3683136K)
[589.082s][info][gc,metaspace   ] GC(894) Metaspace: 145660K(159212K)->145660K(159212K) NonClass: 126865K(133596K)->126865K(133596K) Class: 18794K(25616K)->18794K(25616K)
[589.082s][info][gc             ] GC(894) Pause Young (Allocation Failure) 517M->140M(4046M) 10.159ms
[589.082s][info][gc,cpu         ] GC(894) User=0.02s Sys=0.00s Real=0.02s
[589.243s][info][gc,start       ] GC(895) Pause Young (Allocation Failure)
[589.243s][info][gc,task        ] GC(895) Using 6 workers of 6 for evacuation
[589.254s][info][gc,heap        ] GC(895) ParNew: 455701K->34583K(460096K)
[589.254s][info][gc,heap        ] GC(895) CMS: 97369K->114855K(3683136K)
[589.254s][info][gc,metaspace   ] GC(895) Metaspace: 145660K(159212K)->145660K(159212K) NonClass: 126865K(133596K)->126865K(133596K) Class: 18794K(25616K)->18794K(25616K)
[589.254s][info][gc             ] GC(895) Pause Young (Allocation Failure) 540M->145M(4046M) 11.037ms
[589.254s][info][gc,cpu         ] GC(895) User=0.02s Sys=0.00s Real=0.02s
[589.805s][info][gc,start       ] GC(896) Pause Young (GCLocker Initiated GC)
[589.805s][info][gc,task        ] GC(896) Using 6 workers of 6 for evacuation
[589.813s][info][gc,heap        ] GC(896) ParNew: 443607K->18922K(460096K)
[589.813s][info][gc,heap        ] GC(896) CMS: 114855K->122756K(3683136K)
[589.813s][info][gc,metaspace   ] GC(896) Metaspace: 145660K(159212K)->145660K(159212K) NonClass: 126865K(133596K)->126865K(133596K) Class: 18794K(25616K)->18794K(25616K)
[589.813s][info][gc             ] GC(896) Pause Young (GCLocker Initiated GC) 545M->138M(4046M) 7.939ms
[589.813s][info][gc,cpu         ] GC(896) User=0.02s Sys=0.00s Real=0.02s
[591.359s][info][gc,start       ] GC(897) Pause Young (Allocation Failure)
[591.359s][info][gc,task        ] GC(897) Using 6 workers of 6 for evacuation
[591.367s][info][gc,heap        ] GC(897) ParNew: 427946K->16288K(460096K)
[591.367s][info][gc,heap        ] GC(897) CMS: 122756K->122756K(3683136K)
[591.367s][info][gc,metaspace   ] GC(897) Metaspace: 145660K(159212K)->145660K(159212K) NonClass: 126865K(133596K)->126865K(133596K) Class: 18794K(25616K)->18794K(25616K)
[591.367s][info][gc             ] GC(897) Pause Young (Allocation Failure) 537M->135M(4046M) 8.347ms
[591.367s][info][gc,cpu         ] GC(897) User=0.02s Sys=0.00s Real=0.02s
[592.961s][info][gc,start       ] GC(898) Pause Young (Allocation Failure)
[592.961s][info][gc,task        ] GC(898) Using 6 workers of 6 for evacuation
[592.969s][info][gc,heap        ] GC(898) ParNew: 425312K->16461K(460096K)
[592.969s][info][gc,heap        ] GC(898) CMS: 122756K->122756K(3683136K)
[592.969s][info][gc,metaspace   ] GC(898) Metaspace: 145660K(159212K)->145660K(159212K) NonClass: 126865K(133596K)->126865K(133596K) Class: 18794K(25616K)->18794K(25616K)
[592.969s][info][gc             ] GC(898) Pause Young (Allocation Failure) 535M->135M(4046M) 7.644ms
[592.969s][info][gc,cpu         ] GC(898) User=0.02s Sys=0.00s Real=0.01s
[594.399s][info][gc,start       ] GC(899) Pause Young (Allocation Failure)
[594.399s][info][gc,task        ] GC(899) Using 6 workers of 6 for evacuation
[594.406s][info][gc,heap        ] GC(899) ParNew: 425485K->15222K(460096K)
[594.406s][info][gc,heap        ] GC(899) CMS: 122756K->122756K(3683136K)
[594.406s][info][gc,metaspace   ] GC(899) Metaspace: 145660K(159212K)->145660K(159212K) NonClass: 126865K(133596K)->126865K(133596K) Class: 18794K(25616K)->18794K(25616K)
[594.406s][info][gc             ] GC(899) Pause Young (Allocation Failure) 535M->134M(4046M) 7.169ms
[594.406s][info][gc,cpu         ] GC(899) User=0.00s Sys=0.00s Real=0.00s
[594.926s][info][gc,start       ] GC(900) Pause Full (System.gc())
[594.929s][info][gc,phases,start] GC(900) Phase 1: Mark live objects
[595.002s][info][gc,phases      ] GC(900) Phase 1: Mark live objects 73.640ms
[595.002s][info][gc,phases,start] GC(900) Phase 2: Compute new object addresses
[595.044s][info][gc,phases      ] GC(900) Phase 2: Compute new object addresses 41.691ms
[595.044s][info][gc,phases,start] GC(900) Phase 3: Adjust pointers
[595.089s][info][gc,phases      ] GC(900) Phase 3: Adjust pointers 44.764ms
[595.089s][info][gc,phases,start] GC(900) Phase 4: Move objects
[595.094s][info][gc,phases      ] GC(900) Phase 4: Move objects 4.972ms
[595.097s][info][gc,heap        ] GC(900) ParNew: 295433K->0K(460096K)
[595.097s][info][gc,heap        ] GC(900) CMS: 122756K->73629K(3683136K)
[595.097s][info][gc,metaspace   ] GC(900) Metaspace: 145670K(159212K)->145670K(159212K) NonClass: 126876K(133596K)->126876K(133596K) Class: 18794K(25616K)->18794K(25616K)
[595.098s][info][gc             ] GC(900) Pause Full (System.gc()) 408M->71M(4046M) 172.365ms
[595.098s][info][gc,cpu         ] GC(900) User=0.16s Sys=0.02s Real=0.17s
[595.229s][info][gc,start       ] GC(901) Pause Young (Allocation Failure)
[595.229s][info][gc,task        ] GC(901) Using 6 workers of 6 for evacuation
[595.237s][info][gc,heap        ] GC(901) ParNew: 409024K->21952K(460096K)
[595.237s][info][gc,heap        ] GC(901) CMS: 73629K->73629K(3683136K)
[595.237s][info][gc,metaspace   ] GC(901) Metaspace: 145686K(159212K)->145686K(159212K) NonClass: 126891K(133596K)->126891K(133596K) Class: 18794K(25616K)->18794K(25616K)
[595.237s][info][gc             ] GC(901) Pause Young (Allocation Failure) 471M->93M(4046M) 8.010ms
[595.237s][info][gc,cpu         ] GC(901) User=0.00s Sys=0.00s Real=0.00s
[595.399s][info][gc,start       ] GC(902) Pause Young (Allocation Failure)
[595.399s][info][gc,task        ] GC(902) Using 6 workers of 6 for evacuation
[595.409s][info][gc,heap        ] GC(902) ParNew: 429751K->51072K(460096K)
[595.409s][info][gc,heap        ] GC(902) CMS: 73629K->73629K(3683136K)
[595.409s][info][gc,metaspace   ] GC(902) Metaspace: 145686K(159212K)->145686K(159212K) NonClass: 126891K(133596K)->126891K(133596K) Class: 18794K(25616K)->18794K(25616K)
[595.409s][info][gc             ] GC(902) Pause Young (Allocation Failure) 491M->121M(4046M) 10.027ms
[595.409s][info][gc,cpu         ] GC(902) User=0.00s Sys=0.00s Real=0.00s
[595.464s][info][gc,start       ] GC(903) Pause Young (Allocation Failure)
[595.464s][info][gc,task        ] GC(903) Using 6 workers of 6 for evacuation
[595.475s][info][gc,heap        ] GC(903) ParNew: 456228K->34177K(460096K)
[595.475s][info][gc,heap        ] GC(903) CMS: 73629K->98058K(3683136K)
[595.475s][info][gc,metaspace   ] GC(903) Metaspace: 145686K(159212K)->145686K(159212K) NonClass: 126891K(133596K)->126891K(133596K) Class: 18794K(25616K)->18794K(25616K)
[595.475s][info][gc             ] GC(903) Pause Young (Allocation Failure) 517M->129M(4046M) 11.074ms
[595.475s][info][gc,cpu         ] GC(903) User=0.02s Sys=0.00s Real=0.00s
[595.649s][info][gc,start       ] GC(904) Pause Young (Allocation Failure)
[595.649s][info][gc,task        ] GC(904) Using 6 workers of 6 for evacuation
[595.658s][info][gc,heap        ] GC(904) ParNew: 440378K->25669K(460096K)
[595.658s][info][gc,heap        ] GC(904) CMS: 98058K->98058K(3683136K)
[595.658s][info][gc,metaspace   ] GC(904) Metaspace: 145686K(159212K)->145686K(159212K) NonClass: 126891K(133596K)->126891K(133596K) Class: 18794K(25616K)->18794K(25616K)
[595.658s][info][gc             ] GC(904) Pause Young (Allocation Failure) 525M->120M(4046M) 8.589ms
[595.658s][info][gc,cpu         ] GC(904) User=0.02s Sys=0.00s Real=0.02s
[595.708s][info][gc,start       ] GC(905) Pause Young (Allocation Failure)
[595.708s][info][gc,task        ] GC(905) Using 6 workers of 6 for evacuation
[595.719s][info][gc,heap        ] GC(905) ParNew: 433378K->45995K(460096K)
[595.719s][info][gc,heap        ] GC(905) CMS: 98058K->98058K(3683136K)
[595.719s][info][gc,metaspace   ] GC(905) Metaspace: 145686K(159212K)->145686K(159212K) NonClass: 126891K(133596K)->126891K(133596K) Class: 18794K(25616K)->18794K(25616K)
[595.719s][info][gc             ] GC(905) Pause Young (Allocation Failure) 518M->140M(4046M) 10.239ms
[595.719s][info][gc,cpu         ] GC(905) User=0.02s Sys=0.00s Real=0.02s
[595.883s][info][gc,start       ] GC(906) Pause Young (Allocation Failure)
[595.884s][info][gc,task        ] GC(906) Using 6 workers of 6 for evacuation
[595.895s][info][gc,heap        ] GC(906) ParNew: 455019K->34310K(460096K)
[595.895s][info][gc,heap        ] GC(906) CMS: 98058K->115234K(3683136K)
[595.895s][info][gc,metaspace   ] GC(906) Metaspace: 145686K(159212K)->145686K(159212K) NonClass: 126891K(133596K)->126891K(133596K) Class: 18794K(25616K)->18794K(25616K)
[595.895s][info][gc             ] GC(906) Pause Young (Allocation Failure) 540M->146M(4046M) 11.353ms
[595.895s][info][gc,cpu         ] GC(906) User=0.02s Sys=0.00s Real=0.02s
[596.450s][info][gc,start       ] GC(907) Pause Young (GCLocker Initiated GC)
[596.450s][info][gc,task        ] GC(907) Using 6 workers of 6 for evacuation
[596.459s][info][gc,heap        ] GC(907) ParNew: 443366K->24771K(460096K)
[596.459s][info][gc,heap        ] GC(907) CMS: 115234K->123134K(3683136K)
[596.459s][info][gc,metaspace   ] GC(907) Metaspace: 145687K(159212K)->145687K(159212K) NonClass: 126892K(133596K)->126892K(133596K) Class: 18794K(25616K)->18794K(25616K)
[596.459s][info][gc             ] GC(907) Pause Young (GCLocker Initiated GC) 545M->144M(4046M) 8.921ms
[596.459s][info][gc,cpu         ] GC(907) User=0.02s Sys=0.00s Real=0.02s
[598.034s][info][gc,start       ] GC(908) Pause Young (Allocation Failure)
[598.035s][info][gc,task        ] GC(908) Using 6 workers of 6 for evacuation
[598.043s][info][gc,heap        ] GC(908) ParNew: 433795K->13730K(460096K)
[598.043s][info][gc,heap        ] GC(908) CMS: 123134K->123134K(3683136K)
[598.043s][info][gc,metaspace   ] GC(908) Metaspace: 145689K(159212K)->145689K(159212K) NonClass: 126895K(133596K)->126895K(133596K) Class: 18794K(25616K)->18794K(25616K)
[598.043s][info][gc             ] GC(908) Pause Young (Allocation Failure) 543M->133M(4046M) 8.401ms
[598.043s][info][gc,cpu         ] GC(908) User=0.02s Sys=0.00s Real=0.02s
[599.575s][info][gc,start       ] GC(909) Pause Young (GCLocker Initiated GC)
[599.575s][info][gc,task        ] GC(909) Using 6 workers of 6 for evacuation
[599.583s][info][gc,heap        ] GC(909) ParNew: 422754K->17627K(460096K)
[599.583s][info][gc,heap        ] GC(909) CMS: 123134K->123134K(3683136K)
[599.583s][info][gc,metaspace   ] GC(909) Metaspace: 145689K(159212K)->145689K(159212K) NonClass: 126895K(133596K)->126895K(133596K) Class: 18794K(25616K)->18794K(25616K)
[599.583s][info][gc             ] GC(909) Pause Young (GCLocker Initiated GC) 533M->137M(4046M) 7.663ms
[599.583s][info][gc,cpu         ] GC(909) User=0.00s Sys=0.00s Real=0.00s
[600.989s][info][gc,start       ] GC(910) Pause Young (Allocation Failure)
[600.989s][info][gc,task        ] GC(910) Using 6 workers of 6 for evacuation
[600.997s][info][gc,heap        ] GC(910) ParNew: 426651K->15621K(460096K)
[600.997s][info][gc,heap        ] GC(910) CMS: 123134K->123134K(3683136K)
[600.997s][info][gc,metaspace   ] GC(910) Metaspace: 145689K(159212K)->145689K(159212K) NonClass: 126895K(133596K)->126895K(133596K) Class: 18794K(25616K)->18794K(25616K)
[600.997s][info][gc             ] GC(910) Pause Young (Allocation Failure) 536M->135M(4046M) 8.182ms
[600.997s][info][gc,cpu         ] GC(910) User=0.00s Sys=0.00s Real=0.00s
[601.521s][info][gc,start       ] GC(911) Pause Full (System.gc())
[601.523s][info][gc,phases,start] GC(911) Phase 1: Mark live objects
[601.597s][info][gc,phases      ] GC(911) Phase 1: Mark live objects 73.420ms
[601.597s][info][gc,phases,start] GC(911) Phase 2: Compute new object addresses
[601.639s][info][gc,phases      ] GC(911) Phase 2: Compute new object addresses 42.105ms
[601.639s][info][gc,phases,start] GC(911) Phase 3: Adjust pointers
[601.684s][info][gc,phases      ] GC(911) Phase 3: Adjust pointers 44.820ms
[601.684s][info][gc,phases,start] GC(911) Phase 4: Move objects
[601.689s][info][gc,phases      ] GC(911) Phase 4: Move objects 5.199ms
[601.693s][info][gc,heap        ] GC(911) ParNew: 293512K->0K(460096K)
[601.693s][info][gc,heap        ] GC(911) CMS: 123134K->73326K(3683136K)
[601.693s][info][gc,metaspace   ] GC(911) Metaspace: 145690K(159212K)->145690K(159212K) NonClass: 126896K(133596K)->126896K(133596K) Class: 18794K(25616K)->18794K(25616K)
[601.694s][info][gc             ] GC(911) Pause Full (System.gc()) 406M->71M(4046M) 172.810ms
[601.694s][info][gc,cpu         ] GC(911) User=0.16s Sys=0.00s Real=0.17s
[601.822s][info][gc,start       ] GC(912) Pause Young (Allocation Failure)
[601.822s][info][gc,task        ] GC(912) Using 6 workers of 6 for evacuation
[601.830s][info][gc,heap        ] GC(912) ParNew: 409024K->20486K(460096K)
[601.830s][info][gc,heap        ] GC(912) CMS: 73326K->73326K(3683136K)
[601.830s][info][gc,metaspace   ] GC(912) Metaspace: 145696K(159212K)->145696K(159212K) NonClass: 126902K(133596K)->126902K(133596K) Class: 18794K(25616K)->18794K(25616K)
[601.830s][info][gc             ] GC(912) Pause Young (Allocation Failure) 471M->91M(4046M) 7.532ms
[601.830s][info][gc,cpu         ] GC(912) User=0.00s Sys=0.00s Real=0.00s
[601.986s][info][gc,start       ] GC(913) Pause Young (Allocation Failure)
[601.986s][info][gc,task        ] GC(913) Using 6 workers of 6 for evacuation
[601.995s][info][gc,heap        ] GC(913) ParNew: 429510K->47080K(460096K)
[601.995s][info][gc,heap        ] GC(913) CMS: 73326K->73326K(3683136K)
[601.995s][info][gc,metaspace   ] GC(913) Metaspace: 145696K(159212K)->145696K(159212K) NonClass: 126902K(133596K)->126902K(133596K) Class: 18794K(25616K)->18794K(25616K)
[601.995s][info][gc             ] GC(913) Pause Young (Allocation Failure) 491M->117M(4046M) 9.769ms
[601.995s][info][gc,cpu         ] GC(913) User=0.03s Sys=0.00s Real=0.02s
[602.048s][info][gc,start       ] GC(914) Pause Young (Allocation Failure)
[602.048s][info][gc,task        ] GC(914) Using 6 workers of 6 for evacuation
[602.057s][info][gc,heap        ] GC(914) ParNew: 455390K->30417K(460096K)
[602.057s][info][gc,heap        ] GC(914) CMS: 73326K->97914K(3683136K)
[602.057s][info][gc,metaspace   ] GC(914) Metaspace: 145696K(159212K)->145696K(159212K) NonClass: 126902K(133596K)->126902K(133596K) Class: 18794K(25616K)->18794K(25616K)
[602.058s][info][gc             ] GC(914) Pause Young (Allocation Failure) 516M->125M(4046M) 9.996ms
[602.058s][info][gc,cpu         ] GC(914) User=0.02s Sys=0.00s Real=0.02s
[602.235s][info][gc,start       ] GC(915) Pause Young (Allocation Failure)
[602.235s][info][gc,task        ] GC(915) Using 6 workers of 6 for evacuation
[602.243s][info][gc,heap        ] GC(915) ParNew: 439441K->23828K(460096K)
[602.243s][info][gc,heap        ] GC(915) CMS: 97914K->97914K(3683136K)
[602.243s][info][gc,metaspace   ] GC(915) Metaspace: 145696K(159212K)->145696K(159212K) NonClass: 126902K(133596K)->126902K(133596K) Class: 18794K(25616K)->18794K(25616K)
[602.244s][info][gc             ] GC(915) Pause Young (Allocation Failure) 524M->118M(4046M) 8.569ms
[602.244s][info][gc,cpu         ] GC(915) User=0.02s Sys=0.00s Real=0.02s
[602.295s][info][gc,start       ] GC(916) Pause Young (Allocation Failure)
[602.295s][info][gc,task        ] GC(916) Using 6 workers of 6 for evacuation
[602.305s][info][gc,heap        ] GC(916) ParNew: 431698K->44522K(460096K)
[602.305s][info][gc,heap        ] GC(916) CMS: 97914K->97914K(3683136K)
[602.305s][info][gc,metaspace   ] GC(916) Metaspace: 145696K(159212K)->145696K(159212K) NonClass: 126902K(133596K)->126902K(133596K) Class: 18794K(25616K)->18794K(25616K)
[602.305s][info][gc             ] GC(916) Pause Young (Allocation Failure) 517M->139M(4046M) 10.137ms
[602.305s][info][gc,cpu         ] GC(916) User=0.00s Sys=0.00s Real=0.00s
[602.471s][info][gc,start       ] GC(917) Pause Young (Allocation Failure)
[602.471s][info][gc,task        ] GC(917) Using 6 workers of 6 for evacuation
[602.482s][info][gc,heap        ] GC(917) ParNew: 453546K->35292K(460096K)
[602.482s][info][gc,heap        ] GC(917) CMS: 97914K->114936K(3683136K)
[602.482s][info][gc,metaspace   ] GC(917) Metaspace: 145696K(159212K)->145696K(159212K) NonClass: 126902K(133596K)->126902K(133596K) Class: 18794K(25616K)->18794K(25616K)
[602.482s][info][gc             ] GC(917) Pause Young (Allocation Failure) 538M->146M(4046M) 10.861ms
[602.482s][info][gc,cpu         ] GC(917) User=0.02s Sys=0.00s Real=0.01s
[603.039s][info][gc,start       ] GC(918) Pause Young (Allocation Failure)
[603.039s][info][gc,task        ] GC(918) Using 6 workers of 6 for evacuation
[603.048s][info][gc,heap        ] GC(918) ParNew: 444316K->21556K(460096K)
[603.048s][info][gc,heap        ] GC(918) CMS: 114936K->124401K(3683136K)
[603.048s][info][gc,metaspace   ] GC(918) Metaspace: 145696K(159212K)->145696K(159212K) NonClass: 126902K(133596K)->126902K(133596K) Class: 18794K(25616K)->18794K(25616K)
[603.048s][info][gc             ] GC(918) Pause Young (Allocation Failure) 546M->142M(4046M) 8.512ms
[603.048s][info][gc,cpu         ] GC(918) User=0.02s Sys=0.00s Real=0.01s
[604.632s][info][gc,start       ] GC(919) Pause Young (Allocation Failure)
[604.632s][info][gc,task        ] GC(919) Using 6 workers of 6 for evacuation
[604.639s][info][gc,heap        ] GC(919) ParNew: 430580K->14797K(460096K)
[604.639s][info][gc,heap        ] GC(919) CMS: 124401K->124401K(3683136K)
[604.639s][info][gc,metaspace   ] GC(919) Metaspace: 145696K(159212K)->145696K(159212K) NonClass: 126902K(133596K)->126902K(133596K) Class: 18794K(25616K)->18794K(25616K)
[604.639s][info][gc             ] GC(919) Pause Young (Allocation Failure) 541M->135M(4046M) 6.448ms
[604.639s][info][gc,cpu         ] GC(919) User=0.00s Sys=0.00s Real=0.00s
[606.210s][info][gc,start       ] GC(920) Pause Young (GCLocker Initiated GC)
[606.210s][info][gc,task        ] GC(920) Using 6 workers of 6 for evacuation
[606.220s][info][gc,heap        ] GC(920) ParNew: 423852K->18215K(460096K)
[606.220s][info][gc,heap        ] GC(920) CMS: 124401K->124401K(3683136K)
[606.220s][info][gc,metaspace   ] GC(920) Metaspace: 145696K(159212K)->145696K(159212K) NonClass: 126902K(133596K)->126902K(133596K) Class: 18794K(25616K)->18794K(25616K)
[606.220s][info][gc             ] GC(920) Pause Young (GCLocker Initiated GC) 535M->139M(4046M) 9.354ms
[606.220s][info][gc,cpu         ] GC(920) User=0.02s Sys=0.00s Real=0.02s
[607.710s][info][gc,start       ] GC(921) Pause Young (Allocation Failure)
[607.710s][info][gc,task        ] GC(921) Using 6 workers of 6 for evacuation
[607.717s][info][gc,heap        ] GC(921) ParNew: 426524K->13850K(460096K)
[607.717s][info][gc,heap        ] GC(921) CMS: 124401K->124401K(3683136K)
[607.717s][info][gc,metaspace   ] GC(921) Metaspace: 145697K(159212K)->145697K(159212K) NonClass: 126902K(133596K)->126902K(133596K) Class: 18794K(25616K)->18794K(25616K)
[607.717s][info][gc             ] GC(921) Pause Young (Allocation Failure) 538M->135M(4046M) 7.133ms
[607.717s][info][gc,cpu         ] GC(921) User=0.00s Sys=0.00s Real=0.00s
[608.159s][info][gc,start       ] GC(922) Pause Full (System.gc())
[608.161s][info][gc,phases,start] GC(922) Phase 1: Mark live objects
[608.241s][info][gc,phases      ] GC(922) Phase 1: Mark live objects 79.325ms
[608.241s][info][gc,phases,start] GC(922) Phase 2: Compute new object addresses
[608.284s][info][gc,phases      ] GC(922) Phase 2: Compute new object addresses 42.806ms
[608.284s][info][gc,phases,start] GC(922) Phase 3: Adjust pointers
[608.328s][info][gc,phases      ] GC(922) Phase 3: Adjust pointers 44.486ms
[608.328s][info][gc,phases,start] GC(922) Phase 4: Move objects
[608.333s][info][gc,phases      ] GC(922) Phase 4: Move objects 5.305ms
[608.338s][info][gc,heap        ] GC(922) ParNew: 282363K->0K(460096K)
[608.338s][info][gc,heap        ] GC(922) CMS: 124401K->73694K(3683136K)
[608.338s][info][gc,metaspace   ] GC(922) Metaspace: 145697K(159212K)->145697K(159212K) NonClass: 126902K(133596K)->126902K(133596K) Class: 18794K(25616K)->18794K(25616K)
[608.339s][info][gc             ] GC(922) Pause Full (System.gc()) 397M->71M(4046M) 179.952ms
[608.339s][info][gc,cpu         ] GC(922) User=0.16s Sys=0.00s Real=0.17s
[608.456s][info][gc,start       ] GC(923) Pause Young (Allocation Failure)
[608.457s][info][gc,task        ] GC(923) Using 6 workers of 6 for evacuation
[608.466s][info][gc,heap        ] GC(923) ParNew: 409024K->20850K(460096K)
[608.466s][info][gc,heap        ] GC(923) CMS: 73694K->73694K(3683136K)
[608.466s][info][gc,metaspace   ] GC(923) Metaspace: 145728K(159212K)->145728K(159212K) NonClass: 126931K(133596K)->126931K(133596K) Class: 18797K(25616K)->18797K(25616K)
[608.466s][info][gc             ] GC(923) Pause Young (Allocation Failure) 471M->92M(4046M) 9.467ms
[608.466s][info][gc,cpu         ] GC(923) User=0.03s Sys=0.00s Real=0.01s
[608.640s][info][gc,start       ] GC(924) Pause Young (Allocation Failure)
[608.640s][info][gc,task        ] GC(924) Using 6 workers of 6 for evacuation
[608.649s][info][gc,heap        ] GC(924) ParNew: 429874K->47844K(460096K)
[608.649s][info][gc,heap        ] GC(924) CMS: 73694K->73694K(3683136K)
[608.649s][info][gc,metaspace   ] GC(924) Metaspace: 145728K(159212K)->145728K(159212K) NonClass: 126931K(133596K)->126931K(133596K) Class: 18797K(25616K)->18797K(25616K)
[608.650s][info][gc             ] GC(924) Pause Young (Allocation Failure) 491M->118M(4046M) 9.504ms
[608.650s][info][gc,cpu         ] GC(924) User=0.02s Sys=0.00s Real=0.02s
[608.706s][info][gc,start       ] GC(925) Pause Young (Allocation Failure)
[608.706s][info][gc,task        ] GC(925) Using 6 workers of 6 for evacuation
[608.716s][info][gc,heap        ] GC(925) ParNew: 456830K->34530K(460096K)
[608.716s][info][gc,heap        ] GC(925) CMS: 73694K->98127K(3683136K)
[608.716s][info][gc,metaspace   ] GC(925) Metaspace: 145728K(159212K)->145728K(159212K) NonClass: 126931K(133596K)->126931K(133596K) Class: 18797K(25616K)->18797K(25616K)
[608.716s][info][gc             ] GC(925) Pause Young (Allocation Failure) 518M->129M(4046M) 9.737ms
[608.716s][info][gc,cpu         ] GC(925) User=0.05s Sys=0.00s Real=0.02s
[608.902s][info][gc,start       ] GC(926) Pause Young (Allocation Failure)
[608.902s][info][gc,task        ] GC(926) Using 6 workers of 6 for evacuation
[608.910s][info][gc,heap        ] GC(926) ParNew: 443554K->27145K(460096K)
[608.910s][info][gc,heap        ] GC(926) CMS: 98127K->98127K(3683136K)
[608.910s][info][gc,metaspace   ] GC(926) Metaspace: 145728K(159212K)->145728K(159212K) NonClass: 126931K(133596K)->126931K(133596K) Class: 18797K(25616K)->18797K(25616K)
[608.910s][info][gc             ] GC(926) Pause Young (Allocation Failure) 528M->122M(4046M) 8.066ms
[608.910s][info][gc,cpu         ] GC(926) User=0.00s Sys=0.00s Real=0.00s
[608.962s][info][gc,start       ] GC(927) Pause Young (GCLocker Initiated GC)
[608.962s][info][gc,task        ] GC(927) Using 6 workers of 6 for evacuation
[608.971s][info][gc,heap        ] GC(927) ParNew: 440282K->38705K(460096K)
[608.971s][info][gc,heap        ] GC(927) CMS: 98127K->98127K(3683136K)
[608.971s][info][gc,metaspace   ] GC(927) Metaspace: 145728K(159212K)->145728K(159212K) NonClass: 126931K(133596K)->126931K(133596K) Class: 18797K(25616K)->18797K(25616K)
[608.971s][info][gc             ] GC(927) Pause Young (GCLocker Initiated GC) 525M->133M(4046M) 9.002ms
[608.971s][info][gc,cpu         ] GC(927) User=0.00s Sys=0.00s Real=0.00s
[609.155s][info][gc,start       ] GC(928) Pause Young (Allocation Failure)
[609.155s][info][gc,task        ] GC(928) Using 6 workers of 6 for evacuation
[609.166s][info][gc,heap        ] GC(928) ParNew: 447729K->40704K(460096K)
[609.166s][info][gc,heap        ] GC(928) CMS: 98127K->115377K(3683136K)
[609.166s][info][gc,metaspace   ] GC(928) Metaspace: 145728K(159212K)->145728K(159212K) NonClass: 126931K(133596K)->126931K(133596K) Class: 18797K(25616K)->18797K(25616K)
[609.166s][info][gc             ] GC(928) Pause Young (Allocation Failure) 533M->152M(4046M) 11.134ms
[609.166s][info][gc,cpu         ] GC(928) User=0.02s Sys=0.00s Real=0.02s
[609.755s][info][gc,start       ] GC(929) Pause Young (Allocation Failure)
[609.755s][info][gc,task        ] GC(929) Using 6 workers of 6 for evacuation
[609.763s][info][gc,heap        ] GC(929) ParNew: 449728K->18755K(460096K)
[609.764s][info][gc,heap        ] GC(929) CMS: 115377K->124843K(3683136K)
[609.764s][info][gc,metaspace   ] GC(929) Metaspace: 145728K(159212K)->145728K(159212K) NonClass: 126931K(133596K)->126931K(133596K) Class: 18797K(25616K)->18797K(25616K)
[609.764s][info][gc             ] GC(929) Pause Young (Allocation Failure) 551M->140M(4046M) 8.184ms
[609.764s][info][gc,cpu         ] GC(929) User=0.03s Sys=0.00s Real=0.02s
[611.383s][info][gc,start       ] GC(930) Pause Young (Allocation Failure)
[611.383s][info][gc,task        ] GC(930) Using 6 workers of 6 for evacuation
[611.388s][info][gc,heap        ] GC(930) ParNew: 427779K->14990K(460096K)
[611.388s][info][gc,heap        ] GC(930) CMS: 124843K->124843K(3683136K)
[611.388s][info][gc,metaspace   ] GC(930) Metaspace: 145728K(159212K)->145728K(159212K) NonClass: 126931K(133596K)->126931K(133596K) Class: 18797K(25616K)->18797K(25616K)
[611.388s][info][gc             ] GC(930) Pause Young (Allocation Failure) 539M->136M(4046M) 5.208ms
[611.388s][info][gc,cpu         ] GC(930) User=0.02s Sys=0.00s Real=0.01s
[612.943s][info][gc,start       ] GC(931) Pause Young (Allocation Failure)
[612.943s][info][gc,task        ] GC(931) Using 6 workers of 6 for evacuation
[612.949s][info][gc,heap        ] GC(931) ParNew: 424014K->19031K(460096K)
[612.949s][info][gc,heap        ] GC(931) CMS: 124843K->124843K(3683136K)
[612.949s][info][gc,metaspace   ] GC(931) Metaspace: 145728K(159212K)->145728K(159212K) NonClass: 126931K(133596K)->126931K(133596K) Class: 18797K(25616K)->18797K(25616K)
[612.949s][info][gc             ] GC(931) Pause Young (Allocation Failure) 535M->140M(4046M) 5.944ms
[612.949s][info][gc,cpu         ] GC(931) User=0.02s Sys=0.00s Real=0.02s
[614.439s][info][gc,start       ] GC(932) Pause Young (Allocation Failure)
[614.439s][info][gc,task        ] GC(932) Using 6 workers of 6 for evacuation
[614.443s][info][gc,heap        ] GC(932) ParNew: 428055K->15022K(460096K)
[614.443s][info][gc,heap        ] GC(932) CMS: 124843K->124843K(3683136K)
[614.443s][info][gc,metaspace   ] GC(932) Metaspace: 145728K(159212K)->145728K(159212K) NonClass: 126931K(133596K)->126931K(133596K) Class: 18797K(25616K)->18797K(25616K)
[614.443s][info][gc             ] GC(932) Pause Young (Allocation Failure) 539M->136M(4046M) 4.671ms
[614.443s][info][gc,cpu         ] GC(932) User=0.00s Sys=0.00s Real=0.00s
[614.887s][info][gc,start       ] GC(933) Pause Full (System.gc())
[614.889s][info][gc,phases,start] GC(933) Phase 1: Mark live objects
[614.963s][info][gc,phases      ] GC(933) Phase 1: Mark live objects 73.378ms
[614.963s][info][gc,phases,start] GC(933) Phase 2: Compute new object addresses
[615.004s][info][gc,phases      ] GC(933) Phase 2: Compute new object addresses 41.070ms
[615.004s][info][gc,phases,start] GC(933) Phase 3: Adjust pointers
[615.049s][info][gc,phases      ] GC(933) Phase 3: Adjust pointers 44.825ms
[615.049s][info][gc,phases,start] GC(933) Phase 4: Move objects
[615.056s][info][gc,phases      ] GC(933) Phase 4: Move objects 7.479ms
[615.074s][info][gc,heap        ] GC(933) ParNew: 278543K->0K(460096K)
[615.074s][info][gc,heap        ] GC(933) CMS: 124843K->73331K(3683136K)
[615.074s][info][gc,metaspace   ] GC(933) Metaspace: 145729K(159212K)->145729K(159212K) NonClass: 126932K(133596K)->126932K(133596K) Class: 18797K(25616K)->18797K(25616K)
[615.075s][info][gc             ] GC(933) Pause Full (System.gc()) 393M->71M(4046M) 187.585ms
[615.075s][info][gc,cpu         ] GC(933) User=0.16s Sys=0.02s Real=0.19s
[615.207s][info][gc,start       ] GC(934) Pause Young (Allocation Failure)
[615.207s][info][gc,task        ] GC(934) Using 6 workers of 6 for evacuation
[615.215s][info][gc,heap        ] GC(934) ParNew: 409024K->20634K(460096K)
[615.215s][info][gc,heap        ] GC(934) CMS: 73331K->73331K(3683136K)
[615.215s][info][gc,metaspace   ] GC(934) Metaspace: 145786K(159468K)->145786K(159468K) NonClass: 126987K(133852K)->126987K(133852K) Class: 18798K(25616K)->18798K(25616K)
[615.215s][info][gc             ] GC(934) Pause Young (Allocation Failure) 471M->91M(4046M) 8.105ms
[615.215s][info][gc,cpu         ] GC(934) User=0.00s Sys=0.00s Real=0.00s
[615.378s][info][gc,start       ] GC(935) Pause Young (Allocation Failure)
[615.378s][info][gc,task        ] GC(935) Using 6 workers of 6 for evacuation
[615.389s][info][gc,heap        ] GC(935) ParNew: 428816K->51072K(460096K)
[615.389s][info][gc,heap        ] GC(935) CMS: 73331K->74571K(3683136K)
[615.389s][info][gc,metaspace   ] GC(935) Metaspace: 145786K(159468K)->145786K(159468K) NonClass: 126987K(133852K)->126987K(133852K) Class: 18798K(25616K)->18798K(25616K)
[615.389s][info][gc             ] GC(935) Pause Young (Allocation Failure) 490M->122M(4046M) 11.403ms
[615.389s][info][gc,cpu         ] GC(935) User=0.02s Sys=0.02s Real=0.01s
[615.441s][info][gc,start       ] GC(936) Pause Young (Allocation Failure)
[615.441s][info][gc,task        ] GC(936) Using 6 workers of 6 for evacuation
[615.452s][info][gc,heap        ] GC(936) ParNew: 460096K->33850K(460096K)
[615.452s][info][gc,heap        ] GC(936) CMS: 74571K->98679K(3683136K)
[615.452s][info][gc,metaspace   ] GC(936) Metaspace: 145786K(159468K)->145786K(159468K) NonClass: 126987K(133852K)->126987K(133852K) Class: 18798K(25616K)->18798K(25616K)
[615.452s][info][gc             ] GC(936) Pause Young (Allocation Failure) 522M->129M(4046M) 10.836ms
[615.452s][info][gc,cpu         ] GC(936) User=0.00s Sys=0.00s Real=0.00s
[615.626s][info][gc,start       ] GC(937) Pause Young (Allocation Failure)
[615.626s][info][gc,task        ] GC(937) Using 6 workers of 6 for evacuation
[615.634s][info][gc,heap        ] GC(937) ParNew: 440181K->24608K(460096K)
[615.634s][info][gc,heap        ] GC(937) CMS: 98679K->98679K(3683136K)
[615.634s][info][gc,metaspace   ] GC(937) Metaspace: 145786K(159468K)->145786K(159468K) NonClass: 126987K(133852K)->126987K(133852K) Class: 18798K(25616K)->18798K(25616K)
[615.634s][info][gc             ] GC(937) Pause Young (Allocation Failure) 526M->120M(4046M) 7.592ms
[615.634s][info][gc,cpu         ] GC(937) User=0.02s Sys=0.00s Real=0.02s
[615.682s][info][gc,start       ] GC(938) Pause Young (Allocation Failure)
[615.682s][info][gc,task        ] GC(938) Using 6 workers of 6 for evacuation
[615.692s][info][gc,heap        ] GC(938) ParNew: 433632K->45657K(460096K)
[615.692s][info][gc,heap        ] GC(938) CMS: 98679K->98679K(3683136K)
[615.692s][info][gc,metaspace   ] GC(938) Metaspace: 145786K(159468K)->145786K(159468K) NonClass: 126987K(133852K)->126987K(133852K) Class: 18798K(25616K)->18798K(25616K)
[615.692s][info][gc             ] GC(938) Pause Young (Allocation Failure) 519M->140M(4046M) 9.636ms
[615.692s][info][gc,cpu         ] GC(938) User=0.02s Sys=0.00s Real=0.02s
[615.860s][info][gc,start       ] GC(939) Pause Young (Allocation Failure)
[615.860s][info][gc,task        ] GC(939) Using 6 workers of 6 for evacuation
[615.872s][info][gc,heap        ] GC(939) ParNew: 454681K->37461K(460096K)
[615.872s][info][gc,heap        ] GC(939) CMS: 98679K->116091K(3683136K)
[615.872s][info][gc,metaspace   ] GC(939) Metaspace: 145786K(159468K)->145786K(159468K) NonClass: 126987K(133852K)->126987K(133852K) Class: 18798K(25616K)->18798K(25616K)
[615.872s][info][gc             ] GC(939) Pause Young (Allocation Failure) 540M->149M(4046M) 11.590ms
[615.872s][info][gc,cpu         ] GC(939) User=0.02s Sys=0.00s Real=0.01s
[616.433s][info][gc,start       ] GC(940) Pause Young (Allocation Failure)
[616.433s][info][gc,task        ] GC(940) Using 6 workers of 6 for evacuation
[616.441s][info][gc,heap        ] GC(940) ParNew: 446485K->22404K(460096K)
[616.441s][info][gc,heap        ] GC(940) CMS: 116091K->125555K(3683136K)
[616.441s][info][gc,metaspace   ] GC(940) Metaspace: 145786K(159468K)->145786K(159468K) NonClass: 126987K(133852K)->126987K(133852K) Class: 18798K(25616K)->18798K(25616K)
[616.441s][info][gc             ] GC(940) Pause Young (Allocation Failure) 549M->144M(4046M) 8.129ms
[616.441s][info][gc,cpu         ] GC(940) User=0.00s Sys=0.00s Real=0.00s
[618.014s][info][gc,start       ] GC(941) Pause Young (Allocation Failure)
[618.014s][info][gc,task        ] GC(941) Using 6 workers of 6 for evacuation
[618.020s][info][gc,heap        ] GC(941) ParNew: 431428K->13878K(460096K)
[618.020s][info][gc,heap        ] GC(941) CMS: 125555K->125555K(3683136K)
[618.020s][info][gc,metaspace   ] GC(941) Metaspace: 145786K(159468K)->145786K(159468K) NonClass: 126987K(133852K)->126987K(133852K) Class: 18798K(25616K)->18798K(25616K)
[618.020s][info][gc             ] GC(941) Pause Young (Allocation Failure) 543M->136M(4046M) 6.796ms
[618.020s][info][gc,cpu         ] GC(941) User=0.03s Sys=0.00s Real=0.01s
[619.587s][info][gc,start       ] GC(942) Pause Young (Allocation Failure)
[619.587s][info][gc,task        ] GC(942) Using 6 workers of 6 for evacuation
[619.595s][info][gc,heap        ] GC(942) ParNew: 422902K->20382K(460096K)
[619.595s][info][gc,heap        ] GC(942) CMS: 125555K->125555K(3683136K)
[619.595s][info][gc,metaspace   ] GC(942) Metaspace: 145786K(159468K)->145786K(159468K) NonClass: 126987K(133852K)->126987K(133852K) Class: 18798K(25616K)->18798K(25616K)
[619.595s][info][gc             ] GC(942) Pause Young (Allocation Failure) 535M->142M(4046M) 8.406ms
[619.595s][info][gc,cpu         ] GC(942) User=0.00s Sys=0.00s Real=0.00s
[621.081s][info][gc,start       ] GC(943) Pause Young (Allocation Failure)
[621.081s][info][gc,task        ] GC(943) Using 6 workers of 6 for evacuation
[621.087s][info][gc,heap        ] GC(943) ParNew: 427289K->14401K(460096K)
[621.087s][info][gc,heap        ] GC(943) CMS: 125555K->125555K(3683136K)
[621.087s][info][gc,metaspace   ] GC(943) Metaspace: 145786K(159468K)->145786K(159468K) NonClass: 126987K(133852K)->126987K(133852K) Class: 18798K(25616K)->18798K(25616K)
[621.087s][info][gc             ] GC(943) Pause Young (Allocation Failure) 539M->136M(4046M) 6.256ms
[621.087s][info][gc,cpu         ] GC(943) User=0.00s Sys=0.00s Real=0.00s
[621.544s][info][gc,start       ] GC(944) Pause Full (System.gc())
[621.547s][info][gc,phases,start] GC(944) Phase 1: Mark live objects
[621.621s][info][gc,phases      ] GC(944) Phase 1: Mark live objects 73.789ms
[621.621s][info][gc,phases,start] GC(944) Phase 2: Compute new object addresses
[621.662s][info][gc,phases      ] GC(944) Phase 2: Compute new object addresses 41.135ms
[621.662s][info][gc,phases,start] GC(944) Phase 3: Adjust pointers
[621.707s][info][gc,phases      ] GC(944) Phase 3: Adjust pointers 44.947ms
[621.707s][info][gc,phases,start] GC(944) Phase 4: Move objects
[621.712s][info][gc,phases      ] GC(944) Phase 4: Move objects 5.048ms
[621.715s][info][gc,heap        ] GC(944) ParNew: 282440K->0K(460096K)
[621.715s][info][gc,heap        ] GC(944) CMS: 125555K->73801K(3683136K)
[621.715s][info][gc,metaspace   ] GC(944) Metaspace: 145791K(159468K)->145791K(159468K) NonClass: 126992K(133852K)->126992K(133852K) Class: 18798K(25616K)->18798K(25616K)
[621.716s][info][gc             ] GC(944) Pause Full (System.gc()) 398M->72M(4046M) 171.822ms
[621.716s][info][gc,cpu         ] GC(944) User=0.17s Sys=0.00s Real=0.18s
[621.841s][info][gc,start       ] GC(945) Pause Young (Allocation Failure)
[621.841s][info][gc,task        ] GC(945) Using 6 workers of 6 for evacuation
[621.848s][info][gc,heap        ] GC(945) ParNew: 409024K->20499K(460096K)
[621.848s][info][gc,heap        ] GC(945) CMS: 73801K->73801K(3683136K)
[621.848s][info][gc,metaspace   ] GC(945) Metaspace: 145854K(159468K)->145854K(159468K) NonClass: 127055K(133852K)->127055K(133852K) Class: 18798K(25616K)->18798K(25616K)
[621.848s][info][gc             ] GC(945) Pause Young (Allocation Failure) 471M->92M(4046M) 7.810ms
[621.848s][info][gc,cpu         ] GC(945) User=0.02s Sys=0.00s Real=0.02s
[622.013s][info][gc,start       ] GC(946) Pause Young (Allocation Failure)
[622.013s][info][gc,task        ] GC(946) Using 6 workers of 6 for evacuation
[622.023s][info][gc,heap        ] GC(946) ParNew: 429315K->51072K(460096K)
[622.023s][info][gc,heap        ] GC(946) CMS: 73801K->73801K(3683136K)
[622.023s][info][gc,metaspace   ] GC(946) Metaspace: 145854K(159468K)->145854K(159468K) NonClass: 127055K(133852K)->127055K(133852K) Class: 18798K(25616K)->18798K(25616K)
[622.023s][info][gc             ] GC(946) Pause Young (Allocation Failure) 491M->121M(4046M) 10.048ms
[622.023s][info][gc,cpu         ] GC(946) User=0.00s Sys=0.00s Real=0.01s
[622.078s][info][gc,start       ] GC(947) Pause Young (GCLocker Initiated GC)
[622.078s][info][gc,task        ] GC(947) Using 6 workers of 6 for evacuation
[622.088s][info][gc,heap        ] GC(947) ParNew: 456297K->33759K(460096K)
[622.088s][info][gc,heap        ] GC(947) CMS: 77897K->101789K(3683136K)
[622.088s][info][gc,metaspace   ] GC(947) Metaspace: 145854K(159468K)->145854K(159468K) NonClass: 127055K(133852K)->127055K(133852K) Class: 18798K(25616K)->18798K(25616K)
[622.088s][info][gc             ] GC(947) Pause Young (GCLocker Initiated GC) 521M->132M(4046M) 9.779ms
[622.088s][info][gc,cpu         ] GC(947) User=0.03s Sys=0.00s Real=0.02s
[622.267s][info][gc,start       ] GC(948) Pause Young (Allocation Failure)
[622.267s][info][gc,task        ] GC(948) Using 6 workers of 6 for evacuation
[622.275s][info][gc,heap        ] GC(948) ParNew: 441943K->26571K(460096K)
[622.275s][info][gc,heap        ] GC(948) CMS: 101789K->101789K(3683136K)
[622.275s][info][gc,metaspace   ] GC(948) Metaspace: 145854K(159468K)->145854K(159468K) NonClass: 127055K(133852K)->127055K(133852K) Class: 18798K(25616K)->18798K(25616K)
[622.275s][info][gc             ] GC(948) Pause Young (Allocation Failure) 530M->125M(4046M) 8.656ms
[622.276s][info][gc,cpu         ] GC(948) User=0.02s Sys=0.00s Real=0.02s
[622.324s][info][gc,start       ] GC(949) Pause Young (Allocation Failure)
[622.324s][info][gc,task        ] GC(949) Using 6 workers of 6 for evacuation
[622.334s][info][gc,heap        ] GC(949) ParNew: 435595K->41892K(460096K)
[622.334s][info][gc,heap        ] GC(949) CMS: 101789K->101789K(3683136K)
[622.334s][info][gc,metaspace   ] GC(949) Metaspace: 145854K(159468K)->145854K(159468K) NonClass: 127055K(133852K)->127055K(133852K) Class: 18798K(25616K)->18798K(25616K)
[622.334s][info][gc             ] GC(949) Pause Young (Allocation Failure) 524M->140M(4046M) 9.632ms
[622.334s][info][gc,cpu         ] GC(949) User=0.02s Sys=0.00s Real=0.02s
[622.497s][info][gc,start       ] GC(950) Pause Young (Allocation Failure)
[622.497s][info][gc,task        ] GC(950) Using 6 workers of 6 for evacuation
[622.508s][info][gc,heap        ] GC(950) ParNew: 450916K->34443K(460096K)
[622.508s][info][gc,heap        ] GC(950) CMS: 101789K->119512K(3683136K)
[622.508s][info][gc,metaspace   ] GC(950) Metaspace: 145854K(159468K)->145854K(159468K) NonClass: 127055K(133852K)->127055K(133852K) Class: 18798K(25616K)->18798K(25616K)
[622.508s][info][gc             ] GC(950) Pause Young (Allocation Failure) 539M->150M(4046M) 11.046ms
[622.508s][info][gc,cpu         ] GC(950) User=0.02s Sys=0.00s Real=0.02s
[623.066s][info][gc,start       ] GC(951) Pause Young (Allocation Failure)
[623.066s][info][gc,task        ] GC(951) Using 6 workers of 6 for evacuation
[623.077s][info][gc,heap        ] GC(951) ParNew: 443467K->20267K(460096K)
[623.077s][info][gc,heap        ] GC(951) CMS: 119512K->128976K(3683136K)
[623.077s][info][gc,metaspace   ] GC(951) Metaspace: 145855K(159468K)->145855K(159468K) NonClass: 127057K(133852K)->127057K(133852K) Class: 18798K(25616K)->18798K(25616K)
[623.077s][info][gc             ] GC(951) Pause Young (Allocation Failure) 549M->145M(4046M) 10.269ms
[623.077s][info][gc,cpu         ] GC(951) User=0.02s Sys=0.00s Real=0.02s
[624.660s][info][gc,start       ] GC(952) Pause Young (Allocation Failure)
[624.660s][info][gc,task        ] GC(952) Using 6 workers of 6 for evacuation
[624.667s][info][gc,heap        ] GC(952) ParNew: 429291K->15441K(460096K)
[624.667s][info][gc,heap        ] GC(952) CMS: 128976K->128976K(3683136K)
[624.667s][info][gc,metaspace   ] GC(952) Metaspace: 145856K(159468K)->145856K(159468K) NonClass: 127058K(133852K)->127058K(133852K) Class: 18798K(25616K)->18798K(25616K)
[624.667s][info][gc             ] GC(952) Pause Young (Allocation Failure) 545M->141M(4046M) 7.237ms
[624.667s][info][gc,cpu         ] GC(952) User=0.00s Sys=0.00s Real=0.00s
[626.218s][info][gc,start       ] GC(953) Pause Young (Allocation Failure)
[626.218s][info][gc,task        ] GC(953) Using 6 workers of 6 for evacuation
[626.227s][info][gc,heap        ] GC(953) ParNew: 424473K->19673K(460096K)
[626.227s][info][gc,heap        ] GC(953) CMS: 128976K->128976K(3683136K)
[626.227s][info][gc,metaspace   ] GC(953) Metaspace: 145856K(159468K)->145856K(159468K) NonClass: 127058K(133852K)->127058K(133852K) Class: 18798K(25616K)->18798K(25616K)
[626.227s][info][gc             ] GC(953) Pause Young (Allocation Failure) 540M->145M(4046M) 8.651ms
[626.227s][info][gc,cpu         ] GC(953) User=0.00s Sys=0.00s Real=0.01s
[627.719s][info][gc,start       ] GC(954) Pause Young (Allocation Failure)
[627.719s][info][gc,task        ] GC(954) Using 6 workers of 6 for evacuation
[627.727s][info][gc,heap        ] GC(954) ParNew: 428697K->15307K(460096K)
[627.727s][info][gc,heap        ] GC(954) CMS: 128976K->128976K(3683136K)
[627.727s][info][gc,metaspace   ] GC(954) Metaspace: 145856K(159468K)->145856K(159468K) NonClass: 127058K(133852K)->127058K(133852K) Class: 18798K(25616K)->18798K(25616K)
[627.727s][info][gc             ] GC(954) Pause Young (Allocation Failure) 544M->140M(4046M) 7.921ms
[627.727s][info][gc,cpu         ] GC(954) User=0.00s Sys=0.00s Real=0.01s
[628.170s][info][gc,start       ] GC(955) Pause Full (System.gc())
[628.173s][info][gc,phases,start] GC(955) Phase 1: Mark live objects
[628.248s][info][gc,phases      ] GC(955) Phase 1: Mark live objects 75.048ms
[628.248s][info][gc,phases,start] GC(955) Phase 2: Compute new object addresses
[628.290s][info][gc,phases      ] GC(955) Phase 2: Compute new object addresses 41.267ms
[628.290s][info][gc,phases,start] GC(955) Phase 3: Adjust pointers
[628.335s][info][gc,phases      ] GC(955) Phase 3: Adjust pointers 44.952ms
[628.335s][info][gc,phases,start] GC(955) Phase 4: Move objects
[628.340s][info][gc,phases      ] GC(955) Phase 4: Move objects 5.045ms
[628.343s][info][gc,heap        ] GC(955) ParNew: 282136K->0K(460096K)
[628.343s][info][gc,heap        ] GC(955) CMS: 128976K->73517K(3683136K)
[628.343s][info][gc,metaspace   ] GC(955) Metaspace: 145885K(159468K)->145885K(159468K) NonClass: 127086K(133852K)->127086K(133852K) Class: 18798K(25616K)->18798K(25616K)
[628.344s][info][gc             ] GC(955) Pause Full (System.gc()) 401M->71M(4046M) 174.068ms
[628.344s][info][gc,cpu         ] GC(955) User=0.19s Sys=0.00s Real=0.19s
[628.473s][info][gc,start       ] GC(956) Pause Young (Allocation Failure)
[628.473s][info][gc,task        ] GC(956) Using 6 workers of 6 for evacuation
[628.480s][info][gc,heap        ] GC(956) ParNew: 409024K->19920K(460096K)
[628.480s][info][gc,heap        ] GC(956) CMS: 73517K->73517K(3683136K)
[628.480s][info][gc,metaspace   ] GC(956) Metaspace: 145885K(159468K)->145885K(159468K) NonClass: 127086K(133852K)->127086K(133852K) Class: 18798K(25616K)->18798K(25616K)
[628.481s][info][gc             ] GC(956) Pause Young (Allocation Failure) 471M->91M(4046M) 7.365ms
[628.481s][info][gc,cpu         ] GC(956) User=0.00s Sys=0.00s Real=0.00s
[628.643s][info][gc,start       ] GC(957) Pause Young (Allocation Failure)
[628.643s][info][gc,task        ] GC(957) Using 6 workers of 6 for evacuation
[628.653s][info][gc,heap        ] GC(957) ParNew: 428865K->51072K(460096K)
[628.653s][info][gc,heap        ] GC(957) CMS: 73517K->79037K(3683136K)
[628.653s][info][gc,metaspace   ] GC(957) Metaspace: 145885K(159468K)->145885K(159468K) NonClass: 127086K(133852K)->127086K(133852K) Class: 18798K(25616K)->18798K(25616K)
[628.653s][info][gc             ] GC(957) Pause Young (Allocation Failure) 490M->127M(4046M) 10.409ms
[628.653s][info][gc,cpu         ] GC(957) User=0.00s Sys=0.00s Real=0.00s
[628.709s][info][gc,start       ] GC(958) Pause Young (Allocation Failure)
[628.709s][info][gc,task        ] GC(958) Using 6 workers of 6 for evacuation
[628.718s][info][gc,heap        ] GC(958) ParNew: 460096K->33402K(460096K)
[628.718s][info][gc,heap        ] GC(958) CMS: 79037K->101049K(3683136K)
[628.718s][info][gc,metaspace   ] GC(958) Metaspace: 145885K(159468K)->145885K(159468K) NonClass: 127086K(133852K)->127086K(133852K) Class: 18798K(25616K)->18798K(25616K)
[628.718s][info][gc             ] GC(958) Pause Young (Allocation Failure) 526M->131M(4046M) 9.830ms
[628.718s][info][gc,cpu         ] GC(958) User=0.00s Sys=0.00s Real=0.00s
[628.896s][info][gc,start       ] GC(959) Pause Young (Allocation Failure)
[628.896s][info][gc,task        ] GC(959) Using 6 workers of 6 for evacuation
[628.904s][info][gc,heap        ] GC(959) ParNew: 440376K->23162K(460096K)
[628.904s][info][gc,heap        ] GC(959) CMS: 101049K->101049K(3683136K)
[628.904s][info][gc,metaspace   ] GC(959) Metaspace: 145885K(159468K)->145885K(159468K) NonClass: 127086K(133852K)->127086K(133852K) Class: 18798K(25616K)->18798K(25616K)
[628.904s][info][gc             ] GC(959) Pause Young (Allocation Failure) 528M->121M(4046M) 7.837ms
[628.904s][info][gc,cpu         ] GC(959) User=0.00s Sys=0.00s Real=0.00s
[628.954s][info][gc,start       ] GC(960) Pause Young (Allocation Failure)
[628.954s][info][gc,task        ] GC(960) Using 6 workers of 6 for evacuation
[628.963s][info][gc,heap        ] GC(960) ParNew: 432186K->45702K(460096K)
[628.963s][info][gc,heap        ] GC(960) CMS: 101049K->101049K(3683136K)
[628.963s][info][gc,metaspace   ] GC(960) Metaspace: 145885K(159468K)->145885K(159468K) NonClass: 127086K(133852K)->127086K(133852K) Class: 18798K(25616K)->18798K(25616K)
[628.963s][info][gc             ] GC(960) Pause Young (Allocation Failure) 520M->143M(4046M) 9.721ms
[628.963s][info][gc,cpu         ] GC(960) User=0.02s Sys=0.00s Real=0.02s
[629.124s][info][gc,start       ] GC(961) Pause Young (Allocation Failure)
[629.124s][info][gc,task        ] GC(961) Using 6 workers of 6 for evacuation
[629.135s][info][gc,heap        ] GC(961) ParNew: 454726K->35737K(460096K)
[629.135s][info][gc,heap        ] GC(961) CMS: 101049K->118767K(3683136K)
[629.135s][info][gc,metaspace   ] GC(961) Metaspace: 145885K(159468K)->145885K(159468K) NonClass: 127086K(133852K)->127086K(133852K) Class: 18798K(25616K)->18798K(25616K)
[629.135s][info][gc             ] GC(961) Pause Young (Allocation Failure) 542M->150M(4046M) 11.138ms
[629.135s][info][gc,cpu         ] GC(961) User=0.00s Sys=0.00s Real=0.00s
[629.694s][info][gc,start       ] GC(962) Pause Young (Allocation Failure)
[629.694s][info][gc,task        ] GC(962) Using 6 workers of 6 for evacuation
[629.702s][info][gc,heap        ] GC(962) ParNew: 444761K->18665K(460096K)
[629.702s][info][gc,heap        ] GC(962) CMS: 118767K->128231K(3683136K)
[629.702s][info][gc,metaspace   ] GC(962) Metaspace: 145885K(159468K)->145885K(159468K) NonClass: 127086K(133852K)->127086K(133852K) Class: 18798K(25616K)->18798K(25616K)
[629.702s][info][gc             ] GC(962) Pause Young (Allocation Failure) 550M->143M(4046M) 8.167ms
[629.702s][info][gc,cpu         ] GC(962) User=0.02s Sys=0.00s Real=0.01s
[631.272s][info][gc,start       ] GC(963) Pause Young (Allocation Failure)
[631.272s][info][gc,task        ] GC(963) Using 6 workers of 6 for evacuation
[631.278s][info][gc,heap        ] GC(963) ParNew: 427689K->15571K(460096K)
[631.278s][info][gc,heap        ] GC(963) CMS: 128231K->128231K(3683136K)
[631.278s][info][gc,metaspace   ] GC(963) Metaspace: 145885K(159468K)->145885K(159468K) NonClass: 127086K(133852K)->127086K(133852K) Class: 18798K(25616K)->18798K(25616K)
[631.278s][info][gc             ] GC(963) Pause Young (Allocation Failure) 542M->140M(4046M) 6.417ms
[631.279s][info][gc,cpu         ] GC(963) User=0.02s Sys=0.00s Real=0.02s
[632.834s][info][gc,start       ] GC(964) Pause Young (Allocation Failure)
[632.834s][info][gc,task        ] GC(964) Using 6 workers of 6 for evacuation
[632.842s][info][gc,heap        ] GC(964) ParNew: 424595K->24270K(460096K)
[632.842s][info][gc,heap        ] GC(964) CMS: 128231K->128231K(3683136K)
[632.842s][info][gc,metaspace   ] GC(964) Metaspace: 145888K(159468K)->145888K(159468K) NonClass: 127090K(133852K)->127090K(133852K) Class: 18798K(25616K)->18798K(25616K)
[632.842s][info][gc             ] GC(964) Pause Young (Allocation Failure) 539M->148M(4046M) 8.218ms
[632.842s][info][gc,cpu         ] GC(964) User=0.00s Sys=0.00s Real=0.00s
[634.351s][info][gc,start       ] GC(965) Pause Young (Allocation Failure)
[634.351s][info][gc,task        ] GC(965) Using 6 workers of 6 for evacuation
[634.358s][info][gc,heap        ] GC(965) ParNew: 432083K->16512K(460096K)
[634.358s][info][gc,heap        ] GC(965) CMS: 128231K->128231K(3683136K)
[634.358s][info][gc,metaspace   ] GC(965) Metaspace: 145888K(159468K)->145888K(159468K) NonClass: 127090K(133852K)->127090K(133852K) Class: 18798K(25616K)->18798K(25616K)
[634.358s][info][gc             ] GC(965) Pause Young (Allocation Failure) 547M->141M(4046M) 7.065ms
[634.358s][info][gc,cpu         ] GC(965) User=0.02s Sys=0.00s Real=0.02s
[634.803s][info][gc,start       ] GC(966) Pause Full (System.gc())
[634.806s][info][gc,phases,start] GC(966) Phase 1: Mark live objects
[634.880s][info][gc,phases      ] GC(966) Phase 1: Mark live objects 74.544ms
[634.880s][info][gc,phases,start] GC(966) Phase 2: Compute new object addresses
[634.922s][info][gc,phases      ] GC(966) Phase 2: Compute new object addresses 41.562ms
[634.922s][info][gc,phases,start] GC(966) Phase 3: Adjust pointers
[634.968s][info][gc,phases      ] GC(966) Phase 3: Adjust pointers 45.536ms
[634.968s][info][gc,phases,start] GC(966) Phase 4: Move objects
[634.973s][info][gc,phases      ] GC(966) Phase 4: Move objects 5.179ms
[634.976s][info][gc,heap        ] GC(966) ParNew: 283536K->0K(460096K)
[634.976s][info][gc,heap        ] GC(966) CMS: 128231K->73900K(3683136K)
[634.976s][info][gc,metaspace   ] GC(966) Metaspace: 145889K(159468K)->145889K(159468K) NonClass: 127090K(133852K)->127090K(133852K) Class: 18798K(25616K)->18798K(25616K)
[634.977s][info][gc             ] GC(966) Pause Full (System.gc()) 402M->72M(4046M) 173.864ms
[634.977s][info][gc,cpu         ] GC(966) User=0.16s Sys=0.00s Real=0.17s
[635.106s][info][gc,start       ] GC(967) Pause Young (Allocation Failure)
[635.106s][info][gc,task        ] GC(967) Using 6 workers of 6 for evacuation
[635.114s][info][gc,heap        ] GC(967) ParNew: 409024K->20702K(460096K)
[635.115s][info][gc,heap        ] GC(967) CMS: 73900K->73900K(3683136K)
[635.115s][info][gc,metaspace   ] GC(967) Metaspace: 145890K(159468K)->145890K(159468K) NonClass: 127092K(133852K)->127092K(133852K) Class: 18798K(25616K)->18798K(25616K)
[635.115s][info][gc             ] GC(967) Pause Young (Allocation Failure) 471M->92M(4046M) 8.690ms
[635.115s][info][gc,cpu         ] GC(967) User=0.02s Sys=0.00s Real=0.01s
[635.272s][info][gc,start       ] GC(968) Pause Young (Allocation Failure)
[635.272s][info][gc,task        ] GC(968) Using 6 workers of 6 for evacuation
[635.281s][info][gc,heap        ] GC(968) ParNew: 428523K->39833K(460096K)
[635.282s][info][gc,heap        ] GC(968) CMS: 73900K->73900K(3683136K)
[635.282s][info][gc,metaspace   ] GC(968) Metaspace: 145890K(159468K)->145890K(159468K) NonClass: 127092K(133852K)->127092K(133852K) Class: 18798K(25616K)->18798K(25616K)
[635.282s][info][gc             ] GC(968) Pause Young (Allocation Failure) 490M->111M(4046M) 9.302ms
[635.282s][info][gc,cpu         ] GC(968) User=0.02s Sys=0.00s Real=0.02s
[635.334s][info][gc,start       ] GC(969) Pause Young (Allocation Failure)
[635.334s][info][gc,task        ] GC(969) Using 6 workers of 6 for evacuation
[635.345s][info][gc,heap        ] GC(969) ParNew: 446131K->33846K(460096K)
[635.345s][info][gc,heap        ] GC(969) CMS: 73900K->96384K(3683136K)
[635.345s][info][gc,metaspace   ] GC(969) Metaspace: 145890K(159468K)->145890K(159468K) NonClass: 127092K(133852K)->127092K(133852K) Class: 18798K(25616K)->18798K(25616K)
[635.345s][info][gc             ] GC(969) Pause Young (Allocation Failure) 507M->127M(4046M) 10.799ms
[635.345s][info][gc,cpu         ] GC(969) User=0.02s Sys=0.00s Real=0.02s
[635.520s][info][gc,start       ] GC(970) Pause Young (Allocation Failure)
[635.520s][info][gc,task        ] GC(970) Using 6 workers of 6 for evacuation
[635.528s][info][gc,heap        ] GC(970) ParNew: 442870K->27190K(460096K)
[635.528s][info][gc,heap        ] GC(970) CMS: 96384K->96384K(3683136K)
[635.528s][info][gc,metaspace   ] GC(970) Metaspace: 145890K(159468K)->145890K(159468K) NonClass: 127092K(133852K)->127092K(133852K) Class: 18798K(25616K)->18798K(25616K)
[635.528s][info][gc             ] GC(970) Pause Young (Allocation Failure) 526M->120M(4046M) 7.719ms
[635.528s][info][gc,cpu         ] GC(970) User=0.00s Sys=0.00s Real=0.00s
[635.577s][info][gc,start       ] GC(971) Pause Young (Allocation Failure)
[635.577s][info][gc,task        ] GC(971) Using 6 workers of 6 for evacuation
[635.587s][info][gc,heap        ] GC(971) ParNew: 436214K->47384K(460096K)
[635.587s][info][gc,heap        ] GC(971) CMS: 96384K->96384K(3683136K)
[635.587s][info][gc,metaspace   ] GC(971) Metaspace: 145890K(159468K)->145890K(159468K) NonClass: 127092K(133852K)->127092K(133852K) Class: 18798K(25616K)->18798K(25616K)
[635.587s][info][gc             ] GC(971) Pause Young (Allocation Failure) 520M->140M(4046M) 9.971ms
[635.587s][info][gc,cpu         ] GC(971) User=0.02s Sys=0.00s Real=0.01s
[635.757s][info][gc,start       ] GC(972) Pause Young (Allocation Failure)
[635.757s][info][gc,task        ] GC(972) Using 6 workers of 6 for evacuation
[635.768s][info][gc,heap        ] GC(972) ParNew: 456408K->36965K(460096K)
[635.768s][info][gc,heap        ] GC(972) CMS: 96384K->115508K(3683136K)
[635.768s][info][gc,metaspace   ] GC(972) Metaspace: 145890K(159468K)->145890K(159468K) NonClass: 127092K(133852K)->127092K(133852K) Class: 18798K(25616K)->18798K(25616K)
[635.768s][info][gc             ] GC(972) Pause Young (Allocation Failure) 539M->148M(4046M) 10.943ms
[635.768s][info][gc,cpu         ] GC(972) User=0.00s Sys=0.00s Real=0.02s
[636.328s][info][gc,start       ] GC(973) Pause Young (Allocation Failure)
[636.328s][info][gc,task        ] GC(973) Using 6 workers of 6 for evacuation
[636.336s][info][gc,heap        ] GC(973) ParNew: 445989K->24069K(460096K)
[636.336s][info][gc,heap        ] GC(973) CMS: 115508K->124973K(3683136K)
[636.336s][info][gc,metaspace   ] GC(973) Metaspace: 145890K(159468K)->145890K(159468K) NonClass: 127092K(133852K)->127092K(133852K) Class: 18798K(25616K)->18798K(25616K)
[636.337s][info][gc             ] GC(973) Pause Young (Allocation Failure) 548M->145M(4046M) 8.896ms
[636.337s][info][gc,cpu         ] GC(973) User=0.02s Sys=0.00s Real=0.02s
[637.910s][info][gc,start       ] GC(974) Pause Young (Allocation Failure)
[637.910s][info][gc,task        ] GC(974) Using 6 workers of 6 for evacuation
[637.918s][info][gc,heap        ] GC(974) ParNew: 433093K->14878K(460096K)
[637.918s][info][gc,heap        ] GC(974) CMS: 124973K->124973K(3683136K)
[637.918s][info][gc,metaspace   ] GC(974) Metaspace: 145890K(159468K)->145890K(159468K) NonClass: 127092K(133852K)->127092K(133852K) Class: 18798K(25616K)->18798K(25616K)
[637.918s][info][gc             ] GC(974) Pause Young (Allocation Failure) 544M->136M(4046M) 8.260ms
[637.918s][info][gc,cpu         ] GC(974) User=0.02s Sys=0.00s Real=0.02s
[639.491s][info][gc,start       ] GC(975) Pause Young (Allocation Failure)
[639.492s][info][gc,task        ] GC(975) Using 6 workers of 6 for evacuation
[639.500s][info][gc,heap        ] GC(975) ParNew: 423902K->19662K(460096K)
[639.500s][info][gc,heap        ] GC(975) CMS: 124973K->124973K(3683136K)
[639.500s][info][gc,metaspace   ] GC(975) Metaspace: 145890K(159468K)->145890K(159468K) NonClass: 127092K(133852K)->127092K(133852K) Class: 18798K(25616K)->18798K(25616K)
[639.500s][info][gc             ] GC(975) Pause Young (Allocation Failure) 536M->141M(4046M) 8.546ms
[639.500s][info][gc,cpu         ] GC(975) User=0.00s Sys=0.00s Real=0.00s
[640.975s][info][gc,start       ] GC(976) Pause Young (Allocation Failure)
[640.975s][info][gc,task        ] GC(976) Using 6 workers of 6 for evacuation
[640.983s][info][gc,heap        ] GC(976) ParNew: 428039K->16304K(460096K)
[640.983s][info][gc,heap        ] GC(976) CMS: 124973K->124973K(3683136K)
[640.983s][info][gc,metaspace   ] GC(976) Metaspace: 145890K(159468K)->145890K(159468K) NonClass: 127092K(133852K)->127092K(133852K) Class: 18798K(25616K)->18798K(25616K)
[640.983s][info][gc             ] GC(976) Pause Young (Allocation Failure) 540M->137M(4046M) 8.044ms
[640.983s][info][gc,cpu         ] GC(976) User=0.02s Sys=0.00s Real=0.02s
[641.429s][info][gc,start       ] GC(977) Pause Full (System.gc())
[641.431s][info][gc,phases,start] GC(977) Phase 1: Mark live objects
[641.505s][info][gc,phases      ] GC(977) Phase 1: Mark live objects 73.933ms
[641.505s][info][gc,phases,start] GC(977) Phase 2: Compute new object addresses
[641.546s][info][gc,phases      ] GC(977) Phase 2: Compute new object addresses 41.357ms
[641.547s][info][gc,phases,start] GC(977) Phase 3: Adjust pointers
[641.592s][info][gc,phases      ] GC(977) Phase 3: Adjust pointers 45.094ms
[641.592s][info][gc,phases,start] GC(977) Phase 4: Move objects
[641.597s][info][gc,phases      ] GC(977) Phase 4: Move objects 5.190ms
[641.600s][info][gc,heap        ] GC(977) ParNew: 284055K->0K(460096K)
[641.600s][info][gc,heap        ] GC(977) CMS: 124973K->73601K(3683136K)
[641.600s][info][gc,metaspace   ] GC(977) Metaspace: 145890K(159468K)->145890K(159468K) NonClass: 127092K(133852K)->127092K(133852K) Class: 18798K(25616K)->18798K(25616K)
[641.601s][info][gc             ] GC(977) Pause Full (System.gc()) 399M->71M(4046M) 172.290ms
[641.601s][info][gc,cpu         ] GC(977) User=0.16s Sys=0.00s Real=0.17s
[641.733s][info][gc,start       ] GC(978) Pause Young (Allocation Failure)
[641.734s][info][gc,task        ] GC(978) Using 6 workers of 6 for evacuation
[641.741s][info][gc,heap        ] GC(978) ParNew: 409024K->19697K(460096K)
[641.741s][info][gc,heap        ] GC(978) CMS: 73601K->73601K(3683136K)
[641.741s][info][gc,metaspace   ] GC(978) Metaspace: 145891K(159468K)->145891K(159468K) NonClass: 127093K(133852K)->127093K(133852K) Class: 18798K(25616K)->18798K(25616K)
[641.741s][info][gc             ] GC(978) Pause Young (Allocation Failure) 471M->91M(4046M) 7.846ms
[641.741s][info][gc,cpu         ] GC(978) User=0.02s Sys=0.00s Real=0.00s
[641.897s][info][gc,start       ] GC(979) Pause Young (Allocation Failure)
[641.898s][info][gc,task        ] GC(979) Using 6 workers of 6 for evacuation
[641.907s][info][gc,heap        ] GC(979) ParNew: 426557K->43938K(460096K)
[641.907s][info][gc,heap        ] GC(979) CMS: 73601K->73601K(3683136K)
[641.907s][info][gc,metaspace   ] GC(979) Metaspace: 145891K(159468K)->145891K(159468K) NonClass: 127093K(133852K)->127093K(133852K) Class: 18798K(25616K)->18798K(25616K)
[641.907s][info][gc             ] GC(979) Pause Young (Allocation Failure) 488M->114M(4046M) 9.696ms
[641.907s][info][gc,cpu         ] GC(979) User=0.02s Sys=0.00s Real=0.01s
[641.960s][info][gc,start       ] GC(980) Pause Young (Allocation Failure)
[641.960s][info][gc,task        ] GC(980) Using 6 workers of 6 for evacuation
[641.969s][info][gc,heap        ] GC(980) ParNew: 451441K->30597K(460096K)
[641.969s][info][gc,heap        ] GC(980) CMS: 73601K->98197K(3683136K)
[641.969s][info][gc,metaspace   ] GC(980) Metaspace: 145891K(159468K)->145891K(159468K) NonClass: 127093K(133852K)->127093K(133852K) Class: 18798K(25616K)->18798K(25616K)
[641.969s][info][gc             ] GC(980) Pause Young (Allocation Failure) 512M->125M(4046M) 9.383ms
[641.969s][info][gc,cpu         ] GC(980) User=0.02s Sys=0.00s Real=0.02s
[642.151s][info][gc,start       ] GC(981) Pause Young (Allocation Failure)
[642.151s][info][gc,task        ] GC(981) Using 6 workers of 6 for evacuation
[642.160s][info][gc,heap        ] GC(981) ParNew: 439621K->28366K(460096K)
[642.160s][info][gc,heap        ] GC(981) CMS: 98197K->98197K(3683136K)
[642.160s][info][gc,metaspace   ] GC(981) Metaspace: 145891K(159468K)->145891K(159468K) NonClass: 127093K(133852K)->127093K(133852K) Class: 18798K(25616K)->18798K(25616K)
[642.160s][info][gc             ] GC(981) Pause Young (Allocation Failure) 525M->123M(4046M) 8.419ms
[642.160s][info][gc,cpu         ] GC(981) User=0.00s Sys=0.00s Real=0.01s
[642.208s][info][gc,start       ] GC(982) Pause Young (Allocation Failure)
[642.208s][info][gc,task        ] GC(982) Using 6 workers of 6 for evacuation
[642.217s][info][gc,heap        ] GC(982) ParNew: 434898K->38320K(460096K)
[642.217s][info][gc,heap        ] GC(982) CMS: 98197K->98197K(3683136K)
[642.217s][info][gc,metaspace   ] GC(982) Metaspace: 145891K(159468K)->145891K(159468K) NonClass: 127093K(133852K)->127093K(133852K) Class: 18798K(25616K)->18798K(25616K)
[642.217s][info][gc             ] GC(982) Pause Young (Allocation Failure) 520M->133M(4046M) 9.075ms
[642.217s][info][gc,cpu         ] GC(982) User=0.00s Sys=0.00s Real=0.00s
[642.413s][info][gc,start       ] GC(983) Pause Young (Allocation Failure)
[642.413s][info][gc,task        ] GC(983) Using 6 workers of 6 for evacuation
[642.423s][info][gc,heap        ] GC(983) ParNew: 447344K->35663K(460096K)
[642.424s][info][gc,heap        ] GC(983) CMS: 98197K->115214K(3683136K)
[642.424s][info][gc,metaspace   ] GC(983) Metaspace: 145891K(159468K)->145891K(159468K) NonClass: 127093K(133852K)->127093K(133852K) Class: 18798K(25616K)->18798K(25616K)
[642.424s][info][gc             ] GC(983) Pause Young (Allocation Failure) 532M->147M(4046M) 11.002ms
[642.424s][info][gc,cpu         ] GC(983) User=0.00s Sys=0.00s Real=0.02s
[642.984s][info][gc,start       ] GC(984) Pause Young (Allocation Failure)
[642.984s][info][gc,task        ] GC(984) Using 6 workers of 6 for evacuation
[642.993s][info][gc,heap        ] GC(984) ParNew: 444687K->20739K(460096K)
[642.993s][info][gc,heap        ] GC(984) CMS: 115214K->124679K(3683136K)
[642.993s][info][gc,metaspace   ] GC(984) Metaspace: 145891K(159468K)->145891K(159468K) NonClass: 127093K(133852K)->127093K(133852K) Class: 18798K(25616K)->18798K(25616K)
[642.993s][info][gc             ] GC(984) Pause Young (Allocation Failure) 546M->142M(4046M) 8.632ms
[642.993s][info][gc,cpu         ] GC(984) User=0.02s Sys=0.00s Real=0.02s
[644.578s][info][gc,start       ] GC(985) Pause Young (Allocation Failure)
[644.578s][info][gc,task        ] GC(985) Using 6 workers of 6 for evacuation
[644.585s][info][gc,heap        ] GC(985) ParNew: 429763K->14832K(460096K)
[644.585s][info][gc,heap        ] GC(985) CMS: 124679K->124679K(3683136K)
[644.585s][info][gc,metaspace   ] GC(985) Metaspace: 145891K(159468K)->145891K(159468K) NonClass: 127093K(133852K)->127093K(133852K) Class: 18798K(25616K)->18798K(25616K)
[644.585s][info][gc             ] GC(985) Pause Young (Allocation Failure) 541M->136M(4046M) 7.158ms
[644.585s][info][gc,cpu         ] GC(985) User=0.00s Sys=0.00s Real=0.00s
[646.143s][info][gc,start       ] GC(986) Pause Young (Allocation Failure)
[646.143s][info][gc,task        ] GC(986) Using 6 workers of 6 for evacuation
[646.151s][info][gc,heap        ] GC(986) ParNew: 423856K->21185K(460096K)
[646.151s][info][gc,heap        ] GC(986) CMS: 124679K->124679K(3683136K)
[646.151s][info][gc,metaspace   ] GC(986) Metaspace: 145891K(159468K)->145891K(159468K) NonClass: 127093K(133852K)->127093K(133852K) Class: 18798K(25616K)->18798K(25616K)
[646.151s][info][gc             ] GC(986) Pause Young (Allocation Failure) 535M->142M(4046M) 8.277ms
[646.151s][info][gc,cpu         ] GC(986) User=0.02s Sys=0.00s Real=0.02s
[647.627s][info][gc,start       ] GC(987) Pause Young (Allocation Failure)
[647.627s][info][gc,task        ] GC(987) Using 6 workers of 6 for evacuation
[647.633s][info][gc,heap        ] GC(987) ParNew: 429952K->13870K(460096K)
[647.633s][info][gc,heap        ] GC(987) CMS: 124679K->124679K(3683136K)
[647.633s][info][gc,metaspace   ] GC(987) Metaspace: 145896K(159468K)->145896K(159468K) NonClass: 127097K(133852K)->127097K(133852K) Class: 18798K(25616K)->18798K(25616K)
[647.633s][info][gc             ] GC(987) Pause Young (Allocation Failure) 541M->135M(4046M) 6.311ms
[647.633s][info][gc,cpu         ] GC(987) User=0.00s Sys=0.00s Real=0.02s
[648.081s][info][gc,start       ] GC(988) Pause Full (System.gc())
[648.083s][info][gc,phases,start] GC(988) Phase 1: Mark live objects
[648.156s][info][gc,phases      ] GC(988) Phase 1: Mark live objects 73.129ms
[648.157s][info][gc,phases,start] GC(988) Phase 2: Compute new object addresses
[648.198s][info][gc,phases      ] GC(988) Phase 2: Compute new object addresses 41.439ms
[648.198s][info][gc,phases,start] GC(988) Phase 3: Adjust pointers
[648.245s][info][gc,phases      ] GC(988) Phase 3: Adjust pointers 46.762ms
[648.245s][info][gc,phases,start] GC(988) Phase 4: Move objects
[648.251s][info][gc,phases      ] GC(988) Phase 4: Move objects 6.216ms
[648.255s][info][gc,heap        ] GC(988) ParNew: 284787K->0K(460096K)
[648.255s][info][gc,heap        ] GC(988) CMS: 124679K->73159K(3683136K)
[648.255s][info][gc,metaspace   ] GC(988) Metaspace: 145896K(159468K)->145896K(159468K) NonClass: 127097K(133852K)->127097K(133852K) Class: 18798K(25616K)->18798K(25616K)
[648.256s][info][gc             ] GC(988) Pause Full (System.gc()) 399M->71M(4046M) 175.339ms
[648.256s][info][gc,cpu         ] GC(988) User=0.16s Sys=0.00s Real=0.17s
[648.371s][info][gc,start       ] GC(989) Pause Young (Allocation Failure)
[648.371s][info][gc,task        ] GC(989) Using 6 workers of 6 for evacuation
[648.378s][info][gc,heap        ] GC(989) ParNew: 409024K->20564K(460096K)
[648.378s][info][gc,heap        ] GC(989) CMS: 73159K->73159K(3683136K)
[648.378s][info][gc,metaspace   ] GC(989) Metaspace: 145896K(159468K)->145896K(159468K) NonClass: 127097K(133852K)->127097K(133852K) Class: 18798K(25616K)->18798K(25616K)
[648.378s][info][gc             ] GC(989) Pause Young (Allocation Failure) 470M->91M(4046M) 7.477ms
[648.378s][info][gc,cpu         ] GC(989) User=0.00s Sys=0.00s Real=0.00s
[648.528s][info][gc,start       ] GC(990) Pause Young (Allocation Failure)
[648.528s][info][gc,task        ] GC(990) Using 6 workers of 6 for evacuation
[648.538s][info][gc,heap        ] GC(990) ParNew: 429588K->51072K(460096K)
[648.538s][info][gc,heap        ] GC(990) CMS: 73159K->73708K(3683136K)
[648.538s][info][gc,metaspace   ] GC(990) Metaspace: 145896K(159468K)->145896K(159468K) NonClass: 127097K(133852K)->127097K(133852K) Class: 18798K(25616K)->18798K(25616K)
[648.538s][info][gc             ] GC(990) Pause Young (Allocation Failure) 490M->121M(4046M) 10.158ms
[648.538s][info][gc,cpu         ] GC(990) User=0.00s Sys=0.00s Real=0.00s
[648.590s][info][gc,start       ] GC(991) Pause Young (Allocation Failure)
[648.590s][info][gc,task        ] GC(991) Using 6 workers of 6 for evacuation
[648.601s][info][gc,heap        ] GC(991) ParNew: 456197K->29088K(460096K)
[648.601s][info][gc,heap        ] GC(991) CMS: 73708K->97251K(3683136K)
[648.601s][info][gc,metaspace   ] GC(991) Metaspace: 145896K(159468K)->145896K(159468K) NonClass: 127097K(133852K)->127097K(133852K) Class: 18798K(25616K)->18798K(25616K)
[648.601s][info][gc             ] GC(991) Pause Young (Allocation Failure) 517M->123M(4046M) 10.781ms
[648.601s][info][gc,cpu         ] GC(991) User=0.00s Sys=0.00s Real=0.02s
[648.779s][info][gc,start       ] GC(992) Pause Young (Allocation Failure)
[648.779s][info][gc,task        ] GC(992) Using 6 workers of 6 for evacuation
[648.787s][info][gc,heap        ] GC(992) ParNew: 438112K->27170K(460096K)
[648.787s][info][gc,heap        ] GC(992) CMS: 97251K->97251K(3683136K)
[648.787s][info][gc,metaspace   ] GC(992) Metaspace: 145896K(159468K)->145896K(159468K) NonClass: 127097K(133852K)->127097K(133852K) Class: 18798K(25616K)->18798K(25616K)
[648.787s][info][gc             ] GC(992) Pause Young (Allocation Failure) 522M->121M(4046M) 7.953ms
[648.787s][info][gc,cpu         ] GC(992) User=0.00s Sys=0.00s Real=0.00s
[648.837s][info][gc,start       ] GC(993) Pause Young (Allocation Failure)
[648.837s][info][gc,task        ] GC(993) Using 6 workers of 6 for evacuation
[648.848s][info][gc,heap        ] GC(993) ParNew: 436194K->51072K(460096K)
[648.848s][info][gc,heap        ] GC(993) CMS: 97251K->101347K(3683136K)
[648.848s][info][gc,metaspace   ] GC(993) Metaspace: 145896K(159468K)->145896K(159468K) NonClass: 127097K(133852K)->127097K(133852K) Class: 18798K(25616K)->18798K(25616K)
[648.848s][info][gc             ] GC(993) Pause Young (Allocation Failure) 520M->148M(4046M) 10.573ms
[648.848s][info][gc,cpu         ] GC(993) User=0.03s Sys=0.00s Real=0.02s
[649.019s][info][gc,start       ] GC(994) Pause Young (Allocation Failure)
[649.019s][info][gc,task        ] GC(994) Using 6 workers of 6 for evacuation
[649.032s][info][gc,heap        ] GC(994) ParNew: 460096K->35152K(460096K)
[649.032s][info][gc,heap        ] GC(994) CMS: 101347K->119173K(3683136K)
[649.032s][info][gc,metaspace   ] GC(994) Metaspace: 145896K(159468K)->145896K(159468K) NonClass: 127097K(133852K)->127097K(133852K) Class: 18798K(25616K)->18798K(25616K)
[649.032s][info][gc             ] GC(994) Pause Young (Allocation Failure) 548M->150M(4046M) 12.854ms
[649.032s][info][gc,cpu         ] GC(994) User=0.02s Sys=0.00s Real=0.02s
[649.593s][info][gc,start       ] GC(995) Pause Young (Allocation Failure)
[649.593s][info][gc,task        ] GC(995) Using 6 workers of 6 for evacuation
[649.602s][info][gc,heap        ] GC(995) ParNew: 444176K->26421K(460096K)
[649.602s][info][gc,heap        ] GC(995) CMS: 119173K->128636K(3683136K)
[649.602s][info][gc,metaspace   ] GC(995) Metaspace: 145896K(159468K)->145896K(159468K) NonClass: 127097K(133852K)->127097K(133852K) Class: 18798K(25616K)->18798K(25616K)
[649.602s][info][gc             ] GC(995) Pause Young (Allocation Failure) 550M->151M(4046M) 8.484ms
[649.602s][info][gc,cpu         ] GC(995) User=0.02s Sys=0.00s Real=0.02s
[651.182s][info][gc,start       ] GC(996) Pause Young (Allocation Failure)
[651.182s][info][gc,task        ] GC(996) Using 6 workers of 6 for evacuation
[651.189s][info][gc,heap        ] GC(996) ParNew: 435445K->15456K(460096K)
[651.189s][info][gc,heap        ] GC(996) CMS: 128636K->128636K(3683136K)
[651.189s][info][gc,metaspace   ] GC(996) Metaspace: 145896K(159468K)->145896K(159468K) NonClass: 127097K(133852K)->127097K(133852K) Class: 18798K(25616K)->18798K(25616K)
[651.189s][info][gc             ] GC(996) Pause Young (Allocation Failure) 550M->140M(4046M) 6.758ms
[651.189s][info][gc,cpu         ] GC(996) User=0.02s Sys=0.00s Real=0.00s
[652.745s][info][gc,start       ] GC(997) Pause Young (Allocation Failure)
[652.745s][info][gc,task        ] GC(997) Using 6 workers of 6 for evacuation
[652.752s][info][gc,heap        ] GC(997) ParNew: 424480K->17284K(460096K)
[652.752s][info][gc,heap        ] GC(997) CMS: 128636K->128636K(3683136K)
[652.752s][info][gc,metaspace   ] GC(997) Metaspace: 145896K(159468K)->145896K(159468K) NonClass: 127097K(133852K)->127097K(133852K) Class: 18798K(25616K)->18798K(25616K)
[652.752s][info][gc             ] GC(997) Pause Young (Allocation Failure) 540M->142M(4046M) 7.528ms
[652.752s][info][gc,cpu         ] GC(997) User=0.02s Sys=0.00s Real=0.02s
[654.245s][info][gc,start       ] GC(998) Pause Young (Allocation Failure)
[654.245s][info][gc,task        ] GC(998) Using 6 workers of 6 for evacuation
[654.252s][info][gc,heap        ] GC(998) ParNew: 425429K->14609K(460096K)
[654.252s][info][gc,heap        ] GC(998) CMS: 128636K->128636K(3683136K)
[654.252s][info][gc,metaspace   ] GC(998) Metaspace: 145896K(159468K)->145896K(159468K) NonClass: 127097K(133852K)->127097K(133852K) Class: 18798K(25616K)->18798K(25616K)
[654.252s][info][gc             ] GC(998) Pause Young (Allocation Failure) 541M->139M(4046M) 7.687ms
[654.252s][info][gc,cpu         ] GC(998) User=0.00s Sys=0.00s Real=0.00s
[654.694s][info][gc,start       ] GC(999) Pause Full (System.gc())
[654.697s][info][gc,phases,start] GC(999) Phase 1: Mark live objects
[654.770s][info][gc,phases      ] GC(999) Phase 1: Mark live objects 73.332ms
[654.770s][info][gc,phases,start] GC(999) Phase 2: Compute new object addresses
[654.812s][info][gc,phases      ] GC(999) Phase 2: Compute new object addresses 41.625ms
[654.812s][info][gc,phases,start] GC(999) Phase 3: Adjust pointers
[654.857s][info][gc,phases      ] GC(999) Phase 3: Adjust pointers 45.446ms
[654.857s][info][gc,phases,start] GC(999) Phase 4: Move objects
[654.862s][info][gc,phases      ] GC(999) Phase 4: Move objects 5.054ms
[654.866s][info][gc,heap        ] GC(999) ParNew: 285578K->0K(460096K)
[654.866s][info][gc,heap        ] GC(999) CMS: 128636K->73542K(3683136K)
[654.866s][info][gc,metaspace   ] GC(999) Metaspace: 145896K(159468K)->145896K(159468K) NonClass: 127097K(133852K)->127097K(133852K) Class: 18798K(25616K)->18798K(25616K)
[654.867s][info][gc             ] GC(999) Pause Full (System.gc()) 404M->71M(4046M) 172.499ms
[654.867s][info][gc,cpu         ] GC(999) User=0.17s Sys=0.00s Real=0.17s
[654.983s][info][gc,start       ] GC(1000) Pause Young (Allocation Failure)
[654.983s][info][gc,task        ] GC(1000) Using 6 workers of 6 for evacuation
[654.990s][info][gc,heap        ] GC(1000) ParNew: 409024K->19682K(460096K)
[654.990s][info][gc,heap        ] GC(1000) CMS: 73542K->73542K(3683136K)
[654.991s][info][gc,metaspace   ] GC(1000) Metaspace: 145896K(159468K)->145896K(159468K) NonClass: 127097K(133852K)->127097K(133852K) Class: 18798K(25616K)->18798K(25616K)
[654.991s][info][gc             ] GC(1000) Pause Young (Allocation Failure) 471M->91M(4046M) 8.027ms
[654.991s][info][gc,cpu         ] GC(1000) User=0.02s Sys=0.00s Real=0.00s
[655.145s][info][gc,start       ] GC(1001) Pause Young (Allocation Failure)
[655.145s][info][gc,task        ] GC(1001) Using 6 workers of 6 for evacuation
[655.154s][info][gc,heap        ] GC(1001) ParNew: 428706K->51072K(460096K)
[655.154s][info][gc,heap        ] GC(1001) CMS: 73542K->73704K(3683136K)
[655.154s][info][gc,metaspace   ] GC(1001) Metaspace: 145896K(159468K)->145896K(159468K) NonClass: 127097K(133852K)->127097K(133852K) Class: 18798K(25616K)->18798K(25616K)
[655.154s][info][gc             ] GC(1001) Pause Young (Allocation Failure) 490M->121M(4046M) 9.557ms
[655.154s][info][gc,cpu         ] GC(1001) User=0.02s Sys=0.00s Real=0.02s
[655.211s][info][gc,start       ] GC(1002) Pause Young (Allocation Failure)
[655.211s][info][gc,task        ] GC(1002) Using 6 workers of 6 for evacuation
[655.222s][info][gc,heap        ] GC(1002) ParNew: 460096K->29534K(460096K)
[655.222s][info][gc,heap        ] GC(1002) CMS: 73704K->97587K(3683136K)
[655.222s][info][gc,metaspace   ] GC(1002) Metaspace: 145896K(159468K)->145896K(159468K) NonClass: 127097K(133852K)->127097K(133852K) Class: 18798K(25616K)->18798K(25616K)
[655.222s][info][gc             ] GC(1002) Pause Young (Allocation Failure) 521M->124M(4046M) 11.300ms
[655.222s][info][gc,cpu         ] GC(1002) User=0.03s Sys=0.00s Real=0.02s
[655.407s][info][gc,start       ] GC(1003) Pause Young (Allocation Failure)
[655.407s][info][gc,task        ] GC(1003) Using 6 workers of 6 for evacuation
[655.415s][info][gc,heap        ] GC(1003) ParNew: 436576K->23904K(460096K)
[655.415s][info][gc,heap        ] GC(1003) CMS: 97587K->97587K(3683136K)
[655.415s][info][gc,metaspace   ] GC(1003) Metaspace: 145896K(159468K)->145896K(159468K) NonClass: 127097K(133852K)->127097K(133852K) Class: 18798K(25616K)->18798K(25616K)
[655.415s][info][gc             ] GC(1003) Pause Young (Allocation Failure) 521M->118M(4046M) 8.207ms
[655.415s][info][gc,cpu         ] GC(1003) User=0.00s Sys=0.00s Real=0.00s
[655.465s][info][gc,start       ] GC(1004) Pause Young (Allocation Failure)
[655.465s][info][gc,task        ] GC(1004) Using 6 workers of 6 for evacuation
[655.475s][info][gc,heap        ] GC(1004) ParNew: 432698K->38033K(460096K)
[655.475s][info][gc,heap        ] GC(1004) CMS: 97587K->97587K(3683136K)
[655.475s][info][gc,metaspace   ] GC(1004) Metaspace: 145896K(159468K)->145896K(159468K) NonClass: 127097K(133852K)->127097K(133852K) Class: 18798K(25616K)->18798K(25616K)
[655.475s][info][gc             ] GC(1004) Pause Young (Allocation Failure) 517M->132M(4046M) 9.417ms
[655.475s][info][gc,cpu         ] GC(1004) User=0.00s Sys=0.00s Real=0.00s
[655.648s][info][gc,start       ] GC(1005) Pause Young (Allocation Failure)
[655.648s][info][gc,task        ] GC(1005) Using 6 workers of 6 for evacuation
[655.659s][info][gc,heap        ] GC(1005) ParNew: 447057K->36243K(460096K)
[655.660s][info][gc,heap        ] GC(1005) CMS: 97587K->115308K(3683136K)
[655.660s][info][gc,metaspace   ] GC(1005) Metaspace: 145896K(159468K)->145896K(159468K) NonClass: 127097K(133852K)->127097K(133852K) Class: 18798K(25616K)->18798K(25616K)
[655.660s][info][gc             ] GC(1005) Pause Young (Allocation Failure) 531M->147M(4046M) 12.065ms
[655.660s][info][gc,cpu         ] GC(1005) User=0.02s Sys=0.00s Real=0.02s
[656.211s][info][gc,start       ] GC(1006) Pause Young (Allocation Failure)
[656.211s][info][gc,task        ] GC(1006) Using 6 workers of 6 for evacuation
[656.221s][info][gc,heap        ] GC(1006) ParNew: 445267K->22329K(460096K)
[656.221s][info][gc,heap        ] GC(1006) CMS: 115308K->124771K(3683136K)
[656.221s][info][gc,metaspace   ] GC(1006) Metaspace: 145896K(159468K)->145896K(159468K) NonClass: 127097K(133852K)->127097K(133852K) Class: 18798K(25616K)->18798K(25616K)
[656.221s][info][gc             ] GC(1006) Pause Young (Allocation Failure) 547M->143M(4046M) 9.718ms
[656.221s][info][gc,cpu         ] GC(1006) User=0.02s Sys=0.00s Real=0.02s
[657.799s][info][gc,start       ] GC(1007) Pause Young (Allocation Failure)
[657.799s][info][gc,task        ] GC(1007) Using 6 workers of 6 for evacuation
[657.806s][info][gc,heap        ] GC(1007) ParNew: 431353K->15622K(460096K)
[657.806s][info][gc,heap        ] GC(1007) CMS: 124771K->124771K(3683136K)
[657.806s][info][gc,metaspace   ] GC(1007) Metaspace: 145902K(159468K)->145902K(159468K) NonClass: 127103K(133852K)->127103K(133852K) Class: 18798K(25616K)->18798K(25616K)
[657.806s][info][gc             ] GC(1007) Pause Young (Allocation Failure) 543M->137M(4046M) 6.807ms
[657.806s][info][gc,cpu         ] GC(1007) User=0.02s Sys=0.00s Real=0.02s
[659.369s][info][gc,start       ] GC(1008) Pause Young (Allocation Failure)
[659.369s][info][gc,task        ] GC(1008) Using 6 workers of 6 for evacuation
[659.377s][info][gc,heap        ] GC(1008) ParNew: 424646K->17851K(460096K)
[659.377s][info][gc,heap        ] GC(1008) CMS: 124771K->124771K(3683136K)
[659.377s][info][gc,metaspace   ] GC(1008) Metaspace: 145904K(159468K)->145904K(159468K) NonClass: 127105K(133852K)->127105K(133852K) Class: 18798K(25616K)->18798K(25616K)
[659.377s][info][gc             ] GC(1008) Pause Young (Allocation Failure) 536M->139M(4046M) 8.393ms
[659.377s][info][gc,cpu         ] GC(1008) User=0.02s Sys=0.00s Real=0.02s
[660.868s][info][gc,start       ] GC(1009) Pause Young (Allocation Failure)
[660.868s][info][gc,task        ] GC(1009) Using 6 workers of 6 for evacuation
[660.874s][info][gc,heap        ] GC(1009) ParNew: 426440K->14217K(460096K)
[660.875s][info][gc,heap        ] GC(1009) CMS: 124771K->124771K(3683136K)
[660.875s][info][gc,metaspace   ] GC(1009) Metaspace: 145904K(159468K)->145904K(159468K) NonClass: 127105K(133852K)->127105K(133852K) Class: 18798K(25616K)->18798K(25616K)
[660.875s][info][gc             ] GC(1009) Pause Young (Allocation Failure) 538M->135M(4046M) 6.989ms
[660.875s][info][gc,cpu         ] GC(1009) User=0.00s Sys=0.00s Real=0.00s
[661.321s][info][gc,start       ] GC(1010) Pause Full (System.gc())
[661.324s][info][gc,phases,start] GC(1010) Phase 1: Mark live objects
[661.397s][info][gc,phases      ] GC(1010) Phase 1: Mark live objects 73.225ms
[661.397s][info][gc,phases,start] GC(1010) Phase 2: Compute new object addresses
[661.438s][info][gc,phases      ] GC(1010) Phase 2: Compute new object addresses 41.225ms
[661.438s][info][gc,phases,start] GC(1010) Phase 3: Adjust pointers
[661.484s][info][gc,phases      ] GC(1010) Phase 3: Adjust pointers 46.416ms
[661.485s][info][gc,phases,start] GC(1010) Phase 4: Move objects
[661.491s][info][gc,phases      ] GC(1010) Phase 4: Move objects 6.253ms
[661.494s][info][gc,heap        ] GC(1010) ParNew: 282935K->0K(460096K)
[661.494s][info][gc,heap        ] GC(1010) CMS: 124771K->73253K(3683136K)
[661.494s][info][gc,metaspace   ] GC(1010) Metaspace: 145907K(159468K)->145907K(159468K) NonClass: 127108K(133852K)->127108K(133852K) Class: 18798K(25616K)->18798K(25616K)
[661.495s][info][gc             ] GC(1010) Pause Full (System.gc()) 398M->71M(4046M) 173.988ms
[661.495s][info][gc,cpu         ] GC(1010) User=0.19s Sys=0.00s Real=0.17s
[661.615s][info][gc,start       ] GC(1011) Pause Young (Allocation Failure)
[661.616s][info][gc,task        ] GC(1011) Using 6 workers of 6 for evacuation
[661.623s][info][gc,heap        ] GC(1011) ParNew: 409024K->19627K(460096K)
[661.623s][info][gc,heap        ] GC(1011) CMS: 73253K->73253K(3683136K)
[661.623s][info][gc,metaspace   ] GC(1011) Metaspace: 145907K(159468K)->145907K(159468K) NonClass: 127108K(133852K)->127108K(133852K) Class: 18798K(25616K)->18798K(25616K)
[661.623s][info][gc             ] GC(1011) Pause Young (Allocation Failure) 470M->90M(4046M) 7.992ms
[661.623s][info][gc,cpu         ] GC(1011) User=0.02s Sys=0.00s Real=0.02s
[661.784s][info][gc,start       ] GC(1012) Pause Young (Allocation Failure)
[661.784s][info][gc,task        ] GC(1012) Using 6 workers of 6 for evacuation
[661.794s][info][gc,heap        ] GC(1012) ParNew: 428646K->51072K(460096K)
[661.795s][info][gc,heap        ] GC(1012) CMS: 73253K->73358K(3683136K)
[661.795s][info][gc,metaspace   ] GC(1012) Metaspace: 145907K(159468K)->145907K(159468K) NonClass: 127108K(133852K)->127108K(133852K) Class: 18798K(25616K)->18798K(25616K)
[661.795s][info][gc             ] GC(1012) Pause Young (Allocation Failure) 490M->121M(4046M) 10.661ms
[661.795s][info][gc,cpu         ] GC(1012) User=0.08s Sys=0.00s Real=0.02s
[661.847s][info][gc,start       ] GC(1013) Pause Young (Allocation Failure)
[661.847s][info][gc,task        ] GC(1013) Using 6 workers of 6 for evacuation
[661.857s][info][gc,heap        ] GC(1013) ParNew: 457280K->29255K(460096K)
[661.857s][info][gc,heap        ] GC(1013) CMS: 73358K->97162K(3683136K)
[661.857s][info][gc,metaspace   ] GC(1013) Metaspace: 145907K(159468K)->145907K(159468K) NonClass: 127108K(133852K)->127108K(133852K) Class: 18798K(25616K)->18798K(25616K)
[661.857s][info][gc             ] GC(1013) Pause Young (Allocation Failure) 518M->123M(4046M) 9.994ms
[661.857s][info][gc,cpu         ] GC(1013) User=0.03s Sys=0.00s Real=0.02s
[662.038s][info][gc,start       ] GC(1014) Pause Young (Allocation Failure)
[662.038s][info][gc,task        ] GC(1014) Using 6 workers of 6 for evacuation
[662.047s][info][gc,heap        ] GC(1014) ParNew: 438279K->25525K(460096K)
[662.047s][info][gc,heap        ] GC(1014) CMS: 97162K->97162K(3683136K)
[662.047s][info][gc,metaspace   ] GC(1014) Metaspace: 145907K(159468K)->145907K(159468K) NonClass: 127108K(133852K)->127108K(133852K) Class: 18798K(25616K)->18798K(25616K)
[662.047s][info][gc             ] GC(1014) Pause Young (Allocation Failure) 522M->119M(4046M) 8.204ms
[662.047s][info][gc,cpu         ] GC(1014) User=0.02s Sys=0.00s Real=0.02s
[662.096s][info][gc,start       ] GC(1015) Pause Young (Allocation Failure)
[662.096s][info][gc,task        ] GC(1015) Using 6 workers of 6 for evacuation
[662.106s][info][gc,heap        ] GC(1015) ParNew: 434549K->51072K(460096K)
[662.106s][info][gc,heap        ] GC(1015) CMS: 97162K->98611K(3683136K)
[662.106s][info][gc,metaspace   ] GC(1015) Metaspace: 145907K(159468K)->145907K(159468K) NonClass: 127108K(133852K)->127108K(133852K) Class: 18798K(25616K)->18798K(25616K)
[662.107s][info][gc             ] GC(1015) Pause Young (Allocation Failure) 519M->146M(4046M) 10.240ms
[662.107s][info][gc,cpu         ] GC(1015) User=0.02s Sys=0.00s Real=0.01s
[662.271s][info][gc,start       ] GC(1016) Pause Young (Allocation Failure)
[662.271s][info][gc,task        ] GC(1016) Using 6 workers of 6 for evacuation
[662.282s][info][gc,heap        ] GC(1016) ParNew: 460096K->33947K(460096K)
[662.282s][info][gc,heap        ] GC(1016) CMS: 98611K->116369K(3683136K)
[662.282s][info][gc,metaspace   ] GC(1016) Metaspace: 145907K(159468K)->145907K(159468K) NonClass: 127108K(133852K)->127108K(133852K) Class: 18798K(25616K)->18798K(25616K)
[662.282s][info][gc             ] GC(1016) Pause Young (Allocation Failure) 545M->146M(4046M) 11.278ms
[662.282s][info][gc,cpu         ] GC(1016) User=0.02s Sys=0.00s Real=0.01s
[662.829s][info][gc,start       ] GC(1017) Pause Young (Allocation Failure)
[662.829s][info][gc,task        ] GC(1017) Using 6 workers of 6 for evacuation
[662.837s][info][gc,heap        ] GC(1017) ParNew: 442971K->22127K(460096K)
[662.837s][info][gc,heap        ] GC(1017) CMS: 116369K->125835K(3683136K)
[662.837s][info][gc,metaspace   ] GC(1017) Metaspace: 145907K(159468K)->145907K(159468K) NonClass: 127108K(133852K)->127108K(133852K) Class: 18798K(25616K)->18798K(25616K)
[662.837s][info][gc             ] GC(1017) Pause Young (Allocation Failure) 546M->144M(4046M) 7.999ms
[662.837s][info][gc,cpu         ] GC(1017) User=0.00s Sys=0.00s Real=0.00s
[664.432s][info][gc,start       ] GC(1018) Pause Young (Allocation Failure)
[664.432s][info][gc,task        ] GC(1018) Using 6 workers of 6 for evacuation
[664.440s][info][gc,heap        ] GC(1018) ParNew: 431151K->15042K(460096K)
[664.440s][info][gc,heap        ] GC(1018) CMS: 125835K->125835K(3683136K)
[664.440s][info][gc,metaspace   ] GC(1018) Metaspace: 145907K(159468K)->145907K(159468K) NonClass: 127108K(133852K)->127108K(133852K) Class: 18798K(25616K)->18798K(25616K)
[664.440s][info][gc             ] GC(1018) Pause Young (Allocation Failure) 543M->137M(4046M) 8.167ms
[664.440s][info][gc,cpu         ] GC(1018) User=0.00s Sys=0.00s Real=0.00s
[665.999s][info][gc,start       ] GC(1019) Pause Young (GCLocker Initiated GC)
[665.999s][info][gc,task        ] GC(1019) Using 6 workers of 6 for evacuation
[666.007s][info][gc,heap        ] GC(1019) ParNew: 424086K->18401K(460096K)
[666.007s][info][gc,heap        ] GC(1019) CMS: 125835K->125835K(3683136K)
[666.007s][info][gc,metaspace   ] GC(1019) Metaspace: 145907K(159468K)->145907K(159468K) NonClass: 127108K(133852K)->127108K(133852K) Class: 18798K(25616K)->18798K(25616K)
[666.007s][info][gc             ] GC(1019) Pause Young (GCLocker Initiated GC) 537M->140M(4046M) 8.649ms
[666.007s][info][gc,cpu         ] GC(1019) User=0.00s Sys=0.00s Real=0.00s
[667.481s][info][gc,start       ] GC(1020) Pause Young (Allocation Failure)
[667.481s][info][gc,task        ] GC(1020) Using 6 workers of 6 for evacuation
[667.488s][info][gc,heap        ] GC(1020) ParNew: 426975K->13551K(460096K)
[667.488s][info][gc,heap        ] GC(1020) CMS: 125835K->125835K(3683136K)
[667.488s][info][gc,metaspace   ] GC(1020) Metaspace: 145907K(159468K)->145907K(159468K) NonClass: 127108K(133852K)->127108K(133852K) Class: 18798K(25616K)->18798K(25616K)
[667.488s][info][gc             ] GC(1020) Pause Young (Allocation Failure) 539M->136M(4046M) 6.480ms
[667.488s][info][gc,cpu         ] GC(1020) User=0.00s Sys=0.00s Real=0.02s
[667.933s][info][gc,start       ] GC(1021) Pause Full (System.gc())
[667.936s][info][gc,phases,start] GC(1021) Phase 1: Mark live objects
[668.009s][info][gc,phases      ] GC(1021) Phase 1: Mark live objects 73.608ms
[668.009s][info][gc,phases,start] GC(1021) Phase 2: Compute new object addresses
[668.051s][info][gc,phases      ] GC(1021) Phase 2: Compute new object addresses 41.344ms
[668.051s][info][gc,phases,start] GC(1021) Phase 3: Adjust pointers
[668.096s][info][gc,phases      ] GC(1021) Phase 3: Adjust pointers 45.246ms
[668.096s][info][gc,phases,start] GC(1021) Phase 4: Move objects
[668.101s][info][gc,phases      ] GC(1021) Phase 4: Move objects 5.120ms
[668.105s][info][gc,heap        ] GC(1021) ParNew: 283144K->0K(460096K)
[668.105s][info][gc,heap        ] GC(1021) CMS: 125835K->73621K(3683136K)
[668.105s][info][gc,metaspace   ] GC(1021) Metaspace: 145912K(159468K)->145912K(159468K) NonClass: 127113K(133852K)->127113K(133852K) Class: 18798K(25616K)->18798K(25616K)
[668.106s][info][gc             ] GC(1021) Pause Full (System.gc()) 399M->71M(4046M) 172.475ms
[668.106s][info][gc,cpu         ] GC(1021) User=0.16s Sys=0.00s Real=0.17s
[668.240s][info][gc,start       ] GC(1022) Pause Young (Allocation Failure)
[668.240s][info][gc,task        ] GC(1022) Using 6 workers of 6 for evacuation
[668.249s][info][gc,heap        ] GC(1022) ParNew: 409024K->19600K(460096K)
[668.249s][info][gc,heap        ] GC(1022) CMS: 73621K->73621K(3683136K)
[668.249s][info][gc,metaspace   ] GC(1022) Metaspace: 145913K(159468K)->145913K(159468K) NonClass: 127114K(133852K)->127114K(133852K) Class: 18798K(25616K)->18798K(25616K)
[668.249s][info][gc             ] GC(1022) Pause Young (Allocation Failure) 471M->91M(4046M) 8.813ms
[668.249s][info][gc,cpu         ] GC(1022) User=0.02s Sys=0.00s Real=0.02s
[668.402s][info][gc,start       ] GC(1023) Pause Young (Allocation Failure)
[668.402s][info][gc,task        ] GC(1023) Using 6 workers of 6 for evacuation
[668.412s][info][gc,heap        ] GC(1023) ParNew: 425030K->51072K(460096K)
[668.412s][info][gc,heap        ] GC(1023) CMS: 73621K->73621K(3683136K)
[668.412s][info][gc,metaspace   ] GC(1023) Metaspace: 145916K(159468K)->145916K(159468K) NonClass: 127117K(133852K)->127117K(133852K) Class: 18798K(25616K)->18798K(25616K)
[668.412s][info][gc             ] GC(1023) Pause Young (Allocation Failure) 486M->121M(4046M) 10.414ms
[668.412s][info][gc,cpu         ] GC(1023) User=0.00s Sys=0.00s Real=0.00s
[668.464s][info][gc,start       ] GC(1024) Pause Young (Allocation Failure)
[668.464s][info][gc,task        ] GC(1024) Using 6 workers of 6 for evacuation
[668.473s][info][gc,heap        ] GC(1024) ParNew: 458103K->36413K(460096K)
[668.473s][info][gc,heap        ] GC(1024) CMS: 73621K->96801K(3683136K)
[668.473s][info][gc,metaspace   ] GC(1024) Metaspace: 145916K(159468K)->145916K(159468K) NonClass: 127117K(133852K)->127117K(133852K) Class: 18798K(25616K)->18798K(25616K)
[668.473s][info][gc             ] GC(1024) Pause Young (Allocation Failure) 519M->130M(4046M) 9.068ms
[668.473s][info][gc,cpu         ] GC(1024) User=0.00s Sys=0.00s Real=0.00s
[668.649s][info][gc,start       ] GC(1025) Pause Young (Allocation Failure)
[668.649s][info][gc,task        ] GC(1025) Using 6 workers of 6 for evacuation
[668.656s][info][gc,heap        ] GC(1025) ParNew: 445437K->28636K(460096K)
[668.656s][info][gc,heap        ] GC(1025) CMS: 96801K->96801K(3683136K)
[668.656s][info][gc,metaspace   ] GC(1025) Metaspace: 145916K(159468K)->145916K(159468K) NonClass: 127117K(133852K)->127117K(133852K) Class: 18798K(25616K)->18798K(25616K)
[668.656s][info][gc             ] GC(1025) Pause Young (Allocation Failure) 529M->122M(4046M) 7.839ms
[668.656s][info][gc,cpu         ] GC(1025) User=0.00s Sys=0.00s Real=0.02s
[668.708s][info][gc,start       ] GC(1026) Pause Young (Allocation Failure)
[668.708s][info][gc,task        ] GC(1026) Using 6 workers of 6 for evacuation
[668.716s][info][gc,heap        ] GC(1026) ParNew: 437660K->29955K(460096K)
[668.716s][info][gc,heap        ] GC(1026) CMS: 96801K->96801K(3683136K)
[668.716s][info][gc,metaspace   ] GC(1026) Metaspace: 145916K(159468K)->145916K(159468K) NonClass: 127117K(133852K)->127117K(133852K) Class: 18798K(25616K)->18798K(25616K)
[668.717s][info][gc             ] GC(1026) Pause Young (Allocation Failure) 521M->123M(4046M) 8.926ms
[668.717s][info][gc,cpu         ] GC(1026) User=0.02s Sys=0.00s Real=0.01s
[668.888s][info][gc,start       ] GC(1027) Pause Young (Allocation Failure)
[668.888s][info][gc,task        ] GC(1027) Using 6 workers of 6 for evacuation
[668.899s][info][gc,heap        ] GC(1027) ParNew: 438979K->35702K(460096K)
[668.899s][info][gc,heap        ] GC(1027) CMS: 96801K->115220K(3683136K)
[668.899s][info][gc,metaspace   ] GC(1027) Metaspace: 145916K(159468K)->145916K(159468K) NonClass: 127117K(133852K)->127117K(133852K) Class: 18798K(25616K)->18798K(25616K)
[668.899s][info][gc             ] GC(1027) Pause Young (Allocation Failure) 523M->147M(4046M) 10.984ms
[668.899s][info][gc,cpu         ] GC(1027) User=0.00s Sys=0.00s Real=0.00s
[669.476s][info][gc,start       ] GC(1028) Pause Young (GCLocker Initiated GC)
[669.476s][info][gc,task        ] GC(1028) Using 6 workers of 6 for evacuation
[669.484s][info][gc,heap        ] GC(1028) ParNew: 445750K->24179K(460096K)
[669.485s][info][gc,heap        ] GC(1028) CMS: 115220K->124686K(3683136K)
[669.485s][info][gc,metaspace   ] GC(1028) Metaspace: 145916K(159468K)->145916K(159468K) NonClass: 127117K(133852K)->127117K(133852K) Class: 18798K(25616K)->18798K(25616K)
[669.485s][info][gc             ] GC(1028) Pause Young (GCLocker Initiated GC) 547M->145M(4046M) 8.228ms
[669.485s][info][gc,cpu         ] GC(1028) User=0.02s Sys=0.00s Real=0.02s
[671.066s][info][gc,start       ] GC(1029) Pause Young (Allocation Failure)
[671.066s][info][gc,task        ] GC(1029) Using 6 workers of 6 for evacuation
[671.074s][info][gc,heap        ] GC(1029) ParNew: 433203K->15687K(460096K)
[671.074s][info][gc,heap        ] GC(1029) CMS: 124686K->124686K(3683136K)
[671.074s][info][gc,metaspace   ] GC(1029) Metaspace: 145916K(159468K)->145916K(159468K) NonClass: 127117K(133852K)->127117K(133852K) Class: 18798K(25616K)->18798K(25616K)
[671.074s][info][gc             ] GC(1029) Pause Young (Allocation Failure) 544M->137M(4046M) 8.200ms
[671.074s][info][gc,cpu         ] GC(1029) User=0.02s Sys=0.00s Real=0.02s
[672.623s][info][gc,start       ] GC(1030) Pause Young (Allocation Failure)
[672.624s][info][gc,task        ] GC(1030) Using 6 workers of 6 for evacuation
[672.632s][info][gc,heap        ] GC(1030) ParNew: 424711K->17429K(460096K)
[672.632s][info][gc,heap        ] GC(1030) CMS: 124686K->124686K(3683136K)
[672.632s][info][gc,metaspace   ] GC(1030) Metaspace: 145916K(159468K)->145916K(159468K) NonClass: 127117K(133852K)->127117K(133852K) Class: 18798K(25616K)->18798K(25616K)
[672.632s][info][gc             ] GC(1030) Pause Young (Allocation Failure) 536M->138M(4046M) 9.028ms
[672.633s][info][gc,cpu         ] GC(1030) User=0.00s Sys=0.00s Real=0.00s
[674.116s][info][gc,start       ] GC(1031) Pause Young (Allocation Failure)
[674.116s][info][gc,task        ] GC(1031) Using 6 workers of 6 for evacuation
[674.124s][info][gc,heap        ] GC(1031) ParNew: 425968K->13842K(460096K)
[674.124s][info][gc,heap        ] GC(1031) CMS: 124686K->124686K(3683136K)
[674.124s][info][gc,metaspace   ] GC(1031) Metaspace: 145916K(159468K)->145916K(159468K) NonClass: 127117K(133852K)->127117K(133852K) Class: 18798K(25616K)->18798K(25616K)
[674.124s][info][gc             ] GC(1031) Pause Young (Allocation Failure) 537M->135M(4046M) 8.078ms
[674.125s][info][gc,cpu         ] GC(1031) User=0.00s Sys=0.00s Real=0.00s
[674.578s][info][gc,start       ] GC(1032) Pause Full (System.gc())
[674.581s][info][gc,phases,start] GC(1032) Phase 1: Mark live objects
[674.655s][info][gc,phases      ] GC(1032) Phase 1: Mark live objects 73.744ms
[674.655s][info][gc,phases,start] GC(1032) Phase 2: Compute new object addresses
[674.696s][info][gc,phases      ] GC(1032) Phase 2: Compute new object addresses 41.742ms
[674.696s][info][gc,phases,start] GC(1032) Phase 3: Adjust pointers
[674.742s][info][gc,phases      ] GC(1032) Phase 3: Adjust pointers 45.162ms
[674.742s][info][gc,phases,start] GC(1032) Phase 4: Move objects
[674.747s][info][gc,phases      ] GC(1032) Phase 4: Move objects 5.146ms
[674.750s][info][gc,heap        ] GC(1032) ParNew: 284952K->0K(460096K)
[674.750s][info][gc,heap        ] GC(1032) CMS: 124686K->73346K(3683136K)
[674.750s][info][gc,metaspace   ] GC(1032) Metaspace: 145917K(159468K)->145917K(159468K) NonClass: 127118K(133852K)->127118K(133852K) Class: 18798K(25616K)->18798K(25616K)
[674.751s][info][gc             ] GC(1032) Pause Full (System.gc()) 400M->71M(4046M) 172.790ms
[674.751s][info][gc,cpu         ] GC(1032) User=0.17s Sys=0.00s Real=0.17s
[674.871s][info][gc,start       ] GC(1033) Pause Young (Allocation Failure)
[674.871s][info][gc,task        ] GC(1033) Using 6 workers of 6 for evacuation
[674.879s][info][gc,heap        ] GC(1033) ParNew: 409024K->20874K(460096K)
[674.879s][info][gc,heap        ] GC(1033) CMS: 73346K->73346K(3683136K)
[674.879s][info][gc,metaspace   ] GC(1033) Metaspace: 145917K(159468K)->145917K(159468K) NonClass: 127118K(133852K)->127118K(133852K) Class: 18798K(25616K)->18798K(25616K)
[674.879s][info][gc             ] GC(1033) Pause Young (Allocation Failure) 471M->92M(4046M) 8.914ms
[674.880s][info][gc,cpu         ] GC(1033) User=0.02s Sys=0.00s Real=0.00s
[675.042s][info][gc,start       ] GC(1034) Pause Young (Allocation Failure)
[675.042s][info][gc,task        ] GC(1034) Using 6 workers of 6 for evacuation
[675.052s][info][gc,heap        ] GC(1034) ParNew: 428617K->44681K(460096K)
[675.052s][info][gc,heap        ] GC(1034) CMS: 73346K->73346K(3683136K)
[675.052s][info][gc,metaspace   ] GC(1034) Metaspace: 145917K(159468K)->145917K(159468K) NonClass: 127118K(133852K)->127118K(133852K) Class: 18798K(25616K)->18798K(25616K)
[675.052s][info][gc             ] GC(1034) Pause Young (Allocation Failure) 490M->115M(4046M) 9.454ms
[675.052s][info][gc,cpu         ] GC(1034) User=0.00s Sys=0.00s Real=0.00s
[675.103s][info][gc,start       ] GC(1035) Pause Young (Allocation Failure)
[675.103s][info][gc,task        ] GC(1035) Using 6 workers of 6 for evacuation
[675.114s][info][gc,heap        ] GC(1035) ParNew: 452330K->22782K(460096K)
[675.114s][info][gc,heap        ] GC(1035) CMS: 73346K->98175K(3683136K)
[675.114s][info][gc,metaspace   ] GC(1035) Metaspace: 145917K(159468K)->145917K(159468K) NonClass: 127118K(133852K)->127118K(133852K) Class: 18798K(25616K)->18798K(25616K)
[675.114s][info][gc             ] GC(1035) Pause Young (Allocation Failure) 513M->118M(4046M) 10.542ms
[675.114s][info][gc,cpu         ] GC(1035) User=0.00s Sys=0.00s Real=0.00s
[675.293s][info][gc,start       ] GC(1036) Pause Young (Allocation Failure)
[675.293s][info][gc,task        ] GC(1036) Using 6 workers of 6 for evacuation
[675.300s][info][gc,heap        ] GC(1036) ParNew: 431806K->23989K(460096K)
[675.300s][info][gc,heap        ] GC(1036) CMS: 98175K->98175K(3683136K)
[675.300s][info][gc,metaspace   ] GC(1036) Metaspace: 145917K(159468K)->145917K(159468K) NonClass: 127118K(133852K)->127118K(133852K) Class: 18798K(25616K)->18798K(25616K)
[675.300s][info][gc             ] GC(1036) Pause Young (Allocation Failure) 517M->119M(4046M) 7.964ms
[675.301s][info][gc,cpu         ] GC(1036) User=0.00s Sys=0.00s Real=0.00s
[675.351s][info][gc,start       ] GC(1037) Pause Young (Allocation Failure)
[675.351s][info][gc,task        ] GC(1037) Using 6 workers of 6 for evacuation
[675.360s][info][gc,heap        ] GC(1037) ParNew: 433013K->36609K(460096K)
[675.360s][info][gc,heap        ] GC(1037) CMS: 98175K->98175K(3683136K)
[675.360s][info][gc,metaspace   ] GC(1037) Metaspace: 145917K(159468K)->145917K(159468K) NonClass: 127118K(133852K)->127118K(133852K) Class: 18798K(25616K)->18798K(25616K)
[675.360s][info][gc             ] GC(1037) Pause Young (Allocation Failure) 518M->131M(4046M) 9.182ms
[675.360s][info][gc,cpu         ] GC(1037) User=0.02s Sys=0.00s Real=0.02s
[675.532s][info][gc,start       ] GC(1038) Pause Young (Allocation Failure)
[675.532s][info][gc,task        ] GC(1038) Using 6 workers of 6 for evacuation
[675.543s][info][gc,heap        ] GC(1038) ParNew: 445633K->36428K(460096K)
[675.543s][info][gc,heap        ] GC(1038) CMS: 98175K->114958K(3683136K)
[675.543s][info][gc,metaspace   ] GC(1038) Metaspace: 145917K(159468K)->145917K(159468K) NonClass: 127118K(133852K)->127118K(133852K) Class: 18798K(25616K)->18798K(25616K)
[675.543s][info][gc             ] GC(1038) Pause Young (Allocation Failure) 531M->147M(4046M) 11.242ms
[675.543s][info][gc,cpu         ] GC(1038) User=0.02s Sys=0.00s Real=0.02s
[676.106s][info][gc,start       ] GC(1039) Pause Young (GCLocker Initiated GC)
[676.106s][info][gc,task        ] GC(1039) Using 6 workers of 6 for evacuation
[676.114s][info][gc,heap        ] GC(1039) ParNew: 445452K->22446K(460096K)
[676.114s][info][gc,heap        ] GC(1039) CMS: 114958K->124423K(3683136K)
[676.114s][info][gc,metaspace   ] GC(1039) Metaspace: 145917K(159468K)->145917K(159468K) NonClass: 127118K(133852K)->127118K(133852K) Class: 18798K(25616K)->18798K(25616K)
[676.114s][info][gc             ] GC(1039) Pause Young (GCLocker Initiated GC) 547M->143M(4046M) 8.061ms
[676.114s][info][gc,cpu         ] GC(1039) User=0.00s Sys=0.00s Real=0.00s
[677.679s][info][gc,start       ] GC(1040) Pause Young (Allocation Failure)
[677.679s][info][gc,task        ] GC(1040) Using 6 workers of 6 for evacuation
[677.687s][info][gc,heap        ] GC(1040) ParNew: 431470K->13982K(460096K)
[677.687s][info][gc,heap        ] GC(1040) CMS: 124423K->124423K(3683136K)
[677.687s][info][gc,metaspace   ] GC(1040) Metaspace: 145917K(159468K)->145917K(159468K) NonClass: 127118K(133852K)->127118K(133852K) Class: 18798K(25616K)->18798K(25616K)
[677.687s][info][gc             ] GC(1040) Pause Young (Allocation Failure) 542M->135M(4046M) 7.965ms
[677.687s][info][gc,cpu         ] GC(1040) User=0.03s Sys=0.00s Real=0.00s
[679.242s][info][gc,start       ] GC(1041) Pause Young (GCLocker Initiated GC)
[679.242s][info][gc,task        ] GC(1041) Using 6 workers of 6 for evacuation
[679.251s][info][gc,heap        ] GC(1041) ParNew: 423066K->17949K(460096K)
[679.252s][info][gc,heap        ] GC(1041) CMS: 124423K->124423K(3683136K)
[679.252s][info][gc,metaspace   ] GC(1041) Metaspace: 145917K(159468K)->145917K(159468K) NonClass: 127118K(133852K)->127118K(133852K) Class: 18798K(25616K)->18798K(25616K)
[679.252s][info][gc             ] GC(1041) Pause Young (GCLocker Initiated GC) 534M->139M(4046M) 9.196ms
[679.252s][info][gc,cpu         ] GC(1041) User=0.02s Sys=0.00s Real=0.02s
[680.726s][info][gc,start       ] GC(1042) Pause Young (Allocation Failure)
[680.727s][info][gc,task        ] GC(1042) Using 6 workers of 6 for evacuation
[680.733s][info][gc,heap        ] GC(1042) ParNew: 426623K->14681K(460096K)
[680.734s][info][gc,heap        ] GC(1042) CMS: 124423K->124423K(3683136K)
[680.734s][info][gc,metaspace   ] GC(1042) Metaspace: 145917K(159468K)->145917K(159468K) NonClass: 127118K(133852K)->127118K(133852K) Class: 18798K(25616K)->18798K(25616K)
[680.734s][info][gc             ] GC(1042) Pause Young (Allocation Failure) 538M->135M(4046M) 7.051ms
[680.734s][info][gc,cpu         ] GC(1042) User=0.00s Sys=0.00s Real=0.00s
[681.171s][info][gc,start       ] GC(1043) Pause Full (System.gc())
[681.173s][info][gc,phases,start] GC(1043) Phase 1: Mark live objects
[681.248s][info][gc,phases      ] GC(1043) Phase 1: Mark live objects 75.562ms
[681.248s][info][gc,phases,start] GC(1043) Phase 2: Compute new object addresses
[681.290s][info][gc,phases      ] GC(1043) Phase 2: Compute new object addresses 41.411ms
[681.290s][info][gc,phases,start] GC(1043) Phase 3: Adjust pointers
[681.336s][info][gc,phases      ] GC(1043) Phase 3: Adjust pointers 46.133ms
[681.336s][info][gc,phases,start] GC(1043) Phase 4: Move objects
[681.341s][info][gc,phases      ] GC(1043) Phase 4: Move objects 4.958ms
[681.345s][info][gc,heap        ] GC(1043) ParNew: 282191K->0K(460096K)
[681.345s][info][gc,heap        ] GC(1043) CMS: 124423K->73718K(3683136K)
[681.345s][info][gc,metaspace   ] GC(1043) Metaspace: 145917K(159468K)->145917K(159468K) NonClass: 127118K(133852K)->127118K(133852K) Class: 18798K(25616K)->18798K(25616K)
[681.345s][info][gc             ] GC(1043) Pause Full (System.gc()) 397M->71M(4046M) 174.764ms
[681.345s][info][gc,cpu         ] GC(1043) User=0.17s Sys=0.00s Real=0.17s
[681.467s][info][gc,start       ] GC(1044) Pause Young (Allocation Failure)
[681.467s][info][gc,task        ] GC(1044) Using 6 workers of 6 for evacuation
[681.475s][info][gc,heap        ] GC(1044) ParNew: 409024K->19951K(460096K)
[681.475s][info][gc,heap        ] GC(1044) CMS: 73718K->73718K(3683136K)
[681.475s][info][gc,metaspace   ] GC(1044) Metaspace: 145949K(159468K)->145949K(159468K) NonClass: 127150K(133852K)->127150K(133852K) Class: 18798K(25616K)->18798K(25616K)
[681.475s][info][gc             ] GC(1044) Pause Young (Allocation Failure) 471M->91M(4046M) 7.788ms
[681.475s][info][gc,cpu         ] GC(1044) User=0.02s Sys=0.00s Real=0.02s
[681.631s][info][gc,start       ] GC(1045) Pause Young (Allocation Failure)
[681.631s][info][gc,task        ] GC(1045) Using 6 workers of 6 for evacuation
[681.642s][info][gc,heap        ] GC(1045) ParNew: 427058K->50456K(460096K)
[681.642s][info][gc,heap        ] GC(1045) CMS: 73718K->73718K(3683136K)
[681.642s][info][gc,metaspace   ] GC(1045) Metaspace: 145949K(159468K)->145949K(159468K) NonClass: 127150K(133852K)->127150K(133852K) Class: 18798K(25616K)->18798K(25616K)
[681.642s][info][gc             ] GC(1045) Pause Young (Allocation Failure) 489M->121M(4046M) 11.138ms
[681.642s][info][gc,cpu         ] GC(1045) User=0.02s Sys=0.00s Real=0.01s
[681.698s][info][gc,start       ] GC(1046) Pause Young (Allocation Failure)
[681.698s][info][gc,task        ] GC(1046) Using 6 workers of 6 for evacuation
[681.708s][info][gc,heap        ] GC(1046) ParNew: 458414K->34839K(460096K)
[681.708s][info][gc,heap        ] GC(1046) CMS: 73718K->97919K(3683136K)
[681.708s][info][gc,metaspace   ] GC(1046) Metaspace: 145949K(159468K)->145949K(159468K) NonClass: 127150K(133852K)->127150K(133852K) Class: 18798K(25616K)->18798K(25616K)
[681.708s][info][gc             ] GC(1046) Pause Young (Allocation Failure) 519M->129M(4046M) 10.100ms
[681.708s][info][gc,cpu         ] GC(1046) User=0.00s Sys=0.00s Real=0.00s
[681.889s][info][gc,start       ] GC(1047) Pause Young (Allocation Failure)
[681.889s][info][gc,task        ] GC(1047) Using 6 workers of 6 for evacuation
[681.897s][info][gc,heap        ] GC(1047) ParNew: 443863K->25342K(460096K)
[681.897s][info][gc,heap        ] GC(1047) CMS: 97919K->97919K(3683136K)
[681.897s][info][gc,metaspace   ] GC(1047) Metaspace: 145949K(159468K)->145949K(159468K) NonClass: 127150K(133852K)->127150K(133852K) Class: 18798K(25616K)->18798K(25616K)
[681.897s][info][gc             ] GC(1047) Pause Young (Allocation Failure) 529M->120M(4046M) 7.439ms
[681.897s][info][gc,cpu         ] GC(1047) User=0.02s Sys=0.00s Real=0.02s
[681.946s][info][gc,start       ] GC(1048) Pause Young (Allocation Failure)
[681.946s][info][gc,task        ] GC(1048) Using 6 workers of 6 for evacuation
[681.955s][info][gc,heap        ] GC(1048) ParNew: 432418K->49666K(460096K)
[681.955s][info][gc,heap        ] GC(1048) CMS: 97919K->97919K(3683136K)
[681.955s][info][gc,metaspace   ] GC(1048) Metaspace: 145949K(159468K)->145949K(159468K) NonClass: 127150K(133852K)->127150K(133852K) Class: 18798K(25616K)->18798K(25616K)
[681.955s][info][gc             ] GC(1048) Pause Young (Allocation Failure) 517M->144M(4046M) 9.386ms
[681.955s][info][gc,cpu         ] GC(1048) User=0.00s Sys=0.00s Real=0.00s
[682.114s][info][gc,start       ] GC(1049) Pause Young (Allocation Failure)
[682.114s][info][gc,task        ] GC(1049) Using 6 workers of 6 for evacuation
[682.125s][info][gc,heap        ] GC(1049) ParNew: 458690K->34896K(460096K)
[682.125s][info][gc,heap        ] GC(1049) CMS: 97919K->115336K(3683136K)
[682.125s][info][gc,metaspace   ] GC(1049) Metaspace: 145949K(159468K)->145949K(159468K) NonClass: 127150K(133852K)->127150K(133852K) Class: 18798K(25616K)->18798K(25616K)
[682.125s][info][gc             ] GC(1049) Pause Young (Allocation Failure) 543M->146M(4046M) 10.608ms
[682.125s][info][gc,cpu         ] GC(1049) User=0.02s Sys=0.00s Real=0.02s
[682.681s][info][gc,start       ] GC(1050) Pause Young (Allocation Failure)
[682.681s][info][gc,task        ] GC(1050) Using 6 workers of 6 for evacuation
[682.689s][info][gc,heap        ] GC(1050) ParNew: 443920K->20982K(460096K)
[682.689s][info][gc,heap        ] GC(1050) CMS: 115336K->124800K(3683136K)
[682.689s][info][gc,metaspace   ] GC(1050) Metaspace: 145949K(159468K)->145949K(159468K) NonClass: 127150K(133852K)->127150K(133852K) Class: 18798K(25616K)->18798K(25616K)
[682.689s][info][gc             ] GC(1050) Pause Young (Allocation Failure) 546M->142M(4046M) 8.406ms
[682.689s][info][gc,cpu         ] GC(1050) User=0.02s Sys=0.00s Real=0.02s
[684.283s][info][gc,start       ] GC(1051) Pause Young (Allocation Failure)
[684.284s][info][gc,task        ] GC(1051) Using 6 workers of 6 for evacuation
[684.292s][info][gc,heap        ] GC(1051) ParNew: 430006K->12816K(460096K)
[684.292s][info][gc,heap        ] GC(1051) CMS: 124800K->124800K(3683136K)
[684.292s][info][gc,metaspace   ] GC(1051) Metaspace: 145949K(159468K)->145949K(159468K) NonClass: 127150K(133852K)->127150K(133852K) Class: 18798K(25616K)->18798K(25616K)
[684.292s][info][gc             ] GC(1051) Pause Young (Allocation Failure) 541M->134M(4046M) 8.612ms
[684.292s][info][gc,cpu         ] GC(1051) User=0.02s Sys=0.00s Real=0.00s
[685.829s][info][gc,start       ] GC(1052) Pause Young (Allocation Failure)
[685.829s][info][gc,task        ] GC(1052) Using 6 workers of 6 for evacuation
[685.837s][info][gc,heap        ] GC(1052) ParNew: 421872K->15443K(460096K)
[685.837s][info][gc,heap        ] GC(1052) CMS: 124800K->124800K(3683136K)
[685.837s][info][gc,metaspace   ] GC(1052) Metaspace: 145949K(159468K)->145949K(159468K) NonClass: 127150K(133852K)->127150K(133852K) Class: 18798K(25616K)->18798K(25616K)
[685.837s][info][gc             ] GC(1052) Pause Young (Allocation Failure) 533M->136M(4046M) 8.063ms
[685.837s][info][gc,cpu         ] GC(1052) User=0.00s Sys=0.00s Real=0.02s
[687.267s][info][gc,start       ] GC(1053) Pause Young (Allocation Failure)
[687.267s][info][gc,task        ] GC(1053) Using 6 workers of 6 for evacuation
[687.275s][info][gc,heap        ] GC(1053) ParNew: 424467K->13592K(460096K)
[687.275s][info][gc,heap        ] GC(1053) CMS: 124800K->124800K(3683136K)
[687.275s][info][gc,metaspace   ] GC(1053) Metaspace: 145951K(159468K)->145951K(159468K) NonClass: 127153K(133852K)->127153K(133852K) Class: 18798K(25616K)->18798K(25616K)
[687.275s][info][gc             ] GC(1053) Pause Young (Allocation Failure) 536M->135M(4046M) 8.265ms
[687.275s][info][gc,cpu         ] GC(1053) User=0.00s Sys=0.00s Real=0.00s
[687.793s][info][gc,start       ] GC(1054) Pause Full (System.gc())
[687.798s][info][gc,phases,start] GC(1054) Phase 1: Mark live objects
[687.872s][info][gc,phases      ] GC(1054) Phase 1: Mark live objects 74.368ms
[687.872s][info][gc,phases,start] GC(1054) Phase 2: Compute new object addresses
[687.913s][info][gc,phases      ] GC(1054) Phase 2: Compute new object addresses 41.507ms
[687.914s][info][gc,phases,start] GC(1054) Phase 3: Adjust pointers
[687.959s][info][gc,phases      ] GC(1054) Phase 3: Adjust pointers 45.159ms
[687.959s][info][gc,phases,start] GC(1054) Phase 4: Move objects
[687.964s][info][gc,phases      ] GC(1054) Phase 4: Move objects 5.048ms
[687.967s][info][gc,heap        ] GC(1054) ParNew: 288510K->0K(460096K)
[687.967s][info][gc,heap        ] GC(1054) CMS: 124800K->73414K(3683136K)
[687.967s][info][gc,metaspace   ] GC(1054) Metaspace: 145951K(159468K)->145951K(159468K) NonClass: 127153K(133852K)->127153K(133852K) Class: 18798K(25616K)->18798K(25616K)
[687.968s][info][gc             ] GC(1054) Pause Full (System.gc()) 403M->71M(4046M) 175.010ms
[687.968s][info][gc,cpu         ] GC(1054) User=0.17s Sys=0.00s Real=0.17s
[688.087s][info][gc,start       ] GC(1055) Pause Young (Allocation Failure)
[688.087s][info][gc,task        ] GC(1055) Using 6 workers of 6 for evacuation
[688.095s][info][gc,heap        ] GC(1055) ParNew: 409024K->22844K(460096K)
[688.095s][info][gc,heap        ] GC(1055) CMS: 73414K->73414K(3683136K)
[688.095s][info][gc,metaspace   ] GC(1055) Metaspace: 145994K(159468K)->145994K(159468K) NonClass: 127195K(133852K)->127195K(133852K) Class: 18798K(25616K)->18798K(25616K)
[688.095s][info][gc             ] GC(1055) Pause Young (Allocation Failure) 471M->94M(4046M) 7.607ms
[688.095s][info][gc,cpu         ] GC(1055) User=0.00s Sys=0.00s Real=0.00s
[688.253s][info][gc,start       ] GC(1056) Pause Young (Allocation Failure)
[688.253s][info][gc,task        ] GC(1056) Using 6 workers of 6 for evacuation
[688.264s][info][gc,heap        ] GC(1056) ParNew: 431868K->51072K(460096K)
[688.264s][info][gc,heap        ] GC(1056) CMS: 73414K->78813K(3683136K)
[688.264s][info][gc,metaspace   ] GC(1056) Metaspace: 145994K(159468K)->145994K(159468K) NonClass: 127195K(133852K)->127195K(133852K) Class: 18798K(25616K)->18798K(25616K)
[688.265s][info][gc             ] GC(1056) Pause Young (Allocation Failure) 493M->126M(4046M) 11.367ms
[688.265s][info][gc,cpu         ] GC(1056) User=0.00s Sys=0.00s Real=0.01s
[688.320s][info][gc,start       ] GC(1057) Pause Young (Allocation Failure)
[688.320s][info][gc,task        ] GC(1057) Using 6 workers of 6 for evacuation
[688.329s][info][gc,heap        ] GC(1057) ParNew: 457221K->25871K(460096K)
[688.329s][info][gc,heap        ] GC(1057) CMS: 78813K->100604K(3683136K)
[688.329s][info][gc,metaspace   ] GC(1057) Metaspace: 145994K(159468K)->145994K(159468K) NonClass: 127195K(133852K)->127195K(133852K) Class: 18798K(25616K)->18798K(25616K)
[688.329s][info][gc             ] GC(1057) Pause Young (Allocation Failure) 523M->123M(4046M) 9.503ms
[688.329s][info][gc,cpu         ] GC(1057) User=0.00s Sys=0.00s Real=0.00s
[688.509s][info][gc,start       ] GC(1058) Pause Young (Allocation Failure)
[688.509s][info][gc,task        ] GC(1058) Using 6 workers of 6 for evacuation
[688.517s][info][gc,heap        ] GC(1058) ParNew: 434895K->23436K(460096K)
[688.517s][info][gc,heap        ] GC(1058) CMS: 100604K->100604K(3683136K)
[688.517s][info][gc,metaspace   ] GC(1058) Metaspace: 145995K(159468K)->145995K(159468K) NonClass: 127196K(133852K)->127196K(133852K) Class: 18798K(25616K)->18798K(25616K)
[688.517s][info][gc             ] GC(1058) Pause Young (Allocation Failure) 522M->121M(4046M) 7.287ms
[688.517s][info][gc,cpu         ] GC(1058) User=0.00s Sys=0.00s Real=0.00s
[688.566s][info][gc,start       ] GC(1059) Pause Young (Allocation Failure)
[688.567s][info][gc,task        ] GC(1059) Using 6 workers of 6 for evacuation
[688.576s][info][gc,heap        ] GC(1059) ParNew: 432460K->48231K(460096K)
[688.576s][info][gc,heap        ] GC(1059) CMS: 100604K->100604K(3683136K)
[688.576s][info][gc,metaspace   ] GC(1059) Metaspace: 145995K(159468K)->145995K(159468K) NonClass: 127196K(133852K)->127196K(133852K) Class: 18798K(25616K)->18798K(25616K)
[688.576s][info][gc             ] GC(1059) Pause Young (Allocation Failure) 520M->145M(4046M) 9.670ms
[688.576s][info][gc,cpu         ] GC(1059) User=0.02s Sys=0.00s Real=0.02s
[688.743s][info][gc,start       ] GC(1060) Pause Young (Allocation Failure)
[688.743s][info][gc,task        ] GC(1060) Using 6 workers of 6 for evacuation
[688.754s][info][gc,heap        ] GC(1060) ParNew: 457255K->34098K(460096K)
[688.754s][info][gc,heap        ] GC(1060) CMS: 100604K->117853K(3683136K)
[688.754s][info][gc,metaspace   ] GC(1060) Metaspace: 145995K(159468K)->145995K(159468K) NonClass: 127196K(133852K)->127196K(133852K) Class: 18798K(25616K)->18798K(25616K)
[688.754s][info][gc             ] GC(1060) Pause Young (Allocation Failure) 544M->148M(4046M) 10.769ms
[688.754s][info][gc,cpu         ] GC(1060) User=0.00s Sys=0.00s Real=0.00s
[689.311s][info][gc,start       ] GC(1061) Pause Young (Allocation Failure)
[689.311s][info][gc,task        ] GC(1061) Using 6 workers of 6 for evacuation
[689.319s][info][gc,heap        ] GC(1061) ParNew: 443122K->23462K(460096K)
[689.319s][info][gc,heap        ] GC(1061) CMS: 117853K->127317K(3683136K)
[689.319s][info][gc,metaspace   ] GC(1061) Metaspace: 145995K(159468K)->145995K(159468K) NonClass: 127196K(133852K)->127196K(133852K) Class: 18798K(25616K)->18798K(25616K)
[689.319s][info][gc             ] GC(1061) Pause Young (Allocation Failure) 547M->147M(4046M) 8.341ms
[689.319s][info][gc,cpu         ] GC(1061) User=0.00s Sys=0.00s Real=0.00s
[690.899s][info][gc,start       ] GC(1062) Pause Young (GCLocker Initiated GC)
[690.899s][info][gc,task        ] GC(1062) Using 6 workers of 6 for evacuation
[690.906s][info][gc,heap        ] GC(1062) ParNew: 432486K->16132K(460096K)
[690.906s][info][gc,heap        ] GC(1062) CMS: 127317K->127317K(3683136K)
[690.906s][info][gc,metaspace   ] GC(1062) Metaspace: 145995K(159468K)->145995K(159468K) NonClass: 127196K(133852K)->127196K(133852K) Class: 18798K(25616K)->18798K(25616K)
[690.906s][info][gc             ] GC(1062) Pause Young (GCLocker Initiated GC) 546M->140M(4046M) 7.151ms
[690.906s][info][gc,cpu         ] GC(1062) User=0.00s Sys=0.00s Real=0.00s
[692.466s][info][gc,start       ] GC(1063) Pause Young (GCLocker Initiated GC)
[692.466s][info][gc,task        ] GC(1063) Using 6 workers of 6 for evacuation
[692.474s][info][gc,heap        ] GC(1063) ParNew: 425156K->17767K(460096K)
[692.474s][info][gc,heap        ] GC(1063) CMS: 127317K->127317K(3683136K)
[692.474s][info][gc,metaspace   ] GC(1063) Metaspace: 145995K(159468K)->145995K(159468K) NonClass: 127196K(133852K)->127196K(133852K) Class: 18798K(25616K)->18798K(25616K)
[692.474s][info][gc             ] GC(1063) Pause Young (GCLocker Initiated GC) 539M->141M(4046M) 8.316ms
[692.474s][info][gc,cpu         ] GC(1063) User=0.00s Sys=0.00s Real=0.00s
[693.964s][info][gc,start       ] GC(1064) Pause Young (Allocation Failure)
[693.964s][info][gc,task        ] GC(1064) Using 6 workers of 6 for evacuation
[693.971s][info][gc,heap        ] GC(1064) ParNew: 425825K->13898K(460096K)
[693.971s][info][gc,heap        ] GC(1064) CMS: 127317K->127317K(3683136K)
[693.971s][info][gc,metaspace   ] GC(1064) Metaspace: 145995K(159468K)->145995K(159468K) NonClass: 127196K(133852K)->127196K(133852K) Class: 18798K(25616K)->18798K(25616K)
[693.971s][info][gc             ] GC(1064) Pause Young (Allocation Failure) 540M->137M(4046M) 6.931ms
[693.971s][info][gc,cpu         ] GC(1064) User=0.02s Sys=0.00s Real=0.01s
[694.413s][info][gc,start       ] GC(1065) Pause Full (System.gc())
[694.415s][info][gc,phases,start] GC(1065) Phase 1: Mark live objects
[694.489s][info][gc,phases      ] GC(1065) Phase 1: Mark live objects 73.772ms
[694.489s][info][gc,phases,start] GC(1065) Phase 2: Compute new object addresses
[694.531s][info][gc,phases      ] GC(1065) Phase 2: Compute new object addresses 41.400ms
[694.531s][info][gc,phases,start] GC(1065) Phase 3: Adjust pointers
[694.576s][info][gc,phases      ] GC(1065) Phase 3: Adjust pointers 45.680ms
[694.576s][info][gc,phases,start] GC(1065) Phase 4: Move objects
[694.582s][info][gc,phases      ] GC(1065) Phase 4: Move objects 5.103ms
[694.585s][info][gc,heap        ] GC(1065) ParNew: 284698K->0K(460096K)
[694.585s][info][gc,heap        ] GC(1065) CMS: 127317K->73799K(3683136K)
[694.585s][info][gc,metaspace   ] GC(1065) Metaspace: 145999K(159468K)->145999K(159468K) NonClass: 127200K(133852K)->127200K(133852K) Class: 18798K(25616K)->18798K(25616K)
[694.586s][info][gc             ] GC(1065) Pause Full (System.gc()) 402M->72M(4046M) 172.952ms
[694.586s][info][gc,cpu         ] GC(1065) User=0.17s Sys=0.00s Real=0.17s
[694.722s][info][gc,start       ] GC(1066) Pause Young (Allocation Failure)
[694.722s][info][gc,task        ] GC(1066) Using 6 workers of 6 for evacuation
[694.730s][info][gc,heap        ] GC(1066) ParNew: 409024K->20235K(460096K)
[694.730s][info][gc,heap        ] GC(1066) CMS: 73799K->73799K(3683136K)
[694.730s][info][gc,metaspace   ] GC(1066) Metaspace: 146002K(159468K)->146002K(159468K) NonClass: 127203K(133852K)->127203K(133852K) Class: 18798K(25616K)->18798K(25616K)
[694.730s][info][gc             ] GC(1066) Pause Young (Allocation Failure) 471M->91M(4046M) 7.564ms
[694.730s][info][gc,cpu         ] GC(1066) User=0.00s Sys=0.00s Real=0.00s
[694.888s][info][gc,start       ] GC(1067) Pause Young (Allocation Failure)
[694.888s][info][gc,task        ] GC(1067) Using 6 workers of 6 for evacuation
[694.896s][info][gc,heap        ] GC(1067) ParNew: 429259K->40400K(460096K)
[694.896s][info][gc,heap        ] GC(1067) CMS: 73799K->73799K(3683136K)
[694.896s][info][gc,metaspace   ] GC(1067) Metaspace: 146002K(159468K)->146002K(159468K) NonClass: 127203K(133852K)->127203K(133852K) Class: 18798K(25616K)->18798K(25616K)
[694.896s][info][gc             ] GC(1067) Pause Young (Allocation Failure) 491M->111M(4046M) 8.368ms
[694.896s][info][gc,cpu         ] GC(1067) User=0.02s Sys=0.00s Real=0.02s
[694.950s][info][gc,start       ] GC(1068) Pause Young (Allocation Failure)
[694.950s][info][gc,task        ] GC(1068) Using 6 workers of 6 for evacuation
[694.960s][info][gc,heap        ] GC(1068) ParNew: 447803K->34705K(460096K)
[694.960s][info][gc,heap        ] GC(1068) CMS: 73799K->98628K(3683136K)
[694.960s][info][gc,metaspace   ] GC(1068) Metaspace: 146002K(159468K)->146002K(159468K) NonClass: 127203K(133852K)->127203K(133852K) Class: 18798K(25616K)->18798K(25616K)
[694.960s][info][gc             ] GC(1068) Pause Young (Allocation Failure) 509M->130M(4046M) 10.119ms
[694.960s][info][gc,cpu         ] GC(1068) User=0.00s Sys=0.00s Real=0.02s
[695.139s][info][gc,start       ] GC(1069) Pause Young (Allocation Failure)
[695.139s][info][gc,task        ] GC(1069) Using 6 workers of 6 for evacuation
[695.146s][info][gc,heap        ] GC(1069) ParNew: 443729K->23250K(460096K)
[695.146s][info][gc,heap        ] GC(1069) CMS: 98628K->98628K(3683136K)
[695.146s][info][gc,metaspace   ] GC(1069) Metaspace: 146002K(159468K)->146002K(159468K) NonClass: 127203K(133852K)->127203K(133852K) Class: 18798K(25616K)->18798K(25616K)
[695.146s][info][gc             ] GC(1069) Pause Young (Allocation Failure) 529M->119M(4046M) 7.511ms
[695.146s][info][gc,cpu         ] GC(1069) User=0.02s Sys=0.00s Real=0.01s
[695.196s][info][gc,start       ] GC(1070) Pause Young (Allocation Failure)
[695.196s][info][gc,task        ] GC(1070) Using 6 workers of 6 for evacuation
[695.205s][info][gc,heap        ] GC(1070) ParNew: 431195K->31795K(460096K)
[695.205s][info][gc,heap        ] GC(1070) CMS: 98628K->98628K(3683136K)
[695.205s][info][gc,metaspace   ] GC(1070) Metaspace: 146002K(159468K)->146002K(159468K) NonClass: 127203K(133852K)->127203K(133852K) Class: 18798K(25616K)->18798K(25616K)
[695.205s][info][gc             ] GC(1070) Pause Young (Allocation Failure) 517M->127M(4046M) 8.907ms
[695.205s][info][gc,cpu         ] GC(1070) User=0.00s Sys=0.00s Real=0.00s
[695.376s][info][gc,start       ] GC(1071) Pause Young (Allocation Failure)
[695.376s][info][gc,task        ] GC(1071) Using 6 workers of 6 for evacuation
[695.387s][info][gc,heap        ] GC(1071) ParNew: 440819K->37451K(460096K)
[695.387s][info][gc,heap        ] GC(1071) CMS: 98628K->115419K(3683136K)
[695.387s][info][gc,metaspace   ] GC(1071) Metaspace: 146002K(159468K)->146002K(159468K) NonClass: 127203K(133852K)->127203K(133852K) Class: 18798K(25616K)->18798K(25616K)
[695.387s][info][gc             ] GC(1071) Pause Young (Allocation Failure) 526M->149M(4046M) 11.205ms
[695.387s][info][gc,cpu         ] GC(1071) User=0.02s Sys=0.00s Real=0.02s
[695.942s][info][gc,start       ] GC(1072) Pause Young (Allocation Failure)
[695.942s][info][gc,task        ] GC(1072) Using 6 workers of 6 for evacuation
[695.951s][info][gc,heap        ] GC(1072) ParNew: 446475K->22621K(460096K)
[695.951s][info][gc,heap        ] GC(1072) CMS: 115419K->124883K(3683136K)
[695.951s][info][gc,metaspace   ] GC(1072) Metaspace: 146002K(159468K)->146002K(159468K) NonClass: 127203K(133852K)->127203K(133852K) Class: 18798K(25616K)->18798K(25616K)
[695.951s][info][gc             ] GC(1072) Pause Young (Allocation Failure) 548M->144M(4046M) 9.047ms
[695.951s][info][gc,cpu         ] GC(1072) User=0.02s Sys=0.00s Real=0.02s
[697.527s][info][gc,start       ] GC(1073) Pause Young (Allocation Failure)
[697.527s][info][gc,task        ] GC(1073) Using 6 workers of 6 for evacuation
[697.535s][info][gc,heap        ] GC(1073) ParNew: 431645K->16364K(460096K)
[697.535s][info][gc,heap        ] GC(1073) CMS: 124883K->124883K(3683136K)
[697.535s][info][gc,metaspace   ] GC(1073) Metaspace: 146002K(159468K)->146002K(159468K) NonClass: 127203K(133852K)->127203K(133852K) Class: 18798K(25616K)->18798K(25616K)
[697.535s][info][gc             ] GC(1073) Pause Young (Allocation Failure) 543M->137M(4046M) 8.092ms
[697.535s][info][gc,cpu         ] GC(1073) User=0.02s Sys=0.00s Real=0.02s
[699.102s][info][gc,start       ] GC(1074) Pause Young (GCLocker Initiated GC)
[699.102s][info][gc,task        ] GC(1074) Using 6 workers of 6 for evacuation
[699.110s][info][gc,heap        ] GC(1074) ParNew: 425415K->17591K(460096K)
[699.110s][info][gc,heap        ] GC(1074) CMS: 124883K->124883K(3683136K)
[699.110s][info][gc,metaspace   ] GC(1074) Metaspace: 146003K(159468K)->146003K(159468K) NonClass: 127204K(133852K)->127204K(133852K) Class: 18798K(25616K)->18798K(25616K)
[699.110s][info][gc             ] GC(1074) Pause Young (GCLocker Initiated GC) 537M->139M(4046M) 7.919ms
[699.110s][info][gc,cpu         ] GC(1074) User=0.00s Sys=0.00s Real=0.00s
[700.593s][info][gc,start       ] GC(1075) Pause Young (Allocation Failure)
[700.593s][info][gc,task        ] GC(1075) Using 6 workers of 6 for evacuation
[700.600s][info][gc,heap        ] GC(1075) ParNew: 426576K->12636K(460096K)
[700.600s][info][gc,heap        ] GC(1075) CMS: 124883K->124883K(3683136K)
[700.600s][info][gc,metaspace   ] GC(1075) Metaspace: 146003K(159468K)->146003K(159468K) NonClass: 127204K(133852K)->127204K(133852K) Class: 18798K(25616K)->18798K(25616K)
[700.600s][info][gc             ] GC(1075) Pause Young (Allocation Failure) 538M->134M(4046M) 6.873ms
[700.600s][info][gc,cpu         ] GC(1075) User=0.00s Sys=0.00s Real=0.00s
[701.046s][info][gc,start       ] GC(1076) Pause Full (System.gc())
[701.048s][info][gc,phases,start] GC(1076) Phase 1: Mark live objects
[701.122s][info][gc,phases      ] GC(1076) Phase 1: Mark live objects 73.897ms
[701.122s][info][gc,phases,start] GC(1076) Phase 2: Compute new object addresses
[701.163s][info][gc,phases      ] GC(1076) Phase 2: Compute new object addresses 41.462ms
[701.163s][info][gc,phases,start] GC(1076) Phase 3: Adjust pointers
[701.209s][info][gc,phases      ] GC(1076) Phase 3: Adjust pointers 45.217ms
[701.209s][info][gc,phases,start] GC(1076) Phase 4: Move objects
[701.214s][info][gc,phases      ] GC(1076) Phase 4: Move objects 5.097ms
[701.218s][info][gc,heap        ] GC(1076) ParNew: 280678K->0K(460096K)
[701.218s][info][gc,heap        ] GC(1076) CMS: 124883K->73521K(3683136K)
[701.218s][info][gc,metaspace   ] GC(1076) Metaspace: 146003K(159468K)->146003K(159468K) NonClass: 127204K(133852K)->127204K(133852K) Class: 18798K(25616K)->18798K(25616K)
[701.219s][info][gc             ] GC(1076) Pause Full (System.gc()) 396M->71M(4046M) 173.170ms
[701.219s][info][gc,cpu         ] GC(1076) User=0.14s Sys=0.02s Real=0.17s
[701.345s][info][gc,start       ] GC(1077) Pause Young (Allocation Failure)
[701.345s][info][gc,task        ] GC(1077) Using 6 workers of 6 for evacuation
[701.352s][info][gc,heap        ] GC(1077) ParNew: 409024K->19336K(460096K)
[701.352s][info][gc,heap        ] GC(1077) CMS: 73521K->73521K(3683136K)
[701.352s][info][gc,metaspace   ] GC(1077) Metaspace: 146003K(159468K)->146003K(159468K) NonClass: 127204K(133852K)->127204K(133852K) Class: 18798K(25616K)->18798K(25616K)
[701.352s][info][gc             ] GC(1077) Pause Young (Allocation Failure) 471M->90M(4046M) 7.552ms
[701.352s][info][gc,cpu         ] GC(1077) User=0.00s Sys=0.00s Real=0.00s
[701.505s][info][gc,start       ] GC(1078) Pause Young (Allocation Failure)
[701.505s][info][gc,task        ] GC(1078) Using 6 workers of 6 for evacuation
[701.515s][info][gc,heap        ] GC(1078) ParNew: 426527K->46312K(460096K)
[701.515s][info][gc,heap        ] GC(1078) CMS: 73521K->73521K(3683136K)
[701.515s][info][gc,metaspace   ] GC(1078) Metaspace: 146003K(159468K)->146003K(159468K) NonClass: 127204K(133852K)->127204K(133852K) Class: 18798K(25616K)->18798K(25616K)
[701.515s][info][gc             ] GC(1078) Pause Young (Allocation Failure) 488M->117M(4046M) 10.313ms
[701.515s][info][gc,cpu         ] GC(1078) User=0.02s Sys=0.00s Real=0.02s
[701.568s][info][gc,start       ] GC(1079) Pause Young (Allocation Failure)
[701.569s][info][gc,task        ] GC(1079) Using 6 workers of 6 for evacuation
[701.579s][info][gc,heap        ] GC(1079) ParNew: 454059K->34692K(460096K)
[701.579s][info][gc,heap        ] GC(1079) CMS: 73521K->97878K(3683136K)
[701.579s][info][gc,metaspace   ] GC(1079) Metaspace: 146003K(159468K)->146003K(159468K) NonClass: 127204K(133852K)->127204K(133852K) Class: 18798K(25616K)->18798K(25616K)
[701.579s][info][gc             ] GC(1079) Pause Young (Allocation Failure) 515M->129M(4046M) 10.354ms
[701.579s][info][gc,cpu         ] GC(1079) User=0.00s Sys=0.00s Real=0.02s
[701.753s][info][gc,start       ] GC(1080) Pause Young (Allocation Failure)
[701.753s][info][gc,task        ] GC(1080) Using 6 workers of 6 for evacuation
[701.760s][info][gc,heap        ] GC(1080) ParNew: 443716K->24835K(460096K)
[701.760s][info][gc,heap        ] GC(1080) CMS: 97878K->97878K(3683136K)
[701.760s][info][gc,metaspace   ] GC(1080) Metaspace: 146003K(159468K)->146003K(159468K) NonClass: 127204K(133852K)->127204K(133852K) Class: 18798K(25616K)->18798K(25616K)
[701.760s][info][gc             ] GC(1080) Pause Young (Allocation Failure) 528M->119M(4046M) 7.518ms
[701.760s][info][gc,cpu         ] GC(1080) User=0.00s Sys=0.00s Real=0.00s
[701.811s][info][gc,start       ] GC(1081) Pause Young (Allocation Failure)
[701.811s][info][gc,task        ] GC(1081) Using 6 workers of 6 for evacuation
[701.820s][info][gc,heap        ] GC(1081) ParNew: 433859K->43113K(460096K)
[701.820s][info][gc,heap        ] GC(1081) CMS: 97878K->97878K(3683136K)
[701.820s][info][gc,metaspace   ] GC(1081) Metaspace: 146003K(159468K)->146003K(159468K) NonClass: 127204K(133852K)->127204K(133852K) Class: 18798K(25616K)->18798K(25616K)
[701.820s][info][gc             ] GC(1081) Pause Young (Allocation Failure) 519M->137M(4046M) 9.410ms
[701.820s][info][gc,cpu         ] GC(1081) User=0.02s Sys=0.00s Real=0.02s
[701.985s][info][gc,start       ] GC(1082) Pause Young (Allocation Failure)
[701.985s][info][gc,task        ] GC(1082) Using 6 workers of 6 for evacuation
[701.996s][info][gc,heap        ] GC(1082) ParNew: 452137K->35395K(460096K)
[701.996s][info][gc,heap        ] GC(1082) CMS: 97878K->115131K(3683136K)
[701.996s][info][gc,metaspace   ] GC(1082) Metaspace: 146003K(159468K)->146003K(159468K) NonClass: 127204K(133852K)->127204K(133852K) Class: 18798K(25616K)->18798K(25616K)
[701.996s][info][gc             ] GC(1082) Pause Young (Allocation Failure) 537M->146M(4046M) 11.481ms
[701.996s][info][gc,cpu         ] GC(1082) User=0.02s Sys=0.00s Real=0.01s
[702.574s][info][gc,start       ] GC(1083) Pause Young (Allocation Failure)
[702.574s][info][gc,task        ] GC(1083) Using 6 workers of 6 for evacuation
[702.583s][info][gc,heap        ] GC(1083) ParNew: 444419K->23349K(460096K)
[702.583s][info][gc,heap        ] GC(1083) CMS: 115131K->124595K(3683136K)
[702.583s][info][gc,metaspace   ] GC(1083) Metaspace: 146003K(159468K)->146003K(159468K) NonClass: 127204K(133852K)->127204K(133852K) Class: 18798K(25616K)->18798K(25616K)
[702.583s][info][gc             ] GC(1083) Pause Young (Allocation Failure) 546M->144M(4046M) 8.608ms
[702.583s][info][gc,cpu         ] GC(1083) User=0.02s Sys=0.00s Real=0.01s
[704.184s][info][gc,start       ] GC(1084) Pause Young (Allocation Failure)
[704.184s][info][gc,task        ] GC(1084) Using 6 workers of 6 for evacuation
[704.190s][info][gc,heap        ] GC(1084) ParNew: 432373K->16005K(460096K)
[704.190s][info][gc,heap        ] GC(1084) CMS: 124595K->124595K(3683136K)
[704.190s][info][gc,metaspace   ] GC(1084) Metaspace: 146003K(159468K)->146003K(159468K) NonClass: 127204K(133852K)->127204K(133852K) Class: 18798K(25616K)->18798K(25616K)
[704.190s][info][gc             ] GC(1084) Pause Young (Allocation Failure) 543M->137M(4046M) 6.575ms
[704.190s][info][gc,cpu         ] GC(1084) User=0.00s Sys=0.00s Real=0.00s
[705.750s][info][gc,start       ] GC(1085) Pause Young (Allocation Failure)
[705.750s][info][gc,task        ] GC(1085) Using 6 workers of 6 for evacuation
[705.759s][info][gc,heap        ] GC(1085) ParNew: 425029K->19030K(460096K)
[705.759s][info][gc,heap        ] GC(1085) CMS: 124595K->124595K(3683136K)
[705.759s][info][gc,metaspace   ] GC(1085) Metaspace: 146003K(159468K)->146003K(159468K) NonClass: 127204K(133852K)->127204K(133852K) Class: 18798K(25616K)->18798K(25616K)
[705.759s][info][gc             ] GC(1085) Pause Young (Allocation Failure) 536M->140M(4046M) 8.349ms
[705.759s][info][gc,cpu         ] GC(1085) User=0.05s Sys=0.00s Real=0.02s
[707.259s][info][gc,start       ] GC(1086) Pause Young (Allocation Failure)
[707.259s][info][gc,task        ] GC(1086) Using 6 workers of 6 for evacuation
[707.266s][info][gc,heap        ] GC(1086) ParNew: 426765K->14725K(460096K)
[707.266s][info][gc,heap        ] GC(1086) CMS: 124595K->124595K(3683136K)
[707.266s][info][gc,metaspace   ] GC(1086) Metaspace: 146003K(159468K)->146003K(159468K) NonClass: 127204K(133852K)->127204K(133852K) Class: 18798K(25616K)->18798K(25616K)
[707.266s][info][gc             ] GC(1086) Pause Young (Allocation Failure) 538M->136M(4046M) 7.077ms
[707.266s][info][gc,cpu         ] GC(1086) User=0.00s Sys=0.00s Real=0.00s
[707.707s][info][gc,start       ] GC(1087) Pause Full (System.gc())
[707.709s][info][gc,phases,start] GC(1087) Phase 1: Mark live objects
[707.783s][info][gc,phases      ] GC(1087) Phase 1: Mark live objects 73.324ms
[707.783s][info][gc,phases,start] GC(1087) Phase 2: Compute new object addresses
[707.824s][info][gc,phases      ] GC(1087) Phase 2: Compute new object addresses 41.275ms
[707.824s][info][gc,phases,start] GC(1087) Phase 3: Adjust pointers
[707.871s][info][gc,phases      ] GC(1087) Phase 3: Adjust pointers 46.660ms
[707.871s][info][gc,phases,start] GC(1087) Phase 4: Move objects
[707.876s][info][gc,phases      ] GC(1087) Phase 4: Move objects 5.139ms
[707.879s][info][gc,heap        ] GC(1087) ParNew: 284011K->0K(460096K)
[707.879s][info][gc,heap        ] GC(1087) CMS: 124595K->73892K(3683136K)
[707.879s][info][gc,metaspace   ] GC(1087) Metaspace: 146004K(159468K)->146004K(159468K) NonClass: 127205K(133852K)->127205K(133852K) Class: 18798K(25616K)->18798K(25616K)
[707.880s][info][gc             ] GC(1087) Pause Full (System.gc()) 399M->72M(4046M) 173.367ms
[707.880s][info][gc,cpu         ] GC(1087) User=0.17s Sys=0.00s Real=0.17s
[707.998s][info][gc,start       ] GC(1088) Pause Young (Allocation Failure)
[707.998s][info][gc,task        ] GC(1088) Using 6 workers of 6 for evacuation
[708.006s][info][gc,heap        ] GC(1088) ParNew: 409024K->20123K(460096K)
[708.006s][info][gc,heap        ] GC(1088) CMS: 73892K->73892K(3683136K)
[708.006s][info][gc,metaspace   ] GC(1088) Metaspace: 146008K(159468K)->146008K(159468K) NonClass: 127209K(133852K)->127209K(133852K) Class: 18798K(25616K)->18798K(25616K)
[708.006s][info][gc             ] GC(1088) Pause Young (Allocation Failure) 471M->91M(4046M) 7.990ms
[708.006s][info][gc,cpu         ] GC(1088) User=0.00s Sys=0.00s Real=0.00s
[708.156s][info][gc,start       ] GC(1089) Pause Young (Allocation Failure)
[708.156s][info][gc,task        ] GC(1089) Using 6 workers of 6 for evacuation
[708.166s][info][gc,heap        ] GC(1089) ParNew: 429147K->51072K(460096K)
[708.166s][info][gc,heap        ] GC(1089) CMS: 73892K->75226K(3683136K)
[708.166s][info][gc,metaspace   ] GC(1089) Metaspace: 146008K(159468K)->146008K(159468K) NonClass: 127209K(133852K)->127209K(133852K) Class: 18798K(25616K)->18798K(25616K)
[708.166s][info][gc             ] GC(1089) Pause Young (Allocation Failure) 491M->123M(4046M) 10.300ms
[708.166s][info][gc,cpu         ] GC(1089) User=0.00s Sys=0.00s Real=0.00s
[708.219s][info][gc,start       ] GC(1090) Pause Young (GCLocker Initiated GC)
[708.219s][info][gc,task        ] GC(1090) Using 6 workers of 6 for evacuation
[708.228s][info][gc,heap        ] GC(1090) ParNew: 456166K->28681K(460096K)
[708.228s][info][gc,heap        ] GC(1090) CMS: 79322K->103565K(3683136K)
[708.228s][info][gc,metaspace   ] GC(1090) Metaspace: 146008K(159468K)->146008K(159468K) NonClass: 127209K(133852K)->127209K(133852K) Class: 18798K(25616K)->18798K(25616K)
[708.228s][info][gc             ] GC(1090) Pause Young (GCLocker Initiated GC) 522M->129M(4046M) 9.591ms
[708.228s][info][gc,cpu         ] GC(1090) User=0.05s Sys=0.00s Real=0.00s
[708.418s][info][gc,start       ] GC(1091) Pause Young (Allocation Failure)
[708.418s][info][gc,task        ] GC(1091) Using 6 workers of 6 for evacuation
[708.426s][info][gc,heap        ] GC(1091) ParNew: 437600K->29306K(460096K)
[708.426s][info][gc,heap        ] GC(1091) CMS: 103565K->103565K(3683136K)
[708.426s][info][gc,metaspace   ] GC(1091) Metaspace: 146008K(159468K)->146008K(159468K) NonClass: 127209K(133852K)->127209K(133852K) Class: 18798K(25616K)->18798K(25616K)
[708.426s][info][gc             ] GC(1091) Pause Young (Allocation Failure) 528M->129M(4046M) 8.197ms
[708.426s][info][gc,cpu         ] GC(1091) User=0.02s Sys=0.00s Real=0.02s
[708.475s][info][gc,start       ] GC(1092) Pause Young (GCLocker Initiated GC)
[708.475s][info][gc,task        ] GC(1092) Using 6 workers of 6 for evacuation
[708.485s][info][gc,heap        ] GC(1092) ParNew: 442294K->41671K(460096K)
[708.485s][info][gc,heap        ] GC(1092) CMS: 103565K->103565K(3683136K)
[708.485s][info][gc,metaspace   ] GC(1092) Metaspace: 146008K(159468K)->146008K(159468K) NonClass: 127209K(133852K)->127209K(133852K) Class: 18798K(25616K)->18798K(25616K)
[708.485s][info][gc             ] GC(1092) Pause Young (GCLocker Initiated GC) 533M->141M(4046M) 9.522ms
[708.485s][info][gc,cpu         ] GC(1092) User=0.02s Sys=0.00s Real=0.02s
[708.654s][info][gc,start       ] GC(1093) Pause Young (Allocation Failure)
[708.654s][info][gc,task        ] GC(1093) Using 6 workers of 6 for evacuation
[708.665s][info][gc,heap        ] GC(1093) ParNew: 450695K->39276K(460096K)
[708.665s][info][gc,heap        ] GC(1093) CMS: 103565K->121157K(3683136K)
[708.665s][info][gc,metaspace   ] GC(1093) Metaspace: 146008K(159468K)->146008K(159468K) NonClass: 127209K(133852K)->127209K(133852K) Class: 18798K(25616K)->18798K(25616K)
[708.665s][info][gc             ] GC(1093) Pause Young (Allocation Failure) 541M->156M(4046M) 11.269ms
[708.665s][info][gc,cpu         ] GC(1093) User=0.02s Sys=0.00s Real=0.02s
[709.278s][info][gc,start       ] GC(1094) Pause Young (Allocation Failure)
[709.278s][info][gc,task        ] GC(1094) Using 6 workers of 6 for evacuation
[709.286s][info][gc,heap        ] GC(1094) ParNew: 448300K->17024K(460096K)
[709.286s][info][gc,heap        ] GC(1094) CMS: 121157K->130621K(3683136K)
[709.286s][info][gc,metaspace   ] GC(1094) Metaspace: 146008K(159468K)->146008K(159468K) NonClass: 127209K(133852K)->127209K(133852K) Class: 18798K(25616K)->18798K(25616K)
[709.287s][info][gc             ] GC(1094) Pause Young (Allocation Failure) 556M->144M(4046M) 8.432ms
[709.287s][info][gc,cpu         ] GC(1094) User=0.02s Sys=0.00s Real=0.02s
[710.814s][info][gc,start       ] GC(1095) Pause Young (Allocation Failure)
[710.814s][info][gc,task        ] GC(1095) Using 6 workers of 6 for evacuation
[710.821s][info][gc,heap        ] GC(1095) ParNew: 426048K->14586K(460096K)
[710.821s][info][gc,heap        ] GC(1095) CMS: 130621K->130621K(3683136K)
[710.821s][info][gc,metaspace   ] GC(1095) Metaspace: 146008K(159468K)->146008K(159468K) NonClass: 127209K(133852K)->127209K(133852K) Class: 18798K(25616K)->18798K(25616K)
[710.821s][info][gc             ] GC(1095) Pause Young (Allocation Failure) 543M->141M(4046M) 7.621ms
[710.821s][info][gc,cpu         ] GC(1095) User=0.02s Sys=0.00s Real=0.02s
[712.393s][info][gc,start       ] GC(1096) Pause Young (Allocation Failure)
[712.393s][info][gc,task        ] GC(1096) Using 6 workers of 6 for evacuation
[712.400s][info][gc,heap        ] GC(1096) ParNew: 423610K->13648K(460096K)
[712.400s][info][gc,heap        ] GC(1096) CMS: 130621K->130621K(3683136K)
[712.400s][info][gc,metaspace   ] GC(1096) Metaspace: 146008K(159468K)->146008K(159468K) NonClass: 127209K(133852K)->127209K(133852K) Class: 18798K(25616K)->18798K(25616K)
[712.400s][info][gc             ] GC(1096) Pause Young (Allocation Failure) 541M->140M(4046M) 7.061ms
[712.400s][info][gc,cpu         ] GC(1096) User=0.00s Sys=0.00s Real=0.00s
[713.871s][info][gc,start       ] GC(1097) Pause Young (Allocation Failure)
[713.871s][info][gc,task        ] GC(1097) Using 6 workers of 6 for evacuation
[713.878s][info][gc,heap        ] GC(1097) ParNew: 422672K->12000K(460096K)
[713.878s][info][gc,heap        ] GC(1097) CMS: 130621K->130621K(3683136K)
[713.878s][info][gc,metaspace   ] GC(1097) Metaspace: 146008K(159468K)->146008K(159468K) NonClass: 127209K(133852K)->127209K(133852K) Class: 18798K(25616K)->18798K(25616K)
[713.878s][info][gc             ] GC(1097) Pause Young (Allocation Failure) 540M->139M(4046M) 6.895ms
[713.878s][info][gc,cpu         ] GC(1097) User=0.00s Sys=0.00s Real=0.00s
[714.317s][info][gc,start       ] GC(1098) Pause Full (System.gc())
[714.320s][info][gc,phases,start] GC(1098) Phase 1: Mark live objects
[714.393s][info][gc,phases      ] GC(1098) Phase 1: Mark live objects 73.455ms
[714.393s][info][gc,phases,start] GC(1098) Phase 2: Compute new object addresses
[714.434s][info][gc,phases      ] GC(1098) Phase 2: Compute new object addresses 41.087ms
[714.434s][info][gc,phases,start] GC(1098) Phase 3: Adjust pointers
[714.480s][info][gc,phases      ] GC(1098) Phase 3: Adjust pointers 45.297ms
[714.480s][info][gc,phases,start] GC(1098) Phase 4: Move objects
[714.485s][info][gc,phases      ] GC(1098) Phase 4: Move objects 5.175ms
[714.488s][info][gc,heap        ] GC(1098) ParNew: 272703K->0K(460096K)
[714.488s][info][gc,heap        ] GC(1098) CMS: 130621K->73512K(3683136K)
[714.488s][info][gc,metaspace   ] GC(1098) Metaspace: 146008K(159468K)->146008K(159468K) NonClass: 127209K(133852K)->127209K(133852K) Class: 18798K(25616K)->18798K(25616K)
[714.489s][info][gc             ] GC(1098) Pause Full (System.gc()) 393M->71M(4046M) 171.739ms
[714.489s][info][gc,cpu         ] GC(1098) User=0.17s Sys=0.00s Real=0.17s
[714.605s][info][gc,start       ] GC(1099) Pause Young (Allocation Failure)
[714.605s][info][gc,task        ] GC(1099) Using 6 workers of 6 for evacuation
[714.612s][info][gc,heap        ] GC(1099) ParNew: 409024K->19451K(460096K)
[714.613s][info][gc,heap        ] GC(1099) CMS: 73512K->73512K(3683136K)
[714.613s][info][gc,metaspace   ] GC(1099) Metaspace: 146009K(159468K)->146009K(159468K) NonClass: 127210K(133852K)->127210K(133852K) Class: 18798K(25616K)->18798K(25616K)
[714.613s][info][gc             ] GC(1099) Pause Young (Allocation Failure) 471M->90M(4046M) 7.846ms
[714.613s][info][gc,cpu         ] GC(1099) User=0.00s Sys=0.00s Real=0.00s
[714.773s][info][gc,start       ] GC(1100) Pause Young (Allocation Failure)
[714.774s][info][gc,task        ] GC(1100) Using 6 workers of 6 for evacuation
[714.784s][info][gc,heap        ] GC(1100) ParNew: 426174K->50822K(460096K)
[714.784s][info][gc,heap        ] GC(1100) CMS: 73512K->73512K(3683136K)
[714.784s][info][gc,metaspace   ] GC(1100) Metaspace: 146009K(159468K)->146009K(159468K) NonClass: 127210K(133852K)->127210K(133852K) Class: 18798K(25616K)->18798K(25616K)
[714.784s][info][gc             ] GC(1100) Pause Young (Allocation Failure) 487M->121M(4046M) 10.407ms
[714.784s][info][gc,cpu         ] GC(1100) User=0.02s Sys=0.00s Real=0.01s
[714.837s][info][gc,start       ] GC(1101) Pause Young (Allocation Failure)
[714.837s][info][gc,task        ] GC(1101) Using 6 workers of 6 for evacuation
[714.847s][info][gc,heap        ] GC(1101) ParNew: 459846K->34616K(460096K)
[714.847s][info][gc,heap        ] GC(1101) CMS: 73512K->97634K(3683136K)
[714.847s][info][gc,metaspace   ] GC(1101) Metaspace: 146009K(159468K)->146009K(159468K) NonClass: 127210K(133852K)->127210K(133852K) Class: 18798K(25616K)->18798K(25616K)
[714.847s][info][gc             ] GC(1101) Pause Young (Allocation Failure) 520M->129M(4046M) 10.229ms
[714.847s][info][gc,cpu         ] GC(1101) User=0.03s Sys=0.00s Real=0.02s
[715.025s][info][gc,start       ] GC(1102) Pause Young (Allocation Failure)
[715.025s][info][gc,task        ] GC(1102) Using 6 workers of 6 for evacuation
[715.032s][info][gc,heap        ] GC(1102) ParNew: 443640K->25970K(460096K)
[715.032s][info][gc,heap        ] GC(1102) CMS: 97634K->97634K(3683136K)
[715.032s][info][gc,metaspace   ] GC(1102) Metaspace: 146009K(159468K)->146009K(159468K) NonClass: 127210K(133852K)->127210K(133852K) Class: 18798K(25616K)->18798K(25616K)
[715.032s][info][gc             ] GC(1102) Pause Young (Allocation Failure) 528M->120M(4046M) 7.683ms
[715.032s][info][gc,cpu         ] GC(1102) User=0.02s Sys=0.00s Real=0.02s
[715.082s][info][gc,start       ] GC(1103) Pause Young (Allocation Failure)
[715.082s][info][gc,task        ] GC(1103) Using 6 workers of 6 for evacuation
[715.092s][info][gc,heap        ] GC(1103) ParNew: 431216K->49559K(460096K)
[715.092s][info][gc,heap        ] GC(1103) CMS: 97634K->97634K(3683136K)
[715.092s][info][gc,metaspace   ] GC(1103) Metaspace: 146009K(159468K)->146009K(159468K) NonClass: 127210K(133852K)->127210K(133852K) Class: 18798K(25616K)->18798K(25616K)
[715.092s][info][gc             ] GC(1103) Pause Young (Allocation Failure) 516M->143M(4046M) 10.396ms
[715.092s][info][gc,cpu         ] GC(1103) User=0.02s Sys=0.00s Real=0.02s
[715.262s][info][gc,start       ] GC(1104) Pause Young (Allocation Failure)
[715.262s][info][gc,task        ] GC(1104) Using 6 workers of 6 for evacuation
[715.273s][info][gc,heap        ] GC(1104) ParNew: 458583K->34418K(460096K)
[715.273s][info][gc,heap        ] GC(1104) CMS: 97634K->115120K(3683136K)
[715.273s][info][gc,metaspace   ] GC(1104) Metaspace: 146009K(159468K)->146009K(159468K) NonClass: 127210K(133852K)->127210K(133852K) Class: 18798K(25616K)->18798K(25616K)
[715.273s][info][gc             ] GC(1104) Pause Young (Allocation Failure) 543M->146M(4046M) 10.982ms
[715.273s][info][gc,cpu         ] GC(1104) User=0.02s Sys=0.00s Real=0.02s
[715.827s][info][gc,start       ] GC(1105) Pause Young (Allocation Failure)
[715.827s][info][gc,task        ] GC(1105) Using 6 workers of 6 for evacuation
[715.835s][info][gc,heap        ] GC(1105) ParNew: 443442K->19273K(460096K)
[715.835s][info][gc,heap        ] GC(1105) CMS: 115120K->124583K(3683136K)
[715.835s][info][gc,metaspace   ] GC(1105) Metaspace: 146009K(159468K)->146009K(159468K) NonClass: 127210K(133852K)->127210K(133852K) Class: 18798K(25616K)->18798K(25616K)
[715.835s][info][gc             ] GC(1105) Pause Young (Allocation Failure) 545M->140M(4046M) 8.556ms
[715.835s][info][gc,cpu         ] GC(1105) User=0.02s Sys=0.00s Real=0.01s
[717.408s][info][gc,start       ] GC(1106) Pause Young (Allocation Failure)
[717.408s][info][gc,task        ] GC(1106) Using 6 workers of 6 for evacuation
[717.416s][info][gc,heap        ] GC(1106) ParNew: 428297K->13172K(460096K)
[717.416s][info][gc,heap        ] GC(1106) CMS: 124583K->124583K(3683136K)
[717.416s][info][gc,metaspace   ] GC(1106) Metaspace: 146009K(159468K)->146009K(159468K) NonClass: 127210K(133852K)->127210K(133852K) Class: 18798K(25616K)->18798K(25616K)
[717.416s][info][gc             ] GC(1106) Pause Young (Allocation Failure) 539M->134M(4046M) 7.838ms
[717.416s][info][gc,cpu         ] GC(1106) User=0.02s Sys=0.00s Real=0.01s
[718.961s][info][gc,start       ] GC(1107) Pause Young (Allocation Failure)
[718.961s][info][gc,task        ] GC(1107) Using 6 workers of 6 for evacuation
[718.970s][info][gc,heap        ] GC(1107) ParNew: 422196K->17138K(460096K)
[718.970s][info][gc,heap        ] GC(1107) CMS: 124583K->124583K(3683136K)
[718.970s][info][gc,metaspace   ] GC(1107) Metaspace: 146009K(159468K)->146009K(159468K) NonClass: 127210K(133852K)->127210K(133852K) Class: 18798K(25616K)->18798K(25616K)
[718.970s][info][gc             ] GC(1107) Pause Young (Allocation Failure) 533M->138M(4046M) 8.686ms
[718.970s][info][gc,cpu         ] GC(1107) User=0.02s Sys=0.00s Real=0.02s
[720.391s][info][gc,start       ] GC(1108) Pause Young (Allocation Failure)
[720.391s][info][gc,task        ] GC(1108) Using 6 workers of 6 for evacuation
[720.399s][info][gc,heap        ] GC(1108) ParNew: 426162K->14406K(460096K)
[720.399s][info][gc,heap        ] GC(1108) CMS: 124583K->124583K(3683136K)
[720.399s][info][gc,metaspace   ] GC(1108) Metaspace: 146009K(159468K)->146009K(159468K) NonClass: 127210K(133852K)->127210K(133852K) Class: 18798K(25616K)->18798K(25616K)
[720.399s][info][gc             ] GC(1108) Pause Young (Allocation Failure) 537M->135M(4046M) 8.329ms
[720.399s][info][gc,cpu         ] GC(1108) User=0.02s Sys=0.00s Real=0.02s
[721.160s][info][gc,heap,exit   ] Heap
[721.160s][info][gc,heap,exit   ]  par new generation   total 460096K, used 354259K [0x0000000700000000, 0x000000071f330000, 0x000000071f330000)
[721.160s][info][gc,heap,exit   ]   eden space 409024K,  83% used [0x0000000700000000, 0x0000000714be3728, 0x0000000718f70000)
[721.160s][info][gc,heap,exit   ]   from space 51072K,  28% used [0x000000071c150000, 0x000000071cf618a0, 0x000000071f330000)
[721.160s][info][gc,heap,exit   ]   to   space 51072K,   0% used [0x0000000718f70000, 0x0000000718f70000, 0x000000071c150000)
[721.160s][info][gc,heap,exit   ]  concurrent mark-sweep generation total 3683136K, used 124583K [0x000000071f330000, 0x0000000800000000, 0x0000000800000000)
[721.160s][info][gc,heap,exit   ]  Metaspace       used 146518K, capacity 154565K, committed 159724K, reserved 1183744K
[721.160s][info][gc,heap,exit   ]   class space    used 18913K, capacity 22612K, committed 25616K, reserved 1048576K
