[0.010s][info][gc] Using G1
[0.021s][info][gc,init] Version: 17.0.12+7-adhoc..jdk17u (release)
[0.021s][info][gc,init] CPUs: 6 total, 6 available
[0.021s][info][gc,init] Memory: 15591M
[0.021s][info][gc,init] Large Page Support: Disabled
[0.021s][info][gc,init] NUMA Support: Disabled
[0.021s][info][gc,init] Compressed Oops: Enabled (32-bit)
[0.021s][info][gc,init] Heap Region Size: 1M
[0.021s][info][gc,init] Heap Min Capacity: 2G
[0.021s][info][gc,init] Heap Initial Capacity: 2G
[0.021s][info][gc,init] Heap Max Capacity: 2G
[0.021s][info][gc,init] Pre-touch: Disabled
[0.021s][info][gc,init] Parallel Workers: 6
[0.021s][info][gc,init] Concurrent Workers: 2
[0.021s][info][gc,init] Concurrent Refinement Workers: 6
[0.021s][info][gc,init] Periodic GC: Disabled
[0.035s][info][gc,metaspace] CDS archive(s) mapped at: [0x000002a461000000-0x000002a461bc0000-0x000002a461bc0000), size 12320768, SharedBaseAddress: 0x000002a461000000, ArchiveRelocationMode: 1.
[0.035s][info][gc,metaspace] Compressed class space mapped at: 0x000002a462000000-0x000002a4a2000000, reserved size: 1073741824
[0.035s][info][gc,metaspace] Narrow klass base: 0x000002a461000000, Narrow klass shift: 0, Narrow klass range: 0x100000000
[3.678s][info][gc,start    ] GC(0) Pause Young (Concurrent Start) (Metadata GC Threshold)
[3.678s][info][gc,task     ] GC(0) Using 6 workers of 6 for evacuation
[3.683s][info][gc,phases   ] GC(0)   Pre Evacuate Collection Set: 0.2ms
[3.683s][info][gc,phases   ] GC(0)   Merge Heap Roots: 0.1ms
[3.683s][info][gc,phases   ] GC(0)   Evacuate Collection Set: 3.9ms
[3.683s][info][gc,phases   ] GC(0)   Post Evacuate Collection Set: 0.7ms
[3.683s][info][gc,phases   ] GC(0)   Other: 0.4ms
[3.683s][info][gc,heap     ] GC(0) Eden regions: 79->0(94)
[3.683s][info][gc,heap     ] GC(0) Survivor regions: 0->8(13)
[3.683s][info][gc,heap     ] GC(0) Old regions: 0->0
[3.683s][info][gc,heap     ] GC(0) Archive regions: 0->0
[3.683s][info][gc,heap     ] GC(0) Humongous regions: 0->0
[3.683s][info][gc,metaspace] GC(0) Metaspace: 21335K(21504K)->21335K(21504K) NonClass: 18598K(18688K)->18598K(18688K) Class: 2736K(2816K)->2736K(2816K)
[3.683s][info][gc          ] GC(0) Pause Young (Concurrent Start) (Metadata GC Threshold) 79M->7M(2048M) 5.486ms
[3.683s][info][gc,cpu      ] GC(0) User=0.00s Sys=0.00s Real=0.01s
[3.683s][info][gc          ] GC(1) Concurrent Mark Cycle
[3.683s][info][gc,marking  ] GC(1) Concurrent Clear Claimed Marks
[3.683s][info][gc,marking  ] GC(1) Concurrent Clear Claimed Marks 0.018ms
[3.683s][info][gc,marking  ] GC(1) Concurrent Scan Root Regions
[3.685s][info][gc,marking  ] GC(1) Concurrent Scan Root Regions 1.947ms
[3.685s][info][gc,marking  ] GC(1) Concurrent Mark
[3.685s][info][gc,marking  ] GC(1) Concurrent Mark From Roots
[3.685s][info][gc,task     ] GC(1) Using 2 workers of 2 for marking
[3.686s][info][gc,marking  ] GC(1) Concurrent Mark From Roots 0.294ms
[3.686s][info][gc,marking  ] GC(1) Concurrent Preclean
[3.686s][info][gc,marking  ] GC(1) Concurrent Preclean 0.033ms
[3.686s][info][gc,start    ] GC(1) Pause Remark
[3.688s][info][gc          ] GC(1) Pause Remark 8M->8M(2048M) 1.620ms
[3.688s][info][gc,cpu      ] GC(1) User=0.00s Sys=0.00s Real=0.00s
[3.688s][info][gc,marking  ] GC(1) Concurrent Mark 2.193ms
[3.688s][info][gc,marking  ] GC(1) Concurrent Rebuild Remembered Sets
[3.688s][info][gc,marking  ] GC(1) Concurrent Rebuild Remembered Sets 0.008ms
[3.688s][info][gc,start    ] GC(1) Pause Cleanup
[3.688s][info][gc          ] GC(1) Pause Cleanup 8M->8M(2048M) 0.016ms
[3.688s][info][gc,cpu      ] GC(1) User=0.00s Sys=0.00s Real=0.00s
[3.688s][info][gc,marking  ] GC(1) Concurrent Cleanup for Next Mark
[3.692s][info][gc,marking  ] GC(1) Concurrent Cleanup for Next Mark 4.694ms
[3.693s][info][gc          ] GC(1) Concurrent Mark Cycle 9.231ms
[4.458s][info][gc,start    ] GC(2) Pause Full (System.gc())
[4.458s][info][gc,task     ] GC(2) Using 6 workers of 6 for full compaction
[4.458s][info][gc,phases,start] GC(2) Phase 1: Mark live objects
[4.462s][info][gc,phases      ] GC(2) Phase 1: Mark live objects 4.205ms
[4.462s][info][gc,phases,start] GC(2) Phase 2: Prepare for compaction
[4.465s][info][gc,phases      ] GC(2) Phase 2: Prepare for compaction 2.331ms
[4.465s][info][gc,phases,start] GC(2) Phase 3: Adjust pointers
[4.467s][info][gc,phases      ] GC(2) Phase 3: Adjust pointers 2.420ms
[4.467s][info][gc,phases,start] GC(2) Phase 4: Compact heap
[4.469s][info][gc,phases      ] GC(2) Phase 4: Compact heap 1.396ms
[4.474s][info][gc,heap        ] GC(2) Eden regions: 46->0(102)
[4.474s][info][gc,heap        ] GC(2) Survivor regions: 8->0(13)
[4.474s][info][gc,heap        ] GC(2) Old regions: 0->14
[4.474s][info][gc,heap        ] GC(2) Archive regions: 0->0
[4.474s][info][gc,heap        ] GC(2) Humongous regions: 0->0
[4.474s][info][gc,metaspace   ] GC(2) Metaspace: 33723K(34048K)->33723K(34048K) NonClass: 29123K(29312K)->29123K(29312K) Class: 4600K(4736K)->4600K(4736K)
[4.474s][info][gc             ] GC(2) Pause Full (System.gc()) 52M->10M(2048M) 16.570ms
[4.474s][info][gc,cpu         ] GC(2) User=0.08s Sys=0.02s Real=0.02s
[6.005s][info][gc,start       ] GC(3) Pause Young (Normal) (G1 Evacuation Pause)
[6.006s][info][gc,task        ] GC(3) Using 6 workers of 6 for evacuation
[6.011s][info][gc,phases      ] GC(3)   Pre Evacuate Collection Set: 0.2ms
[6.011s][info][gc,phases      ] GC(3)   Merge Heap Roots: 0.1ms
[6.011s][info][gc,phases      ] GC(3)   Evacuate Collection Set: 4.5ms
[6.011s][info][gc,phases      ] GC(3)   Post Evacuate Collection Set: 0.8ms
[6.011s][info][gc,phases      ] GC(3)   Other: 0.2ms
[6.011s][info][gc,heap        ] GC(3) Eden regions: 102->0(600)
[6.011s][info][gc,heap        ] GC(3) Survivor regions: 0->6(13)
[6.011s][info][gc,heap        ] GC(3) Old regions: 14->14
[6.011s][info][gc,heap        ] GC(3) Archive regions: 0->0
[6.011s][info][gc,heap        ] GC(3) Humongous regions: 0->0
[6.011s][info][gc,metaspace   ] GC(3) Metaspace: 50225K(50816K)->50225K(50816K) NonClass: 42814K(43136K)->42814K(43136K) Class: 7411K(7680K)->7411K(7680K)
[6.011s][info][gc             ] GC(3) Pause Young (Normal) (G1 Evacuation Pause) 112M->16M(2048M) 5.746ms
[6.011s][info][gc,cpu         ] GC(3) User=0.00s Sys=0.00s Real=0.00s
[10.568s][info][gc,start       ] GC(4) Pause Young (Normal) (G1 Evacuation Pause)
[10.568s][info][gc,task        ] GC(4) Using 6 workers of 6 for evacuation
[10.572s][info][gc,phases      ] GC(4)   Pre Evacuate Collection Set: 0.2ms
[10.572s][info][gc,phases      ] GC(4)   Merge Heap Roots: 0.1ms
[10.572s][info][gc,phases      ] GC(4)   Evacuate Collection Set: 2.7ms
[10.572s][info][gc,phases      ] GC(4)   Post Evacuate Collection Set: 0.8ms
[10.572s][info][gc,phases      ] GC(4)   Other: 0.2ms
[10.572s][info][gc,heap        ] GC(4) Eden regions: 600->0(1222)
[10.572s][info][gc,heap        ] GC(4) Survivor regions: 6->6(76)
[10.572s][info][gc,heap        ] GC(4) Old regions: 14->14
[10.572s][info][gc,heap        ] GC(4) Archive regions: 0->0
[10.572s][info][gc,heap        ] GC(4) Humongous regions: 0->0
[10.572s][info][gc,metaspace   ] GC(4) Metaspace: 50416K(51008K)->50416K(51008K) NonClass: 42999K(43328K)->42999K(43328K) Class: 7417K(7680K)->7417K(7680K)
[10.572s][info][gc             ] GC(4) Pause Young (Normal) (G1 Evacuation Pause) 616M->16M(2048M) 4.043ms
[10.572s][info][gc,cpu         ] GC(4) User=0.00s Sys=0.00s Real=0.00s
[12.738s][info][gc,start       ] GC(5) Pause Young (Normal) (G1 Evacuation Pause)
[12.738s][info][gc,task        ] GC(5) Using 6 workers of 6 for evacuation
[12.742s][info][gc,phases      ] GC(5)   Pre Evacuate Collection Set: 0.1ms
[12.742s][info][gc,phases      ] GC(5)   Merge Heap Roots: 0.1ms
[12.742s][info][gc,phases      ] GC(5)   Evacuate Collection Set: 2.6ms
[12.742s][info][gc,phases      ] GC(5)   Post Evacuate Collection Set: 0.8ms
[12.742s][info][gc,phases      ] GC(5)   Other: 0.3ms
[12.742s][info][gc,heap        ] GC(5) Eden regions: 1222->0(1222)
[12.742s][info][gc,heap        ] GC(5) Survivor regions: 6->6(154)
[12.742s][info][gc,heap        ] GC(5) Old regions: 14->14
[12.742s][info][gc,heap        ] GC(5) Archive regions: 0->0
[12.742s][info][gc,heap        ] GC(5) Humongous regions: 0->0
[12.742s][info][gc,metaspace   ] GC(5) Metaspace: 50426K(51008K)->50426K(51008K) NonClass: 43008K(43328K)->43008K(43328K) Class: 7417K(7680K)->7417K(7680K)
[12.742s][info][gc             ] GC(5) Pause Young (Normal) (G1 Evacuation Pause) 1238M->16M(2048M) 4.159ms
[12.742s][info][gc,cpu         ] GC(5) User=0.00s Sys=0.00s Real=0.00s
[14.361s][info][gc,start       ] GC(6) Pause Full (System.gc())
[14.361s][info][gc,task        ] GC(6) Using 6 workers of 6 for full compaction
[14.361s][info][gc,phases,start] GC(6) Phase 1: Mark live objects
[14.374s][info][gc,phases      ] GC(6) Phase 1: Mark live objects 12.307ms
[14.374s][info][gc,phases,start] GC(6) Phase 2: Prepare for compaction
[14.377s][info][gc,phases      ] GC(6) Phase 2: Prepare for compaction 2.760ms
[14.377s][info][gc,phases,start] GC(6) Phase 3: Adjust pointers
[14.383s][info][gc,phases      ] GC(6) Phase 3: Adjust pointers 6.220ms
[14.383s][info][gc,phases,start] GC(6) Phase 4: Compact heap
[14.386s][info][gc,phases      ] GC(6) Phase 4: Compact heap 3.030ms
[14.395s][info][gc,heap        ] GC(6) Eden regions: 940->0(1228)
[14.395s][info][gc,heap        ] GC(6) Survivor regions: 6->0(154)
[14.395s][info][gc,heap        ] GC(6) Old regions: 14->18
[14.395s][info][gc,heap        ] GC(6) Archive regions: 0->0
[14.395s][info][gc,heap        ] GC(6) Humongous regions: 0->0
[14.395s][info][gc,metaspace   ] GC(6) Metaspace: 50712K(51328K)->50430K(51328K) NonClass: 43243K(43584K)->43043K(43584K) Class: 7468K(7744K)->7387K(7744K)
[14.395s][info][gc             ] GC(6) Pause Full (System.gc()) 956M->15M(2048M) 33.493ms
[14.395s][info][gc,cpu         ] GC(6) User=0.11s Sys=0.03s Real=0.03s
[17.639s][info][gc,start       ] GC(7) Pause Young (Normal) (G1 Evacuation Pause)
[17.639s][info][gc,task        ] GC(7) Using 6 workers of 6 for evacuation
[17.640s][info][gc,phases      ] GC(7)   Pre Evacuate Collection Set: 0.1ms
[17.640s][info][gc,phases      ] GC(7)   Merge Heap Roots: 0.1ms
[17.641s][info][gc,phases      ] GC(7)   Evacuate Collection Set: 0.7ms
[17.641s][info][gc,phases      ] GC(7)   Post Evacuate Collection Set: 0.5ms
[17.641s][info][gc,phases      ] GC(7)   Other: 0.2ms
[17.641s][info][gc,heap        ] GC(7) Eden regions: 1228->0(1227)
[17.641s][info][gc,heap        ] GC(7) Survivor regions: 0->1(154)
[17.641s][info][gc,heap        ] GC(7) Old regions: 18->18
[17.641s][info][gc,heap        ] GC(7) Archive regions: 0->0
[17.641s][info][gc,heap        ] GC(7) Humongous regions: 0->0
[17.641s][info][gc,metaspace   ] GC(7) Metaspace: 50487K(51328K)->50487K(51328K) NonClass: 43079K(43584K)->43079K(43584K) Class: 7408K(7744K)->7408K(7744K)
[17.641s][info][gc             ] GC(7) Pause Young (Normal) (G1 Evacuation Pause) 1243M->16M(2048M) 1.710ms
[17.641s][info][gc,cpu         ] GC(7) User=0.00s Sys=0.00s Real=0.00s
[19.226s][info][gc,start       ] GC(8) Pause Young (Normal) (G1 Evacuation Pause)
[19.226s][info][gc,task        ] GC(8) Using 6 workers of 6 for evacuation
[19.228s][info][gc,phases      ] GC(8)   Pre Evacuate Collection Set: 0.1ms
[19.228s][info][gc,phases      ] GC(8)   Merge Heap Roots: 0.1ms
[19.228s][info][gc,phases      ] GC(8)   Evacuate Collection Set: 0.6ms
[19.228s][info][gc,phases      ] GC(8)   Post Evacuate Collection Set: 0.4ms
[19.228s][info][gc,phases      ] GC(8)   Other: 0.2ms
[19.228s][info][gc,heap        ] GC(8) Eden regions: 1227->0(1227)
[19.228s][info][gc,heap        ] GC(8) Survivor regions: 1->1(154)
[19.228s][info][gc,heap        ] GC(8) Old regions: 18->18
[19.228s][info][gc,heap        ] GC(8) Archive regions: 0->0
[19.228s][info][gc,heap        ] GC(8) Humongous regions: 0->0
[19.228s][info][gc,metaspace   ] GC(8) Metaspace: 50492K(51328K)->50492K(51328K) NonClass: 43084K(43584K)->43084K(43584K) Class: 7408K(7744K)->7408K(7744K)
[19.228s][info][gc             ] GC(8) Pause Young (Normal) (G1 Evacuation Pause) 1243M->16M(2048M) 1.531ms
[19.228s][info][gc,cpu         ] GC(8) User=0.00s Sys=0.00s Real=0.00s
[19.832s][info][gc,start       ] GC(9) Pause Full (System.gc())
[19.832s][info][gc,task        ] GC(9) Using 6 workers of 6 for full compaction
[19.832s][info][gc,phases,start] GC(9) Phase 1: Mark live objects
[19.842s][info][gc,phases      ] GC(9) Phase 1: Mark live objects 9.830ms
[19.842s][info][gc,phases,start] GC(9) Phase 2: Prepare for compaction
[19.844s][info][gc,phases      ] GC(9) Phase 2: Prepare for compaction 1.404ms
[19.844s][info][gc,phases,start] GC(9) Phase 3: Adjust pointers
[19.849s][info][gc,phases      ] GC(9) Phase 3: Adjust pointers 5.348ms
[19.849s][info][gc,phases,start] GC(9) Phase 4: Compact heap
[19.850s][info][gc,phases      ] GC(9) Phase 4: Compact heap 0.910ms
[19.858s][info][gc,heap        ] GC(9) Eden regions: 320->0(1228)
[19.858s][info][gc,heap        ] GC(9) Survivor regions: 1->0(154)
[19.858s][info][gc,heap        ] GC(9) Old regions: 18->19
[19.858s][info][gc,heap        ] GC(9) Archive regions: 0->0
[19.858s][info][gc,heap        ] GC(9) Humongous regions: 0->0
[19.858s][info][gc,metaspace   ] GC(9) Metaspace: 50500K(51328K)->50490K(51328K) NonClass: 43092K(43584K)->43085K(43584K) Class: 7408K(7744K)->7405K(7744K)
[19.858s][info][gc             ] GC(9) Pause Full (System.gc()) 335M->15M(2048M) 25.952ms
[19.858s][info][gc,cpu         ] GC(9) User=0.02s Sys=0.00s Real=0.03s
[21.580s][info][gc,start       ] GC(10) Pause Young (Normal) (G1 Evacuation Pause)
[21.580s][info][gc,task        ] GC(10) Using 6 workers of 6 for evacuation
[21.582s][info][gc,phases      ] GC(10)   Pre Evacuate Collection Set: 0.1ms
[21.582s][info][gc,phases      ] GC(10)   Merge Heap Roots: 0.1ms
[21.582s][info][gc,phases      ] GC(10)   Evacuate Collection Set: 0.8ms
[21.582s][info][gc,phases      ] GC(10)   Post Evacuate Collection Set: 0.5ms
[21.582s][info][gc,phases      ] GC(10)   Other: 0.2ms
[21.582s][info][gc,heap        ] GC(10) Eden regions: 1228->0(1227)
[21.582s][info][gc,heap        ] GC(10) Survivor regions: 0->1(154)
[21.582s][info][gc,heap        ] GC(10) Old regions: 19->19
[21.582s][info][gc,heap        ] GC(10) Archive regions: 0->0
[21.582s][info][gc,heap        ] GC(10) Humongous regions: 0->0
[21.582s][info][gc,metaspace   ] GC(10) Metaspace: 50529K(51328K)->50529K(51328K) NonClass: 43124K(43584K)->43124K(43584K) Class: 7405K(7744K)->7405K(7744K)
[21.582s][info][gc             ] GC(10) Pause Young (Normal) (G1 Evacuation Pause) 1243M->16M(2048M) 1.793ms
[21.582s][info][gc,cpu         ] GC(10) User=0.06s Sys=0.02s Real=0.00s
[23.128s][info][gc,start       ] GC(11) Pause Young (Normal) (G1 Evacuation Pause)
[23.128s][info][gc,task        ] GC(11) Using 6 workers of 6 for evacuation
[23.130s][info][gc,phases      ] GC(11)   Pre Evacuate Collection Set: 0.1ms
[23.130s][info][gc,phases      ] GC(11)   Merge Heap Roots: 0.1ms
[23.130s][info][gc,phases      ] GC(11)   Evacuate Collection Set: 0.5ms
[23.130s][info][gc,phases      ] GC(11)   Post Evacuate Collection Set: 0.5ms
[23.130s][info][gc,phases      ] GC(11)   Other: 0.2ms
[23.130s][info][gc,heap        ] GC(11) Eden regions: 1227->0(1227)
[23.130s][info][gc,heap        ] GC(11) Survivor regions: 1->1(154)
[23.130s][info][gc,heap        ] GC(11) Old regions: 19->19
[23.130s][info][gc,heap        ] GC(11) Archive regions: 0->0
[23.130s][info][gc,heap        ] GC(11) Humongous regions: 0->0
[23.130s][info][gc,metaspace   ] GC(11) Metaspace: 50529K(51328K)->50529K(51328K) NonClass: 43124K(43584K)->43124K(43584K) Class: 7405K(7744K)->7405K(7744K)
[23.130s][info][gc             ] GC(11) Pause Young (Normal) (G1 Evacuation Pause) 1243M->16M(2048M) 1.541ms
[23.130s][info][gc,cpu         ] GC(11) User=0.00s Sys=0.00s Real=0.00s
[23.551s][info][gc,start       ] GC(12) Pause Full (System.gc())
[23.551s][info][gc,task        ] GC(12) Using 6 workers of 6 for full compaction
[23.552s][info][gc,phases,start] GC(12) Phase 1: Mark live objects
[23.558s][info][gc,phases      ] GC(12) Phase 1: Mark live objects 5.733ms
[23.558s][info][gc,phases,start] GC(12) Phase 2: Prepare for compaction
[23.559s][info][gc,phases      ] GC(12) Phase 2: Prepare for compaction 1.648ms
[23.559s][info][gc,phases,start] GC(12) Phase 3: Adjust pointers
[23.565s][info][gc,phases      ] GC(12) Phase 3: Adjust pointers 5.659ms
[23.565s][info][gc,phases,start] GC(12) Phase 4: Compact heap
[23.566s][info][gc,phases      ] GC(12) Phase 4: Compact heap 0.912ms
[23.574s][info][gc,heap        ] GC(12) Eden regions: 316->0(1228)
[23.574s][info][gc,heap        ] GC(12) Survivor regions: 1->0(154)
[23.574s][info][gc,heap        ] GC(12) Old regions: 19->19
[23.574s][info][gc,heap        ] GC(12) Archive regions: 0->0
[23.574s][info][gc,heap        ] GC(12) Humongous regions: 0->0
[23.574s][info][gc,metaspace   ] GC(12) Metaspace: 50545K(51328K)->50545K(51328K) NonClass: 43140K(43584K)->43140K(43584K) Class: 7405K(7744K)->7405K(7744K)
[23.574s][info][gc             ] GC(12) Pause Full (System.gc()) 331M->15M(2048M) 22.513ms
[23.574s][info][gc,cpu         ] GC(12) User=0.09s Sys=0.00s Real=0.02s
[25.347s][info][gc,start       ] GC(13) Pause Young (Normal) (G1 Evacuation Pause)
[25.347s][info][gc,task        ] GC(13) Using 6 workers of 6 for evacuation
[25.349s][info][gc,phases      ] GC(13)   Pre Evacuate Collection Set: 0.1ms
[25.349s][info][gc,phases      ] GC(13)   Merge Heap Roots: 0.1ms
[25.349s][info][gc,phases      ] GC(13)   Evacuate Collection Set: 0.6ms
[25.349s][info][gc,phases      ] GC(13)   Post Evacuate Collection Set: 0.5ms
[25.349s][info][gc,phases      ] GC(13)   Other: 0.2ms
[25.349s][info][gc,heap        ] GC(13) Eden regions: 1228->0(1227)
[25.349s][info][gc,heap        ] GC(13) Survivor regions: 0->1(154)
[25.349s][info][gc,heap        ] GC(13) Old regions: 19->19
[25.349s][info][gc,heap        ] GC(13) Archive regions: 0->0
[25.349s][info][gc,heap        ] GC(13) Humongous regions: 0->0
[25.349s][info][gc,metaspace   ] GC(13) Metaspace: 50613K(51456K)->50613K(51456K) NonClass: 43208K(43712K)->43208K(43712K) Class: 7405K(7744K)->7405K(7744K)
[25.349s][info][gc             ] GC(13) Pause Young (Normal) (G1 Evacuation Pause) 1243M->16M(2048M) 1.539ms
[25.349s][info][gc,cpu         ] GC(13) User=0.00s Sys=0.00s Real=0.00s
[26.900s][info][gc,start       ] GC(14) Pause Young (Normal) (G1 Evacuation Pause)
[26.900s][info][gc,task        ] GC(14) Using 6 workers of 6 for evacuation
[26.902s][info][gc,phases      ] GC(14)   Pre Evacuate Collection Set: 0.1ms
[26.902s][info][gc,phases      ] GC(14)   Merge Heap Roots: 0.1ms
[26.902s][info][gc,phases      ] GC(14)   Evacuate Collection Set: 0.6ms
[26.902s][info][gc,phases      ] GC(14)   Post Evacuate Collection Set: 0.4ms
[26.902s][info][gc,phases      ] GC(14)   Other: 0.2ms
[26.902s][info][gc,heap        ] GC(14) Eden regions: 1227->0(1227)
[26.902s][info][gc,heap        ] GC(14) Survivor regions: 1->1(154)
[26.902s][info][gc,heap        ] GC(14) Old regions: 19->19
[26.902s][info][gc,heap        ] GC(14) Archive regions: 0->0
[26.902s][info][gc,heap        ] GC(14) Humongous regions: 0->0
[26.902s][info][gc,metaspace   ] GC(14) Metaspace: 50613K(51456K)->50613K(51456K) NonClass: 43208K(43712K)->43208K(43712K) Class: 7405K(7744K)->7405K(7744K)
[26.902s][info][gc             ] GC(14) Pause Young (Normal) (G1 Evacuation Pause) 1243M->16M(2048M) 1.538ms
[26.902s][info][gc,cpu         ] GC(14) User=0.00s Sys=0.00s Real=0.00s
[27.347s][info][gc,start       ] GC(15) Pause Full (System.gc())
[27.347s][info][gc,task        ] GC(15) Using 6 workers of 6 for full compaction
[27.347s][info][gc,phases,start] GC(15) Phase 1: Mark live objects
[27.353s][info][gc,phases      ] GC(15) Phase 1: Mark live objects 6.145ms
[27.353s][info][gc,phases,start] GC(15) Phase 2: Prepare for compaction
[27.355s][info][gc,phases      ] GC(15) Phase 2: Prepare for compaction 1.440ms
[27.355s][info][gc,phases,start] GC(15) Phase 3: Adjust pointers
[27.361s][info][gc,phases      ] GC(15) Phase 3: Adjust pointers 6.403ms
[27.361s][info][gc,phases,start] GC(15) Phase 4: Compact heap
[27.362s][info][gc,phases      ] GC(15) Phase 4: Compact heap 0.784ms
[27.370s][info][gc,heap        ] GC(15) Eden regions: 309->0(1228)
[27.370s][info][gc,heap        ] GC(15) Survivor regions: 1->0(154)
[27.370s][info][gc,heap        ] GC(15) Old regions: 19->19
[27.370s][info][gc,heap        ] GC(15) Archive regions: 0->0
[27.370s][info][gc,heap        ] GC(15) Humongous regions: 0->0
[27.370s][info][gc,metaspace   ] GC(15) Metaspace: 50632K(51456K)->50632K(51456K) NonClass: 43227K(43712K)->43227K(43712K) Class: 7405K(7744K)->7405K(7744K)
[27.370s][info][gc             ] GC(15) Pause Full (System.gc()) 325M->15M(2048M) 23.588ms
[27.371s][info][gc,cpu         ] GC(15) User=0.05s Sys=0.02s Real=0.02s
[28.966s][info][gc,start       ] GC(16) Pause Young (Normal) (G1 Evacuation Pause)
[28.966s][info][gc,task        ] GC(16) Using 6 workers of 6 for evacuation
[28.967s][info][gc,phases      ] GC(16)   Pre Evacuate Collection Set: 0.1ms
[28.968s][info][gc,phases      ] GC(16)   Merge Heap Roots: 0.1ms
[28.968s][info][gc,phases      ] GC(16)   Evacuate Collection Set: 0.6ms
[28.968s][info][gc,phases      ] GC(16)   Post Evacuate Collection Set: 0.5ms
[28.968s][info][gc,phases      ] GC(16)   Other: 0.2ms
[28.968s][info][gc,heap        ] GC(16) Eden regions: 1228->0(1227)
[28.968s][info][gc,heap        ] GC(16) Survivor regions: 0->1(154)
[28.968s][info][gc,heap        ] GC(16) Old regions: 19->19
[28.968s][info][gc,heap        ] GC(16) Archive regions: 0->0
[28.968s][info][gc,heap        ] GC(16) Humongous regions: 0->0
[28.968s][info][gc,metaspace   ] GC(16) Metaspace: 50673K(51456K)->50673K(51456K) NonClass: 43268K(43712K)->43268K(43712K) Class: 7405K(7744K)->7405K(7744K)
[28.968s][info][gc             ] GC(16) Pause Young (Normal) (G1 Evacuation Pause) 1243M->16M(2048M) 1.513ms
[28.968s][info][gc,cpu         ] GC(16) User=0.00s Sys=0.00s Real=0.00s
[30.565s][info][gc,start       ] GC(17) Pause Young (Normal) (G1 Evacuation Pause)
[30.565s][info][gc,task        ] GC(17) Using 6 workers of 6 for evacuation
[30.566s][info][gc,phases      ] GC(17)   Pre Evacuate Collection Set: 0.1ms
[30.566s][info][gc,phases      ] GC(17)   Merge Heap Roots: 0.1ms
[30.566s][info][gc,phases      ] GC(17)   Evacuate Collection Set: 0.6ms
[30.566s][info][gc,phases      ] GC(17)   Post Evacuate Collection Set: 0.4ms
[30.566s][info][gc,phases      ] GC(17)   Other: 0.2ms
[30.566s][info][gc,heap        ] GC(17) Eden regions: 1227->0(1227)
[30.566s][info][gc,heap        ] GC(17) Survivor regions: 1->1(154)
[30.566s][info][gc,heap        ] GC(17) Old regions: 19->19
[30.566s][info][gc,heap        ] GC(17) Archive regions: 0->0
[30.566s][info][gc,heap        ] GC(17) Humongous regions: 0->0
[30.566s][info][gc,metaspace   ] GC(17) Metaspace: 50675K(51456K)->50675K(51456K) NonClass: 43269K(43712K)->43269K(43712K) Class: 7406K(7744K)->7406K(7744K)
[30.566s][info][gc             ] GC(17) Pause Young (Normal) (G1 Evacuation Pause) 1243M->16M(2048M) 1.508ms
[30.566s][info][gc,cpu         ] GC(17) User=0.09s Sys=0.00s Real=0.00s
[30.978s][info][gc,start       ] GC(18) Pause Full (System.gc())
[30.978s][info][gc,task        ] GC(18) Using 6 workers of 6 for full compaction
[30.979s][info][gc,phases,start] GC(18) Phase 1: Mark live objects
[30.985s][info][gc,phases      ] GC(18) Phase 1: Mark live objects 6.393ms
[30.985s][info][gc,phases,start] GC(18) Phase 2: Prepare for compaction
[30.987s][info][gc,phases      ] GC(18) Phase 2: Prepare for compaction 1.546ms
[30.987s][info][gc,phases,start] GC(18) Phase 3: Adjust pointers
[30.992s][info][gc,phases      ] GC(18) Phase 3: Adjust pointers 5.628ms
[30.992s][info][gc,phases,start] GC(18) Phase 4: Compact heap
[30.993s][info][gc,phases      ] GC(18) Phase 4: Compact heap 0.924ms
[31.001s][info][gc,heap        ] GC(18) Eden regions: 309->0(1228)
[31.001s][info][gc,heap        ] GC(18) Survivor regions: 1->0(154)
[31.002s][info][gc,heap        ] GC(18) Old regions: 19->19
[31.002s][info][gc,heap        ] GC(18) Archive regions: 0->0
[31.002s][info][gc,heap        ] GC(18) Humongous regions: 0->0
[31.002s][info][gc,metaspace   ] GC(18) Metaspace: 50692K(51456K)->50692K(51456K) NonClass: 43285K(43712K)->43285K(43712K) Class: 7406K(7744K)->7406K(7744K)
[31.002s][info][gc             ] GC(18) Pause Full (System.gc()) 325M->15M(2048M) 23.334ms
[31.002s][info][gc,cpu         ] GC(18) User=0.06s Sys=0.02s Real=0.02s
[32.614s][info][gc,start       ] GC(19) Pause Young (Normal) (G1 Evacuation Pause)
[32.614s][info][gc,task        ] GC(19) Using 6 workers of 6 for evacuation
[32.615s][info][gc,phases      ] GC(19)   Pre Evacuate Collection Set: 0.1ms
[32.615s][info][gc,phases      ] GC(19)   Merge Heap Roots: 0.1ms
[32.615s][info][gc,phases      ] GC(19)   Evacuate Collection Set: 0.6ms
[32.615s][info][gc,phases      ] GC(19)   Post Evacuate Collection Set: 0.4ms
[32.615s][info][gc,phases      ] GC(19)   Other: 0.2ms
[32.615s][info][gc,heap        ] GC(19) Eden regions: 1228->0(1227)
[32.615s][info][gc,heap        ] GC(19) Survivor regions: 0->1(154)
[32.615s][info][gc,heap        ] GC(19) Old regions: 19->19
[32.615s][info][gc,heap        ] GC(19) Archive regions: 0->0
[32.615s][info][gc,heap        ] GC(19) Humongous regions: 0->0
[32.615s][info][gc,metaspace   ] GC(19) Metaspace: 50715K(51456K)->50715K(51456K) NonClass: 43309K(43712K)->43309K(43712K) Class: 7406K(7744K)->7406K(7744K)
[32.615s][info][gc             ] GC(19) Pause Young (Normal) (G1 Evacuation Pause) 1243M->16M(2048M) 1.564ms
[32.615s][info][gc,cpu         ] GC(19) User=0.00s Sys=0.00s Real=0.00s
[34.164s][info][gc,start       ] GC(20) Pause Young (Normal) (G1 Evacuation Pause)
[34.164s][info][gc,task        ] GC(20) Using 6 workers of 6 for evacuation
[34.166s][info][gc,phases      ] GC(20)   Pre Evacuate Collection Set: 0.1ms
[34.166s][info][gc,phases      ] GC(20)   Merge Heap Roots: 0.1ms
[34.166s][info][gc,phases      ] GC(20)   Evacuate Collection Set: 0.5ms
[34.166s][info][gc,phases      ] GC(20)   Post Evacuate Collection Set: 0.4ms
[34.166s][info][gc,phases      ] GC(20)   Other: 0.2ms
[34.166s][info][gc,heap        ] GC(20) Eden regions: 1227->0(1227)
[34.166s][info][gc,heap        ] GC(20) Survivor regions: 1->1(154)
[34.166s][info][gc,heap        ] GC(20) Old regions: 19->19
[34.166s][info][gc,heap        ] GC(20) Archive regions: 0->0
[34.166s][info][gc,heap        ] GC(20) Humongous regions: 0->0
[34.166s][info][gc,metaspace   ] GC(20) Metaspace: 50715K(51456K)->50715K(51456K) NonClass: 43309K(43712K)->43309K(43712K) Class: 7406K(7744K)->7406K(7744K)
[34.166s][info][gc             ] GC(20) Pause Young (Normal) (G1 Evacuation Pause) 1243M->16M(2048M) 1.395ms
[34.166s][info][gc,cpu         ] GC(20) User=0.00s Sys=0.00s Real=0.00s
[34.585s][info][gc,start       ] GC(21) Pause Full (System.gc())
[34.585s][info][gc,task        ] GC(21) Using 6 workers of 6 for full compaction
[34.585s][info][gc,phases,start] GC(21) Phase 1: Mark live objects
[34.591s][info][gc,phases      ] GC(21) Phase 1: Mark live objects 6.193ms
[34.591s][info][gc,phases,start] GC(21) Phase 2: Prepare for compaction
[34.593s][info][gc,phases      ] GC(21) Phase 2: Prepare for compaction 1.421ms
[34.593s][info][gc,phases,start] GC(21) Phase 3: Adjust pointers
[34.598s][info][gc,phases      ] GC(21) Phase 3: Adjust pointers 5.469ms
[34.598s][info][gc,phases,start] GC(21) Phase 4: Compact heap
[34.599s][info][gc,phases      ] GC(21) Phase 4: Compact heap 0.555ms
[34.607s][info][gc,heap        ] GC(21) Eden regions: 308->0(1228)
[34.607s][info][gc,heap        ] GC(21) Survivor regions: 1->0(154)
[34.607s][info][gc,heap        ] GC(21) Old regions: 19->19
[34.607s][info][gc,heap        ] GC(21) Archive regions: 0->0
[34.607s][info][gc,heap        ] GC(21) Humongous regions: 0->0
[34.607s][info][gc,metaspace   ] GC(21) Metaspace: 50731K(51456K)->50731K(51456K) NonClass: 43325K(43712K)->43325K(43712K) Class: 7406K(7744K)->7406K(7744K)
[34.607s][info][gc             ] GC(21) Pause Full (System.gc()) 324M->15M(2048M) 22.551ms
[34.607s][info][gc,cpu         ] GC(21) User=0.02s Sys=0.00s Real=0.03s
[36.232s][info][gc,start       ] GC(22) Pause Young (Normal) (G1 Evacuation Pause)
[36.232s][info][gc,task        ] GC(22) Using 6 workers of 6 for evacuation
[36.233s][info][gc,phases      ] GC(22)   Pre Evacuate Collection Set: 0.1ms
[36.233s][info][gc,phases      ] GC(22)   Merge Heap Roots: 0.1ms
[36.233s][info][gc,phases      ] GC(22)   Evacuate Collection Set: 0.6ms
[36.233s][info][gc,phases      ] GC(22)   Post Evacuate Collection Set: 0.5ms
[36.233s][info][gc,phases      ] GC(22)   Other: 0.2ms
[36.233s][info][gc,heap        ] GC(22) Eden regions: 1228->0(1227)
[36.233s][info][gc,heap        ] GC(22) Survivor regions: 0->1(154)
[36.233s][info][gc,heap        ] GC(22) Old regions: 19->19
[36.233s][info][gc,heap        ] GC(22) Archive regions: 0->0
[36.233s][info][gc,heap        ] GC(22) Humongous regions: 0->0
[36.233s][info][gc,metaspace   ] GC(22) Metaspace: 50760K(51456K)->50760K(51456K) NonClass: 43354K(43712K)->43354K(43712K) Class: 7406K(7744K)->7406K(7744K)
[36.233s][info][gc             ] GC(22) Pause Young (Normal) (G1 Evacuation Pause) 1243M->16M(2048M) 1.670ms
[36.233s][info][gc,cpu         ] GC(22) User=0.00s Sys=0.00s Real=0.00s
[37.770s][info][gc,start       ] GC(23) Pause Young (Normal) (G1 Evacuation Pause)
[37.770s][info][gc,task        ] GC(23) Using 6 workers of 6 for evacuation
[37.771s][info][gc,phases      ] GC(23)   Pre Evacuate Collection Set: 0.1ms
[37.771s][info][gc,phases      ] GC(23)   Merge Heap Roots: 0.1ms
[37.771s][info][gc,phases      ] GC(23)   Evacuate Collection Set: 0.5ms
[37.771s][info][gc,phases      ] GC(23)   Post Evacuate Collection Set: 0.4ms
[37.771s][info][gc,phases      ] GC(23)   Other: 0.2ms
[37.771s][info][gc,heap        ] GC(23) Eden regions: 1227->0(1227)
[37.771s][info][gc,heap        ] GC(23) Survivor regions: 1->1(154)
[37.771s][info][gc,heap        ] GC(23) Old regions: 19->19
[37.771s][info][gc,heap        ] GC(23) Archive regions: 0->0
[37.771s][info][gc,heap        ] GC(23) Humongous regions: 0->0
[37.771s][info][gc,metaspace   ] GC(23) Metaspace: 50761K(51456K)->50761K(51456K) NonClass: 43355K(43712K)->43355K(43712K) Class: 7406K(7744K)->7406K(7744K)
[37.771s][info][gc             ] GC(23) Pause Young (Normal) (G1 Evacuation Pause) 1243M->16M(2048M) 1.452ms
[37.771s][info][gc,cpu         ] GC(23) User=0.00s Sys=0.00s Real=0.00s
[38.179s][info][gc,start       ] GC(24) Pause Full (System.gc())
[38.179s][info][gc,task        ] GC(24) Using 6 workers of 6 for full compaction
[38.180s][info][gc,phases,start] GC(24) Phase 1: Mark live objects
[38.187s][info][gc,phases      ] GC(24) Phase 1: Mark live objects 7.129ms
[38.187s][info][gc,phases,start] GC(24) Phase 2: Prepare for compaction
[38.188s][info][gc,phases      ] GC(24) Phase 2: Prepare for compaction 1.556ms
[38.188s][info][gc,phases,start] GC(24) Phase 3: Adjust pointers
[38.194s][info][gc,phases      ] GC(24) Phase 3: Adjust pointers 5.625ms
[38.194s][info][gc,phases,start] GC(24) Phase 4: Compact heap
[38.195s][info][gc,phases      ] GC(24) Phase 4: Compact heap 0.707ms
[38.203s][info][gc,heap        ] GC(24) Eden regions: 309->0(1228)
[38.203s][info][gc,heap        ] GC(24) Survivor regions: 1->0(154)
[38.203s][info][gc,heap        ] GC(24) Old regions: 19->19
[38.203s][info][gc,heap        ] GC(24) Archive regions: 0->0
[38.203s][info][gc,heap        ] GC(24) Humongous regions: 0->0
[38.203s][info][gc,metaspace   ] GC(24) Metaspace: 50772K(51456K)->50772K(51456K) NonClass: 43366K(43712K)->43366K(43712K) Class: 7406K(7744K)->7406K(7744K)
[38.203s][info][gc             ] GC(24) Pause Full (System.gc()) 325M->15M(2048M) 24.086ms
[38.203s][info][gc,cpu         ] GC(24) User=0.05s Sys=0.00s Real=0.02s
[39.812s][info][gc,start       ] GC(25) Pause Young (Normal) (G1 Evacuation Pause)
[39.812s][info][gc,task        ] GC(25) Using 6 workers of 6 for evacuation
[39.813s][info][gc,phases      ] GC(25)   Pre Evacuate Collection Set: 0.1ms
[39.813s][info][gc,phases      ] GC(25)   Merge Heap Roots: 0.1ms
[39.813s][info][gc,phases      ] GC(25)   Evacuate Collection Set: 0.6ms
[39.813s][info][gc,phases      ] GC(25)   Post Evacuate Collection Set: 0.4ms
[39.813s][info][gc,phases      ] GC(25)   Other: 0.2ms
[39.813s][info][gc,heap        ] GC(25) Eden regions: 1228->0(1227)
[39.813s][info][gc,heap        ] GC(25) Survivor regions: 0->1(154)
[39.813s][info][gc,heap        ] GC(25) Old regions: 19->19
[39.813s][info][gc,heap        ] GC(25) Archive regions: 0->0
[39.813s][info][gc,heap        ] GC(25) Humongous regions: 0->0
[39.813s][info][gc,metaspace   ] GC(25) Metaspace: 50799K(51456K)->50799K(51456K) NonClass: 43393K(43712K)->43393K(43712K) Class: 7406K(7744K)->7406K(7744K)
[39.813s][info][gc             ] GC(25) Pause Young (Normal) (G1 Evacuation Pause) 1243M->16M(2048M) 1.641ms
[39.813s][info][gc,cpu         ] GC(25) User=0.00s Sys=0.00s Real=0.00s
[41.378s][info][gc,start       ] GC(26) Pause Young (Normal) (G1 Evacuation Pause)
[41.378s][info][gc,task        ] GC(26) Using 6 workers of 6 for evacuation
[41.380s][info][gc,phases      ] GC(26)   Pre Evacuate Collection Set: 0.1ms
[41.380s][info][gc,phases      ] GC(26)   Merge Heap Roots: 0.1ms
[41.380s][info][gc,phases      ] GC(26)   Evacuate Collection Set: 0.6ms
[41.380s][info][gc,phases      ] GC(26)   Post Evacuate Collection Set: 0.4ms
[41.380s][info][gc,phases      ] GC(26)   Other: 0.2ms
[41.380s][info][gc,heap        ] GC(26) Eden regions: 1227->0(1227)
[41.380s][info][gc,heap        ] GC(26) Survivor regions: 1->1(154)
[41.380s][info][gc,heap        ] GC(26) Old regions: 19->19
[41.380s][info][gc,heap        ] GC(26) Archive regions: 0->0
[41.380s][info][gc,heap        ] GC(26) Humongous regions: 0->0
[41.380s][info][gc,metaspace   ] GC(26) Metaspace: 50799K(51456K)->50799K(51456K) NonClass: 43393K(43712K)->43393K(43712K) Class: 7406K(7744K)->7406K(7744K)
[41.380s][info][gc             ] GC(26) Pause Young (Normal) (G1 Evacuation Pause) 1243M->16M(2048M) 1.516ms
[41.380s][info][gc,cpu         ] GC(26) User=0.00s Sys=0.00s Real=0.00s
[41.837s][info][gc,start       ] GC(27) Pause Full (System.gc())
[41.837s][info][gc,task        ] GC(27) Using 6 workers of 6 for full compaction
[41.837s][info][gc,phases,start] GC(27) Phase 1: Mark live objects
[41.843s][info][gc,phases      ] GC(27) Phase 1: Mark live objects 6.333ms
[41.843s][info][gc,phases,start] GC(27) Phase 2: Prepare for compaction
[41.845s][info][gc,phases      ] GC(27) Phase 2: Prepare for compaction 1.704ms
[41.845s][info][gc,phases,start] GC(27) Phase 3: Adjust pointers
[41.851s][info][gc,phases      ] GC(27) Phase 3: Adjust pointers 5.829ms
[41.851s][info][gc,phases,start] GC(27) Phase 4: Compact heap
[41.852s][info][gc,phases      ] GC(27) Phase 4: Compact heap 0.986ms
[41.860s][info][gc,heap        ] GC(27) Eden regions: 307->0(1228)
[41.860s][info][gc,heap        ] GC(27) Survivor regions: 1->0(154)
[41.860s][info][gc,heap        ] GC(27) Old regions: 19->19
[41.860s][info][gc,heap        ] GC(27) Archive regions: 0->0
[41.860s][info][gc,heap        ] GC(27) Humongous regions: 0->0
[41.860s][info][gc,metaspace   ] GC(27) Metaspace: 50819K(51456K)->50819K(51456K) NonClass: 43413K(43712K)->43413K(43712K) Class: 7406K(7744K)->7406K(7744K)
[41.860s][info][gc             ] GC(27) Pause Full (System.gc()) 322M->15M(2048M) 23.752ms
[41.860s][info][gc,cpu         ] GC(27) User=0.09s Sys=0.00s Real=0.03s
[43.651s][info][gc,start       ] GC(28) Pause Young (Normal) (G1 Evacuation Pause)
[43.651s][info][gc,task        ] GC(28) Using 6 workers of 6 for evacuation
[43.653s][info][gc,phases      ] GC(28)   Pre Evacuate Collection Set: 0.1ms
[43.653s][info][gc,phases      ] GC(28)   Merge Heap Roots: 0.1ms
[43.653s][info][gc,phases      ] GC(28)   Evacuate Collection Set: 0.7ms
[43.653s][info][gc,phases      ] GC(28)   Post Evacuate Collection Set: 0.5ms
[43.653s][info][gc,phases      ] GC(28)   Other: 0.2ms
[43.653s][info][gc,heap        ] GC(28) Eden regions: 1228->0(1227)
[43.653s][info][gc,heap        ] GC(28) Survivor regions: 0->1(154)
[43.653s][info][gc,heap        ] GC(28) Old regions: 19->19
[43.653s][info][gc,heap        ] GC(28) Archive regions: 0->0
[43.653s][info][gc,heap        ] GC(28) Humongous regions: 0->0
[43.653s][info][gc,metaspace   ] GC(28) Metaspace: 50847K(51456K)->50847K(51456K) NonClass: 43441K(43712K)->43441K(43712K) Class: 7406K(7744K)->7406K(7744K)
[43.653s][info][gc             ] GC(28) Pause Young (Normal) (G1 Evacuation Pause) 1243M->16M(2048M) 1.773ms
[43.653s][info][gc,cpu         ] GC(28) User=0.00s Sys=0.00s Real=0.00s
[45.344s][info][gc,start       ] GC(29) Pause Young (Normal) (G1 Evacuation Pause)
[45.344s][info][gc,task        ] GC(29) Using 6 workers of 6 for evacuation
[45.346s][info][gc,phases      ] GC(29)   Pre Evacuate Collection Set: 0.1ms
[45.346s][info][gc,phases      ] GC(29)   Merge Heap Roots: 0.1ms
[45.346s][info][gc,phases      ] GC(29)   Evacuate Collection Set: 0.6ms
[45.346s][info][gc,phases      ] GC(29)   Post Evacuate Collection Set: 0.5ms
[45.346s][info][gc,phases      ] GC(29)   Other: 0.2ms
[45.346s][info][gc,heap        ] GC(29) Eden regions: 1227->0(1227)
[45.346s][info][gc,heap        ] GC(29) Survivor regions: 1->1(154)
[45.346s][info][gc,heap        ] GC(29) Old regions: 19->19
[45.346s][info][gc,heap        ] GC(29) Archive regions: 0->0
[45.346s][info][gc,heap        ] GC(29) Humongous regions: 0->0
[45.346s][info][gc,metaspace   ] GC(29) Metaspace: 50847K(51456K)->50847K(51456K) NonClass: 43441K(43712K)->43441K(43712K) Class: 7406K(7744K)->7406K(7744K)
[45.346s][info][gc             ] GC(29) Pause Young (Normal) (G1 Evacuation Pause) 1243M->16M(2048M) 1.593ms
[45.346s][info][gc,cpu         ] GC(29) User=0.00s Sys=0.00s Real=0.00s
[45.802s][info][gc,start       ] GC(30) Pause Full (System.gc())
[45.802s][info][gc,task        ] GC(30) Using 6 workers of 6 for full compaction
[45.802s][info][gc,phases,start] GC(30) Phase 1: Mark live objects
[45.809s][info][gc,phases      ] GC(30) Phase 1: Mark live objects 6.316ms
[45.809s][info][gc,phases,start] GC(30) Phase 2: Prepare for compaction
[45.811s][info][gc,phases      ] GC(30) Phase 2: Prepare for compaction 1.813ms
[45.811s][info][gc,phases,start] GC(30) Phase 3: Adjust pointers
[45.816s][info][gc,phases      ] GC(30) Phase 3: Adjust pointers 5.723ms
[45.817s][info][gc,phases,start] GC(30) Phase 4: Compact heap
[45.817s][info][gc,phases      ] GC(30) Phase 4: Compact heap 0.646ms
[45.826s][info][gc,heap        ] GC(30) Eden regions: 307->0(1228)
[45.826s][info][gc,heap        ] GC(30) Survivor regions: 1->0(154)
[45.826s][info][gc,heap        ] GC(30) Old regions: 19->19
[45.826s][info][gc,heap        ] GC(30) Archive regions: 0->0
[45.826s][info][gc,heap        ] GC(30) Humongous regions: 0->0
[45.826s][info][gc,metaspace   ] GC(30) Metaspace: 50861K(51456K)->50861K(51456K) NonClass: 43455K(43712K)->43455K(43712K) Class: 7406K(7744K)->7406K(7744K)
[45.826s][info][gc             ] GC(30) Pause Full (System.gc()) 323M->15M(2048M) 23.777ms
[45.826s][info][gc,cpu         ] GC(30) User=0.02s Sys=0.00s Real=0.02s
[47.455s][info][gc,start       ] GC(31) Pause Young (Normal) (G1 Evacuation Pause)
[47.455s][info][gc,task        ] GC(31) Using 6 workers of 6 for evacuation
[47.457s][info][gc,phases      ] GC(31)   Pre Evacuate Collection Set: 0.1ms
[47.457s][info][gc,phases      ] GC(31)   Merge Heap Roots: 0.1ms
[47.457s][info][gc,phases      ] GC(31)   Evacuate Collection Set: 0.6ms
[47.457s][info][gc,phases      ] GC(31)   Post Evacuate Collection Set: 0.5ms
[47.457s][info][gc,phases      ] GC(31)   Other: 0.2ms
[47.457s][info][gc,heap        ] GC(31) Eden regions: 1228->0(1227)
[47.457s][info][gc,heap        ] GC(31) Survivor regions: 0->1(154)
[47.457s][info][gc,heap        ] GC(31) Old regions: 19->19
[47.457s][info][gc,heap        ] GC(31) Archive regions: 0->0
[47.457s][info][gc,heap        ] GC(31) Humongous regions: 0->0
[47.457s][info][gc,metaspace   ] GC(31) Metaspace: 50904K(51456K)->50904K(51456K) NonClass: 43498K(43712K)->43498K(43712K) Class: 7406K(7744K)->7406K(7744K)
[47.457s][info][gc             ] GC(31) Pause Young (Normal) (G1 Evacuation Pause) 1243M->16M(2048M) 1.578ms
[47.457s][info][gc,cpu         ] GC(31) User=0.09s Sys=0.00s Real=0.00s
[49.002s][info][gc,start       ] GC(32) Pause Young (Normal) (G1 Evacuation Pause)
[49.002s][info][gc,task        ] GC(32) Using 6 workers of 6 for evacuation
[49.004s][info][gc,phases      ] GC(32)   Pre Evacuate Collection Set: 0.1ms
[49.004s][info][gc,phases      ] GC(32)   Merge Heap Roots: 0.1ms
[49.004s][info][gc,phases      ] GC(32)   Evacuate Collection Set: 0.6ms
[49.004s][info][gc,phases      ] GC(32)   Post Evacuate Collection Set: 0.4ms
[49.004s][info][gc,phases      ] GC(32)   Other: 0.2ms
[49.004s][info][gc,heap        ] GC(32) Eden regions: 1227->0(1227)
[49.004s][info][gc,heap        ] GC(32) Survivor regions: 1->1(154)
[49.004s][info][gc,heap        ] GC(32) Old regions: 19->19
[49.004s][info][gc,heap        ] GC(32) Archive regions: 0->0
[49.004s][info][gc,heap        ] GC(32) Humongous regions: 0->0
[49.004s][info][gc,metaspace   ] GC(32) Metaspace: 50906K(51456K)->50906K(51456K) NonClass: 43500K(43712K)->43500K(43712K) Class: 7406K(7744K)->7406K(7744K)
[49.004s][info][gc             ] GC(32) Pause Young (Normal) (G1 Evacuation Pause) 1243M->16M(2048M) 1.515ms
[49.004s][info][gc,cpu         ] GC(32) User=0.09s Sys=0.00s Real=0.00s
[49.445s][info][gc,start       ] GC(33) Pause Full (System.gc())
[49.446s][info][gc,task        ] GC(33) Using 6 workers of 6 for full compaction
[49.446s][info][gc,phases,start] GC(33) Phase 1: Mark live objects
[49.453s][info][gc,phases      ] GC(33) Phase 1: Mark live objects 7.207ms
[49.453s][info][gc,phases,start] GC(33) Phase 2: Prepare for compaction
[49.455s][info][gc,phases      ] GC(33) Phase 2: Prepare for compaction 1.697ms
[49.455s][info][gc,phases,start] GC(33) Phase 3: Adjust pointers
[49.461s][info][gc,phases      ] GC(33) Phase 3: Adjust pointers 6.303ms
[49.461s][info][gc,phases,start] GC(33) Phase 4: Compact heap
[49.462s][info][gc,phases      ] GC(33) Phase 4: Compact heap 0.875ms
[49.470s][info][gc,heap        ] GC(33) Eden regions: 308->0(1228)
[49.470s][info][gc,heap        ] GC(33) Survivor regions: 1->0(154)
[49.470s][info][gc,heap        ] GC(33) Old regions: 19->19
[49.470s][info][gc,heap        ] GC(33) Archive regions: 0->0
[49.470s][info][gc,heap        ] GC(33) Humongous regions: 0->0
[49.470s][info][gc,metaspace   ] GC(33) Metaspace: 50924K(51520K)->50924K(51520K) NonClass: 43518K(43776K)->43518K(43776K) Class: 7406K(7744K)->7406K(7744K)
[49.470s][info][gc             ] GC(33) Pause Full (System.gc()) 323M->15M(2048M) 25.021ms
[49.470s][info][gc,cpu         ] GC(33) User=0.08s Sys=0.02s Real=0.03s
[51.123s][info][gc,start       ] GC(34) Pause Young (Normal) (G1 Evacuation Pause)
[51.123s][info][gc,task        ] GC(34) Using 6 workers of 6 for evacuation
[51.125s][info][gc,phases      ] GC(34)   Pre Evacuate Collection Set: 0.1ms
[51.125s][info][gc,phases      ] GC(34)   Merge Heap Roots: 0.2ms
[51.125s][info][gc,phases      ] GC(34)   Evacuate Collection Set: 0.6ms
[51.125s][info][gc,phases      ] GC(34)   Post Evacuate Collection Set: 0.7ms
[51.125s][info][gc,phases      ] GC(34)   Other: 0.2ms
[51.125s][info][gc,heap        ] GC(34) Eden regions: 1228->0(1227)
[51.125s][info][gc,heap        ] GC(34) Survivor regions: 0->1(154)
[51.125s][info][gc,heap        ] GC(34) Old regions: 19->19
[51.125s][info][gc,heap        ] GC(34) Archive regions: 0->0
[51.125s][info][gc,heap        ] GC(34) Humongous regions: 0->0
[51.125s][info][gc,metaspace   ] GC(34) Metaspace: 50967K(51520K)->50967K(51520K) NonClass: 43560K(43776K)->43560K(43776K) Class: 7406K(7744K)->7406K(7744K)
[51.125s][info][gc             ] GC(34) Pause Young (Normal) (G1 Evacuation Pause) 1243M->16M(2048M) 1.980ms
[51.125s][info][gc,cpu         ] GC(34) User=0.00s Sys=0.00s Real=0.00s
[52.832s][info][gc,start       ] GC(35) Pause Young (Normal) (G1 Evacuation Pause)
[52.832s][info][gc,task        ] GC(35) Using 6 workers of 6 for evacuation
[52.833s][info][gc,phases      ] GC(35)   Pre Evacuate Collection Set: 0.1ms
[52.833s][info][gc,phases      ] GC(35)   Merge Heap Roots: 0.1ms
[52.833s][info][gc,phases      ] GC(35)   Evacuate Collection Set: 0.5ms
[52.834s][info][gc,phases      ] GC(35)   Post Evacuate Collection Set: 0.5ms
[52.834s][info][gc,phases      ] GC(35)   Other: 0.2ms
[52.834s][info][gc,heap        ] GC(35) Eden regions: 1227->0(1227)
[52.834s][info][gc,heap        ] GC(35) Survivor regions: 1->1(154)
[52.834s][info][gc,heap        ] GC(35) Old regions: 19->19
[52.834s][info][gc,heap        ] GC(35) Archive regions: 0->0
[52.834s][info][gc,heap        ] GC(35) Humongous regions: 0->0
[52.834s][info][gc,metaspace   ] GC(35) Metaspace: 50967K(51520K)->50967K(51520K) NonClass: 43560K(43776K)->43560K(43776K) Class: 7406K(7744K)->7406K(7744K)
[52.834s][info][gc             ] GC(35) Pause Young (Normal) (G1 Evacuation Pause) 1243M->16M(2048M) 1.510ms
[52.834s][info][gc,cpu         ] GC(35) User=0.00s Sys=0.00s Real=0.00s
[53.318s][info][gc,start       ] GC(36) Pause Full (System.gc())
[53.318s][info][gc,task        ] GC(36) Using 6 workers of 6 for full compaction
[53.318s][info][gc,phases,start] GC(36) Phase 1: Mark live objects
[53.325s][info][gc,phases      ] GC(36) Phase 1: Mark live objects 6.857ms
[53.325s][info][gc,phases,start] GC(36) Phase 2: Prepare for compaction
[53.326s][info][gc,phases      ] GC(36) Phase 2: Prepare for compaction 1.381ms
[53.326s][info][gc,phases,start] GC(36) Phase 3: Adjust pointers
[53.332s][info][gc,phases      ] GC(36) Phase 3: Adjust pointers 5.934ms
[53.332s][info][gc,phases,start] GC(36) Phase 4: Compact heap
[53.333s][info][gc,phases      ] GC(36) Phase 4: Compact heap 0.798ms
[53.342s][info][gc,heap        ] GC(36) Eden regions: 307->0(1228)
[53.342s][info][gc,heap        ] GC(36) Survivor regions: 1->0(154)
[53.342s][info][gc,heap        ] GC(36) Old regions: 19->19
[53.342s][info][gc,heap        ] GC(36) Archive regions: 0->0
[53.342s][info][gc,heap        ] GC(36) Humongous regions: 0->0
[53.342s][info][gc,metaspace   ] GC(36) Metaspace: 50993K(51584K)->50993K(51584K) NonClass: 43587K(43840K)->43587K(43840K) Class: 7406K(7744K)->7406K(7744K)
[53.342s][info][gc             ] GC(36) Pause Full (System.gc()) 322M->15M(2048M) 24.386ms
[53.342s][info][gc,cpu         ] GC(36) User=0.02s Sys=0.00s Real=0.03s
[54.932s][info][gc,start       ] GC(37) Pause Young (Normal) (G1 Evacuation Pause)
[54.932s][info][gc,task        ] GC(37) Using 6 workers of 6 for evacuation
[54.933s][info][gc,phases      ] GC(37)   Pre Evacuate Collection Set: 0.1ms
[54.933s][info][gc,phases      ] GC(37)   Merge Heap Roots: 0.1ms
[54.933s][info][gc,phases      ] GC(37)   Evacuate Collection Set: 0.6ms
[54.933s][info][gc,phases      ] GC(37)   Post Evacuate Collection Set: 0.5ms
[54.933s][info][gc,phases      ] GC(37)   Other: 0.2ms
[54.933s][info][gc,heap        ] GC(37) Eden regions: 1228->0(1227)
[54.933s][info][gc,heap        ] GC(37) Survivor regions: 0->1(154)
[54.933s][info][gc,heap        ] GC(37) Old regions: 19->19
[54.933s][info][gc,heap        ] GC(37) Archive regions: 0->0
[54.933s][info][gc,heap        ] GC(37) Humongous regions: 0->0
[54.933s][info][gc,metaspace   ] GC(37) Metaspace: 51007K(51584K)->51007K(51584K) NonClass: 43600K(43840K)->43600K(43840K) Class: 7406K(7744K)->7406K(7744K)
[54.933s][info][gc             ] GC(37) Pause Young (Normal) (G1 Evacuation Pause) 1243M->16M(2048M) 1.531ms
[54.933s][info][gc,cpu         ] GC(37) User=0.00s Sys=0.00s Real=0.00s
[56.498s][info][gc,start       ] GC(38) Pause Young (Normal) (G1 Evacuation Pause)
[56.499s][info][gc,task        ] GC(38) Using 6 workers of 6 for evacuation
[56.500s][info][gc,phases      ] GC(38)   Pre Evacuate Collection Set: 0.1ms
[56.500s][info][gc,phases      ] GC(38)   Merge Heap Roots: 0.1ms
[56.500s][info][gc,phases      ] GC(38)   Evacuate Collection Set: 0.5ms
[56.500s][info][gc,phases      ] GC(38)   Post Evacuate Collection Set: 0.4ms
[56.500s][info][gc,phases      ] GC(38)   Other: 0.2ms
[56.500s][info][gc,heap        ] GC(38) Eden regions: 1227->0(1227)
[56.500s][info][gc,heap        ] GC(38) Survivor regions: 1->1(154)
[56.500s][info][gc,heap        ] GC(38) Old regions: 19->19
[56.500s][info][gc,heap        ] GC(38) Archive regions: 0->0
[56.500s][info][gc,heap        ] GC(38) Humongous regions: 0->0
[56.500s][info][gc,metaspace   ] GC(38) Metaspace: 51007K(51584K)->51007K(51584K) NonClass: 43600K(43840K)->43600K(43840K) Class: 7406K(7744K)->7406K(7744K)
[56.500s][info][gc             ] GC(38) Pause Young (Normal) (G1 Evacuation Pause) 1243M->16M(2048M) 1.513ms
[56.500s][info][gc,cpu         ] GC(38) User=0.00s Sys=0.00s Real=0.00s
[56.901s][info][gc,start       ] GC(39) Pause Full (System.gc())
[56.901s][info][gc,task        ] GC(39) Using 6 workers of 6 for full compaction
[56.901s][info][gc,phases,start] GC(39) Phase 1: Mark live objects
[56.908s][info][gc,phases      ] GC(39) Phase 1: Mark live objects 6.245ms
[56.908s][info][gc,phases,start] GC(39) Phase 2: Prepare for compaction
[56.909s][info][gc,phases      ] GC(39) Phase 2: Prepare for compaction 1.393ms
[56.909s][info][gc,phases,start] GC(39) Phase 3: Adjust pointers
[56.915s][info][gc,phases      ] GC(39) Phase 3: Adjust pointers 5.872ms
[56.915s][info][gc,phases,start] GC(39) Phase 4: Compact heap
[56.916s][info][gc,phases      ] GC(39) Phase 4: Compact heap 0.769ms
[56.925s][info][gc,heap        ] GC(39) Eden regions: 306->0(1228)
[56.925s][info][gc,heap        ] GC(39) Survivor regions: 1->0(154)
[56.925s][info][gc,heap        ] GC(39) Old regions: 19->19
[56.925s][info][gc,heap        ] GC(39) Archive regions: 0->0
[56.925s][info][gc,heap        ] GC(39) Humongous regions: 0->0
[56.925s][info][gc,metaspace   ] GC(39) Metaspace: 51008K(51584K)->51008K(51584K) NonClass: 43602K(43840K)->43602K(43840K) Class: 7406K(7744K)->7406K(7744K)
[56.925s][info][gc             ] GC(39) Pause Full (System.gc()) 322M->15M(2048M) 23.618ms
[56.925s][info][gc,cpu         ] GC(39) User=0.09s Sys=0.00s Real=0.02s
[58.523s][info][gc,start       ] GC(40) Pause Young (Normal) (G1 Evacuation Pause)
[58.523s][info][gc,task        ] GC(40) Using 6 workers of 6 for evacuation
[58.524s][info][gc,phases      ] GC(40)   Pre Evacuate Collection Set: 0.1ms
[58.524s][info][gc,phases      ] GC(40)   Merge Heap Roots: 0.1ms
[58.524s][info][gc,phases      ] GC(40)   Evacuate Collection Set: 0.6ms
[58.524s][info][gc,phases      ] GC(40)   Post Evacuate Collection Set: 0.4ms
[58.524s][info][gc,phases      ] GC(40)   Other: 0.2ms
[58.524s][info][gc,heap        ] GC(40) Eden regions: 1228->0(1227)
[58.524s][info][gc,heap        ] GC(40) Survivor regions: 0->1(154)
[58.524s][info][gc,heap        ] GC(40) Old regions: 19->19
[58.524s][info][gc,heap        ] GC(40) Archive regions: 0->0
[58.524s][info][gc,heap        ] GC(40) Humongous regions: 0->0
[58.524s][info][gc,metaspace   ] GC(40) Metaspace: 51030K(51584K)->51030K(51584K) NonClass: 43624K(43840K)->43624K(43840K) Class: 7406K(7744K)->7406K(7744K)
[58.524s][info][gc             ] GC(40) Pause Young (Normal) (G1 Evacuation Pause) 1243M->16M(2048M) 1.535ms
[58.524s][info][gc,cpu         ] GC(40) User=0.00s Sys=0.00s Real=0.00s
[60.064s][info][gc,start       ] GC(41) Pause Young (Normal) (G1 Evacuation Pause)
[60.064s][info][gc,task        ] GC(41) Using 6 workers of 6 for evacuation
[60.065s][info][gc,phases      ] GC(41)   Pre Evacuate Collection Set: 0.1ms
[60.065s][info][gc,phases      ] GC(41)   Merge Heap Roots: 0.1ms
[60.065s][info][gc,phases      ] GC(41)   Evacuate Collection Set: 0.5ms
[60.065s][info][gc,phases      ] GC(41)   Post Evacuate Collection Set: 0.4ms
[60.065s][info][gc,phases      ] GC(41)   Other: 0.2ms
[60.065s][info][gc,heap        ] GC(41) Eden regions: 1227->0(1227)
[60.065s][info][gc,heap        ] GC(41) Survivor regions: 1->1(154)
[60.065s][info][gc,heap        ] GC(41) Old regions: 19->19
[60.065s][info][gc,heap        ] GC(41) Archive regions: 0->0
[60.065s][info][gc,heap        ] GC(41) Humongous regions: 0->0
[60.065s][info][gc,metaspace   ] GC(41) Metaspace: 51030K(51584K)->51030K(51584K) NonClass: 43624K(43840K)->43624K(43840K) Class: 7406K(7744K)->7406K(7744K)
[60.065s][info][gc             ] GC(41) Pause Young (Normal) (G1 Evacuation Pause) 1243M->16M(2048M) 1.405ms
[60.065s][info][gc,cpu         ] GC(41) User=0.00s Sys=0.00s Real=0.00s
[60.494s][info][gc,start       ] GC(42) Pause Full (System.gc())
[60.494s][info][gc,task        ] GC(42) Using 6 workers of 6 for full compaction
[60.494s][info][gc,phases,start] GC(42) Phase 1: Mark live objects
[60.501s][info][gc,phases      ] GC(42) Phase 1: Mark live objects 6.608ms
[60.501s][info][gc,phases,start] GC(42) Phase 2: Prepare for compaction
[60.502s][info][gc,phases      ] GC(42) Phase 2: Prepare for compaction 1.307ms
[60.502s][info][gc,phases,start] GC(42) Phase 3: Adjust pointers
[60.508s][info][gc,phases      ] GC(42) Phase 3: Adjust pointers 5.935ms
[60.508s][info][gc,phases,start] GC(42) Phase 4: Compact heap
[60.509s][info][gc,phases      ] GC(42) Phase 4: Compact heap 0.855ms
[60.518s][info][gc,heap        ] GC(42) Eden regions: 306->0(1228)
[60.518s][info][gc,heap        ] GC(42) Survivor regions: 1->0(154)
[60.518s][info][gc,heap        ] GC(42) Old regions: 19->20
[60.518s][info][gc,heap        ] GC(42) Archive regions: 0->0
[60.518s][info][gc,heap        ] GC(42) Humongous regions: 0->0
[60.518s][info][gc,metaspace   ] GC(42) Metaspace: 51035K(51584K)->51035K(51584K) NonClass: 43629K(43840K)->43629K(43840K) Class: 7406K(7744K)->7406K(7744K)
[60.518s][info][gc             ] GC(42) Pause Full (System.gc()) 321M->15M(2048M) 23.960ms
[60.518s][info][gc,cpu         ] GC(42) User=0.08s Sys=0.02s Real=0.02s
[62.124s][info][gc,start       ] GC(43) Pause Young (Normal) (G1 Evacuation Pause)
[62.124s][info][gc,task        ] GC(43) Using 6 workers of 6 for evacuation
[62.125s][info][gc,phases      ] GC(43)   Pre Evacuate Collection Set: 0.1ms
[62.126s][info][gc,phases      ] GC(43)   Merge Heap Roots: 0.1ms
[62.126s][info][gc,phases      ] GC(43)   Evacuate Collection Set: 0.6ms
[62.126s][info][gc,phases      ] GC(43)   Post Evacuate Collection Set: 0.5ms
[62.126s][info][gc,phases      ] GC(43)   Other: 0.2ms
[62.126s][info][gc,heap        ] GC(43) Eden regions: 1228->0(1227)
[62.126s][info][gc,heap        ] GC(43) Survivor regions: 0->1(154)
[62.126s][info][gc,heap        ] GC(43) Old regions: 20->20
[62.126s][info][gc,heap        ] GC(43) Archive regions: 0->0
[62.126s][info][gc,heap        ] GC(43) Humongous regions: 0->0
[62.126s][info][gc,metaspace   ] GC(43) Metaspace: 51054K(51584K)->51054K(51584K) NonClass: 43648K(43840K)->43648K(43840K) Class: 7406K(7744K)->7406K(7744K)
[62.126s][info][gc             ] GC(43) Pause Young (Normal) (G1 Evacuation Pause) 1243M->16M(2048M) 1.638ms
[62.126s][info][gc,cpu         ] GC(43) User=0.00s Sys=0.00s Real=0.00s
[63.697s][info][gc,start       ] GC(44) Pause Young (Normal) (G1 Evacuation Pause)
[63.697s][info][gc,task        ] GC(44) Using 6 workers of 6 for evacuation
[63.699s][info][gc,phases      ] GC(44)   Pre Evacuate Collection Set: 0.1ms
[63.699s][info][gc,phases      ] GC(44)   Merge Heap Roots: 0.1ms
[63.699s][info][gc,phases      ] GC(44)   Evacuate Collection Set: 0.5ms
[63.699s][info][gc,phases      ] GC(44)   Post Evacuate Collection Set: 0.4ms
[63.699s][info][gc,phases      ] GC(44)   Other: 0.2ms
[63.699s][info][gc,heap        ] GC(44) Eden regions: 1227->0(1227)
[63.699s][info][gc,heap        ] GC(44) Survivor regions: 1->1(154)
[63.699s][info][gc,heap        ] GC(44) Old regions: 20->20
[63.699s][info][gc,heap        ] GC(44) Archive regions: 0->0
[63.699s][info][gc,heap        ] GC(44) Humongous regions: 0->0
[63.699s][info][gc,metaspace   ] GC(44) Metaspace: 51054K(51584K)->51054K(51584K) NonClass: 43648K(43840K)->43648K(43840K) Class: 7406K(7744K)->7406K(7744K)
[63.699s][info][gc             ] GC(44) Pause Young (Normal) (G1 Evacuation Pause) 1243M->16M(2048M) 1.471ms
[63.699s][info][gc,cpu         ] GC(44) User=0.00s Sys=0.00s Real=0.00s
[64.111s][info][gc,start       ] GC(45) Pause Full (System.gc())
[64.111s][info][gc,task        ] GC(45) Using 6 workers of 6 for full compaction
[64.111s][info][gc,phases,start] GC(45) Phase 1: Mark live objects
[64.118s][info][gc,phases      ] GC(45) Phase 1: Mark live objects 6.838ms
[64.118s][info][gc,phases,start] GC(45) Phase 2: Prepare for compaction
[64.119s][info][gc,phases      ] GC(45) Phase 2: Prepare for compaction 1.421ms
[64.119s][info][gc,phases,start] GC(45) Phase 3: Adjust pointers
[64.125s][info][gc,phases      ] GC(45) Phase 3: Adjust pointers 6.003ms
[64.125s][info][gc,phases,start] GC(45) Phase 4: Compact heap
[64.126s][info][gc,phases      ] GC(45) Phase 4: Compact heap 0.821ms
[64.135s][info][gc,heap        ] GC(45) Eden regions: 307->0(1228)
[64.135s][info][gc,heap        ] GC(45) Survivor regions: 1->0(154)
[64.135s][info][gc,heap        ] GC(45) Old regions: 20->19
[64.135s][info][gc,heap        ] GC(45) Archive regions: 0->0
[64.135s][info][gc,heap        ] GC(45) Humongous regions: 0->0
[64.135s][info][gc,metaspace   ] GC(45) Metaspace: 51084K(51584K)->51084K(51584K) NonClass: 43678K(43840K)->43678K(43840K) Class: 7406K(7744K)->7406K(7744K)
[64.135s][info][gc             ] GC(45) Pause Full (System.gc()) 323M->15M(2048M) 24.694ms
[64.135s][info][gc,cpu         ] GC(45) User=0.17s Sys=0.00s Real=0.02s
[65.750s][info][gc,start       ] GC(46) Pause Young (Normal) (G1 Evacuation Pause)
[65.750s][info][gc,task        ] GC(46) Using 6 workers of 6 for evacuation
[65.751s][info][gc,phases      ] GC(46)   Pre Evacuate Collection Set: 0.1ms
[65.751s][info][gc,phases      ] GC(46)   Merge Heap Roots: 0.1ms
[65.751s][info][gc,phases      ] GC(46)   Evacuate Collection Set: 0.6ms
[65.751s][info][gc,phases      ] GC(46)   Post Evacuate Collection Set: 0.4ms
[65.751s][info][gc,phases      ] GC(46)   Other: 0.2ms
[65.751s][info][gc,heap        ] GC(46) Eden regions: 1228->0(1227)
[65.751s][info][gc,heap        ] GC(46) Survivor regions: 0->1(154)
[65.751s][info][gc,heap        ] GC(46) Old regions: 19->19
[65.751s][info][gc,heap        ] GC(46) Archive regions: 0->0
[65.751s][info][gc,heap        ] GC(46) Humongous regions: 0->0
[65.751s][info][gc,metaspace   ] GC(46) Metaspace: 51109K(51648K)->51109K(51648K) NonClass: 43702K(43904K)->43702K(43904K) Class: 7406K(7744K)->7406K(7744K)
[65.751s][info][gc             ] GC(46) Pause Young (Normal) (G1 Evacuation Pause) 1243M->16M(2048M) 1.492ms
[65.751s][info][gc,cpu         ] GC(46) User=0.00s Sys=0.00s Real=0.00s
[67.333s][info][gc,start       ] GC(47) Pause Young (Normal) (G1 Evacuation Pause)
[67.333s][info][gc,task        ] GC(47) Using 6 workers of 6 for evacuation
[67.334s][info][gc,phases      ] GC(47)   Pre Evacuate Collection Set: 0.1ms
[67.334s][info][gc,phases      ] GC(47)   Merge Heap Roots: 0.1ms
[67.334s][info][gc,phases      ] GC(47)   Evacuate Collection Set: 0.5ms
[67.334s][info][gc,phases      ] GC(47)   Post Evacuate Collection Set: 0.4ms
[67.334s][info][gc,phases      ] GC(47)   Other: 0.2ms
[67.334s][info][gc,heap        ] GC(47) Eden regions: 1227->0(1227)
[67.334s][info][gc,heap        ] GC(47) Survivor regions: 1->1(154)
[67.334s][info][gc,heap        ] GC(47) Old regions: 19->19
[67.334s][info][gc,heap        ] GC(47) Archive regions: 0->0
[67.334s][info][gc,heap        ] GC(47) Humongous regions: 0->0
[67.334s][info][gc,metaspace   ] GC(47) Metaspace: 51109K(51648K)->51109K(51648K) NonClass: 43702K(43904K)->43702K(43904K) Class: 7406K(7744K)->7406K(7744K)
[67.334s][info][gc             ] GC(47) Pause Young (Normal) (G1 Evacuation Pause) 1243M->16M(2048M) 1.427ms
[67.334s][info][gc,cpu         ] GC(47) User=0.00s Sys=0.00s Real=0.00s
[67.741s][info][gc,start       ] GC(48) Pause Full (System.gc())
[67.741s][info][gc,task        ] GC(48) Using 6 workers of 6 for full compaction
[67.742s][info][gc,phases,start] GC(48) Phase 1: Mark live objects
[67.748s][info][gc,phases      ] GC(48) Phase 1: Mark live objects 6.572ms
[67.748s][info][gc,phases,start] GC(48) Phase 2: Prepare for compaction
[67.750s][info][gc,phases      ] GC(48) Phase 2: Prepare for compaction 1.336ms
[67.750s][info][gc,phases,start] GC(48) Phase 3: Adjust pointers
[67.756s][info][gc,phases      ] GC(48) Phase 3: Adjust pointers 6.082ms
[67.756s][info][gc,phases,start] GC(48) Phase 4: Compact heap
[67.756s][info][gc,phases      ] GC(48) Phase 4: Compact heap 0.510ms
[67.765s][info][gc,heap        ] GC(48) Eden regions: 304->0(1228)
[67.765s][info][gc,heap        ] GC(48) Survivor regions: 1->0(154)
[67.765s][info][gc,heap        ] GC(48) Old regions: 19->19
[67.765s][info][gc,heap        ] GC(48) Archive regions: 0->0
[67.765s][info][gc,heap        ] GC(48) Humongous regions: 0->0
[67.765s][info][gc,metaspace   ] GC(48) Metaspace: 51111K(51648K)->51111K(51648K) NonClass: 43705K(43904K)->43705K(43904K) Class: 7406K(7744K)->7406K(7744K)
[67.765s][info][gc             ] GC(48) Pause Full (System.gc()) 320M->15M(2048M) 24.152ms
[67.765s][info][gc,cpu         ] GC(48) User=0.02s Sys=0.00s Real=0.03s
[69.338s][info][gc,start       ] GC(49) Pause Young (Normal) (G1 Evacuation Pause)
[69.338s][info][gc,task        ] GC(49) Using 6 workers of 6 for evacuation
[69.339s][info][gc,phases      ] GC(49)   Pre Evacuate Collection Set: 0.1ms
[69.339s][info][gc,phases      ] GC(49)   Merge Heap Roots: 0.1ms
[69.339s][info][gc,phases      ] GC(49)   Evacuate Collection Set: 0.6ms
[69.339s][info][gc,phases      ] GC(49)   Post Evacuate Collection Set: 0.4ms
[69.339s][info][gc,phases      ] GC(49)   Other: 0.2ms
[69.339s][info][gc,heap        ] GC(49) Eden regions: 1228->0(1227)
[69.339s][info][gc,heap        ] GC(49) Survivor regions: 0->1(154)
[69.339s][info][gc,heap        ] GC(49) Old regions: 19->19
[69.339s][info][gc,heap        ] GC(49) Archive regions: 0->0
[69.339s][info][gc,heap        ] GC(49) Humongous regions: 0->0
[69.339s][info][gc,metaspace   ] GC(49) Metaspace: 51128K(51648K)->51128K(51648K) NonClass: 43722K(43904K)->43722K(43904K) Class: 7406K(7744K)->7406K(7744K)
[69.339s][info][gc             ] GC(49) Pause Young (Normal) (G1 Evacuation Pause) 1243M->16M(2048M) 1.548ms
[69.339s][info][gc,cpu         ] GC(49) User=0.00s Sys=0.00s Real=0.00s
[70.851s][info][gc,start       ] GC(50) Pause Young (Normal) (G1 Evacuation Pause)
[70.851s][info][gc,task        ] GC(50) Using 6 workers of 6 for evacuation
[70.853s][info][gc,phases      ] GC(50)   Pre Evacuate Collection Set: 0.1ms
[70.853s][info][gc,phases      ] GC(50)   Merge Heap Roots: 0.1ms
[70.853s][info][gc,phases      ] GC(50)   Evacuate Collection Set: 0.5ms
[70.853s][info][gc,phases      ] GC(50)   Post Evacuate Collection Set: 0.4ms
[70.853s][info][gc,phases      ] GC(50)   Other: 0.2ms
[70.853s][info][gc,heap        ] GC(50) Eden regions: 1227->0(1227)
[70.853s][info][gc,heap        ] GC(50) Survivor regions: 1->1(154)
[70.853s][info][gc,heap        ] GC(50) Old regions: 19->19
[70.853s][info][gc,heap        ] GC(50) Archive regions: 0->0
[70.853s][info][gc,heap        ] GC(50) Humongous regions: 0->0
[70.853s][info][gc,metaspace   ] GC(50) Metaspace: 51128K(51648K)->51128K(51648K) NonClass: 43722K(43904K)->43722K(43904K) Class: 7406K(7744K)->7406K(7744K)
[70.853s][info][gc             ] GC(50) Pause Young (Normal) (G1 Evacuation Pause) 1243M->16M(2048M) 1.513ms
[70.853s][info][gc,cpu         ] GC(50) User=0.00s Sys=0.00s Real=0.00s
[71.289s][info][gc,start       ] GC(51) Pause Full (System.gc())
[71.289s][info][gc,task        ] GC(51) Using 6 workers of 6 for full compaction
[71.289s][info][gc,phases,start] GC(51) Phase 1: Mark live objects
[71.296s][info][gc,phases      ] GC(51) Phase 1: Mark live objects 6.404ms
[71.296s][info][gc,phases,start] GC(51) Phase 2: Prepare for compaction
[71.297s][info][gc,phases      ] GC(51) Phase 2: Prepare for compaction 1.388ms
[71.297s][info][gc,phases,start] GC(51) Phase 3: Adjust pointers
[71.303s][info][gc,phases      ] GC(51) Phase 3: Adjust pointers 6.069ms
[71.303s][info][gc,phases,start] GC(51) Phase 4: Compact heap
[71.304s][info][gc,phases      ] GC(51) Phase 4: Compact heap 0.649ms
[71.313s][info][gc,heap        ] GC(51) Eden regions: 307->0(1228)
[71.313s][info][gc,heap        ] GC(51) Survivor regions: 1->0(154)
[71.313s][info][gc,heap        ] GC(51) Old regions: 19->19
[71.313s][info][gc,heap        ] GC(51) Archive regions: 0->0
[71.313s][info][gc,heap        ] GC(51) Humongous regions: 0->0
[71.313s][info][gc,metaspace   ] GC(51) Metaspace: 51139K(51712K)->51139K(51712K) NonClass: 43733K(43968K)->43733K(43968K) Class: 7406K(7744K)->7406K(7744K)
[71.313s][info][gc             ] GC(51) Pause Full (System.gc()) 322M->15M(2048M) 24.156ms
[71.313s][info][gc,cpu         ] GC(51) User=0.02s Sys=0.00s Real=0.03s
[72.893s][info][gc,start       ] GC(52) Pause Young (Normal) (G1 Evacuation Pause)
[72.893s][info][gc,task        ] GC(52) Using 6 workers of 6 for evacuation
[72.894s][info][gc,phases      ] GC(52)   Pre Evacuate Collection Set: 0.1ms
[72.894s][info][gc,phases      ] GC(52)   Merge Heap Roots: 0.1ms
[72.894s][info][gc,phases      ] GC(52)   Evacuate Collection Set: 0.6ms
[72.894s][info][gc,phases      ] GC(52)   Post Evacuate Collection Set: 0.4ms
[72.894s][info][gc,phases      ] GC(52)   Other: 0.2ms
[72.894s][info][gc,heap        ] GC(52) Eden regions: 1228->0(1227)
[72.894s][info][gc,heap        ] GC(52) Survivor regions: 0->1(154)
[72.894s][info][gc,heap        ] GC(52) Old regions: 19->19
[72.894s][info][gc,heap        ] GC(52) Archive regions: 0->0
[72.894s][info][gc,heap        ] GC(52) Humongous regions: 0->0
[72.894s][info][gc,metaspace   ] GC(52) Metaspace: 51166K(51776K)->51166K(51776K) NonClass: 43760K(44032K)->43760K(44032K) Class: 7406K(7744K)->7406K(7744K)
[72.894s][info][gc             ] GC(52) Pause Young (Normal) (G1 Evacuation Pause) 1243M->16M(2048M) 1.520ms
[72.894s][info][gc,cpu         ] GC(52) User=0.09s Sys=0.00s Real=0.00s
[74.432s][info][gc,start       ] GC(53) Pause Young (Normal) (G1 Evacuation Pause)
[74.432s][info][gc,task        ] GC(53) Using 6 workers of 6 for evacuation
[74.434s][info][gc,phases      ] GC(53)   Pre Evacuate Collection Set: 0.1ms
[74.434s][info][gc,phases      ] GC(53)   Merge Heap Roots: 0.1ms
[74.434s][info][gc,phases      ] GC(53)   Evacuate Collection Set: 0.6ms
[74.434s][info][gc,phases      ] GC(53)   Post Evacuate Collection Set: 0.4ms
[74.434s][info][gc,phases      ] GC(53)   Other: 0.2ms
[74.434s][info][gc,heap        ] GC(53) Eden regions: 1227->0(1227)
[74.434s][info][gc,heap        ] GC(53) Survivor regions: 1->1(154)
[74.434s][info][gc,heap        ] GC(53) Old regions: 19->19
[74.434s][info][gc,heap        ] GC(53) Archive regions: 0->0
[74.434s][info][gc,heap        ] GC(53) Humongous regions: 0->0
[74.434s][info][gc,metaspace   ] GC(53) Metaspace: 51166K(51776K)->51166K(51776K) NonClass: 43760K(44032K)->43760K(44032K) Class: 7406K(7744K)->7406K(7744K)
[74.434s][info][gc             ] GC(53) Pause Young (Normal) (G1 Evacuation Pause) 1243M->16M(2048M) 1.516ms
[74.434s][info][gc,cpu         ] GC(53) User=0.00s Sys=0.00s Real=0.00s
[74.841s][info][gc,start       ] GC(54) Pause Full (System.gc())
[74.841s][info][gc,task        ] GC(54) Using 6 workers of 6 for full compaction
[74.841s][info][gc,phases,start] GC(54) Phase 1: Mark live objects
[74.848s][info][gc,phases      ] GC(54) Phase 1: Mark live objects 6.463ms
[74.848s][info][gc,phases,start] GC(54) Phase 2: Prepare for compaction
[74.849s][info][gc,phases      ] GC(54) Phase 2: Prepare for compaction 1.391ms
[74.849s][info][gc,phases,start] GC(54) Phase 3: Adjust pointers
[74.856s][info][gc,phases      ] GC(54) Phase 3: Adjust pointers 6.355ms
[74.856s][info][gc,phases,start] GC(54) Phase 4: Compact heap
[74.857s][info][gc,phases      ] GC(54) Phase 4: Compact heap 0.761ms
[74.865s][info][gc,heap        ] GC(54) Eden regions: 307->0(1228)
[74.865s][info][gc,heap        ] GC(54) Survivor regions: 1->0(154)
[74.865s][info][gc,heap        ] GC(54) Old regions: 19->19
[74.865s][info][gc,heap        ] GC(54) Archive regions: 0->0
[74.865s][info][gc,heap        ] GC(54) Humongous regions: 0->0
[74.865s][info][gc,metaspace   ] GC(54) Metaspace: 51168K(51776K)->51168K(51776K) NonClass: 43762K(44032K)->43762K(44032K) Class: 7406K(7744K)->7406K(7744K)
[74.865s][info][gc             ] GC(54) Pause Full (System.gc()) 322M->15M(2048M) 24.284ms
[74.865s][info][gc,cpu         ] GC(54) User=0.11s Sys=0.00s Real=0.02s
[76.465s][info][gc,start       ] GC(55) Pause Young (Normal) (G1 Evacuation Pause)
[76.465s][info][gc,task        ] GC(55) Using 6 workers of 6 for evacuation
[76.467s][info][gc,phases      ] GC(55)   Pre Evacuate Collection Set: 0.1ms
[76.467s][info][gc,phases      ] GC(55)   Merge Heap Roots: 0.1ms
[76.467s][info][gc,phases      ] GC(55)   Evacuate Collection Set: 0.6ms
[76.467s][info][gc,phases      ] GC(55)   Post Evacuate Collection Set: 0.5ms
[76.467s][info][gc,phases      ] GC(55)   Other: 0.2ms
[76.467s][info][gc,heap        ] GC(55) Eden regions: 1228->0(1227)
[76.467s][info][gc,heap        ] GC(55) Survivor regions: 0->1(154)
[76.467s][info][gc,heap        ] GC(55) Old regions: 19->19
[76.467s][info][gc,heap        ] GC(55) Archive regions: 0->0
[76.467s][info][gc,heap        ] GC(55) Humongous regions: 0->0
[76.467s][info][gc,metaspace   ] GC(55) Metaspace: 51178K(51776K)->51178K(51776K) NonClass: 43771K(44032K)->43771K(44032K) Class: 7406K(7744K)->7406K(7744K)
[76.467s][info][gc             ] GC(55) Pause Young (Normal) (G1 Evacuation Pause) 1243M->16M(2048M) 1.594ms
[76.467s][info][gc,cpu         ] GC(55) User=0.00s Sys=0.00s Real=0.00s
[78.015s][info][gc,start       ] GC(56) Pause Young (Normal) (G1 Evacuation Pause)
[78.015s][info][gc,task        ] GC(56) Using 6 workers of 6 for evacuation
[78.016s][info][gc,phases      ] GC(56)   Pre Evacuate Collection Set: 0.1ms
[78.016s][info][gc,phases      ] GC(56)   Merge Heap Roots: 0.1ms
[78.016s][info][gc,phases      ] GC(56)   Evacuate Collection Set: 0.5ms
[78.016s][info][gc,phases      ] GC(56)   Post Evacuate Collection Set: 0.4ms
[78.016s][info][gc,phases      ] GC(56)   Other: 0.2ms
[78.016s][info][gc,heap        ] GC(56) Eden regions: 1227->0(1227)
[78.016s][info][gc,heap        ] GC(56) Survivor regions: 1->1(154)
[78.016s][info][gc,heap        ] GC(56) Old regions: 19->19
[78.016s][info][gc,heap        ] GC(56) Archive regions: 0->0
[78.016s][info][gc,heap        ] GC(56) Humongous regions: 0->0
[78.016s][info][gc,metaspace   ] GC(56) Metaspace: 51178K(51776K)->51178K(51776K) NonClass: 43771K(44032K)->43771K(44032K) Class: 7406K(7744K)->7406K(7744K)
[78.016s][info][gc             ] GC(56) Pause Young (Normal) (G1 Evacuation Pause) 1243M->16M(2048M) 1.417ms
[78.016s][info][gc,cpu         ] GC(56) User=0.00s Sys=0.00s Real=0.00s
[78.444s][info][gc,start       ] GC(57) Pause Full (System.gc())
[78.444s][info][gc,task        ] GC(57) Using 6 workers of 6 for full compaction
[78.444s][info][gc,phases,start] GC(57) Phase 1: Mark live objects
[78.450s][info][gc,phases      ] GC(57) Phase 1: Mark live objects 6.048ms
[78.450s][info][gc,phases,start] GC(57) Phase 2: Prepare for compaction
[78.451s][info][gc,phases      ] GC(57) Phase 2: Prepare for compaction 1.392ms
[78.451s][info][gc,phases,start] GC(57) Phase 3: Adjust pointers
[78.458s][info][gc,phases      ] GC(57) Phase 3: Adjust pointers 6.173ms
[78.458s][info][gc,phases,start] GC(57) Phase 4: Compact heap
[78.458s][info][gc,phases      ] GC(57) Phase 4: Compact heap 0.506ms
[78.467s][info][gc,heap        ] GC(57) Eden regions: 304->0(1228)
[78.467s][info][gc,heap        ] GC(57) Survivor regions: 1->0(154)
[78.467s][info][gc,heap        ] GC(57) Old regions: 19->19
[78.467s][info][gc,heap        ] GC(57) Archive regions: 0->0
[78.467s][info][gc,heap        ] GC(57) Humongous regions: 0->0
[78.467s][info][gc,metaspace   ] GC(57) Metaspace: 51178K(51776K)->51178K(51776K) NonClass: 43772K(44032K)->43772K(44032K) Class: 7406K(7744K)->7406K(7744K)
[78.467s][info][gc             ] GC(57) Pause Full (System.gc()) 320M->15M(2048M) 23.809ms
[78.467s][info][gc,cpu         ] GC(57) User=0.02s Sys=0.00s Real=0.02s
[80.013s][info][gc,start       ] GC(58) Pause Young (Normal) (G1 Evacuation Pause)
[80.013s][info][gc,task        ] GC(58) Using 6 workers of 6 for evacuation
[80.014s][info][gc,phases      ] GC(58)   Pre Evacuate Collection Set: 0.1ms
[80.014s][info][gc,phases      ] GC(58)   Merge Heap Roots: 0.1ms
[80.014s][info][gc,phases      ] GC(58)   Evacuate Collection Set: 0.6ms
[80.014s][info][gc,phases      ] GC(58)   Post Evacuate Collection Set: 0.4ms
[80.014s][info][gc,phases      ] GC(58)   Other: 0.2ms
[80.014s][info][gc,heap        ] GC(58) Eden regions: 1228->0(1227)
[80.014s][info][gc,heap        ] GC(58) Survivor regions: 0->1(154)
[80.014s][info][gc,heap        ] GC(58) Old regions: 19->19
[80.014s][info][gc,heap        ] GC(58) Archive regions: 0->0
[80.014s][info][gc,heap        ] GC(58) Humongous regions: 0->0
[80.014s][info][gc,metaspace   ] GC(58) Metaspace: 51184K(51776K)->51184K(51776K) NonClass: 43778K(44032K)->43778K(44032K) Class: 7406K(7744K)->7406K(7744K)
[80.014s][info][gc             ] GC(58) Pause Young (Normal) (G1 Evacuation Pause) 1243M->16M(2048M) 1.487ms
[80.014s][info][gc,cpu         ] GC(58) User=0.00s Sys=0.00s Real=0.00s
[81.544s][info][gc,start       ] GC(59) Pause Young (Normal) (G1 Evacuation Pause)
[81.544s][info][gc,task        ] GC(59) Using 6 workers of 6 for evacuation
[81.545s][info][gc,phases      ] GC(59)   Pre Evacuate Collection Set: 0.1ms
[81.545s][info][gc,phases      ] GC(59)   Merge Heap Roots: 0.1ms
[81.545s][info][gc,phases      ] GC(59)   Evacuate Collection Set: 0.5ms
[81.545s][info][gc,phases      ] GC(59)   Post Evacuate Collection Set: 0.4ms
[81.545s][info][gc,phases      ] GC(59)   Other: 0.2ms
[81.545s][info][gc,heap        ] GC(59) Eden regions: 1227->0(1227)
[81.545s][info][gc,heap        ] GC(59) Survivor regions: 1->1(154)
[81.545s][info][gc,heap        ] GC(59) Old regions: 19->19
[81.545s][info][gc,heap        ] GC(59) Archive regions: 0->0
[81.545s][info][gc,heap        ] GC(59) Humongous regions: 0->0
[81.545s][info][gc,metaspace   ] GC(59) Metaspace: 51184K(51776K)->51184K(51776K) NonClass: 43778K(44032K)->43778K(44032K) Class: 7406K(7744K)->7406K(7744K)
[81.545s][info][gc             ] GC(59) Pause Young (Normal) (G1 Evacuation Pause) 1243M->16M(2048M) 1.409ms
[81.545s][info][gc,cpu         ] GC(59) User=0.00s Sys=0.00s Real=0.00s
[81.941s][info][gc,start       ] GC(60) Pause Full (System.gc())
[81.941s][info][gc,task        ] GC(60) Using 6 workers of 6 for full compaction
[81.941s][info][gc,phases,start] GC(60) Phase 1: Mark live objects
[81.948s][info][gc,phases      ] GC(60) Phase 1: Mark live objects 6.988ms
[81.948s][info][gc,phases,start] GC(60) Phase 2: Prepare for compaction
[81.950s][info][gc,phases      ] GC(60) Phase 2: Prepare for compaction 1.488ms
[81.950s][info][gc,phases,start] GC(60) Phase 3: Adjust pointers
[81.957s][info][gc,phases      ] GC(60) Phase 3: Adjust pointers 6.634ms
[81.957s][info][gc,phases,start] GC(60) Phase 4: Compact heap
[81.957s][info][gc,phases      ] GC(60) Phase 4: Compact heap 0.694ms
[81.967s][info][gc,heap        ] GC(60) Eden regions: 306->0(1228)
[81.967s][info][gc,heap        ] GC(60) Survivor regions: 1->0(154)
[81.967s][info][gc,heap        ] GC(60) Old regions: 19->20
[81.967s][info][gc,heap        ] GC(60) Archive regions: 0->0
[81.967s][info][gc,heap        ] GC(60) Humongous regions: 0->0
[81.967s][info][gc,metaspace   ] GC(60) Metaspace: 51189K(51776K)->51189K(51776K) NonClass: 43783K(44032K)->43783K(44032K) Class: 7406K(7744K)->7406K(7744K)
[81.967s][info][gc             ] GC(60) Pause Full (System.gc()) 321M->15M(2048M) 25.761ms
[81.967s][info][gc,cpu         ] GC(60) User=0.02s Sys=0.00s Real=0.02s
[83.554s][info][gc,start       ] GC(61) Pause Young (Normal) (G1 Evacuation Pause)
[83.554s][info][gc,task        ] GC(61) Using 6 workers of 6 for evacuation
[83.555s][info][gc,phases      ] GC(61)   Pre Evacuate Collection Set: 0.1ms
[83.555s][info][gc,phases      ] GC(61)   Merge Heap Roots: 0.1ms
[83.555s][info][gc,phases      ] GC(61)   Evacuate Collection Set: 0.6ms
[83.555s][info][gc,phases      ] GC(61)   Post Evacuate Collection Set: 0.4ms
[83.555s][info][gc,phases      ] GC(61)   Other: 0.2ms
[83.555s][info][gc,heap        ] GC(61) Eden regions: 1228->0(1227)
[83.555s][info][gc,heap        ] GC(61) Survivor regions: 0->1(154)
[83.555s][info][gc,heap        ] GC(61) Old regions: 20->20
[83.555s][info][gc,heap        ] GC(61) Archive regions: 0->0
[83.555s][info][gc,heap        ] GC(61) Humongous regions: 0->0
[83.555s][info][gc,metaspace   ] GC(61) Metaspace: 51201K(51776K)->51201K(51776K) NonClass: 43795K(44032K)->43795K(44032K) Class: 7406K(7744K)->7406K(7744K)
[83.555s][info][gc             ] GC(61) Pause Young (Normal) (G1 Evacuation Pause) 1243M->16M(2048M) 1.525ms
[83.555s][info][gc,cpu         ] GC(61) User=0.00s Sys=0.00s Real=0.00s
[85.082s][info][gc,start       ] GC(62) Pause Young (Normal) (G1 Evacuation Pause)
[85.082s][info][gc,task        ] GC(62) Using 6 workers of 6 for evacuation
[85.083s][info][gc,phases      ] GC(62)   Pre Evacuate Collection Set: 0.1ms
[85.083s][info][gc,phases      ] GC(62)   Merge Heap Roots: 0.1ms
[85.083s][info][gc,phases      ] GC(62)   Evacuate Collection Set: 0.5ms
[85.083s][info][gc,phases      ] GC(62)   Post Evacuate Collection Set: 0.4ms
[85.083s][info][gc,phases      ] GC(62)   Other: 0.2ms
[85.083s][info][gc,heap        ] GC(62) Eden regions: 1227->0(1227)
[85.083s][info][gc,heap        ] GC(62) Survivor regions: 1->1(154)
[85.083s][info][gc,heap        ] GC(62) Old regions: 20->20
[85.083s][info][gc,heap        ] GC(62) Archive regions: 0->0
[85.084s][info][gc,heap        ] GC(62) Humongous regions: 0->0
[85.084s][info][gc,metaspace   ] GC(62) Metaspace: 51201K(51776K)->51201K(51776K) NonClass: 43795K(44032K)->43795K(44032K) Class: 7406K(7744K)->7406K(7744K)
[85.084s][info][gc             ] GC(62) Pause Young (Normal) (G1 Evacuation Pause) 1243M->16M(2048M) 1.463ms
[85.084s][info][gc,cpu         ] GC(62) User=0.00s Sys=0.00s Real=0.00s
[85.491s][info][gc,start       ] GC(63) Pause Full (System.gc())
[85.491s][info][gc,task        ] GC(63) Using 6 workers of 6 for full compaction
[85.491s][info][gc,phases,start] GC(63) Phase 1: Mark live objects
[85.498s][info][gc,phases      ] GC(63) Phase 1: Mark live objects 6.748ms
[85.498s][info][gc,phases,start] GC(63) Phase 2: Prepare for compaction
[85.500s][info][gc,phases      ] GC(63) Phase 2: Prepare for compaction 1.372ms
[85.500s][info][gc,phases,start] GC(63) Phase 3: Adjust pointers
[85.506s][info][gc,phases      ] GC(63) Phase 3: Adjust pointers 6.151ms
[85.506s][info][gc,phases,start] GC(63) Phase 4: Compact heap
[85.506s][info][gc,phases      ] GC(63) Phase 4: Compact heap 0.643ms
[85.515s][info][gc,heap        ] GC(63) Eden regions: 304->0(1228)
[85.516s][info][gc,heap        ] GC(63) Survivor regions: 1->0(154)
[85.516s][info][gc,heap        ] GC(63) Old regions: 20->20
[85.516s][info][gc,heap        ] GC(63) Archive regions: 0->0
[85.516s][info][gc,heap        ] GC(63) Humongous regions: 0->0
[85.516s][info][gc,metaspace   ] GC(63) Metaspace: 51207K(51776K)->51207K(51776K) NonClass: 43801K(44032K)->43801K(44032K) Class: 7406K(7744K)->7406K(7744K)
[85.516s][info][gc             ] GC(63) Pause Full (System.gc()) 320M->15M(2048M) 24.487ms
[85.516s][info][gc,cpu         ] GC(63) User=0.02s Sys=0.00s Real=0.03s
[87.107s][info][gc,start       ] GC(64) Pause Young (Normal) (G1 Evacuation Pause)
[87.107s][info][gc,task        ] GC(64) Using 6 workers of 6 for evacuation
[87.109s][info][gc,phases      ] GC(64)   Pre Evacuate Collection Set: 0.1ms
[87.109s][info][gc,phases      ] GC(64)   Merge Heap Roots: 0.1ms
[87.109s][info][gc,phases      ] GC(64)   Evacuate Collection Set: 0.7ms
[87.109s][info][gc,phases      ] GC(64)   Post Evacuate Collection Set: 0.5ms
[87.109s][info][gc,phases      ] GC(64)   Other: 0.2ms
[87.109s][info][gc,heap        ] GC(64) Eden regions: 1228->0(1227)
[87.109s][info][gc,heap        ] GC(64) Survivor regions: 0->1(154)
[87.109s][info][gc,heap        ] GC(64) Old regions: 20->20
[87.109s][info][gc,heap        ] GC(64) Archive regions: 0->0
[87.109s][info][gc,heap        ] GC(64) Humongous regions: 0->0
[87.109s][info][gc,metaspace   ] GC(64) Metaspace: 51237K(51776K)->51237K(51776K) NonClass: 43831K(44032K)->43831K(44032K) Class: 7406K(7744K)->7406K(7744K)
[87.109s][info][gc             ] GC(64) Pause Young (Normal) (G1 Evacuation Pause) 1243M->16M(2048M) 1.710ms
[87.109s][info][gc,cpu         ] GC(64) User=0.00s Sys=0.00s Real=0.00s
[88.677s][info][gc,start       ] GC(65) Pause Young (Normal) (G1 Evacuation Pause)
[88.677s][info][gc,task        ] GC(65) Using 6 workers of 6 for evacuation
[88.678s][info][gc,phases      ] GC(65)   Pre Evacuate Collection Set: 0.1ms
[88.678s][info][gc,phases      ] GC(65)   Merge Heap Roots: 0.1ms
[88.678s][info][gc,phases      ] GC(65)   Evacuate Collection Set: 0.5ms
[88.678s][info][gc,phases      ] GC(65)   Post Evacuate Collection Set: 0.4ms
[88.678s][info][gc,phases      ] GC(65)   Other: 0.2ms
[88.678s][info][gc,heap        ] GC(65) Eden regions: 1227->0(1227)
[88.678s][info][gc,heap        ] GC(65) Survivor regions: 1->1(154)
[88.678s][info][gc,heap        ] GC(65) Old regions: 20->20
[88.678s][info][gc,heap        ] GC(65) Archive regions: 0->0
[88.678s][info][gc,heap        ] GC(65) Humongous regions: 0->0
[88.678s][info][gc,metaspace   ] GC(65) Metaspace: 51237K(51776K)->51237K(51776K) NonClass: 43831K(44032K)->43831K(44032K) Class: 7406K(7744K)->7406K(7744K)
[88.678s][info][gc             ] GC(65) Pause Young (Normal) (G1 Evacuation Pause) 1243M->16M(2048M) 1.416ms
[88.678s][info][gc,cpu         ] GC(65) User=0.00s Sys=0.00s Real=0.00s
[89.098s][info][gc,start       ] GC(66) Pause Full (System.gc())
[89.098s][info][gc,task        ] GC(66) Using 6 workers of 6 for full compaction
[89.098s][info][gc,phases,start] GC(66) Phase 1: Mark live objects
[89.105s][info][gc,phases      ] GC(66) Phase 1: Mark live objects 7.311ms
[89.105s][info][gc,phases,start] GC(66) Phase 2: Prepare for compaction
[89.107s][info][gc,phases      ] GC(66) Phase 2: Prepare for compaction 1.482ms
[89.107s][info][gc,phases,start] GC(66) Phase 3: Adjust pointers
[89.113s][info][gc,phases      ] GC(66) Phase 3: Adjust pointers 6.439ms
[89.113s][info][gc,phases,start] GC(66) Phase 4: Compact heap
[89.114s][info][gc,phases      ] GC(66) Phase 4: Compact heap 0.690ms
[89.123s][info][gc,heap        ] GC(66) Eden regions: 305->0(1228)
[89.123s][info][gc,heap        ] GC(66) Survivor regions: 1->0(154)
[89.123s][info][gc,heap        ] GC(66) Old regions: 20->20
[89.123s][info][gc,heap        ] GC(66) Archive regions: 0->0
[89.123s][info][gc,heap        ] GC(66) Humongous regions: 0->0
[89.123s][info][gc,metaspace   ] GC(66) Metaspace: 51240K(51776K)->51240K(51776K) NonClass: 43834K(44032K)->43834K(44032K) Class: 7406K(7744K)->7406K(7744K)
[89.123s][info][gc             ] GC(66) Pause Full (System.gc()) 321M->15M(2048M) 25.258ms
[89.123s][info][gc,cpu         ] GC(66) User=0.02s Sys=0.00s Real=0.04s
[90.746s][info][gc,start       ] GC(67) Pause Young (Normal) (G1 Evacuation Pause)
[90.746s][info][gc,task        ] GC(67) Using 6 workers of 6 for evacuation
[90.747s][info][gc,phases      ] GC(67)   Pre Evacuate Collection Set: 0.1ms
[90.747s][info][gc,phases      ] GC(67)   Merge Heap Roots: 0.1ms
[90.747s][info][gc,phases      ] GC(67)   Evacuate Collection Set: 0.6ms
[90.747s][info][gc,phases      ] GC(67)   Post Evacuate Collection Set: 0.5ms
[90.747s][info][gc,phases      ] GC(67)   Other: 0.2ms
[90.747s][info][gc,heap        ] GC(67) Eden regions: 1228->0(1227)
[90.747s][info][gc,heap        ] GC(67) Survivor regions: 0->1(154)
[90.747s][info][gc,heap        ] GC(67) Old regions: 20->20
[90.747s][info][gc,heap        ] GC(67) Archive regions: 0->0
[90.747s][info][gc,heap        ] GC(67) Humongous regions: 0->0
[90.747s][info][gc,metaspace   ] GC(67) Metaspace: 51309K(51840K)->51309K(51840K) NonClass: 43902K(44096K)->43902K(44096K) Class: 7406K(7744K)->7406K(7744K)
[90.747s][info][gc             ] GC(67) Pause Young (Normal) (G1 Evacuation Pause) 1243M->16M(2048M) 1.558ms
[90.747s][info][gc,cpu         ] GC(67) User=0.00s Sys=0.00s Real=0.00s
[92.327s][info][gc,start       ] GC(68) Pause Young (Normal) (G1 Evacuation Pause)
[92.328s][info][gc,task        ] GC(68) Using 6 workers of 6 for evacuation
[92.329s][info][gc,phases      ] GC(68)   Pre Evacuate Collection Set: 0.1ms
[92.329s][info][gc,phases      ] GC(68)   Merge Heap Roots: 0.1ms
[92.329s][info][gc,phases      ] GC(68)   Evacuate Collection Set: 0.5ms
[92.329s][info][gc,phases      ] GC(68)   Post Evacuate Collection Set: 0.5ms
[92.329s][info][gc,phases      ] GC(68)   Other: 0.2ms
[92.329s][info][gc,heap        ] GC(68) Eden regions: 1227->0(1227)
[92.329s][info][gc,heap        ] GC(68) Survivor regions: 1->1(154)
[92.329s][info][gc,heap        ] GC(68) Old regions: 20->20
[92.329s][info][gc,heap        ] GC(68) Archive regions: 0->0
[92.329s][info][gc,heap        ] GC(68) Humongous regions: 0->0
[92.329s][info][gc,metaspace   ] GC(68) Metaspace: 51309K(51840K)->51309K(51840K) NonClass: 43902K(44096K)->43902K(44096K) Class: 7406K(7744K)->7406K(7744K)
[92.329s][info][gc             ] GC(68) Pause Young (Normal) (G1 Evacuation Pause) 1243M->16M(2048M) 1.546ms
[92.329s][info][gc,cpu         ] GC(68) User=0.00s Sys=0.00s Real=0.00s
[92.736s][info][gc,start       ] GC(69) Pause Full (System.gc())
[92.736s][info][gc,task        ] GC(69) Using 6 workers of 6 for full compaction
[92.736s][info][gc,phases,start] GC(69) Phase 1: Mark live objects
[92.743s][info][gc,phases      ] GC(69) Phase 1: Mark live objects 6.516ms
[92.743s][info][gc,phases,start] GC(69) Phase 2: Prepare for compaction
[92.744s][info][gc,phases      ] GC(69) Phase 2: Prepare for compaction 1.386ms
[92.744s][info][gc,phases,start] GC(69) Phase 3: Adjust pointers
[92.751s][info][gc,phases      ] GC(69) Phase 3: Adjust pointers 6.305ms
[92.751s][info][gc,phases,start] GC(69) Phase 4: Compact heap
[92.751s][info][gc,phases      ] GC(69) Phase 4: Compact heap 0.565ms
[92.760s][info][gc,heap        ] GC(69) Eden regions: 306->0(1228)
[92.760s][info][gc,heap        ] GC(69) Survivor regions: 1->0(154)
[92.760s][info][gc,heap        ] GC(69) Old regions: 20->19
[92.760s][info][gc,heap        ] GC(69) Archive regions: 0->0
[92.760s][info][gc,heap        ] GC(69) Humongous regions: 0->0
[92.760s][info][gc,metaspace   ] GC(69) Metaspace: 51337K(51904K)->51337K(51904K) NonClass: 43931K(44160K)->43931K(44160K) Class: 7406K(7744K)->7406K(7744K)
[92.760s][info][gc             ] GC(69) Pause Full (System.gc()) 322M->15M(2048M) 24.444ms
[92.760s][info][gc,cpu         ] GC(69) User=0.19s Sys=0.00s Real=0.02s
[94.350s][info][gc,start       ] GC(70) Pause Young (Normal) (G1 Evacuation Pause)
[94.350s][info][gc,task        ] GC(70) Using 6 workers of 6 for evacuation
[94.352s][info][gc,phases      ] GC(70)   Pre Evacuate Collection Set: 0.1ms
[94.352s][info][gc,phases      ] GC(70)   Merge Heap Roots: 0.1ms
[94.352s][info][gc,phases      ] GC(70)   Evacuate Collection Set: 0.6ms
[94.352s][info][gc,phases      ] GC(70)   Post Evacuate Collection Set: 0.4ms
[94.352s][info][gc,phases      ] GC(70)   Other: 0.2ms
[94.352s][info][gc,heap        ] GC(70) Eden regions: 1228->0(1227)
[94.352s][info][gc,heap        ] GC(70) Survivor regions: 0->1(154)
[94.352s][info][gc,heap        ] GC(70) Old regions: 19->19
[94.352s][info][gc,heap        ] GC(70) Archive regions: 0->0
[94.352s][info][gc,heap        ] GC(70) Humongous regions: 0->0
[94.352s][info][gc,metaspace   ] GC(70) Metaspace: 51373K(51904K)->51373K(51904K) NonClass: 43967K(44160K)->43967K(44160K) Class: 7406K(7744K)->7406K(7744K)
[94.352s][info][gc             ] GC(70) Pause Young (Normal) (G1 Evacuation Pause) 1243M->16M(2048M) 1.556ms
[94.352s][info][gc,cpu         ] GC(70) User=0.00s Sys=0.00s Real=0.00s
[95.896s][info][gc,start       ] GC(71) Pause Young (Normal) (G1 Evacuation Pause)
[95.896s][info][gc,task        ] GC(71) Using 6 workers of 6 for evacuation
[95.898s][info][gc,phases      ] GC(71)   Pre Evacuate Collection Set: 0.1ms
[95.898s][info][gc,phases      ] GC(71)   Merge Heap Roots: 0.1ms
[95.898s][info][gc,phases      ] GC(71)   Evacuate Collection Set: 0.5ms
[95.898s][info][gc,phases      ] GC(71)   Post Evacuate Collection Set: 0.4ms
[95.898s][info][gc,phases      ] GC(71)   Other: 0.2ms
[95.898s][info][gc,heap        ] GC(71) Eden regions: 1227->0(1227)
[95.898s][info][gc,heap        ] GC(71) Survivor regions: 1->1(154)
[95.898s][info][gc,heap        ] GC(71) Old regions: 19->19
[95.898s][info][gc,heap        ] GC(71) Archive regions: 0->0
[95.898s][info][gc,heap        ] GC(71) Humongous regions: 0->0
[95.898s][info][gc,metaspace   ] GC(71) Metaspace: 51373K(51904K)->51373K(51904K) NonClass: 43967K(44160K)->43967K(44160K) Class: 7406K(7744K)->7406K(7744K)
[95.898s][info][gc             ] GC(71) Pause Young (Normal) (G1 Evacuation Pause) 1243M->16M(2048M) 1.479ms
[95.898s][info][gc,cpu         ] GC(71) User=0.00s Sys=0.00s Real=0.00s
[96.334s][info][gc,start       ] GC(72) Pause Full (System.gc())
[96.334s][info][gc,task        ] GC(72) Using 6 workers of 6 for full compaction
[96.334s][info][gc,phases,start] GC(72) Phase 1: Mark live objects
[96.342s][info][gc,phases      ] GC(72) Phase 1: Mark live objects 7.334ms
[96.342s][info][gc,phases,start] GC(72) Phase 2: Prepare for compaction
[96.343s][info][gc,phases      ] GC(72) Phase 2: Prepare for compaction 1.370ms
[96.343s][info][gc,phases,start] GC(72) Phase 3: Adjust pointers
[96.349s][info][gc,phases      ] GC(72) Phase 3: Adjust pointers 6.146ms
[96.350s][info][gc,phases,start] GC(72) Phase 4: Compact heap
[96.350s][info][gc,phases      ] GC(72) Phase 4: Compact heap 0.595ms
[96.359s][info][gc,heap        ] GC(72) Eden regions: 307->0(1228)
[96.359s][info][gc,heap        ] GC(72) Survivor regions: 1->0(154)
[96.359s][info][gc,heap        ] GC(72) Old regions: 19->19
[96.359s][info][gc,heap        ] GC(72) Archive regions: 0->0
[96.359s][info][gc,heap        ] GC(72) Humongous regions: 0->0
[96.359s][info][gc,metaspace   ] GC(72) Metaspace: 51374K(51904K)->51374K(51904K) NonClass: 43968K(44160K)->43968K(44160K) Class: 7406K(7744K)->7406K(7744K)
[96.359s][info][gc             ] GC(72) Pause Full (System.gc()) 323M->15M(2048M) 25.213ms
[96.359s][info][gc,cpu         ] GC(72) User=0.02s Sys=0.00s Real=0.03s
[97.926s][info][gc,start       ] GC(73) Pause Young (Normal) (G1 Evacuation Pause)
[97.926s][info][gc,task        ] GC(73) Using 6 workers of 6 for evacuation
[97.927s][info][gc,phases      ] GC(73)   Pre Evacuate Collection Set: 0.1ms
[97.928s][info][gc,phases      ] GC(73)   Merge Heap Roots: 0.1ms
[97.928s][info][gc,phases      ] GC(73)   Evacuate Collection Set: 0.5ms
[97.928s][info][gc,phases      ] GC(73)   Post Evacuate Collection Set: 0.4ms
[97.928s][info][gc,phases      ] GC(73)   Other: 0.2ms
[97.928s][info][gc,heap        ] GC(73) Eden regions: 1228->0(1227)
[97.928s][info][gc,heap        ] GC(73) Survivor regions: 0->1(154)
[97.928s][info][gc,heap        ] GC(73) Old regions: 19->19
[97.928s][info][gc,heap        ] GC(73) Archive regions: 0->0
[97.928s][info][gc,heap        ] GC(73) Humongous regions: 0->0
[97.928s][info][gc,metaspace   ] GC(73) Metaspace: 51385K(51904K)->51385K(51904K) NonClass: 43978K(44160K)->43978K(44160K) Class: 7406K(7744K)->7406K(7744K)
[97.928s][info][gc             ] GC(73) Pause Young (Normal) (G1 Evacuation Pause) 1243M->16M(2048M) 1.471ms
[97.928s][info][gc,cpu         ] GC(73) User=0.00s Sys=0.00s Real=0.00s
[99.480s][info][gc,start       ] GC(74) Pause Young (Normal) (G1 Evacuation Pause)
[99.480s][info][gc,task        ] GC(74) Using 6 workers of 6 for evacuation
[99.481s][info][gc,phases      ] GC(74)   Pre Evacuate Collection Set: 0.1ms
[99.481s][info][gc,phases      ] GC(74)   Merge Heap Roots: 0.1ms
[99.481s][info][gc,phases      ] GC(74)   Evacuate Collection Set: 0.5ms
[99.481s][info][gc,phases      ] GC(74)   Post Evacuate Collection Set: 0.4ms
[99.481s][info][gc,phases      ] GC(74)   Other: 0.2ms
[99.481s][info][gc,heap        ] GC(74) Eden regions: 1227->0(1227)
[99.481s][info][gc,heap        ] GC(74) Survivor regions: 1->1(154)
[99.481s][info][gc,heap        ] GC(74) Old regions: 19->19
[99.481s][info][gc,heap        ] GC(74) Archive regions: 0->0
[99.481s][info][gc,heap        ] GC(74) Humongous regions: 0->0
[99.481s][info][gc,metaspace   ] GC(74) Metaspace: 51385K(51904K)->51385K(51904K) NonClass: 43978K(44160K)->43978K(44160K) Class: 7406K(7744K)->7406K(7744K)
[99.481s][info][gc             ] GC(74) Pause Young (Normal) (G1 Evacuation Pause) 1243M->16M(2048M) 1.420ms
[99.481s][info][gc,cpu         ] GC(74) User=0.00s Sys=0.00s Real=0.00s
[99.894s][info][gc,start       ] GC(75) Pause Full (System.gc())
[99.895s][info][gc,task        ] GC(75) Using 6 workers of 6 for full compaction
[99.895s][info][gc,phases,start] GC(75) Phase 1: Mark live objects
[99.901s][info][gc,phases      ] GC(75) Phase 1: Mark live objects 6.314ms
[99.901s][info][gc,phases,start] GC(75) Phase 2: Prepare for compaction
[99.903s][info][gc,phases      ] GC(75) Phase 2: Prepare for compaction 1.579ms
[99.903s][info][gc,phases,start] GC(75) Phase 3: Adjust pointers
[99.909s][info][gc,phases      ] GC(75) Phase 3: Adjust pointers 6.307ms
[99.909s][info][gc,phases,start] GC(75) Phase 4: Compact heap
[99.910s][info][gc,phases      ] GC(75) Phase 4: Compact heap 0.640ms
[99.919s][info][gc,heap        ] GC(75) Eden regions: 303->0(1228)
[99.919s][info][gc,heap        ] GC(75) Survivor regions: 1->0(154)
[99.919s][info][gc,heap        ] GC(75) Old regions: 19->19
[99.919s][info][gc,heap        ] GC(75) Archive regions: 0->0
[99.919s][info][gc,heap        ] GC(75) Humongous regions: 0->0
[99.919s][info][gc,metaspace   ] GC(75) Metaspace: 51386K(51904K)->51386K(51904K) NonClass: 43980K(44160K)->43980K(44160K) Class: 7406K(7744K)->7406K(7744K)
[99.919s][info][gc             ] GC(75) Pause Full (System.gc()) 319M->15M(2048M) 24.215ms
[99.919s][info][gc,cpu         ] GC(75) User=0.03s Sys=0.00s Real=0.02s
[101.481s][info][gc,start       ] GC(76) Pause Young (Normal) (G1 Evacuation Pause)
[101.481s][info][gc,task        ] GC(76) Using 6 workers of 6 for evacuation
[101.482s][info][gc,phases      ] GC(76)   Pre Evacuate Collection Set: 0.1ms
[101.482s][info][gc,phases      ] GC(76)   Merge Heap Roots: 0.1ms
[101.482s][info][gc,phases      ] GC(76)   Evacuate Collection Set: 0.5ms
[101.482s][info][gc,phases      ] GC(76)   Post Evacuate Collection Set: 0.5ms
[101.482s][info][gc,phases      ] GC(76)   Other: 0.2ms
[101.482s][info][gc,heap        ] GC(76) Eden regions: 1228->0(1227)
[101.482s][info][gc,heap        ] GC(76) Survivor regions: 0->1(154)
[101.482s][info][gc,heap        ] GC(76) Old regions: 19->19
[101.482s][info][gc,heap        ] GC(76) Archive regions: 0->0
[101.482s][info][gc,heap        ] GC(76) Humongous regions: 0->0
[101.482s][info][gc,metaspace   ] GC(76) Metaspace: 51387K(51904K)->51387K(51904K) NonClass: 43980K(44160K)->43980K(44160K) Class: 7406K(7744K)->7406K(7744K)
[101.482s][info][gc             ] GC(76) Pause Young (Normal) (G1 Evacuation Pause) 1243M->16M(2048M) 1.492ms
[101.482s][info][gc,cpu         ] GC(76) User=0.00s Sys=0.00s Real=0.00s
[102.990s][info][gc,start       ] GC(77) Pause Young (Normal) (G1 Evacuation Pause)
[102.990s][info][gc,task        ] GC(77) Using 6 workers of 6 for evacuation
[102.991s][info][gc,phases      ] GC(77)   Pre Evacuate Collection Set: 0.1ms
[102.991s][info][gc,phases      ] GC(77)   Merge Heap Roots: 0.1ms
[102.991s][info][gc,phases      ] GC(77)   Evacuate Collection Set: 0.6ms
[102.991s][info][gc,phases      ] GC(77)   Post Evacuate Collection Set: 0.5ms
[102.991s][info][gc,phases      ] GC(77)   Other: 0.2ms
[102.991s][info][gc,heap        ] GC(77) Eden regions: 1227->0(1227)
[102.991s][info][gc,heap        ] GC(77) Survivor regions: 1->1(154)
[102.991s][info][gc,heap        ] GC(77) Old regions: 19->19
[102.991s][info][gc,heap        ] GC(77) Archive regions: 0->0
[102.991s][info][gc,heap        ] GC(77) Humongous regions: 0->0
[102.991s][info][gc,metaspace   ] GC(77) Metaspace: 51387K(51904K)->51387K(51904K) NonClass: 43980K(44160K)->43980K(44160K) Class: 7406K(7744K)->7406K(7744K)
[102.991s][info][gc             ] GC(77) Pause Young (Normal) (G1 Evacuation Pause) 1243M->16M(2048M) 1.493ms
[102.991s][info][gc,cpu         ] GC(77) User=0.00s Sys=0.00s Real=0.00s
[103.397s][info][gc,start       ] GC(78) Pause Full (System.gc())
[103.397s][info][gc,task        ] GC(78) Using 6 workers of 6 for full compaction
[103.397s][info][gc,phases,start] GC(78) Phase 1: Mark live objects
[103.404s][info][gc,phases      ] GC(78) Phase 1: Mark live objects 7.248ms
[103.404s][info][gc,phases,start] GC(78) Phase 2: Prepare for compaction
[103.406s][info][gc,phases      ] GC(78) Phase 2: Prepare for compaction 1.410ms
[103.406s][info][gc,phases,start] GC(78) Phase 3: Adjust pointers
[103.412s][info][gc,phases      ] GC(78) Phase 3: Adjust pointers 6.213ms
[103.412s][info][gc,phases,start] GC(78) Phase 4: Compact heap
[103.413s][info][gc,phases      ] GC(78) Phase 4: Compact heap 0.740ms
[103.422s][info][gc,heap        ] GC(78) Eden regions: 305->0(1228)
[103.422s][info][gc,heap        ] GC(78) Survivor regions: 1->0(154)
[103.422s][info][gc,heap        ] GC(78) Old regions: 19->19
[103.422s][info][gc,heap        ] GC(78) Archive regions: 0->0
[103.422s][info][gc,heap        ] GC(78) Humongous regions: 0->0
[103.422s][info][gc,metaspace   ] GC(78) Metaspace: 51397K(51968K)->51397K(51968K) NonClass: 43990K(44224K)->43990K(44224K) Class: 7406K(7744K)->7406K(7744K)
[103.422s][info][gc             ] GC(78) Pause Full (System.gc()) 321M->15M(2048M) 25.492ms
[103.422s][info][gc,cpu         ] GC(78) User=0.02s Sys=0.00s Real=0.02s
[105.086s][info][gc,start       ] GC(79) Pause Young (Normal) (G1 Evacuation Pause)
[105.086s][info][gc,task        ] GC(79) Using 6 workers of 6 for evacuation
[105.087s][info][gc,phases      ] GC(79)   Pre Evacuate Collection Set: 0.1ms
[105.087s][info][gc,phases      ] GC(79)   Merge Heap Roots: 0.1ms
[105.087s][info][gc,phases      ] GC(79)   Evacuate Collection Set: 0.5ms
[105.087s][info][gc,phases      ] GC(79)   Post Evacuate Collection Set: 0.5ms
[105.087s][info][gc,phases      ] GC(79)   Other: 0.2ms
[105.087s][info][gc,heap        ] GC(79) Eden regions: 1228->0(1227)
[105.087s][info][gc,heap        ] GC(79) Survivor regions: 0->1(154)
[105.087s][info][gc,heap        ] GC(79) Old regions: 19->19
[105.087s][info][gc,heap        ] GC(79) Archive regions: 0->0
[105.087s][info][gc,heap        ] GC(79) Humongous regions: 0->0
[105.087s][info][gc,metaspace   ] GC(79) Metaspace: 51400K(51968K)->51400K(51968K) NonClass: 43993K(44224K)->43993K(44224K) Class: 7406K(7744K)->7406K(7744K)
[105.087s][info][gc             ] GC(79) Pause Young (Normal) (G1 Evacuation Pause) 1243M->16M(2048M) 1.565ms
[105.087s][info][gc,cpu         ] GC(79) User=0.00s Sys=0.00s Real=0.00s
[106.824s][info][gc,start       ] GC(80) Pause Young (Normal) (G1 Evacuation Pause)
[106.824s][info][gc,task        ] GC(80) Using 6 workers of 6 for evacuation
[106.826s][info][gc,phases      ] GC(80)   Pre Evacuate Collection Set: 0.1ms
[106.826s][info][gc,phases      ] GC(80)   Merge Heap Roots: 0.1ms
[106.826s][info][gc,phases      ] GC(80)   Evacuate Collection Set: 0.6ms
[106.826s][info][gc,phases      ] GC(80)   Post Evacuate Collection Set: 0.6ms
[106.826s][info][gc,phases      ] GC(80)   Other: 0.2ms
[106.826s][info][gc,heap        ] GC(80) Eden regions: 1227->0(1227)
[106.826s][info][gc,heap        ] GC(80) Survivor regions: 1->1(154)
[106.826s][info][gc,heap        ] GC(80) Old regions: 19->19
[106.826s][info][gc,heap        ] GC(80) Archive regions: 0->0
[106.826s][info][gc,heap        ] GC(80) Humongous regions: 0->0
[106.826s][info][gc,metaspace   ] GC(80) Metaspace: 51400K(51968K)->51400K(51968K) NonClass: 43993K(44224K)->43993K(44224K) Class: 7406K(7744K)->7406K(7744K)
[106.826s][info][gc             ] GC(80) Pause Young (Normal) (G1 Evacuation Pause) 1243M->16M(2048M) 1.726ms
[106.826s][info][gc,cpu         ] GC(80) User=0.00s Sys=0.00s Real=0.00s
[107.353s][info][gc,start       ] GC(81) Pause Full (System.gc())
[107.353s][info][gc,task        ] GC(81) Using 6 workers of 6 for full compaction
[107.353s][info][gc,phases,start] GC(81) Phase 1: Mark live objects
[107.361s][info][gc,phases      ] GC(81) Phase 1: Mark live objects 7.399ms
[107.361s][info][gc,phases,start] GC(81) Phase 2: Prepare for compaction
[107.362s][info][gc,phases      ] GC(81) Phase 2: Prepare for compaction 1.431ms
[107.363s][info][gc,phases,start] GC(81) Phase 3: Adjust pointers
[107.369s][info][gc,phases      ] GC(81) Phase 3: Adjust pointers 6.620ms
[107.369s][info][gc,phases,start] GC(81) Phase 4: Compact heap
[107.370s][info][gc,phases      ] GC(81) Phase 4: Compact heap 0.739ms
[107.379s][info][gc,heap        ] GC(81) Eden regions: 304->0(1228)
[107.379s][info][gc,heap        ] GC(81) Survivor regions: 1->0(154)
[107.379s][info][gc,heap        ] GC(81) Old regions: 19->19
[107.379s][info][gc,heap        ] GC(81) Archive regions: 0->0
[107.379s][info][gc,heap        ] GC(81) Humongous regions: 0->0
[107.379s][info][gc,metaspace   ] GC(81) Metaspace: 51402K(51968K)->51402K(51968K) NonClass: 43995K(44224K)->43995K(44224K) Class: 7406K(7744K)->7406K(7744K)
[107.379s][info][gc             ] GC(81) Pause Full (System.gc()) 319M->15M(2048M) 26.308ms
[107.380s][info][gc,cpu         ] GC(81) User=0.11s Sys=0.00s Real=0.03s
[108.957s][info][gc,start       ] GC(82) Pause Young (Normal) (G1 Evacuation Pause)
[108.957s][info][gc,task        ] GC(82) Using 6 workers of 6 for evacuation
[108.959s][info][gc,phases      ] GC(82)   Pre Evacuate Collection Set: 0.1ms
[108.959s][info][gc,phases      ] GC(82)   Merge Heap Roots: 0.1ms
[108.959s][info][gc,phases      ] GC(82)   Evacuate Collection Set: 0.6ms
[108.959s][info][gc,phases      ] GC(82)   Post Evacuate Collection Set: 0.5ms
[108.959s][info][gc,phases      ] GC(82)   Other: 0.2ms
[108.959s][info][gc,heap        ] GC(82) Eden regions: 1228->0(1227)
[108.959s][info][gc,heap        ] GC(82) Survivor regions: 0->1(154)
[108.959s][info][gc,heap        ] GC(82) Old regions: 19->19
[108.959s][info][gc,heap        ] GC(82) Archive regions: 0->0
[108.959s][info][gc,heap        ] GC(82) Humongous regions: 0->0
[108.959s][info][gc,metaspace   ] GC(82) Metaspace: 51404K(51968K)->51404K(51968K) NonClass: 43998K(44224K)->43998K(44224K) Class: 7406K(7744K)->7406K(7744K)
[108.959s][info][gc             ] GC(82) Pause Young (Normal) (G1 Evacuation Pause) 1243M->16M(2048M) 1.620ms
[108.959s][info][gc,cpu         ] GC(82) User=0.00s Sys=0.00s Real=0.00s
[110.521s][info][gc,start       ] GC(83) Pause Young (Normal) (G1 Evacuation Pause)
[110.521s][info][gc,task        ] GC(83) Using 6 workers of 6 for evacuation
[110.522s][info][gc,phases      ] GC(83)   Pre Evacuate Collection Set: 0.1ms
[110.522s][info][gc,phases      ] GC(83)   Merge Heap Roots: 0.1ms
[110.522s][info][gc,phases      ] GC(83)   Evacuate Collection Set: 0.5ms
[110.522s][info][gc,phases      ] GC(83)   Post Evacuate Collection Set: 0.4ms
[110.522s][info][gc,phases      ] GC(83)   Other: 0.2ms
[110.522s][info][gc,heap        ] GC(83) Eden regions: 1227->0(1227)
[110.522s][info][gc,heap        ] GC(83) Survivor regions: 1->1(154)
[110.522s][info][gc,heap        ] GC(83) Old regions: 19->19
[110.522s][info][gc,heap        ] GC(83) Archive regions: 0->0
[110.522s][info][gc,heap        ] GC(83) Humongous regions: 0->0
[110.522s][info][gc,metaspace   ] GC(83) Metaspace: 51404K(51968K)->51404K(51968K) NonClass: 43998K(44224K)->43998K(44224K) Class: 7406K(7744K)->7406K(7744K)
[110.522s][info][gc             ] GC(83) Pause Young (Normal) (G1 Evacuation Pause) 1243M->16M(2048M) 1.476ms
[110.522s][info][gc,cpu         ] GC(83) User=0.00s Sys=0.00s Real=0.00s
[110.934s][info][gc,start       ] GC(84) Pause Full (System.gc())
[110.934s][info][gc,task        ] GC(84) Using 6 workers of 6 for full compaction
[110.935s][info][gc,phases,start] GC(84) Phase 1: Mark live objects
[110.941s][info][gc,phases      ] GC(84) Phase 1: Mark live objects 6.680ms
[110.942s][info][gc,phases,start] GC(84) Phase 2: Prepare for compaction
[110.943s][info][gc,phases      ] GC(84) Phase 2: Prepare for compaction 1.538ms
[110.943s][info][gc,phases,start] GC(84) Phase 3: Adjust pointers
[110.950s][info][gc,phases      ] GC(84) Phase 3: Adjust pointers 6.426ms
[110.950s][info][gc,phases,start] GC(84) Phase 4: Compact heap
[110.950s][info][gc,phases      ] GC(84) Phase 4: Compact heap 0.683ms
[110.959s][info][gc,heap        ] GC(84) Eden regions: 305->0(1228)
[110.959s][info][gc,heap        ] GC(84) Survivor regions: 1->0(154)
[110.959s][info][gc,heap        ] GC(84) Old regions: 19->19
[110.959s][info][gc,heap        ] GC(84) Archive regions: 0->0
[110.959s][info][gc,heap        ] GC(84) Humongous regions: 0->0
[110.959s][info][gc,metaspace   ] GC(84) Metaspace: 51408K(51968K)->51408K(51968K) NonClass: 44001K(44224K)->44001K(44224K) Class: 7406K(7744K)->7406K(7744K)
[110.960s][info][gc             ] GC(84) Pause Full (System.gc()) 321M->15M(2048M) 25.121ms
[110.960s][info][gc,cpu         ] GC(84) User=0.09s Sys=0.00s Real=0.03s
[112.565s][info][gc,start       ] GC(85) Pause Young (Normal) (G1 Evacuation Pause)
[112.565s][info][gc,task        ] GC(85) Using 6 workers of 6 for evacuation
[112.566s][info][gc,phases      ] GC(85)   Pre Evacuate Collection Set: 0.1ms
[112.566s][info][gc,phases      ] GC(85)   Merge Heap Roots: 0.1ms
[112.566s][info][gc,phases      ] GC(85)   Evacuate Collection Set: 0.5ms
[112.566s][info][gc,phases      ] GC(85)   Post Evacuate Collection Set: 0.4ms
[112.566s][info][gc,phases      ] GC(85)   Other: 0.2ms
[112.566s][info][gc,heap        ] GC(85) Eden regions: 1228->0(1227)
[112.566s][info][gc,heap        ] GC(85) Survivor regions: 0->1(154)
[112.566s][info][gc,heap        ] GC(85) Old regions: 19->19
[112.566s][info][gc,heap        ] GC(85) Archive regions: 0->0
[112.566s][info][gc,heap        ] GC(85) Humongous regions: 0->0
[112.566s][info][gc,metaspace   ] GC(85) Metaspace: 51428K(51968K)->51428K(51968K) NonClass: 44021K(44224K)->44021K(44224K) Class: 7406K(7744K)->7406K(7744K)
[112.566s][info][gc             ] GC(85) Pause Young (Normal) (G1 Evacuation Pause) 1243M->16M(2048M) 1.484ms
[112.567s][info][gc,cpu         ] GC(85) User=0.09s Sys=0.00s Real=0.00s
[114.120s][info][gc,start       ] GC(86) Pause Young (Normal) (G1 Evacuation Pause)
[114.120s][info][gc,task        ] GC(86) Using 6 workers of 6 for evacuation
[114.122s][info][gc,phases      ] GC(86)   Pre Evacuate Collection Set: 0.1ms
[114.122s][info][gc,phases      ] GC(86)   Merge Heap Roots: 0.1ms
[114.122s][info][gc,phases      ] GC(86)   Evacuate Collection Set: 0.6ms
[114.122s][info][gc,phases      ] GC(86)   Post Evacuate Collection Set: 0.4ms
[114.122s][info][gc,phases      ] GC(86)   Other: 0.2ms
[114.122s][info][gc,heap        ] GC(86) Eden regions: 1227->0(1227)
[114.122s][info][gc,heap        ] GC(86) Survivor regions: 1->1(154)
[114.122s][info][gc,heap        ] GC(86) Old regions: 19->19
[114.122s][info][gc,heap        ] GC(86) Archive regions: 0->0
[114.122s][info][gc,heap        ] GC(86) Humongous regions: 0->0
[114.122s][info][gc,metaspace   ] GC(86) Metaspace: 51428K(51968K)->51428K(51968K) NonClass: 44021K(44224K)->44021K(44224K) Class: 7406K(7744K)->7406K(7744K)
[114.122s][info][gc             ] GC(86) Pause Young (Normal) (G1 Evacuation Pause) 1243M->16M(2048M) 1.515ms
[114.122s][info][gc,cpu         ] GC(86) User=0.00s Sys=0.00s Real=0.00s
[114.547s][info][gc,start       ] GC(87) Pause Full (System.gc())
[114.547s][info][gc,task        ] GC(87) Using 6 workers of 6 for full compaction
[114.547s][info][gc,phases,start] GC(87) Phase 1: Mark live objects
[114.554s][info][gc,phases      ] GC(87) Phase 1: Mark live objects 6.960ms
[114.554s][info][gc,phases,start] GC(87) Phase 2: Prepare for compaction
[114.556s][info][gc,phases      ] GC(87) Phase 2: Prepare for compaction 1.411ms
[114.556s][info][gc,phases,start] GC(87) Phase 3: Adjust pointers
[114.562s][info][gc,phases      ] GC(87) Phase 3: Adjust pointers 6.511ms
[114.562s][info][gc,phases,start] GC(87) Phase 4: Compact heap
[114.563s][info][gc,phases      ] GC(87) Phase 4: Compact heap 0.567ms
[114.572s][info][gc,heap        ] GC(87) Eden regions: 308->0(1228)
[114.572s][info][gc,heap        ] GC(87) Survivor regions: 1->0(154)
[114.572s][info][gc,heap        ] GC(87) Old regions: 19->19
[114.572s][info][gc,heap        ] GC(87) Archive regions: 0->0
[114.572s][info][gc,heap        ] GC(87) Humongous regions: 0->0
[114.572s][info][gc,metaspace   ] GC(87) Metaspace: 51439K(51968K)->51439K(51968K) NonClass: 44032K(44224K)->44032K(44224K) Class: 7406K(7744K)->7406K(7744K)
[114.572s][info][gc             ] GC(87) Pause Full (System.gc()) 323M->15M(2048M) 25.107ms
[114.572s][info][gc,cpu         ] GC(87) User=0.17s Sys=0.00s Real=0.02s
[116.176s][info][gc,start       ] GC(88) Pause Young (Normal) (G1 Evacuation Pause)
[116.176s][info][gc,task        ] GC(88) Using 6 workers of 6 for evacuation
[116.177s][info][gc,phases      ] GC(88)   Pre Evacuate Collection Set: 0.1ms
[116.177s][info][gc,phases      ] GC(88)   Merge Heap Roots: 0.1ms
[116.177s][info][gc,phases      ] GC(88)   Evacuate Collection Set: 0.6ms
[116.177s][info][gc,phases      ] GC(88)   Post Evacuate Collection Set: 0.5ms
[116.177s][info][gc,phases      ] GC(88)   Other: 0.2ms
[116.177s][info][gc,heap        ] GC(88) Eden regions: 1228->0(1227)
[116.177s][info][gc,heap        ] GC(88) Survivor regions: 0->1(154)
[116.177s][info][gc,heap        ] GC(88) Old regions: 19->19
[116.177s][info][gc,heap        ] GC(88) Archive regions: 0->0
[116.177s][info][gc,heap        ] GC(88) Humongous regions: 0->0
[116.177s][info][gc,metaspace   ] GC(88) Metaspace: 51480K(52032K)->51480K(52032K) NonClass: 44073K(44288K)->44073K(44288K) Class: 7406K(7744K)->7406K(7744K)
[116.177s][info][gc             ] GC(88) Pause Young (Normal) (G1 Evacuation Pause) 1243M->16M(2048M) 1.533ms
[116.177s][info][gc,cpu         ] GC(88) User=0.00s Sys=0.00s Real=0.00s
[117.740s][info][gc,start       ] GC(89) Pause Young (Normal) (G1 Evacuation Pause)
[117.740s][info][gc,task        ] GC(89) Using 6 workers of 6 for evacuation
[117.741s][info][gc,phases      ] GC(89)   Pre Evacuate Collection Set: 0.1ms
[117.742s][info][gc,phases      ] GC(89)   Merge Heap Roots: 0.1ms
[117.742s][info][gc,phases      ] GC(89)   Evacuate Collection Set: 0.5ms
[117.742s][info][gc,phases      ] GC(89)   Post Evacuate Collection Set: 0.4ms
[117.742s][info][gc,phases      ] GC(89)   Other: 0.2ms
[117.742s][info][gc,heap        ] GC(89) Eden regions: 1227->0(1227)
[117.742s][info][gc,heap        ] GC(89) Survivor regions: 1->1(154)
[117.742s][info][gc,heap        ] GC(89) Old regions: 19->19
[117.742s][info][gc,heap        ] GC(89) Archive regions: 0->0
[117.742s][info][gc,heap        ] GC(89) Humongous regions: 0->0
[117.742s][info][gc,metaspace   ] GC(89) Metaspace: 51480K(52032K)->51480K(52032K) NonClass: 44073K(44288K)->44073K(44288K) Class: 7406K(7744K)->7406K(7744K)
[117.742s][info][gc             ] GC(89) Pause Young (Normal) (G1 Evacuation Pause) 1243M->16M(2048M) 1.431ms
[117.742s][info][gc,cpu         ] GC(89) User=0.00s Sys=0.00s Real=0.00s
[118.155s][info][gc,start       ] GC(90) Pause Full (System.gc())
[118.155s][info][gc,task        ] GC(90) Using 6 workers of 6 for full compaction
[118.155s][info][gc,phases,start] GC(90) Phase 1: Mark live objects
[118.162s][info][gc,phases      ] GC(90) Phase 1: Mark live objects 7.054ms
[118.162s][info][gc,phases,start] GC(90) Phase 2: Prepare for compaction
[118.163s][info][gc,phases      ] GC(90) Phase 2: Prepare for compaction 1.378ms
[118.163s][info][gc,phases,start] GC(90) Phase 3: Adjust pointers
[118.170s][info][gc,phases      ] GC(90) Phase 3: Adjust pointers 6.345ms
[118.170s][info][gc,phases,start] GC(90) Phase 4: Compact heap
[118.171s][info][gc,phases      ] GC(90) Phase 4: Compact heap 0.677ms
[118.179s][info][gc,heap        ] GC(90) Eden regions: 306->0(1228)
[118.180s][info][gc,heap        ] GC(90) Survivor regions: 1->0(154)
[118.180s][info][gc,heap        ] GC(90) Old regions: 19->19
[118.180s][info][gc,heap        ] GC(90) Archive regions: 0->0
[118.180s][info][gc,heap        ] GC(90) Humongous regions: 0->0
[118.180s][info][gc,metaspace   ] GC(90) Metaspace: 51481K(52032K)->51481K(52032K) NonClass: 44075K(44288K)->44075K(44288K) Class: 7406K(7744K)->7406K(7744K)
[118.180s][info][gc             ] GC(90) Pause Full (System.gc()) 321M->15M(2048M) 24.971ms
[118.180s][info][gc,cpu         ] GC(90) User=0.09s Sys=0.00s Real=0.03s
[119.737s][info][gc,start       ] GC(91) Pause Young (Normal) (G1 Evacuation Pause)
[119.737s][info][gc,task        ] GC(91) Using 6 workers of 6 for evacuation
[119.738s][info][gc,phases      ] GC(91)   Pre Evacuate Collection Set: 0.1ms
[119.738s][info][gc,phases      ] GC(91)   Merge Heap Roots: 0.1ms
[119.738s][info][gc,phases      ] GC(91)   Evacuate Collection Set: 0.6ms
[119.738s][info][gc,phases      ] GC(91)   Post Evacuate Collection Set: 0.4ms
[119.738s][info][gc,phases      ] GC(91)   Other: 0.2ms
[119.738s][info][gc,heap        ] GC(91) Eden regions: 1228->0(1227)
[119.738s][info][gc,heap        ] GC(91) Survivor regions: 0->1(154)
[119.738s][info][gc,heap        ] GC(91) Old regions: 19->19
[119.738s][info][gc,heap        ] GC(91) Archive regions: 0->0
[119.738s][info][gc,heap        ] GC(91) Humongous regions: 0->0
[119.738s][info][gc,metaspace   ] GC(91) Metaspace: 51501K(52032K)->51501K(52032K) NonClass: 44095K(44288K)->44095K(44288K) Class: 7406K(7744K)->7406K(7744K)
[119.738s][info][gc             ] GC(91) Pause Young (Normal) (G1 Evacuation Pause) 1243M->16M(2048M) 1.498ms
[119.738s][info][gc,cpu         ] GC(91) User=0.09s Sys=0.00s Real=0.00s
[121.296s][info][gc,start       ] GC(92) Pause Young (Normal) (G1 Evacuation Pause)
[121.296s][info][gc,task        ] GC(92) Using 6 workers of 6 for evacuation
[121.298s][info][gc,phases      ] GC(92)   Pre Evacuate Collection Set: 0.1ms
[121.298s][info][gc,phases      ] GC(92)   Merge Heap Roots: 0.1ms
[121.298s][info][gc,phases      ] GC(92)   Evacuate Collection Set: 0.5ms
[121.298s][info][gc,phases      ] GC(92)   Post Evacuate Collection Set: 0.4ms
[121.298s][info][gc,phases      ] GC(92)   Other: 0.2ms
[121.298s][info][gc,heap        ] GC(92) Eden regions: 1227->0(1227)
[121.298s][info][gc,heap        ] GC(92) Survivor regions: 1->1(154)
[121.298s][info][gc,heap        ] GC(92) Old regions: 19->19
[121.298s][info][gc,heap        ] GC(92) Archive regions: 0->0
[121.298s][info][gc,heap        ] GC(92) Humongous regions: 0->0
[121.298s][info][gc,metaspace   ] GC(92) Metaspace: 51501K(52032K)->51501K(52032K) NonClass: 44095K(44288K)->44095K(44288K) Class: 7406K(7744K)->7406K(7744K)
[121.298s][info][gc             ] GC(92) Pause Young (Normal) (G1 Evacuation Pause) 1243M->16M(2048M) 1.474ms
[121.298s][info][gc,cpu         ] GC(92) User=0.00s Sys=0.00s Real=0.00s
[121.700s][info][gc,start       ] GC(93) Pause Full (System.gc())
[121.700s][info][gc,task        ] GC(93) Using 6 workers of 6 for full compaction
[121.700s][info][gc,phases,start] GC(93) Phase 1: Mark live objects
[121.707s][info][gc,phases      ] GC(93) Phase 1: Mark live objects 6.834ms
[121.707s][info][gc,phases,start] GC(93) Phase 2: Prepare for compaction
[121.708s][info][gc,phases      ] GC(93) Phase 2: Prepare for compaction 1.340ms
[121.708s][info][gc,phases,start] GC(93) Phase 3: Adjust pointers
[121.715s][info][gc,phases      ] GC(93) Phase 3: Adjust pointers 6.738ms
[121.715s][info][gc,phases,start] GC(93) Phase 4: Compact heap
[121.716s][info][gc,phases      ] GC(93) Phase 4: Compact heap 0.600ms
[121.725s][info][gc,heap        ] GC(93) Eden regions: 305->0(1228)
[121.725s][info][gc,heap        ] GC(93) Survivor regions: 1->0(154)
[121.725s][info][gc,heap        ] GC(93) Old regions: 19->19
[121.725s][info][gc,heap        ] GC(93) Archive regions: 0->0
[121.725s][info][gc,heap        ] GC(93) Humongous regions: 0->0
[121.725s][info][gc,metaspace   ] GC(93) Metaspace: 51507K(52032K)->51507K(52032K) NonClass: 44100K(44288K)->44100K(44288K) Class: 7406K(7744K)->7406K(7744K)
[121.725s][info][gc             ] GC(93) Pause Full (System.gc()) 320M->15M(2048M) 25.280ms
[121.725s][info][gc,cpu         ] GC(93) User=0.11s Sys=0.00s Real=0.02s
[123.335s][info][gc,start       ] GC(94) Pause Young (Normal) (G1 Evacuation Pause)
[123.335s][info][gc,task        ] GC(94) Using 6 workers of 6 for evacuation
[123.336s][info][gc,phases      ] GC(94)   Pre Evacuate Collection Set: 0.1ms
[123.336s][info][gc,phases      ] GC(94)   Merge Heap Roots: 0.1ms
[123.336s][info][gc,phases      ] GC(94)   Evacuate Collection Set: 0.6ms
[123.336s][info][gc,phases      ] GC(94)   Post Evacuate Collection Set: 0.4ms
[123.336s][info][gc,phases      ] GC(94)   Other: 0.2ms
[123.336s][info][gc,heap        ] GC(94) Eden regions: 1228->0(1227)
[123.336s][info][gc,heap        ] GC(94) Survivor regions: 0->1(154)
[123.336s][info][gc,heap        ] GC(94) Old regions: 19->19
[123.336s][info][gc,heap        ] GC(94) Archive regions: 0->0
[123.336s][info][gc,heap        ] GC(94) Humongous regions: 0->0
[123.336s][info][gc,metaspace   ] GC(94) Metaspace: 51514K(52032K)->51514K(52032K) NonClass: 44108K(44288K)->44108K(44288K) Class: 7406K(7744K)->7406K(7744K)
[123.336s][info][gc             ] GC(94) Pause Young (Normal) (G1 Evacuation Pause) 1243M->16M(2048M) 1.537ms
[123.336s][info][gc,cpu         ] GC(94) User=0.00s Sys=0.00s Real=0.00s
[124.900s][info][gc,start       ] GC(95) Pause Young (Normal) (G1 Evacuation Pause)
[124.900s][info][gc,task        ] GC(95) Using 6 workers of 6 for evacuation
[124.901s][info][gc,phases      ] GC(95)   Pre Evacuate Collection Set: 0.1ms
[124.901s][info][gc,phases      ] GC(95)   Merge Heap Roots: 0.1ms
[124.901s][info][gc,phases      ] GC(95)   Evacuate Collection Set: 0.5ms
[124.901s][info][gc,phases      ] GC(95)   Post Evacuate Collection Set: 0.5ms
[124.901s][info][gc,phases      ] GC(95)   Other: 0.2ms
[124.901s][info][gc,heap        ] GC(95) Eden regions: 1227->0(1227)
[124.901s][info][gc,heap        ] GC(95) Survivor regions: 1->1(154)
[124.901s][info][gc,heap        ] GC(95) Old regions: 19->19
[124.901s][info][gc,heap        ] GC(95) Archive regions: 0->0
[124.901s][info][gc,heap        ] GC(95) Humongous regions: 0->0
[124.901s][info][gc,metaspace   ] GC(95) Metaspace: 51514K(52032K)->51514K(52032K) NonClass: 44108K(44288K)->44108K(44288K) Class: 7406K(7744K)->7406K(7744K)
[124.901s][info][gc             ] GC(95) Pause Young (Normal) (G1 Evacuation Pause) 1243M->16M(2048M) 1.459ms
[124.901s][info][gc,cpu         ] GC(95) User=0.00s Sys=0.00s Real=0.00s
[125.331s][info][gc,start       ] GC(96) Pause Full (System.gc())
[125.331s][info][gc,task        ] GC(96) Using 6 workers of 6 for full compaction
[125.331s][info][gc,phases,start] GC(96) Phase 1: Mark live objects
[125.338s][info][gc,phases      ] GC(96) Phase 1: Mark live objects 6.428ms
[125.338s][info][gc,phases,start] GC(96) Phase 2: Prepare for compaction
[125.339s][info][gc,phases      ] GC(96) Phase 2: Prepare for compaction 1.334ms
[125.339s][info][gc,phases,start] GC(96) Phase 3: Adjust pointers
[125.345s][info][gc,phases      ] GC(96) Phase 3: Adjust pointers 6.340ms
[125.346s][info][gc,phases,start] GC(96) Phase 4: Compact heap
[125.346s][info][gc,phases      ] GC(96) Phase 4: Compact heap 0.659ms
[125.356s][info][gc,heap        ] GC(96) Eden regions: 305->0(1228)
[125.356s][info][gc,heap        ] GC(96) Survivor regions: 1->0(154)
[125.356s][info][gc,heap        ] GC(96) Old regions: 19->20
[125.356s][info][gc,heap        ] GC(96) Archive regions: 0->0
[125.356s][info][gc,heap        ] GC(96) Humongous regions: 0->0
[125.356s][info][gc,metaspace   ] GC(96) Metaspace: 51514K(52032K)->51514K(52032K) NonClass: 44108K(44288K)->44108K(44288K) Class: 7406K(7744K)->7406K(7744K)
[125.356s][info][gc             ] GC(96) Pause Full (System.gc()) 321M->15M(2048M) 24.800ms
[125.356s][info][gc,cpu         ] GC(96) User=0.09s Sys=0.00s Real=0.02s
[126.952s][info][gc,start       ] GC(97) Pause Young (Normal) (G1 Evacuation Pause)
[126.952s][info][gc,task        ] GC(97) Using 6 workers of 6 for evacuation
[126.954s][info][gc,phases      ] GC(97)   Pre Evacuate Collection Set: 0.1ms
[126.954s][info][gc,phases      ] GC(97)   Merge Heap Roots: 0.1ms
[126.954s][info][gc,phases      ] GC(97)   Evacuate Collection Set: 0.6ms
[126.954s][info][gc,phases      ] GC(97)   Post Evacuate Collection Set: 0.4ms
[126.954s][info][gc,phases      ] GC(97)   Other: 0.2ms
[126.954s][info][gc,heap        ] GC(97) Eden regions: 1228->0(1227)
[126.954s][info][gc,heap        ] GC(97) Survivor regions: 0->1(154)
[126.954s][info][gc,heap        ] GC(97) Old regions: 20->20
[126.954s][info][gc,heap        ] GC(97) Archive regions: 0->0
[126.954s][info][gc,heap        ] GC(97) Humongous regions: 0->0
[126.954s][info][gc,metaspace   ] GC(97) Metaspace: 51545K(52096K)->51545K(52096K) NonClass: 44139K(44352K)->44139K(44352K) Class: 7406K(7744K)->7406K(7744K)
[126.954s][info][gc             ] GC(97) Pause Young (Normal) (G1 Evacuation Pause) 1243M->16M(2048M) 1.584ms
[126.954s][info][gc,cpu         ] GC(97) User=0.00s Sys=0.00s Real=0.00s
[128.539s][info][gc,start       ] GC(98) Pause Young (Normal) (G1 Evacuation Pause)
[128.539s][info][gc,task        ] GC(98) Using 6 workers of 6 for evacuation
[128.541s][info][gc,phases      ] GC(98)   Pre Evacuate Collection Set: 0.1ms
[128.541s][info][gc,phases      ] GC(98)   Merge Heap Roots: 0.1ms
[128.541s][info][gc,phases      ] GC(98)   Evacuate Collection Set: 0.5ms
[128.541s][info][gc,phases      ] GC(98)   Post Evacuate Collection Set: 0.4ms
[128.541s][info][gc,phases      ] GC(98)   Other: 0.2ms
[128.541s][info][gc,heap        ] GC(98) Eden regions: 1227->0(1227)
[128.541s][info][gc,heap        ] GC(98) Survivor regions: 1->1(154)
[128.541s][info][gc,heap        ] GC(98) Old regions: 20->20
[128.541s][info][gc,heap        ] GC(98) Archive regions: 0->0
[128.541s][info][gc,heap        ] GC(98) Humongous regions: 0->0
[128.541s][info][gc,metaspace   ] GC(98) Metaspace: 51546K(52096K)->51546K(52096K) NonClass: 44139K(44352K)->44139K(44352K) Class: 7406K(7744K)->7406K(7744K)
[128.541s][info][gc             ] GC(98) Pause Young (Normal) (G1 Evacuation Pause) 1243M->16M(2048M) 1.445ms
[128.541s][info][gc,cpu         ] GC(98) User=0.00s Sys=0.00s Real=0.00s
[128.974s][info][gc,start       ] GC(99) Pause Full (System.gc())
[128.974s][info][gc,task        ] GC(99) Using 6 workers of 6 for full compaction
[128.974s][info][gc,phases,start] GC(99) Phase 1: Mark live objects
[128.981s][info][gc,phases      ] GC(99) Phase 1: Mark live objects 6.758ms
[128.981s][info][gc,phases,start] GC(99) Phase 2: Prepare for compaction
[128.982s][info][gc,phases      ] GC(99) Phase 2: Prepare for compaction 1.361ms
[128.982s][info][gc,phases,start] GC(99) Phase 3: Adjust pointers
[128.989s][info][gc,phases      ] GC(99) Phase 3: Adjust pointers 6.394ms
[128.989s][info][gc,phases,start] GC(99) Phase 4: Compact heap
[128.990s][info][gc,phases      ] GC(99) Phase 4: Compact heap 0.871ms
[128.999s][info][gc,heap        ] GC(99) Eden regions: 305->0(1228)
[128.999s][info][gc,heap        ] GC(99) Survivor regions: 1->0(154)
[128.999s][info][gc,heap        ] GC(99) Old regions: 20->20
[128.999s][info][gc,heap        ] GC(99) Archive regions: 0->0
[128.999s][info][gc,heap        ] GC(99) Humongous regions: 0->0
[128.999s][info][gc,metaspace   ] GC(99) Metaspace: 51552K(52096K)->51552K(52096K) NonClass: 44146K(44352K)->44146K(44352K) Class: 7406K(7744K)->7406K(7744K)
[128.999s][info][gc             ] GC(99) Pause Full (System.gc()) 321M->15M(2048M) 25.114ms
[128.999s][info][gc,cpu         ] GC(99) User=0.02s Sys=0.00s Real=0.02s
[130.612s][info][gc,start       ] GC(100) Pause Young (Normal) (G1 Evacuation Pause)
[130.612s][info][gc,task        ] GC(100) Using 6 workers of 6 for evacuation
[130.613s][info][gc,phases      ] GC(100)   Pre Evacuate Collection Set: 0.1ms
[130.613s][info][gc,phases      ] GC(100)   Merge Heap Roots: 0.1ms
[130.613s][info][gc,phases      ] GC(100)   Evacuate Collection Set: 0.5ms
[130.613s][info][gc,phases      ] GC(100)   Post Evacuate Collection Set: 0.4ms
[130.613s][info][gc,phases      ] GC(100)   Other: 0.2ms
[130.613s][info][gc,heap        ] GC(100) Eden regions: 1228->0(1227)
[130.613s][info][gc,heap        ] GC(100) Survivor regions: 0->1(154)
[130.613s][info][gc,heap        ] GC(100) Old regions: 20->20
[130.613s][info][gc,heap        ] GC(100) Archive regions: 0->0
[130.613s][info][gc,heap        ] GC(100) Humongous regions: 0->0
[130.613s][info][gc,metaspace   ] GC(100) Metaspace: 51603K(52160K)->51603K(52160K) NonClass: 44196K(44416K)->44196K(44416K) Class: 7406K(7744K)->7406K(7744K)
[130.613s][info][gc             ] GC(100) Pause Young (Normal) (G1 Evacuation Pause) 1243M->16M(2048M) 1.486ms
[130.613s][info][gc,cpu         ] GC(100) User=0.08s Sys=0.02s Real=0.00s
[132.188s][info][gc,start       ] GC(101) Pause Young (Normal) (G1 Evacuation Pause)
[132.188s][info][gc,task        ] GC(101) Using 6 workers of 6 for evacuation
[132.190s][info][gc,phases      ] GC(101)   Pre Evacuate Collection Set: 0.1ms
[132.190s][info][gc,phases      ] GC(101)   Merge Heap Roots: 0.1ms
[132.190s][info][gc,phases      ] GC(101)   Evacuate Collection Set: 0.6ms
[132.190s][info][gc,phases      ] GC(101)   Post Evacuate Collection Set: 0.5ms
[132.190s][info][gc,phases      ] GC(101)   Other: 0.2ms
[132.190s][info][gc,heap        ] GC(101) Eden regions: 1227->0(1227)
[132.190s][info][gc,heap        ] GC(101) Survivor regions: 1->1(154)
[132.190s][info][gc,heap        ] GC(101) Old regions: 20->20
[132.190s][info][gc,heap        ] GC(101) Archive regions: 0->0
[132.190s][info][gc,heap        ] GC(101) Humongous regions: 0->0
[132.190s][info][gc,metaspace   ] GC(101) Metaspace: 51603K(52160K)->51603K(52160K) NonClass: 44196K(44416K)->44196K(44416K) Class: 7406K(7744K)->7406K(7744K)
[132.190s][info][gc             ] GC(101) Pause Young (Normal) (G1 Evacuation Pause) 1243M->16M(2048M) 1.604ms
[132.190s][info][gc,cpu         ] GC(101) User=0.00s Sys=0.00s Real=0.00s
[132.594s][info][gc,start       ] GC(102) Pause Full (System.gc())
[132.594s][info][gc,task        ] GC(102) Using 6 workers of 6 for full compaction
[132.594s][info][gc,phases,start] GC(102) Phase 1: Mark live objects
[132.601s][info][gc,phases      ] GC(102) Phase 1: Mark live objects 6.837ms
[132.601s][info][gc,phases,start] GC(102) Phase 2: Prepare for compaction
[132.602s][info][gc,phases      ] GC(102) Phase 2: Prepare for compaction 1.330ms
[132.602s][info][gc,phases,start] GC(102) Phase 3: Adjust pointers
[132.609s][info][gc,phases      ] GC(102) Phase 3: Adjust pointers 6.501ms
[132.609s][info][gc,phases,start] GC(102) Phase 4: Compact heap
[132.610s][info][gc,phases      ] GC(102) Phase 4: Compact heap 0.689ms
[132.618s][info][gc,heap        ] GC(102) Eden regions: 308->0(1228)
[132.618s][info][gc,heap        ] GC(102) Survivor regions: 1->0(154)
[132.618s][info][gc,heap        ] GC(102) Old regions: 20->19
[132.618s][info][gc,heap        ] GC(102) Archive regions: 0->0
[132.618s][info][gc,heap        ] GC(102) Humongous regions: 0->0
[132.618s][info][gc,metaspace   ] GC(102) Metaspace: 51625K(52160K)->51625K(52160K) NonClass: 44218K(44416K)->44218K(44416K) Class: 7406K(7744K)->7406K(7744K)
[132.618s][info][gc             ] GC(102) Pause Full (System.gc()) 324M->15M(2048M) 24.760ms
[132.618s][info][gc,cpu         ] GC(102) User=0.19s Sys=0.00s Real=0.03s
[134.200s][info][gc,start       ] GC(103) Pause Young (Normal) (G1 Evacuation Pause)
[134.200s][info][gc,task        ] GC(103) Using 6 workers of 6 for evacuation
[134.201s][info][gc,phases      ] GC(103)   Pre Evacuate Collection Set: 0.1ms
[134.201s][info][gc,phases      ] GC(103)   Merge Heap Roots: 0.1ms
[134.201s][info][gc,phases      ] GC(103)   Evacuate Collection Set: 0.5ms
[134.201s][info][gc,phases      ] GC(103)   Post Evacuate Collection Set: 0.5ms
[134.201s][info][gc,phases      ] GC(103)   Other: 0.2ms
[134.201s][info][gc,heap        ] GC(103) Eden regions: 1228->0(1227)
[134.201s][info][gc,heap        ] GC(103) Survivor regions: 0->1(154)
[134.201s][info][gc,heap        ] GC(103) Old regions: 19->19
[134.201s][info][gc,heap        ] GC(103) Archive regions: 0->0
[134.201s][info][gc,heap        ] GC(103) Humongous regions: 0->0
[134.201s][info][gc,metaspace   ] GC(103) Metaspace: 51654K(52160K)->51654K(52160K) NonClass: 44247K(44416K)->44247K(44416K) Class: 7406K(7744K)->7406K(7744K)
[134.201s][info][gc             ] GC(103) Pause Young (Normal) (G1 Evacuation Pause) 1243M->16M(2048M) 1.519ms
[134.202s][info][gc,cpu         ] GC(103) User=0.00s Sys=0.00s Real=0.00s
[135.735s][info][gc,start       ] GC(104) Pause Young (Normal) (G1 Evacuation Pause)
[135.735s][info][gc,task        ] GC(104) Using 6 workers of 6 for evacuation
[135.737s][info][gc,phases      ] GC(104)   Pre Evacuate Collection Set: 0.1ms
[135.737s][info][gc,phases      ] GC(104)   Merge Heap Roots: 0.1ms
[135.737s][info][gc,phases      ] GC(104)   Evacuate Collection Set: 0.6ms
[135.737s][info][gc,phases      ] GC(104)   Post Evacuate Collection Set: 0.4ms
[135.737s][info][gc,phases      ] GC(104)   Other: 0.2ms
[135.737s][info][gc,heap        ] GC(104) Eden regions: 1227->0(1227)
[135.737s][info][gc,heap        ] GC(104) Survivor regions: 1->1(154)
[135.737s][info][gc,heap        ] GC(104) Old regions: 19->19
[135.737s][info][gc,heap        ] GC(104) Archive regions: 0->0
[135.737s][info][gc,heap        ] GC(104) Humongous regions: 0->0
[135.737s][info][gc,metaspace   ] GC(104) Metaspace: 51654K(52160K)->51654K(52160K) NonClass: 44247K(44416K)->44247K(44416K) Class: 7406K(7744K)->7406K(7744K)
[135.737s][info][gc             ] GC(104) Pause Young (Normal) (G1 Evacuation Pause) 1243M->16M(2048M) 1.500ms
[135.737s][info][gc,cpu         ] GC(104) User=0.00s Sys=0.00s Real=0.00s
[136.133s][info][gc,start       ] GC(105) Pause Full (System.gc())
[136.133s][info][gc,task        ] GC(105) Using 6 workers of 6 for full compaction
[136.134s][info][gc,phases,start] GC(105) Phase 1: Mark live objects
[136.141s][info][gc,phases      ] GC(105) Phase 1: Mark live objects 7.715ms
[136.141s][info][gc,phases,start] GC(105) Phase 2: Prepare for compaction
[136.143s][info][gc,phases      ] GC(105) Phase 2: Prepare for compaction 1.456ms
[136.143s][info][gc,phases,start] GC(105) Phase 3: Adjust pointers
[136.149s][info][gc,phases      ] GC(105) Phase 3: Adjust pointers 6.471ms
[136.149s][info][gc,phases,start] GC(105) Phase 4: Compact heap
[136.150s][info][gc,phases      ] GC(105) Phase 4: Compact heap 0.873ms
[136.160s][info][gc,heap        ] GC(105) Eden regions: 307->0(1228)
[136.160s][info][gc,heap        ] GC(105) Survivor regions: 1->0(154)
[136.160s][info][gc,heap        ] GC(105) Old regions: 19->19
[136.160s][info][gc,heap        ] GC(105) Archive regions: 0->0
[136.160s][info][gc,heap        ] GC(105) Humongous regions: 0->0
[136.160s][info][gc,metaspace   ] GC(105) Metaspace: 51656K(52160K)->51656K(52160K) NonClass: 44249K(44416K)->44249K(44416K) Class: 7406K(7744K)->7406K(7744K)
[136.160s][info][gc             ] GC(105) Pause Full (System.gc()) 323M->15M(2048M) 26.559ms
[136.160s][info][gc,cpu         ] GC(105) User=0.09s Sys=0.00s Real=0.03s
[137.763s][info][gc,start       ] GC(106) Pause Young (Normal) (G1 Evacuation Pause)
[137.763s][info][gc,task        ] GC(106) Using 6 workers of 6 for evacuation
[137.764s][info][gc,phases      ] GC(106)   Pre Evacuate Collection Set: 0.1ms
[137.764s][info][gc,phases      ] GC(106)   Merge Heap Roots: 0.1ms
[137.764s][info][gc,phases      ] GC(106)   Evacuate Collection Set: 0.6ms
[137.764s][info][gc,phases      ] GC(106)   Post Evacuate Collection Set: 0.4ms
[137.764s][info][gc,phases      ] GC(106)   Other: 0.2ms
[137.764s][info][gc,heap        ] GC(106) Eden regions: 1228->0(1227)
[137.764s][info][gc,heap        ] GC(106) Survivor regions: 0->1(154)
[137.764s][info][gc,heap        ] GC(106) Old regions: 19->19
[137.764s][info][gc,heap        ] GC(106) Archive regions: 0->0
[137.764s][info][gc,heap        ] GC(106) Humongous regions: 0->0
[137.764s][info][gc,metaspace   ] GC(106) Metaspace: 51672K(52224K)->51672K(52224K) NonClass: 44265K(44480K)->44265K(44480K) Class: 7406K(7744K)->7406K(7744K)
[137.764s][info][gc             ] GC(106) Pause Young (Normal) (G1 Evacuation Pause) 1243M->16M(2048M) 1.526ms
[137.764s][info][gc,cpu         ] GC(106) User=0.00s Sys=0.00s Real=0.00s
[139.355s][info][gc,start       ] GC(107) Pause Young (Normal) (G1 Evacuation Pause)
[139.355s][info][gc,task        ] GC(107) Using 6 workers of 6 for evacuation
[139.357s][info][gc,phases      ] GC(107)   Pre Evacuate Collection Set: 0.1ms
[139.357s][info][gc,phases      ] GC(107)   Merge Heap Roots: 0.1ms
[139.357s][info][gc,phases      ] GC(107)   Evacuate Collection Set: 0.5ms
[139.357s][info][gc,phases      ] GC(107)   Post Evacuate Collection Set: 0.4ms
[139.357s][info][gc,phases      ] GC(107)   Other: 0.2ms
[139.357s][info][gc,heap        ] GC(107) Eden regions: 1227->0(1227)
[139.357s][info][gc,heap        ] GC(107) Survivor regions: 1->1(154)
[139.357s][info][gc,heap        ] GC(107) Old regions: 19->19
[139.357s][info][gc,heap        ] GC(107) Archive regions: 0->0
[139.357s][info][gc,heap        ] GC(107) Humongous regions: 0->0
[139.357s][info][gc,metaspace   ] GC(107) Metaspace: 51672K(52224K)->51672K(52224K) NonClass: 44265K(44480K)->44265K(44480K) Class: 7406K(7744K)->7406K(7744K)
[139.357s][info][gc             ] GC(107) Pause Young (Normal) (G1 Evacuation Pause) 1243M->16M(2048M) 1.464ms
[139.357s][info][gc,cpu         ] GC(107) User=0.00s Sys=0.00s Real=0.00s
[139.763s][info][gc,start       ] GC(108) Pause Full (System.gc())
[139.763s][info][gc,task        ] GC(108) Using 6 workers of 6 for full compaction
[139.764s][info][gc,phases,start] GC(108) Phase 1: Mark live objects
[139.770s][info][gc,phases      ] GC(108) Phase 1: Mark live objects 6.484ms
[139.770s][info][gc,phases,start] GC(108) Phase 2: Prepare for compaction
[139.772s][info][gc,phases      ] GC(108) Phase 2: Prepare for compaction 1.588ms
[139.772s][info][gc,phases,start] GC(108) Phase 3: Adjust pointers
[139.779s][info][gc,phases      ] GC(108) Phase 3: Adjust pointers 6.825ms
[139.779s][info][gc,phases,start] GC(108) Phase 4: Compact heap
[139.779s][info][gc,phases      ] GC(108) Phase 4: Compact heap 0.662ms
[139.789s][info][gc,heap        ] GC(108) Eden regions: 308->0(1228)
[139.789s][info][gc,heap        ] GC(108) Survivor regions: 1->0(154)
[139.789s][info][gc,heap        ] GC(108) Old regions: 19->19
[139.789s][info][gc,heap        ] GC(108) Archive regions: 0->0
[139.789s][info][gc,heap        ] GC(108) Humongous regions: 0->0
[139.789s][info][gc,metaspace   ] GC(108) Metaspace: 51675K(52224K)->51675K(52224K) NonClass: 44268K(44480K)->44268K(44480K) Class: 7406K(7744K)->7406K(7744K)
[139.789s][info][gc             ] GC(108) Pause Full (System.gc()) 323M->15M(2048M) 25.500ms
[139.789s][info][gc,cpu         ] GC(108) User=0.09s Sys=0.02s Real=0.03s
[141.389s][info][gc,start       ] GC(109) Pause Young (Normal) (G1 Evacuation Pause)
[141.389s][info][gc,task        ] GC(109) Using 6 workers of 6 for evacuation
[141.390s][info][gc,phases      ] GC(109)   Pre Evacuate Collection Set: 0.1ms
[141.390s][info][gc,phases      ] GC(109)   Merge Heap Roots: 0.1ms
[141.390s][info][gc,phases      ] GC(109)   Evacuate Collection Set: 0.6ms
[141.391s][info][gc,phases      ] GC(109)   Post Evacuate Collection Set: 0.4ms
[141.391s][info][gc,phases      ] GC(109)   Other: 0.2ms
[141.391s][info][gc,heap        ] GC(109) Eden regions: 1228->0(1227)
[141.391s][info][gc,heap        ] GC(109) Survivor regions: 0->1(154)
[141.391s][info][gc,heap        ] GC(109) Old regions: 19->19
[141.391s][info][gc,heap        ] GC(109) Archive regions: 0->0
[141.391s][info][gc,heap        ] GC(109) Humongous regions: 0->0
[141.391s][info][gc,metaspace   ] GC(109) Metaspace: 51684K(52224K)->51684K(52224K) NonClass: 44277K(44480K)->44277K(44480K) Class: 7406K(7744K)->7406K(7744K)
[141.391s][info][gc             ] GC(109) Pause Young (Normal) (G1 Evacuation Pause) 1243M->16M(2048M) 1.541ms
[141.391s][info][gc,cpu         ] GC(109) User=0.00s Sys=0.00s Real=0.00s
[142.921s][info][gc,start       ] GC(110) Pause Young (Normal) (G1 Evacuation Pause)
[142.921s][info][gc,task        ] GC(110) Using 6 workers of 6 for evacuation
[142.922s][info][gc,phases      ] GC(110)   Pre Evacuate Collection Set: 0.1ms
[142.922s][info][gc,phases      ] GC(110)   Merge Heap Roots: 0.1ms
[142.922s][info][gc,phases      ] GC(110)   Evacuate Collection Set: 0.6ms
[142.922s][info][gc,phases      ] GC(110)   Post Evacuate Collection Set: 0.4ms
[142.922s][info][gc,phases      ] GC(110)   Other: 0.2ms
[142.922s][info][gc,heap        ] GC(110) Eden regions: 1227->0(1227)
[142.922s][info][gc,heap        ] GC(110) Survivor regions: 1->1(154)
[142.922s][info][gc,heap        ] GC(110) Old regions: 19->19
[142.922s][info][gc,heap        ] GC(110) Archive regions: 0->0
[142.922s][info][gc,heap        ] GC(110) Humongous regions: 0->0
[142.922s][info][gc,metaspace   ] GC(110) Metaspace: 51684K(52224K)->51684K(52224K) NonClass: 44277K(44480K)->44277K(44480K) Class: 7406K(7744K)->7406K(7744K)
[142.922s][info][gc             ] GC(110) Pause Young (Normal) (G1 Evacuation Pause) 1243M->16M(2048M) 1.513ms
[142.922s][info][gc,cpu         ] GC(110) User=0.00s Sys=0.00s Real=0.00s
[143.338s][info][gc,start       ] GC(111) Pause Full (System.gc())
[143.338s][info][gc,task        ] GC(111) Using 6 workers of 6 for full compaction
[143.338s][info][gc,phases,start] GC(111) Phase 1: Mark live objects
[143.344s][info][gc,phases      ] GC(111) Phase 1: Mark live objects 6.324ms
[143.344s][info][gc,phases,start] GC(111) Phase 2: Prepare for compaction
[143.346s][info][gc,phases      ] GC(111) Phase 2: Prepare for compaction 1.388ms
[143.346s][info][gc,phases,start] GC(111) Phase 3: Adjust pointers
[143.352s][info][gc,phases      ] GC(111) Phase 3: Adjust pointers 6.740ms
[143.353s][info][gc,phases,start] GC(111) Phase 4: Compact heap
[143.353s][info][gc,phases      ] GC(111) Phase 4: Compact heap 0.738ms
[143.362s][info][gc,heap        ] GC(111) Eden regions: 304->0(1228)
[143.362s][info][gc,heap        ] GC(111) Survivor regions: 1->0(154)
[143.362s][info][gc,heap        ] GC(111) Old regions: 19->19
[143.362s][info][gc,heap        ] GC(111) Archive regions: 0->0
[143.362s][info][gc,heap        ] GC(111) Humongous regions: 0->0
[143.362s][info][gc,metaspace   ] GC(111) Metaspace: 51687K(52224K)->51687K(52224K) NonClass: 44281K(44480K)->44281K(44480K) Class: 7406K(7744K)->7406K(7744K)
[143.362s][info][gc             ] GC(111) Pause Full (System.gc()) 320M->15M(2048M) 24.680ms
[143.362s][info][gc,cpu         ] GC(111) User=0.08s Sys=0.00s Real=0.02s
[144.926s][info][gc,start       ] GC(112) Pause Young (Normal) (G1 Evacuation Pause)
[144.926s][info][gc,task        ] GC(112) Using 6 workers of 6 for evacuation
[144.928s][info][gc,phases      ] GC(112)   Pre Evacuate Collection Set: 0.1ms
[144.928s][info][gc,phases      ] GC(112)   Merge Heap Roots: 0.1ms
[144.928s][info][gc,phases      ] GC(112)   Evacuate Collection Set: 0.6ms
[144.928s][info][gc,phases      ] GC(112)   Post Evacuate Collection Set: 0.4ms
[144.928s][info][gc,phases      ] GC(112)   Other: 0.2ms
[144.928s][info][gc,heap        ] GC(112) Eden regions: 1228->0(1227)
[144.928s][info][gc,heap        ] GC(112) Survivor regions: 0->1(154)
[144.928s][info][gc,heap        ] GC(112) Old regions: 19->19
[144.928s][info][gc,heap        ] GC(112) Archive regions: 0->0
[144.928s][info][gc,heap        ] GC(112) Humongous regions: 0->0
[144.928s][info][gc,metaspace   ] GC(112) Metaspace: 51693K(52288K)->51693K(52288K) NonClass: 44286K(44544K)->44286K(44544K) Class: 7406K(7744K)->7406K(7744K)
[144.928s][info][gc             ] GC(112) Pause Young (Normal) (G1 Evacuation Pause) 1243M->16M(2048M) 1.550ms
[144.928s][info][gc,cpu         ] GC(112) User=0.00s Sys=0.00s Real=0.00s
[146.476s][info][gc,start       ] GC(113) Pause Young (Normal) (G1 Evacuation Pause)
[146.476s][info][gc,task        ] GC(113) Using 6 workers of 6 for evacuation
[146.478s][info][gc,phases      ] GC(113)   Pre Evacuate Collection Set: 0.1ms
[146.478s][info][gc,phases      ] GC(113)   Merge Heap Roots: 0.1ms
[146.478s][info][gc,phases      ] GC(113)   Evacuate Collection Set: 0.5ms
[146.478s][info][gc,phases      ] GC(113)   Post Evacuate Collection Set: 0.5ms
[146.478s][info][gc,phases      ] GC(113)   Other: 0.2ms
[146.478s][info][gc,heap        ] GC(113) Eden regions: 1227->0(1227)
[146.478s][info][gc,heap        ] GC(113) Survivor regions: 1->1(154)
[146.478s][info][gc,heap        ] GC(113) Old regions: 19->19
[146.478s][info][gc,heap        ] GC(113) Archive regions: 0->0
[146.478s][info][gc,heap        ] GC(113) Humongous regions: 0->0
[146.478s][info][gc,metaspace   ] GC(113) Metaspace: 51693K(52288K)->51693K(52288K) NonClass: 44286K(44544K)->44286K(44544K) Class: 7406K(7744K)->7406K(7744K)
[146.478s][info][gc             ] GC(113) Pause Young (Normal) (G1 Evacuation Pause) 1243M->16M(2048M) 1.544ms
[146.478s][info][gc,cpu         ] GC(113) User=0.00s Sys=0.00s Real=0.00s
[146.879s][info][gc,start       ] GC(114) Pause Full (System.gc())
[146.879s][info][gc,task        ] GC(114) Using 6 workers of 6 for full compaction
[146.879s][info][gc,phases,start] GC(114) Phase 1: Mark live objects
[146.886s][info][gc,phases      ] GC(114) Phase 1: Mark live objects 6.970ms
[146.886s][info][gc,phases,start] GC(114) Phase 2: Prepare for compaction
[146.888s][info][gc,phases      ] GC(114) Phase 2: Prepare for compaction 1.386ms
[146.888s][info][gc,phases,start] GC(114) Phase 3: Adjust pointers
[146.894s][info][gc,phases      ] GC(114) Phase 3: Adjust pointers 6.645ms
[146.895s][info][gc,phases,start] GC(114) Phase 4: Compact heap
[146.895s][info][gc,phases      ] GC(114) Phase 4: Compact heap 0.578ms
[146.905s][info][gc,heap        ] GC(114) Eden regions: 308->0(1228)
[146.905s][info][gc,heap        ] GC(114) Survivor regions: 1->0(154)
[146.905s][info][gc,heap        ] GC(114) Old regions: 19->19
[146.905s][info][gc,heap        ] GC(114) Archive regions: 0->0
[146.905s][info][gc,heap        ] GC(114) Humongous regions: 0->0
[146.905s][info][gc,metaspace   ] GC(114) Metaspace: 51698K(52288K)->51698K(52288K) NonClass: 44291K(44544K)->44291K(44544K) Class: 7406K(7744K)->7406K(7744K)
[146.905s][info][gc             ] GC(114) Pause Full (System.gc()) 323M->15M(2048M) 25.805ms
[146.905s][info][gc,cpu         ] GC(114) User=0.02s Sys=0.00s Real=0.03s
[148.542s][info][gc,start       ] GC(115) Pause Young (Normal) (G1 Evacuation Pause)
[148.542s][info][gc,task        ] GC(115) Using 6 workers of 6 for evacuation
[148.543s][info][gc,phases      ] GC(115)   Pre Evacuate Collection Set: 0.1ms
[148.543s][info][gc,phases      ] GC(115)   Merge Heap Roots: 0.1ms
[148.544s][info][gc,phases      ] GC(115)   Evacuate Collection Set: 0.6ms
[148.544s][info][gc,phases      ] GC(115)   Post Evacuate Collection Set: 0.5ms
[148.544s][info][gc,phases      ] GC(115)   Other: 0.2ms
[148.544s][info][gc,heap        ] GC(115) Eden regions: 1228->0(1227)
[148.544s][info][gc,heap        ] GC(115) Survivor regions: 0->1(154)
[148.544s][info][gc,heap        ] GC(115) Old regions: 19->19
[148.544s][info][gc,heap        ] GC(115) Archive regions: 0->0
[148.544s][info][gc,heap        ] GC(115) Humongous regions: 0->0
[148.544s][info][gc,metaspace   ] GC(115) Metaspace: 51700K(52288K)->51700K(52288K) NonClass: 44293K(44544K)->44293K(44544K) Class: 7406K(7744K)->7406K(7744K)
[148.544s][info][gc             ] GC(115) Pause Young (Normal) (G1 Evacuation Pause) 1243M->16M(2048M) 1.598ms
[148.544s][info][gc,cpu         ] GC(115) User=0.00s Sys=0.00s Real=0.00s
[150.125s][info][gc,start       ] GC(116) Pause Young (Normal) (G1 Evacuation Pause)
[150.125s][info][gc,task        ] GC(116) Using 6 workers of 6 for evacuation
[150.126s][info][gc,phases      ] GC(116)   Pre Evacuate Collection Set: 0.1ms
[150.126s][info][gc,phases      ] GC(116)   Merge Heap Roots: 0.1ms
[150.126s][info][gc,phases      ] GC(116)   Evacuate Collection Set: 0.6ms
[150.126s][info][gc,phases      ] GC(116)   Post Evacuate Collection Set: 0.4ms
[150.126s][info][gc,phases      ] GC(116)   Other: 0.2ms
[150.126s][info][gc,heap        ] GC(116) Eden regions: 1227->0(1227)
[150.126s][info][gc,heap        ] GC(116) Survivor regions: 1->1(154)
[150.126s][info][gc,heap        ] GC(116) Old regions: 19->19
[150.126s][info][gc,heap        ] GC(116) Archive regions: 0->0
[150.126s][info][gc,heap        ] GC(116) Humongous regions: 0->0
[150.126s][info][gc,metaspace   ] GC(116) Metaspace: 51700K(52288K)->51700K(52288K) NonClass: 44293K(44544K)->44293K(44544K) Class: 7406K(7744K)->7406K(7744K)
[150.126s][info][gc             ] GC(116) Pause Young (Normal) (G1 Evacuation Pause) 1243M->16M(2048M) 1.524ms
[150.126s][info][gc,cpu         ] GC(116) User=0.00s Sys=0.00s Real=0.00s
[150.559s][info][gc,start       ] GC(117) Pause Full (System.gc())
[150.559s][info][gc,task        ] GC(117) Using 6 workers of 6 for full compaction
[150.559s][info][gc,phases,start] GC(117) Phase 1: Mark live objects
[150.566s][info][gc,phases      ] GC(117) Phase 1: Mark live objects 6.917ms
[150.566s][info][gc,phases,start] GC(117) Phase 2: Prepare for compaction
[150.568s][info][gc,phases      ] GC(117) Phase 2: Prepare for compaction 1.424ms
[150.568s][info][gc,phases,start] GC(117) Phase 3: Adjust pointers
[150.574s][info][gc,phases      ] GC(117) Phase 3: Adjust pointers 6.643ms
[150.574s][info][gc,phases,start] GC(117) Phase 4: Compact heap
[150.575s][info][gc,phases      ] GC(117) Phase 4: Compact heap 0.931ms
[150.585s][info][gc,heap        ] GC(117) Eden regions: 307->0(1228)
[150.585s][info][gc,heap        ] GC(117) Survivor regions: 1->0(154)
[150.585s][info][gc,heap        ] GC(117) Old regions: 19->19
[150.585s][info][gc,heap        ] GC(117) Archive regions: 0->0
[150.585s][info][gc,heap        ] GC(117) Humongous regions: 0->0
[150.585s][info][gc,metaspace   ] GC(117) Metaspace: 51701K(52288K)->51701K(52288K) NonClass: 44294K(44544K)->44294K(44544K) Class: 7406K(7744K)->7406K(7744K)
[150.585s][info][gc             ] GC(117) Pause Full (System.gc()) 323M->15M(2048M) 26.178ms
[150.585s][info][gc,cpu         ] GC(117) User=0.11s Sys=0.00s Real=0.02s
[152.141s][info][gc,start       ] GC(118) Pause Young (Normal) (G1 Evacuation Pause)
[152.141s][info][gc,task        ] GC(118) Using 6 workers of 6 for evacuation
[152.142s][info][gc,phases      ] GC(118)   Pre Evacuate Collection Set: 0.1ms
[152.142s][info][gc,phases      ] GC(118)   Merge Heap Roots: 0.1ms
[152.142s][info][gc,phases      ] GC(118)   Evacuate Collection Set: 0.6ms
[152.143s][info][gc,phases      ] GC(118)   Post Evacuate Collection Set: 0.4ms
[152.143s][info][gc,phases      ] GC(118)   Other: 0.2ms
[152.143s][info][gc,heap        ] GC(118) Eden regions: 1228->0(1227)
[152.143s][info][gc,heap        ] GC(118) Survivor regions: 0->1(154)
[152.143s][info][gc,heap        ] GC(118) Old regions: 19->19
[152.143s][info][gc,heap        ] GC(118) Archive regions: 0->0
[152.143s][info][gc,heap        ] GC(118) Humongous regions: 0->0
[152.143s][info][gc,metaspace   ] GC(118) Metaspace: 51707K(52288K)->51707K(52288K) NonClass: 44300K(44544K)->44300K(44544K) Class: 7406K(7744K)->7406K(7744K)
[152.143s][info][gc             ] GC(118) Pause Young (Normal) (G1 Evacuation Pause) 1243M->16M(2048M) 1.580ms
[152.143s][info][gc,cpu         ] GC(118) User=0.00s Sys=0.00s Real=0.00s
[153.693s][info][gc,start       ] GC(119) Pause Young (Normal) (G1 Evacuation Pause)
[153.693s][info][gc,task        ] GC(119) Using 6 workers of 6 for evacuation
[153.695s][info][gc,phases      ] GC(119)   Pre Evacuate Collection Set: 0.1ms
[153.695s][info][gc,phases      ] GC(119)   Merge Heap Roots: 0.2ms
[153.695s][info][gc,phases      ] GC(119)   Evacuate Collection Set: 0.5ms
[153.695s][info][gc,phases      ] GC(119)   Post Evacuate Collection Set: 0.5ms
[153.695s][info][gc,phases      ] GC(119)   Other: 0.2ms
[153.695s][info][gc,heap        ] GC(119) Eden regions: 1227->0(1227)
[153.695s][info][gc,heap        ] GC(119) Survivor regions: 1->1(154)
[153.695s][info][gc,heap        ] GC(119) Old regions: 19->19
[153.695s][info][gc,heap        ] GC(119) Archive regions: 0->0
[153.695s][info][gc,heap        ] GC(119) Humongous regions: 0->0
[153.695s][info][gc,metaspace   ] GC(119) Metaspace: 51707K(52288K)->51707K(52288K) NonClass: 44300K(44544K)->44300K(44544K) Class: 7406K(7744K)->7406K(7744K)
[153.695s][info][gc             ] GC(119) Pause Young (Normal) (G1 Evacuation Pause) 1243M->16M(2048M) 1.542ms
[153.695s][info][gc,cpu         ] GC(119) User=0.00s Sys=0.00s Real=0.00s
[154.081s][info][gc,start       ] GC(120) Pause Full (System.gc())
[154.081s][info][gc,task        ] GC(120) Using 6 workers of 6 for full compaction
[154.081s][info][gc,phases,start] GC(120) Phase 1: Mark live objects
[154.088s][info][gc,phases      ] GC(120) Phase 1: Mark live objects 6.402ms
[154.088s][info][gc,phases,start] GC(120) Phase 2: Prepare for compaction
[154.089s][info][gc,phases      ] GC(120) Phase 2: Prepare for compaction 1.723ms
[154.090s][info][gc,phases,start] GC(120) Phase 3: Adjust pointers
[154.096s][info][gc,phases      ] GC(120) Phase 3: Adjust pointers 6.884ms
[154.096s][info][gc,phases,start] GC(120) Phase 4: Compact heap
[154.097s][info][gc,phases      ] GC(120) Phase 4: Compact heap 0.719ms
[154.106s][info][gc,heap        ] GC(120) Eden regions: 304->0(1228)
[154.106s][info][gc,heap        ] GC(120) Survivor regions: 1->0(154)
[154.106s][info][gc,heap        ] GC(120) Old regions: 19->20
[154.106s][info][gc,heap        ] GC(120) Archive regions: 0->0
[154.106s][info][gc,heap        ] GC(120) Humongous regions: 0->0
[154.106s][info][gc,metaspace   ] GC(120) Metaspace: 51707K(52288K)->51707K(52288K) NonClass: 44300K(44544K)->44300K(44544K) Class: 7406K(7744K)->7406K(7744K)
[154.106s][info][gc             ] GC(120) Pause Full (System.gc()) 320M->15M(2048M) 25.421ms
[154.106s][info][gc,cpu         ] GC(120) User=0.02s Sys=0.00s Real=0.03s
[155.729s][info][gc,start       ] GC(121) Pause Young (Normal) (G1 Evacuation Pause)
[155.729s][info][gc,task        ] GC(121) Using 6 workers of 6 for evacuation
[155.731s][info][gc,phases      ] GC(121)   Pre Evacuate Collection Set: 0.1ms
[155.731s][info][gc,phases      ] GC(121)   Merge Heap Roots: 0.1ms
[155.731s][info][gc,phases      ] GC(121)   Evacuate Collection Set: 0.7ms
[155.731s][info][gc,phases      ] GC(121)   Post Evacuate Collection Set: 0.5ms
[155.731s][info][gc,phases      ] GC(121)   Other: 0.2ms
[155.731s][info][gc,heap        ] GC(121) Eden regions: 1228->0(1227)
[155.731s][info][gc,heap        ] GC(121) Survivor regions: 0->1(154)
[155.731s][info][gc,heap        ] GC(121) Old regions: 20->20
[155.731s][info][gc,heap        ] GC(121) Archive regions: 0->0
[155.731s][info][gc,heap        ] GC(121) Humongous regions: 0->0
[155.731s][info][gc,metaspace   ] GC(121) Metaspace: 51713K(52288K)->51713K(52288K) NonClass: 44306K(44544K)->44306K(44544K) Class: 7406K(7744K)->7406K(7744K)
[155.731s][info][gc             ] GC(121) Pause Young (Normal) (G1 Evacuation Pause) 1243M->16M(2048M) 1.668ms
[155.731s][info][gc,cpu         ] GC(121) User=0.00s Sys=0.00s Real=0.00s
[157.304s][info][gc,start       ] GC(122) Pause Young (Normal) (G1 Evacuation Pause)
[157.304s][info][gc,task        ] GC(122) Using 6 workers of 6 for evacuation
[157.306s][info][gc,phases      ] GC(122)   Pre Evacuate Collection Set: 0.1ms
[157.306s][info][gc,phases      ] GC(122)   Merge Heap Roots: 0.1ms
[157.306s][info][gc,phases      ] GC(122)   Evacuate Collection Set: 0.5ms
[157.306s][info][gc,phases      ] GC(122)   Post Evacuate Collection Set: 0.4ms
[157.306s][info][gc,phases      ] GC(122)   Other: 0.2ms
[157.306s][info][gc,heap        ] GC(122) Eden regions: 1227->0(1227)
[157.306s][info][gc,heap        ] GC(122) Survivor regions: 1->1(154)
[157.306s][info][gc,heap        ] GC(122) Old regions: 20->20
[157.306s][info][gc,heap        ] GC(122) Archive regions: 0->0
[157.306s][info][gc,heap        ] GC(122) Humongous regions: 0->0
[157.306s][info][gc,metaspace   ] GC(122) Metaspace: 51713K(52288K)->51713K(52288K) NonClass: 44306K(44544K)->44306K(44544K) Class: 7406K(7744K)->7406K(7744K)
[157.306s][info][gc             ] GC(122) Pause Young (Normal) (G1 Evacuation Pause) 1243M->16M(2048M) 1.419ms
[157.306s][info][gc,cpu         ] GC(122) User=0.00s Sys=0.00s Real=0.00s
[157.708s][info][gc,start       ] GC(123) Pause Full (System.gc())
[157.708s][info][gc,task        ] GC(123) Using 6 workers of 6 for full compaction
[157.708s][info][gc,phases,start] GC(123) Phase 1: Mark live objects
[157.715s][info][gc,phases      ] GC(123) Phase 1: Mark live objects 6.345ms
[157.715s][info][gc,phases,start] GC(123) Phase 2: Prepare for compaction
[157.716s][info][gc,phases      ] GC(123) Phase 2: Prepare for compaction 1.397ms
[157.716s][info][gc,phases,start] GC(123) Phase 3: Adjust pointers
[157.723s][info][gc,phases      ] GC(123) Phase 3: Adjust pointers 6.738ms
[157.723s][info][gc,phases,start] GC(123) Phase 4: Compact heap
[157.724s][info][gc,phases      ] GC(123) Phase 4: Compact heap 0.689ms
[157.733s][info][gc,heap        ] GC(123) Eden regions: 308->0(1228)
[157.733s][info][gc,heap        ] GC(123) Survivor regions: 1->0(154)
[157.733s][info][gc,heap        ] GC(123) Old regions: 20->19
[157.733s][info][gc,heap        ] GC(123) Archive regions: 0->0
[157.733s][info][gc,heap        ] GC(123) Humongous regions: 0->0
[157.733s][info][gc,metaspace   ] GC(123) Metaspace: 51713K(52288K)->51713K(52288K) NonClass: 44307K(44544K)->44307K(44544K) Class: 7406K(7744K)->7406K(7744K)
[157.733s][info][gc             ] GC(123) Pause Full (System.gc()) 323M->15M(2048M) 24.969ms
[157.733s][info][gc,cpu         ] GC(123) User=0.00s Sys=0.02s Real=0.03s
[159.332s][info][gc,start       ] GC(124) Pause Young (Normal) (G1 Evacuation Pause)
[159.332s][info][gc,task        ] GC(124) Using 6 workers of 6 for evacuation
[159.334s][info][gc,phases      ] GC(124)   Pre Evacuate Collection Set: 0.1ms
[159.334s][info][gc,phases      ] GC(124)   Merge Heap Roots: 0.1ms
[159.334s][info][gc,phases      ] GC(124)   Evacuate Collection Set: 0.6ms
[159.334s][info][gc,phases      ] GC(124)   Post Evacuate Collection Set: 0.5ms
[159.334s][info][gc,phases      ] GC(124)   Other: 0.2ms
[159.334s][info][gc,heap        ] GC(124) Eden regions: 1228->0(1227)
[159.334s][info][gc,heap        ] GC(124) Survivor regions: 0->1(154)
[159.334s][info][gc,heap        ] GC(124) Old regions: 19->19
[159.334s][info][gc,heap        ] GC(124) Archive regions: 0->0
[159.334s][info][gc,heap        ] GC(124) Humongous regions: 0->0
[159.334s][info][gc,metaspace   ] GC(124) Metaspace: 51724K(52288K)->51724K(52288K) NonClass: 44317K(44544K)->44317K(44544K) Class: 7406K(7744K)->7406K(7744K)
[159.334s][info][gc             ] GC(124) Pause Young (Normal) (G1 Evacuation Pause) 1243M->16M(2048M) 1.578ms
[159.334s][info][gc,cpu         ] GC(124) User=0.00s Sys=0.00s Real=0.00s
[160.873s][info][gc,start       ] GC(125) Pause Young (Normal) (G1 Evacuation Pause)
[160.873s][info][gc,task        ] GC(125) Using 6 workers of 6 for evacuation
[160.874s][info][gc,phases      ] GC(125)   Pre Evacuate Collection Set: 0.1ms
[160.874s][info][gc,phases      ] GC(125)   Merge Heap Roots: 0.1ms
[160.874s][info][gc,phases      ] GC(125)   Evacuate Collection Set: 0.6ms
[160.874s][info][gc,phases      ] GC(125)   Post Evacuate Collection Set: 0.4ms
[160.874s][info][gc,phases      ] GC(125)   Other: 0.2ms
[160.874s][info][gc,heap        ] GC(125) Eden regions: 1227->0(1227)
[160.874s][info][gc,heap        ] GC(125) Survivor regions: 1->1(154)
[160.874s][info][gc,heap        ] GC(125) Old regions: 19->19
[160.874s][info][gc,heap        ] GC(125) Archive regions: 0->0
[160.874s][info][gc,heap        ] GC(125) Humongous regions: 0->0
[160.874s][info][gc,metaspace   ] GC(125) Metaspace: 51724K(52288K)->51724K(52288K) NonClass: 44317K(44544K)->44317K(44544K) Class: 7406K(7744K)->7406K(7744K)
[160.874s][info][gc             ] GC(125) Pause Young (Normal) (G1 Evacuation Pause) 1243M->16M(2048M) 1.523ms
[160.874s][info][gc,cpu         ] GC(125) User=0.00s Sys=0.00s Real=0.00s
[161.283s][info][gc,start       ] GC(126) Pause Full (System.gc())
[161.283s][info][gc,task        ] GC(126) Using 6 workers of 6 for full compaction
[161.283s][info][gc,phases,start] GC(126) Phase 1: Mark live objects
[161.290s][info][gc,phases      ] GC(126) Phase 1: Mark live objects 6.673ms
[161.290s][info][gc,phases,start] GC(126) Phase 2: Prepare for compaction
[161.291s][info][gc,phases      ] GC(126) Phase 2: Prepare for compaction 1.409ms
[161.291s][info][gc,phases,start] GC(126) Phase 3: Adjust pointers
[161.298s][info][gc,phases      ] GC(126) Phase 3: Adjust pointers 6.652ms
[161.298s][info][gc,phases,start] GC(126) Phase 4: Compact heap
[161.299s][info][gc,phases      ] GC(126) Phase 4: Compact heap 0.771ms
[161.308s][info][gc,heap        ] GC(126) Eden regions: 306->0(1228)
[161.308s][info][gc,heap        ] GC(126) Survivor regions: 1->0(154)
[161.309s][info][gc,heap        ] GC(126) Old regions: 19->19
[161.309s][info][gc,heap        ] GC(126) Archive regions: 0->0
[161.309s][info][gc,heap        ] GC(126) Humongous regions: 0->0
[161.309s][info][gc,metaspace   ] GC(126) Metaspace: 51733K(52288K)->51733K(52288K) NonClass: 44326K(44544K)->44326K(44544K) Class: 7406K(7744K)->7406K(7744K)
[161.309s][info][gc             ] GC(126) Pause Full (System.gc()) 322M->15M(2048M) 25.829ms
[161.309s][info][gc,cpu         ] GC(126) User=0.17s Sys=0.00s Real=0.03s
[162.873s][info][gc,start       ] GC(127) Pause Young (Normal) (G1 Evacuation Pause)
[162.873s][info][gc,task        ] GC(127) Using 6 workers of 6 for evacuation
[162.875s][info][gc,phases      ] GC(127)   Pre Evacuate Collection Set: 0.1ms
[162.875s][info][gc,phases      ] GC(127)   Merge Heap Roots: 0.1ms
[162.875s][info][gc,phases      ] GC(127)   Evacuate Collection Set: 0.6ms
[162.875s][info][gc,phases      ] GC(127)   Post Evacuate Collection Set: 0.4ms
[162.875s][info][gc,phases      ] GC(127)   Other: 0.2ms
[162.875s][info][gc,heap        ] GC(127) Eden regions: 1228->0(1227)
[162.875s][info][gc,heap        ] GC(127) Survivor regions: 0->1(154)
[162.875s][info][gc,heap        ] GC(127) Old regions: 19->19
[162.875s][info][gc,heap        ] GC(127) Archive regions: 0->0
[162.875s][info][gc,heap        ] GC(127) Humongous regions: 0->0
[162.875s][info][gc,metaspace   ] GC(127) Metaspace: 51752K(52288K)->51752K(52288K) NonClass: 44346K(44544K)->44346K(44544K) Class: 7406K(7744K)->7406K(7744K)
[162.875s][info][gc             ] GC(127) Pause Young (Normal) (G1 Evacuation Pause) 1243M->16M(2048M) 1.525ms
[162.875s][info][gc,cpu         ] GC(127) User=0.00s Sys=0.00s Real=0.00s
[164.436s][info][gc,start       ] GC(128) Pause Young (Normal) (G1 Evacuation Pause)
[164.436s][info][gc,task        ] GC(128) Using 6 workers of 6 for evacuation
[164.437s][info][gc,phases      ] GC(128)   Pre Evacuate Collection Set: 0.1ms
[164.437s][info][gc,phases      ] GC(128)   Merge Heap Roots: 0.1ms
[164.437s][info][gc,phases      ] GC(128)   Evacuate Collection Set: 0.5ms
[164.437s][info][gc,phases      ] GC(128)   Post Evacuate Collection Set: 0.4ms
[164.437s][info][gc,phases      ] GC(128)   Other: 0.2ms
[164.437s][info][gc,heap        ] GC(128) Eden regions: 1227->0(1227)
[164.437s][info][gc,heap        ] GC(128) Survivor regions: 1->1(154)
[164.437s][info][gc,heap        ] GC(128) Old regions: 19->19
[164.437s][info][gc,heap        ] GC(128) Archive regions: 0->0
[164.437s][info][gc,heap        ] GC(128) Humongous regions: 0->0
[164.437s][info][gc,metaspace   ] GC(128) Metaspace: 51752K(52288K)->51752K(52288K) NonClass: 44346K(44544K)->44346K(44544K) Class: 7406K(7744K)->7406K(7744K)
[164.437s][info][gc             ] GC(128) Pause Young (Normal) (G1 Evacuation Pause) 1243M->16M(2048M) 1.444ms
[164.437s][info][gc,cpu         ] GC(128) User=0.00s Sys=0.00s Real=0.00s
[164.831s][info][gc,start       ] GC(129) Pause Full (System.gc())
[164.831s][info][gc,task        ] GC(129) Using 6 workers of 6 for full compaction
[164.831s][info][gc,phases,start] GC(129) Phase 1: Mark live objects
[164.838s][info][gc,phases      ] GC(129) Phase 1: Mark live objects 6.734ms
[164.838s][info][gc,phases,start] GC(129) Phase 2: Prepare for compaction
[164.839s][info][gc,phases      ] GC(129) Phase 2: Prepare for compaction 1.368ms
[164.839s][info][gc,phases,start] GC(129) Phase 3: Adjust pointers
[164.846s][info][gc,phases      ] GC(129) Phase 3: Adjust pointers 6.729ms
[164.846s][info][gc,phases,start] GC(129) Phase 4: Compact heap
[164.847s][info][gc,phases      ] GC(129) Phase 4: Compact heap 0.753ms
[164.856s][info][gc,heap        ] GC(129) Eden regions: 306->0(1228)
[164.856s][info][gc,heap        ] GC(129) Survivor regions: 1->0(154)
[164.856s][info][gc,heap        ] GC(129) Old regions: 19->20
[164.856s][info][gc,heap        ] GC(129) Archive regions: 0->0
[164.856s][info][gc,heap        ] GC(129) Humongous regions: 0->0
[164.856s][info][gc,metaspace   ] GC(129) Metaspace: 51763K(52288K)->51763K(52288K) NonClass: 44356K(44544K)->44356K(44544K) Class: 7406K(7744K)->7406K(7744K)
[164.856s][info][gc             ] GC(129) Pause Full (System.gc()) 322M->15M(2048M) 25.330ms
[164.856s][info][gc,cpu         ] GC(129) User=0.05s Sys=0.02s Real=0.02s
[166.454s][info][gc,start       ] GC(130) Pause Young (Normal) (G1 Evacuation Pause)
[166.454s][info][gc,task        ] GC(130) Using 6 workers of 6 for evacuation
[166.455s][info][gc,phases      ] GC(130)   Pre Evacuate Collection Set: 0.1ms
[166.456s][info][gc,phases      ] GC(130)   Merge Heap Roots: 0.1ms
[166.456s][info][gc,phases      ] GC(130)   Evacuate Collection Set: 0.6ms
[166.456s][info][gc,phases      ] GC(130)   Post Evacuate Collection Set: 0.4ms
[166.456s][info][gc,phases      ] GC(130)   Other: 0.2ms
[166.456s][info][gc,heap        ] GC(130) Eden regions: 1228->0(1227)
[166.456s][info][gc,heap        ] GC(130) Survivor regions: 0->1(154)
[166.456s][info][gc,heap        ] GC(130) Old regions: 20->20
[166.456s][info][gc,heap        ] GC(130) Archive regions: 0->0
[166.456s][info][gc,heap        ] GC(130) Humongous regions: 0->0
[166.456s][info][gc,metaspace   ] GC(130) Metaspace: 51822K(52352K)->51822K(52352K) NonClass: 44416K(44608K)->44416K(44608K) Class: 7406K(7744K)->7406K(7744K)
[166.456s][info][gc             ] GC(130) Pause Young (Normal) (G1 Evacuation Pause) 1243M->16M(2048M) 1.502ms
[166.456s][info][gc,cpu         ] GC(130) User=0.00s Sys=0.00s Real=0.00s
[168.081s][info][gc,start       ] GC(131) Pause Young (Normal) (G1 Evacuation Pause)
[168.081s][info][gc,task        ] GC(131) Using 6 workers of 6 for evacuation
[168.083s][info][gc,phases      ] GC(131)   Pre Evacuate Collection Set: 0.1ms
[168.083s][info][gc,phases      ] GC(131)   Merge Heap Roots: 0.1ms
[168.083s][info][gc,phases      ] GC(131)   Evacuate Collection Set: 0.6ms
[168.083s][info][gc,phases      ] GC(131)   Post Evacuate Collection Set: 0.6ms
[168.083s][info][gc,phases      ] GC(131)   Other: 0.2ms
[168.083s][info][gc,heap        ] GC(131) Eden regions: 1227->0(1227)
[168.083s][info][gc,heap        ] GC(131) Survivor regions: 1->1(154)
[168.083s][info][gc,heap        ] GC(131) Old regions: 20->20
[168.083s][info][gc,heap        ] GC(131) Archive regions: 0->0
[168.083s][info][gc,heap        ] GC(131) Humongous regions: 0->0
[168.083s][info][gc,metaspace   ] GC(131) Metaspace: 51822K(52352K)->51822K(52352K) NonClass: 44416K(44608K)->44416K(44608K) Class: 7406K(7744K)->7406K(7744K)
[168.083s][info][gc             ] GC(131) Pause Young (Normal) (G1 Evacuation Pause) 1243M->16M(2048M) 1.762ms
[168.083s][info][gc,cpu         ] GC(131) User=0.00s Sys=0.00s Real=0.00s
[168.614s][info][gc,start       ] GC(132) Pause Full (System.gc())
[168.614s][info][gc,task        ] GC(132) Using 6 workers of 6 for full compaction
[168.614s][info][gc,phases,start] GC(132) Phase 1: Mark live objects
[168.621s][info][gc,phases      ] GC(132) Phase 1: Mark live objects 6.992ms
[168.621s][info][gc,phases,start] GC(132) Phase 2: Prepare for compaction
[168.622s][info][gc,phases      ] GC(132) Phase 2: Prepare for compaction 1.465ms
[168.622s][info][gc,phases,start] GC(132) Phase 3: Adjust pointers
[168.629s][info][gc,phases      ] GC(132) Phase 3: Adjust pointers 6.866ms
[168.629s][info][gc,phases,start] GC(132) Phase 4: Compact heap
[168.630s][info][gc,phases      ] GC(132) Phase 4: Compact heap 0.523ms
[168.639s][info][gc,heap        ] GC(132) Eden regions: 305->0(1228)
[168.639s][info][gc,heap        ] GC(132) Survivor regions: 1->0(154)
[168.639s][info][gc,heap        ] GC(132) Old regions: 20->19
[168.639s][info][gc,heap        ] GC(132) Archive regions: 0->0
[168.639s][info][gc,heap        ] GC(132) Humongous regions: 0->0
[168.639s][info][gc,metaspace   ] GC(132) Metaspace: 51881K(52416K)->51881K(52416K) NonClass: 44474K(44672K)->44474K(44672K) Class: 7406K(7744K)->7406K(7744K)
[168.639s][info][gc             ] GC(132) Pause Full (System.gc()) 321M->15M(2048M) 25.918ms
[168.639s][info][gc,cpu         ] GC(132) User=0.02s Sys=0.00s Real=0.02s
[170.287s][info][gc,start       ] GC(133) Pause Young (Normal) (G1 Evacuation Pause)
[170.287s][info][gc,task        ] GC(133) Using 6 workers of 6 for evacuation
[170.289s][info][gc,phases      ] GC(133)   Pre Evacuate Collection Set: 0.1ms
[170.289s][info][gc,phases      ] GC(133)   Merge Heap Roots: 0.1ms
[170.289s][info][gc,phases      ] GC(133)   Evacuate Collection Set: 0.5ms
[170.289s][info][gc,phases      ] GC(133)   Post Evacuate Collection Set: 0.5ms
[170.289s][info][gc,phases      ] GC(133)   Other: 0.2ms
[170.289s][info][gc,heap        ] GC(133) Eden regions: 1228->0(1227)
[170.289s][info][gc,heap        ] GC(133) Survivor regions: 0->1(154)
[170.289s][info][gc,heap        ] GC(133) Old regions: 19->19
[170.289s][info][gc,heap        ] GC(133) Archive regions: 0->0
[170.289s][info][gc,heap        ] GC(133) Humongous regions: 0->0
[170.289s][info][gc,metaspace   ] GC(133) Metaspace: 51976K(52480K)->51976K(52480K) NonClass: 44570K(44736K)->44570K(44736K) Class: 7406K(7744K)->7406K(7744K)
[170.289s][info][gc             ] GC(133) Pause Young (Normal) (G1 Evacuation Pause) 1243M->16M(2048M) 1.447ms
[170.289s][info][gc,cpu         ] GC(133) User=0.00s Sys=0.00s Real=0.00s
[171.820s][info][gc,start       ] GC(134) Pause Young (Normal) (G1 Evacuation Pause)
[171.820s][info][gc,task        ] GC(134) Using 6 workers of 6 for evacuation
[171.821s][info][gc,phases      ] GC(134)   Pre Evacuate Collection Set: 0.1ms
[171.821s][info][gc,phases      ] GC(134)   Merge Heap Roots: 0.1ms
[171.821s][info][gc,phases      ] GC(134)   Evacuate Collection Set: 0.5ms
[171.821s][info][gc,phases      ] GC(134)   Post Evacuate Collection Set: 0.4ms
[171.821s][info][gc,phases      ] GC(134)   Other: 0.2ms
[171.821s][info][gc,heap        ] GC(134) Eden regions: 1227->0(1227)
[171.821s][info][gc,heap        ] GC(134) Survivor regions: 1->1(154)
[171.821s][info][gc,heap        ] GC(134) Old regions: 19->19
[171.821s][info][gc,heap        ] GC(134) Archive regions: 0->0
[171.821s][info][gc,heap        ] GC(134) Humongous regions: 0->0
[171.821s][info][gc,metaspace   ] GC(134) Metaspace: 51976K(52480K)->51976K(52480K) NonClass: 44570K(44736K)->44570K(44736K) Class: 7406K(7744K)->7406K(7744K)
[171.821s][info][gc             ] GC(134) Pause Young (Normal) (G1 Evacuation Pause) 1243M->16M(2048M) 1.450ms
[171.821s][info][gc,cpu         ] GC(134) User=0.00s Sys=0.00s Real=0.00s
[172.240s][info][gc,start       ] GC(135) Pause Full (System.gc())
[172.240s][info][gc,task        ] GC(135) Using 6 workers of 6 for full compaction
[172.241s][info][gc,phases,start] GC(135) Phase 1: Mark live objects
[172.247s][info][gc,phases      ] GC(135) Phase 1: Mark live objects 6.353ms
[172.247s][info][gc,phases,start] GC(135) Phase 2: Prepare for compaction
[172.249s][info][gc,phases      ] GC(135) Phase 2: Prepare for compaction 1.399ms
[172.249s][info][gc,phases,start] GC(135) Phase 3: Adjust pointers
[172.256s][info][gc,phases      ] GC(135) Phase 3: Adjust pointers 6.824ms
[172.256s][info][gc,phases,start] GC(135) Phase 4: Compact heap
[172.257s][info][gc,phases      ] GC(135) Phase 4: Compact heap 0.852ms
[172.266s][info][gc,heap        ] GC(135) Eden regions: 304->0(1228)
[172.266s][info][gc,heap        ] GC(135) Survivor regions: 1->0(154)
[172.266s][info][gc,heap        ] GC(135) Old regions: 19->20
[172.266s][info][gc,heap        ] GC(135) Archive regions: 0->0
[172.266s][info][gc,heap        ] GC(135) Humongous regions: 0->0
[172.266s][info][gc,metaspace   ] GC(135) Metaspace: 51977K(52480K)->51977K(52480K) NonClass: 44571K(44736K)->44571K(44736K) Class: 7406K(7744K)->7406K(7744K)
[172.266s][info][gc             ] GC(135) Pause Full (System.gc()) 319M->15M(2048M) 26.191ms
[172.266s][info][gc,cpu         ] GC(135) User=0.02s Sys=0.00s Real=0.04s
[173.834s][info][gc,start       ] GC(136) Pause Young (Normal) (G1 Evacuation Pause)
[173.834s][info][gc,task        ] GC(136) Using 6 workers of 6 for evacuation
[173.835s][info][gc,phases      ] GC(136)   Pre Evacuate Collection Set: 0.1ms
[173.835s][info][gc,phases      ] GC(136)   Merge Heap Roots: 0.1ms
[173.835s][info][gc,phases      ] GC(136)   Evacuate Collection Set: 0.6ms
[173.835s][info][gc,phases      ] GC(136)   Post Evacuate Collection Set: 0.4ms
[173.835s][info][gc,phases      ] GC(136)   Other: 0.2ms
[173.835s][info][gc,heap        ] GC(136) Eden regions: 1228->0(1227)
[173.835s][info][gc,heap        ] GC(136) Survivor regions: 0->1(154)
[173.835s][info][gc,heap        ] GC(136) Old regions: 20->20
[173.835s][info][gc,heap        ] GC(136) Archive regions: 0->0
[173.835s][info][gc,heap        ] GC(136) Humongous regions: 0->0
[173.835s][info][gc,metaspace   ] GC(136) Metaspace: 52024K(52544K)->52024K(52544K) NonClass: 44617K(44800K)->44617K(44800K) Class: 7406K(7744K)->7406K(7744K)
[173.835s][info][gc             ] GC(136) Pause Young (Normal) (G1 Evacuation Pause) 1243M->16M(2048M) 1.531ms
[173.835s][info][gc,cpu         ] GC(136) User=0.00s Sys=0.00s Real=0.00s
[175.379s][info][gc,start       ] GC(137) Pause Young (Normal) (G1 Evacuation Pause)
[175.379s][info][gc,task        ] GC(137) Using 6 workers of 6 for evacuation
[175.380s][info][gc,phases      ] GC(137)   Pre Evacuate Collection Set: 0.1ms
[175.380s][info][gc,phases      ] GC(137)   Merge Heap Roots: 0.1ms
[175.380s][info][gc,phases      ] GC(137)   Evacuate Collection Set: 0.6ms
[175.380s][info][gc,phases      ] GC(137)   Post Evacuate Collection Set: 0.5ms
[175.380s][info][gc,phases      ] GC(137)   Other: 0.2ms
[175.380s][info][gc,heap        ] GC(137) Eden regions: 1227->0(1227)
[175.380s][info][gc,heap        ] GC(137) Survivor regions: 1->1(154)
[175.380s][info][gc,heap        ] GC(137) Old regions: 20->20
[175.380s][info][gc,heap        ] GC(137) Archive regions: 0->0
[175.380s][info][gc,heap        ] GC(137) Humongous regions: 0->0
[175.380s][info][gc,metaspace   ] GC(137) Metaspace: 52024K(52544K)->52024K(52544K) NonClass: 44617K(44800K)->44617K(44800K) Class: 7406K(7744K)->7406K(7744K)
[175.380s][info][gc             ] GC(137) Pause Young (Normal) (G1 Evacuation Pause) 1243M->16M(2048M) 1.560ms
[175.380s][info][gc,cpu         ] GC(137) User=0.00s Sys=0.00s Real=0.00s
[175.789s][info][gc,start       ] GC(138) Pause Full (System.gc())
[175.789s][info][gc,task        ] GC(138) Using 6 workers of 6 for full compaction
[175.789s][info][gc,phases,start] GC(138) Phase 1: Mark live objects
[175.796s][info][gc,phases      ] GC(138) Phase 1: Mark live objects 6.728ms
[175.796s][info][gc,phases,start] GC(138) Phase 2: Prepare for compaction
[175.797s][info][gc,phases      ] GC(138) Phase 2: Prepare for compaction 1.421ms
[175.797s][info][gc,phases,start] GC(138) Phase 3: Adjust pointers
[175.804s][info][gc,phases      ] GC(138) Phase 3: Adjust pointers 6.906ms
[175.805s][info][gc,phases,start] GC(138) Phase 4: Compact heap
[175.806s][info][gc,phases      ] GC(138) Phase 4: Compact heap 1.004ms
[175.815s][info][gc,heap        ] GC(138) Eden regions: 307->0(1228)
[175.815s][info][gc,heap        ] GC(138) Survivor regions: 1->0(154)
[175.815s][info][gc,heap        ] GC(138) Old regions: 20->19
[175.815s][info][gc,heap        ] GC(138) Archive regions: 0->0
[175.815s][info][gc,heap        ] GC(138) Humongous regions: 0->0
[175.815s][info][gc,metaspace   ] GC(138) Metaspace: 52031K(52544K)->52031K(52544K) NonClass: 44624K(44800K)->44624K(44800K) Class: 7406K(7744K)->7406K(7744K)
[175.815s][info][gc             ] GC(138) Pause Full (System.gc()) 323M->15M(2048M) 26.707ms
[175.816s][info][gc,cpu         ] GC(138) User=0.02s Sys=0.00s Real=0.02s
[177.386s][info][gc,start       ] GC(139) Pause Young (Normal) (G1 Evacuation Pause)
[177.386s][info][gc,task        ] GC(139) Using 6 workers of 6 for evacuation
[177.387s][info][gc,phases      ] GC(139)   Pre Evacuate Collection Set: 0.1ms
[177.387s][info][gc,phases      ] GC(139)   Merge Heap Roots: 0.1ms
[177.387s][info][gc,phases      ] GC(139)   Evacuate Collection Set: 0.6ms
[177.387s][info][gc,phases      ] GC(139)   Post Evacuate Collection Set: 0.4ms
[177.387s][info][gc,phases      ] GC(139)   Other: 0.2ms
[177.387s][info][gc,heap        ] GC(139) Eden regions: 1228->0(1227)
[177.387s][info][gc,heap        ] GC(139) Survivor regions: 0->1(154)
[177.387s][info][gc,heap        ] GC(139) Old regions: 19->19
[177.387s][info][gc,heap        ] GC(139) Archive regions: 0->0
[177.387s][info][gc,heap        ] GC(139) Humongous regions: 0->0
[177.387s][info][gc,metaspace   ] GC(139) Metaspace: 52054K(52544K)->52054K(52544K) NonClass: 44647K(44800K)->44647K(44800K) Class: 7406K(7744K)->7406K(7744K)
[177.387s][info][gc             ] GC(139) Pause Young (Normal) (G1 Evacuation Pause) 1243M->16M(2048M) 1.478ms
[177.387s][info][gc,cpu         ] GC(139) User=0.00s Sys=0.00s Real=0.00s
[178.914s][info][gc,start       ] GC(140) Pause Young (Normal) (G1 Evacuation Pause)
[178.914s][info][gc,task        ] GC(140) Using 6 workers of 6 for evacuation
[178.915s][info][gc,phases      ] GC(140)   Pre Evacuate Collection Set: 0.1ms
[178.916s][info][gc,phases      ] GC(140)   Merge Heap Roots: 0.1ms
[178.916s][info][gc,phases      ] GC(140)   Evacuate Collection Set: 0.5ms
[178.916s][info][gc,phases      ] GC(140)   Post Evacuate Collection Set: 0.4ms
[178.916s][info][gc,phases      ] GC(140)   Other: 0.2ms
[178.916s][info][gc,heap        ] GC(140) Eden regions: 1227->0(1227)
[178.916s][info][gc,heap        ] GC(140) Survivor regions: 1->1(154)
[178.916s][info][gc,heap        ] GC(140) Old regions: 19->19
[178.916s][info][gc,heap        ] GC(140) Archive regions: 0->0
[178.916s][info][gc,heap        ] GC(140) Humongous regions: 0->0
[178.916s][info][gc,metaspace   ] GC(140) Metaspace: 52054K(52544K)->52054K(52544K) NonClass: 44647K(44800K)->44647K(44800K) Class: 7406K(7744K)->7406K(7744K)
[178.916s][info][gc             ] GC(140) Pause Young (Normal) (G1 Evacuation Pause) 1243M->16M(2048M) 1.452ms
[178.916s][info][gc,cpu         ] GC(140) User=0.00s Sys=0.00s Real=0.00s
[179.321s][info][gc,start       ] GC(141) Pause Full (System.gc())
[179.321s][info][gc,task        ] GC(141) Using 6 workers of 6 for full compaction
[179.322s][info][gc,phases,start] GC(141) Phase 1: Mark live objects
[179.328s][info][gc,phases      ] GC(141) Phase 1: Mark live objects 6.349ms
[179.328s][info][gc,phases,start] GC(141) Phase 2: Prepare for compaction
[179.329s][info][gc,phases      ] GC(141) Phase 2: Prepare for compaction 1.394ms
[179.329s][info][gc,phases,start] GC(141) Phase 3: Adjust pointers
[179.336s][info][gc,phases      ] GC(141) Phase 3: Adjust pointers 6.931ms
[179.336s][info][gc,phases,start] GC(141) Phase 4: Compact heap
[179.337s][info][gc,phases      ] GC(141) Phase 4: Compact heap 0.477ms
[179.347s][info][gc,heap        ] GC(141) Eden regions: 303->0(1228)
[179.347s][info][gc,heap        ] GC(141) Survivor regions: 1->0(154)
[179.347s][info][gc,heap        ] GC(141) Old regions: 19->19
[179.347s][info][gc,heap        ] GC(141) Archive regions: 0->0
[179.347s][info][gc,heap        ] GC(141) Humongous regions: 0->0
[179.347s][info][gc,metaspace   ] GC(141) Metaspace: 52055K(52544K)->52055K(52544K) NonClass: 44648K(44800K)->44648K(44800K) Class: 7406K(7744K)->7406K(7744K)
[179.347s][info][gc             ] GC(141) Pause Full (System.gc()) 318M->15M(2048M) 25.422ms
[179.347s][info][gc,cpu         ] GC(141) User=0.09s Sys=0.00s Real=0.02s
[180.938s][info][gc,start       ] GC(142) Pause Young (Normal) (G1 Evacuation Pause)
[180.938s][info][gc,task        ] GC(142) Using 6 workers of 6 for evacuation
[180.939s][info][gc,phases      ] GC(142)   Pre Evacuate Collection Set: 0.1ms
[180.939s][info][gc,phases      ] GC(142)   Merge Heap Roots: 0.1ms
[180.939s][info][gc,phases      ] GC(142)   Evacuate Collection Set: 0.6ms
[180.939s][info][gc,phases      ] GC(142)   Post Evacuate Collection Set: 0.4ms
[180.939s][info][gc,phases      ] GC(142)   Other: 0.2ms
[180.939s][info][gc,heap        ] GC(142) Eden regions: 1228->0(1227)
[180.939s][info][gc,heap        ] GC(142) Survivor regions: 0->1(154)
[180.939s][info][gc,heap        ] GC(142) Old regions: 19->19
[180.939s][info][gc,heap        ] GC(142) Archive regions: 0->0
[180.939s][info][gc,heap        ] GC(142) Humongous regions: 0->0
[180.939s][info][gc,metaspace   ] GC(142) Metaspace: 52062K(52608K)->52062K(52608K) NonClass: 44655K(44864K)->44655K(44864K) Class: 7406K(7744K)->7406K(7744K)
[180.939s][info][gc             ] GC(142) Pause Young (Normal) (G1 Evacuation Pause) 1243M->16M(2048M) 1.557ms
[180.939s][info][gc,cpu         ] GC(142) User=0.00s Sys=0.00s Real=0.00s
[182.507s][info][gc,start       ] GC(143) Pause Young (Normal) (G1 Evacuation Pause)
[182.507s][info][gc,task        ] GC(143) Using 6 workers of 6 for evacuation
[182.508s][info][gc,phases      ] GC(143)   Pre Evacuate Collection Set: 0.1ms
[182.508s][info][gc,phases      ] GC(143)   Merge Heap Roots: 0.1ms
[182.508s][info][gc,phases      ] GC(143)   Evacuate Collection Set: 0.5ms
[182.508s][info][gc,phases      ] GC(143)   Post Evacuate Collection Set: 0.4ms
[182.508s][info][gc,phases      ] GC(143)   Other: 0.2ms
[182.508s][info][gc,heap        ] GC(143) Eden regions: 1227->0(1227)
[182.508s][info][gc,heap        ] GC(143) Survivor regions: 1->1(154)
[182.508s][info][gc,heap        ] GC(143) Old regions: 19->19
[182.508s][info][gc,heap        ] GC(143) Archive regions: 0->0
[182.508s][info][gc,heap        ] GC(143) Humongous regions: 0->0
[182.508s][info][gc,metaspace   ] GC(143) Metaspace: 52062K(52608K)->52062K(52608K) NonClass: 44655K(44864K)->44655K(44864K) Class: 7406K(7744K)->7406K(7744K)
[182.508s][info][gc             ] GC(143) Pause Young (Normal) (G1 Evacuation Pause) 1243M->16M(2048M) 1.446ms
[182.508s][info][gc,cpu         ] GC(143) User=0.00s Sys=0.00s Real=0.00s
[182.912s][info][gc,start       ] GC(144) Pause Full (System.gc())
[182.912s][info][gc,task        ] GC(144) Using 6 workers of 6 for full compaction
[182.912s][info][gc,phases,start] GC(144) Phase 1: Mark live objects
[182.919s][info][gc,phases      ] GC(144) Phase 1: Mark live objects 7.496ms
[182.919s][info][gc,phases,start] GC(144) Phase 2: Prepare for compaction
[182.921s][info][gc,phases      ] GC(144) Phase 2: Prepare for compaction 1.630ms
[182.921s][info][gc,phases,start] GC(144) Phase 3: Adjust pointers
[182.928s][info][gc,phases      ] GC(144) Phase 3: Adjust pointers 6.980ms
[182.928s][info][gc,phases,start] GC(144) Phase 4: Compact heap
[182.929s][info][gc,phases      ] GC(144) Phase 4: Compact heap 0.666ms
[182.939s][info][gc,heap        ] GC(144) Eden regions: 307->0(1228)
[182.939s][info][gc,heap        ] GC(144) Survivor regions: 1->0(154)
[182.939s][info][gc,heap        ] GC(144) Old regions: 19->19
[182.939s][info][gc,heap        ] GC(144) Archive regions: 0->0
[182.939s][info][gc,heap        ] GC(144) Humongous regions: 0->0
[182.939s][info][gc,metaspace   ] GC(144) Metaspace: 52062K(52608K)->52062K(52608K) NonClass: 44655K(44864K)->44655K(44864K) Class: 7406K(7744K)->7406K(7744K)
[182.939s][info][gc             ] GC(144) Pause Full (System.gc()) 322M->15M(2048M) 27.050ms
[182.939s][info][gc,cpu         ] GC(144) User=0.02s Sys=0.00s Real=0.02s
[184.553s][info][gc,start       ] GC(145) Pause Young (Normal) (G1 Evacuation Pause)
[184.553s][info][gc,task        ] GC(145) Using 6 workers of 6 for evacuation
[184.555s][info][gc,phases      ] GC(145)   Pre Evacuate Collection Set: 0.1ms
[184.555s][info][gc,phases      ] GC(145)   Merge Heap Roots: 0.2ms
[184.555s][info][gc,phases      ] GC(145)   Evacuate Collection Set: 0.6ms
[184.555s][info][gc,phases      ] GC(145)   Post Evacuate Collection Set: 0.4ms
[184.555s][info][gc,phases      ] GC(145)   Other: 0.2ms
[184.555s][info][gc,heap        ] GC(145) Eden regions: 1228->0(1227)
[184.555s][info][gc,heap        ] GC(145) Survivor regions: 0->1(154)
[184.555s][info][gc,heap        ] GC(145) Old regions: 19->19
[184.555s][info][gc,heap        ] GC(145) Archive regions: 0->0
[184.555s][info][gc,heap        ] GC(145) Humongous regions: 0->0
[184.555s][info][gc,metaspace   ] GC(145) Metaspace: 52080K(52608K)->52080K(52608K) NonClass: 44673K(44864K)->44673K(44864K) Class: 7406K(7744K)->7406K(7744K)
[184.555s][info][gc             ] GC(145) Pause Young (Normal) (G1 Evacuation Pause) 1243M->16M(2048M) 1.617ms
[184.555s][info][gc,cpu         ] GC(145) User=0.00s Sys=0.00s Real=0.00s
[186.099s][info][gc,start       ] GC(146) Pause Young (Normal) (G1 Evacuation Pause)
[186.099s][info][gc,task        ] GC(146) Using 6 workers of 6 for evacuation
[186.100s][info][gc,phases      ] GC(146)   Pre Evacuate Collection Set: 0.1ms
[186.100s][info][gc,phases      ] GC(146)   Merge Heap Roots: 0.1ms
[186.100s][info][gc,phases      ] GC(146)   Evacuate Collection Set: 0.5ms
[186.100s][info][gc,phases      ] GC(146)   Post Evacuate Collection Set: 0.4ms
[186.100s][info][gc,phases      ] GC(146)   Other: 0.2ms
[186.100s][info][gc,heap        ] GC(146) Eden regions: 1227->0(1227)
[186.100s][info][gc,heap        ] GC(146) Survivor regions: 1->1(154)
[186.100s][info][gc,heap        ] GC(146) Old regions: 19->19
[186.100s][info][gc,heap        ] GC(146) Archive regions: 0->0
[186.100s][info][gc,heap        ] GC(146) Humongous regions: 0->0
[186.100s][info][gc,metaspace   ] GC(146) Metaspace: 52080K(52608K)->52080K(52608K) NonClass: 44673K(44864K)->44673K(44864K) Class: 7406K(7744K)->7406K(7744K)
[186.100s][info][gc             ] GC(146) Pause Young (Normal) (G1 Evacuation Pause) 1243M->16M(2048M) 1.446ms
[186.100s][info][gc,cpu         ] GC(146) User=0.00s Sys=0.00s Real=0.00s
[186.523s][info][gc,start       ] GC(147) Pause Full (System.gc())
[186.523s][info][gc,task        ] GC(147) Using 6 workers of 6 for full compaction
[186.523s][info][gc,phases,start] GC(147) Phase 1: Mark live objects
[186.531s][info][gc,phases      ] GC(147) Phase 1: Mark live objects 7.277ms
[186.531s][info][gc,phases,start] GC(147) Phase 2: Prepare for compaction
[186.532s][info][gc,phases      ] GC(147) Phase 2: Prepare for compaction 1.610ms
[186.532s][info][gc,phases,start] GC(147) Phase 3: Adjust pointers
[186.539s][info][gc,phases      ] GC(147) Phase 3: Adjust pointers 7.029ms
[186.539s][info][gc,phases,start] GC(147) Phase 4: Compact heap
[186.540s][info][gc,phases      ] GC(147) Phase 4: Compact heap 0.769ms
[186.550s][info][gc,heap        ] GC(147) Eden regions: 307->0(1228)
[186.550s][info][gc,heap        ] GC(147) Survivor regions: 1->0(154)
[186.550s][info][gc,heap        ] GC(147) Old regions: 19->18
[186.550s][info][gc,heap        ] GC(147) Archive regions: 0->0
[186.550s][info][gc,heap        ] GC(147) Humongous regions: 0->0
[186.550s][info][gc,metaspace   ] GC(147) Metaspace: 52083K(52672K)->52083K(52672K) NonClass: 44677K(44928K)->44677K(44928K) Class: 7406K(7744K)->7406K(7744K)
[186.550s][info][gc             ] GC(147) Pause Full (System.gc()) 323M->15M(2048M) 26.891ms
[186.550s][info][gc,cpu         ] GC(147) User=0.09s Sys=0.00s Real=0.03s
[188.126s][info][gc,start       ] GC(148) Pause Young (Normal) (G1 Evacuation Pause)
[188.127s][info][gc,task        ] GC(148) Using 6 workers of 6 for evacuation
[188.128s][info][gc,phases      ] GC(148)   Pre Evacuate Collection Set: 0.1ms
[188.128s][info][gc,phases      ] GC(148)   Merge Heap Roots: 0.1ms
[188.128s][info][gc,phases      ] GC(148)   Evacuate Collection Set: 0.6ms
[188.128s][info][gc,phases      ] GC(148)   Post Evacuate Collection Set: 0.4ms
[188.128s][info][gc,phases      ] GC(148)   Other: 0.2ms
[188.128s][info][gc,heap        ] GC(148) Eden regions: 1228->0(1227)
[188.128s][info][gc,heap        ] GC(148) Survivor regions: 0->1(154)
[188.128s][info][gc,heap        ] GC(148) Old regions: 18->18
[188.128s][info][gc,heap        ] GC(148) Archive regions: 0->0
[188.128s][info][gc,heap        ] GC(148) Humongous regions: 0->0
[188.128s][info][gc,metaspace   ] GC(148) Metaspace: 52103K(52672K)->52103K(52672K) NonClass: 44697K(44928K)->44697K(44928K) Class: 7406K(7744K)->7406K(7744K)
[188.128s][info][gc             ] GC(148) Pause Young (Normal) (G1 Evacuation Pause) 1243M->16M(2048M) 1.536ms
[188.128s][info][gc,cpu         ] GC(148) User=0.09s Sys=0.00s Real=0.00s
[189.688s][info][gc,start       ] GC(149) Pause Young (Normal) (G1 Evacuation Pause)
[189.688s][info][gc,task        ] GC(149) Using 6 workers of 6 for evacuation
[189.689s][info][gc,phases      ] GC(149)   Pre Evacuate Collection Set: 0.1ms
[189.689s][info][gc,phases      ] GC(149)   Merge Heap Roots: 0.1ms
[189.689s][info][gc,phases      ] GC(149)   Evacuate Collection Set: 0.5ms
[189.689s][info][gc,phases      ] GC(149)   Post Evacuate Collection Set: 0.4ms
[189.690s][info][gc,phases      ] GC(149)   Other: 0.2ms
[189.690s][info][gc,heap        ] GC(149) Eden regions: 1227->0(1227)
[189.690s][info][gc,heap        ] GC(149) Survivor regions: 1->1(154)
[189.690s][info][gc,heap        ] GC(149) Old regions: 18->18
[189.690s][info][gc,heap        ] GC(149) Archive regions: 0->0
[189.690s][info][gc,heap        ] GC(149) Humongous regions: 0->0
[189.690s][info][gc,metaspace   ] GC(149) Metaspace: 52103K(52672K)->52103K(52672K) NonClass: 44697K(44928K)->44697K(44928K) Class: 7406K(7744K)->7406K(7744K)
[189.690s][info][gc             ] GC(149) Pause Young (Normal) (G1 Evacuation Pause) 1243M->16M(2048M) 1.427ms
[189.690s][info][gc,cpu         ] GC(149) User=0.00s Sys=0.00s Real=0.00s
[190.102s][info][gc,start       ] GC(150) Pause Full (System.gc())
[190.102s][info][gc,task        ] GC(150) Using 6 workers of 6 for full compaction
[190.102s][info][gc,phases,start] GC(150) Phase 1: Mark live objects
[190.109s][info][gc,phases      ] GC(150) Phase 1: Mark live objects 7.011ms
[190.109s][info][gc,phases,start] GC(150) Phase 2: Prepare for compaction
[190.111s][info][gc,phases      ] GC(150) Phase 2: Prepare for compaction 1.513ms
[190.111s][info][gc,phases,start] GC(150) Phase 3: Adjust pointers
[190.118s][info][gc,phases      ] GC(150) Phase 3: Adjust pointers 7.282ms
[190.118s][info][gc,phases,start] GC(150) Phase 4: Compact heap
[190.119s][info][gc,phases      ] GC(150) Phase 4: Compact heap 0.671ms
[190.128s][info][gc,heap        ] GC(150) Eden regions: 307->0(1228)
[190.129s][info][gc,heap        ] GC(150) Survivor regions: 1->0(154)
[190.129s][info][gc,heap        ] GC(150) Old regions: 18->19
[190.129s][info][gc,heap        ] GC(150) Archive regions: 0->0
[190.129s][info][gc,heap        ] GC(150) Humongous regions: 0->0
[190.129s][info][gc,metaspace   ] GC(150) Metaspace: 52103K(52672K)->52103K(52672K) NonClass: 44697K(44928K)->44697K(44928K) Class: 7406K(7744K)->7406K(7744K)
[190.129s][info][gc             ] GC(150) Pause Full (System.gc()) 322M->15M(2048M) 26.525ms
[190.129s][info][gc,cpu         ] GC(150) User=0.09s Sys=0.00s Real=0.02s
[191.700s][info][gc,start       ] GC(151) Pause Young (Normal) (G1 Evacuation Pause)
[191.700s][info][gc,task        ] GC(151) Using 6 workers of 6 for evacuation
[191.702s][info][gc,phases      ] GC(151)   Pre Evacuate Collection Set: 0.1ms
[191.702s][info][gc,phases      ] GC(151)   Merge Heap Roots: 0.1ms
[191.702s][info][gc,phases      ] GC(151)   Evacuate Collection Set: 0.6ms
[191.702s][info][gc,phases      ] GC(151)   Post Evacuate Collection Set: 0.5ms
[191.702s][info][gc,phases      ] GC(151)   Other: 0.2ms
[191.702s][info][gc,heap        ] GC(151) Eden regions: 1228->0(1227)
[191.702s][info][gc,heap        ] GC(151) Survivor regions: 0->1(154)
[191.702s][info][gc,heap        ] GC(151) Old regions: 19->19
[191.702s][info][gc,heap        ] GC(151) Archive regions: 0->0
[191.702s][info][gc,heap        ] GC(151) Humongous regions: 0->0
[191.702s][info][gc,metaspace   ] GC(151) Metaspace: 52104K(52672K)->52104K(52672K) NonClass: 44698K(44928K)->44698K(44928K) Class: 7406K(7744K)->7406K(7744K)
[191.702s][info][gc             ] GC(151) Pause Young (Normal) (G1 Evacuation Pause) 1243M->16M(2048M) 1.584ms
[191.702s][info][gc,cpu         ] GC(151) User=0.00s Sys=0.00s Real=0.00s
[193.248s][info][gc,start       ] GC(152) Pause Young (Normal) (G1 Evacuation Pause)
[193.248s][info][gc,task        ] GC(152) Using 6 workers of 6 for evacuation
[193.250s][info][gc,phases      ] GC(152)   Pre Evacuate Collection Set: 0.1ms
[193.250s][info][gc,phases      ] GC(152)   Merge Heap Roots: 0.1ms
[193.250s][info][gc,phases      ] GC(152)   Evacuate Collection Set: 0.5ms
[193.250s][info][gc,phases      ] GC(152)   Post Evacuate Collection Set: 0.5ms
[193.250s][info][gc,phases      ] GC(152)   Other: 0.2ms
[193.250s][info][gc,heap        ] GC(152) Eden regions: 1227->0(1227)
[193.250s][info][gc,heap        ] GC(152) Survivor regions: 1->1(154)
[193.250s][info][gc,heap        ] GC(152) Old regions: 19->19
[193.250s][info][gc,heap        ] GC(152) Archive regions: 0->0
[193.250s][info][gc,heap        ] GC(152) Humongous regions: 0->0
[193.250s][info][gc,metaspace   ] GC(152) Metaspace: 52104K(52672K)->52104K(52672K) NonClass: 44698K(44928K)->44698K(44928K) Class: 7406K(7744K)->7406K(7744K)
[193.250s][info][gc             ] GC(152) Pause Young (Normal) (G1 Evacuation Pause) 1243M->16M(2048M) 1.499ms
[193.250s][info][gc,cpu         ] GC(152) User=0.00s Sys=0.00s Real=0.00s
[193.648s][info][gc,start       ] GC(153) Pause Full (System.gc())
[193.648s][info][gc,task        ] GC(153) Using 6 workers of 6 for full compaction
[193.648s][info][gc,phases,start] GC(153) Phase 1: Mark live objects
[193.654s][info][gc,phases      ] GC(153) Phase 1: Mark live objects 6.330ms
[193.654s][info][gc,phases,start] GC(153) Phase 2: Prepare for compaction
[193.656s][info][gc,phases      ] GC(153) Phase 2: Prepare for compaction 1.351ms
[193.656s][info][gc,phases,start] GC(153) Phase 3: Adjust pointers
[193.663s][info][gc,phases      ] GC(153) Phase 3: Adjust pointers 7.222ms
[193.663s][info][gc,phases,start] GC(153) Phase 4: Compact heap
[193.664s][info][gc,phases      ] GC(153) Phase 4: Compact heap 0.576ms
[193.673s][info][gc,heap        ] GC(153) Eden regions: 307->0(1228)
[193.673s][info][gc,heap        ] GC(153) Survivor regions: 1->0(154)
[193.673s][info][gc,heap        ] GC(153) Old regions: 19->19
[193.673s][info][gc,heap        ] GC(153) Archive regions: 0->0
[193.673s][info][gc,heap        ] GC(153) Humongous regions: 0->0
[193.673s][info][gc,metaspace   ] GC(153) Metaspace: 52104K(52672K)->52104K(52672K) NonClass: 44698K(44928K)->44698K(44928K) Class: 7406K(7744K)->7406K(7744K)
[193.673s][info][gc             ] GC(153) Pause Full (System.gc()) 322M->15M(2048M) 25.509ms
[193.673s][info][gc,cpu         ] GC(153) User=0.02s Sys=0.00s Real=0.02s
[195.275s][info][gc,start       ] GC(154) Pause Young (Normal) (G1 Evacuation Pause)
[195.275s][info][gc,task        ] GC(154) Using 6 workers of 6 for evacuation
[195.276s][info][gc,phases      ] GC(154)   Pre Evacuate Collection Set: 0.1ms
[195.276s][info][gc,phases      ] GC(154)   Merge Heap Roots: 0.1ms
[195.276s][info][gc,phases      ] GC(154)   Evacuate Collection Set: 0.6ms
[195.276s][info][gc,phases      ] GC(154)   Post Evacuate Collection Set: 0.5ms
[195.276s][info][gc,phases      ] GC(154)   Other: 0.2ms
[195.276s][info][gc,heap        ] GC(154) Eden regions: 1228->0(1227)
[195.276s][info][gc,heap        ] GC(154) Survivor regions: 0->1(154)
[195.276s][info][gc,heap        ] GC(154) Old regions: 19->19
[195.276s][info][gc,heap        ] GC(154) Archive regions: 0->0
[195.276s][info][gc,heap        ] GC(154) Humongous regions: 0->0
[195.276s][info][gc,metaspace   ] GC(154) Metaspace: 52108K(52672K)->52108K(52672K) NonClass: 44701K(44928K)->44701K(44928K) Class: 7406K(7744K)->7406K(7744K)
[195.276s][info][gc             ] GC(154) Pause Young (Normal) (G1 Evacuation Pause) 1243M->16M(2048M) 1.586ms
[195.276s][info][gc,cpu         ] GC(154) User=0.00s Sys=0.00s Real=0.00s
[196.829s][info][gc,start       ] GC(155) Pause Young (Normal) (G1 Evacuation Pause)
[196.829s][info][gc,task        ] GC(155) Using 6 workers of 6 for evacuation
[196.830s][info][gc,phases      ] GC(155)   Pre Evacuate Collection Set: 0.1ms
[196.830s][info][gc,phases      ] GC(155)   Merge Heap Roots: 0.1ms
[196.830s][info][gc,phases      ] GC(155)   Evacuate Collection Set: 0.5ms
[196.830s][info][gc,phases      ] GC(155)   Post Evacuate Collection Set: 0.4ms
[196.830s][info][gc,phases      ] GC(155)   Other: 0.2ms
[196.830s][info][gc,heap        ] GC(155) Eden regions: 1227->0(1227)
[196.830s][info][gc,heap        ] GC(155) Survivor regions: 1->1(154)
[196.830s][info][gc,heap        ] GC(155) Old regions: 19->19
[196.830s][info][gc,heap        ] GC(155) Archive regions: 0->0
[196.830s][info][gc,heap        ] GC(155) Humongous regions: 0->0
[196.830s][info][gc,metaspace   ] GC(155) Metaspace: 52108K(52672K)->52108K(52672K) NonClass: 44701K(44928K)->44701K(44928K) Class: 7406K(7744K)->7406K(7744K)
[196.830s][info][gc             ] GC(155) Pause Young (Normal) (G1 Evacuation Pause) 1243M->16M(2048M) 1.520ms
[196.830s][info][gc,cpu         ] GC(155) User=0.00s Sys=0.00s Real=0.00s
[197.260s][info][gc,start       ] GC(156) Pause Full (System.gc())
[197.260s][info][gc,task        ] GC(156) Using 6 workers of 6 for full compaction
[197.260s][info][gc,phases,start] GC(156) Phase 1: Mark live objects
[197.267s][info][gc,phases      ] GC(156) Phase 1: Mark live objects 6.526ms
[197.267s][info][gc,phases,start] GC(156) Phase 2: Prepare for compaction
[197.268s][info][gc,phases      ] GC(156) Phase 2: Prepare for compaction 1.373ms
[197.268s][info][gc,phases,start] GC(156) Phase 3: Adjust pointers
[197.275s][info][gc,phases      ] GC(156) Phase 3: Adjust pointers 7.067ms
[197.275s][info][gc,phases,start] GC(156) Phase 4: Compact heap
[197.276s][info][gc,phases      ] GC(156) Phase 4: Compact heap 0.695ms
[197.285s][info][gc,heap        ] GC(156) Eden regions: 306->0(1228)
[197.285s][info][gc,heap        ] GC(156) Survivor regions: 1->0(154)
[197.285s][info][gc,heap        ] GC(156) Old regions: 19->19
[197.285s][info][gc,heap        ] GC(156) Archive regions: 0->0
[197.285s][info][gc,heap        ] GC(156) Humongous regions: 0->0
[197.285s][info][gc,metaspace   ] GC(156) Metaspace: 52108K(52672K)->52108K(52672K) NonClass: 44701K(44928K)->44701K(44928K) Class: 7406K(7744K)->7406K(7744K)
[197.285s][info][gc             ] GC(156) Pause Full (System.gc()) 322M->15M(2048M) 25.721ms
[197.285s][info][gc,cpu         ] GC(156) User=0.11s Sys=0.00s Real=0.02s
[198.872s][info][gc,start       ] GC(157) Pause Young (Normal) (G1 Evacuation Pause)
[198.872s][info][gc,task        ] GC(157) Using 6 workers of 6 for evacuation
[198.873s][info][gc,phases      ] GC(157)   Pre Evacuate Collection Set: 0.1ms
[198.873s][info][gc,phases      ] GC(157)   Merge Heap Roots: 0.1ms
[198.873s][info][gc,phases      ] GC(157)   Evacuate Collection Set: 0.5ms
[198.873s][info][gc,phases      ] GC(157)   Post Evacuate Collection Set: 0.4ms
[198.873s][info][gc,phases      ] GC(157)   Other: 0.2ms
[198.873s][info][gc,heap        ] GC(157) Eden regions: 1228->0(1227)
[198.873s][info][gc,heap        ] GC(157) Survivor regions: 0->1(154)
[198.873s][info][gc,heap        ] GC(157) Old regions: 19->19
[198.873s][info][gc,heap        ] GC(157) Archive regions: 0->0
[198.873s][info][gc,heap        ] GC(157) Humongous regions: 0->0
[198.873s][info][gc,metaspace   ] GC(157) Metaspace: 52112K(52672K)->52112K(52672K) NonClass: 44706K(44928K)->44706K(44928K) Class: 7406K(7744K)->7406K(7744K)
[198.873s][info][gc             ] GC(157) Pause Young (Normal) (G1 Evacuation Pause) 1243M->16M(2048M) 1.474ms
[198.873s][info][gc,cpu         ] GC(157) User=0.00s Sys=0.00s Real=0.00s
[200.421s][info][gc,start       ] GC(158) Pause Young (Normal) (G1 Evacuation Pause)
[200.421s][info][gc,task        ] GC(158) Using 6 workers of 6 for evacuation
[200.422s][info][gc,phases      ] GC(158)   Pre Evacuate Collection Set: 0.1ms
[200.422s][info][gc,phases      ] GC(158)   Merge Heap Roots: 0.1ms
[200.422s][info][gc,phases      ] GC(158)   Evacuate Collection Set: 0.5ms
[200.422s][info][gc,phases      ] GC(158)   Post Evacuate Collection Set: 0.4ms
[200.422s][info][gc,phases      ] GC(158)   Other: 0.2ms
[200.422s][info][gc,heap        ] GC(158) Eden regions: 1227->0(1227)
[200.422s][info][gc,heap        ] GC(158) Survivor regions: 1->1(154)
[200.422s][info][gc,heap        ] GC(158) Old regions: 19->19
[200.422s][info][gc,heap        ] GC(158) Archive regions: 0->0
[200.423s][info][gc,heap        ] GC(158) Humongous regions: 0->0
[200.423s][info][gc,metaspace   ] GC(158) Metaspace: 52112K(52672K)->52112K(52672K) NonClass: 44706K(44928K)->44706K(44928K) Class: 7406K(7744K)->7406K(7744K)
[200.423s][info][gc             ] GC(158) Pause Young (Normal) (G1 Evacuation Pause) 1243M->16M(2048M) 1.520ms
[200.423s][info][gc,cpu         ] GC(158) User=0.00s Sys=0.00s Real=0.00s
[200.811s][info][gc,start       ] GC(159) Pause Full (System.gc())
[200.811s][info][gc,task        ] GC(159) Using 6 workers of 6 for full compaction
[200.811s][info][gc,phases,start] GC(159) Phase 1: Mark live objects
[200.817s][info][gc,phases      ] GC(159) Phase 1: Mark live objects 6.246ms
[200.817s][info][gc,phases,start] GC(159) Phase 2: Prepare for compaction
[200.819s][info][gc,phases      ] GC(159) Phase 2: Prepare for compaction 1.633ms
[200.819s][info][gc,phases,start] GC(159) Phase 3: Adjust pointers
[200.826s][info][gc,phases      ] GC(159) Phase 3: Adjust pointers 7.567ms
[200.827s][info][gc,phases,start] GC(159) Phase 4: Compact heap
[200.827s][info][gc,phases      ] GC(159) Phase 4: Compact heap 0.563ms
[200.837s][info][gc,heap        ] GC(159) Eden regions: 304->0(1228)
[200.837s][info][gc,heap        ] GC(159) Survivor regions: 1->0(154)
[200.837s][info][gc,heap        ] GC(159) Old regions: 19->19
[200.837s][info][gc,heap        ] GC(159) Archive regions: 0->0
[200.837s][info][gc,heap        ] GC(159) Humongous regions: 0->0
[200.837s][info][gc,metaspace   ] GC(159) Metaspace: 52112K(52672K)->52112K(52672K) NonClass: 44706K(44928K)->44706K(44928K) Class: 7406K(7744K)->7406K(7744K)
[200.837s][info][gc             ] GC(159) Pause Full (System.gc()) 319M->15M(2048M) 26.325ms
[200.837s][info][gc,cpu         ] GC(159) User=0.11s Sys=0.00s Real=0.03s
[202.417s][info][gc,start       ] GC(160) Pause Young (Normal) (G1 Evacuation Pause)
[202.417s][info][gc,task        ] GC(160) Using 6 workers of 6 for evacuation
[202.418s][info][gc,phases      ] GC(160)   Pre Evacuate Collection Set: 0.1ms
[202.418s][info][gc,phases      ] GC(160)   Merge Heap Roots: 0.2ms
[202.418s][info][gc,phases      ] GC(160)   Evacuate Collection Set: 0.7ms
[202.418s][info][gc,phases      ] GC(160)   Post Evacuate Collection Set: 0.5ms
[202.418s][info][gc,phases      ] GC(160)   Other: 0.2ms
[202.418s][info][gc,heap        ] GC(160) Eden regions: 1228->0(1227)
[202.418s][info][gc,heap        ] GC(160) Survivor regions: 0->1(154)
[202.418s][info][gc,heap        ] GC(160) Old regions: 19->19
[202.418s][info][gc,heap        ] GC(160) Archive regions: 0->0
[202.418s][info][gc,heap        ] GC(160) Humongous regions: 0->0
[202.418s][info][gc,metaspace   ] GC(160) Metaspace: 52113K(52672K)->52113K(52672K) NonClass: 44706K(44928K)->44706K(44928K) Class: 7406K(7744K)->7406K(7744K)
[202.418s][info][gc             ] GC(160) Pause Young (Normal) (G1 Evacuation Pause) 1243M->16M(2048M) 1.714ms
[202.418s][info][gc,cpu         ] GC(160) User=0.00s Sys=0.00s Real=0.00s
[203.952s][info][gc,start       ] GC(161) Pause Young (Normal) (G1 Evacuation Pause)
[203.952s][info][gc,task        ] GC(161) Using 6 workers of 6 for evacuation
[203.953s][info][gc,phases      ] GC(161)   Pre Evacuate Collection Set: 0.1ms
[203.953s][info][gc,phases      ] GC(161)   Merge Heap Roots: 0.1ms
[203.953s][info][gc,phases      ] GC(161)   Evacuate Collection Set: 0.6ms
[203.953s][info][gc,phases      ] GC(161)   Post Evacuate Collection Set: 0.4ms
[203.953s][info][gc,phases      ] GC(161)   Other: 0.2ms
[203.953s][info][gc,heap        ] GC(161) Eden regions: 1227->0(1227)
[203.953s][info][gc,heap        ] GC(161) Survivor regions: 1->1(154)
[203.953s][info][gc,heap        ] GC(161) Old regions: 19->19
[203.953s][info][gc,heap        ] GC(161) Archive regions: 0->0
[203.953s][info][gc,heap        ] GC(161) Humongous regions: 0->0
[203.953s][info][gc,metaspace   ] GC(161) Metaspace: 52113K(52672K)->52113K(52672K) NonClass: 44706K(44928K)->44706K(44928K) Class: 7406K(7744K)->7406K(7744K)
[203.953s][info][gc             ] GC(161) Pause Young (Normal) (G1 Evacuation Pause) 1243M->16M(2048M) 1.490ms
[203.953s][info][gc,cpu         ] GC(161) User=0.00s Sys=0.00s Real=0.00s
[204.375s][info][gc,start       ] GC(162) Pause Full (System.gc())
[204.375s][info][gc,task        ] GC(162) Using 6 workers of 6 for full compaction
[204.376s][info][gc,phases,start] GC(162) Phase 1: Mark live objects
[204.382s][info][gc,phases      ] GC(162) Phase 1: Mark live objects 6.783ms
[204.382s][info][gc,phases,start] GC(162) Phase 2: Prepare for compaction
[204.384s][info][gc,phases      ] GC(162) Phase 2: Prepare for compaction 1.502ms
[204.384s][info][gc,phases,start] GC(162) Phase 3: Adjust pointers
[204.391s][info][gc,phases      ] GC(162) Phase 3: Adjust pointers 7.021ms
[204.391s][info][gc,phases,start] GC(162) Phase 4: Compact heap
[204.392s][info][gc,phases      ] GC(162) Phase 4: Compact heap 0.567ms
[204.401s][info][gc,heap        ] GC(162) Eden regions: 308->0(1228)
[204.401s][info][gc,heap        ] GC(162) Survivor regions: 1->0(154)
[204.401s][info][gc,heap        ] GC(162) Old regions: 19->19
[204.401s][info][gc,heap        ] GC(162) Archive regions: 0->0
[204.401s][info][gc,heap        ] GC(162) Humongous regions: 0->0
[204.401s][info][gc,metaspace   ] GC(162) Metaspace: 52114K(52672K)->52114K(52672K) NonClass: 44708K(44928K)->44708K(44928K) Class: 7406K(7744K)->7406K(7744K)
[204.401s][info][gc             ] GC(162) Pause Full (System.gc()) 323M->15M(2048M) 25.755ms
[204.401s][info][gc,cpu         ] GC(162) User=0.19s Sys=0.00s Real=0.02s
[206.001s][info][gc,start       ] GC(163) Pause Young (Normal) (G1 Evacuation Pause)
[206.001s][info][gc,task        ] GC(163) Using 6 workers of 6 for evacuation
[206.002s][info][gc,phases      ] GC(163)   Pre Evacuate Collection Set: 0.1ms
[206.002s][info][gc,phases      ] GC(163)   Merge Heap Roots: 0.1ms
[206.002s][info][gc,phases      ] GC(163)   Evacuate Collection Set: 0.5ms
[206.002s][info][gc,phases      ] GC(163)   Post Evacuate Collection Set: 0.4ms
[206.002s][info][gc,phases      ] GC(163)   Other: 0.2ms
[206.002s][info][gc,heap        ] GC(163) Eden regions: 1228->0(1227)
[206.002s][info][gc,heap        ] GC(163) Survivor regions: 0->1(154)
[206.002s][info][gc,heap        ] GC(163) Old regions: 19->19
[206.002s][info][gc,heap        ] GC(163) Archive regions: 0->0
[206.002s][info][gc,heap        ] GC(163) Humongous regions: 0->0
[206.002s][info][gc,metaspace   ] GC(163) Metaspace: 52121K(52672K)->52121K(52672K) NonClass: 44714K(44928K)->44714K(44928K) Class: 7406K(7744K)->7406K(7744K)
[206.002s][info][gc             ] GC(163) Pause Young (Normal) (G1 Evacuation Pause) 1243M->16M(2048M) 1.449ms
[206.002s][info][gc,cpu         ] GC(163) User=0.00s Sys=0.00s Real=0.00s
[207.587s][info][gc,start       ] GC(164) Pause Young (Normal) (G1 Evacuation Pause)
[207.587s][info][gc,task        ] GC(164) Using 6 workers of 6 for evacuation
[207.588s][info][gc,phases      ] GC(164)   Pre Evacuate Collection Set: 0.1ms
[207.588s][info][gc,phases      ] GC(164)   Merge Heap Roots: 0.1ms
[207.588s][info][gc,phases      ] GC(164)   Evacuate Collection Set: 0.5ms
[207.588s][info][gc,phases      ] GC(164)   Post Evacuate Collection Set: 0.4ms
[207.588s][info][gc,phases      ] GC(164)   Other: 0.2ms
[207.588s][info][gc,heap        ] GC(164) Eden regions: 1227->0(1227)
[207.588s][info][gc,heap        ] GC(164) Survivor regions: 1->1(154)
[207.588s][info][gc,heap        ] GC(164) Old regions: 19->19
[207.588s][info][gc,heap        ] GC(164) Archive regions: 0->0
[207.588s][info][gc,heap        ] GC(164) Humongous regions: 0->0
[207.588s][info][gc,metaspace   ] GC(164) Metaspace: 52121K(52672K)->52121K(52672K) NonClass: 44714K(44928K)->44714K(44928K) Class: 7406K(7744K)->7406K(7744K)
[207.588s][info][gc             ] GC(164) Pause Young (Normal) (G1 Evacuation Pause) 1243M->16M(2048M) 1.397ms
[207.588s][info][gc,cpu         ] GC(164) User=0.00s Sys=0.00s Real=0.00s
[207.995s][info][gc,start       ] GC(165) Pause Full (System.gc())
[207.995s][info][gc,task        ] GC(165) Using 6 workers of 6 for full compaction
[207.996s][info][gc,phases,start] GC(165) Phase 1: Mark live objects
[208.003s][info][gc,phases      ] GC(165) Phase 1: Mark live objects 6.998ms
[208.003s][info][gc,phases,start] GC(165) Phase 2: Prepare for compaction
[208.004s][info][gc,phases      ] GC(165) Phase 2: Prepare for compaction 1.430ms
[208.004s][info][gc,phases,start] GC(165) Phase 3: Adjust pointers
[208.011s][info][gc,phases      ] GC(165) Phase 3: Adjust pointers 6.753ms
[208.011s][info][gc,phases,start] GC(165) Phase 4: Compact heap
[208.012s][info][gc,phases      ] GC(165) Phase 4: Compact heap 0.705ms
[208.021s][info][gc,heap        ] GC(165) Eden regions: 304->0(1228)
[208.021s][info][gc,heap        ] GC(165) Survivor regions: 1->0(154)
[208.021s][info][gc,heap        ] GC(165) Old regions: 19->19
[208.021s][info][gc,heap        ] GC(165) Archive regions: 0->0
[208.021s][info][gc,heap        ] GC(165) Humongous regions: 0->0
[208.022s][info][gc,metaspace   ] GC(165) Metaspace: 52122K(52672K)->52122K(52672K) NonClass: 44715K(44928K)->44715K(44928K) Class: 7406K(7744K)->7406K(7744K)
[208.022s][info][gc             ] GC(165) Pause Full (System.gc()) 320M->15M(2048M) 26.144ms
[208.022s][info][gc,cpu         ] GC(165) User=0.03s Sys=0.00s Real=0.03s
[209.688s][info][gc,start       ] GC(166) Pause Young (Normal) (G1 Evacuation Pause)
[209.688s][info][gc,task        ] GC(166) Using 6 workers of 6 for evacuation
[209.689s][info][gc,phases      ] GC(166)   Pre Evacuate Collection Set: 0.1ms
[209.689s][info][gc,phases      ] GC(166)   Merge Heap Roots: 0.1ms
[209.689s][info][gc,phases      ] GC(166)   Evacuate Collection Set: 0.6ms
[209.689s][info][gc,phases      ] GC(166)   Post Evacuate Collection Set: 0.5ms
[209.689s][info][gc,phases      ] GC(166)   Other: 0.2ms
[209.689s][info][gc,heap        ] GC(166) Eden regions: 1228->0(1227)
[209.689s][info][gc,heap        ] GC(166) Survivor regions: 0->1(154)
[209.689s][info][gc,heap        ] GC(166) Old regions: 19->19
[209.689s][info][gc,heap        ] GC(166) Archive regions: 0->0
[209.689s][info][gc,heap        ] GC(166) Humongous regions: 0->0
[209.689s][info][gc,metaspace   ] GC(166) Metaspace: 52125K(52672K)->52125K(52672K) NonClass: 44719K(44928K)->44719K(44928K) Class: 7406K(7744K)->7406K(7744K)
[209.689s][info][gc             ] GC(166) Pause Young (Normal) (G1 Evacuation Pause) 1243M->16M(2048M) 1.688ms
[209.689s][info][gc,cpu         ] GC(166) User=0.00s Sys=0.00s Real=0.00s
[211.239s][info][gc,start       ] GC(167) Pause Young (Normal) (G1 Evacuation Pause)
[211.239s][info][gc,task        ] GC(167) Using 6 workers of 6 for evacuation
[211.241s][info][gc,phases      ] GC(167)   Pre Evacuate Collection Set: 0.1ms
[211.241s][info][gc,phases      ] GC(167)   Merge Heap Roots: 0.1ms
[211.241s][info][gc,phases      ] GC(167)   Evacuate Collection Set: 0.6ms
[211.241s][info][gc,phases      ] GC(167)   Post Evacuate Collection Set: 0.4ms
[211.241s][info][gc,phases      ] GC(167)   Other: 0.2ms
[211.241s][info][gc,heap        ] GC(167) Eden regions: 1227->0(1227)
[211.241s][info][gc,heap        ] GC(167) Survivor regions: 1->1(154)
[211.241s][info][gc,heap        ] GC(167) Old regions: 19->19
[211.241s][info][gc,heap        ] GC(167) Archive regions: 0->0
[211.241s][info][gc,heap        ] GC(167) Humongous regions: 0->0
[211.241s][info][gc,metaspace   ] GC(167) Metaspace: 52125K(52672K)->52125K(52672K) NonClass: 44719K(44928K)->44719K(44928K) Class: 7406K(7744K)->7406K(7744K)
[211.241s][info][gc             ] GC(167) Pause Young (Normal) (G1 Evacuation Pause) 1243M->16M(2048M) 1.478ms
[211.241s][info][gc,cpu         ] GC(167) User=0.00s Sys=0.00s Real=0.00s
[211.637s][info][gc,start       ] GC(168) Pause Full (System.gc())
[211.637s][info][gc,task        ] GC(168) Using 6 workers of 6 for full compaction
[211.637s][info][gc,phases,start] GC(168) Phase 1: Mark live objects
[211.644s][info][gc,phases      ] GC(168) Phase 1: Mark live objects 6.556ms
[211.644s][info][gc,phases,start] GC(168) Phase 2: Prepare for compaction
[211.645s][info][gc,phases      ] GC(168) Phase 2: Prepare for compaction 1.400ms
[211.645s][info][gc,phases,start] GC(168) Phase 3: Adjust pointers
[211.652s][info][gc,phases      ] GC(168) Phase 3: Adjust pointers 7.084ms
[211.653s][info][gc,phases,start] GC(168) Phase 4: Compact heap
[211.653s][info][gc,phases      ] GC(168) Phase 4: Compact heap 0.542ms
[211.662s][info][gc,heap        ] GC(168) Eden regions: 308->0(1228)
[211.663s][info][gc,heap        ] GC(168) Survivor regions: 1->0(154)
[211.663s][info][gc,heap        ] GC(168) Old regions: 19->19
[211.663s][info][gc,heap        ] GC(168) Archive regions: 0->0
[211.663s][info][gc,heap        ] GC(168) Humongous regions: 0->0
[211.663s][info][gc,metaspace   ] GC(168) Metaspace: 52126K(52672K)->52126K(52672K) NonClass: 44719K(44928K)->44719K(44928K) Class: 7406K(7744K)->7406K(7744K)
[211.663s][info][gc             ] GC(168) Pause Full (System.gc()) 324M->15M(2048M) 25.604ms
[211.663s][info][gc,cpu         ] GC(168) User=0.11s Sys=0.00s Real=0.03s
[213.259s][info][gc,start       ] GC(169) Pause Young (Normal) (G1 Evacuation Pause)
[213.259s][info][gc,task        ] GC(169) Using 6 workers of 6 for evacuation
[213.261s][info][gc,phases      ] GC(169)   Pre Evacuate Collection Set: 0.1ms
[213.261s][info][gc,phases      ] GC(169)   Merge Heap Roots: 0.1ms
[213.261s][info][gc,phases      ] GC(169)   Evacuate Collection Set: 0.6ms
[213.261s][info][gc,phases      ] GC(169)   Post Evacuate Collection Set: 0.5ms
[213.261s][info][gc,phases      ] GC(169)   Other: 0.2ms
[213.261s][info][gc,heap        ] GC(169) Eden regions: 1228->0(1227)
[213.261s][info][gc,heap        ] GC(169) Survivor regions: 0->1(154)
[213.261s][info][gc,heap        ] GC(169) Old regions: 19->19
[213.261s][info][gc,heap        ] GC(169) Archive regions: 0->0
[213.261s][info][gc,heap        ] GC(169) Humongous regions: 0->0
[213.261s][info][gc,metaspace   ] GC(169) Metaspace: 52132K(52736K)->52132K(52736K) NonClass: 44725K(44992K)->44725K(44992K) Class: 7406K(7744K)->7406K(7744K)
[213.261s][info][gc             ] GC(169) Pause Young (Normal) (G1 Evacuation Pause) 1243M->16M(2048M) 1.588ms
[213.261s][info][gc,cpu         ] GC(169) User=0.00s Sys=0.00s Real=0.00s
[214.810s][info][gc,start       ] GC(170) Pause Young (Normal) (G1 Evacuation Pause)
[214.810s][info][gc,task        ] GC(170) Using 6 workers of 6 for evacuation
[214.811s][info][gc,phases      ] GC(170)   Pre Evacuate Collection Set: 0.1ms
[214.811s][info][gc,phases      ] GC(170)   Merge Heap Roots: 0.1ms
[214.811s][info][gc,phases      ] GC(170)   Evacuate Collection Set: 0.5ms
[214.811s][info][gc,phases      ] GC(170)   Post Evacuate Collection Set: 0.5ms
[214.811s][info][gc,phases      ] GC(170)   Other: 0.2ms
[214.811s][info][gc,heap        ] GC(170) Eden regions: 1227->0(1227)
[214.811s][info][gc,heap        ] GC(170) Survivor regions: 1->1(154)
[214.811s][info][gc,heap        ] GC(170) Old regions: 19->19
[214.811s][info][gc,heap        ] GC(170) Archive regions: 0->0
[214.811s][info][gc,heap        ] GC(170) Humongous regions: 0->0
[214.811s][info][gc,metaspace   ] GC(170) Metaspace: 52132K(52736K)->52132K(52736K) NonClass: 44725K(44992K)->44725K(44992K) Class: 7406K(7744K)->7406K(7744K)
[214.811s][info][gc             ] GC(170) Pause Young (Normal) (G1 Evacuation Pause) 1243M->16M(2048M) 1.591ms
[214.811s][info][gc,cpu         ] GC(170) User=0.00s Sys=0.00s Real=0.00s
[215.211s][info][gc,start       ] GC(171) Pause Full (System.gc())
[215.211s][info][gc,task        ] GC(171) Using 6 workers of 6 for full compaction
[215.212s][info][gc,phases,start] GC(171) Phase 1: Mark live objects
[215.218s][info][gc,phases      ] GC(171) Phase 1: Mark live objects 6.493ms
[215.218s][info][gc,phases,start] GC(171) Phase 2: Prepare for compaction
[215.220s][info][gc,phases      ] GC(171) Phase 2: Prepare for compaction 1.370ms
[215.220s][info][gc,phases,start] GC(171) Phase 3: Adjust pointers
[215.227s][info][gc,phases      ] GC(171) Phase 3: Adjust pointers 7.155ms
[215.227s][info][gc,phases,start] GC(171) Phase 4: Compact heap
[215.228s][info][gc,phases      ] GC(171) Phase 4: Compact heap 0.745ms
[215.237s][info][gc,heap        ] GC(171) Eden regions: 306->0(1228)
[215.237s][info][gc,heap        ] GC(171) Survivor regions: 1->0(154)
[215.237s][info][gc,heap        ] GC(171) Old regions: 19->19
[215.237s][info][gc,heap        ] GC(171) Archive regions: 0->0
[215.237s][info][gc,heap        ] GC(171) Humongous regions: 0->0
[215.237s][info][gc,metaspace   ] GC(171) Metaspace: 52132K(52736K)->52132K(52736K) NonClass: 44726K(44992K)->44726K(44992K) Class: 7406K(7744K)->7406K(7744K)
[215.237s][info][gc             ] GC(171) Pause Full (System.gc()) 321M->15M(2048M) 25.560ms
[215.237s][info][gc,cpu         ] GC(171) User=0.03s Sys=0.00s Real=0.03s
[216.801s][info][gc,start       ] GC(172) Pause Young (Normal) (G1 Evacuation Pause)
[216.801s][info][gc,task        ] GC(172) Using 6 workers of 6 for evacuation
[216.802s][info][gc,phases      ] GC(172)   Pre Evacuate Collection Set: 0.1ms
[216.802s][info][gc,phases      ] GC(172)   Merge Heap Roots: 0.1ms
[216.802s][info][gc,phases      ] GC(172)   Evacuate Collection Set: 0.6ms
[216.802s][info][gc,phases      ] GC(172)   Post Evacuate Collection Set: 0.5ms
[216.802s][info][gc,phases      ] GC(172)   Other: 0.2ms
[216.802s][info][gc,heap        ] GC(172) Eden regions: 1228->0(1227)
[216.802s][info][gc,heap        ] GC(172) Survivor regions: 0->1(154)
[216.802s][info][gc,heap        ] GC(172) Old regions: 19->19
[216.802s][info][gc,heap        ] GC(172) Archive regions: 0->0
[216.802s][info][gc,heap        ] GC(172) Humongous regions: 0->0
[216.802s][info][gc,metaspace   ] GC(172) Metaspace: 52136K(52736K)->52136K(52736K) NonClass: 44729K(44992K)->44729K(44992K) Class: 7406K(7744K)->7406K(7744K)
[216.802s][info][gc             ] GC(172) Pause Young (Normal) (G1 Evacuation Pause) 1243M->16M(2048M) 1.542ms
[216.802s][info][gc,cpu         ] GC(172) User=0.00s Sys=0.00s Real=0.00s
[218.351s][info][gc,start       ] GC(173) Pause Young (Normal) (G1 Evacuation Pause)
[218.351s][info][gc,task        ] GC(173) Using 6 workers of 6 for evacuation
[218.353s][info][gc,phases      ] GC(173)   Pre Evacuate Collection Set: 0.1ms
[218.353s][info][gc,phases      ] GC(173)   Merge Heap Roots: 0.1ms
[218.353s][info][gc,phases      ] GC(173)   Evacuate Collection Set: 0.5ms
[218.353s][info][gc,phases      ] GC(173)   Post Evacuate Collection Set: 0.4ms
[218.353s][info][gc,phases      ] GC(173)   Other: 0.2ms
[218.353s][info][gc,heap        ] GC(173) Eden regions: 1227->0(1227)
[218.353s][info][gc,heap        ] GC(173) Survivor regions: 1->1(154)
[218.353s][info][gc,heap        ] GC(173) Old regions: 19->19
[218.353s][info][gc,heap        ] GC(173) Archive regions: 0->0
[218.353s][info][gc,heap        ] GC(173) Humongous regions: 0->0
[218.353s][info][gc,metaspace   ] GC(173) Metaspace: 52136K(52736K)->52136K(52736K) NonClass: 44729K(44992K)->44729K(44992K) Class: 7406K(7744K)->7406K(7744K)
[218.353s][info][gc             ] GC(173) Pause Young (Normal) (G1 Evacuation Pause) 1243M->16M(2048M) 1.427ms
[218.353s][info][gc,cpu         ] GC(173) User=0.00s Sys=0.00s Real=0.00s
[218.752s][info][gc,start       ] GC(174) Pause Full (System.gc())
[218.752s][info][gc,task        ] GC(174) Using 6 workers of 6 for full compaction
[218.752s][info][gc,phases,start] GC(174) Phase 1: Mark live objects
[218.759s][info][gc,phases      ] GC(174) Phase 1: Mark live objects 6.471ms
[218.759s][info][gc,phases,start] GC(174) Phase 2: Prepare for compaction
[218.760s][info][gc,phases      ] GC(174) Phase 2: Prepare for compaction 1.394ms
[218.760s][info][gc,phases,start] GC(174) Phase 3: Adjust pointers
[218.767s][info][gc,phases      ] GC(174) Phase 3: Adjust pointers 6.746ms
[218.767s][info][gc,phases,start] GC(174) Phase 4: Compact heap
[218.768s][info][gc,phases      ] GC(174) Phase 4: Compact heap 0.649ms
[218.777s][info][gc,heap        ] GC(174) Eden regions: 304->0(1228)
[218.777s][info][gc,heap        ] GC(174) Survivor regions: 1->0(154)
[218.777s][info][gc,heap        ] GC(174) Old regions: 19->19
[218.777s][info][gc,heap        ] GC(174) Archive regions: 0->0
[218.777s][info][gc,heap        ] GC(174) Humongous regions: 0->0
[218.777s][info][gc,metaspace   ] GC(174) Metaspace: 52136K(52736K)->52136K(52736K) NonClass: 44729K(44992K)->44729K(44992K) Class: 7406K(7744K)->7406K(7744K)
[218.777s][info][gc             ] GC(174) Pause Full (System.gc()) 320M->15M(2048M) 25.456ms
[218.777s][info][gc,cpu         ] GC(174) User=0.19s Sys=0.00s Real=0.03s
[220.404s][info][gc,start       ] GC(175) Pause Young (Normal) (G1 Evacuation Pause)
[220.404s][info][gc,task        ] GC(175) Using 6 workers of 6 for evacuation
[220.406s][info][gc,phases      ] GC(175)   Pre Evacuate Collection Set: 0.1ms
[220.406s][info][gc,phases      ] GC(175)   Merge Heap Roots: 0.1ms
[220.406s][info][gc,phases      ] GC(175)   Evacuate Collection Set: 0.6ms
[220.406s][info][gc,phases      ] GC(175)   Post Evacuate Collection Set: 0.5ms
[220.406s][info][gc,phases      ] GC(175)   Other: 0.2ms
[220.406s][info][gc,heap        ] GC(175) Eden regions: 1228->0(1227)
[220.406s][info][gc,heap        ] GC(175) Survivor regions: 0->1(154)
[220.406s][info][gc,heap        ] GC(175) Old regions: 19->19
[220.406s][info][gc,heap        ] GC(175) Archive regions: 0->0
[220.406s][info][gc,heap        ] GC(175) Humongous regions: 0->0
[220.406s][info][gc,metaspace   ] GC(175) Metaspace: 52137K(52736K)->52137K(52736K) NonClass: 44730K(44992K)->44730K(44992K) Class: 7406K(7744K)->7406K(7744K)
[220.406s][info][gc             ] GC(175) Pause Young (Normal) (G1 Evacuation Pause) 1243M->16M(2048M) 1.545ms
[220.406s][info][gc,cpu         ] GC(175) User=0.00s Sys=0.00s Real=0.00s
[221.961s][info][gc,start       ] GC(176) Pause Young (Normal) (G1 Evacuation Pause)
[221.961s][info][gc,task        ] GC(176) Using 6 workers of 6 for evacuation
[221.962s][info][gc,phases      ] GC(176)   Pre Evacuate Collection Set: 0.1ms
[221.962s][info][gc,phases      ] GC(176)   Merge Heap Roots: 0.1ms
[221.962s][info][gc,phases      ] GC(176)   Evacuate Collection Set: 0.6ms
[221.962s][info][gc,phases      ] GC(176)   Post Evacuate Collection Set: 0.4ms
[221.962s][info][gc,phases      ] GC(176)   Other: 0.2ms
[221.962s][info][gc,heap        ] GC(176) Eden regions: 1227->0(1227)
[221.962s][info][gc,heap        ] GC(176) Survivor regions: 1->1(154)
[221.962s][info][gc,heap        ] GC(176) Old regions: 19->19
[221.962s][info][gc,heap        ] GC(176) Archive regions: 0->0
[221.962s][info][gc,heap        ] GC(176) Humongous regions: 0->0
[221.962s][info][gc,metaspace   ] GC(176) Metaspace: 52137K(52736K)->52137K(52736K) NonClass: 44730K(44992K)->44730K(44992K) Class: 7406K(7744K)->7406K(7744K)
[221.962s][info][gc             ] GC(176) Pause Young (Normal) (G1 Evacuation Pause) 1243M->16M(2048M) 1.514ms
[221.962s][info][gc,cpu         ] GC(176) User=0.00s Sys=0.00s Real=0.00s
[222.386s][info][gc,start       ] GC(177) Pause Full (System.gc())
[222.386s][info][gc,task        ] GC(177) Using 6 workers of 6 for full compaction
[222.387s][info][gc,phases,start] GC(177) Phase 1: Mark live objects
[222.393s][info][gc,phases      ] GC(177) Phase 1: Mark live objects 5.949ms
[222.393s][info][gc,phases,start] GC(177) Phase 2: Prepare for compaction
[222.394s][info][gc,phases      ] GC(177) Phase 2: Prepare for compaction 1.361ms
[222.394s][info][gc,phases,start] GC(177) Phase 3: Adjust pointers
[222.401s][info][gc,phases      ] GC(177) Phase 3: Adjust pointers 6.808ms
[222.401s][info][gc,phases,start] GC(177) Phase 4: Compact heap
[222.401s][info][gc,phases      ] GC(177) Phase 4: Compact heap 0.567ms
[222.411s][info][gc,heap        ] GC(177) Eden regions: 307->0(1228)
[222.411s][info][gc,heap        ] GC(177) Survivor regions: 1->0(154)
[222.411s][info][gc,heap        ] GC(177) Old regions: 19->19
[222.411s][info][gc,heap        ] GC(177) Archive regions: 0->0
[222.411s][info][gc,heap        ] GC(177) Humongous regions: 0->0
[222.411s][info][gc,metaspace   ] GC(177) Metaspace: 52138K(52736K)->52138K(52736K) NonClass: 44731K(44992K)->44731K(44992K) Class: 7406K(7744K)->7406K(7744K)
[222.411s][info][gc             ] GC(177) Pause Full (System.gc()) 323M->15M(2048M) 25.038ms
[222.411s][info][gc,cpu         ] GC(177) User=0.09s Sys=0.02s Real=0.03s
[223.987s][info][gc,start       ] GC(178) Pause Young (Normal) (G1 Evacuation Pause)
[223.987s][info][gc,task        ] GC(178) Using 6 workers of 6 for evacuation
[223.988s][info][gc,phases      ] GC(178)   Pre Evacuate Collection Set: 0.1ms
[223.988s][info][gc,phases      ] GC(178)   Merge Heap Roots: 0.1ms
[223.988s][info][gc,phases      ] GC(178)   Evacuate Collection Set: 0.6ms
[223.988s][info][gc,phases      ] GC(178)   Post Evacuate Collection Set: 0.5ms
[223.988s][info][gc,phases      ] GC(178)   Other: 0.2ms
[223.988s][info][gc,heap        ] GC(178) Eden regions: 1228->0(1227)
[223.988s][info][gc,heap        ] GC(178) Survivor regions: 0->1(154)
[223.988s][info][gc,heap        ] GC(178) Old regions: 19->19
[223.988s][info][gc,heap        ] GC(178) Archive regions: 0->0
[223.988s][info][gc,heap        ] GC(178) Humongous regions: 0->0
[223.988s][info][gc,metaspace   ] GC(178) Metaspace: 52139K(52736K)->52139K(52736K) NonClass: 44732K(44992K)->44732K(44992K) Class: 7406K(7744K)->7406K(7744K)
[223.988s][info][gc             ] GC(178) Pause Young (Normal) (G1 Evacuation Pause) 1243M->16M(2048M) 1.553ms
[223.988s][info][gc,cpu         ] GC(178) User=0.00s Sys=0.00s Real=0.00s
[225.567s][info][gc,start       ] GC(179) Pause Young (Normal) (G1 Evacuation Pause)
[225.567s][info][gc,task        ] GC(179) Using 6 workers of 6 for evacuation
[225.569s][info][gc,phases      ] GC(179)   Pre Evacuate Collection Set: 0.1ms
[225.569s][info][gc,phases      ] GC(179)   Merge Heap Roots: 0.1ms
[225.569s][info][gc,phases      ] GC(179)   Evacuate Collection Set: 0.5ms
[225.569s][info][gc,phases      ] GC(179)   Post Evacuate Collection Set: 0.4ms
[225.569s][info][gc,phases      ] GC(179)   Other: 0.2ms
[225.569s][info][gc,heap        ] GC(179) Eden regions: 1227->0(1227)
[225.569s][info][gc,heap        ] GC(179) Survivor regions: 1->1(154)
[225.569s][info][gc,heap        ] GC(179) Old regions: 19->19
[225.569s][info][gc,heap        ] GC(179) Archive regions: 0->0
[225.569s][info][gc,heap        ] GC(179) Humongous regions: 0->0
[225.569s][info][gc,metaspace   ] GC(179) Metaspace: 52139K(52736K)->52139K(52736K) NonClass: 44732K(44992K)->44732K(44992K) Class: 7406K(7744K)->7406K(7744K)
[225.569s][info][gc             ] GC(179) Pause Young (Normal) (G1 Evacuation Pause) 1243M->16M(2048M) 1.455ms
[225.569s][info][gc,cpu         ] GC(179) User=0.00s Sys=0.00s Real=0.00s
[225.991s][info][gc,start       ] GC(180) Pause Full (System.gc())
[225.991s][info][gc,task        ] GC(180) Using 6 workers of 6 for full compaction
[225.992s][info][gc,phases,start] GC(180) Phase 1: Mark live objects
[225.998s][info][gc,phases      ] GC(180) Phase 1: Mark live objects 6.685ms
[225.998s][info][gc,phases,start] GC(180) Phase 2: Prepare for compaction
[226.000s][info][gc,phases      ] GC(180) Phase 2: Prepare for compaction 1.350ms
[226.000s][info][gc,phases,start] GC(180) Phase 3: Adjust pointers
[226.007s][info][gc,phases      ] GC(180) Phase 3: Adjust pointers 7.058ms
[226.007s][info][gc,phases,start] GC(180) Phase 4: Compact heap
[226.008s][info][gc,phases      ] GC(180) Phase 4: Compact heap 0.646ms
[226.017s][info][gc,heap        ] GC(180) Eden regions: 302->0(1228)
[226.017s][info][gc,heap        ] GC(180) Survivor regions: 1->0(154)
[226.017s][info][gc,heap        ] GC(180) Old regions: 19->19
[226.017s][info][gc,heap        ] GC(180) Archive regions: 0->0
[226.017s][info][gc,heap        ] GC(180) Humongous regions: 0->0
[226.017s][info][gc,metaspace   ] GC(180) Metaspace: 52139K(52736K)->52139K(52736K) NonClass: 44732K(44992K)->44732K(44992K) Class: 7406K(7744K)->7406K(7744K)
[226.017s][info][gc             ] GC(180) Pause Full (System.gc()) 318M->15M(2048M) 25.988ms
[226.017s][info][gc,cpu         ] GC(180) User=0.02s Sys=0.00s Real=0.03s
[227.624s][info][gc,start       ] GC(181) Pause Young (Normal) (G1 Evacuation Pause)
[227.624s][info][gc,task        ] GC(181) Using 6 workers of 6 for evacuation
[227.626s][info][gc,phases      ] GC(181)   Pre Evacuate Collection Set: 0.1ms
[227.626s][info][gc,phases      ] GC(181)   Merge Heap Roots: 0.1ms
[227.626s][info][gc,phases      ] GC(181)   Evacuate Collection Set: 0.6ms
[227.626s][info][gc,phases      ] GC(181)   Post Evacuate Collection Set: 0.4ms
[227.626s][info][gc,phases      ] GC(181)   Other: 0.2ms
[227.626s][info][gc,heap        ] GC(181) Eden regions: 1228->0(1227)
[227.626s][info][gc,heap        ] GC(181) Survivor regions: 0->1(154)
[227.626s][info][gc,heap        ] GC(181) Old regions: 19->19
[227.626s][info][gc,heap        ] GC(181) Archive regions: 0->0
[227.626s][info][gc,heap        ] GC(181) Humongous regions: 0->0
[227.626s][info][gc,metaspace   ] GC(181) Metaspace: 52142K(52736K)->52142K(52736K) NonClass: 44736K(44992K)->44736K(44992K) Class: 7406K(7744K)->7406K(7744K)
[227.626s][info][gc             ] GC(181) Pause Young (Normal) (G1 Evacuation Pause) 1243M->16M(2048M) 1.509ms
[227.626s][info][gc,cpu         ] GC(181) User=0.00s Sys=0.00s Real=0.00s
[229.187s][info][gc,start       ] GC(182) Pause Young (Normal) (G1 Evacuation Pause)
[229.187s][info][gc,task        ] GC(182) Using 6 workers of 6 for evacuation
[229.189s][info][gc,phases      ] GC(182)   Pre Evacuate Collection Set: 0.1ms
[229.189s][info][gc,phases      ] GC(182)   Merge Heap Roots: 0.1ms
[229.189s][info][gc,phases      ] GC(182)   Evacuate Collection Set: 0.5ms
[229.189s][info][gc,phases      ] GC(182)   Post Evacuate Collection Set: 0.5ms
[229.189s][info][gc,phases      ] GC(182)   Other: 0.2ms
[229.189s][info][gc,heap        ] GC(182) Eden regions: 1227->0(1227)
[229.189s][info][gc,heap        ] GC(182) Survivor regions: 1->1(154)
[229.189s][info][gc,heap        ] GC(182) Old regions: 19->19
[229.189s][info][gc,heap        ] GC(182) Archive regions: 0->0
[229.189s][info][gc,heap        ] GC(182) Humongous regions: 0->0
[229.189s][info][gc,metaspace   ] GC(182) Metaspace: 52142K(52736K)->52142K(52736K) NonClass: 44736K(44992K)->44736K(44992K) Class: 7406K(7744K)->7406K(7744K)
[229.189s][info][gc             ] GC(182) Pause Young (Normal) (G1 Evacuation Pause) 1243M->16M(2048M) 1.623ms
[229.189s][info][gc,cpu         ] GC(182) User=0.00s Sys=0.00s Real=0.00s
[229.707s][info][gc,start       ] GC(183) Pause Full (System.gc())
[229.707s][info][gc,task        ] GC(183) Using 6 workers of 6 for full compaction
[229.708s][info][gc,phases,start] GC(183) Phase 1: Mark live objects
[229.714s][info][gc,phases      ] GC(183) Phase 1: Mark live objects 6.583ms
[229.714s][info][gc,phases,start] GC(183) Phase 2: Prepare for compaction
[229.716s][info][gc,phases      ] GC(183) Phase 2: Prepare for compaction 1.397ms
[229.716s][info][gc,phases,start] GC(183) Phase 3: Adjust pointers
[229.723s][info][gc,phases      ] GC(183) Phase 3: Adjust pointers 6.763ms
[229.723s][info][gc,phases,start] GC(183) Phase 4: Compact heap
[229.723s][info][gc,phases      ] GC(183) Phase 4: Compact heap 0.608ms
[229.733s][info][gc,heap        ] GC(183) Eden regions: 307->0(1228)
[229.733s][info][gc,heap        ] GC(183) Survivor regions: 1->0(154)
[229.733s][info][gc,heap        ] GC(183) Old regions: 19->20
[229.733s][info][gc,heap        ] GC(183) Archive regions: 0->0
[229.733s][info][gc,heap        ] GC(183) Humongous regions: 0->0
[229.733s][info][gc,metaspace   ] GC(183) Metaspace: 52142K(52736K)->52142K(52736K) NonClass: 44736K(44992K)->44736K(44992K) Class: 7406K(7744K)->7406K(7744K)
[229.733s][info][gc             ] GC(183) Pause Full (System.gc()) 322M->15M(2048M) 25.559ms
[229.733s][info][gc,cpu         ] GC(183) User=0.02s Sys=0.00s Real=0.03s
[231.428s][info][gc,start       ] GC(184) Pause Young (Normal) (G1 Evacuation Pause)
[231.428s][info][gc,task        ] GC(184) Using 6 workers of 6 for evacuation
[231.429s][info][gc,phases      ] GC(184)   Pre Evacuate Collection Set: 0.1ms
[231.429s][info][gc,phases      ] GC(184)   Merge Heap Roots: 0.1ms
[231.429s][info][gc,phases      ] GC(184)   Evacuate Collection Set: 0.6ms
[231.429s][info][gc,phases      ] GC(184)   Post Evacuate Collection Set: 0.4ms
[231.429s][info][gc,phases      ] GC(184)   Other: 0.2ms
[231.429s][info][gc,heap        ] GC(184) Eden regions: 1228->0(1227)
[231.429s][info][gc,heap        ] GC(184) Survivor regions: 0->1(154)
[231.429s][info][gc,heap        ] GC(184) Old regions: 20->20
[231.429s][info][gc,heap        ] GC(184) Archive regions: 0->0
[231.429s][info][gc,heap        ] GC(184) Humongous regions: 0->0
[231.429s][info][gc,metaspace   ] GC(184) Metaspace: 52145K(52736K)->52145K(52736K) NonClass: 44738K(44992K)->44738K(44992K) Class: 7406K(7744K)->7406K(7744K)
[231.429s][info][gc             ] GC(184) Pause Young (Normal) (G1 Evacuation Pause) 1243M->16M(2048M) 1.501ms
[231.429s][info][gc,cpu         ] GC(184) User=0.00s Sys=0.00s Real=0.00s
[232.964s][info][gc,start       ] GC(185) Pause Young (Normal) (G1 Evacuation Pause)
[232.964s][info][gc,task        ] GC(185) Using 6 workers of 6 for evacuation
[232.966s][info][gc,phases      ] GC(185)   Pre Evacuate Collection Set: 0.1ms
[232.966s][info][gc,phases      ] GC(185)   Merge Heap Roots: 0.1ms
[232.966s][info][gc,phases      ] GC(185)   Evacuate Collection Set: 0.5ms
[232.966s][info][gc,phases      ] GC(185)   Post Evacuate Collection Set: 0.4ms
[232.966s][info][gc,phases      ] GC(185)   Other: 0.2ms
[232.966s][info][gc,heap        ] GC(185) Eden regions: 1227->0(1227)
[232.966s][info][gc,heap        ] GC(185) Survivor regions: 1->1(154)
[232.966s][info][gc,heap        ] GC(185) Old regions: 20->20
[232.966s][info][gc,heap        ] GC(185) Archive regions: 0->0
[232.966s][info][gc,heap        ] GC(185) Humongous regions: 0->0
[232.966s][info][gc,metaspace   ] GC(185) Metaspace: 52145K(52736K)->52145K(52736K) NonClass: 44738K(44992K)->44738K(44992K) Class: 7406K(7744K)->7406K(7744K)
[232.966s][info][gc             ] GC(185) Pause Young (Normal) (G1 Evacuation Pause) 1243M->16M(2048M) 1.469ms
[232.966s][info][gc,cpu         ] GC(185) User=0.00s Sys=0.00s Real=0.00s
[233.387s][info][gc,start       ] GC(186) Pause Full (System.gc())
[233.387s][info][gc,task        ] GC(186) Using 6 workers of 6 for full compaction
[233.387s][info][gc,phases,start] GC(186) Phase 1: Mark live objects
[233.394s][info][gc,phases      ] GC(186) Phase 1: Mark live objects 6.491ms
[233.394s][info][gc,phases,start] GC(186) Phase 2: Prepare for compaction
[233.396s][info][gc,phases      ] GC(186) Phase 2: Prepare for compaction 1.542ms
[233.396s][info][gc,phases,start] GC(186) Phase 3: Adjust pointers
[233.402s][info][gc,phases      ] GC(186) Phase 3: Adjust pointers 6.784ms
[233.403s][info][gc,phases,start] GC(186) Phase 4: Compact heap
[233.403s][info][gc,phases      ] GC(186) Phase 4: Compact heap 0.668ms
[233.413s][info][gc,heap        ] GC(186) Eden regions: 308->0(1228)
[233.413s][info][gc,heap        ] GC(186) Survivor regions: 1->0(154)
[233.413s][info][gc,heap        ] GC(186) Old regions: 20->19
[233.413s][info][gc,heap        ] GC(186) Archive regions: 0->0
[233.413s][info][gc,heap        ] GC(186) Humongous regions: 0->0
[233.413s][info][gc,metaspace   ] GC(186) Metaspace: 52145K(52736K)->52145K(52736K) NonClass: 44738K(44992K)->44738K(44992K) Class: 7406K(7744K)->7406K(7744K)
[233.413s][info][gc             ] GC(186) Pause Full (System.gc()) 324M->15M(2048M) 25.511ms
[233.413s][info][gc,cpu         ] GC(186) User=0.11s Sys=0.00s Real=0.02s
[235.001s][info][gc,start       ] GC(187) Pause Young (Normal) (G1 Evacuation Pause)
[235.001s][info][gc,task        ] GC(187) Using 6 workers of 6 for evacuation
[235.002s][info][gc,phases      ] GC(187)   Pre Evacuate Collection Set: 0.1ms
[235.002s][info][gc,phases      ] GC(187)   Merge Heap Roots: 0.1ms
[235.002s][info][gc,phases      ] GC(187)   Evacuate Collection Set: 0.5ms
[235.002s][info][gc,phases      ] GC(187)   Post Evacuate Collection Set: 0.4ms
[235.002s][info][gc,phases      ] GC(187)   Other: 0.2ms
[235.002s][info][gc,heap        ] GC(187) Eden regions: 1228->0(1227)
[235.002s][info][gc,heap        ] GC(187) Survivor regions: 0->1(154)
[235.002s][info][gc,heap        ] GC(187) Old regions: 19->19
[235.003s][info][gc,heap        ] GC(187) Archive regions: 0->0
[235.003s][info][gc,heap        ] GC(187) Humongous regions: 0->0
[235.003s][info][gc,metaspace   ] GC(187) Metaspace: 52152K(52736K)->52152K(52736K) NonClass: 44745K(44992K)->44745K(44992K) Class: 7406K(7744K)->7406K(7744K)
[235.003s][info][gc             ] GC(187) Pause Young (Normal) (G1 Evacuation Pause) 1243M->16M(2048M) 1.497ms
[235.003s][info][gc,cpu         ] GC(187) User=0.00s Sys=0.00s Real=0.00s
[236.559s][info][gc,start       ] GC(188) Pause Young (Normal) (G1 Evacuation Pause)
[236.559s][info][gc,task        ] GC(188) Using 6 workers of 6 for evacuation
[236.561s][info][gc,phases      ] GC(188)   Pre Evacuate Collection Set: 0.1ms
[236.561s][info][gc,phases      ] GC(188)   Merge Heap Roots: 0.1ms
[236.561s][info][gc,phases      ] GC(188)   Evacuate Collection Set: 0.6ms
[236.561s][info][gc,phases      ] GC(188)   Post Evacuate Collection Set: 0.4ms
[236.561s][info][gc,phases      ] GC(188)   Other: 0.2ms
[236.561s][info][gc,heap        ] GC(188) Eden regions: 1227->0(1227)
[236.561s][info][gc,heap        ] GC(188) Survivor regions: 1->1(154)
[236.561s][info][gc,heap        ] GC(188) Old regions: 19->19
[236.561s][info][gc,heap        ] GC(188) Archive regions: 0->0
[236.561s][info][gc,heap        ] GC(188) Humongous regions: 0->0
[236.561s][info][gc,metaspace   ] GC(188) Metaspace: 52152K(52736K)->52152K(52736K) NonClass: 44745K(44992K)->44745K(44992K) Class: 7406K(7744K)->7406K(7744K)
[236.561s][info][gc             ] GC(188) Pause Young (Normal) (G1 Evacuation Pause) 1243M->16M(2048M) 1.484ms
[236.561s][info][gc,cpu         ] GC(188) User=0.00s Sys=0.00s Real=0.00s
[236.980s][info][gc,start       ] GC(189) Pause Full (System.gc())
[236.980s][info][gc,task        ] GC(189) Using 6 workers of 6 for full compaction
[236.981s][info][gc,phases,start] GC(189) Phase 1: Mark live objects
[236.987s][info][gc,phases      ] GC(189) Phase 1: Mark live objects 6.353ms
[236.987s][info][gc,phases,start] GC(189) Phase 2: Prepare for compaction
[236.989s][info][gc,phases      ] GC(189) Phase 2: Prepare for compaction 1.513ms
[236.989s][info][gc,phases,start] GC(189) Phase 3: Adjust pointers
[236.996s][info][gc,phases      ] GC(189) Phase 3: Adjust pointers 6.953ms
[236.996s][info][gc,phases,start] GC(189) Phase 4: Compact heap
[236.996s][info][gc,phases      ] GC(189) Phase 4: Compact heap 0.639ms
[237.006s][info][gc,heap        ] GC(189) Eden regions: 305->0(1228)
[237.006s][info][gc,heap        ] GC(189) Survivor regions: 1->0(154)
[237.006s][info][gc,heap        ] GC(189) Old regions: 19->19
[237.006s][info][gc,heap        ] GC(189) Archive regions: 0->0
[237.006s][info][gc,heap        ] GC(189) Humongous regions: 0->0
[237.006s][info][gc,metaspace   ] GC(189) Metaspace: 52152K(52736K)->52152K(52736K) NonClass: 44745K(44992K)->44745K(44992K) Class: 7406K(7744K)->7406K(7744K)
[237.006s][info][gc             ] GC(189) Pause Full (System.gc()) 320M->15M(2048M) 25.387ms
[237.006s][info][gc,cpu         ] GC(189) User=0.03s Sys=0.00s Real=0.04s
[238.586s][info][gc,start       ] GC(190) Pause Young (Normal) (G1 Evacuation Pause)
[238.586s][info][gc,task        ] GC(190) Using 6 workers of 6 for evacuation
[238.588s][info][gc,phases      ] GC(190)   Pre Evacuate Collection Set: 0.1ms
[238.588s][info][gc,phases      ] GC(190)   Merge Heap Roots: 0.1ms
[238.588s][info][gc,phases      ] GC(190)   Evacuate Collection Set: 0.6ms
[238.588s][info][gc,phases      ] GC(190)   Post Evacuate Collection Set: 0.5ms
[238.588s][info][gc,phases      ] GC(190)   Other: 0.2ms
[238.588s][info][gc,heap        ] GC(190) Eden regions: 1228->0(1227)
[238.588s][info][gc,heap        ] GC(190) Survivor regions: 0->1(154)
[238.588s][info][gc,heap        ] GC(190) Old regions: 19->19
[238.588s][info][gc,heap        ] GC(190) Archive regions: 0->0
[238.588s][info][gc,heap        ] GC(190) Humongous regions: 0->0
[238.588s][info][gc,metaspace   ] GC(190) Metaspace: 52161K(52736K)->52161K(52736K) NonClass: 44754K(44992K)->44754K(44992K) Class: 7406K(7744K)->7406K(7744K)
[238.588s][info][gc             ] GC(190) Pause Young (Normal) (G1 Evacuation Pause) 1243M->16M(2048M) 1.536ms
[238.588s][info][gc,cpu         ] GC(190) User=0.00s Sys=0.00s Real=0.00s
[240.121s][info][gc,start       ] GC(191) Pause Young (Normal) (G1 Evacuation Pause)
[240.121s][info][gc,task        ] GC(191) Using 6 workers of 6 for evacuation
[240.122s][info][gc,phases      ] GC(191)   Pre Evacuate Collection Set: 0.1ms
[240.122s][info][gc,phases      ] GC(191)   Merge Heap Roots: 0.1ms
[240.122s][info][gc,phases      ] GC(191)   Evacuate Collection Set: 0.5ms
[240.122s][info][gc,phases      ] GC(191)   Post Evacuate Collection Set: 0.5ms
[240.122s][info][gc,phases      ] GC(191)   Other: 0.2ms
[240.122s][info][gc,heap        ] GC(191) Eden regions: 1227->0(1227)
[240.122s][info][gc,heap        ] GC(191) Survivor regions: 1->1(154)
[240.122s][info][gc,heap        ] GC(191) Old regions: 19->19
[240.122s][info][gc,heap        ] GC(191) Archive regions: 0->0
[240.122s][info][gc,heap        ] GC(191) Humongous regions: 0->0
[240.122s][info][gc,metaspace   ] GC(191) Metaspace: 52161K(52736K)->52161K(52736K) NonClass: 44754K(44992K)->44754K(44992K) Class: 7406K(7744K)->7406K(7744K)
[240.122s][info][gc             ] GC(191) Pause Young (Normal) (G1 Evacuation Pause) 1243M->16M(2048M) 1.472ms
[240.122s][info][gc,cpu         ] GC(191) User=0.00s Sys=0.00s Real=0.00s
[240.552s][info][gc,start       ] GC(192) Pause Full (System.gc())
[240.552s][info][gc,task        ] GC(192) Using 6 workers of 6 for full compaction
[240.553s][info][gc,phases,start] GC(192) Phase 1: Mark live objects
[240.559s][info][gc,phases      ] GC(192) Phase 1: Mark live objects 6.651ms
[240.559s][info][gc,phases,start] GC(192) Phase 2: Prepare for compaction
[240.561s][info][gc,phases      ] GC(192) Phase 2: Prepare for compaction 1.446ms
[240.561s][info][gc,phases,start] GC(192) Phase 3: Adjust pointers
[240.568s][info][gc,phases      ] GC(192) Phase 3: Adjust pointers 6.709ms
[240.568s][info][gc,phases,start] GC(192) Phase 4: Compact heap
[240.568s][info][gc,phases      ] GC(192) Phase 4: Compact heap 0.765ms
[240.578s][info][gc,heap        ] GC(192) Eden regions: 306->0(1228)
[240.578s][info][gc,heap        ] GC(192) Survivor regions: 1->0(154)
[240.578s][info][gc,heap        ] GC(192) Old regions: 19->19
[240.578s][info][gc,heap        ] GC(192) Archive regions: 0->0
[240.578s][info][gc,heap        ] GC(192) Humongous regions: 0->0
[240.578s][info][gc,metaspace   ] GC(192) Metaspace: 52162K(52736K)->52162K(52736K) NonClass: 44755K(44992K)->44755K(44992K) Class: 7406K(7744K)->7406K(7744K)
[240.578s][info][gc             ] GC(192) Pause Full (System.gc()) 322M->15M(2048M) 25.948ms
[240.578s][info][gc,cpu         ] GC(192) User=0.02s Sys=0.00s Real=0.03s
[242.152s][info][gc,start       ] GC(193) Pause Young (Normal) (G1 Evacuation Pause)
[242.152s][info][gc,task        ] GC(193) Using 6 workers of 6 for evacuation
[242.154s][info][gc,phases      ] GC(193)   Pre Evacuate Collection Set: 0.4ms
[242.154s][info][gc,phases      ] GC(193)   Merge Heap Roots: 0.1ms
[242.154s][info][gc,phases      ] GC(193)   Evacuate Collection Set: 0.6ms
[242.154s][info][gc,phases      ] GC(193)   Post Evacuate Collection Set: 0.6ms
[242.154s][info][gc,phases      ] GC(193)   Other: 0.2ms
[242.154s][info][gc,heap        ] GC(193) Eden regions: 1228->0(1227)
[242.154s][info][gc,heap        ] GC(193) Survivor regions: 0->1(154)
[242.154s][info][gc,heap        ] GC(193) Old regions: 19->19
[242.154s][info][gc,heap        ] GC(193) Archive regions: 0->0
[242.154s][info][gc,heap        ] GC(193) Humongous regions: 0->0
[242.154s][info][gc,metaspace   ] GC(193) Metaspace: 52174K(52736K)->52174K(52736K) NonClass: 44768K(44992K)->44768K(44992K) Class: 7406K(7744K)->7406K(7744K)
[242.154s][info][gc             ] GC(193) Pause Young (Normal) (G1 Evacuation Pause) 1243M->16M(2048M) 2.035ms
[242.154s][info][gc,cpu         ] GC(193) User=0.00s Sys=0.00s Real=0.00s
[243.709s][info][gc,start       ] GC(194) Pause Young (Normal) (G1 Evacuation Pause)
[243.709s][info][gc,task        ] GC(194) Using 6 workers of 6 for evacuation
[243.710s][info][gc,phases      ] GC(194)   Pre Evacuate Collection Set: 0.1ms
[243.710s][info][gc,phases      ] GC(194)   Merge Heap Roots: 0.1ms
[243.710s][info][gc,phases      ] GC(194)   Evacuate Collection Set: 0.5ms
[243.710s][info][gc,phases      ] GC(194)   Post Evacuate Collection Set: 0.4ms
[243.710s][info][gc,phases      ] GC(194)   Other: 0.2ms
[243.710s][info][gc,heap        ] GC(194) Eden regions: 1227->0(1227)
[243.710s][info][gc,heap        ] GC(194) Survivor regions: 1->1(154)
[243.710s][info][gc,heap        ] GC(194) Old regions: 19->19
[243.710s][info][gc,heap        ] GC(194) Archive regions: 0->0
[243.710s][info][gc,heap        ] GC(194) Humongous regions: 0->0
[243.710s][info][gc,metaspace   ] GC(194) Metaspace: 52174K(52736K)->52174K(52736K) NonClass: 44768K(44992K)->44768K(44992K) Class: 7406K(7744K)->7406K(7744K)
[243.710s][info][gc             ] GC(194) Pause Young (Normal) (G1 Evacuation Pause) 1243M->16M(2048M) 1.418ms
[243.710s][info][gc,cpu         ] GC(194) User=0.00s Sys=0.00s Real=0.00s
[244.112s][info][gc,start       ] GC(195) Pause Full (System.gc())
[244.112s][info][gc,task        ] GC(195) Using 6 workers of 6 for full compaction
[244.112s][info][gc,phases,start] GC(195) Phase 1: Mark live objects
[244.118s][info][gc,phases      ] GC(195) Phase 1: Mark live objects 6.364ms
[244.118s][info][gc,phases,start] GC(195) Phase 2: Prepare for compaction
[244.120s][info][gc,phases      ] GC(195) Phase 2: Prepare for compaction 1.423ms
[244.120s][info][gc,phases,start] GC(195) Phase 3: Adjust pointers
[244.127s][info][gc,phases      ] GC(195) Phase 3: Adjust pointers 7.103ms
[244.127s][info][gc,phases,start] GC(195) Phase 4: Compact heap
[244.128s][info][gc,phases      ] GC(195) Phase 4: Compact heap 0.680ms
[244.137s][info][gc,heap        ] GC(195) Eden regions: 306->0(1228)
[244.137s][info][gc,heap        ] GC(195) Survivor regions: 1->0(154)
[244.137s][info][gc,heap        ] GC(195) Old regions: 19->19
[244.137s][info][gc,heap        ] GC(195) Archive regions: 0->0
[244.137s][info][gc,heap        ] GC(195) Humongous regions: 0->0
[244.137s][info][gc,metaspace   ] GC(195) Metaspace: 52181K(52736K)->52181K(52736K) NonClass: 44774K(44992K)->44774K(44992K) Class: 7406K(7744K)->7406K(7744K)
[244.137s][info][gc             ] GC(195) Pause Full (System.gc()) 321M->15M(2048M) 25.942ms
[244.138s][info][gc,cpu         ] GC(195) User=0.17s Sys=0.00s Real=0.02s
[245.726s][info][gc,start       ] GC(196) Pause Young (Normal) (G1 Evacuation Pause)
[245.726s][info][gc,task        ] GC(196) Using 6 workers of 6 for evacuation
[245.727s][info][gc,phases      ] GC(196)   Pre Evacuate Collection Set: 0.1ms
[245.727s][info][gc,phases      ] GC(196)   Merge Heap Roots: 0.1ms
[245.727s][info][gc,phases      ] GC(196)   Evacuate Collection Set: 0.6ms
[245.727s][info][gc,phases      ] GC(196)   Post Evacuate Collection Set: 0.5ms
[245.727s][info][gc,phases      ] GC(196)   Other: 0.2ms
[245.727s][info][gc,heap        ] GC(196) Eden regions: 1228->0(1227)
[245.727s][info][gc,heap        ] GC(196) Survivor regions: 0->1(154)
[245.727s][info][gc,heap        ] GC(196) Old regions: 19->19
[245.727s][info][gc,heap        ] GC(196) Archive regions: 0->0
[245.727s][info][gc,heap        ] GC(196) Humongous regions: 0->0
[245.727s][info][gc,metaspace   ] GC(196) Metaspace: 52220K(52800K)->52220K(52800K) NonClass: 44813K(45056K)->44813K(45056K) Class: 7406K(7744K)->7406K(7744K)
[245.727s][info][gc             ] GC(196) Pause Young (Normal) (G1 Evacuation Pause) 1243M->16M(2048M) 1.597ms
[245.727s][info][gc,cpu         ] GC(196) User=0.00s Sys=0.00s Real=0.00s
[247.266s][info][gc,start       ] GC(197) Pause Young (Normal) (G1 Evacuation Pause)
[247.266s][info][gc,task        ] GC(197) Using 6 workers of 6 for evacuation
[247.268s][info][gc,phases      ] GC(197)   Pre Evacuate Collection Set: 0.1ms
[247.268s][info][gc,phases      ] GC(197)   Merge Heap Roots: 0.1ms
[247.268s][info][gc,phases      ] GC(197)   Evacuate Collection Set: 0.6ms
[247.268s][info][gc,phases      ] GC(197)   Post Evacuate Collection Set: 0.4ms
[247.268s][info][gc,phases      ] GC(197)   Other: 0.2ms
[247.268s][info][gc,heap        ] GC(197) Eden regions: 1227->0(1227)
[247.268s][info][gc,heap        ] GC(197) Survivor regions: 1->1(154)
[247.268s][info][gc,heap        ] GC(197) Old regions: 19->19
[247.268s][info][gc,heap        ] GC(197) Archive regions: 0->0
[247.268s][info][gc,heap        ] GC(197) Humongous regions: 0->0
[247.268s][info][gc,metaspace   ] GC(197) Metaspace: 52220K(52800K)->52220K(52800K) NonClass: 44813K(45056K)->44813K(45056K) Class: 7406K(7744K)->7406K(7744K)
[247.268s][info][gc             ] GC(197) Pause Young (Normal) (G1 Evacuation Pause) 1243M->16M(2048M) 1.473ms
[247.268s][info][gc,cpu         ] GC(197) User=0.00s Sys=0.00s Real=0.00s
[247.670s][info][gc,start       ] GC(198) Pause Full (System.gc())
[247.670s][info][gc,task        ] GC(198) Using 6 workers of 6 for full compaction
[247.670s][info][gc,phases,start] GC(198) Phase 1: Mark live objects
[247.678s][info][gc,phases      ] GC(198) Phase 1: Mark live objects 7.058ms
[247.678s][info][gc,phases,start] GC(198) Phase 2: Prepare for compaction
[247.679s][info][gc,phases      ] GC(198) Phase 2: Prepare for compaction 1.387ms
[247.679s][info][gc,phases,start] GC(198) Phase 3: Adjust pointers
[247.686s][info][gc,phases      ] GC(198) Phase 3: Adjust pointers 6.958ms
[247.686s][info][gc,phases,start] GC(198) Phase 4: Compact heap
[247.687s][info][gc,phases      ] GC(198) Phase 4: Compact heap 0.651ms
[247.696s][info][gc,heap        ] GC(198) Eden regions: 307->0(1228)
[247.696s][info][gc,heap        ] GC(198) Survivor regions: 1->0(154)
[247.696s][info][gc,heap        ] GC(198) Old regions: 19->19
[247.696s][info][gc,heap        ] GC(198) Archive regions: 0->0
[247.696s][info][gc,heap        ] GC(198) Humongous regions: 0->0
[247.696s][info][gc,metaspace   ] GC(198) Metaspace: 52237K(52800K)->52237K(52800K) NonClass: 44830K(45056K)->44830K(45056K) Class: 7406K(7744K)->7406K(7744K)
[247.696s][info][gc             ] GC(198) Pause Full (System.gc()) 322M->15M(2048M) 25.805ms
[247.696s][info][gc,cpu         ] GC(198) User=0.11s Sys=0.00s Real=0.03s
[249.294s][info][gc,start       ] GC(199) Pause Young (Normal) (G1 Evacuation Pause)
[249.294s][info][gc,task        ] GC(199) Using 6 workers of 6 for evacuation
[249.295s][info][gc,phases      ] GC(199)   Pre Evacuate Collection Set: 0.1ms
[249.295s][info][gc,phases      ] GC(199)   Merge Heap Roots: 0.1ms
[249.295s][info][gc,phases      ] GC(199)   Evacuate Collection Set: 0.7ms
[249.295s][info][gc,phases      ] GC(199)   Post Evacuate Collection Set: 0.4ms
[249.295s][info][gc,phases      ] GC(199)   Other: 0.2ms
[249.295s][info][gc,heap        ] GC(199) Eden regions: 1228->0(1227)
[249.295s][info][gc,heap        ] GC(199) Survivor regions: 0->1(154)
[249.295s][info][gc,heap        ] GC(199) Old regions: 19->19
[249.295s][info][gc,heap        ] GC(199) Archive regions: 0->0
[249.295s][info][gc,heap        ] GC(199) Humongous regions: 0->0
[249.295s][info][gc,metaspace   ] GC(199) Metaspace: 52248K(52800K)->52248K(52800K) NonClass: 44841K(45056K)->44841K(45056K) Class: 7406K(7744K)->7406K(7744K)
[249.295s][info][gc             ] GC(199) Pause Young (Normal) (G1 Evacuation Pause) 1243M->16M(2048M) 1.644ms
[249.296s][info][gc,cpu         ] GC(199) User=0.00s Sys=0.00s Real=0.00s
[250.844s][info][gc,start       ] GC(200) Pause Young (Normal) (G1 Evacuation Pause)
[250.844s][info][gc,task        ] GC(200) Using 6 workers of 6 for evacuation
[250.846s][info][gc,phases      ] GC(200)   Pre Evacuate Collection Set: 0.1ms
[250.846s][info][gc,phases      ] GC(200)   Merge Heap Roots: 0.1ms
[250.846s][info][gc,phases      ] GC(200)   Evacuate Collection Set: 0.5ms
[250.846s][info][gc,phases      ] GC(200)   Post Evacuate Collection Set: 0.4ms
[250.846s][info][gc,phases      ] GC(200)   Other: 0.2ms
[250.846s][info][gc,heap        ] GC(200) Eden regions: 1227->0(1227)
[250.846s][info][gc,heap        ] GC(200) Survivor regions: 1->1(154)
[250.846s][info][gc,heap        ] GC(200) Old regions: 19->19
[250.846s][info][gc,heap        ] GC(200) Archive regions: 0->0
[250.846s][info][gc,heap        ] GC(200) Humongous regions: 0->0
[250.846s][info][gc,metaspace   ] GC(200) Metaspace: 52248K(52800K)->52248K(52800K) NonClass: 44841K(45056K)->44841K(45056K) Class: 7406K(7744K)->7406K(7744K)
[250.846s][info][gc             ] GC(200) Pause Young (Normal) (G1 Evacuation Pause) 1243M->16M(2048M) 1.436ms
[250.846s][info][gc,cpu         ] GC(200) User=0.00s Sys=0.00s Real=0.00s
[251.263s][info][gc,start       ] GC(201) Pause Full (System.gc())
[251.263s][info][gc,task        ] GC(201) Using 6 workers of 6 for full compaction
[251.263s][info][gc,phases,start] GC(201) Phase 1: Mark live objects
[251.270s][info][gc,phases      ] GC(201) Phase 1: Mark live objects 6.955ms
[251.270s][info][gc,phases,start] GC(201) Phase 2: Prepare for compaction
[251.272s][info][gc,phases      ] GC(201) Phase 2: Prepare for compaction 1.367ms
[251.272s][info][gc,phases,start] GC(201) Phase 3: Adjust pointers
[251.279s][info][gc,phases      ] GC(201) Phase 3: Adjust pointers 6.884ms
[251.279s][info][gc,phases,start] GC(201) Phase 4: Compact heap
[251.279s][info][gc,phases      ] GC(201) Phase 4: Compact heap 0.562ms
[251.289s][info][gc,heap        ] GC(201) Eden regions: 306->0(1228)
[251.289s][info][gc,heap        ] GC(201) Survivor regions: 1->0(154)
[251.289s][info][gc,heap        ] GC(201) Old regions: 19->20
[251.289s][info][gc,heap        ] GC(201) Archive regions: 0->0
[251.289s][info][gc,heap        ] GC(201) Humongous regions: 0->0
[251.289s][info][gc,metaspace   ] GC(201) Metaspace: 52249K(52800K)->52249K(52800K) NonClass: 44842K(45056K)->44842K(45056K) Class: 7406K(7744K)->7406K(7744K)
[251.289s][info][gc             ] GC(201) Pause Full (System.gc()) 321M->15M(2048M) 26.141ms
[251.289s][info][gc,cpu         ] GC(201) User=0.11s Sys=0.00s Real=0.03s
[252.857s][info][gc,start       ] GC(202) Pause Young (Normal) (G1 Evacuation Pause)
[252.857s][info][gc,task        ] GC(202) Using 6 workers of 6 for evacuation
[252.858s][info][gc,phases      ] GC(202)   Pre Evacuate Collection Set: 0.1ms
[252.858s][info][gc,phases      ] GC(202)   Merge Heap Roots: 0.1ms
[252.858s][info][gc,phases      ] GC(202)   Evacuate Collection Set: 0.6ms
[252.858s][info][gc,phases      ] GC(202)   Post Evacuate Collection Set: 0.5ms
[252.858s][info][gc,phases      ] GC(202)   Other: 0.2ms
[252.858s][info][gc,heap        ] GC(202) Eden regions: 1228->0(1227)
[252.858s][info][gc,heap        ] GC(202) Survivor regions: 0->1(154)
[252.858s][info][gc,heap        ] GC(202) Old regions: 20->20
[252.858s][info][gc,heap        ] GC(202) Archive regions: 0->0
[252.858s][info][gc,heap        ] GC(202) Humongous regions: 0->0
[252.858s][info][gc,metaspace   ] GC(202) Metaspace: 52278K(52864K)->52278K(52864K) NonClass: 44871K(45120K)->44871K(45120K) Class: 7406K(7744K)->7406K(7744K)
[252.858s][info][gc             ] GC(202) Pause Young (Normal) (G1 Evacuation Pause) 1243M->16M(2048M) 1.512ms
[252.858s][info][gc,cpu         ] GC(202) User=0.00s Sys=0.00s Real=0.00s
[254.414s][info][gc,start       ] GC(203) Pause Young (Normal) (G1 Evacuation Pause)
[254.414s][info][gc,task        ] GC(203) Using 6 workers of 6 for evacuation
[254.416s][info][gc,phases      ] GC(203)   Pre Evacuate Collection Set: 0.1ms
[254.416s][info][gc,phases      ] GC(203)   Merge Heap Roots: 0.1ms
[254.416s][info][gc,phases      ] GC(203)   Evacuate Collection Set: 0.5ms
[254.416s][info][gc,phases      ] GC(203)   Post Evacuate Collection Set: 0.4ms
[254.416s][info][gc,phases      ] GC(203)   Other: 0.2ms
[254.416s][info][gc,heap        ] GC(203) Eden regions: 1227->0(1227)
[254.416s][info][gc,heap        ] GC(203) Survivor regions: 1->1(154)
[254.416s][info][gc,heap        ] GC(203) Old regions: 20->20
[254.416s][info][gc,heap        ] GC(203) Archive regions: 0->0
[254.416s][info][gc,heap        ] GC(203) Humongous regions: 0->0
[254.416s][info][gc,metaspace   ] GC(203) Metaspace: 52278K(52864K)->52278K(52864K) NonClass: 44871K(45120K)->44871K(45120K) Class: 7406K(7744K)->7406K(7744K)
[254.416s][info][gc             ] GC(203) Pause Young (Normal) (G1 Evacuation Pause) 1243M->16M(2048M) 1.522ms
[254.416s][info][gc,cpu         ] GC(203) User=0.00s Sys=0.00s Real=0.00s
[254.822s][info][gc,start       ] GC(204) Pause Full (System.gc())
[254.822s][info][gc,task        ] GC(204) Using 6 workers of 6 for full compaction
[254.822s][info][gc,phases,start] GC(204) Phase 1: Mark live objects
[254.829s][info][gc,phases      ] GC(204) Phase 1: Mark live objects 6.732ms
[254.829s][info][gc,phases,start] GC(204) Phase 2: Prepare for compaction
[254.830s][info][gc,phases      ] GC(204) Phase 2: Prepare for compaction 1.444ms
[254.830s][info][gc,phases,start] GC(204) Phase 3: Adjust pointers
[254.837s][info][gc,phases      ] GC(204) Phase 3: Adjust pointers 6.798ms
[254.837s][info][gc,phases,start] GC(204) Phase 4: Compact heap
[254.838s][info][gc,phases      ] GC(204) Phase 4: Compact heap 0.625ms
[254.847s][info][gc,heap        ] GC(204) Eden regions: 307->0(1228)
[254.847s][info][gc,heap        ] GC(204) Survivor regions: 1->0(154)
[254.847s][info][gc,heap        ] GC(204) Old regions: 20->19
[254.847s][info][gc,heap        ] GC(204) Archive regions: 0->0
[254.847s][info][gc,heap        ] GC(204) Humongous regions: 0->0
[254.847s][info][gc,metaspace   ] GC(204) Metaspace: 52285K(52864K)->52285K(52864K) NonClass: 44878K(45120K)->44878K(45120K) Class: 7406K(7744K)->7406K(7744K)
[254.847s][info][gc             ] GC(204) Pause Full (System.gc()) 322M->15M(2048M) 25.795ms
[254.848s][info][gc,cpu         ] GC(204) User=0.11s Sys=0.00s Real=0.03s
[256.445s][info][gc,start       ] GC(205) Pause Young (Normal) (G1 Evacuation Pause)
[256.445s][info][gc,task        ] GC(205) Using 6 workers of 6 for evacuation
[256.446s][info][gc,phases      ] GC(205)   Pre Evacuate Collection Set: 0.1ms
[256.446s][info][gc,phases      ] GC(205)   Merge Heap Roots: 0.1ms
[256.446s][info][gc,phases      ] GC(205)   Evacuate Collection Set: 0.6ms
[256.446s][info][gc,phases      ] GC(205)   Post Evacuate Collection Set: 0.4ms
[256.446s][info][gc,phases      ] GC(205)   Other: 0.2ms
[256.446s][info][gc,heap        ] GC(205) Eden regions: 1228->0(1227)
[256.447s][info][gc,heap        ] GC(205) Survivor regions: 0->1(154)
[256.447s][info][gc,heap        ] GC(205) Old regions: 19->19
[256.447s][info][gc,heap        ] GC(205) Archive regions: 0->0
[256.447s][info][gc,heap        ] GC(205) Humongous regions: 0->0
[256.447s][info][gc,metaspace   ] GC(205) Metaspace: 52316K(52864K)->52316K(52864K) NonClass: 44909K(45120K)->44909K(45120K) Class: 7406K(7744K)->7406K(7744K)
[256.447s][info][gc             ] GC(205) Pause Young (Normal) (G1 Evacuation Pause) 1243M->16M(2048M) 1.480ms
[256.447s][info][gc,cpu         ] GC(205) User=0.00s Sys=0.00s Real=0.00s
[257.992s][info][gc,start       ] GC(206) Pause Young (Normal) (G1 Evacuation Pause)
[257.992s][info][gc,task        ] GC(206) Using 6 workers of 6 for evacuation
[257.993s][info][gc,phases      ] GC(206)   Pre Evacuate Collection Set: 0.1ms
[257.993s][info][gc,phases      ] GC(206)   Merge Heap Roots: 0.1ms
[257.993s][info][gc,phases      ] GC(206)   Evacuate Collection Set: 0.4ms
[257.993s][info][gc,phases      ] GC(206)   Post Evacuate Collection Set: 0.4ms
[257.993s][info][gc,phases      ] GC(206)   Other: 0.2ms
[257.993s][info][gc,heap        ] GC(206) Eden regions: 1227->0(1227)
[257.993s][info][gc,heap        ] GC(206) Survivor regions: 1->1(154)
[257.993s][info][gc,heap        ] GC(206) Old regions: 19->19
[257.993s][info][gc,heap        ] GC(206) Archive regions: 0->0
[257.993s][info][gc,heap        ] GC(206) Humongous regions: 0->0
[257.993s][info][gc,metaspace   ] GC(206) Metaspace: 52316K(52864K)->52316K(52864K) NonClass: 44909K(45120K)->44909K(45120K) Class: 7406K(7744K)->7406K(7744K)
[257.993s][info][gc             ] GC(206) Pause Young (Normal) (G1 Evacuation Pause) 1243M->16M(2048M) 1.460ms
[257.993s][info][gc,cpu         ] GC(206) User=0.00s Sys=0.00s Real=0.00s
[258.421s][info][gc,start       ] GC(207) Pause Full (System.gc())
[258.421s][info][gc,task        ] GC(207) Using 6 workers of 6 for full compaction
[258.421s][info][gc,phases,start] GC(207) Phase 1: Mark live objects
[258.428s][info][gc,phases      ] GC(207) Phase 1: Mark live objects 6.683ms
[258.428s][info][gc,phases,start] GC(207) Phase 2: Prepare for compaction
[258.429s][info][gc,phases      ] GC(207) Phase 2: Prepare for compaction 1.408ms
[258.429s][info][gc,phases,start] GC(207) Phase 3: Adjust pointers
[258.437s][info][gc,phases      ] GC(207) Phase 3: Adjust pointers 7.817ms
[258.437s][info][gc,phases,start] GC(207) Phase 4: Compact heap
[258.438s][info][gc,phases      ] GC(207) Phase 4: Compact heap 0.758ms
[258.448s][info][gc,heap        ] GC(207) Eden regions: 305->0(1228)
[258.448s][info][gc,heap        ] GC(207) Survivor regions: 1->0(154)
[258.448s][info][gc,heap        ] GC(207) Old regions: 19->19
[258.448s][info][gc,heap        ] GC(207) Archive regions: 0->0
[258.448s][info][gc,heap        ] GC(207) Humongous regions: 0->0
[258.448s][info][gc,metaspace   ] GC(207) Metaspace: 52319K(52864K)->52319K(52864K) NonClass: 44913K(45120K)->44913K(45120K) Class: 7406K(7744K)->7406K(7744K)
[258.448s][info][gc             ] GC(207) Pause Full (System.gc()) 321M->15M(2048M) 26.890ms
[258.448s][info][gc,cpu         ] GC(207) User=0.17s Sys=0.02s Real=0.03s
[260.014s][info][gc,start       ] GC(208) Pause Young (Normal) (G1 Evacuation Pause)
[260.014s][info][gc,task        ] GC(208) Using 6 workers of 6 for evacuation
[260.015s][info][gc,phases      ] GC(208)   Pre Evacuate Collection Set: 0.1ms
[260.015s][info][gc,phases      ] GC(208)   Merge Heap Roots: 0.1ms
[260.015s][info][gc,phases      ] GC(208)   Evacuate Collection Set: 0.6ms
[260.015s][info][gc,phases      ] GC(208)   Post Evacuate Collection Set: 0.4ms
[260.015s][info][gc,phases      ] GC(208)   Other: 0.2ms
[260.015s][info][gc,heap        ] GC(208) Eden regions: 1228->0(1227)
[260.015s][info][gc,heap        ] GC(208) Survivor regions: 0->1(154)
[260.015s][info][gc,heap        ] GC(208) Old regions: 19->19
[260.015s][info][gc,heap        ] GC(208) Archive regions: 0->0
[260.015s][info][gc,heap        ] GC(208) Humongous regions: 0->0
[260.015s][info][gc,metaspace   ] GC(208) Metaspace: 52344K(52864K)->52344K(52864K) NonClass: 44938K(45120K)->44938K(45120K) Class: 7406K(7744K)->7406K(7744K)
[260.015s][info][gc             ] GC(208) Pause Young (Normal) (G1 Evacuation Pause) 1243M->16M(2048M) 1.470ms
[260.016s][info][gc,cpu         ] GC(208) User=0.00s Sys=0.00s Real=0.00s
[261.574s][info][gc,start       ] GC(209) Pause Young (Normal) (G1 Evacuation Pause)
[261.574s][info][gc,task        ] GC(209) Using 6 workers of 6 for evacuation
[261.575s][info][gc,phases      ] GC(209)   Pre Evacuate Collection Set: 0.1ms
[261.575s][info][gc,phases      ] GC(209)   Merge Heap Roots: 0.1ms
[261.575s][info][gc,phases      ] GC(209)   Evacuate Collection Set: 0.6ms
[261.575s][info][gc,phases      ] GC(209)   Post Evacuate Collection Set: 0.4ms
[261.575s][info][gc,phases      ] GC(209)   Other: 0.2ms
[261.575s][info][gc,heap        ] GC(209) Eden regions: 1227->0(1227)
[261.575s][info][gc,heap        ] GC(209) Survivor regions: 1->1(154)
[261.575s][info][gc,heap        ] GC(209) Old regions: 19->19
[261.575s][info][gc,heap        ] GC(209) Archive regions: 0->0
[261.575s][info][gc,heap        ] GC(209) Humongous regions: 0->0
[261.575s][info][gc,metaspace   ] GC(209) Metaspace: 52344K(52864K)->52344K(52864K) NonClass: 44938K(45120K)->44938K(45120K) Class: 7406K(7744K)->7406K(7744K)
[261.575s][info][gc             ] GC(209) Pause Young (Normal) (G1 Evacuation Pause) 1243M->16M(2048M) 1.497ms
[261.575s][info][gc,cpu         ] GC(209) User=0.00s Sys=0.00s Real=0.00s
[261.963s][info][gc,start       ] GC(210) Pause Full (System.gc())
[261.963s][info][gc,task        ] GC(210) Using 6 workers of 6 for full compaction
[261.963s][info][gc,phases,start] GC(210) Phase 1: Mark live objects
[261.970s][info][gc,phases      ] GC(210) Phase 1: Mark live objects 7.151ms
[261.970s][info][gc,phases,start] GC(210) Phase 2: Prepare for compaction
[261.972s][info][gc,phases      ] GC(210) Phase 2: Prepare for compaction 1.415ms
[261.972s][info][gc,phases,start] GC(210) Phase 3: Adjust pointers
[261.979s][info][gc,phases      ] GC(210) Phase 3: Adjust pointers 7.245ms
[261.979s][info][gc,phases,start] GC(210) Phase 4: Compact heap
[261.980s][info][gc,phases      ] GC(210) Phase 4: Compact heap 0.745ms
[261.989s][info][gc,heap        ] GC(210) Eden regions: 306->0(1228)
[261.990s][info][gc,heap        ] GC(210) Survivor regions: 1->0(154)
[261.990s][info][gc,heap        ] GC(210) Old regions: 19->20
[261.990s][info][gc,heap        ] GC(210) Archive regions: 0->0
[261.990s][info][gc,heap        ] GC(210) Humongous regions: 0->0
[261.990s][info][gc,metaspace   ] GC(210) Metaspace: 52344K(52864K)->52344K(52864K) NonClass: 44938K(45120K)->44938K(45120K) Class: 7406K(7744K)->7406K(7744K)
[261.990s][info][gc             ] GC(210) Pause Full (System.gc()) 321M->15M(2048M) 26.882ms
[261.990s][info][gc,cpu         ] GC(210) User=0.11s Sys=0.00s Real=0.04s
[263.589s][info][gc,start       ] GC(211) Pause Young (Normal) (G1 Evacuation Pause)
[263.589s][info][gc,task        ] GC(211) Using 6 workers of 6 for evacuation
[263.590s][info][gc,phases      ] GC(211)   Pre Evacuate Collection Set: 0.1ms
[263.590s][info][gc,phases      ] GC(211)   Merge Heap Roots: 0.1ms
[263.590s][info][gc,phases      ] GC(211)   Evacuate Collection Set: 0.6ms
[263.590s][info][gc,phases      ] GC(211)   Post Evacuate Collection Set: 0.5ms
[263.590s][info][gc,phases      ] GC(211)   Other: 0.2ms
[263.590s][info][gc,heap        ] GC(211) Eden regions: 1228->0(1227)
[263.590s][info][gc,heap        ] GC(211) Survivor regions: 0->1(154)
[263.590s][info][gc,heap        ] GC(211) Old regions: 20->20
[263.590s][info][gc,heap        ] GC(211) Archive regions: 0->0
[263.590s][info][gc,heap        ] GC(211) Humongous regions: 0->0
[263.590s][info][gc,metaspace   ] GC(211) Metaspace: 52356K(52928K)->52356K(52928K) NonClass: 44949K(45184K)->44949K(45184K) Class: 7406K(7744K)->7406K(7744K)
[263.590s][info][gc             ] GC(211) Pause Young (Normal) (G1 Evacuation Pause) 1243M->16M(2048M) 1.538ms
[263.590s][info][gc,cpu         ] GC(211) User=0.00s Sys=0.00s Real=0.00s
[265.138s][info][gc,start       ] GC(212) Pause Young (Normal) (G1 Evacuation Pause)
[265.138s][info][gc,task        ] GC(212) Using 6 workers of 6 for evacuation
[265.140s][info][gc,phases      ] GC(212)   Pre Evacuate Collection Set: 0.1ms
[265.140s][info][gc,phases      ] GC(212)   Merge Heap Roots: 0.1ms
[265.140s][info][gc,phases      ] GC(212)   Evacuate Collection Set: 0.5ms
[265.140s][info][gc,phases      ] GC(212)   Post Evacuate Collection Set: 0.5ms
[265.140s][info][gc,phases      ] GC(212)   Other: 0.2ms
[265.140s][info][gc,heap        ] GC(212) Eden regions: 1227->0(1227)
[265.140s][info][gc,heap        ] GC(212) Survivor regions: 1->1(154)
[265.140s][info][gc,heap        ] GC(212) Old regions: 20->20
[265.140s][info][gc,heap        ] GC(212) Archive regions: 0->0
[265.140s][info][gc,heap        ] GC(212) Humongous regions: 0->0
[265.140s][info][gc,metaspace   ] GC(212) Metaspace: 52356K(52928K)->52356K(52928K) NonClass: 44949K(45184K)->44949K(45184K) Class: 7406K(7744K)->7406K(7744K)
[265.140s][info][gc             ] GC(212) Pause Young (Normal) (G1 Evacuation Pause) 1243M->16M(2048M) 1.585ms
[265.140s][info][gc,cpu         ] GC(212) User=0.00s Sys=0.00s Real=0.00s
[265.582s][info][gc,start       ] GC(213) Pause Full (System.gc())
[265.582s][info][gc,task        ] GC(213) Using 6 workers of 6 for full compaction
[265.582s][info][gc,phases,start] GC(213) Phase 1: Mark live objects
[265.589s][info][gc,phases      ] GC(213) Phase 1: Mark live objects 6.796ms
[265.589s][info][gc,phases,start] GC(213) Phase 2: Prepare for compaction
[265.590s][info][gc,phases      ] GC(213) Phase 2: Prepare for compaction 1.445ms
[265.590s][info][gc,phases,start] GC(213) Phase 3: Adjust pointers
[265.597s][info][gc,phases      ] GC(213) Phase 3: Adjust pointers 6.879ms
[265.597s][info][gc,phases,start] GC(213) Phase 4: Compact heap
[265.598s][info][gc,phases      ] GC(213) Phase 4: Compact heap 0.777ms
[265.608s][info][gc,heap        ] GC(213) Eden regions: 307->0(1228)
[265.608s][info][gc,heap        ] GC(213) Survivor regions: 1->0(154)
[265.608s][info][gc,heap        ] GC(213) Old regions: 20->20
[265.608s][info][gc,heap        ] GC(213) Archive regions: 0->0
[265.608s][info][gc,heap        ] GC(213) Humongous regions: 0->0
[265.608s][info][gc,metaspace   ] GC(213) Metaspace: 52356K(52928K)->52356K(52928K) NonClass: 44949K(45184K)->44949K(45184K) Class: 7406K(7744K)->7406K(7744K)
[265.609s][info][gc             ] GC(213) Pause Full (System.gc()) 322M->15M(2048M) 26.687ms
[265.609s][info][gc,cpu         ] GC(213) User=0.02s Sys=0.00s Real=0.02s
[267.184s][info][gc,start       ] GC(214) Pause Young (Normal) (G1 Evacuation Pause)
[267.184s][info][gc,task        ] GC(214) Using 6 workers of 6 for evacuation
[267.186s][info][gc,phases      ] GC(214)   Pre Evacuate Collection Set: 0.1ms
[267.186s][info][gc,phases      ] GC(214)   Merge Heap Roots: 0.1ms
[267.186s][info][gc,phases      ] GC(214)   Evacuate Collection Set: 0.6ms
[267.186s][info][gc,phases      ] GC(214)   Post Evacuate Collection Set: 0.9ms
[267.186s][info][gc,phases      ] GC(214)   Other: 0.2ms
[267.186s][info][gc,heap        ] GC(214) Eden regions: 1228->0(1227)
[267.186s][info][gc,heap        ] GC(214) Survivor regions: 0->1(154)
[267.186s][info][gc,heap        ] GC(214) Old regions: 20->20
[267.186s][info][gc,heap        ] GC(214) Archive regions: 0->0
[267.186s][info][gc,heap        ] GC(214) Humongous regions: 0->0
[267.186s][info][gc,metaspace   ] GC(214) Metaspace: 52371K(52928K)->52371K(52928K) NonClass: 44965K(45184K)->44965K(45184K) Class: 7406K(7744K)->7406K(7744K)
[267.186s][info][gc             ] GC(214) Pause Young (Normal) (G1 Evacuation Pause) 1243M->16M(2048M) 2.064ms
[267.186s][info][gc,cpu         ] GC(214) User=0.00s Sys=0.00s Real=0.00s
[268.726s][info][gc,start       ] GC(215) Pause Young (Normal) (G1 Evacuation Pause)
[268.726s][info][gc,task        ] GC(215) Using 6 workers of 6 for evacuation
[268.727s][info][gc,phases      ] GC(215)   Pre Evacuate Collection Set: 0.1ms
[268.727s][info][gc,phases      ] GC(215)   Merge Heap Roots: 0.1ms
[268.727s][info][gc,phases      ] GC(215)   Evacuate Collection Set: 0.5ms
[268.727s][info][gc,phases      ] GC(215)   Post Evacuate Collection Set: 0.4ms
[268.727s][info][gc,phases      ] GC(215)   Other: 0.2ms
[268.727s][info][gc,heap        ] GC(215) Eden regions: 1227->0(1227)
[268.727s][info][gc,heap        ] GC(215) Survivor regions: 1->1(154)
[268.727s][info][gc,heap        ] GC(215) Old regions: 20->20
[268.727s][info][gc,heap        ] GC(215) Archive regions: 0->0
[268.727s][info][gc,heap        ] GC(215) Humongous regions: 0->0
[268.727s][info][gc,metaspace   ] GC(215) Metaspace: 52371K(52928K)->52371K(52928K) NonClass: 44965K(45184K)->44965K(45184K) Class: 7406K(7744K)->7406K(7744K)
[268.727s][info][gc             ] GC(215) Pause Young (Normal) (G1 Evacuation Pause) 1243M->16M(2048M) 1.481ms
[268.727s][info][gc,cpu         ] GC(215) User=0.00s Sys=0.00s Real=0.00s
[269.160s][info][gc,start       ] GC(216) Pause Full (System.gc())
[269.160s][info][gc,task        ] GC(216) Using 6 workers of 6 for full compaction
[269.161s][info][gc,phases,start] GC(216) Phase 1: Mark live objects
[269.169s][info][gc,phases      ] GC(216) Phase 1: Mark live objects 8.104ms
[269.169s][info][gc,phases,start] GC(216) Phase 2: Prepare for compaction
[269.170s][info][gc,phases      ] GC(216) Phase 2: Prepare for compaction 1.413ms
[269.170s][info][gc,phases,start] GC(216) Phase 3: Adjust pointers
[269.177s][info][gc,phases      ] GC(216) Phase 3: Adjust pointers 7.025ms
[269.178s][info][gc,phases,start] GC(216) Phase 4: Compact heap
[269.178s][info][gc,phases      ] GC(216) Phase 4: Compact heap 0.775ms
[269.188s][info][gc,heap        ] GC(216) Eden regions: 305->0(1228)
[269.189s][info][gc,heap        ] GC(216) Survivor regions: 1->0(154)
[269.189s][info][gc,heap        ] GC(216) Old regions: 20->19
[269.189s][info][gc,heap        ] GC(216) Archive regions: 0->0
[269.189s][info][gc,heap        ] GC(216) Humongous regions: 0->0
[269.189s][info][gc,metaspace   ] GC(216) Metaspace: 52371K(52928K)->52371K(52928K) NonClass: 44965K(45184K)->44965K(45184K) Class: 7406K(7744K)->7406K(7744K)
[269.189s][info][gc             ] GC(216) Pause Full (System.gc()) 320M->15M(2048M) 28.126ms
[269.189s][info][gc,cpu         ] GC(216) User=0.02s Sys=0.00s Real=0.03s
[270.768s][info][gc,start       ] GC(217) Pause Young (Normal) (G1 Evacuation Pause)
[270.768s][info][gc,task        ] GC(217) Using 6 workers of 6 for evacuation
[270.770s][info][gc,phases      ] GC(217)   Pre Evacuate Collection Set: 0.1ms
[270.770s][info][gc,phases      ] GC(217)   Merge Heap Roots: 0.1ms
[270.770s][info][gc,phases      ] GC(217)   Evacuate Collection Set: 0.5ms
[270.770s][info][gc,phases      ] GC(217)   Post Evacuate Collection Set: 0.4ms
[270.770s][info][gc,phases      ] GC(217)   Other: 0.2ms
[270.770s][info][gc,heap        ] GC(217) Eden regions: 1228->0(1227)
[270.770s][info][gc,heap        ] GC(217) Survivor regions: 0->1(154)
[270.770s][info][gc,heap        ] GC(217) Old regions: 19->19
[270.770s][info][gc,heap        ] GC(217) Archive regions: 0->0
[270.770s][info][gc,heap        ] GC(217) Humongous regions: 0->0
[270.770s][info][gc,metaspace   ] GC(217) Metaspace: 52388K(52928K)->52388K(52928K) NonClass: 44981K(45184K)->44981K(45184K) Class: 7406K(7744K)->7406K(7744K)
[270.770s][info][gc             ] GC(217) Pause Young (Normal) (G1 Evacuation Pause) 1243M->16M(2048M) 1.431ms
[270.770s][info][gc,cpu         ] GC(217) User=0.02s Sys=0.00s Real=0.00s
[272.337s][info][gc,start       ] GC(218) Pause Young (Normal) (G1 Evacuation Pause)
[272.337s][info][gc,task        ] GC(218) Using 6 workers of 6 for evacuation
[272.338s][info][gc,phases      ] GC(218)   Pre Evacuate Collection Set: 0.1ms
[272.338s][info][gc,phases      ] GC(218)   Merge Heap Roots: 0.1ms
[272.338s][info][gc,phases      ] GC(218)   Evacuate Collection Set: 0.5ms
[272.338s][info][gc,phases      ] GC(218)   Post Evacuate Collection Set: 0.4ms
[272.338s][info][gc,phases      ] GC(218)   Other: 0.2ms
[272.338s][info][gc,heap        ] GC(218) Eden regions: 1227->0(1227)
[272.338s][info][gc,heap        ] GC(218) Survivor regions: 1->1(154)
[272.338s][info][gc,heap        ] GC(218) Old regions: 19->19
[272.338s][info][gc,heap        ] GC(218) Archive regions: 0->0
[272.338s][info][gc,heap        ] GC(218) Humongous regions: 0->0
[272.338s][info][gc,metaspace   ] GC(218) Metaspace: 52388K(52928K)->52388K(52928K) NonClass: 44981K(45184K)->44981K(45184K) Class: 7406K(7744K)->7406K(7744K)
[272.338s][info][gc             ] GC(218) Pause Young (Normal) (G1 Evacuation Pause) 1243M->16M(2048M) 1.455ms
[272.338s][info][gc,cpu         ] GC(218) User=0.00s Sys=0.00s Real=0.00s
[272.742s][info][gc,start       ] GC(219) Pause Full (System.gc())
[272.742s][info][gc,task        ] GC(219) Using 6 workers of 6 for full compaction
[272.743s][info][gc,phases,start] GC(219) Phase 1: Mark live objects
[272.749s][info][gc,phases      ] GC(219) Phase 1: Mark live objects 6.399ms
[272.749s][info][gc,phases,start] GC(219) Phase 2: Prepare for compaction
[272.751s][info][gc,phases      ] GC(219) Phase 2: Prepare for compaction 1.469ms
[272.751s][info][gc,phases,start] GC(219) Phase 3: Adjust pointers
[272.758s][info][gc,phases      ] GC(219) Phase 3: Adjust pointers 6.810ms
[272.758s][info][gc,phases,start] GC(219) Phase 4: Compact heap
[272.758s][info][gc,phases      ] GC(219) Phase 4: Compact heap 0.605ms
[272.768s][info][gc,heap        ] GC(219) Eden regions: 305->0(1228)
[272.768s][info][gc,heap        ] GC(219) Survivor regions: 1->0(154)
[272.768s][info][gc,heap        ] GC(219) Old regions: 19->19
[272.768s][info][gc,heap        ] GC(219) Archive regions: 0->0
[272.768s][info][gc,heap        ] GC(219) Humongous regions: 0->0
[272.768s][info][gc,metaspace   ] GC(219) Metaspace: 52388K(52928K)->52388K(52928K) NonClass: 44981K(45184K)->44981K(45184K) Class: 7406K(7744K)->7406K(7744K)
[272.768s][info][gc             ] GC(219) Pause Full (System.gc()) 321M->15M(2048M) 26.043ms
[272.768s][info][gc,cpu         ] GC(219) User=0.03s Sys=0.00s Real=0.03s
[274.350s][info][gc,start       ] GC(220) Pause Young (Normal) (G1 Evacuation Pause)
[274.351s][info][gc,task        ] GC(220) Using 6 workers of 6 for evacuation
[274.352s][info][gc,phases      ] GC(220)   Pre Evacuate Collection Set: 0.1ms
[274.352s][info][gc,phases      ] GC(220)   Merge Heap Roots: 0.1ms
[274.352s][info][gc,phases      ] GC(220)   Evacuate Collection Set: 0.6ms
[274.352s][info][gc,phases      ] GC(220)   Post Evacuate Collection Set: 0.5ms
[274.352s][info][gc,phases      ] GC(220)   Other: 0.2ms
[274.352s][info][gc,heap        ] GC(220) Eden regions: 1228->0(1227)
[274.352s][info][gc,heap        ] GC(220) Survivor regions: 0->1(154)
[274.352s][info][gc,heap        ] GC(220) Old regions: 19->19
[274.352s][info][gc,heap        ] GC(220) Archive regions: 0->0
[274.352s][info][gc,heap        ] GC(220) Humongous regions: 0->0
[274.352s][info][gc,metaspace   ] GC(220) Metaspace: 52393K(52928K)->52393K(52928K) NonClass: 44986K(45184K)->44986K(45184K) Class: 7406K(7744K)->7406K(7744K)
[274.352s][info][gc             ] GC(220) Pause Young (Normal) (G1 Evacuation Pause) 1243M->16M(2048M) 1.530ms
[274.352s][info][gc,cpu         ] GC(220) User=0.00s Sys=0.00s Real=0.00s
[275.882s][info][gc,start       ] GC(221) Pause Young (Normal) (G1 Evacuation Pause)
[275.882s][info][gc,task        ] GC(221) Using 6 workers of 6 for evacuation
[275.883s][info][gc,phases      ] GC(221)   Pre Evacuate Collection Set: 0.1ms
[275.883s][info][gc,phases      ] GC(221)   Merge Heap Roots: 0.1ms
[275.883s][info][gc,phases      ] GC(221)   Evacuate Collection Set: 0.6ms
[275.883s][info][gc,phases      ] GC(221)   Post Evacuate Collection Set: 0.4ms
[275.883s][info][gc,phases      ] GC(221)   Other: 0.2ms
[275.883s][info][gc,heap        ] GC(221) Eden regions: 1227->0(1227)
[275.883s][info][gc,heap        ] GC(221) Survivor regions: 1->1(154)
[275.883s][info][gc,heap        ] GC(221) Old regions: 19->19
[275.883s][info][gc,heap        ] GC(221) Archive regions: 0->0
[275.883s][info][gc,heap        ] GC(221) Humongous regions: 0->0
[275.883s][info][gc,metaspace   ] GC(221) Metaspace: 52393K(52928K)->52393K(52928K) NonClass: 44986K(45184K)->44986K(45184K) Class: 7406K(7744K)->7406K(7744K)
[275.883s][info][gc             ] GC(221) Pause Young (Normal) (G1 Evacuation Pause) 1243M->16M(2048M) 1.523ms
[275.883s][info][gc,cpu         ] GC(221) User=0.00s Sys=0.00s Real=0.00s
[276.309s][info][gc,start       ] GC(222) Pause Full (System.gc())
[276.310s][info][gc,task        ] GC(222) Using 6 workers of 6 for full compaction
[276.310s][info][gc,phases,start] GC(222) Phase 1: Mark live objects
[276.317s][info][gc,phases      ] GC(222) Phase 1: Mark live objects 7.338ms
[276.317s][info][gc,phases,start] GC(222) Phase 2: Prepare for compaction
[276.319s][info][gc,phases      ] GC(222) Phase 2: Prepare for compaction 1.460ms
[276.319s][info][gc,phases,start] GC(222) Phase 3: Adjust pointers
[276.326s][info][gc,phases      ] GC(222) Phase 3: Adjust pointers 6.966ms
[276.326s][info][gc,phases,start] GC(222) Phase 4: Compact heap
[276.326s][info][gc,phases      ] GC(222) Phase 4: Compact heap 0.603ms
[276.336s][info][gc,heap        ] GC(222) Eden regions: 308->0(1228)
[276.336s][info][gc,heap        ] GC(222) Survivor regions: 1->0(154)
[276.336s][info][gc,heap        ] GC(222) Old regions: 19->19
[276.336s][info][gc,heap        ] GC(222) Archive regions: 0->0
[276.336s][info][gc,heap        ] GC(222) Humongous regions: 0->0
[276.336s][info][gc,metaspace   ] GC(222) Metaspace: 52393K(52928K)->52393K(52928K) NonClass: 44986K(45184K)->44986K(45184K) Class: 7406K(7744K)->7406K(7744K)
[276.336s][info][gc             ] GC(222) Pause Full (System.gc()) 323M->15M(2048M) 26.677ms
[276.336s][info][gc,cpu         ] GC(222) User=0.11s Sys=0.00s Real=0.03s
[277.899s][info][gc,start       ] GC(223) Pause Young (Normal) (G1 Evacuation Pause)
[277.899s][info][gc,task        ] GC(223) Using 6 workers of 6 for evacuation
[277.901s][info][gc,phases      ] GC(223)   Pre Evacuate Collection Set: 0.1ms
[277.901s][info][gc,phases      ] GC(223)   Merge Heap Roots: 0.1ms
[277.901s][info][gc,phases      ] GC(223)   Evacuate Collection Set: 0.6ms
[277.901s][info][gc,phases      ] GC(223)   Post Evacuate Collection Set: 0.4ms
[277.901s][info][gc,phases      ] GC(223)   Other: 0.2ms
[277.901s][info][gc,heap        ] GC(223) Eden regions: 1228->0(1227)
[277.901s][info][gc,heap        ] GC(223) Survivor regions: 0->1(154)
[277.901s][info][gc,heap        ] GC(223) Old regions: 19->19
[277.901s][info][gc,heap        ] GC(223) Archive regions: 0->0
[277.901s][info][gc,heap        ] GC(223) Humongous regions: 0->0
[277.901s][info][gc,metaspace   ] GC(223) Metaspace: 52393K(52928K)->52393K(52928K) NonClass: 44987K(45184K)->44987K(45184K) Class: 7406K(7744K)->7406K(7744K)
[277.901s][info][gc             ] GC(223) Pause Young (Normal) (G1 Evacuation Pause) 1243M->16M(2048M) 1.559ms
[277.901s][info][gc,cpu         ] GC(223) User=0.00s Sys=0.00s Real=0.00s
[279.461s][info][gc,start       ] GC(224) Pause Young (Normal) (G1 Evacuation Pause)
[279.461s][info][gc,task        ] GC(224) Using 6 workers of 6 for evacuation
[279.462s][info][gc,phases      ] GC(224)   Pre Evacuate Collection Set: 0.1ms
[279.462s][info][gc,phases      ] GC(224)   Merge Heap Roots: 0.1ms
[279.463s][info][gc,phases      ] GC(224)   Evacuate Collection Set: 0.5ms
[279.463s][info][gc,phases      ] GC(224)   Post Evacuate Collection Set: 0.4ms
[279.463s][info][gc,phases      ] GC(224)   Other: 0.2ms
[279.463s][info][gc,heap        ] GC(224) Eden regions: 1227->0(1227)
[279.463s][info][gc,heap        ] GC(224) Survivor regions: 1->1(154)
[279.463s][info][gc,heap        ] GC(224) Old regions: 19->19
[279.463s][info][gc,heap        ] GC(224) Archive regions: 0->0
[279.463s][info][gc,heap        ] GC(224) Humongous regions: 0->0
[279.463s][info][gc,metaspace   ] GC(224) Metaspace: 52393K(52928K)->52393K(52928K) NonClass: 44987K(45184K)->44987K(45184K) Class: 7406K(7744K)->7406K(7744K)
[279.463s][info][gc             ] GC(224) Pause Young (Normal) (G1 Evacuation Pause) 1243M->16M(2048M) 1.456ms
[279.463s][info][gc,cpu         ] GC(224) User=0.00s Sys=0.00s Real=0.00s
[279.852s][info][gc,start       ] GC(225) Pause Full (System.gc())
[279.852s][info][gc,task        ] GC(225) Using 6 workers of 6 for full compaction
[279.852s][info][gc,phases,start] GC(225) Phase 1: Mark live objects
[279.859s][info][gc,phases      ] GC(225) Phase 1: Mark live objects 6.455ms
[279.859s][info][gc,phases,start] GC(225) Phase 2: Prepare for compaction
[279.860s][info][gc,phases      ] GC(225) Phase 2: Prepare for compaction 1.355ms
[279.860s][info][gc,phases,start] GC(225) Phase 3: Adjust pointers
[279.867s][info][gc,phases      ] GC(225) Phase 3: Adjust pointers 6.928ms
[279.867s][info][gc,phases,start] GC(225) Phase 4: Compact heap
[279.868s][info][gc,phases      ] GC(225) Phase 4: Compact heap 0.686ms
[279.878s][info][gc,heap        ] GC(225) Eden regions: 306->0(1228)
[279.878s][info][gc,heap        ] GC(225) Survivor regions: 1->0(154)
[279.878s][info][gc,heap        ] GC(225) Old regions: 19->19
[279.878s][info][gc,heap        ] GC(225) Archive regions: 0->0
[279.878s][info][gc,heap        ] GC(225) Humongous regions: 0->0
[279.878s][info][gc,metaspace   ] GC(225) Metaspace: 52393K(52928K)->52393K(52928K) NonClass: 44987K(45184K)->44987K(45184K) Class: 7406K(7744K)->7406K(7744K)
[279.878s][info][gc             ] GC(225) Pause Full (System.gc()) 322M->15M(2048M) 25.989ms
[279.878s][info][gc,cpu         ] GC(225) User=0.03s Sys=0.00s Real=0.03s
[281.483s][info][gc,start       ] GC(226) Pause Young (Normal) (G1 Evacuation Pause)
[281.483s][info][gc,task        ] GC(226) Using 6 workers of 6 for evacuation
[281.484s][info][gc,phases      ] GC(226)   Pre Evacuate Collection Set: 0.1ms
[281.484s][info][gc,phases      ] GC(226)   Merge Heap Roots: 0.1ms
[281.484s][info][gc,phases      ] GC(226)   Evacuate Collection Set: 0.6ms
[281.484s][info][gc,phases      ] GC(226)   Post Evacuate Collection Set: 0.5ms
[281.484s][info][gc,phases      ] GC(226)   Other: 0.2ms
[281.484s][info][gc,heap        ] GC(226) Eden regions: 1228->0(1227)
[281.484s][info][gc,heap        ] GC(226) Survivor regions: 0->1(154)
[281.484s][info][gc,heap        ] GC(226) Old regions: 19->19
[281.484s][info][gc,heap        ] GC(226) Archive regions: 0->0
[281.484s][info][gc,heap        ] GC(226) Humongous regions: 0->0
[281.484s][info][gc,metaspace   ] GC(226) Metaspace: 52393K(52928K)->52393K(52928K) NonClass: 44987K(45184K)->44987K(45184K) Class: 7406K(7744K)->7406K(7744K)
[281.484s][info][gc             ] GC(226) Pause Young (Normal) (G1 Evacuation Pause) 1243M->16M(2048M) 1.548ms
[281.484s][info][gc,cpu         ] GC(226) User=0.00s Sys=0.00s Real=0.00s
[283.027s][info][gc,start       ] GC(227) Pause Young (Normal) (G1 Evacuation Pause)
[283.027s][info][gc,task        ] GC(227) Using 6 workers of 6 for evacuation
[283.028s][info][gc,phases      ] GC(227)   Pre Evacuate Collection Set: 0.1ms
[283.028s][info][gc,phases      ] GC(227)   Merge Heap Roots: 0.1ms
[283.028s][info][gc,phases      ] GC(227)   Evacuate Collection Set: 0.5ms
[283.028s][info][gc,phases      ] GC(227)   Post Evacuate Collection Set: 0.4ms
[283.028s][info][gc,phases      ] GC(227)   Other: 0.2ms
[283.028s][info][gc,heap        ] GC(227) Eden regions: 1227->0(1227)
[283.028s][info][gc,heap        ] GC(227) Survivor regions: 1->1(154)
[283.028s][info][gc,heap        ] GC(227) Old regions: 19->19
[283.028s][info][gc,heap        ] GC(227) Archive regions: 0->0
[283.028s][info][gc,heap        ] GC(227) Humongous regions: 0->0
[283.028s][info][gc,metaspace   ] GC(227) Metaspace: 52393K(52928K)->52393K(52928K) NonClass: 44987K(45184K)->44987K(45184K) Class: 7406K(7744K)->7406K(7744K)
[283.028s][info][gc             ] GC(227) Pause Young (Normal) (G1 Evacuation Pause) 1243M->16M(2048M) 1.454ms
[283.028s][info][gc,cpu         ] GC(227) User=0.00s Sys=0.00s Real=0.00s
[283.453s][info][gc,start       ] GC(228) Pause Full (System.gc())
[283.454s][info][gc,task        ] GC(228) Using 6 workers of 6 for full compaction
[283.454s][info][gc,phases,start] GC(228) Phase 1: Mark live objects
[283.460s][info][gc,phases      ] GC(228) Phase 1: Mark live objects 6.356ms
[283.460s][info][gc,phases,start] GC(228) Phase 2: Prepare for compaction
[283.462s][info][gc,phases      ] GC(228) Phase 2: Prepare for compaction 1.397ms
[283.462s][info][gc,phases,start] GC(228) Phase 3: Adjust pointers
[283.469s][info][gc,phases      ] GC(228) Phase 3: Adjust pointers 6.956ms
[283.469s][info][gc,phases,start] GC(228) Phase 4: Compact heap
[283.469s][info][gc,phases      ] GC(228) Phase 4: Compact heap 0.733ms
[283.479s][info][gc,heap        ] GC(228) Eden regions: 304->0(1228)
[283.479s][info][gc,heap        ] GC(228) Survivor regions: 1->0(154)
[283.479s][info][gc,heap        ] GC(228) Old regions: 19->19
[283.479s][info][gc,heap        ] GC(228) Archive regions: 0->0
[283.479s][info][gc,heap        ] GC(228) Humongous regions: 0->0
[283.479s][info][gc,metaspace   ] GC(228) Metaspace: 52393K(52928K)->52393K(52928K) NonClass: 44987K(45184K)->44987K(45184K) Class: 7406K(7744K)->7406K(7744K)
[283.479s][info][gc             ] GC(228) Pause Full (System.gc()) 320M->15M(2048M) 25.951ms
[283.479s][info][gc,cpu         ] GC(228) User=0.16s Sys=0.02s Real=0.02s
[285.078s][info][gc,start       ] GC(229) Pause Young (Normal) (G1 Evacuation Pause)
[285.078s][info][gc,task        ] GC(229) Using 6 workers of 6 for evacuation
[285.079s][info][gc,phases      ] GC(229)   Pre Evacuate Collection Set: 0.1ms
[285.079s][info][gc,phases      ] GC(229)   Merge Heap Roots: 0.1ms
[285.079s][info][gc,phases      ] GC(229)   Evacuate Collection Set: 0.6ms
[285.079s][info][gc,phases      ] GC(229)   Post Evacuate Collection Set: 0.5ms
[285.079s][info][gc,phases      ] GC(229)   Other: 0.2ms
[285.079s][info][gc,heap        ] GC(229) Eden regions: 1228->0(1227)
[285.079s][info][gc,heap        ] GC(229) Survivor regions: 0->1(154)
[285.079s][info][gc,heap        ] GC(229) Old regions: 19->19
[285.079s][info][gc,heap        ] GC(229) Archive regions: 0->0
[285.079s][info][gc,heap        ] GC(229) Humongous regions: 0->0
[285.079s][info][gc,metaspace   ] GC(229) Metaspace: 52393K(52928K)->52393K(52928K) NonClass: 44987K(45184K)->44987K(45184K) Class: 7406K(7744K)->7406K(7744K)
[285.079s][info][gc             ] GC(229) Pause Young (Normal) (G1 Evacuation Pause) 1243M->16M(2048M) 1.619ms
[285.079s][info][gc,cpu         ] GC(229) User=0.00s Sys=0.00s Real=0.00s
[286.652s][info][gc,start       ] GC(230) Pause Young (Normal) (G1 Evacuation Pause)
[286.652s][info][gc,task        ] GC(230) Using 6 workers of 6 for evacuation
[286.654s][info][gc,phases      ] GC(230)   Pre Evacuate Collection Set: 0.1ms
[286.654s][info][gc,phases      ] GC(230)   Merge Heap Roots: 0.1ms
[286.654s][info][gc,phases      ] GC(230)   Evacuate Collection Set: 0.5ms
[286.654s][info][gc,phases      ] GC(230)   Post Evacuate Collection Set: 0.4ms
[286.654s][info][gc,phases      ] GC(230)   Other: 0.2ms
[286.654s][info][gc,heap        ] GC(230) Eden regions: 1227->0(1227)
[286.654s][info][gc,heap        ] GC(230) Survivor regions: 1->1(154)
[286.654s][info][gc,heap        ] GC(230) Old regions: 19->19
[286.654s][info][gc,heap        ] GC(230) Archive regions: 0->0
[286.654s][info][gc,heap        ] GC(230) Humongous regions: 0->0
[286.654s][info][gc,metaspace   ] GC(230) Metaspace: 52393K(52928K)->52393K(52928K) NonClass: 44987K(45184K)->44987K(45184K) Class: 7406K(7744K)->7406K(7744K)
[286.654s][info][gc             ] GC(230) Pause Young (Normal) (G1 Evacuation Pause) 1243M->16M(2048M) 1.433ms
[286.654s][info][gc,cpu         ] GC(230) User=0.00s Sys=0.00s Real=0.00s
[287.091s][info][gc,start       ] GC(231) Pause Full (System.gc())
[287.091s][info][gc,task        ] GC(231) Using 6 workers of 6 for full compaction
[287.091s][info][gc,phases,start] GC(231) Phase 1: Mark live objects
[287.098s][info][gc,phases      ] GC(231) Phase 1: Mark live objects 6.944ms
[287.098s][info][gc,phases,start] GC(231) Phase 2: Prepare for compaction
[287.100s][info][gc,phases      ] GC(231) Phase 2: Prepare for compaction 1.559ms
[287.100s][info][gc,phases,start] GC(231) Phase 3: Adjust pointers
[287.107s][info][gc,phases      ] GC(231) Phase 3: Adjust pointers 7.262ms
[287.107s][info][gc,phases,start] GC(231) Phase 4: Compact heap
[287.108s][info][gc,phases      ] GC(231) Phase 4: Compact heap 0.841ms
[287.118s][info][gc,heap        ] GC(231) Eden regions: 307->0(1228)
[287.118s][info][gc,heap        ] GC(231) Survivor regions: 1->0(154)
[287.118s][info][gc,heap        ] GC(231) Old regions: 19->19
[287.118s][info][gc,heap        ] GC(231) Archive regions: 0->0
[287.118s][info][gc,heap        ] GC(231) Humongous regions: 0->0
[287.118s][info][gc,metaspace   ] GC(231) Metaspace: 52393K(52928K)->52393K(52928K) NonClass: 44987K(45184K)->44987K(45184K) Class: 7406K(7744K)->7406K(7744K)
[287.118s][info][gc             ] GC(231) Pause Full (System.gc()) 322M->15M(2048M) 27.362ms
[287.118s][info][gc,cpu         ] GC(231) User=0.08s Sys=0.02s Real=0.03s
[288.721s][info][gc,start       ] GC(232) Pause Young (Normal) (G1 Evacuation Pause)
[288.721s][info][gc,task        ] GC(232) Using 6 workers of 6 for evacuation
[288.722s][info][gc,phases      ] GC(232)   Pre Evacuate Collection Set: 0.1ms
[288.722s][info][gc,phases      ] GC(232)   Merge Heap Roots: 0.1ms
[288.722s][info][gc,phases      ] GC(232)   Evacuate Collection Set: 0.6ms
[288.722s][info][gc,phases      ] GC(232)   Post Evacuate Collection Set: 0.4ms
[288.722s][info][gc,phases      ] GC(232)   Other: 0.2ms
[288.723s][info][gc,heap        ] GC(232) Eden regions: 1228->0(1227)
[288.723s][info][gc,heap        ] GC(232) Survivor regions: 0->1(154)
[288.723s][info][gc,heap        ] GC(232) Old regions: 19->19
[288.723s][info][gc,heap        ] GC(232) Archive regions: 0->0
[288.723s][info][gc,heap        ] GC(232) Humongous regions: 0->0
[288.723s][info][gc,metaspace   ] GC(232) Metaspace: 52394K(52928K)->52394K(52928K) NonClass: 44987K(45184K)->44987K(45184K) Class: 7406K(7744K)->7406K(7744K)
[288.723s][info][gc             ] GC(232) Pause Young (Normal) (G1 Evacuation Pause) 1243M->16M(2048M) 1.546ms
[288.723s][info][gc,cpu         ] GC(232) User=0.09s Sys=0.00s Real=0.00s
[290.277s][info][gc,start       ] GC(233) Pause Young (Normal) (G1 Evacuation Pause)
[290.277s][info][gc,task        ] GC(233) Using 6 workers of 6 for evacuation
[290.279s][info][gc,phases      ] GC(233)   Pre Evacuate Collection Set: 0.1ms
[290.279s][info][gc,phases      ] GC(233)   Merge Heap Roots: 0.1ms
[290.279s][info][gc,phases      ] GC(233)   Evacuate Collection Set: 0.6ms
[290.279s][info][gc,phases      ] GC(233)   Post Evacuate Collection Set: 0.4ms
[290.279s][info][gc,phases      ] GC(233)   Other: 0.2ms
[290.279s][info][gc,heap        ] GC(233) Eden regions: 1227->0(1227)
[290.279s][info][gc,heap        ] GC(233) Survivor regions: 1->1(154)
[290.279s][info][gc,heap        ] GC(233) Old regions: 19->19
[290.279s][info][gc,heap        ] GC(233) Archive regions: 0->0
[290.279s][info][gc,heap        ] GC(233) Humongous regions: 0->0
[290.279s][info][gc,metaspace   ] GC(233) Metaspace: 52394K(52928K)->52394K(52928K) NonClass: 44987K(45184K)->44987K(45184K) Class: 7406K(7744K)->7406K(7744K)
[290.279s][info][gc             ] GC(233) Pause Young (Normal) (G1 Evacuation Pause) 1243M->16M(2048M) 1.512ms
[290.279s][info][gc,cpu         ] GC(233) User=0.00s Sys=0.00s Real=0.00s
[290.679s][info][gc,start       ] GC(234) Pause Full (System.gc())
[290.679s][info][gc,task        ] GC(234) Using 6 workers of 6 for full compaction
[290.680s][info][gc,phases,start] GC(234) Phase 1: Mark live objects
[290.686s][info][gc,phases      ] GC(234) Phase 1: Mark live objects 6.334ms
[290.686s][info][gc,phases,start] GC(234) Phase 2: Prepare for compaction
[290.687s][info][gc,phases      ] GC(234) Phase 2: Prepare for compaction 1.374ms
[290.687s][info][gc,phases,start] GC(234) Phase 3: Adjust pointers
[290.694s][info][gc,phases      ] GC(234) Phase 3: Adjust pointers 6.983ms
[290.694s][info][gc,phases,start] GC(234) Phase 4: Compact heap
[290.695s][info][gc,phases      ] GC(234) Phase 4: Compact heap 0.684ms
[290.705s][info][gc,heap        ] GC(234) Eden regions: 306->0(1228)
[290.705s][info][gc,heap        ] GC(234) Survivor regions: 1->0(154)
[290.705s][info][gc,heap        ] GC(234) Old regions: 19->19
[290.705s][info][gc,heap        ] GC(234) Archive regions: 0->0
[290.705s][info][gc,heap        ] GC(234) Humongous regions: 0->0
[290.705s][info][gc,metaspace   ] GC(234) Metaspace: 52394K(52928K)->52394K(52928K) NonClass: 44987K(45184K)->44987K(45184K) Class: 7406K(7744K)->7406K(7744K)
[290.705s][info][gc             ] GC(234) Pause Full (System.gc()) 322M->15M(2048M) 25.967ms
[290.705s][info][gc,cpu         ] GC(234) User=0.02s Sys=0.00s Real=0.04s
[292.577s][info][gc,start       ] GC(235) Pause Young (Normal) (G1 Evacuation Pause)
[292.577s][info][gc,task        ] GC(235) Using 6 workers of 6 for evacuation
[292.579s][info][gc,phases      ] GC(235)   Pre Evacuate Collection Set: 0.1ms
[292.579s][info][gc,phases      ] GC(235)   Merge Heap Roots: 0.1ms
[292.579s][info][gc,phases      ] GC(235)   Evacuate Collection Set: 0.6ms
[292.579s][info][gc,phases      ] GC(235)   Post Evacuate Collection Set: 0.5ms
[292.579s][info][gc,phases      ] GC(235)   Other: 0.2ms
[292.579s][info][gc,heap        ] GC(235) Eden regions: 1228->0(1227)
[292.579s][info][gc,heap        ] GC(235) Survivor regions: 0->1(154)
[292.579s][info][gc,heap        ] GC(235) Old regions: 19->19
[292.579s][info][gc,heap        ] GC(235) Archive regions: 0->0
[292.579s][info][gc,heap        ] GC(235) Humongous regions: 0->0
[292.579s][info][gc,metaspace   ] GC(235) Metaspace: 52394K(52928K)->52394K(52928K) NonClass: 44987K(45184K)->44987K(45184K) Class: 7406K(7744K)->7406K(7744K)
[292.579s][info][gc             ] GC(235) Pause Young (Normal) (G1 Evacuation Pause) 1243M->16M(2048M) 1.662ms
[292.579s][info][gc,cpu         ] GC(235) User=0.00s Sys=0.00s Real=0.00s
[294.377s][info][gc,start       ] GC(236) Pause Young (Normal) (G1 Evacuation Pause)
[294.377s][info][gc,task        ] GC(236) Using 6 workers of 6 for evacuation
[294.378s][info][gc,phases      ] GC(236)   Pre Evacuate Collection Set: 0.1ms
[294.378s][info][gc,phases      ] GC(236)   Merge Heap Roots: 0.1ms
[294.378s][info][gc,phases      ] GC(236)   Evacuate Collection Set: 0.5ms
[294.378s][info][gc,phases      ] GC(236)   Post Evacuate Collection Set: 0.4ms
[294.378s][info][gc,phases      ] GC(236)   Other: 0.2ms
[294.378s][info][gc,heap        ] GC(236) Eden regions: 1227->0(1227)
[294.378s][info][gc,heap        ] GC(236) Survivor regions: 1->1(154)
[294.378s][info][gc,heap        ] GC(236) Old regions: 19->19
[294.378s][info][gc,heap        ] GC(236) Archive regions: 0->0
[294.378s][info][gc,heap        ] GC(236) Humongous regions: 0->0
[294.378s][info][gc,metaspace   ] GC(236) Metaspace: 52394K(52928K)->52394K(52928K) NonClass: 44987K(45184K)->44987K(45184K) Class: 7406K(7744K)->7406K(7744K)
[294.379s][info][gc             ] GC(236) Pause Young (Normal) (G1 Evacuation Pause) 1243M->16M(2048M) 1.460ms
[294.379s][info][gc,cpu         ] GC(236) User=0.09s Sys=0.00s Real=0.00s
[294.803s][info][gc,start       ] GC(237) Pause Full (System.gc())
[294.803s][info][gc,task        ] GC(237) Using 6 workers of 6 for full compaction
[294.803s][info][gc,phases,start] GC(237) Phase 1: Mark live objects
[294.810s][info][gc,phases      ] GC(237) Phase 1: Mark live objects 7.008ms
[294.810s][info][gc,phases,start] GC(237) Phase 2: Prepare for compaction
[294.812s][info][gc,phases      ] GC(237) Phase 2: Prepare for compaction 1.392ms
[294.812s][info][gc,phases,start] GC(237) Phase 3: Adjust pointers
[294.819s][info][gc,phases      ] GC(237) Phase 3: Adjust pointers 7.074ms
[294.819s][info][gc,phases,start] GC(237) Phase 4: Compact heap
[294.820s][info][gc,phases      ] GC(237) Phase 4: Compact heap 0.818ms
[294.830s][info][gc,heap        ] GC(237) Eden regions: 306->0(1228)
[294.830s][info][gc,heap        ] GC(237) Survivor regions: 1->0(154)
[294.830s][info][gc,heap        ] GC(237) Old regions: 19->20
[294.830s][info][gc,heap        ] GC(237) Archive regions: 0->0
[294.830s][info][gc,heap        ] GC(237) Humongous regions: 0->0
[294.830s][info][gc,metaspace   ] GC(237) Metaspace: 52394K(52928K)->52394K(52928K) NonClass: 44987K(45184K)->44987K(45184K) Class: 7406K(7744K)->7406K(7744K)
[294.830s][info][gc             ] GC(237) Pause Full (System.gc()) 322M->15M(2048M) 27.234ms
[294.830s][info][gc,cpu         ] GC(237) User=0.02s Sys=0.00s Real=0.03s
[296.412s][info][gc,start       ] GC(238) Pause Young (Normal) (G1 Evacuation Pause)
[296.412s][info][gc,task        ] GC(238) Using 6 workers of 6 for evacuation
[296.414s][info][gc,phases      ] GC(238)   Pre Evacuate Collection Set: 0.1ms
[296.414s][info][gc,phases      ] GC(238)   Merge Heap Roots: 0.1ms
[296.414s][info][gc,phases      ] GC(238)   Evacuate Collection Set: 0.6ms
[296.414s][info][gc,phases      ] GC(238)   Post Evacuate Collection Set: 0.4ms
[296.414s][info][gc,phases      ] GC(238)   Other: 0.2ms
[296.414s][info][gc,heap        ] GC(238) Eden regions: 1228->0(1227)
[296.414s][info][gc,heap        ] GC(238) Survivor regions: 0->1(154)
[296.414s][info][gc,heap        ] GC(238) Old regions: 20->20
[296.414s][info][gc,heap        ] GC(238) Archive regions: 0->0
[296.414s][info][gc,heap        ] GC(238) Humongous regions: 0->0
[296.414s][info][gc,metaspace   ] GC(238) Metaspace: 52397K(52928K)->52397K(52928K) NonClass: 44990K(45184K)->44990K(45184K) Class: 7406K(7744K)->7406K(7744K)
[296.414s][info][gc             ] GC(238) Pause Young (Normal) (G1 Evacuation Pause) 1243M->16M(2048M) 1.512ms
[296.414s][info][gc,cpu         ] GC(238) User=0.00s Sys=0.00s Real=0.00s
[297.935s][info][gc,start       ] GC(239) Pause Young (Normal) (G1 Evacuation Pause)
[297.935s][info][gc,task        ] GC(239) Using 6 workers of 6 for evacuation
[297.936s][info][gc,phases      ] GC(239)   Pre Evacuate Collection Set: 0.1ms
[297.936s][info][gc,phases      ] GC(239)   Merge Heap Roots: 0.1ms
[297.936s][info][gc,phases      ] GC(239)   Evacuate Collection Set: 0.5ms
[297.936s][info][gc,phases      ] GC(239)   Post Evacuate Collection Set: 0.4ms
[297.936s][info][gc,phases      ] GC(239)   Other: 0.2ms
[297.936s][info][gc,heap        ] GC(239) Eden regions: 1227->0(1227)
[297.936s][info][gc,heap        ] GC(239) Survivor regions: 1->1(154)
[297.936s][info][gc,heap        ] GC(239) Old regions: 20->20
[297.936s][info][gc,heap        ] GC(239) Archive regions: 0->0
[297.936s][info][gc,heap        ] GC(239) Humongous regions: 0->0
[297.936s][info][gc,metaspace   ] GC(239) Metaspace: 52397K(52928K)->52397K(52928K) NonClass: 44990K(45184K)->44990K(45184K) Class: 7406K(7744K)->7406K(7744K)
[297.936s][info][gc             ] GC(239) Pause Young (Normal) (G1 Evacuation Pause) 1243M->16M(2048M) 1.454ms
[297.936s][info][gc,cpu         ] GC(239) User=0.00s Sys=0.00s Real=0.00s
[298.356s][info][gc,start       ] GC(240) Pause Full (System.gc())
[298.356s][info][gc,task        ] GC(240) Using 6 workers of 6 for full compaction
[298.356s][info][gc,phases,start] GC(240) Phase 1: Mark live objects
[298.363s][info][gc,phases      ] GC(240) Phase 1: Mark live objects 6.970ms
[298.363s][info][gc,phases,start] GC(240) Phase 2: Prepare for compaction
[298.365s][info][gc,phases      ] GC(240) Phase 2: Prepare for compaction 1.394ms
[298.365s][info][gc,phases,start] GC(240) Phase 3: Adjust pointers
[298.372s][info][gc,phases      ] GC(240) Phase 3: Adjust pointers 7.449ms
[298.372s][info][gc,phases,start] GC(240) Phase 4: Compact heap
[298.373s][info][gc,phases      ] GC(240) Phase 4: Compact heap 0.813ms
[298.384s][info][gc,heap        ] GC(240) Eden regions: 304->0(1228)
[298.384s][info][gc,heap        ] GC(240) Survivor regions: 1->0(154)
[298.384s][info][gc,heap        ] GC(240) Old regions: 20->19
[298.384s][info][gc,heap        ] GC(240) Archive regions: 0->0
[298.384s][info][gc,heap        ] GC(240) Humongous regions: 0->0
[298.384s][info][gc,metaspace   ] GC(240) Metaspace: 52397K(52928K)->52397K(52928K) NonClass: 44990K(45184K)->44990K(45184K) Class: 7406K(7744K)->7406K(7744K)
[298.384s][info][gc             ] GC(240) Pause Full (System.gc()) 319M->15M(2048M) 27.827ms
[298.384s][info][gc,cpu         ] GC(240) User=0.11s Sys=0.00s Real=0.03s
[299.959s][info][gc,start       ] GC(241) Pause Young (Normal) (G1 Evacuation Pause)
[299.959s][info][gc,task        ] GC(241) Using 6 workers of 6 for evacuation
[299.960s][info][gc,phases      ] GC(241)   Pre Evacuate Collection Set: 0.1ms
[299.960s][info][gc,phases      ] GC(241)   Merge Heap Roots: 0.1ms
[299.960s][info][gc,phases      ] GC(241)   Evacuate Collection Set: 0.5ms
[299.960s][info][gc,phases      ] GC(241)   Post Evacuate Collection Set: 0.4ms
[299.960s][info][gc,phases      ] GC(241)   Other: 0.2ms
[299.960s][info][gc,heap        ] GC(241) Eden regions: 1228->0(1227)
[299.960s][info][gc,heap        ] GC(241) Survivor regions: 0->1(154)
[299.960s][info][gc,heap        ] GC(241) Old regions: 19->19
[299.960s][info][gc,heap        ] GC(241) Archive regions: 0->0
[299.960s][info][gc,heap        ] GC(241) Humongous regions: 0->0
[299.960s][info][gc,metaspace   ] GC(241) Metaspace: 52400K(52928K)->52400K(52928K) NonClass: 44993K(45184K)->44993K(45184K) Class: 7406K(7744K)->7406K(7744K)
[299.960s][info][gc             ] GC(241) Pause Young (Normal) (G1 Evacuation Pause) 1243M->16M(2048M) 1.493ms
[299.960s][info][gc,cpu         ] GC(241) User=0.00s Sys=0.00s Real=0.00s
[301.509s][info][gc,start       ] GC(242) Pause Young (Normal) (G1 Evacuation Pause)
[301.509s][info][gc,task        ] GC(242) Using 6 workers of 6 for evacuation
[301.510s][info][gc,phases      ] GC(242)   Pre Evacuate Collection Set: 0.1ms
[301.510s][info][gc,phases      ] GC(242)   Merge Heap Roots: 0.1ms
[301.510s][info][gc,phases      ] GC(242)   Evacuate Collection Set: 0.5ms
[301.510s][info][gc,phases      ] GC(242)   Post Evacuate Collection Set: 0.4ms
[301.510s][info][gc,phases      ] GC(242)   Other: 0.2ms
[301.510s][info][gc,heap        ] GC(242) Eden regions: 1227->0(1227)
[301.510s][info][gc,heap        ] GC(242) Survivor regions: 1->1(154)
[301.510s][info][gc,heap        ] GC(242) Old regions: 19->19
[301.510s][info][gc,heap        ] GC(242) Archive regions: 0->0
[301.510s][info][gc,heap        ] GC(242) Humongous regions: 0->0
[301.510s][info][gc,metaspace   ] GC(242) Metaspace: 52400K(52928K)->52400K(52928K) NonClass: 44993K(45184K)->44993K(45184K) Class: 7406K(7744K)->7406K(7744K)
[301.510s][info][gc             ] GC(242) Pause Young (Normal) (G1 Evacuation Pause) 1243M->16M(2048M) 1.489ms
[301.510s][info][gc,cpu         ] GC(242) User=0.00s Sys=0.00s Real=0.00s
[301.909s][info][gc,start       ] GC(243) Pause Full (System.gc())
[301.909s][info][gc,task        ] GC(243) Using 6 workers of 6 for full compaction
[301.909s][info][gc,phases,start] GC(243) Phase 1: Mark live objects
[301.915s][info][gc,phases      ] GC(243) Phase 1: Mark live objects 6.348ms
[301.915s][info][gc,phases,start] GC(243) Phase 2: Prepare for compaction
[301.917s][info][gc,phases      ] GC(243) Phase 2: Prepare for compaction 1.369ms
[301.917s][info][gc,phases,start] GC(243) Phase 3: Adjust pointers
[301.924s][info][gc,phases      ] GC(243) Phase 3: Adjust pointers 7.012ms
[301.924s][info][gc,phases,start] GC(243) Phase 4: Compact heap
[301.925s][info][gc,phases      ] GC(243) Phase 4: Compact heap 0.840ms
[301.934s][info][gc,heap        ] GC(243) Eden regions: 304->0(1228)
[301.934s][info][gc,heap        ] GC(243) Survivor regions: 1->0(154)
[301.934s][info][gc,heap        ] GC(243) Old regions: 19->19
[301.934s][info][gc,heap        ] GC(243) Archive regions: 0->0
[301.934s][info][gc,heap        ] GC(243) Humongous regions: 0->0
[301.934s][info][gc,metaspace   ] GC(243) Metaspace: 52400K(52928K)->52400K(52928K) NonClass: 44993K(45184K)->44993K(45184K) Class: 7406K(7744K)->7406K(7744K)
[301.934s][info][gc             ] GC(243) Pause Full (System.gc()) 319M->15M(2048M) 25.571ms
[301.934s][info][gc,cpu         ] GC(243) User=0.03s Sys=0.00s Real=0.02s
[303.548s][info][gc,start       ] GC(244) Pause Young (Normal) (G1 Evacuation Pause)
[303.548s][info][gc,task        ] GC(244) Using 6 workers of 6 for evacuation
[303.550s][info][gc,phases      ] GC(244)   Pre Evacuate Collection Set: 0.1ms
[303.550s][info][gc,phases      ] GC(244)   Merge Heap Roots: 0.1ms
[303.550s][info][gc,phases      ] GC(244)   Evacuate Collection Set: 0.6ms
[303.550s][info][gc,phases      ] GC(244)   Post Evacuate Collection Set: 0.5ms
[303.550s][info][gc,phases      ] GC(244)   Other: 0.2ms
[303.550s][info][gc,heap        ] GC(244) Eden regions: 1228->0(1227)
[303.550s][info][gc,heap        ] GC(244) Survivor regions: 0->1(154)
[303.550s][info][gc,heap        ] GC(244) Old regions: 19->19
[303.550s][info][gc,heap        ] GC(244) Archive regions: 0->0
[303.550s][info][gc,heap        ] GC(244) Humongous regions: 0->0
[303.550s][info][gc,metaspace   ] GC(244) Metaspace: 52403K(52928K)->52403K(52928K) NonClass: 44996K(45184K)->44996K(45184K) Class: 7406K(7744K)->7406K(7744K)
[303.550s][info][gc             ] GC(244) Pause Young (Normal) (G1 Evacuation Pause) 1243M->16M(2048M) 1.579ms
[303.550s][info][gc,cpu         ] GC(244) User=0.09s Sys=0.00s Real=0.00s
[305.129s][info][gc,start       ] GC(245) Pause Young (Normal) (G1 Evacuation Pause)
[305.129s][info][gc,task        ] GC(245) Using 6 workers of 6 for evacuation
[305.130s][info][gc,phases      ] GC(245)   Pre Evacuate Collection Set: 0.1ms
[305.130s][info][gc,phases      ] GC(245)   Merge Heap Roots: 0.1ms
[305.130s][info][gc,phases      ] GC(245)   Evacuate Collection Set: 0.6ms
[305.130s][info][gc,phases      ] GC(245)   Post Evacuate Collection Set: 0.5ms
[305.130s][info][gc,phases      ] GC(245)   Other: 0.2ms
[305.130s][info][gc,heap        ] GC(245) Eden regions: 1227->0(1227)
[305.130s][info][gc,heap        ] GC(245) Survivor regions: 1->1(154)
[305.130s][info][gc,heap        ] GC(245) Old regions: 19->19
[305.130s][info][gc,heap        ] GC(245) Archive regions: 0->0
[305.130s][info][gc,heap        ] GC(245) Humongous regions: 0->0
[305.130s][info][gc,metaspace   ] GC(245) Metaspace: 52403K(52928K)->52403K(52928K) NonClass: 44996K(45184K)->44996K(45184K) Class: 7406K(7744K)->7406K(7744K)
[305.130s][info][gc             ] GC(245) Pause Young (Normal) (G1 Evacuation Pause) 1243M->16M(2048M) 1.650ms
[305.130s][info][gc,cpu         ] GC(245) User=0.00s Sys=0.00s Real=0.00s
[305.598s][info][gc,start       ] GC(246) Pause Full (System.gc())
[305.598s][info][gc,task        ] GC(246) Using 6 workers of 6 for full compaction
[305.599s][info][gc,phases,start] GC(246) Phase 1: Mark live objects
[305.606s][info][gc,phases      ] GC(246) Phase 1: Mark live objects 7.371ms
[305.606s][info][gc,phases,start] GC(246) Phase 2: Prepare for compaction
[305.607s][info][gc,phases      ] GC(246) Phase 2: Prepare for compaction 1.361ms
[305.607s][info][gc,phases,start] GC(246) Phase 3: Adjust pointers
[305.614s][info][gc,phases      ] GC(246) Phase 3: Adjust pointers 7.071ms
[305.615s][info][gc,phases,start] GC(246) Phase 4: Compact heap
[305.615s][info][gc,phases      ] GC(246) Phase 4: Compact heap 0.633ms
[305.625s][info][gc,heap        ] GC(246) Eden regions: 309->0(1228)
[305.625s][info][gc,heap        ] GC(246) Survivor regions: 1->0(154)
[305.625s][info][gc,heap        ] GC(246) Old regions: 19->19
[305.625s][info][gc,heap        ] GC(246) Archive regions: 0->0
[305.625s][info][gc,heap        ] GC(246) Humongous regions: 0->0
[305.625s][info][gc,metaspace   ] GC(246) Metaspace: 52403K(52928K)->52403K(52928K) NonClass: 44996K(45184K)->44996K(45184K) Class: 7406K(7744K)->7406K(7744K)
[305.625s][info][gc             ] GC(246) Pause Full (System.gc()) 325M->15M(2048M) 26.833ms
[305.625s][info][gc,cpu         ] GC(246) User=0.02s Sys=0.00s Real=0.02s
[307.199s][info][gc,start       ] GC(247) Pause Young (Normal) (G1 Evacuation Pause)
[307.199s][info][gc,task        ] GC(247) Using 6 workers of 6 for evacuation
[307.201s][info][gc,phases      ] GC(247)   Pre Evacuate Collection Set: 0.1ms
[307.201s][info][gc,phases      ] GC(247)   Merge Heap Roots: 0.1ms
[307.201s][info][gc,phases      ] GC(247)   Evacuate Collection Set: 0.6ms
[307.201s][info][gc,phases      ] GC(247)   Post Evacuate Collection Set: 0.5ms
[307.201s][info][gc,phases      ] GC(247)   Other: 0.2ms
[307.201s][info][gc,heap        ] GC(247) Eden regions: 1228->0(1227)
[307.201s][info][gc,heap        ] GC(247) Survivor regions: 0->1(154)
[307.201s][info][gc,heap        ] GC(247) Old regions: 19->19
[307.201s][info][gc,heap        ] GC(247) Archive regions: 0->0
[307.201s][info][gc,heap        ] GC(247) Humongous regions: 0->0
[307.201s][info][gc,metaspace   ] GC(247) Metaspace: 52403K(52928K)->52403K(52928K) NonClass: 44996K(45184K)->44996K(45184K) Class: 7406K(7744K)->7406K(7744K)
[307.201s][info][gc             ] GC(247) Pause Young (Normal) (G1 Evacuation Pause) 1243M->16M(2048M) 1.617ms
[307.201s][info][gc,cpu         ] GC(247) User=0.00s Sys=0.00s Real=0.00s
[308.737s][info][gc,start       ] GC(248) Pause Young (Normal) (G1 Evacuation Pause)
[308.737s][info][gc,task        ] GC(248) Using 6 workers of 6 for evacuation
[308.739s][info][gc,phases      ] GC(248)   Pre Evacuate Collection Set: 0.1ms
[308.739s][info][gc,phases      ] GC(248)   Merge Heap Roots: 0.1ms
[308.739s][info][gc,phases      ] GC(248)   Evacuate Collection Set: 0.5ms
[308.739s][info][gc,phases      ] GC(248)   Post Evacuate Collection Set: 0.4ms
[308.739s][info][gc,phases      ] GC(248)   Other: 0.2ms
[308.739s][info][gc,heap        ] GC(248) Eden regions: 1227->0(1227)
[308.739s][info][gc,heap        ] GC(248) Survivor regions: 1->1(154)
[308.739s][info][gc,heap        ] GC(248) Old regions: 19->19
[308.739s][info][gc,heap        ] GC(248) Archive regions: 0->0
[308.739s][info][gc,heap        ] GC(248) Humongous regions: 0->0
[308.739s][info][gc,metaspace   ] GC(248) Metaspace: 52403K(52928K)->52403K(52928K) NonClass: 44996K(45184K)->44996K(45184K) Class: 7406K(7744K)->7406K(7744K)
[308.739s][info][gc             ] GC(248) Pause Young (Normal) (G1 Evacuation Pause) 1243M->16M(2048M) 1.451ms
[308.739s][info][gc,cpu         ] GC(248) User=0.00s Sys=0.00s Real=0.00s
[309.149s][info][gc,start       ] GC(249) Pause Full (System.gc())
[309.149s][info][gc,task        ] GC(249) Using 6 workers of 6 for full compaction
[309.149s][info][gc,phases,start] GC(249) Phase 1: Mark live objects
[309.157s][info][gc,phases      ] GC(249) Phase 1: Mark live objects 8.111ms
[309.157s][info][gc,phases,start] GC(249) Phase 2: Prepare for compaction
[309.159s][info][gc,phases      ] GC(249) Phase 2: Prepare for compaction 1.637ms
[309.159s][info][gc,phases,start] GC(249) Phase 3: Adjust pointers
[309.166s][info][gc,phases      ] GC(249) Phase 3: Adjust pointers 7.130ms
[309.166s][info][gc,phases,start] GC(249) Phase 4: Compact heap
[309.166s][info][gc,phases      ] GC(249) Phase 4: Compact heap 0.567ms
[309.177s][info][gc,heap        ] GC(249) Eden regions: 307->0(1228)
[309.177s][info][gc,heap        ] GC(249) Survivor regions: 1->0(154)
[309.177s][info][gc,heap        ] GC(249) Old regions: 19->19
[309.177s][info][gc,heap        ] GC(249) Archive regions: 0->0
[309.177s][info][gc,heap        ] GC(249) Humongous regions: 0->0
[309.177s][info][gc,metaspace   ] GC(249) Metaspace: 52403K(52928K)->52403K(52928K) NonClass: 44996K(45184K)->44996K(45184K) Class: 7406K(7744K)->7406K(7744K)
[309.177s][info][gc             ] GC(249) Pause Full (System.gc()) 322M->15M(2048M) 28.279ms
[309.177s][info][gc,cpu         ] GC(249) User=0.09s Sys=0.00s Real=0.03s
[310.742s][info][gc,start       ] GC(250) Pause Young (Normal) (G1 Evacuation Pause)
[310.742s][info][gc,task        ] GC(250) Using 6 workers of 6 for evacuation
[310.744s][info][gc,phases      ] GC(250)   Pre Evacuate Collection Set: 0.1ms
[310.744s][info][gc,phases      ] GC(250)   Merge Heap Roots: 0.1ms
[310.744s][info][gc,phases      ] GC(250)   Evacuate Collection Set: 0.6ms
[310.744s][info][gc,phases      ] GC(250)   Post Evacuate Collection Set: 0.4ms
[310.744s][info][gc,phases      ] GC(250)   Other: 0.2ms
[310.744s][info][gc,heap        ] GC(250) Eden regions: 1228->0(1227)
[310.744s][info][gc,heap        ] GC(250) Survivor regions: 0->1(154)
[310.744s][info][gc,heap        ] GC(250) Old regions: 19->19
[310.744s][info][gc,heap        ] GC(250) Archive regions: 0->0
[310.744s][info][gc,heap        ] GC(250) Humongous regions: 0->0
[310.744s][info][gc,metaspace   ] GC(250) Metaspace: 52403K(52928K)->52403K(52928K) NonClass: 44997K(45184K)->44997K(45184K) Class: 7406K(7744K)->7406K(7744K)
[310.744s][info][gc             ] GC(250) Pause Young (Normal) (G1 Evacuation Pause) 1243M->16M(2048M) 1.548ms
[310.744s][info][gc,cpu         ] GC(250) User=0.00s Sys=0.00s Real=0.00s
[312.286s][info][gc,start       ] GC(251) Pause Young (Normal) (G1 Evacuation Pause)
[312.286s][info][gc,task        ] GC(251) Using 6 workers of 6 for evacuation
[312.287s][info][gc,phases      ] GC(251)   Pre Evacuate Collection Set: 0.1ms
[312.287s][info][gc,phases      ] GC(251)   Merge Heap Roots: 0.1ms
[312.287s][info][gc,phases      ] GC(251)   Evacuate Collection Set: 0.5ms
[312.287s][info][gc,phases      ] GC(251)   Post Evacuate Collection Set: 0.4ms
[312.287s][info][gc,phases      ] GC(251)   Other: 0.2ms
[312.287s][info][gc,heap        ] GC(251) Eden regions: 1227->0(1227)
[312.287s][info][gc,heap        ] GC(251) Survivor regions: 1->1(154)
[312.287s][info][gc,heap        ] GC(251) Old regions: 19->19
[312.287s][info][gc,heap        ] GC(251) Archive regions: 0->0
[312.287s][info][gc,heap        ] GC(251) Humongous regions: 0->0
[312.287s][info][gc,metaspace   ] GC(251) Metaspace: 52403K(52928K)->52403K(52928K) NonClass: 44997K(45184K)->44997K(45184K) Class: 7406K(7744K)->7406K(7744K)
[312.287s][info][gc             ] GC(251) Pause Young (Normal) (G1 Evacuation Pause) 1243M->16M(2048M) 1.448ms
[312.287s][info][gc,cpu         ] GC(251) User=0.00s Sys=0.00s Real=0.00s
[312.673s][info][gc,start       ] GC(252) Pause Full (System.gc())
[312.673s][info][gc,task        ] GC(252) Using 6 workers of 6 for full compaction
[312.673s][info][gc,phases,start] GC(252) Phase 1: Mark live objects
[312.680s][info][gc,phases      ] GC(252) Phase 1: Mark live objects 6.658ms
[312.680s][info][gc,phases,start] GC(252) Phase 2: Prepare for compaction
[312.682s][info][gc,phases      ] GC(252) Phase 2: Prepare for compaction 1.504ms
[312.682s][info][gc,phases,start] GC(252) Phase 3: Adjust pointers
[312.689s][info][gc,phases      ] GC(252) Phase 3: Adjust pointers 7.301ms
[312.689s][info][gc,phases,start] GC(252) Phase 4: Compact heap
[312.690s][info][gc,phases      ] GC(252) Phase 4: Compact heap 0.632ms
[312.700s][info][gc,heap        ] GC(252) Eden regions: 305->0(1228)
[312.700s][info][gc,heap        ] GC(252) Survivor regions: 1->0(154)
[312.700s][info][gc,heap        ] GC(252) Old regions: 19->20
[312.700s][info][gc,heap        ] GC(252) Archive regions: 0->0
[312.700s][info][gc,heap        ] GC(252) Humongous regions: 0->0
[312.700s][info][gc,metaspace   ] GC(252) Metaspace: 52403K(52928K)->52403K(52928K) NonClass: 44997K(45184K)->44997K(45184K) Class: 7406K(7744K)->7406K(7744K)
[312.700s][info][gc             ] GC(252) Pause Full (System.gc()) 321M->15M(2048M) 26.736ms
[312.700s][info][gc,cpu         ] GC(252) User=0.19s Sys=0.00s Real=0.03s
[314.279s][info][gc,start       ] GC(253) Pause Young (Normal) (G1 Evacuation Pause)
[314.279s][info][gc,task        ] GC(253) Using 6 workers of 6 for evacuation
[314.281s][info][gc,phases      ] GC(253)   Pre Evacuate Collection Set: 0.1ms
[314.281s][info][gc,phases      ] GC(253)   Merge Heap Roots: 0.1ms
[314.281s][info][gc,phases      ] GC(253)   Evacuate Collection Set: 0.6ms
[314.281s][info][gc,phases      ] GC(253)   Post Evacuate Collection Set: 0.5ms
[314.281s][info][gc,phases      ] GC(253)   Other: 0.2ms
[314.281s][info][gc,heap        ] GC(253) Eden regions: 1228->0(1227)
[314.281s][info][gc,heap        ] GC(253) Survivor regions: 0->1(154)
[314.281s][info][gc,heap        ] GC(253) Old regions: 20->20
[314.281s][info][gc,heap        ] GC(253) Archive regions: 0->0
[314.281s][info][gc,heap        ] GC(253) Humongous regions: 0->0
[314.281s][info][gc,metaspace   ] GC(253) Metaspace: 52404K(52928K)->52404K(52928K) NonClass: 44998K(45184K)->44998K(45184K) Class: 7406K(7744K)->7406K(7744K)
[314.281s][info][gc             ] GC(253) Pause Young (Normal) (G1 Evacuation Pause) 1243M->16M(2048M) 1.650ms
[314.281s][info][gc,cpu         ] GC(253) User=0.00s Sys=0.00s Real=0.00s
[315.815s][info][gc,start       ] GC(254) Pause Young (Normal) (G1 Evacuation Pause)
[315.815s][info][gc,task        ] GC(254) Using 6 workers of 6 for evacuation
[315.816s][info][gc,phases      ] GC(254)   Pre Evacuate Collection Set: 0.1ms
[315.816s][info][gc,phases      ] GC(254)   Merge Heap Roots: 0.1ms
[315.816s][info][gc,phases      ] GC(254)   Evacuate Collection Set: 0.5ms
[315.816s][info][gc,phases      ] GC(254)   Post Evacuate Collection Set: 0.4ms
[315.816s][info][gc,phases      ] GC(254)   Other: 0.2ms
[315.816s][info][gc,heap        ] GC(254) Eden regions: 1227->0(1227)
[315.816s][info][gc,heap        ] GC(254) Survivor regions: 1->1(154)
[315.816s][info][gc,heap        ] GC(254) Old regions: 20->20
[315.816s][info][gc,heap        ] GC(254) Archive regions: 0->0
[315.816s][info][gc,heap        ] GC(254) Humongous regions: 0->0
[315.816s][info][gc,metaspace   ] GC(254) Metaspace: 52404K(52928K)->52404K(52928K) NonClass: 44998K(45184K)->44998K(45184K) Class: 7406K(7744K)->7406K(7744K)
[315.816s][info][gc             ] GC(254) Pause Young (Normal) (G1 Evacuation Pause) 1243M->16M(2048M) 1.449ms
[315.816s][info][gc,cpu         ] GC(254) User=0.08s Sys=0.02s Real=0.00s
[316.227s][info][gc,start       ] GC(255) Pause Full (System.gc())
[316.227s][info][gc,task        ] GC(255) Using 6 workers of 6 for full compaction
[316.227s][info][gc,phases,start] GC(255) Phase 1: Mark live objects
[316.234s][info][gc,phases      ] GC(255) Phase 1: Mark live objects 7.048ms
[316.234s][info][gc,phases,start] GC(255) Phase 2: Prepare for compaction
[316.235s][info][gc,phases      ] GC(255) Phase 2: Prepare for compaction 1.436ms
[316.235s][info][gc,phases,start] GC(255) Phase 3: Adjust pointers
[316.243s][info][gc,phases      ] GC(255) Phase 3: Adjust pointers 7.520ms
[316.243s][info][gc,phases,start] GC(255) Phase 4: Compact heap
[316.244s][info][gc,phases      ] GC(255) Phase 4: Compact heap 0.681ms
[316.253s][info][gc,heap        ] GC(255) Eden regions: 305->0(1228)
[316.254s][info][gc,heap        ] GC(255) Survivor regions: 1->0(154)
[316.254s][info][gc,heap        ] GC(255) Old regions: 20->20
[316.254s][info][gc,heap        ] GC(255) Archive regions: 0->0
[316.254s][info][gc,heap        ] GC(255) Humongous regions: 0->0
[316.254s][info][gc,metaspace   ] GC(255) Metaspace: 52404K(52928K)->52404K(52928K) NonClass: 44998K(45184K)->44998K(45184K) Class: 7406K(7744K)->7406K(7744K)
[316.254s][info][gc             ] GC(255) Pause Full (System.gc()) 321M->15M(2048M) 27.024ms
[316.254s][info][gc,cpu         ] GC(255) User=0.12s Sys=0.00s Real=0.02s
[317.795s][info][gc,start       ] GC(256) Pause Young (Normal) (G1 Evacuation Pause)
[317.795s][info][gc,task        ] GC(256) Using 6 workers of 6 for evacuation
[317.796s][info][gc,phases      ] GC(256)   Pre Evacuate Collection Set: 0.1ms
[317.796s][info][gc,phases      ] GC(256)   Merge Heap Roots: 0.1ms
[317.796s][info][gc,phases      ] GC(256)   Evacuate Collection Set: 0.6ms
[317.796s][info][gc,phases      ] GC(256)   Post Evacuate Collection Set: 0.4ms
[317.796s][info][gc,phases      ] GC(256)   Other: 0.2ms
[317.796s][info][gc,heap        ] GC(256) Eden regions: 1228->0(1227)
[317.796s][info][gc,heap        ] GC(256) Survivor regions: 0->1(154)
[317.796s][info][gc,heap        ] GC(256) Old regions: 20->20
[317.796s][info][gc,heap        ] GC(256) Archive regions: 0->0
[317.796s][info][gc,heap        ] GC(256) Humongous regions: 0->0
[317.796s][info][gc,metaspace   ] GC(256) Metaspace: 52409K(52928K)->52409K(52928K) NonClass: 45003K(45184K)->45003K(45184K) Class: 7406K(7744K)->7406K(7744K)
[317.796s][info][gc             ] GC(256) Pause Young (Normal) (G1 Evacuation Pause) 1243M->16M(2048M) 1.496ms
[317.796s][info][gc,cpu         ] GC(256) User=0.00s Sys=0.00s Real=0.00s
[319.320s][info][gc,start       ] GC(257) Pause Young (Normal) (G1 Evacuation Pause)
[319.320s][info][gc,task        ] GC(257) Using 6 workers of 6 for evacuation
[319.321s][info][gc,phases      ] GC(257)   Pre Evacuate Collection Set: 0.1ms
[319.321s][info][gc,phases      ] GC(257)   Merge Heap Roots: 0.1ms
[319.321s][info][gc,phases      ] GC(257)   Evacuate Collection Set: 0.5ms
[319.321s][info][gc,phases      ] GC(257)   Post Evacuate Collection Set: 0.4ms
[319.321s][info][gc,phases      ] GC(257)   Other: 0.2ms
[319.321s][info][gc,heap        ] GC(257) Eden regions: 1227->0(1227)
[319.321s][info][gc,heap        ] GC(257) Survivor regions: 1->1(154)
[319.321s][info][gc,heap        ] GC(257) Old regions: 20->20
[319.321s][info][gc,heap        ] GC(257) Archive regions: 0->0
[319.321s][info][gc,heap        ] GC(257) Humongous regions: 0->0
[319.321s][info][gc,metaspace   ] GC(257) Metaspace: 52409K(52928K)->52409K(52928K) NonClass: 45003K(45184K)->45003K(45184K) Class: 7406K(7744K)->7406K(7744K)
[319.321s][info][gc             ] GC(257) Pause Young (Normal) (G1 Evacuation Pause) 1243M->16M(2048M) 1.442ms
[319.321s][info][gc,cpu         ] GC(257) User=0.00s Sys=0.00s Real=0.00s
[319.710s][info][gc,start       ] GC(258) Pause Full (System.gc())
[319.710s][info][gc,task        ] GC(258) Using 6 workers of 6 for full compaction
[319.710s][info][gc,phases,start] GC(258) Phase 1: Mark live objects
[319.717s][info][gc,phases      ] GC(258) Phase 1: Mark live objects 6.697ms
[319.717s][info][gc,phases,start] GC(258) Phase 2: Prepare for compaction
[319.718s][info][gc,phases      ] GC(258) Phase 2: Prepare for compaction 1.380ms
[319.718s][info][gc,phases,start] GC(258) Phase 3: Adjust pointers
[319.726s][info][gc,phases      ] GC(258) Phase 3: Adjust pointers 7.178ms
[319.726s][info][gc,phases,start] GC(258) Phase 4: Compact heap
[319.726s][info][gc,phases      ] GC(258) Phase 4: Compact heap 0.723ms
[319.736s][info][gc,heap        ] GC(258) Eden regions: 306->0(1228)
[319.736s][info][gc,heap        ] GC(258) Survivor regions: 1->0(154)
[319.736s][info][gc,heap        ] GC(258) Old regions: 20->19
[319.736s][info][gc,heap        ] GC(258) Archive regions: 0->0
[319.736s][info][gc,heap        ] GC(258) Humongous regions: 0->0
[319.736s][info][gc,metaspace   ] GC(258) Metaspace: 52435K(52992K)->52435K(52992K) NonClass: 45029K(45248K)->45029K(45248K) Class: 7406K(7744K)->7406K(7744K)
[319.736s][info][gc             ] GC(258) Pause Full (System.gc()) 321M->15M(2048M) 26.401ms
[319.736s][info][gc,cpu         ] GC(258) User=0.02s Sys=0.00s Real=0.02s
[321.353s][info][gc,start       ] GC(259) Pause Young (Normal) (G1 Evacuation Pause)
[321.353s][info][gc,task        ] GC(259) Using 6 workers of 6 for evacuation
[321.354s][info][gc,phases      ] GC(259)   Pre Evacuate Collection Set: 0.1ms
[321.355s][info][gc,phases      ] GC(259)   Merge Heap Roots: 0.1ms
[321.355s][info][gc,phases      ] GC(259)   Evacuate Collection Set: 0.7ms
[321.355s][info][gc,phases      ] GC(259)   Post Evacuate Collection Set: 0.5ms
[321.355s][info][gc,phases      ] GC(259)   Other: 0.2ms
[321.355s][info][gc,heap        ] GC(259) Eden regions: 1228->0(1227)
[321.355s][info][gc,heap        ] GC(259) Survivor regions: 0->1(154)
[321.355s][info][gc,heap        ] GC(259) Old regions: 19->19
[321.355s][info][gc,heap        ] GC(259) Archive regions: 0->0
[321.355s][info][gc,heap        ] GC(259) Humongous regions: 0->0
[321.355s][info][gc,metaspace   ] GC(259) Metaspace: 52512K(53056K)->52512K(53056K) NonClass: 45105K(45312K)->45105K(45312K) Class: 7406K(7744K)->7406K(7744K)
[321.355s][info][gc             ] GC(259) Pause Young (Normal) (G1 Evacuation Pause) 1243M->16M(2048M) 1.643ms
[321.355s][info][gc,cpu         ] GC(259) User=0.00s Sys=0.00s Real=0.00s
[322.916s][info][gc,start       ] GC(260) Pause Young (Normal) (G1 Evacuation Pause)
[322.916s][info][gc,task        ] GC(260) Using 6 workers of 6 for evacuation
[322.917s][info][gc,phases      ] GC(260)   Pre Evacuate Collection Set: 0.1ms
[322.917s][info][gc,phases      ] GC(260)   Merge Heap Roots: 0.1ms
[322.917s][info][gc,phases      ] GC(260)   Evacuate Collection Set: 0.5ms
[322.917s][info][gc,phases      ] GC(260)   Post Evacuate Collection Set: 0.5ms
[322.917s][info][gc,phases      ] GC(260)   Other: 0.2ms
[322.917s][info][gc,heap        ] GC(260) Eden regions: 1227->0(1227)
[322.917s][info][gc,heap        ] GC(260) Survivor regions: 1->1(154)
[322.917s][info][gc,heap        ] GC(260) Old regions: 19->19
[322.917s][info][gc,heap        ] GC(260) Archive regions: 0->0
[322.917s][info][gc,heap        ] GC(260) Humongous regions: 0->0
[322.917s][info][gc,metaspace   ] GC(260) Metaspace: 52512K(53056K)->52512K(53056K) NonClass: 45105K(45312K)->45105K(45312K) Class: 7406K(7744K)->7406K(7744K)
[322.917s][info][gc             ] GC(260) Pause Young (Normal) (G1 Evacuation Pause) 1243M->16M(2048M) 1.456ms
[322.917s][info][gc,cpu         ] GC(260) User=0.00s Sys=0.00s Real=0.00s
[323.339s][info][gc,start       ] GC(261) Pause Full (System.gc())
[323.339s][info][gc,task        ] GC(261) Using 6 workers of 6 for full compaction
[323.339s][info][gc,phases,start] GC(261) Phase 1: Mark live objects
[323.346s][info][gc,phases      ] GC(261) Phase 1: Mark live objects 7.120ms
[323.346s][info][gc,phases,start] GC(261) Phase 2: Prepare for compaction
[323.347s][info][gc,phases      ] GC(261) Phase 2: Prepare for compaction 1.348ms
[323.348s][info][gc,phases,start] GC(261) Phase 3: Adjust pointers
[323.355s][info][gc,phases      ] GC(261) Phase 3: Adjust pointers 7.080ms
[323.355s][info][gc,phases,start] GC(261) Phase 4: Compact heap
[323.355s][info][gc,phases      ] GC(261) Phase 4: Compact heap 0.549ms
[323.366s][info][gc,heap        ] GC(261) Eden regions: 305->0(1228)
[323.366s][info][gc,heap        ] GC(261) Survivor regions: 1->0(154)
[323.366s][info][gc,heap        ] GC(261) Old regions: 19->20
[323.366s][info][gc,heap        ] GC(261) Archive regions: 0->0
[323.366s][info][gc,heap        ] GC(261) Humongous regions: 0->0
[323.366s][info][gc,metaspace   ] GC(261) Metaspace: 52572K(53120K)->52572K(53120K) NonClass: 45166K(45376K)->45166K(45376K) Class: 7406K(7744K)->7406K(7744K)
[323.366s][info][gc             ] GC(261) Pause Full (System.gc()) 321M->15M(2048M) 27.160ms
[323.366s][info][gc,cpu         ] GC(261) User=0.11s Sys=0.00s Real=0.04s
[324.950s][info][gc,start       ] GC(262) Pause Young (Normal) (G1 Evacuation Pause)
[324.950s][info][gc,task        ] GC(262) Using 6 workers of 6 for evacuation
[324.952s][info][gc,phases      ] GC(262)   Pre Evacuate Collection Set: 0.1ms
[324.952s][info][gc,phases      ] GC(262)   Merge Heap Roots: 0.1ms
[324.952s][info][gc,phases      ] GC(262)   Evacuate Collection Set: 0.6ms
[324.952s][info][gc,phases      ] GC(262)   Post Evacuate Collection Set: 0.5ms
[324.952s][info][gc,phases      ] GC(262)   Other: 0.2ms
[324.952s][info][gc,heap        ] GC(262) Eden regions: 1228->0(1227)
[324.952s][info][gc,heap        ] GC(262) Survivor regions: 0->1(154)
[324.952s][info][gc,heap        ] GC(262) Old regions: 20->20
[324.952s][info][gc,heap        ] GC(262) Archive regions: 0->0
[324.952s][info][gc,heap        ] GC(262) Humongous regions: 0->0
[324.952s][info][gc,metaspace   ] GC(262) Metaspace: 52686K(53184K)->52686K(53184K) NonClass: 45279K(45440K)->45279K(45440K) Class: 7406K(7744K)->7406K(7744K)
[324.952s][info][gc             ] GC(262) Pause Young (Normal) (G1 Evacuation Pause) 1243M->16M(2048M) 1.581ms
[324.952s][info][gc,cpu         ] GC(262) User=0.00s Sys=0.00s Real=0.00s
[326.514s][info][gc,start       ] GC(263) Pause Young (Normal) (G1 Evacuation Pause)
[326.514s][info][gc,task        ] GC(263) Using 6 workers of 6 for evacuation
[326.515s][info][gc,phases      ] GC(263)   Pre Evacuate Collection Set: 0.1ms
[326.515s][info][gc,phases      ] GC(263)   Merge Heap Roots: 0.1ms
[326.516s][info][gc,phases      ] GC(263)   Evacuate Collection Set: 0.5ms
[326.516s][info][gc,phases      ] GC(263)   Post Evacuate Collection Set: 0.4ms
[326.516s][info][gc,phases      ] GC(263)   Other: 0.2ms
[326.516s][info][gc,heap        ] GC(263) Eden regions: 1227->0(1227)
[326.516s][info][gc,heap        ] GC(263) Survivor regions: 1->1(154)
[326.516s][info][gc,heap        ] GC(263) Old regions: 20->20
[326.516s][info][gc,heap        ] GC(263) Archive regions: 0->0
[326.516s][info][gc,heap        ] GC(263) Humongous regions: 0->0
[326.516s][info][gc,metaspace   ] GC(263) Metaspace: 52686K(53184K)->52686K(53184K) NonClass: 45279K(45440K)->45279K(45440K) Class: 7406K(7744K)->7406K(7744K)
[326.516s][info][gc             ] GC(263) Pause Young (Normal) (G1 Evacuation Pause) 1243M->16M(2048M) 1.424ms
[326.516s][info][gc,cpu         ] GC(263) User=0.00s Sys=0.00s Real=0.00s
[326.918s][info][gc,start       ] GC(264) Pause Full (System.gc())
[326.918s][info][gc,task        ] GC(264) Using 6 workers of 6 for full compaction
[326.919s][info][gc,phases,start] GC(264) Phase 1: Mark live objects
[326.925s][info][gc,phases      ] GC(264) Phase 1: Mark live objects 6.606ms
[326.925s][info][gc,phases,start] GC(264) Phase 2: Prepare for compaction
[326.927s][info][gc,phases      ] GC(264) Phase 2: Prepare for compaction 1.434ms
[326.927s][info][gc,phases,start] GC(264) Phase 3: Adjust pointers
[326.934s][info][gc,phases      ] GC(264) Phase 3: Adjust pointers 7.184ms
[326.934s][info][gc,phases,start] GC(264) Phase 4: Compact heap
[326.935s][info][gc,phases      ] GC(264) Phase 4: Compact heap 0.699ms
[326.945s][info][gc,heap        ] GC(264) Eden regions: 306->0(1228)
[326.945s][info][gc,heap        ] GC(264) Survivor regions: 1->0(154)
[326.945s][info][gc,heap        ] GC(264) Old regions: 20->19
[326.945s][info][gc,heap        ] GC(264) Archive regions: 0->0
[326.945s][info][gc,heap        ] GC(264) Humongous regions: 0->0
[326.945s][info][gc,metaspace   ] GC(264) Metaspace: 52720K(53248K)->52720K(53248K) NonClass: 45313K(45504K)->45313K(45504K) Class: 7406K(7744K)->7406K(7744K)
[326.945s][info][gc             ] GC(264) Pause Full (System.gc()) 322M->15M(2048M) 26.596ms
[326.945s][info][gc,cpu         ] GC(264) User=0.11s Sys=0.00s Real=0.03s
[328.570s][info][gc,start       ] GC(265) Pause Young (Normal) (G1 Evacuation Pause)
[328.570s][info][gc,task        ] GC(265) Using 6 workers of 6 for evacuation
[328.571s][info][gc,phases      ] GC(265)   Pre Evacuate Collection Set: 0.1ms
[328.571s][info][gc,phases      ] GC(265)   Merge Heap Roots: 0.1ms
[328.571s][info][gc,phases      ] GC(265)   Evacuate Collection Set: 0.6ms
[328.571s][info][gc,phases      ] GC(265)   Post Evacuate Collection Set: 0.4ms
[328.571s][info][gc,phases      ] GC(265)   Other: 0.2ms
[328.571s][info][gc,heap        ] GC(265) Eden regions: 1228->0(1227)
[328.571s][info][gc,heap        ] GC(265) Survivor regions: 0->1(154)
[328.571s][info][gc,heap        ] GC(265) Old regions: 19->19
[328.571s][info][gc,heap        ] GC(265) Archive regions: 0->0
[328.571s][info][gc,heap        ] GC(265) Humongous regions: 0->0
[328.571s][info][gc,metaspace   ] GC(265) Metaspace: 52796K(53312K)->52796K(53312K) NonClass: 45389K(45568K)->45389K(45568K) Class: 7406K(7744K)->7406K(7744K)
[328.571s][info][gc             ] GC(265) Pause Young (Normal) (G1 Evacuation Pause) 1243M->16M(2048M) 1.517ms
[328.571s][info][gc,cpu         ] GC(265) User=0.00s Sys=0.00s Real=0.00s
[330.114s][info][gc,start       ] GC(266) Pause Young (Normal) (G1 Evacuation Pause)
[330.114s][info][gc,task        ] GC(266) Using 6 workers of 6 for evacuation
[330.115s][info][gc,phases      ] GC(266)   Pre Evacuate Collection Set: 0.1ms
[330.115s][info][gc,phases      ] GC(266)   Merge Heap Roots: 0.1ms
[330.115s][info][gc,phases      ] GC(266)   Evacuate Collection Set: 0.5ms
[330.115s][info][gc,phases      ] GC(266)   Post Evacuate Collection Set: 0.4ms
[330.115s][info][gc,phases      ] GC(266)   Other: 0.2ms
[330.115s][info][gc,heap        ] GC(266) Eden regions: 1227->0(1227)
[330.115s][info][gc,heap        ] GC(266) Survivor regions: 1->1(154)
[330.115s][info][gc,heap        ] GC(266) Old regions: 19->19
[330.115s][info][gc,heap        ] GC(266) Archive regions: 0->0
[330.115s][info][gc,heap        ] GC(266) Humongous regions: 0->0
[330.115s][info][gc,metaspace   ] GC(266) Metaspace: 52796K(53312K)->52796K(53312K) NonClass: 45389K(45568K)->45389K(45568K) Class: 7406K(7744K)->7406K(7744K)
[330.115s][info][gc             ] GC(266) Pause Young (Normal) (G1 Evacuation Pause) 1243M->16M(2048M) 1.485ms
[330.115s][info][gc,cpu         ] GC(266) User=0.00s Sys=0.00s Real=0.00s
[330.527s][info][gc,start       ] GC(267) Pause Full (System.gc())
[330.527s][info][gc,task        ] GC(267) Using 6 workers of 6 for full compaction
[330.528s][info][gc,phases,start] GC(267) Phase 1: Mark live objects
[330.534s][info][gc,phases      ] GC(267) Phase 1: Mark live objects 6.383ms
[330.534s][info][gc,phases,start] GC(267) Phase 2: Prepare for compaction
[330.536s][info][gc,phases      ] GC(267) Phase 2: Prepare for compaction 1.404ms
[330.536s][info][gc,phases,start] GC(267) Phase 3: Adjust pointers
[330.543s][info][gc,phases      ] GC(267) Phase 3: Adjust pointers 7.137ms
[330.543s][info][gc,phases,start] GC(267) Phase 4: Compact heap
[330.544s][info][gc,phases      ] GC(267) Phase 4: Compact heap 0.701ms
[330.553s][info][gc,heap        ] GC(267) Eden regions: 305->0(1228)
[330.553s][info][gc,heap        ] GC(267) Survivor regions: 1->0(154)
[330.553s][info][gc,heap        ] GC(267) Old regions: 19->19
[330.553s][info][gc,heap        ] GC(267) Archive regions: 0->0
[330.553s][info][gc,heap        ] GC(267) Humongous regions: 0->0
[330.553s][info][gc,metaspace   ] GC(267) Metaspace: 52796K(53312K)->52796K(53312K) NonClass: 45389K(45568K)->45389K(45568K) Class: 7406K(7744K)->7406K(7744K)
[330.553s][info][gc             ] GC(267) Pause Full (System.gc()) 320M->15M(2048M) 26.058ms
[330.554s][info][gc,cpu         ] GC(267) User=0.11s Sys=0.00s Real=0.02s
[332.135s][info][gc,start       ] GC(268) Pause Young (Normal) (G1 Evacuation Pause)
[332.135s][info][gc,task        ] GC(268) Using 6 workers of 6 for evacuation
[332.137s][info][gc,phases      ] GC(268)   Pre Evacuate Collection Set: 0.1ms
[332.137s][info][gc,phases      ] GC(268)   Merge Heap Roots: 0.1ms
[332.137s][info][gc,phases      ] GC(268)   Evacuate Collection Set: 0.6ms
[332.137s][info][gc,phases      ] GC(268)   Post Evacuate Collection Set: 0.5ms
[332.137s][info][gc,phases      ] GC(268)   Other: 0.2ms
[332.137s][info][gc,heap        ] GC(268) Eden regions: 1228->0(1227)
[332.137s][info][gc,heap        ] GC(268) Survivor regions: 0->1(154)
[332.137s][info][gc,heap        ] GC(268) Old regions: 19->19
[332.137s][info][gc,heap        ] GC(268) Archive regions: 0->0
[332.137s][info][gc,heap        ] GC(268) Humongous regions: 0->0
[332.137s][info][gc,metaspace   ] GC(268) Metaspace: 52897K(53440K)->52897K(53440K) NonClass: 45491K(45696K)->45491K(45696K) Class: 7406K(7744K)->7406K(7744K)
[332.137s][info][gc             ] GC(268) Pause Young (Normal) (G1 Evacuation Pause) 1243M->16M(2048M) 1.531ms
[332.137s][info][gc,cpu         ] GC(268) User=0.00s Sys=0.00s Real=0.00s
[333.706s][info][gc,start       ] GC(269) Pause Young (Normal) (G1 Evacuation Pause)
[333.706s][info][gc,task        ] GC(269) Using 6 workers of 6 for evacuation
[333.708s][info][gc,phases      ] GC(269)   Pre Evacuate Collection Set: 0.1ms
[333.708s][info][gc,phases      ] GC(269)   Merge Heap Roots: 0.1ms
[333.708s][info][gc,phases      ] GC(269)   Evacuate Collection Set: 0.5ms
[333.708s][info][gc,phases      ] GC(269)   Post Evacuate Collection Set: 0.4ms
[333.708s][info][gc,phases      ] GC(269)   Other: 0.2ms
[333.708s][info][gc,heap        ] GC(269) Eden regions: 1227->0(1227)
[333.708s][info][gc,heap        ] GC(269) Survivor regions: 1->1(154)
[333.708s][info][gc,heap        ] GC(269) Old regions: 19->19
[333.708s][info][gc,heap        ] GC(269) Archive regions: 0->0
[333.708s][info][gc,heap        ] GC(269) Humongous regions: 0->0
[333.708s][info][gc,metaspace   ] GC(269) Metaspace: 52897K(53440K)->52897K(53440K) NonClass: 45491K(45696K)->45491K(45696K) Class: 7406K(7744K)->7406K(7744K)
[333.708s][info][gc             ] GC(269) Pause Young (Normal) (G1 Evacuation Pause) 1243M->16M(2048M) 1.459ms
[333.708s][info][gc,cpu         ] GC(269) User=0.00s Sys=0.00s Real=0.00s
[334.131s][info][gc,start       ] GC(270) Pause Full (System.gc())
[334.131s][info][gc,task        ] GC(270) Using 6 workers of 6 for full compaction
[334.131s][info][gc,phases,start] GC(270) Phase 1: Mark live objects
[334.138s][info][gc,phases      ] GC(270) Phase 1: Mark live objects 6.535ms
[334.138s][info][gc,phases,start] GC(270) Phase 2: Prepare for compaction
[334.139s][info][gc,phases      ] GC(270) Phase 2: Prepare for compaction 1.472ms
[334.139s][info][gc,phases,start] GC(270) Phase 3: Adjust pointers
[334.147s][info][gc,phases      ] GC(270) Phase 3: Adjust pointers 7.424ms
[334.147s][info][gc,phases,start] GC(270) Phase 4: Compact heap
[334.148s][info][gc,phases      ] GC(270) Phase 4: Compact heap 0.923ms
[334.158s][info][gc,heap        ] GC(270) Eden regions: 306->0(1228)
[334.158s][info][gc,heap        ] GC(270) Survivor regions: 1->0(154)
[334.158s][info][gc,heap        ] GC(270) Old regions: 19->20
[334.158s][info][gc,heap        ] GC(270) Archive regions: 0->0
[334.158s][info][gc,heap        ] GC(270) Humongous regions: 0->0
[334.158s][info][gc,metaspace   ] GC(270) Metaspace: 52900K(53440K)->52900K(53440K) NonClass: 45494K(45696K)->45494K(45696K) Class: 7406K(7744K)->7406K(7744K)
[334.158s][info][gc             ] GC(270) Pause Full (System.gc()) 322M->15M(2048M) 27.319ms
[334.158s][info][gc,cpu         ] GC(270) User=0.02s Sys=0.00s Real=0.03s
[335.721s][info][gc,start       ] GC(271) Pause Young (Normal) (G1 Evacuation Pause)
[335.721s][info][gc,task        ] GC(271) Using 6 workers of 6 for evacuation
[335.722s][info][gc,phases      ] GC(271)   Pre Evacuate Collection Set: 0.1ms
[335.722s][info][gc,phases      ] GC(271)   Merge Heap Roots: 0.1ms
[335.722s][info][gc,phases      ] GC(271)   Evacuate Collection Set: 0.6ms
[335.722s][info][gc,phases      ] GC(271)   Post Evacuate Collection Set: 0.5ms
[335.722s][info][gc,phases      ] GC(271)   Other: 0.2ms
[335.722s][info][gc,heap        ] GC(271) Eden regions: 1228->0(1227)
[335.722s][info][gc,heap        ] GC(271) Survivor regions: 0->1(154)
[335.722s][info][gc,heap        ] GC(271) Old regions: 20->20
[335.722s][info][gc,heap        ] GC(271) Archive regions: 0->0
[335.722s][info][gc,heap        ] GC(271) Humongous regions: 0->0
[335.722s][info][gc,metaspace   ] GC(271) Metaspace: 52950K(53504K)->52950K(53504K) NonClass: 45543K(45760K)->45543K(45760K) Class: 7406K(7744K)->7406K(7744K)
[335.722s][info][gc             ] GC(271) Pause Young (Normal) (G1 Evacuation Pause) 1243M->16M(2048M) 1.579ms
[335.722s][info][gc,cpu         ] GC(271) User=0.09s Sys=0.00s Real=0.00s
[337.270s][info][gc,start       ] GC(272) Pause Young (Normal) (G1 Evacuation Pause)
[337.270s][info][gc,task        ] GC(272) Using 6 workers of 6 for evacuation
[337.271s][info][gc,phases      ] GC(272)   Pre Evacuate Collection Set: 0.1ms
[337.271s][info][gc,phases      ] GC(272)   Merge Heap Roots: 0.1ms
[337.271s][info][gc,phases      ] GC(272)   Evacuate Collection Set: 0.5ms
[337.271s][info][gc,phases      ] GC(272)   Post Evacuate Collection Set: 0.4ms
[337.271s][info][gc,phases      ] GC(272)   Other: 0.2ms
[337.271s][info][gc,heap        ] GC(272) Eden regions: 1227->0(1227)
[337.271s][info][gc,heap        ] GC(272) Survivor regions: 1->1(154)
[337.271s][info][gc,heap        ] GC(272) Old regions: 20->20
[337.271s][info][gc,heap        ] GC(272) Archive regions: 0->0
[337.271s][info][gc,heap        ] GC(272) Humongous regions: 0->0
[337.271s][info][gc,metaspace   ] GC(272) Metaspace: 52950K(53504K)->52950K(53504K) NonClass: 45543K(45760K)->45543K(45760K) Class: 7406K(7744K)->7406K(7744K)
[337.271s][info][gc             ] GC(272) Pause Young (Normal) (G1 Evacuation Pause) 1243M->16M(2048M) 1.395ms
[337.271s][info][gc,cpu         ] GC(272) User=0.00s Sys=0.00s Real=0.00s
[337.683s][info][gc,start       ] GC(273) Pause Full (System.gc())
[337.683s][info][gc,task        ] GC(273) Using 6 workers of 6 for full compaction
[337.683s][info][gc,phases,start] GC(273) Phase 1: Mark live objects
[337.690s][info][gc,phases      ] GC(273) Phase 1: Mark live objects 6.687ms
[337.690s][info][gc,phases,start] GC(273) Phase 2: Prepare for compaction
[337.691s][info][gc,phases      ] GC(273) Phase 2: Prepare for compaction 1.453ms
[337.691s][info][gc,phases,start] GC(273) Phase 3: Adjust pointers
[337.699s][info][gc,phases      ] GC(273) Phase 3: Adjust pointers 7.587ms
[337.699s][info][gc,phases,start] GC(273) Phase 4: Compact heap
[337.700s][info][gc,phases      ] GC(273) Phase 4: Compact heap 0.638ms
[337.709s][info][gc,heap        ] GC(273) Eden regions: 306->0(1228)
[337.710s][info][gc,heap        ] GC(273) Survivor regions: 1->0(154)
[337.710s][info][gc,heap        ] GC(273) Old regions: 20->19
[337.710s][info][gc,heap        ] GC(273) Archive regions: 0->0
[337.710s][info][gc,heap        ] GC(273) Humongous regions: 0->0
[337.710s][info][gc,metaspace   ] GC(273) Metaspace: 52950K(53504K)->52950K(53504K) NonClass: 45543K(45760K)->45543K(45760K) Class: 7406K(7744K)->7406K(7744K)
[337.710s][info][gc             ] GC(273) Pause Full (System.gc()) 321M->15M(2048M) 26.895ms
[337.710s][info][gc,cpu         ] GC(273) User=0.11s Sys=0.00s Real=0.03s
[339.315s][info][gc,start       ] GC(274) Pause Young (Normal) (G1 Evacuation Pause)
[339.315s][info][gc,task        ] GC(274) Using 6 workers of 6 for evacuation
[339.317s][info][gc,phases      ] GC(274)   Pre Evacuate Collection Set: 0.1ms
[339.317s][info][gc,phases      ] GC(274)   Merge Heap Roots: 0.1ms
[339.317s][info][gc,phases      ] GC(274)   Evacuate Collection Set: 0.6ms
[339.317s][info][gc,phases      ] GC(274)   Post Evacuate Collection Set: 0.5ms
[339.317s][info][gc,phases      ] GC(274)   Other: 0.2ms
[339.317s][info][gc,heap        ] GC(274) Eden regions: 1228->0(1227)
[339.317s][info][gc,heap        ] GC(274) Survivor regions: 0->1(154)
[339.317s][info][gc,heap        ] GC(274) Old regions: 19->19
[339.317s][info][gc,heap        ] GC(274) Archive regions: 0->0
[339.317s][info][gc,heap        ] GC(274) Humongous regions: 0->0
[339.317s][info][gc,metaspace   ] GC(274) Metaspace: 52984K(53568K)->52984K(53568K) NonClass: 45577K(45824K)->45577K(45824K) Class: 7406K(7744K)->7406K(7744K)
[339.317s][info][gc             ] GC(274) Pause Young (Normal) (G1 Evacuation Pause) 1243M->16M(2048M) 1.542ms
[339.317s][info][gc,cpu         ] GC(274) User=0.00s Sys=0.00s Real=0.00s
[340.867s][info][gc,start       ] GC(275) Pause Young (Normal) (G1 Evacuation Pause)
[340.867s][info][gc,task        ] GC(275) Using 6 workers of 6 for evacuation
[340.868s][info][gc,phases      ] GC(275)   Pre Evacuate Collection Set: 0.1ms
[340.868s][info][gc,phases      ] GC(275)   Merge Heap Roots: 0.1ms
[340.868s][info][gc,phases      ] GC(275)   Evacuate Collection Set: 0.5ms
[340.868s][info][gc,phases      ] GC(275)   Post Evacuate Collection Set: 0.4ms
[340.868s][info][gc,phases      ] GC(275)   Other: 0.2ms
[340.868s][info][gc,heap        ] GC(275) Eden regions: 1227->0(1227)
[340.868s][info][gc,heap        ] GC(275) Survivor regions: 1->1(154)
[340.868s][info][gc,heap        ] GC(275) Old regions: 19->19
[340.868s][info][gc,heap        ] GC(275) Archive regions: 0->0
[340.868s][info][gc,heap        ] GC(275) Humongous regions: 0->0
[340.868s][info][gc,metaspace   ] GC(275) Metaspace: 52984K(53568K)->52984K(53568K) NonClass: 45577K(45824K)->45577K(45824K) Class: 7406K(7744K)->7406K(7744K)
[340.868s][info][gc             ] GC(275) Pause Young (Normal) (G1 Evacuation Pause) 1243M->16M(2048M) 1.415ms
[340.868s][info][gc,cpu         ] GC(275) User=0.00s Sys=0.00s Real=0.00s
[341.283s][info][gc,start       ] GC(276) Pause Full (System.gc())
[341.283s][info][gc,task        ] GC(276) Using 6 workers of 6 for full compaction
[341.284s][info][gc,phases,start] GC(276) Phase 1: Mark live objects
[341.291s][info][gc,phases      ] GC(276) Phase 1: Mark live objects 7.029ms
[341.291s][info][gc,phases,start] GC(276) Phase 2: Prepare for compaction
[341.292s][info][gc,phases      ] GC(276) Phase 2: Prepare for compaction 1.452ms
[341.292s][info][gc,phases,start] GC(276) Phase 3: Adjust pointers
[341.300s][info][gc,phases      ] GC(276) Phase 3: Adjust pointers 7.822ms
[341.300s][info][gc,phases,start] GC(276) Phase 4: Compact heap
[341.301s][info][gc,phases      ] GC(276) Phase 4: Compact heap 0.833ms
[341.311s][info][gc,heap        ] GC(276) Eden regions: 306->0(1228)
[341.311s][info][gc,heap        ] GC(276) Survivor regions: 1->0(154)
[341.311s][info][gc,heap        ] GC(276) Old regions: 19->20
[341.311s][info][gc,heap        ] GC(276) Archive regions: 0->0
[341.311s][info][gc,heap        ] GC(276) Humongous regions: 0->0
[341.311s][info][gc,metaspace   ] GC(276) Metaspace: 52984K(53568K)->52984K(53568K) NonClass: 45577K(45824K)->45577K(45824K) Class: 7406K(7744K)->7406K(7744K)
[341.311s][info][gc             ] GC(276) Pause Full (System.gc()) 321M->15M(2048M) 27.683ms
[341.311s][info][gc,cpu         ] GC(276) User=0.11s Sys=0.00s Real=0.03s
[342.900s][info][gc,start       ] GC(277) Pause Young (Normal) (G1 Evacuation Pause)
[342.900s][info][gc,task        ] GC(277) Using 6 workers of 6 for evacuation
[342.901s][info][gc,phases      ] GC(277)   Pre Evacuate Collection Set: 0.1ms
[342.901s][info][gc,phases      ] GC(277)   Merge Heap Roots: 0.1ms
[342.901s][info][gc,phases      ] GC(277)   Evacuate Collection Set: 0.6ms
[342.901s][info][gc,phases      ] GC(277)   Post Evacuate Collection Set: 0.4ms
[342.901s][info][gc,phases      ] GC(277)   Other: 0.2ms
[342.901s][info][gc,heap        ] GC(277) Eden regions: 1228->0(1227)
[342.901s][info][gc,heap        ] GC(277) Survivor regions: 0->1(154)
[342.901s][info][gc,heap        ] GC(277) Old regions: 20->20
[342.902s][info][gc,heap        ] GC(277) Archive regions: 0->0
[342.902s][info][gc,heap        ] GC(277) Humongous regions: 0->0
[342.902s][info][gc,metaspace   ] GC(277) Metaspace: 53002K(53568K)->53002K(53568K) NonClass: 45595K(45824K)->45595K(45824K) Class: 7406K(7744K)->7406K(7744K)
[342.902s][info][gc             ] GC(277) Pause Young (Normal) (G1 Evacuation Pause) 1243M->16M(2048M) 1.596ms
[342.902s][info][gc,cpu         ] GC(277) User=0.00s Sys=0.00s Real=0.00s
[344.558s][info][gc,start       ] GC(278) Pause Young (Normal) (G1 Evacuation Pause)
[344.558s][info][gc,task        ] GC(278) Using 6 workers of 6 for evacuation
[344.559s][info][gc,phases      ] GC(278)   Pre Evacuate Collection Set: 0.1ms
[344.559s][info][gc,phases      ] GC(278)   Merge Heap Roots: 0.1ms
[344.559s][info][gc,phases      ] GC(278)   Evacuate Collection Set: 0.6ms
[344.559s][info][gc,phases      ] GC(278)   Post Evacuate Collection Set: 0.4ms
[344.559s][info][gc,phases      ] GC(278)   Other: 0.2ms
[344.559s][info][gc,heap        ] GC(278) Eden regions: 1227->0(1227)
[344.559s][info][gc,heap        ] GC(278) Survivor regions: 1->1(154)
[344.559s][info][gc,heap        ] GC(278) Old regions: 20->20
[344.559s][info][gc,heap        ] GC(278) Archive regions: 0->0
[344.559s][info][gc,heap        ] GC(278) Humongous regions: 0->0
[344.559s][info][gc,metaspace   ] GC(278) Metaspace: 53002K(53568K)->53002K(53568K) NonClass: 45595K(45824K)->45595K(45824K) Class: 7406K(7744K)->7406K(7744K)
[344.559s][info][gc             ] GC(278) Pause Young (Normal) (G1 Evacuation Pause) 1243M->16M(2048M) 1.601ms
[344.560s][info][gc,cpu         ] GC(278) User=0.00s Sys=0.00s Real=0.00s
[345.028s][info][gc,start       ] GC(279) Pause Full (System.gc())
[345.028s][info][gc,task        ] GC(279) Using 6 workers of 6 for full compaction
[345.028s][info][gc,phases,start] GC(279) Phase 1: Mark live objects
[345.035s][info][gc,phases      ] GC(279) Phase 1: Mark live objects 6.767ms
[345.035s][info][gc,phases,start] GC(279) Phase 2: Prepare for compaction
[345.037s][info][gc,phases      ] GC(279) Phase 2: Prepare for compaction 1.753ms
[345.037s][info][gc,phases,start] GC(279) Phase 3: Adjust pointers
[345.044s][info][gc,phases      ] GC(279) Phase 3: Adjust pointers 7.503ms
[345.044s][info][gc,phases,start] GC(279) Phase 4: Compact heap
[345.045s][info][gc,phases      ] GC(279) Phase 4: Compact heap 0.701ms
[345.055s][info][gc,heap        ] GC(279) Eden regions: 305->0(1228)
[345.055s][info][gc,heap        ] GC(279) Survivor regions: 1->0(154)
[345.055s][info][gc,heap        ] GC(279) Old regions: 20->18
[345.055s][info][gc,heap        ] GC(279) Archive regions: 0->0
[345.055s][info][gc,heap        ] GC(279) Humongous regions: 0->0
[345.055s][info][gc,metaspace   ] GC(279) Metaspace: 53002K(53568K)->53002K(53568K) NonClass: 45595K(45824K)->45595K(45824K) Class: 7406K(7744K)->7406K(7744K)
[345.055s][info][gc             ] GC(279) Pause Full (System.gc()) 320M->15M(2048M) 27.770ms
[345.055s][info][gc,cpu         ] GC(279) User=0.11s Sys=0.00s Real=0.03s
[346.887s][info][gc,start       ] GC(280) Pause Young (Normal) (G1 Evacuation Pause)
[346.887s][info][gc,task        ] GC(280) Using 6 workers of 6 for evacuation
[346.889s][info][gc,phases      ] GC(280)   Pre Evacuate Collection Set: 0.1ms
[346.889s][info][gc,phases      ] GC(280)   Merge Heap Roots: 0.1ms
[346.889s][info][gc,phases      ] GC(280)   Evacuate Collection Set: 0.6ms
[346.889s][info][gc,phases      ] GC(280)   Post Evacuate Collection Set: 0.5ms
[346.889s][info][gc,phases      ] GC(280)   Other: 0.2ms
[346.889s][info][gc,heap        ] GC(280) Eden regions: 1228->0(1227)
[346.889s][info][gc,heap        ] GC(280) Survivor regions: 0->1(154)
[346.889s][info][gc,heap        ] GC(280) Old regions: 18->18
[346.889s][info][gc,heap        ] GC(280) Archive regions: 0->0
[346.889s][info][gc,heap        ] GC(280) Humongous regions: 0->0
[346.889s][info][gc,metaspace   ] GC(280) Metaspace: 53016K(53568K)->53016K(53568K) NonClass: 45609K(45824K)->45609K(45824K) Class: 7406K(7744K)->7406K(7744K)
[346.889s][info][gc             ] GC(280) Pause Young (Normal) (G1 Evacuation Pause) 1243M->16M(2048M) 1.724ms
[346.889s][info][gc,cpu         ] GC(280) User=0.00s Sys=0.00s Real=0.00s
[348.461s][info][gc,start       ] GC(281) Pause Young (Normal) (G1 Evacuation Pause)
[348.461s][info][gc,task        ] GC(281) Using 6 workers of 6 for evacuation
[348.463s][info][gc,phases      ] GC(281)   Pre Evacuate Collection Set: 0.1ms
[348.463s][info][gc,phases      ] GC(281)   Merge Heap Roots: 0.1ms
[348.463s][info][gc,phases      ] GC(281)   Evacuate Collection Set: 0.5ms
[348.463s][info][gc,phases      ] GC(281)   Post Evacuate Collection Set: 0.5ms
[348.463s][info][gc,phases      ] GC(281)   Other: 0.2ms
[348.463s][info][gc,heap        ] GC(281) Eden regions: 1227->0(1227)
[348.463s][info][gc,heap        ] GC(281) Survivor regions: 1->1(154)
[348.463s][info][gc,heap        ] GC(281) Old regions: 18->18
[348.463s][info][gc,heap        ] GC(281) Archive regions: 0->0
[348.463s][info][gc,heap        ] GC(281) Humongous regions: 0->0
[348.463s][info][gc,metaspace   ] GC(281) Metaspace: 53016K(53568K)->53016K(53568K) NonClass: 45609K(45824K)->45609K(45824K) Class: 7406K(7744K)->7406K(7744K)
[348.463s][info][gc             ] GC(281) Pause Young (Normal) (G1 Evacuation Pause) 1243M->16M(2048M) 1.510ms
[348.463s][info][gc,cpu         ] GC(281) User=0.00s Sys=0.00s Real=0.00s
[348.871s][info][gc,start       ] GC(282) Pause Full (System.gc())
[348.871s][info][gc,task        ] GC(282) Using 6 workers of 6 for full compaction
[348.872s][info][gc,phases,start] GC(282) Phase 1: Mark live objects
[348.878s][info][gc,phases      ] GC(282) Phase 1: Mark live objects 6.748ms
[348.878s][info][gc,phases,start] GC(282) Phase 2: Prepare for compaction
[348.880s][info][gc,phases      ] GC(282) Phase 2: Prepare for compaction 1.357ms
[348.880s][info][gc,phases,start] GC(282) Phase 3: Adjust pointers
[348.887s][info][gc,phases      ] GC(282) Phase 3: Adjust pointers 7.505ms
[348.887s][info][gc,phases,start] GC(282) Phase 4: Compact heap
[348.888s][info][gc,phases      ] GC(282) Phase 4: Compact heap 0.872ms
[348.898s][info][gc,heap        ] GC(282) Eden regions: 305->0(1228)
[348.898s][info][gc,heap        ] GC(282) Survivor regions: 1->0(154)
[348.898s][info][gc,heap        ] GC(282) Old regions: 18->19
[348.898s][info][gc,heap        ] GC(282) Archive regions: 0->0
[348.898s][info][gc,heap        ] GC(282) Humongous regions: 0->0
[348.898s][info][gc,metaspace   ] GC(282) Metaspace: 53016K(53568K)->53016K(53568K) NonClass: 45609K(45824K)->45609K(45824K) Class: 7406K(7744K)->7406K(7744K)
[348.898s][info][gc             ] GC(282) Pause Full (System.gc()) 320M->15M(2048M) 26.897ms
[348.898s][info][gc,cpu         ] GC(282) User=0.11s Sys=0.00s Real=0.03s
[350.516s][info][gc,start       ] GC(283) Pause Young (Normal) (G1 Evacuation Pause)
[350.516s][info][gc,task        ] GC(283) Using 6 workers of 6 for evacuation
[350.518s][info][gc,phases      ] GC(283)   Pre Evacuate Collection Set: 0.1ms
[350.518s][info][gc,phases      ] GC(283)   Merge Heap Roots: 0.1ms
[350.518s][info][gc,phases      ] GC(283)   Evacuate Collection Set: 0.6ms
[350.518s][info][gc,phases      ] GC(283)   Post Evacuate Collection Set: 0.4ms
[350.518s][info][gc,phases      ] GC(283)   Other: 0.2ms
[350.518s][info][gc,heap        ] GC(283) Eden regions: 1228->0(1227)
[350.518s][info][gc,heap        ] GC(283) Survivor regions: 0->1(154)
[350.518s][info][gc,heap        ] GC(283) Old regions: 19->19
[350.518s][info][gc,heap        ] GC(283) Archive regions: 0->0
[350.518s][info][gc,heap        ] GC(283) Humongous regions: 0->0
[350.518s][info][gc,metaspace   ] GC(283) Metaspace: 53024K(53568K)->53024K(53568K) NonClass: 45618K(45824K)->45618K(45824K) Class: 7406K(7744K)->7406K(7744K)
[350.518s][info][gc             ] GC(283) Pause Young (Normal) (G1 Evacuation Pause) 1243M->16M(2048M) 1.601ms
[350.518s][info][gc,cpu         ] GC(283) User=0.00s Sys=0.00s Real=0.00s
[352.081s][info][gc,start       ] GC(284) Pause Young (Normal) (G1 Evacuation Pause)
[352.081s][info][gc,task        ] GC(284) Using 6 workers of 6 for evacuation
[352.083s][info][gc,phases      ] GC(284)   Pre Evacuate Collection Set: 0.1ms
[352.083s][info][gc,phases      ] GC(284)   Merge Heap Roots: 0.1ms
[352.083s][info][gc,phases      ] GC(284)   Evacuate Collection Set: 0.6ms
[352.083s][info][gc,phases      ] GC(284)   Post Evacuate Collection Set: 0.4ms
[352.083s][info][gc,phases      ] GC(284)   Other: 0.2ms
[352.083s][info][gc,heap        ] GC(284) Eden regions: 1227->0(1227)
[352.083s][info][gc,heap        ] GC(284) Survivor regions: 1->1(154)
[352.083s][info][gc,heap        ] GC(284) Old regions: 19->19
[352.083s][info][gc,heap        ] GC(284) Archive regions: 0->0
[352.083s][info][gc,heap        ] GC(284) Humongous regions: 0->0
[352.083s][info][gc,metaspace   ] GC(284) Metaspace: 53024K(53568K)->53024K(53568K) NonClass: 45618K(45824K)->45618K(45824K) Class: 7406K(7744K)->7406K(7744K)
[352.083s][info][gc             ] GC(284) Pause Young (Normal) (G1 Evacuation Pause) 1243M->16M(2048M) 1.505ms
[352.083s][info][gc,cpu         ] GC(284) User=0.00s Sys=0.00s Real=0.00s
[352.519s][info][gc,start       ] GC(285) Pause Full (System.gc())
[352.519s][info][gc,task        ] GC(285) Using 6 workers of 6 for full compaction
[352.519s][info][gc,phases,start] GC(285) Phase 1: Mark live objects
[352.526s][info][gc,phases      ] GC(285) Phase 1: Mark live objects 6.832ms
[352.526s][info][gc,phases,start] GC(285) Phase 2: Prepare for compaction
[352.527s][info][gc,phases      ] GC(285) Phase 2: Prepare for compaction 1.455ms
[352.527s][info][gc,phases,start] GC(285) Phase 3: Adjust pointers
[352.535s][info][gc,phases      ] GC(285) Phase 3: Adjust pointers 7.470ms
[352.535s][info][gc,phases,start] GC(285) Phase 4: Compact heap
[352.536s][info][gc,phases      ] GC(285) Phase 4: Compact heap 0.663ms
[352.546s][info][gc,heap        ] GC(285) Eden regions: 306->0(1228)
[352.546s][info][gc,heap        ] GC(285) Survivor regions: 1->0(154)
[352.546s][info][gc,heap        ] GC(285) Old regions: 19->19
[352.546s][info][gc,heap        ] GC(285) Archive regions: 0->0
[352.546s][info][gc,heap        ] GC(285) Humongous regions: 0->0
[352.546s][info][gc,metaspace   ] GC(285) Metaspace: 53024K(53568K)->53024K(53568K) NonClass: 45618K(45824K)->45618K(45824K) Class: 7406K(7744K)->7406K(7744K)
[352.546s][info][gc             ] GC(285) Pause Full (System.gc()) 322M->15M(2048M) 27.052ms
[352.546s][info][gc,cpu         ] GC(285) User=0.02s Sys=0.00s Real=0.02s
[354.131s][info][gc,start       ] GC(286) Pause Young (Normal) (G1 Evacuation Pause)
[354.131s][info][gc,task        ] GC(286) Using 6 workers of 6 for evacuation
[354.133s][info][gc,phases      ] GC(286)   Pre Evacuate Collection Set: 0.1ms
[354.133s][info][gc,phases      ] GC(286)   Merge Heap Roots: 0.1ms
[354.133s][info][gc,phases      ] GC(286)   Evacuate Collection Set: 0.6ms
[354.133s][info][gc,phases      ] GC(286)   Post Evacuate Collection Set: 0.4ms
[354.133s][info][gc,phases      ] GC(286)   Other: 0.2ms
[354.133s][info][gc,heap        ] GC(286) Eden regions: 1228->0(1227)
[354.133s][info][gc,heap        ] GC(286) Survivor regions: 0->1(154)
[354.133s][info][gc,heap        ] GC(286) Old regions: 19->19
[354.133s][info][gc,heap        ] GC(286) Archive regions: 0->0
[354.133s][info][gc,heap        ] GC(286) Humongous regions: 0->0
[354.133s][info][gc,metaspace   ] GC(286) Metaspace: 53031K(53568K)->53031K(53568K) NonClass: 45624K(45824K)->45624K(45824K) Class: 7406K(7744K)->7406K(7744K)
[354.133s][info][gc             ] GC(286) Pause Young (Normal) (G1 Evacuation Pause) 1243M->16M(2048M) 1.640ms
[354.133s][info][gc,cpu         ] GC(286) User=0.00s Sys=0.00s Real=0.00s
[355.951s][info][gc,start       ] GC(287) Pause Young (Normal) (G1 Evacuation Pause)
[355.951s][info][gc,task        ] GC(287) Using 6 workers of 6 for evacuation
[355.952s][info][gc,phases      ] GC(287)   Pre Evacuate Collection Set: 0.1ms
[355.952s][info][gc,phases      ] GC(287)   Merge Heap Roots: 0.1ms
[355.952s][info][gc,phases      ] GC(287)   Evacuate Collection Set: 0.6ms
[355.952s][info][gc,phases      ] GC(287)   Post Evacuate Collection Set: 0.5ms
[355.952s][info][gc,phases      ] GC(287)   Other: 0.2ms
[355.952s][info][gc,heap        ] GC(287) Eden regions: 1227->0(1227)
[355.952s][info][gc,heap        ] GC(287) Survivor regions: 1->1(154)
[355.952s][info][gc,heap        ] GC(287) Old regions: 19->19
[355.952s][info][gc,heap        ] GC(287) Archive regions: 0->0
[355.952s][info][gc,heap        ] GC(287) Humongous regions: 0->0
[355.952s][info][gc,metaspace   ] GC(287) Metaspace: 53031K(53568K)->53031K(53568K) NonClass: 45624K(45824K)->45624K(45824K) Class: 7406K(7744K)->7406K(7744K)
[355.952s][info][gc             ] GC(287) Pause Young (Normal) (G1 Evacuation Pause) 1243M->16M(2048M) 1.554ms
[355.952s][info][gc,cpu         ] GC(287) User=0.00s Sys=0.00s Real=0.00s
[356.466s][info][gc,start       ] GC(288) Pause Full (System.gc())
[356.466s][info][gc,task        ] GC(288) Using 6 workers of 6 for full compaction
[356.466s][info][gc,phases,start] GC(288) Phase 1: Mark live objects
[356.473s][info][gc,phases      ] GC(288) Phase 1: Mark live objects 6.723ms
[356.473s][info][gc,phases,start] GC(288) Phase 2: Prepare for compaction
[356.475s][info][gc,phases      ] GC(288) Phase 2: Prepare for compaction 1.464ms
[356.475s][info][gc,phases,start] GC(288) Phase 3: Adjust pointers
[356.482s][info][gc,phases      ] GC(288) Phase 3: Adjust pointers 7.616ms
[356.482s][info][gc,phases,start] GC(288) Phase 4: Compact heap
[356.483s][info][gc,phases      ] GC(288) Phase 4: Compact heap 0.501ms
[356.493s][info][gc,heap        ] GC(288) Eden regions: 307->0(1228)
[356.493s][info][gc,heap        ] GC(288) Survivor regions: 1->0(154)
[356.493s][info][gc,heap        ] GC(288) Old regions: 19->19
[356.493s][info][gc,heap        ] GC(288) Archive regions: 0->0
[356.493s][info][gc,heap        ] GC(288) Humongous regions: 0->0
[356.493s][info][gc,metaspace   ] GC(288) Metaspace: 53031K(53568K)->53031K(53568K) NonClass: 45624K(45824K)->45624K(45824K) Class: 7406K(7744K)->7406K(7744K)
[356.493s][info][gc             ] GC(288) Pause Full (System.gc()) 323M->15M(2048M) 26.959ms
[356.493s][info][gc,cpu         ] GC(288) User=0.11s Sys=0.00s Real=0.03s
[358.062s][info][gc,start       ] GC(289) Pause Young (Normal) (G1 Evacuation Pause)
[358.062s][info][gc,task        ] GC(289) Using 6 workers of 6 for evacuation
[358.064s][info][gc,phases      ] GC(289)   Pre Evacuate Collection Set: 0.1ms
[358.064s][info][gc,phases      ] GC(289)   Merge Heap Roots: 0.1ms
[358.064s][info][gc,phases      ] GC(289)   Evacuate Collection Set: 0.6ms
[358.064s][info][gc,phases      ] GC(289)   Post Evacuate Collection Set: 0.4ms
[358.064s][info][gc,phases      ] GC(289)   Other: 0.2ms
[358.064s][info][gc,heap        ] GC(289) Eden regions: 1228->0(1227)
[358.064s][info][gc,heap        ] GC(289) Survivor regions: 0->1(154)
[358.064s][info][gc,heap        ] GC(289) Old regions: 19->19
[358.064s][info][gc,heap        ] GC(289) Archive regions: 0->0
[358.064s][info][gc,heap        ] GC(289) Humongous regions: 0->0
[358.064s][info][gc,metaspace   ] GC(289) Metaspace: 53032K(53568K)->53032K(53568K) NonClass: 45626K(45824K)->45626K(45824K) Class: 7406K(7744K)->7406K(7744K)
[358.064s][info][gc             ] GC(289) Pause Young (Normal) (G1 Evacuation Pause) 1243M->16M(2048M) 1.538ms
[358.064s][info][gc,cpu         ] GC(289) User=0.00s Sys=0.00s Real=0.00s
[359.630s][info][gc,start       ] GC(290) Pause Young (Normal) (G1 Evacuation Pause)
[359.630s][info][gc,task        ] GC(290) Using 6 workers of 6 for evacuation
[359.631s][info][gc,phases      ] GC(290)   Pre Evacuate Collection Set: 0.1ms
[359.631s][info][gc,phases      ] GC(290)   Merge Heap Roots: 0.1ms
[359.631s][info][gc,phases      ] GC(290)   Evacuate Collection Set: 0.6ms
[359.631s][info][gc,phases      ] GC(290)   Post Evacuate Collection Set: 0.4ms
[359.631s][info][gc,phases      ] GC(290)   Other: 0.2ms
[359.631s][info][gc,heap        ] GC(290) Eden regions: 1227->0(1227)
[359.631s][info][gc,heap        ] GC(290) Survivor regions: 1->1(154)
[359.631s][info][gc,heap        ] GC(290) Old regions: 19->19
[359.631s][info][gc,heap        ] GC(290) Archive regions: 0->0
[359.631s][info][gc,heap        ] GC(290) Humongous regions: 0->0
[359.631s][info][gc,metaspace   ] GC(290) Metaspace: 53032K(53568K)->53032K(53568K) NonClass: 45626K(45824K)->45626K(45824K) Class: 7406K(7744K)->7406K(7744K)
[359.631s][info][gc             ] GC(290) Pause Young (Normal) (G1 Evacuation Pause) 1243M->16M(2048M) 1.522ms
[359.631s][info][gc,cpu         ] GC(290) User=0.00s Sys=0.00s Real=0.00s
[360.074s][info][gc,start       ] GC(291) Pause Full (System.gc())
[360.074s][info][gc,task        ] GC(291) Using 6 workers of 6 for full compaction
[360.075s][info][gc,phases,start] GC(291) Phase 1: Mark live objects
[360.081s][info][gc,phases      ] GC(291) Phase 1: Mark live objects 6.865ms
[360.082s][info][gc,phases,start] GC(291) Phase 2: Prepare for compaction
[360.083s][info][gc,phases      ] GC(291) Phase 2: Prepare for compaction 1.434ms
[360.083s][info][gc,phases,start] GC(291) Phase 3: Adjust pointers
[360.090s][info][gc,phases      ] GC(291) Phase 3: Adjust pointers 7.335ms
[360.090s][info][gc,phases,start] GC(291) Phase 4: Compact heap
[360.091s][info][gc,phases      ] GC(291) Phase 4: Compact heap 0.706ms
[360.101s][info][gc,heap        ] GC(291) Eden regions: 305->0(1228)
[360.101s][info][gc,heap        ] GC(291) Survivor regions: 1->0(154)
[360.101s][info][gc,heap        ] GC(291) Old regions: 19->19
[360.101s][info][gc,heap        ] GC(291) Archive regions: 0->0
[360.101s][info][gc,heap        ] GC(291) Humongous regions: 0->0
[360.101s][info][gc,metaspace   ] GC(291) Metaspace: 53033K(53568K)->53033K(53568K) NonClass: 45627K(45824K)->45627K(45824K) Class: 7406K(7744K)->7406K(7744K)
[360.101s][info][gc             ] GC(291) Pause Full (System.gc()) 320M->15M(2048M) 27.232ms
[360.101s][info][gc,cpu         ] GC(291) User=0.11s Sys=0.00s Real=0.04s
[361.696s][info][gc,start       ] GC(292) Pause Young (Normal) (G1 Evacuation Pause)
[361.696s][info][gc,task        ] GC(292) Using 6 workers of 6 for evacuation
[361.697s][info][gc,phases      ] GC(292)   Pre Evacuate Collection Set: 0.1ms
[361.697s][info][gc,phases      ] GC(292)   Merge Heap Roots: 0.1ms
[361.697s][info][gc,phases      ] GC(292)   Evacuate Collection Set: 0.6ms
[361.697s][info][gc,phases      ] GC(292)   Post Evacuate Collection Set: 0.5ms
[361.697s][info][gc,phases      ] GC(292)   Other: 0.2ms
[361.697s][info][gc,heap        ] GC(292) Eden regions: 1228->0(1227)
[361.697s][info][gc,heap        ] GC(292) Survivor regions: 0->1(154)
[361.697s][info][gc,heap        ] GC(292) Old regions: 19->19
[361.697s][info][gc,heap        ] GC(292) Archive regions: 0->0
[361.697s][info][gc,heap        ] GC(292) Humongous regions: 0->0
[361.697s][info][gc,metaspace   ] GC(292) Metaspace: 53045K(53568K)->53045K(53568K) NonClass: 45638K(45824K)->45638K(45824K) Class: 7406K(7744K)->7406K(7744K)
[361.697s][info][gc             ] GC(292) Pause Young (Normal) (G1 Evacuation Pause) 1243M->16M(2048M) 1.567ms
[361.697s][info][gc,cpu         ] GC(292) User=0.00s Sys=0.00s Real=0.00s
[363.249s][info][gc,start       ] GC(293) Pause Young (Normal) (G1 Evacuation Pause)
[363.249s][info][gc,task        ] GC(293) Using 6 workers of 6 for evacuation
[363.251s][info][gc,phases      ] GC(293)   Pre Evacuate Collection Set: 0.1ms
[363.251s][info][gc,phases      ] GC(293)   Merge Heap Roots: 0.1ms
[363.251s][info][gc,phases      ] GC(293)   Evacuate Collection Set: 0.6ms
[363.251s][info][gc,phases      ] GC(293)   Post Evacuate Collection Set: 0.4ms
[363.251s][info][gc,phases      ] GC(293)   Other: 0.2ms
[363.251s][info][gc,heap        ] GC(293) Eden regions: 1227->0(1227)
[363.251s][info][gc,heap        ] GC(293) Survivor regions: 1->1(154)
[363.251s][info][gc,heap        ] GC(293) Old regions: 19->19
[363.251s][info][gc,heap        ] GC(293) Archive regions: 0->0
[363.251s][info][gc,heap        ] GC(293) Humongous regions: 0->0
[363.251s][info][gc,metaspace   ] GC(293) Metaspace: 53045K(53568K)->53045K(53568K) NonClass: 45638K(45824K)->45638K(45824K) Class: 7406K(7744K)->7406K(7744K)
[363.251s][info][gc             ] GC(293) Pause Young (Normal) (G1 Evacuation Pause) 1243M->16M(2048M) 1.599ms
[363.251s][info][gc,cpu         ] GC(293) User=0.00s Sys=0.00s Real=0.00s
[363.654s][info][gc,start       ] GC(294) Pause Full (System.gc())
[363.654s][info][gc,task        ] GC(294) Using 6 workers of 6 for full compaction
[363.654s][info][gc,phases,start] GC(294) Phase 1: Mark live objects
[363.661s][info][gc,phases      ] GC(294) Phase 1: Mark live objects 6.966ms
[363.661s][info][gc,phases,start] GC(294) Phase 2: Prepare for compaction
[363.663s][info][gc,phases      ] GC(294) Phase 2: Prepare for compaction 1.390ms
[363.663s][info][gc,phases,start] GC(294) Phase 3: Adjust pointers
[363.670s][info][gc,phases      ] GC(294) Phase 3: Adjust pointers 7.423ms
[363.670s][info][gc,phases,start] GC(294) Phase 4: Compact heap
[363.671s][info][gc,phases      ] GC(294) Phase 4: Compact heap 0.858ms
[363.681s][info][gc,heap        ] GC(294) Eden regions: 308->0(1228)
[363.681s][info][gc,heap        ] GC(294) Survivor regions: 1->0(154)
[363.681s][info][gc,heap        ] GC(294) Old regions: 19->19
[363.681s][info][gc,heap        ] GC(294) Archive regions: 0->0
[363.681s][info][gc,heap        ] GC(294) Humongous regions: 0->0
[363.681s][info][gc,metaspace   ] GC(294) Metaspace: 53045K(53568K)->53045K(53568K) NonClass: 45639K(45824K)->45639K(45824K) Class: 7406K(7744K)->7406K(7744K)
[363.681s][info][gc             ] GC(294) Pause Full (System.gc()) 324M->15M(2048M) 27.303ms
[363.681s][info][gc,cpu         ] GC(294) User=0.03s Sys=0.00s Real=0.02s
[365.287s][info][gc,start       ] GC(295) Pause Young (Normal) (G1 Evacuation Pause)
[365.287s][info][gc,task        ] GC(295) Using 6 workers of 6 for evacuation
[365.289s][info][gc,phases      ] GC(295)   Pre Evacuate Collection Set: 0.1ms
[365.289s][info][gc,phases      ] GC(295)   Merge Heap Roots: 0.1ms
[365.289s][info][gc,phases      ] GC(295)   Evacuate Collection Set: 0.7ms
[365.289s][info][gc,phases      ] GC(295)   Post Evacuate Collection Set: 0.5ms
[365.289s][info][gc,phases      ] GC(295)   Other: 0.2ms
[365.289s][info][gc,heap        ] GC(295) Eden regions: 1228->0(1227)
[365.289s][info][gc,heap        ] GC(295) Survivor regions: 0->1(154)
[365.289s][info][gc,heap        ] GC(295) Old regions: 19->19
[365.289s][info][gc,heap        ] GC(295) Archive regions: 0->0
[365.289s][info][gc,heap        ] GC(295) Humongous regions: 0->0
[365.289s][info][gc,metaspace   ] GC(295) Metaspace: 53048K(53568K)->53048K(53568K) NonClass: 45642K(45824K)->45642K(45824K) Class: 7406K(7744K)->7406K(7744K)
[365.289s][info][gc             ] GC(295) Pause Young (Normal) (G1 Evacuation Pause) 1243M->16M(2048M) 1.705ms
[365.289s][info][gc,cpu         ] GC(295) User=0.00s Sys=0.00s Real=0.00s
[366.827s][info][gc,start       ] GC(296) Pause Young (Normal) (G1 Evacuation Pause)
[366.827s][info][gc,task        ] GC(296) Using 6 workers of 6 for evacuation
[366.828s][info][gc,phases      ] GC(296)   Pre Evacuate Collection Set: 0.1ms
[366.828s][info][gc,phases      ] GC(296)   Merge Heap Roots: 0.1ms
[366.828s][info][gc,phases      ] GC(296)   Evacuate Collection Set: 0.5ms
[366.828s][info][gc,phases      ] GC(296)   Post Evacuate Collection Set: 0.4ms
[366.828s][info][gc,phases      ] GC(296)   Other: 0.2ms
[366.828s][info][gc,heap        ] GC(296) Eden regions: 1227->0(1227)
[366.828s][info][gc,heap        ] GC(296) Survivor regions: 1->1(154)
[366.828s][info][gc,heap        ] GC(296) Old regions: 19->19
[366.828s][info][gc,heap        ] GC(296) Archive regions: 0->0
[366.828s][info][gc,heap        ] GC(296) Humongous regions: 0->0
[366.828s][info][gc,metaspace   ] GC(296) Metaspace: 53048K(53568K)->53048K(53568K) NonClass: 45642K(45824K)->45642K(45824K) Class: 7406K(7744K)->7406K(7744K)
[366.828s][info][gc             ] GC(296) Pause Young (Normal) (G1 Evacuation Pause) 1243M->16M(2048M) 1.481ms
[366.828s][info][gc,cpu         ] GC(296) User=0.00s Sys=0.00s Real=0.00s
[367.234s][info][gc,start       ] GC(297) Pause Full (System.gc())
[367.234s][info][gc,task        ] GC(297) Using 6 workers of 6 for full compaction
[367.234s][info][gc,phases,start] GC(297) Phase 1: Mark live objects
[367.241s][info][gc,phases      ] GC(297) Phase 1: Mark live objects 6.595ms
[367.241s][info][gc,phases,start] GC(297) Phase 2: Prepare for compaction
[367.242s][info][gc,phases      ] GC(297) Phase 2: Prepare for compaction 1.425ms
[367.242s][info][gc,phases,start] GC(297) Phase 3: Adjust pointers
[367.250s][info][gc,phases      ] GC(297) Phase 3: Adjust pointers 7.392ms
[367.250s][info][gc,phases,start] GC(297) Phase 4: Compact heap
[367.250s][info][gc,phases      ] GC(297) Phase 4: Compact heap 0.715ms
[367.261s][info][gc,heap        ] GC(297) Eden regions: 304->0(1228)
[367.261s][info][gc,heap        ] GC(297) Survivor regions: 1->0(154)
[367.261s][info][gc,heap        ] GC(297) Old regions: 19->20
[367.261s][info][gc,heap        ] GC(297) Archive regions: 0->0
[367.261s][info][gc,heap        ] GC(297) Humongous regions: 0->0
[367.261s][info][gc,metaspace   ] GC(297) Metaspace: 53048K(53568K)->53048K(53568K) NonClass: 45642K(45824K)->45642K(45824K) Class: 7406K(7744K)->7406K(7744K)
[367.261s][info][gc             ] GC(297) Pause Full (System.gc()) 320M->15M(2048M) 27.184ms
[367.261s][info][gc,cpu         ] GC(297) User=0.16s Sys=0.00s Real=0.03s
[368.818s][info][gc,start       ] GC(298) Pause Young (Normal) (G1 Evacuation Pause)
[368.818s][info][gc,task        ] GC(298) Using 6 workers of 6 for evacuation
[368.820s][info][gc,phases      ] GC(298)   Pre Evacuate Collection Set: 0.1ms
[368.820s][info][gc,phases      ] GC(298)   Merge Heap Roots: 0.1ms
[368.820s][info][gc,phases      ] GC(298)   Evacuate Collection Set: 0.6ms
[368.820s][info][gc,phases      ] GC(298)   Post Evacuate Collection Set: 0.4ms
[368.820s][info][gc,phases      ] GC(298)   Other: 0.2ms
[368.820s][info][gc,heap        ] GC(298) Eden regions: 1228->0(1227)
[368.820s][info][gc,heap        ] GC(298) Survivor regions: 0->1(154)
[368.820s][info][gc,heap        ] GC(298) Old regions: 20->20
[368.820s][info][gc,heap        ] GC(298) Archive regions: 0->0
[368.820s][info][gc,heap        ] GC(298) Humongous regions: 0->0
[368.820s][info][gc,metaspace   ] GC(298) Metaspace: 53048K(53568K)->53048K(53568K) NonClass: 45642K(45824K)->45642K(45824K) Class: 7406K(7744K)->7406K(7744K)
[368.820s][info][gc             ] GC(298) Pause Young (Normal) (G1 Evacuation Pause) 1243M->16M(2048M) 1.524ms
[368.820s][info][gc,cpu         ] GC(298) User=0.00s Sys=0.00s Real=0.00s
[370.367s][info][gc,start       ] GC(299) Pause Young (Normal) (G1 Evacuation Pause)
[370.367s][info][gc,task        ] GC(299) Using 6 workers of 6 for evacuation
[370.368s][info][gc,phases      ] GC(299)   Pre Evacuate Collection Set: 0.1ms
[370.368s][info][gc,phases      ] GC(299)   Merge Heap Roots: 0.1ms
[370.368s][info][gc,phases      ] GC(299)   Evacuate Collection Set: 0.5ms
[370.368s][info][gc,phases      ] GC(299)   Post Evacuate Collection Set: 0.4ms
[370.368s][info][gc,phases      ] GC(299)   Other: 0.2ms
[370.368s][info][gc,heap        ] GC(299) Eden regions: 1227->0(1227)
[370.368s][info][gc,heap        ] GC(299) Survivor regions: 1->1(154)
[370.368s][info][gc,heap        ] GC(299) Old regions: 20->20
[370.368s][info][gc,heap        ] GC(299) Archive regions: 0->0
[370.368s][info][gc,heap        ] GC(299) Humongous regions: 0->0
[370.368s][info][gc,metaspace   ] GC(299) Metaspace: 53048K(53568K)->53048K(53568K) NonClass: 45642K(45824K)->45642K(45824K) Class: 7406K(7744K)->7406K(7744K)
[370.368s][info][gc             ] GC(299) Pause Young (Normal) (G1 Evacuation Pause) 1243M->16M(2048M) 1.492ms
[370.368s][info][gc,cpu         ] GC(299) User=0.00s Sys=0.00s Real=0.00s
[370.751s][info][gc,start       ] GC(300) Pause Full (System.gc())
[370.751s][info][gc,task        ] GC(300) Using 6 workers of 6 for full compaction
[370.751s][info][gc,phases,start] GC(300) Phase 1: Mark live objects
[370.757s][info][gc,phases      ] GC(300) Phase 1: Mark live objects 6.580ms
[370.757s][info][gc,phases,start] GC(300) Phase 2: Prepare for compaction
[370.759s][info][gc,phases      ] GC(300) Phase 2: Prepare for compaction 1.353ms
[370.759s][info][gc,phases,start] GC(300) Phase 3: Adjust pointers
[370.766s][info][gc,phases      ] GC(300) Phase 3: Adjust pointers 7.413ms
[370.766s][info][gc,phases,start] GC(300) Phase 4: Compact heap
[370.767s][info][gc,phases      ] GC(300) Phase 4: Compact heap 0.549ms
[370.777s][info][gc,heap        ] GC(300) Eden regions: 304->0(1228)
[370.777s][info][gc,heap        ] GC(300) Survivor regions: 1->0(154)
[370.777s][info][gc,heap        ] GC(300) Old regions: 20->19
[370.777s][info][gc,heap        ] GC(300) Archive regions: 0->0
[370.777s][info][gc,heap        ] GC(300) Humongous regions: 0->0
[370.777s][info][gc,metaspace   ] GC(300) Metaspace: 53048K(53568K)->53048K(53568K) NonClass: 45642K(45824K)->45642K(45824K) Class: 7406K(7744K)->7406K(7744K)
[370.777s][info][gc             ] GC(300) Pause Full (System.gc()) 320M->15M(2048M) 26.809ms
[370.777s][info][gc,cpu         ] GC(300) User=0.17s Sys=0.02s Real=0.02s
[372.394s][info][gc,start       ] GC(301) Pause Young (Normal) (G1 Evacuation Pause)
[372.394s][info][gc,task        ] GC(301) Using 6 workers of 6 for evacuation
[372.396s][info][gc,phases      ] GC(301)   Pre Evacuate Collection Set: 0.1ms
[372.396s][info][gc,phases      ] GC(301)   Merge Heap Roots: 0.1ms
[372.396s][info][gc,phases      ] GC(301)   Evacuate Collection Set: 0.6ms
[372.396s][info][gc,phases      ] GC(301)   Post Evacuate Collection Set: 0.4ms
[372.396s][info][gc,phases      ] GC(301)   Other: 0.2ms
[372.396s][info][gc,heap        ] GC(301) Eden regions: 1228->0(1227)
[372.396s][info][gc,heap        ] GC(301) Survivor regions: 0->1(154)
[372.396s][info][gc,heap        ] GC(301) Old regions: 19->19
[372.396s][info][gc,heap        ] GC(301) Archive regions: 0->0
[372.396s][info][gc,heap        ] GC(301) Humongous regions: 0->0
[372.396s][info][gc,metaspace   ] GC(301) Metaspace: 53048K(53568K)->53048K(53568K) NonClass: 45642K(45824K)->45642K(45824K) Class: 7406K(7744K)->7406K(7744K)
[372.396s][info][gc             ] GC(301) Pause Young (Normal) (G1 Evacuation Pause) 1243M->16M(2048M) 1.517ms
[372.396s][info][gc,cpu         ] GC(301) User=0.00s Sys=0.00s Real=0.00s
[373.960s][info][gc,start       ] GC(302) Pause Young (Normal) (G1 Evacuation Pause)
[373.960s][info][gc,task        ] GC(302) Using 6 workers of 6 for evacuation
[373.962s][info][gc,phases      ] GC(302)   Pre Evacuate Collection Set: 0.1ms
[373.962s][info][gc,phases      ] GC(302)   Merge Heap Roots: 0.1ms
[373.962s][info][gc,phases      ] GC(302)   Evacuate Collection Set: 0.5ms
[373.962s][info][gc,phases      ] GC(302)   Post Evacuate Collection Set: 0.4ms
[373.962s][info][gc,phases      ] GC(302)   Other: 0.2ms
[373.962s][info][gc,heap        ] GC(302) Eden regions: 1227->0(1227)
[373.962s][info][gc,heap        ] GC(302) Survivor regions: 1->1(154)
[373.962s][info][gc,heap        ] GC(302) Old regions: 19->19
[373.962s][info][gc,heap        ] GC(302) Archive regions: 0->0
[373.962s][info][gc,heap        ] GC(302) Humongous regions: 0->0
[373.962s][info][gc,metaspace   ] GC(302) Metaspace: 53048K(53568K)->53048K(53568K) NonClass: 45642K(45824K)->45642K(45824K) Class: 7406K(7744K)->7406K(7744K)
[373.962s][info][gc             ] GC(302) Pause Young (Normal) (G1 Evacuation Pause) 1243M->16M(2048M) 1.449ms
[373.962s][info][gc,cpu         ] GC(302) User=0.00s Sys=0.00s Real=0.00s
[374.392s][info][gc,heap,exit   ] Heap
[374.393s][info][gc,heap,exit   ]  garbage-first heap   total 2097152K, used 330071K [0x0000000080000000, 0x0000000100000000)
[374.393s][info][gc,heap,exit   ]   region size 1024K, 307 young (314368K), 1 survivors (1024K)
[374.393s][info][gc,heap,exit   ]  Metaspace       used 53127K, committed 53632K, reserved 1114112K
[374.393s][info][gc,heap,exit   ]   class space    used 7429K, committed 7744K, reserved 1048576K
