[0.025s][info][gc] Using Concurrent Mark Sweep
[0.026s][info][gc,heap,coops] Heap address: 0x0000000080000000, size: 2048 MB, Compressed Oops mode: 32-bit
[3.993s][info][gc,start     ] GC(0) Pause Full (System.gc())
[3.994s][info][gc,phases,start] GC(0) Phase 1: Mark live objects
[4.010s][info][gc,phases      ] GC(0) Phase 1: Mark live objects 16.047ms
[4.010s][info][gc,phases,start] GC(0) Phase 2: Compute new object addresses
[4.021s][info][gc,phases      ] GC(0) Phase 2: Compute new object addresses 11.070ms
[4.021s][info][gc,phases,start] GC(0) Phase 3: Adjust pointers
[4.031s][info][gc,phases      ] GC(0) Phase 3: Adjust pointers 9.358ms
[4.031s][info][gc,phases,start] GC(0) Phase 4: Move objects
[4.038s][info][gc,phases      ] GC(0) Phase 4: Move objects 7.321ms
[4.045s][info][gc,heap        ] GC(0) ParNew: 229338K->0K(460096K)
[4.045s][info][gc,heap        ] GC(0) CMS: 0K->8908K(1585984K)
[4.045s][info][gc,metaspace   ] GC(0) Metaspace: 29801K(31512K)->29801K(31512K) NonClass: 27080K(28264K)->27080K(28264K) Class: 2720K(3248K)->2720K(3248K)
[4.046s][info][gc             ] GC(0) Pause Full (System.gc()) 223M->8M(1998M) 52.290ms
[4.046s][info][gc,cpu         ] GC(0) User=0.05s Sys=0.00s Real=0.05s
[13.525s][info][gc,start       ] GC(1) Pause Young (Allocation Failure)
[13.526s][info][gc,task        ] GC(1) Using 6 workers of 6 for evacuation
[13.532s][info][gc,heap        ] GC(1) ParNew: 409024K->5148K(460096K)
[13.532s][info][gc,heap        ] GC(1) CMS: 8908K->8908K(1585984K)
[13.532s][info][gc,metaspace   ] GC(1) Metaspace: 37223K(38808K)->37223K(38808K) NonClass: 33914K(34920K)->33914K(34920K) Class: 3309K(3888K)->3309K(3888K)
[13.532s][info][gc             ] GC(1) Pause Young (Allocation Failure) 408M->13M(1998M) 7.199ms
[13.532s][info][gc,cpu         ] GC(1) User=0.00s Sys=0.00s Real=0.01s
[23.107s][info][gc,start       ] GC(2) Pause Young (Allocation Failure)
[23.107s][info][gc,task        ] GC(2) Using 6 workers of 6 for evacuation
[23.131s][info][gc,heap        ] GC(2) ParNew: 414172K->37282K(460096K)
[23.131s][info][gc,heap        ] GC(2) CMS: 8908K->8908K(1585984K)
[23.131s][info][gc,metaspace   ] GC(2) Metaspace: 37487K(39064K)->37487K(39064K) NonClass: 34140K(35176K)->34140K(35176K) Class: 3346K(3888K)->3346K(3888K)
[23.131s][info][gc             ] GC(2) Pause Young (Allocation Failure) 413M->45M(1998M) 23.895ms
[23.131s][info][gc,cpu         ] GC(2) User=0.03s Sys=0.03s Real=0.03s
[23.948s][info][gc,start       ] GC(3) Pause Young (Allocation Failure)
[23.948s][info][gc,task        ] GC(3) Using 6 workers of 6 for evacuation
[24.033s][info][gc,heap        ] GC(3) ParNew: 446306K->51072K(460096K)
[24.033s][info][gc,heap        ] GC(3) CMS: 8908K->43690K(1585984K)
[24.033s][info][gc,metaspace   ] GC(3) Metaspace: 37527K(39064K)->37527K(39064K) NonClass: 34180K(35176K)->34180K(35176K) Class: 3346K(3888K)->3346K(3888K)
[24.033s][info][gc             ] GC(3) Pause Young (Allocation Failure) 444M->92M(1998M) 85.419ms
[24.033s][info][gc,cpu         ] GC(3) User=0.17s Sys=0.08s Real=0.09s
[30.625s][info][gc,start       ] GC(4) Pause Young (Allocation Failure)
[30.626s][info][gc,task        ] GC(4) Using 6 workers of 6 for evacuation
[30.694s][info][gc,heap        ] GC(4) ParNew: 460096K->48285K(460096K)
[30.694s][info][gc,heap        ] GC(4) CMS: 43690K->90701K(1585984K)
[30.694s][info][gc,metaspace   ] GC(4) Metaspace: 37664K(39320K)->37664K(39320K) NonClass: 34313K(35432K)->34313K(35432K) Class: 3350K(3888K)->3350K(3888K)
[30.695s][info][gc             ] GC(4) Pause Young (Allocation Failure) 491M->135M(1998M) 69.068ms
[30.695s][info][gc,cpu         ] GC(4) User=0.16s Sys=0.05s Real=0.08s
[34.658s][info][gc,start       ] GC(5) Pause Young (Allocation Failure)
[34.658s][info][gc,task        ] GC(5) Using 6 workers of 6 for evacuation
[34.671s][info][gc,heap        ] GC(5) ParNew: 457309K->32163K(460096K)
[34.671s][info][gc,heap        ] GC(5) CMS: 90701K->90701K(1585984K)
[34.671s][info][gc,metaspace   ] GC(5) Metaspace: 42868K(44440K)->42868K(44440K) NonClass: 39307K(40296K)->39307K(40296K) Class: 3560K(4144K)->3560K(4144K)
[34.671s][info][gc             ] GC(5) Pause Young (Allocation Failure) 535M->119M(1998M) 12.431ms
[34.671s][info][gc,cpu         ] GC(5) User=0.09s Sys=0.00s Real=0.01s
[38.438s][info][gc,start       ] GC(6) Pause Young (Allocation Failure)
[38.438s][info][gc,task        ] GC(6) Using 6 workers of 6 for evacuation
[38.466s][info][gc,heap        ] GC(6) ParNew: 441187K->48562K(460096K)
[38.466s][info][gc,heap        ] GC(6) CMS: 90701K->111985K(1585984K)
[38.466s][info][gc,metaspace   ] GC(6) Metaspace: 43396K(44952K)->43396K(44952K) NonClass: 39832K(40808K)->39832K(40808K) Class: 3563K(4144K)->3563K(4144K)
[38.466s][info][gc             ] GC(6) Pause Young (Allocation Failure) 519M->156M(1998M) 28.073ms
[38.466s][info][gc,cpu         ] GC(6) User=0.16s Sys=0.03s Real=0.03s
[41.698s][info][gc,start       ] GC(7) Pause Young (Allocation Failure)
[41.699s][info][gc,task        ] GC(7) Using 6 workers of 6 for evacuation
[41.715s][info][gc,heap        ] GC(7) ParNew: 457586K->37021K(460096K)
[41.715s][info][gc,heap        ] GC(7) CMS: 111985K->117517K(1585984K)
[41.715s][info][gc,metaspace   ] GC(7) Metaspace: 44408K(46104K)->44408K(46104K) NonClass: 40775K(41832K)->40775K(41832K) Class: 3632K(4272K)->3632K(4272K)
[41.715s][info][gc             ] GC(7) Pause Young (Allocation Failure) 556M->150M(1998M) 16.443ms
[41.715s][info][gc,cpu         ] GC(7) User=0.08s Sys=0.00s Real=0.02s
[44.282s][info][gc,start       ] GC(8) Pause Young (Allocation Failure)
[44.282s][info][gc,task        ] GC(8) Using 6 workers of 6 for evacuation
[44.288s][info][gc,heap        ] GC(8) ParNew: 446045K->11520K(460096K)
[44.288s][info][gc,heap        ] GC(8) CMS: 117517K->117517K(1585984K)
[44.288s][info][gc,metaspace   ] GC(8) Metaspace: 44719K(46360K)->44719K(46360K) NonClass: 41071K(42088K)->41071K(42088K) Class: 3647K(4272K)->3647K(4272K)
[44.288s][info][gc             ] GC(8) Pause Young (Allocation Failure) 550M->126M(1998M) 6.055ms
[44.288s][info][gc,cpu         ] GC(8) User=0.00s Sys=0.00s Real=0.02s
[45.522s][info][gc,start       ] GC(9) Pause Young (Allocation Failure)
[45.522s][info][gc,task        ] GC(9) Using 6 workers of 6 for evacuation
[45.530s][info][gc,heap        ] GC(9) ParNew: 420544K->15279K(460096K)
[45.530s][info][gc,heap        ] GC(9) CMS: 117517K->117517K(1585984K)
[45.530s][info][gc,metaspace   ] GC(9) Metaspace: 45846K(47768K)->45846K(47768K) NonClass: 42075K(43368K)->42075K(43368K) Class: 3771K(4400K)->3771K(4400K)
[45.530s][info][gc             ] GC(9) Pause Young (Allocation Failure) 525M->129M(1998M) 8.491ms
[45.530s][info][gc,cpu         ] GC(9) User=0.06s Sys=0.00s Real=0.01s
[46.233s][info][gc,start       ] GC(10) Pause Young (Allocation Failure)
[46.233s][info][gc,task        ] GC(10) Using 6 workers of 6 for evacuation
[46.242s][info][gc,heap        ] GC(10) ParNew: 424303K->20601K(460096K)
[46.242s][info][gc,heap        ] GC(10) CMS: 117517K->117517K(1585984K)
[46.242s][info][gc,metaspace   ] GC(10) Metaspace: 47572K(49432K)->47572K(49432K) NonClass: 43680K(44904K)->43680K(44904K) Class: 3892K(4528K)->3892K(4528K)
[46.242s][info][gc             ] GC(10) Pause Young (Allocation Failure) 529M->134M(1998M) 9.114ms
[46.242s][info][gc,cpu         ] GC(10) User=0.06s Sys=0.00s Real=0.01s
[46.923s][info][gc,start       ] GC(11) Pause Young (Allocation Failure)
[46.923s][info][gc,task        ] GC(11) Using 6 workers of 6 for evacuation
[46.940s][info][gc,heap        ] GC(11) ParNew: 429625K->32995K(460096K)
[46.940s][info][gc,heap        ] GC(11) CMS: 117517K->117517K(1585984K)
[46.940s][info][gc,metaspace   ] GC(11) Metaspace: 47753K(49688K)->47753K(49688K) NonClass: 43861K(45160K)->43861K(45160K) Class: 3892K(4528K)->3892K(4528K)
[46.940s][info][gc             ] GC(11) Pause Young (Allocation Failure) 534M->146M(1998M) 17.001ms
[46.940s][info][gc,cpu         ] GC(11) User=0.06s Sys=0.02s Real=0.02s
[47.641s][info][gc,start       ] GC(12) Pause Young (Allocation Failure)
[47.641s][info][gc,task        ] GC(12) Using 6 workers of 6 for evacuation
[47.664s][info][gc,heap        ] GC(12) ParNew: 442019K->48981K(460096K)
[47.664s][info][gc,heap        ] GC(12) CMS: 117517K->120698K(1585984K)
[47.664s][info][gc,metaspace   ] GC(12) Metaspace: 47810K(49688K)->47810K(49688K) NonClass: 43916K(45160K)->43916K(45160K) Class: 3894K(4528K)->3894K(4528K)
[47.664s][info][gc             ] GC(12) Pause Young (Allocation Failure) 546M->165M(1998M) 22.358ms
[47.664s][info][gc,cpu         ] GC(12) User=0.06s Sys=0.02s Real=0.02s
[49.333s][info][gc,start       ] GC(13) Pause Young (Allocation Failure)
[49.333s][info][gc,task        ] GC(13) Using 6 workers of 6 for evacuation
[49.344s][info][gc,heap        ] GC(13) ParNew: 458005K->32860K(460096K)
[49.344s][info][gc,heap        ] GC(13) CMS: 120698K->124226K(1585984K)
[49.344s][info][gc,metaspace   ] GC(13) Metaspace: 49008K(50840K)->49008K(50840K) NonClass: 45015K(46184K)->45015K(46184K) Class: 3992K(4656K)->3992K(4656K)
[49.344s][info][gc             ] GC(13) Pause Young (Allocation Failure) 565M->153M(1998M) 11.108ms
[49.344s][info][gc,cpu         ] GC(13) User=0.08s Sys=0.00s Real=0.02s
[50.123s][info][gc,start       ] GC(14) Pause Young (Allocation Failure)
[50.123s][info][gc,task        ] GC(14) Using 6 workers of 6 for evacuation
[50.129s][info][gc,heap        ] GC(14) ParNew: 441884K->11736K(460096K)
[50.129s][info][gc,heap        ] GC(14) CMS: 124226K->124226K(1585984K)
[50.129s][info][gc,metaspace   ] GC(14) Metaspace: 49063K(50840K)->49063K(50840K) NonClass: 45070K(46184K)->45070K(46184K) Class: 3993K(4656K)->3993K(4656K)
[50.129s][info][gc             ] GC(14) Pause Young (Allocation Failure) 552M->132M(1998M) 6.663ms
[50.129s][info][gc,cpu         ] GC(14) User=0.00s Sys=0.00s Real=0.01s
[51.289s][info][gc,start       ] GC(15) Pause Young (Allocation Failure)
[51.289s][info][gc,task        ] GC(15) Using 6 workers of 6 for evacuation
[51.294s][info][gc,heap        ] GC(15) ParNew: 420760K->11801K(460096K)
[51.294s][info][gc,heap        ] GC(15) CMS: 124226K->124226K(1585984K)
[51.294s][info][gc,metaspace   ] GC(15) Metaspace: 50076K(51992K)->50076K(51992K) NonClass: 45980K(47208K)->45980K(47208K) Class: 4095K(4784K)->4095K(4784K)
[51.294s][info][gc             ] GC(15) Pause Young (Allocation Failure) 532M->132M(1998M) 4.804ms
[51.294s][info][gc,cpu         ] GC(15) User=0.00s Sys=0.00s Real=0.01s
[52.958s][info][gc,start       ] GC(16) Pause Young (Allocation Failure)
[52.958s][info][gc,task        ] GC(16) Using 6 workers of 6 for evacuation
[52.961s][info][gc,heap        ] GC(16) ParNew: 420825K->4039K(460096K)
[52.961s][info][gc,heap        ] GC(16) CMS: 124226K->124226K(1585984K)
[52.961s][info][gc,metaspace   ] GC(16) Metaspace: 50433K(52248K)->50433K(52248K) NonClass: 46319K(47464K)->46319K(47464K) Class: 4114K(4784K)->4114K(4784K)
[52.961s][info][gc             ] GC(16) Pause Young (Allocation Failure) 532M->125M(1998M) 3.531ms
[52.961s][info][gc,cpu         ] GC(16) User=0.08s Sys=0.00s Real=0.00s
[54.348s][info][gc,start       ] GC(17) Pause Young (Allocation Failure)
[54.348s][info][gc,task        ] GC(17) Using 6 workers of 6 for evacuation
[54.363s][info][gc,heap        ] GC(17) ParNew: 413063K->28423K(460096K)
[54.363s][info][gc,heap        ] GC(17) CMS: 124226K->124440K(1585984K)
[54.363s][info][gc,metaspace   ] GC(17) Metaspace: 50877K(52852K)->50877K(52852K) NonClass: 46747K(47940K)->46747K(47940K) Class: 4130K(4912K)->4130K(4912K)
[54.363s][info][gc             ] GC(17) Pause Young (Allocation Failure) 524M->149M(1998M) 15.002ms
[54.363s][info][gc,cpu         ] GC(17) User=0.08s Sys=0.00s Real=0.02s
[54.363s][info][gc,start       ] GC(18) Pause Initial Mark
[54.366s][info][gc             ] GC(18) Pause Initial Mark 157M->157M(1998M) 2.530ms
[54.366s][info][gc,cpu         ] GC(18) User=0.00s Sys=0.00s Real=0.00s
[54.366s][info][gc             ] GC(18) Concurrent Mark
[54.366s][info][gc,task        ] GC(18) Using 2 workers of 2 for marking
[54.377s][info][gc             ] GC(18) Concurrent Mark 11.146ms
[54.377s][info][gc,cpu         ] GC(18) User=0.03s Sys=0.03s Real=0.01s
[54.377s][info][gc             ] GC(18) Concurrent Preclean
[54.380s][info][gc             ] GC(18) Concurrent Preclean 2.963ms
[54.380s][info][gc,cpu         ] GC(18) User=0.00s Sys=0.00s Real=0.00s
[54.380s][info][gc             ] GC(18) Concurrent Abortable Preclean
[54.908s][info][gc             ] GC(18) Concurrent Abortable Preclean 527.660ms
[54.908s][info][gc,cpu         ] GC(18) User=0.84s Sys=0.53s Real=0.53s
[54.908s][info][gc,start       ] GC(18) Pause Remark
[54.936s][info][gc             ] GC(18) Pause Remark 421M->421M(1998M) 27.433ms
[54.936s][info][gc,cpu         ] GC(18) User=0.09s Sys=0.02s Real=0.02s
[54.936s][info][gc             ] GC(18) Concurrent Sweep
[54.968s][info][gc             ] GC(18) Concurrent Sweep 31.782ms
[54.968s][info][gc,cpu         ] GC(18) User=0.05s Sys=0.05s Real=0.04s
[54.968s][info][gc             ] GC(18) Concurrent Reset
[54.971s][info][gc             ] GC(18) Concurrent Reset 2.617ms
[54.971s][info][gc,cpu         ] GC(18) User=0.00s Sys=0.00s Real=0.00s
[54.971s][info][gc,heap        ] GC(18) Old: 124440K->18119K(1585984K)
[55.192s][info][gc,start       ] GC(19) Pause Young (Allocation Failure)
[55.192s][info][gc,task        ] GC(19) Using 6 workers of 6 for evacuation
[55.242s][info][gc,heap        ] GC(19) ParNew: 437447K->51072K(460096K)
[55.242s][info][gc,heap        ] GC(19) CMS: 18119K->44948K(1585984K)
[55.242s][info][gc,metaspace   ] GC(19) Metaspace: 50884K(52852K)->50884K(52852K) NonClass: 46754K(47940K)->46754K(47940K) Class: 4130K(4912K)->4130K(4912K)
[55.242s][info][gc             ] GC(19) Pause Young (Allocation Failure) 444M->93M(1998M) 49.822ms
[55.242s][info][gc,cpu         ] GC(19) User=0.22s Sys=0.00s Real=0.05s
[56.863s][info][gc,start       ] GC(20) Pause Full (System.gc())
[56.864s][info][gc,phases,start] GC(20) Phase 1: Mark live objects
[56.894s][info][gc,phases      ] GC(20) Phase 1: Mark live objects 30.350ms
[56.894s][info][gc,phases,start] GC(20) Phase 2: Compute new object addresses
[56.945s][info][gc,phases      ] GC(20) Phase 2: Compute new object addresses 50.725ms
[56.945s][info][gc,phases,start] GC(20) Phase 3: Adjust pointers
[56.967s][info][gc,phases      ] GC(20) Phase 3: Adjust pointers 21.989ms
[56.967s][info][gc,phases,start] GC(20) Phase 4: Move objects
[56.973s][info][gc,phases      ] GC(20) Phase 4: Move objects 5.946ms
[56.974s][info][gc,heap        ] GC(20) ParNew: 340899K->0K(460096K)
[56.974s][info][gc,heap        ] GC(20) CMS: 44948K->22042K(1585984K)
[56.974s][info][gc,metaspace   ] GC(20) Metaspace: 50981K(53108K)->50981K(53108K) NonClass: 46846K(48196K)->46846K(48196K) Class: 4135K(4912K)->4135K(4912K)
[56.975s][info][gc             ] GC(20) Pause Full (System.gc()) 376M->21M(1998M) 111.506ms
[56.975s][info][gc,cpu         ] GC(20) User=0.17s Sys=0.02s Real=0.10s
[70.899s][info][gc,start       ] GC(21) Pause Young (Allocation Failure)
[70.899s][info][gc,task        ] GC(21) Using 6 workers of 6 for evacuation
[70.907s][info][gc,heap        ] GC(21) ParNew: 409024K->18560K(460096K)
[70.907s][info][gc,heap        ] GC(21) CMS: 22042K->22042K(1585984K)
[70.907s][info][gc,metaspace   ] GC(21) Metaspace: 51096K(53108K)->51096K(53108K) NonClass: 46961K(48196K)->46961K(48196K) Class: 4135K(4912K)->4135K(4912K)
[70.907s][info][gc             ] GC(21) Pause Young (Allocation Failure) 420M->39M(1998M) 8.136ms
[70.907s][info][gc,cpu         ] GC(21) User=0.02s Sys=0.00s Real=0.01s
[80.439s][info][gc,start       ] GC(22) Pause Young (Allocation Failure)
[80.439s][info][gc,task        ] GC(22) Using 6 workers of 6 for evacuation
[80.446s][info][gc,heap        ] GC(22) ParNew: 427584K->7298K(460096K)
[80.447s][info][gc,heap        ] GC(22) CMS: 22042K->22042K(1585984K)
[80.447s][info][gc,metaspace   ] GC(22) Metaspace: 51102K(53108K)->51102K(53108K) NonClass: 46967K(48196K)->46967K(48196K) Class: 4135K(4912K)->4135K(4912K)
[80.447s][info][gc             ] GC(22) Pause Young (Allocation Failure) 439M->28M(1998M) 7.345ms
[80.447s][info][gc,cpu         ] GC(22) User=0.05s Sys=0.00s Real=0.01s
[84.145s][info][gc,start       ] GC(23) Pause Young (Allocation Failure)
[84.145s][info][gc,task        ] GC(23) Using 6 workers of 6 for evacuation
[84.154s][info][gc,heap        ] GC(23) ParNew: 416322K->21808K(460096K)
[84.154s][info][gc,heap        ] GC(23) CMS: 22042K->22042K(1585984K)
[84.154s][info][gc,metaspace   ] GC(23) Metaspace: 51148K(53108K)->51148K(53108K) NonClass: 47013K(48196K)->47013K(48196K) Class: 4135K(4912K)->4135K(4912K)
[84.154s][info][gc             ] GC(23) Pause Young (Allocation Failure) 428M->42M(1998M) 9.123ms
[84.154s][info][gc,cpu         ] GC(23) User=0.08s Sys=0.00s Real=0.01s
[87.277s][info][gc,start       ] GC(24) Pause Young (Allocation Failure)
[87.277s][info][gc,task        ] GC(24) Using 6 workers of 6 for evacuation
[87.293s][info][gc,heap        ] GC(24) ParNew: 430832K->49026K(460096K)
[87.293s][info][gc,heap        ] GC(24) CMS: 22042K->22042K(1585984K)
[87.293s][info][gc,metaspace   ] GC(24) Metaspace: 51193K(53108K)->51193K(53108K) NonClass: 47058K(48196K)->47058K(48196K) Class: 4135K(4912K)->4135K(4912K)
[87.293s][info][gc             ] GC(24) Pause Young (Allocation Failure) 442M->69M(1998M) 16.239ms
[87.293s][info][gc,cpu         ] GC(24) User=0.09s Sys=0.00s Real=0.02s
[89.605s][info][gc,start       ] GC(25) Pause Young (Allocation Failure)
[89.605s][info][gc,task        ] GC(25) Using 6 workers of 6 for evacuation
[89.618s][info][gc,heap        ] GC(25) ParNew: 458050K->31343K(460096K)
[89.618s][info][gc,heap        ] GC(25) CMS: 22042K->32065K(1585984K)
[89.618s][info][gc,metaspace   ] GC(25) Metaspace: 51237K(53108K)->51237K(53108K) NonClass: 47102K(48196K)->47102K(48196K) Class: 4135K(4912K)->4135K(4912K)
[89.618s][info][gc             ] GC(25) Pause Young (Allocation Failure) 468M->61M(1998M) 12.954ms
[89.618s][info][gc,cpu         ] GC(25) User=0.06s Sys=0.00s Real=0.01s
[91.569s][info][gc,start       ] GC(26) Pause Young (Allocation Failure)
[91.569s][info][gc,task        ] GC(26) Using 6 workers of 6 for evacuation
[91.578s][info][gc,heap        ] GC(26) ParNew: 439055K->12216K(460096K)
[91.578s][info][gc,heap        ] GC(26) CMS: 32065K->32065K(1585984K)
[91.578s][info][gc,metaspace   ] GC(26) Metaspace: 51323K(53364K)->51323K(53364K) NonClass: 47188K(48452K)->47188K(48452K) Class: 4135K(4912K)->4135K(4912K)
[91.578s][info][gc             ] GC(26) Pause Young (Allocation Failure) 460M->43M(1998M) 8.422ms
[91.578s][info][gc,cpu         ] GC(26) User=0.08s Sys=0.00s Real=0.02s
[92.123s][info][gc,start       ] GC(27) Pause Young (Allocation Failure)
[92.123s][info][gc,task        ] GC(27) Using 6 workers of 6 for evacuation
[92.132s][info][gc,heap        ] GC(27) ParNew: 420490K->18823K(460096K)
[92.132s][info][gc,heap        ] GC(27) CMS: 32065K->32065K(1585984K)
[92.132s][info][gc,metaspace   ] GC(27) Metaspace: 51325K(53364K)->51325K(53364K) NonClass: 47190K(48452K)->47190K(48452K) Class: 4135K(4912K)->4135K(4912K)
[92.132s][info][gc             ] GC(27) Pause Young (Allocation Failure) 441M->49M(1998M) 9.136ms
[92.132s][info][gc,cpu         ] GC(27) User=0.00s Sys=0.00s Real=0.01s
[92.717s][info][gc,start       ] GC(28) Pause Young (Allocation Failure)
[92.717s][info][gc,task        ] GC(28) Using 6 workers of 6 for evacuation
[92.728s][info][gc,heap        ] GC(28) ParNew: 427847K->24224K(460096K)
[92.728s][info][gc,heap        ] GC(28) CMS: 32065K->32065K(1585984K)
[92.728s][info][gc,metaspace   ] GC(28) Metaspace: 51328K(53364K)->51328K(53364K) NonClass: 47193K(48452K)->47193K(48452K) Class: 4135K(4912K)->4135K(4912K)
[92.728s][info][gc             ] GC(28) Pause Young (Allocation Failure) 449M->54M(1998M) 10.520ms
[92.728s][info][gc,cpu         ] GC(28) User=0.08s Sys=0.00s Real=0.02s
[93.361s][info][gc,start       ] GC(29) Pause Young (Allocation Failure)
[93.361s][info][gc,task        ] GC(29) Using 6 workers of 6 for evacuation
[93.377s][info][gc,heap        ] GC(29) ParNew: 433248K->38516K(460096K)
[93.377s][info][gc,heap        ] GC(29) CMS: 32065K->32065K(1585984K)
[93.377s][info][gc,metaspace   ] GC(29) Metaspace: 51340K(53364K)->51340K(53364K) NonClass: 47205K(48452K)->47205K(48452K) Class: 4135K(4912K)->4135K(4912K)
[93.377s][info][gc             ] GC(29) Pause Young (Allocation Failure) 454M->68M(1998M) 16.062ms
[93.377s][info][gc,cpu         ] GC(29) User=0.06s Sys=0.00s Real=0.02s
[94.240s][info][gc,start       ] GC(30) Pause Young (Allocation Failure)
[94.240s][info][gc,task        ] GC(30) Using 6 workers of 6 for evacuation
[94.249s][info][gc,heap        ] GC(30) ParNew: 447540K->26419K(460096K)
[94.250s][info][gc,heap        ] GC(30) CMS: 32065K->36612K(1585984K)
[94.250s][info][gc,metaspace   ] GC(30) Metaspace: 51400K(53364K)->51400K(53364K) NonClass: 47265K(48452K)->47265K(48452K) Class: 4135K(4912K)->4135K(4912K)
[94.250s][info][gc             ] GC(30) Pause Young (Allocation Failure) 468M->61M(1998M) 9.560ms
[94.250s][info][gc,cpu         ] GC(30) User=0.06s Sys=0.00s Real=0.01s
[95.001s][info][gc,start       ] GC(31) Pause Young (Allocation Failure)
[95.001s][info][gc,task        ] GC(31) Using 6 workers of 6 for evacuation
[95.006s][info][gc,heap        ] GC(31) ParNew: 435443K->11156K(460096K)
[95.006s][info][gc,heap        ] GC(31) CMS: 36612K->36612K(1585984K)
[95.006s][info][gc,metaspace   ] GC(31) Metaspace: 51435K(53364K)->51435K(53364K) NonClass: 47300K(48452K)->47300K(48452K) Class: 4135K(4912K)->4135K(4912K)
[95.006s][info][gc             ] GC(31) Pause Young (Allocation Failure) 460M->46M(1998M) 5.459ms
[95.006s][info][gc,cpu         ] GC(31) User=0.00s Sys=0.00s Real=0.02s
[95.624s][info][gc,start       ] GC(32) Pause Young (Allocation Failure)
[95.624s][info][gc,task        ] GC(32) Using 6 workers of 6 for evacuation
[95.631s][info][gc,heap        ] GC(32) ParNew: 420180K->12871K(460096K)
[95.631s][info][gc,heap        ] GC(32) CMS: 36612K->36612K(1585984K)
[95.631s][info][gc,metaspace   ] GC(32) Metaspace: 51441K(53364K)->51441K(53364K) NonClass: 47306K(48452K)->47306K(48452K) Class: 4135K(4912K)->4135K(4912K)
[95.631s][info][gc             ] GC(32) Pause Young (Allocation Failure) 446M->48M(1998M) 6.413ms
[95.631s][info][gc,cpu         ] GC(32) User=0.00s Sys=0.00s Real=0.02s
[96.411s][info][gc,start       ] GC(33) Pause Young (Allocation Failure)
[96.411s][info][gc,task        ] GC(33) Using 6 workers of 6 for evacuation
[96.418s][info][gc,heap        ] GC(33) ParNew: 421895K->16778K(460096K)
[96.418s][info][gc,heap        ] GC(33) CMS: 36612K->37042K(1585984K)
[96.418s][info][gc,metaspace   ] GC(33) Metaspace: 51447K(53364K)->51447K(53364K) NonClass: 47312K(48452K)->47312K(48452K) Class: 4135K(4912K)->4135K(4912K)
[96.418s][info][gc             ] GC(33) Pause Young (Allocation Failure) 447M->52M(1998M) 6.831ms
[96.418s][info][gc,cpu         ] GC(33) User=0.08s Sys=0.00s Real=0.01s
[98.224s][info][gc,start       ] GC(34) Pause Young (Allocation Failure)
[98.224s][info][gc,task        ] GC(34) Using 6 workers of 6 for evacuation
[98.232s][info][gc,heap        ] GC(34) ParNew: 425802K->14168K(460096K)
[98.232s][info][gc,heap        ] GC(34) CMS: 37042K->37273K(1585984K)
[98.232s][info][gc,metaspace   ] GC(34) Metaspace: 51585K(53620K)->51585K(53620K) NonClass: 47450K(48708K)->47450K(48708K) Class: 4135K(4912K)->4135K(4912K)
[98.232s][info][gc             ] GC(34) Pause Young (Allocation Failure) 451M->50M(1998M) 7.895ms
[98.232s][info][gc,cpu         ] GC(34) User=0.05s Sys=0.00s Real=0.01s
[98.986s][info][gc,start       ] GC(35) Pause Young (Allocation Failure)
[98.986s][info][gc,task        ] GC(35) Using 6 workers of 6 for evacuation
[99.024s][info][gc,heap        ] GC(35) ParNew: 423192K->51072K(460096K)
[99.024s][info][gc,heap        ] GC(35) CMS: 37273K->42275K(1585984K)
[99.024s][info][gc,metaspace   ] GC(35) Metaspace: 51586K(53620K)->51586K(53620K) NonClass: 47451K(48708K)->47451K(48708K) Class: 4135K(4912K)->4135K(4912K)
[99.024s][info][gc             ] GC(35) Pause Young (Allocation Failure) 449M->91M(1998M) 38.393ms
[99.024s][info][gc,cpu         ] GC(35) User=0.17s Sys=0.00s Real=0.05s
[100.119s][info][gc,start       ] GC(36) Pause Young (Allocation Failure)
[100.119s][info][gc,task        ] GC(36) Using 6 workers of 6 for evacuation
[100.194s][info][gc,heap        ] GC(36) ParNew: 460096K->51072K(460096K)
[100.195s][info][gc,heap        ] GC(36) CMS: 42275K->105862K(1585984K)
[100.195s][info][gc,metaspace   ] GC(36) Metaspace: 51597K(53620K)->51597K(53620K) NonClass: 47462K(48708K)->47462K(48708K) Class: 4135K(4912K)->4135K(4912K)
[100.195s][info][gc             ] GC(36) Pause Young (Allocation Failure) 490M->153M(1998M) 75.869ms
[100.195s][info][gc,cpu         ] GC(36) User=0.34s Sys=0.02s Real=0.08s
[100.813s][info][gc,start       ] GC(37) Pause Full (System.gc())
[100.813s][info][gc,phases,start] GC(37) Phase 1: Mark live objects
[100.839s][info][gc,phases      ] GC(37) Phase 1: Mark live objects 25.680ms
[100.839s][info][gc,phases,start] GC(37) Phase 2: Compute new object addresses
[100.864s][info][gc,phases      ] GC(37) Phase 2: Compute new object addresses 25.619ms
[100.864s][info][gc,phases,start] GC(37) Phase 3: Adjust pointers
[100.886s][info][gc,phases      ] GC(37) Phase 3: Adjust pointers 21.640ms
[100.886s][info][gc,phases,start] GC(37) Phase 4: Move objects
[100.890s][info][gc,phases      ] GC(37) Phase 4: Move objects 4.455ms
[100.892s][info][gc,heap        ] GC(37) ParNew: 73777K->0K(460096K)
[100.892s][info][gc,heap        ] GC(37) CMS: 105862K->16838K(1585984K)
[100.892s][info][gc,metaspace   ] GC(37) Metaspace: 51603K(53620K)->51603K(53620K) NonClass: 47468K(48708K)->47468K(48708K) Class: 4135K(4912K)->4135K(4912K)
[100.892s][info][gc             ] GC(37) Pause Full (System.gc()) 175M->16M(1998M) 79.846ms
[100.892s][info][gc,cpu         ] GC(37) User=0.08s Sys=0.00s Real=0.08s
[114.249s][info][gc,start       ] GC(38) Pause Young (Allocation Failure)
[114.250s][info][gc,task        ] GC(38) Using 6 workers of 6 for evacuation
[114.262s][info][gc,heap        ] GC(38) ParNew: 409024K->14644K(460096K)
[114.262s][info][gc,heap        ] GC(38) CMS: 16838K->16838K(1585984K)
[114.262s][info][gc,metaspace   ] GC(38) Metaspace: 51704K(53620K)->51704K(53620K) NonClass: 47569K(48708K)->47569K(48708K) Class: 4135K(4912K)->4135K(4912K)
[114.262s][info][gc             ] GC(38) Pause Young (Allocation Failure) 415M->30M(1998M) 12.441ms
[114.262s][info][gc,cpu         ] GC(38) User=0.03s Sys=0.00s Real=0.01s
[128.524s][info][gc,start       ] GC(39) Pause Young (Allocation Failure)
[128.524s][info][gc,task        ] GC(39) Using 6 workers of 6 for evacuation
[128.531s][info][gc,heap        ] GC(39) ParNew: 423668K->14381K(460096K)
[128.531s][info][gc,heap        ] GC(39) CMS: 16838K->16838K(1585984K)
[128.531s][info][gc,metaspace   ] GC(39) Metaspace: 51713K(53620K)->51713K(53620K) NonClass: 47578K(48708K)->47578K(48708K) Class: 4135K(4912K)->4135K(4912K)
[128.531s][info][gc             ] GC(39) Pause Young (Allocation Failure) 430M->30M(1998M) 7.692ms
[128.531s][info][gc,cpu         ] GC(39) User=0.00s Sys=0.00s Real=0.01s
[132.446s][info][gc,start       ] GC(40) Pause Young (Allocation Failure)
[132.446s][info][gc,task        ] GC(40) Using 6 workers of 6 for evacuation
[132.453s][info][gc,heap        ] GC(40) ParNew: 423405K->22445K(460096K)
[132.453s][info][gc,heap        ] GC(40) CMS: 16838K->16838K(1585984K)
[132.453s][info][gc,metaspace   ] GC(40) Metaspace: 51755K(53620K)->51755K(53620K) NonClass: 47619K(48708K)->47619K(48708K) Class: 4135K(4912K)->4135K(4912K)
[132.453s][info][gc             ] GC(40) Pause Young (Allocation Failure) 429M->38M(1998M) 7.079ms
[132.453s][info][gc,cpu         ] GC(40) User=0.00s Sys=0.00s Real=0.01s
[135.897s][info][gc,start       ] GC(41) Pause Young (Allocation Failure)
[135.897s][info][gc,task        ] GC(41) Using 6 workers of 6 for evacuation
[135.914s][info][gc,heap        ] GC(41) ParNew: 431469K->47272K(460096K)
[135.914s][info][gc,heap        ] GC(41) CMS: 16838K->16838K(1585984K)
[135.914s][info][gc,metaspace   ] GC(41) Metaspace: 51806K(53876K)->51806K(53876K) NonClass: 47671K(48964K)->47671K(48964K) Class: 4135K(4912K)->4135K(4912K)
[135.914s][info][gc             ] GC(41) Pause Young (Allocation Failure) 437M->62M(1998M) 17.369ms
[135.914s][info][gc,cpu         ] GC(41) User=0.19s Sys=0.00s Real=0.02s
[138.050s][info][gc,start       ] GC(42) Pause Young (Allocation Failure)
[138.050s][info][gc,task        ] GC(42) Using 6 workers of 6 for evacuation
[138.077s][info][gc,heap        ] GC(42) ParNew: 456296K->51072K(460096K)
[138.077s][info][gc,heap        ] GC(42) CMS: 16838K->34500K(1585984K)
[138.077s][info][gc,metaspace   ] GC(42) Metaspace: 51832K(53876K)->51832K(53876K) NonClass: 47697K(48964K)->47697K(48964K) Class: 4135K(4912K)->4135K(4912K)
[138.077s][info][gc             ] GC(42) Pause Young (Allocation Failure) 462M->83M(1998M) 27.502ms
[138.077s][info][gc,cpu         ] GC(42) User=0.11s Sys=0.02s Real=0.03s
[140.056s][info][gc,start       ] GC(43) Pause Young (Allocation Failure)
[140.056s][info][gc,task        ] GC(43) Using 6 workers of 6 for evacuation
[140.097s][info][gc,heap        ] GC(43) ParNew: 459791K->51072K(460096K)
[140.097s][info][gc,heap        ] GC(43) CMS: 34500K->54144K(1585984K)
[140.097s][info][gc,metaspace   ] GC(43) Metaspace: 51860K(53876K)->51860K(53876K) NonClass: 47725K(48964K)->47725K(48964K) Class: 4135K(4912K)->4135K(4912K)
[140.097s][info][gc             ] GC(43) Pause Young (Allocation Failure) 482M->102M(1998M) 41.173ms
[140.097s][info][gc,cpu         ] GC(43) User=0.11s Sys=0.02s Real=0.04s
[140.721s][info][gc,start       ] GC(44) Pause Young (Allocation Failure)
[140.721s][info][gc,task        ] GC(44) Using 6 workers of 6 for evacuation
[140.753s][info][gc,heap        ] GC(44) ParNew: 460012K->44512K(460096K)
[140.753s][info][gc,heap        ] GC(44) CMS: 54144K->101397K(1585984K)
[140.753s][info][gc,metaspace   ] GC(44) Metaspace: 51876K(53876K)->51876K(53876K) NonClass: 47741K(48964K)->47741K(48964K) Class: 4135K(4912K)->4135K(4912K)
[140.753s][info][gc             ] GC(44) Pause Young (Allocation Failure) 502M->142M(1998M) 31.912ms
[140.753s][info][gc,cpu         ] GC(44) User=0.09s Sys=0.00s Real=0.03s
[141.296s][info][gc,start       ] GC(45) Pause Young (Allocation Failure)
[141.296s][info][gc,task        ] GC(45) Using 6 workers of 6 for evacuation
[141.306s][info][gc,heap        ] GC(45) ParNew: 453536K->17321K(460096K)
[141.306s][info][gc,heap        ] GC(45) CMS: 101397K->101397K(1585984K)
[141.306s][info][gc,metaspace   ] GC(45) Metaspace: 51877K(53876K)->51877K(53876K) NonClass: 47742K(48964K)->47742K(48964K) Class: 4135K(4912K)->4135K(4912K)
[141.306s][info][gc             ] GC(45) Pause Young (Allocation Failure) 541M->115M(1998M) 10.237ms
[141.306s][info][gc,cpu         ] GC(45) User=0.05s Sys=0.00s Real=0.01s
[141.881s][info][gc,start       ] GC(46) Pause Young (Allocation Failure)
[141.881s][info][gc,task        ] GC(46) Using 6 workers of 6 for evacuation
[141.894s][info][gc,heap        ] GC(46) ParNew: 426345K->33689K(460096K)
[141.894s][info][gc,heap        ] GC(46) CMS: 101397K->101397K(1585984K)
[141.894s][info][gc,metaspace   ] GC(46) Metaspace: 51882K(53876K)->51882K(53876K) NonClass: 47747K(48964K)->47747K(48964K) Class: 4135K(4912K)->4135K(4912K)
[141.894s][info][gc             ] GC(46) Pause Young (Allocation Failure) 515M->131M(1998M) 13.159ms
[141.894s][info][gc,cpu         ] GC(46) User=0.06s Sys=0.00s Real=0.01s
[142.670s][info][gc,start       ] GC(47) Pause Young (Allocation Failure)
[142.670s][info][gc,task        ] GC(47) Using 6 workers of 6 for evacuation
[142.678s][info][gc,heap        ] GC(47) ParNew: 442713K->21527K(460096K)
[142.678s][info][gc,heap        ] GC(47) CMS: 101397K->101397K(1585984K)
[142.678s][info][gc,metaspace   ] GC(47) Metaspace: 51905K(53876K)->51905K(53876K) NonClass: 47770K(48964K)->47770K(48964K) Class: 4135K(4912K)->4135K(4912K)
[142.678s][info][gc             ] GC(47) Pause Young (Allocation Failure) 531M->120M(1998M) 7.793ms
[142.678s][info][gc,cpu         ] GC(47) User=0.00s Sys=0.00s Real=0.01s
[143.442s][info][gc,start       ] GC(48) Pause Young (Allocation Failure)
[143.443s][info][gc,task        ] GC(48) Using 6 workers of 6 for evacuation
[143.449s][info][gc,heap        ] GC(48) ParNew: 430551K->14830K(460096K)
[143.449s][info][gc,heap        ] GC(48) CMS: 101397K->101397K(1585984K)
[143.449s][info][gc,metaspace   ] GC(48) Metaspace: 51982K(53876K)->51982K(53876K) NonClass: 47844K(48964K)->47844K(48964K) Class: 4137K(4912K)->4137K(4912K)
[143.449s][info][gc             ] GC(48) Pause Young (Allocation Failure) 519M->113M(1998M) 6.873ms
[143.449s][info][gc,cpu         ] GC(48) User=0.09s Sys=0.00s Real=0.01s
[144.043s][info][gc,start       ] GC(49) Pause Young (Allocation Failure)
[144.043s][info][gc,task        ] GC(49) Using 6 workers of 6 for evacuation
[144.049s][info][gc,heap        ] GC(49) ParNew: 423854K->16776K(460096K)
[144.050s][info][gc,heap        ] GC(49) CMS: 101397K->101397K(1585984K)
[144.050s][info][gc,metaspace   ] GC(49) Metaspace: 51992K(53876K)->51992K(53876K) NonClass: 47854K(48964K)->47854K(48964K) Class: 4137K(4912K)->4137K(4912K)
[144.050s][info][gc             ] GC(49) Pause Young (Allocation Failure) 512M->115M(1998M) 6.657ms
[144.050s][info][gc,cpu         ] GC(49) User=0.00s Sys=0.00s Real=0.01s
[144.751s][info][gc,start       ] GC(50) Pause Young (Allocation Failure)
[144.751s][info][gc,task        ] GC(50) Using 6 workers of 6 for evacuation
[144.764s][info][gc,heap        ] GC(50) ParNew: 425800K->21883K(460096K)
[144.764s][info][gc,heap        ] GC(50) CMS: 101397K->103755K(1585984K)
[144.764s][info][gc,metaspace   ] GC(50) Metaspace: 51999K(53876K)->51999K(53876K) NonClass: 47861K(48964K)->47861K(48964K) Class: 4137K(4912K)->4137K(4912K)
[144.764s][info][gc             ] GC(50) Pause Young (Allocation Failure) 514M->122M(1998M) 13.417ms
[144.764s][info][gc,cpu         ] GC(50) User=0.05s Sys=0.00s Real=0.01s
[146.458s][info][gc,start       ] GC(51) Pause Young (Allocation Failure)
[146.458s][info][gc,task        ] GC(51) Using 6 workers of 6 for evacuation
[146.465s][info][gc,heap        ] GC(51) ParNew: 430907K->18349K(460096K)
[146.465s][info][gc,heap        ] GC(51) CMS: 103755K->103974K(1585984K)
[146.465s][info][gc,metaspace   ] GC(51) Metaspace: 52099K(54132K)->52099K(54132K) NonClass: 47961K(49220K)->47961K(49220K) Class: 4137K(4912K)->4137K(4912K)
[146.465s][info][gc             ] GC(51) Pause Young (Allocation Failure) 522M->119M(1998M) 7.538ms
[146.465s][info][gc,cpu         ] GC(51) User=0.08s Sys=0.00s Real=0.01s
[147.267s][info][gc,start       ] GC(52) Pause Young (Allocation Failure)
[147.267s][info][gc,task        ] GC(52) Using 6 workers of 6 for evacuation
[147.300s][info][gc,heap        ] GC(52) ParNew: 427373K->51072K(460096K)
[147.300s][info][gc,heap        ] GC(52) CMS: 103974K->109558K(1585984K)
[147.300s][info][gc,metaspace   ] GC(52) Metaspace: 52106K(54132K)->52106K(54132K) NonClass: 47968K(49220K)->47968K(49220K) Class: 4137K(4912K)->4137K(4912K)
[147.300s][info][gc             ] GC(52) Pause Young (Allocation Failure) 518M->156M(1998M) 33.304ms
[147.300s][info][gc,cpu         ] GC(52) User=0.14s Sys=0.00s Real=0.03s
[148.334s][info][gc,start       ] GC(53) Pause Young (Allocation Failure)
[148.334s][info][gc,task        ] GC(53) Using 6 workers of 6 for evacuation
[148.408s][info][gc,heap        ] GC(53) ParNew: 460096K->51072K(460096K)
[148.408s][info][gc,heap        ] GC(53) CMS: 109558K->164494K(1585984K)
[148.408s][info][gc,metaspace   ] GC(53) Metaspace: 52106K(54132K)->52106K(54132K) NonClass: 47968K(49220K)->47968K(49220K) Class: 4137K(4912K)->4137K(4912K)
[148.408s][info][gc             ] GC(53) Pause Young (Allocation Failure) 556M->210M(1998M) 73.980ms
[148.408s][info][gc,cpu         ] GC(53) User=0.39s Sys=0.00s Real=0.07s
[149.291s][info][gc,start       ] GC(54) Pause Full (System.gc())
[149.291s][info][gc,phases,start] GC(54) Phase 1: Mark live objects
[149.321s][info][gc,phases      ] GC(54) Phase 1: Mark live objects 30.230ms
[149.321s][info][gc,phases,start] GC(54) Phase 2: Compute new object addresses
[149.358s][info][gc,phases      ] GC(54) Phase 2: Compute new object addresses 36.632ms
[149.358s][info][gc,phases,start] GC(54) Phase 3: Adjust pointers
[149.382s][info][gc,phases      ] GC(54) Phase 3: Adjust pointers 24.339ms
[149.382s][info][gc,phases,start] GC(54) Phase 4: Move objects
[149.385s][info][gc,phases      ] GC(54) Phase 4: Move objects 3.118ms
[149.387s][info][gc,heap        ] GC(54) ParNew: 94112K->0K(460096K)
[149.387s][info][gc,heap        ] GC(54) CMS: 164494K->16778K(1585984K)
[149.387s][info][gc,metaspace   ] GC(54) Metaspace: 52111K(54132K)->52111K(54132K) NonClass: 47973K(49220K)->47973K(49220K) Class: 4137K(4912K)->4137K(4912K)
[149.387s][info][gc             ] GC(54) Pause Full (System.gc()) 252M->16M(1998M) 96.910ms
[149.387s][info][gc,cpu         ] GC(54) User=0.09s Sys=0.00s Real=0.10s
[164.731s][info][gc,start       ] GC(55) Pause Young (Allocation Failure)
[164.731s][info][gc,task        ] GC(55) Using 6 workers of 6 for evacuation
[164.740s][info][gc,heap        ] GC(55) ParNew: 409024K->22687K(460096K)
[164.740s][info][gc,heap        ] GC(55) CMS: 16778K->16778K(1585984K)
[164.740s][info][gc,metaspace   ] GC(55) Metaspace: 52228K(54132K)->52228K(54132K) NonClass: 48090K(49220K)->48090K(49220K) Class: 4137K(4912K)->4137K(4912K)
[164.740s][info][gc             ] GC(55) Pause Young (Allocation Failure) 415M->38M(1998M) 8.734ms
[164.740s][info][gc,cpu         ] GC(55) User=0.00s Sys=0.00s Real=0.01s
[176.958s][info][gc,start       ] GC(56) Pause Young (Allocation Failure)
[176.958s][info][gc,task        ] GC(56) Using 6 workers of 6 for evacuation
[176.973s][info][gc,heap        ] GC(56) ParNew: 431711K->19405K(460096K)
[176.973s][info][gc,heap        ] GC(56) CMS: 16778K->16778K(1585984K)
[176.973s][info][gc,metaspace   ] GC(56) Metaspace: 52230K(54132K)->52230K(54132K) NonClass: 48092K(49220K)->48092K(49220K) Class: 4137K(4912K)->4137K(4912K)
[176.973s][info][gc             ] GC(56) Pause Young (Allocation Failure) 437M->35M(1998M) 15.513ms
[176.973s][info][gc,cpu         ] GC(56) User=0.03s Sys=0.02s Real=0.02s
[181.184s][info][gc,start       ] GC(57) Pause Young (Allocation Failure)
[181.184s][info][gc,task        ] GC(57) Using 6 workers of 6 for evacuation
[181.194s][info][gc,heap        ] GC(57) ParNew: 428429K->21125K(460096K)
[181.194s][info][gc,heap        ] GC(57) CMS: 16778K->16778K(1585984K)
[181.194s][info][gc,metaspace   ] GC(57) Metaspace: 52255K(54388K)->52255K(54388K) NonClass: 48117K(49476K)->48117K(49476K) Class: 4137K(4912K)->4137K(4912K)
[181.194s][info][gc             ] GC(57) Pause Young (Allocation Failure) 434M->37M(1998M) 9.942ms
[181.194s][info][gc,cpu         ] GC(57) User=0.00s Sys=0.00s Real=0.01s
[183.783s][info][gc,start       ] GC(58) Pause Young (Allocation Failure)
[183.783s][info][gc,task        ] GC(58) Using 6 workers of 6 for evacuation
[183.803s][info][gc,heap        ] GC(58) ParNew: 430149K->48964K(460096K)
[183.803s][info][gc,heap        ] GC(58) CMS: 16778K->16778K(1585984K)
[183.803s][info][gc,metaspace   ] GC(58) Metaspace: 52257K(54388K)->52257K(54388K) NonClass: 48119K(49476K)->48119K(49476K) Class: 4137K(4912K)->4137K(4912K)
[183.803s][info][gc             ] GC(58) Pause Young (Allocation Failure) 436M->64M(1998M) 20.137ms
[183.803s][info][gc,cpu         ] GC(58) User=0.06s Sys=0.00s Real=0.02s
[185.604s][info][gc,start       ] GC(59) Pause Young (Allocation Failure)
[185.604s][info][gc,task        ] GC(59) Using 6 workers of 6 for evacuation
[185.621s][info][gc,heap        ] GC(59) ParNew: 457988K->33496K(460096K)
[185.621s][info][gc,heap        ] GC(59) CMS: 16778K->26827K(1585984K)
[185.621s][info][gc,metaspace   ] GC(59) Metaspace: 52259K(54388K)->52259K(54388K) NonClass: 48121K(49476K)->48121K(49476K) Class: 4137K(4912K)->4137K(4912K)
[185.621s][info][gc             ] GC(59) Pause Young (Allocation Failure) 463M->58M(1998M) 16.322ms
[185.621s][info][gc,cpu         ] GC(59) User=0.06s Sys=0.00s Real=0.02s
[187.589s][info][gc,start       ] GC(60) Pause Young (Allocation Failure)
[187.589s][info][gc,task        ] GC(60) Using 6 workers of 6 for evacuation
[187.598s][info][gc,heap        ] GC(60) ParNew: 442520K->20506K(460096K)
[187.598s][info][gc,heap        ] GC(60) CMS: 26827K->26827K(1585984K)
[187.598s][info][gc,metaspace   ] GC(60) Metaspace: 52265K(54388K)->52265K(54388K) NonClass: 48127K(49476K)->48127K(49476K) Class: 4137K(4912K)->4137K(4912K)
[187.598s][info][gc             ] GC(60) Pause Young (Allocation Failure) 458M->46M(1998M) 9.791ms
[187.598s][info][gc,cpu         ] GC(60) User=0.00s Sys=0.00s Real=0.02s
[188.153s][info][gc,start       ] GC(61) Pause Young (Allocation Failure)
[188.153s][info][gc,task        ] GC(61) Using 6 workers of 6 for evacuation
[188.162s][info][gc,heap        ] GC(61) ParNew: 429530K->20152K(460096K)
[188.162s][info][gc,heap        ] GC(61) CMS: 26827K->26827K(1585984K)
[188.162s][info][gc,metaspace   ] GC(61) Metaspace: 52265K(54388K)->52265K(54388K) NonClass: 48127K(49476K)->48127K(49476K) Class: 4137K(4912K)->4137K(4912K)
[188.162s][info][gc             ] GC(61) Pause Young (Allocation Failure) 445M->45M(1998M) 9.637ms
[188.162s][info][gc,cpu         ] GC(61) User=0.00s Sys=0.00s Real=0.01s
[188.689s][info][gc,start       ] GC(62) Pause Young (Allocation Failure)
[188.690s][info][gc,task        ] GC(62) Using 6 workers of 6 for evacuation
[188.702s][info][gc,heap        ] GC(62) ParNew: 428371K->29860K(460096K)
[188.702s][info][gc,heap        ] GC(62) CMS: 26827K->26827K(1585984K)
[188.702s][info][gc,metaspace   ] GC(62) Metaspace: 52265K(54388K)->52265K(54388K) NonClass: 48127K(49476K)->48127K(49476K) Class: 4137K(4912K)->4137K(4912K)
[188.702s][info][gc             ] GC(62) Pause Young (Allocation Failure) 444M->55M(1998M) 12.806ms
[188.702s][info][gc,cpu         ] GC(62) User=0.05s Sys=0.00s Real=0.01s
[189.345s][info][gc,start       ] GC(63) Pause Young (Allocation Failure)
[189.345s][info][gc,task        ] GC(63) Using 6 workers of 6 for evacuation
[189.362s][info][gc,heap        ] GC(63) ParNew: 438884K->45392K(460096K)
[189.362s][info][gc,heap        ] GC(63) CMS: 26827K->26827K(1585984K)
[189.362s][info][gc,metaspace   ] GC(63) Metaspace: 52290K(54388K)->52290K(54388K) NonClass: 48150K(49476K)->48150K(49476K) Class: 4139K(4912K)->4139K(4912K)
[189.362s][info][gc             ] GC(63) Pause Young (Allocation Failure) 454M->70M(1998M) 17.184ms
[189.362s][info][gc,cpu         ] GC(63) User=0.06s Sys=0.00s Real=0.02s
[190.111s][info][gc,start       ] GC(64) Pause Young (Allocation Failure)
[190.111s][info][gc,task        ] GC(64) Using 6 workers of 6 for evacuation
[190.122s][info][gc,heap        ] GC(64) ParNew: 454416K->31183K(460096K)
[190.122s][info][gc,heap        ] GC(64) CMS: 26827K->36378K(1585984K)
[190.122s][info][gc,metaspace   ] GC(64) Metaspace: 52294K(54388K)->52294K(54388K) NonClass: 48155K(49476K)->48155K(49476K) Class: 4139K(4912K)->4139K(4912K)
[190.122s][info][gc             ] GC(64) Pause Young (Allocation Failure) 469M->65M(1998M) 11.553ms
[190.122s][info][gc,cpu         ] GC(64) User=0.06s Sys=0.00s Real=0.02s
[190.742s][info][gc,start       ] GC(65) Pause Young (Allocation Failure)
[190.742s][info][gc,task        ] GC(65) Using 6 workers of 6 for evacuation
[190.748s][info][gc,heap        ] GC(65) ParNew: 440207K->11283K(460096K)
[190.748s][info][gc,heap        ] GC(65) CMS: 36378K->36378K(1585984K)
[190.748s][info][gc,metaspace   ] GC(65) Metaspace: 52321K(54388K)->52321K(54388K) NonClass: 48182K(49476K)->48182K(49476K) Class: 4139K(4912K)->4139K(4912K)
[190.748s][info][gc             ] GC(65) Pause Young (Allocation Failure) 465M->46M(1998M) 5.942ms
[190.748s][info][gc,cpu         ] GC(65) User=0.00s Sys=0.00s Real=0.01s
[191.329s][info][gc,start       ] GC(66) Pause Young (Allocation Failure)
[191.329s][info][gc,task        ] GC(66) Using 6 workers of 6 for evacuation
[191.337s][info][gc,heap        ] GC(66) ParNew: 420307K->18953K(460096K)
[191.337s][info][gc,heap        ] GC(66) CMS: 36378K->36378K(1585984K)
[191.337s][info][gc,metaspace   ] GC(66) Metaspace: 52341K(54388K)->52341K(54388K) NonClass: 48200K(49476K)->48200K(49476K) Class: 4140K(4912K)->4140K(4912K)
[191.337s][info][gc             ] GC(66) Pause Young (Allocation Failure) 445M->54M(1998M) 8.611ms
[191.337s][info][gc,cpu         ] GC(66) User=0.06s Sys=0.00s Real=0.01s
[191.954s][info][gc,start       ] GC(67) Pause Young (Allocation Failure)
[191.954s][info][gc,task        ] GC(67) Using 6 workers of 6 for evacuation
[191.964s][info][gc,heap        ] GC(67) ParNew: 427977K->21794K(460096K)
[191.964s][info][gc,heap        ] GC(67) CMS: 36378K->36807K(1585984K)
[191.964s][info][gc,metaspace   ] GC(67) Metaspace: 52582K(54644K)->52582K(54644K) NonClass: 48442K(49732K)->48442K(49732K) Class: 4140K(4912K)->4140K(4912K)
[191.964s][info][gc             ] GC(67) Pause Young (Allocation Failure) 453M->57M(1998M) 10.018ms
[191.964s][info][gc,cpu         ] GC(67) User=0.05s Sys=0.00s Real=0.01s
[193.558s][info][gc,start       ] GC(68) Pause Young (Allocation Failure)
[193.558s][info][gc,task        ] GC(68) Using 6 workers of 6 for evacuation
[193.564s][info][gc,heap        ] GC(68) ParNew: 430818K->12122K(460096K)
[193.564s][info][gc,heap        ] GC(68) CMS: 36807K->37045K(1585984K)
[193.564s][info][gc,metaspace   ] GC(68) Metaspace: 52665K(54644K)->52665K(54644K) NonClass: 48524K(49732K)->48524K(49732K) Class: 4140K(4912K)->4140K(4912K)
[193.564s][info][gc             ] GC(68) Pause Young (Allocation Failure) 456M->48M(1998M) 6.161ms
[193.564s][info][gc,cpu         ] GC(68) User=0.00s Sys=0.00s Real=0.00s
[194.335s][info][gc,start       ] GC(69) Pause Young (Allocation Failure)
[194.335s][info][gc,task        ] GC(69) Using 6 workers of 6 for evacuation
[194.362s][info][gc,heap        ] GC(69) ParNew: 421146K->51072K(460096K)
[194.362s][info][gc,heap        ] GC(69) CMS: 37045K->39410K(1585984K)
[194.362s][info][gc,metaspace   ] GC(69) Metaspace: 52674K(54644K)->52674K(54644K) NonClass: 48534K(49732K)->48534K(49732K) Class: 4140K(4912K)->4140K(4912K)
[194.362s][info][gc             ] GC(69) Pause Young (Allocation Failure) 447M->88M(1998M) 26.578ms
[194.362s][info][gc,cpu         ] GC(69) User=0.09s Sys=0.00s Real=0.04s
[195.228s][info][gc,start       ] GC(70) Pause Young (Allocation Failure)
[195.228s][info][gc,task        ] GC(70) Using 6 workers of 6 for evacuation
[195.295s][info][gc,heap        ] GC(70) ParNew: 460096K->51072K(460096K)
[195.295s][info][gc,heap        ] GC(70) CMS: 39410K->92040K(1585984K)
[195.295s][info][gc,metaspace   ] GC(70) Metaspace: 52674K(54644K)->52674K(54644K) NonClass: 48534K(49732K)->48534K(49732K) Class: 4140K(4912K)->4140K(4912K)
[195.295s][info][gc             ] GC(70) Pause Young (Allocation Failure) 487M->139M(1998M) 67.664ms
[195.295s][info][gc,cpu         ] GC(70) User=0.30s Sys=0.00s Real=0.06s
[196.191s][info][gc,start       ] GC(71) Pause Full (System.gc())
[196.191s][info][gc,phases,start] GC(71) Phase 1: Mark live objects
[196.215s][info][gc,phases      ] GC(71) Phase 1: Mark live objects 23.913ms
[196.215s][info][gc,phases,start] GC(71) Phase 2: Compute new object addresses
[196.241s][info][gc,phases      ] GC(71) Phase 2: Compute new object addresses 26.115ms
[196.241s][info][gc,phases,start] GC(71) Phase 3: Adjust pointers
[196.264s][info][gc,phases      ] GC(71) Phase 3: Adjust pointers 22.451ms
[196.264s][info][gc,phases,start] GC(71) Phase 4: Move objects
[196.266s][info][gc,phases      ] GC(71) Phase 4: Move objects 2.280ms
[196.268s][info][gc,heap        ] GC(71) ParNew: 108231K->0K(460096K)
[196.268s][info][gc,heap        ] GC(71) CMS: 92040K->16882K(1585984K)
[196.268s][info][gc,metaspace   ] GC(71) Metaspace: 52675K(54644K)->52675K(54644K) NonClass: 48535K(49732K)->48535K(49732K) Class: 4140K(4912K)->4140K(4912K)
[196.268s][info][gc             ] GC(71) Pause Full (System.gc()) 195M->16M(1998M) 77.068ms
[196.268s][info][gc,cpu         ] GC(71) User=0.08s Sys=0.00s Real=0.09s
[209.447s][info][gc,start       ] GC(72) Pause Young (Allocation Failure)
[209.447s][info][gc,task        ] GC(72) Using 6 workers of 6 for evacuation
[209.452s][info][gc,heap        ] GC(72) ParNew: 409024K->43282K(460096K)
[209.452s][info][gc,heap        ] GC(72) CMS: 16882K->16882K(1585984K)
[209.452s][info][gc,metaspace   ] GC(72) Metaspace: 52734K(54644K)->52734K(54644K) NonClass: 48594K(49732K)->48594K(49732K) Class: 4140K(4912K)->4140K(4912K)
[209.452s][info][gc             ] GC(72) Pause Young (Allocation Failure) 415M->58M(1998M) 5.232ms
[209.452s][info][gc,cpu         ] GC(72) User=0.00s Sys=0.00s Real=0.00s
[217.989s][info][gc,start       ] GC(73) Pause Young (Allocation Failure)
[217.990s][info][gc,task        ] GC(73) Using 6 workers of 6 for evacuation
[217.994s][info][gc,heap        ] GC(73) ParNew: 452306K->12074K(460096K)
[217.994s][info][gc,heap        ] GC(73) CMS: 16882K->16882K(1585984K)
[217.994s][info][gc,metaspace   ] GC(73) Metaspace: 52734K(54644K)->52734K(54644K) NonClass: 48594K(49732K)->48594K(49732K) Class: 4140K(4912K)->4140K(4912K)
[217.994s][info][gc             ] GC(73) Pause Young (Allocation Failure) 458M->28M(1998M) 4.449ms
[217.994s][info][gc,cpu         ] GC(73) User=0.09s Sys=0.00s Real=0.01s
[220.933s][info][gc,start       ] GC(74) Pause Young (Allocation Failure)
[220.933s][info][gc,task        ] GC(74) Using 6 workers of 6 for evacuation
[220.941s][info][gc,heap        ] GC(74) ParNew: 421098K->22359K(460096K)
[220.941s][info][gc,heap        ] GC(74) CMS: 16882K->16882K(1585984K)
[220.941s][info][gc,metaspace   ] GC(74) Metaspace: 52756K(54644K)->52756K(54644K) NonClass: 48616K(49732K)->48616K(49732K) Class: 4140K(4912K)->4140K(4912K)
[220.941s][info][gc             ] GC(74) Pause Young (Allocation Failure) 427M->38M(1998M) 8.300ms
[220.941s][info][gc,cpu         ] GC(74) User=0.00s Sys=0.00s Real=0.01s
[223.231s][info][gc,start       ] GC(75) Pause Young (Allocation Failure)
[223.231s][info][gc,task        ] GC(75) Using 6 workers of 6 for evacuation
[223.246s][info][gc,heap        ] GC(75) ParNew: 431383K->49678K(460096K)
[223.246s][info][gc,heap        ] GC(75) CMS: 16882K->16882K(1585984K)
[223.246s][info][gc,metaspace   ] GC(75) Metaspace: 52759K(54644K)->52759K(54644K) NonClass: 48618K(49732K)->48618K(49732K) Class: 4140K(4912K)->4140K(4912K)
[223.246s][info][gc             ] GC(75) Pause Young (Allocation Failure) 437M->65M(1998M) 15.350ms
[223.246s][info][gc,cpu         ] GC(75) User=0.09s Sys=0.00s Real=0.02s
[224.982s][info][gc,start       ] GC(76) Pause Young (Allocation Failure)
[224.982s][info][gc,task        ] GC(76) Using 6 workers of 6 for evacuation
[224.992s][info][gc,heap        ] GC(76) ParNew: 458702K->34538K(460096K)
[224.992s][info][gc,heap        ] GC(76) CMS: 16882K->26946K(1585984K)
[224.992s][info][gc,metaspace   ] GC(76) Metaspace: 52777K(54644K)->52777K(54644K) NonClass: 48637K(49732K)->48637K(49732K) Class: 4140K(4912K)->4140K(4912K)
[224.992s][info][gc             ] GC(76) Pause Young (Allocation Failure) 464M->60M(1998M) 9.785ms
[224.992s][info][gc,cpu         ] GC(76) User=0.02s Sys=0.00s Real=0.02s
[226.810s][info][gc,start       ] GC(77) Pause Young (Allocation Failure)
[226.810s][info][gc,task        ] GC(77) Using 6 workers of 6 for evacuation
[226.817s][info][gc,heap        ] GC(77) ParNew: 443562K->20544K(460096K)
[226.817s][info][gc,heap        ] GC(77) CMS: 26946K->26946K(1585984K)
[226.817s][info][gc,metaspace   ] GC(77) Metaspace: 52787K(54644K)->52787K(54644K) NonClass: 48646K(49732K)->48646K(49732K) Class: 4140K(4912K)->4140K(4912K)
[226.817s][info][gc             ] GC(77) Pause Young (Allocation Failure) 459M->46M(1998M) 7.285ms
[226.817s][info][gc,cpu         ] GC(77) User=0.00s Sys=0.00s Real=0.01s
[227.326s][info][gc,start       ] GC(78) Pause Young (Allocation Failure)
[227.326s][info][gc,task        ] GC(78) Using 6 workers of 6 for evacuation
[227.333s][info][gc,heap        ] GC(78) ParNew: 428645K->22016K(460096K)
[227.333s][info][gc,heap        ] GC(78) CMS: 26946K->26946K(1585984K)
[227.333s][info][gc,metaspace   ] GC(78) Metaspace: 52787K(54644K)->52787K(54644K) NonClass: 48646K(49732K)->48646K(49732K) Class: 4140K(4912K)->4140K(4912K)
[227.333s][info][gc             ] GC(78) Pause Young (Allocation Failure) 444M->47M(1998M) 6.394ms
[227.333s][info][gc,cpu         ] GC(78) User=0.00s Sys=0.00s Real=0.01s
[227.849s][info][gc,start       ] GC(79) Pause Young (Allocation Failure)
[227.849s][info][gc,task        ] GC(79) Using 6 workers of 6 for evacuation
[227.857s][info][gc,heap        ] GC(79) ParNew: 430415K->29541K(460096K)
[227.857s][info][gc,heap        ] GC(79) CMS: 26946K->26946K(1585984K)
[227.857s][info][gc,metaspace   ] GC(79) Metaspace: 52787K(54644K)->52787K(54644K) NonClass: 48647K(49732K)->48647K(49732K) Class: 4140K(4912K)->4140K(4912K)
[227.857s][info][gc             ] GC(79) Pause Young (Allocation Failure) 446M->55M(1998M) 7.907ms
[227.857s][info][gc,cpu         ] GC(79) User=0.09s Sys=0.00s Real=0.01s
[228.425s][info][gc,start       ] GC(80) Pause Young (Allocation Failure)
[228.425s][info][gc,task        ] GC(80) Using 6 workers of 6 for evacuation
[228.438s][info][gc,heap        ] GC(80) ParNew: 438565K->46419K(460096K)
[228.438s][info][gc,heap        ] GC(80) CMS: 26946K->26946K(1585984K)
[228.438s][info][gc,metaspace   ] GC(80) Metaspace: 52787K(54644K)->52787K(54644K) NonClass: 48647K(49732K)->48647K(49732K) Class: 4140K(4912K)->4140K(4912K)
[228.438s][info][gc             ] GC(80) Pause Young (Allocation Failure) 454M->71M(1998M) 12.362ms
[228.438s][info][gc,cpu         ] GC(80) User=0.09s Sys=0.00s Real=0.01s
[229.141s][info][gc,start       ] GC(81) Pause Young (Allocation Failure)
[229.141s][info][gc,task        ] GC(81) Using 6 workers of 6 for evacuation
[229.151s][info][gc,heap        ] GC(81) ParNew: 455443K->31288K(460096K)
[229.151s][info][gc,heap        ] GC(81) CMS: 26946K->36435K(1585984K)
[229.151s][info][gc,metaspace   ] GC(81) Metaspace: 52789K(54644K)->52789K(54644K) NonClass: 48648K(49732K)->48648K(49732K) Class: 4140K(4912K)->4140K(4912K)
[229.151s][info][gc             ] GC(81) Pause Young (Allocation Failure) 471M->66M(1998M) 10.100ms
[229.151s][info][gc,cpu         ] GC(81) User=0.09s Sys=0.00s Real=0.02s
[229.748s][info][gc,start       ] GC(82) Pause Young (Allocation Failure)
[229.748s][info][gc,task        ] GC(82) Using 6 workers of 6 for evacuation
[229.754s][info][gc,heap        ] GC(82) ParNew: 440312K->14585K(460096K)
[229.754s][info][gc,heap        ] GC(82) CMS: 36435K->36435K(1585984K)
[229.754s][info][gc,metaspace   ] GC(82) Metaspace: 52879K(54900K)->52879K(54900K) NonClass: 48739K(49988K)->48739K(49988K) Class: 4140K(4912K)->4140K(4912K)
[229.754s][info][gc             ] GC(82) Pause Young (Allocation Failure) 465M->49M(1998M) 5.877ms
[229.754s][info][gc,cpu         ] GC(82) User=0.00s Sys=0.00s Real=0.02s
[230.314s][info][gc,start       ] GC(83) Pause Young (Allocation Failure)
[230.314s][info][gc,task        ] GC(83) Using 6 workers of 6 for evacuation
[230.320s][info][gc,heap        ] GC(83) ParNew: 423609K->15719K(460096K)
[230.320s][info][gc,heap        ] GC(83) CMS: 36435K->36435K(1585984K)
[230.320s][info][gc,metaspace   ] GC(83) Metaspace: 52884K(54900K)->52884K(54900K) NonClass: 48743K(49988K)->48743K(49988K) Class: 4140K(4912K)->4140K(4912K)
[230.320s][info][gc             ] GC(83) Pause Young (Allocation Failure) 449M->50M(1998M) 5.730ms
[230.320s][info][gc,cpu         ] GC(83) User=0.02s Sys=0.00s Real=0.01s
[230.898s][info][gc,start       ] GC(84) Pause Young (Allocation Failure)
[230.898s][info][gc,task        ] GC(84) Using 6 workers of 6 for evacuation
[230.907s][info][gc,heap        ] GC(84) ParNew: 424743K->20769K(460096K)
[230.907s][info][gc,heap        ] GC(84) CMS: 36435K->36884K(1585984K)
[230.907s][info][gc,metaspace   ] GC(84) Metaspace: 52975K(54900K)->52975K(54900K) NonClass: 48835K(49988K)->48835K(49988K) Class: 4140K(4912K)->4140K(4912K)
[230.907s][info][gc             ] GC(84) Pause Young (Allocation Failure) 450M->56M(1998M) 8.388ms
[230.907s][info][gc,cpu         ] GC(84) User=0.02s Sys=0.00s Real=0.02s
[231.917s][info][gc,start       ] GC(85) Pause Young (Allocation Failure)
[231.917s][info][gc,task        ] GC(85) Using 6 workers of 6 for evacuation
[231.921s][info][gc,heap        ] GC(85) ParNew: 429793K->13329K(460096K)
[231.921s][info][gc,heap        ] GC(85) CMS: 36884K->37113K(1585984K)
[231.921s][info][gc,metaspace   ] GC(85) Metaspace: 53036K(54900K)->53036K(54900K) NonClass: 48895K(49988K)->48895K(49988K) Class: 4140K(4912K)->4140K(4912K)
[231.921s][info][gc             ] GC(85) Pause Young (Allocation Failure) 455M->49M(1998M) 4.098ms
[231.921s][info][gc,cpu         ] GC(85) User=0.00s Sys=0.00s Real=0.02s
[232.958s][info][gc,start       ] GC(86) Pause Young (Allocation Failure)
[232.958s][info][gc,task        ] GC(86) Using 6 workers of 6 for evacuation
[232.981s][info][gc,heap        ] GC(86) ParNew: 422353K->49291K(460096K)
[232.981s][info][gc,heap        ] GC(86) CMS: 37113K->37336K(1585984K)
[232.981s][info][gc,metaspace   ] GC(86) Metaspace: 53055K(54900K)->53055K(54900K) NonClass: 48915K(49988K)->48915K(49988K) Class: 4140K(4912K)->4140K(4912K)
[232.981s][info][gc             ] GC(86) Pause Young (Allocation Failure) 448M->84M(1998M) 22.757ms
[232.981s][info][gc,cpu         ] GC(86) User=0.17s Sys=0.00s Real=0.03s
[233.725s][info][gc,start       ] GC(87) Pause Young (Allocation Failure)
[233.725s][info][gc,task        ] GC(87) Using 6 workers of 6 for evacuation
[233.778s][info][gc,heap        ] GC(87) ParNew: 458315K->51072K(460096K)
[233.778s][info][gc,heap        ] GC(87) CMS: 37336K->86646K(1585984K)
[233.778s][info][gc,metaspace   ] GC(87) Metaspace: 53055K(54900K)->53055K(54900K) NonClass: 48915K(49988K)->48915K(49988K) Class: 4140K(4912K)->4140K(4912K)
[233.778s][info][gc             ] GC(87) Pause Young (Allocation Failure) 484M->134M(1998M) 52.362ms
[233.778s][info][gc,cpu         ] GC(87) User=0.38s Sys=0.00s Real=0.06s
[234.811s][info][gc,start       ] GC(88) Pause Full (System.gc())
[234.811s][info][gc,phases,start] GC(88) Phase 1: Mark live objects
[234.838s][info][gc,phases      ] GC(88) Phase 1: Mark live objects 26.823ms
[234.838s][info][gc,phases,start] GC(88) Phase 2: Compute new object addresses
[234.868s][info][gc,phases      ] GC(88) Phase 2: Compute new object addresses 30.125ms
[234.869s][info][gc,phases,start] GC(88) Phase 3: Adjust pointers
[234.891s][info][gc,phases      ] GC(88) Phase 3: Adjust pointers 22.555ms
[234.891s][info][gc,phases,start] GC(88) Phase 4: Move objects
[234.894s][info][gc,phases      ] GC(88) Phase 4: Move objects 2.623ms
[234.895s][info][gc,heap        ] GC(88) ParNew: 161111K->0K(460096K)
[234.895s][info][gc,heap        ] GC(88) CMS: 86646K->16890K(1585984K)
[234.895s][info][gc,metaspace   ] GC(88) Metaspace: 53073K(55156K)->53073K(55156K) NonClass: 48931K(50244K)->48931K(50244K) Class: 4141K(4912K)->4141K(4912K)
[234.896s][info][gc             ] GC(88) Pause Full (System.gc()) 241M->16M(1998M) 84.464ms
[234.896s][info][gc,cpu         ] GC(88) User=0.08s Sys=0.00s Real=0.08s
[248.409s][info][gc,start       ] GC(89) Pause Young (Allocation Failure)
[248.409s][info][gc,task        ] GC(89) Using 6 workers of 6 for evacuation
[248.415s][info][gc,heap        ] GC(89) ParNew: 409024K->39631K(460096K)
[248.415s][info][gc,heap        ] GC(89) CMS: 16890K->16890K(1585984K)
[248.415s][info][gc,metaspace   ] GC(89) Metaspace: 53098K(55156K)->53098K(55156K) NonClass: 48956K(50244K)->48956K(50244K) Class: 4142K(4912K)->4142K(4912K)
[248.415s][info][gc             ] GC(89) Pause Young (Allocation Failure) 415M->55M(1998M) 5.708ms
[248.415s][info][gc,cpu         ] GC(89) User=0.09s Sys=0.00s Real=0.01s
[256.373s][info][gc,start       ] GC(90) Pause Young (Allocation Failure)
[256.373s][info][gc,task        ] GC(90) Using 6 workers of 6 for evacuation
[256.378s][info][gc,heap        ] GC(90) ParNew: 448655K->11269K(460096K)
[256.378s][info][gc,heap        ] GC(90) CMS: 16890K->16890K(1585984K)
[256.378s][info][gc,metaspace   ] GC(90) Metaspace: 53099K(55156K)->53099K(55156K) NonClass: 48956K(50244K)->48956K(50244K) Class: 4142K(4912K)->4142K(4912K)
[256.378s][info][gc             ] GC(90) Pause Young (Allocation Failure) 454M->27M(1998M) 4.468ms
[256.378s][info][gc,cpu         ] GC(90) User=0.00s Sys=0.00s Real=0.01s
[259.296s][info][gc,start       ] GC(91) Pause Young (Allocation Failure)
[259.296s][info][gc,task        ] GC(91) Using 6 workers of 6 for evacuation
[259.305s][info][gc,heap        ] GC(91) ParNew: 420293K->24146K(460096K)
[259.305s][info][gc,heap        ] GC(91) CMS: 16890K->16890K(1585984K)
[259.305s][info][gc,metaspace   ] GC(91) Metaspace: 53112K(55156K)->53112K(55156K) NonClass: 48969K(50244K)->48969K(50244K) Class: 4142K(4912K)->4142K(4912K)
[259.305s][info][gc             ] GC(91) Pause Young (Allocation Failure) 426M->40M(1998M) 9.462ms
[259.305s][info][gc,cpu         ] GC(91) User=0.08s Sys=0.00s Real=0.01s
[261.576s][info][gc,start       ] GC(92) Pause Young (Allocation Failure)
[261.576s][info][gc,task        ] GC(92) Using 6 workers of 6 for evacuation
[261.592s][info][gc,heap        ] GC(92) ParNew: 433170K->49281K(460096K)
[261.592s][info][gc,heap        ] GC(92) CMS: 16890K->16890K(1585984K)
[261.592s][info][gc,metaspace   ] GC(92) Metaspace: 53113K(55156K)->53113K(55156K) NonClass: 48971K(50244K)->48971K(50244K) Class: 4142K(4912K)->4142K(4912K)
[261.592s][info][gc             ] GC(92) Pause Young (Allocation Failure) 439M->64M(1998M) 15.174ms
[261.592s][info][gc,cpu         ] GC(92) User=0.09s Sys=0.00s Real=0.02s
[263.258s][info][gc,start       ] GC(93) Pause Young (Allocation Failure)
[263.258s][info][gc,task        ] GC(93) Using 6 workers of 6 for evacuation
[263.269s][info][gc,heap        ] GC(93) ParNew: 458305K->39037K(460096K)
[263.269s][info][gc,heap        ] GC(93) CMS: 16890K->26993K(1585984K)
[263.269s][info][gc,metaspace   ] GC(93) Metaspace: 53118K(55156K)->53118K(55156K) NonClass: 48975K(50244K)->48975K(50244K) Class: 4142K(4912K)->4142K(4912K)
[263.269s][info][gc             ] GC(93) Pause Young (Allocation Failure) 464M->64M(1998M) 11.534ms
[263.269s][info][gc,cpu         ] GC(93) User=0.00s Sys=0.00s Real=0.02s
[265.047s][info][gc,start       ] GC(94) Pause Young (Allocation Failure)
[265.047s][info][gc,task        ] GC(94) Using 6 workers of 6 for evacuation
[265.055s][info][gc,heap        ] GC(94) ParNew: 447305K->22633K(460096K)
[265.055s][info][gc,heap        ] GC(94) CMS: 26993K->26993K(1585984K)
[265.055s][info][gc,metaspace   ] GC(94) Metaspace: 53121K(55156K)->53121K(55156K) NonClass: 48979K(50244K)->48979K(50244K) Class: 4142K(4912K)->4142K(4912K)
[265.055s][info][gc             ] GC(94) Pause Young (Allocation Failure) 463M->48M(1998M) 8.003ms
[265.055s][info][gc,cpu         ] GC(94) User=0.02s Sys=0.00s Real=0.01s
[265.553s][info][gc,start       ] GC(95) Pause Young (Allocation Failure)
[265.554s][info][gc,task        ] GC(95) Using 6 workers of 6 for evacuation
[265.560s][info][gc,heap        ] GC(95) ParNew: 431121K->24614K(460096K)
[265.560s][info][gc,heap        ] GC(95) CMS: 26993K->26993K(1585984K)
[265.560s][info][gc,metaspace   ] GC(95) Metaspace: 53121K(55156K)->53121K(55156K) NonClass: 48979K(50244K)->48979K(50244K) Class: 4142K(4912K)->4142K(4912K)
[265.560s][info][gc             ] GC(95) Pause Young (Allocation Failure) 447M->50M(1998M) 6.633ms
[265.560s][info][gc,cpu         ] GC(95) User=0.09s Sys=0.00s Real=0.01s
[266.075s][info][gc,start       ] GC(96) Pause Young (Allocation Failure)
[266.075s][info][gc,task        ] GC(96) Using 6 workers of 6 for evacuation
[266.084s][info][gc,heap        ] GC(96) ParNew: 433638K->36864K(460096K)
[266.084s][info][gc,heap        ] GC(96) CMS: 26993K->26993K(1585984K)
[266.084s][info][gc,metaspace   ] GC(96) Metaspace: 53121K(55156K)->53121K(55156K) NonClass: 48979K(50244K)->48979K(50244K) Class: 4142K(4912K)->4142K(4912K)
[266.084s][info][gc             ] GC(96) Pause Young (Allocation Failure) 449M->62M(1998M) 8.705ms
[266.084s][info][gc,cpu         ] GC(96) User=0.00s Sys=0.00s Real=0.02s
[266.645s][info][gc,start       ] GC(97) Pause Young (Allocation Failure)
[266.645s][info][gc,task        ] GC(97) Using 6 workers of 6 for evacuation
[266.658s][info][gc,heap        ] GC(97) ParNew: 445396K->48775K(460096K)
[266.658s][info][gc,heap        ] GC(97) CMS: 26993K->26993K(1585984K)
[266.658s][info][gc,metaspace   ] GC(97) Metaspace: 53121K(55156K)->53121K(55156K) NonClass: 48979K(50244K)->48979K(50244K) Class: 4142K(4912K)->4142K(4912K)
[266.658s][info][gc             ] GC(97) Pause Young (Allocation Failure) 461M->73M(1998M) 12.598ms
[266.658s][info][gc,cpu         ] GC(97) User=0.09s Sys=0.00s Real=0.02s
[267.366s][info][gc,start       ] GC(98) Pause Young (Allocation Failure)
[267.366s][info][gc,task        ] GC(98) Using 6 workers of 6 for evacuation
[267.375s][info][gc,heap        ] GC(98) ParNew: 457799K->32057K(460096K)
[267.375s][info][gc,heap        ] GC(98) CMS: 26993K->36531K(1585984K)
[267.375s][info][gc,metaspace   ] GC(98) Metaspace: 53121K(55156K)->53121K(55156K) NonClass: 48979K(50244K)->48979K(50244K) Class: 4142K(4912K)->4142K(4912K)
[267.375s][info][gc             ] GC(98) Pause Young (Allocation Failure) 473M->66M(1998M) 8.728ms
[267.375s][info][gc,cpu         ] GC(98) User=0.09s Sys=0.00s Real=0.01s
[267.971s][info][gc,start       ] GC(99) Pause Young (Allocation Failure)
[267.971s][info][gc,task        ] GC(99) Using 6 workers of 6 for evacuation
[267.975s][info][gc,heap        ] GC(99) ParNew: 441081K->14428K(460096K)
[267.975s][info][gc,heap        ] GC(99) CMS: 36531K->36531K(1585984K)
[267.975s][info][gc,metaspace   ] GC(99) Metaspace: 53156K(55156K)->53156K(55156K) NonClass: 49013K(50244K)->49013K(50244K) Class: 4142K(4912K)->4142K(4912K)
[267.975s][info][gc             ] GC(99) Pause Young (Allocation Failure) 466M->49M(1998M) 4.425ms
[267.975s][info][gc,cpu         ] GC(99) User=0.00s Sys=0.00s Real=0.00s
[268.527s][info][gc,start       ] GC(100) Pause Young (Allocation Failure)
[268.527s][info][gc,task        ] GC(100) Using 6 workers of 6 for evacuation
[268.531s][info][gc,heap        ] GC(100) ParNew: 423452K->10325K(460096K)
[268.531s][info][gc,heap        ] GC(100) CMS: 36531K->36531K(1585984K)
[268.531s][info][gc,metaspace   ] GC(100) Metaspace: 53172K(55156K)->53172K(55156K) NonClass: 49029K(50244K)->49029K(50244K) Class: 4142K(4912K)->4142K(4912K)
[268.531s][info][gc             ] GC(100) Pause Young (Allocation Failure) 449M->45M(1998M) 4.399ms
[268.531s][info][gc,cpu         ] GC(100) User=0.00s Sys=0.00s Real=0.00s
[269.112s][info][gc,start       ] GC(101) Pause Young (Allocation Failure)
[269.112s][info][gc,task        ] GC(101) Using 6 workers of 6 for evacuation
[269.118s][info][gc,heap        ] GC(101) ParNew: 419349K->18112K(460096K)
[269.118s][info][gc,heap        ] GC(101) CMS: 36531K->36940K(1585984K)
[269.118s][info][gc,metaspace   ] GC(101) Metaspace: 53179K(55156K)->53179K(55156K) NonClass: 49036K(50244K)->49036K(50244K) Class: 4142K(4912K)->4142K(4912K)
[269.118s][info][gc             ] GC(101) Pause Young (Allocation Failure) 445M->53M(1998M) 6.378ms
[269.119s][info][gc,cpu         ] GC(101) User=0.09s Sys=0.00s Real=0.02s
[270.484s][info][gc,start       ] GC(102) Pause Young (Allocation Failure)
[270.484s][info][gc,task        ] GC(102) Using 6 workers of 6 for evacuation
[270.488s][info][gc,heap        ] GC(102) ParNew: 427136K->12394K(460096K)
[270.488s][info][gc,heap        ] GC(102) CMS: 36940K->37185K(1585984K)
[270.488s][info][gc,metaspace   ] GC(102) Metaspace: 53223K(55156K)->53223K(55156K) NonClass: 49081K(50244K)->49081K(50244K) Class: 4142K(4912K)->4142K(4912K)
[270.488s][info][gc             ] GC(102) Pause Young (Allocation Failure) 453M->48M(1998M) 4.377ms
[270.488s][info][gc,cpu         ] GC(102) User=0.00s Sys=0.00s Real=0.00s
[271.195s][info][gc,start       ] GC(103) Pause Young (Allocation Failure)
[271.195s][info][gc,task        ] GC(103) Using 6 workers of 6 for evacuation
[271.220s][info][gc,heap        ] GC(103) ParNew: 421418K->51072K(460096K)
[271.220s][info][gc,heap        ] GC(103) CMS: 37185K->38795K(1585984K)
[271.220s][info][gc,metaspace   ] GC(103) Metaspace: 53223K(55156K)->53223K(55156K) NonClass: 49081K(50244K)->49081K(50244K) Class: 4142K(4912K)->4142K(4912K)
[271.221s][info][gc             ] GC(103) Pause Young (Allocation Failure) 447M->87M(1998M) 25.323ms
[271.221s][info][gc,cpu         ] GC(103) User=0.09s Sys=0.00s Real=0.02s
[272.022s][info][gc,start       ] GC(104) Pause Young (Allocation Failure)
[272.022s][info][gc,task        ] GC(104) Using 6 workers of 6 for evacuation
[272.079s][info][gc,heap        ] GC(104) ParNew: 460096K->51072K(460096K)
[272.079s][info][gc,heap        ] GC(104) CMS: 38795K->91253K(1585984K)
[272.079s][info][gc,metaspace   ] GC(104) Metaspace: 53223K(55156K)->53223K(55156K) NonClass: 49081K(50244K)->49081K(50244K) Class: 4142K(4912K)->4142K(4912K)
[272.079s][info][gc             ] GC(104) Pause Young (Allocation Failure) 487M->138M(1998M) 56.766ms
[272.079s][info][gc,cpu         ] GC(104) User=0.34s Sys=0.03s Real=0.06s
[272.970s][info][gc,start       ] GC(105) Pause Full (System.gc())
[272.971s][info][gc,phases,start] GC(105) Phase 1: Mark live objects
[272.998s][info][gc,phases      ] GC(105) Phase 1: Mark live objects 27.208ms
[272.998s][info][gc,phases,start] GC(105) Phase 2: Compute new object addresses
[273.024s][info][gc,phases      ] GC(105) Phase 2: Compute new object addresses 26.584ms
[273.024s][info][gc,phases,start] GC(105) Phase 3: Adjust pointers
[273.048s][info][gc,phases      ] GC(105) Phase 3: Adjust pointers 23.304ms
[273.048s][info][gc,phases,start] GC(105) Phase 4: Move objects
[273.050s][info][gc,phases      ] GC(105) Phase 4: Move objects 2.162ms
[273.051s][info][gc,heap        ] GC(105) ParNew: 110139K->0K(460096K)
[273.052s][info][gc,heap        ] GC(105) CMS: 91253K->16909K(1585984K)
[273.052s][info][gc,metaspace   ] GC(105) Metaspace: 53226K(55156K)->53226K(55156K) NonClass: 49083K(50244K)->49083K(50244K) Class: 4142K(4912K)->4142K(4912K)
[273.052s][info][gc             ] GC(105) Pause Full (System.gc()) 196M->16M(1998M) 81.683ms
[273.052s][info][gc,cpu         ] GC(105) User=0.08s Sys=0.00s Real=0.08s
[285.808s][info][gc,start       ] GC(106) Pause Young (Allocation Failure)
[285.809s][info][gc,task        ] GC(106) Using 6 workers of 6 for evacuation
[285.814s][info][gc,heap        ] GC(106) ParNew: 409024K->44494K(460096K)
[285.814s][info][gc,heap        ] GC(106) CMS: 16909K->16909K(1585984K)
[285.814s][info][gc,metaspace   ] GC(106) Metaspace: 53253K(55156K)->53253K(55156K) NonClass: 49110K(50244K)->49110K(50244K) Class: 4142K(4912K)->4142K(4912K)
[285.814s][info][gc             ] GC(106) Pause Young (Allocation Failure) 415M->59M(1998M) 5.703ms
[285.814s][info][gc,cpu         ] GC(106) User=0.00s Sys=0.00s Real=0.00s
[294.216s][info][gc,start       ] GC(107) Pause Young (Allocation Failure)
[294.216s][info][gc,task        ] GC(107) Using 6 workers of 6 for evacuation
[294.220s][info][gc,heap        ] GC(107) ParNew: 453518K->12479K(460096K)
[294.220s][info][gc,heap        ] GC(107) CMS: 16909K->16909K(1585984K)
[294.220s][info][gc,metaspace   ] GC(107) Metaspace: 53253K(55156K)->53253K(55156K) NonClass: 49110K(50244K)->49110K(50244K) Class: 4142K(4912K)->4142K(4912K)
[294.220s][info][gc             ] GC(107) Pause Young (Allocation Failure) 459M->28M(1998M) 4.265ms
[294.220s][info][gc,cpu         ] GC(107) User=0.00s Sys=0.00s Real=0.00s
[297.169s][info][gc,start       ] GC(108) Pause Young (Allocation Failure)
[297.169s][info][gc,task        ] GC(108) Using 6 workers of 6 for evacuation
[297.177s][info][gc,heap        ] GC(108) ParNew: 421503K->22220K(460096K)
[297.177s][info][gc,heap        ] GC(108) CMS: 16909K->16909K(1585984K)
[297.177s][info][gc,metaspace   ] GC(108) Metaspace: 53269K(55156K)->53269K(55156K) NonClass: 49126K(50244K)->49126K(50244K) Class: 4142K(4912K)->4142K(4912K)
[297.177s][info][gc             ] GC(108) Pause Young (Allocation Failure) 428M->38M(1998M) 8.286ms
[297.177s][info][gc,cpu         ] GC(108) User=0.00s Sys=0.00s Real=0.01s
[299.468s][info][gc,start       ] GC(109) Pause Young (Allocation Failure)
[299.468s][info][gc,task        ] GC(109) Using 6 workers of 6 for evacuation
[299.484s][info][gc,heap        ] GC(109) ParNew: 431244K->48254K(460096K)
[299.484s][info][gc,heap        ] GC(109) CMS: 16909K->16909K(1585984K)
[299.484s][info][gc,metaspace   ] GC(109) Metaspace: 53273K(55156K)->53273K(55156K) NonClass: 49130K(50244K)->49130K(50244K) Class: 4142K(4912K)->4142K(4912K)
[299.484s][info][gc             ] GC(109) Pause Young (Allocation Failure) 437M->63M(1998M) 15.882ms
[299.484s][info][gc,cpu         ] GC(109) User=0.08s Sys=0.00s Real=0.03s
[301.166s][info][gc,start       ] GC(110) Pause Young (Allocation Failure)
[301.166s][info][gc,task        ] GC(110) Using 6 workers of 6 for evacuation
[301.175s][info][gc,heap        ] GC(110) ParNew: 457278K->35215K(460096K)
[301.175s][info][gc,heap        ] GC(110) CMS: 16909K->26980K(1585984K)
[301.175s][info][gc,metaspace   ] GC(110) Metaspace: 53282K(55156K)->53282K(55156K) NonClass: 49139K(50244K)->49139K(50244K) Class: 4142K(4912K)->4142K(4912K)
[301.175s][info][gc             ] GC(110) Pause Young (Allocation Failure) 463M->60M(1998M) 9.490ms
[301.175s][info][gc,cpu         ] GC(110) User=0.00s Sys=0.00s Real=0.02s
[302.994s][info][gc,start       ] GC(111) Pause Young (Allocation Failure)
[302.994s][info][gc,task        ] GC(111) Using 6 workers of 6 for evacuation
[303.001s][info][gc,heap        ] GC(111) ParNew: 444239K->18686K(460096K)
[303.001s][info][gc,heap        ] GC(111) CMS: 26980K->26980K(1585984K)
[303.001s][info][gc,metaspace   ] GC(111) Metaspace: 53294K(55156K)->53294K(55156K) NonClass: 49150K(50244K)->49150K(50244K) Class: 4143K(4912K)->4143K(4912K)
[303.001s][info][gc             ] GC(111) Pause Young (Allocation Failure) 460M->44M(1998M) 6.929ms
[303.001s][info][gc,cpu         ] GC(111) User=0.00s Sys=0.00s Real=0.01s
[303.520s][info][gc,start       ] GC(112) Pause Young (Allocation Failure)
[303.520s][info][gc,task        ] GC(112) Using 6 workers of 6 for evacuation
[303.527s][info][gc,heap        ] GC(112) ParNew: 427710K->22119K(460096K)
[303.527s][info][gc,heap        ] GC(112) CMS: 26980K->26980K(1585984K)
[303.527s][info][gc,metaspace   ] GC(112) Metaspace: 53294K(55156K)->53294K(55156K) NonClass: 49150K(50244K)->49150K(50244K) Class: 4143K(4912K)->4143K(4912K)
[303.527s][info][gc             ] GC(112) Pause Young (Allocation Failure) 444M->47M(1998M) 6.600ms
[303.527s][info][gc,cpu         ] GC(112) User=0.09s Sys=0.00s Real=0.01s
[304.039s][info][gc,start       ] GC(113) Pause Young (Allocation Failure)
[304.039s][info][gc,task        ] GC(113) Using 6 workers of 6 for evacuation
[304.047s][info][gc,heap        ] GC(113) ParNew: 431143K->32280K(460096K)
[304.047s][info][gc,heap        ] GC(113) CMS: 26980K->26980K(1585984K)
[304.047s][info][gc,metaspace   ] GC(113) Metaspace: 53298K(55156K)->53298K(55156K) NonClass: 49154K(50244K)->49154K(50244K) Class: 4143K(4912K)->4143K(4912K)
[304.047s][info][gc             ] GC(113) Pause Young (Allocation Failure) 447M->57M(1998M) 7.896ms
[304.047s][info][gc,cpu         ] GC(113) User=0.00s Sys=0.00s Real=0.02s
[304.613s][info][gc,start       ] GC(114) Pause Young (Allocation Failure)
[304.613s][info][gc,task        ] GC(114) Using 6 workers of 6 for evacuation
[304.626s][info][gc,heap        ] GC(114) ParNew: 440460K->46416K(460096K)
[304.626s][info][gc,heap        ] GC(114) CMS: 26980K->26980K(1585984K)
[304.626s][info][gc,metaspace   ] GC(114) Metaspace: 53298K(55156K)->53298K(55156K) NonClass: 49154K(50244K)->49154K(50244K) Class: 4143K(4912K)->4143K(4912K)
[304.626s][info][gc             ] GC(114) Pause Young (Allocation Failure) 456M->71M(1998M) 12.698ms
[304.626s][info][gc,cpu         ] GC(114) User=0.09s Sys=0.00s Real=0.01s
[305.329s][info][gc,start       ] GC(115) Pause Young (Allocation Failure)
[305.329s][info][gc,task        ] GC(115) Using 6 workers of 6 for evacuation
[305.338s][info][gc,heap        ] GC(115) ParNew: 455440K->31280K(460096K)
[305.338s][info][gc,heap        ] GC(115) CMS: 26980K->36496K(1585984K)
[305.338s][info][gc,metaspace   ] GC(115) Metaspace: 53299K(55156K)->53299K(55156K) NonClass: 49155K(50244K)->49155K(50244K) Class: 4143K(4912K)->4143K(4912K)
[305.338s][info][gc             ] GC(115) Pause Young (Allocation Failure) 471M->66M(1998M) 9.096ms
[305.338s][info][gc,cpu         ] GC(115) User=0.06s Sys=0.00s Real=0.01s
[305.918s][info][gc,start       ] GC(116) Pause Young (Allocation Failure)
[305.918s][info][gc,task        ] GC(116) Using 6 workers of 6 for evacuation
[305.924s][info][gc,heap        ] GC(116) ParNew: 440304K->14318K(460096K)
[305.924s][info][gc,heap        ] GC(116) CMS: 36496K->36496K(1585984K)
[305.924s][info][gc,metaspace   ] GC(116) Metaspace: 53304K(55156K)->53304K(55156K) NonClass: 49160K(50244K)->49160K(50244K) Class: 4143K(4912K)->4143K(4912K)
[305.924s][info][gc             ] GC(116) Pause Young (Allocation Failure) 465M->49M(1998M) 5.954ms
[305.924s][info][gc,cpu         ] GC(116) User=0.00s Sys=0.00s Real=0.01s
[306.484s][info][gc,start       ] GC(117) Pause Young (Allocation Failure)
[306.484s][info][gc,task        ] GC(117) Using 6 workers of 6 for evacuation
[306.491s][info][gc,heap        ] GC(117) ParNew: 423342K->14378K(460096K)
[306.491s][info][gc,heap        ] GC(117) CMS: 36496K->36496K(1585984K)
[306.491s][info][gc,metaspace   ] GC(117) Metaspace: 53327K(55156K)->53327K(55156K) NonClass: 49183K(50244K)->49183K(50244K) Class: 4143K(4912K)->4143K(4912K)
[306.491s][info][gc             ] GC(117) Pause Young (Allocation Failure) 449M->49M(1998M) 6.494ms
[306.491s][info][gc,cpu         ] GC(117) User=0.00s Sys=0.00s Real=0.02s
[307.060s][info][gc,start       ] GC(118) Pause Young (Allocation Failure)
[307.060s][info][gc,task        ] GC(118) Using 6 workers of 6 for evacuation
[307.066s][info][gc,heap        ] GC(118) ParNew: 423402K->18547K(460096K)
[307.066s][info][gc,heap        ] GC(118) CMS: 36496K->36944K(1585984K)
[307.066s][info][gc,metaspace   ] GC(118) Metaspace: 53329K(55156K)->53329K(55156K) NonClass: 49185K(50244K)->49185K(50244K) Class: 4143K(4912K)->4143K(4912K)
[307.066s][info][gc             ] GC(118) Pause Young (Allocation Failure) 449M->54M(1998M) 6.278ms
[307.066s][info][gc,cpu         ] GC(118) User=0.00s Sys=0.00s Real=0.01s
[308.604s][info][gc,start       ] GC(119) Pause Young (Allocation Failure)
[308.604s][info][gc,task        ] GC(119) Using 6 workers of 6 for evacuation
[308.609s][info][gc,heap        ] GC(119) ParNew: 427571K->14848K(460096K)
[308.609s][info][gc,heap        ] GC(119) CMS: 36944K->37173K(1585984K)
[308.609s][info][gc,metaspace   ] GC(119) Metaspace: 53417K(55412K)->53417K(55412K) NonClass: 49273K(50500K)->49273K(50500K) Class: 4143K(4912K)->4143K(4912K)
[308.609s][info][gc             ] GC(119) Pause Young (Allocation Failure) 453M->50M(1998M) 5.080ms
[308.609s][info][gc,cpu         ] GC(119) User=0.00s Sys=0.00s Real=0.01s
[309.329s][info][gc,start       ] GC(120) Pause Young (Allocation Failure)
[309.329s][info][gc,task        ] GC(120) Using 6 workers of 6 for evacuation
[309.356s][info][gc,heap        ] GC(120) ParNew: 423872K->51072K(460096K)
[309.356s][info][gc,heap        ] GC(120) CMS: 37173K->40719K(1585984K)
[309.356s][info][gc,metaspace   ] GC(120) Metaspace: 53421K(55412K)->53421K(55412K) NonClass: 49277K(50500K)->49277K(50500K) Class: 4143K(4912K)->4143K(4912K)
[309.356s][info][gc             ] GC(120) Pause Young (Allocation Failure) 450M->89M(1998M) 26.980ms
[309.356s][info][gc,cpu         ] GC(120) User=0.17s Sys=0.00s Real=0.03s
[310.260s][info][gc,start       ] GC(121) Pause Young (Allocation Failure)
[310.260s][info][gc,task        ] GC(121) Using 6 workers of 6 for evacuation
[310.324s][info][gc,heap        ] GC(121) ParNew: 460096K->51072K(460096K)
[310.324s][info][gc,heap        ] GC(121) CMS: 40719K->99196K(1585984K)
[310.324s][info][gc,metaspace   ] GC(121) Metaspace: 53424K(55412K)->53424K(55412K) NonClass: 49280K(50500K)->49280K(50500K) Class: 4143K(4912K)->4143K(4912K)
[310.324s][info][gc             ] GC(121) Pause Young (Allocation Failure) 489M->146M(1998M) 64.851ms
[310.324s][info][gc,cpu         ] GC(121) User=0.36s Sys=0.00s Real=0.07s
[311.074s][info][gc,start       ] GC(122) Pause Full (System.gc())
[311.074s][info][gc,phases,start] GC(122) Phase 1: Mark live objects
[311.105s][info][gc,phases      ] GC(122) Phase 1: Mark live objects 30.471ms
[311.105s][info][gc,phases,start] GC(122) Phase 2: Compute new object addresses
[311.131s][info][gc,phases      ] GC(122) Phase 2: Compute new object addresses 25.569ms
[311.131s][info][gc,phases,start] GC(122) Phase 3: Adjust pointers
[311.154s][info][gc,phases      ] GC(122) Phase 3: Adjust pointers 22.985ms
[311.154s][info][gc,phases,start] GC(122) Phase 4: Move objects
[311.156s][info][gc,phases      ] GC(122) Phase 4: Move objects 2.457ms
[311.158s][info][gc,heap        ] GC(122) ParNew: 90398K->0K(460096K)
[311.158s][info][gc,heap        ] GC(122) CMS: 99196K->16764K(1585984K)
[311.158s][info][gc,metaspace   ] GC(122) Metaspace: 53426K(55412K)->53426K(55412K) NonClass: 49282K(50500K)->49282K(50500K) Class: 4143K(4912K)->4143K(4912K)
[311.158s][info][gc             ] GC(122) Pause Full (System.gc()) 185M->16M(1998M) 84.027ms
[311.158s][info][gc,cpu         ] GC(122) User=0.08s Sys=0.00s Real=0.08s
[325.644s][info][gc,start       ] GC(123) Pause Young (Allocation Failure)
[325.644s][info][gc,task        ] GC(123) Using 6 workers of 6 for evacuation
[325.649s][info][gc,heap        ] GC(123) ParNew: 409024K->45499K(460096K)
[325.649s][info][gc,heap        ] GC(123) CMS: 16764K->16764K(1585984K)
[325.649s][info][gc,metaspace   ] GC(123) Metaspace: 53434K(55412K)->53434K(55412K) NonClass: 49290K(50500K)->49290K(50500K) Class: 4143K(4912K)->4143K(4912K)
[325.649s][info][gc             ] GC(123) Pause Young (Allocation Failure) 415M->60M(1998M) 5.646ms
[325.649s][info][gc,cpu         ] GC(123) User=0.09s Sys=0.00s Real=0.01s
[332.708s][info][gc,start       ] GC(124) Pause Young (Allocation Failure)
[332.708s][info][gc,task        ] GC(124) Using 6 workers of 6 for evacuation
[332.712s][info][gc,heap        ] GC(124) ParNew: 454523K->12849K(460096K)
[332.712s][info][gc,heap        ] GC(124) CMS: 16764K->16764K(1585984K)
[332.712s][info][gc,metaspace   ] GC(124) Metaspace: 53434K(55412K)->53434K(55412K) NonClass: 49290K(50500K)->49290K(50500K) Class: 4143K(4912K)->4143K(4912K)
[332.712s][info][gc             ] GC(124) Pause Young (Allocation Failure) 460M->28M(1998M) 4.083ms
[332.712s][info][gc,cpu         ] GC(124) User=0.09s Sys=0.00s Real=0.00s
[335.635s][info][gc,start       ] GC(125) Pause Young (Allocation Failure)
[335.635s][info][gc,task        ] GC(125) Using 6 workers of 6 for evacuation
[335.644s][info][gc,heap        ] GC(125) ParNew: 421873K->25048K(460096K)
[335.644s][info][gc,heap        ] GC(125) CMS: 16764K->16764K(1585984K)
[335.644s][info][gc,metaspace   ] GC(125) Metaspace: 53460K(55412K)->53460K(55412K) NonClass: 49316K(50500K)->49316K(50500K) Class: 4143K(4912K)->4143K(4912K)
[335.644s][info][gc             ] GC(125) Pause Young (Allocation Failure) 428M->40M(1998M) 9.335ms
[335.644s][info][gc,cpu         ] GC(125) User=0.00s Sys=0.00s Real=0.01s
[337.856s][info][gc,start       ] GC(126) Pause Young (Allocation Failure)
[337.856s][info][gc,task        ] GC(126) Using 6 workers of 6 for evacuation
[337.871s][info][gc,heap        ] GC(126) ParNew: 434072K->50941K(460096K)
[337.871s][info][gc,heap        ] GC(126) CMS: 16764K->16764K(1585984K)
[337.871s][info][gc,metaspace   ] GC(126) Metaspace: 53463K(55412K)->53463K(55412K) NonClass: 49319K(50500K)->49319K(50500K) Class: 4143K(4912K)->4143K(4912K)
[337.871s][info][gc             ] GC(126) Pause Young (Allocation Failure) 440M->66M(1998M) 15.636ms
[337.871s][info][gc,cpu         ] GC(126) User=0.09s Sys=0.00s Real=0.02s
[339.592s][info][gc,start       ] GC(127) Pause Young (Allocation Failure)
[339.592s][info][gc,task        ] GC(127) Using 6 workers of 6 for evacuation
[339.607s][info][gc,heap        ] GC(127) ParNew: 459965K->46322K(460096K)
[339.607s][info][gc,heap        ] GC(127) CMS: 16764K->26946K(1585984K)
[339.607s][info][gc,metaspace   ] GC(127) Metaspace: 53465K(55412K)->53465K(55412K) NonClass: 49321K(50500K)->49321K(50500K) Class: 4143K(4912K)->4143K(4912K)
[339.607s][info][gc             ] GC(127) Pause Young (Allocation Failure) 465M->71M(1998M) 14.901ms
[339.607s][info][gc,cpu         ] GC(127) User=0.09s Sys=0.00s Real=0.02s
[341.392s][info][gc,start       ] GC(128) Pause Young (Allocation Failure)
[341.392s][info][gc,task        ] GC(128) Using 6 workers of 6 for evacuation
[341.401s][info][gc,heap        ] GC(128) ParNew: 455346K->33082K(460096K)
[341.401s][info][gc,heap        ] GC(128) CMS: 26946K->29491K(1585984K)
[341.401s][info][gc,metaspace   ] GC(128) Metaspace: 53470K(55412K)->53470K(55412K) NonClass: 49326K(50500K)->49326K(50500K) Class: 4143K(4912K)->4143K(4912K)
[341.401s][info][gc             ] GC(128) Pause Young (Allocation Failure) 470M->61M(1998M) 9.201ms
[341.401s][info][gc,cpu         ] GC(128) User=0.09s Sys=0.00s Real=0.02s
[341.899s][info][gc,start       ] GC(129) Pause Young (Allocation Failure)
[341.899s][info][gc,task        ] GC(129) Using 6 workers of 6 for evacuation
[341.905s][info][gc,heap        ] GC(129) ParNew: 441379K->19111K(460096K)
[341.905s][info][gc,heap        ] GC(129) CMS: 29491K->29491K(1585984K)
[341.905s][info][gc,metaspace   ] GC(129) Metaspace: 53473K(55412K)->53473K(55412K) NonClass: 49329K(50500K)->49329K(50500K) Class: 4143K(4912K)->4143K(4912K)
[341.905s][info][gc             ] GC(129) Pause Young (Allocation Failure) 459M->47M(1998M) 6.110ms
[341.905s][info][gc,cpu         ] GC(129) User=0.00s Sys=0.00s Real=0.01s
[342.429s][info][gc,start       ] GC(130) Pause Young (Allocation Failure)
[342.429s][info][gc,task        ] GC(130) Using 6 workers of 6 for evacuation
[342.437s][info][gc,heap        ] GC(130) ParNew: 428135K->27994K(460096K)
[342.437s][info][gc,heap        ] GC(130) CMS: 29491K->29491K(1585984K)
[342.437s][info][gc,metaspace   ] GC(130) Metaspace: 53475K(55412K)->53475K(55412K) NonClass: 49331K(50500K)->49331K(50500K) Class: 4143K(4912K)->4143K(4912K)
[342.437s][info][gc             ] GC(130) Pause Young (Allocation Failure) 446M->56M(1998M) 8.201ms
[342.437s][info][gc,cpu         ] GC(130) User=0.02s Sys=0.00s Real=0.02s
[342.994s][info][gc,start       ] GC(131) Pause Young (Allocation Failure)
[342.994s][info][gc,task        ] GC(131) Using 6 workers of 6 for evacuation
[343.006s][info][gc,heap        ] GC(131) ParNew: 437018K->44216K(460096K)
[343.006s][info][gc,heap        ] GC(131) CMS: 29491K->29491K(1585984K)
[343.006s][info][gc,metaspace   ] GC(131) Metaspace: 53478K(55412K)->53478K(55412K) NonClass: 49334K(50500K)->49334K(50500K) Class: 4143K(4912K)->4143K(4912K)
[343.006s][info][gc             ] GC(131) Pause Young (Allocation Failure) 455M->71M(1998M) 11.901ms
[343.006s][info][gc,cpu         ] GC(131) User=0.00s Sys=0.00s Real=0.01s
[343.720s][info][gc,start       ] GC(132) Pause Young (Allocation Failure)
[343.720s][info][gc,task        ] GC(132) Using 6 workers of 6 for evacuation
[343.728s][info][gc,heap        ] GC(132) ParNew: 453240K->30165K(460096K)
[343.728s][info][gc,heap        ] GC(132) CMS: 29491K->36369K(1585984K)
[343.728s][info][gc,metaspace   ] GC(132) Metaspace: 53479K(55412K)->53479K(55412K) NonClass: 49335K(50500K)->49335K(50500K) Class: 4143K(4912K)->4143K(4912K)
[343.728s][info][gc             ] GC(132) Pause Young (Allocation Failure) 471M->64M(1998M) 8.140ms
[343.728s][info][gc,cpu         ] GC(132) User=0.09s Sys=0.00s Real=0.02s
[344.308s][info][gc,start       ] GC(133) Pause Young (Allocation Failure)
[344.308s][info][gc,task        ] GC(133) Using 6 workers of 6 for evacuation
[344.312s][info][gc,heap        ] GC(133) ParNew: 439189K->11157K(460096K)
[344.312s][info][gc,heap        ] GC(133) CMS: 36369K->36369K(1585984K)
[344.312s][info][gc,metaspace   ] GC(133) Metaspace: 53495K(55412K)->53495K(55412K) NonClass: 49352K(50500K)->49352K(50500K) Class: 4143K(4912K)->4143K(4912K)
[344.312s][info][gc             ] GC(133) Pause Young (Allocation Failure) 464M->46M(1998M) 4.211ms
[344.312s][info][gc,cpu         ] GC(133) User=0.00s Sys=0.00s Real=0.01s
[344.863s][info][gc,start       ] GC(134) Pause Young (Allocation Failure)
[344.863s][info][gc,task        ] GC(134) Using 6 workers of 6 for evacuation
[344.869s][info][gc,heap        ] GC(134) ParNew: 420181K->15070K(460096K)
[344.869s][info][gc,heap        ] GC(134) CMS: 36369K->36369K(1585984K)
[344.869s][info][gc,metaspace   ] GC(134) Metaspace: 53497K(55412K)->53497K(55412K) NonClass: 49353K(50500K)->49353K(50500K) Class: 4143K(4912K)->4143K(4912K)
[344.869s][info][gc             ] GC(134) Pause Young (Allocation Failure) 445M->50M(1998M) 6.048ms
[344.869s][info][gc,cpu         ] GC(134) User=0.08s Sys=0.02s Real=0.01s
[345.442s][info][gc,start       ] GC(135) Pause Young (Allocation Failure)
[345.443s][info][gc,task        ] GC(135) Using 6 workers of 6 for evacuation
[345.448s][info][gc,heap        ] GC(135) ParNew: 424094K->16843K(460096K)
[345.448s][info][gc,heap        ] GC(135) CMS: 36369K->36760K(1585984K)
[345.448s][info][gc,metaspace   ] GC(135) Metaspace: 53498K(55412K)->53498K(55412K) NonClass: 49355K(50500K)->49355K(50500K) Class: 4143K(4912K)->4143K(4912K)
[345.448s][info][gc             ] GC(135) Pause Young (Allocation Failure) 449M->52M(1998M) 5.232ms
[345.448s][info][gc,cpu         ] GC(135) User=0.09s Sys=0.00s Real=0.02s
[346.402s][info][gc,start       ] GC(136) Pause Young (Allocation Failure)
[346.402s][info][gc,task        ] GC(136) Using 6 workers of 6 for evacuation
[346.406s][info][gc,heap        ] GC(136) ParNew: 425867K->9640K(460096K)
[346.406s][info][gc,heap        ] GC(136) CMS: 36760K->37006K(1585984K)
[346.406s][info][gc,metaspace   ] GC(136) Metaspace: 53516K(55412K)->53516K(55412K) NonClass: 49372K(50500K)->49372K(50500K) Class: 4143K(4912K)->4143K(4912K)
[346.406s][info][gc             ] GC(136) Pause Young (Allocation Failure) 451M->45M(1998M) 3.865ms
[346.406s][info][gc,cpu         ] GC(136) User=0.00s Sys=0.00s Real=0.00s
[347.443s][info][gc,start       ] GC(137) Pause Young (Allocation Failure)
[347.443s][info][gc,task        ] GC(137) Using 6 workers of 6 for evacuation
[347.466s][info][gc,heap        ] GC(137) ParNew: 418664K->51072K(460096K)
[347.466s][info][gc,heap        ] GC(137) CMS: 37006K->37251K(1585984K)
[347.466s][info][gc,metaspace   ] GC(137) Metaspace: 53524K(55412K)->53524K(55412K) NonClass: 49380K(50500K)->49380K(50500K) Class: 4144K(4912K)->4144K(4912K)
[347.466s][info][gc             ] GC(137) Pause Young (Allocation Failure) 444M->86M(1998M) 23.021ms
[347.466s][info][gc,cpu         ] GC(137) User=0.19s Sys=0.00s Real=0.02s
[348.199s][info][gc,start       ] GC(138) Pause Young (Allocation Failure)
[348.199s][info][gc,task        ] GC(138) Using 6 workers of 6 for evacuation
[348.253s][info][gc,heap        ] GC(138) ParNew: 460096K->51072K(460096K)
[348.253s][info][gc,heap        ] GC(138) CMS: 37251K->86967K(1585984K)
[348.253s][info][gc,metaspace   ] GC(138) Metaspace: 53524K(55412K)->53524K(55412K) NonClass: 49380K(50500K)->49380K(50500K) Class: 4144K(4912K)->4144K(4912K)
[348.253s][info][gc             ] GC(138) Pause Young (Allocation Failure) 485M->134M(1998M) 54.189ms
[348.253s][info][gc,cpu         ] GC(138) User=0.28s Sys=0.00s Real=0.06s
[349.318s][info][gc,start       ] GC(139) Pause Full (System.gc())
[349.319s][info][gc,phases,start] GC(139) Phase 1: Mark live objects
[349.346s][info][gc,phases      ] GC(139) Phase 1: Mark live objects 27.094ms
[349.346s][info][gc,phases,start] GC(139) Phase 2: Compute new object addresses
[349.375s][info][gc,phases      ] GC(139) Phase 2: Compute new object addresses 28.864ms
[349.375s][info][gc,phases,start] GC(139) Phase 3: Adjust pointers
[349.398s][info][gc,phases      ] GC(139) Phase 3: Adjust pointers 23.451ms
[349.398s][info][gc,phases,start] GC(139) Phase 4: Move objects
[349.401s][info][gc,phases      ] GC(139) Phase 4: Move objects 2.120ms
[349.402s][info][gc,heap        ] GC(139) ParNew: 145401K->0K(460096K)
[349.402s][info][gc,heap        ] GC(139) CMS: 86967K->16941K(1585984K)
[349.402s][info][gc,metaspace   ] GC(139) Metaspace: 53528K(55412K)->53528K(55412K) NonClass: 49383K(50500K)->49383K(50500K) Class: 4144K(4912K)->4144K(4912K)
[349.402s][info][gc             ] GC(139) Pause Full (System.gc()) 226M->16M(1998M) 83.963ms
[349.402s][info][gc,cpu         ] GC(139) User=0.09s Sys=0.00s Real=0.08s
[362.805s][info][gc,start       ] GC(140) Pause Young (Allocation Failure)
[362.805s][info][gc,task        ] GC(140) Using 6 workers of 6 for evacuation
[362.810s][info][gc,heap        ] GC(140) ParNew: 409024K->40713K(460096K)
[362.810s][info][gc,heap        ] GC(140) CMS: 16941K->16941K(1585984K)
[362.810s][info][gc,metaspace   ] GC(140) Metaspace: 53528K(55412K)->53528K(55412K) NonClass: 49384K(50500K)->49384K(50500K) Class: 4144K(4912K)->4144K(4912K)
[362.810s][info][gc             ] GC(140) Pause Young (Allocation Failure) 415M->56M(1998M) 5.417ms
[362.810s][info][gc,cpu         ] GC(140) User=0.00s Sys=0.00s Real=0.01s
[371.172s][info][gc,start       ] GC(141) Pause Young (Allocation Failure)
[371.172s][info][gc,task        ] GC(141) Using 6 workers of 6 for evacuation
[371.176s][info][gc,heap        ] GC(141) ParNew: 449737K->11552K(460096K)
[371.176s][info][gc,heap        ] GC(141) CMS: 16941K->16941K(1585984K)
[371.176s][info][gc,metaspace   ] GC(141) Metaspace: 53530K(55412K)->53530K(55412K) NonClass: 49386K(50500K)->49386K(50500K) Class: 4144K(4912K)->4144K(4912K)
[371.176s][info][gc             ] GC(141) Pause Young (Allocation Failure) 455M->27M(1998M) 4.407ms
[371.176s][info][gc,cpu         ] GC(141) User=0.00s Sys=0.00s Real=0.00s
[374.112s][info][gc,start       ] GC(142) Pause Young (Allocation Failure)
[374.112s][info][gc,task        ] GC(142) Using 6 workers of 6 for evacuation
[374.121s][info][gc,heap        ] GC(142) ParNew: 420576K->23607K(460096K)
[374.121s][info][gc,heap        ] GC(142) CMS: 16941K->16941K(1585984K)
[374.121s][info][gc,metaspace   ] GC(142) Metaspace: 53532K(55412K)->53532K(55412K) NonClass: 49387K(50500K)->49387K(50500K) Class: 4144K(4912K)->4144K(4912K)
[374.121s][info][gc             ] GC(142) Pause Young (Allocation Failure) 427M->39M(1998M) 8.996ms
[374.121s][info][gc,cpu         ] GC(142) User=0.08s Sys=0.02s Real=0.02s
[376.359s][info][gc,start       ] GC(143) Pause Young (Allocation Failure)
[376.359s][info][gc,task        ] GC(143) Using 6 workers of 6 for evacuation
[376.374s][info][gc,heap        ] GC(143) ParNew: 432631K->46477K(460096K)
[376.374s][info][gc,heap        ] GC(143) CMS: 16941K->16941K(1585984K)
[376.374s][info][gc,metaspace   ] GC(143) Metaspace: 53537K(55412K)->53537K(55412K) NonClass: 49392K(50500K)->49392K(50500K) Class: 4144K(4912K)->4144K(4912K)
[376.374s][info][gc             ] GC(143) Pause Young (Allocation Failure) 439M->61M(1998M) 15.149ms
[376.374s][info][gc,cpu         ] GC(143) User=0.08s Sys=0.02s Real=0.02s
[378.058s][info][gc,start       ] GC(144) Pause Young (Allocation Failure)
[378.058s][info][gc,task        ] GC(144) Using 6 workers of 6 for evacuation
[378.069s][info][gc,heap        ] GC(144) ParNew: 455501K->33461K(460096K)
[378.069s][info][gc,heap        ] GC(144) CMS: 16941K->27038K(1585984K)
[378.069s][info][gc,metaspace   ] GC(144) Metaspace: 53539K(55412K)->53539K(55412K) NonClass: 49394K(50500K)->49394K(50500K) Class: 4144K(4912K)->4144K(4912K)
[378.069s][info][gc             ] GC(144) Pause Young (Allocation Failure) 461M->59M(1998M) 11.508ms
[378.069s][info][gc,cpu         ] GC(144) User=0.00s Sys=0.00s Real=0.01s
[379.836s][info][gc,start       ] GC(145) Pause Young (Allocation Failure)
[379.836s][info][gc,task        ] GC(145) Using 6 workers of 6 for evacuation
[379.844s][info][gc,heap        ] GC(145) ParNew: 442337K->22206K(460096K)
[379.844s][info][gc,heap        ] GC(145) CMS: 27038K->27038K(1585984K)
[379.844s][info][gc,metaspace   ] GC(145) Metaspace: 53551K(55412K)->53551K(55412K) NonClass: 49407K(50500K)->49407K(50500K) Class: 4144K(4912K)->4144K(4912K)
[379.844s][info][gc             ] GC(145) Pause Young (Allocation Failure) 458M->48M(1998M) 7.454ms
[379.844s][info][gc,cpu         ] GC(145) User=0.00s Sys=0.00s Real=0.01s
[380.341s][info][gc,start       ] GC(146) Pause Young (Allocation Failure)
[380.341s][info][gc,task        ] GC(146) Using 6 workers of 6 for evacuation
[380.348s][info][gc,heap        ] GC(146) ParNew: 431230K->27165K(460096K)
[380.348s][info][gc,heap        ] GC(146) CMS: 27038K->27038K(1585984K)
[380.348s][info][gc,metaspace   ] GC(146) Metaspace: 53551K(55412K)->53551K(55412K) NonClass: 49407K(50500K)->49407K(50500K) Class: 4144K(4912K)->4144K(4912K)
[380.349s][info][gc             ] GC(146) Pause Young (Allocation Failure) 447M->52M(1998M) 7.394ms
[380.349s][info][gc,cpu         ] GC(146) User=0.00s Sys=0.00s Real=0.01s
[380.869s][info][gc,start       ] GC(147) Pause Young (Allocation Failure)
[380.869s][info][gc,task        ] GC(147) Using 6 workers of 6 for evacuation
[380.878s][info][gc,heap        ] GC(147) ParNew: 435270K->36912K(460096K)
[380.878s][info][gc,heap        ] GC(147) CMS: 27038K->27038K(1585984K)
[380.878s][info][gc,metaspace   ] GC(147) Metaspace: 53552K(55412K)->53552K(55412K) NonClass: 49407K(50500K)->49407K(50500K) Class: 4144K(4912K)->4144K(4912K)
[380.878s][info][gc             ] GC(147) Pause Young (Allocation Failure) 451M->62M(1998M) 8.783ms
[380.878s][info][gc,cpu         ] GC(147) User=0.00s Sys=0.00s Real=0.01s
[381.436s][info][gc,start       ] GC(148) Pause Young (Allocation Failure)
[381.436s][info][gc,task        ] GC(148) Using 6 workers of 6 for evacuation
[381.449s][info][gc,heap        ] GC(148) ParNew: 445936K->48810K(460096K)
[381.449s][info][gc,heap        ] GC(148) CMS: 27038K->27038K(1585984K)
[381.449s][info][gc,metaspace   ] GC(148) Metaspace: 53552K(55412K)->53552K(55412K) NonClass: 49407K(50500K)->49407K(50500K) Class: 4144K(4912K)->4144K(4912K)
[381.449s][info][gc             ] GC(148) Pause Young (Allocation Failure) 461M->74M(1998M) 13.820ms
[381.449s][info][gc,cpu         ] GC(148) User=0.09s Sys=0.00s Real=0.03s
[382.155s][info][gc,start       ] GC(149) Pause Young (Allocation Failure)
[382.156s][info][gc,task        ] GC(149) Using 6 workers of 6 for evacuation
[382.164s][info][gc,heap        ] GC(149) ParNew: 457834K->33463K(460096K)
[382.164s][info][gc,heap        ] GC(149) CMS: 27038K->36574K(1585984K)
[382.164s][info][gc,metaspace   ] GC(149) Metaspace: 53555K(55412K)->53555K(55412K) NonClass: 49411K(50500K)->49411K(50500K) Class: 4144K(4912K)->4144K(4912K)
[382.164s][info][gc             ] GC(149) Pause Young (Allocation Failure) 473M->68M(1998M) 8.804ms
[382.164s][info][gc,cpu         ] GC(149) User=0.08s Sys=0.02s Real=0.01s
[382.743s][info][gc,start       ] GC(150) Pause Young (Allocation Failure)
[382.743s][info][gc,task        ] GC(150) Using 6 workers of 6 for evacuation
[382.749s][info][gc,heap        ] GC(150) ParNew: 442487K->12769K(460096K)
[382.749s][info][gc,heap        ] GC(150) CMS: 36574K->36574K(1585984K)
[382.749s][info][gc,metaspace   ] GC(150) Metaspace: 53564K(55412K)->53564K(55412K) NonClass: 49419K(50500K)->49419K(50500K) Class: 4144K(4912K)->4144K(4912K)
[382.749s][info][gc             ] GC(150) Pause Young (Allocation Failure) 467M->48M(1998M) 5.324ms
[382.749s][info][gc,cpu         ] GC(150) User=0.00s Sys=0.00s Real=0.01s
[383.297s][info][gc,start       ] GC(151) Pause Young (Allocation Failure)
[383.297s][info][gc,task        ] GC(151) Using 6 workers of 6 for evacuation
[383.304s][info][gc,heap        ] GC(151) ParNew: 421793K->16018K(460096K)
[383.304s][info][gc,heap        ] GC(151) CMS: 36574K->36574K(1585984K)
[383.304s][info][gc,metaspace   ] GC(151) Metaspace: 53566K(55412K)->53566K(55412K) NonClass: 49422K(50500K)->49422K(50500K) Class: 4144K(4912K)->4144K(4912K)
[383.304s][info][gc             ] GC(151) Pause Young (Allocation Failure) 447M->51M(1998M) 6.264ms
[383.304s][info][gc,cpu         ] GC(151) User=0.00s Sys=0.00s Real=0.01s
[383.877s][info][gc,start       ] GC(152) Pause Young (Allocation Failure)
[383.877s][info][gc,task        ] GC(152) Using 6 workers of 6 for evacuation
[383.881s][info][gc,heap        ] GC(152) ParNew: 425042K->17072K(460096K)
[383.881s][info][gc,heap        ] GC(152) CMS: 36574K->36982K(1585984K)
[383.881s][info][gc,metaspace   ] GC(152) Metaspace: 53570K(55412K)->53570K(55412K) NonClass: 49426K(50500K)->49426K(50500K) Class: 4144K(4912K)->4144K(4912K)
[383.881s][info][gc             ] GC(152) Pause Young (Allocation Failure) 450M->52M(1998M) 4.785ms
[383.881s][info][gc,cpu         ] GC(152) User=0.00s Sys=0.00s Real=0.01s
[384.909s][info][gc,start       ] GC(153) Pause Young (Allocation Failure)
[384.909s][info][gc,task        ] GC(153) Using 6 workers of 6 for evacuation
[384.914s][info][gc,heap        ] GC(153) ParNew: 426096K->9515K(460096K)
[384.914s][info][gc,heap        ] GC(153) CMS: 36982K->37228K(1585984K)
[384.914s][info][gc,metaspace   ] GC(153) Metaspace: 53581K(55412K)->53581K(55412K) NonClass: 49437K(50500K)->49437K(50500K) Class: 4144K(4912K)->4144K(4912K)
[384.914s][info][gc             ] GC(153) Pause Young (Allocation Failure) 452M->45M(1998M) 4.320ms
[384.914s][info][gc,cpu         ] GC(153) User=0.02s Sys=0.00s Real=0.01s
[385.921s][info][gc,start       ] GC(154) Pause Young (Allocation Failure)
[385.921s][info][gc,task        ] GC(154) Using 6 workers of 6 for evacuation
[385.945s][info][gc,heap        ] GC(154) ParNew: 418539K->51072K(460096K)
[385.945s][info][gc,heap        ] GC(154) CMS: 37228K->37589K(1585984K)
[385.945s][info][gc,metaspace   ] GC(154) Metaspace: 53590K(55412K)->53590K(55412K) NonClass: 49446K(50500K)->49446K(50500K) Class: 4144K(4912K)->4144K(4912K)
[385.945s][info][gc             ] GC(154) Pause Young (Allocation Failure) 445M->86M(1998M) 24.042ms
[385.945s][info][gc,cpu         ] GC(154) User=0.09s Sys=0.00s Real=0.03s
[386.684s][info][gc,start       ] GC(155) Pause Young (Allocation Failure)
[386.684s][info][gc,task        ] GC(155) Using 6 workers of 6 for evacuation
[386.736s][info][gc,heap        ] GC(155) ParNew: 460096K->51072K(460096K)
[386.736s][info][gc,heap        ] GC(155) CMS: 37589K->88046K(1585984K)
[386.736s][info][gc,metaspace   ] GC(155) Metaspace: 53590K(55412K)->53590K(55412K) NonClass: 49446K(50500K)->49446K(50500K) Class: 4144K(4912K)->4144K(4912K)
[386.736s][info][gc             ] GC(155) Pause Young (Allocation Failure) 486M->135M(1998M) 52.129ms
[386.736s][info][gc,cpu         ] GC(155) User=0.28s Sys=0.00s Real=0.06s
[387.684s][info][gc,start       ] GC(156) Pause Full (System.gc())
[387.685s][info][gc,phases,start] GC(156) Phase 1: Mark live objects
[387.711s][info][gc,phases      ] GC(156) Phase 1: Mark live objects 26.701ms
[387.711s][info][gc,phases,start] GC(156) Phase 2: Compute new object addresses
[387.738s][info][gc,phases      ] GC(156) Phase 2: Compute new object addresses 27.094ms
[387.738s][info][gc,phases,start] GC(156) Phase 3: Adjust pointers
[387.762s][info][gc,phases      ] GC(156) Phase 3: Adjust pointers 23.587ms
[387.762s][info][gc,phases,start] GC(156) Phase 4: Move objects
[387.764s][info][gc,phases      ] GC(156) Phase 4: Move objects 1.987ms
[387.766s][info][gc,heap        ] GC(156) ParNew: 128625K->0K(460096K)
[387.766s][info][gc,heap        ] GC(156) CMS: 88046K->17027K(1585984K)
[387.766s][info][gc,metaspace   ] GC(156) Metaspace: 53597K(55412K)->53597K(55412K) NonClass: 49452K(50500K)->49452K(50500K) Class: 4144K(4912K)->4144K(4912K)
[387.766s][info][gc             ] GC(156) Pause Full (System.gc()) 211M->16M(1998M) 81.973ms
[387.766s][info][gc,cpu         ] GC(156) User=0.08s Sys=0.00s Real=0.08s
[401.139s][info][gc,start       ] GC(157) Pause Young (Allocation Failure)
[401.139s][info][gc,task        ] GC(157) Using 6 workers of 6 for evacuation
[401.145s][info][gc,heap        ] GC(157) ParNew: 409024K->40788K(460096K)
[401.145s][info][gc,heap        ] GC(157) CMS: 17027K->17027K(1585984K)
[401.145s][info][gc,metaspace   ] GC(157) Metaspace: 53601K(55412K)->53601K(55412K) NonClass: 49457K(50500K)->49457K(50500K) Class: 4144K(4912K)->4144K(4912K)
[401.145s][info][gc             ] GC(157) Pause Young (Allocation Failure) 416M->56M(1998M) 5.607ms
[401.145s][info][gc,cpu         ] GC(157) User=0.00s Sys=0.00s Real=0.01s
[409.134s][info][gc,start       ] GC(158) Pause Young (Allocation Failure)
[409.134s][info][gc,task        ] GC(158) Using 6 workers of 6 for evacuation
[409.138s][info][gc,heap        ] GC(158) ParNew: 449812K->11526K(460096K)
[409.138s][info][gc,heap        ] GC(158) CMS: 17027K->17027K(1585984K)
[409.138s][info][gc,metaspace   ] GC(158) Metaspace: 53601K(55412K)->53601K(55412K) NonClass: 49457K(50500K)->49457K(50500K) Class: 4144K(4912K)->4144K(4912K)
[409.138s][info][gc             ] GC(158) Pause Young (Allocation Failure) 455M->27M(1998M) 4.668ms
[409.138s][info][gc,cpu         ] GC(158) User=0.00s Sys=0.00s Real=0.02s
[412.103s][info][gc,start       ] GC(159) Pause Young (Allocation Failure)
[412.103s][info][gc,task        ] GC(159) Using 6 workers of 6 for evacuation
[412.112s][info][gc,heap        ] GC(159) ParNew: 420550K->23563K(460096K)
[412.112s][info][gc,heap        ] GC(159) CMS: 17027K->17027K(1585984K)
[412.112s][info][gc,metaspace   ] GC(159) Metaspace: 53605K(55412K)->53605K(55412K) NonClass: 49460K(50500K)->49460K(50500K) Class: 4144K(4912K)->4144K(4912K)
[412.112s][info][gc             ] GC(159) Pause Young (Allocation Failure) 427M->39M(1998M) 9.130ms
[412.112s][info][gc,cpu         ] GC(159) User=0.00s Sys=0.00s Real=0.02s
[414.288s][info][gc,start       ] GC(160) Pause Young (Allocation Failure)
[414.288s][info][gc,task        ] GC(160) Using 6 workers of 6 for evacuation
[414.303s][info][gc,heap        ] GC(160) ParNew: 432587K->43641K(460096K)
[414.303s][info][gc,heap        ] GC(160) CMS: 17027K->17027K(1585984K)
[414.303s][info][gc,metaspace   ] GC(160) Metaspace: 53605K(55412K)->53605K(55412K) NonClass: 49461K(50500K)->49461K(50500K) Class: 4144K(4912K)->4144K(4912K)
[414.303s][info][gc             ] GC(160) Pause Young (Allocation Failure) 439M->59M(1998M) 15.168ms
[414.303s][info][gc,cpu         ] GC(160) User=0.08s Sys=0.00s Real=0.02s
[415.965s][info][gc,start       ] GC(161) Pause Young (Allocation Failure)
[415.965s][info][gc,task        ] GC(161) Using 6 workers of 6 for evacuation
[415.976s][info][gc,heap        ] GC(161) ParNew: 452665K->33609K(460096K)
[415.976s][info][gc,heap        ] GC(161) CMS: 17027K->27132K(1585984K)
[415.976s][info][gc,metaspace   ] GC(161) Metaspace: 53611K(55412K)->53611K(55412K) NonClass: 49466K(50500K)->49466K(50500K) Class: 4144K(4912K)->4144K(4912K)
[415.976s][info][gc             ] GC(161) Pause Young (Allocation Failure) 458M->59M(1998M) 11.337ms
[415.976s][info][gc,cpu         ] GC(161) User=0.03s Sys=0.00s Real=0.02s
[417.737s][info][gc,start       ] GC(162) Pause Young (Allocation Failure)
[417.737s][info][gc,task        ] GC(162) Using 6 workers of 6 for evacuation
[417.744s][info][gc,heap        ] GC(162) ParNew: 442633K->20230K(460096K)
[417.744s][info][gc,heap        ] GC(162) CMS: 27132K->27132K(1585984K)
[417.744s][info][gc,metaspace   ] GC(162) Metaspace: 53617K(55412K)->53617K(55412K) NonClass: 49472K(50500K)->49472K(50500K) Class: 4144K(4912K)->4144K(4912K)
[417.744s][info][gc             ] GC(162) Pause Young (Allocation Failure) 458M->46M(1998M) 7.234ms
[417.744s][info][gc,cpu         ] GC(162) User=0.09s Sys=0.00s Real=0.01s
[418.237s][info][gc,start       ] GC(163) Pause Young (Allocation Failure)
[418.237s][info][gc,task        ] GC(163) Using 6 workers of 6 for evacuation
[418.243s][info][gc,heap        ] GC(163) ParNew: 429254K->22185K(460096K)
[418.243s][info][gc,heap        ] GC(163) CMS: 27132K->27132K(1585984K)
[418.243s][info][gc,metaspace   ] GC(163) Metaspace: 53617K(55412K)->53617K(55412K) NonClass: 49472K(50500K)->49472K(50500K) Class: 4144K(4912K)->4144K(4912K)
[418.244s][info][gc             ] GC(163) Pause Young (Allocation Failure) 445M->48M(1998M) 6.466ms
[418.244s][info][gc,cpu         ] GC(163) User=0.09s Sys=0.00s Real=0.01s
[418.758s][info][gc,start       ] GC(164) Pause Young (Allocation Failure)
[418.759s][info][gc,task        ] GC(164) Using 6 workers of 6 for evacuation
[418.768s][info][gc,heap        ] GC(164) ParNew: 431209K->31204K(460096K)
[418.768s][info][gc,heap        ] GC(164) CMS: 27132K->27132K(1585984K)
[418.768s][info][gc,metaspace   ] GC(164) Metaspace: 53617K(55412K)->53617K(55412K) NonClass: 49472K(50500K)->49472K(50500K) Class: 4144K(4912K)->4144K(4912K)
[418.768s][info][gc             ] GC(164) Pause Young (Allocation Failure) 447M->56M(1998M) 9.824ms
[418.768s][info][gc,cpu         ] GC(164) User=0.00s Sys=0.00s Real=0.01s
[419.322s][info][gc,start       ] GC(165) Pause Young (Allocation Failure)
[419.322s][info][gc,task        ] GC(165) Using 6 workers of 6 for evacuation
[419.335s][info][gc,heap        ] GC(165) ParNew: 439659K->48780K(460096K)
[419.335s][info][gc,heap        ] GC(165) CMS: 27132K->27132K(1585984K)
[419.335s][info][gc,metaspace   ] GC(165) Metaspace: 53618K(55412K)->53618K(55412K) NonClass: 49473K(50500K)->49473K(50500K) Class: 4144K(4912K)->4144K(4912K)
[419.335s][info][gc             ] GC(165) Pause Young (Allocation Failure) 455M->74M(1998M) 12.639ms
[419.335s][info][gc,cpu         ] GC(165) User=0.00s Sys=0.00s Real=0.01s
[420.020s][info][gc,start       ] GC(166) Pause Young (Allocation Failure)
[420.020s][info][gc,task        ] GC(166) Using 6 workers of 6 for evacuation
[420.029s][info][gc,heap        ] GC(166) ParNew: 457804K->32056K(460096K)
[420.029s][info][gc,heap        ] GC(166) CMS: 27132K->36659K(1585984K)
[420.029s][info][gc,metaspace   ] GC(166) Metaspace: 53618K(55412K)->53618K(55412K) NonClass: 49473K(50500K)->49473K(50500K) Class: 4144K(4912K)->4144K(4912K)
[420.029s][info][gc             ] GC(166) Pause Young (Allocation Failure) 473M->67M(1998M) 9.412ms
[420.029s][info][gc,cpu         ] GC(166) User=0.09s Sys=0.00s Real=0.02s
[420.612s][info][gc,start       ] GC(167) Pause Young (Allocation Failure)
[420.612s][info][gc,task        ] GC(167) Using 6 workers of 6 for evacuation
[420.617s][info][gc,heap        ] GC(167) ParNew: 441080K->13449K(460096K)
[420.617s][info][gc,heap        ] GC(167) CMS: 36659K->36659K(1585984K)
[420.617s][info][gc,metaspace   ] GC(167) Metaspace: 53620K(55412K)->53620K(55412K) NonClass: 49476K(50500K)->49476K(50500K) Class: 4144K(4912K)->4144K(4912K)
[420.617s][info][gc             ] GC(167) Pause Young (Allocation Failure) 466M->48M(1998M) 4.465ms
[420.617s][info][gc,cpu         ] GC(167) User=0.00s Sys=0.00s Real=0.01s
[421.164s][info][gc,start       ] GC(168) Pause Young (Allocation Failure)
[421.164s][info][gc,task        ] GC(168) Using 6 workers of 6 for evacuation
[421.169s][info][gc,heap        ] GC(168) ParNew: 422473K->11551K(460096K)
[421.169s][info][gc,heap        ] GC(168) CMS: 36659K->36659K(1585984K)
[421.169s][info][gc,metaspace   ] GC(168) Metaspace: 53626K(55412K)->53626K(55412K) NonClass: 49481K(50500K)->49481K(50500K) Class: 4144K(4912K)->4144K(4912K)
[421.169s][info][gc             ] GC(168) Pause Young (Allocation Failure) 448M->47M(1998M) 4.182ms
[421.169s][info][gc,cpu         ] GC(168) User=0.00s Sys=0.00s Real=0.00s
[421.740s][info][gc,start       ] GC(169) Pause Young (Allocation Failure)
[421.740s][info][gc,task        ] GC(169) Using 6 workers of 6 for evacuation
[421.746s][info][gc,heap        ] GC(169) ParNew: 420575K->18198K(460096K)
[421.746s][info][gc,heap        ] GC(169) CMS: 36659K->37068K(1585984K)
[421.746s][info][gc,metaspace   ] GC(169) Metaspace: 53646K(55412K)->53646K(55412K) NonClass: 49501K(50500K)->49501K(50500K) Class: 4144K(4912K)->4144K(4912K)
[421.746s][info][gc             ] GC(169) Pause Young (Allocation Failure) 446M->53M(1998M) 5.928ms
[421.746s][info][gc,cpu         ] GC(169) User=0.09s Sys=0.00s Real=0.01s
[423.002s][info][gc,start       ] GC(170) Pause Young (Allocation Failure)
[423.002s][info][gc,task        ] GC(170) Using 6 workers of 6 for evacuation
[423.007s][info][gc,heap        ] GC(170) ParNew: 427222K->9094K(460096K)
[423.007s][info][gc,heap        ] GC(170) CMS: 37068K->37314K(1585984K)
[423.007s][info][gc,metaspace   ] GC(170) Metaspace: 53670K(55668K)->53670K(55668K) NonClass: 49525K(50756K)->49525K(50756K) Class: 4144K(4912K)->4144K(4912K)
[423.007s][info][gc             ] GC(170) Pause Young (Allocation Failure) 453M->45M(1998M) 4.676ms
[423.007s][info][gc,cpu         ] GC(170) User=0.00s Sys=0.00s Real=0.00s
[423.808s][info][gc,start       ] GC(171) Pause Young (Allocation Failure)
[423.808s][info][gc,task        ] GC(171) Using 6 workers of 6 for evacuation
[423.833s][info][gc,heap        ] GC(171) ParNew: 418118K->51072K(460096K)
[423.833s][info][gc,heap        ] GC(171) CMS: 37314K->38914K(1585984K)
[423.833s][info][gc,metaspace   ] GC(171) Metaspace: 53672K(55668K)->53672K(55668K) NonClass: 49527K(50756K)->49527K(50756K) Class: 4144K(4912K)->4144K(4912K)
[423.833s][info][gc             ] GC(171) Pause Young (Allocation Failure) 444M->87M(1998M) 25.608ms
[423.833s][info][gc,cpu         ] GC(171) User=0.09s Sys=0.00s Real=0.02s
[424.603s][info][gc,start       ] GC(172) Pause Young (Allocation Failure)
[424.603s][info][gc,task        ] GC(172) Using 6 workers of 6 for evacuation
[424.657s][info][gc,heap        ] GC(172) ParNew: 460096K->51072K(460096K)
[424.657s][info][gc,heap        ] GC(172) CMS: 38914K->90376K(1585984K)
[424.657s][info][gc,metaspace   ] GC(172) Metaspace: 53672K(55668K)->53672K(55668K) NonClass: 49527K(50756K)->49527K(50756K) Class: 4144K(4912K)->4144K(4912K)
[424.657s][info][gc             ] GC(172) Pause Young (Allocation Failure) 487M->138M(1998M) 54.122ms
[424.657s][info][gc,cpu         ] GC(172) User=0.27s Sys=0.00s Real=0.06s
[425.635s][info][gc,heap,exit   ] Heap
[425.635s][info][gc,heap,exit   ]  par new generation   total 460096K, used 132308K [0x0000000080000000, 0x000000009f330000, 0x000000009f330000)
[425.635s][info][gc,heap,exit   ]   eden space 409024K,  19% used [0x0000000080000000, 0x0000000084f551f8, 0x0000000098f70000)
[425.635s][info][gc,heap,exit   ]   from space 51072K, 100% used [0x0000000098f70000, 0x000000009c150000, 0x000000009c150000)
[425.635s][info][gc,heap,exit   ]   to   space 51072K,   0% used [0x000000009c150000, 0x000000009c150000, 0x000000009f330000)
[425.635s][info][gc,heap,exit   ]  concurrent mark-sweep generation total 1585984K, used 90376K [0x000000009f330000, 0x0000000100000000, 0x0000000100000000)
[425.635s][info][gc,heap,exit   ]  Metaspace       used 54022K, capacity 55613K, committed 55924K, reserved 1101824K
[425.635s][info][gc,heap,exit   ]   class space    used 4186K, capacity 4788K, committed 4912K, reserved 1048576K
