[0.011s][info][gc] Using Serial
[0.011s][info][gc,heap,coops] Heap address: 0x0000000080000000, size: 2048 MB, Compressed Oops mode: 32-bit
[1.041s][info][gc,start     ] GC(0) Pause Full (System.gc())
[1.041s][info][gc,phases,start] GC(0) Phase 1: Mark live objects
[1.046s][info][gc,phases      ] GC(0) Phase 1: Mark live objects 5.573ms
[1.047s][info][gc,phases,start] GC(0) Phase 2: Compute new object addresses
[1.049s][info][gc,phases      ] GC(0) Phase 2: Compute new object addresses 2.541ms
[1.049s][info][gc,phases,start] GC(0) Phase 3: Adjust pointers
[1.053s][info][gc,phases      ] GC(0) Phase 3: Adjust pointers 3.220ms
[1.053s][info][gc,phases,start] GC(0) Phase 4: Move objects
[1.055s][info][gc,phases      ] GC(0) Phase 4: Move objects 2.119ms
[1.055s][info][gc,heap        ] GC(0) DefNew: 55940K->0K(629120K)
[1.055s][info][gc,heap        ] GC(0) Tenured: 0K->3612K(1398144K)
[1.055s][info][gc,metaspace   ] GC(0) Metaspace: 17116K(17792K)->17116K(17792K) NonClass: 15151K(15616K)->15151K(15616K) Class: 1964K(2176K)->1964K(2176K)
[1.055s][info][gc             ] GC(0) Pause Full (System.gc()) 54M->3M(1979M) 14.483ms
[1.055s][info][gc,cpu         ] GC(0) User=0.00s Sys=0.00s Real=0.02s
[2.584s][info][gc,start       ] GC(1) Pause Young (Allocation Failure)
[3.130s][info][gc,heap        ] GC(1) DefNew: 555971K->69887K(629120K)
[3.130s][info][gc,heap        ] GC(1) Tenured: 3612K->122821K(1398144K)
[3.130s][info][gc,metaspace   ] GC(1) Metaspace: 23639K(24448K)->23639K(24448K) NonClass: 20687K(21248K)->20687K(21248K) Class: 2952K(3200K)->2952K(3200K)
[3.130s][info][gc             ] GC(1) Pause Young (Allocation Failure) 546M->188M(1979M) 545.555ms
[3.130s][info][gc,cpu         ] GC(1) User=0.50s Sys=0.05s Real=0.55s
[3.714s][info][gc,start       ] GC(2) Pause Full (System.gc())
[3.714s][info][gc,phases,start] GC(2) Phase 1: Mark live objects
[3.723s][info][gc,phases      ] GC(2) Phase 1: Mark live objects 9.027ms
[3.723s][info][gc,phases,start] GC(2) Phase 2: Compute new object addresses
[3.805s][info][gc,phases      ] GC(2) Phase 2: Compute new object addresses 81.924ms
[3.805s][info][gc,phases,start] GC(2) Phase 3: Adjust pointers
[3.808s][info][gc,phases      ] GC(2) Phase 3: Adjust pointers 3.685ms
[3.809s][info][gc,phases,start] GC(2) Phase 4: Move objects
[3.809s][info][gc,phases      ] GC(2) Phase 4: Move objects 0.259ms
[3.809s][info][gc,heap        ] GC(2) DefNew: 545084K->0K(629120K)
[3.809s][info][gc,heap        ] GC(2) Tenured: 122821K->51263K(1398144K)
[3.809s][info][gc,metaspace   ] GC(2) Metaspace: 24544K(25344K)->24544K(25344K) NonClass: 21493K(22016K)->21493K(22016K) Class: 3051K(3328K)->3051K(3328K)
[3.809s][info][gc             ] GC(2) Pause Full (System.gc()) 652M->50M(1979M) 95.572ms
[3.809s][info][gc,cpu         ] GC(2) User=0.08s Sys=0.00s Real=0.10s
[4.422s][info][gc,start       ] GC(3) Pause Young (Allocation Failure)
[4.990s][info][gc,heap        ] GC(3) DefNew: 559232K->69888K(629120K)
[4.990s][info][gc,heap        ] GC(3) Tenured: 51263K->138842K(1398144K)
[4.990s][info][gc,metaspace   ] GC(3) Metaspace: 24547K(25344K)->24547K(25344K) NonClass: 21499K(22016K)->21499K(22016K) Class: 3048K(3328K)->3048K(3328K)
[4.990s][info][gc             ] GC(3) Pause Young (Allocation Failure) 596M->203M(1979M) 568.057ms
[4.990s][info][gc,cpu         ] GC(3) User=0.48s Sys=0.00s Real=0.57s
[5.470s][info][gc,start       ] GC(4) Pause Full (System.gc())
[5.470s][info][gc,phases,start] GC(4) Phase 1: Mark live objects
[5.476s][info][gc,phases      ] GC(4) Phase 1: Mark live objects 5.932ms
[5.476s][info][gc,phases,start] GC(4) Phase 2: Compute new object addresses
[5.551s][info][gc,phases      ] GC(4) Phase 2: Compute new object addresses 74.979ms
[5.551s][info][gc,phases,start] GC(4) Phase 3: Adjust pointers
[5.555s][info][gc,phases      ] GC(4) Phase 3: Adjust pointers 3.762ms
[5.555s][info][gc,phases,start] GC(4) Phase 4: Move objects
[5.555s][info][gc,phases      ] GC(4) Phase 4: Move objects 0.011ms
[5.555s][info][gc,heap        ] GC(4) DefNew: 484089K->0K(629120K)
[5.555s][info][gc,heap        ] GC(4) Tenured: 138842K->51264K(1398144K)
[5.555s][info][gc,metaspace   ] GC(4) Metaspace: 24580K(25344K)->24580K(25344K) NonClass: 21532K(22016K)->21532K(22016K) Class: 3048K(3328K)->3048K(3328K)
[5.555s][info][gc             ] GC(4) Pause Full (System.gc()) 608M->50M(1979M) 85.087ms
[5.555s][info][gc,cpu         ] GC(4) User=0.08s Sys=0.00s Real=0.08s
[6.098s][info][gc,start       ] GC(5) Pause Young (Allocation Failure)
[6.595s][info][gc,heap        ] GC(5) DefNew: 559232K->69888K(629120K)
[6.595s][info][gc,heap        ] GC(5) Tenured: 51264K->138943K(1398144K)
[6.595s][info][gc,metaspace   ] GC(5) Metaspace: 24771K(25728K)->24771K(25728K) NonClass: 21698K(22272K)->21698K(22272K) Class: 3073K(3456K)->3073K(3456K)
[6.595s][info][gc             ] GC(5) Pause Young (Allocation Failure) 596M->203M(1979M) 497.429ms
[6.595s][info][gc,cpu         ] GC(5) User=0.47s Sys=0.00s Real=0.50s
[6.874s][info][gc,start       ] GC(6) Pause Full (System.gc())
[6.874s][info][gc,phases,start] GC(6) Phase 1: Mark live objects
[6.879s][info][gc,phases      ] GC(6) Phase 1: Mark live objects 5.654ms
[6.879s][info][gc,phases,start] GC(6) Phase 2: Compute new object addresses
[6.955s][info][gc,phases      ] GC(6) Phase 2: Compute new object addresses 75.418ms
[6.955s][info][gc,phases,start] GC(6) Phase 3: Adjust pointers
[6.959s][info][gc,phases      ] GC(6) Phase 3: Adjust pointers 3.843ms
[6.959s][info][gc,phases,start] GC(6) Phase 4: Move objects
[6.960s][info][gc,phases      ] GC(6) Phase 4: Move objects 1.283ms
[6.960s][info][gc,heap        ] GC(6) DefNew: 481002K->0K(629120K)
[6.960s][info][gc,heap        ] GC(6) Tenured: 138943K->5637K(1398144K)
[6.960s][info][gc,metaspace   ] GC(6) Metaspace: 24778K(25728K)->24778K(25728K) NonClass: 21705K(22272K)->21705K(22272K) Class: 3073K(3456K)->3073K(3456K)
[6.960s][info][gc             ] GC(6) Pause Full (System.gc()) 605M->5M(1979M) 86.666ms
[6.960s][info][gc,cpu         ] GC(6) User=0.06s Sys=0.00s Real=0.09s
[7.490s][info][gc,start       ] GC(7) Pause Young (Allocation Failure)
[7.992s][info][gc,heap        ] GC(7) DefNew: 559232K->69887K(629120K)
[7.992s][info][gc,heap        ] GC(7) Tenured: 5637K->93272K(1398144K)
[7.992s][info][gc,metaspace   ] GC(7) Metaspace: 24778K(25728K)->24778K(25728K) NonClass: 21705K(22272K)->21705K(22272K) Class: 3073K(3456K)->3073K(3456K)
[7.992s][info][gc             ] GC(7) Pause Young (Allocation Failure) 551M->159M(1979M) 501.508ms
[7.992s][info][gc,cpu         ] GC(7) User=0.48s Sys=0.00s Real=0.50s
[8.284s][info][gc,start       ] GC(8) Pause Full (System.gc())
[8.284s][info][gc,phases,start] GC(8) Phase 1: Mark live objects
[8.290s][info][gc,phases      ] GC(8) Phase 1: Mark live objects 6.240ms
[8.290s][info][gc,phases,start] GC(8) Phase 2: Compute new object addresses
[8.365s][info][gc,phases      ] GC(8) Phase 2: Compute new object addresses 74.968ms
[8.365s][info][gc,phases,start] GC(8) Phase 3: Adjust pointers
[8.369s][info][gc,phases      ] GC(8) Phase 3: Adjust pointers 3.939ms
[8.369s][info][gc,phases,start] GC(8) Phase 4: Move objects
[8.369s][info][gc,phases      ] GC(8) Phase 4: Move objects 0.011ms
[8.369s][info][gc,heap        ] GC(8) DefNew: 481143K->0K(629120K)
[8.369s][info][gc,heap        ] GC(8) Tenured: 93272K->5638K(1398144K)
[8.369s][info][gc,metaspace   ] GC(8) Metaspace: 24792K(25728K)->24792K(25728K) NonClass: 21719K(22272K)->21719K(22272K) Class: 3073K(3456K)->3073K(3456K)
[8.369s][info][gc             ] GC(8) Pause Full (System.gc()) 560M->5M(1979M) 85.488ms
[8.369s][info][gc,cpu         ] GC(8) User=0.08s Sys=0.00s Real=0.09s
[8.866s][info][gc,start       ] GC(9) Pause Young (Allocation Failure)
[9.397s][info][gc,heap        ] GC(9) DefNew: 559232K->69888K(629120K)
[9.398s][info][gc,heap        ] GC(9) Tenured: 5638K->137804K(1398144K)
[9.398s][info][gc,metaspace   ] GC(9) Metaspace: 24794K(25728K)->24794K(25728K) NonClass: 21721K(22272K)->21721K(22272K) Class: 3073K(3456K)->3073K(3456K)
[9.398s][info][gc             ] GC(9) Pause Young (Allocation Failure) 551M->202M(1979M) 531.788ms
[9.398s][info][gc,cpu         ] GC(9) User=0.50s Sys=0.00s Real=0.53s
[9.699s][info][gc,start       ] GC(10) Pause Full (System.gc())
[9.699s][info][gc,phases,start] GC(10) Phase 1: Mark live objects
[9.705s][info][gc,phases      ] GC(10) Phase 1: Mark live objects 5.673ms
[9.705s][info][gc,phases,start] GC(10) Phase 2: Compute new object addresses
[9.782s][info][gc,phases      ] GC(10) Phase 2: Compute new object addresses 76.868ms
[9.782s][info][gc,phases,start] GC(10) Phase 3: Adjust pointers
[9.786s][info][gc,phases      ] GC(10) Phase 3: Adjust pointers 3.915ms
[9.786s][info][gc,phases,start] GC(10) Phase 4: Move objects
[9.786s][info][gc,phases      ] GC(10) Phase 4: Move objects 0.010ms
[9.786s][info][gc,heap        ] GC(10) DefNew: 488791K->0K(629120K)
[9.786s][info][gc,heap        ] GC(10) Tenured: 137804K->5639K(1398144K)
[9.786s][info][gc,metaspace   ] GC(10) Metaspace: 24811K(25728K)->24811K(25728K) NonClass: 21738K(22272K)->21738K(22272K) Class: 3073K(3456K)->3073K(3456K)
[9.786s][info][gc             ] GC(10) Pause Full (System.gc()) 611M->5M(1979M) 86.801ms
[9.786s][info][gc,cpu         ] GC(10) User=0.09s Sys=0.00s Real=0.09s
[10.274s][info][gc,start       ] GC(11) Pause Young (Allocation Failure)
[10.804s][info][gc,heap        ] GC(11) DefNew: 559232K->69887K(629120K)
[10.804s][info][gc,heap        ] GC(11) Tenured: 5639K->136869K(1398144K)
[10.804s][info][gc,metaspace   ] GC(11) Metaspace: 24813K(25728K)->24813K(25728K) NonClass: 21740K(22272K)->21740K(22272K) Class: 3073K(3456K)->3073K(3456K)
[10.804s][info][gc             ] GC(11) Pause Young (Allocation Failure) 551M->201M(1979M) 529.139ms
[10.804s][info][gc,cpu         ] GC(11) User=0.50s Sys=0.00s Real=0.53s
[11.120s][info][gc,start       ] GC(12) Pause Full (System.gc())
[11.120s][info][gc,phases,start] GC(12) Phase 1: Mark live objects
[11.127s][info][gc,phases      ] GC(12) Phase 1: Mark live objects 6.151ms
[11.127s][info][gc,phases,start] GC(12) Phase 2: Compute new object addresses
[11.202s][info][gc,phases      ] GC(12) Phase 2: Compute new object addresses 75.865ms
[11.202s][info][gc,phases,start] GC(12) Phase 3: Adjust pointers
[11.206s][info][gc,phases      ] GC(12) Phase 3: Adjust pointers 3.935ms
[11.206s][info][gc,phases,start] GC(12) Phase 4: Move objects
[11.206s][info][gc,phases      ] GC(12) Phase 4: Move objects 0.011ms
[11.207s][info][gc,heap        ] GC(12) DefNew: 489654K->0K(629120K)
[11.207s][info][gc,heap        ] GC(12) Tenured: 136869K->5639K(1398144K)
[11.207s][info][gc,metaspace   ] GC(12) Metaspace: 24829K(25728K)->24829K(25728K) NonClass: 21756K(22272K)->21756K(22272K) Class: 3073K(3456K)->3073K(3456K)
[11.207s][info][gc             ] GC(12) Pause Full (System.gc()) 611M->5M(1979M) 86.298ms
[11.207s][info][gc,cpu         ] GC(12) User=0.09s Sys=0.00s Real=0.09s
[11.690s][info][gc,start       ] GC(13) Pause Young (Allocation Failure)
[12.222s][info][gc,heap        ] GC(13) DefNew: 559232K->69888K(629120K)
[12.222s][info][gc,heap        ] GC(13) Tenured: 5639K->137835K(1398144K)
[12.222s][info][gc,metaspace   ] GC(13) Metaspace: 24830K(25728K)->24830K(25728K) NonClass: 21756K(22272K)->21756K(22272K) Class: 3073K(3456K)->3073K(3456K)
[12.222s][info][gc             ] GC(13) Pause Young (Allocation Failure) 551M->202M(1979M) 531.519ms
[12.222s][info][gc,cpu         ] GC(13) User=0.48s Sys=0.00s Real=0.53s
[12.575s][info][gc,start       ] GC(14) Pause Full (System.gc())
[12.575s][info][gc,phases,start] GC(14) Phase 1: Mark live objects
[12.581s][info][gc,phases      ] GC(14) Phase 1: Mark live objects 6.533ms
[12.581s][info][gc,phases,start] GC(14) Phase 2: Compute new object addresses
[12.658s][info][gc,phases      ] GC(14) Phase 2: Compute new object addresses 77.207ms
[12.659s][info][gc,phases,start] GC(14) Phase 3: Adjust pointers
[12.663s][info][gc,phases      ] GC(14) Phase 3: Adjust pointers 4.055ms
[12.663s][info][gc,phases,start] GC(14) Phase 4: Move objects
[12.663s][info][gc,phases      ] GC(14) Phase 4: Move objects 0.022ms
[12.663s][info][gc,heap        ] GC(14) DefNew: 489716K->0K(629120K)
[12.663s][info][gc,heap        ] GC(14) Tenured: 137835K->5641K(1398144K)
[12.663s][info][gc,metaspace   ] GC(14) Metaspace: 24836K(25728K)->24836K(25728K) NonClass: 21763K(22272K)->21763K(22272K) Class: 3073K(3456K)->3073K(3456K)
[12.663s][info][gc             ] GC(14) Pause Full (System.gc()) 612M->5M(1979M) 88.296ms
[12.663s][info][gc,cpu         ] GC(14) User=0.16s Sys=0.00s Real=0.09s
[13.146s][info][gc,start       ] GC(15) Pause Young (Allocation Failure)
[13.675s][info][gc,heap        ] GC(15) DefNew: 559232K->69888K(629120K)
[13.675s][info][gc,heap        ] GC(15) Tenured: 5641K->137799K(1398144K)
[13.675s][info][gc,metaspace   ] GC(15) Metaspace: 24860K(25728K)->24860K(25728K) NonClass: 21787K(22272K)->21787K(22272K) Class: 3073K(3456K)->3073K(3456K)
[13.675s][info][gc             ] GC(15) Pause Young (Allocation Failure) 551M->202M(1979M) 528.670ms
[13.675s][info][gc,cpu         ] GC(15) User=0.52s Sys=0.00s Real=0.53s
[13.983s][info][gc,start       ] GC(16) Pause Full (System.gc())
[13.983s][info][gc,phases,start] GC(16) Phase 1: Mark live objects
[13.989s][info][gc,phases      ] GC(16) Phase 1: Mark live objects 5.914ms
[13.989s][info][gc,phases,start] GC(16) Phase 2: Compute new object addresses
[14.067s][info][gc,phases      ] GC(16) Phase 2: Compute new object addresses 77.387ms
[14.067s][info][gc,phases,start] GC(16) Phase 3: Adjust pointers
[14.071s][info][gc,phases      ] GC(16) Phase 3: Adjust pointers 4.006ms
[14.071s][info][gc,phases,start] GC(16) Phase 4: Move objects
[14.071s][info][gc,phases      ] GC(16) Phase 4: Move objects 0.011ms
[14.071s][info][gc,heap        ] GC(16) DefNew: 490099K->0K(629120K)
[14.071s][info][gc,heap        ] GC(16) Tenured: 137799K->5641K(1398144K)
[14.071s][info][gc,metaspace   ] GC(16) Metaspace: 24876K(25728K)->24876K(25728K) NonClass: 21803K(22272K)->21803K(22272K) Class: 3073K(3456K)->3073K(3456K)
[14.071s][info][gc             ] GC(16) Pause Full (System.gc()) 613M->5M(1979M) 87.689ms
[14.071s][info][gc,cpu         ] GC(16) User=0.05s Sys=0.00s Real=0.09s
[14.557s][info][gc,start       ] GC(17) Pause Young (Allocation Failure)
[15.089s][info][gc,heap        ] GC(17) DefNew: 559232K->69888K(629120K)
[15.089s][info][gc,heap        ] GC(17) Tenured: 5641K->137756K(1398144K)
[15.089s][info][gc,metaspace   ] GC(17) Metaspace: 24876K(25728K)->24876K(25728K) NonClass: 21803K(22272K)->21803K(22272K) Class: 3073K(3456K)->3073K(3456K)
[15.089s][info][gc             ] GC(17) Pause Young (Allocation Failure) 551M->202M(1979M) 531.572ms
[15.089s][info][gc,cpu         ] GC(17) User=0.53s Sys=0.00s Real=0.53s
[15.385s][info][gc,start       ] GC(18) Pause Full (System.gc())
[15.386s][info][gc,phases,start] GC(18) Phase 1: Mark live objects
[15.392s][info][gc,phases      ] GC(18) Phase 1: Mark live objects 5.993ms
[15.392s][info][gc,phases,start] GC(18) Phase 2: Compute new object addresses
[15.468s][info][gc,phases      ] GC(18) Phase 2: Compute new object addresses 76.310ms
[15.468s][info][gc,phases,start] GC(18) Phase 3: Adjust pointers
[15.472s][info][gc,phases      ] GC(18) Phase 3: Adjust pointers 4.084ms
[15.472s][info][gc,phases,start] GC(18) Phase 4: Move objects
[15.472s][info][gc,phases      ] GC(18) Phase 4: Move objects 0.010ms
[15.472s][info][gc,heap        ] GC(18) DefNew: 489928K->0K(629120K)
[15.472s][info][gc,heap        ] GC(18) Tenured: 137756K->5641K(1398144K)
[15.472s][info][gc,metaspace   ] GC(18) Metaspace: 24884K(25728K)->24884K(25728K) NonClass: 21811K(22272K)->21811K(22272K) Class: 3073K(3456K)->3073K(3456K)
[15.472s][info][gc             ] GC(18) Pause Full (System.gc()) 612M->5M(1979M) 86.717ms
[15.472s][info][gc,cpu         ] GC(18) User=0.09s Sys=0.00s Real=0.09s
[15.958s][info][gc,start       ] GC(19) Pause Young (Allocation Failure)
[16.492s][info][gc,heap        ] GC(19) DefNew: 559232K->69887K(629120K)
[16.493s][info][gc,heap        ] GC(19) Tenured: 5641K->137747K(1398144K)
[16.493s][info][gc,metaspace   ] GC(19) Metaspace: 24884K(25728K)->24884K(25728K) NonClass: 21811K(22272K)->21811K(22272K) Class: 3073K(3456K)->3073K(3456K)
[16.493s][info][gc             ] GC(19) Pause Young (Allocation Failure) 551M->202M(1979M) 534.276ms
[16.493s][info][gc,cpu         ] GC(19) User=0.53s Sys=0.00s Real=0.53s
[16.775s][info][gc,start       ] GC(20) Pause Full (System.gc())
[16.775s][info][gc,phases,start] GC(20) Phase 1: Mark live objects
[16.781s][info][gc,phases      ] GC(20) Phase 1: Mark live objects 5.799ms
[16.781s][info][gc,phases,start] GC(20) Phase 2: Compute new object addresses
[16.857s][info][gc,phases      ] GC(20) Phase 2: Compute new object addresses 75.925ms
[16.857s][info][gc,phases,start] GC(20) Phase 3: Adjust pointers
[16.861s][info][gc,phases      ] GC(20) Phase 3: Adjust pointers 4.062ms
[16.861s][info][gc,phases,start] GC(20) Phase 4: Move objects
[16.861s][info][gc,phases      ] GC(20) Phase 4: Move objects 0.010ms
[16.861s][info][gc,heap        ] GC(20) DefNew: 489701K->0K(629120K)
[16.861s][info][gc,heap        ] GC(20) Tenured: 137747K->5642K(1398144K)
[16.861s][info][gc,metaspace   ] GC(20) Metaspace: 24886K(25728K)->24886K(25728K) NonClass: 21813K(22272K)->21813K(22272K) Class: 3073K(3456K)->3073K(3456K)
[16.861s][info][gc             ] GC(20) Pause Full (System.gc()) 612M->5M(1979M) 86.135ms
[16.861s][info][gc,cpu         ] GC(20) User=0.08s Sys=0.02s Real=0.09s
[17.348s][info][gc,start       ] GC(21) Pause Young (Allocation Failure)
[17.879s][info][gc,heap        ] GC(21) DefNew: 559232K->69888K(629120K)
[17.879s][info][gc,heap        ] GC(21) Tenured: 5642K->137815K(1398144K)
[17.879s][info][gc,metaspace   ] GC(21) Metaspace: 24897K(25728K)->24897K(25728K) NonClass: 21824K(22272K)->21824K(22272K) Class: 3073K(3456K)->3073K(3456K)
[17.879s][info][gc             ] GC(21) Pause Young (Allocation Failure) 551M->202M(1979M) 531.440ms
[17.879s][info][gc,cpu         ] GC(21) User=0.48s Sys=0.00s Real=0.53s
[18.161s][info][gc,start       ] GC(22) Pause Full (System.gc())
[18.161s][info][gc,phases,start] GC(22) Phase 1: Mark live objects
[18.167s][info][gc,phases      ] GC(22) Phase 1: Mark live objects 5.724ms
[18.167s][info][gc,phases,start] GC(22) Phase 2: Compute new object addresses
[18.245s][info][gc,phases      ] GC(22) Phase 2: Compute new object addresses 77.992ms
[18.245s][info][gc,phases,start] GC(22) Phase 3: Adjust pointers
[18.249s][info][gc,phases      ] GC(22) Phase 3: Adjust pointers 4.157ms
[18.249s][info][gc,phases,start] GC(22) Phase 4: Move objects
[18.249s][info][gc,phases      ] GC(22) Phase 4: Move objects 0.127ms
[18.249s][info][gc,heap        ] GC(22) DefNew: 489653K->0K(629120K)
[18.249s][info][gc,heap        ] GC(22) Tenured: 137815K->5640K(1398144K)
[18.249s][info][gc,metaspace   ] GC(22) Metaspace: 24902K(25728K)->24902K(25728K) NonClass: 21829K(22272K)->21829K(22272K) Class: 3073K(3456K)->3073K(3456K)
[18.249s][info][gc             ] GC(22) Pause Full (System.gc()) 612M->5M(1979M) 88.327ms
[18.249s][info][gc,cpu         ] GC(22) User=0.08s Sys=0.00s Real=0.09s
[18.738s][info][gc,start       ] GC(23) Pause Young (Allocation Failure)
[19.267s][info][gc,heap        ] GC(23) DefNew: 559232K->69888K(629120K)
[19.267s][info][gc,heap        ] GC(23) Tenured: 5640K->137803K(1398144K)
[19.267s][info][gc,metaspace   ] GC(23) Metaspace: 24902K(25728K)->24902K(25728K) NonClass: 21829K(22272K)->21829K(22272K) Class: 3073K(3456K)->3073K(3456K)
[19.267s][info][gc             ] GC(23) Pause Young (Allocation Failure) 551M->202M(1979M) 529.734ms
[19.267s][info][gc,cpu         ] GC(23) User=0.50s Sys=0.00s Real=0.53s
[19.573s][info][gc,start       ] GC(24) Pause Full (System.gc())
[19.574s][info][gc,phases,start] GC(24) Phase 1: Mark live objects
[19.580s][info][gc,phases      ] GC(24) Phase 1: Mark live objects 6.074ms
[19.580s][info][gc,phases,start] GC(24) Phase 2: Compute new object addresses
[19.656s][info][gc,phases      ] GC(24) Phase 2: Compute new object addresses 76.733ms
[19.656s][info][gc,phases,start] GC(24) Phase 3: Adjust pointers
[19.661s][info][gc,phases      ] GC(24) Phase 3: Adjust pointers 4.139ms
[19.661s][info][gc,phases,start] GC(24) Phase 4: Move objects
[19.661s][info][gc,phases      ] GC(24) Phase 4: Move objects 0.015ms
[19.661s][info][gc,heap        ] GC(24) DefNew: 492437K->0K(629120K)
[19.661s][info][gc,heap        ] GC(24) Tenured: 137803K->5640K(1398144K)
[19.661s][info][gc,metaspace   ] GC(24) Metaspace: 24903K(25728K)->24903K(25728K) NonClass: 21830K(22272K)->21830K(22272K) Class: 3073K(3456K)->3073K(3456K)
[19.661s][info][gc             ] GC(24) Pause Full (System.gc()) 615M->5M(1979M) 87.351ms
[19.661s][info][gc,cpu         ] GC(24) User=0.09s Sys=0.00s Real=0.09s
[20.149s][info][gc,start       ] GC(25) Pause Young (Allocation Failure)
[20.677s][info][gc,heap        ] GC(25) DefNew: 559232K->69888K(629120K)
[20.677s][info][gc,heap        ] GC(25) Tenured: 5640K->137857K(1398144K)
[20.677s][info][gc,metaspace   ] GC(25) Metaspace: 24903K(25728K)->24903K(25728K) NonClass: 21830K(22272K)->21830K(22272K) Class: 3073K(3456K)->3073K(3456K)
[20.677s][info][gc             ] GC(25) Pause Young (Allocation Failure) 551M->202M(1979M) 528.270ms
[20.677s][info][gc,cpu         ] GC(25) User=0.52s Sys=0.00s Real=0.53s
[20.946s][info][gc,start       ] GC(26) Pause Full (System.gc())
[20.946s][info][gc,phases,start] GC(26) Phase 1: Mark live objects
[20.952s][info][gc,phases      ] GC(26) Phase 1: Mark live objects 5.804ms
[20.952s][info][gc,phases,start] GC(26) Phase 2: Compute new object addresses
[21.030s][info][gc,phases      ] GC(26) Phase 2: Compute new object addresses 77.570ms
[21.030s][info][gc,phases,start] GC(26) Phase 3: Adjust pointers
[21.034s][info][gc,phases      ] GC(26) Phase 3: Adjust pointers 4.187ms
[21.034s][info][gc,phases,start] GC(26) Phase 4: Move objects
[21.034s][info][gc,phases      ] GC(26) Phase 4: Move objects 0.010ms
[21.034s][info][gc,heap        ] GC(26) DefNew: 492615K->0K(629120K)
[21.034s][info][gc,heap        ] GC(26) Tenured: 137857K->5641K(1398144K)
[21.034s][info][gc,metaspace   ] GC(26) Metaspace: 24904K(25728K)->24904K(25728K) NonClass: 21831K(22272K)->21831K(22272K) Class: 3073K(3456K)->3073K(3456K)
[21.034s][info][gc             ] GC(26) Pause Full (System.gc()) 615M->5M(1979M) 87.930ms
[21.034s][info][gc,cpu         ] GC(26) User=0.09s Sys=0.00s Real=0.09s
[21.518s][info][gc,start       ] GC(27) Pause Young (Allocation Failure)
[22.050s][info][gc,heap        ] GC(27) DefNew: 559232K->69887K(629120K)
[22.050s][info][gc,heap        ] GC(27) Tenured: 5641K->137876K(1398144K)
[22.050s][info][gc,metaspace   ] GC(27) Metaspace: 24904K(25728K)->24904K(25728K) NonClass: 21831K(22272K)->21831K(22272K) Class: 3073K(3456K)->3073K(3456K)
[22.050s][info][gc             ] GC(27) Pause Young (Allocation Failure) 551M->202M(1979M) 531.861ms
[22.050s][info][gc,cpu         ] GC(27) User=0.50s Sys=0.00s Real=0.53s
[22.342s][info][gc,start       ] GC(28) Pause Full (System.gc())
[22.342s][info][gc,phases,start] GC(28) Phase 1: Mark live objects
[22.348s][info][gc,phases      ] GC(28) Phase 1: Mark live objects 5.772ms
[22.348s][info][gc,phases,start] GC(28) Phase 2: Compute new object addresses
[22.424s][info][gc,phases      ] GC(28) Phase 2: Compute new object addresses 76.501ms
[22.424s][info][gc,phases,start] GC(28) Phase 3: Adjust pointers
[22.429s][info][gc,phases      ] GC(28) Phase 3: Adjust pointers 4.146ms
[22.429s][info][gc,phases,start] GC(28) Phase 4: Move objects
[22.429s][info][gc,phases      ] GC(28) Phase 4: Move objects 0.011ms
[22.429s][info][gc,heap        ] GC(28) DefNew: 489643K->0K(629120K)
[22.429s][info][gc,heap        ] GC(28) Tenured: 137876K->5641K(1398144K)
[22.429s][info][gc,metaspace   ] GC(28) Metaspace: 24905K(25728K)->24905K(25728K) NonClass: 21832K(22272K)->21832K(22272K) Class: 3073K(3456K)->3073K(3456K)
[22.429s][info][gc             ] GC(28) Pause Full (System.gc()) 612M->5M(1979M) 86.761ms
[22.429s][info][gc,cpu         ] GC(28) User=0.08s Sys=0.00s Real=0.09s
[22.931s][info][gc,start       ] GC(29) Pause Young (Allocation Failure)
[23.466s][info][gc,heap        ] GC(29) DefNew: 559232K->69888K(629120K)
[23.466s][info][gc,heap        ] GC(29) Tenured: 5641K->137792K(1398144K)
[23.466s][info][gc,metaspace   ] GC(29) Metaspace: 24905K(25728K)->24905K(25728K) NonClass: 21832K(22272K)->21832K(22272K) Class: 3073K(3456K)->3073K(3456K)
[23.466s][info][gc             ] GC(29) Pause Young (Allocation Failure) 551M->202M(1979M) 535.361ms
[23.466s][info][gc,cpu         ] GC(29) User=0.53s Sys=0.00s Real=0.54s
[23.764s][info][gc,start       ] GC(30) Pause Full (System.gc())
[23.764s][info][gc,phases,start] GC(30) Phase 1: Mark live objects
[23.771s][info][gc,phases      ] GC(30) Phase 1: Mark live objects 6.753ms
[23.771s][info][gc,phases,start] GC(30) Phase 2: Compute new object addresses
[23.847s][info][gc,phases      ] GC(30) Phase 2: Compute new object addresses 76.504ms
[23.847s][info][gc,phases,start] GC(30) Phase 3: Adjust pointers
[23.851s][info][gc,phases      ] GC(30) Phase 3: Adjust pointers 4.125ms
[23.852s][info][gc,phases,start] GC(30) Phase 4: Move objects
[23.852s][info][gc,phases      ] GC(30) Phase 4: Move objects 0.009ms
[23.852s][info][gc,heap        ] GC(30) DefNew: 489659K->0K(629120K)
[23.852s][info][gc,heap        ] GC(30) Tenured: 137792K->5641K(1398144K)
[23.852s][info][gc,metaspace   ] GC(30) Metaspace: 24910K(25728K)->24910K(25728K) NonClass: 21837K(22272K)->21837K(22272K) Class: 3073K(3456K)->3073K(3456K)
[23.852s][info][gc             ] GC(30) Pause Full (System.gc()) 612M->5M(1979M) 87.709ms
[23.852s][info][gc,cpu         ] GC(30) User=0.08s Sys=0.00s Real=0.09s
[24.344s][info][gc,start       ] GC(31) Pause Young (Allocation Failure)
[24.872s][info][gc,heap        ] GC(31) DefNew: 559232K->69888K(629120K)
[24.872s][info][gc,heap        ] GC(31) Tenured: 5641K->137776K(1398144K)
[24.872s][info][gc,metaspace   ] GC(31) Metaspace: 24914K(25728K)->24914K(25728K) NonClass: 21840K(22272K)->21840K(22272K) Class: 3073K(3456K)->3073K(3456K)
[24.872s][info][gc             ] GC(31) Pause Young (Allocation Failure) 551M->202M(1979M) 528.267ms
[24.872s][info][gc,cpu         ] GC(31) User=0.50s Sys=0.00s Real=0.53s
[25.147s][info][gc,start       ] GC(32) Pause Full (System.gc())
[25.147s][info][gc,phases,start] GC(32) Phase 1: Mark live objects
[25.154s][info][gc,phases      ] GC(32) Phase 1: Mark live objects 6.311ms
[25.154s][info][gc,phases,start] GC(32) Phase 2: Compute new object addresses
[25.231s][info][gc,phases      ] GC(32) Phase 2: Compute new object addresses 77.356ms
[25.231s][info][gc,phases,start] GC(32) Phase 3: Adjust pointers
[25.235s][info][gc,phases      ] GC(32) Phase 3: Adjust pointers 4.145ms
[25.235s][info][gc,phases,start] GC(32) Phase 4: Move objects
[25.235s][info][gc,phases      ] GC(32) Phase 4: Move objects 0.011ms
[25.235s][info][gc,heap        ] GC(32) DefNew: 492438K->0K(629120K)
[25.235s][info][gc,heap        ] GC(32) Tenured: 137776K->5644K(1398144K)
[25.235s][info][gc,metaspace   ] GC(32) Metaspace: 24915K(25728K)->24915K(25728K) NonClass: 21842K(22272K)->21842K(22272K) Class: 3073K(3456K)->3073K(3456K)
[25.235s][info][gc             ] GC(32) Pause Full (System.gc()) 615M->5M(1979M) 88.152ms
[25.235s][info][gc,cpu         ] GC(32) User=0.08s Sys=0.00s Real=0.09s
[25.719s][info][gc,start       ] GC(33) Pause Young (Allocation Failure)
[26.252s][info][gc,heap        ] GC(33) DefNew: 559232K->69888K(629120K)
[26.252s][info][gc,heap        ] GC(33) Tenured: 5644K->137856K(1398144K)
[26.252s][info][gc,metaspace   ] GC(33) Metaspace: 24915K(25728K)->24915K(25728K) NonClass: 21842K(22272K)->21842K(22272K) Class: 3073K(3456K)->3073K(3456K)
[26.252s][info][gc             ] GC(33) Pause Young (Allocation Failure) 551M->202M(1979M) 532.453ms
[26.252s][info][gc,cpu         ] GC(33) User=0.52s Sys=0.00s Real=0.53s
[26.565s][info][gc,start       ] GC(34) Pause Full (System.gc())
[26.565s][info][gc,phases,start] GC(34) Phase 1: Mark live objects
[26.571s][info][gc,phases      ] GC(34) Phase 1: Mark live objects 6.267ms
[26.572s][info][gc,phases,start] GC(34) Phase 2: Compute new object addresses
[26.646s][info][gc,phases      ] GC(34) Phase 2: Compute new object addresses 74.013ms
[26.646s][info][gc,phases,start] GC(34) Phase 3: Adjust pointers
[26.650s][info][gc,phases      ] GC(34) Phase 3: Adjust pointers 4.263ms
[26.650s][info][gc,phases,start] GC(34) Phase 4: Move objects
[26.650s][info][gc,phases      ] GC(34) Phase 4: Move objects 0.011ms
[26.650s][info][gc,heap        ] GC(34) DefNew: 486849K->0K(629120K)
[26.650s][info][gc,heap        ] GC(34) Tenured: 137856K->5644K(1398144K)
[26.650s][info][gc,metaspace   ] GC(34) Metaspace: 24922K(25728K)->24922K(25728K) NonClass: 21849K(22272K)->21849K(22272K) Class: 3073K(3456K)->3073K(3456K)
[26.650s][info][gc             ] GC(34) Pause Full (System.gc()) 610M->5M(1979M) 84.892ms
[26.650s][info][gc,cpu         ] GC(34) User=0.08s Sys=0.00s Real=0.08s
[27.143s][info][gc,start       ] GC(35) Pause Young (Allocation Failure)
[27.670s][info][gc,heap        ] GC(35) DefNew: 559232K->69887K(629120K)
[27.670s][info][gc,heap        ] GC(35) Tenured: 5644K->137800K(1398144K)
[27.670s][info][gc,metaspace   ] GC(35) Metaspace: 24922K(25728K)->24922K(25728K) NonClass: 21849K(22272K)->21849K(22272K) Class: 3073K(3456K)->3073K(3456K)
[27.670s][info][gc             ] GC(35) Pause Young (Allocation Failure) 551M->202M(1979M) 527.179ms
[27.670s][info][gc,cpu         ] GC(35) User=0.52s Sys=0.00s Real=0.53s
[27.942s][info][gc,start       ] GC(36) Pause Full (System.gc())
[27.942s][info][gc,phases,start] GC(36) Phase 1: Mark live objects
[27.948s][info][gc,phases      ] GC(36) Phase 1: Mark live objects 6.452ms
[27.948s][info][gc,phases,start] GC(36) Phase 2: Compute new object addresses
[28.009s][info][gc,phases      ] GC(36) Phase 2: Compute new object addresses 60.975ms
[28.009s][info][gc,phases,start] GC(36) Phase 3: Adjust pointers
[28.013s][info][gc,phases      ] GC(36) Phase 3: Adjust pointers 4.233ms
[28.013s][info][gc,phases,start] GC(36) Phase 4: Move objects
[28.013s][info][gc,phases      ] GC(36) Phase 4: Move objects 0.012ms
[28.014s][info][gc,heap        ] GC(36) DefNew: 388820K->0K(629120K)
[28.014s][info][gc,heap        ] GC(36) Tenured: 137800K->5649K(1398144K)
[28.014s][info][gc,metaspace   ] GC(36) Metaspace: 24923K(25728K)->24923K(25728K) NonClass: 21849K(22272K)->21849K(22272K) Class: 3073K(3456K)->3073K(3456K)
[28.014s][info][gc             ] GC(36) Pause Full (System.gc()) 514M->5M(1979M) 72.050ms
[28.014s][info][gc,cpu         ] GC(36) User=0.06s Sys=0.00s Real=0.07s
[28.498s][info][gc,start       ] GC(37) Pause Young (Allocation Failure)
[29.028s][info][gc,heap        ] GC(37) DefNew: 559232K->69887K(629120K)
[29.028s][info][gc,heap        ] GC(37) Tenured: 5649K->137798K(1398144K)
[29.028s][info][gc,metaspace   ] GC(37) Metaspace: 24923K(25728K)->24923K(25728K) NonClass: 21849K(22272K)->21849K(22272K) Class: 3073K(3456K)->3073K(3456K)
[29.028s][info][gc             ] GC(37) Pause Young (Allocation Failure) 551M->202M(1979M) 530.613ms
[29.028s][info][gc,cpu         ] GC(37) User=0.50s Sys=0.00s Real=0.53s
[29.304s][info][gc,start       ] GC(38) Pause Full (System.gc())
[29.304s][info][gc,phases,start] GC(38) Phase 1: Mark live objects
[29.310s][info][gc,phases      ] GC(38) Phase 1: Mark live objects 5.825ms
[29.310s][info][gc,phases,start] GC(38) Phase 2: Compute new object addresses
[29.370s][info][gc,phases      ] GC(38) Phase 2: Compute new object addresses 59.956ms
[29.370s][info][gc,phases,start] GC(38) Phase 3: Adjust pointers
[29.374s][info][gc,phases      ] GC(38) Phase 3: Adjust pointers 4.247ms
[29.374s][info][gc,phases,start] GC(38) Phase 4: Move objects
[29.376s][info][gc,phases      ] GC(38) Phase 4: Move objects 1.071ms
[29.376s][info][gc,heap        ] GC(38) DefNew: 385933K->0K(629120K)
[29.376s][info][gc,heap        ] GC(38) Tenured: 137798K->5657K(1398144K)
[29.376s][info][gc,metaspace   ] GC(38) Metaspace: 24923K(25728K)->24923K(25728K) NonClass: 21849K(22272K)->21849K(22272K) Class: 3073K(3456K)->3073K(3456K)
[29.376s][info][gc             ] GC(38) Pause Full (System.gc()) 511M->5M(1979M) 71.586ms
[29.376s][info][gc,cpu         ] GC(38) User=0.06s Sys=0.00s Real=0.07s
[29.860s][info][gc,start       ] GC(39) Pause Young (Allocation Failure)
[30.392s][info][gc,heap        ] GC(39) DefNew: 559232K->69887K(629120K)
[30.392s][info][gc,heap        ] GC(39) Tenured: 5657K->137859K(1398144K)
[30.392s][info][gc,metaspace   ] GC(39) Metaspace: 24923K(25728K)->24923K(25728K) NonClass: 21849K(22272K)->21849K(22272K) Class: 3073K(3456K)->3073K(3456K)
[30.392s][info][gc             ] GC(39) Pause Young (Allocation Failure) 551M->202M(1979M) 532.793ms
[30.392s][info][gc,cpu         ] GC(39) User=0.50s Sys=0.00s Real=0.53s
[30.665s][info][gc,start       ] GC(40) Pause Full (System.gc())
[30.665s][info][gc,phases,start] GC(40) Phase 1: Mark live objects
[30.671s][info][gc,phases      ] GC(40) Phase 1: Mark live objects 5.875ms
[30.671s][info][gc,phases,start] GC(40) Phase 2: Compute new object addresses
[30.729s][info][gc,phases      ] GC(40) Phase 2: Compute new object addresses 58.351ms
[30.729s][info][gc,phases,start] GC(40) Phase 3: Adjust pointers
[30.733s][info][gc,phases      ] GC(40) Phase 3: Adjust pointers 4.235ms
[30.733s][info][gc,phases,start] GC(40) Phase 4: Move objects
[30.734s][info][gc,phases      ] GC(40) Phase 4: Move objects 0.010ms
[30.734s][info][gc,heap        ] GC(40) DefNew: 385936K->0K(629120K)
[30.734s][info][gc,heap        ] GC(40) Tenured: 137859K->5657K(1398144K)
[30.734s][info][gc,metaspace   ] GC(40) Metaspace: 24923K(25728K)->24923K(25728K) NonClass: 21849K(22272K)->21849K(22272K) Class: 3073K(3456K)->3073K(3456K)
[30.734s][info][gc             ] GC(40) Pause Full (System.gc()) 511M->5M(1979M) 68.797ms
[30.734s][info][gc,cpu         ] GC(40) User=0.08s Sys=0.00s Real=0.07s
[31.222s][info][gc,start       ] GC(41) Pause Young (Allocation Failure)
[31.754s][info][gc,heap        ] GC(41) DefNew: 559232K->69887K(629120K)
[31.754s][info][gc,heap        ] GC(41) Tenured: 5657K->137810K(1398144K)
[31.754s][info][gc,metaspace   ] GC(41) Metaspace: 24923K(25728K)->24923K(25728K) NonClass: 21849K(22272K)->21849K(22272K) Class: 3073K(3456K)->3073K(3456K)
[31.754s][info][gc             ] GC(41) Pause Young (Allocation Failure) 551M->202M(1979M) 531.817ms
[31.754s][info][gc,cpu         ] GC(41) User=0.52s Sys=0.00s Real=0.53s
[32.029s][info][gc,start       ] GC(42) Pause Full (System.gc())
[32.029s][info][gc,phases,start] GC(42) Phase 1: Mark live objects
[32.035s][info][gc,phases      ] GC(42) Phase 1: Mark live objects 6.188ms
[32.035s][info][gc,phases,start] GC(42) Phase 2: Compute new object addresses
[32.094s][info][gc,phases      ] GC(42) Phase 2: Compute new object addresses 59.059ms
[32.094s][info][gc,phases,start] GC(42) Phase 3: Adjust pointers
[32.098s][info][gc,phases      ] GC(42) Phase 3: Adjust pointers 4.252ms
[32.098s][info][gc,phases,start] GC(42) Phase 4: Move objects
[32.099s][info][gc,phases      ] GC(42) Phase 4: Move objects 0.010ms
[32.099s][info][gc,heap        ] GC(42) DefNew: 388718K->0K(629120K)
[32.099s][info][gc,heap        ] GC(42) Tenured: 137810K->5657K(1398144K)
[32.099s][info][gc,metaspace   ] GC(42) Metaspace: 24924K(25728K)->24924K(25728K) NonClass: 21851K(22272K)->21851K(22272K) Class: 3073K(3456K)->3073K(3456K)
[32.099s][info][gc             ] GC(42) Pause Full (System.gc()) 514M->5M(1979M) 69.877ms
[32.099s][info][gc,cpu         ] GC(42) User=0.06s Sys=0.00s Real=0.07s
[32.584s][info][gc,start       ] GC(43) Pause Young (Allocation Failure)
[33.114s][info][gc,heap        ] GC(43) DefNew: 559232K->69888K(629120K)
[33.114s][info][gc,heap        ] GC(43) Tenured: 5657K->137819K(1398144K)
[33.114s][info][gc,metaspace   ] GC(43) Metaspace: 24924K(25728K)->24924K(25728K) NonClass: 21851K(22272K)->21851K(22272K) Class: 3073K(3456K)->3073K(3456K)
[33.114s][info][gc             ] GC(43) Pause Young (Allocation Failure) 551M->202M(1979M) 530.061ms
[33.114s][info][gc,cpu         ] GC(43) User=0.52s Sys=0.00s Real=0.53s
[33.374s][info][gc,start       ] GC(44) Pause Full (System.gc())
[33.375s][info][gc,phases,start] GC(44) Phase 1: Mark live objects
[33.381s][info][gc,phases      ] GC(44) Phase 1: Mark live objects 6.295ms
[33.381s][info][gc,phases,start] GC(44) Phase 2: Compute new object addresses
[33.440s][info][gc,phases      ] GC(44) Phase 2: Compute new object addresses 59.163ms
[33.440s][info][gc,phases,start] GC(44) Phase 3: Adjust pointers
[33.444s][info][gc,phases      ] GC(44) Phase 3: Adjust pointers 4.260ms
[33.444s][info][gc,phases,start] GC(44) Phase 4: Move objects
[33.444s][info][gc,phases      ] GC(44) Phase 4: Move objects 0.010ms
[33.444s][info][gc,heap        ] GC(44) DefNew: 388721K->0K(629120K)
[33.444s][info][gc,heap        ] GC(44) Tenured: 137819K->5657K(1398144K)
[33.444s][info][gc,metaspace   ] GC(44) Metaspace: 24925K(25728K)->24925K(25728K) NonClass: 21852K(22272K)->21852K(22272K) Class: 3073K(3456K)->3073K(3456K)
[33.445s][info][gc             ] GC(44) Pause Full (System.gc()) 514M->5M(1979M) 70.100ms
[33.445s][info][gc,cpu         ] GC(44) User=0.06s Sys=0.00s Real=0.07s
[33.933s][info][gc,start       ] GC(45) Pause Young (Allocation Failure)
[34.468s][info][gc,heap        ] GC(45) DefNew: 559232K->69887K(629120K)
[34.468s][info][gc,heap        ] GC(45) Tenured: 5657K->137868K(1398144K)
[34.468s][info][gc,metaspace   ] GC(45) Metaspace: 24925K(25728K)->24925K(25728K) NonClass: 21852K(22272K)->21852K(22272K) Class: 3073K(3456K)->3073K(3456K)
[34.468s][info][gc             ] GC(45) Pause Young (Allocation Failure) 551M->202M(1979M) 534.701ms
[34.468s][info][gc,cpu         ] GC(45) User=0.53s Sys=0.00s Real=0.53s
[34.732s][info][gc,start       ] GC(46) Pause Full (System.gc())
[34.732s][info][gc,phases,start] GC(46) Phase 1: Mark live objects
[34.739s][info][gc,phases      ] GC(46) Phase 1: Mark live objects 6.392ms
[34.739s][info][gc,phases,start] GC(46) Phase 2: Compute new object addresses
[34.798s][info][gc,phases      ] GC(46) Phase 2: Compute new object addresses 59.621ms
[34.798s][info][gc,phases,start] GC(46) Phase 3: Adjust pointers
[34.803s][info][gc,phases      ] GC(46) Phase 3: Adjust pointers 4.199ms
[34.803s][info][gc,phases,start] GC(46) Phase 4: Move objects
[34.803s][info][gc,phases      ] GC(46) Phase 4: Move objects 0.009ms
[34.803s][info][gc,heap        ] GC(46) DefNew: 388727K->0K(629120K)
[34.803s][info][gc,heap        ] GC(46) Tenured: 137868K->5657K(1398144K)
[34.803s][info][gc,metaspace   ] GC(46) Metaspace: 24926K(25728K)->24926K(25728K) NonClass: 21852K(22272K)->21852K(22272K) Class: 3073K(3456K)->3073K(3456K)
[34.803s][info][gc             ] GC(46) Pause Full (System.gc()) 514M->5M(1979M) 70.584ms
[34.803s][info][gc,cpu         ] GC(46) User=0.06s Sys=0.00s Real=0.07s
[35.292s][info][gc,start       ] GC(47) Pause Young (Allocation Failure)
[35.821s][info][gc,heap        ] GC(47) DefNew: 559232K->69888K(629120K)
[35.821s][info][gc,heap        ] GC(47) Tenured: 5657K->137816K(1398144K)
[35.821s][info][gc,metaspace   ] GC(47) Metaspace: 24926K(25728K)->24926K(25728K) NonClass: 21852K(22272K)->21852K(22272K) Class: 3073K(3456K)->3073K(3456K)
[35.821s][info][gc             ] GC(47) Pause Young (Allocation Failure) 551M->202M(1979M) 529.339ms
[35.821s][info][gc,cpu         ] GC(47) User=0.52s Sys=0.00s Real=0.53s
[36.101s][info][gc,start       ] GC(48) Pause Full (System.gc())
[36.101s][info][gc,phases,start] GC(48) Phase 1: Mark live objects
[36.107s][info][gc,phases      ] GC(48) Phase 1: Mark live objects 6.137ms
[36.107s][info][gc,phases,start] GC(48) Phase 2: Compute new object addresses
[36.167s][info][gc,phases      ] GC(48) Phase 2: Compute new object addresses 60.106ms
[36.167s][info][gc,phases,start] GC(48) Phase 3: Adjust pointers
[36.171s][info][gc,phases      ] GC(48) Phase 3: Adjust pointers 4.217ms
[36.171s][info][gc,phases,start] GC(48) Phase 4: Move objects
[36.171s][info][gc,phases      ] GC(48) Phase 4: Move objects 0.010ms
[36.171s][info][gc,heap        ] GC(48) DefNew: 388719K->0K(629120K)
[36.171s][info][gc,heap        ] GC(48) Tenured: 137816K->5657K(1398144K)
[36.171s][info][gc,metaspace   ] GC(48) Metaspace: 24927K(25728K)->24927K(25728K) NonClass: 21853K(22272K)->21853K(22272K) Class: 3073K(3456K)->3073K(3456K)
[36.171s][info][gc             ] GC(48) Pause Full (System.gc()) 514M->5M(1979M) 70.877ms
[36.172s][info][gc,cpu         ] GC(48) User=0.06s Sys=0.00s Real=0.07s
[36.662s][info][gc,start       ] GC(49) Pause Young (Allocation Failure)
[37.194s][info][gc,heap        ] GC(49) DefNew: 559232K->69887K(629120K)
[37.194s][info][gc,heap        ] GC(49) Tenured: 5657K->137859K(1398144K)
[37.194s][info][gc,metaspace   ] GC(49) Metaspace: 24927K(25728K)->24927K(25728K) NonClass: 21853K(22272K)->21853K(22272K) Class: 3073K(3456K)->3073K(3456K)
[37.194s][info][gc             ] GC(49) Pause Young (Allocation Failure) 551M->202M(1979M) 532.239ms
[37.194s][info][gc,cpu         ] GC(49) User=0.50s Sys=0.00s Real=0.53s
[37.493s][info][gc,start       ] GC(50) Pause Full (System.gc())
[37.493s][info][gc,phases,start] GC(50) Phase 1: Mark live objects
[37.499s][info][gc,phases      ] GC(50) Phase 1: Mark live objects 6.032ms
[37.499s][info][gc,phases,start] GC(50) Phase 2: Compute new object addresses
[37.557s][info][gc,phases      ] GC(50) Phase 2: Compute new object addresses 58.300ms
[37.557s][info][gc,phases,start] GC(50) Phase 3: Adjust pointers
[37.562s][info][gc,phases      ] GC(50) Phase 3: Adjust pointers 4.440ms
[37.562s][info][gc,phases,start] GC(50) Phase 4: Move objects
[37.562s][info][gc,phases      ] GC(50) Phase 4: Move objects 0.010ms
[37.562s][info][gc,heap        ] GC(50) DefNew: 388725K->0K(629120K)
[37.562s][info][gc,heap        ] GC(50) Tenured: 137859K->5657K(1398144K)
[37.562s][info][gc,metaspace   ] GC(50) Metaspace: 24930K(25728K)->24930K(25728K) NonClass: 21856K(22272K)->21856K(22272K) Class: 3073K(3456K)->3073K(3456K)
[37.562s][info][gc             ] GC(50) Pause Full (System.gc()) 514M->5M(1979M) 69.102ms
[37.562s][info][gc,cpu         ] GC(50) User=0.06s Sys=0.00s Real=0.07s
[38.052s][info][gc,start       ] GC(51) Pause Young (Allocation Failure)
[38.582s][info][gc,heap        ] GC(51) DefNew: 559232K->69888K(629120K)
[38.582s][info][gc,heap        ] GC(51) Tenured: 5657K->137879K(1398144K)
[38.582s][info][gc,metaspace   ] GC(51) Metaspace: 24931K(25728K)->24931K(25728K) NonClass: 21857K(22272K)->21857K(22272K) Class: 3073K(3456K)->3073K(3456K)
[38.582s][info][gc             ] GC(51) Pause Young (Allocation Failure) 551M->202M(1979M) 530.605ms
[38.582s][info][gc,cpu         ] GC(51) User=0.52s Sys=0.00s Real=0.53s
[38.860s][info][gc,start       ] GC(52) Pause Full (System.gc())
[38.860s][info][gc,phases,start] GC(52) Phase 1: Mark live objects
[38.867s][info][gc,phases      ] GC(52) Phase 1: Mark live objects 6.365ms
[38.867s][info][gc,phases,start] GC(52) Phase 2: Compute new object addresses
[38.926s][info][gc,phases      ] GC(52) Phase 2: Compute new object addresses 59.278ms
[38.926s][info][gc,phases,start] GC(52) Phase 3: Adjust pointers
[38.930s][info][gc,phases      ] GC(52) Phase 3: Adjust pointers 4.226ms
[38.930s][info][gc,phases,start] GC(52) Phase 4: Move objects
[38.930s][info][gc,phases      ] GC(52) Phase 4: Move objects 0.010ms
[38.930s][info][gc,heap        ] GC(52) DefNew: 388723K->0K(629120K)
[38.930s][info][gc,heap        ] GC(52) Tenured: 137879K->5657K(1398144K)
[38.930s][info][gc,metaspace   ] GC(52) Metaspace: 24931K(25728K)->24931K(25728K) NonClass: 21858K(22272K)->21858K(22272K) Class: 3073K(3456K)->3073K(3456K)
[38.930s][info][gc             ] GC(52) Pause Full (System.gc()) 514M->5M(1979M) 70.232ms
[38.930s][info][gc,cpu         ] GC(52) User=0.06s Sys=0.00s Real=0.07s
[39.417s][info][gc,start       ] GC(53) Pause Young (Allocation Failure)
[39.944s][info][gc,heap        ] GC(53) DefNew: 559232K->69888K(629120K)
[39.944s][info][gc,heap        ] GC(53) Tenured: 5657K->137878K(1398144K)
[39.944s][info][gc,metaspace   ] GC(53) Metaspace: 24931K(25728K)->24931K(25728K) NonClass: 21858K(22272K)->21858K(22272K) Class: 3073K(3456K)->3073K(3456K)
[39.944s][info][gc             ] GC(53) Pause Young (Allocation Failure) 551M->202M(1979M) 527.341ms
[39.944s][info][gc,cpu         ] GC(53) User=0.52s Sys=0.00s Real=0.53s
[40.214s][info][gc,start       ] GC(54) Pause Full (System.gc())
[40.214s][info][gc,phases,start] GC(54) Phase 1: Mark live objects
[40.221s][info][gc,phases      ] GC(54) Phase 1: Mark live objects 6.340ms
[40.221s][info][gc,phases,start] GC(54) Phase 2: Compute new object addresses
[40.281s][info][gc,phases      ] GC(54) Phase 2: Compute new object addresses 60.375ms
[40.281s][info][gc,phases,start] GC(54) Phase 3: Adjust pointers
[40.285s][info][gc,phases      ] GC(54) Phase 3: Adjust pointers 4.276ms
[40.285s][info][gc,phases,start] GC(54) Phase 4: Move objects
[40.285s][info][gc,phases      ] GC(54) Phase 4: Move objects 0.010ms
[40.286s][info][gc,heap        ] GC(54) DefNew: 388721K->0K(629120K)
[40.286s][info][gc,heap        ] GC(54) Tenured: 137878K->5657K(1398144K)
[40.286s][info][gc,metaspace   ] GC(54) Metaspace: 24932K(25728K)->24932K(25728K) NonClass: 21858K(22272K)->21858K(22272K) Class: 3073K(3456K)->3073K(3456K)
[40.286s][info][gc             ] GC(54) Pause Full (System.gc()) 514M->5M(1979M) 71.377ms
[40.286s][info][gc,cpu         ] GC(54) User=0.08s Sys=0.00s Real=0.07s
[40.767s][info][gc,start       ] GC(55) Pause Young (Allocation Failure)
[41.298s][info][gc,heap        ] GC(55) DefNew: 559232K->69888K(629120K)
[41.298s][info][gc,heap        ] GC(55) Tenured: 5657K->137817K(1398144K)
[41.298s][info][gc,metaspace   ] GC(55) Metaspace: 24932K(25728K)->24932K(25728K) NonClass: 21858K(22272K)->21858K(22272K) Class: 3073K(3456K)->3073K(3456K)
[41.298s][info][gc             ] GC(55) Pause Young (Allocation Failure) 551M->202M(1979M) 531.652ms
[41.298s][info][gc,cpu         ] GC(55) User=0.47s Sys=0.00s Real=0.53s
[41.565s][info][gc,start       ] GC(56) Pause Full (System.gc())
[41.565s][info][gc,phases,start] GC(56) Phase 1: Mark live objects
[41.572s][info][gc,phases      ] GC(56) Phase 1: Mark live objects 7.122ms
[41.572s][info][gc,phases,start] GC(56) Phase 2: Compute new object addresses
[41.632s][info][gc,phases      ] GC(56) Phase 2: Compute new object addresses 59.399ms
[41.632s][info][gc,phases,start] GC(56) Phase 3: Adjust pointers
[41.636s][info][gc,phases      ] GC(56) Phase 3: Adjust pointers 4.238ms
[41.636s][info][gc,phases,start] GC(56) Phase 4: Move objects
[41.636s][info][gc,phases      ] GC(56) Phase 4: Move objects 0.010ms
[41.636s][info][gc,heap        ] GC(56) DefNew: 388799K->0K(629120K)
[41.636s][info][gc,heap        ] GC(56) Tenured: 137817K->5658K(1398144K)
[41.636s][info][gc,metaspace   ] GC(56) Metaspace: 24932K(25728K)->24932K(25728K) NonClass: 21859K(22272K)->21859K(22272K) Class: 3073K(3456K)->3073K(3456K)
[41.636s][info][gc             ] GC(56) Pause Full (System.gc()) 514M->5M(1979M) 71.130ms
[41.636s][info][gc,cpu         ] GC(56) User=0.06s Sys=0.00s Real=0.07s
[42.123s][info][gc,start       ] GC(57) Pause Young (Allocation Failure)
[42.653s][info][gc,heap        ] GC(57) DefNew: 559232K->69888K(629120K)
[42.653s][info][gc,heap        ] GC(57) Tenured: 5658K->137911K(1398144K)
[42.653s][info][gc,metaspace   ] GC(57) Metaspace: 24932K(25728K)->24932K(25728K) NonClass: 21859K(22272K)->21859K(22272K) Class: 3073K(3456K)->3073K(3456K)
[42.653s][info][gc             ] GC(57) Pause Young (Allocation Failure) 551M->202M(1979M) 530.019ms
[42.653s][info][gc,cpu         ] GC(57) User=0.53s Sys=0.00s Real=0.53s
[42.906s][info][gc,start       ] GC(58) Pause Full (System.gc())
[42.906s][info][gc,phases,start] GC(58) Phase 1: Mark live objects
[42.912s][info][gc,phases      ] GC(58) Phase 1: Mark live objects 6.085ms
[42.912s][info][gc,phases,start] GC(58) Phase 2: Compute new object addresses
[42.970s][info][gc,phases      ] GC(58) Phase 2: Compute new object addresses 58.117ms
[42.970s][info][gc,phases,start] GC(58) Phase 3: Adjust pointers
[42.974s][info][gc,phases      ] GC(58) Phase 3: Adjust pointers 4.274ms
[42.974s][info][gc,phases,start] GC(58) Phase 4: Move objects
[42.974s][info][gc,phases      ] GC(58) Phase 4: Move objects 0.010ms
[42.974s][info][gc,heap        ] GC(58) DefNew: 385928K->0K(629120K)
[42.974s][info][gc,heap        ] GC(58) Tenured: 137911K->5658K(1398144K)
[42.974s][info][gc,metaspace   ] GC(58) Metaspace: 24933K(25728K)->24933K(25728K) NonClass: 21859K(22272K)->21859K(22272K) Class: 3073K(3456K)->3073K(3456K)
[42.974s][info][gc             ] GC(58) Pause Full (System.gc()) 511M->5M(1979M) 68.852ms
[42.974s][info][gc,cpu         ] GC(58) User=0.06s Sys=0.00s Real=0.07s
[43.467s][info][gc,start       ] GC(59) Pause Young (Allocation Failure)
[43.994s][info][gc,heap        ] GC(59) DefNew: 559232K->69888K(629120K)
[43.994s][info][gc,heap        ] GC(59) Tenured: 5658K->137812K(1398144K)
[43.994s][info][gc,metaspace   ] GC(59) Metaspace: 24933K(25728K)->24933K(25728K) NonClass: 21859K(22272K)->21859K(22272K) Class: 3073K(3456K)->3073K(3456K)
[43.994s][info][gc             ] GC(59) Pause Young (Allocation Failure) 551M->202M(1979M) 527.146ms
[43.994s][info][gc,cpu         ] GC(59) User=0.50s Sys=0.00s Real=0.53s
[44.260s][info][gc,start       ] GC(60) Pause Full (System.gc())
[44.260s][info][gc,phases,start] GC(60) Phase 1: Mark live objects
[44.266s][info][gc,phases      ] GC(60) Phase 1: Mark live objects 5.855ms
[44.266s][info][gc,phases,start] GC(60) Phase 2: Compute new object addresses
[44.326s][info][gc,phases      ] GC(60) Phase 2: Compute new object addresses 60.677ms
[44.326s][info][gc,phases,start] GC(60) Phase 3: Adjust pointers
[44.331s][info][gc,phases      ] GC(60) Phase 3: Adjust pointers 4.272ms
[44.331s][info][gc,phases,start] GC(60) Phase 4: Move objects
[44.331s][info][gc,phases      ] GC(60) Phase 4: Move objects 0.010ms
[44.331s][info][gc,heap        ] GC(60) DefNew: 385944K->0K(629120K)
[44.331s][info][gc,heap        ] GC(60) Tenured: 137812K->5658K(1398144K)
[44.331s][info][gc,metaspace   ] GC(60) Metaspace: 24937K(25728K)->24937K(25728K) NonClass: 21863K(22272K)->21863K(22272K) Class: 3073K(3456K)->3073K(3456K)
[44.331s][info][gc             ] GC(60) Pause Full (System.gc()) 511M->5M(1979M) 71.155ms
[44.331s][info][gc,cpu         ] GC(60) User=0.08s Sys=0.00s Real=0.07s
[44.819s][info][gc,start       ] GC(61) Pause Young (Allocation Failure)
[45.349s][info][gc,heap        ] GC(61) DefNew: 559232K->69888K(629120K)
[45.349s][info][gc,heap        ] GC(61) Tenured: 5658K->137805K(1398144K)
[45.349s][info][gc,metaspace   ] GC(61) Metaspace: 24942K(25728K)->24942K(25728K) NonClass: 21868K(22272K)->21868K(22272K) Class: 3073K(3456K)->3073K(3456K)
[45.349s][info][gc             ] GC(61) Pause Young (Allocation Failure) 551M->202M(1979M) 530.187ms
[45.350s][info][gc,cpu         ] GC(61) User=0.48s Sys=0.00s Real=0.53s
[45.614s][info][gc,start       ] GC(62) Pause Full (System.gc())
[45.614s][info][gc,phases,start] GC(62) Phase 1: Mark live objects
[45.621s][info][gc,phases      ] GC(62) Phase 1: Mark live objects 7.162ms
[45.621s][info][gc,phases,start] GC(62) Phase 2: Compute new object addresses
[45.680s][info][gc,phases      ] GC(62) Phase 2: Compute new object addresses 59.337ms
[45.680s][info][gc,phases,start] GC(62) Phase 3: Adjust pointers
[45.685s][info][gc,phases      ] GC(62) Phase 3: Adjust pointers 4.351ms
[45.685s][info][gc,phases,start] GC(62) Phase 4: Move objects
[45.685s][info][gc,phases      ] GC(62) Phase 4: Move objects 0.010ms
[45.685s][info][gc,heap        ] GC(62) DefNew: 388721K->0K(629120K)
[45.685s][info][gc,heap        ] GC(62) Tenured: 137805K->5658K(1398144K)
[45.685s][info][gc,metaspace   ] GC(62) Metaspace: 24961K(25728K)->24961K(25728K) NonClass: 21887K(22272K)->21887K(22272K) Class: 3073K(3456K)->3073K(3456K)
[45.685s][info][gc             ] GC(62) Pause Full (System.gc()) 514M->5M(1979M) 71.225ms
[45.685s][info][gc,cpu         ] GC(62) User=0.06s Sys=0.00s Real=0.07s
[46.168s][info][gc,start       ] GC(63) Pause Young (Allocation Failure)
[46.699s][info][gc,heap        ] GC(63) DefNew: 559232K->69888K(629120K)
[46.699s][info][gc,heap        ] GC(63) Tenured: 5658K->137834K(1398144K)
[46.699s][info][gc,metaspace   ] GC(63) Metaspace: 24962K(25728K)->24962K(25728K) NonClass: 21888K(22272K)->21888K(22272K) Class: 3073K(3456K)->3073K(3456K)
[46.699s][info][gc             ] GC(63) Pause Young (Allocation Failure) 551M->202M(1979M) 531.256ms
[46.699s][info][gc,cpu         ] GC(63) User=0.50s Sys=0.00s Real=0.53s
[46.998s][info][gc,start       ] GC(64) Pause Full (System.gc())
[46.998s][info][gc,phases,start] GC(64) Phase 1: Mark live objects
[47.006s][info][gc,phases      ] GC(64) Phase 1: Mark live objects 7.244ms
[47.006s][info][gc,phases,start] GC(64) Phase 2: Compute new object addresses
[47.066s][info][gc,phases      ] GC(64) Phase 2: Compute new object addresses 59.960ms
[47.066s][info][gc,phases,start] GC(64) Phase 3: Adjust pointers
[47.070s][info][gc,phases      ] GC(64) Phase 3: Adjust pointers 4.302ms
[47.070s][info][gc,phases,start] GC(64) Phase 4: Move objects
[47.070s][info][gc,phases      ] GC(64) Phase 4: Move objects 0.010ms
[47.070s][info][gc,heap        ] GC(64) DefNew: 388769K->0K(629120K)
[47.070s][info][gc,heap        ] GC(64) Tenured: 137834K->5658K(1398144K)
[47.070s][info][gc,metaspace   ] GC(64) Metaspace: 24970K(25984K)->24970K(25984K) NonClass: 21897K(22528K)->21897K(22528K) Class: 3073K(3456K)->3073K(3456K)
[47.070s][info][gc             ] GC(64) Pause Full (System.gc()) 514M->5M(1979M) 71.858ms
[47.070s][info][gc,cpu         ] GC(64) User=0.06s Sys=0.00s Real=0.07s
[47.552s][info][gc,start       ] GC(65) Pause Young (Allocation Failure)
[48.083s][info][gc,heap        ] GC(65) DefNew: 559232K->69888K(629120K)
[48.083s][info][gc,heap        ] GC(65) Tenured: 5658K->137803K(1398144K)
[48.083s][info][gc,metaspace   ] GC(65) Metaspace: 24970K(25984K)->24970K(25984K) NonClass: 21897K(22528K)->21897K(22528K) Class: 3073K(3456K)->3073K(3456K)
[48.083s][info][gc             ] GC(65) Pause Young (Allocation Failure) 551M->202M(1979M) 531.380ms
[48.083s][info][gc,cpu         ] GC(65) User=0.48s Sys=0.00s Real=0.53s
[48.392s][info][gc,start       ] GC(66) Pause Full (System.gc())
[48.392s][info][gc,phases,start] GC(66) Phase 1: Mark live objects
[48.398s][info][gc,phases      ] GC(66) Phase 1: Mark live objects 6.145ms
[48.398s][info][gc,phases,start] GC(66) Phase 2: Compute new object addresses
[48.457s][info][gc,phases      ] GC(66) Phase 2: Compute new object addresses 59.326ms
[48.457s][info][gc,phases,start] GC(66) Phase 3: Adjust pointers
[48.462s][info][gc,phases      ] GC(66) Phase 3: Adjust pointers 4.296ms
[48.462s][info][gc,phases,start] GC(66) Phase 4: Move objects
[48.462s][info][gc,phases      ] GC(66) Phase 4: Move objects 0.010ms
[48.462s][info][gc,heap        ] GC(66) DefNew: 385934K->0K(629120K)
[48.462s][info][gc,heap        ] GC(66) Tenured: 137803K->5658K(1398144K)
[48.462s][info][gc,metaspace   ] GC(66) Metaspace: 24970K(25984K)->24970K(25984K) NonClass: 21897K(22528K)->21897K(22528K) Class: 3073K(3456K)->3073K(3456K)
[48.462s][info][gc             ] GC(66) Pause Full (System.gc()) 511M->5M(1979M) 70.108ms
[48.462s][info][gc,cpu         ] GC(66) User=0.06s Sys=0.00s Real=0.07s
[48.944s][info][gc,start       ] GC(67) Pause Young (Allocation Failure)
[49.474s][info][gc,heap        ] GC(67) DefNew: 559232K->69888K(629120K)
[49.474s][info][gc,heap        ] GC(67) Tenured: 5658K->137805K(1398144K)
[49.474s][info][gc,metaspace   ] GC(67) Metaspace: 24972K(25984K)->24972K(25984K) NonClass: 21899K(22528K)->21899K(22528K) Class: 3073K(3456K)->3073K(3456K)
[49.474s][info][gc             ] GC(67) Pause Young (Allocation Failure) 551M->202M(1979M) 529.211ms
[49.474s][info][gc,cpu         ] GC(67) User=0.52s Sys=0.00s Real=0.53s
[49.825s][info][gc,start       ] GC(68) Pause Full (System.gc())
[49.825s][info][gc,phases,start] GC(68) Phase 1: Mark live objects
[49.831s][info][gc,phases      ] GC(68) Phase 1: Mark live objects 6.405ms
[49.831s][info][gc,phases,start] GC(68) Phase 2: Compute new object addresses
[49.892s][info][gc,phases      ] GC(68) Phase 2: Compute new object addresses 60.220ms
[49.892s][info][gc,phases,start] GC(68) Phase 3: Adjust pointers
[49.896s][info][gc,phases      ] GC(68) Phase 3: Adjust pointers 4.373ms
[49.896s][info][gc,phases,start] GC(68) Phase 4: Move objects
[49.896s][info][gc,phases      ] GC(68) Phase 4: Move objects 0.014ms
[49.896s][info][gc,heap        ] GC(68) DefNew: 385927K->0K(629120K)
[49.896s][info][gc,heap        ] GC(68) Tenured: 137805K->5658K(1398144K)
[49.896s][info][gc,metaspace   ] GC(68) Metaspace: 24983K(25984K)->24983K(25984K) NonClass: 21909K(22528K)->21909K(22528K) Class: 3073K(3456K)->3073K(3456K)
[49.896s][info][gc             ] GC(68) Pause Full (System.gc()) 511M->5M(1979M) 71.343ms
[49.896s][info][gc,cpu         ] GC(68) User=0.06s Sys=0.00s Real=0.07s
[50.388s][info][gc,start       ] GC(69) Pause Young (Allocation Failure)
[50.928s][info][gc,heap        ] GC(69) DefNew: 559232K->69888K(629120K)
[50.928s][info][gc,heap        ] GC(69) Tenured: 5658K->137844K(1398144K)
[50.928s][info][gc,metaspace   ] GC(69) Metaspace: 24983K(25984K)->24983K(25984K) NonClass: 21909K(22528K)->21909K(22528K) Class: 3073K(3456K)->3073K(3456K)
[50.928s][info][gc             ] GC(69) Pause Young (Allocation Failure) 551M->202M(1979M) 540.762ms
[50.928s][info][gc,cpu         ] GC(69) User=0.48s Sys=0.00s Real=0.54s
[51.207s][info][gc,start       ] GC(70) Pause Full (System.gc())
[51.207s][info][gc,phases,start] GC(70) Phase 1: Mark live objects
[51.213s][info][gc,phases      ] GC(70) Phase 1: Mark live objects 6.347ms
[51.213s][info][gc,phases,start] GC(70) Phase 2: Compute new object addresses
[51.273s][info][gc,phases      ] GC(70) Phase 2: Compute new object addresses 59.786ms
[51.273s][info][gc,phases,start] GC(70) Phase 3: Adjust pointers
[51.278s][info][gc,phases      ] GC(70) Phase 3: Adjust pointers 4.332ms
[51.278s][info][gc,phases,start] GC(70) Phase 4: Move objects
[51.278s][info][gc,phases      ] GC(70) Phase 4: Move objects 0.010ms
[51.278s][info][gc,heap        ] GC(70) DefNew: 388759K->0K(629120K)
[51.278s][info][gc,heap        ] GC(70) Tenured: 137844K->5658K(1398144K)
[51.278s][info][gc,metaspace   ] GC(70) Metaspace: 24993K(25984K)->24993K(25984K) NonClass: 21919K(22528K)->21919K(22528K) Class: 3073K(3456K)->3073K(3456K)
[51.278s][info][gc             ] GC(70) Pause Full (System.gc()) 514M->5M(1979M) 70.861ms
[51.278s][info][gc,cpu         ] GC(70) User=0.06s Sys=0.00s Real=0.07s
[51.766s][info][gc,start       ] GC(71) Pause Young (Allocation Failure)
[52.299s][info][gc,heap        ] GC(71) DefNew: 559232K->69887K(629120K)
[52.299s][info][gc,heap        ] GC(71) Tenured: 5658K->137822K(1398144K)
[52.299s][info][gc,metaspace   ] GC(71) Metaspace: 24993K(25984K)->24993K(25984K) NonClass: 21919K(22528K)->21919K(22528K) Class: 3073K(3456K)->3073K(3456K)
[52.299s][info][gc             ] GC(71) Pause Young (Allocation Failure) 551M->202M(1979M) 532.412ms
[52.299s][info][gc,cpu         ] GC(71) User=0.52s Sys=0.00s Real=0.53s
[52.582s][info][gc,start       ] GC(72) Pause Full (System.gc())
[52.582s][info][gc,phases,start] GC(72) Phase 1: Mark live objects
[52.588s][info][gc,phases      ] GC(72) Phase 1: Mark live objects 6.129ms
[52.588s][info][gc,phases,start] GC(72) Phase 2: Compute new object addresses
[52.646s][info][gc,phases      ] GC(72) Phase 2: Compute new object addresses 58.497ms
[52.646s][info][gc,phases,start] GC(72) Phase 3: Adjust pointers
[52.651s][info][gc,phases      ] GC(72) Phase 3: Adjust pointers 4.403ms
[52.651s][info][gc,phases,start] GC(72) Phase 4: Move objects
[52.651s][info][gc,phases      ] GC(72) Phase 4: Move objects 0.011ms
[52.651s][info][gc,heap        ] GC(72) DefNew: 385964K->0K(629120K)
[52.651s][info][gc,heap        ] GC(72) Tenured: 137822K->5658K(1398144K)
[52.651s][info][gc,metaspace   ] GC(72) Metaspace: 25009K(25984K)->25009K(25984K) NonClass: 21935K(22528K)->21935K(22528K) Class: 3073K(3456K)->3073K(3456K)
[52.651s][info][gc             ] GC(72) Pause Full (System.gc()) 511M->5M(1979M) 69.405ms
[52.651s][info][gc,cpu         ] GC(72) User=0.02s Sys=0.00s Real=0.07s
[53.140s][info][gc,start       ] GC(73) Pause Young (Allocation Failure)
[53.669s][info][gc,heap        ] GC(73) DefNew: 559232K->69888K(629120K)
[53.669s][info][gc,heap        ] GC(73) Tenured: 5658K->137817K(1398144K)
[53.669s][info][gc,metaspace   ] GC(73) Metaspace: 25010K(25984K)->25010K(25984K) NonClass: 21936K(22528K)->21936K(22528K) Class: 3073K(3456K)->3073K(3456K)
[53.669s][info][gc             ] GC(73) Pause Young (Allocation Failure) 551M->202M(1979M) 528.886ms
[53.669s][info][gc,cpu         ] GC(73) User=0.50s Sys=0.00s Real=0.53s
[53.981s][info][gc,start       ] GC(74) Pause Full (System.gc())
[53.981s][info][gc,phases,start] GC(74) Phase 1: Mark live objects
[53.987s][info][gc,phases      ] GC(74) Phase 1: Mark live objects 6.244ms
[53.987s][info][gc,phases,start] GC(74) Phase 2: Compute new object addresses
[54.048s][info][gc,phases      ] GC(74) Phase 2: Compute new object addresses 60.553ms
[54.048s][info][gc,phases,start] GC(74) Phase 3: Adjust pointers
[54.052s][info][gc,phases      ] GC(74) Phase 3: Adjust pointers 4.423ms
[54.052s][info][gc,phases,start] GC(74) Phase 4: Move objects
[54.052s][info][gc,phases      ] GC(74) Phase 4: Move objects 0.010ms
[54.053s][info][gc,heap        ] GC(74) DefNew: 385941K->0K(629120K)
[54.053s][info][gc,heap        ] GC(74) Tenured: 137817K->5658K(1398144K)
[54.053s][info][gc,metaspace   ] GC(74) Metaspace: 25017K(25984K)->25017K(25984K) NonClass: 21943K(22528K)->21943K(22528K) Class: 3073K(3456K)->3073K(3456K)
[54.053s][info][gc             ] GC(74) Pause Full (System.gc()) 511M->5M(1979M) 71.591ms
[54.053s][info][gc,cpu         ] GC(74) User=0.06s Sys=0.00s Real=0.07s
[54.533s][info][gc,start       ] GC(75) Pause Young (Allocation Failure)
[55.066s][info][gc,heap        ] GC(75) DefNew: 559232K->69888K(629120K)
[55.066s][info][gc,heap        ] GC(75) Tenured: 5658K->137813K(1398144K)
[55.066s][info][gc,metaspace   ] GC(75) Metaspace: 25017K(25984K)->25017K(25984K) NonClass: 21943K(22528K)->21943K(22528K) Class: 3073K(3456K)->3073K(3456K)
[55.066s][info][gc             ] GC(75) Pause Young (Allocation Failure) 551M->202M(1979M) 532.471ms
[55.066s][info][gc,cpu         ] GC(75) User=0.48s Sys=0.00s Real=0.53s
[55.389s][info][gc,start       ] GC(76) Pause Full (System.gc())
[55.390s][info][gc,phases,start] GC(76) Phase 1: Mark live objects
[55.397s][info][gc,phases      ] GC(76) Phase 1: Mark live objects 7.468ms
[55.397s][info][gc,phases,start] GC(76) Phase 2: Compute new object addresses
[55.456s][info][gc,phases      ] GC(76) Phase 2: Compute new object addresses 59.338ms
[55.456s][info][gc,phases,start] GC(76) Phase 3: Adjust pointers
[55.461s][info][gc,phases      ] GC(76) Phase 3: Adjust pointers 4.414ms
[55.461s][info][gc,phases,start] GC(76) Phase 4: Move objects
[55.461s][info][gc,phases      ] GC(76) Phase 4: Move objects 0.010ms
[55.461s][info][gc,heap        ] GC(76) DefNew: 385931K->0K(629120K)
[55.461s][info][gc,heap        ] GC(76) Tenured: 137813K->5659K(1398144K)
[55.461s][info][gc,metaspace   ] GC(76) Metaspace: 25021K(25984K)->25021K(25984K) NonClass: 21947K(22528K)->21947K(22528K) Class: 3073K(3456K)->3073K(3456K)
[55.461s][info][gc             ] GC(76) Pause Full (System.gc()) 511M->5M(1979M) 71.580ms
[55.461s][info][gc,cpu         ] GC(76) User=0.06s Sys=0.00s Real=0.07s
[55.948s][info][gc,start       ] GC(77) Pause Young (Allocation Failure)
[56.480s][info][gc,heap        ] GC(77) DefNew: 559232K->69888K(629120K)
[56.480s][info][gc,heap        ] GC(77) Tenured: 5659K->137890K(1398144K)
[56.480s][info][gc,metaspace   ] GC(77) Metaspace: 25022K(25984K)->25022K(25984K) NonClass: 21948K(22528K)->21948K(22528K) Class: 3073K(3456K)->3073K(3456K)
[56.480s][info][gc             ] GC(77) Pause Young (Allocation Failure) 551M->202M(1979M) 531.999ms
[56.480s][info][gc,cpu         ] GC(77) User=0.53s Sys=0.00s Real=0.53s
[56.758s][info][gc,start       ] GC(78) Pause Full (System.gc())
[56.758s][info][gc,phases,start] GC(78) Phase 1: Mark live objects
[56.764s][info][gc,phases      ] GC(78) Phase 1: Mark live objects 6.102ms
[56.764s][info][gc,phases,start] GC(78) Phase 2: Compute new object addresses
[56.823s][info][gc,phases      ] GC(78) Phase 2: Compute new object addresses 59.530ms
[56.824s][info][gc,phases,start] GC(78) Phase 3: Adjust pointers
[56.828s][info][gc,phases      ] GC(78) Phase 3: Adjust pointers 4.429ms
[56.828s][info][gc,phases,start] GC(78) Phase 4: Move objects
[56.828s][info][gc,phases      ] GC(78) Phase 4: Move objects 0.010ms
[56.828s][info][gc,heap        ] GC(78) DefNew: 385933K->0K(629120K)
[56.828s][info][gc,heap        ] GC(78) Tenured: 137890K->5658K(1398144K)
[56.828s][info][gc,metaspace   ] GC(78) Metaspace: 25022K(25984K)->25022K(25984K) NonClass: 21948K(22528K)->21948K(22528K) Class: 3073K(3456K)->3073K(3456K)
[56.828s][info][gc             ] GC(78) Pause Full (System.gc()) 511M->5M(1979M) 70.514ms
[56.828s][info][gc,cpu         ] GC(78) User=0.05s Sys=0.00s Real=0.07s
[57.314s][info][gc,start       ] GC(79) Pause Young (Allocation Failure)
[57.840s][info][gc,heap        ] GC(79) DefNew: 559232K->69888K(629120K)
[57.840s][info][gc,heap        ] GC(79) Tenured: 5658K->137824K(1398144K)
[57.840s][info][gc,metaspace   ] GC(79) Metaspace: 25022K(25984K)->25022K(25984K) NonClass: 21948K(22528K)->21948K(22528K) Class: 3073K(3456K)->3073K(3456K)
[57.840s][info][gc             ] GC(79) Pause Young (Allocation Failure) 551M->202M(1979M) 526.492ms
[57.840s][info][gc,cpu         ] GC(79) User=0.52s Sys=0.00s Real=0.53s
[58.119s][info][gc,start       ] GC(80) Pause Full (System.gc())
[58.119s][info][gc,phases,start] GC(80) Phase 1: Mark live objects
[58.126s][info][gc,phases      ] GC(80) Phase 1: Mark live objects 7.257ms
[58.126s][info][gc,phases,start] GC(80) Phase 2: Compute new object addresses
[58.186s][info][gc,phases      ] GC(80) Phase 2: Compute new object addresses 59.392ms
[58.186s][info][gc,phases,start] GC(80) Phase 3: Adjust pointers
[58.190s][info][gc,phases      ] GC(80) Phase 3: Adjust pointers 4.391ms
[58.190s][info][gc,phases,start] GC(80) Phase 4: Move objects
[58.190s][info][gc,phases      ] GC(80) Phase 4: Move objects 0.010ms
[58.190s][info][gc,heap        ] GC(80) DefNew: 388720K->0K(629120K)
[58.190s][info][gc,heap        ] GC(80) Tenured: 137824K->5658K(1398144K)
[58.190s][info][gc,metaspace   ] GC(80) Metaspace: 25022K(25984K)->25022K(25984K) NonClass: 21948K(22528K)->21948K(22528K) Class: 3073K(3456K)->3073K(3456K)
[58.190s][info][gc             ] GC(80) Pause Full (System.gc()) 514M->5M(1979M) 71.434ms
[58.190s][info][gc,cpu         ] GC(80) User=0.06s Sys=0.00s Real=0.07s
[58.671s][info][gc,start       ] GC(81) Pause Young (Allocation Failure)
[59.201s][info][gc,heap        ] GC(81) DefNew: 559232K->69887K(629120K)
[59.201s][info][gc,heap        ] GC(81) Tenured: 5658K->137817K(1398144K)
[59.201s][info][gc,metaspace   ] GC(81) Metaspace: 25022K(25984K)->25022K(25984K) NonClass: 21948K(22528K)->21948K(22528K) Class: 3073K(3456K)->3073K(3456K)
[59.201s][info][gc             ] GC(81) Pause Young (Allocation Failure) 551M->202M(1979M) 529.935ms
[59.201s][info][gc,cpu         ] GC(81) User=0.47s Sys=0.00s Real=0.53s
[59.461s][info][gc,start       ] GC(82) Pause Full (System.gc())
[59.461s][info][gc,phases,start] GC(82) Phase 1: Mark live objects
[59.468s][info][gc,phases      ] GC(82) Phase 1: Mark live objects 6.493ms
[59.468s][info][gc,phases,start] GC(82) Phase 2: Compute new object addresses
[59.525s][info][gc,phases      ] GC(82) Phase 2: Compute new object addresses 57.444ms
[59.525s][info][gc,phases,start] GC(82) Phase 3: Adjust pointers
[59.530s][info][gc,phases      ] GC(82) Phase 3: Adjust pointers 4.447ms
[59.530s][info][gc,phases,start] GC(82) Phase 4: Move objects
[59.530s][info][gc,phases      ] GC(82) Phase 4: Move objects 0.010ms
[59.530s][info][gc,heap        ] GC(82) DefNew: 388722K->0K(629120K)
[59.530s][info][gc,heap        ] GC(82) Tenured: 137817K->5658K(1398144K)
[59.530s][info][gc,metaspace   ] GC(82) Metaspace: 25022K(25984K)->25022K(25984K) NonClass: 21948K(22528K)->21948K(22528K) Class: 3073K(3456K)->3073K(3456K)
[59.530s][info][gc             ] GC(82) Pause Full (System.gc()) 514M->5M(1979M) 68.759ms
[59.530s][info][gc,cpu         ] GC(82) User=0.06s Sys=0.00s Real=0.07s
[60.015s][info][gc,start       ] GC(83) Pause Young (Allocation Failure)
[60.545s][info][gc,heap        ] GC(83) DefNew: 559232K->69888K(629120K)
[60.545s][info][gc,heap        ] GC(83) Tenured: 5658K->137802K(1398144K)
[60.545s][info][gc,metaspace   ] GC(83) Metaspace: 25022K(25984K)->25022K(25984K) NonClass: 21948K(22528K)->21948K(22528K) Class: 3073K(3456K)->3073K(3456K)
[60.545s][info][gc             ] GC(83) Pause Young (Allocation Failure) 551M->202M(1979M) 529.458ms
[60.545s][info][gc,cpu         ] GC(83) User=0.52s Sys=0.00s Real=0.53s
[60.789s][info][gc,start       ] GC(84) Pause Full (System.gc())
[60.789s][info][gc,phases,start] GC(84) Phase 1: Mark live objects
[60.795s][info][gc,phases      ] GC(84) Phase 1: Mark live objects 6.314ms
[60.795s][info][gc,phases,start] GC(84) Phase 2: Compute new object addresses
[60.854s][info][gc,phases      ] GC(84) Phase 2: Compute new object addresses 58.936ms
[60.854s][info][gc,phases,start] GC(84) Phase 3: Adjust pointers
[60.859s][info][gc,phases      ] GC(84) Phase 3: Adjust pointers 4.437ms
[60.859s][info][gc,phases,start] GC(84) Phase 4: Move objects
[60.859s][info][gc,phases      ] GC(84) Phase 4: Move objects 0.010ms
[60.859s][info][gc,heap        ] GC(84) DefNew: 388725K->0K(629120K)
[60.859s][info][gc,heap        ] GC(84) Tenured: 137802K->5658K(1398144K)
[60.859s][info][gc,metaspace   ] GC(84) Metaspace: 25023K(25984K)->25023K(25984K) NonClass: 21949K(22528K)->21949K(22528K) Class: 3073K(3456K)->3073K(3456K)
[60.859s][info][gc             ] GC(84) Pause Full (System.gc()) 514M->5M(1979M) 70.074ms
[60.859s][info][gc,cpu         ] GC(84) User=0.06s Sys=0.00s Real=0.07s
[61.341s][info][gc,start       ] GC(85) Pause Young (Allocation Failure)
[61.872s][info][gc,heap        ] GC(85) DefNew: 559232K->69888K(629120K)
[61.872s][info][gc,heap        ] GC(85) Tenured: 5658K->137826K(1398144K)
[61.872s][info][gc,metaspace   ] GC(85) Metaspace: 25024K(25984K)->25024K(25984K) NonClass: 21950K(22528K)->21950K(22528K) Class: 3073K(3456K)->3073K(3456K)
[61.872s][info][gc             ] GC(85) Pause Young (Allocation Failure) 551M->202M(1979M) 530.659ms
[61.872s][info][gc,cpu         ] GC(85) User=0.48s Sys=0.00s Real=0.53s
[62.157s][info][gc,start       ] GC(86) Pause Full (System.gc())
[62.158s][info][gc,phases,start] GC(86) Phase 1: Mark live objects
[62.164s][info][gc,phases      ] GC(86) Phase 1: Mark live objects 6.476ms
[62.164s][info][gc,phases,start] GC(86) Phase 2: Compute new object addresses
[62.223s][info][gc,phases      ] GC(86) Phase 2: Compute new object addresses 59.206ms
[62.223s][info][gc,phases,start] GC(86) Phase 3: Adjust pointers
[62.228s][info][gc,phases      ] GC(86) Phase 3: Adjust pointers 4.454ms
[62.228s][info][gc,phases,start] GC(86) Phase 4: Move objects
[62.228s][info][gc,phases      ] GC(86) Phase 4: Move objects 0.011ms
[62.228s][info][gc,heap        ] GC(86) DefNew: 388720K->0K(629120K)
[62.228s][info][gc,heap        ] GC(86) Tenured: 137826K->5658K(1398144K)
[62.228s][info][gc,metaspace   ] GC(86) Metaspace: 25030K(25984K)->25030K(25984K) NonClass: 21956K(22528K)->21956K(22528K) Class: 3073K(3456K)->3073K(3456K)
[62.228s][info][gc             ] GC(86) Pause Full (System.gc()) 514M->5M(1979M) 70.500ms
[62.228s][info][gc,cpu         ] GC(86) User=0.06s Sys=0.00s Real=0.07s
[62.712s][info][gc,start       ] GC(87) Pause Young (Allocation Failure)
[63.244s][info][gc,heap        ] GC(87) DefNew: 559232K->69888K(629120K)
[63.244s][info][gc,heap        ] GC(87) Tenured: 5658K->137776K(1398144K)
[63.244s][info][gc,metaspace   ] GC(87) Metaspace: 25030K(25984K)->25030K(25984K) NonClass: 21956K(22528K)->21956K(22528K) Class: 3073K(3456K)->3073K(3456K)
[63.244s][info][gc             ] GC(87) Pause Young (Allocation Failure) 551M->202M(1979M) 531.674ms
[63.244s][info][gc,cpu         ] GC(87) User=0.53s Sys=0.00s Real=0.53s
[63.514s][info][gc,start       ] GC(88) Pause Full (System.gc())
[63.514s][info][gc,phases,start] GC(88) Phase 1: Mark live objects
[63.520s][info][gc,phases      ] GC(88) Phase 1: Mark live objects 6.339ms
[63.520s][info][gc,phases,start] GC(88) Phase 2: Compute new object addresses
[63.580s][info][gc,phases      ] GC(88) Phase 2: Compute new object addresses 59.425ms
[63.580s][info][gc,phases,start] GC(88) Phase 3: Adjust pointers
[63.584s][info][gc,phases      ] GC(88) Phase 3: Adjust pointers 4.444ms
[63.584s][info][gc,phases,start] GC(88) Phase 4: Move objects
[63.584s][info][gc,phases      ] GC(88) Phase 4: Move objects 0.010ms
[63.584s][info][gc,heap        ] GC(88) DefNew: 388717K->0K(629120K)
[63.584s][info][gc,heap        ] GC(88) Tenured: 137776K->5658K(1398144K)
[63.584s][info][gc,metaspace   ] GC(88) Metaspace: 25031K(25984K)->25031K(25984K) NonClass: 21958K(22528K)->21958K(22528K) Class: 3073K(3456K)->3073K(3456K)
[63.584s][info][gc             ] GC(88) Pause Full (System.gc()) 514M->5M(1979M) 70.588ms
[63.584s][info][gc,cpu         ] GC(88) User=0.06s Sys=0.00s Real=0.07s
[64.075s][info][gc,start       ] GC(89) Pause Young (Allocation Failure)
[64.601s][info][gc,heap        ] GC(89) DefNew: 559232K->69888K(629120K)
[64.601s][info][gc,heap        ] GC(89) Tenured: 5658K->137852K(1398144K)
[64.601s][info][gc,metaspace   ] GC(89) Metaspace: 25031K(25984K)->25031K(25984K) NonClass: 21958K(22528K)->21958K(22528K) Class: 3073K(3456K)->3073K(3456K)
[64.601s][info][gc             ] GC(89) Pause Young (Allocation Failure) 551M->202M(1979M) 526.235ms
[64.601s][info][gc,cpu         ] GC(89) User=0.50s Sys=0.00s Real=0.53s
[64.882s][info][gc,start       ] GC(90) Pause Full (System.gc())
[64.882s][info][gc,phases,start] GC(90) Phase 1: Mark live objects
[64.889s][info][gc,phases      ] GC(90) Phase 1: Mark live objects 6.693ms
[64.889s][info][gc,phases,start] GC(90) Phase 2: Compute new object addresses
[64.947s][info][gc,phases      ] GC(90) Phase 2: Compute new object addresses 58.146ms
[64.947s][info][gc,phases,start] GC(90) Phase 3: Adjust pointers
[64.952s][info][gc,phases      ] GC(90) Phase 3: Adjust pointers 4.441ms
[64.952s][info][gc,phases,start] GC(90) Phase 4: Move objects
[64.952s][info][gc,phases      ] GC(90) Phase 4: Move objects 0.010ms
[64.952s][info][gc,heap        ] GC(90) DefNew: 388721K->0K(629120K)
[64.952s][info][gc,heap        ] GC(90) Tenured: 137852K->5658K(1398144K)
[64.952s][info][gc,metaspace   ] GC(90) Metaspace: 25033K(25984K)->25033K(25984K) NonClass: 21959K(22528K)->21959K(22528K) Class: 3073K(3456K)->3073K(3456K)
[64.952s][info][gc             ] GC(90) Pause Full (System.gc()) 514M->5M(1979M) 69.616ms
[64.952s][info][gc,cpu         ] GC(90) User=0.06s Sys=0.00s Real=0.07s
[65.435s][info][gc,start       ] GC(91) Pause Young (Allocation Failure)
[65.965s][info][gc,heap        ] GC(91) DefNew: 559232K->69888K(629120K)
[65.965s][info][gc,heap        ] GC(91) Tenured: 5658K->137836K(1398144K)
[65.965s][info][gc,metaspace   ] GC(91) Metaspace: 25033K(25984K)->25033K(25984K) NonClass: 21959K(22528K)->21959K(22528K) Class: 3073K(3456K)->3073K(3456K)
[65.965s][info][gc             ] GC(91) Pause Young (Allocation Failure) 551M->202M(1979M) 530.101ms
[65.965s][info][gc,cpu         ] GC(91) User=0.50s Sys=0.00s Real=0.53s
[66.242s][info][gc,start       ] GC(92) Pause Full (System.gc())
[66.242s][info][gc,phases,start] GC(92) Phase 1: Mark live objects
[66.248s][info][gc,phases      ] GC(92) Phase 1: Mark live objects 5.991ms
[66.248s][info][gc,phases,start] GC(92) Phase 2: Compute new object addresses
[66.309s][info][gc,phases      ] GC(92) Phase 2: Compute new object addresses 60.900ms
[66.309s][info][gc,phases,start] GC(92) Phase 3: Adjust pointers
[66.314s][info][gc,phases      ] GC(92) Phase 3: Adjust pointers 4.514ms
[66.314s][info][gc,phases,start] GC(92) Phase 4: Move objects
[66.314s][info][gc,phases      ] GC(92) Phase 4: Move objects 0.011ms
[66.314s][info][gc,heap        ] GC(92) DefNew: 388726K->0K(629120K)
[66.314s][info][gc,heap        ] GC(92) Tenured: 137836K->5658K(1398144K)
[66.314s][info][gc,metaspace   ] GC(92) Metaspace: 25035K(25984K)->25035K(25984K) NonClass: 21961K(22528K)->21961K(22528K) Class: 3073K(3456K)->3073K(3456K)
[66.314s][info][gc             ] GC(92) Pause Full (System.gc()) 514M->5M(1979M) 71.806ms
[66.314s][info][gc,cpu         ] GC(92) User=0.08s Sys=0.00s Real=0.07s
[66.796s][info][gc,start       ] GC(93) Pause Young (Allocation Failure)
[67.329s][info][gc,heap        ] GC(93) DefNew: 559232K->69888K(629120K)
[67.329s][info][gc,heap        ] GC(93) Tenured: 5658K->137840K(1398144K)
[67.329s][info][gc,metaspace   ] GC(93) Metaspace: 25035K(25984K)->25035K(25984K) NonClass: 21961K(22528K)->21961K(22528K) Class: 3073K(3456K)->3073K(3456K)
[67.329s][info][gc             ] GC(93) Pause Young (Allocation Failure) 551M->202M(1979M) 532.235ms
[67.329s][info][gc,cpu         ] GC(93) User=0.48s Sys=0.00s Real=0.53s
[67.590s][info][gc,start       ] GC(94) Pause Full (System.gc())
[67.590s][info][gc,phases,start] GC(94) Phase 1: Mark live objects
[67.597s][info][gc,phases      ] GC(94) Phase 1: Mark live objects 6.711ms
[67.597s][info][gc,phases,start] GC(94) Phase 2: Compute new object addresses
[67.656s][info][gc,phases      ] GC(94) Phase 2: Compute new object addresses 59.147ms
[67.656s][info][gc,phases,start] GC(94) Phase 3: Adjust pointers
[67.661s][info][gc,phases      ] GC(94) Phase 3: Adjust pointers 4.440ms
[67.661s][info][gc,phases,start] GC(94) Phase 4: Move objects
[67.661s][info][gc,phases      ] GC(94) Phase 4: Move objects 0.010ms
[67.661s][info][gc,heap        ] GC(94) DefNew: 388720K->0K(629120K)
[67.661s][info][gc,heap        ] GC(94) Tenured: 137840K->5658K(1398144K)
[67.661s][info][gc,metaspace   ] GC(94) Metaspace: 25035K(25984K)->25035K(25984K) NonClass: 21961K(22528K)->21961K(22528K) Class: 3073K(3456K)->3073K(3456K)
[67.661s][info][gc             ] GC(94) Pause Full (System.gc()) 514M->5M(1979M) 70.659ms
[67.661s][info][gc,cpu         ] GC(94) User=0.06s Sys=0.00s Real=0.07s
[68.149s][info][gc,start       ] GC(95) Pause Young (Allocation Failure)
[68.680s][info][gc,heap        ] GC(95) DefNew: 559232K->69888K(629120K)
[68.680s][info][gc,heap        ] GC(95) Tenured: 5658K->137809K(1398144K)
[68.680s][info][gc,metaspace   ] GC(95) Metaspace: 25035K(25984K)->25035K(25984K) NonClass: 21961K(22528K)->21961K(22528K) Class: 3073K(3456K)->3073K(3456K)
[68.680s][info][gc             ] GC(95) Pause Young (Allocation Failure) 551M->202M(1979M) 530.591ms
[68.680s][info][gc,cpu         ] GC(95) User=0.52s Sys=0.00s Real=0.53s
[68.947s][info][gc,start       ] GC(96) Pause Full (System.gc())
[68.947s][info][gc,phases,start] GC(96) Phase 1: Mark live objects
[68.954s][info][gc,phases      ] GC(96) Phase 1: Mark live objects 6.630ms
[68.954s][info][gc,phases,start] GC(96) Phase 2: Compute new object addresses
[69.014s][info][gc,phases      ] GC(96) Phase 2: Compute new object addresses 59.688ms
[69.014s][info][gc,phases,start] GC(96) Phase 3: Adjust pointers
[69.019s][info][gc,phases      ] GC(96) Phase 3: Adjust pointers 5.152ms
[69.019s][info][gc,phases,start] GC(96) Phase 4: Move objects
[69.019s][info][gc,phases      ] GC(96) Phase 4: Move objects 0.011ms
[69.019s][info][gc,heap        ] GC(96) DefNew: 388734K->0K(629120K)
[69.019s][info][gc,heap        ] GC(96) Tenured: 137809K->5659K(1398144K)
[69.019s][info][gc,metaspace   ] GC(96) Metaspace: 25038K(25984K)->25038K(25984K) NonClass: 21965K(22528K)->21965K(22528K) Class: 3073K(3456K)->3073K(3456K)
[69.019s][info][gc             ] GC(96) Pause Full (System.gc()) 514M->5M(1979M) 72.014ms
[69.019s][info][gc,cpu         ] GC(96) User=0.06s Sys=0.00s Real=0.07s
[69.500s][info][gc,start       ] GC(97) Pause Young (Allocation Failure)
[70.032s][info][gc,heap        ] GC(97) DefNew: 559232K->69887K(629120K)
[70.032s][info][gc,heap        ] GC(97) Tenured: 5659K->137810K(1398144K)
[70.032s][info][gc,metaspace   ] GC(97) Metaspace: 25038K(25984K)->25038K(25984K) NonClass: 21965K(22528K)->21965K(22528K) Class: 3073K(3456K)->3073K(3456K)
[70.032s][info][gc             ] GC(97) Pause Young (Allocation Failure) 551M->202M(1979M) 532.596ms
[70.032s][info][gc,cpu         ] GC(97) User=0.50s Sys=0.00s Real=0.53s
[70.292s][info][gc,start       ] GC(98) Pause Full (System.gc())
[70.292s][info][gc,phases,start] GC(98) Phase 1: Mark live objects
[70.299s][info][gc,phases      ] GC(98) Phase 1: Mark live objects 6.670ms
[70.299s][info][gc,phases,start] GC(98) Phase 2: Compute new object addresses
[70.358s][info][gc,phases      ] GC(98) Phase 2: Compute new object addresses 59.029ms
[70.358s][info][gc,phases,start] GC(98) Phase 3: Adjust pointers
[70.362s][info][gc,phases      ] GC(98) Phase 3: Adjust pointers 4.494ms
[70.363s][info][gc,phases,start] GC(98) Phase 4: Move objects
[70.363s][info][gc,phases      ] GC(98) Phase 4: Move objects 0.010ms
[70.363s][info][gc,heap        ] GC(98) DefNew: 385931K->0K(629120K)
[70.363s][info][gc,heap        ] GC(98) Tenured: 137810K->5659K(1398144K)
[70.363s][info][gc,metaspace   ] GC(98) Metaspace: 25038K(25984K)->25038K(25984K) NonClass: 21965K(22528K)->21965K(22528K) Class: 3073K(3456K)->3073K(3456K)
[70.363s][info][gc             ] GC(98) Pause Full (System.gc()) 511M->5M(1979M) 70.618ms
[70.363s][info][gc,cpu         ] GC(98) User=0.08s Sys=0.00s Real=0.07s
[70.845s][info][gc,start       ] GC(99) Pause Young (Allocation Failure)
[71.378s][info][gc,heap        ] GC(99) DefNew: 559232K->69888K(629120K)
[71.378s][info][gc,heap        ] GC(99) Tenured: 5659K->137842K(1398144K)
[71.378s][info][gc,metaspace   ] GC(99) Metaspace: 25038K(25984K)->25038K(25984K) NonClass: 21965K(22528K)->21965K(22528K) Class: 3073K(3456K)->3073K(3456K)
[71.378s][info][gc             ] GC(99) Pause Young (Allocation Failure) 551M->202M(1979M) 533.363ms
[71.378s][info][gc,cpu         ] GC(99) User=0.48s Sys=0.00s Real=0.53s
[71.644s][info][gc,start       ] GC(100) Pause Full (System.gc())
[71.644s][info][gc,phases,start] GC(100) Phase 1: Mark live objects
[71.650s][info][gc,phases      ] GC(100) Phase 1: Mark live objects 6.494ms
[71.650s][info][gc,phases,start] GC(100) Phase 2: Compute new object addresses
[71.709s][info][gc,phases      ] GC(100) Phase 2: Compute new object addresses 58.476ms
[71.709s][info][gc,phases,start] GC(100) Phase 3: Adjust pointers
[71.713s][info][gc,phases      ] GC(100) Phase 3: Adjust pointers 4.484ms
[71.713s][info][gc,phases,start] GC(100) Phase 4: Move objects
[71.713s][info][gc,phases      ] GC(100) Phase 4: Move objects 0.010ms
[71.713s][info][gc,heap        ] GC(100) DefNew: 385928K->0K(629120K)
[71.713s][info][gc,heap        ] GC(100) Tenured: 137842K->5659K(1398144K)
[71.713s][info][gc,metaspace   ] GC(100) Metaspace: 25039K(25984K)->25039K(25984K) NonClass: 21965K(22528K)->21965K(22528K) Class: 3073K(3456K)->3073K(3456K)
[71.713s][info][gc             ] GC(100) Pause Full (System.gc()) 511M->5M(1979M) 69.800ms
[71.713s][info][gc,cpu         ] GC(100) User=0.06s Sys=0.00s Real=0.07s
[72.202s][info][gc,start       ] GC(101) Pause Young (Allocation Failure)
[72.727s][info][gc,heap        ] GC(101) DefNew: 559232K->69887K(629120K)
[72.728s][info][gc,heap        ] GC(101) Tenured: 5659K->137787K(1398144K)
[72.728s][info][gc,metaspace   ] GC(101) Metaspace: 25039K(25984K)->25039K(25984K) NonClass: 21965K(22528K)->21965K(22528K) Class: 3073K(3456K)->3073K(3456K)
[72.728s][info][gc             ] GC(101) Pause Young (Allocation Failure) 551M->202M(1979M) 526.044ms
[72.728s][info][gc,cpu         ] GC(101) User=0.52s Sys=0.00s Real=0.53s
[72.990s][info][gc,start       ] GC(102) Pause Full (System.gc())
[72.990s][info][gc,phases,start] GC(102) Phase 1: Mark live objects
[72.998s][info][gc,phases      ] GC(102) Phase 1: Mark live objects 7.408ms
[72.998s][info][gc,phases,start] GC(102) Phase 2: Compute new object addresses
[73.058s][info][gc,phases      ] GC(102) Phase 2: Compute new object addresses 59.829ms
[73.058s][info][gc,phases,start] GC(102) Phase 3: Adjust pointers
[73.062s][info][gc,phases      ] GC(102) Phase 3: Adjust pointers 4.506ms
[73.062s][info][gc,phases,start] GC(102) Phase 4: Move objects
[73.062s][info][gc,phases      ] GC(102) Phase 4: Move objects 0.010ms
[73.062s][info][gc,heap        ] GC(102) DefNew: 388725K->0K(629120K)
[73.062s][info][gc,heap        ] GC(102) Tenured: 137787K->5659K(1398144K)
[73.062s][info][gc,metaspace   ] GC(102) Metaspace: 25039K(25984K)->25039K(25984K) NonClass: 21966K(22528K)->21966K(22528K) Class: 3073K(3456K)->3073K(3456K)
[73.062s][info][gc             ] GC(102) Pause Full (System.gc()) 514M->5M(1979M) 72.204ms
[73.062s][info][gc,cpu         ] GC(102) User=0.06s Sys=0.00s Real=0.07s
[73.543s][info][gc,start       ] GC(103) Pause Young (Allocation Failure)
[74.072s][info][gc,heap        ] GC(103) DefNew: 559232K->69888K(629120K)
[74.073s][info][gc,heap        ] GC(103) Tenured: 5659K->137789K(1398144K)
[74.073s][info][gc,metaspace   ] GC(103) Metaspace: 25040K(25984K)->25040K(25984K) NonClass: 21966K(22528K)->21966K(22528K) Class: 3073K(3456K)->3073K(3456K)
[74.073s][info][gc             ] GC(103) Pause Young (Allocation Failure) 551M->202M(1979M) 529.447ms
[74.073s][info][gc,cpu         ] GC(103) User=0.50s Sys=0.00s Real=0.53s
[74.349s][info][gc,start       ] GC(104) Pause Full (System.gc())
[74.349s][info][gc,phases,start] GC(104) Phase 1: Mark live objects
[74.355s][info][gc,phases      ] GC(104) Phase 1: Mark live objects 6.680ms
[74.356s][info][gc,phases,start] GC(104) Phase 2: Compute new object addresses
[74.415s][info][gc,phases      ] GC(104) Phase 2: Compute new object addresses 59.326ms
[74.415s][info][gc,phases,start] GC(104) Phase 3: Adjust pointers
[74.419s][info][gc,phases      ] GC(104) Phase 3: Adjust pointers 4.418ms
[74.419s][info][gc,phases,start] GC(104) Phase 4: Move objects
[74.419s][info][gc,phases      ] GC(104) Phase 4: Move objects 0.010ms
[74.419s][info][gc,heap        ] GC(104) DefNew: 388721K->0K(629120K)
[74.419s][info][gc,heap        ] GC(104) Tenured: 137789K->5659K(1398144K)
[74.419s][info][gc,metaspace   ] GC(104) Metaspace: 25043K(25984K)->25043K(25984K) NonClass: 21970K(22528K)->21970K(22528K) Class: 3073K(3456K)->3073K(3456K)
[74.419s][info][gc             ] GC(104) Pause Full (System.gc()) 514M->5M(1979M) 70.797ms
[74.420s][info][gc,cpu         ] GC(104) User=0.06s Sys=0.00s Real=0.07s
[74.927s][info][gc,start       ] GC(105) Pause Young (Allocation Failure)
[75.473s][info][gc,heap        ] GC(105) DefNew: 559232K->69888K(629120K)
[75.473s][info][gc,heap        ] GC(105) Tenured: 5659K->137810K(1398144K)
[75.473s][info][gc,metaspace   ] GC(105) Metaspace: 25043K(25984K)->25043K(25984K) NonClass: 21970K(22528K)->21970K(22528K) Class: 3073K(3456K)->3073K(3456K)
[75.473s][info][gc             ] GC(105) Pause Young (Allocation Failure) 551M->202M(1979M) 545.874ms
[75.473s][info][gc,cpu         ] GC(105) User=0.48s Sys=0.00s Real=0.54s
[75.716s][info][gc,start       ] GC(106) Pause Full (System.gc())
[75.716s][info][gc,phases,start] GC(106) Phase 1: Mark live objects
[75.723s][info][gc,phases      ] GC(106) Phase 1: Mark live objects 6.132ms
[75.723s][info][gc,phases,start] GC(106) Phase 2: Compute new object addresses
[75.782s][info][gc,phases      ] GC(106) Phase 2: Compute new object addresses 59.380ms
[75.782s][info][gc,phases,start] GC(106) Phase 3: Adjust pointers
[75.787s][info][gc,phases      ] GC(106) Phase 3: Adjust pointers 4.482ms
[75.787s][info][gc,phases,start] GC(106) Phase 4: Move objects
[75.787s][info][gc,phases      ] GC(106) Phase 4: Move objects 0.009ms
[75.787s][info][gc,heap        ] GC(106) DefNew: 388727K->0K(629120K)
[75.787s][info][gc,heap        ] GC(106) Tenured: 137810K->5659K(1398144K)
[75.787s][info][gc,metaspace   ] GC(106) Metaspace: 25043K(25984K)->25043K(25984K) NonClass: 21970K(22528K)->21970K(22528K) Class: 3073K(3456K)->3073K(3456K)
[75.787s][info][gc             ] GC(106) Pause Full (System.gc()) 514M->5M(1979M) 70.325ms
[75.787s][info][gc,cpu         ] GC(106) User=0.06s Sys=0.00s Real=0.07s
[76.275s][info][gc,start       ] GC(107) Pause Young (Allocation Failure)
[76.807s][info][gc,heap        ] GC(107) DefNew: 559232K->69888K(629120K)
[76.807s][info][gc,heap        ] GC(107) Tenured: 5659K->137828K(1398144K)
[76.807s][info][gc,metaspace   ] GC(107) Metaspace: 25043K(25984K)->25043K(25984K) NonClass: 21970K(22528K)->21970K(22528K) Class: 3073K(3456K)->3073K(3456K)
[76.807s][info][gc             ] GC(107) Pause Young (Allocation Failure) 551M->202M(1979M) 531.505ms
[76.807s][info][gc,cpu         ] GC(107) User=0.50s Sys=0.00s Real=0.53s
[77.078s][info][gc,start       ] GC(108) Pause Full (System.gc())
[77.078s][info][gc,phases,start] GC(108) Phase 1: Mark live objects
[77.084s][info][gc,phases      ] GC(108) Phase 1: Mark live objects 6.195ms
[77.084s][info][gc,phases,start] GC(108) Phase 2: Compute new object addresses
[77.143s][info][gc,phases      ] GC(108) Phase 2: Compute new object addresses 58.303ms
[77.143s][info][gc,phases,start] GC(108) Phase 3: Adjust pointers
[77.147s][info][gc,phases      ] GC(108) Phase 3: Adjust pointers 4.515ms
[77.147s][info][gc,phases,start] GC(108) Phase 4: Move objects
[77.147s][info][gc,phases      ] GC(108) Phase 4: Move objects 0.010ms
[77.147s][info][gc,heap        ] GC(108) DefNew: 388721K->0K(629120K)
[77.147s][info][gc,heap        ] GC(108) Tenured: 137828K->5660K(1398144K)
[77.148s][info][gc,metaspace   ] GC(108) Metaspace: 25045K(25984K)->25045K(25984K) NonClass: 21971K(22528K)->21971K(22528K) Class: 3073K(3456K)->3073K(3456K)
[77.148s][info][gc             ] GC(108) Pause Full (System.gc()) 514M->5M(1979M) 69.460ms
[77.148s][info][gc,cpu         ] GC(108) User=0.06s Sys=0.00s Real=0.07s
[77.651s][info][gc,start       ] GC(109) Pause Young (Allocation Failure)
[78.181s][info][gc,heap        ] GC(109) DefNew: 559232K->69888K(629120K)
[78.181s][info][gc,heap        ] GC(109) Tenured: 5660K->137804K(1398144K)
[78.181s][info][gc,metaspace   ] GC(109) Metaspace: 25048K(25984K)->25048K(25984K) NonClass: 21974K(22528K)->21974K(22528K) Class: 3073K(3456K)->3073K(3456K)
[78.181s][info][gc             ] GC(109) Pause Young (Allocation Failure) 551M->202M(1979M) 530.504ms
[78.181s][info][gc,cpu         ] GC(109) User=0.52s Sys=0.00s Real=0.53s
[78.437s][info][gc,start       ] GC(110) Pause Full (System.gc())
[78.437s][info][gc,phases,start] GC(110) Phase 1: Mark live objects
[78.443s][info][gc,phases      ] GC(110) Phase 1: Mark live objects 6.443ms
[78.444s][info][gc,phases,start] GC(110) Phase 2: Compute new object addresses
[78.503s][info][gc,phases      ] GC(110) Phase 2: Compute new object addresses 59.352ms
[78.503s][info][gc,phases,start] GC(110) Phase 3: Adjust pointers
[78.507s][info][gc,phases      ] GC(110) Phase 3: Adjust pointers 4.504ms
[78.507s][info][gc,phases,start] GC(110) Phase 4: Move objects
[78.507s][info][gc,phases      ] GC(110) Phase 4: Move objects 0.009ms
[78.508s][info][gc,heap        ] GC(110) DefNew: 388718K->0K(629120K)
[78.508s][info][gc,heap        ] GC(110) Tenured: 137804K->5660K(1398144K)
[78.508s][info][gc,metaspace   ] GC(110) Metaspace: 25048K(25984K)->25048K(25984K) NonClass: 21974K(22528K)->21974K(22528K) Class: 3073K(3456K)->3073K(3456K)
[78.508s][info][gc             ] GC(110) Pause Full (System.gc()) 514M->5M(1979M) 70.656ms
[78.508s][info][gc,cpu         ] GC(110) User=0.05s Sys=0.02s Real=0.07s
[78.990s][info][gc,start       ] GC(111) Pause Young (Allocation Failure)
[79.522s][info][gc,heap        ] GC(111) DefNew: 559232K->69888K(629120K)
[79.523s][info][gc,heap        ] GC(111) Tenured: 5660K->137822K(1398144K)
[79.523s][info][gc,metaspace   ] GC(111) Metaspace: 25050K(25984K)->25050K(25984K) NonClass: 21976K(22528K)->21976K(22528K) Class: 3073K(3456K)->3073K(3456K)
[79.523s][info][gc             ] GC(111) Pause Young (Allocation Failure) 551M->202M(1979M) 532.684ms
[79.523s][info][gc,cpu         ] GC(111) User=0.53s Sys=0.00s Real=0.53s
[79.788s][info][gc,start       ] GC(112) Pause Full (System.gc())
[79.788s][info][gc,phases,start] GC(112) Phase 1: Mark live objects
[79.795s][info][gc,phases      ] GC(112) Phase 1: Mark live objects 7.063ms
[79.795s][info][gc,phases,start] GC(112) Phase 2: Compute new object addresses
[79.854s][info][gc,phases      ] GC(112) Phase 2: Compute new object addresses 58.841ms
[79.854s][info][gc,phases,start] GC(112) Phase 3: Adjust pointers
[79.858s][info][gc,phases      ] GC(112) Phase 3: Adjust pointers 4.501ms
[79.858s][info][gc,phases,start] GC(112) Phase 4: Move objects
[79.858s][info][gc,phases      ] GC(112) Phase 4: Move objects 0.010ms
[79.858s][info][gc,heap        ] GC(112) DefNew: 388727K->0K(629120K)
[79.858s][info][gc,heap        ] GC(112) Tenured: 137822K->5660K(1398144K)
[79.858s][info][gc,metaspace   ] GC(112) Metaspace: 25050K(25984K)->25050K(25984K) NonClass: 21976K(22528K)->21976K(22528K) Class: 3073K(3456K)->3073K(3456K)
[79.858s][info][gc             ] GC(112) Pause Full (System.gc()) 514M->5M(1979M) 70.779ms
[79.858s][info][gc,cpu         ] GC(112) User=0.06s Sys=0.00s Real=0.07s
[80.343s][info][gc,start       ] GC(113) Pause Young (Allocation Failure)
[80.871s][info][gc,heap        ] GC(113) DefNew: 559232K->69888K(629120K)
[80.871s][info][gc,heap        ] GC(113) Tenured: 5660K->137827K(1398144K)
[80.871s][info][gc,metaspace   ] GC(113) Metaspace: 25050K(25984K)->25050K(25984K) NonClass: 21976K(22528K)->21976K(22528K) Class: 3073K(3456K)->3073K(3456K)
[80.871s][info][gc             ] GC(113) Pause Young (Allocation Failure) 551M->202M(1979M) 528.412ms
[80.871s][info][gc,cpu         ] GC(113) User=0.48s Sys=0.00s Real=0.53s
[81.153s][info][gc,start       ] GC(114) Pause Full (System.gc())
[81.153s][info][gc,phases,start] GC(114) Phase 1: Mark live objects
[81.160s][info][gc,phases      ] GC(114) Phase 1: Mark live objects 6.532ms
[81.160s][info][gc,phases,start] GC(114) Phase 2: Compute new object addresses
[81.219s][info][gc,phases      ] GC(114) Phase 2: Compute new object addresses 58.636ms
[81.219s][info][gc,phases,start] GC(114) Phase 3: Adjust pointers
[81.223s][info][gc,phases      ] GC(114) Phase 3: Adjust pointers 4.568ms
[81.223s][info][gc,phases,start] GC(114) Phase 4: Move objects
[81.223s][info][gc,phases      ] GC(114) Phase 4: Move objects 0.025ms
[81.223s][info][gc,heap        ] GC(114) DefNew: 388723K->0K(629120K)
[81.223s][info][gc,heap        ] GC(114) Tenured: 137827K->5660K(1398144K)
[81.223s][info][gc,metaspace   ] GC(114) Metaspace: 25050K(25984K)->25050K(25984K) NonClass: 21976K(22528K)->21976K(22528K) Class: 3073K(3456K)->3073K(3456K)
[81.223s][info][gc             ] GC(114) Pause Full (System.gc()) 514M->5M(1979M) 70.092ms
[81.223s][info][gc,cpu         ] GC(114) User=0.06s Sys=0.00s Real=0.07s
[81.703s][info][gc,start       ] GC(115) Pause Young (Allocation Failure)
[82.233s][info][gc,heap        ] GC(115) DefNew: 559232K->69887K(629120K)
[82.233s][info][gc,heap        ] GC(115) Tenured: 5660K->137846K(1398144K)
[82.233s][info][gc,metaspace   ] GC(115) Metaspace: 25050K(25984K)->25050K(25984K) NonClass: 21976K(22528K)->21976K(22528K) Class: 3073K(3456K)->3073K(3456K)
[82.233s][info][gc             ] GC(115) Pause Young (Allocation Failure) 551M->202M(1979M) 530.750ms
[82.233s][info][gc,cpu         ] GC(115) User=0.50s Sys=0.00s Real=0.53s
[82.492s][info][gc,start       ] GC(116) Pause Full (System.gc())
[82.492s][info][gc,phases,start] GC(116) Phase 1: Mark live objects
[82.499s][info][gc,phases      ] GC(116) Phase 1: Mark live objects 6.605ms
[82.499s][info][gc,phases,start] GC(116) Phase 2: Compute new object addresses
[82.557s][info][gc,phases      ] GC(116) Phase 2: Compute new object addresses 58.737ms
[82.557s][info][gc,phases,start] GC(116) Phase 3: Adjust pointers
[82.562s][info][gc,phases      ] GC(116) Phase 3: Adjust pointers 4.700ms
[82.562s][info][gc,phases,start] GC(116) Phase 4: Move objects
[82.562s][info][gc,phases      ] GC(116) Phase 4: Move objects 0.011ms
[82.562s][info][gc,heap        ] GC(116) DefNew: 388727K->0K(629120K)
[82.562s][info][gc,heap        ] GC(116) Tenured: 137846K->5660K(1398144K)
[82.562s][info][gc,metaspace   ] GC(116) Metaspace: 25050K(25984K)->25050K(25984K) NonClass: 21976K(22528K)->21976K(22528K) Class: 3073K(3456K)->3073K(3456K)
[82.562s][info][gc             ] GC(116) Pause Full (System.gc()) 514M->5M(1979M) 70.457ms
[82.562s][info][gc,cpu         ] GC(116) User=0.06s Sys=0.00s Real=0.07s
[83.049s][info][gc,start       ] GC(117) Pause Young (Allocation Failure)
[83.577s][info][gc,heap        ] GC(117) DefNew: 559232K->69888K(629120K)
[83.577s][info][gc,heap        ] GC(117) Tenured: 5660K->137813K(1398144K)
[83.577s][info][gc,metaspace   ] GC(117) Metaspace: 25050K(25984K)->25050K(25984K) NonClass: 21976K(22528K)->21976K(22528K) Class: 3073K(3456K)->3073K(3456K)
[83.577s][info][gc             ] GC(117) Pause Young (Allocation Failure) 551M->202M(1979M) 527.924ms
[83.577s][info][gc,cpu         ] GC(117) User=0.52s Sys=0.00s Real=0.53s
[83.842s][info][gc,start       ] GC(118) Pause Full (System.gc())
[83.842s][info][gc,phases,start] GC(118) Phase 1: Mark live objects
[83.849s][info][gc,phases      ] GC(118) Phase 1: Mark live objects 6.708ms
[83.849s][info][gc,phases,start] GC(118) Phase 2: Compute new object addresses
[83.909s][info][gc,phases      ] GC(118) Phase 2: Compute new object addresses 59.617ms
[83.909s][info][gc,phases,start] GC(118) Phase 3: Adjust pointers
[83.913s][info][gc,phases      ] GC(118) Phase 3: Adjust pointers 4.517ms
[83.913s][info][gc,phases,start] GC(118) Phase 4: Move objects
[83.913s][info][gc,phases      ] GC(118) Phase 4: Move objects 0.010ms
[83.913s][info][gc,heap        ] GC(118) DefNew: 388722K->0K(629120K)
[83.913s][info][gc,heap        ] GC(118) Tenured: 137813K->5660K(1398144K)
[83.913s][info][gc,metaspace   ] GC(118) Metaspace: 25050K(25984K)->25050K(25984K) NonClass: 21976K(22528K)->21976K(22528K) Class: 3073K(3456K)->3073K(3456K)
[83.913s][info][gc             ] GC(118) Pause Full (System.gc()) 514M->5M(1979M) 71.238ms
[83.913s][info][gc,cpu         ] GC(118) User=0.03s Sys=0.00s Real=0.07s
[84.399s][info][gc,start       ] GC(119) Pause Young (Allocation Failure)
[84.928s][info][gc,heap        ] GC(119) DefNew: 559232K->69888K(629120K)
[84.928s][info][gc,heap        ] GC(119) Tenured: 5660K->137848K(1398144K)
[84.928s][info][gc,metaspace   ] GC(119) Metaspace: 25050K(25984K)->25050K(25984K) NonClass: 21976K(22528K)->21976K(22528K) Class: 3073K(3456K)->3073K(3456K)
[84.928s][info][gc             ] GC(119) Pause Young (Allocation Failure) 551M->202M(1979M) 528.991ms
[84.928s][info][gc,cpu         ] GC(119) User=0.53s Sys=0.00s Real=0.53s
[85.204s][info][gc,start       ] GC(120) Pause Full (System.gc())
[85.204s][info][gc,phases,start] GC(120) Phase 1: Mark live objects
[85.210s][info][gc,phases      ] GC(120) Phase 1: Mark live objects 6.076ms
[85.210s][info][gc,phases,start] GC(120) Phase 2: Compute new object addresses
[85.269s][info][gc,phases      ] GC(120) Phase 2: Compute new object addresses 58.935ms
[85.269s][info][gc,phases,start] GC(120) Phase 3: Adjust pointers
[85.274s][info][gc,phases      ] GC(120) Phase 3: Adjust pointers 4.545ms
[85.274s][info][gc,phases,start] GC(120) Phase 4: Move objects
[85.274s][info][gc,phases      ] GC(120) Phase 4: Move objects 0.009ms
[85.274s][info][gc,heap        ] GC(120) DefNew: 388720K->0K(629120K)
[85.274s][info][gc,heap        ] GC(120) Tenured: 137848K->5660K(1398144K)
[85.274s][info][gc,metaspace   ] GC(120) Metaspace: 25050K(25984K)->25050K(25984K) NonClass: 21976K(22528K)->21976K(22528K) Class: 3073K(3456K)->3073K(3456K)
[85.274s][info][gc             ] GC(120) Pause Full (System.gc()) 514M->5M(1979M) 69.928ms
[85.274s][info][gc,cpu         ] GC(120) User=0.06s Sys=0.00s Real=0.07s
[85.757s][info][gc,start       ] GC(121) Pause Young (Allocation Failure)
[86.294s][info][gc,heap        ] GC(121) DefNew: 559232K->69888K(629120K)
[86.294s][info][gc,heap        ] GC(121) Tenured: 5660K->137791K(1398144K)
[86.294s][info][gc,metaspace   ] GC(121) Metaspace: 25050K(25984K)->25050K(25984K) NonClass: 21976K(22528K)->21976K(22528K) Class: 3073K(3456K)->3073K(3456K)
[86.294s][info][gc             ] GC(121) Pause Young (Allocation Failure) 551M->202M(1979M) 536.823ms
[86.294s][info][gc,cpu         ] GC(121) User=0.50s Sys=0.00s Real=0.54s
[86.560s][info][gc,start       ] GC(122) Pause Full (System.gc())
[86.560s][info][gc,phases,start] GC(122) Phase 1: Mark live objects
[86.567s][info][gc,phases      ] GC(122) Phase 1: Mark live objects 6.884ms
[86.567s][info][gc,phases,start] GC(122) Phase 2: Compute new object addresses
[86.627s][info][gc,phases      ] GC(122) Phase 2: Compute new object addresses 59.394ms
[86.627s][info][gc,phases,start] GC(122) Phase 3: Adjust pointers
[86.631s][info][gc,phases      ] GC(122) Phase 3: Adjust pointers 4.454ms
[86.631s][info][gc,phases,start] GC(122) Phase 4: Move objects
[86.631s][info][gc,phases      ] GC(122) Phase 4: Move objects 0.009ms
[86.631s][info][gc,heap        ] GC(122) DefNew: 388723K->0K(629120K)
[86.631s][info][gc,heap        ] GC(122) Tenured: 137791K->5660K(1398144K)
[86.631s][info][gc,metaspace   ] GC(122) Metaspace: 25050K(25984K)->25050K(25984K) NonClass: 21976K(22528K)->21976K(22528K) Class: 3073K(3456K)->3073K(3456K)
[86.631s][info][gc             ] GC(122) Pause Full (System.gc()) 514M->5M(1979M) 71.114ms
[86.631s][info][gc,cpu         ] GC(122) User=0.06s Sys=0.00s Real=0.07s
[87.120s][info][gc,start       ] GC(123) Pause Young (Allocation Failure)
[87.647s][info][gc,heap        ] GC(123) DefNew: 559232K->69887K(629120K)
[87.647s][info][gc,heap        ] GC(123) Tenured: 5660K->137836K(1398144K)
[87.647s][info][gc,metaspace   ] GC(123) Metaspace: 25050K(25984K)->25050K(25984K) NonClass: 21976K(22528K)->21976K(22528K) Class: 3073K(3456K)->3073K(3456K)
[87.647s][info][gc             ] GC(123) Pause Young (Allocation Failure) 551M->202M(1979M) 526.629ms
[87.647s][info][gc,cpu         ] GC(123) User=0.50s Sys=0.00s Real=0.53s
[87.917s][info][gc,start       ] GC(124) Pause Full (System.gc())
[87.917s][info][gc,phases,start] GC(124) Phase 1: Mark live objects
[87.923s][info][gc,phases      ] GC(124) Phase 1: Mark live objects 6.526ms
[87.923s][info][gc,phases,start] GC(124) Phase 2: Compute new object addresses
[87.983s][info][gc,phases      ] GC(124) Phase 2: Compute new object addresses 59.231ms
[87.983s][info][gc,phases,start] GC(124) Phase 3: Adjust pointers
[87.987s][info][gc,phases      ] GC(124) Phase 3: Adjust pointers 4.496ms
[87.987s][info][gc,phases,start] GC(124) Phase 4: Move objects
[87.987s][info][gc,phases      ] GC(124) Phase 4: Move objects 0.010ms
[87.987s][info][gc,heap        ] GC(124) DefNew: 388719K->0K(629120K)
[87.987s][info][gc,heap        ] GC(124) Tenured: 137836K->5660K(1398144K)
[87.987s][info][gc,metaspace   ] GC(124) Metaspace: 25050K(25984K)->25050K(25984K) NonClass: 21976K(22528K)->21976K(22528K) Class: 3073K(3456K)->3073K(3456K)
[87.987s][info][gc             ] GC(124) Pause Full (System.gc()) 514M->5M(1979M) 70.628ms
[87.987s][info][gc,cpu         ] GC(124) User=0.06s Sys=0.00s Real=0.07s
[88.472s][info][gc,start       ] GC(125) Pause Young (Allocation Failure)
[89.001s][info][gc,heap        ] GC(125) DefNew: 559232K->69888K(629120K)
[89.001s][info][gc,heap        ] GC(125) Tenured: 5660K->137841K(1398144K)
[89.001s][info][gc,metaspace   ] GC(125) Metaspace: 25050K(25984K)->25050K(25984K) NonClass: 21976K(22528K)->21976K(22528K) Class: 3073K(3456K)->3073K(3456K)
[89.001s][info][gc             ] GC(125) Pause Young (Allocation Failure) 551M->202M(1979M) 529.841ms
[89.002s][info][gc,cpu         ] GC(125) User=0.50s Sys=0.00s Real=0.53s
[89.252s][info][gc,start       ] GC(126) Pause Full (System.gc())
[89.252s][info][gc,phases,start] GC(126) Phase 1: Mark live objects
[89.258s][info][gc,phases      ] GC(126) Phase 1: Mark live objects 5.937ms
[89.258s][info][gc,phases,start] GC(126) Phase 2: Compute new object addresses
[89.317s][info][gc,phases      ] GC(126) Phase 2: Compute new object addresses 59.282ms
[89.317s][info][gc,phases,start] GC(126) Phase 3: Adjust pointers
[89.322s][info][gc,phases      ] GC(126) Phase 3: Adjust pointers 4.555ms
[89.322s][info][gc,phases,start] GC(126) Phase 4: Move objects
[89.322s][info][gc,phases      ] GC(126) Phase 4: Move objects 0.010ms
[89.322s][info][gc,heap        ] GC(126) DefNew: 388719K->0K(629120K)
[89.322s][info][gc,heap        ] GC(126) Tenured: 137841K->5660K(1398144K)
[89.322s][info][gc,metaspace   ] GC(126) Metaspace: 25050K(25984K)->25050K(25984K) NonClass: 21976K(22528K)->21976K(22528K) Class: 3073K(3456K)->3073K(3456K)
[89.322s][info][gc             ] GC(126) Pause Full (System.gc()) 514M->5M(1979M) 70.107ms
[89.322s][info][gc,cpu         ] GC(126) User=0.06s Sys=0.00s Real=0.07s
[89.807s][info][gc,start       ] GC(127) Pause Young (Allocation Failure)
[90.339s][info][gc,heap        ] GC(127) DefNew: 559232K->69888K(629120K)
[90.339s][info][gc,heap        ] GC(127) Tenured: 5660K->137798K(1398144K)
[90.339s][info][gc,metaspace   ] GC(127) Metaspace: 25050K(25984K)->25050K(25984K) NonClass: 21976K(22528K)->21976K(22528K) Class: 3073K(3456K)->3073K(3456K)
[90.339s][info][gc             ] GC(127) Pause Young (Allocation Failure) 551M->202M(1979M) 531.791ms
[90.339s][info][gc,cpu         ] GC(127) User=0.48s Sys=0.00s Real=0.53s
[90.601s][info][gc,start       ] GC(128) Pause Full (System.gc())
[90.601s][info][gc,phases,start] GC(128) Phase 1: Mark live objects
[90.607s][info][gc,phases      ] GC(128) Phase 1: Mark live objects 5.965ms
[90.607s][info][gc,phases,start] GC(128) Phase 2: Compute new object addresses
[90.667s][info][gc,phases      ] GC(128) Phase 2: Compute new object addresses 60.084ms
[90.667s][info][gc,phases,start] GC(128) Phase 3: Adjust pointers
[90.671s][info][gc,phases      ] GC(128) Phase 3: Adjust pointers 4.583ms
[90.671s][info][gc,phases,start] GC(128) Phase 4: Move objects
[90.671s][info][gc,phases      ] GC(128) Phase 4: Move objects 0.010ms
[90.671s][info][gc,heap        ] GC(128) DefNew: 388726K->0K(629120K)
[90.672s][info][gc,heap        ] GC(128) Tenured: 137798K->5660K(1398144K)
[90.672s][info][gc,metaspace   ] GC(128) Metaspace: 25053K(25984K)->25053K(25984K) NonClass: 21980K(22528K)->21980K(22528K) Class: 3073K(3456K)->3073K(3456K)
[90.672s][info][gc             ] GC(128) Pause Full (System.gc()) 514M->5M(1979M) 70.965ms
[90.672s][info][gc,cpu         ] GC(128) User=0.06s Sys=0.00s Real=0.07s
[91.161s][info][gc,start       ] GC(129) Pause Young (Allocation Failure)
[91.694s][info][gc,heap        ] GC(129) DefNew: 559232K->69888K(629120K)
[91.694s][info][gc,heap        ] GC(129) Tenured: 5660K->137820K(1398144K)
[91.694s][info][gc,metaspace   ] GC(129) Metaspace: 25053K(25984K)->25053K(25984K) NonClass: 21980K(22528K)->21980K(22528K) Class: 3073K(3456K)->3073K(3456K)
[91.694s][info][gc             ] GC(129) Pause Young (Allocation Failure) 551M->202M(1979M) 532.970ms
[91.694s][info][gc,cpu         ] GC(129) User=0.50s Sys=0.00s Real=0.53s
[91.970s][info][gc,start       ] GC(130) Pause Full (System.gc())
[91.970s][info][gc,phases,start] GC(130) Phase 1: Mark live objects
[91.977s][info][gc,phases      ] GC(130) Phase 1: Mark live objects 6.062ms
[91.977s][info][gc,phases,start] GC(130) Phase 2: Compute new object addresses
[92.035s][info][gc,phases      ] GC(130) Phase 2: Compute new object addresses 58.872ms
[92.036s][info][gc,phases,start] GC(130) Phase 3: Adjust pointers
[92.040s][info][gc,phases      ] GC(130) Phase 3: Adjust pointers 4.629ms
[92.040s][info][gc,phases,start] GC(130) Phase 4: Move objects
[92.040s][info][gc,phases      ] GC(130) Phase 4: Move objects 0.011ms
[92.040s][info][gc,heap        ] GC(130) DefNew: 388718K->0K(629120K)
[92.040s][info][gc,heap        ] GC(130) Tenured: 137820K->5660K(1398144K)
[92.040s][info][gc,metaspace   ] GC(130) Metaspace: 25053K(25984K)->25053K(25984K) NonClass: 21980K(22528K)->21980K(22528K) Class: 3073K(3456K)->3073K(3456K)
[92.040s][info][gc             ] GC(130) Pause Full (System.gc()) 514M->5M(1979M) 69.921ms
[92.040s][info][gc,cpu         ] GC(130) User=0.06s Sys=0.00s Real=0.07s
[92.521s][info][gc,start       ] GC(131) Pause Young (Allocation Failure)
[93.053s][info][gc,heap        ] GC(131) DefNew: 559232K->69888K(629120K)
[93.053s][info][gc,heap        ] GC(131) Tenured: 5660K->137824K(1398144K)
[93.053s][info][gc,metaspace   ] GC(131) Metaspace: 25053K(25984K)->25053K(25984K) NonClass: 21980K(22528K)->21980K(22528K) Class: 3073K(3456K)->3073K(3456K)
[93.053s][info][gc             ] GC(131) Pause Young (Allocation Failure) 551M->202M(1979M) 531.897ms
[93.053s][info][gc,cpu         ] GC(131) User=0.53s Sys=0.00s Real=0.53s
[93.315s][info][gc,start       ] GC(132) Pause Full (System.gc())
[93.316s][info][gc,phases,start] GC(132) Phase 1: Mark live objects
[93.322s][info][gc,phases      ] GC(132) Phase 1: Mark live objects 6.044ms
[93.322s][info][gc,phases,start] GC(132) Phase 2: Compute new object addresses
[93.381s][info][gc,phases      ] GC(132) Phase 2: Compute new object addresses 59.758ms
[93.381s][info][gc,phases,start] GC(132) Phase 3: Adjust pointers
[93.386s][info][gc,phases      ] GC(132) Phase 3: Adjust pointers 4.552ms
[93.386s][info][gc,phases,start] GC(132) Phase 4: Move objects
[93.386s][info][gc,phases      ] GC(132) Phase 4: Move objects 0.010ms
[93.386s][info][gc,heap        ] GC(132) DefNew: 388717K->0K(629120K)
[93.386s][info][gc,heap        ] GC(132) Tenured: 137824K->5660K(1398144K)
[93.386s][info][gc,metaspace   ] GC(132) Metaspace: 25053K(25984K)->25053K(25984K) NonClass: 21980K(22528K)->21980K(22528K) Class: 3073K(3456K)->3073K(3456K)
[93.386s][info][gc             ] GC(132) Pause Full (System.gc()) 514M->5M(1979M) 70.681ms
[93.386s][info][gc,cpu         ] GC(132) User=0.06s Sys=0.00s Real=0.07s
[93.871s][info][gc,start       ] GC(133) Pause Young (Allocation Failure)
[94.403s][info][gc,heap        ] GC(133) DefNew: 559232K->69887K(629120K)
[94.403s][info][gc,heap        ] GC(133) Tenured: 5660K->137799K(1398144K)
[94.403s][info][gc,metaspace   ] GC(133) Metaspace: 25053K(25984K)->25053K(25984K) NonClass: 21980K(22528K)->21980K(22528K) Class: 3073K(3456K)->3073K(3456K)
[94.403s][info][gc             ] GC(133) Pause Young (Allocation Failure) 551M->202M(1979M) 532.002ms
[94.403s][info][gc,cpu         ] GC(133) User=0.48s Sys=0.00s Real=0.53s
[94.679s][info][gc,start       ] GC(134) Pause Full (System.gc())
[94.679s][info][gc,phases,start] GC(134) Phase 1: Mark live objects
[94.685s][info][gc,phases      ] GC(134) Phase 1: Mark live objects 6.213ms
[94.685s][info][gc,phases,start] GC(134) Phase 2: Compute new object addresses
[94.745s][info][gc,phases      ] GC(134) Phase 2: Compute new object addresses 60.402ms
[94.746s][info][gc,phases,start] GC(134) Phase 3: Adjust pointers
[94.750s][info][gc,phases      ] GC(134) Phase 3: Adjust pointers 4.558ms
[94.750s][info][gc,phases,start] GC(134) Phase 4: Move objects
[94.750s][info][gc,phases      ] GC(134) Phase 4: Move objects 0.011ms
[94.750s][info][gc,heap        ] GC(134) DefNew: 388720K->0K(629120K)
[94.750s][info][gc,heap        ] GC(134) Tenured: 137799K->5660K(1398144K)
[94.750s][info][gc,metaspace   ] GC(134) Metaspace: 25056K(25984K)->25056K(25984K) NonClass: 21983K(22528K)->21983K(22528K) Class: 3073K(3456K)->3073K(3456K)
[94.750s][info][gc             ] GC(134) Pause Full (System.gc()) 514M->5M(1979M) 71.547ms
[94.750s][info][gc,cpu         ] GC(134) User=0.06s Sys=0.00s Real=0.07s
[95.241s][info][gc,start       ] GC(135) Pause Young (Allocation Failure)
[95.772s][info][gc,heap        ] GC(135) DefNew: 559232K->69888K(629120K)
[95.772s][info][gc,heap        ] GC(135) Tenured: 5660K->137834K(1398144K)
[95.772s][info][gc,metaspace   ] GC(135) Metaspace: 25056K(25984K)->25056K(25984K) NonClass: 21983K(22528K)->21983K(22528K) Class: 3073K(3456K)->3073K(3456K)
[95.772s][info][gc             ] GC(135) Pause Young (Allocation Failure) 551M->202M(1979M) 530.823ms
[95.772s][info][gc,cpu         ] GC(135) User=0.48s Sys=0.00s Real=0.53s
[96.037s][info][gc,start       ] GC(136) Pause Full (System.gc())
[96.037s][info][gc,phases,start] GC(136) Phase 1: Mark live objects
[96.044s][info][gc,phases      ] GC(136) Phase 1: Mark live objects 7.078ms
[96.044s][info][gc,phases,start] GC(136) Phase 2: Compute new object addresses
[96.102s][info][gc,phases      ] GC(136) Phase 2: Compute new object addresses 58.048ms
[96.102s][info][gc,phases,start] GC(136) Phase 3: Adjust pointers
[96.106s][info][gc,phases      ] GC(136) Phase 3: Adjust pointers 4.501ms
[96.106s][info][gc,phases,start] GC(136) Phase 4: Move objects
[96.106s][info][gc,phases      ] GC(136) Phase 4: Move objects 0.016ms
[96.106s][info][gc,heap        ] GC(136) DefNew: 388723K->0K(629120K)
[96.107s][info][gc,heap        ] GC(136) Tenured: 137834K->5660K(1398144K)
[96.107s][info][gc,metaspace   ] GC(136) Metaspace: 25056K(25984K)->25056K(25984K) NonClass: 21983K(22528K)->21983K(22528K) Class: 3073K(3456K)->3073K(3456K)
[96.107s][info][gc             ] GC(136) Pause Full (System.gc()) 514M->5M(1979M) 70.006ms
[96.107s][info][gc,cpu         ] GC(136) User=0.06s Sys=0.00s Real=0.07s
[96.588s][info][gc,start       ] GC(137) Pause Young (Allocation Failure)
[97.122s][info][gc,heap        ] GC(137) DefNew: 559232K->69888K(629120K)
[97.123s][info][gc,heap        ] GC(137) Tenured: 5660K->137822K(1398144K)
[97.123s][info][gc,metaspace   ] GC(137) Metaspace: 25056K(25984K)->25056K(25984K) NonClass: 21983K(22528K)->21983K(22528K) Class: 3073K(3456K)->3073K(3456K)
[97.123s][info][gc             ] GC(137) Pause Young (Allocation Failure) 551M->202M(1979M) 534.347ms
[97.123s][info][gc,cpu         ] GC(137) User=0.52s Sys=0.00s Real=0.53s
[97.368s][info][gc,start       ] GC(138) Pause Full (System.gc())
[97.368s][info][gc,phases,start] GC(138) Phase 1: Mark live objects
[97.374s][info][gc,phases      ] GC(138) Phase 1: Mark live objects 5.997ms
[97.374s][info][gc,phases,start] GC(138) Phase 2: Compute new object addresses
[97.433s][info][gc,phases      ] GC(138) Phase 2: Compute new object addresses 59.036ms
[97.433s][info][gc,phases,start] GC(138) Phase 3: Adjust pointers
[97.438s][info][gc,phases      ] GC(138) Phase 3: Adjust pointers 4.539ms
[97.438s][info][gc,phases,start] GC(138) Phase 4: Move objects
[97.438s][info][gc,phases      ] GC(138) Phase 4: Move objects 0.009ms
[97.438s][info][gc,heap        ] GC(138) DefNew: 388725K->0K(629120K)
[97.438s][info][gc,heap        ] GC(138) Tenured: 137822K->5660K(1398144K)
[97.438s][info][gc,metaspace   ] GC(138) Metaspace: 25056K(25984K)->25056K(25984K) NonClass: 21983K(22528K)->21983K(22528K) Class: 3073K(3456K)->3073K(3456K)
[97.438s][info][gc             ] GC(138) Pause Full (System.gc()) 514M->5M(1979M) 69.906ms
[97.438s][info][gc,cpu         ] GC(138) User=0.06s Sys=0.00s Real=0.07s
[97.926s][info][gc,start       ] GC(139) Pause Young (Allocation Failure)
[98.459s][info][gc,heap        ] GC(139) DefNew: 559232K->69888K(629120K)
[98.459s][info][gc,heap        ] GC(139) Tenured: 5660K->137838K(1398144K)
[98.459s][info][gc,metaspace   ] GC(139) Metaspace: 25056K(25984K)->25056K(25984K) NonClass: 21983K(22528K)->21983K(22528K) Class: 3073K(3456K)->3073K(3456K)
[98.459s][info][gc             ] GC(139) Pause Young (Allocation Failure) 551M->202M(1979M) 532.400ms
[98.459s][info][gc,cpu         ] GC(139) User=0.50s Sys=0.00s Real=0.53s
[98.724s][info][gc,start       ] GC(140) Pause Full (System.gc())
[98.724s][info][gc,phases,start] GC(140) Phase 1: Mark live objects
[98.731s][info][gc,phases      ] GC(140) Phase 1: Mark live objects 6.736ms
[98.731s][info][gc,phases,start] GC(140) Phase 2: Compute new object addresses
[98.792s][info][gc,phases      ] GC(140) Phase 2: Compute new object addresses 60.282ms
[98.792s][info][gc,phases,start] GC(140) Phase 3: Adjust pointers
[98.796s][info][gc,phases      ] GC(140) Phase 3: Adjust pointers 4.499ms
[98.796s][info][gc,phases,start] GC(140) Phase 4: Move objects
[98.796s][info][gc,phases      ] GC(140) Phase 4: Move objects 0.011ms
[98.796s][info][gc,heap        ] GC(140) DefNew: 388731K->0K(629120K)
[98.796s][info][gc,heap        ] GC(140) Tenured: 137838K->5660K(1398144K)
[98.796s][info][gc,metaspace   ] GC(140) Metaspace: 25056K(25984K)->25056K(25984K) NonClass: 21983K(22528K)->21983K(22528K) Class: 3073K(3456K)->3073K(3456K)
[98.796s][info][gc             ] GC(140) Pause Full (System.gc()) 514M->5M(1979M) 71.922ms
[98.796s][info][gc,cpu         ] GC(140) User=0.05s Sys=0.00s Real=0.07s
[99.280s][info][gc,start       ] GC(141) Pause Young (Allocation Failure)
[99.808s][info][gc,heap        ] GC(141) DefNew: 559232K->69888K(629120K)
[99.808s][info][gc,heap        ] GC(141) Tenured: 5660K->137813K(1398144K)
[99.808s][info][gc,metaspace   ] GC(141) Metaspace: 25056K(25984K)->25056K(25984K) NonClass: 21983K(22528K)->21983K(22528K) Class: 3073K(3456K)->3073K(3456K)
[99.808s][info][gc             ] GC(141) Pause Young (Allocation Failure) 551M->202M(1979M) 527.628ms
[99.808s][info][gc,cpu         ] GC(141) User=0.50s Sys=0.00s Real=0.53s
[100.068s][info][gc,start       ] GC(142) Pause Full (System.gc())
[100.068s][info][gc,phases,start] GC(142) Phase 1: Mark live objects
[100.075s][info][gc,phases      ] GC(142) Phase 1: Mark live objects 6.949ms
[100.075s][info][gc,phases,start] GC(142) Phase 2: Compute new object addresses
[100.133s][info][gc,phases      ] GC(142) Phase 2: Compute new object addresses 58.509ms
[100.133s][info][gc,phases,start] GC(142) Phase 3: Adjust pointers
[100.138s][info][gc,phases      ] GC(142) Phase 3: Adjust pointers 4.504ms
[100.138s][info][gc,phases,start] GC(142) Phase 4: Move objects
[100.138s][info][gc,phases      ] GC(142) Phase 4: Move objects 0.010ms
[100.138s][info][gc,heap        ] GC(142) DefNew: 388724K->0K(629120K)
[100.138s][info][gc,heap        ] GC(142) Tenured: 137813K->5660K(1398144K)
[100.138s][info][gc,metaspace   ] GC(142) Metaspace: 25056K(25984K)->25056K(25984K) NonClass: 21983K(22528K)->21983K(22528K) Class: 3073K(3456K)->3073K(3456K)
[100.138s][info][gc             ] GC(142) Pause Full (System.gc()) 514M->5M(1979M) 70.326ms
[100.138s][info][gc,cpu         ] GC(142) User=0.06s Sys=0.00s Real=0.07s
[100.620s][info][gc,start       ] GC(143) Pause Young (Allocation Failure)
[101.152s][info][gc,heap        ] GC(143) DefNew: 559232K->69888K(629120K)
[101.152s][info][gc,heap        ] GC(143) Tenured: 5660K->137856K(1398144K)
[101.152s][info][gc,metaspace   ] GC(143) Metaspace: 25056K(25984K)->25056K(25984K) NonClass: 21983K(22528K)->21983K(22528K) Class: 3073K(3456K)->3073K(3456K)
[101.152s][info][gc             ] GC(143) Pause Young (Allocation Failure) 551M->202M(1979M) 532.054ms
[101.152s][info][gc,cpu         ] GC(143) User=0.50s Sys=0.00s Real=0.53s
[101.411s][info][gc,start       ] GC(144) Pause Full (System.gc())
[101.411s][info][gc,phases,start] GC(144) Phase 1: Mark live objects
[101.417s][info][gc,phases      ] GC(144) Phase 1: Mark live objects 5.958ms
[101.417s][info][gc,phases,start] GC(144) Phase 2: Compute new object addresses
[101.477s][info][gc,phases      ] GC(144) Phase 2: Compute new object addresses 60.040ms
[101.477s][info][gc,phases,start] GC(144) Phase 3: Adjust pointers
[101.482s][info][gc,phases      ] GC(144) Phase 3: Adjust pointers 4.518ms
[101.482s][info][gc,phases,start] GC(144) Phase 4: Move objects
[101.482s][info][gc,phases      ] GC(144) Phase 4: Move objects 0.010ms
[101.482s][info][gc,heap        ] GC(144) DefNew: 388720K->0K(629120K)
[101.482s][info][gc,heap        ] GC(144) Tenured: 137856K->5660K(1398144K)
[101.482s][info][gc,metaspace   ] GC(144) Metaspace: 25056K(25984K)->25056K(25984K) NonClass: 21983K(22528K)->21983K(22528K) Class: 3073K(3456K)->3073K(3456K)
[101.482s][info][gc             ] GC(144) Pause Full (System.gc()) 514M->5M(1979M) 70.856ms
[101.482s][info][gc,cpu         ] GC(144) User=0.06s Sys=0.00s Real=0.07s
[101.962s][info][gc,start       ] GC(145) Pause Young (Allocation Failure)
[102.491s][info][gc,heap        ] GC(145) DefNew: 559232K->69887K(629120K)
[102.491s][info][gc,heap        ] GC(145) Tenured: 5660K->137812K(1398144K)
[102.491s][info][gc,metaspace   ] GC(145) Metaspace: 25056K(25984K)->25056K(25984K) NonClass: 21983K(22528K)->21983K(22528K) Class: 3073K(3456K)->3073K(3456K)
[102.491s][info][gc             ] GC(145) Pause Young (Allocation Failure) 551M->202M(1979M) 528.592ms
[102.491s][info][gc,cpu         ] GC(145) User=0.48s Sys=0.00s Real=0.53s
[102.766s][info][gc,start       ] GC(146) Pause Full (System.gc())
[102.766s][info][gc,phases,start] GC(146) Phase 1: Mark live objects
[102.772s][info][gc,phases      ] GC(146) Phase 1: Mark live objects 6.300ms
[102.772s][info][gc,phases,start] GC(146) Phase 2: Compute new object addresses
[102.831s][info][gc,phases      ] GC(146) Phase 2: Compute new object addresses 58.342ms
[102.831s][info][gc,phases,start] GC(146) Phase 3: Adjust pointers
[102.835s][info][gc,phases      ] GC(146) Phase 3: Adjust pointers 4.583ms
[102.835s][info][gc,phases,start] GC(146) Phase 4: Move objects
[102.835s][info][gc,phases      ] GC(146) Phase 4: Move objects 0.010ms
[102.835s][info][gc,heap        ] GC(146) DefNew: 388718K->0K(629120K)
[102.835s][info][gc,heap        ] GC(146) Tenured: 137812K->5660K(1398144K)
[102.835s][info][gc,metaspace   ] GC(146) Metaspace: 25056K(25984K)->25056K(25984K) NonClass: 21983K(22528K)->21983K(22528K) Class: 3073K(3456K)->3073K(3456K)
[102.835s][info][gc             ] GC(146) Pause Full (System.gc()) 514M->5M(1979M) 69.579ms
[102.835s][info][gc,cpu         ] GC(146) User=0.06s Sys=0.00s Real=0.07s
[103.309s][info][gc,start       ] GC(147) Pause Young (Allocation Failure)
[103.809s][info][gc,heap        ] GC(147) DefNew: 553900K->69887K(629120K)
[103.809s][info][gc,heap        ] GC(147) Tenured: 5660K->122767K(1398144K)
[103.809s][info][gc,metaspace   ] GC(147) Metaspace: 25059K(25984K)->25059K(25984K) NonClass: 21985K(22528K)->21985K(22528K) Class: 3073K(3456K)->3073K(3456K)
[103.809s][info][gc             ] GC(147) Pause Young (Allocation Failure) 546M->188M(1979M) 500.154ms
[103.809s][info][gc,cpu         ] GC(147) User=0.50s Sys=0.00s Real=0.50s
[104.123s][info][gc,start       ] GC(148) Pause Full (System.gc())
[104.123s][info][gc,phases,start] GC(148) Phase 1: Mark live objects
[104.129s][info][gc,phases      ] GC(148) Phase 1: Mark live objects 5.996ms
[104.129s][info][gc,phases,start] GC(148) Phase 2: Compute new object addresses
[104.191s][info][gc,phases      ] GC(148) Phase 2: Compute new object addresses 61.534ms
[104.191s][info][gc,phases,start] GC(148) Phase 3: Adjust pointers
[104.195s][info][gc,phases      ] GC(148) Phase 3: Adjust pointers 4.495ms
[104.195s][info][gc,phases,start] GC(148) Phase 4: Move objects
[104.195s][info][gc,phases      ] GC(148) Phase 4: Move objects 0.010ms
[104.195s][info][gc,heap        ] GC(148) DefNew: 430900K->0K(629120K)
[104.195s][info][gc,heap        ] GC(148) Tenured: 122767K->5660K(1398144K)
[104.195s][info][gc,metaspace   ] GC(148) Metaspace: 25059K(25984K)->25059K(25984K) NonClass: 21985K(22528K)->21985K(22528K) Class: 3073K(3456K)->3073K(3456K)
[104.195s][info][gc             ] GC(148) Pause Full (System.gc()) 540M->5M(1979M) 72.365ms
[104.195s][info][gc,cpu         ] GC(148) User=0.06s Sys=0.00s Real=0.07s
[104.659s][info][gc,start       ] GC(149) Pause Young (Allocation Failure)
[105.162s][info][gc,heap        ] GC(149) DefNew: 553790K->69887K(629120K)
[105.162s][info][gc,heap        ] GC(149) Tenured: 5660K->122796K(1398144K)
[105.162s][info][gc,metaspace   ] GC(149) Metaspace: 25059K(25984K)->25059K(25984K) NonClass: 21985K(22528K)->21985K(22528K) Class: 3073K(3456K)->3073K(3456K)
[105.162s][info][gc             ] GC(149) Pause Young (Allocation Failure) 546M->188M(1979M) 502.502ms
[105.162s][info][gc,cpu         ] GC(149) User=0.47s Sys=0.00s Real=0.50s
[105.478s][info][gc,start       ] GC(150) Pause Full (System.gc())
[105.479s][info][gc,phases,start] GC(150) Phase 1: Mark live objects
[105.485s][info][gc,phases      ] GC(150) Phase 1: Mark live objects 6.694ms
[105.485s][info][gc,phases,start] GC(150) Phase 2: Compute new object addresses
[105.548s][info][gc,phases      ] GC(150) Phase 2: Compute new object addresses 62.579ms
[105.548s][info][gc,phases,start] GC(150) Phase 3: Adjust pointers
[105.553s][info][gc,phases      ] GC(150) Phase 3: Adjust pointers 4.598ms
[105.553s][info][gc,phases,start] GC(150) Phase 4: Move objects
[105.553s][info][gc,phases      ] GC(150) Phase 4: Move objects 0.010ms
[105.553s][info][gc,heap        ] GC(150) DefNew: 430897K->0K(629120K)
[105.553s][info][gc,heap        ] GC(150) Tenured: 122796K->5660K(1398144K)
[105.553s][info][gc,metaspace   ] GC(150) Metaspace: 25059K(25984K)->25059K(25984K) NonClass: 21985K(22528K)->21985K(22528K) Class: 3073K(3456K)->3073K(3456K)
[105.553s][info][gc             ] GC(150) Pause Full (System.gc()) 540M->5M(1979M) 74.261ms
[105.553s][info][gc,cpu         ] GC(150) User=0.08s Sys=0.00s Real=0.08s
[106.021s][info][gc,start       ] GC(151) Pause Young (Allocation Failure)
[106.522s][info][gc,heap        ] GC(151) DefNew: 553778K->69888K(629120K)
[106.522s][info][gc,heap        ] GC(151) Tenured: 5660K->122926K(1398144K)
[106.522s][info][gc,metaspace   ] GC(151) Metaspace: 25059K(25984K)->25059K(25984K) NonClass: 21985K(22528K)->21985K(22528K) Class: 3073K(3456K)->3073K(3456K)
[106.522s][info][gc             ] GC(151) Pause Young (Allocation Failure) 546M->188M(1979M) 501.755ms
[106.522s][info][gc,cpu         ] GC(151) User=0.48s Sys=0.00s Real=0.50s
[106.824s][info][gc,start       ] GC(152) Pause Full (System.gc())
[106.824s][info][gc,phases,start] GC(152) Phase 1: Mark live objects
[106.831s][info][gc,phases      ] GC(152) Phase 1: Mark live objects 6.366ms
[106.831s][info][gc,phases,start] GC(152) Phase 2: Compute new object addresses
[106.892s][info][gc,phases      ] GC(152) Phase 2: Compute new object addresses 61.368ms
[106.892s][info][gc,phases,start] GC(152) Phase 3: Adjust pointers
[106.897s][info][gc,phases      ] GC(152) Phase 3: Adjust pointers 4.583ms
[106.897s][info][gc,phases,start] GC(152) Phase 4: Move objects
[106.897s][info][gc,phases      ] GC(152) Phase 4: Move objects 0.010ms
[106.897s][info][gc,heap        ] GC(152) DefNew: 429906K->0K(629120K)
[106.897s][info][gc,heap        ] GC(152) Tenured: 122926K->5660K(1398144K)
[106.897s][info][gc,metaspace   ] GC(152) Metaspace: 25059K(25984K)->25059K(25984K) NonClass: 21985K(22528K)->21985K(22528K) Class: 3073K(3456K)->3073K(3456K)
[106.897s][info][gc             ] GC(152) Pause Full (System.gc()) 539M->5M(1979M) 72.669ms
[106.897s][info][gc,cpu         ] GC(152) User=0.06s Sys=0.00s Real=0.07s
[107.365s][info][gc,start       ] GC(153) Pause Young (Allocation Failure)
[107.867s][info][gc,heap        ] GC(153) DefNew: 553773K->69888K(629120K)
[107.867s][info][gc,heap        ] GC(153) Tenured: 5660K->122774K(1398144K)
[107.867s][info][gc,metaspace   ] GC(153) Metaspace: 25059K(25984K)->25059K(25984K) NonClass: 21985K(22528K)->21985K(22528K) Class: 3073K(3456K)->3073K(3456K)
[107.867s][info][gc             ] GC(153) Pause Young (Allocation Failure) 546M->188M(1979M) 502.275ms
[107.867s][info][gc,cpu         ] GC(153) User=0.45s Sys=0.00s Real=0.50s
[108.185s][info][gc,start       ] GC(154) Pause Full (System.gc())
[108.185s][info][gc,phases,start] GC(154) Phase 1: Mark live objects
[108.191s][info][gc,phases      ] GC(154) Phase 1: Mark live objects 6.372ms
[108.191s][info][gc,phases,start] GC(154) Phase 2: Compute new object addresses
[108.253s][info][gc,phases      ] GC(154) Phase 2: Compute new object addresses 62.019ms
[108.253s][info][gc,phases,start] GC(154) Phase 3: Adjust pointers
[108.258s][info][gc,phases      ] GC(154) Phase 3: Adjust pointers 4.519ms
[108.258s][info][gc,phases,start] GC(154) Phase 4: Move objects
[108.258s][info][gc,phases      ] GC(154) Phase 4: Move objects 0.010ms
[108.258s][info][gc,heap        ] GC(154) DefNew: 430898K->0K(629120K)
[108.258s][info][gc,heap        ] GC(154) Tenured: 122774K->5660K(1398144K)
[108.258s][info][gc,metaspace   ] GC(154) Metaspace: 25059K(25984K)->25059K(25984K) NonClass: 21985K(22528K)->21985K(22528K) Class: 3073K(3456K)->3073K(3456K)
[108.258s][info][gc             ] GC(154) Pause Full (System.gc()) 540M->5M(1979M) 73.303ms
[108.258s][info][gc,cpu         ] GC(154) User=0.06s Sys=0.00s Real=0.07s
[108.720s][info][gc,start       ] GC(155) Pause Young (Allocation Failure)
[109.225s][info][gc,heap        ] GC(155) DefNew: 553770K->69887K(629120K)
[109.225s][info][gc,heap        ] GC(155) Tenured: 5660K->122760K(1398144K)
[109.225s][info][gc,metaspace   ] GC(155) Metaspace: 25060K(25984K)->25060K(25984K) NonClass: 21986K(22528K)->21986K(22528K) Class: 3073K(3456K)->3073K(3456K)
[109.225s][info][gc             ] GC(155) Pause Young (Allocation Failure) 546M->188M(1979M) 504.562ms
[109.225s][info][gc,cpu         ] GC(155) User=0.47s Sys=0.00s Real=0.50s
[109.527s][info][gc,start       ] GC(156) Pause Full (System.gc())
[109.527s][info][gc,phases,start] GC(156) Phase 1: Mark live objects
[109.534s][info][gc,phases      ] GC(156) Phase 1: Mark live objects 7.248ms
[109.534s][info][gc,phases,start] GC(156) Phase 2: Compute new object addresses
[109.597s][info][gc,phases      ] GC(156) Phase 2: Compute new object addresses 62.546ms
[109.597s][info][gc,phases,start] GC(156) Phase 3: Adjust pointers
[109.601s][info][gc,phases      ] GC(156) Phase 3: Adjust pointers 4.556ms
[109.601s][info][gc,phases,start] GC(156) Phase 4: Move objects
[109.601s][info][gc,phases      ] GC(156) Phase 4: Move objects 0.010ms
[109.601s][info][gc,heap        ] GC(156) DefNew: 430895K->0K(629120K)
[109.601s][info][gc,heap        ] GC(156) Tenured: 122760K->5660K(1398144K)
[109.601s][info][gc,metaspace   ] GC(156) Metaspace: 25060K(25984K)->25060K(25984K) NonClass: 21986K(22528K)->21986K(22528K) Class: 3073K(3456K)->3073K(3456K)
[109.601s][info][gc             ] GC(156) Pause Full (System.gc()) 540M->5M(1979M) 74.713ms
[109.601s][info][gc,cpu         ] GC(156) User=0.06s Sys=0.00s Real=0.07s
[110.070s][info][gc,start       ] GC(157) Pause Young (Allocation Failure)
[110.576s][info][gc,heap        ] GC(157) DefNew: 553751K->69888K(629120K)
[110.576s][info][gc,heap        ] GC(157) Tenured: 5660K->122766K(1398144K)
[110.576s][info][gc,metaspace   ] GC(157) Metaspace: 25060K(25984K)->25060K(25984K) NonClass: 21986K(22528K)->21986K(22528K) Class: 3073K(3456K)->3073K(3456K)
[110.576s][info][gc             ] GC(157) Pause Young (Allocation Failure) 546M->188M(1979M) 506.300ms
[110.576s][info][gc,cpu         ] GC(157) User=0.52s Sys=0.00s Real=0.51s
[110.879s][info][gc,start       ] GC(158) Pause Full (System.gc())
[110.879s][info][gc,phases,start] GC(158) Phase 1: Mark live objects
[110.886s][info][gc,phases      ] GC(158) Phase 1: Mark live objects 7.071ms
[110.886s][info][gc,phases,start] GC(158) Phase 2: Compute new object addresses
[110.949s][info][gc,phases      ] GC(158) Phase 2: Compute new object addresses 62.763ms
[110.949s][info][gc,phases,start] GC(158) Phase 3: Adjust pointers
[110.954s][info][gc,phases      ] GC(158) Phase 3: Adjust pointers 4.536ms
[110.954s][info][gc,phases,start] GC(158) Phase 4: Move objects
[110.954s][info][gc,phases      ] GC(158) Phase 4: Move objects 0.010ms
[110.954s][info][gc,heap        ] GC(158) DefNew: 430898K->0K(629120K)
[110.954s][info][gc,heap        ] GC(158) Tenured: 122766K->5660K(1398144K)
[110.954s][info][gc,metaspace   ] GC(158) Metaspace: 25060K(25984K)->25060K(25984K) NonClass: 21986K(22528K)->21986K(22528K) Class: 3073K(3456K)->3073K(3456K)
[110.954s][info][gc             ] GC(158) Pause Full (System.gc()) 540M->5M(1979M) 74.721ms
[110.954s][info][gc,cpu         ] GC(158) User=0.08s Sys=0.00s Real=0.07s
[111.418s][info][gc,start       ] GC(159) Pause Young (Allocation Failure)
[111.922s][info][gc,heap        ] GC(159) DefNew: 555819K->69888K(629120K)
[111.922s][info][gc,heap        ] GC(159) Tenured: 5660K->122983K(1398144K)
[111.922s][info][gc,metaspace   ] GC(159) Metaspace: 25060K(25984K)->25060K(25984K) NonClass: 21986K(22528K)->21986K(22528K) Class: 3073K(3456K)->3073K(3456K)
[111.922s][info][gc             ] GC(159) Pause Young (Allocation Failure) 548M->188M(1979M) 504.401ms
[111.922s][info][gc,cpu         ] GC(159) User=0.48s Sys=0.00s Real=0.50s
[112.248s][info][gc,start       ] GC(160) Pause Full (System.gc())
[112.248s][info][gc,phases,start] GC(160) Phase 1: Mark live objects
[112.255s][info][gc,phases      ] GC(160) Phase 1: Mark live objects 6.400ms
[112.255s][info][gc,phases,start] GC(160) Phase 2: Compute new object addresses
[112.317s][info][gc,phases      ] GC(160) Phase 2: Compute new object addresses 62.152ms
[112.317s][info][gc,phases,start] GC(160) Phase 3: Adjust pointers
[112.322s][info][gc,phases      ] GC(160) Phase 3: Adjust pointers 4.532ms
[112.322s][info][gc,phases,start] GC(160) Phase 4: Move objects
[112.322s][info][gc,phases      ] GC(160) Phase 4: Move objects 0.016ms
[112.322s][info][gc,heap        ] GC(160) DefNew: 429896K->0K(629120K)
[112.322s][info][gc,heap        ] GC(160) Tenured: 122983K->5660K(1398144K)
[112.322s][info][gc,metaspace   ] GC(160) Metaspace: 25060K(25984K)->25060K(25984K) NonClass: 21986K(22528K)->21986K(22528K) Class: 3073K(3456K)->3073K(3456K)
[112.322s][info][gc             ] GC(160) Pause Full (System.gc()) 539M->5M(1979M) 73.467ms
[112.322s][info][gc,cpu         ] GC(160) User=0.06s Sys=0.00s Real=0.07s
[112.784s][info][gc,start       ] GC(161) Pause Young (Allocation Failure)
[113.289s][info][gc,heap        ] GC(161) DefNew: 553903K->69887K(629120K)
[113.289s][info][gc,heap        ] GC(161) Tenured: 5660K->122790K(1398144K)
[113.289s][info][gc,metaspace   ] GC(161) Metaspace: 25060K(25984K)->25060K(25984K) NonClass: 21986K(22528K)->21986K(22528K) Class: 3073K(3456K)->3073K(3456K)
[113.289s][info][gc             ] GC(161) Pause Young (Allocation Failure) 546M->188M(1979M) 505.474ms
[113.289s][info][gc,cpu         ] GC(161) User=0.44s Sys=0.00s Real=0.51s
[113.585s][info][gc,start       ] GC(162) Pause Full (System.gc())
[113.585s][info][gc,phases,start] GC(162) Phase 1: Mark live objects
[113.591s][info][gc,phases      ] GC(162) Phase 1: Mark live objects 6.292ms
[113.591s][info][gc,phases,start] GC(162) Phase 2: Compute new object addresses
[113.653s][info][gc,phases      ] GC(162) Phase 2: Compute new object addresses 62.286ms
[113.654s][info][gc,phases,start] GC(162) Phase 3: Adjust pointers
[113.658s][info][gc,phases      ] GC(162) Phase 3: Adjust pointers 4.542ms
[113.658s][info][gc,phases,start] GC(162) Phase 4: Move objects
[113.658s][info][gc,phases      ] GC(162) Phase 4: Move objects 0.010ms
[113.658s][info][gc,heap        ] GC(162) DefNew: 430949K->0K(629120K)
[113.658s][info][gc,heap        ] GC(162) Tenured: 122790K->5660K(1398144K)
[113.658s][info][gc,metaspace   ] GC(162) Metaspace: 25060K(25984K)->25060K(25984K) NonClass: 21986K(22528K)->21986K(22528K) Class: 3073K(3456K)->3073K(3456K)
[113.658s][info][gc             ] GC(162) Pause Full (System.gc()) 540M->5M(1979M) 73.489ms
[113.658s][info][gc,cpu         ] GC(162) User=0.06s Sys=0.00s Real=0.07s
[114.128s][info][gc,start       ] GC(163) Pause Young (Allocation Failure)
[114.629s][info][gc,heap        ] GC(163) DefNew: 555831K->69888K(629120K)
[114.629s][info][gc,heap        ] GC(163) Tenured: 5660K->122958K(1398144K)
[114.629s][info][gc,metaspace   ] GC(163) Metaspace: 25060K(25984K)->25060K(25984K) NonClass: 21986K(22528K)->21986K(22528K) Class: 3073K(3456K)->3073K(3456K)
[114.629s][info][gc             ] GC(163) Pause Young (Allocation Failure) 548M->188M(1979M) 500.904ms
[114.629s][info][gc,cpu         ] GC(163) User=0.48s Sys=0.00s Real=0.50s
[114.934s][info][gc,start       ] GC(164) Pause Full (System.gc())
[114.934s][info][gc,phases,start] GC(164) Phase 1: Mark live objects
[114.940s][info][gc,phases      ] GC(164) Phase 1: Mark live objects 6.619ms
[114.940s][info][gc,phases,start] GC(164) Phase 2: Compute new object addresses
[115.002s][info][gc,phases      ] GC(164) Phase 2: Compute new object addresses 61.451ms
[115.002s][info][gc,phases,start] GC(164) Phase 3: Adjust pointers
[115.007s][info][gc,phases      ] GC(164) Phase 3: Adjust pointers 4.662ms
[115.007s][info][gc,phases,start] GC(164) Phase 4: Move objects
[115.007s][info][gc,phases      ] GC(164) Phase 4: Move objects 0.011ms
[115.007s][info][gc,heap        ] GC(164) DefNew: 429916K->0K(629120K)
[115.007s][info][gc,heap        ] GC(164) Tenured: 122958K->5660K(1398144K)
[115.007s][info][gc,metaspace   ] GC(164) Metaspace: 25060K(25984K)->25060K(25984K) NonClass: 21986K(22528K)->21986K(22528K) Class: 3073K(3456K)->3073K(3456K)
[115.007s][info][gc             ] GC(164) Pause Full (System.gc()) 539M->5M(1979M) 73.138ms
[115.007s][info][gc,cpu         ] GC(164) User=0.06s Sys=0.00s Real=0.07s
[115.470s][info][gc,start       ] GC(165) Pause Young (Allocation Failure)
[115.971s][info][gc,heap        ] GC(165) DefNew: 553963K->69888K(629120K)
[115.971s][info][gc,heap        ] GC(165) Tenured: 5660K->122901K(1398144K)
[115.971s][info][gc,metaspace   ] GC(165) Metaspace: 25060K(25984K)->25060K(25984K) NonClass: 21986K(22528K)->21986K(22528K) Class: 3073K(3456K)->3073K(3456K)
[115.971s][info][gc             ] GC(165) Pause Young (Allocation Failure) 546M->188M(1979M) 501.037ms
[115.971s][info][gc,cpu         ] GC(165) User=0.48s Sys=0.00s Real=0.50s
[116.270s][info][gc,start       ] GC(166) Pause Full (System.gc())
[116.270s][info][gc,phases,start] GC(166) Phase 1: Mark live objects
[116.277s][info][gc,phases      ] GC(166) Phase 1: Mark live objects 7.170ms
[116.277s][info][gc,phases,start] GC(166) Phase 2: Compute new object addresses
[116.338s][info][gc,phases      ] GC(166) Phase 2: Compute new object addresses 61.537ms
[116.339s][info][gc,phases,start] GC(166) Phase 3: Adjust pointers
[116.343s][info][gc,phases      ] GC(166) Phase 3: Adjust pointers 4.526ms
[116.343s][info][gc,phases,start] GC(166) Phase 4: Move objects
[116.343s][info][gc,phases      ] GC(166) Phase 4: Move objects 0.010ms
[116.343s][info][gc,heap        ] GC(166) DefNew: 429922K->0K(629120K)
[116.343s][info][gc,heap        ] GC(166) Tenured: 122901K->5661K(1398144K)
[116.343s][info][gc,metaspace   ] GC(166) Metaspace: 25060K(25984K)->25060K(25984K) NonClass: 21986K(22528K)->21986K(22528K) Class: 3073K(3456K)->3073K(3456K)
[116.343s][info][gc             ] GC(166) Pause Full (System.gc()) 539M->5M(1979M) 73.605ms
[116.343s][info][gc,cpu         ] GC(166) User=0.06s Sys=0.00s Real=0.07s
[116.806s][info][gc,start       ] GC(167) Pause Young (Allocation Failure)
[117.307s][info][gc,heap        ] GC(167) DefNew: 553806K->69887K(629120K)
[117.307s][info][gc,heap        ] GC(167) Tenured: 5661K->122910K(1398144K)
[117.307s][info][gc,metaspace   ] GC(167) Metaspace: 25060K(25984K)->25060K(25984K) NonClass: 21986K(22528K)->21986K(22528K) Class: 3073K(3456K)->3073K(3456K)
[117.307s][info][gc             ] GC(167) Pause Young (Allocation Failure) 546M->188M(1979M) 501.160ms
[117.307s][info][gc,cpu         ] GC(167) User=0.50s Sys=0.00s Real=0.50s
[117.608s][info][gc,start       ] GC(168) Pause Full (System.gc())
[117.608s][info][gc,phases,start] GC(168) Phase 1: Mark live objects
[117.615s][info][gc,phases      ] GC(168) Phase 1: Mark live objects 6.578ms
[117.615s][info][gc,phases,start] GC(168) Phase 2: Compute new object addresses
[117.676s][info][gc,phases      ] GC(168) Phase 2: Compute new object addresses 61.294ms
[117.676s][info][gc,phases,start] GC(168) Phase 3: Adjust pointers
[117.680s][info][gc,phases      ] GC(168) Phase 3: Adjust pointers 4.528ms
[117.680s][info][gc,phases,start] GC(168) Phase 4: Move objects
[117.680s][info][gc,phases      ] GC(168) Phase 4: Move objects 0.010ms
[117.681s][info][gc,heap        ] GC(168) DefNew: 429919K->0K(629120K)
[117.681s][info][gc,heap        ] GC(168) Tenured: 122910K->5661K(1398144K)
[117.681s][info][gc,metaspace   ] GC(168) Metaspace: 25060K(25984K)->25060K(25984K) NonClass: 21986K(22528K)->21986K(22528K) Class: 3073K(3456K)->3073K(3456K)
[117.681s][info][gc             ] GC(168) Pause Full (System.gc()) 539M->5M(1979M) 72.761ms
[117.681s][info][gc,cpu         ] GC(168) User=0.06s Sys=0.00s Real=0.07s
[118.150s][info][gc,start       ] GC(169) Pause Young (Allocation Failure)
[118.649s][info][gc,heap        ] GC(169) DefNew: 553769K->69887K(629120K)
[118.649s][info][gc,heap        ] GC(169) Tenured: 5661K->122848K(1398144K)
[118.649s][info][gc,metaspace   ] GC(169) Metaspace: 25060K(25984K)->25060K(25984K) NonClass: 21986K(22528K)->21986K(22528K) Class: 3073K(3456K)->3073K(3456K)
[118.649s][info][gc             ] GC(169) Pause Young (Allocation Failure) 546M->188M(1979M) 499.216ms
[118.649s][info][gc,cpu         ] GC(169) User=0.48s Sys=0.00s Real=0.50s
[118.935s][info][gc,start       ] GC(170) Pause Full (System.gc())
[118.936s][info][gc,phases,start] GC(170) Phase 1: Mark live objects
[118.943s][info][gc,phases      ] GC(170) Phase 1: Mark live objects 6.963ms
[118.953s][info][gc,phases,start] GC(170) Phase 2: Compute new object addresses
[119.017s][info][gc,phases      ] GC(170) Phase 2: Compute new object addresses 64.407ms
[119.017s][info][gc,phases,start] GC(170) Phase 3: Adjust pointers
[119.022s][info][gc,phases      ] GC(170) Phase 3: Adjust pointers 4.679ms
[119.022s][info][gc,phases,start] GC(170) Phase 4: Move objects
[119.022s][info][gc,phases      ] GC(170) Phase 4: Move objects 0.011ms
[119.022s][info][gc,heap        ] GC(170) DefNew: 430889K->0K(629120K)
[119.022s][info][gc,heap        ] GC(170) Tenured: 122848K->5661K(1398144K)
[119.022s][info][gc,metaspace   ] GC(170) Metaspace: 25063K(25984K)->25063K(25984K) NonClass: 21990K(22528K)->21990K(22528K) Class: 3073K(3456K)->3073K(3456K)
[119.022s][info][gc             ] GC(170) Pause Full (System.gc()) 540M->5M(1979M) 86.759ms
[119.022s][info][gc,cpu         ] GC(170) User=0.06s Sys=0.00s Real=0.09s
[119.488s][info][gc,start       ] GC(171) Pause Young (Allocation Failure)
[119.989s][info][gc,heap        ] GC(171) DefNew: 553914K->69887K(629120K)
[119.989s][info][gc,heap        ] GC(171) Tenured: 5661K->122767K(1398144K)
[119.989s][info][gc,metaspace   ] GC(171) Metaspace: 25063K(25984K)->25063K(25984K) NonClass: 21990K(22528K)->21990K(22528K) Class: 3073K(3456K)->3073K(3456K)
[119.989s][info][gc             ] GC(171) Pause Young (Allocation Failure) 546M->188M(1979M) 501.472ms
[119.989s][info][gc,cpu         ] GC(171) User=0.48s Sys=0.00s Real=0.50s
[120.297s][info][gc,start       ] GC(172) Pause Full (System.gc())
[120.297s][info][gc,phases,start] GC(172) Phase 1: Mark live objects
[120.303s][info][gc,phases      ] GC(172) Phase 1: Mark live objects 6.103ms
[120.310s][info][gc,phases,start] GC(172) Phase 2: Compute new object addresses
[120.373s][info][gc,phases      ] GC(172) Phase 2: Compute new object addresses 62.997ms
[120.373s][info][gc,phases,start] GC(172) Phase 3: Adjust pointers
[120.377s][info][gc,phases      ] GC(172) Phase 3: Adjust pointers 4.533ms
[120.377s][info][gc,phases,start] GC(172) Phase 4: Move objects
[120.377s][info][gc,phases      ] GC(172) Phase 4: Move objects 0.010ms
[120.377s][info][gc,heap        ] GC(172) DefNew: 430891K->0K(629120K)
[120.377s][info][gc,heap        ] GC(172) Tenured: 122767K->5661K(1398144K)
[120.377s][info][gc,metaspace   ] GC(172) Metaspace: 25071K(25984K)->25071K(25984K) NonClass: 21997K(22528K)->21997K(22528K) Class: 3073K(3456K)->3073K(3456K)
[120.378s][info][gc             ] GC(172) Pause Full (System.gc()) 540M->5M(1979M) 80.645ms
[120.378s][info][gc,cpu         ] GC(172) User=0.05s Sys=0.00s Real=0.08s
[120.843s][info][gc,start       ] GC(173) Pause Young (Allocation Failure)
[121.346s][info][gc,heap        ] GC(173) DefNew: 553785K->69888K(629120K)
[121.346s][info][gc,heap        ] GC(173) Tenured: 5661K->122755K(1398144K)
[121.346s][info][gc,metaspace   ] GC(173) Metaspace: 25071K(25984K)->25071K(25984K) NonClass: 21997K(22528K)->21997K(22528K) Class: 3073K(3456K)->3073K(3456K)
[121.346s][info][gc             ] GC(173) Pause Young (Allocation Failure) 546M->188M(1979M) 502.613ms
[121.346s][info][gc,cpu         ] GC(173) User=0.47s Sys=0.00s Real=0.50s
[121.656s][info][gc,start       ] GC(174) Pause Full (System.gc())
[121.656s][info][gc,phases,start] GC(174) Phase 1: Mark live objects
[121.662s][info][gc,phases      ] GC(174) Phase 1: Mark live objects 6.499ms
[121.662s][info][gc,phases,start] GC(174) Phase 2: Compute new object addresses
[121.725s][info][gc,phases      ] GC(174) Phase 2: Compute new object addresses 62.880ms
[121.725s][info][gc,phases,start] GC(174) Phase 3: Adjust pointers
[121.730s][info][gc,phases      ] GC(174) Phase 3: Adjust pointers 4.540ms
[121.730s][info][gc,phases,start] GC(174) Phase 4: Move objects
[121.730s][info][gc,phases      ] GC(174) Phase 4: Move objects 0.012ms
[121.730s][info][gc,heap        ] GC(174) DefNew: 430895K->0K(629120K)
[121.730s][info][gc,heap        ] GC(174) Tenured: 122755K->5664K(1398144K)
[121.730s][info][gc,metaspace   ] GC(174) Metaspace: 25071K(25984K)->25071K(25984K) NonClass: 21997K(22528K)->21997K(22528K) Class: 3073K(3456K)->3073K(3456K)
[121.730s][info][gc             ] GC(174) Pause Full (System.gc()) 540M->5M(1979M) 74.341ms
[121.730s][info][gc,cpu         ] GC(174) User=0.06s Sys=0.00s Real=0.07s
[122.199s][info][gc,start       ] GC(175) Pause Young (Allocation Failure)
[122.703s][info][gc,heap        ] GC(175) DefNew: 555853K->69888K(629120K)
[122.703s][info][gc,heap        ] GC(175) Tenured: 5664K->122806K(1398144K)
[122.703s][info][gc,metaspace   ] GC(175) Metaspace: 25071K(25984K)->25071K(25984K) NonClass: 21997K(22528K)->21997K(22528K) Class: 3073K(3456K)->3073K(3456K)
[122.703s][info][gc             ] GC(175) Pause Young (Allocation Failure) 548M->188M(1979M) 504.679ms
[122.703s][info][gc,cpu         ] GC(175) User=0.52s Sys=0.00s Real=0.50s
[123.006s][info][gc,start       ] GC(176) Pause Full (System.gc())
[123.006s][info][gc,phases,start] GC(176) Phase 1: Mark live objects
[123.013s][info][gc,phases      ] GC(176) Phase 1: Mark live objects 6.725ms
[123.013s][info][gc,phases,start] GC(176) Phase 2: Compute new object addresses
[123.076s][info][gc,phases      ] GC(176) Phase 2: Compute new object addresses 62.993ms
[123.076s][info][gc,phases,start] GC(176) Phase 3: Adjust pointers
[123.081s][info][gc,phases      ] GC(176) Phase 3: Adjust pointers 4.542ms
[123.081s][info][gc,phases,start] GC(176) Phase 4: Move objects
[123.081s][info][gc,phases      ] GC(176) Phase 4: Move objects 0.010ms
[123.081s][info][gc,heap        ] GC(176) DefNew: 430877K->0K(629120K)
[123.081s][info][gc,heap        ] GC(176) Tenured: 122806K->5664K(1398144K)
[123.081s][info][gc,metaspace   ] GC(176) Metaspace: 25091K(25984K)->25091K(25984K) NonClass: 22017K(22528K)->22017K(22528K) Class: 3073K(3456K)->3073K(3456K)
[123.081s][info][gc             ] GC(176) Pause Full (System.gc()) 540M->5M(1979M) 74.731ms
[123.081s][info][gc,cpu         ] GC(176) User=0.05s Sys=0.00s Real=0.07s
[123.546s][info][gc,start       ] GC(177) Pause Young (Allocation Failure)
[124.046s][info][gc,heap        ] GC(177) DefNew: 553894K->69888K(629120K)
[124.046s][info][gc,heap        ] GC(177) Tenured: 5664K->122799K(1398144K)
[124.046s][info][gc,metaspace   ] GC(177) Metaspace: 25091K(25984K)->25091K(25984K) NonClass: 22017K(22528K)->22017K(22528K) Class: 3073K(3456K)->3073K(3456K)
[124.046s][info][gc             ] GC(177) Pause Young (Allocation Failure) 546M->188M(1979M) 500.023ms
[124.046s][info][gc,cpu         ] GC(177) User=0.50s Sys=0.00s Real=0.50s
[124.344s][info][gc,start       ] GC(178) Pause Full (System.gc())
[124.344s][info][gc,phases,start] GC(178) Phase 1: Mark live objects
[124.351s][info][gc,phases      ] GC(178) Phase 1: Mark live objects 6.534ms
[124.351s][info][gc,phases,start] GC(178) Phase 2: Compute new object addresses
[124.412s][info][gc,phases      ] GC(178) Phase 2: Compute new object addresses 61.002ms
[124.412s][info][gc,phases,start] GC(178) Phase 3: Adjust pointers
[124.416s][info][gc,phases      ] GC(178) Phase 3: Adjust pointers 4.539ms
[124.416s][info][gc,phases,start] GC(178) Phase 4: Move objects
[124.416s][info][gc,phases      ] GC(178) Phase 4: Move objects 0.010ms
[124.416s][info][gc,heap        ] GC(178) DefNew: 430899K->0K(629120K)
[124.416s][info][gc,heap        ] GC(178) Tenured: 122799K->5664K(1398144K)
[124.416s][info][gc,metaspace   ] GC(178) Metaspace: 25091K(25984K)->25091K(25984K) NonClass: 22017K(22528K)->22017K(22528K) Class: 3073K(3456K)->3073K(3456K)
[124.416s][info][gc             ] GC(178) Pause Full (System.gc()) 540M->5M(1979M) 72.441ms
[124.417s][info][gc,cpu         ] GC(178) User=0.06s Sys=0.00s Real=0.07s
[124.880s][info][gc,start       ] GC(179) Pause Young (Allocation Failure)
[125.380s][info][gc,heap        ] GC(179) DefNew: 553812K->69888K(629120K)
[125.380s][info][gc,heap        ] GC(179) Tenured: 5664K->122767K(1398144K)
[125.380s][info][gc,metaspace   ] GC(179) Metaspace: 25091K(25984K)->25091K(25984K) NonClass: 22017K(22528K)->22017K(22528K) Class: 3073K(3456K)->3073K(3456K)
[125.380s][info][gc             ] GC(179) Pause Young (Allocation Failure) 546M->188M(1979M) 500.078ms
[125.380s][info][gc,cpu         ] GC(179) User=0.48s Sys=0.00s Real=0.50s
[125.707s][info][gc,start       ] GC(180) Pause Full (System.gc())
[125.707s][info][gc,phases,start] GC(180) Phase 1: Mark live objects
[125.714s][info][gc,phases      ] GC(180) Phase 1: Mark live objects 6.838ms
[125.714s][info][gc,phases,start] GC(180) Phase 2: Compute new object addresses
[125.776s][info][gc,phases      ] GC(180) Phase 2: Compute new object addresses 61.431ms
[125.776s][info][gc,phases,start] GC(180) Phase 3: Adjust pointers
[125.780s][info][gc,phases      ] GC(180) Phase 3: Adjust pointers 4.576ms
[125.780s][info][gc,phases,start] GC(180) Phase 4: Move objects
[125.780s][info][gc,phases      ] GC(180) Phase 4: Move objects 0.010ms
[125.781s][info][gc,heap        ] GC(180) DefNew: 430877K->0K(629120K)
[125.781s][info][gc,heap        ] GC(180) Tenured: 122767K->5664K(1398144K)
[125.781s][info][gc,metaspace   ] GC(180) Metaspace: 25091K(25984K)->25091K(25984K) NonClass: 22017K(22528K)->22017K(22528K) Class: 3073K(3456K)->3073K(3456K)
[125.781s][info][gc             ] GC(180) Pause Full (System.gc()) 540M->5M(1979M) 73.235ms
[125.781s][info][gc,cpu         ] GC(180) User=0.06s Sys=0.00s Real=0.07s
[126.248s][info][gc,start       ] GC(181) Pause Young (Allocation Failure)
[126.749s][info][gc,heap        ] GC(181) DefNew: 553786K->69888K(629120K)
[126.749s][info][gc,heap        ] GC(181) Tenured: 5664K->122734K(1398144K)
[126.749s][info][gc,metaspace   ] GC(181) Metaspace: 25091K(25984K)->25091K(25984K) NonClass: 22017K(22528K)->22017K(22528K) Class: 3073K(3456K)->3073K(3456K)
[126.749s][info][gc             ] GC(181) Pause Young (Allocation Failure) 546M->188M(1979M) 500.805ms
[126.749s][info][gc,cpu         ] GC(181) User=0.44s Sys=0.00s Real=0.50s
[127.061s][info][gc,start       ] GC(182) Pause Full (System.gc())
[127.061s][info][gc,phases,start] GC(182) Phase 1: Mark live objects
[127.068s][info][gc,phases      ] GC(182) Phase 1: Mark live objects 6.745ms
[127.068s][info][gc,phases,start] GC(182) Phase 2: Compute new object addresses
[127.131s][info][gc,phases      ] GC(182) Phase 2: Compute new object addresses 62.684ms
[127.131s][info][gc,phases,start] GC(182) Phase 3: Adjust pointers
[127.137s][info][gc,phases      ] GC(182) Phase 3: Adjust pointers 5.467ms
[127.137s][info][gc,phases,start] GC(182) Phase 4: Move objects
[127.137s][info][gc,phases      ] GC(182) Phase 4: Move objects 0.011ms
[127.137s][info][gc,heap        ] GC(182) DefNew: 430865K->0K(629120K)
[127.137s][info][gc,heap        ] GC(182) Tenured: 122734K->5664K(1398144K)
[127.137s][info][gc,metaspace   ] GC(182) Metaspace: 25091K(25984K)->25091K(25984K) NonClass: 22017K(22528K)->22017K(22528K) Class: 3073K(3456K)->3073K(3456K)
[127.137s][info][gc             ] GC(182) Pause Full (System.gc()) 540M->5M(1979M) 75.509ms
[127.137s][info][gc,cpu         ] GC(182) User=0.06s Sys=0.00s Real=0.07s
[127.598s][info][gc,start       ] GC(183) Pause Young (Allocation Failure)
[128.103s][info][gc,heap        ] GC(183) DefNew: 554031K->69888K(629120K)
[128.103s][info][gc,heap        ] GC(183) Tenured: 5664K->122954K(1398144K)
[128.103s][info][gc,metaspace   ] GC(183) Metaspace: 25091K(25984K)->25091K(25984K) NonClass: 22017K(22528K)->22017K(22528K) Class: 3073K(3456K)->3073K(3456K)
[128.103s][info][gc             ] GC(183) Pause Young (Allocation Failure) 546M->188M(1979M) 505.345ms
[128.103s][info][gc,cpu         ] GC(183) User=0.50s Sys=0.00s Real=0.51s
[128.388s][info][gc,start       ] GC(184) Pause Full (System.gc())
[128.388s][info][gc,phases,start] GC(184) Phase 1: Mark live objects
[128.395s][info][gc,phases      ] GC(184) Phase 1: Mark live objects 6.570ms
[128.395s][info][gc,phases,start] GC(184) Phase 2: Compute new object addresses
[128.457s][info][gc,phases      ] GC(184) Phase 2: Compute new object addresses 62.320ms
[128.457s][info][gc,phases,start] GC(184) Phase 3: Adjust pointers
[128.462s][info][gc,phases      ] GC(184) Phase 3: Adjust pointers 4.523ms
[128.462s][info][gc,phases,start] GC(184) Phase 4: Move objects
[128.462s][info][gc,phases      ] GC(184) Phase 4: Move objects 0.015ms
[128.462s][info][gc,heap        ] GC(184) DefNew: 429917K->0K(629120K)
[128.462s][info][gc,heap        ] GC(184) Tenured: 122954K->5664K(1398144K)
[128.462s][info][gc,metaspace   ] GC(184) Metaspace: 25091K(25984K)->25091K(25984K) NonClass: 22017K(22528K)->22017K(22528K) Class: 3073K(3456K)->3073K(3456K)
[128.462s][info][gc             ] GC(184) Pause Full (System.gc()) 539M->5M(1979M) 73.789ms
[128.462s][info][gc,cpu         ] GC(184) User=0.06s Sys=0.00s Real=0.08s
[128.931s][info][gc,start       ] GC(185) Pause Young (Allocation Failure)
[129.434s][info][gc,heap        ] GC(185) DefNew: 555844K->69888K(629120K)
[129.434s][info][gc,heap        ] GC(185) Tenured: 5664K->122952K(1398144K)
[129.434s][info][gc,metaspace   ] GC(185) Metaspace: 25091K(25984K)->25091K(25984K) NonClass: 22017K(22528K)->22017K(22528K) Class: 3073K(3456K)->3073K(3456K)
[129.434s][info][gc             ] GC(185) Pause Young (Allocation Failure) 548M->188M(1979M) 503.139ms
[129.434s][info][gc,cpu         ] GC(185) User=0.48s Sys=0.00s Real=0.50s
[129.739s][info][gc,start       ] GC(186) Pause Full (System.gc())
[129.740s][info][gc,phases,start] GC(186) Phase 1: Mark live objects
[129.746s][info][gc,phases      ] GC(186) Phase 1: Mark live objects 6.249ms
[129.746s][info][gc,phases,start] GC(186) Phase 2: Compute new object addresses
[129.809s][info][gc,phases      ] GC(186) Phase 2: Compute new object addresses 63.301ms
[129.809s][info][gc,phases,start] GC(186) Phase 3: Adjust pointers
[129.814s][info][gc,phases      ] GC(186) Phase 3: Adjust pointers 4.599ms
[129.814s][info][gc,phases,start] GC(186) Phase 4: Move objects
[129.814s][info][gc,phases      ] GC(186) Phase 4: Move objects 0.011ms
[129.814s][info][gc,heap        ] GC(186) DefNew: 429919K->0K(629120K)
[129.814s][info][gc,heap        ] GC(186) Tenured: 122952K->5664K(1398144K)
[129.814s][info][gc,metaspace   ] GC(186) Metaspace: 25091K(25984K)->25091K(25984K) NonClass: 22017K(22528K)->22017K(22528K) Class: 3073K(3456K)->3073K(3456K)
[129.814s][info][gc             ] GC(186) Pause Full (System.gc()) 539M->5M(1979M) 74.540ms
[129.814s][info][gc,cpu         ] GC(186) User=0.05s Sys=0.00s Real=0.08s
[130.280s][info][gc,start       ] GC(187) Pause Young (Allocation Failure)
[130.780s][info][gc,heap        ] GC(187) DefNew: 555850K->69888K(629120K)
[130.780s][info][gc,heap        ] GC(187) Tenured: 5664K->122948K(1398144K)
[130.780s][info][gc,metaspace   ] GC(187) Metaspace: 25091K(25984K)->25091K(25984K) NonClass: 22017K(22528K)->22017K(22528K) Class: 3073K(3456K)->3073K(3456K)
[130.780s][info][gc             ] GC(187) Pause Young (Allocation Failure) 548M->188M(1979M) 499.906ms
[130.780s][info][gc,cpu         ] GC(187) User=0.47s Sys=0.00s Real=0.50s
[131.073s][info][gc,start       ] GC(188) Pause Full (System.gc())
[131.073s][info][gc,phases,start] GC(188) Phase 1: Mark live objects
[131.080s][info][gc,phases      ] GC(188) Phase 1: Mark live objects 6.612ms
[131.080s][info][gc,phases,start] GC(188) Phase 2: Compute new object addresses
[131.142s][info][gc,phases      ] GC(188) Phase 2: Compute new object addresses 62.155ms
[131.142s][info][gc,phases,start] GC(188) Phase 3: Adjust pointers
[131.147s][info][gc,phases      ] GC(188) Phase 3: Adjust pointers 4.551ms
[131.147s][info][gc,phases,start] GC(188) Phase 4: Move objects
[131.147s][info][gc,phases      ] GC(188) Phase 4: Move objects 0.010ms
[131.147s][info][gc,heap        ] GC(188) DefNew: 429920K->0K(629120K)
[131.147s][info][gc,heap        ] GC(188) Tenured: 122948K->5664K(1398144K)
[131.147s][info][gc,metaspace   ] GC(188) Metaspace: 25091K(25984K)->25091K(25984K) NonClass: 22017K(22528K)->22017K(22528K) Class: 3073K(3456K)->3073K(3456K)
[131.147s][info][gc             ] GC(188) Pause Full (System.gc()) 539M->5M(1979M) 73.683ms
[131.147s][info][gc,cpu         ] GC(188) User=0.06s Sys=0.00s Real=0.07s
[131.623s][info][gc,start       ] GC(189) Pause Young (Allocation Failure)
[132.127s][info][gc,heap        ] GC(189) DefNew: 553782K->69888K(629120K)
[132.127s][info][gc,heap        ] GC(189) Tenured: 5664K->122803K(1398144K)
[132.127s][info][gc,metaspace   ] GC(189) Metaspace: 25091K(25984K)->25091K(25984K) NonClass: 22017K(22528K)->22017K(22528K) Class: 3073K(3456K)->3073K(3456K)
[132.127s][info][gc             ] GC(189) Pause Young (Allocation Failure) 546M->188M(1979M) 504.782ms
[132.127s][info][gc,cpu         ] GC(189) User=0.47s Sys=0.00s Real=0.50s
[132.436s][info][gc,start       ] GC(190) Pause Full (System.gc())
[132.436s][info][gc,phases,start] GC(190) Phase 1: Mark live objects
[132.442s][info][gc,phases      ] GC(190) Phase 1: Mark live objects 6.028ms
[132.442s][info][gc,phases,start] GC(190) Phase 2: Compute new object addresses
[132.504s][info][gc,phases      ] GC(190) Phase 2: Compute new object addresses 62.158ms
[132.504s][info][gc,phases,start] GC(190) Phase 3: Adjust pointers
[132.509s][info][gc,phases      ] GC(190) Phase 3: Adjust pointers 4.582ms
[132.509s][info][gc,phases,start] GC(190) Phase 4: Move objects
[132.509s][info][gc,phases      ] GC(190) Phase 4: Move objects 0.010ms
[132.509s][info][gc,heap        ] GC(190) DefNew: 430888K->0K(629120K)
[132.509s][info][gc,heap        ] GC(190) Tenured: 122803K->5664K(1398144K)
[132.509s][info][gc,metaspace   ] GC(190) Metaspace: 25091K(25984K)->25091K(25984K) NonClass: 22017K(22528K)->22017K(22528K) Class: 3073K(3456K)->3073K(3456K)
[132.509s][info][gc             ] GC(190) Pause Full (System.gc()) 540M->5M(1979M) 73.126ms
[132.509s][info][gc,cpu         ] GC(190) User=0.06s Sys=0.00s Real=0.07s
[132.974s][info][gc,start       ] GC(191) Pause Young (Allocation Failure)
[133.475s][info][gc,heap        ] GC(191) DefNew: 553952K->69888K(629120K)
[133.475s][info][gc,heap        ] GC(191) Tenured: 5664K->122808K(1398144K)
[133.475s][info][gc,metaspace   ] GC(191) Metaspace: 25091K(25984K)->25091K(25984K) NonClass: 22017K(22528K)->22017K(22528K) Class: 3073K(3456K)->3073K(3456K)
[133.476s][info][gc             ] GC(191) Pause Young (Allocation Failure) 546M->188M(1979M) 501.520ms
[133.476s][info][gc,cpu         ] GC(191) User=0.48s Sys=0.00s Real=0.50s
[133.765s][info][gc,start       ] GC(192) Pause Full (System.gc())
[133.766s][info][gc,phases,start] GC(192) Phase 1: Mark live objects
[133.772s][info][gc,phases      ] GC(192) Phase 1: Mark live objects 6.041ms
[133.772s][info][gc,phases,start] GC(192) Phase 2: Compute new object addresses
[133.833s][info][gc,phases      ] GC(192) Phase 2: Compute new object addresses 61.645ms
[133.833s][info][gc,phases,start] GC(192) Phase 3: Adjust pointers
[133.838s][info][gc,phases      ] GC(192) Phase 3: Adjust pointers 4.590ms
[133.838s][info][gc,phases,start] GC(192) Phase 4: Move objects
[133.838s][info][gc,phases      ] GC(192) Phase 4: Move objects 0.011ms
[133.838s][info][gc,heap        ] GC(192) DefNew: 430887K->0K(629120K)
[133.838s][info][gc,heap        ] GC(192) Tenured: 122808K->5664K(1398144K)
[133.838s][info][gc,metaspace   ] GC(192) Metaspace: 25091K(25984K)->25091K(25984K) NonClass: 22017K(22528K)->22017K(22528K) Class: 3073K(3456K)->3073K(3456K)
[133.838s][info][gc             ] GC(192) Pause Full (System.gc()) 540M->5M(1979M) 72.650ms
[133.838s][info][gc,cpu         ] GC(192) User=0.06s Sys=0.00s Real=0.07s
[134.305s][info][gc,start       ] GC(193) Pause Young (Allocation Failure)
[134.803s][info][gc,heap        ] GC(193) DefNew: 553805K->69888K(629120K)
[134.803s][info][gc,heap        ] GC(193) Tenured: 5664K->122795K(1398144K)
[134.803s][info][gc,metaspace   ] GC(193) Metaspace: 25091K(25984K)->25091K(25984K) NonClass: 22017K(22528K)->22017K(22528K) Class: 3073K(3456K)->3073K(3456K)
[134.803s][info][gc             ] GC(193) Pause Young (Allocation Failure) 546M->188M(1979M) 498.130ms
[134.803s][info][gc,cpu         ] GC(193) User=0.50s Sys=0.00s Real=0.50s
[135.130s][info][gc,start       ] GC(194) Pause Full (System.gc())
[135.130s][info][gc,phases,start] GC(194) Phase 1: Mark live objects
[135.136s][info][gc,phases      ] GC(194) Phase 1: Mark live objects 6.190ms
[135.136s][info][gc,phases,start] GC(194) Phase 2: Compute new object addresses
[135.198s][info][gc,phases      ] GC(194) Phase 2: Compute new object addresses 61.280ms
[135.198s][info][gc,phases,start] GC(194) Phase 3: Adjust pointers
[135.202s][info][gc,phases      ] GC(194) Phase 3: Adjust pointers 4.547ms
[135.202s][info][gc,phases,start] GC(194) Phase 4: Move objects
[135.202s][info][gc,phases      ] GC(194) Phase 4: Move objects 0.010ms
[135.202s][info][gc,heap        ] GC(194) DefNew: 430893K->0K(629120K)
[135.202s][info][gc,heap        ] GC(194) Tenured: 122795K->5664K(1398144K)
[135.202s][info][gc,metaspace   ] GC(194) Metaspace: 25091K(25984K)->25091K(25984K) NonClass: 22017K(22528K)->22017K(22528K) Class: 3073K(3456K)->3073K(3456K)
[135.202s][info][gc             ] GC(194) Pause Full (System.gc()) 540M->5M(1979M) 72.389ms
[135.202s][info][gc,cpu         ] GC(194) User=0.06s Sys=0.00s Real=0.07s
[135.665s][info][gc,start       ] GC(195) Pause Young (Allocation Failure)
[136.170s][info][gc,heap        ] GC(195) DefNew: 555942K->69888K(629120K)
[136.170s][info][gc,heap        ] GC(195) Tenured: 5664K->122972K(1398144K)
[136.170s][info][gc,metaspace   ] GC(195) Metaspace: 25091K(25984K)->25091K(25984K) NonClass: 22017K(22528K)->22017K(22528K) Class: 3073K(3456K)->3073K(3456K)
[136.170s][info][gc             ] GC(195) Pause Young (Allocation Failure) 548M->188M(1979M) 504.964ms
[136.170s][info][gc,cpu         ] GC(195) User=0.50s Sys=0.00s Real=0.50s
[136.476s][info][gc,start       ] GC(196) Pause Full (System.gc())
[136.476s][info][gc,phases,start] GC(196) Phase 1: Mark live objects
[136.483s][info][gc,phases      ] GC(196) Phase 1: Mark live objects 6.585ms
[136.483s][info][gc,phases,start] GC(196) Phase 2: Compute new object addresses
[136.545s][info][gc,phases      ] GC(196) Phase 2: Compute new object addresses 61.896ms
[136.545s][info][gc,phases,start] GC(196) Phase 3: Adjust pointers
[136.549s][info][gc,phases      ] GC(196) Phase 3: Adjust pointers 4.753ms
[136.549s][info][gc,phases,start] GC(196) Phase 4: Move objects
[136.549s][info][gc,phases      ] GC(196) Phase 4: Move objects 0.010ms
[136.550s][info][gc,heap        ] GC(196) DefNew: 429903K->0K(629120K)
[136.550s][info][gc,heap        ] GC(196) Tenured: 122972K->5664K(1398144K)
[136.550s][info][gc,metaspace   ] GC(196) Metaspace: 25091K(25984K)->25091K(25984K) NonClass: 22017K(22528K)->22017K(22528K) Class: 3073K(3456K)->3073K(3456K)
[136.550s][info][gc             ] GC(196) Pause Full (System.gc()) 539M->5M(1979M) 73.628ms
[136.550s][info][gc,cpu         ] GC(196) User=0.08s Sys=0.00s Real=0.07s
[137.021s][info][gc,start       ] GC(197) Pause Young (Allocation Failure)
[137.523s][info][gc,heap        ] GC(197) DefNew: 553764K->69888K(629120K)
[137.523s][info][gc,heap        ] GC(197) Tenured: 5664K->122799K(1398144K)
[137.523s][info][gc,metaspace   ] GC(197) Metaspace: 25091K(25984K)->25091K(25984K) NonClass: 22017K(22528K)->22017K(22528K) Class: 3073K(3456K)->3073K(3456K)
[137.523s][info][gc             ] GC(197) Pause Young (Allocation Failure) 546M->188M(1979M) 502.084ms
[137.523s][info][gc,cpu         ] GC(197) User=0.50s Sys=0.00s Real=0.50s
[137.879s][info][gc,start       ] GC(198) Pause Full (System.gc())
[137.879s][info][gc,phases,start] GC(198) Phase 1: Mark live objects
[137.889s][info][gc,phases      ] GC(198) Phase 1: Mark live objects 9.125ms
[137.889s][info][gc,phases,start] GC(198) Phase 2: Compute new object addresses
[137.954s][info][gc,phases      ] GC(198) Phase 2: Compute new object addresses 65.622ms
[137.954s][info][gc,phases,start] GC(198) Phase 3: Adjust pointers
[137.959s][info][gc,phases      ] GC(198) Phase 3: Adjust pointers 4.735ms
[137.959s][info][gc,phases,start] GC(198) Phase 4: Move objects
[137.959s][info][gc,phases      ] GC(198) Phase 4: Move objects 0.010ms
[137.959s][info][gc,heap        ] GC(198) DefNew: 430893K->0K(629120K)
[137.959s][info][gc,heap        ] GC(198) Tenured: 122799K->5664K(1398144K)
[137.959s][info][gc,metaspace   ] GC(198) Metaspace: 25091K(25984K)->25091K(25984K) NonClass: 22017K(22528K)->22017K(22528K) Class: 3073K(3456K)->3073K(3456K)
[137.959s][info][gc             ] GC(198) Pause Full (System.gc()) 540M->5M(1979M) 79.910ms
[137.959s][info][gc,cpu         ] GC(198) User=0.06s Sys=0.00s Real=0.08s
[138.439s][info][gc,start       ] GC(199) Pause Young (Allocation Failure)
[138.940s][info][gc,heap        ] GC(199) DefNew: 553813K->69888K(629120K)
[138.940s][info][gc,heap        ] GC(199) Tenured: 5664K->122801K(1398144K)
[138.940s][info][gc,metaspace   ] GC(199) Metaspace: 25091K(25984K)->25091K(25984K) NonClass: 22017K(22528K)->22017K(22528K) Class: 3073K(3456K)->3073K(3456K)
[138.940s][info][gc             ] GC(199) Pause Young (Allocation Failure) 546M->188M(1979M) 500.725ms
[138.940s][info][gc,cpu         ] GC(199) User=0.44s Sys=0.00s Real=0.50s
[139.261s][info][gc,heap,exit   ] Heap
[139.261s][info][gc,heap,exit   ]  def new generation   total 629120K, used 453238K [0x0000000080000000, 0x00000000aaaa0000, 0x00000000aaaa0000)
[139.261s][info][gc,heap,exit   ]   eden space 559232K,  68% used [0x0000000080000000, 0x000000009765dbc8, 0x00000000a2220000)
[139.261s][info][gc,heap,exit   ]   from space 69888K, 100% used [0x00000000a2220000, 0x00000000a6660000, 0x00000000a6660000)
[139.261s][info][gc,heap,exit   ]   to   space 69888K,   0% used [0x00000000a6660000, 0x00000000a6660000, 0x00000000aaaa0000)
[139.261s][info][gc,heap,exit   ]  tenured generation   total 1398144K, used 122801K [0x00000000aaaa0000, 0x0000000100000000, 0x0000000100000000)
[139.261s][info][gc,heap,exit   ]    the space 1398144K,   8% used [0x00000000aaaa0000, 0x00000000b228c4c8, 0x00000000b228c600, 0x0000000100000000)
[139.261s][info][gc,heap,exit   ]  Metaspace       used 25162K, capacity 25809K, committed 25984K, reserved 1071104K
[139.261s][info][gc,heap,exit   ]   class space    used 3084K, capacity 3342K, committed 3456K, reserved 1048576K
