[0.008s][info][gc,heap] Heap region size: 2M
[0.041s][info][gc     ] Using G1
[0.041s][info][gc,heap,coops] Heap address: 0x0000000700000000, size: 4096 MB, Compressed Oops mode: Zero based, Oop shift amount: 3
[0.582s][info][gc,task      ] GC(0) Using 6 workers of 6 for full compaction
[0.582s][info][gc,start     ] GC(0) Pause Full (System.gc())
[0.582s][info][gc,phases,start] GC(0) Phase 1: Mark live objects
[0.584s][info][gc,stringtable ] GC(0) Cleaned string and symbol table, strings: 5448 processed, 27 removed, symbols: 44331 processed, 0 removed
[0.584s][info][gc,phases      ] GC(0) Phase 1: Mark live objects 2.111ms
[0.584s][info][gc,phases,start] GC(0) Phase 2: Prepare for compaction
[0.589s][info][gc,phases      ] GC(0) Phase 2: Prepare for compaction 4.947ms
[0.589s][info][gc,phases,start] GC(0) Phase 3: Adjust pointers
[0.590s][info][gc,phases      ] GC(0) Phase 3: Adjust pointers 0.988ms
[0.590s][info][gc,phases,start] GC(0) Phase 4: Compact heap
[0.591s][info][gc,phases      ] GC(0) Phase 4: Compact heap 0.849ms
[0.592s][info][gc,heap        ] GC(0) Eden regions: 10->0(102)
[0.592s][info][gc,heap        ] GC(0) Survivor regions: 0->0(0)
[0.592s][info][gc,heap        ] GC(0) Old regions: 0->5
[0.592s][info][gc,heap        ] GC(0) Humongous regions: 0->0
[0.592s][info][gc,metaspace   ] GC(0) Metaspace: 13259K(13952K)->13259K(13952K) NonClass: 11818K(12288K)->11818K(12288K) Class: 1441K(1664K)->1441K(1664K)
[0.592s][info][gc             ] GC(0) Pause Full (System.gc()) 20M->3M(4096M) 10.534ms
[0.592s][info][gc,cpu         ] GC(0) User=0.08s Sys=0.02s Real=0.01s
[1.242s][info][gc,start       ] GC(1) Pause Young (Normal) (G1 Evacuation Pause)
[1.242s][info][gc,task        ] GC(1) Using 6 workers of 6 for evacuation
[1.244s][info][gc,phases      ] GC(1)   Pre Evacuate Collection Set: 0.1ms
[1.244s][info][gc,phases      ] GC(1)   Evacuate Collection Set: 1.1ms
[1.244s][info][gc,phases      ] GC(1)   Post Evacuate Collection Set: 0.5ms
[1.244s][info][gc,phases      ] GC(1)   Other: 0.2ms
[1.244s][info][gc,heap        ] GC(1) Eden regions: 102->0(857)
[1.244s][info][gc,heap        ] GC(1) Survivor regions: 0->1(13)
[1.244s][info][gc,heap        ] GC(1) Old regions: 5->5
[1.244s][info][gc,heap        ] GC(1) Humongous regions: 0->0
[1.244s][info][gc,metaspace   ] GC(1) Metaspace: 15171K(15872K)->15171K(15872K) NonClass: 13593K(14080K)->13593K(14080K) Class: 1578K(1792K)->1578K(1792K)
[1.244s][info][gc             ] GC(1) Pause Young (Normal) (G1 Evacuation Pause) 207M->5M(4096M) 1.980ms
[1.244s][info][gc,cpu         ] GC(1) User=0.00s Sys=0.00s Real=0.00s
[3.753s][info][gc,start       ] GC(2) Pause Young (Normal) (G1 Evacuation Pause)
[3.753s][info][gc,task        ] GC(2) Using 6 workers of 6 for evacuation
[3.755s][info][gc,phases      ] GC(2)   Pre Evacuate Collection Set: 0.1ms
[3.755s][info][gc,phases      ] GC(2)   Evacuate Collection Set: 1.2ms
[3.755s][info][gc,phases      ] GC(2)   Post Evacuate Collection Set: 0.8ms
[3.755s][info][gc,phases      ] GC(2)   Other: 0.3ms
[3.755s][info][gc,heap        ] GC(2) Eden regions: 857->0(866)
[3.755s][info][gc,heap        ] GC(2) Survivor regions: 1->1(108)
[3.755s][info][gc,heap        ] GC(2) Old regions: 5->5
[3.755s][info][gc,heap        ] GC(2) Humongous regions: 0->0
[3.755s][info][gc,metaspace   ] GC(2) Metaspace: 15378K(15872K)->15378K(15872K) NonClass: 13800K(14080K)->13800K(14080K) Class: 1578K(1792K)->1578K(1792K)
[3.755s][info][gc             ] GC(2) Pause Young (Normal) (G1 Evacuation Pause) 1719M->4M(4096M) 2.517ms
[3.755s][info][gc,cpu         ] GC(2) User=0.00s Sys=0.00s Real=0.00s
[5.599s][info][gc,start       ] GC(3) Pause Young (Normal) (G1 Evacuation Pause)
[5.599s][info][gc,task        ] GC(3) Using 6 workers of 6 for evacuation
[5.602s][info][gc,phases      ] GC(3)   Pre Evacuate Collection Set: 0.0ms
[5.602s][info][gc,phases      ] GC(3)   Evacuate Collection Set: 1.3ms
[5.602s][info][gc,phases      ] GC(3)   Post Evacuate Collection Set: 0.8ms
[5.602s][info][gc,phases      ] GC(3)   Other: 0.3ms
[5.602s][info][gc,heap        ] GC(3) Eden regions: 866->0(885)
[5.602s][info][gc,heap        ] GC(3) Survivor regions: 1->1(109)
[5.602s][info][gc,heap        ] GC(3) Old regions: 5->5
[5.602s][info][gc,heap        ] GC(3) Humongous regions: 0->0
[5.602s][info][gc,metaspace   ] GC(3) Metaspace: 15387K(16128K)->15387K(16128K) NonClass: 13808K(14336K)->13808K(14336K) Class: 1579K(1792K)->1579K(1792K)
[5.602s][info][gc             ] GC(3) Pause Young (Normal) (G1 Evacuation Pause) 1736M->4M(4096M) 2.689ms
[5.602s][info][gc,cpu         ] GC(3) User=0.00s Sys=0.00s Real=0.01s
[7.052s][info][gc,task        ] GC(4) Using 6 workers of 6 for full compaction
[7.052s][info][gc,start       ] GC(4) Pause Full (System.gc())
[7.052s][info][gc,phases,start] GC(4) Phase 1: Mark live objects
[7.061s][info][gc,stringtable ] GC(4) Cleaned string and symbol table, strings: 6686 processed, 50 removed, symbols: 47223 processed, 6 removed
[7.061s][info][gc,phases      ] GC(4) Phase 1: Mark live objects 8.746ms
[7.061s][info][gc,phases,start] GC(4) Phase 2: Prepare for compaction
[7.065s][info][gc,phases      ] GC(4) Phase 2: Prepare for compaction 3.843ms
[7.065s][info][gc,phases,start] GC(4) Phase 3: Adjust pointers
[7.069s][info][gc,phases      ] GC(4) Phase 3: Adjust pointers 3.865ms
[7.069s][info][gc,phases,start] GC(4) Phase 4: Compact heap
[7.071s][info][gc,phases      ] GC(4) Phase 4: Compact heap 2.650ms
[7.074s][info][gc,heap        ] GC(4) Eden regions: 596->0(885)
[7.075s][info][gc,heap        ] GC(4) Survivor regions: 1->0(109)
[7.075s][info][gc,heap        ] GC(4) Old regions: 5->5
[7.075s][info][gc,heap        ] GC(4) Humongous regions: 0->0
[7.075s][info][gc,metaspace   ] GC(4) Metaspace: 15557K(16128K)->15547K(16128K) NonClass: 13966K(14336K)->13960K(14336K) Class: 1590K(1792K)->1587K(1792K)
[7.075s][info][gc             ] GC(4) Pause Full (System.gc()) 1196M->3M(4096M) 22.646ms
[7.075s][info][gc,cpu         ] GC(4) User=0.05s Sys=0.00s Real=0.03s
[8.192s][info][gc,start       ] GC(5) Pause Young (Normal) (G1 Evacuation Pause)
[8.193s][info][gc,task        ] GC(5) Using 6 workers of 6 for evacuation
[8.194s][info][gc,phases      ] GC(5)   Pre Evacuate Collection Set: 0.0ms
[8.194s][info][gc,phases      ] GC(5)   Evacuate Collection Set: 0.6ms
[8.194s][info][gc,phases      ] GC(5)   Post Evacuate Collection Set: 0.6ms
[8.194s][info][gc,phases      ] GC(5)   Other: 0.2ms
[8.194s][info][gc,heap        ] GC(5) Eden regions: 885->0(1227)
[8.194s][info][gc,heap        ] GC(5) Survivor regions: 0->1(111)
[8.194s][info][gc,heap        ] GC(5) Old regions: 5->5
[8.194s][info][gc,heap        ] GC(5) Humongous regions: 0->0
[8.194s][info][gc,metaspace   ] GC(5) Metaspace: 15550K(16128K)->15550K(16128K) NonClass: 13962K(14336K)->13962K(14336K) Class: 1587K(1792K)->1587K(1792K)
[8.194s][info][gc             ] GC(5) Pause Young (Normal) (G1 Evacuation Pause) 1773M->5M(4096M) 1.498ms
[8.194s][info][gc,cpu         ] GC(5) User=0.00s Sys=0.02s Real=0.00s
[9.804s][info][gc,start       ] GC(6) Pause Young (Normal) (G1 Evacuation Pause)
[9.804s][info][gc,task        ] GC(6) Using 6 workers of 6 for evacuation
[9.805s][info][gc,phases      ] GC(6)   Pre Evacuate Collection Set: 0.0ms
[9.805s][info][gc,phases      ] GC(6)   Evacuate Collection Set: 0.5ms
[9.805s][info][gc,phases      ] GC(6)   Post Evacuate Collection Set: 0.7ms
[9.805s][info][gc,phases      ] GC(6)   Other: 0.3ms
[9.805s][info][gc,heap        ] GC(6) Eden regions: 1227->0(1227)
[9.805s][info][gc,heap        ] GC(6) Survivor regions: 1->1(154)
[9.805s][info][gc,heap        ] GC(6) Old regions: 5->5
[9.805s][info][gc,heap        ] GC(6) Humongous regions: 0->0
[9.805s][info][gc,metaspace   ] GC(6) Metaspace: 15550K(16128K)->15550K(16128K) NonClass: 13962K(14336K)->13962K(14336K) Class: 1588K(1792K)->1588K(1792K)
[9.805s][info][gc             ] GC(6) Pause Young (Normal) (G1 Evacuation Pause) 2459M->4M(4096M) 1.650ms
[9.805s][info][gc,cpu         ] GC(6) User=0.00s Sys=0.00s Real=0.00s
[10.443s][info][gc,task        ] GC(7) Using 6 workers of 6 for full compaction
[10.443s][info][gc,start       ] GC(7) Pause Full (System.gc())
[10.444s][info][gc,phases,start] GC(7) Phase 1: Mark live objects
[10.449s][info][gc,stringtable ] GC(7) Cleaned string and symbol table, strings: 6810 processed, 43 removed, symbols: 47218 processed, 7 removed
[10.449s][info][gc,phases      ] GC(7) Phase 1: Mark live objects 5.734ms
[10.449s][info][gc,phases,start] GC(7) Phase 2: Prepare for compaction
[10.452s][info][gc,phases      ] GC(7) Phase 2: Prepare for compaction 2.563ms
[10.452s][info][gc,phases,start] GC(7) Phase 3: Adjust pointers
[10.456s][info][gc,phases      ] GC(7) Phase 3: Adjust pointers 3.672ms
[10.456s][info][gc,phases,start] GC(7) Phase 4: Compact heap
[10.457s][info][gc,phases      ] GC(7) Phase 4: Compact heap 1.120ms
[10.460s][info][gc,heap        ] GC(7) Eden regions: 287->0(1228)
[10.460s][info][gc,heap        ] GC(7) Survivor regions: 1->0(154)
[10.460s][info][gc,heap        ] GC(7) Old regions: 5->5
[10.460s][info][gc,heap        ] GC(7) Humongous regions: 0->0
[10.460s][info][gc,metaspace   ] GC(7) Metaspace: 15551K(16128K)->15551K(16128K) NonClass: 13963K(14336K)->13963K(14336K) Class: 1588K(1792K)->1588K(1792K)
[10.460s][info][gc             ] GC(7) Pause Full (System.gc()) 578M->3M(4096M) 16.757ms
[10.460s][info][gc,cpu         ] GC(7) User=0.02s Sys=0.02s Real=0.02s
[11.687s][info][gc,start       ] GC(8) Pause Young (Normal) (G1 Evacuation Pause)
[11.687s][info][gc,task        ] GC(8) Using 6 workers of 6 for evacuation
[11.689s][info][gc,phases      ] GC(8)   Pre Evacuate Collection Set: 0.0ms
[11.689s][info][gc,phases      ] GC(8)   Evacuate Collection Set: 0.7ms
[11.689s][info][gc,phases      ] GC(8)   Post Evacuate Collection Set: 0.9ms
[11.689s][info][gc,phases      ] GC(8)   Other: 0.3ms
[11.689s][info][gc,heap        ] GC(8) Eden regions: 1228->0(1227)
[11.689s][info][gc,heap        ] GC(8) Survivor regions: 0->1(154)
[11.689s][info][gc,heap        ] GC(8) Old regions: 5->5
[11.689s][info][gc,heap        ] GC(8) Humongous regions: 0->0
[11.689s][info][gc,metaspace   ] GC(8) Metaspace: 15568K(16128K)->15568K(16128K) NonClass: 13979K(14336K)->13979K(14336K) Class: 1589K(1792K)->1589K(1792K)
[11.689s][info][gc             ] GC(8) Pause Young (Normal) (G1 Evacuation Pause) 2459M->5M(4096M) 1.997ms
[11.689s][info][gc,cpu         ] GC(8) User=0.00s Sys=0.00s Real=0.00s
[12.894s][info][gc,task        ] GC(9) Using 6 workers of 6 for full compaction
[12.894s][info][gc,start       ] GC(9) Pause Full (System.gc())
[12.894s][info][gc,phases,start] GC(9) Phase 1: Mark live objects
[12.899s][info][gc,stringtable ] GC(9) Cleaned string and symbol table, strings: 6822 processed, 43 removed, symbols: 47217 processed, 0 removed
[12.899s][info][gc,phases      ] GC(9) Phase 1: Mark live objects 4.937ms
[12.899s][info][gc,phases,start] GC(9) Phase 2: Prepare for compaction
[12.903s][info][gc,phases      ] GC(9) Phase 2: Prepare for compaction 3.623ms
[12.903s][info][gc,phases,start] GC(9) Phase 3: Adjust pointers
[12.907s][info][gc,phases      ] GC(9) Phase 3: Adjust pointers 4.393ms
[12.907s][info][gc,phases,start] GC(9) Phase 4: Compact heap
[12.912s][info][gc,phases      ] GC(9) Phase 4: Compact heap 4.099ms
[12.915s][info][gc,heap        ] GC(9) Eden regions: 1167->0(1228)
[12.915s][info][gc,heap        ] GC(9) Survivor regions: 1->0(154)
[12.915s][info][gc,heap        ] GC(9) Old regions: 5->6
[12.915s][info][gc,heap        ] GC(9) Humongous regions: 0->0
[12.915s][info][gc,metaspace   ] GC(9) Metaspace: 15569K(16128K)->15569K(16128K) NonClass: 13979K(14336K)->13979K(14336K) Class: 1589K(1792K)->1589K(1792K)
[12.915s][info][gc             ] GC(9) Pause Full (System.gc()) 2338M->3M(4096M) 20.638ms
[12.915s][info][gc,cpu         ] GC(9) User=0.03s Sys=0.02s Real=0.02s
[14.160s][info][gc,start       ] GC(10) Pause Young (Normal) (G1 Evacuation Pause)
[14.160s][info][gc,task        ] GC(10) Using 6 workers of 6 for evacuation
[14.162s][info][gc,phases      ] GC(10)   Pre Evacuate Collection Set: 0.0ms
[14.162s][info][gc,phases      ] GC(10)   Evacuate Collection Set: 0.5ms
[14.162s][info][gc,phases      ] GC(10)   Post Evacuate Collection Set: 0.7ms
[14.162s][info][gc,phases      ] GC(10)   Other: 0.2ms
[14.162s][info][gc,heap        ] GC(10) Eden regions: 1228->0(1227)
[14.162s][info][gc,heap        ] GC(10) Survivor regions: 0->1(154)
[14.162s][info][gc,heap        ] GC(10) Old regions: 6->6
[14.162s][info][gc,heap        ] GC(10) Humongous regions: 0->0
[14.162s][info][gc,metaspace   ] GC(10) Metaspace: 15570K(16128K)->15570K(16128K) NonClass: 13981K(14336K)->13981K(14336K) Class: 1589K(1792K)->1589K(1792K)
[14.162s][info][gc             ] GC(10) Pause Young (Normal) (G1 Evacuation Pause) 2459M->5M(4096M) 1.526ms
[14.162s][info][gc,cpu         ] GC(10) User=0.08s Sys=0.02s Real=0.00s
[15.365s][info][gc,task        ] GC(11) Using 6 workers of 6 for full compaction
[15.365s][info][gc,start       ] GC(11) Pause Full (System.gc())
[15.365s][info][gc,phases,start] GC(11) Phase 1: Mark live objects
[15.370s][info][gc,stringtable ] GC(11) Cleaned string and symbol table, strings: 6822 processed, 43 removed, symbols: 47217 processed, 0 removed
[15.370s][info][gc,phases      ] GC(11) Phase 1: Mark live objects 5.028ms
[15.370s][info][gc,phases,start] GC(11) Phase 2: Prepare for compaction
[15.373s][info][gc,phases      ] GC(11) Phase 2: Prepare for compaction 3.476ms
[15.374s][info][gc,phases,start] GC(11) Phase 3: Adjust pointers
[15.378s][info][gc,phases      ] GC(11) Phase 3: Adjust pointers 4.367ms
[15.378s][info][gc,phases,start] GC(11) Phase 4: Compact heap
[15.382s][info][gc,phases      ] GC(11) Phase 4: Compact heap 3.808ms
[15.385s][info][gc,heap        ] GC(11) Eden regions: 1167->0(1228)
[15.385s][info][gc,heap        ] GC(11) Survivor regions: 1->0(154)
[15.385s][info][gc,heap        ] GC(11) Old regions: 6->6
[15.385s][info][gc,heap        ] GC(11) Humongous regions: 0->0
[15.385s][info][gc,metaspace   ] GC(11) Metaspace: 15570K(16128K)->15570K(16128K) NonClass: 13981K(14336K)->13981K(14336K) Class: 1589K(1792K)->1589K(1792K)
[15.385s][info][gc             ] GC(11) Pause Full (System.gc()) 2338M->3M(4096M) 20.388ms
[15.385s][info][gc,cpu         ] GC(11) User=0.08s Sys=0.02s Real=0.02s
[16.621s][info][gc,start       ] GC(12) Pause Young (Normal) (G1 Evacuation Pause)
[16.621s][info][gc,task        ] GC(12) Using 6 workers of 6 for evacuation
[16.623s][info][gc,phases      ] GC(12)   Pre Evacuate Collection Set: 0.0ms
[16.623s][info][gc,phases      ] GC(12)   Evacuate Collection Set: 0.6ms
[16.623s][info][gc,phases      ] GC(12)   Post Evacuate Collection Set: 0.9ms
[16.623s][info][gc,phases      ] GC(12)   Other: 0.2ms
[16.623s][info][gc,heap        ] GC(12) Eden regions: 1228->0(1227)
[16.623s][info][gc,heap        ] GC(12) Survivor regions: 0->1(154)
[16.623s][info][gc,heap        ] GC(12) Old regions: 6->6
[16.623s][info][gc,heap        ] GC(12) Humongous regions: 0->0
[16.623s][info][gc,metaspace   ] GC(12) Metaspace: 15571K(16128K)->15571K(16128K) NonClass: 13981K(14336K)->13981K(14336K) Class: 1589K(1792K)->1589K(1792K)
[16.623s][info][gc             ] GC(12) Pause Young (Normal) (G1 Evacuation Pause) 2459M->5M(4096M) 1.844ms
[16.623s][info][gc,cpu         ] GC(12) User=0.00s Sys=0.00s Real=0.00s
[17.842s][info][gc,task        ] GC(13) Using 6 workers of 6 for full compaction
[17.842s][info][gc,start       ] GC(13) Pause Full (System.gc())
[17.842s][info][gc,phases,start] GC(13) Phase 1: Mark live objects
[17.848s][info][gc,stringtable ] GC(13) Cleaned string and symbol table, strings: 6822 processed, 43 removed, symbols: 47217 processed, 0 removed
[17.848s][info][gc,phases      ] GC(13) Phase 1: Mark live objects 5.760ms
[17.848s][info][gc,phases,start] GC(13) Phase 2: Prepare for compaction
[17.852s][info][gc,phases      ] GC(13) Phase 2: Prepare for compaction 3.686ms
[17.852s][info][gc,phases,start] GC(13) Phase 3: Adjust pointers
[17.856s][info][gc,phases      ] GC(13) Phase 3: Adjust pointers 4.138ms
[17.856s][info][gc,phases,start] GC(13) Phase 4: Compact heap
[17.860s][info][gc,phases      ] GC(13) Phase 4: Compact heap 3.922ms
[17.863s][info][gc,heap        ] GC(13) Eden regions: 1167->0(1228)
[17.863s][info][gc,heap        ] GC(13) Survivor regions: 1->0(154)
[17.863s][info][gc,heap        ] GC(13) Old regions: 6->6
[17.863s][info][gc,heap        ] GC(13) Humongous regions: 0->0
[17.863s][info][gc,metaspace   ] GC(13) Metaspace: 15572K(16128K)->15572K(16128K) NonClass: 13982K(14336K)->13982K(14336K) Class: 1589K(1792K)->1589K(1792K)
[17.863s][info][gc             ] GC(13) Pause Full (System.gc()) 2338M->3M(4096M) 21.406ms
[17.864s][info][gc,cpu         ] GC(13) User=0.05s Sys=0.03s Real=0.03s
[19.081s][info][gc,start       ] GC(14) Pause Young (Normal) (G1 Evacuation Pause)
[19.081s][info][gc,task        ] GC(14) Using 6 workers of 6 for evacuation
[19.082s][info][gc,phases      ] GC(14)   Pre Evacuate Collection Set: 0.0ms
[19.082s][info][gc,phases      ] GC(14)   Evacuate Collection Set: 0.5ms
[19.082s][info][gc,phases      ] GC(14)   Post Evacuate Collection Set: 0.9ms
[19.082s][info][gc,phases      ] GC(14)   Other: 0.2ms
[19.082s][info][gc,heap        ] GC(14) Eden regions: 1228->0(1227)
[19.082s][info][gc,heap        ] GC(14) Survivor regions: 0->1(154)
[19.082s][info][gc,heap        ] GC(14) Old regions: 6->6
[19.082s][info][gc,heap        ] GC(14) Humongous regions: 0->0
[19.083s][info][gc,metaspace   ] GC(14) Metaspace: 15576K(16128K)->15576K(16128K) NonClass: 13987K(14336K)->13987K(14336K) Class: 1589K(1792K)->1589K(1792K)
[19.083s][info][gc             ] GC(14) Pause Young (Normal) (G1 Evacuation Pause) 2459M->5M(4096M) 1.718ms
[19.083s][info][gc,cpu         ] GC(14) User=0.00s Sys=0.00s Real=0.00s
[20.285s][info][gc,task        ] GC(15) Using 6 workers of 6 for full compaction
[20.285s][info][gc,start       ] GC(15) Pause Full (System.gc())
[20.286s][info][gc,phases,start] GC(15) Phase 1: Mark live objects
[20.291s][info][gc,stringtable ] GC(15) Cleaned string and symbol table, strings: 6822 processed, 43 removed, symbols: 47217 processed, 0 removed
[20.291s][info][gc,phases      ] GC(15) Phase 1: Mark live objects 5.117ms
[20.291s][info][gc,phases,start] GC(15) Phase 2: Prepare for compaction
[20.294s][info][gc,phases      ] GC(15) Phase 2: Prepare for compaction 3.435ms
[20.294s][info][gc,phases,start] GC(15) Phase 3: Adjust pointers
[20.298s][info][gc,phases      ] GC(15) Phase 3: Adjust pointers 4.042ms
[20.298s][info][gc,phases,start] GC(15) Phase 4: Compact heap
[20.302s][info][gc,phases      ] GC(15) Phase 4: Compact heap 4.014ms
[20.306s][info][gc,heap        ] GC(15) Eden regions: 1167->0(1228)
[20.306s][info][gc,heap        ] GC(15) Survivor regions: 1->0(154)
[20.306s][info][gc,heap        ] GC(15) Old regions: 6->6
[20.306s][info][gc,heap        ] GC(15) Humongous regions: 0->0
[20.306s][info][gc,metaspace   ] GC(15) Metaspace: 15576K(16128K)->15576K(16128K) NonClass: 13987K(14336K)->13987K(14336K) Class: 1589K(1792K)->1589K(1792K)
[20.306s][info][gc             ] GC(15) Pause Full (System.gc()) 2337M->3M(4096M) 20.768ms
[20.306s][info][gc,cpu         ] GC(15) User=0.11s Sys=0.02s Real=0.03s
[21.544s][info][gc,start       ] GC(16) Pause Young (Normal) (G1 Evacuation Pause)
[21.544s][info][gc,task        ] GC(16) Using 6 workers of 6 for evacuation
[21.545s][info][gc,phases      ] GC(16)   Pre Evacuate Collection Set: 0.0ms
[21.545s][info][gc,phases      ] GC(16)   Evacuate Collection Set: 0.4ms
[21.545s][info][gc,phases      ] GC(16)   Post Evacuate Collection Set: 0.8ms
[21.545s][info][gc,phases      ] GC(16)   Other: 0.2ms
[21.545s][info][gc,heap        ] GC(16) Eden regions: 1228->0(1227)
[21.546s][info][gc,heap        ] GC(16) Survivor regions: 0->1(154)
[21.546s][info][gc,heap        ] GC(16) Old regions: 6->6
[21.546s][info][gc,heap        ] GC(16) Humongous regions: 0->0
[21.546s][info][gc,metaspace   ] GC(16) Metaspace: 15582K(16128K)->15582K(16128K) NonClass: 13992K(14336K)->13992K(14336K) Class: 1589K(1792K)->1589K(1792K)
[21.546s][info][gc             ] GC(16) Pause Young (Normal) (G1 Evacuation Pause) 2459M->4M(4096M) 1.670ms
[21.546s][info][gc,cpu         ] GC(16) User=0.00s Sys=0.00s Real=0.00s
[22.760s][info][gc,task        ] GC(17) Using 6 workers of 6 for full compaction
[22.760s][info][gc,start       ] GC(17) Pause Full (System.gc())
[22.760s][info][gc,phases,start] GC(17) Phase 1: Mark live objects
[22.764s][info][gc,stringtable ] GC(17) Cleaned string and symbol table, strings: 6822 processed, 43 removed, symbols: 47217 processed, 0 removed
[22.764s][info][gc,phases      ] GC(17) Phase 1: Mark live objects 4.186ms
[22.764s][info][gc,phases,start] GC(17) Phase 2: Prepare for compaction
[22.768s][info][gc,phases      ] GC(17) Phase 2: Prepare for compaction 3.435ms
[22.768s][info][gc,phases,start] GC(17) Phase 3: Adjust pointers
[22.772s][info][gc,phases      ] GC(17) Phase 3: Adjust pointers 3.986ms
[22.772s][info][gc,phases,start] GC(17) Phase 4: Compact heap
[22.776s][info][gc,phases      ] GC(17) Phase 4: Compact heap 4.085ms
[22.780s][info][gc,heap        ] GC(17) Eden regions: 1167->0(1228)
[22.780s][info][gc,heap        ] GC(17) Survivor regions: 1->0(154)
[22.780s][info][gc,heap        ] GC(17) Old regions: 6->6
[22.780s][info][gc,heap        ] GC(17) Humongous regions: 0->0
[22.780s][info][gc,metaspace   ] GC(17) Metaspace: 15585K(16128K)->15585K(16128K) NonClass: 13995K(14336K)->13995K(14336K) Class: 1589K(1792K)->1589K(1792K)
[22.780s][info][gc             ] GC(17) Pause Full (System.gc()) 2337M->3M(4096M) 20.640ms
[22.781s][info][gc,cpu         ] GC(17) User=0.02s Sys=0.00s Real=0.02s
[24.036s][info][gc,start       ] GC(18) Pause Young (Normal) (G1 Evacuation Pause)
[24.036s][info][gc,task        ] GC(18) Using 6 workers of 6 for evacuation
[24.037s][info][gc,phases      ] GC(18)   Pre Evacuate Collection Set: 0.0ms
[24.037s][info][gc,phases      ] GC(18)   Evacuate Collection Set: 0.5ms
[24.037s][info][gc,phases      ] GC(18)   Post Evacuate Collection Set: 0.9ms
[24.037s][info][gc,phases      ] GC(18)   Other: 0.2ms
[24.037s][info][gc,heap        ] GC(18) Eden regions: 1228->0(1227)
[24.037s][info][gc,heap        ] GC(18) Survivor regions: 0->1(154)
[24.037s][info][gc,heap        ] GC(18) Old regions: 6->6
[24.037s][info][gc,heap        ] GC(18) Humongous regions: 0->0
[24.038s][info][gc,metaspace   ] GC(18) Metaspace: 15585K(16128K)->15585K(16128K) NonClass: 13995K(14336K)->13995K(14336K) Class: 1589K(1792K)->1589K(1792K)
[24.038s][info][gc             ] GC(18) Pause Young (Normal) (G1 Evacuation Pause) 2459M->5M(4096M) 1.755ms
[24.038s][info][gc,cpu         ] GC(18) User=0.08s Sys=0.02s Real=0.00s
[25.240s][info][gc,task        ] GC(19) Using 6 workers of 6 for full compaction
[25.240s][info][gc,start       ] GC(19) Pause Full (System.gc())
[25.240s][info][gc,phases,start] GC(19) Phase 1: Mark live objects
[25.246s][info][gc,stringtable ] GC(19) Cleaned string and symbol table, strings: 6822 processed, 43 removed, symbols: 47219 processed, 0 removed
[25.246s][info][gc,phases      ] GC(19) Phase 1: Mark live objects 5.723ms
[25.246s][info][gc,phases,start] GC(19) Phase 2: Prepare for compaction
[25.249s][info][gc,phases      ] GC(19) Phase 2: Prepare for compaction 3.521ms
[25.249s][info][gc,phases,start] GC(19) Phase 3: Adjust pointers
[25.254s][info][gc,phases      ] GC(19) Phase 3: Adjust pointers 4.352ms
[25.254s][info][gc,phases,start] GC(19) Phase 4: Compact heap
[25.258s][info][gc,phases      ] GC(19) Phase 4: Compact heap 4.237ms
[25.262s][info][gc,heap        ] GC(19) Eden regions: 1167->0(1228)
[25.262s][info][gc,heap        ] GC(19) Survivor regions: 1->0(154)
[25.262s][info][gc,heap        ] GC(19) Old regions: 6->6
[25.262s][info][gc,heap        ] GC(19) Humongous regions: 0->0
[25.262s][info][gc,metaspace   ] GC(19) Metaspace: 15588K(16128K)->15588K(16128K) NonClass: 13998K(14336K)->13998K(14336K) Class: 1590K(1792K)->1590K(1792K)
[25.262s][info][gc             ] GC(19) Pause Full (System.gc()) 2338M->3M(4096M) 22.212ms
[25.262s][info][gc,cpu         ] GC(19) User=0.08s Sys=0.02s Real=0.03s
[26.487s][info][gc,start       ] GC(20) Pause Young (Normal) (G1 Evacuation Pause)
[26.487s][info][gc,task        ] GC(20) Using 6 workers of 6 for evacuation
[26.488s][info][gc,phases      ] GC(20)   Pre Evacuate Collection Set: 0.0ms
[26.488s][info][gc,phases      ] GC(20)   Evacuate Collection Set: 0.4ms
[26.488s][info][gc,phases      ] GC(20)   Post Evacuate Collection Set: 0.9ms
[26.488s][info][gc,phases      ] GC(20)   Other: 0.2ms
[26.488s][info][gc,heap        ] GC(20) Eden regions: 1228->0(1227)
[26.488s][info][gc,heap        ] GC(20) Survivor regions: 0->1(154)
[26.488s][info][gc,heap        ] GC(20) Old regions: 6->6
[26.488s][info][gc,heap        ] GC(20) Humongous regions: 0->0
[26.488s][info][gc,metaspace   ] GC(20) Metaspace: 15592K(16128K)->15592K(16128K) NonClass: 14002K(14336K)->14002K(14336K) Class: 1590K(1792K)->1590K(1792K)
[26.488s][info][gc             ] GC(20) Pause Young (Normal) (G1 Evacuation Pause) 2459M->4M(4096M) 1.720ms
[26.488s][info][gc,cpu         ] GC(20) User=0.00s Sys=0.00s Real=0.00s
[27.701s][info][gc,task        ] GC(21) Using 6 workers of 6 for full compaction
[27.701s][info][gc,start       ] GC(21) Pause Full (System.gc())
[27.701s][info][gc,phases,start] GC(21) Phase 1: Mark live objects
[27.706s][info][gc,stringtable ] GC(21) Cleaned string and symbol table, strings: 6822 processed, 43 removed, symbols: 47219 processed, 0 removed
[27.707s][info][gc,phases      ] GC(21) Phase 1: Mark live objects 5.250ms
[27.707s][info][gc,phases,start] GC(21) Phase 2: Prepare for compaction
[27.710s][info][gc,phases      ] GC(21) Phase 2: Prepare for compaction 3.661ms
[27.710s][info][gc,phases,start] GC(21) Phase 3: Adjust pointers
[27.714s][info][gc,phases      ] GC(21) Phase 3: Adjust pointers 4.016ms
[27.714s][info][gc,phases,start] GC(21) Phase 4: Compact heap
[27.719s][info][gc,phases      ] GC(21) Phase 4: Compact heap 4.261ms
[27.723s][info][gc,heap        ] GC(21) Eden regions: 1168->0(1228)
[27.723s][info][gc,heap        ] GC(21) Survivor regions: 1->0(154)
[27.723s][info][gc,heap        ] GC(21) Old regions: 6->6
[27.723s][info][gc,heap        ] GC(21) Humongous regions: 0->0
[27.723s][info][gc,metaspace   ] GC(21) Metaspace: 15594K(16128K)->15594K(16128K) NonClass: 14004K(14336K)->14004K(14336K) Class: 1590K(1792K)->1590K(1792K)
[27.723s][info][gc             ] GC(21) Pause Full (System.gc()) 2338M->3M(4096M) 21.799ms
[27.723s][info][gc,cpu         ] GC(21) User=0.08s Sys=0.00s Real=0.02s
[28.939s][info][gc,start       ] GC(22) Pause Young (Normal) (G1 Evacuation Pause)
[28.939s][info][gc,task        ] GC(22) Using 6 workers of 6 for evacuation
[28.940s][info][gc,phases      ] GC(22)   Pre Evacuate Collection Set: 0.0ms
[28.940s][info][gc,phases      ] GC(22)   Evacuate Collection Set: 0.5ms
[28.940s][info][gc,phases      ] GC(22)   Post Evacuate Collection Set: 1.0ms
[28.940s][info][gc,phases      ] GC(22)   Other: 0.2ms
[28.940s][info][gc,heap        ] GC(22) Eden regions: 1228->0(1227)
[28.940s][info][gc,heap        ] GC(22) Survivor regions: 0->1(154)
[28.940s][info][gc,heap        ] GC(22) Old regions: 6->6
[28.940s][info][gc,heap        ] GC(22) Humongous regions: 0->0
[28.940s][info][gc,metaspace   ] GC(22) Metaspace: 15594K(16128K)->15594K(16128K) NonClass: 14004K(14336K)->14004K(14336K) Class: 1590K(1792K)->1590K(1792K)
[28.940s][info][gc             ] GC(22) Pause Young (Normal) (G1 Evacuation Pause) 2459M->5M(4096M) 1.839ms
[28.940s][info][gc,cpu         ] GC(22) User=0.00s Sys=0.00s Real=0.00s
[30.148s][info][gc,heap,exit   ] Heap
[30.148s][info][gc,heap,exit   ]  garbage-first heap   total 4194304K, used 2391320K [0x0000000700000000, 0x0000000800000000)
[30.148s][info][gc,heap,exit   ]   region size 2048K, 1168 young (2392064K), 1 survivors (2048K)
[30.148s][info][gc,heap,exit   ]  Metaspace       used 15603K, capacity 15954K, committed 16128K, reserved 1062912K
[30.148s][info][gc,heap,exit   ]   class space    used 1591K, capacity 1710K, committed 1792K, reserved 1048576K
