[0.008s][info][gc,init] Initializing The Z Garbage Collector
[0.009s][info][gc,init] Version: 17.0.12+7-adhoc..jdk17u (release)
[0.009s][info][gc,init] NUMA Support: Disabled
[0.009s][info][gc,init] CPUs: 6 total, 6 available
[0.009s][info][gc,init] Memory: 15591M
[0.009s][info][gc,init] Large Page Support: Disabled
[0.009s][info][gc,init] GC Workers: 2 (dynamic)
[0.009s][info][gc,init] Address Space Type: Contiguous/Unrestricted/Complete
[0.009s][info][gc,init] Address Space Size: 32768M x 3 = 98304M
[0.009s][info][gc,init] Min Capacity: 2048M
[0.009s][info][gc,init] Initial Capacity: 2048M
[0.009s][info][gc,init] Max Capacity: 2048M
[0.012s][info][gc,init] Medium Page Size: 32M
[0.012s][info][gc,init] Pre-touch: Disabled
[0.012s][info][gc,init] Uncommit: Implicitly Disabled (-Xms equals -Xmx)
[0.070s][info][gc,init] Runtime Workers: 4
[0.071s][info][gc     ] Using The Z Garbage Collector
[0.079s][info][gc,metaspace] CDS archive(s) mapped at: [0x000001d3ad000000-0x000001d3adbc0000-0x000001d3adbc0000), size 12320768, SharedBaseAddress: 0x000001d3ad000000, ArchiveRelocationMode: 1.
[0.079s][info][gc,metaspace] Compressed class space mapped at: 0x000001d3ae000000-0x000001d3ee000000, reserved size: 1073741824
[0.079s][info][gc,metaspace] Narrow klass base: 0x000001d3ad000000, Narrow klass shift: 0, Narrow klass range: 0x100000000
[7.007s][info][gc,start    ] GC(0) Garbage Collection (Metadata GC Threshold)
[7.008s][info][gc,task     ] GC(0) Using 2 workers
[7.008s][info][gc,phases   ] GC(0) Pause Mark Start 0.005ms
[7.034s][info][gc,phases   ] GC(0) Concurrent Mark 26.572ms
[7.035s][info][gc,phases   ] GC(0) Pause Mark End 0.017ms
[7.035s][info][gc,phases   ] GC(0) Concurrent Mark Free 0.001ms
[7.037s][info][gc,phases   ] GC(0) Concurrent Process Non-Strong References 2.571ms
[7.037s][info][gc,phases   ] GC(0) Concurrent Reset Relocation Set 0.013ms
[7.041s][info][gc,phases   ] GC(0) Concurrent Select Relocation Set 3.686ms
[7.041s][info][gc,phases   ] GC(0) Pause Relocate Start 0.006ms
[7.049s][info][gc,phases   ] GC(0) Concurrent Relocate 7.484ms
[7.049s][info][gc,load     ] GC(0) Load: 0.00/0.00/0.00
[7.049s][info][gc,mmu      ] GC(0) MMU: 2ms/99.2%, 5ms/99.7%, 10ms/99.8%, 20ms/99.9%, 50ms/99.9%, 100ms/100.0%
[7.049s][info][gc,marking  ] GC(0) Mark: 2 stripe(s), 2 proactive flush(es), 2 terminate flush(es), 0 completion(s), 0 continuation(s) 
[7.049s][info][gc,marking  ] GC(0) Mark Stack Usage: 32M
[7.049s][info][gc,nmethod  ] GC(0) NMethods: 2049 registered, 0 unregistered
[7.049s][info][gc,metaspace] GC(0) Metaspace: 21M used, 21M committed, 1088M reserved
[7.049s][info][gc,ref      ] GC(0) Soft: 515 encountered, 0 discovered, 0 enqueued
[7.049s][info][gc,ref      ] GC(0) Weak: 1170 encountered, 720 discovered, 257 enqueued
[7.049s][info][gc,ref      ] GC(0) Final: 0 encountered, 0 discovered, 0 enqueued
[7.049s][info][gc,ref      ] GC(0) Phantom: 849 encountered, 734 discovered, 290 enqueued
[7.049s][info][gc,reloc    ] GC(0) Small Pages: 87 / 174M, Empty: 58M, Relocated: 13M, In-Place: 0
[7.049s][info][gc,reloc    ] GC(0) Medium Pages: 1 / 32M, Empty: 0M, Relocated: 0M, In-Place: 0
[7.049s][info][gc,reloc    ] GC(0) Large Pages: 0 / 0M, Empty: 0M, Relocated: 0M, In-Place: 0
[7.049s][info][gc,reloc    ] GC(0) Forwarding Usage: 4M
[7.049s][info][gc,heap     ] GC(0) Min Capacity: 2048M(100%)
[7.049s][info][gc,heap     ] GC(0) Max Capacity: 2048M(100%)
[7.049s][info][gc,heap     ] GC(0) Soft Max Capacity: 2048M(100%)
[7.049s][info][gc,heap     ] GC(0)                Mark Start          Mark End        Relocate Start      Relocate End           High               Low         
[7.049s][info][gc,heap     ] GC(0)  Capacity:     2048M (100%)       2048M (100%)       2048M (100%)       2048M (100%)       2048M (100%)       2048M (100%)   
[7.049s][info][gc,heap     ] GC(0)      Free:     1842M (90%)        1838M (90%)        1896M (93%)        1990M (97%)        1990M (97%)        1838M (90%)    
[7.049s][info][gc,heap     ] GC(0)      Used:      206M (10%)         210M (10%)         152M (7%)           58M (3%)          210M (10%)          58M (3%)     
[7.049s][info][gc,heap     ] GC(0)      Live:         -                18M (1%)           18M (1%)           18M (1%)             -                  -          
[7.049s][info][gc,heap     ] GC(0) Allocated:         -                 4M (0%)            4M (0%)            5M (0%)             -                  -          
[7.049s][info][gc,heap     ] GC(0)   Garbage:         -               187M (9%)          129M (6%)           34M (2%)             -                  -          
[7.049s][info][gc,heap     ] GC(0) Reclaimed:         -                  -                58M (3%)          153M (7%)             -                  -          
[7.049s][info][gc          ] GC(0) Garbage Collection (Metadata GC Threshold) 206M(10%)->58M(3%)
[7.991s][info][gc,start    ] GC(1) Garbage Collection (Metadata GC Threshold)
[7.991s][info][gc,task     ] GC(1) Using 2 workers
[7.992s][info][gc,phases   ] GC(1) Pause Mark Start 0.005ms
[8.034s][info][gc,phases   ] GC(1) Concurrent Mark 42.232ms
[8.034s][info][gc,phases   ] GC(1) Pause Mark End 0.010ms
[8.034s][info][gc,phases   ] GC(1) Concurrent Mark Free 0.002ms
[8.039s][info][gc,phases   ] GC(1) Concurrent Process Non-Strong References 4.766ms
[8.039s][info][gc,phases   ] GC(1) Concurrent Reset Relocation Set 0.005ms
[8.043s][info][gc,phases   ] GC(1) Concurrent Select Relocation Set 3.920ms
[8.043s][info][gc,phases   ] GC(1) Pause Relocate Start 0.012ms
[8.052s][info][gc,phases   ] GC(1) Concurrent Relocate 8.459ms
[8.052s][info][gc,load     ] GC(1) Load: 0.00/0.00/0.00
[8.052s][info][gc,mmu      ] GC(1) MMU: 2ms/99.2%, 5ms/99.7%, 10ms/99.8%, 20ms/99.9%, 50ms/99.9%, 100ms/100.0%
[8.052s][info][gc,marking  ] GC(1) Mark: 2 stripe(s), 2 proactive flush(es), 1 terminate flush(es), 0 completion(s), 0 continuation(s) 
[8.052s][info][gc,marking  ] GC(1) Mark Stack Usage: 32M
[8.052s][info][gc,nmethod  ] GC(1) NMethods: 3172 registered, 0 unregistered
[8.052s][info][gc,metaspace] GC(1) Metaspace: 36M used, 36M committed, 1088M reserved
[8.052s][info][gc,ref      ] GC(1) Soft: 4886 encountered, 0 discovered, 0 enqueued
[8.052s][info][gc,ref      ] GC(1) Weak: 2047 encountered, 433 discovered, 229 enqueued
[8.052s][info][gc,ref      ] GC(1) Final: 1 encountered, 0 discovered, 0 enqueued
[8.052s][info][gc,ref      ] GC(1) Phantom: 830 encountered, 668 discovered, 262 enqueued
[8.052s][info][gc,reloc    ] GC(1) Small Pages: 62 / 124M, Empty: 24M, Relocated: 13M, In-Place: 0
[8.052s][info][gc,reloc    ] GC(1) Medium Pages: 2 / 64M, Empty: 0M, Relocated: 1M, In-Place: 0
[8.052s][info][gc,reloc    ] GC(1) Large Pages: 0 / 0M, Empty: 0M, Relocated: 0M, In-Place: 0
[8.052s][info][gc,reloc    ] GC(1) Forwarding Usage: 5M
[8.052s][info][gc,heap     ] GC(1) Min Capacity: 2048M(100%)
[8.052s][info][gc,heap     ] GC(1) Max Capacity: 2048M(100%)
[8.052s][info][gc,heap     ] GC(1) Soft Max Capacity: 2048M(100%)
[8.052s][info][gc,heap     ] GC(1)                Mark Start          Mark End        Relocate Start      Relocate End           High               Low         
[8.052s][info][gc,heap     ] GC(1)  Capacity:     2048M (100%)       2048M (100%)       2048M (100%)       2048M (100%)       2048M (100%)       2048M (100%)   
[8.052s][info][gc,heap     ] GC(1)      Free:     1860M (91%)        1856M (91%)        1880M (92%)        1974M (96%)        1974M (96%)        1848M (90%)    
[8.052s][info][gc,heap     ] GC(1)      Used:      188M (9%)          192M (9%)          168M (8%)           74M (4%)          200M (10%)          74M (4%)     
[8.052s][info][gc,heap     ] GC(1)      Live:         -                28M (1%)           28M (1%)           28M (1%)             -                  -          
[8.052s][info][gc,heap     ] GC(1) Allocated:         -                 4M (0%)            4M (0%)           11M (1%)             -                  -          
[8.052s][info][gc,heap     ] GC(1)   Garbage:         -               159M (8%)          135M (7%)           34M (2%)             -                  -          
[8.052s][info][gc,heap     ] GC(1) Reclaimed:         -                  -                24M (1%)          125M (6%)             -                  -          
[8.052s][info][gc          ] GC(1) Garbage Collection (Metadata GC Threshold) 188M(9%)->74M(4%)
[8.609s][info][gc,start    ] GC(2) Garbage Collection (Warmup)
[8.609s][info][gc,task     ] GC(2) Using 2 workers
[8.609s][info][gc,phases   ] GC(2) Pause Mark Start 0.011ms
[8.640s][info][gc,phases   ] GC(2) Concurrent Mark 30.945ms
[8.640s][info][gc,phases   ] GC(2) Pause Mark End 0.010ms
[8.640s][info][gc,phases   ] GC(2) Concurrent Mark Free 0.001ms
[8.644s][info][gc,phases   ] GC(2) Concurrent Process Non-Strong References 3.905ms
[8.644s][info][gc,phases   ] GC(2) Concurrent Reset Relocation Set 0.008ms
[8.646s][info][gc,phases   ] GC(2) Concurrent Select Relocation Set 2.040ms
[8.647s][info][gc,phases   ] GC(2) Pause Relocate Start 0.007ms
[8.649s][info][gc,phases   ] GC(2) Concurrent Relocate 1.857ms
[8.649s][info][gc,load     ] GC(2) Load: 0.00/0.00/0.00
[8.649s][info][gc,mmu      ] GC(2) MMU: 2ms/99.2%, 5ms/99.7%, 10ms/99.8%, 20ms/99.9%, 50ms/99.9%, 100ms/100.0%
[8.649s][info][gc,marking  ] GC(2) Mark: 2 stripe(s), 2 proactive flush(es), 1 terminate flush(es), 0 completion(s), 0 continuation(s) 
[8.649s][info][gc,marking  ] GC(2) Mark Stack Usage: 32M
[8.649s][info][gc,nmethod  ] GC(2) NMethods: 3496 registered, 0 unregistered
[8.649s][info][gc,metaspace] GC(2) Metaspace: 44M used, 45M committed, 1088M reserved
[8.649s][info][gc,ref      ] GC(2) Soft: 5276 encountered, 0 discovered, 0 enqueued
[8.649s][info][gc,ref      ] GC(2) Weak: 2483 encountered, 1808 discovered, 187 enqueued
[8.649s][info][gc,ref      ] GC(2) Final: 1 encountered, 0 discovered, 0 enqueued
[8.649s][info][gc,ref      ] GC(2) Phantom: 776 encountered, 562 discovered, 204 enqueued
[8.649s][info][gc,reloc    ] GC(2) Small Pages: 83 / 166M, Empty: 76M, Relocated: 2M, In-Place: 0
[8.649s][info][gc,reloc    ] GC(2) Medium Pages: 2 / 64M, Empty: 32M, Relocated: 0M, In-Place: 0
[8.649s][info][gc,reloc    ] GC(2) Large Pages: 0 / 0M, Empty: 0M, Relocated: 0M, In-Place: 0
[8.649s][info][gc,reloc    ] GC(2) Forwarding Usage: 0M
[8.649s][info][gc,heap     ] GC(2) Min Capacity: 2048M(100%)
[8.649s][info][gc,heap     ] GC(2) Max Capacity: 2048M(100%)
[8.649s][info][gc,heap     ] GC(2) Soft Max Capacity: 2048M(100%)
[8.649s][info][gc,heap     ] GC(2)                Mark Start          Mark End        Relocate Start      Relocate End           High               Low         
[8.649s][info][gc,heap     ] GC(2)  Capacity:     2048M (100%)       2048M (100%)       2048M (100%)       2048M (100%)       2048M (100%)       2048M (100%)   
[8.649s][info][gc,heap     ] GC(2)      Free:     1818M (89%)        1816M (89%)        1924M (94%)        1976M (96%)        1976M (96%)        1816M (89%)    
[8.649s][info][gc,heap     ] GC(2)      Used:      230M (11%)         232M (11%)         124M (6%)           72M (4%)          232M (11%)          72M (4%)     
[8.649s][info][gc,heap     ] GC(2)      Live:         -                30M (1%)           30M (1%)           30M (1%)             -                  -          
[8.649s][info][gc,heap     ] GC(2) Allocated:         -                 2M (0%)            2M (0%)            7M (0%)             -                  -          
[8.649s][info][gc,heap     ] GC(2)   Garbage:         -               199M (10%)          91M (4%)           33M (2%)             -                  -          
[8.649s][info][gc,heap     ] GC(2) Reclaimed:         -                  -               108M (5%)          165M (8%)             -                  -          
[8.649s][info][gc          ] GC(2) Garbage Collection (Warmup) 230M(11%)->72M(4%)
[10.098s][info][gc,stats    ] === Garbage Collection Statistics =======================================================================================================================
[10.098s][info][gc,stats    ]                                                              Last 10s              Last 10m              Last 10h                Total
[10.098s][info][gc,stats    ]                                                              Avg / Max             Avg / Max             Avg / Max             Avg / Max
[10.098s][info][gc,stats    ]   Collector: Garbage Collection Cycle                     47.348 / 60.725       47.348 / 60.725       47.348 / 60.725       47.348 / 60.725      ms
[10.098s][info][gc,stats    ]  Contention: Mark Segment Reset Contention                     0 / 0                 0 / 0                 0 / 0                 0 / 0           ops/s
[10.098s][info][gc,stats    ]  Contention: Mark SeqNum Reset Contention                      0 / 0                 0 / 0                 0 / 0                 0 / 0           ops/s
[10.098s][info][gc,stats    ]    Critical: Allocation Stall                                  0 / 0                 0 / 0                 0 / 0                 0 / 0           ops/s
[10.098s][info][gc,stats    ]    Critical: Allocation Stall                              0.000 / 0.000         0.000 / 0.000         0.000 / 0.000         0.000 / 0.000       ms
[10.098s][info][gc,stats    ]    Critical: GC Locker Stall                                   0 / 0                 0 / 0                 0 / 0                 0 / 0           ops/s
[10.098s][info][gc,stats    ]    Critical: GC Locker Stall                               0.000 / 0.000         0.000 / 0.000         0.000 / 0.000         0.000 / 0.000       ms
[10.098s][info][gc,stats    ]    Critical: Relocation Stall                                  0 / 0                 0 / 0                 0 / 0                 0 / 0           ops/s
[10.098s][info][gc,stats    ]    Critical: Relocation Stall                              0.000 / 0.000         0.000 / 0.000         0.000 / 0.000         0.000 / 0.000       ms
[10.098s][info][gc,stats    ]      Memory: Allocation Rate                                  73 / 192              73 / 192              73 / 192              73 / 192         MB/s
[10.098s][info][gc,stats    ]      Memory: Out Of Memory                                     0 / 0                 0 / 0                 0 / 0                 0 / 0           ops/s
[10.098s][info][gc,stats    ]      Memory: Page Cache Flush                                  0 / 0                 0 / 0                 0 / 0                 0 / 0           MB/s
[10.098s][info][gc,stats    ]      Memory: Page Cache Hit L1                                21 / 80               21 / 80               21 / 80               21 / 80          ops/s
[10.098s][info][gc,stats    ]      Memory: Page Cache Hit L2                                 0 / 0                 0 / 0                 0 / 0                 0 / 0           ops/s
[10.098s][info][gc,stats    ]      Memory: Page Cache Hit L3                                11 / 43               11 / 43               11 / 43               11 / 43          ops/s
[10.098s][info][gc,stats    ]      Memory: Page Cache Miss                                   0 / 1                 0 / 1                 0 / 1                 0 / 1           ops/s
[10.098s][info][gc,stats    ]      Memory: Uncommit                                          0 / 0                 0 / 0                 0 / 0                 0 / 0           MB/s
[10.099s][info][gc,stats    ]      Memory: Undo Object Allocation Failed                     0 / 0                 0 / 0                 0 / 0                 0 / 0           ops/s
[10.099s][info][gc,stats    ]      Memory: Undo Object Allocation Succeeded                  0 / 1                 0 / 1                 0 / 1                 0 / 1           ops/s
[10.099s][info][gc,stats    ]      Memory: Undo Page Allocation                              0 / 0                 0 / 0                 0 / 0                 0 / 0           ops/s
[10.099s][info][gc,stats    ]       Phase: Concurrent Mark                              33.250 / 42.232       33.250 / 42.232       33.250 / 42.232       33.250 / 42.232      ms
[10.099s][info][gc,stats    ]       Phase: Concurrent Mark Continue                      0.000 / 0.000         0.000 / 0.000         0.000 / 0.000         0.000 / 0.000       ms
[10.099s][info][gc,stats    ]       Phase: Concurrent Mark Free                          0.001 / 0.002         0.001 / 0.002         0.001 / 0.002         0.001 / 0.002       ms
[10.099s][info][gc,stats    ]       Phase: Concurrent Process Non-Strong References      3.747 / 4.766         3.747 / 4.766         3.747 / 4.766         3.747 / 4.766       ms
[10.099s][info][gc,stats    ]       Phase: Concurrent Relocate                           5.933 / 8.459         5.933 / 8.459         5.933 / 8.459         5.933 / 8.459       ms
[10.099s][info][gc,stats    ]       Phase: Concurrent Reset Relocation Set               0.008 / 0.013         0.008 / 0.013         0.008 / 0.013         0.008 / 0.013       ms
[10.099s][info][gc,stats    ]       Phase: Concurrent Select Relocation Set              3.216 / 3.920         3.216 / 3.920         3.216 / 3.920         3.216 / 3.920       ms
[10.099s][info][gc,stats    ]       Phase: Pause Mark End                                0.012 / 0.017         0.012 / 0.017         0.012 / 0.017         0.012 / 0.017       ms
[10.099s][info][gc,stats    ]       Phase: Pause Mark Start                              0.007 / 0.011         0.007 / 0.011         0.007 / 0.011         0.007 / 0.011       ms
[10.099s][info][gc,stats    ]       Phase: Pause Relocate Start                          0.008 / 0.012         0.008 / 0.012         0.008 / 0.012         0.008 / 0.012       ms
[10.099s][info][gc,stats    ]    Subphase: Concurrent Classes Purge                      0.140 / 0.163         0.140 / 0.163         0.140 / 0.163         0.140 / 0.163       ms
[10.099s][info][gc,stats    ]    Subphase: Concurrent Classes Unlink                     2.504 / 3.170         2.504 / 3.170         2.504 / 3.170         2.504 / 3.170       ms
[10.099s][info][gc,stats    ]    Subphase: Concurrent Mark                              28.097 / 40.497       28.097 / 40.497       28.097 / 40.497       28.097 / 40.497      ms
[10.099s][info][gc,stats    ]    Subphase: Concurrent Mark Try Flush                     0.080 / 0.142         0.080 / 0.142         0.080 / 0.142         0.080 / 0.142       ms
[10.099s][info][gc,stats    ]    Subphase: Concurrent Mark Try Terminate                 2.708 / 15.078        2.708 / 15.078        2.708 / 15.078        2.708 / 15.078      ms
[10.099s][info][gc,stats    ]    Subphase: Concurrent References Enqueue                 0.006 / 0.007         0.006 / 0.007         0.006 / 0.007         0.006 / 0.007       ms
[10.099s][info][gc,stats    ]    Subphase: Concurrent References Process                 0.234 / 0.272         0.234 / 0.272         0.234 / 0.272         0.234 / 0.272       ms
[10.099s][info][gc,stats    ]    Subphase: Concurrent Roots ClassLoaderDataGraph         0.146 / 0.336         0.146 / 0.336         0.146 / 0.336         0.146 / 0.336       ms
[10.099s][info][gc,stats    ]    Subphase: Concurrent Roots CodeCache                    0.000 / 0.000         0.000 / 0.000         0.000 / 0.000         0.000 / 0.000       ms
[10.099s][info][gc,stats    ]    Subphase: Concurrent Roots JavaThreads                  0.966 / 1.453         0.966 / 1.453         0.966 / 1.453         0.966 / 1.453       ms
[10.099s][info][gc,stats    ]    Subphase: Concurrent Roots OopStorageSet                0.052 / 0.081         0.052 / 0.081         0.052 / 0.081         0.052 / 0.081       ms
[10.099s][info][gc,stats    ]    Subphase: Concurrent Weak Roots OopStorageSet           0.561 / 0.714         0.561 / 0.714         0.561 / 0.714         0.561 / 0.714       ms
[10.099s][info][gc,stats    ]    Subphase: Pause Mark Try Complete                       0.000 / 0.000         0.000 / 0.000         0.000 / 0.000         0.000 / 0.000       ms
[10.099s][info][gc,stats    ]      System: Java Threads                                     16 / 19               16 / 19               16 / 19               16 / 19          threads
[10.099s][info][gc,stats    ] =========================================================================================================================================================
[10.302s][info][gc,start    ] GC(3) Garbage Collection (Warmup)
[10.303s][info][gc,task     ] GC(3) Using 2 workers
[10.334s][info][gc,phases   ] GC(3) Pause Mark Start 0.018ms
[10.366s][info][gc,phases   ] GC(3) Concurrent Mark 31.130ms
[10.366s][info][gc,phases   ] GC(3) Pause Mark End 0.010ms
[10.366s][info][gc,phases   ] GC(3) Concurrent Mark Free 0.001ms
[10.371s][info][gc,phases   ] GC(3) Concurrent Process Non-Strong References 4.930ms
[10.371s][info][gc,phases   ] GC(3) Concurrent Reset Relocation Set 0.004ms
[10.373s][info][gc,phases   ] GC(3) Concurrent Select Relocation Set 2.352ms
[10.373s][info][gc,phases   ] GC(3) Pause Relocate Start 0.007ms
[10.378s][info][gc,phases   ] GC(3) Concurrent Relocate 4.093ms
[10.378s][info][gc,load     ] GC(3) Load: 0.00/0.00/0.00
[10.378s][info][gc,mmu      ] GC(3) MMU: 2ms/99.1%, 5ms/99.6%, 10ms/99.8%, 20ms/99.9%, 50ms/99.9%, 100ms/100.0%
[10.378s][info][gc,marking  ] GC(3) Mark: 2 stripe(s), 2 proactive flush(es), 1 terminate flush(es), 0 completion(s), 0 continuation(s) 
[10.378s][info][gc,marking  ] GC(3) Mark Stack Usage: 32M
[10.378s][info][gc,nmethod  ] GC(3) NMethods: 4831 registered, 0 unregistered
[10.378s][info][gc,metaspace] GC(3) Metaspace: 56M used, 57M committed, 1088M reserved
[10.378s][info][gc,ref      ] GC(3) Soft: 5919 encountered, 0 discovered, 0 enqueued
[10.378s][info][gc,ref      ] GC(3) Weak: 4334 encountered, 654 discovered, 579 enqueued
[10.378s][info][gc,ref      ] GC(3) Final: 1 encountered, 0 discovered, 0 enqueued
[10.378s][info][gc,ref      ] GC(3) Phantom: 1380 encountered, 1099 discovered, 627 enqueued
[10.378s][info][gc,reloc    ] GC(3) Small Pages: 121 / 242M, Empty: 104M, Relocated: 6M, In-Place: 0
[10.378s][info][gc,reloc    ] GC(3) Medium Pages: 2 / 64M, Empty: 32M, Relocated: 0M, In-Place: 0
[10.378s][info][gc,reloc    ] GC(3) Large Pages: 5 / 134M, Empty: 68M, Relocated: 0M, In-Place: 0
[10.378s][info][gc,reloc    ] GC(3) Forwarding Usage: 1M
[10.378s][info][gc,heap     ] GC(3) Min Capacity: 2048M(100%)
[10.378s][info][gc,heap     ] GC(3) Max Capacity: 2048M(100%)
[10.378s][info][gc,heap     ] GC(3) Soft Max Capacity: 2048M(100%)
[10.378s][info][gc,heap     ] GC(3)                Mark Start          Mark End        Relocate Start      Relocate End           High               Low         
[10.378s][info][gc,heap     ] GC(3)  Capacity:     2048M (100%)       2048M (100%)       2048M (100%)       2048M (100%)       2048M (100%)       2048M (100%)   
[10.378s][info][gc,heap     ] GC(3)      Free:     1608M (79%)        1606M (78%)        1810M (88%)        1908M (93%)        1908M (93%)        1606M (78%)    
[10.378s][info][gc,heap     ] GC(3)      Used:      440M (21%)         442M (22%)         238M (12%)         140M (7%)          442M (22%)         140M (7%)     
[10.378s][info][gc,heap     ] GC(3)      Live:         -               101M (5%)          101M (5%)          101M (5%)             -                  -          
[10.378s][info][gc,heap     ] GC(3) Allocated:         -                 2M (0%)            2M (0%)            3M (0%)             -                  -          
[10.378s][info][gc,heap     ] GC(3)   Garbage:         -               338M (17%)         134M (7%)           34M (2%)             -                  -          
[10.378s][info][gc,heap     ] GC(3) Reclaimed:         -                  -               204M (10%)         303M (15%)            -                  -          
[10.378s][info][gc          ] GC(3) Garbage Collection (Warmup) 440M(21%)->140M(7%)
[10.894s][info][gc,start    ] GC(4) Garbage Collection (Warmup)
[10.895s][info][gc,task     ] GC(4) Using 2 workers
[10.895s][info][gc,phases   ] GC(4) Pause Mark Start 0.030ms
[11.148s][info][gc,phases   ] GC(4) Concurrent Mark 253.150ms
[11.148s][info][gc,phases   ] GC(4) Pause Mark End 0.016ms
[11.148s][info][gc,phases   ] GC(4) Concurrent Mark Free 0.001ms
[11.153s][info][gc,phases   ] GC(4) Concurrent Process Non-Strong References 4.496ms
[11.153s][info][gc,phases   ] GC(4) Concurrent Reset Relocation Set 0.005ms
[11.174s][info][gc,phases   ] GC(4) Concurrent Select Relocation Set 20.561ms
[11.174s][info][gc,phases   ] GC(4) Pause Relocate Start 0.014ms
[11.280s][info][gc,phases   ] GC(4) Concurrent Relocate 105.871ms
[11.280s][info][gc,load     ] GC(4) Load: 0.00/0.00/0.00
[11.280s][info][gc,mmu      ] GC(4) MMU: 2ms/98.5%, 5ms/99.4%, 10ms/99.7%, 20ms/99.8%, 50ms/99.9%, 100ms/100.0%
[11.280s][info][gc,marking  ] GC(4) Mark: 2 stripe(s), 3 proactive flush(es), 1 terminate flush(es), 0 completion(s), 0 continuation(s) 
[11.280s][info][gc,marking  ] GC(4) Mark Stack Usage: 32M
[11.280s][info][gc,nmethod  ] GC(4) NMethods: 4450 registered, 844 unregistered
[11.280s][info][gc,metaspace] GC(4) Metaspace: 61M used, 62M committed, 1088M reserved
[11.280s][info][gc,ref      ] GC(4) Soft: 5965 encountered, 0 discovered, 0 enqueued
[11.280s][info][gc,ref      ] GC(4) Weak: 3815 encountered, 186 discovered, 22 enqueued
[11.280s][info][gc,ref      ] GC(4) Final: 1 encountered, 1 discovered, 0 enqueued
[11.280s][info][gc,ref      ] GC(4) Phantom: 797 encountered, 570 discovered, 0 enqueued
[11.280s][info][gc,reloc    ] GC(4) Small Pages: 217 / 434M, Empty: 0M, Relocated: 125M, In-Place: 0
[11.280s][info][gc,reloc    ] GC(4) Medium Pages: 2 / 64M, Empty: 0M, Relocated: 3M, In-Place: 0
[11.280s][info][gc,reloc    ] GC(4) Large Pages: 3 / 160M, Empty: 98M, Relocated: 0M, In-Place: 0
[11.280s][info][gc,reloc    ] GC(4) Forwarding Usage: 93M
[11.280s][info][gc,heap     ] GC(4) Min Capacity: 2048M(100%)
[11.280s][info][gc,heap     ] GC(4) Max Capacity: 2048M(100%)
[11.280s][info][gc,heap     ] GC(4) Soft Max Capacity: 2048M(100%)
[11.280s][info][gc,heap     ] GC(4)                Mark Start          Mark End        Relocate Start      Relocate End           High               Low         
[11.280s][info][gc,heap     ] GC(4)  Capacity:     2048M (100%)       2048M (100%)       2048M (100%)       2048M (100%)       2048M (100%)       2048M (100%)   
[11.280s][info][gc,heap     ] GC(4)      Free:     1390M (68%)        1002M (49%)        1064M (52%)        1258M (61%)        1390M (68%)         990M (48%)    
[11.280s][info][gc,heap     ] GC(4)      Used:      658M (32%)        1046M (51%)         984M (48%)         790M (39%)        1058M (52%)         658M (32%)    
[11.280s][info][gc,heap     ] GC(4)      Live:         -               221M (11%)         221M (11%)         221M (11%)            -                  -          
[11.280s][info][gc,heap     ] GC(4) Allocated:         -               388M (19%)         424M (21%)         535M (26%)            -                  -          
[11.280s][info][gc,heap     ] GC(4)   Garbage:         -               436M (21%)         338M (17%)          32M (2%)             -                  -          
[11.280s][info][gc,heap     ] GC(4) Reclaimed:         -                  -                98M (5%)          403M (20%)            -                  -          
[11.280s][info][gc          ] GC(4) Garbage Collection (Warmup) 658M(32%)->790M(39%)
[11.307s][info][gc,start    ] GC(5) Garbage Collection (Allocation Rate)
[11.307s][info][gc,task     ] GC(5) Using 2 workers
[11.307s][info][gc,phases   ] GC(5) Pause Mark Start 0.006ms
[11.783s][info][gc,phases   ] GC(5) Concurrent Mark 476.086ms
[11.783s][info][gc,phases   ] GC(5) Pause Mark End 0.015ms
[11.783s][info][gc,phases   ] GC(5) Concurrent Mark Free 0.001ms
[11.788s][info][gc,phases   ] GC(5) Concurrent Process Non-Strong References 4.850ms
[11.788s][info][gc,phases   ] GC(5) Concurrent Reset Relocation Set 0.029ms
[11.827s][info][gc,phases   ] GC(5) Concurrent Select Relocation Set 38.649ms
[11.827s][info][gc,phases   ] GC(5) Pause Relocate Start 0.018ms
[12.025s][info][gc,phases   ] GC(5) Concurrent Relocate 198.078ms
[12.025s][info][gc,load     ] GC(5) Load: 0.00/0.00/0.00
[12.025s][info][gc,mmu      ] GC(5) MMU: 2ms/98.5%, 5ms/99.4%, 10ms/99.7%, 20ms/99.8%, 50ms/99.9%, 100ms/100.0%
[12.025s][info][gc,marking  ] GC(5) Mark: 2 stripe(s), 2 proactive flush(es), 1 terminate flush(es), 0 completion(s), 0 continuation(s) 
[12.026s][info][gc,marking  ] GC(5) Mark Stack Usage: 32M
[12.026s][info][gc,nmethod  ] GC(5) NMethods: 4502 registered, 844 unregistered
[12.026s][info][gc,metaspace] GC(5) Metaspace: 61M used, 62M committed, 1088M reserved
[12.026s][info][gc,ref      ] GC(5) Soft: 5972 encountered, 0 discovered, 0 enqueued
[12.026s][info][gc,ref      ] GC(5) Weak: 3839 encountered, 2042 discovered, 14 enqueued
[12.026s][info][gc,ref      ] GC(5) Final: 1 encountered, 0 discovered, 0 enqueued
[12.026s][info][gc,ref      ] GC(5) Phantom: 814 encountered, 608 discovered, 62 enqueued
[12.026s][info][gc,reloc    ] GC(5) Small Pages: 362 / 724M, Empty: 0M, Relocated: 160M, In-Place: 0
[12.026s][info][gc,reloc    ] GC(5) Medium Pages: 2 / 64M, Empty: 0M, Relocated: 1M, In-Place: 0
[12.026s][info][gc,reloc    ] GC(5) Large Pages: 2 / 68M, Empty: 62M, Relocated: 0M, In-Place: 0
[12.026s][info][gc,reloc    ] GC(5) Forwarding Usage: 122M
[12.026s][info][gc,heap     ] GC(5) Min Capacity: 2048M(100%)
[12.026s][info][gc,heap     ] GC(5) Max Capacity: 2048M(100%)
[12.026s][info][gc,heap     ] GC(5) Soft Max Capacity: 2048M(100%)
[12.026s][info][gc,heap     ] GC(5)                Mark Start          Mark End        Relocate Start      Relocate End           High               Low         
[12.026s][info][gc,heap     ] GC(5)  Capacity:     2048M (100%)       2048M (100%)       2048M (100%)       2048M (100%)       2048M (100%)       2048M (100%)   
[12.026s][info][gc,heap     ] GC(5)      Free:     1192M (58%)         606M (30%)         626M (31%)         850M (42%)        1192M (58%)         592M (29%)    
[12.026s][info][gc,heap     ] GC(5)      Used:      856M (42%)        1442M (70%)        1422M (69%)        1198M (58%)        1456M (71%)         856M (42%)    
[12.026s][info][gc,heap     ] GC(5)      Live:         -               324M (16%)         324M (16%)         324M (16%)            -                  -          
[12.026s][info][gc,heap     ] GC(5) Allocated:         -               586M (29%)         628M (31%)         839M (41%)            -                  -          
[12.026s][info][gc,heap     ] GC(5)   Garbage:         -               531M (26%)         469M (23%)          34M (2%)             -                  -          
[12.026s][info][gc,heap     ] GC(5) Reclaimed:         -                  -                62M (3%)          497M (24%)            -                  -          
[12.026s][info][gc          ] GC(5) Garbage Collection (Allocation Rate) 856M(42%)->1198M(58%)
[12.100s][info][gc,start    ] GC(6) Garbage Collection (Allocation Rate)
[12.100s][info][gc,task     ] GC(6) Using 2 workers
[12.100s][info][gc,phases   ] GC(6) Pause Mark Start 0.012ms
[12.402s][info][gc,phases   ] GC(6) Concurrent Mark 301.486ms
[12.402s][info][gc,phases   ] GC(6) Pause Mark End 0.014ms
[12.402s][info][gc,phases   ] GC(6) Concurrent Mark Free 0.002ms
[12.407s][info][gc,phases   ] GC(6) Concurrent Process Non-Strong References 4.639ms
[12.407s][info][gc,phases   ] GC(6) Concurrent Reset Relocation Set 0.024ms
[12.423s][info][gc,phases   ] GC(6) Concurrent Select Relocation Set 16.380ms
[12.423s][info][gc,phases   ] GC(6) Pause Relocate Start 0.012ms
[12.603s][info][gc,phases   ] GC(6) Concurrent Relocate 179.178ms
[12.603s][info][gc,load     ] GC(6) Load: 0.00/0.00/0.00
[12.603s][info][gc,mmu      ] GC(6) MMU: 2ms/98.5%, 5ms/99.4%, 10ms/99.7%, 20ms/99.8%, 50ms/99.9%, 100ms/100.0%
[12.603s][info][gc,marking  ] GC(6) Mark: 2 stripe(s), 2 proactive flush(es), 1 terminate flush(es), 0 completion(s), 0 continuation(s) 
[12.603s][info][gc,marking  ] GC(6) Mark Stack Usage: 32M
[12.603s][info][gc,nmethod  ] GC(6) NMethods: 4524 registered, 844 unregistered
[12.603s][info][gc,metaspace] GC(6) Metaspace: 61M used, 62M committed, 1088M reserved
[12.603s][info][gc,ref      ] GC(6) Soft: 5972 encountered, 0 discovered, 0 enqueued
[12.603s][info][gc,ref      ] GC(6) Weak: 3826 encountered, 2841 discovered, 0 enqueued
[12.603s][info][gc,ref      ] GC(6) Final: 1 encountered, 0 discovered, 0 enqueued
[12.603s][info][gc,ref      ] GC(6) Phantom: 753 encountered, 529 discovered, 0 enqueued
[12.603s][info][gc,reloc    ] GC(6) Small Pages: 509 / 1018M, Empty: 0M, Relocated: 111M, In-Place: 0
[12.603s][info][gc,reloc    ] GC(6) Medium Pages: 2 / 64M, Empty: 0M, Relocated: 2M, In-Place: 0
[12.603s][info][gc,reloc    ] GC(6) Large Pages: 8 / 184M, Empty: 140M, Relocated: 0M, In-Place: 0
[12.603s][info][gc,reloc    ] GC(6) Forwarding Usage: 79M
[12.603s][info][gc,heap     ] GC(6) Min Capacity: 2048M(100%)
[12.603s][info][gc,heap     ] GC(6) Max Capacity: 2048M(100%)
[12.603s][info][gc,heap     ] GC(6) Soft Max Capacity: 2048M(100%)
[12.603s][info][gc,heap     ] GC(6)                Mark Start          Mark End        Relocate Start      Relocate End           High               Low         
[12.603s][info][gc,heap     ] GC(6)  Capacity:     2048M (100%)       2048M (100%)       2048M (100%)       2048M (100%)       2048M (100%)       2048M (100%)   
[12.603s][info][gc,heap     ] GC(6)      Free:      782M (38%)         152M (7%)          266M (13%)         718M (35%)         782M (38%)         140M (7%)     
[12.603s][info][gc,heap     ] GC(6)      Used:     1266M (62%)        1896M (93%)        1782M (87%)        1330M (65%)        1908M (93%)        1266M (62%)    
[12.603s][info][gc,heap     ] GC(6)      Live:         -               187M (9%)          187M (9%)          187M (9%)             -                  -          
[12.603s][info][gc,heap     ] GC(6) Allocated:         -               630M (31%)         656M (32%)        1109M (54%)            -                  -          
[12.603s][info][gc,heap     ] GC(6)   Garbage:         -              1078M (53%)         938M (46%)          32M (2%)             -                  -          
[12.603s][info][gc,heap     ] GC(6) Reclaimed:         -                  -               140M (7%)         1045M (51%)            -                  -          
[12.603s][info][gc          ] GC(6) Garbage Collection (Allocation Rate) 1266M(62%)->1330M(65%)
[12.607s][info][gc,start    ] GC(7) Garbage Collection (Allocation Rate)
[12.607s][info][gc,task     ] GC(7) Using 2 workers
[12.607s][info][gc,phases   ] GC(7) Pause Mark Start 0.010ms
[13.179s][info][gc,phases   ] GC(7) Concurrent Mark 571.384ms
[13.179s][info][gc,phases   ] GC(7) Pause Mark End 0.022ms
[13.179s][info][gc,phases   ] GC(7) Concurrent Mark Free 0.003ms
[13.184s][info][gc,phases   ] GC(7) Concurrent Process Non-Strong References 4.478ms
[13.184s][info][gc,phases   ] GC(7) Concurrent Reset Relocation Set 0.048ms
[13.186s][info][gc          ] Allocation Stall (main) 173.838ms
[13.224s][info][gc,phases   ] GC(7) Concurrent Select Relocation Set 40.244ms
[13.224s][info][gc,phases   ] GC(7) Pause Relocate Start 0.010ms
[13.472s][info][gc,phases   ] GC(7) Concurrent Relocate 247.779ms
[13.472s][info][gc,load     ] GC(7) Load: 0.00/0.00/0.00
[13.472s][info][gc,mmu      ] GC(7) MMU: 2ms/98.5%, 5ms/99.4%, 10ms/99.7%, 20ms/99.8%, 50ms/99.9%, 100ms/100.0%
[13.472s][info][gc,marking  ] GC(7) Mark: 2 stripe(s), 2 proactive flush(es), 1 terminate flush(es), 0 completion(s), 0 continuation(s) 
[13.473s][info][gc,marking  ] GC(7) Mark Stack Usage: 32M
[13.473s][info][gc,nmethod  ] GC(7) NMethods: 4551 registered, 844 unregistered
[13.473s][info][gc,metaspace] GC(7) Metaspace: 61M used, 62M committed, 1088M reserved
[13.473s][info][gc,ref      ] GC(7) Soft: 5972 encountered, 0 discovered, 0 enqueued
[13.473s][info][gc,ref      ] GC(7) Weak: 3826 encountered, 474 discovered, 0 enqueued
[13.473s][info][gc,ref      ] GC(7) Final: 1 encountered, 0 discovered, 0 enqueued
[13.473s][info][gc,ref      ] GC(7) Phantom: 753 encountered, 515 discovered, 0 enqueued
[13.473s][info][gc,reloc    ] GC(7) Small Pages: 610 / 1220M, Empty: 0M, Relocated: 318M, In-Place: 2
[13.473s][info][gc,reloc    ] GC(7) Medium Pages: 2 / 64M, Empty: 32M, Relocated: 0M, In-Place: 0
[13.473s][info][gc,reloc    ] GC(7) Large Pages: 4 / 60M, Empty: 6M, Relocated: 0M, In-Place: 0
[13.473s][info][gc,reloc    ] GC(7) Forwarding Usage: 135M
[13.473s][info][gc,heap     ] GC(7) Min Capacity: 2048M(100%)
[13.473s][info][gc,heap     ] GC(7) Max Capacity: 2048M(100%)
[13.473s][info][gc,heap     ] GC(7) Soft Max Capacity: 2048M(100%)
[13.473s][info][gc,heap     ] GC(7)                Mark Start          Mark End        Relocate Start      Relocate End           High               Low         
[13.473s][info][gc,heap     ] GC(7)  Capacity:     2048M (100%)       2048M (100%)       2048M (100%)       2048M (100%)       2048M (100%)       2048M (100%)   
[13.473s][info][gc,heap     ] GC(7)      Free:      704M (34%)           0M (0%)            0M (0%)          568M (28%)         704M (34%)           0M (0%)     
[13.473s][info][gc,heap     ] GC(7)      Used:     1344M (66%)        2048M (100%)       2048M (100%)       1480M (72%)        2048M (100%)       1344M (66%)    
[13.473s][info][gc,heap     ] GC(7)      Live:         -               514M (25%)         514M (25%)         514M (25%)            -                  -          
[13.473s][info][gc,heap     ] GC(7) Allocated:         -               704M (34%)         742M (36%)         931M (46%)            -                  -          
[13.473s][info][gc,heap     ] GC(7)   Garbage:         -               829M (41%)         791M (39%)          33M (2%)             -                  -          
[13.473s][info][gc,heap     ] GC(7) Reclaimed:         -                  -                38M (2%)          795M (39%)            -                  -          
[13.473s][info][gc          ] GC(7) Garbage Collection (Allocation Rate) 1344M(66%)->1480M(72%)
[13.497s][info][gc,start    ] GC(8) Garbage Collection (Allocation Stall)
[13.497s][info][gc,ref      ] GC(8) Clearing All SoftReferences
[13.497s][info][gc,task     ] GC(8) Using 2 workers
[13.497s][info][gc,phases   ] GC(8) Pause Mark Start 0.007ms
[14.067s][info][gc,phases   ] GC(8) Concurrent Mark 570.039ms
[14.068s][info][gc,phases   ] GC(8) Pause Mark End 0.013ms
[14.068s][info][gc,phases   ] GC(8) Concurrent Mark Free 0.001ms
[14.081s][info][gc,phases   ] GC(8) Concurrent Process Non-Strong References 13.489ms
[14.081s][info][gc,phases   ] GC(8) Concurrent Reset Relocation Set 0.051ms
[14.099s][info][gc,phases   ] GC(8) Concurrent Select Relocation Set 17.287ms
[14.099s][info][gc,phases   ] GC(8) Pause Relocate Start 0.010ms
[14.249s][info][gc,phases   ] GC(8) Concurrent Relocate 150.574ms
[14.250s][info][gc,load     ] GC(8) Load: 0.00/0.00/0.00
[14.250s][info][gc,mmu      ] GC(8) MMU: 2ms/98.5%, 5ms/99.4%, 10ms/99.7%, 20ms/99.8%, 50ms/99.9%, 100ms/100.0%
[14.250s][info][gc,marking  ] GC(8) Mark: 2 stripe(s), 2 proactive flush(es), 1 terminate flush(es), 0 completion(s), 0 continuation(s) 
[14.250s][info][gc,marking  ] GC(8) Mark Stack Usage: 32M
[14.250s][info][gc,nmethod  ] GC(8) NMethods: 4949 registered, 0 unregistered
[14.250s][info][gc,metaspace] GC(8) Metaspace: 61M used, 62M committed, 1088M reserved
[14.250s][info][gc,ref      ] GC(8) Soft: 5816 encountered, 5584 discovered, 3393 enqueued
[14.250s][info][gc,ref      ] GC(8) Weak: 3836 encountered, 1760 discovered, 20 enqueued
[14.250s][info][gc,ref      ] GC(8) Final: 1 encountered, 0 discovered, 0 enqueued
[14.250s][info][gc,ref      ] GC(8) Phantom: 757 encountered, 360 discovered, 5 enqueued
[14.250s][info][gc,reloc    ] GC(8) Small Pages: 695 / 1390M, Empty: 0M, Relocated: 160M, In-Place: 0
[14.250s][info][gc,reloc    ] GC(8) Medium Pages: 2 / 64M, Empty: 32M, Relocated: 0M, In-Place: 0
[14.250s][info][gc,reloc    ] GC(8) Large Pages: 4 / 60M, Empty: 38M, Relocated: 0M, In-Place: 0
[14.250s][info][gc,reloc    ] GC(8) Forwarding Usage: 83M
[14.250s][info][gc,heap     ] GC(8) Min Capacity: 2048M(100%)
[14.250s][info][gc,heap     ] GC(8) Max Capacity: 2048M(100%)
[14.250s][info][gc,heap     ] GC(8) Soft Max Capacity: 2048M(100%)
[14.250s][info][gc,heap     ] GC(8)                Mark Start          Mark End        Relocate Start      Relocate End           High               Low         
[14.250s][info][gc,heap     ] GC(8)  Capacity:     2048M (100%)       2048M (100%)       2048M (100%)       2048M (100%)       2048M (100%)       2048M (100%)   
[14.250s][info][gc,heap     ] GC(8)      Free:      534M (26%)          42M (2%)          100M (5%)          836M (41%)         836M (41%)          30M (1%)     
[14.250s][info][gc,heap     ] GC(8)      Used:     1514M (74%)        2006M (98%)        1948M (95%)        1212M (59%)        2018M (99%)        1212M (59%)    
[14.250s][info][gc,heap     ] GC(8)      Live:         -               592M (29%)         592M (29%)         592M (29%)            -                  -          
[14.250s][info][gc,heap     ] GC(8) Allocated:         -               492M (24%)         504M (25%)         581M (28%)            -                  -          
[14.250s][info][gc,heap     ] GC(8)   Garbage:         -               921M (45%)         851M (42%)          37M (2%)             -                  -          
[14.250s][info][gc,heap     ] GC(8) Reclaimed:         -                  -                70M (3%)          883M (43%)            -                  -          
[14.250s][info][gc          ] GC(8) Garbage Collection (Allocation Stall) 1514M(74%)->1212M(59%)
[14.304s][info][gc,start    ] GC(9) Garbage Collection (Allocation Rate)
[14.304s][info][gc,task     ] GC(9) Using 2 workers
[14.305s][info][gc,phases   ] GC(9) Pause Mark Start 0.011ms
[14.574s][info][gc,phases   ] GC(9) Concurrent Mark 269.103ms
[14.574s][info][gc,phases   ] GC(9) Pause Mark End 0.017ms
[14.574s][info][gc,phases   ] GC(9) Concurrent Mark Free 0.002ms
[14.579s][info][gc,phases   ] GC(9) Concurrent Process Non-Strong References 4.879ms
[14.579s][info][gc,phases   ] GC(9) Concurrent Reset Relocation Set 0.041ms
[14.611s][info][gc,phases   ] GC(9) Concurrent Select Relocation Set 31.351ms
[14.611s][info][gc,phases   ] GC(9) Pause Relocate Start 0.010ms
[14.766s][info][gc,phases   ] GC(9) Concurrent Relocate 155.046ms
[14.766s][info][gc,load     ] GC(9) Load: 0.00/0.00/0.00
[14.766s][info][gc,mmu      ] GC(9) MMU: 2ms/98.5%, 5ms/99.4%, 10ms/99.7%, 20ms/99.8%, 50ms/99.9%, 100ms/100.0%
[14.766s][info][gc,marking  ] GC(9) Mark: 2 stripe(s), 2 proactive flush(es), 1 terminate flush(es), 0 completion(s), 0 continuation(s) 
[14.766s][info][gc,marking  ] GC(9) Mark Stack Usage: 32M
[14.766s][info][gc,nmethod  ] GC(9) NMethods: 5037 registered, 0 unregistered
[14.766s][info][gc,metaspace] GC(9) Metaspace: 61M used, 62M committed, 1088M reserved
[14.766s][info][gc,ref      ] GC(9) Soft: 2440 encountered, 0 discovered, 0 enqueued
[14.766s][info][gc,ref      ] GC(9) Weak: 3854 encountered, 98 discovered, 13 enqueued
[14.766s][info][gc,ref      ] GC(9) Final: 1 encountered, 1 discovered, 0 enqueued
[14.766s][info][gc,ref      ] GC(9) Phantom: 755 encountered, 475 discovered, 0 enqueued
[14.766s][info][gc,reloc    ] GC(9) Small Pages: 579 / 1158M, Empty: 0M, Relocated: 176M, In-Place: 0
[14.766s][info][gc,reloc    ] GC(9) Medium Pages: 2 / 64M, Empty: 0M, Relocated: 18M, In-Place: 0
[14.766s][info][gc,reloc    ] GC(9) Large Pages: 4 / 32M, Empty: 16M, Relocated: 0M, In-Place: 0
[14.766s][info][gc,reloc    ] GC(9) Forwarding Usage: 90M
[14.766s][info][gc,heap     ] GC(9) Min Capacity: 2048M(100%)
[14.766s][info][gc,heap     ] GC(9) Max Capacity: 2048M(100%)
[14.766s][info][gc,heap     ] GC(9) Soft Max Capacity: 2048M(100%)
[14.766s][info][gc,heap     ] GC(9)                Mark Start          Mark End        Relocate Start      Relocate End           High               Low         
[14.766s][info][gc,heap     ] GC(9)  Capacity:     2048M (100%)       2048M (100%)       2048M (100%)       2048M (100%)       2048M (100%)       2048M (100%)   
[14.766s][info][gc,heap     ] GC(9)      Free:      794M (39%)         460M (22%)         470M (23%)        1138M (56%)        1172M (57%)         438M (21%)    
[14.766s][info][gc,heap     ] GC(9)      Used:     1254M (61%)        1588M (78%)        1578M (77%)         910M (44%)        1610M (79%)         876M (43%)    
[14.766s][info][gc,heap     ] GC(9)      Live:         -               336M (16%)         336M (16%)         336M (16%)            -                  -          
[14.766s][info][gc,heap     ] GC(9) Allocated:         -               334M (16%)         340M (17%)         551M (27%)            -                  -          
[14.766s][info][gc,heap     ] GC(9)   Garbage:         -               917M (45%)         901M (44%)          21M (1%)             -                  -          
[14.766s][info][gc,heap     ] GC(9) Reclaimed:         -                  -                16M (1%)          895M (44%)            -                  -          
[14.766s][info][gc          ] GC(9) Garbage Collection (Allocation Rate) 1254M(61%)->910M(44%)
[14.796s][info][gc,start    ] GC(10) Garbage Collection (Allocation Rate)
[14.796s][info][gc,task     ] GC(10) Using 2 workers
[14.796s][info][gc,phases   ] GC(10) Pause Mark Start 0.013ms
[15.225s][info][gc,phases   ] GC(10) Concurrent Mark 427.979ms
[15.225s][info][gc,phases   ] GC(10) Pause Mark End 0.012ms
[15.225s][info][gc,phases   ] GC(10) Concurrent Mark Free 0.001ms
[15.230s][info][gc,phases   ] GC(10) Concurrent Process Non-Strong References 5.101ms
[15.230s][info][gc,phases   ] GC(10) Concurrent Reset Relocation Set 0.043ms
[15.269s][info][gc,phases   ] GC(10) Concurrent Select Relocation Set 38.888ms
[15.269s][info][gc,phases   ] GC(10) Pause Relocate Start 0.008ms
[15.398s][info][gc,phases   ] GC(10) Concurrent Relocate 128.574ms
[15.398s][info][gc,load     ] GC(10) Load: 0.00/0.00/0.00
[15.398s][info][gc,mmu      ] GC(10) MMU: 2ms/98.5%, 5ms/99.4%, 10ms/99.7%, 20ms/99.8%, 50ms/99.9%, 100ms/100.0%
[15.398s][info][gc,marking  ] GC(10) Mark: 2 stripe(s), 2 proactive flush(es), 1 terminate flush(es), 0 completion(s), 0 continuation(s) 
[15.398s][info][gc,marking  ] GC(10) Mark Stack Usage: 32M
[15.398s][info][gc,nmethod  ] GC(10) NMethods: 5358 registered, 3 unregistered
[15.398s][info][gc,metaspace] GC(10) Metaspace: 61M used, 62M committed, 1088M reserved
[15.398s][info][gc,ref      ] GC(10) Soft: 2440 encountered, 0 discovered, 0 enqueued
[15.398s][info][gc,ref      ] GC(10) Weak: 3841 encountered, 105 discovered, 0 enqueued
[15.398s][info][gc,ref      ] GC(10) Final: 1 encountered, 0 discovered, 0 enqueued
[15.398s][info][gc,ref      ] GC(10) Phantom: 755 encountered, 567 discovered, 3 enqueued
[15.398s][info][gc,reloc    ] GC(10) Small Pages: 378 / 756M, Empty: 0M, Relocated: 229M, In-Place: 0
[15.398s][info][gc,reloc    ] GC(10) Medium Pages: 2 / 64M, Empty: 0M, Relocated: 2M, In-Place: 0
[15.398s][info][gc,reloc    ] GC(10) Large Pages: 18 / 132M, Empty: 30M, Relocated: 0M, In-Place: 0
[15.398s][info][gc,reloc    ] GC(10) Forwarding Usage: 109M
[15.398s][info][gc,heap     ] GC(10) Min Capacity: 2048M(100%)
[15.398s][info][gc,heap     ] GC(10) Max Capacity: 2048M(100%)
[15.398s][info][gc,heap     ] GC(10) Soft Max Capacity: 2048M(100%)
[15.398s][info][gc,heap     ] GC(10)                Mark Start          Mark End        Relocate Start      Relocate End           High               Low         
[15.398s][info][gc,heap     ] GC(10)  Capacity:     2048M (100%)       2048M (100%)       2048M (100%)       2048M (100%)       2048M (100%)       2048M (100%)   
[15.398s][info][gc,heap     ] GC(10)      Free:     1096M (54%)         700M (34%)         688M (34%)         832M (41%)        1096M (54%)         656M (32%)    
[15.398s][info][gc,heap     ] GC(10)      Used:      952M (46%)        1348M (66%)        1360M (66%)        1216M (59%)        1392M (68%)         952M (46%)    
[15.398s][info][gc,heap     ] GC(10)      Live:         -               634M (31%)         634M (31%)         634M (31%)            -                  -          
[15.398s][info][gc,heap     ] GC(10) Allocated:         -               396M (19%)         438M (21%)         541M (26%)            -                  -          
[15.398s][info][gc,heap     ] GC(10)   Garbage:         -               317M (15%)         287M (14%)          39M (2%)             -                  -          
[15.398s][info][gc,heap     ] GC(10) Reclaimed:         -                  -                30M (1%)          277M (14%)            -                  -          
[15.398s][info][gc          ] GC(10) Garbage Collection (Allocation Rate) 952M(46%)->1216M(59%)
[15.400s][info][gc,start    ] GC(11) Garbage Collection (Allocation Rate)
[15.400s][info][gc,task     ] GC(11) Using 2 workers
[15.400s][info][gc,phases   ] GC(11) Pause Mark Start 0.005ms
[15.986s][info][gc,phases   ] GC(11) Concurrent Mark 586.458ms
[15.986s][info][gc,phases   ] GC(11) Pause Mark End 0.016ms
[15.987s][info][gc,phases   ] GC(11) Concurrent Mark Free 0.001ms
[15.992s][info][gc,phases   ] GC(11) Concurrent Process Non-Strong References 5.306ms
[15.992s][info][gc,phases   ] GC(11) Concurrent Reset Relocation Set 0.023ms
[16.005s][info][gc,phases   ] GC(11) Concurrent Select Relocation Set 12.703ms
[16.006s][info][gc,phases   ] GC(11) Pause Relocate Start 0.011ms
[16.128s][info][gc,phases   ] GC(11) Concurrent Relocate 121.786ms
[16.128s][info][gc,load     ] GC(11) Load: 0.00/0.00/0.00
[16.128s][info][gc,mmu      ] GC(11) MMU: 2ms/98.5%, 5ms/99.4%, 10ms/99.7%, 20ms/99.8%, 50ms/99.9%, 100ms/100.0%
[16.128s][info][gc,marking  ] GC(11) Mark: 2 stripe(s), 2 proactive flush(es), 1 terminate flush(es), 0 completion(s), 0 continuation(s) 
[16.128s][info][gc,marking  ] GC(11) Mark Stack Usage: 32M
[16.128s][info][gc,nmethod  ] GC(11) NMethods: 5505 registered, 3 unregistered
[16.128s][info][gc,metaspace] GC(11) Metaspace: 61M used, 62M committed, 1088M reserved
[16.128s][info][gc,ref      ] GC(11) Soft: 2440 encountered, 0 discovered, 0 enqueued
[16.128s][info][gc,ref      ] GC(11) Weak: 3841 encountered, 69 discovered, 0 enqueued
[16.128s][info][gc,ref      ] GC(11) Final: 1 encountered, 0 discovered, 0 enqueued
[16.128s][info][gc,ref      ] GC(11) Phantom: 752 encountered, 536 discovered, 0 enqueued
[16.128s][info][gc,reloc    ] GC(11) Small Pages: 494 / 988M, Empty: 0M, Relocated: 208M, In-Place: 0
[16.128s][info][gc,reloc    ] GC(11) Medium Pages: 2 / 64M, Empty: 0M, Relocated: 3M, In-Place: 0
[16.128s][info][gc,reloc    ] GC(11) Large Pages: 21 / 166M, Empty: 24M, Relocated: 0M, In-Place: 0
[16.128s][info][gc,reloc    ] GC(11) Forwarding Usage: 86M
[16.128s][info][gc,heap     ] GC(11) Min Capacity: 2048M(100%)
[16.128s][info][gc,heap     ] GC(11) Max Capacity: 2048M(100%)
[16.128s][info][gc,heap     ] GC(11) Soft Max Capacity: 2048M(100%)
[16.128s][info][gc,heap     ] GC(11)                Mark Start          Mark End        Relocate Start      Relocate End           High               Low         
[16.128s][info][gc,heap     ] GC(11)  Capacity:     2048M (100%)       2048M (100%)       2048M (100%)       2048M (100%)       2048M (100%)       2048M (100%)   
[16.128s][info][gc,heap     ] GC(11)      Free:      830M (41%)         380M (19%)         404M (20%)         580M (28%)         830M (41%)         372M (18%)    
[16.128s][info][gc,heap     ] GC(11)      Used:     1218M (59%)        1668M (81%)        1644M (80%)        1468M (72%)        1676M (82%)        1218M (59%)    
[16.128s][info][gc,heap     ] GC(11)      Live:         -               964M (47%)         964M (47%)         964M (47%)            -                  -          
[16.128s][info][gc,heap     ] GC(11) Allocated:         -               450M (22%)         450M (22%)         452M (22%)            -                  -          
[16.128s][info][gc,heap     ] GC(11)   Garbage:         -               253M (12%)         229M (11%)          50M (2%)             -                  -          
[16.128s][info][gc,heap     ] GC(11) Reclaimed:         -                  -                24M (1%)          202M (10%)            -                  -          
[16.128s][info][gc          ] GC(11) Garbage Collection (Allocation Rate) 1218M(59%)->1468M(72%)
[16.207s][info][gc,start    ] GC(12) Garbage Collection (Allocation Rate)
[16.207s][info][gc,task     ] GC(12) Using 2 workers
[16.208s][info][gc,phases   ] GC(12) Pause Mark Start 0.009ms
[16.920s][info][gc,phases   ] GC(12) Concurrent Mark 712.293ms
[16.920s][info][gc,phases   ] GC(12) Pause Mark End 0.013ms
[16.920s][info][gc,phases   ] GC(12) Concurrent Mark Free 0.001ms
[16.926s][info][gc,phases   ] GC(12) Concurrent Process Non-Strong References 5.328ms
[16.926s][info][gc,phases   ] GC(12) Concurrent Reset Relocation Set 0.019ms
[16.936s][info][gc,phases   ] GC(12) Concurrent Select Relocation Set 10.074ms
[16.936s][info][gc,phases   ] GC(12) Pause Relocate Start 0.010ms
[17.045s][info][gc,phases   ] GC(12) Concurrent Relocate 109.193ms
[17.045s][info][gc,load     ] GC(12) Load: 0.00/0.00/0.00
[17.045s][info][gc,mmu      ] GC(12) MMU: 2ms/98.5%, 5ms/99.4%, 10ms/99.7%, 20ms/99.8%, 50ms/99.9%, 100ms/100.0%
[17.045s][info][gc,marking  ] GC(12) Mark: 2 stripe(s), 2 proactive flush(es), 1 terminate flush(es), 0 completion(s), 0 continuation(s) 
[17.045s][info][gc,marking  ] GC(12) Mark Stack Usage: 32M
[17.045s][info][gc,nmethod  ] GC(12) NMethods: 5766 registered, 0 unregistered
[17.045s][info][gc,metaspace] GC(12) Metaspace: 61M used, 62M committed, 1088M reserved
[17.045s][info][gc,ref      ] GC(12) Soft: 2440 encountered, 0 discovered, 0 enqueued
[17.045s][info][gc,ref      ] GC(12) Weak: 3841 encountered, 84 discovered, 0 enqueued
[17.045s][info][gc,ref      ] GC(12) Final: 1 encountered, 1 discovered, 0 enqueued
[17.045s][info][gc,ref      ] GC(12) Phantom: 752 encountered, 524 discovered, 0 enqueued
[17.045s][info][gc,reloc    ] GC(12) Small Pages: 602 / 1204M, Empty: 0M, Relocated: 187M, In-Place: 0
[17.045s][info][gc,reloc    ] GC(12) Medium Pages: 2 / 64M, Empty: 32M, Relocated: 0M, In-Place: 0
[17.045s][info][gc,reloc    ] GC(12) Large Pages: 22 / 200M, Empty: 88M, Relocated: 0M, In-Place: 0
[17.045s][info][gc,reloc    ] GC(12) Forwarding Usage: 79M
[17.045s][info][gc,heap     ] GC(12) Min Capacity: 2048M(100%)
[17.046s][info][gc,heap     ] GC(12) Max Capacity: 2048M(100%)
[17.046s][info][gc,heap     ] GC(12) Soft Max Capacity: 2048M(100%)
[17.046s][info][gc,heap     ] GC(12)                Mark Start          Mark End        Relocate Start      Relocate End           High               Low         
[17.046s][info][gc,heap     ] GC(12)  Capacity:     2048M (100%)       2048M (100%)       2048M (100%)       2048M (100%)       2048M (100%)       2048M (100%)   
[17.046s][info][gc,heap     ] GC(12)      Free:      580M (28%)          80M (4%)          188M (9%)          250M (12%)         580M (28%)          74M (4%)     
[17.046s][info][gc,heap     ] GC(12)      Used:     1468M (72%)        1968M (96%)        1860M (91%)        1798M (88%)        1974M (96%)        1468M (72%)    
[17.046s][info][gc,heap     ] GC(12)      Live:         -              1131M (55%)        1131M (55%)        1131M (55%)            -                  -          
[17.046s][info][gc,heap     ] GC(12) Allocated:         -               500M (24%)         512M (25%)         589M (29%)            -                  -          
[17.046s][info][gc,heap     ] GC(12)   Garbage:         -               336M (16%)         216M (11%)          77M (4%)             -                  -          
[17.046s][info][gc,heap     ] GC(12) Reclaimed:         -                  -               120M (6%)          259M (13%)            -                  -          
[17.046s][info][gc          ] GC(12) Garbage Collection (Allocation Rate) 1468M(72%)->1798M(88%)
[17.094s][info][gc,start    ] GC(13) Garbage Collection (Allocation Rate)
[17.094s][info][gc,task     ] GC(13) Using 2 workers
[17.094s][info][gc,phases   ] GC(13) Pause Mark Start 0.006ms
[17.885s][info][gc,phases   ] GC(13) Concurrent Mark 791.032ms
[17.885s][info][gc,phases   ] GC(13) Pause Mark End 0.021ms
[17.886s][info][gc,phases   ] GC(13) Concurrent Mark Free 0.002ms
[17.891s][info][gc,phases   ] GC(13) Concurrent Process Non-Strong References 5.445ms
[17.891s][info][gc,phases   ] GC(13) Concurrent Reset Relocation Set 0.027ms
[17.892s][info][gc          ] Allocation Stall (main) 417.938ms
[17.900s][info][gc,phases   ] GC(13) Concurrent Select Relocation Set 8.731ms
[17.900s][info][gc,phases   ] GC(13) Pause Relocate Start 0.009ms
[18.000s][info][gc,phases   ] GC(13) Concurrent Relocate 99.983ms
[18.000s][info][gc,load     ] GC(13) Load: 0.00/0.00/0.00
[18.000s][info][gc,mmu      ] GC(13) MMU: 2ms/98.5%, 5ms/99.4%, 10ms/99.7%, 20ms/99.8%, 50ms/99.9%, 100ms/100.0%
[18.000s][info][gc,marking  ] GC(13) Mark: 2 stripe(s), 2 proactive flush(es), 1 terminate flush(es), 0 completion(s), 0 continuation(s) 
[18.000s][info][gc,marking  ] GC(13) Mark Stack Usage: 32M
[18.000s][info][gc,nmethod  ] GC(13) NMethods: 5987 registered, 0 unregistered
[18.000s][info][gc,metaspace] GC(13) Metaspace: 61M used, 62M committed, 1088M reserved
[18.000s][info][gc,ref      ] GC(13) Soft: 2440 encountered, 0 discovered, 0 enqueued
[18.000s][info][gc,ref      ] GC(13) Weak: 3841 encountered, 71 discovered, 0 enqueued
[18.000s][info][gc,ref      ] GC(13) Final: 1 encountered, 1 discovered, 0 enqueued
[18.000s][info][gc,ref      ] GC(13) Phantom: 752 encountered, 669 discovered, 0 enqueued
[18.000s][info][gc,reloc    ] GC(13) Small Pages: 765 / 1530M, Empty: 0M, Relocated: 94M, In-Place: 0
[18.000s][info][gc,reloc    ] GC(13) Medium Pages: 3 / 96M, Empty: 32M, Relocated: 6M, In-Place: 0
[18.000s][info][gc,reloc    ] GC(13) Large Pages: 23 / 178M, Empty: 26M, Relocated: 0M, In-Place: 0
[18.000s][info][gc,reloc    ] GC(13) Forwarding Usage: 49M
[18.000s][info][gc,heap     ] GC(13) Min Capacity: 2048M(100%)
[18.000s][info][gc,heap     ] GC(13) Max Capacity: 2048M(100%)
[18.000s][info][gc,heap     ] GC(13) Soft Max Capacity: 2048M(100%)
[18.000s][info][gc,heap     ] GC(13)                Mark Start          Mark End        Relocate Start      Relocate End           High               Low         
[18.000s][info][gc,heap     ] GC(13)  Capacity:     2048M (100%)       2048M (100%)       2048M (100%)       2048M (100%)       2048M (100%)       2048M (100%)   
[18.000s][info][gc,heap     ] GC(13)      Free:      244M (12%)           0M (0%)           52M (3%)          350M (17%)         352M (17%)           0M (0%)     
[18.000s][info][gc,heap     ] GC(13)      Used:     1804M (88%)        2048M (100%)       1996M (97%)        1698M (83%)        2048M (100%)       1696M (83%)    
[18.000s][info][gc,heap     ] GC(13)      Live:         -              1261M (62%)        1261M (62%)        1261M (62%)            -                  -          
[18.000s][info][gc,heap     ] GC(13) Allocated:         -               244M (12%)         250M (12%)         364M (18%)            -                  -          
[18.000s][info][gc,heap     ] GC(13)   Garbage:         -               542M (26%)         484M (24%)          71M (4%)             -                  -          
[18.000s][info][gc,heap     ] GC(13) Reclaimed:         -                  -                58M (3%)          470M (23%)            -                  -          
[18.000s][info][gc          ] GC(13) Garbage Collection (Allocation Rate) 1804M(88%)->1698M(83%)
[18.107s][info][gc,start    ] GC(14) Garbage Collection (Allocation Stall)
[18.107s][info][gc,ref      ] GC(14) Clearing All SoftReferences
[18.107s][info][gc,task     ] GC(14) Using 2 workers
[18.107s][info][gc,phases   ] GC(14) Pause Mark Start 0.008ms
[18.835s][info][gc,phases   ] GC(14) Concurrent Mark 727.902ms
[18.835s][info][gc,phases   ] GC(14) Pause Mark End 0.015ms
[18.835s][info][gc,phases   ] GC(14) Concurrent Mark Free 0.001ms
[18.840s][info][gc,phases   ] GC(14) Concurrent Process Non-Strong References 4.874ms
[18.840s][info][gc,phases   ] GC(14) Concurrent Reset Relocation Set 0.025ms
[18.847s][info][gc,phases   ] GC(14) Concurrent Select Relocation Set 6.433ms
[18.847s][info][gc,phases   ] GC(14) Pause Relocate Start 0.011ms
[18.865s][info][gc,phases   ] GC(14) Concurrent Relocate 17.934ms
[18.865s][info][gc,load     ] GC(14) Load: 0.00/0.00/0.00
[18.865s][info][gc,mmu      ] GC(14) MMU: 2ms/98.5%, 5ms/99.4%, 10ms/99.7%, 20ms/99.8%, 50ms/99.9%, 100ms/100.0%
[18.865s][info][gc,marking  ] GC(14) Mark: 2 stripe(s), 2 proactive flush(es), 1 terminate flush(es), 0 completion(s), 0 continuation(s) 
[18.865s][info][gc,marking  ] GC(14) Mark Stack Usage: 32M
[18.865s][info][gc,nmethod  ] GC(14) NMethods: 5653 registered, 827 unregistered
[18.865s][info][gc,metaspace] GC(14) Metaspace: 62M used, 62M committed, 1088M reserved
[18.865s][info][gc,ref      ] GC(14) Soft: 2430 encountered, 258 discovered, 4 enqueued
[18.865s][info][gc,ref      ] GC(14) Weak: 3841 encountered, 95 discovered, 3 enqueued
[18.865s][info][gc,ref      ] GC(14) Final: 1 encountered, 1 discovered, 0 enqueued
[18.865s][info][gc,ref      ] GC(14) Phantom: 752 encountered, 517 discovered, 0 enqueued
[18.865s][info][gc,reloc    ] GC(14) Small Pages: 761 / 1522M, Empty: 202M, Relocated: 13M, In-Place: 0
[18.865s][info][gc,reloc    ] GC(14) Medium Pages: 2 / 64M, Empty: 0M, Relocated: 9M, In-Place: 0
[18.865s][info][gc,reloc    ] GC(14) Large Pages: 19 / 152M, Empty: 16M, Relocated: 0M, In-Place: 0
[18.865s][info][gc,reloc    ] GC(14) Forwarding Usage: 7M
[18.865s][info][gc,heap     ] GC(14) Min Capacity: 2048M(100%)
[18.865s][info][gc,heap     ] GC(14) Max Capacity: 2048M(100%)
[18.865s][info][gc,heap     ] GC(14) Soft Max Capacity: 2048M(100%)
[18.865s][info][gc,heap     ] GC(14)                Mark Start          Mark End        Relocate Start      Relocate End           High               Low         
[18.865s][info][gc,heap     ] GC(14)  Capacity:     2048M (100%)       2048M (100%)       2048M (100%)       2048M (100%)       2048M (100%)       2048M (100%)   
[18.865s][info][gc,heap     ] GC(14)      Free:      310M (15%)         100M (5%)          312M (15%)         500M (24%)         500M (24%)          96M (5%)     
[18.866s][info][gc,heap     ] GC(14)      Used:     1738M (85%)        1948M (95%)        1736M (85%)        1548M (76%)        1952M (95%)        1548M (76%)    
[18.866s][info][gc,heap     ] GC(14)      Live:         -              1259M (61%)        1259M (61%)        1259M (61%)            -                  -          
[18.866s][info][gc,heap     ] GC(14) Allocated:         -               210M (10%)         216M (11%)         219M (11%)            -                  -          
[18.866s][info][gc,heap     ] GC(14)   Garbage:         -               478M (23%)         260M (13%)          68M (3%)             -                  -          
[18.866s][info][gc,heap     ] GC(14) Reclaimed:         -                  -               218M (11%)         409M (20%)            -                  -          
[18.866s][info][gc          ] GC(14) Garbage Collection (Allocation Stall) 1738M(85%)->1548M(76%)
[18.899s][info][gc,start    ] GC(15) Garbage Collection (Allocation Rate)
[18.899s][info][gc,task     ] GC(15) Using 2 workers
[18.899s][info][gc,phases   ] GC(15) Pause Mark Start 0.005ms
[19.130s][info][gc,phases   ] GC(15) Concurrent Mark 230.466ms
[19.130s][info][gc,phases   ] GC(15) Pause Mark End 0.016ms
[19.130s][info][gc,phases   ] GC(15) Concurrent Mark Free 0.001ms
[19.142s][info][gc,phases   ] GC(15) Concurrent Process Non-Strong References 12.135ms
[19.142s][info][gc,phases   ] GC(15) Concurrent Reset Relocation Set 0.014ms
[19.158s][info][gc,phases   ] GC(15) Concurrent Select Relocation Set 15.961ms
[19.158s][info][gc,phases   ] GC(15) Pause Relocate Start 0.008ms
[19.251s][info][gc,phases   ] GC(15) Concurrent Relocate 92.224ms
[19.251s][info][gc,load     ] GC(15) Load: 0.00/0.00/0.00
[19.251s][info][gc,mmu      ] GC(15) MMU: 2ms/98.5%, 5ms/99.4%, 10ms/99.7%, 20ms/99.8%, 50ms/99.9%, 100ms/100.0%
[19.251s][info][gc,marking  ] GC(15) Mark: 2 stripe(s), 2 proactive flush(es), 1 terminate flush(es), 0 completion(s), 0 continuation(s) 
[19.251s][info][gc,marking  ] GC(15) Mark Stack Usage: 32M
[19.251s][info][gc,nmethod  ] GC(15) NMethods: 5714 registered, 827 unregistered
[19.251s][info][gc,metaspace] GC(15) Metaspace: 62M used, 62M committed, 1088M reserved
[19.251s][info][gc,ref      ] GC(15) Soft: 2428 encountered, 0 discovered, 0 enqueued
[19.251s][info][gc,ref      ] GC(15) Weak: 3844 encountered, 101 discovered, 2 enqueued
[19.251s][info][gc,ref      ] GC(15) Final: 1 encountered, 0 discovered, 0 enqueued
[19.251s][info][gc,ref      ] GC(15) Phantom: 753 encountered, 580 discovered, 1 enqueued
[19.251s][info][gc,reloc    ] GC(15) Small Pages: 689 / 1378M, Empty: 476M, Relocated: 138M, In-Place: 0
[19.251s][info][gc,reloc    ] GC(15) Medium Pages: 2 / 64M, Empty: 0M, Relocated: 15M, In-Place: 0
[19.251s][info][gc,reloc    ] GC(15) Large Pages: 17 / 136M, Empty: 96M, Relocated: 0M, In-Place: 0
[19.251s][info][gc,reloc    ] GC(15) Forwarding Usage: 63M
[19.251s][info][gc,heap     ] GC(15) Min Capacity: 2048M(100%)
[19.251s][info][gc,heap     ] GC(15) Max Capacity: 2048M(100%)
[19.251s][info][gc,heap     ] GC(15) Soft Max Capacity: 2048M(100%)
[19.251s][info][gc,heap     ] GC(15)                Mark Start          Mark End        Relocate Start      Relocate End           High               Low         
[19.251s][info][gc,heap     ] GC(15)  Capacity:     2048M (100%)       2048M (100%)       2048M (100%)       2048M (100%)       2048M (100%)       2048M (100%)   
[19.251s][info][gc,heap     ] GC(15)      Free:      470M (23%)         252M (12%)         756M (37%)        1284M (63%)        1284M (63%)         234M (11%)    
[19.251s][info][gc,heap     ] GC(15)      Used:     1578M (77%)        1796M (88%)        1292M (63%)         764M (37%)        1814M (89%)         764M (37%)    
[19.251s][info][gc,heap     ] GC(15)      Live:         -               386M (19%)         386M (19%)         386M (19%)            -                  -          
[19.251s][info][gc,heap     ] GC(15) Allocated:         -               218M (11%)         286M (14%)         341M (17%)            -                  -          
[19.251s][info][gc,heap     ] GC(15)   Garbage:         -              1191M (58%)         619M (30%)          36M (2%)             -                  -          
[19.251s][info][gc,heap     ] GC(15) Reclaimed:         -                  -               572M (28%)        1155M (56%)            -                  -          
[19.251s][info][gc          ] GC(15) Garbage Collection (Allocation Rate) 1578M(77%)->764M(37%)
[19.304s][info][gc,start    ] GC(16) Garbage Collection (Allocation Rate)
[19.304s][info][gc,task     ] GC(16) Using 2 workers
[19.305s][info][gc,phases   ] GC(16) Pause Mark Start 0.008ms
[19.765s][info][gc,phases   ] GC(16) Concurrent Mark 459.849ms
[19.765s][info][gc,phases   ] GC(16) Pause Mark End 0.011ms
[19.765s][info][gc,phases   ] GC(16) Concurrent Mark Free 0.002ms
[19.771s][info][gc,phases   ] GC(16) Concurrent Process Non-Strong References 5.972ms
[19.771s][info][gc,phases   ] GC(16) Concurrent Reset Relocation Set 0.030ms
[19.779s][info][gc,phases   ] GC(16) Concurrent Select Relocation Set 8.513ms
[19.780s][info][gc,phases   ] GC(16) Pause Relocate Start 0.009ms
[19.845s][info][gc,phases   ] GC(16) Concurrent Relocate 64.904ms
[19.845s][info][gc,load     ] GC(16) Load: 0.00/0.00/0.00
[19.845s][info][gc,mmu      ] GC(16) MMU: 2ms/98.5%, 5ms/99.4%, 10ms/99.7%, 20ms/99.8%, 50ms/99.9%, 100ms/100.0%
[19.845s][info][gc,marking  ] GC(16) Mark: 2 stripe(s), 2 proactive flush(es), 1 terminate flush(es), 0 completion(s), 0 continuation(s) 
[19.845s][info][gc,marking  ] GC(16) Mark Stack Usage: 32M
[19.845s][info][gc,nmethod  ] GC(16) NMethods: 5749 registered, 827 unregistered
[19.845s][info][gc,metaspace] GC(16) Metaspace: 62M used, 62M committed, 1088M reserved
[19.845s][info][gc,ref      ] GC(16) Soft: 2445 encountered, 0 discovered, 0 enqueued
[19.845s][info][gc,ref      ] GC(16) Weak: 3874 encountered, 102 discovered, 12 enqueued
[19.845s][info][gc,ref      ] GC(16) Final: 1 encountered, 1 discovered, 0 enqueued
[19.845s][info][gc,ref      ] GC(16) Phantom: 764 encountered, 538 discovered, 0 enqueued
[19.845s][info][gc,reloc    ] GC(16) Small Pages: 327 / 654M, Empty: 0M, Relocated: 113M, In-Place: 0
[19.845s][info][gc,reloc    ] GC(16) Medium Pages: 3 / 96M, Empty: 0M, Relocated: 25M, In-Place: 0
[19.845s][info][gc,reloc    ] GC(16) Large Pages: 10 / 64M, Empty: 0M, Relocated: 0M, In-Place: 0
[19.845s][info][gc,reloc    ] GC(16) Forwarding Usage: 44M
[19.845s][info][gc,heap     ] GC(16) Min Capacity: 2048M(100%)
[19.845s][info][gc,heap     ] GC(16) Max Capacity: 2048M(100%)
[19.845s][info][gc,heap     ] GC(16) Soft Max Capacity: 2048M(100%)
[19.845s][info][gc,heap     ] GC(16)                Mark Start          Mark End        Relocate Start      Relocate End           High               Low         
[19.845s][info][gc,heap     ] GC(16)  Capacity:     2048M (100%)       2048M (100%)       2048M (100%)       2048M (100%)       2048M (100%)       2048M (100%)   
[19.845s][info][gc,heap     ] GC(16)      Free:     1234M (60%)         764M (37%)         752M (37%)         840M (41%)        1234M (60%)         720M (35%)    
[19.845s][info][gc,heap     ] GC(16)      Used:      814M (40%)        1284M (63%)        1296M (63%)        1208M (59%)        1328M (65%)         814M (40%)    
[19.845s][info][gc,heap     ] GC(16)      Live:         -               611M (30%)         611M (30%)         611M (30%)            -                  -          
[19.845s][info][gc,heap     ] GC(16) Allocated:         -               470M (23%)         482M (24%)         529M (26%)            -                  -          
[19.845s][info][gc,heap     ] GC(16)   Garbage:         -               202M (10%)         202M (10%)          66M (3%)             -                  -          
[19.845s][info][gc,heap     ] GC(16) Reclaimed:         -                  -                 0M (0%)          135M (7%)             -                  -          
[19.845s][info][gc          ] GC(16) Garbage Collection (Allocation Rate) 814M(40%)->1208M(59%)
[19.907s][info][gc,start    ] GC(17) Garbage Collection (Allocation Rate)
[19.907s][info][gc,task     ] GC(17) Using 2 workers
[19.907s][info][gc,phases   ] GC(17) Pause Mark Start 0.011ms
[20.097s][info][gc,stats    ] === Garbage Collection Statistics =======================================================================================================================
[20.097s][info][gc,stats    ]                                                              Last 10s              Last 10m              Last 10h                Total
[20.097s][info][gc,stats    ]                                                              Avg / Max             Avg / Max             Avg / Max             Avg / Max
[20.097s][info][gc,stats    ]   Collector: Garbage Collection Cycle                    606.150 / 906.437     507.538 / 906.437     507.538 / 906.437     507.538 / 906.437     ms
[20.097s][info][gc,stats    ]  Contention: Mark Segment Reset Contention                    54 / 496              27 / 496              27 / 496              27 / 496         ops/s
[20.097s][info][gc,stats    ]  Contention: Mark SeqNum Reset Contention                      0 / 4                 0 / 4                 0 / 4                 0 / 4           ops/s
[20.097s][info][gc,stats    ]    Critical: Allocation Stall                                  0 / 1                 0 / 1                 0 / 1                 0 / 1           ops/s
[20.097s][info][gc,stats    ]    Critical: Allocation Stall                            295.888 / 417.938     295.888 / 417.938     295.888 / 417.938     295.888 / 417.938     ms
[20.097s][info][gc,stats    ]    Critical: GC Locker Stall                                   0 / 1                 0 / 1                 0 / 1                 0 / 1           ops/s
[20.097s][info][gc,stats    ]    Critical: GC Locker Stall                               0.000 / 0.000         0.000 / 0.000         0.000 / 0.000         0.000 / 0.000       ms
[20.097s][info][gc,stats    ]    Critical: Relocation Stall                                  0 / 0                 0 / 0                 0 / 0                 0 / 0           ops/s
[20.097s][info][gc,stats    ]    Critical: Relocation Stall                              0.000 / 0.000         0.000 / 0.000         0.000 / 0.000         0.000 / 0.000       ms
[20.097s][info][gc,stats    ]      Memory: Allocation Rate                                 900 / 1828            487 / 1828            487 / 1828            487 / 1828        MB/s
[20.097s][info][gc,stats    ]      Memory: Out Of Memory                                     0 / 0                 0 / 0                 0 / 0                 0 / 0           ops/s
[20.097s][info][gc,stats    ]      Memory: Page Cache Flush                                 46 / 148              23 / 148              23 / 148              23 / 148         MB/s
[20.097s][info][gc,stats    ]      Memory: Page Cache Hit L1                               392 / 655             206 / 655             206 / 655             206 / 655         ops/s
[20.097s][info][gc,stats    ]      Memory: Page Cache Hit L2                                 0 / 0                 0 / 0                 0 / 0                 0 / 0           ops/s
[20.097s][info][gc,stats    ]      Memory: Page Cache Hit L3                                90 / 289              51 / 289              51 / 289              51 / 289         ops/s
[20.097s][info][gc,stats    ]      Memory: Page Cache Miss                                   3 / 9                 1 / 9                 1 / 9                 1 / 9           ops/s
[20.098s][info][gc,stats    ]      Memory: Uncommit                                          0 / 0                 0 / 0                 0 / 0                 0 / 0           MB/s
[20.098s][info][gc,stats    ]      Memory: Undo Object Allocation Failed                     0 / 0                 0 / 0                 0 / 0                 0 / 0           ops/s
[20.098s][info][gc,stats    ]      Memory: Undo Object Allocation Succeeded                 16 / 162               8 / 162               8 / 162               8 / 162         ops/s
[20.098s][info][gc,stats    ]      Memory: Undo Page Allocation                              0 / 1                 0 / 1                 0 / 1                 0 / 1           ops/s
[20.098s][info][gc,stats    ]       Phase: Concurrent Mark                             457.740 / 791.032     382.830 / 791.032     382.830 / 791.032     382.830 / 791.032     ms
[20.098s][info][gc,stats    ]       Phase: Concurrent Mark Continue                      0.000 / 0.000         0.000 / 0.000         0.000 / 0.000         0.000 / 0.000       ms
[20.098s][info][gc,stats    ]       Phase: Concurrent Mark Free                          0.001 / 0.003         0.001 / 0.003         0.001 / 0.003         0.001 / 0.003       ms
[20.098s][info][gc,stats    ]       Phase: Concurrent Process Non-Strong References      6.137 / 13.489        5.716 / 13.489        5.716 / 13.489        5.716 / 13.489      ms
[20.098s][info][gc,stats    ]       Phase: Concurrent Relocate                         119.658 / 247.779      99.589 / 247.779      99.589 / 247.779      99.589 / 247.779     ms
[20.098s][info][gc,stats    ]       Phase: Concurrent Reset Relocation Set               0.027 / 0.051         0.024 / 0.051         0.024 / 0.051         0.024 / 0.051       ms
[20.098s][info][gc,stats    ]       Phase: Concurrent Select Relocation Set             19.152 / 40.244       16.340 / 40.244       16.340 / 40.244       16.340 / 40.244      ms
[20.098s][info][gc,stats    ]       Phase: Pause Mark End                                0.015 / 0.022         0.015 / 0.022         0.015 / 0.022         0.015 / 0.022       ms
[20.098s][info][gc,stats    ]       Phase: Pause Mark Start                              0.010 / 0.030         0.010 / 0.030         0.010 / 0.030         0.010 / 0.030       ms
[20.098s][info][gc,stats    ]       Phase: Pause Relocate Start                          0.010 / 0.018         0.010 / 0.018         0.010 / 0.018         0.010 / 0.018       ms
[20.098s][info][gc,stats    ]    Subphase: Concurrent Classes Purge                      0.208 / 0.418         0.196 / 0.418         0.196 / 0.418         0.196 / 0.418       ms
[20.098s][info][gc,stats    ]    Subphase: Concurrent Classes Unlink                     5.006 / 11.952        4.565 / 11.952        4.565 / 11.952        4.565 / 11.952      ms
[20.098s][info][gc,stats    ]    Subphase: Concurrent Mark                             452.184 / 789.084     377.345 / 789.084     377.345 / 789.084     377.345 / 789.084     ms
[20.098s][info][gc,stats    ]    Subphase: Concurrent Mark Try Flush                     0.096 / 0.331         0.093 / 0.331         0.093 / 0.331         0.093 / 0.331       ms
[20.098s][info][gc,stats    ]    Subphase: Concurrent Mark Try Terminate                 3.202 / 16.656        3.112 / 16.656        3.112 / 16.656        3.112 / 16.656      ms
[20.098s][info][gc,stats    ]    Subphase: Concurrent References Enqueue                 0.003 / 0.007         0.004 / 0.007         0.004 / 0.007         0.004 / 0.007       ms
[20.098s][info][gc,stats    ]    Subphase: Concurrent References Process                 0.214 / 0.515         0.218 / 0.515         0.218 / 0.515         0.218 / 0.515       ms
[20.098s][info][gc,stats    ]    Subphase: Concurrent Roots ClassLoaderDataGraph         0.146 / 0.429         0.146 / 0.429         0.146 / 0.429         0.146 / 0.429       ms
[20.098s][info][gc,stats    ]    Subphase: Concurrent Roots CodeCache                    0.000 / 0.000         0.000 / 0.000         0.000 / 0.000         0.000 / 0.000       ms
[20.098s][info][gc,stats    ]    Subphase: Concurrent Roots JavaThreads                  1.320 / 2.013         1.261 / 2.013         1.261 / 2.013         1.261 / 2.013       ms
[20.098s][info][gc,stats    ]    Subphase: Concurrent Roots OopStorageSet                0.037 / 0.095         0.039 / 0.095         0.039 / 0.095         0.039 / 0.095       ms
[20.098s][info][gc,stats    ]    Subphase: Concurrent Weak Roots OopStorageSet           0.547 / 0.888         0.549 / 0.888         0.549 / 0.888         0.549 / 0.888       ms
[20.098s][info][gc,stats    ]    Subphase: Pause Mark Try Complete                       0.000 / 0.000         0.000 / 0.000         0.000 / 0.000         0.000 / 0.000       ms
[20.098s][info][gc,stats    ]      System: Java Threads                                     31 / 37               28 / 37               28 / 37               28 / 37          threads
[20.098s][info][gc,stats    ] =========================================================================================================================================================
[20.573s][info][gc,phases   ] GC(17) Concurrent Mark 665.645ms
[20.573s][info][gc,phases   ] GC(17) Pause Mark End 0.017ms
[20.573s][info][gc,phases   ] GC(17) Concurrent Mark Free 0.001ms
[20.578s][info][gc,phases   ] GC(17) Concurrent Process Non-Strong References 5.206ms
[20.578s][info][gc,phases   ] GC(17) Concurrent Reset Relocation Set 0.012ms
[20.601s][info][gc,phases   ] GC(17) Concurrent Select Relocation Set 22.968ms
[20.601s][info][gc,phases   ] GC(17) Pause Relocate Start 0.009ms
[20.703s][info][gc,phases   ] GC(17) Concurrent Relocate 101.607ms
[20.703s][info][gc,load     ] GC(17) Load: 0.00/0.00/0.00
[20.703s][info][gc,mmu      ] GC(17) MMU: 2ms/98.5%, 5ms/99.4%, 10ms/99.7%, 20ms/99.8%, 50ms/99.9%, 100ms/100.0%
[20.703s][info][gc,marking  ] GC(17) Mark: 2 stripe(s), 2 proactive flush(es), 1 terminate flush(es), 0 completion(s), 0 continuation(s) 
[20.703s][info][gc,marking  ] GC(17) Mark Stack Usage: 32M
[20.703s][info][gc,nmethod  ] GC(17) NMethods: 5757 registered, 827 unregistered
[20.703s][info][gc,metaspace] GC(17) Metaspace: 62M used, 62M committed, 1088M reserved
[20.703s][info][gc,ref      ] GC(17) Soft: 2445 encountered, 0 discovered, 0 enqueued
[20.703s][info][gc,ref      ] GC(17) Weak: 3862 encountered, 82 discovered, 0 enqueued
[20.703s][info][gc,ref      ] GC(17) Final: 1 encountered, 1 discovered, 0 enqueued
[20.703s][info][gc,ref      ] GC(17) Phantom: 764 encountered, 513 discovered, 0 enqueued
[20.703s][info][gc,reloc    ] GC(17) Small Pages: 504 / 1008M, Empty: 0M, Relocated: 192M, In-Place: 0
[20.703s][info][gc,reloc    ] GC(17) Medium Pages: 2 / 64M, Empty: 0M, Relocated: 2M, In-Place: 0
[20.703s][info][gc,reloc    ] GC(17) Large Pages: 32 / 232M, Empty: 54M, Relocated: 0M, In-Place: 0
[20.703s][info][gc,reloc    ] GC(17) Forwarding Usage: 76M
[20.703s][info][gc,heap     ] GC(17) Min Capacity: 2048M(100%)
[20.703s][info][gc,heap     ] GC(17) Max Capacity: 2048M(100%)
[20.704s][info][gc,heap     ] GC(17) Soft Max Capacity: 2048M(100%)
[20.704s][info][gc,heap     ] GC(17)                Mark Start          Mark End        Relocate Start      Relocate End           High               Low         
[20.704s][info][gc,heap     ] GC(17)  Capacity:     2048M (100%)       2048M (100%)       2048M (100%)       2048M (100%)       2048M (100%)       2048M (100%)   
[20.704s][info][gc,heap     ] GC(17)      Free:      744M (36%)         126M (6%)          158M (8%)          286M (14%)         744M (36%)         120M (6%)     
[20.704s][info][gc,heap     ] GC(17)      Used:     1304M (64%)        1922M (94%)        1890M (92%)        1762M (86%)        1928M (94%)        1304M (64%)    
[20.704s][info][gc,heap     ] GC(17)      Live:         -               932M (46%)         932M (46%)         932M (46%)            -                  -          
[20.704s][info][gc,heap     ] GC(17) Allocated:         -               618M (30%)         640M (31%)         717M (35%)            -                  -          
[20.704s][info][gc,heap     ] GC(17)   Garbage:         -               371M (18%)         317M (15%)         111M (5%)             -                  -          
[20.704s][info][gc,heap     ] GC(17) Reclaimed:         -                  -                54M (3%)          259M (13%)            -                  -          
[20.704s][info][gc          ] GC(17) Garbage Collection (Allocation Rate) 1304M(64%)->1762M(86%)
[20.794s][info][gc,start    ] GC(18) Garbage Collection (Allocation Rate)
[20.794s][info][gc,task     ] GC(18) Using 2 workers
[20.794s][info][gc,phases   ] GC(18) Pause Mark Start 0.014ms
[21.648s][info][gc,phases   ] GC(18) Concurrent Mark 853.937ms
[21.648s][info][gc,phases   ] GC(18) Pause Mark End 0.030ms
[21.649s][info][gc,phases   ] GC(18) Concurrent Mark Free 0.003ms
[21.655s][info][gc,phases   ] GC(18) Concurrent Process Non-Strong References 6.519ms
[21.655s][info][gc,phases   ] GC(18) Concurrent Reset Relocation Set 0.023ms
[21.657s][info][gc          ] Allocation Stall (main) 396.528ms
[21.683s][info][gc,phases   ] GC(18) Concurrent Select Relocation Set 27.551ms
[21.683s][info][gc,phases   ] GC(18) Pause Relocate Start 0.013ms
[21.794s][info][gc,phases   ] GC(18) Concurrent Relocate 111.237ms
[21.794s][info][gc,load     ] GC(18) Load: 0.00/0.00/0.00
[21.794s][info][gc,mmu      ] GC(18) MMU: 2ms/98.5%, 5ms/99.4%, 10ms/99.7%, 20ms/99.8%, 50ms/99.9%, 100ms/100.0%
[21.794s][info][gc,marking  ] GC(18) Mark: 2 stripe(s), 2 proactive flush(es), 1 terminate flush(es), 0 completion(s), 0 continuation(s) 
[21.794s][info][gc,marking  ] GC(18) Mark Stack Usage: 32M
[21.794s][info][gc,nmethod  ] GC(18) NMethods: 5888 registered, 827 unregistered
[21.795s][info][gc,metaspace] GC(18) Metaspace: 62M used, 62M committed, 1088M reserved
[21.795s][info][gc,ref      ] GC(18) Soft: 2445 encountered, 0 discovered, 0 enqueued
[21.795s][info][gc,ref      ] GC(18) Weak: 3862 encountered, 1300 discovered, 0 enqueued
[21.795s][info][gc,ref      ] GC(18) Final: 1 encountered, 1 discovered, 0 enqueued
[21.795s][info][gc,ref      ] GC(18) Phantom: 764 encountered, 552 discovered, 0 enqueued
[21.795s][info][gc,reloc    ] GC(18) Small Pages: 729 / 1458M, Empty: 0M, Relocated: 187M, In-Place: 0
[21.795s][info][gc,reloc    ] GC(18) Medium Pages: 2 / 64M, Empty: 0M, Relocated: 7M, In-Place: 0
[21.795s][info][gc,reloc    ] GC(18) Large Pages: 34 / 324M, Empty: 80M, Relocated: 0M, In-Place: 0
[21.795s][info][gc,reloc    ] GC(18) Forwarding Usage: 85M
[21.795s][info][gc,heap     ] GC(18) Min Capacity: 2048M(100%)
[21.795s][info][gc,heap     ] GC(18) Max Capacity: 2048M(100%)
[21.795s][info][gc,heap     ] GC(18) Soft Max Capacity: 2048M(100%)
[21.795s][info][gc,heap     ] GC(18)                Mark Start          Mark End        Relocate Start      Relocate End           High               Low         
[21.795s][info][gc,heap     ] GC(18)  Capacity:     2048M (100%)       2048M (100%)       2048M (100%)       2048M (100%)       2048M (100%)       2048M (100%)   
[21.795s][info][gc,heap     ] GC(18)      Free:      202M (10%)           0M (0%)           74M (4%)          560M (27%)         560M (27%)           0M (0%)     
[21.795s][info][gc,heap     ] GC(18)      Used:     1846M (90%)        2048M (100%)       1974M (96%)        1488M (73%)        2048M (100%)       1488M (73%)    
[21.795s][info][gc,heap     ] GC(18)      Live:         -              1163M (57%)        1163M (57%)        1163M (57%)            -                  -          
[21.795s][info][gc,heap     ] GC(18) Allocated:         -               202M (10%)         208M (10%)         227M (11%)            -                  -          
[21.795s][info][gc,heap     ] GC(18)   Garbage:         -               682M (33%)         602M (29%)          96M (5%)             -                  -          
[21.795s][info][gc,heap     ] GC(18) Reclaimed:         -                  -                80M (4%)          585M (29%)            -                  -          
[21.795s][info][gc          ] GC(18) Garbage Collection (Allocation Rate) 1846M(90%)->1488M(73%)
[21.807s][info][gc,start    ] GC(19) Garbage Collection (Allocation Stall)
[21.807s][info][gc,ref      ] GC(19) Clearing All SoftReferences
[21.807s][info][gc,task     ] GC(19) Using 2 workers
[21.807s][info][gc,phases   ] GC(19) Pause Mark Start 0.008ms
[22.899s][info][gc,phases   ] GC(19) Concurrent Mark 1091.452ms
[22.899s][info][gc,phases   ] GC(19) Pause Mark End 0.013ms
[22.899s][info][gc,phases   ] GC(19) Concurrent Mark Free 0.001ms
[22.905s][info][gc,phases   ] GC(19) Concurrent Process Non-Strong References 5.918ms
[22.905s][info][gc,phases   ] GC(19) Concurrent Reset Relocation Set 0.027ms
[22.915s][info][gc,phases   ] GC(19) Concurrent Select Relocation Set 9.520ms
[22.915s][info][gc,phases   ] GC(19) Pause Relocate Start 0.011ms
[22.947s][info][gc,phases   ] GC(19) Concurrent Relocate 31.991ms
[22.947s][info][gc,load     ] GC(19) Load: 0.00/0.00/0.00
[22.947s][info][gc,mmu      ] GC(19) MMU: 2ms/98.5%, 5ms/99.4%, 10ms/99.7%, 20ms/99.8%, 50ms/99.9%, 100ms/100.0%
[22.947s][info][gc,marking  ] GC(19) Mark: 2 stripe(s), 2 proactive flush(es), 1 terminate flush(es), 0 completion(s), 0 continuation(s) 
[22.947s][info][gc,marking  ] GC(19) Mark Stack Usage: 32M
[22.947s][info][gc,nmethod  ] GC(19) NMethods: 6053 registered, 827 unregistered
[22.947s][info][gc,metaspace] GC(19) Metaspace: 62M used, 63M committed, 1088M reserved
[22.947s][info][gc,ref      ] GC(19) Soft: 2442 encountered, 247 discovered, 14 enqueued
[22.947s][info][gc,ref      ] GC(19) Weak: 3864 encountered, 1279 discovered, 2 enqueued
[22.947s][info][gc,ref      ] GC(19) Final: 1 encountered, 1 discovered, 0 enqueued
[22.947s][info][gc,ref      ] GC(19) Phantom: 765 encountered, 466 discovered, 0 enqueued
[22.947s][info][gc,reloc    ] GC(19) Small Pages: 591 / 1182M, Empty: 26M, Relocated: 39M, In-Place: 0
[22.947s][info][gc,reloc    ] GC(19) Medium Pages: 2 / 64M, Empty: 0M, Relocated: 12M, In-Place: 0
[22.947s][info][gc,reloc    ] GC(19) Large Pages: 24 / 244M, Empty: 0M, Relocated: 0M, In-Place: 0
[22.947s][info][gc,reloc    ] GC(19) Forwarding Usage: 17M
[22.947s][info][gc,heap     ] GC(19) Min Capacity: 2048M(100%)
[22.947s][info][gc,heap     ] GC(19) Max Capacity: 2048M(100%)
[22.947s][info][gc,heap     ] GC(19) Soft Max Capacity: 2048M(100%)
[22.947s][info][gc,heap     ] GC(19)                Mark Start          Mark End        Relocate Start      Relocate End           High               Low         
[22.947s][info][gc,heap     ] GC(19)  Capacity:     2048M (100%)       2048M (100%)       2048M (100%)       2048M (100%)       2048M (100%)       2048M (100%)   
[22.947s][info][gc,heap     ] GC(19)      Free:      558M (27%)          86M (4%)          110M (5%)          260M (13%)         558M (27%)          78M (4%)     
[22.947s][info][gc,heap     ] GC(19)      Used:     1490M (73%)        1962M (96%)        1938M (95%)        1788M (87%)        1970M (96%)        1490M (73%)    
[22.947s][info][gc,heap     ] GC(19)      Live:         -              1218M (59%)        1218M (59%)        1218M (59%)            -                  -          
[22.947s][info][gc,heap     ] GC(19) Allocated:         -               472M (23%)         474M (23%)         479M (23%)            -                  -          
[22.947s][info][gc,heap     ] GC(19)   Garbage:         -               271M (13%)         245M (12%)          90M (4%)             -                  -          
[22.947s][info][gc,heap     ] GC(19) Reclaimed:         -                  -                26M (1%)          181M (9%)             -                  -          
[22.947s][info][gc          ] GC(19) Garbage Collection (Allocation Stall) 1490M(73%)->1788M(87%)
[22.994s][info][gc,start    ] GC(20) Garbage Collection (Allocation Rate)
[22.994s][info][gc,task     ] GC(20) Using 2 workers
[22.994s][info][gc,phases   ] GC(20) Pause Mark Start 0.008ms
[24.153s][info][gc,phases   ] GC(20) Concurrent Mark 1158.372ms
[24.153s][info][gc,phases   ] GC(20) Pause Mark End 0.018ms
[24.153s][info][gc,phases   ] GC(20) Concurrent Mark Free 0.001ms
[24.166s][info][gc,phases   ] GC(20) Concurrent Process Non-Strong References 12.565ms
[24.166s][info][gc,phases   ] GC(20) Concurrent Reset Relocation Set 0.011ms
[24.166s][info][gc          ] Allocation Stall (main) 586.565ms
[24.176s][info][gc,phases   ] GC(20) Concurrent Select Relocation Set 9.943ms
[24.176s][info][gc,phases   ] GC(20) Pause Relocate Start 0.013ms
[24.210s][info][gc,phases   ] GC(20) Concurrent Relocate 33.745ms
[24.210s][info][gc,load     ] GC(20) Load: 0.00/0.00/0.00
[24.210s][info][gc,mmu      ] GC(20) MMU: 2ms/98.5%, 5ms/99.4%, 10ms/99.7%, 20ms/99.8%, 50ms/99.9%, 100ms/100.0%
[24.210s][info][gc,marking  ] GC(20) Mark: 2 stripe(s), 2 proactive flush(es), 1 terminate flush(es), 0 completion(s), 0 continuation(s) 
[24.210s][info][gc,marking  ] GC(20) Mark Stack Usage: 32M
[24.210s][info][gc,nmethod  ] GC(20) NMethods: 6078 registered, 827 unregistered
[24.210s][info][gc,metaspace] GC(20) Metaspace: 62M used, 63M committed, 1088M reserved
[24.210s][info][gc,ref      ] GC(20) Soft: 2437 encountered, 0 discovered, 0 enqueued
[24.210s][info][gc,ref      ] GC(20) Weak: 3877 encountered, 88 discovered, 4 enqueued
[24.210s][info][gc,ref      ] GC(20) Final: 1 encountered, 1 discovered, 0 enqueued
[24.210s][info][gc,ref      ] GC(20) Phantom: 769 encountered, 537 discovered, 0 enqueued
[24.210s][info][gc,reloc    ] GC(20) Small Pages: 706 / 1412M, Empty: 162M, Relocated: 45M, In-Place: 0
[24.210s][info][gc,reloc    ] GC(20) Medium Pages: 3 / 96M, Empty: 64M, Relocated: 0M, In-Place: 0
[24.210s][info][gc,reloc    ] GC(20) Large Pages: 35 / 318M, Empty: 12M, Relocated: 0M, In-Place: 0
[24.210s][info][gc,reloc    ] GC(20) Forwarding Usage: 34M
[24.210s][info][gc,heap     ] GC(20) Min Capacity: 2048M(100%)
[24.210s][info][gc,heap     ] GC(20) Max Capacity: 2048M(100%)
[24.210s][info][gc,heap     ] GC(20) Soft Max Capacity: 2048M(100%)
[24.210s][info][gc,heap     ] GC(20)                Mark Start          Mark End        Relocate Start      Relocate End           High               Low         
[24.210s][info][gc,heap     ] GC(20)  Capacity:     2048M (100%)       2048M (100%)       2048M (100%)       2048M (100%)       2048M (100%)       2048M (100%)   
[24.210s][info][gc,heap     ] GC(20)      Free:      222M (11%)           0M (0%)          236M (12%)         338M (17%)         338M (17%)           0M (0%)     
[24.210s][info][gc,heap     ] GC(20)      Used:     1826M (89%)        2048M (100%)       1812M (88%)        1710M (83%)        2048M (100%)       1710M (83%)    
[24.210s][info][gc,heap     ] GC(20)      Live:         -              1384M (68%)        1384M (68%)        1384M (68%)            -                  -          
[24.210s][info][gc,heap     ] GC(20) Allocated:         -               222M (11%)         224M (11%)         229M (11%)            -                  -          
[24.210s][info][gc,heap     ] GC(20)   Garbage:         -               441M (22%)         203M (10%)          96M (5%)             -                  -          
[24.210s][info][gc,heap     ] GC(20) Reclaimed:         -                  -               238M (12%)         345M (17%)            -                  -          
[24.210s][info][gc          ] GC(20) Garbage Collection (Allocation Rate) 1826M(89%)->1710M(83%)
[24.295s][info][gc,start    ] GC(21) Garbage Collection (Allocation Stall)
[24.295s][info][gc,ref      ] GC(21) Clearing All SoftReferences
[24.295s][info][gc,task     ] GC(21) Using 2 workers
[24.295s][info][gc,phases   ] GC(21) Pause Mark Start 0.010ms
[25.277s][info][gc,phases   ] GC(21) Concurrent Mark 982.289ms
[25.277s][info][gc,phases   ] GC(21) Pause Mark End 0.015ms
[25.278s][info][gc,phases   ] GC(21) Concurrent Mark Free 0.001ms
[25.283s][info][gc,phases   ] GC(21) Concurrent Process Non-Strong References 5.535ms
[25.283s][info][gc,phases   ] GC(21) Concurrent Reset Relocation Set 0.009ms
[25.287s][info][gc,phases   ] GC(21) Concurrent Select Relocation Set 4.120ms
[25.287s][info][gc,phases   ] GC(21) Pause Relocate Start 0.014ms
[25.289s][info][gc,phases   ] GC(21) Concurrent Relocate 1.724ms
[25.289s][info][gc,load     ] GC(21) Load: 0.00/0.00/0.00
[25.289s][info][gc,mmu      ] GC(21) MMU: 2ms/98.5%, 5ms/99.4%, 10ms/99.7%, 20ms/99.8%, 50ms/99.9%, 100ms/100.0%
[25.289s][info][gc,marking  ] GC(21) Mark: 2 stripe(s), 2 proactive flush(es), 1 terminate flush(es), 0 completion(s), 0 continuation(s) 
[25.289s][info][gc,marking  ] GC(21) Mark Stack Usage: 32M
[25.289s][info][gc,nmethod  ] GC(21) NMethods: 6167 registered, 832 unregistered
[25.289s][info][gc,metaspace] GC(21) Metaspace: 62M used, 63M committed, 1088M reserved
[25.289s][info][gc,ref      ] GC(21) Soft: 2437 encountered, 252 discovered, 9 enqueued
[25.289s][info][gc,ref      ] GC(21) Weak: 3873 encountered, 108 discovered, 0 enqueued
[25.289s][info][gc,ref      ] GC(21) Final: 1 encountered, 0 discovered, 0 enqueued
[25.289s][info][gc,ref      ] GC(21) Phantom: 769 encountered, 647 discovered, 17 enqueued
[25.289s][info][gc,reloc    ] GC(21) Small Pages: 658 / 1316M, Empty: 0M, Relocated: 1M, In-Place: 0
[25.289s][info][gc,reloc    ] GC(21) Medium Pages: 1 / 32M, Empty: 0M, Relocated: 0M, In-Place: 0
[25.289s][info][gc,reloc    ] GC(21) Large Pages: 39 / 382M, Empty: 44M, Relocated: 0M, In-Place: 0
[25.289s][info][gc,reloc    ] GC(21) Forwarding Usage: 0M
[25.289s][info][gc,heap     ] GC(21) Min Capacity: 2048M(100%)
[25.289s][info][gc,heap     ] GC(21) Max Capacity: 2048M(100%)
[25.289s][info][gc,heap     ] GC(21) Soft Max Capacity: 2048M(100%)
[25.289s][info][gc,heap     ] GC(21)                Mark Start          Mark End        Relocate Start      Relocate End           High               Low         
[25.289s][info][gc,heap     ] GC(21)  Capacity:     2048M (100%)       2048M (100%)       2048M (100%)       2048M (100%)       2048M (100%)       2048M (100%)   
[25.289s][info][gc,heap     ] GC(21)      Free:      318M (16%)         182M (9%)          226M (11%)         234M (11%)         318M (16%)         182M (9%)     
[25.289s][info][gc,heap     ] GC(21)      Used:     1730M (84%)        1866M (91%)        1822M (89%)        1814M (89%)        1866M (91%)        1730M (84%)    
[25.289s][info][gc,heap     ] GC(21)      Live:         -              1564M (76%)        1564M (76%)        1564M (76%)            -                  -          
[25.289s][info][gc,heap     ] GC(21) Allocated:         -               136M (7%)          136M (7%)          136M (7%)             -                  -          
[25.289s][info][gc,heap     ] GC(21)   Garbage:         -               165M (8%)          121M (6%)          113M (6%)             -                  -          
[25.289s][info][gc,heap     ] GC(21) Reclaimed:         -                  -                44M (2%)           52M (3%)             -                  -          
[25.289s][info][gc          ] GC(21) Garbage Collection (Allocation Stall) 1730M(84%)->1814M(89%)
[25.293s][info][gc,start    ] GC(22) Garbage Collection (Allocation Rate)
[25.293s][info][gc,task     ] GC(22) Using 2 workers
[25.293s][info][gc,phases   ] GC(22) Pause Mark Start 0.013ms
[26.152s][info][gc,phases   ] GC(22) Concurrent Mark 858.734ms
[26.152s][info][gc,phases   ] GC(22) Pause Mark End 0.021ms
[26.153s][info][gc,phases   ] GC(22) Concurrent Mark Free 0.001ms
[26.158s][info][gc,phases   ] GC(22) Concurrent Process Non-Strong References 5.490ms
[26.158s][info][gc,phases   ] GC(22) Concurrent Reset Relocation Set 0.002ms
[26.160s][info][gc          ] Allocation Stall (neo4j.StorageMaintenance-2) 150.986ms
[26.160s][info][gc,phases   ] GC(22) Concurrent Select Relocation Set 1.928ms
[26.160s][info][gc          ] Allocation Stall (neo4j.StorageMaintenance-1) 102.571ms
[26.160s][info][gc          ] Allocation Stall (main) 542.150ms
[26.160s][info][gc,phases   ] GC(22) Pause Relocate Start 0.012ms
[26.161s][info][gc,phases   ] GC(22) Concurrent Relocate 1.132ms
[26.162s][info][gc,load     ] GC(22) Load: 0.00/0.00/0.00
[26.162s][info][gc,mmu      ] GC(22) MMU: 2ms/98.5%, 5ms/99.4%, 10ms/99.7%, 20ms/99.8%, 50ms/99.9%, 100ms/100.0%
[26.162s][info][gc,marking  ] GC(22) Mark: 2 stripe(s), 2 proactive flush(es), 1 terminate flush(es), 0 completion(s), 0 continuation(s) 
[26.162s][info][gc,marking  ] GC(22) Mark Stack Usage: 32M
[26.162s][info][gc,nmethod  ] GC(22) NMethods: 6207 registered, 832 unregistered
[26.162s][info][gc,metaspace] GC(22) Metaspace: 62M used, 63M committed, 1088M reserved
[26.162s][info][gc,ref      ] GC(22) Soft: 2432 encountered, 0 discovered, 0 enqueued
[26.162s][info][gc,ref      ] GC(22) Weak: 3881 encountered, 78 discovered, 3 enqueued
[26.162s][info][gc,ref      ] GC(22) Final: 1 encountered, 0 discovered, 0 enqueued
[26.162s][info][gc,ref      ] GC(22) Phantom: 753 encountered, 557 discovered, 1 enqueued
[26.162s][info][gc,reloc    ] GC(22) Small Pages: 695 / 1390M, Empty: 14M, Relocated: 1M, In-Place: 0
[26.162s][info][gc,reloc    ] GC(22) Medium Pages: 2 / 64M, Empty: 32M, Relocated: 0M, In-Place: 0
[26.162s][info][gc,reloc    ] GC(22) Large Pages: 36 / 360M, Empty: 68M, Relocated: 0M, In-Place: 0
[26.162s][info][gc,reloc    ] GC(22) Forwarding Usage: 0M
[26.162s][info][gc,heap     ] GC(22) Min Capacity: 2048M(100%)
[26.162s][info][gc,heap     ] GC(22) Max Capacity: 2048M(100%)
[26.162s][info][gc,heap     ] GC(22) Soft Max Capacity: 2048M(100%)
[26.162s][info][gc,heap     ] GC(22)                Mark Start          Mark End        Relocate Start      Relocate End           High               Low         
[26.162s][info][gc,heap     ] GC(22)  Capacity:     2048M (100%)       2048M (100%)       2048M (100%)       2048M (100%)       2048M (100%)       2048M (100%)   
[26.162s][info][gc,heap     ] GC(22)      Free:      234M (11%)           0M (0%)          108M (5%)          118M (6%)          234M (11%)           0M (0%)     
[26.162s][info][gc,heap     ] GC(22)      Used:     1814M (89%)        2048M (100%)       1940M (95%)        1930M (94%)        2048M (100%)       1814M (89%)    
[26.162s][info][gc,heap     ] GC(22)      Live:         -              1515M (74%)        1515M (74%)        1515M (74%)            -                  -          
[26.162s][info][gc,heap     ] GC(22) Allocated:         -               234M (11%)         240M (12%)         239M (12%)            -                  -          
[26.162s][info][gc,heap     ] GC(22)   Garbage:         -               298M (15%)         184M (9%)          174M (9%)             -                  -          
[26.162s][info][gc,heap     ] GC(22) Reclaimed:         -                  -               114M (6%)          123M (6%)             -                  -          
[26.162s][info][gc          ] GC(22) Garbage Collection (Allocation Rate) 1814M(89%)->1930M(94%)
[26.199s][info][gc,start    ] GC(23) Garbage Collection (Allocation Stall)
[26.199s][info][gc,ref      ] GC(23) Clearing All SoftReferences
[26.199s][info][gc,task     ] GC(23) Using 2 workers
[26.200s][info][gc,phases   ] GC(23) Pause Mark Start 0.013ms
[27.124s][info][gc,phases   ] GC(23) Concurrent Mark 924.460ms
[27.124s][info][gc,phases   ] GC(23) Pause Mark End 0.021ms
[27.125s][info][gc,phases   ] GC(23) Concurrent Mark Free 0.002ms
[27.131s][info][gc,phases   ] GC(23) Concurrent Process Non-Strong References 6.212ms
[27.131s][info][gc,phases   ] GC(23) Concurrent Reset Relocation Set 0.002ms
[27.132s][info][gc          ] Allocation Stall (main) 850.911ms
[27.132s][info][gc          ] Allocation Stall (neo4j.Scheduler-1) 120.236ms
[27.141s][info][gc,phases   ] GC(23) Concurrent Select Relocation Set 9.812ms
[27.141s][info][gc,phases   ] GC(23) Pause Relocate Start 0.013ms
[27.197s][info][gc,phases   ] GC(23) Concurrent Relocate 55.551ms
[27.197s][info][gc,load     ] GC(23) Load: 0.00/0.00/0.00
[27.197s][info][gc,mmu      ] GC(23) MMU: 2ms/98.5%, 5ms/99.4%, 10ms/99.7%, 20ms/99.8%, 50ms/99.9%, 100ms/100.0%
[27.197s][info][gc,marking  ] GC(23) Mark: 2 stripe(s), 2 proactive flush(es), 1 terminate flush(es), 0 completion(s), 0 continuation(s) 
[27.197s][info][gc,marking  ] GC(23) Mark Stack Usage: 32M
[27.197s][info][gc,nmethod  ] GC(23) NMethods: 6227 registered, 832 unregistered
[27.197s][info][gc,metaspace] GC(23) Metaspace: 62M used, 63M committed, 1088M reserved
[27.197s][info][gc,ref      ] GC(23) Soft: 2432 encountered, 200 discovered, 5 enqueued
[27.197s][info][gc,ref      ] GC(23) Weak: 3878 encountered, 484 discovered, 0 enqueued
[27.197s][info][gc,ref      ] GC(23) Final: 1 encountered, 0 discovered, 0 enqueued
[27.197s][info][gc,ref      ] GC(23) Phantom: 752 encountered, 413 discovered, 0 enqueued
[27.197s][info][gc,reloc    ] GC(23) Small Pages: 787 / 1574M, Empty: 0M, Relocated: 78M, In-Place: 0
[27.197s][info][gc,reloc    ] GC(23) Medium Pages: 2 / 64M, Empty: 32M, Relocated: 0M, In-Place: 0
[27.197s][info][gc,reloc    ] GC(23) Large Pages: 36 / 338M, Empty: 18M, Relocated: 0M, In-Place: 0
[27.197s][info][gc,reloc    ] GC(23) Forwarding Usage: 50M
[27.197s][info][gc,heap     ] GC(23) Min Capacity: 2048M(100%)
[27.197s][info][gc,heap     ] GC(23) Max Capacity: 2048M(100%)
[27.197s][info][gc,heap     ] GC(23) Soft Max Capacity: 2048M(100%)
[27.197s][info][gc,heap     ] GC(23)                Mark Start          Mark End        Relocate Start      Relocate End           High               Low         
[27.197s][info][gc,heap     ] GC(23)  Capacity:     2048M (100%)       2048M (100%)       2048M (100%)       2048M (100%)       2048M (100%)       2048M (100%)   
[27.197s][info][gc,heap     ] GC(23)      Free:       72M (4%)            0M (0%)           38M (2%)           96M (5%)           96M (5%)            0M (0%)     
[27.197s][info][gc,heap     ] GC(23)      Used:     1976M (96%)        2048M (100%)       2010M (98%)        1952M (95%)        2048M (100%)       1952M (95%)    
[27.197s][info][gc,heap     ] GC(23)      Live:         -              1619M (79%)        1619M (79%)        1619M (79%)            -                  -          
[27.197s][info][gc,heap     ] GC(23) Allocated:         -                72M (4%)           84M (4%)          159M (8%)             -                  -          
[27.197s][info][gc,heap     ] GC(23)   Garbage:         -               356M (17%)         306M (15%)         172M (8%)             -                  -          
[27.197s][info][gc,heap     ] GC(23) Reclaimed:         -                  -                50M (2%)          183M (9%)             -                  -          
[27.197s][info][gc          ] GC(23) Garbage Collection (Allocation Stall) 1976M(96%)->1952M(95%)
[27.204s][info][gc,start    ] GC(24) Garbage Collection (Allocation Stall)
[27.204s][info][gc,ref      ] GC(24) Clearing All SoftReferences
[27.204s][info][gc,task     ] GC(24) Using 2 workers
[27.204s][info][gc,phases   ] GC(24) Pause Mark Start 0.011ms
[28.205s][info][gc,phases   ] GC(24) Concurrent Mark 1000.879ms
[28.205s][info][gc,phases   ] GC(24) Pause Mark End 0.021ms
[28.205s][info][gc,phases   ] GC(24) Concurrent Mark Free 0.002ms
[28.211s][info][gc,phases   ] GC(24) Concurrent Process Non-Strong References 5.738ms
[28.211s][info][gc,phases   ] GC(24) Concurrent Reset Relocation Set 0.015ms
[28.213s][info][gc          ] Allocation Stall (neo4j.Scheduler-1) 771.011ms
[28.213s][info][gc          ] Allocation Stall (main) 841.850ms
[28.217s][info][gc,phases   ] GC(24) Concurrent Select Relocation Set 5.974ms
[28.218s][info][gc,phases   ] GC(24) Pause Relocate Start 0.012ms
[28.218s][info][gc          ] Allocation Stall (main) 3.140ms
[28.218s][info][gc          ] Allocation Stall (neo4j.TransactionTimeoutMonitor-2) 4.466ms
[28.251s][info][gc,phases   ] GC(24) Concurrent Relocate 33.228ms
[28.251s][info][gc,load     ] GC(24) Load: 0.00/0.00/0.00
[28.251s][info][gc,mmu      ] GC(24) MMU: 2ms/98.5%, 5ms/99.4%, 10ms/99.7%, 20ms/99.8%, 50ms/99.9%, 100ms/100.0%
[28.251s][info][gc,marking  ] GC(24) Mark: 2 stripe(s), 2 proactive flush(es), 1 terminate flush(es), 0 completion(s), 0 continuation(s) 
[28.251s][info][gc,marking  ] GC(24) Mark Stack Usage: 32M
[28.251s][info][gc,nmethod  ] GC(24) NMethods: 6229 registered, 832 unregistered
[28.251s][info][gc,metaspace] GC(24) Metaspace: 62M used, 63M committed, 1088M reserved
[28.251s][info][gc,ref      ] GC(24) Soft: 2427 encountered, 195 discovered, 0 enqueued
[28.251s][info][gc,ref      ] GC(24) Weak: 3878 encountered, 506 discovered, 0 enqueued
[28.251s][info][gc,ref      ] GC(24) Final: 1 encountered, 0 discovered, 0 enqueued
[28.251s][info][gc,ref      ] GC(24) Phantom: 752 encountered, 529 discovered, 0 enqueued
[28.251s][info][gc,reloc    ] GC(24) Small Pages: 771 / 1542M, Empty: 0M, Relocated: 36M, In-Place: 1
[28.251s][info][gc,reloc    ] GC(24) Medium Pages: 2 / 64M, Empty: 0M, Relocated: 10M, In-Place: 1
[28.251s][info][gc,reloc    ] GC(24) Large Pages: 35 / 346M, Empty: 6M, Relocated: 0M, In-Place: 0
[28.251s][info][gc,reloc    ] GC(24) Forwarding Usage: 23M
[28.251s][info][gc,heap     ] GC(24) Min Capacity: 2048M(100%)
[28.251s][info][gc,heap     ] GC(24) Max Capacity: 2048M(100%)
[28.251s][info][gc,heap     ] GC(24) Soft Max Capacity: 2048M(100%)
[28.251s][info][gc,heap     ] GC(24)                Mark Start          Mark End        Relocate Start      Relocate End           High               Low         
[28.251s][info][gc,heap     ] GC(24)  Capacity:     2048M (100%)       2048M (100%)       2048M (100%)       2048M (100%)       2048M (100%)       2048M (100%)   
[28.251s][info][gc,heap     ] GC(24)      Free:       96M (5%)            0M (0%)            0M (0%)           60M (3%)           96M (5%)            0M (0%)     
[28.251s][info][gc,heap     ] GC(24)      Used:     1952M (95%)        2048M (100%)       2048M (100%)       1988M (97%)        2048M (100%)       1952M (95%)    
[28.251s][info][gc,heap     ] GC(24)      Live:         -              1671M (82%)        1671M (82%)        1671M (82%)            -                  -          
[28.251s][info][gc,heap     ] GC(24) Allocated:         -                96M (5%)          102M (5%)          141M (7%)             -                  -          
[28.251s][info][gc,heap     ] GC(24)   Garbage:         -               280M (14%)         274M (13%)         174M (9%)             -                  -          
[28.251s][info][gc,heap     ] GC(24) Reclaimed:         -                  -                 6M (0%)          105M (5%)             -                  -          
[28.251s][info][gc          ] GC(24) Garbage Collection (Allocation Stall) 1952M(95%)->1988M(97%)
[28.300s][info][gc,start    ] GC(25) Garbage Collection (Allocation Stall)
[28.300s][info][gc,ref      ] GC(25) Clearing All SoftReferences
[28.300s][info][gc,task     ] GC(25) Using 2 workers
[28.300s][info][gc,phases   ] GC(25) Pause Mark Start 0.010ms
[29.307s][info][gc,phases   ] GC(25) Concurrent Mark 1007.201ms
[29.308s][info][gc,phases   ] GC(25) Pause Mark End 0.025ms
[29.308s][info][gc,phases   ] GC(25) Concurrent Mark Free 0.002ms
[29.313s][info][gc,phases   ] GC(25) Concurrent Process Non-Strong References 5.559ms
[29.313s][info][gc,phases   ] GC(25) Concurrent Reset Relocation Set 0.008ms
[29.315s][info][gc          ] Allocation Stall (main) 990.468ms
[29.315s][info][gc          ] Allocation Stall (neo4j.Scheduler-1) 311.426ms
[29.317s][info][gc,phases   ] GC(25) Concurrent Select Relocation Set 3.937ms
[29.317s][info][gc,phases   ] GC(25) Pause Relocate Start 0.007ms
[29.352s][info][gc,phases   ] GC(25) Concurrent Relocate 34.865ms
[29.352s][info][gc,load     ] GC(25) Load: 0.00/0.00/0.00
[29.352s][info][gc,mmu      ] GC(25) MMU: 2ms/98.5%, 5ms/99.4%, 10ms/99.7%, 20ms/99.8%, 50ms/99.9%, 100ms/100.0%
[29.352s][info][gc,marking  ] GC(25) Mark: 2 stripe(s), 2 proactive flush(es), 1 terminate flush(es), 0 completion(s), 0 continuation(s) 
[29.352s][info][gc,marking  ] GC(25) Mark Stack Usage: 32M
[29.352s][info][gc,nmethod  ] GC(25) NMethods: 6297 registered, 832 unregistered
[29.352s][info][gc,metaspace] GC(25) Metaspace: 62M used, 63M committed, 1088M reserved
[29.352s][info][gc,ref      ] GC(25) Soft: 2427 encountered, 242 discovered, 0 enqueued
[29.352s][info][gc,ref      ] GC(25) Weak: 3879 encountered, 62 discovered, 0 enqueued
[29.352s][info][gc,ref      ] GC(25) Final: 1 encountered, 0 discovered, 0 enqueued
[29.352s][info][gc,ref      ] GC(25) Phantom: 752 encountered, 581 discovered, 0 enqueued
[29.353s][info][gc,reloc    ] GC(25) Small Pages: 808 / 1616M, Empty: 0M, Relocated: 38M, In-Place: 0
[29.353s][info][gc,reloc    ] GC(25) Medium Pages: 2 / 64M, Empty: 32M, Relocated: 0M, In-Place: 0
[29.353s][info][gc,reloc    ] GC(25) Large Pages: 36 / 356M, Empty: 18M, Relocated: 0M, In-Place: 0
[29.353s][info][gc,reloc    ] GC(25) Forwarding Usage: 17M
[29.353s][info][gc,heap     ] GC(25) Min Capacity: 2048M(100%)
[29.353s][info][gc,heap     ] GC(25) Max Capacity: 2048M(100%)
[29.353s][info][gc,heap     ] GC(25) Soft Max Capacity: 2048M(100%)
[29.353s][info][gc,heap     ] GC(25)                Mark Start          Mark End        Relocate Start      Relocate End           High               Low         
[29.353s][info][gc,heap     ] GC(25)  Capacity:     2048M (100%)       2048M (100%)       2048M (100%)       2048M (100%)       2048M (100%)       2048M (100%)   
[29.353s][info][gc,heap     ] GC(25)      Free:       12M (1%)            0M (0%)           42M (2%)           94M (5%)           96M (5%)            0M (0%)     
[29.353s][info][gc,heap     ] GC(25)      Used:     2036M (99%)        2048M (100%)       2006M (98%)        1954M (95%)        2048M (100%)       1952M (95%)    
[29.353s][info][gc,heap     ] GC(25)      Live:         -              1704M (83%)        1704M (83%)        1704M (83%)            -                  -          
[29.353s][info][gc,heap     ] GC(25) Allocated:         -                12M (1%)           20M (1%)           77M (4%)             -                  -          
[29.353s][info][gc,heap     ] GC(25)   Garbage:         -               331M (16%)         281M (14%)         171M (8%)             -                  -          
[29.353s][info][gc,heap     ] GC(25) Reclaimed:         -                  -                50M (2%)          159M (8%)             -                  -          
[29.353s][info][gc          ] GC(25) Garbage Collection (Allocation Stall) 2036M(99%)->1954M(95%)
[29.403s][info][gc,start    ] GC(26) Garbage Collection (Allocation Stall)
[29.403s][info][gc,ref      ] GC(26) Clearing All SoftReferences
[29.403s][info][gc,task     ] GC(26) Using 2 workers
[29.403s][info][gc,phases   ] GC(26) Pause Mark Start 0.007ms
[30.107s][info][gc,stats    ] === Garbage Collection Statistics =======================================================================================================================
[30.107s][info][gc,stats    ]                                                              Last 10s              Last 10m              Last 10h                Total
[30.107s][info][gc,stats    ]                                                              Avg / Max             Avg / Max             Avg / Max             Avg / Max
[30.107s][info][gc,stats    ]   Collector: Garbage Collection Cycle                   1012.565 / 1215.582    682.355 / 1215.582    682.355 / 1215.582    682.355 / 1215.582    ms
[30.107s][info][gc,stats    ]  Contention: Mark Segment Reset Contention                     5 / 7                19 / 496              19 / 496              19 / 496         ops/s
[30.107s][info][gc,stats    ]  Contention: Mark SeqNum Reset Contention                      0 / 1                 0 / 4                 0 / 4                 0 / 4           ops/s
[30.107s][info][gc,stats    ]    Critical: Allocation Stall                                  1 / 4                 0 / 4                 0 / 4                 0 / 4           ops/s
[30.107s][info][gc,stats    ]    Critical: Allocation Stall                            436.331 / 990.468     417.606 / 990.468     417.606 / 990.468     417.606 / 990.468     ms
[30.107s][info][gc,stats    ]    Critical: GC Locker Stall                                   0 / 0                 0 / 1                 0 / 1                 0 / 1           ops/s
[30.107s][info][gc,stats    ]    Critical: GC Locker Stall                               0.000 / 0.000         0.000 / 0.000         0.000 / 0.000         0.000 / 0.000       ms
[30.107s][info][gc,stats    ]    Critical: Relocation Stall                                  0 / 0                 0 / 0                 0 / 0                 0 / 0           ops/s
[30.107s][info][gc,stats    ]    Critical: Relocation Stall                              0.000 / 0.000         0.000 / 0.000         0.000 / 0.000         0.000 / 0.000       ms
[30.107s][info][gc,stats    ]      Memory: Allocation Rate                                 257 / 806             410 / 1828            410 / 1828            410 / 1828        MB/s
[30.107s][info][gc,stats    ]      Memory: Out Of Memory                                     0 / 0                 0 / 0                 0 / 0                 0 / 0           ops/s
[30.107s][info][gc,stats    ]      Memory: Page Cache Flush                                 40 / 172              28 / 172              28 / 172              28 / 172         MB/s
[30.107s][info][gc,stats    ]      Memory: Page Cache Hit L1                               121 / 403             178 / 655             178 / 655             178 / 655         ops/s
[30.107s][info][gc,stats    ]      Memory: Page Cache Hit L2                                 0 / 0                 0 / 0                 0 / 0                 0 / 0           ops/s
[30.107s][info][gc,stats    ]      Memory: Page Cache Hit L3                                11 / 33               37 / 289              37 / 289              37 / 289         ops/s
[30.107s][info][gc,stats    ]      Memory: Page Cache Miss                                   2 / 11                1 / 11                1 / 11                1 / 11          ops/s
[30.107s][info][gc,stats    ]      Memory: Uncommit                                          0 / 0                 0 / 0                 0 / 0                 0 / 0           MB/s
[30.107s][info][gc,stats    ]      Memory: Undo Object Allocation Failed                     0 / 0                 0 / 0                 0 / 0                 0 / 0           ops/s
[30.107s][info][gc,stats    ]      Memory: Undo Object Allocation Succeeded                  0 / 0                 5 / 162               5 / 162               5 / 162         ops/s
[30.107s][info][gc,stats    ]      Memory: Undo Page Allocation                              0 / 1                 0 / 1                 0 / 1                 0 / 1           ops/s
[30.107s][info][gc,stats    ]       Phase: Concurrent Mark                             949.219 / 1158.372    578.888 / 1158.372    578.888 / 1158.372    578.888 / 1158.372    ms
[30.107s][info][gc,stats    ]       Phase: Concurrent Mark Continue                      0.000 / 0.000         0.000 / 0.000         0.000 / 0.000         0.000 / 0.000       ms
[30.107s][info][gc,stats    ]       Phase: Concurrent Mark Free                          0.002 / 0.003         0.001 / 0.003         0.001 / 0.003         0.001 / 0.003       ms
[30.107s][info][gc,stats    ]       Phase: Concurrent Process Non-Strong References      6.527 / 12.565        5.996 / 13.489        5.996 / 13.489        5.996 / 13.489      ms
[30.107s][info][gc,stats    ]       Phase: Concurrent Relocate                          45.009 / 111.237      80.696 / 247.779      80.696 / 247.779      80.696 / 247.779     ms
[30.107s][info][gc,stats    ]       Phase: Concurrent Reset Relocation Set               0.012 / 0.027         0.020 / 0.051         0.020 / 0.051         0.020 / 0.051       ms
[30.107s][info][gc,stats    ]       Phase: Concurrent Select Relocation Set             10.639 / 27.551       14.366 / 40.244       14.366 / 40.244       14.366 / 40.244      ms
[30.107s][info][gc,stats    ]       Phase: Pause Mark End                                0.020 / 0.030         0.017 / 0.030         0.017 / 0.030         0.017 / 0.030       ms
[30.107s][info][gc,stats    ]       Phase: Pause Mark Start                              0.010 / 0.014         0.010 / 0.030         0.010 / 0.030         0.010 / 0.030       ms
[30.107s][info][gc,stats    ]       Phase: Pause Relocate Start                          0.011 / 0.014         0.011 / 0.018         0.011 / 0.018         0.011 / 0.018       ms
[30.108s][info][gc,stats    ]    Subphase: Concurrent Classes Purge                      0.243 / 0.286         0.212 / 0.418         0.212 / 0.418         0.212 / 0.418       ms
[30.108s][info][gc,stats    ]    Subphase: Concurrent Classes Unlink                     5.329 / 11.096        4.829 / 11.952        4.829 / 11.952        4.829 / 11.952      ms
[30.108s][info][gc,stats    ]    Subphase: Concurrent Mark                             942.048 / 1155.457    572.819 / 1155.457    572.819 / 1155.457    572.819 / 1155.457    ms
[30.108s][info][gc,stats    ]    Subphase: Concurrent Mark Try Flush                     0.136 / 0.496         0.107 / 0.496         0.107 / 0.496         0.107 / 0.496       ms
[30.108s][info][gc,stats    ]    Subphase: Concurrent Mark Try Terminate                 3.889 / 16.149        3.368 / 16.656        3.368 / 16.656        3.368 / 16.656      ms
[30.108s][info][gc,stats    ]    Subphase: Concurrent References Enqueue                 0.004 / 0.008         0.004 / 0.008         0.004 / 0.008         0.004 / 0.008       ms
[30.108s][info][gc,stats    ]    Subphase: Concurrent References Process                 0.246 / 0.436         0.228 / 0.515         0.228 / 0.515         0.228 / 0.515       ms
[30.108s][info][gc,stats    ]    Subphase: Concurrent Roots ClassLoaderDataGraph         0.146 / 0.299         0.146 / 0.429         0.146 / 0.429         0.146 / 0.429       ms
[30.108s][info][gc,stats    ]    Subphase: Concurrent Roots CodeCache                    0.000 / 0.000         0.000 / 0.000         0.000 / 0.000         0.000 / 0.000       ms
[30.108s][info][gc,stats    ]    Subphase: Concurrent Roots JavaThreads                  1.883 / 2.330         1.468 / 2.330         1.468 / 2.330         1.468 / 2.330       ms
[30.108s][info][gc,stats    ]    Subphase: Concurrent Roots OopStorageSet                0.035 / 0.053         0.038 / 0.095         0.038 / 0.095         0.038 / 0.095       ms
[30.108s][info][gc,stats    ]    Subphase: Concurrent Weak Roots OopStorageSet           0.516 / 0.742         0.538 / 0.888         0.538 / 0.888         0.538 / 0.888       ms
[30.108s][info][gc,stats    ]    Subphase: Pause Mark Try Complete                       0.000 / 0.000         0.000 / 0.000         0.000 / 0.000         0.000 / 0.000       ms
[30.108s][info][gc,stats    ]      System: Java Threads                                     36 / 38               31 / 38               31 / 38               31 / 38          threads
[30.108s][info][gc,stats    ] =========================================================================================================================================================
[30.379s][info][gc,phases   ] GC(26) Concurrent Mark 976.085ms
[30.380s][info][gc,phases   ] GC(26) Pause Mark End 0.021ms
[30.380s][info][gc,phases   ] GC(26) Concurrent Mark Free 0.001ms
[30.386s][info][gc,phases   ] GC(26) Concurrent Process Non-Strong References 6.708ms
[30.387s][info][gc,phases   ] GC(26) Concurrent Reset Relocation Set 0.010ms
[30.387s][info][gc          ] Allocation Stall (main) 981.659ms
[30.387s][info][gc          ] Allocation Stall (neo4j.Scheduler-1) 936.160ms
[30.387s][info][gc          ] Allocation Stall (neo4j.VmPauseMonitor-1) 839.600ms
[30.390s][info][gc,phases   ] GC(26) Concurrent Select Relocation Set 3.554ms
[30.390s][info][gc,phases   ] GC(26) Pause Relocate Start 0.010ms
[30.392s][info][gc,phases   ] GC(26) Concurrent Relocate 2.086ms
[30.392s][info][gc,load     ] GC(26) Load: 0.00/0.00/0.00
[30.393s][info][gc,mmu      ] GC(26) MMU: 2ms/98.5%, 5ms/99.4%, 10ms/99.7%, 20ms/99.8%, 50ms/99.9%, 100ms/100.0%
[30.393s][info][gc,marking  ] GC(26) Mark: 2 stripe(s), 2 proactive flush(es), 1 terminate flush(es), 0 completion(s), 0 continuation(s) 
[30.393s][info][gc,marking  ] GC(26) Mark Stack Usage: 32M
[30.393s][info][gc,nmethod  ] GC(26) NMethods: 6300 registered, 832 unregistered
[30.393s][info][gc,metaspace] GC(26) Metaspace: 62M used, 63M committed, 1088M reserved
[30.393s][info][gc,ref      ] GC(26) Soft: 2427 encountered, 256 discovered, 0 enqueued
[30.393s][info][gc,ref      ] GC(26) Weak: 3880 encountered, 1074 discovered, 0 enqueued
[30.393s][info][gc,ref      ] GC(26) Final: 1 encountered, 0 discovered, 0 enqueued
[30.393s][info][gc,ref      ] GC(26) Phantom: 752 encountered, 582 discovered, 0 enqueued
[30.393s][info][gc,reloc    ] GC(26) Small Pages: 838 / 1676M, Empty: 156M, Relocated: 3M, In-Place: 0
[30.393s][info][gc,reloc    ] GC(26) Medium Pages: 1 / 32M, Empty: 0M, Relocated: 0M, In-Place: 0
[30.393s][info][gc,reloc    ] GC(26) Large Pages: 34 / 338M, Empty: 0M, Relocated: 0M, In-Place: 0
[30.393s][info][gc,reloc    ] GC(26) Forwarding Usage: 1M
[30.393s][info][gc,heap     ] GC(26) Min Capacity: 2048M(100%)
[30.393s][info][gc,heap     ] GC(26) Max Capacity: 2048M(100%)
[30.393s][info][gc,heap     ] GC(26) Soft Max Capacity: 2048M(100%)
[30.393s][info][gc,heap     ] GC(26)                Mark Start          Mark End        Relocate Start      Relocate End           High               Low         
[30.393s][info][gc,heap     ] GC(26)  Capacity:     2048M (100%)       2048M (100%)       2048M (100%)       2048M (100%)       2048M (100%)       2048M (100%)   
[30.393s][info][gc,heap     ] GC(26)      Free:        2M (0%)            0M (0%)          140M (7%)          152M (7%)          152M (7%)            0M (0%)     
[30.393s][info][gc,heap     ] GC(26)      Used:     2046M (100%)       2048M (100%)       1908M (93%)        1896M (93%)        2048M (100%)       1896M (93%)    
[30.393s][info][gc,heap     ] GC(26)      Live:         -              1704M (83%)        1704M (83%)        1704M (83%)            -                  -          
[30.393s][info][gc,heap     ] GC(26) Allocated:         -                 2M (0%)           18M (1%)           19M (1%)             -                  -          
[30.393s][info][gc,heap     ] GC(26)   Garbage:         -               341M (17%)         185M (9%)          171M (8%)             -                  -          
[30.393s][info][gc,heap     ] GC(26) Reclaimed:         -                  -               156M (8%)          169M (8%)             -                  -          
[30.393s][info][gc          ] GC(26) Garbage Collection (Allocation Stall) 2046M(100%)->1896M(93%)
[30.395s][info][gc,start    ] GC(27) Garbage Collection (Allocation Stall)
[30.395s][info][gc,ref      ] GC(27) Clearing All SoftReferences
[30.396s][info][gc,task     ] GC(27) Using 2 workers
[30.396s][info][gc,phases   ] GC(27) Pause Mark Start 0.009ms
[31.353s][info][gc,phases   ] GC(27) Concurrent Mark 957.137ms
[31.353s][info][gc,phases   ] GC(27) Pause Mark End 0.022ms
[31.354s][info][gc,phases   ] GC(27) Concurrent Mark Free 0.002ms
[31.361s][info][gc,phases   ] GC(27) Concurrent Process Non-Strong References 7.098ms
[31.361s][info][gc,phases   ] GC(27) Concurrent Reset Relocation Set 0.002ms
[31.362s][info][gc          ] Allocation Stall (neo4j.Scheduler-1) 344.638ms
[31.362s][info][gc          ] Allocation Stall (neo4j.VmPauseMonitor-1) 774.921ms
[31.362s][info][gc          ] Allocation Stall (main) 872.247ms
[31.362s][info][gc,phases   ] GC(27) Concurrent Select Relocation Set 1.615ms
[31.363s][info][gc,phases   ] GC(27) Pause Relocate Start 0.010ms
[31.364s][info][gc,phases   ] GC(27) Concurrent Relocate 1.249ms
[31.364s][info][gc,load     ] GC(27) Load: 0.00/0.00/0.00
[31.364s][info][gc,mmu      ] GC(27) MMU: 2ms/98.5%, 5ms/99.4%, 10ms/99.7%, 20ms/99.8%, 50ms/99.9%, 100ms/100.0%
[31.364s][info][gc,marking  ] GC(27) Mark: 2 stripe(s), 2 proactive flush(es), 1 terminate flush(es), 0 completion(s), 0 continuation(s) 
[31.364s][info][gc,marking  ] GC(27) Mark Stack Usage: 32M
[31.364s][info][gc,nmethod  ] GC(27) NMethods: 6326 registered, 832 unregistered
[31.364s][info][gc,metaspace] GC(27) Metaspace: 62M used, 63M committed, 1088M reserved
[31.364s][info][gc,ref      ] GC(27) Soft: 2427 encountered, 247 discovered, 0 enqueued
[31.364s][info][gc,ref      ] GC(27) Weak: 3880 encountered, 88 discovered, 0 enqueued
[31.364s][info][gc,ref      ] GC(27) Final: 1 encountered, 0 discovered, 0 enqueued
[31.364s][info][gc,ref      ] GC(27) Phantom: 752 encountered, 587 discovered, 0 enqueued
[31.364s][info][gc,reloc    ] GC(27) Small Pages: 766 / 1532M, Empty: 14M, Relocated: 1M, In-Place: 0
[31.364s][info][gc,reloc    ] GC(27) Medium Pages: 1 / 32M, Empty: 0M, Relocated: 0M, In-Place: 0
[31.364s][info][gc,reloc    ] GC(27) Large Pages: 34 / 338M, Empty: 0M, Relocated: 0M, In-Place: 0
[31.364s][info][gc,reloc    ] GC(27) Forwarding Usage: 0M
[31.364s][info][gc,heap     ] GC(27) Min Capacity: 2048M(100%)
[31.364s][info][gc,heap     ] GC(27) Max Capacity: 2048M(100%)
[31.364s][info][gc,heap     ] GC(27) Soft Max Capacity: 2048M(100%)
[31.364s][info][gc,heap     ] GC(27)                Mark Start          Mark End        Relocate Start      Relocate End           High               Low         
[31.364s][info][gc,heap     ] GC(27)  Capacity:     2048M (100%)       2048M (100%)       2048M (100%)       2048M (100%)       2048M (100%)       2048M (100%)   
[31.364s][info][gc,heap     ] GC(27)      Free:      146M (7%)            0M (0%)            6M (0%)           16M (1%)          146M (7%)            0M (0%)     
[31.364s][info][gc,heap     ] GC(27)      Used:     1902M (93%)        2048M (100%)       2042M (100%)       2032M (99%)        2048M (100%)       1902M (93%)    
[31.364s][info][gc,heap     ] GC(27)      Live:         -              1704M (83%)        1704M (83%)        1704M (83%)            -                  -          
[31.364s][info][gc,heap     ] GC(27) Allocated:         -               146M (7%)          154M (8%)          155M (8%)             -                  -          
[31.364s][info][gc,heap     ] GC(27)   Garbage:         -               197M (10%)         183M (9%)          171M (8%)             -                  -          
[31.364s][info][gc,heap     ] GC(27) Reclaimed:         -                  -                14M (1%)           25M (1%)             -                  -          
[31.364s][info][gc          ] GC(27) Garbage Collection (Allocation Stall) 1902M(93%)->2032M(99%)
[31.372s][info][gc,start    ] GC(28) Garbage Collection (Allocation Stall)
[31.372s][info][gc,ref      ] GC(28) Clearing All SoftReferences
[31.372s][info][gc,task     ] GC(28) Using 2 workers
[31.372s][info][gc,phases   ] GC(28) Pause Mark Start 0.005ms
[32.331s][info][gc,phases   ] GC(28) Concurrent Mark 959.051ms
[32.332s][info][gc,phases   ] GC(28) Pause Mark End 0.018ms
[32.332s][info][gc,phases   ] GC(28) Concurrent Mark Free 0.002ms
[32.338s][info][gc,phases   ] GC(28) Concurrent Process Non-Strong References 5.902ms
[32.338s][info][gc,phases   ] GC(28) Concurrent Reset Relocation Set 0.002ms
[32.339s][info][gc          ] Allocation Stall (neo4j.Scheduler-1) 889.870ms
[32.339s][info][gc          ] Allocation Stall (neo4j.VmPauseMonitor-1) 774.165ms
[32.339s][info][gc          ] Allocation Stall (main) 967.320ms
[32.341s][info][gc,phases   ] GC(28) Concurrent Select Relocation Set 3.543ms
[32.342s][info][gc,phases   ] GC(28) Pause Relocate Start 0.015ms
[32.342s][info][gc          ] Relocation Stall (main) 0.755ms
[32.347s][info][gc          ] Allocation Stall (main) 0.866ms
[32.360s][info][gc,phases   ] GC(28) Concurrent Relocate 18.174ms
[32.360s][info][gc,load     ] GC(28) Load: 0.00/0.00/0.00
[32.360s][info][gc,mmu      ] GC(28) MMU: 2ms/98.5%, 5ms/99.4%, 10ms/99.7%, 20ms/99.8%, 50ms/99.9%, 100ms/100.0%
[32.360s][info][gc,marking  ] GC(28) Mark: 2 stripe(s), 2 proactive flush(es), 1 terminate flush(es), 0 completion(s), 0 continuation(s) 
[32.360s][info][gc,marking  ] GC(28) Mark Stack Usage: 32M
[32.360s][info][gc,nmethod  ] GC(28) NMethods: 6326 registered, 832 unregistered
[32.360s][info][gc,metaspace] GC(28) Metaspace: 62M used, 63M committed, 1088M reserved
[32.360s][info][gc,ref      ] GC(28) Soft: 2430 encountered, 221 discovered, 3 enqueued
[32.360s][info][gc,ref      ] GC(28) Weak: 3886 encountered, 78 discovered, 0 enqueued
[32.360s][info][gc,ref      ] GC(28) Final: 1 encountered, 0 discovered, 0 enqueued
[32.360s][info][gc,ref      ] GC(28) Phantom: 752 encountered, 572 discovered, 0 enqueued
[32.360s][info][gc,reloc    ] GC(28) Small Pages: 823 / 1646M, Empty: 20M, Relocated: 13M, In-Place: 0
[32.360s][info][gc,reloc    ] GC(28) Medium Pages: 2 / 64M, Empty: 0M, Relocated: 11M, In-Place: 1
[32.360s][info][gc,reloc    ] GC(28) Large Pages: 34 / 338M, Empty: 0M, Relocated: 0M, In-Place: 0
[32.360s][info][gc,reloc    ] GC(28) Forwarding Usage: 8M
[32.360s][info][gc,heap     ] GC(28) Min Capacity: 2048M(100%)
[32.360s][info][gc,heap     ] GC(28) Max Capacity: 2048M(100%)
[32.360s][info][gc,heap     ] GC(28) Soft Max Capacity: 2048M(100%)
[32.360s][info][gc,heap     ] GC(28)                Mark Start          Mark End        Relocate Start      Relocate End           High               Low         
[32.360s][info][gc,heap     ] GC(28)  Capacity:     2048M (100%)       2048M (100%)       2048M (100%)       2048M (100%)       2048M (100%)       2048M (100%)   
[32.360s][info][gc,heap     ] GC(28)      Free:        0M (0%)            0M (0%)            8M (0%)          108M (5%)          108M (5%)            0M (0%)     
[32.360s][info][gc,heap     ] GC(28)      Used:     2048M (100%)       2048M (100%)       2040M (100%)       1940M (95%)        2048M (100%)       1940M (95%)    
[32.360s][info][gc,heap     ] GC(28)      Live:         -              1716M (84%)        1716M (84%)        1716M (84%)            -                  -          
[32.360s][info][gc,heap     ] GC(28) Allocated:         -                 0M (0%)           12M (1%)           55M (3%)             -                  -          
[32.360s][info][gc,heap     ] GC(28)   Garbage:         -               331M (16%)         311M (15%)         167M (8%)             -                  -          
[32.360s][info][gc,heap     ] GC(28) Reclaimed:         -                  -                20M (1%)          163M (8%)             -                  -          
[32.360s][info][gc          ] GC(28) Garbage Collection (Allocation Stall) 2048M(100%)->1940M(95%)
[32.395s][info][gc,start    ] GC(29) Garbage Collection (Allocation Stall)
[32.395s][info][gc,ref      ] GC(29) Clearing All SoftReferences
[32.395s][info][gc,task     ] GC(29) Using 2 workers
[32.395s][info][gc,phases   ] GC(29) Pause Mark Start 0.014ms
[33.358s][info][gc,phases   ] GC(29) Concurrent Mark 962.147ms
[33.358s][info][gc,phases   ] GC(29) Pause Mark End 0.022ms
[33.358s][info][gc,phases   ] GC(29) Concurrent Mark Free 0.001ms
[33.364s][info][gc,phases   ] GC(29) Concurrent Process Non-Strong References 6.125ms
[33.364s][info][gc,phases   ] GC(29) Concurrent Reset Relocation Set 0.007ms
[33.366s][info][gc,phases   ] GC(29) Concurrent Select Relocation Set 1.877ms
[33.366s][info][gc,phases   ] GC(29) Pause Relocate Start 0.010ms
[33.367s][info][gc          ] Allocation Stall (neo4j.Scheduler-1) 361.936ms
[33.367s][info][gc          ] Allocation Stall (neo4j.VmPauseMonitor-1) 826.001ms
[33.368s][info][gc          ] Allocation Stall (neo4j.StorageMaintenance-2) 0.477ms
[33.378s][info][gc          ] Relocation Stall (main) 11.251ms
[33.378s][info][gc          ] Allocation Stall (main) 969.472ms
[33.379s][info][gc,phases   ] GC(29) Concurrent Relocate 12.706ms
[33.379s][info][gc,load     ] GC(29) Load: 0.00/0.00/0.00
[33.379s][info][gc,mmu      ] GC(29) MMU: 2ms/98.5%, 5ms/99.4%, 10ms/99.7%, 20ms/99.8%, 50ms/99.9%, 100ms/100.0%
[33.379s][info][gc,marking  ] GC(29) Mark: 2 stripe(s), 2 proactive flush(es), 1 terminate flush(es), 0 completion(s), 0 continuation(s) 
[33.379s][info][gc,marking  ] GC(29) Mark Stack Usage: 32M
[33.379s][info][gc,nmethod  ] GC(29) NMethods: 6330 registered, 832 unregistered
[33.379s][info][gc,metaspace] GC(29) Metaspace: 62M used, 63M committed, 1088M reserved
[33.379s][info][gc,ref      ] GC(29) Soft: 2430 encountered, 244 discovered, 3 enqueued
[33.379s][info][gc,ref      ] GC(29) Weak: 3886 encountered, 86 discovered, 0 enqueued
[33.379s][info][gc,ref      ] GC(29) Final: 1 encountered, 0 discovered, 0 enqueued
[33.379s][info][gc,ref      ] GC(29) Phantom: 752 encountered, 421 discovered, 0 enqueued
[33.379s][info][gc,reloc    ] GC(29) Small Pages: 810 / 1620M, Empty: 0M, Relocated: 10M, In-Place: 1
[33.379s][info][gc,reloc    ] GC(29) Medium Pages: 2 / 64M, Empty: 0M, Relocated: 12M, In-Place: 1
[33.379s][info][gc,reloc    ] GC(29) Large Pages: 34 / 338M, Empty: 0M, Relocated: 0M, In-Place: 0
[33.379s][info][gc,reloc    ] GC(29) Forwarding Usage: 6M
[33.379s][info][gc,heap     ] GC(29) Min Capacity: 2048M(100%)
[33.379s][info][gc,heap     ] GC(29) Max Capacity: 2048M(100%)
[33.379s][info][gc,heap     ] GC(29) Soft Max Capacity: 2048M(100%)
[33.379s][info][gc,heap     ] GC(29)                Mark Start          Mark End        Relocate Start      Relocate End           High               Low         
[33.379s][info][gc,heap     ] GC(29)  Capacity:     2048M (100%)       2048M (100%)       2048M (100%)       2048M (100%)       2048M (100%)       2048M (100%)   
[33.379s][info][gc,heap     ] GC(29)      Free:       26M (1%)            0M (0%)            0M (0%)          118M (6%)          118M (6%)            0M (0%)     
[33.379s][info][gc,heap     ] GC(29)      Used:     2022M (99%)        2048M (100%)       2048M (100%)       1930M (94%)        2048M (100%)       1930M (94%)    
[33.379s][info][gc,heap     ] GC(29)      Live:         -              1728M (84%)        1728M (84%)        1728M (84%)            -                  -          
[33.379s][info][gc,heap     ] GC(29) Allocated:         -                26M (1%)           26M (1%)           34M (2%)             -                  -          
[33.379s][info][gc,heap     ] GC(29)   Garbage:         -               293M (14%)         293M (14%)         167M (8%)             -                  -          
[33.379s][info][gc,heap     ] GC(29) Reclaimed:         -                  -                 0M (0%)          126M (6%)             -                  -          
[33.379s][info][gc          ] GC(29) Garbage Collection (Allocation Stall) 2022M(99%)->1930M(94%)
[33.405s][info][gc,start    ] GC(30) Garbage Collection (Allocation Stall)
[33.405s][info][gc,ref      ] GC(30) Clearing All SoftReferences
[33.405s][info][gc,task     ] GC(30) Using 2 workers
[33.405s][info][gc,phases   ] GC(30) Pause Mark Start 0.009ms
[34.370s][info][gc,phases   ] GC(30) Concurrent Mark 965.179ms
[34.370s][info][gc,phases   ] GC(30) Pause Mark End 0.023ms
[34.371s][info][gc,phases   ] GC(30) Concurrent Mark Free 0.002ms
[34.377s][info][gc,phases   ] GC(30) Concurrent Process Non-Strong References 6.761ms
[34.377s][info][gc,phases   ] GC(30) Concurrent Reset Relocation Set 0.008ms
[34.381s][info][gc,phases   ] GC(30) Concurrent Select Relocation Set 3.799ms
[34.381s][info][gc,phases   ] GC(30) Pause Relocate Start 0.010ms
[34.382s][info][gc          ] Allocation Stall (neo4j.Scheduler-1) 929.710ms
[34.382s][info][gc          ] Allocation Stall (neo4j.VmPauseMonitor-1) 812.846ms
[34.383s][info][gc          ] Allocation Stall (neo4j.TransactionTimeoutMonitor-2) 0.284ms
[34.383s][info][gc          ] Allocation Stall (neo4j.StorageMaintenance-2) 0.601ms
[34.383s][info][gc          ] Allocation Stall (neo4j.StorageMaintenance-3) 0.629ms
[34.392s][info][gc          ] Relocation Stall (main) 9.950ms
[34.392s][info][gc          ] Allocation Stall (main) 946.745ms
[34.394s][info][gc,phases   ] GC(30) Concurrent Relocate 12.790ms
[34.394s][info][gc,load     ] GC(30) Load: 0.00/0.00/0.00
[34.394s][info][gc,mmu      ] GC(30) MMU: 2ms/98.5%, 5ms/99.4%, 10ms/99.7%, 20ms/99.8%, 50ms/99.9%, 100ms/100.0%
[34.394s][info][gc,marking  ] GC(30) Mark: 2 stripe(s), 2 proactive flush(es), 1 terminate flush(es), 0 completion(s), 0 continuation(s) 
[34.394s][info][gc,marking  ] GC(30) Mark Stack Usage: 32M
[34.394s][info][gc,nmethod  ] GC(30) NMethods: 6333 registered, 832 unregistered
[34.394s][info][gc,metaspace] GC(30) Metaspace: 62M used, 63M committed, 1088M reserved
[34.394s][info][gc,ref      ] GC(30) Soft: 2430 encountered, 234 discovered, 3 enqueued
[34.394s][info][gc,ref      ] GC(30) Weak: 3886 encountered, 78 discovered, 0 enqueued
[34.394s][info][gc,ref      ] GC(30) Final: 1 encountered, 0 discovered, 0 enqueued
[34.394s][info][gc,ref      ] GC(30) Phantom: 752 encountered, 516 discovered, 0 enqueued
[34.394s][info][gc,reloc    ] GC(30) Small Pages: 803 / 1606M, Empty: 0M, Relocated: 13M, In-Place: 2
[34.395s][info][gc,reloc    ] GC(30) Medium Pages: 1 / 32M, Empty: 0M, Relocated: 0M, In-Place: 0
[34.395s][info][gc,reloc    ] GC(30) Large Pages: 35 / 344M, Empty: 0M, Relocated: 0M, In-Place: 0
[34.395s][info][gc,reloc    ] GC(30) Forwarding Usage: 7M
[34.395s][info][gc,heap     ] GC(30) Min Capacity: 2048M(100%)
[34.395s][info][gc,heap     ] GC(30) Max Capacity: 2048M(100%)
[34.395s][info][gc,heap     ] GC(30) Soft Max Capacity: 2048M(100%)
[34.395s][info][gc,heap     ] GC(30)                Mark Start          Mark End        Relocate Start      Relocate End           High               Low         
[34.395s][info][gc,heap     ] GC(30)  Capacity:     2048M (100%)       2048M (100%)       2048M (100%)       2048M (100%)       2048M (100%)       2048M (100%)   
[34.395s][info][gc,heap     ] GC(30)      Free:       66M (3%)            0M (0%)            0M (0%)           64M (3%)           66M (3%)            0M (0%)     
[34.395s][info][gc,heap     ] GC(30)      Used:     1982M (97%)        2048M (100%)       2048M (100%)       1984M (97%)        2048M (100%)       1982M (97%)    
[34.395s][info][gc,heap     ] GC(30)      Live:         -              1739M (85%)        1739M (85%)        1739M (85%)            -                  -          
[34.395s][info][gc,heap     ] GC(30) Allocated:         -                66M (3%)           66M (3%)           76M (4%)             -                  -          
[34.395s][info][gc,heap     ] GC(30)   Garbage:         -               242M (12%)         242M (12%)         168M (8%)             -                  -          
[34.395s][info][gc,heap     ] GC(30) Reclaimed:         -                  -                 0M (0%)           74M (4%)             -                  -          
[34.395s][info][gc          ] GC(30) Garbage Collection (Allocation Stall) 1982M(97%)->1984M(97%)
[34.402s][info][gc,start    ] GC(31) Garbage Collection (Allocation Stall)
[34.402s][info][gc,ref      ] GC(31) Clearing All SoftReferences
[34.402s][info][gc,task     ] GC(31) Using 2 workers
[34.402s][info][gc,phases   ] GC(31) Pause Mark Start 0.008ms
[35.392s][info][gc,phases   ] GC(31) Concurrent Mark 990.075ms
[35.393s][info][gc,phases   ] GC(31) Pause Mark End 0.023ms
[35.393s][info][gc,phases   ] GC(31) Concurrent Mark Free 0.002ms
[35.399s][info][gc,phases   ] GC(31) Concurrent Process Non-Strong References 6.155ms
[35.399s][info][gc,phases   ] GC(31) Concurrent Reset Relocation Set 0.004ms
[35.401s][info][gc,phases   ] GC(31) Concurrent Select Relocation Set 1.587ms
[35.401s][info][gc,phases   ] GC(31) Pause Relocate Start 0.008ms
[35.401s][info][gc          ] Allocation Stall (main) 966.472ms
[35.402s][info][gc          ] Allocation Stall (neo4j.VmPauseMonitor-1) 807.253ms
[35.402s][info][gc          ] Allocation Stall (neo4j.Scheduler-1) 391.389ms
[35.419s][info][gc,phases   ] GC(31) Concurrent Relocate 17.579ms
[35.419s][info][gc,load     ] GC(31) Load: 0.00/0.00/0.00
[35.419s][info][gc,mmu      ] GC(31) MMU: 2ms/98.5%, 5ms/99.4%, 10ms/99.7%, 20ms/99.8%, 50ms/99.9%, 100ms/100.0%
[35.419s][info][gc,marking  ] GC(31) Mark: 2 stripe(s), 2 proactive flush(es), 1 terminate flush(es), 0 completion(s), 0 continuation(s) 
[35.419s][info][gc,marking  ] GC(31) Mark Stack Usage: 32M
[35.419s][info][gc,nmethod  ] GC(31) NMethods: 6336 registered, 832 unregistered
[35.419s][info][gc,metaspace] GC(31) Metaspace: 62M used, 63M committed, 1088M reserved
[35.419s][info][gc,ref      ] GC(31) Soft: 2430 encountered, 237 discovered, 3 enqueued
[35.419s][info][gc,ref      ] GC(31) Weak: 3886 encountered, 75 discovered, 0 enqueued
[35.419s][info][gc,ref      ] GC(31) Final: 1 encountered, 0 discovered, 0 enqueued
[35.419s][info][gc,ref      ] GC(31) Phantom: 752 encountered, 621 discovered, 0 enqueued
[35.419s][info][gc,reloc    ] GC(31) Small Pages: 812 / 1624M, Empty: 0M, Relocated: 13M, In-Place: 2
[35.419s][info][gc,reloc    ] GC(31) Medium Pages: 1 / 32M, Empty: 0M, Relocated: 0M, In-Place: 0
[35.419s][info][gc,reloc    ] GC(31) Large Pages: 35 / 344M, Empty: 0M, Relocated: 0M, In-Place: 0
[35.419s][info][gc,reloc    ] GC(31) Forwarding Usage: 7M
[35.419s][info][gc,heap     ] GC(31) Min Capacity: 2048M(100%)
[35.419s][info][gc,heap     ] GC(31) Max Capacity: 2048M(100%)
[35.419s][info][gc,heap     ] GC(31) Soft Max Capacity: 2048M(100%)
[35.419s][info][gc,heap     ] GC(31)                Mark Start          Mark End        Relocate Start      Relocate End           High               Low         
[35.419s][info][gc,heap     ] GC(31)  Capacity:     2048M (100%)       2048M (100%)       2048M (100%)       2048M (100%)       2048M (100%)       2048M (100%)   
[35.419s][info][gc,heap     ] GC(31)      Free:       48M (2%)            0M (0%)            0M (0%)           50M (2%)           54M (3%)            0M (0%)     
[35.419s][info][gc,heap     ] GC(31)      Used:     2000M (98%)        2048M (100%)       2048M (100%)       1998M (98%)        2048M (100%)       1994M (97%)    
[35.419s][info][gc,heap     ] GC(31)      Live:         -              1748M (85%)        1748M (85%)        1748M (85%)            -                  -          
[35.419s][info][gc,heap     ] GC(31) Allocated:         -                48M (2%)           48M (2%)           82M (4%)             -                  -          
[35.419s][info][gc,heap     ] GC(31)   Garbage:         -               251M (12%)         251M (12%)         167M (8%)             -                  -          
[35.419s][info][gc,heap     ] GC(31) Reclaimed:         -                  -                 0M (0%)           84M (4%)             -                  -          
[35.419s][info][gc          ] GC(31) Garbage Collection (Allocation Stall) 2000M(98%)->1998M(98%)
[35.442s][info][gc,start    ] GC(32) Garbage Collection (Allocation Stall)
[35.442s][info][gc,ref      ] GC(32) Clearing All SoftReferences
[35.442s][info][gc,task     ] GC(32) Using 2 workers
[35.442s][info][gc,phases   ] GC(32) Pause Mark Start 0.005ms
[36.435s][info][gc,phases   ] GC(32) Concurrent Mark 992.899ms
[36.435s][info][gc,phases   ] GC(32) Pause Mark End 0.023ms
[36.435s][info][gc,phases   ] GC(32) Concurrent Mark Free 0.002ms
[36.442s][info][gc,phases   ] GC(32) Concurrent Process Non-Strong References 6.768ms
[36.442s][info][gc,phases   ] GC(32) Concurrent Reset Relocation Set 0.007ms
[36.444s][info][gc          ] Allocation Stall (neo4j.Scheduler-1) 424.128ms
[36.444s][info][gc          ] Allocation Stall (neo4j.VmPauseMonitor-1) 839.373ms
[36.444s][info][gc          ] Allocation Stall (main) 1001.934ms
[36.446s][info][gc,phases   ] GC(32) Concurrent Select Relocation Set 4.045ms
[36.446s][info][gc,phases   ] GC(32) Pause Relocate Start 0.007ms
[36.447s][info][gc          ] Allocation Stall (neo4j.StorageMaintenance-3) 3.241ms
[36.447s][info][gc          ] Allocation Stall (neo4j.StorageMaintenance-2) 3.306ms
[36.447s][info][gc          ] Allocation Stall (main) 2.021ms
[36.464s][info][gc,phases   ] GC(32) Concurrent Relocate 18.052ms
[36.465s][info][gc,load     ] GC(32) Load: 0.00/0.00/0.00
[36.465s][info][gc,mmu      ] GC(32) MMU: 2ms/98.5%, 5ms/99.4%, 10ms/99.7%, 20ms/99.8%, 50ms/99.9%, 100ms/100.0%
[36.465s][info][gc,marking  ] GC(32) Mark: 2 stripe(s), 2 proactive flush(es), 1 terminate flush(es), 0 completion(s), 0 continuation(s) 
[36.465s][info][gc,marking  ] GC(32) Mark Stack Usage: 32M
[36.465s][info][gc,nmethod  ] GC(32) NMethods: 6339 registered, 832 unregistered
[36.465s][info][gc,metaspace] GC(32) Metaspace: 62M used, 63M committed, 1088M reserved
[36.465s][info][gc,ref      ] GC(32) Soft: 2430 encountered, 255 discovered, 3 enqueued
[36.465s][info][gc,ref      ] GC(32) Weak: 3886 encountered, 74 discovered, 0 enqueued
[36.465s][info][gc,ref      ] GC(32) Final: 1 encountered, 0 discovered, 0 enqueued
[36.465s][info][gc,ref      ] GC(32) Phantom: 752 encountered, 550 discovered, 0 enqueued
[36.465s][info][gc,reloc    ] GC(32) Small Pages: 832 / 1664M, Empty: 0M, Relocated: 15M, In-Place: 2
[36.465s][info][gc,reloc    ] GC(32) Medium Pages: 1 / 32M, Empty: 0M, Relocated: 0M, In-Place: 0
[36.465s][info][gc,reloc    ] GC(32) Large Pages: 36 / 352M, Empty: 6M, Relocated: 0M, In-Place: 0
[36.465s][info][gc,reloc    ] GC(32) Forwarding Usage: 8M
[36.465s][info][gc,heap     ] GC(32) Min Capacity: 2048M(100%)
[36.465s][info][gc,heap     ] GC(32) Max Capacity: 2048M(100%)
[36.465s][info][gc,heap     ] GC(32) Soft Max Capacity: 2048M(100%)
[36.465s][info][gc,heap     ] GC(32)                Mark Start          Mark End        Relocate Start      Relocate End           High               Low         
[36.465s][info][gc,heap     ] GC(32)  Capacity:     2048M (100%)       2048M (100%)       2048M (100%)       2048M (100%)       2048M (100%)       2048M (100%)   
[36.465s][info][gc,heap     ] GC(32)      Free:        0M (0%)            0M (0%)            0M (0%)           78M (4%)           78M (4%)            0M (0%)     
[36.465s][info][gc,heap     ] GC(32)      Used:     2048M (100%)       2048M (100%)       2048M (100%)       1970M (96%)        2048M (100%)       1970M (96%)    
[36.465s][info][gc,heap     ] GC(32)      Live:         -              1763M (86%)        1763M (86%)        1763M (86%)            -                  -          
[36.465s][info][gc,heap     ] GC(32) Allocated:         -                 0M (0%)            6M (0%)           40M (2%)             -                  -          
[36.465s][info][gc,heap     ] GC(32)   Garbage:         -               284M (14%)         278M (14%)         166M (8%)             -                  -          
[36.465s][info][gc,heap     ] GC(32) Reclaimed:         -                  -                 6M (0%)          118M (6%)             -                  -          
[36.465s][info][gc          ] GC(32) Garbage Collection (Allocation Stall) 2048M(100%)->1970M(96%)
[36.498s][info][gc,start    ] GC(33) Garbage Collection (Allocation Stall)
[36.500s][info][gc,ref      ] GC(33) Clearing All SoftReferences
[36.500s][info][gc,task     ] GC(33) Using 2 workers
[36.501s][info][gc,phases   ] GC(33) Pause Mark Start 0.012ms
[37.478s][info][gc,phases   ] GC(33) Concurrent Mark 976.972ms
[37.478s][info][gc,phases   ] GC(33) Pause Mark End 0.014ms
[37.478s][info][gc,phases   ] GC(33) Concurrent Mark Free 0.001ms
[37.484s][info][gc,phases   ] GC(33) Concurrent Process Non-Strong References 5.858ms
[37.484s][info][gc,phases   ] GC(33) Concurrent Reset Relocation Set 0.005ms
[37.485s][info][gc          ] Allocation Stall (main) 642.261ms
[37.485s][info][gc          ] Allocation Stall (neo4j.Scheduler-1) 472.375ms
[37.486s][info][gc,phases   ] GC(33) Concurrent Select Relocation Set 1.887ms
[37.486s][info][gc,phases   ] GC(33) Pause Relocate Start 0.016ms
[37.495s][info][gc,phases   ] GC(33) Concurrent Relocate 8.496ms
[37.495s][info][gc,load     ] GC(33) Load: 0.00/0.00/0.00
[37.495s][info][gc,mmu      ] GC(33) MMU: 2ms/98.5%, 5ms/99.4%, 10ms/99.7%, 20ms/99.8%, 50ms/99.9%, 100ms/100.0%
[37.495s][info][gc,marking  ] GC(33) Mark: 2 stripe(s), 2 proactive flush(es), 1 terminate flush(es), 0 completion(s), 0 continuation(s) 
[37.495s][info][gc,marking  ] GC(33) Mark Stack Usage: 96M
[37.495s][info][gc,nmethod  ] GC(33) NMethods: 6377 registered, 832 unregistered
[37.495s][info][gc,metaspace] GC(33) Metaspace: 62M used, 63M committed, 1088M reserved
[37.495s][info][gc,ref      ] GC(33) Soft: 2430 encountered, 246 discovered, 2 enqueued
[37.495s][info][gc,ref      ] GC(33) Weak: 3886 encountered, 129 discovered, 0 enqueued
[37.495s][info][gc,ref      ] GC(33) Final: 1 encountered, 0 discovered, 0 enqueued
[37.495s][info][gc,ref      ] GC(33) Phantom: 752 encountered, 564 discovered, 0 enqueued
[37.495s][info][gc,reloc    ] GC(33) Small Pages: 812 / 1624M, Empty: 26M, Relocated: 8M, In-Place: 0
[37.495s][info][gc,reloc    ] GC(33) Medium Pages: 1 / 32M, Empty: 0M, Relocated: 0M, In-Place: 0
[37.495s][info][gc,reloc    ] GC(33) Large Pages: 35 / 346M, Empty: 16M, Relocated: 0M, In-Place: 0
[37.495s][info][gc,reloc    ] GC(33) Forwarding Usage: 4M
[37.495s][info][gc,heap     ] GC(33) Min Capacity: 2048M(100%)
[37.495s][info][gc,heap     ] GC(33) Max Capacity: 2048M(100%)
[37.495s][info][gc,heap     ] GC(33) Soft Max Capacity: 2048M(100%)
[37.495s][info][gc,heap     ] GC(33)                Mark Start          Mark End        Relocate Start      Relocate End           High               Low         
[37.495s][info][gc,heap     ] GC(33)  Capacity:     2048M (100%)       2048M (100%)       2048M (100%)       2048M (100%)       2048M (100%)       2048M (100%)   
[37.495s][info][gc,heap     ] GC(33)      Free:       46M (2%)            0M (0%)           34M (2%)           88M (4%)           88M (4%)            0M (0%)     
[37.495s][info][gc,heap     ] GC(33)      Used:     2002M (98%)        2048M (100%)       2014M (98%)        1960M (96%)        2048M (100%)       1960M (96%)    
[37.495s][info][gc,heap     ] GC(33)      Live:         -              1731M (85%)        1731M (85%)        1731M (85%)            -                  -          
[37.495s][info][gc,heap     ] GC(33) Allocated:         -                46M (2%)           54M (3%)           60M (3%)             -                  -          
[37.495s][info][gc,heap     ] GC(33)   Garbage:         -               270M (13%)         228M (11%)         168M (8%)             -                  -          
[37.495s][info][gc,heap     ] GC(33) Reclaimed:         -                  -                42M (2%)          102M (5%)             -                  -          
[37.495s][info][gc          ] GC(33) Garbage Collection (Allocation Stall) 2002M(98%)->1960M(96%)
[37.605s][info][gc,start    ] GC(34) Garbage Collection (Allocation Stall)
[37.605s][info][gc,ref      ] GC(34) Clearing All SoftReferences
[37.605s][info][gc,task     ] GC(34) Using 2 workers
[37.605s][info][gc,phases   ] GC(34) Pause Mark Start 0.008ms
[38.211s][info][gc,phases   ] GC(34) Concurrent Mark 605.661ms
[38.211s][info][gc,phases   ] GC(34) Pause Mark End 0.025ms
[38.215s][info][gc,phases   ] GC(34) Concurrent Mark Free 4.217ms
[38.221s][info][gc,phases   ] GC(34) Concurrent Process Non-Strong References 5.855ms
[38.221s][info][gc,phases   ] GC(34) Concurrent Reset Relocation Set 0.005ms
[38.221s][info][gc          ] Allocation Stall (main) 383.510ms
[38.221s][info][gc          ] Allocation Stall (neo4j.Scheduler-1) 203.469ms
[38.230s][info][gc,phases   ] GC(34) Concurrent Select Relocation Set 8.723ms
[38.230s][info][gc,phases   ] GC(34) Pause Relocate Start 0.010ms
[38.283s][info][gc,phases   ] GC(34) Concurrent Relocate 52.919ms
[38.283s][info][gc,load     ] GC(34) Load: 0.00/0.00/0.00
[38.283s][info][gc,mmu      ] GC(34) MMU: 2ms/98.5%, 5ms/99.4%, 10ms/99.7%, 20ms/99.8%, 50ms/99.9%, 100ms/100.0%
[38.283s][info][gc,marking  ] GC(34) Mark: 2 stripe(s), 2 proactive flush(es), 1 terminate flush(es), 0 completion(s), 0 continuation(s) 
[38.283s][info][gc,marking  ] GC(34) Mark Stack Usage: 32M
[38.283s][info][gc,nmethod  ] GC(34) NMethods: 6393 registered, 832 unregistered
[38.283s][info][gc,metaspace] GC(34) Metaspace: 62M used, 63M committed, 1088M reserved
[38.283s][info][gc,ref      ] GC(34) Soft: 2428 encountered, 237 discovered, 1 enqueued
[38.283s][info][gc,ref      ] GC(34) Weak: 3886 encountered, 93 discovered, 0 enqueued
[38.283s][info][gc,ref      ] GC(34) Final: 1 encountered, 0 discovered, 0 enqueued
[38.283s][info][gc,ref      ] GC(34) Phantom: 752 encountered, 535 discovered, 0 enqueued
[38.283s][info][gc,reloc    ] GC(34) Small Pages: 819 / 1638M, Empty: 464M, Relocated: 101M, In-Place: 0
[38.283s][info][gc,reloc    ] GC(34) Medium Pages: 1 / 32M, Empty: 0M, Relocated: 0M, In-Place: 0
[38.283s][info][gc,reloc    ] GC(34) Large Pages: 33 / 330M, Empty: 80M, Relocated: 0M, In-Place: 0
[38.283s][info][gc,reloc    ] GC(34) Forwarding Usage: 44M
[38.283s][info][gc,heap     ] GC(34) Min Capacity: 2048M(100%)
[38.283s][info][gc,heap     ] GC(34) Max Capacity: 2048M(100%)
[38.283s][info][gc,heap     ] GC(34) Soft Max Capacity: 2048M(100%)
[38.283s][info][gc,heap     ] GC(34)                Mark Start          Mark End        Relocate Start      Relocate End           High               Low         
[38.283s][info][gc,heap     ] GC(34)  Capacity:     2048M (100%)       2048M (100%)       2048M (100%)       2048M (100%)       2048M (100%)       2048M (100%)   
[38.283s][info][gc,heap     ] GC(34)      Free:       48M (2%)            0M (0%)          536M (26%)         724M (35%)         724M (35%)           0M (0%)     
[38.283s][info][gc,heap     ] GC(34)      Used:     2000M (98%)        2048M (100%)       1512M (74%)        1324M (65%)        2048M (100%)       1324M (65%)    
[38.283s][info][gc,heap     ] GC(34)      Live:         -              1168M (57%)        1168M (57%)        1168M (57%)            -                  -          
[38.283s][info][gc,heap     ] GC(34) Allocated:         -                48M (2%)           56M (3%)           59M (3%)             -                  -          
[38.283s][info][gc,heap     ] GC(34)   Garbage:         -               831M (41%)         287M (14%)          95M (5%)             -                  -          
[38.283s][info][gc,heap     ] GC(34) Reclaimed:         -                  -               544M (27%)         735M (36%)            -                  -          
[38.284s][info][gc          ] GC(34) Garbage Collection (Allocation Stall) 2000M(98%)->1324M(65%)
[38.306s][info][gc,start    ] GC(35) Garbage Collection (Allocation Stall)
[38.306s][info][gc,ref      ] GC(35) Clearing All SoftReferences
[38.306s][info][gc,task     ] GC(35) Using 2 workers
[38.306s][info][gc,phases   ] GC(35) Pause Mark Start 0.008ms
[38.478s][info][gc,phases   ] GC(35) Concurrent Mark 172.192ms
[38.478s][info][gc,phases   ] GC(35) Pause Mark End 0.009ms
[38.478s][info][gc,phases   ] GC(35) Concurrent Mark Free 0.001ms
[38.485s][info][gc,phases   ] GC(35) Concurrent Process Non-Strong References 6.296ms
[38.485s][info][gc,phases   ] GC(35) Concurrent Reset Relocation Set 0.011ms
[38.491s][info][gc,phases   ] GC(35) Concurrent Select Relocation Set 6.579ms
[38.492s][info][gc,phases   ] GC(35) Pause Relocate Start 0.011ms
[38.510s][info][gc,phases   ] GC(35) Concurrent Relocate 18.568ms
[38.510s][info][gc,load     ] GC(35) Load: 0.00/0.00/0.00
[38.510s][info][gc,mmu      ] GC(35) MMU: 2ms/98.5%, 5ms/99.4%, 10ms/99.7%, 20ms/99.8%, 50ms/99.9%, 100ms/100.0%
[38.510s][info][gc,marking  ] GC(35) Mark: 2 stripe(s), 2 proactive flush(es), 1 terminate flush(es), 0 completion(s), 0 continuation(s) 
[38.510s][info][gc,marking  ] GC(35) Mark Stack Usage: 32M
[38.510s][info][gc,nmethod  ] GC(35) NMethods: 6637 registered, 832 unregistered
[38.510s][info][gc,metaspace] GC(35) Metaspace: 62M used, 63M committed, 1088M reserved
[38.510s][info][gc,ref      ] GC(35) Soft: 2427 encountered, 247 discovered, 0 enqueued
[38.510s][info][gc,ref      ] GC(35) Weak: 3886 encountered, 88 discovered, 0 enqueued
[38.510s][info][gc,ref      ] GC(35) Final: 1 encountered, 0 discovered, 0 enqueued
[38.510s][info][gc,ref      ] GC(35) Phantom: 752 encountered, 568 discovered, 0 enqueued
[38.510s][info][gc,reloc    ] GC(35) Small Pages: 523 / 1046M, Empty: 266M, Relocated: 25M, In-Place: 0
[38.510s][info][gc,reloc    ] GC(35) Medium Pages: 1 / 32M, Empty: 0M, Relocated: 0M, In-Place: 0
[38.510s][info][gc,reloc    ] GC(35) Large Pages: 25 / 250M, Empty: 134M, Relocated: 0M, In-Place: 0
[38.510s][info][gc,reloc    ] GC(35) Forwarding Usage: 12M
[38.510s][info][gc,heap     ] GC(35) Min Capacity: 2048M(100%)
[38.510s][info][gc,heap     ] GC(35) Max Capacity: 2048M(100%)
[38.510s][info][gc,heap     ] GC(35) Soft Max Capacity: 2048M(100%)
[38.510s][info][gc,heap     ] GC(35)                Mark Start          Mark End        Relocate Start      Relocate End           High               Low         
[38.510s][info][gc,heap     ] GC(35)  Capacity:     2048M (100%)       2048M (100%)       2048M (100%)       2048M (100%)       2048M (100%)       2048M (100%)   
[38.510s][info][gc,heap     ] GC(35)      Free:      720M (35%)         674M (33%)        1066M (52%)        1560M (76%)        1560M (76%)         670M (33%)    
[38.510s][info][gc,heap     ] GC(35)      Used:     1328M (65%)        1374M (67%)         982M (48%)         488M (24%)        1378M (67%)         488M (24%)    
[38.510s][info][gc,heap     ] GC(35)      Live:         -               379M (19%)         379M (19%)         379M (19%)            -                  -          
[38.510s][info][gc,heap     ] GC(35) Allocated:         -                46M (2%)           54M (3%)           67M (3%)             -                  -          
[38.510s][info][gc,heap     ] GC(35)   Garbage:         -               948M (46%)         548M (27%)          40M (2%)             -                  -          
[38.510s][info][gc,heap     ] GC(35) Reclaimed:         -                  -               400M (20%)         907M (44%)            -                  -          
[38.510s][info][gc          ] GC(35) Garbage Collection (Allocation Stall) 1328M(65%)->488M(24%)
[39.204s][info][gc,start    ] GC(36) Garbage Collection (Allocation Rate)
[39.204s][info][gc,task     ] GC(36) Using 2 workers
[39.204s][info][gc,phases   ] GC(36) Pause Mark Start 0.007ms
[39.331s][info][gc,phases   ] GC(36) Concurrent Mark 126.477ms
[39.331s][info][gc,phases   ] GC(36) Pause Mark End 0.022ms
[39.331s][info][gc,phases   ] GC(36) Concurrent Mark Free 0.001ms
[39.337s][info][gc,phases   ] GC(36) Concurrent Process Non-Strong References 5.903ms
[39.337s][info][gc,phases   ] GC(36) Concurrent Reset Relocation Set 0.018ms
[39.339s][info][gc,phases   ] GC(36) Concurrent Select Relocation Set 2.308ms
[39.340s][info][gc,phases   ] GC(36) Pause Relocate Start 0.015ms
[39.352s][info][gc,phases   ] GC(36) Concurrent Relocate 12.234ms
[39.352s][info][gc,load     ] GC(36) Load: 0.00/0.00/0.00
[39.352s][info][gc,mmu      ] GC(36) MMU: 2ms/98.5%, 5ms/99.4%, 10ms/99.6%, 20ms/99.8%, 50ms/99.9%, 100ms/100.0%
[39.352s][info][gc,marking  ] GC(36) Mark: 2 stripe(s), 2 proactive flush(es), 1 terminate flush(es), 0 completion(s), 0 continuation(s) 
[39.352s][info][gc,marking  ] GC(36) Mark Stack Usage: 32M
[39.352s][info][gc,nmethod  ] GC(36) NMethods: 6389 registered, 1676 unregistered
[39.352s][info][gc,metaspace] GC(36) Metaspace: 62M used, 63M committed, 1088M reserved
[39.352s][info][gc,ref      ] GC(36) Soft: 2464 encountered, 0 discovered, 0 enqueued
[39.352s][info][gc,ref      ] GC(36) Weak: 3992 encountered, 105 discovered, 37 enqueued
[39.352s][info][gc,ref      ] GC(36) Final: 1 encountered, 0 discovered, 0 enqueued
[39.352s][info][gc,ref      ] GC(36) Phantom: 790 encountered, 591 discovered, 30 enqueued
[39.352s][info][gc,reloc    ] GC(36) Small Pages: 364 / 728M, Empty: 404M, Relocated: 13M, In-Place: 0
[39.352s][info][gc,reloc    ] GC(36) Medium Pages: 2 / 64M, Empty: 0M, Relocated: 2M, In-Place: 0
[39.352s][info][gc,reloc    ] GC(36) Large Pages: 14 / 116M, Empty: 32M, Relocated: 0M, In-Place: 0
[39.352s][info][gc,reloc    ] GC(36) Forwarding Usage: 7M
[39.352s][info][gc,heap     ] GC(36) Min Capacity: 2048M(100%)
[39.352s][info][gc,heap     ] GC(36) Max Capacity: 2048M(100%)
[39.352s][info][gc,heap     ] GC(36) Soft Max Capacity: 2048M(100%)
[39.352s][info][gc,heap     ] GC(36)                Mark Start          Mark End        Relocate Start      Relocate End           High               Low         
[39.352s][info][gc,heap     ] GC(36)  Capacity:     2048M (100%)       2048M (100%)       2048M (100%)       2048M (100%)       2048M (100%)       2048M (100%)   
[39.352s][info][gc,heap     ] GC(36)      Free:     1140M (56%)        1024M (50%)        1460M (71%)        1540M (75%)        1540M (75%)        1024M (50%)    
[39.352s][info][gc,heap     ] GC(36)      Used:      908M (44%)        1024M (50%)         588M (29%)         508M (25%)        1024M (50%)         508M (25%)    
[39.352s][info][gc,heap     ] GC(36)      Live:         -               319M (16%)         319M (16%)         319M (16%)            -                  -          
[39.352s][info][gc,heap     ] GC(36) Allocated:         -               116M (6%)          116M (6%)          149M (7%)             -                  -          
[39.352s][info][gc,heap     ] GC(36)   Garbage:         -               588M (29%)         152M (7%)           39M (2%)             -                  -          
[39.352s][info][gc,heap     ] GC(36) Reclaimed:         -                  -               436M (21%)         549M (27%)            -                  -          
[39.352s][info][gc          ] GC(36) Garbage Collection (Allocation Rate) 908M(44%)->508M(25%)
[39.393s][info][gc,start    ] GC(37) Garbage Collection (Allocation Rate)
[39.393s][info][gc,task     ] GC(37) Using 2 workers
[39.393s][info][gc,phases   ] GC(37) Pause Mark Start 0.010ms
[39.519s][info][gc,phases   ] GC(37) Concurrent Mark 126.293ms
[39.520s][info][gc,phases   ] GC(37) Pause Mark End 0.013ms
[39.520s][info][gc,phases   ] GC(37) Concurrent Mark Free 0.001ms
[39.526s][info][gc,phases   ] GC(37) Concurrent Process Non-Strong References 6.617ms
[39.526s][info][gc,phases   ] GC(37) Concurrent Reset Relocation Set 0.004ms
[39.530s][info][gc,phases   ] GC(37) Concurrent Select Relocation Set 3.464ms
[39.530s][info][gc,phases   ] GC(37) Pause Relocate Start 0.016ms
[39.533s][info][gc,phases   ] GC(37) Concurrent Relocate 3.098ms
[39.533s][info][gc,load     ] GC(37) Load: 0.00/0.00/0.00
[39.533s][info][gc,mmu      ] GC(37) MMU: 2ms/98.5%, 5ms/99.4%, 10ms/99.6%, 20ms/99.8%, 50ms/99.9%, 100ms/100.0%
[39.533s][info][gc,marking  ] GC(37) Mark: 2 stripe(s), 2 proactive flush(es), 1 terminate flush(es), 0 completion(s), 0 continuation(s) 
[39.533s][info][gc,marking  ] GC(37) Mark Stack Usage: 32M
[39.533s][info][gc,nmethod  ] GC(37) NMethods: 6442 registered, 1676 unregistered
[39.533s][info][gc,metaspace] GC(37) Metaspace: 62M used, 63M committed, 1088M reserved
[39.533s][info][gc,ref      ] GC(37) Soft: 2464 encountered, 0 discovered, 0 enqueued
[39.533s][info][gc,ref      ] GC(37) Weak: 3956 encountered, 240 discovered, 0 enqueued
[39.533s][info][gc,ref      ] GC(37) Final: 1 encountered, 0 discovered, 0 enqueued
[39.533s][info][gc,ref      ] GC(37) Phantom: 774 encountered, 452 discovered, 0 enqueued
[39.533s][info][gc,reloc    ] GC(37) Small Pages: 180 / 360M, Empty: 112M, Relocated: 3M, In-Place: 0
[39.533s][info][gc,reloc    ] GC(37) Medium Pages: 2 / 64M, Empty: 0M, Relocated: 2M, In-Place: 0
[39.533s][info][gc,reloc    ] GC(37) Large Pages: 10 / 84M, Empty: 0M, Relocated: 0M, In-Place: 0
[39.533s][info][gc,reloc    ] GC(37) Forwarding Usage: 2M
[39.533s][info][gc,heap     ] GC(37) Min Capacity: 2048M(100%)
[39.533s][info][gc,heap     ] GC(37) Max Capacity: 2048M(100%)
[39.533s][info][gc,heap     ] GC(37) Soft Max Capacity: 2048M(100%)
[39.533s][info][gc,heap     ] GC(37)                Mark Start          Mark End        Relocate Start      Relocate End           High               Low         
[39.533s][info][gc,heap     ] GC(37)  Capacity:     2048M (100%)       2048M (100%)       2048M (100%)       2048M (100%)       2048M (100%)       2048M (100%)   
[39.533s][info][gc,heap     ] GC(37)      Free:     1540M (75%)        1448M (71%)        1556M (76%)        1600M (78%)        1600M (78%)        1444M (71%)    
[39.533s][info][gc,heap     ] GC(37)      Used:      508M (25%)         600M (29%)         492M (24%)         448M (22%)         604M (29%)         448M (22%)    
[39.533s][info][gc,heap     ] GC(37)      Live:         -               310M (15%)         310M (15%)         310M (15%)            -                  -          
[39.533s][info][gc,heap     ] GC(37) Allocated:         -                92M (4%)           96M (5%)           97M (5%)             -                  -          
[39.533s][info][gc,heap     ] GC(37)   Garbage:         -               197M (10%)          85M (4%)           39M (2%)             -                  -          
[39.533s][info][gc,heap     ] GC(37) Reclaimed:         -                  -               112M (5%)          157M (8%)             -                  -          
[39.533s][info][gc          ] GC(37) Garbage Collection (Allocation Rate) 508M(25%)->448M(22%)
[40.107s][info][gc,stats    ] === Garbage Collection Statistics =======================================================================================================================
[40.107s][info][gc,stats    ]                                                              Last 10s              Last 10m              Last 10h                Total
[40.107s][info][gc,stats    ]                                                              Avg / Max             Avg / Max             Avg / Max             Avg / Max
[40.107s][info][gc,stats    ]   Collector: Garbage Collection Cycle                    760.654 / 1022.836    707.081 / 1215.582    707.081 / 1215.582    707.081 / 1215.582    ms
[40.107s][info][gc,stats    ]  Contention: Mark Segment Reset Contention                     4 / 10               15 / 496              15 / 496              15 / 496         ops/s
[40.107s][info][gc,stats    ]  Contention: Mark SeqNum Reset Contention                      0 / 0                 0 / 4                 0 / 4                 0 / 4           ops/s
[40.107s][info][gc,stats    ]    Critical: Allocation Stall                                  3 / 6                 1 / 6                 1 / 6                 1 / 6           ops/s
[40.107s][info][gc,stats    ]    Critical: Allocation Stall                            556.693 / 1001.934    513.228 / 1001.934    513.228 / 1001.934    513.228 / 1001.934    ms
[40.107s][info][gc,stats    ]    Critical: GC Locker Stall                                   0 / 0                 0 / 1                 0 / 1                 0 / 1           ops/s
[40.107s][info][gc,stats    ]    Critical: GC Locker Stall                               0.000 / 0.000         0.000 / 0.000         0.000 / 0.000         0.000 / 0.000       ms
[40.107s][info][gc,stats    ]    Critical: Relocation Stall                                  0 / 1                 0 / 1                 0 / 1                 0 / 1           ops/s
[40.107s][info][gc,stats    ]    Critical: Relocation Stall                              7.319 / 11.251        7.319 / 11.251        7.319 / 11.251        7.319 / 11.251      ms
[40.107s][info][gc,stats    ]      Memory: Allocation Rate                                 205 / 816             359 / 1828            359 / 1828            359 / 1828        MB/s
[40.107s][info][gc,stats    ]      Memory: Out Of Memory                                     0 / 0                 0 / 0                 0 / 0                 0 / 0           ops/s
[40.107s][info][gc,stats    ]      Memory: Page Cache Flush                                 13 / 64               25 / 172              25 / 172              25 / 172         MB/s
[40.107s][info][gc,stats    ]      Memory: Page Cache Hit L1                               103 / 388             159 / 655             159 / 655             159 / 655         ops/s
[40.107s][info][gc,stats    ]      Memory: Page Cache Hit L2                                 0 / 0                 0 / 0                 0 / 0                 0 / 0           ops/s
[40.107s][info][gc,stats    ]      Memory: Page Cache Hit L3                                 2 / 13               28 / 289              28 / 289              28 / 289         ops/s
[40.107s][info][gc,stats    ]      Memory: Page Cache Miss                                   0 / 2                 1 / 11                1 / 11                1 / 11          ops/s
[40.107s][info][gc,stats    ]      Memory: Uncommit                                          0 / 0                 0 / 0                 0 / 0                 0 / 0           MB/s
[40.107s][info][gc,stats    ]      Memory: Undo Object Allocation Failed                     0 / 0                 0 / 0                 0 / 0                 0 / 0           ops/s
[40.107s][info][gc,stats    ]      Memory: Undo Object Allocation Succeeded                 52 / 520              17 / 520              17 / 520              17 / 520         ops/s
[40.107s][info][gc,stats    ]      Memory: Undo Page Allocation                              0 / 3                 0 / 3                 0 / 3                 0 / 3           ops/s
[40.107s][info][gc,stats    ]       Phase: Concurrent Mark                             734.181 / 992.899     627.928 / 1158.372    627.928 / 1158.372    627.928 / 1158.372    ms
[40.107s][info][gc,stats    ]       Phase: Concurrent Mark Continue                      0.000 / 0.000         0.000 / 0.000         0.000 / 0.000         0.000 / 0.000       ms
[40.107s][info][gc,stats    ]       Phase: Concurrent Mark Free                          0.353 / 4.217         0.112 / 4.217         0.112 / 4.217         0.112 / 4.217       ms
[40.107s][info][gc,stats    ]       Phase: Concurrent Process Non-Strong References      6.337 / 7.098         6.104 / 13.489        6.104 / 13.489        6.104 / 13.489      ms
[40.107s][info][gc,stats    ]       Phase: Concurrent Relocate                          14.829 / 52.919       59.896 / 247.779      59.896 / 247.779      59.896 / 247.779     ms
[40.107s][info][gc,stats    ]       Phase: Concurrent Reset Relocation Set               0.007 / 0.018         0.016 / 0.051         0.016 / 0.051         0.016 / 0.051       ms
[40.107s][info][gc,stats    ]       Phase: Concurrent Select Relocation Set              3.582 / 8.723        10.961 / 40.244       10.961 / 40.244       10.961 / 40.244      ms
[40.107s][info][gc,stats    ]       Phase: Pause Mark End                                0.019 / 0.025         0.017 / 0.030         0.017 / 0.030         0.017 / 0.030       ms
[40.108s][info][gc,stats    ]       Phase: Pause Mark Start                              0.009 / 0.014         0.010 / 0.030         0.010 / 0.030         0.010 / 0.030       ms
[40.108s][info][gc,stats    ]       Phase: Pause Relocate Start                          0.011 / 0.016         0.011 / 0.018         0.011 / 0.018         0.011 / 0.018       ms
[40.108s][info][gc,stats    ]    Subphase: Concurrent Classes Purge                      0.242 / 0.287         0.222 / 0.418         0.222 / 0.418         0.222 / 0.418       ms
[40.108s][info][gc,stats    ]    Subphase: Concurrent Classes Unlink                     5.042 / 5.886         4.896 / 11.952        4.896 / 11.952        4.896 / 11.952      ms
[40.108s][info][gc,stats    ]    Subphase: Concurrent Mark                             727.348 / 990.601     621.618 / 1155.457    621.618 / 1155.457    621.618 / 1155.457    ms
[40.108s][info][gc,stats    ]    Subphase: Concurrent Mark Try Flush                     0.124 / 0.511         0.113 / 0.511         0.113 / 0.511         0.113 / 0.511       ms
[40.108s][info][gc,stats    ]    Subphase: Concurrent Mark Try Terminate                 3.689 / 16.923        3.475 / 16.923        3.475 / 16.923        3.475 / 16.923      ms
[40.108s][info][gc,stats    ]    Subphase: Concurrent References Enqueue                 0.005 / 0.009         0.004 / 0.009         0.004 / 0.009         0.004 / 0.009       ms
[40.108s][info][gc,stats    ]    Subphase: Concurrent References Process                 0.246 / 0.329         0.233 / 0.515         0.233 / 0.515         0.233 / 0.515       ms
[40.108s][info][gc,stats    ]    Subphase: Concurrent Roots ClassLoaderDataGraph         0.143 / 0.385         0.145 / 0.429         0.145 / 0.429         0.145 / 0.429       ms
[40.108s][info][gc,stats    ]    Subphase: Concurrent Roots CodeCache                    0.000 / 0.000         0.000 / 0.000         0.000 / 0.000         0.000 / 0.000       ms
[40.108s][info][gc,stats    ]    Subphase: Concurrent Roots JavaThreads                  1.649 / 2.148         1.521 / 2.330         1.521 / 2.330         1.521 / 2.330       ms
[40.108s][info][gc,stats    ]    Subphase: Concurrent Roots OopStorageSet                0.033 / 0.059         0.036 / 0.095         0.036 / 0.095         0.036 / 0.095       ms
[40.108s][info][gc,stats    ]    Subphase: Concurrent Weak Roots OopStorageSet           0.604 / 0.963         0.559 / 0.963         0.559 / 0.963         0.559 / 0.963       ms
[40.108s][info][gc,stats    ]    Subphase: Pause Mark Try Complete                       0.000 / 0.000         0.000 / 0.000         0.000 / 0.000         0.000 / 0.000       ms
[40.108s][info][gc,stats    ]      System: Java Threads                                     38 / 39               33 / 39               33 / 39               33 / 39          threads
[40.108s][info][gc,stats    ] =========================================================================================================================================================
[40.357s][info][gc,start    ] GC(38) Garbage Collection (System.gc())
[40.357s][info][gc,task     ] GC(38) Using 2 workers
[40.357s][info][gc,phases   ] GC(38) Pause Mark Start 0.009ms
[40.396s][info][gc,phases   ] GC(38) Concurrent Mark 38.444ms
[40.396s][info][gc,phases   ] GC(38) Pause Mark End 0.024ms
[40.396s][info][gc,phases   ] GC(38) Concurrent Mark Free 0.002ms
[40.402s][info][gc,phases   ] GC(38) Concurrent Process Non-Strong References 6.163ms
[40.403s][info][gc,phases   ] GC(38) Concurrent Reset Relocation Set 0.003ms
[40.405s][info][gc,phases   ] GC(38) Concurrent Select Relocation Set 2.463ms
[40.405s][info][gc,phases   ] GC(38) Pause Relocate Start 0.010ms
[40.409s][info][gc,phases   ] GC(38) Concurrent Relocate 3.374ms
[40.409s][info][gc,load     ] GC(38) Load: 0.00/0.00/0.00
[40.409s][info][gc,mmu      ] GC(38) MMU: 2ms/98.5%, 5ms/99.4%, 10ms/99.6%, 20ms/99.8%, 50ms/99.9%, 100ms/100.0%
[40.409s][info][gc,marking  ] GC(38) Mark: 2 stripe(s), 2 proactive flush(es), 1 terminate flush(es), 0 completion(s), 0 continuation(s) 
[40.409s][info][gc,marking  ] GC(38) Mark Stack Usage: 32M
[40.409s][info][gc,nmethod  ] GC(38) NMethods: 6608 registered, 1676 unregistered
[40.409s][info][gc,metaspace] GC(38) Metaspace: 62M used, 63M committed, 1088M reserved
[40.409s][info][gc,ref      ] GC(38) Soft: 2479 encountered, 0 discovered, 0 enqueued
[40.409s][info][gc,ref      ] GC(38) Weak: 3981 encountered, 148 discovered, 6 enqueued
[40.409s][info][gc,ref      ] GC(38) Final: 1 encountered, 1 discovered, 0 enqueued
[40.409s][info][gc,ref      ] GC(38) Phantom: 767 encountered, 596 discovered, 0 enqueued
[40.409s][info][gc,reloc    ] GC(38) Small Pages: 367 / 734M, Empty: 568M, Relocated: 4M, In-Place: 0
[40.409s][info][gc,reloc    ] GC(38) Medium Pages: 2 / 64M, Empty: 0M, Relocated: 2M, In-Place: 0
[40.409s][info][gc,reloc    ] GC(38) Large Pages: 10 / 84M, Empty: 22M, Relocated: 0M, In-Place: 0
[40.409s][info][gc,reloc    ] GC(38) Forwarding Usage: 2M
[40.409s][info][gc,heap     ] GC(38) Min Capacity: 2048M(100%)
[40.409s][info][gc,heap     ] GC(38) Max Capacity: 2048M(100%)
[40.409s][info][gc,heap     ] GC(38) Soft Max Capacity: 2048M(100%)
[40.409s][info][gc,heap     ] GC(38)                Mark Start          Mark End        Relocate Start      Relocate End           High               Low         
[40.409s][info][gc,heap     ] GC(38)  Capacity:     2048M (100%)       2048M (100%)       2048M (100%)       2048M (100%)       2048M (100%)       2048M (100%)   
[40.409s][info][gc,heap     ] GC(38)      Free:     1166M (57%)        1162M (57%)        1752M (86%)        1912M (93%)        1912M (93%)        1162M (57%)    
[40.409s][info][gc,heap     ] GC(38)      Used:      882M (43%)         886M (43%)         296M (14%)         136M (7%)          886M (43%)         136M (7%)     
[40.409s][info][gc,heap     ] GC(38)      Live:         -                94M (5%)           94M (5%)           94M (5%)             -                  -          
[40.409s][info][gc,heap     ] GC(38) Allocated:         -                 4M (0%)            4M (0%)            4M (0%)             -                  -          
[40.409s][info][gc,heap     ] GC(38)   Garbage:         -               787M (38%)         197M (10%)          37M (2%)             -                  -          
[40.409s][info][gc,heap     ] GC(38) Reclaimed:         -                  -               590M (29%)         750M (37%)            -                  -          
[40.409s][info][gc          ] GC(38) Garbage Collection (System.gc()) 882M(43%)->136M(7%)
[44.197s][info][gc,start    ] GC(39) Garbage Collection (Allocation Rate)
[44.197s][info][gc,task     ] GC(39) Using 2 workers
[44.197s][info][gc,phases   ] GC(39) Pause Mark Start 0.007ms
[44.277s][info][gc,phases   ] GC(39) Concurrent Mark 79.762ms
[44.277s][info][gc,phases   ] GC(39) Pause Mark End 0.017ms
[44.277s][info][gc,phases   ] GC(39) Concurrent Mark Free 0.001ms
[44.302s][info][gc,phases   ] GC(39) Concurrent Process Non-Strong References 25.135ms
[44.302s][info][gc,phases   ] GC(39) Concurrent Reset Relocation Set 0.005ms
[44.306s][info][gc,phases   ] GC(39) Concurrent Select Relocation Set 3.222ms
[44.306s][info][gc,phases   ] GC(39) Pause Relocate Start 0.010ms
[44.317s][info][gc,phases   ] GC(39) Concurrent Relocate 11.648ms
[44.318s][info][gc,load     ] GC(39) Load: 0.00/0.00/0.00
[44.318s][info][gc,mmu      ] GC(39) MMU: 2ms/98.5%, 5ms/99.4%, 10ms/99.6%, 20ms/99.8%, 50ms/99.9%, 100ms/100.0%
[44.318s][info][gc,marking  ] GC(39) Mark: 2 stripe(s), 2 proactive flush(es), 1 terminate flush(es), 0 completion(s), 0 continuation(s) 
[44.318s][info][gc,marking  ] GC(39) Mark Stack Usage: 32M
[44.318s][info][gc,nmethod  ] GC(39) NMethods: 12455 registered, 3 unregistered
[44.318s][info][gc,metaspace] GC(39) Metaspace: 97M used, 99M committed, 1152M reserved
[44.318s][info][gc,ref      ] GC(39) Soft: 4219 encountered, 0 discovered, 0 enqueued
[44.318s][info][gc,ref      ] GC(39) Weak: 9438 encountered, 2208 discovered, 2097 enqueued
[44.318s][info][gc,ref      ] GC(39) Final: 1 encountered, 1 discovered, 0 enqueued
[44.318s][info][gc,ref      ] GC(39) Phantom: 4036 encountered, 3834 discovered, 0 enqueued
[44.318s][info][gc,reloc    ] GC(39) Small Pages: 683 / 1366M, Empty: 636M, Relocated: 13M, In-Place: 0
[44.318s][info][gc,reloc    ] GC(39) Medium Pages: 2 / 64M, Empty: 32M, Relocated: 0M, In-Place: 0
[44.318s][info][gc,reloc    ] GC(39) Large Pages: 7 / 62M, Empty: 0M, Relocated: 0M, In-Place: 0
[44.318s][info][gc,reloc    ] GC(39) Forwarding Usage: 5M
[44.318s][info][gc,heap     ] GC(39) Min Capacity: 2048M(100%)
[44.318s][info][gc,heap     ] GC(39) Max Capacity: 2048M(100%)
[44.318s][info][gc,heap     ] GC(39) Soft Max Capacity: 2048M(100%)
[44.318s][info][gc,heap     ] GC(39)                Mark Start          Mark End        Relocate Start      Relocate End           High               Low         
[44.318s][info][gc,heap     ] GC(39)  Capacity:     2048M (100%)       2048M (100%)       2048M (100%)       2048M (100%)       2048M (100%)       2048M (100%)   
[44.318s][info][gc,heap     ] GC(39)      Free:      556M (27%)         398M (19%)        1014M (50%)        1690M (83%)        1690M (83%)         346M (17%)    
[44.318s][info][gc,heap     ] GC(39)      Used:     1492M (73%)        1650M (81%)        1034M (50%)         358M (17%)        1702M (83%)         358M (17%)    
[44.318s][info][gc,heap     ] GC(39)      Live:         -               105M (5%)          105M (5%)          105M (5%)             -                  -          
[44.318s][info][gc,heap     ] GC(39) Allocated:         -               158M (8%)          210M (10%)         217M (11%)            -                  -          
[44.318s][info][gc,heap     ] GC(39)   Garbage:         -              1386M (68%)         718M (35%)          34M (2%)             -                  -          
[44.318s][info][gc,heap     ] GC(39) Reclaimed:         -                  -               668M (33%)        1351M (66%)            -                  -          
[44.318s][info][gc          ] GC(39) Garbage Collection (Allocation Rate) 1492M(73%)->358M(17%)
[45.905s][info][gc,start    ] GC(40) Garbage Collection (Allocation Rate)
[45.905s][info][gc,task     ] GC(40) Using 2 workers
[45.905s][info][gc,phases   ] GC(40) Pause Mark Start 0.010ms
[46.024s][info][gc,phases   ] GC(40) Concurrent Mark 118.561ms
[46.024s][info][gc,phases   ] GC(40) Pause Mark End 0.011ms
[46.024s][info][gc,phases   ] GC(40) Concurrent Mark Free 0.001ms
[46.051s][info][gc,phases   ] GC(40) Concurrent Process Non-Strong References 27.293ms
[46.051s][info][gc,phases   ] GC(40) Concurrent Reset Relocation Set 0.023ms
[46.058s][info][gc,phases   ] GC(40) Concurrent Select Relocation Set 6.437ms
[46.058s][info][gc,phases   ] GC(40) Pause Relocate Start 0.009ms
[46.088s][info][gc,phases   ] GC(40) Concurrent Relocate 30.179ms
[46.088s][info][gc,load     ] GC(40) Load: 0.00/0.00/0.00
[46.088s][info][gc,mmu      ] GC(40) MMU: 2ms/98.5%, 5ms/99.4%, 10ms/99.6%, 20ms/99.8%, 50ms/99.9%, 100ms/100.0%
[46.088s][info][gc,marking  ] GC(40) Mark: 2 stripe(s), 2 proactive flush(es), 1 terminate flush(es), 0 completion(s), 0 continuation(s) 
[46.088s][info][gc,marking  ] GC(40) Mark Stack Usage: 32M
[46.088s][info][gc,nmethod  ] GC(40) NMethods: 14186 registered, 1083 unregistered
[46.089s][info][gc,metaspace] GC(40) Metaspace: 99M used, 100M committed, 1152M reserved
[46.089s][info][gc,ref      ] GC(40) Soft: 4305 encountered, 0 discovered, 0 enqueued
[46.089s][info][gc,ref      ] GC(40) Weak: 7636 encountered, 258 discovered, 156 enqueued
[46.089s][info][gc,ref      ] GC(40) Final: 1 encountered, 1 discovered, 0 enqueued
[46.089s][info][gc,ref      ] GC(40) Phantom: 4171 encountered, 3962 discovered, 0 enqueued
[46.089s][info][gc,reloc    ] GC(40) Small Pages: 677 / 1354M, Empty: 420M, Relocated: 27M, In-Place: 0
[46.089s][info][gc,reloc    ] GC(40) Medium Pages: 2 / 64M, Empty: 0M, Relocated: 4M, In-Place: 0
[46.089s][info][gc,reloc    ] GC(40) Large Pages: 7 / 62M, Empty: 0M, Relocated: 0M, In-Place: 0
[46.089s][info][gc,reloc    ] GC(40) Forwarding Usage: 16M
[46.089s][info][gc,heap     ] GC(40) Min Capacity: 2048M(100%)
[46.089s][info][gc,heap     ] GC(40) Max Capacity: 2048M(100%)
[46.089s][info][gc,heap     ] GC(40) Soft Max Capacity: 2048M(100%)
[46.089s][info][gc,heap     ] GC(40)                Mark Start          Mark End        Relocate Start      Relocate End           High               Low         
[46.089s][info][gc,heap     ] GC(40)  Capacity:     2048M (100%)       2048M (100%)       2048M (100%)       2048M (100%)       2048M (100%)       2048M (100%)   
[46.089s][info][gc,heap     ] GC(40)      Free:      568M (28%)         408M (20%)         756M (37%)        1536M (75%)        1536M (75%)         348M (17%)    
[46.089s][info][gc,heap     ] GC(40)      Used:     1480M (72%)        1640M (80%)        1292M (63%)         512M (25%)        1700M (83%)         512M (25%)    
[46.089s][info][gc,heap     ] GC(40)      Live:         -               132M (6%)          132M (6%)          132M (6%)             -                  -          
[46.089s][info][gc,heap     ] GC(40) Allocated:         -               160M (8%)          232M (11%)         345M (17%)            -                  -          
[46.089s][info][gc,heap     ] GC(40)   Garbage:         -              1347M (66%)         927M (45%)          33M (2%)             -                  -          
[46.089s][info][gc,heap     ] GC(40) Reclaimed:         -                  -               420M (21%)        1313M (64%)            -                  -          
[46.089s][info][gc          ] GC(40) Garbage Collection (Allocation Rate) 1480M(72%)->512M(25%)
[46.198s][info][gc,start    ] GC(41) Garbage Collection (Allocation Rate)
[46.198s][info][gc,task     ] GC(41) Using 2 workers
[46.198s][info][gc,phases   ] GC(41) Pause Mark Start 0.008ms
[46.278s][info][gc,phases   ] GC(41) Concurrent Mark 79.280ms
[46.278s][info][gc,phases   ] GC(41) Pause Mark End 0.016ms
[46.278s][info][gc,phases   ] GC(41) Concurrent Mark Free 0.002ms
[46.291s][info][gc,phases   ] GC(41) Concurrent Process Non-Strong References 13.580ms
[46.292s][info][gc,phases   ] GC(41) Concurrent Reset Relocation Set 0.039ms
[46.295s][info][gc,phases   ] GC(41) Concurrent Select Relocation Set 3.898ms
[46.296s][info][gc,phases   ] GC(41) Pause Relocate Start 0.012ms
[46.301s][info][gc,phases   ] GC(41) Concurrent Relocate 5.238ms
[46.301s][info][gc,load     ] GC(41) Load: 0.00/0.00/0.00
[46.301s][info][gc,mmu      ] GC(41) MMU: 2ms/98.5%, 5ms/99.4%, 10ms/99.6%, 20ms/99.8%, 50ms/99.9%, 100ms/100.0%
[46.301s][info][gc,marking  ] GC(41) Mark: 2 stripe(s), 2 proactive flush(es), 1 terminate flush(es), 0 completion(s), 0 continuation(s) 
[46.301s][info][gc,marking  ] GC(41) Mark Stack Usage: 32M
[46.301s][info][gc,nmethod  ] GC(41) NMethods: 14191 registered, 1083 unregistered
[46.301s][info][gc,metaspace] GC(41) Metaspace: 99M used, 100M committed, 1152M reserved
[46.301s][info][gc,ref      ] GC(41) Soft: 4308 encountered, 0 discovered, 0 enqueued
[46.301s][info][gc,ref      ] GC(41) Weak: 7478 encountered, 6279 discovered, 7 enqueued
[46.301s][info][gc,ref      ] GC(41) Final: 1 encountered, 0 discovered, 0 enqueued
[46.301s][info][gc,ref      ] GC(41) Phantom: 4171 encountered, 4019 discovered, 3396 enqueued
[46.301s][info][gc,reloc    ] GC(41) Small Pages: 336 / 672M, Empty: 230M, Relocated: 5M, In-Place: 0
[46.301s][info][gc,reloc    ] GC(41) Medium Pages: 2 / 64M, Empty: 0M, Relocated: 4M, In-Place: 0
[46.301s][info][gc,reloc    ] GC(41) Large Pages: 7 / 62M, Empty: 0M, Relocated: 0M, In-Place: 0
[46.301s][info][gc,reloc    ] GC(41) Forwarding Usage: 2M
[46.301s][info][gc,heap     ] GC(41) Min Capacity: 2048M(100%)
[46.301s][info][gc,heap     ] GC(41) Max Capacity: 2048M(100%)
[46.301s][info][gc,heap     ] GC(41) Soft Max Capacity: 2048M(100%)
[46.301s][info][gc,heap     ] GC(41)                Mark Start          Mark End        Relocate Start      Relocate End           High               Low         
[46.301s][info][gc,heap     ] GC(41)  Capacity:     2048M (100%)       2048M (100%)       2048M (100%)       2048M (100%)       2048M (100%)       2048M (100%)   
[46.301s][info][gc,heap     ] GC(41)      Free:     1250M (61%)        1052M (51%)        1232M (60%)        1592M (78%)        1592M (78%)        1012M (49%)    
[46.301s][info][gc,heap     ] GC(41)      Used:      798M (39%)         996M (49%)         816M (40%)         456M (22%)        1036M (51%)         456M (22%)    
[46.301s][info][gc,heap     ] GC(41)      Live:         -               133M (7%)          133M (7%)          133M (7%)             -                  -          
[46.301s][info][gc,heap     ] GC(41) Allocated:         -               198M (10%)         248M (12%)         287M (14%)            -                  -          
[46.301s][info][gc,heap     ] GC(41)   Garbage:         -               664M (32%)         434M (21%)          34M (2%)             -                  -          
[46.301s][info][gc,heap     ] GC(41) Reclaimed:         -                  -               230M (11%)         629M (31%)            -                  -          
[46.301s][info][gc          ] GC(41) Garbage Collection (Allocation Rate) 798M(39%)->456M(22%)
[46.404s][info][gc,start    ] GC(42) Garbage Collection (Allocation Rate)
[46.404s][info][gc,task     ] GC(42) Using 2 workers
[46.404s][info][gc,phases   ] GC(42) Pause Mark Start 0.011ms
[46.468s][info][gc,phases   ] GC(42) Concurrent Mark 63.323ms
[46.468s][info][gc,phases   ] GC(42) Pause Mark End 0.018ms
[46.468s][info][gc,phases   ] GC(42) Concurrent Mark Free 0.002ms
[46.481s][info][gc,phases   ] GC(42) Concurrent Process Non-Strong References 13.321ms
[46.481s][info][gc,phases   ] GC(42) Concurrent Reset Relocation Set 0.011ms
[46.483s][info][gc,phases   ] GC(42) Concurrent Select Relocation Set 1.704ms
[46.483s][info][gc,phases   ] GC(42) Pause Relocate Start 0.009ms
[46.484s][info][gc,phases   ] GC(42) Concurrent Relocate 0.789ms
[46.484s][info][gc,load     ] GC(42) Load: 0.00/0.00/0.00
[46.484s][info][gc,mmu      ] GC(42) MMU: 2ms/98.5%, 5ms/99.4%, 10ms/99.6%, 20ms/99.8%, 50ms/99.9%, 100ms/100.0%
[46.484s][info][gc,marking  ] GC(42) Mark: 2 stripe(s), 2 proactive flush(es), 1 terminate flush(es), 0 completion(s), 0 continuation(s) 
[46.484s][info][gc,marking  ] GC(42) Mark Stack Usage: 32M
[46.484s][info][gc,nmethod  ] GC(42) NMethods: 14203 registered, 1083 unregistered
[46.484s][info][gc,metaspace] GC(42) Metaspace: 99M used, 100M committed, 1152M reserved
[46.484s][info][gc,ref      ] GC(42) Soft: 4308 encountered, 0 discovered, 0 enqueued
[46.484s][info][gc,ref      ] GC(42) Weak: 7471 encountered, 273 discovered, 0 enqueued
[46.484s][info][gc,ref      ] GC(42) Final: 1 encountered, 0 discovered, 0 enqueued
[46.484s][info][gc,ref      ] GC(42) Phantom: 775 encountered, 565 discovered, 0 enqueued
[46.484s][info][gc,reloc    ] GC(42) Small Pages: 310 / 620M, Empty: 270M, Relocated: 1M, In-Place: 0
[46.484s][info][gc,reloc    ] GC(42) Medium Pages: 2 / 64M, Empty: 32M, Relocated: 0M, In-Place: 0
[46.484s][info][gc,reloc    ] GC(42) Large Pages: 7 / 62M, Empty: 0M, Relocated: 0M, In-Place: 0
[46.484s][info][gc,reloc    ] GC(42) Forwarding Usage: 0M
[46.484s][info][gc,heap     ] GC(42) Min Capacity: 2048M(100%)
[46.484s][info][gc,heap     ] GC(42) Max Capacity: 2048M(100%)
[46.484s][info][gc,heap     ] GC(42) Soft Max Capacity: 2048M(100%)
[46.484s][info][gc,heap     ] GC(42)                Mark Start          Mark End        Relocate Start      Relocate End           High               Low         
[46.484s][info][gc,heap     ] GC(42)  Capacity:     2048M (100%)       2048M (100%)       2048M (100%)       2048M (100%)       2048M (100%)       2048M (100%)   
[46.484s][info][gc,heap     ] GC(42)      Free:     1302M (64%)        1136M (55%)        1426M (70%)        1700M (83%)        1700M (83%)        1124M (55%)    
[46.484s][info][gc,heap     ] GC(42)      Used:      746M (36%)         912M (45%)         622M (30%)         348M (17%)         924M (45%)         348M (17%)    
[46.484s][info][gc,heap     ] GC(42)      Live:         -               133M (6%)          133M (6%)          133M (6%)             -                  -          
[46.484s][info][gc,heap     ] GC(42) Allocated:         -               166M (8%)          178M (9%)          179M (9%)             -                  -          
[46.484s][info][gc,heap     ] GC(42)   Garbage:         -               612M (30%)         310M (15%)          34M (2%)             -                  -          
[46.484s][info][gc,heap     ] GC(42) Reclaimed:         -                  -               302M (15%)         577M (28%)            -                  -          
[46.484s][info][gc          ] GC(42) Garbage Collection (Allocation Rate) 746M(36%)->348M(17%)
[46.507s][info][gc,start    ] GC(43) Garbage Collection (System.gc())
[46.508s][info][gc,task     ] GC(43) Using 2 workers
[46.508s][info][gc,phases   ] GC(43) Pause Mark Start 0.007ms
[46.547s][info][gc,phases   ] GC(43) Concurrent Mark 39.164ms
[46.547s][info][gc,phases   ] GC(43) Pause Mark End 0.022ms
[46.547s][info][gc,phases   ] GC(43) Concurrent Mark Free 0.001ms
[46.570s][info][gc,phases   ] GC(43) Concurrent Process Non-Strong References 23.148ms
[46.570s][info][gc,phases   ] GC(43) Concurrent Reset Relocation Set 0.007ms
[46.573s][info][gc,phases   ] GC(43) Concurrent Select Relocation Set 2.199ms
[46.573s][info][gc,phases   ] GC(43) Pause Relocate Start 0.009ms
[46.575s][info][gc,phases   ] GC(43) Concurrent Relocate 1.737ms
[46.575s][info][gc,load     ] GC(43) Load: 0.00/0.00/0.00
[46.575s][info][gc,mmu      ] GC(43) MMU: 2ms/98.5%, 5ms/99.4%, 10ms/99.6%, 20ms/99.8%, 50ms/99.9%, 100ms/99.9%
[46.575s][info][gc,marking  ] GC(43) Mark: 2 stripe(s), 2 proactive flush(es), 1 terminate flush(es), 0 completion(s), 0 continuation(s) 
[46.575s][info][gc,marking  ] GC(43) Mark Stack Usage: 32M
[46.575s][info][gc,nmethod  ] GC(43) NMethods: 14211 registered, 1083 unregistered
[46.575s][info][gc,metaspace] GC(43) Metaspace: 99M used, 100M committed, 1152M reserved
[46.575s][info][gc,ref      ] GC(43) Soft: 4309 encountered, 0 discovered, 0 enqueued
[46.575s][info][gc,ref      ] GC(43) Weak: 7419 encountered, 2018 discovered, 5 enqueued
[46.575s][info][gc,ref      ] GC(43) Final: 1 encountered, 0 discovered, 0 enqueued
[46.575s][info][gc,ref      ] GC(43) Phantom: 778 encountered, 640 discovered, 3 enqueued
[46.575s][info][gc,reloc    ] GC(43) Small Pages: 132 / 264M, Empty: 188M, Relocated: 3M, In-Place: 0
[46.575s][info][gc,reloc    ] GC(43) Medium Pages: 1 / 32M, Empty: 0M, Relocated: 0M, In-Place: 0
[46.575s][info][gc,reloc    ] GC(43) Large Pages: 7 / 62M, Empty: 0M, Relocated: 0M, In-Place: 0
[46.575s][info][gc,reloc    ] GC(43) Forwarding Usage: 1M
[46.575s][info][gc,heap     ] GC(43) Min Capacity: 2048M(100%)
[46.575s][info][gc,heap     ] GC(43) Max Capacity: 2048M(100%)
[46.575s][info][gc,heap     ] GC(43) Soft Max Capacity: 2048M(100%)
[46.575s][info][gc,heap     ] GC(43)                Mark Start          Mark End        Relocate Start      Relocate End           High               Low         
[46.575s][info][gc,heap     ] GC(43)  Capacity:     2048M (100%)       2048M (100%)       2048M (100%)       2048M (100%)       2048M (100%)       2048M (100%)   
[46.575s][info][gc,heap     ] GC(43)      Free:     1690M (83%)        1690M (83%)        1876M (92%)        1906M (93%)        1906M (93%)        1688M (82%)    
[46.575s][info][gc,heap     ] GC(43)      Used:      358M (17%)         358M (17%)         172M (8%)          142M (7%)          360M (18%)         142M (7%)     
[46.575s][info][gc,heap     ] GC(43)      Live:         -               104M (5%)          104M (5%)          104M (5%)             -                  -          
[46.575s][info][gc,heap     ] GC(43) Allocated:         -                 0M (0%)            2M (0%)            2M (0%)             -                  -          
[46.575s][info][gc,heap     ] GC(43)   Garbage:         -               253M (12%)          65M (3%)           35M (2%)             -                  -          
[46.575s][info][gc,heap     ] GC(43) Reclaimed:         -                  -               188M (9%)          218M (11%)            -                  -          
[46.575s][info][gc          ] GC(43) Garbage Collection (System.gc()) 358M(17%)->142M(7%)
[47.006s][info][gc,start    ] GC(44) Garbage Collection (Allocation Rate)
[47.006s][info][gc,task     ] GC(44) Using 1 workers
[47.006s][info][gc,phases   ] GC(44) Pause Mark Start 0.005ms
[47.150s][info][gc,phases   ] GC(44) Concurrent Mark 143.114ms
[47.150s][info][gc,phases   ] GC(44) Pause Mark End 0.014ms
[47.150s][info][gc,phases   ] GC(44) Concurrent Mark Free 0.001ms
[47.175s][info][gc,phases   ] GC(44) Concurrent Process Non-Strong References 24.940ms
[47.175s][info][gc,phases   ] GC(44) Concurrent Reset Relocation Set 0.003ms
[47.180s][info][gc,phases   ] GC(44) Concurrent Select Relocation Set 5.269ms
[47.180s][info][gc,phases   ] GC(44) Pause Relocate Start 0.008ms
[47.237s][info][gc,phases   ] GC(44) Concurrent Relocate 56.907ms
[47.238s][info][gc,load     ] GC(44) Load: 0.00/0.00/0.00
[47.238s][info][gc,mmu      ] GC(44) MMU: 2ms/98.5%, 5ms/99.4%, 10ms/99.6%, 20ms/99.8%, 50ms/99.9%, 100ms/99.9%
[47.238s][info][gc,marking  ] GC(44) Mark: 1 stripe(s), 2 proactive flush(es), 1 terminate flush(es), 0 completion(s), 0 continuation(s) 
[47.238s][info][gc,marking  ] GC(44) Mark Stack Usage: 32M
[47.238s][info][gc,nmethod  ] GC(44) NMethods: 14599 registered, 1083 unregistered
[47.238s][info][gc,metaspace] GC(44) Metaspace: 99M used, 100M committed, 1152M reserved
[47.238s][info][gc,ref      ] GC(44) Soft: 4309 encountered, 0 discovered, 0 enqueued
[47.238s][info][gc,ref      ] GC(44) Weak: 7420 encountered, 457 discovered, 0 enqueued
[47.238s][info][gc,ref      ] GC(44) Final: 1 encountered, 0 discovered, 0 enqueued
[47.238s][info][gc,ref      ] GC(44) Phantom: 775 encountered, 405 discovered, 0 enqueued
[47.238s][info][gc,reloc    ] GC(44) Small Pages: 329 / 658M, Empty: 36M, Relocated: 19M, In-Place: 0
[47.238s][info][gc,reloc    ] GC(44) Medium Pages: 2 / 64M, Empty: 0M, Relocated: 4M, In-Place: 0
[47.238s][info][gc,reloc    ] GC(44) Large Pages: 7 / 62M, Empty: 0M, Relocated: 0M, In-Place: 0
[47.238s][info][gc,reloc    ] GC(44) Forwarding Usage: 12M
[47.238s][info][gc,heap     ] GC(44) Min Capacity: 2048M(100%)
[47.238s][info][gc,heap     ] GC(44) Max Capacity: 2048M(100%)
[47.238s][info][gc,heap     ] GC(44) Soft Max Capacity: 2048M(100%)
[47.238s][info][gc,heap     ] GC(44)                Mark Start          Mark End        Relocate Start      Relocate End           High               Low         
[47.238s][info][gc,heap     ] GC(44)  Capacity:     2048M (100%)       2048M (100%)       2048M (100%)       2048M (100%)       2048M (100%)       2048M (100%)   
[47.238s][info][gc,heap     ] GC(44)      Free:     1264M (62%)        1050M (51%)        1036M (51%)        1504M (73%)        1504M (73%)        1004M (49%)    
[47.238s][info][gc,heap     ] GC(44)      Used:      784M (38%)         998M (49%)        1012M (49%)         544M (27%)        1044M (51%)         544M (27%)    
[47.238s][info][gc,heap     ] GC(44)      Live:         -               126M (6%)          126M (6%)          126M (6%)             -                  -          
[47.238s][info][gc,heap     ] GC(44) Allocated:         -               214M (10%)         264M (13%)         383M (19%)            -                  -          
[47.238s][info][gc,heap     ] GC(44)   Garbage:         -               657M (32%)         621M (30%)          33M (2%)             -                  -          
[47.238s][info][gc,heap     ] GC(44) Reclaimed:         -                  -                36M (2%)          623M (30%)            -                  -          
[47.238s][info][gc          ] GC(44) Garbage Collection (Allocation Rate) 784M(38%)->544M(27%)
[47.401s][info][gc,start    ] GC(45) Garbage Collection (Allocation Rate)
[47.401s][info][gc,task     ] GC(45) Using 1 workers
[47.401s][info][gc,phases   ] GC(45) Pause Mark Start 0.007ms
[47.465s][info][gc,phases   ] GC(45) Concurrent Mark 64.235ms
[47.466s][info][gc,phases   ] GC(45) Pause Mark End 0.018ms
[47.466s][info][gc,phases   ] GC(45) Concurrent Mark Free 0.001ms
[47.492s][info][gc,phases   ] GC(45) Concurrent Process Non-Strong References 26.198ms
[47.492s][info][gc,phases   ] GC(45) Concurrent Reset Relocation Set 0.025ms
[47.495s][info][gc,phases   ] GC(45) Concurrent Select Relocation Set 2.998ms
[47.495s][info][gc,phases   ] GC(45) Pause Relocate Start 0.010ms
[47.500s][info][gc,phases   ] GC(45) Concurrent Relocate 5.068ms
[47.500s][info][gc,load     ] GC(45) Load: 0.00/0.00/0.00
[47.500s][info][gc,mmu      ] GC(45) MMU: 2ms/98.5%, 5ms/99.4%, 10ms/99.6%, 20ms/99.8%, 50ms/99.9%, 100ms/99.9%
[47.500s][info][gc,marking  ] GC(45) Mark: 1 stripe(s), 2 proactive flush(es), 1 terminate flush(es), 0 completion(s), 0 continuation(s) 
[47.500s][info][gc,marking  ] GC(45) Mark Stack Usage: 32M
[47.500s][info][gc,nmethod  ] GC(45) NMethods: 14610 registered, 1083 unregistered
[47.501s][info][gc,metaspace] GC(45) Metaspace: 99M used, 100M committed, 1152M reserved
[47.501s][info][gc,ref      ] GC(45) Soft: 4309 encountered, 0 discovered, 0 enqueued
[47.501s][info][gc,ref      ] GC(45) Weak: 7420 encountered, 6244 discovered, 3 enqueued
[47.501s][info][gc,ref      ] GC(45) Final: 1 encountered, 0 discovered, 0 enqueued
[47.501s][info][gc,ref      ] GC(45) Phantom: 775 encountered, 397 discovered, 0 enqueued
[47.501s][info][gc,reloc    ] GC(45) Small Pages: 367 / 734M, Empty: 570M, Relocated: 3M, In-Place: 0
[47.501s][info][gc,reloc    ] GC(45) Medium Pages: 2 / 64M, Empty: 32M, Relocated: 0M, In-Place: 0
[47.501s][info][gc,reloc    ] GC(45) Large Pages: 7 / 62M, Empty: 0M, Relocated: 0M, In-Place: 0
[47.501s][info][gc,reloc    ] GC(45) Forwarding Usage: 1M
[47.501s][info][gc,heap     ] GC(45) Min Capacity: 2048M(100%)
[47.501s][info][gc,heap     ] GC(45) Max Capacity: 2048M(100%)
[47.501s][info][gc,heap     ] GC(45) Soft Max Capacity: 2048M(100%)
[47.501s][info][gc,heap     ] GC(45)                Mark Start          Mark End        Relocate Start      Relocate End           High               Low         
[47.501s][info][gc,heap     ] GC(45)  Capacity:     2048M (100%)       2048M (100%)       2048M (100%)       2048M (100%)       2048M (100%)       2048M (100%)   
[47.501s][info][gc,heap     ] GC(45)      Free:     1188M (58%)        1008M (49%)        1544M (75%)        1648M (80%)        1648M (80%)         948M (46%)    
[47.501s][info][gc,heap     ] GC(45)      Used:      860M (42%)        1040M (51%)         504M (25%)         400M (20%)        1100M (54%)         400M (20%)    
[47.501s][info][gc,heap     ] GC(45)      Live:         -               108M (5%)          108M (5%)          108M (5%)             -                  -          
[47.501s][info][gc,heap     ] GC(45) Allocated:         -               180M (9%)          246M (12%)         255M (12%)            -                  -          
[47.501s][info][gc,heap     ] GC(45)   Garbage:         -               751M (37%)         149M (7%)           35M (2%)             -                  -          
[47.501s][info][gc,heap     ] GC(45) Reclaimed:         -                  -               602M (29%)         715M (35%)            -                  -          
[47.501s][info][gc          ] GC(45) Garbage Collection (Allocation Rate) 860M(42%)->400M(20%)
[47.799s][info][gc,start    ] GC(46) Garbage Collection (Allocation Rate)
[47.799s][info][gc,task     ] GC(46) Using 1 workers
[47.799s][info][gc,phases   ] GC(46) Pause Mark Start 0.007ms
[47.920s][info][gc,phases   ] GC(46) Concurrent Mark 120.691ms
[47.920s][info][gc,phases   ] GC(46) Pause Mark End 0.014ms
[47.920s][info][gc,phases   ] GC(46) Concurrent Mark Free 0.001ms
[47.946s][info][gc,phases   ] GC(46) Concurrent Process Non-Strong References 25.481ms
[47.946s][info][gc,phases   ] GC(46) Concurrent Reset Relocation Set 0.005ms
[47.951s][info][gc,phases   ] GC(46) Concurrent Select Relocation Set 5.589ms
[47.951s][info][gc,phases   ] GC(46) Pause Relocate Start 0.008ms
[47.988s][info][gc,phases   ] GC(46) Concurrent Relocate 36.551ms
[47.988s][info][gc,load     ] GC(46) Load: 0.00/0.00/0.00
[47.988s][info][gc,mmu      ] GC(46) MMU: 2ms/98.5%, 5ms/99.4%, 10ms/99.6%, 20ms/99.8%, 50ms/99.9%, 100ms/99.9%
[47.988s][info][gc,marking  ] GC(46) Mark: 1 stripe(s), 2 proactive flush(es), 1 terminate flush(es), 0 completion(s), 0 continuation(s) 
[47.988s][info][gc,marking  ] GC(46) Mark Stack Usage: 32M
[47.988s][info][gc,nmethod  ] GC(46) NMethods: 14612 registered, 1083 unregistered
[47.988s][info][gc,metaspace] GC(46) Metaspace: 99M used, 100M committed, 1152M reserved
[47.988s][info][gc,ref      ] GC(46) Soft: 4309 encountered, 0 discovered, 0 enqueued
[47.988s][info][gc,ref      ] GC(46) Weak: 7415 encountered, 6242 discovered, 3 enqueued
[47.988s][info][gc,ref      ] GC(46) Final: 1 encountered, 0 discovered, 0 enqueued
[47.988s][info][gc,ref      ] GC(46) Phantom: 775 encountered, 397 discovered, 0 enqueued
[47.988s][info][gc,reloc    ] GC(46) Small Pages: 496 / 992M, Empty: 132M, Relocated: 24M, In-Place: 0
[47.988s][info][gc,reloc    ] GC(46) Medium Pages: 2 / 64M, Empty: 0M, Relocated: 4M, In-Place: 0
[47.988s][info][gc,reloc    ] GC(46) Large Pages: 7 / 62M, Empty: 0M, Relocated: 0M, In-Place: 0
[47.988s][info][gc,reloc    ] GC(46) Forwarding Usage: 14M
[47.988s][info][gc,heap     ] GC(46) Min Capacity: 2048M(100%)
[47.988s][info][gc,heap     ] GC(46) Max Capacity: 2048M(100%)
[47.988s][info][gc,heap     ] GC(46) Soft Max Capacity: 2048M(100%)
[47.988s][info][gc,heap     ] GC(46)                Mark Start          Mark End        Relocate Start      Relocate End           High               Low         
[47.989s][info][gc,heap     ] GC(46)  Capacity:     2048M (100%)       2048M (100%)       2048M (100%)       2048M (100%)       2048M (100%)       2048M (100%)   
[47.989s][info][gc,heap     ] GC(46)      Free:      930M (45%)         630M (31%)         692M (34%)        1400M (68%)        1402M (68%)         572M (28%)    
[47.989s][info][gc,heap     ] GC(46)      Used:     1118M (55%)        1418M (69%)        1356M (66%)         648M (32%)        1476M (72%)         646M (32%)    
[47.989s][info][gc,heap     ] GC(46)      Live:         -               133M (6%)          133M (6%)          133M (6%)             -                  -          
[47.989s][info][gc,heap     ] GC(46) Allocated:         -               300M (15%)         370M (18%)         479M (23%)            -                  -          
[47.989s][info][gc,heap     ] GC(46)   Garbage:         -               984M (48%)         852M (42%)          35M (2%)             -                  -          
[47.989s][info][gc,heap     ] GC(46) Reclaimed:         -                  -               132M (6%)          949M (46%)            -                  -          
[47.989s][info][gc          ] GC(46) Garbage Collection (Allocation Rate) 1118M(55%)->648M(32%)
[48.099s][info][gc,start    ] GC(47) Garbage Collection (Allocation Rate)
[48.100s][info][gc,task     ] GC(47) Using 1 workers
[48.100s][info][gc,phases   ] GC(47) Pause Mark Start 0.009ms
[48.223s][info][gc,phases   ] GC(47) Concurrent Mark 123.131ms
[48.223s][info][gc,phases   ] GC(47) Pause Mark End 0.009ms
[48.223s][info][gc,phases   ] GC(47) Concurrent Mark Free 0.001ms
[48.246s][info][gc,phases   ] GC(47) Concurrent Process Non-Strong References 23.249ms
[48.247s][info][gc,phases   ] GC(47) Concurrent Reset Relocation Set 0.032ms
[48.250s][info][gc,phases   ] GC(47) Concurrent Select Relocation Set 3.226ms
[48.250s][info][gc,phases   ] GC(47) Pause Relocate Start 0.010ms
[48.254s][info][gc,phases   ] GC(47) Concurrent Relocate 4.306ms
[48.254s][info][gc,load     ] GC(47) Load: 0.00/0.00/0.00
[48.254s][info][gc,mmu      ] GC(47) MMU: 2ms/98.5%, 5ms/99.4%, 10ms/99.6%, 20ms/99.8%, 50ms/99.9%, 100ms/99.9%
[48.254s][info][gc,marking  ] GC(47) Mark: 1 stripe(s), 2 proactive flush(es), 1 terminate flush(es), 0 completion(s), 0 continuation(s) 
[48.254s][info][gc,marking  ] GC(47) Mark Stack Usage: 32M
[48.254s][info][gc,nmethod  ] GC(47) NMethods: 14615 registered, 1083 unregistered
[48.254s][info][gc,metaspace] GC(47) Metaspace: 99M used, 100M committed, 1152M reserved
[48.254s][info][gc,ref      ] GC(47) Soft: 4309 encountered, 0 discovered, 0 enqueued
[48.254s][info][gc,ref      ] GC(47) Weak: 7411 encountered, 6242 discovered, 0 enqueued
[48.254s][info][gc,ref      ] GC(47) Final: 1 encountered, 0 discovered, 0 enqueued
[48.254s][info][gc,ref      ] GC(47) Phantom: 775 encountered, 397 discovered, 0 enqueued
[48.254s][info][gc,reloc    ] GC(47) Small Pages: 410 / 820M, Empty: 318M, Relocated: 2M, In-Place: 0
[48.254s][info][gc,reloc    ] GC(47) Medium Pages: 2 / 64M, Empty: 0M, Relocated: 4M, In-Place: 0
[48.254s][info][gc,reloc    ] GC(47) Large Pages: 7 / 62M, Empty: 0M, Relocated: 0M, In-Place: 0
[48.254s][info][gc,reloc    ] GC(47) Forwarding Usage: 1M
[48.254s][info][gc,heap     ] GC(47) Min Capacity: 2048M(100%)
[48.254s][info][gc,heap     ] GC(47) Max Capacity: 2048M(100%)
[48.254s][info][gc,heap     ] GC(47) Soft Max Capacity: 2048M(100%)
[48.254s][info][gc,heap     ] GC(47)                Mark Start          Mark End        Relocate Start      Relocate End           High               Low         
[48.254s][info][gc,heap     ] GC(47)  Capacity:     2048M (100%)       2048M (100%)       2048M (100%)       2048M (100%)       2048M (100%)       2048M (100%)   
[48.254s][info][gc,heap     ] GC(47)      Free:     1102M (54%)         852M (42%)        1170M (57%)        1630M (80%)        1630M (80%)         852M (42%)    
[48.254s][info][gc,heap     ] GC(47)      Used:      946M (46%)        1196M (58%)         878M (43%)         418M (20%)        1196M (58%)         418M (20%)    
[48.255s][info][gc,heap     ] GC(47)      Live:         -               133M (7%)          133M (7%)          133M (7%)             -                  -          
[48.255s][info][gc,heap     ] GC(47) Allocated:         -               250M (12%)         250M (12%)         250M (12%)            -                  -          
[48.255s][info][gc,heap     ] GC(47)   Garbage:         -               812M (40%)         494M (24%)          34M (2%)             -                  -          
[48.255s][info][gc,heap     ] GC(47) Reclaimed:         -                  -               318M (16%)         778M (38%)            -                  -          
[48.255s][info][gc          ] GC(47) Garbage Collection (Allocation Rate) 946M(46%)->418M(20%)
[48.255s][info][gc,start    ] GC(48) Garbage Collection (System.gc())
[48.255s][info][gc,task     ] GC(48) Using 2 workers
[48.255s][info][gc,phases   ] GC(48) Pause Mark Start 0.007ms
[48.305s][info][gc,phases   ] GC(48) Concurrent Mark 50.389ms
[48.305s][info][gc,phases   ] GC(48) Pause Mark End 0.015ms
[48.305s][info][gc,phases   ] GC(48) Concurrent Mark Free 0.002ms
[48.318s][info][gc,phases   ] GC(48) Concurrent Process Non-Strong References 12.883ms
[48.318s][info][gc,phases   ] GC(48) Concurrent Reset Relocation Set 0.014ms
[48.320s][info][gc,phases   ] GC(48) Concurrent Select Relocation Set 1.328ms
[48.320s][info][gc,phases   ] GC(48) Pause Relocate Start 0.010ms
[48.320s][info][gc,phases   ] GC(48) Concurrent Relocate 0.342ms
[48.320s][info][gc,load     ] GC(48) Load: 0.00/0.00/0.00
[48.320s][info][gc,mmu      ] GC(48) MMU: 2ms/98.5%, 5ms/99.4%, 10ms/99.6%, 20ms/99.8%, 50ms/99.9%, 100ms/99.9%
[48.320s][info][gc,marking  ] GC(48) Mark: 2 stripe(s), 2 proactive flush(es), 1 terminate flush(es), 0 completion(s), 0 continuation(s) 
[48.320s][info][gc,marking  ] GC(48) Mark Stack Usage: 32M
[48.320s][info][gc,nmethod  ] GC(48) NMethods: 14615 registered, 1083 unregistered
[48.320s][info][gc,metaspace] GC(48) Metaspace: 99M used, 100M committed, 1152M reserved
[48.320s][info][gc,ref      ] GC(48) Soft: 4309 encountered, 0 discovered, 0 enqueued
[48.320s][info][gc,ref      ] GC(48) Weak: 7416 encountered, 5835 discovered, 2 enqueued
[48.320s][info][gc,ref      ] GC(48) Final: 1 encountered, 1 discovered, 0 enqueued
[48.320s][info][gc,ref      ] GC(48) Phantom: 775 encountered, 451 discovered, 0 enqueued
[48.320s][info][gc,reloc    ] GC(48) Small Pages: 162 / 324M, Empty: 258M, Relocated: 0M, In-Place: 0
[48.320s][info][gc,reloc    ] GC(48) Medium Pages: 1 / 32M, Empty: 0M, Relocated: 0M, In-Place: 0
[48.320s][info][gc,reloc    ] GC(48) Large Pages: 7 / 62M, Empty: 0M, Relocated: 0M, In-Place: 0
[48.320s][info][gc,reloc    ] GC(48) Forwarding Usage: 0M
[48.320s][info][gc,heap     ] GC(48) Min Capacity: 2048M(100%)
[48.320s][info][gc,heap     ] GC(48) Max Capacity: 2048M(100%)
[48.320s][info][gc,heap     ] GC(48) Soft Max Capacity: 2048M(100%)
[48.320s][info][gc,heap     ] GC(48)                Mark Start          Mark End        Relocate Start      Relocate End           High               Low         
[48.320s][info][gc,heap     ] GC(48)  Capacity:     2048M (100%)       2048M (100%)       2048M (100%)       2048M (100%)       2048M (100%)       2048M (100%)   
[48.320s][info][gc,heap     ] GC(48)      Free:     1630M (80%)        1630M (80%)        1888M (92%)        1904M (93%)        1904M (93%)        1630M (80%)    
[48.320s][info][gc,heap     ] GC(48)      Used:      418M (20%)         418M (20%)         160M (8%)          144M (7%)          418M (20%)         144M (7%)     
[48.320s][info][gc,heap     ] GC(48)      Live:         -               105M (5%)          105M (5%)          105M (5%)             -                  -          
[48.320s][info][gc,heap     ] GC(48) Allocated:         -                 0M (0%)            0M (0%)            0M (0%)             -                  -          
[48.320s][info][gc,heap     ] GC(48)   Garbage:         -               312M (15%)          54M (3%)           38M (2%)             -                  -          
[48.320s][info][gc,heap     ] GC(48) Reclaimed:         -                  -               258M (13%)         274M (13%)            -                  -          
[48.320s][info][gc          ] GC(48) Garbage Collection (System.gc()) 418M(20%)->144M(7%)
[49.003s][info][gc,start    ] GC(49) Garbage Collection (Allocation Rate)
[49.003s][info][gc,task     ] GC(49) Using 1 workers
[49.003s][info][gc,phases   ] GC(49) Pause Mark Start 0.008ms
[49.065s][info][gc,phases   ] GC(49) Concurrent Mark 61.322ms
[49.065s][info][gc,phases   ] GC(49) Pause Mark End 0.012ms
[49.065s][info][gc,phases   ] GC(49) Concurrent Mark Free 0.001ms
[49.089s][info][gc,phases   ] GC(49) Concurrent Process Non-Strong References 23.471ms
[49.089s][info][gc,phases   ] GC(49) Concurrent Reset Relocation Set 0.002ms
[49.091s][info][gc,phases   ] GC(49) Concurrent Select Relocation Set 2.113ms
[49.091s][info][gc,phases   ] GC(49) Pause Relocate Start 0.009ms
[49.095s][info][gc,phases   ] GC(49) Concurrent Relocate 4.470ms
[49.095s][info][gc,load     ] GC(49) Load: 0.00/0.00/0.00
[49.095s][info][gc,mmu      ] GC(49) MMU: 2ms/98.5%, 5ms/99.4%, 10ms/99.6%, 20ms/99.8%, 50ms/99.9%, 100ms/99.9%
[49.095s][info][gc,marking  ] GC(49) Mark: 1 stripe(s), 2 proactive flush(es), 1 terminate flush(es), 0 completion(s), 0 continuation(s) 
[49.096s][info][gc,marking  ] GC(49) Mark Stack Usage: 32M
[49.096s][info][gc,nmethod  ] GC(49) NMethods: 14034 registered, 2249 unregistered
[49.096s][info][gc,metaspace] GC(49) Metaspace: 99M used, 100M committed, 1152M reserved
[49.096s][info][gc,ref      ] GC(49) Soft: 4309 encountered, 0 discovered, 0 enqueued
[49.096s][info][gc,ref      ] GC(49) Weak: 7420 encountered, 458 discovered, 1 enqueued
[49.096s][info][gc,ref      ] GC(49) Final: 1 encountered, 0 discovered, 0 enqueued
[49.096s][info][gc,ref      ] GC(49) Phantom: 775 encountered, 516 discovered, 0 enqueued
[49.096s][info][gc,reloc    ] GC(49) Small Pages: 570 / 1140M, Empty: 638M, Relocated: 1M, In-Place: 0
[49.096s][info][gc,reloc    ] GC(49) Medium Pages: 2 / 64M, Empty: 32M, Relocated: 0M, In-Place: 0
[49.096s][info][gc,reloc    ] GC(49) Large Pages: 7 / 62M, Empty: 0M, Relocated: 0M, In-Place: 0
[49.096s][info][gc,reloc    ] GC(49) Forwarding Usage: 0M
[49.096s][info][gc,heap     ] GC(49) Min Capacity: 2048M(100%)
[49.096s][info][gc,heap     ] GC(49) Max Capacity: 2048M(100%)
[49.096s][info][gc,heap     ] GC(49) Soft Max Capacity: 2048M(100%)
[49.096s][info][gc,heap     ] GC(49)                Mark Start          Mark End        Relocate Start      Relocate End           High               Low         
[49.096s][info][gc,heap     ] GC(49)  Capacity:     2048M (100%)       2048M (100%)       2048M (100%)       2048M (100%)       2048M (100%)       2048M (100%)   
[49.096s][info][gc,heap     ] GC(49)      Free:      782M (38%)         646M (32%)        1264M (62%)        1708M (83%)        1708M (83%)         598M (29%)    
[49.096s][info][gc,heap     ] GC(49)      Used:     1266M (62%)        1402M (68%)         784M (38%)         340M (17%)        1450M (71%)         340M (17%)    
[49.096s][info][gc,heap     ] GC(49)      Live:         -               106M (5%)          106M (5%)          106M (5%)             -                  -          
[49.096s][info][gc,heap     ] GC(49) Allocated:         -               136M (7%)          188M (9%)          197M (10%)            -                  -          
[49.096s][info][gc,heap     ] GC(49)   Garbage:         -              1159M (57%)         489M (24%)          35M (2%)             -                  -          
[49.096s][info][gc,heap     ] GC(49) Reclaimed:         -                  -               670M (33%)        1123M (55%)            -                  -          
[49.096s][info][gc          ] GC(49) Garbage Collection (Allocation Rate) 1266M(62%)->340M(17%)
[49.603s][info][gc,start    ] GC(50) Garbage Collection (Allocation Rate)
[49.603s][info][gc,task     ] GC(50) Using 2 workers
[49.603s][info][gc,phases   ] GC(50) Pause Mark Start 0.009ms
[49.682s][info][gc,phases   ] GC(50) Concurrent Mark 78.452ms
[49.682s][info][gc,phases   ] GC(50) Pause Mark End 0.017ms
[49.682s][info][gc,phases   ] GC(50) Concurrent Mark Free 0.001ms
[49.695s][info][gc,phases   ] GC(50) Concurrent Process Non-Strong References 13.174ms
[49.695s][info][gc,phases   ] GC(50) Concurrent Reset Relocation Set 0.013ms
[49.703s][info][gc,phases   ] GC(50) Concurrent Select Relocation Set 7.074ms
[49.703s][info][gc,phases   ] GC(50) Pause Relocate Start 0.012ms
[49.729s][info][gc,phases   ] GC(50) Concurrent Relocate 25.918ms
[49.729s][info][gc,load     ] GC(50) Load: 0.00/0.00/0.00
[49.729s][info][gc,mmu      ] GC(50) MMU: 2ms/98.5%, 5ms/99.4%, 10ms/99.6%, 20ms/99.8%, 50ms/99.9%, 100ms/99.9%
[49.729s][info][gc,marking  ] GC(50) Mark: 2 stripe(s), 2 proactive flush(es), 1 terminate flush(es), 0 completion(s), 0 continuation(s) 
[49.729s][info][gc,marking  ] GC(50) Mark Stack Usage: 32M
[49.729s][info][gc,nmethod  ] GC(50) NMethods: 14035 registered, 2249 unregistered
[49.729s][info][gc,metaspace] GC(50) Metaspace: 99M used, 100M committed, 1152M reserved
[49.729s][info][gc,ref      ] GC(50) Soft: 4309 encountered, 0 discovered, 0 enqueued
[49.729s][info][gc,ref      ] GC(50) Weak: 7420 encountered, 98 discovered, 6 enqueued
[49.729s][info][gc,ref      ] GC(50) Final: 1 encountered, 0 discovered, 0 enqueued
[49.729s][info][gc,ref      ] GC(50) Phantom: 775 encountered, 653 discovered, 0 enqueued
[49.729s][info][gc,reloc    ] GC(50) Small Pages: 724 / 1448M, Empty: 334M, Relocated: 26M, In-Place: 0
[49.729s][info][gc,reloc    ] GC(50) Medium Pages: 2 / 64M, Empty: 0M, Relocated: 4M, In-Place: 0
[49.729s][info][gc,reloc    ] GC(50) Large Pages: 7 / 62M, Empty: 0M, Relocated: 0M, In-Place: 0
[49.729s][info][gc,reloc    ] GC(50) Forwarding Usage: 15M
[49.729s][info][gc,heap     ] GC(50) Min Capacity: 2048M(100%)
[49.729s][info][gc,heap     ] GC(50) Max Capacity: 2048M(100%)
[49.729s][info][gc,heap     ] GC(50) Soft Max Capacity: 2048M(100%)
[49.729s][info][gc,heap     ] GC(50)                Mark Start          Mark End        Relocate Start      Relocate End           High               Low         
[49.729s][info][gc,heap     ] GC(50)  Capacity:     2048M (100%)       2048M (100%)       2048M (100%)       2048M (100%)       2048M (100%)       2048M (100%)   
[49.729s][info][gc,heap     ] GC(50)      Free:      474M (23%)         290M (14%)         576M (28%)        1564M (76%)        1564M (76%)         258M (13%)    
[49.729s][info][gc,heap     ] GC(50)      Used:     1574M (77%)        1758M (86%)        1472M (72%)         484M (24%)        1790M (87%)         484M (24%)    
[49.729s][info][gc,heap     ] GC(50)      Live:         -               133M (7%)          133M (7%)          133M (7%)             -                  -          
[49.729s][info][gc,heap     ] GC(50) Allocated:         -               184M (9%)          232M (11%)         310M (15%)            -                  -          
[49.729s][info][gc,heap     ] GC(50)   Garbage:         -              1440M (70%)        1106M (54%)          39M (2%)             -                  -          
[49.729s][info][gc,heap     ] GC(50) Reclaimed:         -                  -               334M (16%)        1400M (68%)            -                  -          
[49.729s][info][gc          ] GC(50) Garbage Collection (Allocation Rate) 1574M(77%)->484M(24%)
[49.903s][info][gc,start    ] GC(51) Garbage Collection (Allocation Rate)
[49.903s][info][gc,task     ] GC(51) Using 2 workers
[49.903s][info][gc,phases   ] GC(51) Pause Mark Start 0.010ms
[49.966s][info][gc,phases   ] GC(51) Concurrent Mark 62.474ms
[49.966s][info][gc,phases   ] GC(51) Pause Mark End 0.021ms
[49.966s][info][gc,phases   ] GC(51) Concurrent Mark Free 0.002ms
[49.980s][info][gc,phases   ] GC(51) Concurrent Process Non-Strong References 13.393ms
[49.980s][info][gc,phases   ] GC(51) Concurrent Reset Relocation Set 0.057ms
[49.983s][info][gc,phases   ] GC(51) Concurrent Select Relocation Set 2.692ms
[49.983s][info][gc,phases   ] GC(51) Pause Relocate Start 0.010ms
[49.991s][info][gc,phases   ] GC(51) Concurrent Relocate 7.871ms
[49.991s][info][gc,load     ] GC(51) Load: 0.00/0.00/0.00
[49.991s][info][gc,mmu      ] GC(51) MMU: 2ms/98.5%, 5ms/99.4%, 10ms/99.6%, 20ms/99.8%, 50ms/99.9%, 100ms/99.9%
[49.991s][info][gc,marking  ] GC(51) Mark: 2 stripe(s), 2 proactive flush(es), 1 terminate flush(es), 0 completion(s), 0 continuation(s) 
[49.991s][info][gc,marking  ] GC(51) Mark Stack Usage: 32M
[49.991s][info][gc,nmethod  ] GC(51) NMethods: 14035 registered, 2249 unregistered
[49.991s][info][gc,metaspace] GC(51) Metaspace: 99M used, 100M committed, 1152M reserved
[49.991s][info][gc,ref      ] GC(51) Soft: 4309 encountered, 0 discovered, 0 enqueued
[49.991s][info][gc,ref      ] GC(51) Weak: 7413 encountered, 327 discovered, 3 enqueued
[49.991s][info][gc,ref      ] GC(51) Final: 1 encountered, 0 discovered, 0 enqueued
[49.991s][info][gc,ref      ] GC(51) Phantom: 775 encountered, 658 discovered, 0 enqueued
[49.991s][info][gc,reloc    ] GC(51) Small Pages: 385 / 770M, Empty: 510M, Relocated: 12M, In-Place: 0
[49.991s][info][gc,reloc    ] GC(51) Medium Pages: 2 / 64M, Empty: 32M, Relocated: 0M, In-Place: 0
[49.991s][info][gc,reloc    ] GC(51) Large Pages: 7 / 62M, Empty: 0M, Relocated: 0M, In-Place: 0
[49.991s][info][gc,reloc    ] GC(51) Forwarding Usage: 6M
[49.991s][info][gc,heap     ] GC(51) Min Capacity: 2048M(100%)
[49.991s][info][gc,heap     ] GC(51) Max Capacity: 2048M(100%)
[49.991s][info][gc,heap     ] GC(51) Soft Max Capacity: 2048M(100%)
[49.991s][info][gc,heap     ] GC(51)                Mark Start          Mark End        Relocate Start      Relocate End           High               Low         
[49.991s][info][gc,heap     ] GC(51)  Capacity:     2048M (100%)       2048M (100%)       2048M (100%)       2048M (100%)       2048M (100%)       2048M (100%)   
[49.991s][info][gc,heap     ] GC(51)      Free:     1152M (56%)        1142M (56%)        1684M (82%)        1882M (92%)        1882M (92%)        1142M (56%)    
[49.991s][info][gc,heap     ] GC(51)      Used:      896M (44%)         906M (44%)         364M (18%)         166M (8%)          906M (44%)         166M (8%)     
[49.991s][info][gc,heap     ] GC(51)      Live:         -               119M (6%)          119M (6%)          119M (6%)             -                  -          
[49.991s][info][gc,heap     ] GC(51) Allocated:         -                10M (0%)           10M (0%)           10M (0%)             -                  -          
[49.991s][info][gc,heap     ] GC(51)   Garbage:         -               776M (38%)         234M (11%)          36M (2%)             -                  -          
[49.991s][info][gc,heap     ] GC(51) Reclaimed:         -                  -               542M (26%)         740M (36%)            -                  -          
[49.991s][info][gc          ] GC(51) Garbage Collection (Allocation Rate) 896M(44%)->166M(8%)
[49.991s][info][gc,start    ] GC(52) Garbage Collection (System.gc())
[49.991s][info][gc,task     ] GC(52) Using 2 workers
[49.991s][info][gc,phases   ] GC(52) Pause Mark Start 0.005ms
[50.030s][info][gc,phases   ] GC(52) Concurrent Mark 38.932ms
[50.031s][info][gc,phases   ] GC(52) Pause Mark End 0.023ms
[50.031s][info][gc,phases   ] GC(52) Concurrent Mark Free 0.001ms
[50.043s][info][gc,phases   ] GC(52) Concurrent Process Non-Strong References 11.849ms
[50.043s][info][gc,phases   ] GC(52) Concurrent Reset Relocation Set 0.008ms
[50.045s][info][gc,phases   ] GC(52) Concurrent Select Relocation Set 1.906ms
[50.045s][info][gc,phases   ] GC(52) Pause Relocate Start 0.010ms
[50.046s][info][gc,phases   ] GC(52) Concurrent Relocate 0.811ms
[50.046s][info][gc,load     ] GC(52) Load: 0.00/0.00/0.00
[50.046s][info][gc,mmu      ] GC(52) MMU: 2ms/98.5%, 5ms/99.4%, 10ms/99.6%, 20ms/99.8%, 50ms/99.9%, 100ms/99.9%
[50.046s][info][gc,marking  ] GC(52) Mark: 2 stripe(s), 2 proactive flush(es), 1 terminate flush(es), 0 completion(s), 0 continuation(s) 
[50.046s][info][gc,marking  ] GC(52) Mark Stack Usage: 32M
[50.046s][info][gc,nmethod  ] GC(52) NMethods: 14035 registered, 2249 unregistered
[50.046s][info][gc,metaspace] GC(52) Metaspace: 99M used, 100M committed, 1152M reserved
[50.046s][info][gc,ref      ] GC(52) Soft: 4309 encountered, 0 discovered, 0 enqueued
[50.046s][info][gc,ref      ] GC(52) Weak: 7410 encountered, 411 discovered, 0 enqueued
[50.046s][info][gc,ref      ] GC(52) Final: 1 encountered, 0 discovered, 0 enqueued
[50.046s][info][gc,ref      ] GC(52) Phantom: 775 encountered, 635 discovered, 0 enqueued
[50.046s][info][gc,reloc    ] GC(52) Small Pages: 36 / 72M, Empty: 12M, Relocated: 0M, In-Place: 0
[50.046s][info][gc,reloc    ] GC(52) Medium Pages: 1 / 32M, Empty: 0M, Relocated: 0M, In-Place: 0
[50.046s][info][gc,reloc    ] GC(52) Large Pages: 7 / 62M, Empty: 0M, Relocated: 0M, In-Place: 0
[50.046s][info][gc,reloc    ] GC(52) Forwarding Usage: 0M
[50.046s][info][gc,heap     ] GC(52) Min Capacity: 2048M(100%)
[50.046s][info][gc,heap     ] GC(52) Max Capacity: 2048M(100%)
[50.046s][info][gc,heap     ] GC(52) Soft Max Capacity: 2048M(100%)
[50.046s][info][gc,heap     ] GC(52)                Mark Start          Mark End        Relocate Start      Relocate End           High               Low         
[50.046s][info][gc,heap     ] GC(52)  Capacity:     2048M (100%)       2048M (100%)       2048M (100%)       2048M (100%)       2048M (100%)       2048M (100%)   
[50.046s][info][gc,heap     ] GC(52)      Free:     1882M (92%)        1878M (92%)        1890M (92%)        1900M (93%)        1900M (93%)        1878M (92%)    
[50.046s][info][gc,heap     ] GC(52)      Used:      166M (8%)          170M (8%)          158M (8%)          148M (7%)          170M (8%)          148M (7%)     
[50.046s][info][gc,heap     ] GC(52)      Live:         -               105M (5%)          105M (5%)          105M (5%)             -                  -          
[50.046s][info][gc,heap     ] GC(52) Allocated:         -                 4M (0%)            4M (0%)            4M (0%)             -                  -          
[50.046s][info][gc,heap     ] GC(52)   Garbage:         -                60M (3%)           48M (2%)           38M (2%)             -                  -          
[50.046s][info][gc,heap     ] GC(52) Reclaimed:         -                  -                12M (1%)           22M (1%)             -                  -          
[50.046s][info][gc          ] GC(52) Garbage Collection (System.gc()) 166M(8%)->148M(7%)
[50.096s][info][gc,stats    ] === Garbage Collection Statistics =======================================================================================================================
[50.096s][info][gc,stats    ]                                                              Last 10s              Last 10m              Last 10h                Total
[50.096s][info][gc,stats    ]                                                              Avg / Max             Avg / Max             Avg / Max             Avg / Max
[50.096s][info][gc,stats    ]   Collector: Garbage Collection Cycle                    113.874 / 231.245     539.192 / 1215.582    539.192 / 1215.582    539.192 / 1215.582    ms
[50.096s][info][gc,stats    ]  Contention: Mark Segment Reset Contention                     0 / 2                12 / 496              12 / 496              12 / 496         ops/s
[50.096s][info][gc,stats    ]  Contention: Mark SeqNum Reset Contention                      0 / 1                 0 / 4                 0 / 4                 0 / 4           ops/s
[50.096s][info][gc,stats    ]    Critical: Allocation Stall                                  0 / 0                 0 / 6                 0 / 6                 0 / 6           ops/s
[50.096s][info][gc,stats    ]    Critical: Allocation Stall                              0.000 / 0.000       513.228 / 1001.934    513.228 / 1001.934    513.228 / 1001.934    ms
[50.096s][info][gc,stats    ]    Critical: GC Locker Stall                                   0 / 0                 0 / 1                 0 / 1                 0 / 1           ops/s
[50.096s][info][gc,stats    ]    Critical: GC Locker Stall                               0.000 / 0.000         0.000 / 0.000         0.000 / 0.000         0.000 / 0.000       ms
[50.096s][info][gc,stats    ]    Critical: Relocation Stall                                  0 / 0                 0 / 1                 0 / 1                 0 / 1           ops/s
[50.096s][info][gc,stats    ]    Critical: Relocation Stall                              0.000 / 0.000         7.319 / 11.251        7.319 / 11.251        7.319 / 11.251      ms
[50.096s][info][gc,stats    ]      Memory: Allocation Rate                                1093 / 2266            506 / 2266            506 / 2266            506 / 2266        MB/s
[50.096s][info][gc,stats    ]      Memory: Out Of Memory                                     0 / 0                 0 / 0                 0 / 0                 0 / 0           ops/s
[50.096s][info][gc,stats    ]      Memory: Page Cache Flush                                  3 / 32               20 / 172              20 / 172              20 / 172         MB/s
[50.096s][info][gc,stats    ]      Memory: Page Cache Hit L1                               536 / 1129            234 / 1129            234 / 1129            234 / 1129        ops/s
[50.096s][info][gc,stats    ]      Memory: Page Cache Hit L2                                 0 / 0                 0 / 0                 0 / 0                 0 / 0           ops/s
[50.096s][info][gc,stats    ]      Memory: Page Cache Hit L3                                 0 / 0                23 / 289              23 / 289              23 / 289         ops/s
[50.096s][info][gc,stats    ]      Memory: Page Cache Miss                                   0 / 1                 1 / 11                1 / 11                1 / 11          ops/s
[50.096s][info][gc,stats    ]      Memory: Uncommit                                          0 / 0                 0 / 0                 0 / 0                 0 / 0           MB/s
[50.097s][info][gc,stats    ]      Memory: Undo Object Allocation Failed                     0 / 3                 0 / 3                 0 / 3                 0 / 3           ops/s
[50.097s][info][gc,stats    ]      Memory: Undo Object Allocation Succeeded                 19 / 151              17 / 520              17 / 520              17 / 520         ops/s
[50.097s][info][gc,stats    ]      Memory: Undo Page Allocation                              0 / 1                 0 / 3                 0 / 3                 0 / 3           ops/s
[50.097s][info][gc,stats    ]       Phase: Concurrent Mark                              77.418 / 143.114     472.123 / 1158.372    472.123 / 1158.372    472.123 / 1158.372    ms
[50.097s][info][gc,stats    ]       Phase: Concurrent Mark Continue                      0.000 / 0.000         0.000 / 0.000         0.000 / 0.000         0.000 / 0.000       ms
[50.097s][info][gc,stats    ]       Phase: Concurrent Mark Free                          0.001 / 0.002         0.081 / 4.217         0.081 / 4.217         0.081 / 4.217       ms
[50.097s][info][gc,stats    ]       Phase: Concurrent Process Non-Strong References     18.885 / 27.293        9.721 / 27.293        9.721 / 27.293        9.721 / 27.293      ms
[50.097s][info][gc,stats    ]       Phase: Concurrent Relocate                          13.014 / 56.907       46.627 / 247.779      46.627 / 247.779      46.627 / 247.779     ms
[50.097s][info][gc,stats    ]       Phase: Concurrent Reset Relocation Set               0.016 / 0.057         0.016 / 0.057         0.016 / 0.057         0.016 / 0.057       ms
[50.097s][info][gc,stats    ]       Phase: Concurrent Select Relocation Set              3.474 / 7.074         8.842 / 40.244        8.842 / 40.244        8.842 / 40.244      ms
[50.097s][info][gc,stats    ]       Phase: Pause Mark End                                0.017 / 0.024         0.017 / 0.030         0.017 / 0.030         0.017 / 0.030       ms
[50.097s][info][gc,stats    ]       Phase: Pause Mark Start                              0.008 / 0.011         0.009 / 0.030         0.009 / 0.030         0.009 / 0.030       ms
[50.097s][info][gc,stats    ]       Phase: Pause Relocate Start                          0.010 / 0.012         0.010 / 0.018         0.010 / 0.018         0.010 / 0.018       ms
[50.097s][info][gc,stats    ]    Subphase: Concurrent Classes Purge                      0.620 / 0.995         0.334 / 0.995         0.334 / 0.995         0.334 / 0.995       ms
[50.097s][info][gc,stats    ]    Subphase: Concurrent Classes Unlink                    16.756 / 25.044        8.253 / 25.044        8.253 / 25.044        8.253 / 25.044      ms
[50.097s][info][gc,stats    ]    Subphase: Concurrent Mark                              66.767 / 140.297     484.278 / 1155.457    484.278 / 1155.457    484.278 / 1155.457    ms
[50.097s][info][gc,stats    ]    Subphase: Concurrent Mark Try Flush                     0.098 / 0.483         0.109 / 0.511         0.109 / 0.511         0.109 / 0.511       ms
[50.097s][info][gc,stats    ]    Subphase: Concurrent Mark Try Terminate                 2.582 / 15.980        3.256 / 16.923        3.256 / 16.923        3.256 / 16.923      ms
[50.097s][info][gc,stats    ]    Subphase: Concurrent References Enqueue                 0.005 / 0.008         0.004 / 0.009         0.004 / 0.009         0.004 / 0.009       ms
[50.097s][info][gc,stats    ]    Subphase: Concurrent References Process                 0.523 / 1.172         0.315 / 1.172         0.315 / 1.172         0.315 / 1.172       ms
[50.097s][info][gc,stats    ]    Subphase: Concurrent Roots ClassLoaderDataGraph         0.143 / 0.386         0.145 / 0.429         0.145 / 0.429         0.145 / 0.429       ms
[50.097s][info][gc,stats    ]    Subphase: Concurrent Roots CodeCache                    0.000 / 0.000         0.000 / 0.000         0.000 / 0.000         0.000 / 0.000       ms
[50.097s][info][gc,stats    ]    Subphase: Concurrent Roots JavaThreads                  1.571 / 2.429         1.533 / 2.429         1.533 / 2.429         1.533 / 2.429       ms
[50.097s][info][gc,stats    ]    Subphase: Concurrent Roots OopStorageSet                0.037 / 0.060         0.036 / 0.095         0.036 / 0.095         0.036 / 0.095       ms
[50.097s][info][gc,stats    ]    Subphase: Concurrent Weak Roots OopStorageSet           0.775 / 1.169         0.612 / 1.169         0.612 / 1.169         0.612 / 1.169       ms
[50.097s][info][gc,stats    ]    Subphase: Pause Mark Try Complete                       0.000 / 0.000         0.000 / 0.000         0.000 / 0.000         0.000 / 0.000       ms
[50.097s][info][gc,stats    ]      System: Java Threads                                     46 / 48               37 / 48               37 / 48               37 / 48          threads
[50.097s][info][gc,stats    ] =========================================================================================================================================================
[50.603s][info][gc,start    ] GC(53) Garbage Collection (Allocation Rate)
[50.603s][info][gc,task     ] GC(53) Using 1 workers
[50.603s][info][gc,phases   ] GC(53) Pause Mark Start 0.009ms
[50.664s][info][gc,phases   ] GC(53) Concurrent Mark 60.374ms
[50.664s][info][gc,phases   ] GC(53) Pause Mark End 0.015ms
[50.664s][info][gc,phases   ] GC(53) Concurrent Mark Free 0.001ms
[50.689s][info][gc,phases   ] GC(53) Concurrent Process Non-Strong References 25.006ms
[50.689s][info][gc,phases   ] GC(53) Concurrent Reset Relocation Set 0.001ms
[50.691s][info][gc,phases   ] GC(53) Concurrent Select Relocation Set 2.176ms
[50.692s][info][gc,phases   ] GC(53) Pause Relocate Start 0.010ms
[50.696s][info][gc,phases   ] GC(53) Concurrent Relocate 3.986ms
[50.696s][info][gc,load     ] GC(53) Load: 0.00/0.00/0.00
[50.696s][info][gc,mmu      ] GC(53) MMU: 2ms/98.5%, 5ms/99.4%, 10ms/99.6%, 20ms/99.8%, 50ms/99.9%, 100ms/99.9%
[50.696s][info][gc,marking  ] GC(53) Mark: 1 stripe(s), 2 proactive flush(es), 1 terminate flush(es), 0 completion(s), 0 continuation(s) 
[50.696s][info][gc,marking  ] GC(53) Mark Stack Usage: 32M
[50.696s][info][gc,nmethod  ] GC(53) NMethods: 14153 registered, 2249 unregistered
[50.696s][info][gc,metaspace] GC(53) Metaspace: 99M used, 100M committed, 1152M reserved
[50.696s][info][gc,ref      ] GC(53) Soft: 4309 encountered, 0 discovered, 0 enqueued
[50.696s][info][gc,ref      ] GC(53) Weak: 7423 encountered, 6246 discovered, 4 enqueued
[50.696s][info][gc,ref      ] GC(53) Final: 1 encountered, 0 discovered, 0 enqueued
[50.696s][info][gc,ref      ] GC(53) Phantom: 775 encountered, 397 discovered, 0 enqueued
[50.696s][info][gc,reloc    ] GC(53) Small Pages: 486 / 972M, Empty: 642M, Relocated: 1M, In-Place: 0
[50.696s][info][gc,reloc    ] GC(53) Medium Pages: 2 / 64M, Empty: 32M, Relocated: 0M, In-Place: 0
[50.696s][info][gc,reloc    ] GC(53) Large Pages: 7 / 62M, Empty: 0M, Relocated: 0M, In-Place: 0
[50.696s][info][gc,reloc    ] GC(53) Forwarding Usage: 0M
[50.696s][info][gc,heap     ] GC(53) Min Capacity: 2048M(100%)
[50.696s][info][gc,heap     ] GC(53) Max Capacity: 2048M(100%)
[50.696s][info][gc,heap     ] GC(53) Soft Max Capacity: 2048M(100%)
[50.696s][info][gc,heap     ] GC(53)                Mark Start          Mark End        Relocate Start      Relocate End           High               Low         
[50.696s][info][gc,heap     ] GC(53)  Capacity:     2048M (100%)       2048M (100%)       2048M (100%)       2048M (100%)       2048M (100%)       2048M (100%)   
[50.696s][info][gc,heap     ] GC(53)      Free:      950M (46%)         820M (40%)        1438M (70%)        1712M (84%)        1712M (84%)         768M (38%)    
[50.696s][info][gc,heap     ] GC(53)      Used:     1098M (54%)        1228M (60%)         610M (30%)         336M (16%)        1280M (62%)         336M (16%)    
[50.696s][info][gc,heap     ] GC(53)      Live:         -               106M (5%)          106M (5%)          106M (5%)             -                  -          
[50.696s][info][gc,heap     ] GC(53) Allocated:         -               130M (6%)          186M (9%)          193M (9%)             -                  -          
[50.696s][info][gc,heap     ] GC(53)   Garbage:         -               991M (48%)         317M (16%)          35M (2%)             -                  -          
[50.696s][info][gc,heap     ] GC(53) Reclaimed:         -                  -               674M (33%)         955M (47%)            -                  -          
[50.696s][info][gc          ] GC(53) Garbage Collection (Allocation Rate) 1098M(54%)->336M(16%)
[51.193s][info][gc,start    ] GC(54) Garbage Collection (Allocation Rate)
[51.193s][info][gc,task     ] GC(54) Using 1 workers
[51.193s][info][gc,phases   ] GC(54) Pause Mark Start 0.009ms
[51.318s][info][gc,phases   ] GC(54) Concurrent Mark 125.019ms
[51.318s][info][gc,phases   ] GC(54) Pause Mark End 0.015ms
[51.319s][info][gc,phases   ] GC(54) Concurrent Mark Free 0.002ms
[51.343s][info][gc,phases   ] GC(54) Concurrent Process Non-Strong References 24.806ms
[51.343s][info][gc,phases   ] GC(54) Concurrent Reset Relocation Set 0.012ms
[51.349s][info][gc,phases   ] GC(54) Concurrent Select Relocation Set 5.079ms
[51.349s][info][gc,phases   ] GC(54) Pause Relocate Start 0.016ms
[51.388s][info][gc,phases   ] GC(54) Concurrent Relocate 39.433ms
[51.388s][info][gc,load     ] GC(54) Load: 0.00/0.00/0.00
[51.388s][info][gc,mmu      ] GC(54) MMU: 2ms/98.5%, 5ms/99.4%, 10ms/99.6%, 20ms/99.8%, 50ms/99.9%, 100ms/99.9%
[51.388s][info][gc,marking  ] GC(54) Mark: 1 stripe(s), 2 proactive flush(es), 1 terminate flush(es), 0 completion(s), 0 continuation(s) 
[51.388s][info][gc,marking  ] GC(54) Mark Stack Usage: 32M
[51.388s][info][gc,nmethod  ] GC(54) NMethods: 14156 registered, 2249 unregistered
[51.388s][info][gc,metaspace] GC(54) Metaspace: 99M used, 100M committed, 1152M reserved
[51.389s][info][gc,ref      ] GC(54) Soft: 4309 encountered, 0 discovered, 0 enqueued
[51.389s][info][gc,ref      ] GC(54) Weak: 7422 encountered, 6248 discovered, 6 enqueued
[51.389s][info][gc,ref      ] GC(54) Final: 1 encountered, 0 discovered, 0 enqueued
[51.389s][info][gc,ref      ] GC(54) Phantom: 775 encountered, 397 discovered, 0 enqueued
[51.389s][info][gc,reloc    ] GC(54) Small Pages: 698 / 1396M, Empty: 414M, Relocated: 25M, In-Place: 0
[51.389s][info][gc,reloc    ] GC(54) Medium Pages: 2 / 64M, Empty: 0M, Relocated: 4M, In-Place: 0
[51.389s][info][gc,reloc    ] GC(54) Large Pages: 7 / 62M, Empty: 0M, Relocated: 0M, In-Place: 0
[51.389s][info][gc,reloc    ] GC(54) Forwarding Usage: 16M
[51.389s][info][gc,heap     ] GC(54) Min Capacity: 2048M(100%)
[51.389s][info][gc,heap     ] GC(54) Max Capacity: 2048M(100%)
[51.389s][info][gc,heap     ] GC(54) Soft Max Capacity: 2048M(100%)
[51.389s][info][gc,heap     ] GC(54)                Mark Start          Mark End        Relocate Start      Relocate End           High               Low         
[51.389s][info][gc,heap     ] GC(54)  Capacity:     2048M (100%)       2048M (100%)       2048M (100%)       2048M (100%)       2048M (100%)       2048M (100%)   
[51.389s][info][gc,heap     ] GC(54)      Free:      526M (26%)         226M (11%)         578M (28%)        1404M (69%)        1404M (69%)         174M (8%)     
[51.389s][info][gc,heap     ] GC(54)      Used:     1522M (74%)        1822M (89%)        1470M (72%)         644M (31%)        1874M (92%)         644M (31%)    
[51.389s][info][gc,heap     ] GC(54)      Live:         -               133M (7%)          133M (7%)          133M (7%)             -                  -          
[51.389s][info][gc,heap     ] GC(54) Allocated:         -               300M (15%)         362M (18%)         474M (23%)            -                  -          
[51.389s][info][gc,heap     ] GC(54)   Garbage:         -              1388M (68%)         974M (48%)          35M (2%)             -                  -          
[51.389s][info][gc,heap     ] GC(54) Reclaimed:         -                  -               414M (20%)        1352M (66%)            -                  -          
[51.389s][info][gc          ] GC(54) Garbage Collection (Allocation Rate) 1522M(74%)->644M(31%)
[51.494s][info][gc,start    ] GC(55) Garbage Collection (Allocation Rate)
[51.495s][info][gc,task     ] GC(55) Using 2 workers
[51.495s][info][gc,phases   ] GC(55) Pause Mark Start 0.009ms
[51.573s][info][gc,phases   ] GC(55) Concurrent Mark 78.562ms
[51.574s][info][gc,phases   ] GC(55) Pause Mark End 0.011ms
[51.574s][info][gc,phases   ] GC(55) Concurrent Mark Free 0.001ms
[51.586s][info][gc,phases   ] GC(55) Concurrent Process Non-Strong References 11.894ms
[51.586s][info][gc,phases   ] GC(55) Concurrent Reset Relocation Set 0.032ms
[51.589s][info][gc,phases   ] GC(55) Concurrent Select Relocation Set 2.983ms
[51.589s][info][gc,phases   ] GC(55) Pause Relocate Start 0.018ms
[51.592s][info][gc,phases   ] GC(55) Concurrent Relocate 3.350ms
[51.592s][info][gc,load     ] GC(55) Load: 0.00/0.00/0.00
[51.592s][info][gc,mmu      ] GC(55) MMU: 2ms/98.5%, 5ms/99.4%, 10ms/99.6%, 20ms/99.8%, 50ms/99.9%, 100ms/99.9%
[51.592s][info][gc,marking  ] GC(55) Mark: 2 stripe(s), 2 proactive flush(es), 1 terminate flush(es), 0 completion(s), 0 continuation(s) 
[51.592s][info][gc,marking  ] GC(55) Mark Stack Usage: 32M
[51.592s][info][gc,nmethod  ] GC(55) NMethods: 14158 registered, 2249 unregistered
[51.593s][info][gc,metaspace] GC(55) Metaspace: 99M used, 100M committed, 1152M reserved
[51.593s][info][gc,ref      ] GC(55) Soft: 4309 encountered, 0 discovered, 0 enqueued
[51.593s][info][gc,ref      ] GC(55) Weak: 7416 encountered, 1561 discovered, 0 enqueued
[51.593s][info][gc,ref      ] GC(55) Final: 1 encountered, 1 discovered, 0 enqueued
[51.593s][info][gc,ref      ] GC(55) Phantom: 775 encountered, 468 discovered, 0 enqueued
[51.593s][info][gc,reloc    ] GC(55) Small Pages: 394 / 788M, Empty: 314M, Relocated: 3M, In-Place: 0
[51.593s][info][gc,reloc    ] GC(55) Medium Pages: 2 / 64M, Empty: 0M, Relocated: 4M, In-Place: 0
[51.593s][info][gc,reloc    ] GC(55) Large Pages: 7 / 62M, Empty: 0M, Relocated: 0M, In-Place: 0
[51.593s][info][gc,reloc    ] GC(55) Forwarding Usage: 2M
[51.593s][info][gc,heap     ] GC(55) Min Capacity: 2048M(100%)
[51.593s][info][gc,heap     ] GC(55) Max Capacity: 2048M(100%)
[51.593s][info][gc,heap     ] GC(55) Soft Max Capacity: 2048M(100%)
[51.593s][info][gc,heap     ] GC(55)                Mark Start          Mark End        Relocate Start      Relocate End           High               Low         
[51.593s][info][gc,heap     ] GC(55)  Capacity:     2048M (100%)       2048M (100%)       2048M (100%)       2048M (100%)       2048M (100%)       2048M (100%)   
[51.593s][info][gc,heap     ] GC(55)      Free:     1134M (55%)         954M (47%)        1244M (61%)        1640M (80%)        1640M (80%)         936M (46%)    
[51.593s][info][gc,heap     ] GC(55)      Used:      914M (45%)        1094M (53%)         804M (39%)         408M (20%)        1112M (54%)         408M (20%)    
[51.593s][info][gc,heap     ] GC(55)      Live:         -               133M (7%)          133M (7%)          133M (7%)             -                  -          
[51.593s][info][gc,heap     ] GC(55) Allocated:         -               180M (9%)          204M (10%)         239M (12%)            -                  -          
[51.593s][info][gc,heap     ] GC(55)   Garbage:         -               780M (38%)         466M (23%)          34M (2%)             -                  -          
[51.593s][info][gc,heap     ] GC(55) Reclaimed:         -                  -               314M (15%)         745M (36%)            -                  -          
[51.593s][info][gc          ] GC(55) Garbage Collection (Allocation Rate) 914M(45%)->408M(20%)
[51.604s][info][gc,start    ] GC(56) Garbage Collection (System.gc())
[51.604s][info][gc,task     ] GC(56) Using 2 workers
[51.604s][info][gc,phases   ] GC(56) Pause Mark Start 0.007ms
[51.653s][info][gc,phases   ] GC(56) Concurrent Mark 48.194ms
[51.653s][info][gc,phases   ] GC(56) Pause Mark End 0.026ms
[51.653s][info][gc,phases   ] GC(56) Concurrent Mark Free 0.002ms
[51.665s][info][gc,phases   ] GC(56) Concurrent Process Non-Strong References 12.122ms
[51.665s][info][gc,phases   ] GC(56) Concurrent Reset Relocation Set 0.015ms
[51.666s][info][gc,phases   ] GC(56) Concurrent Select Relocation Set 1.270ms
[51.667s][info][gc,phases   ] GC(56) Pause Relocate Start 0.010ms
[51.667s][info][gc,phases   ] GC(56) Concurrent Relocate 0.585ms
[51.667s][info][gc,load     ] GC(56) Load: 0.00/0.00/0.00
[51.667s][info][gc,mmu      ] GC(56) MMU: 2ms/98.5%, 5ms/99.4%, 10ms/99.6%, 20ms/99.8%, 50ms/99.9%, 100ms/99.9%
[51.667s][info][gc,marking  ] GC(56) Mark: 2 stripe(s), 2 proactive flush(es), 1 terminate flush(es), 0 completion(s), 0 continuation(s) 
[51.667s][info][gc,marking  ] GC(56) Mark Stack Usage: 32M
[51.667s][info][gc,nmethod  ] GC(56) NMethods: 14159 registered, 2249 unregistered
[51.667s][info][gc,metaspace] GC(56) Metaspace: 99M used, 100M committed, 1152M reserved
[51.667s][info][gc,ref      ] GC(56) Soft: 4311 encountered, 0 discovered, 0 enqueued
[51.667s][info][gc,ref      ] GC(56) Weak: 7424 encountered, 6116 discovered, 6 enqueued
[51.667s][info][gc,ref      ] GC(56) Final: 1 encountered, 1 discovered, 0 enqueued
[51.667s][info][gc,ref      ] GC(56) Phantom: 780 encountered, 531 discovered, 0 enqueued
[51.667s][info][gc,reloc    ] GC(56) Small Pages: 147 / 294M, Empty: 230M, Relocated: 0M, In-Place: 0
[51.667s][info][gc,reloc    ] GC(56) Medium Pages: 2 / 64M, Empty: 32M, Relocated: 0M, In-Place: 0
[51.667s][info][gc,reloc    ] GC(56) Large Pages: 7 / 62M, Empty: 0M, Relocated: 0M, In-Place: 0
[51.667s][info][gc,reloc    ] GC(56) Forwarding Usage: 0M
[51.667s][info][gc,heap     ] GC(56) Min Capacity: 2048M(100%)
[51.667s][info][gc,heap     ] GC(56) Max Capacity: 2048M(100%)
[51.667s][info][gc,heap     ] GC(56) Soft Max Capacity: 2048M(100%)
[51.667s][info][gc,heap     ] GC(56)                Mark Start          Mark End        Relocate Start      Relocate End           High               Low         
[51.667s][info][gc,heap     ] GC(56)  Capacity:     2048M (100%)       2048M (100%)       2048M (100%)       2048M (100%)       2048M (100%)       2048M (100%)   
[51.667s][info][gc,heap     ] GC(56)      Free:     1628M (79%)        1628M (79%)        1890M (92%)        1904M (93%)        1904M (93%)        1628M (79%)    
[51.667s][info][gc,heap     ] GC(56)      Used:      420M (21%)         420M (21%)         158M (8%)          144M (7%)          420M (21%)         144M (7%)     
[51.667s][info][gc,heap     ] GC(56)      Live:         -               105M (5%)          105M (5%)          105M (5%)             -                  -          
[51.667s][info][gc,heap     ] GC(56) Allocated:         -                 0M (0%)            0M (0%)            0M (0%)             -                  -          
[51.667s][info][gc,heap     ] GC(56)   Garbage:         -               314M (15%)          52M (3%)           38M (2%)             -                  -          
[51.667s][info][gc,heap     ] GC(56) Reclaimed:         -                  -               262M (13%)         276M (13%)            -                  -          
[51.667s][info][gc          ] GC(56) Garbage Collection (System.gc()) 420M(21%)->144M(7%)
[52.302s][info][gc,start    ] GC(57) Garbage Collection (Allocation Rate)
[52.302s][info][gc,task     ] GC(57) Using 1 workers
[52.302s][info][gc,phases   ] GC(57) Pause Mark Start 0.008ms
[52.367s][info][gc,phases   ] GC(57) Concurrent Mark 64.182ms
[52.367s][info][gc,phases   ] GC(57) Pause Mark End 0.015ms
[52.367s][info][gc,phases   ] GC(57) Concurrent Mark Free 0.001ms
[52.392s][info][gc,phases   ] GC(57) Concurrent Process Non-Strong References 24.905ms
[52.392s][info][gc,phases   ] GC(57) Concurrent Reset Relocation Set 0.002ms
[52.394s][info][gc,phases   ] GC(57) Concurrent Select Relocation Set 2.282ms
[52.394s][info][gc,phases   ] GC(57) Pause Relocate Start 0.009ms
[52.400s][info][gc,phases   ] GC(57) Concurrent Relocate 5.732ms
[52.400s][info][gc,load     ] GC(57) Load: 0.00/0.00/0.00
[52.400s][info][gc,mmu      ] GC(57) MMU: 2ms/98.5%, 5ms/99.4%, 10ms/99.6%, 20ms/99.8%, 50ms/99.9%, 100ms/99.9%
[52.400s][info][gc,marking  ] GC(57) Mark: 1 stripe(s), 2 proactive flush(es), 1 terminate flush(es), 0 completion(s), 0 continuation(s) 
[52.400s][info][gc,marking  ] GC(57) Mark Stack Usage: 32M
[52.400s][info][gc,nmethod  ] GC(57) NMethods: 14230 registered, 2249 unregistered
[52.400s][info][gc,metaspace] GC(57) Metaspace: 99M used, 100M committed, 1152M reserved
[52.400s][info][gc,ref      ] GC(57) Soft: 4311 encountered, 0 discovered, 0 enqueued
[52.400s][info][gc,ref      ] GC(57) Weak: 7428 encountered, 6251 discovered, 1 enqueued
[52.400s][info][gc,ref      ] GC(57) Final: 1 encountered, 0 discovered, 0 enqueued
[52.400s][info][gc,ref      ] GC(57) Phantom: 780 encountered, 402 discovered, 5 enqueued
[52.400s][info][gc,reloc    ] GC(57) Small Pages: 565 / 1130M, Empty: 642M, Relocated: 3M, In-Place: 0
[52.400s][info][gc,reloc    ] GC(57) Medium Pages: 2 / 64M, Empty: 32M, Relocated: 0M, In-Place: 0
[52.400s][info][gc,reloc    ] GC(57) Large Pages: 7 / 62M, Empty: 0M, Relocated: 0M, In-Place: 0
[52.400s][info][gc,reloc    ] GC(57) Forwarding Usage: 1M
[52.400s][info][gc,heap     ] GC(57) Min Capacity: 2048M(100%)
[52.400s][info][gc,heap     ] GC(57) Max Capacity: 2048M(100%)
[52.400s][info][gc,heap     ] GC(57) Soft Max Capacity: 2048M(100%)
[52.400s][info][gc,heap     ] GC(57)                Mark Start          Mark End        Relocate Start      Relocate End           High               Low         
[52.400s][info][gc,heap     ] GC(57)  Capacity:     2048M (100%)       2048M (100%)       2048M (100%)       2048M (100%)       2048M (100%)       2048M (100%)   
[52.400s][info][gc,heap     ] GC(57)      Free:      792M (39%)         654M (32%)        1272M (62%)        1700M (83%)        1702M (83%)         602M (29%)    
[52.400s][info][gc,heap     ] GC(57)      Used:     1256M (61%)        1394M (68%)         776M (38%)         348M (17%)        1446M (71%)         346M (17%)    
[52.400s][info][gc,heap     ] GC(57)      Live:         -               106M (5%)          106M (5%)          106M (5%)             -                  -          
[52.400s][info][gc,heap     ] GC(57) Allocated:         -               138M (7%)          194M (9%)          205M (10%)            -                  -          
[52.400s][info][gc,heap     ] GC(57)   Garbage:         -              1149M (56%)         475M (23%)          35M (2%)             -                  -          
[52.401s][info][gc,heap     ] GC(57) Reclaimed:         -                  -               674M (33%)        1113M (54%)            -                  -          
[52.401s][info][gc          ] GC(57) Garbage Collection (Allocation Rate) 1256M(61%)->348M(17%)
[52.793s][info][gc,start    ] GC(58) Garbage Collection (Allocation Rate)
[52.793s][info][gc,task     ] GC(58) Using 1 workers
[52.793s][info][gc,phases   ] GC(58) Pause Mark Start 0.009ms
[52.923s][info][gc,phases   ] GC(58) Concurrent Mark 129.276ms
[52.923s][info][gc,phases   ] GC(58) Pause Mark End 0.017ms
[52.923s][info][gc,phases   ] GC(58) Concurrent Mark Free 0.002ms
[52.949s][info][gc,phases   ] GC(58) Concurrent Process Non-Strong References 25.790ms
[52.949s][info][gc,phases   ] GC(58) Concurrent Reset Relocation Set 0.011ms
[52.954s][info][gc,phases   ] GC(58) Concurrent Select Relocation Set 5.533ms
[52.955s][info][gc,phases   ] GC(58) Pause Relocate Start 0.013ms
[52.994s][info][gc,phases   ] GC(58) Concurrent Relocate 39.339ms
[52.994s][info][gc,load     ] GC(58) Load: 0.00/0.00/0.00
[52.994s][info][gc,mmu      ] GC(58) MMU: 2ms/98.5%, 5ms/99.4%, 10ms/99.6%, 20ms/99.8%, 50ms/99.9%, 100ms/99.9%
[52.994s][info][gc,marking  ] GC(58) Mark: 1 stripe(s), 2 proactive flush(es), 1 terminate flush(es), 0 completion(s), 0 continuation(s) 
[52.994s][info][gc,marking  ] GC(58) Mark Stack Usage: 32M
[52.994s][info][gc,nmethod  ] GC(58) NMethods: 14230 registered, 2249 unregistered
[52.994s][info][gc,metaspace] GC(58) Metaspace: 99M used, 100M committed, 1152M reserved
[52.994s][info][gc,ref      ] GC(58) Soft: 4311 encountered, 0 discovered, 0 enqueued
[52.994s][info][gc,ref      ] GC(58) Weak: 7425 encountered, 6251 discovered, 5 enqueued
[52.994s][info][gc,ref      ] GC(58) Final: 1 encountered, 0 discovered, 0 enqueued
[52.994s][info][gc,ref      ] GC(58) Phantom: 775 encountered, 397 discovered, 0 enqueued
[52.994s][info][gc,reloc    ] GC(58) Small Pages: 589 / 1178M, Empty: 248M, Relocated: 25M, In-Place: 0
[52.994s][info][gc,reloc    ] GC(58) Medium Pages: 2 / 64M, Empty: 0M, Relocated: 4M, In-Place: 0
[52.994s][info][gc,reloc    ] GC(58) Large Pages: 7 / 62M, Empty: 0M, Relocated: 0M, In-Place: 0
[52.994s][info][gc,reloc    ] GC(58) Forwarding Usage: 16M
[52.994s][info][gc,heap     ] GC(58) Min Capacity: 2048M(100%)
[52.994s][info][gc,heap     ] GC(58) Max Capacity: 2048M(100%)
[52.994s][info][gc,heap     ] GC(58) Soft Max Capacity: 2048M(100%)
[52.994s][info][gc,heap     ] GC(58)                Mark Start          Mark End        Relocate Start      Relocate End           High               Low         
[52.994s][info][gc,heap     ] GC(58)  Capacity:     2048M (100%)       2048M (100%)       2048M (100%)       2048M (100%)       2048M (100%)       2048M (100%)   
[52.994s][info][gc,heap     ] GC(58)      Free:      744M (36%)         434M (21%)         606M (30%)        1386M (68%)        1386M (68%)         372M (18%)    
[52.994s][info][gc,heap     ] GC(58)      Used:     1304M (64%)        1614M (79%)        1442M (70%)         662M (32%)        1676M (82%)         662M (32%)    
[52.995s][info][gc,heap     ] GC(58)      Live:         -               133M (7%)          133M (7%)          133M (7%)             -                  -          
[52.995s][info][gc,heap     ] GC(58) Allocated:         -               310M (15%)         386M (19%)         491M (24%)            -                  -          
[52.995s][info][gc,heap     ] GC(58)   Garbage:         -              1170M (57%)         922M (45%)          36M (2%)             -                  -          
[52.995s][info][gc,heap     ] GC(58) Reclaimed:         -                  -               248M (12%)        1133M (55%)            -                  -          
[52.995s][info][gc          ] GC(58) Garbage Collection (Allocation Rate) 1304M(64%)->662M(32%)
[53.094s][info][gc,start    ] GC(59) Garbage Collection (Allocation Rate)
[53.094s][info][gc,task     ] GC(59) Using 1 workers
[53.094s][info][gc,phases   ] GC(59) Pause Mark Start 0.009ms
[53.226s][info][gc,phases   ] GC(59) Concurrent Mark 131.133ms
[53.226s][info][gc,phases   ] GC(59) Pause Mark End 0.014ms
[53.226s][info][gc,phases   ] GC(59) Concurrent Mark Free 0.002ms
[53.249s][info][gc,phases   ] GC(59) Concurrent Process Non-Strong References 22.721ms
[53.249s][info][gc,phases   ] GC(59) Concurrent Reset Relocation Set 0.023ms
[53.252s][info][gc,phases   ] GC(59) Concurrent Select Relocation Set 2.628ms
[53.252s][info][gc,phases   ] GC(59) Pause Relocate Start 0.008ms
[53.260s][info][gc,phases   ] GC(59) Concurrent Relocate 8.006ms
[53.260s][info][gc,load     ] GC(59) Load: 0.00/0.00/0.00
[53.260s][info][gc,mmu      ] GC(59) MMU: 2ms/98.5%, 5ms/99.4%, 10ms/99.6%, 20ms/99.8%, 50ms/99.9%, 100ms/99.9%
[53.260s][info][gc,marking  ] GC(59) Mark: 1 stripe(s), 2 proactive flush(es), 1 terminate flush(es), 0 completion(s), 0 continuation(s) 
[53.260s][info][gc,marking  ] GC(59) Mark Stack Usage: 32M
[53.260s][info][gc,nmethod  ] GC(59) NMethods: 14234 registered, 2249 unregistered
[53.260s][info][gc,metaspace] GC(59) Metaspace: 99M used, 100M committed, 1152M reserved
[53.260s][info][gc,ref      ] GC(59) Soft: 4311 encountered, 0 discovered, 0 enqueued
[53.260s][info][gc,ref      ] GC(59) Weak: 7419 encountered, 6249 discovered, 0 enqueued
[53.260s][info][gc,ref      ] GC(59) Final: 1 encountered, 0 discovered, 0 enqueued
[53.260s][info][gc,ref      ] GC(59) Phantom: 775 encountered, 397 discovered, 0 enqueued
[53.260s][info][gc,reloc    ] GC(59) Small Pages: 395 / 790M, Empty: 302M, Relocated: 6M, In-Place: 0
[53.260s][info][gc,reloc    ] GC(59) Medium Pages: 2 / 64M, Empty: 0M, Relocated: 4M, In-Place: 0
[53.260s][info][gc,reloc    ] GC(59) Large Pages: 7 / 62M, Empty: 0M, Relocated: 0M, In-Place: 0
[53.260s][info][gc,reloc    ] GC(59) Forwarding Usage: 3M
[53.260s][info][gc,heap     ] GC(59) Min Capacity: 2048M(100%)
[53.260s][info][gc,heap     ] GC(59) Max Capacity: 2048M(100%)
[53.260s][info][gc,heap     ] GC(59) Soft Max Capacity: 2048M(100%)
[53.260s][info][gc,heap     ] GC(59)                Mark Start          Mark End        Relocate Start      Relocate End           High               Low         
[53.260s][info][gc,heap     ] GC(59)  Capacity:     2048M (100%)       2048M (100%)       2048M (100%)       2048M (100%)       2048M (100%)       2048M (100%)   
[53.260s][info][gc,heap     ] GC(59)      Free:     1132M (55%)         860M (42%)        1158M (57%)        1604M (78%)        1604M (78%)         856M (42%)    
[53.260s][info][gc,heap     ] GC(59)      Used:      916M (45%)        1188M (58%)         890M (43%)         444M (22%)        1192M (58%)         444M (22%)    
[53.260s][info][gc,heap     ] GC(59)      Live:         -               134M (7%)          134M (7%)          134M (7%)             -                  -          
[53.260s][info][gc,heap     ] GC(59) Allocated:         -               272M (13%)         276M (13%)         276M (13%)            -                  -          
[53.260s][info][gc,heap     ] GC(59)   Garbage:         -               781M (38%)         479M (23%)          33M (2%)             -                  -          
[53.260s][info][gc,heap     ] GC(59) Reclaimed:         -                  -               302M (15%)         748M (37%)            -                  -          
[53.260s][info][gc          ] GC(59) Garbage Collection (Allocation Rate) 916M(45%)->444M(22%)
[53.260s][info][gc,start    ] GC(60) Garbage Collection (System.gc())
[53.260s][info][gc,task     ] GC(60) Using 2 workers
[53.260s][info][gc,phases   ] GC(60) Pause Mark Start 0.006ms
[53.300s][info][gc,phases   ] GC(60) Concurrent Mark 39.420ms
[53.300s][info][gc,phases   ] GC(60) Pause Mark End 0.022ms
[53.300s][info][gc,phases   ] GC(60) Concurrent Mark Free 0.002ms
[53.313s][info][gc,phases   ] GC(60) Concurrent Process Non-Strong References 12.337ms
[53.313s][info][gc,phases   ] GC(60) Concurrent Reset Relocation Set 0.017ms
[53.314s][info][gc,phases   ] GC(60) Concurrent Select Relocation Set 1.615ms
[53.314s][info][gc,phases   ] GC(60) Pause Relocate Start 0.010ms
[53.315s][info][gc,phases   ] GC(60) Concurrent Relocate 0.868ms
[53.315s][info][gc,load     ] GC(60) Load: 0.00/0.00/0.00
[53.315s][info][gc,mmu      ] GC(60) MMU: 2ms/98.5%, 5ms/99.4%, 10ms/99.6%, 20ms/99.8%, 50ms/99.9%, 100ms/99.9%
[53.315s][info][gc,marking  ] GC(60) Mark: 2 stripe(s), 2 proactive flush(es), 1 terminate flush(es), 0 completion(s), 0 continuation(s) 
[53.315s][info][gc,marking  ] GC(60) Mark Stack Usage: 32M
[53.315s][info][gc,nmethod  ] GC(60) NMethods: 14234 registered, 2249 unregistered
[53.315s][info][gc,metaspace] GC(60) Metaspace: 99M used, 100M committed, 1152M reserved
[53.315s][info][gc,ref      ] GC(60) Soft: 4311 encountered, 0 discovered, 0 enqueued
[53.315s][info][gc,ref      ] GC(60) Weak: 7424 encountered, 112 discovered, 2 enqueued
[53.315s][info][gc,ref      ] GC(60) Final: 1 encountered, 0 discovered, 0 enqueued
[53.315s][info][gc,ref      ] GC(60) Phantom: 775 encountered, 611 discovered, 0 enqueued
[53.315s][info][gc,reloc    ] GC(60) Small Pages: 175 / 350M, Empty: 288M, Relocated: 1M, In-Place: 0
[53.316s][info][gc,reloc    ] GC(60) Medium Pages: 1 / 32M, Empty: 0M, Relocated: 0M, In-Place: 0
[53.316s][info][gc,reloc    ] GC(60) Large Pages: 7 / 62M, Empty: 0M, Relocated: 0M, In-Place: 0
[53.316s][info][gc,reloc    ] GC(60) Forwarding Usage: 0M
[53.316s][info][gc,heap     ] GC(60) Min Capacity: 2048M(100%)
[53.316s][info][gc,heap     ] GC(60) Max Capacity: 2048M(100%)
[53.316s][info][gc,heap     ] GC(60) Soft Max Capacity: 2048M(100%)
[53.316s][info][gc,heap     ] GC(60)                Mark Start          Mark End        Relocate Start      Relocate End           High               Low         
[53.316s][info][gc,heap     ] GC(60)  Capacity:     2048M (100%)       2048M (100%)       2048M (100%)       2048M (100%)       2048M (100%)       2048M (100%)   
[53.316s][info][gc,heap     ] GC(60)      Free:     1604M (78%)        1604M (78%)        1892M (92%)        1904M (93%)        1904M (93%)        1604M (78%)    
[53.316s][info][gc,heap     ] GC(60)      Used:      444M (22%)         444M (22%)         156M (8%)          144M (7%)          444M (22%)         144M (7%)     
[53.316s][info][gc,heap     ] GC(60)      Live:         -               105M (5%)          105M (5%)          105M (5%)             -                  -          
[53.316s][info][gc,heap     ] GC(60) Allocated:         -                 0M (0%)            0M (0%)            0M (0%)             -                  -          
[53.316s][info][gc,heap     ] GC(60)   Garbage:         -               338M (17%)          50M (2%)           38M (2%)             -                  -          
[53.316s][info][gc,heap     ] GC(60) Reclaimed:         -                  -               288M (14%)         300M (15%)            -                  -          
[53.316s][info][gc          ] GC(60) Garbage Collection (System.gc()) 444M(22%)->144M(7%)
[53.906s][info][gc,start    ] GC(61) Garbage Collection (Allocation Rate)
[53.906s][info][gc,task     ] GC(61) Using 1 workers
[53.907s][info][gc,phases   ] GC(61) Pause Mark Start 0.009ms
[53.970s][info][gc,phases   ] GC(61) Concurrent Mark 62.919ms
[53.970s][info][gc,phases   ] GC(61) Pause Mark End 0.019ms
[53.970s][info][gc,phases   ] GC(61) Concurrent Mark Free 0.001ms
[53.996s][info][gc,phases   ] GC(61) Concurrent Process Non-Strong References 25.578ms
[53.996s][info][gc,phases   ] GC(61) Concurrent Reset Relocation Set 0.002ms
[53.998s][info][gc,phases   ] GC(61) Concurrent Select Relocation Set 2.216ms
[53.998s][info][gc,phases   ] GC(61) Pause Relocate Start 0.007ms
[54.003s][info][gc,phases   ] GC(61) Concurrent Relocate 4.708ms
[54.003s][info][gc,load     ] GC(61) Load: 0.00/0.00/0.00
[54.003s][info][gc,mmu      ] GC(61) MMU: 2ms/98.5%, 5ms/99.4%, 10ms/99.6%, 20ms/99.8%, 50ms/99.9%, 100ms/99.9%
[54.003s][info][gc,marking  ] GC(61) Mark: 1 stripe(s), 2 proactive flush(es), 1 terminate flush(es), 0 completion(s), 0 continuation(s) 
[54.003s][info][gc,marking  ] GC(61) Mark Stack Usage: 32M
[54.003s][info][gc,nmethod  ] GC(61) NMethods: 14360 registered, 2249 unregistered
[54.003s][info][gc,metaspace] GC(61) Metaspace: 99M used, 100M committed, 1152M reserved
[54.003s][info][gc,ref      ] GC(61) Soft: 4313 encountered, 0 discovered, 0 enqueued
[54.003s][info][gc,ref      ] GC(61) Weak: 7509 encountered, 6291 discovered, 38 enqueued
[54.003s][info][gc,ref      ] GC(61) Final: 1 encountered, 0 discovered, 0 enqueued
[54.003s][info][gc,ref      ] GC(61) Phantom: 775 encountered, 397 discovered, 0 enqueued
[54.003s][info][gc,reloc    ] GC(61) Small Pages: 508 / 1016M, Empty: 638M, Relocated: 3M, In-Place: 0
[54.003s][info][gc,reloc    ] GC(61) Medium Pages: 2 / 64M, Empty: 32M, Relocated: 0M, In-Place: 0
[54.003s][info][gc,reloc    ] GC(61) Large Pages: 7 / 62M, Empty: 0M, Relocated: 0M, In-Place: 0
[54.003s][info][gc,reloc    ] GC(61) Forwarding Usage: 1M
[54.003s][info][gc,heap     ] GC(61) Min Capacity: 2048M(100%)
[54.003s][info][gc,heap     ] GC(61) Max Capacity: 2048M(100%)
[54.003s][info][gc,heap     ] GC(61) Soft Max Capacity: 2048M(100%)
[54.003s][info][gc,heap     ] GC(61)                Mark Start          Mark End        Relocate Start      Relocate End           High               Low         
[54.003s][info][gc,heap     ] GC(61)  Capacity:     2048M (100%)       2048M (100%)       2048M (100%)       2048M (100%)       2048M (100%)       2048M (100%)   
[54.003s][info][gc,heap     ] GC(61)      Free:      906M (44%)         774M (38%)        1382M (67%)        1704M (83%)        1706M (83%)         718M (35%)    
[54.003s][info][gc,heap     ] GC(61)      Used:     1142M (56%)        1274M (62%)         666M (33%)         344M (17%)        1330M (65%)         342M (17%)    
[54.003s][info][gc,heap     ] GC(61)      Live:         -               106M (5%)          106M (5%)          106M (5%)             -                  -          
[54.003s][info][gc,heap     ] GC(61) Allocated:         -               132M (6%)          194M (9%)          201M (10%)            -                  -          
[54.003s][info][gc,heap     ] GC(61)   Garbage:         -              1035M (51%)         365M (18%)          35M (2%)             -                  -          
[54.003s][info][gc,heap     ] GC(61) Reclaimed:         -                  -               670M (33%)         999M (49%)            -                  -          
[54.003s][info][gc          ] GC(61) Garbage Collection (Allocation Rate) 1142M(56%)->344M(17%)
[54.496s][info][gc,start    ] GC(62) Garbage Collection (Allocation Rate)
[54.496s][info][gc,task     ] GC(62) Using 1 workers
[54.496s][info][gc,phases   ] GC(62) Pause Mark Start 0.010ms
[54.623s][info][gc,phases   ] GC(62) Concurrent Mark 126.790ms
[54.623s][info][gc,phases   ] GC(62) Pause Mark End 0.015ms
[54.623s][info][gc,phases   ] GC(62) Concurrent Mark Free 0.002ms
[54.648s][info][gc,phases   ] GC(62) Concurrent Process Non-Strong References 25.125ms
[54.648s][info][gc,phases   ] GC(62) Concurrent Reset Relocation Set 0.013ms
[54.654s][info][gc,phases   ] GC(62) Concurrent Select Relocation Set 5.692ms
[54.654s][info][gc,phases   ] GC(62) Pause Relocate Start 0.011ms
[54.695s][info][gc,phases   ] GC(62) Concurrent Relocate 40.454ms
[54.695s][info][gc,load     ] GC(62) Load: 0.00/0.00/0.00
[54.695s][info][gc,mmu      ] GC(62) MMU: 2ms/98.5%, 5ms/99.4%, 10ms/99.6%, 20ms/99.8%, 50ms/99.9%, 100ms/99.9%
[54.695s][info][gc,marking  ] GC(62) Mark: 1 stripe(s), 2 proactive flush(es), 1 terminate flush(es), 0 completion(s), 0 continuation(s) 
[54.695s][info][gc,marking  ] GC(62) Mark Stack Usage: 32M
[54.695s][info][gc,nmethod  ] GC(62) NMethods: 14404 registered, 2249 unregistered
[54.695s][info][gc,metaspace] GC(62) Metaspace: 99M used, 100M committed, 1152M reserved
[54.695s][info][gc,ref      ] GC(62) Soft: 4314 encountered, 0 discovered, 0 enqueued
[54.695s][info][gc,ref      ] GC(62) Weak: 7505 encountered, 6275 discovered, 28 enqueued
[54.695s][info][gc,ref      ] GC(62) Final: 1 encountered, 0 discovered, 0 enqueued
[54.695s][info][gc,ref      ] GC(62) Phantom: 775 encountered, 397 discovered, 0 enqueued
[54.695s][info][gc,reloc    ] GC(62) Small Pages: 701 / 1402M, Empty: 380M, Relocated: 26M, In-Place: 0
[54.695s][info][gc,reloc    ] GC(62) Medium Pages: 2 / 64M, Empty: 0M, Relocated: 4M, In-Place: 0
[54.695s][info][gc,reloc    ] GC(62) Large Pages: 7 / 62M, Empty: 0M, Relocated: 0M, In-Place: 0
[54.695s][info][gc,reloc    ] GC(62) Forwarding Usage: 16M
[54.695s][info][gc,heap     ] GC(62) Min Capacity: 2048M(100%)
[54.695s][info][gc,heap     ] GC(62) Max Capacity: 2048M(100%)
[54.695s][info][gc,heap     ] GC(62) Soft Max Capacity: 2048M(100%)
[54.695s][info][gc,heap     ] GC(62)                Mark Start          Mark End        Relocate Start      Relocate End           High               Low         
[54.695s][info][gc,heap     ] GC(62)  Capacity:     2048M (100%)       2048M (100%)       2048M (100%)       2048M (100%)       2048M (100%)       2048M (100%)   
[54.695s][info][gc,heap     ] GC(62)      Free:      520M (25%)         210M (10%)         522M (25%)        1380M (67%)        1380M (67%)         158M (8%)     
[54.695s][info][gc,heap     ] GC(62)      Used:     1528M (75%)        1838M (90%)        1526M (75%)         668M (33%)        1890M (92%)         668M (33%)    
[54.695s][info][gc,heap     ] GC(62)      Live:         -               134M (7%)          134M (7%)          134M (7%)             -                  -          
[54.695s][info][gc,heap     ] GC(62) Allocated:         -               310M (15%)         378M (18%)         498M (24%)            -                  -          
[54.695s][info][gc,heap     ] GC(62)   Garbage:         -              1393M (68%)        1013M (49%)          34M (2%)             -                  -          
[54.695s][info][gc,heap     ] GC(62) Reclaimed:         -                  -               380M (19%)        1358M (66%)            -                  -          
[54.695s][info][gc          ] GC(62) Garbage Collection (Allocation Rate) 1528M(75%)->668M(33%)
[54.798s][info][gc,start    ] GC(63) Garbage Collection (Allocation Rate)
[54.798s][info][gc,task     ] GC(63) Using 2 workers
[54.798s][info][gc,phases   ] GC(63) Pause Mark Start 0.007ms
[54.893s][info][gc,phases   ] GC(63) Concurrent Mark 94.759ms
[54.893s][info][gc,phases   ] GC(63) Pause Mark End 0.018ms
[54.893s][info][gc,phases   ] GC(63) Concurrent Mark Free 0.001ms
[54.906s][info][gc,phases   ] GC(63) Concurrent Process Non-Strong References 12.413ms
[54.906s][info][gc,phases   ] GC(63) Concurrent Reset Relocation Set 0.025ms
[54.908s][info][gc,phases   ] GC(63) Concurrent Select Relocation Set 2.374ms
[54.908s][info][gc,phases   ] GC(63) Pause Relocate Start 0.010ms
[54.911s][info][gc,phases   ] GC(63) Concurrent Relocate 2.448ms
[54.911s][info][gc,load     ] GC(63) Load: 0.00/0.00/0.00
[54.911s][info][gc,mmu      ] GC(63) MMU: 2ms/98.5%, 5ms/99.4%, 10ms/99.6%, 20ms/99.8%, 50ms/99.9%, 100ms/99.9%
[54.911s][info][gc,marking  ] GC(63) Mark: 2 stripe(s), 2 proactive flush(es), 1 terminate flush(es), 0 completion(s), 0 continuation(s) 
[54.911s][info][gc,marking  ] GC(63) Mark Stack Usage: 32M
[54.911s][info][gc,nmethod  ] GC(63) NMethods: 14405 registered, 2249 unregistered
[54.911s][info][gc,metaspace] GC(63) Metaspace: 99M used, 100M committed, 1152M reserved
[54.911s][info][gc,ref      ] GC(63) Soft: 4314 encountered, 0 discovered, 0 enqueued
[54.911s][info][gc,ref      ] GC(63) Weak: 7476 encountered, 6139 discovered, 0 enqueued
[54.911s][info][gc,ref      ] GC(63) Final: 1 encountered, 1 discovered, 0 enqueued
[54.911s][info][gc,ref      ] GC(63) Phantom: 775 encountered, 597 discovered, 0 enqueued
[54.911s][info][gc,reloc    ] GC(63) Small Pages: 403 / 806M, Empty: 354M, Relocated: 2M, In-Place: 0
[54.911s][info][gc,reloc    ] GC(63) Medium Pages: 2 / 64M, Empty: 0M, Relocated: 4M, In-Place: 0
[54.911s][info][gc,reloc    ] GC(63) Large Pages: 7 / 62M, Empty: 0M, Relocated: 0M, In-Place: 0
[54.911s][info][gc,reloc    ] GC(63) Forwarding Usage: 1M
[54.911s][info][gc,heap     ] GC(63) Min Capacity: 2048M(100%)
[54.911s][info][gc,heap     ] GC(63) Max Capacity: 2048M(100%)
[54.911s][info][gc,heap     ] GC(63) Soft Max Capacity: 2048M(100%)
[54.911s][info][gc,heap     ] GC(63)                Mark Start          Mark End        Relocate Start      Relocate End           High               Low         
[54.911s][info][gc,heap     ] GC(63)  Capacity:     2048M (100%)       2048M (100%)       2048M (100%)       2048M (100%)       2048M (100%)       2048M (100%)   
[54.911s][info][gc,heap     ] GC(63)      Free:     1116M (54%)         962M (47%)        1316M (64%)        1724M (84%)        1724M (84%)         962M (47%)    
[54.911s][info][gc,heap     ] GC(63)      Used:      932M (46%)        1086M (53%)         732M (36%)         324M (16%)        1086M (53%)         324M (16%)    
[54.911s][info][gc,heap     ] GC(63)      Live:         -               134M (7%)          134M (7%)          134M (7%)             -                  -          
[54.911s][info][gc,heap     ] GC(63) Allocated:         -               154M (8%)          154M (8%)          154M (8%)             -                  -          
[54.911s][info][gc,heap     ] GC(63)   Garbage:         -               797M (39%)         443M (22%)          35M (2%)             -                  -          
[54.911s][info][gc,heap     ] GC(63) Reclaimed:         -                  -               354M (17%)         762M (37%)            -                  -          
[54.911s][info][gc          ] GC(63) Garbage Collection (Allocation Rate) 932M(46%)->324M(16%)
[54.911s][info][gc,start    ] GC(64) Garbage Collection (System.gc())
[54.911s][info][gc,task     ] GC(64) Using 2 workers
[54.911s][info][gc,phases   ] GC(64) Pause Mark Start 0.006ms
[54.941s][info][gc,phases   ] GC(64) Concurrent Mark 29.560ms
[54.941s][info][gc,phases   ] GC(64) Pause Mark End 0.014ms
[54.941s][info][gc,phases   ] GC(64) Concurrent Mark Free 0.002ms
[54.953s][info][gc,phases   ] GC(64) Concurrent Process Non-Strong References 12.081ms
[54.953s][info][gc,phases   ] GC(64) Concurrent Reset Relocation Set 0.012ms
[54.955s][info][gc,phases   ] GC(64) Concurrent Select Relocation Set 1.261ms
[54.955s][info][gc,phases   ] GC(64) Pause Relocate Start 0.010ms
[54.955s][info][gc,phases   ] GC(64) Concurrent Relocate 0.635ms
[54.955s][info][gc,load     ] GC(64) Load: 0.00/0.00/0.00
[54.955s][info][gc,mmu      ] GC(64) MMU: 2ms/98.5%, 5ms/99.4%, 10ms/99.6%, 20ms/99.8%, 50ms/99.9%, 100ms/99.9%
[54.955s][info][gc,marking  ] GC(64) Mark: 2 stripe(s), 2 proactive flush(es), 1 terminate flush(es), 0 completion(s), 0 continuation(s) 
[54.955s][info][gc,marking  ] GC(64) Mark Stack Usage: 32M
[54.955s][info][gc,nmethod  ] GC(64) NMethods: 14405 registered, 2249 unregistered
[54.956s][info][gc,metaspace] GC(64) Metaspace: 99M used, 100M committed, 1152M reserved
[54.956s][info][gc,ref      ] GC(64) Soft: 4314 encountered, 0 discovered, 0 enqueued
[54.956s][info][gc,ref      ] GC(64) Weak: 7460 encountered, 1002 discovered, 3 enqueued
[54.956s][info][gc,ref      ] GC(64) Final: 1 encountered, 0 discovered, 0 enqueued
[54.956s][info][gc,ref      ] GC(64) Phantom: 775 encountered, 638 discovered, 0 enqueued
[54.956s][info][gc,reloc    ] GC(64) Small Pages: 115 / 230M, Empty: 162M, Relocated: 1M, In-Place: 0
[54.956s][info][gc,reloc    ] GC(64) Medium Pages: 1 / 32M, Empty: 0M, Relocated: 0M, In-Place: 0
[54.956s][info][gc,reloc    ] GC(64) Large Pages: 7 / 62M, Empty: 0M, Relocated: 0M, In-Place: 0
[54.956s][info][gc,reloc    ] GC(64) Forwarding Usage: 0M
[54.956s][info][gc,heap     ] GC(64) Min Capacity: 2048M(100%)
[54.956s][info][gc,heap     ] GC(64) Max Capacity: 2048M(100%)
[54.956s][info][gc,heap     ] GC(64) Soft Max Capacity: 2048M(100%)
[54.956s][info][gc,heap     ] GC(64)                Mark Start          Mark End        Relocate Start      Relocate End           High               Low         
[54.956s][info][gc,heap     ] GC(64)  Capacity:     2048M (100%)       2048M (100%)       2048M (100%)       2048M (100%)       2048M (100%)       2048M (100%)   
[54.956s][info][gc,heap     ] GC(64)      Free:     1724M (84%)        1724M (84%)        1886M (92%)        1904M (93%)        1904M (93%)        1724M (84%)    
[54.956s][info][gc,heap     ] GC(64)      Used:      324M (16%)         324M (16%)         162M (8%)          144M (7%)          324M (16%)         144M (7%)     
[54.956s][info][gc,heap     ] GC(64)      Live:         -               106M (5%)          106M (5%)          106M (5%)             -                  -          
[54.956s][info][gc,heap     ] GC(64) Allocated:         -                 0M (0%)            0M (0%)            0M (0%)             -                  -          
[54.956s][info][gc,heap     ] GC(64)   Garbage:         -               217M (11%)          55M (3%)           37M (2%)             -                  -          
[54.956s][info][gc,heap     ] GC(64) Reclaimed:         -                  -               162M (8%)          180M (9%)             -                  -          
[54.956s][info][gc          ] GC(64) Garbage Collection (System.gc()) 324M(16%)->144M(7%)
[55.595s][info][gc,start    ] GC(65) Garbage Collection (Allocation Rate)
[55.595s][info][gc,task     ] GC(65) Using 2 workers
[55.595s][info][gc,phases   ] GC(65) Pause Mark Start 0.007ms
[55.642s][info][gc,phases   ] GC(65) Concurrent Mark 47.168ms
[55.642s][info][gc,phases   ] GC(65) Pause Mark End 0.015ms
[55.642s][info][gc,phases   ] GC(65) Concurrent Mark Free 0.002ms
[55.656s][info][gc,phases   ] GC(65) Concurrent Process Non-Strong References 13.469ms
[55.656s][info][gc,phases   ] GC(65) Concurrent Reset Relocation Set 0.002ms
[55.659s][info][gc,phases   ] GC(65) Concurrent Select Relocation Set 2.974ms
[55.659s][info][gc,phases   ] GC(65) Pause Relocate Start 0.011ms
[55.662s][info][gc,phases   ] GC(65) Concurrent Relocate 2.655ms
[55.662s][info][gc,load     ] GC(65) Load: 0.00/0.00/0.00
[55.662s][info][gc,mmu      ] GC(65) MMU: 2ms/98.5%, 5ms/99.4%, 10ms/99.6%, 20ms/99.8%, 50ms/99.9%, 100ms/99.9%
[55.662s][info][gc,marking  ] GC(65) Mark: 2 stripe(s), 2 proactive flush(es), 1 terminate flush(es), 0 completion(s), 0 continuation(s) 
[55.662s][info][gc,marking  ] GC(65) Mark Stack Usage: 32M
[55.662s][info][gc,nmethod  ] GC(65) NMethods: 14464 registered, 2249 unregistered
[55.662s][info][gc,metaspace] GC(65) Metaspace: 99M used, 100M committed, 1152M reserved
[55.662s][info][gc,ref      ] GC(65) Soft: 4314 encountered, 0 discovered, 0 enqueued
[55.662s][info][gc,ref      ] GC(65) Weak: 7467 encountered, 3066 discovered, 1 enqueued
[55.662s][info][gc,ref      ] GC(65) Final: 1 encountered, 1 discovered, 0 enqueued
[55.662s][info][gc,ref      ] GC(65) Phantom: 775 encountered, 661 discovered, 0 enqueued
[55.662s][info][gc,reloc    ] GC(65) Small Pages: 591 / 1182M, Empty: 644M, Relocated: 1M, In-Place: 0
[55.662s][info][gc,reloc    ] GC(65) Medium Pages: 2 / 64M, Empty: 32M, Relocated: 0M, In-Place: 0
[55.662s][info][gc,reloc    ] GC(65) Large Pages: 7 / 62M, Empty: 0M, Relocated: 0M, In-Place: 0
[55.662s][info][gc,reloc    ] GC(65) Forwarding Usage: 0M
[55.662s][info][gc,heap     ] GC(65) Min Capacity: 2048M(100%)
[55.662s][info][gc,heap     ] GC(65) Max Capacity: 2048M(100%)
[55.662s][info][gc,heap     ] GC(65) Soft Max Capacity: 2048M(100%)
[55.662s][info][gc,heap     ] GC(65)                Mark Start          Mark End        Relocate Start      Relocate End           High               Low         
[55.662s][info][gc,heap     ] GC(65)  Capacity:     2048M (100%)       2048M (100%)       2048M (100%)       2048M (100%)       2048M (100%)       2048M (100%)   
[55.662s][info][gc,heap     ] GC(65)      Free:      740M (36%)         640M (31%)        1284M (63%)        1766M (86%)        1766M (86%)         612M (30%)    
[55.662s][info][gc,heap     ] GC(65)      Used:     1308M (64%)        1408M (69%)         764M (37%)         282M (14%)        1436M (70%)         282M (14%)    
[55.662s][info][gc,heap     ] GC(65)      Live:         -               107M (5%)          107M (5%)          107M (5%)             -                  -          
[55.662s][info][gc,heap     ] GC(65) Allocated:         -               100M (5%)          132M (6%)          135M (7%)             -                  -          
[55.662s][info][gc,heap     ] GC(65)   Garbage:         -              1200M (59%)         524M (26%)          38M (2%)             -                  -          
[55.662s][info][gc,heap     ] GC(65) Reclaimed:         -                  -               676M (33%)        1161M (57%)            -                  -          
[55.662s][info][gc          ] GC(65) Garbage Collection (Allocation Rate) 1308M(64%)->282M(14%)
[56.101s][info][gc,start    ] GC(66) Garbage Collection (Allocation Rate)
[56.101s][info][gc,task     ] GC(66) Using 1 workers
[56.101s][info][gc,phases   ] GC(66) Pause Mark Start 0.006ms
[56.227s][info][gc,phases   ] GC(66) Concurrent Mark 125.512ms
[56.227s][info][gc,phases   ] GC(66) Pause Mark End 0.010ms
[56.227s][info][gc,phases   ] GC(66) Concurrent Mark Free 0.001ms
[56.253s][info][gc,phases   ] GC(66) Concurrent Process Non-Strong References 25.829ms
[56.253s][info][gc,phases   ] GC(66) Concurrent Reset Relocation Set 0.022ms
[56.259s][info][gc,phases   ] GC(66) Concurrent Select Relocation Set 5.619ms
[56.259s][info][gc,phases   ] GC(66) Pause Relocate Start 0.009ms
[56.300s][info][gc,phases   ] GC(66) Concurrent Relocate 41.410ms
[56.301s][info][gc,load     ] GC(66) Load: 0.00/0.00/0.00
[56.301s][info][gc,mmu      ] GC(66) MMU: 2ms/98.5%, 5ms/99.4%, 10ms/99.6%, 20ms/99.8%, 50ms/99.9%, 100ms/99.9%
[56.301s][info][gc,marking  ] GC(66) Mark: 1 stripe(s), 2 proactive flush(es), 1 terminate flush(es), 0 completion(s), 0 continuation(s) 
[56.301s][info][gc,marking  ] GC(66) Mark Stack Usage: 32M
[56.301s][info][gc,nmethod  ] GC(66) NMethods: 14472 registered, 2249 unregistered
[56.301s][info][gc,metaspace] GC(66) Metaspace: 99M used, 100M committed, 1152M reserved
[56.301s][info][gc,ref      ] GC(66) Soft: 4314 encountered, 0 discovered, 0 enqueued
[56.301s][info][gc,ref      ] GC(66) Weak: 7467 encountered, 6253 discovered, 6 enqueued
[56.301s][info][gc,ref      ] GC(66) Final: 1 encountered, 0 discovered, 0 enqueued
[56.301s][info][gc,ref      ] GC(66) Phantom: 775 encountered, 397 discovered, 0 enqueued
[56.301s][info][gc,reloc    ] GC(66) Small Pages: 594 / 1188M, Empty: 200M, Relocated: 27M, In-Place: 0
[56.301s][info][gc,reloc    ] GC(66) Medium Pages: 2 / 64M, Empty: 0M, Relocated: 4M, In-Place: 0
[56.301s][info][gc,reloc    ] GC(66) Large Pages: 7 / 62M, Empty: 0M, Relocated: 0M, In-Place: 0
[56.301s][info][gc,reloc    ] GC(66) Forwarding Usage: 16M
[56.301s][info][gc,heap     ] GC(66) Min Capacity: 2048M(100%)
[56.301s][info][gc,heap     ] GC(66) Max Capacity: 2048M(100%)
[56.301s][info][gc,heap     ] GC(66) Soft Max Capacity: 2048M(100%)
[56.301s][info][gc,heap     ] GC(66)                Mark Start          Mark End        Relocate Start      Relocate End           High               Low         
[56.301s][info][gc,heap     ] GC(66)  Capacity:     2048M (100%)       2048M (100%)       2048M (100%)       2048M (100%)       2048M (100%)       2048M (100%)   
[56.301s][info][gc,heap     ] GC(66)      Free:      734M (36%)         430M (21%)         558M (27%)        1380M (67%)        1382M (67%)         368M (18%)    
[56.301s][info][gc,heap     ] GC(66)      Used:     1314M (64%)        1618M (79%)        1490M (73%)         668M (33%)        1680M (82%)         666M (33%)    
[56.301s][info][gc,heap     ] GC(66)      Live:         -               134M (7%)          134M (7%)          134M (7%)             -                  -          
[56.301s][info][gc,heap     ] GC(66) Allocated:         -               304M (15%)         376M (18%)         498M (24%)            -                  -          
[56.301s][info][gc,heap     ] GC(66)   Garbage:         -              1179M (58%)         979M (48%)          34M (2%)             -                  -          
[56.301s][info][gc,heap     ] GC(66) Reclaimed:         -                  -               200M (10%)        1144M (56%)            -                  -          
[56.301s][info][gc          ] GC(66) Garbage Collection (Allocation Rate) 1314M(64%)->668M(33%)
[56.402s][info][gc,start    ] GC(67) Garbage Collection (Allocation Rate)
[56.402s][info][gc,task     ] GC(67) Using 1 workers
[56.402s][info][gc,phases   ] GC(67) Pause Mark Start 0.010ms
[56.531s][info][gc,phases   ] GC(67) Concurrent Mark 128.918ms
[56.531s][info][gc,phases   ] GC(67) Pause Mark End 0.010ms
[56.531s][info][gc,phases   ] GC(67) Concurrent Mark Free 0.001ms
[56.555s][info][gc,phases   ] GC(67) Concurrent Process Non-Strong References 23.432ms
[56.555s][info][gc,phases   ] GC(67) Concurrent Reset Relocation Set 0.030ms
[56.558s][info][gc,phases   ] GC(67) Concurrent Select Relocation Set 2.771ms
[56.558s][info][gc,phases   ] GC(67) Pause Relocate Start 0.011ms
[56.561s][info][gc,phases   ] GC(67) Concurrent Relocate 3.690ms
[56.562s][info][gc,load     ] GC(67) Load: 0.00/0.00/0.00
[56.562s][info][gc,mmu      ] GC(67) MMU: 2ms/98.5%, 5ms/99.4%, 10ms/99.6%, 20ms/99.8%, 50ms/99.9%, 100ms/99.9%
[56.562s][info][gc,marking  ] GC(67) Mark: 1 stripe(s), 2 proactive flush(es), 1 terminate flush(es), 0 completion(s), 0 continuation(s) 
[56.562s][info][gc,marking  ] GC(67) Mark Stack Usage: 32M
[56.562s][info][gc,nmethod  ] GC(67) NMethods: 14473 registered, 2249 unregistered
[56.562s][info][gc,metaspace] GC(67) Metaspace: 99M used, 100M committed, 1152M reserved
[56.562s][info][gc,ref      ] GC(67) Soft: 4314 encountered, 0 discovered, 0 enqueued
[56.562s][info][gc,ref      ] GC(67) Weak: 7458 encountered, 6248 discovered, 0 enqueued
[56.562s][info][gc,ref      ] GC(67) Final: 1 encountered, 0 discovered, 0 enqueued
[56.562s][info][gc,ref      ] GC(67) Phantom: 775 encountered, 397 discovered, 0 enqueued
[56.562s][info][gc,reloc    ] GC(67) Small Pages: 401 / 802M, Empty: 324M, Relocated: 2M, In-Place: 0
[56.562s][info][gc,reloc    ] GC(67) Medium Pages: 2 / 64M, Empty: 0M, Relocated: 4M, In-Place: 0
[56.562s][info][gc,reloc    ] GC(67) Large Pages: 7 / 62M, Empty: 0M, Relocated: 0M, In-Place: 0
[56.562s][info][gc,reloc    ] GC(67) Forwarding Usage: 1M
[56.562s][info][gc,heap     ] GC(67) Min Capacity: 2048M(100%)
[56.562s][info][gc,heap     ] GC(67) Max Capacity: 2048M(100%)
[56.562s][info][gc,heap     ] GC(67) Soft Max Capacity: 2048M(100%)
[56.562s][info][gc,heap     ] GC(67)                Mark Start          Mark End        Relocate Start      Relocate End           High               Low         
[56.562s][info][gc,heap     ] GC(67)  Capacity:     2048M (100%)       2048M (100%)       2048M (100%)       2048M (100%)       2048M (100%)       2048M (100%)   
[56.562s][info][gc,heap     ] GC(67)      Free:     1120M (55%)         912M (45%)        1236M (60%)        1670M (82%)        1670M (82%)         912M (45%)    
[56.562s][info][gc,heap     ] GC(67)      Used:      928M (45%)        1136M (55%)         812M (40%)         378M (18%)        1136M (55%)         378M (18%)    
[56.562s][info][gc,heap     ] GC(67)      Live:         -               134M (7%)          134M (7%)          134M (7%)             -                  -          
[56.562s][info][gc,heap     ] GC(67) Allocated:         -               208M (10%)         208M (10%)         208M (10%)            -                  -          
[56.562s][info][gc,heap     ] GC(67)   Garbage:         -               793M (39%)         469M (23%)          35M (2%)             -                  -          
[56.562s][info][gc,heap     ] GC(67) Reclaimed:         -                  -               324M (16%)         758M (37%)            -                  -          
[56.562s][info][gc          ] GC(67) Garbage Collection (Allocation Rate) 928M(45%)->378M(18%)
[56.562s][info][gc,start    ] GC(68) Garbage Collection (System.gc())
[56.562s][info][gc,task     ] GC(68) Using 2 workers
[56.562s][info][gc,phases   ] GC(68) Pause Mark Start 0.007ms
[56.607s][info][gc,phases   ] GC(68) Concurrent Mark 44.696ms
[56.607s][info][gc,phases   ] GC(68) Pause Mark End 0.025ms
[56.607s][info][gc,phases   ] GC(68) Concurrent Mark Free 0.002ms
[56.621s][info][gc,phases   ] GC(68) Concurrent Process Non-Strong References 13.533ms
[56.621s][info][gc,phases   ] GC(68) Concurrent Reset Relocation Set 0.014ms
[56.623s][info][gc,phases   ] GC(68) Concurrent Select Relocation Set 2.194ms
[56.623s][info][gc,phases   ] GC(68) Pause Relocate Start 0.014ms
[56.624s][info][gc,phases   ] GC(68) Concurrent Relocate 0.329ms
[56.624s][info][gc,load     ] GC(68) Load: 0.00/0.00/0.00
[56.624s][info][gc,mmu      ] GC(68) MMU: 2ms/98.5%, 5ms/99.4%, 10ms/99.6%, 20ms/99.8%, 50ms/99.9%, 100ms/99.9%
[56.624s][info][gc,marking  ] GC(68) Mark: 2 stripe(s), 2 proactive flush(es), 1 terminate flush(es), 0 completion(s), 0 continuation(s) 
[56.624s][info][gc,marking  ] GC(68) Mark Stack Usage: 32M
[56.624s][info][gc,nmethod  ] GC(68) NMethods: 14473 registered, 2249 unregistered
[56.624s][info][gc,metaspace] GC(68) Metaspace: 99M used, 100M committed, 1152M reserved
[56.624s][info][gc,ref      ] GC(68) Soft: 4314 encountered, 0 discovered, 0 enqueued
[56.624s][info][gc,ref      ] GC(68) Weak: 7460 encountered, 6554 discovered, 3 enqueued
[56.624s][info][gc,ref      ] GC(68) Final: 1 encountered, 0 discovered, 0 enqueued
[56.624s][info][gc,ref      ] GC(68) Phantom: 775 encountered, 530 discovered, 0 enqueued
[56.624s][info][gc,reloc    ] GC(68) Small Pages: 142 / 284M, Empty: 212M, Relocated: 0M, In-Place: 0
[56.624s][info][gc,reloc    ] GC(68) Medium Pages: 1 / 32M, Empty: 0M, Relocated: 0M, In-Place: 0
[56.624s][info][gc,reloc    ] GC(68) Large Pages: 7 / 62M, Empty: 0M, Relocated: 0M, In-Place: 0
[56.624s][info][gc,reloc    ] GC(68) Forwarding Usage: 0M
[56.624s][info][gc,heap     ] GC(68) Min Capacity: 2048M(100%)
[56.624s][info][gc,heap     ] GC(68) Max Capacity: 2048M(100%)
[56.624s][info][gc,heap     ] GC(68) Soft Max Capacity: 2048M(100%)
[56.624s][info][gc,heap     ] GC(68)                Mark Start          Mark End        Relocate Start      Relocate End           High               Low         
[56.624s][info][gc,heap     ] GC(68)  Capacity:     2048M (100%)       2048M (100%)       2048M (100%)       2048M (100%)       2048M (100%)       2048M (100%)   
[56.624s][info][gc,heap     ] GC(68)      Free:     1670M (82%)        1670M (82%)        1882M (92%)        1902M (93%)        1902M (93%)        1670M (82%)    
[56.624s][info][gc,heap     ] GC(68)      Used:      378M (18%)         378M (18%)         166M (8%)          146M (7%)          378M (18%)         146M (7%)     
[56.624s][info][gc,heap     ] GC(68)      Live:         -               106M (5%)          106M (5%)          106M (5%)             -                  -          
[56.624s][info][gc,heap     ] GC(68) Allocated:         -                 0M (0%)            0M (0%)            0M (0%)             -                  -          
[56.624s][info][gc,heap     ] GC(68)   Garbage:         -               271M (13%)          59M (3%)           39M (2%)             -                  -          
[56.624s][info][gc,heap     ] GC(68) Reclaimed:         -                  -               212M (10%)         232M (11%)            -                  -          
[56.624s][info][gc          ] GC(68) Garbage Collection (System.gc()) 378M(18%)->146M(7%)
[57.201s][info][gc,start    ] GC(69) Garbage Collection (Allocation Rate)
[57.201s][info][gc,task     ] GC(69) Using 1 workers
[57.201s][info][gc,phases   ] GC(69) Pause Mark Start 0.010ms
[57.261s][info][gc,phases   ] GC(69) Concurrent Mark 60.115ms
[57.261s][info][gc,phases   ] GC(69) Pause Mark End 0.016ms
[57.261s][info][gc,phases   ] GC(69) Concurrent Mark Free 0.001ms
[57.286s][info][gc,phases   ] GC(69) Concurrent Process Non-Strong References 24.423ms
[57.286s][info][gc,phases   ] GC(69) Concurrent Reset Relocation Set 0.002ms
[57.288s][info][gc,phases   ] GC(69) Concurrent Select Relocation Set 2.469ms
[57.289s][info][gc,phases   ] GC(69) Pause Relocate Start 0.012ms
[57.292s][info][gc,phases   ] GC(69) Concurrent Relocate 2.917ms
[57.292s][info][gc,load     ] GC(69) Load: 0.00/0.00/0.00
[57.292s][info][gc,mmu      ] GC(69) MMU: 2ms/98.5%, 5ms/99.4%, 10ms/99.6%, 20ms/99.8%, 50ms/99.9%, 100ms/99.9%
[57.292s][info][gc,marking  ] GC(69) Mark: 1 stripe(s), 2 proactive flush(es), 1 terminate flush(es), 0 completion(s), 0 continuation(s) 
[57.292s][info][gc,marking  ] GC(69) Mark Stack Usage: 32M
[57.292s][info][gc,nmethod  ] GC(69) NMethods: 14494 registered, 2249 unregistered
[57.292s][info][gc,metaspace] GC(69) Metaspace: 99M used, 100M committed, 1152M reserved
[57.292s][info][gc,ref      ] GC(69) Soft: 4314 encountered, 0 discovered, 0 enqueued
[57.292s][info][gc,ref      ] GC(69) Weak: 7467 encountered, 6250 discovered, 3 enqueued
[57.292s][info][gc,ref      ] GC(69) Final: 1 encountered, 0 discovered, 0 enqueued
[57.292s][info][gc,ref      ] GC(69) Phantom: 775 encountered, 397 discovered, 0 enqueued
[57.292s][info][gc,reloc    ] GC(69) Small Pages: 514 / 1028M, Empty: 642M, Relocated: 1M, In-Place: 0
[57.292s][info][gc,reloc    ] GC(69) Medium Pages: 2 / 64M, Empty: 32M, Relocated: 0M, In-Place: 0
[57.292s][info][gc,reloc    ] GC(69) Large Pages: 7 / 62M, Empty: 0M, Relocated: 0M, In-Place: 0
[57.292s][info][gc,reloc    ] GC(69) Forwarding Usage: 0M
[57.292s][info][gc,heap     ] GC(69) Min Capacity: 2048M(100%)
[57.292s][info][gc,heap     ] GC(69) Max Capacity: 2048M(100%)
[57.292s][info][gc,heap     ] GC(69) Soft Max Capacity: 2048M(100%)
[57.292s][info][gc,heap     ] GC(69)                Mark Start          Mark End        Relocate Start      Relocate End           High               Low         
[57.292s][info][gc,heap     ] GC(69)  Capacity:     2048M (100%)       2048M (100%)       2048M (100%)       2048M (100%)       2048M (100%)       2048M (100%)   
[57.292s][info][gc,heap     ] GC(69)      Free:      894M (44%)         764M (37%)        1380M (67%)        1710M (83%)        1710M (83%)         710M (35%)    
[57.292s][info][gc,heap     ] GC(69)      Used:     1154M (56%)        1284M (63%)         668M (33%)         338M (17%)        1338M (65%)         338M (17%)    
[57.292s][info][gc,heap     ] GC(69)      Live:         -               107M (5%)          107M (5%)          107M (5%)             -                  -          
[57.292s][info][gc,heap     ] GC(69) Allocated:         -               130M (6%)          188M (9%)          193M (9%)             -                  -          
[57.292s][info][gc,heap     ] GC(69)   Garbage:         -              1046M (51%)         372M (18%)          36M (2%)             -                  -          
[57.292s][info][gc,heap     ] GC(69) Reclaimed:         -                  -               674M (33%)        1009M (49%)            -                  -          
[57.292s][info][gc          ] GC(69) Garbage Collection (Allocation Rate) 1154M(56%)->338M(17%)
[57.806s][info][gc,start    ] GC(70) Garbage Collection (Allocation Rate)
[57.806s][info][gc,task     ] GC(70) Using 2 workers
[57.806s][info][gc,phases   ] GC(70) Pause Mark Start 0.008ms
[57.900s][info][gc,phases   ] GC(70) Concurrent Mark 94.063ms
[57.900s][info][gc,phases   ] GC(70) Pause Mark End 0.020ms
[57.900s][info][gc,phases   ] GC(70) Concurrent Mark Free 0.001ms
[57.915s][info][gc,phases   ] GC(70) Concurrent Process Non-Strong References 14.129ms
[57.915s][info][gc,phases   ] GC(70) Concurrent Reset Relocation Set 0.010ms
[57.920s][info][gc,phases   ] GC(70) Concurrent Select Relocation Set 5.380ms
[57.920s][info][gc,phases   ] GC(70) Pause Relocate Start 0.010ms
[57.947s][info][gc,phases   ] GC(70) Concurrent Relocate 26.788ms
[57.947s][info][gc,load     ] GC(70) Load: 0.00/0.00/0.00
[57.947s][info][gc,mmu      ] GC(70) MMU: 2ms/98.5%, 5ms/99.4%, 10ms/99.6%, 20ms/99.8%, 50ms/99.9%, 100ms/99.9%
[57.947s][info][gc,marking  ] GC(70) Mark: 2 stripe(s), 2 proactive flush(es), 1 terminate flush(es), 0 completion(s), 0 continuation(s) 
[57.947s][info][gc,marking  ] GC(70) Mark Stack Usage: 32M
[57.947s][info][gc,nmethod  ] GC(70) NMethods: 14495 registered, 2249 unregistered
[57.947s][info][gc,metaspace] GC(70) Metaspace: 99M used, 100M committed, 1152M reserved
[57.947s][info][gc,ref      ] GC(70) Soft: 4314 encountered, 0 discovered, 0 enqueued
[57.947s][info][gc,ref      ] GC(70) Weak: 7467 encountered, 6503 discovered, 6 enqueued
[57.947s][info][gc,ref      ] GC(70) Final: 1 encountered, 1 discovered, 0 enqueued
[57.947s][info][gc,ref      ] GC(70) Phantom: 775 encountered, 516 discovered, 0 enqueued
[57.947s][info][gc,reloc    ] GC(70) Small Pages: 737 / 1474M, Empty: 400M, Relocated: 26M, In-Place: 0
[57.947s][info][gc,reloc    ] GC(70) Medium Pages: 2 / 64M, Empty: 0M, Relocated: 4M, In-Place: 0
[57.947s][info][gc,reloc    ] GC(70) Large Pages: 7 / 62M, Empty: 0M, Relocated: 0M, In-Place: 0
[57.947s][info][gc,reloc    ] GC(70) Forwarding Usage: 16M
[57.947s][info][gc,heap     ] GC(70) Min Capacity: 2048M(100%)
[57.947s][info][gc,heap     ] GC(70) Max Capacity: 2048M(100%)
[57.947s][info][gc,heap     ] GC(70) Soft Max Capacity: 2048M(100%)
[57.947s][info][gc,heap     ] GC(70)                Mark Start          Mark End        Relocate Start      Relocate End           High               Low         
[57.947s][info][gc,heap     ] GC(70)  Capacity:     2048M (100%)       2048M (100%)       2048M (100%)       2048M (100%)       2048M (100%)       2048M (100%)   
[57.947s][info][gc,heap     ] GC(70)      Free:      448M (22%)         224M (11%)         576M (28%)        1514M (74%)        1514M (74%)         190M (9%)     
[57.947s][info][gc,heap     ] GC(70)      Used:     1600M (78%)        1824M (89%)        1472M (72%)         534M (26%)        1858M (91%)         534M (26%)    
[57.947s][info][gc,heap     ] GC(70)      Live:         -               135M (7%)          135M (7%)          135M (7%)             -                  -          
[57.947s][info][gc,heap     ] GC(70) Allocated:         -               224M (11%)         272M (13%)         358M (18%)            -                  -          
[57.947s][info][gc,heap     ] GC(70)   Garbage:         -              1464M (72%)        1064M (52%)          40M (2%)             -                  -          
[57.947s][info][gc,heap     ] GC(70) Reclaimed:         -                  -               400M (20%)        1424M (70%)            -                  -          
[57.947s][info][gc          ] GC(70) Garbage Collection (Allocation Rate) 1600M(78%)->534M(26%)
[58.107s][info][gc,start    ] GC(71) Garbage Collection (Allocation Rate)
[58.108s][info][gc,task     ] GC(71) Using 2 workers
[58.108s][info][gc,phases   ] GC(71) Pause Mark Start 0.010ms
[58.203s][info][gc,phases   ] GC(71) Concurrent Mark 95.240ms
[58.203s][info][gc,phases   ] GC(71) Pause Mark End 0.025ms
[58.203s][info][gc,phases   ] GC(71) Concurrent Mark Free 0.003ms
[58.216s][info][gc,phases   ] GC(71) Concurrent Process Non-Strong References 12.809ms
[58.216s][info][gc,phases   ] GC(71) Concurrent Reset Relocation Set 0.061ms
[58.219s][info][gc,phases   ] GC(71) Concurrent Select Relocation Set 2.853ms
[58.219s][info][gc,phases   ] GC(71) Pause Relocate Start 0.010ms
[58.223s][info][gc,phases   ] GC(71) Concurrent Relocate 3.045ms
[58.223s][info][gc,load     ] GC(71) Load: 0.00/0.00/0.00
[58.223s][info][gc,mmu      ] GC(71) MMU: 2ms/98.5%, 5ms/99.4%, 10ms/99.6%, 20ms/99.8%, 50ms/99.9%, 100ms/99.9%
[58.223s][info][gc,marking  ] GC(71) Mark: 2 stripe(s), 2 proactive flush(es), 1 terminate flush(es), 0 completion(s), 0 continuation(s) 
[58.223s][info][gc,marking  ] GC(71) Mark Stack Usage: 32M
[58.223s][info][gc,nmethod  ] GC(71) NMethods: 14499 registered, 2249 unregistered
[58.223s][info][gc,metaspace] GC(71) Metaspace: 99M used, 100M committed, 1152M reserved
[58.223s][info][gc,ref      ] GC(71) Soft: 4314 encountered, 0 discovered, 0 enqueued
[58.223s][info][gc,ref      ] GC(71) Weak: 7458 encountered, 6136 discovered, 0 enqueued
[58.223s][info][gc,ref      ] GC(71) Final: 1 encountered, 1 discovered, 0 enqueued
[58.223s][info][gc,ref      ] GC(71) Phantom: 775 encountered, 550 discovered, 0 enqueued
[58.223s][info][gc,reloc    ] GC(71) Small Pages: 407 / 814M, Empty: 390M, Relocated: 2M, In-Place: 0
[58.223s][info][gc,reloc    ] GC(71) Medium Pages: 2 / 64M, Empty: 0M, Relocated: 4M, In-Place: 0
[58.223s][info][gc,reloc    ] GC(71) Large Pages: 7 / 62M, Empty: 0M, Relocated: 0M, In-Place: 0
[58.223s][info][gc,reloc    ] GC(71) Forwarding Usage: 1M
[58.223s][info][gc,heap     ] GC(71) Min Capacity: 2048M(100%)
[58.223s][info][gc,heap     ] GC(71) Max Capacity: 2048M(100%)
[58.223s][info][gc,heap     ] GC(71) Soft Max Capacity: 2048M(100%)
[58.223s][info][gc,heap     ] GC(71)                Mark Start          Mark End        Relocate Start      Relocate End           High               Low         
[58.223s][info][gc,heap     ] GC(71)  Capacity:     2048M (100%)       2048M (100%)       2048M (100%)       2048M (100%)       2048M (100%)       2048M (100%)   
[58.223s][info][gc,heap     ] GC(71)      Free:     1108M (54%)        1040M (51%)        1430M (70%)        1810M (88%)        1810M (88%)        1040M (51%)    
[58.223s][info][gc,heap     ] GC(71)      Used:      940M (46%)        1008M (49%)         618M (30%)         238M (12%)        1008M (49%)         238M (12%)    
[58.223s][info][gc,heap     ] GC(71)      Live:         -               135M (7%)          135M (7%)          135M (7%)             -                  -          
[58.223s][info][gc,heap     ] GC(71) Allocated:         -                68M (3%)           68M (3%)           68M (3%)             -                  -          
[58.223s][info][gc,heap     ] GC(71)   Garbage:         -               804M (39%)         414M (20%)          34M (2%)             -                  -          
[58.223s][info][gc,heap     ] GC(71) Reclaimed:         -                  -               390M (19%)         770M (38%)            -                  -          
[58.223s][info][gc          ] GC(71) Garbage Collection (Allocation Rate) 940M(46%)->238M(12%)
[58.223s][info][gc,start    ] GC(72) Garbage Collection (System.gc())
[58.223s][info][gc,task     ] GC(72) Using 2 workers
[58.223s][info][gc,phases   ] GC(72) Pause Mark Start 0.006ms
[58.284s][info][gc,phases   ] GC(72) Concurrent Mark 60.434ms
[58.284s][info][gc,phases   ] GC(72) Pause Mark End 0.013ms
[58.284s][info][gc,phases   ] GC(72) Concurrent Mark Free 0.002ms
[58.297s][info][gc,phases   ] GC(72) Concurrent Process Non-Strong References 13.396ms
[58.297s][info][gc,phases   ] GC(72) Concurrent Reset Relocation Set 0.018ms
[58.299s][info][gc,phases   ] GC(72) Concurrent Select Relocation Set 1.471ms
[58.299s][info][gc,phases   ] GC(72) Pause Relocate Start 0.008ms
[58.300s][info][gc,phases   ] GC(72) Concurrent Relocate 0.482ms
[58.302s][info][gc,load     ] GC(72) Load: 0.00/0.00/0.00
[58.302s][info][gc,mmu      ] GC(72) MMU: 2ms/98.5%, 5ms/99.4%, 10ms/99.6%, 20ms/99.8%, 50ms/99.9%, 100ms/99.9%
[58.302s][info][gc,marking  ] GC(72) Mark: 2 stripe(s), 2 proactive flush(es), 1 terminate flush(es), 0 completion(s), 0 continuation(s) 
[58.302s][info][gc,marking  ] GC(72) Mark Stack Usage: 32M
[58.302s][info][gc,nmethod  ] GC(72) NMethods: 14499 registered, 2249 unregistered
[58.302s][info][gc,metaspace] GC(72) Metaspace: 99M used, 100M committed, 1152M reserved
[58.302s][info][gc,ref      ] GC(72) Soft: 4314 encountered, 0 discovered, 0 enqueued
[58.302s][info][gc,ref      ] GC(72) Weak: 7460 encountered, 4094 discovered, 3 enqueued
[58.302s][info][gc,ref      ] GC(72) Final: 1 encountered, 1 discovered, 0 enqueued
[58.302s][info][gc,ref      ] GC(72) Phantom: 775 encountered, 644 discovered, 0 enqueued
[58.302s][info][gc,reloc    ] GC(72) Small Pages: 72 / 144M, Empty: 78M, Relocated: 0M, In-Place: 0
[58.302s][info][gc,reloc    ] GC(72) Medium Pages: 1 / 32M, Empty: 0M, Relocated: 0M, In-Place: 0
[58.302s][info][gc,reloc    ] GC(72) Large Pages: 7 / 62M, Empty: 0M, Relocated: 0M, In-Place: 0
[58.302s][info][gc,reloc    ] GC(72) Forwarding Usage: 0M
[58.302s][info][gc,heap     ] GC(72) Min Capacity: 2048M(100%)
[58.302s][info][gc,heap     ] GC(72) Max Capacity: 2048M(100%)
[58.302s][info][gc,heap     ] GC(72) Soft Max Capacity: 2048M(100%)
[58.302s][info][gc,heap     ] GC(72)                Mark Start          Mark End        Relocate Start      Relocate End           High               Low         
[58.302s][info][gc,heap     ] GC(72)  Capacity:     2048M (100%)       2048M (100%)       2048M (100%)       2048M (100%)       2048M (100%)       2048M (100%)   
[58.302s][info][gc,heap     ] GC(72)      Free:     1810M (88%)        1810M (88%)        1888M (92%)        1902M (93%)        1902M (93%)        1810M (88%)    
[58.302s][info][gc,heap     ] GC(72)      Used:      238M (12%)         238M (12%)         160M (8%)          146M (7%)          238M (12%)         146M (7%)     
[58.302s][info][gc,heap     ] GC(72)      Live:         -               106M (5%)          106M (5%)          106M (5%)             -                  -          
[58.302s][info][gc,heap     ] GC(72) Allocated:         -                 0M (0%)            0M (0%)            0M (0%)             -                  -          
[58.302s][info][gc,heap     ] GC(72)   Garbage:         -               131M (6%)           53M (3%)           39M (2%)             -                  -          
[58.302s][info][gc,heap     ] GC(72) Reclaimed:         -                  -                78M (4%)           92M (4%)             -                  -          
[58.302s][info][gc          ] GC(72) Garbage Collection (System.gc()) 238M(12%)->146M(7%)
[58.896s][info][gc,start    ] GC(73) Garbage Collection (Allocation Rate)
[58.896s][info][gc,task     ] GC(73) Using 2 workers
[58.896s][info][gc,phases   ] GC(73) Pause Mark Start 0.009ms
[58.944s][info][gc,phases   ] GC(73) Concurrent Mark 47.478ms
[58.944s][info][gc,phases   ] GC(73) Pause Mark End 0.018ms
[58.944s][info][gc,phases   ] GC(73) Concurrent Mark Free 0.002ms
[58.958s][info][gc,phases   ] GC(73) Concurrent Process Non-Strong References 13.663ms
[58.958s][info][gc,phases   ] GC(73) Concurrent Reset Relocation Set 0.002ms
[58.960s][info][gc,phases   ] GC(73) Concurrent Select Relocation Set 2.178ms
[58.960s][info][gc,phases   ] GC(73) Pause Relocate Start 0.010ms
[58.963s][info][gc,phases   ] GC(73) Concurrent Relocate 2.624ms
[58.963s][info][gc,load     ] GC(73) Load: 0.00/0.00/0.00
[58.963s][info][gc,mmu      ] GC(73) MMU: 2ms/98.5%, 5ms/99.4%, 10ms/99.6%, 20ms/99.8%, 50ms/99.9%, 100ms/99.9%
[58.963s][info][gc,marking  ] GC(73) Mark: 2 stripe(s), 2 proactive flush(es), 1 terminate flush(es), 0 completion(s), 0 continuation(s) 
[58.963s][info][gc,marking  ] GC(73) Mark Stack Usage: 32M
[58.963s][info][gc,nmethod  ] GC(73) NMethods: 14540 registered, 2249 unregistered
[58.963s][info][gc,metaspace] GC(73) Metaspace: 99M used, 100M committed, 1152M reserved
[58.963s][info][gc,ref      ] GC(73) Soft: 4314 encountered, 0 discovered, 0 enqueued
[58.963s][info][gc,ref      ] GC(73) Weak: 7467 encountered, 6567 discovered, 3 enqueued
[58.963s][info][gc,ref      ] GC(73) Final: 1 encountered, 0 discovered, 0 enqueued
[58.963s][info][gc,ref      ] GC(73) Phantom: 775 encountered, 650 discovered, 0 enqueued
[58.963s][info][gc,reloc    ] GC(73) Small Pages: 536 / 1072M, Empty: 644M, Relocated: 1M, In-Place: 0
[58.963s][info][gc,reloc    ] GC(73) Medium Pages: 2 / 64M, Empty: 32M, Relocated: 0M, In-Place: 0
[58.963s][info][gc,reloc    ] GC(73) Large Pages: 7 / 62M, Empty: 0M, Relocated: 0M, In-Place: 0
[58.963s][info][gc,reloc    ] GC(73) Forwarding Usage: 0M
[58.963s][info][gc,heap     ] GC(73) Min Capacity: 2048M(100%)
[58.963s][info][gc,heap     ] GC(73) Max Capacity: 2048M(100%)
[58.963s][info][gc,heap     ] GC(73) Soft Max Capacity: 2048M(100%)
[58.963s][info][gc,heap     ] GC(73)                Mark Start          Mark End        Relocate Start      Relocate End           High               Low         
[58.963s][info][gc,heap     ] GC(73)  Capacity:     2048M (100%)       2048M (100%)       2048M (100%)       2048M (100%)       2048M (100%)       2048M (100%)   
[58.963s][info][gc,heap     ] GC(73)      Free:      850M (42%)         746M (36%)        1390M (68%)        1762M (86%)        1762M (86%)         718M (35%)    
[58.963s][info][gc,heap     ] GC(73)      Used:     1198M (58%)        1302M (64%)         658M (32%)         286M (14%)        1330M (65%)         286M (14%)    
[58.963s][info][gc,heap     ] GC(73)      Live:         -               107M (5%)          107M (5%)          107M (5%)             -                  -          
[58.963s][info][gc,heap     ] GC(73) Allocated:         -               104M (5%)          136M (7%)          139M (7%)             -                  -          
[58.963s][info][gc,heap     ] GC(73)   Garbage:         -              1090M (53%)         414M (20%)          38M (2%)             -                  -          
[58.963s][info][gc,heap     ] GC(73) Reclaimed:         -                  -               676M (33%)        1051M (51%)            -                  -          
[58.963s][info][gc          ] GC(73) Garbage Collection (Allocation Rate) 1198M(58%)->286M(14%)
[59.406s][info][gc,start    ] GC(74) Garbage Collection (Allocation Rate)
[59.406s][info][gc,task     ] GC(74) Using 1 workers
[59.406s][info][gc,phases   ] GC(74) Pause Mark Start 0.009ms
[59.529s][info][gc,phases   ] GC(74) Concurrent Mark 122.759ms
[59.529s][info][gc,phases   ] GC(74) Pause Mark End 0.013ms
[59.529s][info][gc,phases   ] GC(74) Concurrent Mark Free 0.001ms
[59.554s][info][gc,phases   ] GC(74) Concurrent Process Non-Strong References 24.777ms
[59.554s][info][gc,phases   ] GC(74) Concurrent Reset Relocation Set 0.012ms
[59.562s][info][gc,phases   ] GC(74) Concurrent Select Relocation Set 7.896ms
[59.562s][info][gc,phases   ] GC(74) Pause Relocate Start 0.008ms
[59.602s][info][gc,phases   ] GC(74) Concurrent Relocate 39.605ms
[59.602s][info][gc,load     ] GC(74) Load: 0.00/0.00/0.00
[59.602s][info][gc,mmu      ] GC(74) MMU: 2ms/98.5%, 5ms/99.4%, 10ms/99.6%, 20ms/99.8%, 50ms/99.9%, 100ms/99.9%
[59.602s][info][gc,marking  ] GC(74) Mark: 1 stripe(s), 2 proactive flush(es), 1 terminate flush(es), 0 completion(s), 0 continuation(s) 
[59.602s][info][gc,marking  ] GC(74) Mark Stack Usage: 32M
[59.602s][info][gc,nmethod  ] GC(74) NMethods: 14544 registered, 2249 unregistered
[59.602s][info][gc,metaspace] GC(74) Metaspace: 99M used, 100M committed, 1152M reserved
[59.602s][info][gc,ref      ] GC(74) Soft: 4314 encountered, 0 discovered, 0 enqueued
[59.602s][info][gc,ref      ] GC(74) Weak: 7467 encountered, 6253 discovered, 6 enqueued
[59.602s][info][gc,ref      ] GC(74) Final: 1 encountered, 0 discovered, 0 enqueued
[59.602s][info][gc,ref      ] GC(74) Phantom: 775 encountered, 397 discovered, 0 enqueued
[59.602s][info][gc,reloc    ] GC(74) Small Pages: 600 / 1200M, Empty: 262M, Relocated: 26M, In-Place: 0
[59.602s][info][gc,reloc    ] GC(74) Medium Pages: 2 / 64M, Empty: 0M, Relocated: 4M, In-Place: 0
[59.602s][info][gc,reloc    ] GC(74) Large Pages: 7 / 62M, Empty: 0M, Relocated: 0M, In-Place: 0
[59.602s][info][gc,reloc    ] GC(74) Forwarding Usage: 16M
[59.602s][info][gc,heap     ] GC(74) Min Capacity: 2048M(100%)
[59.602s][info][gc,heap     ] GC(74) Max Capacity: 2048M(100%)
[59.602s][info][gc,heap     ] GC(74) Soft Max Capacity: 2048M(100%)
[59.602s][info][gc,heap     ] GC(74)                Mark Start          Mark End        Relocate Start      Relocate End           High               Low         
[59.602s][info][gc,heap     ] GC(74)  Capacity:     2048M (100%)       2048M (100%)       2048M (100%)       2048M (100%)       2048M (100%)       2048M (100%)   
[59.602s][info][gc,heap     ] GC(74)      Free:      722M (35%)         410M (20%)         594M (29%)        1374M (67%)        1374M (67%)         348M (17%)    
[59.602s][info][gc,heap     ] GC(74)      Used:     1326M (65%)        1638M (80%)        1454M (71%)         674M (33%)        1700M (83%)         674M (33%)    
[59.602s][info][gc,heap     ] GC(74)      Live:         -               135M (7%)          135M (7%)          135M (7%)             -                  -          
[59.602s][info][gc,heap     ] GC(74) Allocated:         -               312M (15%)         390M (19%)         502M (25%)            -                  -          
[59.602s][info][gc,heap     ] GC(74)   Garbage:         -              1190M (58%)         928M (45%)          36M (2%)             -                  -          
[59.602s][info][gc,heap     ] GC(74) Reclaimed:         -                  -               262M (13%)        1154M (56%)            -                  -          
[59.602s][info][gc          ] GC(74) Garbage Collection (Allocation Rate) 1326M(65%)->674M(33%)
[59.708s][info][gc,start    ] GC(75) Garbage Collection (Allocation Rate)
[59.708s][info][gc,task     ] GC(75) Using 1 workers
[59.708s][info][gc,phases   ] GC(75) Pause Mark Start 0.009ms
[59.832s][info][gc,phases   ] GC(75) Concurrent Mark 123.850ms
[59.832s][info][gc,phases   ] GC(75) Pause Mark End 0.012ms
[59.832s][info][gc,phases   ] GC(75) Concurrent Mark Free 0.001ms
[59.856s][info][gc,phases   ] GC(75) Concurrent Process Non-Strong References 23.762ms
[59.856s][info][gc,phases   ] GC(75) Concurrent Reset Relocation Set 0.028ms
[59.859s][info][gc,phases   ] GC(75) Concurrent Select Relocation Set 2.834ms
[59.859s][info][gc,phases   ] GC(75) Pause Relocate Start 0.008ms
[59.864s][info][gc,phases   ] GC(75) Concurrent Relocate 4.482ms
[59.864s][info][gc,load     ] GC(75) Load: 0.00/0.00/0.00
[59.864s][info][gc,mmu      ] GC(75) MMU: 2ms/98.5%, 5ms/99.4%, 10ms/99.6%, 20ms/99.8%, 50ms/99.9%, 100ms/99.9%
[59.864s][info][gc,marking  ] GC(75) Mark: 1 stripe(s), 2 proactive flush(es), 1 terminate flush(es), 0 completion(s), 0 continuation(s) 
[59.864s][info][gc,marking  ] GC(75) Mark Stack Usage: 32M
[59.864s][info][gc,nmethod  ] GC(75) NMethods: 14547 registered, 2249 unregistered
[59.864s][info][gc,metaspace] GC(75) Metaspace: 99M used, 100M committed, 1152M reserved
[59.864s][info][gc,ref      ] GC(75) Soft: 4314 encountered, 0 discovered, 0 enqueued
[59.864s][info][gc,ref      ] GC(75) Weak: 7460 encountered, 6248 discovered, 0 enqueued
[59.864s][info][gc,ref      ] GC(75) Final: 1 encountered, 0 discovered, 0 enqueued
[59.864s][info][gc,ref      ] GC(75) Phantom: 775 encountered, 397 discovered, 0 enqueued
[59.864s][info][gc,reloc    ] GC(75) Small Pages: 410 / 820M, Empty: 320M, Relocated: 3M, In-Place: 0
[59.864s][info][gc,reloc    ] GC(75) Medium Pages: 2 / 64M, Empty: 0M, Relocated: 4M, In-Place: 0
[59.864s][info][gc,reloc    ] GC(75) Large Pages: 7 / 62M, Empty: 0M, Relocated: 0M, In-Place: 0
[59.864s][info][gc,reloc    ] GC(75) Forwarding Usage: 2M
[59.864s][info][gc,heap     ] GC(75) Min Capacity: 2048M(100%)
[59.864s][info][gc,heap     ] GC(75) Max Capacity: 2048M(100%)
[59.864s][info][gc,heap     ] GC(75) Soft Max Capacity: 2048M(100%)
[59.864s][info][gc,heap     ] GC(75)                Mark Start          Mark End        Relocate Start      Relocate End           High               Low         
[59.864s][info][gc,heap     ] GC(75)  Capacity:     2048M (100%)       2048M (100%)       2048M (100%)       2048M (100%)       2048M (100%)       2048M (100%)   
[59.864s][info][gc,heap     ] GC(75)      Free:     1102M (54%)         816M (40%)        1134M (55%)        1590M (78%)        1590M (78%)         814M (40%)    
[59.864s][info][gc,heap     ] GC(75)      Used:      946M (46%)        1232M (60%)         914M (45%)         458M (22%)        1234M (60%)         458M (22%)    
[59.864s][info][gc,heap     ] GC(75)      Live:         -               135M (7%)          135M (7%)          135M (7%)             -                  -          
[59.864s][info][gc,heap     ] GC(75) Allocated:         -               286M (14%)         288M (14%)         288M (14%)            -                  -          
[59.864s][info][gc,heap     ] GC(75)   Garbage:         -               810M (40%)         490M (24%)          34M (2%)             -                  -          
[59.864s][info][gc,heap     ] GC(75) Reclaimed:         -                  -               320M (16%)         776M (38%)            -                  -          
[59.864s][info][gc          ] GC(75) Garbage Collection (Allocation Rate) 946M(46%)->458M(22%)
[59.864s][info][gc,start    ] GC(76) Garbage Collection (System.gc())
[59.864s][info][gc,task     ] GC(76) Using 2 workers
[59.864s][info][gc,phases   ] GC(76) Pause Mark Start 0.005ms
[59.900s][info][gc,phases   ] GC(76) Concurrent Mark 35.177ms
[59.900s][info][gc,phases   ] GC(76) Pause Mark End 0.018ms
[59.900s][info][gc,phases   ] GC(76) Concurrent Mark Free 0.002ms
[59.912s][info][gc,phases   ] GC(76) Concurrent Process Non-Strong References 12.246ms
[59.912s][info][gc,phases   ] GC(76) Concurrent Reset Relocation Set 0.012ms
[59.914s][info][gc,phases   ] GC(76) Concurrent Select Relocation Set 1.224ms
[59.914s][info][gc,phases   ] GC(76) Pause Relocate Start 0.010ms
[59.914s][info][gc,phases   ] GC(76) Concurrent Relocate 0.517ms
[59.914s][info][gc,load     ] GC(76) Load: 0.00/0.00/0.00
[59.914s][info][gc,mmu      ] GC(76) MMU: 2ms/98.5%, 5ms/99.4%, 10ms/99.6%, 20ms/99.8%, 50ms/99.9%, 100ms/99.9%
[59.914s][info][gc,marking  ] GC(76) Mark: 2 stripe(s), 2 proactive flush(es), 1 terminate flush(es), 0 completion(s), 0 continuation(s) 
[59.914s][info][gc,marking  ] GC(76) Mark Stack Usage: 32M
[59.914s][info][gc,nmethod  ] GC(76) NMethods: 14547 registered, 2249 unregistered
[59.914s][info][gc,metaspace] GC(76) Metaspace: 99M used, 100M committed, 1152M reserved
[59.914s][info][gc,ref      ] GC(76) Soft: 4314 encountered, 0 discovered, 0 enqueued
[59.914s][info][gc,ref      ] GC(76) Weak: 7460 encountered, 344 discovered, 3 enqueued
[59.914s][info][gc,ref      ] GC(76) Final: 1 encountered, 0 discovered, 0 enqueued
[59.914s][info][gc,ref      ] GC(76) Phantom: 775 encountered, 572 discovered, 0 enqueued
[59.914s][info][gc,reloc    ] GC(76) Small Pages: 182 / 364M, Empty: 294M, Relocated: 0M, In-Place: 0
[59.914s][info][gc,reloc    ] GC(76) Medium Pages: 1 / 32M, Empty: 0M, Relocated: 0M, In-Place: 0
[59.914s][info][gc,reloc    ] GC(76) Large Pages: 7 / 62M, Empty: 0M, Relocated: 0M, In-Place: 0
[59.914s][info][gc,reloc    ] GC(76) Forwarding Usage: 0M
[59.914s][info][gc,heap     ] GC(76) Min Capacity: 2048M(100%)
[59.914s][info][gc,heap     ] GC(76) Max Capacity: 2048M(100%)
[59.914s][info][gc,heap     ] GC(76) Soft Max Capacity: 2048M(100%)
[59.914s][info][gc,heap     ] GC(76)                Mark Start          Mark End        Relocate Start      Relocate End           High               Low         
[59.914s][info][gc,heap     ] GC(76)  Capacity:     2048M (100%)       2048M (100%)       2048M (100%)       2048M (100%)       2048M (100%)       2048M (100%)   
[59.914s][info][gc,heap     ] GC(76)      Free:     1590M (78%)        1590M (78%)        1884M (92%)        1902M (93%)        1902M (93%)        1590M (78%)    
[59.914s][info][gc,heap     ] GC(76)      Used:      458M (22%)         458M (22%)         164M (8%)          146M (7%)          458M (22%)         146M (7%)     
[59.914s][info][gc,heap     ] GC(76)      Live:         -               107M (5%)          107M (5%)          107M (5%)             -                  -          
[59.914s][info][gc,heap     ] GC(76) Allocated:         -                 0M (0%)            0M (0%)            0M (0%)             -                  -          
[59.914s][info][gc,heap     ] GC(76)   Garbage:         -               350M (17%)          56M (3%)           38M (2%)             -                  -          
[59.915s][info][gc,heap     ] GC(76) Reclaimed:         -                  -               294M (14%)         312M (15%)            -                  -          
[59.915s][info][gc          ] GC(76) Garbage Collection (System.gc()) 458M(22%)->146M(7%)
[60.107s][info][gc,stats    ] === Garbage Collection Statistics =======================================================================================================================
[60.107s][info][gc,stats    ]                                                              Last 10s              Last 10m              Last 10h                Total
[60.107s][info][gc,stats    ]                                                              Avg / Max             Avg / Max             Avg / Max             Avg / Max
[60.107s][info][gc,stats    ]   Collector: Garbage Collection Cycle                    116.910 / 201.150     407.572 / 1215.582    407.572 / 1215.582    407.572 / 1215.582    ms
[60.107s][info][gc,stats    ]  Contention: Mark Segment Reset Contention                     0 / 2                10 / 496              10 / 496              10 / 496         ops/s
[60.107s][info][gc,stats    ]  Contention: Mark SeqNum Reset Contention                      0 / 0                 0 / 4                 0 / 4                 0 / 4           ops/s
[60.107s][info][gc,stats    ]    Critical: Allocation Stall                                  0 / 0                 0 / 6                 0 / 6                 0 / 6           ops/s
[60.107s][info][gc,stats    ]    Critical: Allocation Stall                              0.000 / 0.000       513.228 / 1001.934    513.228 / 1001.934    513.228 / 1001.934    ms
[60.108s][info][gc,stats    ]    Critical: GC Locker Stall                                   0 / 0                 0 / 1                 0 / 1                 0 / 1           ops/s
[60.108s][info][gc,stats    ]    Critical: GC Locker Stall                               0.000 / 0.000         0.000 / 0.000         0.000 / 0.000         0.000 / 0.000       ms
[60.108s][info][gc,stats    ]    Critical: Relocation Stall                                  0 / 0                 0 / 1                 0 / 1                 0 / 1           ops/s
[60.108s][info][gc,stats    ]    Critical: Relocation Stall                              0.000 / 0.000         7.319 / 11.251        7.319 / 11.251        7.319 / 11.251      ms
[60.108s][info][gc,stats    ]      Memory: Allocation Rate                                2021 / 2422            758 / 2422            758 / 2422            758 / 2422        MB/s
[60.108s][info][gc,stats    ]      Memory: Out Of Memory                                     0 / 0                 0 / 0                 0 / 0                 0 / 0           ops/s
[60.108s][info][gc,stats    ]      Memory: Page Cache Flush                                  0 / 0                17 / 172              17 / 172              17 / 172         MB/s
[60.108s][info][gc,stats    ]      Memory: Page Cache Hit L1                               986 / 1197            360 / 1197            360 / 1197            360 / 1197        ops/s
[60.108s][info][gc,stats    ]      Memory: Page Cache Hit L2                                 0 / 0                 0 / 0                 0 / 0                 0 / 0           ops/s
[60.108s][info][gc,stats    ]      Memory: Page Cache Hit L3                                 3 / 23               19 / 289              19 / 289              19 / 289         ops/s
[60.108s][info][gc,stats    ]      Memory: Page Cache Miss                                   0 / 0                 0 / 11                0 / 11                0 / 11          ops/s
[60.108s][info][gc,stats    ]      Memory: Uncommit                                          0 / 0                 0 / 0                 0 / 0                 0 / 0           MB/s
[60.108s][info][gc,stats    ]      Memory: Undo Object Allocation Failed                     0 / 1                 0 / 3                 0 / 3                 0 / 3           ops/s
[60.108s][info][gc,stats    ]      Memory: Undo Object Allocation Succeeded                  0 / 3                14 / 520              14 / 520              14 / 520         ops/s
[60.108s][info][gc,stats    ]      Memory: Undo Page Allocation                              0 / 1                 0 / 3                 0 / 3                 0 / 3           ops/s
[60.108s][info][gc,stats    ]       Phase: Concurrent Mark                              82.317 / 131.133     350.625 / 1158.372    350.625 / 1158.372    350.625 / 1158.372    ms
[60.108s][info][gc,stats    ]       Phase: Concurrent Mark Continue                      0.000 / 0.000         0.000 / 0.000         0.000 / 0.000         0.000 / 0.000       ms
[60.108s][info][gc,stats    ]       Phase: Concurrent Mark Free                          0.001 / 0.003         0.056 / 4.217         0.056 / 4.217         0.056 / 4.217       ms
[60.108s][info][gc,stats    ]       Phase: Concurrent Process Non-Strong References     18.760 / 25.829       12.539 / 27.293       12.539 / 27.293       12.539 / 27.293      ms
[60.108s][info][gc,stats    ]       Phase: Concurrent Relocate                          11.587 / 41.410       35.706 / 247.779      35.706 / 247.779      35.706 / 247.779     ms
[60.108s][info][gc,stats    ]       Phase: Concurrent Reset Relocation Set               0.016 / 0.061         0.016 / 0.061         0.016 / 0.061         0.016 / 0.061       ms
[60.108s][info][gc,stats    ]       Phase: Concurrent Select Relocation Set              3.124 / 7.896         7.060 / 40.244        7.060 / 40.244        7.060 / 40.244      ms
[60.108s][info][gc,stats    ]       Phase: Pause Mark End                                0.016 / 0.026         0.017 / 0.030         0.017 / 0.030         0.017 / 0.030       ms
[60.108s][info][gc,stats    ]       Phase: Pause Mark Start                              0.008 / 0.010         0.009 / 0.030         0.009 / 0.030         0.009 / 0.030       ms
[60.108s][info][gc,stats    ]       Phase: Pause Relocate Start                          0.011 / 0.018         0.011 / 0.018         0.011 / 0.018         0.011 / 0.018       ms
[60.108s][info][gc,stats    ]    Subphase: Concurrent Classes Purge                      0.666 / 0.977         0.438 / 0.995         0.438 / 0.995         0.438 / 0.995       ms
[60.108s][info][gc,stats    ]    Subphase: Concurrent Classes Unlink                    16.357 / 23.045       10.779 / 25.044       10.779 / 25.044       10.779 / 25.044      ms
[60.108s][info][gc,stats    ]    Subphase: Concurrent Mark                              69.761 / 128.804     375.354 / 1155.457    375.354 / 1155.457    375.354 / 1155.457    ms
[60.108s][info][gc,stats    ]    Subphase: Concurrent Mark Try Flush                     0.091 / 0.430         0.103 / 0.511         0.103 / 0.511         0.103 / 0.511       ms
[60.108s][info][gc,stats    ]    Subphase: Concurrent Mark Try Terminate                 1.837 / 15.199        2.874 / 16.923        2.874 / 16.923        2.874 / 16.923      ms
[60.108s][info][gc,stats    ]    Subphase: Concurrent References Enqueue                 0.005 / 0.009         0.005 / 0.009         0.005 / 0.009         0.005 / 0.009       ms
[60.108s][info][gc,stats    ]    Subphase: Concurrent References Process                 0.774 / 1.105         0.458 / 1.172         0.458 / 1.172         0.458 / 1.172       ms
[60.108s][info][gc,stats    ]    Subphase: Concurrent Roots ClassLoaderDataGraph         0.144 / 0.314         0.144 / 0.429         0.144 / 0.429         0.144 / 0.429       ms
[60.108s][info][gc,stats    ]    Subphase: Concurrent Roots CodeCache                    0.000 / 0.000         0.000 / 0.000         0.000 / 0.000         0.000 / 0.000       ms
[60.108s][info][gc,stats    ]    Subphase: Concurrent Roots JavaThreads                  1.679 / 2.895         1.572 / 2.895         1.572 / 2.895         1.572 / 2.895       ms
[60.108s][info][gc,stats    ]    Subphase: Concurrent Roots OopStorageSet                0.038 / 0.076         0.037 / 0.095         0.037 / 0.095         0.037 / 0.095       ms
[60.108s][info][gc,stats    ]    Subphase: Concurrent Weak Roots OopStorageSet           0.718 / 1.375         0.640 / 1.375         0.640 / 1.375         0.640 / 1.375       ms
[60.108s][info][gc,stats    ]    Subphase: Pause Mark Try Complete                       0.000 / 0.000         0.000 / 0.000         0.000 / 0.000         0.000 / 0.000       ms
[60.108s][info][gc,stats    ]      System: Java Threads                                     46 / 47               40 / 48               40 / 48               40 / 48          threads
[60.108s][info][gc,stats    ] =========================================================================================================================================================
[60.506s][info][gc,start    ] GC(77) Garbage Collection (Allocation Rate)
[60.506s][info][gc,task     ] GC(77) Using 1 workers
[60.506s][info][gc,phases   ] GC(77) Pause Mark Start 0.010ms
[60.570s][info][gc,phases   ] GC(77) Concurrent Mark 63.744ms
[60.570s][info][gc,phases   ] GC(77) Pause Mark End 0.017ms
[60.570s][info][gc,phases   ] GC(77) Concurrent Mark Free 0.001ms
[60.595s][info][gc,phases   ] GC(77) Concurrent Process Non-Strong References 24.764ms
[60.595s][info][gc,phases   ] GC(77) Concurrent Reset Relocation Set 0.002ms
[60.597s][info][gc,phases   ] GC(77) Concurrent Select Relocation Set 2.180ms
[60.597s][info][gc,phases   ] GC(77) Pause Relocate Start 0.016ms
[60.603s][info][gc,phases   ] GC(77) Concurrent Relocate 5.346ms
[60.603s][info][gc,load     ] GC(77) Load: 0.00/0.00/0.00
[60.603s][info][gc,mmu      ] GC(77) MMU: 2ms/98.5%, 5ms/99.4%, 10ms/99.6%, 20ms/99.8%, 50ms/99.9%, 100ms/99.9%
[60.603s][info][gc,marking  ] GC(77) Mark: 1 stripe(s), 2 proactive flush(es), 1 terminate flush(es), 0 completion(s), 0 continuation(s) 
[60.603s][info][gc,marking  ] GC(77) Mark Stack Usage: 32M
[60.603s][info][gc,nmethod  ] GC(77) NMethods: 14575 registered, 2249 unregistered
[60.603s][info][gc,metaspace] GC(77) Metaspace: 99M used, 100M committed, 1152M reserved
[60.603s][info][gc,ref      ] GC(77) Soft: 4314 encountered, 0 discovered, 0 enqueued
[60.603s][info][gc,ref      ] GC(77) Weak: 7467 encountered, 6250 discovered, 3 enqueued
[60.603s][info][gc,ref      ] GC(77) Final: 1 encountered, 0 discovered, 0 enqueued
[60.603s][info][gc,ref      ] GC(77) Phantom: 775 encountered, 397 discovered, 0 enqueued
[60.603s][info][gc,reloc    ] GC(77) Small Pages: 539 / 1078M, Empty: 644M, Relocated: 3M, In-Place: 0
[60.603s][info][gc,reloc    ] GC(77) Medium Pages: 2 / 64M, Empty: 32M, Relocated: 0M, In-Place: 0
[60.603s][info][gc,reloc    ] GC(77) Large Pages: 7 / 62M, Empty: 0M, Relocated: 0M, In-Place: 0
[60.603s][info][gc,reloc    ] GC(77) Forwarding Usage: 1M
[60.603s][info][gc,heap     ] GC(77) Min Capacity: 2048M(100%)
[60.603s][info][gc,heap     ] GC(77) Max Capacity: 2048M(100%)
[60.603s][info][gc,heap     ] GC(77) Soft Max Capacity: 2048M(100%)
[60.603s][info][gc,heap     ] GC(77)                Mark Start          Mark End        Relocate Start      Relocate End           High               Low         
[60.603s][info][gc,heap     ] GC(77)  Capacity:     2048M (100%)       2048M (100%)       2048M (100%)       2048M (100%)       2048M (100%)       2048M (100%)   
[60.603s][info][gc,heap     ] GC(77)      Free:      844M (41%)         708M (35%)        1328M (65%)        1700M (83%)        1702M (83%)         656M (32%)    
[60.603s][info][gc,heap     ] GC(77)      Used:     1204M (59%)        1340M (65%)         720M (35%)         348M (17%)        1392M (68%)         346M (17%)    
[60.603s][info][gc,heap     ] GC(77)      Live:         -               108M (5%)          108M (5%)          108M (5%)             -                  -          
[60.603s][info][gc,heap     ] GC(77) Allocated:         -               136M (7%)          192M (9%)          203M (10%)            -                  -          
[60.603s][info][gc,heap     ] GC(77)   Garbage:         -              1095M (54%)         419M (21%)          35M (2%)             -                  -          
[60.603s][info][gc,heap     ] GC(77) Reclaimed:         -                  -               676M (33%)        1059M (52%)            -                  -          
[60.603s][info][gc          ] GC(77) Garbage Collection (Allocation Rate) 1204M(59%)->348M(17%)
[61.097s][info][gc,start    ] GC(78) Garbage Collection (Allocation Rate)
[61.097s][info][gc,task     ] GC(78) Using 1 workers
[61.097s][info][gc,phases   ] GC(78) Pause Mark Start 0.008ms
[61.226s][info][gc,phases   ] GC(78) Concurrent Mark 128.284ms
[61.226s][info][gc,phases   ] GC(78) Pause Mark End 0.014ms
[61.226s][info][gc,phases   ] GC(78) Concurrent Mark Free 0.002ms
[61.252s][info][gc,phases   ] GC(78) Concurrent Process Non-Strong References 26.050ms
[61.252s][info][gc,phases   ] GC(78) Concurrent Reset Relocation Set 0.015ms
[61.257s][info][gc,phases   ] GC(78) Concurrent Select Relocation Set 5.214ms
[61.257s][info][gc,phases   ] GC(78) Pause Relocate Start 0.011ms
[61.298s][info][gc,phases   ] GC(78) Concurrent Relocate 40.573ms
[61.298s][info][gc,load     ] GC(78) Load: 0.00/0.00/0.00
[61.298s][info][gc,mmu      ] GC(78) MMU: 2ms/98.5%, 5ms/99.4%, 10ms/99.6%, 20ms/99.8%, 50ms/99.9%, 100ms/99.9%
[61.298s][info][gc,marking  ] GC(78) Mark: 1 stripe(s), 2 proactive flush(es), 1 terminate flush(es), 0 completion(s), 0 continuation(s) 
[61.298s][info][gc,marking  ] GC(78) Mark Stack Usage: 32M
[61.298s][info][gc,nmethod  ] GC(78) NMethods: 14575 registered, 2249 unregistered
[61.298s][info][gc,metaspace] GC(78) Metaspace: 99M used, 100M committed, 1152M reserved
[61.298s][info][gc,ref      ] GC(78) Soft: 4314 encountered, 0 discovered, 0 enqueued
[61.298s][info][gc,ref      ] GC(78) Weak: 7467 encountered, 6253 discovered, 6 enqueued
[61.298s][info][gc,ref      ] GC(78) Final: 1 encountered, 0 discovered, 0 enqueued
[61.298s][info][gc,ref      ] GC(78) Phantom: 775 encountered, 397 discovered, 0 enqueued
[61.298s][info][gc,reloc    ] GC(78) Small Pages: 723 / 1446M, Empty: 360M, Relocated: 26M, In-Place: 0
[61.298s][info][gc,reloc    ] GC(78) Medium Pages: 2 / 64M, Empty: 0M, Relocated: 4M, In-Place: 0
[61.298s][info][gc,reloc    ] GC(78) Large Pages: 7 / 62M, Empty: 0M, Relocated: 0M, In-Place: 0
[61.298s][info][gc,reloc    ] GC(78) Forwarding Usage: 16M
[61.298s][info][gc,heap     ] GC(78) Min Capacity: 2048M(100%)
[61.298s][info][gc,heap     ] GC(78) Max Capacity: 2048M(100%)
[61.298s][info][gc,heap     ] GC(78) Soft Max Capacity: 2048M(100%)
[61.298s][info][gc,heap     ] GC(78)                Mark Start          Mark End        Relocate Start      Relocate End           High               Low         
[61.298s][info][gc,heap     ] GC(78)  Capacity:     2048M (100%)       2048M (100%)       2048M (100%)       2048M (100%)       2048M (100%)       2048M (100%)   
[61.299s][info][gc,heap     ] GC(78)      Free:      476M (23%)         170M (8%)          456M (22%)        1378M (67%)        1378M (67%)         108M (5%)     
[61.299s][info][gc,heap     ] GC(78)      Used:     1572M (77%)        1878M (92%)        1592M (78%)         670M (33%)        1940M (95%)         670M (33%)    
[61.299s][info][gc,heap     ] GC(78)      Live:         -               135M (7%)          135M (7%)          135M (7%)             -                  -          
[61.299s][info][gc,heap     ] GC(78) Allocated:         -               306M (15%)         380M (19%)         498M (24%)            -                  -          
[61.299s][info][gc,heap     ] GC(78)   Garbage:         -              1436M (70%)        1076M (53%)          36M (2%)             -                  -          
[61.299s][info][gc,heap     ] GC(78) Reclaimed:         -                  -               360M (18%)        1400M (68%)            -                  -          
[61.299s][info][gc          ] GC(78) Garbage Collection (Allocation Rate) 1572M(77%)->670M(33%)
[61.399s][info][gc,start    ] GC(79) Garbage Collection (Allocation Rate)
[61.399s][info][gc,task     ] GC(79) Using 2 workers
[61.399s][info][gc,phases   ] GC(79) Pause Mark Start 0.008ms
[61.478s][info][gc,phases   ] GC(79) Concurrent Mark 79.265ms
[61.479s][info][gc,phases   ] GC(79) Pause Mark End 0.025ms
[61.479s][info][gc,phases   ] GC(79) Concurrent Mark Free 0.001ms
[61.491s][info][gc,phases   ] GC(79) Concurrent Process Non-Strong References 12.190ms
[61.491s][info][gc,phases   ] GC(79) Concurrent Reset Relocation Set 0.041ms
[61.494s][info][gc,phases   ] GC(79) Concurrent Select Relocation Set 2.836ms
[61.494s][info][gc,phases   ] GC(79) Pause Relocate Start 0.014ms
[61.498s][info][gc,phases   ] GC(79) Concurrent Relocate 4.187ms
[61.499s][info][gc,load     ] GC(79) Load: 0.00/0.00/0.00
[61.499s][info][gc,mmu      ] GC(79) MMU: 2ms/98.5%, 5ms/99.4%, 10ms/99.6%, 20ms/99.8%, 50ms/99.9%, 100ms/99.9%
[61.499s][info][gc,marking  ] GC(79) Mark: 2 stripe(s), 2 proactive flush(es), 1 terminate flush(es), 0 completion(s), 0 continuation(s) 
[61.499s][info][gc,marking  ] GC(79) Mark Stack Usage: 32M
[61.499s][info][gc,nmethod  ] GC(79) NMethods: 14576 registered, 2249 unregistered
[61.499s][info][gc,metaspace] GC(79) Metaspace: 99M used, 100M committed, 1152M reserved
[61.499s][info][gc,ref      ] GC(79) Soft: 4314 encountered, 0 discovered, 0 enqueued
[61.499s][info][gc,ref      ] GC(79) Weak: 7459 encountered, 283 discovered, 0 enqueued
[61.499s][info][gc,ref      ] GC(79) Final: 1 encountered, 0 discovered, 0 enqueued
[61.499s][info][gc,ref      ] GC(79) Phantom: 775 encountered, 661 discovered, 0 enqueued
[61.499s][info][gc,reloc    ] GC(79) Small Pages: 398 / 796M, Empty: 358M, Relocated: 5M, In-Place: 0
[61.499s][info][gc,reloc    ] GC(79) Medium Pages: 2 / 64M, Empty: 0M, Relocated: 4M, In-Place: 0
[61.499s][info][gc,reloc    ] GC(79) Large Pages: 7 / 62M, Empty: 0M, Relocated: 0M, In-Place: 0
[61.499s][info][gc,reloc    ] GC(79) Forwarding Usage: 2M
[61.499s][info][gc,heap     ] GC(79) Min Capacity: 2048M(100%)
[61.499s][info][gc,heap     ] GC(79) Max Capacity: 2048M(100%)
[61.499s][info][gc,heap     ] GC(79) Soft Max Capacity: 2048M(100%)
[61.499s][info][gc,heap     ] GC(79)                Mark Start          Mark End        Relocate Start      Relocate End           High               Low         
[61.499s][info][gc,heap     ] GC(79)  Capacity:     2048M (100%)       2048M (100%)       2048M (100%)       2048M (100%)       2048M (100%)       2048M (100%)   
[61.499s][info][gc,heap     ] GC(79)      Free:     1126M (55%)        1064M (52%)        1422M (69%)        1814M (89%)        1814M (89%)        1064M (52%)    
[61.499s][info][gc,heap     ] GC(79)      Used:      922M (45%)         984M (48%)         626M (31%)         234M (11%)         984M (48%)         234M (11%)    
[61.499s][info][gc,heap     ] GC(79)      Live:         -               135M (7%)          135M (7%)          135M (7%)             -                  -          
[61.499s][info][gc,heap     ] GC(79) Allocated:         -                62M (3%)           62M (3%)           62M (3%)             -                  -          
[61.499s][info][gc,heap     ] GC(79)   Garbage:         -               786M (38%)         428M (21%)          36M (2%)             -                  -          
[61.499s][info][gc,heap     ] GC(79) Reclaimed:         -                  -               358M (17%)         750M (37%)            -                  -          
[61.499s][info][gc          ] GC(79) Garbage Collection (Allocation Rate) 922M(45%)->234M(11%)
[61.499s][info][gc,start    ] GC(80) Garbage Collection (System.gc())
[61.499s][info][gc,task     ] GC(80) Using 2 workers
[61.499s][info][gc,phases   ] GC(80) Pause Mark Start 0.009ms
[61.541s][info][gc,phases   ] GC(80) Concurrent Mark 41.977ms
[61.542s][info][gc,phases   ] GC(80) Pause Mark End 0.028ms
[61.542s][info][gc,phases   ] GC(80) Concurrent Mark Free 0.002ms
[61.554s][info][gc,phases   ] GC(80) Concurrent Process Non-Strong References 12.231ms
[61.554s][info][gc,phases   ] GC(80) Concurrent Reset Relocation Set 0.013ms
[61.555s][info][gc,phases   ] GC(80) Concurrent Select Relocation Set 1.383ms
[61.556s][info][gc,phases   ] GC(80) Pause Relocate Start 0.010ms
[61.557s][info][gc,phases   ] GC(80) Concurrent Relocate 1.630ms
[61.557s][info][gc,load     ] GC(80) Load: 0.00/0.00/0.00
[61.557s][info][gc,mmu      ] GC(80) MMU: 2ms/98.5%, 5ms/99.4%, 10ms/99.6%, 20ms/99.8%, 50ms/99.9%, 100ms/99.9%
[61.557s][info][gc,marking  ] GC(80) Mark: 2 stripe(s), 2 proactive flush(es), 1 terminate flush(es), 0 completion(s), 0 continuation(s) 
[61.557s][info][gc,marking  ] GC(80) Mark Stack Usage: 32M
[61.557s][info][gc,nmethod  ] GC(80) NMethods: 14576 registered, 2249 unregistered
[61.557s][info][gc,metaspace] GC(80) Metaspace: 99M used, 100M committed, 1152M reserved
[61.557s][info][gc,ref      ] GC(80) Soft: 4314 encountered, 0 discovered, 0 enqueued
[61.557s][info][gc,ref      ] GC(80) Weak: 7460 encountered, 126 discovered, 3 enqueued
[61.557s][info][gc,ref      ] GC(80) Final: 1 encountered, 0 discovered, 0 enqueued
[61.557s][info][gc,ref      ] GC(80) Phantom: 775 encountered, 600 discovered, 0 enqueued
[61.557s][info][gc,reloc    ] GC(80) Small Pages: 70 / 140M, Empty: 70M, Relocated: 2M, In-Place: 0
[61.557s][info][gc,reloc    ] GC(80) Medium Pages: 1 / 32M, Empty: 0M, Relocated: 0M, In-Place: 0
[61.557s][info][gc,reloc    ] GC(80) Large Pages: 7 / 62M, Empty: 0M, Relocated: 0M, In-Place: 0
[61.557s][info][gc,reloc    ] GC(80) Forwarding Usage: 1M
[61.557s][info][gc,heap     ] GC(80) Min Capacity: 2048M(100%)
[61.557s][info][gc,heap     ] GC(80) Max Capacity: 2048M(100%)
[61.557s][info][gc,heap     ] GC(80) Soft Max Capacity: 2048M(100%)
[61.557s][info][gc,heap     ] GC(80)                Mark Start          Mark End        Relocate Start      Relocate End           High               Low         
[61.557s][info][gc,heap     ] GC(80)  Capacity:     2048M (100%)       2048M (100%)       2048M (100%)       2048M (100%)       2048M (100%)       2048M (100%)   
[61.557s][info][gc,heap     ] GC(80)      Free:     1814M (89%)        1814M (89%)        1884M (92%)        1904M (93%)        1904M (93%)        1814M (89%)    
[61.558s][info][gc,heap     ] GC(80)      Used:      234M (11%)         234M (11%)         164M (8%)          144M (7%)          234M (11%)         144M (7%)     
[61.558s][info][gc,heap     ] GC(80)      Live:         -               107M (5%)          107M (5%)          107M (5%)             -                  -          
[61.558s][info][gc,heap     ] GC(80) Allocated:         -                 0M (0%)            0M (0%)            0M (0%)             -                  -          
[61.558s][info][gc,heap     ] GC(80)   Garbage:         -               126M (6%)           56M (3%)           36M (2%)             -                  -          
[61.558s][info][gc,heap     ] GC(80) Reclaimed:         -                  -                70M (3%)           90M (4%)             -                  -          
[61.558s][info][gc          ] GC(80) Garbage Collection (System.gc()) 234M(11%)->144M(7%)
[62.099s][info][gc,start    ] GC(81) Garbage Collection (Allocation Rate)
[62.099s][info][gc,task     ] GC(81) Using 1 workers
[62.100s][info][gc,phases   ] GC(81) Pause Mark Start 0.008ms
[62.165s][info][gc,phases   ] GC(81) Concurrent Mark 64.813ms
[62.165s][info][gc,phases   ] GC(81) Pause Mark End 0.013ms
[62.165s][info][gc,phases   ] GC(81) Concurrent Mark Free 0.001ms
[62.191s][info][gc,phases   ] GC(81) Concurrent Process Non-Strong References 26.072ms
[62.191s][info][gc,phases   ] GC(81) Concurrent Reset Relocation Set 0.002ms
[62.193s][info][gc,phases   ] GC(81) Concurrent Select Relocation Set 2.178ms
[62.193s][info][gc,phases   ] GC(81) Pause Relocate Start 0.010ms
[62.197s][info][gc,phases   ] GC(81) Concurrent Relocate 3.858ms
[62.197s][info][gc,load     ] GC(81) Load: 0.00/0.00/0.00
[62.197s][info][gc,mmu      ] GC(81) MMU: 2ms/98.5%, 5ms/99.4%, 10ms/99.6%, 20ms/99.8%, 50ms/99.9%, 100ms/99.9%
[62.197s][info][gc,marking  ] GC(81) Mark: 1 stripe(s), 2 proactive flush(es), 1 terminate flush(es), 0 completion(s), 0 continuation(s) 
[62.197s][info][gc,marking  ] GC(81) Mark Stack Usage: 32M
[62.197s][info][gc,nmethod  ] GC(81) NMethods: 14619 registered, 2249 unregistered
[62.197s][info][gc,metaspace] GC(81) Metaspace: 99M used, 100M committed, 1152M reserved
[62.197s][info][gc,ref      ] GC(81) Soft: 4314 encountered, 0 discovered, 0 enqueued
[62.197s][info][gc,ref      ] GC(81) Weak: 7467 encountered, 6250 discovered, 3 enqueued
[62.197s][info][gc,ref      ] GC(81) Final: 1 encountered, 0 discovered, 0 enqueued
[62.197s][info][gc,ref      ] GC(81) Phantom: 775 encountered, 397 discovered, 0 enqueued
[62.197s][info][gc,reloc    ] GC(81) Small Pages: 470 / 940M, Empty: 642M, Relocated: 3M, In-Place: 0
[62.197s][info][gc,reloc    ] GC(81) Medium Pages: 2 / 64M, Empty: 32M, Relocated: 0M, In-Place: 0
[62.197s][info][gc,reloc    ] GC(81) Large Pages: 7 / 62M, Empty: 0M, Relocated: 0M, In-Place: 0
[62.198s][info][gc,reloc    ] GC(81) Forwarding Usage: 1M
[62.198s][info][gc,heap     ] GC(81) Min Capacity: 2048M(100%)
[62.198s][info][gc,heap     ] GC(81) Max Capacity: 2048M(100%)
[62.198s][info][gc,heap     ] GC(81) Soft Max Capacity: 2048M(100%)
[62.198s][info][gc,heap     ] GC(81)                Mark Start          Mark End        Relocate Start      Relocate End           High               Low         
[62.198s][info][gc,heap     ] GC(81)  Capacity:     2048M (100%)       2048M (100%)       2048M (100%)       2048M (100%)       2048M (100%)       2048M (100%)   
[62.198s][info][gc,heap     ] GC(81)      Free:      982M (48%)         842M (41%)        1458M (71%)        1698M (83%)        1702M (83%)         788M (38%)    
[62.198s][info][gc,heap     ] GC(81)      Used:     1066M (52%)        1206M (59%)         590M (29%)         350M (17%)        1260M (62%)         346M (17%)    
[62.198s][info][gc,heap     ] GC(81)      Live:         -               107M (5%)          107M (5%)          107M (5%)             -                  -          
[62.198s][info][gc,heap     ] GC(81) Allocated:         -               140M (7%)          198M (10%)         205M (10%)            -                  -          
[62.198s][info][gc,heap     ] GC(81)   Garbage:         -               958M (47%)         284M (14%)          36M (2%)             -                  -          
[62.198s][info][gc,heap     ] GC(81) Reclaimed:         -                  -               674M (33%)         921M (45%)            -                  -          
[62.198s][info][gc          ] GC(81) Garbage Collection (Allocation Rate) 1066M(52%)->350M(17%)
[62.608s][info][gc,start    ] GC(82) Garbage Collection (Allocation Rate)
[62.608s][info][gc,task     ] GC(82) Using 1 workers
[62.608s][info][gc,phases   ] GC(82) Pause Mark Start 0.009ms
[62.736s][info][gc,phases   ] GC(82) Concurrent Mark 127.348ms
[62.736s][info][gc,phases   ] GC(82) Pause Mark End 0.017ms
[62.736s][info][gc,phases   ] GC(82) Concurrent Mark Free 0.001ms
[62.762s][info][gc,phases   ] GC(82) Concurrent Process Non-Strong References 26.290ms
[62.762s][info][gc,phases   ] GC(82) Concurrent Reset Relocation Set 0.009ms
[62.768s][info][gc,phases   ] GC(82) Concurrent Select Relocation Set 5.437ms
[62.768s][info][gc,phases   ] GC(82) Pause Relocate Start 0.012ms
[62.807s][info][gc,phases   ] GC(82) Concurrent Relocate 39.236ms
[62.807s][info][gc,load     ] GC(82) Load: 0.00/0.00/0.00
[62.807s][info][gc,mmu      ] GC(82) MMU: 2ms/98.5%, 5ms/99.4%, 10ms/99.6%, 20ms/99.8%, 50ms/99.9%, 100ms/99.9%
[62.807s][info][gc,marking  ] GC(82) Mark: 1 stripe(s), 2 proactive flush(es), 1 terminate flush(es), 0 completion(s), 0 continuation(s) 
[62.807s][info][gc,marking  ] GC(82) Mark Stack Usage: 32M
[62.807s][info][gc,nmethod  ] GC(82) NMethods: 14620 registered, 2249 unregistered
[62.807s][info][gc,metaspace] GC(82) Metaspace: 99M used, 100M committed, 1152M reserved
[62.807s][info][gc,ref      ] GC(82) Soft: 4314 encountered, 0 discovered, 0 enqueued
[62.807s][info][gc,ref      ] GC(82) Weak: 7467 encountered, 6253 discovered, 6 enqueued
[62.807s][info][gc,ref      ] GC(82) Final: 1 encountered, 0 discovered, 0 enqueued
[62.807s][info][gc,ref      ] GC(82) Phantom: 775 encountered, 397 discovered, 0 enqueued
[62.807s][info][gc,reloc    ] GC(82) Small Pages: 589 / 1178M, Empty: 326M, Relocated: 25M, In-Place: 0
[62.808s][info][gc,reloc    ] GC(82) Medium Pages: 2 / 64M, Empty: 0M, Relocated: 4M, In-Place: 0
[62.808s][info][gc,reloc    ] GC(82) Large Pages: 7 / 62M, Empty: 0M, Relocated: 0M, In-Place: 0
[62.808s][info][gc,reloc    ] GC(82) Forwarding Usage: 16M
[62.808s][info][gc,heap     ] GC(82) Min Capacity: 2048M(100%)
[62.808s][info][gc,heap     ] GC(82) Max Capacity: 2048M(100%)
[62.808s][info][gc,heap     ] GC(82) Soft Max Capacity: 2048M(100%)
[62.808s][info][gc,heap     ] GC(82)                Mark Start          Mark End        Relocate Start      Relocate End           High               Low         
[62.808s][info][gc,heap     ] GC(82)  Capacity:     2048M (100%)       2048M (100%)       2048M (100%)       2048M (100%)       2048M (100%)       2048M (100%)   
[62.808s][info][gc,heap     ] GC(82)      Free:      744M (36%)         434M (21%)         676M (33%)        1370M (67%)        1370M (67%)         364M (18%)    
[62.808s][info][gc,heap     ] GC(82)      Used:     1304M (64%)        1614M (79%)        1372M (67%)         678M (33%)        1684M (82%)         678M (33%)    
[62.808s][info][gc,heap     ] GC(82)      Live:         -               135M (7%)          135M (7%)          135M (7%)             -                  -          
[62.808s][info][gc,heap     ] GC(82) Allocated:         -               310M (15%)         394M (19%)         505M (25%)            -                  -          
[62.808s][info][gc,heap     ] GC(82)   Garbage:         -              1168M (57%)         842M (41%)          36M (2%)             -                  -          
[62.808s][info][gc,heap     ] GC(82) Reclaimed:         -                  -               326M (16%)        1131M (55%)            -                  -          
[62.808s][info][gc          ] GC(82) Garbage Collection (Allocation Rate) 1304M(64%)->678M(33%)
[62.894s][info][gc,start    ] GC(83) Garbage Collection (Allocation Rate)
[62.894s][info][gc,task     ] GC(83) Using 1 workers
[62.894s][info][gc,phases   ] GC(83) Pause Mark Start 0.011ms
[63.027s][info][gc,phases   ] GC(83) Concurrent Mark 132.965ms
[63.027s][info][gc,phases   ] GC(83) Pause Mark End 0.013ms
[63.028s][info][gc,phases   ] GC(83) Concurrent Mark Free 0.001ms
[63.053s][info][gc,phases   ] GC(83) Concurrent Process Non-Strong References 25.888ms
[63.054s][info][gc,phases   ] GC(83) Concurrent Reset Relocation Set 0.026ms
[63.057s][info][gc,phases   ] GC(83) Concurrent Select Relocation Set 3.187ms
[63.057s][info][gc,phases   ] GC(83) Pause Relocate Start 0.015ms
[63.062s][info][gc,phases   ] GC(83) Concurrent Relocate 4.906ms
[63.062s][info][gc,load     ] GC(83) Load: 0.00/0.00/0.00
[63.062s][info][gc,mmu      ] GC(83) MMU: 2ms/98.5%, 5ms/99.4%, 10ms/99.6%, 20ms/99.8%, 50ms/99.9%, 100ms/99.9%
[63.062s][info][gc,marking  ] GC(83) Mark: 1 stripe(s), 2 proactive flush(es), 1 terminate flush(es), 0 completion(s), 0 continuation(s) 
[63.062s][info][gc,marking  ] GC(83) Mark Stack Usage: 32M
[63.062s][info][gc,nmethod  ] GC(83) NMethods: 14621 registered, 2249 unregistered
[63.062s][info][gc,metaspace] GC(83) Metaspace: 99M used, 100M committed, 1152M reserved
[63.062s][info][gc,ref      ] GC(83) Soft: 4314 encountered, 0 discovered, 0 enqueued
[63.062s][info][gc,ref      ] GC(83) Weak: 7461 encountered, 6247 discovered, 0 enqueued
[63.062s][info][gc,ref      ] GC(83) Final: 1 encountered, 0 discovered, 0 enqueued
[63.062s][info][gc,ref      ] GC(83) Phantom: 775 encountered, 397 discovered, 0 enqueued
[63.062s][info][gc,reloc    ] GC(83) Small Pages: 380 / 760M, Empty: 250M, Relocated: 3M, In-Place: 0
[63.062s][info][gc,reloc    ] GC(83) Medium Pages: 2 / 64M, Empty: 0M, Relocated: 4M, In-Place: 0
[63.062s][info][gc,reloc    ] GC(83) Large Pages: 7 / 62M, Empty: 0M, Relocated: 0M, In-Place: 0
[63.062s][info][gc,reloc    ] GC(83) Forwarding Usage: 1M
[63.062s][info][gc,heap     ] GC(83) Min Capacity: 2048M(100%)
[63.062s][info][gc,heap     ] GC(83) Max Capacity: 2048M(100%)
[63.062s][info][gc,heap     ] GC(83) Soft Max Capacity: 2048M(100%)
[63.062s][info][gc,heap     ] GC(83)                Mark Start          Mark End        Relocate Start      Relocate End           High               Low         
[63.062s][info][gc,heap     ] GC(83)  Capacity:     2048M (100%)       2048M (100%)       2048M (100%)       2048M (100%)       2048M (100%)       2048M (100%)   
[63.062s][info][gc,heap     ] GC(83)      Free:     1162M (57%)         822M (40%)        1000M (49%)        1424M (70%)        1426M (70%)         758M (37%)    
[63.062s][info][gc,heap     ] GC(83)      Used:      886M (43%)        1226M (60%)        1048M (51%)         624M (30%)        1290M (63%)         622M (30%)    
[63.062s][info][gc,heap     ] GC(83)      Live:         -               135M (7%)          135M (7%)          135M (7%)             -                  -          
[63.062s][info][gc,heap     ] GC(83) Allocated:         -               340M (17%)         412M (20%)         452M (22%)            -                  -          
[63.062s][info][gc,heap     ] GC(83)   Garbage:         -               750M (37%)         500M (24%)          35M (2%)             -                  -          
[63.063s][info][gc,heap     ] GC(83) Reclaimed:         -                  -               250M (12%)         714M (35%)            -                  -          
[63.063s][info][gc          ] GC(83) Garbage Collection (Allocation Rate) 886M(43%)->624M(30%)
[63.106s][info][gc,start    ] GC(84) Garbage Collection (System.gc())
[63.106s][info][gc,task     ] GC(84) Using 2 workers
[63.106s][info][gc,phases   ] GC(84) Pause Mark Start 0.006ms
[63.163s][info][gc,phases   ] GC(84) Concurrent Mark 57.147ms
[63.163s][info][gc,phases   ] GC(84) Pause Mark End 0.022ms
[63.164s][info][gc,phases   ] GC(84) Concurrent Mark Free 0.002ms
[63.177s][info][gc,phases   ] GC(84) Concurrent Process Non-Strong References 13.082ms
[63.177s][info][gc,phases   ] GC(84) Concurrent Reset Relocation Set 0.010ms
[63.178s][info][gc,phases   ] GC(84) Concurrent Select Relocation Set 1.220ms
[63.178s][info][gc,phases   ] GC(84) Pause Relocate Start 0.010ms
[63.179s][info][gc,phases   ] GC(84) Concurrent Relocate 0.757ms
[63.179s][info][gc,load     ] GC(84) Load: 0.00/0.00/0.00
[63.179s][info][gc,mmu      ] GC(84) MMU: 2ms/98.5%, 5ms/99.4%, 10ms/99.6%, 20ms/99.8%, 50ms/99.9%, 100ms/99.9%
[63.179s][info][gc,marking  ] GC(84) Mark: 2 stripe(s), 2 proactive flush(es), 1 terminate flush(es), 0 completion(s), 0 continuation(s) 
[63.179s][info][gc,marking  ] GC(84) Mark Stack Usage: 32M
[63.179s][info][gc,nmethod  ] GC(84) NMethods: 14623 registered, 2249 unregistered
[63.179s][info][gc,metaspace] GC(84) Metaspace: 99M used, 100M committed, 1152M reserved
[63.179s][info][gc,ref      ] GC(84) Soft: 4314 encountered, 0 discovered, 0 enqueued
[63.179s][info][gc,ref      ] GC(84) Weak: 7460 encountered, 315 discovered, 3 enqueued
[63.179s][info][gc,ref      ] GC(84) Final: 1 encountered, 1 discovered, 0 enqueued
[63.179s][info][gc,ref      ] GC(84) Phantom: 775 encountered, 610 discovered, 0 enqueued
[63.179s][info][gc,reloc    ] GC(84) Small Pages: 287 / 574M, Empty: 500M, Relocated: 1M, In-Place: 0
[63.179s][info][gc,reloc    ] GC(84) Medium Pages: 2 / 64M, Empty: 32M, Relocated: 0M, In-Place: 0
[63.179s][info][gc,reloc    ] GC(84) Large Pages: 7 / 62M, Empty: 0M, Relocated: 0M, In-Place: 0
[63.179s][info][gc,reloc    ] GC(84) Forwarding Usage: 0M
[63.179s][info][gc,heap     ] GC(84) Min Capacity: 2048M(100%)
[63.179s][info][gc,heap     ] GC(84) Max Capacity: 2048M(100%)
[63.179s][info][gc,heap     ] GC(84) Soft Max Capacity: 2048M(100%)
[63.179s][info][gc,heap     ] GC(84)                Mark Start          Mark End        Relocate Start      Relocate End           High               Low         
[63.179s][info][gc,heap     ] GC(84)  Capacity:     2048M (100%)       2048M (100%)       2048M (100%)       2048M (100%)       2048M (100%)       2048M (100%)   
[63.179s][info][gc,heap     ] GC(84)      Free:     1348M (66%)        1348M (66%)        1880M (92%)        1902M (93%)        1902M (93%)        1348M (66%)    
[63.179s][info][gc,heap     ] GC(84)      Used:      700M (34%)         700M (34%)         168M (8%)          146M (7%)          700M (34%)         146M (7%)     
[63.179s][info][gc,heap     ] GC(84)      Live:         -               107M (5%)          107M (5%)          107M (5%)             -                  -          
[63.179s][info][gc,heap     ] GC(84) Allocated:         -                 0M (0%)            0M (0%)            0M (0%)             -                  -          
[63.179s][info][gc,heap     ] GC(84)   Garbage:         -               592M (29%)          60M (3%)           38M (2%)             -                  -          
[63.179s][info][gc,heap     ] GC(84) Reclaimed:         -                  -               532M (26%)         554M (27%)            -                  -          
[63.179s][info][gc          ] GC(84) Garbage Collection (System.gc()) 700M(34%)->146M(7%)
[63.805s][info][gc,start    ] GC(85) Garbage Collection (Allocation Rate)
[63.805s][info][gc,task     ] GC(85) Using 1 workers
[63.805s][info][gc,phases   ] GC(85) Pause Mark Start 0.009ms
[63.872s][info][gc,phases   ] GC(85) Concurrent Mark 66.230ms
[63.872s][info][gc,phases   ] GC(85) Pause Mark End 0.011ms
[63.872s][info][gc,phases   ] GC(85) Concurrent Mark Free 0.001ms
[63.898s][info][gc,phases   ] GC(85) Concurrent Process Non-Strong References 25.832ms
[63.898s][info][gc,phases   ] GC(85) Concurrent Reset Relocation Set 0.002ms
[63.900s][info][gc,phases   ] GC(85) Concurrent Select Relocation Set 1.962ms
[63.900s][info][gc,phases   ] GC(85) Pause Relocate Start 0.009ms
[63.904s][info][gc,phases   ] GC(85) Concurrent Relocate 4.024ms
[63.904s][info][gc,load     ] GC(85) Load: 0.00/0.00/0.00
[63.904s][info][gc,mmu      ] GC(85) MMU: 2ms/98.5%, 5ms/99.4%, 10ms/99.6%, 20ms/99.8%, 50ms/99.9%, 100ms/99.9%
[63.904s][info][gc,marking  ] GC(85) Mark: 1 stripe(s), 2 proactive flush(es), 1 terminate flush(es), 0 completion(s), 0 continuation(s) 
[63.904s][info][gc,marking  ] GC(85) Mark Stack Usage: 32M
[63.904s][info][gc,nmethod  ] GC(85) NMethods: 14655 registered, 2249 unregistered
[63.904s][info][gc,metaspace] GC(85) Metaspace: 99M used, 100M committed, 1152M reserved
[63.904s][info][gc,ref      ] GC(85) Soft: 4314 encountered, 0 discovered, 0 enqueued
[63.904s][info][gc,ref      ] GC(85) Weak: 7467 encountered, 6253 discovered, 1 enqueued
[63.904s][info][gc,ref      ] GC(85) Final: 1 encountered, 0 discovered, 0 enqueued
[63.904s][info][gc,ref      ] GC(85) Phantom: 775 encountered, 397 discovered, 0 enqueued
[63.904s][info][gc,reloc    ] GC(85) Small Pages: 563 / 1126M, Empty: 640M, Relocated: 1M, In-Place: 0
[63.904s][info][gc,reloc    ] GC(85) Medium Pages: 2 / 64M, Empty: 32M, Relocated: 0M, In-Place: 0
[63.904s][info][gc,reloc    ] GC(85) Large Pages: 7 / 62M, Empty: 0M, Relocated: 0M, In-Place: 0
[63.904s][info][gc,reloc    ] GC(85) Forwarding Usage: 0M
[63.905s][info][gc,heap     ] GC(85) Min Capacity: 2048M(100%)
[63.905s][info][gc,heap     ] GC(85) Max Capacity: 2048M(100%)
[63.905s][info][gc,heap     ] GC(85) Soft Max Capacity: 2048M(100%)
[63.905s][info][gc,heap     ] GC(85)                Mark Start          Mark End        Relocate Start      Relocate End           High               Low         
[63.905s][info][gc,heap     ] GC(85)  Capacity:     2048M (100%)       2048M (100%)       2048M (100%)       2048M (100%)       2048M (100%)       2048M (100%)   
[63.905s][info][gc,heap     ] GC(85)      Free:      796M (39%)         658M (32%)        1270M (62%)        1696M (83%)        1698M (83%)         602M (29%)    
[63.905s][info][gc,heap     ] GC(85)      Used:     1252M (61%)        1390M (68%)         778M (38%)         352M (17%)        1446M (71%)         350M (17%)    
[63.905s][info][gc,heap     ] GC(85)      Live:         -               108M (5%)          108M (5%)          108M (5%)             -                  -          
[63.905s][info][gc,heap     ] GC(85) Allocated:         -               138M (7%)          198M (10%)         205M (10%)            -                  -          
[63.905s][info][gc,heap     ] GC(85)   Garbage:         -              1143M (56%)         471M (23%)          37M (2%)             -                  -          
[63.905s][info][gc,heap     ] GC(85) Reclaimed:         -                  -               672M (33%)        1105M (54%)            -                  -          
[63.905s][info][gc          ] GC(85) Garbage Collection (Allocation Rate) 1252M(61%)->352M(17%)
[64.300s][info][gc,start    ] GC(86) Garbage Collection (Allocation Rate)
[64.300s][info][gc,task     ] GC(86) Using 1 workers
[64.300s][info][gc,phases   ] GC(86) Pause Mark Start 0.012ms
[64.426s][info][gc,phases   ] GC(86) Concurrent Mark 125.969ms
[64.427s][info][gc,phases   ] GC(86) Pause Mark End 0.013ms
[64.427s][info][gc,phases   ] GC(86) Concurrent Mark Free 0.001ms
[64.453s][info][gc,phases   ] GC(86) Concurrent Process Non-Strong References 25.785ms
[64.453s][info][gc,phases   ] GC(86) Concurrent Reset Relocation Set 0.015ms
[64.458s][info][gc,phases   ] GC(86) Concurrent Select Relocation Set 4.971ms
[64.458s][info][gc,phases   ] GC(86) Pause Relocate Start 0.008ms
[64.497s][info][gc,phases   ] GC(86) Concurrent Relocate 39.480ms
[64.498s][info][gc,load     ] GC(86) Load: 0.00/0.00/0.00
[64.498s][info][gc,mmu      ] GC(86) MMU: 2ms/98.5%, 5ms/99.4%, 10ms/99.6%, 20ms/99.8%, 50ms/99.9%, 100ms/99.9%
[64.498s][info][gc,marking  ] GC(86) Mark: 1 stripe(s), 2 proactive flush(es), 1 terminate flush(es), 0 completion(s), 0 continuation(s) 
[64.498s][info][gc,marking  ] GC(86) Mark Stack Usage: 32M
[64.498s][info][gc,nmethod  ] GC(86) NMethods: 14655 registered, 2249 unregistered
[64.498s][info][gc,metaspace] GC(86) Metaspace: 99M used, 100M committed, 1152M reserved
[64.498s][info][gc,ref      ] GC(86) Soft: 4314 encountered, 0 discovered, 0 enqueued
[64.498s][info][gc,ref      ] GC(86) Weak: 7467 encountered, 6253 discovered, 6 enqueued
[64.498s][info][gc,ref      ] GC(86) Final: 1 encountered, 0 discovered, 0 enqueued
[64.498s][info][gc,ref      ] GC(86) Phantom: 775 encountered, 397 discovered, 0 enqueued
[64.498s][info][gc,reloc    ] GC(86) Small Pages: 584 / 1168M, Empty: 216M, Relocated: 26M, In-Place: 0
[64.498s][info][gc,reloc    ] GC(86) Medium Pages: 2 / 64M, Empty: 0M, Relocated: 4M, In-Place: 0
[64.498s][info][gc,reloc    ] GC(86) Large Pages: 7 / 62M, Empty: 0M, Relocated: 0M, In-Place: 0
[64.498s][info][gc,reloc    ] GC(86) Forwarding Usage: 16M
[64.498s][info][gc,heap     ] GC(86) Min Capacity: 2048M(100%)
[64.498s][info][gc,heap     ] GC(86) Max Capacity: 2048M(100%)
[64.498s][info][gc,heap     ] GC(86) Soft Max Capacity: 2048M(100%)
[64.498s][info][gc,heap     ] GC(86)                Mark Start          Mark End        Relocate Start      Relocate End           High               Low         
[64.498s][info][gc,heap     ] GC(86)  Capacity:     2048M (100%)       2048M (100%)       2048M (100%)       2048M (100%)       2048M (100%)       2048M (100%)   
[64.498s][info][gc,heap     ] GC(86)      Free:      754M (37%)         442M (22%)         588M (29%)        1384M (68%)        1384M (68%)         382M (19%)    
[64.498s][info][gc,heap     ] GC(86)      Used:     1294M (63%)        1606M (78%)        1460M (71%)         664M (32%)        1666M (81%)         664M (32%)    
[64.498s][info][gc,heap     ] GC(86)      Live:         -               135M (7%)          135M (7%)          135M (7%)             -                  -          
[64.498s][info][gc,heap     ] GC(86) Allocated:         -               312M (15%)         382M (19%)         491M (24%)            -                  -          
[64.498s][info][gc,heap     ] GC(86)   Garbage:         -              1158M (57%)         942M (46%)          37M (2%)             -                  -          
[64.498s][info][gc,heap     ] GC(86) Reclaimed:         -                  -               216M (11%)        1121M (55%)            -                  -          
[64.498s][info][gc          ] GC(86) Garbage Collection (Allocation Rate) 1294M(63%)->664M(32%)
[64.600s][info][gc,start    ] GC(87) Garbage Collection (Allocation Rate)
[64.600s][info][gc,task     ] GC(87) Using 1 workers
[64.600s][info][gc,phases   ] GC(87) Pause Mark Start 0.010ms
[64.733s][info][gc,phases   ] GC(87) Concurrent Mark 132.708ms
[64.733s][info][gc,phases   ] GC(87) Pause Mark End 0.017ms
[64.733s][info][gc,phases   ] GC(87) Concurrent Mark Free 0.002ms
[64.757s][info][gc,phases   ] GC(87) Concurrent Process Non-Strong References 23.444ms
[64.757s][info][gc,phases   ] GC(87) Concurrent Reset Relocation Set 0.022ms
[64.759s][info][gc,phases   ] GC(87) Concurrent Select Relocation Set 2.508ms
[64.759s][info][gc,phases   ] GC(87) Pause Relocate Start 0.011ms
[64.766s][info][gc,phases   ] GC(87) Concurrent Relocate 5.989ms
[64.766s][info][gc,load     ] GC(87) Load: 0.00/0.00/0.00
[64.766s][info][gc,mmu      ] GC(87) MMU: 2ms/98.5%, 5ms/99.4%, 10ms/99.6%, 20ms/99.8%, 50ms/99.9%, 100ms/99.9%
[64.766s][info][gc,marking  ] GC(87) Mark: 1 stripe(s), 2 proactive flush(es), 1 terminate flush(es), 0 completion(s), 0 continuation(s) 
[64.766s][info][gc,marking  ] GC(87) Mark Stack Usage: 32M
[64.766s][info][gc,nmethod  ] GC(87) NMethods: 14658 registered, 2249 unregistered
[64.766s][info][gc,metaspace] GC(87) Metaspace: 99M used, 100M committed, 1152M reserved
[64.766s][info][gc,ref      ] GC(87) Soft: 4314 encountered, 0 discovered, 0 enqueued
[64.766s][info][gc,ref      ] GC(87) Weak: 7459 encountered, 6248 discovered, 0 enqueued
[64.766s][info][gc,ref      ] GC(87) Final: 1 encountered, 0 discovered, 0 enqueued
[64.766s][info][gc,ref      ] GC(87) Phantom: 775 encountered, 397 discovered, 0 enqueued
[64.766s][info][gc,reloc    ] GC(87) Small Pages: 399 / 798M, Empty: 306M, Relocated: 4M, In-Place: 0
[64.766s][info][gc,reloc    ] GC(87) Medium Pages: 2 / 64M, Empty: 0M, Relocated: 4M, In-Place: 0
[64.766s][info][gc,reloc    ] GC(87) Large Pages: 7 / 62M, Empty: 0M, Relocated: 0M, In-Place: 0
[64.766s][info][gc,reloc    ] GC(87) Forwarding Usage: 2M
[64.766s][info][gc,heap     ] GC(87) Min Capacity: 2048M(100%)
[64.766s][info][gc,heap     ] GC(87) Max Capacity: 2048M(100%)
[64.766s][info][gc,heap     ] GC(87) Soft Max Capacity: 2048M(100%)
[64.766s][info][gc,heap     ] GC(87)                Mark Start          Mark End        Relocate Start      Relocate End           High               Low         
[64.766s][info][gc,heap     ] GC(87)  Capacity:     2048M (100%)       2048M (100%)       2048M (100%)       2048M (100%)       2048M (100%)       2048M (100%)   
[64.766s][info][gc,heap     ] GC(87)      Free:     1124M (55%)         836M (41%)        1136M (55%)        1584M (77%)        1584M (77%)         832M (41%)    
[64.766s][info][gc,heap     ] GC(87)      Used:      924M (45%)        1212M (59%)         912M (45%)         464M (23%)        1216M (59%)         464M (23%)    
[64.766s][info][gc,heap     ] GC(87)      Live:         -               135M (7%)          135M (7%)          135M (7%)             -                  -          
[64.766s][info][gc,heap     ] GC(87) Allocated:         -               288M (14%)         294M (14%)         294M (14%)            -                  -          
[64.766s][info][gc,heap     ] GC(87)   Garbage:         -               788M (38%)         482M (24%)          34M (2%)             -                  -          
[64.766s][info][gc,heap     ] GC(87) Reclaimed:         -                  -               306M (15%)         754M (37%)            -                  -          
[64.766s][info][gc          ] GC(87) Garbage Collection (Allocation Rate) 924M(45%)->464M(23%)
[64.766s][info][gc,start    ] GC(88) Garbage Collection (System.gc())
[64.766s][info][gc,task     ] GC(88) Using 2 workers
[64.766s][info][gc,phases   ] GC(88) Pause Mark Start 0.009ms
[64.806s][info][gc,phases   ] GC(88) Concurrent Mark 39.554ms
[64.806s][info][gc,phases   ] GC(88) Pause Mark End 0.019ms
[64.806s][info][gc,phases   ] GC(88) Concurrent Mark Free 0.001ms
[64.819s][info][gc,phases   ] GC(88) Concurrent Process Non-Strong References 12.943ms
[64.819s][info][gc,phases   ] GC(88) Concurrent Reset Relocation Set 0.011ms
[64.821s][info][gc,phases   ] GC(88) Concurrent Select Relocation Set 1.392ms
[64.821s][info][gc,phases   ] GC(88) Pause Relocate Start 0.010ms
[64.821s][info][gc,phases   ] GC(88) Concurrent Relocate 0.635ms
[64.822s][info][gc,load     ] GC(88) Load: 0.00/0.00/0.00
[64.822s][info][gc,mmu      ] GC(88) MMU: 2ms/98.5%, 5ms/99.4%, 10ms/99.6%, 20ms/99.8%, 50ms/99.9%, 100ms/99.9%
[64.822s][info][gc,marking  ] GC(88) Mark: 2 stripe(s), 2 proactive flush(es), 1 terminate flush(es), 0 completion(s), 0 continuation(s) 
[64.822s][info][gc,marking  ] GC(88) Mark Stack Usage: 32M
[64.822s][info][gc,nmethod  ] GC(88) NMethods: 14658 registered, 2249 unregistered
[64.822s][info][gc,metaspace] GC(88) Metaspace: 99M used, 100M committed, 1152M reserved
[64.822s][info][gc,ref      ] GC(88) Soft: 4314 encountered, 0 discovered, 0 enqueued
[64.822s][info][gc,ref      ] GC(88) Weak: 7460 encountered, 104 discovered, 3 enqueued
[64.822s][info][gc,ref      ] GC(88) Final: 1 encountered, 0 discovered, 0 enqueued
[64.822s][info][gc,ref      ] GC(88) Phantom: 775 encountered, 607 discovered, 0 enqueued
[64.822s][info][gc,reloc    ] GC(88) Small Pages: 185 / 370M, Empty: 302M, Relocated: 1M, In-Place: 0
[64.822s][info][gc,reloc    ] GC(88) Medium Pages: 1 / 32M, Empty: 0M, Relocated: 0M, In-Place: 0
[64.822s][info][gc,reloc    ] GC(88) Large Pages: 7 / 62M, Empty: 0M, Relocated: 0M, In-Place: 0
[64.822s][info][gc,reloc    ] GC(88) Forwarding Usage: 0M
[64.822s][info][gc,heap     ] GC(88) Min Capacity: 2048M(100%)
[64.822s][info][gc,heap     ] GC(88) Max Capacity: 2048M(100%)
[64.822s][info][gc,heap     ] GC(88) Soft Max Capacity: 2048M(100%)
[64.822s][info][gc,heap     ] GC(88)                Mark Start          Mark End        Relocate Start      Relocate End           High               Low         
[64.822s][info][gc,heap     ] GC(88)  Capacity:     2048M (100%)       2048M (100%)       2048M (100%)       2048M (100%)       2048M (100%)       2048M (100%)   
[64.822s][info][gc,heap     ] GC(88)      Free:     1584M (77%)        1584M (77%)        1886M (92%)        1902M (93%)        1902M (93%)        1584M (77%)    
[64.822s][info][gc,heap     ] GC(88)      Used:      464M (23%)         464M (23%)         162M (8%)          146M (7%)          464M (23%)         146M (7%)     
[64.822s][info][gc,heap     ] GC(88)      Live:         -               107M (5%)          107M (5%)          107M (5%)             -                  -          
[64.822s][info][gc,heap     ] GC(88) Allocated:         -                 0M (0%)            0M (0%)            0M (0%)             -                  -          
[64.822s][info][gc,heap     ] GC(88)   Garbage:         -               356M (17%)          54M (3%)           38M (2%)             -                  -          
[64.822s][info][gc,heap     ] GC(88) Reclaimed:         -                  -               302M (15%)         318M (16%)            -                  -          
[64.822s][info][gc          ] GC(88) Garbage Collection (System.gc()) 464M(23%)->146M(7%)
[65.395s][info][gc,start    ] GC(89) Garbage Collection (Allocation Rate)
[65.396s][info][gc,task     ] GC(89) Using 1 workers
[65.396s][info][gc,phases   ] GC(89) Pause Mark Start 0.009ms
[65.460s][info][gc,phases   ] GC(89) Concurrent Mark 64.007ms
[65.460s][info][gc,phases   ] GC(89) Pause Mark End 0.011ms
[65.460s][info][gc,phases   ] GC(89) Concurrent Mark Free 0.001ms
[65.486s][info][gc,phases   ] GC(89) Concurrent Process Non-Strong References 25.995ms
[65.486s][info][gc,phases   ] GC(89) Concurrent Reset Relocation Set 0.002ms
[65.488s][info][gc,phases   ] GC(89) Concurrent Select Relocation Set 1.936ms
[65.488s][info][gc,phases   ] GC(89) Pause Relocate Start 0.007ms
[65.492s][info][gc,phases   ] GC(89) Concurrent Relocate 3.330ms
[65.492s][info][gc,load     ] GC(89) Load: 0.00/0.00/0.00
[65.492s][info][gc,mmu      ] GC(89) MMU: 2ms/98.5%, 5ms/99.4%, 10ms/99.6%, 20ms/99.8%, 50ms/99.9%, 100ms/99.9%
[65.492s][info][gc,marking  ] GC(89) Mark: 1 stripe(s), 2 proactive flush(es), 1 terminate flush(es), 0 completion(s), 0 continuation(s) 
[65.492s][info][gc,marking  ] GC(89) Mark Stack Usage: 32M
[65.492s][info][gc,nmethod  ] GC(89) NMethods: 14724 registered, 2249 unregistered
[65.492s][info][gc,metaspace] GC(89) Metaspace: 99M used, 100M committed, 1152M reserved
[65.492s][info][gc,ref      ] GC(89) Soft: 4314 encountered, 0 discovered, 0 enqueued
[65.492s][info][gc,ref      ] GC(89) Weak: 7467 encountered, 6250 discovered, 3 enqueued
[65.492s][info][gc,ref      ] GC(89) Final: 1 encountered, 0 discovered, 0 enqueued
[65.492s][info][gc,ref      ] GC(89) Phantom: 775 encountered, 397 discovered, 0 enqueued
[65.492s][info][gc,reloc    ] GC(89) Small Pages: 507 / 1014M, Empty: 638M, Relocated: 1M, In-Place: 0
[65.492s][info][gc,reloc    ] GC(89) Medium Pages: 2 / 64M, Empty: 32M, Relocated: 0M, In-Place: 0
[65.492s][info][gc,reloc    ] GC(89) Large Pages: 7 / 62M, Empty: 0M, Relocated: 0M, In-Place: 0
[65.492s][info][gc,reloc    ] GC(89) Forwarding Usage: 0M
[65.492s][info][gc,heap     ] GC(89) Min Capacity: 2048M(100%)
[65.492s][info][gc,heap     ] GC(89) Max Capacity: 2048M(100%)
[65.492s][info][gc,heap     ] GC(89) Soft Max Capacity: 2048M(100%)
[65.492s][info][gc,heap     ] GC(89)                Mark Start          Mark End        Relocate Start      Relocate End           High               Low         
[65.492s][info][gc,heap     ] GC(89)  Capacity:     2048M (100%)       2048M (100%)       2048M (100%)       2048M (100%)       2048M (100%)       2048M (100%)   
[65.492s][info][gc,heap     ] GC(89)      Free:      908M (44%)         772M (38%)        1384M (68%)        1704M (83%)        1704M (83%)         718M (35%)    
[65.492s][info][gc,heap     ] GC(89)      Used:     1140M (56%)        1276M (62%)         664M (32%)         344M (17%)        1330M (65%)         344M (17%)    
[65.492s][info][gc,heap     ] GC(89)      Live:         -               108M (5%)          108M (5%)          108M (5%)             -                  -          
[65.492s][info][gc,heap     ] GC(89) Allocated:         -               136M (7%)          194M (9%)          199M (10%)            -                  -          
[65.492s][info][gc,heap     ] GC(89)   Garbage:         -              1031M (50%)         361M (18%)          35M (2%)             -                  -          
[65.492s][info][gc,heap     ] GC(89) Reclaimed:         -                  -               670M (33%)         995M (49%)            -                  -          
[65.492s][info][gc          ] GC(89) Garbage Collection (Allocation Rate) 1140M(56%)->344M(17%)
[66.093s][info][gc,start    ] GC(90) Garbage Collection (Allocation Rate)
[66.093s][info][gc,task     ] GC(90) Using 1 workers
[66.094s][info][gc,phases   ] GC(90) Pause Mark Start 0.007ms
[66.236s][info][gc,phases   ] GC(90) Concurrent Mark 142.338ms
[66.236s][info][gc,phases   ] GC(90) Pause Mark End 0.015ms
[66.236s][info][gc,phases   ] GC(90) Concurrent Mark Free 0.001ms
[66.264s][info][gc,phases   ] GC(90) Concurrent Process Non-Strong References 28.009ms
[66.264s][info][gc,phases   ] GC(90) Concurrent Reset Relocation Set 0.009ms
[66.270s][info][gc,phases   ] GC(90) Concurrent Select Relocation Set 5.672ms
[66.270s][info][gc,phases   ] GC(90) Pause Relocate Start 0.018ms
[66.317s][info][gc,phases   ] GC(90) Concurrent Relocate 46.367ms
[66.317s][info][gc,load     ] GC(90) Load: 0.00/0.00/0.00
[66.317s][info][gc,mmu      ] GC(90) MMU: 2ms/98.5%, 5ms/99.4%, 10ms/99.6%, 20ms/99.8%, 50ms/99.9%, 100ms/99.9%
[66.317s][info][gc,marking  ] GC(90) Mark: 1 stripe(s), 2 proactive flush(es), 1 terminate flush(es), 0 completion(s), 0 continuation(s) 
[66.317s][info][gc,marking  ] GC(90) Mark Stack Usage: 32M
[66.317s][info][gc,nmethod  ] GC(90) NMethods: 14731 registered, 2249 unregistered
[66.317s][info][gc,metaspace] GC(90) Metaspace: 99M used, 100M committed, 1152M reserved
[66.317s][info][gc,ref      ] GC(90) Soft: 4314 encountered, 0 discovered, 0 enqueued
[66.317s][info][gc,ref      ] GC(90) Weak: 7467 encountered, 6253 discovered, 6 enqueued
[66.317s][info][gc,ref      ] GC(90) Final: 1 encountered, 0 discovered, 0 enqueued
[66.317s][info][gc,ref      ] GC(90) Phantom: 775 encountered, 397 discovered, 0 enqueued
[66.317s][info][gc,reloc    ] GC(90) Small Pages: 730 / 1460M, Empty: 400M, Relocated: 26M, In-Place: 0
[66.317s][info][gc,reloc    ] GC(90) Medium Pages: 2 / 64M, Empty: 0M, Relocated: 4M, In-Place: 0
[66.317s][info][gc,reloc    ] GC(90) Large Pages: 7 / 62M, Empty: 0M, Relocated: 0M, In-Place: 0
[66.317s][info][gc,reloc    ] GC(90) Forwarding Usage: 16M
[66.317s][info][gc,heap     ] GC(90) Min Capacity: 2048M(100%)
[66.317s][info][gc,heap     ] GC(90) Max Capacity: 2048M(100%)
[66.317s][info][gc,heap     ] GC(90) Soft Max Capacity: 2048M(100%)
[66.317s][info][gc,heap     ] GC(90)                Mark Start          Mark End        Relocate Start      Relocate End           High               Low         
[66.317s][info][gc,heap     ] GC(90)  Capacity:     2048M (100%)       2048M (100%)       2048M (100%)       2048M (100%)       2048M (100%)       2048M (100%)   
[66.317s][info][gc,heap     ] GC(90)      Free:      462M (23%)         158M (8%)          482M (24%)        1372M (67%)        1372M (67%)          94M (5%)     
[66.317s][info][gc,heap     ] GC(90)      Used:     1586M (77%)        1890M (92%)        1566M (76%)         676M (33%)        1954M (95%)         676M (33%)    
[66.317s][info][gc,heap     ] GC(90)      Live:         -               135M (7%)          135M (7%)          135M (7%)             -                  -          
[66.317s][info][gc,heap     ] GC(90) Allocated:         -               304M (15%)         380M (19%)         505M (25%)            -                  -          
[66.317s][info][gc,heap     ] GC(90)   Garbage:         -              1450M (71%)        1050M (51%)          35M (2%)             -                  -          
[66.317s][info][gc,heap     ] GC(90) Reclaimed:         -                  -               400M (20%)        1415M (69%)            -                  -          
[66.317s][info][gc          ] GC(90) Garbage Collection (Allocation Rate) 1586M(77%)->676M(33%)
[66.394s][info][gc,start    ] GC(91) Garbage Collection (Allocation Rate)
[66.394s][info][gc,task     ] GC(91) Using 1 workers
[66.394s][info][gc,phases   ] GC(91) Pause Mark Start 0.005ms
[66.531s][info][gc,phases   ] GC(91) Concurrent Mark 136.427ms
[66.531s][info][gc,phases   ] GC(91) Pause Mark End 0.016ms
[66.531s][info][gc,phases   ] GC(91) Concurrent Mark Free 0.002ms
[66.556s][info][gc,phases   ] GC(91) Concurrent Process Non-Strong References 24.744ms
[66.556s][info][gc,phases   ] GC(91) Concurrent Reset Relocation Set 0.033ms
[66.560s][info][gc,phases   ] GC(91) Concurrent Select Relocation Set 4.177ms
[66.560s][info][gc,phases   ] GC(91) Pause Relocate Start 0.015ms
[66.564s][info][gc,phases   ] GC(91) Concurrent Relocate 3.860ms
[66.564s][info][gc,load     ] GC(91) Load: 0.00/0.00/0.00
[66.564s][info][gc,mmu      ] GC(91) MMU: 2ms/98.5%, 5ms/99.4%, 10ms/99.6%, 20ms/99.8%, 50ms/99.9%, 100ms/99.9%
[66.564s][info][gc,marking  ] GC(91) Mark: 1 stripe(s), 2 proactive flush(es), 1 terminate flush(es), 0 completion(s), 0 continuation(s) 
[66.564s][info][gc,marking  ] GC(91) Mark Stack Usage: 32M
[66.564s][info][gc,nmethod  ] GC(91) NMethods: 14733 registered, 2249 unregistered
[66.564s][info][gc,metaspace] GC(91) Metaspace: 99M used, 100M committed, 1152M reserved
[66.564s][info][gc,ref      ] GC(91) Soft: 4314 encountered, 0 discovered, 0 enqueued
[66.564s][info][gc,ref      ] GC(91) Weak: 7458 encountered, 6248 discovered, 0 enqueued
[66.564s][info][gc,ref      ] GC(91) Final: 1 encountered, 0 discovered, 0 enqueued
[66.564s][info][gc,ref      ] GC(91) Phantom: 775 encountered, 397 discovered, 0 enqueued
[66.564s][info][gc,reloc    ] GC(91) Small Pages: 366 / 732M, Empty: 310M, Relocated: 2M, In-Place: 0
[66.564s][info][gc,reloc    ] GC(91) Medium Pages: 2 / 64M, Empty: 0M, Relocated: 4M, In-Place: 0
[66.564s][info][gc,reloc    ] GC(91) Large Pages: 7 / 62M, Empty: 0M, Relocated: 0M, In-Place: 0
[66.564s][info][gc,reloc    ] GC(91) Forwarding Usage: 1M
[66.564s][info][gc,heap     ] GC(91) Min Capacity: 2048M(100%)
[66.564s][info][gc,heap     ] GC(91) Max Capacity: 2048M(100%)
[66.564s][info][gc,heap     ] GC(91) Soft Max Capacity: 2048M(100%)
[66.564s][info][gc,heap     ] GC(91)                Mark Start          Mark End        Relocate Start      Relocate End           High               Low         
[66.564s][info][gc,heap     ] GC(91)  Capacity:     2048M (100%)       2048M (100%)       2048M (100%)       2048M (100%)       2048M (100%)       2048M (100%)   
[66.564s][info][gc,heap     ] GC(91)      Free:     1190M (58%)        1024M (50%)        1334M (65%)        1710M (83%)        1710M (83%)        1024M (50%)    
[66.564s][info][gc,heap     ] GC(91)      Used:      858M (42%)        1024M (50%)         714M (35%)         338M (17%)        1024M (50%)         338M (17%)    
[66.564s][info][gc,heap     ] GC(91)      Live:         -               135M (7%)          135M (7%)          135M (7%)             -                  -          
[66.564s][info][gc,heap     ] GC(91) Allocated:         -               166M (8%)          166M (8%)          166M (8%)             -                  -          
[66.564s][info][gc,heap     ] GC(91)   Garbage:         -               722M (35%)         412M (20%)          36M (2%)             -                  -          
[66.564s][info][gc,heap     ] GC(91) Reclaimed:         -                  -               310M (15%)         686M (33%)            -                  -          
[66.564s][info][gc          ] GC(91) Garbage Collection (Allocation Rate) 858M(42%)->338M(17%)
[66.564s][info][gc,start    ] GC(92) Garbage Collection (System.gc())
[66.564s][info][gc,task     ] GC(92) Using 2 workers
[66.564s][info][gc,phases   ] GC(92) Pause Mark Start 0.005ms
[66.615s][info][gc,phases   ] GC(92) Concurrent Mark 50.481ms
[66.615s][info][gc,phases   ] GC(92) Pause Mark End 0.012ms
[66.615s][info][gc,phases   ] GC(92) Concurrent Mark Free 0.001ms
[66.628s][info][gc,phases   ] GC(92) Concurrent Process Non-Strong References 12.334ms
[66.628s][info][gc,phases   ] GC(92) Concurrent Reset Relocation Set 0.010ms
[66.629s][info][gc,phases   ] GC(92) Concurrent Select Relocation Set 1.315ms
[66.629s][info][gc,phases   ] GC(92) Pause Relocate Start 0.008ms
[66.631s][info][gc,phases   ] GC(92) Concurrent Relocate 1.447ms
[66.631s][info][gc,load     ] GC(92) Load: 0.00/0.00/0.00
[66.631s][info][gc,mmu      ] GC(92) MMU: 2ms/98.5%, 5ms/99.4%, 10ms/99.6%, 20ms/99.8%, 50ms/99.9%, 100ms/99.9%
[66.631s][info][gc,marking  ] GC(92) Mark: 2 stripe(s), 2 proactive flush(es), 1 terminate flush(es), 0 completion(s), 0 continuation(s) 
[66.631s][info][gc,marking  ] GC(92) Mark Stack Usage: 32M
[66.631s][info][gc,nmethod  ] GC(92) NMethods: 14736 registered, 2249 unregistered
[66.631s][info][gc,metaspace] GC(92) Metaspace: 99M used, 100M committed, 1152M reserved
[66.631s][info][gc,ref      ] GC(92) Soft: 4314 encountered, 0 discovered, 0 enqueued
[66.631s][info][gc,ref      ] GC(92) Weak: 7460 encountered, 6079 discovered, 3 enqueued
[66.631s][info][gc,ref      ] GC(92) Final: 1 encountered, 1 discovered, 0 enqueued
[66.631s][info][gc,ref      ] GC(92) Phantom: 775 encountered, 533 discovered, 0 enqueued
[66.631s][info][gc,reloc    ] GC(92) Small Pages: 122 / 244M, Empty: 176M, Relocated: 1M, In-Place: 0
[66.631s][info][gc,reloc    ] GC(92) Medium Pages: 1 / 32M, Empty: 0M, Relocated: 0M, In-Place: 0
[66.631s][info][gc,reloc    ] GC(92) Large Pages: 7 / 62M, Empty: 0M, Relocated: 0M, In-Place: 0
[66.631s][info][gc,reloc    ] GC(92) Forwarding Usage: 0M
[66.631s][info][gc,heap     ] GC(92) Min Capacity: 2048M(100%)
[66.631s][info][gc,heap     ] GC(92) Max Capacity: 2048M(100%)
[66.631s][info][gc,heap     ] GC(92) Soft Max Capacity: 2048M(100%)
[66.631s][info][gc,heap     ] GC(92)                Mark Start          Mark End        Relocate Start      Relocate End           High               Low         
[66.631s][info][gc,heap     ] GC(92)  Capacity:     2048M (100%)       2048M (100%)       2048M (100%)       2048M (100%)       2048M (100%)       2048M (100%)   
[66.631s][info][gc,heap     ] GC(92)      Free:     1710M (83%)        1708M (83%)        1884M (92%)        1900M (93%)        1900M (93%)        1708M (83%)    
[66.631s][info][gc,heap     ] GC(92)      Used:      338M (17%)         340M (17%)         164M (8%)          148M (7%)          340M (17%)         148M (7%)     
[66.631s][info][gc,heap     ] GC(92)      Live:         -               107M (5%)          107M (5%)          107M (5%)             -                  -          
[66.631s][info][gc,heap     ] GC(92) Allocated:         -                 2M (0%)            2M (0%)            2M (0%)             -                  -          
[66.631s][info][gc,heap     ] GC(92)   Garbage:         -               230M (11%)          54M (3%)           38M (2%)             -                  -          
[66.631s][info][gc,heap     ] GC(92) Reclaimed:         -                  -               176M (9%)          192M (9%)             -                  -          
[66.631s][info][gc          ] GC(92) Garbage Collection (System.gc()) 338M(17%)->148M(7%)
[67.304s][info][gc,start    ] GC(93) Garbage Collection (Allocation Rate)
[67.304s][info][gc,task     ] GC(93) Using 1 workers
[67.304s][info][gc,phases   ] GC(93) Pause Mark Start 0.010ms
[67.380s][info][gc,phases   ] GC(93) Concurrent Mark 75.302ms
[67.380s][info][gc,phases   ] GC(93) Pause Mark End 0.016ms
[67.380s][info][gc,phases   ] GC(93) Concurrent Mark Free 0.001ms
[67.411s][info][gc,phases   ] GC(93) Concurrent Process Non-Strong References 31.183ms
[67.412s][info][gc,phases   ] GC(93) Concurrent Reset Relocation Set 0.002ms
[67.414s][info][gc,phases   ] GC(93) Concurrent Select Relocation Set 2.469ms
[67.414s][info][gc,phases   ] GC(93) Pause Relocate Start 0.008ms
[67.419s][info][gc,phases   ] GC(93) Concurrent Relocate 4.583ms
[67.419s][info][gc,load     ] GC(93) Load: 0.00/0.00/0.00
[67.419s][info][gc,mmu      ] GC(93) MMU: 2ms/98.5%, 5ms/99.4%, 10ms/99.6%, 20ms/99.8%, 50ms/99.9%, 100ms/99.9%
[67.419s][info][gc,marking  ] GC(93) Mark: 1 stripe(s), 2 proactive flush(es), 1 terminate flush(es), 0 completion(s), 0 continuation(s) 
[67.419s][info][gc,marking  ] GC(93) Mark Stack Usage: 32M
[67.419s][info][gc,nmethod  ] GC(93) NMethods: 14765 registered, 2249 unregistered
[67.419s][info][gc,metaspace] GC(93) Metaspace: 99M used, 100M committed, 1152M reserved
[67.419s][info][gc,ref      ] GC(93) Soft: 4314 encountered, 0 discovered, 0 enqueued
[67.419s][info][gc,ref      ] GC(93) Weak: 7467 encountered, 6250 discovered, 3 enqueued
[67.419s][info][gc,ref      ] GC(93) Final: 1 encountered, 0 discovered, 0 enqueued
[67.419s][info][gc,ref      ] GC(93) Phantom: 775 encountered, 397 discovered, 0 enqueued
[67.419s][info][gc,reloc    ] GC(93) Small Pages: 522 / 1044M, Empty: 644M, Relocated: 1M, In-Place: 0
[67.419s][info][gc,reloc    ] GC(93) Medium Pages: 2 / 64M, Empty: 32M, Relocated: 0M, In-Place: 0
[67.419s][info][gc,reloc    ] GC(93) Large Pages: 7 / 62M, Empty: 0M, Relocated: 0M, In-Place: 0
[67.419s][info][gc,reloc    ] GC(93) Forwarding Usage: 0M
[67.419s][info][gc,heap     ] GC(93) Min Capacity: 2048M(100%)
[67.419s][info][gc,heap     ] GC(93) Max Capacity: 2048M(100%)
[67.419s][info][gc,heap     ] GC(93) Soft Max Capacity: 2048M(100%)
[67.419s][info][gc,heap     ] GC(93)                Mark Start          Mark End        Relocate Start      Relocate End           High               Low         
[67.419s][info][gc,heap     ] GC(93)  Capacity:     2048M (100%)       2048M (100%)       2048M (100%)       2048M (100%)       2048M (100%)       2048M (100%)   
[67.419s][info][gc,heap     ] GC(93)      Free:      878M (43%)         800M (39%)        1416M (69%)        1758M (86%)        1758M (86%)         746M (36%)    
[67.419s][info][gc,heap     ] GC(93)      Used:     1170M (57%)        1248M (61%)         632M (31%)         290M (14%)        1302M (64%)         290M (14%)    
[67.419s][info][gc,heap     ] GC(93)      Live:         -               108M (5%)          108M (5%)          108M (5%)             -                  -          
[67.419s][info][gc,heap     ] GC(93) Allocated:         -                78M (4%)          138M (7%)          145M (7%)             -                  -          
[67.419s][info][gc,heap     ] GC(93)   Garbage:         -              1061M (52%)         385M (19%)          36M (2%)             -                  -          
[67.419s][info][gc,heap     ] GC(93) Reclaimed:         -                  -               676M (33%)        1025M (50%)            -                  -          
[67.419s][info][gc          ] GC(93) Garbage Collection (Allocation Rate) 1170M(57%)->290M(14%)
[67.905s][info][gc,start    ] GC(94) Garbage Collection (Allocation Rate)
[67.905s][info][gc,task     ] GC(94) Using 1 workers
[67.906s][info][gc,phases   ] GC(94) Pause Mark Start 0.009ms
[68.036s][info][gc,phases   ] GC(94) Concurrent Mark 130.144ms
[68.036s][info][gc,phases   ] GC(94) Pause Mark End 0.014ms
[68.036s][info][gc,phases   ] GC(94) Concurrent Mark Free 0.001ms
[68.063s][info][gc,phases   ] GC(94) Concurrent Process Non-Strong References 26.562ms
[68.063s][info][gc,phases   ] GC(94) Concurrent Reset Relocation Set 0.012ms
[68.069s][info][gc,phases   ] GC(94) Concurrent Select Relocation Set 5.855ms
[68.069s][info][gc,phases   ] GC(94) Pause Relocate Start 0.011ms
[68.118s][info][gc,phases   ] GC(94) Concurrent Relocate 48.887ms
[68.118s][info][gc,load     ] GC(94) Load: 0.00/0.00/0.00
[68.118s][info][gc,mmu      ] GC(94) MMU: 2ms/98.5%, 5ms/99.4%, 10ms/99.6%, 20ms/99.8%, 50ms/99.9%, 100ms/99.9%
[68.118s][info][gc,marking  ] GC(94) Mark: 1 stripe(s), 2 proactive flush(es), 1 terminate flush(es), 0 completion(s), 0 continuation(s) 
[68.118s][info][gc,marking  ] GC(94) Mark Stack Usage: 32M
[68.118s][info][gc,nmethod  ] GC(94) NMethods: 14766 registered, 2249 unregistered
[68.118s][info][gc,metaspace] GC(94) Metaspace: 99M used, 100M committed, 1152M reserved
[68.118s][info][gc,ref      ] GC(94) Soft: 4314 encountered, 0 discovered, 0 enqueued
[68.118s][info][gc,ref      ] GC(94) Weak: 7467 encountered, 6253 discovered, 6 enqueued
[68.118s][info][gc,ref      ] GC(94) Final: 1 encountered, 0 discovered, 0 enqueued
[68.118s][info][gc,ref      ] GC(94) Phantom: 775 encountered, 397 discovered, 0 enqueued
[68.118s][info][gc,reloc    ] GC(94) Small Pages: 625 / 1250M, Empty: 300M, Relocated: 25M, In-Place: 0
[68.118s][info][gc,reloc    ] GC(94) Medium Pages: 2 / 64M, Empty: 0M, Relocated: 4M, In-Place: 0
[68.118s][info][gc,reloc    ] GC(94) Large Pages: 7 / 62M, Empty: 0M, Relocated: 0M, In-Place: 0
[68.118s][info][gc,reloc    ] GC(94) Forwarding Usage: 16M
[68.118s][info][gc,heap     ] GC(94) Min Capacity: 2048M(100%)
[68.118s][info][gc,heap     ] GC(94) Max Capacity: 2048M(100%)
[68.118s][info][gc,heap     ] GC(94) Soft Max Capacity: 2048M(100%)
[68.118s][info][gc,heap     ] GC(94)                Mark Start          Mark End        Relocate Start      Relocate End           High               Low         
[68.118s][info][gc,heap     ] GC(94)  Capacity:     2048M (100%)       2048M (100%)       2048M (100%)       2048M (100%)       2048M (100%)       2048M (100%)   
[68.118s][info][gc,heap     ] GC(94)      Free:      672M (33%)         360M (18%)         584M (29%)        1362M (67%)        1362M (67%)         296M (14%)    
[68.118s][info][gc,heap     ] GC(94)      Used:     1376M (67%)        1688M (82%)        1464M (71%)         686M (33%)        1752M (86%)         686M (33%)    
[68.118s][info][gc,heap     ] GC(94)      Live:         -               135M (7%)          135M (7%)          135M (7%)             -                  -          
[68.118s][info][gc,heap     ] GC(94) Allocated:         -               312M (15%)         388M (19%)         514M (25%)            -                  -          
[68.118s][info][gc,heap     ] GC(94)   Garbage:         -              1240M (61%)         940M (46%)          35M (2%)             -                  -          
[68.118s][info][gc,heap     ] GC(94) Reclaimed:         -                  -               300M (15%)        1204M (59%)            -                  -          
[68.118s][info][gc          ] GC(94) Garbage Collection (Allocation Rate) 1376M(67%)->686M(33%)
[68.206s][info][gc,start    ] GC(95) Garbage Collection (Allocation Rate)
[68.206s][info][gc,task     ] GC(95) Using 1 workers
[68.206s][info][gc,phases   ] GC(95) Pause Mark Start 0.011ms
[68.344s][info][gc,phases   ] GC(95) Concurrent Mark 137.659ms
[68.344s][info][gc,phases   ] GC(95) Pause Mark End 0.022ms
[68.344s][info][gc,phases   ] GC(95) Concurrent Mark Free 0.001ms
[68.368s][info][gc,phases   ] GC(95) Concurrent Process Non-Strong References 24.229ms
[68.369s][info][gc,phases   ] GC(95) Concurrent Reset Relocation Set 0.031ms
[68.371s][info][gc,phases   ] GC(95) Concurrent Select Relocation Set 2.643ms
[68.371s][info][gc,phases   ] GC(95) Pause Relocate Start 0.010ms
[68.376s][info][gc,phases   ] GC(95) Concurrent Relocate 4.361ms
[68.376s][info][gc,load     ] GC(95) Load: 0.00/0.00/0.00
[68.376s][info][gc,mmu      ] GC(95) MMU: 2ms/98.5%, 5ms/99.4%, 10ms/99.6%, 20ms/99.8%, 50ms/99.9%, 100ms/99.9%
[68.376s][info][gc,marking  ] GC(95) Mark: 1 stripe(s), 2 proactive flush(es), 1 terminate flush(es), 0 completion(s), 0 continuation(s) 
[68.376s][info][gc,marking  ] GC(95) Mark Stack Usage: 32M
[68.376s][info][gc,nmethod  ] GC(95) NMethods: 14766 registered, 2249 unregistered
[68.376s][info][gc,metaspace] GC(95) Metaspace: 99M used, 100M committed, 1152M reserved
[68.376s][info][gc,ref      ] GC(95) Soft: 4314 encountered, 0 discovered, 0 enqueued
[68.376s][info][gc,ref      ] GC(95) Weak: 7460 encountered, 6248 discovered, 0 enqueued
[68.376s][info][gc,ref      ] GC(95) Final: 1 encountered, 0 discovered, 0 enqueued
[68.376s][info][gc,ref      ] GC(95) Phantom: 775 encountered, 397 discovered, 0 enqueued
[68.376s][info][gc,reloc    ] GC(95) Small Pages: 391 / 782M, Empty: 296M, Relocated: 2M, In-Place: 0
[68.376s][info][gc,reloc    ] GC(95) Medium Pages: 2 / 64M, Empty: 0M, Relocated: 4M, In-Place: 0
[68.376s][info][gc,reloc    ] GC(95) Large Pages: 7 / 62M, Empty: 0M, Relocated: 0M, In-Place: 0
[68.376s][info][gc,reloc    ] GC(95) Forwarding Usage: 1M
[68.376s][info][gc,heap     ] GC(95) Min Capacity: 2048M(100%)
[68.376s][info][gc,heap     ] GC(95) Max Capacity: 2048M(100%)
[68.376s][info][gc,heap     ] GC(95) Soft Max Capacity: 2048M(100%)
[68.376s][info][gc,heap     ] GC(95)                Mark Start          Mark End        Relocate Start      Relocate End           High               Low         
[68.376s][info][gc,heap     ] GC(95)  Capacity:     2048M (100%)       2048M (100%)       2048M (100%)       2048M (100%)       2048M (100%)       2048M (100%)   
[68.376s][info][gc,heap     ] GC(95)      Free:     1140M (56%)         844M (41%)        1134M (55%)        1574M (77%)        1574M (77%)         838M (41%)    
[68.376s][info][gc,heap     ] GC(95)      Used:      908M (44%)        1204M (59%)         914M (45%)         474M (23%)        1210M (59%)         474M (23%)    
[68.376s][info][gc,heap     ] GC(95)      Live:         -               135M (7%)          135M (7%)          135M (7%)             -                  -          
[68.376s][info][gc,heap     ] GC(95) Allocated:         -               296M (14%)         302M (15%)         302M (15%)            -                  -          
[68.376s][info][gc,heap     ] GC(95)   Garbage:         -               772M (38%)         476M (23%)          36M (2%)             -                  -          
[68.376s][info][gc,heap     ] GC(95) Reclaimed:         -                  -               296M (14%)         736M (36%)            -                  -          
[68.376s][info][gc          ] GC(95) Garbage Collection (Allocation Rate) 908M(44%)->474M(23%)
[68.376s][info][gc,start    ] GC(96) Garbage Collection (System.gc())
[68.376s][info][gc,task     ] GC(96) Using 2 workers
[68.376s][info][gc,phases   ] GC(96) Pause Mark Start 0.012ms
[68.429s][info][gc,phases   ] GC(96) Concurrent Mark 52.518ms
[68.429s][info][gc,phases   ] GC(96) Pause Mark End 0.012ms
[68.429s][info][gc,phases   ] GC(96) Concurrent Mark Free 0.002ms
[68.443s][info][gc,phases   ] GC(96) Concurrent Process Non-Strong References 14.120ms
[68.443s][info][gc,phases   ] GC(96) Concurrent Reset Relocation Set 0.012ms
[68.445s][info][gc,phases   ] GC(96) Concurrent Select Relocation Set 1.601ms
[68.445s][info][gc,phases   ] GC(96) Pause Relocate Start 0.009ms
[68.446s][info][gc,phases   ] GC(96) Concurrent Relocate 0.815ms
[68.446s][info][gc,load     ] GC(96) Load: 0.00/0.00/0.00
[68.446s][info][gc,mmu      ] GC(96) MMU: 2ms/98.5%, 5ms/99.4%, 10ms/99.6%, 20ms/99.8%, 50ms/99.9%, 100ms/99.9%
[68.446s][info][gc,marking  ] GC(96) Mark: 2 stripe(s), 2 proactive flush(es), 1 terminate flush(es), 0 completion(s), 0 continuation(s) 
[68.446s][info][gc,marking  ] GC(96) Mark Stack Usage: 32M
[68.446s][info][gc,nmethod  ] GC(96) NMethods: 14766 registered, 2249 unregistered
[68.446s][info][gc,metaspace] GC(96) Metaspace: 99M used, 100M committed, 1152M reserved
[68.446s][info][gc,ref      ] GC(96) Soft: 4314 encountered, 0 discovered, 0 enqueued
[68.446s][info][gc,ref      ] GC(96) Weak: 7460 encountered, 6599 discovered, 3 enqueued
[68.446s][info][gc,ref      ] GC(96) Final: 1 encountered, 1 discovered, 0 enqueued
[68.446s][info][gc,ref      ] GC(96) Phantom: 775 encountered, 489 discovered, 0 enqueued
[68.446s][info][gc,reloc    ] GC(96) Small Pages: 190 / 380M, Empty: 314M, Relocated: 1M, In-Place: 0
[68.446s][info][gc,reloc    ] GC(96) Medium Pages: 1 / 32M, Empty: 0M, Relocated: 0M, In-Place: 0
[68.446s][info][gc,reloc    ] GC(96) Large Pages: 7 / 62M, Empty: 0M, Relocated: 0M, In-Place: 0
[68.446s][info][gc,reloc    ] GC(96) Forwarding Usage: 0M
[68.446s][info][gc,heap     ] GC(96) Min Capacity: 2048M(100%)
[68.446s][info][gc,heap     ] GC(96) Max Capacity: 2048M(100%)
[68.446s][info][gc,heap     ] GC(96) Soft Max Capacity: 2048M(100%)
[68.446s][info][gc,heap     ] GC(96)                Mark Start          Mark End        Relocate Start      Relocate End           High               Low         
[68.446s][info][gc,heap     ] GC(96)  Capacity:     2048M (100%)       2048M (100%)       2048M (100%)       2048M (100%)       2048M (100%)       2048M (100%)   
[68.446s][info][gc,heap     ] GC(96)      Free:     1574M (77%)        1574M (77%)        1888M (92%)        1902M (93%)        1902M (93%)        1574M (77%)    
[68.446s][info][gc,heap     ] GC(96)      Used:      474M (23%)         474M (23%)         160M (8%)          146M (7%)          474M (23%)         146M (7%)     
[68.446s][info][gc,heap     ] GC(96)      Live:         -               107M (5%)          107M (5%)          107M (5%)             -                  -          
[68.446s][info][gc,heap     ] GC(96) Allocated:         -                 0M (0%)            0M (0%)            0M (0%)             -                  -          
[68.446s][info][gc,heap     ] GC(96)   Garbage:         -               366M (18%)          52M (3%)           38M (2%)             -                  -          
[68.446s][info][gc,heap     ] GC(96) Reclaimed:         -                  -               314M (15%)         328M (16%)            -                  -          
[68.446s][info][gc          ] GC(96) Garbage Collection (System.gc()) 474M(23%)->146M(7%)
[69.098s][info][gc,start    ] GC(97) Garbage Collection (Allocation Rate)
[69.098s][info][gc,task     ] GC(97) Using 1 workers
[69.098s][info][gc,phases   ] GC(97) Pause Mark Start 0.007ms
[69.164s][info][gc,phases   ] GC(97) Concurrent Mark 65.683ms
[69.164s][info][gc,phases   ] GC(97) Pause Mark End 0.016ms
[69.164s][info][gc,phases   ] GC(97) Concurrent Mark Free 0.002ms
[69.191s][info][gc,phases   ] GC(97) Concurrent Process Non-Strong References 26.204ms
[69.191s][info][gc,phases   ] GC(97) Concurrent Reset Relocation Set 0.001ms
[69.193s][info][gc,phases   ] GC(97) Concurrent Select Relocation Set 1.940ms
[69.193s][info][gc,phases   ] GC(97) Pause Relocate Start 0.015ms
[69.197s][info][gc,phases   ] GC(97) Concurrent Relocate 3.730ms
[69.197s][info][gc,load     ] GC(97) Load: 0.00/0.00/0.00
[69.197s][info][gc,mmu      ] GC(97) MMU: 2ms/98.5%, 5ms/99.4%, 10ms/99.6%, 20ms/99.8%, 50ms/99.9%, 100ms/99.9%
[69.197s][info][gc,marking  ] GC(97) Mark: 1 stripe(s), 2 proactive flush(es), 1 terminate flush(es), 0 completion(s), 0 continuation(s) 
[69.197s][info][gc,marking  ] GC(97) Mark Stack Usage: 32M
[69.197s][info][gc,nmethod  ] GC(97) NMethods: 14773 registered, 2270 unregistered
[69.197s][info][gc,metaspace] GC(97) Metaspace: 99M used, 100M committed, 1152M reserved
[69.197s][info][gc,ref      ] GC(97) Soft: 4314 encountered, 0 discovered, 0 enqueued
[69.197s][info][gc,ref      ] GC(97) Weak: 7467 encountered, 6253 discovered, 1 enqueued
[69.197s][info][gc,ref      ] GC(97) Final: 1 encountered, 0 discovered, 0 enqueued
[69.197s][info][gc,ref      ] GC(97) Phantom: 775 encountered, 397 discovered, 0 enqueued
[69.197s][info][gc,reloc    ] GC(97) Small Pages: 557 / 1114M, Empty: 644M, Relocated: 1M, In-Place: 0
[69.197s][info][gc,reloc    ] GC(97) Medium Pages: 2 / 64M, Empty: 32M, Relocated: 0M, In-Place: 0
[69.197s][info][gc,reloc    ] GC(97) Large Pages: 7 / 62M, Empty: 0M, Relocated: 0M, In-Place: 0
[69.197s][info][gc,reloc    ] GC(97) Forwarding Usage: 0M
[69.197s][info][gc,heap     ] GC(97) Min Capacity: 2048M(100%)
[69.197s][info][gc,heap     ] GC(97) Max Capacity: 2048M(100%)
[69.197s][info][gc,heap     ] GC(97) Soft Max Capacity: 2048M(100%)
[69.197s][info][gc,heap     ] GC(97)                Mark Start          Mark End        Relocate Start      Relocate End           High               Low         
[69.197s][info][gc,heap     ] GC(97)  Capacity:     2048M (100%)       2048M (100%)       2048M (100%)       2048M (100%)       2048M (100%)       2048M (100%)   
[69.197s][info][gc,heap     ] GC(97)      Free:      808M (39%)         664M (32%)        1284M (63%)        1694M (83%)        1694M (83%)         612M (30%)    
[69.197s][info][gc,heap     ] GC(97)      Used:     1240M (61%)        1384M (68%)         764M (37%)         354M (17%)        1436M (70%)         354M (17%)    
[69.197s][info][gc,heap     ] GC(97)      Live:         -               108M (5%)          108M (5%)          108M (5%)             -                  -          
[69.197s][info][gc,heap     ] GC(97) Allocated:         -               144M (7%)          200M (10%)         207M (10%)            -                  -          
[69.197s][info][gc,heap     ] GC(97)   Garbage:         -              1131M (55%)         455M (22%)          37M (2%)             -                  -          
[69.197s][info][gc,heap     ] GC(97) Reclaimed:         -                  -               676M (33%)        1093M (53%)            -                  -          
[69.197s][info][gc          ] GC(97) Garbage Collection (Allocation Rate) 1240M(61%)->354M(17%)
[69.606s][info][gc,start    ] GC(98) Garbage Collection (Allocation Rate)
[69.606s][info][gc,task     ] GC(98) Using 1 workers
[69.606s][info][gc,phases   ] GC(98) Pause Mark Start 0.007ms
[69.730s][info][gc,phases   ] GC(98) Concurrent Mark 123.753ms
[69.730s][info][gc,phases   ] GC(98) Pause Mark End 0.011ms
[69.730s][info][gc,phases   ] GC(98) Concurrent Mark Free 0.001ms
[69.756s][info][gc,phases   ] GC(98) Concurrent Process Non-Strong References 25.817ms
[69.756s][info][gc,phases   ] GC(98) Concurrent Reset Relocation Set 0.011ms
[69.762s][info][gc,phases   ] GC(98) Concurrent Select Relocation Set 6.102ms
[69.763s][info][gc,phases   ] GC(98) Pause Relocate Start 0.015ms
[69.803s][info][gc,phases   ] GC(98) Concurrent Relocate 40.191ms
[69.803s][info][gc,load     ] GC(98) Load: 0.00/0.00/0.00
[69.803s][info][gc,mmu      ] GC(98) MMU: 2ms/98.5%, 5ms/99.4%, 10ms/99.6%, 20ms/99.8%, 50ms/99.9%, 100ms/99.9%
[69.803s][info][gc,marking  ] GC(98) Mark: 1 stripe(s), 2 proactive flush(es), 1 terminate flush(es), 0 completion(s), 0 continuation(s) 
[69.803s][info][gc,marking  ] GC(98) Mark Stack Usage: 32M
[69.803s][info][gc,nmethod  ] GC(98) NMethods: 14774 registered, 2270 unregistered
[69.803s][info][gc,metaspace] GC(98) Metaspace: 99M used, 100M committed, 1152M reserved
[69.803s][info][gc,ref      ] GC(98) Soft: 4314 encountered, 0 discovered, 0 enqueued
[69.803s][info][gc,ref      ] GC(98) Weak: 7467 encountered, 6253 discovered, 6 enqueued
[69.803s][info][gc,ref      ] GC(98) Final: 1 encountered, 0 discovered, 0 enqueued
[69.803s][info][gc,ref      ] GC(98) Phantom: 775 encountered, 397 discovered, 0 enqueued
[69.803s][info][gc,reloc    ] GC(98) Small Pages: 599 / 1198M, Empty: 246M, Relocated: 26M, In-Place: 0
[69.803s][info][gc,reloc    ] GC(98) Medium Pages: 2 / 64M, Empty: 0M, Relocated: 4M, In-Place: 0
[69.803s][info][gc,reloc    ] GC(98) Large Pages: 7 / 62M, Empty: 0M, Relocated: 0M, In-Place: 0
[69.803s][info][gc,reloc    ] GC(98) Forwarding Usage: 16M
[69.803s][info][gc,heap     ] GC(98) Min Capacity: 2048M(100%)
[69.803s][info][gc,heap     ] GC(98) Max Capacity: 2048M(100%)
[69.803s][info][gc,heap     ] GC(98) Soft Max Capacity: 2048M(100%)
[69.803s][info][gc,heap     ] GC(98)                Mark Start          Mark End        Relocate Start      Relocate End           High               Low         
[69.803s][info][gc,heap     ] GC(98)  Capacity:     2048M (100%)       2048M (100%)       2048M (100%)       2048M (100%)       2048M (100%)       2048M (100%)   
[69.803s][info][gc,heap     ] GC(98)      Free:      724M (35%)         418M (20%)         588M (29%)        1378M (67%)        1380M (67%)         354M (17%)    
[69.803s][info][gc,heap     ] GC(98)      Used:     1324M (65%)        1630M (80%)        1460M (71%)         670M (33%)        1694M (83%)         668M (33%)    
[69.803s][info][gc,heap     ] GC(98)      Live:         -               135M (7%)          135M (7%)          135M (7%)             -                  -          
[69.803s][info][gc,heap     ] GC(98) Allocated:         -               306M (15%)         382M (19%)         496M (24%)            -                  -          
[69.803s][info][gc,heap     ] GC(98)   Garbage:         -              1188M (58%)         942M (46%)          37M (2%)             -                  -          
[69.803s][info][gc,heap     ] GC(98) Reclaimed:         -                  -               246M (12%)        1150M (56%)            -                  -          
[69.803s][info][gc          ] GC(98) Garbage Collection (Allocation Rate) 1324M(65%)->670M(33%)
[69.909s][info][gc,start    ] GC(99) Garbage Collection (Allocation Rate)
[69.909s][info][gc,task     ] GC(99) Using 1 workers
[69.909s][info][gc,phases   ] GC(99) Pause Mark Start 0.010ms
[70.043s][info][gc,phases   ] GC(99) Concurrent Mark 133.862ms
[70.043s][info][gc,phases   ] GC(99) Pause Mark End 0.011ms
[70.043s][info][gc,phases   ] GC(99) Concurrent Mark Free 0.001ms
[70.068s][info][gc,phases   ] GC(99) Concurrent Process Non-Strong References 24.633ms
[70.068s][info][gc,phases   ] GC(99) Concurrent Reset Relocation Set 0.025ms
[70.070s][info][gc,phases   ] GC(99) Concurrent Select Relocation Set 2.650ms
[70.071s][info][gc,phases   ] GC(99) Pause Relocate Start 0.015ms
[70.075s][info][gc,phases   ] GC(99) Concurrent Relocate 4.471ms
[70.075s][info][gc,load     ] GC(99) Load: 0.00/0.00/0.00
[70.075s][info][gc,mmu      ] GC(99) MMU: 2ms/98.5%, 5ms/99.4%, 10ms/99.6%, 20ms/99.8%, 50ms/99.9%, 100ms/99.9%
[70.075s][info][gc,marking  ] GC(99) Mark: 1 stripe(s), 2 proactive flush(es), 1 terminate flush(es), 0 completion(s), 0 continuation(s) 
[70.075s][info][gc,marking  ] GC(99) Mark Stack Usage: 32M
[70.075s][info][gc,nmethod  ] GC(99) NMethods: 14782 registered, 2270 unregistered
[70.075s][info][gc,metaspace] GC(99) Metaspace: 99M used, 100M committed, 1152M reserved
[70.075s][info][gc,ref      ] GC(99) Soft: 4314 encountered, 0 discovered, 0 enqueued
[70.075s][info][gc,ref      ] GC(99) Weak: 7454 encountered, 6248 discovered, 0 enqueued
[70.075s][info][gc,ref      ] GC(99) Final: 1 encountered, 0 discovered, 0 enqueued
[70.075s][info][gc,ref      ] GC(99) Phantom: 775 encountered, 397 discovered, 0 enqueued
[70.075s][info][gc,reloc    ] GC(99) Small Pages: 407 / 814M, Empty: 324M, Relocated: 3M, In-Place: 0
[70.075s][info][gc,reloc    ] GC(99) Medium Pages: 2 / 64M, Empty: 0M, Relocated: 4M, In-Place: 0
[70.075s][info][gc,reloc    ] GC(99) Large Pages: 7 / 62M, Empty: 0M, Relocated: 0M, In-Place: 0
[70.075s][info][gc,reloc    ] GC(99) Forwarding Usage: 1M
[70.075s][info][gc,heap     ] GC(99) Min Capacity: 2048M(100%)
[70.075s][info][gc,heap     ] GC(99) Max Capacity: 2048M(100%)
[70.075s][info][gc,heap     ] GC(99) Soft Max Capacity: 2048M(100%)
[70.075s][info][gc,heap     ] GC(99)                Mark Start          Mark End        Relocate Start      Relocate End           High               Low         
[70.075s][info][gc,heap     ] GC(99)  Capacity:     2048M (100%)       2048M (100%)       2048M (100%)       2048M (100%)       2048M (100%)       2048M (100%)   
[70.075s][info][gc,heap     ] GC(99)      Free:     1108M (54%)         848M (41%)        1172M (57%)        1618M (79%)        1618M (79%)         848M (41%)    
[70.075s][info][gc,heap     ] GC(99)      Used:      940M (46%)        1200M (59%)         876M (43%)         430M (21%)        1200M (59%)         430M (21%)    
[70.076s][info][gc,heap     ] GC(99)      Live:         -               135M (7%)          135M (7%)          135M (7%)             -                  -          
[70.076s][info][gc,heap     ] GC(99) Allocated:         -               260M (13%)         260M (13%)         260M (13%)            -                  -          
[70.076s][info][gc,heap     ] GC(99)   Garbage:         -               804M (39%)         480M (23%)          34M (2%)             -                  -          
[70.076s][info][gc,heap     ] GC(99) Reclaimed:         -                  -               324M (16%)         770M (38%)            -                  -          
[70.076s][info][gc          ] GC(99) Garbage Collection (Allocation Rate) 940M(46%)->430M(21%)
[70.076s][info][gc,start    ] GC(100) Garbage Collection (System.gc())
[70.076s][info][gc,task     ] GC(100) Using 2 workers
[70.076s][info][gc,phases   ] GC(100) Pause Mark Start 0.007ms
[70.099s][info][gc,stats    ] === Garbage Collection Statistics =======================================================================================================================
[70.099s][info][gc,stats    ]                                                              Last 10s              Last 10m              Last 10h                Total
[70.099s][info][gc,stats    ]                                                              Avg / Max             Avg / Max             Avg / Max             Avg / Max
[70.099s][info][gc,stats    ]   Collector: Garbage Collection Cycle                    134.657 / 223.226     344.802 / 1215.582    344.802 / 1215.582    344.802 / 1215.582    ms
[70.099s][info][gc,stats    ]  Contention: Mark Segment Reset Contention                     0 / 2                 9 / 496               9 / 496               9 / 496         ops/s
[70.099s][info][gc,stats    ]  Contention: Mark SeqNum Reset Contention                      0 / 0                 0 / 4                 0 / 4                 0 / 4           ops/s
[70.099s][info][gc,stats    ]    Critical: Allocation Stall                                  0 / 0                 0 / 6                 0 / 6                 0 / 6           ops/s
[70.099s][info][gc,stats    ]    Critical: Allocation Stall                              0.000 / 0.000       513.228 / 1001.934    513.228 / 1001.934    513.228 / 1001.934    ms
[70.099s][info][gc,stats    ]    Critical: GC Locker Stall                                   0 / 0                 0 / 1                 0 / 1                 0 / 1           ops/s
[70.099s][info][gc,stats    ]    Critical: GC Locker Stall                               0.000 / 0.000         0.000 / 0.000         0.000 / 0.000         0.000 / 0.000       ms
[70.099s][info][gc,stats    ]    Critical: Relocation Stall                                  0 / 0                 0 / 1                 0 / 1                 0 / 1           ops/s
[70.099s][info][gc,stats    ]    Critical: Relocation Stall                              0.000 / 0.000         7.319 / 11.251        7.319 / 11.251        7.319 / 11.251      ms
[70.099s][info][gc,stats    ]      Memory: Allocation Rate                                1943 / 2402            927 / 2422            927 / 2422            927 / 2422        MB/s
[70.099s][info][gc,stats    ]      Memory: Out Of Memory                                     0 / 0                 0 / 0                 0 / 0                 0 / 0           ops/s
[70.099s][info][gc,stats    ]      Memory: Page Cache Flush                                  0 / 0                14 / 172              14 / 172              14 / 172         MB/s
[70.099s][info][gc,stats    ]      Memory: Page Cache Hit L1                               952 / 1175            444 / 1197            444 / 1197            444 / 1197        ops/s
[70.099s][info][gc,stats    ]      Memory: Page Cache Hit L2                                 0 / 0                 0 / 0                 0 / 0                 0 / 0           ops/s
[70.099s][info][gc,stats    ]      Memory: Page Cache Hit L3                                 2 / 20               17 / 289              17 / 289              17 / 289         ops/s
[70.099s][info][gc,stats    ]      Memory: Page Cache Miss                                   0 / 0                 0 / 11                0 / 11                0 / 11          ops/s
[70.099s][info][gc,stats    ]      Memory: Uncommit                                          0 / 0                 0 / 0                 0 / 0                 0 / 0           MB/s
[70.099s][info][gc,stats    ]      Memory: Undo Object Allocation Failed                     0 / 1                 0 / 3                 0 / 3                 0 / 3           ops/s
[70.099s][info][gc,stats    ]      Memory: Undo Object Allocation Succeeded                  1 / 4                12 / 520              12 / 520              12 / 520         ops/s
[70.099s][info][gc,stats    ]      Memory: Undo Page Allocation                              0 / 0                 0 / 3                 0 / 3                 0 / 3           ops/s
[70.099s][info][gc,stats    ]       Phase: Concurrent Mark                              94.442 / 142.338     291.703 / 1158.372    291.703 / 1158.372    291.703 / 1158.372    ms
[70.100s][info][gc,stats    ]       Phase: Concurrent Mark Continue                      0.000 / 0.000         0.000 / 0.000         0.000 / 0.000         0.000 / 0.000       ms
[70.100s][info][gc,stats    ]       Phase: Concurrent Mark Free                          0.001 / 0.002         0.043 / 4.217         0.043 / 4.217         0.043 / 4.217       ms
[70.100s][info][gc,stats    ]       Phase: Concurrent Process Non-Strong References     22.539 / 31.183       14.839 / 31.183       14.839 / 31.183       14.839 / 31.183      ms
[70.100s][info][gc,stats    ]       Phase: Concurrent Relocate                          13.594 / 48.887       30.620 / 247.779      30.620 / 247.779      30.620 / 247.779     ms
[70.100s][info][gc,stats    ]       Phase: Concurrent Reset Relocation Set               0.014 / 0.041         0.015 / 0.061         0.015 / 0.061         0.015 / 0.061       ms
[70.100s][info][gc,stats    ]       Phase: Concurrent Select Relocation Set              3.079 / 6.102         6.144 / 40.244        6.144 / 40.244        6.144 / 40.244      ms
[70.100s][info][gc,stats    ]       Phase: Pause Mark End                                0.016 / 0.028         0.017 / 0.030         0.017 / 0.030         0.017 / 0.030       ms
[70.100s][info][gc,stats    ]       Phase: Pause Mark Start                              0.009 / 0.012         0.009 / 0.030         0.009 / 0.030         0.009 / 0.030       ms
[70.100s][info][gc,stats    ]       Phase: Pause Relocate Start                          0.011 / 0.018         0.011 / 0.018         0.011 / 0.018         0.011 / 0.018       ms
[70.100s][info][gc,stats    ]    Subphase: Concurrent Classes Purge                      0.768 / 1.058         0.514 / 1.058         0.514 / 1.058         0.514 / 1.058       ms
[70.100s][info][gc,stats    ]    Subphase: Concurrent Classes Unlink                    19.980 / 28.085       12.895 / 28.085       12.895 / 28.085       12.895 / 28.085      ms
[70.100s][info][gc,stats    ]    Subphase: Concurrent Mark                              82.119 / 139.823     324.126 / 1155.457    324.126 / 1155.457    324.126 / 1155.457    ms
[70.100s][info][gc,stats    ]    Subphase: Concurrent Mark Try Flush                     0.096 / 0.355         0.101 / 0.511         0.101 / 0.511         0.101 / 0.511       ms
[70.100s][info][gc,stats    ]    Subphase: Concurrent Mark Try Terminate                 0.943 / 13.339        2.509 / 16.923        2.509 / 16.923        2.509 / 16.923      ms
[70.100s][info][gc,stats    ]    Subphase: Concurrent References Enqueue                 0.004 / 0.009         0.004 / 0.009         0.004 / 0.009         0.004 / 0.009       ms
[70.100s][info][gc,stats    ]    Subphase: Concurrent References Process                 0.782 / 1.164         0.533 / 1.172         0.533 / 1.172         0.533 / 1.172       ms
[70.100s][info][gc,stats    ]    Subphase: Concurrent Roots ClassLoaderDataGraph         0.157 / 0.333         0.147 / 0.429         0.147 / 0.429         0.147 / 0.429       ms
[70.100s][info][gc,stats    ]    Subphase: Concurrent Roots CodeCache                    0.000 / 0.000         0.000 / 0.000         0.000 / 0.000         0.000 / 0.000       ms
[70.100s][info][gc,stats    ]    Subphase: Concurrent Roots JavaThreads                  1.763 / 2.706         1.607 / 2.895         1.607 / 2.895         1.607 / 2.895       ms
[70.100s][info][gc,stats    ]    Subphase: Concurrent Roots OopStorageSet                0.042 / 0.073         0.038 / 0.095         0.038 / 0.095         0.038 / 0.095       ms
[70.100s][info][gc,stats    ]    Subphase: Concurrent Weak Roots OopStorageSet           0.801 / 1.248         0.668 / 1.375         0.668 / 1.375         0.668 / 1.375       ms
[70.100s][info][gc,stats    ]    Subphase: Pause Mark Try Complete                       0.000 / 0.000         0.000 / 0.000         0.000 / 0.000         0.000 / 0.000       ms
[70.100s][info][gc,stats    ]      System: Java Threads                                     46 / 47               41 / 48               41 / 48               41 / 48          threads
[70.100s][info][gc,stats    ] =========================================================================================================================================================
[70.115s][info][gc,phases   ] GC(100) Concurrent Mark 39.564ms
[70.116s][info][gc,phases   ] GC(100) Pause Mark End 0.022ms
[70.116s][info][gc,phases   ] GC(100) Concurrent Mark Free 0.002ms
[70.129s][info][gc,phases   ] GC(100) Concurrent Process Non-Strong References 12.738ms
[70.129s][info][gc,phases   ] GC(100) Concurrent Reset Relocation Set 0.013ms
[70.130s][info][gc,phases   ] GC(100) Concurrent Select Relocation Set 1.456ms
[70.130s][info][gc,phases   ] GC(100) Pause Relocate Start 0.010ms
[70.131s][info][gc,phases   ] GC(100) Concurrent Relocate 0.578ms
[70.131s][info][gc,load     ] GC(100) Load: 0.00/0.00/0.00
[70.131s][info][gc,mmu      ] GC(100) MMU: 2ms/98.5%, 5ms/99.4%, 10ms/99.6%, 20ms/99.8%, 50ms/99.9%, 100ms/99.9%
[70.131s][info][gc,marking  ] GC(100) Mark: 2 stripe(s), 2 proactive flush(es), 1 terminate flush(es), 0 completion(s), 0 continuation(s) 
[70.131s][info][gc,marking  ] GC(100) Mark Stack Usage: 32M
[70.131s][info][gc,nmethod  ] GC(100) NMethods: 14782 registered, 2270 unregistered
[70.131s][info][gc,metaspace] GC(100) Metaspace: 99M used, 100M committed, 1152M reserved
[70.131s][info][gc,ref      ] GC(100) Soft: 4314 encountered, 0 discovered, 0 enqueued
[70.131s][info][gc,ref      ] GC(100) Weak: 7460 encountered, 778 discovered, 5 enqueued
[70.131s][info][gc,ref      ] GC(100) Final: 1 encountered, 0 discovered, 0 enqueued
[70.131s][info][gc,ref      ] GC(100) Phantom: 775 encountered, 623 discovered, 0 enqueued
[70.131s][info][gc,reloc    ] GC(100) Small Pages: 168 / 336M, Empty: 260M, Relocated: 1M, In-Place: 0
[70.131s][info][gc,reloc    ] GC(100) Medium Pages: 1 / 32M, Empty: 0M, Relocated: 0M, In-Place: 0
[70.131s][info][gc,reloc    ] GC(100) Large Pages: 7 / 62M, Empty: 0M, Relocated: 0M, In-Place: 0
[70.131s][info][gc,reloc    ] GC(100) Forwarding Usage: 0M
[70.131s][info][gc,heap     ] GC(100) Min Capacity: 2048M(100%)
[70.131s][info][gc,heap     ] GC(100) Max Capacity: 2048M(100%)
[70.131s][info][gc,heap     ] GC(100) Soft Max Capacity: 2048M(100%)
[70.131s][info][gc,heap     ] GC(100)                Mark Start          Mark End        Relocate Start      Relocate End           High               Low         
[70.131s][info][gc,heap     ] GC(100)  Capacity:     2048M (100%)       2048M (100%)       2048M (100%)       2048M (100%)       2048M (100%)       2048M (100%)   
[70.131s][info][gc,heap     ] GC(100)      Free:     1618M (79%)        1618M (79%)        1878M (92%)        1902M (93%)        1902M (93%)        1618M (79%)    
[70.131s][info][gc,heap     ] GC(100)      Used:      430M (21%)         430M (21%)         170M (8%)          146M (7%)          430M (21%)         146M (7%)     
[70.131s][info][gc,heap     ] GC(100)      Live:         -               107M (5%)          107M (5%)          107M (5%)             -                  -          
[70.131s][info][gc,heap     ] GC(100) Allocated:         -                 0M (0%)            0M (0%)            0M (0%)             -                  -          
[70.131s][info][gc,heap     ] GC(100)   Garbage:         -               322M (16%)          62M (3%)           38M (2%)             -                  -          
[70.131s][info][gc,heap     ] GC(100) Reclaimed:         -                  -               260M (13%)         284M (14%)            -                  -          
[70.131s][info][gc          ] GC(100) Garbage Collection (System.gc()) 430M(21%)->146M(7%)
[70.704s][info][gc,start    ] GC(101) Garbage Collection (Allocation Rate)
[70.704s][info][gc,task     ] GC(101) Using 1 workers
[70.704s][info][gc,phases   ] GC(101) Pause Mark Start 0.007ms
[70.768s][info][gc,phases   ] GC(101) Concurrent Mark 63.594ms
[70.768s][info][gc,phases   ] GC(101) Pause Mark End 0.009ms
[70.768s][info][gc,phases   ] GC(101) Concurrent Mark Free 0.001ms
[70.795s][info][gc,phases   ] GC(101) Concurrent Process Non-Strong References 26.887ms
[70.795s][info][gc,phases   ] GC(101) Concurrent Reset Relocation Set 0.003ms
[70.797s][info][gc,phases   ] GC(101) Concurrent Select Relocation Set 2.399ms
[70.798s][info][gc,phases   ] GC(101) Pause Relocate Start 0.009ms
[70.803s][info][gc,phases   ] GC(101) Concurrent Relocate 5.487ms
[70.803s][info][gc,load     ] GC(101) Load: 0.00/0.00/0.00
[70.803s][info][gc,mmu      ] GC(101) MMU: 2ms/98.5%, 5ms/99.4%, 10ms/99.6%, 20ms/99.8%, 50ms/99.9%, 100ms/99.9%
[70.803s][info][gc,marking  ] GC(101) Mark: 1 stripe(s), 2 proactive flush(es), 1 terminate flush(es), 0 completion(s), 0 continuation(s) 
[70.803s][info][gc,marking  ] GC(101) Mark Stack Usage: 32M
[70.803s][info][gc,nmethod  ] GC(101) NMethods: 14834 registered, 2270 unregistered
[70.803s][info][gc,metaspace] GC(101) Metaspace: 99M used, 100M committed, 1152M reserved
[70.803s][info][gc,ref      ] GC(101) Soft: 4314 encountered, 0 discovered, 0 enqueued
[70.803s][info][gc,ref      ] GC(101) Weak: 7464 encountered, 6252 discovered, 3 enqueued
[70.803s][info][gc,ref      ] GC(101) Final: 1 encountered, 0 discovered, 0 enqueued
[70.803s][info][gc,ref      ] GC(101) Phantom: 775 encountered, 397 discovered, 0 enqueued
[70.803s][info][gc,reloc    ] GC(101) Small Pages: 515 / 1030M, Empty: 644M, Relocated: 3M, In-Place: 0
[70.803s][info][gc,reloc    ] GC(101) Medium Pages: 2 / 64M, Empty: 32M, Relocated: 0M, In-Place: 0
[70.804s][info][gc,reloc    ] GC(101) Large Pages: 7 / 62M, Empty: 0M, Relocated: 0M, In-Place: 0
[70.804s][info][gc,reloc    ] GC(101) Forwarding Usage: 1M
[70.804s][info][gc,heap     ] GC(101) Min Capacity: 2048M(100%)
[70.804s][info][gc,heap     ] GC(101) Max Capacity: 2048M(100%)
[70.804s][info][gc,heap     ] GC(101) Soft Max Capacity: 2048M(100%)
[70.804s][info][gc,heap     ] GC(101)                Mark Start          Mark End        Relocate Start      Relocate End           High               Low         
[70.804s][info][gc,heap     ] GC(101)  Capacity:     2048M (100%)       2048M (100%)       2048M (100%)       2048M (100%)       2048M (100%)       2048M (100%)   
[70.804s][info][gc,heap     ] GC(101)      Free:      892M (44%)         756M (37%)        1370M (67%)        1696M (83%)        1698M (83%)         700M (34%)    
[70.804s][info][gc,heap     ] GC(101)      Used:     1156M (56%)        1292M (63%)         678M (33%)         352M (17%)        1348M (66%)         350M (17%)    
[70.804s][info][gc,heap     ] GC(101)      Live:         -               108M (5%)          108M (5%)          108M (5%)             -                  -          
[70.804s][info][gc,heap     ] GC(101) Allocated:         -               136M (7%)          198M (10%)         207M (10%)            -                  -          
[70.804s][info][gc,heap     ] GC(101)   Garbage:         -              1047M (51%)         371M (18%)          35M (2%)             -                  -          
[70.804s][info][gc,heap     ] GC(101) Reclaimed:         -                  -               676M (33%)        1011M (49%)            -                  -          
[70.804s][info][gc          ] GC(101) Garbage Collection (Allocation Rate) 1156M(56%)->352M(17%)
[71.308s][info][gc,start    ] GC(102) Garbage Collection (Allocation Rate)
[71.308s][info][gc,task     ] GC(102) Using 1 workers
[71.309s][info][gc,phases   ] GC(102) Pause Mark Start 0.010ms
[71.440s][info][gc,phases   ] GC(102) Concurrent Mark 130.861ms
[71.440s][info][gc,phases   ] GC(102) Pause Mark End 0.018ms
[71.440s][info][gc,phases   ] GC(102) Concurrent Mark Free 0.001ms
[71.467s][info][gc,phases   ] GC(102) Concurrent Process Non-Strong References 27.412ms
[71.467s][info][gc,phases   ] GC(102) Concurrent Reset Relocation Set 0.014ms
[71.473s][info][gc,phases   ] GC(102) Concurrent Select Relocation Set 5.948ms
[71.474s][info][gc,phases   ] GC(102) Pause Relocate Start 0.012ms
[71.514s][info][gc,phases   ] GC(102) Concurrent Relocate 40.318ms
[71.514s][info][gc,load     ] GC(102) Load: 0.00/0.00/0.00
[71.514s][info][gc,mmu      ] GC(102) MMU: 2ms/98.5%, 5ms/99.4%, 10ms/99.6%, 20ms/99.8%, 50ms/99.9%, 100ms/99.9%
[71.514s][info][gc,marking  ] GC(102) Mark: 1 stripe(s), 2 proactive flush(es), 1 terminate flush(es), 0 completion(s), 0 continuation(s) 
[71.514s][info][gc,marking  ] GC(102) Mark Stack Usage: 32M
[71.514s][info][gc,nmethod  ] GC(102) NMethods: 14842 registered, 2270 unregistered
[71.514s][info][gc,metaspace] GC(102) Metaspace: 99M used, 100M committed, 1152M reserved
[71.514s][info][gc,ref      ] GC(102) Soft: 4314 encountered, 0 discovered, 0 enqueued
[71.514s][info][gc,ref      ] GC(102) Weak: 7464 encountered, 6255 discovered, 6 enqueued
[71.514s][info][gc,ref      ] GC(102) Final: 1 encountered, 0 discovered, 0 enqueued
[71.514s][info][gc,ref      ] GC(102) Phantom: 775 encountered, 397 discovered, 0 enqueued
[71.514s][info][gc,reloc    ] GC(102) Small Pages: 721 / 1442M, Empty: 388M, Relocated: 26M, In-Place: 0
[71.514s][info][gc,reloc    ] GC(102) Medium Pages: 2 / 64M, Empty: 0M, Relocated: 4M, In-Place: 0
[71.514s][info][gc,reloc    ] GC(102) Large Pages: 7 / 62M, Empty: 0M, Relocated: 0M, In-Place: 0
[71.514s][info][gc,reloc    ] GC(102) Forwarding Usage: 15M
[71.514s][info][gc,heap     ] GC(102) Min Capacity: 2048M(100%)
[71.515s][info][gc,heap     ] GC(102) Max Capacity: 2048M(100%)
[71.515s][info][gc,heap     ] GC(102) Soft Max Capacity: 2048M(100%)
[71.515s][info][gc,heap     ] GC(102)                Mark Start          Mark End        Relocate Start      Relocate End           High               Low         
[71.515s][info][gc,heap     ] GC(102)  Capacity:     2048M (100%)       2048M (100%)       2048M (100%)       2048M (100%)       2048M (100%)       2048M (100%)   
[71.515s][info][gc,heap     ] GC(102)      Free:      480M (23%)         170M (8%)          476M (23%)        1372M (67%)        1372M (67%)         102M (5%)     
[71.515s][info][gc,heap     ] GC(102)      Used:     1568M (77%)        1878M (92%)        1572M (77%)         676M (33%)        1946M (95%)         676M (33%)    
[71.515s][info][gc,heap     ] GC(102)      Live:         -               135M (7%)          135M (7%)          135M (7%)             -                  -          
[71.515s][info][gc,heap     ] GC(102) Allocated:         -               310M (15%)         392M (19%)         504M (25%)            -                  -          
[71.515s][info][gc,heap     ] GC(102)   Garbage:         -              1432M (70%)        1044M (51%)          36M (2%)             -                  -          
[71.515s][info][gc,heap     ] GC(102) Reclaimed:         -                  -               388M (19%)        1396M (68%)            -                  -          
[71.515s][info][gc          ] GC(102) Garbage Collection (Allocation Rate) 1568M(77%)->676M(33%)
[71.606s][info][gc,start    ] GC(103) Garbage Collection (Allocation Rate)
[71.606s][info][gc,task     ] GC(103) Using 2 workers
[71.606s][info][gc,phases   ] GC(103) Pause Mark Start 0.010ms
[71.685s][info][gc,phases   ] GC(103) Concurrent Mark 79.008ms
[71.685s][info][gc,phases   ] GC(103) Pause Mark End 0.025ms
[71.685s][info][gc,phases   ] GC(103) Concurrent Mark Free 0.002ms
[71.698s][info][gc,phases   ] GC(103) Concurrent Process Non-Strong References 12.666ms
[71.698s][info][gc,phases   ] GC(103) Concurrent Reset Relocation Set 0.037ms
[71.701s][info][gc,phases   ] GC(103) Concurrent Select Relocation Set 2.714ms
[71.701s][info][gc,phases   ] GC(103) Pause Relocate Start 0.010ms
[71.703s][info][gc,phases   ] GC(103) Concurrent Relocate 2.206ms
[71.703s][info][gc,load     ] GC(103) Load: 0.00/0.00/0.00
[71.703s][info][gc,mmu      ] GC(103) MMU: 2ms/98.5%, 5ms/99.4%, 10ms/99.6%, 20ms/99.8%, 50ms/99.9%, 100ms/99.9%
[71.703s][info][gc,marking  ] GC(103) Mark: 2 stripe(s), 2 proactive flush(es), 1 terminate flush(es), 0 completion(s), 0 continuation(s) 
[71.703s][info][gc,marking  ] GC(103) Mark Stack Usage: 32M
[71.703s][info][gc,nmethod  ] GC(103) NMethods: 14844 registered, 2270 unregistered
[71.703s][info][gc,metaspace] GC(103) Metaspace: 99M used, 100M committed, 1152M reserved
[71.703s][info][gc,ref      ] GC(103) Soft: 4314 encountered, 0 discovered, 0 enqueued
[71.703s][info][gc,ref      ] GC(103) Weak: 7457 encountered, 109 discovered, 0 enqueued
[71.703s][info][gc,ref      ] GC(103) Final: 1 encountered, 0 discovered, 0 enqueued
[71.703s][info][gc,ref      ] GC(103) Phantom: 775 encountered, 637 discovered, 0 enqueued
[71.703s][info][gc,reloc    ] GC(103) Small Pages: 385 / 770M, Empty: 332M, Relocated: 2M, In-Place: 0
[71.704s][info][gc,reloc    ] GC(103) Medium Pages: 2 / 64M, Empty: 0M, Relocated: 4M, In-Place: 0
[71.704s][info][gc,reloc    ] GC(103) Large Pages: 7 / 62M, Empty: 0M, Relocated: 0M, In-Place: 0
[71.704s][info][gc,reloc    ] GC(103) Forwarding Usage: 1M
[71.704s][info][gc,heap     ] GC(103) Min Capacity: 2048M(100%)
[71.704s][info][gc,heap     ] GC(103) Max Capacity: 2048M(100%)
[71.704s][info][gc,heap     ] GC(103) Soft Max Capacity: 2048M(100%)
[71.704s][info][gc,heap     ] GC(103)                Mark Start          Mark End        Relocate Start      Relocate End           High               Low         
[71.704s][info][gc,heap     ] GC(103)  Capacity:     2048M (100%)       2048M (100%)       2048M (100%)       2048M (100%)       2048M (100%)       2048M (100%)   
[71.704s][info][gc,heap     ] GC(103)      Free:     1152M (56%)        1022M (50%)        1354M (66%)        1746M (85%)        1746M (85%)        1022M (50%)    
[71.704s][info][gc,heap     ] GC(103)      Used:      896M (44%)        1026M (50%)         694M (34%)         302M (15%)        1026M (50%)         302M (15%)    
[71.704s][info][gc,heap     ] GC(103)      Live:         -               135M (7%)          135M (7%)          135M (7%)             -                  -          
[71.704s][info][gc,heap     ] GC(103) Allocated:         -               130M (6%)          130M (6%)          130M (6%)             -                  -          
[71.704s][info][gc,heap     ] GC(103)   Garbage:         -               760M (37%)         428M (21%)          36M (2%)             -                  -          
[71.704s][info][gc,heap     ] GC(103) Reclaimed:         -                  -               332M (16%)         724M (35%)            -                  -          
[71.704s][info][gc          ] GC(103) Garbage Collection (Allocation Rate) 896M(44%)->302M(15%)
[71.704s][info][gc,start    ] GC(104) Garbage Collection (System.gc())
[71.704s][info][gc,task     ] GC(104) Using 2 workers
[71.704s][info][gc,phases   ] GC(104) Pause Mark Start 0.007ms
[71.749s][info][gc,phases   ] GC(104) Concurrent Mark 44.820ms
[71.749s][info][gc,phases   ] GC(104) Pause Mark End 0.017ms
[71.749s][info][gc,phases   ] GC(104) Concurrent Mark Free 0.001ms
[71.762s][info][gc,phases   ] GC(104) Concurrent Process Non-Strong References 12.445ms
[71.762s][info][gc,phases   ] GC(104) Concurrent Reset Relocation Set 0.013ms
[71.763s][info][gc,phases   ] GC(104) Concurrent Select Relocation Set 1.368ms
[71.763s][info][gc,phases   ] GC(104) Pause Relocate Start 0.010ms
[71.764s][info][gc,phases   ] GC(104) Concurrent Relocate 0.833ms
[71.764s][info][gc,load     ] GC(104) Load: 0.00/0.00/0.00
[71.764s][info][gc,mmu      ] GC(104) MMU: 2ms/98.5%, 5ms/99.4%, 10ms/99.6%, 20ms/99.8%, 50ms/99.9%, 100ms/99.9%
[71.764s][info][gc,marking  ] GC(104) Mark: 2 stripe(s), 2 proactive flush(es), 1 terminate flush(es), 0 completion(s), 0 continuation(s) 
[71.764s][info][gc,marking  ] GC(104) Mark Stack Usage: 32M
[71.764s][info][gc,nmethod  ] GC(104) NMethods: 14844 registered, 2270 unregistered
[71.764s][info][gc,metaspace] GC(104) Metaspace: 99M used, 100M committed, 1152M reserved
[71.764s][info][gc,ref      ] GC(104) Soft: 4314 encountered, 0 discovered, 0 enqueued
[71.764s][info][gc,ref      ] GC(104) Weak: 7457 encountered, 365 discovered, 3 enqueued
[71.764s][info][gc,ref      ] GC(104) Final: 1 encountered, 1 discovered, 0 enqueued
[71.764s][info][gc,ref      ] GC(104) Phantom: 775 encountered, 541 discovered, 0 enqueued
[71.764s][info][gc,reloc    ] GC(104) Small Pages: 104 / 208M, Empty: 140M, Relocated: 1M, In-Place: 0
[71.764s][info][gc,reloc    ] GC(104) Medium Pages: 1 / 32M, Empty: 0M, Relocated: 0M, In-Place: 0
[71.764s][info][gc,reloc    ] GC(104) Large Pages: 7 / 62M, Empty: 0M, Relocated: 0M, In-Place: 0
[71.764s][info][gc,reloc    ] GC(104) Forwarding Usage: 0M
[71.764s][info][gc,heap     ] GC(104) Min Capacity: 2048M(100%)
[71.764s][info][gc,heap     ] GC(104) Max Capacity: 2048M(100%)
[71.764s][info][gc,heap     ] GC(104) Soft Max Capacity: 2048M(100%)
[71.764s][info][gc,heap     ] GC(104)                Mark Start          Mark End        Relocate Start      Relocate End           High               Low         
[71.764s][info][gc,heap     ] GC(104)  Capacity:     2048M (100%)       2048M (100%)       2048M (100%)       2048M (100%)       2048M (100%)       2048M (100%)   
[71.764s][info][gc,heap     ] GC(104)      Free:     1746M (85%)        1746M (85%)        1886M (92%)        1902M (93%)        1902M (93%)        1746M (85%)    
[71.764s][info][gc,heap     ] GC(104)      Used:      302M (15%)         302M (15%)         162M (8%)          146M (7%)          302M (15%)         146M (7%)     
[71.764s][info][gc,heap     ] GC(104)      Live:         -               107M (5%)          107M (5%)          107M (5%)             -                  -          
[71.764s][info][gc,heap     ] GC(104) Allocated:         -                 0M (0%)            0M (0%)            0M (0%)             -                  -          
[71.764s][info][gc,heap     ] GC(104)   Garbage:         -               194M (9%)           54M (3%)           38M (2%)             -                  -          
[71.764s][info][gc,heap     ] GC(104) Reclaimed:         -                  -               140M (7%)          156M (8%)             -                  -          
[71.764s][info][gc          ] GC(104) Garbage Collection (System.gc()) 302M(15%)->146M(7%)
[72.307s][info][gc,start    ] GC(105) Garbage Collection (Allocation Rate)
[72.307s][info][gc,task     ] GC(105) Using 1 workers
[72.307s][info][gc,phases   ] GC(105) Pause Mark Start 0.007ms
[72.372s][info][gc,phases   ] GC(105) Concurrent Mark 64.396ms
[72.372s][info][gc,phases   ] GC(105) Pause Mark End 0.014ms
[72.372s][info][gc,phases   ] GC(105) Concurrent Mark Free 0.001ms
[72.398s][info][gc,phases   ] GC(105) Concurrent Process Non-Strong References 26.076ms
[72.398s][info][gc,phases   ] GC(105) Concurrent Reset Relocation Set 0.001ms
[72.400s][info][gc,phases   ] GC(105) Concurrent Select Relocation Set 1.969ms
[72.400s][info][gc,phases   ] GC(105) Pause Relocate Start 0.016ms
[72.403s][info][gc,phases   ] GC(105) Concurrent Relocate 3.054ms
[72.403s][info][gc,load     ] GC(105) Load: 0.00/0.00/0.00
[72.403s][info][gc,mmu      ] GC(105) MMU: 2ms/98.5%, 5ms/99.4%, 10ms/99.6%, 20ms/99.8%, 50ms/99.9%, 100ms/99.9%
[72.403s][info][gc,marking  ] GC(105) Mark: 1 stripe(s), 2 proactive flush(es), 1 terminate flush(es), 0 completion(s), 0 continuation(s) 
[72.403s][info][gc,marking  ] GC(105) Mark Stack Usage: 32M
[72.403s][info][gc,nmethod  ] GC(105) NMethods: 14857 registered, 2270 unregistered
[72.403s][info][gc,metaspace] GC(105) Metaspace: 99M used, 100M committed, 1152M reserved
[72.403s][info][gc,ref      ] GC(105) Soft: 4314 encountered, 0 discovered, 0 enqueued
[72.404s][info][gc,ref      ] GC(105) Weak: 7464 encountered, 6252 discovered, 3 enqueued
[72.404s][info][gc,ref      ] GC(105) Final: 1 encountered, 0 discovered, 0 enqueued
[72.404s][info][gc,ref      ] GC(105) Phantom: 775 encountered, 397 discovered, 0 enqueued
[72.404s][info][gc,reloc    ] GC(105) Small Pages: 484 / 968M, Empty: 640M, Relocated: 1M, In-Place: 0
[72.404s][info][gc,reloc    ] GC(105) Medium Pages: 2 / 64M, Empty: 32M, Relocated: 0M, In-Place: 0
[72.404s][info][gc,reloc    ] GC(105) Large Pages: 7 / 62M, Empty: 0M, Relocated: 0M, In-Place: 0
[72.404s][info][gc,reloc    ] GC(105) Forwarding Usage: 0M
[72.404s][info][gc,heap     ] GC(105) Min Capacity: 2048M(100%)
[72.404s][info][gc,heap     ] GC(105) Max Capacity: 2048M(100%)
[72.404s][info][gc,heap     ] GC(105) Soft Max Capacity: 2048M(100%)
[72.404s][info][gc,heap     ] GC(105)                Mark Start          Mark End        Relocate Start      Relocate End           High               Low         
[72.404s][info][gc,heap     ] GC(105)  Capacity:     2048M (100%)       2048M (100%)       2048M (100%)       2048M (100%)       2048M (100%)       2048M (100%)   
[72.404s][info][gc,heap     ] GC(105)      Free:      954M (47%)         816M (40%)        1428M (70%)        1700M (83%)        1702M (83%)         762M (37%)    
[72.404s][info][gc,heap     ] GC(105)      Used:     1094M (53%)        1232M (60%)         620M (30%)         348M (17%)        1286M (63%)         346M (17%)    
[72.404s][info][gc,heap     ] GC(105)      Live:         -               107M (5%)          107M (5%)          107M (5%)             -                  -          
[72.404s][info][gc,heap     ] GC(105) Allocated:         -               138M (7%)          198M (10%)         203M (10%)            -                  -          
[72.404s][info][gc,heap     ] GC(105)   Garbage:         -               986M (48%)         314M (15%)          36M (2%)             -                  -          
[72.404s][info][gc,heap     ] GC(105) Reclaimed:         -                  -               672M (33%)         949M (46%)            -                  -          
[72.404s][info][gc          ] GC(105) Garbage Collection (Allocation Rate) 1094M(53%)->348M(17%)
[72.895s][info][gc,start    ] GC(106) Garbage Collection (Allocation Rate)
[72.895s][info][gc,task     ] GC(106) Using 1 workers
[72.895s][info][gc,phases   ] GC(106) Pause Mark Start 0.010ms
[73.024s][info][gc,phases   ] GC(106) Concurrent Mark 128.085ms
[73.024s][info][gc,phases   ] GC(106) Pause Mark End 0.016ms
[73.024s][info][gc,phases   ] GC(106) Concurrent Mark Free 0.000ms
[73.050s][info][gc,phases   ] GC(106) Concurrent Process Non-Strong References 26.576ms
[73.050s][info][gc,phases   ] GC(106) Concurrent Reset Relocation Set 0.009ms
[73.056s][info][gc,phases   ] GC(106) Concurrent Select Relocation Set 5.374ms
[73.056s][info][gc,phases   ] GC(106) Pause Relocate Start 0.006ms
[73.096s][info][gc,phases   ] GC(106) Concurrent Relocate 39.575ms
[73.096s][info][gc,load     ] GC(106) Load: 0.00/0.00/0.00
[73.096s][info][gc,mmu      ] GC(106) MMU: 2ms/98.5%, 5ms/99.4%, 10ms/99.6%, 20ms/99.8%, 50ms/99.9%, 100ms/99.9%
[73.096s][info][gc,marking  ] GC(106) Mark: 1 stripe(s), 2 proactive flush(es), 1 terminate flush(es), 0 completion(s), 0 continuation(s) 
[73.096s][info][gc,marking  ] GC(106) Mark Stack Usage: 32M
[73.096s][info][gc,nmethod  ] GC(106) NMethods: 14859 registered, 2270 unregistered
[73.096s][info][gc,metaspace] GC(106) Metaspace: 99M used, 100M committed, 1152M reserved
[73.096s][info][gc,ref      ] GC(106) Soft: 4314 encountered, 0 discovered, 0 enqueued
[73.096s][info][gc,ref      ] GC(106) Weak: 7464 encountered, 6255 discovered, 6 enqueued
[73.096s][info][gc,ref      ] GC(106) Final: 1 encountered, 0 discovered, 0 enqueued
[73.096s][info][gc,ref      ] GC(106) Phantom: 775 encountered, 397 discovered, 0 enqueued
[73.096s][info][gc,reloc    ] GC(106) Small Pages: 688 / 1376M, Empty: 410M, Relocated: 25M, In-Place: 0
[73.096s][info][gc,reloc    ] GC(106) Medium Pages: 2 / 64M, Empty: 0M, Relocated: 4M, In-Place: 0
[73.096s][info][gc,reloc    ] GC(106) Large Pages: 7 / 62M, Empty: 0M, Relocated: 0M, In-Place: 0
[73.096s][info][gc,reloc    ] GC(106) Forwarding Usage: 16M
[73.096s][info][gc,heap     ] GC(106) Min Capacity: 2048M(100%)
[73.096s][info][gc,heap     ] GC(106) Max Capacity: 2048M(100%)
[73.096s][info][gc,heap     ] GC(106) Soft Max Capacity: 2048M(100%)
[73.096s][info][gc,heap     ] GC(106)                Mark Start          Mark End        Relocate Start      Relocate End           High               Low         
[73.096s][info][gc,heap     ] GC(106)  Capacity:     2048M (100%)       2048M (100%)       2048M (100%)       2048M (100%)       2048M (100%)       2048M (100%)   
[73.096s][info][gc,heap     ] GC(106)      Free:      546M (27%)         234M (11%)         568M (28%)        1378M (67%)        1378M (67%)         172M (8%)     
[73.096s][info][gc,heap     ] GC(106)      Used:     1502M (73%)        1814M (89%)        1480M (72%)         670M (33%)        1876M (92%)         670M (33%)    
[73.096s][info][gc,heap     ] GC(106)      Live:         -               135M (7%)          135M (7%)          135M (7%)             -                  -          
[73.096s][info][gc,heap     ] GC(106) Allocated:         -               312M (15%)         388M (19%)         498M (24%)            -                  -          
[73.096s][info][gc,heap     ] GC(106)   Garbage:         -              1366M (67%)         956M (47%)          35M (2%)             -                  -          
[73.096s][info][gc,heap     ] GC(106) Reclaimed:         -                  -               410M (20%)        1330M (65%)            -                  -          
[73.096s][info][gc          ] GC(106) Garbage Collection (Allocation Rate) 1502M(73%)->670M(33%)
[73.196s][info][gc,start    ] GC(107) Garbage Collection (Allocation Rate)
[73.197s][info][gc,task     ] GC(107) Using 1 workers
[73.197s][info][gc,phases   ] GC(107) Pause Mark Start 0.010ms
[73.330s][info][gc,phases   ] GC(107) Concurrent Mark 133.300ms
[73.330s][info][gc,phases   ] GC(107) Pause Mark End 0.017ms
[73.330s][info][gc,phases   ] GC(107) Concurrent Mark Free 0.001ms
[73.354s][info][gc,phases   ] GC(107) Concurrent Process Non-Strong References 24.058ms
[73.355s][info][gc,phases   ] GC(107) Concurrent Reset Relocation Set 0.024ms
[73.357s][info][gc,phases   ] GC(107) Concurrent Select Relocation Set 2.513ms
[73.357s][info][gc,phases   ] GC(107) Pause Relocate Start 0.011ms
[73.361s][info][gc,phases   ] GC(107) Concurrent Relocate 3.922ms
[73.361s][info][gc,load     ] GC(107) Load: 0.00/0.00/0.00
[73.361s][info][gc,mmu      ] GC(107) MMU: 2ms/98.5%, 5ms/99.4%, 10ms/99.6%, 20ms/99.8%, 50ms/99.9%, 100ms/99.9%
[73.361s][info][gc,marking  ] GC(107) Mark: 1 stripe(s), 2 proactive flush(es), 1 terminate flush(es), 0 completion(s), 0 continuation(s) 
[73.361s][info][gc,marking  ] GC(107) Mark Stack Usage: 32M
[73.361s][info][gc,nmethod  ] GC(107) NMethods: 14859 registered, 2270 unregistered
[73.361s][info][gc,metaspace] GC(107) Metaspace: 99M used, 100M committed, 1152M reserved
[73.361s][info][gc,ref      ] GC(107) Soft: 4314 encountered, 0 discovered, 0 enqueued
[73.361s][info][gc,ref      ] GC(107) Weak: 7455 encountered, 6250 discovered, 0 enqueued
[73.361s][info][gc,ref      ] GC(107) Final: 1 encountered, 0 discovered, 0 enqueued
[73.361s][info][gc,ref      ] GC(107) Phantom: 775 encountered, 397 discovered, 0 enqueued
[73.361s][info][gc,reloc    ] GC(107) Small Pages: 395 / 790M, Empty: 312M, Relocated: 2M, In-Place: 0
[73.362s][info][gc,reloc    ] GC(107) Medium Pages: 2 / 64M, Empty: 0M, Relocated: 4M, In-Place: 0
[73.362s][info][gc,reloc    ] GC(107) Large Pages: 7 / 62M, Empty: 0M, Relocated: 0M, In-Place: 0
[73.362s][info][gc,reloc    ] GC(107) Forwarding Usage: 1M
[73.362s][info][gc,heap     ] GC(107) Min Capacity: 2048M(100%)
[73.362s][info][gc,heap     ] GC(107) Max Capacity: 2048M(100%)
[73.362s][info][gc,heap     ] GC(107) Soft Max Capacity: 2048M(100%)
[73.362s][info][gc,heap     ] GC(107)                Mark Start          Mark End        Relocate Start      Relocate End           High               Low         
[73.362s][info][gc,heap     ] GC(107)  Capacity:     2048M (100%)       2048M (100%)       2048M (100%)       2048M (100%)       2048M (100%)       2048M (100%)   
[73.362s][info][gc,heap     ] GC(107)      Free:     1132M (55%)         878M (43%)        1190M (58%)        1622M (79%)        1622M (79%)         878M (43%)    
[73.362s][info][gc,heap     ] GC(107)      Used:      916M (45%)        1170M (57%)         858M (42%)         426M (21%)        1170M (57%)         426M (21%)    
[73.362s][info][gc,heap     ] GC(107)      Live:         -               135M (7%)          135M (7%)          135M (7%)             -                  -          
[73.362s][info][gc,heap     ] GC(107) Allocated:         -               254M (12%)         254M (12%)         254M (12%)            -                  -          
[73.362s][info][gc,heap     ] GC(107)   Garbage:         -               780M (38%)         468M (23%)          36M (2%)             -                  -          
[73.362s][info][gc,heap     ] GC(107) Reclaimed:         -                  -               312M (15%)         744M (36%)            -                  -          
[73.362s][info][gc          ] GC(107) Garbage Collection (Allocation Rate) 916M(45%)->426M(21%)
[73.362s][info][gc,start    ] GC(108) Garbage Collection (System.gc())
[73.362s][info][gc,task     ] GC(108) Using 2 workers
[73.362s][info][gc,phases   ] GC(108) Pause Mark Start 0.009ms
[73.403s][info][gc,phases   ] GC(108) Concurrent Mark 40.682ms
[73.403s][info][gc,phases   ] GC(108) Pause Mark End 0.021ms
[73.403s][info][gc,phases   ] GC(108) Concurrent Mark Free 0.002ms
[73.415s][info][gc,phases   ] GC(108) Concurrent Process Non-Strong References 12.299ms
[73.416s][info][gc,phases   ] GC(108) Concurrent Reset Relocation Set 0.011ms
[73.417s][info][gc,phases   ] GC(108) Concurrent Select Relocation Set 1.499ms
[73.417s][info][gc,phases   ] GC(108) Pause Relocate Start 0.010ms
[73.418s][info][gc,phases   ] GC(108) Concurrent Relocate 0.853ms
[73.418s][info][gc,load     ] GC(108) Load: 0.00/0.00/0.00
[73.418s][info][gc,mmu      ] GC(108) MMU: 2ms/98.5%, 5ms/99.4%, 10ms/99.6%, 20ms/99.8%, 50ms/99.9%, 100ms/99.9%
[73.418s][info][gc,marking  ] GC(108) Mark: 2 stripe(s), 2 proactive flush(es), 1 terminate flush(es), 0 completion(s), 0 continuation(s) 
[73.418s][info][gc,marking  ] GC(108) Mark Stack Usage: 32M
[73.418s][info][gc,nmethod  ] GC(108) NMethods: 14859 registered, 2270 unregistered
[73.418s][info][gc,metaspace] GC(108) Metaspace: 99M used, 100M committed, 1152M reserved
[73.418s][info][gc,ref      ] GC(108) Soft: 4314 encountered, 0 discovered, 0 enqueued
[73.418s][info][gc,ref      ] GC(108) Weak: 7457 encountered, 120 discovered, 3 enqueued
[73.418s][info][gc,ref      ] GC(108) Final: 1 encountered, 0 discovered, 0 enqueued
[73.418s][info][gc,ref      ] GC(108) Phantom: 775 encountered, 555 discovered, 0 enqueued
[73.418s][info][gc,reloc    ] GC(108) Small Pages: 166 / 332M, Empty: 266M, Relocated: 1M, In-Place: 0
[73.418s][info][gc,reloc    ] GC(108) Medium Pages: 1 / 32M, Empty: 0M, Relocated: 0M, In-Place: 0
[73.418s][info][gc,reloc    ] GC(108) Large Pages: 7 / 62M, Empty: 0M, Relocated: 0M, In-Place: 0
[73.418s][info][gc,reloc    ] GC(108) Forwarding Usage: 0M
[73.418s][info][gc,heap     ] GC(108) Min Capacity: 2048M(100%)
[73.418s][info][gc,heap     ] GC(108) Max Capacity: 2048M(100%)
[73.418s][info][gc,heap     ] GC(108) Soft Max Capacity: 2048M(100%)
[73.418s][info][gc,heap     ] GC(108)                Mark Start          Mark End        Relocate Start      Relocate End           High               Low         
[73.418s][info][gc,heap     ] GC(108)  Capacity:     2048M (100%)       2048M (100%)       2048M (100%)       2048M (100%)       2048M (100%)       2048M (100%)   
[73.418s][info][gc,heap     ] GC(108)      Free:     1622M (79%)        1622M (79%)        1888M (92%)        1902M (93%)        1902M (93%)        1622M (79%)    
[73.418s][info][gc,heap     ] GC(108)      Used:      426M (21%)         426M (21%)         160M (8%)          146M (7%)          426M (21%)         146M (7%)     
[73.418s][info][gc,heap     ] GC(108)      Live:         -               107M (5%)          107M (5%)          107M (5%)             -                  -          
[73.418s][info][gc,heap     ] GC(108) Allocated:         -                 0M (0%)            0M (0%)            0M (0%)             -                  -          
[73.418s][info][gc,heap     ] GC(108)   Garbage:         -               318M (16%)          52M (3%)           38M (2%)             -                  -          
[73.418s][info][gc,heap     ] GC(108) Reclaimed:         -                  -               266M (13%)         280M (14%)            -                  -          
[73.418s][info][gc          ] GC(108) Garbage Collection (System.gc()) 426M(21%)->146M(7%)
[73.998s][info][gc,start    ] GC(109) Garbage Collection (Allocation Rate)
[73.999s][info][gc,task     ] GC(109) Using 1 workers
[73.999s][info][gc,phases   ] GC(109) Pause Mark Start 0.007ms
[74.064s][info][gc,phases   ] GC(109) Concurrent Mark 65.724ms
[74.065s][info][gc,phases   ] GC(109) Pause Mark End 0.013ms
[74.065s][info][gc,phases   ] GC(109) Concurrent Mark Free 0.001ms
[74.091s][info][gc,phases   ] GC(109) Concurrent Process Non-Strong References 26.237ms
[74.091s][info][gc,phases   ] GC(109) Concurrent Reset Relocation Set 0.002ms
[74.093s][info][gc,phases   ] GC(109) Concurrent Select Relocation Set 1.889ms
[74.093s][info][gc,phases   ] GC(109) Pause Relocate Start 0.010ms
[74.096s][info][gc,phases   ] GC(109) Concurrent Relocate 3.099ms
[74.096s][info][gc,load     ] GC(109) Load: 0.00/0.00/0.00
[74.096s][info][gc,mmu      ] GC(109) MMU: 2ms/98.5%, 5ms/99.4%, 10ms/99.6%, 20ms/99.8%, 50ms/99.9%, 100ms/99.9%
[74.096s][info][gc,marking  ] GC(109) Mark: 1 stripe(s), 2 proactive flush(es), 1 terminate flush(es), 0 completion(s), 0 continuation(s) 
[74.096s][info][gc,marking  ] GC(109) Mark Stack Usage: 32M
[74.096s][info][gc,nmethod  ] GC(109) NMethods: 14869 registered, 2270 unregistered
[74.096s][info][gc,metaspace] GC(109) Metaspace: 99M used, 100M committed, 1152M reserved
[74.096s][info][gc,ref      ] GC(109) Soft: 4314 encountered, 0 discovered, 0 enqueued
[74.096s][info][gc,ref      ] GC(109) Weak: 7464 encountered, 6252 discovered, 3 enqueued
[74.096s][info][gc,ref      ] GC(109) Final: 1 encountered, 0 discovered, 0 enqueued
[74.096s][info][gc,ref      ] GC(109) Phantom: 775 encountered, 397 discovered, 0 enqueued
[74.096s][info][gc,reloc    ] GC(109) Small Pages: 531 / 1062M, Empty: 640M, Relocated: 0M, In-Place: 0
[74.096s][info][gc,reloc    ] GC(109) Medium Pages: 2 / 64M, Empty: 32M, Relocated: 0M, In-Place: 0
[74.096s][info][gc,reloc    ] GC(109) Large Pages: 7 / 62M, Empty: 0M, Relocated: 0M, In-Place: 0
[74.096s][info][gc,reloc    ] GC(109) Forwarding Usage: 0M
[74.096s][info][gc,heap     ] GC(109) Min Capacity: 2048M(100%)
[74.096s][info][gc,heap     ] GC(109) Max Capacity: 2048M(100%)
[74.096s][info][gc,heap     ] GC(109) Soft Max Capacity: 2048M(100%)
[74.096s][info][gc,heap     ] GC(109)                Mark Start          Mark End        Relocate Start      Relocate End           High               Low         
[74.096s][info][gc,heap     ] GC(109)  Capacity:     2048M (100%)       2048M (100%)       2048M (100%)       2048M (100%)       2048M (100%)       2048M (100%)   
[74.096s][info][gc,heap     ] GC(109)      Free:      860M (42%)         730M (36%)        1342M (66%)        1706M (83%)        1706M (83%)         674M (33%)    
[74.096s][info][gc,heap     ] GC(109)      Used:     1188M (58%)        1318M (64%)         706M (34%)         342M (17%)        1374M (67%)         342M (17%)    
[74.096s][info][gc,heap     ] GC(109)      Live:         -               108M (5%)          108M (5%)          108M (5%)             -                  -          
[74.096s][info][gc,heap     ] GC(109) Allocated:         -               130M (6%)          190M (9%)          195M (10%)            -                  -          
[74.096s][info][gc,heap     ] GC(109)   Garbage:         -              1079M (53%)         407M (20%)          37M (2%)             -                  -          
[74.096s][info][gc,heap     ] GC(109) Reclaimed:         -                  -               672M (33%)        1041M (51%)            -                  -          
[74.096s][info][gc          ] GC(109) Garbage Collection (Allocation Rate) 1188M(58%)->342M(17%)
[74.606s][info][gc,start    ] GC(110) Garbage Collection (Allocation Rate)
[74.606s][info][gc,task     ] GC(110) Using 1 workers
[74.607s][info][gc,phases   ] GC(110) Pause Mark Start 0.010ms
[74.734s][info][gc,phases   ] GC(110) Concurrent Mark 127.466ms
[74.734s][info][gc,phases   ] GC(110) Pause Mark End 0.017ms
[74.734s][info][gc,phases   ] GC(110) Concurrent Mark Free 0.002ms
[74.762s][info][gc,phases   ] GC(110) Concurrent Process Non-Strong References 27.255ms
[74.762s][info][gc,phases   ] GC(110) Concurrent Reset Relocation Set 0.012ms
[74.768s][info][gc,phases   ] GC(110) Concurrent Select Relocation Set 6.053ms
[74.768s][info][gc,phases   ] GC(110) Pause Relocate Start 0.016ms
[74.810s][info][gc,phases   ] GC(110) Concurrent Relocate 41.593ms
[74.810s][info][gc,load     ] GC(110) Load: 0.00/0.00/0.00
[74.810s][info][gc,mmu      ] GC(110) MMU: 2ms/98.5%, 5ms/99.4%, 10ms/99.6%, 20ms/99.8%, 50ms/99.9%, 100ms/99.9%
[74.810s][info][gc,marking  ] GC(110) Mark: 1 stripe(s), 2 proactive flush(es), 1 terminate flush(es), 0 completion(s), 0 continuation(s) 
[74.810s][info][gc,marking  ] GC(110) Mark Stack Usage: 32M
[74.810s][info][gc,nmethod  ] GC(110) NMethods: 14871 registered, 2270 unregistered
[74.810s][info][gc,metaspace] GC(110) Metaspace: 99M used, 100M committed, 1152M reserved
[74.810s][info][gc,ref      ] GC(110) Soft: 4314 encountered, 0 discovered, 0 enqueued
[74.810s][info][gc,ref      ] GC(110) Weak: 7464 encountered, 6255 discovered, 6 enqueued
[74.810s][info][gc,ref      ] GC(110) Final: 1 encountered, 0 discovered, 0 enqueued
[74.810s][info][gc,ref      ] GC(110) Phantom: 775 encountered, 397 discovered, 0 enqueued
[74.810s][info][gc,reloc    ] GC(110) Small Pages: 711 / 1422M, Empty: 360M, Relocated: 27M, In-Place: 0
[74.810s][info][gc,reloc    ] GC(110) Medium Pages: 2 / 64M, Empty: 0M, Relocated: 4M, In-Place: 0
[74.810s][info][gc,reloc    ] GC(110) Large Pages: 7 / 62M, Empty: 0M, Relocated: 0M, In-Place: 0
[74.810s][info][gc,reloc    ] GC(110) Forwarding Usage: 16M
[74.810s][info][gc,heap     ] GC(110) Min Capacity: 2048M(100%)
[74.810s][info][gc,heap     ] GC(110) Max Capacity: 2048M(100%)
[74.810s][info][gc,heap     ] GC(110) Soft Max Capacity: 2048M(100%)
[74.810s][info][gc,heap     ] GC(110)                Mark Start          Mark End        Relocate Start      Relocate End           High               Low         
[74.810s][info][gc,heap     ] GC(110)  Capacity:     2048M (100%)       2048M (100%)       2048M (100%)       2048M (100%)       2048M (100%)       2048M (100%)   
[74.810s][info][gc,heap     ] GC(110)      Free:      500M (24%)         198M (10%)         480M (23%)        1380M (67%)        1380M (67%)         136M (7%)     
[74.810s][info][gc,heap     ] GC(110)      Used:     1548M (76%)        1850M (90%)        1568M (77%)         668M (33%)        1912M (93%)         668M (33%)    
[74.810s][info][gc,heap     ] GC(110)      Live:         -               135M (7%)          135M (7%)          135M (7%)             -                  -          
[74.810s][info][gc,heap     ] GC(110) Allocated:         -               302M (15%)         380M (19%)         496M (24%)            -                  -          
[74.810s][info][gc,heap     ] GC(110)   Garbage:         -              1412M (69%)        1052M (51%)          36M (2%)             -                  -          
[74.810s][info][gc,heap     ] GC(110) Reclaimed:         -                  -               360M (18%)        1376M (67%)            -                  -          
[74.810s][info][gc          ] GC(110) Garbage Collection (Allocation Rate) 1548M(76%)->668M(33%)
[74.907s][info][gc,start    ] GC(111) Garbage Collection (Allocation Rate)
[74.907s][info][gc,task     ] GC(111) Using 1 workers
[74.907s][info][gc,phases   ] GC(111) Pause Mark Start 0.010ms
[75.033s][info][gc,phases   ] GC(111) Concurrent Mark 126.380ms
[75.033s][info][gc,phases   ] GC(111) Pause Mark End 0.017ms
[75.034s][info][gc,phases   ] GC(111) Concurrent Mark Free 0.002ms
[75.058s][info][gc,phases   ] GC(111) Concurrent Process Non-Strong References 24.429ms
[75.058s][info][gc,phases   ] GC(111) Concurrent Reset Relocation Set 0.026ms
[75.062s][info][gc,phases   ] GC(111) Concurrent Select Relocation Set 3.659ms
[75.062s][info][gc,phases   ] GC(111) Pause Relocate Start 0.015ms
[75.067s][info][gc,phases   ] GC(111) Concurrent Relocate 4.607ms
[75.067s][info][gc,load     ] GC(111) Load: 0.00/0.00/0.00
[75.067s][info][gc,mmu      ] GC(111) MMU: 2ms/98.5%, 5ms/99.4%, 10ms/99.6%, 20ms/99.8%, 50ms/99.9%, 100ms/99.9%
[75.067s][info][gc,marking  ] GC(111) Mark: 1 stripe(s), 2 proactive flush(es), 1 terminate flush(es), 0 completion(s), 0 continuation(s) 
[75.067s][info][gc,marking  ] GC(111) Mark Stack Usage: 32M
[75.067s][info][gc,nmethod  ] GC(111) NMethods: 14871 registered, 2270 unregistered
[75.067s][info][gc,metaspace] GC(111) Metaspace: 99M used, 100M committed, 1152M reserved
[75.067s][info][gc,ref      ] GC(111) Soft: 4314 encountered, 0 discovered, 0 enqueued
[75.067s][info][gc,ref      ] GC(111) Weak: 7455 encountered, 6250 discovered, 0 enqueued
[75.067s][info][gc,ref      ] GC(111) Final: 1 encountered, 0 discovered, 0 enqueued
[75.067s][info][gc,ref      ] GC(111) Phantom: 775 encountered, 397 discovered, 0 enqueued
[75.067s][info][gc,reloc    ] GC(111) Small Pages: 393 / 786M, Empty: 350M, Relocated: 3M, In-Place: 0
[75.067s][info][gc,reloc    ] GC(111) Medium Pages: 2 / 64M, Empty: 0M, Relocated: 4M, In-Place: 0
[75.067s][info][gc,reloc    ] GC(111) Large Pages: 7 / 62M, Empty: 0M, Relocated: 0M, In-Place: 0
[75.067s][info][gc,reloc    ] GC(111) Forwarding Usage: 2M
[75.067s][info][gc,heap     ] GC(111) Min Capacity: 2048M(100%)
[75.067s][info][gc,heap     ] GC(111) Max Capacity: 2048M(100%)
[75.067s][info][gc,heap     ] GC(111) Soft Max Capacity: 2048M(100%)
[75.067s][info][gc,heap     ] GC(111)                Mark Start          Mark End        Relocate Start      Relocate End           High               Low         
[75.067s][info][gc,heap     ] GC(111)  Capacity:     2048M (100%)       2048M (100%)       2048M (100%)       2048M (100%)       2048M (100%)       2048M (100%)   
[75.067s][info][gc,heap     ] GC(111)      Free:     1136M (55%)        1022M (50%)        1372M (67%)        1764M (86%)        1764M (86%)        1022M (50%)    
[75.067s][info][gc,heap     ] GC(111)      Used:      912M (45%)        1026M (50%)         676M (33%)         284M (14%)        1026M (50%)         284M (14%)    
[75.067s][info][gc,heap     ] GC(111)      Live:         -               135M (7%)          135M (7%)          135M (7%)             -                  -          
[75.067s][info][gc,heap     ] GC(111) Allocated:         -               114M (6%)          114M (6%)          114M (6%)             -                  -          
[75.067s][info][gc,heap     ] GC(111)   Garbage:         -               776M (38%)         426M (21%)          34M (2%)             -                  -          
[75.067s][info][gc,heap     ] GC(111) Reclaimed:         -                  -               350M (17%)         742M (36%)            -                  -          
[75.067s][info][gc          ] GC(111) Garbage Collection (Allocation Rate) 912M(45%)->284M(14%)
[75.067s][info][gc,start    ] GC(112) Garbage Collection (System.gc())
[75.067s][info][gc,task     ] GC(112) Using 2 workers
[75.067s][info][gc,phases   ] GC(112) Pause Mark Start 0.007ms
[75.113s][info][gc,phases   ] GC(112) Concurrent Mark 45.796ms
[75.113s][info][gc,phases   ] GC(112) Pause Mark End 0.014ms
[75.113s][info][gc,phases   ] GC(112) Concurrent Mark Free 0.001ms
[75.125s][info][gc,phases   ] GC(112) Concurrent Process Non-Strong References 12.244ms
[75.125s][info][gc,phases   ] GC(112) Concurrent Reset Relocation Set 0.013ms
[75.127s][info][gc,phases   ] GC(112) Concurrent Select Relocation Set 1.369ms
[75.127s][info][gc,phases   ] GC(112) Pause Relocate Start 0.010ms
[75.128s][info][gc,phases   ] GC(112) Concurrent Relocate 0.815ms
[75.128s][info][gc,load     ] GC(112) Load: 0.00/0.00/0.00
[75.128s][info][gc,mmu      ] GC(112) MMU: 2ms/98.5%, 5ms/99.4%, 10ms/99.6%, 20ms/99.8%, 50ms/99.9%, 100ms/99.9%
[75.128s][info][gc,marking  ] GC(112) Mark: 2 stripe(s), 2 proactive flush(es), 1 terminate flush(es), 0 completion(s), 0 continuation(s) 
[75.128s][info][gc,marking  ] GC(112) Mark Stack Usage: 32M
[75.128s][info][gc,nmethod  ] GC(112) NMethods: 14871 registered, 2270 unregistered
[75.128s][info][gc,metaspace] GC(112) Metaspace: 99M used, 100M committed, 1152M reserved
[75.128s][info][gc,ref      ] GC(112) Soft: 4314 encountered, 0 discovered, 0 enqueued
[75.128s][info][gc,ref      ] GC(112) Weak: 7457 encountered, 1139 discovered, 3 enqueued
[75.128s][info][gc,ref      ] GC(112) Final: 1 encountered, 1 discovered, 0 enqueued
[75.128s][info][gc,ref      ] GC(112) Phantom: 775 encountered, 475 discovered, 0 enqueued
[75.128s][info][gc,reloc    ] GC(112) Small Pages: 95 / 190M, Empty: 120M, Relocated: 1M, In-Place: 0
[75.128s][info][gc,reloc    ] GC(112) Medium Pages: 1 / 32M, Empty: 0M, Relocated: 0M, In-Place: 0
[75.128s][info][gc,reloc    ] GC(112) Large Pages: 7 / 62M, Empty: 0M, Relocated: 0M, In-Place: 0
[75.128s][info][gc,reloc    ] GC(112) Forwarding Usage: 0M
[75.128s][info][gc,heap     ] GC(112) Min Capacity: 2048M(100%)
[75.128s][info][gc,heap     ] GC(112) Max Capacity: 2048M(100%)
[75.128s][info][gc,heap     ] GC(112) Soft Max Capacity: 2048M(100%)
[75.128s][info][gc,heap     ] GC(112)                Mark Start          Mark End        Relocate Start      Relocate End           High               Low         
[75.128s][info][gc,heap     ] GC(112)  Capacity:     2048M (100%)       2048M (100%)       2048M (100%)       2048M (100%)       2048M (100%)       2048M (100%)   
[75.128s][info][gc,heap     ] GC(112)      Free:     1764M (86%)        1762M (86%)        1882M (92%)        1900M (93%)        1900M (93%)        1762M (86%)    
[75.128s][info][gc,heap     ] GC(112)      Used:      284M (14%)         286M (14%)         166M (8%)          148M (7%)          286M (14%)         148M (7%)     
[75.128s][info][gc,heap     ] GC(112)      Live:         -               107M (5%)          107M (5%)          107M (5%)             -                  -          
[75.128s][info][gc,heap     ] GC(112) Allocated:         -                 2M (0%)            2M (0%)            2M (0%)             -                  -          
[75.128s][info][gc,heap     ] GC(112)   Garbage:         -               176M (9%)           56M (3%)           38M (2%)             -                  -          
[75.128s][info][gc,heap     ] GC(112) Reclaimed:         -                  -               120M (6%)          138M (7%)             -                  -          
[75.128s][info][gc          ] GC(112) Garbage Collection (System.gc()) 284M(14%)->148M(7%)
[75.701s][info][gc,start    ] GC(113) Garbage Collection (Allocation Rate)
[75.701s][info][gc,task     ] GC(113) Using 1 workers
[75.701s][info][gc,phases   ] GC(113) Pause Mark Start 0.012ms
[75.765s][info][gc,phases   ] GC(113) Concurrent Mark 63.173ms
[75.765s][info][gc,phases   ] GC(113) Pause Mark End 0.013ms
[75.765s][info][gc,phases   ] GC(113) Concurrent Mark Free 0.001ms
[75.791s][info][gc,phases   ] GC(113) Concurrent Process Non-Strong References 26.149ms
[75.791s][info][gc,phases   ] GC(113) Concurrent Reset Relocation Set 0.002ms
[75.794s][info][gc,phases   ] GC(113) Concurrent Select Relocation Set 2.761ms
[75.794s][info][gc,phases   ] GC(113) Pause Relocate Start 0.009ms
[75.798s][info][gc,phases   ] GC(113) Concurrent Relocate 3.432ms
[75.798s][info][gc,load     ] GC(113) Load: 0.00/0.00/0.00
[75.798s][info][gc,mmu      ] GC(113) MMU: 2ms/98.5%, 5ms/99.4%, 10ms/99.6%, 20ms/99.8%, 50ms/99.9%, 100ms/99.9%
[75.798s][info][gc,marking  ] GC(113) Mark: 1 stripe(s), 2 proactive flush(es), 1 terminate flush(es), 0 completion(s), 0 continuation(s) 
[75.798s][info][gc,marking  ] GC(113) Mark Stack Usage: 32M
[75.798s][info][gc,nmethod  ] GC(113) NMethods: 14877 registered, 2270 unregistered
[75.798s][info][gc,metaspace] GC(113) Metaspace: 99M used, 100M committed, 1152M reserved
[75.798s][info][gc,ref      ] GC(113) Soft: 4314 encountered, 0 discovered, 0 enqueued
[75.798s][info][gc,ref      ] GC(113) Weak: 7464 encountered, 6252 discovered, 3 enqueued
[75.798s][info][gc,ref      ] GC(113) Final: 1 encountered, 0 discovered, 0 enqueued
[75.798s][info][gc,ref      ] GC(113) Phantom: 775 encountered, 397 discovered, 0 enqueued
[75.798s][info][gc,reloc    ] GC(113) Small Pages: 504 / 1008M, Empty: 642M, Relocated: 1M, In-Place: 0
[75.798s][info][gc,reloc    ] GC(113) Medium Pages: 2 / 64M, Empty: 32M, Relocated: 0M, In-Place: 0
[75.798s][info][gc,reloc    ] GC(113) Large Pages: 7 / 62M, Empty: 0M, Relocated: 0M, In-Place: 0
[75.798s][info][gc,reloc    ] GC(113) Forwarding Usage: 0M
[75.798s][info][gc,heap     ] GC(113) Min Capacity: 2048M(100%)
[75.798s][info][gc,heap     ] GC(113) Max Capacity: 2048M(100%)
[75.798s][info][gc,heap     ] GC(113) Soft Max Capacity: 2048M(100%)
[75.798s][info][gc,heap     ] GC(113)                Mark Start          Mark End        Relocate Start      Relocate End           High               Low         
[75.798s][info][gc,heap     ] GC(113)  Capacity:     2048M (100%)       2048M (100%)       2048M (100%)       2048M (100%)       2048M (100%)       2048M (100%)   
[75.798s][info][gc,heap     ] GC(113)      Free:      914M (45%)         784M (38%)        1396M (68%)        1706M (83%)        1706M (83%)         728M (36%)    
[75.798s][info][gc,heap     ] GC(113)      Used:     1134M (55%)        1264M (62%)         652M (32%)         342M (17%)        1320M (64%)         342M (17%)    
[75.798s][info][gc,heap     ] GC(113)      Live:         -               108M (5%)          108M (5%)          108M (5%)             -                  -          
[75.798s][info][gc,heap     ] GC(113) Allocated:         -               130M (6%)          192M (9%)          197M (10%)            -                  -          
[75.798s][info][gc,heap     ] GC(113)   Garbage:         -              1025M (50%)         351M (17%)          36M (2%)             -                  -          
[75.798s][info][gc,heap     ] GC(113) Reclaimed:         -                  -               674M (33%)         989M (48%)            -                  -          
[75.798s][info][gc          ] GC(113) Garbage Collection (Allocation Rate) 1134M(55%)->342M(17%)
[76.207s][info][gc,start    ] GC(114) Garbage Collection (Allocation Rate)
[76.207s][info][gc,task     ] GC(114) Using 1 workers
[76.207s][info][gc,phases   ] GC(114) Pause Mark Start 0.012ms
[76.335s][info][gc,phases   ] GC(114) Concurrent Mark 126.944ms
[76.335s][info][gc,phases   ] GC(114) Pause Mark End 0.013ms
[76.335s][info][gc,phases   ] GC(114) Concurrent Mark Free 0.001ms
[76.361s][info][gc,phases   ] GC(114) Concurrent Process Non-Strong References 26.012ms
[76.361s][info][gc,phases   ] GC(114) Concurrent Reset Relocation Set 0.010ms
[76.366s][info][gc,phases   ] GC(114) Concurrent Select Relocation Set 5.235ms
[76.366s][info][gc,phases   ] GC(114) Pause Relocate Start 0.013ms
[76.407s][info][gc,phases   ] GC(114) Concurrent Relocate 39.968ms
[76.407s][info][gc,load     ] GC(114) Load: 0.00/0.00/0.00
[76.407s][info][gc,mmu      ] GC(114) MMU: 2ms/98.5%, 5ms/99.4%, 10ms/99.6%, 20ms/99.8%, 50ms/99.9%, 100ms/99.9%
[76.407s][info][gc,marking  ] GC(114) Mark: 1 stripe(s), 2 proactive flush(es), 1 terminate flush(es), 0 completion(s), 0 continuation(s) 
[76.407s][info][gc,marking  ] GC(114) Mark Stack Usage: 32M
[76.407s][info][gc,nmethod  ] GC(114) NMethods: 14877 registered, 2270 unregistered
[76.407s][info][gc,metaspace] GC(114) Metaspace: 99M used, 100M committed, 1152M reserved
[76.407s][info][gc,ref      ] GC(114) Soft: 4314 encountered, 0 discovered, 0 enqueued
[76.407s][info][gc,ref      ] GC(114) Weak: 7464 encountered, 6255 discovered, 6 enqueued
[76.407s][info][gc,ref      ] GC(114) Final: 1 encountered, 0 discovered, 0 enqueued
[76.407s][info][gc,ref      ] GC(114) Phantom: 775 encountered, 397 discovered, 0 enqueued
[76.407s][info][gc,reloc    ] GC(114) Small Pages: 598 / 1196M, Empty: 288M, Relocated: 25M, In-Place: 0
[76.407s][info][gc,reloc    ] GC(114) Medium Pages: 2 / 64M, Empty: 0M, Relocated: 4M, In-Place: 0
[76.407s][info][gc,reloc    ] GC(114) Large Pages: 7 / 62M, Empty: 0M, Relocated: 0M, In-Place: 0
[76.407s][info][gc,reloc    ] GC(114) Forwarding Usage: 16M
[76.407s][info][gc,heap     ] GC(114) Min Capacity: 2048M(100%)
[76.407s][info][gc,heap     ] GC(114) Max Capacity: 2048M(100%)
[76.407s][info][gc,heap     ] GC(114) Soft Max Capacity: 2048M(100%)
[76.407s][info][gc,heap     ] GC(114)                Mark Start          Mark End        Relocate Start      Relocate End           High               Low         
[76.407s][info][gc,heap     ] GC(114)  Capacity:     2048M (100%)       2048M (100%)       2048M (100%)       2048M (100%)       2048M (100%)       2048M (100%)   
[76.407s][info][gc,heap     ] GC(114)      Free:      726M (35%)         400M (20%)         612M (30%)        1360M (66%)        1360M (66%)         336M (16%)    
[76.407s][info][gc,heap     ] GC(114)      Used:     1322M (65%)        1648M (80%)        1436M (70%)         688M (34%)        1712M (84%)         688M (34%)    
[76.407s][info][gc,heap     ] GC(114)      Live:         -               135M (7%)          135M (7%)          135M (7%)             -                  -          
[76.407s][info][gc,heap     ] GC(114) Allocated:         -               326M (16%)         402M (20%)         515M (25%)            -                  -          
[76.407s][info][gc,heap     ] GC(114)   Garbage:         -              1186M (58%)         898M (44%)          37M (2%)             -                  -          
[76.407s][info][gc,heap     ] GC(114) Reclaimed:         -                  -               288M (14%)        1149M (56%)            -                  -          
[76.407s][info][gc          ] GC(114) Garbage Collection (Allocation Rate) 1322M(65%)->688M(34%)
[76.493s][info][gc,start    ] GC(115) Garbage Collection (Allocation Rate)
[76.493s][info][gc,task     ] GC(115) Using 1 workers
[76.493s][info][gc,phases   ] GC(115) Pause Mark Start 0.010ms
[76.621s][info][gc,phases   ] GC(115) Concurrent Mark 127.384ms
[76.621s][info][gc,phases   ] GC(115) Pause Mark End 0.014ms
[76.621s][info][gc,phases   ] GC(115) Concurrent Mark Free 0.001ms
[76.648s][info][gc,phases   ] GC(115) Concurrent Process Non-Strong References 26.528ms
[76.648s][info][gc,phases   ] GC(115) Concurrent Reset Relocation Set 0.028ms
[76.651s][info][gc,phases   ] GC(115) Concurrent Select Relocation Set 2.865ms
[76.651s][info][gc,phases   ] GC(115) Pause Relocate Start 0.011ms
[76.655s][info][gc,phases   ] GC(115) Concurrent Relocate 4.472ms
[76.656s][info][gc,load     ] GC(115) Load: 0.00/0.00/0.00
[76.656s][info][gc,mmu      ] GC(115) MMU: 2ms/98.5%, 5ms/99.4%, 10ms/99.6%, 20ms/99.8%, 50ms/99.9%, 100ms/99.9%
[76.656s][info][gc,marking  ] GC(115) Mark: 1 stripe(s), 2 proactive flush(es), 1 terminate flush(es), 0 completion(s), 0 continuation(s) 
[76.656s][info][gc,marking  ] GC(115) Mark Stack Usage: 32M
[76.656s][info][gc,nmethod  ] GC(115) NMethods: 14877 registered, 2270 unregistered
[76.656s][info][gc,metaspace] GC(115) Metaspace: 99M used, 100M committed, 1152M reserved
[76.656s][info][gc,ref      ] GC(115) Soft: 4314 encountered, 0 discovered, 0 enqueued
[76.656s][info][gc,ref      ] GC(115) Weak: 7458 encountered, 6249 discovered, 0 enqueued
[76.656s][info][gc,ref      ] GC(115) Final: 1 encountered, 0 discovered, 0 enqueued
[76.656s][info][gc,ref      ] GC(115) Phantom: 775 encountered, 397 discovered, 0 enqueued
[76.656s][info][gc,reloc    ] GC(115) Small Pages: 390 / 780M, Empty: 294M, Relocated: 3M, In-Place: 0
[76.656s][info][gc,reloc    ] GC(115) Medium Pages: 2 / 64M, Empty: 0M, Relocated: 4M, In-Place: 0
[76.656s][info][gc,reloc    ] GC(115) Large Pages: 7 / 62M, Empty: 0M, Relocated: 0M, In-Place: 0
[76.656s][info][gc,reloc    ] GC(115) Forwarding Usage: 1M
[76.656s][info][gc,heap     ] GC(115) Min Capacity: 2048M(100%)
[76.656s][info][gc,heap     ] GC(115) Max Capacity: 2048M(100%)
[76.656s][info][gc,heap     ] GC(115) Soft Max Capacity: 2048M(100%)
[76.656s][info][gc,heap     ] GC(115)                Mark Start          Mark End        Relocate Start      Relocate End           High               Low         
[76.656s][info][gc,heap     ] GC(115)  Capacity:     2048M (100%)       2048M (100%)       2048M (100%)       2048M (100%)       2048M (100%)       2048M (100%)   
[76.656s][info][gc,heap     ] GC(115)      Free:     1142M (56%)         818M (40%)        1056M (52%)        1496M (73%)        1496M (73%)         762M (37%)    
[76.656s][info][gc,heap     ] GC(115)      Used:      906M (44%)        1230M (60%)         992M (48%)         552M (27%)        1286M (63%)         552M (27%)    
[76.656s][info][gc,heap     ] GC(115)      Live:         -               135M (7%)          135M (7%)          135M (7%)             -                  -          
[76.656s][info][gc,heap     ] GC(115) Allocated:         -               324M (16%)         380M (19%)         381M (19%)            -                  -          
[76.656s][info][gc,heap     ] GC(115)   Garbage:         -               770M (38%)         476M (23%)          34M (2%)             -                  -          
[76.656s][info][gc,heap     ] GC(115) Reclaimed:         -                  -               294M (14%)         735M (36%)            -                  -          
[76.656s][info][gc          ] GC(115) Garbage Collection (Allocation Rate) 906M(44%)->552M(27%)
[76.669s][info][gc,start    ] GC(116) Garbage Collection (System.gc())
[76.669s][info][gc,task     ] GC(116) Using 2 workers
[76.669s][info][gc,phases   ] GC(116) Pause Mark Start 0.006ms
[76.731s][info][gc,phases   ] GC(116) Concurrent Mark 62.118ms
[76.731s][info][gc,phases   ] GC(116) Pause Mark End 0.017ms
[76.731s][info][gc,phases   ] GC(116) Concurrent Mark Free 0.001ms
[76.743s][info][gc,phases   ] GC(116) Concurrent Process Non-Strong References 12.031ms
[76.744s][info][gc,phases   ] GC(116) Concurrent Reset Relocation Set 0.014ms
[76.745s][info][gc,phases   ] GC(116) Concurrent Select Relocation Set 1.478ms
[76.745s][info][gc,phases   ] GC(116) Pause Relocate Start 0.008ms
[76.746s][info][gc,phases   ] GC(116) Concurrent Relocate 0.874ms
[76.746s][info][gc,load     ] GC(116) Load: 0.00/0.00/0.00
[76.746s][info][gc,mmu      ] GC(116) MMU: 2ms/98.5%, 5ms/99.4%, 10ms/99.6%, 20ms/99.8%, 50ms/99.9%, 100ms/99.9%
[76.746s][info][gc,marking  ] GC(116) Mark: 2 stripe(s), 2 proactive flush(es), 1 terminate flush(es), 0 completion(s), 0 continuation(s) 
[76.746s][info][gc,marking  ] GC(116) Mark Stack Usage: 32M
[76.746s][info][gc,nmethod  ] GC(116) NMethods: 14877 registered, 2270 unregistered
[76.746s][info][gc,metaspace] GC(116) Metaspace: 99M used, 100M committed, 1152M reserved
[76.746s][info][gc,ref      ] GC(116) Soft: 4314 encountered, 0 discovered, 0 enqueued
[76.746s][info][gc,ref      ] GC(116) Weak: 7457 encountered, 149 discovered, 3 enqueued
[76.746s][info][gc,ref      ] GC(116) Final: 1 encountered, 1 discovered, 0 enqueued
[76.746s][info][gc,ref      ] GC(116) Phantom: 775 encountered, 505 discovered, 0 enqueued
[76.746s][info][gc,reloc    ] GC(116) Small Pages: 232 / 464M, Empty: 398M, Relocated: 1M, In-Place: 0
[76.746s][info][gc,reloc    ] GC(116) Medium Pages: 1 / 32M, Empty: 0M, Relocated: 0M, In-Place: 0
[76.746s][info][gc,reloc    ] GC(116) Large Pages: 7 / 62M, Empty: 0M, Relocated: 0M, In-Place: 0
[76.746s][info][gc,reloc    ] GC(116) Forwarding Usage: 0M
[76.746s][info][gc,heap     ] GC(116) Min Capacity: 2048M(100%)
[76.746s][info][gc,heap     ] GC(116) Max Capacity: 2048M(100%)
[76.746s][info][gc,heap     ] GC(116) Soft Max Capacity: 2048M(100%)
[76.746s][info][gc,heap     ] GC(116)                Mark Start          Mark End        Relocate Start      Relocate End           High               Low         
[76.746s][info][gc,heap     ] GC(116)  Capacity:     2048M (100%)       2048M (100%)       2048M (100%)       2048M (100%)       2048M (100%)       2048M (100%)   
[76.746s][info][gc,heap     ] GC(116)      Free:     1490M (73%)        1488M (73%)        1886M (92%)        1900M (93%)        1900M (93%)        1488M (73%)    
[76.746s][info][gc,heap     ] GC(116)      Used:      558M (27%)         560M (27%)         162M (8%)          148M (7%)          560M (27%)         148M (7%)     
[76.746s][info][gc,heap     ] GC(116)      Live:         -               107M (5%)          107M (5%)          107M (5%)             -                  -          
[76.746s][info][gc,heap     ] GC(116) Allocated:         -                 2M (0%)            2M (0%)            2M (0%)             -                  -          
[76.746s][info][gc,heap     ] GC(116)   Garbage:         -               450M (22%)          52M (3%)           38M (2%)             -                  -          
[76.746s][info][gc,heap     ] GC(116) Reclaimed:         -                  -               398M (19%)         412M (20%)            -                  -          
[76.746s][info][gc          ] GC(116) Garbage Collection (System.gc()) 558M(27%)->148M(7%)
[77.306s][info][gc,start    ] GC(117) Garbage Collection (Allocation Rate)
[77.306s][info][gc,task     ] GC(117) Using 1 workers
[77.307s][info][gc,phases   ] GC(117) Pause Mark Start 0.012ms
[77.368s][info][gc,phases   ] GC(117) Concurrent Mark 61.552ms
[77.368s][info][gc,phases   ] GC(117) Pause Mark End 0.017ms
[77.369s][info][gc,phases   ] GC(117) Concurrent Mark Free 0.001ms
[77.394s][info][gc,phases   ] GC(117) Concurrent Process Non-Strong References 25.570ms
[77.394s][info][gc,phases   ] GC(117) Concurrent Reset Relocation Set 0.002ms
[77.396s][info][gc,phases   ] GC(117) Concurrent Select Relocation Set 1.670ms
[77.396s][info][gc,phases   ] GC(117) Pause Relocate Start 0.012ms
[77.399s][info][gc,phases   ] GC(117) Concurrent Relocate 2.940ms
[77.399s][info][gc,load     ] GC(117) Load: 0.00/0.00/0.00
[77.399s][info][gc,mmu      ] GC(117) MMU: 2ms/98.5%, 5ms/99.4%, 10ms/99.6%, 20ms/99.8%, 50ms/99.9%, 100ms/99.9%
[77.399s][info][gc,marking  ] GC(117) Mark: 1 stripe(s), 2 proactive flush(es), 1 terminate flush(es), 0 completion(s), 0 continuation(s) 
[77.399s][info][gc,marking  ] GC(117) Mark Stack Usage: 32M
[77.399s][info][gc,nmethod  ] GC(117) NMethods: 14879 registered, 2270 unregistered
[77.399s][info][gc,metaspace] GC(117) Metaspace: 99M used, 100M committed, 1152M reserved
[77.399s][info][gc,ref      ] GC(117) Soft: 4314 encountered, 0 discovered, 0 enqueued
[77.399s][info][gc,ref      ] GC(117) Weak: 7464 encountered, 6252 discovered, 3 enqueued
[77.399s][info][gc,ref      ] GC(117) Final: 1 encountered, 0 discovered, 0 enqueued
[77.399s][info][gc,ref      ] GC(117) Phantom: 775 encountered, 397 discovered, 0 enqueued
[77.399s][info][gc,reloc    ] GC(117) Small Pages: 515 / 1030M, Empty: 640M, Relocated: 0M, In-Place: 0
[77.399s][info][gc,reloc    ] GC(117) Medium Pages: 2 / 64M, Empty: 32M, Relocated: 0M, In-Place: 0
[77.399s][info][gc,reloc    ] GC(117) Large Pages: 7 / 62M, Empty: 0M, Relocated: 0M, In-Place: 0
[77.399s][info][gc,reloc    ] GC(117) Forwarding Usage: 0M
[77.399s][info][gc,heap     ] GC(117) Min Capacity: 2048M(100%)
[77.399s][info][gc,heap     ] GC(117) Max Capacity: 2048M(100%)
[77.399s][info][gc,heap     ] GC(117) Soft Max Capacity: 2048M(100%)
[77.399s][info][gc,heap     ] GC(117)                Mark Start          Mark End        Relocate Start      Relocate End           High               Low         
[77.399s][info][gc,heap     ] GC(117)  Capacity:     2048M (100%)       2048M (100%)       2048M (100%)       2048M (100%)       2048M (100%)       2048M (100%)   
[77.399s][info][gc,heap     ] GC(117)      Free:      892M (44%)         760M (37%)        1374M (67%)        1708M (83%)        1708M (83%)         706M (34%)    
[77.399s][info][gc,heap     ] GC(117)      Used:     1156M (56%)        1288M (63%)         674M (33%)         340M (17%)        1342M (66%)         340M (17%)    
[77.399s][info][gc,heap     ] GC(117)      Live:         -               108M (5%)          108M (5%)          108M (5%)             -                  -          
[77.400s][info][gc,heap     ] GC(117) Allocated:         -               132M (6%)          190M (9%)          193M (9%)             -                  -          
[77.400s][info][gc,heap     ] GC(117)   Garbage:         -              1047M (51%)         375M (18%)          37M (2%)             -                  -          
[77.400s][info][gc,heap     ] GC(117) Reclaimed:         -                  -               672M (33%)        1009M (49%)            -                  -          
[77.400s][info][gc          ] GC(117) Garbage Collection (Allocation Rate) 1156M(56%)->340M(17%)
[77.907s][info][gc,start    ] GC(118) Garbage Collection (Allocation Rate)
[77.907s][info][gc,task     ] GC(118) Using 2 workers
[77.907s][info][gc,phases   ] GC(118) Pause Mark Start 0.007ms
[78.002s][info][gc,phases   ] GC(118) Concurrent Mark 94.964ms
[78.002s][info][gc,phases   ] GC(118) Pause Mark End 0.018ms
[78.002s][info][gc,phases   ] GC(118) Concurrent Mark Free 0.001ms
[78.016s][info][gc,phases   ] GC(118) Concurrent Process Non-Strong References 13.583ms
[78.016s][info][gc,phases   ] GC(118) Concurrent Reset Relocation Set 0.010ms
[78.022s][info][gc,phases   ] GC(118) Concurrent Select Relocation Set 5.640ms
[78.022s][info][gc,phases   ] GC(118) Pause Relocate Start 0.014ms
[78.048s][info][gc,phases   ] GC(118) Concurrent Relocate 26.509ms
[78.048s][info][gc,load     ] GC(118) Load: 0.00/0.00/0.00
[78.049s][info][gc,mmu      ] GC(118) MMU: 2ms/98.5%, 5ms/99.4%, 10ms/99.6%, 20ms/99.8%, 50ms/99.9%, 100ms/99.9%
[78.049s][info][gc,marking  ] GC(118) Mark: 2 stripe(s), 3 proactive flush(es), 1 terminate flush(es), 0 completion(s), 0 continuation(s) 
[78.049s][info][gc,marking  ] GC(118) Mark Stack Usage: 32M
[78.049s][info][gc,nmethod  ] GC(118) NMethods: 14879 registered, 2270 unregistered
[78.049s][info][gc,metaspace] GC(118) Metaspace: 99M used, 100M committed, 1152M reserved
[78.049s][info][gc,ref      ] GC(118) Soft: 4314 encountered, 0 discovered, 0 enqueued
[78.049s][info][gc,ref      ] GC(118) Weak: 7464 encountered, 103 discovered, 6 enqueued
[78.049s][info][gc,ref      ] GC(118) Final: 1 encountered, 1 discovered, 0 enqueued
[78.049s][info][gc,ref      ] GC(118) Phantom: 775 encountered, 654 discovered, 0 enqueued
[78.049s][info][gc,reloc    ] GC(118) Small Pages: 702 / 1404M, Empty: 356M, Relocated: 27M, In-Place: 0
[78.049s][info][gc,reloc    ] GC(118) Medium Pages: 2 / 64M, Empty: 0M, Relocated: 4M, In-Place: 0
[78.049s][info][gc,reloc    ] GC(118) Large Pages: 7 / 62M, Empty: 0M, Relocated: 0M, In-Place: 0
[78.049s][info][gc,reloc    ] GC(118) Forwarding Usage: 16M
[78.049s][info][gc,heap     ] GC(118) Min Capacity: 2048M(100%)
[78.049s][info][gc,heap     ] GC(118) Max Capacity: 2048M(100%)
[78.049s][info][gc,heap     ] GC(118) Soft Max Capacity: 2048M(100%)
[78.049s][info][gc,heap     ] GC(118)                Mark Start          Mark End        Relocate Start      Relocate End           High               Low         
[78.049s][info][gc,heap     ] GC(118)  Capacity:     2048M (100%)       2048M (100%)       2048M (100%)       2048M (100%)       2048M (100%)       2048M (100%)   
[78.049s][info][gc,heap     ] GC(118)      Free:      518M (25%)         286M (14%)         594M (29%)        1512M (74%)        1512M (74%)         254M (12%)    
[78.049s][info][gc,heap     ] GC(118)      Used:     1530M (75%)        1762M (86%)        1454M (71%)         536M (26%)        1794M (88%)         536M (26%)    
[78.049s][info][gc,heap     ] GC(118)      Live:         -               135M (7%)          135M (7%)          135M (7%)             -                  -          
[78.049s][info][gc,heap     ] GC(118) Allocated:         -               232M (11%)         280M (14%)         363M (18%)            -                  -          
[78.049s][info][gc,heap     ] GC(118)   Garbage:         -              1394M (68%)        1038M (51%)          36M (2%)             -                  -          
[78.049s][info][gc,heap     ] GC(118) Reclaimed:         -                  -               356M (17%)        1357M (66%)            -                  -          
[78.049s][info][gc          ] GC(118) Garbage Collection (Allocation Rate) 1530M(75%)->536M(26%)
[78.275s][info][gc,start    ] GC(119) Garbage Collection (System.gc())
[78.275s][info][gc,task     ] GC(119) Using 2 workers
[78.275s][info][gc,phases   ] GC(119) Pause Mark Start 0.007ms
[78.338s][info][gc,phases   ] GC(119) Concurrent Mark 62.407ms
[78.338s][info][gc,phases   ] GC(119) Pause Mark End 0.022ms
[78.338s][info][gc,phases   ] GC(119) Concurrent Mark Free 0.002ms
[78.351s][info][gc,phases   ] GC(119) Concurrent Process Non-Strong References 12.803ms
[78.351s][info][gc,phases   ] GC(119) Concurrent Reset Relocation Set 0.026ms
[78.354s][info][gc,phases   ] GC(119) Concurrent Select Relocation Set 2.619ms
[78.354s][info][gc,phases   ] GC(119) Pause Relocate Start 0.008ms
[78.355s][info][gc,phases   ] GC(119) Concurrent Relocate 0.778ms
[78.355s][info][gc,load     ] GC(119) Load: 0.00/0.00/0.00
[78.355s][info][gc,mmu      ] GC(119) MMU: 2ms/98.5%, 5ms/99.4%, 10ms/99.6%, 20ms/99.8%, 50ms/99.9%, 100ms/99.9%
[78.355s][info][gc,marking  ] GC(119) Mark: 2 stripe(s), 2 proactive flush(es), 1 terminate flush(es), 0 completion(s), 0 continuation(s) 
[78.355s][info][gc,marking  ] GC(119) Mark Stack Usage: 32M
[78.355s][info][gc,nmethod  ] GC(119) NMethods: 14879 registered, 2270 unregistered
[78.355s][info][gc,metaspace] GC(119) Metaspace: 99M used, 100M committed, 1152M reserved
[78.355s][info][gc,ref      ] GC(119) Soft: 4314 encountered, 0 discovered, 0 enqueued
[78.355s][info][gc,ref      ] GC(119) Weak: 7457 encountered, 418 discovered, 3 enqueued
[78.355s][info][gc,ref      ] GC(119) Final: 1 encountered, 1 discovered, 0 enqueued
[78.355s][info][gc,ref      ] GC(119) Phantom: 775 encountered, 581 discovered, 0 enqueued
[78.355s][info][gc,reloc    ] GC(119) Small Pages: 474 / 948M, Empty: 870M, Relocated: 1M, In-Place: 0
[78.355s][info][gc,reloc    ] GC(119) Medium Pages: 2 / 64M, Empty: 32M, Relocated: 0M, In-Place: 0
[78.355s][info][gc,reloc    ] GC(119) Large Pages: 7 / 62M, Empty: 0M, Relocated: 0M, In-Place: 0
[78.355s][info][gc,reloc    ] GC(119) Forwarding Usage: 0M
[78.355s][info][gc,heap     ] GC(119) Min Capacity: 2048M(100%)
[78.355s][info][gc,heap     ] GC(119) Max Capacity: 2048M(100%)
[78.355s][info][gc,heap     ] GC(119) Soft Max Capacity: 2048M(100%)
[78.355s][info][gc,heap     ] GC(119)                Mark Start          Mark End        Relocate Start      Relocate End           High               Low         
[78.355s][info][gc,heap     ] GC(119)  Capacity:     2048M (100%)       2048M (100%)       2048M (100%)       2048M (100%)       2048M (100%)       2048M (100%)   
[78.355s][info][gc,heap     ] GC(119)      Free:      974M (48%)         974M (48%)        1876M (92%)        1902M (93%)        1902M (93%)         974M (48%)    
[78.355s][info][gc,heap     ] GC(119)      Used:     1074M (52%)        1074M (52%)         172M (8%)          146M (7%)         1074M (52%)         146M (7%)     
[78.355s][info][gc,heap     ] GC(119)      Live:         -               107M (5%)          107M (5%)          107M (5%)             -                  -          
[78.355s][info][gc,heap     ] GC(119) Allocated:         -                 0M (0%)            0M (0%)            0M (0%)             -                  -          
[78.355s][info][gc,heap     ] GC(119)   Garbage:         -               966M (47%)          64M (3%)           38M (2%)             -                  -          
[78.355s][info][gc,heap     ] GC(119) Reclaimed:         -                  -               902M (44%)         928M (45%)            -                  -          
[78.355s][info][gc          ] GC(119) Garbage Collection (System.gc()) 1074M(52%)->146M(7%)
[79.008s][info][gc,start    ] GC(120) Garbage Collection (Allocation Rate)
[79.008s][info][gc,task     ] GC(120) Using 2 workers
[79.008s][info][gc,phases   ] GC(120) Pause Mark Start 0.005ms
[79.055s][info][gc,phases   ] GC(120) Concurrent Mark 47.364ms
[79.056s][info][gc,phases   ] GC(120) Pause Mark End 0.016ms
[79.056s][info][gc,phases   ] GC(120) Concurrent Mark Free 0.001ms
[79.069s][info][gc,phases   ] GC(120) Concurrent Process Non-Strong References 13.272ms
[79.069s][info][gc,phases   ] GC(120) Concurrent Reset Relocation Set 0.002ms
[79.071s][info][gc,phases   ] GC(120) Concurrent Select Relocation Set 2.295ms
[79.071s][info][gc,phases   ] GC(120) Pause Relocate Start 0.013ms
[79.074s][info][gc,phases   ] GC(120) Concurrent Relocate 1.940ms
[79.074s][info][gc,load     ] GC(120) Load: 0.00/0.00/0.00
[79.074s][info][gc,mmu      ] GC(120) MMU: 2ms/98.5%, 5ms/99.4%, 10ms/99.6%, 20ms/99.8%, 50ms/99.9%, 100ms/99.9%
[79.074s][info][gc,marking  ] GC(120) Mark: 2 stripe(s), 2 proactive flush(es), 1 terminate flush(es), 0 completion(s), 0 continuation(s) 
[79.074s][info][gc,marking  ] GC(120) Mark Stack Usage: 32M
[79.074s][info][gc,nmethod  ] GC(120) NMethods: 14884 registered, 2270 unregistered
[79.074s][info][gc,metaspace] GC(120) Metaspace: 99M used, 100M committed, 1152M reserved
[79.074s][info][gc,ref      ] GC(120) Soft: 4314 encountered, 0 discovered, 0 enqueued
[79.074s][info][gc,ref      ] GC(120) Weak: 7460 encountered, 90 discovered, 1 enqueued
[79.074s][info][gc,ref      ] GC(120) Final: 1 encountered, 0 discovered, 0 enqueued
[79.074s][info][gc,ref      ] GC(120) Phantom: 775 encountered, 572 discovered, 0 enqueued
[79.074s][info][gc,reloc    ] GC(120) Small Pages: 606 / 1212M, Empty: 832M, Relocated: 1M, In-Place: 0
[79.074s][info][gc,reloc    ] GC(120) Medium Pages: 2 / 64M, Empty: 32M, Relocated: 0M, In-Place: 0
[79.074s][info][gc,reloc    ] GC(120) Large Pages: 7 / 62M, Empty: 0M, Relocated: 0M, In-Place: 0
[79.074s][info][gc,reloc    ] GC(120) Forwarding Usage: 0M
[79.074s][info][gc,heap     ] GC(120) Min Capacity: 2048M(100%)
[79.074s][info][gc,heap     ] GC(120) Max Capacity: 2048M(100%)
[79.074s][info][gc,heap     ] GC(120) Soft Max Capacity: 2048M(100%)
[79.074s][info][gc,heap     ] GC(120)                Mark Start          Mark End        Relocate Start      Relocate End           High               Low         
[79.074s][info][gc,heap     ] GC(120)  Capacity:     2048M (100%)       2048M (100%)       2048M (100%)       2048M (100%)       2048M (100%)       2048M (100%)   
[79.074s][info][gc,heap     ] GC(120)      Free:      710M (35%)         608M (30%)        1444M (71%)        1766M (86%)        1766M (86%)         584M (29%)    
[79.074s][info][gc,heap     ] GC(120)      Used:     1338M (65%)        1440M (70%)         604M (29%)         282M (14%)        1464M (71%)         282M (14%)    
[79.074s][info][gc,heap     ] GC(120)      Live:         -               108M (5%)          108M (5%)          108M (5%)             -                  -          
[79.074s][info][gc,heap     ] GC(120) Allocated:         -               102M (5%)          130M (6%)          133M (7%)             -                  -          
[79.074s][info][gc,heap     ] GC(120)   Garbage:         -              1229M (60%)         365M (18%)          39M (2%)             -                  -          
[79.074s][info][gc,heap     ] GC(120) Reclaimed:         -                  -               864M (42%)        1189M (58%)            -                  -          
[79.074s][info][gc          ] GC(120) Garbage Collection (Allocation Rate) 1338M(65%)->282M(14%)
[79.608s][info][gc,start    ] GC(121) Garbage Collection (Allocation Rate)
[79.608s][info][gc,task     ] GC(121) Using 2 workers
[79.608s][info][gc,phases   ] GC(121) Pause Mark Start 0.011ms
[79.688s][info][gc,phases   ] GC(121) Concurrent Mark 79.314ms
[79.688s][info][gc,phases   ] GC(121) Pause Mark End 0.018ms
[79.688s][info][gc,phases   ] GC(121) Concurrent Mark Free 0.001ms
[79.702s][info][gc,phases   ] GC(121) Concurrent Process Non-Strong References 14.071ms
[79.702s][info][gc,phases   ] GC(121) Concurrent Reset Relocation Set 0.011ms
[79.708s][info][gc,phases   ] GC(121) Concurrent Select Relocation Set 5.642ms
[79.708s][info][gc,phases   ] GC(121) Pause Relocate Start 0.014ms
[79.736s][info][gc,phases   ] GC(121) Concurrent Relocate 27.501ms
[79.736s][info][gc,load     ] GC(121) Load: 0.00/0.00/0.00
[79.736s][info][gc,mmu      ] GC(121) MMU: 2ms/98.5%, 5ms/99.4%, 10ms/99.6%, 20ms/99.8%, 50ms/99.9%, 100ms/99.9%
[79.736s][info][gc,marking  ] GC(121) Mark: 2 stripe(s), 2 proactive flush(es), 1 terminate flush(es), 0 completion(s), 0 continuation(s) 
[79.736s][info][gc,marking  ] GC(121) Mark Stack Usage: 32M
[79.736s][info][gc,nmethod  ] GC(121) NMethods: 14884 registered, 2270 unregistered
[79.736s][info][gc,metaspace] GC(121) Metaspace: 99M used, 100M committed, 1152M reserved
[79.736s][info][gc,ref      ] GC(121) Soft: 4314 encountered, 0 discovered, 0 enqueued
[79.736s][info][gc,ref      ] GC(121) Weak: 7460 encountered, 91 discovered, 6 enqueued
[79.736s][info][gc,ref      ] GC(121) Final: 1 encountered, 0 discovered, 0 enqueued
[79.736s][info][gc,ref      ] GC(121) Phantom: 775 encountered, 582 discovered, 0 enqueued
[79.736s][info][gc,reloc    ] GC(121) Small Pages: 722 / 1444M, Empty: 316M, Relocated: 27M, In-Place: 0
[79.736s][info][gc,reloc    ] GC(121) Medium Pages: 2 / 64M, Empty: 0M, Relocated: 4M, In-Place: 0
[79.736s][info][gc,reloc    ] GC(121) Large Pages: 7 / 62M, Empty: 0M, Relocated: 0M, In-Place: 0
[79.736s][info][gc,reloc    ] GC(121) Forwarding Usage: 17M
[79.736s][info][gc,heap     ] GC(121) Min Capacity: 2048M(100%)
[79.736s][info][gc,heap     ] GC(121) Max Capacity: 2048M(100%)
[79.736s][info][gc,heap     ] GC(121) Soft Max Capacity: 2048M(100%)
[79.736s][info][gc,heap     ] GC(121)                Mark Start          Mark End        Relocate Start      Relocate End           High               Low         
[79.736s][info][gc,heap     ] GC(121)  Capacity:     2048M (100%)       2048M (100%)       2048M (100%)       2048M (100%)       2048M (100%)       2048M (100%)   
[79.736s][info][gc,heap     ] GC(121)      Free:      478M (23%)         282M (14%)         548M (27%)        1540M (75%)        1540M (75%)         246M (12%)    
[79.736s][info][gc,heap     ] GC(121)      Used:     1570M (77%)        1766M (86%)        1500M (73%)         508M (25%)        1802M (88%)         508M (25%)    
[79.736s][info][gc,heap     ] GC(121)      Live:         -               135M (7%)          135M (7%)          135M (7%)             -                  -          
[79.736s][info][gc,heap     ] GC(121) Allocated:         -               196M (10%)         246M (12%)         335M (16%)            -                  -          
[79.736s][info][gc,heap     ] GC(121)   Garbage:         -              1434M (70%)        1118M (55%)          36M (2%)             -                  -          
[79.736s][info][gc,heap     ] GC(121) Reclaimed:         -                  -               316M (15%)        1397M (68%)            -                  -          
[79.736s][info][gc          ] GC(121) Garbage Collection (Allocation Rate) 1570M(77%)->508M(25%)
[79.886s][info][gc,start    ] GC(122) Garbage Collection (System.gc())
[79.886s][info][gc,task     ] GC(122) Using 2 workers
[79.886s][info][gc,phases   ] GC(122) Pause Mark Start 0.005ms
[79.944s][info][gc,phases   ] GC(122) Concurrent Mark 57.925ms
[79.944s][info][gc,phases   ] GC(122) Pause Mark End 0.023ms
[79.944s][info][gc,phases   ] GC(122) Concurrent Mark Free 0.002ms
[79.957s][info][gc,phases   ] GC(122) Concurrent Process Non-Strong References 12.880ms
[79.957s][info][gc,phases   ] GC(122) Concurrent Reset Relocation Set 0.045ms
[79.960s][info][gc,phases   ] GC(122) Concurrent Select Relocation Set 2.592ms
[79.960s][info][gc,phases   ] GC(122) Pause Relocate Start 0.011ms
[79.960s][info][gc,phases   ] GC(122) Concurrent Relocate 0.627ms
[79.961s][info][gc,load     ] GC(122) Load: 0.00/0.00/0.00
[79.961s][info][gc,mmu      ] GC(122) MMU: 2ms/98.5%, 5ms/99.4%, 10ms/99.6%, 20ms/99.8%, 50ms/99.9%, 100ms/99.9%
[79.961s][info][gc,marking  ] GC(122) Mark: 2 stripe(s), 2 proactive flush(es), 1 terminate flush(es), 0 completion(s), 0 continuation(s) 
[79.961s][info][gc,marking  ] GC(122) Mark Stack Usage: 32M
[79.961s][info][gc,nmethod  ] GC(122) NMethods: 14884 registered, 2270 unregistered
[79.961s][info][gc,metaspace] GC(122) Metaspace: 99M used, 100M committed, 1152M reserved
[79.961s][info][gc,ref      ] GC(122) Soft: 4314 encountered, 0 discovered, 0 enqueued
[79.961s][info][gc,ref      ] GC(122) Weak: 7453 encountered, 6480 discovered, 3 enqueued
[79.961s][info][gc,ref      ] GC(122) Final: 1 encountered, 1 discovered, 0 enqueued
[79.961s][info][gc,ref      ] GC(122) Phantom: 775 encountered, 547 discovered, 0 enqueued
[79.961s][info][gc,reloc    ] GC(122) Small Pages: 359 / 718M, Empty: 642M, Relocated: 1M, In-Place: 0
[79.961s][info][gc,reloc    ] GC(122) Medium Pages: 2 / 64M, Empty: 32M, Relocated: 0M, In-Place: 0
[79.961s][info][gc,reloc    ] GC(122) Large Pages: 7 / 62M, Empty: 0M, Relocated: 0M, In-Place: 0
[79.961s][info][gc,reloc    ] GC(122) Forwarding Usage: 0M
[79.961s][info][gc,heap     ] GC(122) Min Capacity: 2048M(100%)
[79.961s][info][gc,heap     ] GC(122) Max Capacity: 2048M(100%)
[79.961s][info][gc,heap     ] GC(122) Soft Max Capacity: 2048M(100%)
[79.961s][info][gc,heap     ] GC(122)                Mark Start          Mark End        Relocate Start      Relocate End           High               Low         
[79.961s][info][gc,heap     ] GC(122)  Capacity:     2048M (100%)       2048M (100%)       2048M (100%)       2048M (100%)       2048M (100%)       2048M (100%)   
[79.961s][info][gc,heap     ] GC(122)      Free:     1204M (59%)        1204M (59%)        1878M (92%)        1902M (93%)        1902M (93%)        1204M (59%)    
[79.961s][info][gc,heap     ] GC(122)      Used:      844M (41%)         844M (41%)         170M (8%)          146M (7%)          844M (41%)         146M (7%)     
[79.961s][info][gc,heap     ] GC(122)      Live:         -               107M (5%)          107M (5%)          107M (5%)             -                  -          
[79.961s][info][gc,heap     ] GC(122) Allocated:         -                 0M (0%)            0M (0%)            0M (0%)             -                  -          
[79.961s][info][gc,heap     ] GC(122)   Garbage:         -               736M (36%)          62M (3%)           38M (2%)             -                  -          
[79.961s][info][gc,heap     ] GC(122) Reclaimed:         -                  -               674M (33%)         698M (34%)            -                  -          
[79.961s][info][gc          ] GC(122) Garbage Collection (System.gc()) 844M(41%)->146M(7%)
[80.106s][info][gc,stats    ] === Garbage Collection Statistics =======================================================================================================================
[80.106s][info][gc,stats    ]                                                              Last 10s              Last 10m              Last 10h                Total
[80.108s][info][gc,stats    ]                                                              Avg / Max             Avg / Max             Avg / Max             Avg / Max
[80.108s][info][gc,stats    ]   Collector: Garbage Collection Cycle                    116.408 / 205.886     302.094 / 1215.582    302.094 / 1215.582    302.094 / 1215.582    ms
[80.108s][info][gc,stats    ]  Contention: Mark Segment Reset Contention                     0 / 1                 8 / 496               8 / 496               8 / 496         ops/s
[80.108s][info][gc,stats    ]  Contention: Mark SeqNum Reset Contention                      0 / 0                 0 / 4                 0 / 4                 0 / 4           ops/s
[80.108s][info][gc,stats    ]    Critical: Allocation Stall                                  0 / 0                 0 / 6                 0 / 6                 0 / 6           ops/s
[80.108s][info][gc,stats    ]    Critical: Allocation Stall                              0.000 / 0.000       513.228 / 1001.934    513.228 / 1001.934    513.228 / 1001.934    ms
[80.108s][info][gc,stats    ]    Critical: GC Locker Stall                                   0 / 0                 0 / 1                 0 / 1                 0 / 1           ops/s
[80.108s][info][gc,stats    ]    Critical: GC Locker Stall                               0.000 / 0.000         0.000 / 0.000         0.000 / 0.000         0.000 / 0.000       ms
[80.108s][info][gc,stats    ]    Critical: Relocation Stall                                  0 / 0                 0 / 1                 0 / 1                 0 / 1           ops/s
[80.108s][info][gc,stats    ]    Critical: Relocation Stall                              0.000 / 0.000         7.319 / 11.251        7.319 / 11.251        7.319 / 11.251      ms
[80.108s][info][gc,stats    ]      Memory: Allocation Rate                                2012 / 2218           1063 / 2422           1063 / 2422           1063 / 2422        MB/s
[80.108s][info][gc,stats    ]      Memory: Out Of Memory                                     0 / 0                 0 / 0                 0 / 0                 0 / 0           ops/s
[80.108s][info][gc,stats    ]      Memory: Page Cache Flush                                  0 / 0                12 / 172              12 / 172              12 / 172         MB/s
[80.108s][info][gc,stats    ]      Memory: Page Cache Hit L1                               990 / 1108            513 / 1197            513 / 1197            513 / 1197        ops/s
[80.108s][info][gc,stats    ]      Memory: Page Cache Hit L2                                 0 / 0                 0 / 0                 0 / 0                 0 / 0           ops/s
[80.108s][info][gc,stats    ]      Memory: Page Cache Hit L3                                 0 / 0                15 / 289              15 / 289              15 / 289         ops/s
[80.108s][info][gc,stats    ]      Memory: Page Cache Miss                                   0 / 0                 0 / 11                0 / 11                0 / 11          ops/s
[80.108s][info][gc,stats    ]      Memory: Uncommit                                          0 / 0                 0 / 0                 0 / 0                 0 / 0           MB/s
[80.108s][info][gc,stats    ]      Memory: Undo Object Allocation Failed                     0 / 1                 0 / 3                 0 / 3                 0 / 3           ops/s
[80.108s][info][gc,stats    ]      Memory: Undo Object Allocation Succeeded                  0 / 2                11 / 520              11 / 520              11 / 520         ops/s
[80.108s][info][gc,stats    ]      Memory: Undo Page Allocation                              0 / 0                 0 / 3                 0 / 3                 0 / 3           ops/s
[80.108s][info][gc,stats    ]       Phase: Concurrent Mark                              81.427 / 133.300     252.383 / 1158.372    252.383 / 1158.372    252.383 / 1158.372    ms
[80.108s][info][gc,stats    ]       Phase: Concurrent Mark Continue                      0.000 / 0.000         0.000 / 0.000         0.000 / 0.000         0.000 / 0.000       ms
[80.108s][info][gc,stats    ]       Phase: Concurrent Mark Free                          0.001 / 0.002         0.036 / 4.217         0.036 / 4.217         0.036 / 4.217       ms
[80.108s][info][gc,stats    ]       Phase: Concurrent Process Non-Strong References     19.749 / 27.412       15.757 / 31.183       15.757 / 31.183       15.757 / 31.183      ms
[80.108s][info][gc,stats    ]       Phase: Concurrent Relocate                          11.130 / 41.593       26.976 / 247.779      26.976 / 247.779      26.976 / 247.779     ms
[80.108s][info][gc,stats    ]       Phase: Concurrent Reset Relocation Set               0.014 / 0.045         0.015 / 0.061         0.015 / 0.061         0.015 / 0.061       ms
[80.108s][info][gc,stats    ]       Phase: Concurrent Select Relocation Set              3.087 / 6.053         5.573 / 40.244        5.573 / 40.244        5.573 / 40.244      ms
[80.108s][info][gc,stats    ]       Phase: Pause Mark End                                0.017 / 0.025         0.017 / 0.030         0.017 / 0.030         0.017 / 0.030       ms
[80.108s][info][gc,stats    ]       Phase: Pause Mark Start                              0.009 / 0.012         0.009 / 0.030         0.009 / 0.030         0.009 / 0.030       ms
[80.108s][info][gc,stats    ]       Phase: Pause Relocate Start                          0.011 / 0.016         0.011 / 0.018         0.011 / 0.018         0.011 / 0.018       ms
[80.108s][info][gc,stats    ]    Subphase: Concurrent Classes Purge                      0.695 / 0.930         0.548 / 1.058         0.548 / 1.058         0.548 / 1.058       ms
[80.108s][info][gc,stats    ]    Subphase: Concurrent Classes Unlink                    17.421 / 24.465       13.741 / 28.085       13.741 / 28.085       13.741 / 28.085      ms
[80.108s][info][gc,stats    ]    Subphase: Concurrent Mark                              69.133 / 131.193     280.778 / 1155.457    280.778 / 1155.457    280.778 / 1155.457    ms
[80.108s][info][gc,stats    ]    Subphase: Concurrent Mark Try Flush                     0.093 / 0.409         0.100 / 0.511         0.100 / 0.511         0.100 / 0.511       ms
[80.108s][info][gc,stats    ]    Subphase: Concurrent Mark Try Terminate                 2.211 / 16.389        2.458 / 16.923        2.458 / 16.923        2.458 / 16.923      ms
[80.109s][info][gc,stats    ]    Subphase: Concurrent References Enqueue                 0.005 / 0.008         0.005 / 0.009         0.005 / 0.009         0.005 / 0.009       ms
[80.109s][info][gc,stats    ]    Subphase: Concurrent References Process                 0.594 / 1.026         0.544 / 1.172         0.544 / 1.172         0.544 / 1.172       ms
[80.109s][info][gc,stats    ]    Subphase: Concurrent Roots ClassLoaderDataGraph         0.140 / 0.273         0.146 / 0.429         0.146 / 0.429         0.146 / 0.429       ms
[80.109s][info][gc,stats    ]    Subphase: Concurrent Roots CodeCache                    0.000 / 0.000         0.000 / 0.000         0.000 / 0.000         0.000 / 0.000       ms
[80.109s][info][gc,stats    ]    Subphase: Concurrent Roots JavaThreads                  1.273 / 2.325         1.553 / 2.895         1.553 / 2.895         1.553 / 2.895       ms
[80.109s][info][gc,stats    ]    Subphase: Concurrent Roots OopStorageSet                0.040 / 0.157         0.038 / 0.157         0.038 / 0.157         0.038 / 0.157       ms
[80.109s][info][gc,stats    ]    Subphase: Concurrent Weak Roots OopStorageSet           0.796 / 1.390         0.690 / 1.390         0.690 / 1.390         0.690 / 1.390       ms
[80.109s][info][gc,stats    ]    Subphase: Pause Mark Try Complete                       0.000 / 0.000         0.000 / 0.000         0.000 / 0.000         0.000 / 0.000       ms
[80.109s][info][gc,stats    ]      System: Java Threads                                     40 / 43               41 / 48               41 / 48               41 / 48          threads
[80.109s][info][gc,stats    ] =========================================================================================================================================================
[80.600s][info][gc,start    ] GC(123) Garbage Collection (Allocation Rate)
[80.600s][info][gc,task     ] GC(123) Using 2 workers
[80.600s][info][gc,phases   ] GC(123) Pause Mark Start 0.008ms
[80.648s][info][gc,phases   ] GC(123) Concurrent Mark 47.320ms
[80.648s][info][gc,phases   ] GC(123) Pause Mark End 0.013ms
[80.648s][info][gc,phases   ] GC(123) Concurrent Mark Free 0.002ms
[80.661s][info][gc,phases   ] GC(123) Concurrent Process Non-Strong References 13.265ms
[80.661s][info][gc,phases   ] GC(123) Concurrent Reset Relocation Set 0.002ms
[80.664s][info][gc,phases   ] GC(123) Concurrent Select Relocation Set 2.008ms
[80.664s][info][gc,phases   ] GC(123) Pause Relocate Start 0.010ms
[80.667s][info][gc,phases   ] GC(123) Concurrent Relocate 2.937ms
[80.667s][info][gc,load     ] GC(123) Load: 0.00/0.00/0.00
[80.667s][info][gc,mmu      ] GC(123) MMU: 2ms/98.5%, 5ms/99.4%, 10ms/99.6%, 20ms/99.8%, 50ms/99.9%, 100ms/99.9%
[80.667s][info][gc,marking  ] GC(123) Mark: 2 stripe(s), 2 proactive flush(es), 1 terminate flush(es), 0 completion(s), 0 continuation(s) 
[80.667s][info][gc,marking  ] GC(123) Mark Stack Usage: 32M
[80.667s][info][gc,nmethod  ] GC(123) NMethods: 14913 registered, 2270 unregistered
[80.667s][info][gc,metaspace] GC(123) Metaspace: 99M used, 100M committed, 1152M reserved
[80.667s][info][gc,ref      ] GC(123) Soft: 4314 encountered, 0 discovered, 0 enqueued
[80.667s][info][gc,ref      ] GC(123) Weak: 7460 encountered, 97 discovered, 1 enqueued
[80.667s][info][gc,ref      ] GC(123) Final: 1 encountered, 0 discovered, 0 enqueued
[80.667s][info][gc,ref      ] GC(123) Phantom: 775 encountered, 607 discovered, 0 enqueued
[80.667s][info][gc,reloc    ] GC(123) Small Pages: 591 / 1182M, Empty: 638M, Relocated: 1M, In-Place: 0
[80.667s][info][gc,reloc    ] GC(123) Medium Pages: 2 / 64M, Empty: 32M, Relocated: 0M, In-Place: 0
[80.667s][info][gc,reloc    ] GC(123) Large Pages: 7 / 62M, Empty: 0M, Relocated: 0M, In-Place: 0
[80.667s][info][gc,reloc    ] GC(123) Forwarding Usage: 0M
[80.667s][info][gc,heap     ] GC(123) Min Capacity: 2048M(100%)
[80.667s][info][gc,heap     ] GC(123) Max Capacity: 2048M(100%)
[80.667s][info][gc,heap     ] GC(123) Soft Max Capacity: 2048M(100%)
[80.667s][info][gc,heap     ] GC(123)                Mark Start          Mark End        Relocate Start      Relocate End           High               Low         
[80.667s][info][gc,heap     ] GC(123)  Capacity:     2048M (100%)       2048M (100%)       2048M (100%)       2048M (100%)       2048M (100%)       2048M (100%)   
[80.667s][info][gc,heap     ] GC(123)      Free:      740M (36%)         640M (31%)        1276M (62%)        1762M (86%)        1762M (86%)         612M (30%)    
[80.667s][info][gc,heap     ] GC(123)      Used:     1308M (64%)        1408M (69%)         772M (38%)         286M (14%)        1436M (70%)         286M (14%)    
[80.667s][info][gc,heap     ] GC(123)      Live:         -               108M (5%)          108M (5%)          108M (5%)             -                  -          
[80.667s][info][gc,heap     ] GC(123) Allocated:         -               100M (5%)          134M (7%)          137M (7%)             -                  -          
[80.667s][info][gc,heap     ] GC(123)   Garbage:         -              1199M (59%)         529M (26%)          39M (2%)             -                  -          
[80.667s][info][gc,heap     ] GC(123) Reclaimed:         -                  -               670M (33%)        1159M (57%)            -                  -          
[80.667s][info][gc          ] GC(123) Garbage Collection (Allocation Rate) 1308M(64%)->286M(14%)
[81.094s][info][gc,start    ] GC(124) Garbage Collection (Allocation Rate)
[81.094s][info][gc,task     ] GC(124) Using 1 workers
[81.095s][info][gc,phases   ] GC(124) Pause Mark Start 0.006ms
[81.220s][info][gc,phases   ] GC(124) Concurrent Mark 124.941ms
[81.220s][info][gc,phases   ] GC(124) Pause Mark End 0.013ms
[81.220s][info][gc,phases   ] GC(124) Concurrent Mark Free 0.001ms
[81.246s][info][gc,phases   ] GC(124) Concurrent Process Non-Strong References 26.162ms
[81.246s][info][gc,phases   ] GC(124) Concurrent Reset Relocation Set 0.014ms
[81.252s][info][gc,phases   ] GC(124) Concurrent Select Relocation Set 5.356ms
[81.252s][info][gc,phases   ] GC(124) Pause Relocate Start 0.011ms
[81.293s][info][gc,phases   ] GC(124) Concurrent Relocate 41.629ms
[81.294s][info][gc,load     ] GC(124) Load: 0.00/0.00/0.00
[81.294s][info][gc,mmu      ] GC(124) MMU: 2ms/98.5%, 5ms/99.4%, 10ms/99.6%, 20ms/99.8%, 50ms/99.9%, 100ms/99.9%
[81.294s][info][gc,marking  ] GC(124) Mark: 1 stripe(s), 2 proactive flush(es), 1 terminate flush(es), 0 completion(s), 0 continuation(s) 
[81.294s][info][gc,marking  ] GC(124) Mark Stack Usage: 32M
[81.294s][info][gc,nmethod  ] GC(124) NMethods: 14913 registered, 2270 unregistered
[81.294s][info][gc,metaspace] GC(124) Metaspace: 99M used, 100M committed, 1152M reserved
[81.294s][info][gc,ref      ] GC(124) Soft: 4314 encountered, 0 discovered, 0 enqueued
[81.294s][info][gc,ref      ] GC(124) Weak: 7460 encountered, 6255 discovered, 6 enqueued
[81.294s][info][gc,ref      ] GC(124) Final: 1 encountered, 0 discovered, 0 enqueued
[81.294s][info][gc,ref      ] GC(124) Phantom: 775 encountered, 397 discovered, 0 enqueued
[81.294s][info][gc,reloc    ] GC(124) Small Pages: 602 / 1204M, Empty: 190M, Relocated: 27M, In-Place: 0
[81.294s][info][gc,reloc    ] GC(124) Medium Pages: 2 / 64M, Empty: 0M, Relocated: 4M, In-Place: 0
[81.294s][info][gc,reloc    ] GC(124) Large Pages: 7 / 62M, Empty: 0M, Relocated: 0M, In-Place: 0
[81.294s][info][gc,reloc    ] GC(124) Forwarding Usage: 16M
[81.294s][info][gc,heap     ] GC(124) Min Capacity: 2048M(100%)
[81.294s][info][gc,heap     ] GC(124) Max Capacity: 2048M(100%)
[81.294s][info][gc,heap     ] GC(124) Soft Max Capacity: 2048M(100%)
[81.294s][info][gc,heap     ] GC(124)                Mark Start          Mark End        Relocate Start      Relocate End           High               Low         
[81.294s][info][gc,heap     ] GC(124)  Capacity:     2048M (100%)       2048M (100%)       2048M (100%)       2048M (100%)       2048M (100%)       2048M (100%)   
[81.294s][info][gc,heap     ] GC(124)      Free:      718M (35%)         414M (20%)         532M (26%)        1378M (67%)        1378M (67%)         352M (17%)    
[81.294s][info][gc,heap     ] GC(124)      Used:     1330M (65%)        1634M (80%)        1516M (74%)         670M (33%)        1696M (83%)         670M (33%)    
[81.294s][info][gc,heap     ] GC(124)      Live:         -               135M (7%)          135M (7%)          135M (7%)             -                  -          
[81.294s][info][gc,heap     ] GC(124) Allocated:         -               304M (15%)         376M (18%)         498M (24%)            -                  -          
[81.294s][info][gc,heap     ] GC(124)   Garbage:         -              1194M (58%)        1004M (49%)          35M (2%)             -                  -          
[81.294s][info][gc,heap     ] GC(124) Reclaimed:         -                  -               190M (9%)         1158M (57%)            -                  -          
[81.294s][info][gc          ] GC(124) Garbage Collection (Allocation Rate) 1330M(65%)->670M(33%)
[81.397s][info][gc,start    ] GC(125) Garbage Collection (Allocation Rate)
[81.397s][info][gc,task     ] GC(125) Using 1 workers
[81.397s][info][gc,phases   ] GC(125) Pause Mark Start 0.009ms
[81.523s][info][gc,phases   ] GC(125) Concurrent Mark 126.538ms
[81.524s][info][gc,phases   ] GC(125) Pause Mark End 0.013ms
[81.524s][info][gc,phases   ] GC(125) Concurrent Mark Free 0.001ms
[81.548s][info][gc,phases   ] GC(125) Concurrent Process Non-Strong References 24.028ms
[81.548s][info][gc,phases   ] GC(125) Concurrent Reset Relocation Set 0.025ms
[81.551s][info][gc,phases   ] GC(125) Concurrent Select Relocation Set 3.576ms
[81.552s][info][gc,phases   ] GC(125) Pause Relocate Start 0.015ms
[81.558s][info][gc,phases   ] GC(125) Concurrent Relocate 6.095ms
[81.558s][info][gc,load     ] GC(125) Load: 0.00/0.00/0.00
[81.558s][info][gc,mmu      ] GC(125) MMU: 2ms/98.5%, 5ms/99.4%, 10ms/99.6%, 20ms/99.8%, 50ms/99.9%, 100ms/99.9%
[81.558s][info][gc,marking  ] GC(125) Mark: 1 stripe(s), 2 proactive flush(es), 1 terminate flush(es), 0 completion(s), 0 continuation(s) 
[81.558s][info][gc,marking  ] GC(125) Mark Stack Usage: 32M
[81.558s][info][gc,nmethod  ] GC(125) NMethods: 14914 registered, 2270 unregistered
[81.558s][info][gc,metaspace] GC(125) Metaspace: 99M used, 100M committed, 1152M reserved
[81.558s][info][gc,ref      ] GC(125) Soft: 4314 encountered, 0 discovered, 0 enqueued
[81.558s][info][gc,ref      ] GC(125) Weak: 7451 encountered, 6250 discovered, 0 enqueued
[81.558s][info][gc,ref      ] GC(125) Final: 1 encountered, 0 discovered, 0 enqueued
[81.558s][info][gc,ref      ] GC(125) Phantom: 775 encountered, 397 discovered, 0 enqueued
[81.558s][info][gc,reloc    ] GC(125) Small Pages: 405 / 810M, Empty: 328M, Relocated: 4M, In-Place: 0
[81.558s][info][gc,reloc    ] GC(125) Medium Pages: 2 / 64M, Empty: 0M, Relocated: 4M, In-Place: 0
[81.558s][info][gc,reloc    ] GC(125) Large Pages: 7 / 62M, Empty: 0M, Relocated: 0M, In-Place: 0
[81.558s][info][gc,reloc    ] GC(125) Forwarding Usage: 2M
[81.558s][info][gc,heap     ] GC(125) Min Capacity: 2048M(100%)
[81.558s][info][gc,heap     ] GC(125) Max Capacity: 2048M(100%)
[81.558s][info][gc,heap     ] GC(125) Soft Max Capacity: 2048M(100%)
[81.558s][info][gc,heap     ] GC(125)                Mark Start          Mark End        Relocate Start      Relocate End           High               Low         
[81.558s][info][gc,heap     ] GC(125)  Capacity:     2048M (100%)       2048M (100%)       2048M (100%)       2048M (100%)       2048M (100%)       2048M (100%)   
[81.558s][info][gc,heap     ] GC(125)      Free:     1112M (54%)         924M (45%)        1252M (61%)        1690M (83%)        1690M (83%)         924M (45%)    
[81.558s][info][gc,heap     ] GC(125)      Used:      936M (46%)        1124M (55%)         796M (39%)         358M (17%)        1124M (55%)         358M (17%)    
[81.558s][info][gc,heap     ] GC(125)      Live:         -               135M (7%)          135M (7%)          135M (7%)             -                  -          
[81.558s][info][gc,heap     ] GC(125) Allocated:         -               188M (9%)          188M (9%)          188M (9%)             -                  -          
[81.558s][info][gc,heap     ] GC(125)   Garbage:         -               800M (39%)         472M (23%)          34M (2%)             -                  -          
[81.558s][info][gc,heap     ] GC(125) Reclaimed:         -                  -               328M (16%)         766M (37%)            -                  -          
[81.558s][info][gc          ] GC(125) Garbage Collection (Allocation Rate) 936M(46%)->358M(17%)
[81.558s][info][gc,start    ] GC(126) Garbage Collection (System.gc())
[81.558s][info][gc,task     ] GC(126) Using 2 workers
[81.558s][info][gc,phases   ] GC(126) Pause Mark Start 0.008ms
[81.605s][info][gc,phases   ] GC(126) Concurrent Mark 46.276ms
[81.605s][info][gc,phases   ] GC(126) Pause Mark End 0.013ms
[81.605s][info][gc,phases   ] GC(126) Concurrent Mark Free 0.002ms
[81.619s][info][gc,phases   ] GC(126) Concurrent Process Non-Strong References 13.899ms
[81.619s][info][gc,phases   ] GC(126) Concurrent Reset Relocation Set 0.013ms
[81.620s][info][gc,phases   ] GC(126) Concurrent Select Relocation Set 1.445ms
[81.620s][info][gc,phases   ] GC(126) Pause Relocate Start 0.010ms
[81.621s][info][gc,phases   ] GC(126) Concurrent Relocate 0.905ms
[81.621s][info][gc,load     ] GC(126) Load: 0.00/0.00/0.00
[81.622s][info][gc,mmu      ] GC(126) MMU: 2ms/98.5%, 5ms/99.4%, 10ms/99.6%, 20ms/99.8%, 50ms/99.9%, 100ms/99.9%
[81.622s][info][gc,marking  ] GC(126) Mark: 2 stripe(s), 2 proactive flush(es), 1 terminate flush(es), 0 completion(s), 0 continuation(s) 
[81.622s][info][gc,marking  ] GC(126) Mark Stack Usage: 32M
[81.622s][info][gc,nmethod  ] GC(126) NMethods: 14914 registered, 2270 unregistered
[81.622s][info][gc,metaspace] GC(126) Metaspace: 99M used, 100M committed, 1152M reserved
[81.622s][info][gc,ref      ] GC(126) Soft: 4314 encountered, 0 discovered, 0 enqueued
[81.622s][info][gc,ref      ] GC(126) Weak: 7453 encountered, 389 discovered, 3 enqueued
[81.622s][info][gc,ref      ] GC(126) Final: 1 encountered, 0 discovered, 0 enqueued
[81.622s][info][gc,ref      ] GC(126) Phantom: 775 encountered, 601 discovered, 0 enqueued
[81.622s][info][gc,reloc    ] GC(126) Small Pages: 132 / 264M, Empty: 190M, Relocated: 1M, In-Place: 0
[81.622s][info][gc,reloc    ] GC(126) Medium Pages: 1 / 32M, Empty: 0M, Relocated: 0M, In-Place: 0
[81.622s][info][gc,reloc    ] GC(126) Large Pages: 7 / 62M, Empty: 0M, Relocated: 0M, In-Place: 0
[81.622s][info][gc,reloc    ] GC(126) Forwarding Usage: 0M
[81.622s][info][gc,heap     ] GC(126) Min Capacity: 2048M(100%)
[81.622s][info][gc,heap     ] GC(126) Max Capacity: 2048M(100%)
[81.622s][info][gc,heap     ] GC(126) Soft Max Capacity: 2048M(100%)
[81.622s][info][gc,heap     ] GC(126)                Mark Start          Mark End        Relocate Start      Relocate End           High               Low         
[81.622s][info][gc,heap     ] GC(126)  Capacity:     2048M (100%)       2048M (100%)       2048M (100%)       2048M (100%)       2048M (100%)       2048M (100%)   
[81.622s][info][gc,heap     ] GC(126)      Free:     1690M (83%)        1690M (83%)        1880M (92%)        1902M (93%)        1902M (93%)        1690M (83%)    
[81.622s][info][gc,heap     ] GC(126)      Used:      358M (17%)         358M (17%)         168M (8%)          146M (7%)          358M (17%)         146M (7%)     
[81.622s][info][gc,heap     ] GC(126)      Live:         -               107M (5%)          107M (5%)          107M (5%)             -                  -          
[81.622s][info][gc,heap     ] GC(126) Allocated:         -                 0M (0%)            0M (0%)            0M (0%)             -                  -          
[81.622s][info][gc,heap     ] GC(126)   Garbage:         -               250M (12%)          60M (3%)           38M (2%)             -                  -          
[81.622s][info][gc,heap     ] GC(126) Reclaimed:         -                  -               190M (9%)          212M (10%)            -                  -          
[81.622s][info][gc          ] GC(126) Garbage Collection (System.gc()) 358M(17%)->146M(7%)
[82.200s][info][gc,start    ] GC(127) Garbage Collection (Allocation Rate)
[82.200s][info][gc,task     ] GC(127) Using 1 workers
[82.200s][info][gc,phases   ] GC(127) Pause Mark Start 0.008ms
[82.265s][info][gc,phases   ] GC(127) Concurrent Mark 64.232ms
[82.265s][info][gc,phases   ] GC(127) Pause Mark End 0.014ms
[82.265s][info][gc,phases   ] GC(127) Concurrent Mark Free 0.001ms
[82.291s][info][gc,phases   ] GC(127) Concurrent Process Non-Strong References 26.170ms
[82.291s][info][gc,phases   ] GC(127) Concurrent Reset Relocation Set 0.003ms
[82.293s][info][gc,phases   ] GC(127) Concurrent Select Relocation Set 2.341ms
[82.294s][info][gc,phases   ] GC(127) Pause Relocate Start 0.012ms
[82.299s][info][gc,phases   ] GC(127) Concurrent Relocate 5.821ms
[82.300s][info][gc,load     ] GC(127) Load: 0.00/0.00/0.00
[82.300s][info][gc,mmu      ] GC(127) MMU: 2ms/98.5%, 5ms/99.4%, 10ms/99.6%, 20ms/99.8%, 50ms/99.9%, 100ms/99.9%
[82.300s][info][gc,marking  ] GC(127) Mark: 1 stripe(s), 2 proactive flush(es), 1 terminate flush(es), 0 completion(s), 0 continuation(s) 
[82.300s][info][gc,marking  ] GC(127) Mark Stack Usage: 32M
[82.300s][info][gc,nmethod  ] GC(127) NMethods: 14929 registered, 2270 unregistered
[82.300s][info][gc,metaspace] GC(127) Metaspace: 99M used, 100M committed, 1152M reserved
[82.300s][info][gc,ref      ] GC(127) Soft: 4314 encountered, 0 discovered, 0 enqueued
[82.300s][info][gc,ref      ] GC(127) Weak: 7460 encountered, 6252 discovered, 3 enqueued
[82.300s][info][gc,ref      ] GC(127) Final: 1 encountered, 0 discovered, 0 enqueued
[82.300s][info][gc,ref      ] GC(127) Phantom: 775 encountered, 397 discovered, 0 enqueued
[82.300s][info][gc,reloc    ] GC(127) Small Pages: 527 / 1054M, Empty: 642M, Relocated: 3M, In-Place: 0
[82.300s][info][gc,reloc    ] GC(127) Medium Pages: 2 / 64M, Empty: 32M, Relocated: 0M, In-Place: 0
[82.300s][info][gc,reloc    ] GC(127) Large Pages: 7 / 62M, Empty: 0M, Relocated: 0M, In-Place: 0
[82.300s][info][gc,reloc    ] GC(127) Forwarding Usage: 1M
[82.300s][info][gc,heap     ] GC(127) Min Capacity: 2048M(100%)
[82.300s][info][gc,heap     ] GC(127) Max Capacity: 2048M(100%)
[82.300s][info][gc,heap     ] GC(127) Soft Max Capacity: 2048M(100%)
[82.300s][info][gc,heap     ] GC(127)                Mark Start          Mark End        Relocate Start      Relocate End           High               Low         
[82.300s][info][gc,heap     ] GC(127)  Capacity:     2048M (100%)       2048M (100%)       2048M (100%)       2048M (100%)       2048M (100%)       2048M (100%)   
[82.300s][info][gc,heap     ] GC(127)      Free:      868M (42%)         732M (36%)        1346M (66%)        1696M (83%)        1700M (83%)         676M (33%)    
[82.300s][info][gc,heap     ] GC(127)      Used:     1180M (58%)        1316M (64%)         702M (34%)         352M (17%)        1372M (67%)         348M (17%)    
[82.300s][info][gc,heap     ] GC(127)      Live:         -               108M (5%)          108M (5%)          108M (5%)             -                  -          
[82.300s][info][gc,heap     ] GC(127) Allocated:         -               136M (7%)          196M (10%)         207M (10%)            -                  -          
[82.300s][info][gc,heap     ] GC(127)   Garbage:         -              1071M (52%)         397M (19%)          35M (2%)             -                  -          
[82.300s][info][gc,heap     ] GC(127) Reclaimed:         -                  -               674M (33%)        1035M (51%)            -                  -          
[82.300s][info][gc          ] GC(127) Garbage Collection (Allocation Rate) 1180M(58%)->352M(17%)
[82.807s][info][gc,start    ] GC(128) Garbage Collection (Allocation Rate)
[82.807s][info][gc,task     ] GC(128) Using 2 workers
[82.807s][info][gc,phases   ] GC(128) Pause Mark Start 0.009ms
[82.901s][info][gc,phases   ] GC(128) Concurrent Mark 93.963ms
[82.901s][info][gc,phases   ] GC(128) Pause Mark End 0.014ms
[82.902s][info][gc,phases   ] GC(128) Concurrent Mark Free 0.001ms
[82.916s][info][gc,phases   ] GC(128) Concurrent Process Non-Strong References 13.956ms
[82.916s][info][gc,phases   ] GC(128) Concurrent Reset Relocation Set 0.012ms
[82.924s][info][gc,phases   ] GC(128) Concurrent Select Relocation Set 8.777ms
[82.925s][info][gc,phases   ] GC(128) Pause Relocate Start 0.019ms
[82.951s][info][gc,phases   ] GC(128) Concurrent Relocate 26.631ms
[82.951s][info][gc,load     ] GC(128) Load: 0.00/0.00/0.00
[82.951s][info][gc,mmu      ] GC(128) MMU: 2ms/98.5%, 5ms/99.4%, 10ms/99.6%, 20ms/99.8%, 50ms/99.9%, 100ms/99.9%
[82.951s][info][gc,marking  ] GC(128) Mark: 2 stripe(s), 2 proactive flush(es), 1 terminate flush(es), 0 completion(s), 0 continuation(s) 
[82.951s][info][gc,marking  ] GC(128) Mark Stack Usage: 32M
[82.951s][info][gc,nmethod  ] GC(128) NMethods: 14932 registered, 2270 unregistered
[82.951s][info][gc,metaspace] GC(128) Metaspace: 99M used, 100M committed, 1152M reserved
[82.951s][info][gc,ref      ] GC(128) Soft: 4314 encountered, 0 discovered, 0 enqueued
[82.951s][info][gc,ref      ] GC(128) Weak: 7460 encountered, 6466 discovered, 6 enqueued
[82.951s][info][gc,ref      ] GC(128) Final: 1 encountered, 1 discovered, 0 enqueued
[82.951s][info][gc,ref      ] GC(128) Phantom: 775 encountered, 590 discovered, 0 enqueued
[82.951s][info][gc,reloc    ] GC(128) Small Pages: 731 / 1462M, Empty: 386M, Relocated: 26M, In-Place: 0
[82.951s][info][gc,reloc    ] GC(128) Medium Pages: 2 / 64M, Empty: 0M, Relocated: 4M, In-Place: 0
[82.951s][info][gc,reloc    ] GC(128) Large Pages: 7 / 62M, Empty: 0M, Relocated: 0M, In-Place: 0
[82.952s][info][gc,reloc    ] GC(128) Forwarding Usage: 16M
[82.952s][info][gc,heap     ] GC(128) Min Capacity: 2048M(100%)
[82.952s][info][gc,heap     ] GC(128) Max Capacity: 2048M(100%)
[82.952s][info][gc,heap     ] GC(128) Soft Max Capacity: 2048M(100%)
[82.952s][info][gc,heap     ] GC(128)                Mark Start          Mark End        Relocate Start      Relocate End           High               Low         
[82.952s][info][gc,heap     ] GC(128)  Capacity:     2048M (100%)       2048M (100%)       2048M (100%)       2048M (100%)       2048M (100%)       2048M (100%)   
[82.952s][info][gc,heap     ] GC(128)      Free:      460M (22%)         242M (12%)         574M (28%)        1514M (74%)        1514M (74%)         210M (10%)    
[82.952s][info][gc,heap     ] GC(128)      Used:     1588M (78%)        1806M (88%)        1474M (72%)         534M (26%)        1838M (90%)         534M (26%)    
[82.952s][info][gc,heap     ] GC(128)      Live:         -               135M (7%)          135M (7%)          135M (7%)             -                  -          
[82.952s][info][gc,heap     ] GC(128) Allocated:         -               218M (11%)         272M (13%)         359M (18%)            -                  -          
[82.952s][info][gc,heap     ] GC(128)   Garbage:         -              1452M (71%)        1066M (52%)          38M (2%)             -                  -          
[82.952s][info][gc,heap     ] GC(128) Reclaimed:         -                  -               386M (19%)        1413M (69%)            -                  -          
[82.952s][info][gc          ] GC(128) Garbage Collection (Allocation Rate) 1588M(78%)->534M(26%)
[83.108s][info][gc,start    ] GC(129) Garbage Collection (Allocation Rate)
[83.108s][info][gc,task     ] GC(129) Using 2 workers
[83.108s][info][gc,phases   ] GC(129) Pause Mark Start 0.009ms
[83.203s][info][gc,phases   ] GC(129) Concurrent Mark 94.421ms
[83.203s][info][gc,phases   ] GC(129) Pause Mark End 0.021ms
[83.203s][info][gc,phases   ] GC(129) Concurrent Mark Free 0.002ms
[83.216s][info][gc,phases   ] GC(129) Concurrent Process Non-Strong References 13.268ms
[83.217s][info][gc,phases   ] GC(129) Concurrent Reset Relocation Set 0.033ms
[83.219s][info][gc,phases   ] GC(129) Concurrent Select Relocation Set 2.506ms
[83.219s][info][gc,phases   ] GC(129) Pause Relocate Start 0.010ms
[83.223s][info][gc,phases   ] GC(129) Concurrent Relocate 4.062ms
[83.223s][info][gc,load     ] GC(129) Load: 0.00/0.00/0.00
[83.223s][info][gc,mmu      ] GC(129) MMU: 2ms/98.5%, 5ms/99.4%, 10ms/99.6%, 20ms/99.8%, 50ms/99.9%, 100ms/99.9%
[83.223s][info][gc,marking  ] GC(129) Mark: 2 stripe(s), 2 proactive flush(es), 1 terminate flush(es), 0 completion(s), 0 continuation(s) 
[83.223s][info][gc,marking  ] GC(129) Mark Stack Usage: 32M
[83.223s][info][gc,nmethod  ] GC(129) NMethods: 14934 registered, 2270 unregistered
[83.223s][info][gc,metaspace] GC(129) Metaspace: 99M used, 100M committed, 1152M reserved
[83.224s][info][gc,ref      ] GC(129) Soft: 4314 encountered, 0 discovered, 0 enqueued
[83.224s][info][gc,ref      ] GC(129) Weak: 7451 encountered, 6410 discovered, 0 enqueued
[83.224s][info][gc,ref      ] GC(129) Final: 1 encountered, 1 discovered, 0 enqueued
[83.224s][info][gc,ref      ] GC(129) Phantom: 775 encountered, 548 discovered, 0 enqueued
[83.224s][info][gc,reloc    ] GC(129) Small Pages: 395 / 790M, Empty: 360M, Relocated: 4M, In-Place: 0
[83.224s][info][gc,reloc    ] GC(129) Medium Pages: 2 / 64M, Empty: 0M, Relocated: 4M, In-Place: 0
[83.224s][info][gc,reloc    ] GC(129) Large Pages: 7 / 62M, Empty: 0M, Relocated: 0M, In-Place: 0
[83.224s][info][gc,reloc    ] GC(129) Forwarding Usage: 2M
[83.224s][info][gc,heap     ] GC(129) Min Capacity: 2048M(100%)
[83.224s][info][gc,heap     ] GC(129) Max Capacity: 2048M(100%)
[83.224s][info][gc,heap     ] GC(129) Soft Max Capacity: 2048M(100%)
[83.224s][info][gc,heap     ] GC(129)                Mark Start          Mark End        Relocate Start      Relocate End           High               Low         
[83.224s][info][gc,heap     ] GC(129)  Capacity:     2048M (100%)       2048M (100%)       2048M (100%)       2048M (100%)       2048M (100%)       2048M (100%)   
[83.224s][info][gc,heap     ] GC(129)      Free:     1132M (55%)        1060M (52%)        1420M (69%)        1804M (88%)        1804M (88%)        1060M (52%)    
[83.224s][info][gc,heap     ] GC(129)      Used:      916M (45%)         988M (48%)         628M (31%)         244M (12%)         988M (48%)         244M (12%)    
[83.224s][info][gc,heap     ] GC(129)      Live:         -               135M (7%)          135M (7%)          135M (7%)             -                  -          
[83.224s][info][gc,heap     ] GC(129) Allocated:         -                72M (4%)           72M (4%)           72M (4%)             -                  -          
[83.224s][info][gc,heap     ] GC(129)   Garbage:         -               780M (38%)         420M (21%)          36M (2%)             -                  -          
[83.224s][info][gc,heap     ] GC(129) Reclaimed:         -                  -               360M (18%)         744M (36%)            -                  -          
[83.224s][info][gc          ] GC(129) Garbage Collection (Allocation Rate) 916M(45%)->244M(12%)
[83.224s][info][gc,start    ] GC(130) Garbage Collection (System.gc())
[83.224s][info][gc,task     ] GC(130) Using 2 workers
[83.224s][info][gc,phases   ] GC(130) Pause Mark Start 0.008ms
[83.267s][info][gc,phases   ] GC(130) Concurrent Mark 42.354ms
[83.267s][info][gc,phases   ] GC(130) Pause Mark End 0.013ms
[83.267s][info][gc,phases   ] GC(130) Concurrent Mark Free 0.002ms
[83.280s][info][gc,phases   ] GC(130) Concurrent Process Non-Strong References 12.810ms
[83.280s][info][gc,phases   ] GC(130) Concurrent Reset Relocation Set 0.010ms
[83.281s][info][gc,phases   ] GC(130) Concurrent Select Relocation Set 1.294ms
[83.281s][info][gc,phases   ] GC(130) Pause Relocate Start 0.010ms
[83.283s][info][gc,phases   ] GC(130) Concurrent Relocate 1.721ms
[83.283s][info][gc,load     ] GC(130) Load: 0.00/0.00/0.00
[83.283s][info][gc,mmu      ] GC(130) MMU: 2ms/98.5%, 5ms/99.4%, 10ms/99.6%, 20ms/99.8%, 50ms/99.9%, 100ms/99.9%
[83.283s][info][gc,marking  ] GC(130) Mark: 2 stripe(s), 2 proactive flush(es), 1 terminate flush(es), 0 completion(s), 0 continuation(s) 
[83.283s][info][gc,marking  ] GC(130) Mark Stack Usage: 32M
[83.283s][info][gc,nmethod  ] GC(130) NMethods: 14934 registered, 2270 unregistered
[83.283s][info][gc,metaspace] GC(130) Metaspace: 99M used, 100M committed, 1152M reserved
[83.283s][info][gc,ref      ] GC(130) Soft: 4314 encountered, 0 discovered, 0 enqueued
[83.283s][info][gc,ref      ] GC(130) Weak: 7453 encountered, 102 discovered, 3 enqueued
[83.283s][info][gc,ref      ] GC(130) Final: 1 encountered, 0 discovered, 0 enqueued
[83.283s][info][gc,ref      ] GC(130) Phantom: 775 encountered, 590 discovered, 0 enqueued
[83.283s][info][gc,reloc    ] GC(130) Small Pages: 75 / 150M, Empty: 84M, Relocated: 2M, In-Place: 0
[83.283s][info][gc,reloc    ] GC(130) Medium Pages: 1 / 32M, Empty: 0M, Relocated: 0M, In-Place: 0
[83.283s][info][gc,reloc    ] GC(130) Large Pages: 7 / 62M, Empty: 0M, Relocated: 0M, In-Place: 0
[83.283s][info][gc,reloc    ] GC(130) Forwarding Usage: 1M
[83.283s][info][gc,heap     ] GC(130) Min Capacity: 2048M(100%)
[83.283s][info][gc,heap     ] GC(130) Max Capacity: 2048M(100%)
[83.283s][info][gc,heap     ] GC(130) Soft Max Capacity: 2048M(100%)
[83.283s][info][gc,heap     ] GC(130)                Mark Start          Mark End        Relocate Start      Relocate End           High               Low         
[83.283s][info][gc,heap     ] GC(130)  Capacity:     2048M (100%)       2048M (100%)       2048M (100%)       2048M (100%)       2048M (100%)       2048M (100%)   
[83.283s][info][gc,heap     ] GC(130)      Free:     1804M (88%)        1804M (88%)        1888M (92%)        1904M (93%)        1904M (93%)        1804M (88%)    
[83.283s][info][gc,heap     ] GC(130)      Used:      244M (12%)         244M (12%)         160M (8%)          144M (7%)          244M (12%)         144M (7%)     
[83.283s][info][gc,heap     ] GC(130)      Live:         -               107M (5%)          107M (5%)          107M (5%)             -                  -          
[83.283s][info][gc,heap     ] GC(130) Allocated:         -                 0M (0%)            0M (0%)            0M (0%)             -                  -          
[83.283s][info][gc,heap     ] GC(130)   Garbage:         -               136M (7%)           52M (3%)           36M (2%)             -                  -          
[83.283s][info][gc,heap     ] GC(130) Reclaimed:         -                  -                84M (4%)          100M (5%)             -                  -          
[83.283s][info][gc          ] GC(130) Garbage Collection (System.gc()) 244M(12%)->144M(7%)
[83.904s][info][gc,start    ] GC(131) Garbage Collection (Allocation Rate)
[83.905s][info][gc,task     ] GC(131) Using 2 workers
[83.905s][info][gc,phases   ] GC(131) Pause Mark Start 0.011ms
[83.968s][info][gc,phases   ] GC(131) Concurrent Mark 63.086ms
[83.968s][info][gc,phases   ] GC(131) Pause Mark End 0.017ms
[83.968s][info][gc,phases   ] GC(131) Concurrent Mark Free 0.001ms
[83.982s][info][gc,phases   ] GC(131) Concurrent Process Non-Strong References 13.993ms
[83.982s][info][gc,phases   ] GC(131) Concurrent Reset Relocation Set 0.003ms
[83.984s][info][gc,phases   ] GC(131) Concurrent Select Relocation Set 1.934ms
[83.984s][info][gc,phases   ] GC(131) Pause Relocate Start 0.014ms
[83.987s][info][gc,phases   ] GC(131) Concurrent Relocate 2.485ms
[83.987s][info][gc,load     ] GC(131) Load: 0.00/0.00/0.00
[83.987s][info][gc,mmu      ] GC(131) MMU: 2ms/98.5%, 5ms/99.4%, 10ms/99.6%, 20ms/99.8%, 50ms/99.9%, 100ms/99.9%
[83.987s][info][gc,marking  ] GC(131) Mark: 2 stripe(s), 2 proactive flush(es), 1 terminate flush(es), 0 completion(s), 0 continuation(s) 
[83.987s][info][gc,marking  ] GC(131) Mark Stack Usage: 32M
[83.987s][info][gc,nmethod  ] GC(131) NMethods: 14940 registered, 2270 unregistered
[83.987s][info][gc,metaspace] GC(131) Metaspace: 100M used, 100M committed, 1152M reserved
[83.987s][info][gc,ref      ] GC(131) Soft: 4314 encountered, 0 discovered, 0 enqueued
[83.987s][info][gc,ref      ] GC(131) Weak: 7460 encountered, 119 discovered, 1 enqueued
[83.987s][info][gc,ref      ] GC(131) Final: 1 encountered, 1 discovered, 0 enqueued
[83.987s][info][gc,ref      ] GC(131) Phantom: 775 encountered, 571 discovered, 0 enqueued
[83.987s][info][gc,reloc    ] GC(131) Small Pages: 578 / 1156M, Empty: 640M, Relocated: 1M, In-Place: 0
[83.987s][info][gc,reloc    ] GC(131) Medium Pages: 2 / 64M, Empty: 32M, Relocated: 0M, In-Place: 0
[83.987s][info][gc,reloc    ] GC(131) Large Pages: 7 / 62M, Empty: 0M, Relocated: 0M, In-Place: 0
[83.987s][info][gc,reloc    ] GC(131) Forwarding Usage: 0M
[83.987s][info][gc,heap     ] GC(131) Min Capacity: 2048M(100%)
[83.987s][info][gc,heap     ] GC(131) Max Capacity: 2048M(100%)
[83.987s][info][gc,heap     ] GC(131) Soft Max Capacity: 2048M(100%)
[83.987s][info][gc,heap     ] GC(131)                Mark Start          Mark End        Relocate Start      Relocate End           High               Low         
[83.987s][info][gc,heap     ] GC(131)  Capacity:     2048M (100%)       2048M (100%)       2048M (100%)       2048M (100%)       2048M (100%)       2048M (100%)   
[83.987s][info][gc,heap     ] GC(131)      Free:      766M (37%)         640M (31%)        1276M (62%)        1732M (85%)        1732M (85%)         610M (30%)    
[83.987s][info][gc,heap     ] GC(131)      Used:     1282M (63%)        1408M (69%)         772M (38%)         316M (15%)        1438M (70%)         316M (15%)    
[83.987s][info][gc,heap     ] GC(131)      Live:         -               108M (5%)          108M (5%)          108M (5%)             -                  -          
[83.987s][info][gc,heap     ] GC(131) Allocated:         -               126M (6%)          162M (8%)          167M (8%)             -                  -          
[83.987s][info][gc,heap     ] GC(131)   Garbage:         -              1173M (57%)         501M (24%)          39M (2%)             -                  -          
[83.988s][info][gc,heap     ] GC(131) Reclaimed:         -                  -               672M (33%)        1133M (55%)            -                  -          
[83.988s][info][gc          ] GC(131) Garbage Collection (Allocation Rate) 1282M(63%)->316M(15%)
[84.497s][info][gc,start    ] GC(132) Garbage Collection (Allocation Rate)
[84.497s][info][gc,task     ] GC(132) Using 2 workers
[84.497s][info][gc,phases   ] GC(132) Pause Mark Start 0.008ms
[84.592s][info][gc,phases   ] GC(132) Concurrent Mark 94.574ms
[84.607s][info][gc,phases   ] GC(132) Pause Mark End 0.022ms
[84.608s][info][gc,phases   ] GC(132) Concurrent Mark Free 0.004ms
[84.622s][info][gc,phases   ] GC(132) Concurrent Process Non-Strong References 14.090ms
[84.622s][info][gc,phases   ] GC(132) Concurrent Reset Relocation Set 0.014ms
[84.629s][info][gc,phases   ] GC(132) Concurrent Select Relocation Set 7.012ms
[84.629s][info][gc,phases   ] GC(132) Pause Relocate Start 0.016ms
[84.657s][info][gc,phases   ] GC(132) Concurrent Relocate 27.511ms
[84.657s][info][gc,load     ] GC(132) Load: 0.00/0.00/0.00
[84.657s][info][gc,mmu      ] GC(132) MMU: 2ms/98.5%, 5ms/99.4%, 10ms/99.6%, 20ms/99.8%, 50ms/99.9%, 100ms/99.9%
[84.657s][info][gc,marking  ] GC(132) Mark: 2 stripe(s), 2 proactive flush(es), 1 terminate flush(es), 0 completion(s), 0 continuation(s) 
[84.657s][info][gc,marking  ] GC(132) Mark Stack Usage: 32M
[84.657s][info][gc,nmethod  ] GC(132) NMethods: 14940 registered, 2270 unregistered
[84.657s][info][gc,metaspace] GC(132) Metaspace: 100M used, 100M committed, 1152M reserved
[84.657s][info][gc,ref      ] GC(132) Soft: 4314 encountered, 0 discovered, 0 enqueued
[84.657s][info][gc,ref      ] GC(132) Weak: 7460 encountered, 137 discovered, 6 enqueued
[84.657s][info][gc,ref      ] GC(132) Final: 1 encountered, 1 discovered, 0 enqueued
[84.657s][info][gc,ref      ] GC(132) Phantom: 775 encountered, 577 discovered, 0 enqueued
[84.657s][info][gc,reloc    ] GC(132) Small Pages: 723 / 1446M, Empty: 336M, Relocated: 27M, In-Place: 0
[84.657s][info][gc,reloc    ] GC(132) Medium Pages: 2 / 64M, Empty: 0M, Relocated: 4M, In-Place: 0
[84.657s][info][gc,reloc    ] GC(132) Large Pages: 7 / 62M, Empty: 0M, Relocated: 0M, In-Place: 0
[84.657s][info][gc,reloc    ] GC(132) Forwarding Usage: 16M
[84.657s][info][gc,heap     ] GC(132) Min Capacity: 2048M(100%)
[84.657s][info][gc,heap     ] GC(132) Max Capacity: 2048M(100%)
[84.657s][info][gc,heap     ] GC(132) Soft Max Capacity: 2048M(100%)
[84.657s][info][gc,heap     ] GC(132)                Mark Start          Mark End        Relocate Start      Relocate End           High               Low         
[84.657s][info][gc,heap     ] GC(132)  Capacity:     2048M (100%)       2048M (100%)       2048M (100%)       2048M (100%)       2048M (100%)       2048M (100%)   
[84.657s][info][gc,heap     ] GC(132)      Free:      476M (23%)         258M (13%)         540M (26%)        1518M (74%)        1520M (74%)         222M (11%)    
[84.657s][info][gc,heap     ] GC(132)      Used:     1572M (77%)        1790M (87%)        1508M (74%)         530M (26%)        1826M (89%)         528M (26%)    
[84.657s][info][gc,heap     ] GC(132)      Live:         -               135M (7%)          135M (7%)          135M (7%)             -                  -          
[84.657s][info][gc,heap     ] GC(132) Allocated:         -               218M (11%)         272M (13%)         357M (17%)            -                  -          
[84.657s][info][gc,heap     ] GC(132)   Garbage:         -              1436M (70%)        1100M (54%)          36M (2%)             -                  -          
[84.657s][info][gc,heap     ] GC(132) Reclaimed:         -                  -               336M (16%)        1399M (68%)            -                  -          
[84.657s][info][gc          ] GC(132) Garbage Collection (Allocation Rate) 1572M(77%)->530M(26%)
[84.798s][info][gc,start    ] GC(133) Garbage Collection (Allocation Rate)
[84.798s][info][gc,task     ] GC(133) Using 2 workers
[84.798s][info][gc,phases   ] GC(133) Pause Mark Start 0.008ms
[84.861s][info][gc,phases   ] GC(133) Concurrent Mark 62.924ms
[84.861s][info][gc,phases   ] GC(133) Pause Mark End 0.023ms
[84.861s][info][gc,phases   ] GC(133) Concurrent Mark Free 0.002ms
[84.874s][info][gc,phases   ] GC(133) Concurrent Process Non-Strong References 12.473ms
[84.874s][info][gc,phases   ] GC(133) Concurrent Reset Relocation Set 0.028ms
[84.877s][info][gc,phases   ] GC(133) Concurrent Select Relocation Set 2.667ms
[84.877s][info][gc,phases   ] GC(133) Pause Relocate Start 0.010ms
[84.885s][info][gc,phases   ] GC(133) Concurrent Relocate 7.757ms
[84.885s][info][gc,load     ] GC(133) Load: 0.00/0.00/0.00
[84.885s][info][gc,mmu      ] GC(133) MMU: 2ms/98.5%, 5ms/99.4%, 10ms/99.6%, 20ms/99.8%, 50ms/99.9%, 100ms/99.9%
[84.885s][info][gc,marking  ] GC(133) Mark: 2 stripe(s), 2 proactive flush(es), 1 terminate flush(es), 0 completion(s), 0 continuation(s) 
[84.885s][info][gc,marking  ] GC(133) Mark Stack Usage: 32M
[84.885s][info][gc,nmethod  ] GC(133) NMethods: 14940 registered, 2270 unregistered
[84.885s][info][gc,metaspace] GC(133) Metaspace: 100M used, 100M committed, 1152M reserved
[84.885s][info][gc,ref      ] GC(133) Soft: 4314 encountered, 0 discovered, 0 enqueued
[84.885s][info][gc,ref      ] GC(133) Weak: 7453 encountered, 92 discovered, 3 enqueued
[84.885s][info][gc,ref      ] GC(133) Final: 1 encountered, 0 discovered, 0 enqueued
[84.885s][info][gc,ref      ] GC(133) Phantom: 775 encountered, 611 discovered, 0 enqueued
[84.885s][info][gc,reloc    ] GC(133) Small Pages: 374 / 748M, Empty: 506M, Relocated: 11M, In-Place: 0
[84.885s][info][gc,reloc    ] GC(133) Medium Pages: 2 / 64M, Empty: 0M, Relocated: 3M, In-Place: 0
[84.885s][info][gc,reloc    ] GC(133) Large Pages: 7 / 62M, Empty: 0M, Relocated: 0M, In-Place: 0
[84.885s][info][gc,reloc    ] GC(133) Forwarding Usage: 6M
[84.885s][info][gc,heap     ] GC(133) Min Capacity: 2048M(100%)
[84.885s][info][gc,heap     ] GC(133) Max Capacity: 2048M(100%)
[84.885s][info][gc,heap     ] GC(133) Soft Max Capacity: 2048M(100%)
[84.885s][info][gc,heap     ] GC(133)                Mark Start          Mark End        Relocate Start      Relocate End           High               Low         
[84.885s][info][gc,heap     ] GC(133)  Capacity:     2048M (100%)       2048M (100%)       2048M (100%)       2048M (100%)       2048M (100%)       2048M (100%)   
[84.885s][info][gc,heap     ] GC(133)      Free:     1174M (57%)        1148M (56%)        1654M (81%)        1862M (91%)        1862M (91%)        1148M (56%)    
[84.885s][info][gc,heap     ] GC(133)      Used:      874M (43%)         900M (44%)         394M (19%)         186M (9%)          900M (44%)         186M (9%)     
[84.885s][info][gc,heap     ] GC(133)      Live:         -               121M (6%)          121M (6%)          121M (6%)             -                  -          
[84.885s][info][gc,heap     ] GC(133) Allocated:         -                26M (1%)           26M (1%)           26M (1%)             -                  -          
[84.885s][info][gc,heap     ] GC(133)   Garbage:         -               752M (37%)         246M (12%)          38M (2%)             -                  -          
[84.885s][info][gc,heap     ] GC(133) Reclaimed:         -                  -               506M (25%)         714M (35%)            -                  -          
[84.885s][info][gc          ] GC(133) Garbage Collection (Allocation Rate) 874M(43%)->186M(9%)
[84.885s][info][gc,start    ] GC(134) Garbage Collection (System.gc())
[84.885s][info][gc,task     ] GC(134) Using 2 workers
[84.885s][info][gc,phases   ] GC(134) Pause Mark Start 0.010ms
[84.925s][info][gc,phases   ] GC(134) Concurrent Mark 39.150ms
[84.925s][info][gc,phases   ] GC(134) Pause Mark End 0.015ms
[84.925s][info][gc,phases   ] GC(134) Concurrent Mark Free 0.002ms
[84.938s][info][gc,phases   ] GC(134) Concurrent Process Non-Strong References 12.924ms
[84.938s][info][gc,phases   ] GC(134) Concurrent Reset Relocation Set 0.005ms
[84.940s][info][gc,phases   ] GC(134) Concurrent Select Relocation Set 1.810ms
[84.940s][info][gc,phases   ] GC(134) Pause Relocate Start 0.008ms
[84.941s][info][gc,phases   ] GC(134) Concurrent Relocate 0.618ms
[84.941s][info][gc,load     ] GC(134) Load: 0.00/0.00/0.00
[84.941s][info][gc,mmu      ] GC(134) MMU: 2ms/98.5%, 5ms/99.4%, 10ms/99.6%, 20ms/99.8%, 50ms/99.9%, 100ms/99.9%
[84.941s][info][gc,marking  ] GC(134) Mark: 2 stripe(s), 2 proactive flush(es), 1 terminate flush(es), 0 completion(s), 0 continuation(s) 
[84.941s][info][gc,marking  ] GC(134) Mark Stack Usage: 32M
[84.941s][info][gc,nmethod  ] GC(134) NMethods: 14940 registered, 2270 unregistered
[84.941s][info][gc,metaspace] GC(134) Metaspace: 100M used, 100M committed, 1152M reserved
[84.941s][info][gc,ref      ] GC(134) Soft: 4314 encountered, 0 discovered, 0 enqueued
[84.941s][info][gc,ref      ] GC(134) Weak: 7450 encountered, 85 discovered, 0 enqueued
[84.941s][info][gc,ref      ] GC(134) Final: 1 encountered, 0 discovered, 0 enqueued
[84.941s][info][gc,ref      ] GC(134) Phantom: 775 encountered, 573 discovered, 0 enqueued
[84.941s][info][gc,reloc    ] GC(134) Small Pages: 46 / 92M, Empty: 26M, Relocated: 1M, In-Place: 0
[84.941s][info][gc,reloc    ] GC(134) Medium Pages: 1 / 32M, Empty: 0M, Relocated: 0M, In-Place: 0
[84.941s][info][gc,reloc    ] GC(134) Large Pages: 7 / 62M, Empty: 0M, Relocated: 0M, In-Place: 0
[84.941s][info][gc,reloc    ] GC(134) Forwarding Usage: 0M
[84.941s][info][gc,heap     ] GC(134) Min Capacity: 2048M(100%)
[84.941s][info][gc,heap     ] GC(134) Max Capacity: 2048M(100%)
[84.941s][info][gc,heap     ] GC(134) Soft Max Capacity: 2048M(100%)
[84.941s][info][gc,heap     ] GC(134)                Mark Start          Mark End        Relocate Start      Relocate End           High               Low         
[84.941s][info][gc,heap     ] GC(134)  Capacity:     2048M (100%)       2048M (100%)       2048M (100%)       2048M (100%)       2048M (100%)       2048M (100%)   
[84.941s][info][gc,heap     ] GC(134)      Free:     1862M (91%)        1862M (91%)        1888M (92%)        1902M (93%)        1902M (93%)        1862M (91%)    
[84.941s][info][gc,heap     ] GC(134)      Used:      186M (9%)          186M (9%)          160M (8%)          146M (7%)          186M (9%)          146M (7%)     
[84.941s][info][gc,heap     ] GC(134)      Live:         -               107M (5%)          107M (5%)          107M (5%)             -                  -          
[84.941s][info][gc,heap     ] GC(134) Allocated:         -                 0M (0%)            0M (0%)            0M (0%)             -                  -          
[84.941s][info][gc,heap     ] GC(134)   Garbage:         -                78M (4%)           52M (3%)           38M (2%)             -                  -          
[84.941s][info][gc,heap     ] GC(134) Reclaimed:         -                  -                26M (1%)           40M (2%)             -                  -          
[84.941s][info][gc          ] GC(134) Garbage Collection (System.gc()) 186M(9%)->146M(7%)
[85.400s][info][gc,start    ] GC(135) Garbage Collection (Allocation Rate)
[85.400s][info][gc,task     ] GC(135) Using 1 workers
[85.401s][info][gc,phases   ] GC(135) Pause Mark Start 0.006ms
[85.472s][info][gc,phases   ] GC(135) Concurrent Mark 70.964ms
[85.472s][info][gc,phases   ] GC(135) Pause Mark End 0.013ms
[85.472s][info][gc,phases   ] GC(135) Concurrent Mark Free 0.001ms
[85.498s][info][gc,phases   ] GC(135) Concurrent Process Non-Strong References 25.715ms
[85.498s][info][gc,phases   ] GC(135) Concurrent Reset Relocation Set 0.001ms
[85.501s][info][gc,phases   ] GC(135) Concurrent Select Relocation Set 3.185ms
[85.501s][info][gc,phases   ] GC(135) Pause Relocate Start 0.009ms
[85.515s][info][gc,phases   ] GC(135) Concurrent Relocate 13.370ms
[85.515s][info][gc,load     ] GC(135) Load: 0.00/0.00/0.00
[85.515s][info][gc,mmu      ] GC(135) MMU: 2ms/98.5%, 5ms/99.4%, 10ms/99.6%, 20ms/99.8%, 50ms/99.9%, 100ms/99.9%
[85.515s][info][gc,marking  ] GC(135) Mark: 1 stripe(s), 2 proactive flush(es), 1 terminate flush(es), 0 completion(s), 0 continuation(s) 
[85.515s][info][gc,marking  ] GC(135) Mark Stack Usage: 32M
[85.515s][info][gc,nmethod  ] GC(135) NMethods: 14944 registered, 2270 unregistered
[85.515s][info][gc,metaspace] GC(135) Metaspace: 100M used, 100M committed, 1152M reserved
[85.515s][info][gc,ref      ] GC(135) Soft: 4314 encountered, 0 discovered, 0 enqueued
[85.515s][info][gc,ref      ] GC(135) Weak: 7460 encountered, 6255 discovered, 0 enqueued
[85.515s][info][gc,ref      ] GC(135) Final: 1 encountered, 0 discovered, 0 enqueued
[85.515s][info][gc,ref      ] GC(135) Phantom: 775 encountered, 397 discovered, 0 enqueued
[85.515s][info][gc,reloc    ] GC(135) Small Pages: 416 / 832M, Empty: 606M, Relocated: 6M, In-Place: 0
[85.515s][info][gc,reloc    ] GC(135) Medium Pages: 2 / 64M, Empty: 0M, Relocated: 3M, In-Place: 0
[85.515s][info][gc,reloc    ] GC(135) Large Pages: 7 / 62M, Empty: 0M, Relocated: 0M, In-Place: 0
[85.515s][info][gc,reloc    ] GC(135) Forwarding Usage: 4M
[85.515s][info][gc,heap     ] GC(135) Min Capacity: 2048M(100%)
[85.515s][info][gc,heap     ] GC(135) Max Capacity: 2048M(100%)
[85.515s][info][gc,heap     ] GC(135) Soft Max Capacity: 2048M(100%)
[85.515s][info][gc,heap     ] GC(135)                Mark Start          Mark End        Relocate Start      Relocate End           High               Low         
[85.515s][info][gc,heap     ] GC(135)  Capacity:     2048M (100%)       2048M (100%)       2048M (100%)       2048M (100%)       2048M (100%)       2048M (100%)   
[85.515s][info][gc,heap     ] GC(135)      Free:     1090M (53%)         920M (45%)        1464M (71%)        1642M (80%)        1644M (80%)         862M (42%)    
[85.515s][info][gc,heap     ] GC(135)      Used:      958M (47%)        1128M (55%)         584M (29%)         406M (20%)        1186M (58%)         404M (20%)    
[85.515s][info][gc,heap     ] GC(135)      Live:         -               112M (5%)          112M (5%)          112M (5%)             -                  -          
[85.515s][info][gc,heap     ] GC(135) Allocated:         -               170M (8%)          232M (11%)         257M (13%)            -                  -          
[85.515s][info][gc,heap     ] GC(135)   Garbage:         -               845M (41%)         239M (12%)          35M (2%)             -                  -          
[85.515s][info][gc,heap     ] GC(135) Reclaimed:         -                  -               606M (30%)         809M (40%)            -                  -          
[85.515s][info][gc          ] GC(135) Garbage Collection (Allocation Rate) 958M(47%)->406M(20%)
[85.895s][info][gc,start    ] GC(136) Garbage Collection (Allocation Rate)
[85.895s][info][gc,task     ] GC(136) Using 1 workers
[85.895s][info][gc,phases   ] GC(136) Pause Mark Start 0.008ms
[86.019s][info][gc,phases   ] GC(136) Concurrent Mark 123.885ms
[86.019s][info][gc,phases   ] GC(136) Pause Mark End 0.012ms
[86.019s][info][gc,phases   ] GC(136) Concurrent Mark Free 0.002ms
[86.046s][info][gc,phases   ] GC(136) Concurrent Process Non-Strong References 26.430ms
[86.046s][info][gc,phases   ] GC(136) Concurrent Reset Relocation Set 0.009ms
[86.052s][info][gc,phases   ] GC(136) Concurrent Select Relocation Set 5.886ms
[86.052s][info][gc,phases   ] GC(136) Pause Relocate Start 0.009ms
[86.092s][info][gc,phases   ] GC(136) Concurrent Relocate 39.654ms
[86.092s][info][gc,load     ] GC(136) Load: 0.00/0.00/0.00
[86.092s][info][gc,mmu      ] GC(136) MMU: 2ms/98.5%, 5ms/99.4%, 10ms/99.6%, 20ms/99.8%, 50ms/99.9%, 100ms/99.9%
[86.092s][info][gc,marking  ] GC(136) Mark: 1 stripe(s), 2 proactive flush(es), 1 terminate flush(es), 0 completion(s), 0 continuation(s) 
[86.092s][info][gc,marking  ] GC(136) Mark Stack Usage: 32M
[86.092s][info][gc,nmethod  ] GC(136) NMethods: 14946 registered, 2270 unregistered
[86.092s][info][gc,metaspace] GC(136) Metaspace: 100M used, 100M committed, 1152M reserved
[86.092s][info][gc,ref      ] GC(136) Soft: 4314 encountered, 0 discovered, 0 enqueued
[86.092s][info][gc,ref      ] GC(136) Weak: 7460 encountered, 6252 discovered, 2 enqueued
[86.092s][info][gc,ref      ] GC(136) Final: 1 encountered, 0 discovered, 0 enqueued
[86.092s][info][gc,ref      ] GC(136) Phantom: 775 encountered, 397 discovered, 0 enqueued
[86.092s][info][gc,reloc    ] GC(136) Small Pages: 565 / 1130M, Empty: 392M, Relocated: 25M, In-Place: 0
[86.092s][info][gc,reloc    ] GC(136) Medium Pages: 2 / 64M, Empty: 0M, Relocated: 4M, In-Place: 0
[86.092s][info][gc,reloc    ] GC(136) Large Pages: 7 / 62M, Empty: 0M, Relocated: 0M, In-Place: 0
[86.092s][info][gc,reloc    ] GC(136) Forwarding Usage: 15M
[86.092s][info][gc,heap     ] GC(136) Min Capacity: 2048M(100%)
[86.092s][info][gc,heap     ] GC(136) Max Capacity: 2048M(100%)
[86.092s][info][gc,heap     ] GC(136) Soft Max Capacity: 2048M(100%)
[86.092s][info][gc,heap     ] GC(136)                Mark Start          Mark End        Relocate Start      Relocate End           High               Low         
[86.092s][info][gc,heap     ] GC(136)  Capacity:     2048M (100%)       2048M (100%)       2048M (100%)       2048M (100%)       2048M (100%)       2048M (100%)   
[86.092s][info][gc,heap     ] GC(136)      Free:      792M (39%)         494M (24%)         806M (39%)        1384M (68%)        1386M (68%)         428M (21%)    
[86.092s][info][gc,heap     ] GC(136)      Used:     1256M (61%)        1554M (76%)        1242M (61%)         664M (32%)        1620M (79%)         662M (32%)    
[86.092s][info][gc,heap     ] GC(136)      Live:         -               133M (7%)          133M (7%)          133M (7%)             -                  -          
[86.092s][info][gc,heap     ] GC(136) Allocated:         -               298M (15%)         378M (18%)         495M (24%)            -                  -          
[86.092s][info][gc,heap     ] GC(136)   Garbage:         -              1122M (55%)         730M (36%)          34M (2%)             -                  -          
[86.092s][info][gc,heap     ] GC(136) Reclaimed:         -                  -               392M (19%)        1087M (53%)            -                  -          
[86.092s][info][gc          ] GC(136) Garbage Collection (Allocation Rate) 1256M(61%)->664M(32%)
[86.198s][info][gc,start    ] GC(137) Garbage Collection (Allocation Rate)
[86.198s][info][gc,task     ] GC(137) Using 1 workers
[86.198s][info][gc,phases   ] GC(137) Pause Mark Start 0.008ms
[86.330s][info][gc,phases   ] GC(137) Concurrent Mark 132.017ms
[86.330s][info][gc,phases   ] GC(137) Pause Mark End 0.019ms
[86.330s][info][gc,phases   ] GC(137) Concurrent Mark Free 0.001ms
[86.357s][info][gc,phases   ] GC(137) Concurrent Process Non-Strong References 26.231ms
[86.357s][info][gc,phases   ] GC(137) Concurrent Reset Relocation Set 0.026ms
[86.360s][info][gc,phases   ] GC(137) Concurrent Select Relocation Set 3.318ms
[86.360s][info][gc,phases   ] GC(137) Pause Relocate Start 0.012ms
[86.366s][info][gc,phases   ] GC(137) Concurrent Relocate 6.085ms
[86.366s][info][gc,load     ] GC(137) Load: 0.00/0.00/0.00
[86.366s][info][gc,mmu      ] GC(137) MMU: 2ms/98.5%, 5ms/99.4%, 10ms/99.6%, 20ms/99.8%, 50ms/99.9%, 100ms/99.9%
[86.366s][info][gc,marking  ] GC(137) Mark: 1 stripe(s), 2 proactive flush(es), 1 terminate flush(es), 0 completion(s), 0 continuation(s) 
[86.366s][info][gc,marking  ] GC(137) Mark Stack Usage: 32M
[86.367s][info][gc,nmethod  ] GC(137) NMethods: 14946 registered, 2270 unregistered
[86.367s][info][gc,metaspace] GC(137) Metaspace: 100M used, 100M committed, 1152M reserved
[86.367s][info][gc,ref      ] GC(137) Soft: 4314 encountered, 0 discovered, 0 enqueued
[86.367s][info][gc,ref      ] GC(137) Weak: 7458 encountered, 6250 discovered, 1 enqueued
[86.367s][info][gc,ref      ] GC(137) Final: 1 encountered, 0 discovered, 0 enqueued
[86.367s][info][gc,ref      ] GC(137) Phantom: 775 encountered, 397 discovered, 0 enqueued
[86.367s][info][gc,reloc    ] GC(137) Small Pages: 402 / 804M, Empty: 260M, Relocated: 3M, In-Place: 0
[86.367s][info][gc,reloc    ] GC(137) Medium Pages: 2 / 64M, Empty: 0M, Relocated: 4M, In-Place: 0
[86.367s][info][gc,reloc    ] GC(137) Large Pages: 7 / 62M, Empty: 0M, Relocated: 0M, In-Place: 0
[86.367s][info][gc,reloc    ] GC(137) Forwarding Usage: 2M
[86.367s][info][gc,heap     ] GC(137) Min Capacity: 2048M(100%)
[86.367s][info][gc,heap     ] GC(137) Max Capacity: 2048M(100%)
[86.367s][info][gc,heap     ] GC(137) Soft Max Capacity: 2048M(100%)
[86.367s][info][gc,heap     ] GC(137)                Mark Start          Mark End        Relocate Start      Relocate End           High               Low         
[86.367s][info][gc,heap     ] GC(137)  Capacity:     2048M (100%)       2048M (100%)       2048M (100%)       2048M (100%)       2048M (100%)       2048M (100%)   
[86.367s][info][gc,heap     ] GC(137)      Free:     1118M (55%)         786M (38%)         968M (47%)        1424M (70%)        1424M (70%)         716M (35%)    
[86.367s][info][gc,heap     ] GC(137)      Used:      930M (45%)        1262M (62%)        1080M (53%)         624M (30%)        1332M (65%)         624M (30%)    
[86.367s][info][gc,heap     ] GC(137)      Live:         -               135M (7%)          135M (7%)          135M (7%)             -                  -          
[86.367s][info][gc,heap     ] GC(137) Allocated:         -               332M (16%)         410M (20%)         452M (22%)            -                  -          
[86.367s][info][gc,heap     ] GC(137)   Garbage:         -               794M (39%)         534M (26%)          35M (2%)             -                  -          
[86.367s][info][gc,heap     ] GC(137) Reclaimed:         -                  -               260M (13%)         758M (37%)            -                  -          
[86.367s][info][gc          ] GC(137) Garbage Collection (Allocation Rate) 930M(45%)->624M(30%)
[86.465s][info][gc,start    ] GC(138) Garbage Collection (System.gc())
[86.465s][info][gc,task     ] GC(138) Using 2 workers
[86.465s][info][gc,phases   ] GC(138) Pause Mark Start 0.007ms
[86.500s][info][gc,phases   ] GC(138) Concurrent Mark 35.212ms
[86.500s][info][gc,phases   ] GC(138) Pause Mark End 0.030ms
[86.500s][info][gc,phases   ] GC(138) Concurrent Mark Free 0.002ms
[86.514s][info][gc,phases   ] GC(138) Concurrent Process Non-Strong References 13.342ms
[86.514s][info][gc,phases   ] GC(138) Concurrent Reset Relocation Set 0.019ms
[86.515s][info][gc,phases   ] GC(138) Concurrent Select Relocation Set 1.350ms
[86.515s][info][gc,phases   ] GC(138) Pause Relocate Start 0.008ms
[86.516s][info][gc,phases   ] GC(138) Concurrent Relocate 0.967ms
[86.516s][info][gc,load     ] GC(138) Load: 0.00/0.00/0.00
[86.516s][info][gc,mmu      ] GC(138) MMU: 2ms/98.5%, 5ms/99.4%, 10ms/99.6%, 20ms/99.8%, 50ms/99.9%, 100ms/99.9%
[86.516s][info][gc,marking  ] GC(138) Mark: 2 stripe(s), 3 proactive flush(es), 1 terminate flush(es), 0 completion(s), 0 continuation(s) 
[86.516s][info][gc,marking  ] GC(138) Mark Stack Usage: 32M
[86.516s][info][gc,nmethod  ] GC(138) NMethods: 14946 registered, 2270 unregistered
[86.516s][info][gc,metaspace] GC(138) Metaspace: 100M used, 100M committed, 1152M reserved
[86.516s][info][gc,ref      ] GC(138) Soft: 4314 encountered, 0 discovered, 0 enqueued
[86.516s][info][gc,ref      ] GC(138) Weak: 7454 encountered, 6462 discovered, 4 enqueued
[86.516s][info][gc,ref      ] GC(138) Final: 1 encountered, 0 discovered, 0 enqueued
[86.516s][info][gc,ref      ] GC(138) Phantom: 775 encountered, 564 discovered, 0 enqueued
[86.516s][info][gc,reloc    ] GC(138) Small Pages: 345 / 690M, Empty: 618M, Relocated: 1M, In-Place: 0
[86.516s][info][gc,reloc    ] GC(138) Medium Pages: 2 / 64M, Empty: 32M, Relocated: 0M, In-Place: 0
[86.516s][info][gc,reloc    ] GC(138) Large Pages: 7 / 62M, Empty: 0M, Relocated: 0M, In-Place: 0
[86.516s][info][gc,reloc    ] GC(138) Forwarding Usage: 0M
[86.516s][info][gc,heap     ] GC(138) Min Capacity: 2048M(100%)
[86.516s][info][gc,heap     ] GC(138) Max Capacity: 2048M(100%)
[86.516s][info][gc,heap     ] GC(138) Soft Max Capacity: 2048M(100%)
[86.516s][info][gc,heap     ] GC(138)                Mark Start          Mark End        Relocate Start      Relocate End           High               Low         
[86.516s][info][gc,heap     ] GC(138)  Capacity:     2048M (100%)       2048M (100%)       2048M (100%)       2048M (100%)       2048M (100%)       2048M (100%)   
[86.516s][info][gc,heap     ] GC(138)      Free:     1232M (60%)        1230M (60%)        1880M (92%)        1900M (93%)        1900M (93%)        1230M (60%)    
[86.516s][info][gc,heap     ] GC(138)      Used:      816M (40%)         818M (40%)         168M (8%)          148M (7%)          818M (40%)         148M (7%)     
[86.516s][info][gc,heap     ] GC(138)      Live:         -               107M (5%)          107M (5%)          107M (5%)             -                  -          
[86.516s][info][gc,heap     ] GC(138) Allocated:         -                 2M (0%)            2M (0%)            2M (0%)             -                  -          
[86.516s][info][gc,heap     ] GC(138)   Garbage:         -               708M (35%)          58M (3%)           38M (2%)             -                  -          
[86.516s][info][gc,heap     ] GC(138) Reclaimed:         -                  -               650M (32%)         670M (33%)            -                  -          
[86.516s][info][gc          ] GC(138) Garbage Collection (System.gc()) 816M(40%)->148M(7%)
[87.108s][info][gc,start    ] GC(139) Garbage Collection (Allocation Rate)
[87.108s][info][gc,task     ] GC(139) Using 1 workers
[87.108s][info][gc,phases   ] GC(139) Pause Mark Start 0.010ms
[87.172s][info][gc,phases   ] GC(139) Concurrent Mark 63.734ms
[87.172s][info][gc,phases   ] GC(139) Pause Mark End 0.017ms
[87.172s][info][gc,phases   ] GC(139) Concurrent Mark Free 0.001ms
[87.198s][info][gc,phases   ] GC(139) Concurrent Process Non-Strong References 25.899ms
[87.198s][info][gc,phases   ] GC(139) Concurrent Reset Relocation Set 0.002ms
[87.200s][info][gc,phases   ] GC(139) Concurrent Select Relocation Set 2.173ms
[87.201s][info][gc,phases   ] GC(139) Pause Relocate Start 0.011ms
[87.207s][info][gc,phases   ] GC(139) Concurrent Relocate 6.030ms
[87.207s][info][gc,load     ] GC(139) Load: 0.00/0.00/0.00
[87.207s][info][gc,mmu      ] GC(139) MMU: 2ms/98.5%, 5ms/99.4%, 10ms/99.6%, 20ms/99.8%, 50ms/99.9%, 100ms/99.9%
[87.207s][info][gc,marking  ] GC(139) Mark: 1 stripe(s), 2 proactive flush(es), 1 terminate flush(es), 0 completion(s), 0 continuation(s) 
[87.207s][info][gc,marking  ] GC(139) Mark Stack Usage: 32M
[87.207s][info][gc,nmethod  ] GC(139) NMethods: 14953 registered, 2270 unregistered
[87.207s][info][gc,metaspace] GC(139) Metaspace: 100M used, 100M committed, 1152M reserved
[87.207s][info][gc,ref      ] GC(139) Soft: 4314 encountered, 0 discovered, 0 enqueued
[87.207s][info][gc,ref      ] GC(139) Weak: 7460 encountered, 6252 discovered, 1 enqueued
[87.207s][info][gc,ref      ] GC(139) Final: 1 encountered, 0 discovered, 0 enqueued
[87.207s][info][gc,ref      ] GC(139) Phantom: 775 encountered, 397 discovered, 0 enqueued
[87.207s][info][gc,reloc    ] GC(139) Small Pages: 546 / 1092M, Empty: 642M, Relocated: 3M, In-Place: 0
[87.207s][info][gc,reloc    ] GC(139) Medium Pages: 2 / 64M, Empty: 32M, Relocated: 0M, In-Place: 0
[87.207s][info][gc,reloc    ] GC(139) Large Pages: 7 / 62M, Empty: 0M, Relocated: 0M, In-Place: 0
[87.207s][info][gc,reloc    ] GC(139) Forwarding Usage: 1M
[87.207s][info][gc,heap     ] GC(139) Min Capacity: 2048M(100%)
[87.207s][info][gc,heap     ] GC(139) Max Capacity: 2048M(100%)
[87.207s][info][gc,heap     ] GC(139) Soft Max Capacity: 2048M(100%)
[87.207s][info][gc,heap     ] GC(139)                Mark Start          Mark End        Relocate Start      Relocate End           High               Low         
[87.207s][info][gc,heap     ] GC(139)  Capacity:     2048M (100%)       2048M (100%)       2048M (100%)       2048M (100%)       2048M (100%)       2048M (100%)   
[87.207s][info][gc,heap     ] GC(139)      Free:      830M (41%)         694M (34%)        1310M (64%)        1694M (83%)        1700M (83%)         638M (31%)    
[87.207s][info][gc,heap     ] GC(139)      Used:     1218M (59%)        1354M (66%)         738M (36%)         354M (17%)        1410M (69%)         348M (17%)    
[87.207s][info][gc,heap     ] GC(139)      Live:         -               108M (5%)          108M (5%)          108M (5%)             -                  -          
[87.207s][info][gc,heap     ] GC(139) Allocated:         -               136M (7%)          194M (9%)          209M (10%)            -                  -          
[87.207s][info][gc,heap     ] GC(139)   Garbage:         -              1109M (54%)         435M (21%)          35M (2%)             -                  -          
[87.207s][info][gc,heap     ] GC(139) Reclaimed:         -                  -               674M (33%)        1073M (52%)            -                  -          
[87.207s][info][gc          ] GC(139) Garbage Collection (Allocation Rate) 1218M(59%)->354M(17%)
[87.601s][info][gc,start    ] GC(140) Garbage Collection (Allocation Rate)
[87.601s][info][gc,task     ] GC(140) Using 1 workers
[87.602s][info][gc,phases   ] GC(140) Pause Mark Start 0.009ms
[87.728s][info][gc,phases   ] GC(140) Concurrent Mark 126.202ms
[87.728s][info][gc,phases   ] GC(140) Pause Mark End 0.013ms
[87.728s][info][gc,phases   ] GC(140) Concurrent Mark Free 0.001ms
[87.754s][info][gc,phases   ] GC(140) Concurrent Process Non-Strong References 25.991ms
[87.754s][info][gc,phases   ] GC(140) Concurrent Reset Relocation Set 0.010ms
[87.761s][info][gc,phases   ] GC(140) Concurrent Select Relocation Set 6.627ms
[87.761s][info][gc,phases   ] GC(140) Pause Relocate Start 0.011ms
[87.800s][info][gc,phases   ] GC(140) Concurrent Relocate 39.172ms
[87.801s][info][gc,load     ] GC(140) Load: 0.00/0.00/0.00
[87.801s][info][gc,mmu      ] GC(140) MMU: 2ms/98.5%, 5ms/99.4%, 10ms/99.6%, 20ms/99.8%, 50ms/99.9%, 100ms/99.9%
[87.801s][info][gc,marking  ] GC(140) Mark: 1 stripe(s), 2 proactive flush(es), 1 terminate flush(es), 0 completion(s), 0 continuation(s) 
[87.801s][info][gc,marking  ] GC(140) Mark Stack Usage: 32M
[87.801s][info][gc,nmethod  ] GC(140) NMethods: 14955 registered, 2270 unregistered
[87.801s][info][gc,metaspace] GC(140) Metaspace: 100M used, 100M committed, 1152M reserved
[87.801s][info][gc,ref      ] GC(140) Soft: 4314 encountered, 0 discovered, 0 enqueued
[87.801s][info][gc,ref      ] GC(140) Weak: 7460 encountered, 6255 discovered, 6 enqueued
[87.801s][info][gc,ref      ] GC(140) Final: 1 encountered, 0 discovered, 0 enqueued
[87.801s][info][gc,ref      ] GC(140) Phantom: 775 encountered, 397 discovered, 0 enqueued
[87.801s][info][gc,reloc    ] GC(140) Small Pages: 593 / 1186M, Empty: 248M, Relocated: 25M, In-Place: 0
[87.801s][info][gc,reloc    ] GC(140) Medium Pages: 2 / 64M, Empty: 0M, Relocated: 4M, In-Place: 0
[87.801s][info][gc,reloc    ] GC(140) Large Pages: 7 / 62M, Empty: 0M, Relocated: 0M, In-Place: 0
[87.801s][info][gc,reloc    ] GC(140) Forwarding Usage: 15M
[87.801s][info][gc,heap     ] GC(140) Min Capacity: 2048M(100%)
[87.801s][info][gc,heap     ] GC(140) Max Capacity: 2048M(100%)
[87.801s][info][gc,heap     ] GC(140) Soft Max Capacity: 2048M(100%)
[87.801s][info][gc,heap     ] GC(140)                Mark Start          Mark End        Relocate Start      Relocate End           High               Low         
[87.801s][info][gc,heap     ] GC(140)  Capacity:     2048M (100%)       2048M (100%)       2048M (100%)       2048M (100%)       2048M (100%)       2048M (100%)   
[87.801s][info][gc,heap     ] GC(140)      Free:      736M (36%)         416M (20%)         586M (29%)        1368M (67%)        1368M (67%)         352M (17%)    
[87.801s][info][gc,heap     ] GC(140)      Used:     1312M (64%)        1632M (80%)        1462M (71%)         680M (33%)        1696M (83%)         680M (33%)    
[87.801s][info][gc,heap     ] GC(140)      Live:         -               135M (7%)          135M (7%)          135M (7%)             -                  -          
[87.801s][info][gc,heap     ] GC(140) Allocated:         -               320M (16%)         398M (19%)         508M (25%)            -                  -          
[87.801s][info][gc,heap     ] GC(140)   Garbage:         -              1176M (57%)         928M (45%)          35M (2%)             -                  -          
[87.801s][info][gc,heap     ] GC(140) Reclaimed:         -                  -               248M (12%)        1140M (56%)            -                  -          
[87.801s][info][gc          ] GC(140) Garbage Collection (Allocation Rate) 1312M(64%)->680M(33%)
[87.905s][info][gc,start    ] GC(141) Garbage Collection (Allocation Rate)
[87.905s][info][gc,task     ] GC(141) Using 1 workers
[87.905s][info][gc,phases   ] GC(141) Pause Mark Start 0.010ms
[88.028s][info][gc,phases   ] GC(141) Concurrent Mark 122.685ms
[88.028s][info][gc,phases   ] GC(141) Pause Mark End 0.009ms
[88.028s][info][gc,phases   ] GC(141) Concurrent Mark Free 0.001ms
[88.052s][info][gc,phases   ] GC(141) Concurrent Process Non-Strong References 23.594ms
[88.052s][info][gc,phases   ] GC(141) Concurrent Reset Relocation Set 0.042ms
[88.055s][info][gc,phases   ] GC(141) Concurrent Select Relocation Set 3.291ms
[88.055s][info][gc,phases   ] GC(141) Pause Relocate Start 0.007ms
[88.059s][info][gc,phases   ] GC(141) Concurrent Relocate 3.854ms
[88.059s][info][gc,load     ] GC(141) Load: 0.00/0.00/0.00
[88.059s][info][gc,mmu      ] GC(141) MMU: 2ms/98.5%, 5ms/99.4%, 10ms/99.6%, 20ms/99.8%, 50ms/99.9%, 100ms/99.9%
[88.059s][info][gc,marking  ] GC(141) Mark: 1 stripe(s), 2 proactive flush(es), 1 terminate flush(es), 0 completion(s), 0 continuation(s) 
[88.059s][info][gc,marking  ] GC(141) Mark Stack Usage: 32M
[88.059s][info][gc,nmethod  ] GC(141) NMethods: 14955 registered, 2270 unregistered
[88.059s][info][gc,metaspace] GC(141) Metaspace: 100M used, 100M committed, 1152M reserved
[88.059s][info][gc,ref      ] GC(141) Soft: 4314 encountered, 0 discovered, 0 enqueued
[88.059s][info][gc,ref      ] GC(141) Weak: 7453 encountered, 6250 discovered, 0 enqueued
[88.059s][info][gc,ref      ] GC(141) Final: 1 encountered, 0 discovered, 0 enqueued
[88.059s][info][gc,ref      ] GC(141) Phantom: 775 encountered, 397 discovered, 0 enqueued
[88.059s][info][gc,reloc    ] GC(141) Small Pages: 409 / 818M, Empty: 316M, Relocated: 2M, In-Place: 0
[88.059s][info][gc,reloc    ] GC(141) Medium Pages: 2 / 64M, Empty: 0M, Relocated: 4M, In-Place: 0
[88.059s][info][gc,reloc    ] GC(141) Large Pages: 7 / 62M, Empty: 0M, Relocated: 0M, In-Place: 0
[88.059s][info][gc,reloc    ] GC(141) Forwarding Usage: 1M
[88.059s][info][gc,heap     ] GC(141) Min Capacity: 2048M(100%)
[88.060s][info][gc,heap     ] GC(141) Max Capacity: 2048M(100%)
[88.060s][info][gc,heap     ] GC(141) Soft Max Capacity: 2048M(100%)
[88.060s][info][gc,heap     ] GC(141)                Mark Start          Mark End        Relocate Start      Relocate End           High               Low         
[88.060s][info][gc,heap     ] GC(141)  Capacity:     2048M (100%)       2048M (100%)       2048M (100%)       2048M (100%)       2048M (100%)       2048M (100%)   
[88.060s][info][gc,heap     ] GC(141)      Free:     1104M (54%)         822M (40%)        1138M (56%)        1594M (78%)        1594M (78%)         822M (40%)    
[88.060s][info][gc,heap     ] GC(141)      Used:      944M (46%)        1226M (60%)         910M (44%)         454M (22%)        1226M (60%)         454M (22%)    
[88.060s][info][gc,heap     ] GC(141)      Live:         -               135M (7%)          135M (7%)          135M (7%)             -                  -          
[88.060s][info][gc,heap     ] GC(141) Allocated:         -               282M (14%)         282M (14%)         282M (14%)            -                  -          
[88.060s][info][gc,heap     ] GC(141)   Garbage:         -               808M (39%)         492M (24%)          36M (2%)             -                  -          
[88.060s][info][gc,heap     ] GC(141) Reclaimed:         -                  -               316M (15%)         772M (38%)            -                  -          
[88.060s][info][gc          ] GC(141) Garbage Collection (Allocation Rate) 944M(46%)->454M(22%)
[88.060s][info][gc,start    ] GC(142) Garbage Collection (System.gc())
[88.060s][info][gc,task     ] GC(142) Using 2 workers
[88.060s][info][gc,phases   ] GC(142) Pause Mark Start 0.002ms
[88.095s][info][gc,phases   ] GC(142) Concurrent Mark 35.390ms
[88.096s][info][gc,phases   ] GC(142) Pause Mark End 0.018ms
[88.096s][info][gc,phases   ] GC(142) Concurrent Mark Free 0.002ms
[88.109s][info][gc,phases   ] GC(142) Concurrent Process Non-Strong References 12.986ms
[88.109s][info][gc,phases   ] GC(142) Concurrent Reset Relocation Set 0.014ms
[88.110s][info][gc,phases   ] GC(142) Concurrent Select Relocation Set 1.324ms
[88.110s][info][gc,phases   ] GC(142) Pause Relocate Start 0.014ms
[88.111s][info][gc,phases   ] GC(142) Concurrent Relocate 0.956ms
[88.111s][info][gc,load     ] GC(142) Load: 0.00/0.00/0.00
[88.111s][info][gc,mmu      ] GC(142) MMU: 2ms/98.5%, 5ms/99.4%, 10ms/99.6%, 20ms/99.8%, 50ms/99.9%, 100ms/99.9%
[88.111s][info][gc,marking  ] GC(142) Mark: 2 stripe(s), 2 proactive flush(es), 1 terminate flush(es), 0 completion(s), 0 continuation(s) 
[88.111s][info][gc,marking  ] GC(142) Mark Stack Usage: 32M
[88.111s][info][gc,nmethod  ] GC(142) NMethods: 14955 registered, 2270 unregistered
[88.111s][info][gc,metaspace] GC(142) Metaspace: 100M used, 100M committed, 1152M reserved
[88.111s][info][gc,ref      ] GC(142) Soft: 4314 encountered, 0 discovered, 0 enqueued
[88.111s][info][gc,ref      ] GC(142) Weak: 7453 encountered, 333 discovered, 3 enqueued
[88.111s][info][gc,ref      ] GC(142) Final: 1 encountered, 0 discovered, 0 enqueued
[88.111s][info][gc,ref      ] GC(142) Phantom: 775 encountered, 615 discovered, 0 enqueued
[88.111s][info][gc,reloc    ] GC(142) Small Pages: 180 / 360M, Empty: 292M, Relocated: 1M, In-Place: 0
[88.111s][info][gc,reloc    ] GC(142) Medium Pages: 1 / 32M, Empty: 0M, Relocated: 0M, In-Place: 0
[88.111s][info][gc,reloc    ] GC(142) Large Pages: 7 / 62M, Empty: 0M, Relocated: 0M, In-Place: 0
[88.111s][info][gc,reloc    ] GC(142) Forwarding Usage: 0M
[88.111s][info][gc,heap     ] GC(142) Min Capacity: 2048M(100%)
[88.111s][info][gc,heap     ] GC(142) Max Capacity: 2048M(100%)
[88.111s][info][gc,heap     ] GC(142) Soft Max Capacity: 2048M(100%)
[88.111s][info][gc,heap     ] GC(142)                Mark Start          Mark End        Relocate Start      Relocate End           High               Low         
[88.111s][info][gc,heap     ] GC(142)  Capacity:     2048M (100%)       2048M (100%)       2048M (100%)       2048M (100%)       2048M (100%)       2048M (100%)   
[88.111s][info][gc,heap     ] GC(142)      Free:     1594M (78%)        1594M (78%)        1886M (92%)        1902M (93%)        1902M (93%)        1594M (78%)    
[88.111s][info][gc,heap     ] GC(142)      Used:      454M (22%)         454M (22%)         162M (8%)          146M (7%)          454M (22%)         146M (7%)     
[88.111s][info][gc,heap     ] GC(142)      Live:         -               107M (5%)          107M (5%)          107M (5%)             -                  -          
[88.112s][info][gc,heap     ] GC(142) Allocated:         -                 0M (0%)            0M (0%)            0M (0%)             -                  -          
[88.112s][info][gc,heap     ] GC(142)   Garbage:         -               346M (17%)          54M (3%)           38M (2%)             -                  -          
[88.112s][info][gc,heap     ] GC(142) Reclaimed:         -                  -               292M (14%)         308M (15%)            -                  -          
[88.112s][info][gc          ] GC(142) Garbage Collection (System.gc()) 454M(22%)->146M(7%)
[88.700s][info][gc,start    ] GC(143) Garbage Collection (Allocation Rate)
[88.700s][info][gc,task     ] GC(143) Using 1 workers
[88.700s][info][gc,phases   ] GC(143) Pause Mark Start 0.008ms
[88.763s][info][gc,phases   ] GC(143) Concurrent Mark 62.900ms
[88.763s][info][gc,phases   ] GC(143) Pause Mark End 0.012ms
[88.763s][info][gc,phases   ] GC(143) Concurrent Mark Free 0.001ms
[88.788s][info][gc,phases   ] GC(143) Concurrent Process Non-Strong References 25.056ms
[88.788s][info][gc,phases   ] GC(143) Concurrent Reset Relocation Set 0.002ms
[88.791s][info][gc,phases   ] GC(143) Concurrent Select Relocation Set 2.436ms
[88.791s][info][gc,phases   ] GC(143) Pause Relocate Start 0.012ms
[88.797s][info][gc,phases   ] GC(143) Concurrent Relocate 5.827ms
[88.797s][info][gc,load     ] GC(143) Load: 0.00/0.00/0.00
[88.797s][info][gc,mmu      ] GC(143) MMU: 2ms/98.5%, 5ms/99.4%, 10ms/99.6%, 20ms/99.8%, 50ms/99.9%, 100ms/99.9%
[88.797s][info][gc,marking  ] GC(143) Mark: 1 stripe(s), 2 proactive flush(es), 1 terminate flush(es), 0 completion(s), 0 continuation(s) 
[88.797s][info][gc,marking  ] GC(143) Mark Stack Usage: 32M
[88.797s][info][gc,nmethod  ] GC(143) NMethods: 14962 registered, 2270 unregistered
[88.797s][info][gc,metaspace] GC(143) Metaspace: 100M used, 100M committed, 1152M reserved
[88.797s][info][gc,ref      ] GC(143) Soft: 4314 encountered, 0 discovered, 0 enqueued
[88.797s][info][gc,ref      ] GC(143) Weak: 7460 encountered, 6255 discovered, 1 enqueued
[88.797s][info][gc,ref      ] GC(143) Final: 1 encountered, 0 discovered, 0 enqueued
[88.797s][info][gc,ref      ] GC(143) Phantom: 775 encountered, 397 discovered, 0 enqueued
[88.797s][info][gc,reloc    ] GC(143) Small Pages: 548 / 1096M, Empty: 642M, Relocated: 3M, In-Place: 0
[88.797s][info][gc,reloc    ] GC(143) Medium Pages: 2 / 64M, Empty: 32M, Relocated: 0M, In-Place: 0
[88.797s][info][gc,reloc    ] GC(143) Large Pages: 7 / 62M, Empty: 0M, Relocated: 0M, In-Place: 0
[88.797s][info][gc,reloc    ] GC(143) Forwarding Usage: 1M
[88.797s][info][gc,heap     ] GC(143) Min Capacity: 2048M(100%)
[88.797s][info][gc,heap     ] GC(143) Max Capacity: 2048M(100%)
[88.797s][info][gc,heap     ] GC(143) Soft Max Capacity: 2048M(100%)
[88.797s][info][gc,heap     ] GC(143)                Mark Start          Mark End        Relocate Start      Relocate End           High               Low         
[88.797s][info][gc,heap     ] GC(143)  Capacity:     2048M (100%)       2048M (100%)       2048M (100%)       2048M (100%)       2048M (100%)       2048M (100%)   
[88.797s][info][gc,heap     ] GC(143)      Free:      826M (40%)         688M (34%)        1302M (64%)        1692M (83%)        1696M (83%)         632M (31%)    
[88.797s][info][gc,heap     ] GC(143)      Used:     1222M (60%)        1360M (66%)         746M (36%)         356M (17%)        1416M (69%)         352M (17%)    
[88.797s][info][gc,heap     ] GC(143)      Live:         -               108M (5%)          108M (5%)          108M (5%)             -                  -          
[88.797s][info][gc,heap     ] GC(143) Allocated:         -               138M (7%)          198M (10%)         211M (10%)            -                  -          
[88.797s][info][gc,heap     ] GC(143)   Garbage:         -              1113M (54%)         439M (21%)          35M (2%)             -                  -          
[88.797s][info][gc,heap     ] GC(143) Reclaimed:         -                  -               674M (33%)        1077M (53%)            -                  -          
[88.797s][info][gc          ] GC(143) Garbage Collection (Allocation Rate) 1222M(60%)->356M(17%)
[89.301s][info][gc,start    ] GC(144) Garbage Collection (Allocation Rate)
[89.301s][info][gc,task     ] GC(144) Using 1 workers
[89.301s][info][gc,phases   ] GC(144) Pause Mark Start 0.011ms
[89.428s][info][gc,phases   ] GC(144) Concurrent Mark 126.243ms
[89.428s][info][gc,phases   ] GC(144) Pause Mark End 0.016ms
[89.428s][info][gc,phases   ] GC(144) Concurrent Mark Free 0.001ms
[89.454s][info][gc,phases   ] GC(144) Concurrent Process Non-Strong References 25.721ms
[89.454s][info][gc,phases   ] GC(144) Concurrent Reset Relocation Set 0.014ms
[89.460s][info][gc,phases   ] GC(144) Concurrent Select Relocation Set 6.571ms
[89.461s][info][gc,phases   ] GC(144) Pause Relocate Start 0.014ms
[89.501s][info][gc,phases   ] GC(144) Concurrent Relocate 40.539ms
[89.501s][info][gc,load     ] GC(144) Load: 0.00/0.00/0.00
[89.501s][info][gc,mmu      ] GC(144) MMU: 2ms/98.5%, 5ms/99.4%, 10ms/99.6%, 20ms/99.8%, 50ms/99.9%, 100ms/99.9%
[89.501s][info][gc,marking  ] GC(144) Mark: 1 stripe(s), 2 proactive flush(es), 1 terminate flush(es), 0 completion(s), 0 continuation(s) 
[89.502s][info][gc,marking  ] GC(144) Mark Stack Usage: 32M
[89.502s][info][gc,nmethod  ] GC(144) NMethods: 14962 registered, 2270 unregistered
[89.502s][info][gc,metaspace] GC(144) Metaspace: 100M used, 100M committed, 1152M reserved
[89.502s][info][gc,ref      ] GC(144) Soft: 4314 encountered, 0 discovered, 0 enqueued
[89.502s][info][gc,ref      ] GC(144) Weak: 7460 encountered, 6255 discovered, 6 enqueued
[89.502s][info][gc,ref      ] GC(144) Final: 1 encountered, 0 discovered, 0 enqueued
[89.502s][info][gc,ref      ] GC(144) Phantom: 775 encountered, 397 discovered, 0 enqueued
[89.502s][info][gc,reloc    ] GC(144) Small Pages: 725 / 1450M, Empty: 362M, Relocated: 26M, In-Place: 0
[89.502s][info][gc,reloc    ] GC(144) Medium Pages: 2 / 64M, Empty: 0M, Relocated: 4M, In-Place: 0
[89.502s][info][gc,reloc    ] GC(144) Large Pages: 7 / 62M, Empty: 0M, Relocated: 0M, In-Place: 0
[89.502s][info][gc,reloc    ] GC(144) Forwarding Usage: 16M
[89.502s][info][gc,heap     ] GC(144) Min Capacity: 2048M(100%)
[89.502s][info][gc,heap     ] GC(144) Max Capacity: 2048M(100%)
[89.502s][info][gc,heap     ] GC(144) Soft Max Capacity: 2048M(100%)
[89.502s][info][gc,heap     ] GC(144)                Mark Start          Mark End        Relocate Start      Relocate End           High               Low         
[89.502s][info][gc,heap     ] GC(144)  Capacity:     2048M (100%)       2048M (100%)       2048M (100%)       2048M (100%)       2048M (100%)       2048M (100%)   
[89.502s][info][gc,heap     ] GC(144)      Free:      472M (23%)         160M (8%)          440M (21%)        1360M (66%)        1360M (66%)          94M (5%)     
[89.502s][info][gc,heap     ] GC(144)      Used:     1576M (77%)        1888M (92%)        1608M (79%)         688M (34%)        1954M (95%)         688M (34%)    
[89.502s][info][gc,heap     ] GC(144)      Live:         -               135M (7%)          135M (7%)          135M (7%)             -                  -          
[89.502s][info][gc,heap     ] GC(144) Allocated:         -               312M (15%)         394M (19%)         516M (25%)            -                  -          
[89.502s][info][gc,heap     ] GC(144)   Garbage:         -              1440M (70%)        1078M (53%)          35M (2%)             -                  -          
[89.502s][info][gc,heap     ] GC(144) Reclaimed:         -                  -               362M (18%)        1404M (69%)            -                  -          
[89.502s][info][gc          ] GC(144) Garbage Collection (Allocation Rate) 1576M(77%)->688M(34%)
[89.600s][info][gc,start    ] GC(145) Garbage Collection (Allocation Rate)
[89.600s][info][gc,task     ] GC(145) Using 1 workers
[89.600s][info][gc,phases   ] GC(145) Pause Mark Start 0.011ms
[89.689s][info][gc,phases   ] GC(145) Concurrent Mark 88.630ms
[89.689s][info][gc,phases   ] GC(145) Pause Mark End 0.013ms
[89.689s][info][gc,phases   ] GC(145) Concurrent Mark Free 0.001ms
[89.714s][info][gc,phases   ] GC(145) Concurrent Process Non-Strong References 24.700ms
[89.714s][info][gc,phases   ] GC(145) Concurrent Reset Relocation Set 0.034ms
[89.717s][info][gc,phases   ] GC(145) Concurrent Select Relocation Set 2.610ms
[89.717s][info][gc,phases   ] GC(145) Pause Relocate Start 0.010ms
[89.731s][info][gc,phases   ] GC(145) Concurrent Relocate 13.988ms
[89.731s][info][gc,load     ] GC(145) Load: 0.00/0.00/0.00
[89.731s][info][gc,mmu      ] GC(145) MMU: 2ms/98.5%, 5ms/99.4%, 10ms/99.6%, 20ms/99.8%, 50ms/99.9%, 100ms/99.9%
[89.731s][info][gc,marking  ] GC(145) Mark: 1 stripe(s), 2 proactive flush(es), 1 terminate flush(es), 0 completion(s), 0 continuation(s) 
[89.731s][info][gc,marking  ] GC(145) Mark Stack Usage: 32M
[89.731s][info][gc,nmethod  ] GC(145) NMethods: 14964 registered, 2270 unregistered
[89.731s][info][gc,metaspace] GC(145) Metaspace: 100M used, 100M committed, 1152M reserved
[89.731s][info][gc,ref      ] GC(145) Soft: 4314 encountered, 0 discovered, 0 enqueued
[89.731s][info][gc,ref      ] GC(145) Weak: 7453 encountered, 6250 discovered, 3 enqueued
[89.731s][info][gc,ref      ] GC(145) Final: 1 encountered, 0 discovered, 0 enqueued
[89.731s][info][gc,ref      ] GC(145) Phantom: 775 encountered, 397 discovered, 0 enqueued
[89.731s][info][gc,reloc    ] GC(145) Small Pages: 400 / 800M, Empty: 532M, Relocated: 11M, In-Place: 0
[89.731s][info][gc,reloc    ] GC(145) Medium Pages: 2 / 64M, Empty: 0M, Relocated: 3M, In-Place: 0
[89.731s][info][gc,reloc    ] GC(145) Large Pages: 7 / 62M, Empty: 0M, Relocated: 0M, In-Place: 0
[89.731s][info][gc,reloc    ] GC(145) Forwarding Usage: 6M
[89.731s][info][gc,heap     ] GC(145) Min Capacity: 2048M(100%)
[89.731s][info][gc,heap     ] GC(145) Max Capacity: 2048M(100%)
[89.731s][info][gc,heap     ] GC(145) Soft Max Capacity: 2048M(100%)
[89.731s][info][gc,heap     ] GC(145)                Mark Start          Mark End        Relocate Start      Relocate End           High               Low         
[89.731s][info][gc,heap     ] GC(145)  Capacity:     2048M (100%)       2048M (100%)       2048M (100%)       2048M (100%)       2048M (100%)       2048M (100%)   
[89.731s][info][gc,heap     ] GC(145)      Free:     1122M (55%)        1090M (53%)        1622M (79%)        1858M (91%)        1858M (91%)        1090M (53%)    
[89.731s][info][gc,heap     ] GC(145)      Used:      926M (45%)         958M (47%)         426M (21%)         190M (9%)          958M (47%)         190M (9%)     
[89.731s][info][gc,heap     ] GC(145)      Live:         -               121M (6%)          121M (6%)          121M (6%)             -                  -          
[89.731s][info][gc,heap     ] GC(145) Allocated:         -                32M (2%)           32M (2%)           32M (2%)             -                  -          
[89.731s][info][gc,heap     ] GC(145)   Garbage:         -               804M (39%)         272M (13%)          36M (2%)             -                  -          
[89.731s][info][gc,heap     ] GC(145) Reclaimed:         -                  -               532M (26%)         768M (38%)            -                  -          
[89.731s][info][gc          ] GC(145) Garbage Collection (Allocation Rate) 926M(45%)->190M(9%)
[89.732s][info][gc,start    ] GC(146) Garbage Collection (System.gc())
[89.732s][info][gc,task     ] GC(146) Using 2 workers
[89.732s][info][gc,phases   ] GC(146) Pause Mark Start 0.009ms
[89.775s][info][gc,phases   ] GC(146) Concurrent Mark 43.556ms
[89.776s][info][gc,phases   ] GC(146) Pause Mark End 0.029ms
[89.776s][info][gc,phases   ] GC(146) Concurrent Mark Free 0.002ms
[89.789s][info][gc,phases   ] GC(146) Concurrent Process Non-Strong References 12.764ms
[89.789s][info][gc,phases   ] GC(146) Concurrent Reset Relocation Set 0.009ms
[89.790s][info][gc,phases   ] GC(146) Concurrent Select Relocation Set 1.767ms
[89.791s][info][gc,phases   ] GC(146) Pause Relocate Start 0.014ms
[89.792s][info][gc,phases   ] GC(146) Concurrent Relocate 1.770ms
[89.793s][info][gc,load     ] GC(146) Load: 0.00/0.00/0.00
[89.793s][info][gc,mmu      ] GC(146) MMU: 2ms/98.5%, 5ms/99.4%, 10ms/99.6%, 20ms/99.8%, 50ms/99.9%, 100ms/99.9%
[89.793s][info][gc,marking  ] GC(146) Mark: 2 stripe(s), 2 proactive flush(es), 1 terminate flush(es), 0 completion(s), 0 continuation(s) 
[89.793s][info][gc,marking  ] GC(146) Mark Stack Usage: 32M
[89.793s][info][gc,nmethod  ] GC(146) NMethods: 14965 registered, 2270 unregistered
[89.793s][info][gc,metaspace] GC(146) Metaspace: 100M used, 100M committed, 1152M reserved
[89.793s][info][gc,ref      ] GC(146) Soft: 4314 encountered, 0 discovered, 0 enqueued
[89.793s][info][gc,ref      ] GC(146) Weak: 7450 encountered, 103 discovered, 0 enqueued
[89.793s][info][gc,ref      ] GC(146) Final: 1 encountered, 0 discovered, 0 enqueued
[89.793s][info][gc,ref      ] GC(146) Phantom: 775 encountered, 458 discovered, 0 enqueued
[89.793s][info][gc,reloc    ] GC(146) Small Pages: 48 / 96M, Empty: 34M, Relocated: 1M, In-Place: 0
[89.793s][info][gc,reloc    ] GC(146) Medium Pages: 1 / 32M, Empty: 0M, Relocated: 0M, In-Place: 0
[89.793s][info][gc,reloc    ] GC(146) Large Pages: 7 / 62M, Empty: 0M, Relocated: 0M, In-Place: 0
[89.793s][info][gc,reloc    ] GC(146) Forwarding Usage: 0M
[89.793s][info][gc,heap     ] GC(146) Min Capacity: 2048M(100%)
[89.793s][info][gc,heap     ] GC(146) Max Capacity: 2048M(100%)
[89.793s][info][gc,heap     ] GC(146) Soft Max Capacity: 2048M(100%)
[89.793s][info][gc,heap     ] GC(146)                Mark Start          Mark End        Relocate Start      Relocate End           High               Low         
[89.793s][info][gc,heap     ] GC(146)  Capacity:     2048M (100%)       2048M (100%)       2048M (100%)       2048M (100%)       2048M (100%)       2048M (100%)   
[89.793s][info][gc,heap     ] GC(146)      Free:     1858M (91%)        1856M (91%)        1890M (92%)        1900M (93%)        1900M (93%)        1856M (91%)    
[89.793s][info][gc,heap     ] GC(146)      Used:      190M (9%)          192M (9%)          158M (8%)          148M (7%)          192M (9%)          148M (7%)     
[89.793s][info][gc,heap     ] GC(146)      Live:         -               107M (5%)          107M (5%)          107M (5%)             -                  -          
[89.793s][info][gc,heap     ] GC(146) Allocated:         -                 2M (0%)            2M (0%)            2M (0%)             -                  -          
[89.793s][info][gc,heap     ] GC(146)   Garbage:         -                82M (4%)           48M (2%)           38M (2%)             -                  -          
[89.793s][info][gc,heap     ] GC(146) Reclaimed:         -                  -                34M (2%)           44M (2%)             -                  -          
[89.793s][info][gc          ] GC(146) Garbage Collection (System.gc()) 190M(9%)->148M(7%)
[90.093s][info][gc,stats    ] === Garbage Collection Statistics =======================================================================================================================
[90.093s][info][gc,stats    ]                                                              Last 10s              Last 10m              Last 10h                Total
[90.093s][info][gc,stats    ]                                                              Avg / Max             Avg / Max             Avg / Max             Avg / Max
[90.093s][info][gc,stats    ]   Collector: Garbage Collection Cycle                    117.443 / 200.276     271.947 / 1215.582    271.947 / 1215.582    271.947 / 1215.582    ms
[90.093s][info][gc,stats    ]  Contention: Mark Segment Reset Contention                     0 / 1                 7 / 496               7 / 496               7 / 496         ops/s
[90.093s][info][gc,stats    ]  Contention: Mark SeqNum Reset Contention                      0 / 1                 0 / 4                 0 / 4                 0 / 4           ops/s
[90.093s][info][gc,stats    ]    Critical: Allocation Stall                                  0 / 0                 0 / 6                 0 / 6                 0 / 6           ops/s
[90.093s][info][gc,stats    ]    Critical: Allocation Stall                              0.000 / 0.000       513.228 / 1001.934    513.228 / 1001.934    513.228 / 1001.934    ms
[90.093s][info][gc,stats    ]    Critical: GC Locker Stall                                   0 / 0                 0 / 1                 0 / 1                 0 / 1           ops/s
[90.093s][info][gc,stats    ]    Critical: GC Locker Stall                               0.000 / 0.000         0.000 / 0.000         0.000 / 0.000         0.000 / 0.000       ms
[90.093s][info][gc,stats    ]    Critical: Relocation Stall                                  0 / 0                 0 / 1                 0 / 1                 0 / 1           ops/s
[90.093s][info][gc,stats    ]    Critical: Relocation Stall                              0.000 / 0.000         7.319 / 11.251        7.319 / 11.251        7.319 / 11.251      ms
[90.093s][info][gc,stats    ]      Memory: Allocation Rate                                2008 / 2398           1168 / 2422           1168 / 2422           1168 / 2422        MB/s
[90.093s][info][gc,stats    ]      Memory: Out Of Memory                                     0 / 0                 0 / 0                 0 / 0                 0 / 0           ops/s
[90.093s][info][gc,stats    ]      Memory: Page Cache Flush                                  3 / 32               11 / 172              11 / 172              11 / 172         MB/s
[90.093s][info][gc,stats    ]      Memory: Page Cache Hit L1                               986 / 1186            565 / 1197            565 / 1197            565 / 1197        ops/s
[90.093s][info][gc,stats    ]      Memory: Page Cache Hit L2                                 0 / 0                 0 / 0                 0 / 0                 0 / 0           ops/s
[90.093s][info][gc,stats    ]      Memory: Page Cache Hit L3                                 0 / 1                13 / 289              13 / 289              13 / 289         ops/s
[90.093s][info][gc,stats    ]      Memory: Page Cache Miss                                   0 / 1                 0 / 11                0 / 11                0 / 11          ops/s
[90.093s][info][gc,stats    ]      Memory: Uncommit                                          0 / 0                 0 / 0                 0 / 0                 0 / 0           MB/s
[90.093s][info][gc,stats    ]      Memory: Undo Object Allocation Failed                     0 / 0                 0 / 3                 0 / 3                 0 / 3           ops/s
[90.093s][info][gc,stats    ]      Memory: Undo Object Allocation Succeeded                  1 / 4                10 / 520              10 / 520              10 / 520         ops/s
[90.093s][info][gc,stats    ]      Memory: Undo Page Allocation                              0 / 1                 0 / 3                 0 / 3                 0 / 3           ops/s
[90.093s][info][gc,stats    ]       Phase: Concurrent Mark                              80.466 / 132.017     224.315 / 1158.372    224.315 / 1158.372    224.315 / 1158.372    ms
[90.093s][info][gc,stats    ]       Phase: Concurrent Mark Continue                      0.000 / 0.000         0.000 / 0.000         0.000 / 0.000         0.000 / 0.000       ms
[90.093s][info][gc,stats    ]       Phase: Concurrent Mark Free                          0.001 / 0.004         0.030 / 4.217         0.030 / 4.217         0.030 / 4.217       ms
[90.093s][info][gc,stats    ]       Phase: Concurrent Process Non-Strong References     19.394 / 26.430       16.351 / 31.183       16.351 / 31.183       16.351 / 31.183      ms
[90.093s][info][gc,stats    ]       Phase: Concurrent Relocate                          12.516 / 41.629       24.615 / 247.779      24.615 / 247.779      24.615 / 247.779     ms
[90.093s][info][gc,stats    ]       Phase: Concurrent Reset Relocation Set               0.014 / 0.042         0.015 / 0.061         0.015 / 0.061         0.015 / 0.061       ms
[90.093s][info][gc,stats    ]       Phase: Concurrent Select Relocation Set              3.386 / 8.777         5.216 / 40.244        5.216 / 40.244        5.216 / 40.244      ms
[90.093s][info][gc,stats    ]       Phase: Pause Mark End                                0.016 / 0.030         0.017 / 0.030         0.017 / 0.030         0.017 / 0.030       ms
[90.093s][info][gc,stats    ]       Phase: Pause Mark Start                              0.008 / 0.011         0.009 / 0.030         0.009 / 0.030         0.009 / 0.030       ms
[90.093s][info][gc,stats    ]       Phase: Pause Relocate Start                          0.011 / 0.019         0.011 / 0.019         0.011 / 0.019         0.011 / 0.019       ms
[90.093s][info][gc,stats    ]    Subphase: Concurrent Classes Purge                      0.686 / 0.981         0.570 / 1.058         0.570 / 1.058         0.570 / 1.058       ms
[90.093s][info][gc,stats    ]    Subphase: Concurrent Classes Unlink                    17.081 / 23.548       14.287 / 28.085       14.287 / 28.085       14.287 / 28.085      ms
[90.093s][info][gc,stats    ]    Subphase: Concurrent Mark                              68.443 / 130.370     248.388 / 1155.457    248.388 / 1155.457    248.388 / 1155.457    ms
[90.093s][info][gc,stats    ]    Subphase: Concurrent Mark Try Flush                     0.103 / 0.506         0.100 / 0.511         0.100 / 0.511         0.100 / 0.511       ms
[90.093s][info][gc,stats    ]    Subphase: Concurrent Mark Try Terminate                 1.915 / 16.372        2.375 / 16.923        2.375 / 16.923        2.375 / 16.923      ms
[90.094s][info][gc,stats    ]    Subphase: Concurrent References Enqueue                 0.005 / 0.009         0.005 / 0.009         0.005 / 0.009         0.005 / 0.009       ms
[90.094s][info][gc,stats    ]    Subphase: Concurrent References Process                 0.664 / 1.103         0.564 / 1.172         0.564 / 1.172         0.564 / 1.172       ms
[90.094s][info][gc,stats    ]    Subphase: Concurrent Roots ClassLoaderDataGraph         0.163 / 0.333         0.148 / 0.429         0.148 / 0.429         0.148 / 0.429       ms
[90.094s][info][gc,stats    ]    Subphase: Concurrent Roots CodeCache                    0.000 / 0.000         0.000 / 0.000         0.000 / 0.000         0.000 / 0.000       ms
[90.094s][info][gc,stats    ]    Subphase: Concurrent Roots JavaThreads                  1.162 / 2.167         1.494 / 2.895         1.494 / 2.895         1.494 / 2.895       ms
[90.094s][info][gc,stats    ]    Subphase: Concurrent Roots OopStorageSet                0.042 / 0.154         0.039 / 0.157         0.039 / 0.157         0.039 / 0.157       ms
[90.094s][info][gc,stats    ]    Subphase: Concurrent Weak Roots OopStorageSet           0.717 / 1.135         0.694 / 1.390         0.694 / 1.390         0.694 / 1.390       ms
[90.094s][info][gc,stats    ]    Subphase: Pause Mark Try Complete                       0.000 / 0.000         0.000 / 0.000         0.000 / 0.000         0.000 / 0.000       ms
[90.094s][info][gc,stats    ]      System: Java Threads                                     37 / 38               40 / 48               40 / 48               40 / 48          threads
[90.094s][info][gc,stats    ] =========================================================================================================================================================
[90.408s][info][gc,start    ] GC(147) Garbage Collection (Allocation Rate)
[90.408s][info][gc,task     ] GC(147) Using 1 workers
[90.408s][info][gc,phases   ] GC(147) Pause Mark Start 0.009ms
[90.474s][info][gc,phases   ] GC(147) Concurrent Mark 66.040ms
[90.474s][info][gc,phases   ] GC(147) Pause Mark End 0.016ms
[90.475s][info][gc,phases   ] GC(147) Concurrent Mark Free 0.002ms
[90.501s][info][gc,phases   ] GC(147) Concurrent Process Non-Strong References 26.064ms
[90.501s][info][gc,phases   ] GC(147) Concurrent Reset Relocation Set 0.001ms
[90.503s][info][gc,phases   ] GC(147) Concurrent Select Relocation Set 2.085ms
[90.503s][info][gc,phases   ] GC(147) Pause Relocate Start 0.012ms
[90.508s][info][gc,phases   ] GC(147) Concurrent Relocate 4.501ms
[90.508s][info][gc,load     ] GC(147) Load: 0.00/0.00/0.00
[90.508s][info][gc,mmu      ] GC(147) MMU: 2ms/98.5%, 5ms/99.4%, 10ms/99.6%, 20ms/99.8%, 50ms/99.9%, 100ms/99.9%
[90.508s][info][gc,marking  ] GC(147) Mark: 1 stripe(s), 2 proactive flush(es), 1 terminate flush(es), 0 completion(s), 0 continuation(s) 
[90.508s][info][gc,marking  ] GC(147) Mark Stack Usage: 32M
[90.508s][info][gc,nmethod  ] GC(147) NMethods: 14966 registered, 2270 unregistered
[90.508s][info][gc,metaspace] GC(147) Metaspace: 100M used, 100M committed, 1152M reserved
[90.508s][info][gc,ref      ] GC(147) Soft: 4314 encountered, 0 discovered, 0 enqueued
[90.508s][info][gc,ref      ] GC(147) Weak: 7459 encountered, 6255 discovered, 1 enqueued
[90.508s][info][gc,ref      ] GC(147) Final: 1 encountered, 0 discovered, 0 enqueued
[90.508s][info][gc,ref      ] GC(147) Phantom: 775 encountered, 397 discovered, 0 enqueued
[90.508s][info][gc,reloc    ] GC(147) Small Pages: 584 / 1168M, Empty: 642M, Relocated: 1M, In-Place: 0
[90.508s][info][gc,reloc    ] GC(147) Medium Pages: 2 / 64M, Empty: 32M, Relocated: 0M, In-Place: 0
[90.508s][info][gc,reloc    ] GC(147) Large Pages: 7 / 62M, Empty: 0M, Relocated: 0M, In-Place: 0
[90.508s][info][gc,reloc    ] GC(147) Forwarding Usage: 0M
[90.508s][info][gc,heap     ] GC(147) Min Capacity: 2048M(100%)
[90.508s][info][gc,heap     ] GC(147) Max Capacity: 2048M(100%)
[90.508s][info][gc,heap     ] GC(147) Soft Max Capacity: 2048M(100%)
[90.508s][info][gc,heap     ] GC(147)                Mark Start          Mark End        Relocate Start      Relocate End           High               Low         
[90.508s][info][gc,heap     ] GC(147)  Capacity:     2048M (100%)       2048M (100%)       2048M (100%)       2048M (100%)       2048M (100%)       2048M (100%)   
[90.508s][info][gc,heap     ] GC(147)      Free:      754M (37%)         612M (30%)        1194M (58%)        1660M (81%)        1660M (81%)         556M (27%)    
[90.508s][info][gc,heap     ] GC(147)      Used:     1294M (63%)        1436M (70%)         854M (42%)         388M (19%)        1492M (73%)         388M (19%)    
[90.508s][info][gc,heap     ] GC(147)      Live:         -               108M (5%)          108M (5%)          108M (5%)             -                  -          
[90.508s][info][gc,heap     ] GC(147) Allocated:         -               142M (7%)          234M (11%)         241M (12%)            -                  -          
[90.508s][info][gc,heap     ] GC(147)   Garbage:         -              1185M (58%)         511M (25%)          37M (2%)             -                  -          
[90.508s][info][gc,heap     ] GC(147) Reclaimed:         -                  -               674M (33%)        1147M (56%)            -                  -          
[90.508s][info][gc          ] GC(147) Garbage Collection (Allocation Rate) 1294M(63%)->388M(19%)
[90.993s][info][gc,start    ] GC(148) Garbage Collection (Allocation Rate)
[90.993s][info][gc,task     ] GC(148) Using 2 workers
[90.993s][info][gc,phases   ] GC(148) Pause Mark Start 0.007ms
[91.088s][info][gc,phases   ] GC(148) Concurrent Mark 94.665ms
[91.088s][info][gc,phases   ] GC(148) Pause Mark End 0.013ms
[91.088s][info][gc,phases   ] GC(148) Concurrent Mark Free 0.001ms
[91.103s][info][gc,phases   ] GC(148) Concurrent Process Non-Strong References 14.175ms
[91.103s][info][gc,phases   ] GC(148) Concurrent Reset Relocation Set 0.013ms
[91.108s][info][gc,phases   ] GC(148) Concurrent Select Relocation Set 5.600ms
[91.108s][info][gc,phases   ] GC(148) Pause Relocate Start 0.010ms
[91.136s][info][gc,phases   ] GC(148) Concurrent Relocate 27.245ms
[91.136s][info][gc,load     ] GC(148) Load: 0.00/0.00/0.00
[91.136s][info][gc,mmu      ] GC(148) MMU: 2ms/98.5%, 5ms/99.4%, 10ms/99.6%, 20ms/99.8%, 50ms/99.9%, 100ms/99.9%
[91.136s][info][gc,marking  ] GC(148) Mark: 2 stripe(s), 2 proactive flush(es), 1 terminate flush(es), 0 completion(s), 0 continuation(s) 
[91.136s][info][gc,marking  ] GC(148) Mark Stack Usage: 32M
[91.136s][info][gc,nmethod  ] GC(148) NMethods: 14967 registered, 2270 unregistered
[91.136s][info][gc,metaspace] GC(148) Metaspace: 100M used, 100M committed, 1152M reserved
[91.136s][info][gc,ref      ] GC(148) Soft: 4314 encountered, 0 discovered, 0 enqueued
[91.136s][info][gc,ref      ] GC(148) Weak: 7459 encountered, 6388 discovered, 6 enqueued
[91.136s][info][gc,ref      ] GC(148) Final: 1 encountered, 1 discovered, 0 enqueued
[91.136s][info][gc,ref      ] GC(148) Phantom: 775 encountered, 536 discovered, 0 enqueued
[91.136s][info][gc,reloc    ] GC(148) Small Pages: 717 / 1434M, Empty: 318M, Relocated: 27M, In-Place: 0
[91.136s][info][gc,reloc    ] GC(148) Medium Pages: 2 / 64M, Empty: 0M, Relocated: 4M, In-Place: 0
[91.136s][info][gc,reloc    ] GC(148) Large Pages: 7 / 62M, Empty: 0M, Relocated: 0M, In-Place: 0
[91.136s][info][gc,reloc    ] GC(148) Forwarding Usage: 16M
[91.136s][info][gc,heap     ] GC(148) Min Capacity: 2048M(100%)
[91.136s][info][gc,heap     ] GC(148) Max Capacity: 2048M(100%)
[91.136s][info][gc,heap     ] GC(148) Soft Max Capacity: 2048M(100%)
[91.136s][info][gc,heap     ] GC(148)                Mark Start          Mark End        Relocate Start      Relocate End           High               Low         
[91.136s][info][gc,heap     ] GC(148)  Capacity:     2048M (100%)       2048M (100%)       2048M (100%)       2048M (100%)       2048M (100%)       2048M (100%)   
[91.136s][info][gc,heap     ] GC(148)      Free:      488M (24%)         266M (13%)         536M (26%)        1518M (74%)        1518M (74%)         230M (11%)    
[91.136s][info][gc,heap     ] GC(148)      Used:     1560M (76%)        1782M (87%)        1512M (74%)         530M (26%)        1818M (89%)         530M (26%)    
[91.136s][info][gc,heap     ] GC(148)      Live:         -               135M (7%)          135M (7%)          135M (7%)             -                  -          
[91.136s][info][gc,heap     ] GC(148) Allocated:         -               222M (11%)         270M (13%)         357M (17%)            -                  -          
[91.136s][info][gc,heap     ] GC(148)   Garbage:         -              1424M (70%)        1106M (54%)          37M (2%)             -                  -          
[91.136s][info][gc,heap     ] GC(148) Reclaimed:         -                  -               318M (16%)        1387M (68%)            -                  -          
[91.136s][info][gc          ] GC(148) Garbage Collection (Allocation Rate) 1560M(76%)->530M(26%)
[91.294s][info][gc,start    ] GC(149) Garbage Collection (System.gc())
[91.294s][info][gc,task     ] GC(149) Using 2 workers
[91.294s][info][gc,phases   ] GC(149) Pause Mark Start 0.005ms
[91.325s][info][gc,phases   ] GC(149) Concurrent Mark 31.077ms
[91.325s][info][gc,phases   ] GC(149) Pause Mark End 0.013ms
[91.325s][info][gc,phases   ] GC(149) Concurrent Mark Free 0.001ms
[91.338s][info][gc,phases   ] GC(149) Concurrent Process Non-Strong References 12.516ms
[91.338s][info][gc,phases   ] GC(149) Concurrent Reset Relocation Set 0.042ms
[91.341s][info][gc,phases   ] GC(149) Concurrent Select Relocation Set 3.197ms
[91.341s][info][gc,phases   ] GC(149) Pause Relocate Start 0.011ms
[91.343s][info][gc,phases   ] GC(149) Concurrent Relocate 1.996ms
[91.343s][info][gc,load     ] GC(149) Load: 0.00/0.00/0.00
[91.343s][info][gc,mmu      ] GC(149) MMU: 2ms/98.5%, 5ms/99.4%, 10ms/99.6%, 20ms/99.8%, 50ms/99.9%, 100ms/99.9%
[91.343s][info][gc,marking  ] GC(149) Mark: 2 stripe(s), 2 proactive flush(es), 1 terminate flush(es), 0 completion(s), 0 continuation(s) 
[91.343s][info][gc,marking  ] GC(149) Mark Stack Usage: 32M
[91.343s][info][gc,nmethod  ] GC(149) NMethods: 14968 registered, 2270 unregistered
[91.343s][info][gc,metaspace] GC(149) Metaspace: 100M used, 100M committed, 1152M reserved
[91.343s][info][gc,ref      ] GC(149) Soft: 4314 encountered, 0 discovered, 0 enqueued
[91.343s][info][gc,ref      ] GC(149) Weak: 7452 encountered, 419 discovered, 3 enqueued
[91.343s][info][gc,ref      ] GC(149) Final: 1 encountered, 0 discovered, 0 enqueued
[91.343s][info][gc,ref      ] GC(149) Phantom: 775 encountered, 619 discovered, 0 enqueued
[91.343s][info][gc,reloc    ] GC(149) Small Pages: 387 / 774M, Empty: 696M, Relocated: 1M, In-Place: 0
[91.343s][info][gc,reloc    ] GC(149) Medium Pages: 2 / 64M, Empty: 32M, Relocated: 0M, In-Place: 0
[91.343s][info][gc,reloc    ] GC(149) Large Pages: 7 / 62M, Empty: 0M, Relocated: 0M, In-Place: 0
[91.343s][info][gc,reloc    ] GC(149) Forwarding Usage: 0M
[91.343s][info][gc,heap     ] GC(149) Min Capacity: 2048M(100%)
[91.343s][info][gc,heap     ] GC(149) Max Capacity: 2048M(100%)
[91.343s][info][gc,heap     ] GC(149) Soft Max Capacity: 2048M(100%)
[91.343s][info][gc,heap     ] GC(149)                Mark Start          Mark End        Relocate Start      Relocate End           High               Low         
[91.343s][info][gc,heap     ] GC(149)  Capacity:     2048M (100%)       2048M (100%)       2048M (100%)       2048M (100%)       2048M (100%)       2048M (100%)   
[91.343s][info][gc,heap     ] GC(149)      Free:     1148M (56%)        1148M (56%)        1876M (92%)        1902M (93%)        1902M (93%)        1148M (56%)    
[91.343s][info][gc,heap     ] GC(149)      Used:      900M (44%)         900M (44%)         172M (8%)          146M (7%)          900M (44%)         146M (7%)     
[91.343s][info][gc,heap     ] GC(149)      Live:         -               107M (5%)          107M (5%)          107M (5%)             -                  -          
[91.343s][info][gc,heap     ] GC(149) Allocated:         -                 0M (0%)            0M (0%)            0M (0%)             -                  -          
[91.343s][info][gc,heap     ] GC(149)   Garbage:         -               792M (39%)          64M (3%)           38M (2%)             -                  -          
[91.343s][info][gc,heap     ] GC(149) Reclaimed:         -                  -               728M (36%)         754M (37%)            -                  -          
[91.343s][info][gc          ] GC(149) Garbage Collection (System.gc()) 900M(44%)->146M(7%)
[92.007s][info][gc,start    ] GC(150) Garbage Collection (Allocation Rate)
[92.007s][info][gc,task     ] GC(150) Using 2 workers
[92.007s][info][gc,phases   ] GC(150) Pause Mark Start 0.010ms
[92.054s][info][gc,phases   ] GC(150) Concurrent Mark 46.579ms
[92.054s][info][gc,phases   ] GC(150) Pause Mark End 0.018ms
[92.054s][info][gc,phases   ] GC(150) Concurrent Mark Free 0.001ms
[92.068s][info][gc,phases   ] GC(150) Concurrent Process Non-Strong References 13.746ms
[92.068s][info][gc,phases   ] GC(150) Concurrent Reset Relocation Set 0.002ms
[92.070s][info][gc,phases   ] GC(150) Concurrent Select Relocation Set 2.203ms
[92.070s][info][gc,phases   ] GC(150) Pause Relocate Start 0.009ms
[92.073s][info][gc,phases   ] GC(150) Concurrent Relocate 2.903ms
[92.073s][info][gc,load     ] GC(150) Load: 0.00/0.00/0.00
[92.073s][info][gc,mmu      ] GC(150) MMU: 2ms/98.5%, 5ms/99.4%, 10ms/99.6%, 20ms/99.8%, 50ms/99.9%, 100ms/99.9%
[92.073s][info][gc,marking  ] GC(150) Mark: 2 stripe(s), 2 proactive flush(es), 1 terminate flush(es), 0 completion(s), 0 continuation(s) 
[92.073s][info][gc,marking  ] GC(150) Mark Stack Usage: 32M
[92.073s][info][gc,nmethod  ] GC(150) NMethods: 14970 registered, 2270 unregistered
[92.073s][info][gc,metaspace] GC(150) Metaspace: 100M used, 100M committed, 1152M reserved
[92.073s][info][gc,ref      ] GC(150) Soft: 4314 encountered, 0 discovered, 0 enqueued
[92.073s][info][gc,ref      ] GC(150) Weak: 7459 encountered, 653 discovered, 3 enqueued
[92.073s][info][gc,ref      ] GC(150) Final: 1 encountered, 0 discovered, 0 enqueued
[92.073s][info][gc,ref      ] GC(150) Phantom: 775 encountered, 575 discovered, 0 enqueued
[92.073s][info][gc,reloc    ] GC(150) Small Pages: 637 / 1274M, Empty: 1022M, Relocated: 3M, In-Place: 0
[92.073s][info][gc,reloc    ] GC(150) Medium Pages: 2 / 64M, Empty: 32M, Relocated: 0M, In-Place: 0
[92.073s][info][gc,reloc    ] GC(150) Large Pages: 7 / 62M, Empty: 0M, Relocated: 0M, In-Place: 0
[92.073s][info][gc,reloc    ] GC(150) Forwarding Usage: 1M
[92.073s][info][gc,heap     ] GC(150) Min Capacity: 2048M(100%)
[92.073s][info][gc,heap     ] GC(150) Max Capacity: 2048M(100%)
[92.073s][info][gc,heap     ] GC(150) Soft Max Capacity: 2048M(100%)
[92.073s][info][gc,heap     ] GC(150)                Mark Start          Mark End        Relocate Start      Relocate End           High               Low         
[92.073s][info][gc,heap     ] GC(150)  Capacity:     2048M (100%)       2048M (100%)       2048M (100%)       2048M (100%)       2048M (100%)       2048M (100%)   
[92.073s][info][gc,heap     ] GC(150)      Free:      648M (32%)         514M (25%)        1534M (75%)        1726M (84%)        1730M (84%)         484M (24%)    
[92.073s][info][gc,heap     ] GC(150)      Used:     1400M (68%)        1534M (75%)         514M (25%)         322M (16%)        1564M (76%)         318M (16%)    
[92.073s][info][gc,heap     ] GC(150)      Live:         -               109M (5%)          109M (5%)          109M (5%)             -                  -          
[92.073s][info][gc,heap     ] GC(150) Allocated:         -               134M (7%)          168M (8%)          173M (8%)             -                  -          
[92.073s][info][gc,heap     ] GC(150)   Garbage:         -              1290M (63%)         236M (12%)          39M (2%)             -                  -          
[92.073s][info][gc,heap     ] GC(150) Reclaimed:         -                  -              1054M (51%)        1251M (61%)            -                  -          
[92.073s][info][gc          ] GC(150) Garbage Collection (Allocation Rate) 1400M(68%)->322M(16%)
[92.594s][info][gc,start    ] GC(151) Garbage Collection (Allocation Rate)
[92.594s][info][gc,task     ] GC(151) Using 2 workers
[92.595s][info][gc,phases   ] GC(151) Pause Mark Start 0.009ms
[92.690s][info][gc,phases   ] GC(151) Concurrent Mark 95.061ms
[92.690s][info][gc,phases   ] GC(151) Pause Mark End 0.018ms
[92.690s][info][gc,phases   ] GC(151) Concurrent Mark Free 0.001ms
[92.704s][info][gc,phases   ] GC(151) Concurrent Process Non-Strong References 14.274ms
[92.704s][info][gc,phases   ] GC(151) Concurrent Reset Relocation Set 0.008ms
[92.711s][info][gc,phases   ] GC(151) Concurrent Select Relocation Set 6.451ms
[92.711s][info][gc,phases   ] GC(151) Pause Relocate Start 0.015ms
[92.738s][info][gc,phases   ] GC(151) Concurrent Relocate 26.781ms
[92.738s][info][gc,load     ] GC(151) Load: 0.00/0.00/0.00
[92.738s][info][gc,mmu      ] GC(151) MMU: 2ms/98.5%, 5ms/99.4%, 10ms/99.6%, 20ms/99.8%, 50ms/99.9%, 100ms/99.9%
[92.738s][info][gc,marking  ] GC(151) Mark: 2 stripe(s), 3 proactive flush(es), 1 terminate flush(es), 0 completion(s), 0 continuation(s) 
[92.738s][info][gc,marking  ] GC(151) Mark Stack Usage: 32M
[92.738s][info][gc,nmethod  ] GC(151) NMethods: 14973 registered, 2270 unregistered
[92.738s][info][gc,metaspace] GC(151) Metaspace: 100M used, 100M committed, 1152M reserved
[92.738s][info][gc,ref      ] GC(151) Soft: 4314 encountered, 0 discovered, 0 enqueued
[92.738s][info][gc,ref      ] GC(151) Weak: 7457 encountered, 6412 discovered, 4 enqueued
[92.738s][info][gc,ref      ] GC(151) Final: 1 encountered, 1 discovered, 0 enqueued
[92.738s][info][gc,ref      ] GC(151) Phantom: 775 encountered, 618 discovered, 0 enqueued
[92.738s][info][gc,reloc    ] GC(151) Small Pages: 720 / 1440M, Empty: 302M, Relocated: 25M, In-Place: 0
[92.738s][info][gc,reloc    ] GC(151) Medium Pages: 2 / 64M, Empty: 0M, Relocated: 4M, In-Place: 0
[92.738s][info][gc,reloc    ] GC(151) Large Pages: 7 / 62M, Empty: 0M, Relocated: 0M, In-Place: 0
[92.738s][info][gc,reloc    ] GC(151) Forwarding Usage: 15M
[92.738s][info][gc,heap     ] GC(151) Min Capacity: 2048M(100%)
[92.738s][info][gc,heap     ] GC(151) Max Capacity: 2048M(100%)
[92.738s][info][gc,heap     ] GC(151) Soft Max Capacity: 2048M(100%)
[92.738s][info][gc,heap     ] GC(151)                Mark Start          Mark End        Relocate Start      Relocate End           High               Low         
[92.738s][info][gc,heap     ] GC(151)  Capacity:     2048M (100%)       2048M (100%)       2048M (100%)       2048M (100%)       2048M (100%)       2048M (100%)   
[92.738s][info][gc,heap     ] GC(151)      Free:      482M (24%)         254M (12%)         508M (25%)        1512M (74%)        1514M (74%)         222M (11%)    
[92.738s][info][gc,heap     ] GC(151)      Used:     1566M (76%)        1794M (88%)        1540M (75%)         536M (26%)        1826M (89%)         534M (26%)    
[92.738s][info][gc,heap     ] GC(151)      Live:         -               135M (7%)          135M (7%)          135M (7%)             -                  -          
[92.738s][info][gc,heap     ] GC(151) Allocated:         -               228M (11%)         276M (13%)         364M (18%)            -                  -          
[92.738s][info][gc,heap     ] GC(151)   Garbage:         -              1430M (70%)        1128M (55%)          35M (2%)             -                  -          
[92.738s][info][gc,heap     ] GC(151) Reclaimed:         -                  -               302M (15%)        1394M (68%)            -                  -          
[92.738s][info][gc          ] GC(151) Garbage Collection (Allocation Rate) 1566M(76%)->536M(26%)
[92.850s][info][gc,start    ] GC(152) Garbage Collection (System.gc())
[92.850s][info][gc,task     ] GC(152) Using 2 workers
[92.850s][info][gc,phases   ] GC(152) Pause Mark Start 0.007ms
[92.895s][info][gc,phases   ] GC(152) Concurrent Mark 44.731ms
[92.895s][info][gc,phases   ] GC(152) Pause Mark End 0.022ms
[92.895s][info][gc,phases   ] GC(152) Concurrent Mark Free 0.001ms
[92.908s][info][gc,phases   ] GC(152) Concurrent Process Non-Strong References 12.424ms
[92.908s][info][gc,phases   ] GC(152) Concurrent Reset Relocation Set 0.029ms
[92.910s][info][gc,phases   ] GC(152) Concurrent Select Relocation Set 2.615ms
[92.911s][info][gc,phases   ] GC(152) Pause Relocate Start 0.008ms
[92.912s][info][gc,phases   ] GC(152) Concurrent Relocate 1.224ms
[92.912s][info][gc,load     ] GC(152) Load: 0.00/0.00/0.00
[92.912s][info][gc,mmu      ] GC(152) MMU: 2ms/98.5%, 5ms/99.4%, 10ms/99.6%, 20ms/99.8%, 50ms/99.9%, 100ms/99.9%
[92.912s][info][gc,marking  ] GC(152) Mark: 2 stripe(s), 2 proactive flush(es), 1 terminate flush(es), 0 completion(s), 0 continuation(s) 
[92.912s][info][gc,marking  ] GC(152) Mark Stack Usage: 32M
[92.912s][info][gc,nmethod  ] GC(152) NMethods: 14974 registered, 2270 unregistered
[92.912s][info][gc,metaspace] GC(152) Metaspace: 100M used, 100M committed, 1152M reserved
[92.912s][info][gc,ref      ] GC(152) Soft: 4314 encountered, 0 discovered, 0 enqueued
[92.912s][info][gc,ref      ] GC(152) Weak: 7452 encountered, 477 discovered, 3 enqueued
[92.912s][info][gc,ref      ] GC(152) Final: 1 encountered, 0 discovered, 0 enqueued
[92.912s][info][gc,ref      ] GC(152) Phantom: 775 encountered, 602 discovered, 0 enqueued
[92.912s][info][gc,reloc    ] GC(152) Small Pages: 330 / 660M, Empty: 588M, Relocated: 1M, In-Place: 0
[92.912s][info][gc,reloc    ] GC(152) Medium Pages: 2 / 64M, Empty: 32M, Relocated: 0M, In-Place: 0
[92.912s][info][gc,reloc    ] GC(152) Large Pages: 7 / 62M, Empty: 0M, Relocated: 0M, In-Place: 0
[92.912s][info][gc,reloc    ] GC(152) Forwarding Usage: 0M
[92.912s][info][gc,heap     ] GC(152) Min Capacity: 2048M(100%)
[92.912s][info][gc,heap     ] GC(152) Max Capacity: 2048M(100%)
[92.912s][info][gc,heap     ] GC(152) Soft Max Capacity: 2048M(100%)
[92.912s][info][gc,heap     ] GC(152)                Mark Start          Mark End        Relocate Start      Relocate End           High               Low         
[92.912s][info][gc,heap     ] GC(152)  Capacity:     2048M (100%)       2048M (100%)       2048M (100%)       2048M (100%)       2048M (100%)       2048M (100%)   
[92.912s][info][gc,heap     ] GC(152)      Free:     1262M (62%)        1260M (62%)        1880M (92%)        1900M (93%)        1900M (93%)        1260M (62%)    
[92.912s][info][gc,heap     ] GC(152)      Used:      786M (38%)         788M (38%)         168M (8%)          148M (7%)          788M (38%)         148M (7%)     
[92.912s][info][gc,heap     ] GC(152)      Live:         -               107M (5%)          107M (5%)          107M (5%)             -                  -          
[92.912s][info][gc,heap     ] GC(152) Allocated:         -                 2M (0%)            2M (0%)            2M (0%)             -                  -          
[92.912s][info][gc,heap     ] GC(152)   Garbage:         -               678M (33%)          58M (3%)           38M (2%)             -                  -          
[92.912s][info][gc,heap     ] GC(152) Reclaimed:         -                  -               620M (30%)         640M (31%)            -                  -          
[92.912s][info][gc          ] GC(152) Garbage Collection (System.gc()) 786M(38%)->148M(7%)
[93.497s][info][gc,start    ] GC(153) Garbage Collection (Allocation Rate)
[93.497s][info][gc,task     ] GC(153) Using 2 workers
[93.497s][info][gc,phases   ] GC(153) Pause Mark Start 0.009ms
[93.544s][info][gc,phases   ] GC(153) Concurrent Mark 46.789ms
[93.544s][info][gc,phases   ] GC(153) Pause Mark End 0.014ms
[93.544s][info][gc,phases   ] GC(153) Concurrent Mark Free 0.000ms
[93.559s][info][gc,phases   ] GC(153) Concurrent Process Non-Strong References 14.498ms
[93.559s][info][gc,phases   ] GC(153) Concurrent Reset Relocation Set 0.002ms
[93.561s][info][gc,phases   ] GC(153) Concurrent Select Relocation Set 2.213ms
[93.561s][info][gc,phases   ] GC(153) Pause Relocate Start 0.010ms
[93.564s][info][gc,phases   ] GC(153) Concurrent Relocate 2.599ms
[93.564s][info][gc,load     ] GC(153) Load: 0.00/0.00/0.00
[93.564s][info][gc,mmu      ] GC(153) MMU: 2ms/98.5%, 5ms/99.4%, 10ms/99.6%, 20ms/99.8%, 50ms/99.9%, 100ms/99.9%
[93.564s][info][gc,marking  ] GC(153) Mark: 2 stripe(s), 2 proactive flush(es), 1 terminate flush(es), 0 completion(s), 0 continuation(s) 
[93.564s][info][gc,marking  ] GC(153) Mark Stack Usage: 32M
[93.564s][info][gc,nmethod  ] GC(153) NMethods: 14979 registered, 2270 unregistered
[93.564s][info][gc,metaspace] GC(153) Metaspace: 100M used, 100M committed, 1152M reserved
[93.564s][info][gc,ref      ] GC(153) Soft: 4314 encountered, 0 discovered, 0 enqueued
[93.564s][info][gc,ref      ] GC(153) Weak: 7459 encountered, 6447 discovered, 3 enqueued
[93.564s][info][gc,ref      ] GC(153) Final: 1 encountered, 0 discovered, 0 enqueued
[93.564s][info][gc,ref      ] GC(153) Phantom: 775 encountered, 584 discovered, 0 enqueued
[93.564s][info][gc,reloc    ] GC(153) Small Pages: 550 / 1100M, Empty: 642M, Relocated: 1M, In-Place: 0
[93.564s][info][gc,reloc    ] GC(153) Medium Pages: 2 / 64M, Empty: 32M, Relocated: 0M, In-Place: 0
[93.564s][info][gc,reloc    ] GC(153) Large Pages: 7 / 62M, Empty: 0M, Relocated: 0M, In-Place: 0
[93.564s][info][gc,reloc    ] GC(153) Forwarding Usage: 0M
[93.564s][info][gc,heap     ] GC(153) Min Capacity: 2048M(100%)
[93.564s][info][gc,heap     ] GC(153) Max Capacity: 2048M(100%)
[93.564s][info][gc,heap     ] GC(153) Soft Max Capacity: 2048M(100%)
[93.564s][info][gc,heap     ] GC(153)                Mark Start          Mark End        Relocate Start      Relocate End           High               Low         
[93.564s][info][gc,heap     ] GC(153)  Capacity:     2048M (100%)       2048M (100%)       2048M (100%)       2048M (100%)       2048M (100%)       2048M (100%)   
[93.564s][info][gc,heap     ] GC(153)      Free:      822M (40%)         722M (35%)        1362M (67%)        1760M (86%)        1760M (86%)         692M (34%)    
[93.564s][info][gc,heap     ] GC(153)      Used:     1226M (60%)        1326M (65%)         686M (33%)         288M (14%)        1356M (66%)         288M (14%)    
[93.564s][info][gc,heap     ] GC(153)      Live:         -               108M (5%)          108M (5%)          108M (5%)             -                  -          
[93.564s][info][gc,heap     ] GC(153) Allocated:         -               100M (5%)          134M (7%)          139M (7%)             -                  -          
[93.564s][info][gc,heap     ] GC(153)   Garbage:         -              1117M (55%)         443M (22%)          39M (2%)             -                  -          
[93.564s][info][gc,heap     ] GC(153) Reclaimed:         -                  -               674M (33%)        1077M (53%)            -                  -          
[93.564s][info][gc          ] GC(153) Garbage Collection (Allocation Rate) 1226M(60%)->288M(14%)
[94.098s][info][gc,start    ] GC(154) Garbage Collection (Allocation Rate)
[94.098s][info][gc,task     ] GC(154) Using 2 workers
[94.098s][info][gc,phases   ] GC(154) Pause Mark Start 0.009ms
[94.177s][info][gc,phases   ] GC(154) Concurrent Mark 79.038ms
[94.177s][info][gc,phases   ] GC(154) Pause Mark End 0.017ms
[94.178s][info][gc,phases   ] GC(154) Concurrent Mark Free 0.001ms
[94.192s][info][gc,phases   ] GC(154) Concurrent Process Non-Strong References 14.233ms
[94.192s][info][gc,phases   ] GC(154) Concurrent Reset Relocation Set 0.012ms
[94.199s][info][gc,phases   ] GC(154) Concurrent Select Relocation Set 6.562ms
[94.199s][info][gc,phases   ] GC(154) Pause Relocate Start 0.013ms
[94.227s][info][gc,phases   ] GC(154) Concurrent Relocate 27.687ms
[94.227s][info][gc,load     ] GC(154) Load: 0.00/0.00/0.00
[94.227s][info][gc,mmu      ] GC(154) MMU: 2ms/98.5%, 5ms/99.4%, 10ms/99.6%, 20ms/99.8%, 50ms/99.9%, 100ms/99.9%
[94.227s][info][gc,marking  ] GC(154) Mark: 2 stripe(s), 2 proactive flush(es), 1 terminate flush(es), 0 completion(s), 0 continuation(s) 
[94.227s][info][gc,marking  ] GC(154) Mark Stack Usage: 32M
[94.227s][info][gc,nmethod  ] GC(154) NMethods: 14981 registered, 2270 unregistered
[94.227s][info][gc,metaspace] GC(154) Metaspace: 100M used, 100M committed, 1152M reserved
[94.227s][info][gc,ref      ] GC(154) Soft: 4314 encountered, 0 discovered, 0 enqueued
[94.227s][info][gc,ref      ] GC(154) Weak: 7459 encountered, 6514 discovered, 6 enqueued
[94.227s][info][gc,ref      ] GC(154) Final: 1 encountered, 0 discovered, 0 enqueued
[94.227s][info][gc,ref      ] GC(154) Phantom: 775 encountered, 615 discovered, 0 enqueued
[94.227s][info][gc,reloc    ] GC(154) Small Pages: 730 / 1460M, Empty: 356M, Relocated: 27M, In-Place: 0
[94.227s][info][gc,reloc    ] GC(154) Medium Pages: 2 / 64M, Empty: 0M, Relocated: 4M, In-Place: 0
[94.227s][info][gc,reloc    ] GC(154) Large Pages: 7 / 62M, Empty: 0M, Relocated: 0M, In-Place: 0
[94.227s][info][gc,reloc    ] GC(154) Forwarding Usage: 17M
[94.227s][info][gc,heap     ] GC(154) Min Capacity: 2048M(100%)
[94.227s][info][gc,heap     ] GC(154) Max Capacity: 2048M(100%)
[94.227s][info][gc,heap     ] GC(154) Soft Max Capacity: 2048M(100%)
[94.227s][info][gc,heap     ] GC(154)                Mark Start          Mark End        Relocate Start      Relocate End           High               Low         
[94.227s][info][gc,heap     ] GC(154)  Capacity:     2048M (100%)       2048M (100%)       2048M (100%)       2048M (100%)       2048M (100%)       2048M (100%)   
[94.227s][info][gc,heap     ] GC(154)      Free:      462M (23%)         278M (14%)         584M (29%)        1556M (76%)        1556M (76%)         244M (12%)    
[94.227s][info][gc,heap     ] GC(154)      Used:     1586M (77%)        1770M (86%)        1464M (71%)         492M (24%)        1804M (88%)         492M (24%)    
[94.227s][info][gc,heap     ] GC(154)      Live:         -               135M (7%)          135M (7%)          135M (7%)             -                  -          
[94.227s][info][gc,heap     ] GC(154) Allocated:         -               184M (9%)          234M (11%)         319M (16%)            -                  -          
[94.227s][info][gc,heap     ] GC(154)   Garbage:         -              1450M (71%)        1094M (53%)          36M (2%)             -                  -          
[94.227s][info][gc,heap     ] GC(154) Reclaimed:         -                  -               356M (17%)        1413M (69%)            -                  -          
[94.227s][info][gc          ] GC(154) Garbage Collection (Allocation Rate) 1586M(77%)->492M(24%)
[94.416s][info][gc,start    ] GC(155) Garbage Collection (System.gc())
[94.416s][info][gc,task     ] GC(155) Using 2 workers
[94.416s][info][gc,phases   ] GC(155) Pause Mark Start 0.008ms
[94.462s][info][gc,phases   ] GC(155) Concurrent Mark 45.791ms
[94.462s][info][gc,phases   ] GC(155) Pause Mark End 0.021ms
[94.462s][info][gc,phases   ] GC(155) Concurrent Mark Free 0.002ms
[94.476s][info][gc,phases   ] GC(155) Concurrent Process Non-Strong References 13.409ms
[94.476s][info][gc,phases   ] GC(155) Concurrent Reset Relocation Set 0.059ms
[94.479s][info][gc,phases   ] GC(155) Concurrent Select Relocation Set 2.819ms
[94.479s][info][gc,phases   ] GC(155) Pause Relocate Start 0.010ms
[94.481s][info][gc,phases   ] GC(155) Concurrent Relocate 1.796ms
[94.481s][info][gc,load     ] GC(155) Load: 0.00/0.00/0.00
[94.481s][info][gc,mmu      ] GC(155) MMU: 2ms/98.5%, 5ms/99.4%, 10ms/99.6%, 20ms/99.8%, 50ms/99.9%, 100ms/99.9%
[94.481s][info][gc,marking  ] GC(155) Mark: 2 stripe(s), 2 proactive flush(es), 1 terminate flush(es), 0 completion(s), 0 continuation(s) 
[94.481s][info][gc,marking  ] GC(155) Mark Stack Usage: 32M
[94.481s][info][gc,nmethod  ] GC(155) NMethods: 14985 registered, 2270 unregistered
[94.481s][info][gc,metaspace] GC(155) Metaspace: 100M used, 100M committed, 1152M reserved
[94.481s][info][gc,ref      ] GC(155) Soft: 4314 encountered, 0 discovered, 0 enqueued
[94.481s][info][gc,ref      ] GC(155) Weak: 7452 encountered, 1007 discovered, 3 enqueued
[94.481s][info][gc,ref      ] GC(155) Final: 1 encountered, 0 discovered, 0 enqueued
[94.481s][info][gc,ref      ] GC(155) Phantom: 775 encountered, 694 discovered, 0 enqueued
[94.481s][info][gc,reloc    ] GC(155) Small Pages: 408 / 816M, Empty: 744M, Relocated: 2M, In-Place: 0
[94.481s][info][gc,reloc    ] GC(155) Medium Pages: 2 / 64M, Empty: 32M, Relocated: 0M, In-Place: 0
[94.481s][info][gc,reloc    ] GC(155) Large Pages: 7 / 62M, Empty: 0M, Relocated: 0M, In-Place: 0
[94.481s][info][gc,reloc    ] GC(155) Forwarding Usage: 1M
[94.481s][info][gc,heap     ] GC(155) Min Capacity: 2048M(100%)
[94.481s][info][gc,heap     ] GC(155) Max Capacity: 2048M(100%)
[94.481s][info][gc,heap     ] GC(155) Soft Max Capacity: 2048M(100%)
[94.481s][info][gc,heap     ] GC(155)                Mark Start          Mark End        Relocate Start      Relocate End           High               Low         
[94.481s][info][gc,heap     ] GC(155)  Capacity:     2048M (100%)       2048M (100%)       2048M (100%)       2048M (100%)       2048M (100%)       2048M (100%)   
[94.481s][info][gc,heap     ] GC(155)      Free:     1106M (54%)        1106M (54%)        1882M (92%)        1904M (93%)        1904M (93%)        1106M (54%)    
[94.481s][info][gc,heap     ] GC(155)      Used:      942M (46%)         942M (46%)         166M (8%)          144M (7%)          942M (46%)         144M (7%)     
[94.481s][info][gc,heap     ] GC(155)      Live:         -               107M (5%)          107M (5%)          107M (5%)             -                  -          
[94.481s][info][gc,heap     ] GC(155) Allocated:         -                 0M (0%)            0M (0%)            0M (0%)             -                  -          
[94.481s][info][gc,heap     ] GC(155)   Garbage:         -               834M (41%)          58M (3%)           36M (2%)             -                  -          
[94.481s][info][gc,heap     ] GC(155) Reclaimed:         -                  -               776M (38%)         798M (39%)            -                  -          
[94.481s][info][gc          ] GC(155) Garbage Collection (System.gc()) 942M(46%)->144M(7%)
[95.102s][info][gc,start    ] GC(156) Garbage Collection (Allocation Rate)
[95.104s][info][gc,task     ] GC(156) Using 2 workers
[95.104s][info][gc,phases   ] GC(156) Pause Mark Start 0.005ms
[95.149s][info][gc,phases   ] GC(156) Concurrent Mark 44.970ms
[95.150s][info][gc,phases   ] GC(156) Pause Mark End 0.018ms
[95.150s][info][gc,phases   ] GC(156) Concurrent Mark Free 0.001ms
[95.163s][info][gc,phases   ] GC(156) Concurrent Process Non-Strong References 13.768ms
[95.164s][info][gc,phases   ] GC(156) Concurrent Reset Relocation Set 0.002ms
[95.166s][info][gc,phases   ] GC(156) Concurrent Select Relocation Set 1.917ms
[95.166s][info][gc,phases   ] GC(156) Pause Relocate Start 0.010ms
[95.168s][info][gc,phases   ] GC(156) Concurrent Relocate 2.369ms
[95.168s][info][gc,load     ] GC(156) Load: 0.00/0.00/0.00
[95.168s][info][gc,mmu      ] GC(156) MMU: 2ms/98.5%, 5ms/99.4%, 10ms/99.6%, 20ms/99.8%, 50ms/99.9%, 100ms/99.9%
[95.168s][info][gc,marking  ] GC(156) Mark: 2 stripe(s), 2 proactive flush(es), 1 terminate flush(es), 0 completion(s), 0 continuation(s) 
[95.168s][info][gc,marking  ] GC(156) Mark Stack Usage: 32M
[95.168s][info][gc,nmethod  ] GC(156) NMethods: 14988 registered, 2270 unregistered
[95.168s][info][gc,metaspace] GC(156) Metaspace: 100M used, 100M committed, 1152M reserved
[95.168s][info][gc,ref      ] GC(156) Soft: 4314 encountered, 0 discovered, 0 enqueued
[95.168s][info][gc,ref      ] GC(156) Weak: 7459 encountered, 105 discovered, 1 enqueued
[95.168s][info][gc,ref      ] GC(156) Final: 1 encountered, 0 discovered, 0 enqueued
[95.168s][info][gc,ref      ] GC(156) Phantom: 775 encountered, 629 discovered, 0 enqueued
[95.168s][info][gc,reloc    ] GC(156) Small Pages: 585 / 1170M, Empty: 640M, Relocated: 1M, In-Place: 0
[95.168s][info][gc,reloc    ] GC(156) Medium Pages: 2 / 64M, Empty: 32M, Relocated: 0M, In-Place: 0
[95.168s][info][gc,reloc    ] GC(156) Large Pages: 7 / 62M, Empty: 0M, Relocated: 0M, In-Place: 0
[95.168s][info][gc,reloc    ] GC(156) Forwarding Usage: 0M
[95.168s][info][gc,heap     ] GC(156) Min Capacity: 2048M(100%)
[95.168s][info][gc,heap     ] GC(156) Max Capacity: 2048M(100%)
[95.168s][info][gc,heap     ] GC(156) Soft Max Capacity: 2048M(100%)
[95.168s][info][gc,heap     ] GC(156)                Mark Start          Mark End        Relocate Start      Relocate End           High               Low         
[95.168s][info][gc,heap     ] GC(156)  Capacity:     2048M (100%)       2048M (100%)       2048M (100%)       2048M (100%)       2048M (100%)       2048M (100%)   
[95.168s][info][gc,heap     ] GC(156)      Free:      752M (37%)         656M (32%)        1294M (63%)        1766M (86%)        1766M (86%)         626M (31%)    
[95.168s][info][gc,heap     ] GC(156)      Used:     1296M (63%)        1392M (68%)         754M (37%)         282M (14%)        1422M (69%)         282M (14%)    
[95.168s][info][gc,heap     ] GC(156)      Live:         -               108M (5%)          108M (5%)          108M (5%)             -                  -          
[95.169s][info][gc,heap     ] GC(156) Allocated:         -                96M (5%)          130M (6%)          133M (7%)             -                  -          
[95.169s][info][gc,heap     ] GC(156)   Garbage:         -              1187M (58%)         515M (25%)          39M (2%)             -                  -          
[95.169s][info][gc,heap     ] GC(156) Reclaimed:         -                  -               672M (33%)        1147M (56%)            -                  -          
[95.169s][info][gc          ] GC(156) Garbage Collection (Allocation Rate) 1296M(63%)->282M(14%)
[95.597s][info][gc,start    ] GC(157) Garbage Collection (Allocation Rate)
[95.597s][info][gc,task     ] GC(157) Using 1 workers
[95.597s][info][gc,phases   ] GC(157) Pause Mark Start 0.007ms
[95.721s][info][gc,phases   ] GC(157) Concurrent Mark 124.175ms
[95.721s][info][gc,phases   ] GC(157) Pause Mark End 0.018ms
[95.721s][info][gc,phases   ] GC(157) Concurrent Mark Free 0.001ms
[95.747s][info][gc,phases   ] GC(157) Concurrent Process Non-Strong References 26.108ms
[95.748s][info][gc,phases   ] GC(157) Concurrent Reset Relocation Set 0.021ms
[95.753s][info][gc,phases   ] GC(157) Concurrent Select Relocation Set 5.544ms
[95.753s][info][gc,phases   ] GC(157) Pause Relocate Start 0.013ms
[95.796s][info][gc,phases   ] GC(157) Concurrent Relocate 42.548ms
[95.796s][info][gc,load     ] GC(157) Load: 0.00/0.00/0.00
[95.796s][info][gc,mmu      ] GC(157) MMU: 2ms/98.5%, 5ms/99.4%, 10ms/99.6%, 20ms/99.8%, 50ms/99.9%, 100ms/99.9%
[95.796s][info][gc,marking  ] GC(157) Mark: 1 stripe(s), 2 proactive flush(es), 1 terminate flush(es), 0 completion(s), 0 continuation(s) 
[95.796s][info][gc,marking  ] GC(157) Mark Stack Usage: 32M
[95.796s][info][gc,nmethod  ] GC(157) NMethods: 14989 registered, 2270 unregistered
[95.796s][info][gc,metaspace] GC(157) Metaspace: 100M used, 100M committed, 1152M reserved
[95.796s][info][gc,ref      ] GC(157) Soft: 4314 encountered, 0 discovered, 0 enqueued
[95.796s][info][gc,ref      ] GC(157) Weak: 7459 encountered, 6255 discovered, 6 enqueued
[95.796s][info][gc,ref      ] GC(157) Final: 1 encountered, 0 discovered, 0 enqueued
[95.796s][info][gc,ref      ] GC(157) Phantom: 775 encountered, 397 discovered, 0 enqueued
[95.796s][info][gc,reloc    ] GC(157) Small Pages: 604 / 1208M, Empty: 212M, Relocated: 27M, In-Place: 0
[95.796s][info][gc,reloc    ] GC(157) Medium Pages: 2 / 64M, Empty: 0M, Relocated: 4M, In-Place: 0
[95.796s][info][gc,reloc    ] GC(157) Large Pages: 7 / 62M, Empty: 0M, Relocated: 0M, In-Place: 0
[95.796s][info][gc,reloc    ] GC(157) Forwarding Usage: 16M
[95.796s][info][gc,heap     ] GC(157) Min Capacity: 2048M(100%)
[95.796s][info][gc,heap     ] GC(157) Max Capacity: 2048M(100%)
[95.796s][info][gc,heap     ] GC(157) Soft Max Capacity: 2048M(100%)
[95.796s][info][gc,heap     ] GC(157)                Mark Start          Mark End        Relocate Start      Relocate End           High               Low         
[95.796s][info][gc,heap     ] GC(157)  Capacity:     2048M (100%)       2048M (100%)       2048M (100%)       2048M (100%)       2048M (100%)       2048M (100%)   
[95.797s][info][gc,heap     ] GC(157)      Free:      714M (35%)         406M (20%)         546M (27%)        1366M (67%)        1370M (67%)         346M (17%)    
[95.797s][info][gc,heap     ] GC(157)      Used:     1334M (65%)        1642M (80%)        1502M (73%)         682M (33%)        1702M (83%)         678M (33%)    
[95.797s][info][gc,heap     ] GC(157)      Live:         -               135M (7%)          135M (7%)          135M (7%)             -                  -          
[95.797s][info][gc,heap     ] GC(157) Allocated:         -               308M (15%)         380M (19%)         511M (25%)            -                  -          
[95.797s][info][gc,heap     ] GC(157)   Garbage:         -              1198M (59%)         986M (48%)          35M (2%)             -                  -          
[95.797s][info][gc,heap     ] GC(157) Reclaimed:         -                  -               212M (10%)        1163M (57%)            -                  -          
[95.797s][info][gc          ] GC(157) Garbage Collection (Allocation Rate) 1334M(65%)->682M(33%)
[95.898s][info][gc,start    ] GC(158) Garbage Collection (Allocation Rate)
[95.898s][info][gc,task     ] GC(158) Using 1 workers
[95.898s][info][gc,phases   ] GC(158) Pause Mark Start 0.007ms
[96.022s][info][gc,phases   ] GC(158) Concurrent Mark 124.038ms
[96.022s][info][gc,phases   ] GC(158) Pause Mark End 0.019ms
[96.023s][info][gc,phases   ] GC(158) Concurrent Mark Free 0.002ms
[96.047s][info][gc,phases   ] GC(158) Concurrent Process Non-Strong References 24.029ms
[96.047s][info][gc,phases   ] GC(158) Concurrent Reset Relocation Set 0.024ms
[96.049s][info][gc,phases   ] GC(158) Concurrent Select Relocation Set 2.521ms
[96.049s][info][gc,phases   ] GC(158) Pause Relocate Start 0.010ms
[96.056s][info][gc,phases   ] GC(158) Concurrent Relocate 6.237ms
[96.056s][info][gc,load     ] GC(158) Load: 0.00/0.00/0.00
[96.056s][info][gc,mmu      ] GC(158) MMU: 2ms/98.5%, 5ms/99.4%, 10ms/99.6%, 20ms/99.8%, 50ms/99.9%, 100ms/99.9%
[96.056s][info][gc,marking  ] GC(158) Mark: 1 stripe(s), 2 proactive flush(es), 1 terminate flush(es), 0 completion(s), 0 continuation(s) 
[96.056s][info][gc,marking  ] GC(158) Mark Stack Usage: 32M
[96.056s][info][gc,nmethod  ] GC(158) NMethods: 14989 registered, 2270 unregistered
[96.056s][info][gc,metaspace] GC(158) Metaspace: 100M used, 100M committed, 1152M reserved
[96.056s][info][gc,ref      ] GC(158) Soft: 4314 encountered, 0 discovered, 0 enqueued
[96.056s][info][gc,ref      ] GC(158) Weak: 7451 encountered, 6250 discovered, 0 enqueued
[96.056s][info][gc,ref      ] GC(158) Final: 1 encountered, 0 discovered, 0 enqueued
[96.056s][info][gc,ref      ] GC(158) Phantom: 775 encountered, 397 discovered, 0 enqueued
[96.056s][info][gc,reloc    ] GC(158) Small Pages: 410 / 820M, Empty: 324M, Relocated: 5M, In-Place: 0
[96.056s][info][gc,reloc    ] GC(158) Medium Pages: 2 / 64M, Empty: 0M, Relocated: 4M, In-Place: 0
[96.056s][info][gc,reloc    ] GC(158) Large Pages: 7 / 62M, Empty: 0M, Relocated: 0M, In-Place: 0
[96.056s][info][gc,reloc    ] GC(158) Forwarding Usage: 2M
[96.056s][info][gc,heap     ] GC(158) Min Capacity: 2048M(100%)
[96.056s][info][gc,heap     ] GC(158) Max Capacity: 2048M(100%)
[96.056s][info][gc,heap     ] GC(158) Soft Max Capacity: 2048M(100%)
[96.056s][info][gc,heap     ] GC(158)                Mark Start          Mark End        Relocate Start      Relocate End           High               Low         
[96.056s][info][gc,heap     ] GC(158)  Capacity:     2048M (100%)       2048M (100%)       2048M (100%)       2048M (100%)       2048M (100%)       2048M (100%)   
[96.056s][info][gc,heap     ] GC(158)      Free:     1102M (54%)         924M (45%)        1248M (61%)        1700M (83%)        1700M (83%)         924M (45%)    
[96.056s][info][gc,heap     ] GC(158)      Used:      946M (46%)        1124M (55%)         800M (39%)         348M (17%)        1124M (55%)         348M (17%)    
[96.056s][info][gc,heap     ] GC(158)      Live:         -               135M (7%)          135M (7%)          135M (7%)             -                  -          
[96.056s][info][gc,heap     ] GC(158) Allocated:         -               178M (9%)          178M (9%)          178M (9%)             -                  -          
[96.056s][info][gc,heap     ] GC(158)   Garbage:         -               810M (40%)         486M (24%)          34M (2%)             -                  -          
[96.056s][info][gc,heap     ] GC(158) Reclaimed:         -                  -               324M (16%)         776M (38%)            -                  -          
[96.056s][info][gc          ] GC(158) Garbage Collection (Allocation Rate) 946M(46%)->348M(17%)
[96.056s][info][gc,start    ] GC(159) Garbage Collection (System.gc())
[96.056s][info][gc,task     ] GC(159) Using 2 workers
[96.057s][info][gc,phases   ] GC(159) Pause Mark Start 0.006ms
[96.088s][info][gc,phases   ] GC(159) Concurrent Mark 31.389ms
[96.088s][info][gc,phases   ] GC(159) Pause Mark End 0.013ms
[96.088s][info][gc,phases   ] GC(159) Concurrent Mark Free 0.002ms
[96.101s][info][gc,phases   ] GC(159) Concurrent Process Non-Strong References 12.204ms
[96.101s][info][gc,phases   ] GC(159) Concurrent Reset Relocation Set 0.010ms
[96.102s][info][gc,phases   ] GC(159) Concurrent Select Relocation Set 1.266ms
[96.102s][info][gc,phases   ] GC(159) Pause Relocate Start 0.015ms
[96.103s][info][gc,phases   ] GC(159) Concurrent Relocate 0.542ms
[96.103s][info][gc,load     ] GC(159) Load: 0.00/0.00/0.00
[96.103s][info][gc,mmu      ] GC(159) MMU: 2ms/98.5%, 5ms/99.4%, 10ms/99.6%, 20ms/99.8%, 50ms/99.9%, 100ms/99.9%
[96.103s][info][gc,marking  ] GC(159) Mark: 2 stripe(s), 2 proactive flush(es), 1 terminate flush(es), 0 completion(s), 0 continuation(s) 
[96.103s][info][gc,marking  ] GC(159) Mark Stack Usage: 32M
[96.103s][info][gc,nmethod  ] GC(159) NMethods: 14989 registered, 2270 unregistered
[96.103s][info][gc,metaspace] GC(159) Metaspace: 100M used, 100M committed, 1152M reserved
[96.103s][info][gc,ref      ] GC(159) Soft: 4314 encountered, 0 discovered, 0 enqueued
[96.103s][info][gc,ref      ] GC(159) Weak: 7452 encountered, 86 discovered, 3 enqueued
[96.103s][info][gc,ref      ] GC(159) Final: 1 encountered, 0 discovered, 0 enqueued
[96.103s][info][gc,ref      ] GC(159) Phantom: 775 encountered, 557 discovered, 0 enqueued
[96.103s][info][gc,reloc    ] GC(159) Small Pages: 127 / 254M, Empty: 182M, Relocated: 1M, In-Place: 0
[96.103s][info][gc,reloc    ] GC(159) Medium Pages: 1 / 32M, Empty: 0M, Relocated: 0M, In-Place: 0
[96.103s][info][gc,reloc    ] GC(159) Large Pages: 7 / 62M, Empty: 0M, Relocated: 0M, In-Place: 0
[96.103s][info][gc,reloc    ] GC(159) Forwarding Usage: 0M
[96.103s][info][gc,heap     ] GC(159) Min Capacity: 2048M(100%)
[96.103s][info][gc,heap     ] GC(159) Max Capacity: 2048M(100%)
[96.103s][info][gc,heap     ] GC(159) Soft Max Capacity: 2048M(100%)
[96.103s][info][gc,heap     ] GC(159)                Mark Start          Mark End        Relocate Start      Relocate End           High               Low         
[96.103s][info][gc,heap     ] GC(159)  Capacity:     2048M (100%)       2048M (100%)       2048M (100%)       2048M (100%)       2048M (100%)       2048M (100%)   
[96.103s][info][gc,heap     ] GC(159)      Free:     1700M (83%)        1698M (83%)        1880M (92%)        1900M (93%)        1900M (93%)        1698M (83%)    
[96.103s][info][gc,heap     ] GC(159)      Used:      348M (17%)         350M (17%)         168M (8%)          148M (7%)          350M (17%)         148M (7%)     
[96.103s][info][gc,heap     ] GC(159)      Live:         -               107M (5%)          107M (5%)          107M (5%)             -                  -          
[96.103s][info][gc,heap     ] GC(159) Allocated:         -                 2M (0%)            2M (0%)            2M (0%)             -                  -          
[96.103s][info][gc,heap     ] GC(159)   Garbage:         -               240M (12%)          58M (3%)           38M (2%)             -                  -          
[96.103s][info][gc,heap     ] GC(159) Reclaimed:         -                  -               182M (9%)          202M (10%)            -                  -          
[96.103s][info][gc          ] GC(159) Garbage Collection (System.gc()) 348M(17%)->148M(7%)
[96.706s][info][gc,start    ] GC(160) Garbage Collection (Allocation Rate)
[96.706s][info][gc,task     ] GC(160) Using 1 workers
[96.706s][info][gc,phases   ] GC(160) Pause Mark Start 0.011ms
[96.770s][info][gc,phases   ] GC(160) Concurrent Mark 63.964ms
[96.770s][info][gc,phases   ] GC(160) Pause Mark End 0.013ms
[96.771s][info][gc,phases   ] GC(160) Concurrent Mark Free 0.001ms
[96.796s][info][gc,phases   ] GC(160) Concurrent Process Non-Strong References 25.032ms
[96.796s][info][gc,phases   ] GC(160) Concurrent Reset Relocation Set 0.002ms
[96.798s][info][gc,phases   ] GC(160) Concurrent Select Relocation Set 2.181ms
[96.798s][info][gc,phases   ] GC(160) Pause Relocate Start 0.012ms
[96.803s][info][gc,phases   ] GC(160) Concurrent Relocate 4.744ms
[96.803s][info][gc,load     ] GC(160) Load: 0.00/0.00/0.00
[96.803s][info][gc,mmu      ] GC(160) MMU: 2ms/98.5%, 5ms/99.4%, 10ms/99.6%, 20ms/99.8%, 50ms/99.9%, 100ms/99.9%
[96.803s][info][gc,marking  ] GC(160) Mark: 1 stripe(s), 2 proactive flush(es), 1 terminate flush(es), 0 completion(s), 0 continuation(s) 
[96.803s][info][gc,marking  ] GC(160) Mark Stack Usage: 32M
[96.803s][info][gc,nmethod  ] GC(160) NMethods: 15011 registered, 2270 unregistered
[96.803s][info][gc,metaspace] GC(160) Metaspace: 100M used, 100M committed, 1152M reserved
[96.803s][info][gc,ref      ] GC(160) Soft: 4314 encountered, 0 discovered, 0 enqueued
[96.803s][info][gc,ref      ] GC(160) Weak: 7459 encountered, 6255 discovered, 1 enqueued
[96.803s][info][gc,ref      ] GC(160) Final: 1 encountered, 0 discovered, 0 enqueued
[96.803s][info][gc,ref      ] GC(160) Phantom: 775 encountered, 397 discovered, 0 enqueued
[96.803s][info][gc,reloc    ] GC(160) Small Pages: 566 / 1132M, Empty: 640M, Relocated: 1M, In-Place: 0
[96.803s][info][gc,reloc    ] GC(160) Medium Pages: 2 / 64M, Empty: 32M, Relocated: 0M, In-Place: 0
[96.803s][info][gc,reloc    ] GC(160) Large Pages: 7 / 62M, Empty: 0M, Relocated: 0M, In-Place: 0
[96.803s][info][gc,reloc    ] GC(160) Forwarding Usage: 0M
[96.803s][info][gc,heap     ] GC(160) Min Capacity: 2048M(100%)
[96.803s][info][gc,heap     ] GC(160) Max Capacity: 2048M(100%)
[96.803s][info][gc,heap     ] GC(160) Soft Max Capacity: 2048M(100%)
[96.803s][info][gc,heap     ] GC(160)                Mark Start          Mark End        Relocate Start      Relocate End           High               Low         
[96.803s][info][gc,heap     ] GC(160)  Capacity:     2048M (100%)       2048M (100%)       2048M (100%)       2048M (100%)       2048M (100%)       2048M (100%)   
[96.803s][info][gc,heap     ] GC(160)      Free:      790M (39%)         654M (32%)        1262M (62%)        1694M (83%)        1694M (83%)         596M (29%)    
[96.803s][info][gc,heap     ] GC(160)      Used:     1258M (61%)        1394M (68%)         786M (38%)         354M (17%)        1452M (71%)         354M (17%)    
[96.803s][info][gc,heap     ] GC(160)      Live:         -               108M (5%)          108M (5%)          108M (5%)             -                  -          
[96.803s][info][gc,heap     ] GC(160) Allocated:         -               136M (7%)          200M (10%)         207M (10%)            -                  -          
[96.803s][info][gc,heap     ] GC(160)   Garbage:         -              1149M (56%)         477M (23%)          37M (2%)             -                  -          
[96.803s][info][gc,heap     ] GC(160) Reclaimed:         -                  -               672M (33%)        1111M (54%)            -                  -          
[96.803s][info][gc          ] GC(160) Garbage Collection (Allocation Rate) 1258M(61%)->354M(17%)
[97.306s][info][gc,start    ] GC(161) Garbage Collection (Allocation Rate)
[97.306s][info][gc,task     ] GC(161) Using 2 workers
[97.306s][info][gc,phases   ] GC(161) Pause Mark Start 0.010ms
[97.385s][info][gc,phases   ] GC(161) Concurrent Mark 78.716ms
[97.385s][info][gc,phases   ] GC(161) Pause Mark End 0.018ms
[97.385s][info][gc,phases   ] GC(161) Concurrent Mark Free 0.001ms
[97.399s][info][gc,phases   ] GC(161) Concurrent Process Non-Strong References 14.029ms
[97.399s][info][gc,phases   ] GC(161) Concurrent Reset Relocation Set 0.012ms
[97.405s][info][gc,phases   ] GC(161) Concurrent Select Relocation Set 5.415ms
[97.405s][info][gc,phases   ] GC(161) Pause Relocate Start 0.011ms
[97.432s][info][gc,phases   ] GC(161) Concurrent Relocate 27.021ms
[97.432s][info][gc,load     ] GC(161) Load: 0.00/0.00/0.00
[97.432s][info][gc,mmu      ] GC(161) MMU: 2ms/98.5%, 5ms/99.4%, 10ms/99.6%, 20ms/99.8%, 50ms/99.9%, 100ms/99.9%
[97.432s][info][gc,marking  ] GC(161) Mark: 2 stripe(s), 2 proactive flush(es), 1 terminate flush(es), 0 completion(s), 0 continuation(s) 
[97.432s][info][gc,marking  ] GC(161) Mark Stack Usage: 32M
[97.432s][info][gc,nmethod  ] GC(161) NMethods: 15011 registered, 2270 unregistered
[97.432s][info][gc,metaspace] GC(161) Metaspace: 100M used, 100M committed, 1152M reserved
[97.432s][info][gc,ref      ] GC(161) Soft: 4314 encountered, 0 discovered, 0 enqueued
[97.432s][info][gc,ref      ] GC(161) Weak: 7459 encountered, 109 discovered, 6 enqueued
[97.432s][info][gc,ref      ] GC(161) Final: 1 encountered, 0 discovered, 0 enqueued
[97.432s][info][gc,ref      ] GC(161) Phantom: 775 encountered, 573 discovered, 0 enqueued
[97.432s][info][gc,reloc    ] GC(161) Small Pages: 736 / 1472M, Empty: 346M, Relocated: 27M, In-Place: 0
[97.432s][info][gc,reloc    ] GC(161) Medium Pages: 2 / 64M, Empty: 0M, Relocated: 4M, In-Place: 0
[97.432s][info][gc,reloc    ] GC(161) Large Pages: 7 / 62M, Empty: 0M, Relocated: 0M, In-Place: 0
[97.432s][info][gc,reloc    ] GC(161) Forwarding Usage: 16M
[97.432s][info][gc,heap     ] GC(161) Min Capacity: 2048M(100%)
[97.432s][info][gc,heap     ] GC(161) Max Capacity: 2048M(100%)
[97.432s][info][gc,heap     ] GC(161) Soft Max Capacity: 2048M(100%)
[97.432s][info][gc,heap     ] GC(161)                Mark Start          Mark End        Relocate Start      Relocate End           High               Low         
[97.432s][info][gc,heap     ] GC(161)  Capacity:     2048M (100%)       2048M (100%)       2048M (100%)       2048M (100%)       2048M (100%)       2048M (100%)   
[97.432s][info][gc,heap     ] GC(161)      Free:      450M (22%)         260M (13%)         554M (27%)        1544M (75%)        1544M (75%)         224M (11%)    
[97.432s][info][gc,heap     ] GC(161)      Used:     1598M (78%)        1788M (87%)        1494M (73%)         504M (25%)        1824M (89%)         504M (25%)    
[97.432s][info][gc,heap     ] GC(161)      Live:         -               135M (7%)          135M (7%)          135M (7%)             -                  -          
[97.432s][info][gc,heap     ] GC(161) Allocated:         -               190M (9%)          242M (12%)         331M (16%)            -                  -          
[97.432s][info][gc,heap     ] GC(161)   Garbage:         -              1462M (71%)        1116M (55%)          36M (2%)             -                  -          
[97.432s][info][gc,heap     ] GC(161) Reclaimed:         -                  -               346M (17%)        1425M (70%)            -                  -          
[97.432s][info][gc          ] GC(161) Garbage Collection (Allocation Rate) 1598M(78%)->504M(25%)
[97.599s][info][gc,start    ] GC(162) Garbage Collection (System.gc())
[97.599s][info][gc,task     ] GC(162) Using 2 workers
[97.599s][info][gc,phases   ] GC(162) Pause Mark Start 0.005ms
[97.639s][info][gc,phases   ] GC(162) Concurrent Mark 39.667ms
[97.639s][info][gc,phases   ] GC(162) Pause Mark End 0.022ms
[97.639s][info][gc,phases   ] GC(162) Concurrent Mark Free 0.001ms
[97.652s][info][gc,phases   ] GC(162) Concurrent Process Non-Strong References 12.561ms
[97.652s][info][gc,phases   ] GC(162) Concurrent Reset Relocation Set 0.060ms
[97.655s][info][gc,phases   ] GC(162) Concurrent Select Relocation Set 2.850ms
[97.655s][info][gc,phases   ] GC(162) Pause Relocate Start 0.011ms
[97.656s][info][gc,phases   ] GC(162) Concurrent Relocate 0.958ms
[97.656s][info][gc,load     ] GC(162) Load: 0.00/0.00/0.00
[97.656s][info][gc,mmu      ] GC(162) MMU: 2ms/98.5%, 5ms/99.4%, 10ms/99.6%, 20ms/99.8%, 50ms/99.9%, 100ms/99.9%
[97.656s][info][gc,marking  ] GC(162) Mark: 2 stripe(s), 2 proactive flush(es), 1 terminate flush(es), 0 completion(s), 0 continuation(s) 
[97.656s][info][gc,marking  ] GC(162) Mark Stack Usage: 32M
[97.656s][info][gc,nmethod  ] GC(162) NMethods: 15014 registered, 2270 unregistered
[97.656s][info][gc,metaspace] GC(162) Metaspace: 100M used, 100M committed, 1152M reserved
[97.656s][info][gc,ref      ] GC(162) Soft: 4314 encountered, 0 discovered, 0 enqueued
[97.656s][info][gc,ref      ] GC(162) Weak: 7451 encountered, 88 discovered, 3 enqueued
[97.656s][info][gc,ref      ] GC(162) Final: 1 encountered, 0 discovered, 0 enqueued
[97.656s][info][gc,ref      ] GC(162) Phantom: 775 encountered, 452 discovered, 0 enqueued
[97.656s][info][gc,reloc    ] GC(162) Small Pages: 387 / 774M, Empty: 700M, Relocated: 1M, In-Place: 0
[97.656s][info][gc,reloc    ] GC(162) Medium Pages: 2 / 64M, Empty: 32M, Relocated: 0M, In-Place: 0
[97.656s][info][gc,reloc    ] GC(162) Large Pages: 7 / 62M, Empty: 0M, Relocated: 0M, In-Place: 0
[97.656s][info][gc,reloc    ] GC(162) Forwarding Usage: 0M
[97.656s][info][gc,heap     ] GC(162) Min Capacity: 2048M(100%)
[97.656s][info][gc,heap     ] GC(162) Max Capacity: 2048M(100%)
[97.656s][info][gc,heap     ] GC(162) Soft Max Capacity: 2048M(100%)
[97.656s][info][gc,heap     ] GC(162)                Mark Start          Mark End        Relocate Start      Relocate End           High               Low         
[97.656s][info][gc,heap     ] GC(162)  Capacity:     2048M (100%)       2048M (100%)       2048M (100%)       2048M (100%)       2048M (100%)       2048M (100%)   
[97.656s][info][gc,heap     ] GC(162)      Free:     1148M (56%)        1146M (56%)        1878M (92%)        1900M (93%)        1900M (93%)        1146M (56%)    
[97.656s][info][gc,heap     ] GC(162)      Used:      900M (44%)         902M (44%)         170M (8%)          148M (7%)          902M (44%)         148M (7%)     
[97.656s][info][gc,heap     ] GC(162)      Live:         -               107M (5%)          107M (5%)          107M (5%)             -                  -          
[97.656s][info][gc,heap     ] GC(162) Allocated:         -                 2M (0%)            2M (0%)            2M (0%)             -                  -          
[97.656s][info][gc,heap     ] GC(162)   Garbage:         -               792M (39%)          60M (3%)           38M (2%)             -                  -          
[97.656s][info][gc,heap     ] GC(162) Reclaimed:         -                  -               732M (36%)         754M (37%)            -                  -          
[97.656s][info][gc          ] GC(162) Garbage Collection (System.gc()) 900M(44%)->148M(7%)
[98.308s][info][gc,start    ] GC(163) Garbage Collection (Allocation Rate)
[98.308s][info][gc,task     ] GC(163) Using 2 workers
[98.308s][info][gc,phases   ] GC(163) Pause Mark Start 0.009ms
[98.372s][info][gc,phases   ] GC(163) Concurrent Mark 63.370ms
[98.372s][info][gc,phases   ] GC(163) Pause Mark End 0.015ms
[98.372s][info][gc,phases   ] GC(163) Concurrent Mark Free 0.002ms
[98.386s][info][gc,phases   ] GC(163) Concurrent Process Non-Strong References 13.875ms
[98.386s][info][gc,phases   ] GC(163) Concurrent Reset Relocation Set 0.002ms
[98.388s][info][gc,phases   ] GC(163) Concurrent Select Relocation Set 2.155ms
[98.388s][info][gc,phases   ] GC(163) Pause Relocate Start 0.010ms
[98.392s][info][gc,phases   ] GC(163) Concurrent Relocate 3.170ms
[98.392s][info][gc,load     ] GC(163) Load: 0.00/0.00/0.00
[98.392s][info][gc,mmu      ] GC(163) MMU: 2ms/98.5%, 5ms/99.4%, 10ms/99.6%, 20ms/99.8%, 50ms/99.9%, 100ms/99.9%
[98.392s][info][gc,marking  ] GC(163) Mark: 2 stripe(s), 2 proactive flush(es), 1 terminate flush(es), 0 completion(s), 0 continuation(s) 
[98.392s][info][gc,marking  ] GC(163) Mark Stack Usage: 32M
[98.392s][info][gc,nmethod  ] GC(163) NMethods: 15018 registered, 2270 unregistered
[98.392s][info][gc,metaspace] GC(163) Metaspace: 100M used, 100M committed, 1152M reserved
[98.392s][info][gc,ref      ] GC(163) Soft: 4314 encountered, 0 discovered, 0 enqueued
[98.392s][info][gc,ref      ] GC(163) Weak: 7458 encountered, 96 discovered, 1 enqueued
[98.392s][info][gc,ref      ] GC(163) Final: 1 encountered, 1 discovered, 0 enqueued
[98.392s][info][gc,ref      ] GC(163) Phantom: 775 encountered, 632 discovered, 0 enqueued
[98.392s][info][gc,reloc    ] GC(163) Small Pages: 621 / 1242M, Empty: 830M, Relocated: 2M, In-Place: 0
[98.392s][info][gc,reloc    ] GC(163) Medium Pages: 2 / 64M, Empty: 32M, Relocated: 0M, In-Place: 0
[98.392s][info][gc,reloc    ] GC(163) Large Pages: 7 / 62M, Empty: 0M, Relocated: 0M, In-Place: 0
[98.392s][info][gc,reloc    ] GC(163) Forwarding Usage: 1M
[98.392s][info][gc,heap     ] GC(163) Min Capacity: 2048M(100%)
[98.392s][info][gc,heap     ] GC(163) Max Capacity: 2048M(100%)
[98.392s][info][gc,heap     ] GC(163) Soft Max Capacity: 2048M(100%)
[98.392s][info][gc,heap     ] GC(163)                Mark Start          Mark End        Relocate Start      Relocate End           High               Low         
[98.392s][info][gc,heap     ] GC(163)  Capacity:     2048M (100%)       2048M (100%)       2048M (100%)       2048M (100%)       2048M (100%)       2048M (100%)   
[98.392s][info][gc,heap     ] GC(163)      Free:      680M (33%)         514M (25%)        1338M (65%)        1692M (83%)        1692M (83%)         482M (24%)    
[98.392s][info][gc,heap     ] GC(163)      Used:     1368M (67%)        1534M (75%)         710M (35%)         356M (17%)        1566M (76%)         356M (17%)    
[98.392s][info][gc,heap     ] GC(163)      Live:         -               108M (5%)          108M (5%)          108M (5%)             -                  -          
[98.392s][info][gc,heap     ] GC(163) Allocated:         -               166M (8%)          204M (10%)         209M (10%)            -                  -          
[98.392s][info][gc,heap     ] GC(163)   Garbage:         -              1259M (61%)         397M (19%)          37M (2%)             -                  -          
[98.392s][info][gc,heap     ] GC(163) Reclaimed:         -                  -               862M (42%)        1221M (60%)            -                  -          
[98.392s][info][gc          ] GC(163) Garbage Collection (Allocation Rate) 1368M(67%)->356M(17%)
[98.907s][info][gc,start    ] GC(164) Garbage Collection (Allocation Rate)
[98.907s][info][gc,task     ] GC(164) Using 2 workers
[98.907s][info][gc,phases   ] GC(164) Pause Mark Start 0.015ms
[98.986s][info][gc,phases   ] GC(164) Concurrent Mark 78.660ms
[98.986s][info][gc,phases   ] GC(164) Pause Mark End 0.018ms
[98.986s][info][gc,phases   ] GC(164) Concurrent Mark Free 0.002ms
[99.000s][info][gc,phases   ] GC(164) Concurrent Process Non-Strong References 13.825ms
[99.000s][info][gc,phases   ] GC(164) Concurrent Reset Relocation Set 0.012ms
[99.006s][info][gc,phases   ] GC(164) Concurrent Select Relocation Set 5.437ms
[99.006s][info][gc,phases   ] GC(164) Pause Relocate Start 0.010ms
[99.033s][info][gc,phases   ] GC(164) Concurrent Relocate 27.350ms
[99.033s][info][gc,load     ] GC(164) Load: 0.00/0.00/0.00
[99.033s][info][gc,mmu      ] GC(164) MMU: 2ms/98.5%, 5ms/99.4%, 10ms/99.6%, 20ms/99.8%, 50ms/99.9%, 100ms/99.9%
[99.034s][info][gc,marking  ] GC(164) Mark: 2 stripe(s), 2 proactive flush(es), 1 terminate flush(es), 0 completion(s), 0 continuation(s) 
[99.034s][info][gc,marking  ] GC(164) Mark Stack Usage: 32M
[99.034s][info][gc,nmethod  ] GC(164) NMethods: 15019 registered, 2270 unregistered
[99.034s][info][gc,metaspace] GC(164) Metaspace: 100M used, 100M committed, 1152M reserved
[99.034s][info][gc,ref      ] GC(164) Soft: 4314 encountered, 0 discovered, 0 enqueued
[99.034s][info][gc,ref      ] GC(164) Weak: 7458 encountered, 98 discovered, 6 enqueued
[99.034s][info][gc,ref      ] GC(164) Final: 1 encountered, 0 discovered, 0 enqueued
[99.034s][info][gc,ref      ] GC(164) Phantom: 775 encountered, 515 discovered, 0 enqueued
[99.034s][info][gc,reloc    ] GC(164) Small Pages: 728 / 1456M, Empty: 298M, Relocated: 27M, In-Place: 0
[99.034s][info][gc,reloc    ] GC(164) Medium Pages: 2 / 64M, Empty: 0M, Relocated: 4M, In-Place: 0
[99.034s][info][gc,reloc    ] GC(164) Large Pages: 7 / 62M, Empty: 0M, Relocated: 0M, In-Place: 0
[99.034s][info][gc,reloc    ] GC(164) Forwarding Usage: 16M
[99.034s][info][gc,heap     ] GC(164) Min Capacity: 2048M(100%)
[99.034s][info][gc,heap     ] GC(164) Max Capacity: 2048M(100%)
[99.034s][info][gc,heap     ] GC(164) Soft Max Capacity: 2048M(100%)
[99.034s][info][gc,heap     ] GC(164)                Mark Start          Mark End        Relocate Start      Relocate End           High               Low         
[99.034s][info][gc,heap     ] GC(164)  Capacity:     2048M (100%)       2048M (100%)       2048M (100%)       2048M (100%)       2048M (100%)       2048M (100%)   
[99.034s][info][gc,heap     ] GC(164)      Free:      466M (23%)         270M (13%)         520M (25%)        1538M (75%)        1540M (75%)         238M (12%)    
[99.034s][info][gc,heap     ] GC(164)      Used:     1582M (77%)        1778M (87%)        1528M (75%)         510M (25%)        1810M (88%)         508M (25%)    
[99.034s][info][gc,heap     ] GC(164)      Live:         -               135M (7%)          135M (7%)          135M (7%)             -                  -          
[99.034s][info][gc,heap     ] GC(164) Allocated:         -               196M (10%)         244M (12%)         336M (16%)            -                  -          
[99.034s][info][gc,heap     ] GC(164)   Garbage:         -              1446M (71%)        1148M (56%)          37M (2%)             -                  -          
[99.034s][info][gc,heap     ] GC(164) Reclaimed:         -                  -               298M (15%)        1408M (69%)            -                  -          
[99.034s][info][gc          ] GC(164) Garbage Collection (Allocation Rate) 1582M(77%)->510M(25%)
[99.164s][info][gc,start    ] GC(165) Garbage Collection (System.gc())
[99.164s][info][gc,task     ] GC(165) Using 2 workers
[99.164s][info][gc,phases   ] GC(165) Pause Mark Start 0.005ms
[99.207s][info][gc,phases   ] GC(165) Concurrent Mark 43.648ms
[99.208s][info][gc,phases   ] GC(165) Pause Mark End 0.021ms
[99.208s][info][gc,phases   ] GC(165) Concurrent Mark Free 0.001ms
[99.221s][info][gc,phases   ] GC(165) Concurrent Process Non-Strong References 13.504ms
[99.221s][info][gc,phases   ] GC(165) Concurrent Reset Relocation Set 0.045ms
[99.225s][info][gc,phases   ] GC(165) Concurrent Select Relocation Set 3.190ms
[99.225s][info][gc,phases   ] GC(165) Pause Relocate Start 0.011ms
[99.226s][info][gc,phases   ] GC(165) Concurrent Relocate 1.444ms
[99.226s][info][gc,load     ] GC(165) Load: 0.00/0.00/0.00
[99.226s][info][gc,mmu      ] GC(165) MMU: 2ms/98.5%, 5ms/99.4%, 10ms/99.6%, 20ms/99.8%, 50ms/99.9%, 100ms/99.9%
[99.226s][info][gc,marking  ] GC(165) Mark: 2 stripe(s), 2 proactive flush(es), 1 terminate flush(es), 0 completion(s), 0 continuation(s) 
[99.226s][info][gc,marking  ] GC(165) Mark Stack Usage: 32M
[99.226s][info][gc,nmethod  ] GC(165) NMethods: 15019 registered, 2270 unregistered
[99.226s][info][gc,metaspace] GC(165) Metaspace: 100M used, 100M committed, 1152M reserved
[99.226s][info][gc,ref      ] GC(165) Soft: 4314 encountered, 0 discovered, 0 enqueued
[99.226s][info][gc,ref      ] GC(165) Weak: 7451 encountered, 86 discovered, 3 enqueued
[99.226s][info][gc,ref      ] GC(165) Final: 1 encountered, 0 discovered, 0 enqueued
[99.226s][info][gc,ref      ] GC(165) Phantom: 775 encountered, 538 discovered, 0 enqueued
[99.226s][info][gc,reloc    ] GC(165) Small Pages: 339 / 678M, Empty: 600M, Relocated: 2M, In-Place: 0
[99.226s][info][gc,reloc    ] GC(165) Medium Pages: 2 / 64M, Empty: 32M, Relocated: 0M, In-Place: 0
[99.226s][info][gc,reloc    ] GC(165) Large Pages: 7 / 62M, Empty: 0M, Relocated: 0M, In-Place: 0
[99.226s][info][gc,reloc    ] GC(165) Forwarding Usage: 1M
[99.226s][info][gc,heap     ] GC(165) Min Capacity: 2048M(100%)
[99.226s][info][gc,heap     ] GC(165) Max Capacity: 2048M(100%)
[99.226s][info][gc,heap     ] GC(165) Soft Max Capacity: 2048M(100%)
[99.226s][info][gc,heap     ] GC(165)                Mark Start          Mark End        Relocate Start      Relocate End           High               Low         
[99.226s][info][gc,heap     ] GC(165)  Capacity:     2048M (100%)       2048M (100%)       2048M (100%)       2048M (100%)       2048M (100%)       2048M (100%)   
[99.226s][info][gc,heap     ] GC(165)      Free:     1244M (61%)        1244M (61%)        1876M (92%)        1904M (93%)        1904M (93%)        1244M (61%)    
[99.226s][info][gc,heap     ] GC(165)      Used:      804M (39%)         804M (39%)         172M (8%)          144M (7%)          804M (39%)         144M (7%)     
[99.226s][info][gc,heap     ] GC(165)      Live:         -               107M (5%)          107M (5%)          107M (5%)             -                  -          
[99.226s][info][gc,heap     ] GC(165) Allocated:         -                 0M (0%)            0M (0%)            0M (0%)             -                  -          
[99.226s][info][gc,heap     ] GC(165)   Garbage:         -               696M (34%)          64M (3%)           36M (2%)             -                  -          
[99.226s][info][gc,heap     ] GC(165) Reclaimed:         -                  -               632M (31%)         660M (32%)            -                  -          
[99.226s][info][gc          ] GC(165) Garbage Collection (System.gc()) 804M(39%)->144M(7%)
[99.908s][info][gc,start    ] GC(166) Garbage Collection (Allocation Rate)
[99.908s][info][gc,task     ] GC(166) Using 2 workers
[99.908s][info][gc,phases   ] GC(166) Pause Mark Start 0.009ms
[99.971s][info][gc,phases   ] GC(166) Concurrent Mark 62.583ms
[99.971s][info][gc,phases   ] GC(166) Pause Mark End 0.014ms
[99.971s][info][gc,phases   ] GC(166) Concurrent Mark Free 0.001ms
[99.984s][info][gc,phases   ] GC(166) Concurrent Process Non-Strong References 13.616ms
[99.984s][info][gc,phases   ] GC(166) Concurrent Reset Relocation Set 0.003ms
[99.987s][info][gc,phases   ] GC(166) Concurrent Select Relocation Set 2.645ms
[99.987s][info][gc,phases   ] GC(166) Pause Relocate Start 0.012ms
[99.990s][info][gc,phases   ] GC(166) Concurrent Relocate 3.089ms
[99.991s][info][gc,load     ] GC(166) Load: 0.00/0.00/0.00
[99.991s][info][gc,mmu      ] GC(166) MMU: 2ms/98.5%, 5ms/99.4%, 10ms/99.6%, 20ms/99.8%, 50ms/99.9%, 100ms/99.9%
[99.991s][info][gc,marking  ] GC(166) Mark: 2 stripe(s), 2 proactive flush(es), 1 terminate flush(es), 0 completion(s), 0 continuation(s) 
[99.991s][info][gc,marking  ] GC(166) Mark Stack Usage: 32M
[99.991s][info][gc,nmethod  ] GC(166) NMethods: 15029 registered, 2270 unregistered
[99.991s][info][gc,metaspace] GC(166) Metaspace: 100M used, 100M committed, 1152M reserved
[99.991s][info][gc,ref      ] GC(166) Soft: 4314 encountered, 0 discovered, 0 enqueued
[99.991s][info][gc,ref      ] GC(166) Weak: 7458 encountered, 121 discovered, 3 enqueued
[99.991s][info][gc,ref      ] GC(166) Final: 1 encountered, 1 discovered, 0 enqueued
[99.991s][info][gc,ref      ] GC(166) Phantom: 775 encountered, 530 discovered, 0 enqueued
[99.991s][info][gc,reloc    ] GC(166) Small Pages: 657 / 1314M, Empty: 1020M, Relocated: 3M, In-Place: 0
[99.991s][info][gc,reloc    ] GC(166) Medium Pages: 2 / 64M, Empty: 32M, Relocated: 0M, In-Place: 0
[99.991s][info][gc,reloc    ] GC(166) Large Pages: 7 / 62M, Empty: 0M, Relocated: 0M, In-Place: 0
[99.991s][info][gc,reloc    ] GC(166) Forwarding Usage: 1M
[99.991s][info][gc,heap     ] GC(166) Min Capacity: 2048M(100%)
[99.991s][info][gc,heap     ] GC(166) Max Capacity: 2048M(100%)
[99.991s][info][gc,heap     ] GC(166) Soft Max Capacity: 2048M(100%)
[99.991s][info][gc,heap     ] GC(166)                Mark Start          Mark End        Relocate Start      Relocate End           High               Low         
[99.991s][info][gc,heap     ] GC(166)  Capacity:     2048M (100%)       2048M (100%)       2048M (100%)       2048M (100%)       2048M (100%)       2048M (100%)   
[99.991s][info][gc,heap     ] GC(166)      Free:      608M (30%)         446M (22%)        1462M (71%)        1694M (83%)        1696M (83%)         414M (20%)    
[99.991s][info][gc,heap     ] GC(166)      Used:     1440M (70%)        1602M (78%)         586M (29%)         354M (17%)        1634M (80%)         352M (17%)    
[99.991s][info][gc,heap     ] GC(166)      Live:         -               110M (5%)          110M (5%)          110M (5%)             -                  -          
[99.991s][info][gc,heap     ] GC(166) Allocated:         -               162M (8%)          198M (10%)         205M (10%)            -                  -          
[99.991s][info][gc,heap     ] GC(166)   Garbage:         -              1329M (65%)         277M (14%)          37M (2%)             -                  -          
[99.991s][info][gc,heap     ] GC(166) Reclaimed:         -                  -              1052M (51%)        1291M (63%)            -                  -          
[99.991s][info][gc          ] GC(166) Garbage Collection (Allocation Rate) 1440M(70%)->354M(17%)
[100.098s][info][gc,stats    ] === Garbage Collection Statistics =======================================================================================================================
[100.098s][info][gc,stats    ]                                                              Last 10s              Last 10m              Last 10h                Total
[100.098s][info][gc,stats    ]                                                              Avg / Max             Avg / Max             Avg / Max             Avg / Max
[100.098s][info][gc,stats    ]   Collector: Garbage Collection Cycle                     96.555 / 199.518     250.942 / 1215.582    250.942 / 1215.582    250.942 / 1215.582    ms
[100.098s][info][gc,stats    ]  Contention: Mark Segment Reset Contention                     1 / 4                 6 / 496               6 / 496               6 / 496         ops/s
[100.098s][info][gc,stats    ]  Contention: Mark SeqNum Reset Contention                      0 / 0                 0 / 4                 0 / 4                 0 / 4           ops/s
[100.098s][info][gc,stats    ]    Critical: Allocation Stall                                  0 / 0                 0 / 6                 0 / 6                 0 / 6           ops/s
[100.098s][info][gc,stats    ]    Critical: Allocation Stall                              0.000 / 0.000       513.228 / 1001.934    513.228 / 1001.934    513.228 / 1001.934    ms
[100.098s][info][gc,stats    ]    Critical: GC Locker Stall                                   0 / 0                 0 / 1                 0 / 1                 0 / 1           ops/s
[100.098s][info][gc,stats    ]    Critical: GC Locker Stall                               0.000 / 0.000         0.000 / 0.000         0.000 / 0.000         0.000 / 0.000       ms
[100.098s][info][gc,stats    ]    Critical: Relocation Stall                                  0 / 0                 0 / 1                 0 / 1                 0 / 1           ops/s
[100.098s][info][gc,stats    ]    Critical: Relocation Stall                              0.000 / 0.000         7.319 / 11.251        7.319 / 11.251        7.319 / 11.251      ms
[100.098s][info][gc,stats    ]      Memory: Allocation Rate                                2090 / 2352           1260 / 2422           1260 / 2422           1260 / 2422        MB/s
[100.098s][info][gc,stats    ]      Memory: Out Of Memory                                     0 / 0                 0 / 0                 0 / 0                 0 / 0           ops/s
[100.098s][info][gc,stats    ]      Memory: Page Cache Flush                                  0 / 0                10 / 172              10 / 172              10 / 172         MB/s
[100.098s][info][gc,stats    ]      Memory: Page Cache Hit L1                              1028 / 1163            612 / 1197            612 / 1197            612 / 1197        ops/s
[100.098s][info][gc,stats    ]      Memory: Page Cache Hit L2                                 0 / 0                 0 / 0                 0 / 0                 0 / 0           ops/s
[100.098s][info][gc,stats    ]      Memory: Page Cache Hit L3                                 0 / 0                12 / 289              12 / 289              12 / 289         ops/s
[100.098s][info][gc,stats    ]      Memory: Page Cache Miss                                   0 / 0                 0 / 11                0 / 11                0 / 11          ops/s
[100.098s][info][gc,stats    ]      Memory: Uncommit                                          0 / 0                 0 / 0                 0 / 0                 0 / 0           MB/s
[100.098s][info][gc,stats    ]      Memory: Undo Object Allocation Failed                     0 / 1                 0 / 3                 0 / 3                 0 / 3           ops/s
[100.098s][info][gc,stats    ]      Memory: Undo Object Allocation Succeeded                  0 / 1                 9 / 520               9 / 520               9 / 520         ops/s
[100.098s][info][gc,stats    ]      Memory: Undo Page Allocation                              0 / 0                 0 / 3                 0 / 3                 0 / 3           ops/s
[100.098s][info][gc,stats    ]       Phase: Concurrent Mark                              65.248 / 124.175     205.265 / 1158.372    205.265 / 1158.372    205.265 / 1158.372    ms
[100.098s][info][gc,stats    ]       Phase: Concurrent Mark Continue                      0.000 / 0.000         0.000 / 0.000         0.000 / 0.000         0.000 / 0.000       ms
[100.098s][info][gc,stats    ]       Phase: Concurrent Mark Free                          0.001 / 0.002         0.026 / 4.217         0.026 / 4.217         0.026 / 4.217       ms
[100.098s][info][gc,stats    ]       Phase: Concurrent Process Non-Strong References     15.894 / 26.108       16.296 / 31.183       16.296 / 31.183       16.296 / 31.183      ms
[100.098s][info][gc,stats    ]       Phase: Concurrent Relocate                          10.810 / 42.548       22.962 / 247.779      22.962 / 247.779      22.962 / 247.779     ms
[100.098s][info][gc,stats    ]       Phase: Concurrent Reset Relocation Set               0.018 / 0.060         0.015 / 0.061         0.015 / 0.061         0.015 / 0.061       ms
[100.098s][info][gc,stats    ]       Phase: Concurrent Select Relocation Set              3.443 / 6.562         5.003 / 40.244        5.003 / 40.244        5.003 / 40.244      ms
[100.098s][info][gc,stats    ]       Phase: Pause Mark End                                0.017 / 0.022         0.017 / 0.030         0.017 / 0.030         0.017 / 0.030       ms
[100.098s][info][gc,stats    ]       Phase: Pause Mark Start                              0.008 / 0.015         0.009 / 0.030         0.009 / 0.030         0.009 / 0.030       ms
[100.098s][info][gc,stats    ]       Phase: Pause Relocate Start                          0.011 / 0.015         0.011 / 0.019         0.011 / 0.019         0.011 / 0.019       ms
[100.098s][info][gc,stats    ]    Subphase: Concurrent Classes Purge                      0.604 / 0.994         0.574 / 1.058         0.574 / 1.058         0.574 / 1.058       ms
[100.098s][info][gc,stats    ]    Subphase: Concurrent Classes Unlink                    13.887 / 23.300       14.239 / 28.085       14.239 / 28.085       14.239 / 28.085      ms
[100.098s][info][gc,stats    ]    Subphase: Concurrent Mark                              57.062 / 122.596     223.065 / 1155.457    223.065 / 1155.457    223.065 / 1155.457    ms
[100.098s][info][gc,stats    ]    Subphase: Concurrent Mark Try Flush                     0.095 / 0.306         0.100 / 0.511         0.100 / 0.511         0.100 / 0.511       ms
[100.098s][info][gc,stats    ]    Subphase: Concurrent Mark Try Terminate                 2.568 / 16.345        2.399 / 16.923        2.399 / 16.923        2.399 / 16.923      ms
[100.098s][info][gc,stats    ]    Subphase: Concurrent References Enqueue                 0.006 / 0.009         0.005 / 0.009         0.005 / 0.009         0.005 / 0.009       ms
[100.098s][info][gc,stats    ]    Subphase: Concurrent References Process                 0.424 / 1.030         0.547 / 1.172         0.547 / 1.172         0.547 / 1.172       ms
[100.098s][info][gc,stats    ]    Subphase: Concurrent Roots ClassLoaderDataGraph         0.115 / 0.276         0.144 / 0.429         0.144 / 0.429         0.144 / 0.429       ms
[100.098s][info][gc,stats    ]    Subphase: Concurrent Roots CodeCache                    0.000 / 0.000         0.000 / 0.000         0.000 / 0.000         0.000 / 0.000       ms
[100.098s][info][gc,stats    ]    Subphase: Concurrent Roots JavaThreads                  0.838 / 1.286         1.407 / 2.895         1.407 / 2.895         1.407 / 2.895       ms
[100.098s][info][gc,stats    ]    Subphase: Concurrent Roots OopStorageSet                0.031 / 0.053         0.038 / 0.157         0.038 / 0.157         0.038 / 0.157       ms
[100.098s][info][gc,stats    ]    Subphase: Concurrent Weak Roots OopStorageSet           0.767 / 0.999         0.704 / 1.390         0.704 / 1.390         0.704 / 1.390       ms
[100.098s][info][gc,stats    ]    Subphase: Pause Mark Try Complete                       0.000 / 0.000         0.000 / 0.000         0.000 / 0.000         0.000 / 0.000       ms
[100.099s][info][gc,stats    ]      System: Java Threads                                     36 / 37               40 / 48               40 / 48               40 / 48          threads
[100.099s][info][gc,stats    ] =========================================================================================================================================================
[100.496s][info][gc,start    ] GC(167) Garbage Collection (Allocation Rate)
[100.496s][info][gc,task     ] GC(167) Using 2 workers
[100.496s][info][gc,phases   ] GC(167) Pause Mark Start 0.010ms
[100.576s][info][gc,phases   ] GC(167) Concurrent Mark 79.387ms
[100.576s][info][gc,phases   ] GC(167) Pause Mark End 0.021ms
[100.576s][info][gc,phases   ] GC(167) Concurrent Mark Free 0.001ms
[100.590s][info][gc,phases   ] GC(167) Concurrent Process Non-Strong References 14.170ms
[100.591s][info][gc,phases   ] GC(167) Concurrent Reset Relocation Set 0.011ms
[100.596s][info][gc,phases   ] GC(167) Concurrent Select Relocation Set 5.601ms
[100.596s][info][gc,phases   ] GC(167) Pause Relocate Start 0.009ms
[100.622s][info][gc,phases   ] GC(167) Concurrent Relocate 25.644ms
[100.622s][info][gc,load     ] GC(167) Load: 0.00/0.00/0.00
[100.622s][info][gc,mmu      ] GC(167) MMU: 2ms/98.5%, 5ms/99.4%, 10ms/99.6%, 20ms/99.8%, 50ms/99.9%, 100ms/99.9%
[100.622s][info][gc,marking  ] GC(167) Mark: 2 stripe(s), 4 proactive flush(es), 1 terminate flush(es), 0 completion(s), 0 continuation(s) 
[100.622s][info][gc,marking  ] GC(167) Mark Stack Usage: 32M
[100.622s][info][gc,nmethod  ] GC(167) NMethods: 15030 registered, 2270 unregistered
[100.622s][info][gc,metaspace] GC(167) Metaspace: 100M used, 100M committed, 1152M reserved
[100.622s][info][gc,ref      ] GC(167) Soft: 4314 encountered, 0 discovered, 0 enqueued
[100.622s][info][gc,ref      ] GC(167) Weak: 7445 encountered, 112 discovered, 4 enqueued
[100.622s][info][gc,ref      ] GC(167) Final: 1 encountered, 0 discovered, 0 enqueued
[100.622s][info][gc,ref      ] GC(167) Phantom: 773 encountered, 589 discovered, 0 enqueued
[100.622s][info][gc,reloc    ] GC(167) Small Pages: 729 / 1458M, Empty: 336M, Relocated: 25M, In-Place: 0
[100.622s][info][gc,reloc    ] GC(167) Medium Pages: 2 / 64M, Empty: 0M, Relocated: 3M, In-Place: 0
[100.622s][info][gc,reloc    ] GC(167) Large Pages: 7 / 62M, Empty: 0M, Relocated: 0M, In-Place: 0
[100.622s][info][gc,reloc    ] GC(167) Forwarding Usage: 16M
[100.622s][info][gc,heap     ] GC(167) Min Capacity: 2048M(100%)
[100.622s][info][gc,heap     ] GC(167) Max Capacity: 2048M(100%)
[100.622s][info][gc,heap     ] GC(167) Soft Max Capacity: 2048M(100%)
[100.622s][info][gc,heap     ] GC(167)                Mark Start          Mark End        Relocate Start      Relocate End           High               Low         
[100.623s][info][gc,heap     ] GC(167)  Capacity:     2048M (100%)       2048M (100%)       2048M (100%)       2048M (100%)       2048M (100%)       2048M (100%)   
[100.623s][info][gc,heap     ] GC(167)      Free:      464M (23%)         266M (13%)         550M (27%)        1540M (75%)        1542M (75%)         230M (11%)    
[100.623s][info][gc,heap     ] GC(167)      Used:     1584M (77%)        1782M (87%)        1498M (73%)         508M (25%)        1818M (89%)         506M (25%)    
[100.623s][info][gc,heap     ] GC(167)      Live:         -               134M (7%)          134M (7%)          134M (7%)             -                  -          
[100.623s][info][gc,heap     ] GC(167) Allocated:         -               198M (10%)         250M (12%)         335M (16%)            -                  -          
[100.623s][info][gc,heap     ] GC(167)   Garbage:         -              1449M (71%)        1113M (54%)          37M (2%)             -                  -          
[100.623s][info][gc,heap     ] GC(167) Reclaimed:         -                  -               336M (16%)        1411M (69%)            -                  -          
[100.623s][info][gc          ] GC(167) Garbage Collection (Allocation Rate) 1584M(77%)->508M(25%)
[100.724s][info][gc,start    ] GC(168) Garbage Collection (System.gc())
[100.724s][info][gc,task     ] GC(168) Using 2 workers
[100.724s][info][gc,phases   ] GC(168) Pause Mark Start 0.004ms
[100.766s][info][gc,phases   ] GC(168) Concurrent Mark 41.858ms
[100.766s][info][gc,phases   ] GC(168) Pause Mark End 0.021ms
[100.766s][info][gc,phases   ] GC(168) Concurrent Mark Free 0.001ms
[100.779s][info][gc,phases   ] GC(168) Concurrent Process Non-Strong References 12.465ms
[100.779s][info][gc,phases   ] GC(168) Concurrent Reset Relocation Set 0.044ms
[100.782s][info][gc,phases   ] GC(168) Concurrent Select Relocation Set 3.210ms
[100.782s][info][gc,phases   ] GC(168) Pause Relocate Start 0.013ms
[100.783s][info][gc,phases   ] GC(168) Concurrent Relocate 0.822ms
[100.783s][info][gc,load     ] GC(168) Load: 0.00/0.00/0.00
[100.783s][info][gc,mmu      ] GC(168) MMU: 2ms/98.5%, 5ms/99.4%, 10ms/99.6%, 20ms/99.8%, 50ms/99.9%, 100ms/99.9%
[100.783s][info][gc,marking  ] GC(168) Mark: 2 stripe(s), 2 proactive flush(es), 1 terminate flush(es), 0 completion(s), 0 continuation(s) 
[100.783s][info][gc,marking  ] GC(168) Mark Stack Usage: 32M
[100.783s][info][gc,nmethod  ] GC(168) NMethods: 15030 registered, 2270 unregistered
[100.783s][info][gc,metaspace] GC(168) Metaspace: 100M used, 100M committed, 1152M reserved
[100.783s][info][gc,ref      ] GC(168) Soft: 4314 encountered, 0 discovered, 0 enqueued
[100.783s][info][gc,ref      ] GC(168) Weak: 7440 encountered, 307 discovered, 3 enqueued
[100.783s][info][gc,ref      ] GC(168) Final: 1 encountered, 1 discovered, 0 enqueued
[100.783s][info][gc,ref      ] GC(168) Phantom: 773 encountered, 541 discovered, 0 enqueued
[100.783s][info][gc,reloc    ] GC(168) Small Pages: 303 / 606M, Empty: 532M, Relocated: 1M, In-Place: 0
[100.783s][info][gc,reloc    ] GC(168) Medium Pages: 2 / 64M, Empty: 32M, Relocated: 0M, In-Place: 0
[100.783s][info][gc,reloc    ] GC(168) Large Pages: 7 / 62M, Empty: 0M, Relocated: 0M, In-Place: 0
[100.783s][info][gc,reloc    ] GC(168) Forwarding Usage: 0M
[100.783s][info][gc,heap     ] GC(168) Min Capacity: 2048M(100%)
[100.783s][info][gc,heap     ] GC(168) Max Capacity: 2048M(100%)
[100.783s][info][gc,heap     ] GC(168) Soft Max Capacity: 2048M(100%)
[100.783s][info][gc,heap     ] GC(168)                Mark Start          Mark End        Relocate Start      Relocate End           High               Low         
[100.783s][info][gc,heap     ] GC(168)  Capacity:     2048M (100%)       2048M (100%)       2048M (100%)       2048M (100%)       2048M (100%)       2048M (100%)   
[100.783s][info][gc,heap     ] GC(168)      Free:     1316M (64%)        1316M (64%)        1880M (92%)        1902M (93%)        1902M (93%)        1316M (64%)    
[100.783s][info][gc,heap     ] GC(168)      Used:      732M (36%)         732M (36%)         168M (8%)          146M (7%)          732M (36%)         146M (7%)     
[100.783s][info][gc,heap     ] GC(168)      Live:         -               106M (5%)          106M (5%)          106M (5%)             -                  -          
[100.783s][info][gc,heap     ] GC(168) Allocated:         -                 0M (0%)            0M (0%)            0M (0%)             -                  -          
[100.783s][info][gc,heap     ] GC(168)   Garbage:         -               625M (31%)          61M (3%)           39M (2%)             -                  -          
[100.783s][info][gc,heap     ] GC(168) Reclaimed:         -                  -               564M (28%)         586M (29%)            -                  -          
[100.783s][info][gc          ] GC(168) Garbage Collection (System.gc()) 732M(36%)->146M(7%)
[101.403s][info][gc,start    ] GC(169) Garbage Collection (Allocation Rate)
[101.403s][info][gc,task     ] GC(169) Using 2 workers
[101.404s][info][gc,phases   ] GC(169) Pause Mark Start 0.015ms
[101.451s][info][gc,phases   ] GC(169) Concurrent Mark 47.644ms
[101.451s][info][gc,phases   ] GC(169) Pause Mark End 0.019ms
[101.452s][info][gc,phases   ] GC(169) Concurrent Mark Free 0.001ms
[101.466s][info][gc,phases   ] GC(169) Concurrent Process Non-Strong References 14.112ms
[101.466s][info][gc,phases   ] GC(169) Concurrent Reset Relocation Set 0.003ms
[101.469s][info][gc,phases   ] GC(169) Concurrent Select Relocation Set 2.923ms
[101.469s][info][gc,phases   ] GC(169) Pause Relocate Start 0.007ms
[101.472s][info][gc,phases   ] GC(169) Concurrent Relocate 2.780ms
[101.472s][info][gc,load     ] GC(169) Load: 0.00/0.00/0.00
[101.472s][info][gc,mmu      ] GC(169) MMU: 2ms/98.5%, 5ms/99.4%, 10ms/99.6%, 20ms/99.8%, 50ms/99.9%, 100ms/99.9%
[101.472s][info][gc,marking  ] GC(169) Mark: 2 stripe(s), 2 proactive flush(es), 1 terminate flush(es), 0 completion(s), 0 continuation(s) 
[101.472s][info][gc,marking  ] GC(169) Mark Stack Usage: 32M
[101.472s][info][gc,nmethod  ] GC(169) NMethods: 15040 registered, 2270 unregistered
[101.472s][info][gc,metaspace] GC(169) Metaspace: 100M used, 100M committed, 1152M reserved
[101.472s][info][gc,ref      ] GC(169) Soft: 4314 encountered, 0 discovered, 0 enqueued
[101.472s][info][gc,ref      ] GC(169) Weak: 7447 encountered, 109 discovered, 1 enqueued
[101.472s][info][gc,ref      ] GC(169) Final: 1 encountered, 0 discovered, 0 enqueued
[101.472s][info][gc,ref      ] GC(169) Phantom: 773 encountered, 634 discovered, 0 enqueued
[101.472s][info][gc,reloc    ] GC(169) Small Pages: 583 / 1166M, Empty: 638M, Relocated: 1M, In-Place: 0
[101.472s][info][gc,reloc    ] GC(169) Medium Pages: 2 / 64M, Empty: 32M, Relocated: 0M, In-Place: 0
[101.472s][info][gc,reloc    ] GC(169) Large Pages: 7 / 62M, Empty: 0M, Relocated: 0M, In-Place: 0
[101.472s][info][gc,reloc    ] GC(169) Forwarding Usage: 0M
[101.472s][info][gc,heap     ] GC(169) Min Capacity: 2048M(100%)
[101.472s][info][gc,heap     ] GC(169) Max Capacity: 2048M(100%)
[101.472s][info][gc,heap     ] GC(169) Soft Max Capacity: 2048M(100%)
[101.472s][info][gc,heap     ] GC(169)                Mark Start          Mark End        Relocate Start      Relocate End           High               Low         
[101.472s][info][gc,heap     ] GC(169)  Capacity:     2048M (100%)       2048M (100%)       2048M (100%)       2048M (100%)       2048M (100%)       2048M (100%)   
[101.472s][info][gc,heap     ] GC(169)      Free:      756M (37%)         654M (32%)        1288M (63%)        1754M (86%)        1756M (86%)         622M (30%)    
[101.472s][info][gc,heap     ] GC(169)      Used:     1292M (63%)        1394M (68%)         760M (37%)         294M (14%)        1426M (70%)         292M (14%)    
[101.472s][info][gc,heap     ] GC(169)      Live:         -               107M (5%)          107M (5%)          107M (5%)             -                  -          
[101.472s][info][gc,heap     ] GC(169) Allocated:         -               102M (5%)          138M (7%)          145M (7%)             -                  -          
[101.472s][info][gc,heap     ] GC(169)   Garbage:         -              1184M (58%)         514M (25%)          40M (2%)             -                  -          
[101.472s][info][gc,heap     ] GC(169) Reclaimed:         -                  -               670M (33%)        1143M (56%)            -                  -          
[101.472s][info][gc          ] GC(169) Garbage Collection (Allocation Rate) 1292M(63%)->294M(14%)
[101.899s][info][gc,start    ] GC(170) Garbage Collection (Allocation Rate)
[101.899s][info][gc,task     ] GC(170) Using 1 workers
[101.899s][info][gc,phases   ] GC(170) Pause Mark Start 0.010ms
[102.027s][info][gc,phases   ] GC(170) Concurrent Mark 127.235ms
[102.027s][info][gc,phases   ] GC(170) Pause Mark End 0.013ms
[102.027s][info][gc,phases   ] GC(170) Concurrent Mark Free 0.001ms
[102.054s][info][gc,phases   ] GC(170) Concurrent Process Non-Strong References 26.642ms
[102.054s][info][gc,phases   ] GC(170) Concurrent Reset Relocation Set 0.020ms
[102.060s][info][gc,phases   ] GC(170) Concurrent Select Relocation Set 6.116ms
[102.060s][info][gc,phases   ] GC(170) Pause Relocate Start 0.014ms
[102.102s][info][gc,phases   ] GC(170) Concurrent Relocate 41.440ms
[102.102s][info][gc,load     ] GC(170) Load: 0.00/0.00/0.00
[102.102s][info][gc,mmu      ] GC(170) MMU: 2ms/98.5%, 5ms/99.4%, 10ms/99.6%, 20ms/99.8%, 50ms/99.9%, 100ms/99.9%
[102.102s][info][gc,marking  ] GC(170) Mark: 1 stripe(s), 2 proactive flush(es), 1 terminate flush(es), 0 completion(s), 0 continuation(s) 
[102.102s][info][gc,marking  ] GC(170) Mark Stack Usage: 32M
[102.102s][info][gc,nmethod  ] GC(170) NMethods: 15040 registered, 2270 unregistered
[102.102s][info][gc,metaspace] GC(170) Metaspace: 100M used, 100M committed, 1152M reserved
[102.102s][info][gc,ref      ] GC(170) Soft: 4314 encountered, 0 discovered, 0 enqueued
[102.102s][info][gc,ref      ] GC(170) Weak: 7447 encountered, 6251 discovered, 6 enqueued
[102.102s][info][gc,ref      ] GC(170) Final: 1 encountered, 0 discovered, 0 enqueued
[102.102s][info][gc,ref      ] GC(170) Phantom: 773 encountered, 395 discovered, 0 enqueued
[102.102s][info][gc,reloc    ] GC(170) Small Pages: 597 / 1194M, Empty: 212M, Relocated: 27M, In-Place: 0
[102.102s][info][gc,reloc    ] GC(170) Medium Pages: 2 / 64M, Empty: 0M, Relocated: 3M, In-Place: 0
[102.102s][info][gc,reloc    ] GC(170) Large Pages: 7 / 62M, Empty: 0M, Relocated: 0M, In-Place: 0
[102.102s][info][gc,reloc    ] GC(170) Forwarding Usage: 16M
[102.102s][info][gc,heap     ] GC(170) Min Capacity: 2048M(100%)
[102.102s][info][gc,heap     ] GC(170) Max Capacity: 2048M(100%)
[102.102s][info][gc,heap     ] GC(170) Soft Max Capacity: 2048M(100%)
[102.102s][info][gc,heap     ] GC(170)                Mark Start          Mark End        Relocate Start      Relocate End           High               Low         
[102.102s][info][gc,heap     ] GC(170)  Capacity:     2048M (100%)       2048M (100%)       2048M (100%)       2048M (100%)       2048M (100%)       2048M (100%)   
[102.102s][info][gc,heap     ] GC(170)      Free:      728M (36%)         414M (20%)         550M (27%)        1368M (67%)        1370M (67%)         352M (17%)    
[102.102s][info][gc,heap     ] GC(170)      Used:     1320M (64%)        1634M (80%)        1498M (73%)         680M (33%)        1696M (83%)         678M (33%)    
[102.102s][info][gc,heap     ] GC(170)      Live:         -               134M (7%)          134M (7%)          134M (7%)             -                  -          
[102.102s][info][gc,heap     ] GC(170) Allocated:         -               314M (15%)         390M (19%)         507M (25%)            -                  -          
[102.102s][info][gc,heap     ] GC(170)   Garbage:         -              1185M (58%)         973M (48%)          37M (2%)             -                  -          
[102.102s][info][gc,heap     ] GC(170) Reclaimed:         -                  -               212M (10%)        1147M (56%)            -                  -          
[102.102s][info][gc          ] GC(170) Garbage Collection (Allocation Rate) 1320M(64%)->680M(33%)
[102.200s][info][gc,start    ] GC(171) Garbage Collection (Allocation Rate)
[102.200s][info][gc,task     ] GC(171) Using 1 workers
[102.200s][info][gc,phases   ] GC(171) Pause Mark Start 0.006ms
[102.328s][info][gc,phases   ] GC(171) Concurrent Mark 128.093ms
[102.328s][info][gc,phases   ] GC(171) Pause Mark End 0.016ms
[102.328s][info][gc,phases   ] GC(171) Concurrent Mark Free 0.002ms
[102.353s][info][gc,phases   ] GC(171) Concurrent Process Non-Strong References 24.313ms
[102.353s][info][gc,phases   ] GC(171) Concurrent Reset Relocation Set 0.024ms
[102.355s][info][gc,phases   ] GC(171) Concurrent Select Relocation Set 2.541ms
[102.356s][info][gc,phases   ] GC(171) Pause Relocate Start 0.011ms
[102.360s][info][gc,phases   ] GC(171) Concurrent Relocate 4.667ms
[102.360s][info][gc,load     ] GC(171) Load: 0.00/0.00/0.00
[102.360s][info][gc,mmu      ] GC(171) MMU: 2ms/98.5%, 5ms/99.4%, 10ms/99.6%, 20ms/99.8%, 50ms/99.9%, 100ms/99.9%
[102.360s][info][gc,marking  ] GC(171) Mark: 1 stripe(s), 2 proactive flush(es), 1 terminate flush(es), 0 completion(s), 0 continuation(s) 
[102.360s][info][gc,marking  ] GC(171) Mark Stack Usage: 32M
[102.360s][info][gc,nmethod  ] GC(171) NMethods: 15041 registered, 2270 unregistered
[102.360s][info][gc,metaspace] GC(171) Metaspace: 100M used, 100M committed, 1152M reserved
[102.361s][info][gc,ref      ] GC(171) Soft: 4314 encountered, 0 discovered, 0 enqueued
[102.361s][info][gc,ref      ] GC(171) Weak: 7438 encountered, 6246 discovered, 0 enqueued
[102.361s][info][gc,ref      ] GC(171) Final: 1 encountered, 0 discovered, 0 enqueued
[102.361s][info][gc,ref      ] GC(171) Phantom: 773 encountered, 395 discovered, 0 enqueued
[102.361s][info][gc,reloc    ] GC(171) Small Pages: 403 / 806M, Empty: 316M, Relocated: 3M, In-Place: 0
[102.361s][info][gc,reloc    ] GC(171) Medium Pages: 2 / 64M, Empty: 0M, Relocated: 3M, In-Place: 0
[102.361s][info][gc,reloc    ] GC(171) Large Pages: 7 / 62M, Empty: 0M, Relocated: 0M, In-Place: 0
[102.361s][info][gc,reloc    ] GC(171) Forwarding Usage: 2M
[102.361s][info][gc,heap     ] GC(171) Min Capacity: 2048M(100%)
[102.361s][info][gc,heap     ] GC(171) Max Capacity: 2048M(100%)
[102.361s][info][gc,heap     ] GC(171) Soft Max Capacity: 2048M(100%)
[102.361s][info][gc,heap     ] GC(171)                Mark Start          Mark End        Relocate Start      Relocate End           High               Low         
[102.361s][info][gc,heap     ] GC(171)  Capacity:     2048M (100%)       2048M (100%)       2048M (100%)       2048M (100%)       2048M (100%)       2048M (100%)   
[102.361s][info][gc,heap     ] GC(171)      Free:     1116M (54%)         904M (44%)        1220M (60%)        1666M (81%)        1666M (81%)         904M (44%)    
[102.361s][info][gc,heap     ] GC(171)      Used:      932M (46%)        1144M (56%)         828M (40%)         382M (19%)        1144M (56%)         382M (19%)    
[102.361s][info][gc,heap     ] GC(171)      Live:         -               134M (7%)          134M (7%)          134M (7%)             -                  -          
[102.361s][info][gc,heap     ] GC(171) Allocated:         -               212M (10%)         212M (10%)         211M (10%)            -                  -          
[102.361s][info][gc,heap     ] GC(171)   Garbage:         -               797M (39%)         481M (24%)          35M (2%)             -                  -          
[102.361s][info][gc,heap     ] GC(171) Reclaimed:         -                  -               316M (15%)         761M (37%)            -                  -          
[102.361s][info][gc          ] GC(171) Garbage Collection (Allocation Rate) 932M(46%)->382M(19%)
[102.361s][info][gc,start    ] GC(172) Garbage Collection (System.gc())
[102.361s][info][gc,task     ] GC(172) Using 2 workers
[102.361s][info][gc,phases   ] GC(172) Pause Mark Start 0.009ms
[102.421s][info][gc,phases   ] GC(172) Concurrent Mark 60.250ms
[102.422s][info][gc,phases   ] GC(172) Pause Mark End 0.013ms
[102.422s][info][gc,phases   ] GC(172) Concurrent Mark Free 0.001ms
[102.436s][info][gc,phases   ] GC(172) Concurrent Process Non-Strong References 13.882ms
[102.436s][info][gc,phases   ] GC(172) Concurrent Reset Relocation Set 0.010ms
[102.437s][info][gc,phases   ] GC(172) Concurrent Select Relocation Set 1.220ms
[102.437s][info][gc,phases   ] GC(172) Pause Relocate Start 0.024ms
[102.438s][info][gc,phases   ] GC(172) Concurrent Relocate 0.723ms
[102.438s][info][gc,load     ] GC(172) Load: 0.00/0.00/0.00
[102.438s][info][gc,mmu      ] GC(172) MMU: 2ms/98.5%, 5ms/99.4%, 10ms/99.6%, 20ms/99.8%, 50ms/99.9%, 100ms/99.9%
[102.438s][info][gc,marking  ] GC(172) Mark: 2 stripe(s), 2 proactive flush(es), 1 terminate flush(es), 0 completion(s), 0 continuation(s) 
[102.438s][info][gc,marking  ] GC(172) Mark Stack Usage: 32M
[102.438s][info][gc,nmethod  ] GC(172) NMethods: 15041 registered, 2270 unregistered
[102.438s][info][gc,metaspace] GC(172) Metaspace: 100M used, 100M committed, 1152M reserved
[102.438s][info][gc,ref      ] GC(172) Soft: 4314 encountered, 0 discovered, 0 enqueued
[102.438s][info][gc,ref      ] GC(172) Weak: 7440 encountered, 6602 discovered, 3 enqueued
[102.438s][info][gc,ref      ] GC(172) Final: 1 encountered, 1 discovered, 0 enqueued
[102.438s][info][gc,ref      ] GC(172) Phantom: 773 encountered, 675 discovered, 0 enqueued
[102.438s][info][gc,reloc    ] GC(172) Small Pages: 144 / 288M, Empty: 216M, Relocated: 1M, In-Place: 0
[102.438s][info][gc,reloc    ] GC(172) Medium Pages: 1 / 32M, Empty: 0M, Relocated: 0M, In-Place: 0
[102.438s][info][gc,reloc    ] GC(172) Large Pages: 7 / 62M, Empty: 0M, Relocated: 0M, In-Place: 0
[102.438s][info][gc,reloc    ] GC(172) Forwarding Usage: 0M
[102.438s][info][gc,heap     ] GC(172) Min Capacity: 2048M(100%)
[102.438s][info][gc,heap     ] GC(172) Max Capacity: 2048M(100%)
[102.438s][info][gc,heap     ] GC(172) Soft Max Capacity: 2048M(100%)
[102.438s][info][gc,heap     ] GC(172)                Mark Start          Mark End        Relocate Start      Relocate End           High               Low         
[102.438s][info][gc,heap     ] GC(172)  Capacity:     2048M (100%)       2048M (100%)       2048M (100%)       2048M (100%)       2048M (100%)       2048M (100%)   
[102.438s][info][gc,heap     ] GC(172)      Free:     1666M (81%)        1666M (81%)        1882M (92%)        1902M (93%)        1902M (93%)        1666M (81%)    
[102.438s][info][gc,heap     ] GC(172)      Used:      382M (19%)         382M (19%)         166M (8%)          146M (7%)          382M (19%)         146M (7%)     
[102.438s][info][gc,heap     ] GC(172)      Live:         -               106M (5%)          106M (5%)          106M (5%)             -                  -          
[102.438s][info][gc,heap     ] GC(172) Allocated:         -                 0M (0%)            0M (0%)            0M (0%)             -                  -          
[102.438s][info][gc,heap     ] GC(172)   Garbage:         -               275M (13%)          59M (3%)           39M (2%)             -                  -          
[102.438s][info][gc,heap     ] GC(172) Reclaimed:         -                  -               216M (11%)         236M (12%)            -                  -          
[102.438s][info][gc          ] GC(172) Garbage Collection (System.gc()) 382M(19%)->146M(7%)
[102.996s][info][gc,start    ] GC(173) Garbage Collection (Allocation Rate)
[102.996s][info][gc,task     ] GC(173) Using 1 workers
[102.996s][info][gc,phases   ] GC(173) Pause Mark Start 0.009ms
[103.058s][info][gc,phases   ] GC(173) Concurrent Mark 62.084ms
[103.059s][info][gc,phases   ] GC(173) Pause Mark End 0.018ms
[103.059s][info][gc,phases   ] GC(173) Concurrent Mark Free 0.002ms
[103.085s][info][gc,phases   ] GC(173) Concurrent Process Non-Strong References 26.583ms
[103.085s][info][gc,phases   ] GC(173) Concurrent Reset Relocation Set 0.002ms
[103.088s][info][gc,phases   ] GC(173) Concurrent Select Relocation Set 2.247ms
[103.088s][info][gc,phases   ] GC(173) Pause Relocate Start 0.013ms
[103.093s][info][gc,phases   ] GC(173) Concurrent Relocate 5.054ms
[103.093s][info][gc,load     ] GC(173) Load: 0.00/0.00/0.00
[103.093s][info][gc,mmu      ] GC(173) MMU: 2ms/98.5%, 5ms/99.4%, 10ms/99.6%, 20ms/99.8%, 50ms/99.9%, 100ms/99.9%
[103.093s][info][gc,marking  ] GC(173) Mark: 1 stripe(s), 2 proactive flush(es), 1 terminate flush(es), 0 completion(s), 0 continuation(s) 
[103.093s][info][gc,marking  ] GC(173) Mark Stack Usage: 32M
[103.093s][info][gc,nmethod  ] GC(173) NMethods: 15047 registered, 2270 unregistered
[103.093s][info][gc,metaspace] GC(173) Metaspace: 100M used, 100M committed, 1152M reserved
[103.093s][info][gc,ref      ] GC(173) Soft: 4314 encountered, 0 discovered, 0 enqueued
[103.093s][info][gc,ref      ] GC(173) Weak: 7447 encountered, 6248 discovered, 3 enqueued
[103.093s][info][gc,ref      ] GC(173) Final: 1 encountered, 0 discovered, 0 enqueued
[103.093s][info][gc,ref      ] GC(173) Phantom: 773 encountered, 395 discovered, 0 enqueued
[103.093s][info][gc,reloc    ] GC(173) Small Pages: 507 / 1014M, Empty: 640M, Relocated: 3M, In-Place: 0
[103.093s][info][gc,reloc    ] GC(173) Medium Pages: 2 / 64M, Empty: 32M, Relocated: 0M, In-Place: 0
[103.093s][info][gc,reloc    ] GC(173) Large Pages: 7 / 62M, Empty: 0M, Relocated: 0M, In-Place: 0
[103.093s][info][gc,reloc    ] GC(173) Forwarding Usage: 1M
[103.093s][info][gc,heap     ] GC(173) Min Capacity: 2048M(100%)
[103.093s][info][gc,heap     ] GC(173) Max Capacity: 2048M(100%)
[103.093s][info][gc,heap     ] GC(173) Soft Max Capacity: 2048M(100%)
[103.093s][info][gc,heap     ] GC(173)                Mark Start          Mark End        Relocate Start      Relocate End           High               Low         
[103.093s][info][gc,heap     ] GC(173)  Capacity:     2048M (100%)       2048M (100%)       2048M (100%)       2048M (100%)       2048M (100%)       2048M (100%)   
[103.093s][info][gc,heap     ] GC(173)      Free:      908M (44%)         770M (38%)        1380M (67%)        1694M (83%)        1698M (83%)         712M (35%)    
[103.093s][info][gc,heap     ] GC(173)      Used:     1140M (56%)        1278M (62%)         668M (33%)         354M (17%)        1336M (65%)         350M (17%)    
[103.093s][info][gc,heap     ] GC(173)      Live:         -               106M (5%)          106M (5%)          106M (5%)             -                  -          
[103.093s][info][gc,heap     ] GC(173) Allocated:         -               138M (7%)          200M (10%)         209M (10%)            -                  -          
[103.093s][info][gc,heap     ] GC(173)   Garbage:         -              1033M (50%)         361M (18%)          37M (2%)             -                  -          
[103.093s][info][gc,heap     ] GC(173) Reclaimed:         -                  -               672M (33%)         995M (49%)            -                  -          
[103.094s][info][gc          ] GC(173) Garbage Collection (Allocation Rate) 1140M(56%)->354M(17%)
[103.508s][info][gc,start    ] GC(174) Garbage Collection (Allocation Rate)
[103.508s][info][gc,task     ] GC(174) Using 1 workers
[103.508s][info][gc,phases   ] GC(174) Pause Mark Start 0.009ms
[103.637s][info][gc,phases   ] GC(174) Concurrent Mark 129.062ms
[103.638s][info][gc,phases   ] GC(174) Pause Mark End 0.017ms
[103.638s][info][gc,phases   ] GC(174) Concurrent Mark Free 0.001ms
[103.665s][info][gc,phases   ] GC(174) Concurrent Process Non-Strong References 26.994ms
[103.665s][info][gc,phases   ] GC(174) Concurrent Reset Relocation Set 0.010ms
[103.671s][info][gc,phases   ] GC(174) Concurrent Select Relocation Set 5.967ms
[103.671s][info][gc,phases   ] GC(174) Pause Relocate Start 0.017ms
[103.710s][info][gc,phases   ] GC(174) Concurrent Relocate 39.324ms
[103.710s][info][gc,load     ] GC(174) Load: 0.00/0.00/0.00
[103.710s][info][gc,mmu      ] GC(174) MMU: 2ms/98.5%, 5ms/99.4%, 10ms/99.6%, 20ms/99.8%, 50ms/99.9%, 100ms/99.9%
[103.710s][info][gc,marking  ] GC(174) Mark: 1 stripe(s), 2 proactive flush(es), 1 terminate flush(es), 0 completion(s), 0 continuation(s) 
[103.711s][info][gc,marking  ] GC(174) Mark Stack Usage: 32M
[103.711s][info][gc,nmethod  ] GC(174) NMethods: 15047 registered, 2270 unregistered
[103.711s][info][gc,metaspace] GC(174) Metaspace: 100M used, 100M committed, 1152M reserved
[103.711s][info][gc,ref      ] GC(174) Soft: 4314 encountered, 0 discovered, 0 enqueued
[103.711s][info][gc,ref      ] GC(174) Weak: 7447 encountered, 6251 discovered, 6 enqueued
[103.711s][info][gc,ref      ] GC(174) Final: 1 encountered, 0 discovered, 0 enqueued
[103.711s][info][gc,ref      ] GC(174) Phantom: 773 encountered, 395 discovered, 0 enqueued
[103.711s][info][gc,reloc    ] GC(174) Small Pages: 601 / 1202M, Empty: 288M, Relocated: 25M, In-Place: 0
[103.711s][info][gc,reloc    ] GC(174) Medium Pages: 2 / 64M, Empty: 0M, Relocated: 3M, In-Place: 0
[103.711s][info][gc,reloc    ] GC(174) Large Pages: 7 / 62M, Empty: 0M, Relocated: 0M, In-Place: 0
[103.711s][info][gc,reloc    ] GC(174) Forwarding Usage: 15M
[103.711s][info][gc,heap     ] GC(174) Min Capacity: 2048M(100%)
[103.711s][info][gc,heap     ] GC(174) Max Capacity: 2048M(100%)
[103.711s][info][gc,heap     ] GC(174) Soft Max Capacity: 2048M(100%)
[103.711s][info][gc,heap     ] GC(174)                Mark Start          Mark End        Relocate Start      Relocate End           High               Low         
[103.711s][info][gc,heap     ] GC(174)  Capacity:     2048M (100%)       2048M (100%)       2048M (100%)       2048M (100%)       2048M (100%)       2048M (100%)   
[103.711s][info][gc,heap     ] GC(174)      Free:      720M (35%)         416M (20%)         624M (30%)        1382M (67%)        1382M (67%)         350M (17%)    
[103.711s][info][gc,heap     ] GC(174)      Used:     1328M (65%)        1632M (80%)        1424M (70%)         666M (33%)        1698M (83%)         666M (33%)    
[103.711s][info][gc,heap     ] GC(174)      Live:         -               134M (7%)          134M (7%)          134M (7%)             -                  -          
[103.711s][info][gc,heap     ] GC(174) Allocated:         -               304M (15%)         384M (19%)         493M (24%)            -                  -          
[103.711s][info][gc,heap     ] GC(174)   Garbage:         -              1193M (58%)         905M (44%)          38M (2%)             -                  -          
[103.711s][info][gc,heap     ] GC(174) Reclaimed:         -                  -               288M (14%)        1155M (56%)            -                  -          
[103.711s][info][gc          ] GC(174) Garbage Collection (Allocation Rate) 1328M(65%)->666M(33%)
[103.793s][info][gc,start    ] GC(175) Garbage Collection (Allocation Rate)
[103.793s][info][gc,task     ] GC(175) Using 1 workers
[103.793s][info][gc,phases   ] GC(175) Pause Mark Start 0.008ms
[103.931s][info][gc,phases   ] GC(175) Concurrent Mark 137.589ms
[103.931s][info][gc,phases   ] GC(175) Pause Mark End 0.018ms
[103.931s][info][gc,phases   ] GC(175) Concurrent Mark Free 0.002ms
[103.958s][info][gc,phases   ] GC(175) Concurrent Process Non-Strong References 26.707ms
[103.958s][info][gc,phases   ] GC(175) Concurrent Reset Relocation Set 0.027ms
[103.961s][info][gc,phases   ] GC(175) Concurrent Select Relocation Set 3.000ms
[103.961s][info][gc,phases   ] GC(175) Pause Relocate Start 0.011ms
[103.966s][info][gc,phases   ] GC(175) Concurrent Relocate 4.381ms
[103.966s][info][gc,load     ] GC(175) Load: 0.00/0.00/0.00
[103.966s][info][gc,mmu      ] GC(175) MMU: 2ms/98.5%, 5ms/99.4%, 10ms/99.6%, 20ms/99.8%, 50ms/99.9%, 100ms/99.9%
[103.966s][info][gc,marking  ] GC(175) Mark: 1 stripe(s), 2 proactive flush(es), 1 terminate flush(es), 0 completion(s), 0 continuation(s) 
[103.966s][info][gc,marking  ] GC(175) Mark Stack Usage: 32M
[103.966s][info][gc,nmethod  ] GC(175) NMethods: 15047 registered, 2270 unregistered
[103.966s][info][gc,metaspace] GC(175) Metaspace: 100M used, 100M committed, 1152M reserved
[103.966s][info][gc,ref      ] GC(175) Soft: 4314 encountered, 0 discovered, 0 enqueued
[103.966s][info][gc,ref      ] GC(175) Weak: 7441 encountered, 6245 discovered, 0 enqueued
[103.966s][info][gc,ref      ] GC(175) Final: 1 encountered, 0 discovered, 0 enqueued
[103.966s][info][gc,ref      ] GC(175) Phantom: 773 encountered, 395 discovered, 0 enqueued
[103.966s][info][gc,reloc    ] GC(175) Small Pages: 367 / 734M, Empty: 268M, Relocated: 3M, In-Place: 0
[103.966s][info][gc,reloc    ] GC(175) Medium Pages: 2 / 64M, Empty: 0M, Relocated: 3M, In-Place: 0
[103.966s][info][gc,reloc    ] GC(175) Large Pages: 7 / 62M, Empty: 0M, Relocated: 0M, In-Place: 0
[103.966s][info][gc,reloc    ] GC(175) Forwarding Usage: 1M
[103.966s][info][gc,heap     ] GC(175) Min Capacity: 2048M(100%)
[103.966s][info][gc,heap     ] GC(175) Max Capacity: 2048M(100%)
[103.966s][info][gc,heap     ] GC(175) Soft Max Capacity: 2048M(100%)
[103.966s][info][gc,heap     ] GC(175)                Mark Start          Mark End        Relocate Start      Relocate End           High               Low         
[103.966s][info][gc,heap     ] GC(175)  Capacity:     2048M (100%)       2048M (100%)       2048M (100%)       2048M (100%)       2048M (100%)       2048M (100%)   
[103.966s][info][gc,heap     ] GC(175)      Free:     1188M (58%)         852M (42%)        1064M (52%)        1448M (71%)        1452M (71%)         802M (39%)    
[103.966s][info][gc,heap     ] GC(175)      Used:      860M (42%)        1196M (58%)         984M (48%)         600M (29%)        1246M (61%)         596M (29%)    
[103.966s][info][gc,heap     ] GC(175)      Live:         -               134M (7%)          134M (7%)          134M (7%)             -                  -          
[103.966s][info][gc,heap     ] GC(175) Allocated:         -               336M (16%)         392M (19%)         429M (21%)            -                  -          
[103.966s][info][gc,heap     ] GC(175)   Garbage:         -               725M (35%)         457M (22%)          36M (2%)             -                  -          
[103.966s][info][gc,heap     ] GC(175) Reclaimed:         -                  -               268M (13%)         689M (34%)            -                  -          
[103.966s][info][gc          ] GC(175) Garbage Collection (Allocation Rate) 860M(42%)->600M(29%)
[103.989s][info][gc,start    ] GC(176) Garbage Collection (System.gc())
[103.989s][info][gc,task     ] GC(176) Using 2 workers
[103.989s][info][gc,phases   ] GC(176) Pause Mark Start 0.007ms
[104.048s][info][gc,phases   ] GC(176) Concurrent Mark 58.361ms
[104.048s][info][gc,phases   ] GC(176) Pause Mark End 0.021ms
[104.048s][info][gc,phases   ] GC(176) Concurrent Mark Free 0.002ms
[104.061s][info][gc,phases   ] GC(176) Concurrent Process Non-Strong References 13.206ms
[104.061s][info][gc,phases   ] GC(176) Concurrent Reset Relocation Set 0.013ms
[104.063s][info][gc,phases   ] GC(176) Concurrent Select Relocation Set 1.447ms
[104.063s][info][gc,phases   ] GC(176) Pause Relocate Start 0.010ms
[104.064s][info][gc,phases   ] GC(176) Concurrent Relocate 0.685ms
[104.064s][info][gc,load     ] GC(176) Load: 0.00/0.00/0.00
[104.064s][info][gc,mmu      ] GC(176) MMU: 2ms/98.5%, 5ms/99.4%, 10ms/99.6%, 20ms/99.8%, 50ms/99.9%, 100ms/99.9%
[104.064s][info][gc,marking  ] GC(176) Mark: 2 stripe(s), 2 proactive flush(es), 1 terminate flush(es), 0 completion(s), 0 continuation(s) 
[104.064s][info][gc,marking  ] GC(176) Mark Stack Usage: 32M
[104.064s][info][gc,nmethod  ] GC(176) NMethods: 15047 registered, 2270 unregistered
[104.064s][info][gc,metaspace] GC(176) Metaspace: 100M used, 100M committed, 1152M reserved
[104.064s][info][gc,ref      ] GC(176) Soft: 4314 encountered, 0 discovered, 0 enqueued
[104.064s][info][gc,ref      ] GC(176) Weak: 7440 encountered, 263 discovered, 3 enqueued
[104.064s][info][gc,ref      ] GC(176) Final: 1 encountered, 1 discovered, 0 enqueued
[104.064s][info][gc,ref      ] GC(176) Phantom: 773 encountered, 523 discovered, 0 enqueued
[104.064s][info][gc,reloc    ] GC(176) Small Pages: 252 / 504M, Empty: 432M, Relocated: 1M, In-Place: 0
[104.064s][info][gc,reloc    ] GC(176) Medium Pages: 2 / 64M, Empty: 32M, Relocated: 0M, In-Place: 0
[104.064s][info][gc,reloc    ] GC(176) Large Pages: 7 / 62M, Empty: 0M, Relocated: 0M, In-Place: 0
[104.064s][info][gc,reloc    ] GC(176) Forwarding Usage: 0M
[104.064s][info][gc,heap     ] GC(176) Min Capacity: 2048M(100%)
[104.064s][info][gc,heap     ] GC(176) Max Capacity: 2048M(100%)
[104.064s][info][gc,heap     ] GC(176) Soft Max Capacity: 2048M(100%)
[104.064s][info][gc,heap     ] GC(176)                Mark Start          Mark End        Relocate Start      Relocate End           High               Low         
[104.064s][info][gc,heap     ] GC(176)  Capacity:     2048M (100%)       2048M (100%)       2048M (100%)       2048M (100%)       2048M (100%)       2048M (100%)   
[104.064s][info][gc,heap     ] GC(176)      Free:     1418M (69%)        1412M (69%)        1876M (92%)        1896M (93%)        1896M (93%)        1412M (69%)    
[104.064s][info][gc,heap     ] GC(176)      Used:      630M (31%)         636M (31%)         172M (8%)          152M (7%)          636M (31%)         152M (7%)     
[104.064s][info][gc,heap     ] GC(176)      Live:         -               106M (5%)          106M (5%)          106M (5%)             -                  -          
[104.064s][info][gc,heap     ] GC(176) Allocated:         -                 6M (0%)            6M (0%)            6M (0%)             -                  -          
[104.064s][info][gc,heap     ] GC(176)   Garbage:         -               523M (26%)          59M (3%)           39M (2%)             -                  -          
[104.064s][info][gc,heap     ] GC(176) Reclaimed:         -                  -               464M (23%)         484M (24%)            -                  -          
[104.064s][info][gc          ] GC(176) Garbage Collection (System.gc()) 630M(31%)->152M(7%)
[104.708s][info][gc,start    ] GC(177) Garbage Collection (Allocation Rate)
[104.708s][info][gc,task     ] GC(177) Using 1 workers
[104.708s][info][gc,phases   ] GC(177) Pause Mark Start 0.010ms
[104.773s][info][gc,phases   ] GC(177) Concurrent Mark 65.041ms
[104.774s][info][gc,phases   ] GC(177) Pause Mark End 0.013ms
[104.774s][info][gc,phases   ] GC(177) Concurrent Mark Free 0.001ms
[104.800s][info][gc,phases   ] GC(177) Concurrent Process Non-Strong References 26.406ms
[104.800s][info][gc,phases   ] GC(177) Concurrent Reset Relocation Set 0.002ms
[104.802s][info][gc,phases   ] GC(177) Concurrent Select Relocation Set 2.014ms
[104.802s][info][gc,phases   ] GC(177) Pause Relocate Start 0.010ms
[104.808s][info][gc,phases   ] GC(177) Concurrent Relocate 5.043ms
[104.808s][info][gc,load     ] GC(177) Load: 0.00/0.00/0.00
[104.808s][info][gc,mmu      ] GC(177) MMU: 2ms/98.5%, 5ms/99.4%, 10ms/99.6%, 20ms/99.8%, 50ms/99.9%, 100ms/99.9%
[104.808s][info][gc,marking  ] GC(177) Mark: 1 stripe(s), 2 proactive flush(es), 1 terminate flush(es), 0 completion(s), 0 continuation(s) 
[104.808s][info][gc,marking  ] GC(177) Mark Stack Usage: 32M
[104.808s][info][gc,nmethod  ] GC(177) NMethods: 15049 registered, 2270 unregistered
[104.808s][info][gc,metaspace] GC(177) Metaspace: 100M used, 100M committed, 1152M reserved
[104.808s][info][gc,ref      ] GC(177) Soft: 4314 encountered, 0 discovered, 0 enqueued
[104.808s][info][gc,ref      ] GC(177) Weak: 7447 encountered, 6251 discovered, 1 enqueued
[104.808s][info][gc,ref      ] GC(177) Final: 1 encountered, 0 discovered, 0 enqueued
[104.808s][info][gc,ref      ] GC(177) Phantom: 773 encountered, 395 discovered, 0 enqueued
[104.808s][info][gc,reloc    ] GC(177) Small Pages: 598 / 1196M, Empty: 640M, Relocated: 1M, In-Place: 0
[104.808s][info][gc,reloc    ] GC(177) Medium Pages: 2 / 64M, Empty: 32M, Relocated: 0M, In-Place: 0
[104.808s][info][gc,reloc    ] GC(177) Large Pages: 7 / 62M, Empty: 0M, Relocated: 0M, In-Place: 0
[104.808s][info][gc,reloc    ] GC(177) Forwarding Usage: 0M
[104.808s][info][gc,heap     ] GC(177) Min Capacity: 2048M(100%)
[104.808s][info][gc,heap     ] GC(177) Max Capacity: 2048M(100%)
[104.808s][info][gc,heap     ] GC(177) Soft Max Capacity: 2048M(100%)
[104.808s][info][gc,heap     ] GC(177)                Mark Start          Mark End        Relocate Start      Relocate End           High               Low         
[104.808s][info][gc,heap     ] GC(177)  Capacity:     2048M (100%)       2048M (100%)       2048M (100%)       2048M (100%)       2048M (100%)       2048M (100%)   
[104.808s][info][gc,heap     ] GC(177)      Free:      726M (35%)         588M (29%)        1166M (57%)        1658M (81%)        1658M (81%)         498M (24%)    
[104.808s][info][gc,heap     ] GC(177)      Used:     1322M (65%)        1460M (71%)         882M (43%)         390M (19%)        1550M (76%)         390M (19%)    
[104.808s][info][gc,heap     ] GC(177)      Live:         -               107M (5%)          107M (5%)          107M (5%)             -                  -          
[104.808s][info][gc,heap     ] GC(177) Allocated:         -               138M (7%)          232M (11%)         243M (12%)            -                  -          
[104.808s][info][gc,heap     ] GC(177)   Garbage:         -              1214M (59%)         542M (26%)          38M (2%)             -                  -          
[104.808s][info][gc,heap     ] GC(177) Reclaimed:         -                  -               672M (33%)        1175M (57%)            -                  -          
[104.808s][info][gc          ] GC(177) Garbage Collection (Allocation Rate) 1322M(65%)->390M(19%)
[105.201s][info][gc,start    ] GC(178) Garbage Collection (Allocation Rate)
[105.201s][info][gc,task     ] GC(178) Using 1 workers
[105.201s][info][gc,phases   ] GC(178) Pause Mark Start 0.012ms
[105.323s][info][gc,phases   ] GC(178) Concurrent Mark 121.687ms
[105.323s][info][gc,phases   ] GC(178) Pause Mark End 0.013ms
[105.323s][info][gc,phases   ] GC(178) Concurrent Mark Free 0.001ms
[105.350s][info][gc,phases   ] GC(178) Concurrent Process Non-Strong References 26.857ms
[105.350s][info][gc,phases   ] GC(178) Concurrent Reset Relocation Set 0.013ms
[105.356s][info][gc,phases   ] GC(178) Concurrent Select Relocation Set 5.966ms
[105.356s][info][gc,phases   ] GC(178) Pause Relocate Start 0.011ms
[105.397s][info][gc,phases   ] GC(178) Concurrent Relocate 40.485ms
[105.397s][info][gc,load     ] GC(178) Load: 0.00/0.00/0.00
[105.397s][info][gc,mmu      ] GC(178) MMU: 2ms/98.5%, 5ms/99.4%, 10ms/99.6%, 20ms/99.8%, 50ms/99.9%, 100ms/99.9%
[105.397s][info][gc,marking  ] GC(178) Mark: 1 stripe(s), 2 proactive flush(es), 1 terminate flush(es), 0 completion(s), 0 continuation(s) 
[105.397s][info][gc,marking  ] GC(178) Mark Stack Usage: 32M
[105.397s][info][gc,nmethod  ] GC(178) NMethods: 15049 registered, 2270 unregistered
[105.397s][info][gc,metaspace] GC(178) Metaspace: 100M used, 100M committed, 1152M reserved
[105.397s][info][gc,ref      ] GC(178) Soft: 4314 encountered, 0 discovered, 0 enqueued
[105.397s][info][gc,ref      ] GC(178) Weak: 7447 encountered, 6251 discovered, 6 enqueued
[105.397s][info][gc,ref      ] GC(178) Final: 1 encountered, 0 discovered, 0 enqueued
[105.397s][info][gc,ref      ] GC(178) Phantom: 773 encountered, 395 discovered, 0 enqueued
[105.397s][info][gc,reloc    ] GC(178) Small Pages: 600 / 1200M, Empty: 190M, Relocated: 27M, In-Place: 0
[105.397s][info][gc,reloc    ] GC(178) Medium Pages: 2 / 64M, Empty: 0M, Relocated: 3M, In-Place: 0
[105.397s][info][gc,reloc    ] GC(178) Large Pages: 7 / 62M, Empty: 0M, Relocated: 0M, In-Place: 0
[105.397s][info][gc,reloc    ] GC(178) Forwarding Usage: 16M
[105.397s][info][gc,heap     ] GC(178) Min Capacity: 2048M(100%)
[105.397s][info][gc,heap     ] GC(178) Max Capacity: 2048M(100%)
[105.397s][info][gc,heap     ] GC(178) Soft Max Capacity: 2048M(100%)
[105.397s][info][gc,heap     ] GC(178)                Mark Start          Mark End        Relocate Start      Relocate End           High               Low         
[105.397s][info][gc,heap     ] GC(178)  Capacity:     2048M (100%)       2048M (100%)       2048M (100%)       2048M (100%)       2048M (100%)       2048M (100%)   
[105.397s][info][gc,heap     ] GC(178)      Free:      722M (35%)         420M (21%)         532M (26%)        1384M (68%)        1384M (68%)         356M (17%)    
[105.397s][info][gc,heap     ] GC(178)      Used:     1326M (65%)        1628M (79%)        1516M (74%)         664M (32%)        1692M (83%)         664M (32%)    
[105.397s][info][gc,heap     ] GC(178)      Live:         -               134M (7%)          134M (7%)          134M (7%)             -                  -          
[105.397s][info][gc,heap     ] GC(178) Allocated:         -               302M (15%)         380M (19%)         492M (24%)            -                  -          
[105.397s][info][gc,heap     ] GC(178)   Garbage:         -              1191M (58%)        1001M (49%)          37M (2%)             -                  -          
[105.397s][info][gc,heap     ] GC(178) Reclaimed:         -                  -               190M (9%)         1154M (56%)            -                  -          
[105.397s][info][gc          ] GC(178) Garbage Collection (Allocation Rate) 1326M(65%)->664M(32%)
[105.502s][info][gc,start    ] GC(179) Garbage Collection (Allocation Rate)
[105.502s][info][gc,task     ] GC(179) Using 1 workers
[105.502s][info][gc,phases   ] GC(179) Pause Mark Start 0.011ms
[105.630s][info][gc,phases   ] GC(179) Concurrent Mark 127.608ms
[105.630s][info][gc,phases   ] GC(179) Pause Mark End 0.015ms
[105.630s][info][gc,phases   ] GC(179) Concurrent Mark Free 0.001ms
[105.655s][info][gc,phases   ] GC(179) Concurrent Process Non-Strong References 24.358ms
[105.655s][info][gc,phases   ] GC(179) Concurrent Reset Relocation Set 0.038ms
[105.657s][info][gc,phases   ] GC(179) Concurrent Select Relocation Set 2.610ms
[105.658s][info][gc,phases   ] GC(179) Pause Relocate Start 0.010ms
[105.661s][info][gc,phases   ] GC(179) Concurrent Relocate 3.800ms
[105.662s][info][gc,load     ] GC(179) Load: 0.00/0.00/0.00
[105.662s][info][gc,mmu      ] GC(179) MMU: 2ms/98.5%, 5ms/99.4%, 10ms/99.6%, 20ms/99.8%, 50ms/99.9%, 100ms/99.9%
[105.662s][info][gc,marking  ] GC(179) Mark: 1 stripe(s), 2 proactive flush(es), 1 terminate flush(es), 0 completion(s), 0 continuation(s) 
[105.662s][info][gc,marking  ] GC(179) Mark Stack Usage: 32M
[105.662s][info][gc,nmethod  ] GC(179) NMethods: 15054 registered, 2270 unregistered
[105.662s][info][gc,metaspace] GC(179) Metaspace: 100M used, 100M committed, 1152M reserved
[105.662s][info][gc,ref      ] GC(179) Soft: 4314 encountered, 0 discovered, 0 enqueued
[105.662s][info][gc,ref      ] GC(179) Weak: 7438 encountered, 6246 discovered, 0 enqueued
[105.662s][info][gc,ref      ] GC(179) Final: 1 encountered, 0 discovered, 0 enqueued
[105.662s][info][gc,ref      ] GC(179) Phantom: 773 encountered, 395 discovered, 0 enqueued
[105.662s][info][gc,reloc    ] GC(179) Small Pages: 398 / 796M, Empty: 326M, Relocated: 3M, In-Place: 0
[105.662s][info][gc,reloc    ] GC(179) Medium Pages: 2 / 64M, Empty: 0M, Relocated: 3M, In-Place: 0
[105.662s][info][gc,reloc    ] GC(179) Large Pages: 7 / 62M, Empty: 0M, Relocated: 0M, In-Place: 0
[105.662s][info][gc,reloc    ] GC(179) Forwarding Usage: 1M
[105.662s][info][gc,heap     ] GC(179) Min Capacity: 2048M(100%)
[105.662s][info][gc,heap     ] GC(179) Max Capacity: 2048M(100%)
[105.662s][info][gc,heap     ] GC(179) Soft Max Capacity: 2048M(100%)
[105.662s][info][gc,heap     ] GC(179)                Mark Start          Mark End        Relocate Start      Relocate End           High               Low         
[105.662s][info][gc,heap     ] GC(179)  Capacity:     2048M (100%)       2048M (100%)       2048M (100%)       2048M (100%)       2048M (100%)       2048M (100%)   
[105.662s][info][gc,heap     ] GC(179)      Free:     1126M (55%)         944M (46%)        1270M (62%)        1696M (83%)        1696M (83%)         944M (46%)    
[105.662s][info][gc,heap     ] GC(179)      Used:      922M (45%)        1104M (54%)         778M (38%)         352M (17%)        1104M (54%)         352M (17%)    
[105.662s][info][gc,heap     ] GC(179)      Live:         -               134M (7%)          134M (7%)          134M (7%)             -                  -          
[105.662s][info][gc,heap     ] GC(179) Allocated:         -               182M (9%)          182M (9%)          182M (9%)             -                  -          
[105.662s][info][gc,heap     ] GC(179)   Garbage:         -               787M (38%)         461M (23%)          35M (2%)             -                  -          
[105.662s][info][gc,heap     ] GC(179) Reclaimed:         -                  -               326M (16%)         752M (37%)            -                  -          
[105.662s][info][gc          ] GC(179) Garbage Collection (Allocation Rate) 922M(45%)->352M(17%)
[105.662s][info][gc,start    ] GC(180) Garbage Collection (System.gc())
[105.662s][info][gc,task     ] GC(180) Using 2 workers
[105.662s][info][gc,phases   ] GC(180) Pause Mark Start 0.007ms
[105.693s][info][gc,phases   ] GC(180) Concurrent Mark 31.090ms
[105.693s][info][gc,phases   ] GC(180) Pause Mark End 0.007ms
[105.693s][info][gc,phases   ] GC(180) Concurrent Mark Free 0.001ms
[105.706s][info][gc,phases   ] GC(180) Concurrent Process Non-Strong References 12.582ms
[105.706s][info][gc,phases   ] GC(180) Concurrent Reset Relocation Set 0.013ms
[105.707s][info][gc,phases   ] GC(180) Concurrent Select Relocation Set 1.216ms
[105.707s][info][gc,phases   ] GC(180) Pause Relocate Start 0.010ms
[105.708s][info][gc,phases   ] GC(180) Concurrent Relocate 0.741ms
[105.708s][info][gc,load     ] GC(180) Load: 0.00/0.00/0.00
[105.708s][info][gc,mmu      ] GC(180) MMU: 2ms/98.5%, 5ms/99.4%, 10ms/99.6%, 20ms/99.8%, 50ms/99.9%, 100ms/99.9%
[105.708s][info][gc,marking  ] GC(180) Mark: 2 stripe(s), 2 proactive flush(es), 1 terminate flush(es), 0 completion(s), 0 continuation(s) 
[105.708s][info][gc,marking  ] GC(180) Mark Stack Usage: 32M
[105.708s][info][gc,nmethod  ] GC(180) NMethods: 15054 registered, 2270 unregistered
[105.708s][info][gc,metaspace] GC(180) Metaspace: 100M used, 100M committed, 1152M reserved
[105.708s][info][gc,ref      ] GC(180) Soft: 4314 encountered, 0 discovered, 0 enqueued
[105.708s][info][gc,ref      ] GC(180) Weak: 7440 encountered, 486 discovered, 3 enqueued
[105.708s][info][gc,ref      ] GC(180) Final: 1 encountered, 0 discovered, 0 enqueued
[105.708s][info][gc,ref      ] GC(180) Phantom: 773 encountered, 533 discovered, 0 enqueued
[105.708s][info][gc,reloc    ] GC(180) Small Pages: 129 / 258M, Empty: 196M, Relocated: 1M, In-Place: 0
[105.708s][info][gc,reloc    ] GC(180) Medium Pages: 1 / 32M, Empty: 0M, Relocated: 0M, In-Place: 0
[105.708s][info][gc,reloc    ] GC(180) Large Pages: 7 / 62M, Empty: 0M, Relocated: 0M, In-Place: 0
[105.708s][info][gc,reloc    ] GC(180) Forwarding Usage: 0M
[105.708s][info][gc,heap     ] GC(180) Min Capacity: 2048M(100%)
[105.708s][info][gc,heap     ] GC(180) Max Capacity: 2048M(100%)
[105.708s][info][gc,heap     ] GC(180) Soft Max Capacity: 2048M(100%)
[105.708s][info][gc,heap     ] GC(180)                Mark Start          Mark End        Relocate Start      Relocate End           High               Low         
[105.708s][info][gc,heap     ] GC(180)  Capacity:     2048M (100%)       2048M (100%)       2048M (100%)       2048M (100%)       2048M (100%)       2048M (100%)   
[105.708s][info][gc,heap     ] GC(180)      Free:     1696M (83%)        1694M (83%)        1890M (92%)        1900M (93%)        1900M (93%)        1694M (83%)    
[105.708s][info][gc,heap     ] GC(180)      Used:      352M (17%)         354M (17%)         158M (8%)          148M (7%)          354M (17%)         148M (7%)     
[105.708s][info][gc,heap     ] GC(180)      Live:         -               106M (5%)          106M (5%)          106M (5%)             -                  -          
[105.708s][info][gc,heap     ] GC(180) Allocated:         -                 2M (0%)            2M (0%)            2M (0%)             -                  -          
[105.708s][info][gc,heap     ] GC(180)   Garbage:         -               245M (12%)          49M (2%)           39M (2%)             -                  -          
[105.708s][info][gc,heap     ] GC(180) Reclaimed:         -                  -               196M (10%)         206M (10%)            -                  -          
[105.708s][info][gc          ] GC(180) Garbage Collection (System.gc()) 352M(17%)->148M(7%)
[106.298s][info][gc,start    ] GC(181) Garbage Collection (Allocation Rate)
[106.298s][info][gc,task     ] GC(181) Using 1 workers
[106.298s][info][gc,phases   ] GC(181) Pause Mark Start 0.008ms
[106.360s][info][gc,phases   ] GC(181) Concurrent Mark 62.119ms
[106.360s][info][gc,phases   ] GC(181) Pause Mark End 0.016ms
[106.360s][info][gc,phases   ] GC(181) Concurrent Mark Free 0.001ms
[106.386s][info][gc,phases   ] GC(181) Concurrent Process Non-Strong References 25.729ms
[106.386s][info][gc,phases   ] GC(181) Concurrent Reset Relocation Set 0.001ms
[106.389s][info][gc,phases   ] GC(181) Concurrent Select Relocation Set 2.390ms
[106.389s][info][gc,phases   ] GC(181) Pause Relocate Start 0.011ms
[106.393s][info][gc,phases   ] GC(181) Concurrent Relocate 4.024ms
[106.393s][info][gc,load     ] GC(181) Load: 0.00/0.00/0.00
[106.393s][info][gc,mmu      ] GC(181) MMU: 2ms/98.5%, 5ms/99.4%, 10ms/99.6%, 20ms/99.8%, 50ms/99.9%, 100ms/99.9%
[106.393s][info][gc,marking  ] GC(181) Mark: 1 stripe(s), 2 proactive flush(es), 1 terminate flush(es), 0 completion(s), 0 continuation(s) 
[106.393s][info][gc,marking  ] GC(181) Mark Stack Usage: 32M
[106.393s][info][gc,nmethod  ] GC(181) NMethods: 15058 registered, 2270 unregistered
[106.393s][info][gc,metaspace] GC(181) Metaspace: 100M used, 100M committed, 1152M reserved
[106.393s][info][gc,ref      ] GC(181) Soft: 4314 encountered, 0 discovered, 0 enqueued
[106.393s][info][gc,ref      ] GC(181) Weak: 7447 encountered, 6251 discovered, 1 enqueued
[106.393s][info][gc,ref      ] GC(181) Final: 1 encountered, 0 discovered, 0 enqueued
[106.393s][info][gc,ref      ] GC(181) Phantom: 773 encountered, 395 discovered, 0 enqueued
[106.393s][info][gc,reloc    ] GC(181) Small Pages: 550 / 1100M, Empty: 640M, Relocated: 0M, In-Place: 0
[106.393s][info][gc,reloc    ] GC(181) Medium Pages: 2 / 64M, Empty: 32M, Relocated: 0M, In-Place: 0
[106.393s][info][gc,reloc    ] GC(181) Large Pages: 7 / 62M, Empty: 0M, Relocated: 0M, In-Place: 0
[106.393s][info][gc,reloc    ] GC(181) Forwarding Usage: 0M
[106.393s][info][gc,heap     ] GC(181) Min Capacity: 2048M(100%)
[106.393s][info][gc,heap     ] GC(181) Max Capacity: 2048M(100%)
[106.393s][info][gc,heap     ] GC(181) Soft Max Capacity: 2048M(100%)
[106.393s][info][gc,heap     ] GC(181)                Mark Start          Mark End        Relocate Start      Relocate End           High               Low         
[106.393s][info][gc,heap     ] GC(181)  Capacity:     2048M (100%)       2048M (100%)       2048M (100%)       2048M (100%)       2048M (100%)       2048M (100%)   
[106.393s][info][gc,heap     ] GC(181)      Free:      822M (40%)         688M (34%)        1300M (63%)        1700M (83%)        1700M (83%)         632M (31%)    
[106.393s][info][gc,heap     ] GC(181)      Used:     1226M (60%)        1360M (66%)         748M (37%)         348M (17%)        1416M (69%)         348M (17%)    
[106.393s][info][gc,heap     ] GC(181)      Live:         -               107M (5%)          107M (5%)          107M (5%)             -                  -          
[106.393s][info][gc,heap     ] GC(181) Allocated:         -               134M (7%)          194M (9%)          201M (10%)            -                  -          
[106.393s][info][gc,heap     ] GC(181)   Garbage:         -              1118M (55%)         446M (22%)          38M (2%)             -                  -          
[106.393s][info][gc,heap     ] GC(181) Reclaimed:         -                  -               672M (33%)        1079M (53%)            -                  -          
[106.393s][info][gc          ] GC(181) Garbage Collection (Allocation Rate) 1226M(60%)->348M(17%)
[106.899s][info][gc,start    ] GC(182) Garbage Collection (Allocation Rate)
[106.899s][info][gc,task     ] GC(182) Using 2 workers
[106.899s][info][gc,phases   ] GC(182) Pause Mark Start 0.010ms
[106.978s][info][gc,phases   ] GC(182) Concurrent Mark 78.727ms
[106.978s][info][gc,phases   ] GC(182) Pause Mark End 0.018ms
[106.978s][info][gc,phases   ] GC(182) Concurrent Mark Free 0.002ms
[106.992s][info][gc,phases   ] GC(182) Concurrent Process Non-Strong References 13.556ms
[106.992s][info][gc,phases   ] GC(182) Concurrent Reset Relocation Set 0.012ms
[106.998s][info][gc,phases   ] GC(182) Concurrent Select Relocation Set 5.763ms
[106.998s][info][gc,phases   ] GC(182) Pause Relocate Start 0.008ms
[107.025s][info][gc,phases   ] GC(182) Concurrent Relocate 27.044ms
[107.025s][info][gc,load     ] GC(182) Load: 0.00/0.00/0.00
[107.025s][info][gc,mmu      ] GC(182) MMU: 2ms/98.5%, 5ms/99.4%, 10ms/99.6%, 20ms/99.8%, 50ms/99.9%, 100ms/99.9%
[107.025s][info][gc,marking  ] GC(182) Mark: 2 stripe(s), 2 proactive flush(es), 1 terminate flush(es), 0 completion(s), 0 continuation(s) 
[107.025s][info][gc,marking  ] GC(182) Mark Stack Usage: 32M
[107.025s][info][gc,nmethod  ] GC(182) NMethods: 15058 registered, 2270 unregistered
[107.025s][info][gc,metaspace] GC(182) Metaspace: 100M used, 100M committed, 1152M reserved
[107.025s][info][gc,ref      ] GC(182) Soft: 4314 encountered, 0 discovered, 0 enqueued
[107.025s][info][gc,ref      ] GC(182) Weak: 7447 encountered, 100 discovered, 6 enqueued
[107.025s][info][gc,ref      ] GC(182) Final: 1 encountered, 0 discovered, 0 enqueued
[107.025s][info][gc,ref      ] GC(182) Phantom: 773 encountered, 550 discovered, 0 enqueued
[107.025s][info][gc,reloc    ] GC(182) Small Pages: 727 / 1454M, Empty: 366M, Relocated: 27M, In-Place: 0
[107.025s][info][gc,reloc    ] GC(182) Medium Pages: 2 / 64M, Empty: 0M, Relocated: 3M, In-Place: 0
[107.025s][info][gc,reloc    ] GC(182) Large Pages: 7 / 62M, Empty: 0M, Relocated: 0M, In-Place: 0
[107.025s][info][gc,reloc    ] GC(182) Forwarding Usage: 16M
[107.025s][info][gc,heap     ] GC(182) Min Capacity: 2048M(100%)
[107.025s][info][gc,heap     ] GC(182) Max Capacity: 2048M(100%)
[107.025s][info][gc,heap     ] GC(182) Soft Max Capacity: 2048M(100%)
[107.025s][info][gc,heap     ] GC(182)                Mark Start          Mark End        Relocate Start      Relocate End           High               Low         
[107.025s][info][gc,heap     ] GC(182)  Capacity:     2048M (100%)       2048M (100%)       2048M (100%)       2048M (100%)       2048M (100%)       2048M (100%)   
[107.025s][info][gc,heap     ] GC(182)      Free:      468M (23%)         276M (13%)         596M (29%)        1548M (76%)        1548M (76%)         242M (12%)    
[107.025s][info][gc,heap     ] GC(182)      Used:     1580M (77%)        1772M (87%)        1452M (71%)         500M (24%)        1806M (88%)         500M (24%)    
[107.025s][info][gc,heap     ] GC(182)      Live:         -               134M (7%)          134M (7%)          134M (7%)             -                  -          
[107.025s][info][gc,heap     ] GC(182) Allocated:         -               192M (9%)          238M (12%)         327M (16%)            -                  -          
[107.025s][info][gc,heap     ] GC(182)   Garbage:         -              1445M (71%)        1079M (53%)          37M (2%)             -                  -          
[107.025s][info][gc,heap     ] GC(182) Reclaimed:         -                  -               366M (18%)        1407M (69%)            -                  -          
[107.025s][info][gc          ] GC(182) Garbage Collection (Allocation Rate) 1580M(77%)->500M(24%)
[107.199s][info][gc,start    ] GC(183) Garbage Collection (Allocation Rate)
[107.199s][info][gc,task     ] GC(183) Using 2 workers
[107.199s][info][gc,phases   ] GC(183) Pause Mark Start 0.010ms
[107.246s][info][gc,phases   ] GC(183) Concurrent Mark 47.508ms
[107.247s][info][gc,phases   ] GC(183) Pause Mark End 0.011ms
[107.247s][info][gc,phases   ] GC(183) Concurrent Mark Free 0.001ms
[107.258s][info][gc,phases   ] GC(183) Concurrent Process Non-Strong References 11.854ms
[107.259s][info][gc,phases   ] GC(183) Concurrent Reset Relocation Set 0.041ms
[107.262s][info][gc,phases   ] GC(183) Concurrent Select Relocation Set 3.090ms
[107.262s][info][gc,phases   ] GC(183) Pause Relocate Start 0.010ms
[107.270s][info][gc,phases   ] GC(183) Concurrent Relocate 8.270ms
[107.270s][info][gc,load     ] GC(183) Load: 0.00/0.00/0.00
[107.270s][info][gc,mmu      ] GC(183) MMU: 2ms/98.5%, 5ms/99.4%, 10ms/99.6%, 20ms/99.8%, 50ms/99.9%, 100ms/99.9%
[107.270s][info][gc,marking  ] GC(183) Mark: 2 stripe(s), 2 proactive flush(es), 1 terminate flush(es), 0 completion(s), 0 continuation(s) 
[107.270s][info][gc,marking  ] GC(183) Mark Stack Usage: 32M
[107.270s][info][gc,nmethod  ] GC(183) NMethods: 15058 registered, 2270 unregistered
[107.270s][info][gc,metaspace] GC(183) Metaspace: 100M used, 100M committed, 1152M reserved
[107.270s][info][gc,ref      ] GC(183) Soft: 4314 encountered, 0 discovered, 0 enqueued
[107.270s][info][gc,ref      ] GC(183) Weak: 7440 encountered, 804 discovered, 3 enqueued
[107.270s][info][gc,ref      ] GC(183) Final: 1 encountered, 0 discovered, 0 enqueued
[107.270s][info][gc,ref      ] GC(183) Phantom: 773 encountered, 630 discovered, 0 enqueued
[107.270s][info][gc,reloc    ] GC(183) Small Pages: 395 / 790M, Empty: 518M, Relocated: 11M, In-Place: 0
[107.270s][info][gc,reloc    ] GC(183) Medium Pages: 2 / 64M, Empty: 0M, Relocated: 2M, In-Place: 0
[107.270s][info][gc,reloc    ] GC(183) Large Pages: 7 / 62M, Empty: 0M, Relocated: 0M, In-Place: 0
[107.270s][info][gc,reloc    ] GC(183) Forwarding Usage: 6M
[107.270s][info][gc,heap     ] GC(183) Min Capacity: 2048M(100%)
[107.270s][info][gc,heap     ] GC(183) Max Capacity: 2048M(100%)
[107.270s][info][gc,heap     ] GC(183) Soft Max Capacity: 2048M(100%)
[107.271s][info][gc,heap     ] GC(183)                Mark Start          Mark End        Relocate Start      Relocate End           High               Low         
[107.271s][info][gc,heap     ] GC(183)  Capacity:     2048M (100%)       2048M (100%)       2048M (100%)       2048M (100%)       2048M (100%)       2048M (100%)   
[107.271s][info][gc,heap     ] GC(183)      Free:     1132M (55%)        1100M (54%)        1618M (79%)        1856M (91%)        1856M (91%)        1100M (54%)    
[107.271s][info][gc,heap     ] GC(183)      Used:      916M (45%)         948M (46%)         430M (21%)         192M (9%)          948M (46%)         192M (9%)     
[107.271s][info][gc,heap     ] GC(183)      Live:         -               120M (6%)          120M (6%)          120M (6%)             -                  -          
[107.271s][info][gc,heap     ] GC(183) Allocated:         -                32M (2%)           32M (2%)           32M (2%)             -                  -          
[107.271s][info][gc,heap     ] GC(183)   Garbage:         -               795M (39%)         277M (14%)          39M (2%)             -                  -          
[107.271s][info][gc,heap     ] GC(183) Reclaimed:         -                  -               518M (25%)         756M (37%)            -                  -          
[107.271s][info][gc          ] GC(183) Garbage Collection (Allocation Rate) 916M(45%)->192M(9%)
[107.271s][info][gc,start    ] GC(184) Garbage Collection (System.gc())
[107.271s][info][gc,task     ] GC(184) Using 2 workers
[107.271s][info][gc,phases   ] GC(184) Pause Mark Start 0.008ms
[107.310s][info][gc,phases   ] GC(184) Concurrent Mark 39.171ms
[107.310s][info][gc,phases   ] GC(184) Pause Mark End 0.017ms
[107.310s][info][gc,phases   ] GC(184) Concurrent Mark Free 0.002ms
[107.324s][info][gc,phases   ] GC(184) Concurrent Process Non-Strong References 13.066ms
[107.324s][info][gc,phases   ] GC(184) Concurrent Reset Relocation Set 0.009ms
[107.326s][info][gc,phases   ] GC(184) Concurrent Select Relocation Set 1.925ms
[107.326s][info][gc,phases   ] GC(184) Pause Relocate Start 0.010ms
[107.326s][info][gc,phases   ] GC(184) Concurrent Relocate 0.569ms
[107.326s][info][gc,load     ] GC(184) Load: 0.00/0.00/0.00
[107.326s][info][gc,mmu      ] GC(184) MMU: 2ms/98.5%, 5ms/99.4%, 10ms/99.6%, 20ms/99.8%, 50ms/99.9%, 100ms/99.9%
[107.326s][info][gc,marking  ] GC(184) Mark: 2 stripe(s), 2 proactive flush(es), 1 terminate flush(es), 0 completion(s), 0 continuation(s) 
[107.326s][info][gc,marking  ] GC(184) Mark Stack Usage: 32M
[107.326s][info][gc,nmethod  ] GC(184) NMethods: 15058 registered, 2270 unregistered
[107.326s][info][gc,metaspace] GC(184) Metaspace: 100M used, 100M committed, 1152M reserved
[107.326s][info][gc,ref      ] GC(184) Soft: 4314 encountered, 0 discovered, 0 enqueued
[107.326s][info][gc,ref      ] GC(184) Weak: 7437 encountered, 955 discovered, 0 enqueued
[107.326s][info][gc,ref      ] GC(184) Final: 1 encountered, 0 discovered, 0 enqueued
[107.326s][info][gc,ref      ] GC(184) Phantom: 773 encountered, 684 discovered, 0 enqueued
[107.326s][info][gc,reloc    ] GC(184) Small Pages: 49 / 98M, Empty: 36M, Relocated: 1M, In-Place: 0
[107.326s][info][gc,reloc    ] GC(184) Medium Pages: 1 / 32M, Empty: 0M, Relocated: 0M, In-Place: 0
[107.326s][info][gc,reloc    ] GC(184) Large Pages: 7 / 62M, Empty: 0M, Relocated: 0M, In-Place: 0
[107.326s][info][gc,reloc    ] GC(184) Forwarding Usage: 0M
[107.326s][info][gc,heap     ] GC(184) Min Capacity: 2048M(100%)
[107.326s][info][gc,heap     ] GC(184) Max Capacity: 2048M(100%)
[107.326s][info][gc,heap     ] GC(184) Soft Max Capacity: 2048M(100%)
[107.326s][info][gc,heap     ] GC(184)                Mark Start          Mark End        Relocate Start      Relocate End           High               Low         
[107.326s][info][gc,heap     ] GC(184)  Capacity:     2048M (100%)       2048M (100%)       2048M (100%)       2048M (100%)       2048M (100%)       2048M (100%)   
[107.326s][info][gc,heap     ] GC(184)      Free:     1856M (91%)        1856M (91%)        1892M (92%)        1900M (93%)        1900M (93%)        1856M (91%)    
[107.327s][info][gc,heap     ] GC(184)      Used:      192M (9%)          192M (9%)          156M (8%)          148M (7%)          192M (9%)          148M (7%)     
[107.327s][info][gc,heap     ] GC(184)      Live:         -               106M (5%)          106M (5%)          106M (5%)             -                  -          
[107.327s][info][gc,heap     ] GC(184) Allocated:         -                 0M (0%)            0M (0%)            1M (0%)             -                  -          
[107.327s][info][gc,heap     ] GC(184)   Garbage:         -                85M (4%)           49M (2%)           39M (2%)             -                  -          
[107.327s][info][gc,heap     ] GC(184) Reclaimed:         -                  -                36M (2%)           45M (2%)             -                  -          
[107.327s][info][gc          ] GC(184) Garbage Collection (System.gc()) 192M(9%)->148M(7%)
[107.899s][info][gc,start    ] GC(185) Garbage Collection (Allocation Rate)
[107.899s][info][gc,task     ] GC(185) Using 1 workers
[107.899s][info][gc,phases   ] GC(185) Pause Mark Start 0.011ms
[107.961s][info][gc,phases   ] GC(185) Concurrent Mark 61.816ms
[107.962s][info][gc,phases   ] GC(185) Pause Mark End 0.015ms
[107.962s][info][gc,phases   ] GC(185) Concurrent Mark Free 0.001ms
[107.987s][info][gc,phases   ] GC(185) Concurrent Process Non-Strong References 25.684ms
[107.987s][info][gc,phases   ] GC(185) Concurrent Reset Relocation Set 0.001ms
[107.990s][info][gc,phases   ] GC(185) Concurrent Select Relocation Set 2.436ms
[107.990s][info][gc,phases   ] GC(185) Pause Relocate Start 0.015ms
[107.996s][info][gc,phases   ] GC(185) Concurrent Relocate 6.090ms
[107.996s][info][gc,load     ] GC(185) Load: 0.00/0.00/0.00
[107.996s][info][gc,mmu      ] GC(185) MMU: 2ms/98.5%, 5ms/99.4%, 10ms/99.6%, 20ms/99.8%, 50ms/99.9%, 100ms/99.9%
[107.996s][info][gc,marking  ] GC(185) Mark: 1 stripe(s), 4 proactive flush(es), 1 terminate flush(es), 0 completion(s), 0 continuation(s) 
[107.996s][info][gc,marking  ] GC(185) Mark Stack Usage: 32M
[107.996s][info][gc,nmethod  ] GC(185) NMethods: 15060 registered, 2270 unregistered
[107.996s][info][gc,metaspace] GC(185) Metaspace: 100M used, 100M committed, 1152M reserved
[107.996s][info][gc,ref      ] GC(185) Soft: 4314 encountered, 0 discovered, 0 enqueued
[107.996s][info][gc,ref      ] GC(185) Weak: 7447 encountered, 6248 discovered, 1 enqueued
[107.996s][info][gc,ref      ] GC(185) Final: 1 encountered, 0 discovered, 0 enqueued
[107.996s][info][gc,ref      ] GC(185) Phantom: 773 encountered, 395 discovered, 0 enqueued
[107.996s][info][gc,reloc    ] GC(185) Small Pages: 534 / 1068M, Empty: 636M, Relocated: 3M, In-Place: 0
[107.996s][info][gc,reloc    ] GC(185) Medium Pages: 2 / 64M, Empty: 32M, Relocated: 0M, In-Place: 0
[107.996s][info][gc,reloc    ] GC(185) Large Pages: 7 / 62M, Empty: 0M, Relocated: 0M, In-Place: 0
[107.996s][info][gc,reloc    ] GC(185) Forwarding Usage: 1M
[107.996s][info][gc,heap     ] GC(185) Min Capacity: 2048M(100%)
[107.996s][info][gc,heap     ] GC(185) Max Capacity: 2048M(100%)
[107.996s][info][gc,heap     ] GC(185) Soft Max Capacity: 2048M(100%)
[107.996s][info][gc,heap     ] GC(185)                Mark Start          Mark End        Relocate Start      Relocate End           High               Low         
[107.996s][info][gc,heap     ] GC(185)  Capacity:     2048M (100%)       2048M (100%)       2048M (100%)       2048M (100%)       2048M (100%)       2048M (100%)   
[107.996s][info][gc,heap     ] GC(185)      Free:      854M (42%)         718M (35%)        1324M (65%)        1696M (83%)        1698M (83%)         662M (32%)    
[107.996s][info][gc,heap     ] GC(185)      Used:     1194M (58%)        1330M (65%)         724M (35%)         352M (17%)        1386M (68%)         350M (17%)    
[107.996s][info][gc,heap     ] GC(185)      Live:         -               107M (5%)          107M (5%)          107M (5%)             -                  -          
[107.996s][info][gc,heap     ] GC(185) Allocated:         -               136M (7%)          198M (10%)         207M (10%)            -                  -          
[107.996s][info][gc,heap     ] GC(185)   Garbage:         -              1086M (53%)         418M (20%)          36M (2%)             -                  -          
[107.996s][info][gc,heap     ] GC(185) Reclaimed:         -                  -               668M (33%)        1049M (51%)            -                  -          
[107.996s][info][gc          ] GC(185) Garbage Collection (Allocation Rate) 1194M(58%)->352M(17%)
[108.507s][info][gc,start    ] GC(186) Garbage Collection (Allocation Rate)
[108.507s][info][gc,task     ] GC(186) Using 2 workers
[108.507s][info][gc,phases   ] GC(186) Pause Mark Start 0.005ms
[108.603s][info][gc,phases   ] GC(186) Concurrent Mark 95.423ms
[108.603s][info][gc,phases   ] GC(186) Pause Mark End 0.015ms
[108.603s][info][gc,phases   ] GC(186) Concurrent Mark Free 0.002ms
[108.617s][info][gc,phases   ] GC(186) Concurrent Process Non-Strong References 13.593ms
[108.617s][info][gc,phases   ] GC(186) Concurrent Reset Relocation Set 0.013ms
[108.622s][info][gc,phases   ] GC(186) Concurrent Select Relocation Set 5.831ms
[108.623s][info][gc,phases   ] GC(186) Pause Relocate Start 0.009ms
[108.648s][info][gc,phases   ] GC(186) Concurrent Relocate 25.642ms
[108.648s][info][gc,load     ] GC(186) Load: 0.00/0.00/0.00
[108.648s][info][gc,mmu      ] GC(186) MMU: 2ms/98.5%, 5ms/99.4%, 10ms/99.6%, 20ms/99.8%, 50ms/99.9%, 100ms/99.9%
[108.648s][info][gc,marking  ] GC(186) Mark: 2 stripe(s), 2 proactive flush(es), 1 terminate flush(es), 0 completion(s), 0 continuation(s) 
[108.648s][info][gc,marking  ] GC(186) Mark Stack Usage: 32M
[108.648s][info][gc,nmethod  ] GC(186) NMethods: 15061 registered, 2270 unregistered
[108.649s][info][gc,metaspace] GC(186) Metaspace: 100M used, 100M committed, 1152M reserved
[108.649s][info][gc,ref      ] GC(186) Soft: 4314 encountered, 0 discovered, 0 enqueued
[108.649s][info][gc,ref      ] GC(186) Weak: 7447 encountered, 102 discovered, 6 enqueued
[108.649s][info][gc,ref      ] GC(186) Final: 1 encountered, 1 discovered, 0 enqueued
[108.649s][info][gc,ref      ] GC(186) Phantom: 773 encountered, 620 discovered, 0 enqueued
[108.649s][info][gc,reloc    ] GC(186) Small Pages: 730 / 1460M, Empty: 374M, Relocated: 26M, In-Place: 0
[108.649s][info][gc,reloc    ] GC(186) Medium Pages: 2 / 64M, Empty: 0M, Relocated: 3M, In-Place: 0
[108.649s][info][gc,reloc    ] GC(186) Large Pages: 7 / 62M, Empty: 0M, Relocated: 0M, In-Place: 0
[108.649s][info][gc,reloc    ] GC(186) Forwarding Usage: 16M
[108.649s][info][gc,heap     ] GC(186) Min Capacity: 2048M(100%)
[108.649s][info][gc,heap     ] GC(186) Max Capacity: 2048M(100%)
[108.649s][info][gc,heap     ] GC(186) Soft Max Capacity: 2048M(100%)
[108.649s][info][gc,heap     ] GC(186)                Mark Start          Mark End        Relocate Start      Relocate End           High               Low         
[108.649s][info][gc,heap     ] GC(186)  Capacity:     2048M (100%)       2048M (100%)       2048M (100%)       2048M (100%)       2048M (100%)       2048M (100%)   
[108.649s][info][gc,heap     ] GC(186)      Free:      462M (23%)         240M (12%)         566M (28%)        1522M (74%)        1522M (74%)         206M (10%)    
[108.649s][info][gc,heap     ] GC(186)      Used:     1586M (77%)        1808M (88%)        1482M (72%)         526M (26%)        1842M (90%)         526M (26%)    
[108.649s][info][gc,heap     ] GC(186)      Live:         -               134M (7%)          134M (7%)          134M (7%)             -                  -          
[108.649s][info][gc,heap     ] GC(186) Allocated:         -               222M (11%)         270M (13%)         351M (17%)            -                  -          
[108.649s][info][gc,heap     ] GC(186)   Garbage:         -              1451M (71%)        1077M (53%)          39M (2%)             -                  -          
[108.649s][info][gc,heap     ] GC(186) Reclaimed:         -                  -               374M (18%)        1411M (69%)            -                  -          
[108.649s][info][gc          ] GC(186) Garbage Collection (Allocation Rate) 1586M(77%)->526M(26%)
[108.794s][info][gc,start    ] GC(187) Garbage Collection (Allocation Rate)
[108.794s][info][gc,task     ] GC(187) Using 2 workers
[108.794s][info][gc,phases   ] GC(187) Pause Mark Start 0.011ms
[108.889s][info][gc,phases   ] GC(187) Concurrent Mark 95.279ms
[108.889s][info][gc,phases   ] GC(187) Pause Mark End 0.010ms
[108.889s][info][gc,phases   ] GC(187) Concurrent Mark Free 0.001ms
[108.902s][info][gc,phases   ] GC(187) Concurrent Process Non-Strong References 12.680ms
[108.902s][info][gc,phases   ] GC(187) Concurrent Reset Relocation Set 0.026ms
[108.905s][info][gc,phases   ] GC(187) Concurrent Select Relocation Set 2.521ms
[108.905s][info][gc,phases   ] GC(187) Pause Relocate Start 0.009ms
[108.908s][info][gc,phases   ] GC(187) Concurrent Relocate 3.247ms
[108.908s][info][gc,load     ] GC(187) Load: 0.00/0.00/0.00
[108.908s][info][gc,mmu      ] GC(187) MMU: 2ms/98.5%, 5ms/99.4%, 10ms/99.6%, 20ms/99.8%, 50ms/99.9%, 100ms/99.9%
[108.908s][info][gc,marking  ] GC(187) Mark: 2 stripe(s), 2 proactive flush(es), 1 terminate flush(es), 0 completion(s), 0 continuation(s) 
[108.908s][info][gc,marking  ] GC(187) Mark Stack Usage: 32M
[108.908s][info][gc,nmethod  ] GC(187) NMethods: 15061 registered, 2270 unregistered
[108.908s][info][gc,metaspace] GC(187) Metaspace: 100M used, 100M committed, 1152M reserved
[108.908s][info][gc,ref      ] GC(187) Soft: 4314 encountered, 0 discovered, 0 enqueued
[108.908s][info][gc,ref      ] GC(187) Weak: 7438 encountered, 91 discovered, 0 enqueued
[108.908s][info][gc,ref      ] GC(187) Final: 1 encountered, 1 discovered, 0 enqueued
[108.908s][info][gc,ref      ] GC(187) Phantom: 773 encountered, 602 discovered, 0 enqueued
[108.908s][info][gc,reloc    ] GC(187) Small Pages: 382 / 764M, Empty: 352M, Relocated: 3M, In-Place: 0
[108.908s][info][gc,reloc    ] GC(187) Medium Pages: 2 / 64M, Empty: 0M, Relocated: 3M, In-Place: 0
[108.908s][info][gc,reloc    ] GC(187) Large Pages: 7 / 62M, Empty: 0M, Relocated: 0M, In-Place: 0
[108.908s][info][gc,reloc    ] GC(187) Forwarding Usage: 1M
[108.908s][info][gc,heap     ] GC(187) Min Capacity: 2048M(100%)
[108.909s][info][gc,heap     ] GC(187) Max Capacity: 2048M(100%)
[108.909s][info][gc,heap     ] GC(187) Soft Max Capacity: 2048M(100%)
[108.909s][info][gc,heap     ] GC(187)                Mark Start          Mark End        Relocate Start      Relocate End           High               Low         
[108.909s][info][gc,heap     ] GC(187)  Capacity:     2048M (100%)       2048M (100%)       2048M (100%)       2048M (100%)       2048M (100%)       2048M (100%)   
[108.909s][info][gc,heap     ] GC(187)      Free:     1158M (57%)        1068M (52%)        1420M (69%)        1786M (87%)        1786M (87%)        1068M (52%)    
[108.909s][info][gc,heap     ] GC(187)      Used:      890M (43%)         980M (48%)         628M (31%)         262M (13%)         980M (48%)         262M (13%)    
[108.909s][info][gc,heap     ] GC(187)      Live:         -               134M (7%)          134M (7%)          134M (7%)             -                  -          
[108.909s][info][gc,heap     ] GC(187) Allocated:         -                90M (4%)           90M (4%)           90M (4%)             -                  -          
[108.909s][info][gc,heap     ] GC(187)   Garbage:         -               755M (37%)         403M (20%)          37M (2%)             -                  -          
[108.909s][info][gc,heap     ] GC(187) Reclaimed:         -                  -               352M (17%)         718M (35%)            -                  -          
[108.909s][info][gc          ] GC(187) Garbage Collection (Allocation Rate) 890M(43%)->262M(13%)
[108.909s][info][gc,start    ] GC(188) Garbage Collection (System.gc())
[108.909s][info][gc,task     ] GC(188) Using 2 workers
[108.909s][info][gc,phases   ] GC(188) Pause Mark Start 0.008ms
[108.970s][info][gc,phases   ] GC(188) Concurrent Mark 61.053ms
[108.970s][info][gc,phases   ] GC(188) Pause Mark End 0.017ms
[108.970s][info][gc,phases   ] GC(188) Concurrent Mark Free 0.002ms
[108.984s][info][gc,phases   ] GC(188) Concurrent Process Non-Strong References 13.587ms
[108.984s][info][gc,phases   ] GC(188) Concurrent Reset Relocation Set 0.013ms
[108.985s][info][gc,phases   ] GC(188) Concurrent Select Relocation Set 1.441ms
[108.985s][info][gc,phases   ] GC(188) Pause Relocate Start 0.007ms
[108.986s][info][gc,phases   ] GC(188) Concurrent Relocate 0.733ms
[108.986s][info][gc,load     ] GC(188) Load: 0.00/0.00/0.00
[108.986s][info][gc,mmu      ] GC(188) MMU: 2ms/98.5%, 5ms/99.4%, 10ms/99.6%, 20ms/99.8%, 50ms/99.9%, 100ms/99.9%
[108.986s][info][gc,marking  ] GC(188) Mark: 2 stripe(s), 2 proactive flush(es), 1 terminate flush(es), 0 completion(s), 0 continuation(s) 
[108.986s][info][gc,marking  ] GC(188) Mark Stack Usage: 32M
[108.986s][info][gc,nmethod  ] GC(188) NMethods: 15061 registered, 2270 unregistered
[108.986s][info][gc,metaspace] GC(188) Metaspace: 100M used, 100M committed, 1152M reserved
[108.986s][info][gc,ref      ] GC(188) Soft: 4314 encountered, 0 discovered, 0 enqueued
[108.986s][info][gc,ref      ] GC(188) Weak: 7440 encountered, 115 discovered, 3 enqueued
[108.986s][info][gc,ref      ] GC(188) Final: 1 encountered, 1 discovered, 0 enqueued
[108.986s][info][gc,ref      ] GC(188) Phantom: 773 encountered, 561 discovered, 0 enqueued
[108.986s][info][gc,reloc    ] GC(188) Small Pages: 84 / 168M, Empty: 100M, Relocated: 1M, In-Place: 0
[108.986s][info][gc,reloc    ] GC(188) Medium Pages: 1 / 32M, Empty: 0M, Relocated: 0M, In-Place: 0
[108.986s][info][gc,reloc    ] GC(188) Large Pages: 7 / 62M, Empty: 0M, Relocated: 0M, In-Place: 0
[108.986s][info][gc,reloc    ] GC(188) Forwarding Usage: 0M
[108.986s][info][gc,heap     ] GC(188) Min Capacity: 2048M(100%)
[108.986s][info][gc,heap     ] GC(188) Max Capacity: 2048M(100%)
[108.986s][info][gc,heap     ] GC(188) Soft Max Capacity: 2048M(100%)
[108.986s][info][gc,heap     ] GC(188)                Mark Start          Mark End        Relocate Start      Relocate End           High               Low         
[108.986s][info][gc,heap     ] GC(188)  Capacity:     2048M (100%)       2048M (100%)       2048M (100%)       2048M (100%)       2048M (100%)       2048M (100%)   
[108.986s][info][gc,heap     ] GC(188)      Free:     1786M (87%)        1786M (87%)        1886M (92%)        1900M (93%)        1900M (93%)        1786M (87%)    
[108.986s][info][gc,heap     ] GC(188)      Used:      262M (13%)         262M (13%)         162M (8%)          148M (7%)          262M (13%)         148M (7%)     
[108.986s][info][gc,heap     ] GC(188)      Live:         -               106M (5%)          106M (5%)          106M (5%)             -                  -          
[108.986s][info][gc,heap     ] GC(188) Allocated:         -                 0M (0%)            0M (0%)            2M (0%)             -                  -          
[108.986s][info][gc,heap     ] GC(188)   Garbage:         -               155M (8%)           55M (3%)           39M (2%)             -                  -          
[108.986s][info][gc,heap     ] GC(188) Reclaimed:         -                  -               100M (5%)          116M (6%)             -                  -          
[108.986s][info][gc          ] GC(188) Garbage Collection (System.gc()) 262M(13%)->148M(7%)
[109.605s][info][gc,start    ] GC(189) Garbage Collection (Allocation Rate)
[109.605s][info][gc,task     ] GC(189) Using 2 workers
[109.606s][info][gc,phases   ] GC(189) Pause Mark Start 0.011ms
[109.653s][info][gc,phases   ] GC(189) Concurrent Mark 47.338ms
[109.653s][info][gc,phases   ] GC(189) Pause Mark End 0.013ms
[109.653s][info][gc,phases   ] GC(189) Concurrent Mark Free 0.001ms
[109.667s][info][gc,phases   ] GC(189) Concurrent Process Non-Strong References 13.880ms
[109.667s][info][gc,phases   ] GC(189) Concurrent Reset Relocation Set 0.002ms
[109.670s][info][gc,phases   ] GC(189) Concurrent Select Relocation Set 2.092ms
[109.670s][info][gc,phases   ] GC(189) Pause Relocate Start 0.011ms
[109.672s][info][gc,phases   ] GC(189) Concurrent Relocate 2.354ms
[109.672s][info][gc,load     ] GC(189) Load: 0.00/0.00/0.00
[109.672s][info][gc,mmu      ] GC(189) MMU: 2ms/98.5%, 5ms/99.4%, 10ms/99.6%, 20ms/99.8%, 50ms/99.9%, 100ms/99.9%
[109.672s][info][gc,marking  ] GC(189) Mark: 2 stripe(s), 2 proactive flush(es), 1 terminate flush(es), 0 completion(s), 0 continuation(s) 
[109.672s][info][gc,marking  ] GC(189) Mark Stack Usage: 32M
[109.672s][info][gc,nmethod  ] GC(189) NMethods: 15070 registered, 2270 unregistered
[109.672s][info][gc,metaspace] GC(189) Metaspace: 100M used, 100M committed, 1152M reserved
[109.672s][info][gc,ref      ] GC(189) Soft: 4314 encountered, 0 discovered, 0 enqueued
[109.672s][info][gc,ref      ] GC(189) Weak: 7447 encountered, 329 discovered, 1 enqueued
[109.672s][info][gc,ref      ] GC(189) Final: 1 encountered, 1 discovered, 0 enqueued
[109.672s][info][gc,ref      ] GC(189) Phantom: 773 encountered, 550 discovered, 0 enqueued
[109.672s][info][gc,reloc    ] GC(189) Small Pages: 572 / 1144M, Empty: 638M, Relocated: 1M, In-Place: 0
[109.672s][info][gc,reloc    ] GC(189) Medium Pages: 2 / 64M, Empty: 32M, Relocated: 0M, In-Place: 0
[109.672s][info][gc,reloc    ] GC(189) Large Pages: 7 / 62M, Empty: 0M, Relocated: 0M, In-Place: 0
[109.672s][info][gc,reloc    ] GC(189) Forwarding Usage: 0M
[109.672s][info][gc,heap     ] GC(189) Min Capacity: 2048M(100%)
[109.672s][info][gc,heap     ] GC(189) Max Capacity: 2048M(100%)
[109.672s][info][gc,heap     ] GC(189) Soft Max Capacity: 2048M(100%)
[109.672s][info][gc,heap     ] GC(189)                Mark Start          Mark End        Relocate Start      Relocate End           High               Low         
[109.672s][info][gc,heap     ] GC(189)  Capacity:     2048M (100%)       2048M (100%)       2048M (100%)       2048M (100%)       2048M (100%)       2048M (100%)   
[109.672s][info][gc,heap     ] GC(189)      Free:      778M (38%)         674M (33%)        1312M (64%)        1760M (86%)        1760M (86%)         646M (32%)    
[109.672s][info][gc,heap     ] GC(189)      Used:     1270M (62%)        1374M (67%)         736M (36%)         288M (14%)        1402M (68%)         288M (14%)    
[109.672s][info][gc,heap     ] GC(189)      Live:         -               107M (5%)          107M (5%)          107M (5%)             -                  -          
[109.672s][info][gc,heap     ] GC(189) Allocated:         -               104M (5%)          136M (7%)          139M (7%)             -                  -          
[109.672s][info][gc,heap     ] GC(189)   Garbage:         -              1162M (57%)         492M (24%)          40M (2%)             -                  -          
[109.672s][info][gc,heap     ] GC(189) Reclaimed:         -                  -               670M (33%)        1121M (55%)            -                  -          
[109.672s][info][gc          ] GC(189) Garbage Collection (Allocation Rate) 1270M(62%)->288M(14%)
[110.094s][info][gc,stats    ] === Garbage Collection Statistics =======================================================================================================================
[110.094s][info][gc,stats    ]                                                              Last 10s              Last 10m              Last 10h                Total
[110.097s][info][gc,stats    ]                                                              Avg / Max             Avg / Max             Avg / Max             Avg / Max
[110.097s][info][gc,stats    ]   Collector: Garbage Collection Cycle                    112.568 / 202.583     234.191 / 1215.582    234.191 / 1215.582    234.191 / 1215.582    ms
[110.097s][info][gc,stats    ]  Contention: Mark Segment Reset Contention                     0 / 1                 6 / 496               6 / 496               6 / 496         ops/s
[110.097s][info][gc,stats    ]  Contention: Mark SeqNum Reset Contention                      0 / 0                 0 / 4                 0 / 4                 0 / 4           ops/s
[110.097s][info][gc,stats    ]    Critical: Allocation Stall                                  0 / 0                 0 / 6                 0 / 6                 0 / 6           ops/s
[110.097s][info][gc,stats    ]    Critical: Allocation Stall                              0.000 / 0.000       513.228 / 1001.934    513.228 / 1001.934    513.228 / 1001.934    ms
[110.097s][info][gc,stats    ]    Critical: GC Locker Stall                                   0 / 0                 0 / 1                 0 / 1                 0 / 1           ops/s
[110.097s][info][gc,stats    ]    Critical: GC Locker Stall                               0.000 / 0.000         0.000 / 0.000         0.000 / 0.000         0.000 / 0.000       ms
[110.097s][info][gc,stats    ]    Critical: Relocation Stall                                  0 / 0                 0 / 1                 0 / 1                 0 / 1           ops/s
[110.097s][info][gc,stats    ]    Critical: Relocation Stall                              0.000 / 0.000         7.319 / 11.251        7.319 / 11.251        7.319 / 11.251      ms
[110.097s][info][gc,stats    ]      Memory: Allocation Rate                                2035 / 2296           1331 / 2422           1331 / 2422           1331 / 2422        MB/s
[110.097s][info][gc,stats    ]      Memory: Out Of Memory                                     0 / 0                 0 / 0                 0 / 0                 0 / 0           ops/s
[110.097s][info][gc,stats    ]      Memory: Page Cache Flush                                  0 / 0                 9 / 172               9 / 172               9 / 172         MB/s
[110.097s][info][gc,stats    ]      Memory: Page Cache Hit L1                              1002 / 1134            647 / 1197            647 / 1197            647 / 1197        ops/s
[110.097s][info][gc,stats    ]      Memory: Page Cache Hit L2                                 0 / 0                 0 / 0                 0 / 0                 0 / 0           ops/s
[110.097s][info][gc,stats    ]      Memory: Page Cache Hit L3                                 0 / 0                11 / 289              11 / 289              11 / 289         ops/s
[110.097s][info][gc,stats    ]      Memory: Page Cache Miss                                   0 / 0                 0 / 11                0 / 11                0 / 11          ops/s
[110.097s][info][gc,stats    ]      Memory: Uncommit                                          0 / 0                 0 / 0                 0 / 0                 0 / 0           MB/s
[110.097s][info][gc,stats    ]      Memory: Undo Object Allocation Failed                     0 / 0                 0 / 3                 0 / 3                 0 / 3           ops/s
[110.097s][info][gc,stats    ]      Memory: Undo Object Allocation Succeeded                  0 / 2                 8 / 520               8 / 520               8 / 520         ops/s
[110.097s][info][gc,stats    ]      Memory: Undo Page Allocation                              0 / 0                 0 / 3                 0 / 3                 0 / 3           ops/s
[110.097s][info][gc,stats    ]       Phase: Concurrent Mark                              78.496 / 137.589     189.919 / 1158.372    189.919 / 1158.372    189.919 / 1158.372    ms
[110.097s][info][gc,stats    ]       Phase: Concurrent Mark Continue                      0.000 / 0.000         0.000 / 0.000         0.000 / 0.000         0.000 / 0.000       ms
[110.097s][info][gc,stats    ]       Phase: Concurrent Mark Free                          0.001 / 0.002         0.023 / 4.217         0.023 / 4.217         0.023 / 4.217       ms
[110.097s][info][gc,stats    ]       Phase: Concurrent Process Non-Strong References     18.822 / 26.994       16.602 / 31.183       16.602 / 31.183       16.602 / 31.183      ms
[110.097s][info][gc,stats    ]       Phase: Concurrent Relocate                          11.024 / 41.440       21.517 / 247.779      21.517 / 247.779      21.517 / 247.779     ms
[110.097s][info][gc,stats    ]       Phase: Concurrent Reset Relocation Set               0.015 / 0.044         0.015 / 0.061         0.015 / 0.061         0.015 / 0.061       ms
[110.097s][info][gc,stats    ]       Phase: Concurrent Select Relocation Set              3.199 / 6.116         4.785 / 40.244        4.785 / 40.244        4.785 / 40.244      ms
[110.097s][info][gc,stats    ]       Phase: Pause Mark End                                0.015 / 0.021         0.017 / 0.030         0.017 / 0.030         0.017 / 0.030       ms
[110.097s][info][gc,stats    ]       Phase: Pause Mark Start                              0.009 / 0.015         0.009 / 0.030         0.009 / 0.030         0.009 / 0.030       ms
[110.097s][info][gc,stats    ]       Phase: Pause Relocate Start                          0.011 / 0.024         0.011 / 0.024         0.011 / 0.024         0.011 / 0.024       ms
[110.097s][info][gc,stats    ]    Subphase: Concurrent Classes Purge                      0.674 / 1.044         0.586 / 1.058         0.586 / 1.058         0.586 / 1.058       ms
[110.097s][info][gc,stats    ]    Subphase: Concurrent Classes Unlink                    16.558 / 24.147       14.519 / 28.085       14.519 / 28.085       14.519 / 28.085      ms
[110.097s][info][gc,stats    ]    Subphase: Concurrent Mark                              67.309 / 135.681     204.860 / 1155.457    204.860 / 1155.457    204.860 / 1155.457    ms
[110.098s][info][gc,stats    ]    Subphase: Concurrent Mark Try Flush                     0.099 / 0.370         0.100 / 0.511         0.100 / 0.511         0.100 / 0.511       ms
[110.098s][info][gc,stats    ]    Subphase: Concurrent Mark Try Terminate                 2.297 / 16.158        2.387 / 16.923        2.387 / 16.923        2.387 / 16.923      ms
[110.098s][info][gc,stats    ]    Subphase: Concurrent References Enqueue                 0.005 / 0.009         0.005 / 0.009         0.005 / 0.009         0.005 / 0.009       ms
[110.098s][info][gc,stats    ]    Subphase: Concurrent References Process                 0.554 / 1.068         0.548 / 1.172         0.548 / 1.172         0.548 / 1.172       ms
[110.098s][info][gc,stats    ]    Subphase: Concurrent Roots ClassLoaderDataGraph         0.148 / 0.312         0.144 / 0.429         0.144 / 0.429         0.144 / 0.429       ms
[110.098s][info][gc,stats    ]    Subphase: Concurrent Roots CodeCache                    0.000 / 0.000         0.000 / 0.000         0.000 / 0.000         0.000 / 0.000       ms
[110.098s][info][gc,stats    ]    Subphase: Concurrent Roots JavaThreads                  0.888 / 1.438         1.346 / 2.895         1.346 / 2.895         1.346 / 2.895       ms
[110.098s][info][gc,stats    ]    Subphase: Concurrent Roots OopStorageSet                0.038 / 0.067         0.038 / 0.157         0.038 / 0.157         0.038 / 0.157       ms
[110.098s][info][gc,stats    ]    Subphase: Concurrent Weak Roots OopStorageSet           0.799 / 1.234         0.715 / 1.390         0.715 / 1.390         0.715 / 1.390       ms
[110.098s][info][gc,stats    ]    Subphase: Pause Mark Try Complete                       0.000 / 0.000         0.000 / 0.000         0.000 / 0.000         0.000 / 0.000       ms
[110.098s][info][gc,stats    ]      System: Java Threads                                     32 / 34               39 / 48               39 / 48               39 / 48          threads
[110.098s][info][gc,stats    ] =========================================================================================================================================================
[110.205s][info][gc,start    ] GC(190) Garbage Collection (Allocation Rate)
[110.206s][info][gc,task     ] GC(190) Using 2 workers
[110.206s][info][gc,phases   ] GC(190) Pause Mark Start 0.009ms
[110.300s][info][gc,phases   ] GC(190) Concurrent Mark 94.685ms
[110.301s][info][gc,phases   ] GC(190) Pause Mark End 0.013ms
[110.301s][info][gc,phases   ] GC(190) Concurrent Mark Free 0.001ms
[110.314s][info][gc,phases   ] GC(190) Concurrent Process Non-Strong References 13.571ms
[110.314s][info][gc,phases   ] GC(190) Concurrent Reset Relocation Set 0.011ms
[110.322s][info][gc,phases   ] GC(190) Concurrent Select Relocation Set 7.374ms
[110.322s][info][gc,phases   ] GC(190) Pause Relocate Start 0.025ms
[110.349s][info][gc,phases   ] GC(190) Concurrent Relocate 26.909ms
[110.349s][info][gc,load     ] GC(190) Load: 0.00/0.00/0.00
[110.349s][info][gc,mmu      ] GC(190) MMU: 2ms/98.5%, 5ms/99.4%, 10ms/99.6%, 20ms/99.8%, 50ms/99.9%, 100ms/99.9%
[110.349s][info][gc,marking  ] GC(190) Mark: 2 stripe(s), 2 proactive flush(es), 1 terminate flush(es), 0 completion(s), 0 continuation(s) 
[110.349s][info][gc,marking  ] GC(190) Mark Stack Usage: 32M
[110.349s][info][gc,nmethod  ] GC(190) NMethods: 15071 registered, 2270 unregistered
[110.349s][info][gc,metaspace] GC(190) Metaspace: 100M used, 100M committed, 1152M reserved
[110.349s][info][gc,ref      ] GC(190) Soft: 4314 encountered, 0 discovered, 0 enqueued
[110.349s][info][gc,ref      ] GC(190) Weak: 7447 encountered, 89 discovered, 6 enqueued
[110.349s][info][gc,ref      ] GC(190) Final: 1 encountered, 1 discovered, 0 enqueued
[110.349s][info][gc,ref      ] GC(190) Phantom: 773 encountered, 693 discovered, 0 enqueued
[110.349s][info][gc,reloc    ] GC(190) Small Pages: 744 / 1488M, Empty: 348M, Relocated: 27M, In-Place: 0
[110.349s][info][gc,reloc    ] GC(190) Medium Pages: 2 / 64M, Empty: 0M, Relocated: 3M, In-Place: 0
[110.349s][info][gc,reloc    ] GC(190) Large Pages: 7 / 62M, Empty: 0M, Relocated: 0M, In-Place: 0
[110.349s][info][gc,reloc    ] GC(190) Forwarding Usage: 16M
[110.349s][info][gc,heap     ] GC(190) Min Capacity: 2048M(100%)
[110.349s][info][gc,heap     ] GC(190) Max Capacity: 2048M(100%)
[110.349s][info][gc,heap     ] GC(190) Soft Max Capacity: 2048M(100%)
[110.349s][info][gc,heap     ] GC(190)                Mark Start          Mark End        Relocate Start      Relocate End           High               Low         
[110.349s][info][gc,heap     ] GC(190)  Capacity:     2048M (100%)       2048M (100%)       2048M (100%)       2048M (100%)       2048M (100%)       2048M (100%)   
[110.349s][info][gc,heap     ] GC(190)      Free:      434M (21%)         210M (10%)         508M (25%)        1516M (74%)        1516M (74%)         176M (9%)     
[110.349s][info][gc,heap     ] GC(190)      Used:     1614M (79%)        1838M (90%)        1540M (75%)         532M (26%)        1872M (91%)         532M (26%)    
[110.349s][info][gc,heap     ] GC(190)      Live:         -               134M (7%)          134M (7%)          134M (7%)             -                  -          
[110.349s][info][gc,heap     ] GC(190) Allocated:         -               224M (11%)         274M (13%)         358M (18%)            -                  -          
[110.349s][info][gc,heap     ] GC(190)   Garbage:         -              1479M (72%)        1131M (55%)          38M (2%)             -                  -          
[110.349s][info][gc,heap     ] GC(190) Reclaimed:         -                  -               348M (17%)        1440M (70%)            -                  -          
[110.349s][info][gc          ] GC(190) Garbage Collection (Allocation Rate) 1614M(79%)->532M(26%)
[110.498s][info][gc,start    ] GC(191) Garbage Collection (System.gc())
[110.498s][info][gc,task     ] GC(191) Using 2 workers
[110.498s][info][gc,phases   ] GC(191) Pause Mark Start 0.007ms
[110.554s][info][gc,phases   ] GC(191) Concurrent Mark 55.004ms
[110.554s][info][gc,phases   ] GC(191) Pause Mark End 0.013ms
[110.554s][info][gc,phases   ] GC(191) Concurrent Mark Free 0.002ms
[110.567s][info][gc,phases   ] GC(191) Concurrent Process Non-Strong References 12.874ms
[110.567s][info][gc,phases   ] GC(191) Concurrent Reset Relocation Set 0.027ms
[110.569s][info][gc,phases   ] GC(191) Concurrent Select Relocation Set 2.671ms
[110.570s][info][gc,phases   ] GC(191) Pause Relocate Start 0.010ms
[110.571s][info][gc,phases   ] GC(191) Concurrent Relocate 1.309ms
[110.571s][info][gc,load     ] GC(191) Load: 0.00/0.00/0.00
[110.571s][info][gc,mmu      ] GC(191) MMU: 2ms/98.5%, 5ms/99.4%, 10ms/99.6%, 20ms/99.8%, 50ms/99.9%, 100ms/99.9%
[110.571s][info][gc,marking  ] GC(191) Mark: 2 stripe(s), 2 proactive flush(es), 1 terminate flush(es), 0 completion(s), 0 continuation(s) 
[110.571s][info][gc,marking  ] GC(191) Mark Stack Usage: 32M
[110.571s][info][gc,nmethod  ] GC(191) NMethods: 15071 registered, 2270 unregistered
[110.571s][info][gc,metaspace] GC(191) Metaspace: 100M used, 100M committed, 1152M reserved
[110.571s][info][gc,ref      ] GC(191) Soft: 4314 encountered, 0 discovered, 0 enqueued
[110.571s][info][gc,ref      ] GC(191) Weak: 7440 encountered, 120 discovered, 3 enqueued
[110.571s][info][gc,ref      ] GC(191) Final: 1 encountered, 1 discovered, 0 enqueued
[110.571s][info][gc,ref      ] GC(191) Phantom: 773 encountered, 540 discovered, 0 enqueued
[110.571s][info][gc,reloc    ] GC(191) Small Pages: 377 / 754M, Empty: 678M, Relocated: 1M, In-Place: 0
[110.571s][info][gc,reloc    ] GC(191) Medium Pages: 2 / 64M, Empty: 32M, Relocated: 0M, In-Place: 0
[110.571s][info][gc,reloc    ] GC(191) Large Pages: 7 / 62M, Empty: 0M, Relocated: 0M, In-Place: 0
[110.571s][info][gc,reloc    ] GC(191) Forwarding Usage: 0M
[110.571s][info][gc,heap     ] GC(191) Min Capacity: 2048M(100%)
[110.571s][info][gc,heap     ] GC(191) Max Capacity: 2048M(100%)
[110.571s][info][gc,heap     ] GC(191) Soft Max Capacity: 2048M(100%)
[110.571s][info][gc,heap     ] GC(191)                Mark Start          Mark End        Relocate Start      Relocate End           High               Low         
[110.571s][info][gc,heap     ] GC(191)  Capacity:     2048M (100%)       2048M (100%)       2048M (100%)       2048M (100%)       2048M (100%)       2048M (100%)   
[110.571s][info][gc,heap     ] GC(191)      Free:     1168M (57%)        1168M (57%)        1878M (92%)        1902M (93%)        1902M (93%)        1168M (57%)    
[110.571s][info][gc,heap     ] GC(191)      Used:      880M (43%)         880M (43%)         170M (8%)          146M (7%)          880M (43%)         146M (7%)     
[110.571s][info][gc,heap     ] GC(191)      Live:         -               106M (5%)          106M (5%)          106M (5%)             -                  -          
[110.571s][info][gc,heap     ] GC(191) Allocated:         -                 0M (0%)            0M (0%)            0M (0%)             -                  -          
[110.571s][info][gc,heap     ] GC(191)   Garbage:         -               773M (38%)          63M (3%)           39M (2%)             -                  -          
[110.571s][info][gc,heap     ] GC(191) Reclaimed:         -                  -               710M (35%)         734M (36%)            -                  -          
[110.571s][info][gc          ] GC(191) Garbage Collection (System.gc()) 880M(43%)->146M(7%)
[111.207s][info][gc,start    ] GC(192) Garbage Collection (Allocation Rate)
[111.207s][info][gc,task     ] GC(192) Using 2 workers
[111.207s][info][gc,phases   ] GC(192) Pause Mark Start 0.008ms
[111.255s][info][gc,phases   ] GC(192) Concurrent Mark 47.375ms
[111.255s][info][gc,phases   ] GC(192) Pause Mark End 0.015ms
[111.255s][info][gc,phases   ] GC(192) Concurrent Mark Free 0.000ms
[111.269s][info][gc,phases   ] GC(192) Concurrent Process Non-Strong References 14.087ms
[111.269s][info][gc,phases   ] GC(192) Concurrent Reset Relocation Set 0.001ms
[111.271s][info][gc,phases   ] GC(192) Concurrent Select Relocation Set 2.077ms
[111.271s][info][gc,phases   ] GC(192) Pause Relocate Start 0.010ms
[111.275s][info][gc,phases   ] GC(192) Concurrent Relocate 2.998ms
[111.275s][info][gc,load     ] GC(192) Load: 0.00/0.00/0.00
[111.275s][info][gc,mmu      ] GC(192) MMU: 2ms/98.5%, 5ms/99.4%, 10ms/99.6%, 20ms/99.8%, 50ms/99.9%, 100ms/99.9%
[111.275s][info][gc,marking  ] GC(192) Mark: 2 stripe(s), 2 proactive flush(es), 1 terminate flush(es), 0 completion(s), 0 continuation(s) 
[111.275s][info][gc,marking  ] GC(192) Mark Stack Usage: 32M
[111.275s][info][gc,nmethod  ] GC(192) NMethods: 15078 registered, 2270 unregistered
[111.275s][info][gc,metaspace] GC(192) Metaspace: 100M used, 100M committed, 1152M reserved
[111.275s][info][gc,ref      ] GC(192) Soft: 4314 encountered, 0 discovered, 0 enqueued
[111.275s][info][gc,ref      ] GC(192) Weak: 7447 encountered, 545 discovered, 1 enqueued
[111.275s][info][gc,ref      ] GC(192) Final: 1 encountered, 0 discovered, 0 enqueued
[111.275s][info][gc,ref      ] GC(192) Phantom: 773 encountered, 528 discovered, 0 enqueued
[111.275s][info][gc,reloc    ] GC(192) Small Pages: 600 / 1200M, Empty: 636M, Relocated: 1M, In-Place: 0
[111.275s][info][gc,reloc    ] GC(192) Medium Pages: 2 / 64M, Empty: 32M, Relocated: 0M, In-Place: 0
[111.275s][info][gc,reloc    ] GC(192) Large Pages: 7 / 62M, Empty: 0M, Relocated: 0M, In-Place: 0
[111.275s][info][gc,reloc    ] GC(192) Forwarding Usage: 0M
[111.275s][info][gc,heap     ] GC(192) Min Capacity: 2048M(100%)
[111.275s][info][gc,heap     ] GC(192) Max Capacity: 2048M(100%)
[111.275s][info][gc,heap     ] GC(192) Soft Max Capacity: 2048M(100%)
[111.275s][info][gc,heap     ] GC(192)                Mark Start          Mark End        Relocate Start      Relocate End           High               Low         
[111.275s][info][gc,heap     ] GC(192)  Capacity:     2048M (100%)       2048M (100%)       2048M (100%)       2048M (100%)       2048M (100%)       2048M (100%)   
[111.275s][info][gc,heap     ] GC(192)      Free:      722M (35%)         622M (30%)        1256M (61%)        1760M (86%)        1760M (86%)         592M (29%)    
[111.275s][info][gc,heap     ] GC(192)      Used:     1326M (65%)        1426M (70%)         792M (39%)         288M (14%)        1456M (71%)         288M (14%)    
[111.275s][info][gc,heap     ] GC(192)      Live:         -               107M (5%)          107M (5%)          107M (5%)             -                  -          
[111.275s][info][gc,heap     ] GC(192) Allocated:         -               100M (5%)          134M (7%)          139M (7%)             -                  -          
[111.275s][info][gc,heap     ] GC(192)   Garbage:         -              1218M (59%)         550M (27%)          40M (2%)             -                  -          
[111.275s][info][gc,heap     ] GC(192) Reclaimed:         -                  -               668M (33%)        1177M (58%)            -                  -          
[111.275s][info][gc          ] GC(192) Garbage Collection (Allocation Rate) 1326M(65%)->288M(14%)
[111.799s][info][gc,start    ] GC(193) Garbage Collection (Allocation Rate)
[111.799s][info][gc,task     ] GC(193) Using 2 workers
[111.799s][info][gc,phases   ] GC(193) Pause Mark Start 0.009ms
[111.878s][info][gc,phases   ] GC(193) Concurrent Mark 78.647ms
[111.878s][info][gc,phases   ] GC(193) Pause Mark End 0.013ms
[111.878s][info][gc,phases   ] GC(193) Concurrent Mark Free 0.001ms
[111.892s][info][gc,phases   ] GC(193) Concurrent Process Non-Strong References 13.608ms
[111.892s][info][gc,phases   ] GC(193) Concurrent Reset Relocation Set 0.019ms
[111.897s][info][gc,phases   ] GC(193) Concurrent Select Relocation Set 5.326ms
[111.897s][info][gc,phases   ] GC(193) Pause Relocate Start 0.012ms
[111.924s][info][gc,phases   ] GC(193) Concurrent Relocate 27.025ms
[111.925s][info][gc,load     ] GC(193) Load: 0.00/0.00/0.00
[111.925s][info][gc,mmu      ] GC(193) MMU: 2ms/98.5%, 5ms/99.4%, 10ms/99.6%, 20ms/99.8%, 50ms/99.9%, 100ms/99.9%
[111.925s][info][gc,marking  ] GC(193) Mark: 2 stripe(s), 2 proactive flush(es), 1 terminate flush(es), 0 completion(s), 0 continuation(s) 
[111.925s][info][gc,marking  ] GC(193) Mark Stack Usage: 32M
[111.925s][info][gc,nmethod  ] GC(193) NMethods: 15078 registered, 2270 unregistered
[111.925s][info][gc,metaspace] GC(193) Metaspace: 100M used, 100M committed, 1152M reserved
[111.925s][info][gc,ref      ] GC(193) Soft: 4314 encountered, 0 discovered, 0 enqueued
[111.925s][info][gc,ref      ] GC(193) Weak: 7447 encountered, 124 discovered, 6 enqueued
[111.925s][info][gc,ref      ] GC(193) Final: 1 encountered, 0 discovered, 0 enqueued
[111.925s][info][gc,ref      ] GC(193) Phantom: 773 encountered, 543 discovered, 0 enqueued
[111.925s][info][gc,reloc    ] GC(193) Small Pages: 709 / 1418M, Empty: 306M, Relocated: 27M, In-Place: 0
[111.925s][info][gc,reloc    ] GC(193) Medium Pages: 2 / 64M, Empty: 0M, Relocated: 3M, In-Place: 0
[111.925s][info][gc,reloc    ] GC(193) Large Pages: 7 / 62M, Empty: 0M, Relocated: 0M, In-Place: 0
[111.925s][info][gc,reloc    ] GC(193) Forwarding Usage: 16M
[111.925s][info][gc,heap     ] GC(193) Min Capacity: 2048M(100%)
[111.925s][info][gc,heap     ] GC(193) Max Capacity: 2048M(100%)
[111.925s][info][gc,heap     ] GC(193) Soft Max Capacity: 2048M(100%)
[111.925s][info][gc,heap     ] GC(193)                Mark Start          Mark End        Relocate Start      Relocate End           High               Low         
[111.925s][info][gc,heap     ] GC(193)  Capacity:     2048M (100%)       2048M (100%)       2048M (100%)       2048M (100%)       2048M (100%)       2048M (100%)   
[111.925s][info][gc,heap     ] GC(193)      Free:      504M (25%)         320M (16%)         580M (28%)        1562M (76%)        1562M (76%)         286M (14%)    
[111.925s][info][gc,heap     ] GC(193)      Used:     1544M (75%)        1728M (84%)        1468M (72%)         486M (24%)        1762M (86%)         486M (24%)    
[111.925s][info][gc,heap     ] GC(193)      Live:         -               134M (7%)          134M (7%)          134M (7%)             -                  -          
[111.925s][info][gc,heap     ] GC(193) Allocated:         -               184M (9%)          230M (11%)         313M (15%)            -                  -          
[111.925s][info][gc,heap     ] GC(193)   Garbage:         -              1409M (69%)        1103M (54%)          38M (2%)             -                  -          
[111.925s][info][gc,heap     ] GC(193) Reclaimed:         -                  -               306M (15%)        1371M (67%)            -                  -          
[111.925s][info][gc          ] GC(193) Garbage Collection (Allocation Rate) 1544M(75%)->486M(24%)
[112.098s][info][gc,start    ] GC(194) Garbage Collection (System.gc())
[112.099s][info][gc,task     ] GC(194) Using 2 workers
[112.099s][info][gc,phases   ] GC(194) Pause Mark Start 0.007ms
[112.133s][info][gc,phases   ] GC(194) Concurrent Mark 33.800ms
[112.133s][info][gc,phases   ] GC(194) Pause Mark End 0.020ms
[112.133s][info][gc,phases   ] GC(194) Concurrent Mark Free 0.002ms
[112.146s][info][gc,phases   ] GC(194) Concurrent Process Non-Strong References 12.954ms
[112.146s][info][gc,phases   ] GC(194) Concurrent Reset Relocation Set 0.046ms
[112.149s][info][gc,phases   ] GC(194) Concurrent Select Relocation Set 2.926ms
[112.149s][info][gc,phases   ] GC(194) Pause Relocate Start 0.013ms
[112.151s][info][gc,phases   ] GC(194) Concurrent Relocate 1.688ms
[112.151s][info][gc,load     ] GC(194) Load: 0.00/0.00/0.00
[112.151s][info][gc,mmu      ] GC(194) MMU: 2ms/98.5%, 5ms/99.4%, 10ms/99.6%, 20ms/99.8%, 50ms/99.9%, 100ms/99.9%
[112.151s][info][gc,marking  ] GC(194) Mark: 2 stripe(s), 3 proactive flush(es), 1 terminate flush(es), 0 completion(s), 0 continuation(s) 
[112.151s][info][gc,marking  ] GC(194) Mark Stack Usage: 32M
[112.151s][info][gc,nmethod  ] GC(194) NMethods: 15079 registered, 2270 unregistered
[112.151s][info][gc,metaspace] GC(194) Metaspace: 100M used, 100M committed, 1152M reserved
[112.151s][info][gc,ref      ] GC(194) Soft: 4314 encountered, 0 discovered, 0 enqueued
[112.151s][info][gc,ref      ] GC(194) Weak: 7440 encountered, 283 discovered, 3 enqueued
[112.151s][info][gc,ref      ] GC(194) Final: 1 encountered, 1 discovered, 0 enqueued
[112.151s][info][gc,ref      ] GC(194) Phantom: 773 encountered, 643 discovered, 0 enqueued
[112.151s][info][gc,reloc    ] GC(194) Small Pages: 382 / 764M, Empty: 686M, Relocated: 1M, In-Place: 0
[112.151s][info][gc,reloc    ] GC(194) Medium Pages: 2 / 64M, Empty: 32M, Relocated: 0M, In-Place: 0
[112.151s][info][gc,reloc    ] GC(194) Large Pages: 7 / 62M, Empty: 0M, Relocated: 0M, In-Place: 0
[112.151s][info][gc,reloc    ] GC(194) Forwarding Usage: 0M
[112.151s][info][gc,heap     ] GC(194) Min Capacity: 2048M(100%)
[112.151s][info][gc,heap     ] GC(194) Max Capacity: 2048M(100%)
[112.151s][info][gc,heap     ] GC(194) Soft Max Capacity: 2048M(100%)
[112.151s][info][gc,heap     ] GC(194)                Mark Start          Mark End        Relocate Start      Relocate End           High               Low         
[112.151s][info][gc,heap     ] GC(194)  Capacity:     2048M (100%)       2048M (100%)       2048M (100%)       2048M (100%)       2048M (100%)       2048M (100%)   
[112.151s][info][gc,heap     ] GC(194)      Free:     1158M (57%)        1158M (57%)        1876M (92%)        1902M (93%)        1902M (93%)        1158M (57%)    
[112.151s][info][gc,heap     ] GC(194)      Used:      890M (43%)         890M (43%)         172M (8%)          146M (7%)          890M (43%)         146M (7%)     
[112.151s][info][gc,heap     ] GC(194)      Live:         -               106M (5%)          106M (5%)          106M (5%)             -                  -          
[112.151s][info][gc,heap     ] GC(194) Allocated:         -                 0M (0%)            0M (0%)            0M (0%)             -                  -          
[112.151s][info][gc,heap     ] GC(194)   Garbage:         -               783M (38%)          65M (3%)           39M (2%)             -                  -          
[112.151s][info][gc,heap     ] GC(194) Reclaimed:         -                  -               718M (35%)         744M (36%)            -                  -          
[112.151s][info][gc          ] GC(194) Garbage Collection (System.gc()) 890M(43%)->146M(7%)
[112.798s][info][gc,start    ] GC(195) Garbage Collection (Allocation Rate)
[112.798s][info][gc,task     ] GC(195) Using 2 workers
[112.798s][info][gc,phases   ] GC(195) Pause Mark Start 0.007ms
[112.861s][info][gc,phases   ] GC(195) Concurrent Mark 62.811ms
[112.861s][info][gc,phases   ] GC(195) Pause Mark End 0.015ms
[112.861s][info][gc,phases   ] GC(195) Concurrent Mark Free 0.001ms
[112.875s][info][gc,phases   ] GC(195) Concurrent Process Non-Strong References 13.823ms
[112.875s][info][gc,phases   ] GC(195) Concurrent Reset Relocation Set 0.002ms
[112.877s][info][gc,phases   ] GC(195) Concurrent Select Relocation Set 2.110ms
[112.878s][info][gc,phases   ] GC(195) Pause Relocate Start 0.013ms
[112.880s][info][gc,phases   ] GC(195) Concurrent Relocate 2.349ms
[112.880s][info][gc,load     ] GC(195) Load: 0.00/0.00/0.00
[112.880s][info][gc,mmu      ] GC(195) MMU: 2ms/98.5%, 5ms/99.4%, 10ms/99.6%, 20ms/99.8%, 50ms/99.9%, 100ms/99.9%
[112.880s][info][gc,marking  ] GC(195) Mark: 2 stripe(s), 2 proactive flush(es), 1 terminate flush(es), 0 completion(s), 0 continuation(s) 
[112.880s][info][gc,marking  ] GC(195) Mark Stack Usage: 32M
[112.880s][info][gc,nmethod  ] GC(195) NMethods: 15082 registered, 2270 unregistered
[112.880s][info][gc,metaspace] GC(195) Metaspace: 100M used, 100M committed, 1152M reserved
[112.880s][info][gc,ref      ] GC(195) Soft: 4314 encountered, 0 discovered, 0 enqueued
[112.880s][info][gc,ref      ] GC(195) Weak: 7447 encountered, 102 discovered, 1 enqueued
[112.880s][info][gc,ref      ] GC(195) Final: 1 encountered, 1 discovered, 0 enqueued
[112.880s][info][gc,ref      ] GC(195) Phantom: 773 encountered, 526 discovered, 0 enqueued
[112.880s][info][gc,reloc    ] GC(195) Small Pages: 620 / 1240M, Empty: 834M, Relocated: 1M, In-Place: 0
[112.880s][info][gc,reloc    ] GC(195) Medium Pages: 2 / 64M, Empty: 32M, Relocated: 0M, In-Place: 0
[112.880s][info][gc,reloc    ] GC(195) Large Pages: 7 / 62M, Empty: 0M, Relocated: 0M, In-Place: 0
[112.880s][info][gc,reloc    ] GC(195) Forwarding Usage: 0M
[112.880s][info][gc,heap     ] GC(195) Min Capacity: 2048M(100%)
[112.880s][info][gc,heap     ] GC(195) Max Capacity: 2048M(100%)
[112.880s][info][gc,heap     ] GC(195) Soft Max Capacity: 2048M(100%)
[112.880s][info][gc,heap     ] GC(195)                Mark Start          Mark End        Relocate Start      Relocate End           High               Low         
[112.880s][info][gc,heap     ] GC(195)  Capacity:     2048M (100%)       2048M (100%)       2048M (100%)       2048M (100%)       2048M (100%)       2048M (100%)   
[112.880s][info][gc,heap     ] GC(195)      Free:      682M (33%)         554M (27%)        1352M (66%)        1700M (83%)        1700M (83%)         492M (24%)    
[112.880s][info][gc,heap     ] GC(195)      Used:     1366M (67%)        1494M (73%)         696M (34%)         348M (17%)        1556M (76%)         348M (17%)    
[112.880s][info][gc,heap     ] GC(195)      Live:         -               107M (5%)          107M (5%)          107M (5%)             -                  -          
[112.880s][info][gc,heap     ] GC(195) Allocated:         -               128M (6%)          196M (10%)         199M (10%)            -                  -          
[112.880s][info][gc,heap     ] GC(195)   Garbage:         -              1258M (61%)         392M (19%)          40M (2%)             -                  -          
[112.880s][info][gc,heap     ] GC(195) Reclaimed:         -                  -               866M (42%)        1217M (59%)            -                  -          
[112.880s][info][gc          ] GC(195) Garbage Collection (Allocation Rate) 1366M(67%)->348M(17%)
[113.403s][info][gc,start    ] GC(196) Garbage Collection (Allocation Rate)
[113.403s][info][gc,task     ] GC(196) Using 2 workers
[113.403s][info][gc,phases   ] GC(196) Pause Mark Start 0.011ms
[113.498s][info][gc,phases   ] GC(196) Concurrent Mark 94.671ms
[113.498s][info][gc,phases   ] GC(196) Pause Mark End 0.012ms
[113.498s][info][gc,phases   ] GC(196) Concurrent Mark Free 0.001ms
[113.512s][info][gc,phases   ] GC(196) Concurrent Process Non-Strong References 14.452ms
[113.513s][info][gc,phases   ] GC(196) Concurrent Reset Relocation Set 0.010ms
[113.519s][info][gc,phases   ] GC(196) Concurrent Select Relocation Set 6.392ms
[113.519s][info][gc,phases   ] GC(196) Pause Relocate Start 0.013ms
[113.548s][info][gc,phases   ] GC(196) Concurrent Relocate 28.777ms
[113.548s][info][gc,load     ] GC(196) Load: 0.00/0.00/0.00
[113.548s][info][gc,mmu      ] GC(196) MMU: 2ms/98.5%, 5ms/99.4%, 10ms/99.6%, 20ms/99.8%, 50ms/99.9%, 100ms/99.9%
[113.548s][info][gc,marking  ] GC(196) Mark: 2 stripe(s), 2 proactive flush(es), 1 terminate flush(es), 0 completion(s), 0 continuation(s) 
[113.548s][info][gc,marking  ] GC(196) Mark Stack Usage: 32M
[113.548s][info][gc,nmethod  ] GC(196) NMethods: 15082 registered, 2270 unregistered
[113.548s][info][gc,metaspace] GC(196) Metaspace: 100M used, 100M committed, 1152M reserved
[113.548s][info][gc,ref      ] GC(196) Soft: 4314 encountered, 0 discovered, 0 enqueued
[113.548s][info][gc,ref      ] GC(196) Weak: 7447 encountered, 6604 discovered, 6 enqueued
[113.548s][info][gc,ref      ] GC(196) Final: 1 encountered, 1 discovered, 0 enqueued
[113.548s][info][gc,ref      ] GC(196) Phantom: 773 encountered, 569 discovered, 0 enqueued
[113.548s][info][gc,reloc    ] GC(196) Small Pages: 742 / 1484M, Empty: 296M, Relocated: 27M, In-Place: 0
[113.548s][info][gc,reloc    ] GC(196) Medium Pages: 2 / 64M, Empty: 0M, Relocated: 3M, In-Place: 0
[113.548s][info][gc,reloc    ] GC(196) Large Pages: 7 / 62M, Empty: 0M, Relocated: 0M, In-Place: 0
[113.548s][info][gc,reloc    ] GC(196) Forwarding Usage: 17M
[113.548s][info][gc,heap     ] GC(196) Min Capacity: 2048M(100%)
[113.548s][info][gc,heap     ] GC(196) Max Capacity: 2048M(100%)
[113.548s][info][gc,heap     ] GC(196) Soft Max Capacity: 2048M(100%)
[113.548s][info][gc,heap     ] GC(196)                Mark Start          Mark End        Relocate Start      Relocate End           High               Low         
[113.548s][info][gc,heap     ] GC(196)  Capacity:     2048M (100%)       2048M (100%)       2048M (100%)       2048M (100%)       2048M (100%)       2048M (100%)   
[113.548s][info][gc,heap     ] GC(196)      Free:      438M (21%)         210M (10%)         456M (22%)        1500M (73%)        1502M (73%)         172M (8%)     
[113.548s][info][gc,heap     ] GC(196)      Used:     1610M (79%)        1838M (90%)        1592M (78%)         548M (27%)        1876M (92%)         546M (27%)    
[113.549s][info][gc,heap     ] GC(196)      Live:         -               134M (7%)          134M (7%)          134M (7%)             -                  -          
[113.549s][info][gc,heap     ] GC(196) Allocated:         -               228M (11%)         278M (14%)         375M (18%)            -                  -          
[113.549s][info][gc,heap     ] GC(196)   Garbage:         -              1475M (72%)        1179M (58%)          37M (2%)             -                  -          
[113.549s][info][gc,heap     ] GC(196) Reclaimed:         -                  -               296M (14%)        1437M (70%)            -                  -          
[113.549s][info][gc          ] GC(196) Garbage Collection (Allocation Rate) 1610M(79%)->548M(27%)
[113.660s][info][gc,start    ] GC(197) Garbage Collection (System.gc())
[113.660s][info][gc,task     ] GC(197) Using 2 workers
[113.660s][info][gc,phases   ] GC(197) Pause Mark Start 0.005ms
[113.720s][info][gc,phases   ] GC(197) Concurrent Mark 60.436ms
[113.720s][info][gc,phases   ] GC(197) Pause Mark End 0.028ms
[113.721s][info][gc,phases   ] GC(197) Concurrent Mark Free 0.001ms
[113.734s][info][gc,phases   ] GC(197) Concurrent Process Non-Strong References 13.606ms
[113.734s][info][gc,phases   ] GC(197) Concurrent Reset Relocation Set 0.042ms
[113.737s][info][gc,phases   ] GC(197) Concurrent Select Relocation Set 2.723ms
[113.737s][info][gc,phases   ] GC(197) Pause Relocate Start 0.006ms
[113.739s][info][gc,phases   ] GC(197) Concurrent Relocate 1.354ms
[113.739s][info][gc,load     ] GC(197) Load: 0.00/0.00/0.00
[113.739s][info][gc,mmu      ] GC(197) MMU: 2ms/98.5%, 5ms/99.4%, 10ms/99.6%, 20ms/99.8%, 50ms/99.9%, 100ms/99.9%
[113.739s][info][gc,marking  ] GC(197) Mark: 2 stripe(s), 2 proactive flush(es), 1 terminate flush(es), 0 completion(s), 0 continuation(s) 
[113.739s][info][gc,marking  ] GC(197) Mark Stack Usage: 32M
[113.739s][info][gc,nmethod  ] GC(197) NMethods: 15082 registered, 2270 unregistered
[113.739s][info][gc,metaspace] GC(197) Metaspace: 100M used, 100M committed, 1152M reserved
[113.739s][info][gc,ref      ] GC(197) Soft: 4314 encountered, 0 discovered, 0 enqueued
[113.739s][info][gc,ref      ] GC(197) Weak: 7440 encountered, 6597 discovered, 3 enqueued
[113.739s][info][gc,ref      ] GC(197) Final: 1 encountered, 1 discovered, 0 enqueued
[113.739s][info][gc,ref      ] GC(197) Phantom: 773 encountered, 477 discovered, 0 enqueued
[113.739s][info][gc,reloc    ] GC(197) Small Pages: 328 / 656M, Empty: 584M, Relocated: 3M, In-Place: 0
[113.739s][info][gc,reloc    ] GC(197) Medium Pages: 2 / 64M, Empty: 32M, Relocated: 0M, In-Place: 0
[113.739s][info][gc,reloc    ] GC(197) Large Pages: 7 / 62M, Empty: 0M, Relocated: 0M, In-Place: 0
[113.739s][info][gc,reloc    ] GC(197) Forwarding Usage: 1M
[113.739s][info][gc,heap     ] GC(197) Min Capacity: 2048M(100%)
[113.739s][info][gc,heap     ] GC(197) Max Capacity: 2048M(100%)
[113.739s][info][gc,heap     ] GC(197) Soft Max Capacity: 2048M(100%)
[113.739s][info][gc,heap     ] GC(197)                Mark Start          Mark End        Relocate Start      Relocate End           High               Low         
[113.739s][info][gc,heap     ] GC(197)  Capacity:     2048M (100%)       2048M (100%)       2048M (100%)       2048M (100%)       2048M (100%)       2048M (100%)   
[113.739s][info][gc,heap     ] GC(197)      Free:     1266M (62%)        1266M (62%)        1880M (92%)        1902M (93%)        1902M (93%)        1266M (62%)    
[113.739s][info][gc,heap     ] GC(197)      Used:      782M (38%)         782M (38%)         168M (8%)          146M (7%)          782M (38%)         146M (7%)     
[113.739s][info][gc,heap     ] GC(197)      Live:         -               106M (5%)          106M (5%)          106M (5%)             -                  -          
[113.739s][info][gc,heap     ] GC(197) Allocated:         -                 0M (0%)            2M (0%)            2M (0%)             -                  -          
[113.739s][info][gc,heap     ] GC(197)   Garbage:         -               675M (33%)          59M (3%)           37M (2%)             -                  -          
[113.739s][info][gc,heap     ] GC(197) Reclaimed:         -                  -               616M (30%)         638M (31%)            -                  -          
[113.739s][info][gc          ] GC(197) Garbage Collection (System.gc()) 782M(38%)->146M(7%)
[114.399s][info][gc,start    ] GC(198) Garbage Collection (Allocation Rate)
[114.400s][info][gc,task     ] GC(198) Using 2 workers
[114.400s][info][gc,phases   ] GC(198) Pause Mark Start 0.005ms
[114.447s][info][gc,phases   ] GC(198) Concurrent Mark 46.713ms
[114.447s][info][gc,phases   ] GC(198) Pause Mark End 0.019ms
[114.447s][info][gc,phases   ] GC(198) Concurrent Mark Free 0.001ms
[114.461s][info][gc,phases   ] GC(198) Concurrent Process Non-Strong References 13.869ms
[114.461s][info][gc,phases   ] GC(198) Concurrent Reset Relocation Set 0.002ms
[114.463s][info][gc,phases   ] GC(198) Concurrent Select Relocation Set 1.965ms
[114.463s][info][gc,phases   ] GC(198) Pause Relocate Start 0.011ms
[114.465s][info][gc,phases   ] GC(198) Concurrent Relocate 1.859ms
[114.465s][info][gc,load     ] GC(198) Load: 0.00/0.00/0.00
[114.465s][info][gc,mmu      ] GC(198) MMU: 2ms/98.5%, 5ms/99.4%, 10ms/99.6%, 20ms/99.8%, 50ms/99.9%, 100ms/99.9%
[114.465s][info][gc,marking  ] GC(198) Mark: 2 stripe(s), 2 proactive flush(es), 1 terminate flush(es), 0 completion(s), 0 continuation(s) 
[114.465s][info][gc,marking  ] GC(198) Mark Stack Usage: 32M
[114.465s][info][gc,nmethod  ] GC(198) NMethods: 15093 registered, 2270 unregistered
[114.465s][info][gc,metaspace] GC(198) Metaspace: 100M used, 100M committed, 1152M reserved
[114.465s][info][gc,ref      ] GC(198) Soft: 4314 encountered, 0 discovered, 0 enqueued
[114.465s][info][gc,ref      ] GC(198) Weak: 7446 encountered, 92 discovered, 1 enqueued
[114.465s][info][gc,ref      ] GC(198) Final: 1 encountered, 0 discovered, 0 enqueued
[114.465s][info][gc,ref      ] GC(198) Phantom: 773 encountered, 506 discovered, 0 enqueued
[114.465s][info][gc,reloc    ] GC(198) Small Pages: 615 / 1230M, Empty: 830M, Relocated: 1M, In-Place: 0
[114.465s][info][gc,reloc    ] GC(198) Medium Pages: 2 / 64M, Empty: 32M, Relocated: 0M, In-Place: 0
[114.465s][info][gc,reloc    ] GC(198) Large Pages: 7 / 62M, Empty: 0M, Relocated: 0M, In-Place: 0
[114.465s][info][gc,reloc    ] GC(198) Forwarding Usage: 0M
[114.465s][info][gc,heap     ] GC(198) Min Capacity: 2048M(100%)
[114.465s][info][gc,heap     ] GC(198) Max Capacity: 2048M(100%)
[114.465s][info][gc,heap     ] GC(198) Soft Max Capacity: 2048M(100%)
[114.465s][info][gc,heap     ] GC(198)                Mark Start          Mark End        Relocate Start      Relocate End           High               Low         
[114.465s][info][gc,heap     ] GC(198)  Capacity:     2048M (100%)       2048M (100%)       2048M (100%)       2048M (100%)       2048M (100%)       2048M (100%)   
[114.465s][info][gc,heap     ] GC(198)      Free:      692M (34%)         594M (29%)        1392M (68%)        1734M (85%)        1734M (85%)         534M (26%)    
[114.465s][info][gc,heap     ] GC(198)      Used:     1356M (66%)        1454M (71%)         656M (32%)         314M (15%)        1514M (74%)         314M (15%)    
[114.465s][info][gc,heap     ] GC(198)      Live:         -               107M (5%)          107M (5%)          107M (5%)             -                  -          
[114.465s][info][gc,heap     ] GC(198) Allocated:         -                98M (5%)          162M (8%)          165M (8%)             -                  -          
[114.465s][info][gc,heap     ] GC(198)   Garbage:         -              1248M (61%)         386M (19%)          40M (2%)             -                  -          
[114.465s][info][gc,heap     ] GC(198) Reclaimed:         -                  -               862M (42%)        1207M (59%)            -                  -          
[114.465s][info][gc          ] GC(198) Garbage Collection (Allocation Rate) 1356M(66%)->314M(15%)
[115.002s][info][gc,start    ] GC(199) Garbage Collection (Allocation Rate)
[115.002s][info][gc,task     ] GC(199) Using 2 workers
[115.002s][info][gc,phases   ] GC(199) Pause Mark Start 0.009ms
[115.098s][info][gc,phases   ] GC(199) Concurrent Mark 95.499ms
[115.098s][info][gc,phases   ] GC(199) Pause Mark End 0.017ms
[115.098s][info][gc,phases   ] GC(199) Concurrent Mark Free 0.001ms
[115.112s][info][gc,phases   ] GC(199) Concurrent Process Non-Strong References 13.699ms
[115.112s][info][gc,phases   ] GC(199) Concurrent Reset Relocation Set 0.015ms
[115.117s][info][gc,phases   ] GC(199) Concurrent Select Relocation Set 5.625ms
[115.118s][info][gc,phases   ] GC(199) Pause Relocate Start 0.013ms
[115.145s][info][gc,phases   ] GC(199) Concurrent Relocate 27.009ms
[115.145s][info][gc,load     ] GC(199) Load: 0.00/0.00/0.00
[115.145s][info][gc,mmu      ] GC(199) MMU: 2ms/98.5%, 5ms/99.4%, 10ms/99.6%, 20ms/99.8%, 50ms/99.9%, 100ms/99.9%
[115.145s][info][gc,marking  ] GC(199) Mark: 2 stripe(s), 2 proactive flush(es), 1 terminate flush(es), 0 completion(s), 0 continuation(s) 
[115.145s][info][gc,marking  ] GC(199) Mark Stack Usage: 32M
[115.145s][info][gc,nmethod  ] GC(199) NMethods: 15094 registered, 2270 unregistered
[115.145s][info][gc,metaspace] GC(199) Metaspace: 100M used, 100M committed, 1152M reserved
[115.145s][info][gc,ref      ] GC(199) Soft: 4314 encountered, 0 discovered, 0 enqueued
[115.145s][info][gc,ref      ] GC(199) Weak: 7446 encountered, 117 discovered, 6 enqueued
[115.145s][info][gc,ref      ] GC(199) Final: 1 encountered, 1 discovered, 0 enqueued
[115.145s][info][gc,ref      ] GC(199) Phantom: 773 encountered, 600 discovered, 0 enqueued
[115.145s][info][gc,reloc    ] GC(199) Small Pages: 747 / 1494M, Empty: 304M, Relocated: 27M, In-Place: 0
[115.145s][info][gc,reloc    ] GC(199) Medium Pages: 2 / 64M, Empty: 0M, Relocated: 3M, In-Place: 0
[115.145s][info][gc,reloc    ] GC(199) Large Pages: 7 / 62M, Empty: 0M, Relocated: 0M, In-Place: 0
[115.145s][info][gc,reloc    ] GC(199) Forwarding Usage: 16M
[115.145s][info][gc,heap     ] GC(199) Min Capacity: 2048M(100%)
[115.145s][info][gc,heap     ] GC(199) Max Capacity: 2048M(100%)
[115.145s][info][gc,heap     ] GC(199) Soft Max Capacity: 2048M(100%)
[115.145s][info][gc,heap     ] GC(199)                Mark Start          Mark End        Relocate Start      Relocate End           High               Low         
[115.145s][info][gc,heap     ] GC(199)  Capacity:     2048M (100%)       2048M (100%)       2048M (100%)       2048M (100%)       2048M (100%)       2048M (100%)   
[115.145s][info][gc,heap     ] GC(199)      Free:      428M (21%)         194M (9%)          448M (22%)        1504M (73%)        1504M (73%)         158M (8%)     
[115.145s][info][gc,heap     ] GC(199)      Used:     1620M (79%)        1854M (91%)        1600M (78%)         544M (27%)        1890M (92%)         544M (27%)    
[115.145s][info][gc,heap     ] GC(199)      Live:         -               134M (7%)          134M (7%)          134M (7%)             -                  -          
[115.145s][info][gc,heap     ] GC(199) Allocated:         -               234M (11%)         284M (14%)         371M (18%)            -                  -          
[115.145s][info][gc,heap     ] GC(199)   Garbage:         -              1485M (73%)        1181M (58%)          38M (2%)             -                  -          
[115.145s][info][gc,heap     ] GC(199) Reclaimed:         -                  -               304M (15%)        1447M (71%)            -                  -          
[115.145s][info][gc          ] GC(199) Garbage Collection (Allocation Rate) 1620M(79%)->544M(27%)
[115.251s][info][gc,start    ] GC(200) Garbage Collection (System.gc())
[115.251s][info][gc,task     ] GC(200) Using 2 workers
[115.251s][info][gc,phases   ] GC(200) Pause Mark Start 0.009ms
[115.288s][info][gc,phases   ] GC(200) Concurrent Mark 37.015ms
[115.289s][info][gc,phases   ] GC(200) Pause Mark End 0.024ms
[115.289s][info][gc,phases   ] GC(200) Concurrent Mark Free 0.002ms
[115.302s][info][gc,phases   ] GC(200) Concurrent Process Non-Strong References 13.153ms
[115.302s][info][gc,phases   ] GC(200) Concurrent Reset Relocation Set 0.031ms
[115.305s][info][gc,phases   ] GC(200) Concurrent Select Relocation Set 2.595ms
[115.305s][info][gc,phases   ] GC(200) Pause Relocate Start 0.010ms
[115.306s][info][gc,phases   ] GC(200) Concurrent Relocate 1.107ms
[115.306s][info][gc,load     ] GC(200) Load: 0.00/0.00/0.00
[115.306s][info][gc,mmu      ] GC(200) MMU: 2ms/98.5%, 5ms/99.4%, 10ms/99.6%, 20ms/99.8%, 50ms/99.9%, 100ms/99.9%
[115.306s][info][gc,marking  ] GC(200) Mark: 2 stripe(s), 2 proactive flush(es), 1 terminate flush(es), 0 completion(s), 0 continuation(s) 
[115.306s][info][gc,marking  ] GC(200) Mark Stack Usage: 32M
[115.306s][info][gc,nmethod  ] GC(200) NMethods: 15094 registered, 2270 unregistered
[115.306s][info][gc,metaspace] GC(200) Metaspace: 100M used, 100M committed, 1152M reserved
[115.306s][info][gc,ref      ] GC(200) Soft: 4314 encountered, 0 discovered, 0 enqueued
[115.306s][info][gc,ref      ] GC(200) Weak: 7439 encountered, 102 discovered, 3 enqueued
[115.306s][info][gc,ref      ] GC(200) Final: 1 encountered, 0 discovered, 0 enqueued
[115.306s][info][gc,ref      ] GC(200) Phantom: 773 encountered, 462 discovered, 0 enqueued
[115.306s][info][gc,reloc    ] GC(200) Small Pages: 322 / 644M, Empty: 568M, Relocated: 1M, In-Place: 0
[115.306s][info][gc,reloc    ] GC(200) Medium Pages: 2 / 64M, Empty: 32M, Relocated: 0M, In-Place: 0
[115.306s][info][gc,reloc    ] GC(200) Large Pages: 7 / 62M, Empty: 0M, Relocated: 0M, In-Place: 0
[115.306s][info][gc,reloc    ] GC(200) Forwarding Usage: 0M
[115.306s][info][gc,heap     ] GC(200) Min Capacity: 2048M(100%)
[115.306s][info][gc,heap     ] GC(200) Max Capacity: 2048M(100%)
[115.306s][info][gc,heap     ] GC(200) Soft Max Capacity: 2048M(100%)
[115.306s][info][gc,heap     ] GC(200)                Mark Start          Mark End        Relocate Start      Relocate End           High               Low         
[115.306s][info][gc,heap     ] GC(200)  Capacity:     2048M (100%)       2048M (100%)       2048M (100%)       2048M (100%)       2048M (100%)       2048M (100%)   
[115.306s][info][gc,heap     ] GC(200)      Free:     1278M (62%)        1278M (62%)        1878M (92%)        1902M (93%)        1902M (93%)        1278M (62%)    
[115.306s][info][gc,heap     ] GC(200)      Used:      770M (38%)         770M (38%)         170M (8%)          146M (7%)          770M (38%)         146M (7%)     
[115.306s][info][gc,heap     ] GC(200)      Live:         -               106M (5%)          106M (5%)          106M (5%)             -                  -          
[115.306s][info][gc,heap     ] GC(200) Allocated:         -                 0M (0%)            0M (0%)            0M (0%)             -                  -          
[115.306s][info][gc,heap     ] GC(200)   Garbage:         -               663M (32%)          63M (3%)           39M (2%)             -                  -          
[115.306s][info][gc,heap     ] GC(200) Reclaimed:         -                  -               600M (29%)         624M (30%)            -                  -          
[115.306s][info][gc          ] GC(200) Garbage Collection (System.gc()) 770M(38%)->146M(7%)
[115.893s][info][gc,start    ] GC(201) Garbage Collection (Allocation Rate)
[115.893s][info][gc,task     ] GC(201) Using 2 workers
[115.893s][info][gc,phases   ] GC(201) Pause Mark Start 0.011ms
[115.956s][info][gc,phases   ] GC(201) Concurrent Mark 62.534ms
[115.956s][info][gc,phases   ] GC(201) Pause Mark End 0.018ms
[115.956s][info][gc,phases   ] GC(201) Concurrent Mark Free 0.001ms
[115.970s][info][gc,phases   ] GC(201) Concurrent Process Non-Strong References 13.891ms
[115.970s][info][gc,phases   ] GC(201) Concurrent Reset Relocation Set 0.002ms
[115.973s][info][gc,phases   ] GC(201) Concurrent Select Relocation Set 2.335ms
[115.973s][info][gc,phases   ] GC(201) Pause Relocate Start 0.008ms
[115.977s][info][gc,phases   ] GC(201) Concurrent Relocate 4.561ms
[115.978s][info][gc,load     ] GC(201) Load: 0.00/0.00/0.00
[115.978s][info][gc,mmu      ] GC(201) MMU: 2ms/98.5%, 5ms/99.4%, 10ms/99.6%, 20ms/99.8%, 50ms/99.9%, 100ms/99.9%
[115.978s][info][gc,marking  ] GC(201) Mark: 2 stripe(s), 2 proactive flush(es), 1 terminate flush(es), 0 completion(s), 0 continuation(s) 
[115.978s][info][gc,marking  ] GC(201) Mark Stack Usage: 32M
[115.978s][info][gc,nmethod  ] GC(201) NMethods: 15099 registered, 2270 unregistered
[115.978s][info][gc,metaspace] GC(201) Metaspace: 100M used, 100M committed, 1152M reserved
[115.978s][info][gc,ref      ] GC(201) Soft: 4314 encountered, 0 discovered, 0 enqueued
[115.978s][info][gc,ref      ] GC(201) Weak: 7446 encountered, 96 discovered, 3 enqueued
[115.978s][info][gc,ref      ] GC(201) Final: 1 encountered, 1 discovered, 0 enqueued
[115.978s][info][gc,ref      ] GC(201) Phantom: 773 encountered, 665 discovered, 0 enqueued
[115.978s][info][gc,reloc    ] GC(201) Small Pages: 533 / 1066M, Empty: 642M, Relocated: 5M, In-Place: 0
[115.978s][info][gc,reloc    ] GC(201) Medium Pages: 2 / 64M, Empty: 32M, Relocated: 0M, In-Place: 0
[115.978s][info][gc,reloc    ] GC(201) Large Pages: 7 / 62M, Empty: 0M, Relocated: 0M, In-Place: 0
[115.978s][info][gc,reloc    ] GC(201) Forwarding Usage: 2M
[115.978s][info][gc,heap     ] GC(201) Min Capacity: 2048M(100%)
[115.978s][info][gc,heap     ] GC(201) Max Capacity: 2048M(100%)
[115.978s][info][gc,heap     ] GC(201) Soft Max Capacity: 2048M(100%)
[115.978s][info][gc,heap     ] GC(201)                Mark Start          Mark End        Relocate Start      Relocate End           High               Low         
[115.978s][info][gc,heap     ] GC(201)  Capacity:     2048M (100%)       2048M (100%)       2048M (100%)       2048M (100%)       2048M (100%)       2048M (100%)   
[115.978s][info][gc,heap     ] GC(201)      Free:      856M (42%)         722M (35%)        1362M (67%)        1726M (84%)        1728M (84%)         692M (34%)    
[115.978s][info][gc,heap     ] GC(201)      Used:     1192M (58%)        1326M (65%)         686M (33%)         322M (16%)        1356M (66%)         320M (16%)    
[115.978s][info][gc,heap     ] GC(201)      Live:         -               107M (5%)          107M (5%)          107M (5%)             -                  -          
[115.978s][info][gc,heap     ] GC(201) Allocated:         -               134M (7%)          168M (8%)          177M (9%)             -                  -          
[115.978s][info][gc,heap     ] GC(201)   Garbage:         -              1084M (53%)         410M (20%)          36M (2%)             -                  -          
[115.978s][info][gc,heap     ] GC(201) Reclaimed:         -                  -               674M (33%)        1047M (51%)            -                  -          
[115.978s][info][gc          ] GC(201) Garbage Collection (Allocation Rate) 1192M(58%)->322M(16%)
[116.493s][info][gc,start    ] GC(202) Garbage Collection (Allocation Rate)
[116.494s][info][gc,task     ] GC(202) Using 2 workers
[116.494s][info][gc,phases   ] GC(202) Pause Mark Start 0.011ms
[116.572s][info][gc,phases   ] GC(202) Concurrent Mark 78.566ms
[116.573s][info][gc,phases   ] GC(202) Pause Mark End 0.018ms
[116.573s][info][gc,phases   ] GC(202) Concurrent Mark Free 0.001ms
[116.587s][info][gc,phases   ] GC(202) Concurrent Process Non-Strong References 13.643ms
[116.587s][info][gc,phases   ] GC(202) Concurrent Reset Relocation Set 0.011ms
[116.593s][info][gc,phases   ] GC(202) Concurrent Select Relocation Set 5.937ms
[116.593s][info][gc,phases   ] GC(202) Pause Relocate Start 0.008ms
[116.618s][info][gc,phases   ] GC(202) Concurrent Relocate 25.545ms
[116.618s][info][gc,load     ] GC(202) Load: 0.00/0.00/0.00
[116.618s][info][gc,mmu      ] GC(202) MMU: 2ms/98.5%, 5ms/99.4%, 10ms/99.6%, 20ms/99.8%, 50ms/99.9%, 100ms/99.9%
[116.618s][info][gc,marking  ] GC(202) Mark: 2 stripe(s), 2 proactive flush(es), 1 terminate flush(es), 0 completion(s), 0 continuation(s) 
[116.618s][info][gc,marking  ] GC(202) Mark Stack Usage: 32M
[116.619s][info][gc,nmethod  ] GC(202) NMethods: 15099 registered, 2270 unregistered
[116.619s][info][gc,metaspace] GC(202) Metaspace: 100M used, 100M committed, 1152M reserved
[116.619s][info][gc,ref      ] GC(202) Soft: 4314 encountered, 0 discovered, 0 enqueued
[116.619s][info][gc,ref      ] GC(202) Weak: 7446 encountered, 268 discovered, 6 enqueued
[116.619s][info][gc,ref      ] GC(202) Final: 1 encountered, 0 discovered, 0 enqueued
[116.619s][info][gc,ref      ] GC(202) Phantom: 773 encountered, 559 discovered, 0 enqueued
[116.619s][info][gc,reloc    ] GC(202) Small Pages: 722 / 1444M, Empty: 370M, Relocated: 26M, In-Place: 0
[116.619s][info][gc,reloc    ] GC(202) Medium Pages: 2 / 64M, Empty: 0M, Relocated: 3M, In-Place: 0
[116.619s][info][gc,reloc    ] GC(202) Large Pages: 7 / 62M, Empty: 0M, Relocated: 0M, In-Place: 0
[116.619s][info][gc,reloc    ] GC(202) Forwarding Usage: 16M
[116.619s][info][gc,heap     ] GC(202) Min Capacity: 2048M(100%)
[116.619s][info][gc,heap     ] GC(202) Max Capacity: 2048M(100%)
[116.619s][info][gc,heap     ] GC(202) Soft Max Capacity: 2048M(100%)
[116.619s][info][gc,heap     ] GC(202)                Mark Start          Mark End        Relocate Start      Relocate End           High               Low         
[116.619s][info][gc,heap     ] GC(202)  Capacity:     2048M (100%)       2048M (100%)       2048M (100%)       2048M (100%)       2048M (100%)       2048M (100%)   
[116.619s][info][gc,heap     ] GC(202)      Free:      478M (23%)         294M (14%)         618M (30%)        1562M (76%)        1562M (76%)         260M (13%)    
[116.619s][info][gc,heap     ] GC(202)      Used:     1570M (77%)        1754M (86%)        1430M (70%)         486M (24%)        1788M (87%)         486M (24%)    
[116.619s][info][gc,heap     ] GC(202)      Live:         -               134M (7%)          134M (7%)          134M (7%)             -                  -          
[116.619s][info][gc,heap     ] GC(202) Allocated:         -               184M (9%)          230M (11%)         311M (15%)            -                  -          
[116.619s][info][gc,heap     ] GC(202)   Garbage:         -              1435M (70%)        1065M (52%)          40M (2%)             -                  -          
[116.619s][info][gc,heap     ] GC(202) Reclaimed:         -                  -               370M (18%)        1395M (68%)            -                  -          
[116.619s][info][gc          ] GC(202) Garbage Collection (Allocation Rate) 1570M(77%)->486M(24%)
[116.832s][info][gc,start    ] GC(203) Garbage Collection (System.gc())
[116.832s][info][gc,task     ] GC(203) Using 2 workers
[116.832s][info][gc,phases   ] GC(203) Pause Mark Start 0.008ms
[116.890s][info][gc,phases   ] GC(203) Concurrent Mark 58.031ms
[116.890s][info][gc,phases   ] GC(203) Pause Mark End 0.026ms
[116.890s][info][gc,phases   ] GC(203) Concurrent Mark Free 0.001ms
[116.904s][info][gc,phases   ] GC(203) Concurrent Process Non-Strong References 13.604ms
[116.904s][info][gc,phases   ] GC(203) Concurrent Reset Relocation Set 0.027ms
[116.907s][info][gc,phases   ] GC(203) Concurrent Select Relocation Set 2.569ms
[116.907s][info][gc,phases   ] GC(203) Pause Relocate Start 0.011ms
[116.908s][info][gc,phases   ] GC(203) Concurrent Relocate 0.771ms
[116.908s][info][gc,load     ] GC(203) Load: 0.00/0.00/0.00
[116.908s][info][gc,mmu      ] GC(203) MMU: 2ms/98.5%, 5ms/99.4%, 10ms/99.6%, 20ms/99.8%, 50ms/99.9%, 100ms/99.9%
[116.908s][info][gc,marking  ] GC(203) Mark: 2 stripe(s), 2 proactive flush(es), 1 terminate flush(es), 0 completion(s), 0 continuation(s) 
[116.908s][info][gc,marking  ] GC(203) Mark Stack Usage: 32M
[116.908s][info][gc,nmethod  ] GC(203) NMethods: 15099 registered, 2270 unregistered
[116.908s][info][gc,metaspace] GC(203) Metaspace: 100M used, 100M committed, 1152M reserved
[116.908s][info][gc,ref      ] GC(203) Soft: 4314 encountered, 0 discovered, 0 enqueued
[116.908s][info][gc,ref      ] GC(203) Weak: 7439 encountered, 399 discovered, 3 enqueued
[116.908s][info][gc,ref      ] GC(203) Final: 1 encountered, 1 discovered, 0 enqueued
[116.908s][info][gc,ref      ] GC(203) Phantom: 773 encountered, 563 discovered, 0 enqueued
[116.908s][info][gc,reloc    ] GC(203) Small Pages: 434 / 868M, Empty: 796M, Relocated: 1M, In-Place: 0
[116.908s][info][gc,reloc    ] GC(203) Medium Pages: 2 / 64M, Empty: 32M, Relocated: 0M, In-Place: 0
[116.908s][info][gc,reloc    ] GC(203) Large Pages: 7 / 62M, Empty: 0M, Relocated: 0M, In-Place: 0
[116.908s][info][gc,reloc    ] GC(203) Forwarding Usage: 0M
[116.908s][info][gc,heap     ] GC(203) Min Capacity: 2048M(100%)
[116.908s][info][gc,heap     ] GC(203) Max Capacity: 2048M(100%)
[116.908s][info][gc,heap     ] GC(203) Soft Max Capacity: 2048M(100%)
[116.908s][info][gc,heap     ] GC(203)                Mark Start          Mark End        Relocate Start      Relocate End           High               Low         
[116.908s][info][gc,heap     ] GC(203)  Capacity:     2048M (100%)       2048M (100%)       2048M (100%)       2048M (100%)       2048M (100%)       2048M (100%)   
[116.908s][info][gc,heap     ] GC(203)      Free:     1054M (51%)        1054M (51%)        1882M (92%)        1902M (93%)        1902M (93%)        1054M (51%)    
[116.908s][info][gc,heap     ] GC(203)      Used:      994M (49%)         994M (49%)         166M (8%)          146M (7%)          994M (49%)         146M (7%)     
[116.908s][info][gc,heap     ] GC(203)      Live:         -               106M (5%)          106M (5%)          106M (5%)             -                  -          
[116.908s][info][gc,heap     ] GC(203) Allocated:         -                 0M (0%)            0M (0%)            0M (0%)             -                  -          
[116.908s][info][gc,heap     ] GC(203)   Garbage:         -               887M (43%)          59M (3%)           39M (2%)             -                  -          
[116.908s][info][gc,heap     ] GC(203) Reclaimed:         -                  -               828M (40%)         848M (41%)            -                  -          
[116.908s][info][gc          ] GC(203) Garbage Collection (System.gc()) 994M(49%)->146M(7%)
[117.400s][info][gc,start    ] GC(204) Garbage Collection (Allocation Rate)
[117.400s][info][gc,task     ] GC(204) Using 1 workers
[117.401s][info][gc,phases   ] GC(204) Pause Mark Start 0.013ms
[117.466s][info][gc,phases   ] GC(204) Concurrent Mark 64.785ms
[117.466s][info][gc,phases   ] GC(204) Pause Mark End 0.015ms
[117.466s][info][gc,phases   ] GC(204) Concurrent Mark Free 0.001ms
[117.491s][info][gc,phases   ] GC(204) Concurrent Process Non-Strong References 25.169ms
[117.491s][info][gc,phases   ] GC(204) Concurrent Reset Relocation Set 0.002ms
[117.494s][info][gc,phases   ] GC(204) Concurrent Select Relocation Set 3.380ms
[117.495s][info][gc,phases   ] GC(204) Pause Relocate Start 0.013ms
[117.501s][info][gc,phases   ] GC(204) Concurrent Relocate 6.709ms
[117.502s][info][gc,load     ] GC(204) Load: 0.00/0.00/0.00
[117.502s][info][gc,mmu      ] GC(204) MMU: 2ms/98.5%, 5ms/99.4%, 10ms/99.6%, 20ms/99.8%, 50ms/99.9%, 100ms/99.9%
[117.502s][info][gc,marking  ] GC(204) Mark: 1 stripe(s), 2 proactive flush(es), 1 terminate flush(es), 0 completion(s), 0 continuation(s) 
[117.502s][info][gc,marking  ] GC(204) Mark Stack Usage: 32M
[117.502s][info][gc,nmethod  ] GC(204) NMethods: 15105 registered, 2270 unregistered
[117.502s][info][gc,metaspace] GC(204) Metaspace: 100M used, 100M committed, 1152M reserved
[117.502s][info][gc,ref      ] GC(204) Soft: 4314 encountered, 0 discovered, 0 enqueued
[117.502s][info][gc,ref      ] GC(204) Weak: 7446 encountered, 6251 discovered, 0 enqueued
[117.502s][info][gc,ref      ] GC(204) Final: 1 encountered, 0 discovered, 0 enqueued
[117.502s][info][gc,ref      ] GC(204) Phantom: 773 encountered, 395 discovered, 0 enqueued
[117.502s][info][gc,reloc    ] GC(204) Small Pages: 434 / 868M, Empty: 624M, Relocated: 2M, In-Place: 0
[117.502s][info][gc,reloc    ] GC(204) Medium Pages: 2 / 64M, Empty: 0M, Relocated: 2M, In-Place: 0
[117.502s][info][gc,reloc    ] GC(204) Large Pages: 7 / 62M, Empty: 0M, Relocated: 0M, In-Place: 0
[117.502s][info][gc,reloc    ] GC(204) Forwarding Usage: 1M
[117.502s][info][gc,heap     ] GC(204) Min Capacity: 2048M(100%)
[117.502s][info][gc,heap     ] GC(204) Max Capacity: 2048M(100%)
[117.502s][info][gc,heap     ] GC(204) Soft Max Capacity: 2048M(100%)
[117.502s][info][gc,heap     ] GC(204)                Mark Start          Mark End        Relocate Start      Relocate End           High               Low         
[117.502s][info][gc,heap     ] GC(204)  Capacity:     2048M (100%)       2048M (100%)       2048M (100%)       2048M (100%)       2048M (100%)       2048M (100%)   
[117.502s][info][gc,heap     ] GC(204)      Free:     1054M (51%)         902M (44%)        1464M (71%)        1674M (82%)        1674M (82%)         848M (41%)    
[117.502s][info][gc,heap     ] GC(204)      Used:      994M (49%)        1146M (56%)         584M (29%)         374M (18%)        1200M (59%)         374M (18%)    
[117.502s][info][gc,heap     ] GC(204)      Live:         -               109M (5%)          109M (5%)          109M (5%)             -                  -          
[117.502s][info][gc,heap     ] GC(204) Allocated:         -               152M (7%)          214M (10%)         225M (11%)            -                  -          
[117.502s][info][gc,heap     ] GC(204)   Garbage:         -               884M (43%)         260M (13%)          38M (2%)             -                  -          
[117.502s][info][gc,heap     ] GC(204) Reclaimed:         -                  -               624M (30%)         845M (41%)            -                  -          
[117.502s][info][gc          ] GC(204) Garbage Collection (Allocation Rate) 994M(49%)->374M(18%)
[117.800s][info][gc,start    ] GC(205) Garbage Collection (Allocation Rate)
[117.800s][info][gc,task     ] GC(205) Using 1 workers
[117.801s][info][gc,phases   ] GC(205) Pause Mark Start 0.010ms
[117.900s][info][gc,phases   ] GC(205) Concurrent Mark 99.329ms
[117.900s][info][gc,phases   ] GC(205) Pause Mark End 0.015ms
[117.900s][info][gc,phases   ] GC(205) Concurrent Mark Free 0.001ms
[117.926s][info][gc,phases   ] GC(205) Concurrent Process Non-Strong References 25.278ms
[117.926s][info][gc,phases   ] GC(205) Concurrent Reset Relocation Set 0.009ms
[117.930s][info][gc,phases   ] GC(205) Concurrent Select Relocation Set 4.729ms
[117.931s][info][gc,phases   ] GC(205) Pause Relocate Start 0.009ms
[117.960s][info][gc,phases   ] GC(205) Concurrent Relocate 28.921ms
[117.960s][info][gc,load     ] GC(205) Load: 0.00/0.00/0.00
[117.960s][info][gc,mmu      ] GC(205) MMU: 2ms/98.5%, 5ms/99.4%, 10ms/99.6%, 20ms/99.8%, 50ms/99.9%, 100ms/99.9%
[117.960s][info][gc,marking  ] GC(205) Mark: 1 stripe(s), 2 proactive flush(es), 1 terminate flush(es), 0 completion(s), 0 continuation(s) 
[117.960s][info][gc,marking  ] GC(205) Mark Stack Usage: 32M
[117.960s][info][gc,nmethod  ] GC(205) NMethods: 15105 registered, 2270 unregistered
[117.960s][info][gc,metaspace] GC(205) Metaspace: 100M used, 100M committed, 1152M reserved
[117.960s][info][gc,ref      ] GC(205) Soft: 4314 encountered, 0 discovered, 0 enqueued
[117.960s][info][gc,ref      ] GC(205) Weak: 7446 encountered, 6248 discovered, 2 enqueued
[117.960s][info][gc,ref      ] GC(205) Final: 1 encountered, 0 discovered, 0 enqueued
[117.960s][info][gc,ref      ] GC(205) Phantom: 773 encountered, 395 discovered, 0 enqueued
[117.960s][info][gc,reloc    ] GC(205) Small Pages: 470 / 940M, Empty: 356M, Relocated: 19M, In-Place: 0
[117.960s][info][gc,reloc    ] GC(205) Medium Pages: 2 / 64M, Empty: 0M, Relocated: 2M, In-Place: 0
[117.960s][info][gc,reloc    ] GC(205) Large Pages: 7 / 62M, Empty: 0M, Relocated: 0M, In-Place: 0
[117.960s][info][gc,reloc    ] GC(205) Forwarding Usage: 11M
[117.960s][info][gc,heap     ] GC(205) Min Capacity: 2048M(100%)
[117.960s][info][gc,heap     ] GC(205) Max Capacity: 2048M(100%)
[117.960s][info][gc,heap     ] GC(205) Soft Max Capacity: 2048M(100%)
[117.960s][info][gc,heap     ] GC(205)                Mark Start          Mark End        Relocate Start      Relocate End           High               Low         
[117.960s][info][gc,heap     ] GC(205)  Capacity:     2048M (100%)       2048M (100%)       2048M (100%)       2048M (100%)       2048M (100%)       2048M (100%)   
[117.960s][info][gc,heap     ] GC(205)      Free:      982M (48%)         728M (36%)        1014M (50%)        1500M (73%)        1502M (73%)         668M (33%)    
[117.960s][info][gc,heap     ] GC(205)      Used:     1066M (52%)        1320M (64%)        1034M (50%)         548M (27%)        1380M (67%)         546M (27%)    
[117.960s][info][gc,heap     ] GC(205)      Live:         -               125M (6%)          125M (6%)          125M (6%)             -                  -          
[117.960s][info][gc,heap     ] GC(205) Allocated:         -               254M (12%)         324M (16%)         386M (19%)            -                  -          
[117.960s][info][gc,heap     ] GC(205)   Garbage:         -               940M (46%)         584M (29%)          35M (2%)             -                  -          
[117.960s][info][gc,heap     ] GC(205) Reclaimed:         -                  -               356M (17%)         904M (44%)            -                  -          
[117.960s][info][gc          ] GC(205) Garbage Collection (Allocation Rate) 1066M(52%)->548M(27%)
[118.198s][info][gc,start    ] GC(206) Garbage Collection (Allocation Rate)
[118.198s][info][gc,task     ] GC(206) Using 1 workers
[118.198s][info][gc,phases   ] GC(206) Pause Mark Start 0.009ms
[118.319s][info][gc,phases   ] GC(206) Concurrent Mark 121.032ms
[118.319s][info][gc,phases   ] GC(206) Pause Mark End 0.016ms
[118.319s][info][gc,phases   ] GC(206) Concurrent Mark Free 0.001ms
[118.346s][info][gc,phases   ] GC(206) Concurrent Process Non-Strong References 26.337ms
[118.346s][info][gc,phases   ] GC(206) Concurrent Reset Relocation Set 0.021ms
[118.349s][info][gc,phases   ] GC(206) Concurrent Select Relocation Set 3.214ms
[118.349s][info][gc,phases   ] GC(206) Pause Relocate Start 0.014ms
[118.365s][info][gc,phases   ] GC(206) Concurrent Relocate 15.427ms
[118.365s][info][gc,load     ] GC(206) Load: 0.00/0.00/0.00
[118.365s][info][gc,mmu      ] GC(206) MMU: 2ms/98.5%, 5ms/99.4%, 10ms/99.6%, 20ms/99.8%, 50ms/99.9%, 100ms/99.9%
[118.365s][info][gc,marking  ] GC(206) Mark: 1 stripe(s), 2 proactive flush(es), 1 terminate flush(es), 0 completion(s), 0 continuation(s) 
[118.365s][info][gc,marking  ] GC(206) Mark Stack Usage: 32M
[118.365s][info][gc,nmethod  ] GC(206) NMethods: 15110 registered, 2270 unregistered
[118.365s][info][gc,metaspace] GC(206) Metaspace: 100M used, 100M committed, 1152M reserved
[118.365s][info][gc,ref      ] GC(206) Soft: 4314 encountered, 0 discovered, 0 enqueued
[118.365s][info][gc,ref      ] GC(206) Weak: 7444 encountered, 6246 discovered, 1 enqueued
[118.365s][info][gc,ref      ] GC(206) Final: 1 encountered, 0 discovered, 0 enqueued
[118.365s][info][gc,ref      ] GC(206) Phantom: 773 encountered, 395 discovered, 0 enqueued
[118.365s][info][gc,reloc    ] GC(206) Small Pages: 516 / 1032M, Empty: 316M, Relocated: 9M, In-Place: 0
[118.365s][info][gc,reloc    ] GC(206) Medium Pages: 2 / 64M, Empty: 0M, Relocated: 3M, In-Place: 0
[118.365s][info][gc,reloc    ] GC(206) Large Pages: 7 / 62M, Empty: 0M, Relocated: 0M, In-Place: 0
[118.365s][info][gc,reloc    ] GC(206) Forwarding Usage: 5M
[118.365s][info][gc,heap     ] GC(206) Min Capacity: 2048M(100%)
[118.365s][info][gc,heap     ] GC(206) Max Capacity: 2048M(100%)
[118.365s][info][gc,heap     ] GC(206) Soft Max Capacity: 2048M(100%)
[118.365s][info][gc,heap     ] GC(206)                Mark Start          Mark End        Relocate Start      Relocate End           High               Low         
[118.365s][info][gc,heap     ] GC(206)  Capacity:     2048M (100%)       2048M (100%)       2048M (100%)       2048M (100%)       2048M (100%)       2048M (100%)   
[118.365s][info][gc,heap     ] GC(206)      Free:      890M (43%)         572M (28%)         814M (40%)        1420M (69%)        1422M (69%)         506M (25%)    
[118.365s][info][gc,heap     ] GC(206)      Used:     1158M (57%)        1476M (72%)        1234M (60%)         628M (31%)        1542M (75%)         626M (31%)    
[118.365s][info][gc,heap     ] GC(206)      Live:         -               134M (7%)          134M (7%)          134M (7%)             -                  -          
[118.365s][info][gc,heap     ] GC(206) Allocated:         -               318M (16%)         392M (19%)         456M (22%)            -                  -          
[118.365s][info][gc,heap     ] GC(206)   Garbage:         -              1023M (50%)         707M (35%)          36M (2%)             -                  -          
[118.365s][info][gc,heap     ] GC(206) Reclaimed:         -                  -               316M (15%)         986M (48%)            -                  -          
[118.366s][info][gc          ] GC(206) Garbage Collection (Allocation Rate) 1158M(57%)->628M(31%)
[118.422s][info][gc,start    ] GC(207) Garbage Collection (System.gc())
[118.422s][info][gc,task     ] GC(207) Using 2 workers
[118.422s][info][gc,phases   ] GC(207) Pause Mark Start 0.005ms
[118.483s][info][gc,phases   ] GC(207) Concurrent Mark 61.468ms
[118.484s][info][gc,phases   ] GC(207) Pause Mark End 0.022ms
[118.484s][info][gc,phases   ] GC(207) Concurrent Mark Free 0.002ms
[118.497s][info][gc,phases   ] GC(207) Concurrent Process Non-Strong References 12.944ms
[118.497s][info][gc,phases   ] GC(207) Concurrent Reset Relocation Set 0.018ms
[118.498s][info][gc,phases   ] GC(207) Concurrent Select Relocation Set 1.574ms
[118.499s][info][gc,phases   ] GC(207) Pause Relocate Start 0.014ms
[118.500s][info][gc,phases   ] GC(207) Concurrent Relocate 0.822ms
[118.500s][info][gc,load     ] GC(207) Load: 0.00/0.00/0.00
[118.500s][info][gc,mmu      ] GC(207) MMU: 2ms/98.5%, 5ms/99.4%, 10ms/99.6%, 20ms/99.8%, 50ms/99.9%, 100ms/99.9%
[118.500s][info][gc,marking  ] GC(207) Mark: 2 stripe(s), 2 proactive flush(es), 1 terminate flush(es), 0 completion(s), 0 continuation(s) 
[118.500s][info][gc,marking  ] GC(207) Mark Stack Usage: 32M
[118.500s][info][gc,nmethod  ] GC(207) NMethods: 15110 registered, 2270 unregistered
[118.500s][info][gc,metaspace] GC(207) Metaspace: 100M used, 100M committed, 1152M reserved
[118.500s][info][gc,ref      ] GC(207) Soft: 4314 encountered, 0 discovered, 0 enqueued
[118.500s][info][gc,ref      ] GC(207) Weak: 7440 encountered, 6080 discovered, 4 enqueued
[118.500s][info][gc,ref      ] GC(207) Final: 1 encountered, 1 discovered, 0 enqueued
[118.500s][info][gc,ref      ] GC(207) Phantom: 773 encountered, 550 discovered, 0 enqueued
[118.500s][info][gc,reloc    ] GC(207) Small Pages: 307 / 614M, Empty: 544M, Relocated: 1M, In-Place: 0
[118.500s][info][gc,reloc    ] GC(207) Medium Pages: 2 / 64M, Empty: 32M, Relocated: 0M, In-Place: 0
[118.500s][info][gc,reloc    ] GC(207) Large Pages: 7 / 62M, Empty: 0M, Relocated: 0M, In-Place: 0
[118.500s][info][gc,reloc    ] GC(207) Forwarding Usage: 0M
[118.500s][info][gc,heap     ] GC(207) Min Capacity: 2048M(100%)
[118.500s][info][gc,heap     ] GC(207) Max Capacity: 2048M(100%)
[118.500s][info][gc,heap     ] GC(207) Soft Max Capacity: 2048M(100%)
[118.500s][info][gc,heap     ] GC(207)                Mark Start          Mark End        Relocate Start      Relocate End           High               Low         
[118.500s][info][gc,heap     ] GC(207)  Capacity:     2048M (100%)       2048M (100%)       2048M (100%)       2048M (100%)       2048M (100%)       2048M (100%)   
[118.500s][info][gc,heap     ] GC(207)      Free:     1308M (64%)        1306M (64%)        1882M (92%)        1900M (93%)        1900M (93%)        1306M (64%)    
[118.500s][info][gc,heap     ] GC(207)      Used:      740M (36%)         742M (36%)         166M (8%)          148M (7%)          742M (36%)         148M (7%)     
[118.500s][info][gc,heap     ] GC(207)      Live:         -               106M (5%)          106M (5%)          106M (5%)             -                  -          
[118.500s][info][gc,heap     ] GC(207) Allocated:         -                 2M (0%)            2M (0%)            2M (0%)             -                  -          
[118.500s][info][gc,heap     ] GC(207)   Garbage:         -               633M (31%)          57M (3%)           39M (2%)             -                  -          
[118.500s][info][gc,heap     ] GC(207) Reclaimed:         -                  -               576M (28%)         594M (29%)            -                  -          
[118.500s][info][gc          ] GC(207) Garbage Collection (System.gc()) 740M(36%)->148M(7%)
[119.106s][info][gc,start    ] GC(208) Garbage Collection (Allocation Rate)
[119.106s][info][gc,task     ] GC(208) Using 1 workers
[119.106s][info][gc,phases   ] GC(208) Pause Mark Start 0.008ms
[119.169s][info][gc,phases   ] GC(208) Concurrent Mark 63.066ms
[119.169s][info][gc,phases   ] GC(208) Pause Mark End 0.012ms
[119.169s][info][gc,phases   ] GC(208) Concurrent Mark Free 0.001ms
[119.196s][info][gc,phases   ] GC(208) Concurrent Process Non-Strong References 26.217ms
[119.196s][info][gc,phases   ] GC(208) Concurrent Reset Relocation Set 0.001ms
[119.198s][info][gc,phases   ] GC(208) Concurrent Select Relocation Set 2.051ms
[119.198s][info][gc,phases   ] GC(208) Pause Relocate Start 0.009ms
[119.202s][info][gc,phases   ] GC(208) Concurrent Relocate 4.053ms
[119.202s][info][gc,load     ] GC(208) Load: 0.00/0.00/0.00
[119.202s][info][gc,mmu      ] GC(208) MMU: 2ms/98.5%, 5ms/99.4%, 10ms/99.6%, 20ms/99.8%, 50ms/99.9%, 100ms/99.9%
[119.202s][info][gc,marking  ] GC(208) Mark: 1 stripe(s), 2 proactive flush(es), 1 terminate flush(es), 0 completion(s), 0 continuation(s) 
[119.202s][info][gc,marking  ] GC(208) Mark Stack Usage: 32M
[119.202s][info][gc,nmethod  ] GC(208) NMethods: 15116 registered, 2270 unregistered
[119.202s][info][gc,metaspace] GC(208) Metaspace: 100M used, 100M committed, 1152M reserved
[119.202s][info][gc,ref      ] GC(208) Soft: 4314 encountered, 0 discovered, 0 enqueued
[119.202s][info][gc,ref      ] GC(208) Weak: 7446 encountered, 6251 discovered, 1 enqueued
[119.202s][info][gc,ref      ] GC(208) Final: 1 encountered, 0 discovered, 0 enqueued
[119.202s][info][gc,ref      ] GC(208) Phantom: 773 encountered, 395 discovered, 0 enqueued
[119.202s][info][gc,reloc    ] GC(208) Small Pages: 564 / 1128M, Empty: 644M, Relocated: 1M, In-Place: 0
[119.202s][info][gc,reloc    ] GC(208) Medium Pages: 2 / 64M, Empty: 32M, Relocated: 0M, In-Place: 0
[119.202s][info][gc,reloc    ] GC(208) Large Pages: 7 / 62M, Empty: 0M, Relocated: 0M, In-Place: 0
[119.202s][info][gc,reloc    ] GC(208) Forwarding Usage: 0M
[119.202s][info][gc,heap     ] GC(208) Min Capacity: 2048M(100%)
[119.202s][info][gc,heap     ] GC(208) Max Capacity: 2048M(100%)
[119.202s][info][gc,heap     ] GC(208) Soft Max Capacity: 2048M(100%)
[119.202s][info][gc,heap     ] GC(208)                Mark Start          Mark End        Relocate Start      Relocate End           High               Low         
[119.202s][info][gc,heap     ] GC(208)  Capacity:     2048M (100%)       2048M (100%)       2048M (100%)       2048M (100%)       2048M (100%)       2048M (100%)   
[119.202s][info][gc,heap     ] GC(208)      Free:      794M (39%)         656M (32%)        1270M (62%)        1694M (83%)        1694M (83%)         598M (29%)    
[119.202s][info][gc,heap     ] GC(208)      Used:     1254M (61%)        1392M (68%)         778M (38%)         354M (17%)        1450M (71%)         354M (17%)    
[119.202s][info][gc,heap     ] GC(208)      Live:         -               107M (5%)          107M (5%)          107M (5%)             -                  -          
[119.203s][info][gc,heap     ] GC(208) Allocated:         -               138M (7%)          200M (10%)         207M (10%)            -                  -          
[119.203s][info][gc,heap     ] GC(208)   Garbage:         -              1146M (56%)         470M (23%)          38M (2%)             -                  -          
[119.203s][info][gc,heap     ] GC(208) Reclaimed:         -                  -               676M (33%)        1107M (54%)            -                  -          
[119.203s][info][gc          ] GC(208) Garbage Collection (Allocation Rate) 1254M(61%)->354M(17%)
[119.599s][info][gc,start    ] GC(209) Garbage Collection (Allocation Rate)
[119.599s][info][gc,task     ] GC(209) Using 1 workers
[119.599s][info][gc,phases   ] GC(209) Pause Mark Start 0.010ms
[119.724s][info][gc,phases   ] GC(209) Concurrent Mark 125.119ms
[119.724s][info][gc,phases   ] GC(209) Pause Mark End 0.013ms
[119.724s][info][gc,phases   ] GC(209) Concurrent Mark Free 0.001ms
[119.751s][info][gc,phases   ] GC(209) Concurrent Process Non-Strong References 26.409ms
[119.751s][info][gc,phases   ] GC(209) Concurrent Reset Relocation Set 0.013ms
[119.756s][info][gc,phases   ] GC(209) Concurrent Select Relocation Set 5.443ms
[119.757s][info][gc,phases   ] GC(209) Pause Relocate Start 0.014ms
[119.798s][info][gc,phases   ] GC(209) Concurrent Relocate 41.195ms
[119.798s][info][gc,load     ] GC(209) Load: 0.00/0.00/0.00
[119.798s][info][gc,mmu      ] GC(209) MMU: 2ms/98.5%, 5ms/99.4%, 10ms/99.6%, 20ms/99.8%, 50ms/99.9%, 100ms/99.9%
[119.798s][info][gc,marking  ] GC(209) Mark: 1 stripe(s), 2 proactive flush(es), 1 terminate flush(es), 0 completion(s), 0 continuation(s) 
[119.798s][info][gc,marking  ] GC(209) Mark Stack Usage: 32M
[119.798s][info][gc,nmethod  ] GC(209) NMethods: 15116 registered, 2270 unregistered
[119.798s][info][gc,metaspace] GC(209) Metaspace: 100M used, 100M committed, 1152M reserved
[119.798s][info][gc,ref      ] GC(209) Soft: 4314 encountered, 0 discovered, 0 enqueued
[119.798s][info][gc,ref      ] GC(209) Weak: 7446 encountered, 6251 discovered, 6 enqueued
[119.798s][info][gc,ref      ] GC(209) Final: 1 encountered, 0 discovered, 0 enqueued
[119.798s][info][gc,ref      ] GC(209) Phantom: 773 encountered, 395 discovered, 0 enqueued
[119.798s][info][gc,reloc    ] GC(209) Small Pages: 601 / 1202M, Empty: 232M, Relocated: 27M, In-Place: 0
[119.798s][info][gc,reloc    ] GC(209) Medium Pages: 2 / 64M, Empty: 0M, Relocated: 3M, In-Place: 0
[119.798s][info][gc,reloc    ] GC(209) Large Pages: 7 / 62M, Empty: 0M, Relocated: 0M, In-Place: 0
[119.798s][info][gc,reloc    ] GC(209) Forwarding Usage: 16M
[119.798s][info][gc,heap     ] GC(209) Min Capacity: 2048M(100%)
[119.798s][info][gc,heap     ] GC(209) Max Capacity: 2048M(100%)
[119.798s][info][gc,heap     ] GC(209) Soft Max Capacity: 2048M(100%)
[119.798s][info][gc,heap     ] GC(209)                Mark Start          Mark End        Relocate Start      Relocate End           High               Low         
[119.798s][info][gc,heap     ] GC(209)  Capacity:     2048M (100%)       2048M (100%)       2048M (100%)       2048M (100%)       2048M (100%)       2048M (100%)   
[119.798s][info][gc,heap     ] GC(209)      Free:      720M (35%)         416M (20%)         570M (28%)        1378M (67%)        1380M (67%)         350M (17%)    
[119.798s][info][gc,heap     ] GC(209)      Used:     1328M (65%)        1632M (80%)        1478M (72%)         670M (33%)        1698M (83%)         668M (33%)    
[119.798s][info][gc,heap     ] GC(209)      Live:         -               134M (7%)          134M (7%)          134M (7%)             -                  -          
[119.798s][info][gc,heap     ] GC(209) Allocated:         -               304M (15%)         382M (19%)         499M (24%)            -                  -          
[119.798s][info][gc,heap     ] GC(209)   Garbage:         -              1193M (58%)         961M (47%)          36M (2%)             -                  -          
[119.798s][info][gc,heap     ] GC(209) Reclaimed:         -                  -               232M (11%)        1157M (57%)            -                  -          
[119.798s][info][gc          ] GC(209) Garbage Collection (Allocation Rate) 1328M(65%)->670M(33%)
[119.898s][info][gc,start    ] GC(210) Garbage Collection (Allocation Rate)
[119.898s][info][gc,task     ] GC(210) Using 1 workers
[119.898s][info][gc,phases   ] GC(210) Pause Mark Start 0.010ms
[120.027s][info][gc,phases   ] GC(210) Concurrent Mark 128.873ms
[120.028s][info][gc,phases   ] GC(210) Pause Mark End 0.014ms
[120.028s][info][gc,phases   ] GC(210) Concurrent Mark Free 0.001ms
[120.052s][info][gc,phases   ] GC(210) Concurrent Process Non-Strong References 23.999ms
[120.052s][info][gc,phases   ] GC(210) Concurrent Reset Relocation Set 0.037ms
[120.055s][info][gc,phases   ] GC(210) Concurrent Select Relocation Set 2.987ms
[120.055s][info][gc,phases   ] GC(210) Pause Relocate Start 0.011ms
[120.060s][info][gc,phases   ] GC(210) Concurrent Relocate 4.675ms
[120.060s][info][gc,load     ] GC(210) Load: 0.00/0.00/0.00
[120.060s][info][gc,mmu      ] GC(210) MMU: 2ms/98.5%, 5ms/99.4%, 10ms/99.6%, 20ms/99.8%, 50ms/99.9%, 100ms/99.9%
[120.060s][info][gc,marking  ] GC(210) Mark: 1 stripe(s), 2 proactive flush(es), 1 terminate flush(es), 0 completion(s), 0 continuation(s) 
[120.060s][info][gc,marking  ] GC(210) Mark Stack Usage: 32M
[120.060s][info][gc,nmethod  ] GC(210) NMethods: 15116 registered, 2270 unregistered
[120.060s][info][gc,metaspace] GC(210) Metaspace: 100M used, 100M committed, 1152M reserved
[120.060s][info][gc,ref      ] GC(210) Soft: 4314 encountered, 0 discovered, 0 enqueued
[120.060s][info][gc,ref      ] GC(210) Weak: 7438 encountered, 6246 discovered, 0 enqueued
[120.060s][info][gc,ref      ] GC(210) Final: 1 encountered, 0 discovered, 0 enqueued
[120.060s][info][gc,ref      ] GC(210) Phantom: 773 encountered, 395 discovered, 0 enqueued
[120.060s][info][gc,reloc    ] GC(210) Small Pages: 397 / 794M, Empty: 310M, Relocated: 3M, In-Place: 0
[120.060s][info][gc,reloc    ] GC(210) Medium Pages: 2 / 64M, Empty: 32M, Relocated: 0M, In-Place: 0
[120.060s][info][gc,reloc    ] GC(210) Large Pages: 7 / 62M, Empty: 0M, Relocated: 0M, In-Place: 0
[120.060s][info][gc,reloc    ] GC(210) Forwarding Usage: 1M
[120.060s][info][gc,heap     ] GC(210) Min Capacity: 2048M(100%)
[120.060s][info][gc,heap     ] GC(210) Max Capacity: 2048M(100%)
[120.060s][info][gc,heap     ] GC(210) Soft Max Capacity: 2048M(100%)
[120.060s][info][gc,heap     ] GC(210)                Mark Start          Mark End        Relocate Start      Relocate End           High               Low         
[120.060s][info][gc,heap     ] GC(210)  Capacity:     2048M (100%)       2048M (100%)       2048M (100%)       2048M (100%)       2048M (100%)       2048M (100%)   
[120.060s][info][gc,heap     ] GC(210)      Free:     1128M (55%)         874M (43%)        1216M (59%)        1624M (79%)        1624M (79%)         874M (43%)    
[120.060s][info][gc,heap     ] GC(210)      Used:      920M (45%)        1174M (57%)         832M (41%)         424M (21%)        1174M (57%)         424M (21%)    
[120.060s][info][gc,heap     ] GC(210)      Live:         -               134M (7%)          134M (7%)          134M (7%)             -                  -          
[120.060s][info][gc,heap     ] GC(210) Allocated:         -               254M (12%)         254M (12%)         253M (12%)            -                  -          
[120.060s][info][gc,heap     ] GC(210)   Garbage:         -               785M (38%)         443M (22%)          35M (2%)             -                  -          
[120.060s][info][gc,heap     ] GC(210) Reclaimed:         -                  -               342M (17%)         749M (37%)            -                  -          
[120.060s][info][gc          ] GC(210) Garbage Collection (Allocation Rate) 920M(45%)->424M(21%)
[120.060s][info][gc,start    ] GC(211) Garbage Collection (System.gc())
[120.060s][info][gc,task     ] GC(211) Using 2 workers
[120.060s][info][gc,phases   ] GC(211) Pause Mark Start 0.009ms
[120.104s][info][gc,stats    ] === Garbage Collection Statistics =======================================================================================================================
[120.104s][info][gc,phases   ] GC(211) Concurrent Mark 43.355ms
[120.104s][info][gc,stats    ]                                                              Last 10s              Last 10m              Last 10h                Total
[120.104s][info][gc,stats    ]                                                              Avg / Max             Avg / Max             Avg / Max             Avg / Max
[120.104s][info][gc,stats    ]   Collector: Garbage Collection Cycle                    108.574 / 199.447     221.689 / 1215.582    221.689 / 1215.582    221.689 / 1215.582    ms
[120.104s][info][gc,stats    ]  Contention: Mark Segment Reset Contention                     0 / 1                 5 / 496               5 / 496               5 / 496         ops/s
[120.104s][info][gc,phases   ] GC(211) Pause Mark End 0.017ms
[120.104s][info][gc,stats    ]  Contention: Mark SeqNum Reset Contention                      0 / 0                 0 / 4                 0 / 4                 0 / 4           ops/s
[120.104s][info][gc,stats    ]    Critical: Allocation Stall                                  0 / 0                 0 / 6                 0 / 6                 0 / 6           ops/s
[120.104s][info][gc,phases   ] GC(211) Concurrent Mark Free 0.002ms
[120.104s][info][gc,stats    ]    Critical: Allocation Stall                              0.000 / 0.000       513.228 / 1001.934    513.228 / 1001.934    513.228 / 1001.934    ms
[120.105s][info][gc,stats    ]    Critical: GC Locker Stall                                   0 / 0                 0 / 1                 0 / 1                 0 / 1           ops/s
[120.105s][info][gc,stats    ]    Critical: GC Locker Stall                               0.000 / 0.000         0.000 / 0.000         0.000 / 0.000         0.000 / 0.000       ms
[120.105s][info][gc,stats    ]    Critical: Relocation Stall                                  0 / 0                 0 / 1                 0 / 1                 0 / 1           ops/s
[120.105s][info][gc,stats    ]    Critical: Relocation Stall                              0.000 / 0.000         7.319 / 11.251        7.319 / 11.251        7.319 / 11.251      ms
[120.105s][info][gc,stats    ]      Memory: Allocation Rate                                2082 / 2370           1393 / 2422           1393 / 2422           1393 / 2422        MB/s
[120.105s][info][gc,stats    ]      Memory: Out Of Memory                                     0 / 0                 0 / 0                 0 / 0                 0 / 0           ops/s
[120.105s][info][gc,stats    ]      Memory: Page Cache Flush                                  3 / 32                9 / 172               9 / 172               9 / 172         MB/s
[120.105s][info][gc,stats    ]      Memory: Page Cache Hit L1                              1023 / 1172            678 / 1197            678 / 1197            678 / 1197        ops/s
[120.105s][info][gc,stats    ]      Memory: Page Cache Hit L2                                 0 / 0                 0 / 0                 0 / 0                 0 / 0           ops/s
[120.105s][info][gc,stats    ]      Memory: Page Cache Hit L3                                 0 / 0                10 / 289              10 / 289              10 / 289         ops/s
[120.105s][info][gc,stats    ]      Memory: Page Cache Miss                                   0 / 1                 0 / 11                0 / 11                0 / 11          ops/s
[120.105s][info][gc,stats    ]      Memory: Uncommit                                          0 / 0                 0 / 0                 0 / 0                 0 / 0           MB/s
[120.105s][info][gc,stats    ]      Memory: Undo Object Allocation Failed                     0 / 1                 0 / 3                 0 / 3                 0 / 3           ops/s
[120.105s][info][gc,stats    ]      Memory: Undo Object Allocation Succeeded                  0 / 2                 7 / 520               7 / 520               7 / 520         ops/s
[120.105s][info][gc,stats    ]      Memory: Undo Page Allocation                              0 / 1                 0 / 3                 0 / 3                 0 / 3           ops/s
[120.105s][info][gc,stats    ]       Phase: Concurrent Mark                              74.736 / 128.873     178.456 / 1158.372    178.456 / 1158.372    178.456 / 1158.372    ms
[120.105s][info][gc,stats    ]       Phase: Concurrent Mark Continue                      0.000 / 0.000         0.000 / 0.000         0.000 / 0.000         0.000 / 0.000       ms
[120.105s][info][gc,stats    ]       Phase: Concurrent Mark Free                          0.001 / 0.002         0.021 / 4.217         0.021 / 4.217         0.021 / 4.217       ms
[120.105s][info][gc,stats    ]       Phase: Concurrent Process Non-Strong References     17.009 / 26.409       16.642 / 31.183       16.642 / 31.183       16.642 / 31.183      ms
[120.105s][info][gc,stats    ]       Phase: Concurrent Relocate                          12.146 / 41.195       20.584 / 247.779      20.584 / 247.779      20.584 / 247.779     ms
[120.105s][info][gc,stats    ]       Phase: Concurrent Reset Relocation Set               0.017 / 0.046         0.015 / 0.061         0.015 / 0.061         0.015 / 0.061       ms
[120.105s][info][gc,stats    ]       Phase: Concurrent Select Relocation Set              3.619 / 7.374         4.669 / 40.244        4.669 / 40.244        4.669 / 40.244      ms
[120.105s][info][gc,stats    ]       Phase: Pause Mark End                                0.017 / 0.028         0.017 / 0.030         0.017 / 0.030         0.017 / 0.030       ms
[120.105s][info][gc,stats    ]       Phase: Pause Mark Start                              0.009 / 0.013         0.009 / 0.030         0.009 / 0.030         0.009 / 0.030       ms
[120.105s][info][gc,stats    ]       Phase: Pause Relocate Start                          0.012 / 0.025         0.011 / 0.025         0.011 / 0.025         0.011 / 0.025       ms
[120.105s][info][gc,stats    ]    Subphase: Concurrent Classes Purge                      0.642 / 0.987         0.592 / 1.058         0.592 / 1.058         0.592 / 1.058       ms
[120.105s][info][gc,stats    ]    Subphase: Concurrent Classes Unlink                    14.953 / 23.580       14.563 / 28.085       14.563 / 28.085       14.563 / 28.085      ms
[120.105s][info][gc,stats    ]    Subphase: Concurrent Mark                              64.313 / 127.572     189.424 / 1155.457    189.424 / 1155.457    189.424 / 1155.457    ms
[120.105s][info][gc,stats    ]    Subphase: Concurrent Mark Try Flush                     0.092 / 0.305         0.099 / 0.511         0.099 / 0.511         0.099 / 0.511       ms
[120.105s][info][gc,stats    ]    Subphase: Concurrent Mark Try Terminate                 2.329 / 14.908        2.381 / 16.923        2.381 / 16.923        2.381 / 16.923      ms
[120.105s][info][gc,stats    ]    Subphase: Concurrent References Enqueue                 0.005 / 0.008         0.005 / 0.009         0.005 / 0.009         0.005 / 0.009       ms
[120.105s][info][gc,stats    ]    Subphase: Concurrent References Process                 0.503 / 1.066         0.543 / 1.172         0.543 / 1.172         0.543 / 1.172       ms
[120.105s][info][gc,stats    ]    Subphase: Concurrent Roots ClassLoaderDataGraph         0.149 / 0.399         0.145 / 0.429         0.145 / 0.429         0.145 / 0.429       ms
[120.105s][info][gc,stats    ]    Subphase: Concurrent Roots CodeCache                    0.000 / 0.000         0.000 / 0.000         0.000 / 0.000         0.000 / 0.000       ms
[120.105s][info][gc,stats    ]    Subphase: Concurrent Roots JavaThreads                  0.772 / 1.342         1.283 / 2.895         1.283 / 2.895         1.283 / 2.895       ms
[120.105s][info][gc,stats    ]    Subphase: Concurrent Roots OopStorageSet                0.035 / 0.067         0.037 / 0.157         0.037 / 0.157         0.037 / 0.157       ms
[120.105s][info][gc,stats    ]    Subphase: Concurrent Weak Roots OopStorageSet           0.701 / 0.948         0.714 / 1.390         0.714 / 1.390         0.714 / 1.390       ms
[120.105s][info][gc,stats    ]    Subphase: Pause Mark Try Complete                       0.000 / 0.000         0.000 / 0.000         0.000 / 0.000         0.000 / 0.000       ms
[120.105s][info][gc,stats    ]      System: Java Threads                                     31 / 33               38 / 48               38 / 48               38 / 48          threads
[120.105s][info][gc,stats    ] =========================================================================================================================================================
[120.118s][info][gc,phases   ] GC(211) Concurrent Process Non-Strong References 13.632ms
[120.118s][info][gc,phases   ] GC(211) Concurrent Reset Relocation Set 0.009ms
[120.119s][info][gc,phases   ] GC(211) Concurrent Select Relocation Set 1.250ms
[120.120s][info][gc,phases   ] GC(211) Pause Relocate Start 0.010ms
[120.121s][info][gc,phases   ] GC(211) Concurrent Relocate 1.112ms
[120.121s][info][gc,load     ] GC(211) Load: 0.00/0.00/0.00
[120.121s][info][gc,mmu      ] GC(211) MMU: 2ms/98.5%, 5ms/99.4%, 10ms/99.6%, 20ms/99.8%, 50ms/99.9%, 100ms/99.9%
[120.121s][info][gc,marking  ] GC(211) Mark: 2 stripe(s), 2 proactive flush(es), 1 terminate flush(es), 0 completion(s), 0 continuation(s) 
[120.121s][info][gc,marking  ] GC(211) Mark Stack Usage: 32M
[120.121s][info][gc,nmethod  ] GC(211) NMethods: 15116 registered, 2270 unregistered
[120.121s][info][gc,metaspace] GC(211) Metaspace: 100M used, 100M committed, 1152M reserved
[120.121s][info][gc,ref      ] GC(211) Soft: 4314 encountered, 0 discovered, 0 enqueued
[120.121s][info][gc,ref      ] GC(211) Weak: 7439 encountered, 463 discovered, 3 enqueued
[120.121s][info][gc,ref      ] GC(211) Final: 1 encountered, 0 discovered, 0 enqueued
[120.121s][info][gc,ref      ] GC(211) Phantom: 773 encountered, 637 discovered, 0 enqueued
[120.121s][info][gc,reloc    ] GC(211) Small Pages: 165 / 330M, Empty: 262M, Relocated: 1M, In-Place: 0
[120.121s][info][gc,reloc    ] GC(211) Medium Pages: 1 / 32M, Empty: 0M, Relocated: 0M, In-Place: 0
[120.121s][info][gc,reloc    ] GC(211) Large Pages: 7 / 62M, Empty: 0M, Relocated: 0M, In-Place: 0
[120.121s][info][gc,reloc    ] GC(211) Forwarding Usage: 0M
[120.121s][info][gc,heap     ] GC(211) Min Capacity: 2048M(100%)
[120.121s][info][gc,heap     ] GC(211) Max Capacity: 2048M(100%)
[120.121s][info][gc,heap     ] GC(211) Soft Max Capacity: 2048M(100%)
[120.121s][info][gc,heap     ] GC(211)                Mark Start          Mark End        Relocate Start      Relocate End           High               Low         
[120.121s][info][gc,heap     ] GC(211)  Capacity:     2048M (100%)       2048M (100%)       2048M (100%)       2048M (100%)       2048M (100%)       2048M (100%)   
[120.121s][info][gc,heap     ] GC(211)      Free:     1624M (79%)        1624M (79%)        1886M (92%)        1902M (93%)        1902M (93%)        1624M (79%)    
[120.121s][info][gc,heap     ] GC(211)      Used:      424M (21%)         424M (21%)         162M (8%)          146M (7%)          424M (21%)         146M (7%)     
[120.121s][info][gc,heap     ] GC(211)      Live:         -               106M (5%)          106M (5%)          106M (5%)             -                  -          
[120.121s][info][gc,heap     ] GC(211) Allocated:         -                 0M (0%)            0M (0%)            0M (0%)             -                  -          
[120.121s][info][gc,heap     ] GC(211)   Garbage:         -               317M (16%)          55M (3%)           39M (2%)             -                  -          
[120.121s][info][gc,heap     ] GC(211) Reclaimed:         -                  -               262M (13%)         278M (14%)            -                  -          
[120.121s][info][gc          ] GC(211) Garbage Collection (System.gc()) 424M(21%)->146M(7%)
[120.697s][info][gc,start    ] GC(212) Garbage Collection (Allocation Rate)
[120.697s][info][gc,task     ] GC(212) Using 1 workers
[120.697s][info][gc,phases   ] GC(212) Pause Mark Start 0.007ms
[120.760s][info][gc,phases   ] GC(212) Concurrent Mark 63.171ms
[120.760s][info][gc,phases   ] GC(212) Pause Mark End 0.012ms
[120.761s][info][gc,phases   ] GC(212) Concurrent Mark Free 0.001ms
[120.787s][info][gc,phases   ] GC(212) Concurrent Process Non-Strong References 26.694ms
[120.787s][info][gc,phases   ] GC(212) Concurrent Reset Relocation Set 0.003ms
[120.790s][info][gc,phases   ] GC(212) Concurrent Select Relocation Set 2.153ms
[120.790s][info][gc,phases   ] GC(212) Pause Relocate Start 0.013ms
[120.796s][info][gc,phases   ] GC(212) Concurrent Relocate 5.821ms
[120.796s][info][gc,load     ] GC(212) Load: 0.00/0.00/0.00
[120.796s][info][gc,mmu      ] GC(212) MMU: 2ms/98.5%, 5ms/99.4%, 10ms/99.6%, 20ms/99.8%, 50ms/99.9%, 100ms/99.9%
[120.796s][info][gc,marking  ] GC(212) Mark: 1 stripe(s), 2 proactive flush(es), 1 terminate flush(es), 0 completion(s), 0 continuation(s) 
[120.796s][info][gc,marking  ] GC(212) Mark Stack Usage: 32M
[120.796s][info][gc,nmethod  ] GC(212) NMethods: 15117 registered, 2270 unregistered
[120.796s][info][gc,metaspace] GC(212) Metaspace: 100M used, 100M committed, 1152M reserved
[120.796s][info][gc,ref      ] GC(212) Soft: 4314 encountered, 0 discovered, 0 enqueued
[120.796s][info][gc,ref      ] GC(212) Weak: 7446 encountered, 6248 discovered, 1 enqueued
[120.796s][info][gc,ref      ] GC(212) Final: 1 encountered, 0 discovered, 0 enqueued
[120.796s][info][gc,ref      ] GC(212) Phantom: 773 encountered, 395 discovered, 0 enqueued
[120.796s][info][gc,reloc    ] GC(212) Small Pages: 537 / 1074M, Empty: 642M, Relocated: 3M, In-Place: 0
[120.796s][info][gc,reloc    ] GC(212) Medium Pages: 2 / 64M, Empty: 32M, Relocated: 0M, In-Place: 0
[120.796s][info][gc,reloc    ] GC(212) Large Pages: 7 / 62M, Empty: 0M, Relocated: 0M, In-Place: 0
[120.796s][info][gc,reloc    ] GC(212) Forwarding Usage: 1M
[120.796s][info][gc,heap     ] GC(212) Min Capacity: 2048M(100%)
[120.796s][info][gc,heap     ] GC(212) Max Capacity: 2048M(100%)
[120.796s][info][gc,heap     ] GC(212) Soft Max Capacity: 2048M(100%)
[120.796s][info][gc,heap     ] GC(212)                Mark Start          Mark End        Relocate Start      Relocate End           High               Low         
[120.796s][info][gc,heap     ] GC(212)  Capacity:     2048M (100%)       2048M (100%)       2048M (100%)       2048M (100%)       2048M (100%)       2048M (100%)   
[120.796s][info][gc,heap     ] GC(212)      Free:      848M (41%)         712M (35%)        1326M (65%)        1696M (83%)        1698M (83%)         656M (32%)    
[120.796s][info][gc,heap     ] GC(212)      Used:     1200M (59%)        1336M (65%)         722M (35%)         352M (17%)        1392M (68%)         350M (17%)    
[120.796s][info][gc,heap     ] GC(212)      Live:         -               107M (5%)          107M (5%)          107M (5%)             -                  -          
[120.796s][info][gc,heap     ] GC(212) Allocated:         -               136M (7%)          196M (10%)         207M (10%)            -                  -          
[120.796s][info][gc,heap     ] GC(212)   Garbage:         -              1092M (53%)         418M (20%)          36M (2%)             -                  -          
[120.796s][info][gc,heap     ] GC(212) Reclaimed:         -                  -               674M (33%)        1055M (52%)            -                  -          
[120.796s][info][gc          ] GC(212) Garbage Collection (Allocation Rate) 1200M(59%)->352M(17%)
[121.306s][info][gc,start    ] GC(213) Garbage Collection (Allocation Rate)
[121.306s][info][gc,task     ] GC(213) Using 2 workers
[121.306s][info][gc,phases   ] GC(213) Pause Mark Start 0.011ms
[121.385s][info][gc,phases   ] GC(213) Concurrent Mark 78.832ms
[121.385s][info][gc,phases   ] GC(213) Pause Mark End 0.018ms
[121.385s][info][gc,phases   ] GC(213) Concurrent Mark Free 0.002ms
[121.399s][info][gc,phases   ] GC(213) Concurrent Process Non-Strong References 13.972ms
[121.399s][info][gc,phases   ] GC(213) Concurrent Reset Relocation Set 0.011ms
[121.405s][info][gc,phases   ] GC(213) Concurrent Select Relocation Set 5.039ms
[121.405s][info][gc,phases   ] GC(213) Pause Relocate Start 0.015ms
[121.431s][info][gc,phases   ] GC(213) Concurrent Relocate 26.033ms
[121.431s][info][gc,load     ] GC(213) Load: 0.00/0.00/0.00
[121.431s][info][gc,mmu      ] GC(213) MMU: 2ms/98.5%, 5ms/99.4%, 10ms/99.6%, 20ms/99.8%, 50ms/99.9%, 100ms/99.9%
[121.431s][info][gc,marking  ] GC(213) Mark: 2 stripe(s), 2 proactive flush(es), 1 terminate flush(es), 0 completion(s), 0 continuation(s) 
[121.431s][info][gc,marking  ] GC(213) Mark Stack Usage: 32M
[121.431s][info][gc,nmethod  ] GC(213) NMethods: 15117 registered, 2270 unregistered
[121.431s][info][gc,metaspace] GC(213) Metaspace: 100M used, 100M committed, 1152M reserved
[121.431s][info][gc,ref      ] GC(213) Soft: 4314 encountered, 0 discovered, 0 enqueued
[121.431s][info][gc,ref      ] GC(213) Weak: 7446 encountered, 268 discovered, 6 enqueued
[121.431s][info][gc,ref      ] GC(213) Final: 1 encountered, 0 discovered, 0 enqueued
[121.431s][info][gc,ref      ] GC(213) Phantom: 773 encountered, 558 discovered, 0 enqueued
[121.431s][info][gc,reloc    ] GC(213) Small Pages: 735 / 1470M, Empty: 382M, Relocated: 26M, In-Place: 0
[121.431s][info][gc,reloc    ] GC(213) Medium Pages: 2 / 64M, Empty: 0M, Relocated: 3M, In-Place: 0
[121.431s][info][gc,reloc    ] GC(213) Large Pages: 7 / 62M, Empty: 0M, Relocated: 0M, In-Place: 0
[121.431s][info][gc,reloc    ] GC(213) Forwarding Usage: 16M
[121.431s][info][gc,heap     ] GC(213) Min Capacity: 2048M(100%)
[121.431s][info][gc,heap     ] GC(213) Max Capacity: 2048M(100%)
[121.431s][info][gc,heap     ] GC(213) Soft Max Capacity: 2048M(100%)
[121.431s][info][gc,heap     ] GC(213)                Mark Start          Mark End        Relocate Start      Relocate End           High               Low         
[121.431s][info][gc,heap     ] GC(213)  Capacity:     2048M (100%)       2048M (100%)       2048M (100%)       2048M (100%)       2048M (100%)       2048M (100%)   
[121.431s][info][gc,heap     ] GC(213)      Free:      452M (22%)         266M (13%)         602M (29%)        1560M (76%)        1560M (76%)         232M (11%)    
[121.431s][info][gc,heap     ] GC(213)      Used:     1596M (78%)        1782M (87%)        1446M (71%)         488M (24%)        1816M (89%)         488M (24%)    
[121.431s][info][gc,heap     ] GC(213)      Live:         -               134M (7%)          134M (7%)          134M (7%)             -                  -          
[121.431s][info][gc,heap     ] GC(213) Allocated:         -               186M (9%)          232M (11%)         314M (15%)            -                  -          
[121.431s][info][gc,heap     ] GC(213)   Garbage:         -              1461M (71%)        1079M (53%)          38M (2%)             -                  -          
[121.431s][info][gc,heap     ] GC(213) Reclaimed:         -                  -               382M (19%)        1422M (69%)            -                  -          
[121.431s][info][gc          ] GC(213) Garbage Collection (Allocation Rate) 1596M(78%)->488M(24%)
[121.608s][info][gc,start    ] GC(214) Garbage Collection (Allocation Rate)
[121.608s][info][gc,task     ] GC(214) Using 2 workers
[121.608s][info][gc,phases   ] GC(214) Pause Mark Start 0.009ms
[121.671s][info][gc,phases   ] GC(214) Concurrent Mark 62.789ms
[121.671s][info][gc,phases   ] GC(214) Pause Mark End 0.026ms
[121.671s][info][gc,phases   ] GC(214) Concurrent Mark Free 0.001ms
[121.684s][info][gc,phases   ] GC(214) Concurrent Process Non-Strong References 12.384ms
[121.684s][info][gc,phases   ] GC(214) Concurrent Reset Relocation Set 0.026ms
[121.686s][info][gc,phases   ] GC(214) Concurrent Select Relocation Set 2.392ms
[121.686s][info][gc,phases   ] GC(214) Pause Relocate Start 0.009ms
[121.694s][info][gc,phases   ] GC(214) Concurrent Relocate 7.351ms
[121.694s][info][gc,load     ] GC(214) Load: 0.00/0.00/0.00
[121.694s][info][gc,mmu      ] GC(214) MMU: 2ms/98.5%, 5ms/99.4%, 10ms/99.6%, 20ms/99.8%, 50ms/99.9%, 100ms/99.9%
[121.694s][info][gc,marking  ] GC(214) Mark: 2 stripe(s), 2 proactive flush(es), 1 terminate flush(es), 0 completion(s), 0 continuation(s) 
[121.694s][info][gc,marking  ] GC(214) Mark Stack Usage: 32M
[121.694s][info][gc,nmethod  ] GC(214) NMethods: 15117 registered, 2270 unregistered
[121.694s][info][gc,metaspace] GC(214) Metaspace: 100M used, 100M committed, 1152M reserved
[121.694s][info][gc,ref      ] GC(214) Soft: 4314 encountered, 0 discovered, 0 enqueued
[121.694s][info][gc,ref      ] GC(214) Weak: 7439 encountered, 116 discovered, 3 enqueued
[121.694s][info][gc,ref      ] GC(214) Final: 1 encountered, 0 discovered, 0 enqueued
[121.694s][info][gc,ref      ] GC(214) Phantom: 773 encountered, 588 discovered, 0 enqueued
[121.694s][info][gc,reloc    ] GC(214) Small Pages: 398 / 796M, Empty: 538M, Relocated: 10M, In-Place: 0
[121.694s][info][gc,reloc    ] GC(214) Medium Pages: 2 / 64M, Empty: 0M, Relocated: 2M, In-Place: 0
[121.694s][info][gc,reloc    ] GC(214) Large Pages: 7 / 62M, Empty: 0M, Relocated: 0M, In-Place: 0
[121.694s][info][gc,reloc    ] GC(214) Forwarding Usage: 6M
[121.694s][info][gc,heap     ] GC(214) Min Capacity: 2048M(100%)
[121.694s][info][gc,heap     ] GC(214) Max Capacity: 2048M(100%)
[121.694s][info][gc,heap     ] GC(214) Soft Max Capacity: 2048M(100%)
[121.694s][info][gc,heap     ] GC(214)                Mark Start          Mark End        Relocate Start      Relocate End           High               Low         
[121.694s][info][gc,heap     ] GC(214)  Capacity:     2048M (100%)       2048M (100%)       2048M (100%)       2048M (100%)       2048M (100%)       2048M (100%)   
[121.694s][info][gc,heap     ] GC(214)      Free:     1126M (55%)        1082M (53%)        1620M (79%)        1844M (90%)        1844M (90%)        1082M (53%)    
[121.694s][info][gc,heap     ] GC(214)      Used:      922M (45%)         966M (47%)         428M (21%)         204M (10%)         966M (47%)         204M (10%)    
[121.694s][info][gc,heap     ] GC(214)      Live:         -               120M (6%)          120M (6%)          120M (6%)             -                  -          
[121.694s][info][gc,heap     ] GC(214) Allocated:         -                44M (2%)           44M (2%)           44M (2%)             -                  -          
[121.694s][info][gc,heap     ] GC(214)   Garbage:         -               801M (39%)         263M (13%)          39M (2%)             -                  -          
[121.694s][info][gc,heap     ] GC(214) Reclaimed:         -                  -               538M (26%)         762M (37%)            -                  -          
[121.694s][info][gc          ] GC(214) Garbage Collection (Allocation Rate) 922M(45%)->204M(10%)
[121.694s][info][gc,start    ] GC(215) Garbage Collection (System.gc())
[121.694s][info][gc,task     ] GC(215) Using 2 workers
[121.695s][info][gc,phases   ] GC(215) Pause Mark Start 0.007ms
[121.751s][info][gc,phases   ] GC(215) Concurrent Mark 56.259ms
[121.751s][info][gc,phases   ] GC(215) Pause Mark End 0.019ms
[121.751s][info][gc,phases   ] GC(215) Concurrent Mark Free 0.002ms
[121.764s][info][gc,phases   ] GC(215) Concurrent Process Non-Strong References 12.771ms
[121.764s][info][gc,phases   ] GC(215) Concurrent Reset Relocation Set 0.009ms
[121.766s][info][gc,phases   ] GC(215) Concurrent Select Relocation Set 1.675ms
[121.766s][info][gc,phases   ] GC(215) Pause Relocate Start 0.011ms
[121.768s][info][gc,phases   ] GC(215) Concurrent Relocate 1.664ms
[121.768s][info][gc,load     ] GC(215) Load: 0.00/0.00/0.00
[121.768s][info][gc,mmu      ] GC(215) MMU: 2ms/98.5%, 5ms/99.4%, 10ms/99.6%, 20ms/99.8%, 50ms/99.9%, 100ms/99.9%
[121.768s][info][gc,marking  ] GC(215) Mark: 2 stripe(s), 2 proactive flush(es), 1 terminate flush(es), 0 completion(s), 0 continuation(s) 
[121.768s][info][gc,marking  ] GC(215) Mark Stack Usage: 32M
[121.768s][info][gc,nmethod  ] GC(215) NMethods: 15117 registered, 2270 unregistered
[121.768s][info][gc,metaspace] GC(215) Metaspace: 100M used, 100M committed, 1152M reserved
[121.768s][info][gc,ref      ] GC(215) Soft: 4314 encountered, 0 discovered, 0 enqueued
[121.768s][info][gc,ref      ] GC(215) Weak: 7436 encountered, 108 discovered, 0 enqueued
[121.768s][info][gc,ref      ] GC(215) Final: 1 encountered, 1 discovered, 0 enqueued
[121.768s][info][gc,ref      ] GC(215) Phantom: 773 encountered, 679 discovered, 0 enqueued
[121.768s][info][gc,reloc    ] GC(215) Small Pages: 55 / 110M, Empty: 44M, Relocated: 1M, In-Place: 0
[121.768s][info][gc,reloc    ] GC(215) Medium Pages: 1 / 32M, Empty: 0M, Relocated: 0M, In-Place: 0
[121.768s][info][gc,reloc    ] GC(215) Large Pages: 7 / 62M, Empty: 0M, Relocated: 0M, In-Place: 0
[121.768s][info][gc,reloc    ] GC(215) Forwarding Usage: 1M
[121.768s][info][gc,heap     ] GC(215) Min Capacity: 2048M(100%)
[121.768s][info][gc,heap     ] GC(215) Max Capacity: 2048M(100%)
[121.768s][info][gc,heap     ] GC(215) Soft Max Capacity: 2048M(100%)
[121.768s][info][gc,heap     ] GC(215)                Mark Start          Mark End        Relocate Start      Relocate End           High               Low         
[121.768s][info][gc,heap     ] GC(215)  Capacity:     2048M (100%)       2048M (100%)       2048M (100%)       2048M (100%)       2048M (100%)       2048M (100%)   
[121.768s][info][gc,heap     ] GC(215)      Free:     1844M (90%)        1844M (90%)        1888M (92%)        1902M (93%)        1902M (93%)        1844M (90%)    
[121.768s][info][gc,heap     ] GC(215)      Used:      204M (10%)         204M (10%)         160M (8%)          146M (7%)          204M (10%)         146M (7%)     
[121.768s][info][gc,heap     ] GC(215)      Live:         -               106M (5%)          106M (5%)          106M (5%)             -                  -          
[121.768s][info][gc,heap     ] GC(215) Allocated:         -                 0M (0%)            0M (0%)            0M (0%)             -                  -          
[121.768s][info][gc,heap     ] GC(215)   Garbage:         -                97M (5%)           53M (3%)           39M (2%)             -                  -          
[121.768s][info][gc,heap     ] GC(215) Reclaimed:         -                  -                44M (2%)           58M (3%)             -                  -          
[121.768s][info][gc          ] GC(215) Garbage Collection (System.gc()) 204M(10%)->146M(7%)
[122.306s][info][gc,start    ] GC(216) Garbage Collection (Allocation Rate)
[122.306s][info][gc,task     ] GC(216) Using 1 workers
[122.307s][info][gc,phases   ] GC(216) Pause Mark Start 0.008ms
[122.369s][info][gc,phases   ] GC(216) Concurrent Mark 62.635ms
[122.370s][info][gc,phases   ] GC(216) Pause Mark End 0.018ms
[122.370s][info][gc,phases   ] GC(216) Concurrent Mark Free 0.002ms
[122.396s][info][gc,phases   ] GC(216) Concurrent Process Non-Strong References 26.239ms
[122.396s][info][gc,phases   ] GC(216) Concurrent Reset Relocation Set 0.002ms
[122.398s][info][gc,phases   ] GC(216) Concurrent Select Relocation Set 2.368ms
[122.399s][info][gc,phases   ] GC(216) Pause Relocate Start 0.013ms
[122.404s][info][gc,phases   ] GC(216) Concurrent Relocate 5.082ms
[122.404s][info][gc,load     ] GC(216) Load: 0.00/0.00/0.00
[122.404s][info][gc,mmu      ] GC(216) MMU: 2ms/98.5%, 5ms/99.4%, 10ms/99.6%, 20ms/99.8%, 50ms/99.9%, 100ms/99.9%
[122.404s][info][gc,marking  ] GC(216) Mark: 1 stripe(s), 2 proactive flush(es), 1 terminate flush(es), 0 completion(s), 0 continuation(s) 
[122.404s][info][gc,marking  ] GC(216) Mark Stack Usage: 32M
[122.404s][info][gc,nmethod  ] GC(216) NMethods: 15126 registered, 2270 unregistered
[122.404s][info][gc,metaspace] GC(216) Metaspace: 100M used, 100M committed, 1152M reserved
[122.404s][info][gc,ref      ] GC(216) Soft: 4314 encountered, 0 discovered, 0 enqueued
[122.404s][info][gc,ref      ] GC(216) Weak: 7446 encountered, 6248 discovered, 3 enqueued
[122.404s][info][gc,ref      ] GC(216) Final: 1 encountered, 0 discovered, 0 enqueued
[122.404s][info][gc,ref      ] GC(216) Phantom: 773 encountered, 395 discovered, 0 enqueued
[122.404s][info][gc,reloc    ] GC(216) Small Pages: 496 / 992M, Empty: 634M, Relocated: 3M, In-Place: 0
[122.404s][info][gc,reloc    ] GC(216) Medium Pages: 2 / 64M, Empty: 32M, Relocated: 0M, In-Place: 0
[122.404s][info][gc,reloc    ] GC(216) Large Pages: 7 / 62M, Empty: 0M, Relocated: 0M, In-Place: 0
[122.404s][info][gc,reloc    ] GC(216) Forwarding Usage: 1M
[122.404s][info][gc,heap     ] GC(216) Min Capacity: 2048M(100%)
[122.404s][info][gc,heap     ] GC(216) Max Capacity: 2048M(100%)
[122.404s][info][gc,heap     ] GC(216) Soft Max Capacity: 2048M(100%)
[122.404s][info][gc,heap     ] GC(216)                Mark Start          Mark End        Relocate Start      Relocate End           High               Low         
[122.404s][info][gc,heap     ] GC(216)  Capacity:     2048M (100%)       2048M (100%)       2048M (100%)       2048M (100%)       2048M (100%)       2048M (100%)   
[122.404s][info][gc,heap     ] GC(216)      Free:      930M (45%)         800M (39%)        1402M (68%)        1702M (83%)        1706M (83%)         742M (36%)    
[122.404s][info][gc,heap     ] GC(216)      Used:     1118M (55%)        1248M (61%)         646M (32%)         346M (17%)        1306M (64%)         342M (17%)    
[122.404s][info][gc,heap     ] GC(216)      Live:         -               106M (5%)          106M (5%)          106M (5%)             -                  -          
[122.404s][info][gc,heap     ] GC(216) Allocated:         -               130M (6%)          194M (9%)          201M (10%)            -                  -          
[122.404s][info][gc,heap     ] GC(216)   Garbage:         -              1011M (49%)         345M (17%)          37M (2%)             -                  -          
[122.404s][info][gc,heap     ] GC(216) Reclaimed:         -                  -               666M (33%)         973M (48%)            -                  -          
[122.404s][info][gc          ] GC(216) Garbage Collection (Allocation Rate) 1118M(55%)->346M(17%)
[122.801s][info][gc,start    ] GC(217) Garbage Collection (Allocation Rate)
[122.801s][info][gc,task     ] GC(217) Using 1 workers
[122.801s][info][gc,phases   ] GC(217) Pause Mark Start 0.011ms
[122.931s][info][gc,phases   ] GC(217) Concurrent Mark 129.927ms
[122.931s][info][gc,phases   ] GC(217) Pause Mark End 0.013ms
[122.931s][info][gc,phases   ] GC(217) Concurrent Mark Free 0.002ms
[122.959s][info][gc,phases   ] GC(217) Concurrent Process Non-Strong References 27.487ms
[122.959s][info][gc,phases   ] GC(217) Concurrent Reset Relocation Set 0.011ms
[122.965s][info][gc,phases   ] GC(217) Concurrent Select Relocation Set 5.458ms
[122.965s][info][gc,phases   ] GC(217) Pause Relocate Start 0.014ms
[123.004s][info][gc,phases   ] GC(217) Concurrent Relocate 39.299ms
[123.004s][info][gc,load     ] GC(217) Load: 0.00/0.00/0.00
[123.004s][info][gc,mmu      ] GC(217) MMU: 2ms/98.5%, 5ms/99.4%, 10ms/99.6%, 20ms/99.8%, 50ms/99.9%, 100ms/99.9%
[123.004s][info][gc,marking  ] GC(217) Mark: 1 stripe(s), 2 proactive flush(es), 1 terminate flush(es), 0 completion(s), 0 continuation(s) 
[123.004s][info][gc,marking  ] GC(217) Mark Stack Usage: 32M
[123.004s][info][gc,nmethod  ] GC(217) NMethods: 15127 registered, 2270 unregistered
[123.004s][info][gc,metaspace] GC(217) Metaspace: 100M used, 100M committed, 1152M reserved
[123.004s][info][gc,ref      ] GC(217) Soft: 4314 encountered, 0 discovered, 0 enqueued
[123.004s][info][gc,ref      ] GC(217) Weak: 7446 encountered, 6251 discovered, 6 enqueued
[123.004s][info][gc,ref      ] GC(217) Final: 1 encountered, 0 discovered, 0 enqueued
[123.004s][info][gc,ref      ] GC(217) Phantom: 773 encountered, 395 discovered, 0 enqueued
[123.004s][info][gc,reloc    ] GC(217) Small Pages: 581 / 1162M, Empty: 292M, Relocated: 25M, In-Place: 0
[123.004s][info][gc,reloc    ] GC(217) Medium Pages: 2 / 64M, Empty: 0M, Relocated: 3M, In-Place: 0
[123.004s][info][gc,reloc    ] GC(217) Large Pages: 7 / 62M, Empty: 0M, Relocated: 0M, In-Place: 0
[123.005s][info][gc,reloc    ] GC(217) Forwarding Usage: 16M
[123.005s][info][gc,heap     ] GC(217) Min Capacity: 2048M(100%)
[123.005s][info][gc,heap     ] GC(217) Max Capacity: 2048M(100%)
[123.005s][info][gc,heap     ] GC(217) Soft Max Capacity: 2048M(100%)
[123.005s][info][gc,heap     ] GC(217)                Mark Start          Mark End        Relocate Start      Relocate End           High               Low         
[123.005s][info][gc,heap     ] GC(217)  Capacity:     2048M (100%)       2048M (100%)       2048M (100%)       2048M (100%)       2048M (100%)       2048M (100%)   
[123.005s][info][gc,heap     ] GC(217)      Free:      760M (37%)         452M (22%)         662M (32%)        1376M (67%)        1378M (67%)         386M (19%)    
[123.005s][info][gc,heap     ] GC(217)      Used:     1288M (63%)        1596M (78%)        1386M (68%)         672M (33%)        1662M (81%)         670M (33%)    
[123.005s][info][gc,heap     ] GC(217)      Live:         -               134M (7%)          134M (7%)          134M (7%)             -                  -          
[123.005s][info][gc,heap     ] GC(217) Allocated:         -               308M (15%)         390M (19%)         498M (24%)            -                  -          
[123.005s][info][gc,heap     ] GC(217)   Garbage:         -              1153M (56%)         861M (42%)          38M (2%)             -                  -          
[123.005s][info][gc,heap     ] GC(217) Reclaimed:         -                  -               292M (14%)        1114M (54%)            -                  -          
[123.005s][info][gc          ] GC(217) Garbage Collection (Allocation Rate) 1288M(63%)->672M(33%)
[123.101s][info][gc,start    ] GC(218) Garbage Collection (Allocation Rate)
[123.101s][info][gc,task     ] GC(218) Using 1 workers
[123.101s][info][gc,phases   ] GC(218) Pause Mark Start 0.007ms
[123.235s][info][gc,phases   ] GC(218) Concurrent Mark 133.924ms
[123.236s][info][gc,phases   ] GC(218) Pause Mark End 0.018ms
[123.236s][info][gc,phases   ] GC(218) Concurrent Mark Free 0.002ms
[123.263s][info][gc,phases   ] GC(218) Concurrent Process Non-Strong References 27.384ms
[123.263s][info][gc,phases   ] GC(218) Concurrent Reset Relocation Set 0.028ms
[123.266s][info][gc,phases   ] GC(218) Concurrent Select Relocation Set 3.058ms
[123.267s][info][gc,phases   ] GC(218) Pause Relocate Start 0.011ms
[123.271s][info][gc,phases   ] GC(218) Concurrent Relocate 4.589ms
[123.271s][info][gc,load     ] GC(218) Load: 0.00/0.00/0.00
[123.271s][info][gc,mmu      ] GC(218) MMU: 2ms/98.5%, 5ms/99.4%, 10ms/99.6%, 20ms/99.8%, 50ms/99.9%, 100ms/99.9%
[123.271s][info][gc,marking  ] GC(218) Mark: 1 stripe(s), 2 proactive flush(es), 1 terminate flush(es), 0 completion(s), 0 continuation(s) 
[123.271s][info][gc,marking  ] GC(218) Mark Stack Usage: 32M
[123.271s][info][gc,nmethod  ] GC(218) NMethods: 15128 registered, 2270 unregistered
[123.271s][info][gc,metaspace] GC(218) Metaspace: 100M used, 100M committed, 1152M reserved
[123.271s][info][gc,ref      ] GC(218) Soft: 4314 encountered, 0 discovered, 0 enqueued
[123.271s][info][gc,ref      ] GC(218) Weak: 7440 encountered, 6245 discovered, 0 enqueued
[123.271s][info][gc,ref      ] GC(218) Final: 1 encountered, 0 discovered, 0 enqueued
[123.271s][info][gc,ref      ] GC(218) Phantom: 773 encountered, 395 discovered, 0 enqueued
[123.272s][info][gc,reloc    ] GC(218) Small Pages: 392 / 784M, Empty: 270M, Relocated: 3M, In-Place: 0
[123.272s][info][gc,reloc    ] GC(218) Medium Pages: 2 / 64M, Empty: 0M, Relocated: 3M, In-Place: 0
[123.272s][info][gc,reloc    ] GC(218) Large Pages: 7 / 62M, Empty: 0M, Relocated: 0M, In-Place: 0
[123.272s][info][gc,reloc    ] GC(218) Forwarding Usage: 1M
[123.272s][info][gc,heap     ] GC(218) Min Capacity: 2048M(100%)
[123.272s][info][gc,heap     ] GC(218) Max Capacity: 2048M(100%)
[123.272s][info][gc,heap     ] GC(218) Soft Max Capacity: 2048M(100%)
[123.272s][info][gc,heap     ] GC(218)                Mark Start          Mark End        Relocate Start      Relocate End           High               Low         
[123.272s][info][gc,heap     ] GC(218)  Capacity:     2048M (100%)       2048M (100%)       2048M (100%)       2048M (100%)       2048M (100%)       2048M (100%)   
[123.272s][info][gc,heap     ] GC(218)      Free:     1138M (56%)         812M (40%)        1006M (49%)        1438M (70%)        1438M (70%)         742M (36%)    
[123.272s][info][gc,heap     ] GC(218)      Used:      910M (44%)        1236M (60%)        1042M (51%)         610M (30%)        1306M (64%)         610M (30%)    
[123.272s][info][gc,heap     ] GC(218)      Live:         -               134M (7%)          134M (7%)          134M (7%)             -                  -          
[123.272s][info][gc,heap     ] GC(218) Allocated:         -               326M (16%)         402M (20%)         438M (21%)            -                  -          
[123.272s][info][gc,heap     ] GC(218)   Garbage:         -               775M (38%)         505M (25%)          36M (2%)             -                  -          
[123.272s][info][gc,heap     ] GC(218) Reclaimed:         -                  -               270M (13%)         738M (36%)            -                  -          
[123.272s][info][gc          ] GC(218) Garbage Collection (Allocation Rate) 910M(44%)->610M(30%)
[123.295s][info][gc,start    ] GC(219) Garbage Collection (System.gc())
[123.295s][info][gc,task     ] GC(219) Using 2 workers
[123.295s][info][gc,phases   ] GC(219) Pause Mark Start 0.007ms
[123.339s][info][gc,phases   ] GC(219) Concurrent Mark 43.963ms
[123.339s][info][gc,phases   ] GC(219) Pause Mark End 0.021ms
[123.339s][info][gc,phases   ] GC(219) Concurrent Mark Free 0.002ms
[123.352s][info][gc,phases   ] GC(219) Concurrent Process Non-Strong References 13.338ms
[123.353s][info][gc,phases   ] GC(219) Concurrent Reset Relocation Set 0.011ms
[123.354s][info][gc,phases   ] GC(219) Concurrent Select Relocation Set 1.226ms
[123.354s][info][gc,phases   ] GC(219) Pause Relocate Start 0.010ms
[123.355s][info][gc,phases   ] GC(219) Concurrent Relocate 0.874ms
[123.355s][info][gc,load     ] GC(219) Load: 0.00/0.00/0.00
[123.355s][info][gc,mmu      ] GC(219) MMU: 2ms/98.5%, 5ms/99.4%, 10ms/99.6%, 20ms/99.8%, 50ms/99.9%, 100ms/99.9%
[123.355s][info][gc,marking  ] GC(219) Mark: 2 stripe(s), 2 proactive flush(es), 1 terminate flush(es), 0 completion(s), 0 continuation(s) 
[123.355s][info][gc,marking  ] GC(219) Mark Stack Usage: 32M
[123.355s][info][gc,nmethod  ] GC(219) NMethods: 15130 registered, 2270 unregistered
[123.355s][info][gc,metaspace] GC(219) Metaspace: 100M used, 100M committed, 1152M reserved
[123.355s][info][gc,ref      ] GC(219) Soft: 4314 encountered, 0 discovered, 0 enqueued
[123.355s][info][gc,ref      ] GC(219) Weak: 7439 encountered, 547 discovered, 3 enqueued
[123.355s][info][gc,ref      ] GC(219) Final: 1 encountered, 0 discovered, 0 enqueued
[123.355s][info][gc,ref      ] GC(219) Phantom: 773 encountered, 630 discovered, 0 enqueued
[123.355s][info][gc,reloc    ] GC(219) Small Pages: 259 / 518M, Empty: 448M, Relocated: 1M, In-Place: 0
[123.355s][info][gc,reloc    ] GC(219) Medium Pages: 2 / 64M, Empty: 32M, Relocated: 0M, In-Place: 0
[123.355s][info][gc,reloc    ] GC(219) Large Pages: 7 / 62M, Empty: 0M, Relocated: 0M, In-Place: 0
[123.355s][info][gc,reloc    ] GC(219) Forwarding Usage: 0M
[123.355s][info][gc,heap     ] GC(219) Min Capacity: 2048M(100%)
[123.355s][info][gc,heap     ] GC(219) Max Capacity: 2048M(100%)
[123.355s][info][gc,heap     ] GC(219) Soft Max Capacity: 2048M(100%)
[123.355s][info][gc,heap     ] GC(219)                Mark Start          Mark End        Relocate Start      Relocate End           High               Low         
[123.355s][info][gc,heap     ] GC(219)  Capacity:     2048M (100%)       2048M (100%)       2048M (100%)       2048M (100%)       2048M (100%)       2048M (100%)   
[123.355s][info][gc,heap     ] GC(219)      Free:     1404M (69%)        1404M (69%)        1884M (92%)        1902M (93%)        1902M (93%)        1404M (69%)    
[123.355s][info][gc,heap     ] GC(219)      Used:      644M (31%)         644M (31%)         164M (8%)          146M (7%)          644M (31%)         146M (7%)     
[123.355s][info][gc,heap     ] GC(219)      Live:         -               106M (5%)          106M (5%)          106M (5%)             -                  -          
[123.355s][info][gc,heap     ] GC(219) Allocated:         -                 0M (0%)            0M (0%)            0M (0%)             -                  -          
[123.355s][info][gc,heap     ] GC(219)   Garbage:         -               537M (26%)          57M (3%)           39M (2%)             -                  -          
[123.355s][info][gc,heap     ] GC(219) Reclaimed:         -                  -               480M (23%)         498M (24%)            -                  -          
[123.355s][info][gc          ] GC(219) Garbage Collection (System.gc()) 644M(31%)->146M(7%)
[124.007s][info][gc,start    ] GC(220) Garbage Collection (Allocation Rate)
[124.007s][info][gc,task     ] GC(220) Using 1 workers
[124.007s][info][gc,phases   ] GC(220) Pause Mark Start 0.013ms
[124.070s][info][gc,phases   ] GC(220) Concurrent Mark 62.881ms
[124.070s][info][gc,phases   ] GC(220) Pause Mark End 0.014ms
[124.071s][info][gc,phases   ] GC(220) Concurrent Mark Free 0.001ms
[124.097s][info][gc,phases   ] GC(220) Concurrent Process Non-Strong References 26.071ms
[124.097s][info][gc,phases   ] GC(220) Concurrent Reset Relocation Set 0.002ms
[124.099s][info][gc,phases   ] GC(220) Concurrent Select Relocation Set 2.303ms
[124.099s][info][gc,phases   ] GC(220) Pause Relocate Start 0.016ms
[124.104s][info][gc,phases   ] GC(220) Concurrent Relocate 4.072ms
[124.104s][info][gc,load     ] GC(220) Load: 0.00/0.00/0.00
[124.104s][info][gc,mmu      ] GC(220) MMU: 2ms/98.5%, 5ms/99.4%, 10ms/99.6%, 20ms/99.8%, 50ms/99.9%, 100ms/99.9%
[124.104s][info][gc,marking  ] GC(220) Mark: 1 stripe(s), 2 proactive flush(es), 1 terminate flush(es), 0 completion(s), 0 continuation(s) 
[124.104s][info][gc,marking  ] GC(220) Mark Stack Usage: 32M
[124.104s][info][gc,nmethod  ] GC(220) NMethods: 15131 registered, 2270 unregistered
[124.104s][info][gc,metaspace] GC(220) Metaspace: 100M used, 100M committed, 1152M reserved
[124.104s][info][gc,ref      ] GC(220) Soft: 4314 encountered, 0 discovered, 0 enqueued
[124.104s][info][gc,ref      ] GC(220) Weak: 7446 encountered, 6251 discovered, 1 enqueued
[124.104s][info][gc,ref      ] GC(220) Final: 1 encountered, 0 discovered, 0 enqueued
[124.104s][info][gc,ref      ] GC(220) Phantom: 773 encountered, 395 discovered, 0 enqueued
[124.104s][info][gc,reloc    ] GC(220) Small Pages: 618 / 1236M, Empty: 832M, Relocated: 1M, In-Place: 0
[124.104s][info][gc,reloc    ] GC(220) Medium Pages: 2 / 64M, Empty: 32M, Relocated: 0M, In-Place: 0
[124.104s][info][gc,reloc    ] GC(220) Large Pages: 7 / 62M, Empty: 0M, Relocated: 0M, In-Place: 0
[124.104s][info][gc,reloc    ] GC(220) Forwarding Usage: 0M
[124.104s][info][gc,heap     ] GC(220) Min Capacity: 2048M(100%)
[124.104s][info][gc,heap     ] GC(220) Max Capacity: 2048M(100%)
[124.104s][info][gc,heap     ] GC(220) Soft Max Capacity: 2048M(100%)
[124.104s][info][gc,heap     ] GC(220)                Mark Start          Mark End        Relocate Start      Relocate End           High               Low         
[124.104s][info][gc,heap     ] GC(220)  Capacity:     2048M (100%)       2048M (100%)       2048M (100%)       2048M (100%)       2048M (100%)       2048M (100%)   
[124.104s][info][gc,heap     ] GC(220)      Free:      686M (33%)         514M (25%)        1312M (64%)        1656M (81%)        1656M (81%)         452M (22%)    
[124.104s][info][gc,heap     ] GC(220)      Used:     1362M (67%)        1534M (75%)         736M (36%)         392M (19%)        1596M (78%)         392M (19%)    
[124.104s][info][gc,heap     ] GC(220)      Live:         -               107M (5%)          107M (5%)          107M (5%)             -                  -          
[124.104s][info][gc,heap     ] GC(220) Allocated:         -               172M (8%)          238M (12%)         245M (12%)            -                  -          
[124.104s][info][gc,heap     ] GC(220)   Garbage:         -              1254M (61%)         390M (19%)          38M (2%)             -                  -          
[124.104s][info][gc,heap     ] GC(220) Reclaimed:         -                  -               864M (42%)        1215M (59%)            -                  -          
[124.104s][info][gc          ] GC(220) Garbage Collection (Allocation Rate) 1362M(67%)->392M(19%)
[124.502s][info][gc,start    ] GC(221) Garbage Collection (Allocation Rate)
[124.502s][info][gc,task     ] GC(221) Using 1 workers
[124.502s][info][gc,phases   ] GC(221) Pause Mark Start 0.006ms
[124.627s][info][gc,phases   ] GC(221) Concurrent Mark 124.369ms
[124.627s][info][gc,phases   ] GC(221) Pause Mark End 0.014ms
[124.627s][info][gc,phases   ] GC(221) Concurrent Mark Free 0.001ms
[124.653s][info][gc,phases   ] GC(221) Concurrent Process Non-Strong References 26.491ms
[124.654s][info][gc,phases   ] GC(221) Concurrent Reset Relocation Set 0.012ms
[124.659s][info][gc,phases   ] GC(221) Concurrent Select Relocation Set 5.401ms
[124.659s][info][gc,phases   ] GC(221) Pause Relocate Start 0.010ms
[124.701s][info][gc,phases   ] GC(221) Concurrent Relocate 41.415ms
[124.701s][info][gc,load     ] GC(221) Load: 0.00/0.00/0.00
[124.701s][info][gc,mmu      ] GC(221) MMU: 2ms/98.5%, 5ms/99.4%, 10ms/99.6%, 20ms/99.8%, 50ms/99.9%, 100ms/99.9%
[124.701s][info][gc,marking  ] GC(221) Mark: 1 stripe(s), 2 proactive flush(es), 1 terminate flush(es), 0 completion(s), 0 continuation(s) 
[124.701s][info][gc,marking  ] GC(221) Mark Stack Usage: 32M
[124.701s][info][gc,nmethod  ] GC(221) NMethods: 15132 registered, 2270 unregistered
[124.701s][info][gc,metaspace] GC(221) Metaspace: 100M used, 100M committed, 1152M reserved
[124.701s][info][gc,ref      ] GC(221) Soft: 4314 encountered, 0 discovered, 0 enqueued
[124.701s][info][gc,ref      ] GC(221) Weak: 7446 encountered, 6251 discovered, 6 enqueued
[124.701s][info][gc,ref      ] GC(221) Final: 1 encountered, 0 discovered, 0 enqueued
[124.701s][info][gc,ref      ] GC(221) Phantom: 773 encountered, 395 discovered, 0 enqueued
[124.701s][info][gc,reloc    ] GC(221) Small Pages: 614 / 1228M, Empty: 190M, Relocated: 27M, In-Place: 0
[124.701s][info][gc,reloc    ] GC(221) Medium Pages: 2 / 64M, Empty: 0M, Relocated: 3M, In-Place: 0
[124.701s][info][gc,reloc    ] GC(221) Large Pages: 7 / 62M, Empty: 0M, Relocated: 0M, In-Place: 0
[124.701s][info][gc,reloc    ] GC(221) Forwarding Usage: 17M
[124.701s][info][gc,heap     ] GC(221) Min Capacity: 2048M(100%)
[124.701s][info][gc,heap     ] GC(221) Max Capacity: 2048M(100%)
[124.701s][info][gc,heap     ] GC(221) Soft Max Capacity: 2048M(100%)
[124.701s][info][gc,heap     ] GC(221)                Mark Start          Mark End        Relocate Start      Relocate End           High               Low         
[124.701s][info][gc,heap     ] GC(221)  Capacity:     2048M (100%)       2048M (100%)       2048M (100%)       2048M (100%)       2048M (100%)       2048M (100%)   
[124.701s][info][gc,heap     ] GC(221)      Free:      694M (34%)         396M (19%)         508M (25%)        1378M (67%)        1382M (67%)         330M (16%)    
[124.701s][info][gc,heap     ] GC(221)      Used:     1354M (66%)        1652M (81%)        1540M (75%)         670M (33%)        1718M (84%)         666M (33%)    
[124.701s][info][gc,heap     ] GC(221)      Live:         -               134M (7%)          134M (7%)          134M (7%)             -                  -          
[124.701s][info][gc,heap     ] GC(221) Allocated:         -               298M (15%)         376M (18%)         498M (24%)            -                  -          
[124.701s][info][gc,heap     ] GC(221)   Garbage:         -              1219M (60%)        1029M (50%)          36M (2%)             -                  -          
[124.701s][info][gc,heap     ] GC(221) Reclaimed:         -                  -               190M (9%)         1182M (58%)            -                  -          
[124.701s][info][gc          ] GC(221) Garbage Collection (Allocation Rate) 1354M(66%)->670M(33%)
[124.803s][info][gc,start    ] GC(222) Garbage Collection (Allocation Rate)
[124.803s][info][gc,task     ] GC(222) Using 1 workers
[124.803s][info][gc,phases   ] GC(222) Pause Mark Start 0.008ms
[124.926s][info][gc,phases   ] GC(222) Concurrent Mark 122.923ms
[124.926s][info][gc,phases   ] GC(222) Pause Mark End 0.016ms
[124.926s][info][gc,phases   ] GC(222) Concurrent Mark Free 0.002ms
[124.950s][info][gc,phases   ] GC(222) Concurrent Process Non-Strong References 24.097ms
[124.950s][info][gc,phases   ] GC(222) Concurrent Reset Relocation Set 0.025ms
[124.953s][info][gc,phases   ] GC(222) Concurrent Select Relocation Set 2.593ms
[124.953s][info][gc,phases   ] GC(222) Pause Relocate Start 0.010ms
[124.960s][info][gc,phases   ] GC(222) Concurrent Relocate 6.414ms
[124.960s][info][gc,load     ] GC(222) Load: 0.00/0.00/0.00
[124.960s][info][gc,mmu      ] GC(222) MMU: 2ms/98.5%, 5ms/99.4%, 10ms/99.6%, 20ms/99.8%, 50ms/99.9%, 100ms/99.9%
[124.960s][info][gc,marking  ] GC(222) Mark: 1 stripe(s), 2 proactive flush(es), 1 terminate flush(es), 0 completion(s), 0 continuation(s) 
[124.960s][info][gc,marking  ] GC(222) Mark Stack Usage: 32M
[124.960s][info][gc,nmethod  ] GC(222) NMethods: 15133 registered, 2270 unregistered
[124.960s][info][gc,metaspace] GC(222) Metaspace: 100M used, 100M committed, 1152M reserved
[124.960s][info][gc,ref      ] GC(222) Soft: 4314 encountered, 0 discovered, 0 enqueued
[124.960s][info][gc,ref      ] GC(222) Weak: 7437 encountered, 6246 discovered, 0 enqueued
[124.960s][info][gc,ref      ] GC(222) Final: 1 encountered, 0 discovered, 0 enqueued
[124.960s][info][gc,ref      ] GC(222) Phantom: 773 encountered, 395 discovered, 0 enqueued
[124.960s][info][gc,reloc    ] GC(222) Small Pages: 400 / 800M, Empty: 350M, Relocated: 5M, In-Place: 0
[124.960s][info][gc,reloc    ] GC(222) Medium Pages: 2 / 64M, Empty: 0M, Relocated: 3M, In-Place: 0
[124.960s][info][gc,reloc    ] GC(222) Large Pages: 7 / 62M, Empty: 0M, Relocated: 0M, In-Place: 0
[124.960s][info][gc,reloc    ] GC(222) Forwarding Usage: 2M
[124.960s][info][gc,heap     ] GC(222) Min Capacity: 2048M(100%)
[124.960s][info][gc,heap     ] GC(222) Max Capacity: 2048M(100%)
[124.960s][info][gc,heap     ] GC(222) Soft Max Capacity: 2048M(100%)
[124.960s][info][gc,heap     ] GC(222)                Mark Start          Mark End        Relocate Start      Relocate End           High               Low         
[124.960s][info][gc,heap     ] GC(222)  Capacity:     2048M (100%)       2048M (100%)       2048M (100%)       2048M (100%)       2048M (100%)       2048M (100%)   
[124.960s][info][gc,heap     ] GC(222)      Free:     1122M (55%)        1008M (49%)        1358M (66%)        1764M (86%)        1764M (86%)        1008M (49%)    
[124.960s][info][gc,heap     ] GC(222)      Used:      926M (45%)        1040M (51%)         690M (34%)         284M (14%)        1040M (51%)         284M (14%)    
[124.960s][info][gc,heap     ] GC(222)      Live:         -               134M (7%)          134M (7%)          134M (7%)             -                  -          
[124.960s][info][gc,heap     ] GC(222) Allocated:         -               114M (6%)          114M (6%)          114M (6%)             -                  -          
[124.960s][info][gc,heap     ] GC(222)   Garbage:         -               791M (39%)         441M (22%)          35M (2%)             -                  -          
[124.960s][info][gc,heap     ] GC(222) Reclaimed:         -                  -               350M (17%)         756M (37%)            -                  -          
[124.960s][info][gc          ] GC(222) Garbage Collection (Allocation Rate) 926M(45%)->284M(14%)
[124.960s][info][gc,start    ] GC(223) Garbage Collection (System.gc())
[124.960s][info][gc,task     ] GC(223) Using 2 workers
[124.961s][info][gc,phases   ] GC(223) Pause Mark Start 0.006ms
[125.010s][info][gc,phases   ] GC(223) Concurrent Mark 49.236ms
[125.010s][info][gc,phases   ] GC(223) Pause Mark End 0.007ms
[125.010s][info][gc,phases   ] GC(223) Concurrent Mark Free 0.001ms
[125.023s][info][gc,phases   ] GC(223) Concurrent Process Non-Strong References 12.567ms
[125.023s][info][gc,phases   ] GC(223) Concurrent Reset Relocation Set 0.009ms
[125.024s][info][gc,phases   ] GC(223) Concurrent Select Relocation Set 1.269ms
[125.024s][info][gc,phases   ] GC(223) Pause Relocate Start 0.010ms
[125.025s][info][gc,phases   ] GC(223) Concurrent Relocate 0.638ms
[125.025s][info][gc,load     ] GC(223) Load: 0.00/0.00/0.00
[125.025s][info][gc,mmu      ] GC(223) MMU: 2ms/98.5%, 5ms/99.4%, 10ms/99.6%, 20ms/99.8%, 50ms/99.9%, 100ms/99.9%
[125.025s][info][gc,marking  ] GC(223) Mark: 2 stripe(s), 2 proactive flush(es), 1 terminate flush(es), 0 completion(s), 0 continuation(s) 
[125.025s][info][gc,marking  ] GC(223) Mark Stack Usage: 32M
[125.025s][info][gc,nmethod  ] GC(223) NMethods: 15133 registered, 2270 unregistered
[125.025s][info][gc,metaspace] GC(223) Metaspace: 100M used, 100M committed, 1152M reserved
[125.025s][info][gc,ref      ] GC(223) Soft: 4314 encountered, 0 discovered, 0 enqueued
[125.025s][info][gc,ref      ] GC(223) Weak: 7439 encountered, 6465 discovered, 3 enqueued
[125.025s][info][gc,ref      ] GC(223) Final: 1 encountered, 1 discovered, 0 enqueued
[125.025s][info][gc,ref      ] GC(223) Phantom: 773 encountered, 476 discovered, 0 enqueued
[125.025s][info][gc,reloc    ] GC(223) Small Pages: 95 / 190M, Empty: 122M, Relocated: 1M, In-Place: 0
[125.025s][info][gc,reloc    ] GC(223) Medium Pages: 1 / 32M, Empty: 0M, Relocated: 0M, In-Place: 0
[125.025s][info][gc,reloc    ] GC(223) Large Pages: 7 / 62M, Empty: 0M, Relocated: 0M, In-Place: 0
[125.025s][info][gc,reloc    ] GC(223) Forwarding Usage: 0M
[125.025s][info][gc,heap     ] GC(223) Min Capacity: 2048M(100%)
[125.025s][info][gc,heap     ] GC(223) Max Capacity: 2048M(100%)
[125.025s][info][gc,heap     ] GC(223) Soft Max Capacity: 2048M(100%)
[125.025s][info][gc,heap     ] GC(223)                Mark Start          Mark End        Relocate Start      Relocate End           High               Low         
[125.025s][info][gc,heap     ] GC(223)  Capacity:     2048M (100%)       2048M (100%)       2048M (100%)       2048M (100%)       2048M (100%)       2048M (100%)   
[125.025s][info][gc,heap     ] GC(223)      Free:     1764M (86%)        1762M (86%)        1880M (92%)        1896M (93%)        1896M (93%)        1758M (86%)    
[125.025s][info][gc,heap     ] GC(223)      Used:      284M (14%)         286M (14%)         168M (8%)          152M (7%)          290M (14%)         152M (7%)     
[125.025s][info][gc,heap     ] GC(223)      Live:         -               106M (5%)          106M (5%)          106M (5%)             -                  -          
[125.025s][info][gc,heap     ] GC(223) Allocated:         -                 2M (0%)            6M (0%)            6M (0%)             -                  -          
[125.025s][info][gc,heap     ] GC(223)   Garbage:         -               177M (9%)           55M (3%)           39M (2%)             -                  -          
[125.025s][info][gc,heap     ] GC(223) Reclaimed:         -                  -               122M (6%)          138M (7%)             -                  -          
[125.025s][info][gc          ] GC(223) Garbage Collection (System.gc()) 284M(14%)->152M(7%)
[125.595s][info][gc,start    ] GC(224) Garbage Collection (Allocation Rate)
[125.595s][info][gc,task     ] GC(224) Using 1 workers
[125.595s][info][gc,phases   ] GC(224) Pause Mark Start 0.008ms
[125.657s][info][gc,phases   ] GC(224) Concurrent Mark 62.017ms
[125.658s][info][gc,phases   ] GC(224) Pause Mark End 0.013ms
[125.658s][info][gc,phases   ] GC(224) Concurrent Mark Free 0.001ms
[125.684s][info][gc,phases   ] GC(224) Concurrent Process Non-Strong References 26.520ms
[125.684s][info][gc,phases   ] GC(224) Concurrent Reset Relocation Set 0.002ms
[125.687s][info][gc,phases   ] GC(224) Concurrent Select Relocation Set 2.297ms
[125.687s][info][gc,phases   ] GC(224) Pause Relocate Start 0.011ms
[125.692s][info][gc,phases   ] GC(224) Concurrent Relocate 5.687ms
[125.693s][info][gc,load     ] GC(224) Load: 0.00/0.00/0.00
[125.693s][info][gc,mmu      ] GC(224) MMU: 2ms/98.5%, 5ms/99.4%, 10ms/99.6%, 20ms/99.8%, 50ms/99.9%, 100ms/99.9%
[125.693s][info][gc,marking  ] GC(224) Mark: 1 stripe(s), 2 proactive flush(es), 1 terminate flush(es), 0 completion(s), 0 continuation(s) 
[125.693s][info][gc,marking  ] GC(224) Mark Stack Usage: 32M
[125.693s][info][gc,nmethod  ] GC(224) NMethods: 15135 registered, 2270 unregistered
[125.693s][info][gc,metaspace] GC(224) Metaspace: 100M used, 100M committed, 1152M reserved
[125.693s][info][gc,ref      ] GC(224) Soft: 4314 encountered, 0 discovered, 0 enqueued
[125.693s][info][gc,ref      ] GC(224) Weak: 7446 encountered, 6248 discovered, 3 enqueued
[125.693s][info][gc,ref      ] GC(224) Final: 1 encountered, 0 discovered, 0 enqueued
[125.693s][info][gc,ref      ] GC(224) Phantom: 773 encountered, 395 discovered, 0 enqueued
[125.693s][info][gc,reloc    ] GC(224) Small Pages: 527 / 1054M, Empty: 638M, Relocated: 3M, In-Place: 0
[125.693s][info][gc,reloc    ] GC(224) Medium Pages: 2 / 64M, Empty: 32M, Relocated: 0M, In-Place: 0
[125.693s][info][gc,reloc    ] GC(224) Large Pages: 7 / 62M, Empty: 0M, Relocated: 0M, In-Place: 0
[125.693s][info][gc,reloc    ] GC(224) Forwarding Usage: 1M
[125.693s][info][gc,heap     ] GC(224) Min Capacity: 2048M(100%)
[125.693s][info][gc,heap     ] GC(224) Max Capacity: 2048M(100%)
[125.693s][info][gc,heap     ] GC(224) Soft Max Capacity: 2048M(100%)
[125.693s][info][gc,heap     ] GC(224)                Mark Start          Mark End        Relocate Start      Relocate End           High               Low         
[125.693s][info][gc,heap     ] GC(224)  Capacity:     2048M (100%)       2048M (100%)       2048M (100%)       2048M (100%)       2048M (100%)       2048M (100%)   
[125.693s][info][gc,heap     ] GC(224)      Free:      868M (42%)         732M (36%)        1344M (66%)        1698M (83%)        1700M (83%)         678M (33%)    
[125.693s][info][gc,heap     ] GC(224)      Used:     1180M (58%)        1316M (64%)         704M (34%)         350M (17%)        1370M (67%)         348M (17%)    
[125.693s][info][gc,heap     ] GC(224)      Live:         -               107M (5%)          107M (5%)          107M (5%)             -                  -          
[125.693s][info][gc,heap     ] GC(224) Allocated:         -               136M (7%)          194M (9%)          205M (10%)            -                  -          
[125.693s][info][gc,heap     ] GC(224)   Garbage:         -              1072M (52%)         402M (20%)          36M (2%)             -                  -          
[125.693s][info][gc,heap     ] GC(224) Reclaimed:         -                  -               670M (33%)        1035M (51%)            -                  -          
[125.693s][info][gc          ] GC(224) Garbage Collection (Allocation Rate) 1180M(58%)->350M(17%)
[126.104s][info][gc,start    ] GC(225) Garbage Collection (Allocation Rate)
[126.104s][info][gc,task     ] GC(225) Using 1 workers
[126.104s][info][gc,phases   ] GC(225) Pause Mark Start 0.009ms
[126.228s][info][gc,phases   ] GC(225) Concurrent Mark 124.055ms
[126.228s][info][gc,phases   ] GC(225) Pause Mark End 0.014ms
[126.228s][info][gc,phases   ] GC(225) Concurrent Mark Free 0.001ms
[126.254s][info][gc,phases   ] GC(225) Concurrent Process Non-Strong References 25.845ms
[126.254s][info][gc,phases   ] GC(225) Concurrent Reset Relocation Set 0.012ms
[126.260s][info][gc,phases   ] GC(225) Concurrent Select Relocation Set 5.627ms
[126.260s][info][gc,phases   ] GC(225) Pause Relocate Start 0.010ms
[126.299s][info][gc,phases   ] GC(225) Concurrent Relocate 38.691ms
[126.299s][info][gc,load     ] GC(225) Load: 0.00/0.00/0.00
[126.299s][info][gc,mmu      ] GC(225) MMU: 2ms/98.5%, 5ms/99.4%, 10ms/99.6%, 20ms/99.8%, 50ms/99.9%, 100ms/99.9%
[126.299s][info][gc,marking  ] GC(225) Mark: 1 stripe(s), 2 proactive flush(es), 1 terminate flush(es), 0 completion(s), 0 continuation(s) 
[126.299s][info][gc,marking  ] GC(225) Mark Stack Usage: 32M
[126.299s][info][gc,nmethod  ] GC(225) NMethods: 15135 registered, 2270 unregistered
[126.299s][info][gc,metaspace] GC(225) Metaspace: 100M used, 100M committed, 1152M reserved
[126.299s][info][gc,ref      ] GC(225) Soft: 4314 encountered, 0 discovered, 0 enqueued
[126.299s][info][gc,ref      ] GC(225) Weak: 7446 encountered, 6251 discovered, 6 enqueued
[126.299s][info][gc,ref      ] GC(225) Final: 1 encountered, 0 discovered, 0 enqueued
[126.299s][info][gc,ref      ] GC(225) Phantom: 773 encountered, 395 discovered, 0 enqueued
[126.299s][info][gc,reloc    ] GC(225) Small Pages: 611 / 1222M, Empty: 276M, Relocated: 25M, In-Place: 0
[126.299s][info][gc,reloc    ] GC(225) Medium Pages: 2 / 64M, Empty: 0M, Relocated: 3M, In-Place: 0
[126.299s][info][gc,reloc    ] GC(225) Large Pages: 7 / 62M, Empty: 0M, Relocated: 0M, In-Place: 0
[126.299s][info][gc,reloc    ] GC(225) Forwarding Usage: 15M
[126.299s][info][gc,heap     ] GC(225) Min Capacity: 2048M(100%)
[126.299s][info][gc,heap     ] GC(225) Max Capacity: 2048M(100%)
[126.299s][info][gc,heap     ] GC(225) Soft Max Capacity: 2048M(100%)
[126.299s][info][gc,heap     ] GC(225)                Mark Start          Mark End        Relocate Start      Relocate End           High               Low         
[126.299s][info][gc,heap     ] GC(225)  Capacity:     2048M (100%)       2048M (100%)       2048M (100%)       2048M (100%)       2048M (100%)       2048M (100%)   
[126.299s][info][gc,heap     ] GC(225)      Free:      700M (34%)         388M (19%)         586M (29%)        1378M (67%)        1378M (67%)         322M (16%)    
[126.299s][info][gc,heap     ] GC(225)      Used:     1348M (66%)        1660M (81%)        1462M (71%)         670M (33%)        1726M (84%)         670M (33%)    
[126.299s][info][gc,heap     ] GC(225)      Live:         -               134M (7%)          134M (7%)          134M (7%)             -                  -          
[126.299s][info][gc,heap     ] GC(225) Allocated:         -               312M (15%)         390M (19%)         497M (24%)            -                  -          
[126.299s][info][gc,heap     ] GC(225)   Garbage:         -              1213M (59%)         937M (46%)          37M (2%)             -                  -          
[126.299s][info][gc,heap     ] GC(225) Reclaimed:         -                  -               276M (13%)        1175M (57%)            -                  -          
[126.299s][info][gc          ] GC(225) Garbage Collection (Allocation Rate) 1348M(66%)->670M(33%)
[126.404s][info][gc,start    ] GC(226) Garbage Collection (Allocation Rate)
[126.404s][info][gc,task     ] GC(226) Using 1 workers
[126.404s][info][gc,phases   ] GC(226) Pause Mark Start 0.011ms
[126.527s][info][gc,phases   ] GC(226) Concurrent Mark 122.855ms
[126.527s][info][gc,phases   ] GC(226) Pause Mark End 0.012ms
[126.527s][info][gc,phases   ] GC(226) Concurrent Mark Free 0.001ms
[126.552s][info][gc,phases   ] GC(226) Concurrent Process Non-Strong References 24.584ms
[126.552s][info][gc,phases   ] GC(226) Concurrent Reset Relocation Set 0.027ms
[126.555s][info][gc,phases   ] GC(226) Concurrent Select Relocation Set 3.312ms
[126.555s][info][gc,phases   ] GC(226) Pause Relocate Start 0.017ms
[126.562s][info][gc,phases   ] GC(226) Concurrent Relocate 6.183ms
[126.562s][info][gc,load     ] GC(226) Load: 0.00/0.00/0.00
[126.562s][info][gc,mmu      ] GC(226) MMU: 2ms/98.5%, 5ms/99.4%, 10ms/99.6%, 20ms/99.8%, 50ms/99.9%, 100ms/99.9%
[126.562s][info][gc,marking  ] GC(226) Mark: 1 stripe(s), 2 proactive flush(es), 1 terminate flush(es), 0 completion(s), 0 continuation(s) 
[126.562s][info][gc,marking  ] GC(226) Mark Stack Usage: 32M
[126.562s][info][gc,nmethod  ] GC(226) NMethods: 15135 registered, 2270 unregistered
[126.562s][info][gc,metaspace] GC(226) Metaspace: 100M used, 100M committed, 1152M reserved
[126.562s][info][gc,ref      ] GC(226) Soft: 4314 encountered, 0 discovered, 0 enqueued
[126.562s][info][gc,ref      ] GC(226) Weak: 7439 encountered, 6246 discovered, 0 enqueued
[126.562s][info][gc,ref      ] GC(226) Final: 1 encountered, 0 discovered, 0 enqueued
[126.562s][info][gc,ref      ] GC(226) Phantom: 773 encountered, 395 discovered, 0 enqueued
[126.562s][info][gc,reloc    ] GC(226) Small Pages: 402 / 804M, Empty: 318M, Relocated: 5M, In-Place: 0
[126.562s][info][gc,reloc    ] GC(226) Medium Pages: 2 / 64M, Empty: 0M, Relocated: 3M, In-Place: 0
[126.562s][info][gc,reloc    ] GC(226) Large Pages: 7 / 62M, Empty: 0M, Relocated: 0M, In-Place: 0
[126.562s][info][gc,reloc    ] GC(226) Forwarding Usage: 2M
[126.562s][info][gc,heap     ] GC(226) Min Capacity: 2048M(100%)
[126.562s][info][gc,heap     ] GC(226) Max Capacity: 2048M(100%)
[126.562s][info][gc,heap     ] GC(226) Soft Max Capacity: 2048M(100%)
[126.562s][info][gc,heap     ] GC(226)                Mark Start          Mark End        Relocate Start      Relocate End           High               Low         
[126.562s][info][gc,heap     ] GC(226)  Capacity:     2048M (100%)       2048M (100%)       2048M (100%)       2048M (100%)       2048M (100%)       2048M (100%)   
[126.562s][info][gc,heap     ] GC(226)      Free:     1118M (55%)         840M (41%)        1140M (56%)        1582M (77%)        1582M (77%)         822M (40%)    
[126.562s][info][gc,heap     ] GC(226)      Used:      930M (45%)        1208M (59%)         908M (44%)         466M (23%)        1226M (60%)         466M (23%)    
[126.562s][info][gc,heap     ] GC(226)      Live:         -               134M (7%)          134M (7%)          134M (7%)             -                  -          
[126.562s][info][gc,heap     ] GC(226) Allocated:         -               278M (14%)         296M (14%)         296M (14%)            -                  -          
[126.562s][info][gc,heap     ] GC(226)   Garbage:         -               795M (39%)         477M (23%)          35M (2%)             -                  -          
[126.562s][info][gc,heap     ] GC(226) Reclaimed:         -                  -               318M (16%)         760M (37%)            -                  -          
[126.562s][info][gc          ] GC(226) Garbage Collection (Allocation Rate) 930M(45%)->466M(23%)
[126.562s][info][gc,start    ] GC(227) Garbage Collection (System.gc())
[126.562s][info][gc,task     ] GC(227) Using 2 workers
[126.562s][info][gc,phases   ] GC(227) Pause Mark Start 0.009ms
[126.610s][info][gc,phases   ] GC(227) Concurrent Mark 47.105ms
[126.610s][info][gc,phases   ] GC(227) Pause Mark End 0.023ms
[126.610s][info][gc,phases   ] GC(227) Concurrent Mark Free 0.002ms
[126.624s][info][gc,phases   ] GC(227) Concurrent Process Non-Strong References 14.000ms
[126.624s][info][gc,phases   ] GC(227) Concurrent Reset Relocation Set 0.014ms
[126.626s][info][gc,phases   ] GC(227) Concurrent Select Relocation Set 1.594ms
[126.626s][info][gc,phases   ] GC(227) Pause Relocate Start 0.010ms
[126.627s][info][gc,phases   ] GC(227) Concurrent Relocate 0.776ms
[126.627s][info][gc,load     ] GC(227) Load: 0.00/0.00/0.00
[126.627s][info][gc,mmu      ] GC(227) MMU: 2ms/98.5%, 5ms/99.4%, 10ms/99.6%, 20ms/99.8%, 50ms/99.9%, 100ms/99.9%
[126.627s][info][gc,marking  ] GC(227) Mark: 2 stripe(s), 2 proactive flush(es), 1 terminate flush(es), 0 completion(s), 0 continuation(s) 
[126.627s][info][gc,marking  ] GC(227) Mark Stack Usage: 32M
[126.627s][info][gc,nmethod  ] GC(227) NMethods: 15135 registered, 2270 unregistered
[126.627s][info][gc,metaspace] GC(227) Metaspace: 100M used, 100M committed, 1152M reserved
[126.627s][info][gc,ref      ] GC(227) Soft: 4314 encountered, 0 discovered, 0 enqueued
[126.627s][info][gc,ref      ] GC(227) Weak: 7439 encountered, 270 discovered, 3 enqueued
[126.627s][info][gc,ref      ] GC(227) Final: 1 encountered, 1 discovered, 0 enqueued
[126.627s][info][gc,ref      ] GC(227) Phantom: 773 encountered, 520 discovered, 0 enqueued
[126.627s][info][gc,reloc    ] GC(227) Small Pages: 186 / 372M, Empty: 302M, Relocated: 1M, In-Place: 0
[126.627s][info][gc,reloc    ] GC(227) Medium Pages: 1 / 32M, Empty: 0M, Relocated: 0M, In-Place: 0
[126.627s][info][gc,reloc    ] GC(227) Large Pages: 7 / 62M, Empty: 0M, Relocated: 0M, In-Place: 0
[126.627s][info][gc,reloc    ] GC(227) Forwarding Usage: 0M
[126.627s][info][gc,heap     ] GC(227) Min Capacity: 2048M(100%)
[126.627s][info][gc,heap     ] GC(227) Max Capacity: 2048M(100%)
[126.627s][info][gc,heap     ] GC(227) Soft Max Capacity: 2048M(100%)
[126.627s][info][gc,heap     ] GC(227)                Mark Start          Mark End        Relocate Start      Relocate End           High               Low         
[126.627s][info][gc,heap     ] GC(227)  Capacity:     2048M (100%)       2048M (100%)       2048M (100%)       2048M (100%)       2048M (100%)       2048M (100%)   
[126.627s][info][gc,heap     ] GC(227)      Free:     1582M (77%)        1582M (77%)        1884M (92%)        1902M (93%)        1902M (93%)        1582M (77%)    
[126.627s][info][gc,heap     ] GC(227)      Used:      466M (23%)         466M (23%)         164M (8%)          146M (7%)          466M (23%)         146M (7%)     
[126.627s][info][gc,heap     ] GC(227)      Live:         -               106M (5%)          106M (5%)          106M (5%)             -                  -          
[126.627s][info][gc,heap     ] GC(227) Allocated:         -                 0M (0%)            0M (0%)            0M (0%)             -                  -          
[126.627s][info][gc,heap     ] GC(227)   Garbage:         -               359M (18%)          57M (3%)           39M (2%)             -                  -          
[126.627s][info][gc,heap     ] GC(227) Reclaimed:         -                  -               302M (15%)         320M (16%)            -                  -          
[126.627s][info][gc          ] GC(227) Garbage Collection (System.gc()) 466M(23%)->146M(7%)
[127.195s][info][gc,start    ] GC(228) Garbage Collection (Allocation Rate)
[127.195s][info][gc,task     ] GC(228) Using 1 workers
[127.195s][info][gc,phases   ] GC(228) Pause Mark Start 0.014ms
[127.258s][info][gc,phases   ] GC(228) Concurrent Mark 62.675ms
[127.258s][info][gc,phases   ] GC(228) Pause Mark End 0.017ms
[127.258s][info][gc,phases   ] GC(228) Concurrent Mark Free 0.001ms
[127.285s][info][gc,phases   ] GC(228) Concurrent Process Non-Strong References 26.459ms
[127.285s][info][gc,phases   ] GC(228) Concurrent Reset Relocation Set 0.001ms
[127.287s][info][gc,phases   ] GC(228) Concurrent Select Relocation Set 2.459ms
[127.287s][info][gc,phases   ] GC(228) Pause Relocate Start 0.014ms
[127.291s][info][gc,phases   ] GC(228) Concurrent Relocate 3.207ms
[127.291s][info][gc,load     ] GC(228) Load: 0.00/0.00/0.00
[127.291s][info][gc,mmu      ] GC(228) MMU: 2ms/98.5%, 5ms/99.4%, 10ms/99.6%, 20ms/99.8%, 50ms/99.9%, 100ms/99.9%
[127.291s][info][gc,marking  ] GC(228) Mark: 1 stripe(s), 2 proactive flush(es), 1 terminate flush(es), 0 completion(s), 0 continuation(s) 
[127.291s][info][gc,marking  ] GC(228) Mark Stack Usage: 32M
[127.291s][info][gc,nmethod  ] GC(228) NMethods: 15140 registered, 2270 unregistered
[127.291s][info][gc,metaspace] GC(228) Metaspace: 100M used, 100M committed, 1152M reserved
[127.291s][info][gc,ref      ] GC(228) Soft: 4314 encountered, 0 discovered, 0 enqueued
[127.291s][info][gc,ref      ] GC(228) Weak: 7446 encountered, 6248 discovered, 3 enqueued
[127.291s][info][gc,ref      ] GC(228) Final: 1 encountered, 0 discovered, 0 enqueued
[127.291s][info][gc,ref      ] GC(228) Phantom: 773 encountered, 395 discovered, 0 enqueued
[127.291s][info][gc,reloc    ] GC(228) Small Pages: 529 / 1058M, Empty: 636M, Relocated: 0M, In-Place: 0
[127.291s][info][gc,reloc    ] GC(228) Medium Pages: 2 / 64M, Empty: 32M, Relocated: 0M, In-Place: 0
[127.291s][info][gc,reloc    ] GC(228) Large Pages: 7 / 62M, Empty: 0M, Relocated: 0M, In-Place: 0
[127.291s][info][gc,reloc    ] GC(228) Forwarding Usage: 0M
[127.291s][info][gc,heap     ] GC(228) Min Capacity: 2048M(100%)
[127.291s][info][gc,heap     ] GC(228) Max Capacity: 2048M(100%)
[127.291s][info][gc,heap     ] GC(228) Soft Max Capacity: 2048M(100%)
[127.291s][info][gc,heap     ] GC(228)                Mark Start          Mark End        Relocate Start      Relocate End           High               Low         
[127.291s][info][gc,heap     ] GC(228)  Capacity:     2048M (100%)       2048M (100%)       2048M (100%)       2048M (100%)       2048M (100%)       2048M (100%)   
[127.291s][info][gc,heap     ] GC(228)      Free:      864M (42%)         728M (36%)        1332M (65%)        1698M (83%)        1698M (83%)         670M (33%)    
[127.291s][info][gc,heap     ] GC(228)      Used:     1184M (58%)        1320M (64%)         716M (35%)         350M (17%)        1378M (67%)         350M (17%)    
[127.291s][info][gc,heap     ] GC(228)      Live:         -               107M (5%)          107M (5%)          107M (5%)             -                  -          
[127.291s][info][gc,heap     ] GC(228) Allocated:         -               136M (7%)          200M (10%)         203M (10%)            -                  -          
[127.291s][info][gc,heap     ] GC(228)   Garbage:         -              1076M (53%)         408M (20%)          38M (2%)             -                  -          
[127.291s][info][gc,heap     ] GC(228) Reclaimed:         -                  -               668M (33%)        1037M (51%)            -                  -          
[127.291s][info][gc          ] GC(228) Garbage Collection (Allocation Rate) 1184M(58%)->350M(17%)
[127.700s][info][gc,start    ] GC(229) Garbage Collection (Allocation Rate)
[127.700s][info][gc,task     ] GC(229) Using 1 workers
[127.700s][info][gc,phases   ] GC(229) Pause Mark Start 0.011ms
[127.822s][info][gc,phases   ] GC(229) Concurrent Mark 121.655ms
[127.822s][info][gc,phases   ] GC(229) Pause Mark End 0.009ms
[127.822s][info][gc,phases   ] GC(229) Concurrent Mark Free 0.001ms
[127.850s][info][gc,phases   ] GC(229) Concurrent Process Non-Strong References 27.160ms
[127.850s][info][gc,phases   ] GC(229) Concurrent Reset Relocation Set 0.010ms
[127.855s][info][gc,phases   ] GC(229) Concurrent Select Relocation Set 5.525ms
[127.855s][info][gc,phases   ] GC(229) Pause Relocate Start 0.015ms
[127.896s][info][gc,phases   ] GC(229) Concurrent Relocate 40.217ms
[127.896s][info][gc,load     ] GC(229) Load: 0.00/0.00/0.00
[127.896s][info][gc,mmu      ] GC(229) MMU: 2ms/98.5%, 5ms/99.4%, 10ms/99.6%, 20ms/99.8%, 50ms/99.9%, 100ms/99.9%
[127.896s][info][gc,marking  ] GC(229) Mark: 1 stripe(s), 2 proactive flush(es), 1 terminate flush(es), 0 completion(s), 0 continuation(s) 
[127.896s][info][gc,marking  ] GC(229) Mark Stack Usage: 32M
[127.896s][info][gc,nmethod  ] GC(229) NMethods: 15140 registered, 2270 unregistered
[127.896s][info][gc,metaspace] GC(229) Metaspace: 100M used, 100M committed, 1152M reserved
[127.896s][info][gc,ref      ] GC(229) Soft: 4314 encountered, 0 discovered, 0 enqueued
[127.896s][info][gc,ref      ] GC(229) Weak: 7446 encountered, 6251 discovered, 6 enqueued
[127.896s][info][gc,ref      ] GC(229) Final: 1 encountered, 0 discovered, 0 enqueued
[127.896s][info][gc,ref      ] GC(229) Phantom: 773 encountered, 395 discovered, 0 enqueued
[127.896s][info][gc,reloc    ] GC(229) Small Pages: 606 / 1212M, Empty: 284M, Relocated: 26M, In-Place: 0
[127.896s][info][gc,reloc    ] GC(229) Medium Pages: 2 / 64M, Empty: 0M, Relocated: 3M, In-Place: 0
[127.896s][info][gc,reloc    ] GC(229) Large Pages: 7 / 62M, Empty: 0M, Relocated: 0M, In-Place: 0
[127.896s][info][gc,reloc    ] GC(229) Forwarding Usage: 16M
[127.896s][info][gc,heap     ] GC(229) Min Capacity: 2048M(100%)
[127.896s][info][gc,heap     ] GC(229) Max Capacity: 2048M(100%)
[127.896s][info][gc,heap     ] GC(229) Soft Max Capacity: 2048M(100%)
[127.896s][info][gc,heap     ] GC(229)                Mark Start          Mark End        Relocate Start      Relocate End           High               Low         
[127.896s][info][gc,heap     ] GC(229)  Capacity:     2048M (100%)       2048M (100%)       2048M (100%)       2048M (100%)       2048M (100%)       2048M (100%)   
[127.896s][info][gc,heap     ] GC(229)      Free:      710M (35%)         402M (20%)         612M (30%)        1380M (67%)        1380M (67%)         338M (17%)    
[127.896s][info][gc,heap     ] GC(229)      Used:     1338M (65%)        1646M (80%)        1436M (70%)         668M (33%)        1710M (83%)         668M (33%)    
[127.896s][info][gc,heap     ] GC(229)      Live:         -               134M (7%)          134M (7%)          134M (7%)             -                  -          
[127.896s][info][gc,heap     ] GC(229) Allocated:         -               308M (15%)         382M (19%)         494M (24%)            -                  -          
[127.896s][info][gc,heap     ] GC(229)   Garbage:         -              1203M (59%)         919M (45%)          38M (2%)             -                  -          
[127.896s][info][gc,heap     ] GC(229) Reclaimed:         -                  -               284M (14%)        1164M (57%)            -                  -          
[127.896s][info][gc          ] GC(229) Garbage Collection (Allocation Rate) 1338M(65%)->668M(33%)
[128.000s][info][gc,start    ] GC(230) Garbage Collection (Allocation Rate)
[128.000s][info][gc,task     ] GC(230) Using 1 workers
[128.000s][info][gc,phases   ] GC(230) Pause Mark Start 0.007ms
[128.129s][info][gc,phases   ] GC(230) Concurrent Mark 128.517ms
[128.129s][info][gc,phases   ] GC(230) Pause Mark End 0.011ms
[128.129s][info][gc,phases   ] GC(230) Concurrent Mark Free 0.001ms
[128.153s][info][gc,phases   ] GC(230) Concurrent Process Non-Strong References 24.264ms
[128.153s][info][gc,phases   ] GC(230) Concurrent Reset Relocation Set 0.028ms
[128.156s][info][gc,phases   ] GC(230) Concurrent Select Relocation Set 2.838ms
[128.156s][info][gc,phases   ] GC(230) Pause Relocate Start 0.008ms
[128.162s][info][gc,phases   ] GC(230) Concurrent Relocate 6.144ms
[128.162s][info][gc,load     ] GC(230) Load: 0.00/0.00/0.00
[128.162s][info][gc,mmu      ] GC(230) MMU: 2ms/98.5%, 5ms/99.4%, 10ms/99.6%, 20ms/99.8%, 50ms/99.9%, 100ms/99.9%
[128.163s][info][gc,marking  ] GC(230) Mark: 1 stripe(s), 2 proactive flush(es), 1 terminate flush(es), 0 completion(s), 0 continuation(s) 
[128.163s][info][gc,marking  ] GC(230) Mark Stack Usage: 32M
[128.163s][info][gc,nmethod  ] GC(230) NMethods: 15143 registered, 2270 unregistered
[128.163s][info][gc,metaspace] GC(230) Metaspace: 100M used, 100M committed, 1152M reserved
[128.163s][info][gc,ref      ] GC(230) Soft: 4314 encountered, 0 discovered, 0 enqueued
[128.163s][info][gc,ref      ] GC(230) Weak: 7438 encountered, 6246 discovered, 0 enqueued
[128.163s][info][gc,ref      ] GC(230) Final: 1 encountered, 0 discovered, 0 enqueued
[128.163s][info][gc,ref      ] GC(230) Phantom: 773 encountered, 395 discovered, 0 enqueued
[128.163s][info][gc,reloc    ] GC(230) Small Pages: 405 / 810M, Empty: 336M, Relocated: 5M, In-Place: 0
[128.163s][info][gc,reloc    ] GC(230) Medium Pages: 2 / 64M, Empty: 0M, Relocated: 3M, In-Place: 0
[128.163s][info][gc,reloc    ] GC(230) Large Pages: 7 / 62M, Empty: 0M, Relocated: 0M, In-Place: 0
[128.163s][info][gc,reloc    ] GC(230) Forwarding Usage: 2M
[128.163s][info][gc,heap     ] GC(230) Min Capacity: 2048M(100%)
[128.163s][info][gc,heap     ] GC(230) Max Capacity: 2048M(100%)
[128.163s][info][gc,heap     ] GC(230) Soft Max Capacity: 2048M(100%)
[128.163s][info][gc,heap     ] GC(230)                Mark Start          Mark End        Relocate Start      Relocate End           High               Low         
[128.163s][info][gc,heap     ] GC(230)  Capacity:     2048M (100%)       2048M (100%)       2048M (100%)       2048M (100%)       2048M (100%)       2048M (100%)   
[128.163s][info][gc,heap     ] GC(230)      Free:     1112M (54%)         812M (40%)        1146M (56%)        1576M (77%)        1576M (77%)         810M (40%)    
[128.163s][info][gc,heap     ] GC(230)      Used:      936M (46%)        1236M (60%)         902M (44%)         472M (23%)        1238M (60%)         472M (23%)    
[128.163s][info][gc,heap     ] GC(230)      Live:         -               134M (7%)          134M (7%)          134M (7%)             -                  -          
[128.163s][info][gc,heap     ] GC(230) Allocated:         -               300M (15%)         302M (15%)         302M (15%)            -                  -          
[128.163s][info][gc,heap     ] GC(230)   Garbage:         -               801M (39%)         465M (23%)          35M (2%)             -                  -          
[128.163s][info][gc,heap     ] GC(230) Reclaimed:         -                  -               336M (16%)         766M (37%)            -                  -          
[128.163s][info][gc          ] GC(230) Garbage Collection (Allocation Rate) 936M(46%)->472M(23%)
[128.163s][info][gc,start    ] GC(231) Garbage Collection (System.gc())
[128.163s][info][gc,task     ] GC(231) Using 2 workers
[128.163s][info][gc,phases   ] GC(231) Pause Mark Start 0.008ms
[128.224s][info][gc,phases   ] GC(231) Concurrent Mark 61.167ms
[128.225s][info][gc,phases   ] GC(231) Pause Mark End 0.019ms
[128.225s][info][gc,phases   ] GC(231) Concurrent Mark Free 0.002ms
[128.238s][info][gc,phases   ] GC(231) Concurrent Process Non-Strong References 13.349ms
[128.238s][info][gc,phases   ] GC(231) Concurrent Reset Relocation Set 0.014ms
[128.240s][info][gc,phases   ] GC(231) Concurrent Select Relocation Set 1.527ms
[128.240s][info][gc,phases   ] GC(231) Pause Relocate Start 0.010ms
[128.241s][info][gc,phases   ] GC(231) Concurrent Relocate 0.818ms
[128.241s][info][gc,load     ] GC(231) Load: 0.00/0.00/0.00
[128.241s][info][gc,mmu      ] GC(231) MMU: 2ms/98.5%, 5ms/99.4%, 10ms/99.6%, 20ms/99.8%, 50ms/99.9%, 100ms/99.9%
[128.241s][info][gc,marking  ] GC(231) Mark: 2 stripe(s), 2 proactive flush(es), 1 terminate flush(es), 0 completion(s), 0 continuation(s) 
[128.241s][info][gc,marking  ] GC(231) Mark Stack Usage: 32M
[128.241s][info][gc,nmethod  ] GC(231) NMethods: 15143 registered, 2270 unregistered
[128.241s][info][gc,metaspace] GC(231) Metaspace: 100M used, 100M committed, 1152M reserved
[128.241s][info][gc,ref      ] GC(231) Soft: 4314 encountered, 0 discovered, 0 enqueued
[128.241s][info][gc,ref      ] GC(231) Weak: 7439 encountered, 102 discovered, 3 enqueued
[128.241s][info][gc,ref      ] GC(231) Final: 1 encountered, 1 discovered, 0 enqueued
[128.241s][info][gc,ref      ] GC(231) Phantom: 773 encountered, 585 discovered, 0 enqueued
[128.241s][info][gc,reloc    ] GC(231) Small Pages: 189 / 378M, Empty: 306M, Relocated: 1M, In-Place: 0
[128.241s][info][gc,reloc    ] GC(231) Medium Pages: 1 / 32M, Empty: 0M, Relocated: 0M, In-Place: 0
[128.241s][info][gc,reloc    ] GC(231) Large Pages: 7 / 62M, Empty: 0M, Relocated: 0M, In-Place: 0
[128.241s][info][gc,reloc    ] GC(231) Forwarding Usage: 0M
[128.241s][info][gc,heap     ] GC(231) Min Capacity: 2048M(100%)
[128.241s][info][gc,heap     ] GC(231) Max Capacity: 2048M(100%)
[128.241s][info][gc,heap     ] GC(231) Soft Max Capacity: 2048M(100%)
[128.241s][info][gc,heap     ] GC(231)                Mark Start          Mark End        Relocate Start      Relocate End           High               Low         
[128.241s][info][gc,heap     ] GC(231)  Capacity:     2048M (100%)       2048M (100%)       2048M (100%)       2048M (100%)       2048M (100%)       2048M (100%)   
[128.241s][info][gc,heap     ] GC(231)      Free:     1576M (77%)        1574M (77%)        1880M (92%)        1900M (93%)        1900M (93%)        1574M (77%)    
[128.241s][info][gc,heap     ] GC(231)      Used:      472M (23%)         474M (23%)         168M (8%)          148M (7%)          474M (23%)         148M (7%)     
[128.241s][info][gc,heap     ] GC(231)      Live:         -               106M (5%)          106M (5%)          106M (5%)             -                  -          
[128.241s][info][gc,heap     ] GC(231) Allocated:         -                 2M (0%)            2M (0%)            2M (0%)             -                  -          
[128.241s][info][gc,heap     ] GC(231)   Garbage:         -               365M (18%)          59M (3%)           39M (2%)             -                  -          
[128.241s][info][gc,heap     ] GC(231) Reclaimed:         -                  -               306M (15%)         326M (16%)            -                  -          
[128.241s][info][gc          ] GC(231) Garbage Collection (System.gc()) 472M(23%)->148M(7%)
[128.801s][info][gc,start    ] GC(232) Garbage Collection (Allocation Rate)
[128.801s][info][gc,task     ] GC(232) Using 1 workers
[128.802s][info][gc,phases   ] GC(232) Pause Mark Start 0.010ms
[128.864s][info][gc,phases   ] GC(232) Concurrent Mark 62.002ms
[128.864s][info][gc,phases   ] GC(232) Pause Mark End 0.018ms
[128.864s][info][gc,phases   ] GC(232) Concurrent Mark Free 0.001ms
[128.890s][info][gc,phases   ] GC(232) Concurrent Process Non-Strong References 26.134ms
[128.890s][info][gc,phases   ] GC(232) Concurrent Reset Relocation Set 0.002ms
[128.892s][info][gc,phases   ] GC(232) Concurrent Select Relocation Set 2.235ms
[128.893s][info][gc,phases   ] GC(232) Pause Relocate Start 0.010ms
[128.898s][info][gc,phases   ] GC(232) Concurrent Relocate 5.231ms
[128.898s][info][gc,load     ] GC(232) Load: 0.00/0.00/0.00
[128.898s][info][gc,mmu      ] GC(232) MMU: 2ms/98.5%, 5ms/99.4%, 10ms/99.6%, 20ms/99.8%, 50ms/99.9%, 100ms/99.9%
[128.898s][info][gc,marking  ] GC(232) Mark: 1 stripe(s), 2 proactive flush(es), 1 terminate flush(es), 0 completion(s), 0 continuation(s) 
[128.898s][info][gc,marking  ] GC(232) Mark Stack Usage: 32M
[128.898s][info][gc,nmethod  ] GC(232) NMethods: 15147 registered, 2270 unregistered
[128.898s][info][gc,metaspace] GC(232) Metaspace: 100M used, 100M committed, 1152M reserved
[128.898s][info][gc,ref      ] GC(232) Soft: 4314 encountered, 0 discovered, 0 enqueued
[128.898s][info][gc,ref      ] GC(232) Weak: 7446 encountered, 6248 discovered, 3 enqueued
[128.898s][info][gc,ref      ] GC(232) Final: 1 encountered, 0 discovered, 0 enqueued
[128.898s][info][gc,ref      ] GC(232) Phantom: 773 encountered, 395 discovered, 0 enqueued
[128.898s][info][gc,reloc    ] GC(232) Small Pages: 512 / 1024M, Empty: 644M, Relocated: 3M, In-Place: 0
[128.898s][info][gc,reloc    ] GC(232) Medium Pages: 2 / 64M, Empty: 32M, Relocated: 0M, In-Place: 0
[128.898s][info][gc,reloc    ] GC(232) Large Pages: 7 / 62M, Empty: 0M, Relocated: 0M, In-Place: 0
[128.898s][info][gc,reloc    ] GC(232) Forwarding Usage: 1M
[128.898s][info][gc,heap     ] GC(232) Min Capacity: 2048M(100%)
[128.898s][info][gc,heap     ] GC(232) Max Capacity: 2048M(100%)
[128.898s][info][gc,heap     ] GC(232) Soft Max Capacity: 2048M(100%)
[128.898s][info][gc,heap     ] GC(232)                Mark Start          Mark End        Relocate Start      Relocate End           High               Low         
[128.898s][info][gc,heap     ] GC(232)  Capacity:     2048M (100%)       2048M (100%)       2048M (100%)       2048M (100%)       2048M (100%)       2048M (100%)   
[128.898s][info][gc,heap     ] GC(232)      Free:      898M (44%)         766M (37%)        1380M (67%)        1702M (83%)        1702M (83%)         710M (35%)    
[128.898s][info][gc,heap     ] GC(232)      Used:     1150M (56%)        1282M (63%)         668M (33%)         346M (17%)        1338M (65%)         346M (17%)    
[128.898s][info][gc,heap     ] GC(232)      Live:         -               106M (5%)          106M (5%)          106M (5%)             -                  -          
[128.898s][info][gc,heap     ] GC(232) Allocated:         -               132M (6%)          194M (9%)          201M (10%)            -                  -          
[128.898s][info][gc,heap     ] GC(232)   Garbage:         -              1043M (51%)         367M (18%)          37M (2%)             -                  -          
[128.898s][info][gc,heap     ] GC(232) Reclaimed:         -                  -               676M (33%)        1005M (49%)            -                  -          
[128.898s][info][gc          ] GC(232) Garbage Collection (Allocation Rate) 1150M(56%)->346M(17%)
[129.305s][info][gc,start    ] GC(233) Garbage Collection (Allocation Rate)
[129.305s][info][gc,task     ] GC(233) Using 1 workers
[129.306s][info][gc,phases   ] GC(233) Pause Mark Start 0.010ms
[129.433s][info][gc,phases   ] GC(233) Concurrent Mark 126.941ms
[129.433s][info][gc,phases   ] GC(233) Pause Mark End 0.013ms
[129.433s][info][gc,phases   ] GC(233) Concurrent Mark Free 0.001ms
[129.460s][info][gc,phases   ] GC(233) Concurrent Process Non-Strong References 27.094ms
[129.460s][info][gc,phases   ] GC(233) Concurrent Reset Relocation Set 0.010ms
[129.467s][info][gc,phases   ] GC(233) Concurrent Select Relocation Set 6.485ms
[129.467s][info][gc,phases   ] GC(233) Pause Relocate Start 0.010ms
[129.506s][info][gc,phases   ] GC(233) Concurrent Relocate 39.353ms
[129.506s][info][gc,load     ] GC(233) Load: 0.00/0.00/0.00
[129.506s][info][gc,mmu      ] GC(233) MMU: 2ms/98.5%, 5ms/99.4%, 10ms/99.6%, 20ms/99.8%, 50ms/99.9%, 100ms/99.9%
[129.507s][info][gc,marking  ] GC(233) Mark: 1 stripe(s), 2 proactive flush(es), 1 terminate flush(es), 0 completion(s), 0 continuation(s) 
[129.507s][info][gc,marking  ] GC(233) Mark Stack Usage: 32M
[129.507s][info][gc,nmethod  ] GC(233) NMethods: 15151 registered, 2270 unregistered
[129.507s][info][gc,metaspace] GC(233) Metaspace: 100M used, 100M committed, 1152M reserved
[129.507s][info][gc,ref      ] GC(233) Soft: 4314 encountered, 0 discovered, 0 enqueued
[129.507s][info][gc,ref      ] GC(233) Weak: 7446 encountered, 6251 discovered, 6 enqueued
[129.507s][info][gc,ref      ] GC(233) Final: 1 encountered, 0 discovered, 0 enqueued
[129.507s][info][gc,ref      ] GC(233) Phantom: 773 encountered, 395 discovered, 0 enqueued
[129.507s][info][gc,reloc    ] GC(233) Small Pages: 592 / 1184M, Empty: 280M, Relocated: 25M, In-Place: 0
[129.507s][info][gc,reloc    ] GC(233) Medium Pages: 2 / 64M, Empty: 0M, Relocated: 3M, In-Place: 0
[129.507s][info][gc,reloc    ] GC(233) Large Pages: 7 / 62M, Empty: 0M, Relocated: 0M, In-Place: 0
[129.507s][info][gc,reloc    ] GC(233) Forwarding Usage: 16M
[129.507s][info][gc,heap     ] GC(233) Min Capacity: 2048M(100%)
[129.507s][info][gc,heap     ] GC(233) Max Capacity: 2048M(100%)
[129.507s][info][gc,heap     ] GC(233) Soft Max Capacity: 2048M(100%)
[129.507s][info][gc,heap     ] GC(233)                Mark Start          Mark End        Relocate Start      Relocate End           High               Low         
[129.507s][info][gc,heap     ] GC(233)  Capacity:     2048M (100%)       2048M (100%)       2048M (100%)       2048M (100%)       2048M (100%)       2048M (100%)   
[129.507s][info][gc,heap     ] GC(233)      Free:      738M (36%)         416M (20%)         616M (30%)        1360M (66%)        1362M (67%)         350M (17%)    
[129.507s][info][gc,heap     ] GC(233)      Used:     1310M (64%)        1632M (80%)        1432M (70%)         688M (34%)        1698M (83%)         686M (33%)    
[129.507s][info][gc,heap     ] GC(233)      Live:         -               134M (7%)          134M (7%)          134M (7%)             -                  -          
[129.507s][info][gc,heap     ] GC(233) Allocated:         -               322M (16%)         402M (20%)         514M (25%)            -                  -          
[129.507s][info][gc,heap     ] GC(233)   Garbage:         -              1175M (57%)         895M (44%)          39M (2%)             -                  -          
[129.507s][info][gc,heap     ] GC(233) Reclaimed:         -                  -               280M (14%)        1136M (55%)            -                  -          
[129.507s][info][gc          ] GC(233) Garbage Collection (Allocation Rate) 1310M(64%)->688M(34%)
[129.606s][info][gc,start    ] GC(234) Garbage Collection (Allocation Rate)
[129.606s][info][gc,task     ] GC(234) Using 1 workers
[129.606s][info][gc,phases   ] GC(234) Pause Mark Start 0.009ms
[129.735s][info][gc,phases   ] GC(234) Concurrent Mark 128.779ms
[129.735s][info][gc,phases   ] GC(234) Pause Mark End 0.113ms
[129.735s][info][gc,phases   ] GC(234) Concurrent Mark Free 0.001ms
[129.761s][info][gc,phases   ] GC(234) Concurrent Process Non-Strong References 25.315ms
[129.761s][info][gc,phases   ] GC(234) Concurrent Reset Relocation Set 0.040ms
[129.764s][info][gc,phases   ] GC(234) Concurrent Select Relocation Set 2.987ms
[129.764s][info][gc,phases   ] GC(234) Pause Relocate Start 0.010ms
[129.767s][info][gc,phases   ] GC(234) Concurrent Relocate 3.258ms
[129.767s][info][gc,load     ] GC(234) Load: 0.00/0.00/0.00
[129.767s][info][gc,mmu      ] GC(234) MMU: 2ms/94.3%, 5ms/97.7%, 10ms/98.9%, 20ms/99.4%, 50ms/99.8%, 100ms/99.9%
[129.767s][info][gc,marking  ] GC(234) Mark: 1 stripe(s), 2 proactive flush(es), 1 terminate flush(es), 0 completion(s), 0 continuation(s) 
[129.767s][info][gc,marking  ] GC(234) Mark Stack Usage: 32M
[129.767s][info][gc,nmethod  ] GC(234) NMethods: 15151 registered, 2270 unregistered
[129.767s][info][gc,metaspace] GC(234) Metaspace: 100M used, 100M committed, 1152M reserved
[129.767s][info][gc,ref      ] GC(234) Soft: 4314 encountered, 0 discovered, 0 enqueued
[129.767s][info][gc,ref      ] GC(234) Weak: 7440 encountered, 6245 discovered, 0 enqueued
[129.767s][info][gc,ref      ] GC(234) Final: 1 encountered, 0 discovered, 0 enqueued
[129.767s][info][gc,ref      ] GC(234) Phantom: 773 encountered, 395 discovered, 0 enqueued
[129.767s][info][gc,reloc    ] GC(234) Small Pages: 405 / 810M, Empty: 310M, Relocated: 2M, In-Place: 0
[129.767s][info][gc,reloc    ] GC(234) Medium Pages: 2 / 64M, Empty: 0M, Relocated: 3M, In-Place: 0
[129.767s][info][gc,reloc    ] GC(234) Large Pages: 7 / 62M, Empty: 0M, Relocated: 0M, In-Place: 0
[129.767s][info][gc,reloc    ] GC(234) Forwarding Usage: 1M
[129.767s][info][gc,heap     ] GC(234) Min Capacity: 2048M(100%)
[129.767s][info][gc,heap     ] GC(234) Max Capacity: 2048M(100%)
[129.767s][info][gc,heap     ] GC(234) Soft Max Capacity: 2048M(100%)
[129.767s][info][gc,heap     ] GC(234)                Mark Start          Mark End        Relocate Start      Relocate End           High               Low         
[129.767s][info][gc,heap     ] GC(234)  Capacity:     2048M (100%)       2048M (100%)       2048M (100%)       2048M (100%)       2048M (100%)       2048M (100%)   
[129.767s][info][gc,heap     ] GC(234)      Free:     1112M (54%)         798M (39%)        1062M (52%)        1516M (74%)        1516M (74%)         756M (37%)    
[129.768s][info][gc,heap     ] GC(234)      Used:      936M (46%)        1250M (61%)         986M (48%)         532M (26%)        1292M (63%)         532M (26%)    
[129.768s][info][gc,heap     ] GC(234)      Live:         -               134M (7%)          134M (7%)          134M (7%)             -                  -          
[129.768s][info][gc,heap     ] GC(234) Allocated:         -               314M (15%)         360M (18%)         360M (18%)            -                  -          
[129.768s][info][gc,heap     ] GC(234)   Garbage:         -               801M (39%)         491M (24%)          37M (2%)             -                  -          
[129.768s][info][gc,heap     ] GC(234) Reclaimed:         -                  -               310M (15%)         764M (37%)            -                  -          
[129.768s][info][gc          ] GC(234) Garbage Collection (Allocation Rate) 936M(46%)->532M(26%)
[129.768s][info][gc,start    ] GC(235) Garbage Collection (System.gc())
[129.768s][info][gc,task     ] GC(235) Using 2 workers
[129.768s][info][gc,phases   ] GC(235) Pause Mark Start 0.007ms
[129.827s][info][gc,phases   ] GC(235) Concurrent Mark 59.298ms
[129.827s][info][gc,phases   ] GC(235) Pause Mark End 0.022ms
[129.827s][info][gc,phases   ] GC(235) Concurrent Mark Free 0.002ms
[129.841s][info][gc,phases   ] GC(235) Concurrent Process Non-Strong References 13.282ms
[129.841s][info][gc,phases   ] GC(235) Concurrent Reset Relocation Set 0.019ms
[129.842s][info][gc,phases   ] GC(235) Concurrent Select Relocation Set 1.226ms
[129.842s][info][gc,phases   ] GC(235) Pause Relocate Start 0.010ms
[129.843s][info][gc,phases   ] GC(235) Concurrent Relocate 0.731ms
[129.843s][info][gc,load     ] GC(235) Load: 0.00/0.00/0.00
[129.843s][info][gc,mmu      ] GC(235) MMU: 2ms/94.3%, 5ms/97.7%, 10ms/98.9%, 20ms/99.4%, 50ms/99.7%, 100ms/99.8%
[129.843s][info][gc,marking  ] GC(235) Mark: 2 stripe(s), 2 proactive flush(es), 1 terminate flush(es), 0 completion(s), 0 continuation(s) 
[129.843s][info][gc,marking  ] GC(235) Mark Stack Usage: 32M
[129.843s][info][gc,nmethod  ] GC(235) NMethods: 15151 registered, 2270 unregistered
[129.843s][info][gc,metaspace] GC(235) Metaspace: 100M used, 100M committed, 1152M reserved
[129.843s][info][gc,ref      ] GC(235) Soft: 4314 encountered, 0 discovered, 0 enqueued
[129.843s][info][gc,ref      ] GC(235) Weak: 7439 encountered, 76 discovered, 3 enqueued
[129.843s][info][gc,ref      ] GC(235) Final: 1 encountered, 1 discovered, 0 enqueued
[129.843s][info][gc,ref      ] GC(235) Phantom: 773 encountered, 504 discovered, 0 enqueued
[129.843s][info][gc,reloc    ] GC(235) Small Pages: 219 / 438M, Empty: 370M, Relocated: 1M, In-Place: 0
[129.843s][info][gc,reloc    ] GC(235) Medium Pages: 1 / 32M, Empty: 0M, Relocated: 0M, In-Place: 0
[129.843s][info][gc,reloc    ] GC(235) Large Pages: 7 / 62M, Empty: 0M, Relocated: 0M, In-Place: 0
[129.843s][info][gc,reloc    ] GC(235) Forwarding Usage: 0M
[129.843s][info][gc,heap     ] GC(235) Min Capacity: 2048M(100%)
[129.843s][info][gc,heap     ] GC(235) Max Capacity: 2048M(100%)
[129.843s][info][gc,heap     ] GC(235) Soft Max Capacity: 2048M(100%)
[129.843s][info][gc,heap     ] GC(235)                Mark Start          Mark End        Relocate Start      Relocate End           High               Low         
[129.843s][info][gc,heap     ] GC(235)  Capacity:     2048M (100%)       2048M (100%)       2048M (100%)       2048M (100%)       2048M (100%)       2048M (100%)   
[129.843s][info][gc,heap     ] GC(235)      Free:     1516M (74%)        1516M (74%)        1886M (92%)        1900M (93%)        1902M (93%)        1516M (74%)    
[129.843s][info][gc,heap     ] GC(235)      Used:      532M (26%)         532M (26%)         162M (8%)          148M (7%)          532M (26%)         146M (7%)     
[129.843s][info][gc,heap     ] GC(235)      Live:         -               106M (5%)          106M (5%)          106M (5%)             -                  -          
[129.843s][info][gc,heap     ] GC(235) Allocated:         -                 0M (0%)            0M (0%)            2M (0%)             -                  -          
[129.843s][info][gc,heap     ] GC(235)   Garbage:         -               425M (21%)          55M (3%)           39M (2%)             -                  -          
[129.843s][info][gc,heap     ] GC(235) Reclaimed:         -                  -               370M (18%)         386M (19%)            -                  -          
[129.843s][info][gc          ] GC(235) Garbage Collection (System.gc()) 532M(26%)->148M(7%)
[130.098s][info][gc,stats    ] === Garbage Collection Statistics =======================================================================================================================
[130.098s][info][gc,stats    ]                                                              Last 10s              Last 10m              Last 10h                Total
[130.098s][info][gc,stats    ]                                                              Avg / Max             Avg / Max             Avg / Max             Avg / Max
[130.098s][info][gc,stats    ]   Collector: Garbage Collection Cycle                    123.001 / 203.452     211.235 / 1215.582    211.235 / 1215.582    211.235 / 1215.582    ms
[130.098s][info][gc,stats    ]  Contention: Mark Segment Reset Contention                     0 / 0                 5 / 496               5 / 496               5 / 496         ops/s
[130.098s][info][gc,stats    ]  Contention: Mark SeqNum Reset Contention                      0 / 0                 0 / 4                 0 / 4                 0 / 4           ops/s
[130.098s][info][gc,stats    ]    Critical: Allocation Stall                                  0 / 0                 0 / 6                 0 / 6                 0 / 6           ops/s
[130.098s][info][gc,stats    ]    Critical: Allocation Stall                              0.000 / 0.000       513.228 / 1001.934    513.228 / 1001.934    513.228 / 1001.934    ms
[130.098s][info][gc,stats    ]    Critical: GC Locker Stall                                   0 / 0                 0 / 1                 0 / 1                 0 / 1           ops/s
[130.098s][info][gc,stats    ]    Critical: GC Locker Stall                               0.000 / 0.000         0.000 / 0.000         0.000 / 0.000         0.000 / 0.000       ms
[130.098s][info][gc,stats    ]    Critical: Relocation Stall                                  0 / 0                 0 / 1                 0 / 1                 0 / 1           ops/s
[130.098s][info][gc,stats    ]    Critical: Relocation Stall                              0.000 / 0.000         7.319 / 11.251        7.319 / 11.251        7.319 / 11.251      ms
[130.098s][info][gc,stats    ]      Memory: Allocation Rate                                2036 / 2410           1443 / 2422           1443 / 2422           1443 / 2422        MB/s
[130.098s][info][gc,stats    ]      Memory: Out Of Memory                                     0 / 0                 0 / 0                 0 / 0                 0 / 0           ops/s
[130.098s][info][gc,stats    ]      Memory: Page Cache Flush                                  0 / 0                 8 / 172               8 / 172               8 / 172         MB/s
[130.098s][info][gc,stats    ]      Memory: Page Cache Hit L1                               999 / 1190            703 / 1197            703 / 1197            703 / 1197        ops/s
[130.098s][info][gc,stats    ]      Memory: Page Cache Hit L2                                 0 / 0                 0 / 0                 0 / 0                 0 / 0           ops/s
[130.098s][info][gc,stats    ]      Memory: Page Cache Hit L3                                 0 / 0                 9 / 289               9 / 289               9 / 289         ops/s
[130.098s][info][gc,stats    ]      Memory: Page Cache Miss                                   0 / 0                 0 / 11                0 / 11                0 / 11          ops/s
[130.098s][info][gc,stats    ]      Memory: Uncommit                                          0 / 0                 0 / 0                 0 / 0                 0 / 0           MB/s
[130.098s][info][gc,stats    ]      Memory: Undo Object Allocation Failed                     0 / 1                 0 / 3                 0 / 3                 0 / 3           ops/s
[130.098s][info][gc,stats    ]      Memory: Undo Object Allocation Succeeded                  0 / 3                 7 / 520               7 / 520               7 / 520         ops/s
[130.098s][info][gc,stats    ]      Memory: Undo Page Allocation                              0 / 1                 0 / 3                 0 / 3                 0 / 3           ops/s
[130.098s][info][gc,stats    ]       Phase: Concurrent Mark                              85.653 / 133.924     168.625 / 1158.372    168.625 / 1158.372    168.625 / 1158.372    ms
[130.098s][info][gc,stats    ]       Phase: Concurrent Mark Continue                      0.000 / 0.000         0.000 / 0.000         0.000 / 0.000         0.000 / 0.000       ms
[130.098s][info][gc,stats    ]       Phase: Concurrent Mark Free                          0.001 / 0.002         0.019 / 4.217         0.019 / 4.217         0.019 / 4.217       ms
[130.098s][info][gc,stats    ]       Phase: Concurrent Process Non-Strong References     21.485 / 27.487       17.155 / 31.183       17.155 / 31.183       17.155 / 31.183      ms
[130.098s][info][gc,stats    ]       Phase: Concurrent Relocate                          11.786 / 41.415       19.652 / 247.779      19.652 / 247.779      19.652 / 247.779     ms
[130.098s][info][gc,stats    ]       Phase: Concurrent Reset Relocation Set               0.013 / 0.040         0.015 / 0.061         0.015 / 0.061         0.015 / 0.061       ms
[130.098s][info][gc,stats    ]       Phase: Concurrent Select Relocation Set              2.972 / 6.485         4.489 / 40.244        4.489 / 40.244        4.489 / 40.244      ms
[130.098s][info][gc,stats    ]       Phase: Pause Mark End                                0.020 / 0.113         0.017 / 0.113         0.017 / 0.113         0.017 / 0.113       ms
[130.098s][info][gc,stats    ]       Phase: Pause Mark Start                              0.009 / 0.014         0.009 / 0.030         0.009 / 0.030         0.009 / 0.030       ms
[130.098s][info][gc,stats    ]       Phase: Pause Relocate Start                          0.011 / 0.017         0.011 / 0.025         0.011 / 0.025         0.011 / 0.025       ms
[130.098s][info][gc,stats    ]    Subphase: Concurrent Classes Purge                      0.741 / 1.006         0.608 / 1.058         0.608 / 1.058         0.608 / 1.058       ms
[130.098s][info][gc,stats    ]    Subphase: Concurrent Classes Unlink                    19.028 / 24.621       15.036 / 28.085       15.036 / 28.085       15.036 / 28.085      ms
[130.098s][info][gc,stats    ]    Subphase: Concurrent Mark                              75.859 / 132.528     179.810 / 1155.457    179.810 / 1155.457    179.810 / 1155.457    ms
[130.098s][info][gc,stats    ]    Subphase: Concurrent Mark Try Flush                     0.108 / 0.574         0.100 / 0.574         0.100 / 0.574         0.100 / 0.574       ms
[130.098s][info][gc,stats    ]    Subphase: Concurrent Mark Try Terminate                 1.608 / 16.334        2.311 / 16.923        2.311 / 16.923        2.311 / 16.923      ms
[130.098s][info][gc,stats    ]    Subphase: Concurrent References Enqueue                 0.004 / 0.008         0.005 / 0.009         0.005 / 0.009         0.005 / 0.009       ms
[130.098s][info][gc,stats    ]    Subphase: Concurrent References Process                 0.698 / 1.079         0.560 / 1.172         0.560 / 1.172         0.560 / 1.172       ms
[130.098s][info][gc,stats    ]    Subphase: Concurrent Roots ClassLoaderDataGraph         0.166 / 0.376         0.147 / 0.429         0.147 / 0.429         0.147 / 0.429       ms
[130.098s][info][gc,stats    ]    Subphase: Concurrent Roots CodeCache                    0.000 / 0.000         0.000 / 0.000         0.000 / 0.000         0.000 / 0.000       ms
[130.099s][info][gc,stats    ]    Subphase: Concurrent Roots JavaThreads                  0.895 / 1.554         1.250 / 2.895         1.250 / 2.895         1.250 / 2.895       ms
[130.099s][info][gc,stats    ]    Subphase: Concurrent Roots OopStorageSet                0.041 / 0.068         0.038 / 0.157         0.038 / 0.157         0.038 / 0.157       ms
[130.099s][info][gc,stats    ]    Subphase: Concurrent Weak Roots OopStorageSet           0.780 / 1.424         0.720 / 1.424         0.720 / 1.424         0.720 / 1.424       ms
[130.099s][info][gc,stats    ]    Subphase: Pause Mark Try Complete                       0.000 / 0.000         0.000 / 0.000         0.000 / 0.000         0.000 / 0.000       ms
[130.099s][info][gc,stats    ]      System: Java Threads                                     31 / 32               37 / 48               37 / 48               37 / 48          threads
[130.099s][info][gc,stats    ] =========================================================================================================================================================
[130.508s][info][gc,start    ] GC(236) Garbage Collection (Allocation Rate)
[130.508s][info][gc,task     ] GC(236) Using 1 workers
[130.509s][info][gc,phases   ] GC(236) Pause Mark Start 0.007ms
[130.574s][info][gc,phases   ] GC(236) Concurrent Mark 65.137ms
[130.574s][info][gc,phases   ] GC(236) Pause Mark End 0.013ms
[130.574s][info][gc,phases   ] GC(236) Concurrent Mark Free 0.001ms
[130.601s][info][gc,phases   ] GC(236) Concurrent Process Non-Strong References 26.664ms
[130.601s][info][gc,phases   ] GC(236) Concurrent Reset Relocation Set 0.001ms
[130.603s][info][gc,phases   ] GC(236) Concurrent Select Relocation Set 2.143ms
[130.603s][info][gc,phases   ] GC(236) Pause Relocate Start 0.013ms
[130.608s][info][gc,phases   ] GC(236) Concurrent Relocate 4.328ms
[130.608s][info][gc,load     ] GC(236) Load: 0.00/0.00/0.00
[130.608s][info][gc,mmu      ] GC(236) MMU: 2ms/94.3%, 5ms/97.7%, 10ms/98.9%, 20ms/99.4%, 50ms/99.7%, 100ms/99.8%
[130.608s][info][gc,marking  ] GC(236) Mark: 1 stripe(s), 2 proactive flush(es), 1 terminate flush(es), 0 completion(s), 0 continuation(s) 
[130.608s][info][gc,marking  ] GC(236) Mark Stack Usage: 32M
[130.608s][info][gc,nmethod  ] GC(236) NMethods: 15155 registered, 2270 unregistered
[130.608s][info][gc,metaspace] GC(236) Metaspace: 100M used, 100M committed, 1152M reserved
[130.608s][info][gc,ref      ] GC(236) Soft: 4314 encountered, 0 discovered, 0 enqueued
[130.608s][info][gc,ref      ] GC(236) Weak: 7446 encountered, 6251 discovered, 1 enqueued
[130.608s][info][gc,ref      ] GC(236) Final: 1 encountered, 0 discovered, 0 enqueued
[130.608s][info][gc,ref      ] GC(236) Phantom: 773 encountered, 395 discovered, 0 enqueued
[130.608s][info][gc,reloc    ] GC(236) Small Pages: 627 / 1254M, Empty: 828M, Relocated: 1M, In-Place: 0
[130.608s][info][gc,reloc    ] GC(236) Medium Pages: 2 / 64M, Empty: 32M, Relocated: 0M, In-Place: 0
[130.608s][info][gc,reloc    ] GC(236) Large Pages: 7 / 62M, Empty: 0M, Relocated: 0M, In-Place: 0
[130.608s][info][gc,reloc    ] GC(236) Forwarding Usage: 0M
[130.608s][info][gc,heap     ] GC(236) Min Capacity: 2048M(100%)
[130.608s][info][gc,heap     ] GC(236) Max Capacity: 2048M(100%)
[130.608s][info][gc,heap     ] GC(236) Soft Max Capacity: 2048M(100%)
[130.608s][info][gc,heap     ] GC(236)                Mark Start          Mark End        Relocate Start      Relocate End           High               Low         
[130.608s][info][gc,heap     ] GC(236)  Capacity:     2048M (100%)       2048M (100%)       2048M (100%)       2048M (100%)       2048M (100%)       2048M (100%)   
[130.608s][info][gc,heap     ] GC(236)      Free:      668M (33%)         496M (24%)        1294M (63%)        1658M (81%)        1658M (81%)         438M (21%)    
[130.608s][info][gc,heap     ] GC(236)      Used:     1380M (67%)        1552M (76%)         754M (37%)         390M (19%)        1610M (79%)         390M (19%)    
[130.608s][info][gc,heap     ] GC(236)      Live:         -               107M (5%)          107M (5%)          107M (5%)             -                  -          
[130.608s][info][gc,heap     ] GC(236) Allocated:         -               172M (8%)          234M (11%)         243M (12%)            -                  -          
[130.608s][info][gc,heap     ] GC(236)   Garbage:         -              1272M (62%)         412M (20%)          38M (2%)             -                  -          
[130.608s][info][gc,heap     ] GC(236) Reclaimed:         -                  -               860M (42%)        1233M (60%)            -                  -          
[130.608s][info][gc          ] GC(236) Garbage Collection (Allocation Rate) 1380M(67%)->390M(19%)
[131.003s][info][gc,start    ] GC(237) Garbage Collection (Allocation Rate)
[131.003s][info][gc,task     ] GC(237) Using 1 workers
[131.003s][info][gc,phases   ] GC(237) Pause Mark Start 0.009ms
[131.128s][info][gc,phases   ] GC(237) Concurrent Mark 124.567ms
[131.128s][info][gc,phases   ] GC(237) Pause Mark End 0.012ms
[131.128s][info][gc,phases   ] GC(237) Concurrent Mark Free 0.001ms
[131.155s][info][gc,phases   ] GC(237) Concurrent Process Non-Strong References 26.928ms
[131.155s][info][gc,phases   ] GC(237) Concurrent Reset Relocation Set 0.011ms
[131.161s][info][gc,phases   ] GC(237) Concurrent Select Relocation Set 5.525ms
[131.161s][info][gc,phases   ] GC(237) Pause Relocate Start 0.019ms
[131.202s][info][gc,phases   ] GC(237) Concurrent Relocate 41.188ms
[131.202s][info][gc,load     ] GC(237) Load: 0.00/0.00/0.00
[131.202s][info][gc,mmu      ] GC(237) MMU: 2ms/94.3%, 5ms/97.7%, 10ms/98.9%, 20ms/99.4%, 50ms/99.7%, 100ms/99.8%
[131.202s][info][gc,marking  ] GC(237) Mark: 1 stripe(s), 2 proactive flush(es), 1 terminate flush(es), 0 completion(s), 0 continuation(s) 
[131.202s][info][gc,marking  ] GC(237) Mark Stack Usage: 32M
[131.202s][info][gc,nmethod  ] GC(237) NMethods: 15155 registered, 2270 unregistered
[131.202s][info][gc,metaspace] GC(237) Metaspace: 100M used, 100M committed, 1152M reserved
[131.202s][info][gc,ref      ] GC(237) Soft: 4314 encountered, 0 discovered, 0 enqueued
[131.202s][info][gc,ref      ] GC(237) Weak: 7446 encountered, 6251 discovered, 6 enqueued
[131.202s][info][gc,ref      ] GC(237) Final: 1 encountered, 0 discovered, 0 enqueued
[131.202s][info][gc,ref      ] GC(237) Phantom: 773 encountered, 395 discovered, 0 enqueued
[131.202s][info][gc,reloc    ] GC(237) Small Pages: 601 / 1202M, Empty: 192M, Relocated: 27M, In-Place: 0
[131.202s][info][gc,reloc    ] GC(237) Medium Pages: 2 / 64M, Empty: 0M, Relocated: 3M, In-Place: 0
[131.202s][info][gc,reloc    ] GC(237) Large Pages: 7 / 62M, Empty: 0M, Relocated: 0M, In-Place: 0
[131.202s][info][gc,reloc    ] GC(237) Forwarding Usage: 16M
[131.202s][info][gc,heap     ] GC(237) Min Capacity: 2048M(100%)
[131.202s][info][gc,heap     ] GC(237) Max Capacity: 2048M(100%)
[131.202s][info][gc,heap     ] GC(237) Soft Max Capacity: 2048M(100%)
[131.202s][info][gc,heap     ] GC(237)                Mark Start          Mark End        Relocate Start      Relocate End           High               Low         
[131.202s][info][gc,heap     ] GC(237)  Capacity:     2048M (100%)       2048M (100%)       2048M (100%)       2048M (100%)       2048M (100%)       2048M (100%)   
[131.203s][info][gc,heap     ] GC(237)      Free:      720M (35%)         420M (21%)         530M (26%)        1378M (67%)        1378M (67%)         350M (17%)    
[131.203s][info][gc,heap     ] GC(237)      Used:     1328M (65%)        1628M (79%)        1518M (74%)         670M (33%)        1698M (83%)         670M (33%)    
[131.203s][info][gc,heap     ] GC(237)      Live:         -               134M (7%)          134M (7%)          134M (7%)             -                  -          
[131.203s][info][gc,heap     ] GC(237) Allocated:         -               300M (15%)         382M (19%)         498M (24%)            -                  -          
[131.203s][info][gc,heap     ] GC(237)   Garbage:         -              1193M (58%)        1001M (49%)          37M (2%)             -                  -          
[131.203s][info][gc,heap     ] GC(237) Reclaimed:         -                  -               192M (9%)         1156M (56%)            -                  -          
[131.203s][info][gc          ] GC(237) Garbage Collection (Allocation Rate) 1328M(65%)->670M(33%)
[131.304s][info][gc,start    ] GC(238) Garbage Collection (Allocation Rate)
[131.304s][info][gc,task     ] GC(238) Using 1 workers
[131.304s][info][gc,phases   ] GC(238) Pause Mark Start 0.010ms
[131.430s][info][gc,phases   ] GC(238) Concurrent Mark 125.261ms
[131.430s][info][gc,phases   ] GC(238) Pause Mark End 0.016ms
[131.430s][info][gc,phases   ] GC(238) Concurrent Mark Free 0.002ms
[131.454s][info][gc,phases   ] GC(238) Concurrent Process Non-Strong References 24.336ms
[131.454s][info][gc,phases   ] GC(238) Concurrent Reset Relocation Set 0.024ms
[131.457s][info][gc,phases   ] GC(238) Concurrent Select Relocation Set 2.536ms
[131.457s][info][gc,phases   ] GC(238) Pause Relocate Start 0.011ms
[131.463s][info][gc,phases   ] GC(238) Concurrent Relocate 6.130ms
[131.463s][info][gc,load     ] GC(238) Load: 0.00/0.00/0.00
[131.463s][info][gc,mmu      ] GC(238) MMU: 2ms/94.3%, 5ms/97.7%, 10ms/98.9%, 20ms/99.4%, 50ms/99.7%, 100ms/99.8%
[131.463s][info][gc,marking  ] GC(238) Mark: 1 stripe(s), 2 proactive flush(es), 1 terminate flush(es), 0 completion(s), 0 continuation(s) 
[131.463s][info][gc,marking  ] GC(238) Mark Stack Usage: 32M
[131.463s][info][gc,nmethod  ] GC(238) NMethods: 15155 registered, 2270 unregistered
[131.463s][info][gc,metaspace] GC(238) Metaspace: 100M used, 100M committed, 1152M reserved
[131.463s][info][gc,ref      ] GC(238) Soft: 4314 encountered, 0 discovered, 0 enqueued
[131.463s][info][gc,ref      ] GC(238) Weak: 7437 encountered, 6246 discovered, 0 enqueued
[131.463s][info][gc,ref      ] GC(238) Final: 1 encountered, 0 discovered, 0 enqueued
[131.463s][info][gc,ref      ] GC(238) Phantom: 773 encountered, 395 discovered, 0 enqueued
[131.463s][info][gc,reloc    ] GC(238) Small Pages: 400 / 800M, Empty: 352M, Relocated: 5M, In-Place: 0
[131.463s][info][gc,reloc    ] GC(238) Medium Pages: 2 / 64M, Empty: 0M, Relocated: 3M, In-Place: 0
[131.463s][info][gc,reloc    ] GC(238) Large Pages: 7 / 62M, Empty: 0M, Relocated: 0M, In-Place: 0
[131.463s][info][gc,reloc    ] GC(238) Forwarding Usage: 2M
[131.463s][info][gc,heap     ] GC(238) Min Capacity: 2048M(100%)
[131.463s][info][gc,heap     ] GC(238) Max Capacity: 2048M(100%)
[131.463s][info][gc,heap     ] GC(238) Soft Max Capacity: 2048M(100%)
[131.464s][info][gc,heap     ] GC(238)                Mark Start          Mark End        Relocate Start      Relocate End           High               Low         
[131.464s][info][gc,heap     ] GC(238)  Capacity:     2048M (100%)       2048M (100%)       2048M (100%)       2048M (100%)       2048M (100%)       2048M (100%)   
[131.464s][info][gc,heap     ] GC(238)      Free:     1122M (55%)        1002M (49%)        1350M (66%)        1754M (86%)        1754M (86%)         998M (49%)    
[131.464s][info][gc,heap     ] GC(238)      Used:      926M (45%)        1046M (51%)         698M (34%)         294M (14%)        1050M (51%)         294M (14%)    
[131.464s][info][gc,heap     ] GC(238)      Live:         -               134M (7%)          134M (7%)          134M (7%)             -                  -          
[131.464s][info][gc,heap     ] GC(238) Allocated:         -               120M (6%)          124M (6%)          124M (6%)             -                  -          
[131.464s][info][gc,heap     ] GC(238)   Garbage:         -               791M (39%)         439M (21%)          35M (2%)             -                  -          
[131.464s][info][gc,heap     ] GC(238) Reclaimed:         -                  -               352M (17%)         756M (37%)            -                  -          
[131.464s][info][gc          ] GC(238) Garbage Collection (Allocation Rate) 926M(45%)->294M(14%)
[131.464s][info][gc,start    ] GC(239) Garbage Collection (System.gc())
[131.464s][info][gc,task     ] GC(239) Using 2 workers
[131.464s][info][gc,phases   ] GC(239) Pause Mark Start 0.008ms
[131.528s][info][gc,phases   ] GC(239) Concurrent Mark 63.797ms
[131.528s][info][gc,phases   ] GC(239) Pause Mark End 0.024ms
[131.528s][info][gc,phases   ] GC(239) Concurrent Mark Free 0.003ms
[131.542s][info][gc,phases   ] GC(239) Concurrent Process Non-Strong References 13.943ms
[131.542s][info][gc,phases   ] GC(239) Concurrent Reset Relocation Set 0.017ms
[131.544s][info][gc,phases   ] GC(239) Concurrent Select Relocation Set 1.305ms
[131.544s][info][gc,phases   ] GC(239) Pause Relocate Start 0.010ms
[131.545s][info][gc,phases   ] GC(239) Concurrent Relocate 0.768ms
[131.545s][info][gc,load     ] GC(239) Load: 0.00/0.00/0.00
[131.545s][info][gc,mmu      ] GC(239) MMU: 2ms/94.3%, 5ms/97.7%, 10ms/98.9%, 20ms/99.4%, 50ms/99.7%, 100ms/99.8%
[131.545s][info][gc,marking  ] GC(239) Mark: 2 stripe(s), 2 proactive flush(es), 1 terminate flush(es), 0 completion(s), 0 continuation(s) 
[131.545s][info][gc,marking  ] GC(239) Mark Stack Usage: 32M
[131.545s][info][gc,nmethod  ] GC(239) NMethods: 15155 registered, 2270 unregistered
[131.545s][info][gc,metaspace] GC(239) Metaspace: 100M used, 100M committed, 1152M reserved
[131.545s][info][gc,ref      ] GC(239) Soft: 4314 encountered, 0 discovered, 0 enqueued
[131.545s][info][gc,ref      ] GC(239) Weak: 7439 encountered, 91 discovered, 3 enqueued
[131.545s][info][gc,ref      ] GC(239) Final: 1 encountered, 1 discovered, 0 enqueued
[131.545s][info][gc,ref      ] GC(239) Phantom: 773 encountered, 609 discovered, 0 enqueued
[131.545s][info][gc,reloc    ] GC(239) Small Pages: 100 / 200M, Empty: 132M, Relocated: 1M, In-Place: 0
[131.545s][info][gc,reloc    ] GC(239) Medium Pages: 1 / 32M, Empty: 0M, Relocated: 0M, In-Place: 0
[131.545s][info][gc,reloc    ] GC(239) Large Pages: 7 / 62M, Empty: 0M, Relocated: 0M, In-Place: 0
[131.545s][info][gc,reloc    ] GC(239) Forwarding Usage: 0M
[131.545s][info][gc,heap     ] GC(239) Min Capacity: 2048M(100%)
[131.545s][info][gc,heap     ] GC(239) Max Capacity: 2048M(100%)
[131.545s][info][gc,heap     ] GC(239) Soft Max Capacity: 2048M(100%)
[131.545s][info][gc,heap     ] GC(239)                Mark Start          Mark End        Relocate Start      Relocate End           High               Low         
[131.545s][info][gc,heap     ] GC(239)  Capacity:     2048M (100%)       2048M (100%)       2048M (100%)       2048M (100%)       2048M (100%)       2048M (100%)   
[131.545s][info][gc,heap     ] GC(239)      Free:     1754M (86%)        1752M (86%)        1884M (92%)        1900M (93%)        1900M (93%)        1752M (86%)    
[131.545s][info][gc,heap     ] GC(239)      Used:      294M (14%)         296M (14%)         164M (8%)          148M (7%)          296M (14%)         148M (7%)     
[131.545s][info][gc,heap     ] GC(239)      Live:         -               106M (5%)          106M (5%)          106M (5%)             -                  -          
[131.545s][info][gc,heap     ] GC(239) Allocated:         -                 2M (0%)            2M (0%)            2M (0%)             -                  -          
[131.545s][info][gc,heap     ] GC(239)   Garbage:         -               187M (9%)           55M (3%)           39M (2%)             -                  -          
[131.545s][info][gc,heap     ] GC(239) Reclaimed:         -                  -               132M (6%)          148M (7%)             -                  -          
[131.545s][info][gc          ] GC(239) Garbage Collection (System.gc()) 294M(14%)->148M(7%)
[132.101s][info][gc,start    ] GC(240) Garbage Collection (Allocation Rate)
[132.101s][info][gc,task     ] GC(240) Using 1 workers
[132.101s][info][gc,phases   ] GC(240) Pause Mark Start 0.012ms
[132.165s][info][gc,phases   ] GC(240) Concurrent Mark 63.520ms
[132.165s][info][gc,phases   ] GC(240) Pause Mark End 0.017ms
[132.165s][info][gc,phases   ] GC(240) Concurrent Mark Free 0.001ms
[132.192s][info][gc,phases   ] GC(240) Concurrent Process Non-Strong References 27.071ms
[132.192s][info][gc,phases   ] GC(240) Concurrent Reset Relocation Set 0.001ms
[132.194s][info][gc,phases   ] GC(240) Concurrent Select Relocation Set 2.268ms
[132.194s][info][gc,phases   ] GC(240) Pause Relocate Start 0.010ms
[132.199s][info][gc,phases   ] GC(240) Concurrent Relocate 4.983ms
[132.199s][info][gc,load     ] GC(240) Load: 0.00/0.00/0.00
[132.199s][info][gc,mmu      ] GC(240) MMU: 2ms/94.3%, 5ms/97.7%, 10ms/98.9%, 20ms/99.4%, 50ms/99.7%, 100ms/99.8%
[132.199s][info][gc,marking  ] GC(240) Mark: 1 stripe(s), 2 proactive flush(es), 1 terminate flush(es), 0 completion(s), 0 continuation(s) 
[132.200s][info][gc,marking  ] GC(240) Mark Stack Usage: 32M
[132.200s][info][gc,nmethod  ] GC(240) NMethods: 15158 registered, 2270 unregistered
[132.200s][info][gc,metaspace] GC(240) Metaspace: 100M used, 100M committed, 1152M reserved
[132.200s][info][gc,ref      ] GC(240) Soft: 4314 encountered, 0 discovered, 0 enqueued
[132.200s][info][gc,ref      ] GC(240) Weak: 7446 encountered, 6248 discovered, 3 enqueued
[132.200s][info][gc,ref      ] GC(240) Final: 1 encountered, 0 discovered, 0 enqueued
[132.200s][info][gc,ref      ] GC(240) Phantom: 773 encountered, 395 discovered, 0 enqueued
[132.200s][info][gc,reloc    ] GC(240) Small Pages: 511 / 1022M, Empty: 642M, Relocated: 3M, In-Place: 0
[132.200s][info][gc,reloc    ] GC(240) Medium Pages: 2 / 64M, Empty: 32M, Relocated: 0M, In-Place: 0
[132.200s][info][gc,reloc    ] GC(240) Large Pages: 7 / 62M, Empty: 0M, Relocated: 0M, In-Place: 0
[132.200s][info][gc,reloc    ] GC(240) Forwarding Usage: 1M
[132.200s][info][gc,heap     ] GC(240) Min Capacity: 2048M(100%)
[132.200s][info][gc,heap     ] GC(240) Max Capacity: 2048M(100%)
[132.200s][info][gc,heap     ] GC(240) Soft Max Capacity: 2048M(100%)
[132.200s][info][gc,heap     ] GC(240)                Mark Start          Mark End        Relocate Start      Relocate End           High               Low         
[132.200s][info][gc,heap     ] GC(240)  Capacity:     2048M (100%)       2048M (100%)       2048M (100%)       2048M (100%)       2048M (100%)       2048M (100%)   
[132.200s][info][gc,heap     ] GC(240)      Free:      900M (44%)         766M (37%)        1376M (67%)        1698M (83%)        1700M (83%)         706M (34%)    
[132.200s][info][gc,heap     ] GC(240)      Used:     1148M (56%)        1282M (63%)         672M (33%)         350M (17%)        1342M (66%)         348M (17%)    
[132.200s][info][gc,heap     ] GC(240)      Live:         -               106M (5%)          106M (5%)          106M (5%)             -                  -          
[132.200s][info][gc,heap     ] GC(240) Allocated:         -               134M (7%)          198M (10%)         205M (10%)            -                  -          
[132.200s][info][gc,heap     ] GC(240)   Garbage:         -              1041M (51%)         367M (18%)          37M (2%)             -                  -          
[132.200s][info][gc,heap     ] GC(240) Reclaimed:         -                  -               674M (33%)        1003M (49%)            -                  -          
[132.200s][info][gc          ] GC(240) Garbage Collection (Allocation Rate) 1148M(56%)->350M(17%)
[132.594s][info][gc,start    ] GC(241) Garbage Collection (Allocation Rate)
[132.594s][info][gc,task     ] GC(241) Using 1 workers
[132.594s][info][gc,phases   ] GC(241) Pause Mark Start 0.010ms
[132.724s][info][gc,phases   ] GC(241) Concurrent Mark 129.659ms
[132.724s][info][gc,phases   ] GC(241) Pause Mark End 0.013ms
[132.724s][info][gc,phases   ] GC(241) Concurrent Mark Free 0.001ms
[132.751s][info][gc,phases   ] GC(241) Concurrent Process Non-Strong References 27.288ms
[132.751s][info][gc,phases   ] GC(241) Concurrent Reset Relocation Set 0.012ms
[132.757s][info][gc,phases   ] GC(241) Concurrent Select Relocation Set 5.084ms
[132.757s][info][gc,phases   ] GC(241) Pause Relocate Start 0.015ms
[132.796s][info][gc,phases   ] GC(241) Concurrent Relocate 39.254ms
[132.796s][info][gc,load     ] GC(241) Load: 0.00/0.00/0.00
[132.796s][info][gc,mmu      ] GC(241) MMU: 2ms/94.3%, 5ms/97.7%, 10ms/98.9%, 20ms/99.4%, 50ms/99.7%, 100ms/99.8%
[132.796s][info][gc,marking  ] GC(241) Mark: 1 stripe(s), 2 proactive flush(es), 1 terminate flush(es), 0 completion(s), 0 continuation(s) 
[132.796s][info][gc,marking  ] GC(241) Mark Stack Usage: 32M
[132.796s][info][gc,nmethod  ] GC(241) NMethods: 15158 registered, 2270 unregistered
[132.796s][info][gc,metaspace] GC(241) Metaspace: 100M used, 100M committed, 1152M reserved
[132.796s][info][gc,ref      ] GC(241) Soft: 4314 encountered, 0 discovered, 0 enqueued
[132.796s][info][gc,ref      ] GC(241) Weak: 7446 encountered, 6251 discovered, 6 enqueued
[132.796s][info][gc,ref      ] GC(241) Final: 1 encountered, 0 discovered, 0 enqueued
[132.796s][info][gc,ref      ] GC(241) Phantom: 773 encountered, 395 discovered, 0 enqueued
[132.796s][info][gc,reloc    ] GC(241) Small Pages: 574 / 1148M, Empty: 262M, Relocated: 25M, In-Place: 0
[132.796s][info][gc,reloc    ] GC(241) Medium Pages: 2 / 64M, Empty: 0M, Relocated: 3M, In-Place: 0
[132.796s][info][gc,reloc    ] GC(241) Large Pages: 7 / 62M, Empty: 0M, Relocated: 0M, In-Place: 0
[132.796s][info][gc,reloc    ] GC(241) Forwarding Usage: 15M
[132.796s][info][gc,heap     ] GC(241) Min Capacity: 2048M(100%)
[132.796s][info][gc,heap     ] GC(241) Max Capacity: 2048M(100%)
[132.797s][info][gc,heap     ] GC(241) Soft Max Capacity: 2048M(100%)
[132.797s][info][gc,heap     ] GC(241)                Mark Start          Mark End        Relocate Start      Relocate End           High               Low         
[132.797s][info][gc,heap     ] GC(241)  Capacity:     2048M (100%)       2048M (100%)       2048M (100%)       2048M (100%)       2048M (100%)       2048M (100%)   
[132.797s][info][gc,heap     ] GC(241)      Free:      774M (38%)         466M (23%)         648M (32%)        1376M (67%)        1376M (67%)         394M (19%)    
[132.797s][info][gc,heap     ] GC(241)      Used:     1274M (62%)        1582M (77%)        1400M (68%)         672M (33%)        1654M (81%)         672M (33%)    
[132.797s][info][gc,heap     ] GC(241)      Live:         -               134M (7%)          134M (7%)          134M (7%)             -                  -          
[132.797s][info][gc,heap     ] GC(241) Allocated:         -               308M (15%)         388M (19%)         498M (24%)            -                  -          
[132.797s][info][gc,heap     ] GC(241)   Garbage:         -              1139M (56%)         877M (43%)          39M (2%)             -                  -          
[132.797s][info][gc,heap     ] GC(241) Reclaimed:         -                  -               262M (13%)        1100M (54%)            -                  -          
[132.797s][info][gc          ] GC(241) Garbage Collection (Allocation Rate) 1274M(62%)->672M(33%)
[132.896s][info][gc,start    ] GC(242) Garbage Collection (Allocation Rate)
[132.896s][info][gc,task     ] GC(242) Using 1 workers
[132.896s][info][gc,phases   ] GC(242) Pause Mark Start 0.009ms
[133.029s][info][gc,phases   ] GC(242) Concurrent Mark 132.862ms
[133.029s][info][gc,phases   ] GC(242) Pause Mark End 0.010ms
[133.029s][info][gc,phases   ] GC(242) Concurrent Mark Free 0.001ms
[133.056s][info][gc,phases   ] GC(242) Concurrent Process Non-Strong References 26.672ms
[133.056s][info][gc,phases   ] GC(242) Concurrent Reset Relocation Set 0.032ms
[133.059s][info][gc,phases   ] GC(242) Concurrent Select Relocation Set 3.018ms
[133.059s][info][gc,phases   ] GC(242) Pause Relocate Start 0.011ms
[133.065s][info][gc,phases   ] GC(242) Concurrent Relocate 6.003ms
[133.065s][info][gc,load     ] GC(242) Load: 0.00/0.00/0.00
[133.065s][info][gc,mmu      ] GC(242) MMU: 2ms/94.3%, 5ms/97.7%, 10ms/98.9%, 20ms/99.4%, 50ms/99.7%, 100ms/99.8%
[133.065s][info][gc,marking  ] GC(242) Mark: 1 stripe(s), 2 proactive flush(es), 1 terminate flush(es), 0 completion(s), 0 continuation(s) 
[133.065s][info][gc,marking  ] GC(242) Mark Stack Usage: 32M
[133.065s][info][gc,nmethod  ] GC(242) NMethods: 15158 registered, 2270 unregistered
[133.065s][info][gc,metaspace] GC(242) Metaspace: 100M used, 100M committed, 1152M reserved
[133.065s][info][gc,ref      ] GC(242) Soft: 4314 encountered, 0 discovered, 0 enqueued
[133.065s][info][gc,ref      ] GC(242) Weak: 7440 encountered, 6245 discovered, 0 enqueued
[133.065s][info][gc,ref      ] GC(242) Final: 1 encountered, 0 discovered, 0 enqueued
[133.065s][info][gc,ref      ] GC(242) Phantom: 773 encountered, 395 discovered, 0 enqueued
[133.065s][info][gc,reloc    ] GC(242) Small Pages: 392 / 784M, Empty: 288M, Relocated: 5M, In-Place: 0
[133.065s][info][gc,reloc    ] GC(242) Medium Pages: 2 / 64M, Empty: 0M, Relocated: 3M, In-Place: 0
[133.065s][info][gc,reloc    ] GC(242) Large Pages: 7 / 62M, Empty: 0M, Relocated: 0M, In-Place: 0
[133.065s][info][gc,reloc    ] GC(242) Forwarding Usage: 2M
[133.065s][info][gc,heap     ] GC(242) Min Capacity: 2048M(100%)
[133.065s][info][gc,heap     ] GC(242) Max Capacity: 2048M(100%)
[133.065s][info][gc,heap     ] GC(242) Soft Max Capacity: 2048M(100%)
[133.065s][info][gc,heap     ] GC(242)                Mark Start          Mark End        Relocate Start      Relocate End           High               Low         
[133.065s][info][gc,heap     ] GC(242)  Capacity:     2048M (100%)       2048M (100%)       2048M (100%)       2048M (100%)       2048M (100%)       2048M (100%)   
[133.065s][info][gc,heap     ] GC(242)      Free:     1138M (56%)         802M (39%)        1026M (50%)        1436M (70%)        1440M (70%)         740M (36%)    
[133.066s][info][gc,heap     ] GC(242)      Used:      910M (44%)        1246M (61%)        1022M (50%)         612M (30%)        1308M (64%)         608M (30%)    
[133.066s][info][gc,heap     ] GC(242)      Live:         -               134M (7%)          134M (7%)          134M (7%)             -                  -          
[133.066s][info][gc,heap     ] GC(242) Allocated:         -               336M (16%)         400M (20%)         441M (22%)            -                  -          
[133.066s][info][gc,heap     ] GC(242)   Garbage:         -               775M (38%)         487M (24%)          35M (2%)             -                  -          
[133.066s][info][gc,heap     ] GC(242) Reclaimed:         -                  -               288M (14%)         739M (36%)            -                  -          
[133.066s][info][gc          ] GC(242) Garbage Collection (Allocation Rate) 910M(44%)->612M(30%)
[133.079s][info][gc,start    ] GC(243) Garbage Collection (System.gc())
[133.079s][info][gc,task     ] GC(243) Using 2 workers
[133.079s][info][gc,phases   ] GC(243) Pause Mark Start 0.007ms
[133.134s][info][gc,phases   ] GC(243) Concurrent Mark 54.220ms
[133.134s][info][gc,phases   ] GC(243) Pause Mark End 0.017ms
[133.134s][info][gc,phases   ] GC(243) Concurrent Mark Free 0.001ms
[133.147s][info][gc,phases   ] GC(243) Concurrent Process Non-Strong References 13.301ms
[133.147s][info][gc,phases   ] GC(243) Concurrent Reset Relocation Set 0.014ms
[133.149s][info][gc,phases   ] GC(243) Concurrent Select Relocation Set 1.348ms
[133.149s][info][gc,phases   ] GC(243) Pause Relocate Start 0.010ms
[133.150s][info][gc,phases   ] GC(243) Concurrent Relocate 0.728ms
[133.150s][info][gc,load     ] GC(243) Load: 0.00/0.00/0.00
[133.150s][info][gc,mmu      ] GC(243) MMU: 2ms/94.3%, 5ms/97.7%, 10ms/98.9%, 20ms/99.4%, 50ms/99.7%, 100ms/99.8%
[133.150s][info][gc,marking  ] GC(243) Mark: 2 stripe(s), 2 proactive flush(es), 1 terminate flush(es), 0 completion(s), 0 continuation(s) 
[133.150s][info][gc,marking  ] GC(243) Mark Stack Usage: 32M
[133.150s][info][gc,nmethod  ] GC(243) NMethods: 15158 registered, 2270 unregistered
[133.150s][info][gc,metaspace] GC(243) Metaspace: 100M used, 100M committed, 1152M reserved
[133.150s][info][gc,ref      ] GC(243) Soft: 4314 encountered, 0 discovered, 0 enqueued
[133.150s][info][gc,ref      ] GC(243) Weak: 7439 encountered, 6300 discovered, 3 enqueued
[133.150s][info][gc,ref      ] GC(243) Final: 1 encountered, 1 discovered, 0 enqueued
[133.150s][info][gc,ref      ] GC(243) Phantom: 773 encountered, 519 discovered, 0 enqueued
[133.150s][info][gc,reloc    ] GC(243) Small Pages: 252 / 504M, Empty: 426M, Relocated: 1M, In-Place: 0
[133.150s][info][gc,reloc    ] GC(243) Medium Pages: 2 / 64M, Empty: 32M, Relocated: 0M, In-Place: 0
[133.150s][info][gc,reloc    ] GC(243) Large Pages: 7 / 62M, Empty: 0M, Relocated: 0M, In-Place: 0
[133.150s][info][gc,reloc    ] GC(243) Forwarding Usage: 0M
[133.150s][info][gc,heap     ] GC(243) Min Capacity: 2048M(100%)
[133.150s][info][gc,heap     ] GC(243) Max Capacity: 2048M(100%)
[133.150s][info][gc,heap     ] GC(243) Soft Max Capacity: 2048M(100%)
[133.150s][info][gc,heap     ] GC(243)                Mark Start          Mark End        Relocate Start      Relocate End           High               Low         
[133.150s][info][gc,heap     ] GC(243)  Capacity:     2048M (100%)       2048M (100%)       2048M (100%)       2048M (100%)       2048M (100%)       2048M (100%)   
[133.150s][info][gc,heap     ] GC(243)      Free:     1418M (69%)        1418M (69%)        1876M (92%)        1900M (93%)        1900M (93%)        1418M (69%)    
[133.150s][info][gc,heap     ] GC(243)      Used:      630M (31%)         630M (31%)         172M (8%)          148M (7%)          630M (31%)         148M (7%)     
[133.150s][info][gc,heap     ] GC(243)      Live:         -               106M (5%)          106M (5%)          106M (5%)             -                  -          
[133.150s][info][gc,heap     ] GC(243) Allocated:         -                 0M (0%)            0M (0%)            2M (0%)             -                  -          
[133.150s][info][gc,heap     ] GC(243)   Garbage:         -               523M (26%)          65M (3%)           39M (2%)             -                  -          
[133.150s][info][gc,heap     ] GC(243) Reclaimed:         -                  -               458M (22%)         484M (24%)            -                  -          
[133.150s][info][gc          ] GC(243) Garbage Collection (System.gc()) 630M(31%)->148M(7%)
[133.808s][info][gc,start    ] GC(244) Garbage Collection (Allocation Rate)
[133.808s][info][gc,task     ] GC(244) Using 1 workers
[133.808s][info][gc,phases   ] GC(244) Pause Mark Start 0.009ms
[133.871s][info][gc,phases   ] GC(244) Concurrent Mark 62.614ms
[133.871s][info][gc,phases   ] GC(244) Pause Mark End 0.016ms
[133.871s][info][gc,phases   ] GC(244) Concurrent Mark Free 0.001ms
[133.898s][info][gc,phases   ] GC(244) Concurrent Process Non-Strong References 26.436ms
[133.898s][info][gc,phases   ] GC(244) Concurrent Reset Relocation Set 0.003ms
[133.900s][info][gc,phases   ] GC(244) Concurrent Select Relocation Set 2.073ms
[133.900s][info][gc,phases   ] GC(244) Pause Relocate Start 0.010ms
[133.904s][info][gc,phases   ] GC(244) Concurrent Relocate 3.540ms
[133.904s][info][gc,load     ] GC(244) Load: 0.00/0.00/0.00
[133.904s][info][gc,mmu      ] GC(244) MMU: 2ms/94.3%, 5ms/97.7%, 10ms/98.9%, 20ms/99.4%, 50ms/99.7%, 100ms/99.8%
[133.904s][info][gc,marking  ] GC(244) Mark: 1 stripe(s), 2 proactive flush(es), 1 terminate flush(es), 0 completion(s), 0 continuation(s) 
[133.904s][info][gc,marking  ] GC(244) Mark Stack Usage: 32M
[133.904s][info][gc,nmethod  ] GC(244) NMethods: 15166 registered, 2270 unregistered
[133.904s][info][gc,metaspace] GC(244) Metaspace: 100M used, 100M committed, 1152M reserved
[133.904s][info][gc,ref      ] GC(244) Soft: 4314 encountered, 0 discovered, 0 enqueued
[133.904s][info][gc,ref      ] GC(244) Weak: 7446 encountered, 6251 discovered, 1 enqueued
[133.904s][info][gc,ref      ] GC(244) Final: 1 encountered, 0 discovered, 0 enqueued
[133.904s][info][gc,ref      ] GC(244) Phantom: 773 encountered, 395 discovered, 0 enqueued
[133.904s][info][gc,reloc    ] GC(244) Small Pages: 620 / 1240M, Empty: 832M, Relocated: 1M, In-Place: 0
[133.904s][info][gc,reloc    ] GC(244) Medium Pages: 2 / 64M, Empty: 32M, Relocated: 0M, In-Place: 0
[133.904s][info][gc,reloc    ] GC(244) Large Pages: 7 / 62M, Empty: 0M, Relocated: 0M, In-Place: 0
[133.904s][info][gc,reloc    ] GC(244) Forwarding Usage: 0M
[133.904s][info][gc,heap     ] GC(244) Min Capacity: 2048M(100%)
[133.904s][info][gc,heap     ] GC(244) Max Capacity: 2048M(100%)
[133.904s][info][gc,heap     ] GC(244) Soft Max Capacity: 2048M(100%)
[133.904s][info][gc,heap     ] GC(244)                Mark Start          Mark End        Relocate Start      Relocate End           High               Low         
[133.904s][info][gc,heap     ] GC(244)  Capacity:     2048M (100%)       2048M (100%)       2048M (100%)       2048M (100%)       2048M (100%)       2048M (100%)   
[133.904s][info][gc,heap     ] GC(244)      Free:      682M (33%)         516M (25%)        1316M (64%)        1664M (81%)        1664M (81%)         456M (22%)    
[133.904s][info][gc,heap     ] GC(244)      Used:     1366M (67%)        1532M (75%)         732M (36%)         384M (19%)        1592M (78%)         384M (19%)    
[133.904s][info][gc,heap     ] GC(244)      Live:         -               107M (5%)          107M (5%)          107M (5%)             -                  -          
[133.904s][info][gc,heap     ] GC(244) Allocated:         -               166M (8%)          230M (11%)         237M (12%)            -                  -          
[133.904s][info][gc,heap     ] GC(244)   Garbage:         -              1258M (61%)         394M (19%)          38M (2%)             -                  -          
[133.904s][info][gc,heap     ] GC(244) Reclaimed:         -                  -               864M (42%)        1219M (60%)            -                  -          
[133.904s][info][gc          ] GC(244) Garbage Collection (Allocation Rate) 1366M(67%)->384M(19%)
[134.301s][info][gc,start    ] GC(245) Garbage Collection (Allocation Rate)
[134.301s][info][gc,task     ] GC(245) Using 1 workers
[134.301s][info][gc,phases   ] GC(245) Pause Mark Start 0.009ms
[134.426s][info][gc,phases   ] GC(245) Concurrent Mark 124.495ms
[134.426s][info][gc,phases   ] GC(245) Pause Mark End 0.016ms
[134.426s][info][gc,phases   ] GC(245) Concurrent Mark Free 0.001ms
[134.453s][info][gc,phases   ] GC(245) Concurrent Process Non-Strong References 26.628ms
[134.453s][info][gc,phases   ] GC(245) Concurrent Reset Relocation Set 0.010ms
[134.459s][info][gc,phases   ] GC(245) Concurrent Select Relocation Set 5.622ms
[134.459s][info][gc,phases   ] GC(245) Pause Relocate Start 0.011ms
[134.500s][info][gc,phases   ] GC(245) Concurrent Relocate 40.847ms
[134.500s][info][gc,load     ] GC(245) Load: 0.00/0.00/0.00
[134.500s][info][gc,mmu      ] GC(245) MMU: 2ms/94.3%, 5ms/97.7%, 10ms/98.9%, 20ms/99.4%, 50ms/99.7%, 100ms/99.8%
[134.500s][info][gc,marking  ] GC(245) Mark: 1 stripe(s), 2 proactive flush(es), 1 terminate flush(es), 0 completion(s), 0 continuation(s) 
[134.500s][info][gc,marking  ] GC(245) Mark Stack Usage: 32M
[134.500s][info][gc,nmethod  ] GC(245) NMethods: 15167 registered, 2270 unregistered
[134.500s][info][gc,metaspace] GC(245) Metaspace: 100M used, 100M committed, 1152M reserved
[134.500s][info][gc,ref      ] GC(245) Soft: 4314 encountered, 0 discovered, 0 enqueued
[134.500s][info][gc,ref      ] GC(245) Weak: 7446 encountered, 6251 discovered, 6 enqueued
[134.500s][info][gc,ref      ] GC(245) Final: 1 encountered, 0 discovered, 0 enqueued
[134.500s][info][gc,ref      ] GC(245) Phantom: 773 encountered, 395 discovered, 0 enqueued
[134.500s][info][gc,reloc    ] GC(245) Small Pages: 613 / 1226M, Empty: 186M, Relocated: 27M, In-Place: 0
[134.500s][info][gc,reloc    ] GC(245) Medium Pages: 2 / 64M, Empty: 0M, Relocated: 3M, In-Place: 0
[134.500s][info][gc,reloc    ] GC(245) Large Pages: 7 / 62M, Empty: 0M, Relocated: 0M, In-Place: 0
[134.500s][info][gc,reloc    ] GC(245) Forwarding Usage: 17M
[134.500s][info][gc,heap     ] GC(245) Min Capacity: 2048M(100%)
[134.500s][info][gc,heap     ] GC(245) Max Capacity: 2048M(100%)
[134.500s][info][gc,heap     ] GC(245) Soft Max Capacity: 2048M(100%)
[134.500s][info][gc,heap     ] GC(245)                Mark Start          Mark End        Relocate Start      Relocate End           High               Low         
[134.500s][info][gc,heap     ] GC(245)  Capacity:     2048M (100%)       2048M (100%)       2048M (100%)       2048M (100%)       2048M (100%)       2048M (100%)   
[134.500s][info][gc,heap     ] GC(245)      Free:      696M (34%)         396M (19%)         500M (24%)        1378M (67%)        1382M (67%)         330M (16%)    
[134.500s][info][gc,heap     ] GC(245)      Used:     1352M (66%)        1652M (81%)        1548M (76%)         670M (33%)        1718M (84%)         666M (33%)    
[134.500s][info][gc,heap     ] GC(245)      Live:         -               134M (7%)          134M (7%)          134M (7%)             -                  -          
[134.500s][info][gc,heap     ] GC(245) Allocated:         -               300M (15%)         382M (19%)         498M (24%)            -                  -          
[134.500s][info][gc,heap     ] GC(245)   Garbage:         -              1217M (59%)        1031M (50%)          37M (2%)             -                  -          
[134.500s][info][gc,heap     ] GC(245) Reclaimed:         -                  -               186M (9%)         1180M (58%)            -                  -          
[134.500s][info][gc          ] GC(245) Garbage Collection (Allocation Rate) 1352M(66%)->670M(33%)
[134.604s][info][gc,start    ] GC(246) Garbage Collection (Allocation Rate)
[134.604s][info][gc,task     ] GC(246) Using 1 workers
[134.604s][info][gc,phases   ] GC(246) Pause Mark Start 0.007ms
[134.725s][info][gc,phases   ] GC(246) Concurrent Mark 121.384ms
[134.725s][info][gc,phases   ] GC(246) Pause Mark End 0.019ms
[134.726s][info][gc,phases   ] GC(246) Concurrent Mark Free 0.002ms
[134.750s][info][gc,phases   ] GC(246) Concurrent Process Non-Strong References 24.060ms
[134.750s][info][gc,phases   ] GC(246) Concurrent Reset Relocation Set 0.024ms
[134.753s][info][gc,phases   ] GC(246) Concurrent Select Relocation Set 3.625ms
[134.754s][info][gc,phases   ] GC(246) Pause Relocate Start 0.011ms
[134.758s][info][gc,phases   ] GC(246) Concurrent Relocate 4.064ms
[134.758s][info][gc,load     ] GC(246) Load: 0.00/0.00/0.00
[134.758s][info][gc,mmu      ] GC(246) MMU: 2ms/94.3%, 5ms/97.7%, 10ms/98.9%, 20ms/99.4%, 50ms/99.7%, 100ms/99.8%
[134.758s][info][gc,marking  ] GC(246) Mark: 1 stripe(s), 2 proactive flush(es), 1 terminate flush(es), 0 completion(s), 0 continuation(s) 
[134.758s][info][gc,marking  ] GC(246) Mark Stack Usage: 32M
[134.758s][info][gc,nmethod  ] GC(246) NMethods: 15167 registered, 2270 unregistered
[134.758s][info][gc,metaspace] GC(246) Metaspace: 100M used, 100M committed, 1152M reserved
[134.758s][info][gc,ref      ] GC(246) Soft: 4314 encountered, 0 discovered, 0 enqueued
[134.758s][info][gc,ref      ] GC(246) Weak: 7437 encountered, 6246 discovered, 0 enqueued
[134.758s][info][gc,ref      ] GC(246) Final: 1 encountered, 0 discovered, 0 enqueued
[134.758s][info][gc,ref      ] GC(246) Phantom: 773 encountered, 395 discovered, 0 enqueued
[134.758s][info][gc,reloc    ] GC(246) Small Pages: 405 / 810M, Empty: 368M, Relocated: 3M, In-Place: 0
[134.758s][info][gc,reloc    ] GC(246) Medium Pages: 2 / 64M, Empty: 0M, Relocated: 3M, In-Place: 0
[134.758s][info][gc,reloc    ] GC(246) Large Pages: 7 / 62M, Empty: 0M, Relocated: 0M, In-Place: 0
[134.758s][info][gc,reloc    ] GC(246) Forwarding Usage: 1M
[134.758s][info][gc,heap     ] GC(246) Min Capacity: 2048M(100%)
[134.758s][info][gc,heap     ] GC(246) Max Capacity: 2048M(100%)
[134.758s][info][gc,heap     ] GC(246) Soft Max Capacity: 2048M(100%)
[134.758s][info][gc,heap     ] GC(246)                Mark Start          Mark End        Relocate Start      Relocate End           High               Low         
[134.758s][info][gc,heap     ] GC(246)  Capacity:     2048M (100%)       2048M (100%)       2048M (100%)       2048M (100%)       2048M (100%)       2048M (100%)   
[134.758s][info][gc,heap     ] GC(246)      Free:     1112M (54%)        1016M (50%)        1384M (68%)        1782M (87%)        1782M (87%)        1016M (50%)    
[134.758s][info][gc,heap     ] GC(246)      Used:      936M (46%)        1032M (50%)         664M (32%)         266M (13%)        1032M (50%)         266M (13%)    
[134.758s][info][gc,heap     ] GC(246)      Live:         -               134M (7%)          134M (7%)          134M (7%)             -                  -          
[134.758s][info][gc,heap     ] GC(246) Allocated:         -                96M (5%)           96M (5%)           96M (5%)             -                  -          
[134.758s][info][gc,heap     ] GC(246)   Garbage:         -               801M (39%)         433M (21%)          35M (2%)             -                  -          
[134.758s][info][gc,heap     ] GC(246) Reclaimed:         -                  -               368M (18%)         766M (37%)            -                  -          
[134.758s][info][gc          ] GC(246) Garbage Collection (Allocation Rate) 936M(46%)->266M(13%)
[134.758s][info][gc,start    ] GC(247) Garbage Collection (System.gc())
[134.758s][info][gc,task     ] GC(247) Using 2 workers
[134.758s][info][gc,phases   ] GC(247) Pause Mark Start 0.009ms
[134.811s][info][gc,phases   ] GC(247) Concurrent Mark 52.533ms
[134.811s][info][gc,phases   ] GC(247) Pause Mark End 0.021ms
[134.811s][info][gc,phases   ] GC(247) Concurrent Mark Free 0.002ms
[134.825s][info][gc,phases   ] GC(247) Concurrent Process Non-Strong References 13.246ms
[134.825s][info][gc,phases   ] GC(247) Concurrent Reset Relocation Set 0.009ms
[134.826s][info][gc,phases   ] GC(247) Concurrent Select Relocation Set 1.177ms
[134.826s][info][gc,phases   ] GC(247) Pause Relocate Start 0.010ms
[134.827s][info][gc,phases   ] GC(247) Concurrent Relocate 0.459ms
[134.827s][info][gc,load     ] GC(247) Load: 0.00/0.00/0.00
[134.827s][info][gc,mmu      ] GC(247) MMU: 2ms/94.3%, 5ms/97.7%, 10ms/98.9%, 20ms/99.4%, 50ms/99.7%, 100ms/99.8%
[134.827s][info][gc,marking  ] GC(247) Mark: 2 stripe(s), 2 proactive flush(es), 1 terminate flush(es), 0 completion(s), 0 continuation(s) 
[134.827s][info][gc,marking  ] GC(247) Mark Stack Usage: 32M
[134.827s][info][gc,nmethod  ] GC(247) NMethods: 15167 registered, 2270 unregistered
[134.827s][info][gc,metaspace] GC(247) Metaspace: 100M used, 100M committed, 1152M reserved
[134.827s][info][gc,ref      ] GC(247) Soft: 4314 encountered, 0 discovered, 0 enqueued
[134.827s][info][gc,ref      ] GC(247) Weak: 7439 encountered, 6152 discovered, 3 enqueued
[134.827s][info][gc,ref      ] GC(247) Final: 1 encountered, 1 discovered, 0 enqueued
[134.827s][info][gc,ref      ] GC(247) Phantom: 773 encountered, 469 discovered, 0 enqueued
[134.827s][info][gc,reloc    ] GC(247) Small Pages: 86 / 172M, Empty: 102M, Relocated: 1M, In-Place: 0
[134.827s][info][gc,reloc    ] GC(247) Medium Pages: 1 / 32M, Empty: 0M, Relocated: 0M, In-Place: 0
[134.827s][info][gc,reloc    ] GC(247) Large Pages: 7 / 62M, Empty: 0M, Relocated: 0M, In-Place: 0
[134.827s][info][gc,reloc    ] GC(247) Forwarding Usage: 0M
[134.827s][info][gc,heap     ] GC(247) Min Capacity: 2048M(100%)
[134.827s][info][gc,heap     ] GC(247) Max Capacity: 2048M(100%)
[134.827s][info][gc,heap     ] GC(247) Soft Max Capacity: 2048M(100%)
[134.827s][info][gc,heap     ] GC(247)                Mark Start          Mark End        Relocate Start      Relocate End           High               Low         
[134.827s][info][gc,heap     ] GC(247)  Capacity:     2048M (100%)       2048M (100%)       2048M (100%)       2048M (100%)       2048M (100%)       2048M (100%)   
[134.827s][info][gc,heap     ] GC(247)      Free:     1782M (87%)        1780M (87%)        1882M (92%)        1900M (93%)        1900M (93%)        1780M (87%)    
[134.827s][info][gc,heap     ] GC(247)      Used:      266M (13%)         268M (13%)         166M (8%)          148M (7%)          268M (13%)         148M (7%)     
[134.827s][info][gc,heap     ] GC(247)      Live:         -               106M (5%)          106M (5%)          106M (5%)             -                  -          
[134.827s][info][gc,heap     ] GC(247) Allocated:         -                 2M (0%)            2M (0%)            2M (0%)             -                  -          
[134.827s][info][gc,heap     ] GC(247)   Garbage:         -               159M (8%)           57M (3%)           39M (2%)             -                  -          
[134.827s][info][gc,heap     ] GC(247) Reclaimed:         -                  -               102M (5%)          120M (6%)             -                  -          
[134.827s][info][gc          ] GC(247) Garbage Collection (System.gc()) 266M(13%)->148M(7%)
[135.399s][info][gc,start    ] GC(248) Garbage Collection (Allocation Rate)
[135.399s][info][gc,task     ] GC(248) Using 1 workers
[135.399s][info][gc,phases   ] GC(248) Pause Mark Start 0.009ms
[135.460s][info][gc,phases   ] GC(248) Concurrent Mark 60.908ms
[135.460s][info][gc,phases   ] GC(248) Pause Mark End 0.012ms
[135.460s][info][gc,phases   ] GC(248) Concurrent Mark Free 0.001ms
[135.487s][info][gc,phases   ] GC(248) Concurrent Process Non-Strong References 26.468ms
[135.487s][info][gc,phases   ] GC(248) Concurrent Reset Relocation Set 0.002ms
[135.489s][info][gc,phases   ] GC(248) Concurrent Select Relocation Set 2.347ms
[135.489s][info][gc,phases   ] GC(248) Pause Relocate Start 0.013ms
[135.493s][info][gc,phases   ] GC(248) Concurrent Relocate 3.796ms
[135.493s][info][gc,load     ] GC(248) Load: 0.00/0.00/0.00
[135.493s][info][gc,mmu      ] GC(248) MMU: 2ms/94.3%, 5ms/97.7%, 10ms/98.9%, 20ms/99.4%, 50ms/99.7%, 100ms/99.8%
[135.493s][info][gc,marking  ] GC(248) Mark: 1 stripe(s), 2 proactive flush(es), 1 terminate flush(es), 0 completion(s), 0 continuation(s) 
[135.493s][info][gc,marking  ] GC(248) Mark Stack Usage: 32M
[135.493s][info][gc,nmethod  ] GC(248) NMethods: 15169 registered, 2270 unregistered
[135.493s][info][gc,metaspace] GC(248) Metaspace: 100M used, 100M committed, 1152M reserved
[135.493s][info][gc,ref      ] GC(248) Soft: 4314 encountered, 0 discovered, 0 enqueued
[135.493s][info][gc,ref      ] GC(248) Weak: 7446 encountered, 6248 discovered, 3 enqueued
[135.493s][info][gc,ref      ] GC(248) Final: 1 encountered, 0 discovered, 0 enqueued
[135.494s][info][gc,ref      ] GC(248) Phantom: 773 encountered, 395 discovered, 0 enqueued
[135.494s][info][gc,reloc    ] GC(248) Small Pages: 527 / 1054M, Empty: 642M, Relocated: 1M, In-Place: 0
[135.494s][info][gc,reloc    ] GC(248) Medium Pages: 2 / 64M, Empty: 32M, Relocated: 0M, In-Place: 0
[135.494s][info][gc,reloc    ] GC(248) Large Pages: 7 / 62M, Empty: 0M, Relocated: 0M, In-Place: 0
[135.494s][info][gc,reloc    ] GC(248) Forwarding Usage: 0M
[135.494s][info][gc,heap     ] GC(248) Min Capacity: 2048M(100%)
[135.494s][info][gc,heap     ] GC(248) Max Capacity: 2048M(100%)
[135.494s][info][gc,heap     ] GC(248) Soft Max Capacity: 2048M(100%)
[135.494s][info][gc,heap     ] GC(248)                Mark Start          Mark End        Relocate Start      Relocate End           High               Low         
[135.494s][info][gc,heap     ] GC(248)  Capacity:     2048M (100%)       2048M (100%)       2048M (100%)       2048M (100%)       2048M (100%)       2048M (100%)   
[135.494s][info][gc,heap     ] GC(248)      Free:      868M (42%)         732M (36%)        1344M (66%)        1698M (83%)        1698M (83%)         674M (33%)    
[135.494s][info][gc,heap     ] GC(248)      Used:     1180M (58%)        1316M (64%)         704M (34%)         350M (17%)        1374M (67%)         350M (17%)    
[135.494s][info][gc,heap     ] GC(248)      Live:         -               107M (5%)          107M (5%)          107M (5%)             -                  -          
[135.494s][info][gc,heap     ] GC(248) Allocated:         -               136M (7%)          198M (10%)         205M (10%)            -                  -          
[135.494s][info][gc,heap     ] GC(248)   Garbage:         -              1072M (52%)         398M (19%)          36M (2%)             -                  -          
[135.494s][info][gc,heap     ] GC(248) Reclaimed:         -                  -               674M (33%)        1035M (51%)            -                  -          
[135.494s][info][gc          ] GC(248) Garbage Collection (Allocation Rate) 1180M(58%)->350M(17%)
[135.894s][info][gc,start    ] GC(249) Garbage Collection (Allocation Rate)
[135.894s][info][gc,task     ] GC(249) Using 1 workers
[135.895s][info][gc,phases   ] GC(249) Pause Mark Start 0.011ms
[136.017s][info][gc,phases   ] GC(249) Concurrent Mark 122.385ms
[136.017s][info][gc,phases   ] GC(249) Pause Mark End 0.014ms
[136.017s][info][gc,phases   ] GC(249) Concurrent Mark Free 0.001ms
[136.044s][info][gc,phases   ] GC(249) Concurrent Process Non-Strong References 26.699ms
[136.044s][info][gc,phases   ] GC(249) Concurrent Reset Relocation Set 0.012ms
[136.050s][info][gc,phases   ] GC(249) Concurrent Select Relocation Set 5.315ms
[136.050s][info][gc,phases   ] GC(249) Pause Relocate Start 0.013ms
[136.090s][info][gc,phases   ] GC(249) Concurrent Relocate 39.727ms
[136.090s][info][gc,load     ] GC(249) Load: 0.00/0.00/0.00
[136.090s][info][gc,mmu      ] GC(249) MMU: 2ms/94.3%, 5ms/97.7%, 10ms/98.9%, 20ms/99.4%, 50ms/99.7%, 100ms/99.8%
[136.090s][info][gc,marking  ] GC(249) Mark: 1 stripe(s), 2 proactive flush(es), 1 terminate flush(es), 0 completion(s), 0 continuation(s) 
[136.090s][info][gc,marking  ] GC(249) Mark Stack Usage: 32M
[136.090s][info][gc,nmethod  ] GC(249) NMethods: 15170 registered, 2270 unregistered
[136.090s][info][gc,metaspace] GC(249) Metaspace: 100M used, 100M committed, 1152M reserved
[136.090s][info][gc,ref      ] GC(249) Soft: 4314 encountered, 0 discovered, 0 enqueued
[136.090s][info][gc,ref      ] GC(249) Weak: 7446 encountered, 6251 discovered, 6 enqueued
[136.090s][info][gc,ref      ] GC(249) Final: 1 encountered, 0 discovered, 0 enqueued
[136.090s][info][gc,ref      ] GC(249) Phantom: 773 encountered, 395 discovered, 0 enqueued
[136.090s][info][gc,reloc    ] GC(249) Small Pages: 587 / 1174M, Empty: 260M, Relocated: 25M, In-Place: 0
[136.090s][info][gc,reloc    ] GC(249) Medium Pages: 2 / 64M, Empty: 0M, Relocated: 3M, In-Place: 0
[136.090s][info][gc,reloc    ] GC(249) Large Pages: 7 / 62M, Empty: 0M, Relocated: 0M, In-Place: 0
[136.090s][info][gc,reloc    ] GC(249) Forwarding Usage: 16M
[136.090s][info][gc,heap     ] GC(249) Min Capacity: 2048M(100%)
[136.090s][info][gc,heap     ] GC(249) Max Capacity: 2048M(100%)
[136.090s][info][gc,heap     ] GC(249) Soft Max Capacity: 2048M(100%)
[136.090s][info][gc,heap     ] GC(249)                Mark Start          Mark End        Relocate Start      Relocate End           High               Low         
[136.090s][info][gc,heap     ] GC(249)  Capacity:     2048M (100%)       2048M (100%)       2048M (100%)       2048M (100%)       2048M (100%)       2048M (100%)   
[136.090s][info][gc,heap     ] GC(249)      Free:      748M (37%)         432M (21%)         616M (30%)        1370M (67%)        1370M (67%)         366M (18%)    
[136.090s][info][gc,heap     ] GC(249)      Used:     1300M (63%)        1616M (79%)        1432M (70%)         678M (33%)        1682M (82%)         678M (33%)    
[136.090s][info][gc,heap     ] GC(249)      Live:         -               134M (7%)          134M (7%)          134M (7%)             -                  -          
[136.090s][info][gc,heap     ] GC(249) Allocated:         -               316M (15%)         392M (19%)         504M (25%)            -                  -          
[136.090s][info][gc,heap     ] GC(249)   Garbage:         -              1165M (57%)         905M (44%)          39M (2%)             -                  -          
[136.090s][info][gc,heap     ] GC(249) Reclaimed:         -                  -               260M (13%)        1126M (55%)            -                  -          
[136.090s][info][gc          ] GC(249) Garbage Collection (Allocation Rate) 1300M(63%)->678M(33%)
[136.195s][info][gc,start    ] GC(250) Garbage Collection (Allocation Rate)
[136.195s][info][gc,task     ] GC(250) Using 1 workers
[136.195s][info][gc,phases   ] GC(250) Pause Mark Start 0.008ms
[136.318s][info][gc,phases   ] GC(250) Concurrent Mark 123.113ms
[136.318s][info][gc,phases   ] GC(250) Pause Mark End 0.015ms
[136.318s][info][gc,phases   ] GC(250) Concurrent Mark Free 0.001ms
[136.343s][info][gc,phases   ] GC(250) Concurrent Process Non-Strong References 24.850ms
[136.343s][info][gc,phases   ] GC(250) Concurrent Reset Relocation Set 0.034ms
[136.346s][info][gc,phases   ] GC(250) Concurrent Select Relocation Set 2.621ms
[136.346s][info][gc,phases   ] GC(250) Pause Relocate Start 0.010ms
[136.351s][info][gc,phases   ] GC(250) Concurrent Relocate 4.711ms
[136.351s][info][gc,load     ] GC(250) Load: 0.00/0.00/0.00
[136.351s][info][gc,mmu      ] GC(250) MMU: 2ms/94.3%, 5ms/97.7%, 10ms/98.9%, 20ms/99.4%, 50ms/99.7%, 100ms/99.8%
[136.351s][info][gc,marking  ] GC(250) Mark: 1 stripe(s), 2 proactive flush(es), 1 terminate flush(es), 0 completion(s), 0 continuation(s) 
[136.351s][info][gc,marking  ] GC(250) Mark Stack Usage: 32M
[136.351s][info][gc,nmethod  ] GC(250) NMethods: 15170 registered, 2270 unregistered
[136.351s][info][gc,metaspace] GC(250) Metaspace: 100M used, 100M committed, 1152M reserved
[136.351s][info][gc,ref      ] GC(250) Soft: 4314 encountered, 0 discovered, 0 enqueued
[136.351s][info][gc,ref      ] GC(250) Weak: 7440 encountered, 6248 discovered, 0 enqueued
[136.351s][info][gc,ref      ] GC(250) Final: 1 encountered, 0 discovered, 0 enqueued
[136.351s][info][gc,ref      ] GC(250) Phantom: 773 encountered, 395 discovered, 0 enqueued
[136.351s][info][gc,reloc    ] GC(250) Small Pages: 407 / 814M, Empty: 314M, Relocated: 3M, In-Place: 0
[136.351s][info][gc,reloc    ] GC(250) Medium Pages: 2 / 64M, Empty: 0M, Relocated: 3M, In-Place: 0
[136.351s][info][gc,reloc    ] GC(250) Large Pages: 7 / 62M, Empty: 0M, Relocated: 0M, In-Place: 0
[136.351s][info][gc,reloc    ] GC(250) Forwarding Usage: 1M
[136.351s][info][gc,heap     ] GC(250) Min Capacity: 2048M(100%)
[136.351s][info][gc,heap     ] GC(250) Max Capacity: 2048M(100%)
[136.351s][info][gc,heap     ] GC(250) Soft Max Capacity: 2048M(100%)
[136.351s][info][gc,heap     ] GC(250)                Mark Start          Mark End        Relocate Start      Relocate End           High               Low         
[136.351s][info][gc,heap     ] GC(250)  Capacity:     2048M (100%)       2048M (100%)       2048M (100%)       2048M (100%)       2048M (100%)       2048M (100%)   
[136.351s][info][gc,heap     ] GC(250)      Free:     1108M (54%)         806M (39%)        1086M (53%)        1542M (75%)        1542M (75%)         772M (38%)    
[136.351s][info][gc,heap     ] GC(250)      Used:      940M (46%)        1242M (61%)         962M (47%)         506M (25%)        1276M (62%)         506M (25%)    
[136.351s][info][gc,heap     ] GC(250)      Live:         -               134M (7%)          134M (7%)          134M (7%)             -                  -          
[136.352s][info][gc,heap     ] GC(250) Allocated:         -               302M (15%)         336M (16%)         336M (16%)            -                  -          
[136.352s][info][gc,heap     ] GC(250)   Garbage:         -               805M (39%)         491M (24%)          35M (2%)             -                  -          
[136.352s][info][gc,heap     ] GC(250) Reclaimed:         -                  -               314M (15%)         770M (38%)            -                  -          
[136.352s][info][gc          ] GC(250) Garbage Collection (Allocation Rate) 940M(46%)->506M(25%)
[136.352s][info][gc,start    ] GC(251) Garbage Collection (System.gc())
[136.352s][info][gc,task     ] GC(251) Using 2 workers
[136.352s][info][gc,phases   ] GC(251) Pause Mark Start 0.007ms
[136.417s][info][gc,phases   ] GC(251) Concurrent Mark 64.994ms
[136.417s][info][gc,phases   ] GC(251) Pause Mark End 0.022ms
[136.417s][info][gc,phases   ] GC(251) Concurrent Mark Free 0.002ms
[136.431s][info][gc,phases   ] GC(251) Concurrent Process Non-Strong References 13.623ms
[136.431s][info][gc,phases   ] GC(251) Concurrent Reset Relocation Set 0.010ms
[136.432s][info][gc,phases   ] GC(251) Concurrent Select Relocation Set 1.250ms
[136.432s][info][gc,phases   ] GC(251) Pause Relocate Start 0.010ms
[136.433s][info][gc,phases   ] GC(251) Concurrent Relocate 0.816ms
[136.433s][info][gc,load     ] GC(251) Load: 0.00/0.00/0.00
[136.433s][info][gc,mmu      ] GC(251) MMU: 2ms/94.3%, 5ms/97.7%, 10ms/98.9%, 20ms/99.4%, 50ms/99.7%, 100ms/99.8%
[136.433s][info][gc,marking  ] GC(251) Mark: 2 stripe(s), 2 proactive flush(es), 1 terminate flush(es), 0 completion(s), 0 continuation(s) 
[136.433s][info][gc,marking  ] GC(251) Mark Stack Usage: 32M
[136.433s][info][gc,nmethod  ] GC(251) NMethods: 15170 registered, 2270 unregistered
[136.433s][info][gc,metaspace] GC(251) Metaspace: 100M used, 100M committed, 1152M reserved
[136.433s][info][gc,ref      ] GC(251) Soft: 4314 encountered, 0 discovered, 0 enqueued
[136.433s][info][gc,ref      ] GC(251) Weak: 7439 encountered, 275 discovered, 3 enqueued
[136.433s][info][gc,ref      ] GC(251) Final: 1 encountered, 1 discovered, 0 enqueued
[136.433s][info][gc,ref      ] GC(251) Phantom: 773 encountered, 559 discovered, 0 enqueued
[136.433s][info][gc,reloc    ] GC(251) Small Pages: 206 / 412M, Empty: 348M, Relocated: 1M, In-Place: 0
[136.433s][info][gc,reloc    ] GC(251) Medium Pages: 1 / 32M, Empty: 0M, Relocated: 0M, In-Place: 0
[136.433s][info][gc,reloc    ] GC(251) Large Pages: 7 / 62M, Empty: 0M, Relocated: 0M, In-Place: 0
[136.433s][info][gc,reloc    ] GC(251) Forwarding Usage: 0M
[136.433s][info][gc,heap     ] GC(251) Min Capacity: 2048M(100%)
[136.433s][info][gc,heap     ] GC(251) Max Capacity: 2048M(100%)
[136.433s][info][gc,heap     ] GC(251) Soft Max Capacity: 2048M(100%)
[136.433s][info][gc,heap     ] GC(251)                Mark Start          Mark End        Relocate Start      Relocate End           High               Low         
[136.433s][info][gc,heap     ] GC(251)  Capacity:     2048M (100%)       2048M (100%)       2048M (100%)       2048M (100%)       2048M (100%)       2048M (100%)   
[136.433s][info][gc,heap     ] GC(251)      Free:     1542M (75%)        1542M (75%)        1890M (92%)        1902M (93%)        1902M (93%)        1542M (75%)    
[136.433s][info][gc,heap     ] GC(251)      Used:      506M (25%)         506M (25%)         158M (8%)          146M (7%)          506M (25%)         146M (7%)     
[136.433s][info][gc,heap     ] GC(251)      Live:         -               106M (5%)          106M (5%)          106M (5%)             -                  -          
[136.433s][info][gc,heap     ] GC(251) Allocated:         -                 0M (0%)            0M (0%)            0M (0%)             -                  -          
[136.433s][info][gc,heap     ] GC(251)   Garbage:         -               399M (20%)          51M (3%)           39M (2%)             -                  -          
[136.433s][info][gc,heap     ] GC(251) Reclaimed:         -                  -               348M (17%)         360M (18%)            -                  -          
[136.433s][info][gc          ] GC(251) Garbage Collection (System.gc()) 506M(25%)->146M(7%)
[137.008s][info][gc,start    ] GC(252) Garbage Collection (Allocation Rate)
[137.008s][info][gc,task     ] GC(252) Using 1 workers
[137.009s][info][gc,phases   ] GC(252) Pause Mark Start 0.009ms
[137.072s][info][gc,phases   ] GC(252) Concurrent Mark 63.172ms
[137.072s][info][gc,phases   ] GC(252) Pause Mark End 0.014ms
[137.072s][info][gc,phases   ] GC(252) Concurrent Mark Free 0.001ms
[137.097s][info][gc,phases   ] GC(252) Concurrent Process Non-Strong References 25.022ms
[137.097s][info][gc,phases   ] GC(252) Concurrent Reset Relocation Set 0.002ms
[137.100s][info][gc,phases   ] GC(252) Concurrent Select Relocation Set 2.380ms
[137.100s][info][gc,phases   ] GC(252) Pause Relocate Start 0.012ms
[137.106s][info][gc,phases   ] GC(252) Concurrent Relocate 6.140ms
[137.106s][info][gc,load     ] GC(252) Load: 0.00/0.00/0.00
[137.106s][info][gc,mmu      ] GC(252) MMU: 2ms/94.3%, 5ms/97.7%, 10ms/98.9%, 20ms/99.4%, 50ms/99.7%, 100ms/99.8%
[137.106s][info][gc,marking  ] GC(252) Mark: 1 stripe(s), 2 proactive flush(es), 1 terminate flush(es), 0 completion(s), 0 continuation(s) 
[137.106s][info][gc,marking  ] GC(252) Mark Stack Usage: 32M
[137.106s][info][gc,nmethod  ] GC(252) NMethods: 15181 registered, 2270 unregistered
[137.106s][info][gc,metaspace] GC(252) Metaspace: 100M used, 100M committed, 1152M reserved
[137.106s][info][gc,ref      ] GC(252) Soft: 4314 encountered, 0 discovered, 0 enqueued
[137.106s][info][gc,ref      ] GC(252) Weak: 7446 encountered, 455 discovered, 1 enqueued
[137.106s][info][gc,ref      ] GC(252) Final: 1 encountered, 0 discovered, 0 enqueued
[137.106s][info][gc,ref      ] GC(252) Phantom: 773 encountered, 394 discovered, 0 enqueued
[137.106s][info][gc,reloc    ] GC(252) Small Pages: 540 / 1080M, Empty: 642M, Relocated: 3M, In-Place: 0
[137.106s][info][gc,reloc    ] GC(252) Medium Pages: 2 / 64M, Empty: 32M, Relocated: 0M, In-Place: 0
[137.106s][info][gc,reloc    ] GC(252) Large Pages: 7 / 62M, Empty: 0M, Relocated: 0M, In-Place: 0
[137.106s][info][gc,reloc    ] GC(252) Forwarding Usage: 1M
[137.106s][info][gc,heap     ] GC(252) Min Capacity: 2048M(100%)
[137.106s][info][gc,heap     ] GC(252) Max Capacity: 2048M(100%)
[137.106s][info][gc,heap     ] GC(252) Soft Max Capacity: 2048M(100%)
[137.106s][info][gc,heap     ] GC(252)                Mark Start          Mark End        Relocate Start      Relocate End           High               Low         
[137.106s][info][gc,heap     ] GC(252)  Capacity:     2048M (100%)       2048M (100%)       2048M (100%)       2048M (100%)       2048M (100%)       2048M (100%)   
[137.106s][info][gc,heap     ] GC(252)      Free:      842M (41%)         704M (34%)        1316M (64%)        1692M (83%)        1694M (83%)         646M (32%)    
[137.106s][info][gc,heap     ] GC(252)      Used:     1206M (59%)        1344M (66%)         732M (36%)         356M (17%)        1402M (68%)         354M (17%)    
[137.106s][info][gc,heap     ] GC(252)      Live:         -               107M (5%)          107M (5%)          107M (5%)             -                  -          
[137.106s][info][gc,heap     ] GC(252) Allocated:         -               138M (7%)          200M (10%)         211M (10%)            -                  -          
[137.106s][info][gc,heap     ] GC(252)   Garbage:         -              1098M (54%)         424M (21%)          36M (2%)             -                  -          
[137.107s][info][gc,heap     ] GC(252) Reclaimed:         -                  -               674M (33%)        1061M (52%)            -                  -          
[137.107s][info][gc          ] GC(252) Garbage Collection (Allocation Rate) 1206M(59%)->356M(17%)
[137.498s][info][gc,start    ] GC(253) Garbage Collection (Allocation Rate)
[137.498s][info][gc,task     ] GC(253) Using 1 workers
[137.499s][info][gc,phases   ] GC(253) Pause Mark Start 0.012ms
[137.624s][info][gc,phases   ] GC(253) Concurrent Mark 125.659ms
[137.624s][info][gc,phases   ] GC(253) Pause Mark End 0.014ms
[137.625s][info][gc,phases   ] GC(253) Concurrent Mark Free 0.001ms
[137.650s][info][gc,phases   ] GC(253) Concurrent Process Non-Strong References 25.912ms
[137.651s][info][gc,phases   ] GC(253) Concurrent Reset Relocation Set 0.011ms
[137.656s][info][gc,phases   ] GC(253) Concurrent Select Relocation Set 5.250ms
[137.656s][info][gc,phases   ] GC(253) Pause Relocate Start 0.014ms
[137.695s][info][gc,phases   ] GC(253) Concurrent Relocate 39.156ms
[137.695s][info][gc,load     ] GC(253) Load: 0.00/0.00/0.00
[137.695s][info][gc,mmu      ] GC(253) MMU: 2ms/94.3%, 5ms/97.7%, 10ms/98.9%, 20ms/99.4%, 50ms/99.7%, 100ms/99.8%
[137.695s][info][gc,marking  ] GC(253) Mark: 1 stripe(s), 2 proactive flush(es), 1 terminate flush(es), 0 completion(s), 0 continuation(s) 
[137.695s][info][gc,marking  ] GC(253) Mark Stack Usage: 32M
[137.695s][info][gc,nmethod  ] GC(253) NMethods: 15181 registered, 2270 unregistered
[137.695s][info][gc,metaspace] GC(253) Metaspace: 100M used, 100M committed, 1152M reserved
[137.695s][info][gc,ref      ] GC(253) Soft: 4314 encountered, 0 discovered, 0 enqueued
[137.696s][info][gc,ref      ] GC(253) Weak: 7446 encountered, 6251 discovered, 6 enqueued
[137.696s][info][gc,ref      ] GC(253) Final: 1 encountered, 0 discovered, 0 enqueued
[137.696s][info][gc,ref      ] GC(253) Phantom: 773 encountered, 395 discovered, 0 enqueued
[137.696s][info][gc,reloc    ] GC(253) Small Pages: 579 / 1158M, Empty: 234M, Relocated: 25M, In-Place: 0
[137.696s][info][gc,reloc    ] GC(253) Medium Pages: 2 / 64M, Empty: 0M, Relocated: 3M, In-Place: 0
[137.696s][info][gc,reloc    ] GC(253) Large Pages: 7 / 62M, Empty: 0M, Relocated: 0M, In-Place: 0
[137.696s][info][gc,reloc    ] GC(253) Forwarding Usage: 15M
[137.696s][info][gc,heap     ] GC(253) Min Capacity: 2048M(100%)
[137.696s][info][gc,heap     ] GC(253) Max Capacity: 2048M(100%)
[137.696s][info][gc,heap     ] GC(253) Soft Max Capacity: 2048M(100%)
[137.696s][info][gc,heap     ] GC(253)                Mark Start          Mark End        Relocate Start      Relocate End           High               Low         
[137.696s][info][gc,heap     ] GC(253)  Capacity:     2048M (100%)       2048M (100%)       2048M (100%)       2048M (100%)       2048M (100%)       2048M (100%)   
[137.696s][info][gc,heap     ] GC(253)      Free:      764M (37%)         450M (22%)         612M (30%)        1376M (67%)        1376M (67%)         388M (19%)    
[137.696s][info][gc,heap     ] GC(253)      Used:     1284M (63%)        1598M (78%)        1436M (70%)         672M (33%)        1660M (81%)         672M (33%)    
[137.696s][info][gc,heap     ] GC(253)      Live:         -               134M (7%)          134M (7%)          134M (7%)             -                  -          
[137.696s][info][gc,heap     ] GC(253) Allocated:         -               314M (15%)         386M (19%)         498M (24%)            -                  -          
[137.696s][info][gc,heap     ] GC(253)   Garbage:         -              1149M (56%)         915M (45%)          39M (2%)             -                  -          
[137.696s][info][gc,heap     ] GC(253) Reclaimed:         -                  -               234M (11%)        1110M (54%)            -                  -          
[137.696s][info][gc          ] GC(253) Garbage Collection (Allocation Rate) 1284M(63%)->672M(33%)
[137.799s][info][gc,start    ] GC(254) Garbage Collection (Allocation Rate)
[137.799s][info][gc,task     ] GC(254) Using 1 workers
[137.799s][info][gc,phases   ] GC(254) Pause Mark Start 0.008ms
[137.940s][info][gc,phases   ] GC(254) Concurrent Mark 141.062ms
[137.941s][info][gc,phases   ] GC(254) Pause Mark End 0.010ms
[137.941s][info][gc,phases   ] GC(254) Concurrent Mark Free 0.001ms
[137.966s][info][gc,phases   ] GC(254) Concurrent Process Non-Strong References 25.598ms
[137.966s][info][gc,phases   ] GC(254) Concurrent Reset Relocation Set 0.024ms
[137.969s][info][gc,phases   ] GC(254) Concurrent Select Relocation Set 2.789ms
[137.969s][info][gc,phases   ] GC(254) Pause Relocate Start 0.010ms
[137.974s][info][gc,phases   ] GC(254) Concurrent Relocate 4.398ms
[137.974s][info][gc,load     ] GC(254) Load: 0.00/0.00/0.00
[137.974s][info][gc,mmu      ] GC(254) MMU: 2ms/94.3%, 5ms/97.7%, 10ms/98.9%, 20ms/99.4%, 50ms/99.7%, 100ms/99.8%
[137.974s][info][gc,marking  ] GC(254) Mark: 1 stripe(s), 2 proactive flush(es), 1 terminate flush(es), 0 completion(s), 0 continuation(s) 
[137.974s][info][gc,marking  ] GC(254) Mark Stack Usage: 32M
[137.974s][info][gc,nmethod  ] GC(254) NMethods: 15181 registered, 2270 unregistered
[137.974s][info][gc,metaspace] GC(254) Metaspace: 100M used, 100M committed, 1152M reserved
[137.974s][info][gc,ref      ] GC(254) Soft: 4314 encountered, 0 discovered, 0 enqueued
[137.974s][info][gc,ref      ] GC(254) Weak: 7440 encountered, 6245 discovered, 0 enqueued
[137.974s][info][gc,ref      ] GC(254) Final: 1 encountered, 0 discovered, 0 enqueued
[137.974s][info][gc,ref      ] GC(254) Phantom: 773 encountered, 395 discovered, 0 enqueued
[137.974s][info][gc,reloc    ] GC(254) Small Pages: 399 / 798M, Empty: 296M, Relocated: 3M, In-Place: 0
[137.974s][info][gc,reloc    ] GC(254) Medium Pages: 2 / 64M, Empty: 0M, Relocated: 3M, In-Place: 0
[137.974s][info][gc,reloc    ] GC(254) Large Pages: 7 / 62M, Empty: 0M, Relocated: 0M, In-Place: 0
[137.974s][info][gc,reloc    ] GC(254) Forwarding Usage: 1M
[137.974s][info][gc,heap     ] GC(254) Min Capacity: 2048M(100%)
[137.974s][info][gc,heap     ] GC(254) Max Capacity: 2048M(100%)
[137.974s][info][gc,heap     ] GC(254) Soft Max Capacity: 2048M(100%)
[137.974s][info][gc,heap     ] GC(254)                Mark Start          Mark End        Relocate Start      Relocate End           High               Low         
[137.974s][info][gc,heap     ] GC(254)  Capacity:     2048M (100%)       2048M (100%)       2048M (100%)       2048M (100%)       2048M (100%)       2048M (100%)   
[137.974s][info][gc,heap     ] GC(254)      Free:     1124M (55%)         792M (39%)        1078M (53%)        1536M (75%)        1536M (75%)         782M (38%)    
[137.974s][info][gc,heap     ] GC(254)      Used:      924M (45%)        1256M (61%)         970M (47%)         512M (25%)        1266M (62%)         512M (25%)    
[137.974s][info][gc,heap     ] GC(254)      Live:         -               134M (7%)          134M (7%)          134M (7%)             -                  -          
[137.974s][info][gc,heap     ] GC(254) Allocated:         -               332M (16%)         342M (17%)         342M (17%)            -                  -          
[137.974s][info][gc,heap     ] GC(254)   Garbage:         -               789M (39%)         493M (24%)          35M (2%)             -                  -          
[137.974s][info][gc,heap     ] GC(254) Reclaimed:         -                  -               296M (14%)         754M (37%)            -                  -          
[137.974s][info][gc          ] GC(254) Garbage Collection (Allocation Rate) 924M(45%)->512M(25%)
[137.974s][info][gc,start    ] GC(255) Garbage Collection (System.gc())
[137.974s][info][gc,task     ] GC(255) Using 2 workers
[137.974s][info][gc,phases   ] GC(255) Pause Mark Start 0.005ms
[138.036s][info][gc,phases   ] GC(255) Concurrent Mark 62.194ms
[138.037s][info][gc,phases   ] GC(255) Pause Mark End 0.022ms
[138.037s][info][gc,phases   ] GC(255) Concurrent Mark Free 0.002ms
[138.051s][info][gc,phases   ] GC(255) Concurrent Process Non-Strong References 14.056ms
[138.051s][info][gc,phases   ] GC(255) Concurrent Reset Relocation Set 0.014ms
[138.052s][info][gc,phases   ] GC(255) Concurrent Select Relocation Set 1.254ms
[138.052s][info][gc,phases   ] GC(255) Pause Relocate Start 0.015ms
[138.053s][info][gc,phases   ] GC(255) Concurrent Relocate 0.893ms
[138.053s][info][gc,load     ] GC(255) Load: 0.00/0.00/0.00
[138.053s][info][gc,mmu      ] GC(255) MMU: 2ms/94.3%, 5ms/97.7%, 10ms/98.9%, 20ms/99.4%, 50ms/99.7%, 100ms/99.8%
[138.053s][info][gc,marking  ] GC(255) Mark: 2 stripe(s), 2 proactive flush(es), 1 terminate flush(es), 0 completion(s), 0 continuation(s) 
[138.053s][info][gc,marking  ] GC(255) Mark Stack Usage: 32M
[138.053s][info][gc,nmethod  ] GC(255) NMethods: 15181 registered, 2270 unregistered
[138.053s][info][gc,metaspace] GC(255) Metaspace: 100M used, 100M committed, 1152M reserved
[138.053s][info][gc,ref      ] GC(255) Soft: 4314 encountered, 0 discovered, 0 enqueued
[138.053s][info][gc,ref      ] GC(255) Weak: 7439 encountered, 88 discovered, 3 enqueued
[138.053s][info][gc,ref      ] GC(255) Final: 1 encountered, 1 discovered, 0 enqueued
[138.053s][info][gc,ref      ] GC(255) Phantom: 773 encountered, 676 discovered, 0 enqueued
[138.053s][info][gc,reloc    ] GC(255) Small Pages: 209 / 418M, Empty: 352M, Relocated: 1M, In-Place: 0
[138.053s][info][gc,reloc    ] GC(255) Medium Pages: 1 / 32M, Empty: 0M, Relocated: 0M, In-Place: 0
[138.053s][info][gc,reloc    ] GC(255) Large Pages: 7 / 62M, Empty: 0M, Relocated: 0M, In-Place: 0
[138.053s][info][gc,reloc    ] GC(255) Forwarding Usage: 0M
[138.053s][info][gc,heap     ] GC(255) Min Capacity: 2048M(100%)
[138.053s][info][gc,heap     ] GC(255) Max Capacity: 2048M(100%)
[138.053s][info][gc,heap     ] GC(255) Soft Max Capacity: 2048M(100%)
[138.053s][info][gc,heap     ] GC(255)                Mark Start          Mark End        Relocate Start      Relocate End           High               Low         
[138.053s][info][gc,heap     ] GC(255)  Capacity:     2048M (100%)       2048M (100%)       2048M (100%)       2048M (100%)       2048M (100%)       2048M (100%)   
[138.053s][info][gc,heap     ] GC(255)      Free:     1536M (75%)        1532M (75%)        1884M (92%)        1896M (93%)        1896M (93%)        1532M (75%)    
[138.053s][info][gc,heap     ] GC(255)      Used:      512M (25%)         516M (25%)         164M (8%)          152M (7%)          516M (25%)         152M (7%)     
[138.053s][info][gc,heap     ] GC(255)      Live:         -               106M (5%)          106M (5%)          106M (5%)             -                  -          
[138.053s][info][gc,heap     ] GC(255) Allocated:         -                 4M (0%)            4M (0%)            5M (0%)             -                  -          
[138.053s][info][gc,heap     ] GC(255)   Garbage:         -               405M (20%)          53M (3%)           39M (2%)             -                  -          
[138.053s][info][gc,heap     ] GC(255) Reclaimed:         -                  -               352M (17%)         365M (18%)            -                  -          
[138.053s][info][gc          ] GC(255) Garbage Collection (System.gc()) 512M(25%)->152M(7%)
[138.607s][info][gc,start    ] GC(256) Garbage Collection (Allocation Rate)
[138.607s][info][gc,task     ] GC(256) Using 1 workers
[138.607s][info][gc,phases   ] GC(256) Pause Mark Start 0.010ms
[138.672s][info][gc,phases   ] GC(256) Concurrent Mark 64.224ms
[138.672s][info][gc,phases   ] GC(256) Pause Mark End 0.013ms
[138.672s][info][gc,phases   ] GC(256) Concurrent Mark Free 0.001ms
[138.699s][info][gc,phases   ] GC(256) Concurrent Process Non-Strong References 26.597ms
[138.699s][info][gc,phases   ] GC(256) Concurrent Reset Relocation Set 0.002ms
[138.701s][info][gc,phases   ] GC(256) Concurrent Select Relocation Set 2.231ms
[138.701s][info][gc,phases   ] GC(256) Pause Relocate Start 0.010ms
[138.706s][info][gc,phases   ] GC(256) Concurrent Relocate 5.093ms
[138.706s][info][gc,load     ] GC(256) Load: 0.00/0.00/0.00
[138.706s][info][gc,mmu      ] GC(256) MMU: 2ms/94.3%, 5ms/97.7%, 10ms/98.9%, 20ms/99.4%, 50ms/99.7%, 100ms/99.8%
[138.706s][info][gc,marking  ] GC(256) Mark: 1 stripe(s), 2 proactive flush(es), 1 terminate flush(es), 0 completion(s), 0 continuation(s) 
[138.706s][info][gc,marking  ] GC(256) Mark Stack Usage: 32M
[138.706s][info][gc,nmethod  ] GC(256) NMethods: 15182 registered, 2270 unregistered
[138.706s][info][gc,metaspace] GC(256) Metaspace: 100M used, 100M committed, 1152M reserved
[138.706s][info][gc,ref      ] GC(256) Soft: 4314 encountered, 0 discovered, 0 enqueued
[138.706s][info][gc,ref      ] GC(256) Weak: 7446 encountered, 6248 discovered, 3 enqueued
[138.707s][info][gc,ref      ] GC(256) Final: 1 encountered, 0 discovered, 0 enqueued
[138.707s][info][gc,ref      ] GC(256) Phantom: 773 encountered, 395 discovered, 0 enqueued
[138.707s][info][gc,reloc    ] GC(256) Small Pages: 516 / 1032M, Empty: 642M, Relocated: 3M, In-Place: 0
[138.707s][info][gc,reloc    ] GC(256) Medium Pages: 2 / 64M, Empty: 32M, Relocated: 0M, In-Place: 0
[138.707s][info][gc,reloc    ] GC(256) Large Pages: 7 / 62M, Empty: 0M, Relocated: 0M, In-Place: 0
[138.707s][info][gc,reloc    ] GC(256) Forwarding Usage: 1M
[138.707s][info][gc,heap     ] GC(256) Min Capacity: 2048M(100%)
[138.707s][info][gc,heap     ] GC(256) Max Capacity: 2048M(100%)
[138.707s][info][gc,heap     ] GC(256) Soft Max Capacity: 2048M(100%)
[138.707s][info][gc,heap     ] GC(256)                Mark Start          Mark End        Relocate Start      Relocate End           High               Low         
[138.707s][info][gc,heap     ] GC(256)  Capacity:     2048M (100%)       2048M (100%)       2048M (100%)       2048M (100%)       2048M (100%)       2048M (100%)   
[138.707s][info][gc,heap     ] GC(256)      Free:      890M (43%)         754M (37%)        1366M (67%)        1694M (83%)        1698M (83%)         698M (34%)    
[138.707s][info][gc,heap     ] GC(256)      Used:     1158M (57%)        1294M (63%)         682M (33%)         354M (17%)        1350M (66%)         350M (17%)    
[138.707s][info][gc,heap     ] GC(256)      Live:         -               106M (5%)          106M (5%)          106M (5%)             -                  -          
[138.707s][info][gc,heap     ] GC(256) Allocated:         -               136M (7%)          198M (10%)         209M (10%)            -                  -          
[138.707s][info][gc,heap     ] GC(256)   Garbage:         -              1051M (51%)         377M (18%)          37M (2%)             -                  -          
[138.707s][info][gc,heap     ] GC(256) Reclaimed:         -                  -               674M (33%)        1013M (50%)            -                  -          
[138.707s][info][gc          ] GC(256) Garbage Collection (Allocation Rate) 1158M(57%)->354M(17%)
[139.097s][info][gc,start    ] GC(257) Garbage Collection (Allocation Rate)
[139.097s][info][gc,task     ] GC(257) Using 1 workers
[139.097s][info][gc,phases   ] GC(257) Pause Mark Start 0.007ms
[139.224s][info][gc,phases   ] GC(257) Concurrent Mark 127.300ms
[139.224s][info][gc,phases   ] GC(257) Pause Mark End 0.009ms
[139.224s][info][gc,phases   ] GC(257) Concurrent Mark Free 0.001ms
[139.251s][info][gc,phases   ] GC(257) Concurrent Process Non-Strong References 26.901ms
[139.251s][info][gc,phases   ] GC(257) Concurrent Reset Relocation Set 0.009ms
[139.258s][info][gc,phases   ] GC(257) Concurrent Select Relocation Set 6.703ms
[139.258s][info][gc,phases   ] GC(257) Pause Relocate Start 0.010ms
[139.298s][info][gc,phases   ] GC(257) Concurrent Relocate 39.456ms
[139.298s][info][gc,load     ] GC(257) Load: 0.00/0.00/0.00
[139.298s][info][gc,mmu      ] GC(257) MMU: 2ms/94.3%, 5ms/97.7%, 10ms/98.9%, 20ms/99.4%, 50ms/99.7%, 100ms/99.8%
[139.298s][info][gc,marking  ] GC(257) Mark: 1 stripe(s), 2 proactive flush(es), 1 terminate flush(es), 0 completion(s), 0 continuation(s) 
[139.298s][info][gc,marking  ] GC(257) Mark Stack Usage: 32M
[139.298s][info][gc,nmethod  ] GC(257) NMethods: 15182 registered, 2270 unregistered
[139.298s][info][gc,metaspace] GC(257) Metaspace: 100M used, 100M committed, 1152M reserved
[139.298s][info][gc,ref      ] GC(257) Soft: 4314 encountered, 0 discovered, 0 enqueued
[139.298s][info][gc,ref      ] GC(257) Weak: 7446 encountered, 6251 discovered, 6 enqueued
[139.298s][info][gc,ref      ] GC(257) Final: 1 encountered, 0 discovered, 0 enqueued
[139.298s][info][gc,ref      ] GC(257) Phantom: 773 encountered, 395 discovered, 0 enqueued
[139.298s][info][gc,reloc    ] GC(257) Small Pages: 585 / 1170M, Empty: 270M, Relocated: 25M, In-Place: 0
[139.298s][info][gc,reloc    ] GC(257) Medium Pages: 2 / 64M, Empty: 0M, Relocated: 3M, In-Place: 0
[139.298s][info][gc,reloc    ] GC(257) Large Pages: 7 / 62M, Empty: 0M, Relocated: 0M, In-Place: 0
[139.298s][info][gc,reloc    ] GC(257) Forwarding Usage: 15M
[139.298s][info][gc,heap     ] GC(257) Min Capacity: 2048M(100%)
[139.298s][info][gc,heap     ] GC(257) Max Capacity: 2048M(100%)
[139.298s][info][gc,heap     ] GC(257) Soft Max Capacity: 2048M(100%)
[139.298s][info][gc,heap     ] GC(257)                Mark Start          Mark End        Relocate Start      Relocate End           High               Low         
[139.298s][info][gc,heap     ] GC(257)  Capacity:     2048M (100%)       2048M (100%)       2048M (100%)       2048M (100%)       2048M (100%)       2048M (100%)   
[139.298s][info][gc,heap     ] GC(257)      Free:      752M (37%)         430M (21%)         622M (30%)        1364M (67%)        1364M (67%)         364M (18%)    
[139.298s][info][gc,heap     ] GC(257)      Used:     1296M (63%)        1618M (79%)        1426M (70%)         684M (33%)        1684M (82%)         684M (33%)    
[139.298s][info][gc,heap     ] GC(257)      Live:         -               134M (7%)          134M (7%)          134M (7%)             -                  -          
[139.298s][info][gc,heap     ] GC(257) Allocated:         -               322M (16%)         400M (20%)         510M (25%)            -                  -          
[139.298s][info][gc,heap     ] GC(257)   Garbage:         -              1161M (57%)         891M (44%)          38M (2%)             -                  -          
[139.298s][info][gc,heap     ] GC(257) Reclaimed:         -                  -               270M (13%)        1122M (55%)            -                  -          
[139.298s][info][gc          ] GC(257) Garbage Collection (Allocation Rate) 1296M(63%)->684M(33%)
[139.398s][info][gc,start    ] GC(258) Garbage Collection (Allocation Rate)
[139.398s][info][gc,task     ] GC(258) Using 1 workers
[139.398s][info][gc,phases   ] GC(258) Pause Mark Start 0.008ms
[139.528s][info][gc,phases   ] GC(258) Concurrent Mark 129.358ms
[139.528s][info][gc,phases   ] GC(258) Pause Mark End 0.019ms
[139.528s][info][gc,phases   ] GC(258) Concurrent Mark Free 0.001ms
[139.553s][info][gc,phases   ] GC(258) Concurrent Process Non-Strong References 25.472ms
[139.553s][info][gc,phases   ] GC(258) Concurrent Reset Relocation Set 0.025ms
[139.556s][info][gc,phases   ] GC(258) Concurrent Select Relocation Set 2.852ms
[139.556s][info][gc,phases   ] GC(258) Pause Relocate Start 0.008ms
[139.561s][info][gc,phases   ] GC(258) Concurrent Relocate 4.399ms
[139.561s][info][gc,load     ] GC(258) Load: 0.00/0.00/0.00
[139.561s][info][gc,mmu      ] GC(258) MMU: 2ms/94.3%, 5ms/97.7%, 10ms/98.9%, 20ms/99.4%, 50ms/99.7%, 100ms/99.8%
[139.561s][info][gc,marking  ] GC(258) Mark: 1 stripe(s), 2 proactive flush(es), 1 terminate flush(es), 0 completion(s), 0 continuation(s) 
[139.561s][info][gc,marking  ] GC(258) Mark Stack Usage: 32M
[139.561s][info][gc,nmethod  ] GC(258) NMethods: 15185 registered, 2270 unregistered
[139.561s][info][gc,metaspace] GC(258) Metaspace: 100M used, 100M committed, 1152M reserved
[139.561s][info][gc,ref      ] GC(258) Soft: 4314 encountered, 0 discovered, 0 enqueued
[139.561s][info][gc,ref      ] GC(258) Weak: 7440 encountered, 6248 discovered, 0 enqueued
[139.561s][info][gc,ref      ] GC(258) Final: 1 encountered, 0 discovered, 0 enqueued
[139.561s][info][gc,ref      ] GC(258) Phantom: 773 encountered, 395 discovered, 0 enqueued
[139.561s][info][gc,reloc    ] GC(258) Small Pages: 407 / 814M, Empty: 314M, Relocated: 3M, In-Place: 0
[139.561s][info][gc,reloc    ] GC(258) Medium Pages: 2 / 64M, Empty: 0M, Relocated: 3M, In-Place: 0
[139.561s][info][gc,reloc    ] GC(258) Large Pages: 7 / 62M, Empty: 0M, Relocated: 0M, In-Place: 0
[139.561s][info][gc,reloc    ] GC(258) Forwarding Usage: 1M
[139.561s][info][gc,heap     ] GC(258) Min Capacity: 2048M(100%)
[139.561s][info][gc,heap     ] GC(258) Max Capacity: 2048M(100%)
[139.561s][info][gc,heap     ] GC(258) Soft Max Capacity: 2048M(100%)
[139.561s][info][gc,heap     ] GC(258)                Mark Start          Mark End        Relocate Start      Relocate End           High               Low         
[139.561s][info][gc,heap     ] GC(258)  Capacity:     2048M (100%)       2048M (100%)       2048M (100%)       2048M (100%)       2048M (100%)       2048M (100%)   
[139.561s][info][gc,heap     ] GC(258)      Free:     1108M (54%)         788M (38%)        1060M (52%)        1512M (74%)        1512M (74%)         746M (36%)    
[139.561s][info][gc,heap     ] GC(258)      Used:      940M (46%)        1260M (62%)         988M (48%)         536M (26%)        1302M (64%)         536M (26%)    
[139.561s][info][gc,heap     ] GC(258)      Live:         -               134M (7%)          134M (7%)          134M (7%)             -                  -          
[139.561s][info][gc,heap     ] GC(258) Allocated:         -               320M (16%)         362M (18%)         365M (18%)            -                  -          
[139.562s][info][gc,heap     ] GC(258)   Garbage:         -               805M (39%)         491M (24%)          35M (2%)             -                  -          
[139.562s][info][gc,heap     ] GC(258) Reclaimed:         -                  -               314M (15%)         769M (38%)            -                  -          
[139.562s][info][gc          ] GC(258) Garbage Collection (Allocation Rate) 940M(46%)->536M(26%)
[139.562s][info][gc,start    ] GC(259) Garbage Collection (System.gc())
[139.562s][info][gc,task     ] GC(259) Using 2 workers
[139.562s][info][gc,phases   ] GC(259) Pause Mark Start 0.012ms
[139.620s][info][gc,phases   ] GC(259) Concurrent Mark 58.435ms
[139.621s][info][gc,phases   ] GC(259) Pause Mark End 0.022ms
[139.621s][info][gc,phases   ] GC(259) Concurrent Mark Free 0.002ms
[139.634s][info][gc,phases   ] GC(259) Concurrent Process Non-Strong References 13.362ms
[139.634s][info][gc,phases   ] GC(259) Concurrent Reset Relocation Set 0.010ms
[139.635s][info][gc,phases   ] GC(259) Concurrent Select Relocation Set 1.228ms
[139.635s][info][gc,phases   ] GC(259) Pause Relocate Start 0.010ms
[139.636s][info][gc,phases   ] GC(259) Concurrent Relocate 0.727ms
[139.636s][info][gc,load     ] GC(259) Load: 0.00/0.00/0.00
[139.636s][info][gc,mmu      ] GC(259) MMU: 2ms/94.3%, 5ms/97.7%, 10ms/98.9%, 20ms/99.4%, 50ms/99.7%, 100ms/99.8%
[139.636s][info][gc,marking  ] GC(259) Mark: 2 stripe(s), 2 proactive flush(es), 1 terminate flush(es), 0 completion(s), 0 continuation(s) 
[139.636s][info][gc,marking  ] GC(259) Mark Stack Usage: 32M
[139.636s][info][gc,nmethod  ] GC(259) NMethods: 15185 registered, 2270 unregistered
[139.636s][info][gc,metaspace] GC(259) Metaspace: 100M used, 100M committed, 1152M reserved
[139.636s][info][gc,ref      ] GC(259) Soft: 4314 encountered, 0 discovered, 0 enqueued
[139.636s][info][gc,ref      ] GC(259) Weak: 7439 encountered, 6101 discovered, 3 enqueued
[139.636s][info][gc,ref      ] GC(259) Final: 1 encountered, 1 discovered, 0 enqueued
[139.636s][info][gc,ref      ] GC(259) Phantom: 773 encountered, 556 discovered, 0 enqueued
[139.636s][info][gc,reloc    ] GC(259) Small Pages: 221 / 442M, Empty: 368M, Relocated: 1M, In-Place: 0
[139.636s][info][gc,reloc    ] GC(259) Medium Pages: 1 / 32M, Empty: 0M, Relocated: 0M, In-Place: 0
[139.636s][info][gc,reloc    ] GC(259) Large Pages: 7 / 62M, Empty: 0M, Relocated: 0M, In-Place: 0
[139.636s][info][gc,reloc    ] GC(259) Forwarding Usage: 0M
[139.636s][info][gc,heap     ] GC(259) Min Capacity: 2048M(100%)
[139.636s][info][gc,heap     ] GC(259) Max Capacity: 2048M(100%)
[139.636s][info][gc,heap     ] GC(259) Soft Max Capacity: 2048M(100%)
[139.636s][info][gc,heap     ] GC(259)                Mark Start          Mark End        Relocate Start      Relocate End           High               Low         
[139.636s][info][gc,heap     ] GC(259)  Capacity:     2048M (100%)       2048M (100%)       2048M (100%)       2048M (100%)       2048M (100%)       2048M (100%)   
[139.636s][info][gc,heap     ] GC(259)      Free:     1512M (74%)        1512M (74%)        1880M (92%)        1902M (93%)        1902M (93%)        1512M (74%)    
[139.636s][info][gc,heap     ] GC(259)      Used:      536M (26%)         536M (26%)         168M (8%)          146M (7%)          536M (26%)         146M (7%)     
[139.636s][info][gc,heap     ] GC(259)      Live:         -               106M (5%)          106M (5%)          106M (5%)             -                  -          
[139.636s][info][gc,heap     ] GC(259) Allocated:         -                 0M (0%)            0M (0%)            0M (0%)             -                  -          
[139.636s][info][gc,heap     ] GC(259)   Garbage:         -               429M (21%)          61M (3%)           39M (2%)             -                  -          
[139.636s][info][gc,heap     ] GC(259) Reclaimed:         -                  -               368M (18%)         390M (19%)            -                  -          
[139.636s][info][gc          ] GC(259) Garbage Collection (System.gc()) 536M(26%)->146M(7%)
[140.096s][info][gc,stats    ] === Garbage Collection Statistics =======================================================================================================================
[140.097s][info][gc,stats    ]                                                              Last 10s              Last 10m              Last 10h                Total
[140.097s][info][gc,stats    ]                                                              Avg / Max             Avg / Max             Avg / Max             Avg / Max
[140.097s][info][gc,stats    ]   Collector: Garbage Collection Cycle                    133.835 / 202.431     204.090 / 1215.582    204.090 / 1215.582    204.090 / 1215.582    ms
[140.097s][info][gc,stats    ]  Contention: Mark Segment Reset Contention                     0 / 1                 4 / 496               4 / 496               4 / 496         ops/s
[140.097s][info][gc,stats    ]  Contention: Mark SeqNum Reset Contention                      0 / 0                 0 / 4                 0 / 4                 0 / 4           ops/s
[140.097s][info][gc,stats    ]    Critical: Allocation Stall                                  0 / 0                 0 / 6                 0 / 6                 0 / 6           ops/s
[140.099s][info][gc,stats    ]    Critical: Allocation Stall                              0.000 / 0.000       513.228 / 1001.934    513.228 / 1001.934    513.228 / 1001.934    ms
[140.099s][info][gc,stats    ]    Critical: GC Locker Stall                                   0 / 0                 0 / 1                 0 / 1                 0 / 1           ops/s
[140.099s][info][gc,stats    ]    Critical: GC Locker Stall                               0.000 / 0.000         0.000 / 0.000         0.000 / 0.000         0.000 / 0.000       ms
[140.099s][info][gc,stats    ]    Critical: Relocation Stall                                  0 / 0                 0 / 1                 0 / 1                 0 / 1           ops/s
[140.099s][info][gc,stats    ]    Critical: Relocation Stall                              0.000 / 0.000         7.319 / 11.251        7.319 / 11.251        7.319 / 11.251      ms
[140.099s][info][gc,stats    ]      Memory: Allocation Rate                                2017 / 2332           1484 / 2422           1484 / 2422           1484 / 2422        MB/s
[140.099s][info][gc,stats    ]      Memory: Out Of Memory                                     0 / 0                 0 / 0                 0 / 0                 0 / 0           ops/s
[140.099s][info][gc,stats    ]      Memory: Page Cache Flush                                  0 / 0                 7 / 172               7 / 172               7 / 172         MB/s
[140.099s][info][gc,stats    ]      Memory: Page Cache Hit L1                               989 / 1141            723 / 1197            723 / 1197            723 / 1197        ops/s
[140.099s][info][gc,stats    ]      Memory: Page Cache Hit L2                                 0 / 0                 0 / 0                 0 / 0                 0 / 0           ops/s
[140.099s][info][gc,stats    ]      Memory: Page Cache Hit L3                                 0 / 0                 8 / 289               8 / 289               8 / 289         ops/s
[140.099s][info][gc,stats    ]      Memory: Page Cache Miss                                   0 / 0                 0 / 11                0 / 11                0 / 11          ops/s
[140.099s][info][gc,stats    ]      Memory: Uncommit                                          0 / 0                 0 / 0                 0 / 0                 0 / 0           MB/s
[140.099s][info][gc,stats    ]      Memory: Undo Object Allocation Failed                     0 / 0                 0 / 3                 0 / 3                 0 / 3           ops/s
[140.099s][info][gc,stats    ]      Memory: Undo Object Allocation Succeeded                  0 / 5                 6 / 520               6 / 520               6 / 520         ops/s
[140.099s][info][gc,stats    ]      Memory: Undo Page Allocation                              0 / 2                 0 / 3                 0 / 3                 0 / 3           ops/s
[140.099s][info][gc,stats    ]       Phase: Concurrent Mark                              94.285 / 141.062     161.763 / 1158.372    161.763 / 1158.372    161.763 / 1158.372    ms
[140.099s][info][gc,stats    ]       Phase: Concurrent Mark Continue                      0.000 / 0.000         0.000 / 0.000         0.000 / 0.000         0.000 / 0.000       ms
[140.099s][info][gc,stats    ]       Phase: Concurrent Mark Free                          0.001 / 0.003         0.017 / 4.217         0.017 / 4.217         0.017 / 4.217       ms
[140.099s][info][gc,stats    ]       Phase: Concurrent Process Non-Strong References     22.964 / 27.288       17.692 / 31.183       17.692 / 31.183       17.692 / 31.183      ms
[140.099s][info][gc,stats    ]       Phase: Concurrent Relocate                          12.567 / 41.188       18.998 / 247.779      18.998 / 247.779      18.998 / 247.779     ms
[140.099s][info][gc,stats    ]       Phase: Concurrent Reset Relocation Set               0.013 / 0.034         0.015 / 0.061         0.015 / 0.061         0.015 / 0.061       ms
[140.099s][info][gc,stats    ]       Phase: Concurrent Select Relocation Set              2.998 / 6.703         4.351 / 40.244        4.351 / 40.244        4.351 / 40.244      ms
[140.100s][info][gc,stats    ]       Phase: Pause Mark End                                0.016 / 0.024         0.017 / 0.113         0.017 / 0.113         0.017 / 0.113       ms
[140.100s][info][gc,stats    ]       Phase: Pause Mark Start                              0.009 / 0.012         0.009 / 0.030         0.009 / 0.030         0.009 / 0.030       ms
[140.100s][info][gc,stats    ]       Phase: Pause Relocate Start                          0.011 / 0.019         0.011 / 0.025         0.011 / 0.025         0.011 / 0.025       ms
[140.100s][info][gc,stats    ]    Subphase: Concurrent Classes Purge                      0.774 / 1.003         0.623 / 1.058         0.623 / 1.058         0.623 / 1.058       ms
[140.100s][info][gc,stats    ]    Subphase: Concurrent Classes Unlink                    20.410 / 24.495       15.532 / 28.085       15.532 / 28.085       15.532 / 28.085      ms
[140.100s][info][gc,stats    ]    Subphase: Concurrent Mark                              83.624 / 139.720     172.737 / 1155.457    172.737 / 1155.457    172.737 / 1155.457    ms
[140.100s][info][gc,stats    ]    Subphase: Concurrent Mark Try Flush                     0.100 / 0.460         0.100 / 0.574         0.100 / 0.574         0.100 / 0.574       ms
[140.100s][info][gc,stats    ]    Subphase: Concurrent Mark Try Terminate                 1.340 / 16.943        2.234 / 16.943        2.234 / 16.943        2.234 / 16.943      ms
[140.100s][info][gc,stats    ]    Subphase: Concurrent References Enqueue                 0.004 / 0.008         0.005 / 0.009         0.005 / 0.009         0.005 / 0.009       ms
[140.100s][info][gc,stats    ]    Subphase: Concurrent References Process                 0.798 / 1.049         0.582 / 1.172         0.582 / 1.172         0.582 / 1.172       ms
[140.100s][info][gc,stats    ]    Subphase: Concurrent Roots ClassLoaderDataGraph         0.175 / 0.309         0.149 / 0.429         0.149 / 0.429         0.149 / 0.429       ms
[140.100s][info][gc,stats    ]    Subphase: Concurrent Roots CodeCache                    0.000 / 0.000         0.000 / 0.000         0.000 / 0.000         0.000 / 0.000       ms
[140.100s][info][gc,stats    ]    Subphase: Concurrent Roots JavaThreads                  0.970 / 1.894         1.230 / 2.895         1.230 / 2.895         1.230 / 2.895       ms
[140.100s][info][gc,stats    ]    Subphase: Concurrent Roots OopStorageSet                0.044 / 0.066         0.038 / 0.157         0.038 / 0.157         0.038 / 0.157       ms
[140.100s][info][gc,stats    ]    Subphase: Concurrent Weak Roots OopStorageSet           0.753 / 1.016         0.722 / 1.424         0.722 / 1.424         0.722 / 1.424       ms
[140.100s][info][gc,stats    ]    Subphase: Pause Mark Try Complete                       0.000 / 0.000         0.000 / 0.000         0.000 / 0.000         0.000 / 0.000       ms
[140.100s][info][gc,stats    ]      System: Java Threads                                     31 / 32               37 / 48               37 / 48               37 / 48          threads
[140.100s][info][gc,stats    ] =========================================================================================================================================================
[140.208s][info][gc,start    ] GC(260) Garbage Collection (Allocation Rate)
[140.208s][info][gc,task     ] GC(260) Using 1 workers
[140.208s][info][gc,phases   ] GC(260) Pause Mark Start 0.010ms
[140.271s][info][gc,phases   ] GC(260) Concurrent Mark 63.137ms
[140.272s][info][gc,phases   ] GC(260) Pause Mark End 0.017ms
[140.272s][info][gc,phases   ] GC(260) Concurrent Mark Free 0.002ms
[140.299s][info][gc,phases   ] GC(260) Concurrent Process Non-Strong References 26.943ms
[140.299s][info][gc,phases   ] GC(260) Concurrent Reset Relocation Set 0.002ms
[140.301s][info][gc,phases   ] GC(260) Concurrent Select Relocation Set 2.233ms
[140.301s][info][gc,phases   ] GC(260) Pause Relocate Start 0.012ms
[140.307s][info][gc,phases   ] GC(260) Concurrent Relocate 5.910ms
[140.307s][info][gc,load     ] GC(260) Load: 0.00/0.00/0.00
[140.307s][info][gc,mmu      ] GC(260) MMU: 2ms/94.3%, 5ms/97.7%, 10ms/98.9%, 20ms/99.4%, 50ms/99.7%, 100ms/99.8%
[140.307s][info][gc,marking  ] GC(260) Mark: 1 stripe(s), 2 proactive flush(es), 1 terminate flush(es), 0 completion(s), 0 continuation(s) 
[140.307s][info][gc,marking  ] GC(260) Mark Stack Usage: 32M
[140.307s][info][gc,nmethod  ] GC(260) NMethods: 15186 registered, 2270 unregistered
[140.307s][info][gc,metaspace] GC(260) Metaspace: 100M used, 100M committed, 1152M reserved
[140.307s][info][gc,ref      ] GC(260) Soft: 4314 encountered, 0 discovered, 0 enqueued
[140.307s][info][gc,ref      ] GC(260) Weak: 7446 encountered, 6248 discovered, 3 enqueued
[140.307s][info][gc,ref      ] GC(260) Final: 1 encountered, 0 discovered, 0 enqueued
[140.307s][info][gc,ref      ] GC(260) Phantom: 773 encountered, 395 discovered, 0 enqueued
[140.307s][info][gc,reloc    ] GC(260) Small Pages: 524 / 1048M, Empty: 636M, Relocated: 3M, In-Place: 0
[140.307s][info][gc,reloc    ] GC(260) Medium Pages: 2 / 64M, Empty: 32M, Relocated: 0M, In-Place: 0
[140.307s][info][gc,reloc    ] GC(260) Large Pages: 7 / 62M, Empty: 0M, Relocated: 0M, In-Place: 0
[140.307s][info][gc,reloc    ] GC(260) Forwarding Usage: 1M
[140.307s][info][gc,heap     ] GC(260) Min Capacity: 2048M(100%)
[140.307s][info][gc,heap     ] GC(260) Max Capacity: 2048M(100%)
[140.307s][info][gc,heap     ] GC(260) Soft Max Capacity: 2048M(100%)
[140.307s][info][gc,heap     ] GC(260)                Mark Start          Mark End        Relocate Start      Relocate End           High               Low         
[140.307s][info][gc,heap     ] GC(260)  Capacity:     2048M (100%)       2048M (100%)       2048M (100%)       2048M (100%)       2048M (100%)       2048M (100%)   
[140.307s][info][gc,heap     ] GC(260)      Free:      874M (43%)         742M (36%)        1348M (66%)        1698M (83%)        1702M (83%)         684M (33%)    
[140.308s][info][gc,heap     ] GC(260)      Used:     1174M (57%)        1306M (64%)         700M (34%)         350M (17%)        1364M (67%)         346M (17%)    
[140.308s][info][gc,heap     ] GC(260)      Live:         -               107M (5%)          107M (5%)          107M (5%)             -                  -          
[140.308s][info][gc,heap     ] GC(260) Allocated:         -               132M (6%)          194M (9%)          205M (10%)            -                  -          
[140.308s][info][gc,heap     ] GC(260)   Garbage:         -              1066M (52%)         398M (19%)          36M (2%)             -                  -          
[140.308s][info][gc,heap     ] GC(260) Reclaimed:         -                  -               668M (33%)        1029M (50%)            -                  -          
[140.308s][info][gc          ] GC(260) Garbage Collection (Allocation Rate) 1174M(57%)->350M(17%)
[140.702s][info][gc,start    ] GC(261) Garbage Collection (Allocation Rate)
[140.702s][info][gc,task     ] GC(261) Using 1 workers
[140.702s][info][gc,phases   ] GC(261) Pause Mark Start 0.010ms
[140.829s][info][gc,phases   ] GC(261) Concurrent Mark 126.967ms
[140.829s][info][gc,phases   ] GC(261) Pause Mark End 0.012ms
[140.829s][info][gc,phases   ] GC(261) Concurrent Mark Free 0.001ms
[140.856s][info][gc,phases   ] GC(261) Concurrent Process Non-Strong References 26.972ms
[140.856s][info][gc,phases   ] GC(261) Concurrent Reset Relocation Set 0.011ms
[140.862s][info][gc,phases   ] GC(261) Concurrent Select Relocation Set 5.560ms
[140.862s][info][gc,phases   ] GC(261) Pause Relocate Start 0.010ms
[140.901s][info][gc,phases   ] GC(261) Concurrent Relocate 38.867ms
[140.901s][info][gc,load     ] GC(261) Load: 0.00/0.00/0.00
[140.901s][info][gc,mmu      ] GC(261) MMU: 2ms/94.3%, 5ms/97.7%, 10ms/98.9%, 20ms/99.4%, 50ms/99.7%, 100ms/99.8%
[140.901s][info][gc,marking  ] GC(261) Mark: 1 stripe(s), 2 proactive flush(es), 1 terminate flush(es), 0 completion(s), 0 continuation(s) 
[140.901s][info][gc,marking  ] GC(261) Mark Stack Usage: 32M
[140.901s][info][gc,nmethod  ] GC(261) NMethods: 15186 registered, 2270 unregistered
[140.901s][info][gc,metaspace] GC(261) Metaspace: 100M used, 100M committed, 1152M reserved
[140.901s][info][gc,ref      ] GC(261) Soft: 4314 encountered, 0 discovered, 0 enqueued
[140.901s][info][gc,ref      ] GC(261) Weak: 7446 encountered, 6251 discovered, 6 enqueued
[140.901s][info][gc,ref      ] GC(261) Final: 1 encountered, 0 discovered, 0 enqueued
[140.901s][info][gc,ref      ] GC(261) Phantom: 773 encountered, 395 discovered, 0 enqueued
[140.901s][info][gc,reloc    ] GC(261) Small Pages: 576 / 1152M, Empty: 248M, Relocated: 25M, In-Place: 0
[140.901s][info][gc,reloc    ] GC(261) Medium Pages: 2 / 64M, Empty: 0M, Relocated: 3M, In-Place: 0
[140.901s][info][gc,reloc    ] GC(261) Large Pages: 7 / 62M, Empty: 0M, Relocated: 0M, In-Place: 0
[140.901s][info][gc,reloc    ] GC(261) Forwarding Usage: 15M
[140.901s][info][gc,heap     ] GC(261) Min Capacity: 2048M(100%)
[140.901s][info][gc,heap     ] GC(261) Max Capacity: 2048M(100%)
[140.901s][info][gc,heap     ] GC(261) Soft Max Capacity: 2048M(100%)
[140.901s][info][gc,heap     ] GC(261)                Mark Start          Mark End        Relocate Start      Relocate End           High               Low         
[140.902s][info][gc,heap     ] GC(261)  Capacity:     2048M (100%)       2048M (100%)       2048M (100%)       2048M (100%)       2048M (100%)       2048M (100%)   
[140.902s][info][gc,heap     ] GC(261)      Free:      770M (38%)         460M (22%)         630M (31%)        1378M (67%)        1378M (67%)         394M (19%)    
[140.902s][info][gc,heap     ] GC(261)      Used:     1278M (62%)        1588M (78%)        1418M (69%)         670M (33%)        1654M (81%)         670M (33%)    
[140.902s][info][gc,heap     ] GC(261)      Live:         -               134M (7%)          134M (7%)          134M (7%)             -                  -          
[140.902s][info][gc,heap     ] GC(261) Allocated:         -               310M (15%)         388M (19%)         496M (24%)            -                  -          
[140.902s][info][gc,heap     ] GC(261)   Garbage:         -              1143M (56%)         895M (44%)          38M (2%)             -                  -          
[140.902s][info][gc,heap     ] GC(261) Reclaimed:         -                  -               248M (12%)        1104M (54%)            -                  -          
[140.902s][info][gc          ] GC(261) Garbage Collection (Allocation Rate) 1278M(62%)->670M(33%)
[141.003s][info][gc,start    ] GC(262) Garbage Collection (Allocation Rate)
[141.003s][info][gc,task     ] GC(262) Using 1 workers
[141.003s][info][gc,phases   ] GC(262) Pause Mark Start 0.008ms
[141.134s][info][gc,phases   ] GC(262) Concurrent Mark 130.861ms
[141.134s][info][gc,phases   ] GC(262) Pause Mark End 0.015ms
[141.134s][info][gc,phases   ] GC(262) Concurrent Mark Free 0.002ms
[141.160s][info][gc,phases   ] GC(262) Concurrent Process Non-Strong References 25.972ms
[141.160s][info][gc,phases   ] GC(262) Concurrent Reset Relocation Set 0.025ms
[141.163s][info][gc,phases   ] GC(262) Concurrent Select Relocation Set 2.678ms
[141.163s][info][gc,phases   ] GC(262) Pause Relocate Start 0.011ms
[141.168s][info][gc,phases   ] GC(262) Concurrent Relocate 4.707ms
[141.168s][info][gc,load     ] GC(262) Load: 0.00/0.00/0.00
[141.168s][info][gc,mmu      ] GC(262) MMU: 2ms/94.3%, 5ms/97.7%, 10ms/98.9%, 20ms/99.4%, 50ms/99.7%, 100ms/99.8%
[141.168s][info][gc,marking  ] GC(262) Mark: 1 stripe(s), 2 proactive flush(es), 1 terminate flush(es), 0 completion(s), 0 continuation(s) 
[141.168s][info][gc,marking  ] GC(262) Mark Stack Usage: 32M
[141.168s][info][gc,nmethod  ] GC(262) NMethods: 15186 registered, 2270 unregistered
[141.168s][info][gc,metaspace] GC(262) Metaspace: 100M used, 100M committed, 1152M reserved
[141.168s][info][gc,ref      ] GC(262) Soft: 4314 encountered, 0 discovered, 0 enqueued
[141.168s][info][gc,ref      ] GC(262) Weak: 7440 encountered, 6245 discovered, 0 enqueued
[141.168s][info][gc,ref      ] GC(262) Final: 1 encountered, 0 discovered, 0 enqueued
[141.168s][info][gc,ref      ] GC(262) Phantom: 773 encountered, 395 discovered, 0 enqueued
[141.168s][info][gc,reloc    ] GC(262) Small Pages: 397 / 794M, Empty: 290M, Relocated: 3M, In-Place: 0
[141.168s][info][gc,reloc    ] GC(262) Medium Pages: 2 / 64M, Empty: 0M, Relocated: 3M, In-Place: 0
[141.168s][info][gc,reloc    ] GC(262) Large Pages: 7 / 62M, Empty: 0M, Relocated: 0M, In-Place: 0
[141.168s][info][gc,reloc    ] GC(262) Forwarding Usage: 1M
[141.168s][info][gc,heap     ] GC(262) Min Capacity: 2048M(100%)
[141.168s][info][gc,heap     ] GC(262) Max Capacity: 2048M(100%)
[141.168s][info][gc,heap     ] GC(262) Soft Max Capacity: 2048M(100%)
[141.168s][info][gc,heap     ] GC(262)                Mark Start          Mark End        Relocate Start      Relocate End           High               Low         
[141.168s][info][gc,heap     ] GC(262)  Capacity:     2048M (100%)       2048M (100%)       2048M (100%)       2048M (100%)       2048M (100%)       2048M (100%)   
[141.168s][info][gc,heap     ] GC(262)      Free:     1128M (55%)         794M (39%)        1034M (50%)        1492M (73%)        1492M (73%)         744M (36%)    
[141.168s][info][gc,heap     ] GC(262)      Used:      920M (45%)        1254M (61%)        1014M (50%)         556M (27%)        1304M (64%)         556M (27%)    
[141.168s][info][gc,heap     ] GC(262)      Live:         -               134M (7%)          134M (7%)          134M (7%)             -                  -          
[141.168s][info][gc,heap     ] GC(262) Allocated:         -               334M (16%)         384M (19%)         385M (19%)            -                  -          
[141.168s][info][gc,heap     ] GC(262)   Garbage:         -               785M (38%)         495M (24%)          35M (2%)             -                  -          
[141.168s][info][gc,heap     ] GC(262) Reclaimed:         -                  -               290M (14%)         749M (37%)            -                  -          
[141.168s][info][gc          ] GC(262) Garbage Collection (Allocation Rate) 920M(45%)->556M(27%)
[141.169s][info][gc,start    ] GC(263) Garbage Collection (System.gc())
[141.169s][info][gc,task     ] GC(263) Using 2 workers
[141.169s][info][gc,phases   ] GC(263) Pause Mark Start 0.007ms
[141.224s][info][gc,phases   ] GC(263) Concurrent Mark 54.864ms
[141.225s][info][gc,phases   ] GC(263) Pause Mark End 0.022ms
[141.225s][info][gc,phases   ] GC(263) Concurrent Mark Free 0.002ms
[141.238s][info][gc,phases   ] GC(263) Concurrent Process Non-Strong References 13.325ms
[141.238s][info][gc,phases   ] GC(263) Concurrent Reset Relocation Set 0.010ms
[141.239s][info][gc,phases   ] GC(263) Concurrent Select Relocation Set 1.193ms
[141.239s][info][gc,phases   ] GC(263) Pause Relocate Start 0.010ms
[141.240s][info][gc,phases   ] GC(263) Concurrent Relocate 0.923ms
[141.240s][info][gc,load     ] GC(263) Load: 0.00/0.00/0.00
[141.240s][info][gc,mmu      ] GC(263) MMU: 2ms/94.3%, 5ms/97.7%, 10ms/98.9%, 20ms/99.4%, 50ms/99.7%, 100ms/99.8%
[141.241s][info][gc,marking  ] GC(263) Mark: 2 stripe(s), 2 proactive flush(es), 1 terminate flush(es), 0 completion(s), 0 continuation(s) 
[141.241s][info][gc,marking  ] GC(263) Mark Stack Usage: 32M
[141.241s][info][gc,nmethod  ] GC(263) NMethods: 15187 registered, 2270 unregistered
[141.241s][info][gc,metaspace] GC(263) Metaspace: 100M used, 100M committed, 1152M reserved
[141.241s][info][gc,ref      ] GC(263) Soft: 4314 encountered, 0 discovered, 0 enqueued
[141.241s][info][gc,ref      ] GC(263) Weak: 7439 encountered, 272 discovered, 3 enqueued
[141.241s][info][gc,ref      ] GC(263) Final: 1 encountered, 1 discovered, 0 enqueued
[141.241s][info][gc,ref      ] GC(263) Phantom: 773 encountered, 557 discovered, 0 enqueued
[141.241s][info][gc,reloc    ] GC(263) Small Pages: 231 / 462M, Empty: 392M, Relocated: 1M, In-Place: 0
[141.241s][info][gc,reloc    ] GC(263) Medium Pages: 1 / 32M, Empty: 0M, Relocated: 0M, In-Place: 0
[141.241s][info][gc,reloc    ] GC(263) Large Pages: 7 / 62M, Empty: 0M, Relocated: 0M, In-Place: 0
[141.241s][info][gc,reloc    ] GC(263) Forwarding Usage: 0M
[141.241s][info][gc,heap     ] GC(263) Min Capacity: 2048M(100%)
[141.241s][info][gc,heap     ] GC(263) Max Capacity: 2048M(100%)
[141.241s][info][gc,heap     ] GC(263) Soft Max Capacity: 2048M(100%)
[141.241s][info][gc,heap     ] GC(263)                Mark Start          Mark End        Relocate Start      Relocate End           High               Low         
[141.241s][info][gc,heap     ] GC(263)  Capacity:     2048M (100%)       2048M (100%)       2048M (100%)       2048M (100%)       2048M (100%)       2048M (100%)   
[141.241s][info][gc,heap     ] GC(263)      Free:     1492M (73%)        1490M (73%)        1882M (92%)        1900M (93%)        1900M (93%)        1490M (73%)    
[141.241s][info][gc,heap     ] GC(263)      Used:      556M (27%)         558M (27%)         166M (8%)          148M (7%)          558M (27%)         148M (7%)     
[141.241s][info][gc,heap     ] GC(263)      Live:         -               106M (5%)          106M (5%)          106M (5%)             -                  -          
[141.241s][info][gc,heap     ] GC(263) Allocated:         -                 2M (0%)            2M (0%)            2M (0%)             -                  -          
[141.241s][info][gc,heap     ] GC(263)   Garbage:         -               449M (22%)          57M (3%)           39M (2%)             -                  -          
[141.241s][info][gc,heap     ] GC(263) Reclaimed:         -                  -               392M (19%)         410M (20%)            -                  -          
[141.241s][info][gc          ] GC(263) Garbage Collection (System.gc()) 556M(27%)->148M(7%)
[141.905s][info][gc,start    ] GC(264) Garbage Collection (Allocation Rate)
[141.905s][info][gc,task     ] GC(264) Using 1 workers
[141.905s][info][gc,phases   ] GC(264) Pause Mark Start 0.010ms
[141.968s][info][gc,phases   ] GC(264) Concurrent Mark 62.535ms
[141.968s][info][gc,phases   ] GC(264) Pause Mark End 0.012ms
[141.968s][info][gc,phases   ] GC(264) Concurrent Mark Free 0.001ms
[141.995s][info][gc,phases   ] GC(264) Concurrent Process Non-Strong References 26.824ms
[141.995s][info][gc,phases   ] GC(264) Concurrent Reset Relocation Set 0.003ms
[141.997s][info][gc,phases   ] GC(264) Concurrent Select Relocation Set 2.094ms
[141.997s][info][gc,phases   ] GC(264) Pause Relocate Start 0.013ms
[142.000s][info][gc,phases   ] GC(264) Concurrent Relocate 2.866ms
[142.000s][info][gc,load     ] GC(264) Load: 0.00/0.00/0.00
[142.000s][info][gc,mmu      ] GC(264) MMU: 2ms/94.3%, 5ms/97.7%, 10ms/98.9%, 20ms/99.4%, 50ms/99.7%, 100ms/99.8%
[142.000s][info][gc,marking  ] GC(264) Mark: 1 stripe(s), 2 proactive flush(es), 1 terminate flush(es), 0 completion(s), 0 continuation(s) 
[142.000s][info][gc,marking  ] GC(264) Mark Stack Usage: 32M
[142.000s][info][gc,nmethod  ] GC(264) NMethods: 15187 registered, 2270 unregistered
[142.000s][info][gc,metaspace] GC(264) Metaspace: 100M used, 100M committed, 1152M reserved
[142.000s][info][gc,ref      ] GC(264) Soft: 4314 encountered, 0 discovered, 0 enqueued
[142.000s][info][gc,ref      ] GC(264) Weak: 7446 encountered, 6248 discovered, 3 enqueued
[142.000s][info][gc,ref      ] GC(264) Final: 1 encountered, 0 discovered, 0 enqueued
[142.000s][info][gc,ref      ] GC(264) Phantom: 773 encountered, 395 discovered, 0 enqueued
[142.000s][info][gc,reloc    ] GC(264) Small Pages: 637 / 1274M, Empty: 1020M, Relocated: 1M, In-Place: 0
[142.000s][info][gc,reloc    ] GC(264) Medium Pages: 2 / 64M, Empty: 32M, Relocated: 0M, In-Place: 0
[142.000s][info][gc,reloc    ] GC(264) Large Pages: 7 / 62M, Empty: 0M, Relocated: 0M, In-Place: 0
[142.000s][info][gc,reloc    ] GC(264) Forwarding Usage: 0M
[142.000s][info][gc,heap     ] GC(264) Min Capacity: 2048M(100%)
[142.000s][info][gc,heap     ] GC(264) Max Capacity: 2048M(100%)
[142.000s][info][gc,heap     ] GC(264) Soft Max Capacity: 2048M(100%)
[142.000s][info][gc,heap     ] GC(264)                Mark Start          Mark End        Relocate Start      Relocate End           High               Low         
[142.001s][info][gc,heap     ] GC(264)  Capacity:     2048M (100%)       2048M (100%)       2048M (100%)       2048M (100%)       2048M (100%)       2048M (100%)   
[142.001s][info][gc,heap     ] GC(264)      Free:      648M (32%)         476M (23%)        1464M (71%)        1662M (81%)        1662M (81%)         418M (20%)    
[142.001s][info][gc,heap     ] GC(264)      Used:     1400M (68%)        1572M (77%)         584M (29%)         386M (19%)        1630M (80%)         386M (19%)    
[142.001s][info][gc,heap     ] GC(264)      Live:         -               107M (5%)          107M (5%)          107M (5%)             -                  -          
[142.001s][info][gc,heap     ] GC(264) Allocated:         -               172M (8%)          236M (12%)         239M (12%)            -                  -          
[142.001s][info][gc,heap     ] GC(264)   Garbage:         -              1292M (63%)         240M (12%)          38M (2%)             -                  -          
[142.001s][info][gc,heap     ] GC(264) Reclaimed:         -                  -              1052M (51%)        1253M (61%)            -                  -          
[142.001s][info][gc          ] GC(264) Garbage Collection (Allocation Rate) 1400M(68%)->386M(19%)
[142.398s][info][gc,start    ] GC(265) Garbage Collection (Allocation Rate)
[142.399s][info][gc,task     ] GC(265) Using 1 workers
[142.399s][info][gc,phases   ] GC(265) Pause Mark Start 0.010ms
[142.523s][info][gc,phases   ] GC(265) Concurrent Mark 124.271ms
[142.523s][info][gc,phases   ] GC(265) Pause Mark End 0.013ms
[142.523s][info][gc,phases   ] GC(265) Concurrent Mark Free 0.001ms
[142.551s][info][gc,phases   ] GC(265) Concurrent Process Non-Strong References 27.473ms
[142.551s][info][gc,phases   ] GC(265) Concurrent Reset Relocation Set 0.007ms
[142.556s][info][gc,phases   ] GC(265) Concurrent Select Relocation Set 5.362ms
[142.557s][info][gc,phases   ] GC(265) Pause Relocate Start 0.021ms
[142.596s][info][gc,phases   ] GC(265) Concurrent Relocate 39.407ms
[142.596s][info][gc,load     ] GC(265) Load: 0.00/0.00/0.00
[142.596s][info][gc,mmu      ] GC(265) MMU: 2ms/94.3%, 5ms/97.7%, 10ms/98.9%, 20ms/99.4%, 50ms/99.7%, 100ms/99.8%
[142.596s][info][gc,marking  ] GC(265) Mark: 1 stripe(s), 2 proactive flush(es), 1 terminate flush(es), 0 completion(s), 0 continuation(s) 
[142.596s][info][gc,marking  ] GC(265) Mark Stack Usage: 32M
[142.596s][info][gc,nmethod  ] GC(265) NMethods: 15188 registered, 2270 unregistered
[142.596s][info][gc,metaspace] GC(265) Metaspace: 100M used, 100M committed, 1152M reserved
[142.596s][info][gc,ref      ] GC(265) Soft: 4314 encountered, 0 discovered, 0 enqueued
[142.596s][info][gc,ref      ] GC(265) Weak: 7444 encountered, 6249 discovered, 4 enqueued
[142.596s][info][gc,ref      ] GC(265) Final: 1 encountered, 0 discovered, 0 enqueued
[142.596s][info][gc,ref      ] GC(265) Phantom: 773 encountered, 395 discovered, 0 enqueued
[142.596s][info][gc,reloc    ] GC(265) Small Pages: 597 / 1194M, Empty: 188M, Relocated: 25M, In-Place: 0
[142.596s][info][gc,reloc    ] GC(265) Medium Pages: 2 / 64M, Empty: 0M, Relocated: 3M, In-Place: 0
[142.596s][info][gc,reloc    ] GC(265) Large Pages: 7 / 62M, Empty: 0M, Relocated: 0M, In-Place: 0
[142.596s][info][gc,reloc    ] GC(265) Forwarding Usage: 16M
[142.596s][info][gc,heap     ] GC(265) Min Capacity: 2048M(100%)
[142.596s][info][gc,heap     ] GC(265) Max Capacity: 2048M(100%)
[142.596s][info][gc,heap     ] GC(265) Soft Max Capacity: 2048M(100%)
[142.596s][info][gc,heap     ] GC(265)                Mark Start          Mark End        Relocate Start      Relocate End           High               Low         
[142.596s][info][gc,heap     ] GC(265)  Capacity:     2048M (100%)       2048M (100%)       2048M (100%)       2048M (100%)       2048M (100%)       2048M (100%)   
[142.596s][info][gc,heap     ] GC(265)      Free:      728M (36%)         430M (21%)         538M (26%)        1384M (68%)        1384M (68%)         362M (18%)    
[142.596s][info][gc,heap     ] GC(265)      Used:     1320M (64%)        1618M (79%)        1510M (74%)         664M (32%)        1686M (82%)         664M (32%)    
[142.596s][info][gc,heap     ] GC(265)      Live:         -               134M (7%)          134M (7%)          134M (7%)             -                  -          
[142.597s][info][gc,heap     ] GC(265) Allocated:         -               298M (15%)         378M (18%)         492M (24%)            -                  -          
[142.597s][info][gc,heap     ] GC(265)   Garbage:         -              1185M (58%)         997M (49%)          36M (2%)             -                  -          
[142.597s][info][gc,heap     ] GC(265) Reclaimed:         -                  -               188M (9%)         1148M (56%)            -                  -          
[142.597s][info][gc          ] GC(265) Garbage Collection (Allocation Rate) 1320M(64%)->664M(32%)
[142.700s][info][gc,start    ] GC(266) Garbage Collection (Allocation Rate)
[142.700s][info][gc,task     ] GC(266) Using 1 workers
[142.700s][info][gc,phases   ] GC(266) Pause Mark Start 0.010ms
[142.823s][info][gc,phases   ] GC(266) Concurrent Mark 122.433ms
[142.823s][info][gc,phases   ] GC(266) Pause Mark End 0.016ms
[142.823s][info][gc,phases   ] GC(266) Concurrent Mark Free 0.002ms
[142.848s][info][gc,phases   ] GC(266) Concurrent Process Non-Strong References 24.918ms
[142.848s][info][gc,phases   ] GC(266) Concurrent Reset Relocation Set 0.041ms
[142.851s][info][gc,phases   ] GC(266) Concurrent Select Relocation Set 2.574ms
[142.851s][info][gc,phases   ] GC(266) Pause Relocate Start 0.014ms
[142.854s][info][gc,phases   ] GC(266) Concurrent Relocate 3.279ms
[142.854s][info][gc,load     ] GC(266) Load: 0.00/0.00/0.00
[142.854s][info][gc,mmu      ] GC(266) MMU: 2ms/94.3%, 5ms/97.7%, 10ms/98.9%, 20ms/99.4%, 50ms/99.7%, 100ms/99.8%
[142.854s][info][gc,marking  ] GC(266) Mark: 1 stripe(s), 2 proactive flush(es), 1 terminate flush(es), 0 completion(s), 0 continuation(s) 
[142.854s][info][gc,marking  ] GC(266) Mark Stack Usage: 32M
[142.854s][info][gc,nmethod  ] GC(266) NMethods: 15188 registered, 2270 unregistered
[142.854s][info][gc,metaspace] GC(266) Metaspace: 100M used, 100M committed, 1152M reserved
[142.854s][info][gc,ref      ] GC(266) Soft: 4314 encountered, 0 discovered, 0 enqueued
[142.854s][info][gc,ref      ] GC(266) Weak: 7437 encountered, 6246 discovered, 0 enqueued
[142.854s][info][gc,ref      ] GC(266) Final: 1 encountered, 0 discovered, 0 enqueued
[142.854s][info][gc,ref      ] GC(266) Phantom: 773 encountered, 395 discovered, 0 enqueued
[142.854s][info][gc,reloc    ] GC(266) Small Pages: 399 / 798M, Empty: 354M, Relocated: 2M, In-Place: 0
[142.854s][info][gc,reloc    ] GC(266) Medium Pages: 2 / 64M, Empty: 0M, Relocated: 3M, In-Place: 0
[142.854s][info][gc,reloc    ] GC(266) Large Pages: 7 / 62M, Empty: 0M, Relocated: 0M, In-Place: 0
[142.854s][info][gc,reloc    ] GC(266) Forwarding Usage: 1M
[142.854s][info][gc,heap     ] GC(266) Min Capacity: 2048M(100%)
[142.854s][info][gc,heap     ] GC(266) Max Capacity: 2048M(100%)
[142.854s][info][gc,heap     ] GC(266) Soft Max Capacity: 2048M(100%)
[142.855s][info][gc,heap     ] GC(266)                Mark Start          Mark End        Relocate Start      Relocate End           High               Low         
[142.855s][info][gc,heap     ] GC(266)  Capacity:     2048M (100%)       2048M (100%)       2048M (100%)       2048M (100%)       2048M (100%)       2048M (100%)   
[142.855s][info][gc,heap     ] GC(266)      Free:     1124M (55%)        1012M (49%)        1366M (67%)        1764M (86%)        1764M (86%)        1012M (49%)    
[142.855s][info][gc,heap     ] GC(266)      Used:      924M (45%)        1036M (51%)         682M (33%)         284M (14%)        1036M (51%)         284M (14%)    
[142.855s][info][gc,heap     ] GC(266)      Live:         -               134M (7%)          134M (7%)          134M (7%)             -                  -          
[142.855s][info][gc,heap     ] GC(266) Allocated:         -               112M (5%)          112M (5%)          112M (5%)             -                  -          
[142.855s][info][gc,heap     ] GC(266)   Garbage:         -               789M (39%)         435M (21%)          37M (2%)             -                  -          
[142.855s][info][gc,heap     ] GC(266) Reclaimed:         -                  -               354M (17%)         752M (37%)            -                  -          
[142.855s][info][gc          ] GC(266) Garbage Collection (Allocation Rate) 924M(45%)->284M(14%)
[142.855s][info][gc,start    ] GC(267) Garbage Collection (System.gc())
[142.855s][info][gc,task     ] GC(267) Using 2 workers
[142.855s][info][gc,phases   ] GC(267) Pause Mark Start 0.008ms
[142.908s][info][gc,phases   ] GC(267) Concurrent Mark 52.639ms
[142.908s][info][gc,phases   ] GC(267) Pause Mark End 0.015ms
[142.908s][info][gc,phases   ] GC(267) Concurrent Mark Free 0.002ms
[142.922s][info][gc,phases   ] GC(267) Concurrent Process Non-Strong References 13.649ms
[142.922s][info][gc,phases   ] GC(267) Concurrent Reset Relocation Set 0.013ms
[142.923s][info][gc,phases   ] GC(267) Concurrent Select Relocation Set 1.413ms
[142.923s][info][gc,phases   ] GC(267) Pause Relocate Start 0.008ms
[142.925s][info][gc,phases   ] GC(267) Concurrent Relocate 1.355ms
[142.925s][info][gc,load     ] GC(267) Load: 0.00/0.00/0.00
[142.925s][info][gc,mmu      ] GC(267) MMU: 2ms/94.3%, 5ms/97.7%, 10ms/98.9%, 20ms/99.4%, 50ms/99.7%, 100ms/99.8%
[142.925s][info][gc,marking  ] GC(267) Mark: 2 stripe(s), 2 proactive flush(es), 1 terminate flush(es), 0 completion(s), 0 continuation(s) 
[142.925s][info][gc,marking  ] GC(267) Mark Stack Usage: 32M
[142.925s][info][gc,nmethod  ] GC(267) NMethods: 15188 registered, 2270 unregistered
[142.925s][info][gc,metaspace] GC(267) Metaspace: 100M used, 100M committed, 1152M reserved
[142.925s][info][gc,ref      ] GC(267) Soft: 4314 encountered, 0 discovered, 0 enqueued
[142.925s][info][gc,ref      ] GC(267) Weak: 7439 encountered, 6120 discovered, 3 enqueued
[142.925s][info][gc,ref      ] GC(267) Final: 1 encountered, 1 discovered, 0 enqueued
[142.925s][info][gc,ref      ] GC(267) Phantom: 773 encountered, 545 discovered, 0 enqueued
[142.925s][info][gc,reloc    ] GC(267) Small Pages: 95 / 190M, Empty: 122M, Relocated: 1M, In-Place: 0
[142.925s][info][gc,reloc    ] GC(267) Medium Pages: 1 / 32M, Empty: 0M, Relocated: 0M, In-Place: 0
[142.925s][info][gc,reloc    ] GC(267) Large Pages: 7 / 62M, Empty: 0M, Relocated: 0M, In-Place: 0
[142.925s][info][gc,reloc    ] GC(267) Forwarding Usage: 0M
[142.925s][info][gc,heap     ] GC(267) Min Capacity: 2048M(100%)
[142.925s][info][gc,heap     ] GC(267) Max Capacity: 2048M(100%)
[142.925s][info][gc,heap     ] GC(267) Soft Max Capacity: 2048M(100%)
[142.925s][info][gc,heap     ] GC(267)                Mark Start          Mark End        Relocate Start      Relocate End           High               Low         
[142.925s][info][gc,heap     ] GC(267)  Capacity:     2048M (100%)       2048M (100%)       2048M (100%)       2048M (100%)       2048M (100%)       2048M (100%)   
[142.925s][info][gc,heap     ] GC(267)      Free:     1764M (86%)        1762M (86%)        1884M (92%)        1900M (93%)        1900M (93%)        1762M (86%)    
[142.925s][info][gc,heap     ] GC(267)      Used:      284M (14%)         286M (14%)         164M (8%)          148M (7%)          286M (14%)         148M (7%)     
[142.925s][info][gc,heap     ] GC(267)      Live:         -               106M (5%)          106M (5%)          106M (5%)             -                  -          
[142.925s][info][gc,heap     ] GC(267) Allocated:         -                 2M (0%)            2M (0%)            2M (0%)             -                  -          
[142.925s][info][gc,heap     ] GC(267)   Garbage:         -               177M (9%)           55M (3%)           39M (2%)             -                  -          
[142.925s][info][gc,heap     ] GC(267) Reclaimed:         -                  -               122M (6%)          138M (7%)             -                  -          
[142.925s][info][gc          ] GC(267) Garbage Collection (System.gc()) 284M(14%)->148M(7%)
[143.494s][info][gc,start    ] GC(268) Garbage Collection (Allocation Rate)
[143.494s][info][gc,task     ] GC(268) Using 1 workers
[143.494s][info][gc,phases   ] GC(268) Pause Mark Start 0.012ms
[143.556s][info][gc,phases   ] GC(268) Concurrent Mark 62.249ms
[143.557s][info][gc,phases   ] GC(268) Pause Mark End 0.013ms
[143.557s][info][gc,phases   ] GC(268) Concurrent Mark Free 0.001ms
[143.583s][info][gc,phases   ] GC(268) Concurrent Process Non-Strong References 26.407ms
[143.583s][info][gc,phases   ] GC(268) Concurrent Reset Relocation Set 0.002ms
[143.586s][info][gc,phases   ] GC(268) Concurrent Select Relocation Set 2.497ms
[143.586s][info][gc,phases   ] GC(268) Pause Relocate Start 0.014ms
[143.593s][info][gc,phases   ] GC(268) Concurrent Relocate 6.861ms
[143.593s][info][gc,load     ] GC(268) Load: 0.00/0.00/0.00
[143.593s][info][gc,mmu      ] GC(268) MMU: 2ms/94.3%, 5ms/97.7%, 10ms/98.9%, 20ms/99.4%, 50ms/99.7%, 100ms/99.8%
[143.593s][info][gc,marking  ] GC(268) Mark: 1 stripe(s), 2 proactive flush(es), 1 terminate flush(es), 0 completion(s), 0 continuation(s) 
[143.593s][info][gc,marking  ] GC(268) Mark Stack Usage: 32M
[143.593s][info][gc,nmethod  ] GC(268) NMethods: 15189 registered, 2270 unregistered
[143.593s][info][gc,metaspace] GC(268) Metaspace: 100M used, 100M committed, 1152M reserved
[143.593s][info][gc,ref      ] GC(268) Soft: 4314 encountered, 0 discovered, 0 enqueued
[143.593s][info][gc,ref      ] GC(268) Weak: 7446 encountered, 6248 discovered, 3 enqueued
[143.593s][info][gc,ref      ] GC(268) Final: 1 encountered, 0 discovered, 0 enqueued
[143.593s][info][gc,ref      ] GC(268) Phantom: 773 encountered, 395 discovered, 0 enqueued
[143.593s][info][gc,reloc    ] GC(268) Small Pages: 522 / 1044M, Empty: 642M, Relocated: 5M, In-Place: 0
[143.593s][info][gc,reloc    ] GC(268) Medium Pages: 2 / 64M, Empty: 32M, Relocated: 0M, In-Place: 0
[143.593s][info][gc,reloc    ] GC(268) Large Pages: 7 / 62M, Empty: 0M, Relocated: 0M, In-Place: 0
[143.593s][info][gc,reloc    ] GC(268) Forwarding Usage: 2M
[143.593s][info][gc,heap     ] GC(268) Min Capacity: 2048M(100%)
[143.593s][info][gc,heap     ] GC(268) Max Capacity: 2048M(100%)
[143.593s][info][gc,heap     ] GC(268) Soft Max Capacity: 2048M(100%)
[143.593s][info][gc,heap     ] GC(268)                Mark Start          Mark End        Relocate Start      Relocate End           High               Low         
[143.593s][info][gc,heap     ] GC(268)  Capacity:     2048M (100%)       2048M (100%)       2048M (100%)       2048M (100%)       2048M (100%)       2048M (100%)   
[143.593s][info][gc,heap     ] GC(268)      Free:      878M (43%)         748M (37%)        1358M (66%)        1698M (83%)        1702M (83%)         690M (34%)    
[143.593s][info][gc,heap     ] GC(268)      Used:     1170M (57%)        1300M (63%)         690M (34%)         350M (17%)        1358M (66%)         346M (17%)    
[143.593s][info][gc,heap     ] GC(268)      Live:         -               107M (5%)          107M (5%)          107M (5%)             -                  -          
[143.593s][info][gc,heap     ] GC(268) Allocated:         -               130M (6%)          194M (9%)          205M (10%)            -                  -          
[143.593s][info][gc,heap     ] GC(268)   Garbage:         -              1062M (52%)         388M (19%)          37M (2%)             -                  -          
[143.593s][info][gc,heap     ] GC(268) Reclaimed:         -                  -               674M (33%)        1025M (50%)            -                  -          
[143.593s][info][gc          ] GC(268) Garbage Collection (Allocation Rate) 1170M(57%)->350M(17%)
[144.003s][info][gc,start    ] GC(269) Garbage Collection (Allocation Rate)
[144.003s][info][gc,task     ] GC(269) Using 1 workers
[144.003s][info][gc,phases   ] GC(269) Pause Mark Start 0.009ms
[144.131s][info][gc,phases   ] GC(269) Concurrent Mark 127.704ms
[144.131s][info][gc,phases   ] GC(269) Pause Mark End 0.014ms
[144.131s][info][gc,phases   ] GC(269) Concurrent Mark Free 0.001ms
[144.158s][info][gc,phases   ] GC(269) Concurrent Process Non-Strong References 27.092ms
[144.158s][info][gc,phases   ] GC(269) Concurrent Reset Relocation Set 0.011ms
[144.164s][info][gc,phases   ] GC(269) Concurrent Select Relocation Set 5.990ms
[144.165s][info][gc,phases   ] GC(269) Pause Relocate Start 0.016ms
[144.204s][info][gc,phases   ] GC(269) Concurrent Relocate 39.042ms
[144.204s][info][gc,load     ] GC(269) Load: 0.00/0.00/0.00
[144.204s][info][gc,mmu      ] GC(269) MMU: 2ms/94.3%, 5ms/97.7%, 10ms/98.9%, 20ms/99.4%, 50ms/99.7%, 100ms/99.8%
[144.204s][info][gc,marking  ] GC(269) Mark: 1 stripe(s), 2 proactive flush(es), 1 terminate flush(es), 0 completion(s), 0 continuation(s) 
[144.204s][info][gc,marking  ] GC(269) Mark Stack Usage: 32M
[144.204s][info][gc,nmethod  ] GC(269) NMethods: 15189 registered, 2270 unregistered
[144.204s][info][gc,metaspace] GC(269) Metaspace: 100M used, 100M committed, 1152M reserved
[144.204s][info][gc,ref      ] GC(269) Soft: 4314 encountered, 0 discovered, 0 enqueued
[144.204s][info][gc,ref      ] GC(269) Weak: 7446 encountered, 6251 discovered, 6 enqueued
[144.204s][info][gc,ref      ] GC(269) Final: 1 encountered, 0 discovered, 0 enqueued
[144.204s][info][gc,ref      ] GC(269) Phantom: 773 encountered, 395 discovered, 0 enqueued
[144.204s][info][gc,reloc    ] GC(269) Small Pages: 612 / 1224M, Empty: 304M, Relocated: 25M, In-Place: 0
[144.204s][info][gc,reloc    ] GC(269) Medium Pages: 2 / 64M, Empty: 0M, Relocated: 3M, In-Place: 0
[144.204s][info][gc,reloc    ] GC(269) Large Pages: 7 / 62M, Empty: 0M, Relocated: 0M, In-Place: 0
[144.204s][info][gc,reloc    ] GC(269) Forwarding Usage: 16M
[144.204s][info][gc,heap     ] GC(269) Min Capacity: 2048M(100%)
[144.204s][info][gc,heap     ] GC(269) Max Capacity: 2048M(100%)
[144.204s][info][gc,heap     ] GC(269) Soft Max Capacity: 2048M(100%)
[144.204s][info][gc,heap     ] GC(269)                Mark Start          Mark End        Relocate Start      Relocate End           High               Low         
[144.204s][info][gc,heap     ] GC(269)  Capacity:     2048M (100%)       2048M (100%)       2048M (100%)       2048M (100%)       2048M (100%)       2048M (100%)   
[144.204s][info][gc,heap     ] GC(269)      Free:      698M (34%)         380M (19%)         602M (29%)        1368M (67%)        1368M (67%)         314M (15%)    
[144.204s][info][gc,heap     ] GC(269)      Used:     1350M (66%)        1668M (81%)        1446M (71%)         680M (33%)        1734M (85%)         680M (33%)    
[144.204s][info][gc,heap     ] GC(269)      Live:         -               134M (7%)          134M (7%)          134M (7%)             -                  -          
[144.204s][info][gc,heap     ] GC(269) Allocated:         -               318M (16%)         400M (20%)         507M (25%)            -                  -          
[144.204s][info][gc,heap     ] GC(269)   Garbage:         -              1215M (59%)         911M (45%)          37M (2%)             -                  -          
[144.204s][info][gc,heap     ] GC(269) Reclaimed:         -                  -               304M (15%)        1177M (58%)            -                  -          
[144.204s][info][gc          ] GC(269) Garbage Collection (Allocation Rate) 1350M(66%)->680M(33%)
[144.304s][info][gc,start    ] GC(270) Garbage Collection (Allocation Rate)
[144.304s][info][gc,task     ] GC(270) Using 2 workers
[144.305s][info][gc,phases   ] GC(270) Pause Mark Start 0.014ms
[144.383s][info][gc,phases   ] GC(270) Concurrent Mark 78.192ms
[144.383s][info][gc,phases   ] GC(270) Pause Mark End 0.014ms
[144.383s][info][gc,phases   ] GC(270) Concurrent Mark Free 0.001ms
[144.397s][info][gc,phases   ] GC(270) Concurrent Process Non-Strong References 13.640ms
[144.397s][info][gc,phases   ] GC(270) Concurrent Reset Relocation Set 0.039ms
[144.400s][info][gc,phases   ] GC(270) Concurrent Select Relocation Set 3.199ms
[144.400s][info][gc,phases   ] GC(270) Pause Relocate Start 0.015ms
[144.404s][info][gc,phases   ] GC(270) Concurrent Relocate 3.240ms
[144.404s][info][gc,load     ] GC(270) Load: 0.00/0.00/0.00
[144.404s][info][gc,mmu      ] GC(270) MMU: 2ms/94.3%, 5ms/97.7%, 10ms/98.9%, 20ms/99.4%, 50ms/99.7%, 100ms/99.8%
[144.404s][info][gc,marking  ] GC(270) Mark: 2 stripe(s), 2 proactive flush(es), 1 terminate flush(es), 0 completion(s), 0 continuation(s) 
[144.404s][info][gc,marking  ] GC(270) Mark Stack Usage: 32M
[144.404s][info][gc,nmethod  ] GC(270) NMethods: 15189 registered, 2270 unregistered
[144.404s][info][gc,metaspace] GC(270) Metaspace: 100M used, 100M committed, 1152M reserved
[144.404s][info][gc,ref      ] GC(270) Soft: 4314 encountered, 0 discovered, 0 enqueued
[144.404s][info][gc,ref      ] GC(270) Weak: 7440 encountered, 87 discovered, 0 enqueued
[144.404s][info][gc,ref      ] GC(270) Final: 1 encountered, 0 discovered, 0 enqueued
[144.404s][info][gc,ref      ] GC(270) Phantom: 773 encountered, 516 discovered, 0 enqueued
[144.404s][info][gc,reloc    ] GC(270) Small Pages: 405 / 810M, Empty: 316M, Relocated: 3M, In-Place: 0
[144.404s][info][gc,reloc    ] GC(270) Medium Pages: 2 / 64M, Empty: 0M, Relocated: 3M, In-Place: 0
[144.404s][info][gc,reloc    ] GC(270) Large Pages: 7 / 62M, Empty: 0M, Relocated: 0M, In-Place: 0
[144.404s][info][gc,reloc    ] GC(270) Forwarding Usage: 1M
[144.404s][info][gc,heap     ] GC(270) Min Capacity: 2048M(100%)
[144.404s][info][gc,heap     ] GC(270) Max Capacity: 2048M(100%)
[144.404s][info][gc,heap     ] GC(270) Soft Max Capacity: 2048M(100%)
[144.404s][info][gc,heap     ] GC(270)                Mark Start          Mark End        Relocate Start      Relocate End           High               Low         
[144.404s][info][gc,heap     ] GC(270)  Capacity:     2048M (100%)       2048M (100%)       2048M (100%)       2048M (100%)       2048M (100%)       2048M (100%)   
[144.404s][info][gc,heap     ] GC(270)      Free:     1112M (54%)         914M (45%)        1192M (58%)        1602M (78%)        1604M (78%)         884M (43%)    
[144.404s][info][gc,heap     ] GC(270)      Used:      936M (46%)        1134M (55%)         856M (42%)         446M (22%)        1164M (57%)         444M (22%)    
[144.404s][info][gc,heap     ] GC(270)      Live:         -               134M (7%)          134M (7%)          134M (7%)             -                  -          
[144.404s][info][gc,heap     ] GC(270) Allocated:         -               198M (10%)         236M (12%)         274M (13%)            -                  -          
[144.404s][info][gc,heap     ] GC(270)   Garbage:         -               801M (39%)         485M (24%)          36M (2%)             -                  -          
[144.404s][info][gc,heap     ] GC(270) Reclaimed:         -                  -               316M (15%)         764M (37%)            -                  -          
[144.404s][info][gc          ] GC(270) Garbage Collection (Allocation Rate) 936M(46%)->446M(22%)
[144.446s][info][gc,start    ] GC(271) Garbage Collection (System.gc())
[144.446s][info][gc,task     ] GC(271) Using 2 workers
[144.446s][info][gc,phases   ] GC(271) Pause Mark Start 0.007ms
[144.479s][info][gc,phases   ] GC(271) Concurrent Mark 32.569ms
[144.479s][info][gc,phases   ] GC(271) Pause Mark End 0.021ms
[144.479s][info][gc,phases   ] GC(271) Concurrent Mark Free 0.002ms
[144.492s][info][gc,phases   ] GC(271) Concurrent Process Non-Strong References 12.843ms
[144.492s][info][gc,phases   ] GC(271) Concurrent Reset Relocation Set 0.014ms
[144.494s][info][gc,phases   ] GC(271) Concurrent Select Relocation Set 1.297ms
[144.494s][info][gc,phases   ] GC(271) Pause Relocate Start 0.010ms
[144.494s][info][gc,phases   ] GC(271) Concurrent Relocate 0.631ms
[144.494s][info][gc,load     ] GC(271) Load: 0.00/0.00/0.00
[144.494s][info][gc,mmu      ] GC(271) MMU: 2ms/94.3%, 5ms/97.7%, 10ms/98.9%, 20ms/99.4%, 50ms/99.7%, 100ms/99.8%
[144.494s][info][gc,marking  ] GC(271) Mark: 2 stripe(s), 2 proactive flush(es), 1 terminate flush(es), 0 completion(s), 0 continuation(s) 
[144.494s][info][gc,marking  ] GC(271) Mark Stack Usage: 32M
[144.494s][info][gc,nmethod  ] GC(271) NMethods: 15189 registered, 2270 unregistered
[144.494s][info][gc,metaspace] GC(271) Metaspace: 100M used, 100M committed, 1152M reserved
[144.494s][info][gc,ref      ] GC(271) Soft: 4314 encountered, 0 discovered, 0 enqueued
[144.494s][info][gc,ref      ] GC(271) Weak: 7439 encountered, 94 discovered, 3 enqueued
[144.494s][info][gc,ref      ] GC(271) Final: 1 encountered, 0 discovered, 0 enqueued
[144.494s][info][gc,ref      ] GC(271) Phantom: 773 encountered, 586 discovered, 0 enqueued
[144.494s][info][gc,reloc    ] GC(271) Small Pages: 189 / 378M, Empty: 306M, Relocated: 1M, In-Place: 0
[144.495s][info][gc,reloc    ] GC(271) Medium Pages: 2 / 64M, Empty: 32M, Relocated: 0M, In-Place: 0
[144.495s][info][gc,reloc    ] GC(271) Large Pages: 7 / 62M, Empty: 0M, Relocated: 0M, In-Place: 0
[144.495s][info][gc,reloc    ] GC(271) Forwarding Usage: 0M
[144.495s][info][gc,heap     ] GC(271) Min Capacity: 2048M(100%)
[144.495s][info][gc,heap     ] GC(271) Max Capacity: 2048M(100%)
[144.495s][info][gc,heap     ] GC(271) Soft Max Capacity: 2048M(100%)
[144.495s][info][gc,heap     ] GC(271)                Mark Start          Mark End        Relocate Start      Relocate End           High               Low         
[144.495s][info][gc,heap     ] GC(271)  Capacity:     2048M (100%)       2048M (100%)       2048M (100%)       2048M (100%)       2048M (100%)       2048M (100%)   
[144.495s][info][gc,heap     ] GC(271)      Free:     1544M (75%)        1544M (75%)        1882M (92%)        1902M (93%)        1902M (93%)        1544M (75%)    
[144.495s][info][gc,heap     ] GC(271)      Used:      504M (25%)         504M (25%)         166M (8%)          146M (7%)          504M (25%)         146M (7%)     
[144.495s][info][gc,heap     ] GC(271)      Live:         -               106M (5%)          106M (5%)          106M (5%)             -                  -          
[144.495s][info][gc,heap     ] GC(271) Allocated:         -                 0M (0%)            0M (0%)            0M (0%)             -                  -          
[144.495s][info][gc,heap     ] GC(271)   Garbage:         -               397M (19%)          59M (3%)           39M (2%)             -                  -          
[144.495s][info][gc,heap     ] GC(271) Reclaimed:         -                  -               338M (17%)         358M (17%)            -                  -          
[144.495s][info][gc          ] GC(271) Garbage Collection (System.gc()) 504M(25%)->146M(7%)
[145.003s][info][gc,start    ] GC(272) Garbage Collection (Allocation Rate)
[145.003s][info][gc,task     ] GC(272) Using 1 workers
[145.003s][info][gc,phases   ] GC(272) Pause Mark Start 0.009ms
[145.062s][info][gc,phases   ] GC(272) Concurrent Mark 59.341ms
[145.062s][info][gc,phases   ] GC(272) Pause Mark End 0.015ms
[145.063s][info][gc,phases   ] GC(272) Concurrent Mark Free 0.001ms
[145.088s][info][gc,phases   ] GC(272) Concurrent Process Non-Strong References 25.680ms
[145.088s][info][gc,phases   ] GC(272) Concurrent Reset Relocation Set 0.002ms
[145.091s][info][gc,phases   ] GC(272) Concurrent Select Relocation Set 2.469ms
[145.091s][info][gc,phases   ] GC(272) Pause Relocate Start 0.013ms
[145.094s][info][gc,phases   ] GC(272) Concurrent Relocate 3.071ms
[145.094s][info][gc,load     ] GC(272) Load: 0.00/0.00/0.00
[145.094s][info][gc,mmu      ] GC(272) MMU: 2ms/94.3%, 5ms/97.7%, 10ms/98.9%, 20ms/99.4%, 50ms/99.7%, 100ms/99.8%
[145.094s][info][gc,marking  ] GC(272) Mark: 1 stripe(s), 2 proactive flush(es), 1 terminate flush(es), 0 completion(s), 0 continuation(s) 
[145.094s][info][gc,marking  ] GC(272) Mark Stack Usage: 32M
[145.094s][info][gc,nmethod  ] GC(272) NMethods: 15189 registered, 2270 unregistered
[145.094s][info][gc,metaspace] GC(272) Metaspace: 100M used, 100M committed, 1152M reserved
[145.094s][info][gc,ref      ] GC(272) Soft: 4314 encountered, 0 discovered, 0 enqueued
[145.094s][info][gc,ref      ] GC(272) Weak: 7446 encountered, 6248 discovered, 3 enqueued
[145.094s][info][gc,ref      ] GC(272) Final: 1 encountered, 0 discovered, 0 enqueued
[145.094s][info][gc,ref      ] GC(272) Phantom: 773 encountered, 395 discovered, 0 enqueued
[145.094s][info][gc,reloc    ] GC(272) Small Pages: 463 / 926M, Empty: 642M, Relocated: 1M, In-Place: 0
[145.094s][info][gc,reloc    ] GC(272) Medium Pages: 2 / 64M, Empty: 32M, Relocated: 0M, In-Place: 0
[145.094s][info][gc,reloc    ] GC(272) Large Pages: 7 / 62M, Empty: 0M, Relocated: 0M, In-Place: 0
[145.094s][info][gc,reloc    ] GC(272) Forwarding Usage: 0M
[145.094s][info][gc,heap     ] GC(272) Min Capacity: 2048M(100%)
[145.094s][info][gc,heap     ] GC(272) Max Capacity: 2048M(100%)
[145.094s][info][gc,heap     ] GC(272) Soft Max Capacity: 2048M(100%)
[145.094s][info][gc,heap     ] GC(272)                Mark Start          Mark End        Relocate Start      Relocate End           High               Low         
[145.094s][info][gc,heap     ] GC(272)  Capacity:     2048M (100%)       2048M (100%)       2048M (100%)       2048M (100%)       2048M (100%)       2048M (100%)   
[145.094s][info][gc,heap     ] GC(272)      Free:      996M (49%)         862M (42%)        1474M (72%)        1704M (83%)        1704M (83%)         804M (39%)    
[145.094s][info][gc,heap     ] GC(272)      Used:     1052M (51%)        1186M (58%)         574M (28%)         344M (17%)        1244M (61%)         344M (17%)    
[145.095s][info][gc,heap     ] GC(272)      Live:         -               106M (5%)          106M (5%)          106M (5%)             -                  -          
[145.095s][info][gc,heap     ] GC(272) Allocated:         -               134M (7%)          196M (10%)         199M (10%)            -                  -          
[145.095s][info][gc,heap     ] GC(272)   Garbage:         -               945M (46%)         271M (13%)          37M (2%)             -                  -          
[145.095s][info][gc,heap     ] GC(272) Reclaimed:         -                  -               674M (33%)         907M (44%)            -                  -          
[145.095s][info][gc          ] GC(272) Garbage Collection (Allocation Rate) 1052M(51%)->344M(17%)
[145.508s][info][gc,start    ] GC(273) Garbage Collection (Allocation Rate)
[145.509s][info][gc,task     ] GC(273) Using 1 workers
[145.509s][info][gc,phases   ] GC(273) Pause Mark Start 0.008ms
[145.634s][info][gc,phases   ] GC(273) Concurrent Mark 124.913ms
[145.634s][info][gc,phases   ] GC(273) Pause Mark End 0.012ms
[145.634s][info][gc,phases   ] GC(273) Concurrent Mark Free 0.001ms
[145.660s][info][gc,phases   ] GC(273) Concurrent Process Non-Strong References 26.191ms
[145.660s][info][gc,phases   ] GC(273) Concurrent Reset Relocation Set 0.008ms
[145.667s][info][gc,phases   ] GC(273) Concurrent Select Relocation Set 6.254ms
[145.667s][info][gc,phases   ] GC(273) Pause Relocate Start 0.015ms
[145.707s][info][gc,phases   ] GC(273) Concurrent Relocate 39.683ms
[145.707s][info][gc,load     ] GC(273) Load: 0.00/0.00/0.00
[145.707s][info][gc,mmu      ] GC(273) MMU: 2ms/94.3%, 5ms/97.7%, 10ms/98.9%, 20ms/99.4%, 50ms/99.7%, 100ms/99.8%
[145.707s][info][gc,marking  ] GC(273) Mark: 1 stripe(s), 2 proactive flush(es), 1 terminate flush(es), 0 completion(s), 0 continuation(s) 
[145.707s][info][gc,marking  ] GC(273) Mark Stack Usage: 32M
[145.707s][info][gc,nmethod  ] GC(273) NMethods: 15189 registered, 2270 unregistered
[145.707s][info][gc,metaspace] GC(273) Metaspace: 100M used, 100M committed, 1152M reserved
[145.707s][info][gc,ref      ] GC(273) Soft: 4314 encountered, 0 discovered, 0 enqueued
[145.707s][info][gc,ref      ] GC(273) Weak: 7446 encountered, 6251 discovered, 6 enqueued
[145.707s][info][gc,ref      ] GC(273) Final: 1 encountered, 0 discovered, 0 enqueued
[145.707s][info][gc,ref      ] GC(273) Phantom: 773 encountered, 395 discovered, 0 enqueued
[145.707s][info][gc,reloc    ] GC(273) Small Pages: 589 / 1178M, Empty: 334M, Relocated: 25M, In-Place: 0
[145.707s][info][gc,reloc    ] GC(273) Medium Pages: 2 / 64M, Empty: 0M, Relocated: 3M, In-Place: 0
[145.707s][info][gc,reloc    ] GC(273) Large Pages: 7 / 62M, Empty: 0M, Relocated: 0M, In-Place: 0
[145.707s][info][gc,reloc    ] GC(273) Forwarding Usage: 16M
[145.707s][info][gc,heap     ] GC(273) Min Capacity: 2048M(100%)
[145.707s][info][gc,heap     ] GC(273) Max Capacity: 2048M(100%)
[145.707s][info][gc,heap     ] GC(273) Soft Max Capacity: 2048M(100%)
[145.707s][info][gc,heap     ] GC(273)                Mark Start          Mark End        Relocate Start      Relocate End           High               Low         
[145.707s][info][gc,heap     ] GC(273)  Capacity:     2048M (100%)       2048M (100%)       2048M (100%)       2048M (100%)       2048M (100%)       2048M (100%)   
[145.707s][info][gc,heap     ] GC(273)      Free:      744M (36%)         424M (21%)         678M (33%)        1358M (66%)        1358M (66%)         360M (18%)    
[145.707s][info][gc,heap     ] GC(273)      Used:     1304M (64%)        1624M (79%)        1370M (67%)         690M (34%)        1688M (82%)         690M (34%)    
[145.707s][info][gc,heap     ] GC(273)      Live:         -               134M (7%)          134M (7%)          134M (7%)             -                  -          
[145.707s][info][gc,heap     ] GC(273) Allocated:         -               320M (16%)         400M (20%)         517M (25%)            -                  -          
[145.707s][info][gc,heap     ] GC(273)   Garbage:         -              1169M (57%)         835M (41%)          38M (2%)             -                  -          
[145.707s][info][gc,heap     ] GC(273) Reclaimed:         -                  -               334M (16%)        1131M (55%)            -                  -          
[145.707s][info][gc          ] GC(273) Garbage Collection (Allocation Rate) 1304M(64%)->690M(34%)
[145.903s][info][gc,start    ] GC(274) Garbage Collection (Allocation Rate)
[145.903s][info][gc,task     ] GC(274) Using 2 workers
[145.903s][info][gc,phases   ] GC(274) Pause Mark Start 0.010ms
[145.998s][info][gc,phases   ] GC(274) Concurrent Mark 94.248ms
[145.998s][info][gc,phases   ] GC(274) Pause Mark End 0.014ms
[145.998s][info][gc,phases   ] GC(274) Concurrent Mark Free 0.001ms
[146.011s][info][gc,phases   ] GC(274) Concurrent Process Non-Strong References 13.275ms
[146.011s][info][gc,phases   ] GC(274) Concurrent Reset Relocation Set 0.032ms
[146.015s][info][gc,phases   ] GC(274) Concurrent Select Relocation Set 3.281ms
[146.015s][info][gc,phases   ] GC(274) Pause Relocate Start 0.011ms
[146.018s][info][gc,phases   ] GC(274) Concurrent Relocate 2.894ms
[146.018s][info][gc,load     ] GC(274) Load: 0.00/0.00/0.00
[146.018s][info][gc,mmu      ] GC(274) MMU: 2ms/94.3%, 5ms/97.7%, 10ms/98.9%, 20ms/99.4%, 50ms/99.7%, 100ms/99.8%
[146.018s][info][gc,marking  ] GC(274) Mark: 2 stripe(s), 2 proactive flush(es), 1 terminate flush(es), 0 completion(s), 0 continuation(s) 
[146.018s][info][gc,marking  ] GC(274) Mark Stack Usage: 32M
[146.018s][info][gc,nmethod  ] GC(274) NMethods: 15190 registered, 2270 unregistered
[146.018s][info][gc,metaspace] GC(274) Metaspace: 100M used, 100M committed, 1152M reserved
[146.018s][info][gc,ref      ] GC(274) Soft: 4314 encountered, 0 discovered, 0 enqueued
[146.018s][info][gc,ref      ] GC(274) Weak: 7439 encountered, 6143 discovered, 0 enqueued
[146.018s][info][gc,ref      ] GC(274) Final: 1 encountered, 1 discovered, 0 enqueued
[146.018s][info][gc,ref      ] GC(274) Phantom: 773 encountered, 556 discovered, 0 enqueued
[146.018s][info][gc,reloc    ] GC(274) Small Pages: 527 / 1054M, Empty: 416M, Relocated: 3M, In-Place: 0
[146.018s][info][gc,reloc    ] GC(274) Medium Pages: 2 / 64M, Empty: 0M, Relocated: 3M, In-Place: 0
[146.018s][info][gc,reloc    ] GC(274) Large Pages: 7 / 62M, Empty: 0M, Relocated: 0M, In-Place: 0
[146.018s][info][gc,reloc    ] GC(274) Forwarding Usage: 1M
[146.018s][info][gc,heap     ] GC(274) Min Capacity: 2048M(100%)
[146.018s][info][gc,heap     ] GC(274) Max Capacity: 2048M(100%)
[146.018s][info][gc,heap     ] GC(274) Soft Max Capacity: 2048M(100%)
[146.018s][info][gc,heap     ] GC(274)                Mark Start          Mark End        Relocate Start      Relocate End           High               Low         
[146.018s][info][gc,heap     ] GC(274)  Capacity:     2048M (100%)       2048M (100%)       2048M (100%)       2048M (100%)       2048M (100%)       2048M (100%)   
[146.018s][info][gc,heap     ] GC(274)      Free:      868M (42%)         664M (32%)        1064M (52%)        1656M (81%)        1656M (81%)         652M (32%)    
[146.018s][info][gc,heap     ] GC(274)      Used:     1180M (58%)        1384M (68%)         984M (48%)         392M (19%)        1396M (68%)         392M (19%)    
[146.018s][info][gc,heap     ] GC(274)      Live:         -               134M (7%)          134M (7%)          134M (7%)             -                  -          
[146.018s][info][gc,heap     ] GC(274) Allocated:         -               204M (10%)         220M (11%)         220M (11%)            -                  -          
[146.018s][info][gc,heap     ] GC(274)   Garbage:         -              1045M (51%)         629M (31%)          37M (2%)             -                  -          
[146.018s][info][gc,heap     ] GC(274) Reclaimed:         -                  -               416M (20%)        1008M (49%)            -                  -          
[146.018s][info][gc          ] GC(274) Garbage Collection (Allocation Rate) 1180M(58%)->392M(19%)
[146.018s][info][gc,start    ] GC(275) Garbage Collection (System.gc())
[146.018s][info][gc,task     ] GC(275) Using 2 workers
[146.018s][info][gc,phases   ] GC(275) Pause Mark Start 0.004ms
[146.077s][info][gc,phases   ] GC(275) Concurrent Mark 58.852ms
[146.077s][info][gc,phases   ] GC(275) Pause Mark End 0.020ms
[146.077s][info][gc,phases   ] GC(275) Concurrent Mark Free 0.002ms
[146.090s][info][gc,phases   ] GC(275) Concurrent Process Non-Strong References 12.965ms
[146.090s][info][gc,phases   ] GC(275) Concurrent Reset Relocation Set 0.018ms
[146.092s][info][gc,phases   ] GC(275) Concurrent Select Relocation Set 1.224ms
[146.092s][info][gc,phases   ] GC(275) Pause Relocate Start 0.010ms
[146.092s][info][gc,phases   ] GC(275) Concurrent Relocate 0.646ms
[146.093s][info][gc,load     ] GC(275) Load: 0.00/0.00/0.00
[146.093s][info][gc,mmu      ] GC(275) MMU: 2ms/94.3%, 5ms/97.7%, 10ms/98.9%, 20ms/99.4%, 50ms/99.7%, 100ms/99.8%
[146.093s][info][gc,marking  ] GC(275) Mark: 2 stripe(s), 2 proactive flush(es), 1 terminate flush(es), 0 completion(s), 0 continuation(s) 
[146.093s][info][gc,marking  ] GC(275) Mark Stack Usage: 32M
[146.093s][info][gc,nmethod  ] GC(275) NMethods: 15190 registered, 2270 unregistered
[146.093s][info][gc,metaspace] GC(275) Metaspace: 100M used, 100M committed, 1152M reserved
[146.093s][info][gc,ref      ] GC(275) Soft: 4314 encountered, 0 discovered, 0 enqueued
[146.093s][info][gc,ref      ] GC(275) Weak: 7439 encountered, 6176 discovered, 3 enqueued
[146.093s][info][gc,ref      ] GC(275) Final: 1 encountered, 1 discovered, 0 enqueued
[146.093s][info][gc,ref      ] GC(275) Phantom: 773 encountered, 525 discovered, 0 enqueued
[146.093s][info][gc,reloc    ] GC(275) Small Pages: 149 / 298M, Empty: 230M, Relocated: 1M, In-Place: 0
[146.093s][info][gc,reloc    ] GC(275) Medium Pages: 1 / 32M, Empty: 0M, Relocated: 0M, In-Place: 0
[146.093s][info][gc,reloc    ] GC(275) Large Pages: 7 / 62M, Empty: 0M, Relocated: 0M, In-Place: 0
[146.093s][info][gc,reloc    ] GC(275) Forwarding Usage: 0M
[146.093s][info][gc,heap     ] GC(275) Min Capacity: 2048M(100%)
[146.093s][info][gc,heap     ] GC(275) Max Capacity: 2048M(100%)
[146.093s][info][gc,heap     ] GC(275) Soft Max Capacity: 2048M(100%)
[146.093s][info][gc,heap     ] GC(275)                Mark Start          Mark End        Relocate Start      Relocate End           High               Low         
[146.093s][info][gc,heap     ] GC(275)  Capacity:     2048M (100%)       2048M (100%)       2048M (100%)       2048M (100%)       2048M (100%)       2048M (100%)   
[146.093s][info][gc,heap     ] GC(275)      Free:     1656M (81%)        1650M (81%)        1880M (92%)        1896M (93%)        1896M (93%)        1650M (81%)    
[146.093s][info][gc,heap     ] GC(275)      Used:      392M (19%)         398M (19%)         168M (8%)          152M (7%)          398M (19%)         152M (7%)     
[146.093s][info][gc,heap     ] GC(275)      Live:         -               106M (5%)          106M (5%)          106M (5%)             -                  -          
[146.093s][info][gc,heap     ] GC(275) Allocated:         -                 6M (0%)            6M (0%)            6M (0%)             -                  -          
[146.093s][info][gc,heap     ] GC(275)   Garbage:         -               285M (14%)          55M (3%)           39M (2%)             -                  -          
[146.093s][info][gc,heap     ] GC(275) Reclaimed:         -                  -               230M (11%)         246M (12%)            -                  -          
[146.093s][info][gc          ] GC(275) Garbage Collection (System.gc()) 392M(19%)->152M(7%)
[146.601s][info][gc,start    ] GC(276) Garbage Collection (Allocation Rate)
[146.601s][info][gc,task     ] GC(276) Using 1 workers
[146.601s][info][gc,phases   ] GC(276) Pause Mark Start 0.011ms
[146.662s][info][gc,phases   ] GC(276) Concurrent Mark 60.741ms
[146.662s][info][gc,phases   ] GC(276) Pause Mark End 0.019ms
[146.662s][info][gc,phases   ] GC(276) Concurrent Mark Free 0.001ms
[146.688s][info][gc,phases   ] GC(276) Concurrent Process Non-Strong References 25.592ms
[146.688s][info][gc,phases   ] GC(276) Concurrent Reset Relocation Set 0.002ms
[146.690s][info][gc,phases   ] GC(276) Concurrent Select Relocation Set 2.194ms
[146.690s][info][gc,phases   ] GC(276) Pause Relocate Start 0.012ms
[146.693s][info][gc,phases   ] GC(276) Concurrent Relocate 3.024ms
[146.693s][info][gc,load     ] GC(276) Load: 0.00/0.00/0.00
[146.693s][info][gc,mmu      ] GC(276) MMU: 2ms/94.3%, 5ms/97.7%, 10ms/98.9%, 20ms/99.4%, 50ms/99.7%, 100ms/99.8%
[146.693s][info][gc,marking  ] GC(276) Mark: 1 stripe(s), 2 proactive flush(es), 1 terminate flush(es), 0 completion(s), 0 continuation(s) 
[146.693s][info][gc,marking  ] GC(276) Mark Stack Usage: 32M
[146.693s][info][gc,nmethod  ] GC(276) NMethods: 15192 registered, 2270 unregistered
[146.693s][info][gc,metaspace] GC(276) Metaspace: 100M used, 100M committed, 1152M reserved
[146.694s][info][gc,ref      ] GC(276) Soft: 4314 encountered, 0 discovered, 0 enqueued
[146.694s][info][gc,ref      ] GC(276) Weak: 7446 encountered, 6248 discovered, 3 enqueued
[146.694s][info][gc,ref      ] GC(276) Final: 1 encountered, 0 discovered, 0 enqueued
[146.694s][info][gc,ref      ] GC(276) Phantom: 773 encountered, 395 discovered, 0 enqueued
[146.694s][info][gc,reloc    ] GC(276) Small Pages: 463 / 926M, Empty: 644M, Relocated: 1M, In-Place: 0
[146.694s][info][gc,reloc    ] GC(276) Medium Pages: 2 / 64M, Empty: 32M, Relocated: 0M, In-Place: 0
[146.694s][info][gc,reloc    ] GC(276) Large Pages: 7 / 62M, Empty: 0M, Relocated: 0M, In-Place: 0
[146.694s][info][gc,reloc    ] GC(276) Forwarding Usage: 0M
[146.694s][info][gc,heap     ] GC(276) Min Capacity: 2048M(100%)
[146.694s][info][gc,heap     ] GC(276) Max Capacity: 2048M(100%)
[146.694s][info][gc,heap     ] GC(276) Soft Max Capacity: 2048M(100%)
[146.694s][info][gc,heap     ] GC(276)                Mark Start          Mark End        Relocate Start      Relocate End           High               Low         
[146.694s][info][gc,heap     ] GC(276)  Capacity:     2048M (100%)       2048M (100%)       2048M (100%)       2048M (100%)       2048M (100%)       2048M (100%)   
[146.694s][info][gc,heap     ] GC(276)      Free:      996M (49%)         862M (42%)        1478M (72%)        1706M (83%)        1706M (83%)         806M (39%)    
[146.694s][info][gc,heap     ] GC(276)      Used:     1052M (51%)        1186M (58%)         570M (28%)         342M (17%)        1242M (61%)         342M (17%)    
[146.694s][info][gc,heap     ] GC(276)      Live:         -               106M (5%)          106M (5%)          106M (5%)             -                  -          
[146.694s][info][gc,heap     ] GC(276) Allocated:         -               134M (7%)          194M (9%)          197M (10%)            -                  -          
[146.694s][info][gc,heap     ] GC(276)   Garbage:         -               945M (46%)         269M (13%)          37M (2%)             -                  -          
[146.694s][info][gc,heap     ] GC(276) Reclaimed:         -                  -               676M (33%)         907M (44%)            -                  -          
[146.694s][info][gc          ] GC(276) Garbage Collection (Allocation Rate) 1052M(51%)->342M(17%)
[147.106s][info][gc,start    ] GC(277) Garbage Collection (Allocation Rate)
[147.107s][info][gc,task     ] GC(277) Using 1 workers
[147.107s][info][gc,phases   ] GC(277) Pause Mark Start 0.005ms
[147.231s][info][gc,phases   ] GC(277) Concurrent Mark 124.184ms
[147.231s][info][gc,phases   ] GC(277) Pause Mark End 0.014ms
[147.231s][info][gc,phases   ] GC(277) Concurrent Mark Free 0.001ms
[147.258s][info][gc,phases   ] GC(277) Concurrent Process Non-Strong References 26.201ms
[147.258s][info][gc,phases   ] GC(277) Concurrent Reset Relocation Set 0.010ms
[147.264s][info][gc,phases   ] GC(277) Concurrent Select Relocation Set 6.475ms
[147.265s][info][gc,phases   ] GC(277) Pause Relocate Start 0.016ms
[147.304s][info][gc,phases   ] GC(277) Concurrent Relocate 39.304ms
[147.304s][info][gc,load     ] GC(277) Load: 0.00/0.00/0.00
[147.304s][info][gc,mmu      ] GC(277) MMU: 2ms/94.3%, 5ms/97.7%, 10ms/98.9%, 20ms/99.4%, 50ms/99.7%, 100ms/99.8%
[147.304s][info][gc,marking  ] GC(277) Mark: 1 stripe(s), 2 proactive flush(es), 1 terminate flush(es), 0 completion(s), 0 continuation(s) 
[147.304s][info][gc,marking  ] GC(277) Mark Stack Usage: 32M
[147.304s][info][gc,nmethod  ] GC(277) NMethods: 15192 registered, 2270 unregistered
[147.304s][info][gc,metaspace] GC(277) Metaspace: 100M used, 100M committed, 1152M reserved
[147.304s][info][gc,ref      ] GC(277) Soft: 4314 encountered, 0 discovered, 0 enqueued
[147.304s][info][gc,ref      ] GC(277) Weak: 7446 encountered, 6251 discovered, 6 enqueued
[147.304s][info][gc,ref      ] GC(277) Final: 1 encountered, 0 discovered, 0 enqueued
[147.304s][info][gc,ref      ] GC(277) Phantom: 773 encountered, 395 discovered, 0 enqueued
[147.304s][info][gc,reloc    ] GC(277) Small Pages: 589 / 1178M, Empty: 338M, Relocated: 25M, In-Place: 0
[147.304s][info][gc,reloc    ] GC(277) Medium Pages: 2 / 64M, Empty: 0M, Relocated: 3M, In-Place: 0
[147.304s][info][gc,reloc    ] GC(277) Large Pages: 7 / 62M, Empty: 0M, Relocated: 0M, In-Place: 0
[147.304s][info][gc,reloc    ] GC(277) Forwarding Usage: 16M
[147.304s][info][gc,heap     ] GC(277) Min Capacity: 2048M(100%)
[147.304s][info][gc,heap     ] GC(277) Max Capacity: 2048M(100%)
[147.304s][info][gc,heap     ] GC(277) Soft Max Capacity: 2048M(100%)
[147.304s][info][gc,heap     ] GC(277)                Mark Start          Mark End        Relocate Start      Relocate End           High               Low         
[147.304s][info][gc,heap     ] GC(277)  Capacity:     2048M (100%)       2048M (100%)       2048M (100%)       2048M (100%)       2048M (100%)       2048M (100%)   
[147.304s][info][gc,heap     ] GC(277)      Free:      744M (36%)         442M (22%)         692M (34%)        1372M (67%)        1372M (67%)         372M (18%)    
[147.304s][info][gc,heap     ] GC(277)      Used:     1304M (64%)        1606M (78%)        1356M (66%)         676M (33%)        1676M (82%)         676M (33%)    
[147.304s][info][gc,heap     ] GC(277)      Live:         -               134M (7%)          134M (7%)          134M (7%)             -                  -          
[147.304s][info][gc,heap     ] GC(277) Allocated:         -               302M (15%)         390M (19%)         502M (25%)            -                  -          
[147.304s][info][gc,heap     ] GC(277)   Garbage:         -              1169M (57%)         831M (41%)          38M (2%)             -                  -          
[147.304s][info][gc,heap     ] GC(277) Reclaimed:         -                  -               338M (17%)        1130M (55%)            -                  -          
[147.304s][info][gc          ] GC(277) Garbage Collection (Allocation Rate) 1304M(64%)->676M(33%)
[147.504s][info][gc,start    ] GC(278) Garbage Collection (Allocation Rate)
[147.504s][info][gc,task     ] GC(278) Using 2 workers
[147.504s][info][gc,phases   ] GC(278) Pause Mark Start 0.012ms
[147.583s][info][gc,phases   ] GC(278) Concurrent Mark 79.072ms
[147.583s][info][gc,phases   ] GC(278) Pause Mark End 0.017ms
[147.584s][info][gc,phases   ] GC(278) Concurrent Mark Free 0.001ms
[147.597s][info][gc,phases   ] GC(278) Concurrent Process Non-Strong References 13.150ms
[147.597s][info][gc,phases   ] GC(278) Concurrent Reset Relocation Set 0.026ms
[147.599s][info][gc,phases   ] GC(278) Concurrent Select Relocation Set 2.612ms
[147.600s][info][gc,phases   ] GC(278) Pause Relocate Start 0.007ms
[147.602s][info][gc,phases   ] GC(278) Concurrent Relocate 2.127ms
[147.602s][info][gc,load     ] GC(278) Load: 0.00/0.00/0.00
[147.602s][info][gc,mmu      ] GC(278) MMU: 2ms/94.3%, 5ms/97.7%, 10ms/98.9%, 20ms/99.4%, 50ms/99.7%, 100ms/99.8%
[147.602s][info][gc,marking  ] GC(278) Mark: 2 stripe(s), 2 proactive flush(es), 1 terminate flush(es), 0 completion(s), 0 continuation(s) 
[147.602s][info][gc,marking  ] GC(278) Mark Stack Usage: 32M
[147.602s][info][gc,nmethod  ] GC(278) NMethods: 15192 registered, 2270 unregistered
[147.602s][info][gc,metaspace] GC(278) Metaspace: 100M used, 100M committed, 1152M reserved
[147.602s][info][gc,ref      ] GC(278) Soft: 4314 encountered, 0 discovered, 0 enqueued
[147.602s][info][gc,ref      ] GC(278) Weak: 7440 encountered, 116 discovered, 0 enqueued
[147.602s][info][gc,ref      ] GC(278) Final: 1 encountered, 0 discovered, 0 enqueued
[147.602s][info][gc,ref      ] GC(278) Phantom: 773 encountered, 635 discovered, 0 enqueued
[147.602s][info][gc,reloc    ] GC(278) Small Pages: 530 / 1060M, Empty: 422M, Relocated: 2M, In-Place: 0
[147.602s][info][gc,reloc    ] GC(278) Medium Pages: 2 / 64M, Empty: 0M, Relocated: 3M, In-Place: 0
[147.602s][info][gc,reloc    ] GC(278) Large Pages: 7 / 62M, Empty: 0M, Relocated: 0M, In-Place: 0
[147.602s][info][gc,reloc    ] GC(278) Forwarding Usage: 1M
[147.602s][info][gc,heap     ] GC(278) Min Capacity: 2048M(100%)
[147.602s][info][gc,heap     ] GC(278) Max Capacity: 2048M(100%)
[147.602s][info][gc,heap     ] GC(278) Soft Max Capacity: 2048M(100%)
[147.602s][info][gc,heap     ] GC(278)                Mark Start          Mark End        Relocate Start      Relocate End           High               Low         
[147.602s][info][gc,heap     ] GC(278)  Capacity:     2048M (100%)       2048M (100%)       2048M (100%)       2048M (100%)       2048M (100%)       2048M (100%)   
[147.602s][info][gc,heap     ] GC(278)      Free:      862M (42%)         674M (33%)        1072M (52%)        1664M (81%)        1664M (81%)         654M (32%)    
[147.602s][info][gc,heap     ] GC(278)      Used:     1186M (58%)        1374M (67%)         976M (48%)         384M (19%)        1394M (68%)         384M (19%)    
[147.602s][info][gc,heap     ] GC(278)      Live:         -               134M (7%)          134M (7%)          134M (7%)             -                  -          
[147.602s][info][gc,heap     ] GC(278) Allocated:         -               188M (9%)          212M (10%)         211M (10%)            -                  -          
[147.602s][info][gc,heap     ] GC(278)   Garbage:         -              1051M (51%)         629M (31%)          37M (2%)             -                  -          
[147.602s][info][gc,heap     ] GC(278) Reclaimed:         -                  -               422M (21%)        1013M (50%)            -                  -          
[147.602s][info][gc          ] GC(278) Garbage Collection (Allocation Rate) 1186M(58%)->384M(19%)
[147.612s][info][gc,start    ] GC(279) Garbage Collection (System.gc())
[147.612s][info][gc,task     ] GC(279) Using 2 workers
[147.612s][info][gc,phases   ] GC(279) Pause Mark Start 0.005ms
[147.663s][info][gc,phases   ] GC(279) Concurrent Mark 50.699ms
[147.663s][info][gc,phases   ] GC(279) Pause Mark End 0.023ms
[147.663s][info][gc,phases   ] GC(279) Concurrent Mark Free 0.002ms
[147.676s][info][gc,phases   ] GC(279) Concurrent Process Non-Strong References 13.420ms
[147.677s][info][gc,phases   ] GC(279) Concurrent Reset Relocation Set 0.018ms
[147.678s][info][gc,phases   ] GC(279) Concurrent Select Relocation Set 1.195ms
[147.678s][info][gc,phases   ] GC(279) Pause Relocate Start 0.010ms
[147.679s][info][gc,phases   ] GC(279) Concurrent Relocate 0.902ms
[147.679s][info][gc,load     ] GC(279) Load: 0.00/0.00/0.00
[147.679s][info][gc,mmu      ] GC(279) MMU: 2ms/94.3%, 5ms/97.7%, 10ms/98.9%, 20ms/99.4%, 50ms/99.7%, 100ms/99.8%
[147.679s][info][gc,marking  ] GC(279) Mark: 2 stripe(s), 2 proactive flush(es), 1 terminate flush(es), 0 completion(s), 0 continuation(s) 
[147.679s][info][gc,marking  ] GC(279) Mark Stack Usage: 32M
[147.679s][info][gc,nmethod  ] GC(279) NMethods: 15192 registered, 2270 unregistered
[147.679s][info][gc,metaspace] GC(279) Metaspace: 100M used, 100M committed, 1152M reserved
[147.679s][info][gc,ref      ] GC(279) Soft: 4314 encountered, 0 discovered, 0 enqueued
[147.679s][info][gc,ref      ] GC(279) Weak: 7439 encountered, 6121 discovered, 3 enqueued
[147.679s][info][gc,ref      ] GC(279) Final: 1 encountered, 1 discovered, 0 enqueued
[147.679s][info][gc,ref      ] GC(279) Phantom: 773 encountered, 558 discovered, 0 enqueued
[147.679s][info][gc,reloc    ] GC(279) Small Pages: 148 / 296M, Empty: 226M, Relocated: 1M, In-Place: 0
[147.679s][info][gc,reloc    ] GC(279) Medium Pages: 1 / 32M, Empty: 0M, Relocated: 0M, In-Place: 0
[147.679s][info][gc,reloc    ] GC(279) Large Pages: 7 / 62M, Empty: 0M, Relocated: 0M, In-Place: 0
[147.679s][info][gc,reloc    ] GC(279) Forwarding Usage: 0M
[147.679s][info][gc,heap     ] GC(279) Min Capacity: 2048M(100%)
[147.679s][info][gc,heap     ] GC(279) Max Capacity: 2048M(100%)
[147.679s][info][gc,heap     ] GC(279) Soft Max Capacity: 2048M(100%)
[147.679s][info][gc,heap     ] GC(279)                Mark Start          Mark End        Relocate Start      Relocate End           High               Low         
[147.679s][info][gc,heap     ] GC(279)  Capacity:     2048M (100%)       2048M (100%)       2048M (100%)       2048M (100%)       2048M (100%)       2048M (100%)   
[147.679s][info][gc,heap     ] GC(279)      Free:     1658M (81%)        1658M (81%)        1884M (92%)        1902M (93%)        1902M (93%)        1658M (81%)    
[147.679s][info][gc,heap     ] GC(279)      Used:      390M (19%)         390M (19%)         164M (8%)          146M (7%)          390M (19%)         146M (7%)     
[147.679s][info][gc,heap     ] GC(279)      Live:         -               106M (5%)          106M (5%)          106M (5%)             -                  -          
[147.679s][info][gc,heap     ] GC(279) Allocated:         -                 0M (0%)            0M (0%)            0M (0%)             -                  -          
[147.679s][info][gc,heap     ] GC(279)   Garbage:         -               283M (14%)          57M (3%)           39M (2%)             -                  -          
[147.679s][info][gc,heap     ] GC(279) Reclaimed:         -                  -               226M (11%)         244M (12%)            -                  -          
[147.679s][info][gc          ] GC(279) Garbage Collection (System.gc()) 390M(19%)->146M(7%)
[148.199s][info][gc,start    ] GC(280) Garbage Collection (Allocation Rate)
[148.199s][info][gc,task     ] GC(280) Using 1 workers
[148.199s][info][gc,phases   ] GC(280) Pause Mark Start 0.007ms
[148.262s][info][gc,phases   ] GC(280) Concurrent Mark 62.218ms
[148.262s][info][gc,phases   ] GC(280) Pause Mark End 0.017ms
[148.262s][info][gc,phases   ] GC(280) Concurrent Mark Free 0.001ms
[148.288s][info][gc,phases   ] GC(280) Concurrent Process Non-Strong References 25.898ms
[148.288s][info][gc,phases   ] GC(280) Concurrent Reset Relocation Set 0.002ms
[148.290s][info][gc,phases   ] GC(280) Concurrent Select Relocation Set 2.344ms
[148.290s][info][gc,phases   ] GC(280) Pause Relocate Start 0.012ms
[148.295s][info][gc,phases   ] GC(280) Concurrent Relocate 4.531ms
[148.295s][info][gc,load     ] GC(280) Load: 0.00/0.00/0.00
[148.295s][info][gc,mmu      ] GC(280) MMU: 2ms/94.3%, 5ms/97.7%, 10ms/98.9%, 20ms/99.4%, 50ms/99.7%, 100ms/99.8%
[148.295s][info][gc,marking  ] GC(280) Mark: 1 stripe(s), 2 proactive flush(es), 1 terminate flush(es), 0 completion(s), 0 continuation(s) 
[148.295s][info][gc,marking  ] GC(280) Mark Stack Usage: 32M
[148.295s][info][gc,nmethod  ] GC(280) NMethods: 15203 registered, 2270 unregistered
[148.295s][info][gc,metaspace] GC(280) Metaspace: 100M used, 101M committed, 1152M reserved
[148.295s][info][gc,ref      ] GC(280) Soft: 4314 encountered, 0 discovered, 0 enqueued
[148.295s][info][gc,ref      ] GC(280) Weak: 7446 encountered, 6248 discovered, 3 enqueued
[148.295s][info][gc,ref      ] GC(280) Final: 1 encountered, 0 discovered, 0 enqueued
[148.295s][info][gc,ref      ] GC(280) Phantom: 773 encountered, 395 discovered, 0 enqueued
[148.295s][info][gc,reloc    ] GC(280) Small Pages: 479 / 958M, Empty: 638M, Relocated: 3M, In-Place: 0
[148.295s][info][gc,reloc    ] GC(280) Medium Pages: 2 / 64M, Empty: 32M, Relocated: 0M, In-Place: 0
[148.295s][info][gc,reloc    ] GC(280) Large Pages: 7 / 62M, Empty: 0M, Relocated: 0M, In-Place: 0
[148.295s][info][gc,reloc    ] GC(280) Forwarding Usage: 1M
[148.295s][info][gc,heap     ] GC(280) Min Capacity: 2048M(100%)
[148.295s][info][gc,heap     ] GC(280) Max Capacity: 2048M(100%)
[148.295s][info][gc,heap     ] GC(280) Soft Max Capacity: 2048M(100%)
[148.295s][info][gc,heap     ] GC(280)                Mark Start          Mark End        Relocate Start      Relocate End           High               Low         
[148.295s][info][gc,heap     ] GC(280)  Capacity:     2048M (100%)       2048M (100%)       2048M (100%)       2048M (100%)       2048M (100%)       2048M (100%)   
[148.295s][info][gc,heap     ] GC(280)      Free:      964M (47%)         828M (40%)        1436M (70%)        1698M (83%)        1702M (83%)         770M (38%)    
[148.295s][info][gc,heap     ] GC(280)      Used:     1084M (53%)        1220M (60%)         612M (30%)         350M (17%)        1278M (62%)         346M (17%)    
[148.295s][info][gc,heap     ] GC(280)      Live:         -               106M (5%)          106M (5%)          106M (5%)             -                  -          
[148.295s][info][gc,heap     ] GC(280) Allocated:         -               136M (7%)          198M (10%)         205M (10%)            -                  -          
[148.295s][info][gc,heap     ] GC(280)   Garbage:         -               977M (48%)         307M (15%)          37M (2%)             -                  -          
[148.295s][info][gc,heap     ] GC(280) Reclaimed:         -                  -               670M (33%)         939M (46%)            -                  -          
[148.295s][info][gc          ] GC(280) Garbage Collection (Allocation Rate) 1084M(53%)->350M(17%)
[148.706s][info][gc,start    ] GC(281) Garbage Collection (Allocation Rate)
[148.706s][info][gc,task     ] GC(281) Using 1 workers
[148.706s][info][gc,phases   ] GC(281) Pause Mark Start 0.009ms
[148.834s][info][gc,phases   ] GC(281) Concurrent Mark 127.515ms
[148.834s][info][gc,phases   ] GC(281) Pause Mark End 0.013ms
[148.834s][info][gc,phases   ] GC(281) Concurrent Mark Free 0.001ms
[148.861s][info][gc,phases   ] GC(281) Concurrent Process Non-Strong References 27.046ms
[148.861s][info][gc,phases   ] GC(281) Concurrent Reset Relocation Set 0.009ms
[148.867s][info][gc,phases   ] GC(281) Concurrent Select Relocation Set 6.189ms
[148.867s][info][gc,phases   ] GC(281) Pause Relocate Start 0.010ms
[148.907s][info][gc,phases   ] GC(281) Concurrent Relocate 39.382ms
[148.907s][info][gc,load     ] GC(281) Load: 0.00/0.00/0.00
[148.907s][info][gc,mmu      ] GC(281) MMU: 2ms/94.3%, 5ms/97.7%, 10ms/98.9%, 20ms/99.4%, 50ms/99.7%, 100ms/99.8%
[148.907s][info][gc,marking  ] GC(281) Mark: 1 stripe(s), 2 proactive flush(es), 1 terminate flush(es), 0 completion(s), 0 continuation(s) 
[148.907s][info][gc,marking  ] GC(281) Mark Stack Usage: 32M
[148.907s][info][gc,nmethod  ] GC(281) NMethods: 15212 registered, 2270 unregistered
[148.907s][info][gc,metaspace] GC(281) Metaspace: 100M used, 101M committed, 1152M reserved
[148.907s][info][gc,ref      ] GC(281) Soft: 4314 encountered, 0 discovered, 0 enqueued
[148.907s][info][gc,ref      ] GC(281) Weak: 7446 encountered, 6251 discovered, 6 enqueued
[148.907s][info][gc,ref      ] GC(281) Final: 1 encountered, 0 discovered, 0 enqueued
[148.907s][info][gc,ref      ] GC(281) Phantom: 773 encountered, 395 discovered, 0 enqueued
[148.907s][info][gc,reloc    ] GC(281) Small Pages: 594 / 1188M, Empty: 320M, Relocated: 25M, In-Place: 0
[148.907s][info][gc,reloc    ] GC(281) Medium Pages: 2 / 64M, Empty: 0M, Relocated: 3M, In-Place: 0
[148.907s][info][gc,reloc    ] GC(281) Large Pages: 7 / 62M, Empty: 0M, Relocated: 0M, In-Place: 0
[148.907s][info][gc,reloc    ] GC(281) Forwarding Usage: 16M
[148.907s][info][gc,heap     ] GC(281) Min Capacity: 2048M(100%)
[148.907s][info][gc,heap     ] GC(281) Max Capacity: 2048M(100%)
[148.907s][info][gc,heap     ] GC(281) Soft Max Capacity: 2048M(100%)
[148.907s][info][gc,heap     ] GC(281)                Mark Start          Mark End        Relocate Start      Relocate End           High               Low         
[148.907s][info][gc,heap     ] GC(281)  Capacity:     2048M (100%)       2048M (100%)       2048M (100%)       2048M (100%)       2048M (100%)       2048M (100%)   
[148.907s][info][gc,heap     ] GC(281)      Free:      734M (36%)         410M (20%)         646M (32%)        1354M (66%)        1354M (66%)         340M (17%)    
[148.907s][info][gc,heap     ] GC(281)      Used:     1314M (64%)        1638M (80%)        1402M (68%)         694M (34%)        1708M (83%)         694M (34%)    
[148.907s][info][gc,heap     ] GC(281)      Live:         -               134M (7%)          134M (7%)          134M (7%)             -                  -          
[148.907s][info][gc,heap     ] GC(281) Allocated:         -               324M (16%)         408M (20%)         520M (25%)            -                  -          
[148.907s][info][gc,heap     ] GC(281)   Garbage:         -              1179M (58%)         859M (42%)          38M (2%)             -                  -          
[148.907s][info][gc,heap     ] GC(281) Reclaimed:         -                  -               320M (16%)        1140M (56%)            -                  -          
[148.907s][info][gc          ] GC(281) Garbage Collection (Allocation Rate) 1314M(64%)->694M(34%)
[149.005s][info][gc,start    ] GC(282) Garbage Collection (Allocation Rate)
[149.006s][info][gc,task     ] GC(282) Using 1 workers
[149.006s][info][gc,phases   ] GC(282) Pause Mark Start 0.008ms
[149.137s][info][gc,phases   ] GC(282) Concurrent Mark 130.697ms
[149.137s][info][gc,phases   ] GC(282) Pause Mark End 0.012ms
[149.137s][info][gc,phases   ] GC(282) Concurrent Mark Free 0.002ms
[149.163s][info][gc,phases   ] GC(282) Concurrent Process Non-Strong References 26.303ms
[149.163s][info][gc,phases   ] GC(282) Concurrent Reset Relocation Set 0.029ms
[149.167s][info][gc,phases   ] GC(282) Concurrent Select Relocation Set 3.275ms
[149.167s][info][gc,phases   ] GC(282) Pause Relocate Start 0.010ms
[149.170s][info][gc,phases   ] GC(282) Concurrent Relocate 3.304ms
[149.170s][info][gc,load     ] GC(282) Load: 0.00/0.00/0.00
[149.170s][info][gc,mmu      ] GC(282) MMU: 2ms/94.3%, 5ms/97.7%, 10ms/98.9%, 20ms/99.4%, 50ms/99.7%, 100ms/99.8%
[149.170s][info][gc,marking  ] GC(282) Mark: 1 stripe(s), 2 proactive flush(es), 1 terminate flush(es), 0 completion(s), 0 continuation(s) 
[149.170s][info][gc,marking  ] GC(282) Mark Stack Usage: 32M
[149.170s][info][gc,nmethod  ] GC(282) NMethods: 15220 registered, 2270 unregistered
[149.170s][info][gc,metaspace] GC(282) Metaspace: 100M used, 101M committed, 1152M reserved
[149.170s][info][gc,ref      ] GC(282) Soft: 4314 encountered, 0 discovered, 0 enqueued
[149.170s][info][gc,ref      ] GC(282) Weak: 7440 encountered, 453 discovered, 0 enqueued
[149.170s][info][gc,ref      ] GC(282) Final: 1 encountered, 0 discovered, 0 enqueued
[149.170s][info][gc,ref      ] GC(282) Phantom: 773 encountered, 403 discovered, 0 enqueued
[149.170s][info][gc,reloc    ] GC(282) Small Pages: 405 / 810M, Empty: 298M, Relocated: 2M, In-Place: 0
[149.170s][info][gc,reloc    ] GC(282) Medium Pages: 2 / 64M, Empty: 0M, Relocated: 3M, In-Place: 0
[149.170s][info][gc,reloc    ] GC(282) Large Pages: 7 / 62M, Empty: 0M, Relocated: 0M, In-Place: 0
[149.170s][info][gc,reloc    ] GC(282) Forwarding Usage: 1M
[149.170s][info][gc,heap     ] GC(282) Min Capacity: 2048M(100%)
[149.170s][info][gc,heap     ] GC(282) Max Capacity: 2048M(100%)
[149.170s][info][gc,heap     ] GC(282) Soft Max Capacity: 2048M(100%)
[149.170s][info][gc,heap     ] GC(282)                Mark Start          Mark End        Relocate Start      Relocate End           High               Low         
[149.170s][info][gc,heap     ] GC(282)  Capacity:     2048M (100%)       2048M (100%)       2048M (100%)       2048M (100%)       2048M (100%)       2048M (100%)   
[149.170s][info][gc,heap     ] GC(282)      Free:     1112M (54%)         770M (38%)        1012M (49%)        1440M (70%)        1442M (70%)         720M (35%)    
[149.170s][info][gc,heap     ] GC(282)      Used:      936M (46%)        1278M (62%)        1036M (51%)         608M (30%)        1328M (65%)         606M (30%)    
[149.170s][info][gc,heap     ] GC(282)      Live:         -               134M (7%)          134M (7%)          134M (7%)             -                  -          
[149.171s][info][gc,heap     ] GC(282) Allocated:         -               342M (17%)         398M (19%)         435M (21%)            -                  -          
[149.171s][info][gc,heap     ] GC(282)   Garbage:         -               801M (39%)         503M (25%)          37M (2%)             -                  -          
[149.171s][info][gc,heap     ] GC(282) Reclaimed:         -                  -               298M (15%)         763M (37%)            -                  -          
[149.171s][info][gc          ] GC(282) Garbage Collection (Allocation Rate) 936M(46%)->608M(30%)
[149.189s][info][gc,start    ] GC(283) Garbage Collection (System.gc())
[149.189s][info][gc,task     ] GC(283) Using 2 workers
[149.189s][info][gc,phases   ] GC(283) Pause Mark Start 0.005ms
[149.241s][info][gc,phases   ] GC(283) Concurrent Mark 51.845ms
[149.241s][info][gc,phases   ] GC(283) Pause Mark End 0.021ms
[149.241s][info][gc,phases   ] GC(283) Concurrent Mark Free 0.002ms
[149.254s][info][gc,phases   ] GC(283) Concurrent Process Non-Strong References 12.752ms
[149.254s][info][gc,phases   ] GC(283) Concurrent Reset Relocation Set 0.015ms
[149.256s][info][gc,phases   ] GC(283) Concurrent Select Relocation Set 1.383ms
[149.256s][info][gc,phases   ] GC(283) Pause Relocate Start 0.009ms
[149.257s][info][gc,phases   ] GC(283) Concurrent Relocate 0.705ms
[149.257s][info][gc,load     ] GC(283) Load: 0.00/0.00/0.00
[149.257s][info][gc,mmu      ] GC(283) MMU: 2ms/94.3%, 5ms/97.7%, 10ms/98.9%, 20ms/99.4%, 50ms/99.7%, 100ms/99.8%
[149.257s][info][gc,marking  ] GC(283) Mark: 2 stripe(s), 2 proactive flush(es), 1 terminate flush(es), 0 completion(s), 0 continuation(s) 
[149.257s][info][gc,marking  ] GC(283) Mark Stack Usage: 32M
[149.257s][info][gc,nmethod  ] GC(283) NMethods: 15224 registered, 2270 unregistered
[149.257s][info][gc,metaspace] GC(283) Metaspace: 100M used, 101M committed, 1152M reserved
[149.257s][info][gc,ref      ] GC(283) Soft: 4314 encountered, 0 discovered, 0 enqueued
[149.257s][info][gc,ref      ] GC(283) Weak: 7439 encountered, 69 discovered, 3 enqueued
[149.257s][info][gc,ref      ] GC(283) Final: 1 encountered, 1 discovered, 0 enqueued
[149.257s][info][gc,ref      ] GC(283) Phantom: 773 encountered, 524 discovered, 0 enqueued
[149.257s][info][gc,reloc    ] GC(283) Small Pages: 252 / 504M, Empty: 424M, Relocated: 1M, In-Place: 0
[149.257s][info][gc,reloc    ] GC(283) Medium Pages: 2 / 64M, Empty: 32M, Relocated: 0M, In-Place: 0
[149.257s][info][gc,reloc    ] GC(283) Large Pages: 7 / 62M, Empty: 0M, Relocated: 0M, In-Place: 0
[149.257s][info][gc,reloc    ] GC(283) Forwarding Usage: 0M
[149.257s][info][gc,heap     ] GC(283) Min Capacity: 2048M(100%)
[149.257s][info][gc,heap     ] GC(283) Max Capacity: 2048M(100%)
[149.257s][info][gc,heap     ] GC(283) Soft Max Capacity: 2048M(100%)
[149.257s][info][gc,heap     ] GC(283)                Mark Start          Mark End        Relocate Start      Relocate End           High               Low         
[149.257s][info][gc,heap     ] GC(283)  Capacity:     2048M (100%)       2048M (100%)       2048M (100%)       2048M (100%)       2048M (100%)       2048M (100%)   
[149.257s][info][gc,heap     ] GC(283)      Free:     1418M (69%)        1416M (69%)        1872M (91%)        1900M (93%)        1900M (93%)        1416M (69%)    
[149.257s][info][gc,heap     ] GC(283)      Used:      630M (31%)         632M (31%)         176M (9%)          148M (7%)          632M (31%)         148M (7%)     
[149.257s][info][gc,heap     ] GC(283)      Live:         -               106M (5%)          106M (5%)          106M (5%)             -                  -          
[149.257s][info][gc,heap     ] GC(283) Allocated:         -                 2M (0%)            2M (0%)            2M (0%)             -                  -          
[149.257s][info][gc,heap     ] GC(283)   Garbage:         -               523M (26%)          67M (3%)           39M (2%)             -                  -          
[149.257s][info][gc,heap     ] GC(283) Reclaimed:         -                  -               456M (22%)         484M (24%)            -                  -          
[149.257s][info][gc          ] GC(283) Garbage Collection (System.gc()) 630M(31%)->148M(7%)
[149.895s][info][gc,start    ] GC(284) Garbage Collection (Allocation Rate)
[149.895s][info][gc,task     ] GC(284) Using 1 workers
[149.895s][info][gc,phases   ] GC(284) Pause Mark Start 0.008ms
[149.960s][info][gc,phases   ] GC(284) Concurrent Mark 64.096ms
[149.960s][info][gc,phases   ] GC(284) Pause Mark End 0.012ms
[149.960s][info][gc,phases   ] GC(284) Concurrent Mark Free 0.001ms
[149.987s][info][gc,phases   ] GC(284) Concurrent Process Non-Strong References 26.870ms
[149.987s][info][gc,phases   ] GC(284) Concurrent Reset Relocation Set 0.003ms
[149.989s][info][gc,phases   ] GC(284) Concurrent Select Relocation Set 2.066ms
[149.989s][info][gc,phases   ] GC(284) Pause Relocate Start 0.010ms
[149.992s][info][gc,phases   ] GC(284) Concurrent Relocate 3.220ms
[149.993s][info][gc,load     ] GC(284) Load: 0.00/0.00/0.00
[149.993s][info][gc,mmu      ] GC(284) MMU: 2ms/94.3%, 5ms/97.7%, 10ms/98.9%, 20ms/99.4%, 50ms/99.7%, 100ms/99.8%
[149.993s][info][gc,marking  ] GC(284) Mark: 1 stripe(s), 2 proactive flush(es), 1 terminate flush(es), 0 completion(s), 0 continuation(s) 
[149.993s][info][gc,marking  ] GC(284) Mark Stack Usage: 32M
[149.993s][info][gc,nmethod  ] GC(284) NMethods: 15236 registered, 2270 unregistered
[149.993s][info][gc,metaspace] GC(284) Metaspace: 100M used, 101M committed, 1152M reserved
[149.993s][info][gc,ref      ] GC(284) Soft: 4314 encountered, 0 discovered, 0 enqueued
[149.993s][info][gc,ref      ] GC(284) Weak: 7446 encountered, 6251 discovered, 1 enqueued
[149.993s][info][gc,ref      ] GC(284) Final: 1 encountered, 0 discovered, 0 enqueued
[149.993s][info][gc,ref      ] GC(284) Phantom: 773 encountered, 395 discovered, 0 enqueued
[149.993s][info][gc,reloc    ] GC(284) Small Pages: 612 / 1224M, Empty: 832M, Relocated: 1M, In-Place: 0
[149.993s][info][gc,reloc    ] GC(284) Medium Pages: 2 / 64M, Empty: 32M, Relocated: 0M, In-Place: 0
[149.993s][info][gc,reloc    ] GC(284) Large Pages: 7 / 62M, Empty: 0M, Relocated: 0M, In-Place: 0
[149.993s][info][gc,reloc    ] GC(284) Forwarding Usage: 0M
[149.993s][info][gc,heap     ] GC(284) Min Capacity: 2048M(100%)
[149.993s][info][gc,heap     ] GC(284) Max Capacity: 2048M(100%)
[149.993s][info][gc,heap     ] GC(284) Soft Max Capacity: 2048M(100%)
[149.993s][info][gc,heap     ] GC(284)                Mark Start          Mark End        Relocate Start      Relocate End           High               Low         
[149.993s][info][gc,heap     ] GC(284)  Capacity:     2048M (100%)       2048M (100%)       2048M (100%)       2048M (100%)       2048M (100%)       2048M (100%)   
[149.993s][info][gc,heap     ] GC(284)      Free:      698M (34%)         528M (26%)        1330M (65%)        1662M (81%)        1662M (81%)         470M (23%)    
[149.993s][info][gc,heap     ] GC(284)      Used:     1350M (66%)        1520M (74%)         718M (35%)         386M (19%)        1578M (77%)         386M (19%)    
[149.993s][info][gc,heap     ] GC(284)      Live:         -               107M (5%)          107M (5%)          107M (5%)             -                  -          
[149.993s][info][gc,heap     ] GC(284) Allocated:         -               170M (8%)          232M (11%)         239M (12%)            -                  -          
[149.993s][info][gc,heap     ] GC(284)   Garbage:         -              1242M (61%)         378M (18%)          38M (2%)             -                  -          
[149.993s][info][gc,heap     ] GC(284) Reclaimed:         -                  -               864M (42%)        1203M (59%)            -                  -          
[149.993s][info][gc          ] GC(284) Garbage Collection (Allocation Rate) 1350M(66%)->386M(19%)
[150.102s][info][gc,stats    ] === Garbage Collection Statistics =======================================================================================================================
[150.102s][info][gc,stats    ]                                                              Last 10s              Last 10m              Last 10h                Total
[150.102s][info][gc,stats    ]                                                              Avg / Max             Avg / Max             Avg / Max             Avg / Max
[150.102s][info][gc,stats    ]   Collector: Garbage Collection Cycle                    122.462 / 201.255     196.930 / 1215.582    196.930 / 1215.582    196.930 / 1215.582    ms
[150.102s][info][gc,stats    ]  Contention: Mark Segment Reset Contention                     0 / 1                 4 / 496               4 / 496               4 / 496         ops/s
[150.102s][info][gc,stats    ]  Contention: Mark SeqNum Reset Contention                      0 / 0                 0 / 4                 0 / 4                 0 / 4           ops/s
[150.102s][info][gc,stats    ]    Critical: Allocation Stall                                  0 / 0                 0 / 6                 0 / 6                 0 / 6           ops/s
[150.102s][info][gc,stats    ]    Critical: Allocation Stall                              0.000 / 0.000       513.228 / 1001.934    513.228 / 1001.934    513.228 / 1001.934    ms
[150.102s][info][gc,stats    ]    Critical: GC Locker Stall                                   0 / 0                 0 / 1                 0 / 1                 0 / 1           ops/s
[150.102s][info][gc,stats    ]    Critical: GC Locker Stall                               0.000 / 0.000         0.000 / 0.000         0.000 / 0.000         0.000 / 0.000       ms
[150.102s][info][gc,stats    ]    Critical: Relocation Stall                                  0 / 0                 0 / 1                 0 / 1                 0 / 1           ops/s
[150.102s][info][gc,stats    ]    Critical: Relocation Stall                              0.000 / 0.000         7.319 / 11.251        7.319 / 11.251        7.319 / 11.251      ms
[150.102s][info][gc,stats    ]      Memory: Allocation Rate                                2073 / 2344           1523 / 2422           1523 / 2422           1523 / 2422        MB/s
[150.102s][info][gc,stats    ]      Memory: Out Of Memory                                     0 / 0                 0 / 0                 0 / 0                 0 / 0           ops/s
[150.102s][info][gc,stats    ]      Memory: Page Cache Flush                                  0 / 0                 7 / 172               7 / 172               7 / 172         MB/s
[150.102s][info][gc,stats    ]      Memory: Page Cache Hit L1                              1017 / 1158            743 / 1197            743 / 1197            743 / 1197        ops/s
[150.102s][info][gc,stats    ]      Memory: Page Cache Hit L2                                 0 / 0                 0 / 0                 0 / 0                 0 / 0           ops/s
[150.102s][info][gc,stats    ]      Memory: Page Cache Hit L3                                 0 / 0                 8 / 289               8 / 289               8 / 289         ops/s
[150.102s][info][gc,stats    ]      Memory: Page Cache Miss                                   0 / 0                 0 / 11                0 / 11                0 / 11          ops/s
[150.102s][info][gc,stats    ]      Memory: Uncommit                                          0 / 0                 0 / 0                 0 / 0                 0 / 0           MB/s
[150.102s][info][gc,stats    ]      Memory: Undo Object Allocation Failed                     0 / 0                 0 / 3                 0 / 3                 0 / 3           ops/s
[150.102s][info][gc,stats    ]      Memory: Undo Object Allocation Succeeded                  1 / 7                 6 / 520               6 / 520               6 / 520         ops/s
[150.102s][info][gc,stats    ]      Memory: Undo Page Allocation                              0 / 0                 0 / 3                 0 / 3                 0 / 3           ops/s
[150.102s][info][gc,stats    ]       Phase: Concurrent Mark                              85.074 / 130.861     155.036 / 1158.372    155.036 / 1158.372    155.036 / 1158.372    ms
[150.102s][info][gc,stats    ]       Phase: Concurrent Mark Continue                      0.000 / 0.000         0.000 / 0.000         0.000 / 0.000         0.000 / 0.000       ms
[150.102s][info][gc,stats    ]       Phase: Concurrent Mark Free                          0.001 / 0.002         0.016 / 4.217         0.016 / 4.217         0.016 / 4.217       ms
[150.102s][info][gc,stats    ]       Phase: Concurrent Process Non-Strong References     21.656 / 27.473       18.039 / 31.183       18.039 / 31.183       18.039 / 31.183      ms
[150.102s][info][gc,stats    ]       Phase: Concurrent Relocate                          11.595 / 39.683       18.349 / 247.779      18.349 / 247.779      18.349 / 247.779     ms
[150.102s][info][gc,stats    ]       Phase: Concurrent Reset Relocation Set               0.014 / 0.041         0.015 / 0.061         0.015 / 0.061         0.015 / 0.061       ms
[150.102s][info][gc,stats    ]       Phase: Concurrent Select Relocation Set              3.082 / 6.475         4.240 / 40.244        4.240 / 40.244        4.240 / 40.244      ms
[150.102s][info][gc,stats    ]       Phase: Pause Mark End                                0.016 / 0.023         0.017 / 0.113         0.017 / 0.113         0.017 / 0.113       ms
[150.103s][info][gc,stats    ]       Phase: Pause Mark Start                              0.009 / 0.014         0.009 / 0.030         0.009 / 0.030         0.009 / 0.030       ms
[150.103s][info][gc,stats    ]       Phase: Pause Relocate Start                          0.012 / 0.021         0.011 / 0.025         0.011 / 0.025         0.011 / 0.025       ms
[150.103s][info][gc,stats    ]    Subphase: Concurrent Classes Purge                      0.769 / 1.037         0.636 / 1.058         0.636 / 1.058         0.636 / 1.058       ms
[150.103s][info][gc,stats    ]    Subphase: Concurrent Classes Unlink                    19.175 / 24.748       15.851 / 28.085       15.851 / 28.085       15.851 / 28.085      ms
[150.103s][info][gc,stats    ]    Subphase: Concurrent Mark                              75.635 / 128.944     165.268 / 1155.457    165.268 / 1155.457    165.268 / 1155.457    ms
[150.103s][info][gc,stats    ]    Subphase: Concurrent Mark Try Flush                     0.101 / 0.411         0.100 / 0.574         0.100 / 0.574         0.100 / 0.574       ms
[150.103s][info][gc,stats    ]    Subphase: Concurrent Mark Try Terminate                 1.269 / 13.442        2.156 / 16.943        2.156 / 16.943        2.156 / 16.943      ms
[150.103s][info][gc,stats    ]    Subphase: Concurrent References Enqueue                 0.005 / 0.008         0.005 / 0.009         0.005 / 0.009         0.005 / 0.009       ms
[150.103s][info][gc,stats    ]    Subphase: Concurrent References Process                 0.713 / 1.006         0.593 / 1.172         0.593 / 1.172         0.593 / 1.172       ms
[150.103s][info][gc,stats    ]    Subphase: Concurrent Roots ClassLoaderDataGraph         0.156 / 0.277         0.149 / 0.429         0.149 / 0.429         0.149 / 0.429       ms
[150.103s][info][gc,stats    ]    Subphase: Concurrent Roots CodeCache                    0.000 / 0.000         0.000 / 0.000         0.000 / 0.000         0.000 / 0.000       ms
[150.103s][info][gc,stats    ]    Subphase: Concurrent Roots JavaThreads                  0.900 / 1.853         1.204 / 2.895         1.204 / 2.895         1.204 / 2.895       ms
[150.103s][info][gc,stats    ]    Subphase: Concurrent Roots OopStorageSet                0.039 / 0.069         0.038 / 0.157         0.038 / 0.157         0.038 / 0.157       ms
[150.103s][info][gc,stats    ]    Subphase: Concurrent Weak Roots OopStorageSet           0.774 / 1.347         0.726 / 1.424         0.726 / 1.424         0.726 / 1.424       ms
[150.103s][info][gc,stats    ]    Subphase: Pause Mark Try Complete                       0.000 / 0.000         0.000 / 0.000         0.000 / 0.000         0.000 / 0.000       ms
[150.103s][info][gc,stats    ]      System: Java Threads                                     31 / 32               36 / 48               36 / 48               36 / 48          threads
[150.103s][info][gc,stats    ] =========================================================================================================================================================
[150.404s][info][gc,start    ] GC(285) Garbage Collection (Allocation Rate)
[150.404s][info][gc,task     ] GC(285) Using 1 workers
[150.405s][info][gc,phases   ] GC(285) Pause Mark Start 0.010ms
[150.530s][info][gc,phases   ] GC(285) Concurrent Mark 125.157ms
[150.530s][info][gc,phases   ] GC(285) Pause Mark End 0.013ms
[150.530s][info][gc,phases   ] GC(285) Concurrent Mark Free 0.001ms
[150.558s][info][gc,phases   ] GC(285) Concurrent Process Non-Strong References 27.315ms
[150.558s][info][gc,phases   ] GC(285) Concurrent Reset Relocation Set 0.019ms
[150.564s][info][gc,phases   ] GC(285) Concurrent Select Relocation Set 6.581ms
[150.564s][info][gc,phases   ] GC(285) Pause Relocate Start 0.013ms
[150.605s][info][gc,phases   ] GC(285) Concurrent Relocate 40.931ms
[150.606s][info][gc,load     ] GC(285) Load: 0.00/0.00/0.00
[150.606s][info][gc,mmu      ] GC(285) MMU: 2ms/94.3%, 5ms/97.7%, 10ms/98.9%, 20ms/99.4%, 50ms/99.7%, 100ms/99.8%
[150.606s][info][gc,marking  ] GC(285) Mark: 1 stripe(s), 2 proactive flush(es), 1 terminate flush(es), 0 completion(s), 0 continuation(s) 
[150.606s][info][gc,marking  ] GC(285) Mark Stack Usage: 32M
[150.606s][info][gc,nmethod  ] GC(285) NMethods: 15243 registered, 2270 unregistered
[150.606s][info][gc,metaspace] GC(285) Metaspace: 100M used, 101M committed, 1152M reserved
[150.606s][info][gc,ref      ] GC(285) Soft: 4314 encountered, 0 discovered, 0 enqueued
[150.606s][info][gc,ref      ] GC(285) Weak: 7446 encountered, 6251 discovered, 6 enqueued
[150.606s][info][gc,ref      ] GC(285) Final: 1 encountered, 0 discovered, 0 enqueued
[150.606s][info][gc,ref      ] GC(285) Phantom: 773 encountered, 395 discovered, 0 enqueued
[150.606s][info][gc,reloc    ] GC(285) Small Pages: 628 / 1256M, Empty: 204M, Relocated: 27M, In-Place: 0
[150.606s][info][gc,reloc    ] GC(285) Medium Pages: 2 / 64M, Empty: 0M, Relocated: 3M, In-Place: 0
[150.606s][info][gc,reloc    ] GC(285) Large Pages: 7 / 62M, Empty: 0M, Relocated: 0M, In-Place: 0
[150.606s][info][gc,reloc    ] GC(285) Forwarding Usage: 16M
[150.606s][info][gc,heap     ] GC(285) Min Capacity: 2048M(100%)
[150.606s][info][gc,heap     ] GC(285) Max Capacity: 2048M(100%)
[150.606s][info][gc,heap     ] GC(285) Soft Max Capacity: 2048M(100%)
[150.606s][info][gc,heap     ] GC(285)                Mark Start          Mark End        Relocate Start      Relocate End           High               Low         
[150.606s][info][gc,heap     ] GC(285)  Capacity:     2048M (100%)       2048M (100%)       2048M (100%)       2048M (100%)       2048M (100%)       2048M (100%)   
[150.606s][info][gc,heap     ] GC(285)      Free:      666M (33%)         360M (18%)         482M (24%)        1370M (67%)        1374M (67%)         292M (14%)    
[150.606s][info][gc,heap     ] GC(285)      Used:     1382M (67%)        1688M (82%)        1566M (76%)         678M (33%)        1756M (86%)         674M (33%)    
[150.606s][info][gc,heap     ] GC(285)      Live:         -               134M (7%)          134M (7%)          134M (7%)             -                  -          
[150.606s][info][gc,heap     ] GC(285) Allocated:         -               306M (15%)         388M (19%)         506M (25%)            -                  -          
[150.606s][info][gc,heap     ] GC(285)   Garbage:         -              1247M (61%)        1043M (51%)          36M (2%)             -                  -          
[150.606s][info][gc,heap     ] GC(285) Reclaimed:         -                  -               204M (10%)        1210M (59%)            -                  -          
[150.606s][info][gc          ] GC(285) Garbage Collection (Allocation Rate) 1382M(67%)->678M(33%)
[150.704s][info][gc,start    ] GC(286) Garbage Collection (Allocation Rate)
[150.704s][info][gc,task     ] GC(286) Using 1 workers
[150.704s][info][gc,phases   ] GC(286) Pause Mark Start 0.009ms
[150.827s][info][gc,phases   ] GC(286) Concurrent Mark 122.069ms
[150.827s][info][gc,phases   ] GC(286) Pause Mark End 0.009ms
[150.827s][info][gc,phases   ] GC(286) Concurrent Mark Free 0.001ms
[150.851s][info][gc,phases   ] GC(286) Concurrent Process Non-Strong References 24.049ms
[150.851s][info][gc,phases   ] GC(286) Concurrent Reset Relocation Set 0.026ms
[150.853s][info][gc,phases   ] GC(286) Concurrent Select Relocation Set 2.470ms
[150.854s][info][gc,phases   ] GC(286) Pause Relocate Start 0.011ms
[150.857s][info][gc,phases   ] GC(286) Concurrent Relocate 3.134ms
[150.857s][info][gc,load     ] GC(286) Load: 0.00/0.00/0.00
[150.857s][info][gc,mmu      ] GC(286) MMU: 2ms/94.3%, 5ms/97.7%, 10ms/98.9%, 20ms/99.4%, 50ms/99.7%, 100ms/99.8%
[150.857s][info][gc,marking  ] GC(286) Mark: 1 stripe(s), 2 proactive flush(es), 1 terminate flush(es), 0 completion(s), 0 continuation(s) 
[150.857s][info][gc,marking  ] GC(286) Mark Stack Usage: 32M
[150.857s][info][gc,nmethod  ] GC(286) NMethods: 15243 registered, 2270 unregistered
[150.857s][info][gc,metaspace] GC(286) Metaspace: 100M used, 101M committed, 1152M reserved
[150.857s][info][gc,ref      ] GC(286) Soft: 4314 encountered, 0 discovered, 0 enqueued
[150.857s][info][gc,ref      ] GC(286) Weak: 7437 encountered, 6246 discovered, 0 enqueued
[150.857s][info][gc,ref      ] GC(286) Final: 1 encountered, 0 discovered, 0 enqueued
[150.857s][info][gc,ref      ] GC(286) Phantom: 773 encountered, 395 discovered, 0 enqueued
[150.857s][info][gc,reloc    ] GC(286) Small Pages: 400 / 800M, Empty: 352M, Relocated: 2M, In-Place: 0
[150.857s][info][gc,reloc    ] GC(286) Medium Pages: 2 / 64M, Empty: 0M, Relocated: 3M, In-Place: 0
[150.857s][info][gc,reloc    ] GC(286) Large Pages: 7 / 62M, Empty: 0M, Relocated: 0M, In-Place: 0
[150.857s][info][gc,reloc    ] GC(286) Forwarding Usage: 1M
[150.857s][info][gc,heap     ] GC(286) Min Capacity: 2048M(100%)
[150.857s][info][gc,heap     ] GC(286) Max Capacity: 2048M(100%)
[150.857s][info][gc,heap     ] GC(286) Soft Max Capacity: 2048M(100%)
[150.857s][info][gc,heap     ] GC(286)                Mark Start          Mark End        Relocate Start      Relocate End           High               Low         
[150.857s][info][gc,heap     ] GC(286)  Capacity:     2048M (100%)       2048M (100%)       2048M (100%)       2048M (100%)       2048M (100%)       2048M (100%)   
[150.857s][info][gc,heap     ] GC(286)      Free:     1122M (55%)        1020M (50%)        1372M (67%)        1774M (87%)        1774M (87%)        1020M (50%)    
[150.857s][info][gc,heap     ] GC(286)      Used:      926M (45%)        1028M (50%)         676M (33%)         274M (13%)        1028M (50%)         274M (13%)    
[150.857s][info][gc,heap     ] GC(286)      Live:         -               134M (7%)          134M (7%)          134M (7%)             -                  -          
[150.857s][info][gc,heap     ] GC(286) Allocated:         -               102M (5%)          102M (5%)          102M (5%)             -                  -          
[150.857s][info][gc,heap     ] GC(286)   Garbage:         -               791M (39%)         439M (21%)          37M (2%)             -                  -          
[150.857s][info][gc,heap     ] GC(286) Reclaimed:         -                  -               352M (17%)         754M (37%)            -                  -          
[150.857s][info][gc          ] GC(286) Garbage Collection (Allocation Rate) 926M(45%)->274M(13%)
[150.857s][info][gc,start    ] GC(287) Garbage Collection (System.gc())
[150.857s][info][gc,task     ] GC(287) Using 2 workers
[150.858s][info][gc,phases   ] GC(287) Pause Mark Start 0.008ms
[150.897s][info][gc,phases   ] GC(287) Concurrent Mark 39.098ms
[150.897s][info][gc,phases   ] GC(287) Pause Mark End 0.022ms
[150.897s][info][gc,phases   ] GC(287) Concurrent Mark Free 0.001ms
[150.910s][info][gc,phases   ] GC(287) Concurrent Process Non-Strong References 12.892ms
[150.910s][info][gc,phases   ] GC(287) Concurrent Reset Relocation Set 0.013ms
[150.912s][info][gc,phases   ] GC(287) Concurrent Select Relocation Set 1.491ms
[150.912s][info][gc,phases   ] GC(287) Pause Relocate Start 0.010ms
[150.913s][info][gc,phases   ] GC(287) Concurrent Relocate 0.960ms
[150.913s][info][gc,load     ] GC(287) Load: 0.00/0.00/0.00
[150.913s][info][gc,mmu      ] GC(287) MMU: 2ms/94.3%, 5ms/97.7%, 10ms/98.9%, 20ms/99.4%, 50ms/99.7%, 100ms/99.8%
[150.913s][info][gc,marking  ] GC(287) Mark: 2 stripe(s), 2 proactive flush(es), 1 terminate flush(es), 0 completion(s), 0 continuation(s) 
[150.913s][info][gc,marking  ] GC(287) Mark Stack Usage: 32M
[150.913s][info][gc,nmethod  ] GC(287) NMethods: 15243 registered, 2270 unregistered
[150.913s][info][gc,metaspace] GC(287) Metaspace: 100M used, 101M committed, 1152M reserved
[150.913s][info][gc,ref      ] GC(287) Soft: 4314 encountered, 0 discovered, 0 enqueued
[150.913s][info][gc,ref      ] GC(287) Weak: 7439 encountered, 96 discovered, 3 enqueued
[150.913s][info][gc,ref      ] GC(287) Final: 1 encountered, 0 discovered, 0 enqueued
[150.913s][info][gc,ref      ] GC(287) Phantom: 773 encountered, 625 discovered, 0 enqueued
[150.913s][info][gc,reloc    ] GC(287) Small Pages: 90 / 180M, Empty: 114M, Relocated: 1M, In-Place: 0
[150.913s][info][gc,reloc    ] GC(287) Medium Pages: 1 / 32M, Empty: 0M, Relocated: 0M, In-Place: 0
[150.913s][info][gc,reloc    ] GC(287) Large Pages: 7 / 62M, Empty: 0M, Relocated: 0M, In-Place: 0
[150.913s][info][gc,reloc    ] GC(287) Forwarding Usage: 0M
[150.913s][info][gc,heap     ] GC(287) Min Capacity: 2048M(100%)
[150.913s][info][gc,heap     ] GC(287) Max Capacity: 2048M(100%)
[150.913s][info][gc,heap     ] GC(287) Soft Max Capacity: 2048M(100%)
[150.913s][info][gc,heap     ] GC(287)                Mark Start          Mark End        Relocate Start      Relocate End           High               Low         
[150.913s][info][gc,heap     ] GC(287)  Capacity:     2048M (100%)       2048M (100%)       2048M (100%)       2048M (100%)       2048M (100%)       2048M (100%)   
[150.913s][info][gc,heap     ] GC(287)      Free:     1774M (87%)        1772M (87%)        1886M (92%)        1900M (93%)        1900M (93%)        1772M (87%)    
[150.913s][info][gc,heap     ] GC(287)      Used:      274M (13%)         276M (13%)         162M (8%)          148M (7%)          276M (13%)         148M (7%)     
[150.913s][info][gc,heap     ] GC(287)      Live:         -               106M (5%)          106M (5%)          106M (5%)             -                  -          
[150.913s][info][gc,heap     ] GC(287) Allocated:         -                 2M (0%)            2M (0%)            2M (0%)             -                  -          
[150.913s][info][gc,heap     ] GC(287)   Garbage:         -               167M (8%)           53M (3%)           39M (2%)             -                  -          
[150.913s][info][gc,heap     ] GC(287) Reclaimed:         -                  -               114M (6%)          128M (6%)             -                  -          
[150.913s][info][gc          ] GC(287) Garbage Collection (System.gc()) 274M(13%)->148M(7%)
[151.496s][info][gc,start    ] GC(288) Garbage Collection (Allocation Rate)
[151.496s][info][gc,task     ] GC(288) Using 1 workers
[151.497s][info][gc,phases   ] GC(288) Pause Mark Start 0.008ms
[151.561s][info][gc,phases   ] GC(288) Concurrent Mark 64.181ms
[151.561s][info][gc,phases   ] GC(288) Pause Mark End 0.016ms
[151.561s][info][gc,phases   ] GC(288) Concurrent Mark Free 0.001ms
[151.588s][info][gc,phases   ] GC(288) Concurrent Process Non-Strong References 26.896ms
[151.588s][info][gc,phases   ] GC(288) Concurrent Reset Relocation Set 0.001ms
[151.590s][info][gc,phases   ] GC(288) Concurrent Select Relocation Set 2.033ms
[151.590s][info][gc,phases   ] GC(288) Pause Relocate Start 0.009ms
[151.594s][info][gc,phases   ] GC(288) Concurrent Relocate 3.980ms
[151.595s][info][gc,load     ] GC(288) Load: 0.00/0.00/0.00
[151.595s][info][gc,mmu      ] GC(288) MMU: 2ms/94.3%, 5ms/97.7%, 10ms/98.9%, 20ms/99.4%, 50ms/99.7%, 100ms/99.8%
[151.595s][info][gc,marking  ] GC(288) Mark: 1 stripe(s), 2 proactive flush(es), 1 terminate flush(es), 0 completion(s), 0 continuation(s) 
[151.595s][info][gc,marking  ] GC(288) Mark Stack Usage: 32M
[151.595s][info][gc,nmethod  ] GC(288) NMethods: 15243 registered, 2270 unregistered
[151.595s][info][gc,metaspace] GC(288) Metaspace: 100M used, 101M committed, 1152M reserved
[151.595s][info][gc,ref      ] GC(288) Soft: 4314 encountered, 0 discovered, 0 enqueued
[151.595s][info][gc,ref      ] GC(288) Weak: 7446 encountered, 6251 discovered, 1 enqueued
[151.595s][info][gc,ref      ] GC(288) Final: 1 encountered, 0 discovered, 0 enqueued
[151.595s][info][gc,ref      ] GC(288) Phantom: 773 encountered, 395 discovered, 0 enqueued
[151.595s][info][gc,reloc    ] GC(288) Small Pages: 550 / 1100M, Empty: 640M, Relocated: 1M, In-Place: 0
[151.595s][info][gc,reloc    ] GC(288) Medium Pages: 2 / 64M, Empty: 32M, Relocated: 0M, In-Place: 0
[151.595s][info][gc,reloc    ] GC(288) Large Pages: 7 / 62M, Empty: 0M, Relocated: 0M, In-Place: 0
[151.595s][info][gc,reloc    ] GC(288) Forwarding Usage: 0M
[151.595s][info][gc,heap     ] GC(288) Min Capacity: 2048M(100%)
[151.595s][info][gc,heap     ] GC(288) Max Capacity: 2048M(100%)
[151.595s][info][gc,heap     ] GC(288) Soft Max Capacity: 2048M(100%)
[151.595s][info][gc,heap     ] GC(288)                Mark Start          Mark End        Relocate Start      Relocate End           High               Low         
[151.595s][info][gc,heap     ] GC(288)  Capacity:     2048M (100%)       2048M (100%)       2048M (100%)       2048M (100%)       2048M (100%)       2048M (100%)   
[151.595s][info][gc,heap     ] GC(288)      Free:      822M (40%)         682M (33%)        1294M (63%)        1694M (83%)        1694M (83%)         626M (31%)    
[151.595s][info][gc,heap     ] GC(288)      Used:     1226M (60%)        1366M (67%)         754M (37%)         354M (17%)        1422M (69%)         354M (17%)    
[151.595s][info][gc,heap     ] GC(288)      Live:         -               107M (5%)          107M (5%)          107M (5%)             -                  -          
[151.595s][info][gc,heap     ] GC(288) Allocated:         -               140M (7%)          200M (10%)         207M (10%)            -                  -          
[151.595s][info][gc,heap     ] GC(288)   Garbage:         -              1118M (55%)         446M (22%)          38M (2%)             -                  -          
[151.595s][info][gc,heap     ] GC(288) Reclaimed:         -                  -               672M (33%)        1079M (53%)            -                  -          
[151.595s][info][gc          ] GC(288) Garbage Collection (Allocation Rate) 1226M(60%)->354M(17%)
[152.101s][info][gc,start    ] GC(289) Garbage Collection (Allocation Rate)
[152.101s][info][gc,task     ] GC(289) Using 2 workers
[152.101s][info][gc,phases   ] GC(289) Pause Mark Start 0.010ms
[152.180s][info][gc,phases   ] GC(289) Concurrent Mark 78.814ms
[152.180s][info][gc,phases   ] GC(289) Pause Mark End 0.014ms
[152.180s][info][gc,phases   ] GC(289) Concurrent Mark Free 0.001ms
[152.194s][info][gc,phases   ] GC(289) Concurrent Process Non-Strong References 14.159ms
[152.194s][info][gc,phases   ] GC(289) Concurrent Reset Relocation Set 0.011ms
[152.200s][info][gc,phases   ] GC(289) Concurrent Select Relocation Set 6.153ms
[152.201s][info][gc,phases   ] GC(289) Pause Relocate Start 0.011ms
[152.228s][info][gc,phases   ] GC(289) Concurrent Relocate 26.974ms
[152.228s][info][gc,load     ] GC(289) Load: 0.00/0.00/0.00
[152.228s][info][gc,mmu      ] GC(289) MMU: 2ms/94.3%, 5ms/97.7%, 10ms/98.9%, 20ms/99.4%, 50ms/99.7%, 100ms/99.8%
[152.228s][info][gc,marking  ] GC(289) Mark: 2 stripe(s), 2 proactive flush(es), 1 terminate flush(es), 0 completion(s), 0 continuation(s) 
[152.228s][info][gc,marking  ] GC(289) Mark Stack Usage: 32M
[152.228s][info][gc,nmethod  ] GC(289) NMethods: 15243 registered, 2270 unregistered
[152.228s][info][gc,metaspace] GC(289) Metaspace: 100M used, 101M committed, 1152M reserved
[152.228s][info][gc,ref      ] GC(289) Soft: 4314 encountered, 0 discovered, 0 enqueued
[152.228s][info][gc,ref      ] GC(289) Weak: 7446 encountered, 105 discovered, 6 enqueued
[152.228s][info][gc,ref      ] GC(289) Final: 1 encountered, 0 discovered, 0 enqueued
[152.228s][info][gc,ref      ] GC(289) Phantom: 773 encountered, 512 discovered, 0 enqueued
[152.228s][info][gc,reloc    ] GC(289) Small Pages: 731 / 1462M, Empty: 362M, Relocated: 27M, In-Place: 0
[152.228s][info][gc,reloc    ] GC(289) Medium Pages: 2 / 64M, Empty: 0M, Relocated: 3M, In-Place: 0
[152.228s][info][gc,reloc    ] GC(289) Large Pages: 7 / 62M, Empty: 0M, Relocated: 0M, In-Place: 0
[152.228s][info][gc,reloc    ] GC(289) Forwarding Usage: 16M
[152.228s][info][gc,heap     ] GC(289) Min Capacity: 2048M(100%)
[152.228s][info][gc,heap     ] GC(289) Max Capacity: 2048M(100%)
[152.228s][info][gc,heap     ] GC(289) Soft Max Capacity: 2048M(100%)
[152.228s][info][gc,heap     ] GC(289)                Mark Start          Mark End        Relocate Start      Relocate End           High               Low         
[152.228s][info][gc,heap     ] GC(289)  Capacity:     2048M (100%)       2048M (100%)       2048M (100%)       2048M (100%)       2048M (100%)       2048M (100%)   
[152.228s][info][gc,heap     ] GC(289)      Free:      460M (22%)         276M (13%)         592M (29%)        1560M (76%)        1560M (76%)         242M (12%)    
[152.228s][info][gc,heap     ] GC(289)      Used:     1588M (78%)        1772M (87%)        1456M (71%)         488M (24%)        1806M (88%)         488M (24%)    
[152.228s][info][gc,heap     ] GC(289)      Live:         -               134M (7%)          134M (7%)          134M (7%)             -                  -          
[152.228s][info][gc,heap     ] GC(289) Allocated:         -               184M (9%)          230M (11%)         315M (15%)            -                  -          
[152.228s][info][gc,heap     ] GC(289)   Garbage:         -              1453M (71%)        1091M (53%)          37M (2%)             -                  -          
[152.228s][info][gc,heap     ] GC(289) Reclaimed:         -                  -               362M (18%)        1415M (69%)            -                  -          
[152.228s][info][gc          ] GC(289) Garbage Collection (Allocation Rate) 1588M(78%)->488M(24%)
[152.402s][info][gc,start    ] GC(290) Garbage Collection (Allocation Rate)
[152.402s][info][gc,task     ] GC(290) Using 2 workers
[152.402s][info][gc,phases   ] GC(290) Pause Mark Start 0.009ms
[152.482s][info][gc,phases   ] GC(290) Concurrent Mark 79.325ms
[152.482s][info][gc,phases   ] GC(290) Pause Mark End 0.023ms
[152.482s][info][gc,phases   ] GC(290) Concurrent Mark Free 0.003ms
[152.496s][info][gc,phases   ] GC(290) Concurrent Process Non-Strong References 13.710ms
[152.496s][info][gc,phases   ] GC(290) Concurrent Reset Relocation Set 0.026ms
[152.499s][info][gc,phases   ] GC(290) Concurrent Select Relocation Set 2.488ms
[152.499s][info][gc,phases   ] GC(290) Pause Relocate Start 0.012ms
[152.508s][info][gc,phases   ] GC(290) Concurrent Relocate 8.794ms
[152.508s][info][gc,load     ] GC(290) Load: 0.00/0.00/0.00
[152.508s][info][gc,mmu      ] GC(290) MMU: 2ms/94.3%, 5ms/97.7%, 10ms/98.9%, 20ms/99.4%, 50ms/99.7%, 100ms/99.8%
[152.508s][info][gc,marking  ] GC(290) Mark: 2 stripe(s), 2 proactive flush(es), 1 terminate flush(es), 0 completion(s), 0 continuation(s) 
[152.508s][info][gc,marking  ] GC(290) Mark Stack Usage: 32M
[152.508s][info][gc,nmethod  ] GC(290) NMethods: 15243 registered, 2270 unregistered
[152.508s][info][gc,metaspace] GC(290) Metaspace: 100M used, 101M committed, 1152M reserved
[152.508s][info][gc,ref      ] GC(290) Soft: 4314 encountered, 0 discovered, 0 enqueued
[152.508s][info][gc,ref      ] GC(290) Weak: 7439 encountered, 103 discovered, 3 enqueued
[152.508s][info][gc,ref      ] GC(290) Final: 1 encountered, 1 discovered, 0 enqueued
[152.508s][info][gc,ref      ] GC(290) Phantom: 773 encountered, 595 discovered, 0 enqueued
[152.508s][info][gc,reloc    ] GC(290) Small Pages: 391 / 782M, Empty: 522M, Relocated: 13M, In-Place: 0
[152.508s][info][gc,reloc    ] GC(290) Medium Pages: 2 / 64M, Empty: 0M, Relocated: 2M, In-Place: 0
[152.508s][info][gc,reloc    ] GC(290) Large Pages: 7 / 62M, Empty: 0M, Relocated: 0M, In-Place: 0
[152.508s][info][gc,reloc    ] GC(290) Forwarding Usage: 7M
[152.508s][info][gc,heap     ] GC(290) Min Capacity: 2048M(100%)
[152.508s][info][gc,heap     ] GC(290) Max Capacity: 2048M(100%)
[152.508s][info][gc,heap     ] GC(290) Soft Max Capacity: 2048M(100%)
[152.508s][info][gc,heap     ] GC(290)                Mark Start          Mark End        Relocate Start      Relocate End           High               Low         
[152.508s][info][gc,heap     ] GC(290)  Capacity:     2048M (100%)       2048M (100%)       2048M (100%)       2048M (100%)       2048M (100%)       2048M (100%)   
[152.508s][info][gc,heap     ] GC(290)      Free:     1140M (56%)        1106M (54%)        1628M (79%)        1854M (91%)        1854M (91%)        1106M (54%)    
[152.508s][info][gc,heap     ] GC(290)      Used:      908M (44%)         942M (46%)         420M (21%)         194M (9%)          942M (46%)         194M (9%)     
[152.508s][info][gc,heap     ] GC(290)      Live:         -               120M (6%)          120M (6%)          120M (6%)             -                  -          
[152.508s][info][gc,heap     ] GC(290) Allocated:         -                34M (2%)           34M (2%)           34M (2%)             -                  -          
[152.508s][info][gc,heap     ] GC(290)   Garbage:         -               787M (38%)         265M (13%)          39M (2%)             -                  -          
[152.508s][info][gc,heap     ] GC(290) Reclaimed:         -                  -               522M (25%)         748M (37%)            -                  -          
[152.508s][info][gc          ] GC(290) Garbage Collection (Allocation Rate) 908M(44%)->194M(9%)
[152.508s][info][gc,start    ] GC(291) Garbage Collection (System.gc())
[152.508s][info][gc,task     ] GC(291) Using 2 workers
[152.508s][info][gc,phases   ] GC(291) Pause Mark Start 0.008ms
[152.562s][info][gc,phases   ] GC(291) Concurrent Mark 53.140ms
[152.562s][info][gc,phases   ] GC(291) Pause Mark End 0.022ms
[152.562s][info][gc,phases   ] GC(291) Concurrent Mark Free 0.002ms
[152.575s][info][gc,phases   ] GC(291) Concurrent Process Non-Strong References 12.862ms
[152.575s][info][gc,phases   ] GC(291) Concurrent Reset Relocation Set 0.009ms
[152.577s][info][gc,phases   ] GC(291) Concurrent Select Relocation Set 1.820ms
[152.577s][info][gc,phases   ] GC(291) Pause Relocate Start 0.015ms
[152.578s][info][gc,phases   ] GC(291) Concurrent Relocate 1.219ms
[152.578s][info][gc,load     ] GC(291) Load: 0.00/0.00/0.00
[152.578s][info][gc,mmu      ] GC(291) MMU: 2ms/94.3%, 5ms/97.7%, 10ms/98.9%, 20ms/99.4%, 50ms/99.7%, 100ms/99.8%
[152.578s][info][gc,marking  ] GC(291) Mark: 2 stripe(s), 2 proactive flush(es), 1 terminate flush(es), 0 completion(s), 0 continuation(s) 
[152.578s][info][gc,marking  ] GC(291) Mark Stack Usage: 32M
[152.578s][info][gc,nmethod  ] GC(291) NMethods: 15243 registered, 2270 unregistered
[152.578s][info][gc,metaspace] GC(291) Metaspace: 100M used, 101M committed, 1152M reserved
[152.578s][info][gc,ref      ] GC(291) Soft: 4314 encountered, 0 discovered, 0 enqueued
[152.578s][info][gc,ref      ] GC(291) Weak: 7436 encountered, 116 discovered, 0 enqueued
[152.578s][info][gc,ref      ] GC(291) Final: 1 encountered, 1 discovered, 0 enqueued
[152.578s][info][gc,ref      ] GC(291) Phantom: 773 encountered, 593 discovered, 0 enqueued
[152.578s][info][gc,reloc    ] GC(291) Small Pages: 50 / 100M, Empty: 34M, Relocated: 1M, In-Place: 0
[152.578s][info][gc,reloc    ] GC(291) Medium Pages: 1 / 32M, Empty: 0M, Relocated: 0M, In-Place: 0
[152.578s][info][gc,reloc    ] GC(291) Large Pages: 7 / 62M, Empty: 0M, Relocated: 0M, In-Place: 0
[152.578s][info][gc,reloc    ] GC(291) Forwarding Usage: 0M
[152.578s][info][gc,heap     ] GC(291) Min Capacity: 2048M(100%)
[152.578s][info][gc,heap     ] GC(291) Max Capacity: 2048M(100%)
[152.578s][info][gc,heap     ] GC(291) Soft Max Capacity: 2048M(100%)
[152.578s][info][gc,heap     ] GC(291)                Mark Start          Mark End        Relocate Start      Relocate End           High               Low         
[152.578s][info][gc,heap     ] GC(291)  Capacity:     2048M (100%)       2048M (100%)       2048M (100%)       2048M (100%)       2048M (100%)       2048M (100%)   
[152.578s][info][gc,heap     ] GC(291)      Free:     1854M (91%)        1852M (90%)        1886M (92%)        1900M (93%)        1900M (93%)        1852M (90%)    
[152.579s][info][gc,heap     ] GC(291)      Used:      194M (9%)          196M (10%)         162M (8%)          148M (7%)          196M (10%)         148M (7%)     
[152.579s][info][gc,heap     ] GC(291)      Live:         -               106M (5%)          106M (5%)          106M (5%)             -                  -          
[152.579s][info][gc,heap     ] GC(291) Allocated:         -                 2M (0%)            2M (0%)            2M (0%)             -                  -          
[152.579s][info][gc,heap     ] GC(291)   Garbage:         -                87M (4%)           53M (3%)           39M (2%)             -                  -          
[152.579s][info][gc,heap     ] GC(291) Reclaimed:         -                  -                34M (2%)           48M (2%)             -                  -          
[152.579s][info][gc          ] GC(291) Garbage Collection (System.gc()) 194M(9%)->148M(7%)
[153.102s][info][gc,start    ] GC(292) Garbage Collection (Allocation Rate)
[153.103s][info][gc,task     ] GC(292) Using 1 workers
[153.103s][info][gc,phases   ] GC(292) Pause Mark Start 0.010ms
[153.165s][info][gc,phases   ] GC(292) Concurrent Mark 62.026ms
[153.165s][info][gc,phases   ] GC(292) Pause Mark End 0.018ms
[153.165s][info][gc,phases   ] GC(292) Concurrent Mark Free 0.001ms
[153.192s][info][gc,phases   ] GC(292) Concurrent Process Non-Strong References 26.299ms
[153.192s][info][gc,phases   ] GC(292) Concurrent Reset Relocation Set 0.002ms
[153.194s][info][gc,phases   ] GC(292) Concurrent Select Relocation Set 2.271ms
[153.194s][info][gc,phases   ] GC(292) Pause Relocate Start 0.012ms
[153.199s][info][gc,phases   ] GC(292) Concurrent Relocate 4.596ms
[153.199s][info][gc,load     ] GC(292) Load: 0.00/0.00/0.00
[153.199s][info][gc,mmu      ] GC(292) MMU: 2ms/94.3%, 5ms/97.7%, 10ms/98.9%, 20ms/99.4%, 50ms/99.7%, 100ms/99.8%
[153.199s][info][gc,marking  ] GC(292) Mark: 1 stripe(s), 2 proactive flush(es), 1 terminate flush(es), 0 completion(s), 0 continuation(s) 
[153.199s][info][gc,marking  ] GC(292) Mark Stack Usage: 32M
[153.199s][info][gc,nmethod  ] GC(292) NMethods: 15243 registered, 2270 unregistered
[153.199s][info][gc,metaspace] GC(292) Metaspace: 100M used, 101M committed, 1152M reserved
[153.199s][info][gc,ref      ] GC(292) Soft: 4314 encountered, 0 discovered, 0 enqueued
[153.199s][info][gc,ref      ] GC(292) Weak: 7446 encountered, 6248 discovered, 3 enqueued
[153.199s][info][gc,ref      ] GC(292) Final: 1 encountered, 0 discovered, 0 enqueued
[153.199s][info][gc,ref      ] GC(292) Phantom: 773 encountered, 395 discovered, 0 enqueued
[153.199s][info][gc,reloc    ] GC(292) Small Pages: 483 / 966M, Empty: 640M, Relocated: 3M, In-Place: 0
[153.199s][info][gc,reloc    ] GC(292) Medium Pages: 2 / 64M, Empty: 32M, Relocated: 0M, In-Place: 0
[153.199s][info][gc,reloc    ] GC(292) Large Pages: 7 / 62M, Empty: 0M, Relocated: 0M, In-Place: 0
[153.199s][info][gc,reloc    ] GC(292) Forwarding Usage: 1M
[153.199s][info][gc,heap     ] GC(292) Min Capacity: 2048M(100%)
[153.199s][info][gc,heap     ] GC(292) Max Capacity: 2048M(100%)
[153.199s][info][gc,heap     ] GC(292) Soft Max Capacity: 2048M(100%)
[153.199s][info][gc,heap     ] GC(292)                Mark Start          Mark End        Relocate Start      Relocate End           High               Low         
[153.199s][info][gc,heap     ] GC(292)  Capacity:     2048M (100%)       2048M (100%)       2048M (100%)       2048M (100%)       2048M (100%)       2048M (100%)   
[153.199s][info][gc,heap     ] GC(292)      Free:      956M (47%)         822M (40%)        1432M (70%)        1702M (83%)        1704M (83%)         766M (37%)    
[153.199s][info][gc,heap     ] GC(292)      Used:     1092M (53%)        1226M (60%)         616M (30%)         346M (17%)        1282M (63%)         344M (17%)    
[153.199s][info][gc,heap     ] GC(292)      Live:         -               106M (5%)          106M (5%)          106M (5%)             -                  -          
[153.199s][info][gc,heap     ] GC(292) Allocated:         -               134M (7%)          196M (10%)         201M (10%)            -                  -          
[153.199s][info][gc,heap     ] GC(292)   Garbage:         -               985M (48%)         313M (15%)          37M (2%)             -                  -          
[153.199s][info][gc,heap     ] GC(292) Reclaimed:         -                  -               672M (33%)         947M (46%)            -                  -          
[153.199s][info][gc          ] GC(292) Garbage Collection (Allocation Rate) 1092M(53%)->346M(17%)
[153.598s][info][gc,start    ] GC(293) Garbage Collection (Allocation Rate)
[153.598s][info][gc,task     ] GC(293) Using 1 workers
[153.598s][info][gc,phases   ] GC(293) Pause Mark Start 0.008ms
[153.724s][info][gc,phases   ] GC(293) Concurrent Mark 125.876ms
[153.724s][info][gc,phases   ] GC(293) Pause Mark End 0.011ms
[153.724s][info][gc,phases   ] GC(293) Concurrent Mark Free 0.001ms
[153.751s][info][gc,phases   ] GC(293) Concurrent Process Non-Strong References 26.838ms
[153.751s][info][gc,phases   ] GC(293) Concurrent Reset Relocation Set 0.009ms
[153.757s][info][gc,phases   ] GC(293) Concurrent Select Relocation Set 5.699ms
[153.757s][info][gc,phases   ] GC(293) Pause Relocate Start 0.012ms
[153.797s][info][gc,phases   ] GC(293) Concurrent Relocate 39.363ms
[153.797s][info][gc,load     ] GC(293) Load: 0.00/0.00/0.00
[153.797s][info][gc,mmu      ] GC(293) MMU: 2ms/94.3%, 5ms/97.7%, 10ms/98.9%, 20ms/99.4%, 50ms/99.7%, 100ms/99.8%
[153.797s][info][gc,marking  ] GC(293) Mark: 1 stripe(s), 2 proactive flush(es), 1 terminate flush(es), 0 completion(s), 0 continuation(s) 
[153.797s][info][gc,marking  ] GC(293) Mark Stack Usage: 32M
[153.797s][info][gc,nmethod  ] GC(293) NMethods: 15244 registered, 2270 unregistered
[153.797s][info][gc,metaspace] GC(293) Metaspace: 100M used, 101M committed, 1152M reserved
[153.797s][info][gc,ref      ] GC(293) Soft: 4314 encountered, 0 discovered, 0 enqueued
[153.797s][info][gc,ref      ] GC(293) Weak: 7446 encountered, 6251 discovered, 6 enqueued
[153.797s][info][gc,ref      ] GC(293) Final: 1 encountered, 0 discovered, 0 enqueued
[153.797s][info][gc,ref      ] GC(293) Phantom: 773 encountered, 395 discovered, 0 enqueued
[153.797s][info][gc,reloc    ] GC(293) Small Pages: 585 / 1170M, Empty: 308M, Relocated: 25M, In-Place: 0
[153.797s][info][gc,reloc    ] GC(293) Medium Pages: 2 / 64M, Empty: 0M, Relocated: 3M, In-Place: 0
[153.797s][info][gc,reloc    ] GC(293) Large Pages: 7 / 62M, Empty: 0M, Relocated: 0M, In-Place: 0
[153.797s][info][gc,reloc    ] GC(293) Forwarding Usage: 16M
[153.797s][info][gc,heap     ] GC(293) Min Capacity: 2048M(100%)
[153.797s][info][gc,heap     ] GC(293) Max Capacity: 2048M(100%)
[153.797s][info][gc,heap     ] GC(293) Soft Max Capacity: 2048M(100%)
[153.797s][info][gc,heap     ] GC(293)                Mark Start          Mark End        Relocate Start      Relocate End           High               Low         
[153.797s][info][gc,heap     ] GC(293)  Capacity:     2048M (100%)       2048M (100%)       2048M (100%)       2048M (100%)       2048M (100%)       2048M (100%)   
[153.797s][info][gc,heap     ] GC(293)      Free:      752M (37%)         434M (21%)         664M (32%)        1364M (67%)        1364M (67%)         366M (18%)    
[153.797s][info][gc,heap     ] GC(293)      Used:     1296M (63%)        1614M (79%)        1384M (68%)         684M (33%)        1682M (82%)         684M (33%)    
[153.797s][info][gc,heap     ] GC(293)      Live:         -               134M (7%)          134M (7%)          134M (7%)             -                  -          
[153.797s][info][gc,heap     ] GC(293) Allocated:         -               318M (16%)         396M (19%)         510M (25%)            -                  -          
[153.797s][info][gc,heap     ] GC(293)   Garbage:         -              1161M (57%)         853M (42%)          38M (2%)             -                  -          
[153.797s][info][gc,heap     ] GC(293) Reclaimed:         -                  -               308M (15%)        1122M (55%)            -                  -          
[153.797s][info][gc          ] GC(293) Garbage Collection (Allocation Rate) 1296M(63%)->684M(33%)
[153.900s][info][gc,start    ] GC(294) Garbage Collection (Allocation Rate)
[153.900s][info][gc,task     ] GC(294) Using 1 workers
[153.900s][info][gc,phases   ] GC(294) Pause Mark Start 0.007ms
[154.029s][info][gc,phases   ] GC(294) Concurrent Mark 128.944ms
[154.029s][info][gc,phases   ] GC(294) Pause Mark End 0.016ms
[154.029s][info][gc,phases   ] GC(294) Concurrent Mark Free 0.001ms
[154.056s][info][gc,phases   ] GC(294) Concurrent Process Non-Strong References 26.647ms
[154.056s][info][gc,phases   ] GC(294) Concurrent Reset Relocation Set 0.030ms
[154.059s][info][gc,phases   ] GC(294) Concurrent Select Relocation Set 3.106ms
[154.059s][info][gc,phases   ] GC(294) Pause Relocate Start 0.010ms
[154.064s][info][gc,phases   ] GC(294) Concurrent Relocate 4.292ms
[154.064s][info][gc,load     ] GC(294) Load: 0.00/0.00/0.00
[154.064s][info][gc,mmu      ] GC(294) MMU: 2ms/94.3%, 5ms/97.7%, 10ms/98.9%, 20ms/99.4%, 50ms/99.7%, 100ms/99.8%
[154.064s][info][gc,marking  ] GC(294) Mark: 1 stripe(s), 2 proactive flush(es), 1 terminate flush(es), 0 completion(s), 0 continuation(s) 
[154.064s][info][gc,marking  ] GC(294) Mark Stack Usage: 32M
[154.064s][info][gc,nmethod  ] GC(294) NMethods: 15244 registered, 2270 unregistered
[154.064s][info][gc,metaspace] GC(294) Metaspace: 100M used, 101M committed, 1152M reserved
[154.064s][info][gc,ref      ] GC(294) Soft: 4314 encountered, 0 discovered, 0 enqueued
[154.064s][info][gc,ref      ] GC(294) Weak: 7440 encountered, 6245 discovered, 0 enqueued
[154.064s][info][gc,ref      ] GC(294) Final: 1 encountered, 0 discovered, 0 enqueued
[154.064s][info][gc,ref      ] GC(294) Phantom: 773 encountered, 395 discovered, 0 enqueued
[154.064s][info][gc,reloc    ] GC(294) Small Pages: 408 / 816M, Empty: 294M, Relocated: 3M, In-Place: 0
[154.064s][info][gc,reloc    ] GC(294) Medium Pages: 2 / 64M, Empty: 0M, Relocated: 3M, In-Place: 0
[154.064s][info][gc,reloc    ] GC(294) Large Pages: 7 / 62M, Empty: 0M, Relocated: 0M, In-Place: 0
[154.064s][info][gc,reloc    ] GC(294) Forwarding Usage: 1M
[154.064s][info][gc,heap     ] GC(294) Min Capacity: 2048M(100%)
[154.064s][info][gc,heap     ] GC(294) Max Capacity: 2048M(100%)
[154.064s][info][gc,heap     ] GC(294) Soft Max Capacity: 2048M(100%)
[154.064s][info][gc,heap     ] GC(294)                Mark Start          Mark End        Relocate Start      Relocate End           High               Low         
[154.064s][info][gc,heap     ] GC(294)  Capacity:     2048M (100%)       2048M (100%)       2048M (100%)       2048M (100%)       2048M (100%)       2048M (100%)   
[154.064s][info][gc,heap     ] GC(294)      Free:     1106M (54%)         778M (38%)         998M (49%)        1440M (70%)        1440M (70%)         710M (35%)    
[154.064s][info][gc,heap     ] GC(294)      Used:      942M (46%)        1270M (62%)        1050M (51%)         608M (30%)        1338M (65%)         608M (30%)    
[154.064s][info][gc,heap     ] GC(294)      Live:         -               134M (7%)          134M (7%)          134M (7%)             -                  -          
[154.064s][info][gc,heap     ] GC(294) Allocated:         -               328M (16%)         402M (20%)         437M (21%)            -                  -          
[154.064s][info][gc,heap     ] GC(294)   Garbage:         -               807M (39%)         513M (25%)          35M (2%)             -                  -          
[154.064s][info][gc,heap     ] GC(294) Reclaimed:         -                  -               294M (14%)         771M (38%)            -                  -          
[154.064s][info][gc          ] GC(294) Garbage Collection (Allocation Rate) 942M(46%)->608M(30%)
[154.084s][info][gc,start    ] GC(295) Garbage Collection (System.gc())
[154.084s][info][gc,task     ] GC(295) Using 2 workers
[154.084s][info][gc,phases   ] GC(295) Pause Mark Start 0.005ms
[154.122s][info][gc,phases   ] GC(295) Concurrent Mark 37.839ms
[154.122s][info][gc,phases   ] GC(295) Pause Mark End 0.023ms
[154.122s][info][gc,phases   ] GC(295) Concurrent Mark Free 0.002ms
[154.135s][info][gc,phases   ] GC(295) Concurrent Process Non-Strong References 12.736ms
[154.135s][info][gc,phases   ] GC(295) Concurrent Reset Relocation Set 0.013ms
[154.137s][info][gc,phases   ] GC(295) Concurrent Select Relocation Set 1.446ms
[154.137s][info][gc,phases   ] GC(295) Pause Relocate Start 0.010ms
[154.138s][info][gc,phases   ] GC(295) Concurrent Relocate 0.666ms
[154.138s][info][gc,load     ] GC(295) Load: 0.00/0.00/0.00
[154.138s][info][gc,mmu      ] GC(295) MMU: 2ms/94.3%, 5ms/97.7%, 10ms/98.9%, 20ms/99.4%, 50ms/99.7%, 100ms/99.8%
[154.138s][info][gc,marking  ] GC(295) Mark: 2 stripe(s), 2 proactive flush(es), 1 terminate flush(es), 0 completion(s), 0 continuation(s) 
[154.138s][info][gc,marking  ] GC(295) Mark Stack Usage: 32M
[154.138s][info][gc,nmethod  ] GC(295) NMethods: 15244 registered, 2270 unregistered
[154.138s][info][gc,metaspace] GC(295) Metaspace: 100M used, 101M committed, 1152M reserved
[154.138s][info][gc,ref      ] GC(295) Soft: 4314 encountered, 0 discovered, 0 enqueued
[154.138s][info][gc,ref      ] GC(295) Weak: 7439 encountered, 275 discovered, 3 enqueued
[154.138s][info][gc,ref      ] GC(295) Final: 1 encountered, 1 discovered, 0 enqueued
[154.138s][info][gc,ref      ] GC(295) Phantom: 773 encountered, 630 discovered, 0 enqueued
[154.138s][info][gc,reloc    ] GC(295) Small Pages: 252 / 504M, Empty: 434M, Relocated: 1M, In-Place: 0
[154.138s][info][gc,reloc    ] GC(295) Medium Pages: 2 / 64M, Empty: 32M, Relocated: 0M, In-Place: 0
[154.138s][info][gc,reloc    ] GC(295) Large Pages: 7 / 62M, Empty: 0M, Relocated: 0M, In-Place: 0
[154.138s][info][gc,reloc    ] GC(295) Forwarding Usage: 0M
[154.138s][info][gc,heap     ] GC(295) Min Capacity: 2048M(100%)
[154.138s][info][gc,heap     ] GC(295) Max Capacity: 2048M(100%)
[154.138s][info][gc,heap     ] GC(295) Soft Max Capacity: 2048M(100%)
[154.138s][info][gc,heap     ] GC(295)                Mark Start          Mark End        Relocate Start      Relocate End           High               Low         
[154.138s][info][gc,heap     ] GC(295)  Capacity:     2048M (100%)       2048M (100%)       2048M (100%)       2048M (100%)       2048M (100%)       2048M (100%)   
[154.138s][info][gc,heap     ] GC(295)      Free:     1418M (69%)        1418M (69%)        1884M (92%)        1902M (93%)        1902M (93%)        1418M (69%)    
[154.138s][info][gc,heap     ] GC(295)      Used:      630M (31%)         630M (31%)         164M (8%)          146M (7%)          630M (31%)         146M (7%)     
[154.138s][info][gc,heap     ] GC(295)      Live:         -               106M (5%)          106M (5%)          106M (5%)             -                  -          
[154.138s][info][gc,heap     ] GC(295) Allocated:         -                 0M (0%)            0M (0%)            0M (0%)             -                  -          
[154.138s][info][gc,heap     ] GC(295)   Garbage:         -               523M (26%)          57M (3%)           39M (2%)             -                  -          
[154.138s][info][gc,heap     ] GC(295) Reclaimed:         -                  -               466M (23%)         484M (24%)            -                  -          
[154.138s][info][gc          ] GC(295) Garbage Collection (System.gc()) 630M(31%)->146M(7%)
[154.697s][info][gc,start    ] GC(296) Garbage Collection (Allocation Rate)
[154.697s][info][gc,task     ] GC(296) Using 1 workers
[154.697s][info][gc,phases   ] GC(296) Pause Mark Start 0.011ms
[154.758s][info][gc,phases   ] GC(296) Concurrent Mark 60.765ms
[154.758s][info][gc,phases   ] GC(296) Pause Mark End 0.013ms
[154.758s][info][gc,phases   ] GC(296) Concurrent Mark Free 0.001ms
[154.784s][info][gc,phases   ] GC(296) Concurrent Process Non-Strong References 26.157ms
[154.784s][info][gc,phases   ] GC(296) Concurrent Reset Relocation Set 0.003ms
[154.786s][info][gc,phases   ] GC(296) Concurrent Select Relocation Set 1.918ms
[154.786s][info][gc,phases   ] GC(296) Pause Relocate Start 0.012ms
[154.790s][info][gc,phases   ] GC(296) Concurrent Relocate 3.272ms
[154.790s][info][gc,load     ] GC(296) Load: 0.00/0.00/0.00
[154.790s][info][gc,mmu      ] GC(296) MMU: 2ms/94.3%, 5ms/97.7%, 10ms/98.9%, 20ms/99.4%, 50ms/99.7%, 100ms/99.8%
[154.790s][info][gc,marking  ] GC(296) Mark: 1 stripe(s), 2 proactive flush(es), 1 terminate flush(es), 0 completion(s), 0 continuation(s) 
[154.790s][info][gc,marking  ] GC(296) Mark Stack Usage: 32M
[154.790s][info][gc,nmethod  ] GC(296) NMethods: 15245 registered, 2270 unregistered
[154.790s][info][gc,metaspace] GC(296) Metaspace: 100M used, 101M committed, 1152M reserved
[154.790s][info][gc,ref      ] GC(296) Soft: 4314 encountered, 0 discovered, 0 enqueued
[154.790s][info][gc,ref      ] GC(296) Weak: 7446 encountered, 6248 discovered, 3 enqueued
[154.790s][info][gc,ref      ] GC(296) Final: 1 encountered, 0 discovered, 0 enqueued
[154.790s][info][gc,ref      ] GC(296) Phantom: 773 encountered, 395 discovered, 0 enqueued
[154.790s][info][gc,reloc    ] GC(296) Small Pages: 525 / 1050M, Empty: 642M, Relocated: 0M, In-Place: 0
[154.790s][info][gc,reloc    ] GC(296) Medium Pages: 2 / 64M, Empty: 32M, Relocated: 0M, In-Place: 0
[154.790s][info][gc,reloc    ] GC(296) Large Pages: 7 / 62M, Empty: 0M, Relocated: 0M, In-Place: 0
[154.790s][info][gc,reloc    ] GC(296) Forwarding Usage: 0M
[154.790s][info][gc,heap     ] GC(296) Min Capacity: 2048M(100%)
[154.790s][info][gc,heap     ] GC(296) Max Capacity: 2048M(100%)
[154.790s][info][gc,heap     ] GC(296) Soft Max Capacity: 2048M(100%)
[154.790s][info][gc,heap     ] GC(296)                Mark Start          Mark End        Relocate Start      Relocate End           High               Low         
[154.790s][info][gc,heap     ] GC(296)  Capacity:     2048M (100%)       2048M (100%)       2048M (100%)       2048M (100%)       2048M (100%)       2048M (100%)   
[154.790s][info][gc,heap     ] GC(296)      Free:      872M (43%)         740M (36%)        1354M (66%)        1704M (83%)        1704M (83%)         684M (33%)    
[154.790s][info][gc,heap     ] GC(296)      Used:     1176M (57%)        1308M (64%)         694M (34%)         344M (17%)        1364M (67%)         344M (17%)    
[154.790s][info][gc,heap     ] GC(296)      Live:         -               107M (5%)          107M (5%)          107M (5%)             -                  -          
[154.790s][info][gc,heap     ] GC(296) Allocated:         -               132M (6%)          192M (9%)          197M (10%)            -                  -          
[154.790s][info][gc,heap     ] GC(296)   Garbage:         -              1068M (52%)         394M (19%)          38M (2%)             -                  -          
[154.790s][info][gc,heap     ] GC(296) Reclaimed:         -                  -               674M (33%)        1029M (50%)            -                  -          
[154.790s][info][gc          ] GC(296) Garbage Collection (Allocation Rate) 1176M(57%)->344M(17%)
[155.192s][info][gc,start    ] GC(297) Garbage Collection (Allocation Rate)
[155.193s][info][gc,task     ] GC(297) Using 1 workers
[155.193s][info][gc,phases   ] GC(297) Pause Mark Start 0.011ms
[155.314s][info][gc,phases   ] GC(297) Concurrent Mark 121.354ms
[155.314s][info][gc,phases   ] GC(297) Pause Mark End 0.012ms
[155.314s][info][gc,phases   ] GC(297) Concurrent Mark Free 0.001ms
[155.341s][info][gc,phases   ] GC(297) Concurrent Process Non-Strong References 26.470ms
[155.341s][info][gc,phases   ] GC(297) Concurrent Reset Relocation Set 0.010ms
[155.347s][info][gc,phases   ] GC(297) Concurrent Select Relocation Set 5.837ms
[155.347s][info][gc,phases   ] GC(297) Pause Relocate Start 0.016ms
[155.387s][info][gc,phases   ] GC(297) Concurrent Relocate 39.905ms
[155.387s][info][gc,load     ] GC(297) Load: 0.00/0.00/0.00
[155.387s][info][gc,mmu      ] GC(297) MMU: 2ms/94.3%, 5ms/97.7%, 10ms/98.9%, 20ms/99.4%, 50ms/99.7%, 100ms/99.8%
[155.387s][info][gc,marking  ] GC(297) Mark: 1 stripe(s), 2 proactive flush(es), 1 terminate flush(es), 0 completion(s), 0 continuation(s) 
[155.387s][info][gc,marking  ] GC(297) Mark Stack Usage: 32M
[155.387s][info][gc,nmethod  ] GC(297) NMethods: 15245 registered, 2270 unregistered
[155.387s][info][gc,metaspace] GC(297) Metaspace: 100M used, 101M committed, 1152M reserved
[155.387s][info][gc,ref      ] GC(297) Soft: 4314 encountered, 0 discovered, 0 enqueued
[155.387s][info][gc,ref      ] GC(297) Weak: 7446 encountered, 6251 discovered, 6 enqueued
[155.387s][info][gc,ref      ] GC(297) Final: 1 encountered, 0 discovered, 0 enqueued
[155.387s][info][gc,ref      ] GC(297) Phantom: 773 encountered, 395 discovered, 0 enqueued
[155.387s][info][gc,reloc    ] GC(297) Small Pages: 589 / 1178M, Empty: 262M, Relocated: 26M, In-Place: 0
[155.387s][info][gc,reloc    ] GC(297) Medium Pages: 2 / 64M, Empty: 0M, Relocated: 3M, In-Place: 0
[155.387s][info][gc,reloc    ] GC(297) Large Pages: 7 / 62M, Empty: 0M, Relocated: 0M, In-Place: 0
[155.387s][info][gc,reloc    ] GC(297) Forwarding Usage: 16M
[155.387s][info][gc,heap     ] GC(297) Min Capacity: 2048M(100%)
[155.387s][info][gc,heap     ] GC(297) Max Capacity: 2048M(100%)
[155.387s][info][gc,heap     ] GC(297) Soft Max Capacity: 2048M(100%)
[155.387s][info][gc,heap     ] GC(297)                Mark Start          Mark End        Relocate Start      Relocate End           High               Low         
[155.387s][info][gc,heap     ] GC(297)  Capacity:     2048M (100%)       2048M (100%)       2048M (100%)       2048M (100%)       2048M (100%)       2048M (100%)   
[155.388s][info][gc,heap     ] GC(297)      Free:      744M (36%)         434M (21%)         618M (30%)        1372M (67%)        1372M (67%)         368M (18%)    
[155.388s][info][gc,heap     ] GC(297)      Used:     1304M (64%)        1614M (79%)        1430M (70%)         676M (33%)        1680M (82%)         676M (33%)    
[155.388s][info][gc,heap     ] GC(297)      Live:         -               134M (7%)          134M (7%)          134M (7%)             -                  -          
[155.388s][info][gc,heap     ] GC(297) Allocated:         -               310M (15%)         388M (19%)         502M (25%)            -                  -          
[155.388s][info][gc,heap     ] GC(297)   Garbage:         -              1169M (57%)         907M (44%)          38M (2%)             -                  -          
[155.388s][info][gc,heap     ] GC(297) Reclaimed:         -                  -               262M (13%)        1130M (55%)            -                  -          
[155.388s][info][gc          ] GC(297) Garbage Collection (Allocation Rate) 1304M(64%)->676M(33%)
[155.496s][info][gc,start    ] GC(298) Garbage Collection (Allocation Rate)
[155.496s][info][gc,task     ] GC(298) Using 1 workers
[155.496s][info][gc,phases   ] GC(298) Pause Mark Start 0.010ms
[155.620s][info][gc,phases   ] GC(298) Concurrent Mark 123.595ms
[155.620s][info][gc,phases   ] GC(298) Pause Mark End 0.011ms
[155.620s][info][gc,phases   ] GC(298) Concurrent Mark Free 0.001ms
[155.645s][info][gc,phases   ] GC(298) Concurrent Process Non-Strong References 24.904ms
[155.645s][info][gc,phases   ] GC(298) Concurrent Reset Relocation Set 0.033ms
[155.649s][info][gc,phases   ] GC(298) Concurrent Select Relocation Set 3.620ms
[155.649s][info][gc,phases   ] GC(298) Pause Relocate Start 0.008ms
[155.655s][info][gc,phases   ] GC(298) Concurrent Relocate 6.369ms
[155.655s][info][gc,load     ] GC(298) Load: 0.00/0.00/0.00
[155.655s][info][gc,mmu      ] GC(298) MMU: 2ms/94.3%, 5ms/97.7%, 10ms/98.9%, 20ms/99.4%, 50ms/99.7%, 100ms/99.8%
[155.655s][info][gc,marking  ] GC(298) Mark: 1 stripe(s), 2 proactive flush(es), 1 terminate flush(es), 0 completion(s), 0 continuation(s) 
[155.655s][info][gc,marking  ] GC(298) Mark Stack Usage: 32M
[155.655s][info][gc,nmethod  ] GC(298) NMethods: 15245 registered, 2270 unregistered
[155.655s][info][gc,metaspace] GC(298) Metaspace: 100M used, 101M committed, 1152M reserved
[155.655s][info][gc,ref      ] GC(298) Soft: 4314 encountered, 0 discovered, 0 enqueued
[155.655s][info][gc,ref      ] GC(298) Weak: 7440 encountered, 6245 discovered, 0 enqueued
[155.655s][info][gc,ref      ] GC(298) Final: 1 encountered, 0 discovered, 0 enqueued
[155.655s][info][gc,ref      ] GC(298) Phantom: 773 encountered, 395 discovered, 0 enqueued
[155.655s][info][gc,reloc    ] GC(298) Small Pages: 411 / 822M, Empty: 320M, Relocated: 5M, In-Place: 0
[155.655s][info][gc,reloc    ] GC(298) Medium Pages: 2 / 64M, Empty: 0M, Relocated: 3M, In-Place: 0
[155.655s][info][gc,reloc    ] GC(298) Large Pages: 7 / 62M, Empty: 0M, Relocated: 0M, In-Place: 0
[155.655s][info][gc,reloc    ] GC(298) Forwarding Usage: 2M
[155.655s][info][gc,heap     ] GC(298) Min Capacity: 2048M(100%)
[155.655s][info][gc,heap     ] GC(298) Max Capacity: 2048M(100%)
[155.655s][info][gc,heap     ] GC(298) Soft Max Capacity: 2048M(100%)
[155.655s][info][gc,heap     ] GC(298)                Mark Start          Mark End        Relocate Start      Relocate End           High               Low         
[155.655s][info][gc,heap     ] GC(298)  Capacity:     2048M (100%)       2048M (100%)       2048M (100%)       2048M (100%)       2048M (100%)       2048M (100%)   
[155.655s][info][gc,heap     ] GC(298)      Free:     1100M (54%)         796M (39%)        1090M (53%)        1546M (75%)        1548M (76%)         770M (38%)    
[155.655s][info][gc,heap     ] GC(298)      Used:      948M (46%)        1252M (61%)         958M (47%)         502M (25%)        1278M (62%)         500M (24%)    
[155.655s][info][gc,heap     ] GC(298)      Live:         -               134M (7%)          134M (7%)          134M (7%)             -                  -          
[155.655s][info][gc,heap     ] GC(298) Allocated:         -               304M (15%)         330M (16%)         332M (16%)            -                  -          
[155.655s][info][gc,heap     ] GC(298)   Garbage:         -               813M (40%)         493M (24%)          35M (2%)             -                  -          
[155.655s][info][gc,heap     ] GC(298) Reclaimed:         -                  -               320M (16%)         778M (38%)            -                  -          
[155.656s][info][gc          ] GC(298) Garbage Collection (Allocation Rate) 948M(46%)->502M(25%)
[155.656s][info][gc,start    ] GC(299) Garbage Collection (System.gc())
[155.656s][info][gc,task     ] GC(299) Using 2 workers
[155.656s][info][gc,phases   ] GC(299) Pause Mark Start 0.005ms
[155.702s][info][gc,phases   ] GC(299) Concurrent Mark 46.392ms
[155.702s][info][gc,phases   ] GC(299) Pause Mark End 0.015ms
[155.702s][info][gc,phases   ] GC(299) Concurrent Mark Free 0.002ms
[155.715s][info][gc,phases   ] GC(299) Concurrent Process Non-Strong References 12.692ms
[155.715s][info][gc,phases   ] GC(299) Concurrent Reset Relocation Set 0.015ms
[155.716s][info][gc,phases   ] GC(299) Concurrent Select Relocation Set 1.333ms
[155.717s][info][gc,phases   ] GC(299) Pause Relocate Start 0.010ms
[155.717s][info][gc,phases   ] GC(299) Concurrent Relocate 0.798ms
[155.717s][info][gc,load     ] GC(299) Load: 0.00/0.00/0.00
[155.717s][info][gc,mmu      ] GC(299) MMU: 2ms/94.3%, 5ms/97.7%, 10ms/98.9%, 20ms/99.4%, 50ms/99.7%, 100ms/99.8%
[155.718s][info][gc,marking  ] GC(299) Mark: 2 stripe(s), 2 proactive flush(es), 1 terminate flush(es), 0 completion(s), 0 continuation(s) 
[155.718s][info][gc,marking  ] GC(299) Mark Stack Usage: 32M
[155.718s][info][gc,nmethod  ] GC(299) NMethods: 15245 registered, 2270 unregistered
[155.718s][info][gc,metaspace] GC(299) Metaspace: 100M used, 101M committed, 1152M reserved
[155.718s][info][gc,ref      ] GC(299) Soft: 4314 encountered, 0 discovered, 0 enqueued
[155.718s][info][gc,ref      ] GC(299) Weak: 7439 encountered, 288 discovered, 3 enqueued
[155.718s][info][gc,ref      ] GC(299) Final: 1 encountered, 0 discovered, 0 enqueued
[155.718s][info][gc,ref      ] GC(299) Phantom: 773 encountered, 624 discovered, 0 enqueued
[155.718s][info][gc,reloc    ] GC(299) Small Pages: 204 / 408M, Empty: 342M, Relocated: 1M, In-Place: 0
[155.718s][info][gc,reloc    ] GC(299) Medium Pages: 1 / 32M, Empty: 0M, Relocated: 0M, In-Place: 0
[155.718s][info][gc,reloc    ] GC(299) Large Pages: 7 / 62M, Empty: 0M, Relocated: 0M, In-Place: 0
[155.718s][info][gc,reloc    ] GC(299) Forwarding Usage: 0M
[155.718s][info][gc,heap     ] GC(299) Min Capacity: 2048M(100%)
[155.718s][info][gc,heap     ] GC(299) Max Capacity: 2048M(100%)
[155.718s][info][gc,heap     ] GC(299) Soft Max Capacity: 2048M(100%)
[155.718s][info][gc,heap     ] GC(299)                Mark Start          Mark End        Relocate Start      Relocate End           High               Low         
[155.718s][info][gc,heap     ] GC(299)  Capacity:     2048M (100%)       2048M (100%)       2048M (100%)       2048M (100%)       2048M (100%)       2048M (100%)   
[155.718s][info][gc,heap     ] GC(299)      Free:     1546M (75%)        1546M (75%)        1888M (92%)        1902M (93%)        1902M (93%)        1546M (75%)    
[155.718s][info][gc,heap     ] GC(299)      Used:      502M (25%)         502M (25%)         160M (8%)          146M (7%)          502M (25%)         146M (7%)     
[155.718s][info][gc,heap     ] GC(299)      Live:         -               106M (5%)          106M (5%)          106M (5%)             -                  -          
[155.718s][info][gc,heap     ] GC(299) Allocated:         -                 0M (0%)            0M (0%)            0M (0%)             -                  -          
[155.718s][info][gc,heap     ] GC(299)   Garbage:         -               395M (19%)          53M (3%)           39M (2%)             -                  -          
[155.718s][info][gc,heap     ] GC(299) Reclaimed:         -                  -               342M (17%)         356M (17%)            -                  -          
[155.718s][info][gc          ] GC(299) Garbage Collection (System.gc()) 502M(25%)->146M(7%)
[156.309s][info][gc,start    ] GC(300) Garbage Collection (Allocation Rate)
[156.309s][info][gc,task     ] GC(300) Using 1 workers
[156.309s][info][gc,phases   ] GC(300) Pause Mark Start 0.011ms
[156.371s][info][gc,phases   ] GC(300) Concurrent Mark 61.803ms
[156.371s][info][gc,phases   ] GC(300) Pause Mark End 0.017ms
[156.371s][info][gc,phases   ] GC(300) Concurrent Mark Free 0.001ms
[156.397s][info][gc,phases   ] GC(300) Concurrent Process Non-Strong References 25.918ms
[156.397s][info][gc,phases   ] GC(300) Concurrent Reset Relocation Set 0.001ms
[156.400s][info][gc,phases   ] GC(300) Concurrent Select Relocation Set 3.123ms
[156.400s][info][gc,phases   ] GC(300) Pause Relocate Start 0.012ms
[156.405s][info][gc,phases   ] GC(300) Concurrent Relocate 4.304ms
[156.405s][info][gc,load     ] GC(300) Load: 0.00/0.00/0.00
[156.405s][info][gc,mmu      ] GC(300) MMU: 2ms/94.3%, 5ms/97.7%, 10ms/98.9%, 20ms/99.4%, 50ms/99.7%, 100ms/99.8%
[156.405s][info][gc,marking  ] GC(300) Mark: 1 stripe(s), 2 proactive flush(es), 1 terminate flush(es), 0 completion(s), 0 continuation(s) 
[156.405s][info][gc,marking  ] GC(300) Mark Stack Usage: 32M
[156.405s][info][gc,nmethod  ] GC(300) NMethods: 15245 registered, 2270 unregistered
[156.405s][info][gc,metaspace] GC(300) Metaspace: 100M used, 101M committed, 1152M reserved
[156.405s][info][gc,ref      ] GC(300) Soft: 4314 encountered, 0 discovered, 0 enqueued
[156.405s][info][gc,ref      ] GC(300) Weak: 7446 encountered, 6251 discovered, 1 enqueued
[156.405s][info][gc,ref      ] GC(300) Final: 1 encountered, 0 discovered, 0 enqueued
[156.405s][info][gc,ref      ] GC(300) Phantom: 773 encountered, 395 discovered, 0 enqueued
[156.405s][info][gc,reloc    ] GC(300) Small Pages: 559 / 1118M, Empty: 638M, Relocated: 1M, In-Place: 0
[156.405s][info][gc,reloc    ] GC(300) Medium Pages: 2 / 64M, Empty: 32M, Relocated: 0M, In-Place: 0
[156.405s][info][gc,reloc    ] GC(300) Large Pages: 7 / 62M, Empty: 0M, Relocated: 0M, In-Place: 0
[156.405s][info][gc,reloc    ] GC(300) Forwarding Usage: 0M
[156.405s][info][gc,heap     ] GC(300) Min Capacity: 2048M(100%)
[156.405s][info][gc,heap     ] GC(300) Max Capacity: 2048M(100%)
[156.405s][info][gc,heap     ] GC(300) Soft Max Capacity: 2048M(100%)
[156.405s][info][gc,heap     ] GC(300)                Mark Start          Mark End        Relocate Start      Relocate End           High               Low         
[156.405s][info][gc,heap     ] GC(300)  Capacity:     2048M (100%)       2048M (100%)       2048M (100%)       2048M (100%)       2048M (100%)       2048M (100%)   
[156.405s][info][gc,heap     ] GC(300)      Free:      804M (39%)         670M (33%)        1278M (62%)        1696M (83%)        1696M (83%)         614M (30%)    
[156.405s][info][gc,heap     ] GC(300)      Used:     1244M (61%)        1378M (67%)         770M (38%)         352M (17%)        1434M (70%)         352M (17%)    
[156.405s][info][gc,heap     ] GC(300)      Live:         -               107M (5%)          107M (5%)          107M (5%)             -                  -          
[156.405s][info][gc,heap     ] GC(300) Allocated:         -               134M (7%)          196M (10%)         205M (10%)            -                  -          
[156.405s][info][gc,heap     ] GC(300)   Garbage:         -              1136M (56%)         466M (23%)          38M (2%)             -                  -          
[156.405s][info][gc,heap     ] GC(300) Reclaimed:         -                  -               670M (33%)        1097M (54%)            -                  -          
[156.405s][info][gc          ] GC(300) Garbage Collection (Allocation Rate) 1244M(61%)->352M(17%)
[156.899s][info][gc,start    ] GC(301) Garbage Collection (Allocation Rate)
[156.899s][info][gc,task     ] GC(301) Using 1 workers
[156.899s][info][gc,phases   ] GC(301) Pause Mark Start 0.009ms
[157.024s][info][gc,phases   ] GC(301) Concurrent Mark 125.076ms
[157.024s][info][gc,phases   ] GC(301) Pause Mark End 0.017ms
[157.024s][info][gc,phases   ] GC(301) Concurrent Mark Free 0.002ms
[157.051s][info][gc,phases   ] GC(301) Concurrent Process Non-Strong References 26.273ms
[157.051s][info][gc,phases   ] GC(301) Concurrent Reset Relocation Set 0.013ms
[157.057s][info][gc,phases   ] GC(301) Concurrent Select Relocation Set 6.026ms
[157.057s][info][gc,phases   ] GC(301) Pause Relocate Start 0.015ms
[157.099s][info][gc,phases   ] GC(301) Concurrent Relocate 41.332ms
[157.099s][info][gc,load     ] GC(301) Load: 0.00/0.00/0.00
[157.099s][info][gc,mmu      ] GC(301) MMU: 2ms/94.3%, 5ms/97.7%, 10ms/98.9%, 20ms/99.4%, 50ms/99.7%, 100ms/99.8%
[157.099s][info][gc,marking  ] GC(301) Mark: 1 stripe(s), 2 proactive flush(es), 1 terminate flush(es), 0 completion(s), 0 continuation(s) 
[157.099s][info][gc,marking  ] GC(301) Mark Stack Usage: 32M
[157.099s][info][gc,nmethod  ] GC(301) NMethods: 15246 registered, 2270 unregistered
[157.099s][info][gc,metaspace] GC(301) Metaspace: 100M used, 101M committed, 1152M reserved
[157.099s][info][gc,ref      ] GC(301) Soft: 4314 encountered, 0 discovered, 0 enqueued
[157.099s][info][gc,ref      ] GC(301) Weak: 7446 encountered, 6251 discovered, 6 enqueued
[157.099s][info][gc,ref      ] GC(301) Final: 1 encountered, 0 discovered, 0 enqueued
[157.099s][info][gc,ref      ] GC(301) Phantom: 773 encountered, 395 discovered, 0 enqueued
[157.099s][info][gc,reloc    ] GC(301) Small Pages: 717 / 1434M, Empty: 334M, Relocated: 27M, In-Place: 0
[157.099s][info][gc,reloc    ] GC(301) Medium Pages: 2 / 64M, Empty: 0M, Relocated: 3M, In-Place: 0
[157.099s][info][gc,reloc    ] GC(301) Large Pages: 7 / 62M, Empty: 0M, Relocated: 0M, In-Place: 0
[157.099s][info][gc,reloc    ] GC(301) Forwarding Usage: 16M
[157.099s][info][gc,heap     ] GC(301) Min Capacity: 2048M(100%)
[157.099s][info][gc,heap     ] GC(301) Max Capacity: 2048M(100%)
[157.099s][info][gc,heap     ] GC(301) Soft Max Capacity: 2048M(100%)
[157.099s][info][gc,heap     ] GC(301)                Mark Start          Mark End        Relocate Start      Relocate End           High               Low         
[157.099s][info][gc,heap     ] GC(301)  Capacity:     2048M (100%)       2048M (100%)       2048M (100%)       2048M (100%)       2048M (100%)       2048M (100%)   
[157.099s][info][gc,heap     ] GC(301)      Free:      488M (24%)         184M (9%)          436M (21%)        1366M (67%)        1366M (67%)         116M (6%)     
[157.099s][info][gc,heap     ] GC(301)      Used:     1560M (76%)        1864M (91%)        1612M (79%)         682M (33%)        1932M (94%)         682M (33%)    
[157.099s][info][gc,heap     ] GC(301)      Live:         -               134M (7%)          134M (7%)          134M (7%)             -                  -          
[157.099s][info][gc,heap     ] GC(301) Allocated:         -               304M (15%)         386M (19%)         510M (25%)            -                  -          
[157.099s][info][gc,heap     ] GC(301)   Garbage:         -              1425M (70%)        1091M (53%)          36M (2%)             -                  -          
[157.099s][info][gc,heap     ] GC(301) Reclaimed:         -                  -               334M (16%)        1388M (68%)            -                  -          
[157.099s][info][gc          ] GC(301) Garbage Collection (Allocation Rate) 1560M(76%)->682M(33%)
[157.201s][info][gc,start    ] GC(302) Garbage Collection (Allocation Rate)
[157.201s][info][gc,task     ] GC(302) Using 1 workers
[157.201s][info][gc,phases   ] GC(302) Pause Mark Start 0.012ms
[157.290s][info][gc,phases   ] GC(302) Concurrent Mark 88.427ms
[157.290s][info][gc,phases   ] GC(302) Pause Mark End 0.017ms
[157.290s][info][gc,phases   ] GC(302) Concurrent Mark Free 0.002ms
[157.314s][info][gc,phases   ] GC(302) Concurrent Process Non-Strong References 24.251ms
[157.314s][info][gc,phases   ] GC(302) Concurrent Reset Relocation Set 0.033ms
[157.317s][info][gc,phases   ] GC(302) Concurrent Select Relocation Set 2.558ms
[157.317s][info][gc,phases   ] GC(302) Pause Relocate Start 0.009ms
[157.331s][info][gc,phases   ] GC(302) Concurrent Relocate 13.566ms
[157.331s][info][gc,load     ] GC(302) Load: 0.00/0.00/0.00
[157.331s][info][gc,mmu      ] GC(302) MMU: 2ms/94.3%, 5ms/97.7%, 10ms/98.9%, 20ms/99.4%, 50ms/99.7%, 100ms/99.8%
[157.331s][info][gc,marking  ] GC(302) Mark: 1 stripe(s), 2 proactive flush(es), 1 terminate flush(es), 0 completion(s), 0 continuation(s) 
[157.331s][info][gc,marking  ] GC(302) Mark Stack Usage: 32M
[157.331s][info][gc,nmethod  ] GC(302) NMethods: 15246 registered, 2270 unregistered
[157.331s][info][gc,metaspace] GC(302) Metaspace: 100M used, 101M committed, 1152M reserved
[157.331s][info][gc,ref      ] GC(302) Soft: 4314 encountered, 0 discovered, 0 enqueued
[157.331s][info][gc,ref      ] GC(302) Weak: 7439 encountered, 6246 discovered, 3 enqueued
[157.331s][info][gc,ref      ] GC(302) Final: 1 encountered, 0 discovered, 0 enqueued
[157.331s][info][gc,ref      ] GC(302) Phantom: 773 encountered, 395 discovered, 0 enqueued
[157.331s][info][gc,reloc    ] GC(302) Small Pages: 398 / 796M, Empty: 524M, Relocated: 11M, In-Place: 0
[157.331s][info][gc,reloc    ] GC(302) Medium Pages: 2 / 64M, Empty: 0M, Relocated: 2M, In-Place: 0
[157.331s][info][gc,reloc    ] GC(302) Large Pages: 7 / 62M, Empty: 0M, Relocated: 0M, In-Place: 0
[157.331s][info][gc,reloc    ] GC(302) Forwarding Usage: 6M
[157.331s][info][gc,heap     ] GC(302) Min Capacity: 2048M(100%)
[157.331s][info][gc,heap     ] GC(302) Max Capacity: 2048M(100%)
[157.331s][info][gc,heap     ] GC(302) Soft Max Capacity: 2048M(100%)
[157.331s][info][gc,heap     ] GC(302)                Mark Start          Mark End        Relocate Start      Relocate End           High               Low         
[157.331s][info][gc,heap     ] GC(302)  Capacity:     2048M (100%)       2048M (100%)       2048M (100%)       2048M (100%)       2048M (100%)       2048M (100%)   
[157.331s][info][gc,heap     ] GC(302)      Free:     1126M (55%)        1102M (54%)        1624M (79%)        1864M (91%)        1864M (91%)        1100M (54%)    
[157.331s][info][gc,heap     ] GC(302)      Used:      922M (45%)         946M (46%)         424M (21%)         184M (9%)          948M (46%)         184M (9%)     
[157.331s][info][gc,heap     ] GC(302)      Live:         -               120M (6%)          120M (6%)          120M (6%)             -                  -          
[157.331s][info][gc,heap     ] GC(302) Allocated:         -                24M (1%)           26M (1%)           26M (1%)             -                  -          
[157.331s][info][gc,heap     ] GC(302)   Garbage:         -               801M (39%)         277M (14%)          37M (2%)             -                  -          
[157.331s][info][gc,heap     ] GC(302) Reclaimed:         -                  -               524M (26%)         764M (37%)            -                  -          
[157.331s][info][gc          ] GC(302) Garbage Collection (Allocation Rate) 922M(45%)->184M(9%)
[157.331s][info][gc,start    ] GC(303) Garbage Collection (System.gc())
[157.331s][info][gc,task     ] GC(303) Using 2 workers
[157.331s][info][gc,phases   ] GC(303) Pause Mark Start 0.006ms
[157.393s][info][gc,phases   ] GC(303) Concurrent Mark 61.900ms
[157.394s][info][gc,phases   ] GC(303) Pause Mark End 0.024ms
[157.394s][info][gc,phases   ] GC(303) Concurrent Mark Free 0.002ms
[157.408s][info][gc,phases   ] GC(303) Concurrent Process Non-Strong References 14.268ms
[157.408s][info][gc,phases   ] GC(303) Concurrent Reset Relocation Set 0.007ms
[157.410s][info][gc,phases   ] GC(303) Concurrent Select Relocation Set 1.616ms
[157.410s][info][gc,phases   ] GC(303) Pause Relocate Start 0.009ms
[157.411s][info][gc,phases   ] GC(303) Concurrent Relocate 0.803ms
[157.411s][info][gc,load     ] GC(303) Load: 0.00/0.00/0.00
[157.411s][info][gc,mmu      ] GC(303) MMU: 2ms/94.3%, 5ms/97.7%, 10ms/98.9%, 20ms/99.4%, 50ms/99.7%, 100ms/99.8%
[157.411s][info][gc,marking  ] GC(303) Mark: 2 stripe(s), 2 proactive flush(es), 1 terminate flush(es), 0 completion(s), 0 continuation(s) 
[157.411s][info][gc,marking  ] GC(303) Mark Stack Usage: 32M
[157.411s][info][gc,nmethod  ] GC(303) NMethods: 15246 registered, 2270 unregistered
[157.411s][info][gc,metaspace] GC(303) Metaspace: 100M used, 101M committed, 1152M reserved
[157.411s][info][gc,ref      ] GC(303) Soft: 4314 encountered, 0 discovered, 0 enqueued
[157.411s][info][gc,ref      ] GC(303) Weak: 7436 encountered, 94 discovered, 0 enqueued
[157.411s][info][gc,ref      ] GC(303) Final: 1 encountered, 1 discovered, 0 enqueued
[157.411s][info][gc,ref      ] GC(303) Phantom: 773 encountered, 602 discovered, 0 enqueued
[157.411s][info][gc,reloc    ] GC(303) Small Pages: 45 / 90M, Empty: 28M, Relocated: 1M, In-Place: 0
[157.411s][info][gc,reloc    ] GC(303) Medium Pages: 1 / 32M, Empty: 0M, Relocated: 0M, In-Place: 0
[157.411s][info][gc,reloc    ] GC(303) Large Pages: 7 / 62M, Empty: 0M, Relocated: 0M, In-Place: 0
[157.411s][info][gc,reloc    ] GC(303) Forwarding Usage: 0M
[157.411s][info][gc,heap     ] GC(303) Min Capacity: 2048M(100%)
[157.411s][info][gc,heap     ] GC(303) Max Capacity: 2048M(100%)
[157.411s][info][gc,heap     ] GC(303) Soft Max Capacity: 2048M(100%)
[157.411s][info][gc,heap     ] GC(303)                Mark Start          Mark End        Relocate Start      Relocate End           High               Low         
[157.411s][info][gc,heap     ] GC(303)  Capacity:     2048M (100%)       2048M (100%)       2048M (100%)       2048M (100%)       2048M (100%)       2048M (100%)   
[157.411s][info][gc,heap     ] GC(303)      Free:     1864M (91%)        1864M (91%)        1892M (92%)        1902M (93%)        1902M (93%)        1864M (91%)    
[157.411s][info][gc,heap     ] GC(303)      Used:      184M (9%)          184M (9%)          156M (8%)          146M (7%)          184M (9%)          146M (7%)     
[157.411s][info][gc,heap     ] GC(303)      Live:         -               106M (5%)          106M (5%)          106M (5%)             -                  -          
[157.411s][info][gc,heap     ] GC(303) Allocated:         -                 0M (0%)            0M (0%)            0M (0%)             -                  -          
[157.411s][info][gc,heap     ] GC(303)   Garbage:         -                77M (4%)           49M (2%)           39M (2%)             -                  -          
[157.411s][info][gc,heap     ] GC(303) Reclaimed:         -                  -                28M (1%)           38M (2%)             -                  -          
[157.411s][info][gc          ] GC(303) Garbage Collection (System.gc()) 184M(9%)->146M(7%)
[158.003s][info][gc,start    ] GC(304) Garbage Collection (Allocation Rate)
[158.003s][info][gc,task     ] GC(304) Using 1 workers
[158.003s][info][gc,phases   ] GC(304) Pause Mark Start 0.011ms
[158.068s][info][gc,phases   ] GC(304) Concurrent Mark 64.948ms
[158.069s][info][gc,phases   ] GC(304) Pause Mark End 0.055ms
[158.069s][info][gc,phases   ] GC(304) Concurrent Mark Free 0.001ms
[158.095s][info][gc,phases   ] GC(304) Concurrent Process Non-Strong References 26.665ms
[158.095s][info][gc,phases   ] GC(304) Concurrent Reset Relocation Set 0.002ms
[158.098s][info][gc,phases   ] GC(304) Concurrent Select Relocation Set 2.794ms
[158.098s][info][gc,phases   ] GC(304) Pause Relocate Start 0.013ms
[158.106s][info][gc,phases   ] GC(304) Concurrent Relocate 7.900ms
[158.106s][info][gc,load     ] GC(304) Load: 0.00/0.00/0.00
[158.107s][info][gc,mmu      ] GC(304) MMU: 2ms/94.3%, 5ms/97.7%, 10ms/98.9%, 20ms/99.4%, 50ms/99.7%, 100ms/99.8%
[158.107s][info][gc,marking  ] GC(304) Mark: 1 stripe(s), 2 proactive flush(es), 1 terminate flush(es), 0 completion(s), 0 continuation(s) 
[158.107s][info][gc,marking  ] GC(304) Mark Stack Usage: 32M
[158.107s][info][gc,nmethod  ] GC(304) NMethods: 15246 registered, 2270 unregistered
[158.107s][info][gc,metaspace] GC(304) Metaspace: 100M used, 101M committed, 1152M reserved
[158.107s][info][gc,ref      ] GC(304) Soft: 4314 encountered, 0 discovered, 0 enqueued
[158.107s][info][gc,ref      ] GC(304) Weak: 7446 encountered, 6251 discovered, 1 enqueued
[158.107s][info][gc,ref      ] GC(304) Final: 1 encountered, 0 discovered, 0 enqueued
[158.107s][info][gc,ref      ] GC(304) Phantom: 773 encountered, 395 discovered, 0 enqueued
[158.107s][info][gc,reloc    ] GC(304) Small Pages: 553 / 1106M, Empty: 642M, Relocated: 5M, In-Place: 0
[158.107s][info][gc,reloc    ] GC(304) Medium Pages: 2 / 64M, Empty: 32M, Relocated: 0M, In-Place: 0
[158.107s][info][gc,reloc    ] GC(304) Large Pages: 7 / 62M, Empty: 0M, Relocated: 0M, In-Place: 0
[158.107s][info][gc,reloc    ] GC(304) Forwarding Usage: 2M
[158.107s][info][gc,heap     ] GC(304) Min Capacity: 2048M(100%)
[158.107s][info][gc,heap     ] GC(304) Max Capacity: 2048M(100%)
[158.107s][info][gc,heap     ] GC(304) Soft Max Capacity: 2048M(100%)
[158.107s][info][gc,heap     ] GC(304)                Mark Start          Mark End        Relocate Start      Relocate End           High               Low         
[158.107s][info][gc,heap     ] GC(304)  Capacity:     2048M (100%)       2048M (100%)       2048M (100%)       2048M (100%)       2048M (100%)       2048M (100%)   
[158.107s][info][gc,heap     ] GC(304)      Free:      816M (40%)         672M (33%)        1282M (63%)        1682M (82%)        1688M (82%)         614M (30%)    
[158.107s][info][gc,heap     ] GC(304)      Used:     1232M (60%)        1376M (67%)         766M (37%)         366M (18%)        1434M (70%)         360M (18%)    
[158.107s][info][gc,heap     ] GC(304)      Live:         -               107M (5%)          107M (5%)          107M (5%)             -                  -          
[158.107s][info][gc,heap     ] GC(304) Allocated:         -               144M (7%)          208M (10%)         221M (11%)            -                  -          
[158.107s][info][gc,heap     ] GC(304)   Garbage:         -              1124M (55%)         450M (22%)          36M (2%)             -                  -          
[158.107s][info][gc,heap     ] GC(304) Reclaimed:         -                  -               674M (33%)        1087M (53%)            -                  -          
[158.107s][info][gc          ] GC(304) Garbage Collection (Allocation Rate) 1232M(60%)->366M(18%)
[158.500s][info][gc,start    ] GC(305) Garbage Collection (Allocation Rate)
[158.500s][info][gc,task     ] GC(305) Using 1 workers
[158.500s][info][gc,phases   ] GC(305) Pause Mark Start 0.007ms
[158.631s][info][gc,phases   ] GC(305) Concurrent Mark 130.278ms
[158.631s][info][gc,phases   ] GC(305) Pause Mark End 0.014ms
[158.631s][info][gc,phases   ] GC(305) Concurrent Mark Free 0.001ms
[158.658s][info][gc,phases   ] GC(305) Concurrent Process Non-Strong References 27.056ms
[158.658s][info][gc,phases   ] GC(305) Concurrent Reset Relocation Set 0.014ms
[158.664s][info][gc,phases   ] GC(305) Concurrent Select Relocation Set 5.557ms
[158.664s][info][gc,phases   ] GC(305) Pause Relocate Start 0.016ms
[158.704s][info][gc,phases   ] GC(305) Concurrent Relocate 39.834ms
[158.704s][info][gc,load     ] GC(305) Load: 0.00/0.00/0.00
[158.704s][info][gc,mmu      ] GC(305) MMU: 2ms/94.3%, 5ms/97.7%, 10ms/98.9%, 20ms/99.4%, 50ms/99.7%, 100ms/99.8%
[158.704s][info][gc,marking  ] GC(305) Mark: 1 stripe(s), 2 proactive flush(es), 1 terminate flush(es), 0 completion(s), 0 continuation(s) 
[158.704s][info][gc,marking  ] GC(305) Mark Stack Usage: 32M
[158.704s][info][gc,nmethod  ] GC(305) NMethods: 15246 registered, 2270 unregistered
[158.704s][info][gc,metaspace] GC(305) Metaspace: 100M used, 101M committed, 1152M reserved
[158.704s][info][gc,ref      ] GC(305) Soft: 4314 encountered, 0 discovered, 0 enqueued
[158.704s][info][gc,ref      ] GC(305) Weak: 7446 encountered, 6251 discovered, 6 enqueued
[158.704s][info][gc,ref      ] GC(305) Final: 1 encountered, 0 discovered, 0 enqueued
[158.704s][info][gc,ref      ] GC(305) Phantom: 773 encountered, 395 discovered, 0 enqueued
[158.704s][info][gc,reloc    ] GC(305) Small Pages: 600 / 1200M, Empty: 248M, Relocated: 25M, In-Place: 0
[158.704s][info][gc,reloc    ] GC(305) Medium Pages: 2 / 64M, Empty: 0M, Relocated: 3M, In-Place: 0
[158.704s][info][gc,reloc    ] GC(305) Large Pages: 7 / 62M, Empty: 0M, Relocated: 0M, In-Place: 0
[158.704s][info][gc,reloc    ] GC(305) Forwarding Usage: 16M
[158.704s][info][gc,heap     ] GC(305) Min Capacity: 2048M(100%)
[158.704s][info][gc,heap     ] GC(305) Max Capacity: 2048M(100%)
[158.704s][info][gc,heap     ] GC(305) Soft Max Capacity: 2048M(100%)
[158.704s][info][gc,heap     ] GC(305)                Mark Start          Mark End        Relocate Start      Relocate End           High               Low         
[158.704s][info][gc,heap     ] GC(305)  Capacity:     2048M (100%)       2048M (100%)       2048M (100%)       2048M (100%)       2048M (100%)       2048M (100%)   
[158.704s][info][gc,heap     ] GC(305)      Free:      722M (35%)         396M (19%)         566M (28%)        1360M (66%)        1360M (66%)         330M (16%)    
[158.704s][info][gc,heap     ] GC(305)      Used:     1326M (65%)        1652M (81%)        1482M (72%)         688M (34%)        1718M (84%)         688M (34%)    
[158.704s][info][gc,heap     ] GC(305)      Live:         -               134M (7%)          134M (7%)          134M (7%)             -                  -          
[158.704s][info][gc,heap     ] GC(305) Allocated:         -               326M (16%)         404M (20%)         515M (25%)            -                  -          
[158.704s][info][gc,heap     ] GC(305)   Garbage:         -              1191M (58%)         943M (46%)          37M (2%)             -                  -          
[158.704s][info][gc,heap     ] GC(305) Reclaimed:         -                  -               248M (12%)        1153M (56%)            -                  -          
[158.704s][info][gc          ] GC(305) Garbage Collection (Allocation Rate) 1326M(65%)->688M(34%)
[158.707s][info][gc,start    ] GC(306) Garbage Collection (Allocation Rate)
[158.707s][info][gc,task     ] GC(306) Using 1 workers
[158.707s][info][gc,phases   ] GC(306) Pause Mark Start 0.012ms
[158.845s][info][gc,phases   ] GC(306) Concurrent Mark 137.336ms
[158.845s][info][gc,phases   ] GC(306) Pause Mark End 0.017ms
[158.845s][info][gc,phases   ] GC(306) Concurrent Mark Free 0.001ms
[158.872s][info][gc,phases   ] GC(306) Concurrent Process Non-Strong References 27.183ms
[158.872s][info][gc,phases   ] GC(306) Concurrent Reset Relocation Set 0.033ms
[158.876s][info][gc,phases   ] GC(306) Concurrent Select Relocation Set 3.292ms
[158.876s][info][gc,phases   ] GC(306) Pause Relocate Start 0.011ms
[158.882s][info][gc,phases   ] GC(306) Concurrent Relocate 5.895ms
[158.882s][info][gc,load     ] GC(306) Load: 0.00/0.00/0.00
[158.882s][info][gc,mmu      ] GC(306) MMU: 2ms/94.3%, 5ms/97.7%, 10ms/98.9%, 20ms/99.4%, 50ms/99.7%, 100ms/99.8%
[158.882s][info][gc,marking  ] GC(306) Mark: 1 stripe(s), 2 proactive flush(es), 1 terminate flush(es), 0 completion(s), 0 continuation(s) 
[158.882s][info][gc,marking  ] GC(306) Mark Stack Usage: 32M
[158.882s][info][gc,nmethod  ] GC(306) NMethods: 15246 registered, 2270 unregistered
[158.882s][info][gc,metaspace] GC(306) Metaspace: 100M used, 101M committed, 1152M reserved
[158.882s][info][gc,ref      ] GC(306) Soft: 4314 encountered, 0 discovered, 0 enqueued
[158.882s][info][gc,ref      ] GC(306) Weak: 7440 encountered, 6245 discovered, 0 enqueued
[158.882s][info][gc,ref      ] GC(306) Final: 1 encountered, 0 discovered, 0 enqueued
[158.882s][info][gc,ref      ] GC(306) Phantom: 773 encountered, 395 discovered, 0 enqueued
[158.882s][info][gc,reloc    ] GC(306) Small Pages: 284 / 568M, Empty: 174M, Relocated: 4M, In-Place: 0
[158.882s][info][gc,reloc    ] GC(306) Medium Pages: 2 / 64M, Empty: 0M, Relocated: 3M, In-Place: 0
[158.882s][info][gc,reloc    ] GC(306) Large Pages: 7 / 62M, Empty: 0M, Relocated: 0M, In-Place: 0
[158.882s][info][gc,reloc    ] GC(306) Forwarding Usage: 2M
[158.882s][info][gc,heap     ] GC(306) Min Capacity: 2048M(100%)
[158.882s][info][gc,heap     ] GC(306) Max Capacity: 2048M(100%)
[158.882s][info][gc,heap     ] GC(306) Soft Max Capacity: 2048M(100%)
[158.882s][info][gc,heap     ] GC(306)                Mark Start          Mark End        Relocate Start      Relocate End           High               Low         
[158.882s][info][gc,heap     ] GC(306)  Capacity:     2048M (100%)       2048M (100%)       2048M (100%)       2048M (100%)       2048M (100%)       2048M (100%)   
[158.882s][info][gc,heap     ] GC(306)      Free:     1354M (66%)        1006M (49%)        1106M (54%)        1412M (69%)        1416M (69%)         938M (46%)    
[158.882s][info][gc,heap     ] GC(306)      Used:      694M (34%)        1042M (51%)         942M (46%)         636M (31%)        1110M (54%)         632M (31%)    
[158.882s][info][gc,heap     ] GC(306)      Live:         -               134M (7%)          134M (7%)          134M (7%)             -                  -          
[158.882s][info][gc,heap     ] GC(306) Allocated:         -               348M (17%)         422M (21%)         464M (23%)            -                  -          
[158.882s][info][gc,heap     ] GC(306)   Garbage:         -               559M (27%)         385M (19%)          37M (2%)             -                  -          
[158.882s][info][gc,heap     ] GC(306) Reclaimed:         -                  -               174M (8%)          522M (25%)            -                  -          
[158.882s][info][gc          ] GC(306) Garbage Collection (Allocation Rate) 694M(34%)->636M(31%)
[158.899s][info][gc,start    ] GC(307) Garbage Collection (Allocation Rate)
[158.899s][info][gc,task     ] GC(307) Using 1 workers
[158.899s][info][gc,phases   ] GC(307) Pause Mark Start 0.010ms
[158.977s][info][gc,phases   ] GC(307) Concurrent Mark 77.453ms
[158.977s][info][gc,phases   ] GC(307) Pause Mark End 0.014ms
[158.977s][info][gc,phases   ] GC(307) Concurrent Mark Free 0.001ms
[159.001s][info][gc,phases   ] GC(307) Concurrent Process Non-Strong References 24.328ms
[159.001s][info][gc,phases   ] GC(307) Concurrent Reset Relocation Set 0.013ms
[159.005s][info][gc,phases   ] GC(307) Concurrent Select Relocation Set 3.375ms
[159.005s][info][gc,phases   ] GC(307) Pause Relocate Start 0.014ms
[159.021s][info][gc,phases   ] GC(307) Concurrent Relocate 16.133ms
[159.021s][info][gc,load     ] GC(307) Load: 0.00/0.00/0.00
[159.021s][info][gc,mmu      ] GC(307) MMU: 2ms/94.3%, 5ms/97.7%, 10ms/98.9%, 20ms/99.4%, 50ms/99.7%, 100ms/99.8%
[159.021s][info][gc,marking  ] GC(307) Mark: 1 stripe(s), 2 proactive flush(es), 1 terminate flush(es), 0 completion(s), 0 continuation(s) 
[159.021s][info][gc,marking  ] GC(307) Mark Stack Usage: 32M
[159.021s][info][gc,nmethod  ] GC(307) NMethods: 15246 registered, 2270 unregistered
[159.021s][info][gc,metaspace] GC(307) Metaspace: 100M used, 101M committed, 1152M reserved
[159.021s][info][gc,ref      ] GC(307) Soft: 4314 encountered, 0 discovered, 0 enqueued
[159.022s][info][gc,ref      ] GC(307) Weak: 7439 encountered, 6246 discovered, 3 enqueued
[159.022s][info][gc,ref      ] GC(307) Final: 1 encountered, 0 discovered, 0 enqueued
[159.022s][info][gc,ref      ] GC(307) Phantom: 773 encountered, 395 discovered, 0 enqueued
[159.022s][info][gc,reloc    ] GC(307) Small Pages: 271 / 542M, Empty: 366M, Relocated: 13M, In-Place: 0
[159.022s][info][gc,reloc    ] GC(307) Medium Pages: 2 / 64M, Empty: 0M, Relocated: 2M, In-Place: 0
[159.022s][info][gc,reloc    ] GC(307) Large Pages: 7 / 62M, Empty: 0M, Relocated: 0M, In-Place: 0
[159.022s][info][gc,reloc    ] GC(307) Forwarding Usage: 7M
[159.022s][info][gc,heap     ] GC(307) Min Capacity: 2048M(100%)
[159.022s][info][gc,heap     ] GC(307) Max Capacity: 2048M(100%)
[159.022s][info][gc,heap     ] GC(307) Soft Max Capacity: 2048M(100%)
[159.022s][info][gc,heap     ] GC(307)                Mark Start          Mark End        Relocate Start      Relocate End           High               Low         
[159.022s][info][gc,heap     ] GC(307)  Capacity:     2048M (100%)       2048M (100%)       2048M (100%)       2048M (100%)       2048M (100%)       2048M (100%)   
[159.022s][info][gc,heap     ] GC(307)      Free:     1380M (67%)        1342M (66%)        1706M (83%)        1848M (90%)        1848M (90%)        1340M (65%)    
[159.022s][info][gc,heap     ] GC(307)      Used:      668M (33%)         706M (34%)         342M (17%)         200M (10%)         708M (35%)         200M (10%)    
[159.022s][info][gc,heap     ] GC(307)      Live:         -               120M (6%)          120M (6%)          120M (6%)             -                  -          
[159.022s][info][gc,heap     ] GC(307) Allocated:         -                38M (2%)           40M (2%)           43M (2%)             -                  -          
[159.022s][info][gc,heap     ] GC(307)   Garbage:         -               547M (27%)         181M (9%)           35M (2%)             -                  -          
[159.022s][info][gc,heap     ] GC(307) Reclaimed:         -                  -               366M (18%)         511M (25%)            -                  -          
[159.022s][info][gc          ] GC(307) Garbage Collection (Allocation Rate) 668M(33%)->200M(10%)
[159.022s][info][gc,start    ] GC(308) Garbage Collection (System.gc())
[159.022s][info][gc,task     ] GC(308) Using 2 workers
[159.022s][info][gc,phases   ] GC(308) Pause Mark Start 0.006ms
[159.058s][info][gc,phases   ] GC(308) Concurrent Mark 36.021ms
[159.058s][info][gc,phases   ] GC(308) Pause Mark End 0.015ms
[159.058s][info][gc,phases   ] GC(308) Concurrent Mark Free 0.002ms
[159.071s][info][gc,phases   ] GC(308) Concurrent Process Non-Strong References 12.896ms
[159.071s][info][gc,phases   ] GC(308) Concurrent Reset Relocation Set 0.007ms
[159.073s][info][gc,phases   ] GC(308) Concurrent Select Relocation Set 1.832ms
[159.073s][info][gc,phases   ] GC(308) Pause Relocate Start 0.011ms
[159.074s][info][gc,phases   ] GC(308) Concurrent Relocate 0.844ms
[159.074s][info][gc,load     ] GC(308) Load: 0.00/0.00/0.00
[159.074s][info][gc,mmu      ] GC(308) MMU: 2ms/94.3%, 5ms/97.7%, 10ms/98.9%, 20ms/99.4%, 50ms/99.7%, 100ms/99.8%
[159.074s][info][gc,marking  ] GC(308) Mark: 2 stripe(s), 2 proactive flush(es), 1 terminate flush(es), 0 completion(s), 0 continuation(s) 
[159.074s][info][gc,marking  ] GC(308) Mark Stack Usage: 32M
[159.074s][info][gc,nmethod  ] GC(308) NMethods: 15246 registered, 2270 unregistered
[159.074s][info][gc,metaspace] GC(308) Metaspace: 100M used, 101M committed, 1152M reserved
[159.074s][info][gc,ref      ] GC(308) Soft: 4314 encountered, 0 discovered, 0 enqueued
[159.074s][info][gc,ref      ] GC(308) Weak: 7436 encountered, 343 discovered, 0 enqueued
[159.074s][info][gc,ref      ] GC(308) Final: 1 encountered, 0 discovered, 0 enqueued
[159.074s][info][gc,ref      ] GC(308) Phantom: 773 encountered, 568 discovered, 0 enqueued
[159.074s][info][gc,reloc    ] GC(308) Small Pages: 53 / 106M, Empty: 36M, Relocated: 0M, In-Place: 0
[159.074s][info][gc,reloc    ] GC(308) Medium Pages: 1 / 32M, Empty: 0M, Relocated: 0M, In-Place: 0
[159.074s][info][gc,reloc    ] GC(308) Large Pages: 7 / 62M, Empty: 0M, Relocated: 0M, In-Place: 0
[159.074s][info][gc,reloc    ] GC(308) Forwarding Usage: 0M
[159.074s][info][gc,heap     ] GC(308) Min Capacity: 2048M(100%)
[159.074s][info][gc,heap     ] GC(308) Max Capacity: 2048M(100%)
[159.074s][info][gc,heap     ] GC(308) Soft Max Capacity: 2048M(100%)
[159.074s][info][gc,heap     ] GC(308)                Mark Start          Mark End        Relocate Start      Relocate End           High               Low         
[159.074s][info][gc,heap     ] GC(308)  Capacity:     2048M (100%)       2048M (100%)       2048M (100%)       2048M (100%)       2048M (100%)       2048M (100%)   
[159.074s][info][gc,heap     ] GC(308)      Free:     1848M (90%)        1846M (90%)        1880M (92%)        1898M (93%)        1898M (93%)        1844M (90%)    
[159.074s][info][gc,heap     ] GC(308)      Used:      200M (10%)         202M (10%)         168M (8%)          150M (7%)          204M (10%)         150M (7%)     
[159.074s][info][gc,heap     ] GC(308)      Live:         -               106M (5%)          106M (5%)          106M (5%)             -                  -          
[159.074s][info][gc,heap     ] GC(308) Allocated:         -                 2M (0%)            4M (0%)            4M (0%)             -                  -          
[159.075s][info][gc,heap     ] GC(308)   Garbage:         -                93M (5%)           57M (3%)           39M (2%)             -                  -          
[159.075s][info][gc,heap     ] GC(308) Reclaimed:         -                  -                36M (2%)           54M (3%)             -                  -          
[159.075s][info][gc          ] GC(308) Garbage Collection (System.gc()) 200M(10%)->150M(7%)
[159.699s][info][gc,start    ] GC(309) Garbage Collection (Allocation Rate)
[159.700s][info][gc,task     ] GC(309) Using 1 workers
[159.700s][info][gc,phases   ] GC(309) Pause Mark Start 0.010ms
[159.764s][info][gc,phases   ] GC(309) Concurrent Mark 64.407ms
[159.764s][info][gc,phases   ] GC(309) Pause Mark End 0.015ms
[159.764s][info][gc,phases   ] GC(309) Concurrent Mark Free 0.001ms
[159.792s][info][gc,phases   ] GC(309) Concurrent Process Non-Strong References 27.068ms
[159.792s][info][gc,phases   ] GC(309) Concurrent Reset Relocation Set 0.002ms
[159.793s][info][gc,phases   ] GC(309) Concurrent Select Relocation Set 1.830ms
[159.794s][info][gc,phases   ] GC(309) Pause Relocate Start 0.010ms
[159.799s][info][gc,phases   ] GC(309) Concurrent Relocate 5.052ms
[159.799s][info][gc,load     ] GC(309) Load: 0.00/0.00/0.00
[159.799s][info][gc,mmu      ] GC(309) MMU: 2ms/94.3%, 5ms/97.7%, 10ms/98.9%, 20ms/99.4%, 50ms/99.7%, 100ms/99.8%
[159.799s][info][gc,marking  ] GC(309) Mark: 1 stripe(s), 2 proactive flush(es), 1 terminate flush(es), 0 completion(s), 0 continuation(s) 
[159.799s][info][gc,marking  ] GC(309) Mark Stack Usage: 32M
[159.799s][info][gc,nmethod  ] GC(309) NMethods: 15249 registered, 2270 unregistered
[159.799s][info][gc,metaspace] GC(309) Metaspace: 100M used, 101M committed, 1152M reserved
[159.799s][info][gc,ref      ] GC(309) Soft: 4314 encountered, 0 discovered, 0 enqueued
[159.799s][info][gc,ref      ] GC(309) Weak: 7446 encountered, 6251 discovered, 1 enqueued
[159.799s][info][gc,ref      ] GC(309) Final: 1 encountered, 0 discovered, 0 enqueued
[159.799s][info][gc,ref      ] GC(309) Phantom: 773 encountered, 395 discovered, 0 enqueued
[159.799s][info][gc,reloc    ] GC(309) Small Pages: 592 / 1184M, Empty: 640M, Relocated: 1M, In-Place: 0
[159.799s][info][gc,reloc    ] GC(309) Medium Pages: 2 / 64M, Empty: 32M, Relocated: 0M, In-Place: 0
[159.799s][info][gc,reloc    ] GC(309) Large Pages: 7 / 62M, Empty: 0M, Relocated: 0M, In-Place: 0
[159.799s][info][gc,reloc    ] GC(309) Forwarding Usage: 0M
[159.799s][info][gc,heap     ] GC(309) Min Capacity: 2048M(100%)
[159.799s][info][gc,heap     ] GC(309) Max Capacity: 2048M(100%)
[159.799s][info][gc,heap     ] GC(309) Soft Max Capacity: 2048M(100%)
[159.799s][info][gc,heap     ] GC(309)                Mark Start          Mark End        Relocate Start      Relocate End           High               Low         
[159.799s][info][gc,heap     ] GC(309)  Capacity:     2048M (100%)       2048M (100%)       2048M (100%)       2048M (100%)       2048M (100%)       2048M (100%)   
[159.799s][info][gc,heap     ] GC(309)      Free:      738M (36%)         600M (29%)        1178M (58%)        1662M (81%)        1662M (81%)         512M (25%)    
[159.799s][info][gc,heap     ] GC(309)      Used:     1310M (64%)        1448M (71%)         870M (42%)         386M (19%)        1536M (75%)         386M (19%)    
[159.799s][info][gc,heap     ] GC(309)      Live:         -               107M (5%)          107M (5%)          107M (5%)             -                  -          
[159.799s][info][gc,heap     ] GC(309) Allocated:         -               138M (7%)          232M (11%)         241M (12%)            -                  -          
[159.799s][info][gc,heap     ] GC(309)   Garbage:         -              1202M (59%)         530M (26%)          36M (2%)             -                  -          
[159.799s][info][gc,heap     ] GC(309) Reclaimed:         -                  -               672M (33%)        1165M (57%)            -                  -          
[159.799s][info][gc          ] GC(309) Garbage Collection (Allocation Rate) 1310M(64%)->386M(19%)
[160.099s][info][gc,stats    ] === Garbage Collection Statistics =======================================================================================================================
[160.099s][info][gc,stats    ]                                                              Last 10s              Last 10m              Last 10h                Total
[160.099s][info][gc,stats    ]                                                              Avg / Max             Avg / Max             Avg / Max             Avg / Max
[160.099s][info][gc,stats    ]   Collector: Garbage Collection Cycle                    123.760 / 203.858     191.029 / 1215.582    191.029 / 1215.582    191.029 / 1215.582    ms
[160.099s][info][gc,stats    ]  Contention: Mark Segment Reset Contention                     0 / 0                 4 / 496               4 / 496               4 / 496         ops/s
[160.099s][info][gc,stats    ]  Contention: Mark SeqNum Reset Contention                      0 / 0                 0 / 4                 0 / 4                 0 / 4           ops/s
[160.099s][info][gc,stats    ]    Critical: Allocation Stall                                  0 / 0                 0 / 6                 0 / 6                 0 / 6           ops/s
[160.099s][info][gc,stats    ]    Critical: Allocation Stall                              0.000 / 0.000       513.228 / 1001.934    513.228 / 1001.934    513.228 / 1001.934    ms
[160.099s][info][gc,stats    ]    Critical: GC Locker Stall                                   0 / 0                 0 / 1                 0 / 1                 0 / 1           ops/s
[160.099s][info][gc,stats    ]    Critical: GC Locker Stall                               0.000 / 0.000         0.000 / 0.000         0.000 / 0.000         0.000 / 0.000       ms
[160.099s][info][gc,stats    ]    Critical: Relocation Stall                                  0 / 0                 0 / 1                 0 / 1                 0 / 1           ops/s
[160.099s][info][gc,stats    ]    Critical: Relocation Stall                              0.000 / 0.000         7.319 / 11.251        7.319 / 11.251        7.319 / 11.251      ms
[160.099s][info][gc,stats    ]      Memory: Allocation Rate                                2027 / 2416           1555 / 2422           1555 / 2422           1555 / 2422        MB/s
[160.099s][info][gc,stats    ]      Memory: Out Of Memory                                     0 / 0                 0 / 0                 0 / 0                 0 / 0           ops/s
[160.099s][info][gc,stats    ]      Memory: Page Cache Flush                                  0 / 0                 6 / 172               6 / 172               6 / 172         MB/s
[160.099s][info][gc,stats    ]      Memory: Page Cache Hit L1                               996 / 1167            759 / 1197            759 / 1197            759 / 1197        ops/s
[160.099s][info][gc,stats    ]      Memory: Page Cache Hit L2                                 0 / 0                 0 / 0                 0 / 0                 0 / 0           ops/s
[160.099s][info][gc,stats    ]      Memory: Page Cache Hit L3                                 0 / 0                 7 / 289               7 / 289               7 / 289         ops/s
[160.099s][info][gc,stats    ]      Memory: Page Cache Miss                                   0 / 0                 0 / 11                0 / 11                0 / 11          ops/s
[160.099s][info][gc,stats    ]      Memory: Uncommit                                          0 / 0                 0 / 0                 0 / 0                 0 / 0           MB/s
[160.100s][info][gc,stats    ]      Memory: Undo Object Allocation Failed                     0 / 0                 0 / 3                 0 / 3                 0 / 3           ops/s
[160.100s][info][gc,stats    ]      Memory: Undo Object Allocation Succeeded                  0 / 1                 6 / 520               6 / 520               6 / 520         ops/s
[160.100s][info][gc,stats    ]      Memory: Undo Page Allocation                              0 / 1                 0 / 3                 0 / 3                 0 / 3           ops/s
[160.100s][info][gc,stats    ]       Phase: Concurrent Mark                              84.649 / 137.336     149.359 / 1158.372    149.359 / 1158.372    149.359 / 1158.372    ms
[160.100s][info][gc,stats    ]       Phase: Concurrent Mark Continue                      0.000 / 0.000         0.000 / 0.000         0.000 / 0.000         0.000 / 0.000       ms
[160.100s][info][gc,stats    ]       Phase: Concurrent Mark Free                          0.001 / 0.003         0.015 / 4.217         0.015 / 4.217         0.015 / 4.217       ms
[160.100s][info][gc,stats    ]       Phase: Concurrent Process Non-Strong References     22.021 / 27.315       18.360 / 31.183       18.360 / 31.183       18.360 / 31.183      ms
[160.100s][info][gc,stats    ]       Phase: Concurrent Relocate                          12.837 / 41.332       17.904 / 247.779      17.904 / 247.779      17.904 / 247.779     ms
[160.100s][info][gc,stats    ]       Phase: Concurrent Reset Relocation Set               0.014 / 0.033         0.015 / 0.061         0.015 / 0.061         0.015 / 0.061       ms
[160.100s][info][gc,stats    ]       Phase: Concurrent Select Relocation Set              3.211 / 6.581         4.157 / 40.244        4.157 / 40.244        4.157 / 40.244      ms
[160.100s][info][gc,stats    ]       Phase: Pause Mark End                                0.018 / 0.055         0.017 / 0.113         0.017 / 0.113         0.017 / 0.113       ms
[160.100s][info][gc,stats    ]       Phase: Pause Mark Start                              0.009 / 0.012         0.009 / 0.030         0.009 / 0.030         0.009 / 0.030       ms
[160.100s][info][gc,stats    ]       Phase: Pause Relocate Start                          0.012 / 0.016         0.011 / 0.025         0.011 / 0.025         0.011 / 0.025       ms
[160.100s][info][gc,stats    ]    Subphase: Concurrent Classes Purge                      0.768 / 1.129         0.647 / 1.129         0.647 / 1.129         0.647 / 1.129       ms
[160.100s][info][gc,stats    ]    Subphase: Concurrent Classes Unlink                    19.583 / 24.649       16.152 / 28.085       16.152 / 28.085       16.152 / 28.085      ms
[160.100s][info][gc,stats    ]    Subphase: Concurrent Mark                              73.363 / 135.283     158.883 / 1155.457    158.883 / 1155.457    158.883 / 1155.457    ms
[160.100s][info][gc,stats    ]    Subphase: Concurrent Mark Try Flush                     0.104 / 0.500         0.100 / 0.574         0.100 / 0.574         0.100 / 0.574       ms
[160.100s][info][gc,stats    ]    Subphase: Concurrent Mark Try Terminate                 1.567 / 16.687        2.113 / 16.943        2.113 / 16.943        2.113 / 16.943      ms
[160.100s][info][gc,stats    ]    Subphase: Concurrent References Enqueue                 0.004 / 0.008         0.005 / 0.009         0.005 / 0.009         0.005 / 0.009       ms
[160.100s][info][gc,stats    ]    Subphase: Concurrent References Process                 0.710 / 1.079         0.603 / 1.172         0.603 / 1.172         0.603 / 1.172       ms
[160.100s][info][gc,stats    ]    Subphase: Concurrent Roots ClassLoaderDataGraph         0.175 / 0.334         0.151 / 0.429         0.151 / 0.429         0.151 / 0.429       ms
[160.100s][info][gc,stats    ]    Subphase: Concurrent Roots CodeCache                    0.000 / 0.000         0.000 / 0.000         0.000 / 0.000         0.000 / 0.000       ms
[160.100s][info][gc,stats    ]    Subphase: Concurrent Roots JavaThreads                  0.894 / 1.558         1.183 / 2.895         1.183 / 2.895         1.183 / 2.895       ms
[160.100s][info][gc,stats    ]    Subphase: Concurrent Roots OopStorageSet                0.041 / 0.072         0.038 / 0.157         0.038 / 0.157         0.038 / 0.157       ms
[160.100s][info][gc,stats    ]    Subphase: Concurrent Weak Roots OopStorageSet           0.731 / 0.951         0.726 / 1.424         0.726 / 1.424         0.726 / 1.424       ms
[160.100s][info][gc,stats    ]    Subphase: Pause Mark Try Complete                       0.000 / 0.000         0.000 / 0.000         0.000 / 0.000         0.000 / 0.000       ms
[160.100s][info][gc,stats    ]      System: Java Threads                                     31 / 32               36 / 48               36 / 48               36 / 48          threads
[160.100s][info][gc,stats    ] =========================================================================================================================================================
[160.307s][info][gc,start    ] GC(310) Garbage Collection (Allocation Rate)
[160.307s][info][gc,task     ] GC(310) Using 2 workers
[160.307s][info][gc,phases   ] GC(310) Pause Mark Start 0.008ms
[160.386s][info][gc,phases   ] GC(310) Concurrent Mark 78.306ms
[160.386s][info][gc,phases   ] GC(310) Pause Mark End 0.016ms
[160.386s][info][gc,phases   ] GC(310) Concurrent Mark Free 0.001ms
[160.400s][info][gc,phases   ] GC(310) Concurrent Process Non-Strong References 14.352ms
[160.401s][info][gc,phases   ] GC(310) Concurrent Reset Relocation Set 0.013ms
[160.408s][info][gc,phases   ] GC(310) Concurrent Select Relocation Set 7.462ms
[160.408s][info][gc,phases   ] GC(310) Pause Relocate Start 0.015ms
[160.435s][info][gc,phases   ] GC(310) Concurrent Relocate 26.408ms
[160.435s][info][gc,load     ] GC(310) Load: 0.00/0.00/0.00
[160.435s][info][gc,mmu      ] GC(310) MMU: 2ms/94.3%, 5ms/97.7%, 10ms/98.9%, 20ms/99.4%, 50ms/99.7%, 100ms/99.8%
[160.435s][info][gc,marking  ] GC(310) Mark: 2 stripe(s), 2 proactive flush(es), 1 terminate flush(es), 0 completion(s), 0 continuation(s) 
[160.435s][info][gc,marking  ] GC(310) Mark Stack Usage: 32M
[160.435s][info][gc,nmethod  ] GC(310) NMethods: 15249 registered, 2270 unregistered
[160.435s][info][gc,metaspace] GC(310) Metaspace: 100M used, 101M committed, 1152M reserved
[160.435s][info][gc,ref      ] GC(310) Soft: 4314 encountered, 0 discovered, 0 enqueued
[160.435s][info][gc,ref      ] GC(310) Weak: 7446 encountered, 2119 discovered, 6 enqueued
[160.435s][info][gc,ref      ] GC(310) Final: 1 encountered, 0 discovered, 0 enqueued
[160.435s][info][gc,ref      ] GC(310) Phantom: 773 encountered, 596 discovered, 0 enqueued
[160.435s][info][gc,reloc    ] GC(310) Small Pages: 740 / 1480M, Empty: 324M, Relocated: 26M, In-Place: 0
[160.435s][info][gc,reloc    ] GC(310) Medium Pages: 2 / 64M, Empty: 0M, Relocated: 3M, In-Place: 0
[160.435s][info][gc,reloc    ] GC(310) Large Pages: 7 / 62M, Empty: 0M, Relocated: 0M, In-Place: 0
[160.435s][info][gc,reloc    ] GC(310) Forwarding Usage: 16M
[160.435s][info][gc,heap     ] GC(310) Min Capacity: 2048M(100%)
[160.435s][info][gc,heap     ] GC(310) Max Capacity: 2048M(100%)
[160.435s][info][gc,heap     ] GC(310) Soft Max Capacity: 2048M(100%)
[160.435s][info][gc,heap     ] GC(310)                Mark Start          Mark End        Relocate Start      Relocate End           High               Low         
[160.435s][info][gc,heap     ] GC(310)  Capacity:     2048M (100%)       2048M (100%)       2048M (100%)       2048M (100%)       2048M (100%)       2048M (100%)   
[160.435s][info][gc,heap     ] GC(310)      Free:      442M (22%)         258M (13%)         522M (25%)        1546M (75%)        1546M (75%)         220M (11%)    
[160.435s][info][gc,heap     ] GC(310)      Used:     1606M (78%)        1790M (87%)        1526M (75%)         502M (25%)        1828M (89%)         502M (25%)    
[160.435s][info][gc,heap     ] GC(310)      Live:         -               134M (7%)          134M (7%)          134M (7%)             -                  -          
[160.435s][info][gc,heap     ] GC(310) Allocated:         -               184M (9%)          244M (12%)         328M (16%)            -                  -          
[160.435s][info][gc,heap     ] GC(310)   Garbage:         -              1471M (72%)        1147M (56%)          39M (2%)             -                  -          
[160.435s][info][gc,heap     ] GC(310) Reclaimed:         -                  -               324M (16%)        1432M (70%)            -                  -          
[160.435s][info][gc          ] GC(310) Garbage Collection (Allocation Rate) 1606M(78%)->502M(25%)
[160.587s][info][gc,start    ] GC(311) Garbage Collection (System.gc())
[160.587s][info][gc,task     ] GC(311) Using 2 workers
[160.587s][info][gc,phases   ] GC(311) Pause Mark Start 0.007ms
[160.641s][info][gc,phases   ] GC(311) Concurrent Mark 53.830ms
[160.641s][info][gc,phases   ] GC(311) Pause Mark End 0.021ms
[160.641s][info][gc,phases   ] GC(311) Concurrent Mark Free 0.002ms
[160.655s][info][gc,phases   ] GC(311) Concurrent Process Non-Strong References 13.317ms
[160.655s][info][gc,phases   ] GC(311) Concurrent Reset Relocation Set 0.046ms
[160.657s][info][gc,phases   ] GC(311) Concurrent Select Relocation Set 2.460ms
[160.657s][info][gc,phases   ] GC(311) Pause Relocate Start 0.011ms
[160.658s][info][gc,phases   ] GC(311) Concurrent Relocate 0.457ms
[160.658s][info][gc,load     ] GC(311) Load: 0.00/0.00/0.00
[160.658s][info][gc,mmu      ] GC(311) MMU: 2ms/94.3%, 5ms/97.7%, 10ms/98.9%, 20ms/99.4%, 50ms/99.7%, 100ms/99.8%
[160.658s][info][gc,marking  ] GC(311) Mark: 2 stripe(s), 2 proactive flush(es), 1 terminate flush(es), 0 completion(s), 0 continuation(s) 
[160.658s][info][gc,marking  ] GC(311) Mark Stack Usage: 32M
[160.658s][info][gc,nmethod  ] GC(311) NMethods: 15249 registered, 2270 unregistered
[160.658s][info][gc,metaspace] GC(311) Metaspace: 100M used, 101M committed, 1152M reserved
[160.658s][info][gc,ref      ] GC(311) Soft: 4314 encountered, 0 discovered, 0 enqueued
[160.658s][info][gc,ref      ] GC(311) Weak: 7439 encountered, 6310 discovered, 3 enqueued
[160.658s][info][gc,ref      ] GC(311) Final: 1 encountered, 1 discovered, 0 enqueued
[160.658s][info][gc,ref      ] GC(311) Phantom: 773 encountered, 574 discovered, 0 enqueued
[160.658s][info][gc,reloc    ] GC(311) Small Pages: 357 / 714M, Empty: 642M, Relocated: 0M, In-Place: 0
[160.658s][info][gc,reloc    ] GC(311) Medium Pages: 2 / 64M, Empty: 32M, Relocated: 0M, In-Place: 0
[160.658s][info][gc,reloc    ] GC(311) Large Pages: 7 / 62M, Empty: 0M, Relocated: 0M, In-Place: 0
[160.658s][info][gc,reloc    ] GC(311) Forwarding Usage: 0M
[160.658s][info][gc,heap     ] GC(311) Min Capacity: 2048M(100%)
[160.658s][info][gc,heap     ] GC(311) Max Capacity: 2048M(100%)
[160.658s][info][gc,heap     ] GC(311) Soft Max Capacity: 2048M(100%)
[160.658s][info][gc,heap     ] GC(311)                Mark Start          Mark End        Relocate Start      Relocate End           High               Low         
[160.658s][info][gc,heap     ] GC(311)  Capacity:     2048M (100%)       2048M (100%)       2048M (100%)       2048M (100%)       2048M (100%)       2048M (100%)   
[160.658s][info][gc,heap     ] GC(311)      Free:     1208M (59%)        1206M (59%)        1880M (92%)        1900M (93%)        1900M (93%)        1206M (59%)    
[160.658s][info][gc,heap     ] GC(311)      Used:      840M (41%)         842M (41%)         168M (8%)          148M (7%)          842M (41%)         148M (7%)     
[160.658s][info][gc,heap     ] GC(311)      Live:         -               106M (5%)          106M (5%)          106M (5%)             -                  -          
[160.658s][info][gc,heap     ] GC(311) Allocated:         -                 2M (0%)            2M (0%)            2M (0%)             -                  -          
[160.658s][info][gc,heap     ] GC(311)   Garbage:         -               733M (36%)          59M (3%)           39M (2%)             -                  -          
[160.658s][info][gc,heap     ] GC(311) Reclaimed:         -                  -               674M (33%)         694M (34%)            -                  -          
[160.658s][info][gc          ] GC(311) Garbage Collection (System.gc()) 840M(41%)->148M(7%)
[161.293s][info][gc,start    ] GC(312) Garbage Collection (Allocation Rate)
[161.293s][info][gc,task     ] GC(312) Using 2 workers
[161.294s][info][gc,phases   ] GC(312) Pause Mark Start 0.011ms
[161.356s][info][gc,phases   ] GC(312) Concurrent Mark 62.392ms
[161.356s][info][gc,phases   ] GC(312) Pause Mark End 0.019ms
[161.357s][info][gc,phases   ] GC(312) Concurrent Mark Free 0.001ms
[161.371s][info][gc,phases   ] GC(312) Concurrent Process Non-Strong References 14.305ms
[161.371s][info][gc,phases   ] GC(312) Concurrent Reset Relocation Set 0.002ms
[161.373s][info][gc,phases   ] GC(312) Concurrent Select Relocation Set 1.958ms
[161.373s][info][gc,phases   ] GC(312) Pause Relocate Start 0.014ms
[161.376s][info][gc,phases   ] GC(312) Concurrent Relocate 2.710ms
[161.376s][info][gc,load     ] GC(312) Load: 0.00/0.00/0.00
[161.376s][info][gc,mmu      ] GC(312) MMU: 2ms/94.3%, 5ms/97.7%, 10ms/98.9%, 20ms/99.4%, 50ms/99.7%, 100ms/99.8%
[161.376s][info][gc,marking  ] GC(312) Mark: 2 stripe(s), 2 proactive flush(es), 1 terminate flush(es), 0 completion(s), 0 continuation(s) 
[161.376s][info][gc,marking  ] GC(312) Mark Stack Usage: 32M
[161.376s][info][gc,nmethod  ] GC(312) NMethods: 15249 registered, 2270 unregistered
[161.376s][info][gc,metaspace] GC(312) Metaspace: 100M used, 101M committed, 1152M reserved
[161.376s][info][gc,ref      ] GC(312) Soft: 4314 encountered, 0 discovered, 0 enqueued
[161.376s][info][gc,ref      ] GC(312) Weak: 7446 encountered, 5928 discovered, 1 enqueued
[161.376s][info][gc,ref      ] GC(312) Final: 1 encountered, 1 discovered, 0 enqueued
[161.376s][info][gc,ref      ] GC(312) Phantom: 773 encountered, 529 discovered, 0 enqueued
[161.376s][info][gc,reloc    ] GC(312) Small Pages: 598 / 1196M, Empty: 640M, Relocated: 1M, In-Place: 0
[161.376s][info][gc,reloc    ] GC(312) Medium Pages: 2 / 64M, Empty: 32M, Relocated: 0M, In-Place: 0
[161.376s][info][gc,reloc    ] GC(312) Large Pages: 7 / 62M, Empty: 0M, Relocated: 0M, In-Place: 0
[161.376s][info][gc,reloc    ] GC(312) Forwarding Usage: 0M
[161.376s][info][gc,heap     ] GC(312) Min Capacity: 2048M(100%)
[161.376s][info][gc,heap     ] GC(312) Max Capacity: 2048M(100%)
[161.376s][info][gc,heap     ] GC(312) Soft Max Capacity: 2048M(100%)
[161.376s][info][gc,heap     ] GC(312)                Mark Start          Mark End        Relocate Start      Relocate End           High               Low         
[161.376s][info][gc,heap     ] GC(312)  Capacity:     2048M (100%)       2048M (100%)       2048M (100%)       2048M (100%)       2048M (100%)       2048M (100%)   
[161.376s][info][gc,heap     ] GC(312)      Free:      726M (35%)         598M (29%)        1236M (60%)        1700M (83%)        1700M (83%)         568M (28%)    
[161.376s][info][gc,heap     ] GC(312)      Used:     1322M (65%)        1450M (71%)         812M (40%)         348M (17%)        1480M (72%)         348M (17%)    
[161.376s][info][gc,heap     ] GC(312)      Live:         -               107M (5%)          107M (5%)          107M (5%)             -                  -          
[161.376s][info][gc,heap     ] GC(312) Allocated:         -               128M (6%)          162M (8%)          199M (10%)            -                  -          
[161.376s][info][gc,heap     ] GC(312)   Garbage:         -              1214M (59%)         542M (26%)          40M (2%)             -                  -          
[161.376s][info][gc,heap     ] GC(312) Reclaimed:         -                  -               672M (33%)        1173M (57%)            -                  -          
[161.376s][info][gc          ] GC(312) Garbage Collection (Allocation Rate) 1322M(65%)->348M(17%)
[161.900s][info][gc,start    ] GC(313) Garbage Collection (Allocation Rate)
[161.900s][info][gc,task     ] GC(313) Using 2 workers
[161.900s][info][gc,phases   ] GC(313) Pause Mark Start 0.010ms
[161.995s][info][gc,phases   ] GC(313) Concurrent Mark 94.889ms
[161.995s][info][gc,phases   ] GC(313) Pause Mark End 0.012ms
[161.996s][info][gc,phases   ] GC(313) Concurrent Mark Free 0.001ms
[162.010s][info][gc,phases   ] GC(313) Concurrent Process Non-Strong References 14.368ms
[162.010s][info][gc,phases   ] GC(313) Concurrent Reset Relocation Set 0.014ms
[162.015s][info][gc,phases   ] GC(313) Concurrent Select Relocation Set 5.232ms
[162.015s][info][gc,phases   ] GC(313) Pause Relocate Start 0.013ms
[162.042s][info][gc,phases   ] GC(313) Concurrent Relocate 26.922ms
[162.043s][info][gc,load     ] GC(313) Load: 0.00/0.00/0.00
[162.043s][info][gc,mmu      ] GC(313) MMU: 2ms/94.3%, 5ms/97.7%, 10ms/98.9%, 20ms/99.4%, 50ms/99.7%, 100ms/99.8%
[162.043s][info][gc,marking  ] GC(313) Mark: 2 stripe(s), 2 proactive flush(es), 1 terminate flush(es), 0 completion(s), 0 continuation(s) 
[162.043s][info][gc,marking  ] GC(313) Mark Stack Usage: 32M
[162.043s][info][gc,nmethod  ] GC(313) NMethods: 15249 registered, 2270 unregistered
[162.043s][info][gc,metaspace] GC(313) Metaspace: 100M used, 101M committed, 1152M reserved
[162.043s][info][gc,ref      ] GC(313) Soft: 4314 encountered, 0 discovered, 0 enqueued
[162.043s][info][gc,ref      ] GC(313) Weak: 7446 encountered, 6387 discovered, 6 enqueued
[162.043s][info][gc,ref      ] GC(313) Final: 1 encountered, 1 discovered, 0 enqueued
[162.043s][info][gc,ref      ] GC(313) Phantom: 773 encountered, 688 discovered, 0 enqueued
[162.043s][info][gc,reloc    ] GC(313) Small Pages: 741 / 1482M, Empty: 322M, Relocated: 26M, In-Place: 0
[162.043s][info][gc,reloc    ] GC(313) Medium Pages: 2 / 64M, Empty: 0M, Relocated: 3M, In-Place: 0
[162.043s][info][gc,reloc    ] GC(313) Large Pages: 7 / 62M, Empty: 0M, Relocated: 0M, In-Place: 0
[162.043s][info][gc,reloc    ] GC(313) Forwarding Usage: 16M
[162.043s][info][gc,heap     ] GC(313) Min Capacity: 2048M(100%)
[162.043s][info][gc,heap     ] GC(313) Max Capacity: 2048M(100%)
[162.043s][info][gc,heap     ] GC(313) Soft Max Capacity: 2048M(100%)
[162.043s][info][gc,heap     ] GC(313)                Mark Start          Mark End        Relocate Start      Relocate End           High               Low         
[162.043s][info][gc,heap     ] GC(313)  Capacity:     2048M (100%)       2048M (100%)       2048M (100%)       2048M (100%)       2048M (100%)       2048M (100%)   
[162.043s][info][gc,heap     ] GC(313)      Free:      440M (21%)         216M (11%)         490M (24%)        1518M (74%)        1518M (74%)         180M (9%)     
[162.043s][info][gc,heap     ] GC(313)      Used:     1608M (79%)        1832M (89%)        1558M (76%)         530M (26%)        1868M (91%)         530M (26%)    
[162.043s][info][gc,heap     ] GC(313)      Live:         -               134M (7%)          134M (7%)          134M (7%)             -                  -          
[162.043s][info][gc,heap     ] GC(313) Allocated:         -               224M (11%)         272M (13%)         358M (17%)            -                  -          
[162.043s][info][gc,heap     ] GC(313)   Garbage:         -              1473M (72%)        1151M (56%)          37M (2%)             -                  -          
[162.043s][info][gc,heap     ] GC(313) Reclaimed:         -                  -               322M (16%)        1436M (70%)            -                  -          
[162.043s][info][gc          ] GC(313) Garbage Collection (Allocation Rate) 1608M(79%)->530M(26%)
[162.179s][info][gc,start    ] GC(314) Garbage Collection (System.gc())
[162.179s][info][gc,task     ] GC(314) Using 2 workers
[162.179s][info][gc,phases   ] GC(314) Pause Mark Start 0.009ms
[162.220s][info][gc,phases   ] GC(314) Concurrent Mark 40.394ms
[162.220s][info][gc,phases   ] GC(314) Pause Mark End 0.020ms
[162.220s][info][gc,phases   ] GC(314) Concurrent Mark Free 0.002ms
[162.234s][info][gc,phases   ] GC(314) Concurrent Process Non-Strong References 13.482ms
[162.234s][info][gc,phases   ] GC(314) Concurrent Reset Relocation Set 0.045ms
[162.236s][info][gc,phases   ] GC(314) Concurrent Select Relocation Set 2.599ms
[162.236s][info][gc,phases   ] GC(314) Pause Relocate Start 0.008ms
[162.237s][info][gc,phases   ] GC(314) Concurrent Relocate 0.793ms
[162.237s][info][gc,load     ] GC(314) Load: 0.00/0.00/0.00
[162.237s][info][gc,mmu      ] GC(314) MMU: 2ms/94.3%, 5ms/97.7%, 10ms/98.9%, 20ms/99.4%, 50ms/99.7%, 100ms/99.8%
[162.237s][info][gc,marking  ] GC(314) Mark: 2 stripe(s), 2 proactive flush(es), 1 terminate flush(es), 0 completion(s), 0 continuation(s) 
[162.237s][info][gc,marking  ] GC(314) Mark Stack Usage: 32M
[162.237s][info][gc,nmethod  ] GC(314) NMethods: 15249 registered, 2270 unregistered
[162.237s][info][gc,metaspace] GC(314) Metaspace: 100M used, 101M committed, 1152M reserved
[162.237s][info][gc,ref      ] GC(314) Soft: 4314 encountered, 0 discovered, 0 enqueued
[162.237s][info][gc,ref      ] GC(314) Weak: 7439 encountered, 6544 discovered, 3 enqueued
[162.237s][info][gc,ref      ] GC(314) Final: 1 encountered, 0 discovered, 0 enqueued
[162.237s][info][gc,ref      ] GC(314) Phantom: 773 encountered, 545 discovered, 0 enqueued
[162.237s][info][gc,reloc    ] GC(314) Small Pages: 350 / 700M, Empty: 622M, Relocated: 0M, In-Place: 0
[162.237s][info][gc,reloc    ] GC(314) Medium Pages: 2 / 64M, Empty: 32M, Relocated: 0M, In-Place: 0
[162.237s][info][gc,reloc    ] GC(314) Large Pages: 7 / 62M, Empty: 0M, Relocated: 0M, In-Place: 0
[162.237s][info][gc,reloc    ] GC(314) Forwarding Usage: 0M
[162.237s][info][gc,heap     ] GC(314) Min Capacity: 2048M(100%)
[162.237s][info][gc,heap     ] GC(314) Max Capacity: 2048M(100%)
[162.237s][info][gc,heap     ] GC(314) Soft Max Capacity: 2048M(100%)
[162.237s][info][gc,heap     ] GC(314)                Mark Start          Mark End        Relocate Start      Relocate End           High               Low         
[162.237s][info][gc,heap     ] GC(314)  Capacity:     2048M (100%)       2048M (100%)       2048M (100%)       2048M (100%)       2048M (100%)       2048M (100%)   
[162.237s][info][gc,heap     ] GC(314)      Free:     1222M (60%)        1222M (60%)        1876M (92%)        1902M (93%)        1902M (93%)        1222M (60%)    
[162.237s][info][gc,heap     ] GC(314)      Used:      826M (40%)         826M (40%)         172M (8%)          146M (7%)          826M (40%)         146M (7%)     
[162.237s][info][gc,heap     ] GC(314)      Live:         -               106M (5%)          106M (5%)          106M (5%)             -                  -          
[162.237s][info][gc,heap     ] GC(314) Allocated:         -                 0M (0%)            0M (0%)            0M (0%)             -                  -          
[162.237s][info][gc,heap     ] GC(314)   Garbage:         -               719M (35%)          65M (3%)           39M (2%)             -                  -          
[162.237s][info][gc,heap     ] GC(314) Reclaimed:         -                  -               654M (32%)         680M (33%)            -                  -          
[162.237s][info][gc          ] GC(314) Garbage Collection (System.gc()) 826M(40%)->146M(7%)
[162.908s][info][gc,start    ] GC(315) Garbage Collection (Allocation Rate)
[162.908s][info][gc,task     ] GC(315) Using 2 workers
[162.908s][info][gc,phases   ] GC(315) Pause Mark Start 0.008ms
[162.971s][info][gc,phases   ] GC(315) Concurrent Mark 63.405ms
[162.972s][info][gc,phases   ] GC(315) Pause Mark End 0.013ms
[162.972s][info][gc,phases   ] GC(315) Concurrent Mark Free 0.002ms
[162.986s][info][gc,phases   ] GC(315) Concurrent Process Non-Strong References 14.608ms
[162.986s][info][gc,phases   ] GC(315) Concurrent Reset Relocation Set 0.002ms
[162.989s][info][gc,phases   ] GC(315) Concurrent Select Relocation Set 2.990ms
[162.990s][info][gc,phases   ] GC(315) Pause Relocate Start 0.007ms
[162.993s][info][gc,phases   ] GC(315) Concurrent Relocate 3.095ms
[162.993s][info][gc,load     ] GC(315) Load: 0.00/0.00/0.00
[162.993s][info][gc,mmu      ] GC(315) MMU: 2ms/94.3%, 5ms/97.7%, 10ms/98.9%, 20ms/99.4%, 50ms/99.7%, 100ms/99.8%
[162.993s][info][gc,marking  ] GC(315) Mark: 2 stripe(s), 2 proactive flush(es), 1 terminate flush(es), 0 completion(s), 0 continuation(s) 
[162.993s][info][gc,marking  ] GC(315) Mark Stack Usage: 32M
[162.993s][info][gc,nmethod  ] GC(315) NMethods: 15249 registered, 2270 unregistered
[162.993s][info][gc,metaspace] GC(315) Metaspace: 100M used, 101M committed, 1152M reserved
[162.993s][info][gc,ref      ] GC(315) Soft: 4314 encountered, 0 discovered, 0 enqueued
[162.993s][info][gc,ref      ] GC(315) Weak: 7446 encountered, 6539 discovered, 3 enqueued
[162.993s][info][gc,ref      ] GC(315) Final: 1 encountered, 1 discovered, 0 enqueued
[162.993s][info][gc,ref      ] GC(315) Phantom: 773 encountered, 688 discovered, 0 enqueued
[162.993s][info][gc,reloc    ] GC(315) Small Pages: 651 / 1302M, Empty: 1020M, Relocated: 3M, In-Place: 0
[162.993s][info][gc,reloc    ] GC(315) Medium Pages: 2 / 64M, Empty: 32M, Relocated: 0M, In-Place: 0
[162.993s][info][gc,reloc    ] GC(315) Large Pages: 7 / 62M, Empty: 0M, Relocated: 0M, In-Place: 0
[162.993s][info][gc,reloc    ] GC(315) Forwarding Usage: 1M
[162.993s][info][gc,heap     ] GC(315) Min Capacity: 2048M(100%)
[162.993s][info][gc,heap     ] GC(315) Max Capacity: 2048M(100%)
[162.993s][info][gc,heap     ] GC(315) Soft Max Capacity: 2048M(100%)
[162.993s][info][gc,heap     ] GC(315)                Mark Start          Mark End        Relocate Start      Relocate End           High               Low         
[162.993s][info][gc,heap     ] GC(315)  Capacity:     2048M (100%)       2048M (100%)       2048M (100%)       2048M (100%)       2048M (100%)       2048M (100%)   
[162.993s][info][gc,heap     ] GC(315)      Free:      620M (30%)         450M (22%)        1464M (71%)        1686M (82%)        1688M (82%)         418M (20%)    
[162.993s][info][gc,heap     ] GC(315)      Used:     1428M (70%)        1598M (78%)         584M (29%)         362M (18%)        1630M (80%)         360M (18%)    
[162.993s][info][gc,heap     ] GC(315)      Live:         -               108M (5%)          108M (5%)          108M (5%)             -                  -          
[162.993s][info][gc,heap     ] GC(315) Allocated:         -               170M (8%)          208M (10%)         213M (10%)            -                  -          
[162.993s][info][gc,heap     ] GC(315)   Garbage:         -              1319M (64%)         267M (13%)          39M (2%)             -                  -          
[162.993s][info][gc,heap     ] GC(315) Reclaimed:         -                  -              1052M (51%)        1279M (62%)            -                  -          
[162.993s][info][gc          ] GC(315) Garbage Collection (Allocation Rate) 1428M(70%)->362M(18%)
[163.499s][info][gc,start    ] GC(316) Garbage Collection (Allocation Rate)
[163.499s][info][gc,task     ] GC(316) Using 2 workers
[163.500s][info][gc,phases   ] GC(316) Pause Mark Start 0.008ms
[163.579s][info][gc,phases   ] GC(316) Concurrent Mark 79.298ms
[163.579s][info][gc,phases   ] GC(316) Pause Mark End 0.014ms
[163.579s][info][gc,phases   ] GC(316) Concurrent Mark Free 0.002ms
[163.594s][info][gc,phases   ] GC(316) Concurrent Process Non-Strong References 14.193ms
[163.594s][info][gc,phases   ] GC(316) Concurrent Reset Relocation Set 0.008ms
[163.599s][info][gc,phases   ] GC(316) Concurrent Select Relocation Set 5.248ms
[163.599s][info][gc,phases   ] GC(316) Pause Relocate Start 0.009ms
[163.624s][info][gc,phases   ] GC(316) Concurrent Relocate 24.536ms
[163.624s][info][gc,load     ] GC(316) Load: 0.00/0.00/0.00
[163.624s][info][gc,mmu      ] GC(316) MMU: 2ms/94.3%, 5ms/97.7%, 10ms/98.9%, 20ms/99.4%, 50ms/99.7%, 100ms/99.8%
[163.624s][info][gc,marking  ] GC(316) Mark: 2 stripe(s), 2 proactive flush(es), 1 terminate flush(es), 0 completion(s), 0 continuation(s) 
[163.624s][info][gc,marking  ] GC(316) Mark Stack Usage: 32M
[163.624s][info][gc,nmethod  ] GC(316) NMethods: 15250 registered, 2270 unregistered
[163.624s][info][gc,metaspace] GC(316) Metaspace: 100M used, 101M committed, 1152M reserved
[163.624s][info][gc,ref      ] GC(316) Soft: 4314 encountered, 0 discovered, 0 enqueued
[163.624s][info][gc,ref      ] GC(316) Weak: 7444 encountered, 2424 discovered, 4 enqueued
[163.624s][info][gc,ref      ] GC(316) Final: 1 encountered, 0 discovered, 0 enqueued
[163.624s][info][gc,ref      ] GC(316) Phantom: 773 encountered, 538 discovered, 0 enqueued
[163.624s][info][gc,reloc    ] GC(316) Small Pages: 736 / 1472M, Empty: 318M, Relocated: 24M, In-Place: 0
[163.624s][info][gc,reloc    ] GC(316) Medium Pages: 2 / 64M, Empty: 0M, Relocated: 3M, In-Place: 0
[163.624s][info][gc,reloc    ] GC(316) Large Pages: 7 / 62M, Empty: 0M, Relocated: 0M, In-Place: 0
[163.624s][info][gc,reloc    ] GC(316) Forwarding Usage: 15M
[163.624s][info][gc,heap     ] GC(316) Min Capacity: 2048M(100%)
[163.624s][info][gc,heap     ] GC(316) Max Capacity: 2048M(100%)
[163.624s][info][gc,heap     ] GC(316) Soft Max Capacity: 2048M(100%)
[163.624s][info][gc,heap     ] GC(316)                Mark Start          Mark End        Relocate Start      Relocate End           High               Low         
[163.624s][info][gc,heap     ] GC(316)  Capacity:     2048M (100%)       2048M (100%)       2048M (100%)       2048M (100%)       2048M (100%)       2048M (100%)   
[163.624s][info][gc,heap     ] GC(316)      Free:      450M (22%)         254M (12%)         522M (25%)        1546M (75%)        1548M (76%)         218M (11%)    
[163.624s][info][gc,heap     ] GC(316)      Used:     1598M (78%)        1794M (88%)        1526M (75%)         502M (25%)        1830M (89%)         500M (24%)    
[163.624s][info][gc,heap     ] GC(316)      Live:         -               134M (7%)          134M (7%)          134M (7%)             -                  -          
[163.624s][info][gc,heap     ] GC(316) Allocated:         -               196M (10%)         246M (12%)         329M (16%)            -                  -          
[163.624s][info][gc,heap     ] GC(316)   Garbage:         -              1463M (71%)        1145M (56%)          37M (2%)             -                  -          
[163.624s][info][gc,heap     ] GC(316) Reclaimed:         -                  -               318M (16%)        1425M (70%)            -                  -          
[163.624s][info][gc          ] GC(316) Garbage Collection (Allocation Rate) 1598M(78%)->502M(25%)
[163.731s][info][gc,start    ] GC(317) Garbage Collection (System.gc())
[163.731s][info][gc,task     ] GC(317) Using 2 workers
[163.731s][info][gc,phases   ] GC(317) Pause Mark Start 0.004ms
[163.770s][info][gc,phases   ] GC(317) Concurrent Mark 38.831ms
[163.770s][info][gc,phases   ] GC(317) Pause Mark End 0.022ms
[163.771s][info][gc,phases   ] GC(317) Concurrent Mark Free 0.002ms
[163.784s][info][gc,phases   ] GC(317) Concurrent Process Non-Strong References 13.672ms
[163.784s][info][gc,phases   ] GC(317) Concurrent Reset Relocation Set 0.058ms
[163.787s][info][gc,phases   ] GC(317) Concurrent Select Relocation Set 2.585ms
[163.787s][info][gc,phases   ] GC(317) Pause Relocate Start 0.012ms
[163.788s][info][gc,phases   ] GC(317) Concurrent Relocate 0.965ms
[163.788s][info][gc,load     ] GC(317) Load: 0.00/0.00/0.00
[163.788s][info][gc,mmu      ] GC(317) MMU: 2ms/94.3%, 5ms/97.7%, 10ms/98.9%, 20ms/99.4%, 50ms/99.7%, 100ms/99.8%
[163.788s][info][gc,marking  ] GC(317) Mark: 2 stripe(s), 2 proactive flush(es), 1 terminate flush(es), 0 completion(s), 0 continuation(s) 
[163.788s][info][gc,marking  ] GC(317) Mark Stack Usage: 32M
[163.788s][info][gc,nmethod  ] GC(317) NMethods: 15250 registered, 2270 unregistered
[163.788s][info][gc,metaspace] GC(317) Metaspace: 100M used, 101M committed, 1152M reserved
[163.788s][info][gc,ref      ] GC(317) Soft: 4314 encountered, 0 discovered, 0 enqueued
[163.788s][info][gc,ref      ] GC(317) Weak: 7439 encountered, 6569 discovered, 3 enqueued
[163.788s][info][gc,ref      ] GC(317) Final: 1 encountered, 0 discovered, 0 enqueued
[163.788s][info][gc,ref      ] GC(317) Phantom: 773 encountered, 545 discovered, 0 enqueued
[163.788s][info][gc,reloc    ] GC(317) Small Pages: 301 / 602M, Empty: 526M, Relocated: 1M, In-Place: 0
[163.788s][info][gc,reloc    ] GC(317) Medium Pages: 2 / 64M, Empty: 32M, Relocated: 0M, In-Place: 0
[163.788s][info][gc,reloc    ] GC(317) Large Pages: 7 / 62M, Empty: 0M, Relocated: 0M, In-Place: 0
[163.788s][info][gc,reloc    ] GC(317) Forwarding Usage: 0M
[163.788s][info][gc,heap     ] GC(317) Min Capacity: 2048M(100%)
[163.788s][info][gc,heap     ] GC(317) Max Capacity: 2048M(100%)
[163.788s][info][gc,heap     ] GC(317) Soft Max Capacity: 2048M(100%)
[163.788s][info][gc,heap     ] GC(317)                Mark Start          Mark End        Relocate Start      Relocate End           High               Low         
[163.788s][info][gc,heap     ] GC(317)  Capacity:     2048M (100%)       2048M (100%)       2048M (100%)       2048M (100%)       2048M (100%)       2048M (100%)   
[163.788s][info][gc,heap     ] GC(317)      Free:     1320M (64%)        1318M (64%)        1876M (92%)        1900M (93%)        1900M (93%)        1318M (64%)    
[163.788s][info][gc,heap     ] GC(317)      Used:      728M (36%)         730M (36%)         172M (8%)          148M (7%)          730M (36%)         148M (7%)     
[163.788s][info][gc,heap     ] GC(317)      Live:         -               106M (5%)          106M (5%)          106M (5%)             -                  -          
[163.788s][info][gc,heap     ] GC(317) Allocated:         -                 2M (0%)            2M (0%)            2M (0%)             -                  -          
[163.788s][info][gc,heap     ] GC(317)   Garbage:         -               621M (30%)          63M (3%)           39M (2%)             -                  -          
[163.788s][info][gc,heap     ] GC(317) Reclaimed:         -                  -               558M (27%)         582M (28%)            -                  -          
[163.788s][info][gc          ] GC(317) Garbage Collection (System.gc()) 728M(36%)->148M(7%)
[164.398s][info][gc,start    ] GC(318) Garbage Collection (Allocation Rate)
[164.399s][info][gc,task     ] GC(318) Using 2 workers
[164.399s][info][gc,phases   ] GC(318) Pause Mark Start 0.007ms
[164.462s][info][gc,phases   ] GC(318) Concurrent Mark 63.601ms
[164.463s][info][gc,phases   ] GC(318) Pause Mark End 0.015ms
[164.463s][info][gc,phases   ] GC(318) Concurrent Mark Free 0.001ms
[164.477s][info][gc,phases   ] GC(318) Concurrent Process Non-Strong References 14.222ms
[164.477s][info][gc,phases   ] GC(318) Concurrent Reset Relocation Set 0.002ms
[164.479s][info][gc,phases   ] GC(318) Concurrent Select Relocation Set 2.196ms
[164.479s][info][gc,phases   ] GC(318) Pause Relocate Start 0.011ms
[164.482s][info][gc,phases   ] GC(318) Concurrent Relocate 2.609ms
[164.482s][info][gc,load     ] GC(318) Load: 0.00/0.00/0.00
[164.482s][info][gc,mmu      ] GC(318) MMU: 2ms/94.3%, 5ms/97.7%, 10ms/98.9%, 20ms/99.4%, 50ms/99.7%, 100ms/99.8%
[164.482s][info][gc,marking  ] GC(318) Mark: 2 stripe(s), 2 proactive flush(es), 1 terminate flush(es), 0 completion(s), 0 continuation(s) 
[164.482s][info][gc,marking  ] GC(318) Mark Stack Usage: 32M
[164.482s][info][gc,nmethod  ] GC(318) NMethods: 15251 registered, 2270 unregistered
[164.482s][info][gc,metaspace] GC(318) Metaspace: 100M used, 101M committed, 1152M reserved
[164.482s][info][gc,ref      ] GC(318) Soft: 4314 encountered, 0 discovered, 0 enqueued
[164.482s][info][gc,ref      ] GC(318) Weak: 7446 encountered, 6220 discovered, 1 enqueued
[164.482s][info][gc,ref      ] GC(318) Final: 1 encountered, 1 discovered, 0 enqueued
[164.482s][info][gc,ref      ] GC(318) Phantom: 773 encountered, 571 discovered, 0 enqueued
[164.482s][info][gc,reloc    ] GC(318) Small Pages: 581 / 1162M, Empty: 642M, Relocated: 1M, In-Place: 0
[164.482s][info][gc,reloc    ] GC(318) Medium Pages: 2 / 64M, Empty: 32M, Relocated: 0M, In-Place: 0
[164.482s][info][gc,reloc    ] GC(318) Large Pages: 7 / 62M, Empty: 0M, Relocated: 0M, In-Place: 0
[164.482s][info][gc,reloc    ] GC(318) Forwarding Usage: 0M
[164.482s][info][gc,heap     ] GC(318) Min Capacity: 2048M(100%)
[164.482s][info][gc,heap     ] GC(318) Max Capacity: 2048M(100%)
[164.482s][info][gc,heap     ] GC(318) Soft Max Capacity: 2048M(100%)
[164.482s][info][gc,heap     ] GC(318)                Mark Start          Mark End        Relocate Start      Relocate End           High               Low         
[164.483s][info][gc,heap     ] GC(318)  Capacity:     2048M (100%)       2048M (100%)       2048M (100%)       2048M (100%)       2048M (100%)       2048M (100%)   
[164.483s][info][gc,heap     ] GC(318)      Free:      760M (37%)         626M (31%)        1264M (62%)        1724M (84%)        1724M (84%)         594M (29%)    
[164.483s][info][gc,heap     ] GC(318)      Used:     1288M (63%)        1422M (69%)         784M (38%)         324M (16%)        1454M (71%)         324M (16%)    
[164.483s][info][gc,heap     ] GC(318)      Live:         -               107M (5%)          107M (5%)          107M (5%)             -                  -          
[164.483s][info][gc,heap     ] GC(318) Allocated:         -               134M (7%)          170M (8%)          175M (9%)             -                  -          
[164.483s][info][gc,heap     ] GC(318)   Garbage:         -              1180M (58%)         506M (25%)          40M (2%)             -                  -          
[164.483s][info][gc,heap     ] GC(318) Reclaimed:         -                  -               674M (33%)        1139M (56%)            -                  -          
[164.483s][info][gc          ] GC(318) Garbage Collection (Allocation Rate) 1288M(63%)->324M(16%)
[164.993s][info][gc,start    ] GC(319) Garbage Collection (Allocation Rate)
[164.993s][info][gc,task     ] GC(319) Using 2 workers
[164.993s][info][gc,phases   ] GC(319) Pause Mark Start 0.013ms
[165.088s][info][gc,phases   ] GC(319) Concurrent Mark 94.706ms
[165.088s][info][gc,phases   ] GC(319) Pause Mark End 0.010ms
[165.088s][info][gc,phases   ] GC(319) Concurrent Mark Free 0.001ms
[165.102s][info][gc,phases   ] GC(319) Concurrent Process Non-Strong References 14.023ms
[165.102s][info][gc,phases   ] GC(319) Concurrent Reset Relocation Set 0.014ms
[165.108s][info][gc,phases   ] GC(319) Concurrent Select Relocation Set 5.324ms
[165.108s][info][gc,phases   ] GC(319) Pause Relocate Start 0.012ms
[165.135s][info][gc,phases   ] GC(319) Concurrent Relocate 26.794ms
[165.135s][info][gc,load     ] GC(319) Load: 0.00/0.00/0.00
[165.135s][info][gc,mmu      ] GC(319) MMU: 2ms/94.3%, 5ms/97.7%, 10ms/98.9%, 20ms/99.4%, 50ms/99.7%, 100ms/99.8%
[165.135s][info][gc,marking  ] GC(319) Mark: 2 stripe(s), 2 proactive flush(es), 1 terminate flush(es), 0 completion(s), 0 continuation(s) 
[165.135s][info][gc,marking  ] GC(319) Mark Stack Usage: 32M
[165.135s][info][gc,nmethod  ] GC(319) NMethods: 15251 registered, 2270 unregistered
[165.135s][info][gc,metaspace] GC(319) Metaspace: 100M used, 101M committed, 1152M reserved
[165.135s][info][gc,ref      ] GC(319) Soft: 4314 encountered, 0 discovered, 0 enqueued
[165.135s][info][gc,ref      ] GC(319) Weak: 7446 encountered, 5947 discovered, 6 enqueued
[165.135s][info][gc,ref      ] GC(319) Final: 1 encountered, 1 discovered, 0 enqueued
[165.135s][info][gc,ref      ] GC(319) Phantom: 773 encountered, 533 discovered, 0 enqueued
[165.135s][info][gc,reloc    ] GC(319) Small Pages: 721 / 1442M, Empty: 332M, Relocated: 27M, In-Place: 0
[165.135s][info][gc,reloc    ] GC(319) Medium Pages: 2 / 64M, Empty: 0M, Relocated: 3M, In-Place: 0
[165.135s][info][gc,reloc    ] GC(319) Large Pages: 7 / 62M, Empty: 0M, Relocated: 0M, In-Place: 0
[165.135s][info][gc,reloc    ] GC(319) Forwarding Usage: 16M
[165.135s][info][gc,heap     ] GC(319) Min Capacity: 2048M(100%)
[165.135s][info][gc,heap     ] GC(319) Max Capacity: 2048M(100%)
[165.135s][info][gc,heap     ] GC(319) Soft Max Capacity: 2048M(100%)
[165.135s][info][gc,heap     ] GC(319)                Mark Start          Mark End        Relocate Start      Relocate End           High               Low         
[165.135s][info][gc,heap     ] GC(319)  Capacity:     2048M (100%)       2048M (100%)       2048M (100%)       2048M (100%)       2048M (100%)       2048M (100%)   
[165.135s][info][gc,heap     ] GC(319)      Free:      480M (23%)         254M (12%)         536M (26%)        1512M (74%)        1512M (74%)         218M (11%)    
[165.135s][info][gc,heap     ] GC(319)      Used:     1568M (77%)        1794M (88%)        1512M (74%)         536M (26%)        1830M (89%)         536M (26%)    
[165.135s][info][gc,heap     ] GC(319)      Live:         -               134M (7%)          134M (7%)          134M (7%)             -                  -          
[165.135s][info][gc,heap     ] GC(319) Allocated:         -               226M (11%)         276M (13%)         363M (18%)            -                  -          
[165.135s][info][gc,heap     ] GC(319)   Garbage:         -              1433M (70%)        1101M (54%)          38M (2%)             -                  -          
[165.135s][info][gc,heap     ] GC(319) Reclaimed:         -                  -               332M (16%)        1395M (68%)            -                  -          
[165.135s][info][gc          ] GC(319) Garbage Collection (Allocation Rate) 1568M(77%)->536M(26%)
[165.295s][info][gc,start    ] GC(320) Garbage Collection (System.gc())
[165.295s][info][gc,task     ] GC(320) Using 2 workers
[165.295s][info][gc,phases   ] GC(320) Pause Mark Start 0.005ms
[165.342s][info][gc,phases   ] GC(320) Concurrent Mark 47.187ms
[165.342s][info][gc,phases   ] GC(320) Pause Mark End 0.013ms
[165.342s][info][gc,phases   ] GC(320) Concurrent Mark Free 0.001ms
[165.356s][info][gc,phases   ] GC(320) Concurrent Process Non-Strong References 13.902ms
[165.356s][info][gc,phases   ] GC(320) Concurrent Reset Relocation Set 0.029ms
[165.359s][info][gc,phases   ] GC(320) Concurrent Select Relocation Set 2.778ms
[165.359s][info][gc,phases   ] GC(320) Pause Relocate Start 0.007ms
[165.360s][info][gc,phases   ] GC(320) Concurrent Relocate 1.158ms
[165.360s][info][gc,load     ] GC(320) Load: 0.00/0.00/0.00
[165.361s][info][gc,mmu      ] GC(320) MMU: 2ms/94.3%, 5ms/97.7%, 10ms/98.9%, 20ms/99.4%, 50ms/99.7%, 100ms/99.8%
[165.361s][info][gc,marking  ] GC(320) Mark: 2 stripe(s), 2 proactive flush(es), 1 terminate flush(es), 0 completion(s), 0 continuation(s) 
[165.361s][info][gc,marking  ] GC(320) Mark Stack Usage: 32M
[165.361s][info][gc,nmethod  ] GC(320) NMethods: 15251 registered, 2270 unregistered
[165.361s][info][gc,metaspace] GC(320) Metaspace: 100M used, 101M committed, 1152M reserved
[165.361s][info][gc,ref      ] GC(320) Soft: 4314 encountered, 0 discovered, 0 enqueued
[165.361s][info][gc,ref      ] GC(320) Weak: 7439 encountered, 6537 discovered, 3 enqueued
[165.361s][info][gc,ref      ] GC(320) Final: 1 encountered, 0 discovered, 0 enqueued
[165.361s][info][gc,ref      ] GC(320) Phantom: 773 encountered, 545 discovered, 0 enqueued
[165.361s][info][gc,reloc    ] GC(320) Small Pages: 387 / 774M, Empty: 696M, Relocated: 1M, In-Place: 0
[165.361s][info][gc,reloc    ] GC(320) Medium Pages: 2 / 64M, Empty: 32M, Relocated: 0M, In-Place: 0
[165.361s][info][gc,reloc    ] GC(320) Large Pages: 7 / 62M, Empty: 0M, Relocated: 0M, In-Place: 0
[165.361s][info][gc,reloc    ] GC(320) Forwarding Usage: 0M
[165.361s][info][gc,heap     ] GC(320) Min Capacity: 2048M(100%)
[165.361s][info][gc,heap     ] GC(320) Max Capacity: 2048M(100%)
[165.361s][info][gc,heap     ] GC(320) Soft Max Capacity: 2048M(100%)
[165.361s][info][gc,heap     ] GC(320)                Mark Start          Mark End        Relocate Start      Relocate End           High               Low         
[165.361s][info][gc,heap     ] GC(320)  Capacity:     2048M (100%)       2048M (100%)       2048M (100%)       2048M (100%)       2048M (100%)       2048M (100%)   
[165.361s][info][gc,heap     ] GC(320)      Free:     1148M (56%)        1148M (56%)        1876M (92%)        1902M (93%)        1902M (93%)        1148M (56%)    
[165.361s][info][gc,heap     ] GC(320)      Used:      900M (44%)         900M (44%)         172M (8%)          146M (7%)          900M (44%)         146M (7%)     
[165.361s][info][gc,heap     ] GC(320)      Live:         -               106M (5%)          106M (5%)          106M (5%)             -                  -          
[165.361s][info][gc,heap     ] GC(320) Allocated:         -                 0M (0%)            0M (0%)            0M (0%)             -                  -          
[165.361s][info][gc,heap     ] GC(320)   Garbage:         -               793M (39%)          65M (3%)           39M (2%)             -                  -          
[165.361s][info][gc,heap     ] GC(320) Reclaimed:         -                  -               728M (36%)         754M (37%)            -                  -          
[165.361s][info][gc          ] GC(320) Garbage Collection (System.gc()) 900M(44%)->146M(7%)
[165.996s][info][gc,start    ] GC(321) Garbage Collection (Allocation Rate)
[165.996s][info][gc,task     ] GC(321) Using 2 workers
[165.999s][info][gc,phases   ] GC(321) Pause Mark Start 0.011ms
[166.060s][info][gc,phases   ] GC(321) Concurrent Mark 61.022ms
[166.060s][info][gc,phases   ] GC(321) Pause Mark End 0.016ms
[166.060s][info][gc,phases   ] GC(321) Concurrent Mark Free 0.001ms
[166.074s][info][gc,phases   ] GC(321) Concurrent Process Non-Strong References 13.859ms
[166.074s][info][gc,phases   ] GC(321) Concurrent Reset Relocation Set 0.002ms
[166.076s][info][gc,phases   ] GC(321) Concurrent Select Relocation Set 2.214ms
[166.076s][info][gc,phases   ] GC(321) Pause Relocate Start 0.008ms
[166.079s][info][gc,phases   ] GC(321) Concurrent Relocate 2.903ms
[166.079s][info][gc,load     ] GC(321) Load: 0.00/0.00/0.00
[166.079s][info][gc,mmu      ] GC(321) MMU: 2ms/94.3%, 5ms/97.7%, 10ms/98.9%, 20ms/99.4%, 50ms/99.7%, 100ms/99.8%
[166.079s][info][gc,marking  ] GC(321) Mark: 2 stripe(s), 2 proactive flush(es), 1 terminate flush(es), 0 completion(s), 0 continuation(s) 
[166.079s][info][gc,marking  ] GC(321) Mark Stack Usage: 32M
[166.079s][info][gc,nmethod  ] GC(321) NMethods: 15252 registered, 2270 unregistered
[166.079s][info][gc,metaspace] GC(321) Metaspace: 100M used, 101M committed, 1152M reserved
[166.080s][info][gc,ref      ] GC(321) Soft: 4314 encountered, 0 discovered, 0 enqueued
[166.080s][info][gc,ref      ] GC(321) Weak: 7446 encountered, 6147 discovered, 1 enqueued
[166.080s][info][gc,ref      ] GC(321) Final: 1 encountered, 1 discovered, 0 enqueued
[166.080s][info][gc,ref      ] GC(321) Phantom: 773 encountered, 552 discovered, 0 enqueued
[166.080s][info][gc,reloc    ] GC(321) Small Pages: 593 / 1186M, Empty: 640M, Relocated: 1M, In-Place: 0
[166.080s][info][gc,reloc    ] GC(321) Medium Pages: 2 / 64M, Empty: 32M, Relocated: 0M, In-Place: 0
[166.080s][info][gc,reloc    ] GC(321) Large Pages: 7 / 62M, Empty: 0M, Relocated: 0M, In-Place: 0
[166.080s][info][gc,reloc    ] GC(321) Forwarding Usage: 0M
[166.080s][info][gc,heap     ] GC(321) Min Capacity: 2048M(100%)
[166.080s][info][gc,heap     ] GC(321) Max Capacity: 2048M(100%)
[166.080s][info][gc,heap     ] GC(321) Soft Max Capacity: 2048M(100%)
[166.080s][info][gc,heap     ] GC(321)                Mark Start          Mark End        Relocate Start      Relocate End           High               Low         
[166.080s][info][gc,heap     ] GC(321)  Capacity:     2048M (100%)       2048M (100%)       2048M (100%)       2048M (100%)       2048M (100%)       2048M (100%)   
[166.080s][info][gc,heap     ] GC(321)      Free:      736M (36%)         604M (29%)        1242M (61%)        1728M (84%)        1728M (84%)         574M (28%)    
[166.080s][info][gc,heap     ] GC(321)      Used:     1312M (64%)        1444M (71%)         806M (39%)         320M (16%)        1474M (72%)         320M (16%)    
[166.080s][info][gc,heap     ] GC(321)      Live:         -               107M (5%)          107M (5%)          107M (5%)             -                  -          
[166.080s][info][gc,heap     ] GC(321) Allocated:         -               132M (6%)          166M (8%)          171M (8%)             -                  -          
[166.080s][info][gc,heap     ] GC(321)   Garbage:         -              1204M (59%)         532M (26%)          40M (2%)             -                  -          
[166.080s][info][gc,heap     ] GC(321) Reclaimed:         -                  -               672M (33%)        1163M (57%)            -                  -          
[166.080s][info][gc          ] GC(321) Garbage Collection (Allocation Rate) 1312M(64%)->320M(16%)
[166.602s][info][gc,start    ] GC(322) Garbage Collection (Allocation Rate)
[166.602s][info][gc,task     ] GC(322) Using 2 workers
[166.602s][info][gc,phases   ] GC(322) Pause Mark Start 0.013ms
[166.680s][info][gc,phases   ] GC(322) Concurrent Mark 78.270ms
[166.680s][info][gc,phases   ] GC(322) Pause Mark End 0.013ms
[166.681s][info][gc,phases   ] GC(322) Concurrent Mark Free 0.001ms
[166.695s][info][gc,phases   ] GC(322) Concurrent Process Non-Strong References 14.175ms
[166.695s][info][gc,phases   ] GC(322) Concurrent Reset Relocation Set 0.015ms
[166.700s][info][gc,phases   ] GC(322) Concurrent Select Relocation Set 5.504ms
[166.701s][info][gc,phases   ] GC(322) Pause Relocate Start 0.011ms
[166.727s][info][gc,phases   ] GC(322) Concurrent Relocate 26.550ms
[166.727s][info][gc,load     ] GC(322) Load: 0.00/0.00/0.00
[166.727s][info][gc,mmu      ] GC(322) MMU: 2ms/94.3%, 5ms/97.7%, 10ms/98.9%, 20ms/99.4%, 50ms/99.7%, 100ms/99.8%
[166.727s][info][gc,marking  ] GC(322) Mark: 2 stripe(s), 2 proactive flush(es), 1 terminate flush(es), 0 completion(s), 0 continuation(s) 
[166.727s][info][gc,marking  ] GC(322) Mark Stack Usage: 32M
[166.727s][info][gc,nmethod  ] GC(322) NMethods: 15252 registered, 2270 unregistered
[166.727s][info][gc,metaspace] GC(322) Metaspace: 100M used, 101M committed, 1152M reserved
[166.727s][info][gc,ref      ] GC(322) Soft: 4314 encountered, 0 discovered, 0 enqueued
[166.727s][info][gc,ref      ] GC(322) Weak: 7446 encountered, 104 discovered, 6 enqueued
[166.727s][info][gc,ref      ] GC(322) Final: 1 encountered, 0 discovered, 0 enqueued
[166.727s][info][gc,ref      ] GC(322) Phantom: 773 encountered, 568 discovered, 0 enqueued
[166.727s][info][gc,reloc    ] GC(322) Small Pages: 735 / 1470M, Empty: 328M, Relocated: 27M, In-Place: 0
[166.727s][info][gc,reloc    ] GC(322) Medium Pages: 2 / 64M, Empty: 0M, Relocated: 3M, In-Place: 0
[166.727s][info][gc,reloc    ] GC(322) Large Pages: 7 / 62M, Empty: 0M, Relocated: 0M, In-Place: 0
[166.727s][info][gc,reloc    ] GC(322) Forwarding Usage: 17M
[166.728s][info][gc,heap     ] GC(322) Min Capacity: 2048M(100%)
[166.728s][info][gc,heap     ] GC(322) Max Capacity: 2048M(100%)
[166.728s][info][gc,heap     ] GC(322) Soft Max Capacity: 2048M(100%)
[166.728s][info][gc,heap     ] GC(322)                Mark Start          Mark End        Relocate Start      Relocate End           High               Low         
[166.728s][info][gc,heap     ] GC(322)  Capacity:     2048M (100%)       2048M (100%)       2048M (100%)       2048M (100%)       2048M (100%)       2048M (100%)   
[166.728s][info][gc,heap     ] GC(322)      Free:      452M (22%)         262M (13%)         542M (26%)        1554M (76%)        1554M (76%)         226M (11%)    
[166.728s][info][gc,heap     ] GC(322)      Used:     1596M (78%)        1786M (87%)        1506M (74%)         494M (24%)        1822M (89%)         494M (24%)    
[166.728s][info][gc,heap     ] GC(322)      Live:         -               134M (7%)          134M (7%)          134M (7%)             -                  -          
[166.728s][info][gc,heap     ] GC(322) Allocated:         -               190M (9%)          238M (12%)         321M (16%)            -                  -          
[166.728s][info][gc,heap     ] GC(322)   Garbage:         -              1461M (71%)        1133M (55%)          38M (2%)             -                  -          
[166.728s][info][gc,heap     ] GC(322) Reclaimed:         -                  -               328M (16%)        1423M (69%)            -                  -          
[166.728s][info][gc          ] GC(322) Garbage Collection (Allocation Rate) 1596M(78%)->494M(24%)
[166.886s][info][gc,start    ] GC(323) Garbage Collection (System.gc())
[166.886s][info][gc,task     ] GC(323) Using 2 workers
[166.886s][info][gc,phases   ] GC(323) Pause Mark Start 0.005ms
[166.917s][info][gc,phases   ] GC(323) Concurrent Mark 30.939ms
[166.917s][info][gc,phases   ] GC(323) Pause Mark End 0.022ms
[166.917s][info][gc,phases   ] GC(323) Concurrent Mark Free 0.001ms
[166.930s][info][gc,phases   ] GC(323) Concurrent Process Non-Strong References 12.814ms
[166.930s][info][gc,phases   ] GC(323) Concurrent Reset Relocation Set 0.047ms
[166.933s][info][gc,phases   ] GC(323) Concurrent Select Relocation Set 2.808ms
[166.933s][info][gc,phases   ] GC(323) Pause Relocate Start 0.012ms
[166.935s][info][gc,phases   ] GC(323) Concurrent Relocate 1.621ms
[166.935s][info][gc,load     ] GC(323) Load: 0.00/0.00/0.00
[166.935s][info][gc,mmu      ] GC(323) MMU: 2ms/94.3%, 5ms/97.7%, 10ms/98.9%, 20ms/99.4%, 50ms/99.7%, 100ms/99.8%
[166.935s][info][gc,marking  ] GC(323) Mark: 2 stripe(s), 2 proactive flush(es), 1 terminate flush(es), 0 completion(s), 0 continuation(s) 
[166.935s][info][gc,marking  ] GC(323) Mark Stack Usage: 32M
[166.935s][info][gc,nmethod  ] GC(323) NMethods: 15252 registered, 2270 unregistered
[166.935s][info][gc,metaspace] GC(323) Metaspace: 100M used, 101M committed, 1152M reserved
[166.935s][info][gc,ref      ] GC(323) Soft: 4314 encountered, 0 discovered, 0 enqueued
[166.935s][info][gc,ref      ] GC(323) Weak: 7439 encountered, 378 discovered, 3 enqueued
[166.935s][info][gc,ref      ] GC(323) Final: 1 encountered, 0 discovered, 0 enqueued
[166.935s][info][gc,ref      ] GC(323) Phantom: 773 encountered, 562 discovered, 0 enqueued
[166.935s][info][gc,reloc    ] GC(323) Small Pages: 360 / 720M, Empty: 642M, Relocated: 1M, In-Place: 0
[166.935s][info][gc,reloc    ] GC(323) Medium Pages: 2 / 64M, Empty: 32M, Relocated: 0M, In-Place: 0
[166.935s][info][gc,reloc    ] GC(323) Large Pages: 7 / 62M, Empty: 0M, Relocated: 0M, In-Place: 0
[166.935s][info][gc,reloc    ] GC(323) Forwarding Usage: 0M
[166.935s][info][gc,heap     ] GC(323) Min Capacity: 2048M(100%)
[166.935s][info][gc,heap     ] GC(323) Max Capacity: 2048M(100%)
[166.935s][info][gc,heap     ] GC(323) Soft Max Capacity: 2048M(100%)
[166.935s][info][gc,heap     ] GC(323)                Mark Start          Mark End        Relocate Start      Relocate End           High               Low         
[166.935s][info][gc,heap     ] GC(323)  Capacity:     2048M (100%)       2048M (100%)       2048M (100%)       2048M (100%)       2048M (100%)       2048M (100%)   
[166.935s][info][gc,heap     ] GC(323)      Free:     1202M (59%)        1202M (59%)        1876M (92%)        1902M (93%)        1902M (93%)        1202M (59%)    
[166.935s][info][gc,heap     ] GC(323)      Used:      846M (41%)         846M (41%)         172M (8%)          146M (7%)          846M (41%)         146M (7%)     
[166.935s][info][gc,heap     ] GC(323)      Live:         -               106M (5%)          106M (5%)          106M (5%)             -                  -          
[166.935s][info][gc,heap     ] GC(323) Allocated:         -                 0M (0%)            0M (0%)            0M (0%)             -                  -          
[166.935s][info][gc,heap     ] GC(323)   Garbage:         -               739M (36%)          65M (3%)           39M (2%)             -                  -          
[166.935s][info][gc,heap     ] GC(323) Reclaimed:         -                  -               674M (33%)         700M (34%)            -                  -          
[166.935s][info][gc          ] GC(323) Garbage Collection (System.gc()) 846M(41%)->146M(7%)
[167.600s][info][gc,start    ] GC(324) Garbage Collection (Allocation Rate)
[167.600s][info][gc,task     ] GC(324) Using 2 workers
[167.600s][info][gc,phases   ] GC(324) Pause Mark Start 0.012ms
[167.647s][info][gc,phases   ] GC(324) Concurrent Mark 46.929ms
[167.647s][info][gc,phases   ] GC(324) Pause Mark End 0.014ms
[167.648s][info][gc,phases   ] GC(324) Concurrent Mark Free 0.002ms
[167.662s][info][gc,phases   ] GC(324) Concurrent Process Non-Strong References 14.051ms
[167.662s][info][gc,phases   ] GC(324) Concurrent Reset Relocation Set 0.002ms
[167.664s][info][gc,phases   ] GC(324) Concurrent Select Relocation Set 2.345ms
[167.664s][info][gc,phases   ] GC(324) Pause Relocate Start 0.015ms
[167.667s][info][gc,phases   ] GC(324) Concurrent Relocate 2.356ms
[167.667s][info][gc,load     ] GC(324) Load: 0.00/0.00/0.00
[167.667s][info][gc,mmu      ] GC(324) MMU: 2ms/94.3%, 5ms/97.7%, 10ms/98.9%, 20ms/99.4%, 50ms/99.7%, 100ms/99.8%
[167.667s][info][gc,marking  ] GC(324) Mark: 2 stripe(s), 2 proactive flush(es), 1 terminate flush(es), 0 completion(s), 0 continuation(s) 
[167.667s][info][gc,marking  ] GC(324) Mark Stack Usage: 32M
[167.667s][info][gc,nmethod  ] GC(324) NMethods: 15252 registered, 2270 unregistered
[167.667s][info][gc,metaspace] GC(324) Metaspace: 100M used, 101M committed, 1152M reserved
[167.667s][info][gc,ref      ] GC(324) Soft: 4314 encountered, 0 discovered, 0 enqueued
[167.667s][info][gc,ref      ] GC(324) Weak: 7446 encountered, 1966 discovered, 3 enqueued
[167.667s][info][gc,ref      ] GC(324) Final: 1 encountered, 0 discovered, 0 enqueued
[167.667s][info][gc,ref      ] GC(324) Phantom: 773 encountered, 543 discovered, 0 enqueued
[167.667s][info][gc,reloc    ] GC(324) Small Pages: 631 / 1262M, Empty: 1020M, Relocated: 2M, In-Place: 0
[167.667s][info][gc,reloc    ] GC(324) Medium Pages: 2 / 64M, Empty: 32M, Relocated: 0M, In-Place: 0
[167.667s][info][gc,reloc    ] GC(324) Large Pages: 7 / 62M, Empty: 0M, Relocated: 0M, In-Place: 0
[167.667s][info][gc,reloc    ] GC(324) Forwarding Usage: 1M
[167.667s][info][gc,heap     ] GC(324) Min Capacity: 2048M(100%)
[167.667s][info][gc,heap     ] GC(324) Max Capacity: 2048M(100%)
[167.667s][info][gc,heap     ] GC(324) Soft Max Capacity: 2048M(100%)
[167.667s][info][gc,heap     ] GC(324)                Mark Start          Mark End        Relocate Start      Relocate End           High               Low         
[167.667s][info][gc,heap     ] GC(324)  Capacity:     2048M (100%)       2048M (100%)       2048M (100%)       2048M (100%)       2048M (100%)       2048M (100%)   
[167.667s][info][gc,heap     ] GC(324)      Free:      660M (32%)         526M (26%)        1544M (75%)        1730M (84%)        1730M (84%)         496M (24%)    
[167.667s][info][gc,heap     ] GC(324)      Used:     1388M (68%)        1522M (74%)         504M (25%)         318M (16%)        1552M (76%)         318M (16%)    
[167.667s][info][gc,heap     ] GC(324)      Live:         -               107M (5%)          107M (5%)          107M (5%)             -                  -          
[167.667s][info][gc,heap     ] GC(324) Allocated:         -               134M (7%)          168M (8%)          171M (8%)             -                  -          
[167.667s][info][gc,heap     ] GC(324)   Garbage:         -              1280M (63%)         228M (11%)          38M (2%)             -                  -          
[167.667s][info][gc,heap     ] GC(324) Reclaimed:         -                  -              1052M (51%)        1241M (61%)            -                  -          
[167.667s][info][gc          ] GC(324) Garbage Collection (Allocation Rate) 1388M(68%)->318M(16%)
[168.095s][info][gc,start    ] GC(325) Garbage Collection (Allocation Rate)
[168.095s][info][gc,task     ] GC(325) Using 1 workers
[168.095s][info][gc,phases   ] GC(325) Pause Mark Start 0.008ms
[168.259s][info][gc,phases   ] GC(325) Concurrent Mark 164.020ms
[168.259s][info][gc,phases   ] GC(325) Pause Mark End 0.011ms
[168.259s][info][gc,phases   ] GC(325) Concurrent Mark Free 0.001ms
[168.286s][info][gc,phases   ] GC(325) Concurrent Process Non-Strong References 26.845ms
[168.286s][info][gc,phases   ] GC(325) Concurrent Reset Relocation Set 0.007ms
[168.292s][info][gc,phases   ] GC(325) Concurrent Select Relocation Set 5.673ms
[168.292s][info][gc,phases   ] GC(325) Pause Relocate Start 0.013ms
[168.333s][info][gc,phases   ] GC(325) Concurrent Relocate 40.722ms
[168.333s][info][gc,load     ] GC(325) Load: 0.00/0.00/0.00
[168.333s][info][gc,mmu      ] GC(325) MMU: 2ms/94.3%, 5ms/97.7%, 10ms/98.9%, 20ms/99.4%, 50ms/99.7%, 100ms/99.8%
[168.333s][info][gc,marking  ] GC(325) Mark: 1 stripe(s), 2 proactive flush(es), 1 terminate flush(es), 0 completion(s), 0 continuation(s) 
[168.333s][info][gc,marking  ] GC(325) Mark Stack Usage: 32M
[168.333s][info][gc,nmethod  ] GC(325) NMethods: 15252 registered, 2270 unregistered
[168.333s][info][gc,metaspace] GC(325) Metaspace: 100M used, 101M committed, 1152M reserved
[168.333s][info][gc,ref      ] GC(325) Soft: 4314 encountered, 0 discovered, 0 enqueued
[168.333s][info][gc,ref      ] GC(325) Weak: 7444 encountered, 6249 discovered, 4 enqueued
[168.333s][info][gc,ref      ] GC(325) Final: 1 encountered, 1 discovered, 0 enqueued
[168.333s][info][gc,ref      ] GC(325) Phantom: 773 encountered, 395 discovered, 0 enqueued
[168.333s][info][gc,reloc    ] GC(325) Small Pages: 595 / 1190M, Empty: 172M, Relocated: 27M, In-Place: 0
[168.333s][info][gc,reloc    ] GC(325) Medium Pages: 2 / 64M, Empty: 0M, Relocated: 3M, In-Place: 0
[168.333s][info][gc,reloc    ] GC(325) Large Pages: 7 / 62M, Empty: 0M, Relocated: 0M, In-Place: 0
[168.333s][info][gc,reloc    ] GC(325) Forwarding Usage: 16M
[168.333s][info][gc,heap     ] GC(325) Min Capacity: 2048M(100%)
[168.333s][info][gc,heap     ] GC(325) Max Capacity: 2048M(100%)
[168.333s][info][gc,heap     ] GC(325) Soft Max Capacity: 2048M(100%)
[168.333s][info][gc,heap     ] GC(325)                Mark Start          Mark End        Relocate Start      Relocate End           High               Low         
[168.333s][info][gc,heap     ] GC(325)  Capacity:     2048M (100%)       2048M (100%)       2048M (100%)       2048M (100%)       2048M (100%)       2048M (100%)   
[168.333s][info][gc,heap     ] GC(325)      Free:      732M (36%)         332M (16%)         422M (21%)        1276M (62%)        1280M (62%)         264M (13%)    
[168.333s][info][gc,heap     ] GC(325)      Used:     1316M (64%)        1716M (84%)        1626M (79%)         772M (38%)        1784M (87%)         768M (38%)    
[168.333s][info][gc,heap     ] GC(325)      Live:         -               134M (7%)          134M (7%)          134M (7%)             -                  -          
[168.333s][info][gc,heap     ] GC(325) Allocated:         -               400M (20%)         482M (24%)         599M (29%)            -                  -          
[168.333s][info][gc,heap     ] GC(325)   Garbage:         -              1181M (58%)        1009M (49%)          37M (2%)             -                  -          
[168.333s][info][gc,heap     ] GC(325) Reclaimed:         -                  -               172M (8%)         1143M (56%)            -                  -          
[168.333s][info][gc          ] GC(325) Garbage Collection (Allocation Rate) 1316M(64%)->772M(38%)
[168.396s][info][gc,start    ] GC(326) Garbage Collection (Allocation Rate)
[168.396s][info][gc,task     ] GC(326) Using 2 workers
[168.397s][info][gc,phases   ] GC(326) Pause Mark Start 0.007ms
[168.476s][info][gc,phases   ] GC(326) Concurrent Mark 79.255ms
[168.476s][info][gc,phases   ] GC(326) Pause Mark End 0.024ms
[168.476s][info][gc,phases   ] GC(326) Concurrent Mark Free 0.002ms
[168.489s][info][gc,phases   ] GC(326) Concurrent Process Non-Strong References 12.943ms
[168.489s][info][gc,phases   ] GC(326) Concurrent Reset Relocation Set 0.036ms
[168.492s][info][gc,phases   ] GC(326) Concurrent Select Relocation Set 2.677ms
[168.492s][info][gc,phases   ] GC(326) Pause Relocate Start 0.012ms
[168.496s][info][gc,phases   ] GC(326) Concurrent Relocate 3.926ms
[168.496s][info][gc,load     ] GC(326) Load: 0.00/0.00/0.00
[168.496s][info][gc,mmu      ] GC(326) MMU: 2ms/94.3%, 5ms/97.7%, 10ms/98.9%, 20ms/99.4%, 50ms/99.7%, 100ms/99.8%
[168.496s][info][gc,marking  ] GC(326) Mark: 2 stripe(s), 2 proactive flush(es), 1 terminate flush(es), 0 completion(s), 0 continuation(s) 
[168.496s][info][gc,marking  ] GC(326) Mark Stack Usage: 32M
[168.496s][info][gc,nmethod  ] GC(326) NMethods: 15252 registered, 2270 unregistered
[168.496s][info][gc,metaspace] GC(326) Metaspace: 100M used, 101M committed, 1152M reserved
[168.496s][info][gc,ref      ] GC(326) Soft: 4314 encountered, 0 discovered, 0 enqueued
[168.496s][info][gc,ref      ] GC(326) Weak: 7438 encountered, 196 discovered, 0 enqueued
[168.496s][info][gc,ref      ] GC(326) Final: 1 encountered, 0 discovered, 0 enqueued
[168.496s][info][gc,ref      ] GC(326) Phantom: 773 encountered, 519 discovered, 0 enqueued
[168.496s][info][gc,reloc    ] GC(326) Small Pages: 402 / 804M, Empty: 348M, Relocated: 5M, In-Place: 0
[168.497s][info][gc,reloc    ] GC(326) Medium Pages: 2 / 64M, Empty: 0M, Relocated: 3M, In-Place: 0
[168.497s][info][gc,reloc    ] GC(326) Large Pages: 7 / 62M, Empty: 0M, Relocated: 0M, In-Place: 0
[168.497s][info][gc,reloc    ] GC(326) Forwarding Usage: 2M
[168.497s][info][gc,heap     ] GC(326) Min Capacity: 2048M(100%)
[168.497s][info][gc,heap     ] GC(326) Max Capacity: 2048M(100%)
[168.497s][info][gc,heap     ] GC(326) Soft Max Capacity: 2048M(100%)
[168.497s][info][gc,heap     ] GC(326)                Mark Start          Mark End        Relocate Start      Relocate End           High               Low         
[168.497s][info][gc,heap     ] GC(326)  Capacity:     2048M (100%)       2048M (100%)       2048M (100%)       2048M (100%)       2048M (100%)       2048M (100%)   
[168.497s][info][gc,heap     ] GC(326)      Free:     1118M (55%)         994M (49%)        1342M (66%)        1752M (86%)        1752M (86%)         994M (49%)    
[168.497s][info][gc,heap     ] GC(326)      Used:      930M (45%)        1054M (51%)         706M (34%)         296M (14%)        1054M (51%)         296M (14%)    
[168.497s][info][gc,heap     ] GC(326)      Live:         -               134M (7%)          134M (7%)          134M (7%)             -                  -          
[168.497s][info][gc,heap     ] GC(326) Allocated:         -               124M (6%)          124M (6%)          124M (6%)             -                  -          
[168.497s][info][gc,heap     ] GC(326)   Garbage:         -               795M (39%)         447M (22%)          37M (2%)             -                  -          
[168.497s][info][gc,heap     ] GC(326) Reclaimed:         -                  -               348M (17%)         758M (37%)            -                  -          
[168.497s][info][gc          ] GC(326) Garbage Collection (Allocation Rate) 930M(45%)->296M(14%)
[168.497s][info][gc,start    ] GC(327) Garbage Collection (System.gc())
[168.497s][info][gc,task     ] GC(327) Using 2 workers
[168.497s][info][gc,phases   ] GC(327) Pause Mark Start 0.009ms
[168.539s][info][gc,phases   ] GC(327) Concurrent Mark 41.920ms
[168.539s][info][gc,phases   ] GC(327) Pause Mark End 0.021ms
[168.539s][info][gc,phases   ] GC(327) Concurrent Mark Free 0.002ms
[168.553s][info][gc,phases   ] GC(327) Concurrent Process Non-Strong References 13.701ms
[168.553s][info][gc,phases   ] GC(327) Concurrent Reset Relocation Set 0.009ms
[168.554s][info][gc,phases   ] GC(327) Concurrent Select Relocation Set 1.251ms
[168.555s][info][gc,phases   ] GC(327) Pause Relocate Start 0.010ms
[168.556s][info][gc,phases   ] GC(327) Concurrent Relocate 1.246ms
[168.556s][info][gc,load     ] GC(327) Load: 0.00/0.00/0.00
[168.556s][info][gc,mmu      ] GC(327) MMU: 2ms/94.3%, 5ms/97.7%, 10ms/98.9%, 20ms/99.4%, 50ms/99.7%, 100ms/99.8%
[168.556s][info][gc,marking  ] GC(327) Mark: 2 stripe(s), 2 proactive flush(es), 1 terminate flush(es), 0 completion(s), 0 continuation(s) 
[168.556s][info][gc,marking  ] GC(327) Mark Stack Usage: 32M
[168.556s][info][gc,nmethod  ] GC(327) NMethods: 15253 registered, 2270 unregistered
[168.556s][info][gc,metaspace] GC(327) Metaspace: 100M used, 101M committed, 1152M reserved
[168.556s][info][gc,ref      ] GC(327) Soft: 4314 encountered, 0 discovered, 0 enqueued
[168.556s][info][gc,ref      ] GC(327) Weak: 7439 encountered, 110 discovered, 3 enqueued
[168.556s][info][gc,ref      ] GC(327) Final: 1 encountered, 0 discovered, 0 enqueued
[168.556s][info][gc,ref      ] GC(327) Phantom: 773 encountered, 528 discovered, 0 enqueued
[168.556s][info][gc,reloc    ] GC(327) Small Pages: 101 / 202M, Empty: 134M, Relocated: 2M, In-Place: 0
[168.556s][info][gc,reloc    ] GC(327) Medium Pages: 1 / 32M, Empty: 0M, Relocated: 0M, In-Place: 0
[168.556s][info][gc,reloc    ] GC(327) Large Pages: 7 / 62M, Empty: 0M, Relocated: 0M, In-Place: 0
[168.556s][info][gc,reloc    ] GC(327) Forwarding Usage: 1M
[168.556s][info][gc,heap     ] GC(327) Min Capacity: 2048M(100%)
[168.556s][info][gc,heap     ] GC(327) Max Capacity: 2048M(100%)
[168.556s][info][gc,heap     ] GC(327) Soft Max Capacity: 2048M(100%)
[168.556s][info][gc,heap     ] GC(327)                Mark Start          Mark End        Relocate Start      Relocate End           High               Low         
[168.556s][info][gc,heap     ] GC(327)  Capacity:     2048M (100%)       2048M (100%)       2048M (100%)       2048M (100%)       2048M (100%)       2048M (100%)   
[168.556s][info][gc,heap     ] GC(327)      Free:     1752M (86%)        1750M (85%)        1884M (92%)        1902M (93%)        1902M (93%)        1750M (85%)    
[168.556s][info][gc,heap     ] GC(327)      Used:      296M (14%)         298M (15%)         164M (8%)          146M (7%)          298M (15%)         146M (7%)     
[168.556s][info][gc,heap     ] GC(327)      Live:         -               106M (5%)          106M (5%)          106M (5%)             -                  -          
[168.556s][info][gc,heap     ] GC(327) Allocated:         -                 2M (0%)            2M (0%)            2M (0%)             -                  -          
[168.556s][info][gc,heap     ] GC(327)   Garbage:         -               189M (9%)           55M (3%)           37M (2%)             -                  -          
[168.556s][info][gc,heap     ] GC(327) Reclaimed:         -                  -               134M (7%)          152M (7%)             -                  -          
[168.556s][info][gc          ] GC(327) Garbage Collection (System.gc()) 296M(14%)->146M(7%)
[169.098s][info][gc,start    ] GC(328) Garbage Collection (Allocation Rate)
[169.098s][info][gc,task     ] GC(328) Using 1 workers
[169.098s][info][gc,phases   ] GC(328) Pause Mark Start 0.005ms
[169.201s][info][gc,phases   ] GC(328) Concurrent Mark 102.304ms
[169.201s][info][gc,phases   ] GC(328) Pause Mark End 0.015ms
[169.201s][info][gc,phases   ] GC(328) Concurrent Mark Free 0.001ms
[169.228s][info][gc,phases   ] GC(328) Concurrent Process Non-Strong References 27.338ms
[169.228s][info][gc,phases   ] GC(328) Concurrent Reset Relocation Set 0.002ms
[169.230s][info][gc,phases   ] GC(328) Concurrent Select Relocation Set 1.685ms
[169.230s][info][gc,phases   ] GC(328) Pause Relocate Start 0.012ms
[169.234s][info][gc,phases   ] GC(328) Concurrent Relocate 3.419ms
[169.234s][info][gc,load     ] GC(328) Load: 0.00/0.00/0.00
[169.234s][info][gc,mmu      ] GC(328) MMU: 2ms/94.3%, 5ms/97.7%, 10ms/98.9%, 20ms/99.4%, 50ms/99.7%, 100ms/99.8%
[169.234s][info][gc,marking  ] GC(328) Mark: 1 stripe(s), 2 proactive flush(es), 1 terminate flush(es), 0 completion(s), 0 continuation(s) 
[169.234s][info][gc,marking  ] GC(328) Mark Stack Usage: 32M
[169.234s][info][gc,nmethod  ] GC(328) NMethods: 15254 registered, 2270 unregistered
[169.234s][info][gc,metaspace] GC(328) Metaspace: 100M used, 101M committed, 1152M reserved
[169.234s][info][gc,ref      ] GC(328) Soft: 4314 encountered, 0 discovered, 0 enqueued
[169.234s][info][gc,ref      ] GC(328) Weak: 7446 encountered, 6248 discovered, 3 enqueued
[169.234s][info][gc,ref      ] GC(328) Final: 1 encountered, 1 discovered, 0 enqueued
[169.234s][info][gc,ref      ] GC(328) Phantom: 773 encountered, 395 discovered, 0 enqueued
[169.234s][info][gc,reloc    ] GC(328) Small Pages: 488 / 976M, Empty: 642M, Relocated: 1M, In-Place: 0
[169.234s][info][gc,reloc    ] GC(328) Medium Pages: 2 / 64M, Empty: 32M, Relocated: 0M, In-Place: 0
[169.234s][info][gc,reloc    ] GC(328) Large Pages: 7 / 62M, Empty: 0M, Relocated: 0M, In-Place: 0
[169.234s][info][gc,reloc    ] GC(328) Forwarding Usage: 0M
[169.234s][info][gc,heap     ] GC(328) Min Capacity: 2048M(100%)
[169.234s][info][gc,heap     ] GC(328) Max Capacity: 2048M(100%)
[169.234s][info][gc,heap     ] GC(328) Soft Max Capacity: 2048M(100%)
[169.234s][info][gc,heap     ] GC(328)                Mark Start          Mark End        Relocate Start      Relocate End           High               Low         
[169.234s][info][gc,heap     ] GC(328)  Capacity:     2048M (100%)       2048M (100%)       2048M (100%)       2048M (100%)       2048M (100%)       2048M (100%)   
[169.234s][info][gc,heap     ] GC(328)      Free:      946M (46%)         728M (36%)        1342M (66%)        1618M (79%)        1620M (79%)         672M (33%)    
[169.234s][info][gc,heap     ] GC(328)      Used:     1102M (54%)        1320M (64%)         706M (34%)         430M (21%)        1376M (67%)         428M (21%)    
[169.234s][info][gc,heap     ] GC(328)      Live:         -               106M (5%)          106M (5%)          106M (5%)             -                  -          
[169.234s][info][gc,heap     ] GC(328) Allocated:         -               218M (11%)         278M (14%)         285M (14%)            -                  -          
[169.234s][info][gc,heap     ] GC(328)   Garbage:         -               995M (49%)         321M (16%)          37M (2%)             -                  -          
[169.234s][info][gc,heap     ] GC(328) Reclaimed:         -                  -               674M (33%)         957M (47%)            -                  -          
[169.234s][info][gc          ] GC(328) Garbage Collection (Allocation Rate) 1102M(54%)->430M(21%)
[169.609s][info][gc,start    ] GC(329) Garbage Collection (Allocation Rate)
[169.609s][info][gc,task     ] GC(329) Using 1 workers
[169.609s][info][gc,phases   ] GC(329) Pause Mark Start 0.008ms
[169.773s][info][gc,phases   ] GC(329) Concurrent Mark 164.474ms
[169.773s][info][gc,phases   ] GC(329) Pause Mark End 0.016ms
[169.774s][info][gc,phases   ] GC(329) Concurrent Mark Free 0.001ms
[169.801s][info][gc,phases   ] GC(329) Concurrent Process Non-Strong References 27.078ms
[169.801s][info][gc,phases   ] GC(329) Concurrent Reset Relocation Set 0.009ms
[169.806s][info][gc,phases   ] GC(329) Concurrent Select Relocation Set 5.530ms
[169.806s][info][gc,phases   ] GC(329) Pause Relocate Start 0.014ms
[169.845s][info][gc,phases   ] GC(329) Concurrent Relocate 38.852ms
[169.845s][info][gc,load     ] GC(329) Load: 0.00/0.00/0.00
[169.846s][info][gc,mmu      ] GC(329) MMU: 2ms/94.3%, 5ms/97.7%, 10ms/98.9%, 20ms/99.4%, 50ms/99.7%, 100ms/99.8%
[169.846s][info][gc,marking  ] GC(329) Mark: 1 stripe(s), 2 proactive flush(es), 1 terminate flush(es), 0 completion(s), 0 continuation(s) 
[169.846s][info][gc,marking  ] GC(329) Mark Stack Usage: 32M
[169.846s][info][gc,nmethod  ] GC(329) NMethods: 15254 registered, 2270 unregistered
[169.846s][info][gc,metaspace] GC(329) Metaspace: 100M used, 101M committed, 1152M reserved
[169.846s][info][gc,ref      ] GC(329) Soft: 4314 encountered, 0 discovered, 0 enqueued
[169.846s][info][gc,ref      ] GC(329) Weak: 7446 encountered, 6251 discovered, 6 enqueued
[169.846s][info][gc,ref      ] GC(329) Final: 1 encountered, 1 discovered, 0 enqueued
[169.846s][info][gc,ref      ] GC(329) Phantom: 773 encountered, 395 discovered, 0 enqueued
[169.846s][info][gc,reloc    ] GC(329) Small Pages: 603 / 1206M, Empty: 312M, Relocated: 25M, In-Place: 0
[169.846s][info][gc,reloc    ] GC(329) Medium Pages: 2 / 64M, Empty: 0M, Relocated: 3M, In-Place: 0
[169.846s][info][gc,reloc    ] GC(329) Large Pages: 7 / 62M, Empty: 0M, Relocated: 0M, In-Place: 0
[169.846s][info][gc,reloc    ] GC(329) Forwarding Usage: 16M
[169.846s][info][gc,heap     ] GC(329) Min Capacity: 2048M(100%)
[169.846s][info][gc,heap     ] GC(329) Max Capacity: 2048M(100%)
[169.846s][info][gc,heap     ] GC(329) Soft Max Capacity: 2048M(100%)
[169.846s][info][gc,heap     ] GC(329)                Mark Start          Mark End        Relocate Start      Relocate End           High               Low         
[169.846s][info][gc,heap     ] GC(329)  Capacity:     2048M (100%)       2048M (100%)       2048M (100%)       2048M (100%)       2048M (100%)       2048M (100%)   
[169.846s][info][gc,heap     ] GC(329)      Free:      716M (35%)         318M (16%)         554M (27%)        1294M (63%)        1294M (63%)         254M (12%)    
[169.846s][info][gc,heap     ] GC(329)      Used:     1332M (65%)        1730M (84%)        1494M (73%)         754M (37%)        1794M (88%)         754M (37%)    
[169.846s][info][gc,heap     ] GC(329)      Live:         -               134M (7%)          134M (7%)          134M (7%)             -                  -          
[169.846s][info][gc,heap     ] GC(329) Allocated:         -               398M (19%)         474M (23%)         582M (28%)            -                  -          
[169.846s][info][gc,heap     ] GC(329)   Garbage:         -              1197M (58%)         885M (43%)          37M (2%)             -                  -          
[169.846s][info][gc,heap     ] GC(329) Reclaimed:         -                  -               312M (15%)        1160M (57%)            -                  -          
[169.846s][info][gc          ] GC(329) Garbage Collection (Allocation Rate) 1332M(65%)->754M(37%)
[169.896s][info][gc,start    ] GC(330) Garbage Collection (Allocation Rate)
[169.896s][info][gc,task     ] GC(330) Using 1 workers
[169.896s][info][gc,phases   ] GC(330) Pause Mark Start 0.009ms
[170.069s][info][gc,phases   ] GC(330) Concurrent Mark 173.228ms
[170.069s][info][gc,phases   ] GC(330) Pause Mark End 0.019ms
[170.069s][info][gc,phases   ] GC(330) Concurrent Mark Free 0.001ms
[170.096s][info][gc,phases   ] GC(330) Concurrent Process Non-Strong References 26.315ms
[170.096s][info][gc,phases   ] GC(330) Concurrent Reset Relocation Set 0.026ms
[170.099s][info][gc,phases   ] GC(330) Concurrent Select Relocation Set 3.075ms
[170.099s][info][gc,phases   ] GC(330) Pause Relocate Start 0.011ms
[170.101s][info][gc,stats    ] === Garbage Collection Statistics =======================================================================================================================
[170.101s][info][gc,stats    ]                                                              Last 10s              Last 10m              Last 10h                Total
[170.101s][info][gc,stats    ]                                                              Avg / Max             Avg / Max             Avg / Max             Avg / Max
[170.101s][info][gc,stats    ]   Collector: Garbage Collection Cycle                    106.730 / 238.361     185.920 / 1215.582    185.920 / 1215.582    185.920 / 1215.582    ms
[170.101s][info][gc,stats    ]  Contention: Mark Segment Reset Contention                     0 / 3                 4 / 496               4 / 496               4 / 496         ops/s
[170.101s][info][gc,stats    ]  Contention: Mark SeqNum Reset Contention                      0 / 1                 0 / 4                 0 / 4                 0 / 4           ops/s
[170.101s][info][gc,stats    ]    Critical: Allocation Stall                                  0 / 0                 0 / 6                 0 / 6                 0 / 6           ops/s
[170.101s][info][gc,stats    ]    Critical: Allocation Stall                              0.000 / 0.000       513.228 / 1001.934    513.228 / 1001.934    513.228 / 1001.934    ms
[170.101s][info][gc,stats    ]    Critical: GC Locker Stall                                   0 / 0                 0 / 1                 0 / 1                 0 / 1           ops/s
[170.101s][info][gc,stats    ]    Critical: GC Locker Stall                               0.000 / 0.000         0.000 / 0.000         0.000 / 0.000         0.000 / 0.000       ms
[170.101s][info][gc,stats    ]    Critical: Relocation Stall                                  0 / 0                 0 / 1                 0 / 1                 0 / 1           ops/s
[170.101s][info][gc,stats    ]    Critical: Relocation Stall                              0.000 / 0.000         7.319 / 11.251        7.319 / 11.251        7.319 / 11.251      ms
[170.101s][info][gc,stats    ]      Memory: Allocation Rate                                2099 / 2352           1587 / 2422           1587 / 2422           1587 / 2422        MB/s
[170.101s][info][gc,stats    ]      Memory: Out Of Memory                                     0 / 0                 0 / 0                 0 / 0                 0 / 0           ops/s
[170.101s][info][gc,stats    ]      Memory: Page Cache Flush                                  0 / 0                 6 / 172               6 / 172               6 / 172         MB/s
[170.101s][info][gc,stats    ]      Memory: Page Cache Hit L1                              1033 / 1163            775 / 1197            775 / 1197            775 / 1197        ops/s
[170.101s][info][gc,stats    ]      Memory: Page Cache Hit L2                                 0 / 0                 0 / 0                 0 / 0                 0 / 0           ops/s
[170.101s][info][gc,stats    ]      Memory: Page Cache Hit L3                                 0 / 0                 7 / 289               7 / 289               7 / 289         ops/s
[170.101s][info][gc,stats    ]      Memory: Page Cache Miss                                   0 / 0                 0 / 11                0 / 11                0 / 11          ops/s
[170.101s][info][gc,stats    ]      Memory: Uncommit                                          0 / 0                 0 / 0                 0 / 0                 0 / 0           MB/s
[170.101s][info][gc,stats    ]      Memory: Undo Object Allocation Failed                     0 / 0                 0 / 3                 0 / 3                 0 / 3           ops/s
[170.101s][info][gc,stats    ]      Memory: Undo Object Allocation Succeeded                  1 / 7                 5 / 520               5 / 520               5 / 520         ops/s
[170.101s][info][gc,stats    ]      Memory: Undo Page Allocation                              0 / 1                 0 / 3                 0 / 3                 0 / 3           ops/s
[170.101s][info][gc,stats    ]       Phase: Concurrent Mark                              79.009 / 173.228     144.896 / 1158.372    144.896 / 1158.372    144.896 / 1158.372    ms
[170.101s][info][gc,stats    ]       Phase: Concurrent Mark Continue                      0.000 / 0.000         0.000 / 0.000         0.000 / 0.000         0.000 / 0.000       ms
[170.101s][info][gc,stats    ]       Phase: Concurrent Mark Free                          0.001 / 0.002         0.014 / 4.217         0.014 / 4.217         0.014 / 4.217       ms
[170.101s][info][gc,stats    ]       Phase: Concurrent Process Non-Strong References     16.360 / 27.338       18.233 / 31.183       18.233 / 31.183       18.233 / 31.183      ms
[170.101s][info][gc,stats    ]       Phase: Concurrent Relocate                          11.902 / 40.722       17.540 / 247.779      17.540 / 247.779      17.540 / 247.779     ms
[170.101s][info][gc,stats    ]       Phase: Concurrent Reset Relocation Set               0.018 / 0.058         0.015 / 0.061         0.015 / 0.061         0.015 / 0.061       ms
[170.101s][info][gc,stats    ]       Phase: Concurrent Select Relocation Set              3.504 / 7.462         4.116 / 40.244        4.116 / 40.244        4.116 / 40.244      ms
[170.101s][info][gc,stats    ]       Phase: Pause Mark End                                0.016 / 0.024         0.017 / 0.113         0.017 / 0.113         0.017 / 0.113       ms
[170.101s][info][gc,stats    ]       Phase: Pause Mark Start                              0.008 / 0.013         0.009 / 0.030         0.009 / 0.030         0.009 / 0.030       ms
[170.101s][info][gc,stats    ]       Phase: Pause Relocate Start                          0.011 / 0.015         0.011 / 0.025         0.011 / 0.025         0.011 / 0.025       ms
[170.101s][info][gc,stats    ]    Subphase: Concurrent Classes Purge                      0.603 / 1.009         0.644 / 1.129         0.644 / 1.129         0.644 / 1.129       ms
[170.101s][info][gc,stats    ]    Subphase: Concurrent Classes Unlink                    14.267 / 24.436       16.033 / 28.085       16.033 / 28.085       16.033 / 28.085      ms
[170.101s][info][gc,stats    ]    Subphase: Concurrent Mark                              66.496 / 171.103     152.040 / 1155.457    152.040 / 1155.457    152.040 / 1155.457    ms
[170.101s][info][gc,stats    ]    Subphase: Concurrent Mark Try Flush                     0.102 / 0.344         0.100 / 0.574         0.100 / 0.574         0.100 / 0.574       ms
[170.101s][info][gc,stats    ]    Subphase: Concurrent Mark Try Terminate                 2.575 / 16.567        2.145 / 16.943        2.145 / 16.943        2.145 / 16.943      ms
[170.101s][info][gc,stats    ]    Subphase: Concurrent References Enqueue                 0.006 / 0.009         0.005 / 0.009         0.005 / 0.009         0.005 / 0.009       ms
[170.101s][info][gc,stats    ]    Subphase: Concurrent References Process                 0.617 / 1.113         0.604 / 1.172         0.604 / 1.172         0.604 / 1.172       ms
[170.101s][info][gc,stats    ]    Subphase: Concurrent Roots ClassLoaderDataGraph         0.136 / 0.318         0.150 / 0.429         0.150 / 0.429         0.150 / 0.429       ms
[170.101s][info][gc,stats    ]    Subphase: Concurrent Roots CodeCache                    0.000 / 0.000         0.000 / 0.000         0.000 / 0.000         0.000 / 0.000       ms
[170.101s][info][gc,stats    ]    Subphase: Concurrent Roots JavaThreads                  0.801 / 1.559         1.155 / 2.895         1.155 / 2.895         1.155 / 2.895       ms
[170.101s][info][gc,stats    ]    Subphase: Concurrent Roots OopStorageSet                0.032 / 0.057         0.038 / 0.157         0.038 / 0.157         0.038 / 0.157       ms
[170.101s][info][gc,stats    ]    Subphase: Concurrent Weak Roots OopStorageSet           0.654 / 1.013         0.721 / 1.424         0.721 / 1.424         0.721 / 1.424       ms
[170.102s][info][gc,stats    ]    Subphase: Pause Mark Try Complete                       0.000 / 0.000         0.000 / 0.000         0.000 / 0.000         0.000 / 0.000       ms
[170.102s][info][gc,stats    ]      System: Java Threads                                     30 / 32               35 / 48               35 / 48               35 / 48          threads
[170.102s][info][gc,stats    ] =========================================================================================================================================================
[170.103s][info][gc,phases   ] GC(330) Concurrent Relocate 3.563ms
[170.103s][info][gc,load     ] GC(330) Load: 0.00/0.00/0.00
[170.103s][info][gc,mmu      ] GC(330) MMU: 2ms/94.3%, 5ms/97.7%, 10ms/98.9%, 20ms/99.4%, 50ms/99.7%, 100ms/99.8%
[170.103s][info][gc,marking  ] GC(330) Mark: 1 stripe(s), 2 proactive flush(es), 1 terminate flush(es), 0 completion(s), 0 continuation(s) 
[170.103s][info][gc,marking  ] GC(330) Mark Stack Usage: 32M
[170.103s][info][gc,nmethod  ] GC(330) NMethods: 15254 registered, 2270 unregistered
[170.103s][info][gc,metaspace] GC(330) Metaspace: 100M used, 101M committed, 1152M reserved
[170.103s][info][gc,ref      ] GC(330) Soft: 4314 encountered, 0 discovered, 0 enqueued
[170.103s][info][gc,ref      ] GC(330) Weak: 7440 encountered, 6245 discovered, 0 enqueued
[170.103s][info][gc,ref      ] GC(330) Final: 1 encountered, 1 discovered, 0 enqueued
[170.103s][info][gc,ref      ] GC(330) Phantom: 773 encountered, 395 discovered, 0 enqueued
[170.103s][info][gc,reloc    ] GC(330) Small Pages: 377 / 754M, Empty: 286M, Relocated: 2M, In-Place: 0
[170.103s][info][gc,reloc    ] GC(330) Medium Pages: 2 / 64M, Empty: 0M, Relocated: 3M, In-Place: 0
[170.103s][info][gc,reloc    ] GC(330) Large Pages: 7 / 62M, Empty: 0M, Relocated: 0M, In-Place: 0
[170.103s][info][gc,reloc    ] GC(330) Forwarding Usage: 1M
[170.103s][info][gc,heap     ] GC(330) Min Capacity: 2048M(100%)
[170.103s][info][gc,heap     ] GC(330) Max Capacity: 2048M(100%)
[170.103s][info][gc,heap     ] GC(330) Soft Max Capacity: 2048M(100%)
[170.103s][info][gc,heap     ] GC(330)                Mark Start          Mark End        Relocate Start      Relocate End           High               Low         
[170.103s][info][gc,heap     ] GC(330)  Capacity:     2048M (100%)       2048M (100%)       2048M (100%)       2048M (100%)       2048M (100%)       2048M (100%)   
[170.103s][info][gc,heap     ] GC(330)      Free:     1168M (57%)         750M (37%)        1012M (49%)        1434M (70%)        1434M (70%)         726M (35%)    
[170.103s][info][gc,heap     ] GC(330)      Used:      880M (43%)        1298M (63%)        1036M (51%)         614M (30%)        1322M (65%)         614M (30%)    
[170.103s][info][gc,heap     ] GC(330)      Live:         -               134M (7%)          134M (7%)          134M (7%)             -                  -          
[170.103s][info][gc,heap     ] GC(330) Allocated:         -               418M (20%)         442M (22%)         442M (22%)            -                  -          
[170.103s][info][gc,heap     ] GC(330)   Garbage:         -               745M (36%)         459M (22%)          37M (2%)             -                  -          
[170.103s][info][gc,heap     ] GC(330) Reclaimed:         -                  -               286M (14%)         708M (35%)            -                  -          
[170.103s][info][gc          ] GC(330) Garbage Collection (Allocation Rate) 880M(43%)->614M(30%)
[170.103s][info][gc,start    ] GC(331) Garbage Collection (System.gc())
[170.103s][info][gc,task     ] GC(331) Using 2 workers
[170.103s][info][gc,phases   ] GC(331) Pause Mark Start 0.006ms
[170.133s][info][gc,phases   ] GC(331) Concurrent Mark 29.760ms
[170.133s][info][gc,phases   ] GC(331) Pause Mark End 0.011ms
[170.133s][info][gc,phases   ] GC(331) Concurrent Mark Free 0.001ms
[170.146s][info][gc,phases   ] GC(331) Concurrent Process Non-Strong References 12.649ms
[170.146s][info][gc,phases   ] GC(331) Concurrent Reset Relocation Set 0.013ms
[170.147s][info][gc,phases   ] GC(331) Concurrent Select Relocation Set 1.367ms
[170.147s][info][gc,phases   ] GC(331) Pause Relocate Start 0.011ms
[170.149s][info][gc,phases   ] GC(331) Concurrent Relocate 1.961ms
[170.149s][info][gc,load     ] GC(331) Load: 0.00/0.00/0.00
[170.149s][info][gc,mmu      ] GC(331) MMU: 2ms/94.3%, 5ms/97.7%, 10ms/98.9%, 20ms/99.4%, 50ms/99.7%, 100ms/99.8%
[170.149s][info][gc,marking  ] GC(331) Mark: 2 stripe(s), 2 proactive flush(es), 1 terminate flush(es), 0 completion(s), 0 continuation(s) 
[170.149s][info][gc,marking  ] GC(331) Mark Stack Usage: 32M
[170.149s][info][gc,nmethod  ] GC(331) NMethods: 15254 registered, 2270 unregistered
[170.149s][info][gc,metaspace] GC(331) Metaspace: 100M used, 101M committed, 1152M reserved
[170.149s][info][gc,ref      ] GC(331) Soft: 4314 encountered, 0 discovered, 0 enqueued
[170.149s][info][gc,ref      ] GC(331) Weak: 7439 encountered, 86 discovered, 3 enqueued
[170.150s][info][gc,ref      ] GC(331) Final: 1 encountered, 0 discovered, 0 enqueued
[170.150s][info][gc,ref      ] GC(331) Phantom: 773 encountered, 525 discovered, 0 enqueued
[170.150s][info][gc,reloc    ] GC(331) Small Pages: 260 / 520M, Empty: 452M, Relocated: 1M, In-Place: 0
[170.150s][info][gc,reloc    ] GC(331) Medium Pages: 1 / 32M, Empty: 0M, Relocated: 0M, In-Place: 0
[170.150s][info][gc,reloc    ] GC(331) Large Pages: 7 / 62M, Empty: 0M, Relocated: 0M, In-Place: 0
[170.150s][info][gc,reloc    ] GC(331) Forwarding Usage: 0M
[170.150s][info][gc,heap     ] GC(331) Min Capacity: 2048M(100%)
[170.150s][info][gc,heap     ] GC(331) Max Capacity: 2048M(100%)
[170.150s][info][gc,heap     ] GC(331) Soft Max Capacity: 2048M(100%)
[170.150s][info][gc,heap     ] GC(331)                Mark Start          Mark End        Relocate Start      Relocate End           High               Low         
[170.150s][info][gc,heap     ] GC(331)  Capacity:     2048M (100%)       2048M (100%)       2048M (100%)       2048M (100%)       2048M (100%)       2048M (100%)   
[170.150s][info][gc,heap     ] GC(331)      Free:     1434M (70%)        1434M (70%)        1886M (92%)        1902M (93%)        1902M (93%)        1434M (70%)    
[170.150s][info][gc,heap     ] GC(331)      Used:      614M (30%)         614M (30%)         162M (8%)          146M (7%)          614M (30%)         146M (7%)     
[170.150s][info][gc,heap     ] GC(331)      Live:         -               106M (5%)          106M (5%)          106M (5%)             -                  -          
[170.150s][info][gc,heap     ] GC(331) Allocated:         -                 0M (0%)            0M (0%)            0M (0%)             -                  -          
[170.150s][info][gc,heap     ] GC(331)   Garbage:         -               507M (25%)          55M (3%)           39M (2%)             -                  -          
[170.150s][info][gc,heap     ] GC(331) Reclaimed:         -                  -               452M (22%)         468M (23%)            -                  -          
[170.150s][info][gc          ] GC(331) Garbage Collection (System.gc()) 614M(30%)->146M(7%)
[170.806s][info][gc,start    ] GC(332) Garbage Collection (Allocation Rate)
[170.806s][info][gc,task     ] GC(332) Using 2 workers
[170.806s][info][gc,phases   ] GC(332) Pause Mark Start 0.013ms
[170.853s][info][gc,phases   ] GC(332) Concurrent Mark 46.714ms
[170.853s][info][gc,phases   ] GC(332) Pause Mark End 0.016ms
[170.853s][info][gc,phases   ] GC(332) Concurrent Mark Free 0.002ms
[170.867s][info][gc,phases   ] GC(332) Concurrent Process Non-Strong References 13.817ms
[170.867s][info][gc,phases   ] GC(332) Concurrent Reset Relocation Set 0.001ms
[170.869s][info][gc,phases   ] GC(332) Concurrent Select Relocation Set 2.050ms
[170.869s][info][gc,phases   ] GC(332) Pause Relocate Start 0.011ms
[170.872s][info][gc,phases   ] GC(332) Concurrent Relocate 2.868ms
[170.872s][info][gc,load     ] GC(332) Load: 0.00/0.00/0.00
[170.872s][info][gc,mmu      ] GC(332) MMU: 2ms/94.3%, 5ms/97.7%, 10ms/98.9%, 20ms/99.4%, 50ms/99.7%, 100ms/99.8%
[170.872s][info][gc,marking  ] GC(332) Mark: 2 stripe(s), 2 proactive flush(es), 1 terminate flush(es), 0 completion(s), 0 continuation(s) 
[170.872s][info][gc,marking  ] GC(332) Mark Stack Usage: 32M
[170.872s][info][gc,nmethod  ] GC(332) NMethods: 15257 registered, 2270 unregistered
[170.872s][info][gc,metaspace] GC(332) Metaspace: 100M used, 101M committed, 1152M reserved
[170.872s][info][gc,ref      ] GC(332) Soft: 4314 encountered, 0 discovered, 0 enqueued
[170.872s][info][gc,ref      ] GC(332) Weak: 7446 encountered, 82 discovered, 1 enqueued
[170.872s][info][gc,ref      ] GC(332) Final: 1 encountered, 0 discovered, 0 enqueued
[170.872s][info][gc,ref      ] GC(332) Phantom: 773 encountered, 603 discovered, 0 enqueued
[170.872s][info][gc,reloc    ] GC(332) Small Pages: 629 / 1258M, Empty: 832M, Relocated: 1M, In-Place: 0
[170.872s][info][gc,reloc    ] GC(332) Medium Pages: 2 / 64M, Empty: 32M, Relocated: 0M, In-Place: 0
[170.872s][info][gc,reloc    ] GC(332) Large Pages: 7 / 62M, Empty: 0M, Relocated: 0M, In-Place: 0
[170.872s][info][gc,reloc    ] GC(332) Forwarding Usage: 0M
[170.873s][info][gc,heap     ] GC(332) Min Capacity: 2048M(100%)
[170.873s][info][gc,heap     ] GC(332) Max Capacity: 2048M(100%)
[170.873s][info][gc,heap     ] GC(332) Soft Max Capacity: 2048M(100%)
[170.873s][info][gc,heap     ] GC(332)                Mark Start          Mark End        Relocate Start      Relocate End           High               Low         
[170.873s][info][gc,heap     ] GC(332)  Capacity:     2048M (100%)       2048M (100%)       2048M (100%)       2048M (100%)       2048M (100%)       2048M (100%)   
[170.873s][info][gc,heap     ] GC(332)      Free:      664M (32%)         534M (26%)        1364M (67%)        1728M (84%)        1728M (84%)         504M (25%)    
[170.873s][info][gc,heap     ] GC(332)      Used:     1384M (68%)        1514M (74%)         684M (33%)         320M (16%)        1544M (75%)         320M (16%)    
[170.873s][info][gc,heap     ] GC(332)      Live:         -               107M (5%)          107M (5%)          107M (5%)             -                  -          
[170.873s][info][gc,heap     ] GC(332) Allocated:         -               130M (6%)          164M (8%)          171M (8%)             -                  -          
[170.873s][info][gc,heap     ] GC(332)   Garbage:         -              1276M (62%)         412M (20%)          40M (2%)             -                  -          
[170.873s][info][gc,heap     ] GC(332) Reclaimed:         -                  -               864M (42%)        1235M (60%)            -                  -          
[170.873s][info][gc          ] GC(332) Garbage Collection (Allocation Rate) 1384M(68%)->320M(16%)
[171.301s][info][gc,start    ] GC(333) Garbage Collection (Allocation Rate)
[171.301s][info][gc,task     ] GC(333) Using 1 workers
[171.302s][info][gc,phases   ] GC(333) Pause Mark Start 0.010ms
[171.467s][info][gc,phases   ] GC(333) Concurrent Mark 164.916ms
[171.467s][info][gc,phases   ] GC(333) Pause Mark End 0.010ms
[171.467s][info][gc,phases   ] GC(333) Concurrent Mark Free 0.000ms
[171.494s][info][gc,phases   ] GC(333) Concurrent Process Non-Strong References 26.904ms
[171.494s][info][gc,phases   ] GC(333) Concurrent Reset Relocation Set 0.012ms
[171.500s][info][gc,phases   ] GC(333) Concurrent Select Relocation Set 5.767ms
[171.500s][info][gc,phases   ] GC(333) Pause Relocate Start 0.012ms
[171.542s][info][gc,phases   ] GC(333) Concurrent Relocate 41.730ms
[171.542s][info][gc,load     ] GC(333) Load: 0.00/0.00/0.00
[171.542s][info][gc,mmu      ] GC(333) MMU: 2ms/94.3%, 5ms/97.7%, 10ms/98.9%, 20ms/99.4%, 50ms/99.7%, 100ms/99.8%
[171.542s][info][gc,marking  ] GC(333) Mark: 1 stripe(s), 2 proactive flush(es), 1 terminate flush(es), 0 completion(s), 0 continuation(s) 
[171.542s][info][gc,marking  ] GC(333) Mark Stack Usage: 32M
[171.542s][info][gc,nmethod  ] GC(333) NMethods: 15257 registered, 2270 unregistered
[171.542s][info][gc,metaspace] GC(333) Metaspace: 100M used, 101M committed, 1152M reserved
[171.542s][info][gc,ref      ] GC(333) Soft: 4314 encountered, 0 discovered, 0 enqueued
[171.542s][info][gc,ref      ] GC(333) Weak: 7446 encountered, 6251 discovered, 6 enqueued
[171.542s][info][gc,ref      ] GC(333) Final: 1 encountered, 1 discovered, 0 enqueued
[171.542s][info][gc,ref      ] GC(333) Phantom: 773 encountered, 395 discovered, 0 enqueued
[171.542s][info][gc,reloc    ] GC(333) Small Pages: 612 / 1224M, Empty: 196M, Relocated: 27M, In-Place: 0
[171.542s][info][gc,reloc    ] GC(333) Medium Pages: 2 / 64M, Empty: 0M, Relocated: 3M, In-Place: 0
[171.542s][info][gc,reloc    ] GC(333) Large Pages: 7 / 62M, Empty: 0M, Relocated: 0M, In-Place: 0
[171.542s][info][gc,reloc    ] GC(333) Forwarding Usage: 16M
[171.542s][info][gc,heap     ] GC(333) Min Capacity: 2048M(100%)
[171.542s][info][gc,heap     ] GC(333) Max Capacity: 2048M(100%)
[171.542s][info][gc,heap     ] GC(333) Soft Max Capacity: 2048M(100%)
[171.542s][info][gc,heap     ] GC(333)                Mark Start          Mark End        Relocate Start      Relocate End           High               Low         
[171.542s][info][gc,heap     ] GC(333)  Capacity:     2048M (100%)       2048M (100%)       2048M (100%)       2048M (100%)       2048M (100%)       2048M (100%)   
[171.542s][info][gc,heap     ] GC(333)      Free:      698M (34%)         302M (15%)         418M (20%)        1276M (62%)        1280M (62%)         236M (12%)    
[171.542s][info][gc,heap     ] GC(333)      Used:     1350M (66%)        1746M (85%)        1630M (80%)         772M (38%)        1812M (88%)         768M (38%)    
[171.542s][info][gc,heap     ] GC(333)      Live:         -               134M (7%)          134M (7%)          134M (7%)             -                  -          
[171.542s][info][gc,heap     ] GC(333) Allocated:         -               396M (19%)         476M (23%)         600M (29%)            -                  -          
[171.542s][info][gc,heap     ] GC(333)   Garbage:         -              1215M (59%)        1019M (50%)          37M (2%)             -                  -          
[171.542s][info][gc,heap     ] GC(333) Reclaimed:         -                  -               196M (10%)        1178M (58%)            -                  -          
[171.542s][info][gc          ] GC(333) Garbage Collection (Allocation Rate) 1350M(66%)->772M(38%)
[171.602s][info][gc,start    ] GC(334) Garbage Collection (Allocation Rate)
[171.602s][info][gc,task     ] GC(334) Using 2 workers
[171.603s][info][gc,phases   ] GC(334) Pause Mark Start 0.009ms
[171.697s][info][gc,phases   ] GC(334) Concurrent Mark 94.624ms
[171.698s][info][gc,phases   ] GC(334) Pause Mark End 0.021ms
[171.698s][info][gc,phases   ] GC(334) Concurrent Mark Free 0.002ms
[171.710s][info][gc,phases   ] GC(334) Concurrent Process Non-Strong References 12.635ms
[171.711s][info][gc,phases   ] GC(334) Concurrent Reset Relocation Set 0.037ms
[171.713s][info][gc,phases   ] GC(334) Concurrent Select Relocation Set 2.829ms
[171.714s][info][gc,phases   ] GC(334) Pause Relocate Start 0.011ms
[171.716s][info][gc,phases   ] GC(334) Concurrent Relocate 2.206ms
[171.716s][info][gc,load     ] GC(334) Load: 0.00/0.00/0.00
[171.716s][info][gc,mmu      ] GC(334) MMU: 2ms/94.3%, 5ms/97.7%, 10ms/98.9%, 20ms/99.4%, 50ms/99.7%, 100ms/99.8%
[171.716s][info][gc,marking  ] GC(334) Mark: 2 stripe(s), 2 proactive flush(es), 1 terminate flush(es), 0 completion(s), 0 continuation(s) 
[171.716s][info][gc,marking  ] GC(334) Mark Stack Usage: 32M
[171.716s][info][gc,nmethod  ] GC(334) NMethods: 15257 registered, 2270 unregistered
[171.716s][info][gc,metaspace] GC(334) Metaspace: 100M used, 101M committed, 1152M reserved
[171.716s][info][gc,ref      ] GC(334) Soft: 4314 encountered, 0 discovered, 0 enqueued
[171.716s][info][gc,ref      ] GC(334) Weak: 7439 encountered, 416 discovered, 0 enqueued
[171.716s][info][gc,ref      ] GC(334) Final: 1 encountered, 1 discovered, 0 enqueued
[171.716s][info][gc,ref      ] GC(334) Phantom: 773 encountered, 569 discovered, 0 enqueued
[171.716s][info][gc,reloc    ] GC(334) Small Pages: 396 / 792M, Empty: 342M, Relocated: 2M, In-Place: 0
[171.716s][info][gc,reloc    ] GC(334) Medium Pages: 2 / 64M, Empty: 0M, Relocated: 3M, In-Place: 0
[171.716s][info][gc,reloc    ] GC(334) Large Pages: 7 / 62M, Empty: 0M, Relocated: 0M, In-Place: 0
[171.716s][info][gc,reloc    ] GC(334) Forwarding Usage: 1M
[171.716s][info][gc,heap     ] GC(334) Min Capacity: 2048M(100%)
[171.716s][info][gc,heap     ] GC(334) Max Capacity: 2048M(100%)
[171.716s][info][gc,heap     ] GC(334) Soft Max Capacity: 2048M(100%)
[171.716s][info][gc,heap     ] GC(334)                Mark Start          Mark End        Relocate Start      Relocate End           High               Low         
[171.716s][info][gc,heap     ] GC(334)  Capacity:     2048M (100%)       2048M (100%)       2048M (100%)       2048M (100%)       2048M (100%)       2048M (100%)   
[171.716s][info][gc,heap     ] GC(334)      Free:     1130M (55%)        1022M (50%)        1364M (67%)        1768M (86%)        1768M (86%)        1022M (50%)    
[171.716s][info][gc,heap     ] GC(334)      Used:      918M (45%)        1026M (50%)         684M (33%)         280M (14%)        1026M (50%)         280M (14%)    
[171.716s][info][gc,heap     ] GC(334)      Live:         -               134M (7%)          134M (7%)          134M (7%)             -                  -          
[171.716s][info][gc,heap     ] GC(334) Allocated:         -               108M (5%)          108M (5%)          108M (5%)             -                  -          
[171.716s][info][gc,heap     ] GC(334)   Garbage:         -               783M (38%)         441M (22%)          37M (2%)             -                  -          
[171.716s][info][gc,heap     ] GC(334) Reclaimed:         -                  -               342M (17%)         746M (36%)            -                  -          
[171.716s][info][gc          ] GC(334) Garbage Collection (Allocation Rate) 918M(45%)->280M(14%)
[171.716s][info][gc,start    ] GC(335) Garbage Collection (System.gc())
[171.716s][info][gc,task     ] GC(335) Using 2 workers
[171.717s][info][gc,phases   ] GC(335) Pause Mark Start 0.010ms
[171.761s][info][gc,phases   ] GC(335) Concurrent Mark 44.641ms
[171.762s][info][gc,phases   ] GC(335) Pause Mark End 0.024ms
[171.762s][info][gc,phases   ] GC(335) Concurrent Mark Free 0.001ms
[171.775s][info][gc,phases   ] GC(335) Concurrent Process Non-Strong References 13.145ms
[171.775s][info][gc,phases   ] GC(335) Concurrent Reset Relocation Set 0.013ms
[171.776s][info][gc,phases   ] GC(335) Concurrent Select Relocation Set 1.316ms
[171.776s][info][gc,phases   ] GC(335) Pause Relocate Start 0.010ms
[171.777s][info][gc,phases   ] GC(335) Concurrent Relocate 0.960ms
[171.777s][info][gc,load     ] GC(335) Load: 0.00/0.00/0.00
[171.777s][info][gc,mmu      ] GC(335) MMU: 2ms/94.3%, 5ms/97.7%, 10ms/98.9%, 20ms/99.4%, 50ms/99.7%, 100ms/99.8%
[171.777s][info][gc,marking  ] GC(335) Mark: 2 stripe(s), 2 proactive flush(es), 1 terminate flush(es), 0 completion(s), 0 continuation(s) 
[171.777s][info][gc,marking  ] GC(335) Mark Stack Usage: 32M
[171.777s][info][gc,nmethod  ] GC(335) NMethods: 15257 registered, 2270 unregistered
[171.777s][info][gc,metaspace] GC(335) Metaspace: 100M used, 101M committed, 1152M reserved
[171.777s][info][gc,ref      ] GC(335) Soft: 4314 encountered, 0 discovered, 0 enqueued
[171.777s][info][gc,ref      ] GC(335) Weak: 7439 encountered, 96 discovered, 3 enqueued
[171.777s][info][gc,ref      ] GC(335) Final: 1 encountered, 0 discovered, 0 enqueued
[171.777s][info][gc,ref      ] GC(335) Phantom: 773 encountered, 625 discovered, 0 enqueued
[171.777s][info][gc,reloc    ] GC(335) Small Pages: 93 / 186M, Empty: 116M, Relocated: 1M, In-Place: 0
[171.777s][info][gc,reloc    ] GC(335) Medium Pages: 1 / 32M, Empty: 0M, Relocated: 0M, In-Place: 0
[171.777s][info][gc,reloc    ] GC(335) Large Pages: 7 / 62M, Empty: 0M, Relocated: 0M, In-Place: 0
[171.777s][info][gc,reloc    ] GC(335) Forwarding Usage: 0M
[171.777s][info][gc,heap     ] GC(335) Min Capacity: 2048M(100%)
[171.778s][info][gc,heap     ] GC(335) Max Capacity: 2048M(100%)
[171.778s][info][gc,heap     ] GC(335) Soft Max Capacity: 2048M(100%)
[171.778s][info][gc,heap     ] GC(335)                Mark Start          Mark End        Relocate Start      Relocate End           High               Low         
[171.778s][info][gc,heap     ] GC(335)  Capacity:     2048M (100%)       2048M (100%)       2048M (100%)       2048M (100%)       2048M (100%)       2048M (100%)   
[171.778s][info][gc,heap     ] GC(335)      Free:     1768M (86%)        1768M (86%)        1884M (92%)        1902M (93%)        1902M (93%)        1768M (86%)    
[171.778s][info][gc,heap     ] GC(335)      Used:      280M (14%)         280M (14%)         164M (8%)          146M (7%)          280M (14%)         146M (7%)     
[171.778s][info][gc,heap     ] GC(335)      Live:         -               106M (5%)          106M (5%)          106M (5%)             -                  -          
[171.778s][info][gc,heap     ] GC(335) Allocated:         -                 0M (0%)            0M (0%)            0M (0%)             -                  -          
[171.778s][info][gc,heap     ] GC(335)   Garbage:         -               173M (8%)           57M (3%)           39M (2%)             -                  -          
[171.778s][info][gc,heap     ] GC(335) Reclaimed:         -                  -               116M (6%)          134M (7%)             -                  -          
[171.778s][info][gc          ] GC(335) Garbage Collection (System.gc()) 280M(14%)->146M(7%)
[172.399s][info][gc,start    ] GC(336) Garbage Collection (Allocation Rate)
[172.399s][info][gc,task     ] GC(336) Using 2 workers
[172.399s][info][gc,phases   ] GC(336) Pause Mark Start 0.008ms
[172.447s][info][gc,phases   ] GC(336) Concurrent Mark 47.741ms
[172.447s][info][gc,phases   ] GC(336) Pause Mark End 0.015ms
[172.448s][info][gc,phases   ] GC(336) Concurrent Mark Free 0.002ms
[172.461s][info][gc,phases   ] GC(336) Concurrent Process Non-Strong References 13.809ms
[172.462s][info][gc,phases   ] GC(336) Concurrent Reset Relocation Set 0.002ms
[172.464s][info][gc,phases   ] GC(336) Concurrent Select Relocation Set 2.248ms
[172.464s][info][gc,phases   ] GC(336) Pause Relocate Start 0.010ms
[172.467s][info][gc,phases   ] GC(336) Concurrent Relocate 2.678ms
[172.467s][info][gc,load     ] GC(336) Load: 0.00/0.00/0.00
[172.467s][info][gc,mmu      ] GC(336) MMU: 2ms/94.3%, 5ms/97.7%, 10ms/98.9%, 20ms/99.4%, 50ms/99.7%, 100ms/99.8%
[172.467s][info][gc,marking  ] GC(336) Mark: 2 stripe(s), 2 proactive flush(es), 1 terminate flush(es), 0 completion(s), 0 continuation(s) 
[172.467s][info][gc,marking  ] GC(336) Mark Stack Usage: 32M
[172.467s][info][gc,nmethod  ] GC(336) NMethods: 15259 registered, 2270 unregistered
[172.467s][info][gc,metaspace] GC(336) Metaspace: 100M used, 101M committed, 1152M reserved
[172.467s][info][gc,ref      ] GC(336) Soft: 4314 encountered, 0 discovered, 0 enqueued
[172.467s][info][gc,ref      ] GC(336) Weak: 7446 encountered, 93 discovered, 1 enqueued
[172.467s][info][gc,ref      ] GC(336) Final: 1 encountered, 0 discovered, 0 enqueued
[172.467s][info][gc,ref      ] GC(336) Phantom: 773 encountered, 516 discovered, 0 enqueued
[172.467s][info][gc,reloc    ] GC(336) Small Pages: 585 / 1170M, Empty: 640M, Relocated: 1M, In-Place: 0
[172.467s][info][gc,reloc    ] GC(336) Medium Pages: 2 / 64M, Empty: 32M, Relocated: 0M, In-Place: 0
[172.467s][info][gc,reloc    ] GC(336) Large Pages: 7 / 62M, Empty: 0M, Relocated: 0M, In-Place: 0
[172.467s][info][gc,reloc    ] GC(336) Forwarding Usage: 0M
[172.467s][info][gc,heap     ] GC(336) Min Capacity: 2048M(100%)
[172.467s][info][gc,heap     ] GC(336) Max Capacity: 2048M(100%)
[172.467s][info][gc,heap     ] GC(336) Soft Max Capacity: 2048M(100%)
[172.467s][info][gc,heap     ] GC(336)                Mark Start          Mark End        Relocate Start      Relocate End           High               Low         
[172.467s][info][gc,heap     ] GC(336)  Capacity:     2048M (100%)       2048M (100%)       2048M (100%)       2048M (100%)       2048M (100%)       2048M (100%)   
[172.467s][info][gc,heap     ] GC(336)      Free:      752M (37%)         650M (32%)        1286M (63%)        1758M (86%)        1758M (86%)         620M (30%)    
[172.467s][info][gc,heap     ] GC(336)      Used:     1296M (63%)        1398M (68%)         762M (37%)         290M (14%)        1428M (70%)         290M (14%)    
[172.467s][info][gc,heap     ] GC(336)      Live:         -               107M (5%)          107M (5%)          107M (5%)             -                  -          
[172.467s][info][gc,heap     ] GC(336) Allocated:         -               102M (5%)          138M (7%)          141M (7%)             -                  -          
[172.467s][info][gc,heap     ] GC(336)   Garbage:         -              1188M (58%)         516M (25%)          40M (2%)             -                  -          
[172.467s][info][gc,heap     ] GC(336) Reclaimed:         -                  -               672M (33%)        1147M (56%)            -                  -          
[172.467s][info][gc          ] GC(336) Garbage Collection (Allocation Rate) 1296M(63%)->290M(14%)
[172.894s][info][gc,start    ] GC(337) Garbage Collection (Allocation Rate)
[172.894s][info][gc,task     ] GC(337) Using 1 workers
[172.894s][info][gc,phases   ] GC(337) Pause Mark Start 0.007ms
[173.058s][info][gc,phases   ] GC(337) Concurrent Mark 163.248ms
[173.058s][info][gc,phases   ] GC(337) Pause Mark End 0.013ms
[173.058s][info][gc,phases   ] GC(337) Concurrent Mark Free 0.001ms
[173.085s][info][gc,phases   ] GC(337) Concurrent Process Non-Strong References 27.184ms
[173.085s][info][gc,phases   ] GC(337) Concurrent Reset Relocation Set 0.018ms
[173.091s][info][gc,phases   ] GC(337) Concurrent Select Relocation Set 5.976ms
[173.091s][info][gc,phases   ] GC(337) Pause Relocate Start 0.010ms
[173.132s][info][gc,phases   ] GC(337) Concurrent Relocate 40.843ms
[173.132s][info][gc,load     ] GC(337) Load: 0.00/0.00/0.00
[173.133s][info][gc,mmu      ] GC(337) MMU: 2ms/94.3%, 5ms/97.7%, 10ms/98.9%, 20ms/99.4%, 50ms/99.7%, 100ms/99.8%
[173.133s][info][gc,marking  ] GC(337) Mark: 1 stripe(s), 2 proactive flush(es), 1 terminate flush(es), 0 completion(s), 0 continuation(s) 
[173.133s][info][gc,marking  ] GC(337) Mark Stack Usage: 32M
[173.133s][info][gc,nmethod  ] GC(337) NMethods: 15259 registered, 2270 unregistered
[173.133s][info][gc,metaspace] GC(337) Metaspace: 100M used, 101M committed, 1152M reserved
[173.133s][info][gc,ref      ] GC(337) Soft: 4314 encountered, 0 discovered, 0 enqueued
[173.133s][info][gc,ref      ] GC(337) Weak: 7446 encountered, 6251 discovered, 6 enqueued
[173.133s][info][gc,ref      ] GC(337) Final: 1 encountered, 1 discovered, 0 enqueued
[173.133s][info][gc,ref      ] GC(337) Phantom: 773 encountered, 395 discovered, 0 enqueued
[173.133s][info][gc,reloc    ] GC(337) Small Pages: 608 / 1216M, Empty: 212M, Relocated: 27M, In-Place: 0
[173.133s][info][gc,reloc    ] GC(337) Medium Pages: 2 / 64M, Empty: 0M, Relocated: 3M, In-Place: 0
[173.133s][info][gc,reloc    ] GC(337) Large Pages: 7 / 62M, Empty: 0M, Relocated: 0M, In-Place: 0
[173.133s][info][gc,reloc    ] GC(337) Forwarding Usage: 16M
[173.133s][info][gc,heap     ] GC(337) Min Capacity: 2048M(100%)
[173.133s][info][gc,heap     ] GC(337) Max Capacity: 2048M(100%)
[173.133s][info][gc,heap     ] GC(337) Soft Max Capacity: 2048M(100%)
[173.133s][info][gc,heap     ] GC(337)                Mark Start          Mark End        Relocate Start      Relocate End           High               Low         
[173.133s][info][gc,heap     ] GC(337)  Capacity:     2048M (100%)       2048M (100%)       2048M (100%)       2048M (100%)       2048M (100%)       2048M (100%)   
[173.133s][info][gc,heap     ] GC(337)      Free:      706M (34%)         306M (15%)         432M (21%)        1276M (62%)        1278M (62%)         236M (12%)    
[173.133s][info][gc,heap     ] GC(337)      Used:     1342M (66%)        1742M (85%)        1616M (79%)         772M (38%)        1812M (88%)         770M (38%)    
[173.133s][info][gc,heap     ] GC(337)      Live:         -               134M (7%)          134M (7%)          134M (7%)             -                  -          
[173.133s][info][gc,heap     ] GC(337) Allocated:         -               400M (20%)         486M (24%)         599M (29%)            -                  -          
[173.133s][info][gc,heap     ] GC(337)   Garbage:         -              1207M (59%)         995M (49%)          38M (2%)             -                  -          
[173.133s][info][gc,heap     ] GC(337) Reclaimed:         -                  -               212M (10%)        1169M (57%)            -                  -          
[173.133s][info][gc          ] GC(337) Garbage Collection (Allocation Rate) 1342M(66%)->772M(38%)
[173.197s][info][gc,start    ] GC(338) Garbage Collection (Allocation Rate)
[173.197s][info][gc,task     ] GC(338) Using 2 workers
[173.197s][info][gc,phases   ] GC(338) Pause Mark Start 0.010ms
[173.276s][info][gc,phases   ] GC(338) Concurrent Mark 79.179ms
[173.276s][info][gc,phases   ] GC(338) Pause Mark End 0.016ms
[173.277s][info][gc,phases   ] GC(338) Concurrent Mark Free 0.001ms
[173.290s][info][gc,phases   ] GC(338) Concurrent Process Non-Strong References 13.283ms
[173.290s][info][gc,phases   ] GC(338) Concurrent Reset Relocation Set 0.030ms
[173.293s][info][gc,phases   ] GC(338) Concurrent Select Relocation Set 2.946ms
[173.293s][info][gc,phases   ] GC(338) Pause Relocate Start 0.011ms
[173.297s][info][gc,phases   ] GC(338) Concurrent Relocate 3.916ms
[173.297s][info][gc,load     ] GC(338) Load: 0.00/0.00/0.00
[173.297s][info][gc,mmu      ] GC(338) MMU: 2ms/94.3%, 5ms/97.7%, 10ms/98.9%, 20ms/99.4%, 50ms/99.7%, 100ms/99.8%
[173.297s][info][gc,marking  ] GC(338) Mark: 2 stripe(s), 2 proactive flush(es), 1 terminate flush(es), 0 completion(s), 0 continuation(s) 
[173.297s][info][gc,marking  ] GC(338) Mark Stack Usage: 32M
[173.297s][info][gc,nmethod  ] GC(338) NMethods: 15259 registered, 2270 unregistered
[173.297s][info][gc,metaspace] GC(338) Metaspace: 100M used, 101M committed, 1152M reserved
[173.297s][info][gc,ref      ] GC(338) Soft: 4314 encountered, 0 discovered, 0 enqueued
[173.297s][info][gc,ref      ] GC(338) Weak: 7440 encountered, 360 discovered, 0 enqueued
[173.297s][info][gc,ref      ] GC(338) Final: 1 encountered, 0 discovered, 0 enqueued
[173.297s][info][gc,ref      ] GC(338) Phantom: 773 encountered, 515 discovered, 0 enqueued
[173.297s][info][gc,reloc    ] GC(338) Small Pages: 406 / 812M, Empty: 328M, Relocated: 5M, In-Place: 0
[173.297s][info][gc,reloc    ] GC(338) Medium Pages: 2 / 64M, Empty: 0M, Relocated: 3M, In-Place: 0
[173.297s][info][gc,reloc    ] GC(338) Large Pages: 7 / 62M, Empty: 0M, Relocated: 0M, In-Place: 0
[173.297s][info][gc,reloc    ] GC(338) Forwarding Usage: 2M
[173.297s][info][gc,heap     ] GC(338) Min Capacity: 2048M(100%)
[173.297s][info][gc,heap     ] GC(338) Max Capacity: 2048M(100%)
[173.297s][info][gc,heap     ] GC(338) Soft Max Capacity: 2048M(100%)
[173.297s][info][gc,heap     ] GC(338)                Mark Start          Mark End        Relocate Start      Relocate End           High               Low         
[173.297s][info][gc,heap     ] GC(338)  Capacity:     2048M (100%)       2048M (100%)       2048M (100%)       2048M (100%)       2048M (100%)       2048M (100%)   
[173.297s][info][gc,heap     ] GC(338)      Free:     1110M (54%)         938M (46%)        1256M (61%)        1694M (83%)        1694M (83%)         932M (46%)    
[173.297s][info][gc,heap     ] GC(338)      Used:      938M (46%)        1110M (54%)         792M (39%)         354M (17%)        1116M (54%)         354M (17%)    
[173.297s][info][gc,heap     ] GC(338)      Live:         -               134M (7%)          134M (7%)          134M (7%)             -                  -          
[173.297s][info][gc,heap     ] GC(338) Allocated:         -               172M (8%)          182M (9%)          181M (9%)             -                  -          
[173.297s][info][gc,heap     ] GC(338)   Garbage:         -               803M (39%)         475M (23%)          37M (2%)             -                  -          
[173.297s][info][gc,heap     ] GC(338) Reclaimed:         -                  -               328M (16%)         765M (37%)            -                  -          
[173.297s][info][gc          ] GC(338) Garbage Collection (Allocation Rate) 938M(46%)->354M(17%)
[173.297s][info][gc,start    ] GC(339) Garbage Collection (System.gc())
[173.297s][info][gc,task     ] GC(339) Using 2 workers
[173.297s][info][gc,phases   ] GC(339) Pause Mark Start 0.007ms
[173.356s][info][gc,phases   ] GC(339) Concurrent Mark 58.770ms
[173.356s][info][gc,phases   ] GC(339) Pause Mark End 0.017ms
[173.356s][info][gc,phases   ] GC(339) Concurrent Mark Free 0.002ms
[173.369s][info][gc,phases   ] GC(339) Concurrent Process Non-Strong References 12.947ms
[173.369s][info][gc,phases   ] GC(339) Concurrent Reset Relocation Set 0.010ms
[173.371s][info][gc,phases   ] GC(339) Concurrent Select Relocation Set 1.290ms
[173.371s][info][gc,phases   ] GC(339) Pause Relocate Start 0.010ms
[173.372s][info][gc,phases   ] GC(339) Concurrent Relocate 1.366ms
[173.372s][info][gc,load     ] GC(339) Load: 0.00/0.00/0.00
[173.372s][info][gc,mmu      ] GC(339) MMU: 2ms/94.3%, 5ms/97.7%, 10ms/98.9%, 20ms/99.4%, 50ms/99.7%, 100ms/99.8%
[173.372s][info][gc,marking  ] GC(339) Mark: 2 stripe(s), 2 proactive flush(es), 1 terminate flush(es), 0 completion(s), 0 continuation(s) 
[173.372s][info][gc,marking  ] GC(339) Mark Stack Usage: 32M
[173.372s][info][gc,nmethod  ] GC(339) NMethods: 15259 registered, 2270 unregistered
[173.372s][info][gc,metaspace] GC(339) Metaspace: 100M used, 101M committed, 1152M reserved
[173.373s][info][gc,ref      ] GC(339) Soft: 4314 encountered, 0 discovered, 0 enqueued
[173.373s][info][gc,ref      ] GC(339) Weak: 7439 encountered, 106 discovered, 3 enqueued
[173.373s][info][gc,ref      ] GC(339) Final: 1 encountered, 1 discovered, 0 enqueued
[173.373s][info][gc,ref      ] GC(339) Phantom: 773 encountered, 539 discovered, 0 enqueued
[173.373s][info][gc,reloc    ] GC(339) Small Pages: 130 / 260M, Empty: 192M, Relocated: 2M, In-Place: 0
[173.373s][info][gc,reloc    ] GC(339) Medium Pages: 1 / 32M, Empty: 0M, Relocated: 0M, In-Place: 0
[173.373s][info][gc,reloc    ] GC(339) Large Pages: 7 / 62M, Empty: 0M, Relocated: 0M, In-Place: 0
[173.373s][info][gc,reloc    ] GC(339) Forwarding Usage: 1M
[173.373s][info][gc,heap     ] GC(339) Min Capacity: 2048M(100%)
[173.373s][info][gc,heap     ] GC(339) Max Capacity: 2048M(100%)
[173.373s][info][gc,heap     ] GC(339) Soft Max Capacity: 2048M(100%)
[173.373s][info][gc,heap     ] GC(339)                Mark Start          Mark End        Relocate Start      Relocate End           High               Low         
[173.373s][info][gc,heap     ] GC(339)  Capacity:     2048M (100%)       2048M (100%)       2048M (100%)       2048M (100%)       2048M (100%)       2048M (100%)   
[173.373s][info][gc,heap     ] GC(339)      Free:     1694M (83%)        1694M (83%)        1886M (92%)        1904M (93%)        1904M (93%)        1694M (83%)    
[173.373s][info][gc,heap     ] GC(339)      Used:      354M (17%)         354M (17%)         162M (8%)          144M (7%)          354M (17%)         144M (7%)     
[173.373s][info][gc,heap     ] GC(339)      Live:         -               106M (5%)          106M (5%)          106M (5%)             -                  -          
[173.373s][info][gc,heap     ] GC(339) Allocated:         -                 0M (0%)            0M (0%)            0M (0%)             -                  -          
[173.373s][info][gc,heap     ] GC(339)   Garbage:         -               247M (12%)          55M (3%)           37M (2%)             -                  -          
[173.373s][info][gc,heap     ] GC(339) Reclaimed:         -                  -               192M (9%)          210M (10%)            -                  -          
[173.373s][info][gc          ] GC(339) Garbage Collection (System.gc()) 354M(17%)->144M(7%)
[173.900s][info][gc,start    ] GC(340) Garbage Collection (Allocation Rate)
[173.901s][info][gc,task     ] GC(340) Using 1 workers
[173.901s][info][gc,phases   ] GC(340) Pause Mark Start 0.010ms
[174.000s][info][gc,phases   ] GC(340) Concurrent Mark 98.983ms
[174.000s][info][gc,phases   ] GC(340) Pause Mark End 0.015ms
[174.000s][info][gc,phases   ] GC(340) Concurrent Mark Free 0.002ms
[174.026s][info][gc,phases   ] GC(340) Concurrent Process Non-Strong References 25.641ms
[174.026s][info][gc,phases   ] GC(340) Concurrent Reset Relocation Set 0.002ms
[174.028s][info][gc,phases   ] GC(340) Concurrent Select Relocation Set 2.585ms
[174.029s][info][gc,phases   ] GC(340) Pause Relocate Start 0.010ms
[174.034s][info][gc,phases   ] GC(340) Concurrent Relocate 5.242ms
[174.034s][info][gc,load     ] GC(340) Load: 0.00/0.00/0.00
[174.034s][info][gc,mmu      ] GC(340) MMU: 2ms/94.3%, 5ms/97.7%, 10ms/98.9%, 20ms/99.4%, 50ms/99.7%, 100ms/99.8%
[174.034s][info][gc,marking  ] GC(340) Mark: 1 stripe(s), 2 proactive flush(es), 1 terminate flush(es), 0 completion(s), 0 continuation(s) 
[174.034s][info][gc,marking  ] GC(340) Mark Stack Usage: 32M
[174.034s][info][gc,nmethod  ] GC(340) NMethods: 15259 registered, 2270 unregistered
[174.034s][info][gc,metaspace] GC(340) Metaspace: 100M used, 101M committed, 1152M reserved
[174.034s][info][gc,ref      ] GC(340) Soft: 4314 encountered, 0 discovered, 0 enqueued
[174.034s][info][gc,ref      ] GC(340) Weak: 7446 encountered, 6248 discovered, 3 enqueued
[174.034s][info][gc,ref      ] GC(340) Final: 1 encountered, 1 discovered, 0 enqueued
[174.034s][info][gc,ref      ] GC(340) Phantom: 773 encountered, 395 discovered, 0 enqueued
[174.034s][info][gc,reloc    ] GC(340) Small Pages: 483 / 966M, Empty: 642M, Relocated: 3M, In-Place: 0
[174.034s][info][gc,reloc    ] GC(340) Medium Pages: 2 / 64M, Empty: 32M, Relocated: 0M, In-Place: 0
[174.034s][info][gc,reloc    ] GC(340) Large Pages: 7 / 62M, Empty: 0M, Relocated: 0M, In-Place: 0
[174.034s][info][gc,reloc    ] GC(340) Forwarding Usage: 1M
[174.034s][info][gc,heap     ] GC(340) Min Capacity: 2048M(100%)
[174.034s][info][gc,heap     ] GC(340) Max Capacity: 2048M(100%)
[174.034s][info][gc,heap     ] GC(340) Soft Max Capacity: 2048M(100%)
[174.034s][info][gc,heap     ] GC(340)                Mark Start          Mark End        Relocate Start      Relocate End           High               Low         
[174.034s][info][gc,heap     ] GC(340)  Capacity:     2048M (100%)       2048M (100%)       2048M (100%)       2048M (100%)       2048M (100%)       2048M (100%)   
[174.034s][info][gc,heap     ] GC(340)      Free:      956M (47%)         738M (36%)        1346M (66%)        1610M (79%)        1614M (79%)         678M (33%)    
[174.034s][info][gc,heap     ] GC(340)      Used:     1092M (53%)        1310M (64%)         702M (34%)         438M (21%)        1370M (67%)         434M (21%)    
[174.034s][info][gc,heap     ] GC(340)      Live:         -               106M (5%)          106M (5%)          106M (5%)             -                  -          
[174.034s][info][gc,heap     ] GC(340) Allocated:         -               218M (11%)         284M (14%)         293M (14%)            -                  -          
[174.034s][info][gc,heap     ] GC(340)   Garbage:         -               985M (48%)         311M (15%)          37M (2%)             -                  -          
[174.034s][info][gc,heap     ] GC(340) Reclaimed:         -                  -               674M (33%)         947M (46%)            -                  -          
[174.034s][info][gc          ] GC(340) Garbage Collection (Allocation Rate) 1092M(53%)->438M(21%)
[174.394s][info][gc,start    ] GC(341) Garbage Collection (Allocation Rate)
[174.394s][info][gc,task     ] GC(341) Using 1 workers
[174.394s][info][gc,phases   ] GC(341) Pause Mark Start 0.010ms
[174.557s][info][gc,phases   ] GC(341) Concurrent Mark 163.305ms
[174.557s][info][gc,phases   ] GC(341) Pause Mark End 0.009ms
[174.558s][info][gc,phases   ] GC(341) Concurrent Mark Free 0.001ms
[174.584s][info][gc,phases   ] GC(341) Concurrent Process Non-Strong References 26.612ms
[174.584s][info][gc,phases   ] GC(341) Concurrent Reset Relocation Set 0.008ms
[174.590s][info][gc,phases   ] GC(341) Concurrent Select Relocation Set 5.258ms
[174.590s][info][gc,phases   ] GC(341) Pause Relocate Start 0.013ms
[174.629s][info][gc,phases   ] GC(341) Concurrent Relocate 39.624ms
[174.630s][info][gc,load     ] GC(341) Load: 0.00/0.00/0.00
[174.630s][info][gc,mmu      ] GC(341) MMU: 2ms/94.3%, 5ms/97.7%, 10ms/98.9%, 20ms/99.4%, 50ms/99.7%, 100ms/99.8%
[174.630s][info][gc,marking  ] GC(341) Mark: 1 stripe(s), 2 proactive flush(es), 1 terminate flush(es), 0 completion(s), 0 continuation(s) 
[174.630s][info][gc,marking  ] GC(341) Mark Stack Usage: 32M
[174.630s][info][gc,nmethod  ] GC(341) NMethods: 15259 registered, 2270 unregistered
[174.630s][info][gc,metaspace] GC(341) Metaspace: 100M used, 101M committed, 1152M reserved
[174.630s][info][gc,ref      ] GC(341) Soft: 4314 encountered, 0 discovered, 0 enqueued
[174.630s][info][gc,ref      ] GC(341) Weak: 7445 encountered, 6251 discovered, 6 enqueued
[174.630s][info][gc,ref      ] GC(341) Final: 1 encountered, 1 discovered, 0 enqueued
[174.630s][info][gc,ref      ] GC(341) Phantom: 773 encountered, 395 discovered, 0 enqueued
[174.630s][info][gc,reloc    ] GC(341) Small Pages: 578 / 1156M, Empty: 300M, Relocated: 25M, In-Place: 0
[174.630s][info][gc,reloc    ] GC(341) Medium Pages: 2 / 64M, Empty: 0M, Relocated: 3M, In-Place: 0
[174.630s][info][gc,reloc    ] GC(341) Large Pages: 7 / 62M, Empty: 0M, Relocated: 0M, In-Place: 0
[174.630s][info][gc,reloc    ] GC(341) Forwarding Usage: 15M
[174.630s][info][gc,heap     ] GC(341) Min Capacity: 2048M(100%)
[174.630s][info][gc,heap     ] GC(341) Max Capacity: 2048M(100%)
[174.630s][info][gc,heap     ] GC(341) Soft Max Capacity: 2048M(100%)
[174.630s][info][gc,heap     ] GC(341)                Mark Start          Mark End        Relocate Start      Relocate End           High               Low         
[174.630s][info][gc,heap     ] GC(341)  Capacity:     2048M (100%)       2048M (100%)       2048M (100%)       2048M (100%)       2048M (100%)       2048M (100%)   
[174.630s][info][gc,heap     ] GC(341)      Free:      766M (37%)         348M (17%)         572M (28%)        1270M (62%)        1270M (62%)         284M (14%)    
[174.630s][info][gc,heap     ] GC(341)      Used:     1282M (63%)        1700M (83%)        1476M (72%)         778M (38%)        1764M (86%)         778M (38%)    
[174.630s][info][gc,heap     ] GC(341)      Live:         -               134M (7%)          134M (7%)          134M (7%)             -                  -          
[174.630s][info][gc,heap     ] GC(341) Allocated:         -               418M (20%)         494M (24%)         604M (30%)            -                  -          
[174.630s][info][gc,heap     ] GC(341)   Garbage:         -              1147M (56%)         847M (41%)          39M (2%)             -                  -          
[174.630s][info][gc,heap     ] GC(341) Reclaimed:         -                  -               300M (15%)        1108M (54%)            -                  -          
[174.630s][info][gc          ] GC(341) Garbage Collection (Allocation Rate) 1282M(63%)->778M(38%)
[174.696s][info][gc,start    ] GC(342) Garbage Collection (Allocation Rate)
[174.696s][info][gc,task     ] GC(342) Using 1 workers
[174.696s][info][gc,phases   ] GC(342) Pause Mark Start 0.010ms
[174.864s][info][gc,phases   ] GC(342) Concurrent Mark 167.751ms
[174.864s][info][gc,phases   ] GC(342) Pause Mark End 0.014ms
[174.864s][info][gc,phases   ] GC(342) Concurrent Mark Free 0.001ms
[174.890s][info][gc,phases   ] GC(342) Concurrent Process Non-Strong References 25.484ms
[174.890s][info][gc,phases   ] GC(342) Concurrent Reset Relocation Set 0.026ms
[174.892s][info][gc,phases   ] GC(342) Concurrent Select Relocation Set 2.415ms
[174.892s][info][gc,phases   ] GC(342) Pause Relocate Start 0.010ms
[174.898s][info][gc,phases   ] GC(342) Concurrent Relocate 5.783ms
[174.898s][info][gc,load     ] GC(342) Load: 0.00/0.00/0.00
[174.898s][info][gc,mmu      ] GC(342) MMU: 2ms/94.3%, 5ms/97.7%, 10ms/98.9%, 20ms/99.4%, 50ms/99.7%, 100ms/99.8%
[174.898s][info][gc,marking  ] GC(342) Mark: 1 stripe(s), 2 proactive flush(es), 1 terminate flush(es), 0 completion(s), 0 continuation(s) 
[174.898s][info][gc,marking  ] GC(342) Mark Stack Usage: 32M
[174.898s][info][gc,nmethod  ] GC(342) NMethods: 15259 registered, 2270 unregistered
[174.898s][info][gc,metaspace] GC(342) Metaspace: 100M used, 101M committed, 1152M reserved
[174.898s][info][gc,ref      ] GC(342) Soft: 4314 encountered, 0 discovered, 0 enqueued
[174.898s][info][gc,ref      ] GC(342) Weak: 7439 encountered, 6248 discovered, 0 enqueued
[174.898s][info][gc,ref      ] GC(342) Final: 1 encountered, 1 discovered, 0 enqueued
[174.899s][info][gc,ref      ] GC(342) Phantom: 773 encountered, 395 discovered, 0 enqueued
[174.899s][info][gc,reloc    ] GC(342) Small Pages: 410 / 820M, Empty: 328M, Relocated: 4M, In-Place: 0
[174.899s][info][gc,reloc    ] GC(342) Medium Pages: 2 / 64M, Empty: 0M, Relocated: 3M, In-Place: 0
[174.899s][info][gc,reloc    ] GC(342) Large Pages: 7 / 62M, Empty: 0M, Relocated: 0M, In-Place: 0
[174.899s][info][gc,reloc    ] GC(342) Forwarding Usage: 2M
[174.899s][info][gc,heap     ] GC(342) Min Capacity: 2048M(100%)
[174.899s][info][gc,heap     ] GC(342) Max Capacity: 2048M(100%)
[174.899s][info][gc,heap     ] GC(342) Soft Max Capacity: 2048M(100%)
[174.899s][info][gc,heap     ] GC(342)                Mark Start          Mark End        Relocate Start      Relocate End           High               Low         
[174.899s][info][gc,heap     ] GC(342)  Capacity:     2048M (100%)       2048M (100%)       2048M (100%)       2048M (100%)       2048M (100%)       2048M (100%)   
[174.899s][info][gc,heap     ] GC(342)      Free:     1102M (54%)         696M (34%)         998M (49%)        1446M (71%)        1446M (71%)         670M (33%)    
[174.899s][info][gc,heap     ] GC(342)      Used:      946M (46%)        1352M (66%)        1050M (51%)         602M (29%)        1378M (67%)         602M (29%)    
[174.899s][info][gc,heap     ] GC(342)      Live:         -               134M (7%)          134M (7%)          134M (7%)             -                  -          
[174.899s][info][gc,heap     ] GC(342) Allocated:         -               406M (20%)         432M (21%)         432M (21%)            -                  -          
[174.899s][info][gc,heap     ] GC(342)   Garbage:         -               811M (40%)         483M (24%)          35M (2%)             -                  -          
[174.899s][info][gc,heap     ] GC(342) Reclaimed:         -                  -               328M (16%)         776M (38%)            -                  -          
[174.899s][info][gc          ] GC(342) Garbage Collection (Allocation Rate) 946M(46%)->602M(29%)
[174.899s][info][gc,start    ] GC(343) Garbage Collection (System.gc())
[174.899s][info][gc,task     ] GC(343) Using 2 workers
[174.899s][info][gc,phases   ] GC(343) Pause Mark Start 0.009ms
[174.950s][info][gc,phases   ] GC(343) Concurrent Mark 50.429ms
[174.950s][info][gc,phases   ] GC(343) Pause Mark End 0.012ms
[174.950s][info][gc,phases   ] GC(343) Concurrent Mark Free 0.001ms
[174.964s][info][gc,phases   ] GC(343) Concurrent Process Non-Strong References 13.707ms
[174.964s][info][gc,phases   ] GC(343) Concurrent Reset Relocation Set 0.010ms
[174.965s][info][gc,phases   ] GC(343) Concurrent Select Relocation Set 1.238ms
[174.965s][info][gc,phases   ] GC(343) Pause Relocate Start 0.011ms
[174.966s][info][gc,phases   ] GC(343) Concurrent Relocate 0.535ms
[174.966s][info][gc,load     ] GC(343) Load: 0.00/0.00/0.00
[174.966s][info][gc,mmu      ] GC(343) MMU: 2ms/94.3%, 5ms/97.7%, 10ms/98.9%, 20ms/99.4%, 50ms/99.7%, 100ms/99.8%
[174.966s][info][gc,marking  ] GC(343) Mark: 2 stripe(s), 2 proactive flush(es), 1 terminate flush(es), 0 completion(s), 0 continuation(s) 
[174.966s][info][gc,marking  ] GC(343) Mark Stack Usage: 32M
[174.966s][info][gc,nmethod  ] GC(343) NMethods: 15259 registered, 2270 unregistered
[174.966s][info][gc,metaspace] GC(343) Metaspace: 100M used, 101M committed, 1152M reserved
[174.966s][info][gc,ref      ] GC(343) Soft: 4314 encountered, 0 discovered, 0 enqueued
[174.966s][info][gc,ref      ] GC(343) Weak: 7438 encountered, 6545 discovered, 3 enqueued
[174.966s][info][gc,ref      ] GC(343) Final: 1 encountered, 1 discovered, 0 enqueued
[174.966s][info][gc,ref      ] GC(343) Phantom: 773 encountered, 670 discovered, 0 enqueued
[174.966s][info][gc,reloc    ] GC(343) Small Pages: 254 / 508M, Empty: 444M, Relocated: 1M, In-Place: 0
[174.966s][info][gc,reloc    ] GC(343) Medium Pages: 1 / 32M, Empty: 0M, Relocated: 0M, In-Place: 0
[174.966s][info][gc,reloc    ] GC(343) Large Pages: 7 / 62M, Empty: 0M, Relocated: 0M, In-Place: 0
[174.966s][info][gc,reloc    ] GC(343) Forwarding Usage: 0M
[174.966s][info][gc,heap     ] GC(343) Min Capacity: 2048M(100%)
[174.966s][info][gc,heap     ] GC(343) Max Capacity: 2048M(100%)
[174.966s][info][gc,heap     ] GC(343) Soft Max Capacity: 2048M(100%)
[174.966s][info][gc,heap     ] GC(343)                Mark Start          Mark End        Relocate Start      Relocate End           High               Low         
[174.966s][info][gc,heap     ] GC(343)  Capacity:     2048M (100%)       2048M (100%)       2048M (100%)       2048M (100%)       2048M (100%)       2048M (100%)   
[174.966s][info][gc,heap     ] GC(343)      Free:     1446M (71%)        1444M (71%)        1888M (92%)        1900M (93%)        1900M (93%)        1444M (71%)    
[174.966s][info][gc,heap     ] GC(343)      Used:      602M (29%)         604M (29%)         160M (8%)          148M (7%)          604M (29%)         148M (7%)     
[174.966s][info][gc,heap     ] GC(343)      Live:         -               106M (5%)          106M (5%)          106M (5%)             -                  -          
[174.966s][info][gc,heap     ] GC(343) Allocated:         -                 2M (0%)            2M (0%)            2M (0%)             -                  -          
[174.966s][info][gc,heap     ] GC(343)   Garbage:         -               495M (24%)          51M (3%)           39M (2%)             -                  -          
[174.966s][info][gc,heap     ] GC(343) Reclaimed:         -                  -               444M (22%)         456M (22%)            -                  -          
[174.966s][info][gc          ] GC(343) Garbage Collection (System.gc()) 602M(29%)->148M(7%)
[175.502s][info][gc,start    ] GC(344) Garbage Collection (Allocation Rate)
[175.502s][info][gc,task     ] GC(344) Using 1 workers
[175.502s][info][gc,phases   ] GC(344) Pause Mark Start 0.011ms
[175.603s][info][gc,phases   ] GC(344) Concurrent Mark 100.631ms
[175.603s][info][gc,phases   ] GC(344) Pause Mark End 0.014ms
[175.603s][info][gc,phases   ] GC(344) Concurrent Mark Free 0.001ms
[175.629s][info][gc,phases   ] GC(344) Concurrent Process Non-Strong References 25.847ms
[175.629s][info][gc,phases   ] GC(344) Concurrent Reset Relocation Set 0.002ms
[175.632s][info][gc,phases   ] GC(344) Concurrent Select Relocation Set 2.975ms
[175.632s][info][gc,phases   ] GC(344) Pause Relocate Start 0.013ms
[175.636s][info][gc,phases   ] GC(344) Concurrent Relocate 3.632ms
[175.636s][info][gc,load     ] GC(344) Load: 0.00/0.00/0.00
[175.636s][info][gc,mmu      ] GC(344) MMU: 2ms/94.3%, 5ms/97.7%, 10ms/98.9%, 20ms/99.4%, 50ms/99.7%, 100ms/99.8%
[175.636s][info][gc,marking  ] GC(344) Mark: 1 stripe(s), 2 proactive flush(es), 1 terminate flush(es), 0 completion(s), 0 continuation(s) 
[175.636s][info][gc,marking  ] GC(344) Mark Stack Usage: 32M
[175.636s][info][gc,nmethod  ] GC(344) NMethods: 15259 registered, 2270 unregistered
[175.636s][info][gc,metaspace] GC(344) Metaspace: 100M used, 101M committed, 1152M reserved
[175.636s][info][gc,ref      ] GC(344) Soft: 4314 encountered, 0 discovered, 0 enqueued
[175.636s][info][gc,ref      ] GC(344) Weak: 7445 encountered, 6248 discovered, 3 enqueued
[175.636s][info][gc,ref      ] GC(344) Final: 1 encountered, 1 discovered, 0 enqueued
[175.636s][info][gc,ref      ] GC(344) Phantom: 773 encountered, 395 discovered, 0 enqueued
[175.636s][info][gc,reloc    ] GC(344) Small Pages: 495 / 990M, Empty: 638M, Relocated: 1M, In-Place: 0
[175.636s][info][gc,reloc    ] GC(344) Medium Pages: 2 / 64M, Empty: 32M, Relocated: 0M, In-Place: 0
[175.636s][info][gc,reloc    ] GC(344) Large Pages: 7 / 62M, Empty: 0M, Relocated: 0M, In-Place: 0
[175.636s][info][gc,reloc    ] GC(344) Forwarding Usage: 0M
[175.636s][info][gc,heap     ] GC(344) Min Capacity: 2048M(100%)
[175.636s][info][gc,heap     ] GC(344) Max Capacity: 2048M(100%)
[175.636s][info][gc,heap     ] GC(344) Soft Max Capacity: 2048M(100%)
[175.636s][info][gc,heap     ] GC(344)                Mark Start          Mark End        Relocate Start      Relocate End           High               Low         
[175.636s][info][gc,heap     ] GC(344)  Capacity:     2048M (100%)       2048M (100%)       2048M (100%)       2048M (100%)       2048M (100%)       2048M (100%)   
[175.636s][info][gc,heap     ] GC(344)      Free:      932M (46%)         724M (35%)        1332M (65%)        1628M (79%)        1628M (79%)         670M (33%)    
[175.636s][info][gc,heap     ] GC(344)      Used:     1116M (54%)        1324M (65%)         716M (35%)         420M (21%)        1378M (67%)         420M (21%)    
[175.636s][info][gc,heap     ] GC(344)      Live:         -               106M (5%)          106M (5%)          106M (5%)             -                  -          
[175.636s][info][gc,heap     ] GC(344) Allocated:         -               208M (10%)         270M (13%)         275M (13%)            -                  -          
[175.636s][info][gc,heap     ] GC(344)   Garbage:         -              1009M (49%)         339M (17%)          37M (2%)             -                  -          
[175.636s][info][gc,heap     ] GC(344) Reclaimed:         -                  -               670M (33%)         971M (47%)            -                  -          
[175.636s][info][gc          ] GC(344) Garbage Collection (Allocation Rate) 1116M(54%)->420M(21%)
[175.994s][info][gc,start    ] GC(345) Garbage Collection (Allocation Rate)
[175.994s][info][gc,task     ] GC(345) Using 1 workers
[175.994s][info][gc,phases   ] GC(345) Pause Mark Start 0.010ms
[176.154s][info][gc,phases   ] GC(345) Concurrent Mark 159.347ms
[176.154s][info][gc,phases   ] GC(345) Pause Mark End 0.011ms
[176.154s][info][gc,phases   ] GC(345) Concurrent Mark Free 0.001ms
[176.180s][info][gc,phases   ] GC(345) Concurrent Process Non-Strong References 26.177ms
[176.180s][info][gc,phases   ] GC(345) Concurrent Reset Relocation Set 0.009ms
[176.186s][info][gc,phases   ] GC(345) Concurrent Select Relocation Set 5.397ms
[176.186s][info][gc,phases   ] GC(345) Pause Relocate Start 0.014ms
[176.226s][info][gc,phases   ] GC(345) Concurrent Relocate 39.789ms
[176.226s][info][gc,load     ] GC(345) Load: 0.00/0.00/0.00
[176.226s][info][gc,mmu      ] GC(345) MMU: 2ms/94.3%, 5ms/97.7%, 10ms/98.9%, 20ms/99.4%, 50ms/99.7%, 100ms/99.8%
[176.226s][info][gc,marking  ] GC(345) Mark: 1 stripe(s), 2 proactive flush(es), 1 terminate flush(es), 0 completion(s), 0 continuation(s) 
[176.226s][info][gc,marking  ] GC(345) Mark Stack Usage: 32M
[176.226s][info][gc,nmethod  ] GC(345) NMethods: 15263 registered, 2270 unregistered
[176.226s][info][gc,metaspace] GC(345) Metaspace: 100M used, 101M committed, 1152M reserved
[176.226s][info][gc,ref      ] GC(345) Soft: 4314 encountered, 0 discovered, 0 enqueued
[176.226s][info][gc,ref      ] GC(345) Weak: 7445 encountered, 6251 discovered, 6 enqueued
[176.226s][info][gc,ref      ] GC(345) Final: 1 encountered, 1 discovered, 0 enqueued
[176.226s][info][gc,ref      ] GC(345) Phantom: 773 encountered, 395 discovered, 0 enqueued
[176.226s][info][gc,reloc    ] GC(345) Small Pages: 568 / 1136M, Empty: 282M, Relocated: 25M, In-Place: 0
[176.226s][info][gc,reloc    ] GC(345) Medium Pages: 2 / 64M, Empty: 0M, Relocated: 3M, In-Place: 0
[176.226s][info][gc,reloc    ] GC(345) Large Pages: 7 / 62M, Empty: 0M, Relocated: 0M, In-Place: 0
[176.226s][info][gc,reloc    ] GC(345) Forwarding Usage: 16M
[176.226s][info][gc,heap     ] GC(345) Min Capacity: 2048M(100%)
[176.226s][info][gc,heap     ] GC(345) Max Capacity: 2048M(100%)
[176.226s][info][gc,heap     ] GC(345) Soft Max Capacity: 2048M(100%)
[176.226s][info][gc,heap     ] GC(345)                Mark Start          Mark End        Relocate Start      Relocate End           High               Low         
[176.226s][info][gc,heap     ] GC(345)  Capacity:     2048M (100%)       2048M (100%)       2048M (100%)       2048M (100%)       2048M (100%)       2048M (100%)   
[176.226s][info][gc,heap     ] GC(345)      Free:      786M (38%)         374M (18%)         580M (28%)        1274M (62%)        1274M (62%)         310M (15%)    
[176.226s][info][gc,heap     ] GC(345)      Used:     1262M (62%)        1674M (82%)        1468M (72%)         774M (38%)        1738M (85%)         774M (38%)    
[176.226s][info][gc,heap     ] GC(345)      Live:         -               134M (7%)          134M (7%)          134M (7%)             -                  -          
[176.226s][info][gc,heap     ] GC(345) Allocated:         -               412M (20%)         488M (24%)         600M (29%)            -                  -          
[176.226s][info][gc,heap     ] GC(345)   Garbage:         -              1127M (55%)         845M (41%)          38M (2%)             -                  -          
[176.226s][info][gc,heap     ] GC(345) Reclaimed:         -                  -               282M (14%)        1088M (53%)            -                  -          
[176.226s][info][gc          ] GC(345) Garbage Collection (Allocation Rate) 1262M(62%)->774M(38%)
[176.295s][info][gc,start    ] GC(346) Garbage Collection (Allocation Rate)
[176.295s][info][gc,task     ] GC(346) Using 1 workers
[176.295s][info][gc,phases   ] GC(346) Pause Mark Start 0.010ms
[176.458s][info][gc,phases   ] GC(346) Concurrent Mark 162.698ms
[176.458s][info][gc,phases   ] GC(346) Pause Mark End 0.011ms
[176.458s][info][gc,phases   ] GC(346) Concurrent Mark Free 0.001ms
[176.483s][info][gc,phases   ] GC(346) Concurrent Process Non-Strong References 25.209ms
[176.484s][info][gc,phases   ] GC(346) Concurrent Reset Relocation Set 0.024ms
[176.486s][info][gc,phases   ] GC(346) Concurrent Select Relocation Set 2.541ms
[176.486s][info][gc,phases   ] GC(346) Pause Relocate Start 0.010ms
[176.490s][info][gc,phases   ] GC(346) Concurrent Relocate 4.189ms
[176.490s][info][gc,load     ] GC(346) Load: 0.00/0.00/0.00
[176.490s][info][gc,mmu      ] GC(346) MMU: 2ms/94.3%, 5ms/97.7%, 10ms/98.9%, 20ms/99.4%, 50ms/99.7%, 100ms/99.8%
[176.490s][info][gc,marking  ] GC(346) Mark: 1 stripe(s), 2 proactive flush(es), 1 terminate flush(es), 0 completion(s), 0 continuation(s) 
[176.491s][info][gc,marking  ] GC(346) Mark Stack Usage: 32M
[176.491s][info][gc,nmethod  ] GC(346) NMethods: 15263 registered, 2270 unregistered
[176.491s][info][gc,metaspace] GC(346) Metaspace: 100M used, 101M committed, 1152M reserved
[176.491s][info][gc,ref      ] GC(346) Soft: 4314 encountered, 0 discovered, 0 enqueued
[176.491s][info][gc,ref      ] GC(346) Weak: 7439 encountered, 6248 discovered, 0 enqueued
[176.491s][info][gc,ref      ] GC(346) Final: 1 encountered, 1 discovered, 0 enqueued
[176.491s][info][gc,ref      ] GC(346) Phantom: 773 encountered, 395 discovered, 0 enqueued
[176.491s][info][gc,reloc    ] GC(346) Small Pages: 409 / 818M, Empty: 298M, Relocated: 3M, In-Place: 0
[176.491s][info][gc,reloc    ] GC(346) Medium Pages: 2 / 64M, Empty: 0M, Relocated: 3M, In-Place: 0
[176.491s][info][gc,reloc    ] GC(346) Large Pages: 7 / 62M, Empty: 0M, Relocated: 0M, In-Place: 0
[176.491s][info][gc,reloc    ] GC(346) Forwarding Usage: 1M
[176.491s][info][gc,heap     ] GC(346) Min Capacity: 2048M(100%)
[176.491s][info][gc,heap     ] GC(346) Max Capacity: 2048M(100%)
[176.491s][info][gc,heap     ] GC(346) Soft Max Capacity: 2048M(100%)
[176.491s][info][gc,heap     ] GC(346)                Mark Start          Mark End        Relocate Start      Relocate End           High               Low         
[176.491s][info][gc,heap     ] GC(346)  Capacity:     2048M (100%)       2048M (100%)       2048M (100%)       2048M (100%)       2048M (100%)       2048M (100%)   
[176.491s][info][gc,heap     ] GC(346)      Free:     1104M (54%)         702M (34%)         970M (47%)        1446M (71%)        1446M (71%)         672M (33%)    
[176.491s][info][gc,heap     ] GC(346)      Used:      944M (46%)        1346M (66%)        1078M (53%)         602M (29%)        1376M (67%)         602M (29%)    
[176.491s][info][gc,heap     ] GC(346)      Live:         -               134M (7%)          134M (7%)          134M (7%)             -                  -          
[176.491s][info][gc,heap     ] GC(346) Allocated:         -               402M (20%)         432M (21%)         432M (21%)            -                  -          
[176.491s][info][gc,heap     ] GC(346)   Garbage:         -               809M (40%)         511M (25%)          35M (2%)             -                  -          
[176.491s][info][gc,heap     ] GC(346) Reclaimed:         -                  -               298M (15%)         774M (38%)            -                  -          
[176.491s][info][gc          ] GC(346) Garbage Collection (Allocation Rate) 944M(46%)->602M(29%)
[176.491s][info][gc,start    ] GC(347) Garbage Collection (System.gc())
[176.491s][info][gc,task     ] GC(347) Using 2 workers
[176.491s][info][gc,phases   ] GC(347) Pause Mark Start 0.005ms
[176.533s][info][gc,phases   ] GC(347) Concurrent Mark 41.989ms
[176.533s][info][gc,phases   ] GC(347) Pause Mark End 0.024ms
[176.533s][info][gc,phases   ] GC(347) Concurrent Mark Free 0.003ms
[176.547s][info][gc,phases   ] GC(347) Concurrent Process Non-Strong References 13.032ms
[176.547s][info][gc,phases   ] GC(347) Concurrent Reset Relocation Set 0.013ms
[176.548s][info][gc,phases   ] GC(347) Concurrent Select Relocation Set 1.209ms
[176.548s][info][gc,phases   ] GC(347) Pause Relocate Start 0.009ms
[176.549s][info][gc,phases   ] GC(347) Concurrent Relocate 0.717ms
[176.549s][info][gc,load     ] GC(347) Load: 0.00/0.00/0.00
[176.549s][info][gc,mmu      ] GC(347) MMU: 2ms/94.3%, 5ms/97.7%, 10ms/98.9%, 20ms/99.4%, 50ms/99.7%, 100ms/99.8%
[176.549s][info][gc,marking  ] GC(347) Mark: 2 stripe(s), 2 proactive flush(es), 1 terminate flush(es), 0 completion(s), 0 continuation(s) 
[176.549s][info][gc,marking  ] GC(347) Mark Stack Usage: 32M
[176.549s][info][gc,nmethod  ] GC(347) NMethods: 15263 registered, 2270 unregistered
[176.549s][info][gc,metaspace] GC(347) Metaspace: 100M used, 101M committed, 1152M reserved
[176.549s][info][gc,ref      ] GC(347) Soft: 4314 encountered, 0 discovered, 0 enqueued
[176.549s][info][gc,ref      ] GC(347) Weak: 7438 encountered, 86 discovered, 3 enqueued
[176.549s][info][gc,ref      ] GC(347) Final: 1 encountered, 0 discovered, 0 enqueued
[176.549s][info][gc,ref      ] GC(347) Phantom: 773 encountered, 567 discovered, 0 enqueued
[176.549s][info][gc,reloc    ] GC(347) Small Pages: 254 / 508M, Empty: 440M, Relocated: 1M, In-Place: 0
[176.549s][info][gc,reloc    ] GC(347) Medium Pages: 1 / 32M, Empty: 0M, Relocated: 0M, In-Place: 0
[176.549s][info][gc,reloc    ] GC(347) Large Pages: 7 / 62M, Empty: 0M, Relocated: 0M, In-Place: 0
[176.549s][info][gc,reloc    ] GC(347) Forwarding Usage: 0M
[176.549s][info][gc,heap     ] GC(347) Min Capacity: 2048M(100%)
[176.549s][info][gc,heap     ] GC(347) Max Capacity: 2048M(100%)
[176.549s][info][gc,heap     ] GC(347) Soft Max Capacity: 2048M(100%)
[176.549s][info][gc,heap     ] GC(347)                Mark Start          Mark End        Relocate Start      Relocate End           High               Low         
[176.549s][info][gc,heap     ] GC(347)  Capacity:     2048M (100%)       2048M (100%)       2048M (100%)       2048M (100%)       2048M (100%)       2048M (100%)   
[176.549s][info][gc,heap     ] GC(347)      Free:     1446M (71%)        1446M (71%)        1886M (92%)        1902M (93%)        1902M (93%)        1446M (71%)    
[176.549s][info][gc,heap     ] GC(347)      Used:      602M (29%)         602M (29%)         162M (8%)          146M (7%)          602M (29%)         146M (7%)     
[176.549s][info][gc,heap     ] GC(347)      Live:         -               106M (5%)          106M (5%)          106M (5%)             -                  -          
[176.549s][info][gc,heap     ] GC(347) Allocated:         -                 0M (0%)            0M (0%)            0M (0%)             -                  -          
[176.549s][info][gc,heap     ] GC(347)   Garbage:         -               495M (24%)          55M (3%)           39M (2%)             -                  -          
[176.549s][info][gc,heap     ] GC(347) Reclaimed:         -                  -               440M (21%)         456M (22%)            -                  -          
[176.549s][info][gc          ] GC(347) Garbage Collection (System.gc()) 602M(29%)->146M(7%)
[177.102s][info][gc,start    ] GC(348) Garbage Collection (Allocation Rate)
[177.102s][info][gc,task     ] GC(348) Using 1 workers
[177.102s][info][gc,phases   ] GC(348) Pause Mark Start 0.011ms
[177.203s][info][gc,phases   ] GC(348) Concurrent Mark 101.054ms
[177.203s][info][gc,phases   ] GC(348) Pause Mark End 0.013ms
[177.203s][info][gc,phases   ] GC(348) Concurrent Mark Free 0.002ms
[177.230s][info][gc,phases   ] GC(348) Concurrent Process Non-Strong References 26.030ms
[177.230s][info][gc,phases   ] GC(348) Concurrent Reset Relocation Set 0.002ms
[177.232s][info][gc,phases   ] GC(348) Concurrent Select Relocation Set 2.140ms
[177.232s][info][gc,phases   ] GC(348) Pause Relocate Start 0.010ms
[177.237s][info][gc,phases   ] GC(348) Concurrent Relocate 5.285ms
[177.237s][info][gc,load     ] GC(348) Load: 0.00/0.00/0.00
[177.237s][info][gc,mmu      ] GC(348) MMU: 2ms/94.3%, 5ms/97.7%, 10ms/98.9%, 20ms/99.4%, 50ms/99.7%, 100ms/99.8%
[177.237s][info][gc,marking  ] GC(348) Mark: 1 stripe(s), 2 proactive flush(es), 1 terminate flush(es), 0 completion(s), 0 continuation(s) 
[177.237s][info][gc,marking  ] GC(348) Mark Stack Usage: 32M
[177.237s][info][gc,nmethod  ] GC(348) NMethods: 15264 registered, 2270 unregistered
[177.237s][info][gc,metaspace] GC(348) Metaspace: 100M used, 101M committed, 1152M reserved
[177.237s][info][gc,ref      ] GC(348) Soft: 4314 encountered, 0 discovered, 0 enqueued
[177.237s][info][gc,ref      ] GC(348) Weak: 7445 encountered, 6248 discovered, 1 enqueued
[177.237s][info][gc,ref      ] GC(348) Final: 1 encountered, 1 discovered, 0 enqueued
[177.238s][info][gc,ref      ] GC(348) Phantom: 773 encountered, 395 discovered, 0 enqueued
[177.238s][info][gc,reloc    ] GC(348) Small Pages: 507 / 1014M, Empty: 640M, Relocated: 3M, In-Place: 0
[177.238s][info][gc,reloc    ] GC(348) Medium Pages: 2 / 64M, Empty: 32M, Relocated: 0M, In-Place: 0
[177.238s][info][gc,reloc    ] GC(348) Large Pages: 7 / 62M, Empty: 0M, Relocated: 0M, In-Place: 0
[177.238s][info][gc,reloc    ] GC(348) Forwarding Usage: 1M
[177.238s][info][gc,heap     ] GC(348) Min Capacity: 2048M(100%)
[177.238s][info][gc,heap     ] GC(348) Max Capacity: 2048M(100%)
[177.238s][info][gc,heap     ] GC(348) Soft Max Capacity: 2048M(100%)
[177.238s][info][gc,heap     ] GC(348)                Mark Start          Mark End        Relocate Start      Relocate End           High               Low         
[177.238s][info][gc,heap     ] GC(348)  Capacity:     2048M (100%)       2048M (100%)       2048M (100%)       2048M (100%)       2048M (100%)       2048M (100%)   
[177.238s][info][gc,heap     ] GC(348)      Free:      908M (44%)         694M (34%)        1308M (64%)        1622M (79%)        1624M (79%)         640M (31%)    
[177.238s][info][gc,heap     ] GC(348)      Used:     1140M (56%)        1354M (66%)         740M (36%)         426M (21%)        1408M (69%)         424M (21%)    
[177.238s][info][gc,heap     ] GC(348)      Live:         -               106M (5%)          106M (5%)          106M (5%)             -                  -          
[177.238s][info][gc,heap     ] GC(348) Allocated:         -               214M (10%)         272M (13%)         281M (14%)            -                  -          
[177.238s][info][gc,heap     ] GC(348)   Garbage:         -              1033M (50%)         361M (18%)          37M (2%)             -                  -          
[177.238s][info][gc,heap     ] GC(348) Reclaimed:         -                  -               672M (33%)         995M (49%)            -                  -          
[177.238s][info][gc          ] GC(348) Garbage Collection (Allocation Rate) 1140M(56%)->426M(21%)
[177.608s][info][gc,start    ] GC(349) Garbage Collection (Allocation Rate)
[177.608s][info][gc,task     ] GC(349) Using 1 workers
[177.608s][info][gc,phases   ] GC(349) Pause Mark Start 0.009ms
[177.775s][info][gc,phases   ] GC(349) Concurrent Mark 166.067ms
[177.775s][info][gc,phases   ] GC(349) Pause Mark End 0.010ms
[177.775s][info][gc,phases   ] GC(349) Concurrent Mark Free 0.000ms
[177.802s][info][gc,phases   ] GC(349) Concurrent Process Non-Strong References 26.821ms
[177.802s][info][gc,phases   ] GC(349) Concurrent Reset Relocation Set 0.010ms
[177.808s][info][gc,phases   ] GC(349) Concurrent Select Relocation Set 6.146ms
[177.808s][info][gc,phases   ] GC(349) Pause Relocate Start 0.010ms
[177.848s][info][gc,phases   ] GC(349) Concurrent Relocate 39.437ms
[177.848s][info][gc,load     ] GC(349) Load: 0.00/0.00/0.00
[177.848s][info][gc,mmu      ] GC(349) MMU: 2ms/94.3%, 5ms/97.7%, 10ms/98.9%, 20ms/99.4%, 50ms/99.7%, 100ms/99.8%
[177.848s][info][gc,marking  ] GC(349) Mark: 1 stripe(s), 2 proactive flush(es), 1 terminate flush(es), 0 completion(s), 0 continuation(s) 
[177.848s][info][gc,marking  ] GC(349) Mark Stack Usage: 32M
[177.848s][info][gc,nmethod  ] GC(349) NMethods: 15264 registered, 2270 unregistered
[177.848s][info][gc,metaspace] GC(349) Metaspace: 100M used, 101M committed, 1152M reserved
[177.848s][info][gc,ref      ] GC(349) Soft: 4314 encountered, 0 discovered, 0 enqueued
[177.848s][info][gc,ref      ] GC(349) Weak: 7445 encountered, 6251 discovered, 6 enqueued
[177.848s][info][gc,ref      ] GC(349) Final: 1 encountered, 1 discovered, 0 enqueued
[177.848s][info][gc,ref      ] GC(349) Phantom: 773 encountered, 395 discovered, 0 enqueued
[177.848s][info][gc,reloc    ] GC(349) Small Pages: 598 / 1196M, Empty: 290M, Relocated: 25M, In-Place: 0
[177.848s][info][gc,reloc    ] GC(349) Medium Pages: 2 / 64M, Empty: 0M, Relocated: 3M, In-Place: 0
[177.848s][info][gc,reloc    ] GC(349) Large Pages: 7 / 62M, Empty: 0M, Relocated: 0M, In-Place: 0
[177.848s][info][gc,reloc    ] GC(349) Forwarding Usage: 16M
[177.848s][info][gc,heap     ] GC(349) Min Capacity: 2048M(100%)
[177.848s][info][gc,heap     ] GC(349) Max Capacity: 2048M(100%)
[177.848s][info][gc,heap     ] GC(349) Soft Max Capacity: 2048M(100%)
[177.848s][info][gc,heap     ] GC(349)                Mark Start          Mark End        Relocate Start      Relocate End           High               Low         
[177.848s][info][gc,heap     ] GC(349)  Capacity:     2048M (100%)       2048M (100%)       2048M (100%)       2048M (100%)       2048M (100%)       2048M (100%)   
[177.848s][info][gc,heap     ] GC(349)      Free:      726M (35%)         312M (15%)         524M (26%)        1274M (62%)        1274M (62%)         250M (12%)    
[177.848s][info][gc,heap     ] GC(349)      Used:     1322M (65%)        1736M (85%)        1524M (74%)         774M (38%)        1798M (88%)         774M (38%)    
[177.848s][info][gc,heap     ] GC(349)      Live:         -               134M (7%)          134M (7%)          134M (7%)             -                  -          
[177.848s][info][gc,heap     ] GC(349) Allocated:         -               414M (20%)         492M (24%)         602M (29%)            -                  -          
[177.848s][info][gc,heap     ] GC(349)   Garbage:         -              1187M (58%)         897M (44%)          37M (2%)             -                  -          
[177.848s][info][gc,heap     ] GC(349) Reclaimed:         -                  -               290M (14%)        1150M (56%)            -                  -          
[177.848s][info][gc          ] GC(349) Garbage Collection (Allocation Rate) 1322M(65%)->774M(38%)
[177.893s][info][gc,start    ] GC(350) Garbage Collection (Allocation Rate)
[177.893s][info][gc,task     ] GC(350) Using 1 workers
[177.893s][info][gc,phases   ] GC(350) Pause Mark Start 0.009ms
[178.062s][info][gc,phases   ] GC(350) Concurrent Mark 168.803ms
[178.062s][info][gc,phases   ] GC(350) Pause Mark End 0.015ms
[178.062s][info][gc,phases   ] GC(350) Concurrent Mark Free 0.001ms
[178.087s][info][gc,phases   ] GC(350) Concurrent Process Non-Strong References 25.205ms
[178.087s][info][gc,phases   ] GC(350) Concurrent Reset Relocation Set 0.035ms
[178.090s][info][gc,phases   ] GC(350) Concurrent Select Relocation Set 2.546ms
[178.090s][info][gc,phases   ] GC(350) Pause Relocate Start 0.010ms
[178.094s][info][gc,phases   ] GC(350) Concurrent Relocate 3.392ms
[178.094s][info][gc,load     ] GC(350) Load: 0.00/0.00/0.00
[178.094s][info][gc,mmu      ] GC(350) MMU: 2ms/94.3%, 5ms/97.7%, 10ms/98.9%, 20ms/99.4%, 50ms/99.7%, 100ms/99.8%
[178.094s][info][gc,marking  ] GC(350) Mark: 1 stripe(s), 2 proactive flush(es), 1 terminate flush(es), 0 completion(s), 0 continuation(s) 
[178.094s][info][gc,marking  ] GC(350) Mark Stack Usage: 32M
[178.094s][info][gc,nmethod  ] GC(350) NMethods: 15264 registered, 2270 unregistered
[178.094s][info][gc,metaspace] GC(350) Metaspace: 100M used, 101M committed, 1152M reserved
[178.094s][info][gc,ref      ] GC(350) Soft: 4314 encountered, 0 discovered, 0 enqueued
[178.094s][info][gc,ref      ] GC(350) Weak: 7438 encountered, 6246 discovered, 0 enqueued
[178.094s][info][gc,ref      ] GC(350) Final: 1 encountered, 1 discovered, 0 enqueued
[178.094s][info][gc,ref      ] GC(350) Phantom: 773 encountered, 395 discovered, 0 enqueued
[178.094s][info][gc,reloc    ] GC(350) Small Pages: 381 / 762M, Empty: 280M, Relocated: 2M, In-Place: 0
[178.094s][info][gc,reloc    ] GC(350) Medium Pages: 2 / 64M, Empty: 0M, Relocated: 3M, In-Place: 0
[178.094s][info][gc,reloc    ] GC(350) Large Pages: 7 / 62M, Empty: 0M, Relocated: 0M, In-Place: 0
[178.094s][info][gc,reloc    ] GC(350) Forwarding Usage: 1M
[178.094s][info][gc,heap     ] GC(350) Min Capacity: 2048M(100%)
[178.094s][info][gc,heap     ] GC(350) Max Capacity: 2048M(100%)
[178.094s][info][gc,heap     ] GC(350) Soft Max Capacity: 2048M(100%)
[178.094s][info][gc,heap     ] GC(350)                Mark Start          Mark End        Relocate Start      Relocate End           High               Low         
[178.094s][info][gc,heap     ] GC(350)  Capacity:     2048M (100%)       2048M (100%)       2048M (100%)       2048M (100%)       2048M (100%)       2048M (100%)   
[178.094s][info][gc,heap     ] GC(350)      Free:     1160M (57%)         770M (38%)        1038M (51%)        1474M (72%)        1474M (72%)         758M (37%)    
[178.094s][info][gc,heap     ] GC(350)      Used:      888M (43%)        1278M (62%)        1010M (49%)         574M (28%)        1290M (63%)         574M (28%)    
[178.094s][info][gc,heap     ] GC(350)      Live:         -               134M (7%)          134M (7%)          134M (7%)             -                  -          
[178.094s][info][gc,heap     ] GC(350) Allocated:         -               390M (19%)         402M (20%)         402M (20%)            -                  -          
[178.094s][info][gc,heap     ] GC(350)   Garbage:         -               753M (37%)         473M (23%)          37M (2%)             -                  -          
[178.094s][info][gc,heap     ] GC(350) Reclaimed:         -                  -               280M (14%)         716M (35%)            -                  -          
[178.094s][info][gc          ] GC(350) Garbage Collection (Allocation Rate) 888M(43%)->574M(28%)
[178.094s][info][gc,start    ] GC(351) Garbage Collection (System.gc())
[178.094s][info][gc,task     ] GC(351) Using 2 workers
[178.094s][info][gc,phases   ] GC(351) Pause Mark Start 0.009ms
[178.130s][info][gc,phases   ] GC(351) Concurrent Mark 35.666ms
[178.130s][info][gc,phases   ] GC(351) Pause Mark End 0.022ms
[178.131s][info][gc,phases   ] GC(351) Concurrent Mark Free 0.001ms
[178.143s][info][gc,phases   ] GC(351) Concurrent Process Non-Strong References 12.559ms
[178.143s][info][gc,phases   ] GC(351) Concurrent Reset Relocation Set 0.014ms
[178.145s][info][gc,phases   ] GC(351) Concurrent Select Relocation Set 1.380ms
[178.145s][info][gc,phases   ] GC(351) Pause Relocate Start 0.008ms
[178.146s][info][gc,phases   ] GC(351) Concurrent Relocate 0.875ms
[178.146s][info][gc,load     ] GC(351) Load: 0.00/0.00/0.00
[178.146s][info][gc,mmu      ] GC(351) MMU: 2ms/94.3%, 5ms/97.7%, 10ms/98.9%, 20ms/99.4%, 50ms/99.7%, 100ms/99.8%
[178.146s][info][gc,marking  ] GC(351) Mark: 2 stripe(s), 2 proactive flush(es), 1 terminate flush(es), 0 completion(s), 0 continuation(s) 
[178.146s][info][gc,marking  ] GC(351) Mark Stack Usage: 32M
[178.146s][info][gc,nmethod  ] GC(351) NMethods: 15264 registered, 2270 unregistered
[178.146s][info][gc,metaspace] GC(351) Metaspace: 100M used, 101M committed, 1152M reserved
[178.146s][info][gc,ref      ] GC(351) Soft: 4314 encountered, 0 discovered, 0 enqueued
[178.146s][info][gc,ref      ] GC(351) Weak: 7438 encountered, 519 discovered, 3 enqueued
[178.146s][info][gc,ref      ] GC(351) Final: 1 encountered, 0 discovered, 0 enqueued
[178.146s][info][gc,ref      ] GC(351) Phantom: 773 encountered, 672 discovered, 0 enqueued
[178.146s][info][gc,reloc    ] GC(351) Small Pages: 240 / 480M, Empty: 408M, Relocated: 1M, In-Place: 0
[178.146s][info][gc,reloc    ] GC(351) Medium Pages: 1 / 32M, Empty: 0M, Relocated: 0M, In-Place: 0
[178.146s][info][gc,reloc    ] GC(351) Large Pages: 7 / 62M, Empty: 0M, Relocated: 0M, In-Place: 0
[178.146s][info][gc,reloc    ] GC(351) Forwarding Usage: 0M
[178.146s][info][gc,heap     ] GC(351) Min Capacity: 2048M(100%)
[178.146s][info][gc,heap     ] GC(351) Max Capacity: 2048M(100%)
[178.146s][info][gc,heap     ] GC(351) Soft Max Capacity: 2048M(100%)
[178.146s][info][gc,heap     ] GC(351)                Mark Start          Mark End        Relocate Start      Relocate End           High               Low         
[178.146s][info][gc,heap     ] GC(351)  Capacity:     2048M (100%)       2048M (100%)       2048M (100%)       2048M (100%)       2048M (100%)       2048M (100%)   
[178.146s][info][gc,heap     ] GC(351)      Free:     1474M (72%)        1474M (72%)        1882M (92%)        1902M (93%)        1902M (93%)        1474M (72%)    
[178.146s][info][gc,heap     ] GC(351)      Used:      574M (28%)         574M (28%)         166M (8%)          146M (7%)          574M (28%)         146M (7%)     
[178.146s][info][gc,heap     ] GC(351)      Live:         -               106M (5%)          106M (5%)          106M (5%)             -                  -          
[178.146s][info][gc,heap     ] GC(351) Allocated:         -                 0M (0%)            0M (0%)            0M (0%)             -                  -          
[178.146s][info][gc,heap     ] GC(351)   Garbage:         -               467M (23%)          59M (3%)           39M (2%)             -                  -          
[178.146s][info][gc,heap     ] GC(351) Reclaimed:         -                  -               408M (20%)         428M (21%)            -                  -          
[178.146s][info][gc          ] GC(351) Garbage Collection (System.gc()) 574M(28%)->146M(7%)
[178.594s][info][gc,start    ] GC(352) Garbage Collection (Allocation Rate)
[178.595s][info][gc,task     ] GC(352) Using 1 workers
[178.595s][info][gc,phases   ] GC(352) Pause Mark Start 0.009ms
[178.698s][info][gc,phases   ] GC(352) Concurrent Mark 103.050ms
[178.698s][info][gc,phases   ] GC(352) Pause Mark End 0.015ms
[178.698s][info][gc,phases   ] GC(352) Concurrent Mark Free 0.001ms
[178.725s][info][gc,phases   ] GC(352) Concurrent Process Non-Strong References 26.655ms
[178.725s][info][gc,phases   ] GC(352) Concurrent Reset Relocation Set 0.002ms
[178.727s][info][gc,phases   ] GC(352) Concurrent Select Relocation Set 2.249ms
[178.727s][info][gc,phases   ] GC(352) Pause Relocate Start 0.016ms
[178.733s][info][gc,phases   ] GC(352) Concurrent Relocate 6.155ms
[178.734s][info][gc,load     ] GC(352) Load: 0.00/0.00/0.00
[178.734s][info][gc,mmu      ] GC(352) MMU: 2ms/94.3%, 5ms/97.7%, 10ms/98.9%, 20ms/99.4%, 50ms/99.7%, 100ms/99.8%
[178.734s][info][gc,marking  ] GC(352) Mark: 1 stripe(s), 2 proactive flush(es), 1 terminate flush(es), 0 completion(s), 0 continuation(s) 
[178.734s][info][gc,marking  ] GC(352) Mark Stack Usage: 32M
[178.734s][info][gc,nmethod  ] GC(352) NMethods: 15270 registered, 2270 unregistered
[178.734s][info][gc,metaspace] GC(352) Metaspace: 100M used, 101M committed, 1152M reserved
[178.734s][info][gc,ref      ] GC(352) Soft: 4314 encountered, 0 discovered, 0 enqueued
[178.734s][info][gc,ref      ] GC(352) Weak: 7445 encountered, 6251 discovered, 0 enqueued
[178.734s][info][gc,ref      ] GC(352) Final: 1 encountered, 1 discovered, 0 enqueued
[178.734s][info][gc,ref      ] GC(352) Phantom: 773 encountered, 395 discovered, 0 enqueued
[178.734s][info][gc,reloc    ] GC(352) Small Pages: 412 / 824M, Empty: 610M, Relocated: 2M, In-Place: 0
[178.734s][info][gc,reloc    ] GC(352) Medium Pages: 2 / 64M, Empty: 0M, Relocated: 2M, In-Place: 0
[178.734s][info][gc,reloc    ] GC(352) Large Pages: 7 / 62M, Empty: 0M, Relocated: 0M, In-Place: 0
[178.734s][info][gc,reloc    ] GC(352) Forwarding Usage: 1M
[178.734s][info][gc,heap     ] GC(352) Min Capacity: 2048M(100%)
[178.734s][info][gc,heap     ] GC(352) Max Capacity: 2048M(100%)
[178.734s][info][gc,heap     ] GC(352) Soft Max Capacity: 2048M(100%)
[178.734s][info][gc,heap     ] GC(352)                Mark Start          Mark End        Relocate Start      Relocate End           High               Low         
[178.734s][info][gc,heap     ] GC(352)  Capacity:     2048M (100%)       2048M (100%)       2048M (100%)       2048M (100%)       2048M (100%)       2048M (100%)   
[178.734s][info][gc,heap     ] GC(352)      Free:     1098M (54%)         894M (44%)        1442M (70%)        1622M (79%)        1624M (79%)         836M (41%)    
[178.734s][info][gc,heap     ] GC(352)      Used:      950M (46%)        1154M (56%)         606M (30%)         426M (21%)        1212M (59%)         424M (21%)    
[178.734s][info][gc,heap     ] GC(352)      Live:         -               109M (5%)          109M (5%)          109M (5%)             -                  -          
[178.734s][info][gc,heap     ] GC(352) Allocated:         -               204M (10%)         266M (13%)         277M (14%)            -                  -          
[178.734s][info][gc,heap     ] GC(352)   Garbage:         -               840M (41%)         230M (11%)          38M (2%)             -                  -          
[178.734s][info][gc,heap     ] GC(352) Reclaimed:         -                  -               610M (30%)         801M (39%)            -                  -          
[178.734s][info][gc          ] GC(352) Garbage Collection (Allocation Rate) 950M(46%)->426M(21%)
[179.101s][info][gc,start    ] GC(353) Garbage Collection (Allocation Rate)
[179.101s][info][gc,task     ] GC(353) Using 1 workers
[179.101s][info][gc,phases   ] GC(353) Pause Mark Start 0.008ms
[179.257s][info][gc,phases   ] GC(353) Concurrent Mark 155.655ms
[179.257s][info][gc,phases   ] GC(353) Pause Mark End 0.016ms
[179.257s][info][gc,phases   ] GC(353) Concurrent Mark Free 0.001ms
[179.285s][info][gc,phases   ] GC(353) Concurrent Process Non-Strong References 27.178ms
[179.285s][info][gc,phases   ] GC(353) Concurrent Reset Relocation Set 0.008ms
[179.290s][info][gc,phases   ] GC(353) Concurrent Select Relocation Set 5.560ms
[179.291s][info][gc,phases   ] GC(353) Pause Relocate Start 0.014ms
[179.327s][info][gc,phases   ] GC(353) Concurrent Relocate 35.908ms
[179.327s][info][gc,load     ] GC(353) Load: 0.00/0.00/0.00
[179.327s][info][gc,mmu      ] GC(353) MMU: 2ms/94.3%, 5ms/97.7%, 10ms/98.9%, 20ms/99.4%, 50ms/99.7%, 100ms/99.8%
[179.327s][info][gc,marking  ] GC(353) Mark: 1 stripe(s), 2 proactive flush(es), 1 terminate flush(es), 0 completion(s), 0 continuation(s) 
[179.327s][info][gc,marking  ] GC(353) Mark Stack Usage: 32M
[179.327s][info][gc,nmethod  ] GC(353) NMethods: 15272 registered, 2270 unregistered
[179.327s][info][gc,metaspace] GC(353) Metaspace: 100M used, 101M committed, 1152M reserved
[179.327s][info][gc,ref      ] GC(353) Soft: 4314 encountered, 0 discovered, 0 enqueued
[179.327s][info][gc,ref      ] GC(353) Weak: 7445 encountered, 6248 discovered, 2 enqueued
[179.327s][info][gc,ref      ] GC(353) Final: 1 encountered, 1 discovered, 0 enqueued
[179.327s][info][gc,ref      ] GC(353) Phantom: 773 encountered, 395 discovered, 0 enqueued
[179.327s][info][gc,reloc    ] GC(353) Small Pages: 561 / 1122M, Empty: 400M, Relocated: 23M, In-Place: 0
[179.327s][info][gc,reloc    ] GC(353) Medium Pages: 2 / 64M, Empty: 0M, Relocated: 3M, In-Place: 0
[179.327s][info][gc,reloc    ] GC(353) Large Pages: 7 / 62M, Empty: 0M, Relocated: 0M, In-Place: 0
[179.327s][info][gc,reloc    ] GC(353) Forwarding Usage: 14M
[179.327s][info][gc,heap     ] GC(353) Min Capacity: 2048M(100%)
[179.327s][info][gc,heap     ] GC(353) Max Capacity: 2048M(100%)
[179.327s][info][gc,heap     ] GC(353) Soft Max Capacity: 2048M(100%)
[179.327s][info][gc,heap     ] GC(353)                Mark Start          Mark End        Relocate Start      Relocate End           High               Low         
[179.327s][info][gc,heap     ] GC(353)  Capacity:     2048M (100%)       2048M (100%)       2048M (100%)       2048M (100%)       2048M (100%)       2048M (100%)   
[179.327s][info][gc,heap     ] GC(353)      Free:      800M (39%)         414M (20%)         736M (36%)        1334M (65%)        1336M (65%)         350M (17%)    
[179.327s][info][gc,heap     ] GC(353)      Used:     1248M (61%)        1634M (80%)        1312M (64%)         714M (35%)        1698M (83%)         712M (35%)    
[179.327s][info][gc,heap     ] GC(353)      Live:         -               131M (6%)          131M (6%)          131M (6%)             -                  -          
[179.327s][info][gc,heap     ] GC(353) Allocated:         -               386M (19%)         464M (23%)         543M (27%)            -                  -          
[179.327s][info][gc,heap     ] GC(353)   Garbage:         -              1116M (55%)         716M (35%)          39M (2%)             -                  -          
[179.327s][info][gc,heap     ] GC(353) Reclaimed:         -                  -               400M (20%)        1077M (53%)            -                  -          
[179.327s][info][gc          ] GC(353) Garbage Collection (Allocation Rate) 1248M(61%)->714M(35%)
[179.498s][info][gc,start    ] GC(354) Garbage Collection (Allocation Rate)
[179.498s][info][gc,task     ] GC(354) Using 2 workers
[179.498s][info][gc,phases   ] GC(354) Pause Mark Start 0.009ms
[179.593s][info][gc,phases   ] GC(354) Concurrent Mark 94.797ms
[179.593s][info][gc,phases   ] GC(354) Pause Mark End 0.010ms
[179.593s][info][gc,phases   ] GC(354) Concurrent Mark Free 0.001ms
[179.608s][info][gc,phases   ] GC(354) Concurrent Process Non-Strong References 14.268ms
[179.608s][info][gc,phases   ] GC(354) Concurrent Reset Relocation Set 0.025ms
[179.611s][info][gc,phases   ] GC(354) Concurrent Select Relocation Set 2.974ms
[179.611s][info][gc,phases   ] GC(354) Pause Relocate Start 0.010ms
[179.616s][info][gc,phases   ] GC(354) Concurrent Relocate 5.209ms
[179.616s][info][gc,load     ] GC(354) Load: 0.00/0.00/0.00
[179.616s][info][gc,mmu      ] GC(354) MMU: 2ms/94.3%, 5ms/97.7%, 10ms/98.9%, 20ms/99.4%, 50ms/99.7%, 100ms/99.8%
[179.616s][info][gc,marking  ] GC(354) Mark: 2 stripe(s), 2 proactive flush(es), 1 terminate flush(es), 0 completion(s), 0 continuation(s) 
[179.616s][info][gc,marking  ] GC(354) Mark Stack Usage: 32M
[179.616s][info][gc,nmethod  ] GC(354) NMethods: 15272 registered, 2270 unregistered
[179.616s][info][gc,metaspace] GC(354) Metaspace: 100M used, 101M committed, 1152M reserved
[179.616s][info][gc,ref      ] GC(354) Soft: 4314 encountered, 0 discovered, 0 enqueued
[179.616s][info][gc,ref      ] GC(354) Weak: 7443 encountered, 6238 discovered, 1 enqueued
[179.616s][info][gc,ref      ] GC(354) Final: 1 encountered, 1 discovered, 0 enqueued
[179.616s][info][gc,ref      ] GC(354) Phantom: 773 encountered, 561 discovered, 0 enqueued
[179.616s][info][gc,reloc    ] GC(354) Small Pages: 506 / 1012M, Empty: 352M, Relocated: 4M, In-Place: 0
[179.616s][info][gc,reloc    ] GC(354) Medium Pages: 2 / 64M, Empty: 0M, Relocated: 3M, In-Place: 0
[179.616s][info][gc,reloc    ] GC(354) Large Pages: 7 / 62M, Empty: 0M, Relocated: 0M, In-Place: 0
[179.616s][info][gc,reloc    ] GC(354) Forwarding Usage: 2M
[179.616s][info][gc,heap     ] GC(354) Min Capacity: 2048M(100%)
[179.616s][info][gc,heap     ] GC(354) Max Capacity: 2048M(100%)
[179.616s][info][gc,heap     ] GC(354) Soft Max Capacity: 2048M(100%)
[179.616s][info][gc,heap     ] GC(354)                Mark Start          Mark End        Relocate Start      Relocate End           High               Low         
[179.616s][info][gc,heap     ] GC(354)  Capacity:     2048M (100%)       2048M (100%)       2048M (100%)       2048M (100%)       2048M (100%)       2048M (100%)   
[179.616s][info][gc,heap     ] GC(354)      Free:      910M (44%)         674M (33%)         982M (48%)        1552M (76%)        1552M (76%)         638M (31%)    
[179.616s][info][gc,heap     ] GC(354)      Used:     1138M (56%)        1374M (67%)        1066M (52%)         496M (24%)        1410M (69%)         496M (24%)    
[179.616s][info][gc,heap     ] GC(354)      Live:         -               134M (7%)          134M (7%)          134M (7%)             -                  -          
[179.616s][info][gc,heap     ] GC(354) Allocated:         -               236M (12%)         280M (14%)         321M (16%)            -                  -          
[179.616s][info][gc,heap     ] GC(354)   Garbage:         -              1003M (49%)         651M (32%)          39M (2%)             -                  -          
[179.616s][info][gc,heap     ] GC(354) Reclaimed:         -                  -               352M (17%)         963M (47%)            -                  -          
[179.616s][info][gc          ] GC(354) Garbage Collection (Allocation Rate) 1138M(56%)->496M(24%)
[179.682s][info][gc,start    ] GC(355) Garbage Collection (System.gc())
[179.682s][info][gc,task     ] GC(355) Using 2 workers
[179.682s][info][gc,phases   ] GC(355) Pause Mark Start 0.008ms
[179.720s][info][gc,phases   ] GC(355) Concurrent Mark 38.328ms
[179.720s][info][gc,phases   ] GC(355) Pause Mark End 0.022ms
[179.721s][info][gc,phases   ] GC(355) Concurrent Mark Free 0.001ms
[179.733s][info][gc,phases   ] GC(355) Concurrent Process Non-Strong References 12.554ms
[179.733s][info][gc,phases   ] GC(355) Concurrent Reset Relocation Set 0.019ms
[179.735s][info][gc,phases   ] GC(355) Concurrent Select Relocation Set 1.826ms
[179.735s][info][gc,phases   ] GC(355) Pause Relocate Start 0.010ms
[179.737s][info][gc,phases   ] GC(355) Concurrent Relocate 1.563ms
[179.737s][info][gc,load     ] GC(355) Load: 0.00/0.00/0.00
[179.737s][info][gc,mmu      ] GC(355) MMU: 2ms/94.3%, 5ms/97.7%, 10ms/98.9%, 20ms/99.4%, 50ms/99.7%, 100ms/99.8%
[179.737s][info][gc,marking  ] GC(355) Mark: 2 stripe(s), 2 proactive flush(es), 1 terminate flush(es), 0 completion(s), 0 continuation(s) 
[179.737s][info][gc,marking  ] GC(355) Mark Stack Usage: 32M
[179.737s][info][gc,nmethod  ] GC(355) NMethods: 15272 registered, 2270 unregistered
[179.737s][info][gc,metaspace] GC(355) Metaspace: 100M used, 101M committed, 1152M reserved
[179.737s][info][gc,ref      ] GC(355) Soft: 4314 encountered, 0 discovered, 0 enqueued
[179.737s][info][gc,ref      ] GC(355) Weak: 7439 encountered, 576 discovered, 4 enqueued
[179.737s][info][gc,ref      ] GC(355) Final: 1 encountered, 0 discovered, 0 enqueued
[179.737s][info][gc,ref      ] GC(355) Phantom: 773 encountered, 593 discovered, 0 enqueued
[179.737s][info][gc,reloc    ] GC(355) Small Pages: 253 / 506M, Empty: 432M, Relocated: 1M, In-Place: 0
[179.737s][info][gc,reloc    ] GC(355) Medium Pages: 2 / 64M, Empty: 32M, Relocated: 0M, In-Place: 0
[179.737s][info][gc,reloc    ] GC(355) Large Pages: 7 / 62M, Empty: 0M, Relocated: 0M, In-Place: 0
[179.737s][info][gc,reloc    ] GC(355) Forwarding Usage: 0M
[179.737s][info][gc,heap     ] GC(355) Min Capacity: 2048M(100%)
[179.737s][info][gc,heap     ] GC(355) Max Capacity: 2048M(100%)
[179.737s][info][gc,heap     ] GC(355) Soft Max Capacity: 2048M(100%)
[179.737s][info][gc,heap     ] GC(355)                Mark Start          Mark End        Relocate Start      Relocate End           High               Low         
[179.737s][info][gc,heap     ] GC(355)  Capacity:     2048M (100%)       2048M (100%)       2048M (100%)       2048M (100%)       2048M (100%)       2048M (100%)   
[179.737s][info][gc,heap     ] GC(355)      Free:     1416M (69%)        1414M (69%)        1878M (92%)        1900M (93%)        1900M (93%)        1414M (69%)    
[179.737s][info][gc,heap     ] GC(355)      Used:      632M (31%)         634M (31%)         170M (8%)          148M (7%)          634M (31%)         148M (7%)     
[179.737s][info][gc,heap     ] GC(355)      Live:         -               106M (5%)          106M (5%)          106M (5%)             -                  -          
[179.737s][info][gc,heap     ] GC(355) Allocated:         -                 2M (0%)            2M (0%)            2M (0%)             -                  -          
[179.737s][info][gc,heap     ] GC(355)   Garbage:         -               525M (26%)          61M (3%)           39M (2%)             -                  -          
[179.737s][info][gc,heap     ] GC(355) Reclaimed:         -                  -               464M (23%)         486M (24%)            -                  -          
[179.737s][info][gc          ] GC(355) Garbage Collection (System.gc()) 632M(31%)->148M(7%)
[180.099s][info][gc,stats    ] === Garbage Collection Statistics =======================================================================================================================
[180.099s][info][gc,stats    ]                                                              Last 10s              Last 10m              Last 10h                Total
[180.099s][info][gc,stats    ]                                                              Avg / Max             Avg / Max             Avg / Max             Avg / Max
[180.099s][info][gc,stats    ]   Collector: Garbage Collection Cycle                    139.997 / 240.430     182.566 / 1215.582    182.566 / 1215.582    182.566 / 1215.582    ms
[180.099s][info][gc,stats    ]  Contention: Mark Segment Reset Contention                     0 / 2                 3 / 496               3 / 496               3 / 496         ops/s
[180.099s][info][gc,stats    ]  Contention: Mark SeqNum Reset Contention                      0 / 0                 0 / 4                 0 / 4                 0 / 4           ops/s
[180.099s][info][gc,stats    ]    Critical: Allocation Stall                                  0 / 0                 0 / 6                 0 / 6                 0 / 6           ops/s
[180.099s][info][gc,stats    ]    Critical: Allocation Stall                              0.000 / 0.000       513.228 / 1001.934    513.228 / 1001.934    513.228 / 1001.934    ms
[180.099s][info][gc,stats    ]    Critical: GC Locker Stall                                   0 / 0                 0 / 1                 0 / 1                 0 / 1           ops/s
[180.099s][info][gc,stats    ]    Critical: GC Locker Stall                               0.000 / 0.000         0.000 / 0.000         0.000 / 0.000         0.000 / 0.000       ms
[180.099s][info][gc,stats    ]    Critical: Relocation Stall                                  0 / 0                 0 / 1                 0 / 1                 0 / 1           ops/s
[180.099s][info][gc,stats    ]    Critical: Relocation Stall                              0.000 / 0.000         7.319 / 11.251        7.319 / 11.251        7.319 / 11.251      ms
[180.099s][info][gc,stats    ]      Memory: Allocation Rate                                2057 / 2300           1613 / 2422           1613 / 2422           1613 / 2422        MB/s
[180.099s][info][gc,stats    ]      Memory: Out Of Memory                                     0 / 0                 0 / 0                 0 / 0                 0 / 0           ops/s
[180.099s][info][gc,stats    ]      Memory: Page Cache Flush                                  0 / 0                 6 / 172               6 / 172               6 / 172         MB/s
[180.099s][info][gc,stats    ]      Memory: Page Cache Hit L1                              1007 / 1138            788 / 1197            788 / 1197            788 / 1197        ops/s
[180.099s][info][gc,stats    ]      Memory: Page Cache Hit L2                                 0 / 0                 0 / 0                 0 / 0                 0 / 0           ops/s
[180.099s][info][gc,stats    ]      Memory: Page Cache Hit L3                                 0 / 0                 6 / 289               6 / 289               6 / 289         ops/s
[180.099s][info][gc,stats    ]      Memory: Page Cache Miss                                   0 / 0                 0 / 11                0 / 11                0 / 11          ops/s
[180.099s][info][gc,stats    ]      Memory: Uncommit                                          0 / 0                 0 / 0                 0 / 0                 0 / 0           MB/s
[180.099s][info][gc,stats    ]      Memory: Undo Object Allocation Failed                     0 / 0                 0 / 3                 0 / 3                 0 / 3           ops/s
[180.099s][info][gc,stats    ]      Memory: Undo Object Allocation Succeeded                  0 / 3                 5 / 520               5 / 520               5 / 520         ops/s
[180.099s][info][gc,stats    ]      Memory: Undo Page Allocation                              0 / 1                 0 / 3                 0 / 3                 0 / 3           ops/s
[180.099s][info][gc,stats    ]       Phase: Concurrent Mark                             101.526 / 168.803     141.850 / 1158.372    141.850 / 1158.372    141.850 / 1158.372    ms
[180.099s][info][gc,stats    ]       Phase: Concurrent Mark Continue                      0.000 / 0.000         0.000 / 0.000         0.000 / 0.000         0.000 / 0.000       ms
[180.099s][info][gc,stats    ]       Phase: Concurrent Mark Free                          0.001 / 0.003         0.013 / 4.217         0.013 / 4.217         0.013 / 4.217       ms
[180.099s][info][gc,stats    ]       Phase: Concurrent Process Non-Strong References     19.974 / 27.184       18.356 / 31.183       18.356 / 31.183       18.356 / 31.183      ms
[180.099s][info][gc,stats    ]       Phase: Concurrent Relocate                          11.516 / 41.730       17.100 / 247.779      17.100 / 247.779      17.100 / 247.779     ms
[180.099s][info][gc,stats    ]       Phase: Concurrent Reset Relocation Set               0.014 / 0.037         0.015 / 0.061         0.015 / 0.061         0.015 / 0.061       ms
[180.099s][info][gc,stats    ]       Phase: Concurrent Select Relocation Set              2.969 / 6.146         4.035 / 40.244        4.035 / 40.244        4.035 / 40.244      ms
[180.099s][info][gc,stats    ]       Phase: Pause Mark End                                0.015 / 0.024         0.017 / 0.113         0.017 / 0.113         0.017 / 0.113       ms
[180.099s][info][gc,stats    ]       Phase: Pause Mark Start                              0.009 / 0.013         0.009 / 0.030         0.009 / 0.030         0.009 / 0.030       ms
[180.099s][info][gc,stats    ]       Phase: Pause Relocate Start                          0.011 / 0.016         0.011 / 0.025         0.011 / 0.025         0.011 / 0.025       ms
[180.099s][info][gc,stats    ]    Subphase: Concurrent Classes Purge                      0.723 / 1.105         0.649 / 1.129         0.649 / 1.129         0.649 / 1.129       ms
[180.099s][info][gc,stats    ]    Subphase: Concurrent Classes Unlink                    17.713 / 24.435       16.151 / 28.085       16.151 / 28.085       16.151 / 28.085      ms
[180.099s][info][gc,stats    ]    Subphase: Concurrent Mark                              82.811 / 167.581     147.382 / 1155.457    147.382 / 1155.457    147.382 / 1155.457    ms
[180.099s][info][gc,stats    ]    Subphase: Concurrent Mark Try Flush                     0.103 / 0.391         0.101 / 0.574         0.101 / 0.574         0.101 / 0.574       ms
[180.099s][info][gc,stats    ]    Subphase: Concurrent Mark Try Terminate                 1.580 / 16.376        2.107 / 16.943        2.107 / 16.943        2.107 / 16.943      ms
[180.099s][info][gc,stats    ]    Subphase: Concurrent References Enqueue                 0.005 / 0.009         0.005 / 0.009         0.005 / 0.009         0.005 / 0.009       ms
[180.099s][info][gc,stats    ]    Subphase: Concurrent References Process                 0.625 / 1.035         0.605 / 1.172         0.605 / 1.172         0.605 / 1.172       ms
[180.099s][info][gc,stats    ]    Subphase: Concurrent Roots ClassLoaderDataGraph         0.160 / 0.342         0.151 / 0.429         0.151 / 0.429         0.151 / 0.429       ms
[180.099s][info][gc,stats    ]    Subphase: Concurrent Roots CodeCache                    0.000 / 0.000         0.000 / 0.000         0.000 / 0.000         0.000 / 0.000       ms
[180.099s][info][gc,stats    ]    Subphase: Concurrent Roots JavaThreads                  0.862 / 1.744         1.135 / 2.895         1.135 / 2.895         1.135 / 2.895       ms
[180.099s][info][gc,stats    ]    Subphase: Concurrent Roots OopStorageSet                0.039 / 0.069         0.038 / 0.157         0.038 / 0.157         0.038 / 0.157       ms
[180.099s][info][gc,stats    ]    Subphase: Concurrent Weak Roots OopStorageSet           0.681 / 0.906         0.718 / 1.424         0.718 / 1.424         0.718 / 1.424       ms
[180.099s][info][gc,stats    ]    Subphase: Pause Mark Try Complete                       0.000 / 0.000         0.000 / 0.000         0.000 / 0.000         0.000 / 0.000       ms
[180.099s][info][gc,stats    ]      System: Java Threads                                     29 / 31               35 / 48               35 / 48               35 / 48          threads
[180.099s][info][gc,stats    ] =========================================================================================================================================================
[180.398s][info][gc,start    ] GC(356) Garbage Collection (Allocation Rate)
[180.398s][info][gc,task     ] GC(356) Using 2 workers
[180.398s][info][gc,phases   ] GC(356) Pause Mark Start 0.009ms
[180.461s][info][gc,phases   ] GC(356) Concurrent Mark 62.530ms
[180.461s][info][gc,phases   ] GC(356) Pause Mark End 0.017ms
[180.461s][info][gc,phases   ] GC(356) Concurrent Mark Free 0.001ms
[180.476s][info][gc,phases   ] GC(356) Concurrent Process Non-Strong References 14.374ms
[180.476s][info][gc,phases   ] GC(356) Concurrent Reset Relocation Set 0.002ms
[180.479s][info][gc,phases   ] GC(356) Concurrent Select Relocation Set 2.768ms
[180.479s][info][gc,phases   ] GC(356) Pause Relocate Start 0.007ms
[180.482s][info][gc,phases   ] GC(356) Concurrent Relocate 3.466ms
[180.482s][info][gc,load     ] GC(356) Load: 0.00/0.00/0.00
[180.482s][info][gc,mmu      ] GC(356) MMU: 2ms/94.3%, 5ms/97.7%, 10ms/98.9%, 20ms/99.4%, 50ms/99.7%, 100ms/99.8%
[180.482s][info][gc,marking  ] GC(356) Mark: 2 stripe(s), 2 proactive flush(es), 1 terminate flush(es), 0 completion(s), 0 continuation(s) 
[180.482s][info][gc,marking  ] GC(356) Mark Stack Usage: 32M
[180.482s][info][gc,nmethod  ] GC(356) NMethods: 15272 registered, 2270 unregistered
[180.482s][info][gc,metaspace] GC(356) Metaspace: 100M used, 101M committed, 1152M reserved
[180.482s][info][gc,ref      ] GC(356) Soft: 4314 encountered, 0 discovered, 0 enqueued
[180.483s][info][gc,ref      ] GC(356) Weak: 7445 encountered, 5998 discovered, 1 enqueued
[180.483s][info][gc,ref      ] GC(356) Final: 1 encountered, 1 discovered, 0 enqueued
[180.483s][info][gc,ref      ] GC(356) Phantom: 773 encountered, 559 discovered, 0 enqueued
[180.483s][info][gc,reloc    ] GC(356) Small Pages: 627 / 1254M, Empty: 828M, Relocated: 2M, In-Place: 0
[180.483s][info][gc,reloc    ] GC(356) Medium Pages: 2 / 64M, Empty: 32M, Relocated: 0M, In-Place: 0
[180.483s][info][gc,reloc    ] GC(356) Large Pages: 7 / 62M, Empty: 0M, Relocated: 0M, In-Place: 0
[180.483s][info][gc,reloc    ] GC(356) Forwarding Usage: 1M
[180.483s][info][gc,heap     ] GC(356) Min Capacity: 2048M(100%)
[180.483s][info][gc,heap     ] GC(356) Max Capacity: 2048M(100%)
[180.483s][info][gc,heap     ] GC(356) Soft Max Capacity: 2048M(100%)
[180.483s][info][gc,heap     ] GC(356)                Mark Start          Mark End        Relocate Start      Relocate End           High               Low         
[180.483s][info][gc,heap     ] GC(356)  Capacity:     2048M (100%)       2048M (100%)       2048M (100%)       2048M (100%)       2048M (100%)       2048M (100%)   
[180.483s][info][gc,heap     ] GC(356)      Free:      668M (33%)         506M (25%)        1326M (65%)        1692M (83%)        1694M (83%)         472M (23%)    
[180.483s][info][gc,heap     ] GC(356)      Used:     1380M (67%)        1542M (75%)         722M (35%)         356M (17%)        1576M (77%)         354M (17%)    
[180.483s][info][gc,heap     ] GC(356)      Live:         -               107M (5%)          107M (5%)          107M (5%)             -                  -          
[180.483s][info][gc,heap     ] GC(356) Allocated:         -               162M (8%)          202M (10%)         207M (10%)            -                  -          
[180.483s][info][gc,heap     ] GC(356)   Garbage:         -              1272M (62%)         412M (20%)          40M (2%)             -                  -          
[180.483s][info][gc,heap     ] GC(356) Reclaimed:         -                  -               860M (42%)        1231M (60%)            -                  -          
[180.483s][info][gc          ] GC(356) Garbage Collection (Allocation Rate) 1380M(67%)->356M(17%)
[181.003s][info][gc,start    ] GC(357) Garbage Collection (Allocation Rate)
[181.003s][info][gc,task     ] GC(357) Using 2 workers
[181.003s][info][gc,phases   ] GC(357) Pause Mark Start 0.011ms
[181.097s][info][gc,phases   ] GC(357) Concurrent Mark 93.696ms
[181.097s][info][gc,phases   ] GC(357) Pause Mark End 0.013ms
[181.097s][info][gc,phases   ] GC(357) Concurrent Mark Free 0.001ms
[181.112s][info][gc,phases   ] GC(357) Concurrent Process Non-Strong References 14.488ms
[181.112s][info][gc,phases   ] GC(357) Concurrent Reset Relocation Set 0.012ms
[181.118s][info][gc,phases   ] GC(357) Concurrent Select Relocation Set 6.290ms
[181.118s][info][gc,phases   ] GC(357) Pause Relocate Start 0.029ms
[181.144s][info][gc,phases   ] GC(357) Concurrent Relocate 25.856ms
[181.144s][info][gc,load     ] GC(357) Load: 0.00/0.00/0.00
[181.144s][info][gc,mmu      ] GC(357) MMU: 2ms/94.3%, 5ms/97.7%, 10ms/98.9%, 20ms/99.4%, 50ms/99.7%, 100ms/99.8%
[181.144s][info][gc,marking  ] GC(357) Mark: 2 stripe(s), 2 proactive flush(es), 1 terminate flush(es), 0 completion(s), 0 continuation(s) 
[181.144s][info][gc,marking  ] GC(357) Mark Stack Usage: 32M
[181.145s][info][gc,nmethod  ] GC(357) NMethods: 15272 registered, 2270 unregistered
[181.145s][info][gc,metaspace] GC(357) Metaspace: 100M used, 101M committed, 1152M reserved
[181.145s][info][gc,ref      ] GC(357) Soft: 4314 encountered, 0 discovered, 0 enqueued
[181.145s][info][gc,ref      ] GC(357) Weak: 7445 encountered, 6324 discovered, 6 enqueued
[181.145s][info][gc,ref      ] GC(357) Final: 1 encountered, 1 discovered, 0 enqueued
[181.145s][info][gc,ref      ] GC(357) Phantom: 773 encountered, 674 discovered, 0 enqueued
[181.145s][info][gc,reloc    ] GC(357) Small Pages: 730 / 1460M, Empty: 306M, Relocated: 25M, In-Place: 0
[181.145s][info][gc,reloc    ] GC(357) Medium Pages: 2 / 64M, Empty: 0M, Relocated: 3M, In-Place: 0
[181.145s][info][gc,reloc    ] GC(357) Large Pages: 7 / 62M, Empty: 0M, Relocated: 0M, In-Place: 0
[181.145s][info][gc,reloc    ] GC(357) Forwarding Usage: 15M
[181.145s][info][gc,heap     ] GC(357) Min Capacity: 2048M(100%)
[181.145s][info][gc,heap     ] GC(357) Max Capacity: 2048M(100%)
[181.145s][info][gc,heap     ] GC(357) Soft Max Capacity: 2048M(100%)
[181.145s][info][gc,heap     ] GC(357)                Mark Start          Mark End        Relocate Start      Relocate End           High               Low         
[181.145s][info][gc,heap     ] GC(357)  Capacity:     2048M (100%)       2048M (100%)       2048M (100%)       2048M (100%)       2048M (100%)       2048M (100%)   
[181.145s][info][gc,heap     ] GC(357)      Free:      462M (23%)         232M (11%)         488M (24%)        1512M (74%)        1516M (74%)         198M (10%)    
[181.145s][info][gc,heap     ] GC(357)      Used:     1586M (77%)        1816M (89%)        1560M (76%)         536M (26%)        1850M (90%)         532M (26%)    
[181.145s][info][gc,heap     ] GC(357)      Live:         -               134M (7%)          134M (7%)          134M (7%)             -                  -          
[181.145s][info][gc,heap     ] GC(357) Allocated:         -               230M (11%)         280M (14%)         362M (18%)            -                  -          
[181.145s][info][gc,heap     ] GC(357)   Garbage:         -              1451M (71%)        1145M (56%)          38M (2%)             -                  -          
[181.145s][info][gc,heap     ] GC(357) Reclaimed:         -                  -               306M (15%)        1412M (69%)            -                  -          
[181.145s][info][gc          ] GC(357) Garbage Collection (Allocation Rate) 1586M(77%)->536M(26%)
[181.270s][info][gc,start    ] GC(358) Garbage Collection (System.gc())
[181.270s][info][gc,task     ] GC(358) Using 2 workers
[181.270s][info][gc,phases   ] GC(358) Pause Mark Start 0.007ms
[181.303s][info][gc,phases   ] GC(358) Concurrent Mark 33.153ms
[181.303s][info][gc,phases   ] GC(358) Pause Mark End 0.022ms
[181.304s][info][gc,phases   ] GC(358) Concurrent Mark Free 0.001ms
[181.317s][info][gc,phases   ] GC(358) Concurrent Process Non-Strong References 13.372ms
[181.317s][info][gc,phases   ] GC(358) Concurrent Reset Relocation Set 0.047ms
[181.320s][info][gc,phases   ] GC(358) Concurrent Select Relocation Set 2.753ms
[181.320s][info][gc,phases   ] GC(358) Pause Relocate Start 0.010ms
[181.322s][info][gc,phases   ] GC(358) Concurrent Relocate 1.374ms
[181.322s][info][gc,load     ] GC(358) Load: 0.00/0.00/0.00
[181.322s][info][gc,mmu      ] GC(358) MMU: 2ms/94.3%, 5ms/97.7%, 10ms/98.9%, 20ms/99.4%, 50ms/99.7%, 100ms/99.8%
[181.322s][info][gc,marking  ] GC(358) Mark: 2 stripe(s), 2 proactive flush(es), 1 terminate flush(es), 0 completion(s), 0 continuation(s) 
[181.322s][info][gc,marking  ] GC(358) Mark Stack Usage: 32M
[181.322s][info][gc,nmethod  ] GC(358) NMethods: 15272 registered, 2270 unregistered
[181.322s][info][gc,metaspace] GC(358) Metaspace: 100M used, 101M committed, 1152M reserved
[181.322s][info][gc,ref      ] GC(358) Soft: 4314 encountered, 0 discovered, 0 enqueued
[181.322s][info][gc,ref      ] GC(358) Weak: 7438 encountered, 6549 discovered, 3 enqueued
[181.322s][info][gc,ref      ] GC(358) Final: 1 encountered, 0 discovered, 0 enqueued
[181.322s][info][gc,ref      ] GC(358) Phantom: 773 encountered, 482 discovered, 0 enqueued
[181.322s][info][gc,reloc    ] GC(358) Small Pages: 331 / 662M, Empty: 584M, Relocated: 1M, In-Place: 0
[181.322s][info][gc,reloc    ] GC(358) Medium Pages: 2 / 64M, Empty: 32M, Relocated: 0M, In-Place: 0
[181.322s][info][gc,reloc    ] GC(358) Large Pages: 7 / 62M, Empty: 0M, Relocated: 0M, In-Place: 0
[181.322s][info][gc,reloc    ] GC(358) Forwarding Usage: 0M
[181.322s][info][gc,heap     ] GC(358) Min Capacity: 2048M(100%)
[181.322s][info][gc,heap     ] GC(358) Max Capacity: 2048M(100%)
[181.322s][info][gc,heap     ] GC(358) Soft Max Capacity: 2048M(100%)
[181.322s][info][gc,heap     ] GC(358)                Mark Start          Mark End        Relocate Start      Relocate End           High               Low         
[181.322s][info][gc,heap     ] GC(358)  Capacity:     2048M (100%)       2048M (100%)       2048M (100%)       2048M (100%)       2048M (100%)       2048M (100%)   
[181.322s][info][gc,heap     ] GC(358)      Free:     1260M (62%)        1260M (62%)        1876M (92%)        1902M (93%)        1902M (93%)        1260M (62%)    
[181.322s][info][gc,heap     ] GC(358)      Used:      788M (38%)         788M (38%)         172M (8%)          146M (7%)          788M (38%)         146M (7%)     
[181.322s][info][gc,heap     ] GC(358)      Live:         -               106M (5%)          106M (5%)          106M (5%)             -                  -          
[181.322s][info][gc,heap     ] GC(358) Allocated:         -                 0M (0%)            0M (0%)            0M (0%)             -                  -          
[181.322s][info][gc,heap     ] GC(358)   Garbage:         -               681M (33%)          65M (3%)           39M (2%)             -                  -          
[181.322s][info][gc,heap     ] GC(358) Reclaimed:         -                  -               616M (30%)         642M (31%)            -                  -          
[181.322s][info][gc          ] GC(358) Garbage Collection (System.gc()) 788M(38%)->146M(7%)
[182.008s][info][gc,start    ] GC(359) Garbage Collection (Allocation Rate)
[182.009s][info][gc,task     ] GC(359) Using 2 workers
[182.009s][info][gc,phases   ] GC(359) Pause Mark Start 0.016ms
[182.056s][info][gc,phases   ] GC(359) Concurrent Mark 47.199ms
[182.056s][info][gc,phases   ] GC(359) Pause Mark End 0.017ms
[182.056s][info][gc,phases   ] GC(359) Concurrent Mark Free 0.001ms
[182.070s][info][gc,phases   ] GC(359) Concurrent Process Non-Strong References 13.940ms
[182.070s][info][gc,phases   ] GC(359) Concurrent Reset Relocation Set 0.002ms
[182.073s][info][gc,phases   ] GC(359) Concurrent Select Relocation Set 2.769ms
[182.073s][info][gc,phases   ] GC(359) Pause Relocate Start 0.017ms
[182.077s][info][gc,phases   ] GC(359) Concurrent Relocate 3.268ms
[182.077s][info][gc,load     ] GC(359) Load: 0.00/0.00/0.00
[182.077s][info][gc,mmu      ] GC(359) MMU: 2ms/94.3%, 5ms/97.7%, 10ms/98.9%, 20ms/99.4%, 50ms/99.7%, 100ms/99.8%
[182.077s][info][gc,marking  ] GC(359) Mark: 2 stripe(s), 2 proactive flush(es), 1 terminate flush(es), 0 completion(s), 0 continuation(s) 
[182.077s][info][gc,marking  ] GC(359) Mark Stack Usage: 32M
[182.077s][info][gc,nmethod  ] GC(359) NMethods: 15272 registered, 2270 unregistered
[182.077s][info][gc,metaspace] GC(359) Metaspace: 100M used, 101M committed, 1152M reserved
[182.077s][info][gc,ref      ] GC(359) Soft: 4314 encountered, 0 discovered, 0 enqueued
[182.077s][info][gc,ref      ] GC(359) Weak: 7445 encountered, 254 discovered, 3 enqueued
[182.077s][info][gc,ref      ] GC(359) Final: 1 encountered, 0 discovered, 0 enqueued
[182.077s][info][gc,ref      ] GC(359) Phantom: 773 encountered, 482 discovered, 0 enqueued
[182.077s][info][gc,reloc    ] GC(359) Small Pages: 662 / 1324M, Empty: 1018M, Relocated: 3M, In-Place: 0
[182.077s][info][gc,reloc    ] GC(359) Medium Pages: 2 / 64M, Empty: 32M, Relocated: 0M, In-Place: 0
[182.077s][info][gc,reloc    ] GC(359) Large Pages: 7 / 62M, Empty: 0M, Relocated: 0M, In-Place: 0
[182.077s][info][gc,reloc    ] GC(359) Forwarding Usage: 1M
[182.077s][info][gc,heap     ] GC(359) Min Capacity: 2048M(100%)
[182.077s][info][gc,heap     ] GC(359) Max Capacity: 2048M(100%)
[182.077s][info][gc,heap     ] GC(359) Soft Max Capacity: 2048M(100%)
[182.077s][info][gc,heap     ] GC(359)                Mark Start          Mark End        Relocate Start      Relocate End           High               Low         
[182.077s][info][gc,heap     ] GC(359)  Capacity:     2048M (100%)       2048M (100%)       2048M (100%)       2048M (100%)       2048M (100%)       2048M (100%)   
[182.077s][info][gc,heap     ] GC(359)      Free:      598M (29%)         462M (23%)        1476M (72%)        1722M (84%)        1722M (84%)         432M (21%)    
[182.077s][info][gc,heap     ] GC(359)      Used:     1450M (71%)        1586M (77%)         572M (28%)         326M (16%)        1616M (79%)         326M (16%)    
[182.077s][info][gc,heap     ] GC(359)      Live:         -               109M (5%)          109M (5%)          109M (5%)             -                  -          
[182.077s][info][gc,heap     ] GC(359) Allocated:         -               136M (7%)          172M (8%)          177M (9%)             -                  -          
[182.077s][info][gc,heap     ] GC(359)   Garbage:         -              1340M (65%)         290M (14%)          38M (2%)             -                  -          
[182.077s][info][gc,heap     ] GC(359) Reclaimed:         -                  -              1050M (51%)        1301M (64%)            -                  -          
[182.077s][info][gc          ] GC(359) Garbage Collection (Allocation Rate) 1450M(71%)->326M(16%)
[182.599s][info][gc,start    ] GC(360) Garbage Collection (Allocation Rate)
[182.599s][info][gc,task     ] GC(360) Using 2 workers
[182.599s][info][gc,phases   ] GC(360) Pause Mark Start 0.009ms
[182.678s][info][gc,phases   ] GC(360) Concurrent Mark 78.301ms
[182.678s][info][gc,phases   ] GC(360) Pause Mark End 0.017ms
[182.678s][info][gc,phases   ] GC(360) Concurrent Mark Free 0.001ms
[182.692s][info][gc,phases   ] GC(360) Concurrent Process Non-Strong References 14.172ms
[182.692s][info][gc,phases   ] GC(360) Concurrent Reset Relocation Set 0.009ms
[182.699s][info][gc,phases   ] GC(360) Concurrent Select Relocation Set 6.371ms
[182.699s][info][gc,phases   ] GC(360) Pause Relocate Start 0.015ms
[182.724s][info][gc,phases   ] GC(360) Concurrent Relocate 24.950ms
[182.724s][info][gc,load     ] GC(360) Load: 0.00/0.00/0.00
[182.724s][info][gc,mmu      ] GC(360) MMU: 2ms/94.3%, 5ms/97.7%, 10ms/98.9%, 20ms/99.4%, 50ms/99.7%, 100ms/99.8%
[182.724s][info][gc,marking  ] GC(360) Mark: 2 stripe(s), 2 proactive flush(es), 1 terminate flush(es), 0 completion(s), 0 continuation(s) 
[182.724s][info][gc,marking  ] GC(360) Mark Stack Usage: 32M
[182.724s][info][gc,nmethod  ] GC(360) NMethods: 15272 registered, 2270 unregistered
[182.724s][info][gc,metaspace] GC(360) Metaspace: 100M used, 101M committed, 1152M reserved
[182.724s][info][gc,ref      ] GC(360) Soft: 4314 encountered, 0 discovered, 0 enqueued
[182.724s][info][gc,ref      ] GC(360) Weak: 7443 encountered, 118 discovered, 4 enqueued
[182.724s][info][gc,ref      ] GC(360) Final: 1 encountered, 0 discovered, 0 enqueued
[182.724s][info][gc,ref      ] GC(360) Phantom: 773 encountered, 530 discovered, 0 enqueued
[182.724s][info][gc,reloc    ] GC(360) Small Pages: 736 / 1472M, Empty: 326M, Relocated: 25M, In-Place: 0
[182.724s][info][gc,reloc    ] GC(360) Medium Pages: 2 / 64M, Empty: 0M, Relocated: 3M, In-Place: 0
[182.724s][info][gc,reloc    ] GC(360) Large Pages: 7 / 62M, Empty: 0M, Relocated: 0M, In-Place: 0
[182.724s][info][gc,reloc    ] GC(360) Forwarding Usage: 15M
[182.724s][info][gc,heap     ] GC(360) Min Capacity: 2048M(100%)
[182.724s][info][gc,heap     ] GC(360) Max Capacity: 2048M(100%)
[182.724s][info][gc,heap     ] GC(360) Soft Max Capacity: 2048M(100%)
[182.724s][info][gc,heap     ] GC(360)                Mark Start          Mark End        Relocate Start      Relocate End           High               Low         
[182.725s][info][gc,heap     ] GC(360)  Capacity:     2048M (100%)       2048M (100%)       2048M (100%)       2048M (100%)       2048M (100%)       2048M (100%)   
[182.725s][info][gc,heap     ] GC(360)      Free:      450M (22%)         258M (13%)         530M (26%)        1546M (75%)        1550M (76%)         222M (11%)    
[182.725s][info][gc,heap     ] GC(360)      Used:     1598M (78%)        1790M (87%)        1518M (74%)         502M (25%)        1826M (89%)         498M (24%)    
[182.725s][info][gc,heap     ] GC(360)      Live:         -               134M (7%)          134M (7%)          134M (7%)             -                  -          
[182.725s][info][gc,heap     ] GC(360) Allocated:         -               192M (9%)          246M (12%)         327M (16%)            -                  -          
[182.725s][info][gc,heap     ] GC(360)   Garbage:         -              1463M (71%)        1137M (56%)          39M (2%)             -                  -          
[182.725s][info][gc,heap     ] GC(360) Reclaimed:         -                  -               326M (16%)        1423M (70%)            -                  -          
[182.725s][info][gc          ] GC(360) Garbage Collection (Allocation Rate) 1598M(78%)->502M(25%)
[182.826s][info][gc,start    ] GC(361) Garbage Collection (System.gc())
[182.826s][info][gc,task     ] GC(361) Using 2 workers
[182.826s][info][gc,phases   ] GC(361) Pause Mark Start 0.007ms
[182.868s][info][gc,phases   ] GC(361) Concurrent Mark 41.743ms
[182.868s][info][gc,phases   ] GC(361) Pause Mark End 0.021ms
[182.868s][info][gc,phases   ] GC(361) Concurrent Mark Free 0.002ms
[182.881s][info][gc,phases   ] GC(361) Concurrent Process Non-Strong References 12.965ms
[182.881s][info][gc,phases   ] GC(361) Concurrent Reset Relocation Set 0.043ms
[182.884s][info][gc,phases   ] GC(361) Concurrent Select Relocation Set 2.656ms
[182.884s][info][gc,phases   ] GC(361) Pause Relocate Start 0.014ms
[182.886s][info][gc,phases   ] GC(361) Concurrent Relocate 1.864ms
[182.886s][info][gc,load     ] GC(361) Load: 0.00/0.00/0.00
[182.886s][info][gc,mmu      ] GC(361) MMU: 2ms/94.3%, 5ms/97.7%, 10ms/98.9%, 20ms/99.4%, 50ms/99.7%, 100ms/99.8%
[182.886s][info][gc,marking  ] GC(361) Mark: 2 stripe(s), 2 proactive flush(es), 1 terminate flush(es), 0 completion(s), 0 continuation(s) 
[182.886s][info][gc,marking  ] GC(361) Mark Stack Usage: 32M
[182.886s][info][gc,nmethod  ] GC(361) NMethods: 15272 registered, 2270 unregistered
[182.886s][info][gc,metaspace] GC(361) Metaspace: 100M used, 101M committed, 1152M reserved
[182.886s][info][gc,ref      ] GC(361) Soft: 4314 encountered, 0 discovered, 0 enqueued
[182.886s][info][gc,ref      ] GC(361) Weak: 7438 encountered, 280 discovered, 3 enqueued
[182.886s][info][gc,ref      ] GC(361) Final: 1 encountered, 0 discovered, 0 enqueued
[182.886s][info][gc,ref      ] GC(361) Phantom: 773 encountered, 578 discovered, 0 enqueued
[182.886s][info][gc,reloc    ] GC(361) Small Pages: 291 / 582M, Empty: 504M, Relocated: 2M, In-Place: 0
[182.886s][info][gc,reloc    ] GC(361) Medium Pages: 2 / 64M, Empty: 32M, Relocated: 0M, In-Place: 0
[182.886s][info][gc,reloc    ] GC(361) Large Pages: 7 / 62M, Empty: 0M, Relocated: 0M, In-Place: 0
[182.886s][info][gc,reloc    ] GC(361) Forwarding Usage: 1M
[182.886s][info][gc,heap     ] GC(361) Min Capacity: 2048M(100%)
[182.886s][info][gc,heap     ] GC(361) Max Capacity: 2048M(100%)
[182.886s][info][gc,heap     ] GC(361) Soft Max Capacity: 2048M(100%)
[182.886s][info][gc,heap     ] GC(361)                Mark Start          Mark End        Relocate Start      Relocate End           High               Low         
[182.886s][info][gc,heap     ] GC(361)  Capacity:     2048M (100%)       2048M (100%)       2048M (100%)       2048M (100%)       2048M (100%)       2048M (100%)   
[182.886s][info][gc,heap     ] GC(361)      Free:     1340M (65%)        1340M (65%)        1876M (92%)        1904M (93%)        1904M (93%)        1340M (65%)    
[182.886s][info][gc,heap     ] GC(361)      Used:      708M (35%)         708M (35%)         172M (8%)          144M (7%)          708M (35%)         144M (7%)     
[182.886s][info][gc,heap     ] GC(361)      Live:         -               106M (5%)          106M (5%)          106M (5%)             -                  -          
[182.886s][info][gc,heap     ] GC(361) Allocated:         -                 0M (0%)            0M (0%)            0M (0%)             -                  -          
[182.886s][info][gc,heap     ] GC(361)   Garbage:         -               601M (29%)          65M (3%)           37M (2%)             -                  -          
[182.886s][info][gc,heap     ] GC(361) Reclaimed:         -                  -               536M (26%)         564M (28%)            -                  -          
[182.887s][info][gc          ] GC(361) Garbage Collection (System.gc()) 708M(35%)->144M(7%)
[183.499s][info][gc,start    ] GC(362) Garbage Collection (Allocation Rate)
[183.499s][info][gc,task     ] GC(362) Using 2 workers
[183.499s][info][gc,phases   ] GC(362) Pause Mark Start 0.010ms
[183.546s][info][gc,phases   ] GC(362) Concurrent Mark 46.967ms
[183.546s][info][gc,phases   ] GC(362) Pause Mark End 0.018ms
[183.546s][info][gc,phases   ] GC(362) Concurrent Mark Free 0.001ms
[183.560s][info][gc,phases   ] GC(362) Concurrent Process Non-Strong References 13.979ms
[183.560s][info][gc,phases   ] GC(362) Concurrent Reset Relocation Set 0.002ms
[183.563s][info][gc,phases   ] GC(362) Concurrent Select Relocation Set 2.647ms
[183.563s][info][gc,phases   ] GC(362) Pause Relocate Start 0.007ms
[183.565s][info][gc,phases   ] GC(362) Concurrent Relocate 2.010ms
[183.565s][info][gc,load     ] GC(362) Load: 0.00/0.00/0.00
[183.565s][info][gc,mmu      ] GC(362) MMU: 2ms/94.3%, 5ms/97.7%, 10ms/98.9%, 20ms/99.4%, 50ms/99.7%, 100ms/99.8%
[183.565s][info][gc,marking  ] GC(362) Mark: 2 stripe(s), 2 proactive flush(es), 1 terminate flush(es), 0 completion(s), 0 continuation(s) 
[183.565s][info][gc,marking  ] GC(362) Mark Stack Usage: 32M
[183.565s][info][gc,nmethod  ] GC(362) NMethods: 15283 registered, 2270 unregistered
[183.565s][info][gc,metaspace] GC(362) Metaspace: 100M used, 101M committed, 1152M reserved
[183.565s][info][gc,ref      ] GC(362) Soft: 4314 encountered, 0 discovered, 0 enqueued
[183.565s][info][gc,ref      ] GC(362) Weak: 7445 encountered, 110 discovered, 1 enqueued
[183.565s][info][gc,ref      ] GC(362) Final: 1 encountered, 0 discovered, 0 enqueued
[183.565s][info][gc,ref      ] GC(362) Phantom: 773 encountered, 586 discovered, 0 enqueued
[183.565s][info][gc,reloc    ] GC(362) Small Pages: 567 / 1134M, Empty: 640M, Relocated: 1M, In-Place: 0
[183.565s][info][gc,reloc    ] GC(362) Medium Pages: 2 / 64M, Empty: 32M, Relocated: 0M, In-Place: 0
[183.565s][info][gc,reloc    ] GC(362) Large Pages: 7 / 62M, Empty: 0M, Relocated: 0M, In-Place: 0
[183.565s][info][gc,reloc    ] GC(362) Forwarding Usage: 0M
[183.565s][info][gc,heap     ] GC(362) Min Capacity: 2048M(100%)
[183.565s][info][gc,heap     ] GC(362) Max Capacity: 2048M(100%)
[183.565s][info][gc,heap     ] GC(362) Soft Max Capacity: 2048M(100%)
[183.565s][info][gc,heap     ] GC(362)                Mark Start          Mark End        Relocate Start      Relocate End           High               Low         
[183.565s][info][gc,heap     ] GC(362)  Capacity:     2048M (100%)       2048M (100%)       2048M (100%)       2048M (100%)       2048M (100%)       2048M (100%)   
[183.565s][info][gc,heap     ] GC(362)      Free:      788M (38%)         686M (33%)        1326M (65%)        1762M (86%)        1762M (86%)         658M (32%)    
[183.565s][info][gc,heap     ] GC(362)      Used:     1260M (62%)        1362M (67%)         722M (35%)         286M (14%)        1390M (68%)         286M (14%)    
[183.565s][info][gc,heap     ] GC(362)      Live:         -               107M (5%)          107M (5%)          107M (5%)             -                  -          
[183.565s][info][gc,heap     ] GC(362) Allocated:         -               102M (5%)          134M (7%)          137M (7%)             -                  -          
[183.565s][info][gc,heap     ] GC(362)   Garbage:         -              1152M (56%)         480M (23%)          40M (2%)             -                  -          
[183.565s][info][gc,heap     ] GC(362) Reclaimed:         -                  -               672M (33%)        1111M (54%)            -                  -          
[183.566s][info][gc          ] GC(362) Garbage Collection (Allocation Rate) 1260M(62%)->286M(14%)
[183.993s][info][gc,start    ] GC(363) Garbage Collection (Allocation Rate)
[183.993s][info][gc,task     ] GC(363) Using 1 workers
[183.993s][info][gc,phases   ] GC(363) Pause Mark Start 0.009ms
[184.152s][info][gc,phases   ] GC(363) Concurrent Mark 159.604ms
[184.153s][info][gc,phases   ] GC(363) Pause Mark End 0.018ms
[184.153s][info][gc,phases   ] GC(363) Concurrent Mark Free 0.001ms
[184.180s][info][gc,phases   ] GC(363) Concurrent Process Non-Strong References 26.863ms
[184.180s][info][gc,phases   ] GC(363) Concurrent Reset Relocation Set 0.015ms
[184.185s][info][gc,phases   ] GC(363) Concurrent Select Relocation Set 5.525ms
[184.185s][info][gc,phases   ] GC(363) Pause Relocate Start 0.018ms
[184.225s][info][gc,phases   ] GC(363) Concurrent Relocate 39.655ms
[184.225s][info][gc,load     ] GC(363) Load: 0.00/0.00/0.00
[184.225s][info][gc,mmu      ] GC(363) MMU: 2ms/94.3%, 5ms/97.7%, 10ms/98.9%, 20ms/99.4%, 50ms/99.7%, 100ms/99.8%
[184.225s][info][gc,marking  ] GC(363) Mark: 1 stripe(s), 2 proactive flush(es), 1 terminate flush(es), 0 completion(s), 0 continuation(s) 
[184.225s][info][gc,marking  ] GC(363) Mark Stack Usage: 32M
[184.225s][info][gc,nmethod  ] GC(363) NMethods: 15283 registered, 2270 unregistered
[184.225s][info][gc,metaspace] GC(363) Metaspace: 100M used, 101M committed, 1152M reserved
[184.225s][info][gc,ref      ] GC(363) Soft: 4314 encountered, 0 discovered, 0 enqueued
[184.225s][info][gc,ref      ] GC(363) Weak: 7445 encountered, 6251 discovered, 6 enqueued
[184.225s][info][gc,ref      ] GC(363) Final: 1 encountered, 1 discovered, 0 enqueued
[184.226s][info][gc,ref      ] GC(363) Phantom: 773 encountered, 395 discovered, 0 enqueued
[184.226s][info][gc,reloc    ] GC(363) Small Pages: 591 / 1182M, Empty: 224M, Relocated: 26M, In-Place: 0
[184.226s][info][gc,reloc    ] GC(363) Medium Pages: 2 / 64M, Empty: 0M, Relocated: 3M, In-Place: 0
[184.226s][info][gc,reloc    ] GC(363) Large Pages: 7 / 62M, Empty: 0M, Relocated: 0M, In-Place: 0
[184.226s][info][gc,reloc    ] GC(363) Forwarding Usage: 16M
[184.226s][info][gc,heap     ] GC(363) Min Capacity: 2048M(100%)
[184.226s][info][gc,heap     ] GC(363) Max Capacity: 2048M(100%)
[184.226s][info][gc,heap     ] GC(363) Soft Max Capacity: 2048M(100%)
[184.226s][info][gc,heap     ] GC(363)                Mark Start          Mark End        Relocate Start      Relocate End           High               Low         
[184.226s][info][gc,heap     ] GC(363)  Capacity:     2048M (100%)       2048M (100%)       2048M (100%)       2048M (100%)       2048M (100%)       2048M (100%)   
[184.226s][info][gc,heap     ] GC(363)      Free:      740M (36%)         340M (17%)         488M (24%)        1280M (62%)        1282M (63%)         276M (13%)    
[184.226s][info][gc,heap     ] GC(363)      Used:     1308M (64%)        1708M (83%)        1560M (76%)         768M (38%)        1772M (87%)         766M (37%)    
[184.226s][info][gc,heap     ] GC(363)      Live:         -               134M (7%)          134M (7%)          134M (7%)             -                  -          
[184.226s][info][gc,heap     ] GC(363) Allocated:         -               400M (20%)         476M (23%)         594M (29%)            -                  -          
[184.226s][info][gc,heap     ] GC(363)   Garbage:         -              1173M (57%)         949M (46%)          39M (2%)             -                  -          
[184.226s][info][gc,heap     ] GC(363) Reclaimed:         -                  -               224M (11%)        1134M (55%)            -                  -          
[184.226s][info][gc          ] GC(363) Garbage Collection (Allocation Rate) 1308M(64%)->768M(38%)
[184.294s][info][gc,start    ] GC(364) Garbage Collection (Allocation Rate)
[184.294s][info][gc,task     ] GC(364) Using 1 workers
[184.295s][info][gc,phases   ] GC(364) Pause Mark Start 0.010ms
[184.451s][info][gc,phases   ] GC(364) Concurrent Mark 155.870ms
[184.451s][info][gc,phases   ] GC(364) Pause Mark End 0.016ms
[184.451s][info][gc,phases   ] GC(364) Concurrent Mark Free 0.001ms
[184.475s][info][gc,phases   ] GC(364) Concurrent Process Non-Strong References 24.463ms
[184.475s][info][gc,phases   ] GC(364) Concurrent Reset Relocation Set 0.024ms
[184.478s][info][gc,phases   ] GC(364) Concurrent Select Relocation Set 2.485ms
[184.478s][info][gc,phases   ] GC(364) Pause Relocate Start 0.010ms
[184.484s][info][gc,phases   ] GC(364) Concurrent Relocate 6.137ms
[184.484s][info][gc,load     ] GC(364) Load: 0.00/0.00/0.00
[184.484s][info][gc,mmu      ] GC(364) MMU: 2ms/94.3%, 5ms/97.7%, 10ms/98.9%, 20ms/99.4%, 50ms/99.7%, 100ms/99.8%
[184.484s][info][gc,marking  ] GC(364) Mark: 1 stripe(s), 2 proactive flush(es), 1 terminate flush(es), 0 completion(s), 0 continuation(s) 
[184.484s][info][gc,marking  ] GC(364) Mark Stack Usage: 32M
[184.484s][info][gc,nmethod  ] GC(364) NMethods: 15284 registered, 2270 unregistered
[184.484s][info][gc,metaspace] GC(364) Metaspace: 100M used, 101M committed, 1152M reserved
[184.484s][info][gc,ref      ] GC(364) Soft: 4314 encountered, 0 discovered, 0 enqueued
[184.484s][info][gc,ref      ] GC(364) Weak: 7436 encountered, 6246 discovered, 0 enqueued
[184.484s][info][gc,ref      ] GC(364) Final: 1 encountered, 1 discovered, 0 enqueued
[184.484s][info][gc,ref      ] GC(364) Phantom: 773 encountered, 395 discovered, 0 enqueued
[184.484s][info][gc,reloc    ] GC(364) Small Pages: 408 / 816M, Empty: 306M, Relocated: 5M, In-Place: 0
[184.484s][info][gc,reloc    ] GC(364) Medium Pages: 2 / 64M, Empty: 0M, Relocated: 3M, In-Place: 0
[184.484s][info][gc,reloc    ] GC(364) Large Pages: 7 / 62M, Empty: 0M, Relocated: 0M, In-Place: 0
[184.484s][info][gc,reloc    ] GC(364) Forwarding Usage: 2M
[184.485s][info][gc,heap     ] GC(364) Min Capacity: 2048M(100%)
[184.485s][info][gc,heap     ] GC(364) Max Capacity: 2048M(100%)
[184.485s][info][gc,heap     ] GC(364) Soft Max Capacity: 2048M(100%)
[184.485s][info][gc,heap     ] GC(364)                Mark Start          Mark End        Relocate Start      Relocate End           High               Low         
[184.485s][info][gc,heap     ] GC(364)  Capacity:     2048M (100%)       2048M (100%)       2048M (100%)       2048M (100%)       2048M (100%)       2048M (100%)   
[184.485s][info][gc,heap     ] GC(364)      Free:     1106M (54%)         856M (42%)        1162M (57%)        1628M (79%)        1628M (79%)         856M (42%)    
[184.485s][info][gc,heap     ] GC(364)      Used:      942M (46%)        1192M (58%)         886M (43%)         420M (21%)        1192M (58%)         420M (21%)    
[184.485s][info][gc,heap     ] GC(364)      Live:         -               134M (7%)          134M (7%)          134M (7%)             -                  -          
[184.485s][info][gc,heap     ] GC(364) Allocated:         -               250M (12%)         250M (12%)         250M (12%)            -                  -          
[184.485s][info][gc,heap     ] GC(364)   Garbage:         -               807M (39%)         501M (24%)          35M (2%)             -                  -          
[184.485s][info][gc,heap     ] GC(364) Reclaimed:         -                  -               306M (15%)         772M (38%)            -                  -          
[184.485s][info][gc          ] GC(364) Garbage Collection (Allocation Rate) 942M(46%)->420M(21%)
[184.485s][info][gc,start    ] GC(365) Garbage Collection (System.gc())
[184.485s][info][gc,task     ] GC(365) Using 2 workers
[184.485s][info][gc,phases   ] GC(365) Pause Mark Start 0.008ms
[184.517s][info][gc,phases   ] GC(365) Concurrent Mark 31.514ms
[184.517s][info][gc,phases   ] GC(365) Pause Mark End 0.008ms
[184.517s][info][gc,phases   ] GC(365) Concurrent Mark Free 0.001ms
[184.529s][info][gc,phases   ] GC(365) Concurrent Process Non-Strong References 12.731ms
[184.530s][info][gc,phases   ] GC(365) Concurrent Reset Relocation Set 0.020ms
[184.531s][info][gc,phases   ] GC(365) Concurrent Select Relocation Set 1.497ms
[184.531s][info][gc,phases   ] GC(365) Pause Relocate Start 0.010ms
[184.532s][info][gc,phases   ] GC(365) Concurrent Relocate 0.761ms
[184.532s][info][gc,load     ] GC(365) Load: 0.00/0.00/0.00
[184.532s][info][gc,mmu      ] GC(365) MMU: 2ms/94.3%, 5ms/97.7%, 10ms/98.9%, 20ms/99.4%, 50ms/99.7%, 100ms/99.8%
[184.532s][info][gc,marking  ] GC(365) Mark: 2 stripe(s), 2 proactive flush(es), 1 terminate flush(es), 0 completion(s), 0 continuation(s) 
[184.532s][info][gc,marking  ] GC(365) Mark Stack Usage: 32M
[184.532s][info][gc,nmethod  ] GC(365) NMethods: 15284 registered, 2270 unregistered
[184.532s][info][gc,metaspace] GC(365) Metaspace: 100M used, 101M committed, 1152M reserved
[184.532s][info][gc,ref      ] GC(365) Soft: 4314 encountered, 0 discovered, 0 enqueued
[184.532s][info][gc,ref      ] GC(365) Weak: 7438 encountered, 84 discovered, 3 enqueued
[184.532s][info][gc,ref      ] GC(365) Final: 1 encountered, 0 discovered, 0 enqueued
[184.532s][info][gc,ref      ] GC(365) Phantom: 773 encountered, 532 discovered, 0 enqueued
[184.532s][info][gc,reloc    ] GC(365) Small Pages: 163 / 326M, Empty: 258M, Relocated: 1M, In-Place: 0
[184.532s][info][gc,reloc    ] GC(365) Medium Pages: 1 / 32M, Empty: 0M, Relocated: 0M, In-Place: 0
[184.532s][info][gc,reloc    ] GC(365) Large Pages: 7 / 62M, Empty: 0M, Relocated: 0M, In-Place: 0
[184.532s][info][gc,reloc    ] GC(365) Forwarding Usage: 0M
[184.532s][info][gc,heap     ] GC(365) Min Capacity: 2048M(100%)
[184.532s][info][gc,heap     ] GC(365) Max Capacity: 2048M(100%)
[184.532s][info][gc,heap     ] GC(365) Soft Max Capacity: 2048M(100%)
[184.532s][info][gc,heap     ] GC(365)                Mark Start          Mark End        Relocate Start      Relocate End           High               Low         
[184.532s][info][gc,heap     ] GC(365)  Capacity:     2048M (100%)       2048M (100%)       2048M (100%)       2048M (100%)       2048M (100%)       2048M (100%)   
[184.532s][info][gc,heap     ] GC(365)      Free:     1628M (79%)        1628M (79%)        1886M (92%)        1902M (93%)        1902M (93%)        1628M (79%)    
[184.532s][info][gc,heap     ] GC(365)      Used:      420M (21%)         420M (21%)         162M (8%)          146M (7%)          420M (21%)         146M (7%)     
[184.532s][info][gc,heap     ] GC(365)      Live:         -               106M (5%)          106M (5%)          106M (5%)             -                  -          
[184.532s][info][gc,heap     ] GC(365) Allocated:         -                 0M (0%)            0M (0%)            0M (0%)             -                  -          
[184.532s][info][gc,heap     ] GC(365)   Garbage:         -               313M (15%)          55M (3%)           39M (2%)             -                  -          
[184.532s][info][gc,heap     ] GC(365) Reclaimed:         -                  -               258M (13%)         274M (13%)            -                  -          
[184.532s][info][gc          ] GC(365) Garbage Collection (System.gc()) 420M(21%)->146M(7%)
[184.995s][info][gc,start    ] GC(366) Garbage Collection (Allocation Rate)
[184.995s][info][gc,task     ] GC(366) Using 1 workers
[184.995s][info][gc,phases   ] GC(366) Pause Mark Start 0.011ms
[185.096s][info][gc,phases   ] GC(366) Concurrent Mark 100.311ms
[185.096s][info][gc,phases   ] GC(366) Pause Mark End 0.013ms
[185.096s][info][gc,phases   ] GC(366) Concurrent Mark Free 0.001ms
[185.121s][info][gc,phases   ] GC(366) Concurrent Process Non-Strong References 25.299ms
[185.121s][info][gc,phases   ] GC(366) Concurrent Reset Relocation Set 0.002ms
[185.124s][info][gc,phases   ] GC(366) Concurrent Select Relocation Set 2.518ms
[185.124s][info][gc,phases   ] GC(366) Pause Relocate Start 0.012ms
[185.129s][info][gc,phases   ] GC(366) Concurrent Relocate 5.542ms
[185.130s][info][gc,load     ] GC(366) Load: 0.00/0.00/0.00
[185.130s][info][gc,mmu      ] GC(366) MMU: 2ms/94.3%, 5ms/97.7%, 10ms/98.9%, 20ms/99.4%, 50ms/99.7%, 100ms/99.8%
[185.130s][info][gc,marking  ] GC(366) Mark: 1 stripe(s), 2 proactive flush(es), 1 terminate flush(es), 0 completion(s), 0 continuation(s) 
[185.130s][info][gc,marking  ] GC(366) Mark Stack Usage: 32M
[185.130s][info][gc,nmethod  ] GC(366) NMethods: 15285 registered, 2270 unregistered
[185.130s][info][gc,metaspace] GC(366) Metaspace: 100M used, 101M committed, 1152M reserved
[185.130s][info][gc,ref      ] GC(366) Soft: 4314 encountered, 0 discovered, 0 enqueued
[185.130s][info][gc,ref      ] GC(366) Weak: 7445 encountered, 6251 discovered, 0 enqueued
[185.130s][info][gc,ref      ] GC(366) Final: 1 encountered, 1 discovered, 0 enqueued
[185.130s][info][gc,ref      ] GC(366) Phantom: 773 encountered, 395 discovered, 0 enqueued
[185.130s][info][gc,reloc    ] GC(366) Small Pages: 418 / 836M, Empty: 626M, Relocated: 3M, In-Place: 0
[185.130s][info][gc,reloc    ] GC(366) Medium Pages: 2 / 64M, Empty: 0M, Relocated: 2M, In-Place: 0
[185.130s][info][gc,reloc    ] GC(366) Large Pages: 7 / 62M, Empty: 0M, Relocated: 0M, In-Place: 0
[185.130s][info][gc,reloc    ] GC(366) Forwarding Usage: 1M
[185.130s][info][gc,heap     ] GC(366) Min Capacity: 2048M(100%)
[185.130s][info][gc,heap     ] GC(366) Max Capacity: 2048M(100%)
[185.130s][info][gc,heap     ] GC(366) Soft Max Capacity: 2048M(100%)
[185.130s][info][gc,heap     ] GC(366)                Mark Start          Mark End        Relocate Start      Relocate End           High               Low         
[185.130s][info][gc,heap     ] GC(366)  Capacity:     2048M (100%)       2048M (100%)       2048M (100%)       2048M (100%)       2048M (100%)       2048M (100%)   
[185.130s][info][gc,heap     ] GC(366)      Free:     1086M (53%)         874M (43%)        1440M (70%)        1620M (79%)        1620M (79%)         818M (40%)    
[185.130s][info][gc,heap     ] GC(366)      Used:      962M (47%)        1174M (57%)         608M (30%)         428M (21%)        1230M (60%)         428M (21%)    
[185.130s][info][gc,heap     ] GC(366)      Live:         -               108M (5%)          108M (5%)          108M (5%)             -                  -          
[185.130s][info][gc,heap     ] GC(366) Allocated:         -               212M (10%)         272M (13%)         281M (14%)            -                  -          
[185.130s][info][gc,heap     ] GC(366)   Garbage:         -               853M (42%)         227M (11%)          37M (2%)             -                  -          
[185.130s][info][gc,heap     ] GC(366) Reclaimed:         -                  -               626M (31%)         815M (40%)            -                  -          
[185.130s][info][gc          ] GC(366) Garbage Collection (Allocation Rate) 962M(47%)->428M(21%)
[185.506s][info][gc,start    ] GC(367) Garbage Collection (Allocation Rate)
[185.506s][info][gc,task     ] GC(367) Using 1 workers
[185.506s][info][gc,phases   ] GC(367) Pause Mark Start 0.008ms
[185.667s][info][gc,phases   ] GC(367) Concurrent Mark 160.658ms
[185.667s][info][gc,phases   ] GC(367) Pause Mark End 0.014ms
[185.667s][info][gc,phases   ] GC(367) Concurrent Mark Free 0.000ms
[185.693s][info][gc,phases   ] GC(367) Concurrent Process Non-Strong References 26.066ms
[185.693s][info][gc,phases   ] GC(367) Concurrent Reset Relocation Set 0.006ms
[185.699s][info][gc,phases   ] GC(367) Concurrent Select Relocation Set 5.968ms
[185.699s][info][gc,phases   ] GC(367) Pause Relocate Start 0.010ms
[185.739s][info][gc,phases   ] GC(367) Concurrent Relocate 39.638ms
[185.739s][info][gc,load     ] GC(367) Load: 0.00/0.00/0.00
[185.739s][info][gc,mmu      ] GC(367) MMU: 2ms/94.3%, 5ms/97.7%, 10ms/98.9%, 20ms/99.4%, 50ms/99.7%, 100ms/99.8%
[185.739s][info][gc,marking  ] GC(367) Mark: 1 stripe(s), 2 proactive flush(es), 1 terminate flush(es), 0 completion(s), 0 continuation(s) 
[185.739s][info][gc,marking  ] GC(367) Mark Stack Usage: 32M
[185.739s][info][gc,nmethod  ] GC(367) NMethods: 15286 registered, 2270 unregistered
[185.739s][info][gc,metaspace] GC(367) Metaspace: 100M used, 101M committed, 1152M reserved
[185.739s][info][gc,ref      ] GC(367) Soft: 4314 encountered, 0 discovered, 0 enqueued
[185.739s][info][gc,ref      ] GC(367) Weak: 7445 encountered, 6248 discovered, 2 enqueued
[185.739s][info][gc,ref      ] GC(367) Final: 1 encountered, 1 discovered, 0 enqueued
[185.739s][info][gc,ref      ] GC(367) Phantom: 773 encountered, 395 discovered, 0 enqueued
[185.739s][info][gc,reloc    ] GC(367) Small Pages: 590 / 1180M, Empty: 394M, Relocated: 26M, In-Place: 0
[185.739s][info][gc,reloc    ] GC(367) Medium Pages: 2 / 64M, Empty: 0M, Relocated: 3M, In-Place: 0
[185.739s][info][gc,reloc    ] GC(367) Large Pages: 7 / 62M, Empty: 0M, Relocated: 0M, In-Place: 0
[185.739s][info][gc,reloc    ] GC(367) Forwarding Usage: 16M
[185.739s][info][gc,heap     ] GC(367) Min Capacity: 2048M(100%)
[185.739s][info][gc,heap     ] GC(367) Max Capacity: 2048M(100%)
[185.739s][info][gc,heap     ] GC(367) Soft Max Capacity: 2048M(100%)
[185.739s][info][gc,heap     ] GC(367)                Mark Start          Mark End        Relocate Start      Relocate End           High               Low         
[185.739s][info][gc,heap     ] GC(367)  Capacity:     2048M (100%)       2048M (100%)       2048M (100%)       2048M (100%)       2048M (100%)       2048M (100%)   
[185.739s][info][gc,heap     ] GC(367)      Free:      742M (36%)         342M (17%)         654M (32%)        1276M (62%)        1278M (62%)         274M (13%)    
[185.739s][info][gc,heap     ] GC(367)      Used:     1306M (64%)        1706M (83%)        1394M (68%)         772M (38%)        1774M (87%)         770M (38%)    
[185.739s][info][gc,heap     ] GC(367)      Live:         -               134M (7%)          134M (7%)          134M (7%)             -                  -          
[185.739s][info][gc,heap     ] GC(367) Allocated:         -               400M (20%)         482M (24%)         598M (29%)            -                  -          
[185.739s][info][gc,heap     ] GC(367)   Garbage:         -              1171M (57%)         777M (38%)          39M (2%)             -                  -          
[185.739s][info][gc,heap     ] GC(367) Reclaimed:         -                  -               394M (19%)        1132M (55%)            -                  -          
[185.739s][info][gc          ] GC(367) Garbage Collection (Allocation Rate) 1306M(64%)->772M(38%)
[185.807s][info][gc,start    ] GC(368) Garbage Collection (Allocation Rate)
[185.807s][info][gc,task     ] GC(368) Using 1 workers
[185.807s][info][gc,phases   ] GC(368) Pause Mark Start 0.012ms
[185.970s][info][gc,phases   ] GC(368) Concurrent Mark 162.668ms
[185.970s][info][gc,phases   ] GC(368) Pause Mark End 0.016ms
[185.970s][info][gc,phases   ] GC(368) Concurrent Mark Free 0.001ms
[185.996s][info][gc,phases   ] GC(368) Concurrent Process Non-Strong References 26.122ms
[185.997s][info][gc,phases   ] GC(368) Concurrent Reset Relocation Set 0.027ms
[186.000s][info][gc,phases   ] GC(368) Concurrent Select Relocation Set 3.195ms
[186.000s][info][gc,phases   ] GC(368) Pause Relocate Start 0.009ms
[186.006s][info][gc,phases   ] GC(368) Concurrent Relocate 6.353ms
[186.006s][info][gc,load     ] GC(368) Load: 0.00/0.00/0.00
[186.006s][info][gc,mmu      ] GC(368) MMU: 2ms/94.3%, 5ms/97.7%, 10ms/98.9%, 20ms/99.4%, 50ms/99.7%, 100ms/99.8%
[186.006s][info][gc,marking  ] GC(368) Mark: 1 stripe(s), 2 proactive flush(es), 1 terminate flush(es), 0 completion(s), 0 continuation(s) 
[186.007s][info][gc,marking  ] GC(368) Mark Stack Usage: 32M
[186.007s][info][gc,nmethod  ] GC(368) NMethods: 15286 registered, 2270 unregistered
[186.007s][info][gc,metaspace] GC(368) Metaspace: 100M used, 101M committed, 1152M reserved
[186.007s][info][gc,ref      ] GC(368) Soft: 4314 encountered, 0 discovered, 0 enqueued
[186.007s][info][gc,ref      ] GC(368) Weak: 7443 encountered, 6246 discovered, 1 enqueued
[186.007s][info][gc,ref      ] GC(368) Final: 1 encountered, 1 discovered, 0 enqueued
[186.007s][info][gc,ref      ] GC(368) Phantom: 773 encountered, 395 discovered, 0 enqueued
[186.007s][info][gc,reloc    ] GC(368) Small Pages: 404 / 808M, Empty: 250M, Relocated: 5M, In-Place: 0
[186.007s][info][gc,reloc    ] GC(368) Medium Pages: 2 / 64M, Empty: 0M, Relocated: 3M, In-Place: 0
[186.007s][info][gc,reloc    ] GC(368) Large Pages: 7 / 62M, Empty: 0M, Relocated: 0M, In-Place: 0
[186.007s][info][gc,reloc    ] GC(368) Forwarding Usage: 2M
[186.007s][info][gc,heap     ] GC(368) Min Capacity: 2048M(100%)
[186.007s][info][gc,heap     ] GC(368) Max Capacity: 2048M(100%)
[186.007s][info][gc,heap     ] GC(368) Soft Max Capacity: 2048M(100%)
[186.007s][info][gc,heap     ] GC(368)                Mark Start          Mark End        Relocate Start      Relocate End           High               Low         
[186.007s][info][gc,heap     ] GC(368)  Capacity:     2048M (100%)       2048M (100%)       2048M (100%)       2048M (100%)       2048M (100%)       2048M (100%)   
[186.007s][info][gc,heap     ] GC(368)      Free:     1114M (54%)         698M (34%)         872M (43%)        1344M (66%)        1346M (66%)         632M (31%)    
[186.007s][info][gc,heap     ] GC(368)      Used:      934M (46%)        1350M (66%)        1176M (57%)         704M (34%)        1416M (69%)         702M (34%)    
[186.007s][info][gc,heap     ] GC(368)      Live:         -               134M (7%)          134M (7%)          134M (7%)             -                  -          
[186.007s][info][gc,heap     ] GC(368) Allocated:         -               416M (20%)         492M (24%)         532M (26%)            -                  -          
[186.007s][info][gc,heap     ] GC(368)   Garbage:         -               799M (39%)         549M (27%)          36M (2%)             -                  -          
[186.007s][info][gc,heap     ] GC(368) Reclaimed:         -                  -               250M (12%)         762M (37%)            -                  -          
[186.007s][info][gc          ] GC(368) Garbage Collection (Allocation Rate) 934M(46%)->704M(34%)
[186.037s][info][gc,start    ] GC(369) Garbage Collection (System.gc())
[186.037s][info][gc,task     ] GC(369) Using 2 workers
[186.037s][info][gc,phases   ] GC(369) Pause Mark Start 0.005ms
[186.078s][info][gc,phases   ] GC(369) Concurrent Mark 40.453ms
[186.078s][info][gc,phases   ] GC(369) Pause Mark End 0.010ms
[186.078s][info][gc,phases   ] GC(369) Concurrent Mark Free 0.001ms
[186.091s][info][gc,phases   ] GC(369) Concurrent Process Non-Strong References 13.154ms
[186.091s][info][gc,phases   ] GC(369) Concurrent Reset Relocation Set 0.015ms
[186.092s][info][gc,phases   ] GC(369) Concurrent Select Relocation Set 1.274ms
[186.093s][info][gc,phases   ] GC(369) Pause Relocate Start 0.010ms
[186.093s][info][gc,phases   ] GC(369) Concurrent Relocate 0.733ms
[186.093s][info][gc,load     ] GC(369) Load: 0.00/0.00/0.00
[186.093s][info][gc,mmu      ] GC(369) MMU: 2ms/94.3%, 5ms/97.7%, 10ms/98.9%, 20ms/99.4%, 50ms/99.7%, 100ms/99.8%
[186.093s][info][gc,marking  ] GC(369) Mark: 2 stripe(s), 2 proactive flush(es), 1 terminate flush(es), 0 completion(s), 0 continuation(s) 
[186.093s][info][gc,marking  ] GC(369) Mark Stack Usage: 32M
[186.093s][info][gc,nmethod  ] GC(369) NMethods: 15286 registered, 2270 unregistered
[186.093s][info][gc,metaspace] GC(369) Metaspace: 100M used, 101M committed, 1152M reserved
[186.093s][info][gc,ref      ] GC(369) Soft: 4314 encountered, 0 discovered, 0 enqueued
[186.093s][info][gc,ref      ] GC(369) Weak: 7439 encountered, 267 discovered, 4 enqueued
[186.093s][info][gc,ref      ] GC(369) Final: 1 encountered, 0 discovered, 0 enqueued
[186.093s][info][gc,ref      ] GC(369) Phantom: 773 encountered, 572 discovered, 0 enqueued
[186.093s][info][gc,reloc    ] GC(369) Small Pages: 315 / 630M, Empty: 558M, Relocated: 1M, In-Place: 0
[186.093s][info][gc,reloc    ] GC(369) Medium Pages: 2 / 64M, Empty: 32M, Relocated: 0M, In-Place: 0
[186.093s][info][gc,reloc    ] GC(369) Large Pages: 7 / 62M, Empty: 0M, Relocated: 0M, In-Place: 0
[186.093s][info][gc,reloc    ] GC(369) Forwarding Usage: 0M
[186.093s][info][gc,heap     ] GC(369) Min Capacity: 2048M(100%)
[186.094s][info][gc,heap     ] GC(369) Max Capacity: 2048M(100%)
[186.094s][info][gc,heap     ] GC(369) Soft Max Capacity: 2048M(100%)
[186.094s][info][gc,heap     ] GC(369)                Mark Start          Mark End        Relocate Start      Relocate End           High               Low         
[186.094s][info][gc,heap     ] GC(369)  Capacity:     2048M (100%)       2048M (100%)       2048M (100%)       2048M (100%)       2048M (100%)       2048M (100%)   
[186.094s][info][gc,heap     ] GC(369)      Free:     1292M (63%)        1286M (63%)        1876M (92%)        1896M (93%)        1896M (93%)        1286M (63%)    
[186.094s][info][gc,heap     ] GC(369)      Used:      756M (37%)         762M (37%)         172M (8%)          152M (7%)          762M (37%)         152M (7%)     
[186.094s][info][gc,heap     ] GC(369)      Live:         -               106M (5%)          106M (5%)          106M (5%)             -                  -          
[186.094s][info][gc,heap     ] GC(369) Allocated:         -                 6M (0%)            6M (0%)            6M (0%)             -                  -          
[186.094s][info][gc,heap     ] GC(369)   Garbage:         -               649M (32%)          59M (3%)           39M (2%)             -                  -          
[186.094s][info][gc,heap     ] GC(369) Reclaimed:         -                  -               590M (29%)         610M (30%)            -                  -          
[186.094s][info][gc          ] GC(369) Garbage Collection (System.gc()) 756M(37%)->152M(7%)
[186.600s][info][gc,start    ] GC(370) Garbage Collection (Allocation Rate)
[186.600s][info][gc,task     ] GC(370) Using 1 workers
[186.600s][info][gc,phases   ] GC(370) Pause Mark Start 0.007ms
[186.699s][info][gc,phases   ] GC(370) Concurrent Mark 99.016ms
[186.699s][info][gc,phases   ] GC(370) Pause Mark End 0.018ms
[186.700s][info][gc,phases   ] GC(370) Concurrent Mark Free 0.001ms
[186.726s][info][gc,phases   ] GC(370) Concurrent Process Non-Strong References 26.772ms
[186.726s][info][gc,phases   ] GC(370) Concurrent Reset Relocation Set 0.002ms
[186.728s][info][gc,phases   ] GC(370) Concurrent Select Relocation Set 2.007ms
[186.729s][info][gc,phases   ] GC(370) Pause Relocate Start 0.010ms
[186.731s][info][gc,phases   ] GC(370) Concurrent Relocate 2.820ms
[186.732s][info][gc,load     ] GC(370) Load: 0.00/0.00/0.00
[186.732s][info][gc,mmu      ] GC(370) MMU: 2ms/94.3%, 5ms/97.7%, 10ms/98.9%, 20ms/99.4%, 50ms/99.7%, 100ms/99.8%
[186.732s][info][gc,marking  ] GC(370) Mark: 1 stripe(s), 2 proactive flush(es), 1 terminate flush(es), 0 completion(s), 0 continuation(s) 
[186.732s][info][gc,marking  ] GC(370) Mark Stack Usage: 32M
[186.732s][info][gc,nmethod  ] GC(370) NMethods: 15286 registered, 2270 unregistered
[186.732s][info][gc,metaspace] GC(370) Metaspace: 100M used, 101M committed, 1152M reserved
[186.732s][info][gc,ref      ] GC(370) Soft: 4314 encountered, 0 discovered, 0 enqueued
[186.732s][info][gc,ref      ] GC(370) Weak: 7445 encountered, 6248 discovered, 3 enqueued
[186.732s][info][gc,ref      ] GC(370) Final: 1 encountered, 1 discovered, 0 enqueued
[186.732s][info][gc,ref      ] GC(370) Phantom: 773 encountered, 395 discovered, 0 enqueued
[186.732s][info][gc,reloc    ] GC(370) Small Pages: 453 / 906M, Empty: 642M, Relocated: 1M, In-Place: 0
[186.732s][info][gc,reloc    ] GC(370) Medium Pages: 2 / 64M, Empty: 32M, Relocated: 0M, In-Place: 0
[186.732s][info][gc,reloc    ] GC(370) Large Pages: 7 / 62M, Empty: 0M, Relocated: 0M, In-Place: 0
[186.732s][info][gc,reloc    ] GC(370) Forwarding Usage: 0M
[186.732s][info][gc,heap     ] GC(370) Min Capacity: 2048M(100%)
[186.732s][info][gc,heap     ] GC(370) Max Capacity: 2048M(100%)
[186.732s][info][gc,heap     ] GC(370) Soft Max Capacity: 2048M(100%)
[186.732s][info][gc,heap     ] GC(370)                Mark Start          Mark End        Relocate Start      Relocate End           High               Low         
[186.732s][info][gc,heap     ] GC(370)  Capacity:     2048M (100%)       2048M (100%)       2048M (100%)       2048M (100%)       2048M (100%)       2048M (100%)   
[186.732s][info][gc,heap     ] GC(370)      Free:     1016M (50%)         802M (39%)        1412M (69%)        1620M (79%)        1620M (79%)         742M (36%)    
[186.732s][info][gc,heap     ] GC(370)      Used:     1032M (50%)        1246M (61%)         636M (31%)         428M (21%)        1306M (64%)         428M (21%)    
[186.732s][info][gc,heap     ] GC(370)      Live:         -               106M (5%)          106M (5%)          106M (5%)             -                  -          
[186.732s][info][gc,heap     ] GC(370) Allocated:         -               214M (10%)         278M (14%)         283M (14%)            -                  -          
[186.732s][info][gc,heap     ] GC(370)   Garbage:         -               925M (45%)         251M (12%)          37M (2%)             -                  -          
[186.732s][info][gc,heap     ] GC(370) Reclaimed:         -                  -               674M (33%)         887M (43%)            -                  -          
[186.732s][info][gc          ] GC(370) Garbage Collection (Allocation Rate) 1032M(50%)->428M(21%)
[187.107s][info][gc,start    ] GC(371) Garbage Collection (Allocation Rate)
[187.107s][info][gc,task     ] GC(371) Using 1 workers
[187.107s][info][gc,phases   ] GC(371) Pause Mark Start 0.009ms
[187.272s][info][gc,phases   ] GC(371) Concurrent Mark 164.248ms
[187.272s][info][gc,phases   ] GC(371) Pause Mark End 0.013ms
[187.272s][info][gc,phases   ] GC(371) Concurrent Mark Free 0.001ms
[187.300s][info][gc,phases   ] GC(371) Concurrent Process Non-Strong References 27.579ms
[187.300s][info][gc,phases   ] GC(371) Concurrent Reset Relocation Set 0.008ms
[187.305s][info][gc,phases   ] GC(371) Concurrent Select Relocation Set 5.569ms
[187.306s][info][gc,phases   ] GC(371) Pause Relocate Start 0.010ms
[187.346s][info][gc,phases   ] GC(371) Concurrent Relocate 39.866ms
[187.346s][info][gc,load     ] GC(371) Load: 0.00/0.00/0.00
[187.346s][info][gc,mmu      ] GC(371) MMU: 2ms/94.3%, 5ms/97.7%, 10ms/98.9%, 20ms/99.4%, 50ms/99.7%, 100ms/99.8%
[187.346s][info][gc,marking  ] GC(371) Mark: 1 stripe(s), 2 proactive flush(es), 1 terminate flush(es), 0 completion(s), 0 continuation(s) 
[187.346s][info][gc,marking  ] GC(371) Mark Stack Usage: 32M
[187.346s][info][gc,nmethod  ] GC(371) NMethods: 15287 registered, 2270 unregistered
[187.346s][info][gc,metaspace] GC(371) Metaspace: 100M used, 101M committed, 1152M reserved
[187.346s][info][gc,ref      ] GC(371) Soft: 4314 encountered, 0 discovered, 0 enqueued
[187.346s][info][gc,ref      ] GC(371) Weak: 7445 encountered, 6251 discovered, 6 enqueued
[187.346s][info][gc,ref      ] GC(371) Final: 1 encountered, 1 discovered, 0 enqueued
[187.346s][info][gc,ref      ] GC(371) Phantom: 773 encountered, 395 discovered, 0 enqueued
[187.346s][info][gc,reloc    ] GC(371) Small Pages: 600 / 1200M, Empty: 346M, Relocated: 25M, In-Place: 0
[187.346s][info][gc,reloc    ] GC(371) Medium Pages: 2 / 64M, Empty: 0M, Relocated: 3M, In-Place: 0
[187.346s][info][gc,reloc    ] GC(371) Large Pages: 7 / 62M, Empty: 0M, Relocated: 0M, In-Place: 0
[187.346s][info][gc,reloc    ] GC(371) Forwarding Usage: 16M
[187.346s][info][gc,heap     ] GC(371) Min Capacity: 2048M(100%)
[187.346s][info][gc,heap     ] GC(371) Max Capacity: 2048M(100%)
[187.346s][info][gc,heap     ] GC(371) Soft Max Capacity: 2048M(100%)
[187.346s][info][gc,heap     ] GC(371)                Mark Start          Mark End        Relocate Start      Relocate End           High               Low         
[187.346s][info][gc,heap     ] GC(371)  Capacity:     2048M (100%)       2048M (100%)       2048M (100%)       2048M (100%)       2048M (100%)       2048M (100%)   
[187.346s][info][gc,heap     ] GC(371)      Free:      722M (35%)         308M (15%)         572M (28%)        1264M (62%)        1268M (62%)         236M (12%)    
[187.346s][info][gc,heap     ] GC(371)      Used:     1326M (65%)        1740M (85%)        1476M (72%)         784M (38%)        1812M (88%)         780M (38%)    
[187.346s][info][gc,heap     ] GC(371)      Live:         -               134M (7%)          134M (7%)          134M (7%)             -                  -          
[187.346s][info][gc,heap     ] GC(371) Allocated:         -               414M (20%)         496M (24%)         610M (30%)            -                  -          
[187.346s][info][gc,heap     ] GC(371)   Garbage:         -              1191M (58%)         845M (41%)          39M (2%)             -                  -          
[187.346s][info][gc,heap     ] GC(371) Reclaimed:         -                  -               346M (17%)        1152M (56%)            -                  -          
[187.346s][info][gc          ] GC(371) Garbage Collection (Allocation Rate) 1326M(65%)->784M(38%)
[187.393s][info][gc,start    ] GC(372) Garbage Collection (Allocation Rate)
[187.393s][info][gc,task     ] GC(372) Using 1 workers
[187.393s][info][gc,phases   ] GC(372) Pause Mark Start 0.010ms
[187.565s][info][gc,phases   ] GC(372) Concurrent Mark 172.070ms
[187.565s][info][gc,phases   ] GC(372) Pause Mark End 0.019ms
[187.565s][info][gc,phases   ] GC(372) Concurrent Mark Free 0.001ms
[187.591s][info][gc,phases   ] GC(372) Concurrent Process Non-Strong References 25.414ms
[187.591s][info][gc,phases   ] GC(372) Concurrent Reset Relocation Set 0.031ms
[187.594s][info][gc,phases   ] GC(372) Concurrent Select Relocation Set 3.217ms
[187.594s][info][gc,phases   ] GC(372) Pause Relocate Start 0.009ms
[187.598s][info][gc,phases   ] GC(372) Concurrent Relocate 4.129ms
[187.599s][info][gc,load     ] GC(372) Load: 0.00/0.00/0.00
[187.599s][info][gc,mmu      ] GC(372) MMU: 2ms/94.3%, 5ms/97.7%, 10ms/98.9%, 20ms/99.4%, 50ms/99.7%, 100ms/99.8%
[187.599s][info][gc,marking  ] GC(372) Mark: 1 stripe(s), 2 proactive flush(es), 1 terminate flush(es), 0 completion(s), 0 continuation(s) 
[187.599s][info][gc,marking  ] GC(372) Mark Stack Usage: 32M
[187.599s][info][gc,nmethod  ] GC(372) NMethods: 15287 registered, 2270 unregistered
[187.599s][info][gc,metaspace] GC(372) Metaspace: 100M used, 101M committed, 1152M reserved
[187.599s][info][gc,ref      ] GC(372) Soft: 4314 encountered, 0 discovered, 0 enqueued
[187.599s][info][gc,ref      ] GC(372) Weak: 7439 encountered, 6245 discovered, 0 enqueued
[187.599s][info][gc,ref      ] GC(372) Final: 1 encountered, 1 discovered, 0 enqueued
[187.599s][info][gc,ref      ] GC(372) Phantom: 773 encountered, 395 discovered, 0 enqueued
[187.599s][info][gc,reloc    ] GC(372) Small Pages: 386 / 772M, Empty: 278M, Relocated: 3M, In-Place: 0
[187.599s][info][gc,reloc    ] GC(372) Medium Pages: 2 / 64M, Empty: 0M, Relocated: 3M, In-Place: 0
[187.599s][info][gc,reloc    ] GC(372) Large Pages: 7 / 62M, Empty: 0M, Relocated: 0M, In-Place: 0
[187.599s][info][gc,reloc    ] GC(372) Forwarding Usage: 1M
[187.599s][info][gc,heap     ] GC(372) Min Capacity: 2048M(100%)
[187.599s][info][gc,heap     ] GC(372) Max Capacity: 2048M(100%)
[187.599s][info][gc,heap     ] GC(372) Soft Max Capacity: 2048M(100%)
[187.599s][info][gc,heap     ] GC(372)                Mark Start          Mark End        Relocate Start      Relocate End           High               Low         
[187.599s][info][gc,heap     ] GC(372)  Capacity:     2048M (100%)       2048M (100%)       2048M (100%)       2048M (100%)       2048M (100%)       2048M (100%)   
[187.599s][info][gc,heap     ] GC(372)      Free:     1150M (56%)         716M (35%)         944M (46%)        1358M (66%)        1360M (66%)         672M (33%)    
[187.599s][info][gc,heap     ] GC(372)      Used:      898M (44%)        1332M (65%)        1104M (54%)         690M (34%)        1376M (67%)         688M (34%)    
[187.599s][info][gc,heap     ] GC(372)      Live:         -               134M (7%)          134M (7%)          134M (7%)             -                  -          
[187.599s][info][gc,heap     ] GC(372) Allocated:         -               434M (21%)         484M (24%)         519M (25%)            -                  -          
[187.599s][info][gc,heap     ] GC(372)   Garbage:         -               763M (37%)         485M (24%)          36M (2%)             -                  -          
[187.599s][info][gc,heap     ] GC(372) Reclaimed:         -                  -               278M (14%)         727M (36%)            -                  -          
[187.599s][info][gc          ] GC(372) Garbage Collection (Allocation Rate) 898M(44%)->690M(34%)
[187.612s][info][gc,start    ] GC(373) Garbage Collection (System.gc())
[187.612s][info][gc,task     ] GC(373) Using 2 workers
[187.612s][info][gc,phases   ] GC(373) Pause Mark Start 0.004ms
[187.661s][info][gc,phases   ] GC(373) Concurrent Mark 49.054ms
[187.661s][info][gc,phases   ] GC(373) Pause Mark End 0.017ms
[187.662s][info][gc,phases   ] GC(373) Concurrent Mark Free 0.002ms
[187.674s][info][gc,phases   ] GC(373) Concurrent Process Non-Strong References 12.665ms
[187.674s][info][gc,phases   ] GC(373) Concurrent Reset Relocation Set 0.010ms
[187.676s][info][gc,phases   ] GC(373) Concurrent Select Relocation Set 1.206ms
[187.676s][info][gc,phases   ] GC(373) Pause Relocate Start 0.010ms
[187.677s][info][gc,phases   ] GC(373) Concurrent Relocate 0.822ms
[187.677s][info][gc,load     ] GC(373) Load: 0.00/0.00/0.00
[187.677s][info][gc,mmu      ] GC(373) MMU: 2ms/94.3%, 5ms/97.7%, 10ms/98.9%, 20ms/99.4%, 50ms/99.7%, 100ms/99.8%
[187.677s][info][gc,marking  ] GC(373) Mark: 2 stripe(s), 2 proactive flush(es), 1 terminate flush(es), 0 completion(s), 0 continuation(s) 
[187.677s][info][gc,marking  ] GC(373) Mark Stack Usage: 32M
[187.677s][info][gc,nmethod  ] GC(373) NMethods: 15287 registered, 2270 unregistered
[187.677s][info][gc,metaspace] GC(373) Metaspace: 100M used, 101M committed, 1152M reserved
[187.677s][info][gc,ref      ] GC(373) Soft: 4314 encountered, 0 discovered, 0 enqueued
[187.677s][info][gc,ref      ] GC(373) Weak: 7438 encountered, 87 discovered, 3 enqueued
[187.677s][info][gc,ref      ] GC(373) Final: 1 encountered, 1 discovered, 0 enqueued
[187.677s][info][gc,ref      ] GC(373) Phantom: 773 encountered, 562 discovered, 0 enqueued
[187.677s][info][gc,reloc    ] GC(373) Small Pages: 289 / 578M, Empty: 508M, Relocated: 1M, In-Place: 0
[187.677s][info][gc,reloc    ] GC(373) Medium Pages: 2 / 64M, Empty: 32M, Relocated: 0M, In-Place: 0
[187.677s][info][gc,reloc    ] GC(373) Large Pages: 7 / 62M, Empty: 0M, Relocated: 0M, In-Place: 0
[187.677s][info][gc,reloc    ] GC(373) Forwarding Usage: 0M
[187.677s][info][gc,heap     ] GC(373) Min Capacity: 2048M(100%)
[187.677s][info][gc,heap     ] GC(373) Max Capacity: 2048M(100%)
[187.677s][info][gc,heap     ] GC(373) Soft Max Capacity: 2048M(100%)
[187.677s][info][gc,heap     ] GC(373)                Mark Start          Mark End        Relocate Start      Relocate End           High               Low         
[187.677s][info][gc,heap     ] GC(373)  Capacity:     2048M (100%)       2048M (100%)       2048M (100%)       2048M (100%)       2048M (100%)       2048M (100%)   
[187.677s][info][gc,heap     ] GC(373)      Free:     1344M (66%)        1344M (66%)        1884M (92%)        1902M (93%)        1902M (93%)        1344M (66%)    
[187.677s][info][gc,heap     ] GC(373)      Used:      704M (34%)         704M (34%)         164M (8%)          146M (7%)          704M (34%)         146M (7%)     
[187.677s][info][gc,heap     ] GC(373)      Live:         -               106M (5%)          106M (5%)          106M (5%)             -                  -          
[187.677s][info][gc,heap     ] GC(373) Allocated:         -                 0M (0%)            0M (0%)            0M (0%)             -                  -          
[187.677s][info][gc,heap     ] GC(373)   Garbage:         -               597M (29%)          57M (3%)           39M (2%)             -                  -          
[187.677s][info][gc,heap     ] GC(373) Reclaimed:         -                  -               540M (26%)         558M (27%)            -                  -          
[187.677s][info][gc          ] GC(373) Garbage Collection (System.gc()) 704M(34%)->146M(7%)
[188.202s][info][gc,start    ] GC(374) Garbage Collection (Allocation Rate)
[188.202s][info][gc,task     ] GC(374) Using 1 workers
[188.202s][info][gc,phases   ] GC(374) Pause Mark Start 0.011ms
[188.303s][info][gc,phases   ] GC(374) Concurrent Mark 100.539ms
[188.303s][info][gc,phases   ] GC(374) Pause Mark End 0.015ms
[188.303s][info][gc,phases   ] GC(374) Concurrent Mark Free 0.001ms
[188.330s][info][gc,phases   ] GC(374) Concurrent Process Non-Strong References 27.108ms
[188.330s][info][gc,phases   ] GC(374) Concurrent Reset Relocation Set 0.002ms
[188.333s][info][gc,phases   ] GC(374) Concurrent Select Relocation Set 2.325ms
[188.333s][info][gc,phases   ] GC(374) Pause Relocate Start 0.013ms
[188.336s][info][gc,phases   ] GC(374) Concurrent Relocate 3.176ms
[188.336s][info][gc,load     ] GC(374) Load: 0.00/0.00/0.00
[188.336s][info][gc,mmu      ] GC(374) MMU: 2ms/94.3%, 5ms/97.7%, 10ms/98.9%, 20ms/99.4%, 50ms/99.7%, 100ms/99.8%
[188.336s][info][gc,marking  ] GC(374) Mark: 1 stripe(s), 2 proactive flush(es), 1 terminate flush(es), 0 completion(s), 0 continuation(s) 
[188.336s][info][gc,marking  ] GC(374) Mark Stack Usage: 32M
[188.336s][info][gc,nmethod  ] GC(374) NMethods: 15287 registered, 2270 unregistered
[188.336s][info][gc,metaspace] GC(374) Metaspace: 100M used, 101M committed, 1152M reserved
[188.336s][info][gc,ref      ] GC(374) Soft: 4314 encountered, 0 discovered, 0 enqueued
[188.336s][info][gc,ref      ] GC(374) Weak: 7445 encountered, 6248 discovered, 3 enqueued
[188.336s][info][gc,ref      ] GC(374) Final: 1 encountered, 1 discovered, 0 enqueued
[188.336s][info][gc,ref      ] GC(374) Phantom: 773 encountered, 395 discovered, 0 enqueued
[188.336s][info][gc,reloc    ] GC(374) Small Pages: 473 / 946M, Empty: 642M, Relocated: 1M, In-Place: 0
[188.336s][info][gc,reloc    ] GC(374) Medium Pages: 2 / 64M, Empty: 32M, Relocated: 0M, In-Place: 0
[188.336s][info][gc,reloc    ] GC(374) Large Pages: 7 / 62M, Empty: 0M, Relocated: 0M, In-Place: 0
[188.337s][info][gc,reloc    ] GC(374) Forwarding Usage: 0M
[188.337s][info][gc,heap     ] GC(374) Min Capacity: 2048M(100%)
[188.337s][info][gc,heap     ] GC(374) Max Capacity: 2048M(100%)
[188.337s][info][gc,heap     ] GC(374) Soft Max Capacity: 2048M(100%)
[188.337s][info][gc,heap     ] GC(374)                Mark Start          Mark End        Relocate Start      Relocate End           High               Low         
[188.337s][info][gc,heap     ] GC(374)  Capacity:     2048M (100%)       2048M (100%)       2048M (100%)       2048M (100%)       2048M (100%)       2048M (100%)   
[188.337s][info][gc,heap     ] GC(374)      Free:      976M (48%)         762M (37%)        1374M (67%)        1622M (79%)        1622M (79%)         706M (34%)    
[188.337s][info][gc,heap     ] GC(374)      Used:     1072M (52%)        1286M (63%)         674M (33%)         426M (21%)        1342M (66%)         426M (21%)    
[188.337s][info][gc,heap     ] GC(374)      Live:         -               106M (5%)          106M (5%)          106M (5%)             -                  -          
[188.337s][info][gc,heap     ] GC(374) Allocated:         -               214M (10%)         276M (13%)         281M (14%)            -                  -          
[188.337s][info][gc,heap     ] GC(374)   Garbage:         -               965M (47%)         291M (14%)          37M (2%)             -                  -          
[188.337s][info][gc,heap     ] GC(374) Reclaimed:         -                  -               674M (33%)         927M (45%)            -                  -          
[188.337s][info][gc          ] GC(374) Garbage Collection (Allocation Rate) 1072M(52%)->426M(21%)
[188.695s][info][gc,start    ] GC(375) Garbage Collection (Allocation Rate)
[188.695s][info][gc,task     ] GC(375) Using 1 workers
[188.695s][info][gc,phases   ] GC(375) Pause Mark Start 0.010ms
[188.861s][info][gc,phases   ] GC(375) Concurrent Mark 165.750ms
[188.861s][info][gc,phases   ] GC(375) Pause Mark End 0.013ms
[188.861s][info][gc,phases   ] GC(375) Concurrent Mark Free 0.002ms
[188.889s][info][gc,phases   ] GC(375) Concurrent Process Non-Strong References 27.548ms
[188.889s][info][gc,phases   ] GC(375) Concurrent Reset Relocation Set 0.007ms
[188.894s][info][gc,phases   ] GC(375) Concurrent Select Relocation Set 5.329ms
[188.894s][info][gc,phases   ] GC(375) Pause Relocate Start 0.017ms
[188.933s][info][gc,phases   ] GC(375) Concurrent Relocate 38.886ms
[188.933s][info][gc,load     ] GC(375) Load: 0.00/0.00/0.00
[188.933s][info][gc,mmu      ] GC(375) MMU: 2ms/94.3%, 5ms/97.7%, 10ms/98.9%, 20ms/99.4%, 50ms/99.7%, 100ms/99.8%
[188.933s][info][gc,marking  ] GC(375) Mark: 1 stripe(s), 2 proactive flush(es), 1 terminate flush(es), 0 completion(s), 0 continuation(s) 
[188.933s][info][gc,marking  ] GC(375) Mark Stack Usage: 32M
[188.933s][info][gc,nmethod  ] GC(375) NMethods: 15287 registered, 2270 unregistered
[188.933s][info][gc,metaspace] GC(375) Metaspace: 100M used, 101M committed, 1152M reserved
[188.933s][info][gc,ref      ] GC(375) Soft: 4314 encountered, 0 discovered, 0 enqueued
[188.933s][info][gc,ref      ] GC(375) Weak: 7445 encountered, 6251 discovered, 6 enqueued
[188.933s][info][gc,ref      ] GC(375) Final: 1 encountered, 1 discovered, 0 enqueued
[188.933s][info][gc,ref      ] GC(375) Phantom: 773 encountered, 395 discovered, 0 enqueued
[188.933s][info][gc,reloc    ] GC(375) Small Pages: 569 / 1138M, Empty: 312M, Relocated: 25M, In-Place: 0
[188.933s][info][gc,reloc    ] GC(375) Medium Pages: 2 / 64M, Empty: 0M, Relocated: 3M, In-Place: 0
[188.933s][info][gc,reloc    ] GC(375) Large Pages: 7 / 62M, Empty: 0M, Relocated: 0M, In-Place: 0
[188.933s][info][gc,reloc    ] GC(375) Forwarding Usage: 15M
[188.933s][info][gc,heap     ] GC(375) Min Capacity: 2048M(100%)
[188.933s][info][gc,heap     ] GC(375) Max Capacity: 2048M(100%)
[188.933s][info][gc,heap     ] GC(375) Soft Max Capacity: 2048M(100%)
[188.933s][info][gc,heap     ] GC(375)                Mark Start          Mark End        Relocate Start      Relocate End           High               Low         
[188.933s][info][gc,heap     ] GC(375)  Capacity:     2048M (100%)       2048M (100%)       2048M (100%)       2048M (100%)       2048M (100%)       2048M (100%)   
[188.933s][info][gc,heap     ] GC(375)      Free:      784M (38%)         384M (19%)         616M (30%)        1286M (63%)        1286M (63%)         316M (15%)    
[188.933s][info][gc,heap     ] GC(375)      Used:     1264M (62%)        1664M (81%)        1432M (70%)         762M (37%)        1732M (85%)         762M (37%)    
[188.933s][info][gc,heap     ] GC(375)      Live:         -               134M (7%)          134M (7%)          134M (7%)             -                  -          
[188.933s][info][gc,heap     ] GC(375) Allocated:         -               400M (20%)         480M (23%)         588M (29%)            -                  -          
[188.933s][info][gc,heap     ] GC(375)   Garbage:         -              1129M (55%)         817M (40%)          39M (2%)             -                  -          
[188.933s][info][gc,heap     ] GC(375) Reclaimed:         -                  -               312M (15%)        1090M (53%)            -                  -          
[188.934s][info][gc          ] GC(375) Garbage Collection (Allocation Rate) 1264M(62%)->762M(37%)
[188.996s][info][gc,start    ] GC(376) Garbage Collection (Allocation Rate)
[188.996s][info][gc,task     ] GC(376) Using 1 workers
[188.996s][info][gc,phases   ] GC(376) Pause Mark Start 0.010ms
[189.166s][info][gc,phases   ] GC(376) Concurrent Mark 169.455ms
[189.166s][info][gc,phases   ] GC(376) Pause Mark End 0.013ms
[189.166s][info][gc,phases   ] GC(376) Concurrent Mark Free 0.001ms
[189.192s][info][gc,phases   ] GC(376) Concurrent Process Non-Strong References 26.279ms
[189.192s][info][gc,phases   ] GC(376) Concurrent Reset Relocation Set 0.030ms
[189.196s][info][gc,phases   ] GC(376) Concurrent Select Relocation Set 3.682ms
[189.196s][info][gc,phases   ] GC(376) Pause Relocate Start 0.012ms
[189.201s][info][gc,phases   ] GC(376) Concurrent Relocate 4.712ms
[189.201s][info][gc,load     ] GC(376) Load: 0.00/0.00/0.00
[189.201s][info][gc,mmu      ] GC(376) MMU: 2ms/94.3%, 5ms/97.7%, 10ms/98.9%, 20ms/99.4%, 50ms/99.7%, 100ms/99.8%
[189.201s][info][gc,marking  ] GC(376) Mark: 1 stripe(s), 2 proactive flush(es), 1 terminate flush(es), 0 completion(s), 0 continuation(s) 
[189.201s][info][gc,marking  ] GC(376) Mark Stack Usage: 32M
[189.201s][info][gc,nmethod  ] GC(376) NMethods: 15287 registered, 2270 unregistered
[189.201s][info][gc,metaspace] GC(376) Metaspace: 100M used, 101M committed, 1152M reserved
[189.201s][info][gc,ref      ] GC(376) Soft: 4314 encountered, 0 discovered, 0 enqueued
[189.201s][info][gc,ref      ] GC(376) Weak: 7439 encountered, 6245 discovered, 0 enqueued
[189.201s][info][gc,ref      ] GC(376) Final: 1 encountered, 1 discovered, 0 enqueued
[189.201s][info][gc,ref      ] GC(376) Phantom: 773 encountered, 395 discovered, 0 enqueued
[189.201s][info][gc,reloc    ] GC(376) Small Pages: 394 / 788M, Empty: 266M, Relocated: 3M, In-Place: 0
[189.201s][info][gc,reloc    ] GC(376) Medium Pages: 2 / 64M, Empty: 0M, Relocated: 3M, In-Place: 0
[189.201s][info][gc,reloc    ] GC(376) Large Pages: 7 / 62M, Empty: 0M, Relocated: 0M, In-Place: 0
[189.201s][info][gc,reloc    ] GC(376) Forwarding Usage: 1M
[189.201s][info][gc,heap     ] GC(376) Min Capacity: 2048M(100%)
[189.201s][info][gc,heap     ] GC(376) Max Capacity: 2048M(100%)
[189.201s][info][gc,heap     ] GC(376) Soft Max Capacity: 2048M(100%)
[189.201s][info][gc,heap     ] GC(376)                Mark Start          Mark End        Relocate Start      Relocate End           High               Low         
[189.201s][info][gc,heap     ] GC(376)  Capacity:     2048M (100%)       2048M (100%)       2048M (100%)       2048M (100%)       2048M (100%)       2048M (100%)   
[189.201s][info][gc,heap     ] GC(376)      Free:     1134M (55%)         706M (34%)         916M (45%)        1356M (66%)        1356M (66%)         658M (32%)    
[189.201s][info][gc,heap     ] GC(376)      Used:      914M (45%)        1342M (66%)        1132M (55%)         692M (34%)        1390M (68%)         692M (34%)    
[189.201s][info][gc,heap     ] GC(376)      Live:         -               134M (7%)          134M (7%)          134M (7%)             -                  -          
[189.201s][info][gc,heap     ] GC(376) Allocated:         -               428M (21%)         484M (24%)         521M (25%)            -                  -          
[189.201s][info][gc,heap     ] GC(376)   Garbage:         -               779M (38%)         513M (25%)          35M (2%)             -                  -          
[189.201s][info][gc,heap     ] GC(376) Reclaimed:         -                  -               266M (13%)         743M (36%)            -                  -          
[189.201s][info][gc          ] GC(376) Garbage Collection (Allocation Rate) 914M(45%)->692M(34%)
[189.217s][info][gc,start    ] GC(377) Garbage Collection (System.gc())
[189.217s][info][gc,task     ] GC(377) Using 2 workers
[189.217s][info][gc,phases   ] GC(377) Pause Mark Start 0.005ms
[189.265s][info][gc,phases   ] GC(377) Concurrent Mark 48.039ms
[189.265s][info][gc,phases   ] GC(377) Pause Mark End 0.010ms
[189.265s][info][gc,phases   ] GC(377) Concurrent Mark Free 0.001ms
[189.277s][info][gc,phases   ] GC(377) Concurrent Process Non-Strong References 12.194ms
[189.277s][info][gc,phases   ] GC(377) Concurrent Reset Relocation Set 0.015ms
[189.278s][info][gc,phases   ] GC(377) Concurrent Select Relocation Set 1.298ms
[189.279s][info][gc,phases   ] GC(377) Pause Relocate Start 0.010ms
[189.281s][info][gc,phases   ] GC(377) Concurrent Relocate 1.886ms
[189.281s][info][gc,load     ] GC(377) Load: 0.00/0.00/0.00
[189.281s][info][gc,mmu      ] GC(377) MMU: 2ms/94.3%, 5ms/97.7%, 10ms/98.9%, 20ms/99.4%, 50ms/99.7%, 100ms/99.8%
[189.281s][info][gc,marking  ] GC(377) Mark: 2 stripe(s), 2 proactive flush(es), 1 terminate flush(es), 0 completion(s), 0 continuation(s) 
[189.281s][info][gc,marking  ] GC(377) Mark Stack Usage: 32M
[189.281s][info][gc,nmethod  ] GC(377) NMethods: 15287 registered, 2270 unregistered
[189.281s][info][gc,metaspace] GC(377) Metaspace: 100M used, 101M committed, 1152M reserved
[189.281s][info][gc,ref      ] GC(377) Soft: 4314 encountered, 0 discovered, 0 enqueued
[189.281s][info][gc,ref      ] GC(377) Weak: 7438 encountered, 291 discovered, 3 enqueued
[189.281s][info][gc,ref      ] GC(377) Final: 1 encountered, 1 discovered, 0 enqueued
[189.281s][info][gc,ref      ] GC(377) Phantom: 773 encountered, 519 discovered, 0 enqueued
[189.281s][info][gc,reloc    ] GC(377) Small Pages: 292 / 584M, Empty: 512M, Relocated: 1M, In-Place: 0
[189.281s][info][gc,reloc    ] GC(377) Medium Pages: 2 / 64M, Empty: 32M, Relocated: 0M, In-Place: 0
[189.281s][info][gc,reloc    ] GC(377) Large Pages: 7 / 62M, Empty: 0M, Relocated: 0M, In-Place: 0
[189.281s][info][gc,reloc    ] GC(377) Forwarding Usage: 0M
[189.281s][info][gc,heap     ] GC(377) Min Capacity: 2048M(100%)
[189.281s][info][gc,heap     ] GC(377) Max Capacity: 2048M(100%)
[189.281s][info][gc,heap     ] GC(377) Soft Max Capacity: 2048M(100%)
[189.281s][info][gc,heap     ] GC(377)                Mark Start          Mark End        Relocate Start      Relocate End           High               Low         
[189.281s][info][gc,heap     ] GC(377)  Capacity:     2048M (100%)       2048M (100%)       2048M (100%)       2048M (100%)       2048M (100%)       2048M (100%)   
[189.281s][info][gc,heap     ] GC(377)      Free:     1338M (65%)        1338M (65%)        1882M (92%)        1902M (93%)        1902M (93%)        1338M (65%)    
[189.281s][info][gc,heap     ] GC(377)      Used:      710M (35%)         710M (35%)         166M (8%)          146M (7%)          710M (35%)         146M (7%)     
[189.281s][info][gc,heap     ] GC(377)      Live:         -               106M (5%)          106M (5%)          106M (5%)             -                  -          
[189.281s][info][gc,heap     ] GC(377) Allocated:         -                 0M (0%)            0M (0%)            0M (0%)             -                  -          
[189.281s][info][gc,heap     ] GC(377)   Garbage:         -               603M (29%)          59M (3%)           39M (2%)             -                  -          
[189.281s][info][gc,heap     ] GC(377) Reclaimed:         -                  -               544M (27%)         564M (28%)            -                  -          
[189.281s][info][gc          ] GC(377) Garbage Collection (System.gc()) 710M(35%)->146M(7%)
[189.808s][info][gc,start    ] GC(378) Garbage Collection (Allocation Rate)
[189.808s][info][gc,task     ] GC(378) Using 1 workers
[189.808s][info][gc,phases   ] GC(378) Pause Mark Start 0.010ms
[189.909s][info][gc,phases   ] GC(378) Concurrent Mark 100.415ms
[189.909s][info][gc,phases   ] GC(378) Pause Mark End 0.018ms
[189.909s][info][gc,phases   ] GC(378) Concurrent Mark Free 0.002ms
[189.936s][info][gc,phases   ] GC(378) Concurrent Process Non-Strong References 26.900ms
[189.936s][info][gc,phases   ] GC(378) Concurrent Reset Relocation Set 0.001ms
[189.938s][info][gc,phases   ] GC(378) Concurrent Select Relocation Set 2.230ms
[189.938s][info][gc,phases   ] GC(378) Pause Relocate Start 0.016ms
[189.943s][info][gc,phases   ] GC(378) Concurrent Relocate 4.909ms
[189.943s][info][gc,load     ] GC(378) Load: 0.00/0.00/0.00
[189.944s][info][gc,mmu      ] GC(378) MMU: 2ms/94.3%, 5ms/97.7%, 10ms/98.9%, 20ms/99.4%, 50ms/99.7%, 100ms/99.8%
[189.944s][info][gc,marking  ] GC(378) Mark: 1 stripe(s), 2 proactive flush(es), 1 terminate flush(es), 0 completion(s), 0 continuation(s) 
[189.944s][info][gc,marking  ] GC(378) Mark Stack Usage: 32M
[189.944s][info][gc,nmethod  ] GC(378) NMethods: 15288 registered, 2270 unregistered
[189.944s][info][gc,metaspace] GC(378) Metaspace: 100M used, 101M committed, 1152M reserved
[189.944s][info][gc,ref      ] GC(378) Soft: 4314 encountered, 0 discovered, 0 enqueued
[189.944s][info][gc,ref      ] GC(378) Weak: 7445 encountered, 6248 discovered, 3 enqueued
[189.944s][info][gc,ref      ] GC(378) Final: 1 encountered, 1 discovered, 0 enqueued
[189.944s][info][gc,ref      ] GC(378) Phantom: 773 encountered, 395 discovered, 0 enqueued
[189.944s][info][gc,reloc    ] GC(378) Small Pages: 487 / 974M, Empty: 636M, Relocated: 3M, In-Place: 0
[189.944s][info][gc,reloc    ] GC(378) Medium Pages: 2 / 64M, Empty: 32M, Relocated: 0M, In-Place: 0
[189.944s][info][gc,reloc    ] GC(378) Large Pages: 7 / 62M, Empty: 0M, Relocated: 0M, In-Place: 0
[189.944s][info][gc,reloc    ] GC(378) Forwarding Usage: 1M
[189.944s][info][gc,heap     ] GC(378) Min Capacity: 2048M(100%)
[189.944s][info][gc,heap     ] GC(378) Max Capacity: 2048M(100%)
[189.944s][info][gc,heap     ] GC(378) Soft Max Capacity: 2048M(100%)
[189.944s][info][gc,heap     ] GC(378)                Mark Start          Mark End        Relocate Start      Relocate End           High               Low         
[189.944s][info][gc,heap     ] GC(378)  Capacity:     2048M (100%)       2048M (100%)       2048M (100%)       2048M (100%)       2048M (100%)       2048M (100%)   
[189.944s][info][gc,heap     ] GC(378)      Free:      948M (46%)         734M (36%)        1342M (66%)        1622M (79%)        1624M (79%)         678M (33%)    
[189.944s][info][gc,heap     ] GC(378)      Used:     1100M (54%)        1314M (64%)         706M (34%)         426M (21%)        1370M (67%)         424M (21%)    
[189.944s][info][gc,heap     ] GC(378)      Live:         -               106M (5%)          106M (5%)          106M (5%)             -                  -          
[189.944s][info][gc,heap     ] GC(378) Allocated:         -               214M (10%)         274M (13%)         281M (14%)            -                  -          
[189.944s][info][gc,heap     ] GC(378)   Garbage:         -               993M (48%)         325M (16%)          37M (2%)             -                  -          
[189.944s][info][gc,heap     ] GC(378) Reclaimed:         -                  -               668M (33%)         955M (47%)            -                  -          
[189.944s][info][gc          ] GC(378) Garbage Collection (Allocation Rate) 1100M(54%)->426M(21%)
[190.093s][info][gc,stats    ] === Garbage Collection Statistics =======================================================================================================================
[190.093s][info][gc,stats    ]                                                              Last 10s              Last 10m              Last 10h                Total
[190.093s][info][gc,stats    ]                                                              Avg / Max             Avg / Max             Avg / Max             Avg / Max
[190.093s][info][gc,stats    ]   Collector: Garbage Collection Cycle                    135.224 / 238.732     179.693 / 1215.582    179.693 / 1215.582    179.693 / 1215.582    ms
[190.093s][info][gc,stats    ]  Contention: Mark Segment Reset Contention                     1 / 4                 3 / 496               3 / 496               3 / 496         ops/s
[190.093s][info][gc,stats    ]  Contention: Mark SeqNum Reset Contention                      0 / 0                 0 / 4                 0 / 4                 0 / 4           ops/s
[190.093s][info][gc,stats    ]    Critical: Allocation Stall                                  0 / 0                 0 / 6                 0 / 6                 0 / 6           ops/s
[190.093s][info][gc,stats    ]    Critical: Allocation Stall                              0.000 / 0.000       513.228 / 1001.934    513.228 / 1001.934    513.228 / 1001.934    ms
[190.093s][info][gc,stats    ]    Critical: GC Locker Stall                                   0 / 0                 0 / 1                 0 / 1                 0 / 1           ops/s
[190.093s][info][gc,stats    ]    Critical: GC Locker Stall                               0.000 / 0.000         0.000 / 0.000         0.000 / 0.000         0.000 / 0.000       ms
[190.093s][info][gc,stats    ]    Critical: Relocation Stall                                  0 / 0                 0 / 1                 0 / 1                 0 / 1           ops/s
[190.093s][info][gc,stats    ]    Critical: Relocation Stall                              0.000 / 0.000         7.319 / 11.251        7.319 / 11.251        7.319 / 11.251      ms
[190.093s][info][gc,stats    ]      Memory: Allocation Rate                                2083 / 2312           1637 / 2422           1637 / 2422           1637 / 2422        MB/s
[190.093s][info][gc,stats    ]      Memory: Out Of Memory                                     0 / 0                 0 / 0                 0 / 0                 0 / 0           ops/s
[190.093s][info][gc,stats    ]      Memory: Page Cache Flush                                  0 / 0                 5 / 172               5 / 172               5 / 172         MB/s
[190.093s][info][gc,stats    ]      Memory: Page Cache Hit L1                              1019 / 1126            800 / 1197            800 / 1197            800 / 1197        ops/s
[190.093s][info][gc,stats    ]      Memory: Page Cache Hit L2                                 0 / 0                 0 / 0                 0 / 0                 0 / 0           ops/s
[190.093s][info][gc,stats    ]      Memory: Page Cache Hit L3                                 0 / 0                 6 / 289               6 / 289               6 / 289         ops/s
[190.093s][info][gc,stats    ]      Memory: Page Cache Miss                                   0 / 0                 0 / 11                0 / 11                0 / 11          ops/s
[190.093s][info][gc,stats    ]      Memory: Uncommit                                          0 / 0                 0 / 0                 0 / 0                 0 / 0           MB/s
[190.094s][info][gc,stats    ]      Memory: Undo Object Allocation Failed                     0 / 0                 0 / 3                 0 / 3                 0 / 3           ops/s
[190.094s][info][gc,stats    ]      Memory: Undo Object Allocation Succeeded                  0 / 4                 5 / 520               5 / 520               5 / 520         ops/s
[190.094s][info][gc,stats    ]      Memory: Undo Page Allocation                              0 / 1                 0 / 3                 0 / 3                 0 / 3           ops/s
[190.094s][info][gc,stats    ]       Phase: Concurrent Mark                              99.272 / 172.070     139.266 / 1158.372    139.266 / 1158.372    139.266 / 1158.372    ms
[190.094s][info][gc,stats    ]       Phase: Concurrent Mark Continue                      0.000 / 0.000         0.000 / 0.000         0.000 / 0.000         0.000 / 0.000       ms
[190.094s][info][gc,stats    ]       Phase: Concurrent Mark Free                          0.001 / 0.002         0.012 / 4.217         0.012 / 4.217         0.012 / 4.217       ms
[190.094s][info][gc,stats    ]       Phase: Concurrent Process Non-Strong References     20.193 / 27.579       18.467 / 31.183       18.467 / 31.183       18.467 / 31.183      ms
[190.094s][info][gc,stats    ]       Phase: Concurrent Relocate                          11.427 / 39.866       16.756 / 247.779      16.756 / 247.779      16.756 / 247.779     ms
[190.094s][info][gc,stats    ]       Phase: Concurrent Reset Relocation Set               0.014 / 0.047         0.015 / 0.061         0.015 / 0.061         0.015 / 0.061       ms
[190.094s][info][gc,stats    ]       Phase: Concurrent Select Relocation Set              3.286 / 6.371         3.990 / 40.244        3.990 / 40.244        3.990 / 40.244      ms
[190.094s][info][gc,stats    ]       Phase: Pause Mark End                                0.015 / 0.022         0.017 / 0.113         0.017 / 0.113         0.017 / 0.113       ms
[190.094s][info][gc,stats    ]       Phase: Pause Mark Start                              0.009 / 0.016         0.009 / 0.030         0.009 / 0.030         0.009 / 0.030       ms
[190.094s][info][gc,stats    ]       Phase: Pause Relocate Start                          0.012 / 0.029         0.011 / 0.029         0.011 / 0.029         0.011 / 0.029       ms
[190.094s][info][gc,stats    ]    Subphase: Concurrent Classes Purge                      0.730 / 1.015         0.654 / 1.129         0.654 / 1.129         0.654 / 1.129       ms
[190.094s][info][gc,stats    ]    Subphase: Concurrent Classes Unlink                    17.949 / 24.788       16.260 / 28.085       16.260 / 28.085       16.260 / 28.085      ms
[190.094s][info][gc,stats    ]    Subphase: Concurrent Mark                              80.810 / 170.037     143.507 / 1155.457    143.507 / 1155.457    143.507 / 1155.457    ms
[190.094s][info][gc,stats    ]    Subphase: Concurrent Mark Try Flush                     0.104 / 0.446         0.101 / 0.574         0.101 / 0.574         0.101 / 0.574       ms
[190.094s][info][gc,stats    ]    Subphase: Concurrent Mark Try Terminate                 1.322 / 11.959        2.061 / 16.943        2.061 / 16.943        2.061 / 16.943      ms
[190.094s][info][gc,stats    ]    Subphase: Concurrent References Enqueue                 0.005 / 0.008         0.005 / 0.009         0.005 / 0.009         0.005 / 0.009       ms
[190.094s][info][gc,stats    ]    Subphase: Concurrent References Process                 0.634 / 1.010         0.607 / 1.172         0.607 / 1.172         0.607 / 1.172       ms
[190.094s][info][gc,stats    ]    Subphase: Concurrent Roots ClassLoaderDataGraph         0.148 / 0.310         0.150 / 0.429         0.150 / 0.429         0.150 / 0.429       ms
[190.094s][info][gc,stats    ]    Subphase: Concurrent Roots CodeCache                    0.000 / 0.000         0.000 / 0.000         0.000 / 0.000         0.000 / 0.000       ms
[190.094s][info][gc,stats    ]    Subphase: Concurrent Roots JavaThreads                  0.804 / 1.583         1.116 / 2.895         1.116 / 2.895         1.116 / 2.895       ms
[190.094s][info][gc,stats    ]    Subphase: Concurrent Roots OopStorageSet                0.037 / 0.066         0.038 / 0.157         0.038 / 0.157         0.038 / 0.157       ms
[190.094s][info][gc,stats    ]    Subphase: Concurrent Weak Roots OopStorageSet           0.652 / 1.008         0.714 / 1.424         0.714 / 1.424         0.714 / 1.424       ms
[190.094s][info][gc,stats    ]    Subphase: Pause Mark Try Complete                       0.000 / 0.000         0.000 / 0.000         0.000 / 0.000         0.000 / 0.000       ms
[190.094s][info][gc,stats    ]      System: Java Threads                                     29 / 30               35 / 48               35 / 48               35 / 48          threads
[190.094s][info][gc,stats    ] =========================================================================================================================================================
[190.301s][info][gc,start    ] GC(379) Garbage Collection (Allocation Rate)
[190.301s][info][gc,task     ] GC(379) Using 1 workers
[190.301s][info][gc,phases   ] GC(379) Pause Mark Start 0.013ms
[190.468s][info][gc,phases   ] GC(379) Concurrent Mark 166.760ms
[190.468s][info][gc,phases   ] GC(379) Pause Mark End 0.013ms
[190.468s][info][gc,phases   ] GC(379) Concurrent Mark Free 0.001ms
[190.496s][info][gc,phases   ] GC(379) Concurrent Process Non-Strong References 27.529ms
[190.496s][info][gc,phases   ] GC(379) Concurrent Reset Relocation Set 0.010ms
[190.501s][info][gc,phases   ] GC(379) Concurrent Select Relocation Set 5.459ms
[190.501s][info][gc,phases   ] GC(379) Pause Relocate Start 0.019ms
[190.542s][info][gc,phases   ] GC(379) Concurrent Relocate 40.274ms
[190.542s][info][gc,load     ] GC(379) Load: 0.00/0.00/0.00
[190.542s][info][gc,mmu      ] GC(379) MMU: 2ms/94.3%, 5ms/97.7%, 10ms/98.9%, 20ms/99.4%, 50ms/99.7%, 100ms/99.8%
[190.542s][info][gc,marking  ] GC(379) Mark: 1 stripe(s), 2 proactive flush(es), 1 terminate flush(es), 0 completion(s), 0 continuation(s) 
[190.542s][info][gc,marking  ] GC(379) Mark Stack Usage: 32M
[190.542s][info][gc,nmethod  ] GC(379) NMethods: 15288 registered, 2270 unregistered
[190.542s][info][gc,metaspace] GC(379) Metaspace: 100M used, 101M committed, 1152M reserved
[190.542s][info][gc,ref      ] GC(379) Soft: 4314 encountered, 0 discovered, 0 enqueued
[190.542s][info][gc,ref      ] GC(379) Weak: 7445 encountered, 6251 discovered, 6 enqueued
[190.542s][info][gc,ref      ] GC(379) Final: 1 encountered, 1 discovered, 0 enqueued
[190.542s][info][gc,ref      ] GC(379) Phantom: 773 encountered, 395 discovered, 0 enqueued
[190.542s][info][gc,reloc    ] GC(379) Small Pages: 574 / 1148M, Empty: 294M, Relocated: 25M, In-Place: 0
[190.542s][info][gc,reloc    ] GC(379) Medium Pages: 2 / 64M, Empty: 0M, Relocated: 3M, In-Place: 0
[190.542s][info][gc,reloc    ] GC(379) Large Pages: 7 / 62M, Empty: 0M, Relocated: 0M, In-Place: 0
[190.542s][info][gc,reloc    ] GC(379) Forwarding Usage: 16M
[190.542s][info][gc,heap     ] GC(379) Min Capacity: 2048M(100%)
[190.542s][info][gc,heap     ] GC(379) Max Capacity: 2048M(100%)
[190.542s][info][gc,heap     ] GC(379) Soft Max Capacity: 2048M(100%)
[190.542s][info][gc,heap     ] GC(379)                Mark Start          Mark End        Relocate Start      Relocate End           High               Low         
[190.542s][info][gc,heap     ] GC(379)  Capacity:     2048M (100%)       2048M (100%)       2048M (100%)       2048M (100%)       2048M (100%)       2048M (100%)   
[190.542s][info][gc,heap     ] GC(379)      Free:      774M (38%)         362M (18%)         580M (28%)        1274M (62%)        1274M (62%)         298M (15%)    
[190.542s][info][gc,heap     ] GC(379)      Used:     1274M (62%)        1686M (82%)        1468M (72%)         774M (38%)        1750M (85%)         774M (38%)    
[190.542s][info][gc,heap     ] GC(379)      Live:         -               134M (7%)          134M (7%)          134M (7%)             -                  -          
[190.542s][info][gc,heap     ] GC(379) Allocated:         -               412M (20%)         488M (24%)         600M (29%)            -                  -          
[190.542s][info][gc,heap     ] GC(379)   Garbage:         -              1139M (56%)         845M (41%)          39M (2%)             -                  -          
[190.542s][info][gc,heap     ] GC(379) Reclaimed:         -                  -               294M (14%)        1100M (54%)            -                  -          
[190.542s][info][gc          ] GC(379) Garbage Collection (Allocation Rate) 1274M(62%)->774M(38%)
[190.604s][info][gc,start    ] GC(380) Garbage Collection (Allocation Rate)
[190.604s][info][gc,task     ] GC(380) Using 1 workers
[190.604s][info][gc,phases   ] GC(380) Pause Mark Start 0.011ms
[190.774s][info][gc,phases   ] GC(380) Concurrent Mark 169.451ms
[190.774s][info][gc,phases   ] GC(380) Pause Mark End 0.019ms
[190.774s][info][gc,phases   ] GC(380) Concurrent Mark Free 0.001ms
[190.801s][info][gc,phases   ] GC(380) Concurrent Process Non-Strong References 26.322ms
[190.801s][info][gc,phases   ] GC(380) Concurrent Reset Relocation Set 0.022ms
[190.803s][info][gc,phases   ] GC(380) Concurrent Select Relocation Set 2.455ms
[190.803s][info][gc,phases   ] GC(380) Pause Relocate Start 0.011ms
[190.808s][info][gc,phases   ] GC(380) Concurrent Relocate 4.684ms
[190.808s][info][gc,load     ] GC(380) Load: 0.00/0.00/0.00
[190.808s][info][gc,mmu      ] GC(380) MMU: 2ms/94.3%, 5ms/97.7%, 10ms/98.9%, 20ms/99.4%, 50ms/99.7%, 100ms/99.8%
[190.808s][info][gc,marking  ] GC(380) Mark: 1 stripe(s), 2 proactive flush(es), 1 terminate flush(es), 0 completion(s), 0 continuation(s) 
[190.808s][info][gc,marking  ] GC(380) Mark Stack Usage: 32M
[190.808s][info][gc,nmethod  ] GC(380) NMethods: 15288 registered, 2270 unregistered
[190.808s][info][gc,metaspace] GC(380) Metaspace: 100M used, 101M committed, 1152M reserved
[190.808s][info][gc,ref      ] GC(380) Soft: 4314 encountered, 0 discovered, 0 enqueued
[190.808s][info][gc,ref      ] GC(380) Weak: 7439 encountered, 6245 discovered, 0 enqueued
[190.808s][info][gc,ref      ] GC(380) Final: 1 encountered, 1 discovered, 0 enqueued
[190.808s][info][gc,ref      ] GC(380) Phantom: 773 encountered, 395 discovered, 0 enqueued
[190.808s][info][gc,reloc    ] GC(380) Small Pages: 401 / 802M, Empty: 300M, Relocated: 3M, In-Place: 0
[190.808s][info][gc,reloc    ] GC(380) Medium Pages: 2 / 64M, Empty: 0M, Relocated: 3M, In-Place: 0
[190.808s][info][gc,reloc    ] GC(380) Large Pages: 7 / 62M, Empty: 0M, Relocated: 0M, In-Place: 0
[190.808s][info][gc,reloc    ] GC(380) Forwarding Usage: 1M
[190.808s][info][gc,heap     ] GC(380) Min Capacity: 2048M(100%)
[190.808s][info][gc,heap     ] GC(380) Max Capacity: 2048M(100%)
[190.808s][info][gc,heap     ] GC(380) Soft Max Capacity: 2048M(100%)
[190.808s][info][gc,heap     ] GC(380)                Mark Start          Mark End        Relocate Start      Relocate End           High               Low         
[190.809s][info][gc,heap     ] GC(380)  Capacity:     2048M (100%)       2048M (100%)       2048M (100%)       2048M (100%)       2048M (100%)       2048M (100%)   
[190.809s][info][gc,heap     ] GC(380)      Free:     1120M (55%)         704M (34%)         968M (47%)        1426M (70%)        1426M (70%)         668M (33%)    
[190.809s][info][gc,heap     ] GC(380)      Used:      928M (45%)        1344M (66%)        1080M (53%)         622M (30%)        1380M (67%)         622M (30%)    
[190.809s][info][gc,heap     ] GC(380)      Live:         -               134M (7%)          134M (7%)          134M (7%)             -                  -          
[190.809s][info][gc,heap     ] GC(380) Allocated:         -               416M (20%)         452M (22%)         452M (22%)            -                  -          
[190.809s][info][gc,heap     ] GC(380)   Garbage:         -               793M (39%)         493M (24%)          35M (2%)             -                  -          
[190.809s][info][gc,heap     ] GC(380) Reclaimed:         -                  -               300M (15%)         758M (37%)            -                  -          
[190.809s][info][gc          ] GC(380) Garbage Collection (Allocation Rate) 928M(45%)->622M(30%)
[190.809s][info][gc,start    ] GC(381) Garbage Collection (System.gc())
[190.809s][info][gc,task     ] GC(381) Using 2 workers
[190.809s][info][gc,phases   ] GC(381) Pause Mark Start 0.007ms
[190.842s][info][gc,phases   ] GC(381) Concurrent Mark 32.891ms
[190.842s][info][gc,phases   ] GC(381) Pause Mark End 0.013ms
[190.842s][info][gc,phases   ] GC(381) Concurrent Mark Free 0.001ms
[190.855s][info][gc,phases   ] GC(381) Concurrent Process Non-Strong References 12.886ms
[190.855s][info][gc,phases   ] GC(381) Concurrent Reset Relocation Set 0.018ms
[190.856s][info][gc,phases   ] GC(381) Concurrent Select Relocation Set 1.356ms
[190.857s][info][gc,phases   ] GC(381) Pause Relocate Start 0.010ms
[190.858s][info][gc,phases   ] GC(381) Concurrent Relocate 1.021ms
[190.858s][info][gc,load     ] GC(381) Load: 0.00/0.00/0.00
[190.858s][info][gc,mmu      ] GC(381) MMU: 2ms/94.3%, 5ms/97.7%, 10ms/98.9%, 20ms/99.4%, 50ms/99.7%, 100ms/99.8%
[190.858s][info][gc,marking  ] GC(381) Mark: 2 stripe(s), 2 proactive flush(es), 1 terminate flush(es), 0 completion(s), 0 continuation(s) 
[190.858s][info][gc,marking  ] GC(381) Mark Stack Usage: 32M
[190.858s][info][gc,nmethod  ] GC(381) NMethods: 15288 registered, 2270 unregistered
[190.858s][info][gc,metaspace] GC(381) Metaspace: 100M used, 101M committed, 1152M reserved
[190.858s][info][gc,ref      ] GC(381) Soft: 4314 encountered, 0 discovered, 0 enqueued
[190.858s][info][gc,ref      ] GC(381) Weak: 7438 encountered, 631 discovered, 3 enqueued
[190.858s][info][gc,ref      ] GC(381) Final: 1 encountered, 0 discovered, 0 enqueued
[190.858s][info][gc,ref      ] GC(381) Phantom: 773 encountered, 581 discovered, 0 enqueued
[190.858s][info][gc,reloc    ] GC(381) Small Pages: 264 / 528M, Empty: 458M, Relocated: 1M, In-Place: 0
[190.858s][info][gc,reloc    ] GC(381) Medium Pages: 1 / 32M, Empty: 0M, Relocated: 0M, In-Place: 0
[190.858s][info][gc,reloc    ] GC(381) Large Pages: 7 / 62M, Empty: 0M, Relocated: 0M, In-Place: 0
[190.858s][info][gc,reloc    ] GC(381) Forwarding Usage: 0M
[190.858s][info][gc,heap     ] GC(381) Min Capacity: 2048M(100%)
[190.858s][info][gc,heap     ] GC(381) Max Capacity: 2048M(100%)
[190.858s][info][gc,heap     ] GC(381) Soft Max Capacity: 2048M(100%)
[190.858s][info][gc,heap     ] GC(381)                Mark Start          Mark End        Relocate Start      Relocate End           High               Low         
[190.858s][info][gc,heap     ] GC(381)  Capacity:     2048M (100%)       2048M (100%)       2048M (100%)       2048M (100%)       2048M (100%)       2048M (100%)   
[190.858s][info][gc,heap     ] GC(381)      Free:     1426M (70%)        1424M (70%)        1882M (92%)        1900M (93%)        1900M (93%)        1424M (70%)    
[190.858s][info][gc,heap     ] GC(381)      Used:      622M (30%)         624M (30%)         166M (8%)          148M (7%)          624M (30%)         148M (7%)     
[190.858s][info][gc,heap     ] GC(381)      Live:         -               106M (5%)          106M (5%)          106M (5%)             -                  -          
[190.858s][info][gc,heap     ] GC(381) Allocated:         -                 2M (0%)            2M (0%)            2M (0%)             -                  -          
[190.858s][info][gc,heap     ] GC(381)   Garbage:         -               515M (25%)          57M (3%)           39M (2%)             -                  -          
[190.858s][info][gc,heap     ] GC(381) Reclaimed:         -                  -               458M (22%)         476M (23%)            -                  -          
[190.858s][info][gc          ] GC(381) Garbage Collection (System.gc()) 622M(30%)->148M(7%)
[191.398s][info][gc,start    ] GC(382) Garbage Collection (Allocation Rate)
[191.398s][info][gc,task     ] GC(382) Using 1 workers
[191.398s][info][gc,phases   ] GC(382) Pause Mark Start 0.007ms
[191.499s][info][gc,phases   ] GC(382) Concurrent Mark 100.296ms
[191.499s][info][gc,phases   ] GC(382) Pause Mark End 0.013ms
[191.499s][info][gc,phases   ] GC(382) Concurrent Mark Free 0.001ms
[191.526s][info][gc,phases   ] GC(382) Concurrent Process Non-Strong References 26.709ms
[191.526s][info][gc,phases   ] GC(382) Concurrent Reset Relocation Set 0.003ms
[191.528s][info][gc,phases   ] GC(382) Concurrent Select Relocation Set 2.282ms
[191.528s][info][gc,phases   ] GC(382) Pause Relocate Start 0.011ms
[191.533s][info][gc,phases   ] GC(382) Concurrent Relocate 4.747ms
[191.533s][info][gc,load     ] GC(382) Load: 0.00/0.00/0.00
[191.533s][info][gc,mmu      ] GC(382) MMU: 2ms/94.3%, 5ms/97.7%, 10ms/98.9%, 20ms/99.4%, 50ms/99.7%, 100ms/99.8%
[191.533s][info][gc,marking  ] GC(382) Mark: 1 stripe(s), 2 proactive flush(es), 1 terminate flush(es), 0 completion(s), 0 continuation(s) 
[191.533s][info][gc,marking  ] GC(382) Mark Stack Usage: 32M
[191.533s][info][gc,nmethod  ] GC(382) NMethods: 15289 registered, 2270 unregistered
[191.533s][info][gc,metaspace] GC(382) Metaspace: 100M used, 101M committed, 1152M reserved
[191.533s][info][gc,ref      ] GC(382) Soft: 4314 encountered, 0 discovered, 0 enqueued
[191.533s][info][gc,ref      ] GC(382) Weak: 7445 encountered, 6248 discovered, 1 enqueued
[191.533s][info][gc,ref      ] GC(382) Final: 1 encountered, 1 discovered, 0 enqueued
[191.533s][info][gc,ref      ] GC(382) Phantom: 773 encountered, 395 discovered, 0 enqueued
[191.533s][info][gc,reloc    ] GC(382) Small Pages: 501 / 1002M, Empty: 638M, Relocated: 3M, In-Place: 0
[191.533s][info][gc,reloc    ] GC(382) Medium Pages: 2 / 64M, Empty: 32M, Relocated: 0M, In-Place: 0
[191.533s][info][gc,reloc    ] GC(382) Large Pages: 7 / 62M, Empty: 0M, Relocated: 0M, In-Place: 0
[191.533s][info][gc,reloc    ] GC(382) Forwarding Usage: 1M
[191.533s][info][gc,heap     ] GC(382) Min Capacity: 2048M(100%)
[191.533s][info][gc,heap     ] GC(382) Max Capacity: 2048M(100%)
[191.533s][info][gc,heap     ] GC(382) Soft Max Capacity: 2048M(100%)
[191.533s][info][gc,heap     ] GC(382)                Mark Start          Mark End        Relocate Start      Relocate End           High               Low         
[191.533s][info][gc,heap     ] GC(382)  Capacity:     2048M (100%)       2048M (100%)       2048M (100%)       2048M (100%)       2048M (100%)       2048M (100%)   
[191.533s][info][gc,heap     ] GC(382)      Free:      920M (45%)         702M (34%)        1310M (64%)        1614M (79%)        1616M (79%)         644M (31%)    
[191.533s][info][gc,heap     ] GC(382)      Used:     1128M (55%)        1346M (66%)         738M (36%)         434M (21%)        1404M (69%)         432M (21%)    
[191.533s][info][gc,heap     ] GC(382)      Live:         -               106M (5%)          106M (5%)          106M (5%)             -                  -          
[191.533s][info][gc,heap     ] GC(382) Allocated:         -               218M (11%)         280M (14%)         289M (14%)            -                  -          
[191.533s][info][gc,heap     ] GC(382)   Garbage:         -              1021M (50%)         351M (17%)          37M (2%)             -                  -          
[191.533s][info][gc,heap     ] GC(382) Reclaimed:         -                  -               670M (33%)         983M (48%)            -                  -          
[191.533s][info][gc          ] GC(382) Garbage Collection (Allocation Rate) 1128M(55%)->434M(21%)
[191.908s][info][gc,start    ] GC(383) Garbage Collection (Allocation Rate)
[191.908s][info][gc,task     ] GC(383) Using 1 workers
[191.909s][info][gc,phases   ] GC(383) Pause Mark Start 0.009ms
[192.073s][info][gc,phases   ] GC(383) Concurrent Mark 164.033ms
[192.073s][info][gc,phases   ] GC(383) Pause Mark End 0.014ms
[192.073s][info][gc,phases   ] GC(383) Concurrent Mark Free 0.001ms
[192.100s][info][gc,phases   ] GC(383) Concurrent Process Non-Strong References 27.360ms
[192.100s][info][gc,phases   ] GC(383) Concurrent Reset Relocation Set 0.014ms
[192.106s][info][gc,phases   ] GC(383) Concurrent Select Relocation Set 5.187ms
[192.106s][info][gc,phases   ] GC(383) Pause Relocate Start 0.013ms
[192.145s][info][gc,phases   ] GC(383) Concurrent Relocate 39.102ms
[192.145s][info][gc,load     ] GC(383) Load: 0.00/0.00/0.00
[192.145s][info][gc,mmu      ] GC(383) MMU: 2ms/94.3%, 5ms/97.7%, 10ms/98.9%, 20ms/99.4%, 50ms/99.7%, 100ms/99.8%
[192.145s][info][gc,marking  ] GC(383) Mark: 1 stripe(s), 2 proactive flush(es), 1 terminate flush(es), 0 completion(s), 0 continuation(s) 
[192.145s][info][gc,marking  ] GC(383) Mark Stack Usage: 32M
[192.145s][info][gc,nmethod  ] GC(383) NMethods: 15289 registered, 2270 unregistered
[192.145s][info][gc,metaspace] GC(383) Metaspace: 100M used, 101M committed, 1152M reserved
[192.145s][info][gc,ref      ] GC(383) Soft: 4314 encountered, 0 discovered, 0 enqueued
[192.145s][info][gc,ref      ] GC(383) Weak: 7445 encountered, 6251 discovered, 6 enqueued
[192.145s][info][gc,ref      ] GC(383) Final: 1 encountered, 1 discovered, 0 enqueued
[192.145s][info][gc,ref      ] GC(383) Phantom: 773 encountered, 395 discovered, 0 enqueued
[192.145s][info][gc,reloc    ] GC(383) Small Pages: 603 / 1206M, Empty: 300M, Relocated: 25M, In-Place: 0
[192.145s][info][gc,reloc    ] GC(383) Medium Pages: 2 / 64M, Empty: 0M, Relocated: 3M, In-Place: 0
[192.145s][info][gc,reloc    ] GC(383) Large Pages: 7 / 62M, Empty: 0M, Relocated: 0M, In-Place: 0
[192.145s][info][gc,reloc    ] GC(383) Forwarding Usage: 16M
[192.145s][info][gc,heap     ] GC(383) Min Capacity: 2048M(100%)
[192.145s][info][gc,heap     ] GC(383) Max Capacity: 2048M(100%)
[192.145s][info][gc,heap     ] GC(383) Soft Max Capacity: 2048M(100%)
[192.145s][info][gc,heap     ] GC(383)                Mark Start          Mark End        Relocate Start      Relocate End           High               Low         
[192.145s][info][gc,heap     ] GC(383)  Capacity:     2048M (100%)       2048M (100%)       2048M (100%)       2048M (100%)       2048M (100%)       2048M (100%)   
[192.145s][info][gc,heap     ] GC(383)      Free:      716M (35%)         294M (14%)         516M (25%)        1268M (62%)        1268M (62%)         230M (11%)    
[192.145s][info][gc,heap     ] GC(383)      Used:     1332M (65%)        1754M (86%)        1532M (75%)         780M (38%)        1818M (89%)         780M (38%)    
[192.145s][info][gc,heap     ] GC(383)      Live:         -               134M (7%)          134M (7%)          134M (7%)             -                  -          
[192.145s][info][gc,heap     ] GC(383) Allocated:         -               422M (21%)         500M (24%)         608M (30%)            -                  -          
[192.146s][info][gc,heap     ] GC(383)   Garbage:         -              1197M (58%)         897M (44%)          37M (2%)             -                  -          
[192.146s][info][gc,heap     ] GC(383) Reclaimed:         -                  -               300M (15%)        1160M (57%)            -                  -          
[192.146s][info][gc          ] GC(383) Garbage Collection (Allocation Rate) 1332M(65%)->780M(38%)
[192.194s][info][gc,start    ] GC(384) Garbage Collection (Allocation Rate)
[192.194s][info][gc,task     ] GC(384) Using 1 workers
[192.194s][info][gc,phases   ] GC(384) Pause Mark Start 0.007ms
[192.359s][info][gc,phases   ] GC(384) Concurrent Mark 164.698ms
[192.359s][info][gc,phases   ] GC(384) Pause Mark End 0.011ms
[192.359s][info][gc,phases   ] GC(384) Concurrent Mark Free 0.001ms
[192.384s][info][gc,phases   ] GC(384) Concurrent Process Non-Strong References 24.809ms
[192.384s][info][gc,phases   ] GC(384) Concurrent Reset Relocation Set 0.029ms
[192.387s][info][gc,phases   ] GC(384) Concurrent Select Relocation Set 2.967ms
[192.388s][info][gc,phases   ] GC(384) Pause Relocate Start 0.010ms
[192.392s][info][gc,phases   ] GC(384) Concurrent Relocate 4.091ms
[192.392s][info][gc,load     ] GC(384) Load: 0.00/0.00/0.00
[192.392s][info][gc,mmu      ] GC(384) MMU: 2ms/94.3%, 5ms/97.7%, 10ms/98.9%, 20ms/99.4%, 50ms/99.7%, 100ms/99.8%
[192.392s][info][gc,marking  ] GC(384) Mark: 1 stripe(s), 2 proactive flush(es), 1 terminate flush(es), 0 completion(s), 0 continuation(s) 
[192.392s][info][gc,marking  ] GC(384) Mark Stack Usage: 32M
[192.392s][info][gc,nmethod  ] GC(384) NMethods: 15289 registered, 2270 unregistered
[192.392s][info][gc,metaspace] GC(384) Metaspace: 100M used, 101M committed, 1152M reserved
[192.392s][info][gc,ref      ] GC(384) Soft: 4314 encountered, 0 discovered, 0 enqueued
[192.392s][info][gc,ref      ] GC(384) Weak: 7437 encountered, 6246 discovered, 0 enqueued
[192.392s][info][gc,ref      ] GC(384) Final: 1 encountered, 1 discovered, 0 enqueued
[192.392s][info][gc,ref      ] GC(384) Phantom: 773 encountered, 395 discovered, 0 enqueued
[192.392s][info][gc,reloc    ] GC(384) Small Pages: 391 / 782M, Empty: 302M, Relocated: 2M, In-Place: 0
[192.392s][info][gc,reloc    ] GC(384) Medium Pages: 2 / 64M, Empty: 0M, Relocated: 3M, In-Place: 0
[192.392s][info][gc,reloc    ] GC(384) Large Pages: 7 / 62M, Empty: 0M, Relocated: 0M, In-Place: 0
[192.392s][info][gc,reloc    ] GC(384) Forwarding Usage: 1M
[192.392s][info][gc,heap     ] GC(384) Min Capacity: 2048M(100%)
[192.392s][info][gc,heap     ] GC(384) Max Capacity: 2048M(100%)
[192.392s][info][gc,heap     ] GC(384) Soft Max Capacity: 2048M(100%)
[192.392s][info][gc,heap     ] GC(384)                Mark Start          Mark End        Relocate Start      Relocate End           High               Low         
[192.392s][info][gc,heap     ] GC(384)  Capacity:     2048M (100%)       2048M (100%)       2048M (100%)       2048M (100%)       2048M (100%)       2048M (100%)   
[192.392s][info][gc,heap     ] GC(384)      Free:     1140M (56%)         754M (37%)        1054M (51%)        1488M (73%)        1488M (73%)         752M (37%)    
[192.392s][info][gc,heap     ] GC(384)      Used:      908M (44%)        1294M (63%)         994M (49%)         560M (27%)        1296M (63%)         560M (27%)    
[192.392s][info][gc,heap     ] GC(384)      Live:         -               134M (7%)          134M (7%)          134M (7%)             -                  -          
[192.392s][info][gc,heap     ] GC(384) Allocated:         -               386M (19%)         388M (19%)         388M (19%)            -                  -          
[192.392s][info][gc,heap     ] GC(384)   Garbage:         -               773M (38%)         471M (23%)          37M (2%)             -                  -          
[192.392s][info][gc,heap     ] GC(384) Reclaimed:         -                  -               302M (15%)         736M (36%)            -                  -          
[192.392s][info][gc          ] GC(384) Garbage Collection (Allocation Rate) 908M(44%)->560M(27%)
[192.392s][info][gc,start    ] GC(385) Garbage Collection (System.gc())
[192.392s][info][gc,task     ] GC(385) Using 2 workers
[192.392s][info][gc,phases   ] GC(385) Pause Mark Start 0.008ms
[192.433s][info][gc,phases   ] GC(385) Concurrent Mark 40.303ms
[192.433s][info][gc,phases   ] GC(385) Pause Mark End 0.018ms
[192.433s][info][gc,phases   ] GC(385) Concurrent Mark Free 0.002ms
[192.447s][info][gc,phases   ] GC(385) Concurrent Process Non-Strong References 13.408ms
[192.447s][info][gc,phases   ] GC(385) Concurrent Reset Relocation Set 0.011ms
[192.448s][info][gc,phases   ] GC(385) Concurrent Select Relocation Set 1.257ms
[192.448s][info][gc,phases   ] GC(385) Pause Relocate Start 0.010ms
[192.449s][info][gc,phases   ] GC(385) Concurrent Relocate 0.687ms
[192.449s][info][gc,load     ] GC(385) Load: 0.00/0.00/0.00
[192.449s][info][gc,mmu      ] GC(385) MMU: 2ms/94.3%, 5ms/97.7%, 10ms/98.9%, 20ms/99.4%, 50ms/99.7%, 100ms/99.8%
[192.449s][info][gc,marking  ] GC(385) Mark: 2 stripe(s), 2 proactive flush(es), 1 terminate flush(es), 0 completion(s), 0 continuation(s) 
[192.449s][info][gc,marking  ] GC(385) Mark Stack Usage: 32M
[192.449s][info][gc,nmethod  ] GC(385) NMethods: 15289 registered, 2270 unregistered
[192.449s][info][gc,metaspace] GC(385) Metaspace: 100M used, 101M committed, 1152M reserved
[192.449s][info][gc,ref      ] GC(385) Soft: 4314 encountered, 0 discovered, 0 enqueued
[192.449s][info][gc,ref      ] GC(385) Weak: 7438 encountered, 277 discovered, 3 enqueued
[192.449s][info][gc,ref      ] GC(385) Final: 1 encountered, 1 discovered, 0 enqueued
[192.449s][info][gc,ref      ] GC(385) Phantom: 773 encountered, 529 discovered, 0 enqueued
[192.449s][info][gc,reloc    ] GC(385) Small Pages: 233 / 466M, Empty: 398M, Relocated: 1M, In-Place: 0
[192.449s][info][gc,reloc    ] GC(385) Medium Pages: 1 / 32M, Empty: 0M, Relocated: 0M, In-Place: 0
[192.449s][info][gc,reloc    ] GC(385) Large Pages: 7 / 62M, Empty: 0M, Relocated: 0M, In-Place: 0
[192.449s][info][gc,reloc    ] GC(385) Forwarding Usage: 0M
[192.449s][info][gc,heap     ] GC(385) Min Capacity: 2048M(100%)
[192.449s][info][gc,heap     ] GC(385) Max Capacity: 2048M(100%)
[192.449s][info][gc,heap     ] GC(385) Soft Max Capacity: 2048M(100%)
[192.449s][info][gc,heap     ] GC(385)                Mark Start          Mark End        Relocate Start      Relocate End           High               Low         
[192.449s][info][gc,heap     ] GC(385)  Capacity:     2048M (100%)       2048M (100%)       2048M (100%)       2048M (100%)       2048M (100%)       2048M (100%)   
[192.449s][info][gc,heap     ] GC(385)      Free:     1488M (73%)        1488M (73%)        1886M (92%)        1902M (93%)        1902M (93%)        1488M (73%)    
[192.449s][info][gc,heap     ] GC(385)      Used:      560M (27%)         560M (27%)         162M (8%)          146M (7%)          560M (27%)         146M (7%)     
[192.449s][info][gc,heap     ] GC(385)      Live:         -               106M (5%)          106M (5%)          106M (5%)             -                  -          
[192.449s][info][gc,heap     ] GC(385) Allocated:         -                 0M (0%)            0M (0%)            0M (0%)             -                  -          
[192.449s][info][gc,heap     ] GC(385)   Garbage:         -               453M (22%)          55M (3%)           39M (2%)             -                  -          
[192.449s][info][gc,heap     ] GC(385) Reclaimed:         -                  -               398M (19%)         414M (20%)            -                  -          
[192.449s][info][gc          ] GC(385) Garbage Collection (System.gc()) 560M(27%)->146M(7%)
[193.007s][info][gc,start    ] GC(386) Garbage Collection (Allocation Rate)
[193.007s][info][gc,task     ] GC(386) Using 1 workers
[193.007s][info][gc,phases   ] GC(386) Pause Mark Start 0.009ms
[193.109s][info][gc,phases   ] GC(386) Concurrent Mark 102.007ms
[193.109s][info][gc,phases   ] GC(386) Pause Mark End 0.015ms
[193.109s][info][gc,phases   ] GC(386) Concurrent Mark Free 0.002ms
[193.135s][info][gc,phases   ] GC(386) Concurrent Process Non-Strong References 25.495ms
[193.135s][info][gc,phases   ] GC(386) Concurrent Reset Relocation Set 0.001ms
[193.137s][info][gc,phases   ] GC(386) Concurrent Select Relocation Set 2.110ms
[193.137s][info][gc,phases   ] GC(386) Pause Relocate Start 0.013ms
[193.143s][info][gc,phases   ] GC(386) Concurrent Relocate 5.382ms
[193.143s][info][gc,load     ] GC(386) Load: 0.00/0.00/0.00
[193.143s][info][gc,mmu      ] GC(386) MMU: 2ms/94.3%, 5ms/97.7%, 10ms/98.9%, 20ms/99.4%, 50ms/99.7%, 100ms/99.8%
[193.143s][info][gc,marking  ] GC(386) Mark: 1 stripe(s), 2 proactive flush(es), 1 terminate flush(es), 0 completion(s), 0 continuation(s) 
[193.143s][info][gc,marking  ] GC(386) Mark Stack Usage: 32M
[193.143s][info][gc,nmethod  ] GC(386) NMethods: 15290 registered, 2270 unregistered
[193.143s][info][gc,metaspace] GC(386) Metaspace: 100M used, 101M committed, 1152M reserved
[193.143s][info][gc,ref      ] GC(386) Soft: 4314 encountered, 0 discovered, 0 enqueued
[193.143s][info][gc,ref      ] GC(386) Weak: 7445 encountered, 6251 discovered, 1 enqueued
[193.143s][info][gc,ref      ] GC(386) Final: 1 encountered, 1 discovered, 0 enqueued
[193.143s][info][gc,ref      ] GC(386) Phantom: 773 encountered, 395 discovered, 0 enqueued
[193.143s][info][gc,reloc    ] GC(386) Small Pages: 521 / 1042M, Empty: 642M, Relocated: 3M, In-Place: 0
[193.143s][info][gc,reloc    ] GC(386) Medium Pages: 2 / 64M, Empty: 32M, Relocated: 0M, In-Place: 0
[193.143s][info][gc,reloc    ] GC(386) Large Pages: 7 / 62M, Empty: 0M, Relocated: 0M, In-Place: 0
[193.143s][info][gc,reloc    ] GC(386) Forwarding Usage: 1M
[193.143s][info][gc,heap     ] GC(386) Min Capacity: 2048M(100%)
[193.143s][info][gc,heap     ] GC(386) Max Capacity: 2048M(100%)
[193.143s][info][gc,heap     ] GC(386) Soft Max Capacity: 2048M(100%)
[193.143s][info][gc,heap     ] GC(386)                Mark Start          Mark End        Relocate Start      Relocate End           High               Low         
[193.143s][info][gc,heap     ] GC(386)  Capacity:     2048M (100%)       2048M (100%)       2048M (100%)       2048M (100%)       2048M (100%)       2048M (100%)   
[193.143s][info][gc,heap     ] GC(386)      Free:      880M (43%)         662M (32%)        1276M (62%)        1614M (79%)        1618M (79%)         606M (30%)    
[193.143s][info][gc,heap     ] GC(386)      Used:     1168M (57%)        1386M (68%)         772M (38%)         434M (21%)        1442M (70%)         430M (21%)    
[193.143s][info][gc,heap     ] GC(386)      Live:         -               107M (5%)          107M (5%)          107M (5%)             -                  -          
[193.143s][info][gc,heap     ] GC(386) Allocated:         -               218M (11%)         278M (14%)         289M (14%)            -                  -          
[193.143s][info][gc,heap     ] GC(386)   Garbage:         -              1060M (52%)         386M (19%)          37M (2%)             -                  -          
[193.143s][info][gc,heap     ] GC(386) Reclaimed:         -                  -               674M (33%)        1023M (50%)            -                  -          
[193.143s][info][gc          ] GC(386) Garbage Collection (Allocation Rate) 1168M(57%)->434M(21%)
[193.501s][info][gc,start    ] GC(387) Garbage Collection (Allocation Rate)
[193.501s][info][gc,task     ] GC(387) Using 1 workers
[193.501s][info][gc,phases   ] GC(387) Pause Mark Start 0.012ms
[193.665s][info][gc,phases   ] GC(387) Concurrent Mark 163.930ms
[193.665s][info][gc,phases   ] GC(387) Pause Mark End 0.014ms
[193.666s][info][gc,phases   ] GC(387) Concurrent Mark Free 0.001ms
[193.692s][info][gc,phases   ] GC(387) Concurrent Process Non-Strong References 26.409ms
[193.692s][info][gc,phases   ] GC(387) Concurrent Reset Relocation Set 0.012ms
[193.698s][info][gc,phases   ] GC(387) Concurrent Select Relocation Set 5.859ms
[193.698s][info][gc,phases   ] GC(387) Pause Relocate Start 0.013ms
[193.738s][info][gc,phases   ] GC(387) Concurrent Relocate 39.412ms
[193.738s][info][gc,load     ] GC(387) Load: 0.00/0.00/0.00
[193.738s][info][gc,mmu      ] GC(387) MMU: 2ms/94.3%, 5ms/97.7%, 10ms/98.9%, 20ms/99.4%, 50ms/99.7%, 100ms/99.8%
[193.738s][info][gc,marking  ] GC(387) Mark: 1 stripe(s), 2 proactive flush(es), 1 terminate flush(es), 0 completion(s), 0 continuation(s) 
[193.738s][info][gc,marking  ] GC(387) Mark Stack Usage: 32M
[193.738s][info][gc,nmethod  ] GC(387) NMethods: 15290 registered, 2270 unregistered
[193.738s][info][gc,metaspace] GC(387) Metaspace: 100M used, 101M committed, 1152M reserved
[193.738s][info][gc,ref      ] GC(387) Soft: 4314 encountered, 0 discovered, 0 enqueued
[193.738s][info][gc,ref      ] GC(387) Weak: 7445 encountered, 6251 discovered, 6 enqueued
[193.738s][info][gc,ref      ] GC(387) Final: 1 encountered, 1 discovered, 0 enqueued
[193.738s][info][gc,ref      ] GC(387) Phantom: 773 encountered, 395 discovered, 0 enqueued
[193.738s][info][gc,reloc    ] GC(387) Small Pages: 577 / 1154M, Empty: 250M, Relocated: 25M, In-Place: 0
[193.738s][info][gc,reloc    ] GC(387) Medium Pages: 2 / 64M, Empty: 0M, Relocated: 3M, In-Place: 0
[193.738s][info][gc,reloc    ] GC(387) Large Pages: 7 / 62M, Empty: 0M, Relocated: 0M, In-Place: 0
[193.738s][info][gc,reloc    ] GC(387) Forwarding Usage: 16M
[193.738s][info][gc,heap     ] GC(387) Min Capacity: 2048M(100%)
[193.738s][info][gc,heap     ] GC(387) Max Capacity: 2048M(100%)
[193.738s][info][gc,heap     ] GC(387) Soft Max Capacity: 2048M(100%)
[193.738s][info][gc,heap     ] GC(387)                Mark Start          Mark End        Relocate Start      Relocate End           High               Low         
[193.738s][info][gc,heap     ] GC(387)  Capacity:     2048M (100%)       2048M (100%)       2048M (100%)       2048M (100%)       2048M (100%)       2048M (100%)   
[193.738s][info][gc,heap     ] GC(387)      Free:      768M (38%)         354M (17%)         526M (26%)        1272M (62%)        1272M (62%)         288M (14%)    
[193.738s][info][gc,heap     ] GC(387)      Used:     1280M (62%)        1694M (83%)        1522M (74%)         776M (38%)        1760M (86%)         776M (38%)    
[193.738s][info][gc,heap     ] GC(387)      Live:         -               134M (7%)          134M (7%)          134M (7%)             -                  -          
[193.738s][info][gc,heap     ] GC(387) Allocated:         -               414M (20%)         492M (24%)         603M (29%)            -                  -          
[193.738s][info][gc,heap     ] GC(387)   Garbage:         -              1145M (56%)         895M (44%)          37M (2%)             -                  -          
[193.738s][info][gc,heap     ] GC(387) Reclaimed:         -                  -               250M (12%)        1107M (54%)            -                  -          
[193.738s][info][gc          ] GC(387) Garbage Collection (Allocation Rate) 1280M(62%)->776M(38%)
[193.802s][info][gc,start    ] GC(388) Garbage Collection (Allocation Rate)
[193.802s][info][gc,task     ] GC(388) Using 1 workers
[193.802s][info][gc,phases   ] GC(388) Pause Mark Start 0.011ms
[193.963s][info][gc,phases   ] GC(388) Concurrent Mark 161.206ms
[193.963s][info][gc,phases   ] GC(388) Pause Mark End 0.014ms
[193.963s][info][gc,phases   ] GC(388) Concurrent Mark Free 0.001ms
[193.988s][info][gc,phases   ] GC(388) Concurrent Process Non-Strong References 24.569ms
[193.988s][info][gc,phases   ] GC(388) Concurrent Reset Relocation Set 0.028ms
[193.991s][info][gc,phases   ] GC(388) Concurrent Select Relocation Set 2.983ms
[193.991s][info][gc,phases   ] GC(388) Pause Relocate Start 0.010ms
[193.997s][info][gc,phases   ] GC(388) Concurrent Relocate 6.007ms
[193.997s][info][gc,load     ] GC(388) Load: 0.00/0.00/0.00
[193.997s][info][gc,mmu      ] GC(388) MMU: 2ms/94.3%, 5ms/97.7%, 10ms/98.9%, 20ms/99.4%, 50ms/99.7%, 100ms/99.8%
[193.997s][info][gc,marking  ] GC(388) Mark: 1 stripe(s), 2 proactive flush(es), 1 terminate flush(es), 0 completion(s), 0 continuation(s) 
[193.997s][info][gc,marking  ] GC(388) Mark Stack Usage: 32M
[193.997s][info][gc,nmethod  ] GC(388) NMethods: 15290 registered, 2270 unregistered
[193.997s][info][gc,metaspace] GC(388) Metaspace: 100M used, 101M committed, 1152M reserved
[193.997s][info][gc,ref      ] GC(388) Soft: 4314 encountered, 0 discovered, 0 enqueued
[193.997s][info][gc,ref      ] GC(388) Weak: 7437 encountered, 6246 discovered, 0 enqueued
[193.997s][info][gc,ref      ] GC(388) Final: 1 encountered, 1 discovered, 0 enqueued
[193.997s][info][gc,ref      ] GC(388) Phantom: 773 encountered, 395 discovered, 0 enqueued
[193.997s][info][gc,reloc    ] GC(388) Small Pages: 406 / 812M, Empty: 308M, Relocated: 5M, In-Place: 0
[193.997s][info][gc,reloc    ] GC(388) Medium Pages: 2 / 64M, Empty: 0M, Relocated: 3M, In-Place: 0
[193.997s][info][gc,reloc    ] GC(388) Large Pages: 7 / 62M, Empty: 0M, Relocated: 0M, In-Place: 0
[193.997s][info][gc,reloc    ] GC(388) Forwarding Usage: 2M
[193.997s][info][gc,heap     ] GC(388) Min Capacity: 2048M(100%)
[193.998s][info][gc,heap     ] GC(388) Max Capacity: 2048M(100%)
[193.998s][info][gc,heap     ] GC(388) Soft Max Capacity: 2048M(100%)
[193.998s][info][gc,heap     ] GC(388)                Mark Start          Mark End        Relocate Start      Relocate End           High               Low         
[193.998s][info][gc,heap     ] GC(388)  Capacity:     2048M (100%)       2048M (100%)       2048M (100%)       2048M (100%)       2048M (100%)       2048M (100%)   
[193.998s][info][gc,heap     ] GC(388)      Free:     1110M (54%)         744M (36%)        1052M (51%)        1512M (74%)        1512M (74%)         744M (36%)    
[193.998s][info][gc,heap     ] GC(388)      Used:      938M (46%)        1304M (64%)         996M (49%)         536M (26%)        1304M (64%)         536M (26%)    
[193.998s][info][gc,heap     ] GC(388)      Live:         -               134M (7%)          134M (7%)          134M (7%)             -                  -          
[193.998s][info][gc,heap     ] GC(388) Allocated:         -               366M (18%)         366M (18%)         366M (18%)            -                  -          
[193.998s][info][gc,heap     ] GC(388)   Garbage:         -               803M (39%)         495M (24%)          35M (2%)             -                  -          
[193.998s][info][gc,heap     ] GC(388) Reclaimed:         -                  -               308M (15%)         768M (38%)            -                  -          
[193.998s][info][gc          ] GC(388) Garbage Collection (Allocation Rate) 938M(46%)->536M(26%)
[193.998s][info][gc,start    ] GC(389) Garbage Collection (System.gc())
[193.998s][info][gc,task     ] GC(389) Using 2 workers
[193.998s][info][gc,phases   ] GC(389) Pause Mark Start 0.005ms
[194.041s][info][gc,phases   ] GC(389) Concurrent Mark 43.424ms
[194.042s][info][gc,phases   ] GC(389) Pause Mark End 0.017ms
[194.042s][info][gc,phases   ] GC(389) Concurrent Mark Free 0.002ms
[194.055s][info][gc,phases   ] GC(389) Concurrent Process Non-Strong References 13.180ms
[194.055s][info][gc,phases   ] GC(389) Concurrent Reset Relocation Set 0.010ms
[194.056s][info][gc,phases   ] GC(389) Concurrent Select Relocation Set 1.250ms
[194.056s][info][gc,phases   ] GC(389) Pause Relocate Start 0.005ms
[194.057s][info][gc,phases   ] GC(389) Concurrent Relocate 0.817ms
[194.057s][info][gc,load     ] GC(389) Load: 0.00/0.00/0.00
[194.057s][info][gc,mmu      ] GC(389) MMU: 2ms/94.3%, 5ms/97.7%, 10ms/98.9%, 20ms/99.4%, 50ms/99.7%, 100ms/99.8%
[194.057s][info][gc,marking  ] GC(389) Mark: 2 stripe(s), 2 proactive flush(es), 1 terminate flush(es), 0 completion(s), 0 continuation(s) 
[194.057s][info][gc,marking  ] GC(389) Mark Stack Usage: 32M
[194.057s][info][gc,nmethod  ] GC(389) NMethods: 15290 registered, 2270 unregistered
[194.057s][info][gc,metaspace] GC(389) Metaspace: 100M used, 101M committed, 1152M reserved
[194.057s][info][gc,ref      ] GC(389) Soft: 4314 encountered, 0 discovered, 0 enqueued
[194.057s][info][gc,ref      ] GC(389) Weak: 7438 encountered, 81 discovered, 3 enqueued
[194.057s][info][gc,ref      ] GC(389) Final: 1 encountered, 0 discovered, 0 enqueued
[194.057s][info][gc,ref      ] GC(389) Phantom: 773 encountered, 616 discovered, 0 enqueued
[194.057s][info][gc,reloc    ] GC(389) Small Pages: 221 / 442M, Empty: 374M, Relocated: 1M, In-Place: 0
[194.057s][info][gc,reloc    ] GC(389) Medium Pages: 1 / 32M, Empty: 0M, Relocated: 0M, In-Place: 0
[194.057s][info][gc,reloc    ] GC(389) Large Pages: 7 / 62M, Empty: 0M, Relocated: 0M, In-Place: 0
[194.057s][info][gc,reloc    ] GC(389) Forwarding Usage: 0M
[194.057s][info][gc,heap     ] GC(389) Min Capacity: 2048M(100%)
[194.057s][info][gc,heap     ] GC(389) Max Capacity: 2048M(100%)
[194.057s][info][gc,heap     ] GC(389) Soft Max Capacity: 2048M(100%)
[194.057s][info][gc,heap     ] GC(389)                Mark Start          Mark End        Relocate Start      Relocate End           High               Low         
[194.057s][info][gc,heap     ] GC(389)  Capacity:     2048M (100%)       2048M (100%)       2048M (100%)       2048M (100%)       2048M (100%)       2048M (100%)   
[194.057s][info][gc,heap     ] GC(389)      Free:     1512M (74%)        1508M (74%)        1882M (92%)        1898M (93%)        1898M (93%)        1508M (74%)    
[194.058s][info][gc,heap     ] GC(389)      Used:      536M (26%)         540M (26%)         166M (8%)          150M (7%)          540M (26%)         150M (7%)     
[194.058s][info][gc,heap     ] GC(389)      Live:         -               106M (5%)          106M (5%)          106M (5%)             -                  -          
[194.058s][info][gc,heap     ] GC(389) Allocated:         -                 4M (0%)            4M (0%)            4M (0%)             -                  -          
[194.058s][info][gc,heap     ] GC(389)   Garbage:         -               429M (21%)          55M (3%)           39M (2%)             -                  -          
[194.058s][info][gc,heap     ] GC(389) Reclaimed:         -                  -               374M (18%)         390M (19%)            -                  -          
[194.058s][info][gc          ] GC(389) Garbage Collection (System.gc()) 536M(26%)->150M(7%)
[194.599s][info][gc,start    ] GC(390) Garbage Collection (Allocation Rate)
[194.599s][info][gc,task     ] GC(390) Using 1 workers
[194.599s][info][gc,phases   ] GC(390) Pause Mark Start 0.010ms
[194.698s][info][gc,phases   ] GC(390) Concurrent Mark 98.888ms
[194.699s][info][gc,phases   ] GC(390) Pause Mark End 0.013ms
[194.699s][info][gc,phases   ] GC(390) Concurrent Mark Free 0.001ms
[194.725s][info][gc,phases   ] GC(390) Concurrent Process Non-Strong References 26.480ms
[194.725s][info][gc,phases   ] GC(390) Concurrent Reset Relocation Set 0.002ms
[194.728s][info][gc,phases   ] GC(390) Concurrent Select Relocation Set 2.407ms
[194.728s][info][gc,phases   ] GC(390) Pause Relocate Start 0.010ms
[194.733s][info][gc,phases   ] GC(390) Concurrent Relocate 4.579ms
[194.733s][info][gc,load     ] GC(390) Load: 0.00/0.00/0.00
[194.733s][info][gc,mmu      ] GC(390) MMU: 2ms/94.3%, 5ms/97.7%, 10ms/98.9%, 20ms/99.4%, 50ms/99.7%, 100ms/99.8%
[194.733s][info][gc,marking  ] GC(390) Mark: 1 stripe(s), 2 proactive flush(es), 1 terminate flush(es), 0 completion(s), 0 continuation(s) 
[194.733s][info][gc,marking  ] GC(390) Mark Stack Usage: 32M
[194.733s][info][gc,nmethod  ] GC(390) NMethods: 15290 registered, 2270 unregistered
[194.733s][info][gc,metaspace] GC(390) Metaspace: 100M used, 101M committed, 1152M reserved
[194.733s][info][gc,ref      ] GC(390) Soft: 4314 encountered, 0 discovered, 0 enqueued
[194.733s][info][gc,ref      ] GC(390) Weak: 7445 encountered, 6248 discovered, 1 enqueued
[194.733s][info][gc,ref      ] GC(390) Final: 1 encountered, 1 discovered, 0 enqueued
[194.733s][info][gc,ref      ] GC(390) Phantom: 773 encountered, 395 discovered, 0 enqueued
[194.733s][info][gc,reloc    ] GC(390) Small Pages: 495 / 990M, Empty: 642M, Relocated: 3M, In-Place: 0
[194.733s][info][gc,reloc    ] GC(390) Medium Pages: 2 / 64M, Empty: 32M, Relocated: 0M, In-Place: 0
[194.733s][info][gc,reloc    ] GC(390) Large Pages: 7 / 62M, Empty: 0M, Relocated: 0M, In-Place: 0
[194.733s][info][gc,reloc    ] GC(390) Forwarding Usage: 1M
[194.733s][info][gc,heap     ] GC(390) Min Capacity: 2048M(100%)
[194.733s][info][gc,heap     ] GC(390) Max Capacity: 2048M(100%)
[194.733s][info][gc,heap     ] GC(390) Soft Max Capacity: 2048M(100%)
[194.733s][info][gc,heap     ] GC(390)                Mark Start          Mark End        Relocate Start      Relocate End           High               Low         
[194.733s][info][gc,heap     ] GC(390)  Capacity:     2048M (100%)       2048M (100%)       2048M (100%)       2048M (100%)       2048M (100%)       2048M (100%)   
[194.733s][info][gc,heap     ] GC(390)      Free:      932M (46%)         716M (35%)        1328M (65%)        1618M (79%)        1620M (79%)         660M (32%)    
[194.733s][info][gc,heap     ] GC(390)      Used:     1116M (54%)        1332M (65%)         720M (35%)         430M (21%)        1388M (68%)         428M (21%)    
[194.733s][info][gc,heap     ] GC(390)      Live:         -               106M (5%)          106M (5%)          106M (5%)             -                  -          
[194.733s][info][gc,heap     ] GC(390) Allocated:         -               216M (11%)         278M (14%)         285M (14%)            -                  -          
[194.733s][info][gc,heap     ] GC(390)   Garbage:         -              1009M (49%)         335M (16%)          37M (2%)             -                  -          
[194.733s][info][gc,heap     ] GC(390) Reclaimed:         -                  -               674M (33%)         971M (47%)            -                  -          
[194.733s][info][gc          ] GC(390) Garbage Collection (Allocation Rate) 1116M(54%)->430M(21%)
[195.106s][info][gc,start    ] GC(391) Garbage Collection (Allocation Rate)
[195.106s][info][gc,task     ] GC(391) Using 1 workers
[195.106s][info][gc,phases   ] GC(391) Pause Mark Start 0.007ms
[195.269s][info][gc,phases   ] GC(391) Concurrent Mark 162.158ms
[195.269s][info][gc,phases   ] GC(391) Pause Mark End 0.013ms
[195.269s][info][gc,phases   ] GC(391) Concurrent Mark Free 0.001ms
[195.296s][info][gc,phases   ] GC(391) Concurrent Process Non-Strong References 26.770ms
[195.296s][info][gc,phases   ] GC(391) Concurrent Reset Relocation Set 0.010ms
[195.302s][info][gc,phases   ] GC(391) Concurrent Select Relocation Set 6.036ms
[195.302s][info][gc,phases   ] GC(391) Pause Relocate Start 0.010ms
[195.341s][info][gc,phases   ] GC(391) Concurrent Relocate 39.020ms
[195.341s][info][gc,load     ] GC(391) Load: 0.00/0.00/0.00
[195.341s][info][gc,mmu      ] GC(391) MMU: 2ms/94.3%, 5ms/97.7%, 10ms/98.9%, 20ms/99.4%, 50ms/99.7%, 100ms/99.8%
[195.341s][info][gc,marking  ] GC(391) Mark: 1 stripe(s), 2 proactive flush(es), 1 terminate flush(es), 0 completion(s), 0 continuation(s) 
[195.341s][info][gc,marking  ] GC(391) Mark Stack Usage: 32M
[195.341s][info][gc,nmethod  ] GC(391) NMethods: 15290 registered, 2270 unregistered
[195.341s][info][gc,metaspace] GC(391) Metaspace: 100M used, 101M committed, 1152M reserved
[195.341s][info][gc,ref      ] GC(391) Soft: 4314 encountered, 0 discovered, 0 enqueued
[195.341s][info][gc,ref      ] GC(391) Weak: 7445 encountered, 6251 discovered, 6 enqueued
[195.341s][info][gc,ref      ] GC(391) Final: 1 encountered, 1 discovered, 0 enqueued
[195.341s][info][gc,ref      ] GC(391) Phantom: 773 encountered, 395 discovered, 0 enqueued
[195.341s][info][gc,reloc    ] GC(391) Small Pages: 595 / 1190M, Empty: 308M, Relocated: 25M, In-Place: 0
[195.341s][info][gc,reloc    ] GC(391) Medium Pages: 2 / 64M, Empty: 0M, Relocated: 3M, In-Place: 0
[195.341s][info][gc,reloc    ] GC(391) Large Pages: 7 / 62M, Empty: 0M, Relocated: 0M, In-Place: 0
[195.341s][info][gc,reloc    ] GC(391) Forwarding Usage: 15M
[195.341s][info][gc,heap     ] GC(391) Min Capacity: 2048M(100%)
[195.341s][info][gc,heap     ] GC(391) Max Capacity: 2048M(100%)
[195.341s][info][gc,heap     ] GC(391) Soft Max Capacity: 2048M(100%)
[195.341s][info][gc,heap     ] GC(391)                Mark Start          Mark End        Relocate Start      Relocate End           High               Low         
[195.341s][info][gc,heap     ] GC(391)  Capacity:     2048M (100%)       2048M (100%)       2048M (100%)       2048M (100%)       2048M (100%)       2048M (100%)   
[195.341s][info][gc,heap     ] GC(391)      Free:      732M (36%)         320M (16%)         552M (27%)        1278M (62%)        1278M (62%)         258M (13%)    
[195.341s][info][gc,heap     ] GC(391)      Used:     1316M (64%)        1728M (84%)        1496M (73%)         770M (38%)        1790M (87%)         770M (38%)    
[195.341s][info][gc,heap     ] GC(391)      Live:         -               134M (7%)          134M (7%)          134M (7%)             -                  -          
[195.341s][info][gc,heap     ] GC(391) Allocated:         -               412M (20%)         488M (24%)         598M (29%)            -                  -          
[195.341s][info][gc,heap     ] GC(391)   Garbage:         -              1181M (58%)         873M (43%)          37M (2%)             -                  -          
[195.341s][info][gc,heap     ] GC(391) Reclaimed:         -                  -               308M (15%)        1144M (56%)            -                  -          
[195.341s][info][gc          ] GC(391) Garbage Collection (Allocation Rate) 1316M(64%)->770M(38%)
[195.407s][info][gc,start    ] GC(392) Garbage Collection (Allocation Rate)
[195.407s][info][gc,task     ] GC(392) Using 1 workers
[195.407s][info][gc,phases   ] GC(392) Pause Mark Start 0.010ms
[195.569s][info][gc,phases   ] GC(392) Concurrent Mark 161.950ms
[195.569s][info][gc,phases   ] GC(392) Pause Mark End 0.008ms
[195.569s][info][gc,phases   ] GC(392) Concurrent Mark Free 0.001ms
[195.594s][info][gc,phases   ] GC(392) Concurrent Process Non-Strong References 24.699ms
[195.594s][info][gc,phases   ] GC(392) Concurrent Reset Relocation Set 0.026ms
[195.597s][info][gc,phases   ] GC(392) Concurrent Select Relocation Set 2.475ms
[195.597s][info][gc,phases   ] GC(392) Pause Relocate Start 0.009ms
[195.601s][info][gc,phases   ] GC(392) Concurrent Relocate 3.937ms
[195.601s][info][gc,load     ] GC(392) Load: 0.00/0.00/0.00
[195.601s][info][gc,mmu      ] GC(392) MMU: 2ms/94.3%, 5ms/97.7%, 10ms/98.9%, 20ms/99.4%, 50ms/99.7%, 100ms/99.8%
[195.601s][info][gc,marking  ] GC(392) Mark: 1 stripe(s), 2 proactive flush(es), 1 terminate flush(es), 0 completion(s), 0 continuation(s) 
[195.601s][info][gc,marking  ] GC(392) Mark Stack Usage: 32M
[195.601s][info][gc,nmethod  ] GC(392) NMethods: 15290 registered, 2270 unregistered
[195.601s][info][gc,metaspace] GC(392) Metaspace: 100M used, 101M committed, 1152M reserved
[195.601s][info][gc,ref      ] GC(392) Soft: 4314 encountered, 0 discovered, 0 enqueued
[195.601s][info][gc,ref      ] GC(392) Weak: 7438 encountered, 6246 discovered, 0 enqueued
[195.601s][info][gc,ref      ] GC(392) Final: 1 encountered, 1 discovered, 0 enqueued
[195.601s][info][gc,ref      ] GC(392) Phantom: 773 encountered, 395 discovered, 0 enqueued
[195.601s][info][gc,reloc    ] GC(392) Small Pages: 405 / 810M, Empty: 330M, Relocated: 2M, In-Place: 0
[195.601s][info][gc,reloc    ] GC(392) Medium Pages: 2 / 64M, Empty: 0M, Relocated: 3M, In-Place: 0
[195.601s][info][gc,reloc    ] GC(392) Large Pages: 7 / 62M, Empty: 0M, Relocated: 0M, In-Place: 0
[195.601s][info][gc,reloc    ] GC(392) Forwarding Usage: 1M
[195.601s][info][gc,heap     ] GC(392) Min Capacity: 2048M(100%)
[195.601s][info][gc,heap     ] GC(392) Max Capacity: 2048M(100%)
[195.601s][info][gc,heap     ] GC(392) Soft Max Capacity: 2048M(100%)
[195.601s][info][gc,heap     ] GC(392)                Mark Start          Mark End        Relocate Start      Relocate End           High               Low         
[195.601s][info][gc,heap     ] GC(392)  Capacity:     2048M (100%)       2048M (100%)       2048M (100%)       2048M (100%)       2048M (100%)       2048M (100%)   
[195.601s][info][gc,heap     ] GC(392)      Free:     1112M (54%)         726M (35%)        1056M (52%)        1490M (73%)        1490M (73%)         726M (35%)    
[195.601s][info][gc,heap     ] GC(392)      Used:      936M (46%)        1322M (65%)         992M (48%)         558M (27%)        1322M (65%)         558M (27%)    
[195.601s][info][gc,heap     ] GC(392)      Live:         -               134M (7%)          134M (7%)          134M (7%)             -                  -          
[195.601s][info][gc,heap     ] GC(392) Allocated:         -               386M (19%)         386M (19%)         385M (19%)            -                  -          
[195.601s][info][gc,heap     ] GC(392)   Garbage:         -               801M (39%)         471M (23%)          37M (2%)             -                  -          
[195.601s][info][gc,heap     ] GC(392) Reclaimed:         -                  -               330M (16%)         763M (37%)            -                  -          
[195.601s][info][gc          ] GC(392) Garbage Collection (Allocation Rate) 936M(46%)->558M(27%)
[195.602s][info][gc,start    ] GC(393) Garbage Collection (System.gc())
[195.602s][info][gc,task     ] GC(393) Using 2 workers
[195.602s][info][gc,phases   ] GC(393) Pause Mark Start 0.009ms
[195.646s][info][gc,phases   ] GC(393) Concurrent Mark 44.681ms
[195.647s][info][gc,phases   ] GC(393) Pause Mark End 0.020ms
[195.647s][info][gc,phases   ] GC(393) Concurrent Mark Free 0.002ms
[195.661s][info][gc,phases   ] GC(393) Concurrent Process Non-Strong References 14.051ms
[195.661s][info][gc,phases   ] GC(393) Concurrent Reset Relocation Set 0.011ms
[195.662s][info][gc,phases   ] GC(393) Concurrent Select Relocation Set 1.189ms
[195.662s][info][gc,phases   ] GC(393) Pause Relocate Start 0.010ms
[195.663s][info][gc,phases   ] GC(393) Concurrent Relocate 0.806ms
[195.663s][info][gc,load     ] GC(393) Load: 0.00/0.00/0.00
[195.663s][info][gc,mmu      ] GC(393) MMU: 2ms/94.3%, 5ms/97.7%, 10ms/98.9%, 20ms/99.4%, 50ms/99.7%, 100ms/99.8%
[195.663s][info][gc,marking  ] GC(393) Mark: 2 stripe(s), 2 proactive flush(es), 1 terminate flush(es), 0 completion(s), 0 continuation(s) 
[195.663s][info][gc,marking  ] GC(393) Mark Stack Usage: 32M
[195.663s][info][gc,nmethod  ] GC(393) NMethods: 15290 registered, 2270 unregistered
[195.663s][info][gc,metaspace] GC(393) Metaspace: 100M used, 101M committed, 1152M reserved
[195.663s][info][gc,ref      ] GC(393) Soft: 4314 encountered, 0 discovered, 0 enqueued
[195.663s][info][gc,ref      ] GC(393) Weak: 7438 encountered, 6561 discovered, 3 enqueued
[195.663s][info][gc,ref      ] GC(393) Final: 1 encountered, 0 discovered, 0 enqueued
[195.663s][info][gc,ref      ] GC(393) Phantom: 773 encountered, 480 discovered, 0 enqueued
[195.663s][info][gc,reloc    ] GC(393) Small Pages: 232 / 464M, Empty: 392M, Relocated: 1M, In-Place: 0
[195.663s][info][gc,reloc    ] GC(393) Medium Pages: 1 / 32M, Empty: 0M, Relocated: 0M, In-Place: 0
[195.663s][info][gc,reloc    ] GC(393) Large Pages: 7 / 62M, Empty: 0M, Relocated: 0M, In-Place: 0
[195.663s][info][gc,reloc    ] GC(393) Forwarding Usage: 0M
[195.663s][info][gc,heap     ] GC(393) Min Capacity: 2048M(100%)
[195.663s][info][gc,heap     ] GC(393) Max Capacity: 2048M(100%)
[195.663s][info][gc,heap     ] GC(393) Soft Max Capacity: 2048M(100%)
[195.663s][info][gc,heap     ] GC(393)                Mark Start          Mark End        Relocate Start      Relocate End           High               Low         
[195.663s][info][gc,heap     ] GC(393)  Capacity:     2048M (100%)       2048M (100%)       2048M (100%)       2048M (100%)       2048M (100%)       2048M (100%)   
[195.663s][info][gc,heap     ] GC(393)      Free:     1490M (73%)        1490M (73%)        1882M (92%)        1902M (93%)        1902M (93%)        1490M (73%)    
[195.663s][info][gc,heap     ] GC(393)      Used:      558M (27%)         558M (27%)         166M (8%)          146M (7%)          558M (27%)         146M (7%)     
[195.663s][info][gc,heap     ] GC(393)      Live:         -               106M (5%)          106M (5%)          106M (5%)             -                  -          
[195.663s][info][gc,heap     ] GC(393) Allocated:         -                 0M (0%)            0M (0%)            0M (0%)             -                  -          
[195.663s][info][gc,heap     ] GC(393)   Garbage:         -               451M (22%)          59M (3%)           39M (2%)             -                  -          
[195.663s][info][gc,heap     ] GC(393) Reclaimed:         -                  -               392M (19%)         412M (20%)            -                  -          
[195.663s][info][gc          ] GC(393) Garbage Collection (System.gc()) 558M(27%)->146M(7%)
[196.203s][info][gc,start    ] GC(394) Garbage Collection (Allocation Rate)
[196.203s][info][gc,task     ] GC(394) Using 1 workers
[196.204s][info][gc,phases   ] GC(394) Pause Mark Start 0.007ms
[196.303s][info][gc,phases   ] GC(394) Concurrent Mark 99.652ms
[196.303s][info][gc,phases   ] GC(394) Pause Mark End 0.013ms
[196.304s][info][gc,phases   ] GC(394) Concurrent Mark Free 0.001ms
[196.331s][info][gc,phases   ] GC(394) Concurrent Process Non-Strong References 26.951ms
[196.331s][info][gc,phases   ] GC(394) Concurrent Reset Relocation Set 0.002ms
[196.332s][info][gc,phases   ] GC(394) Concurrent Select Relocation Set 1.670ms
[196.332s][info][gc,phases   ] GC(394) Pause Relocate Start 0.008ms
[196.335s][info][gc,phases   ] GC(394) Concurrent Relocate 2.628ms
[196.335s][info][gc,load     ] GC(394) Load: 0.00/0.00/0.00
[196.335s][info][gc,mmu      ] GC(394) MMU: 2ms/94.3%, 5ms/97.7%, 10ms/98.9%, 20ms/99.4%, 50ms/99.7%, 100ms/99.8%
[196.335s][info][gc,marking  ] GC(394) Mark: 1 stripe(s), 2 proactive flush(es), 1 terminate flush(es), 0 completion(s), 0 continuation(s) 
[196.335s][info][gc,marking  ] GC(394) Mark Stack Usage: 32M
[196.335s][info][gc,nmethod  ] GC(394) NMethods: 15290 registered, 2270 unregistered
[196.335s][info][gc,metaspace] GC(394) Metaspace: 100M used, 101M committed, 1152M reserved
[196.335s][info][gc,ref      ] GC(394) Soft: 4314 encountered, 0 discovered, 0 enqueued
[196.335s][info][gc,ref      ] GC(394) Weak: 7445 encountered, 6248 discovered, 1 enqueued
[196.335s][info][gc,ref      ] GC(394) Final: 1 encountered, 1 discovered, 0 enqueued
[196.335s][info][gc,ref      ] GC(394) Phantom: 773 encountered, 395 discovered, 0 enqueued
[196.335s][info][gc,reloc    ] GC(394) Small Pages: 501 / 1002M, Empty: 642M, Relocated: 0M, In-Place: 0
[196.335s][info][gc,reloc    ] GC(394) Medium Pages: 2 / 64M, Empty: 32M, Relocated: 0M, In-Place: 0
[196.335s][info][gc,reloc    ] GC(394) Large Pages: 7 / 62M, Empty: 0M, Relocated: 0M, In-Place: 0
[196.335s][info][gc,reloc    ] GC(394) Forwarding Usage: 0M
[196.335s][info][gc,heap     ] GC(394) Min Capacity: 2048M(100%)
[196.335s][info][gc,heap     ] GC(394) Max Capacity: 2048M(100%)
[196.335s][info][gc,heap     ] GC(394) Soft Max Capacity: 2048M(100%)
[196.335s][info][gc,heap     ] GC(394)                Mark Start          Mark End        Relocate Start      Relocate End           High               Low         
[196.335s][info][gc,heap     ] GC(394)  Capacity:     2048M (100%)       2048M (100%)       2048M (100%)       2048M (100%)       2048M (100%)       2048M (100%)   
[196.335s][info][gc,heap     ] GC(394)      Free:      920M (45%)         706M (34%)        1318M (64%)        1620M (79%)        1620M (79%)         648M (32%)    
[196.335s][info][gc,heap     ] GC(394)      Used:     1128M (55%)        1342M (66%)         730M (36%)         428M (21%)        1400M (68%)         428M (21%)    
[196.335s][info][gc,heap     ] GC(394)      Live:         -               106M (5%)          106M (5%)          106M (5%)             -                  -          
[196.336s][info][gc,heap     ] GC(394) Allocated:         -               214M (10%)         276M (13%)         281M (14%)            -                  -          
[196.336s][info][gc,heap     ] GC(394)   Garbage:         -              1021M (50%)         347M (17%)          39M (2%)             -                  -          
[196.336s][info][gc,heap     ] GC(394) Reclaimed:         -                  -               674M (33%)         981M (48%)            -                  -          
[196.336s][info][gc          ] GC(394) Garbage Collection (Allocation Rate) 1128M(55%)->428M(21%)
[196.698s][info][gc,start    ] GC(395) Garbage Collection (Allocation Rate)
[196.698s][info][gc,task     ] GC(395) Using 1 workers
[196.698s][info][gc,phases   ] GC(395) Pause Mark Start 0.008ms
[196.862s][info][gc,phases   ] GC(395) Concurrent Mark 163.698ms
[196.862s][info][gc,phases   ] GC(395) Pause Mark End 0.014ms
[196.862s][info][gc,phases   ] GC(395) Concurrent Mark Free 0.001ms
[196.889s][info][gc,phases   ] GC(395) Concurrent Process Non-Strong References 26.725ms
[196.889s][info][gc,phases   ] GC(395) Concurrent Reset Relocation Set 0.008ms
[196.895s][info][gc,phases   ] GC(395) Concurrent Select Relocation Set 5.704ms
[196.895s][info][gc,phases   ] GC(395) Pause Relocate Start 0.015ms
[196.936s][info][gc,phases   ] GC(395) Concurrent Relocate 40.438ms
[196.936s][info][gc,load     ] GC(395) Load: 0.00/0.00/0.00
[196.936s][info][gc,mmu      ] GC(395) MMU: 2ms/94.3%, 5ms/97.7%, 10ms/98.9%, 20ms/99.4%, 50ms/99.7%, 100ms/99.8%
[196.936s][info][gc,marking  ] GC(395) Mark: 1 stripe(s), 2 proactive flush(es), 1 terminate flush(es), 0 completion(s), 0 continuation(s) 
[196.936s][info][gc,marking  ] GC(395) Mark Stack Usage: 32M
[196.936s][info][gc,nmethod  ] GC(395) NMethods: 15291 registered, 2270 unregistered
[196.936s][info][gc,metaspace] GC(395) Metaspace: 100M used, 101M committed, 1152M reserved
[196.936s][info][gc,ref      ] GC(395) Soft: 4314 encountered, 0 discovered, 0 enqueued
[196.936s][info][gc,ref      ] GC(395) Weak: 7445 encountered, 6251 discovered, 6 enqueued
[196.936s][info][gc,ref      ] GC(395) Final: 1 encountered, 1 discovered, 0 enqueued
[196.936s][info][gc,ref      ] GC(395) Phantom: 773 encountered, 395 discovered, 0 enqueued
[196.936s][info][gc,reloc    ] GC(395) Small Pages: 583 / 1166M, Empty: 290M, Relocated: 26M, In-Place: 0
[196.936s][info][gc,reloc    ] GC(395) Medium Pages: 2 / 64M, Empty: 0M, Relocated: 3M, In-Place: 0
[196.936s][info][gc,reloc    ] GC(395) Large Pages: 7 / 62M, Empty: 0M, Relocated: 0M, In-Place: 0
[196.936s][info][gc,reloc    ] GC(395) Forwarding Usage: 16M
[196.936s][info][gc,heap     ] GC(395) Min Capacity: 2048M(100%)
[196.936s][info][gc,heap     ] GC(395) Max Capacity: 2048M(100%)
[196.936s][info][gc,heap     ] GC(395) Soft Max Capacity: 2048M(100%)
[196.936s][info][gc,heap     ] GC(395)                Mark Start          Mark End        Relocate Start      Relocate End           High               Low         
[196.936s][info][gc,heap     ] GC(395)  Capacity:     2048M (100%)       2048M (100%)       2048M (100%)       2048M (100%)       2048M (100%)       2048M (100%)   
[196.936s][info][gc,heap     ] GC(395)      Free:      756M (37%)         342M (17%)         556M (27%)        1274M (62%)        1274M (62%)         278M (14%)    
[196.936s][info][gc,heap     ] GC(395)      Used:     1292M (63%)        1706M (83%)        1492M (73%)         774M (38%)        1770M (86%)         774M (38%)    
[196.936s][info][gc,heap     ] GC(395)      Live:         -               134M (7%)          134M (7%)          134M (7%)             -                  -          
[196.936s][info][gc,heap     ] GC(395) Allocated:         -               414M (20%)         490M (24%)         601M (29%)            -                  -          
[196.936s][info][gc,heap     ] GC(395)   Garbage:         -              1157M (57%)         867M (42%)          37M (2%)             -                  -          
[196.936s][info][gc,heap     ] GC(395) Reclaimed:         -                  -               290M (14%)        1119M (55%)            -                  -          
[196.936s][info][gc          ] GC(395) Garbage Collection (Allocation Rate) 1292M(63%)->774M(38%)
[196.999s][info][gc,start    ] GC(396) Garbage Collection (Allocation Rate)
[196.999s][info][gc,task     ] GC(396) Using 1 workers
[196.999s][info][gc,phases   ] GC(396) Pause Mark Start 0.008ms
[197.161s][info][gc,phases   ] GC(396) Concurrent Mark 161.644ms
[197.161s][info][gc,phases   ] GC(396) Pause Mark End 0.014ms
[197.161s][info][gc,phases   ] GC(396) Concurrent Mark Free 0.002ms
[197.187s][info][gc,phases   ] GC(396) Concurrent Process Non-Strong References 25.346ms
[197.187s][info][gc,phases   ] GC(396) Concurrent Reset Relocation Set 0.022ms
[197.189s][info][gc,phases   ] GC(396) Concurrent Select Relocation Set 2.451ms
[197.189s][info][gc,phases   ] GC(396) Pause Relocate Start 0.011ms
[197.193s][info][gc,phases   ] GC(396) Concurrent Relocate 3.581ms
[197.193s][info][gc,load     ] GC(396) Load: 0.00/0.00/0.00
[197.193s][info][gc,mmu      ] GC(396) MMU: 2ms/94.3%, 5ms/97.7%, 10ms/98.9%, 20ms/99.4%, 50ms/99.7%, 100ms/99.8%
[197.193s][info][gc,marking  ] GC(396) Mark: 1 stripe(s), 2 proactive flush(es), 1 terminate flush(es), 0 completion(s), 0 continuation(s) 
[197.193s][info][gc,marking  ] GC(396) Mark Stack Usage: 32M
[197.193s][info][gc,nmethod  ] GC(396) NMethods: 15291 registered, 2270 unregistered
[197.193s][info][gc,metaspace] GC(396) Metaspace: 100M used, 101M committed, 1152M reserved
[197.193s][info][gc,ref      ] GC(396) Soft: 4314 encountered, 0 discovered, 0 enqueued
[197.193s][info][gc,ref      ] GC(396) Weak: 7438 encountered, 6246 discovered, 0 enqueued
[197.193s][info][gc,ref      ] GC(396) Final: 1 encountered, 1 discovered, 0 enqueued
[197.193s][info][gc,ref      ] GC(396) Phantom: 773 encountered, 395 discovered, 0 enqueued
[197.193s][info][gc,reloc    ] GC(396) Small Pages: 405 / 810M, Empty: 308M, Relocated: 2M, In-Place: 0
[197.193s][info][gc,reloc    ] GC(396) Medium Pages: 2 / 64M, Empty: 0M, Relocated: 3M, In-Place: 0
[197.193s][info][gc,reloc    ] GC(396) Large Pages: 7 / 62M, Empty: 0M, Relocated: 0M, In-Place: 0
[197.193s][info][gc,reloc    ] GC(396) Forwarding Usage: 1M
[197.193s][info][gc,heap     ] GC(396) Min Capacity: 2048M(100%)
[197.193s][info][gc,heap     ] GC(396) Max Capacity: 2048M(100%)
[197.193s][info][gc,heap     ] GC(396) Soft Max Capacity: 2048M(100%)
[197.193s][info][gc,heap     ] GC(396)                Mark Start          Mark End        Relocate Start      Relocate End           High               Low         
[197.193s][info][gc,heap     ] GC(396)  Capacity:     2048M (100%)       2048M (100%)       2048M (100%)       2048M (100%)       2048M (100%)       2048M (100%)   
[197.194s][info][gc,heap     ] GC(396)      Free:     1112M (54%)         722M (35%)        1020M (50%)        1476M (72%)        1476M (72%)         712M (35%)    
[197.194s][info][gc,heap     ] GC(396)      Used:      936M (46%)        1326M (65%)        1028M (50%)         572M (28%)        1336M (65%)         572M (28%)    
[197.194s][info][gc,heap     ] GC(396)      Live:         -               134M (7%)          134M (7%)          134M (7%)             -                  -          
[197.194s][info][gc,heap     ] GC(396) Allocated:         -               390M (19%)         400M (20%)         400M (20%)            -                  -          
[197.194s][info][gc,heap     ] GC(396)   Garbage:         -               801M (39%)         493M (24%)          37M (2%)             -                  -          
[197.194s][info][gc,heap     ] GC(396) Reclaimed:         -                  -               308M (15%)         764M (37%)            -                  -          
[197.194s][info][gc          ] GC(396) Garbage Collection (Allocation Rate) 936M(46%)->572M(28%)
[197.194s][info][gc,start    ] GC(397) Garbage Collection (System.gc())
[197.194s][info][gc,task     ] GC(397) Using 2 workers
[197.194s][info][gc,phases   ] GC(397) Pause Mark Start 0.002ms
[197.237s][info][gc,phases   ] GC(397) Concurrent Mark 43.577ms
[197.238s][info][gc,phases   ] GC(397) Pause Mark End 0.019ms
[197.238s][info][gc,phases   ] GC(397) Concurrent Mark Free 0.002ms
[197.251s][info][gc,phases   ] GC(397) Concurrent Process Non-Strong References 13.275ms
[197.251s][info][gc,phases   ] GC(397) Concurrent Reset Relocation Set 0.010ms
[197.252s][info][gc,phases   ] GC(397) Concurrent Select Relocation Set 1.151ms
[197.252s][info][gc,phases   ] GC(397) Pause Relocate Start 0.006ms
[197.253s][info][gc,phases   ] GC(397) Concurrent Relocate 0.675ms
[197.253s][info][gc,load     ] GC(397) Load: 0.00/0.00/0.00
[197.253s][info][gc,mmu      ] GC(397) MMU: 2ms/94.3%, 5ms/97.7%, 10ms/98.9%, 20ms/99.4%, 50ms/99.7%, 100ms/99.8%
[197.253s][info][gc,marking  ] GC(397) Mark: 2 stripe(s), 2 proactive flush(es), 1 terminate flush(es), 0 completion(s), 0 continuation(s) 
[197.253s][info][gc,marking  ] GC(397) Mark Stack Usage: 32M
[197.253s][info][gc,nmethod  ] GC(397) NMethods: 15291 registered, 2270 unregistered
[197.253s][info][gc,metaspace] GC(397) Metaspace: 100M used, 101M committed, 1152M reserved
[197.253s][info][gc,ref      ] GC(397) Soft: 4314 encountered, 0 discovered, 0 enqueued
[197.253s][info][gc,ref      ] GC(397) Weak: 7438 encountered, 102 discovered, 3 enqueued
[197.253s][info][gc,ref      ] GC(397) Final: 1 encountered, 0 discovered, 0 enqueued
[197.253s][info][gc,ref      ] GC(397) Phantom: 773 encountered, 617 discovered, 0 enqueued
[197.253s][info][gc,reloc    ] GC(397) Small Pages: 239 / 478M, Empty: 404M, Relocated: 1M, In-Place: 0
[197.253s][info][gc,reloc    ] GC(397) Medium Pages: 1 / 32M, Empty: 0M, Relocated: 0M, In-Place: 0
[197.253s][info][gc,reloc    ] GC(397) Large Pages: 7 / 62M, Empty: 0M, Relocated: 0M, In-Place: 0
[197.253s][info][gc,reloc    ] GC(397) Forwarding Usage: 0M
[197.253s][info][gc,heap     ] GC(397) Min Capacity: 2048M(100%)
[197.253s][info][gc,heap     ] GC(397) Max Capacity: 2048M(100%)
[197.254s][info][gc,heap     ] GC(397) Soft Max Capacity: 2048M(100%)
[197.254s][info][gc,heap     ] GC(397)                Mark Start          Mark End        Relocate Start      Relocate End           High               Low         
[197.254s][info][gc,heap     ] GC(397)  Capacity:     2048M (100%)       2048M (100%)       2048M (100%)       2048M (100%)       2048M (100%)       2048M (100%)   
[197.254s][info][gc,heap     ] GC(397)      Free:     1476M (72%)        1476M (72%)        1880M (92%)        1900M (93%)        1902M (93%)        1476M (72%)    
[197.254s][info][gc,heap     ] GC(397)      Used:      572M (28%)         572M (28%)         168M (8%)          148M (7%)          572M (28%)         146M (7%)     
[197.254s][info][gc,heap     ] GC(397)      Live:         -               106M (5%)          106M (5%)          106M (5%)             -                  -          
[197.254s][info][gc,heap     ] GC(397) Allocated:         -                 0M (0%)            0M (0%)            2M (0%)             -                  -          
[197.254s][info][gc,heap     ] GC(397)   Garbage:         -               465M (23%)          61M (3%)           39M (2%)             -                  -          
[197.254s][info][gc,heap     ] GC(397) Reclaimed:         -                  -               404M (20%)         426M (21%)            -                  -          
[197.254s][info][gc          ] GC(397) Garbage Collection (System.gc()) 572M(28%)->148M(7%)
[197.805s][info][gc,start    ] GC(398) Garbage Collection (Allocation Rate)
[197.805s][info][gc,task     ] GC(398) Using 1 workers
[197.806s][info][gc,phases   ] GC(398) Pause Mark Start 0.008ms
[197.908s][info][gc,phases   ] GC(398) Concurrent Mark 102.055ms
[197.908s][info][gc,phases   ] GC(398) Pause Mark End 0.014ms
[197.908s][info][gc,phases   ] GC(398) Concurrent Mark Free 0.001ms
[197.935s][info][gc,phases   ] GC(398) Concurrent Process Non-Strong References 26.981ms
[197.935s][info][gc,phases   ] GC(398) Concurrent Reset Relocation Set 0.002ms
[197.937s][info][gc,phases   ] GC(398) Concurrent Select Relocation Set 2.182ms
[197.937s][info][gc,phases   ] GC(398) Pause Relocate Start 0.013ms
[197.943s][info][gc,phases   ] GC(398) Concurrent Relocate 5.387ms
[197.943s][info][gc,load     ] GC(398) Load: 0.00/0.00/0.00
[197.943s][info][gc,mmu      ] GC(398) MMU: 2ms/94.3%, 5ms/97.7%, 10ms/98.9%, 20ms/99.4%, 50ms/99.7%, 100ms/99.8%
[197.943s][info][gc,marking  ] GC(398) Mark: 1 stripe(s), 2 proactive flush(es), 1 terminate flush(es), 0 completion(s), 0 continuation(s) 
[197.943s][info][gc,marking  ] GC(398) Mark Stack Usage: 32M
[197.943s][info][gc,nmethod  ] GC(398) NMethods: 15292 registered, 2270 unregistered
[197.943s][info][gc,metaspace] GC(398) Metaspace: 100M used, 101M committed, 1152M reserved
[197.943s][info][gc,ref      ] GC(398) Soft: 4314 encountered, 0 discovered, 0 enqueued
[197.943s][info][gc,ref      ] GC(398) Weak: 7445 encountered, 6251 discovered, 1 enqueued
[197.943s][info][gc,ref      ] GC(398) Final: 1 encountered, 1 discovered, 0 enqueued
[197.943s][info][gc,ref      ] GC(398) Phantom: 773 encountered, 395 discovered, 0 enqueued
[197.943s][info][gc,reloc    ] GC(398) Small Pages: 513 / 1026M, Empty: 642M, Relocated: 3M, In-Place: 0
[197.943s][info][gc,reloc    ] GC(398) Medium Pages: 2 / 64M, Empty: 32M, Relocated: 0M, In-Place: 0
[197.943s][info][gc,reloc    ] GC(398) Large Pages: 7 / 62M, Empty: 0M, Relocated: 0M, In-Place: 0
[197.943s][info][gc,reloc    ] GC(398) Forwarding Usage: 1M
[197.943s][info][gc,heap     ] GC(398) Min Capacity: 2048M(100%)
[197.943s][info][gc,heap     ] GC(398) Max Capacity: 2048M(100%)
[197.943s][info][gc,heap     ] GC(398) Soft Max Capacity: 2048M(100%)
[197.943s][info][gc,heap     ] GC(398)                Mark Start          Mark End        Relocate Start      Relocate End           High               Low         
[197.943s][info][gc,heap     ] GC(398)  Capacity:     2048M (100%)       2048M (100%)       2048M (100%)       2048M (100%)       2048M (100%)       2048M (100%)   
[197.943s][info][gc,heap     ] GC(398)      Free:      896M (44%)         682M (33%)        1294M (63%)        1616M (79%)        1620M (79%)         624M (30%)    
[197.943s][info][gc,heap     ] GC(398)      Used:     1152M (56%)        1366M (67%)         754M (37%)         432M (21%)        1424M (70%)         428M (21%)    
[197.943s][info][gc,heap     ] GC(398)      Live:         -               106M (5%)          106M (5%)          106M (5%)             -                  -          
[197.943s][info][gc,heap     ] GC(398) Allocated:         -               214M (10%)         276M (13%)         287M (14%)            -                  -          
[197.943s][info][gc,heap     ] GC(398)   Garbage:         -              1045M (51%)         371M (18%)          37M (2%)             -                  -          
[197.943s][info][gc,heap     ] GC(398) Reclaimed:         -                  -               674M (33%)        1007M (49%)            -                  -          
[197.944s][info][gc          ] GC(398) Garbage Collection (Allocation Rate) 1152M(56%)->432M(21%)
[198.295s][info][gc,start    ] GC(399) Garbage Collection (Allocation Rate)
[198.295s][info][gc,task     ] GC(399) Using 1 workers
[198.295s][info][gc,phases   ] GC(399) Pause Mark Start 0.009ms
[198.462s][info][gc,phases   ] GC(399) Concurrent Mark 166.288ms
[198.462s][info][gc,phases   ] GC(399) Pause Mark End 0.013ms
[198.462s][info][gc,phases   ] GC(399) Concurrent Mark Free 0.001ms
[198.489s][info][gc,phases   ] GC(399) Concurrent Process Non-Strong References 27.058ms
[198.489s][info][gc,phases   ] GC(399) Concurrent Reset Relocation Set 0.012ms
[198.496s][info][gc,phases   ] GC(399) Concurrent Select Relocation Set 6.409ms
[198.496s][info][gc,phases   ] GC(399) Pause Relocate Start 0.021ms
[198.535s][info][gc,phases   ] GC(399) Concurrent Relocate 39.168ms
[198.535s][info][gc,load     ] GC(399) Load: 0.00/0.00/0.00
[198.535s][info][gc,mmu      ] GC(399) MMU: 2ms/94.3%, 5ms/97.7%, 10ms/98.9%, 20ms/99.4%, 50ms/99.7%, 100ms/99.8%
[198.535s][info][gc,marking  ] GC(399) Mark: 1 stripe(s), 2 proactive flush(es), 1 terminate flush(es), 0 completion(s), 0 continuation(s) 
[198.535s][info][gc,marking  ] GC(399) Mark Stack Usage: 32M
[198.535s][info][gc,nmethod  ] GC(399) NMethods: 15292 registered, 2270 unregistered
[198.535s][info][gc,metaspace] GC(399) Metaspace: 100M used, 101M committed, 1152M reserved
[198.535s][info][gc,ref      ] GC(399) Soft: 4314 encountered, 0 discovered, 0 enqueued
[198.535s][info][gc,ref      ] GC(399) Weak: 7445 encountered, 6251 discovered, 6 enqueued
[198.535s][info][gc,ref      ] GC(399) Final: 1 encountered, 1 discovered, 0 enqueued
[198.535s][info][gc,ref      ] GC(399) Phantom: 773 encountered, 395 discovered, 0 enqueued
[198.535s][info][gc,reloc    ] GC(399) Small Pages: 554 / 1108M, Empty: 248M, Relocated: 25M, In-Place: 0
[198.535s][info][gc,reloc    ] GC(399) Medium Pages: 2 / 64M, Empty: 0M, Relocated: 3M, In-Place: 0
[198.535s][info][gc,reloc    ] GC(399) Large Pages: 7 / 62M, Empty: 0M, Relocated: 0M, In-Place: 0
[198.535s][info][gc,reloc    ] GC(399) Forwarding Usage: 16M
[198.535s][info][gc,heap     ] GC(399) Min Capacity: 2048M(100%)
[198.535s][info][gc,heap     ] GC(399) Max Capacity: 2048M(100%)
[198.535s][info][gc,heap     ] GC(399) Soft Max Capacity: 2048M(100%)
[198.535s][info][gc,heap     ] GC(399)                Mark Start          Mark End        Relocate Start      Relocate End           High               Low         
[198.535s][info][gc,heap     ] GC(399)  Capacity:     2048M (100%)       2048M (100%)       2048M (100%)       2048M (100%)       2048M (100%)       2048M (100%)   
[198.536s][info][gc,heap     ] GC(399)      Free:      814M (40%)         412M (20%)         582M (28%)        1286M (63%)        1286M (63%)         348M (17%)    
[198.536s][info][gc,heap     ] GC(399)      Used:     1234M (60%)        1636M (80%)        1466M (72%)         762M (37%)        1700M (83%)         762M (37%)    
[198.536s][info][gc,heap     ] GC(399)      Live:         -               134M (7%)          134M (7%)          134M (7%)             -                  -          
[198.536s][info][gc,heap     ] GC(399) Allocated:         -               402M (20%)         480M (23%)         589M (29%)            -                  -          
[198.536s][info][gc,heap     ] GC(399)   Garbage:         -              1099M (54%)         851M (42%)          38M (2%)             -                  -          
[198.536s][info][gc,heap     ] GC(399) Reclaimed:         -                  -               248M (12%)        1061M (52%)            -                  -          
[198.536s][info][gc          ] GC(399) Garbage Collection (Allocation Rate) 1234M(60%)->762M(37%)
[198.595s][info][gc,start    ] GC(400) Garbage Collection (Allocation Rate)
[198.595s][info][gc,task     ] GC(400) Using 1 workers
[198.595s][info][gc,phases   ] GC(400) Pause Mark Start 0.009ms
[198.766s][info][gc,phases   ] GC(400) Concurrent Mark 170.310ms
[198.766s][info][gc,phases   ] GC(400) Pause Mark End 0.014ms
[198.766s][info][gc,phases   ] GC(400) Concurrent Mark Free 0.001ms
[198.793s][info][gc,phases   ] GC(400) Concurrent Process Non-Strong References 26.945ms
[198.793s][info][gc,phases   ] GC(400) Concurrent Reset Relocation Set 0.023ms
[198.796s][info][gc,phases   ] GC(400) Concurrent Select Relocation Set 2.410ms
[198.796s][info][gc,phases   ] GC(400) Pause Relocate Start 0.011ms
[198.801s][info][gc,phases   ] GC(400) Concurrent Relocate 4.872ms
[198.801s][info][gc,load     ] GC(400) Load: 0.00/0.00/0.00
[198.801s][info][gc,mmu      ] GC(400) MMU: 2ms/94.3%, 5ms/97.7%, 10ms/98.9%, 20ms/99.4%, 50ms/99.7%, 100ms/99.8%
[198.801s][info][gc,marking  ] GC(400) Mark: 1 stripe(s), 2 proactive flush(es), 1 terminate flush(es), 0 completion(s), 0 continuation(s) 
[198.801s][info][gc,marking  ] GC(400) Mark Stack Usage: 32M
[198.801s][info][gc,nmethod  ] GC(400) NMethods: 15292 registered, 2270 unregistered
[198.801s][info][gc,metaspace] GC(400) Metaspace: 100M used, 101M committed, 1152M reserved
[198.801s][info][gc,ref      ] GC(400) Soft: 4314 encountered, 0 discovered, 0 enqueued
[198.801s][info][gc,ref      ] GC(400) Weak: 7439 encountered, 6245 discovered, 0 enqueued
[198.801s][info][gc,ref      ] GC(400) Final: 1 encountered, 1 discovered, 0 enqueued
[198.801s][info][gc,ref      ] GC(400) Phantom: 773 encountered, 395 discovered, 0 enqueued
[198.801s][info][gc,reloc    ] GC(400) Small Pages: 393 / 786M, Empty: 298M, Relocated: 3M, In-Place: 0
[198.801s][info][gc,reloc    ] GC(400) Medium Pages: 2 / 64M, Empty: 0M, Relocated: 3M, In-Place: 0
[198.801s][info][gc,reloc    ] GC(400) Large Pages: 7 / 62M, Empty: 0M, Relocated: 0M, In-Place: 0
[198.801s][info][gc,reloc    ] GC(400) Forwarding Usage: 1M
[198.801s][info][gc,heap     ] GC(400) Min Capacity: 2048M(100%)
[198.801s][info][gc,heap     ] GC(400) Max Capacity: 2048M(100%)
[198.801s][info][gc,heap     ] GC(400) Soft Max Capacity: 2048M(100%)
[198.801s][info][gc,heap     ] GC(400)                Mark Start          Mark End        Relocate Start      Relocate End           High               Low         
[198.801s][info][gc,heap     ] GC(400)  Capacity:     2048M (100%)       2048M (100%)       2048M (100%)       2048M (100%)       2048M (100%)       2048M (100%)   
[198.801s][info][gc,heap     ] GC(400)      Free:     1136M (55%)         714M (35%)         978M (48%)        1422M (69%)        1422M (69%)         680M (33%)    
[198.801s][info][gc,heap     ] GC(400)      Used:      912M (45%)        1334M (65%)        1070M (52%)         626M (31%)        1368M (67%)         626M (31%)    
[198.801s][info][gc,heap     ] GC(400)      Live:         -               134M (7%)          134M (7%)          134M (7%)             -                  -          
[198.801s][info][gc,heap     ] GC(400) Allocated:         -               422M (21%)         456M (22%)         456M (22%)            -                  -          
[198.801s][info][gc,heap     ] GC(400)   Garbage:         -               777M (38%)         479M (23%)          35M (2%)             -                  -          
[198.802s][info][gc,heap     ] GC(400) Reclaimed:         -                  -               298M (15%)         742M (36%)            -                  -          
[198.802s][info][gc          ] GC(400) Garbage Collection (Allocation Rate) 912M(45%)->626M(31%)
[198.802s][info][gc,start    ] GC(401) Garbage Collection (System.gc())
[198.802s][info][gc,task     ] GC(401) Using 2 workers
[198.802s][info][gc,phases   ] GC(401) Pause Mark Start 0.009ms
[198.865s][info][gc,phases   ] GC(401) Concurrent Mark 62.959ms
[198.865s][info][gc,phases   ] GC(401) Pause Mark End 0.020ms
[198.865s][info][gc,phases   ] GC(401) Concurrent Mark Free 0.002ms
[198.879s][info][gc,phases   ] GC(401) Concurrent Process Non-Strong References 13.484ms
[198.879s][info][gc,phases   ] GC(401) Concurrent Reset Relocation Set 0.013ms
[198.880s][info][gc,phases   ] GC(401) Concurrent Select Relocation Set 1.266ms
[198.880s][info][gc,phases   ] GC(401) Pause Relocate Start 0.010ms
[198.881s][info][gc,phases   ] GC(401) Concurrent Relocate 1.024ms
[198.881s][info][gc,load     ] GC(401) Load: 0.00/0.00/0.00
[198.881s][info][gc,mmu      ] GC(401) MMU: 2ms/94.3%, 5ms/97.7%, 10ms/98.9%, 20ms/99.4%, 50ms/99.7%, 100ms/99.8%
[198.881s][info][gc,marking  ] GC(401) Mark: 2 stripe(s), 2 proactive flush(es), 1 terminate flush(es), 0 completion(s), 0 continuation(s) 
[198.881s][info][gc,marking  ] GC(401) Mark Stack Usage: 32M
[198.881s][info][gc,nmethod  ] GC(401) NMethods: 15292 registered, 2270 unregistered
[198.881s][info][gc,metaspace] GC(401) Metaspace: 100M used, 101M committed, 1152M reserved
[198.881s][info][gc,ref      ] GC(401) Soft: 4314 encountered, 0 discovered, 0 enqueued
[198.881s][info][gc,ref      ] GC(401) Weak: 7438 encountered, 93 discovered, 3 enqueued
[198.881s][info][gc,ref      ] GC(401) Final: 1 encountered, 1 discovered, 0 enqueued
[198.881s][info][gc,ref      ] GC(401) Phantom: 773 encountered, 501 discovered, 0 enqueued
[198.881s][info][gc,reloc    ] GC(401) Small Pages: 266 / 532M, Empty: 462M, Relocated: 1M, In-Place: 0
[198.881s][info][gc,reloc    ] GC(401) Medium Pages: 1 / 32M, Empty: 0M, Relocated: 0M, In-Place: 0
[198.881s][info][gc,reloc    ] GC(401) Large Pages: 7 / 62M, Empty: 0M, Relocated: 0M, In-Place: 0
[198.881s][info][gc,reloc    ] GC(401) Forwarding Usage: 0M
[198.881s][info][gc,heap     ] GC(401) Min Capacity: 2048M(100%)
[198.881s][info][gc,heap     ] GC(401) Max Capacity: 2048M(100%)
[198.881s][info][gc,heap     ] GC(401) Soft Max Capacity: 2048M(100%)
[198.881s][info][gc,heap     ] GC(401)                Mark Start          Mark End        Relocate Start      Relocate End           High               Low         
[198.881s][info][gc,heap     ] GC(401)  Capacity:     2048M (100%)       2048M (100%)       2048M (100%)       2048M (100%)       2048M (100%)       2048M (100%)   
[198.881s][info][gc,heap     ] GC(401)      Free:     1422M (69%)        1422M (69%)        1884M (92%)        1902M (93%)        1902M (93%)        1422M (69%)    
[198.881s][info][gc,heap     ] GC(401)      Used:      626M (31%)         626M (31%)         164M (8%)          146M (7%)          626M (31%)         146M (7%)     
[198.881s][info][gc,heap     ] GC(401)      Live:         -               106M (5%)          106M (5%)          106M (5%)             -                  -          
[198.881s][info][gc,heap     ] GC(401) Allocated:         -                 0M (0%)            0M (0%)            0M (0%)             -                  -          
[198.881s][info][gc,heap     ] GC(401)   Garbage:         -               519M (25%)          57M (3%)           39M (2%)             -                  -          
[198.881s][info][gc,heap     ] GC(401) Reclaimed:         -                  -               462M (23%)         480M (23%)            -                  -          
[198.881s][info][gc          ] GC(401) Garbage Collection (System.gc()) 626M(31%)->146M(7%)
[199.403s][info][gc,start    ] GC(402) Garbage Collection (Allocation Rate)
[199.403s][info][gc,task     ] GC(402) Using 1 workers
[199.404s][info][gc,phases   ] GC(402) Pause Mark Start 0.012ms
[199.504s][info][gc,phases   ] GC(402) Concurrent Mark 100.405ms
[199.504s][info][gc,phases   ] GC(402) Pause Mark End 0.015ms
[199.504s][info][gc,phases   ] GC(402) Concurrent Mark Free 0.001ms
[199.532s][info][gc,phases   ] GC(402) Concurrent Process Non-Strong References 27.437ms
[199.532s][info][gc,phases   ] GC(402) Concurrent Reset Relocation Set 0.002ms
[199.534s][info][gc,phases   ] GC(402) Concurrent Select Relocation Set 2.393ms
[199.534s][info][gc,phases   ] GC(402) Pause Relocate Start 0.013ms
[199.539s][info][gc,phases   ] GC(402) Concurrent Relocate 4.136ms
[199.539s][info][gc,load     ] GC(402) Load: 0.00/0.00/0.00
[199.539s][info][gc,mmu      ] GC(402) MMU: 2ms/94.3%, 5ms/97.7%, 10ms/98.9%, 20ms/99.4%, 50ms/99.7%, 100ms/99.8%
[199.539s][info][gc,marking  ] GC(402) Mark: 1 stripe(s), 2 proactive flush(es), 1 terminate flush(es), 0 completion(s), 0 continuation(s) 
[199.539s][info][gc,marking  ] GC(402) Mark Stack Usage: 32M
[199.539s][info][gc,nmethod  ] GC(402) NMethods: 15304 registered, 2270 unregistered
[199.539s][info][gc,metaspace] GC(402) Metaspace: 100M used, 101M committed, 1152M reserved
[199.539s][info][gc,ref      ] GC(402) Soft: 4314 encountered, 0 discovered, 0 enqueued
[199.539s][info][gc,ref      ] GC(402) Weak: 7445 encountered, 6248 discovered, 3 enqueued
[199.539s][info][gc,ref      ] GC(402) Final: 1 encountered, 1 discovered, 0 enqueued
[199.539s][info][gc,ref      ] GC(402) Phantom: 773 encountered, 395 discovered, 0 enqueued
[199.539s][info][gc,reloc    ] GC(402) Small Pages: 468 / 936M, Empty: 640M, Relocated: 3M, In-Place: 0
[199.539s][info][gc,reloc    ] GC(402) Medium Pages: 2 / 64M, Empty: 32M, Relocated: 0M, In-Place: 0
[199.539s][info][gc,reloc    ] GC(402) Large Pages: 7 / 62M, Empty: 0M, Relocated: 0M, In-Place: 0
[199.539s][info][gc,reloc    ] GC(402) Forwarding Usage: 1M
[199.539s][info][gc,heap     ] GC(402) Min Capacity: 2048M(100%)
[199.539s][info][gc,heap     ] GC(402) Max Capacity: 2048M(100%)
[199.539s][info][gc,heap     ] GC(402) Soft Max Capacity: 2048M(100%)
[199.539s][info][gc,heap     ] GC(402)                Mark Start          Mark End        Relocate Start      Relocate End           High               Low         
[199.539s][info][gc,heap     ] GC(402)  Capacity:     2048M (100%)       2048M (100%)       2048M (100%)       2048M (100%)       2048M (100%)       2048M (100%)   
[199.539s][info][gc,heap     ] GC(402)      Free:      986M (48%)         766M (37%)        1376M (67%)        1614M (79%)        1616M (79%)         708M (35%)    
[199.539s][info][gc,heap     ] GC(402)      Used:     1062M (52%)        1282M (63%)         672M (33%)         434M (21%)        1340M (65%)         432M (21%)    
[199.539s][info][gc,heap     ] GC(402)      Live:         -               106M (5%)          106M (5%)          106M (5%)             -                  -          
[199.539s][info][gc,heap     ] GC(402) Allocated:         -               220M (11%)         282M (14%)         289M (14%)            -                  -          
[199.539s][info][gc,heap     ] GC(402)   Garbage:         -               955M (47%)         283M (14%)          37M (2%)             -                  -          
[199.539s][info][gc,heap     ] GC(402) Reclaimed:         -                  -               672M (33%)         917M (45%)            -                  -          
[199.539s][info][gc          ] GC(402) Garbage Collection (Allocation Rate) 1062M(52%)->434M(21%)
[199.896s][info][gc,start    ] GC(403) Garbage Collection (Allocation Rate)
[199.896s][info][gc,task     ] GC(403) Using 1 workers
[199.896s][info][gc,phases   ] GC(403) Pause Mark Start 0.008ms
[200.063s][info][gc,phases   ] GC(403) Concurrent Mark 166.510ms
[200.063s][info][gc,phases   ] GC(403) Pause Mark End 0.017ms
[200.063s][info][gc,phases   ] GC(403) Concurrent Mark Free 0.001ms
[200.091s][info][gc,phases   ] GC(403) Concurrent Process Non-Strong References 27.797ms
[200.091s][info][gc,phases   ] GC(403) Concurrent Reset Relocation Set 0.009ms
[200.097s][info][gc,phases   ] GC(403) Concurrent Select Relocation Set 5.398ms
[200.097s][info][gc,phases   ] GC(403) Pause Relocate Start 0.015ms
[200.103s][info][gc,stats    ] === Garbage Collection Statistics =======================================================================================================================
[200.103s][info][gc,stats    ]                                                              Last 10s              Last 10m              Last 10h                Total
[200.103s][info][gc,stats    ]                                                              Avg / Max             Avg / Max             Avg / Max             Avg / Max
[200.103s][info][gc,stats    ]   Collector: Garbage Collection Cycle                    158.057 / 241.200     178.405 / 1215.582    178.405 / 1215.582    178.405 / 1215.582    ms
[200.103s][info][gc,stats    ]  Contention: Mark Segment Reset Contention                     0 / 1                 3 / 496               3 / 496               3 / 496         ops/s
[200.103s][info][gc,stats    ]  Contention: Mark SeqNum Reset Contention                      0 / 0                 0 / 4                 0 / 4                 0 / 4           ops/s
[200.103s][info][gc,stats    ]    Critical: Allocation Stall                                  0 / 0                 0 / 6                 0 / 6                 0 / 6           ops/s
[200.103s][info][gc,stats    ]    Critical: Allocation Stall                              0.000 / 0.000       513.228 / 1001.934    513.228 / 1001.934    513.228 / 1001.934    ms
[200.103s][info][gc,stats    ]    Critical: GC Locker Stall                                   0 / 0                 0 / 1                 0 / 1                 0 / 1           ops/s
[200.103s][info][gc,stats    ]    Critical: GC Locker Stall                               0.000 / 0.000         0.000 / 0.000         0.000 / 0.000         0.000 / 0.000       ms
[200.103s][info][gc,stats    ]    Critical: Relocation Stall                                  0 / 0                 0 / 1                 0 / 1                 0 / 1           ops/s
[200.103s][info][gc,stats    ]    Critical: Relocation Stall                              0.000 / 0.000         7.319 / 11.251        7.319 / 11.251        7.319 / 11.251      ms
[200.103s][info][gc,stats    ]      Memory: Allocation Rate                                2085 / 2330           1660 / 2422           1660 / 2422           1660 / 2422        MB/s
[200.103s][info][gc,stats    ]      Memory: Out Of Memory                                     0 / 0                 0 / 0                 0 / 0                 0 / 0           ops/s
[200.103s][info][gc,stats    ]      Memory: Page Cache Flush                                  0 / 0                 5 / 172               5 / 172               5 / 172         MB/s
[200.103s][info][gc,stats    ]      Memory: Page Cache Hit L1                              1022 / 1149            811 / 1197            811 / 1197            811 / 1197        ops/s
[200.103s][info][gc,stats    ]      Memory: Page Cache Hit L2                                 0 / 0                 0 / 0                 0 / 0                 0 / 0           ops/s
[200.103s][info][gc,stats    ]      Memory: Page Cache Hit L3                                 0 / 0                 6 / 289               6 / 289               6 / 289         ops/s
[200.103s][info][gc,stats    ]      Memory: Page Cache Miss                                   0 / 0                 0 / 11                0 / 11                0 / 11          ops/s
[200.103s][info][gc,stats    ]      Memory: Uncommit                                          0 / 0                 0 / 0                 0 / 0                 0 / 0           MB/s
[200.103s][info][gc,stats    ]      Memory: Undo Object Allocation Failed                     0 / 0                 0 / 3                 0 / 3                 0 / 3           ops/s
[200.103s][info][gc,stats    ]      Memory: Undo Object Allocation Succeeded                  1 / 3                 5 / 520               5 / 520               5 / 520         ops/s
[200.103s][info][gc,stats    ]      Memory: Undo Page Allocation                              0 / 1                 0 / 3                 0 / 3                 0 / 3           ops/s
[200.103s][info][gc,stats    ]       Phase: Concurrent Mark                             120.551 / 170.310     138.108 / 1158.372    138.108 / 1158.372    138.108 / 1158.372    ms
[200.103s][info][gc,stats    ]       Phase: Concurrent Mark Continue                      0.000 / 0.000         0.000 / 0.000         0.000 / 0.000         0.000 / 0.000       ms
[200.103s][info][gc,stats    ]       Phase: Concurrent Mark Free                          0.001 / 0.002         0.012 / 4.217         0.012 / 4.217         0.012 / 4.217       ms
[200.103s][info][gc,stats    ]       Phase: Concurrent Process Non-Strong References     23.307 / 27.797       18.767 / 31.183       18.767 / 31.183       18.767 / 31.183      ms
[200.103s][info][gc,stats    ]       Phase: Concurrent Relocate                          12.353 / 40.438       16.494 / 247.779      16.494 / 247.779      16.494 / 247.779     ms
[200.103s][info][gc,stats    ]       Phase: Concurrent Reset Relocation Set               0.012 / 0.029         0.015 / 0.061         0.015 / 0.061         0.015 / 0.061       ms
[200.103s][info][gc,stats    ]       Phase: Concurrent Select Relocation Set              3.052 / 6.409         3.932 / 40.244        3.932 / 40.244        3.932 / 40.244      ms
[200.103s][info][gc,stats    ]       Phase: Pause Mark End                                0.015 / 0.020         0.017 / 0.113         0.017 / 0.113         0.017 / 0.113       ms
[200.103s][info][gc,stats    ]       Phase: Pause Mark Start                              0.009 / 0.013         0.009 / 0.030         0.009 / 0.030         0.009 / 0.030       ms
[200.103s][info][gc,stats    ]       Phase: Pause Relocate Start                          0.011 / 0.021         0.011 / 0.029         0.011 / 0.029         0.011 / 0.029       ms
[200.103s][info][gc,stats    ]    Subphase: Concurrent Classes Purge                      0.798 / 1.097         0.663 / 1.129         0.663 / 1.129         0.663 / 1.129       ms
[200.103s][info][gc,stats    ]    Subphase: Concurrent Classes Unlink                    20.696 / 24.670       16.534 / 28.085       16.534 / 28.085       16.534 / 28.085      ms
[200.103s][info][gc,stats    ]    Subphase: Concurrent Mark                             102.042 / 168.256     141.417 / 1155.457    141.417 / 1155.457    141.417 / 1155.457    ms
[200.103s][info][gc,stats    ]    Subphase: Concurrent Mark Try Flush                     0.090 / 0.302         0.100 / 0.574         0.100 / 0.574         0.100 / 0.574       ms
[200.103s][info][gc,stats    ]    Subphase: Concurrent Mark Try Terminate                 1.403 / 17.125        2.025 / 17.125        2.025 / 17.125        2.025 / 17.125      ms
[200.103s][info][gc,stats    ]    Subphase: Concurrent References Enqueue                 0.004 / 0.008         0.005 / 0.009         0.005 / 0.009         0.005 / 0.009       ms
[200.103s][info][gc,stats    ]    Subphase: Concurrent References Process                 0.785 / 1.081         0.618 / 1.172         0.618 / 1.172         0.618 / 1.172       ms
[200.103s][info][gc,stats    ]    Subphase: Concurrent Roots ClassLoaderDataGraph         0.185 / 0.305         0.152 / 0.429         0.152 / 0.429         0.152 / 0.429       ms
[200.103s][info][gc,stats    ]    Subphase: Concurrent Roots CodeCache                    0.000 / 0.000         0.000 / 0.000         0.000 / 0.000         0.000 / 0.000       ms
[200.103s][info][gc,stats    ]    Subphase: Concurrent Roots JavaThreads                  1.012 / 1.758         1.110 / 2.895         1.110 / 2.895         1.110 / 2.895       ms
[200.103s][info][gc,stats    ]    Subphase: Concurrent Roots OopStorageSet                0.044 / 0.068         0.038 / 0.157         0.038 / 0.157         0.038 / 0.157       ms
[200.103s][info][gc,stats    ]    Subphase: Concurrent Weak Roots OopStorageSet           0.820 / 1.274         0.720 / 1.424         0.720 / 1.424         0.720 / 1.424       ms
[200.103s][info][gc,stats    ]    Subphase: Pause Mark Try Complete                       0.000 / 0.000         0.000 / 0.000         0.000 / 0.000         0.000 / 0.000       ms
[200.103s][info][gc,stats    ]      System: Java Threads                                     29 / 30               34 / 48               34 / 48               34 / 48          threads
[200.103s][info][gc,stats    ] =========================================================================================================================================================
[200.136s][info][gc,phases   ] GC(403) Concurrent Relocate 39.142ms
[200.136s][info][gc,load     ] GC(403) Load: 0.00/0.00/0.00
[200.136s][info][gc,mmu      ] GC(403) MMU: 2ms/94.3%, 5ms/97.7%, 10ms/98.9%, 20ms/99.4%, 50ms/99.7%, 100ms/99.8%
[200.136s][info][gc,marking  ] GC(403) Mark: 1 stripe(s), 2 proactive flush(es), 1 terminate flush(es), 0 completion(s), 0 continuation(s) 
[200.136s][info][gc,marking  ] GC(403) Mark Stack Usage: 32M
[200.136s][info][gc,nmethod  ] GC(403) NMethods: 15312 registered, 2270 unregistered
[200.136s][info][gc,metaspace] GC(403) Metaspace: 100M used, 101M committed, 1152M reserved
[200.136s][info][gc,ref      ] GC(403) Soft: 4314 encountered, 0 discovered, 0 enqueued
[200.136s][info][gc,ref      ] GC(403) Weak: 7445 encountered, 6251 discovered, 6 enqueued
[200.136s][info][gc,ref      ] GC(403) Final: 1 encountered, 1 discovered, 0 enqueued
[200.136s][info][gc,ref      ] GC(403) Phantom: 773 encountered, 395 discovered, 0 enqueued
[200.136s][info][gc,reloc    ] GC(403) Small Pages: 575 / 1150M, Empty: 324M, Relocated: 25M, In-Place: 0
[200.136s][info][gc,reloc    ] GC(403) Medium Pages: 2 / 64M, Empty: 0M, Relocated: 3M, In-Place: 0
[200.136s][info][gc,reloc    ] GC(403) Large Pages: 7 / 62M, Empty: 0M, Relocated: 0M, In-Place: 0
[200.136s][info][gc,reloc    ] GC(403) Forwarding Usage: 15M
[200.137s][info][gc,heap     ] GC(403) Min Capacity: 2048M(100%)
[200.137s][info][gc,heap     ] GC(403) Max Capacity: 2048M(100%)
[200.137s][info][gc,heap     ] GC(403) Soft Max Capacity: 2048M(100%)
[200.137s][info][gc,heap     ] GC(403)                Mark Start          Mark End        Relocate Start      Relocate End           High               Low         
[200.137s][info][gc,heap     ] GC(403)  Capacity:     2048M (100%)       2048M (100%)       2048M (100%)       2048M (100%)       2048M (100%)       2048M (100%)   
[200.137s][info][gc,heap     ] GC(403)      Free:      772M (38%)         352M (17%)         598M (29%)        1264M (62%)        1264M (62%)         286M (14%)    
[200.137s][info][gc,heap     ] GC(403)      Used:     1276M (62%)        1696M (83%)        1450M (71%)         784M (38%)        1762M (86%)         784M (38%)    
[200.137s][info][gc,heap     ] GC(403)      Live:         -               134M (7%)          134M (7%)          134M (7%)             -                  -          
[200.137s][info][gc,heap     ] GC(403) Allocated:         -               420M (21%)         498M (24%)         610M (30%)            -                  -          
[200.137s][info][gc,heap     ] GC(403)   Garbage:         -              1141M (56%)         817M (40%)          39M (2%)             -                  -          
[200.137s][info][gc,heap     ] GC(403) Reclaimed:         -                  -               324M (16%)        1102M (54%)            -                  -          
[200.137s][info][gc          ] GC(403) Garbage Collection (Allocation Rate) 1276M(62%)->784M(38%)
[200.198s][info][gc,start    ] GC(404) Garbage Collection (Allocation Rate)
[200.198s][info][gc,task     ] GC(404) Using 1 workers
[200.198s][info][gc,phases   ] GC(404) Pause Mark Start 0.009ms
[200.367s][info][gc,phases   ] GC(404) Concurrent Mark 168.953ms
[200.367s][info][gc,phases   ] GC(404) Pause Mark End 0.016ms
[200.367s][info][gc,phases   ] GC(404) Concurrent Mark Free 0.001ms
[200.394s][info][gc,phases   ] GC(404) Concurrent Process Non-Strong References 26.774ms
[200.394s][info][gc,phases   ] GC(404) Concurrent Reset Relocation Set 0.024ms
[200.397s][info][gc,phases   ] GC(404) Concurrent Select Relocation Set 3.109ms
[200.398s][info][gc,phases   ] GC(404) Pause Relocate Start 0.014ms
[200.402s][info][gc,phases   ] GC(404) Concurrent Relocate 4.326ms
[200.402s][info][gc,load     ] GC(404) Load: 0.00/0.00/0.00
[200.402s][info][gc,mmu      ] GC(404) MMU: 2ms/94.3%, 5ms/97.7%, 10ms/98.9%, 20ms/99.4%, 50ms/99.7%, 100ms/99.8%
[200.402s][info][gc,marking  ] GC(404) Mark: 1 stripe(s), 2 proactive flush(es), 1 terminate flush(es), 0 completion(s), 0 continuation(s) 
[200.402s][info][gc,marking  ] GC(404) Mark Stack Usage: 32M
[200.402s][info][gc,nmethod  ] GC(404) NMethods: 15317 registered, 2270 unregistered
[200.402s][info][gc,metaspace] GC(404) Metaspace: 100M used, 101M committed, 1152M reserved
[200.402s][info][gc,ref      ] GC(404) Soft: 4314 encountered, 0 discovered, 0 enqueued
[200.402s][info][gc,ref      ] GC(404) Weak: 7439 encountered, 6245 discovered, 0 enqueued
[200.402s][info][gc,ref      ] GC(404) Final: 1 encountered, 1 discovered, 0 enqueued
[200.402s][info][gc,ref      ] GC(404) Phantom: 773 encountered, 395 discovered, 0 enqueued
[200.402s][info][gc,reloc    ] GC(404) Small Pages: 403 / 806M, Empty: 270M, Relocated: 3M, In-Place: 0
[200.402s][info][gc,reloc    ] GC(404) Medium Pages: 2 / 64M, Empty: 0M, Relocated: 3M, In-Place: 0
[200.402s][info][gc,reloc    ] GC(404) Large Pages: 7 / 62M, Empty: 0M, Relocated: 0M, In-Place: 0
[200.402s][info][gc,reloc    ] GC(404) Forwarding Usage: 1M
[200.402s][info][gc,heap     ] GC(404) Min Capacity: 2048M(100%)
[200.402s][info][gc,heap     ] GC(404) Max Capacity: 2048M(100%)
[200.402s][info][gc,heap     ] GC(404) Soft Max Capacity: 2048M(100%)
[200.402s][info][gc,heap     ] GC(404)                Mark Start          Mark End        Relocate Start      Relocate End           High               Low         
[200.403s][info][gc,heap     ] GC(404)  Capacity:     2048M (100%)       2048M (100%)       2048M (100%)       2048M (100%)       2048M (100%)       2048M (100%)   
[200.403s][info][gc,heap     ] GC(404)      Free:     1116M (54%)         698M (34%)         906M (44%)        1360M (66%)        1360M (66%)         642M (31%)    
[200.403s][info][gc,heap     ] GC(404)      Used:      932M (46%)        1350M (66%)        1142M (56%)         688M (34%)        1406M (69%)         688M (34%)    
[200.403s][info][gc,heap     ] GC(404)      Live:         -               134M (7%)          134M (7%)          134M (7%)             -                  -          
[200.403s][info][gc,heap     ] GC(404) Allocated:         -               418M (20%)         480M (23%)         516M (25%)            -                  -          
[200.403s][info][gc,heap     ] GC(404)   Garbage:         -               797M (39%)         527M (26%)          36M (2%)             -                  -          
[200.403s][info][gc,heap     ] GC(404) Reclaimed:         -                  -               270M (13%)         760M (37%)            -                  -          
[200.403s][info][gc          ] GC(404) Garbage Collection (Allocation Rate) 932M(46%)->688M(34%)
[200.404s][info][gc,start    ] GC(405) Garbage Collection (Allocation Rate)
[200.404s][info][gc,task     ] GC(405) Using 1 workers
[200.404s][info][gc,phases   ] GC(405) Pause Mark Start 0.006ms
[200.494s][info][gc,phases   ] GC(405) Concurrent Mark 89.599ms
[200.494s][info][gc,phases   ] GC(405) Pause Mark End 0.013ms
[200.494s][info][gc,phases   ] GC(405) Concurrent Mark Free 0.001ms
[200.519s][info][gc,phases   ] GC(405) Concurrent Process Non-Strong References 24.280ms
[200.519s][info][gc,phases   ] GC(405) Concurrent Reset Relocation Set 0.010ms
[200.520s][info][gc,phases   ] GC(405) Concurrent Select Relocation Set 1.225ms
[200.520s][info][gc,phases   ] GC(405) Pause Relocate Start 0.010ms
[200.521s][info][gc,phases   ] GC(405) Concurrent Relocate 1.287ms
[200.521s][info][gc,load     ] GC(405) Load: 0.00/0.00/0.00
[200.521s][info][gc,mmu      ] GC(405) MMU: 2ms/94.3%, 5ms/97.7%, 10ms/98.9%, 20ms/99.4%, 50ms/99.7%, 100ms/99.8%
[200.521s][info][gc,marking  ] GC(405) Mark: 1 stripe(s), 2 proactive flush(es), 1 terminate flush(es), 0 completion(s), 0 continuation(s) 
[200.521s][info][gc,marking  ] GC(405) Mark Stack Usage: 32M
[200.521s][info][gc,nmethod  ] GC(405) NMethods: 15323 registered, 2270 unregistered
[200.521s][info][gc,metaspace] GC(405) Metaspace: 100M used, 101M committed, 1152M reserved
[200.521s][info][gc,ref      ] GC(405) Soft: 4314 encountered, 0 discovered, 0 enqueued
[200.521s][info][gc,ref      ] GC(405) Weak: 7438 encountered, 6246 discovered, 3 enqueued
[200.521s][info][gc,ref      ] GC(405) Final: 1 encountered, 1 discovered, 0 enqueued
[200.521s][info][gc,ref      ] GC(405) Phantom: 773 encountered, 395 discovered, 0 enqueued
[200.521s][info][gc,reloc    ] GC(405) Small Pages: 282 / 564M, Empty: 494M, Relocated: 1M, In-Place: 0
[200.521s][info][gc,reloc    ] GC(405) Medium Pages: 2 / 64M, Empty: 32M, Relocated: 0M, In-Place: 0
[200.522s][info][gc,reloc    ] GC(405) Large Pages: 7 / 62M, Empty: 0M, Relocated: 0M, In-Place: 0
[200.522s][info][gc,reloc    ] GC(405) Forwarding Usage: 0M
[200.522s][info][gc,heap     ] GC(405) Min Capacity: 2048M(100%)
[200.522s][info][gc,heap     ] GC(405) Max Capacity: 2048M(100%)
[200.522s][info][gc,heap     ] GC(405) Soft Max Capacity: 2048M(100%)
[200.522s][info][gc,heap     ] GC(405)                Mark Start          Mark End        Relocate Start      Relocate End           High               Low         
[200.522s][info][gc,heap     ] GC(405)  Capacity:     2048M (100%)       2048M (100%)       2048M (100%)       2048M (100%)       2048M (100%)       2048M (100%)   
[200.522s][info][gc,heap     ] GC(405)      Free:     1358M (66%)        1352M (66%)        1878M (92%)        1898M (93%)        1898M (93%)        1352M (66%)    
[200.522s][info][gc,heap     ] GC(405)      Used:      690M (34%)         696M (34%)         170M (8%)          150M (7%)          696M (34%)         150M (7%)     
[200.522s][info][gc,heap     ] GC(405)      Live:         -               106M (5%)          106M (5%)          106M (5%)             -                  -          
[200.522s][info][gc,heap     ] GC(405) Allocated:         -                 6M (0%)            6M (0%)            6M (0%)             -                  -          
[200.522s][info][gc,heap     ] GC(405)   Garbage:         -               583M (28%)          57M (3%)           37M (2%)             -                  -          
[200.522s][info][gc,heap     ] GC(405) Reclaimed:         -                  -               526M (26%)         546M (27%)            -                  -          
[200.522s][info][gc          ] GC(405) Garbage Collection (Allocation Rate) 690M(34%)->150M(7%)
[200.522s][info][gc,start    ] GC(406) Garbage Collection (System.gc())
[200.522s][info][gc,task     ] GC(406) Using 2 workers
[200.522s][info][gc,phases   ] GC(406) Pause Mark Start 0.003ms
[200.563s][info][gc,phases   ] GC(406) Concurrent Mark 41.596ms
[200.564s][info][gc,phases   ] GC(406) Pause Mark End 0.022ms
[200.564s][info][gc,phases   ] GC(406) Concurrent Mark Free 0.001ms
[200.576s][info][gc,phases   ] GC(406) Concurrent Process Non-Strong References 12.694ms
[200.576s][info][gc,phases   ] GC(406) Concurrent Reset Relocation Set 0.001ms
[200.577s][info][gc,phases   ] GC(406) Concurrent Select Relocation Set 1.067ms
[200.578s][info][gc,phases   ] GC(406) Pause Relocate Start 0.010ms
[200.578s][info][gc,phases   ] GC(406) Concurrent Relocate 0.662ms
[200.578s][info][gc,load     ] GC(406) Load: 0.00/0.00/0.00
[200.578s][info][gc,mmu      ] GC(406) MMU: 2ms/94.3%, 5ms/97.7%, 10ms/98.9%, 20ms/99.4%, 50ms/99.7%, 100ms/99.8%
[200.578s][info][gc,marking  ] GC(406) Mark: 2 stripe(s), 3 proactive flush(es), 1 terminate flush(es), 0 completion(s), 0 continuation(s) 
[200.578s][info][gc,marking  ] GC(406) Mark Stack Usage: 32M
[200.578s][info][gc,nmethod  ] GC(406) NMethods: 15323 registered, 2270 unregistered
[200.578s][info][gc,metaspace] GC(406) Metaspace: 100M used, 101M committed, 1152M reserved
[200.578s][info][gc,ref      ] GC(406) Soft: 4314 encountered, 0 discovered, 0 enqueued
[200.578s][info][gc,ref      ] GC(406) Weak: 7435 encountered, 90 discovered, 0 enqueued
[200.578s][info][gc,ref      ] GC(406) Final: 1 encountered, 0 discovered, 0 enqueued
[200.578s][info][gc,ref      ] GC(406) Phantom: 773 encountered, 452 discovered, 0 enqueued
[200.578s][info][gc,reloc    ] GC(406) Small Pages: 28 / 56M, Empty: 2M, Relocated: 1M, In-Place: 0
[200.578s][info][gc,reloc    ] GC(406) Medium Pages: 1 / 32M, Empty: 0M, Relocated: 0M, In-Place: 0
[200.578s][info][gc,reloc    ] GC(406) Large Pages: 7 / 62M, Empty: 0M, Relocated: 0M, In-Place: 0
[200.578s][info][gc,reloc    ] GC(406) Forwarding Usage: 0M
[200.578s][info][gc,heap     ] GC(406) Min Capacity: 2048M(100%)
[200.578s][info][gc,heap     ] GC(406) Max Capacity: 2048M(100%)
[200.578s][info][gc,heap     ] GC(406) Soft Max Capacity: 2048M(100%)
[200.578s][info][gc,heap     ] GC(406)                Mark Start          Mark End        Relocate Start      Relocate End           High               Low         
[200.578s][info][gc,heap     ] GC(406)  Capacity:     2048M (100%)       2048M (100%)       2048M (100%)       2048M (100%)       2048M (100%)       2048M (100%)   
[200.578s][info][gc,heap     ] GC(406)      Free:     1898M (93%)        1892M (92%)        1894M (92%)        1896M (93%)        1898M (93%)        1892M (92%)    
[200.578s][info][gc,heap     ] GC(406)      Used:      150M (7%)          156M (8%)          154M (8%)          152M (7%)          156M (8%)          150M (7%)     
[200.579s][info][gc,heap     ] GC(406)      Live:         -               106M (5%)          106M (5%)          106M (5%)             -                  -          
[200.579s][info][gc,heap     ] GC(406) Allocated:         -                 6M (0%)            6M (0%)            6M (0%)             -                  -          
[200.579s][info][gc,heap     ] GC(406)   Garbage:         -                43M (2%)           41M (2%)           39M (2%)             -                  -          
[200.579s][info][gc,heap     ] GC(406) Reclaimed:         -                  -                 2M (0%)            4M (0%)             -                  -          
[200.579s][info][gc          ] GC(406) Garbage Collection (System.gc()) 150M(7%)->152M(7%)
[201.101s][info][gc,start    ] GC(407) Garbage Collection (Allocation Rate)
[201.101s][info][gc,task     ] GC(407) Using 1 workers
[201.101s][info][gc,phases   ] GC(407) Pause Mark Start 0.011ms
[201.201s][info][gc,phases   ] GC(407) Concurrent Mark 99.895ms
[201.201s][info][gc,phases   ] GC(407) Pause Mark End 0.013ms
[201.202s][info][gc,phases   ] GC(407) Concurrent Mark Free 0.001ms
[201.228s][info][gc,phases   ] GC(407) Concurrent Process Non-Strong References 26.828ms
[201.228s][info][gc,phases   ] GC(407) Concurrent Reset Relocation Set 0.001ms
[201.231s][info][gc,phases   ] GC(407) Concurrent Select Relocation Set 2.155ms
[201.231s][info][gc,phases   ] GC(407) Pause Relocate Start 0.010ms
[201.236s][info][gc,phases   ] GC(407) Concurrent Relocate 4.620ms
[201.236s][info][gc,load     ] GC(407) Load: 0.00/0.00/0.00
[201.236s][info][gc,mmu      ] GC(407) MMU: 2ms/94.3%, 5ms/97.7%, 10ms/98.9%, 20ms/99.4%, 50ms/99.7%, 100ms/99.8%
[201.236s][info][gc,marking  ] GC(407) Mark: 1 stripe(s), 2 proactive flush(es), 1 terminate flush(es), 0 completion(s), 0 continuation(s) 
[201.236s][info][gc,marking  ] GC(407) Mark Stack Usage: 32M
[201.236s][info][gc,nmethod  ] GC(407) NMethods: 15331 registered, 2270 unregistered
[201.236s][info][gc,metaspace] GC(407) Metaspace: 100M used, 101M committed, 1152M reserved
[201.236s][info][gc,ref      ] GC(407) Soft: 4314 encountered, 0 discovered, 0 enqueued
[201.236s][info][gc,ref      ] GC(407) Weak: 7445 encountered, 6248 discovered, 3 enqueued
[201.236s][info][gc,ref      ] GC(407) Final: 1 encountered, 1 discovered, 0 enqueued
[201.236s][info][gc,ref      ] GC(407) Phantom: 773 encountered, 395 discovered, 0 enqueued
[201.236s][info][gc,reloc    ] GC(407) Small Pages: 471 / 942M, Empty: 642M, Relocated: 3M, In-Place: 0
[201.236s][info][gc,reloc    ] GC(407) Medium Pages: 2 / 64M, Empty: 32M, Relocated: 0M, In-Place: 0
[201.236s][info][gc,reloc    ] GC(407) Large Pages: 7 / 62M, Empty: 0M, Relocated: 0M, In-Place: 0
[201.236s][info][gc,reloc    ] GC(407) Forwarding Usage: 1M
[201.236s][info][gc,heap     ] GC(407) Min Capacity: 2048M(100%)
[201.236s][info][gc,heap     ] GC(407) Max Capacity: 2048M(100%)
[201.236s][info][gc,heap     ] GC(407) Soft Max Capacity: 2048M(100%)
[201.236s][info][gc,heap     ] GC(407)                Mark Start          Mark End        Relocate Start      Relocate End           High               Low         
[201.236s][info][gc,heap     ] GC(407)  Capacity:     2048M (100%)       2048M (100%)       2048M (100%)       2048M (100%)       2048M (100%)       2048M (100%)   
[201.236s][info][gc,heap     ] GC(407)      Free:      980M (48%)         764M (37%)        1374M (67%)        1614M (79%)        1618M (79%)         704M (34%)    
[201.236s][info][gc,heap     ] GC(407)      Used:     1068M (52%)        1284M (63%)         674M (33%)         434M (21%)        1344M (66%)         430M (21%)    
[201.236s][info][gc,heap     ] GC(407)      Live:         -               106M (5%)          106M (5%)          106M (5%)             -                  -          
[201.236s][info][gc,heap     ] GC(407) Allocated:         -               216M (11%)         280M (14%)         289M (14%)            -                  -          
[201.236s][info][gc,heap     ] GC(407)   Garbage:         -               961M (47%)         287M (14%)          37M (2%)             -                  -          
[201.236s][info][gc,heap     ] GC(407) Reclaimed:         -                  -               674M (33%)         923M (45%)            -                  -          
[201.236s][info][gc          ] GC(407) Garbage Collection (Allocation Rate) 1068M(52%)->434M(21%)
[201.606s][info][gc,start    ] GC(408) Garbage Collection (Allocation Rate)
[201.606s][info][gc,task     ] GC(408) Using 1 workers
[201.606s][info][gc,phases   ] GC(408) Pause Mark Start 0.007ms
[201.774s][info][gc,phases   ] GC(408) Concurrent Mark 168.331ms
[201.775s][info][gc,phases   ] GC(408) Pause Mark End 0.015ms
[201.775s][info][gc,phases   ] GC(408) Concurrent Mark Free 0.001ms
[201.802s][info][gc,phases   ] GC(408) Concurrent Process Non-Strong References 26.843ms
[201.802s][info][gc,phases   ] GC(408) Concurrent Reset Relocation Set 0.010ms
[201.807s][info][gc,phases   ] GC(408) Concurrent Select Relocation Set 5.138ms
[201.807s][info][gc,phases   ] GC(408) Pause Relocate Start 0.012ms
[201.846s][info][gc,phases   ] GC(408) Concurrent Relocate 39.011ms
[201.846s][info][gc,load     ] GC(408) Load: 0.00/0.00/0.00
[201.846s][info][gc,mmu      ] GC(408) MMU: 2ms/94.3%, 5ms/97.7%, 10ms/98.9%, 20ms/99.4%, 50ms/99.7%, 100ms/99.8%
[201.846s][info][gc,marking  ] GC(408) Mark: 1 stripe(s), 2 proactive flush(es), 1 terminate flush(es), 0 completion(s), 0 continuation(s) 
[201.846s][info][gc,marking  ] GC(408) Mark Stack Usage: 32M
[201.846s][info][gc,nmethod  ] GC(408) NMethods: 15331 registered, 2270 unregistered
[201.846s][info][gc,metaspace] GC(408) Metaspace: 100M used, 101M committed, 1152M reserved
[201.846s][info][gc,ref      ] GC(408) Soft: 4314 encountered, 0 discovered, 0 enqueued
[201.846s][info][gc,ref      ] GC(408) Weak: 7445 encountered, 6251 discovered, 6 enqueued
[201.846s][info][gc,ref      ] GC(408) Final: 1 encountered, 1 discovered, 0 enqueued
[201.846s][info][gc,ref      ] GC(408) Phantom: 773 encountered, 395 discovered, 0 enqueued
[201.846s][info][gc,reloc    ] GC(408) Small Pages: 591 / 1182M, Empty: 324M, Relocated: 25M, In-Place: 0
[201.846s][info][gc,reloc    ] GC(408) Medium Pages: 2 / 64M, Empty: 0M, Relocated: 3M, In-Place: 0
[201.846s][info][gc,reloc    ] GC(408) Large Pages: 7 / 62M, Empty: 0M, Relocated: 0M, In-Place: 0
[201.846s][info][gc,reloc    ] GC(408) Forwarding Usage: 15M
[201.846s][info][gc,heap     ] GC(408) Min Capacity: 2048M(100%)
[201.846s][info][gc,heap     ] GC(408) Max Capacity: 2048M(100%)
[201.846s][info][gc,heap     ] GC(408) Soft Max Capacity: 2048M(100%)
[201.846s][info][gc,heap     ] GC(408)                Mark Start          Mark End        Relocate Start      Relocate End           High               Low         
[201.846s][info][gc,heap     ] GC(408)  Capacity:     2048M (100%)       2048M (100%)       2048M (100%)       2048M (100%)       2048M (100%)       2048M (100%)   
[201.847s][info][gc,heap     ] GC(408)      Free:      740M (36%)         330M (16%)         578M (28%)        1280M (62%)        1280M (62%)         266M (13%)    
[201.847s][info][gc,heap     ] GC(408)      Used:     1308M (64%)        1718M (84%)        1470M (72%)         768M (38%)        1782M (87%)         768M (38%)    
[201.847s][info][gc,heap     ] GC(408)      Live:         -               134M (7%)          134M (7%)          134M (7%)             -                  -          
[201.847s][info][gc,heap     ] GC(408) Allocated:         -               410M (20%)         486M (24%)         594M (29%)            -                  -          
[201.847s][info][gc,heap     ] GC(408)   Garbage:         -              1173M (57%)         849M (41%)          38M (2%)             -                  -          
[201.847s][info][gc,heap     ] GC(408) Reclaimed:         -                  -               324M (16%)        1134M (55%)            -                  -          
[201.847s][info][gc          ] GC(408) Garbage Collection (Allocation Rate) 1308M(64%)->768M(38%)
[201.905s][info][gc,start    ] GC(409) Garbage Collection (Allocation Rate)
[201.906s][info][gc,task     ] GC(409) Using 2 workers
[201.906s][info][gc,phases   ] GC(409) Pause Mark Start 0.009ms
[201.984s][info][gc,phases   ] GC(409) Concurrent Mark 78.383ms
[201.984s][info][gc,phases   ] GC(409) Pause Mark End 0.019ms
[201.984s][info][gc,phases   ] GC(409) Concurrent Mark Free 0.002ms
[201.999s][info][gc,phases   ] GC(409) Concurrent Process Non-Strong References 14.406ms
[201.999s][info][gc,phases   ] GC(409) Concurrent Reset Relocation Set 0.027ms
[202.002s][info][gc,phases   ] GC(409) Concurrent Select Relocation Set 3.097ms
[202.002s][info][gc,phases   ] GC(409) Pause Relocate Start 0.009ms
[202.006s][info][gc,phases   ] GC(409) Concurrent Relocate 3.556ms
[202.006s][info][gc,load     ] GC(409) Load: 0.00/0.00/0.00
[202.006s][info][gc,mmu      ] GC(409) MMU: 2ms/94.3%, 5ms/97.7%, 10ms/98.9%, 20ms/99.4%, 50ms/99.7%, 100ms/99.8%
[202.006s][info][gc,marking  ] GC(409) Mark: 2 stripe(s), 2 proactive flush(es), 1 terminate flush(es), 0 completion(s), 0 continuation(s) 
[202.006s][info][gc,marking  ] GC(409) Mark Stack Usage: 32M
[202.006s][info][gc,nmethod  ] GC(409) NMethods: 15331 registered, 2270 unregistered
[202.006s][info][gc,metaspace] GC(409) Metaspace: 100M used, 101M committed, 1152M reserved
[202.006s][info][gc,ref      ] GC(409) Soft: 4314 encountered, 0 discovered, 0 enqueued
[202.006s][info][gc,ref      ] GC(409) Weak: 7439 encountered, 87 discovered, 0 enqueued
[202.006s][info][gc,ref      ] GC(409) Final: 1 encountered, 0 discovered, 0 enqueued
[202.006s][info][gc,ref      ] GC(409) Phantom: 773 encountered, 594 discovered, 0 enqueued
[202.006s][info][gc,reloc    ] GC(409) Small Pages: 394 / 788M, Empty: 290M, Relocated: 3M, In-Place: 0
[202.006s][info][gc,reloc    ] GC(409) Medium Pages: 2 / 64M, Empty: 0M, Relocated: 3M, In-Place: 0
[202.006s][info][gc,reloc    ] GC(409) Large Pages: 7 / 62M, Empty: 0M, Relocated: 0M, In-Place: 0
[202.006s][info][gc,reloc    ] GC(409) Forwarding Usage: 1M
[202.006s][info][gc,heap     ] GC(409) Min Capacity: 2048M(100%)
[202.006s][info][gc,heap     ] GC(409) Max Capacity: 2048M(100%)
[202.006s][info][gc,heap     ] GC(409) Soft Max Capacity: 2048M(100%)
[202.006s][info][gc,heap     ] GC(409)                Mark Start          Mark End        Relocate Start      Relocate End           High               Low         
[202.006s][info][gc,heap     ] GC(409)  Capacity:     2048M (100%)       2048M (100%)       2048M (100%)       2048M (100%)       2048M (100%)       2048M (100%)   
[202.006s][info][gc,heap     ] GC(409)      Free:     1134M (55%)         932M (46%)        1178M (58%)        1592M (78%)        1596M (78%)         896M (44%)    
[202.006s][info][gc,heap     ] GC(409)      Used:      914M (45%)        1116M (54%)         870M (42%)         456M (22%)        1152M (56%)         452M (22%)    
[202.006s][info][gc,heap     ] GC(409)      Live:         -               134M (7%)          134M (7%)          134M (7%)             -                  -          
[202.006s][info][gc,heap     ] GC(409) Allocated:         -               202M (10%)         246M (12%)         283M (14%)            -                  -          
[202.006s][info][gc,heap     ] GC(409)   Garbage:         -               779M (38%)         489M (24%)          37M (2%)             -                  -          
[202.006s][info][gc,heap     ] GC(409) Reclaimed:         -                  -               290M (14%)         741M (36%)            -                  -          
[202.006s][info][gc          ] GC(409) Garbage Collection (Allocation Rate) 914M(45%)->456M(22%)
[202.105s][info][gc,start    ] GC(410) Garbage Collection (System.gc())
[202.105s][info][gc,task     ] GC(410) Using 2 workers
[202.105s][info][gc,phases   ] GC(410) Pause Mark Start 0.005ms
[202.159s][info][gc,phases   ] GC(410) Concurrent Mark 53.619ms
[202.159s][info][gc,phases   ] GC(410) Pause Mark End 0.021ms
[202.159s][info][gc,phases   ] GC(410) Concurrent Mark Free 0.002ms
[202.172s][info][gc,phases   ] GC(410) Concurrent Process Non-Strong References 12.671ms
[202.172s][info][gc,phases   ] GC(410) Concurrent Reset Relocation Set 0.015ms
[202.174s][info][gc,phases   ] GC(410) Concurrent Select Relocation Set 1.939ms
[202.174s][info][gc,phases   ] GC(410) Pause Relocate Start 0.010ms
[202.176s][info][gc,phases   ] GC(410) Concurrent Relocate 1.384ms
[202.176s][info][gc,load     ] GC(410) Load: 0.00/0.00/0.00
[202.176s][info][gc,mmu      ] GC(410) MMU: 2ms/94.3%, 5ms/97.7%, 10ms/98.9%, 20ms/99.4%, 50ms/99.7%, 100ms/99.8%
[202.176s][info][gc,marking  ] GC(410) Mark: 2 stripe(s), 2 proactive flush(es), 1 terminate flush(es), 0 completion(s), 0 continuation(s) 
[202.176s][info][gc,marking  ] GC(410) Mark Stack Usage: 32M
[202.176s][info][gc,nmethod  ] GC(410) NMethods: 15332 registered, 2270 unregistered
[202.176s][info][gc,metaspace] GC(410) Metaspace: 100M used, 101M committed, 1152M reserved
[202.176s][info][gc,ref      ] GC(410) Soft: 4314 encountered, 0 discovered, 0 enqueued
[202.176s][info][gc,ref      ] GC(410) Weak: 7438 encountered, 102 discovered, 3 enqueued
[202.176s][info][gc,ref      ] GC(410) Final: 1 encountered, 1 discovered, 0 enqueued
[202.176s][info][gc,ref      ] GC(410) Phantom: 773 encountered, 434 discovered, 0 enqueued
[202.176s][info][gc,reloc    ] GC(410) Small Pages: 272 / 544M, Empty: 468M, Relocated: 1M, In-Place: 0
[202.176s][info][gc,reloc    ] GC(410) Medium Pages: 2 / 64M, Empty: 32M, Relocated: 0M, In-Place: 0
[202.176s][info][gc,reloc    ] GC(410) Large Pages: 7 / 62M, Empty: 0M, Relocated: 0M, In-Place: 0
[202.176s][info][gc,reloc    ] GC(410) Forwarding Usage: 0M
[202.176s][info][gc,heap     ] GC(410) Min Capacity: 2048M(100%)
[202.176s][info][gc,heap     ] GC(410) Max Capacity: 2048M(100%)
[202.176s][info][gc,heap     ] GC(410) Soft Max Capacity: 2048M(100%)
[202.176s][info][gc,heap     ] GC(410)                Mark Start          Mark End        Relocate Start      Relocate End           High               Low         
[202.176s][info][gc,heap     ] GC(410)  Capacity:     2048M (100%)       2048M (100%)       2048M (100%)       2048M (100%)       2048M (100%)       2048M (100%)   
[202.176s][info][gc,heap     ] GC(410)      Free:     1378M (67%)        1378M (67%)        1878M (92%)        1902M (93%)        1902M (93%)        1378M (67%)    
[202.176s][info][gc,heap     ] GC(410)      Used:      670M (33%)         670M (33%)         170M (8%)          146M (7%)          670M (33%)         146M (7%)     
[202.176s][info][gc,heap     ] GC(410)      Live:         -               106M (5%)          106M (5%)          106M (5%)             -                  -          
[202.176s][info][gc,heap     ] GC(410) Allocated:         -                 0M (0%)            0M (0%)            0M (0%)             -                  -          
[202.176s][info][gc,heap     ] GC(410)   Garbage:         -               563M (28%)          63M (3%)           39M (2%)             -                  -          
[202.176s][info][gc,heap     ] GC(410) Reclaimed:         -                  -               500M (24%)         524M (26%)            -                  -          
[202.176s][info][gc          ] GC(410) Garbage Collection (System.gc()) 670M(33%)->146M(7%)
[202.703s][info][gc,start    ] GC(411) Garbage Collection (Allocation Rate)
[202.703s][info][gc,task     ] GC(411) Using 1 workers
[202.703s][info][gc,phases   ] GC(411) Pause Mark Start 0.008ms
[202.801s][info][gc,phases   ] GC(411) Concurrent Mark 98.376ms
[202.802s][info][gc,phases   ] GC(411) Pause Mark End 0.015ms
[202.802s][info][gc,phases   ] GC(411) Concurrent Mark Free 0.001ms
[202.828s][info][gc,phases   ] GC(411) Concurrent Process Non-Strong References 26.391ms
[202.828s][info][gc,phases   ] GC(411) Concurrent Reset Relocation Set 0.002ms
[202.830s][info][gc,phases   ] GC(411) Concurrent Select Relocation Set 2.170ms
[202.831s][info][gc,phases   ] GC(411) Pause Relocate Start 0.013ms
[202.834s][info][gc,phases   ] GC(411) Concurrent Relocate 3.172ms
[202.834s][info][gc,load     ] GC(411) Load: 0.00/0.00/0.00
[202.834s][info][gc,mmu      ] GC(411) MMU: 2ms/94.3%, 5ms/97.7%, 10ms/98.9%, 20ms/99.4%, 50ms/99.7%, 100ms/99.8%
[202.834s][info][gc,marking  ] GC(411) Mark: 1 stripe(s), 2 proactive flush(es), 1 terminate flush(es), 0 completion(s), 0 continuation(s) 
[202.834s][info][gc,marking  ] GC(411) Mark Stack Usage: 32M
[202.834s][info][gc,nmethod  ] GC(411) NMethods: 15332 registered, 2270 unregistered
[202.834s][info][gc,metaspace] GC(411) Metaspace: 100M used, 101M committed, 1152M reserved
[202.834s][info][gc,ref      ] GC(411) Soft: 4314 encountered, 0 discovered, 0 enqueued
[202.834s][info][gc,ref      ] GC(411) Weak: 7445 encountered, 6248 discovered, 3 enqueued
[202.834s][info][gc,ref      ] GC(411) Final: 1 encountered, 1 discovered, 0 enqueued
[202.834s][info][gc,ref      ] GC(411) Phantom: 773 encountered, 395 discovered, 0 enqueued
[202.834s][info][gc,reloc    ] GC(411) Small Pages: 487 / 974M, Empty: 644M, Relocated: 1M, In-Place: 0
[202.834s][info][gc,reloc    ] GC(411) Medium Pages: 2 / 64M, Empty: 32M, Relocated: 0M, In-Place: 0
[202.834s][info][gc,reloc    ] GC(411) Large Pages: 7 / 62M, Empty: 0M, Relocated: 0M, In-Place: 0
[202.834s][info][gc,reloc    ] GC(411) Forwarding Usage: 0M
[202.834s][info][gc,heap     ] GC(411) Min Capacity: 2048M(100%)
[202.834s][info][gc,heap     ] GC(411) Max Capacity: 2048M(100%)
[202.834s][info][gc,heap     ] GC(411) Soft Max Capacity: 2048M(100%)
[202.834s][info][gc,heap     ] GC(411)                Mark Start          Mark End        Relocate Start      Relocate End           High               Low         
[202.834s][info][gc,heap     ] GC(411)  Capacity:     2048M (100%)       2048M (100%)       2048M (100%)       2048M (100%)       2048M (100%)       2048M (100%)   
[202.834s][info][gc,heap     ] GC(411)      Free:      948M (46%)         736M (36%)        1350M (66%)        1622M (79%)        1624M (79%)         678M (33%)    
[202.834s][info][gc,heap     ] GC(411)      Used:     1100M (54%)        1312M (64%)         698M (34%)         426M (21%)        1370M (67%)         424M (21%)    
[202.834s][info][gc,heap     ] GC(411)      Live:         -               106M (5%)          106M (5%)          106M (5%)             -                  -          
[202.834s][info][gc,heap     ] GC(411) Allocated:         -               212M (10%)         274M (13%)         281M (14%)            -                  -          
[202.834s][info][gc,heap     ] GC(411)   Garbage:         -               993M (48%)         317M (15%)          37M (2%)             -                  -          
[202.834s][info][gc,heap     ] GC(411) Reclaimed:         -                  -               676M (33%)         955M (47%)            -                  -          
[202.834s][info][gc          ] GC(411) Garbage Collection (Allocation Rate) 1100M(54%)->426M(21%)
[203.199s][info][gc,start    ] GC(412) Garbage Collection (Allocation Rate)
[203.199s][info][gc,task     ] GC(412) Using 1 workers
[203.199s][info][gc,phases   ] GC(412) Pause Mark Start 0.010ms
[203.361s][info][gc,phases   ] GC(412) Concurrent Mark 161.670ms
[203.361s][info][gc,phases   ] GC(412) Pause Mark End 0.014ms
[203.362s][info][gc,phases   ] GC(412) Concurrent Mark Free 0.001ms
[203.388s][info][gc,phases   ] GC(412) Concurrent Process Non-Strong References 26.287ms
[203.388s][info][gc,phases   ] GC(412) Concurrent Reset Relocation Set 0.010ms
[203.395s][info][gc,phases   ] GC(412) Concurrent Select Relocation Set 6.479ms
[203.395s][info][gc,phases   ] GC(412) Pause Relocate Start 0.010ms
[203.434s][info][gc,phases   ] GC(412) Concurrent Relocate 38.949ms
[203.434s][info][gc,load     ] GC(412) Load: 0.00/0.00/0.00
[203.434s][info][gc,mmu      ] GC(412) MMU: 2ms/94.3%, 5ms/97.7%, 10ms/98.9%, 20ms/99.4%, 50ms/99.7%, 100ms/99.8%
[203.434s][info][gc,marking  ] GC(412) Mark: 1 stripe(s), 2 proactive flush(es), 1 terminate flush(es), 0 completion(s), 0 continuation(s) 
[203.434s][info][gc,marking  ] GC(412) Mark Stack Usage: 32M
[203.434s][info][gc,nmethod  ] GC(412) NMethods: 15332 registered, 2270 unregistered
[203.434s][info][gc,metaspace] GC(412) Metaspace: 100M used, 101M committed, 1152M reserved
[203.434s][info][gc,ref      ] GC(412) Soft: 4314 encountered, 0 discovered, 0 enqueued
[203.434s][info][gc,ref      ] GC(412) Weak: 7445 encountered, 6251 discovered, 6 enqueued
[203.434s][info][gc,ref      ] GC(412) Final: 1 encountered, 1 discovered, 0 enqueued
[203.434s][info][gc,ref      ] GC(412) Phantom: 773 encountered, 395 discovered, 0 enqueued
[203.434s][info][gc,reloc    ] GC(412) Small Pages: 579 / 1158M, Empty: 294M, Relocated: 25M, In-Place: 0
[203.434s][info][gc,reloc    ] GC(412) Medium Pages: 2 / 64M, Empty: 0M, Relocated: 3M, In-Place: 0
[203.434s][info][gc,reloc    ] GC(412) Large Pages: 7 / 62M, Empty: 0M, Relocated: 0M, In-Place: 0
[203.434s][info][gc,reloc    ] GC(412) Forwarding Usage: 15M
[203.434s][info][gc,heap     ] GC(412) Min Capacity: 2048M(100%)
[203.434s][info][gc,heap     ] GC(412) Max Capacity: 2048M(100%)
[203.434s][info][gc,heap     ] GC(412) Soft Max Capacity: 2048M(100%)
[203.434s][info][gc,heap     ] GC(412)                Mark Start          Mark End        Relocate Start      Relocate End           High               Low         
[203.434s][info][gc,heap     ] GC(412)  Capacity:     2048M (100%)       2048M (100%)       2048M (100%)       2048M (100%)       2048M (100%)       2048M (100%)   
[203.434s][info][gc,heap     ] GC(412)      Free:      764M (37%)         354M (17%)         566M (28%)        1270M (62%)        1270M (62%)         288M (14%)    
[203.434s][info][gc,heap     ] GC(412)      Used:     1284M (63%)        1694M (83%)        1482M (72%)         778M (38%)        1760M (86%)         778M (38%)    
[203.434s][info][gc,heap     ] GC(412)      Live:         -               134M (7%)          134M (7%)          134M (7%)             -                  -          
[203.434s][info][gc,heap     ] GC(412) Allocated:         -               410M (20%)         492M (24%)         604M (30%)            -                  -          
[203.434s][info][gc,heap     ] GC(412)   Garbage:         -              1149M (56%)         855M (42%)          39M (2%)             -                  -          
[203.434s][info][gc,heap     ] GC(412) Reclaimed:         -                  -               294M (14%)        1110M (54%)            -                  -          
[203.434s][info][gc          ] GC(412) Garbage Collection (Allocation Rate) 1284M(63%)->778M(38%)
[203.500s][info][gc,start    ] GC(413) Garbage Collection (Allocation Rate)
[203.500s][info][gc,task     ] GC(413) Using 1 workers
[203.500s][info][gc,phases   ] GC(413) Pause Mark Start 0.009ms
[203.664s][info][gc,phases   ] GC(413) Concurrent Mark 163.326ms
[203.664s][info][gc,phases   ] GC(413) Pause Mark End 0.016ms
[203.664s][info][gc,phases   ] GC(413) Concurrent Mark Free 0.001ms
[203.689s][info][gc,phases   ] GC(413) Concurrent Process Non-Strong References 24.613ms
[203.689s][info][gc,phases   ] GC(413) Concurrent Reset Relocation Set 0.021ms
[203.692s][info][gc,phases   ] GC(413) Concurrent Select Relocation Set 3.033ms
[203.692s][info][gc,phases   ] GC(413) Pause Relocate Start 0.010ms
[203.697s][info][gc,phases   ] GC(413) Concurrent Relocate 4.914ms
[203.697s][info][gc,load     ] GC(413) Load: 0.00/0.00/0.00
[203.697s][info][gc,mmu      ] GC(413) MMU: 2ms/94.3%, 5ms/97.7%, 10ms/98.9%, 20ms/99.4%, 50ms/99.7%, 100ms/99.8%
[203.697s][info][gc,marking  ] GC(413) Mark: 1 stripe(s), 2 proactive flush(es), 1 terminate flush(es), 0 completion(s), 0 continuation(s) 
[203.697s][info][gc,marking  ] GC(413) Mark Stack Usage: 32M
[203.697s][info][gc,nmethod  ] GC(413) NMethods: 15332 registered, 2270 unregistered
[203.697s][info][gc,metaspace] GC(413) Metaspace: 100M used, 101M committed, 1152M reserved
[203.697s][info][gc,ref      ] GC(413) Soft: 4314 encountered, 0 discovered, 0 enqueued
[203.697s][info][gc,ref      ] GC(413) Weak: 7439 encountered, 6245 discovered, 0 enqueued
[203.697s][info][gc,ref      ] GC(413) Final: 1 encountered, 1 discovered, 0 enqueued
[203.697s][info][gc,ref      ] GC(413) Phantom: 773 encountered, 395 discovered, 0 enqueued
[203.697s][info][gc,reloc    ] GC(413) Small Pages: 408 / 816M, Empty: 294M, Relocated: 3M, In-Place: 0
[203.697s][info][gc,reloc    ] GC(413) Medium Pages: 2 / 64M, Empty: 0M, Relocated: 3M, In-Place: 0
[203.697s][info][gc,reloc    ] GC(413) Large Pages: 7 / 62M, Empty: 0M, Relocated: 0M, In-Place: 0
[203.697s][info][gc,reloc    ] GC(413) Forwarding Usage: 1M
[203.697s][info][gc,heap     ] GC(413) Min Capacity: 2048M(100%)
[203.697s][info][gc,heap     ] GC(413) Max Capacity: 2048M(100%)
[203.697s][info][gc,heap     ] GC(413) Soft Max Capacity: 2048M(100%)
[203.697s][info][gc,heap     ] GC(413)                Mark Start          Mark End        Relocate Start      Relocate End           High               Low         
[203.697s][info][gc,heap     ] GC(413)  Capacity:     2048M (100%)       2048M (100%)       2048M (100%)       2048M (100%)       2048M (100%)       2048M (100%)   
[203.697s][info][gc,heap     ] GC(413)      Free:     1106M (54%)         702M (34%)         970M (47%)        1448M (71%)        1448M (71%)         676M (33%)    
[203.697s][info][gc,heap     ] GC(413)      Used:      942M (46%)        1346M (66%)        1078M (53%)         600M (29%)        1372M (67%)         600M (29%)    
[203.697s][info][gc,heap     ] GC(413)      Live:         -               134M (7%)          134M (7%)          134M (7%)             -                  -          
[203.697s][info][gc,heap     ] GC(413) Allocated:         -               404M (20%)         430M (21%)         430M (21%)            -                  -          
[203.697s][info][gc,heap     ] GC(413)   Garbage:         -               807M (39%)         513M (25%)          35M (2%)             -                  -          
[203.697s][info][gc,heap     ] GC(413) Reclaimed:         -                  -               294M (14%)         772M (38%)            -                  -          
[203.697s][info][gc          ] GC(413) Garbage Collection (Allocation Rate) 942M(46%)->600M(29%)
[203.697s][info][gc,start    ] GC(414) Garbage Collection (System.gc())
[203.697s][info][gc,task     ] GC(414) Using 2 workers
[203.697s][info][gc,phases   ] GC(414) Pause Mark Start 0.007ms
[203.739s][info][gc,phases   ] GC(414) Concurrent Mark 42.024ms
[203.739s][info][gc,phases   ] GC(414) Pause Mark End 0.023ms
[203.740s][info][gc,phases   ] GC(414) Concurrent Mark Free 0.002ms
[203.753s][info][gc,phases   ] GC(414) Concurrent Process Non-Strong References 13.070ms
[203.753s][info][gc,phases   ] GC(414) Concurrent Reset Relocation Set 0.019ms
[203.755s][info][gc,phases   ] GC(414) Concurrent Select Relocation Set 2.047ms
[203.755s][info][gc,phases   ] GC(414) Pause Relocate Start 0.010ms
[203.756s][info][gc,phases   ] GC(414) Concurrent Relocate 1.366ms
[203.756s][info][gc,load     ] GC(414) Load: 0.00/0.00/0.00
[203.756s][info][gc,mmu      ] GC(414) MMU: 2ms/94.3%, 5ms/97.7%, 10ms/98.9%, 20ms/99.4%, 50ms/99.7%, 100ms/99.8%
[203.756s][info][gc,marking  ] GC(414) Mark: 2 stripe(s), 2 proactive flush(es), 1 terminate flush(es), 0 completion(s), 0 continuation(s) 
[203.756s][info][gc,marking  ] GC(414) Mark Stack Usage: 32M
[203.756s][info][gc,nmethod  ] GC(414) NMethods: 15332 registered, 2270 unregistered
[203.756s][info][gc,metaspace] GC(414) Metaspace: 100M used, 101M committed, 1152M reserved
[203.756s][info][gc,ref      ] GC(414) Soft: 4314 encountered, 0 discovered, 0 enqueued
[203.756s][info][gc,ref      ] GC(414) Weak: 7438 encountered, 111 discovered, 3 enqueued
[203.756s][info][gc,ref      ] GC(414) Final: 1 encountered, 0 discovered, 0 enqueued
[203.756s][info][gc,ref      ] GC(414) Phantom: 773 encountered, 467 discovered, 0 enqueued
[203.756s][info][gc,reloc    ] GC(414) Small Pages: 253 / 506M, Empty: 434M, Relocated: 1M, In-Place: 0
[203.756s][info][gc,reloc    ] GC(414) Medium Pages: 1 / 32M, Empty: 0M, Relocated: 0M, In-Place: 0
[203.756s][info][gc,reloc    ] GC(414) Large Pages: 7 / 62M, Empty: 0M, Relocated: 0M, In-Place: 0
[203.756s][info][gc,reloc    ] GC(414) Forwarding Usage: 0M
[203.756s][info][gc,heap     ] GC(414) Min Capacity: 2048M(100%)
[203.756s][info][gc,heap     ] GC(414) Max Capacity: 2048M(100%)
[203.756s][info][gc,heap     ] GC(414) Soft Max Capacity: 2048M(100%)
[203.756s][info][gc,heap     ] GC(414)                Mark Start          Mark End        Relocate Start      Relocate End           High               Low         
[203.756s][info][gc,heap     ] GC(414)  Capacity:     2048M (100%)       2048M (100%)       2048M (100%)       2048M (100%)       2048M (100%)       2048M (100%)   
[203.756s][info][gc,heap     ] GC(414)      Free:     1448M (71%)        1448M (71%)        1882M (92%)        1902M (93%)        1902M (93%)        1448M (71%)    
[203.756s][info][gc,heap     ] GC(414)      Used:      600M (29%)         600M (29%)         166M (8%)          146M (7%)          600M (29%)         146M (7%)     
[203.756s][info][gc,heap     ] GC(414)      Live:         -               106M (5%)          106M (5%)          106M (5%)             -                  -          
[203.756s][info][gc,heap     ] GC(414) Allocated:         -                 0M (0%)            0M (0%)            0M (0%)             -                  -          
[203.756s][info][gc,heap     ] GC(414)   Garbage:         -               493M (24%)          59M (3%)           39M (2%)             -                  -          
[203.757s][info][gc,heap     ] GC(414) Reclaimed:         -                  -               434M (21%)         454M (22%)            -                  -          
[203.757s][info][gc          ] GC(414) Garbage Collection (System.gc()) 600M(29%)->146M(7%)
[204.302s][info][gc,start    ] GC(415) Garbage Collection (Allocation Rate)
[204.302s][info][gc,task     ] GC(415) Using 1 workers
[204.302s][info][gc,phases   ] GC(415) Pause Mark Start 0.013ms
[204.401s][info][gc,phases   ] GC(415) Concurrent Mark 98.301ms
[204.401s][info][gc,phases   ] GC(415) Pause Mark End 0.015ms
[204.401s][info][gc,phases   ] GC(415) Concurrent Mark Free 0.001ms
[204.427s][info][gc,phases   ] GC(415) Concurrent Process Non-Strong References 25.795ms
[204.427s][info][gc,phases   ] GC(415) Concurrent Reset Relocation Set 0.002ms
[204.429s][info][gc,phases   ] GC(415) Concurrent Select Relocation Set 2.377ms
[204.429s][info][gc,phases   ] GC(415) Pause Relocate Start 0.012ms
[204.434s][info][gc,phases   ] GC(415) Concurrent Relocate 4.776ms
[204.434s][info][gc,load     ] GC(415) Load: 0.00/0.00/0.00
[204.434s][info][gc,mmu      ] GC(415) MMU: 2ms/94.3%, 5ms/97.7%, 10ms/98.9%, 20ms/99.4%, 50ms/99.7%, 100ms/99.8%
[204.434s][info][gc,marking  ] GC(415) Mark: 1 stripe(s), 2 proactive flush(es), 1 terminate flush(es), 0 completion(s), 0 continuation(s) 
[204.434s][info][gc,marking  ] GC(415) Mark Stack Usage: 32M
[204.434s][info][gc,nmethod  ] GC(415) NMethods: 15332 registered, 2270 unregistered
[204.434s][info][gc,metaspace] GC(415) Metaspace: 100M used, 101M committed, 1152M reserved
[204.434s][info][gc,ref      ] GC(415) Soft: 4314 encountered, 0 discovered, 0 enqueued
[204.434s][info][gc,ref      ] GC(415) Weak: 7445 encountered, 6248 discovered, 1 enqueued
[204.434s][info][gc,ref      ] GC(415) Final: 1 encountered, 1 discovered, 0 enqueued
[204.434s][info][gc,ref      ] GC(415) Phantom: 773 encountered, 395 discovered, 0 enqueued
[204.434s][info][gc,reloc    ] GC(415) Small Pages: 506 / 1012M, Empty: 638M, Relocated: 3M, In-Place: 0
[204.434s][info][gc,reloc    ] GC(415) Medium Pages: 2 / 64M, Empty: 32M, Relocated: 0M, In-Place: 0
[204.434s][info][gc,reloc    ] GC(415) Large Pages: 7 / 62M, Empty: 0M, Relocated: 0M, In-Place: 0
[204.434s][info][gc,reloc    ] GC(415) Forwarding Usage: 1M
[204.434s][info][gc,heap     ] GC(415) Min Capacity: 2048M(100%)
[204.434s][info][gc,heap     ] GC(415) Max Capacity: 2048M(100%)
[204.435s][info][gc,heap     ] GC(415) Soft Max Capacity: 2048M(100%)
[204.435s][info][gc,heap     ] GC(415)                Mark Start          Mark End        Relocate Start      Relocate End           High               Low         
[204.435s][info][gc,heap     ] GC(415)  Capacity:     2048M (100%)       2048M (100%)       2048M (100%)       2048M (100%)       2048M (100%)       2048M (100%)   
[204.435s][info][gc,heap     ] GC(415)      Free:      910M (44%)         698M (34%)        1308M (64%)        1622M (79%)        1624M (79%)         642M (31%)    
[204.435s][info][gc,heap     ] GC(415)      Used:     1138M (56%)        1350M (66%)         740M (36%)         426M (21%)        1406M (69%)         424M (21%)    
[204.435s][info][gc,heap     ] GC(415)      Live:         -               106M (5%)          106M (5%)          106M (5%)             -                  -          
[204.435s][info][gc,heap     ] GC(415) Allocated:         -               212M (10%)         272M (13%)         281M (14%)            -                  -          
[204.435s][info][gc,heap     ] GC(415)   Garbage:         -              1031M (50%)         361M (18%)          37M (2%)             -                  -          
[204.435s][info][gc,heap     ] GC(415) Reclaimed:         -                  -               670M (33%)         993M (49%)            -                  -          
[204.435s][info][gc          ] GC(415) Garbage Collection (Allocation Rate) 1138M(56%)->426M(21%)
[204.796s][info][gc,start    ] GC(416) Garbage Collection (Allocation Rate)
[204.796s][info][gc,task     ] GC(416) Using 1 workers
[204.796s][info][gc,phases   ] GC(416) Pause Mark Start 0.010ms
[204.961s][info][gc,phases   ] GC(416) Concurrent Mark 164.956ms
[204.961s][info][gc,phases   ] GC(416) Pause Mark End 0.014ms
[204.961s][info][gc,phases   ] GC(416) Concurrent Mark Free 0.001ms
[204.989s][info][gc,phases   ] GC(416) Concurrent Process Non-Strong References 27.429ms
[204.989s][info][gc,phases   ] GC(416) Concurrent Reset Relocation Set 0.012ms
[204.995s][info][gc,phases   ] GC(416) Concurrent Select Relocation Set 5.410ms
[204.995s][info][gc,phases   ] GC(416) Pause Relocate Start 0.018ms
[205.034s][info][gc,phases   ] GC(416) Concurrent Relocate 38.838ms
[205.034s][info][gc,load     ] GC(416) Load: 0.00/0.00/0.00
[205.034s][info][gc,mmu      ] GC(416) MMU: 2ms/94.3%, 5ms/97.7%, 10ms/98.9%, 20ms/99.4%, 50ms/99.7%, 100ms/99.8%
[205.034s][info][gc,marking  ] GC(416) Mark: 1 stripe(s), 2 proactive flush(es), 1 terminate flush(es), 0 completion(s), 0 continuation(s) 
[205.034s][info][gc,marking  ] GC(416) Mark Stack Usage: 32M
[205.034s][info][gc,nmethod  ] GC(416) NMethods: 15332 registered, 2270 unregistered
[205.034s][info][gc,metaspace] GC(416) Metaspace: 100M used, 101M committed, 1152M reserved
[205.034s][info][gc,ref      ] GC(416) Soft: 4314 encountered, 0 discovered, 0 enqueued
[205.034s][info][gc,ref      ] GC(416) Weak: 7445 encountered, 6251 discovered, 6 enqueued
[205.034s][info][gc,ref      ] GC(416) Final: 1 encountered, 1 discovered, 0 enqueued
[205.034s][info][gc,ref      ] GC(416) Phantom: 773 encountered, 395 discovered, 0 enqueued
[205.034s][info][gc,reloc    ] GC(416) Small Pages: 574 / 1148M, Empty: 268M, Relocated: 25M, In-Place: 0
[205.034s][info][gc,reloc    ] GC(416) Medium Pages: 2 / 64M, Empty: 0M, Relocated: 3M, In-Place: 0
[205.034s][info][gc,reloc    ] GC(416) Large Pages: 7 / 62M, Empty: 0M, Relocated: 0M, In-Place: 0
[205.034s][info][gc,reloc    ] GC(416) Forwarding Usage: 15M
[205.034s][info][gc,heap     ] GC(416) Min Capacity: 2048M(100%)
[205.034s][info][gc,heap     ] GC(416) Max Capacity: 2048M(100%)
[205.034s][info][gc,heap     ] GC(416) Soft Max Capacity: 2048M(100%)
[205.034s][info][gc,heap     ] GC(416)                Mark Start          Mark End        Relocate Start      Relocate End           High               Low         
[205.034s][info][gc,heap     ] GC(416)  Capacity:     2048M (100%)       2048M (100%)       2048M (100%)       2048M (100%)       2048M (100%)       2048M (100%)   
[205.034s][info][gc,heap     ] GC(416)      Free:      774M (38%)         356M (17%)         548M (27%)        1266M (62%)        1270M (62%)         294M (14%)    
[205.034s][info][gc,heap     ] GC(416)      Used:     1274M (62%)        1692M (83%)        1500M (73%)         782M (38%)        1754M (86%)         778M (38%)    
[205.034s][info][gc,heap     ] GC(416)      Live:         -               134M (7%)          134M (7%)          134M (7%)             -                  -          
[205.034s][info][gc,heap     ] GC(416) Allocated:         -               418M (20%)         494M (24%)         610M (30%)            -                  -          
[205.034s][info][gc,heap     ] GC(416)   Garbage:         -              1139M (56%)         871M (43%)          37M (2%)             -                  -          
[205.034s][info][gc,heap     ] GC(416) Reclaimed:         -                  -               268M (13%)        1102M (54%)            -                  -          
[205.034s][info][gc          ] GC(416) Garbage Collection (Allocation Rate) 1274M(62%)->782M(38%)
[205.097s][info][gc,start    ] GC(417) Garbage Collection (Allocation Rate)
[205.097s][info][gc,task     ] GC(417) Using 1 workers
[205.097s][info][gc,phases   ] GC(417) Pause Mark Start 0.018ms
[205.260s][info][gc,phases   ] GC(417) Concurrent Mark 162.163ms
[205.260s][info][gc,phases   ] GC(417) Pause Mark End 0.017ms
[205.260s][info][gc,phases   ] GC(417) Concurrent Mark Free 0.001ms
[205.285s][info][gc,phases   ] GC(417) Concurrent Process Non-Strong References 24.808ms
[205.285s][info][gc,phases   ] GC(417) Concurrent Reset Relocation Set 0.026ms
[205.288s][info][gc,phases   ] GC(417) Concurrent Select Relocation Set 3.154ms
[205.288s][info][gc,phases   ] GC(417) Pause Relocate Start 0.010ms
[205.291s][info][gc,phases   ] GC(417) Concurrent Relocate 3.299ms
[205.291s][info][gc,load     ] GC(417) Load: 0.00/0.00/0.00
[205.291s][info][gc,mmu      ] GC(417) MMU: 2ms/94.3%, 5ms/97.7%, 10ms/98.9%, 20ms/99.4%, 50ms/99.7%, 100ms/99.8%
[205.291s][info][gc,marking  ] GC(417) Mark: 1 stripe(s), 2 proactive flush(es), 1 terminate flush(es), 0 completion(s), 0 continuation(s) 
[205.291s][info][gc,marking  ] GC(417) Mark Stack Usage: 32M
[205.291s][info][gc,nmethod  ] GC(417) NMethods: 15332 registered, 2270 unregistered
[205.291s][info][gc,metaspace] GC(417) Metaspace: 100M used, 101M committed, 1152M reserved
[205.291s][info][gc,ref      ] GC(417) Soft: 4314 encountered, 0 discovered, 0 enqueued
[205.291s][info][gc,ref      ] GC(417) Weak: 7439 encountered, 6245 discovered, 0 enqueued
[205.292s][info][gc,ref      ] GC(417) Final: 1 encountered, 1 discovered, 0 enqueued
[205.292s][info][gc,ref      ] GC(417) Phantom: 773 encountered, 395 discovered, 0 enqueued
[205.292s][info][gc,reloc    ] GC(417) Small Pages: 407 / 814M, Empty: 320M, Relocated: 2M, In-Place: 0
[205.292s][info][gc,reloc    ] GC(417) Medium Pages: 2 / 64M, Empty: 0M, Relocated: 3M, In-Place: 0
[205.292s][info][gc,reloc    ] GC(417) Large Pages: 7 / 62M, Empty: 0M, Relocated: 0M, In-Place: 0
[205.292s][info][gc,reloc    ] GC(417) Forwarding Usage: 1M
[205.292s][info][gc,heap     ] GC(417) Min Capacity: 2048M(100%)
[205.292s][info][gc,heap     ] GC(417) Max Capacity: 2048M(100%)
[205.292s][info][gc,heap     ] GC(417) Soft Max Capacity: 2048M(100%)
[205.292s][info][gc,heap     ] GC(417)                Mark Start          Mark End        Relocate Start      Relocate End           High               Low         
[205.292s][info][gc,heap     ] GC(417)  Capacity:     2048M (100%)       2048M (100%)       2048M (100%)       2048M (100%)       2048M (100%)       2048M (100%)   
[205.292s][info][gc,heap     ] GC(417)      Free:     1108M (54%)         714M (35%)        1022M (50%)        1470M (72%)        1470M (72%)         702M (34%)    
[205.292s][info][gc,heap     ] GC(417)      Used:      940M (46%)        1334M (65%)        1026M (50%)         578M (28%)        1346M (66%)         578M (28%)    
[205.292s][info][gc,heap     ] GC(417)      Live:         -               134M (7%)          134M (7%)          134M (7%)             -                  -          
[205.292s][info][gc,heap     ] GC(417) Allocated:         -               394M (19%)         406M (20%)         406M (20%)            -                  -          
[205.292s][info][gc,heap     ] GC(417)   Garbage:         -               805M (39%)         485M (24%)          37M (2%)             -                  -          
[205.292s][info][gc,heap     ] GC(417) Reclaimed:         -                  -               320M (16%)         768M (38%)            -                  -          
[205.292s][info][gc          ] GC(417) Garbage Collection (Allocation Rate) 940M(46%)->578M(28%)
[205.292s][info][gc,start    ] GC(418) Garbage Collection (System.gc())
[205.292s][info][gc,task     ] GC(418) Using 2 workers
[205.292s][info][gc,phases   ] GC(418) Pause Mark Start 0.008ms
[205.352s][info][gc,phases   ] GC(418) Concurrent Mark 60.117ms
[205.352s][info][gc,phases   ] GC(418) Pause Mark End 0.020ms
[205.353s][info][gc,phases   ] GC(418) Concurrent Mark Free 0.002ms
[205.367s][info][gc,phases   ] GC(418) Concurrent Process Non-Strong References 14.389ms
[205.367s][info][gc,phases   ] GC(418) Concurrent Reset Relocation Set 0.014ms
[205.369s][info][gc,phases   ] GC(418) Concurrent Select Relocation Set 1.428ms
[205.369s][info][gc,phases   ] GC(418) Pause Relocate Start 0.010ms
[205.370s][info][gc,phases   ] GC(418) Concurrent Relocate 0.785ms
[205.370s][info][gc,load     ] GC(418) Load: 0.00/0.00/0.00
[205.370s][info][gc,mmu      ] GC(418) MMU: 2ms/94.3%, 5ms/97.7%, 10ms/98.9%, 20ms/99.4%, 50ms/99.7%, 100ms/99.8%
[205.370s][info][gc,marking  ] GC(418) Mark: 2 stripe(s), 2 proactive flush(es), 1 terminate flush(es), 0 completion(s), 0 continuation(s) 
[205.370s][info][gc,marking  ] GC(418) Mark Stack Usage: 32M
[205.370s][info][gc,nmethod  ] GC(418) NMethods: 15332 registered, 2270 unregistered
[205.370s][info][gc,metaspace] GC(418) Metaspace: 100M used, 101M committed, 1152M reserved
[205.370s][info][gc,ref      ] GC(418) Soft: 4314 encountered, 0 discovered, 0 enqueued
[205.370s][info][gc,ref      ] GC(418) Weak: 7438 encountered, 92 discovered, 3 enqueued
[205.370s][info][gc,ref      ] GC(418) Final: 1 encountered, 1 discovered, 0 enqueued
[205.370s][info][gc,ref      ] GC(418) Phantom: 773 encountered, 570 discovered, 0 enqueued
[205.370s][info][gc,reloc    ] GC(418) Small Pages: 242 / 484M, Empty: 420M, Relocated: 1M, In-Place: 0
[205.370s][info][gc,reloc    ] GC(418) Medium Pages: 1 / 32M, Empty: 0M, Relocated: 0M, In-Place: 0
[205.370s][info][gc,reloc    ] GC(418) Large Pages: 7 / 62M, Empty: 0M, Relocated: 0M, In-Place: 0
[205.370s][info][gc,reloc    ] GC(418) Forwarding Usage: 0M
[205.370s][info][gc,heap     ] GC(418) Min Capacity: 2048M(100%)
[205.370s][info][gc,heap     ] GC(418) Max Capacity: 2048M(100%)
[205.370s][info][gc,heap     ] GC(418) Soft Max Capacity: 2048M(100%)
[205.370s][info][gc,heap     ] GC(418)                Mark Start          Mark End        Relocate Start      Relocate End           High               Low         
[205.370s][info][gc,heap     ] GC(418)  Capacity:     2048M (100%)       2048M (100%)       2048M (100%)       2048M (100%)       2048M (100%)       2048M (100%)   
[205.370s][info][gc,heap     ] GC(418)      Free:     1470M (72%)        1468M (72%)        1888M (92%)        1900M (93%)        1900M (93%)        1468M (72%)    
[205.370s][info][gc,heap     ] GC(418)      Used:      578M (28%)         580M (28%)         160M (8%)          148M (7%)          580M (28%)         148M (7%)     
[205.370s][info][gc,heap     ] GC(418)      Live:         -               106M (5%)          106M (5%)          106M (5%)             -                  -          
[205.370s][info][gc,heap     ] GC(418) Allocated:         -                 2M (0%)            2M (0%)            2M (0%)             -                  -          
[205.370s][info][gc,heap     ] GC(418)   Garbage:         -               471M (23%)          51M (3%)           39M (2%)             -                  -          
[205.370s][info][gc,heap     ] GC(418) Reclaimed:         -                  -               420M (21%)         432M (21%)            -                  -          
[205.370s][info][gc          ] GC(418) Garbage Collection (System.gc()) 578M(28%)->148M(7%)
[205.907s][info][gc,start    ] GC(419) Garbage Collection (Allocation Rate)
[205.907s][info][gc,task     ] GC(419) Using 1 workers
[205.908s][info][gc,phases   ] GC(419) Pause Mark Start 0.009ms
[206.008s][info][gc,phases   ] GC(419) Concurrent Mark 100.465ms
[206.008s][info][gc,phases   ] GC(419) Pause Mark End 0.012ms
[206.009s][info][gc,phases   ] GC(419) Concurrent Mark Free 0.001ms
[206.035s][info][gc,phases   ] GC(419) Concurrent Process Non-Strong References 26.934ms
[206.036s][info][gc,phases   ] GC(419) Concurrent Reset Relocation Set 0.002ms
[206.038s][info][gc,phases   ] GC(419) Concurrent Select Relocation Set 2.283ms
[206.038s][info][gc,phases   ] GC(419) Pause Relocate Start 0.014ms
[206.043s][info][gc,phases   ] GC(419) Concurrent Relocate 4.790ms
[206.043s][info][gc,load     ] GC(419) Load: 0.00/0.00/0.00
[206.043s][info][gc,mmu      ] GC(419) MMU: 2ms/94.3%, 5ms/97.7%, 10ms/98.9%, 20ms/99.4%, 50ms/99.7%, 100ms/99.8%
[206.043s][info][gc,marking  ] GC(419) Mark: 1 stripe(s), 2 proactive flush(es), 1 terminate flush(es), 0 completion(s), 0 continuation(s) 
[206.043s][info][gc,marking  ] GC(419) Mark Stack Usage: 32M
[206.043s][info][gc,nmethod  ] GC(419) NMethods: 15332 registered, 2270 unregistered
[206.043s][info][gc,metaspace] GC(419) Metaspace: 100M used, 101M committed, 1152M reserved
[206.043s][info][gc,ref      ] GC(419) Soft: 4314 encountered, 0 discovered, 0 enqueued
[206.043s][info][gc,ref      ] GC(419) Weak: 7445 encountered, 6248 discovered, 1 enqueued
[206.043s][info][gc,ref      ] GC(419) Final: 1 encountered, 1 discovered, 0 enqueued
[206.043s][info][gc,ref      ] GC(419) Phantom: 773 encountered, 395 discovered, 0 enqueued
[206.043s][info][gc,reloc    ] GC(419) Small Pages: 499 / 998M, Empty: 642M, Relocated: 3M, In-Place: 0
[206.043s][info][gc,reloc    ] GC(419) Medium Pages: 2 / 64M, Empty: 32M, Relocated: 0M, In-Place: 0
[206.043s][info][gc,reloc    ] GC(419) Large Pages: 7 / 62M, Empty: 0M, Relocated: 0M, In-Place: 0
[206.043s][info][gc,reloc    ] GC(419) Forwarding Usage: 1M
[206.043s][info][gc,heap     ] GC(419) Min Capacity: 2048M(100%)
[206.043s][info][gc,heap     ] GC(419) Max Capacity: 2048M(100%)
[206.043s][info][gc,heap     ] GC(419) Soft Max Capacity: 2048M(100%)
[206.043s][info][gc,heap     ] GC(419)                Mark Start          Mark End        Relocate Start      Relocate End           High               Low         
[206.043s][info][gc,heap     ] GC(419)  Capacity:     2048M (100%)       2048M (100%)       2048M (100%)       2048M (100%)       2048M (100%)       2048M (100%)   
[206.043s][info][gc,heap     ] GC(419)      Free:      924M (45%)         708M (35%)        1314M (64%)        1612M (79%)        1614M (79%)         644M (31%)    
[206.043s][info][gc,heap     ] GC(419)      Used:     1124M (55%)        1340M (65%)         734M (36%)         436M (21%)        1404M (69%)         434M (21%)    
[206.043s][info][gc,heap     ] GC(419)      Live:         -               106M (5%)          106M (5%)          106M (5%)             -                  -          
[206.043s][info][gc,heap     ] GC(419) Allocated:         -               216M (11%)         284M (14%)         291M (14%)            -                  -          
[206.043s][info][gc,heap     ] GC(419)   Garbage:         -              1017M (50%)         343M (17%)          37M (2%)             -                  -          
[206.043s][info][gc,heap     ] GC(419) Reclaimed:         -                  -               674M (33%)         979M (48%)            -                  -          
[206.043s][info][gc          ] GC(419) Garbage Collection (Allocation Rate) 1124M(55%)->436M(21%)
[206.403s][info][gc,start    ] GC(420) Garbage Collection (Allocation Rate)
[206.403s][info][gc,task     ] GC(420) Using 1 workers
[206.403s][info][gc,phases   ] GC(420) Pause Mark Start 0.009ms
[206.570s][info][gc,phases   ] GC(420) Concurrent Mark 166.149ms
[206.570s][info][gc,phases   ] GC(420) Pause Mark End 0.018ms
[206.570s][info][gc,phases   ] GC(420) Concurrent Mark Free 0.001ms
[206.597s][info][gc,phases   ] GC(420) Concurrent Process Non-Strong References 27.041ms
[206.597s][info][gc,phases   ] GC(420) Concurrent Reset Relocation Set 0.011ms
[206.603s][info][gc,phases   ] GC(420) Concurrent Select Relocation Set 5.505ms
[206.603s][info][gc,phases   ] GC(420) Pause Relocate Start 0.011ms
[206.643s][info][gc,phases   ] GC(420) Concurrent Relocate 39.590ms
[206.643s][info][gc,load     ] GC(420) Load: 0.00/0.00/0.00
[206.643s][info][gc,mmu      ] GC(420) MMU: 2ms/94.3%, 5ms/97.7%, 10ms/98.9%, 20ms/99.4%, 50ms/99.7%, 100ms/99.8%
[206.643s][info][gc,marking  ] GC(420) Mark: 1 stripe(s), 2 proactive flush(es), 1 terminate flush(es), 0 completion(s), 0 continuation(s) 
[206.643s][info][gc,marking  ] GC(420) Mark Stack Usage: 32M
[206.643s][info][gc,nmethod  ] GC(420) NMethods: 15332 registered, 2270 unregistered
[206.643s][info][gc,metaspace] GC(420) Metaspace: 100M used, 101M committed, 1152M reserved
[206.643s][info][gc,ref      ] GC(420) Soft: 4314 encountered, 0 discovered, 0 enqueued
[206.643s][info][gc,ref      ] GC(420) Weak: 7445 encountered, 6251 discovered, 6 enqueued
[206.643s][info][gc,ref      ] GC(420) Final: 1 encountered, 1 discovered, 0 enqueued
[206.643s][info][gc,ref      ] GC(420) Phantom: 773 encountered, 395 discovered, 0 enqueued
[206.643s][info][gc,reloc    ] GC(420) Small Pages: 583 / 1166M, Empty: 292M, Relocated: 25M, In-Place: 0
[206.643s][info][gc,reloc    ] GC(420) Medium Pages: 2 / 64M, Empty: 0M, Relocated: 3M, In-Place: 0
[206.643s][info][gc,reloc    ] GC(420) Large Pages: 7 / 62M, Empty: 0M, Relocated: 0M, In-Place: 0
[206.643s][info][gc,reloc    ] GC(420) Forwarding Usage: 16M
[206.643s][info][gc,heap     ] GC(420) Min Capacity: 2048M(100%)
[206.643s][info][gc,heap     ] GC(420) Max Capacity: 2048M(100%)
[206.643s][info][gc,heap     ] GC(420) Soft Max Capacity: 2048M(100%)
[206.643s][info][gc,heap     ] GC(420)                Mark Start          Mark End        Relocate Start      Relocate End           High               Low         
[206.643s][info][gc,heap     ] GC(420)  Capacity:     2048M (100%)       2048M (100%)       2048M (100%)       2048M (100%)       2048M (100%)       2048M (100%)   
[206.643s][info][gc,heap     ] GC(420)      Free:      756M (37%)         338M (17%)         554M (27%)        1270M (62%)        1270M (62%)         274M (13%)    
[206.643s][info][gc,heap     ] GC(420)      Used:     1292M (63%)        1710M (83%)        1494M (73%)         778M (38%)        1774M (87%)         778M (38%)    
[206.643s][info][gc,heap     ] GC(420)      Live:         -               134M (7%)          134M (7%)          134M (7%)             -                  -          
[206.643s][info][gc,heap     ] GC(420) Allocated:         -               418M (20%)         494M (24%)         605M (30%)            -                  -          
[206.643s][info][gc,heap     ] GC(420)   Garbage:         -              1157M (57%)         865M (42%)          37M (2%)             -                  -          
[206.643s][info][gc,heap     ] GC(420) Reclaimed:         -                  -               292M (14%)        1119M (55%)            -                  -          
[206.643s][info][gc          ] GC(420) Garbage Collection (Allocation Rate) 1292M(63%)->778M(38%)
[206.705s][info][gc,start    ] GC(421) Garbage Collection (Allocation Rate)
[206.705s][info][gc,task     ] GC(421) Using 1 workers
[206.705s][info][gc,phases   ] GC(421) Pause Mark Start 0.011ms
[206.871s][info][gc,phases   ] GC(421) Concurrent Mark 166.496ms
[206.872s][info][gc,phases   ] GC(421) Pause Mark End 0.019ms
[206.872s][info][gc,phases   ] GC(421) Concurrent Mark Free 0.001ms
[206.898s][info][gc,phases   ] GC(421) Concurrent Process Non-Strong References 26.595ms
[206.898s][info][gc,phases   ] GC(421) Concurrent Reset Relocation Set 0.029ms
[206.901s][info][gc,phases   ] GC(421) Concurrent Select Relocation Set 2.833ms
[206.901s][info][gc,phases   ] GC(421) Pause Relocate Start 0.007ms
[206.906s][info][gc,phases   ] GC(421) Concurrent Relocate 4.128ms
[206.906s][info][gc,load     ] GC(421) Load: 0.00/0.00/0.00
[206.906s][info][gc,mmu      ] GC(421) MMU: 2ms/94.3%, 5ms/97.7%, 10ms/98.9%, 20ms/99.4%, 50ms/99.7%, 100ms/99.8%
[206.906s][info][gc,marking  ] GC(421) Mark: 1 stripe(s), 2 proactive flush(es), 1 terminate flush(es), 0 completion(s), 0 continuation(s) 
[206.906s][info][gc,marking  ] GC(421) Mark Stack Usage: 32M
[206.906s][info][gc,nmethod  ] GC(421) NMethods: 15349 registered, 2270 unregistered
[206.906s][info][gc,metaspace] GC(421) Metaspace: 100M used, 101M committed, 1152M reserved
[206.906s][info][gc,ref      ] GC(421) Soft: 4314 encountered, 0 discovered, 0 enqueued
[206.906s][info][gc,ref      ] GC(421) Weak: 7438 encountered, 6246 discovered, 0 enqueued
[206.906s][info][gc,ref      ] GC(421) Final: 1 encountered, 1 discovered, 0 enqueued
[206.906s][info][gc,ref      ] GC(421) Phantom: 773 encountered, 395 discovered, 0 enqueued
[206.906s][info][gc,reloc    ] GC(421) Small Pages: 403 / 806M, Empty: 302M, Relocated: 2M, In-Place: 0
[206.906s][info][gc,reloc    ] GC(421) Medium Pages: 2 / 64M, Empty: 0M, Relocated: 3M, In-Place: 0
[206.906s][info][gc,reloc    ] GC(421) Large Pages: 7 / 62M, Empty: 0M, Relocated: 0M, In-Place: 0
[206.906s][info][gc,reloc    ] GC(421) Forwarding Usage: 1M
[206.906s][info][gc,heap     ] GC(421) Min Capacity: 2048M(100%)
[206.906s][info][gc,heap     ] GC(421) Max Capacity: 2048M(100%)
[206.906s][info][gc,heap     ] GC(421) Soft Max Capacity: 2048M(100%)
[206.906s][info][gc,heap     ] GC(421)                Mark Start          Mark End        Relocate Start      Relocate End           High               Low         
[206.906s][info][gc,heap     ] GC(421)  Capacity:     2048M (100%)       2048M (100%)       2048M (100%)       2048M (100%)       2048M (100%)       2048M (100%)   
[206.906s][info][gc,heap     ] GC(421)      Free:     1116M (54%)         724M (35%)        1010M (49%)        1468M (72%)        1468M (72%)         708M (35%)    
[206.906s][info][gc,heap     ] GC(421)      Used:      932M (46%)        1324M (65%)        1038M (51%)         580M (28%)        1340M (65%)         580M (28%)    
[206.906s][info][gc,heap     ] GC(421)      Live:         -               134M (7%)          134M (7%)          134M (7%)             -                  -          
[206.906s][info][gc,heap     ] GC(421) Allocated:         -               392M (19%)         408M (20%)         408M (20%)            -                  -          
[206.906s][info][gc,heap     ] GC(421)   Garbage:         -               797M (39%)         495M (24%)          37M (2%)             -                  -          
[206.906s][info][gc,heap     ] GC(421) Reclaimed:         -                  -               302M (15%)         760M (37%)            -                  -          
[206.906s][info][gc          ] GC(421) Garbage Collection (Allocation Rate) 932M(46%)->580M(28%)
[207.170s][info][gc,heap,exit] Heap
[207.170s][info][gc,heap,exit]  ZHeap           used 618M, capacity 2048M, max capacity 2048M
[207.170s][info][gc,heap,exit]  Metaspace       used 102918K, committed 103808K, reserved 1179648K
[207.170s][info][gc,heap,exit]   class space    used 13925K, committed 14272K, reserved 1048576K
