[0.010s][info][gc,heap] Heap region size: 2M
[0.044s][info][gc     ] Using G1
[0.044s][info][gc,heap,coops] Heap address: 0x0000000700000000, size: 4096 MB, Compressed Oops mode: Zero based, Oop shift amount: 3
[1.398s][info][gc,start     ] GC(0) Pause Young (Concurrent Start) (Metadata GC Threshold)
[1.398s][info][gc,task      ] GC(0) Using 6 workers of 6 for evacuation
[1.405s][info][gc,phases    ] GC(0)   Pre Evacuate Collection Set: 0.0ms
[1.405s][info][gc,phases    ] GC(0)   Evacuate Collection Set: 6.4ms
[1.405s][info][gc,phases    ] GC(0)   Post Evacuate Collection Set: 0.7ms
[1.405s][info][gc,phases    ] GC(0)   Other: 0.5ms
[1.406s][info][gc,heap      ] GC(0) Eden regions: 61->0(98)
[1.406s][info][gc,heap      ] GC(0) Survivor regions: 0->4(13)
[1.406s][info][gc,heap      ] GC(0) Old regions: 0->0
[1.406s][info][gc,heap      ] GC(0) Humongous regions: 0->0
[1.406s][info][gc,metaspace ] GC(0) Metaspace: 20429K(21248K)->20429K(21248K) NonClass: 18259K(18688K)->18259K(18688K) Class: 2170K(2560K)->2170K(2560K)
[1.406s][info][gc           ] GC(0) Pause Young (Concurrent Start) (Metadata GC Threshold) 121M->6M(4096M) 8.351ms
[1.406s][info][gc,cpu       ] GC(0) User=0.00s Sys=0.00s Real=0.02s
[1.406s][info][gc           ] GC(1) Concurrent Cycle
[1.406s][info][gc,marking   ] GC(1) Concurrent Clear Claimed Marks
[1.406s][info][gc,marking   ] GC(1) Concurrent Clear Claimed Marks 0.033ms
[1.406s][info][gc,marking   ] GC(1) Concurrent Scan Root Regions
[1.409s][info][gc,marking   ] GC(1) Concurrent Scan Root Regions 2.527ms
[1.409s][info][gc,marking   ] GC(1) Concurrent Mark (1.409s)
[1.409s][info][gc,marking   ] GC(1) Concurrent Mark From Roots
[1.409s][info][gc,task      ] GC(1) Using 2 workers of 2 for marking
[1.409s][info][gc,marking   ] GC(1) Concurrent Mark From Roots 0.329ms
[1.409s][info][gc,marking   ] GC(1) Concurrent Preclean
[1.409s][info][gc,marking   ] GC(1) Concurrent Preclean 0.040ms
[1.409s][info][gc,marking   ] GC(1) Concurrent Mark (1.409s, 1.409s) 0.408ms
[1.409s][info][gc,start     ] GC(1) Pause Remark
[1.411s][info][gc,stringtable] GC(1) Cleaned string and symbol table, strings: 8288 processed, 0 removed, symbols: 65060 processed, 71 removed
[1.411s][info][gc            ] GC(1) Pause Remark 8M->8M(4096M) 1.743ms
[1.411s][info][gc,cpu        ] GC(1) User=0.02s Sys=0.00s Real=0.00s
[1.411s][info][gc,marking    ] GC(1) Concurrent Rebuild Remembered Sets
[1.411s][info][gc,marking    ] GC(1) Concurrent Rebuild Remembered Sets 0.118ms
[1.411s][info][gc,start      ] GC(1) Pause Cleanup
[1.412s][info][gc            ] GC(1) Pause Cleanup 8M->8M(4096M) 0.162ms
[1.412s][info][gc,cpu        ] GC(1) User=0.00s Sys=0.00s Real=0.00s
[1.412s][info][gc,marking    ] GC(1) Concurrent Cleanup for Next Mark
[1.422s][info][gc,marking    ] GC(1) Concurrent Cleanup for Next Mark 10.162ms
[1.422s][info][gc            ] GC(1) Concurrent Cycle 15.909ms
[2.162s][info][gc,start      ] GC(2) Pause Young (Normal) (G1 Evacuation Pause)
[2.162s][info][gc,task       ] GC(2) Using 6 workers of 6 for evacuation
[2.170s][info][gc,phases     ] GC(2)   Pre Evacuate Collection Set: 0.0ms
[2.170s][info][gc,phases     ] GC(2)   Evacuate Collection Set: 6.9ms
[2.170s][info][gc,phases     ] GC(2)   Post Evacuate Collection Set: 1.0ms
[2.170s][info][gc,phases     ] GC(2)   Other: 0.2ms
[2.170s][info][gc,heap       ] GC(2) Eden regions: 98->0(99)
[2.170s][info][gc,heap       ] GC(2) Survivor regions: 4->6(13)
[2.170s][info][gc,heap       ] GC(2) Old regions: 0->0
[2.170s][info][gc,heap       ] GC(2) Humongous regions: 0->0
[2.170s][info][gc,metaspace  ] GC(2) Metaspace: 31518K(32640K)->31518K(32640K) NonClass: 27922K(28672K)->27922K(28672K) Class: 3595K(3968K)->3595K(3968K)
[2.170s][info][gc            ] GC(2) Pause Young (Normal) (G1 Evacuation Pause) 202M->11M(4096M) 8.253ms
[2.170s][info][gc,cpu        ] GC(2) User=0.00s Sys=0.00s Real=0.01s
[2.798s][info][gc,start      ] GC(3) Pause Young (Concurrent Start) (Metadata GC Threshold)
[2.798s][info][gc,task       ] GC(3) Using 6 workers of 6 for evacuation
[2.808s][info][gc,phases     ] GC(3)   Pre Evacuate Collection Set: 0.1ms
[2.808s][info][gc,phases     ] GC(3)   Evacuate Collection Set: 9.2ms
[2.808s][info][gc,phases     ] GC(3)   Post Evacuate Collection Set: 0.8ms
[2.808s][info][gc,phases     ] GC(3)   Other: 0.2ms
[2.808s][info][gc,heap       ] GC(3) Eden regions: 43->0(95)
[2.808s][info][gc,heap       ] GC(3) Survivor regions: 6->7(14)
[2.808s][info][gc,heap       ] GC(3) Old regions: 0->0
[2.808s][info][gc,heap       ] GC(3) Humongous regions: 0->0
[2.808s][info][gc,metaspace  ] GC(3) Metaspace: 34798K(35840K)->34798K(35840K) NonClass: 30746K(31360K)->30746K(31360K) Class: 4052K(4480K)->4052K(4480K)
[2.808s][info][gc            ] GC(3) Pause Young (Concurrent Start) (Metadata GC Threshold) 96M->13M(4096M) 10.348ms
[2.808s][info][gc,cpu        ] GC(3) User=0.03s Sys=0.00s Real=0.02s
[2.808s][info][gc            ] GC(4) Concurrent Cycle
[2.808s][info][gc,marking    ] GC(4) Concurrent Clear Claimed Marks
[2.808s][info][gc,marking    ] GC(4) Concurrent Clear Claimed Marks 0.051ms
[2.808s][info][gc,marking    ] GC(4) Concurrent Scan Root Regions
[2.811s][info][gc,marking    ] GC(4) Concurrent Scan Root Regions 3.070ms
[2.812s][info][gc,marking    ] GC(4) Concurrent Mark (2.812s)
[2.812s][info][gc,marking    ] GC(4) Concurrent Mark From Roots
[2.812s][info][gc,task       ] GC(4) Using 2 workers of 2 for marking
[2.812s][info][gc,marking    ] GC(4) Concurrent Mark From Roots 0.387ms
[2.812s][info][gc,marking    ] GC(4) Concurrent Preclean
[2.812s][info][gc,marking    ] GC(4) Concurrent Preclean 0.034ms
[2.812s][info][gc,marking    ] GC(4) Concurrent Mark (2.812s, 2.812s) 0.481ms
[2.812s][info][gc,start      ] GC(4) Pause Remark
[2.815s][info][gc,stringtable] GC(4) Cleaned string and symbol table, strings: 13159 processed, 0 removed, symbols: 111924 processed, 402 removed
[2.815s][info][gc            ] GC(4) Pause Remark 14M->14M(4096M) 3.306ms
[2.815s][info][gc,cpu        ] GC(4) User=0.00s Sys=0.00s Real=0.00s
[2.815s][info][gc,marking    ] GC(4) Concurrent Rebuild Remembered Sets
[2.816s][info][gc,marking    ] GC(4) Concurrent Rebuild Remembered Sets 0.108ms
[2.816s][info][gc,start      ] GC(4) Pause Cleanup
[2.816s][info][gc            ] GC(4) Pause Cleanup 14M->14M(4096M) 0.160ms
[2.816s][info][gc,cpu        ] GC(4) User=0.00s Sys=0.00s Real=0.00s
[2.816s][info][gc,marking    ] GC(4) Concurrent Cleanup for Next Mark
[2.823s][info][gc,marking    ] GC(4) Concurrent Cleanup for Next Mark 6.806ms
[2.823s][info][gc            ] GC(4) Concurrent Cycle 14.504ms
[4.587s][info][gc,start      ] GC(5) Pause Young (Normal) (G1 Evacuation Pause)
[4.587s][info][gc,task       ] GC(5) Using 6 workers of 6 for evacuation
[4.602s][info][gc,phases     ] GC(5)   Pre Evacuate Collection Set: 0.0ms
[4.602s][info][gc,phases     ] GC(5)   Evacuate Collection Set: 13.3ms
[4.602s][info][gc,phases     ] GC(5)   Post Evacuate Collection Set: 1.2ms
[4.602s][info][gc,phases     ] GC(5)   Other: 0.2ms
[4.602s][info][gc,heap       ] GC(5) Eden regions: 95->0(99)
[4.602s][info][gc,heap       ] GC(5) Survivor regions: 7->10(13)
[4.602s][info][gc,heap       ] GC(5) Old regions: 0->0
[4.602s][info][gc,heap       ] GC(5) Humongous regions: 0->0
[4.602s][info][gc,metaspace  ] GC(5) Metaspace: 48009K(49920K)->48009K(49920K) NonClass: 42130K(43264K)->42130K(43264K) Class: 5879K(6656K)->5879K(6656K)
[4.602s][info][gc            ] GC(5) Pause Young (Normal) (G1 Evacuation Pause) 203M->19M(4096M) 14.860ms
[4.602s][info][gc,cpu        ] GC(5) User=0.06s Sys=0.02s Real=0.02s
[5.703s][info][gc,start      ] GC(6) Pause Young (Normal) (G1 Evacuation Pause)
[5.703s][info][gc,task       ] GC(6) Using 6 workers of 6 for evacuation
[5.719s][info][gc,phases     ] GC(6)   Pre Evacuate Collection Set: 0.0ms
[5.719s][info][gc,phases     ] GC(6)   Evacuate Collection Set: 14.1ms
[5.719s][info][gc,phases     ] GC(6)   Post Evacuate Collection Set: 1.5ms
[5.719s][info][gc,phases     ] GC(6)   Other: 0.2ms
[5.719s][info][gc,heap       ] GC(6) Eden regions: 99->0(106)
[5.719s][info][gc,heap       ] GC(6) Survivor regions: 10->12(14)
[5.719s][info][gc,heap       ] GC(6) Old regions: 0->4
[5.719s][info][gc,heap       ] GC(6) Humongous regions: 12->3
[5.719s][info][gc,metaspace  ] GC(6) Metaspace: 53638K(55552K)->53638K(55552K) NonClass: 47214K(48384K)->47214K(48384K) Class: 6423K(7168K)->6423K(7168K)
[5.719s][info][gc            ] GC(6) Pause Young (Normal) (G1 Evacuation Pause) 241M->35M(4096M) 15.958ms
[5.719s][info][gc,cpu        ] GC(6) User=0.05s Sys=0.05s Real=0.02s
[6.112s][info][gc,start      ] GC(7) Pause Young (Normal) (G1 Evacuation Pause)
[6.112s][info][gc,task       ] GC(7) Using 6 workers of 6 for evacuation
[6.127s][info][gc,phases     ] GC(7)   Pre Evacuate Collection Set: 0.1ms
[6.127s][info][gc,phases     ] GC(7)   Evacuate Collection Set: 14.0ms
[6.127s][info][gc,phases     ] GC(7)   Post Evacuate Collection Set: 0.8ms
[6.127s][info][gc,phases     ] GC(7)   Other: 0.3ms
[6.127s][info][gc,heap       ] GC(7) Eden regions: 106->0(267)
[6.127s][info][gc,heap       ] GC(7) Survivor regions: 12->9(15)
[6.127s][info][gc,heap       ] GC(7) Old regions: 4->10
[6.127s][info][gc,heap       ] GC(7) Humongous regions: 3->3
[6.127s][info][gc,metaspace  ] GC(7) Metaspace: 53647K(55552K)->53647K(55552K) NonClass: 47222K(48384K)->47222K(48384K) Class: 6424K(7168K)->6424K(7168K)
[6.127s][info][gc            ] GC(7) Pause Young (Normal) (G1 Evacuation Pause) 247M->40M(4096M) 15.244ms
[6.127s][info][gc,cpu        ] GC(7) User=0.08s Sys=0.02s Real=0.02s
[6.572s][info][gc,start      ] GC(8) Pause Young (Concurrent Start) (Metadata GC Threshold)
[6.572s][info][gc,task       ] GC(8) Using 6 workers of 6 for evacuation
[6.581s][info][gc,phases     ] GC(8)   Pre Evacuate Collection Set: 0.1ms
[6.581s][info][gc,phases     ] GC(8)   Evacuate Collection Set: 8.1ms
[6.581s][info][gc,phases     ] GC(8)   Post Evacuate Collection Set: 0.6ms
[6.581s][info][gc,phases     ] GC(8)   Other: 0.3ms
[6.581s][info][gc,heap       ] GC(8) Eden regions: 37->0(411)
[6.581s][info][gc,heap       ] GC(8) Survivor regions: 9->7(28)
[6.581s][info][gc,heap       ] GC(8) Old regions: 10->10
[6.581s][info][gc,heap       ] GC(8) Humongous regions: 3->0
[6.581s][info][gc,metaspace  ] GC(8) Metaspace: 58084K(59904K)->58084K(59904K) NonClass: 50943K(51968K)->50943K(51968K) Class: 7140K(7936K)->7140K(7936K)
[6.581s][info][gc            ] GC(8) Pause Young (Concurrent Start) (Metadata GC Threshold) 114M->32M(4096M) 9.194ms
[6.581s][info][gc,cpu        ] GC(8) User=0.00s Sys=0.00s Real=0.01s
[6.581s][info][gc            ] GC(9) Concurrent Cycle
[6.581s][info][gc,marking    ] GC(9) Concurrent Clear Claimed Marks
[6.581s][info][gc,marking    ] GC(9) Concurrent Clear Claimed Marks 0.022ms
[6.581s][info][gc,marking    ] GC(9) Concurrent Scan Root Regions
[6.586s][info][gc,marking    ] GC(9) Concurrent Scan Root Regions 4.264ms
[6.586s][info][gc,marking    ] GC(9) Concurrent Mark (6.586s)
[6.586s][info][gc,marking    ] GC(9) Concurrent Mark From Roots
[6.586s][info][gc,task       ] GC(9) Using 2 workers of 2 for marking
[6.600s][info][gc,marking    ] GC(9) Concurrent Mark From Roots 14.242ms
[6.600s][info][gc,marking    ] GC(9) Concurrent Preclean
[6.600s][info][gc,marking    ] GC(9) Concurrent Preclean 0.151ms
[6.600s][info][gc,marking    ] GC(9) Concurrent Mark (6.586s, 6.600s) 14.485ms
[6.600s][info][gc,start      ] GC(9) Pause Remark
[6.608s][info][gc,stringtable] GC(9) Cleaned string and symbol table, strings: 27080 processed, 32 removed, symbols: 174726 processed, 178 removed
[6.608s][info][gc            ] GC(9) Pause Remark 35M->35M(4096M) 7.871ms
[6.608s][info][gc,cpu        ] GC(9) User=0.00s Sys=0.00s Real=0.01s
[6.608s][info][gc,marking    ] GC(9) Concurrent Rebuild Remembered Sets
[6.617s][info][gc,marking    ] GC(9) Concurrent Rebuild Remembered Sets 8.465ms
[6.619s][info][gc,start      ] GC(9) Pause Cleanup
[6.619s][info][gc            ] GC(9) Pause Cleanup 36M->36M(4096M) 0.243ms
[6.619s][info][gc,cpu        ] GC(9) User=0.00s Sys=0.00s Real=0.00s
[6.619s][info][gc,marking    ] GC(9) Concurrent Cleanup for Next Mark
[6.627s][info][gc,marking    ] GC(9) Concurrent Cleanup for Next Mark 7.380ms
[6.627s][info][gc            ] GC(9) Concurrent Cycle 45.362ms
[8.833s][info][gc,start      ] GC(10) Pause Young (Normal) (G1 Evacuation Pause)
[8.833s][info][gc,task       ] GC(10) Using 6 workers of 6 for evacuation
[8.850s][info][gc,phases     ] GC(10)   Pre Evacuate Collection Set: 0.0ms
[8.850s][info][gc,phases     ] GC(10)   Evacuate Collection Set: 15.7ms
[8.850s][info][gc,phases     ] GC(10)   Post Evacuate Collection Set: 1.0ms
[8.850s][info][gc,phases     ] GC(10)   Other: 0.2ms
[8.850s][info][gc,heap       ] GC(10) Eden regions: 155->0(176)
[8.850s][info][gc,heap       ] GC(10) Survivor regions: 7->16(21)
[8.850s][info][gc,heap       ] GC(10) Old regions: 10->10
[8.850s][info][gc,heap       ] GC(10) Humongous regions: 0->0
[8.850s][info][gc,metaspace  ] GC(10) Metaspace: 76538K(78976K)->76538K(78976K) NonClass: 66813K(68352K)->66813K(68352K) Class: 9724K(10624K)->9724K(10624K)
[8.850s][info][gc            ] GC(10) Pause Young (Normal) (G1 Evacuation Pause) 342M->50M(4096M) 17.012ms
[8.850s][info][gc,cpu        ] GC(10) User=0.11s Sys=0.00s Real=0.02s
[9.453s][info][gc,task       ] GC(11) Using 6 workers of 6 for full compaction
[9.453s][info][gc,start      ] GC(11) Pause Full (System.gc())
[9.453s][info][gc,phases,start] GC(11) Phase 1: Mark live objects
[9.475s][info][gc,stringtable ] GC(11) Cleaned string and symbol table, strings: 35874 processed, 25 removed, symbols: 224869 processed, 192 removed
[9.475s][info][gc,phases      ] GC(11) Phase 1: Mark live objects 21.424ms
[9.475s][info][gc,phases,start] GC(11) Phase 2: Prepare for compaction
[9.481s][info][gc,phases      ] GC(11) Phase 2: Prepare for compaction 6.684ms
[9.481s][info][gc,phases,start] GC(11) Phase 3: Adjust pointers
[9.490s][info][gc,phases      ] GC(11) Phase 3: Adjust pointers 8.903ms
[9.490s][info][gc,phases,start] GC(11) Phase 4: Compact heap
[9.497s][info][gc,phases      ] GC(11) Phase 4: Compact heap 6.166ms
[9.502s][info][gc,heap        ] GC(11) Eden regions: 66->0(185)
[9.502s][info][gc,heap        ] GC(11) Survivor regions: 16->0(21)
[9.502s][info][gc,heap        ] GC(11) Old regions: 10->23
[9.502s][info][gc,heap        ] GC(11) Humongous regions: 0->0
[9.502s][info][gc,metaspace   ] GC(11) Metaspace: 79005K(81536K)->79005K(81536K) NonClass: 68965K(70400K)->68965K(70400K) Class: 10039K(11136K)->10039K(11136K)
[9.502s][info][gc             ] GC(11) Pause Full (System.gc()) 181M->37M(4096M) 48.920ms
[9.502s][info][gc,cpu         ] GC(11) User=0.20s Sys=0.00s Real=0.05s
[10.938s][info][gc,start       ] GC(12) Pause Young (Normal) (G1 Evacuation Pause)
[10.939s][info][gc,task        ] GC(12) Using 6 workers of 6 for evacuation
[10.945s][info][gc,phases      ] GC(12)   Pre Evacuate Collection Set: 0.0ms
[10.945s][info][gc,phases      ] GC(12)   Evacuate Collection Set: 5.3ms
[10.945s][info][gc,phases      ] GC(12)   Post Evacuate Collection Set: 0.7ms
[10.945s][info][gc,phases      ] GC(12)   Other: 0.2ms
[10.945s][info][gc,heap        ] GC(12) Eden regions: 185->0(1224)
[10.945s][info][gc,heap        ] GC(12) Survivor regions: 0->4(24)
[10.945s][info][gc,heap        ] GC(12) Old regions: 23->23
[10.945s][info][gc,heap        ] GC(12) Humongous regions: 0->0
[10.945s][info][gc,metaspace   ] GC(12) Metaspace: 89869K(93056K)->89869K(93056K) NonClass: 78687K(80640K)->78687K(80640K) Class: 11182K(12416K)->11182K(12416K)
[10.945s][info][gc             ] GC(12) Pause Young (Normal) (G1 Evacuation Pause) 407M->45M(4096M) 6.388ms
[10.945s][info][gc,cpu         ] GC(12) User=0.09s Sys=0.00s Real=0.00s
[17.362s][info][gc,start       ] GC(13) Pause Young (Normal) (G1 Evacuation Pause)
[17.362s][info][gc,task        ] GC(13) Using 6 workers of 6 for evacuation
[17.369s][info][gc,phases      ] GC(13)   Pre Evacuate Collection Set: 0.0ms
[17.369s][info][gc,phases      ] GC(13)   Evacuate Collection Set: 5.9ms
[17.369s][info][gc,phases      ] GC(13)   Post Evacuate Collection Set: 1.2ms
[17.369s][info][gc,phases      ] GC(13)   Other: 0.4ms
[17.369s][info][gc,heap        ] GC(13) Eden regions: 1224->0(1224)
[17.369s][info][gc,heap        ] GC(13) Survivor regions: 4->4(154)
[17.369s][info][gc,heap        ] GC(13) Old regions: 23->23
[17.369s][info][gc,heap        ] GC(13) Humongous regions: 0->0
[17.369s][info][gc,metaspace   ] GC(13) Metaspace: 93261K(96384K)->93261K(96384K) NonClass: 82063K(83968K)->82063K(83968K) Class: 11197K(12416K)->11197K(12416K)
[17.369s][info][gc             ] GC(13) Pause Young (Normal) (G1 Evacuation Pause) 2493M->45M(4096M) 7.773ms
[17.369s][info][gc,cpu         ] GC(13) User=0.06s Sys=0.00s Real=0.02s
[23.429s][info][gc,start       ] GC(14) Pause Young (Normal) (G1 Evacuation Pause)
[23.429s][info][gc,task        ] GC(14) Using 6 workers of 6 for evacuation
[23.438s][info][gc,phases      ] GC(14)   Pre Evacuate Collection Set: 0.0ms
[23.438s][info][gc,phases      ] GC(14)   Evacuate Collection Set: 7.2ms
[23.438s][info][gc,phases      ] GC(14)   Post Evacuate Collection Set: 1.1ms
[23.438s][info][gc,phases      ] GC(14)   Other: 0.2ms
[23.438s][info][gc,heap        ] GC(14) Eden regions: 1224->0(1224)
[23.438s][info][gc,heap        ] GC(14) Survivor regions: 4->4(154)
[23.438s][info][gc,heap        ] GC(14) Old regions: 23->23
[23.438s][info][gc,heap        ] GC(14) Humongous regions: 0->0
[23.438s][info][gc,metaspace   ] GC(14) Metaspace: 93689K(96640K)->93689K(96640K) NonClass: 82489K(84224K)->82489K(84224K) Class: 11200K(12416K)->11200K(12416K)
[23.438s][info][gc             ] GC(14) Pause Young (Normal) (G1 Evacuation Pause) 2493M->45M(4096M) 8.666ms
[23.438s][info][gc,cpu         ] GC(14) User=0.00s Sys=0.00s Real=0.01s
[29.734s][info][gc,start       ] GC(15) Pause Young (Normal) (G1 Evacuation Pause)
[29.734s][info][gc,task        ] GC(15) Using 6 workers of 6 for evacuation
[29.743s][info][gc,phases      ] GC(15)   Pre Evacuate Collection Set: 0.0ms
[29.743s][info][gc,phases      ] GC(15)   Evacuate Collection Set: 6.9ms
[29.743s][info][gc,phases      ] GC(15)   Post Evacuate Collection Set: 1.4ms
[29.743s][info][gc,phases      ] GC(15)   Other: 0.3ms
[29.743s][info][gc,heap        ] GC(15) Eden regions: 1224->0(1224)
[29.743s][info][gc,heap        ] GC(15) Survivor regions: 4->4(154)
[29.743s][info][gc,heap        ] GC(15) Old regions: 23->23
[29.743s][info][gc,heap        ] GC(15) Humongous regions: 0->0
[29.743s][info][gc,metaspace   ] GC(15) Metaspace: 93942K(96896K)->93942K(96896K) NonClass: 82740K(84480K)->82740K(84480K) Class: 11202K(12416K)->11202K(12416K)
[29.743s][info][gc             ] GC(15) Pause Young (Normal) (G1 Evacuation Pause) 2493M->45M(4096M) 8.704ms
[29.743s][info][gc,cpu         ] GC(15) User=0.09s Sys=0.00s Real=0.01s
[32.304s][info][gc,task        ] GC(16) Using 6 workers of 6 for full compaction
[32.304s][info][gc,start       ] GC(16) Pause Full (System.gc())
[32.305s][info][gc,phases,start] GC(16) Phase 1: Mark live objects
[32.343s][info][gc,stringtable ] GC(16) Cleaned string and symbol table, strings: 45526 processed, 26 removed, symbols: 244534 processed, 38 removed
[32.343s][info][gc,phases      ] GC(16) Phase 1: Mark live objects 38.773ms
[32.343s][info][gc,phases,start] GC(16) Phase 2: Prepare for compaction
[32.351s][info][gc,phases      ] GC(16) Phase 2: Prepare for compaction 7.602ms
[32.351s][info][gc,phases,start] GC(16) Phase 3: Adjust pointers
[32.367s][info][gc,phases      ] GC(16) Phase 3: Adjust pointers 16.205ms
[32.367s][info][gc,phases,start] GC(16) Phase 4: Compact heap
[32.375s][info][gc,phases      ] GC(16) Phase 4: Compact heap 7.608ms
[32.388s][info][gc,heap        ] GC(16) Eden regions: 456->0(1228)
[32.388s][info][gc,heap        ] GC(16) Survivor regions: 4->0(154)
[32.388s][info][gc,heap        ] GC(16) Old regions: 23->24
[32.388s][info][gc,heap        ] GC(16) Humongous regions: 0->0
[32.388s][info][gc,metaspace   ] GC(16) Metaspace: 93996K(97152K)->93788K(97152K) NonClass: 82793K(84736K)->82642K(84736K) Class: 11203K(12416K)->11146K(12416K)
[32.388s][info][gc             ] GC(16) Pause Full (System.gc()) 956M->43M(4096M) 83.372ms
[32.388s][info][gc,cpu         ] GC(16) User=0.20s Sys=0.03s Real=0.08s
[38.783s][info][gc,start       ] GC(17) Pause Young (Normal) (G1 Evacuation Pause)
[38.783s][info][gc,task        ] GC(17) Using 6 workers of 6 for evacuation
[38.785s][info][gc,phases      ] GC(17)   Pre Evacuate Collection Set: 0.0ms
[38.785s][info][gc,phases      ] GC(17)   Evacuate Collection Set: 1.1ms
[38.785s][info][gc,phases      ] GC(17)   Post Evacuate Collection Set: 0.9ms
[38.785s][info][gc,phases      ] GC(17)   Other: 0.2ms
[38.785s][info][gc,heap        ] GC(17) Eden regions: 1228->0(1227)
[38.785s][info][gc,heap        ] GC(17) Survivor regions: 0->1(154)
[38.785s][info][gc,heap        ] GC(17) Old regions: 24->24
[38.785s][info][gc,heap        ] GC(17) Humongous regions: 0->0
[38.785s][info][gc,metaspace   ] GC(17) Metaspace: 93827K(97152K)->93827K(97152K) NonClass: 82677K(84736K)->82677K(84736K) Class: 11149K(12416K)->11149K(12416K)
[38.785s][info][gc             ] GC(17) Pause Young (Normal) (G1 Evacuation Pause) 2499M->45M(4096M) 2.388ms
[38.785s][info][gc,cpu         ] GC(17) User=0.00s Sys=0.00s Real=0.01s
[44.930s][info][gc,start       ] GC(18) Pause Young (Normal) (GCLocker Initiated GC)
[44.930s][info][gc,task        ] GC(18) Using 6 workers of 6 for evacuation
[44.933s][info][gc,phases      ] GC(18)   Pre Evacuate Collection Set: 0.1ms
[44.933s][info][gc,phases      ] GC(18)   Evacuate Collection Set: 1.4ms
[44.933s][info][gc,phases      ] GC(18)   Post Evacuate Collection Set: 1.3ms
[44.933s][info][gc,phases      ] GC(18)   Other: 0.3ms
[44.933s][info][gc,heap        ] GC(18) Eden regions: 1228->0(1227)
[44.933s][info][gc,heap        ] GC(18) Survivor regions: 1->1(154)
[44.933s][info][gc,heap        ] GC(18) Old regions: 24->24
[44.933s][info][gc,heap        ] GC(18) Humongous regions: 0->0
[44.933s][info][gc,metaspace   ] GC(18) Metaspace: 93894K(97152K)->93894K(97152K) NonClass: 82743K(84736K)->82743K(84736K) Class: 11151K(12416K)->11151K(12416K)
[44.933s][info][gc             ] GC(18) Pause Young (Normal) (GCLocker Initiated GC) 2500M->44M(4096M) 3.203ms
[44.933s][info][gc,cpu         ] GC(18) User=0.00s Sys=0.00s Real=0.00s
[51.117s][info][gc,start       ] GC(19) Pause Young (Normal) (G1 Evacuation Pause)
[51.117s][info][gc,task        ] GC(19) Using 6 workers of 6 for evacuation
[51.120s][info][gc,phases      ] GC(19)   Pre Evacuate Collection Set: 0.0ms
[51.120s][info][gc,phases      ] GC(19)   Evacuate Collection Set: 1.4ms
[51.120s][info][gc,phases      ] GC(19)   Post Evacuate Collection Set: 0.9ms
[51.120s][info][gc,phases      ] GC(19)   Other: 0.2ms
[51.120s][info][gc,heap        ] GC(19) Eden regions: 1227->0(1227)
[51.120s][info][gc,heap        ] GC(19) Survivor regions: 1->1(154)
[51.120s][info][gc,heap        ] GC(19) Old regions: 24->24
[51.120s][info][gc,heap        ] GC(19) Humongous regions: 0->0
[51.120s][info][gc,metaspace   ] GC(19) Metaspace: 94056K(97152K)->94056K(97152K) NonClass: 82903K(84736K)->82903K(84736K) Class: 11153K(12416K)->11153K(12416K)
[51.120s][info][gc             ] GC(19) Pause Young (Normal) (G1 Evacuation Pause) 2498M->44M(4096M) 2.632ms
[51.120s][info][gc,cpu         ] GC(19) User=0.00s Sys=0.00s Real=0.00s
[54.056s][info][gc,task        ] GC(20) Using 6 workers of 6 for full compaction
[54.056s][info][gc,start       ] GC(20) Pause Full (System.gc())
[54.057s][info][gc,phases,start] GC(20) Phase 1: Mark live objects
[54.086s][info][gc,stringtable ] GC(20) Cleaned string and symbol table, strings: 46009 processed, 0 removed, symbols: 244529 processed, 120 removed
[54.086s][info][gc,phases      ] GC(20) Phase 1: Mark live objects 29.100ms
[54.086s][info][gc,phases,start] GC(20) Phase 2: Prepare for compaction
[54.092s][info][gc,phases      ] GC(20) Phase 2: Prepare for compaction 6.175ms
[54.092s][info][gc,phases,start] GC(20) Phase 3: Adjust pointers
[54.108s][info][gc,phases      ] GC(20) Phase 3: Adjust pointers 15.438ms
[54.108s][info][gc,phases,start] GC(20) Phase 4: Compact heap
[54.114s][info][gc,phases      ] GC(20) Phase 4: Compact heap 5.888ms
[54.125s][info][gc,heap        ] GC(20) Eden regions: 524->0(1228)
[54.125s][info][gc,heap        ] GC(20) Survivor regions: 1->0(154)
[54.125s][info][gc,heap        ] GC(20) Old regions: 24->25
[54.125s][info][gc,heap        ] GC(20) Humongous regions: 0->0
[54.125s][info][gc,metaspace   ] GC(20) Metaspace: 94056K(97152K)->94056K(97152K) NonClass: 82903K(84736K)->82903K(84736K) Class: 11153K(12416K)->11153K(12416K)
[54.125s][info][gc             ] GC(20) Pause Full (System.gc()) 1091M->43M(4096M) 69.162ms
[54.126s][info][gc,cpu         ] GC(20) User=0.22s Sys=0.00s Real=0.06s
[60.547s][info][gc,start       ] GC(21) Pause Young (Normal) (G1 Evacuation Pause)
[60.547s][info][gc,task        ] GC(21) Using 6 workers of 6 for evacuation
[60.549s][info][gc,phases      ] GC(21)   Pre Evacuate Collection Set: 0.0ms
[60.549s][info][gc,phases      ] GC(21)   Evacuate Collection Set: 1.2ms
[60.549s][info][gc,phases      ] GC(21)   Post Evacuate Collection Set: 0.9ms
[60.549s][info][gc,phases      ] GC(21)   Other: 0.2ms
[60.549s][info][gc,heap        ] GC(21) Eden regions: 1228->0(1227)
[60.549s][info][gc,heap        ] GC(21) Survivor regions: 0->1(154)
[60.549s][info][gc,heap        ] GC(21) Old regions: 25->25
[60.549s][info][gc,heap        ] GC(21) Humongous regions: 0->0
[60.549s][info][gc,metaspace   ] GC(21) Metaspace: 94086K(97152K)->94086K(97152K) NonClass: 82931K(84736K)->82931K(84736K) Class: 11155K(12416K)->11155K(12416K)
[60.549s][info][gc             ] GC(21) Pause Young (Normal) (G1 Evacuation Pause) 2499M->44M(4096M) 2.522ms
[60.549s][info][gc,cpu         ] GC(21) User=0.00s Sys=0.00s Real=0.00s
[66.690s][info][gc,start       ] GC(22) Pause Young (Normal) (G1 Evacuation Pause)
[66.690s][info][gc,task        ] GC(22) Using 6 workers of 6 for evacuation
[66.692s][info][gc,phases      ] GC(22)   Pre Evacuate Collection Set: 0.0ms
[66.692s][info][gc,phases      ] GC(22)   Evacuate Collection Set: 1.0ms
[66.692s][info][gc,phases      ] GC(22)   Post Evacuate Collection Set: 0.9ms
[66.692s][info][gc,phases      ] GC(22)   Other: 0.3ms
[66.692s][info][gc,heap        ] GC(22) Eden regions: 1227->0(1227)
[66.692s][info][gc,heap        ] GC(22) Survivor regions: 1->1(154)
[66.692s][info][gc,heap        ] GC(22) Old regions: 25->25
[66.692s][info][gc,heap        ] GC(22) Humongous regions: 0->0
[66.692s][info][gc,metaspace   ] GC(22) Metaspace: 94170K(97408K)->94170K(97408K) NonClass: 83013K(84992K)->83013K(84992K) Class: 11156K(12416K)->11156K(12416K)
[66.692s][info][gc             ] GC(22) Pause Young (Normal) (G1 Evacuation Pause) 2498M->44M(4096M) 2.450ms
[66.692s][info][gc,cpu         ] GC(22) User=0.00s Sys=0.00s Real=0.00s
[72.910s][info][gc,start       ] GC(23) Pause Young (Normal) (G1 Evacuation Pause)
[72.910s][info][gc,task        ] GC(23) Using 6 workers of 6 for evacuation
[72.912s][info][gc,phases      ] GC(23)   Pre Evacuate Collection Set: 0.0ms
[72.912s][info][gc,phases      ] GC(23)   Evacuate Collection Set: 1.0ms
[72.912s][info][gc,phases      ] GC(23)   Post Evacuate Collection Set: 0.8ms
[72.912s][info][gc,phases      ] GC(23)   Other: 0.3ms
[72.912s][info][gc,heap        ] GC(23) Eden regions: 1227->0(1227)
[72.912s][info][gc,heap        ] GC(23) Survivor regions: 1->1(154)
[72.912s][info][gc,heap        ] GC(23) Old regions: 25->25
[72.912s][info][gc,heap        ] GC(23) Humongous regions: 0->0
[72.912s][info][gc,metaspace   ] GC(23) Metaspace: 94174K(97408K)->94174K(97408K) NonClass: 83018K(84992K)->83018K(84992K) Class: 11156K(12416K)->11156K(12416K)
[72.912s][info][gc             ] GC(23) Pause Young (Normal) (G1 Evacuation Pause) 2498M->44M(4096M) 2.250ms
[72.912s][info][gc,cpu         ] GC(23) User=0.09s Sys=0.00s Real=0.00s
[75.857s][info][gc,task        ] GC(24) Using 6 workers of 6 for full compaction
[75.857s][info][gc,start       ] GC(24) Pause Full (System.gc())
[75.857s][info][gc,phases,start] GC(24) Phase 1: Mark live objects
[75.889s][info][gc,stringtable ] GC(24) Cleaned string and symbol table, strings: 46219 processed, 0 removed, symbols: 244426 processed, 2 removed
[75.889s][info][gc,phases      ] GC(24) Phase 1: Mark live objects 31.653ms
[75.889s][info][gc,phases,start] GC(24) Phase 2: Prepare for compaction
[75.895s][info][gc,phases      ] GC(24) Phase 2: Prepare for compaction 6.363ms
[75.895s][info][gc,phases,start] GC(24) Phase 3: Adjust pointers
[75.912s][info][gc,phases      ] GC(24) Phase 3: Adjust pointers 16.777ms
[75.912s][info][gc,phases,start] GC(24) Phase 4: Compact heap
[75.917s][info][gc,phases      ] GC(24) Phase 4: Compact heap 5.230ms
[75.930s][info][gc,heap        ] GC(24) Eden regions: 517->0(1228)
[75.930s][info][gc,heap        ] GC(24) Survivor regions: 1->0(154)
[75.930s][info][gc,heap        ] GC(24) Old regions: 25->25
[75.930s][info][gc,heap        ] GC(24) Humongous regions: 0->0
[75.930s][info][gc,metaspace   ] GC(24) Metaspace: 94188K(97408K)->94188K(97408K) NonClass: 83030K(84992K)->83030K(84992K) Class: 11157K(12416K)->11157K(12416K)
[75.930s][info][gc             ] GC(24) Pause Full (System.gc()) 1078M->43M(4096M) 72.930ms
[75.930s][info][gc,cpu         ] GC(24) User=0.30s Sys=0.02s Real=0.06s
[82.346s][info][gc,start       ] GC(25) Pause Young (Normal) (G1 Evacuation Pause)
[82.346s][info][gc,task        ] GC(25) Using 6 workers of 6 for evacuation
[82.348s][info][gc,phases      ] GC(25)   Pre Evacuate Collection Set: 0.0ms
[82.348s][info][gc,phases      ] GC(25)   Evacuate Collection Set: 0.9ms
[82.348s][info][gc,phases      ] GC(25)   Post Evacuate Collection Set: 0.8ms
[82.348s][info][gc,phases      ] GC(25)   Other: 0.2ms
[82.348s][info][gc,heap        ] GC(25) Eden regions: 1228->0(1227)
[82.348s][info][gc,heap        ] GC(25) Survivor regions: 0->1(154)
[82.348s][info][gc,heap        ] GC(25) Old regions: 25->25
[82.348s][info][gc,heap        ] GC(25) Humongous regions: 0->0
[82.348s][info][gc,metaspace   ] GC(25) Metaspace: 94273K(97408K)->94273K(97408K) NonClass: 83116K(84992K)->83116K(84992K) Class: 11157K(12416K)->11157K(12416K)
[82.348s][info][gc             ] GC(25) Pause Young (Normal) (G1 Evacuation Pause) 2499M->44M(4096M) 2.048ms
[82.348s][info][gc,cpu         ] GC(25) User=0.00s Sys=0.00s Real=0.00s
[88.508s][info][gc,start       ] GC(26) Pause Young (Normal) (G1 Evacuation Pause)
[88.508s][info][gc,task        ] GC(26) Using 6 workers of 6 for evacuation
[88.510s][info][gc,phases      ] GC(26)   Pre Evacuate Collection Set: 0.1ms
[88.510s][info][gc,phases      ] GC(26)   Evacuate Collection Set: 1.1ms
[88.510s][info][gc,phases      ] GC(26)   Post Evacuate Collection Set: 0.9ms
[88.510s][info][gc,phases      ] GC(26)   Other: 0.4ms
[88.510s][info][gc,heap        ] GC(26) Eden regions: 1227->0(1227)
[88.510s][info][gc,heap        ] GC(26) Survivor regions: 1->1(154)
[88.510s][info][gc,heap        ] GC(26) Old regions: 25->25
[88.510s][info][gc,heap        ] GC(26) Humongous regions: 0->0
[88.510s][info][gc,metaspace   ] GC(26) Metaspace: 94283K(97408K)->94283K(97408K) NonClass: 83125K(84992K)->83125K(84992K) Class: 11157K(12416K)->11157K(12416K)
[88.510s][info][gc             ] GC(26) Pause Young (Normal) (G1 Evacuation Pause) 2498M->44M(4096M) 2.554ms
[88.510s][info][gc,cpu         ] GC(26) User=0.00s Sys=0.00s Real=0.00s
[94.754s][info][gc,start       ] GC(27) Pause Young (Normal) (G1 Evacuation Pause)
[94.754s][info][gc,task        ] GC(27) Using 6 workers of 6 for evacuation
[94.756s][info][gc,phases      ] GC(27)   Pre Evacuate Collection Set: 0.0ms
[94.756s][info][gc,phases      ] GC(27)   Evacuate Collection Set: 1.3ms
[94.756s][info][gc,phases      ] GC(27)   Post Evacuate Collection Set: 0.9ms
[94.756s][info][gc,phases      ] GC(27)   Other: 0.3ms
[94.756s][info][gc,heap        ] GC(27) Eden regions: 1227->0(1227)
[94.756s][info][gc,heap        ] GC(27) Survivor regions: 1->1(154)
[94.756s][info][gc,heap        ] GC(27) Old regions: 25->25
[94.756s][info][gc,heap        ] GC(27) Humongous regions: 0->0
[94.756s][info][gc,metaspace   ] GC(27) Metaspace: 94287K(97664K)->94287K(97664K) NonClass: 83130K(85248K)->83130K(85248K) Class: 11157K(12416K)->11157K(12416K)
[94.757s][info][gc             ] GC(27) Pause Young (Normal) (G1 Evacuation Pause) 2498M->44M(4096M) 2.818ms
[94.757s][info][gc,cpu         ] GC(27) User=0.09s Sys=0.00s Real=0.00s
[97.633s][info][gc,task        ] GC(28) Using 6 workers of 6 for full compaction
[97.633s][info][gc,start       ] GC(28) Pause Full (System.gc())
[97.634s][info][gc,phases,start] GC(28) Phase 1: Mark live objects
[97.665s][info][gc,stringtable ] GC(28) Cleaned string and symbol table, strings: 46254 processed, 0 removed, symbols: 244424 processed, 0 removed
[97.665s][info][gc,phases      ] GC(28) Phase 1: Mark live objects 31.756ms
[97.665s][info][gc,phases,start] GC(28) Phase 2: Prepare for compaction
[97.671s][info][gc,phases      ] GC(28) Phase 2: Prepare for compaction 5.890ms
[97.671s][info][gc,phases,start] GC(28) Phase 3: Adjust pointers
[97.686s][info][gc,phases      ] GC(28) Phase 3: Adjust pointers 14.221ms
[97.686s][info][gc,phases,start] GC(28) Phase 4: Compact heap
[97.690s][info][gc,phases      ] GC(28) Phase 4: Compact heap 4.366ms
[97.702s][info][gc,heap        ] GC(28) Eden regions: 515->0(1228)
[97.702s][info][gc,heap        ] GC(28) Survivor regions: 1->0(154)
[97.702s][info][gc,heap        ] GC(28) Old regions: 25->25
[97.702s][info][gc,heap        ] GC(28) Humongous regions: 0->0
[97.702s][info][gc,metaspace   ] GC(28) Metaspace: 94298K(97664K)->94298K(97664K) NonClass: 83141K(85248K)->83141K(85248K) Class: 11157K(12416K)->11157K(12416K)
[97.702s][info][gc             ] GC(28) Pause Full (System.gc()) 1074M->43M(4096M) 68.557ms
[97.702s][info][gc,cpu         ] GC(28) User=0.28s Sys=0.02s Real=0.07s
[104.122s][info][gc,start       ] GC(29) Pause Young (Normal) (G1 Evacuation Pause)
[104.122s][info][gc,task        ] GC(29) Using 6 workers of 6 for evacuation
[104.124s][info][gc,phases      ] GC(29)   Pre Evacuate Collection Set: 0.0ms
[104.124s][info][gc,phases      ] GC(29)   Evacuate Collection Set: 1.1ms
[104.124s][info][gc,phases      ] GC(29)   Post Evacuate Collection Set: 0.9ms
[104.124s][info][gc,phases      ] GC(29)   Other: 0.3ms
[104.124s][info][gc,heap        ] GC(29) Eden regions: 1228->0(1227)
[104.124s][info][gc,heap        ] GC(29) Survivor regions: 0->1(154)
[104.124s][info][gc,heap        ] GC(29) Old regions: 25->25
[104.124s][info][gc,heap        ] GC(29) Humongous regions: 0->0
[104.124s][info][gc,metaspace   ] GC(29) Metaspace: 94307K(97664K)->94307K(97664K) NonClass: 83150K(85248K)->83150K(85248K) Class: 11157K(12416K)->11157K(12416K)
[104.124s][info][gc             ] GC(29) Pause Young (Normal) (G1 Evacuation Pause) 2499M->44M(4096M) 2.464ms
[104.124s][info][gc,cpu         ] GC(29) User=0.00s Sys=0.00s Real=0.00s
[110.284s][info][gc,start       ] GC(30) Pause Young (Normal) (G1 Evacuation Pause)
[110.284s][info][gc,task        ] GC(30) Using 6 workers of 6 for evacuation
[110.287s][info][gc,phases      ] GC(30)   Pre Evacuate Collection Set: 0.1ms
[110.287s][info][gc,phases      ] GC(30)   Evacuate Collection Set: 1.2ms
[110.287s][info][gc,phases      ] GC(30)   Post Evacuate Collection Set: 0.8ms
[110.287s][info][gc,phases      ] GC(30)   Other: 0.3ms
[110.287s][info][gc,heap        ] GC(30) Eden regions: 1227->0(1227)
[110.287s][info][gc,heap        ] GC(30) Survivor regions: 1->1(154)
[110.287s][info][gc,heap        ] GC(30) Old regions: 25->25
[110.287s][info][gc,heap        ] GC(30) Humongous regions: 0->0
[110.287s][info][gc,metaspace   ] GC(30) Metaspace: 94338K(97664K)->94338K(97664K) NonClass: 83181K(85248K)->83181K(85248K) Class: 11157K(12416K)->11157K(12416K)
[110.287s][info][gc             ] GC(30) Pause Young (Normal) (G1 Evacuation Pause) 2498M->44M(4096M) 2.463ms
[110.287s][info][gc,cpu         ] GC(30) User=0.08s Sys=0.00s Real=0.00s
[116.514s][info][gc,start       ] GC(31) Pause Young (Normal) (G1 Evacuation Pause)
[116.514s][info][gc,task        ] GC(31) Using 6 workers of 6 for evacuation
[116.516s][info][gc,phases      ] GC(31)   Pre Evacuate Collection Set: 0.0ms
[116.516s][info][gc,phases      ] GC(31)   Evacuate Collection Set: 1.0ms
[116.516s][info][gc,phases      ] GC(31)   Post Evacuate Collection Set: 0.8ms
[116.516s][info][gc,phases      ] GC(31)   Other: 0.2ms
[116.516s][info][gc,heap        ] GC(31) Eden regions: 1227->0(1227)
[116.516s][info][gc,heap        ] GC(31) Survivor regions: 1->1(154)
[116.516s][info][gc,heap        ] GC(31) Old regions: 25->25
[116.516s][info][gc,heap        ] GC(31) Humongous regions: 0->0
[116.516s][info][gc,metaspace   ] GC(31) Metaspace: 94375K(97664K)->94375K(97664K) NonClass: 83217K(85248K)->83217K(85248K) Class: 11157K(12416K)->11157K(12416K)
[116.516s][info][gc             ] GC(31) Pause Young (Normal) (G1 Evacuation Pause) 2498M->44M(4096M) 2.150ms
[116.516s][info][gc,cpu         ] GC(31) User=0.00s Sys=0.00s Real=0.00s
[119.418s][info][gc,task        ] GC(32) Using 6 workers of 6 for full compaction
[119.418s][info][gc,start       ] GC(32) Pause Full (System.gc())
[119.418s][info][gc,phases,start] GC(32) Phase 1: Mark live objects
[119.446s][info][gc,stringtable ] GC(32) Cleaned string and symbol table, strings: 46311 processed, 0 removed, symbols: 244424 processed, 0 removed
[119.446s][info][gc,phases      ] GC(32) Phase 1: Mark live objects 27.998ms
[119.446s][info][gc,phases,start] GC(32) Phase 2: Prepare for compaction
[119.452s][info][gc,phases      ] GC(32) Phase 2: Prepare for compaction 5.372ms
[119.452s][info][gc,phases,start] GC(32) Phase 3: Adjust pointers
[119.466s][info][gc,phases      ] GC(32) Phase 3: Adjust pointers 14.311ms
[119.466s][info][gc,phases,start] GC(32) Phase 4: Compact heap
[119.471s][info][gc,phases      ] GC(32) Phase 4: Compact heap 4.376ms
[119.482s][info][gc,heap        ] GC(32) Eden regions: 515->0(1228)
[119.482s][info][gc,heap        ] GC(32) Survivor regions: 1->0(154)
[119.482s][info][gc,heap        ] GC(32) Old regions: 25->25
[119.482s][info][gc,heap        ] GC(32) Humongous regions: 0->0
[119.482s][info][gc,metaspace   ] GC(32) Metaspace: 94376K(97664K)->94376K(97664K) NonClass: 83218K(85248K)->83218K(85248K) Class: 11157K(12416K)->11157K(12416K)
[119.482s][info][gc             ] GC(32) Pause Full (System.gc()) 1073M->43M(4096M) 64.141ms
[119.483s][info][gc,cpu         ] GC(32) User=0.25s Sys=0.00s Real=0.08s
[125.903s][info][gc,start       ] GC(33) Pause Young (Normal) (G1 Evacuation Pause)
[125.903s][info][gc,task        ] GC(33) Using 6 workers of 6 for evacuation
[125.905s][info][gc,phases      ] GC(33)   Pre Evacuate Collection Set: 0.0ms
[125.905s][info][gc,phases      ] GC(33)   Evacuate Collection Set: 1.0ms
[125.905s][info][gc,phases      ] GC(33)   Post Evacuate Collection Set: 0.8ms
[125.905s][info][gc,phases      ] GC(33)   Other: 0.2ms
[125.905s][info][gc,heap        ] GC(33) Eden regions: 1228->0(1227)
[125.905s][info][gc,heap        ] GC(33) Survivor regions: 0->1(154)
[125.905s][info][gc,heap        ] GC(33) Old regions: 25->25
[125.905s][info][gc,heap        ] GC(33) Humongous regions: 0->0
[125.905s][info][gc,metaspace   ] GC(33) Metaspace: 94381K(97664K)->94381K(97664K) NonClass: 83223K(85248K)->83223K(85248K) Class: 11157K(12416K)->11157K(12416K)
[125.905s][info][gc             ] GC(33) Pause Young (Normal) (G1 Evacuation Pause) 2499M->44M(4096M) 2.120ms
[125.905s][info][gc,cpu         ] GC(33) User=0.00s Sys=0.00s Real=0.00s
[132.051s][info][gc,start       ] GC(34) Pause Young (Normal) (G1 Evacuation Pause)
[132.051s][info][gc,task        ] GC(34) Using 6 workers of 6 for evacuation
[132.053s][info][gc,phases      ] GC(34)   Pre Evacuate Collection Set: 0.0ms
[132.053s][info][gc,phases      ] GC(34)   Evacuate Collection Set: 1.0ms
[132.053s][info][gc,phases      ] GC(34)   Post Evacuate Collection Set: 0.9ms
[132.053s][info][gc,phases      ] GC(34)   Other: 0.3ms
[132.053s][info][gc,heap        ] GC(34) Eden regions: 1227->0(1227)
[132.053s][info][gc,heap        ] GC(34) Survivor regions: 1->1(154)
[132.053s][info][gc,heap        ] GC(34) Old regions: 25->25
[132.053s][info][gc,heap        ] GC(34) Humongous regions: 0->0
[132.053s][info][gc,metaspace   ] GC(34) Metaspace: 94381K(97664K)->94381K(97664K) NonClass: 83223K(85248K)->83223K(85248K) Class: 11157K(12416K)->11157K(12416K)
[132.053s][info][gc             ] GC(34) Pause Young (Normal) (G1 Evacuation Pause) 2498M->44M(4096M) 2.347ms
[132.053s][info][gc,cpu         ] GC(34) User=0.09s Sys=0.00s Real=0.00s
[138.284s][info][gc,start       ] GC(35) Pause Young (Normal) (G1 Evacuation Pause)
[138.284s][info][gc,task        ] GC(35) Using 6 workers of 6 for evacuation
[138.286s][info][gc,phases      ] GC(35)   Pre Evacuate Collection Set: 0.0ms
[138.286s][info][gc,phases      ] GC(35)   Evacuate Collection Set: 0.8ms
[138.286s][info][gc,phases      ] GC(35)   Post Evacuate Collection Set: 0.8ms
[138.286s][info][gc,phases      ] GC(35)   Other: 0.2ms
[138.286s][info][gc,heap        ] GC(35) Eden regions: 1227->0(1227)
[138.286s][info][gc,heap        ] GC(35) Survivor regions: 1->1(154)
[138.286s][info][gc,heap        ] GC(35) Old regions: 25->25
[138.286s][info][gc,heap        ] GC(35) Humongous regions: 0->0
[138.286s][info][gc,metaspace   ] GC(35) Metaspace: 94383K(97664K)->94383K(97664K) NonClass: 83225K(85248K)->83225K(85248K) Class: 11157K(12416K)->11157K(12416K)
[138.286s][info][gc             ] GC(35) Pause Young (Normal) (G1 Evacuation Pause) 2498M->44M(4096M) 1.916ms
[138.286s][info][gc,cpu         ] GC(35) User=0.09s Sys=0.00s Real=0.00s
[141.177s][info][gc,task        ] GC(36) Using 6 workers of 6 for full compaction
[141.177s][info][gc,start       ] GC(36) Pause Full (System.gc())
[141.178s][info][gc,phases,start] GC(36) Phase 1: Mark live objects
[141.205s][info][gc,stringtable ] GC(36) Cleaned string and symbol table, strings: 46350 processed, 0 removed, symbols: 244425 processed, 1 removed
[141.205s][info][gc,phases      ] GC(36) Phase 1: Mark live objects 27.019ms
[141.205s][info][gc,phases,start] GC(36) Phase 2: Prepare for compaction
[141.211s][info][gc,phases      ] GC(36) Phase 2: Prepare for compaction 6.185ms
[141.211s][info][gc,phases,start] GC(36) Phase 3: Adjust pointers
[141.225s][info][gc,phases      ] GC(36) Phase 3: Adjust pointers 14.019ms
[141.225s][info][gc,phases,start] GC(36) Phase 4: Compact heap
[141.229s][info][gc,phases      ] GC(36) Phase 4: Compact heap 3.754ms
[141.240s][info][gc,heap        ] GC(36) Eden regions: 513->0(1228)
[141.241s][info][gc,heap        ] GC(36) Survivor regions: 1->0(154)
[141.241s][info][gc,heap        ] GC(36) Old regions: 25->24
[141.241s][info][gc,heap        ] GC(36) Humongous regions: 0->0
[141.241s][info][gc,metaspace   ] GC(36) Metaspace: 94387K(97664K)->94387K(97664K) NonClass: 83229K(85248K)->83229K(85248K) Class: 11157K(12416K)->11157K(12416K)
[141.241s][info][gc             ] GC(36) Pause Full (System.gc()) 1069M->43M(4096M) 63.867ms
[141.241s][info][gc,cpu         ] GC(36) User=0.17s Sys=0.00s Real=0.07s
[147.662s][info][gc,start       ] GC(37) Pause Young (Normal) (G1 Evacuation Pause)
[147.662s][info][gc,task        ] GC(37) Using 6 workers of 6 for evacuation
[147.663s][info][gc,phases      ] GC(37)   Pre Evacuate Collection Set: 0.0ms
[147.663s][info][gc,phases      ] GC(37)   Evacuate Collection Set: 0.9ms
[147.663s][info][gc,phases      ] GC(37)   Post Evacuate Collection Set: 0.8ms
[147.663s][info][gc,phases      ] GC(37)   Other: 0.2ms
[147.663s][info][gc,heap        ] GC(37) Eden regions: 1228->0(1227)
[147.663s][info][gc,heap        ] GC(37) Survivor regions: 0->1(154)
[147.663s][info][gc,heap        ] GC(37) Old regions: 24->24
[147.664s][info][gc,heap        ] GC(37) Humongous regions: 0->0
[147.664s][info][gc,metaspace   ] GC(37) Metaspace: 94466K(97664K)->94466K(97664K) NonClass: 83308K(85248K)->83308K(85248K) Class: 11157K(12416K)->11157K(12416K)
[147.664s][info][gc             ] GC(37) Pause Young (Normal) (G1 Evacuation Pause) 2499M->44M(4096M) 2.022ms
[147.664s][info][gc,cpu         ] GC(37) User=0.00s Sys=0.00s Real=0.00s
[153.812s][info][gc,start       ] GC(38) Pause Young (Normal) (G1 Evacuation Pause)
[153.812s][info][gc,task        ] GC(38) Using 6 workers of 6 for evacuation
[153.815s][info][gc,phases      ] GC(38)   Pre Evacuate Collection Set: 0.1ms
[153.815s][info][gc,phases      ] GC(38)   Evacuate Collection Set: 1.0ms
[153.815s][info][gc,phases      ] GC(38)   Post Evacuate Collection Set: 0.9ms
[153.815s][info][gc,phases      ] GC(38)   Other: 0.3ms
[153.815s][info][gc,heap        ] GC(38) Eden regions: 1227->0(1227)
[153.815s][info][gc,heap        ] GC(38) Survivor regions: 1->1(154)
[153.815s][info][gc,heap        ] GC(38) Old regions: 24->24
[153.815s][info][gc,heap        ] GC(38) Humongous regions: 0->0
[153.815s][info][gc,metaspace   ] GC(38) Metaspace: 94482K(97664K)->94482K(97664K) NonClass: 83324K(85248K)->83324K(85248K) Class: 11158K(12416K)->11158K(12416K)
[153.815s][info][gc             ] GC(38) Pause Young (Normal) (G1 Evacuation Pause) 2497M->44M(4096M) 2.446ms
[153.815s][info][gc,cpu         ] GC(38) User=0.00s Sys=0.00s Real=0.00s
[160.039s][info][gc,start       ] GC(39) Pause Young (Normal) (GCLocker Initiated GC)
[160.039s][info][gc,task        ] GC(39) Using 6 workers of 6 for evacuation
[160.041s][info][gc,phases      ] GC(39)   Pre Evacuate Collection Set: 0.0ms
[160.041s][info][gc,phases      ] GC(39)   Evacuate Collection Set: 1.0ms
[160.041s][info][gc,phases      ] GC(39)   Post Evacuate Collection Set: 1.1ms
[160.041s][info][gc,phases      ] GC(39)   Other: 0.2ms
[160.041s][info][gc,heap        ] GC(39) Eden regions: 1228->0(1227)
[160.041s][info][gc,heap        ] GC(39) Survivor regions: 1->1(154)
[160.041s][info][gc,heap        ] GC(39) Old regions: 24->24
[160.041s][info][gc,heap        ] GC(39) Humongous regions: 0->0
[160.041s][info][gc,metaspace   ] GC(39) Metaspace: 94485K(97664K)->94485K(97664K) NonClass: 83326K(85248K)->83326K(85248K) Class: 11158K(12416K)->11158K(12416K)
[160.041s][info][gc             ] GC(39) Pause Young (Normal) (GCLocker Initiated GC) 2498M->44M(4096M) 2.590ms
[160.041s][info][gc,cpu         ] GC(39) User=0.00s Sys=0.00s Real=0.00s
[162.935s][info][gc,task        ] GC(40) Using 6 workers of 6 for full compaction
[162.935s][info][gc,start       ] GC(40) Pause Full (System.gc())
[162.936s][info][gc,phases,start] GC(40) Phase 1: Mark live objects
[162.963s][info][gc,stringtable ] GC(40) Cleaned string and symbol table, strings: 46429 processed, 0 removed, symbols: 244425 processed, 1 removed
[162.963s][info][gc,phases      ] GC(40) Phase 1: Mark live objects 27.887ms
[162.963s][info][gc,phases,start] GC(40) Phase 2: Prepare for compaction
[162.969s][info][gc,phases      ] GC(40) Phase 2: Prepare for compaction 5.118ms
[162.969s][info][gc,phases,start] GC(40) Phase 3: Adjust pointers
[162.983s][info][gc,phases      ] GC(40) Phase 3: Adjust pointers 14.831ms
[162.984s][info][gc,phases,start] GC(40) Phase 4: Compact heap
[162.988s][info][gc,phases      ] GC(40) Phase 4: Compact heap 4.135ms
[163.000s][info][gc,heap        ] GC(40) Eden regions: 515->0(1228)
[163.000s][info][gc,heap        ] GC(40) Survivor regions: 1->0(154)
[163.000s][info][gc,heap        ] GC(40) Old regions: 24->25
[163.000s][info][gc,heap        ] GC(40) Humongous regions: 0->0
[163.000s][info][gc,metaspace   ] GC(40) Metaspace: 94485K(97664K)->94485K(97664K) NonClass: 83326K(85248K)->83326K(85248K) Class: 11158K(12416K)->11158K(12416K)
[163.000s][info][gc             ] GC(40) Pause Full (System.gc()) 1073M->43M(4096M) 64.687ms
[163.000s][info][gc,cpu         ] GC(40) User=0.27s Sys=0.00s Real=0.06s
[169.425s][info][gc,start       ] GC(41) Pause Young (Normal) (G1 Evacuation Pause)
[169.425s][info][gc,task        ] GC(41) Using 6 workers of 6 for evacuation
[169.427s][info][gc,phases      ] GC(41)   Pre Evacuate Collection Set: 0.1ms
[169.427s][info][gc,phases      ] GC(41)   Evacuate Collection Set: 1.0ms
[169.427s][info][gc,phases      ] GC(41)   Post Evacuate Collection Set: 0.8ms
[169.427s][info][gc,phases      ] GC(41)   Other: 0.5ms
[169.427s][info][gc,heap        ] GC(41) Eden regions: 1228->0(1227)
[169.427s][info][gc,heap        ] GC(41) Survivor regions: 0->1(154)
[169.427s][info][gc,heap        ] GC(41) Old regions: 25->25
[169.427s][info][gc,heap        ] GC(41) Humongous regions: 0->0
[169.427s][info][gc,metaspace   ] GC(41) Metaspace: 94493K(97664K)->94493K(97664K) NonClass: 83334K(85248K)->83334K(85248K) Class: 11158K(12416K)->11158K(12416K)
[169.427s][info][gc             ] GC(41) Pause Young (Normal) (G1 Evacuation Pause) 2499M->44M(4096M) 2.374ms
[169.427s][info][gc,cpu         ] GC(41) User=0.02s Sys=0.00s Real=0.00s
[175.570s][info][gc,start       ] GC(42) Pause Young (Normal) (G1 Evacuation Pause)
[175.570s][info][gc,task        ] GC(42) Using 6 workers of 6 for evacuation
[175.571s][info][gc,phases      ] GC(42)   Pre Evacuate Collection Set: 0.0ms
[175.571s][info][gc,phases      ] GC(42)   Evacuate Collection Set: 0.8ms
[175.571s][info][gc,phases      ] GC(42)   Post Evacuate Collection Set: 0.8ms
[175.571s][info][gc,phases      ] GC(42)   Other: 0.2ms
[175.571s][info][gc,heap        ] GC(42) Eden regions: 1227->0(1227)
[175.571s][info][gc,heap        ] GC(42) Survivor regions: 1->1(154)
[175.571s][info][gc,heap        ] GC(42) Old regions: 25->25
[175.571s][info][gc,heap        ] GC(42) Humongous regions: 0->0
[175.572s][info][gc,metaspace   ] GC(42) Metaspace: 94496K(97664K)->94496K(97664K) NonClass: 83337K(85248K)->83337K(85248K) Class: 11158K(12416K)->11158K(12416K)
[175.572s][info][gc             ] GC(42) Pause Young (Normal) (G1 Evacuation Pause) 2498M->44M(4096M) 1.981ms
[175.572s][info][gc,cpu         ] GC(42) User=0.00s Sys=0.00s Real=0.00s
[181.817s][info][gc,start       ] GC(43) Pause Young (Normal) (G1 Evacuation Pause)
[181.817s][info][gc,task        ] GC(43) Using 6 workers of 6 for evacuation
[181.819s][info][gc,phases      ] GC(43)   Pre Evacuate Collection Set: 0.1ms
[181.819s][info][gc,phases      ] GC(43)   Evacuate Collection Set: 1.2ms
[181.819s][info][gc,phases      ] GC(43)   Post Evacuate Collection Set: 0.9ms
[181.819s][info][gc,phases      ] GC(43)   Other: 0.3ms
[181.819s][info][gc,heap        ] GC(43) Eden regions: 1227->0(1227)
[181.819s][info][gc,heap        ] GC(43) Survivor regions: 1->1(154)
[181.819s][info][gc,heap        ] GC(43) Old regions: 25->25
[181.820s][info][gc,heap        ] GC(43) Humongous regions: 0->0
[181.820s][info][gc,metaspace   ] GC(43) Metaspace: 94498K(97664K)->94498K(97664K) NonClass: 83339K(85248K)->83339K(85248K) Class: 11158K(12416K)->11158K(12416K)
[181.820s][info][gc             ] GC(43) Pause Young (Normal) (G1 Evacuation Pause) 2498M->44M(4096M) 2.525ms
[181.820s][info][gc,cpu         ] GC(43) User=0.02s Sys=0.00s Real=0.00s
[184.726s][info][gc,task        ] GC(44) Using 6 workers of 6 for full compaction
[184.726s][info][gc,start       ] GC(44) Pause Full (System.gc())
[184.726s][info][gc,phases,start] GC(44) Phase 1: Mark live objects
[184.753s][info][gc,stringtable ] GC(44) Cleaned string and symbol table, strings: 46456 processed, 0 removed, symbols: 244424 processed, 0 removed
[184.753s][info][gc,phases      ] GC(44) Phase 1: Mark live objects 26.769ms
[184.753s][info][gc,phases,start] GC(44) Phase 2: Prepare for compaction
[184.759s][info][gc,phases      ] GC(44) Phase 2: Prepare for compaction 6.018ms
[184.759s][info][gc,phases,start] GC(44) Phase 3: Adjust pointers
[184.773s][info][gc,phases      ] GC(44) Phase 3: Adjust pointers 14.054ms
[184.773s][info][gc,phases,start] GC(44) Phase 4: Compact heap
[184.777s][info][gc,phases      ] GC(44) Phase 4: Compact heap 3.440ms
[184.789s][info][gc,heap        ] GC(44) Eden regions: 511->0(1228)
[184.789s][info][gc,heap        ] GC(44) Survivor regions: 1->0(154)
[184.789s][info][gc,heap        ] GC(44) Old regions: 25->26
[184.789s][info][gc,heap        ] GC(44) Humongous regions: 0->0
[184.789s][info][gc,metaspace   ] GC(44) Metaspace: 94506K(97664K)->94506K(97664K) NonClass: 83347K(85248K)->83347K(85248K) Class: 11158K(12416K)->11158K(12416K)
[184.789s][info][gc             ] GC(44) Pause Full (System.gc()) 1066M->43M(4096M) 63.354ms
[184.789s][info][gc,cpu         ] GC(44) User=0.17s Sys=0.00s Real=0.06s
[191.213s][info][gc,start       ] GC(45) Pause Young (Normal) (G1 Evacuation Pause)
[191.213s][info][gc,task        ] GC(45) Using 6 workers of 6 for evacuation
[191.214s][info][gc,phases      ] GC(45)   Pre Evacuate Collection Set: 0.0ms
[191.214s][info][gc,phases      ] GC(45)   Evacuate Collection Set: 0.8ms
[191.214s][info][gc,phases      ] GC(45)   Post Evacuate Collection Set: 0.8ms
[191.214s][info][gc,phases      ] GC(45)   Other: 0.2ms
[191.214s][info][gc,heap        ] GC(45) Eden regions: 1228->0(1227)
[191.214s][info][gc,heap        ] GC(45) Survivor regions: 0->1(154)
[191.214s][info][gc,heap        ] GC(45) Old regions: 26->26
[191.214s][info][gc,heap        ] GC(45) Humongous regions: 0->0
[191.214s][info][gc,metaspace   ] GC(45) Metaspace: 94509K(97664K)->94509K(97664K) NonClass: 83350K(85248K)->83350K(85248K) Class: 11158K(12416K)->11158K(12416K)
[191.215s][info][gc             ] GC(45) Pause Young (Normal) (G1 Evacuation Pause) 2499M->44M(4096M) 1.971ms
[191.215s][info][gc,cpu         ] GC(45) User=0.00s Sys=0.00s Real=0.00s
[197.375s][info][gc,start       ] GC(46) Pause Young (Normal) (G1 Evacuation Pause)
[197.375s][info][gc,task        ] GC(46) Using 6 workers of 6 for evacuation
[197.378s][info][gc,phases      ] GC(46)   Pre Evacuate Collection Set: 0.1ms
[197.378s][info][gc,phases      ] GC(46)   Evacuate Collection Set: 0.9ms
[197.378s][info][gc,phases      ] GC(46)   Post Evacuate Collection Set: 0.9ms
[197.378s][info][gc,phases      ] GC(46)   Other: 0.3ms
[197.378s][info][gc,heap        ] GC(46) Eden regions: 1227->0(1227)
[197.378s][info][gc,heap        ] GC(46) Survivor regions: 1->1(154)
[197.378s][info][gc,heap        ] GC(46) Old regions: 26->26
[197.378s][info][gc,heap        ] GC(46) Humongous regions: 0->0
[197.378s][info][gc,metaspace   ] GC(46) Metaspace: 94515K(97664K)->94515K(97664K) NonClass: 83356K(85248K)->83356K(85248K) Class: 11158K(12416K)->11158K(12416K)
[197.378s][info][gc             ] GC(46) Pause Young (Normal) (G1 Evacuation Pause) 2498M->44M(4096M) 2.302ms
[197.378s][info][gc,cpu         ] GC(46) User=0.00s Sys=0.00s Real=0.00s
[203.597s][info][gc,start       ] GC(47) Pause Young (Normal) (GCLocker Initiated GC)
[203.597s][info][gc,task        ] GC(47) Using 6 workers of 6 for evacuation
[203.599s][info][gc,phases      ] GC(47)   Pre Evacuate Collection Set: 0.0ms
[203.599s][info][gc,phases      ] GC(47)   Evacuate Collection Set: 0.9ms
[203.599s][info][gc,phases      ] GC(47)   Post Evacuate Collection Set: 0.8ms
[203.599s][info][gc,phases      ] GC(47)   Other: 0.2ms
[203.599s][info][gc,heap        ] GC(47) Eden regions: 1228->0(1227)
[203.599s][info][gc,heap        ] GC(47) Survivor regions: 1->1(154)
[203.599s][info][gc,heap        ] GC(47) Old regions: 26->26
[203.599s][info][gc,heap        ] GC(47) Humongous regions: 0->0
[203.599s][info][gc,metaspace   ] GC(47) Metaspace: 94515K(97664K)->94515K(97664K) NonClass: 83356K(85248K)->83356K(85248K) Class: 11158K(12416K)->11158K(12416K)
[203.599s][info][gc             ] GC(47) Pause Young (Normal) (GCLocker Initiated GC) 2498M->44M(4096M) 2.057ms
[203.599s][info][gc,cpu         ] GC(47) User=0.05s Sys=0.00s Real=0.00s
[206.507s][info][gc,task        ] GC(48) Using 6 workers of 6 for full compaction
[206.507s][info][gc,start       ] GC(48) Pause Full (System.gc())
[206.507s][info][gc,phases,start] GC(48) Phase 1: Mark live objects
[206.539s][info][gc,stringtable ] GC(48) Cleaned string and symbol table, strings: 46495 processed, 0 removed, symbols: 244430 processed, 6 removed
[206.539s][info][gc,phases      ] GC(48) Phase 1: Mark live objects 31.624ms
[206.539s][info][gc,phases,start] GC(48) Phase 2: Prepare for compaction
[206.545s][info][gc,phases      ] GC(48) Phase 2: Prepare for compaction 6.132ms
[206.545s][info][gc,phases,start] GC(48) Phase 3: Adjust pointers
[206.561s][info][gc,phases      ] GC(48) Phase 3: Adjust pointers 15.239ms
[206.561s][info][gc,phases,start] GC(48) Phase 4: Compact heap
[206.565s][info][gc,phases      ] GC(48) Phase 4: Compact heap 4.458ms
[206.577s][info][gc,heap        ] GC(48) Eden regions: 515->0(1228)
[206.577s][info][gc,heap        ] GC(48) Survivor regions: 1->0(154)
[206.577s][info][gc,heap        ] GC(48) Old regions: 26->25
[206.577s][info][gc,heap        ] GC(48) Humongous regions: 0->0
[206.577s][info][gc,metaspace   ] GC(48) Metaspace: 94526K(97664K)->94526K(97664K) NonClass: 83367K(85248K)->83367K(85248K) Class: 11158K(12416K)->11158K(12416K)
[206.577s][info][gc             ] GC(48) Pause Full (System.gc()) 1073M->43M(4096M) 70.362ms
[206.577s][info][gc,cpu         ] GC(48) User=0.22s Sys=0.03s Real=0.07s
[212.987s][info][gc,start       ] GC(49) Pause Young (Normal) (G1 Evacuation Pause)
[212.987s][info][gc,task        ] GC(49) Using 6 workers of 6 for evacuation
[212.989s][info][gc,phases      ] GC(49)   Pre Evacuate Collection Set: 0.0ms
[212.989s][info][gc,phases      ] GC(49)   Evacuate Collection Set: 0.8ms
[212.989s][info][gc,phases      ] GC(49)   Post Evacuate Collection Set: 0.8ms
[212.989s][info][gc,phases      ] GC(49)   Other: 0.2ms
[212.989s][info][gc,heap        ] GC(49) Eden regions: 1228->0(1227)
[212.989s][info][gc,heap        ] GC(49) Survivor regions: 0->1(154)
[212.989s][info][gc,heap        ] GC(49) Old regions: 25->25
[212.989s][info][gc,heap        ] GC(49) Humongous regions: 0->0
[212.989s][info][gc,metaspace   ] GC(49) Metaspace: 94529K(97664K)->94529K(97664K) NonClass: 83370K(85248K)->83370K(85248K) Class: 11158K(12416K)->11158K(12416K)
[212.989s][info][gc             ] GC(49) Pause Young (Normal) (G1 Evacuation Pause) 2499M->44M(4096M) 1.921ms
[212.989s][info][gc,cpu         ] GC(49) User=0.00s Sys=0.00s Real=0.00s
[219.145s][info][gc,start       ] GC(50) Pause Young (Normal) (G1 Evacuation Pause)
[219.145s][info][gc,task        ] GC(50) Using 6 workers of 6 for evacuation
[219.147s][info][gc,phases      ] GC(50)   Pre Evacuate Collection Set: 0.1ms
[219.147s][info][gc,phases      ] GC(50)   Evacuate Collection Set: 1.0ms
[219.147s][info][gc,phases      ] GC(50)   Post Evacuate Collection Set: 0.8ms
[219.147s][info][gc,phases      ] GC(50)   Other: 0.3ms
[219.147s][info][gc,heap        ] GC(50) Eden regions: 1227->0(1227)
[219.147s][info][gc,heap        ] GC(50) Survivor regions: 1->1(154)
[219.147s][info][gc,heap        ] GC(50) Old regions: 25->25
[219.147s][info][gc,heap        ] GC(50) Humongous regions: 0->0
[219.147s][info][gc,metaspace   ] GC(50) Metaspace: 94530K(97664K)->94530K(97664K) NonClass: 83371K(85248K)->83371K(85248K) Class: 11158K(12416K)->11158K(12416K)
[219.147s][info][gc             ] GC(50) Pause Young (Normal) (G1 Evacuation Pause) 2498M->44M(4096M) 2.259ms
[219.147s][info][gc,cpu         ] GC(50) User=0.09s Sys=0.00s Real=0.00s
[225.374s][info][gc,start       ] GC(51) Pause Young (Normal) (G1 Evacuation Pause)
[225.374s][info][gc,task        ] GC(51) Using 6 workers of 6 for evacuation
[225.376s][info][gc,phases      ] GC(51)   Pre Evacuate Collection Set: 0.0ms
[225.376s][info][gc,phases      ] GC(51)   Evacuate Collection Set: 0.9ms
[225.376s][info][gc,phases      ] GC(51)   Post Evacuate Collection Set: 0.8ms
[225.376s][info][gc,phases      ] GC(51)   Other: 0.2ms
[225.376s][info][gc,heap        ] GC(51) Eden regions: 1227->0(1227)
[225.376s][info][gc,heap        ] GC(51) Survivor regions: 1->1(154)
[225.376s][info][gc,heap        ] GC(51) Old regions: 25->25
[225.376s][info][gc,heap        ] GC(51) Humongous regions: 0->0
[225.376s][info][gc,metaspace   ] GC(51) Metaspace: 94530K(97664K)->94530K(97664K) NonClass: 83371K(85248K)->83371K(85248K) Class: 11158K(12416K)->11158K(12416K)
[225.376s][info][gc             ] GC(51) Pause Young (Normal) (G1 Evacuation Pause) 2498M->44M(4096M) 2.019ms
[225.376s][info][gc,cpu         ] GC(51) User=0.00s Sys=0.00s Real=0.00s
[228.505s][info][gc,heap,exit   ] Heap
[228.505s][info][gc,heap,exit   ]  garbage-first heap   total 4194304K, used 1098217K [0x0000000700000000, 0x0000000800000000)
[228.505s][info][gc,heap,exit   ]   region size 2048K, 517 young (1058816K), 1 survivors (2048K)
[228.505s][info][gc,heap,exit   ]  Metaspace       used 94714K, capacity 97487K, committed 97920K, reserved 1134592K
[228.505s][info][gc,heap,exit   ]   class space    used 11185K, capacity 12287K, committed 12416K, reserved 1048576K
